[2019-12-09T02:31:56.317+0000][1][gc] Using Concurrent Mark Sweep
[2019-12-09T02:31:56.317+0000][1][gc,heap,coops] Heap address: 0x00000000f0000000, size: 256 MB, Compressed Oops mode: 32-bit
[2019-12-09T02:31:56.788+0000][1][safepoint    ] Entering safepoint region: EnableBiasedLocking
[2019-12-09T02:31:56.788+0000][1][safepoint    ] Leaving safepoint region
[2019-12-09T02:31:56.788+0000][1][safepoint    ] Total time for which application threads were stopped: 0.0604318 seconds, Stopping threads took: 0.0603407 seconds
[2019-12-09T02:31:56.796+0000][1][safepoint    ] Application time: 0.0070524 seconds
[2019-12-09T02:31:56.796+0000][1][safepoint    ] Entering safepoint region: RevokeBias
[2019-12-09T02:31:56.796+0000][1][safepoint    ] Leaving safepoint region
[2019-12-09T02:31:56.796+0000][1][safepoint    ] Total time for which application threads were stopped: 0.0000870 seconds, Stopping threads took: 0.0000100 seconds
[2019-12-09T02:31:56.874+0000][1][safepoint    ] Application time: 0.0781350 seconds
[2019-12-09T02:31:56.874+0000][1][safepoint    ] Entering safepoint region: Deoptimize
[2019-12-09T02:31:56.874+0000][1][safepoint    ] Leaving safepoint region
[2019-12-09T02:31:56.874+0000][1][safepoint    ] Total time for which application threads were stopped: 0.0000606 seconds, Stopping threads took: 0.0000115 seconds
[2019-12-09T02:31:57.700+0000][1][safepoint    ] Application time: 0.8257459 seconds
[2019-12-09T02:31:57.700+0000][1][safepoint    ] Entering safepoint region: Deoptimize
[2019-12-09T02:31:57.700+0000][1][safepoint    ] Leaving safepoint region
[2019-12-09T02:31:57.700+0000][1][safepoint    ] Total time for which application threads were stopped: 0.0001000 seconds, Stopping threads took: 0.0000097 seconds
[2019-12-09T02:31:58.712+0000][1][safepoint    ] Application time: 1.0120668 seconds
[2019-12-09T02:31:58.712+0000][1][safepoint    ] Entering safepoint region: Cleanup
[2019-12-09T02:31:58.712+0000][1][safepoint    ] Leaving safepoint region
[2019-12-09T02:31:58.712+0000][1][safepoint    ] Total time for which application threads were stopped: 0.0001112 seconds, Stopping threads took: 0.0000539 seconds
[2019-12-09T02:31:59.715+0000][1][safepoint    ] Application time: 1.0022291 seconds
[2019-12-09T02:31:59.716+0000][1][safepoint    ] Entering safepoint region: Cleanup
[2019-12-09T02:31:59.716+0000][1][safepoint    ] Leaving safepoint region
[2019-12-09T02:31:59.716+0000][1][safepoint    ] Total time for which application threads were stopped: 0.0012559 seconds, Stopping threads took: 0.0011984 seconds
[2019-12-09T02:32:00.562+0000][1][safepoint    ] Application time: 0.8459349 seconds
[2019-12-09T02:32:00.562+0000][1][safepoint    ] Entering safepoint region: Deoptimize
[2019-12-09T02:32:00.562+0000][1][safepoint    ] Leaving safepoint region
[2019-12-09T02:32:00.562+0000][1][safepoint    ] Total time for which application threads were stopped: 0.0001669 seconds, Stopping threads took: 0.0000115 seconds
[2019-12-09T02:32:00.765+0000][1][safepoint    ] Application time: 0.2029600 seconds
[2019-12-09T02:32:00.765+0000][1][safepoint    ] Entering safepoint region: Deoptimize
[2019-12-09T02:32:00.765+0000][1][safepoint    ] Leaving safepoint region
[2019-12-09T02:32:00.765+0000][1][safepoint    ] Total time for which application threads were stopped: 0.0001477 seconds, Stopping threads took: 0.0000115 seconds
[2019-12-09T02:32:01.148+0000][1][safepoint    ] Application time: 0.3827143 seconds
[2019-12-09T02:32:01.148+0000][1][safepoint    ] Entering safepoint region: Deoptimize
[2019-12-09T02:32:01.148+0000][1][safepoint    ] Leaving safepoint region
[2019-12-09T02:32:01.148+0000][1][safepoint    ] Total time for which application threads were stopped: 0.0001723 seconds, Stopping threads took: 0.0000115 seconds
[2019-12-09T02:32:01.365+0000][1][safepoint    ] Application time: 0.2170040 seconds
[2019-12-09T02:32:01.365+0000][1][safepoint    ] Entering safepoint region: Deoptimize
[2019-12-09T02:32:01.365+0000][1][safepoint    ] Leaving safepoint region
[2019-12-09T02:32:01.365+0000][1][safepoint    ] Total time for which application threads were stopped: 0.0001618 seconds, Stopping threads took: 0.0000116 seconds
[2019-12-09T02:32:02.367+0000][1][safepoint    ] Application time: 1.0014320 seconds
[2019-12-09T02:32:02.374+0000][1][safepoint    ] Entering safepoint region: Cleanup
[2019-12-09T02:32:02.374+0000][1][safepoint    ] Leaving safepoint region
[2019-12-09T02:32:02.374+0000][1][safepoint    ] Total time for which application threads were stopped: 0.0070561 seconds, Stopping threads took: 0.0070092 seconds
[2019-12-09T02:32:03.379+0000][1][safepoint    ] Application time: 1.0048958 seconds
[2019-12-09T02:32:03.495+0000][1][safepoint    ] Entering safepoint region: Cleanup
[2019-12-09T02:32:03.495+0000][1][safepoint    ] Leaving safepoint region
[2019-12-09T02:32:03.495+0000][1][safepoint    ] Total time for which application threads were stopped: 0.1161795 seconds, Stopping threads took: 0.1160976 seconds
[2019-12-09T02:32:04.440+0000][1][safepoint    ] Application time: 0.9448466 seconds
[2019-12-09T02:32:04.440+0000][1][safepoint    ] Entering safepoint region: Deoptimize
[2019-12-09T02:32:04.440+0000][1][safepoint    ] Leaving safepoint region
[2019-12-09T02:32:04.440+0000][1][safepoint    ] Total time for which application threads were stopped: 0.0002112 seconds, Stopping threads took: 0.0000109 seconds
[2019-12-09T02:32:05.449+0000][1][safepoint    ] Application time: 1.0087208 seconds
[2019-12-09T02:32:05.449+0000][1][safepoint    ] Entering safepoint region: Cleanup
[2019-12-09T02:32:05.449+0000][1][safepoint    ] Leaving safepoint region
[2019-12-09T02:32:05.449+0000][1][safepoint    ] Total time for which application threads were stopped: 0.0000605 seconds, Stopping threads took: 0.0000135 seconds
[2019-12-09T02:32:06.004+0000][1][safepoint    ] Application time: 0.5554107 seconds
[2019-12-09T02:32:06.011+0000][1][safepoint    ] Entering safepoint region: RevokeBias
[2019-12-09T02:32:06.011+0000][1][safepoint    ] Leaving safepoint region
[2019-12-09T02:32:06.011+0000][1][safepoint    ] Total time for which application threads were stopped: 0.0065514 seconds, Stopping threads took: 0.0064186 seconds
[2019-12-09T02:32:06.586+0000][1][safepoint    ] Application time: 0.5748374 seconds
[2019-12-09T02:32:06.586+0000][1][safepoint    ] Entering safepoint region: Deoptimize
[2019-12-09T02:32:06.586+0000][1][safepoint    ] Leaving safepoint region
[2019-12-09T02:32:06.586+0000][1][safepoint    ] Total time for which application threads were stopped: 0.0002443 seconds, Stopping threads took: 0.0000119 seconds
[2019-12-09T02:32:07.588+0000][1][safepoint    ] Application time: 1.0017211 seconds
[2019-12-09T02:32:07.588+0000][1][safepoint    ] Entering safepoint region: Cleanup
[2019-12-09T02:32:07.588+0000][1][safepoint    ] Leaving safepoint region
[2019-12-09T02:32:07.588+0000][1][safepoint    ] Total time for which application threads were stopped: 0.0000653 seconds, Stopping threads took: 0.0000127 seconds
[2019-12-09T02:32:07.638+0000][1][safepoint    ] Application time: 0.0500261 seconds
[2019-12-09T02:32:07.638+0000][1][safepoint    ] Entering safepoint region: Deoptimize
[2019-12-09T02:32:07.638+0000][1][safepoint    ] Leaving safepoint region
[2019-12-09T02:32:07.638+0000][1][safepoint    ] Total time for which application threads were stopped: 0.0002563 seconds, Stopping threads took: 0.0000109 seconds
[2019-12-09T02:32:07.638+0000][1][safepoint    ] Application time: 0.0001434 seconds
[2019-12-09T02:32:07.638+0000][1][safepoint    ] Entering safepoint region: Deoptimize
[2019-12-09T02:32:07.638+0000][1][safepoint    ] Leaving safepoint region
[2019-12-09T02:32:07.638+0000][1][safepoint    ] Total time for which application threads were stopped: 0.0001814 seconds, Stopping threads took: 0.0000092 seconds
[2019-12-09T02:32:07.824+0000][1][safepoint    ] Application time: 0.1852414 seconds
[2019-12-09T02:32:07.824+0000][1][safepoint    ] Entering safepoint region: Deoptimize
[2019-12-09T02:32:07.824+0000][1][safepoint    ] Leaving safepoint region
[2019-12-09T02:32:07.824+0000][1][safepoint    ] Total time for which application threads were stopped: 0.0002852 seconds, Stopping threads took: 0.0000146 seconds
[2019-12-09T02:32:07.861+0000][1][safepoint    ] Application time: 0.0372881 seconds
[2019-12-09T02:32:07.861+0000][1][safepoint    ] Entering safepoint region: RevokeBias
[2019-12-09T02:32:07.861+0000][1][safepoint    ] Leaving safepoint region
[2019-12-09T02:32:07.861+0000][1][safepoint    ] Total time for which application threads were stopped: 0.0000928 seconds, Stopping threads took: 0.0000116 seconds
[2019-12-09T02:32:07.862+0000][1][safepoint    ] Application time: 0.0001076 seconds
[2019-12-09T02:32:07.862+0000][1][safepoint    ] Entering safepoint region: RevokeBias
[2019-12-09T02:32:07.862+0000][1][safepoint    ] Leaving safepoint region
[2019-12-09T02:32:07.862+0000][1][safepoint    ] Total time for which application threads were stopped: 0.0000511 seconds, Stopping threads took: 0.0000078 seconds
[2019-12-09T02:32:07.862+0000][1][safepoint    ] Application time: 0.0000569 seconds
[2019-12-09T02:32:07.862+0000][1][safepoint    ] Entering safepoint region: RevokeBias
[2019-12-09T02:32:07.862+0000][1][safepoint    ] Leaving safepoint region
[2019-12-09T02:32:07.862+0000][1][safepoint    ] Total time for which application threads were stopped: 0.0000459 seconds, Stopping threads took: 0.0000073 seconds
[2019-12-09T02:32:07.862+0000][1][safepoint    ] Application time: 0.0000606 seconds
[2019-12-09T02:32:07.862+0000][1][safepoint    ] Entering safepoint region: RevokeBias
[2019-12-09T02:32:07.862+0000][1][safepoint    ] Leaving safepoint region
[2019-12-09T02:32:07.862+0000][1][safepoint    ] Total time for which application threads were stopped: 0.0000441 seconds, Stopping threads took: 0.0000069 seconds
[2019-12-09T02:32:07.862+0000][1][safepoint    ] Application time: 0.0001297 seconds
[2019-12-09T02:32:07.862+0000][1][safepoint    ] Entering safepoint region: RevokeBias
[2019-12-09T02:32:07.862+0000][1][safepoint    ] Leaving safepoint region
[2019-12-09T02:32:07.862+0000][1][safepoint    ] Total time for which application threads were stopped: 0.0000496 seconds, Stopping threads took: 0.0000079 seconds
[2019-12-09T02:32:08.498+0000][1][safepoint    ] Application time: 0.6356476 seconds
[2019-12-09T02:32:08.498+0000][1][safepoint    ] Entering safepoint region: RevokeBias
[2019-12-09T02:32:08.498+0000][1][safepoint    ] Leaving safepoint region
[2019-12-09T02:32:08.498+0000][1][safepoint    ] Total time for which application threads were stopped: 0.0000823 seconds, Stopping threads took: 0.0000144 seconds
[2019-12-09T02:32:09.207+0000][1][safepoint    ] Application time: 0.7091580 seconds
[2019-12-09T02:32:09.221+0000][1][safepoint    ] Entering safepoint region: GenCollectForAllocation
[2019-12-09T02:32:09.221+0000][1][gc,start     ] GC(0) Pause Young (Allocation Failure)
[2019-12-09T02:32:09.229+0000][1][gc,task      ] GC(0) Using 2 workers of 2 for evacuation
[2019-12-09T02:32:09.391+0000][1][gc,age       ] GC(0) Desired survivor size 4456448 bytes, new threshold 1 (max threshold 6)
[2019-12-09T02:32:09.391+0000][1][gc,age       ] GC(0) Age table with threshold 1 (max threshold 6)
[2019-12-09T02:32:09.391+0000][1][gc,age       ] GC(0) - age   1:    6705048 bytes,    6705048 total
[2019-12-09T02:32:09.391+0000][1][gc,heap      ] GC(0) ParNew: 69952K->6595K(78656K)
[2019-12-09T02:32:09.391+0000][1][gc,heap      ] GC(0) CMS: 0K->0K(174784K)
[2019-12-09T02:32:09.391+0000][1][gc,metaspace ] GC(0) Metaspace: 12885K->12885K(1060864K)
[2019-12-09T02:32:09.391+0000][1][gc           ] GC(0) Pause Young (Allocation Failure) 68M->6M(247M) 170.296ms
[2019-12-09T02:32:09.391+0000][1][gc,cpu       ] GC(0) User=0.05s Sys=0.00s Real=0.17s
[2019-12-09T02:32:09.391+0000][1][safepoint    ] Leaving safepoint region
[2019-12-09T02:32:09.391+0000][1][safepoint    ] Total time for which application threads were stopped: 0.1841205 seconds, Stopping threads took: 0.0137024 seconds
[2019-12-09T02:32:09.413+0000][1][safepoint    ] Application time: 0.0220069 seconds
[2019-12-09T02:32:09.442+0000][1][safepoint    ] Entering safepoint region: RevokeBias
[2019-12-09T02:32:09.442+0000][1][safepoint    ] Leaving safepoint region
[2019-12-09T02:32:09.442+0000][1][safepoint    ] Total time for which application threads were stopped: 0.0290691 seconds, Stopping threads took: 0.0289655 seconds
[2019-12-09T02:32:09.442+0000][1][safepoint    ] Application time: 0.0001323 seconds
[2019-12-09T02:32:09.442+0000][1][safepoint    ] Entering safepoint region: RevokeBias
[2019-12-09T02:32:09.443+0000][1][safepoint    ] Leaving safepoint region
[2019-12-09T02:32:09.443+0000][1][safepoint    ] Total time for which application threads were stopped: 0.0000586 seconds, Stopping threads took: 0.0000082 seconds
[2019-12-09T02:32:09.443+0000][1][safepoint    ] Application time: 0.0000576 seconds
[2019-12-09T02:32:09.443+0000][1][safepoint    ] Entering safepoint region: RevokeBias
[2019-12-09T02:32:09.443+0000][1][safepoint    ] Leaving safepoint region
[2019-12-09T02:32:09.443+0000][1][safepoint    ] Total time for which application threads were stopped: 0.0000480 seconds, Stopping threads took: 0.0000071 seconds
[2019-12-09T02:32:09.443+0000][1][safepoint    ] Application time: 0.0000572 seconds
[2019-12-09T02:32:09.443+0000][1][safepoint    ] Entering safepoint region: RevokeBias
[2019-12-09T02:32:09.443+0000][1][safepoint    ] Leaving safepoint region
[2019-12-09T02:32:09.443+0000][1][safepoint    ] Total time for which application threads were stopped: 0.0000502 seconds, Stopping threads took: 0.0000074 seconds
[2019-12-09T02:32:09.443+0000][1][safepoint    ] Application time: 0.0000724 seconds
[2019-12-09T02:32:09.443+0000][1][safepoint    ] Entering safepoint region: RevokeBias
[2019-12-09T02:32:09.443+0000][1][safepoint    ] Leaving safepoint region
[2019-12-09T02:32:09.443+0000][1][safepoint    ] Total time for which application threads were stopped: 0.0000601 seconds, Stopping threads took: 0.0000083 seconds
[2019-12-09T02:32:09.443+0000][1][safepoint    ] Application time: 0.0000540 seconds
[2019-12-09T02:32:09.443+0000][1][safepoint    ] Entering safepoint region: RevokeBias
[2019-12-09T02:32:09.443+0000][1][safepoint    ] Leaving safepoint region
[2019-12-09T02:32:09.443+0000][1][safepoint    ] Total time for which application threads were stopped: 0.0000551 seconds, Stopping threads took: 0.0000080 seconds
[2019-12-09T02:32:09.443+0000][1][safepoint    ] Application time: 0.0000642 seconds
[2019-12-09T02:32:09.443+0000][1][safepoint    ] Entering safepoint region: RevokeBias
[2019-12-09T02:32:09.443+0000][1][safepoint    ] Leaving safepoint region
[2019-12-09T02:32:09.443+0000][1][safepoint    ] Total time for which application threads were stopped: 0.0000586 seconds, Stopping threads took: 0.0000085 seconds
[2019-12-09T02:32:09.443+0000][1][safepoint    ] Application time: 0.0000512 seconds
[2019-12-09T02:32:09.443+0000][1][safepoint    ] Entering safepoint region: RevokeBias
[2019-12-09T02:32:09.443+0000][1][safepoint    ] Leaving safepoint region
[2019-12-09T02:32:09.443+0000][1][safepoint    ] Total time for which application threads were stopped: 0.0000509 seconds, Stopping threads took: 0.0000079 seconds
[2019-12-09T02:32:09.443+0000][1][safepoint    ] Application time: 0.0000574 seconds
[2019-12-09T02:32:09.443+0000][1][safepoint    ] Entering safepoint region: RevokeBias
[2019-12-09T02:32:09.443+0000][1][safepoint    ] Leaving safepoint region
[2019-12-09T02:32:09.443+0000][1][safepoint    ] Total time for which application threads were stopped: 0.0000493 seconds, Stopping threads took: 0.0000075 seconds
[2019-12-09T02:32:09.443+0000][1][safepoint    ] Application time: 0.0000493 seconds
[2019-12-09T02:32:09.443+0000][1][safepoint    ] Entering safepoint region: RevokeBias
[2019-12-09T02:32:09.444+0000][1][safepoint    ] Leaving safepoint region
[2019-12-09T02:32:09.444+0000][1][safepoint    ] Total time for which application threads were stopped: 0.0000468 seconds, Stopping threads took: 0.0000076 seconds
[2019-12-09T02:32:09.444+0000][1][safepoint    ] Application time: 0.0000529 seconds
[2019-12-09T02:32:09.444+0000][1][safepoint    ] Entering safepoint region: RevokeBias
[2019-12-09T02:32:09.444+0000][1][safepoint    ] Leaving safepoint region
[2019-12-09T02:32:09.444+0000][1][safepoint    ] Total time for which application threads were stopped: 0.0000595 seconds, Stopping threads took: 0.0000146 seconds
[2019-12-09T02:32:09.444+0000][1][safepoint    ] Application time: 0.0000671 seconds
[2019-12-09T02:32:09.444+0000][1][safepoint    ] Entering safepoint region: RevokeBias
[2019-12-09T02:32:09.444+0000][1][safepoint    ] Leaving safepoint region
[2019-12-09T02:32:09.444+0000][1][safepoint    ] Total time for which application threads were stopped: 0.0000539 seconds, Stopping threads took: 0.0000084 seconds
[2019-12-09T02:32:09.444+0000][1][safepoint    ] Application time: 0.0000571 seconds
[2019-12-09T02:32:09.444+0000][1][safepoint    ] Entering safepoint region: RevokeBias
[2019-12-09T02:32:09.444+0000][1][safepoint    ] Leaving safepoint region
[2019-12-09T02:32:09.444+0000][1][safepoint    ] Total time for which application threads were stopped: 0.0000548 seconds, Stopping threads took: 0.0000086 seconds
[2019-12-09T02:32:09.444+0000][1][safepoint    ] Application time: 0.0000506 seconds
[2019-12-09T02:32:09.444+0000][1][safepoint    ] Entering safepoint region: RevokeBias
[2019-12-09T02:32:09.444+0000][1][safepoint    ] Leaving safepoint region
[2019-12-09T02:32:09.444+0000][1][safepoint    ] Total time for which application threads were stopped: 0.0000593 seconds, Stopping threads took: 0.0000083 seconds
[2019-12-09T02:32:09.444+0000][1][safepoint    ] Application time: 0.0000492 seconds
[2019-12-09T02:32:09.444+0000][1][safepoint    ] Entering safepoint region: RevokeBias
[2019-12-09T02:32:09.444+0000][1][safepoint    ] Leaving safepoint region
[2019-12-09T02:32:09.444+0000][1][safepoint    ] Total time for which application threads were stopped: 0.0000471 seconds, Stopping threads took: 0.0000074 seconds
[2019-12-09T02:32:09.444+0000][1][safepoint    ] Application time: 0.0000599 seconds
[2019-12-09T02:32:09.444+0000][1][safepoint    ] Entering safepoint region: RevokeBias
[2019-12-09T02:32:09.444+0000][1][safepoint    ] Leaving safepoint region
[2019-12-09T02:32:09.444+0000][1][safepoint    ] Total time for which application threads were stopped: 0.0000558 seconds, Stopping threads took: 0.0000080 seconds
[2019-12-09T02:32:09.444+0000][1][safepoint    ] Application time: 0.0000654 seconds
[2019-12-09T02:32:09.444+0000][1][safepoint    ] Entering safepoint region: RevokeBias
[2019-12-09T02:32:09.444+0000][1][safepoint    ] Leaving safepoint region
[2019-12-09T02:32:09.444+0000][1][safepoint    ] Total time for which application threads were stopped: 0.0000565 seconds, Stopping threads took: 0.0000085 seconds
[2019-12-09T02:32:09.444+0000][1][safepoint    ] Application time: 0.0000528 seconds
[2019-12-09T02:32:09.444+0000][1][safepoint    ] Entering safepoint region: RevokeBias
[2019-12-09T02:32:09.445+0000][1][safepoint    ] Leaving safepoint region
[2019-12-09T02:32:09.445+0000][1][safepoint    ] Total time for which application threads were stopped: 0.0000541 seconds, Stopping threads took: 0.0000084 seconds
[2019-12-09T02:32:09.445+0000][1][safepoint    ] Application time: 0.0000815 seconds
[2019-12-09T02:32:09.445+0000][1][safepoint    ] Entering safepoint region: RevokeBias
[2019-12-09T02:32:09.445+0000][1][safepoint    ] Leaving safepoint region
[2019-12-09T02:32:09.445+0000][1][safepoint    ] Total time for which application threads were stopped: 0.0000713 seconds, Stopping threads took: 0.0000076 seconds
[2019-12-09T02:32:09.445+0000][1][safepoint    ] Application time: 0.0000514 seconds
[2019-12-09T02:32:09.445+0000][1][safepoint    ] Entering safepoint region: RevokeBias
[2019-12-09T02:32:09.445+0000][1][safepoint    ] Leaving safepoint region
[2019-12-09T02:32:09.445+0000][1][safepoint    ] Total time for which application threads were stopped: 0.0000535 seconds, Stopping threads took: 0.0000076 seconds
[2019-12-09T02:32:09.445+0000][1][safepoint    ] Application time: 0.0000611 seconds
[2019-12-09T02:32:09.445+0000][1][safepoint    ] Entering safepoint region: RevokeBias
[2019-12-09T02:32:09.445+0000][1][safepoint    ] Leaving safepoint region
[2019-12-09T02:32:09.445+0000][1][safepoint    ] Total time for which application threads were stopped: 0.0000557 seconds, Stopping threads took: 0.0000143 seconds
[2019-12-09T02:32:09.445+0000][1][safepoint    ] Application time: 0.0000497 seconds
[2019-12-09T02:32:09.445+0000][1][safepoint    ] Entering safepoint region: RevokeBias
[2019-12-09T02:32:09.445+0000][1][safepoint    ] Leaving safepoint region
[2019-12-09T02:32:09.445+0000][1][safepoint    ] Total time for which application threads were stopped: 0.0000499 seconds, Stopping threads took: 0.0000071 seconds
[2019-12-09T02:32:09.445+0000][1][safepoint    ] Application time: 0.0000558 seconds
[2019-12-09T02:32:09.445+0000][1][safepoint    ] Entering safepoint region: RevokeBias
[2019-12-09T02:32:09.445+0000][1][safepoint    ] Leaving safepoint region
[2019-12-09T02:32:09.445+0000][1][safepoint    ] Total time for which application threads were stopped: 0.0000513 seconds, Stopping threads took: 0.0000073 seconds
[2019-12-09T02:32:09.445+0000][1][safepoint    ] Application time: 0.0000523 seconds
[2019-12-09T02:32:09.445+0000][1][safepoint    ] Entering safepoint region: RevokeBias
[2019-12-09T02:32:09.445+0000][1][safepoint    ] Leaving safepoint region
[2019-12-09T02:32:09.445+0000][1][safepoint    ] Total time for which application threads were stopped: 0.0000542 seconds, Stopping threads took: 0.0000085 seconds
[2019-12-09T02:32:09.448+0000][1][safepoint    ] Application time: 0.0024088 seconds
[2019-12-09T02:32:09.448+0000][1][safepoint    ] Entering safepoint region: RevokeBias
[2019-12-09T02:32:09.448+0000][1][safepoint    ] Leaving safepoint region
[2019-12-09T02:32:09.448+0000][1][safepoint    ] Total time for which application threads were stopped: 0.0001515 seconds, Stopping threads took: 0.0000765 seconds
[2019-12-09T02:32:09.448+0000][1][safepoint    ] Application time: 0.0000662 seconds
[2019-12-09T02:32:09.448+0000][1][safepoint    ] Entering safepoint region: RevokeBias
[2019-12-09T02:32:09.448+0000][1][safepoint    ] Leaving safepoint region
[2019-12-09T02:32:09.448+0000][1][safepoint    ] Total time for which application threads were stopped: 0.0000564 seconds, Stopping threads took: 0.0000083 seconds
[2019-12-09T02:32:09.448+0000][1][safepoint    ] Application time: 0.0003714 seconds
[2019-12-09T02:32:09.448+0000][1][safepoint    ] Entering safepoint region: RevokeBias
[2019-12-09T02:32:09.449+0000][1][safepoint    ] Leaving safepoint region
[2019-12-09T02:32:09.449+0000][1][safepoint    ] Total time for which application threads were stopped: 0.0000700 seconds, Stopping threads took: 0.0000100 seconds
[2019-12-09T02:32:09.455+0000][1][safepoint    ] Application time: 0.0067551 seconds
[2019-12-09T02:32:09.472+0000][1][safepoint    ] Entering safepoint region: RevokeBias
[2019-12-09T02:32:09.472+0000][1][safepoint    ] Leaving safepoint region
[2019-12-09T02:32:09.472+0000][1][safepoint    ] Total time for which application threads were stopped: 0.0164151 seconds, Stopping threads took: 0.0163392 seconds
[2019-12-09T02:32:09.472+0000][1][safepoint    ] Application time: 0.0000765 seconds
[2019-12-09T02:32:09.472+0000][1][safepoint    ] Entering safepoint region: RevokeBias
[2019-12-09T02:32:09.472+0000][1][safepoint    ] Leaving safepoint region
[2019-12-09T02:32:09.472+0000][1][safepoint    ] Total time for which application threads were stopped: 0.0000538 seconds, Stopping threads took: 0.0000085 seconds
[2019-12-09T02:32:09.472+0000][1][safepoint    ] Application time: 0.0000472 seconds
[2019-12-09T02:32:09.472+0000][1][safepoint    ] Entering safepoint region: RevokeBias
[2019-12-09T02:32:09.472+0000][1][safepoint    ] Leaving safepoint region
[2019-12-09T02:32:09.472+0000][1][safepoint    ] Total time for which application threads were stopped: 0.0000473 seconds, Stopping threads took: 0.0000066 seconds
[2019-12-09T02:32:10.597+0000][1][safepoint    ] Application time: 1.1250874 seconds
[2019-12-09T02:32:10.597+0000][1][safepoint    ] Entering safepoint region: Deoptimize
[2019-12-09T02:32:10.598+0000][1][safepoint    ] Leaving safepoint region
[2019-12-09T02:32:10.598+0000][1][safepoint    ] Total time for which application threads were stopped: 0.0004400 seconds, Stopping threads took: 0.0000240 seconds
[2019-12-09T02:32:11.603+0000][1][safepoint    ] Application time: 1.0051723 seconds
[2019-12-09T02:32:11.652+0000][1][safepoint    ] Entering safepoint region: Cleanup
[2019-12-09T02:32:11.652+0000][1][safepoint    ] Leaving safepoint region
[2019-12-09T02:32:11.652+0000][1][safepoint    ] Total time for which application threads were stopped: 0.0494475 seconds, Stopping threads took: 0.0493644 seconds
[2019-12-09T02:32:11.676+0000][1][safepoint    ] Application time: 0.0242360 seconds
[2019-12-09T02:32:11.677+0000][1][safepoint    ] Entering safepoint region: RevokeBias
[2019-12-09T02:32:11.677+0000][1][safepoint    ] Leaving safepoint region
[2019-12-09T02:32:11.677+0000][1][safepoint    ] Total time for which application threads were stopped: 0.0000778 seconds, Stopping threads took: 0.0000127 seconds
[2019-12-09T02:32:12.692+0000][1][safepoint    ] Application time: 1.0158700 seconds
[2019-12-09T02:32:12.693+0000][1][safepoint    ] Entering safepoint region: Cleanup
[2019-12-09T02:32:12.693+0000][1][safepoint    ] Leaving safepoint region
[2019-12-09T02:32:12.693+0000][1][safepoint    ] Total time for which application threads were stopped: 0.0001656 seconds, Stopping threads took: 0.0001008 seconds
[2019-12-09T02:32:13.109+0000][1][safepoint    ] Application time: 0.4159965 seconds
[2019-12-09T02:32:13.109+0000][1][safepoint    ] Entering safepoint region: GenCollectForAllocation
[2019-12-09T02:32:13.109+0000][1][gc,start     ] GC(1) Pause Young (Allocation Failure)
[2019-12-09T02:32:13.109+0000][1][gc,task      ] GC(1) Using 2 workers of 2 for evacuation
[2019-12-09T02:32:13.376+0000][1][gc,age       ] GC(1) Desired survivor size 4456448 bytes, new threshold 6 (max threshold 6)
[2019-12-09T02:32:13.376+0000][1][gc,age       ] GC(1) Age table with threshold 6 (max threshold 6)
[2019-12-09T02:32:13.376+0000][1][gc,age       ] GC(1) - age   1:    1174840 bytes,    1174840 total
[2019-12-09T02:32:13.376+0000][1][gc,heap      ] GC(1) ParNew: 76547K->4280K(78656K)
[2019-12-09T02:32:13.376+0000][1][gc,heap      ] GC(1) CMS: 0K->7052K(174784K)
[2019-12-09T02:32:13.376+0000][1][gc,metaspace ] GC(1) Metaspace: 14811K->14811K(1062912K)
[2019-12-09T02:32:13.376+0000][1][gc           ] GC(1) Pause Young (Allocation Failure) 74M->11M(247M) 267.449ms
[2019-12-09T02:32:13.376+0000][1][gc,cpu       ] GC(1) User=0.06s Sys=0.00s Real=0.27s
[2019-12-09T02:32:13.376+0000][1][safepoint    ] Leaving safepoint region
[2019-12-09T02:32:13.376+0000][1][safepoint    ] Total time for which application threads were stopped: 0.2675886 seconds, Stopping threads took: 0.0000150 seconds
[2019-12-09T02:32:13.383+0000][1][safepoint    ] Application time: 0.0064017 seconds
[2019-12-09T02:32:13.404+0000][1][safepoint    ] Entering safepoint region: BulkRevokeBias
[2019-12-09T02:32:13.404+0000][1][safepoint    ] Leaving safepoint region
[2019-12-09T02:32:13.404+0000][1][safepoint    ] Total time for which application threads were stopped: 0.0213710 seconds, Stopping threads took: 0.0212447 seconds
[2019-12-09T02:32:13.404+0000][1][safepoint    ] Application time: 0.0001471 seconds
[2019-12-09T02:32:13.404+0000][1][safepoint    ] Entering safepoint region: RevokeBias
[2019-12-09T02:32:13.404+0000][1][safepoint    ] Leaving safepoint region
[2019-12-09T02:32:13.404+0000][1][safepoint    ] Total time for which application threads were stopped: 0.0000656 seconds, Stopping threads took: 0.0000100 seconds
[2019-12-09T02:32:13.404+0000][1][safepoint    ] Application time: 0.0000673 seconds
[2019-12-09T02:32:13.404+0000][1][safepoint    ] Entering safepoint region: RevokeBias
[2019-12-09T02:32:13.404+0000][1][safepoint    ] Leaving safepoint region
[2019-12-09T02:32:13.404+0000][1][safepoint    ] Total time for which application threads were stopped: 0.0000437 seconds, Stopping threads took: 0.0000077 seconds
[2019-12-09T02:32:13.405+0000][1][safepoint    ] Application time: 0.0000470 seconds
[2019-12-09T02:32:13.405+0000][1][safepoint    ] Entering safepoint region: RevokeBias
[2019-12-09T02:32:13.405+0000][1][safepoint    ] Leaving safepoint region
[2019-12-09T02:32:13.405+0000][1][safepoint    ] Total time for which application threads were stopped: 0.0000426 seconds, Stopping threads took: 0.0000069 seconds
[2019-12-09T02:32:13.406+0000][1][safepoint    ] Application time: 0.0012463 seconds
[2019-12-09T02:32:13.406+0000][1][safepoint    ] Entering safepoint region: RevokeBias
[2019-12-09T02:32:13.406+0000][1][safepoint    ] Leaving safepoint region
[2019-12-09T02:32:13.406+0000][1][safepoint    ] Total time for which application threads were stopped: 0.0000715 seconds, Stopping threads took: 0.0000111 seconds
[2019-12-09T02:32:13.406+0000][1][safepoint    ] Application time: 0.0000600 seconds
[2019-12-09T02:32:13.406+0000][1][safepoint    ] Entering safepoint region: RevokeBias
[2019-12-09T02:32:13.406+0000][1][safepoint    ] Leaving safepoint region
[2019-12-09T02:32:13.406+0000][1][safepoint    ] Total time for which application threads were stopped: 0.0000536 seconds, Stopping threads took: 0.0000084 seconds
[2019-12-09T02:32:13.406+0000][1][safepoint    ] Application time: 0.0000637 seconds
[2019-12-09T02:32:13.406+0000][1][safepoint    ] Entering safepoint region: BulkRevokeBias
[2019-12-09T02:32:13.406+0000][1][safepoint    ] Leaving safepoint region
[2019-12-09T02:32:13.406+0000][1][safepoint    ] Total time for which application threads were stopped: 0.0000820 seconds, Stopping threads took: 0.0000084 seconds
[2019-12-09T02:32:13.406+0000][1][safepoint    ] Application time: 0.0000535 seconds
[2019-12-09T02:32:13.406+0000][1][safepoint    ] Entering safepoint region: RevokeBias
[2019-12-09T02:32:13.406+0000][1][safepoint    ] Leaving safepoint region
[2019-12-09T02:32:13.406+0000][1][safepoint    ] Total time for which application threads were stopped: 0.0000536 seconds, Stopping threads took: 0.0000082 seconds
[2019-12-09T02:32:13.406+0000][1][safepoint    ] Application time: 0.0000563 seconds
[2019-12-09T02:32:13.406+0000][1][safepoint    ] Entering safepoint region: BulkRevokeBias
[2019-12-09T02:32:13.406+0000][1][safepoint    ] Leaving safepoint region
[2019-12-09T02:32:13.407+0000][1][safepoint    ] Total time for which application threads were stopped: 0.0000753 seconds, Stopping threads took: 0.0000079 seconds
[2019-12-09T02:32:14.168+0000][1][safepoint    ] Application time: 0.7618508 seconds
[2019-12-09T02:32:14.168+0000][1][safepoint    ] Entering safepoint region: GenCollectForAllocation
[2019-12-09T02:32:14.169+0000][1][gc,start     ] GC(2) Pause Young (Allocation Failure)
[2019-12-09T02:32:14.169+0000][1][gc,task      ] GC(2) Using 2 workers of 2 for evacuation
[2019-12-09T02:32:14.217+0000][1][gc,age       ] GC(2) Desired survivor size 4456448 bytes, new threshold 6 (max threshold 6)
[2019-12-09T02:32:14.217+0000][1][gc,age       ] GC(2) Age table with threshold 6 (max threshold 6)
[2019-12-09T02:32:14.217+0000][1][gc,age       ] GC(2) - age   1:    1082408 bytes,    1082408 total
[2019-12-09T02:32:14.217+0000][1][gc,age       ] GC(2) - age   2:     904392 bytes,    1986800 total
[2019-12-09T02:32:14.217+0000][1][gc,heap      ] GC(2) ParNew: 74232K->2335K(78656K)
[2019-12-09T02:32:14.217+0000][1][gc,heap      ] GC(2) CMS: 7052K->7052K(174784K)
[2019-12-09T02:32:14.217+0000][1][gc,metaspace ] GC(2) Metaspace: 14912K->14912K(1062912K)
[2019-12-09T02:32:14.217+0000][1][gc           ] GC(2) Pause Young (Allocation Failure) 79M->9M(247M) 48.408ms
[2019-12-09T02:32:14.217+0000][1][gc,cpu       ] GC(2) User=0.02s Sys=0.00s Real=0.05s
[2019-12-09T02:32:14.217+0000][1][safepoint    ] Leaving safepoint region
[2019-12-09T02:32:14.217+0000][1][safepoint    ] Total time for which application threads were stopped: 0.0485613 seconds, Stopping threads took: 0.0000140 seconds
[2019-12-09T02:32:14.221+0000][1][safepoint    ] Application time: 0.0041400 seconds
[2019-12-09T02:32:14.250+0000][1][safepoint    ] Entering safepoint region: RevokeBias
[2019-12-09T02:32:14.250+0000][1][safepoint    ] Leaving safepoint region
[2019-12-09T02:32:14.250+0000][1][safepoint    ] Total time for which application threads were stopped: 0.0291562 seconds, Stopping threads took: 0.0290898 seconds
[2019-12-09T02:32:14.250+0000][1][safepoint    ] Application time: 0.0000646 seconds
[2019-12-09T02:32:14.250+0000][1][safepoint    ] Entering safepoint region: RevokeBias
[2019-12-09T02:32:14.250+0000][1][safepoint    ] Leaving safepoint region
[2019-12-09T02:32:14.250+0000][1][safepoint    ] Total time for which application threads were stopped: 0.0000509 seconds, Stopping threads took: 0.0000087 seconds
[2019-12-09T02:32:14.251+0000][1][safepoint    ] Application time: 0.0000653 seconds
[2019-12-09T02:32:14.251+0000][1][safepoint    ] Entering safepoint region: RevokeBias
[2019-12-09T02:32:14.251+0000][1][safepoint    ] Leaving safepoint region
[2019-12-09T02:32:14.251+0000][1][safepoint    ] Total time for which application threads were stopped: 0.0000481 seconds, Stopping threads took: 0.0000080 seconds
[2019-12-09T02:32:14.251+0000][1][safepoint    ] Application time: 0.0000454 seconds
[2019-12-09T02:32:14.251+0000][1][safepoint    ] Entering safepoint region: RevokeBias
[2019-12-09T02:32:14.251+0000][1][safepoint    ] Leaving safepoint region
[2019-12-09T02:32:14.251+0000][1][safepoint    ] Total time for which application threads were stopped: 0.0000425 seconds, Stopping threads took: 0.0000073 seconds
[2019-12-09T02:32:14.251+0000][1][safepoint    ] Application time: 0.0000664 seconds
[2019-12-09T02:32:14.251+0000][1][safepoint    ] Entering safepoint region: RevokeBias
[2019-12-09T02:32:14.251+0000][1][safepoint    ] Leaving safepoint region
[2019-12-09T02:32:14.251+0000][1][safepoint    ] Total time for which application threads were stopped: 0.0000470 seconds, Stopping threads took: 0.0000075 seconds
[2019-12-09T02:32:14.251+0000][1][safepoint    ] Application time: 0.0000457 seconds
[2019-12-09T02:32:14.251+0000][1][safepoint    ] Entering safepoint region: RevokeBias
[2019-12-09T02:32:14.251+0000][1][safepoint    ] Leaving safepoint region
[2019-12-09T02:32:14.251+0000][1][safepoint    ] Total time for which application threads were stopped: 0.0000437 seconds, Stopping threads took: 0.0000075 seconds
[2019-12-09T02:32:14.251+0000][1][safepoint    ] Application time: 0.0000515 seconds
[2019-12-09T02:32:14.251+0000][1][safepoint    ] Entering safepoint region: RevokeBias
[2019-12-09T02:32:14.251+0000][1][safepoint    ] Leaving safepoint region
[2019-12-09T02:32:14.251+0000][1][safepoint    ] Total time for which application threads were stopped: 0.0000428 seconds, Stopping threads took: 0.0000073 seconds
[2019-12-09T02:32:14.251+0000][1][safepoint    ] Application time: 0.0000447 seconds
[2019-12-09T02:32:14.251+0000][1][safepoint    ] Entering safepoint region: RevokeBias
[2019-12-09T02:32:14.251+0000][1][safepoint    ] Leaving safepoint region
[2019-12-09T02:32:14.251+0000][1][safepoint    ] Total time for which application threads were stopped: 0.0000402 seconds, Stopping threads took: 0.0000070 seconds
[2019-12-09T02:32:14.251+0000][1][safepoint    ] Application time: 0.0000523 seconds
[2019-12-09T02:32:14.251+0000][1][safepoint    ] Entering safepoint region: RevokeBias
[2019-12-09T02:32:14.251+0000][1][safepoint    ] Leaving safepoint region
[2019-12-09T02:32:14.251+0000][1][safepoint    ] Total time for which application threads were stopped: 0.0000401 seconds, Stopping threads took: 0.0000064 seconds
[2019-12-09T02:32:14.251+0000][1][safepoint    ] Application time: 0.0000449 seconds
[2019-12-09T02:32:14.251+0000][1][safepoint    ] Entering safepoint region: RevokeBias
[2019-12-09T02:32:14.251+0000][1][safepoint    ] Leaving safepoint region
[2019-12-09T02:32:14.251+0000][1][safepoint    ] Total time for which application threads were stopped: 0.0000411 seconds, Stopping threads took: 0.0000072 seconds
[2019-12-09T02:32:14.251+0000][1][safepoint    ] Application time: 0.0000493 seconds
[2019-12-09T02:32:14.251+0000][1][safepoint    ] Entering safepoint region: RevokeBias
[2019-12-09T02:32:14.251+0000][1][safepoint    ] Leaving safepoint region
[2019-12-09T02:32:14.251+0000][1][safepoint    ] Total time for which application threads were stopped: 0.0000465 seconds, Stopping threads took: 0.0000127 seconds
[2019-12-09T02:32:14.251+0000][1][safepoint    ] Application time: 0.0000457 seconds
[2019-12-09T02:32:14.251+0000][1][safepoint    ] Entering safepoint region: RevokeBias
[2019-12-09T02:32:14.252+0000][1][safepoint    ] Leaving safepoint region
[2019-12-09T02:32:14.252+0000][1][safepoint    ] Total time for which application threads were stopped: 0.0000394 seconds, Stopping threads took: 0.0000065 seconds
[2019-12-09T02:32:14.252+0000][1][safepoint    ] Application time: 0.0000497 seconds
[2019-12-09T02:32:14.252+0000][1][safepoint    ] Entering safepoint region: RevokeBias
[2019-12-09T02:32:14.252+0000][1][safepoint    ] Leaving safepoint region
[2019-12-09T02:32:14.252+0000][1][safepoint    ] Total time for which application threads were stopped: 0.0000417 seconds, Stopping threads took: 0.0000071 seconds
[2019-12-09T02:32:14.252+0000][1][safepoint    ] Application time: 0.0000611 seconds
[2019-12-09T02:32:14.252+0000][1][safepoint    ] Entering safepoint region: RevokeBias
[2019-12-09T02:32:14.252+0000][1][safepoint    ] Leaving safepoint region
[2019-12-09T02:32:14.252+0000][1][safepoint    ] Total time for which application threads were stopped: 0.0000433 seconds, Stopping threads took: 0.0000074 seconds
[2019-12-09T02:32:14.252+0000][1][safepoint    ] Application time: 0.0000514 seconds
[2019-12-09T02:32:14.252+0000][1][safepoint    ] Entering safepoint region: RevokeBias
[2019-12-09T02:32:14.252+0000][1][safepoint    ] Leaving safepoint region
[2019-12-09T02:32:14.252+0000][1][safepoint    ] Total time for which application threads were stopped: 0.0000615 seconds, Stopping threads took: 0.0000151 seconds
[2019-12-09T02:32:14.252+0000][1][safepoint    ] Application time: 0.0000457 seconds
[2019-12-09T02:32:14.252+0000][1][safepoint    ] Entering safepoint region: RevokeBias
[2019-12-09T02:32:14.252+0000][1][safepoint    ] Leaving safepoint region
[2019-12-09T02:32:14.252+0000][1][safepoint    ] Total time for which application threads were stopped: 0.0000429 seconds, Stopping threads took: 0.0000072 seconds
[2019-12-09T02:32:14.252+0000][1][safepoint    ] Application time: 0.0000512 seconds
[2019-12-09T02:32:14.252+0000][1][safepoint    ] Entering safepoint region: RevokeBias
[2019-12-09T02:32:14.252+0000][1][safepoint    ] Leaving safepoint region
[2019-12-09T02:32:14.252+0000][1][safepoint    ] Total time for which application threads were stopped: 0.0000401 seconds, Stopping threads took: 0.0000070 seconds
[2019-12-09T02:32:14.252+0000][1][safepoint    ] Application time: 0.0000447 seconds
[2019-12-09T02:32:14.252+0000][1][safepoint    ] Entering safepoint region: RevokeBias
[2019-12-09T02:32:14.252+0000][1][safepoint    ] Leaving safepoint region
[2019-12-09T02:32:14.252+0000][1][safepoint    ] Total time for which application threads were stopped: 0.0000394 seconds, Stopping threads took: 0.0000066 seconds
[2019-12-09T02:32:15.143+0000][1][safepoint    ] Application time: 0.8905547 seconds
[2019-12-09T02:32:15.143+0000][1][safepoint    ] Entering safepoint region: Deoptimize
[2019-12-09T02:32:15.143+0000][1][safepoint    ] Leaving safepoint region
[2019-12-09T02:32:15.143+0000][1][safepoint    ] Total time for which application threads were stopped: 0.0004005 seconds, Stopping threads took: 0.0000126 seconds
[2019-12-09T02:32:15.144+0000][1][safepoint    ] Application time: 0.0004657 seconds
[2019-12-09T02:32:15.144+0000][1][safepoint    ] Entering safepoint region: Deoptimize
[2019-12-09T02:32:15.144+0000][1][safepoint    ] Leaving safepoint region
[2019-12-09T02:32:15.144+0000][1][safepoint    ] Total time for which application threads were stopped: 0.0002992 seconds, Stopping threads took: 0.0000175 seconds
[2019-12-09T02:32:16.147+0000][1][safepoint    ] Application time: 1.0027088 seconds
[2019-12-09T02:32:16.154+0000][1][safepoint    ] Entering safepoint region: Cleanup
[2019-12-09T02:32:16.154+0000][1][safepoint    ] Leaving safepoint region
[2019-12-09T02:32:16.154+0000][1][safepoint    ] Total time for which application threads were stopped: 0.0070883 seconds, Stopping threads took: 0.0070081 seconds
[2019-12-09T02:32:16.995+0000][1][safepoint    ] Application time: 0.8408668 seconds
[2019-12-09T02:32:16.995+0000][1][safepoint    ] Entering safepoint region: GenCollectForAllocation
[2019-12-09T02:32:16.995+0000][1][gc,start     ] GC(3) Pause Young (Allocation Failure)
[2019-12-09T02:32:16.995+0000][1][gc,task      ] GC(3) Using 2 workers of 2 for evacuation
[2019-12-09T02:32:17.164+0000][1][gc,age       ] GC(3) Desired survivor size 4456448 bytes, new threshold 3 (max threshold 6)
[2019-12-09T02:32:17.164+0000][1][gc,age       ] GC(3) Age table with threshold 3 (max threshold 6)
[2019-12-09T02:32:17.164+0000][1][gc,age       ] GC(3) - age   1:    3236464 bytes,    3236464 total
[2019-12-09T02:32:17.164+0000][1][gc,age       ] GC(3) - age   2:    1065112 bytes,    4301576 total
[2019-12-09T02:32:17.164+0000][1][gc,age       ] GC(3) - age   3:     901960 bytes,    5203536 total
[2019-12-09T02:32:17.164+0000][1][gc,heap      ] GC(3) ParNew: 72287K->5971K(78656K)
[2019-12-09T02:32:17.164+0000][1][gc,heap      ] GC(3) CMS: 7052K->7052K(174784K)
[2019-12-09T02:32:17.164+0000][1][gc,metaspace ] GC(3) Metaspace: 18361K->18361K(1067008K)
[2019-12-09T02:32:17.164+0000][1][gc           ] GC(3) Pause Young (Allocation Failure) 77M->12M(247M) 169.203ms
[2019-12-09T02:32:17.164+0000][1][gc,cpu       ] GC(3) User=0.04s Sys=0.00s Real=0.16s
[2019-12-09T02:32:17.164+0000][1][safepoint    ] Leaving safepoint region
[2019-12-09T02:32:17.164+0000][1][safepoint    ] Total time for which application threads were stopped: 0.1693525 seconds, Stopping threads took: 0.0000144 seconds
[2019-12-09T02:32:17.168+0000][1][safepoint    ] Application time: 0.0038802 seconds
[2019-12-09T02:32:17.175+0000][1][safepoint    ] Entering safepoint region: BulkRevokeBias
[2019-12-09T02:32:17.175+0000][1][safepoint    ] Leaving safepoint region
[2019-12-09T02:32:17.175+0000][1][safepoint    ] Total time for which application threads were stopped: 0.0069506 seconds, Stopping threads took: 0.0068020 seconds
[2019-12-09T02:32:17.176+0000][1][safepoint    ] Application time: 0.0009058 seconds
[2019-12-09T02:32:17.176+0000][1][safepoint    ] Entering safepoint region: RevokeBias
[2019-12-09T02:32:17.176+0000][1][safepoint    ] Leaving safepoint region
[2019-12-09T02:32:17.176+0000][1][safepoint    ] Total time for which application threads were stopped: 0.0000594 seconds, Stopping threads took: 0.0000101 seconds
[2019-12-09T02:32:17.180+0000][1][safepoint    ] Application time: 0.0038841 seconds
[2019-12-09T02:32:17.180+0000][1][safepoint    ] Entering safepoint region: RevokeBias
[2019-12-09T02:32:17.180+0000][1][safepoint    ] Leaving safepoint region
[2019-12-09T02:32:17.180+0000][1][safepoint    ] Total time for which application threads were stopped: 0.0000981 seconds, Stopping threads took: 0.0000536 seconds
[2019-12-09T02:32:17.180+0000][1][safepoint    ] Application time: 0.0000600 seconds
[2019-12-09T02:32:17.180+0000][1][safepoint    ] Entering safepoint region: RevokeBias
[2019-12-09T02:32:17.180+0000][1][safepoint    ] Leaving safepoint region
[2019-12-09T02:32:17.180+0000][1][safepoint    ] Total time for which application threads were stopped: 0.0000390 seconds, Stopping threads took: 0.0000083 seconds
[2019-12-09T02:32:17.180+0000][1][safepoint    ] Application time: 0.0000564 seconds
[2019-12-09T02:32:17.180+0000][1][safepoint    ] Entering safepoint region: RevokeBias
[2019-12-09T02:32:17.180+0000][1][safepoint    ] Leaving safepoint region
[2019-12-09T02:32:17.180+0000][1][safepoint    ] Total time for which application threads were stopped: 0.0000377 seconds, Stopping threads took: 0.0000083 seconds
[2019-12-09T02:32:17.180+0000][1][safepoint    ] Application time: 0.0000511 seconds
[2019-12-09T02:32:17.180+0000][1][safepoint    ] Entering safepoint region: RevokeBias
[2019-12-09T02:32:17.180+0000][1][safepoint    ] Leaving safepoint region
[2019-12-09T02:32:17.180+0000][1][safepoint    ] Total time for which application threads were stopped: 0.0000490 seconds, Stopping threads took: 0.0000172 seconds
[2019-12-09T02:32:18.193+0000][1][safepoint    ] Application time: 1.0123795 seconds
[2019-12-09T02:32:18.193+0000][1][safepoint    ] Entering safepoint region: Cleanup
[2019-12-09T02:32:18.193+0000][1][safepoint    ] Leaving safepoint region
[2019-12-09T02:32:18.193+0000][1][safepoint    ] Total time for which application threads were stopped: 0.0001175 seconds, Stopping threads took: 0.0000674 seconds
[2019-12-09T02:32:18.344+0000][1][safepoint    ] Application time: 0.1508241 seconds
[2019-12-09T02:32:18.348+0000][1][safepoint    ] Entering safepoint region: GenCollectForAllocation
[2019-12-09T02:32:18.348+0000][1][gc,start     ] GC(4) Pause Young (Allocation Failure)
[2019-12-09T02:32:18.348+0000][1][gc,task      ] GC(4) Using 2 workers of 2 for evacuation
[2019-12-09T02:32:18.477+0000][1][gc,age       ] GC(4) Desired survivor size 4456448 bytes, new threshold 2 (max threshold 6)
[2019-12-09T02:32:18.477+0000][1][gc,age       ] GC(4) Age table with threshold 2 (max threshold 6)
[2019-12-09T02:32:18.477+0000][1][gc,age       ] GC(4) - age   1:    2019424 bytes,    2019424 total
[2019-12-09T02:32:18.477+0000][1][gc,age       ] GC(4) - age   2:    2673192 bytes,    4692616 total
[2019-12-09T02:32:18.477+0000][1][gc,age       ] GC(4) - age   3:    1065112 bytes,    5757728 total
[2019-12-09T02:32:18.477+0000][1][gc,heap      ] GC(4) ParNew: 75923K->7687K(78656K)
[2019-12-09T02:32:18.477+0000][1][gc,heap      ] GC(4) CMS: 7052K->7947K(174784K)
[2019-12-09T02:32:18.477+0000][1][gc,metaspace ] GC(4) Metaspace: 18589K->18589K(1067008K)
[2019-12-09T02:32:18.477+0000][1][gc           ] GC(4) Pause Young (Allocation Failure) 81M->15M(247M) 129.192ms
[2019-12-09T02:32:18.477+0000][1][gc,cpu       ] GC(4) User=0.02s Sys=0.00s Real=0.13s
[2019-12-09T02:32:18.477+0000][1][safepoint    ] Leaving safepoint region
[2019-12-09T02:32:18.477+0000][1][safepoint    ] Total time for which application threads were stopped: 0.1333025 seconds, Stopping threads took: 0.0039923 seconds
[2019-12-09T02:32:18.480+0000][1][safepoint    ] Application time: 0.0027806 seconds
[2019-12-09T02:32:18.493+0000][1][safepoint    ] Entering safepoint region: RevokeBias
[2019-12-09T02:32:18.493+0000][1][safepoint    ] Leaving safepoint region
[2019-12-09T02:32:18.493+0000][1][safepoint    ] Total time for which application threads were stopped: 0.0131100 seconds, Stopping threads took: 0.0130436 seconds
[2019-12-09T02:32:18.493+0000][1][safepoint    ] Application time: 0.0000662 seconds
[2019-12-09T02:32:18.493+0000][1][safepoint    ] Entering safepoint region: RevokeBias
[2019-12-09T02:32:18.493+0000][1][safepoint    ] Leaving safepoint region
[2019-12-09T02:32:18.493+0000][1][safepoint    ] Total time for which application threads were stopped: 0.0000454 seconds, Stopping threads took: 0.0000080 seconds
[2019-12-09T02:32:18.493+0000][1][safepoint    ] Application time: 0.0000769 seconds
[2019-12-09T02:32:18.493+0000][1][safepoint    ] Entering safepoint region: RevokeBias
[2019-12-09T02:32:18.493+0000][1][safepoint    ] Leaving safepoint region
[2019-12-09T02:32:18.493+0000][1][safepoint    ] Total time for which application threads were stopped: 0.0000433 seconds, Stopping threads took: 0.0000072 seconds
[2019-12-09T02:32:18.493+0000][1][safepoint    ] Application time: 0.0000459 seconds
[2019-12-09T02:32:18.493+0000][1][safepoint    ] Entering safepoint region: RevokeBias
[2019-12-09T02:32:18.493+0000][1][safepoint    ] Leaving safepoint region
[2019-12-09T02:32:18.493+0000][1][safepoint    ] Total time for which application threads were stopped: 0.0000417 seconds, Stopping threads took: 0.0000066 seconds
[2019-12-09T02:32:18.597+0000][1][safepoint    ] Application time: 0.1041548 seconds
[2019-12-09T02:32:18.598+0000][1][safepoint    ] Entering safepoint region: Deoptimize
[2019-12-09T02:32:18.598+0000][1][safepoint    ] Leaving safepoint region
[2019-12-09T02:32:18.598+0000][1][safepoint    ] Total time for which application threads were stopped: 0.0004104 seconds, Stopping threads took: 0.0000128 seconds
[2019-12-09T02:32:18.998+0000][1][safepoint    ] Application time: 0.3999464 seconds
[2019-12-09T02:32:18.998+0000][1][safepoint    ] Entering safepoint region: Deoptimize
[2019-12-09T02:32:18.998+0000][1][safepoint    ] Leaving safepoint region
[2019-12-09T02:32:18.998+0000][1][safepoint    ] Total time for which application threads were stopped: 0.0004334 seconds, Stopping threads took: 0.0000122 seconds
[2019-12-09T02:32:20.002+0000][1][safepoint    ] Application time: 1.0034635 seconds
[2019-12-09T02:32:20.045+0000][1][safepoint    ] Entering safepoint region: Cleanup
[2019-12-09T02:32:20.045+0000][1][safepoint    ] Leaving safepoint region
[2019-12-09T02:32:20.045+0000][1][safepoint    ] Total time for which application threads were stopped: 0.0429532 seconds, Stopping threads took: 0.0428963 seconds
[2019-12-09T02:32:20.055+0000][1][safepoint    ] Application time: 0.0098896 seconds
[2019-12-09T02:32:20.055+0000][1][safepoint    ] Entering safepoint region: GenCollectForAllocation
[2019-12-09T02:32:20.055+0000][1][gc,start     ] GC(5) Pause Young (Allocation Failure)
[2019-12-09T02:32:20.055+0000][1][gc,task      ] GC(5) Using 2 workers of 2 for evacuation
[2019-12-09T02:32:20.151+0000][1][gc,age       ] GC(5) Desired survivor size 4456448 bytes, new threshold 6 (max threshold 6)
[2019-12-09T02:32:20.152+0000][1][gc,age       ] GC(5) Age table with threshold 6 (max threshold 6)
[2019-12-09T02:32:20.152+0000][1][gc,age       ] GC(5) - age   1:    2873408 bytes,    2873408 total
[2019-12-09T02:32:20.152+0000][1][gc,age       ] GC(5) - age   2:     442496 bytes,    3315904 total
[2019-12-09T02:32:20.152+0000][1][gc,heap      ] GC(5) ParNew: 77639K->5178K(78656K)
[2019-12-09T02:32:20.152+0000][1][gc,heap      ] GC(5) CMS: 7947K->11628K(174784K)
[2019-12-09T02:32:20.152+0000][1][gc,metaspace ] GC(5) Metaspace: 18929K->18929K(1067008K)
[2019-12-09T02:32:20.152+0000][1][gc           ] GC(5) Pause Young (Allocation Failure) 83M->16M(247M) 96.761ms
[2019-12-09T02:32:20.152+0000][1][gc,cpu       ] GC(5) User=0.02s Sys=0.00s Real=0.09s
[2019-12-09T02:32:20.152+0000][1][safepoint    ] Leaving safepoint region
[2019-12-09T02:32:20.152+0000][1][safepoint    ] Total time for which application threads were stopped: 0.0968852 seconds, Stopping threads took: 0.0000124 seconds
[2019-12-09T02:32:20.156+0000][1][safepoint    ] Application time: 0.0041660 seconds
[2019-12-09T02:32:20.156+0000][1][safepoint    ] Entering safepoint region: RevokeBias
[2019-12-09T02:32:20.156+0000][1][safepoint    ] Leaving safepoint region
[2019-12-09T02:32:20.156+0000][1][safepoint    ] Total time for which application threads were stopped: 0.0001283 seconds, Stopping threads took: 0.0000446 seconds
[2019-12-09T02:32:20.156+0000][1][safepoint    ] Application time: 0.0000628 seconds
[2019-12-09T02:32:20.156+0000][1][safepoint    ] Entering safepoint region: RevokeBias
[2019-12-09T02:32:20.156+0000][1][safepoint    ] Leaving safepoint region
[2019-12-09T02:32:20.156+0000][1][safepoint    ] Total time for which application threads were stopped: 0.0000521 seconds, Stopping threads took: 0.0000082 seconds
[2019-12-09T02:32:20.156+0000][1][safepoint    ] Application time: 0.0000615 seconds
[2019-12-09T02:32:20.156+0000][1][safepoint    ] Entering safepoint region: RevokeBias
[2019-12-09T02:32:20.156+0000][1][safepoint    ] Leaving safepoint region
[2019-12-09T02:32:20.156+0000][1][safepoint    ] Total time for which application threads were stopped: 0.0000469 seconds, Stopping threads took: 0.0000078 seconds
[2019-12-09T02:32:20.156+0000][1][safepoint    ] Application time: 0.0000470 seconds
[2019-12-09T02:32:20.156+0000][1][safepoint    ] Entering safepoint region: RevokeBias
[2019-12-09T02:32:20.156+0000][1][safepoint    ] Leaving safepoint region
[2019-12-09T02:32:20.156+0000][1][safepoint    ] Total time for which application threads were stopped: 0.0000456 seconds, Stopping threads took: 0.0000080 seconds
[2019-12-09T02:32:20.156+0000][1][safepoint    ] Application time: 0.0000584 seconds
[2019-12-09T02:32:20.156+0000][1][safepoint    ] Entering safepoint region: RevokeBias
[2019-12-09T02:32:20.156+0000][1][safepoint    ] Leaving safepoint region
[2019-12-09T02:32:20.156+0000][1][safepoint    ] Total time for which application threads were stopped: 0.0000480 seconds, Stopping threads took: 0.0000078 seconds
[2019-12-09T02:32:20.157+0000][1][safepoint    ] Application time: 0.0000592 seconds
[2019-12-09T02:32:20.157+0000][1][safepoint    ] Entering safepoint region: RevokeBias
[2019-12-09T02:32:20.157+0000][1][safepoint    ] Leaving safepoint region
[2019-12-09T02:32:20.157+0000][1][safepoint    ] Total time for which application threads were stopped: 0.0000398 seconds, Stopping threads took: 0.0000067 seconds
[2019-12-09T02:32:20.957+0000][1][safepoint    ] Application time: 0.8001168 seconds
[2019-12-09T02:32:20.957+0000][1][safepoint    ] Entering safepoint region: RevokeBias
[2019-12-09T02:32:20.957+0000][1][safepoint    ] Leaving safepoint region
[2019-12-09T02:32:20.957+0000][1][safepoint    ] Total time for which application threads were stopped: 0.0000751 seconds, Stopping threads took: 0.0000126 seconds
[2019-12-09T02:32:20.957+0000][1][safepoint    ] Application time: 0.0002216 seconds
[2019-12-09T02:32:20.957+0000][1][safepoint    ] Entering safepoint region: RevokeBias
[2019-12-09T02:32:20.957+0000][1][safepoint    ] Leaving safepoint region
[2019-12-09T02:32:20.957+0000][1][safepoint    ] Total time for which application threads were stopped: 0.0000456 seconds, Stopping threads took: 0.0000096 seconds
[2019-12-09T02:32:21.093+0000][1][safepoint    ] Application time: 0.1363158 seconds
[2019-12-09T02:32:21.093+0000][1][safepoint    ] Entering safepoint region: GenCollectForAllocation
[2019-12-09T02:32:21.094+0000][1][gc,start     ] GC(6) Pause Young (Allocation Failure)
[2019-12-09T02:32:21.094+0000][1][gc,task      ] GC(6) Using 2 workers of 2 for evacuation
[2019-12-09T02:32:21.175+0000][1][gc,age       ] GC(6) Desired survivor size 4456448 bytes, new threshold 6 (max threshold 6)
[2019-12-09T02:32:21.175+0000][1][gc,age       ] GC(6) Age table with threshold 6 (max threshold 6)
[2019-12-09T02:32:21.175+0000][1][gc,age       ] GC(6) - age   1:    1666496 bytes,    1666496 total
[2019-12-09T02:32:21.175+0000][1][gc,age       ] GC(6) - age   2:    2191248 bytes,    3857744 total
[2019-12-09T02:32:21.175+0000][1][gc,age       ] GC(6) - age   3:     442496 bytes,    4300240 total
[2019-12-09T02:32:21.175+0000][1][gc,heap      ] GC(6) ParNew: 75130K->5584K(78656K)
[2019-12-09T02:32:21.175+0000][1][gc,heap      ] GC(6) CMS: 11628K->11628K(174784K)
[2019-12-09T02:32:21.175+0000][1][gc,metaspace ] GC(6) Metaspace: 19235K->19235K(1067008K)
[2019-12-09T02:32:21.175+0000][1][gc           ] GC(6) Pause Young (Allocation Failure) 84M->16M(247M) 81.408ms
[2019-12-09T02:32:21.175+0000][1][gc,cpu       ] GC(6) User=0.02s Sys=0.00s Real=0.09s
[2019-12-09T02:32:21.175+0000][1][safepoint    ] Leaving safepoint region
[2019-12-09T02:32:21.175+0000][1][safepoint    ] Total time for which application threads were stopped: 0.0815388 seconds, Stopping threads took: 0.0000137 seconds
[2019-12-09T02:32:21.179+0000][1][safepoint    ] Application time: 0.0037817 seconds
[2019-12-09T02:32:21.235+0000][1][safepoint    ] Entering safepoint region: RevokeBias
[2019-12-09T02:32:21.235+0000][1][safepoint    ] Leaving safepoint region
[2019-12-09T02:32:21.235+0000][1][safepoint    ] Total time for which application threads were stopped: 0.0561959 seconds, Stopping threads took: 0.0561207 seconds
[2019-12-09T02:32:21.235+0000][1][safepoint    ] Application time: 0.0000724 seconds
[2019-12-09T02:32:21.235+0000][1][safepoint    ] Entering safepoint region: RevokeBias
[2019-12-09T02:32:21.235+0000][1][safepoint    ] Leaving safepoint region
[2019-12-09T02:32:21.235+0000][1][safepoint    ] Total time for which application threads were stopped: 0.0000479 seconds, Stopping threads took: 0.0000092 seconds
[2019-12-09T02:32:21.235+0000][1][safepoint    ] Application time: 0.0000692 seconds
[2019-12-09T02:32:21.235+0000][1][safepoint    ] Entering safepoint region: BulkRevokeBias
[2019-12-09T02:32:21.235+0000][1][safepoint    ] Leaving safepoint region
[2019-12-09T02:32:21.235+0000][1][safepoint    ] Total time for which application threads were stopped: 0.0000781 seconds, Stopping threads took: 0.0000087 seconds
[2019-12-09T02:32:21.235+0000][1][safepoint    ] Application time: 0.0000508 seconds
[2019-12-09T02:32:21.235+0000][1][safepoint    ] Entering safepoint region: BulkRevokeBias
[2019-12-09T02:32:21.235+0000][1][safepoint    ] Leaving safepoint region
[2019-12-09T02:32:21.235+0000][1][safepoint    ] Total time for which application threads were stopped: 0.0000641 seconds, Stopping threads took: 0.0000084 seconds
[2019-12-09T02:32:22.098+0000][1][safepoint    ] Application time: 0.8623981 seconds
[2019-12-09T02:32:22.098+0000][1][safepoint    ] Entering safepoint region: GenCollectForAllocation
[2019-12-09T02:32:22.098+0000][1][gc,start     ] GC(7) Pause Young (Allocation Failure)
[2019-12-09T02:32:22.098+0000][1][gc,task      ] GC(7) Using 2 workers of 2 for evacuation
[2019-12-09T02:32:22.197+0000][1][gc,age       ] GC(7) Desired survivor size 4456448 bytes, new threshold 6 (max threshold 6)
[2019-12-09T02:32:22.197+0000][1][gc,age       ] GC(7) Age table with threshold 6 (max threshold 6)
[2019-12-09T02:32:22.197+0000][1][gc,age       ] GC(7) - age   1:     415920 bytes,     415920 total
[2019-12-09T02:32:22.197+0000][1][gc,age       ] GC(7) - age   2:    1128824 bytes,    1544744 total
[2019-12-09T02:32:22.197+0000][1][gc,age       ] GC(7) - age   3:    2191168 bytes,    3735912 total
[2019-12-09T02:32:22.197+0000][1][gc,age       ] GC(7) - age   4:     442496 bytes,    4178408 total
[2019-12-09T02:32:22.197+0000][1][gc,heap      ] GC(7) ParNew: 75536K->6120K(78656K)
[2019-12-09T02:32:22.197+0000][1][gc,heap      ] GC(7) CMS: 11628K->11628K(174784K)
[2019-12-09T02:32:22.197+0000][1][gc,metaspace ] GC(7) Metaspace: 19520K->19520K(1067008K)
[2019-12-09T02:32:22.197+0000][1][gc           ] GC(7) Pause Young (Allocation Failure) 85M->17M(247M) 98.998ms
[2019-12-09T02:32:22.197+0000][1][gc,cpu       ] GC(7) User=0.02s Sys=0.00s Real=0.10s
[2019-12-09T02:32:22.197+0000][1][safepoint    ] Leaving safepoint region
[2019-12-09T02:32:22.197+0000][1][safepoint    ] Total time for which application threads were stopped: 0.0991291 seconds, Stopping threads took: 0.0000132 seconds
[2019-12-09T02:32:22.986+0000][1][safepoint    ] Application time: 0.7893144 seconds
[2019-12-09T02:32:22.986+0000][1][safepoint    ] Entering safepoint region: CollectForMetadataAllocation
[2019-12-09T02:32:22.987+0000][1][safepoint    ] Leaving safepoint region
[2019-12-09T02:32:22.987+0000][1][safepoint    ] Total time for which application threads were stopped: 0.0002628 seconds, Stopping threads took: 0.0000132 seconds
[2019-12-09T02:32:23.629+0000][1][safepoint    ] Application time: 0.6420554 seconds
[2019-12-09T02:32:23.629+0000][1][safepoint    ] Entering safepoint region: CollectForMetadataAllocation
[2019-12-09T02:32:23.629+0000][1][safepoint    ] Leaving safepoint region
[2019-12-09T02:32:23.629+0000][1][safepoint    ] Total time for which application threads were stopped: 0.0002244 seconds, Stopping threads took: 0.0000130 seconds
[2019-12-09T02:32:23.745+0000][1][safepoint    ] Application time: 0.1163716 seconds
[2019-12-09T02:32:23.745+0000][1][safepoint    ] Entering safepoint region: GenCollectForAllocation
[2019-12-09T02:32:23.745+0000][1][gc,start     ] GC(8) Pause Young (Allocation Failure)
[2019-12-09T02:32:23.745+0000][1][gc,task      ] GC(8) Using 2 workers of 2 for evacuation
[2019-12-09T02:32:23.808+0000][1][gc,age       ] GC(8) Desired survivor size 4456448 bytes, new threshold 4 (max threshold 6)
[2019-12-09T02:32:23.808+0000][1][gc,age       ] GC(8) Age table with threshold 4 (max threshold 6)
[2019-12-09T02:32:23.808+0000][1][gc,age       ] GC(8) - age   1:    1044320 bytes,    1044320 total
[2019-12-09T02:32:23.808+0000][1][gc,age       ] GC(8) - age   2:     387288 bytes,    1431608 total
[2019-12-09T02:32:23.808+0000][1][gc,age       ] GC(8) - age   3:    1128680 bytes,    2560288 total
[2019-12-09T02:32:23.808+0000][1][gc,age       ] GC(8) - age   4:    2188952 bytes,    4749240 total
[2019-12-09T02:32:23.808+0000][1][gc,age       ] GC(8) - age   5:     442496 bytes,    5191736 total
[2019-12-09T02:32:23.808+0000][1][gc,heap      ] GC(8) ParNew: 76072K->6120K(78656K)
[2019-12-09T02:32:23.808+0000][1][gc,heap      ] GC(8) CMS: 11628K->11628K(174784K)
[2019-12-09T02:32:23.808+0000][1][gc,metaspace ] GC(8) Metaspace: 20315K->20315K(1069056K)
[2019-12-09T02:32:23.808+0000][1][gc           ] GC(8) Pause Young (Allocation Failure) 85M->17M(247M) 62.700ms
[2019-12-09T02:32:23.808+0000][1][gc,cpu       ] GC(8) User=0.01s Sys=0.00s Real=0.06s
[2019-12-09T02:32:23.808+0000][1][safepoint    ] Leaving safepoint region
[2019-12-09T02:32:23.808+0000][1][safepoint    ] Total time for which application threads were stopped: 0.0628287 seconds, Stopping threads took: 0.0000132 seconds
[2019-12-09T02:32:23.812+0000][1][safepoint    ] Application time: 0.0036046 seconds
[2019-12-09T02:32:23.838+0000][1][safepoint    ] Entering safepoint region: CMS_Initial_Mark
[2019-12-09T02:32:23.838+0000][1][gc,start     ] GC(9) Pause Initial Mark
[2019-12-09T02:32:23.841+0000][1][gc           ] GC(9) Pause Initial Mark 21M->21M(247M) 2.874ms
[2019-12-09T02:32:23.841+0000][1][gc,cpu       ] GC(9) User=0.01s Sys=0.00s Real=0.00s
[2019-12-09T02:32:23.841+0000][1][safepoint    ] Leaving safepoint region
[2019-12-09T02:32:23.841+0000][1][safepoint    ] Total time for which application threads were stopped: 0.0289492 seconds, Stopping threads took: 0.0259745 seconds
[2019-12-09T02:32:23.841+0000][1][gc           ] GC(9) Concurrent Mark
[2019-12-09T02:32:23.915+0000][1][gc           ] GC(9) Concurrent Mark 74.128ms
[2019-12-09T02:32:23.915+0000][1][gc,cpu       ] GC(9) User=0.03s Sys=0.00s Real=0.08s
[2019-12-09T02:32:23.915+0000][1][gc           ] GC(9) Concurrent Preclean
[2019-12-09T02:32:23.915+0000][1][gc           ] GC(9) Concurrent Preclean 0.445ms
[2019-12-09T02:32:23.915+0000][1][gc,cpu       ] GC(9) User=0.00s Sys=0.00s Real=0.00s
[2019-12-09T02:32:23.916+0000][1][gc           ] GC(9) Concurrent Abortable Preclean
[2019-12-09T02:32:25.014+0000][1][safepoint    ] Application time: 1.1729126 seconds
[2019-12-09T02:32:25.014+0000][1][safepoint    ] Entering safepoint region: GenCollectForAllocation
[2019-12-09T02:32:25.014+0000][1][gc,start     ] GC(10) Pause Young (Allocation Failure)
[2019-12-09T02:32:25.014+0000][1][gc,task      ] GC(10) Using 2 workers of 2 for evacuation
[2019-12-09T02:32:25.069+0000][1][gc           ] GC(9) Concurrent Abortable Preclean 1153.202ms
[2019-12-09T02:32:25.069+0000][1][gc,cpu       ] GC(9) User=0.40s Sys=0.01s Real=1.15s
[2019-12-09T02:32:25.172+0000][1][gc,age       ] GC(10) Desired survivor size 4456448 bytes, new threshold 6 (max threshold 6)
[2019-12-09T02:32:25.172+0000][1][gc,age       ] GC(10) Age table with threshold 6 (max threshold 6)
[2019-12-09T02:32:25.172+0000][1][gc,age       ] GC(10) - age   1:    1355408 bytes,    1355408 total
[2019-12-09T02:32:25.172+0000][1][gc,age       ] GC(10) - age   2:     623672 bytes,    1979080 total
[2019-12-09T02:32:25.172+0000][1][gc,age       ] GC(10) - age   3:     387168 bytes,    2366248 total
[2019-12-09T02:32:25.172+0000][1][gc,age       ] GC(10) - age   4:    1128680 bytes,    3494928 total
[2019-12-09T02:32:25.172+0000][1][gc,heap      ] GC(10) ParNew: 76072K->4822K(78656K)
[2019-12-09T02:32:25.172+0000][1][gc,heap      ] GC(10) CMS: 11628K->14215K(174784K)
[2019-12-09T02:32:25.172+0000][1][gc,metaspace ] GC(10) Metaspace: 20424K->20424K(1069056K)
[2019-12-09T02:32:25.172+0000][1][gc           ] GC(10) Pause Young (Allocation Failure) 85M->18M(247M) 158.370ms
[2019-12-09T02:32:25.172+0000][1][gc,cpu       ] GC(10) User=0.04s Sys=0.00s Real=0.16s
[2019-12-09T02:32:25.172+0000][1][safepoint    ] Leaving safepoint region
[2019-12-09T02:32:25.172+0000][1][safepoint    ] Total time for which application threads were stopped: 0.1585115 seconds, Stopping threads took: 0.0000153 seconds
[2019-12-09T02:32:25.177+0000][1][safepoint    ] Application time: 0.0045167 seconds
[2019-12-09T02:32:25.177+0000][1][safepoint    ] Entering safepoint region: CMS_Final_Remark
[2019-12-09T02:32:25.177+0000][1][gc,start     ] GC(9) Pause Remark
[2019-12-09T02:32:25.300+0000][1][gc           ] GC(9) Pause Remark 21M->21M(247M) 123.216ms
[2019-12-09T02:32:25.300+0000][1][gc,cpu       ] GC(9) User=0.04s Sys=0.00s Real=0.12s
[2019-12-09T02:32:25.300+0000][1][safepoint    ] Leaving safepoint region
[2019-12-09T02:32:25.300+0000][1][safepoint    ] Total time for which application threads were stopped: 0.1233718 seconds, Stopping threads took: 0.0000458 seconds
[2019-12-09T02:32:25.302+0000][1][gc           ] GC(9) Concurrent Sweep
[2019-12-09T02:32:25.338+0000][1][gc           ] GC(9) Concurrent Sweep 36.183ms
[2019-12-09T02:32:25.338+0000][1][gc,cpu       ] GC(9) User=0.02s Sys=0.00s Real=0.04s
[2019-12-09T02:32:25.338+0000][1][gc           ] GC(9) Concurrent Reset
[2019-12-09T02:32:25.338+0000][1][gc           ] GC(9) Concurrent Reset 0.315ms
[2019-12-09T02:32:25.338+0000][1][gc,cpu       ] GC(9) User=0.00s Sys=0.00s Real=0.00s
[2019-12-09T02:32:25.338+0000][1][gc,heap      ] GC(9) Old: 11628K->14190K(174784K)
[2019-12-09T02:32:26.021+0000][1][safepoint    ] Application time: 0.7204885 seconds
[2019-12-09T02:32:26.021+0000][1][safepoint    ] Entering safepoint region: GenCollectForAllocation
[2019-12-09T02:32:26.021+0000][1][gc,start     ] GC(11) Pause Young (Allocation Failure)
[2019-12-09T02:32:26.021+0000][1][gc,task      ] GC(11) Using 2 workers of 2 for evacuation
[2019-12-09T02:32:26.143+0000][1][gc,age       ] GC(11) Desired survivor size 4456448 bytes, new threshold 6 (max threshold 6)
[2019-12-09T02:32:26.143+0000][1][gc,age       ] GC(11) Age table with threshold 6 (max threshold 6)
[2019-12-09T02:32:26.143+0000][1][gc,age       ] GC(11) - age   1:    1006912 bytes,    1006912 total
[2019-12-09T02:32:26.143+0000][1][gc,age       ] GC(11) - age   2:      97792 bytes,    1104704 total
[2019-12-09T02:32:26.143+0000][1][gc,age       ] GC(11) - age   3:     623624 bytes,    1728328 total
[2019-12-09T02:32:26.143+0000][1][gc,age       ] GC(11) - age   4:     387064 bytes,    2115392 total
[2019-12-09T02:32:26.143+0000][1][gc,age       ] GC(11) - age   5:    1128392 bytes,    3243784 total
[2019-12-09T02:32:26.143+0000][1][gc,heap      ] GC(11) ParNew: 74774K->3765K(78656K)
[2019-12-09T02:32:26.143+0000][1][gc,heap      ] GC(11) CMS: 14190K->14190K(174784K)
[2019-12-09T02:32:26.143+0000][1][gc,metaspace ] GC(11) Metaspace: 20511K->20511K(1069056K)
[2019-12-09T02:32:26.143+0000][1][gc           ] GC(11) Pause Young (Allocation Failure) 86M->17M(247M) 121.644ms
[2019-12-09T02:32:26.143+0000][1][gc,cpu       ] GC(11) User=0.00s Sys=0.00s Real=0.12s
[2019-12-09T02:32:26.143+0000][1][safepoint    ] Leaving safepoint region
[2019-12-09T02:32:26.143+0000][1][safepoint    ] Total time for which application threads were stopped: 0.1223215 seconds, Stopping threads took: 0.0000250 seconds
[2019-12-09T02:32:26.940+0000][1][safepoint    ] Application time: 0.7967306 seconds
[2019-12-09T02:32:26.940+0000][1][safepoint    ] Entering safepoint region: Deoptimize
[2019-12-09T02:32:26.940+0000][1][safepoint    ] Leaving safepoint region
[2019-12-09T02:32:26.940+0000][1][safepoint    ] Total time for which application threads were stopped: 0.0004084 seconds, Stopping threads took: 0.0000131 seconds
[2019-12-09T02:32:27.961+0000][1][safepoint    ] Application time: 1.0204720 seconds
[2019-12-09T02:32:28.034+0000][1][safepoint    ] Entering safepoint region: Cleanup
[2019-12-09T02:32:28.034+0000][1][safepoint    ] Leaving safepoint region
[2019-12-09T02:32:28.034+0000][1][safepoint    ] Total time for which application threads were stopped: 0.0734381 seconds, Stopping threads took: 0.0733661 seconds
[2019-12-09T02:32:28.538+0000][1][safepoint    ] Application time: 0.5040438 seconds
[2019-12-09T02:32:28.538+0000][1][safepoint    ] Entering safepoint region: GenCollectForAllocation
[2019-12-09T02:32:28.539+0000][1][gc,start     ] GC(12) Pause Young (Allocation Failure)
[2019-12-09T02:32:28.539+0000][1][gc,task      ] GC(12) Using 2 workers of 2 for evacuation
[2019-12-09T02:32:28.611+0000][1][gc,age       ] GC(12) Desired survivor size 4456448 bytes, new threshold 6 (max threshold 6)
[2019-12-09T02:32:28.611+0000][1][gc,age       ] GC(12) Age table with threshold 6 (max threshold 6)
[2019-12-09T02:32:28.611+0000][1][gc,age       ] GC(12) - age   1:    1046344 bytes,    1046344 total
[2019-12-09T02:32:28.611+0000][1][gc,age       ] GC(12) - age   2:     306032 bytes,    1352376 total
[2019-12-09T02:32:28.611+0000][1][gc,age       ] GC(12) - age   3:      97792 bytes,    1450168 total
[2019-12-09T02:32:28.611+0000][1][gc,age       ] GC(12) - age   4:     623624 bytes,    2073792 total
[2019-12-09T02:32:28.611+0000][1][gc,age       ] GC(12) - age   5:     387000 bytes,    2460792 total
[2019-12-09T02:32:28.611+0000][1][gc,age       ] GC(12) - age   6:    1128392 bytes,    3589184 total
[2019-12-09T02:32:28.611+0000][1][gc,heap      ] GC(12) ParNew: 73717K->4975K(78656K)
[2019-12-09T02:32:28.611+0000][1][gc,heap      ] GC(12) CMS: 14190K->14190K(174784K)
[2019-12-09T02:32:28.611+0000][1][gc,metaspace ] GC(12) Metaspace: 22831K->22831K(1071104K)
[2019-12-09T02:32:28.611+0000][1][gc           ] GC(12) Pause Young (Allocation Failure) 85M->18M(247M) 72.530ms
[2019-12-09T02:32:28.611+0000][1][gc,cpu       ] GC(12) User=0.02s Sys=0.00s Real=0.07s
[2019-12-09T02:32:28.611+0000][1][safepoint    ] Leaving safepoint region
[2019-12-09T02:32:28.611+0000][1][safepoint    ] Total time for which application threads were stopped: 0.0728312 seconds, Stopping threads took: 0.0000198 seconds
[2019-12-09T02:32:29.488+0000][1][safepoint    ] Application time: 0.8767714 seconds
[2019-12-09T02:32:29.488+0000][1][safepoint    ] Entering safepoint region: Deoptimize
[2019-12-09T02:32:29.488+0000][1][safepoint    ] Leaving safepoint region
[2019-12-09T02:32:29.488+0000][1][safepoint    ] Total time for which application threads were stopped: 0.0004393 seconds, Stopping threads took: 0.0000144 seconds
[2019-12-09T02:32:30.380+0000][1][safepoint    ] Application time: 0.8912341 seconds
[2019-12-09T02:32:30.380+0000][1][safepoint    ] Entering safepoint region: Deoptimize
[2019-12-09T02:32:30.380+0000][1][safepoint    ] Leaving safepoint region
[2019-12-09T02:32:30.380+0000][1][safepoint    ] Total time for which application threads were stopped: 0.0004253 seconds, Stopping threads took: 0.0000123 seconds
[2019-12-09T02:32:30.455+0000][1][safepoint    ] Application time: 0.0746142 seconds
[2019-12-09T02:32:30.455+0000][1][safepoint    ] Entering safepoint region: Deoptimize
[2019-12-09T02:32:30.455+0000][1][safepoint    ] Leaving safepoint region
[2019-12-09T02:32:30.455+0000][1][safepoint    ] Total time for which application threads were stopped: 0.0004226 seconds, Stopping threads took: 0.0000129 seconds
[2019-12-09T02:32:30.481+0000][1][safepoint    ] Application time: 0.0259040 seconds
[2019-12-09T02:32:30.481+0000][1][safepoint    ] Entering safepoint region: Deoptimize
[2019-12-09T02:32:30.482+0000][1][safepoint    ] Leaving safepoint region
[2019-12-09T02:32:30.482+0000][1][safepoint    ] Total time for which application threads were stopped: 0.0004451 seconds, Stopping threads took: 0.0000129 seconds
[2019-12-09T02:32:30.540+0000][1][safepoint    ] Application time: 0.0587179 seconds
[2019-12-09T02:32:30.540+0000][1][safepoint    ] Entering safepoint region: RevokeBias
[2019-12-09T02:32:30.540+0000][1][safepoint    ] Leaving safepoint region
[2019-12-09T02:32:30.540+0000][1][safepoint    ] Total time for which application threads were stopped: 0.0000661 seconds, Stopping threads took: 0.0000134 seconds
[2019-12-09T02:32:31.542+0000][1][safepoint    ] Application time: 1.0013364 seconds
[2019-12-09T02:32:31.542+0000][1][safepoint    ] Entering safepoint region: Cleanup
[2019-12-09T02:32:31.542+0000][1][safepoint    ] Leaving safepoint region
[2019-12-09T02:32:31.542+0000][1][safepoint    ] Total time for which application threads were stopped: 0.0000962 seconds, Stopping threads took: 0.0000539 seconds
[2019-12-09T02:32:32.543+0000][1][safepoint    ] Application time: 1.0008248 seconds
[2019-12-09T02:32:32.617+0000][1][safepoint    ] Entering safepoint region: Cleanup
[2019-12-09T02:32:32.617+0000][1][safepoint    ] Leaving safepoint region
[2019-12-09T02:32:32.617+0000][1][safepoint    ] Total time for which application threads were stopped: 0.0742652 seconds, Stopping threads took: 0.0740146 seconds
[2019-12-09T02:32:33.657+0000][1][safepoint    ] Application time: 1.0397681 seconds
[2019-12-09T02:32:33.715+0000][1][safepoint    ] Entering safepoint region: Cleanup
[2019-12-09T02:32:33.715+0000][1][safepoint    ] Leaving safepoint region
[2019-12-09T02:32:33.715+0000][1][safepoint    ] Total time for which application threads were stopped: 0.0581076 seconds, Stopping threads took: 0.0580510 seconds
[2019-12-09T02:32:34.716+0000][1][safepoint    ] Application time: 1.0007883 seconds
[2019-12-09T02:32:34.754+0000][1][safepoint    ] Entering safepoint region: Cleanup
[2019-12-09T02:32:34.754+0000][1][safepoint    ] Leaving safepoint region
[2019-12-09T02:32:34.754+0000][1][safepoint    ] Total time for which application threads were stopped: 0.0380715 seconds, Stopping threads took: 0.0380107 seconds
[2019-12-09T02:32:35.786+0000][1][safepoint    ] Application time: 1.0318768 seconds
[2019-12-09T02:32:35.786+0000][1][safepoint    ] Entering safepoint region: Cleanup
[2019-12-09T02:32:35.786+0000][1][safepoint    ] Leaving safepoint region
[2019-12-09T02:32:35.786+0000][1][safepoint    ] Total time for which application threads were stopped: 0.0001513 seconds, Stopping threads took: 0.0000983 seconds
[2019-12-09T02:32:35.984+0000][1][safepoint    ] Application time: 0.1984207 seconds
[2019-12-09T02:32:35.984+0000][1][safepoint    ] Entering safepoint region: GenCollectForAllocation
[2019-12-09T02:32:35.984+0000][1][gc,start     ] GC(13) Pause Young (Allocation Failure)
[2019-12-09T02:32:35.985+0000][1][gc,task      ] GC(13) Using 2 workers of 2 for evacuation
[2019-12-09T02:32:36.176+0000][1][gc,age       ] GC(13) Desired survivor size 4456448 bytes, new threshold 1 (max threshold 6)
[2019-12-09T02:32:36.176+0000][1][gc,age       ] GC(13) Age table with threshold 1 (max threshold 6)
[2019-12-09T02:32:36.176+0000][1][gc,age       ] GC(13) - age   1:    6762248 bytes,    6762248 total
[2019-12-09T02:32:36.176+0000][1][gc,age       ] GC(13) - age   2:     741648 bytes,    7503896 total
[2019-12-09T02:32:36.176+0000][1][gc,age       ] GC(13) - age   3:     305768 bytes,    7809664 total
[2019-12-09T02:32:36.176+0000][1][gc,age       ] GC(13) - age   4:      97640 bytes,    7907304 total
[2019-12-09T02:32:36.176+0000][1][gc,age       ] GC(13) - age   5:     620616 bytes,    8527920 total
[2019-12-09T02:32:36.176+0000][1][gc,age       ] GC(13) - age   6:     384776 bytes,    8912696 total
[2019-12-09T02:32:36.176+0000][1][gc,heap      ] GC(13) ParNew: 74927K->8704K(78656K)
[2019-12-09T02:32:36.176+0000][1][gc,heap      ] GC(13) CMS: 14190K->21764K(174784K)
[2019-12-09T02:32:36.176+0000][1][gc,metaspace ] GC(13) Metaspace: 27009K->27009K(1075200K)
[2019-12-09T02:32:36.176+0000][1][gc           ] GC(13) Pause Young (Allocation Failure) 87M->29M(247M) 191.659ms
[2019-12-09T02:32:36.176+0000][1][gc,cpu       ] GC(13) User=0.08s Sys=0.00s Real=0.20s
[2019-12-09T02:32:36.176+0000][1][safepoint    ] Leaving safepoint region
[2019-12-09T02:32:36.176+0000][1][safepoint    ] Total time for which application threads were stopped: 0.1918223 seconds, Stopping threads took: 0.0000487 seconds
[2019-12-09T02:32:37.178+0000][1][safepoint    ] Application time: 1.0014966 seconds
[2019-12-09T02:32:37.217+0000][1][safepoint    ] Entering safepoint region: Cleanup
[2019-12-09T02:32:37.217+0000][1][safepoint    ] Leaving safepoint region
[2019-12-09T02:32:37.217+0000][1][safepoint    ] Total time for which application threads were stopped: 0.0390950 seconds, Stopping threads took: 0.0390496 seconds
[2019-12-09T02:32:39.226+0000][1][safepoint    ] Application time: 2.0088537 seconds
[2019-12-09T02:32:39.270+0000][1][safepoint    ] Entering safepoint region: Cleanup
[2019-12-09T02:32:39.270+0000][1][safepoint    ] Leaving safepoint region
[2019-12-09T02:32:39.270+0000][1][safepoint    ] Total time for which application threads were stopped: 0.0440615 seconds, Stopping threads took: 0.0440146 seconds
[2019-12-09T02:32:39.905+0000][1][safepoint    ] Application time: 0.6355042 seconds
[2019-12-09T02:32:39.905+0000][1][safepoint    ] Entering safepoint region: GenCollectForAllocation
[2019-12-09T02:32:39.905+0000][1][gc,start     ] GC(14) Pause Young (Allocation Failure)
[2019-12-09T02:32:39.905+0000][1][gc,task      ] GC(14) Using 2 workers of 2 for evacuation
[2019-12-09T02:32:40.478+0000][1][gc,age       ] GC(14) Desired survivor size 4456448 bytes, new threshold 1 (max threshold 6)
[2019-12-09T02:32:40.478+0000][1][gc,age       ] GC(14) Age table with threshold 1 (max threshold 6)
[2019-12-09T02:32:40.478+0000][1][gc,age       ] GC(14) - age   1:    7933640 bytes,    7933640 total
[2019-12-09T02:32:40.478+0000][1][gc,heap      ] GC(14) ParNew: 78656K->8704K(78656K)
[2019-12-09T02:32:40.478+0000][1][gc,heap      ] GC(14) CMS: 21764K->35634K(174784K)
[2019-12-09T02:32:40.478+0000][1][gc,metaspace ] GC(14) Metaspace: 27029K->27029K(1075200K)
[2019-12-09T02:32:40.478+0000][1][gc           ] GC(14) Pause Young (Allocation Failure) 98M->43M(247M) 572.815ms
[2019-12-09T02:32:40.478+0000][1][gc,cpu       ] GC(14) User=0.14s Sys=0.00s Real=0.57s
[2019-12-09T02:32:40.478+0000][1][safepoint    ] Leaving safepoint region
[2019-12-09T02:32:40.478+0000][1][safepoint    ] Total time for which application threads were stopped: 0.5729424 seconds, Stopping threads took: 0.0000143 seconds
[2019-12-09T02:32:41.354+0000][1][safepoint    ] Application time: 0.8758316 seconds
[2019-12-09T02:32:41.354+0000][1][safepoint    ] Entering safepoint region: Deoptimize
[2019-12-09T02:32:41.355+0000][1][safepoint    ] Leaving safepoint region
[2019-12-09T02:32:41.355+0000][1][safepoint    ] Total time for which application threads were stopped: 0.0005202 seconds, Stopping threads took: 0.0000141 seconds
[2019-12-09T02:32:42.363+0000][1][safepoint    ] Application time: 1.0080250 seconds
[2019-12-09T02:32:42.409+0000][1][safepoint    ] Entering safepoint region: Cleanup
[2019-12-09T02:32:42.409+0000][1][safepoint    ] Leaving safepoint region
[2019-12-09T02:32:42.409+0000][1][safepoint    ] Total time for which application threads were stopped: 0.0460932 seconds, Stopping threads took: 0.0460288 seconds
[2019-12-09T02:32:43.322+0000][1][safepoint    ] Application time: 0.9134492 seconds
[2019-12-09T02:32:43.322+0000][1][safepoint    ] Entering safepoint region: RevokeBias
[2019-12-09T02:32:43.322+0000][1][safepoint    ] Leaving safepoint region
[2019-12-09T02:32:43.322+0000][1][safepoint    ] Total time for which application threads were stopped: 0.0001078 seconds, Stopping threads took: 0.0000133 seconds
[2019-12-09T02:32:44.340+0000][1][safepoint    ] Application time: 1.0172038 seconds
[2019-12-09T02:32:44.340+0000][1][safepoint    ] Entering safepoint region: Cleanup
[2019-12-09T02:32:44.340+0000][1][safepoint    ] Leaving safepoint region
[2019-12-09T02:32:44.340+0000][1][safepoint    ] Total time for which application threads were stopped: 0.0000711 seconds, Stopping threads took: 0.0000150 seconds
[2019-12-09T02:32:45.343+0000][1][safepoint    ] Application time: 1.0028790 seconds
[2019-12-09T02:32:45.343+0000][1][safepoint    ] Entering safepoint region: Cleanup
[2019-12-09T02:32:45.343+0000][1][safepoint    ] Leaving safepoint region
[2019-12-09T02:32:45.343+0000][1][safepoint    ] Total time for which application threads were stopped: 0.0002601 seconds, Stopping threads took: 0.0001890 seconds
[2019-12-09T02:32:45.960+0000][1][safepoint    ] Application time: 0.6166961 seconds
[2019-12-09T02:32:45.960+0000][1][safepoint    ] Entering safepoint region: GenCollectForAllocation
[2019-12-09T02:32:45.960+0000][1][gc,start     ] GC(15) Pause Young (Allocation Failure)
[2019-12-09T02:32:45.960+0000][1][gc,task      ] GC(15) Using 2 workers of 2 for evacuation
[2019-12-09T02:32:46.355+0000][1][gc,age       ] GC(15) Desired survivor size 4456448 bytes, new threshold 1 (max threshold 6)
[2019-12-09T02:32:46.355+0000][1][gc,age       ] GC(15) Age table with threshold 1 (max threshold 6)
[2019-12-09T02:32:46.355+0000][1][gc,age       ] GC(15) - age   1:    8912816 bytes,    8912816 total
[2019-12-09T02:32:46.355+0000][1][gc,heap      ] GC(15) ParNew: 78656K->8704K(78656K)
[2019-12-09T02:32:46.355+0000][1][gc,heap      ] GC(15) CMS: 35634K->46135K(174784K)
[2019-12-09T02:32:46.355+0000][1][gc,metaspace ] GC(15) Metaspace: 29528K->29528K(1077248K)
[2019-12-09T02:32:46.355+0000][1][gc           ] GC(15) Pause Young (Allocation Failure) 111M->53M(247M) 395.521ms
[2019-12-09T02:32:46.355+0000][1][gc,cpu       ] GC(15) User=0.14s Sys=0.00s Real=0.40s
[2019-12-09T02:32:46.355+0000][1][safepoint    ] Leaving safepoint region
[2019-12-09T02:32:46.355+0000][1][safepoint    ] Total time for which application threads were stopped: 0.3956507 seconds, Stopping threads took: 0.0000144 seconds
[2019-12-09T02:32:47.435+0000][1][safepoint    ] Application time: 1.0792932 seconds
[2019-12-09T02:32:47.468+0000][1][safepoint    ] Entering safepoint region: Cleanup
[2019-12-09T02:32:47.468+0000][1][safepoint    ] Leaving safepoint region
[2019-12-09T02:32:47.468+0000][1][safepoint    ] Total time for which application threads were stopped: 0.0330531 seconds, Stopping threads took: 0.0330018 seconds
[2019-12-09T02:32:47.472+0000][1][safepoint    ] Application time: 0.0038079 seconds
[2019-12-09T02:32:47.472+0000][1][safepoint    ] Entering safepoint region: RevokeBias
[2019-12-09T02:32:47.472+0000][1][safepoint    ] Leaving safepoint region
[2019-12-09T02:32:47.472+0000][1][safepoint    ] Total time for which application threads were stopped: 0.0000941 seconds, Stopping threads took: 0.0000125 seconds
[2019-12-09T02:32:47.589+0000][1][safepoint    ] Application time: 0.1176793 seconds
[2019-12-09T02:32:47.589+0000][1][safepoint    ] Entering safepoint region: RevokeBias
[2019-12-09T02:32:47.590+0000][1][safepoint    ] Leaving safepoint region
[2019-12-09T02:32:47.590+0000][1][safepoint    ] Total time for which application threads were stopped: 0.0000756 seconds, Stopping threads took: 0.0000133 seconds
[2019-12-09T02:32:47.648+0000][1][safepoint    ] Application time: 0.0586781 seconds
[2019-12-09T02:32:47.648+0000][1][safepoint    ] Entering safepoint region: RevokeBias
[2019-12-09T02:32:47.648+0000][1][safepoint    ] Leaving safepoint region
[2019-12-09T02:32:47.648+0000][1][safepoint    ] Total time for which application threads were stopped: 0.0000804 seconds, Stopping threads took: 0.0000133 seconds
[2019-12-09T02:32:48.673+0000][1][safepoint    ] Application time: 1.0243702 seconds
[2019-12-09T02:32:48.691+0000][1][safepoint    ] Entering safepoint region: Cleanup
[2019-12-09T02:32:48.691+0000][1][safepoint    ] Leaving safepoint region
[2019-12-09T02:32:48.691+0000][1][safepoint    ] Total time for which application threads were stopped: 0.0180488 seconds, Stopping threads took: 0.0180073 seconds
[2019-12-09T02:32:49.684+0000][1][safepoint    ] Application time: 0.9934285 seconds
[2019-12-09T02:32:49.684+0000][1][safepoint    ] Entering safepoint region: GenCollectForAllocation
[2019-12-09T02:32:49.684+0000][1][gc,start     ] GC(16) Pause Young (Allocation Failure)
[2019-12-09T02:32:49.684+0000][1][gc,task      ] GC(16) Using 2 workers of 2 for evacuation
[2019-12-09T02:32:49.884+0000][1][gc,age       ] GC(16) Desired survivor size 4456448 bytes, new threshold 6 (max threshold 6)
[2019-12-09T02:32:49.884+0000][1][gc,age       ] GC(16) Age table with threshold 6 (max threshold 6)
[2019-12-09T02:32:49.884+0000][1][gc,age       ] GC(16) - age   1:    1259896 bytes,    1259896 total
[2019-12-09T02:32:49.884+0000][1][gc,heap      ] GC(16) ParNew: 78656K->8442K(78656K)
[2019-12-09T02:32:49.884+0000][1][gc,heap      ] GC(16) CMS: 46135K->54894K(174784K)
[2019-12-09T02:32:49.884+0000][1][gc,metaspace ] GC(16) Metaspace: 32985K->32985K(1079296K)
[2019-12-09T02:32:49.885+0000][1][gc           ] GC(16) Pause Young (Allocation Failure) 121M->61M(247M) 200.109ms
[2019-12-09T02:32:49.885+0000][1][gc,cpu       ] GC(16) User=0.06s Sys=0.00s Real=0.20s
[2019-12-09T02:32:49.885+0000][1][safepoint    ] Leaving safepoint region
[2019-12-09T02:32:49.885+0000][1][safepoint    ] Total time for which application threads were stopped: 0.2002719 seconds, Stopping threads took: 0.0000141 seconds
[2019-12-09T02:32:50.888+0000][1][safepoint    ] Application time: 1.0031265 seconds
[2019-12-09T02:32:50.929+0000][1][safepoint    ] Entering safepoint region: Cleanup
[2019-12-09T02:32:50.929+0000][1][safepoint    ] Leaving safepoint region
[2019-12-09T02:32:50.929+0000][1][safepoint    ] Total time for which application threads were stopped: 0.0410962 seconds, Stopping threads took: 0.0410229 seconds
[2019-12-09T02:32:51.686+0000][1][safepoint    ] Application time: 0.7569756 seconds
[2019-12-09T02:32:51.686+0000][1][safepoint    ] Entering safepoint region: CollectForMetadataAllocation
[2019-12-09T02:32:51.686+0000][1][safepoint    ] Leaving safepoint region
[2019-12-09T02:32:51.686+0000][1][safepoint    ] Total time for which application threads were stopped: 0.0002867 seconds, Stopping threads took: 0.0000136 seconds
[2019-12-09T02:32:51.894+0000][1][safepoint    ] Application time: 0.2076107 seconds
[2019-12-09T02:32:51.894+0000][1][safepoint    ] Entering safepoint region: CMS_Initial_Mark
[2019-12-09T02:32:51.894+0000][1][gc,start     ] GC(17) Pause Initial Mark
[2019-12-09T02:32:52.084+0000][1][gc           ] GC(17) Pause Initial Mark 123M->123M(247M) 190.499ms
[2019-12-09T02:32:52.084+0000][1][gc,cpu       ] GC(17) User=0.07s Sys=0.00s Real=0.19s
[2019-12-09T02:32:52.084+0000][1][safepoint    ] Leaving safepoint region
[2019-12-09T02:32:52.084+0000][1][safepoint    ] Total time for which application threads were stopped: 0.1906728 seconds, Stopping threads took: 0.0000445 seconds
[2019-12-09T02:32:52.085+0000][1][gc           ] GC(17) Concurrent Mark
[2019-12-09T02:32:52.448+0000][1][safepoint    ] Application time: 0.3632846 seconds
[2019-12-09T02:32:52.448+0000][1][safepoint    ] Entering safepoint region: CollectForMetadataAllocation
[2019-12-09T02:32:52.448+0000][1][safepoint    ] Leaving safepoint region
[2019-12-09T02:32:52.448+0000][1][safepoint    ] Total time for which application threads were stopped: 0.0002326 seconds, Stopping threads took: 0.0000143 seconds
[2019-12-09T02:32:52.863+0000][1][gc           ] GC(17) Concurrent Mark 778.455ms
[2019-12-09T02:32:52.863+0000][1][gc,cpu       ] GC(17) User=0.22s Sys=0.00s Real=0.78s
[2019-12-09T02:32:52.863+0000][1][gc           ] GC(17) Concurrent Preclean
[2019-12-09T02:32:52.899+0000][1][gc           ] GC(17) Concurrent Preclean 35.710ms
[2019-12-09T02:32:52.899+0000][1][gc,cpu       ] GC(17) User=0.01s Sys=0.00s Real=0.04s
[2019-12-09T02:32:52.899+0000][1][safepoint    ] Application time: 0.4507968 seconds
[2019-12-09T02:32:52.899+0000][1][safepoint    ] Entering safepoint region: CollectForMetadataAllocation
[2019-12-09T02:32:52.899+0000][1][safepoint    ] Leaving safepoint region
[2019-12-09T02:32:52.899+0000][1][safepoint    ] Total time for which application threads were stopped: 0.0002140 seconds, Stopping threads took: 0.0000117 seconds
[2019-12-09T02:32:52.899+0000][1][gc           ] GC(17) Concurrent Abortable Preclean
[2019-12-09T02:32:53.072+0000][1][safepoint    ] Application time: 0.1727034 seconds
[2019-12-09T02:32:53.072+0000][1][safepoint    ] Entering safepoint region: CollectForMetadataAllocation
[2019-12-09T02:32:53.072+0000][1][safepoint    ] Leaving safepoint region
[2019-12-09T02:32:53.072+0000][1][safepoint    ] Total time for which application threads were stopped: 0.0002432 seconds, Stopping threads took: 0.0000138 seconds
[2019-12-09T02:32:53.205+0000][1][safepoint    ] Application time: 0.1326467 seconds
[2019-12-09T02:32:53.205+0000][1][safepoint    ] Entering safepoint region: CollectForMetadataAllocation
[2019-12-09T02:32:53.205+0000][1][safepoint    ] Leaving safepoint region
[2019-12-09T02:32:53.205+0000][1][safepoint    ] Total time for which application threads were stopped: 0.0002301 seconds, Stopping threads took: 0.0000144 seconds
[2019-12-09T02:32:53.352+0000][1][safepoint    ] Application time: 0.1467484 seconds
[2019-12-09T02:32:53.352+0000][1][safepoint    ] Entering safepoint region: CollectForMetadataAllocation
[2019-12-09T02:32:53.352+0000][1][safepoint    ] Leaving safepoint region
[2019-12-09T02:32:53.352+0000][1][safepoint    ] Total time for which application threads were stopped: 0.0002315 seconds, Stopping threads took: 0.0000129 seconds
[2019-12-09T02:32:53.495+0000][1][safepoint    ] Application time: 0.1426981 seconds
[2019-12-09T02:32:53.495+0000][1][safepoint    ] Entering safepoint region: CollectForMetadataAllocation
[2019-12-09T02:32:53.495+0000][1][safepoint    ] Leaving safepoint region
[2019-12-09T02:32:53.495+0000][1][safepoint    ] Total time for which application threads were stopped: 0.0002430 seconds, Stopping threads took: 0.0000253 seconds
[2019-12-09T02:32:53.556+0000][1][safepoint    ] Application time: 0.0607365 seconds
[2019-12-09T02:32:53.561+0000][1][safepoint    ] Entering safepoint region: GenCollectForAllocation
[2019-12-09T02:32:53.561+0000][1][gc,start     ] GC(18) Pause Young (Allocation Failure)
[2019-12-09T02:32:53.561+0000][1][gc,task      ] GC(18) Using 2 workers of 2 for evacuation
[2019-12-09T02:32:53.726+0000][1][gc,age       ] GC(18) Desired survivor size 4456448 bytes, new threshold 6 (max threshold 6)
[2019-12-09T02:32:53.726+0000][1][gc,age       ] GC(18) Age table with threshold 6 (max threshold 6)
[2019-12-09T02:32:53.726+0000][1][gc,age       ] GC(18) - age   1:    1970720 bytes,    1970720 total
[2019-12-09T02:32:53.726+0000][1][gc,age       ] GC(18) - age   2:    1193760 bytes,    3164480 total
[2019-12-09T02:32:53.726+0000][1][gc,heap      ] GC(18) ParNew: 78394K->4682K(78656K)
[2019-12-09T02:32:53.726+0000][1][gc,heap      ] GC(18) CMS: 54894K->54894K(174784K)
[2019-12-09T02:32:53.726+0000][1][gc,metaspace ] GC(18) Metaspace: 35456K->35456K(1081344K)
[2019-12-09T02:32:53.726+0000][1][gc           ] GC(18) Pause Young (Allocation Failure) 130M->58M(247M) 165.303ms
[2019-12-09T02:32:53.726+0000][1][gc,cpu       ] GC(18) User=0.02s Sys=0.00s Real=0.17s
[2019-12-09T02:32:53.726+0000][1][safepoint    ] Leaving safepoint region
[2019-12-09T02:32:53.726+0000][1][safepoint    ] Total time for which application threads were stopped: 0.1703916 seconds, Stopping threads took: 0.0049713 seconds
[2019-12-09T02:32:53.935+0000][1][safepoint    ] Application time: 0.2085646 seconds
[2019-12-09T02:32:53.935+0000][1][safepoint    ] Entering safepoint region: CollectForMetadataAllocation
[2019-12-09T02:32:53.935+0000][1][safepoint    ] Leaving safepoint region
[2019-12-09T02:32:53.935+0000][1][safepoint    ] Total time for which application threads were stopped: 0.0002253 seconds, Stopping threads took: 0.0000135 seconds
[2019-12-09T02:32:54.088+0000][1][safepoint    ] Application time: 0.1527585 seconds
[2019-12-09T02:32:54.088+0000][1][safepoint    ] Entering safepoint region: CollectForMetadataAllocation
[2019-12-09T02:32:54.088+0000][1][safepoint    ] Leaving safepoint region
[2019-12-09T02:32:54.088+0000][1][safepoint    ] Total time for which application threads were stopped: 0.0002295 seconds, Stopping threads took: 0.0000133 seconds
[2019-12-09T02:32:54.250+0000][1][safepoint    ] Application time: 0.1616124 seconds
[2019-12-09T02:32:54.250+0000][1][safepoint    ] Entering safepoint region: CollectForMetadataAllocation
[2019-12-09T02:32:54.250+0000][1][safepoint    ] Leaving safepoint region
[2019-12-09T02:32:54.250+0000][1][safepoint    ] Total time for which application threads were stopped: 0.0001636 seconds, Stopping threads took: 0.0000205 seconds
[2019-12-09T02:32:54.569+0000][1][safepoint    ] Application time: 0.3187932 seconds
[2019-12-09T02:32:54.569+0000][1][safepoint    ] Entering safepoint region: CollectForMetadataAllocation
[2019-12-09T02:32:54.569+0000][1][safepoint    ] Leaving safepoint region
[2019-12-09T02:32:54.569+0000][1][safepoint    ] Total time for which application threads were stopped: 0.0002845 seconds, Stopping threads took: 0.0000434 seconds
[2019-12-09T02:32:54.651+0000][1][safepoint    ] Application time: 0.0817286 seconds
[2019-12-09T02:32:54.651+0000][1][safepoint    ] Entering safepoint region: RevokeBias
[2019-12-09T02:32:54.651+0000][1][safepoint    ] Leaving safepoint region
[2019-12-09T02:32:54.651+0000][1][safepoint    ] Total time for which application threads were stopped: 0.0001265 seconds, Stopping threads took: 0.0000157 seconds
[2019-12-09T02:32:54.889+0000][1][safepoint    ] Application time: 0.2379746 seconds
[2019-12-09T02:32:54.889+0000][1][safepoint    ] Entering safepoint region: CollectForMetadataAllocation
[2019-12-09T02:32:54.889+0000][1][safepoint    ] Leaving safepoint region
[2019-12-09T02:32:54.889+0000][1][safepoint    ] Total time for which application threads were stopped: 0.0002165 seconds, Stopping threads took: 0.0000119 seconds
[2019-12-09T02:32:54.900+0000][1][safepoint    ] Application time: 0.0105791 seconds
[2019-12-09T02:32:54.900+0000][1][safepoint    ] Entering safepoint region: CollectForMetadataAllocation
[2019-12-09T02:32:54.900+0000][1][safepoint    ] Leaving safepoint region
[2019-12-09T02:32:54.900+0000][1][safepoint    ] Total time for which application threads were stopped: 0.0002417 seconds, Stopping threads took: 0.0001907 seconds
[2019-12-09T02:32:55.095+0000][1][safepoint    ] Application time: 0.1947662 seconds
[2019-12-09T02:32:55.095+0000][1][safepoint    ] Entering safepoint region: CollectForMetadataAllocation
[2019-12-09T02:32:55.095+0000][1][safepoint    ] Leaving safepoint region
[2019-12-09T02:32:55.095+0000][1][safepoint    ] Total time for which application threads were stopped: 0.0002254 seconds, Stopping threads took: 0.0000140 seconds
[2019-12-09T02:32:55.391+0000][1][safepoint    ] Application time: 0.2956832 seconds
[2019-12-09T02:32:55.391+0000][1][safepoint    ] Entering safepoint region: CollectForMetadataAllocation
[2019-12-09T02:32:55.391+0000][1][safepoint    ] Leaving safepoint region
[2019-12-09T02:32:55.391+0000][1][safepoint    ] Total time for which application threads were stopped: 0.0002375 seconds, Stopping threads took: 0.0000413 seconds
[2019-12-09T02:32:55.690+0000][1][safepoint    ] Application time: 0.2988760 seconds
[2019-12-09T02:32:55.690+0000][1][safepoint    ] Entering safepoint region: CollectForMetadataAllocation
[2019-12-09T02:32:55.690+0000][1][safepoint    ] Leaving safepoint region
[2019-12-09T02:32:55.690+0000][1][safepoint    ] Total time for which application threads were stopped: 0.0001666 seconds, Stopping threads took: 0.0000137 seconds
[2019-12-09T02:32:56.061+0000][1][safepoint    ] Application time: 0.3707150 seconds
[2019-12-09T02:32:56.061+0000][1][safepoint    ] Entering safepoint region: CollectForMetadataAllocation
[2019-12-09T02:32:56.061+0000][1][safepoint    ] Leaving safepoint region
[2019-12-09T02:32:56.061+0000][1][safepoint    ] Total time for which application threads were stopped: 0.0002234 seconds, Stopping threads took: 0.0000145 seconds
[2019-12-09T02:32:56.281+0000][1][safepoint    ] Application time: 0.2197270 seconds
[2019-12-09T02:32:56.281+0000][1][safepoint    ] Entering safepoint region: CollectForMetadataAllocation
[2019-12-09T02:32:56.281+0000][1][safepoint    ] Leaving safepoint region
[2019-12-09T02:32:56.281+0000][1][safepoint    ] Total time for which application threads were stopped: 0.0002528 seconds, Stopping threads took: 0.0000448 seconds
[2019-12-09T02:32:56.617+0000][1][safepoint    ] Application time: 0.3361227 seconds
[2019-12-09T02:32:56.617+0000][1][safepoint    ] Entering safepoint region: CollectForMetadataAllocation
[2019-12-09T02:32:56.617+0000][1][safepoint    ] Leaving safepoint region
[2019-12-09T02:32:56.617+0000][1][safepoint    ] Total time for which application threads were stopped: 0.0002383 seconds, Stopping threads took: 0.0000141 seconds
[2019-12-09T02:32:56.847+0000][1][safepoint    ] Application time: 0.2297901 seconds
[2019-12-09T02:32:56.847+0000][1][safepoint    ] Entering safepoint region: CollectForMetadataAllocation
[2019-12-09T02:32:56.848+0000][1][safepoint    ] Leaving safepoint region
[2019-12-09T02:32:56.848+0000][1][safepoint    ] Total time for which application threads were stopped: 0.0002295 seconds, Stopping threads took: 0.0000214 seconds
[2019-12-09T02:32:57.099+0000][1][safepoint    ] Application time: 0.2513732 seconds
[2019-12-09T02:32:57.099+0000][1][safepoint    ] Entering safepoint region: CollectForMetadataAllocation
[2019-12-09T02:32:57.099+0000][1][safepoint    ] Leaving safepoint region
[2019-12-09T02:32:57.099+0000][1][safepoint    ] Total time for which application threads were stopped: 0.0002358 seconds, Stopping threads took: 0.0000139 seconds
[2019-12-09T02:32:57.358+0000][1][safepoint    ] Application time: 0.2585229 seconds
[2019-12-09T02:32:57.358+0000][1][safepoint    ] Entering safepoint region: CollectForMetadataAllocation
[2019-12-09T02:32:57.358+0000][1][safepoint    ] Leaving safepoint region
[2019-12-09T02:32:57.358+0000][1][safepoint    ] Total time for which application threads were stopped: 0.0002387 seconds, Stopping threads took: 0.0000142 seconds
[2019-12-09T02:32:57.640+0000][1][safepoint    ] Application time: 0.2822028 seconds
[2019-12-09T02:32:57.640+0000][1][safepoint    ] Entering safepoint region: CollectForMetadataAllocation
[2019-12-09T02:32:57.640+0000][1][safepoint    ] Leaving safepoint region
[2019-12-09T02:32:57.640+0000][1][safepoint    ] Total time for which application threads were stopped: 0.0001568 seconds, Stopping threads took: 0.0000137 seconds
[2019-12-09T02:32:57.867+0000][1][safepoint    ] Application time: 0.2262229 seconds
[2019-12-09T02:32:57.867+0000][1][safepoint    ] Entering safepoint region: CollectForMetadataAllocation
[2019-12-09T02:32:57.867+0000][1][safepoint    ] Leaving safepoint region
[2019-12-09T02:32:57.867+0000][1][safepoint    ] Total time for which application threads were stopped: 0.0002370 seconds, Stopping threads took: 0.0000175 seconds
[2019-12-09T02:32:58.067+0000][1][gc           ] GC(17) Concurrent Abortable Preclean 5167.476ms
[2019-12-09T02:32:58.067+0000][1][gc,cpu       ] GC(17) User=1.53s Sys=0.03s Real=5.17s
[2019-12-09T02:32:58.067+0000][1][safepoint    ] Application time: 0.1997773 seconds
[2019-12-09T02:32:58.069+0000][1][safepoint    ] Entering safepoint region: CMS_Final_Remark
[2019-12-09T02:32:58.069+0000][1][gc,start     ] GC(17) Pause Remark
[2019-12-09T02:32:58.138+0000][1][gc           ] GC(17) Pause Remark 80M->80M(247M) 69.098ms
[2019-12-09T02:32:58.138+0000][1][gc,cpu       ] GC(17) User=0.02s Sys=0.00s Real=0.07s
[2019-12-09T02:32:58.138+0000][1][safepoint    ] Leaving safepoint region
[2019-12-09T02:32:58.138+0000][1][safepoint    ] Total time for which application threads were stopped: 0.0712402 seconds, Stopping threads took: 0.0020165 seconds
[2019-12-09T02:32:58.160+0000][1][gc           ] GC(17) Concurrent Sweep
[2019-12-09T02:32:58.262+0000][1][safepoint    ] Application time: 0.1242956 seconds
[2019-12-09T02:32:58.262+0000][1][safepoint    ] Entering safepoint region: CollectForMetadataAllocation
[2019-12-09T02:32:58.263+0000][1][safepoint    ] Leaving safepoint region
[2019-12-09T02:32:58.263+0000][1][safepoint    ] Total time for which application threads were stopped: 0.0008212 seconds, Stopping threads took: 0.0000139 seconds
[2019-12-09T02:32:58.317+0000][1][safepoint    ] Application time: 0.0535928 seconds
[2019-12-09T02:32:58.317+0000][1][safepoint    ] Entering safepoint region: CollectForMetadataAllocation
[2019-12-09T02:32:58.317+0000][1][safepoint    ] Leaving safepoint region
[2019-12-09T02:32:58.317+0000][1][safepoint    ] Total time for which application threads were stopped: 0.0002017 seconds, Stopping threads took: 0.0000133 seconds
[2019-12-09T02:32:58.403+0000][1][gc           ] GC(17) Concurrent Sweep 243.291ms
[2019-12-09T02:32:58.403+0000][1][gc,cpu       ] GC(17) User=0.10s Sys=0.00s Real=0.24s
[2019-12-09T02:32:58.403+0000][1][gc           ] GC(17) Concurrent Reset
[2019-12-09T02:32:58.403+0000][1][gc           ] GC(17) Concurrent Reset 0.345ms
[2019-12-09T02:32:58.403+0000][1][gc,cpu       ] GC(17) User=0.00s Sys=0.00s Real=0.00s
[2019-12-09T02:32:58.403+0000][1][gc,heap      ] GC(17) Old: 54894K->54703K(174784K)
[2019-12-09T02:32:59.155+0000][1][safepoint    ] Application time: 0.8377367 seconds
[2019-12-09T02:32:59.163+0000][1][safepoint    ] Entering safepoint region: RevokeBias
[2019-12-09T02:32:59.163+0000][1][safepoint    ] Leaving safepoint region
[2019-12-09T02:32:59.163+0000][1][safepoint    ] Total time for which application threads were stopped: 0.0080864 seconds, Stopping threads took: 0.0080106 seconds
[2019-12-09T02:32:59.163+0000][1][safepoint    ] Application time: 0.0000802 seconds
[2019-12-09T02:32:59.163+0000][1][safepoint    ] Entering safepoint region: RevokeBias
[2019-12-09T02:32:59.163+0000][1][safepoint    ] Leaving safepoint region
[2019-12-09T02:32:59.163+0000][1][safepoint    ] Total time for which application threads were stopped: 0.0000391 seconds, Stopping threads took: 0.0000085 seconds
[2019-12-09T02:32:59.163+0000][1][safepoint    ] Application time: 0.0001347 seconds
[2019-12-09T02:32:59.163+0000][1][safepoint    ] Entering safepoint region: RevokeBias
[2019-12-09T02:32:59.163+0000][1][safepoint    ] Leaving safepoint region
[2019-12-09T02:32:59.163+0000][1][safepoint    ] Total time for which application threads were stopped: 0.0000439 seconds, Stopping threads took: 0.0000083 seconds
[2019-12-09T02:32:59.163+0000][1][safepoint    ] Application time: 0.0000679 seconds
[2019-12-09T02:32:59.163+0000][1][safepoint    ] Entering safepoint region: RevokeBias
[2019-12-09T02:32:59.163+0000][1][safepoint    ] Leaving safepoint region
[2019-12-09T02:32:59.163+0000][1][safepoint    ] Total time for which application threads were stopped: 0.0000410 seconds, Stopping threads took: 0.0000067 seconds
[2019-12-09T02:33:00.167+0000][1][safepoint    ] Application time: 1.0034091 seconds
[2019-12-09T02:33:00.219+0000][1][safepoint    ] Entering safepoint region: Cleanup
[2019-12-09T02:33:00.219+0000][1][safepoint    ] Leaving safepoint region
[2019-12-09T02:33:00.219+0000][1][safepoint    ] Total time for which application threads were stopped: 0.0520940 seconds, Stopping threads took: 0.0520310 seconds
[2019-12-09T02:33:01.227+0000][1][safepoint    ] Application time: 1.0078777 seconds
[2019-12-09T02:33:01.271+0000][1][safepoint    ] Entering safepoint region: Cleanup
[2019-12-09T02:33:01.271+0000][1][safepoint    ] Leaving safepoint region
[2019-12-09T02:33:01.271+0000][1][safepoint    ] Total time for which application threads were stopped: 0.0440537 seconds, Stopping threads took: 0.0439928 seconds
[2019-12-09T02:33:02.314+0000][1][safepoint    ] Application time: 1.0428799 seconds
[2019-12-09T02:33:02.353+0000][1][safepoint    ] Entering safepoint region: Cleanup
[2019-12-09T02:33:02.353+0000][1][safepoint    ] Leaving safepoint region
[2019-12-09T02:33:02.353+0000][1][safepoint    ] Total time for which application threads were stopped: 0.0391095 seconds, Stopping threads took: 0.0390663 seconds
[2019-12-09T02:33:03.355+0000][1][safepoint    ] Application time: 1.0018163 seconds
[2019-12-09T02:33:03.355+0000][1][safepoint    ] Entering safepoint region: Cleanup
[2019-12-09T02:33:03.355+0000][1][safepoint    ] Leaving safepoint region
[2019-12-09T02:33:03.355+0000][1][safepoint    ] Total time for which application threads were stopped: 0.0001351 seconds, Stopping threads took: 0.0000876 seconds
[2019-12-09T02:33:04.158+0000][1][safepoint    ] Application time: 0.8029263 seconds
[2019-12-09T02:33:04.249+0000][1][safepoint    ] Entering safepoint region: RevokeBias
[2019-12-09T02:33:04.249+0000][1][safepoint    ] Leaving safepoint region
[2019-12-09T02:33:04.249+0000][1][safepoint    ] Total time for which application threads were stopped: 0.0910372 seconds, Stopping threads took: 0.0908872 seconds
[2019-12-09T02:33:04.252+0000][1][safepoint    ] Application time: 0.0028479 seconds
[2019-12-09T02:33:04.299+0000][1][safepoint    ] Entering safepoint region: RevokeBias
[2019-12-09T02:33:04.299+0000][1][safepoint    ] Leaving safepoint region
[2019-12-09T02:33:04.299+0000][1][safepoint    ] Total time for which application threads were stopped: 0.0470998 seconds, Stopping threads took: 0.0469704 seconds
[2019-12-09T02:33:04.304+0000][1][safepoint    ] Application time: 0.0048514 seconds
[2019-12-09T02:33:04.304+0000][1][safepoint    ] Entering safepoint region: RevokeBias
[2019-12-09T02:33:04.304+0000][1][safepoint    ] Leaving safepoint region
[2019-12-09T02:33:04.304+0000][1][safepoint    ] Total time for which application threads were stopped: 0.0000991 seconds, Stopping threads took: 0.0000118 seconds
[2019-12-09T02:33:04.314+0000][1][safepoint    ] Application time: 0.0098422 seconds
[2019-12-09T02:33:04.314+0000][1][safepoint    ] Entering safepoint region: RevokeBias
[2019-12-09T02:33:04.314+0000][1][safepoint    ] Leaving safepoint region
[2019-12-09T02:33:04.314+0000][1][safepoint    ] Total time for which application threads were stopped: 0.0001325 seconds, Stopping threads took: 0.0000426 seconds
[2019-12-09T02:33:04.314+0000][1][safepoint    ] Application time: 0.0001195 seconds
[2019-12-09T02:33:04.314+0000][1][safepoint    ] Entering safepoint region: RevokeBias
[2019-12-09T02:33:04.314+0000][1][safepoint    ] Leaving safepoint region
[2019-12-09T02:33:04.314+0000][1][safepoint    ] Total time for which application threads were stopped: 0.0000716 seconds, Stopping threads took: 0.0000088 seconds
[2019-12-09T02:33:04.314+0000][1][safepoint    ] Application time: 0.0000542 seconds
[2019-12-09T02:33:04.314+0000][1][safepoint    ] Entering safepoint region: RevokeBias
[2019-12-09T02:33:04.314+0000][1][safepoint    ] Leaving safepoint region
[2019-12-09T02:33:04.314+0000][1][safepoint    ] Total time for which application threads were stopped: 0.0000589 seconds, Stopping threads took: 0.0000081 seconds
[2019-12-09T02:33:04.314+0000][1][safepoint    ] Application time: 0.0001204 seconds
[2019-12-09T02:33:04.317+0000][1][safepoint    ] Entering safepoint region: RevokeBias
[2019-12-09T02:33:04.317+0000][1][safepoint    ] Leaving safepoint region
[2019-12-09T02:33:04.317+0000][1][safepoint    ] Total time for which application threads were stopped: 0.0024674 seconds, Stopping threads took: 0.0023733 seconds
[2019-12-09T02:33:04.317+0000][1][safepoint    ] Application time: 0.0000709 seconds
[2019-12-09T02:33:04.317+0000][1][safepoint    ] Entering safepoint region: RevokeBias
[2019-12-09T02:33:04.317+0000][1][safepoint    ] Leaving safepoint region
[2019-12-09T02:33:04.317+0000][1][safepoint    ] Total time for which application threads were stopped: 0.0000597 seconds, Stopping threads took: 0.0000075 seconds
[2019-12-09T02:33:04.318+0000][1][safepoint    ] Application time: 0.0008544 seconds
[2019-12-09T02:33:04.318+0000][1][safepoint    ] Entering safepoint region: RevokeBias
[2019-12-09T02:33:04.318+0000][1][safepoint    ] Leaving safepoint region
[2019-12-09T02:33:04.318+0000][1][safepoint    ] Total time for which application threads were stopped: 0.0000853 seconds, Stopping threads took: 0.0000099 seconds
[2019-12-09T02:33:04.318+0000][1][safepoint    ] Application time: 0.0000695 seconds
[2019-12-09T02:33:04.318+0000][1][safepoint    ] Entering safepoint region: RevokeBias
[2019-12-09T02:33:04.318+0000][1][safepoint    ] Leaving safepoint region
[2019-12-09T02:33:04.318+0000][1][safepoint    ] Total time for which application threads were stopped: 0.0000689 seconds, Stopping threads took: 0.0000076 seconds
[2019-12-09T02:33:04.318+0000][1][safepoint    ] Application time: 0.0002702 seconds
[2019-12-09T02:33:04.318+0000][1][safepoint    ] Entering safepoint region: RevokeBias
[2019-12-09T02:33:04.318+0000][1][safepoint    ] Leaving safepoint region
[2019-12-09T02:33:04.318+0000][1][safepoint    ] Total time for which application threads were stopped: 0.0000837 seconds, Stopping threads took: 0.0000088 seconds
[2019-12-09T02:33:04.319+0000][1][safepoint    ] Application time: 0.0004095 seconds
[2019-12-09T02:33:04.319+0000][1][safepoint    ] Entering safepoint region: RevokeBias
[2019-12-09T02:33:04.319+0000][1][safepoint    ] Leaving safepoint region
[2019-12-09T02:33:04.319+0000][1][safepoint    ] Total time for which application threads were stopped: 0.0000803 seconds, Stopping threads took: 0.0000100 seconds
[2019-12-09T02:33:04.319+0000][1][safepoint    ] Application time: 0.0001026 seconds
[2019-12-09T02:33:04.319+0000][1][safepoint    ] Entering safepoint region: RevokeBias
[2019-12-09T02:33:04.319+0000][1][safepoint    ] Leaving safepoint region
[2019-12-09T02:33:04.319+0000][1][safepoint    ] Total time for which application threads were stopped: 0.0000610 seconds, Stopping threads took: 0.0000086 seconds
[2019-12-09T02:33:05.326+0000][1][safepoint    ] Application time: 1.0065325 seconds
[2019-12-09T02:33:05.368+0000][1][safepoint    ] Entering safepoint region: Cleanup
[2019-12-09T02:33:05.368+0000][1][safepoint    ] Leaving safepoint region
[2019-12-09T02:33:05.368+0000][1][safepoint    ] Total time for which application threads were stopped: 0.0421169 seconds, Stopping threads took: 0.0420349 seconds
[2019-12-09T02:33:05.539+0000][1][safepoint    ] Application time: 0.1709456 seconds
[2019-12-09T02:33:05.539+0000][1][safepoint    ] Entering safepoint region: GenCollectForAllocation
[2019-12-09T02:33:05.539+0000][1][gc,start     ] GC(19) Pause Young (Allocation Failure)
[2019-12-09T02:33:05.539+0000][1][gc,task      ] GC(19) Using 2 workers of 2 for evacuation
[2019-12-09T02:33:05.665+0000][1][gc,age       ] GC(19) Desired survivor size 4456448 bytes, new threshold 2 (max threshold 6)
[2019-12-09T02:33:05.665+0000][1][gc,age       ] GC(19) Age table with threshold 2 (max threshold 6)
[2019-12-09T02:33:05.665+0000][1][gc,age       ] GC(19) - age   1:    2698696 bytes,    2698696 total
[2019-12-09T02:33:05.665+0000][1][gc,age       ] GC(19) - age   2:    1943608 bytes,    4642304 total
[2019-12-09T02:33:05.665+0000][1][gc,age       ] GC(19) - age   3:    1191616 bytes,    5833920 total
[2019-12-09T02:33:05.665+0000][1][gc,heap      ] GC(19) ParNew: 74634K->5806K(78656K)
[2019-12-09T02:33:05.665+0000][1][gc,heap      ] GC(19) CMS: 54703K->54703K(174784K)
[2019-12-09T02:33:05.665+0000][1][gc,metaspace ] GC(19) Metaspace: 42989K->42989K(1089536K)
[2019-12-09T02:33:05.665+0000][1][gc           ] GC(19) Pause Young (Allocation Failure) 126M->59M(247M) 126.354ms
[2019-12-09T02:33:05.665+0000][1][gc,cpu       ] GC(19) User=0.04s Sys=0.00s Real=0.13s
[2019-12-09T02:33:05.665+0000][1][safepoint    ] Leaving safepoint region
[2019-12-09T02:33:05.665+0000][1][safepoint    ] Total time for which application threads were stopped: 0.1264988 seconds, Stopping threads took: 0.0000136 seconds
[2019-12-09T02:33:05.703+0000][1][safepoint    ] Application time: 0.0379939 seconds
[2019-12-09T02:33:05.703+0000][1][safepoint    ] Entering safepoint region: RevokeBias
[2019-12-09T02:33:05.703+0000][1][safepoint    ] Leaving safepoint region
[2019-12-09T02:33:05.703+0000][1][safepoint    ] Total time for which application threads were stopped: 0.0000678 seconds, Stopping threads took: 0.0000136 seconds
[2019-12-09T02:33:05.704+0000][1][safepoint    ] Application time: 0.0000678 seconds
[2019-12-09T02:33:05.704+0000][1][safepoint    ] Entering safepoint region: RevokeBias
[2019-12-09T02:33:05.704+0000][1][safepoint    ] Leaving safepoint region
[2019-12-09T02:33:05.704+0000][1][safepoint    ] Total time for which application threads were stopped: 0.0000355 seconds, Stopping threads took: 0.0000089 seconds
[2019-12-09T02:33:06.574+0000][1][safepoint    ] Application time: 0.8703333 seconds
[2019-12-09T02:33:06.574+0000][1][safepoint    ] Entering safepoint region: RevokeBias
[2019-12-09T02:33:06.574+0000][1][safepoint    ] Leaving safepoint region
[2019-12-09T02:33:06.574+0000][1][safepoint    ] Total time for which application threads were stopped: 0.0000923 seconds, Stopping threads took: 0.0000132 seconds
[2019-12-09T02:33:07.006+0000][1][safepoint    ] Application time: 0.4314549 seconds
[2019-12-09T02:33:07.006+0000][1][safepoint    ] Entering safepoint region: RevokeBias
[2019-12-09T02:33:07.006+0000][1][safepoint    ] Leaving safepoint region
[2019-12-09T02:33:07.006+0000][1][safepoint    ] Total time for which application threads were stopped: 0.0001016 seconds, Stopping threads took: 0.0000118 seconds
[2019-12-09T02:33:07.214+0000][1][safepoint    ] Application time: 0.2080496 seconds
[2019-12-09T02:33:07.214+0000][1][safepoint    ] Entering safepoint region: RevokeBias
[2019-12-09T02:33:07.214+0000][1][safepoint    ] Leaving safepoint region
[2019-12-09T02:33:07.214+0000][1][safepoint    ] Total time for which application threads were stopped: 0.0000921 seconds, Stopping threads took: 0.0000139 seconds
[2019-12-09T02:33:07.866+0000][1][safepoint    ] Application time: 0.6519624 seconds
[2019-12-09T02:33:07.924+0000][1][safepoint    ] Entering safepoint region: RevokeBias
[2019-12-09T02:33:07.924+0000][1][safepoint    ] Leaving safepoint region
[2019-12-09T02:33:07.924+0000][1][safepoint    ] Total time for which application threads were stopped: 0.0580654 seconds, Stopping threads took: 0.0579223 seconds
[2019-12-09T02:33:07.924+0000][1][safepoint    ] Application time: 0.0002559 seconds
[2019-12-09T02:33:07.924+0000][1][safepoint    ] Entering safepoint region: RevokeBias
[2019-12-09T02:33:07.924+0000][1][safepoint    ] Leaving safepoint region
[2019-12-09T02:33:07.924+0000][1][safepoint    ] Total time for which application threads were stopped: 0.0000660 seconds, Stopping threads took: 0.0000111 seconds
[2019-12-09T02:33:08.681+0000][1][safepoint    ] Application time: 0.7564458 seconds
[2019-12-09T02:33:08.681+0000][1][safepoint    ] Entering safepoint region: RevokeBias
[2019-12-09T02:33:08.681+0000][1][safepoint    ] Leaving safepoint region
[2019-12-09T02:33:08.681+0000][1][safepoint    ] Total time for which application threads were stopped: 0.0004629 seconds, Stopping threads took: 0.0000131 seconds
[2019-12-09T02:33:08.681+0000][1][safepoint    ] Application time: 0.0002319 seconds
[2019-12-09T02:33:08.681+0000][1][safepoint    ] Entering safepoint region: BulkRevokeBias
[2019-12-09T02:33:08.682+0000][1][safepoint    ] Leaving safepoint region
[2019-12-09T02:33:08.682+0000][1][safepoint    ] Total time for which application threads were stopped: 0.0001048 seconds, Stopping threads took: 0.0000093 seconds
[2019-12-09T02:33:08.682+0000][1][safepoint    ] Application time: 0.0000553 seconds
[2019-12-09T02:33:08.682+0000][1][safepoint    ] Entering safepoint region: RevokeBias
[2019-12-09T02:33:08.682+0000][1][safepoint    ] Leaving safepoint region
[2019-12-09T02:33:08.682+0000][1][safepoint    ] Total time for which application threads were stopped: 0.0000452 seconds, Stopping threads took: 0.0000075 seconds
[2019-12-09T02:33:09.364+0000][1][safepoint    ] Application time: 0.6822602 seconds
[2019-12-09T02:33:09.364+0000][1][safepoint    ] Entering safepoint region: RevokeBias
[2019-12-09T02:33:09.364+0000][1][safepoint    ] Leaving safepoint region
[2019-12-09T02:33:09.364+0000][1][safepoint    ] Total time for which application threads were stopped: 0.0000996 seconds, Stopping threads took: 0.0000144 seconds
[2019-12-09T02:33:09.379+0000][1][safepoint    ] Application time: 0.0146741 seconds
[2019-12-09T02:33:09.379+0000][1][safepoint    ] Entering safepoint region: RevokeBias
[2019-12-09T02:33:09.379+0000][1][safepoint    ] Leaving safepoint region
[2019-12-09T02:33:09.379+0000][1][safepoint    ] Total time for which application threads were stopped: 0.0000771 seconds, Stopping threads took: 0.0000116 seconds
[2019-12-09T02:33:09.379+0000][1][safepoint    ] Application time: 0.0001100 seconds
[2019-12-09T02:33:09.379+0000][1][safepoint    ] Entering safepoint region: RevokeBias
[2019-12-09T02:33:09.379+0000][1][safepoint    ] Leaving safepoint region
[2019-12-09T02:33:09.379+0000][1][safepoint    ] Total time for which application threads were stopped: 0.0000493 seconds, Stopping threads took: 0.0000076 seconds
[2019-12-09T02:33:09.379+0000][1][safepoint    ] Application time: 0.0001555 seconds
[2019-12-09T02:33:09.379+0000][1][safepoint    ] Entering safepoint region: RevokeBias
[2019-12-09T02:33:09.379+0000][1][safepoint    ] Leaving safepoint region
[2019-12-09T02:33:09.379+0000][1][safepoint    ] Total time for which application threads were stopped: 0.0000595 seconds, Stopping threads took: 0.0000079 seconds
[2019-12-09T02:33:09.380+0000][1][safepoint    ] Application time: 0.0004205 seconds
[2019-12-09T02:33:09.380+0000][1][safepoint    ] Entering safepoint region: RevokeBias
[2019-12-09T02:33:09.380+0000][1][safepoint    ] Leaving safepoint region
[2019-12-09T02:33:09.380+0000][1][safepoint    ] Total time for which application threads were stopped: 0.0000664 seconds, Stopping threads took: 0.0000101 seconds
[2019-12-09T02:33:09.380+0000][1][safepoint    ] Application time: 0.0001841 seconds
[2019-12-09T02:33:09.380+0000][1][safepoint    ] Entering safepoint region: RevokeBias
[2019-12-09T02:33:09.380+0000][1][safepoint    ] Leaving safepoint region
[2019-12-09T02:33:09.380+0000][1][safepoint    ] Total time for which application threads were stopped: 0.0000724 seconds, Stopping threads took: 0.0000106 seconds
[2019-12-09T02:33:09.380+0000][1][safepoint    ] Application time: 0.0000548 seconds
[2019-12-09T02:33:09.380+0000][1][safepoint    ] Entering safepoint region: RevokeBias
[2019-12-09T02:33:09.380+0000][1][safepoint    ] Leaving safepoint region
[2019-12-09T02:33:09.380+0000][1][safepoint    ] Total time for which application threads were stopped: 0.0000510 seconds, Stopping threads took: 0.0000081 seconds
[2019-12-09T02:33:09.380+0000][1][safepoint    ] Application time: 0.0000540 seconds
[2019-12-09T02:33:09.380+0000][1][safepoint    ] Entering safepoint region: RevokeBias
[2019-12-09T02:33:09.380+0000][1][safepoint    ] Leaving safepoint region
[2019-12-09T02:33:09.380+0000][1][safepoint    ] Total time for which application threads were stopped: 0.0000489 seconds, Stopping threads took: 0.0000080 seconds
[2019-12-09T02:33:09.380+0000][1][safepoint    ] Application time: 0.0000512 seconds
[2019-12-09T02:33:09.380+0000][1][safepoint    ] Entering safepoint region: RevokeBias
[2019-12-09T02:33:09.380+0000][1][safepoint    ] Leaving safepoint region
[2019-12-09T02:33:09.380+0000][1][safepoint    ] Total time for which application threads were stopped: 0.0000505 seconds, Stopping threads took: 0.0000079 seconds
[2019-12-09T02:33:09.380+0000][1][safepoint    ] Application time: 0.0000530 seconds
[2019-12-09T02:33:09.380+0000][1][safepoint    ] Entering safepoint region: RevokeBias
[2019-12-09T02:33:09.381+0000][1][safepoint    ] Leaving safepoint region
[2019-12-09T02:33:09.381+0000][1][safepoint    ] Total time for which application threads were stopped: 0.0000500 seconds, Stopping threads took: 0.0000083 seconds
[2019-12-09T02:33:09.381+0000][1][safepoint    ] Application time: 0.0000527 seconds
[2019-12-09T02:33:09.381+0000][1][safepoint    ] Entering safepoint region: RevokeBias
[2019-12-09T02:33:09.381+0000][1][safepoint    ] Leaving safepoint region
[2019-12-09T02:33:09.381+0000][1][safepoint    ] Total time for which application threads were stopped: 0.0000506 seconds, Stopping threads took: 0.0000081 seconds
[2019-12-09T02:33:09.381+0000][1][safepoint    ] Application time: 0.0000527 seconds
[2019-12-09T02:33:09.381+0000][1][safepoint    ] Entering safepoint region: RevokeBias
[2019-12-09T02:33:09.381+0000][1][safepoint    ] Leaving safepoint region
[2019-12-09T02:33:09.381+0000][1][safepoint    ] Total time for which application threads were stopped: 0.0000508 seconds, Stopping threads took: 0.0000080 seconds
[2019-12-09T02:33:09.381+0000][1][safepoint    ] Application time: 0.0000527 seconds
[2019-12-09T02:33:09.381+0000][1][safepoint    ] Entering safepoint region: RevokeBias
[2019-12-09T02:33:09.381+0000][1][safepoint    ] Leaving safepoint region
[2019-12-09T02:33:09.381+0000][1][safepoint    ] Total time for which application threads were stopped: 0.0000509 seconds, Stopping threads took: 0.0000082 seconds
[2019-12-09T02:33:09.381+0000][1][safepoint    ] Application time: 0.0000548 seconds
[2019-12-09T02:33:09.381+0000][1][safepoint    ] Entering safepoint region: RevokeBias
[2019-12-09T02:33:09.381+0000][1][safepoint    ] Leaving safepoint region
[2019-12-09T02:33:09.381+0000][1][safepoint    ] Total time for which application threads were stopped: 0.0000599 seconds, Stopping threads took: 0.0000084 seconds
[2019-12-09T02:33:09.381+0000][1][safepoint    ] Application time: 0.0000554 seconds
[2019-12-09T02:33:09.381+0000][1][safepoint    ] Entering safepoint region: RevokeBias
[2019-12-09T02:33:09.381+0000][1][safepoint    ] Leaving safepoint region
[2019-12-09T02:33:09.381+0000][1][safepoint    ] Total time for which application threads were stopped: 0.0000528 seconds, Stopping threads took: 0.0000091 seconds
[2019-12-09T02:33:09.381+0000][1][safepoint    ] Application time: 0.0000522 seconds
[2019-12-09T02:33:09.381+0000][1][safepoint    ] Entering safepoint region: RevokeBias
[2019-12-09T02:33:09.381+0000][1][safepoint    ] Leaving safepoint region
[2019-12-09T02:33:09.381+0000][1][safepoint    ] Total time for which application threads were stopped: 0.0000525 seconds, Stopping threads took: 0.0000076 seconds
[2019-12-09T02:33:09.381+0000][1][safepoint    ] Application time: 0.0000550 seconds
[2019-12-09T02:33:09.381+0000][1][safepoint    ] Entering safepoint region: RevokeBias
[2019-12-09T02:33:09.381+0000][1][safepoint    ] Leaving safepoint region
[2019-12-09T02:33:09.381+0000][1][safepoint    ] Total time for which application threads were stopped: 0.0000547 seconds, Stopping threads took: 0.0000084 seconds
[2019-12-09T02:33:09.381+0000][1][safepoint    ] Application time: 0.0000543 seconds
[2019-12-09T02:33:09.382+0000][1][safepoint    ] Entering safepoint region: RevokeBias
[2019-12-09T02:33:09.382+0000][1][safepoint    ] Leaving safepoint region
[2019-12-09T02:33:09.382+0000][1][safepoint    ] Total time for which application threads were stopped: 0.0000532 seconds, Stopping threads took: 0.0000084 seconds
[2019-12-09T02:33:09.382+0000][1][safepoint    ] Application time: 0.0000546 seconds
[2019-12-09T02:33:09.382+0000][1][safepoint    ] Entering safepoint region: RevokeBias
[2019-12-09T02:33:09.382+0000][1][safepoint    ] Leaving safepoint region
[2019-12-09T02:33:09.382+0000][1][safepoint    ] Total time for which application threads were stopped: 0.0000833 seconds, Stopping threads took: 0.0000086 seconds
[2019-12-09T02:33:09.382+0000][1][safepoint    ] Application time: 0.0000669 seconds
[2019-12-09T02:33:09.382+0000][1][safepoint    ] Entering safepoint region: RevokeBias
[2019-12-09T02:33:09.382+0000][1][safepoint    ] Leaving safepoint region
[2019-12-09T02:33:09.382+0000][1][safepoint    ] Total time for which application threads were stopped: 0.0000591 seconds, Stopping threads took: 0.0000091 seconds
[2019-12-09T02:33:09.382+0000][1][safepoint    ] Application time: 0.0000560 seconds
[2019-12-09T02:33:09.382+0000][1][safepoint    ] Entering safepoint region: RevokeBias
[2019-12-09T02:33:09.382+0000][1][safepoint    ] Leaving safepoint region
[2019-12-09T02:33:09.382+0000][1][safepoint    ] Total time for which application threads were stopped: 0.0000572 seconds, Stopping threads took: 0.0000084 seconds
[2019-12-09T02:33:09.382+0000][1][safepoint    ] Application time: 0.0000543 seconds
[2019-12-09T02:33:09.382+0000][1][safepoint    ] Entering safepoint region: RevokeBias
[2019-12-09T02:33:09.382+0000][1][safepoint    ] Leaving safepoint region
[2019-12-09T02:33:09.382+0000][1][safepoint    ] Total time for which application threads were stopped: 0.0000540 seconds, Stopping threads took: 0.0000086 seconds
[2019-12-09T02:33:09.382+0000][1][safepoint    ] Application time: 0.0000525 seconds
[2019-12-09T02:33:09.382+0000][1][safepoint    ] Entering safepoint region: BulkRevokeBias
[2019-12-09T02:33:09.382+0000][1][safepoint    ] Leaving safepoint region
[2019-12-09T02:33:09.382+0000][1][safepoint    ] Total time for which application threads were stopped: 0.0002361 seconds, Stopping threads took: 0.0000083 seconds
[2019-12-09T02:33:09.383+0000][1][safepoint    ] Application time: 0.0001763 seconds
[2019-12-09T02:33:09.383+0000][1][safepoint    ] Entering safepoint region: RevokeBias
[2019-12-09T02:33:09.383+0000][1][safepoint    ] Leaving safepoint region
[2019-12-09T02:33:09.383+0000][1][safepoint    ] Total time for which application threads were stopped: 0.0000885 seconds, Stopping threads took: 0.0000094 seconds
[2019-12-09T02:33:09.383+0000][1][safepoint    ] Application time: 0.0001476 seconds
[2019-12-09T02:33:09.383+0000][1][safepoint    ] Entering safepoint region: RevokeBias
[2019-12-09T02:33:09.383+0000][1][safepoint    ] Leaving safepoint region
[2019-12-09T02:33:09.383+0000][1][safepoint    ] Total time for which application threads were stopped: 0.0000565 seconds, Stopping threads took: 0.0000092 seconds
[2019-12-09T02:33:09.383+0000][1][safepoint    ] Application time: 0.0000638 seconds
[2019-12-09T02:33:09.383+0000][1][safepoint    ] Entering safepoint region: RevokeBias
[2019-12-09T02:33:09.383+0000][1][safepoint    ] Leaving safepoint region
[2019-12-09T02:33:09.383+0000][1][safepoint    ] Total time for which application threads were stopped: 0.0000476 seconds, Stopping threads took: 0.0000084 seconds
[2019-12-09T02:33:09.383+0000][1][safepoint    ] Application time: 0.0000731 seconds
[2019-12-09T02:33:09.383+0000][1][safepoint    ] Entering safepoint region: RevokeBias
[2019-12-09T02:33:09.383+0000][1][safepoint    ] Leaving safepoint region
[2019-12-09T02:33:09.383+0000][1][safepoint    ] Total time for which application threads were stopped: 0.0000509 seconds, Stopping threads took: 0.0000084 seconds
[2019-12-09T02:33:09.383+0000][1][safepoint    ] Application time: 0.0000571 seconds
[2019-12-09T02:33:09.383+0000][1][safepoint    ] Entering safepoint region: RevokeBias
[2019-12-09T02:33:09.383+0000][1][safepoint    ] Leaving safepoint region
[2019-12-09T02:33:09.383+0000][1][safepoint    ] Total time for which application threads were stopped: 0.0000476 seconds, Stopping threads took: 0.0000085 seconds
[2019-12-09T02:33:09.383+0000][1][safepoint    ] Application time: 0.0001698 seconds
[2019-12-09T02:33:09.384+0000][1][safepoint    ] Entering safepoint region: RevokeBias
[2019-12-09T02:33:09.384+0000][1][safepoint    ] Leaving safepoint region
[2019-12-09T02:33:09.384+0000][1][safepoint    ] Total time for which application threads were stopped: 0.0000493 seconds, Stopping threads took: 0.0000088 seconds
[2019-12-09T02:33:09.384+0000][1][safepoint    ] Application time: 0.0000531 seconds
[2019-12-09T02:33:09.384+0000][1][safepoint    ] Entering safepoint region: RevokeBias
[2019-12-09T02:33:09.384+0000][1][safepoint    ] Leaving safepoint region
[2019-12-09T02:33:09.384+0000][1][safepoint    ] Total time for which application threads were stopped: 0.0000651 seconds, Stopping threads took: 0.0000085 seconds
[2019-12-09T02:33:09.384+0000][1][safepoint    ] Application time: 0.0002821 seconds
[2019-12-09T02:33:09.384+0000][1][safepoint    ] Entering safepoint region: RevokeBias
[2019-12-09T02:33:09.384+0000][1][safepoint    ] Leaving safepoint region
[2019-12-09T02:33:09.384+0000][1][safepoint    ] Total time for which application threads were stopped: 0.0000601 seconds, Stopping threads took: 0.0000090 seconds
[2019-12-09T02:33:09.384+0000][1][safepoint    ] Application time: 0.0000803 seconds
[2019-12-09T02:33:09.384+0000][1][safepoint    ] Entering safepoint region: RevokeBias
[2019-12-09T02:33:09.384+0000][1][safepoint    ] Leaving safepoint region
[2019-12-09T02:33:09.384+0000][1][safepoint    ] Total time for which application threads were stopped: 0.0000523 seconds, Stopping threads took: 0.0000086 seconds
[2019-12-09T02:33:09.416+0000][1][safepoint    ] Application time: 0.0315157 seconds
[2019-12-09T02:33:09.416+0000][1][safepoint    ] Entering safepoint region: RevokeBias
[2019-12-09T02:33:09.416+0000][1][safepoint    ] Leaving safepoint region
[2019-12-09T02:33:09.416+0000][1][safepoint    ] Total time for which application threads were stopped: 0.0000770 seconds, Stopping threads took: 0.0000124 seconds
[2019-12-09T02:33:09.417+0000][1][safepoint    ] Application time: 0.0008955 seconds
[2019-12-09T02:33:09.417+0000][1][safepoint    ] Entering safepoint region: RevokeBias
[2019-12-09T02:33:09.417+0000][1][safepoint    ] Leaving safepoint region
[2019-12-09T02:33:09.417+0000][1][safepoint    ] Total time for which application threads were stopped: 0.0000804 seconds, Stopping threads took: 0.0000118 seconds
[2019-12-09T02:33:09.417+0000][1][safepoint    ] Application time: 0.0000517 seconds
[2019-12-09T02:33:09.417+0000][1][safepoint    ] Entering safepoint region: RevokeBias
[2019-12-09T02:33:09.417+0000][1][safepoint    ] Leaving safepoint region
[2019-12-09T02:33:09.417+0000][1][safepoint    ] Total time for which application threads were stopped: 0.0000490 seconds, Stopping threads took: 0.0000079 seconds
[2019-12-09T02:33:09.417+0000][1][safepoint    ] Application time: 0.0000473 seconds
[2019-12-09T02:33:09.417+0000][1][safepoint    ] Entering safepoint region: RevokeBias
[2019-12-09T02:33:09.417+0000][1][safepoint    ] Leaving safepoint region
[2019-12-09T02:33:09.417+0000][1][safepoint    ] Total time for which application threads were stopped: 0.0000478 seconds, Stopping threads took: 0.0000076 seconds
[2019-12-09T02:33:09.417+0000][1][safepoint    ] Application time: 0.0000445 seconds
[2019-12-09T02:33:09.417+0000][1][safepoint    ] Entering safepoint region: RevokeBias
[2019-12-09T02:33:09.417+0000][1][safepoint    ] Leaving safepoint region
[2019-12-09T02:33:09.417+0000][1][safepoint    ] Total time for which application threads were stopped: 0.0000452 seconds, Stopping threads took: 0.0000072 seconds
[2019-12-09T02:33:09.417+0000][1][safepoint    ] Application time: 0.0000447 seconds
[2019-12-09T02:33:09.417+0000][1][safepoint    ] Entering safepoint region: RevokeBias
[2019-12-09T02:33:09.417+0000][1][safepoint    ] Leaving safepoint region
[2019-12-09T02:33:09.417+0000][1][safepoint    ] Total time for which application threads were stopped: 0.0000443 seconds, Stopping threads took: 0.0000067 seconds
[2019-12-09T02:33:09.417+0000][1][safepoint    ] Application time: 0.0000461 seconds
[2019-12-09T02:33:09.417+0000][1][safepoint    ] Entering safepoint region: RevokeBias
[2019-12-09T02:33:09.417+0000][1][safepoint    ] Leaving safepoint region
[2019-12-09T02:33:09.417+0000][1][safepoint    ] Total time for which application threads were stopped: 0.0000455 seconds, Stopping threads took: 0.0000075 seconds
[2019-12-09T02:33:09.417+0000][1][safepoint    ] Application time: 0.0000474 seconds
[2019-12-09T02:33:09.417+0000][1][safepoint    ] Entering safepoint region: RevokeBias
[2019-12-09T02:33:09.417+0000][1][safepoint    ] Leaving safepoint region
[2019-12-09T02:33:09.417+0000][1][safepoint    ] Total time for which application threads were stopped: 0.0000447 seconds, Stopping threads took: 0.0000076 seconds
[2019-12-09T02:33:09.418+0000][1][safepoint    ] Application time: 0.0000450 seconds
[2019-12-09T02:33:09.418+0000][1][safepoint    ] Entering safepoint region: RevokeBias
[2019-12-09T02:33:09.418+0000][1][safepoint    ] Leaving safepoint region
[2019-12-09T02:33:09.418+0000][1][safepoint    ] Total time for which application threads were stopped: 0.0000447 seconds, Stopping threads took: 0.0000076 seconds
[2019-12-09T02:33:09.418+0000][1][safepoint    ] Application time: 0.0000452 seconds
[2019-12-09T02:33:09.418+0000][1][safepoint    ] Entering safepoint region: RevokeBias
[2019-12-09T02:33:09.418+0000][1][safepoint    ] Leaving safepoint region
[2019-12-09T02:33:09.418+0000][1][safepoint    ] Total time for which application threads were stopped: 0.0000611 seconds, Stopping threads took: 0.0000073 seconds
[2019-12-09T02:33:09.418+0000][1][safepoint    ] Application time: 0.0000472 seconds
[2019-12-09T02:33:09.418+0000][1][safepoint    ] Entering safepoint region: RevokeBias
[2019-12-09T02:33:09.418+0000][1][safepoint    ] Leaving safepoint region
[2019-12-09T02:33:09.418+0000][1][safepoint    ] Total time for which application threads were stopped: 0.0000464 seconds, Stopping threads took: 0.0000074 seconds
[2019-12-09T02:33:09.418+0000][1][safepoint    ] Application time: 0.0000466 seconds
[2019-12-09T02:33:09.418+0000][1][safepoint    ] Entering safepoint region: RevokeBias
[2019-12-09T02:33:09.418+0000][1][safepoint    ] Leaving safepoint region
[2019-12-09T02:33:09.418+0000][1][safepoint    ] Total time for which application threads were stopped: 0.0000469 seconds, Stopping threads took: 0.0000073 seconds
[2019-12-09T02:33:09.418+0000][1][safepoint    ] Application time: 0.0000439 seconds
[2019-12-09T02:33:09.418+0000][1][safepoint    ] Entering safepoint region: RevokeBias
[2019-12-09T02:33:09.418+0000][1][safepoint    ] Leaving safepoint region
[2019-12-09T02:33:09.418+0000][1][safepoint    ] Total time for which application threads were stopped: 0.0000416 seconds, Stopping threads took: 0.0000074 seconds
[2019-12-09T02:33:09.418+0000][1][safepoint    ] Application time: 0.0000470 seconds
[2019-12-09T02:33:09.418+0000][1][safepoint    ] Entering safepoint region: RevokeBias
[2019-12-09T02:33:09.418+0000][1][safepoint    ] Leaving safepoint region
[2019-12-09T02:33:09.418+0000][1][safepoint    ] Total time for which application threads were stopped: 0.0000453 seconds, Stopping threads took: 0.0000076 seconds
[2019-12-09T02:33:09.418+0000][1][safepoint    ] Application time: 0.0000453 seconds
[2019-12-09T02:33:09.418+0000][1][safepoint    ] Entering safepoint region: RevokeBias
[2019-12-09T02:33:09.418+0000][1][safepoint    ] Leaving safepoint region
[2019-12-09T02:33:09.418+0000][1][safepoint    ] Total time for which application threads were stopped: 0.0000583 seconds, Stopping threads took: 0.0000077 seconds
[2019-12-09T02:33:09.418+0000][1][safepoint    ] Application time: 0.0000565 seconds
[2019-12-09T02:33:09.418+0000][1][safepoint    ] Entering safepoint region: RevokeBias
[2019-12-09T02:33:09.418+0000][1][safepoint    ] Leaving safepoint region
[2019-12-09T02:33:09.418+0000][1][safepoint    ] Total time for which application threads were stopped: 0.0000512 seconds, Stopping threads took: 0.0000081 seconds
[2019-12-09T02:33:09.418+0000][1][safepoint    ] Application time: 0.0000555 seconds
[2019-12-09T02:33:09.418+0000][1][safepoint    ] Entering safepoint region: RevokeBias
[2019-12-09T02:33:09.418+0000][1][safepoint    ] Leaving safepoint region
[2019-12-09T02:33:09.418+0000][1][safepoint    ] Total time for which application threads were stopped: 0.0000536 seconds, Stopping threads took: 0.0000079 seconds
[2019-12-09T02:33:09.419+0000][1][safepoint    ] Application time: 0.0000549 seconds
[2019-12-09T02:33:09.419+0000][1][safepoint    ] Entering safepoint region: BulkRevokeBias
[2019-12-09T02:33:09.419+0000][1][safepoint    ] Leaving safepoint region
[2019-12-09T02:33:09.419+0000][1][safepoint    ] Total time for which application threads were stopped: 0.0001794 seconds, Stopping threads took: 0.0000088 seconds
[2019-12-09T02:33:09.419+0000][1][safepoint    ] Application time: 0.0001416 seconds
[2019-12-09T02:33:09.419+0000][1][safepoint    ] Entering safepoint region: RevokeBias
[2019-12-09T02:33:09.419+0000][1][safepoint    ] Leaving safepoint region
[2019-12-09T02:33:09.419+0000][1][safepoint    ] Total time for which application threads were stopped: 0.0000688 seconds, Stopping threads took: 0.0000098 seconds
[2019-12-09T02:33:09.419+0000][1][safepoint    ] Application time: 0.0002155 seconds
[2019-12-09T02:33:09.419+0000][1][safepoint    ] Entering safepoint region: RevokeBias
[2019-12-09T02:33:09.419+0000][1][safepoint    ] Leaving safepoint region
[2019-12-09T02:33:09.419+0000][1][safepoint    ] Total time for which application threads were stopped: 0.0000685 seconds, Stopping threads took: 0.0000100 seconds
[2019-12-09T02:33:09.419+0000][1][safepoint    ] Application time: 0.0000866 seconds
[2019-12-09T02:33:09.419+0000][1][safepoint    ] Entering safepoint region: RevokeBias
[2019-12-09T02:33:09.419+0000][1][safepoint    ] Leaving safepoint region
[2019-12-09T02:33:09.419+0000][1][safepoint    ] Total time for which application threads were stopped: 0.0000576 seconds, Stopping threads took: 0.0000096 seconds
[2019-12-09T02:33:09.420+0000][1][safepoint    ] Application time: 0.0000556 seconds
[2019-12-09T02:33:09.420+0000][1][safepoint    ] Entering safepoint region: RevokeBias
[2019-12-09T02:33:09.420+0000][1][safepoint    ] Leaving safepoint region
[2019-12-09T02:33:09.420+0000][1][safepoint    ] Total time for which application threads were stopped: 0.0000618 seconds, Stopping threads took: 0.0000094 seconds
[2019-12-09T02:33:09.420+0000][1][safepoint    ] Application time: 0.0000540 seconds
[2019-12-09T02:33:09.420+0000][1][safepoint    ] Entering safepoint region: RevokeBias
[2019-12-09T02:33:09.420+0000][1][safepoint    ] Leaving safepoint region
[2019-12-09T02:33:09.420+0000][1][safepoint    ] Total time for which application threads were stopped: 0.0000796 seconds, Stopping threads took: 0.0000092 seconds
[2019-12-09T02:33:09.420+0000][1][safepoint    ] Application time: 0.0003768 seconds
[2019-12-09T02:33:09.420+0000][1][safepoint    ] Entering safepoint region: RevokeBias
[2019-12-09T02:33:09.420+0000][1][safepoint    ] Leaving safepoint region
[2019-12-09T02:33:09.420+0000][1][safepoint    ] Total time for which application threads were stopped: 0.0000502 seconds, Stopping threads took: 0.0000085 seconds
[2019-12-09T02:33:09.444+0000][1][safepoint    ] Application time: 0.0236591 seconds
[2019-12-09T02:33:09.444+0000][1][safepoint    ] Entering safepoint region: RevokeBias
[2019-12-09T02:33:09.444+0000][1][safepoint    ] Leaving safepoint region
[2019-12-09T02:33:09.444+0000][1][safepoint    ] Total time for which application threads were stopped: 0.0000930 seconds, Stopping threads took: 0.0000108 seconds
[2019-12-09T02:33:09.444+0000][1][safepoint    ] Application time: 0.0002024 seconds
[2019-12-09T02:33:09.444+0000][1][safepoint    ] Entering safepoint region: RevokeBias
[2019-12-09T02:33:09.444+0000][1][safepoint    ] Leaving safepoint region
[2019-12-09T02:33:09.444+0000][1][safepoint    ] Total time for which application threads were stopped: 0.0000844 seconds, Stopping threads took: 0.0000096 seconds
[2019-12-09T02:33:09.445+0000][1][safepoint    ] Application time: 0.0003446 seconds
[2019-12-09T02:33:09.445+0000][1][safepoint    ] Entering safepoint region: RevokeBias
[2019-12-09T02:33:09.445+0000][1][safepoint    ] Leaving safepoint region
[2019-12-09T02:33:09.445+0000][1][safepoint    ] Total time for which application threads were stopped: 0.0001010 seconds, Stopping threads took: 0.0000095 seconds
[2019-12-09T02:33:09.445+0000][1][safepoint    ] Application time: 0.0004838 seconds
[2019-12-09T02:33:09.445+0000][1][safepoint    ] Entering safepoint region: RevokeBias
[2019-12-09T02:33:09.445+0000][1][safepoint    ] Leaving safepoint region
[2019-12-09T02:33:09.445+0000][1][safepoint    ] Total time for which application threads were stopped: 0.0000799 seconds, Stopping threads took: 0.0000098 seconds
[2019-12-09T02:33:09.446+0000][1][safepoint    ] Application time: 0.0001509 seconds
[2019-12-09T02:33:09.446+0000][1][safepoint    ] Entering safepoint region: RevokeBias
[2019-12-09T02:33:09.446+0000][1][safepoint    ] Leaving safepoint region
[2019-12-09T02:33:09.446+0000][1][safepoint    ] Total time for which application threads were stopped: 0.0000710 seconds, Stopping threads took: 0.0000100 seconds
[2019-12-09T02:33:09.446+0000][1][safepoint    ] Application time: 0.0002898 seconds
[2019-12-09T02:33:09.446+0000][1][safepoint    ] Entering safepoint region: RevokeBias
[2019-12-09T02:33:09.446+0000][1][safepoint    ] Leaving safepoint region
[2019-12-09T02:33:09.446+0000][1][safepoint    ] Total time for which application threads were stopped: 0.0000723 seconds, Stopping threads took: 0.0000103 seconds
[2019-12-09T02:33:09.448+0000][1][safepoint    ] Application time: 0.0016839 seconds
[2019-12-09T02:33:09.448+0000][1][safepoint    ] Entering safepoint region: RevokeBias
[2019-12-09T02:33:09.448+0000][1][safepoint    ] Leaving safepoint region
[2019-12-09T02:33:09.448+0000][1][safepoint    ] Total time for which application threads were stopped: 0.0000837 seconds, Stopping threads took: 0.0000108 seconds
[2019-12-09T02:33:09.448+0000][1][safepoint    ] Application time: 0.0006444 seconds
[2019-12-09T02:33:09.448+0000][1][safepoint    ] Entering safepoint region: RevokeBias
[2019-12-09T02:33:09.449+0000][1][safepoint    ] Leaving safepoint region
[2019-12-09T02:33:09.449+0000][1][safepoint    ] Total time for which application threads were stopped: 0.0000823 seconds, Stopping threads took: 0.0000106 seconds
[2019-12-09T02:33:09.450+0000][1][safepoint    ] Application time: 0.0009776 seconds
[2019-12-09T02:33:09.450+0000][1][safepoint    ] Entering safepoint region: RevokeBias
[2019-12-09T02:33:09.450+0000][1][safepoint    ] Leaving safepoint region
[2019-12-09T02:33:09.450+0000][1][safepoint    ] Total time for which application threads were stopped: 0.0000550 seconds, Stopping threads took: 0.0000105 seconds
[2019-12-09T02:33:09.450+0000][1][safepoint    ] Application time: 0.0000750 seconds
[2019-12-09T02:33:09.450+0000][1][safepoint    ] Entering safepoint region: RevokeBias
[2019-12-09T02:33:09.450+0000][1][safepoint    ] Leaving safepoint region
[2019-12-09T02:33:09.450+0000][1][safepoint    ] Total time for which application threads were stopped: 0.0000390 seconds, Stopping threads took: 0.0000082 seconds
[2019-12-09T02:33:09.450+0000][1][safepoint    ] Application time: 0.0000562 seconds
[2019-12-09T02:33:09.450+0000][1][safepoint    ] Entering safepoint region: RevokeBias
[2019-12-09T02:33:09.450+0000][1][safepoint    ] Leaving safepoint region
[2019-12-09T02:33:09.450+0000][1][safepoint    ] Total time for which application threads were stopped: 0.0000366 seconds, Stopping threads took: 0.0000082 seconds
[2019-12-09T02:33:09.450+0000][1][safepoint    ] Application time: 0.0000523 seconds
[2019-12-09T02:33:09.450+0000][1][safepoint    ] Entering safepoint region: RevokeBias
[2019-12-09T02:33:09.450+0000][1][safepoint    ] Leaving safepoint region
[2019-12-09T02:33:09.450+0000][1][safepoint    ] Total time for which application threads were stopped: 0.0000374 seconds, Stopping threads took: 0.0000081 seconds
[2019-12-09T02:33:09.450+0000][1][safepoint    ] Application time: 0.0000519 seconds
[2019-12-09T02:33:09.450+0000][1][safepoint    ] Entering safepoint region: RevokeBias
[2019-12-09T02:33:09.450+0000][1][safepoint    ] Leaving safepoint region
[2019-12-09T02:33:09.450+0000][1][safepoint    ] Total time for which application threads were stopped: 0.0000367 seconds, Stopping threads took: 0.0000082 seconds
[2019-12-09T02:33:09.450+0000][1][safepoint    ] Application time: 0.0000557 seconds
[2019-12-09T02:33:09.450+0000][1][safepoint    ] Entering safepoint region: RevokeBias
[2019-12-09T02:33:09.450+0000][1][safepoint    ] Leaving safepoint region
[2019-12-09T02:33:09.450+0000][1][safepoint    ] Total time for which application threads were stopped: 0.0000372 seconds, Stopping threads took: 0.0000076 seconds
[2019-12-09T02:33:09.450+0000][1][safepoint    ] Application time: 0.0000527 seconds
[2019-12-09T02:33:09.450+0000][1][safepoint    ] Entering safepoint region: RevokeBias
[2019-12-09T02:33:09.450+0000][1][safepoint    ] Leaving safepoint region
[2019-12-09T02:33:09.450+0000][1][safepoint    ] Total time for which application threads were stopped: 0.0000367 seconds, Stopping threads took: 0.0000081 seconds
[2019-12-09T02:33:09.450+0000][1][safepoint    ] Application time: 0.0000531 seconds
[2019-12-09T02:33:09.450+0000][1][safepoint    ] Entering safepoint region: RevokeBias
[2019-12-09T02:33:09.450+0000][1][safepoint    ] Leaving safepoint region
[2019-12-09T02:33:09.450+0000][1][safepoint    ] Total time for which application threads were stopped: 0.0000370 seconds, Stopping threads took: 0.0000085 seconds
[2019-12-09T02:33:09.450+0000][1][safepoint    ] Application time: 0.0000515 seconds
[2019-12-09T02:33:09.450+0000][1][safepoint    ] Entering safepoint region: RevokeBias
[2019-12-09T02:33:09.450+0000][1][safepoint    ] Leaving safepoint region
[2019-12-09T02:33:09.450+0000][1][safepoint    ] Total time for which application threads were stopped: 0.0000363 seconds, Stopping threads took: 0.0000076 seconds
[2019-12-09T02:33:09.451+0000][1][safepoint    ] Application time: 0.0000661 seconds
[2019-12-09T02:33:09.451+0000][1][safepoint    ] Entering safepoint region: RevokeBias
[2019-12-09T02:33:09.451+0000][1][safepoint    ] Leaving safepoint region
[2019-12-09T02:33:09.451+0000][1][safepoint    ] Total time for which application threads were stopped: 0.0000420 seconds, Stopping threads took: 0.0000084 seconds
[2019-12-09T02:33:09.451+0000][1][safepoint    ] Application time: 0.0000687 seconds
[2019-12-09T02:33:09.451+0000][1][safepoint    ] Entering safepoint region: RevokeBias
[2019-12-09T02:33:09.451+0000][1][safepoint    ] Leaving safepoint region
[2019-12-09T02:33:09.451+0000][1][safepoint    ] Total time for which application threads were stopped: 0.0000394 seconds, Stopping threads took: 0.0000085 seconds
[2019-12-09T02:33:09.451+0000][1][safepoint    ] Application time: 0.0000533 seconds
[2019-12-09T02:33:09.451+0000][1][safepoint    ] Entering safepoint region: RevokeBias
[2019-12-09T02:33:09.451+0000][1][safepoint    ] Leaving safepoint region
[2019-12-09T02:33:09.451+0000][1][safepoint    ] Total time for which application threads were stopped: 0.0000380 seconds, Stopping threads took: 0.0000084 seconds
[2019-12-09T02:33:09.451+0000][1][safepoint    ] Application time: 0.0000563 seconds
[2019-12-09T02:33:09.451+0000][1][safepoint    ] Entering safepoint region: RevokeBias
[2019-12-09T02:33:09.451+0000][1][safepoint    ] Leaving safepoint region
[2019-12-09T02:33:09.451+0000][1][safepoint    ] Total time for which application threads were stopped: 0.0000373 seconds, Stopping threads took: 0.0000081 seconds
[2019-12-09T02:33:09.451+0000][1][safepoint    ] Application time: 0.0000551 seconds
[2019-12-09T02:33:09.451+0000][1][safepoint    ] Entering safepoint region: RevokeBias
[2019-12-09T02:33:09.451+0000][1][safepoint    ] Leaving safepoint region
[2019-12-09T02:33:09.451+0000][1][safepoint    ] Total time for which application threads were stopped: 0.0000368 seconds, Stopping threads took: 0.0000080 seconds
[2019-12-09T02:33:09.451+0000][1][safepoint    ] Application time: 0.0000521 seconds
[2019-12-09T02:33:09.451+0000][1][safepoint    ] Entering safepoint region: RevokeBias
[2019-12-09T02:33:09.451+0000][1][safepoint    ] Leaving safepoint region
[2019-12-09T02:33:09.451+0000][1][safepoint    ] Total time for which application threads were stopped: 0.0000364 seconds, Stopping threads took: 0.0000082 seconds
[2019-12-09T02:33:09.451+0000][1][safepoint    ] Application time: 0.0000515 seconds
[2019-12-09T02:33:09.451+0000][1][safepoint    ] Entering safepoint region: RevokeBias
[2019-12-09T02:33:09.451+0000][1][safepoint    ] Leaving safepoint region
[2019-12-09T02:33:09.451+0000][1][safepoint    ] Total time for which application threads were stopped: 0.0000372 seconds, Stopping threads took: 0.0000085 seconds
[2019-12-09T02:33:09.451+0000][1][safepoint    ] Application time: 0.0000522 seconds
[2019-12-09T02:33:09.451+0000][1][safepoint    ] Entering safepoint region: RevokeBias
[2019-12-09T02:33:09.451+0000][1][safepoint    ] Leaving safepoint region
[2019-12-09T02:33:09.451+0000][1][safepoint    ] Total time for which application threads were stopped: 0.0000363 seconds, Stopping threads took: 0.0000081 seconds
[2019-12-09T02:33:09.451+0000][1][safepoint    ] Application time: 0.0000521 seconds
[2019-12-09T02:33:09.451+0000][1][safepoint    ] Entering safepoint region: RevokeBias
[2019-12-09T02:33:09.451+0000][1][safepoint    ] Leaving safepoint region
[2019-12-09T02:33:09.451+0000][1][safepoint    ] Total time for which application threads were stopped: 0.0000364 seconds, Stopping threads took: 0.0000085 seconds
[2019-12-09T02:33:09.452+0000][1][safepoint    ] Application time: 0.0000511 seconds
[2019-12-09T02:33:09.452+0000][1][safepoint    ] Entering safepoint region: RevokeBias
[2019-12-09T02:33:09.452+0000][1][safepoint    ] Leaving safepoint region
[2019-12-09T02:33:09.452+0000][1][safepoint    ] Total time for which application threads were stopped: 0.0000367 seconds, Stopping threads took: 0.0000084 seconds
[2019-12-09T02:33:09.452+0000][1][safepoint    ] Application time: 0.0000516 seconds
[2019-12-09T02:33:09.452+0000][1][safepoint    ] Entering safepoint region: BulkRevokeBias
[2019-12-09T02:33:09.452+0000][1][safepoint    ] Leaving safepoint region
[2019-12-09T02:33:09.452+0000][1][safepoint    ] Total time for which application threads were stopped: 0.0001314 seconds, Stopping threads took: 0.0000090 seconds
[2019-12-09T02:33:09.503+0000][1][safepoint    ] Application time: 0.0509495 seconds
[2019-12-09T02:33:09.503+0000][1][safepoint    ] Entering safepoint region: RevokeBias
[2019-12-09T02:33:09.503+0000][1][safepoint    ] Leaving safepoint region
[2019-12-09T02:33:09.503+0000][1][safepoint    ] Total time for which application threads were stopped: 0.0003066 seconds, Stopping threads took: 0.0002051 seconds
[2019-12-09T02:33:09.519+0000][1][safepoint    ] Application time: 0.0156016 seconds
[2019-12-09T02:33:09.535+0000][1][safepoint    ] Entering safepoint region: RevokeBias
[2019-12-09T02:33:09.535+0000][1][safepoint    ] Leaving safepoint region
[2019-12-09T02:33:09.535+0000][1][safepoint    ] Total time for which application threads were stopped: 0.0162947 seconds, Stopping threads took: 0.0161949 seconds
[2019-12-09T02:33:09.535+0000][1][safepoint    ] Application time: 0.0002738 seconds
[2019-12-09T02:33:09.535+0000][1][safepoint    ] Entering safepoint region: RevokeBias
[2019-12-09T02:33:09.535+0000][1][safepoint    ] Leaving safepoint region
[2019-12-09T02:33:09.535+0000][1][safepoint    ] Total time for which application threads were stopped: 0.0000791 seconds, Stopping threads took: 0.0000108 seconds
[2019-12-09T02:33:09.611+0000][1][safepoint    ] Application time: 0.0755473 seconds
[2019-12-09T02:33:09.617+0000][1][safepoint    ] Entering safepoint region: RevokeBias
[2019-12-09T02:33:09.617+0000][1][safepoint    ] Leaving safepoint region
[2019-12-09T02:33:09.617+0000][1][safepoint    ] Total time for which application threads were stopped: 0.0057889 seconds, Stopping threads took: 0.0057064 seconds
[2019-12-09T02:33:09.617+0000][1][safepoint    ] Application time: 0.0000734 seconds
[2019-12-09T02:33:09.617+0000][1][safepoint    ] Entering safepoint region: RevokeBias
[2019-12-09T02:33:09.617+0000][1][safepoint    ] Leaving safepoint region
[2019-12-09T02:33:09.617+0000][1][safepoint    ] Total time for which application threads were stopped: 0.0000535 seconds, Stopping threads took: 0.0000124 seconds
[2019-12-09T02:33:10.656+0000][1][safepoint    ] Application time: 1.0389961 seconds
[2019-12-09T02:33:10.656+0000][1][safepoint    ] Entering safepoint region: RevokeBias
[2019-12-09T02:33:10.656+0000][1][safepoint    ] Leaving safepoint region
[2019-12-09T02:33:10.656+0000][1][safepoint    ] Total time for which application threads were stopped: 0.0001312 seconds, Stopping threads took: 0.0000417 seconds
[2019-12-09T02:33:10.656+0000][1][safepoint    ] Application time: 0.0000700 seconds
[2019-12-09T02:33:10.656+0000][1][safepoint    ] Entering safepoint region: RevokeBias
[2019-12-09T02:33:10.656+0000][1][safepoint    ] Leaving safepoint region
[2019-12-09T02:33:10.656+0000][1][safepoint    ] Total time for which application threads were stopped: 0.0000365 seconds, Stopping threads took: 0.0000083 seconds
[2019-12-09T02:33:10.908+0000][1][safepoint    ] Application time: 0.2516600 seconds
[2019-12-09T02:33:10.908+0000][1][safepoint    ] Entering safepoint region: GenCollectForAllocation
[2019-12-09T02:33:10.908+0000][1][gc,start     ] GC(20) Pause Young (Allocation Failure)
[2019-12-09T02:33:10.908+0000][1][gc,task      ] GC(20) Using 2 workers of 2 for evacuation
[2019-12-09T02:33:11.176+0000][1][gc,age       ] GC(20) Desired survivor size 4456448 bytes, new threshold 2 (max threshold 6)
[2019-12-09T02:33:11.176+0000][1][gc,age       ] GC(20) Age table with threshold 2 (max threshold 6)
[2019-12-09T02:33:11.176+0000][1][gc,age       ] GC(20) - age   1:    2744608 bytes,    2744608 total
[2019-12-09T02:33:11.176+0000][1][gc,age       ] GC(20) - age   2:    2525640 bytes,    5270248 total
[2019-12-09T02:33:11.176+0000][1][gc,heap      ] GC(20) ParNew: 75758K->7497K(78656K)
[2019-12-09T02:33:11.176+0000][1][gc,heap      ] GC(20) CMS: 54703K->57838K(174784K)
[2019-12-09T02:33:11.176+0000][1][gc,metaspace ] GC(20) Metaspace: 48297K->48297K(1093632K)
[2019-12-09T02:33:11.176+0000][1][gc           ] GC(20) Pause Young (Allocation Failure) 127M->63M(247M) 268.097ms
[2019-12-09T02:33:11.176+0000][1][gc,cpu       ] GC(20) User=0.08s Sys=0.01s Real=0.27s
[2019-12-09T02:33:11.176+0000][1][safepoint    ] Leaving safepoint region
[2019-12-09T02:33:11.176+0000][1][safepoint    ] Total time for which application threads were stopped: 0.2682420 seconds, Stopping threads took: 0.0000161 seconds
[2019-12-09T02:33:11.684+0000][1][safepoint    ] Application time: 0.5077759 seconds
[2019-12-09T02:33:11.788+0000][1][safepoint    ] Entering safepoint region: RevokeBias
[2019-12-09T02:33:11.788+0000][1][safepoint    ] Leaving safepoint region
[2019-12-09T02:33:11.788+0000][1][safepoint    ] Total time for which application threads were stopped: 0.1038432 seconds, Stopping threads took: 0.1037151 seconds
[2019-12-09T02:33:12.795+0000][1][safepoint    ] Application time: 1.0068481 seconds
[2019-12-09T02:33:12.795+0000][1][safepoint    ] Entering safepoint region: Cleanup
[2019-12-09T02:33:12.795+0000][1][safepoint    ] Leaving safepoint region
[2019-12-09T02:33:12.795+0000][1][safepoint    ] Total time for which application threads were stopped: 0.0005540 seconds, Stopping threads took: 0.0000967 seconds
[2019-12-09T02:33:12.843+0000][1][safepoint    ] Application time: 0.0476579 seconds
[2019-12-09T02:33:12.843+0000][1][safepoint    ] Entering safepoint region: RevokeBias
[2019-12-09T02:33:12.843+0000][1][safepoint    ] Leaving safepoint region
[2019-12-09T02:33:12.843+0000][1][safepoint    ] Total time for which application threads were stopped: 0.0003040 seconds, Stopping threads took: 0.0002408 seconds
[2019-12-09T02:33:13.847+0000][1][safepoint    ] Application time: 1.0033916 seconds
[2019-12-09T02:33:13.847+0000][1][safepoint    ] Entering safepoint region: Cleanup
[2019-12-09T02:33:13.847+0000][1][safepoint    ] Leaving safepoint region
[2019-12-09T02:33:13.847+0000][1][safepoint    ] Total time for which application threads were stopped: 0.0000696 seconds, Stopping threads took: 0.0000144 seconds
[2019-12-09T02:33:14.851+0000][1][safepoint    ] Application time: 1.0038927 seconds
[2019-12-09T02:33:14.944+0000][1][safepoint    ] Entering safepoint region: Cleanup
[2019-12-09T02:33:14.944+0000][1][safepoint    ] Leaving safepoint region
[2019-12-09T02:33:14.944+0000][1][safepoint    ] Total time for which application threads were stopped: 0.0935462 seconds, Stopping threads took: 0.0930437 seconds
[2019-12-09T02:33:15.952+0000][1][safepoint    ] Application time: 1.0076127 seconds
[2019-12-09T02:33:15.956+0000][1][safepoint    ] Entering safepoint region: Cleanup
[2019-12-09T02:33:15.956+0000][1][safepoint    ] Leaving safepoint region
[2019-12-09T02:33:15.956+0000][1][safepoint    ] Total time for which application threads were stopped: 0.0038843 seconds, Stopping threads took: 0.0038066 seconds
[2019-12-09T02:33:16.965+0000][1][safepoint    ] Application time: 1.0088627 seconds
[2019-12-09T02:33:16.976+0000][1][safepoint    ] Entering safepoint region: Cleanup
[2019-12-09T02:33:16.976+0000][1][safepoint    ] Leaving safepoint region
[2019-12-09T02:33:16.976+0000][1][safepoint    ] Total time for which application threads were stopped: 0.0116777 seconds, Stopping threads took: 0.0115915 seconds
[2019-12-09T02:33:17.419+0000][1][safepoint    ] Application time: 0.4427215 seconds
[2019-12-09T02:33:17.419+0000][1][safepoint    ] Entering safepoint region: GenCollectForAllocation
[2019-12-09T02:33:17.419+0000][1][gc,start     ] GC(21) Pause Young (Allocation Failure)
[2019-12-09T02:33:17.419+0000][1][gc,task      ] GC(21) Using 2 workers of 2 for evacuation
[2019-12-09T02:33:17.678+0000][1][gc,age       ] GC(21) Desired survivor size 4456448 bytes, new threshold 6 (max threshold 6)
[2019-12-09T02:33:17.678+0000][1][gc,age       ] GC(21) Age table with threshold 6 (max threshold 6)
[2019-12-09T02:33:17.678+0000][1][gc,age       ] GC(21) - age   1:    1649984 bytes,    1649984 total
[2019-12-09T02:33:17.678+0000][1][gc,age       ] GC(21) - age   2:    2675464 bytes,    4325448 total
[2019-12-09T02:33:17.678+0000][1][gc,heap      ] GC(21) ParNew: 77449K->5109K(78656K)
[2019-12-09T02:33:17.678+0000][1][gc,heap      ] GC(21) CMS: 57838K->60370K(174784K)
[2019-12-09T02:33:17.678+0000][1][gc,metaspace ] GC(21) Metaspace: 56044K->56044K(1099776K)
[2019-12-09T02:33:17.678+0000][1][gc           ] GC(21) Pause Young (Allocation Failure) 132M->63M(247M) 259.052ms
[2019-12-09T02:33:17.678+0000][1][gc,cpu       ] GC(21) User=0.06s Sys=0.00s Real=0.26s
[2019-12-09T02:33:17.678+0000][1][safepoint    ] Leaving safepoint region
[2019-12-09T02:33:17.678+0000][1][safepoint    ] Total time for which application threads were stopped: 0.2592183 seconds, Stopping threads took: 0.0000162 seconds
[2019-12-09T02:33:17.800+0000][1][safepoint    ] Application time: 0.1211317 seconds
[2019-12-09T02:33:17.828+0000][1][safepoint    ] Entering safepoint region: RevokeBias
[2019-12-09T02:33:17.828+0000][1][safepoint    ] Leaving safepoint region
[2019-12-09T02:33:17.828+0000][1][safepoint    ] Total time for which application threads were stopped: 0.0284341 seconds, Stopping threads took: 0.0283130 seconds
[2019-12-09T02:33:17.828+0000][1][safepoint    ] Application time: 0.0000825 seconds
[2019-12-09T02:33:17.828+0000][1][safepoint    ] Entering safepoint region: RevokeBias
[2019-12-09T02:33:17.828+0000][1][safepoint    ] Leaving safepoint region
[2019-12-09T02:33:17.828+0000][1][safepoint    ] Total time for which application threads were stopped: 0.0000703 seconds, Stopping threads took: 0.0000102 seconds
[2019-12-09T02:33:17.828+0000][1][safepoint    ] Application time: 0.0002102 seconds
[2019-12-09T02:33:17.828+0000][1][safepoint    ] Entering safepoint region: RevokeBias
[2019-12-09T02:33:17.829+0000][1][safepoint    ] Leaving safepoint region
[2019-12-09T02:33:17.829+0000][1][safepoint    ] Total time for which application threads were stopped: 0.0000792 seconds, Stopping threads took: 0.0000122 seconds
[2019-12-09T02:33:18.775+0000][1][safepoint    ] Application time: 0.9461877 seconds
[2019-12-09T02:33:18.775+0000][1][safepoint    ] Entering safepoint region: Deoptimize
[2019-12-09T02:33:18.775+0000][1][safepoint    ] Leaving safepoint region
[2019-12-09T02:33:18.775+0000][1][safepoint    ] Total time for which application threads were stopped: 0.0006057 seconds, Stopping threads took: 0.0000149 seconds
[2019-12-09T02:33:19.788+0000][1][safepoint    ] Application time: 1.0123652 seconds
[2019-12-09T02:33:19.788+0000][1][safepoint    ] Entering safepoint region: Cleanup
[2019-12-09T02:33:19.789+0000][1][safepoint    ] Leaving safepoint region
[2019-12-09T02:33:19.789+0000][1][safepoint    ] Total time for which application threads were stopped: 0.0011927 seconds, Stopping threads took: 0.0000688 seconds
[2019-12-09T02:33:20.810+0000][1][safepoint    ] Application time: 1.0207766 seconds
[2019-12-09T02:33:20.834+0000][1][safepoint    ] Entering safepoint region: Cleanup
[2019-12-09T02:33:20.834+0000][1][safepoint    ] Leaving safepoint region
[2019-12-09T02:33:20.834+0000][1][safepoint    ] Total time for which application threads were stopped: 0.0240616 seconds, Stopping threads took: 0.0239937 seconds
[2019-12-09T02:33:20.891+0000][1][safepoint    ] Application time: 0.0568852 seconds
[2019-12-09T02:33:20.891+0000][1][safepoint    ] Entering safepoint region: Deoptimize
[2019-12-09T02:33:20.891+0000][1][safepoint    ] Leaving safepoint region
[2019-12-09T02:33:20.891+0000][1][safepoint    ] Total time for which application threads were stopped: 0.0006665 seconds, Stopping threads took: 0.0000153 seconds
[2019-12-09T02:33:21.893+0000][1][safepoint    ] Application time: 1.0012712 seconds
[2019-12-09T02:33:21.958+0000][1][safepoint    ] Entering safepoint region: Cleanup
[2019-12-09T02:33:21.958+0000][1][safepoint    ] Leaving safepoint region
[2019-12-09T02:33:21.958+0000][1][safepoint    ] Total time for which application threads were stopped: 0.0651638 seconds, Stopping threads took: 0.0650684 seconds
[2019-12-09T02:33:22.959+0000][1][safepoint    ] Application time: 1.0007940 seconds
[2019-12-09T02:33:22.965+0000][1][safepoint    ] Entering safepoint region: Cleanup
[2019-12-09T02:33:22.965+0000][1][safepoint    ] Leaving safepoint region
[2019-12-09T02:33:22.965+0000][1][safepoint    ] Total time for which application threads were stopped: 0.0060661 seconds, Stopping threads took: 0.0059856 seconds
[2019-12-09T02:33:24.043+0000][1][safepoint    ] Application time: 1.0779595 seconds
[2019-12-09T02:33:24.053+0000][1][safepoint    ] Entering safepoint region: Cleanup
[2019-12-09T02:33:24.053+0000][1][safepoint    ] Leaving safepoint region
[2019-12-09T02:33:24.053+0000][1][safepoint    ] Total time for which application threads were stopped: 0.0100204 seconds, Stopping threads took: 0.0099466 seconds
[2019-12-09T02:33:24.760+0000][1][safepoint    ] Application time: 0.7073130 seconds
[2019-12-09T02:33:24.760+0000][1][safepoint    ] Entering safepoint region: BulkRevokeBias
[2019-12-09T02:33:24.760+0000][1][safepoint    ] Leaving safepoint region
[2019-12-09T02:33:24.760+0000][1][safepoint    ] Total time for which application threads were stopped: 0.0001944 seconds, Stopping threads took: 0.0000168 seconds
[2019-12-09T02:33:25.141+0000][1][safepoint    ] Application time: 0.3805276 seconds
[2019-12-09T02:33:25.141+0000][1][safepoint    ] Entering safepoint region: GenCollectForAllocation
[2019-12-09T02:33:25.141+0000][1][gc,start     ] GC(22) Pause Young (Allocation Failure)
[2019-12-09T02:33:25.141+0000][1][gc,task      ] GC(22) Using 2 workers of 2 for evacuation
[2019-12-09T02:33:25.245+0000][1][gc,age       ] GC(22) Desired survivor size 4456448 bytes, new threshold 2 (max threshold 6)
[2019-12-09T02:33:25.245+0000][1][gc,age       ] GC(22) Age table with threshold 2 (max threshold 6)
[2019-12-09T02:33:25.245+0000][1][gc,age       ] GC(22) - age   1:    3624040 bytes,    3624040 total
[2019-12-09T02:33:25.245+0000][1][gc,age       ] GC(22) - age   2:    1565464 bytes,    5189504 total
[2019-12-09T02:33:25.245+0000][1][gc,age       ] GC(22) - age   3:    2653312 bytes,    7842816 total
[2019-12-09T02:33:25.245+0000][1][gc,heap      ] GC(22) ParNew: 75061K->8704K(78656K)
[2019-12-09T02:33:25.245+0000][1][gc,heap      ] GC(22) CMS: 60370K->60370K(174784K)
[2019-12-09T02:33:25.245+0000][1][gc,metaspace ] GC(22) Metaspace: 63129K->63129K(1107968K)
[2019-12-09T02:33:25.245+0000][1][gc           ] GC(22) Pause Young (Allocation Failure) 132M->67M(247M) 103.762ms
[2019-12-09T02:33:25.245+0000][1][gc,cpu       ] GC(22) User=0.03s Sys=0.00s Real=0.11s
[2019-12-09T02:33:25.245+0000][1][safepoint    ] Leaving safepoint region
[2019-12-09T02:33:25.245+0000][1][safepoint    ] Total time for which application threads were stopped: 0.1039254 seconds, Stopping threads took: 0.0000171 seconds
[2019-12-09T02:33:25.637+0000][1][safepoint    ] Application time: 0.3923278 seconds
[2019-12-09T02:33:25.674+0000][1][safepoint    ] Entering safepoint region: RevokeBias
[2019-12-09T02:33:25.675+0000][1][safepoint    ] Leaving safepoint region
[2019-12-09T02:33:25.675+0000][1][safepoint    ] Total time for which application threads were stopped: 0.0373805 seconds, Stopping threads took: 0.0372374 seconds
[2019-12-09T02:33:25.675+0000][1][safepoint    ] Application time: 0.0001206 seconds
[2019-12-09T02:33:25.675+0000][1][safepoint    ] Entering safepoint region: RevokeBias
[2019-12-09T02:33:25.675+0000][1][safepoint    ] Leaving safepoint region
[2019-12-09T02:33:25.675+0000][1][safepoint    ] Total time for which application threads were stopped: 0.0001039 seconds, Stopping threads took: 0.0000122 seconds
[2019-12-09T02:33:25.675+0000][1][safepoint    ] Application time: 0.0000659 seconds
[2019-12-09T02:33:25.675+0000][1][safepoint    ] Entering safepoint region: RevokeBias
[2019-12-09T02:33:25.675+0000][1][safepoint    ] Leaving safepoint region
[2019-12-09T02:33:25.675+0000][1][safepoint    ] Total time for which application threads were stopped: 0.0000770 seconds, Stopping threads took: 0.0000093 seconds
[2019-12-09T02:33:25.675+0000][1][safepoint    ] Application time: 0.0000655 seconds
[2019-12-09T02:33:25.675+0000][1][safepoint    ] Entering safepoint region: RevokeBias
[2019-12-09T02:33:25.675+0000][1][safepoint    ] Leaving safepoint region
[2019-12-09T02:33:25.675+0000][1][safepoint    ] Total time for which application threads were stopped: 0.0000867 seconds, Stopping threads took: 0.0000160 seconds
[2019-12-09T02:33:25.675+0000][1][safepoint    ] Application time: 0.0000653 seconds
[2019-12-09T02:33:25.675+0000][1][safepoint    ] Entering safepoint region: RevokeBias
[2019-12-09T02:33:25.675+0000][1][safepoint    ] Leaving safepoint region
[2019-12-09T02:33:25.675+0000][1][safepoint    ] Total time for which application threads were stopped: 0.0000729 seconds, Stopping threads took: 0.0000085 seconds
[2019-12-09T02:33:25.675+0000][1][safepoint    ] Application time: 0.0000693 seconds
[2019-12-09T02:33:25.675+0000][1][safepoint    ] Entering safepoint region: RevokeBias
[2019-12-09T02:33:25.676+0000][1][safepoint    ] Leaving safepoint region
[2019-12-09T02:33:25.676+0000][1][safepoint    ] Total time for which application threads were stopped: 0.0000706 seconds, Stopping threads took: 0.0000091 seconds
[2019-12-09T02:33:25.676+0000][1][safepoint    ] Application time: 0.0000650 seconds
[2019-12-09T02:33:25.676+0000][1][safepoint    ] Entering safepoint region: RevokeBias
[2019-12-09T02:33:25.676+0000][1][safepoint    ] Leaving safepoint region
[2019-12-09T02:33:25.676+0000][1][safepoint    ] Total time for which application threads were stopped: 0.0000892 seconds, Stopping threads took: 0.0000086 seconds
[2019-12-09T02:33:25.676+0000][1][safepoint    ] Application time: 0.0000656 seconds
[2019-12-09T02:33:25.676+0000][1][safepoint    ] Entering safepoint region: RevokeBias
[2019-12-09T02:33:25.676+0000][1][safepoint    ] Leaving safepoint region
[2019-12-09T02:33:25.676+0000][1][safepoint    ] Total time for which application threads were stopped: 0.0000670 seconds, Stopping threads took: 0.0000083 seconds
[2019-12-09T02:33:25.758+0000][1][safepoint    ] Application time: 0.0823172 seconds
[2019-12-09T02:33:25.758+0000][1][safepoint    ] Entering safepoint region: Deoptimize
[2019-12-09T02:33:25.759+0000][1][safepoint    ] Leaving safepoint region
[2019-12-09T02:33:25.759+0000][1][safepoint    ] Total time for which application threads were stopped: 0.0006619 seconds, Stopping threads took: 0.0000157 seconds
[2019-12-09T02:33:25.850+0000][1][safepoint    ] Application time: 0.0911461 seconds
[2019-12-09T02:33:25.850+0000][1][safepoint    ] Entering safepoint region: RevokeBias
[2019-12-09T02:33:25.850+0000][1][safepoint    ] Leaving safepoint region
[2019-12-09T02:33:25.850+0000][1][safepoint    ] Total time for which application threads were stopped: 0.0000988 seconds, Stopping threads took: 0.0000144 seconds
[2019-12-09T02:33:25.851+0000][1][safepoint    ] Application time: 0.0004628 seconds
[2019-12-09T02:33:25.851+0000][1][safepoint    ] Entering safepoint region: RevokeBias
[2019-12-09T02:33:25.851+0000][1][safepoint    ] Leaving safepoint region
[2019-12-09T02:33:25.851+0000][1][safepoint    ] Total time for which application threads were stopped: 0.0000792 seconds, Stopping threads took: 0.0000311 seconds
[2019-12-09T02:33:25.852+0000][1][safepoint    ] Application time: 0.0007883 seconds
[2019-12-09T02:33:25.852+0000][1][safepoint    ] Entering safepoint region: RevokeBias
[2019-12-09T02:33:25.852+0000][1][safepoint    ] Leaving safepoint region
[2019-12-09T02:33:25.852+0000][1][safepoint    ] Total time for which application threads were stopped: 0.0000536 seconds, Stopping threads took: 0.0000106 seconds
[2019-12-09T02:33:25.860+0000][1][safepoint    ] Application time: 0.0084847 seconds
[2019-12-09T02:33:25.860+0000][1][safepoint    ] Entering safepoint region: RevokeBias
[2019-12-09T02:33:25.860+0000][1][safepoint    ] Leaving safepoint region
[2019-12-09T02:33:25.860+0000][1][safepoint    ] Total time for which application threads were stopped: 0.0000669 seconds, Stopping threads took: 0.0000122 seconds
[2019-12-09T02:33:25.860+0000][1][safepoint    ] Application time: 0.0000643 seconds
[2019-12-09T02:33:25.860+0000][1][safepoint    ] Entering safepoint region: RevokeBias
[2019-12-09T02:33:25.860+0000][1][safepoint    ] Leaving safepoint region
[2019-12-09T02:33:25.860+0000][1][safepoint    ] Total time for which application threads were stopped: 0.0000613 seconds, Stopping threads took: 0.0000153 seconds
[2019-12-09T02:33:25.861+0000][1][safepoint    ] Application time: 0.0003763 seconds
[2019-12-09T02:33:25.861+0000][1][safepoint    ] Entering safepoint region: RevokeBias
[2019-12-09T02:33:25.861+0000][1][safepoint    ] Leaving safepoint region
[2019-12-09T02:33:25.861+0000][1][safepoint    ] Total time for which application threads were stopped: 0.0000574 seconds, Stopping threads took: 0.0000115 seconds
[2019-12-09T02:33:25.875+0000][1][safepoint    ] Application time: 0.0140927 seconds
[2019-12-09T02:33:25.875+0000][1][safepoint    ] Entering safepoint region: RevokeBias
[2019-12-09T02:33:25.875+0000][1][safepoint    ] Leaving safepoint region
[2019-12-09T02:33:25.875+0000][1][safepoint    ] Total time for which application threads were stopped: 0.0000700 seconds, Stopping threads took: 0.0000113 seconds
[2019-12-09T02:33:25.875+0000][1][safepoint    ] Application time: 0.0000609 seconds
[2019-12-09T02:33:25.875+0000][1][safepoint    ] Entering safepoint region: RevokeBias
[2019-12-09T02:33:25.875+0000][1][safepoint    ] Leaving safepoint region
[2019-12-09T02:33:25.875+0000][1][safepoint    ] Total time for which application threads were stopped: 0.0000505 seconds, Stopping threads took: 0.0000087 seconds
[2019-12-09T02:33:25.876+0000][1][safepoint    ] Application time: 0.0006349 seconds
[2019-12-09T02:33:25.876+0000][1][safepoint    ] Entering safepoint region: RevokeBias
[2019-12-09T02:33:25.876+0000][1][safepoint    ] Leaving safepoint region
[2019-12-09T02:33:25.876+0000][1][safepoint    ] Total time for which application threads were stopped: 0.0000598 seconds, Stopping threads took: 0.0000114 seconds
[2019-12-09T02:33:25.877+0000][1][safepoint    ] Application time: 0.0012421 seconds
[2019-12-09T02:33:25.877+0000][1][safepoint    ] Entering safepoint region: RevokeBias
[2019-12-09T02:33:25.877+0000][1][safepoint    ] Leaving safepoint region
[2019-12-09T02:33:25.877+0000][1][safepoint    ] Total time for which application threads were stopped: 0.0000714 seconds, Stopping threads took: 0.0000121 seconds
[2019-12-09T02:33:25.888+0000][1][safepoint    ] Application time: 0.0106694 seconds
[2019-12-09T02:33:25.888+0000][1][safepoint    ] Entering safepoint region: RevokeBias
[2019-12-09T02:33:25.888+0000][1][safepoint    ] Leaving safepoint region
[2019-12-09T02:33:25.888+0000][1][safepoint    ] Total time for which application threads were stopped: 0.0000712 seconds, Stopping threads took: 0.0000134 seconds
[2019-12-09T02:33:25.904+0000][1][safepoint    ] Application time: 0.0156277 seconds
[2019-12-09T02:33:25.904+0000][1][safepoint    ] Entering safepoint region: Deoptimize
[2019-12-09T02:33:25.904+0000][1][safepoint    ] Leaving safepoint region
[2019-12-09T02:33:25.904+0000][1][safepoint    ] Total time for which application threads were stopped: 0.0006332 seconds, Stopping threads took: 0.0000122 seconds
[2019-12-09T02:33:26.007+0000][1][safepoint    ] Application time: 0.1025394 seconds
[2019-12-09T02:33:26.007+0000][1][safepoint    ] Entering safepoint region: RevokeBias
[2019-12-09T02:33:26.007+0000][1][safepoint    ] Leaving safepoint region
[2019-12-09T02:33:26.007+0000][1][safepoint    ] Total time for which application threads were stopped: 0.0001068 seconds, Stopping threads took: 0.0000169 seconds
[2019-12-09T02:33:26.482+0000][1][safepoint    ] Application time: 0.4747470 seconds
[2019-12-09T02:33:26.500+0000][1][safepoint    ] Entering safepoint region: RevokeBias
[2019-12-09T02:33:26.500+0000][1][safepoint    ] Leaving safepoint region
[2019-12-09T02:33:26.500+0000][1][safepoint    ] Total time for which application threads were stopped: 0.0181975 seconds, Stopping threads took: 0.0181151 seconds
[2019-12-09T02:33:26.501+0000][1][safepoint    ] Application time: 0.0008720 seconds
[2019-12-09T02:33:26.504+0000][1][safepoint    ] Entering safepoint region: RevokeBias
[2019-12-09T02:33:26.504+0000][1][safepoint    ] Leaving safepoint region
[2019-12-09T02:33:26.504+0000][1][safepoint    ] Total time for which application threads were stopped: 0.0029353 seconds, Stopping threads took: 0.0028549 seconds
[2019-12-09T02:33:26.504+0000][1][safepoint    ] Application time: 0.0000799 seconds
[2019-12-09T02:33:26.504+0000][1][safepoint    ] Entering safepoint region: RevokeBias
[2019-12-09T02:33:26.504+0000][1][safepoint    ] Leaving safepoint region
[2019-12-09T02:33:26.504+0000][1][safepoint    ] Total time for which application threads were stopped: 0.0000640 seconds, Stopping threads took: 0.0000106 seconds
[2019-12-09T02:33:26.504+0000][1][safepoint    ] Application time: 0.0002790 seconds
[2019-12-09T02:33:26.504+0000][1][safepoint    ] Entering safepoint region: RevokeBias
[2019-12-09T02:33:26.504+0000][1][safepoint    ] Leaving safepoint region
[2019-12-09T02:33:26.504+0000][1][safepoint    ] Total time for which application threads were stopped: 0.0000738 seconds, Stopping threads took: 0.0000117 seconds
[2019-12-09T02:33:26.504+0000][1][safepoint    ] Application time: 0.0000441 seconds
[2019-12-09T02:33:26.504+0000][1][safepoint    ] Entering safepoint region: RevokeBias
[2019-12-09T02:33:26.504+0000][1][safepoint    ] Leaving safepoint region
[2019-12-09T02:33:26.504+0000][1][safepoint    ] Total time for which application threads were stopped: 0.0000559 seconds, Stopping threads took: 0.0000089 seconds
[2019-12-09T02:33:26.525+0000][1][safepoint    ] Application time: 0.0202709 seconds
[2019-12-09T02:33:26.525+0000][1][safepoint    ] Entering safepoint region: RevokeBias
[2019-12-09T02:33:26.525+0000][1][safepoint    ] Leaving safepoint region
[2019-12-09T02:33:26.525+0000][1][safepoint    ] Total time for which application threads were stopped: 0.0000948 seconds, Stopping threads took: 0.0000428 seconds
[2019-12-09T02:33:26.601+0000][1][safepoint    ] Application time: 0.0758760 seconds
[2019-12-09T02:33:26.601+0000][1][safepoint    ] Entering safepoint region: RevokeBias
[2019-12-09T02:33:26.601+0000][1][safepoint    ] Leaving safepoint region
[2019-12-09T02:33:26.601+0000][1][safepoint    ] Total time for which application threads were stopped: 0.0001368 seconds, Stopping threads took: 0.0000685 seconds
[2019-12-09T02:33:26.602+0000][1][safepoint    ] Application time: 0.0007119 seconds
[2019-12-09T02:33:26.602+0000][1][safepoint    ] Entering safepoint region: RevokeBias
[2019-12-09T02:33:26.602+0000][1][safepoint    ] Leaving safepoint region
[2019-12-09T02:33:26.602+0000][1][safepoint    ] Total time for which application threads were stopped: 0.0000922 seconds, Stopping threads took: 0.0000150 seconds
[2019-12-09T02:33:26.617+0000][1][safepoint    ] Application time: 0.0149904 seconds
[2019-12-09T02:33:26.617+0000][1][safepoint    ] Entering safepoint region: RevokeBias
[2019-12-09T02:33:26.617+0000][1][safepoint    ] Leaving safepoint region
[2019-12-09T02:33:26.617+0000][1][safepoint    ] Total time for which application threads were stopped: 0.0001027 seconds, Stopping threads took: 0.0000536 seconds
[2019-12-09T02:33:26.618+0000][1][safepoint    ] Application time: 0.0010202 seconds
[2019-12-09T02:33:26.618+0000][1][safepoint    ] Entering safepoint region: RevokeBias
[2019-12-09T02:33:26.618+0000][1][safepoint    ] Leaving safepoint region
[2019-12-09T02:33:26.618+0000][1][safepoint    ] Total time for which application threads were stopped: 0.0000549 seconds, Stopping threads took: 0.0000119 seconds
[2019-12-09T02:33:26.702+0000][1][safepoint    ] Application time: 0.0837592 seconds
[2019-12-09T02:33:26.702+0000][1][safepoint    ] Entering safepoint region: RevokeBias
[2019-12-09T02:33:26.702+0000][1][safepoint    ] Leaving safepoint region
[2019-12-09T02:33:26.702+0000][1][safepoint    ] Total time for which application threads were stopped: 0.0001696 seconds, Stopping threads took: 0.0000841 seconds
[2019-12-09T02:33:26.703+0000][1][safepoint    ] Application time: 0.0005642 seconds
[2019-12-09T02:33:26.703+0000][1][safepoint    ] Entering safepoint region: RevokeBias
[2019-12-09T02:33:26.703+0000][1][safepoint    ] Leaving safepoint region
[2019-12-09T02:33:26.703+0000][1][safepoint    ] Total time for which application threads were stopped: 0.0001096 seconds, Stopping threads took: 0.0000144 seconds
[2019-12-09T02:33:26.703+0000][1][safepoint    ] Application time: 0.0001808 seconds
[2019-12-09T02:33:26.703+0000][1][safepoint    ] Entering safepoint region: RevokeBias
[2019-12-09T02:33:26.703+0000][1][safepoint    ] Leaving safepoint region
[2019-12-09T02:33:26.703+0000][1][safepoint    ] Total time for which application threads were stopped: 0.0000933 seconds, Stopping threads took: 0.0000118 seconds
[2019-12-09T02:33:26.703+0000][1][safepoint    ] Application time: 0.0005207 seconds
[2019-12-09T02:33:26.704+0000][1][safepoint    ] Entering safepoint region: RevokeBias
[2019-12-09T02:33:26.704+0000][1][safepoint    ] Leaving safepoint region
[2019-12-09T02:33:26.704+0000][1][safepoint    ] Total time for which application threads were stopped: 0.0000684 seconds, Stopping threads took: 0.0000124 seconds
[2019-12-09T02:33:26.704+0000][1][safepoint    ] Application time: 0.0000616 seconds
[2019-12-09T02:33:26.704+0000][1][safepoint    ] Entering safepoint region: RevokeBias
[2019-12-09T02:33:26.704+0000][1][safepoint    ] Leaving safepoint region
[2019-12-09T02:33:26.704+0000][1][safepoint    ] Total time for which application threads were stopped: 0.0000811 seconds, Stopping threads took: 0.0000094 seconds
[2019-12-09T02:33:26.705+0000][1][safepoint    ] Application time: 0.0013925 seconds
[2019-12-09T02:33:26.705+0000][1][safepoint    ] Entering safepoint region: RevokeBias
[2019-12-09T02:33:26.705+0000][1][safepoint    ] Leaving safepoint region
[2019-12-09T02:33:26.705+0000][1][safepoint    ] Total time for which application threads were stopped: 0.0000592 seconds, Stopping threads took: 0.0000118 seconds
[2019-12-09T02:33:26.708+0000][1][safepoint    ] Application time: 0.0023564 seconds
[2019-12-09T02:33:26.708+0000][1][safepoint    ] Entering safepoint region: RevokeBias
[2019-12-09T02:33:26.708+0000][1][safepoint    ] Leaving safepoint region
[2019-12-09T02:33:26.708+0000][1][safepoint    ] Total time for which application threads were stopped: 0.0001663 seconds, Stopping threads took: 0.0000125 seconds
[2019-12-09T02:33:26.775+0000][1][safepoint    ] Application time: 0.0677074 seconds
[2019-12-09T02:33:26.788+0000][1][safepoint    ] Entering safepoint region: RevokeBias
[2019-12-09T02:33:26.788+0000][1][safepoint    ] Leaving safepoint region
[2019-12-09T02:33:26.788+0000][1][safepoint    ] Total time for which application threads were stopped: 0.0124153 seconds, Stopping threads took: 0.0122908 seconds
[2019-12-09T02:33:26.789+0000][1][safepoint    ] Application time: 0.0007331 seconds
[2019-12-09T02:33:26.795+0000][1][safepoint    ] Entering safepoint region: RevokeBias
[2019-12-09T02:33:26.795+0000][1][safepoint    ] Leaving safepoint region
[2019-12-09T02:33:26.795+0000][1][safepoint    ] Total time for which application threads were stopped: 0.0061667 seconds, Stopping threads took: 0.0060605 seconds
[2019-12-09T02:33:26.799+0000][1][safepoint    ] Application time: 0.0036107 seconds
[2019-12-09T02:33:26.799+0000][1][safepoint    ] Entering safepoint region: RevokeBias
[2019-12-09T02:33:26.799+0000][1][safepoint    ] Leaving safepoint region
[2019-12-09T02:33:26.799+0000][1][safepoint    ] Total time for which application threads were stopped: 0.0001462 seconds, Stopping threads took: 0.0000840 seconds
[2019-12-09T02:33:26.814+0000][1][safepoint    ] Application time: 0.0150163 seconds
[2019-12-09T02:33:26.814+0000][1][safepoint    ] Entering safepoint region: RevokeBias
[2019-12-09T02:33:26.814+0000][1][safepoint    ] Leaving safepoint region
[2019-12-09T02:33:26.814+0000][1][safepoint    ] Total time for which application threads were stopped: 0.0001266 seconds, Stopping threads took: 0.0000604 seconds
[2019-12-09T02:33:26.819+0000][1][safepoint    ] Application time: 0.0051712 seconds
[2019-12-09T02:33:26.819+0000][1][safepoint    ] Entering safepoint region: RevokeBias
[2019-12-09T02:33:26.819+0000][1][safepoint    ] Leaving safepoint region
[2019-12-09T02:33:26.819+0000][1][safepoint    ] Total time for which application threads were stopped: 0.0001311 seconds, Stopping threads took: 0.0000499 seconds
[2019-12-09T02:33:26.819+0000][1][safepoint    ] Application time: 0.0002326 seconds
[2019-12-09T02:33:26.819+0000][1][safepoint    ] Entering safepoint region: RevokeBias
[2019-12-09T02:33:26.820+0000][1][safepoint    ] Leaving safepoint region
[2019-12-09T02:33:26.820+0000][1][safepoint    ] Total time for which application threads were stopped: 0.0001298 seconds, Stopping threads took: 0.0000118 seconds
[2019-12-09T02:33:26.823+0000][1][safepoint    ] Application time: 0.0029917 seconds
[2019-12-09T02:33:26.823+0000][1][safepoint    ] Entering safepoint region: RevokeBias
[2019-12-09T02:33:26.823+0000][1][safepoint    ] Leaving safepoint region
[2019-12-09T02:33:26.823+0000][1][safepoint    ] Total time for which application threads were stopped: 0.0000730 seconds, Stopping threads took: 0.0000125 seconds
[2019-12-09T02:33:26.823+0000][1][safepoint    ] Application time: 0.0003081 seconds
[2019-12-09T02:33:26.823+0000][1][safepoint    ] Entering safepoint region: RevokeBias
[2019-12-09T02:33:26.823+0000][1][safepoint    ] Leaving safepoint region
[2019-12-09T02:33:26.823+0000][1][safepoint    ] Total time for which application threads were stopped: 0.0001097 seconds, Stopping threads took: 0.0000119 seconds
[2019-12-09T02:33:26.824+0000][1][safepoint    ] Application time: 0.0008659 seconds
[2019-12-09T02:33:26.824+0000][1][safepoint    ] Entering safepoint region: RevokeBias
[2019-12-09T02:33:26.824+0000][1][safepoint    ] Leaving safepoint region
[2019-12-09T02:33:26.824+0000][1][safepoint    ] Total time for which application threads were stopped: 0.0000639 seconds, Stopping threads took: 0.0000112 seconds
[2019-12-09T02:33:26.824+0000][1][safepoint    ] Application time: 0.0000712 seconds
[2019-12-09T02:33:26.824+0000][1][safepoint    ] Entering safepoint region: RevokeBias
[2019-12-09T02:33:26.824+0000][1][safepoint    ] Leaving safepoint region
[2019-12-09T02:33:26.824+0000][1][safepoint    ] Total time for which application threads were stopped: 0.0000489 seconds, Stopping threads took: 0.0000077 seconds
[2019-12-09T02:33:26.828+0000][1][safepoint    ] Application time: 0.0035842 seconds
[2019-12-09T02:33:26.828+0000][1][safepoint    ] Entering safepoint region: BulkRevokeBias
[2019-12-09T02:33:26.828+0000][1][safepoint    ] Leaving safepoint region
[2019-12-09T02:33:26.828+0000][1][safepoint    ] Total time for which application threads were stopped: 0.0004548 seconds, Stopping threads took: 0.0001294 seconds
[2019-12-09T02:33:26.829+0000][1][safepoint    ] Application time: 0.0006843 seconds
[2019-12-09T02:33:26.829+0000][1][safepoint    ] Entering safepoint region: RevokeBias
[2019-12-09T02:33:26.829+0000][1][safepoint    ] Leaving safepoint region
[2019-12-09T02:33:26.829+0000][1][safepoint    ] Total time for which application threads were stopped: 0.0000703 seconds, Stopping threads took: 0.0000126 seconds
[2019-12-09T02:33:26.829+0000][1][safepoint    ] Application time: 0.0001833 seconds
[2019-12-09T02:33:26.829+0000][1][safepoint    ] Entering safepoint region: RevokeBias
[2019-12-09T02:33:26.829+0000][1][safepoint    ] Leaving safepoint region
[2019-12-09T02:33:26.829+0000][1][safepoint    ] Total time for which application threads were stopped: 0.0000612 seconds, Stopping threads took: 0.0000109 seconds
[2019-12-09T02:33:26.830+0000][1][safepoint    ] Application time: 0.0002103 seconds
[2019-12-09T02:33:26.830+0000][1][safepoint    ] Entering safepoint region: RevokeBias
[2019-12-09T02:33:26.830+0000][1][safepoint    ] Leaving safepoint region
[2019-12-09T02:33:26.830+0000][1][safepoint    ] Total time for which application threads were stopped: 0.0000612 seconds, Stopping threads took: 0.0000114 seconds
[2019-12-09T02:33:26.830+0000][1][safepoint    ] Application time: 0.0002389 seconds
[2019-12-09T02:33:26.830+0000][1][safepoint    ] Entering safepoint region: RevokeBias
[2019-12-09T02:33:26.830+0000][1][safepoint    ] Leaving safepoint region
[2019-12-09T02:33:26.830+0000][1][safepoint    ] Total time for which application threads were stopped: 0.0000606 seconds, Stopping threads took: 0.0000114 seconds
[2019-12-09T02:33:26.832+0000][1][safepoint    ] Application time: 0.0016875 seconds
[2019-12-09T02:33:26.832+0000][1][safepoint    ] Entering safepoint region: RevokeBias
[2019-12-09T02:33:26.832+0000][1][safepoint    ] Leaving safepoint region
[2019-12-09T02:33:26.832+0000][1][safepoint    ] Total time for which application threads were stopped: 0.0000672 seconds, Stopping threads took: 0.0000140 seconds
[2019-12-09T02:33:26.832+0000][1][safepoint    ] Application time: 0.0000739 seconds
[2019-12-09T02:33:26.832+0000][1][safepoint    ] Entering safepoint region: RevokeBias
[2019-12-09T02:33:26.832+0000][1][safepoint    ] Leaving safepoint region
[2019-12-09T02:33:26.832+0000][1][safepoint    ] Total time for which application threads were stopped: 0.0000825 seconds, Stopping threads took: 0.0000096 seconds
[2019-12-09T02:33:26.832+0000][1][safepoint    ] Application time: 0.0001209 seconds
[2019-12-09T02:33:26.832+0000][1][safepoint    ] Entering safepoint region: RevokeBias
[2019-12-09T02:33:26.832+0000][1][safepoint    ] Leaving safepoint region
[2019-12-09T02:33:26.832+0000][1][safepoint    ] Total time for which application threads were stopped: 0.0000598 seconds, Stopping threads took: 0.0000097 seconds
[2019-12-09T02:33:26.832+0000][1][safepoint    ] Application time: 0.0000595 seconds
[2019-12-09T02:33:26.832+0000][1][safepoint    ] Entering safepoint region: RevokeBias
[2019-12-09T02:33:26.832+0000][1][safepoint    ] Leaving safepoint region
[2019-12-09T02:33:26.832+0000][1][safepoint    ] Total time for which application threads were stopped: 0.0000509 seconds, Stopping threads took: 0.0000092 seconds
[2019-12-09T02:33:26.836+0000][1][safepoint    ] Application time: 0.0034161 seconds
[2019-12-09T02:33:26.836+0000][1][safepoint    ] Entering safepoint region: RevokeBias
[2019-12-09T02:33:26.836+0000][1][safepoint    ] Leaving safepoint region
[2019-12-09T02:33:26.836+0000][1][safepoint    ] Total time for which application threads were stopped: 0.0000601 seconds, Stopping threads took: 0.0000121 seconds
[2019-12-09T02:33:26.854+0000][1][safepoint    ] Application time: 0.0179892 seconds
[2019-12-09T02:33:26.854+0000][1][safepoint    ] Entering safepoint region: RevokeBias
[2019-12-09T02:33:26.854+0000][1][safepoint    ] Leaving safepoint region
[2019-12-09T02:33:26.854+0000][1][safepoint    ] Total time for which application threads were stopped: 0.0001087 seconds, Stopping threads took: 0.0000548 seconds
[2019-12-09T02:33:26.854+0000][1][safepoint    ] Application time: 0.0001871 seconds
[2019-12-09T02:33:26.854+0000][1][safepoint    ] Entering safepoint region: RevokeBias
[2019-12-09T02:33:26.854+0000][1][safepoint    ] Leaving safepoint region
[2019-12-09T02:33:26.854+0000][1][safepoint    ] Total time for which application threads were stopped: 0.0000551 seconds, Stopping threads took: 0.0000090 seconds
[2019-12-09T02:33:26.854+0000][1][safepoint    ] Application time: 0.0001411 seconds
[2019-12-09T02:33:26.854+0000][1][safepoint    ] Entering safepoint region: RevokeBias
[2019-12-09T02:33:26.854+0000][1][safepoint    ] Leaving safepoint region
[2019-12-09T02:33:26.854+0000][1][safepoint    ] Total time for which application threads were stopped: 0.0000510 seconds, Stopping threads took: 0.0000087 seconds
[2019-12-09T02:33:26.856+0000][1][safepoint    ] Application time: 0.0019180 seconds
[2019-12-09T02:33:26.856+0000][1][safepoint    ] Entering safepoint region: RevokeBias
[2019-12-09T02:33:26.856+0000][1][safepoint    ] Leaving safepoint region
[2019-12-09T02:33:26.856+0000][1][safepoint    ] Total time for which application threads were stopped: 0.0000770 seconds, Stopping threads took: 0.0000138 seconds
[2019-12-09T02:33:26.857+0000][1][safepoint    ] Application time: 0.0003372 seconds
[2019-12-09T02:33:26.857+0000][1][safepoint    ] Entering safepoint region: RevokeBias
[2019-12-09T02:33:26.857+0000][1][safepoint    ] Leaving safepoint region
[2019-12-09T02:33:26.857+0000][1][safepoint    ] Total time for which application threads were stopped: 0.0000661 seconds, Stopping threads took: 0.0000116 seconds
[2019-12-09T02:33:26.875+0000][1][safepoint    ] Application time: 0.0181239 seconds
[2019-12-09T02:33:26.875+0000][1][safepoint    ] Entering safepoint region: RevokeBias
[2019-12-09T02:33:26.875+0000][1][safepoint    ] Leaving safepoint region
[2019-12-09T02:33:26.875+0000][1][safepoint    ] Total time for which application threads were stopped: 0.0000670 seconds, Stopping threads took: 0.0000115 seconds
[2019-12-09T02:33:26.875+0000][1][safepoint    ] Application time: 0.0002956 seconds
[2019-12-09T02:33:26.875+0000][1][safepoint    ] Entering safepoint region: RevokeBias
[2019-12-09T02:33:26.875+0000][1][safepoint    ] Leaving safepoint region
[2019-12-09T02:33:26.875+0000][1][safepoint    ] Total time for which application threads were stopped: 0.0000648 seconds, Stopping threads took: 0.0000097 seconds
[2019-12-09T02:33:26.878+0000][1][safepoint    ] Application time: 0.0022060 seconds
[2019-12-09T02:33:26.878+0000][1][safepoint    ] Entering safepoint region: RevokeBias
[2019-12-09T02:33:26.878+0000][1][safepoint    ] Leaving safepoint region
[2019-12-09T02:33:26.878+0000][1][safepoint    ] Total time for which application threads were stopped: 0.0000674 seconds, Stopping threads took: 0.0000157 seconds
[2019-12-09T02:33:26.878+0000][1][safepoint    ] Application time: 0.0004109 seconds
[2019-12-09T02:33:26.878+0000][1][safepoint    ] Entering safepoint region: RevokeBias
[2019-12-09T02:33:26.878+0000][1][safepoint    ] Leaving safepoint region
[2019-12-09T02:33:26.878+0000][1][safepoint    ] Total time for which application threads were stopped: 0.0000655 seconds, Stopping threads took: 0.0000119 seconds
[2019-12-09T02:33:26.878+0000][1][safepoint    ] Application time: 0.0001417 seconds
[2019-12-09T02:33:26.878+0000][1][safepoint    ] Entering safepoint region: RevokeBias
[2019-12-09T02:33:26.878+0000][1][safepoint    ] Leaving safepoint region
[2019-12-09T02:33:26.878+0000][1][safepoint    ] Total time for which application threads were stopped: 0.0000598 seconds, Stopping threads took: 0.0000099 seconds
[2019-12-09T02:33:26.879+0000][1][safepoint    ] Application time: 0.0005785 seconds
[2019-12-09T02:33:26.879+0000][1][safepoint    ] Entering safepoint region: RevokeBias
[2019-12-09T02:33:26.879+0000][1][safepoint    ] Leaving safepoint region
[2019-12-09T02:33:26.879+0000][1][safepoint    ] Total time for which application threads were stopped: 0.0000596 seconds, Stopping threads took: 0.0000127 seconds
[2019-12-09T02:33:27.499+0000][1][safepoint    ] Application time: 0.6203077 seconds
[2019-12-09T02:33:27.500+0000][1][safepoint    ] Entering safepoint region: RevokeBias
[2019-12-09T02:33:27.500+0000][1][safepoint    ] Leaving safepoint region
[2019-12-09T02:33:27.500+0000][1][safepoint    ] Total time for which application threads were stopped: 0.0003180 seconds, Stopping threads took: 0.0001059 seconds
[2019-12-09T02:33:27.500+0000][1][safepoint    ] Application time: 0.0002779 seconds
[2019-12-09T02:33:27.500+0000][1][safepoint    ] Entering safepoint region: RevokeBias
[2019-12-09T02:33:27.500+0000][1][safepoint    ] Leaving safepoint region
[2019-12-09T02:33:27.500+0000][1][safepoint    ] Total time for which application threads were stopped: 0.0000616 seconds, Stopping threads took: 0.0000093 seconds
[2019-12-09T02:33:27.501+0000][1][safepoint    ] Application time: 0.0003346 seconds
[2019-12-09T02:33:27.501+0000][1][safepoint    ] Entering safepoint region: RevokeBias
[2019-12-09T02:33:27.501+0000][1][safepoint    ] Leaving safepoint region
[2019-12-09T02:33:27.501+0000][1][safepoint    ] Total time for which application threads were stopped: 0.0000657 seconds, Stopping threads took: 0.0000126 seconds
[2019-12-09T02:33:27.501+0000][1][safepoint    ] Application time: 0.0004217 seconds
[2019-12-09T02:33:27.501+0000][1][safepoint    ] Entering safepoint region: RevokeBias
[2019-12-09T02:33:27.501+0000][1][safepoint    ] Leaving safepoint region
[2019-12-09T02:33:27.501+0000][1][safepoint    ] Total time for which application threads were stopped: 0.0000582 seconds, Stopping threads took: 0.0000106 seconds
[2019-12-09T02:33:27.501+0000][1][safepoint    ] Application time: 0.0003294 seconds
[2019-12-09T02:33:27.501+0000][1][safepoint    ] Entering safepoint region: RevokeBias
[2019-12-09T02:33:27.502+0000][1][safepoint    ] Leaving safepoint region
[2019-12-09T02:33:27.502+0000][1][safepoint    ] Total time for which application threads were stopped: 0.0000570 seconds, Stopping threads took: 0.0000114 seconds
[2019-12-09T02:33:27.502+0000][1][safepoint    ] Application time: 0.0000469 seconds
[2019-12-09T02:33:27.502+0000][1][safepoint    ] Entering safepoint region: RevokeBias
[2019-12-09T02:33:27.502+0000][1][safepoint    ] Leaving safepoint region
[2019-12-09T02:33:27.502+0000][1][safepoint    ] Total time for which application threads were stopped: 0.0000477 seconds, Stopping threads took: 0.0000091 seconds
[2019-12-09T02:33:27.502+0000][1][safepoint    ] Application time: 0.0000541 seconds
[2019-12-09T02:33:27.502+0000][1][safepoint    ] Entering safepoint region: RevokeBias
[2019-12-09T02:33:27.502+0000][1][safepoint    ] Leaving safepoint region
[2019-12-09T02:33:27.502+0000][1][safepoint    ] Total time for which application threads were stopped: 0.0000473 seconds, Stopping threads took: 0.0000097 seconds
[2019-12-09T02:33:27.515+0000][1][safepoint    ] Application time: 0.0131415 seconds
[2019-12-09T02:33:27.515+0000][1][safepoint    ] Entering safepoint region: RevokeBias
[2019-12-09T02:33:27.515+0000][1][safepoint    ] Leaving safepoint region
[2019-12-09T02:33:27.515+0000][1][safepoint    ] Total time for which application threads were stopped: 0.0001189 seconds, Stopping threads took: 0.0000594 seconds
[2019-12-09T02:33:27.515+0000][1][safepoint    ] Application time: 0.0001461 seconds
[2019-12-09T02:33:27.515+0000][1][safepoint    ] Entering safepoint region: RevokeBias
[2019-12-09T02:33:27.515+0000][1][safepoint    ] Leaving safepoint region
[2019-12-09T02:33:27.515+0000][1][safepoint    ] Total time for which application threads were stopped: 0.0000518 seconds, Stopping threads took: 0.0000098 seconds
[2019-12-09T02:33:27.519+0000][1][safepoint    ] Application time: 0.0036341 seconds
[2019-12-09T02:33:27.519+0000][1][safepoint    ] Entering safepoint region: RevokeBias
[2019-12-09T02:33:27.519+0000][1][safepoint    ] Leaving safepoint region
[2019-12-09T02:33:27.519+0000][1][safepoint    ] Total time for which application threads were stopped: 0.0000829 seconds, Stopping threads took: 0.0000259 seconds
[2019-12-09T02:33:27.519+0000][1][safepoint    ] Application time: 0.0001850 seconds
[2019-12-09T02:33:27.519+0000][1][safepoint    ] Entering safepoint region: RevokeBias
[2019-12-09T02:33:27.519+0000][1][safepoint    ] Leaving safepoint region
[2019-12-09T02:33:27.519+0000][1][safepoint    ] Total time for which application threads were stopped: 0.0000523 seconds, Stopping threads took: 0.0000096 seconds
[2019-12-09T02:33:27.526+0000][1][safepoint    ] Application time: 0.0066703 seconds
[2019-12-09T02:33:27.526+0000][1][safepoint    ] Entering safepoint region: RevokeBias
[2019-12-09T02:33:27.526+0000][1][safepoint    ] Leaving safepoint region
[2019-12-09T02:33:27.526+0000][1][safepoint    ] Total time for which application threads were stopped: 0.0000669 seconds, Stopping threads took: 0.0000130 seconds
[2019-12-09T02:33:27.526+0000][1][safepoint    ] Application time: 0.0002479 seconds
[2019-12-09T02:33:27.526+0000][1][safepoint    ] Entering safepoint region: RevokeBias
[2019-12-09T02:33:27.526+0000][1][safepoint    ] Leaving safepoint region
[2019-12-09T02:33:27.526+0000][1][safepoint    ] Total time for which application threads were stopped: 0.0000580 seconds, Stopping threads took: 0.0000120 seconds
[2019-12-09T02:33:27.528+0000][1][safepoint    ] Application time: 0.0019165 seconds
[2019-12-09T02:33:27.528+0000][1][safepoint    ] Entering safepoint region: RevokeBias
[2019-12-09T02:33:27.528+0000][1][safepoint    ] Leaving safepoint region
[2019-12-09T02:33:27.528+0000][1][safepoint    ] Total time for which application threads were stopped: 0.0000604 seconds, Stopping threads took: 0.0000111 seconds
[2019-12-09T02:33:27.529+0000][1][safepoint    ] Application time: 0.0003130 seconds
[2019-12-09T02:33:27.529+0000][1][safepoint    ] Entering safepoint region: RevokeBias
[2019-12-09T02:33:27.529+0000][1][safepoint    ] Leaving safepoint region
[2019-12-09T02:33:27.529+0000][1][safepoint    ] Total time for which application threads were stopped: 0.0000561 seconds, Stopping threads took: 0.0000101 seconds
[2019-12-09T02:33:27.529+0000][1][safepoint    ] Application time: 0.0005260 seconds
[2019-12-09T02:33:27.529+0000][1][safepoint    ] Entering safepoint region: RevokeBias
[2019-12-09T02:33:27.529+0000][1][safepoint    ] Leaving safepoint region
[2019-12-09T02:33:27.529+0000][1][safepoint    ] Total time for which application threads were stopped: 0.0000546 seconds, Stopping threads took: 0.0000116 seconds
[2019-12-09T02:33:27.529+0000][1][safepoint    ] Application time: 0.0000632 seconds
[2019-12-09T02:33:27.529+0000][1][safepoint    ] Entering safepoint region: RevokeBias
[2019-12-09T02:33:27.529+0000][1][safepoint    ] Leaving safepoint region
[2019-12-09T02:33:27.530+0000][1][safepoint    ] Total time for which application threads were stopped: 0.0000450 seconds, Stopping threads took: 0.0000095 seconds
[2019-12-09T02:33:27.530+0000][1][safepoint    ] Application time: 0.0002932 seconds
[2019-12-09T02:33:27.530+0000][1][safepoint    ] Entering safepoint region: RevokeBias
[2019-12-09T02:33:27.530+0000][1][safepoint    ] Leaving safepoint region
[2019-12-09T02:33:27.530+0000][1][safepoint    ] Total time for which application threads were stopped: 0.0000517 seconds, Stopping threads took: 0.0000117 seconds
[2019-12-09T02:33:27.530+0000][1][safepoint    ] Application time: 0.0000733 seconds
[2019-12-09T02:33:27.530+0000][1][safepoint    ] Entering safepoint region: RevokeBias
[2019-12-09T02:33:27.530+0000][1][safepoint    ] Leaving safepoint region
[2019-12-09T02:33:27.530+0000][1][safepoint    ] Total time for which application threads were stopped: 0.0000446 seconds, Stopping threads took: 0.0000090 seconds
[2019-12-09T02:33:27.537+0000][1][safepoint    ] Application time: 0.0066876 seconds
[2019-12-09T02:33:27.537+0000][1][safepoint    ] Entering safepoint region: RevokeBias
[2019-12-09T02:33:27.537+0000][1][safepoint    ] Leaving safepoint region
[2019-12-09T02:33:27.537+0000][1][safepoint    ] Total time for which application threads were stopped: 0.0000495 seconds, Stopping threads took: 0.0000123 seconds
[2019-12-09T02:33:27.540+0000][1][safepoint    ] Application time: 0.0029189 seconds
[2019-12-09T02:33:27.540+0000][1][safepoint    ] Entering safepoint region: RevokeBias
[2019-12-09T02:33:27.540+0000][1][safepoint    ] Leaving safepoint region
[2019-12-09T02:33:27.540+0000][1][safepoint    ] Total time for which application threads were stopped: 0.0000473 seconds, Stopping threads took: 0.0000118 seconds
[2019-12-09T02:33:27.541+0000][1][safepoint    ] Application time: 0.0011793 seconds
[2019-12-09T02:33:27.541+0000][1][safepoint    ] Entering safepoint region: RevokeBias
[2019-12-09T02:33:27.541+0000][1][safepoint    ] Leaving safepoint region
[2019-12-09T02:33:27.541+0000][1][safepoint    ] Total time for which application threads were stopped: 0.0000543 seconds, Stopping threads took: 0.0000133 seconds
[2019-12-09T02:33:28.518+0000][1][safepoint    ] Application time: 0.9769607 seconds
[2019-12-09T02:33:28.518+0000][1][safepoint    ] Entering safepoint region: RevokeBias
[2019-12-09T02:33:28.518+0000][1][safepoint    ] Leaving safepoint region
[2019-12-09T02:33:28.518+0000][1][safepoint    ] Total time for which application threads were stopped: 0.0001899 seconds, Stopping threads took: 0.0000933 seconds
[2019-12-09T02:33:28.520+0000][1][safepoint    ] Application time: 0.0016516 seconds
[2019-12-09T02:33:28.528+0000][1][safepoint    ] Entering safepoint region: RevokeBias
[2019-12-09T02:33:28.528+0000][1][safepoint    ] Leaving safepoint region
[2019-12-09T02:33:28.528+0000][1][safepoint    ] Total time for which application threads were stopped: 0.0078858 seconds, Stopping threads took: 0.0078104 seconds
[2019-12-09T02:33:28.611+0000][1][safepoint    ] Application time: 0.0830142 seconds
[2019-12-09T02:33:28.611+0000][1][safepoint    ] Entering safepoint region: RevokeBias
[2019-12-09T02:33:28.611+0000][1][safepoint    ] Leaving safepoint region
[2019-12-09T02:33:28.611+0000][1][safepoint    ] Total time for which application threads were stopped: 0.0001080 seconds, Stopping threads took: 0.0000176 seconds
[2019-12-09T02:33:28.612+0000][1][safepoint    ] Application time: 0.0009866 seconds
[2019-12-09T02:33:28.612+0000][1][safepoint    ] Entering safepoint region: RevokeBias
[2019-12-09T02:33:28.612+0000][1][safepoint    ] Leaving safepoint region
[2019-12-09T02:33:28.612+0000][1][safepoint    ] Total time for which application threads were stopped: 0.0000959 seconds, Stopping threads took: 0.0000143 seconds
[2019-12-09T02:33:28.613+0000][1][safepoint    ] Application time: 0.0012627 seconds
[2019-12-09T02:33:28.613+0000][1][safepoint    ] Entering safepoint region: RevokeBias
[2019-12-09T02:33:28.613+0000][1][safepoint    ] Leaving safepoint region
[2019-12-09T02:33:28.613+0000][1][safepoint    ] Total time for which application threads were stopped: 0.0001008 seconds, Stopping threads took: 0.0000127 seconds
[2019-12-09T02:33:28.615+0000][1][safepoint    ] Application time: 0.0011158 seconds
[2019-12-09T02:33:28.615+0000][1][safepoint    ] Entering safepoint region: RevokeBias
[2019-12-09T02:33:28.615+0000][1][safepoint    ] Leaving safepoint region
[2019-12-09T02:33:28.615+0000][1][safepoint    ] Total time for which application threads were stopped: 0.0000958 seconds, Stopping threads took: 0.0000124 seconds
[2019-12-09T02:33:28.616+0000][1][safepoint    ] Application time: 0.0008975 seconds
[2019-12-09T02:33:28.616+0000][1][safepoint    ] Entering safepoint region: RevokeBias
[2019-12-09T02:33:28.616+0000][1][safepoint    ] Leaving safepoint region
[2019-12-09T02:33:28.616+0000][1][safepoint    ] Total time for which application threads were stopped: 0.0000900 seconds, Stopping threads took: 0.0000117 seconds
[2019-12-09T02:33:28.617+0000][1][safepoint    ] Application time: 0.0010902 seconds
[2019-12-09T02:33:28.617+0000][1][safepoint    ] Entering safepoint region: RevokeBias
[2019-12-09T02:33:28.617+0000][1][safepoint    ] Leaving safepoint region
[2019-12-09T02:33:28.617+0000][1][safepoint    ] Total time for which application threads were stopped: 0.0000964 seconds, Stopping threads took: 0.0000445 seconds
[2019-12-09T02:33:28.617+0000][1][safepoint    ] Application time: 0.0002478 seconds
[2019-12-09T02:33:28.617+0000][1][safepoint    ] Entering safepoint region: RevokeBias
[2019-12-09T02:33:28.617+0000][1][safepoint    ] Leaving safepoint region
[2019-12-09T02:33:28.617+0000][1][safepoint    ] Total time for which application threads were stopped: 0.0000495 seconds, Stopping threads took: 0.0000110 seconds
[2019-12-09T02:33:29.531+0000][1][safepoint    ] Application time: 0.9132177 seconds
[2019-12-09T02:33:29.531+0000][1][safepoint    ] Entering safepoint region: RevokeBias
[2019-12-09T02:33:29.531+0000][1][safepoint    ] Leaving safepoint region
[2019-12-09T02:33:29.531+0000][1][safepoint    ] Total time for which application threads were stopped: 0.0002447 seconds, Stopping threads took: 0.0001687 seconds
[2019-12-09T02:33:29.531+0000][1][safepoint    ] Application time: 0.0002800 seconds
[2019-12-09T02:33:29.531+0000][1][safepoint    ] Entering safepoint region: RevokeBias
[2019-12-09T02:33:29.531+0000][1][safepoint    ] Leaving safepoint region
[2019-12-09T02:33:29.531+0000][1][safepoint    ] Total time for which application threads were stopped: 0.0000588 seconds, Stopping threads took: 0.0000109 seconds
[2019-12-09T02:33:29.541+0000][1][safepoint    ] Application time: 0.0098546 seconds
[2019-12-09T02:33:29.541+0000][1][safepoint    ] Entering safepoint region: RevokeBias
[2019-12-09T02:33:29.541+0000][1][safepoint    ] Leaving safepoint region
[2019-12-09T02:33:29.541+0000][1][safepoint    ] Total time for which application threads were stopped: 0.0001278 seconds, Stopping threads took: 0.0000731 seconds
[2019-12-09T02:33:29.542+0000][1][safepoint    ] Application time: 0.0004223 seconds
[2019-12-09T02:33:29.542+0000][1][safepoint    ] Entering safepoint region: RevokeBias
[2019-12-09T02:33:29.542+0000][1][safepoint    ] Leaving safepoint region
[2019-12-09T02:33:29.542+0000][1][safepoint    ] Total time for which application threads were stopped: 0.0000597 seconds, Stopping threads took: 0.0000123 seconds
[2019-12-09T02:33:29.556+0000][1][safepoint    ] Application time: 0.0140616 seconds
[2019-12-09T02:33:29.556+0000][1][safepoint    ] Entering safepoint region: RevokeBias
[2019-12-09T02:33:29.556+0000][1][safepoint    ] Leaving safepoint region
[2019-12-09T02:33:29.556+0000][1][safepoint    ] Total time for which application threads were stopped: 0.0001274 seconds, Stopping threads took: 0.0000706 seconds
[2019-12-09T02:33:29.559+0000][1][safepoint    ] Application time: 0.0035270 seconds
[2019-12-09T02:33:29.560+0000][1][safepoint    ] Entering safepoint region: RevokeBias
[2019-12-09T02:33:29.560+0000][1][safepoint    ] Leaving safepoint region
[2019-12-09T02:33:29.560+0000][1][safepoint    ] Total time for which application threads were stopped: 0.0001376 seconds, Stopping threads took: 0.0000743 seconds
[2019-12-09T02:33:29.563+0000][1][safepoint    ] Application time: 0.0035760 seconds
[2019-12-09T02:33:29.563+0000][1][safepoint    ] Entering safepoint region: RevokeBias
[2019-12-09T02:33:29.563+0000][1][safepoint    ] Leaving safepoint region
[2019-12-09T02:33:29.563+0000][1][safepoint    ] Total time for which application threads were stopped: 0.0001960 seconds, Stopping threads took: 0.0001216 seconds
[2019-12-09T02:33:29.565+0000][1][safepoint    ] Application time: 0.0018369 seconds
[2019-12-09T02:33:29.565+0000][1][safepoint    ] Entering safepoint region: RevokeBias
[2019-12-09T02:33:29.565+0000][1][safepoint    ] Leaving safepoint region
[2019-12-09T02:33:29.565+0000][1][safepoint    ] Total time for which application threads were stopped: 0.0000868 seconds, Stopping threads took: 0.0000136 seconds
[2019-12-09T02:33:29.566+0000][1][safepoint    ] Application time: 0.0009439 seconds
[2019-12-09T02:33:29.566+0000][1][safepoint    ] Entering safepoint region: RevokeBias
[2019-12-09T02:33:29.566+0000][1][safepoint    ] Leaving safepoint region
[2019-12-09T02:33:29.566+0000][1][safepoint    ] Total time for which application threads were stopped: 0.0000856 seconds, Stopping threads took: 0.0000126 seconds
[2019-12-09T02:33:29.567+0000][1][safepoint    ] Application time: 0.0006694 seconds
[2019-12-09T02:33:29.567+0000][1][safepoint    ] Entering safepoint region: RevokeBias
[2019-12-09T02:33:29.567+0000][1][safepoint    ] Leaving safepoint region
[2019-12-09T02:33:29.567+0000][1][safepoint    ] Total time for which application threads were stopped: 0.0000602 seconds, Stopping threads took: 0.0000117 seconds
[2019-12-09T02:33:29.567+0000][1][safepoint    ] Application time: 0.0000817 seconds
[2019-12-09T02:33:29.567+0000][1][safepoint    ] Entering safepoint region: RevokeBias
[2019-12-09T02:33:29.567+0000][1][safepoint    ] Leaving safepoint region
[2019-12-09T02:33:29.567+0000][1][safepoint    ] Total time for which application threads were stopped: 0.0000495 seconds, Stopping threads took: 0.0000097 seconds
[2019-12-09T02:33:29.567+0000][1][safepoint    ] Application time: 0.0001026 seconds
[2019-12-09T02:33:29.567+0000][1][safepoint    ] Entering safepoint region: RevokeBias
[2019-12-09T02:33:29.567+0000][1][safepoint    ] Leaving safepoint region
[2019-12-09T02:33:29.567+0000][1][safepoint    ] Total time for which application threads were stopped: 0.0000551 seconds, Stopping threads took: 0.0000102 seconds
[2019-12-09T02:33:29.568+0000][1][safepoint    ] Application time: 0.0001617 seconds
[2019-12-09T02:33:29.568+0000][1][safepoint    ] Entering safepoint region: RevokeBias
[2019-12-09T02:33:29.568+0000][1][safepoint    ] Leaving safepoint region
[2019-12-09T02:33:29.568+0000][1][safepoint    ] Total time for which application threads were stopped: 0.0000523 seconds, Stopping threads took: 0.0000163 seconds
[2019-12-09T02:33:29.568+0000][1][safepoint    ] Application time: 0.0000598 seconds
[2019-12-09T02:33:29.568+0000][1][safepoint    ] Entering safepoint region: RevokeBias
[2019-12-09T02:33:29.568+0000][1][safepoint    ] Leaving safepoint region
[2019-12-09T02:33:29.568+0000][1][safepoint    ] Total time for which application threads were stopped: 0.0000394 seconds, Stopping threads took: 0.0000088 seconds
[2019-12-09T02:33:30.491+0000][1][safepoint    ] Application time: 0.9230643 seconds
[2019-12-09T02:33:30.491+0000][1][safepoint    ] Entering safepoint region: RevokeBias
[2019-12-09T02:33:30.491+0000][1][safepoint    ] Leaving safepoint region
[2019-12-09T02:33:30.491+0000][1][safepoint    ] Total time for which application threads were stopped: 0.0002270 seconds, Stopping threads took: 0.0001439 seconds
[2019-12-09T02:33:30.492+0000][1][safepoint    ] Application time: 0.0003657 seconds
[2019-12-09T02:33:30.492+0000][1][safepoint    ] Entering safepoint region: RevokeBias
[2019-12-09T02:33:30.492+0000][1][safepoint    ] Leaving safepoint region
[2019-12-09T02:33:30.492+0000][1][safepoint    ] Total time for which application threads were stopped: 0.0000740 seconds, Stopping threads took: 0.0000116 seconds
[2019-12-09T02:33:30.494+0000][1][safepoint    ] Application time: 0.0022324 seconds
[2019-12-09T02:33:30.494+0000][1][safepoint    ] Entering safepoint region: RevokeBias
[2019-12-09T02:33:30.494+0000][1][safepoint    ] Leaving safepoint region
[2019-12-09T02:33:30.494+0000][1][safepoint    ] Total time for which application threads were stopped: 0.0001112 seconds, Stopping threads took: 0.0000561 seconds
[2019-12-09T02:33:30.494+0000][1][safepoint    ] Application time: 0.0004265 seconds
[2019-12-09T02:33:30.494+0000][1][safepoint    ] Entering safepoint region: RevokeBias
[2019-12-09T02:33:30.495+0000][1][safepoint    ] Leaving safepoint region
[2019-12-09T02:33:30.495+0000][1][safepoint    ] Total time for which application threads were stopped: 0.0000627 seconds, Stopping threads took: 0.0000133 seconds
[2019-12-09T02:33:30.495+0000][1][safepoint    ] Application time: 0.0003560 seconds
[2019-12-09T02:33:30.495+0000][1][safepoint    ] Entering safepoint region: RevokeBias
[2019-12-09T02:33:30.495+0000][1][safepoint    ] Leaving safepoint region
[2019-12-09T02:33:30.495+0000][1][safepoint    ] Total time for which application threads were stopped: 0.0000528 seconds, Stopping threads took: 0.0000112 seconds
[2019-12-09T02:33:30.495+0000][1][safepoint    ] Application time: 0.0000652 seconds
[2019-12-09T02:33:30.495+0000][1][safepoint    ] Entering safepoint region: RevokeBias
[2019-12-09T02:33:30.495+0000][1][safepoint    ] Leaving safepoint region
[2019-12-09T02:33:30.495+0000][1][safepoint    ] Total time for which application threads were stopped: 0.0000405 seconds, Stopping threads took: 0.0000094 seconds
[2019-12-09T02:33:30.495+0000][1][safepoint    ] Application time: 0.0000529 seconds
[2019-12-09T02:33:30.495+0000][1][safepoint    ] Entering safepoint region: RevokeBias
[2019-12-09T02:33:30.495+0000][1][safepoint    ] Leaving safepoint region
[2019-12-09T02:33:30.495+0000][1][safepoint    ] Total time for which application threads were stopped: 0.0000383 seconds, Stopping threads took: 0.0000089 seconds
[2019-12-09T02:33:30.504+0000][1][safepoint    ] Application time: 0.0083583 seconds
[2019-12-09T02:33:30.504+0000][1][safepoint    ] Entering safepoint region: RevokeBias
[2019-12-09T02:33:30.504+0000][1][safepoint    ] Leaving safepoint region
[2019-12-09T02:33:30.504+0000][1][safepoint    ] Total time for which application threads were stopped: 0.0003338 seconds, Stopping threads took: 0.0000665 seconds
[2019-12-09T02:33:30.531+0000][1][safepoint    ] Application time: 0.0270705 seconds
[2019-12-09T02:33:30.531+0000][1][safepoint    ] Entering safepoint region: RevokeBias
[2019-12-09T02:33:30.531+0000][1][safepoint    ] Leaving safepoint region
[2019-12-09T02:33:30.531+0000][1][safepoint    ] Total time for which application threads were stopped: 0.0003923 seconds, Stopping threads took: 0.0000595 seconds
[2019-12-09T02:33:30.532+0000][1][safepoint    ] Application time: 0.0005723 seconds
[2019-12-09T02:33:30.532+0000][1][safepoint    ] Entering safepoint region: RevokeBias
[2019-12-09T02:33:30.532+0000][1][safepoint    ] Leaving safepoint region
[2019-12-09T02:33:30.532+0000][1][safepoint    ] Total time for which application threads were stopped: 0.0003010 seconds, Stopping threads took: 0.0000131 seconds
[2019-12-09T02:33:30.533+0000][1][safepoint    ] Application time: 0.0006135 seconds
[2019-12-09T02:33:30.533+0000][1][safepoint    ] Entering safepoint region: RevokeBias
[2019-12-09T02:33:30.533+0000][1][safepoint    ] Leaving safepoint region
[2019-12-09T02:33:30.533+0000][1][safepoint    ] Total time for which application threads were stopped: 0.0000624 seconds, Stopping threads took: 0.0000105 seconds
[2019-12-09T02:33:30.533+0000][1][safepoint    ] Application time: 0.0003168 seconds
[2019-12-09T02:33:30.533+0000][1][safepoint    ] Entering safepoint region: RevokeBias
[2019-12-09T02:33:30.533+0000][1][safepoint    ] Leaving safepoint region
[2019-12-09T02:33:30.533+0000][1][safepoint    ] Total time for which application threads were stopped: 0.0000573 seconds, Stopping threads took: 0.0000117 seconds
[2019-12-09T02:33:30.534+0000][1][safepoint    ] Application time: 0.0000627 seconds
[2019-12-09T02:33:30.534+0000][1][safepoint    ] Entering safepoint region: RevokeBias
[2019-12-09T02:33:30.534+0000][1][safepoint    ] Leaving safepoint region
[2019-12-09T02:33:30.534+0000][1][safepoint    ] Total time for which application threads were stopped: 0.0000484 seconds, Stopping threads took: 0.0000097 seconds
[2019-12-09T02:33:30.534+0000][1][safepoint    ] Application time: 0.0000558 seconds
[2019-12-09T02:33:30.534+0000][1][safepoint    ] Entering safepoint region: RevokeBias
[2019-12-09T02:33:30.534+0000][1][safepoint    ] Leaving safepoint region
[2019-12-09T02:33:30.534+0000][1][safepoint    ] Total time for which application threads were stopped: 0.0000691 seconds, Stopping threads took: 0.0000094 seconds
[2019-12-09T02:33:30.537+0000][1][safepoint    ] Application time: 0.0029463 seconds
[2019-12-09T02:33:30.537+0000][1][safepoint    ] Entering safepoint region: RevokeBias
[2019-12-09T02:33:30.537+0000][1][safepoint    ] Leaving safepoint region
[2019-12-09T02:33:30.537+0000][1][safepoint    ] Total time for which application threads were stopped: 0.0000737 seconds, Stopping threads took: 0.0000131 seconds
[2019-12-09T02:33:30.538+0000][1][safepoint    ] Application time: 0.0010667 seconds
[2019-12-09T02:33:30.625+0000][1][safepoint    ] Entering safepoint region: RevokeBias
[2019-12-09T02:33:30.625+0000][1][safepoint    ] Leaving safepoint region
[2019-12-09T02:33:30.625+0000][1][safepoint    ] Total time for which application threads were stopped: 0.0870210 seconds, Stopping threads took: 0.0869278 seconds
[2019-12-09T02:33:30.642+0000][1][safepoint    ] Application time: 0.0168065 seconds
[2019-12-09T02:33:30.700+0000][1][safepoint    ] Entering safepoint region: RevokeBias
[2019-12-09T02:33:30.700+0000][1][safepoint    ] Leaving safepoint region
[2019-12-09T02:33:30.700+0000][1][safepoint    ] Total time for which application threads were stopped: 0.0581535 seconds, Stopping threads took: 0.0580427 seconds
[2019-12-09T02:33:30.700+0000][1][safepoint    ] Application time: 0.0001623 seconds
[2019-12-09T02:33:30.700+0000][1][safepoint    ] Entering safepoint region: RevokeBias
[2019-12-09T02:33:30.700+0000][1][safepoint    ] Leaving safepoint region
[2019-12-09T02:33:30.700+0000][1][safepoint    ] Total time for which application threads were stopped: 0.0000720 seconds, Stopping threads took: 0.0000130 seconds
[2019-12-09T02:33:30.706+0000][1][safepoint    ] Application time: 0.0055742 seconds
[2019-12-09T02:33:30.706+0000][1][safepoint    ] Entering safepoint region: RevokeBias
[2019-12-09T02:33:30.706+0000][1][safepoint    ] Leaving safepoint region
[2019-12-09T02:33:30.706+0000][1][safepoint    ] Total time for which application threads were stopped: 0.0000948 seconds, Stopping threads took: 0.0000278 seconds
[2019-12-09T02:33:30.713+0000][1][safepoint    ] Application time: 0.0075806 seconds
[2019-12-09T02:33:30.713+0000][1][safepoint    ] Entering safepoint region: RevokeBias
[2019-12-09T02:33:30.714+0000][1][safepoint    ] Leaving safepoint region
[2019-12-09T02:33:30.714+0000][1][safepoint    ] Total time for which application threads were stopped: 0.0000878 seconds, Stopping threads took: 0.0000153 seconds
[2019-12-09T02:33:30.714+0000][1][safepoint    ] Application time: 0.0000844 seconds
[2019-12-09T02:33:30.714+0000][1][safepoint    ] Entering safepoint region: RevokeBias
[2019-12-09T02:33:30.714+0000][1][safepoint    ] Leaving safepoint region
[2019-12-09T02:33:30.714+0000][1][safepoint    ] Total time for which application threads were stopped: 0.0000818 seconds, Stopping threads took: 0.0000258 seconds
[2019-12-09T02:33:30.767+0000][1][safepoint    ] Application time: 0.0529526 seconds
[2019-12-09T02:33:30.767+0000][1][safepoint    ] Entering safepoint region: RevokeBias
[2019-12-09T02:33:30.767+0000][1][safepoint    ] Leaving safepoint region
[2019-12-09T02:33:30.767+0000][1][safepoint    ] Total time for which application threads were stopped: 0.0000862 seconds, Stopping threads took: 0.0000180 seconds
[2019-12-09T02:33:30.908+0000][1][safepoint    ] Application time: 0.1409755 seconds
[2019-12-09T02:33:30.908+0000][1][safepoint    ] Entering safepoint region: RevokeBias
[2019-12-09T02:33:30.908+0000][1][safepoint    ] Leaving safepoint region
[2019-12-09T02:33:30.908+0000][1][safepoint    ] Total time for which application threads were stopped: 0.0000822 seconds, Stopping threads took: 0.0000169 seconds
[2019-12-09T02:33:30.910+0000][1][safepoint    ] Application time: 0.0016591 seconds
[2019-12-09T02:33:30.910+0000][1][safepoint    ] Entering safepoint region: RevokeBias
[2019-12-09T02:33:30.910+0000][1][safepoint    ] Leaving safepoint region
[2019-12-09T02:33:30.910+0000][1][safepoint    ] Total time for which application threads were stopped: 0.0001048 seconds, Stopping threads took: 0.0000163 seconds
[2019-12-09T02:33:30.910+0000][1][safepoint    ] Application time: 0.0001030 seconds
[2019-12-09T02:33:30.910+0000][1][safepoint    ] Entering safepoint region: RevokeBias
[2019-12-09T02:33:30.910+0000][1][safepoint    ] Leaving safepoint region
[2019-12-09T02:33:30.910+0000][1][safepoint    ] Total time for which application threads were stopped: 0.0000506 seconds, Stopping threads took: 0.0000087 seconds
[2019-12-09T02:33:30.910+0000][1][safepoint    ] Application time: 0.0000558 seconds
[2019-12-09T02:33:30.910+0000][1][safepoint    ] Entering safepoint region: RevokeBias
[2019-12-09T02:33:30.910+0000][1][safepoint    ] Leaving safepoint region
[2019-12-09T02:33:30.910+0000][1][safepoint    ] Total time for which application threads were stopped: 0.0000444 seconds, Stopping threads took: 0.0000084 seconds
[2019-12-09T02:33:30.911+0000][1][safepoint    ] Application time: 0.0005625 seconds
[2019-12-09T02:33:30.911+0000][1][safepoint    ] Entering safepoint region: RevokeBias
[2019-12-09T02:33:30.911+0000][1][safepoint    ] Leaving safepoint region
[2019-12-09T02:33:30.911+0000][1][safepoint    ] Total time for which application threads were stopped: 0.0000723 seconds, Stopping threads took: 0.0000136 seconds
[2019-12-09T02:33:30.912+0000][1][safepoint    ] Application time: 0.0014139 seconds
[2019-12-09T02:33:30.912+0000][1][safepoint    ] Entering safepoint region: RevokeBias
[2019-12-09T02:33:30.912+0000][1][safepoint    ] Leaving safepoint region
[2019-12-09T02:33:30.912+0000][1][safepoint    ] Total time for which application threads were stopped: 0.0000568 seconds, Stopping threads took: 0.0000132 seconds
[2019-12-09T02:33:30.912+0000][1][safepoint    ] Application time: 0.0002036 seconds
[2019-12-09T02:33:30.912+0000][1][safepoint    ] Entering safepoint region: RevokeBias
[2019-12-09T02:33:30.912+0000][1][safepoint    ] Leaving safepoint region
[2019-12-09T02:33:30.912+0000][1][safepoint    ] Total time for which application threads were stopped: 0.0000661 seconds, Stopping threads took: 0.0000144 seconds
[2019-12-09T02:33:31.106+0000][1][safepoint    ] Application time: 0.1935735 seconds
[2019-12-09T02:33:31.106+0000][1][safepoint    ] Entering safepoint region: RevokeBias
[2019-12-09T02:33:31.106+0000][1][safepoint    ] Leaving safepoint region
[2019-12-09T02:33:31.106+0000][1][safepoint    ] Total time for which application threads were stopped: 0.0000832 seconds, Stopping threads took: 0.0000161 seconds
[2019-12-09T02:33:31.176+0000][1][safepoint    ] Application time: 0.0702272 seconds
[2019-12-09T02:33:31.176+0000][1][safepoint    ] Entering safepoint region: RevokeBias
[2019-12-09T02:33:31.177+0000][1][safepoint    ] Leaving safepoint region
[2019-12-09T02:33:31.177+0000][1][safepoint    ] Total time for which application threads were stopped: 0.0001628 seconds, Stopping threads took: 0.0000988 seconds
[2019-12-09T02:33:31.177+0000][1][safepoint    ] Application time: 0.0004470 seconds
[2019-12-09T02:33:31.177+0000][1][safepoint    ] Entering safepoint region: RevokeBias
[2019-12-09T02:33:31.177+0000][1][safepoint    ] Leaving safepoint region
[2019-12-09T02:33:31.177+0000][1][safepoint    ] Total time for which application threads were stopped: 0.0000658 seconds, Stopping threads took: 0.0000144 seconds
[2019-12-09T02:33:31.324+0000][1][safepoint    ] Application time: 0.1471202 seconds
[2019-12-09T02:33:31.324+0000][1][safepoint    ] Entering safepoint region: RevokeBias
[2019-12-09T02:33:31.324+0000][1][safepoint    ] Leaving safepoint region
[2019-12-09T02:33:31.324+0000][1][safepoint    ] Total time for which application threads were stopped: 0.0000948 seconds, Stopping threads took: 0.0000190 seconds
[2019-12-09T02:33:31.366+0000][1][safepoint    ] Application time: 0.0417013 seconds
[2019-12-09T02:33:31.389+0000][1][safepoint    ] Entering safepoint region: RevokeBias
[2019-12-09T02:33:31.389+0000][1][safepoint    ] Leaving safepoint region
[2019-12-09T02:33:31.389+0000][1][safepoint    ] Total time for which application threads were stopped: 0.0227829 seconds, Stopping threads took: 0.0226722 seconds
[2019-12-09T02:33:31.391+0000][1][safepoint    ] Application time: 0.0020159 seconds
[2019-12-09T02:33:31.391+0000][1][safepoint    ] Entering safepoint region: BulkRevokeBias
[2019-12-09T02:33:31.391+0000][1][safepoint    ] Leaving safepoint region
[2019-12-09T02:33:31.391+0000][1][safepoint    ] Total time for which application threads were stopped: 0.0003917 seconds, Stopping threads took: 0.0000135 seconds
[2019-12-09T02:33:31.649+0000][1][safepoint    ] Application time: 0.2579666 seconds
[2019-12-09T02:33:31.655+0000][1][safepoint    ] Entering safepoint region: RevokeBias
[2019-12-09T02:33:31.655+0000][1][safepoint    ] Leaving safepoint region
[2019-12-09T02:33:31.655+0000][1][safepoint    ] Total time for which application threads were stopped: 0.0055128 seconds, Stopping threads took: 0.0054029 seconds
[2019-12-09T02:33:31.655+0000][1][safepoint    ] Application time: 0.0004795 seconds
[2019-12-09T02:33:31.655+0000][1][safepoint    ] Entering safepoint region: RevokeBias
[2019-12-09T02:33:31.655+0000][1][safepoint    ] Leaving safepoint region
[2019-12-09T02:33:31.655+0000][1][safepoint    ] Total time for which application threads were stopped: 0.0000973 seconds, Stopping threads took: 0.0000149 seconds
[2019-12-09T02:33:31.656+0000][1][safepoint    ] Application time: 0.0008067 seconds
[2019-12-09T02:33:31.656+0000][1][safepoint    ] Entering safepoint region: RevokeBias
[2019-12-09T02:33:31.656+0000][1][safepoint    ] Leaving safepoint region
[2019-12-09T02:33:31.656+0000][1][safepoint    ] Total time for which application threads were stopped: 0.0000898 seconds, Stopping threads took: 0.0000133 seconds
[2019-12-09T02:33:31.658+0000][1][safepoint    ] Application time: 0.0014373 seconds
[2019-12-09T02:33:31.850+0000][1][safepoint    ] Entering safepoint region: RevokeBias
[2019-12-09T02:33:31.850+0000][1][safepoint    ] Leaving safepoint region
[2019-12-09T02:33:31.850+0000][1][safepoint    ] Total time for which application threads were stopped: 0.1919991 seconds, Stopping threads took: 0.1918909 seconds
[2019-12-09T02:33:31.851+0000][1][safepoint    ] Application time: 0.0012983 seconds
[2019-12-09T02:33:31.851+0000][1][safepoint    ] Entering safepoint region: BulkRevokeBias
[2019-12-09T02:33:31.852+0000][1][safepoint    ] Leaving safepoint region
[2019-12-09T02:33:31.852+0000][1][safepoint    ] Total time for which application threads were stopped: 0.0008512 seconds, Stopping threads took: 0.0000163 seconds
[2019-12-09T02:33:31.852+0000][1][safepoint    ] Application time: 0.0000768 seconds
[2019-12-09T02:33:31.852+0000][1][safepoint    ] Entering safepoint region: BulkRevokeBias
[2019-12-09T02:33:31.852+0000][1][safepoint    ] Leaving safepoint region
[2019-12-09T02:33:31.852+0000][1][safepoint    ] Total time for which application threads were stopped: 0.0002605 seconds, Stopping threads took: 0.0000207 seconds
[2019-12-09T02:33:31.852+0000][1][safepoint    ] Application time: 0.0000610 seconds
[2019-12-09T02:33:31.852+0000][1][safepoint    ] Entering safepoint region: BulkRevokeBias
[2019-12-09T02:33:31.853+0000][1][safepoint    ] Leaving safepoint region
[2019-12-09T02:33:31.853+0000][1][safepoint    ] Total time for which application threads were stopped: 0.0002061 seconds, Stopping threads took: 0.0000094 seconds
[2019-12-09T02:33:31.856+0000][1][safepoint    ] Application time: 0.0035677 seconds
[2019-12-09T02:33:31.856+0000][1][safepoint    ] Entering safepoint region: RevokeBias
[2019-12-09T02:33:31.856+0000][1][safepoint    ] Leaving safepoint region
[2019-12-09T02:33:31.856+0000][1][safepoint    ] Total time for which application threads were stopped: 0.0000656 seconds, Stopping threads took: 0.0000137 seconds
[2019-12-09T02:33:31.862+0000][1][safepoint    ] Application time: 0.0053004 seconds
[2019-12-09T02:33:31.887+0000][1][safepoint    ] Entering safepoint region: RevokeBias
[2019-12-09T02:33:31.887+0000][1][safepoint    ] Leaving safepoint region
[2019-12-09T02:33:31.887+0000][1][safepoint    ] Total time for which application threads were stopped: 0.0251824 seconds, Stopping threads took: 0.0251085 seconds
[2019-12-09T02:33:31.887+0000][1][safepoint    ] Application time: 0.0002786 seconds
[2019-12-09T02:33:31.887+0000][1][safepoint    ] Entering safepoint region: RevokeBias
[2019-12-09T02:33:31.887+0000][1][safepoint    ] Leaving safepoint region
[2019-12-09T02:33:31.887+0000][1][safepoint    ] Total time for which application threads were stopped: 0.0000662 seconds, Stopping threads took: 0.0000124 seconds
[2019-12-09T02:33:31.888+0000][1][safepoint    ] Application time: 0.0003080 seconds
[2019-12-09T02:33:31.888+0000][1][safepoint    ] Entering safepoint region: RevokeBias
[2019-12-09T02:33:31.888+0000][1][safepoint    ] Leaving safepoint region
[2019-12-09T02:33:31.888+0000][1][safepoint    ] Total time for which application threads were stopped: 0.0000624 seconds, Stopping threads took: 0.0000124 seconds
[2019-12-09T02:33:31.890+0000][1][safepoint    ] Application time: 0.0025554 seconds
[2019-12-09T02:33:31.890+0000][1][safepoint    ] Entering safepoint region: RevokeBias
[2019-12-09T02:33:31.890+0000][1][safepoint    ] Leaving safepoint region
[2019-12-09T02:33:31.890+0000][1][safepoint    ] Total time for which application threads were stopped: 0.0000582 seconds, Stopping threads took: 0.0000122 seconds
[2019-12-09T02:33:31.891+0000][1][safepoint    ] Application time: 0.0003118 seconds
[2019-12-09T02:33:31.891+0000][1][safepoint    ] Entering safepoint region: RevokeBias
[2019-12-09T02:33:31.891+0000][1][safepoint    ] Leaving safepoint region
[2019-12-09T02:33:31.891+0000][1][safepoint    ] Total time for which application threads were stopped: 0.0000541 seconds, Stopping threads took: 0.0000121 seconds
[2019-12-09T02:33:31.891+0000][1][safepoint    ] Application time: 0.0000468 seconds
[2019-12-09T02:33:31.891+0000][1][safepoint    ] Entering safepoint region: RevokeBias
[2019-12-09T02:33:31.891+0000][1][safepoint    ] Leaving safepoint region
[2019-12-09T02:33:31.891+0000][1][safepoint    ] Total time for which application threads were stopped: 0.0000427 seconds, Stopping threads took: 0.0000089 seconds
[2019-12-09T02:33:31.891+0000][1][safepoint    ] Application time: 0.0000438 seconds
[2019-12-09T02:33:31.891+0000][1][safepoint    ] Entering safepoint region: RevokeBias
[2019-12-09T02:33:31.891+0000][1][safepoint    ] Leaving safepoint region
[2019-12-09T02:33:31.891+0000][1][safepoint    ] Total time for which application threads were stopped: 0.0000401 seconds, Stopping threads took: 0.0000082 seconds
[2019-12-09T02:33:31.892+0000][1][safepoint    ] Application time: 0.0012019 seconds
[2019-12-09T02:33:31.892+0000][1][safepoint    ] Entering safepoint region: RevokeBias
[2019-12-09T02:33:31.892+0000][1][safepoint    ] Leaving safepoint region
[2019-12-09T02:33:31.892+0000][1][safepoint    ] Total time for which application threads were stopped: 0.0000598 seconds, Stopping threads took: 0.0000132 seconds
[2019-12-09T02:33:31.896+0000][1][safepoint    ] Application time: 0.0040244 seconds
[2019-12-09T02:33:31.896+0000][1][safepoint    ] Entering safepoint region: RevokeBias
[2019-12-09T02:33:31.896+0000][1][safepoint    ] Leaving safepoint region
[2019-12-09T02:33:31.896+0000][1][safepoint    ] Total time for which application threads were stopped: 0.0000575 seconds, Stopping threads took: 0.0000136 seconds
[2019-12-09T02:33:31.927+0000][1][safepoint    ] Application time: 0.0303970 seconds
[2019-12-09T02:33:31.927+0000][1][safepoint    ] Entering safepoint region: RevokeBias
[2019-12-09T02:33:31.927+0000][1][safepoint    ] Leaving safepoint region
[2019-12-09T02:33:31.927+0000][1][safepoint    ] Total time for which application threads were stopped: 0.0000683 seconds, Stopping threads took: 0.0000144 seconds
[2019-12-09T02:33:31.950+0000][1][safepoint    ] Application time: 0.0227573 seconds
[2019-12-09T02:33:31.950+0000][1][safepoint    ] Entering safepoint region: RevokeBias
[2019-12-09T02:33:31.950+0000][1][safepoint    ] Leaving safepoint region
[2019-12-09T02:33:31.950+0000][1][safepoint    ] Total time for which application threads were stopped: 0.0000654 seconds, Stopping threads took: 0.0000134 seconds
[2019-12-09T02:33:32.511+0000][1][safepoint    ] Application time: 0.5609585 seconds
[2019-12-09T02:33:32.548+0000][1][safepoint    ] Entering safepoint region: RevokeBias
[2019-12-09T02:33:32.548+0000][1][safepoint    ] Leaving safepoint region
[2019-12-09T02:33:32.548+0000][1][safepoint    ] Total time for which application threads were stopped: 0.0371691 seconds, Stopping threads took: 0.0370869 seconds
[2019-12-09T02:33:32.550+0000][1][safepoint    ] Application time: 0.0021549 seconds
[2019-12-09T02:33:32.550+0000][1][safepoint    ] Entering safepoint region: RevokeBias
[2019-12-09T02:33:32.550+0000][1][safepoint    ] Leaving safepoint region
[2019-12-09T02:33:32.550+0000][1][safepoint    ] Total time for which application threads were stopped: 0.0001003 seconds, Stopping threads took: 0.0000346 seconds
[2019-12-09T02:33:32.551+0000][1][safepoint    ] Application time: 0.0004690 seconds
[2019-12-09T02:33:32.551+0000][1][safepoint    ] Entering safepoint region: RevokeBias
[2019-12-09T02:33:32.551+0000][1][safepoint    ] Leaving safepoint region
[2019-12-09T02:33:32.551+0000][1][safepoint    ] Total time for which application threads were stopped: 0.0000606 seconds, Stopping threads took: 0.0000112 seconds
[2019-12-09T02:33:32.558+0000][1][safepoint    ] Application time: 0.0072912 seconds
[2019-12-09T02:33:32.558+0000][1][safepoint    ] Entering safepoint region: RevokeBias
[2019-12-09T02:33:32.558+0000][1][safepoint    ] Leaving safepoint region
[2019-12-09T02:33:32.558+0000][1][safepoint    ] Total time for which application threads were stopped: 0.0000732 seconds, Stopping threads took: 0.0000123 seconds
[2019-12-09T02:33:32.559+0000][1][safepoint    ] Application time: 0.0004789 seconds
[2019-12-09T02:33:32.559+0000][1][safepoint    ] Entering safepoint region: RevokeBias
[2019-12-09T02:33:32.559+0000][1][safepoint    ] Leaving safepoint region
[2019-12-09T02:33:32.559+0000][1][safepoint    ] Total time for which application threads were stopped: 0.0000718 seconds, Stopping threads took: 0.0000114 seconds
[2019-12-09T02:33:32.559+0000][1][safepoint    ] Application time: 0.0007911 seconds
[2019-12-09T02:33:32.559+0000][1][safepoint    ] Entering safepoint region: RevokeBias
[2019-12-09T02:33:32.560+0000][1][safepoint    ] Leaving safepoint region
[2019-12-09T02:33:32.560+0000][1][safepoint    ] Total time for which application threads were stopped: 0.0000753 seconds, Stopping threads took: 0.0000121 seconds
[2019-12-09T02:33:32.561+0000][1][safepoint    ] Application time: 0.0012520 seconds
[2019-12-09T02:33:32.561+0000][1][safepoint    ] Entering safepoint region: RevokeBias
[2019-12-09T02:33:32.561+0000][1][safepoint    ] Leaving safepoint region
[2019-12-09T02:33:32.561+0000][1][safepoint    ] Total time for which application threads were stopped: 0.0000743 seconds, Stopping threads took: 0.0000127 seconds
[2019-12-09T02:33:32.561+0000][1][safepoint    ] Application time: 0.0005552 seconds
[2019-12-09T02:33:32.561+0000][1][safepoint    ] Entering safepoint region: RevokeBias
[2019-12-09T02:33:32.562+0000][1][safepoint    ] Leaving safepoint region
[2019-12-09T02:33:32.562+0000][1][safepoint    ] Total time for which application threads were stopped: 0.0000664 seconds, Stopping threads took: 0.0000121 seconds
[2019-12-09T02:33:32.562+0000][1][safepoint    ] Application time: 0.0000558 seconds
[2019-12-09T02:33:32.562+0000][1][safepoint    ] Entering safepoint region: RevokeBias
[2019-12-09T02:33:32.562+0000][1][safepoint    ] Leaving safepoint region
[2019-12-09T02:33:32.562+0000][1][safepoint    ] Total time for which application threads were stopped: 0.0000449 seconds, Stopping threads took: 0.0000089 seconds
[2019-12-09T02:33:32.562+0000][1][safepoint    ] Application time: 0.0002865 seconds
[2019-12-09T02:33:32.562+0000][1][safepoint    ] Entering safepoint region: RevokeBias
[2019-12-09T02:33:32.562+0000][1][safepoint    ] Leaving safepoint region
[2019-12-09T02:33:32.562+0000][1][safepoint    ] Total time for which application threads were stopped: 0.0000566 seconds, Stopping threads took: 0.0000117 seconds
[2019-12-09T02:33:32.562+0000][1][safepoint    ] Application time: 0.0001065 seconds
[2019-12-09T02:33:32.562+0000][1][safepoint    ] Entering safepoint region: RevokeBias
[2019-12-09T02:33:32.562+0000][1][safepoint    ] Leaving safepoint region
[2019-12-09T02:33:32.562+0000][1][safepoint    ] Total time for which application threads were stopped: 0.0000476 seconds, Stopping threads took: 0.0000101 seconds
[2019-12-09T02:33:32.563+0000][1][safepoint    ] Application time: 0.0011306 seconds
[2019-12-09T02:33:32.563+0000][1][safepoint    ] Entering safepoint region: RevokeBias
[2019-12-09T02:33:32.563+0000][1][safepoint    ] Leaving safepoint region
[2019-12-09T02:33:32.563+0000][1][safepoint    ] Total time for which application threads were stopped: 0.0000590 seconds, Stopping threads took: 0.0000141 seconds
[2019-12-09T02:33:32.608+0000][1][safepoint    ] Application time: 0.0443024 seconds
[2019-12-09T02:33:32.608+0000][1][safepoint    ] Entering safepoint region: RevokeBias
[2019-12-09T02:33:32.608+0000][1][safepoint    ] Leaving safepoint region
[2019-12-09T02:33:32.608+0000][1][safepoint    ] Total time for which application threads were stopped: 0.0000901 seconds, Stopping threads took: 0.0000151 seconds
[2019-12-09T02:33:32.634+0000][1][safepoint    ] Application time: 0.0258837 seconds
[2019-12-09T02:33:32.634+0000][1][safepoint    ] Entering safepoint region: RevokeBias
[2019-12-09T02:33:32.634+0000][1][safepoint    ] Leaving safepoint region
[2019-12-09T02:33:32.634+0000][1][safepoint    ] Total time for which application threads were stopped: 0.0000820 seconds, Stopping threads took: 0.0000161 seconds
[2019-12-09T02:33:32.662+0000][1][safepoint    ] Application time: 0.0278744 seconds
[2019-12-09T02:33:32.662+0000][1][safepoint    ] Entering safepoint region: RevokeBias
[2019-12-09T02:33:32.662+0000][1][safepoint    ] Leaving safepoint region
[2019-12-09T02:33:32.662+0000][1][safepoint    ] Total time for which application threads were stopped: 0.0000951 seconds, Stopping threads took: 0.0000185 seconds
[2019-12-09T02:33:32.669+0000][1][safepoint    ] Application time: 0.0071274 seconds
[2019-12-09T02:33:32.669+0000][1][safepoint    ] Entering safepoint region: RevokeBias
[2019-12-09T02:33:32.669+0000][1][safepoint    ] Leaving safepoint region
[2019-12-09T02:33:32.669+0000][1][safepoint    ] Total time for which application threads were stopped: 0.0000799 seconds, Stopping threads took: 0.0000239 seconds
[2019-12-09T02:33:32.677+0000][1][safepoint    ] Application time: 0.0079886 seconds
[2019-12-09T02:33:32.677+0000][1][safepoint    ] Entering safepoint region: RevokeBias
[2019-12-09T02:33:32.677+0000][1][safepoint    ] Leaving safepoint region
[2019-12-09T02:33:32.677+0000][1][safepoint    ] Total time for which application threads were stopped: 0.0000618 seconds, Stopping threads took: 0.0000148 seconds
[2019-12-09T02:33:33.548+0000][1][safepoint    ] Application time: 0.8709790 seconds
[2019-12-09T02:33:33.548+0000][1][safepoint    ] Entering safepoint region: RevokeBias
[2019-12-09T02:33:33.548+0000][1][safepoint    ] Leaving safepoint region
[2019-12-09T02:33:33.548+0000][1][safepoint    ] Total time for which application threads were stopped: 0.0002250 seconds, Stopping threads took: 0.0001163 seconds
[2019-12-09T02:33:33.549+0000][1][safepoint    ] Application time: 0.0005284 seconds
[2019-12-09T02:33:33.549+0000][1][safepoint    ] Entering safepoint region: RevokeBias
[2019-12-09T02:33:33.549+0000][1][safepoint    ] Leaving safepoint region
[2019-12-09T02:33:33.549+0000][1][safepoint    ] Total time for which application threads were stopped: 0.0000891 seconds, Stopping threads took: 0.0000126 seconds
[2019-12-09T02:33:33.564+0000][1][safepoint    ] Application time: 0.0154086 seconds
[2019-12-09T02:33:33.565+0000][1][safepoint    ] Entering safepoint region: RevokeBias
[2019-12-09T02:33:33.565+0000][1][safepoint    ] Leaving safepoint region
[2019-12-09T02:33:33.565+0000][1][safepoint    ] Total time for which application threads were stopped: 0.0001525 seconds, Stopping threads took: 0.0000588 seconds
[2019-12-09T02:33:33.592+0000][1][safepoint    ] Application time: 0.0269833 seconds
[2019-12-09T02:33:33.592+0000][1][safepoint    ] Entering safepoint region: BulkRevokeBias
[2019-12-09T02:33:33.592+0000][1][safepoint    ] Leaving safepoint region
[2019-12-09T02:33:33.592+0000][1][safepoint    ] Total time for which application threads were stopped: 0.0003629 seconds, Stopping threads took: 0.0000253 seconds
[2019-12-09T02:33:33.594+0000][1][safepoint    ] Application time: 0.0017831 seconds
[2019-12-09T02:33:33.594+0000][1][safepoint    ] Entering safepoint region: RevokeBias
[2019-12-09T02:33:33.594+0000][1][safepoint    ] Leaving safepoint region
[2019-12-09T02:33:33.594+0000][1][safepoint    ] Total time for which application threads were stopped: 0.0000750 seconds, Stopping threads took: 0.0000131 seconds
[2019-12-09T02:33:33.594+0000][1][safepoint    ] Application time: 0.0005301 seconds
[2019-12-09T02:33:33.594+0000][1][safepoint    ] Entering safepoint region: RevokeBias
[2019-12-09T02:33:33.594+0000][1][safepoint    ] Leaving safepoint region
[2019-12-09T02:33:33.595+0000][1][safepoint    ] Total time for which application threads were stopped: 0.0000567 seconds, Stopping threads took: 0.0000125 seconds
[2019-12-09T02:33:33.595+0000][1][safepoint    ] Application time: 0.0008283 seconds
[2019-12-09T02:33:33.595+0000][1][safepoint    ] Entering safepoint region: RevokeBias
[2019-12-09T02:33:33.595+0000][1][safepoint    ] Leaving safepoint region
[2019-12-09T02:33:33.595+0000][1][safepoint    ] Total time for which application threads were stopped: 0.0000584 seconds, Stopping threads took: 0.0000135 seconds
[2019-12-09T02:33:33.618+0000][1][safepoint    ] Application time: 0.0221717 seconds
[2019-12-09T02:33:33.618+0000][1][safepoint    ] Entering safepoint region: RevokeBias
[2019-12-09T02:33:33.618+0000][1][safepoint    ] Leaving safepoint region
[2019-12-09T02:33:33.618+0000][1][safepoint    ] Total time for which application threads were stopped: 0.0000761 seconds, Stopping threads took: 0.0000131 seconds
[2019-12-09T02:33:33.660+0000][1][safepoint    ] Application time: 0.0421589 seconds
[2019-12-09T02:33:33.660+0000][1][safepoint    ] Entering safepoint region: RevokeBias
[2019-12-09T02:33:33.660+0000][1][safepoint    ] Leaving safepoint region
[2019-12-09T02:33:33.660+0000][1][safepoint    ] Total time for which application threads were stopped: 0.0001162 seconds, Stopping threads took: 0.0000568 seconds
[2019-12-09T02:33:33.723+0000][1][safepoint    ] Application time: 0.0628800 seconds
[2019-12-09T02:33:33.723+0000][1][safepoint    ] Entering safepoint region: RevokeBias
[2019-12-09T02:33:33.723+0000][1][safepoint    ] Leaving safepoint region
[2019-12-09T02:33:33.723+0000][1][safepoint    ] Total time for which application threads were stopped: 0.0000835 seconds, Stopping threads took: 0.0000161 seconds
[2019-12-09T02:33:33.886+0000][1][safepoint    ] Application time: 0.1627071 seconds
[2019-12-09T02:33:33.886+0000][1][safepoint    ] Entering safepoint region: RevokeBias
[2019-12-09T02:33:33.886+0000][1][safepoint    ] Leaving safepoint region
[2019-12-09T02:33:33.886+0000][1][safepoint    ] Total time for which application threads were stopped: 0.0000958 seconds, Stopping threads took: 0.0000195 seconds
[2019-12-09T02:33:34.490+0000][1][safepoint    ] Application time: 0.6042196 seconds
[2019-12-09T02:33:34.490+0000][1][safepoint    ] Entering safepoint region: RevokeBias
[2019-12-09T02:33:34.490+0000][1][safepoint    ] Leaving safepoint region
[2019-12-09T02:33:34.490+0000][1][safepoint    ] Total time for which application threads were stopped: 0.0000895 seconds, Stopping threads took: 0.0000188 seconds
[2019-12-09T02:33:34.568+0000][1][safepoint    ] Application time: 0.0774741 seconds
[2019-12-09T02:33:34.569+0000][1][safepoint    ] Entering safepoint region: BulkRevokeBias
[2019-12-09T02:33:34.569+0000][1][safepoint    ] Leaving safepoint region
[2019-12-09T02:33:34.569+0000][1][safepoint    ] Total time for which application threads were stopped: 0.0014971 seconds, Stopping threads took: 0.0011284 seconds
[2019-12-09T02:33:34.601+0000][1][safepoint    ] Application time: 0.0317664 seconds
[2019-12-09T02:33:34.601+0000][1][safepoint    ] Entering safepoint region: RevokeBias
[2019-12-09T02:33:34.601+0000][1][safepoint    ] Leaving safepoint region
[2019-12-09T02:33:34.601+0000][1][safepoint    ] Total time for which application threads were stopped: 0.0001374 seconds, Stopping threads took: 0.0000469 seconds
[2019-12-09T02:33:34.603+0000][1][safepoint    ] Application time: 0.0014255 seconds
[2019-12-09T02:33:34.615+0000][1][safepoint    ] Entering safepoint region: RevokeBias
[2019-12-09T02:33:34.615+0000][1][safepoint    ] Leaving safepoint region
[2019-12-09T02:33:34.615+0000][1][safepoint    ] Total time for which application threads were stopped: 0.0122542 seconds, Stopping threads took: 0.0121826 seconds
[2019-12-09T02:33:34.702+0000][1][safepoint    ] Application time: 0.0868514 seconds
[2019-12-09T02:33:34.799+0000][1][safepoint    ] Entering safepoint region: RevokeBias
[2019-12-09T02:33:34.799+0000][1][safepoint    ] Leaving safepoint region
[2019-12-09T02:33:34.799+0000][1][safepoint    ] Total time for which application threads were stopped: 0.0971790 seconds, Stopping threads took: 0.0970263 seconds
[2019-12-09T02:33:34.801+0000][1][safepoint    ] Application time: 0.0022270 seconds
[2019-12-09T02:33:34.801+0000][1][safepoint    ] Entering safepoint region: RevokeBias
[2019-12-09T02:33:34.801+0000][1][safepoint    ] Leaving safepoint region
[2019-12-09T02:33:34.801+0000][1][safepoint    ] Total time for which application threads were stopped: 0.0000863 seconds, Stopping threads took: 0.0000154 seconds
[2019-12-09T02:33:34.802+0000][1][safepoint    ] Application time: 0.0005210 seconds
[2019-12-09T02:33:34.802+0000][1][safepoint    ] Entering safepoint region: RevokeBias
[2019-12-09T02:33:34.802+0000][1][safepoint    ] Leaving safepoint region
[2019-12-09T02:33:34.802+0000][1][safepoint    ] Total time for which application threads were stopped: 0.0000603 seconds, Stopping threads took: 0.0000137 seconds
[2019-12-09T02:33:34.807+0000][1][safepoint    ] Application time: 0.0050389 seconds
[2019-12-09T02:33:34.807+0000][1][safepoint    ] Entering safepoint region: RevokeBias
[2019-12-09T02:33:34.807+0000][1][safepoint    ] Leaving safepoint region
[2019-12-09T02:33:34.807+0000][1][safepoint    ] Total time for which application threads were stopped: 0.0000641 seconds, Stopping threads took: 0.0000130 seconds
[2019-12-09T02:33:34.847+0000][1][safepoint    ] Application time: 0.0397412 seconds
[2019-12-09T02:33:34.847+0000][1][safepoint    ] Entering safepoint region: RevokeBias
[2019-12-09T02:33:34.847+0000][1][safepoint    ] Leaving safepoint region
[2019-12-09T02:33:34.847+0000][1][safepoint    ] Total time for which application threads were stopped: 0.0000847 seconds, Stopping threads took: 0.0000236 seconds
[2019-12-09T02:33:35.588+0000][1][safepoint    ] Application time: 0.7410844 seconds
[2019-12-09T02:33:35.626+0000][1][safepoint    ] Entering safepoint region: RevokeBias
[2019-12-09T02:33:35.626+0000][1][safepoint    ] Leaving safepoint region
[2019-12-09T02:33:35.626+0000][1][safepoint    ] Total time for which application threads were stopped: 0.0385016 seconds, Stopping threads took: 0.0383798 seconds
[2019-12-09T02:33:35.633+0000][1][safepoint    ] Application time: 0.0065132 seconds
[2019-12-09T02:33:35.633+0000][1][safepoint    ] Entering safepoint region: RevokeBias
[2019-12-09T02:33:35.633+0000][1][safepoint    ] Leaving safepoint region
[2019-12-09T02:33:35.633+0000][1][safepoint    ] Total time for which application threads were stopped: 0.0001378 seconds, Stopping threads took: 0.0000619 seconds
[2019-12-09T02:33:35.684+0000][1][safepoint    ] Application time: 0.0503534 seconds
[2019-12-09T02:33:35.684+0000][1][safepoint    ] Entering safepoint region: RevokeBias
[2019-12-09T02:33:35.684+0000][1][safepoint    ] Leaving safepoint region
[2019-12-09T02:33:35.684+0000][1][safepoint    ] Total time for which application threads were stopped: 0.0001131 seconds, Stopping threads took: 0.0000178 seconds
[2019-12-09T02:33:35.686+0000][1][safepoint    ] Application time: 0.0020474 seconds
[2019-12-09T02:33:35.686+0000][1][safepoint    ] Entering safepoint region: RevokeBias
[2019-12-09T02:33:35.686+0000][1][safepoint    ] Leaving safepoint region
[2019-12-09T02:33:35.686+0000][1][safepoint    ] Total time for which application threads were stopped: 0.0000698 seconds, Stopping threads took: 0.0000147 seconds
[2019-12-09T02:33:35.715+0000][1][safepoint    ] Application time: 0.0286748 seconds
[2019-12-09T02:33:35.715+0000][1][safepoint    ] Entering safepoint region: RevokeBias
[2019-12-09T02:33:35.715+0000][1][safepoint    ] Leaving safepoint region
[2019-12-09T02:33:35.715+0000][1][safepoint    ] Total time for which application threads were stopped: 0.0000810 seconds, Stopping threads took: 0.0000159 seconds
[2019-12-09T02:33:36.545+0000][1][safepoint    ] Application time: 0.8300450 seconds
[2019-12-09T02:33:36.553+0000][1][safepoint    ] Entering safepoint region: BulkRevokeBias
[2019-12-09T02:33:36.553+0000][1][safepoint    ] Leaving safepoint region
[2019-12-09T02:33:36.553+0000][1][safepoint    ] Total time for which application threads were stopped: 0.0083725 seconds, Stopping threads took: 0.0080390 seconds
[2019-12-09T02:33:36.600+0000][1][safepoint    ] Application time: 0.0467966 seconds
[2019-12-09T02:33:36.600+0000][1][safepoint    ] Entering safepoint region: RevokeBias
[2019-12-09T02:33:36.600+0000][1][safepoint    ] Leaving safepoint region
[2019-12-09T02:33:36.600+0000][1][safepoint    ] Total time for which application threads were stopped: 0.0001604 seconds, Stopping threads took: 0.0000795 seconds
[2019-12-09T02:33:36.603+0000][1][safepoint    ] Application time: 0.0032050 seconds
[2019-12-09T02:33:36.603+0000][1][safepoint    ] Entering safepoint region: BulkRevokeBias
[2019-12-09T02:33:36.604+0000][1][safepoint    ] Leaving safepoint region
[2019-12-09T02:33:36.604+0000][1][safepoint    ] Total time for which application threads were stopped: 0.0003017 seconds, Stopping threads took: 0.0000160 seconds
[2019-12-09T02:33:38.304+0000][1][safepoint    ] Application time: 1.7000760 seconds
[2019-12-09T02:33:38.304+0000][1][safepoint    ] Entering safepoint region: Cleanup
[2019-12-09T02:33:38.304+0000][1][safepoint    ] Leaving safepoint region
[2019-12-09T02:33:38.304+0000][1][safepoint    ] Total time for which application threads were stopped: 0.0001383 seconds, Stopping threads took: 0.0000232 seconds
[2019-12-09T02:33:38.609+0000][1][safepoint    ] Application time: 0.3046114 seconds
[2019-12-09T02:33:38.609+0000][1][safepoint    ] Entering safepoint region: RevokeBias
[2019-12-09T02:33:38.609+0000][1][safepoint    ] Leaving safepoint region
[2019-12-09T02:33:38.609+0000][1][safepoint    ] Total time for which application threads were stopped: 0.0001800 seconds, Stopping threads took: 0.0000838 seconds
[2019-12-09T02:33:38.699+0000][1][safepoint    ] Application time: 0.0899758 seconds
[2019-12-09T02:33:38.699+0000][1][safepoint    ] Entering safepoint region: RevokeBias
[2019-12-09T02:33:38.699+0000][1][safepoint    ] Leaving safepoint region
[2019-12-09T02:33:38.699+0000][1][safepoint    ] Total time for which application threads were stopped: 0.0001251 seconds, Stopping threads took: 0.0000189 seconds
[2019-12-09T02:33:38.699+0000][1][safepoint    ] Application time: 0.0000724 seconds
[2019-12-09T02:33:38.699+0000][1][safepoint    ] Entering safepoint region: RevokeBias
[2019-12-09T02:33:38.699+0000][1][safepoint    ] Leaving safepoint region
[2019-12-09T02:33:38.699+0000][1][safepoint    ] Total time for which application threads were stopped: 0.0000732 seconds, Stopping threads took: 0.0000112 seconds
[2019-12-09T02:33:39.352+0000][1][safepoint    ] Application time: 0.6526211 seconds
[2019-12-09T02:33:39.352+0000][1][safepoint    ] Entering safepoint region: RevokeBias
[2019-12-09T02:33:39.352+0000][1][safepoint    ] Leaving safepoint region
[2019-12-09T02:33:39.352+0000][1][safepoint    ] Total time for which application threads were stopped: 0.0005294 seconds, Stopping threads took: 0.0004096 seconds
[2019-12-09T02:33:39.353+0000][1][safepoint    ] Application time: 0.0004082 seconds
[2019-12-09T02:33:39.353+0000][1][safepoint    ] Entering safepoint region: RevokeBias
[2019-12-09T02:33:39.353+0000][1][safepoint    ] Leaving safepoint region
[2019-12-09T02:33:39.353+0000][1][safepoint    ] Total time for which application threads were stopped: 0.0001153 seconds, Stopping threads took: 0.0000155 seconds
[2019-12-09T02:33:39.353+0000][1][safepoint    ] Application time: 0.0006438 seconds
[2019-12-09T02:33:39.353+0000][1][safepoint    ] Entering safepoint region: BulkRevokeBias
[2019-12-09T02:33:39.354+0000][1][safepoint    ] Leaving safepoint region
[2019-12-09T02:33:39.354+0000][1][safepoint    ] Total time for which application threads were stopped: 0.0003624 seconds, Stopping threads took: 0.0000474 seconds
[2019-12-09T02:33:39.365+0000][1][safepoint    ] Application time: 0.0110853 seconds
[2019-12-09T02:33:39.365+0000][1][safepoint    ] Entering safepoint region: RevokeBias
[2019-12-09T02:33:39.365+0000][1][safepoint    ] Leaving safepoint region
[2019-12-09T02:33:39.365+0000][1][safepoint    ] Total time for which application threads were stopped: 0.0001747 seconds, Stopping threads took: 0.0000974 seconds
[2019-12-09T02:33:39.496+0000][1][safepoint    ] Application time: 0.1306342 seconds
[2019-12-09T02:33:39.496+0000][1][safepoint    ] Entering safepoint region: RevokeBias
[2019-12-09T02:33:39.496+0000][1][safepoint    ] Leaving safepoint region
[2019-12-09T02:33:39.496+0000][1][safepoint    ] Total time for which application threads were stopped: 0.0004587 seconds, Stopping threads took: 0.0003591 seconds
[2019-12-09T02:33:39.540+0000][1][safepoint    ] Application time: 0.0436159 seconds
[2019-12-09T02:33:39.540+0000][1][safepoint    ] Entering safepoint region: RevokeBias
[2019-12-09T02:33:39.540+0000][1][safepoint    ] Leaving safepoint region
[2019-12-09T02:33:39.540+0000][1][safepoint    ] Total time for which application threads were stopped: 0.0001528 seconds, Stopping threads took: 0.0000564 seconds
[2019-12-09T02:33:39.694+0000][1][safepoint    ] Application time: 0.1536950 seconds
[2019-12-09T02:33:39.694+0000][1][safepoint    ] Entering safepoint region: RevokeBias
[2019-12-09T02:33:39.694+0000][1][safepoint    ] Leaving safepoint region
[2019-12-09T02:33:39.694+0000][1][safepoint    ] Total time for which application threads were stopped: 0.0001321 seconds, Stopping threads took: 0.0000220 seconds
[2019-12-09T02:33:39.754+0000][1][safepoint    ] Application time: 0.0596504 seconds
[2019-12-09T02:33:39.754+0000][1][safepoint    ] Entering safepoint region: RevokeBias
[2019-12-09T02:33:39.754+0000][1][safepoint    ] Leaving safepoint region
[2019-12-09T02:33:39.754+0000][1][safepoint    ] Total time for which application threads were stopped: 0.0001622 seconds, Stopping threads took: 0.0000209 seconds
[2019-12-09T02:33:39.768+0000][1][safepoint    ] Application time: 0.0144421 seconds
[2019-12-09T02:33:39.768+0000][1][safepoint    ] Entering safepoint region: RevokeBias
[2019-12-09T02:33:39.768+0000][1][safepoint    ] Leaving safepoint region
[2019-12-09T02:33:39.768+0000][1][safepoint    ] Total time for which application threads were stopped: 0.0001247 seconds, Stopping threads took: 0.0000196 seconds
[2019-12-09T02:33:39.768+0000][1][safepoint    ] Application time: 0.0000791 seconds
[2019-12-09T02:33:39.768+0000][1][safepoint    ] Entering safepoint region: RevokeBias
[2019-12-09T02:33:39.768+0000][1][safepoint    ] Leaving safepoint region
[2019-12-09T02:33:39.769+0000][1][safepoint    ] Total time for which application threads were stopped: 0.0000849 seconds, Stopping threads took: 0.0000111 seconds
[2019-12-09T02:33:39.770+0000][1][safepoint    ] Application time: 0.0011235 seconds
[2019-12-09T02:33:39.770+0000][1][safepoint    ] Entering safepoint region: RevokeBias
[2019-12-09T02:33:39.770+0000][1][safepoint    ] Leaving safepoint region
[2019-12-09T02:33:39.770+0000][1][safepoint    ] Total time for which application threads were stopped: 0.0001291 seconds, Stopping threads took: 0.0000366 seconds
[2019-12-09T02:33:39.770+0000][1][safepoint    ] Application time: 0.0001612 seconds
[2019-12-09T02:33:39.770+0000][1][safepoint    ] Entering safepoint region: RevokeBias
[2019-12-09T02:33:39.770+0000][1][safepoint    ] Leaving safepoint region
[2019-12-09T02:33:39.770+0000][1][safepoint    ] Total time for which application threads were stopped: 0.0000771 seconds, Stopping threads took: 0.0000119 seconds
[2019-12-09T02:33:39.770+0000][1][safepoint    ] Application time: 0.0000644 seconds
[2019-12-09T02:33:39.770+0000][1][safepoint    ] Entering safepoint region: RevokeBias
[2019-12-09T02:33:39.770+0000][1][safepoint    ] Leaving safepoint region
[2019-12-09T02:33:39.770+0000][1][safepoint    ] Total time for which application threads were stopped: 0.0000653 seconds, Stopping threads took: 0.0000105 seconds
[2019-12-09T02:33:40.368+0000][1][safepoint    ] Application time: 0.5981170 seconds
[2019-12-09T02:33:40.368+0000][1][safepoint    ] Entering safepoint region: RevokeBias
[2019-12-09T02:33:40.369+0000][1][safepoint    ] Leaving safepoint region
[2019-12-09T02:33:40.369+0000][1][safepoint    ] Total time for which application threads were stopped: 0.0001796 seconds, Stopping threads took: 0.0000648 seconds
[2019-12-09T02:33:40.428+0000][1][safepoint    ] Application time: 0.0590559 seconds
[2019-12-09T02:33:40.428+0000][1][safepoint    ] Entering safepoint region: RevokeBias
[2019-12-09T02:33:40.428+0000][1][safepoint    ] Leaving safepoint region
[2019-12-09T02:33:40.428+0000][1][safepoint    ] Total time for which application threads were stopped: 0.0001592 seconds, Stopping threads took: 0.0000677 seconds
[2019-12-09T02:33:40.429+0000][1][safepoint    ] Application time: 0.0008168 seconds
[2019-12-09T02:33:40.429+0000][1][safepoint    ] Entering safepoint region: RevokeBias
[2019-12-09T02:33:40.429+0000][1][safepoint    ] Leaving safepoint region
[2019-12-09T02:33:40.429+0000][1][safepoint    ] Total time for which application threads were stopped: 0.0000990 seconds, Stopping threads took: 0.0000168 seconds
[2019-12-09T02:33:40.429+0000][1][safepoint    ] Application time: 0.0003044 seconds
[2019-12-09T02:33:40.429+0000][1][safepoint    ] Entering safepoint region: RevokeBias
[2019-12-09T02:33:40.429+0000][1][safepoint    ] Leaving safepoint region
[2019-12-09T02:33:40.429+0000][1][safepoint    ] Total time for which application threads were stopped: 0.0000855 seconds, Stopping threads took: 0.0000151 seconds
[2019-12-09T02:33:40.445+0000][1][safepoint    ] Application time: 0.0162156 seconds
[2019-12-09T02:33:40.445+0000][1][safepoint    ] Entering safepoint region: RevokeBias
[2019-12-09T02:33:40.446+0000][1][safepoint    ] Leaving safepoint region
[2019-12-09T02:33:40.446+0000][1][safepoint    ] Total time for which application threads were stopped: 0.0001516 seconds, Stopping threads took: 0.0000760 seconds
[2019-12-09T02:33:40.458+0000][1][safepoint    ] Application time: 0.0121286 seconds
[2019-12-09T02:33:40.458+0000][1][safepoint    ] Entering safepoint region: RevokeBias
[2019-12-09T02:33:40.458+0000][1][safepoint    ] Leaving safepoint region
[2019-12-09T02:33:40.458+0000][1][safepoint    ] Total time for which application threads were stopped: 0.0000900 seconds, Stopping threads took: 0.0000154 seconds
[2019-12-09T02:33:40.459+0000][1][safepoint    ] Application time: 0.0015933 seconds
[2019-12-09T02:33:40.459+0000][1][safepoint    ] Entering safepoint region: RevokeBias
[2019-12-09T02:33:40.459+0000][1][safepoint    ] Leaving safepoint region
[2019-12-09T02:33:40.460+0000][1][safepoint    ] Total time for which application threads were stopped: 0.0000685 seconds, Stopping threads took: 0.0000141 seconds
[2019-12-09T02:33:40.488+0000][1][safepoint    ] Application time: 0.0285632 seconds
[2019-12-09T02:33:40.488+0000][1][safepoint    ] Entering safepoint region: RevokeBias
[2019-12-09T02:33:40.488+0000][1][safepoint    ] Leaving safepoint region
[2019-12-09T02:33:40.488+0000][1][safepoint    ] Total time for which application threads were stopped: 0.0000793 seconds, Stopping threads took: 0.0000155 seconds
[2019-12-09T02:33:40.515+0000][1][safepoint    ] Application time: 0.0265518 seconds
[2019-12-09T02:33:40.515+0000][1][safepoint    ] Entering safepoint region: RevokeBias
[2019-12-09T02:33:40.515+0000][1][safepoint    ] Leaving safepoint region
[2019-12-09T02:33:40.515+0000][1][safepoint    ] Total time for which application threads were stopped: 0.0000993 seconds, Stopping threads took: 0.0000185 seconds
[2019-12-09T02:33:40.526+0000][1][safepoint    ] Application time: 0.0108860 seconds
[2019-12-09T02:33:40.526+0000][1][safepoint    ] Entering safepoint region: RevokeBias
[2019-12-09T02:33:40.526+0000][1][safepoint    ] Leaving safepoint region
[2019-12-09T02:33:40.526+0000][1][safepoint    ] Total time for which application threads were stopped: 0.0000960 seconds, Stopping threads took: 0.0000148 seconds
[2019-12-09T02:33:41.137+0000][1][safepoint    ] Application time: 0.6108292 seconds
[2019-12-09T02:33:41.137+0000][1][safepoint    ] Entering safepoint region: Deoptimize
[2019-12-09T02:33:41.137+0000][1][safepoint    ] Leaving safepoint region
[2019-12-09T02:33:41.137+0000][1][safepoint    ] Total time for which application threads were stopped: 0.0007427 seconds, Stopping threads took: 0.0000208 seconds
[2019-12-09T02:33:41.680+0000][1][safepoint    ] Application time: 0.5426155 seconds
[2019-12-09T02:33:41.680+0000][1][safepoint    ] Entering safepoint region: BulkRevokeBias
[2019-12-09T02:33:41.681+0000][1][safepoint    ] Leaving safepoint region
[2019-12-09T02:33:41.681+0000][1][safepoint    ] Total time for which application threads were stopped: 0.0005928 seconds, Stopping threads took: 0.0000211 seconds
[2019-12-09T02:33:41.694+0000][1][safepoint    ] Application time: 0.0129878 seconds
[2019-12-09T02:33:41.694+0000][1][safepoint    ] Entering safepoint region: RevokeBias
[2019-12-09T02:33:41.694+0000][1][safepoint    ] Leaving safepoint region
[2019-12-09T02:33:41.694+0000][1][safepoint    ] Total time for which application threads were stopped: 0.0000938 seconds, Stopping threads took: 0.0000155 seconds
[2019-12-09T02:33:41.766+0000][1][safepoint    ] Application time: 0.0725511 seconds
[2019-12-09T02:33:41.766+0000][1][safepoint    ] Entering safepoint region: RevokeBias
[2019-12-09T02:33:41.767+0000][1][safepoint    ] Leaving safepoint region
[2019-12-09T02:33:41.767+0000][1][safepoint    ] Total time for which application threads were stopped: 0.0001079 seconds, Stopping threads took: 0.0000214 seconds
[2019-12-09T02:33:41.781+0000][1][safepoint    ] Application time: 0.0142315 seconds
[2019-12-09T02:33:41.781+0000][1][safepoint    ] Entering safepoint region: BulkRevokeBias
[2019-12-09T02:33:41.781+0000][1][safepoint    ] Leaving safepoint region
[2019-12-09T02:33:41.781+0000][1][safepoint    ] Total time for which application threads were stopped: 0.0004833 seconds, Stopping threads took: 0.0000192 seconds
[2019-12-09T02:33:41.782+0000][1][safepoint    ] Application time: 0.0002799 seconds
[2019-12-09T02:33:41.782+0000][1][safepoint    ] Entering safepoint region: RevokeBias
[2019-12-09T02:33:41.782+0000][1][safepoint    ] Leaving safepoint region
[2019-12-09T02:33:41.782+0000][1][safepoint    ] Total time for which application threads were stopped: 0.0001028 seconds, Stopping threads took: 0.0000148 seconds
[2019-12-09T02:33:42.181+0000][1][safepoint    ] Application time: 0.3996904 seconds
[2019-12-09T02:33:42.181+0000][1][safepoint    ] Entering safepoint region: RevokeBias
[2019-12-09T02:33:42.182+0000][1][safepoint    ] Leaving safepoint region
[2019-12-09T02:33:42.182+0000][1][safepoint    ] Total time for which application threads were stopped: 0.0001528 seconds, Stopping threads took: 0.0000223 seconds
[2019-12-09T02:33:42.182+0000][1][safepoint    ] Application time: 0.0003180 seconds
[2019-12-09T02:33:42.182+0000][1][safepoint    ] Entering safepoint region: RevokeBias
[2019-12-09T02:33:42.182+0000][1][safepoint    ] Leaving safepoint region
[2019-12-09T02:33:42.182+0000][1][safepoint    ] Total time for which application threads were stopped: 0.0001004 seconds, Stopping threads took: 0.0000168 seconds
[2019-12-09T02:33:42.196+0000][1][safepoint    ] Application time: 0.0137148 seconds
[2019-12-09T02:33:42.196+0000][1][safepoint    ] Entering safepoint region: RevokeBias
[2019-12-09T02:33:42.196+0000][1][safepoint    ] Leaving safepoint region
[2019-12-09T02:33:42.196+0000][1][safepoint    ] Total time for which application threads were stopped: 0.0000759 seconds, Stopping threads took: 0.0000144 seconds
[2019-12-09T02:33:42.223+0000][1][safepoint    ] Application time: 0.0268417 seconds
[2019-12-09T02:33:42.223+0000][1][safepoint    ] Entering safepoint region: RevokeBias
[2019-12-09T02:33:42.223+0000][1][safepoint    ] Leaving safepoint region
[2019-12-09T02:33:42.223+0000][1][safepoint    ] Total time for which application threads were stopped: 0.0000914 seconds, Stopping threads took: 0.0000148 seconds
[2019-12-09T02:33:42.224+0000][1][safepoint    ] Application time: 0.0009144 seconds
[2019-12-09T02:33:42.224+0000][1][safepoint    ] Entering safepoint region: RevokeBias
[2019-12-09T02:33:42.224+0000][1][safepoint    ] Leaving safepoint region
[2019-12-09T02:33:42.224+0000][1][safepoint    ] Total time for which application threads were stopped: 0.0000763 seconds, Stopping threads took: 0.0000156 seconds
[2019-12-09T02:33:42.224+0000][1][safepoint    ] Application time: 0.0000571 seconds
[2019-12-09T02:33:42.224+0000][1][safepoint    ] Entering safepoint region: RevokeBias
[2019-12-09T02:33:42.224+0000][1][safepoint    ] Leaving safepoint region
[2019-12-09T02:33:42.224+0000][1][safepoint    ] Total time for which application threads were stopped: 0.0000490 seconds, Stopping threads took: 0.0000087 seconds
[2019-12-09T02:33:42.224+0000][1][safepoint    ] Application time: 0.0000458 seconds
[2019-12-09T02:33:42.224+0000][1][safepoint    ] Entering safepoint region: RevokeBias
[2019-12-09T02:33:42.224+0000][1][safepoint    ] Leaving safepoint region
[2019-12-09T02:33:42.224+0000][1][safepoint    ] Total time for which application threads were stopped: 0.0000457 seconds, Stopping threads took: 0.0000084 seconds
[2019-12-09T02:33:42.224+0000][1][safepoint    ] Application time: 0.0000464 seconds
[2019-12-09T02:33:42.224+0000][1][safepoint    ] Entering safepoint region: RevokeBias
[2019-12-09T02:33:42.224+0000][1][safepoint    ] Leaving safepoint region
[2019-12-09T02:33:42.224+0000][1][safepoint    ] Total time for which application threads were stopped: 0.0000468 seconds, Stopping threads took: 0.0000084 seconds
[2019-12-09T02:33:42.224+0000][1][safepoint    ] Application time: 0.0000447 seconds
[2019-12-09T02:33:42.224+0000][1][safepoint    ] Entering safepoint region: RevokeBias
[2019-12-09T02:33:42.224+0000][1][safepoint    ] Leaving safepoint region
[2019-12-09T02:33:42.224+0000][1][safepoint    ] Total time for which application threads were stopped: 0.0000466 seconds, Stopping threads took: 0.0000079 seconds
[2019-12-09T02:33:42.224+0000][1][safepoint    ] Application time: 0.0000444 seconds
[2019-12-09T02:33:42.224+0000][1][safepoint    ] Entering safepoint region: RevokeBias
[2019-12-09T02:33:42.224+0000][1][safepoint    ] Leaving safepoint region
[2019-12-09T02:33:42.224+0000][1][safepoint    ] Total time for which application threads were stopped: 0.0000466 seconds, Stopping threads took: 0.0000081 seconds
[2019-12-09T02:33:42.354+0000][1][safepoint    ] Application time: 0.1295016 seconds
[2019-12-09T02:33:42.354+0000][1][safepoint    ] Entering safepoint region: RevokeBias
[2019-12-09T02:33:42.354+0000][1][safepoint    ] Leaving safepoint region
[2019-12-09T02:33:42.354+0000][1][safepoint    ] Total time for which application threads were stopped: 0.0001196 seconds, Stopping threads took: 0.0000218 seconds
[2019-12-09T02:33:42.427+0000][1][safepoint    ] Application time: 0.0726393 seconds
[2019-12-09T02:33:42.427+0000][1][safepoint    ] Entering safepoint region: RevokeBias
[2019-12-09T02:33:42.427+0000][1][safepoint    ] Leaving safepoint region
[2019-12-09T02:33:42.427+0000][1][safepoint    ] Total time for which application threads were stopped: 0.0001637 seconds, Stopping threads took: 0.0000546 seconds
[2019-12-09T02:33:42.428+0000][1][safepoint    ] Application time: 0.0010974 seconds
[2019-12-09T02:33:42.428+0000][1][safepoint    ] Entering safepoint region: RevokeBias
[2019-12-09T02:33:42.428+0000][1][safepoint    ] Leaving safepoint region
[2019-12-09T02:33:42.428+0000][1][safepoint    ] Total time for which application threads were stopped: 0.0001015 seconds, Stopping threads took: 0.0000180 seconds
[2019-12-09T02:33:43.429+0000][1][safepoint    ] Application time: 1.0005544 seconds
[2019-12-09T02:33:43.429+0000][1][safepoint    ] Entering safepoint region: Cleanup
[2019-12-09T02:33:43.429+0000][1][safepoint    ] Leaving safepoint region
[2019-12-09T02:33:43.429+0000][1][safepoint    ] Total time for which application threads were stopped: 0.0001176 seconds, Stopping threads took: 0.0000256 seconds
[2019-12-09T02:33:43.604+0000][1][safepoint    ] Application time: 0.1748535 seconds
[2019-12-09T02:33:43.604+0000][1][safepoint    ] Entering safepoint region: RevokeBias
[2019-12-09T02:33:43.604+0000][1][safepoint    ] Leaving safepoint region
[2019-12-09T02:33:43.604+0000][1][safepoint    ] Total time for which application threads were stopped: 0.0001056 seconds, Stopping threads took: 0.0000188 seconds
[2019-12-09T02:33:43.604+0000][1][safepoint    ] Application time: 0.0001073 seconds
[2019-12-09T02:33:43.604+0000][1][safepoint    ] Entering safepoint region: RevokeBias
[2019-12-09T02:33:43.604+0000][1][safepoint    ] Leaving safepoint region
[2019-12-09T02:33:43.604+0000][1][safepoint    ] Total time for which application threads were stopped: 0.0000507 seconds, Stopping threads took: 0.0000086 seconds
[2019-12-09T02:33:43.605+0000][1][safepoint    ] Application time: 0.0005027 seconds
[2019-12-09T02:33:43.605+0000][1][safepoint    ] Entering safepoint region: RevokeBias
[2019-12-09T02:33:43.605+0000][1][safepoint    ] Leaving safepoint region
[2019-12-09T02:33:43.605+0000][1][safepoint    ] Total time for which application threads were stopped: 0.0000806 seconds, Stopping threads took: 0.0000158 seconds
[2019-12-09T02:33:44.276+0000][1][safepoint    ] Application time: 0.6715610 seconds
[2019-12-09T02:33:44.345+0000][1][safepoint    ] Entering safepoint region: CollectForMetadataAllocation
[2019-12-09T02:33:44.345+0000][1][safepoint    ] Leaving safepoint region
[2019-12-09T02:33:44.345+0000][1][safepoint    ] Total time for which application threads were stopped: 0.0687845 seconds, Stopping threads took: 0.0684959 seconds
[2019-12-09T02:33:44.771+0000][1][safepoint    ] Application time: 0.4259803 seconds
[2019-12-09T02:33:44.771+0000][1][safepoint    ] Entering safepoint region: GenCollectForAllocation
[2019-12-09T02:33:44.771+0000][1][gc,start     ] GC(23) Pause Young (Allocation Failure)
[2019-12-09T02:33:44.771+0000][1][gc,task      ] GC(23) Using 2 workers of 2 for evacuation
[2019-12-09T02:33:44.911+0000][1][gc,age       ] GC(23) Desired survivor size 4456448 bytes, new threshold 2 (max threshold 6)
[2019-12-09T02:33:44.911+0000][1][gc,age       ] GC(23) Age table with threshold 2 (max threshold 6)
[2019-12-09T02:33:44.911+0000][1][gc,age       ] GC(23) - age   1:    1886856 bytes,    1886856 total
[2019-12-09T02:33:44.911+0000][1][gc,age       ] GC(23) - age   2:    3571632 bytes,    5458488 total
[2019-12-09T02:33:44.911+0000][1][gc,heap      ] GC(23) ParNew: 78656K->6855K(78656K)
[2019-12-09T02:33:44.911+0000][1][gc,heap      ] GC(23) CMS: 60370K->64529K(174784K)
[2019-12-09T02:33:44.911+0000][1][gc,metaspace ] GC(23) Metaspace: 68331K->68331K(1112064K)
[2019-12-09T02:33:44.911+0000][1][gc           ] GC(23) Pause Young (Allocation Failure) 135M->69M(247M) 140.180ms
[2019-12-09T02:33:44.911+0000][1][gc,cpu       ] GC(23) User=0.05s Sys=0.00s Real=0.14s
[2019-12-09T02:33:44.911+0000][1][safepoint    ] Leaving safepoint region
[2019-12-09T02:33:44.911+0000][1][safepoint    ] Total time for which application threads were stopped: 0.1403942 seconds, Stopping threads took: 0.0000256 seconds
[2019-12-09T02:33:44.917+0000][1][safepoint    ] Application time: 0.0052471 seconds
[2019-12-09T02:33:44.948+0000][1][safepoint    ] Entering safepoint region: CMS_Initial_Mark
[2019-12-09T02:33:44.948+0000][1][gc,start     ] GC(24) Pause Initial Mark
[2019-12-09T02:33:44.964+0000][1][gc           ] GC(24) Pause Initial Mark 72M->72M(247M) 16.370ms
[2019-12-09T02:33:44.964+0000][1][gc,cpu       ] GC(24) User=0.01s Sys=0.00s Real=0.01s
[2019-12-09T02:33:44.964+0000][1][safepoint    ] Leaving safepoint region
[2019-12-09T02:33:44.964+0000][1][safepoint    ] Total time for which application threads were stopped: 0.0475634 seconds, Stopping threads took: 0.0310258 seconds
[2019-12-09T02:33:44.965+0000][1][gc           ] GC(24) Concurrent Mark
[2019-12-09T02:33:45.428+0000][1][gc           ] GC(24) Concurrent Mark 463.208ms
[2019-12-09T02:33:45.428+0000][1][gc,cpu       ] GC(24) User=0.23s Sys=0.00s Real=0.46s
[2019-12-09T02:33:45.428+0000][1][gc           ] GC(24) Concurrent Preclean
[2019-12-09T02:33:45.429+0000][1][gc           ] GC(24) Concurrent Preclean 0.979ms
[2019-12-09T02:33:45.429+0000][1][gc,cpu       ] GC(24) User=0.00s Sys=0.00s Real=0.00s
[2019-12-09T02:33:45.429+0000][1][gc           ] GC(24) Concurrent Abortable Preclean
[2019-12-09T02:33:45.971+0000][1][safepoint    ] Application time: 1.0063855 seconds
[2019-12-09T02:33:45.971+0000][1][safepoint    ] Entering safepoint region: Cleanup
[2019-12-09T02:33:45.971+0000][1][safepoint    ] Leaving safepoint region
[2019-12-09T02:33:45.971+0000][1][safepoint    ] Total time for which application threads were stopped: 0.0001179 seconds, Stopping threads took: 0.0000242 seconds
[2019-12-09T02:33:46.973+0000][1][safepoint    ] Application time: 1.0018750 seconds
[2019-12-09T02:33:46.973+0000][1][safepoint    ] Entering safepoint region: Cleanup
[2019-12-09T02:33:46.973+0000][1][safepoint    ] Leaving safepoint region
[2019-12-09T02:33:46.973+0000][1][safepoint    ] Total time for which application threads were stopped: 0.0001095 seconds, Stopping threads took: 0.0000235 seconds
[2019-12-09T02:33:47.975+0000][1][safepoint    ] Application time: 1.0018006 seconds
[2019-12-09T02:33:47.975+0000][1][safepoint    ] Entering safepoint region: Cleanup
[2019-12-09T02:33:47.975+0000][1][safepoint    ] Leaving safepoint region
[2019-12-09T02:33:47.975+0000][1][safepoint    ] Total time for which application threads were stopped: 0.0001129 seconds, Stopping threads took: 0.0000250 seconds
[2019-12-09T02:33:48.976+0000][1][safepoint    ] Application time: 1.0008504 seconds
[2019-12-09T02:33:48.976+0000][1][safepoint    ] Entering safepoint region: Cleanup
[2019-12-09T02:33:48.976+0000][1][safepoint    ] Leaving safepoint region
[2019-12-09T02:33:48.976+0000][1][safepoint    ] Total time for which application threads were stopped: 0.0001185 seconds, Stopping threads took: 0.0000270 seconds
[2019-12-09T02:33:49.980+0000][1][safepoint    ] Application time: 1.0038201 seconds
[2019-12-09T02:33:49.980+0000][1][safepoint    ] Entering safepoint region: Cleanup
[2019-12-09T02:33:49.980+0000][1][safepoint    ] Leaving safepoint region
[2019-12-09T02:33:49.980+0000][1][safepoint    ] Total time for which application threads were stopped: 0.0001209 seconds, Stopping threads took: 0.0000257 seconds
[2019-12-09T02:33:50.430+0000][1][gc           ] GC(24) Concurrent Abortable Preclean 5000.622ms
[2019-12-09T02:33:50.430+0000][1][gc,cpu       ] GC(24) User=1.39s Sys=0.01s Real=5.00s
[2019-12-09T02:33:50.430+0000][1][safepoint    ] Application time: 0.4500117 seconds
[2019-12-09T02:33:50.430+0000][1][safepoint    ] Entering safepoint region: CMS_Final_Remark
[2019-12-09T02:33:50.430+0000][1][gc,start     ] GC(24) Pause Remark
[2019-12-09T02:33:50.497+0000][1][gc           ] GC(24) Pause Remark 76M->76M(247M) 66.571ms
[2019-12-09T02:33:50.497+0000][1][gc,cpu       ] GC(24) User=0.03s Sys=0.00s Real=0.07s
[2019-12-09T02:33:50.497+0000][1][safepoint    ] Leaving safepoint region
[2019-12-09T02:33:50.497+0000][1][safepoint    ] Total time for which application threads were stopped: 0.0667971 seconds, Stopping threads took: 0.0000228 seconds
[2019-12-09T02:33:50.497+0000][1][gc           ] GC(24) Concurrent Sweep
[2019-12-09T02:33:50.598+0000][1][gc           ] GC(24) Concurrent Sweep 101.324ms
[2019-12-09T02:33:50.598+0000][1][gc,cpu       ] GC(24) User=0.06s Sys=0.00s Real=0.10s
[2019-12-09T02:33:50.598+0000][1][gc           ] GC(24) Concurrent Reset
[2019-12-09T02:33:50.599+0000][1][gc           ] GC(24) Concurrent Reset 0.324ms
[2019-12-09T02:33:50.599+0000][1][gc,cpu       ] GC(24) User=0.00s Sys=0.00s Real=0.00s
[2019-12-09T02:33:50.599+0000][1][gc,heap      ] GC(24) Old: 64529K->63913K(174784K)
[2019-12-09T02:33:51.504+0000][1][safepoint    ] Application time: 1.0069869 seconds
[2019-12-09T02:33:51.504+0000][1][safepoint    ] Entering safepoint region: Cleanup
[2019-12-09T02:33:51.505+0000][1][safepoint    ] Leaving safepoint region
[2019-12-09T02:33:51.505+0000][1][safepoint    ] Total time for which application threads were stopped: 0.0008596 seconds, Stopping threads took: 0.0000246 seconds
[2019-12-09T02:33:52.506+0000][1][safepoint    ] Application time: 1.0011094 seconds
[2019-12-09T02:33:52.506+0000][1][safepoint    ] Entering safepoint region: Cleanup
[2019-12-09T02:33:52.506+0000][1][safepoint    ] Leaving safepoint region
[2019-12-09T02:33:52.506+0000][1][safepoint    ] Total time for which application threads were stopped: 0.0001216 seconds, Stopping threads took: 0.0000256 seconds
[2019-12-09T02:33:53.508+0000][1][safepoint    ] Application time: 1.0024581 seconds
[2019-12-09T02:33:53.508+0000][1][safepoint    ] Entering safepoint region: Cleanup
[2019-12-09T02:33:53.509+0000][1][safepoint    ] Leaving safepoint region
[2019-12-09T02:33:53.509+0000][1][safepoint    ] Total time for which application threads were stopped: 0.0001276 seconds, Stopping threads took: 0.0000327 seconds
[2019-12-09T02:33:54.509+0000][1][safepoint    ] Application time: 1.0001645 seconds
[2019-12-09T02:33:54.509+0000][1][safepoint    ] Entering safepoint region: Cleanup
[2019-12-09T02:33:54.509+0000][1][safepoint    ] Leaving safepoint region
[2019-12-09T02:33:54.509+0000][1][safepoint    ] Total time for which application threads were stopped: 0.0001153 seconds, Stopping threads took: 0.0000258 seconds
[2019-12-09T02:33:55.517+0000][1][safepoint    ] Application time: 1.0084018 seconds
[2019-12-09T02:33:55.517+0000][1][safepoint    ] Entering safepoint region: Cleanup
[2019-12-09T02:33:55.517+0000][1][safepoint    ] Leaving safepoint region
[2019-12-09T02:33:55.517+0000][1][safepoint    ] Total time for which application threads were stopped: 0.0001172 seconds, Stopping threads took: 0.0000238 seconds
[2019-12-09T02:33:56.523+0000][1][safepoint    ] Application time: 1.0052824 seconds
[2019-12-09T02:33:56.523+0000][1][safepoint    ] Entering safepoint region: Cleanup
[2019-12-09T02:33:56.523+0000][1][safepoint    ] Leaving safepoint region
[2019-12-09T02:33:56.523+0000][1][safepoint    ] Total time for which application threads were stopped: 0.0001214 seconds, Stopping threads took: 0.0000272 seconds
[2019-12-09T02:33:57.526+0000][1][safepoint    ] Application time: 1.0028260 seconds
[2019-12-09T02:33:57.526+0000][1][safepoint    ] Entering safepoint region: Cleanup
[2019-12-09T02:33:57.526+0000][1][safepoint    ] Leaving safepoint region
[2019-12-09T02:33:57.526+0000][1][safepoint    ] Total time for which application threads were stopped: 0.0001175 seconds, Stopping threads took: 0.0000245 seconds
[2019-12-09T02:33:58.527+0000][1][safepoint    ] Application time: 1.0008289 seconds
[2019-12-09T02:33:58.527+0000][1][safepoint    ] Entering safepoint region: Cleanup
[2019-12-09T02:33:58.527+0000][1][safepoint    ] Leaving safepoint region
[2019-12-09T02:33:58.527+0000][1][safepoint    ] Total time for which application threads were stopped: 0.0001340 seconds, Stopping threads took: 0.0000443 seconds
[2019-12-09T02:33:59.528+0000][1][safepoint    ] Application time: 1.0008244 seconds
[2019-12-09T02:33:59.528+0000][1][safepoint    ] Entering safepoint region: Cleanup
[2019-12-09T02:33:59.528+0000][1][safepoint    ] Leaving safepoint region
[2019-12-09T02:33:59.528+0000][1][safepoint    ] Total time for which application threads were stopped: 0.0001306 seconds, Stopping threads took: 0.0000272 seconds
[2019-12-09T02:34:00.530+0000][1][safepoint    ] Application time: 1.0018221 seconds
[2019-12-09T02:34:00.530+0000][1][safepoint    ] Entering safepoint region: Cleanup
[2019-12-09T02:34:00.530+0000][1][safepoint    ] Leaving safepoint region
[2019-12-09T02:34:00.530+0000][1][safepoint    ] Total time for which application threads were stopped: 0.0001335 seconds, Stopping threads took: 0.0000257 seconds
[2019-12-09T02:34:01.532+0000][1][safepoint    ] Application time: 1.0016993 seconds
[2019-12-09T02:34:01.532+0000][1][safepoint    ] Entering safepoint region: Cleanup
[2019-12-09T02:34:01.532+0000][1][safepoint    ] Leaving safepoint region
[2019-12-09T02:34:01.532+0000][1][safepoint    ] Total time for which application threads were stopped: 0.0001493 seconds, Stopping threads took: 0.0000425 seconds
[2019-12-09T02:34:02.533+0000][1][safepoint    ] Application time: 1.0008940 seconds
[2019-12-09T02:34:02.533+0000][1][safepoint    ] Entering safepoint region: Cleanup
[2019-12-09T02:34:02.533+0000][1][safepoint    ] Leaving safepoint region
[2019-12-09T02:34:02.533+0000][1][safepoint    ] Total time for which application threads were stopped: 0.0001320 seconds, Stopping threads took: 0.0000285 seconds
[2019-12-09T02:34:03.534+0000][1][safepoint    ] Application time: 1.0008236 seconds
[2019-12-09T02:34:03.534+0000][1][safepoint    ] Entering safepoint region: Cleanup
[2019-12-09T02:34:03.534+0000][1][safepoint    ] Leaving safepoint region
[2019-12-09T02:34:03.534+0000][1][safepoint    ] Total time for which application threads were stopped: 0.0001239 seconds, Stopping threads took: 0.0000248 seconds
[2019-12-09T02:34:04.535+0000][1][safepoint    ] Application time: 1.0012996 seconds
[2019-12-09T02:34:04.535+0000][1][safepoint    ] Entering safepoint region: Cleanup
[2019-12-09T02:34:04.535+0000][1][safepoint    ] Leaving safepoint region
[2019-12-09T02:34:04.535+0000][1][safepoint    ] Total time for which application threads were stopped: 0.0001184 seconds, Stopping threads took: 0.0000254 seconds
[2019-12-09T02:34:05.540+0000][1][safepoint    ] Application time: 1.0043397 seconds
[2019-12-09T02:34:05.540+0000][1][safepoint    ] Entering safepoint region: Cleanup
[2019-12-09T02:34:05.540+0000][1][safepoint    ] Leaving safepoint region
[2019-12-09T02:34:05.540+0000][1][safepoint    ] Total time for which application threads were stopped: 0.0001287 seconds, Stopping threads took: 0.0000279 seconds
[2019-12-09T02:34:06.542+0000][1][safepoint    ] Application time: 1.0018138 seconds
[2019-12-09T02:34:06.542+0000][1][safepoint    ] Entering safepoint region: Cleanup
[2019-12-09T02:34:06.542+0000][1][safepoint    ] Leaving safepoint region
[2019-12-09T02:34:06.542+0000][1][safepoint    ] Total time for which application threads were stopped: 0.0001215 seconds, Stopping threads took: 0.0000250 seconds
[2019-12-09T02:34:07.543+0000][1][safepoint    ] Application time: 1.0008133 seconds
[2019-12-09T02:34:07.543+0000][1][safepoint    ] Entering safepoint region: Cleanup
[2019-12-09T02:34:07.543+0000][1][safepoint    ] Leaving safepoint region
[2019-12-09T02:34:07.543+0000][1][safepoint    ] Total time for which application threads were stopped: 0.0001191 seconds, Stopping threads took: 0.0000351 seconds
[2019-12-09T02:34:08.546+0000][1][safepoint    ] Application time: 1.0028323 seconds
[2019-12-09T02:34:08.546+0000][1][safepoint    ] Entering safepoint region: Cleanup
[2019-12-09T02:34:08.546+0000][1][safepoint    ] Leaving safepoint region
[2019-12-09T02:34:08.546+0000][1][safepoint    ] Total time for which application threads were stopped: 0.0001068 seconds, Stopping threads took: 0.0000231 seconds
[2019-12-09T02:34:09.546+0000][1][safepoint    ] Application time: 1.0000728 seconds
[2019-12-09T02:34:09.546+0000][1][safepoint    ] Entering safepoint region: Cleanup
[2019-12-09T02:34:09.546+0000][1][safepoint    ] Leaving safepoint region
[2019-12-09T02:34:09.546+0000][1][safepoint    ] Total time for which application threads were stopped: 0.0000824 seconds, Stopping threads took: 0.0000155 seconds
[2019-12-09T02:34:10.546+0000][1][safepoint    ] Application time: 1.0000830 seconds
[2019-12-09T02:34:10.546+0000][1][safepoint    ] Entering safepoint region: Cleanup
[2019-12-09T02:34:10.546+0000][1][safepoint    ] Leaving safepoint region
[2019-12-09T02:34:10.546+0000][1][safepoint    ] Total time for which application threads were stopped: 0.0001052 seconds, Stopping threads took: 0.0000222 seconds
[2019-12-09T02:34:11.546+0000][1][safepoint    ] Application time: 1.0000441 seconds
[2019-12-09T02:34:11.546+0000][1][safepoint    ] Entering safepoint region: Cleanup
[2019-12-09T02:34:11.546+0000][1][safepoint    ] Leaving safepoint region
[2019-12-09T02:34:11.546+0000][1][safepoint    ] Total time for which application threads were stopped: 0.0001175 seconds, Stopping threads took: 0.0000302 seconds
[2019-12-09T02:34:12.547+0000][1][safepoint    ] Application time: 1.0000777 seconds
[2019-12-09T02:34:12.547+0000][1][safepoint    ] Entering safepoint region: Cleanup
[2019-12-09T02:34:12.547+0000][1][safepoint    ] Leaving safepoint region
[2019-12-09T02:34:12.547+0000][1][safepoint    ] Total time for which application threads were stopped: 0.0000802 seconds, Stopping threads took: 0.0000178 seconds
[2019-12-09T02:34:13.547+0000][1][safepoint    ] Application time: 1.0000805 seconds
[2019-12-09T02:34:13.547+0000][1][safepoint    ] Entering safepoint region: Cleanup
[2019-12-09T02:34:13.547+0000][1][safepoint    ] Leaving safepoint region
[2019-12-09T02:34:13.547+0000][1][safepoint    ] Total time for which application threads were stopped: 0.0000859 seconds, Stopping threads took: 0.0000175 seconds
[2019-12-09T02:34:14.547+0000][1][safepoint    ] Application time: 1.0000775 seconds
[2019-12-09T02:34:14.547+0000][1][safepoint    ] Entering safepoint region: Cleanup
[2019-12-09T02:34:14.547+0000][1][safepoint    ] Leaving safepoint region
[2019-12-09T02:34:14.547+0000][1][safepoint    ] Total time for which application threads were stopped: 0.0000839 seconds, Stopping threads took: 0.0000162 seconds
[2019-12-09T02:34:15.547+0000][1][safepoint    ] Application time: 1.0000770 seconds
[2019-12-09T02:34:15.547+0000][1][safepoint    ] Entering safepoint region: Cleanup
[2019-12-09T02:34:15.547+0000][1][safepoint    ] Leaving safepoint region
[2019-12-09T02:34:15.547+0000][1][safepoint    ] Total time for which application threads were stopped: 0.0000776 seconds, Stopping threads took: 0.0000157 seconds
[2019-12-09T02:34:16.547+0000][1][safepoint    ] Application time: 1.0000766 seconds
[2019-12-09T02:34:16.547+0000][1][safepoint    ] Entering safepoint region: Cleanup
[2019-12-09T02:34:16.547+0000][1][safepoint    ] Leaving safepoint region
[2019-12-09T02:34:16.547+0000][1][safepoint    ] Total time for which application threads were stopped: 0.0000869 seconds, Stopping threads took: 0.0000164 seconds
[2019-12-09T02:34:17.548+0000][1][safepoint    ] Application time: 1.0002614 seconds
[2019-12-09T02:34:17.548+0000][1][safepoint    ] Entering safepoint region: Cleanup
[2019-12-09T02:34:17.548+0000][1][safepoint    ] Leaving safepoint region
[2019-12-09T02:34:17.548+0000][1][safepoint    ] Total time for which application threads were stopped: 0.0001410 seconds, Stopping threads took: 0.0000387 seconds
[2019-12-09T02:34:18.548+0000][1][safepoint    ] Application time: 1.0000836 seconds
[2019-12-09T02:34:18.548+0000][1][safepoint    ] Entering safepoint region: Cleanup
[2019-12-09T02:34:18.548+0000][1][safepoint    ] Leaving safepoint region
[2019-12-09T02:34:18.548+0000][1][safepoint    ] Total time for which application threads were stopped: 0.0001112 seconds, Stopping threads took: 0.0000223 seconds
[2019-12-09T02:34:19.548+0000][1][safepoint    ] Application time: 1.0000777 seconds
[2019-12-09T02:34:19.548+0000][1][safepoint    ] Entering safepoint region: Cleanup
[2019-12-09T02:34:19.548+0000][1][safepoint    ] Leaving safepoint region
[2019-12-09T02:34:19.548+0000][1][safepoint    ] Total time for which application threads were stopped: 0.0000841 seconds, Stopping threads took: 0.0000156 seconds
[2019-12-09T02:34:20.548+0000][1][safepoint    ] Application time: 1.0000796 seconds
[2019-12-09T02:34:20.548+0000][1][safepoint    ] Entering safepoint region: Cleanup
[2019-12-09T02:34:20.549+0000][1][safepoint    ] Leaving safepoint region
[2019-12-09T02:34:20.549+0000][1][safepoint    ] Total time for which application threads were stopped: 0.0000802 seconds, Stopping threads took: 0.0000174 seconds
[2019-12-09T02:34:21.549+0000][1][safepoint    ] Application time: 1.0000795 seconds
[2019-12-09T02:34:21.549+0000][1][safepoint    ] Entering safepoint region: Cleanup
[2019-12-09T02:34:21.549+0000][1][safepoint    ] Leaving safepoint region
[2019-12-09T02:34:21.549+0000][1][safepoint    ] Total time for which application threads were stopped: 0.0000929 seconds, Stopping threads took: 0.0000173 seconds
[2019-12-09T02:34:22.549+0000][1][safepoint    ] Application time: 1.0000789 seconds
[2019-12-09T02:34:22.549+0000][1][safepoint    ] Entering safepoint region: Cleanup
[2019-12-09T02:34:22.549+0000][1][safepoint    ] Leaving safepoint region
[2019-12-09T02:34:22.549+0000][1][safepoint    ] Total time for which application threads were stopped: 0.0000905 seconds, Stopping threads took: 0.0000176 seconds
[2019-12-09T02:34:23.549+0000][1][safepoint    ] Application time: 1.0000766 seconds
[2019-12-09T02:34:23.549+0000][1][safepoint    ] Entering safepoint region: Cleanup
[2019-12-09T02:34:23.549+0000][1][safepoint    ] Leaving safepoint region
[2019-12-09T02:34:23.549+0000][1][safepoint    ] Total time for which application threads were stopped: 0.0000809 seconds, Stopping threads took: 0.0000169 seconds
[2019-12-09T02:34:24.549+0000][1][safepoint    ] Application time: 1.0000778 seconds
[2019-12-09T02:34:24.549+0000][1][safepoint    ] Entering safepoint region: Cleanup
[2019-12-09T02:34:24.549+0000][1][safepoint    ] Leaving safepoint region
[2019-12-09T02:34:24.549+0000][1][safepoint    ] Total time for which application threads were stopped: 0.0000806 seconds, Stopping threads took: 0.0000158 seconds
[2019-12-09T02:34:25.549+0000][1][safepoint    ] Application time: 1.0000759 seconds
[2019-12-09T02:34:25.549+0000][1][safepoint    ] Entering safepoint region: Cleanup
[2019-12-09T02:34:25.549+0000][1][safepoint    ] Leaving safepoint region
[2019-12-09T02:34:25.549+0000][1][safepoint    ] Total time for which application threads were stopped: 0.0000821 seconds, Stopping threads took: 0.0000152 seconds
[2019-12-09T02:34:26.550+0000][1][safepoint    ] Application time: 1.0000749 seconds
[2019-12-09T02:34:26.550+0000][1][safepoint    ] Entering safepoint region: Cleanup
[2019-12-09T02:34:26.550+0000][1][safepoint    ] Leaving safepoint region
[2019-12-09T02:34:26.550+0000][1][safepoint    ] Total time for which application threads were stopped: 0.0000766 seconds, Stopping threads took: 0.0000149 seconds
[2019-12-09T02:34:27.550+0000][1][safepoint    ] Application time: 1.0000834 seconds
[2019-12-09T02:34:27.550+0000][1][safepoint    ] Entering safepoint region: Cleanup
[2019-12-09T02:34:27.550+0000][1][safepoint    ] Leaving safepoint region
[2019-12-09T02:34:27.550+0000][1][safepoint    ] Total time for which application threads were stopped: 0.0000761 seconds, Stopping threads took: 0.0000157 seconds
[2019-12-09T02:34:28.550+0000][1][safepoint    ] Application time: 1.0000749 seconds
[2019-12-09T02:34:28.550+0000][1][safepoint    ] Entering safepoint region: Cleanup
[2019-12-09T02:34:28.550+0000][1][safepoint    ] Leaving safepoint region
[2019-12-09T02:34:28.550+0000][1][safepoint    ] Total time for which application threads were stopped: 0.0000835 seconds, Stopping threads took: 0.0000217 seconds
[2019-12-09T02:34:29.550+0000][1][safepoint    ] Application time: 1.0000738 seconds
[2019-12-09T02:34:29.550+0000][1][safepoint    ] Entering safepoint region: Cleanup
[2019-12-09T02:34:29.550+0000][1][safepoint    ] Leaving safepoint region
[2019-12-09T02:34:29.550+0000][1][safepoint    ] Total time for which application threads were stopped: 0.0000785 seconds, Stopping threads took: 0.0000152 seconds
[2019-12-09T02:34:30.550+0000][1][safepoint    ] Application time: 1.0000765 seconds
[2019-12-09T02:34:30.550+0000][1][safepoint    ] Entering safepoint region: Cleanup
[2019-12-09T02:34:30.550+0000][1][safepoint    ] Leaving safepoint region
[2019-12-09T02:34:30.550+0000][1][safepoint    ] Total time for which application threads were stopped: 0.0000855 seconds, Stopping threads took: 0.0000154 seconds
[2019-12-09T02:34:31.550+0000][1][safepoint    ] Application time: 1.0000754 seconds
[2019-12-09T02:34:31.551+0000][1][safepoint    ] Entering safepoint region: Cleanup
[2019-12-09T02:34:31.551+0000][1][safepoint    ] Leaving safepoint region
[2019-12-09T02:34:31.551+0000][1][safepoint    ] Total time for which application threads were stopped: 0.0000833 seconds, Stopping threads took: 0.0000158 seconds
[2019-12-09T02:34:32.551+0000][1][safepoint    ] Application time: 1.0000745 seconds
[2019-12-09T02:34:32.551+0000][1][safepoint    ] Entering safepoint region: Cleanup
[2019-12-09T02:34:32.551+0000][1][safepoint    ] Leaving safepoint region
[2019-12-09T02:34:32.551+0000][1][safepoint    ] Total time for which application threads were stopped: 0.0000848 seconds, Stopping threads took: 0.0000163 seconds
[2019-12-09T02:34:33.551+0000][1][safepoint    ] Application time: 1.0000754 seconds
[2019-12-09T02:34:33.551+0000][1][safepoint    ] Entering safepoint region: Cleanup
[2019-12-09T02:34:33.551+0000][1][safepoint    ] Leaving safepoint region
[2019-12-09T02:34:33.551+0000][1][safepoint    ] Total time for which application threads were stopped: 0.0000808 seconds, Stopping threads took: 0.0000161 seconds
[2019-12-09T02:34:34.551+0000][1][safepoint    ] Application time: 1.0000773 seconds
[2019-12-09T02:34:34.551+0000][1][safepoint    ] Entering safepoint region: Cleanup
[2019-12-09T02:34:34.551+0000][1][safepoint    ] Leaving safepoint region
[2019-12-09T02:34:34.551+0000][1][safepoint    ] Total time for which application threads were stopped: 0.0000841 seconds, Stopping threads took: 0.0000160 seconds
[2019-12-09T02:34:35.551+0000][1][safepoint    ] Application time: 1.0000787 seconds
[2019-12-09T02:34:35.551+0000][1][safepoint    ] Entering safepoint region: Cleanup
[2019-12-09T02:34:35.551+0000][1][safepoint    ] Leaving safepoint region
[2019-12-09T02:34:35.551+0000][1][safepoint    ] Total time for which application threads were stopped: 0.0000948 seconds, Stopping threads took: 0.0000178 seconds
[2019-12-09T02:34:36.551+0000][1][safepoint    ] Application time: 1.0000777 seconds
[2019-12-09T02:34:36.551+0000][1][safepoint    ] Entering safepoint region: Cleanup
[2019-12-09T02:34:36.552+0000][1][safepoint    ] Leaving safepoint region
[2019-12-09T02:34:36.552+0000][1][safepoint    ] Total time for which application threads were stopped: 0.0000796 seconds, Stopping threads took: 0.0000158 seconds
[2019-12-09T02:34:37.552+0000][1][safepoint    ] Application time: 1.0000761 seconds
[2019-12-09T02:34:37.552+0000][1][safepoint    ] Entering safepoint region: Cleanup
[2019-12-09T02:34:37.552+0000][1][safepoint    ] Leaving safepoint region
[2019-12-09T02:34:37.552+0000][1][safepoint    ] Total time for which application threads were stopped: 0.0000935 seconds, Stopping threads took: 0.0000155 seconds
[2019-12-09T02:34:39.552+0000][1][safepoint    ] Application time: 2.0001454 seconds
[2019-12-09T02:34:39.552+0000][1][safepoint    ] Entering safepoint region: Cleanup
[2019-12-09T02:34:39.552+0000][1][safepoint    ] Leaving safepoint region
[2019-12-09T02:34:39.552+0000][1][safepoint    ] Total time for which application threads were stopped: 0.0000845 seconds, Stopping threads took: 0.0000145 seconds
[2019-12-09T02:34:40.552+0000][1][safepoint    ] Application time: 1.0000754 seconds
[2019-12-09T02:34:40.552+0000][1][safepoint    ] Entering safepoint region: Cleanup
[2019-12-09T02:34:40.552+0000][1][safepoint    ] Leaving safepoint region
[2019-12-09T02:34:40.552+0000][1][safepoint    ] Total time for which application threads were stopped: 0.0000770 seconds, Stopping threads took: 0.0000162 seconds
[2019-12-09T02:34:43.552+0000][1][safepoint    ] Application time: 3.0002136 seconds
[2019-12-09T02:34:43.552+0000][1][safepoint    ] Entering safepoint region: Cleanup
[2019-12-09T02:34:43.552+0000][1][safepoint    ] Leaving safepoint region
[2019-12-09T02:34:43.552+0000][1][safepoint    ] Total time for which application threads were stopped: 0.0000820 seconds, Stopping threads took: 0.0000162 seconds
[2019-12-09T02:34:44.553+0000][1][safepoint    ] Application time: 1.0000798 seconds
[2019-12-09T02:34:44.553+0000][1][safepoint    ] Entering safepoint region: Cleanup
[2019-12-09T02:34:44.553+0000][1][safepoint    ] Leaving safepoint region
[2019-12-09T02:34:44.553+0000][1][safepoint    ] Total time for which application threads were stopped: 0.0001039 seconds, Stopping threads took: 0.0000165 seconds
[2019-12-09T02:34:45.553+0000][1][safepoint    ] Application time: 1.0000769 seconds
[2019-12-09T02:34:45.553+0000][1][safepoint    ] Entering safepoint region: Cleanup
[2019-12-09T02:34:45.553+0000][1][safepoint    ] Leaving safepoint region
[2019-12-09T02:34:45.553+0000][1][safepoint    ] Total time for which application threads were stopped: 0.0000775 seconds, Stopping threads took: 0.0000149 seconds
[2019-12-09T02:34:46.553+0000][1][safepoint    ] Application time: 1.0000779 seconds
[2019-12-09T02:34:46.553+0000][1][safepoint    ] Entering safepoint region: Cleanup
[2019-12-09T02:34:46.553+0000][1][safepoint    ] Leaving safepoint region
[2019-12-09T02:34:46.553+0000][1][safepoint    ] Total time for which application threads were stopped: 0.0000751 seconds, Stopping threads took: 0.0000148 seconds
[2019-12-09T02:34:48.553+0000][1][safepoint    ] Application time: 2.0001470 seconds
[2019-12-09T02:34:48.553+0000][1][safepoint    ] Entering safepoint region: Cleanup
[2019-12-09T02:34:48.553+0000][1][safepoint    ] Leaving safepoint region
[2019-12-09T02:34:48.553+0000][1][safepoint    ] Total time for which application threads were stopped: 0.0000751 seconds, Stopping threads took: 0.0000164 seconds
[2019-12-09T02:34:50.553+0000][1][safepoint    ] Application time: 2.0001456 seconds
[2019-12-09T02:34:50.553+0000][1][safepoint    ] Entering safepoint region: Cleanup
[2019-12-09T02:34:50.554+0000][1][safepoint    ] Leaving safepoint region
[2019-12-09T02:34:50.554+0000][1][safepoint    ] Total time for which application threads were stopped: 0.0000784 seconds, Stopping threads took: 0.0000151 seconds
[2019-12-09T02:34:51.554+0000][1][safepoint    ] Application time: 1.0000760 seconds
[2019-12-09T02:34:51.554+0000][1][safepoint    ] Entering safepoint region: Cleanup
[2019-12-09T02:34:51.554+0000][1][safepoint    ] Leaving safepoint region
[2019-12-09T02:34:51.554+0000][1][safepoint    ] Total time for which application threads were stopped: 0.0000873 seconds, Stopping threads took: 0.0000266 seconds
[2019-12-09T02:34:56.554+0000][1][safepoint    ] Application time: 5.0003441 seconds
[2019-12-09T02:34:56.554+0000][1][safepoint    ] Entering safepoint region: Cleanup
[2019-12-09T02:34:56.554+0000][1][safepoint    ] Leaving safepoint region
[2019-12-09T02:34:56.554+0000][1][safepoint    ] Total time for which application threads were stopped: 0.0000776 seconds, Stopping threads took: 0.0000158 seconds
[2019-12-09T02:34:59.554+0000][1][safepoint    ] Application time: 3.0002127 seconds
[2019-12-09T02:34:59.554+0000][1][safepoint    ] Entering safepoint region: Cleanup
[2019-12-09T02:34:59.555+0000][1][safepoint    ] Leaving safepoint region
[2019-12-09T02:34:59.555+0000][1][safepoint    ] Total time for which application threads were stopped: 0.0000806 seconds, Stopping threads took: 0.0000205 seconds
[2019-12-09T02:35:03.556+0000][1][safepoint    ] Application time: 4.0011684 seconds
[2019-12-09T02:35:03.556+0000][1][safepoint    ] Entering safepoint region: Cleanup
[2019-12-09T02:35:03.556+0000][1][safepoint    ] Leaving safepoint region
[2019-12-09T02:35:03.556+0000][1][safepoint    ] Total time for which application threads were stopped: 0.0001048 seconds, Stopping threads took: 0.0000219 seconds
[2019-12-09T02:35:04.556+0000][1][safepoint    ] Application time: 1.0000782 seconds
[2019-12-09T02:35:04.556+0000][1][safepoint    ] Entering safepoint region: Cleanup
[2019-12-09T02:35:04.556+0000][1][safepoint    ] Leaving safepoint region
[2019-12-09T02:35:04.556+0000][1][safepoint    ] Total time for which application threads were stopped: 0.0000768 seconds, Stopping threads took: 0.0000157 seconds
[2019-12-09T02:35:06.556+0000][1][safepoint    ] Application time: 2.0001472 seconds
[2019-12-09T02:35:06.556+0000][1][safepoint    ] Entering safepoint region: Cleanup
[2019-12-09T02:35:06.556+0000][1][safepoint    ] Leaving safepoint region
[2019-12-09T02:35:06.556+0000][1][safepoint    ] Total time for which application threads were stopped: 0.0000785 seconds, Stopping threads took: 0.0000153 seconds
[2019-12-09T02:35:08.556+0000][1][safepoint    ] Application time: 2.0001444 seconds
[2019-12-09T02:35:08.556+0000][1][safepoint    ] Entering safepoint region: Cleanup
[2019-12-09T02:35:08.557+0000][1][safepoint    ] Leaving safepoint region
[2019-12-09T02:35:08.557+0000][1][safepoint    ] Total time for which application threads were stopped: 0.0000780 seconds, Stopping threads took: 0.0000163 seconds
[2019-12-09T02:35:14.557+0000][1][safepoint    ] Application time: 6.0004210 seconds
[2019-12-09T02:35:14.557+0000][1][safepoint    ] Entering safepoint region: Cleanup
[2019-12-09T02:35:14.557+0000][1][safepoint    ] Leaving safepoint region
[2019-12-09T02:35:14.557+0000][1][safepoint    ] Total time for which application threads were stopped: 0.0000767 seconds, Stopping threads took: 0.0000154 seconds
[2019-12-09T02:35:15.557+0000][1][safepoint    ] Application time: 1.0000786 seconds
[2019-12-09T02:35:15.557+0000][1][safepoint    ] Entering safepoint region: Cleanup
[2019-12-09T02:35:15.557+0000][1][safepoint    ] Leaving safepoint region
[2019-12-09T02:35:15.557+0000][1][safepoint    ] Total time for which application threads were stopped: 0.0000757 seconds, Stopping threads took: 0.0000156 seconds
[2019-12-09T02:35:20.558+0000][1][safepoint    ] Application time: 5.0003380 seconds
[2019-12-09T02:35:20.558+0000][1][safepoint    ] Entering safepoint region: Cleanup
[2019-12-09T02:35:20.558+0000][1][safepoint    ] Leaving safepoint region
[2019-12-09T02:35:20.558+0000][1][safepoint    ] Total time for which application threads were stopped: 0.0000915 seconds, Stopping threads took: 0.0000161 seconds
[2019-12-09T02:35:22.558+0000][1][safepoint    ] Application time: 2.0001425 seconds
[2019-12-09T02:35:22.558+0000][1][safepoint    ] Entering safepoint region: Cleanup
[2019-12-09T02:35:22.558+0000][1][safepoint    ] Leaving safepoint region
[2019-12-09T02:35:22.558+0000][1][safepoint    ] Total time for which application threads were stopped: 0.0000790 seconds, Stopping threads took: 0.0000160 seconds
[2019-12-09T02:35:24.558+0000][1][safepoint    ] Application time: 2.0001457 seconds
[2019-12-09T02:35:24.558+0000][1][safepoint    ] Entering safepoint region: Cleanup
[2019-12-09T02:35:24.558+0000][1][safepoint    ] Leaving safepoint region
[2019-12-09T02:35:24.558+0000][1][safepoint    ] Total time for which application threads were stopped: 0.0000783 seconds, Stopping threads took: 0.0000168 seconds
[2019-12-09T02:35:25.558+0000][1][safepoint    ] Application time: 1.0000752 seconds
[2019-12-09T02:35:25.558+0000][1][safepoint    ] Entering safepoint region: Cleanup
[2019-12-09T02:35:25.558+0000][1][safepoint    ] Leaving safepoint region
[2019-12-09T02:35:25.558+0000][1][safepoint    ] Total time for which application threads were stopped: 0.0000790 seconds, Stopping threads took: 0.0000168 seconds
[2019-12-09T02:35:28.559+0000][1][safepoint    ] Application time: 3.0002098 seconds
[2019-12-09T02:35:28.559+0000][1][safepoint    ] Entering safepoint region: Cleanup
[2019-12-09T02:35:28.559+0000][1][safepoint    ] Leaving safepoint region
[2019-12-09T02:35:28.559+0000][1][safepoint    ] Total time for which application threads were stopped: 0.0000986 seconds, Stopping threads took: 0.0000337 seconds
[2019-12-09T02:35:29.559+0000][1][safepoint    ] Application time: 1.0000772 seconds
[2019-12-09T02:35:29.559+0000][1][safepoint    ] Entering safepoint region: Cleanup
[2019-12-09T02:35:29.559+0000][1][safepoint    ] Leaving safepoint region
[2019-12-09T02:35:29.559+0000][1][safepoint    ] Total time for which application threads were stopped: 0.0000795 seconds, Stopping threads took: 0.0000166 seconds
[2019-12-09T02:35:30.559+0000][1][safepoint    ] Application time: 1.0000770 seconds
[2019-12-09T02:35:30.559+0000][1][safepoint    ] Entering safepoint region: Cleanup
[2019-12-09T02:35:30.559+0000][1][safepoint    ] Leaving safepoint region
[2019-12-09T02:35:30.559+0000][1][safepoint    ] Total time for which application threads were stopped: 0.0000804 seconds, Stopping threads took: 0.0000168 seconds
[2019-12-09T02:35:32.559+0000][1][safepoint    ] Application time: 2.0001424 seconds
[2019-12-09T02:35:32.559+0000][1][safepoint    ] Entering safepoint region: Cleanup
[2019-12-09T02:35:32.559+0000][1][safepoint    ] Leaving safepoint region
[2019-12-09T02:35:32.559+0000][1][safepoint    ] Total time for which application threads were stopped: 0.0000812 seconds, Stopping threads took: 0.0000166 seconds
[2019-12-09T02:35:36.560+0000][1][safepoint    ] Application time: 4.0002784 seconds
[2019-12-09T02:35:36.560+0000][1][safepoint    ] Entering safepoint region: Cleanup
[2019-12-09T02:35:36.560+0000][1][safepoint    ] Leaving safepoint region
[2019-12-09T02:35:36.560+0000][1][safepoint    ] Total time for which application threads were stopped: 0.0000973 seconds, Stopping threads took: 0.0000284 seconds
[2019-12-09T02:35:40.560+0000][1][safepoint    ] Application time: 4.0002797 seconds
[2019-12-09T02:35:40.560+0000][1][safepoint    ] Entering safepoint region: Cleanup
[2019-12-09T02:35:40.560+0000][1][safepoint    ] Leaving safepoint region
[2019-12-09T02:35:40.560+0000][1][safepoint    ] Total time for which application threads were stopped: 0.0000882 seconds, Stopping threads took: 0.0000248 seconds
[2019-12-09T02:35:42.560+0000][1][safepoint    ] Application time: 2.0001447 seconds
[2019-12-09T02:35:42.560+0000][1][safepoint    ] Entering safepoint region: Cleanup
[2019-12-09T02:35:42.560+0000][1][safepoint    ] Leaving safepoint region
[2019-12-09T02:35:42.560+0000][1][safepoint    ] Total time for which application threads were stopped: 0.0000828 seconds, Stopping threads took: 0.0000166 seconds
[2019-12-09T02:35:43.561+0000][1][safepoint    ] Application time: 1.0000763 seconds
[2019-12-09T02:35:43.561+0000][1][safepoint    ] Entering safepoint region: Cleanup
[2019-12-09T02:35:43.561+0000][1][safepoint    ] Leaving safepoint region
[2019-12-09T02:35:43.561+0000][1][safepoint    ] Total time for which application threads were stopped: 0.0000805 seconds, Stopping threads took: 0.0000159 seconds
[2019-12-09T02:35:44.561+0000][1][safepoint    ] Application time: 1.0000778 seconds
[2019-12-09T02:35:44.561+0000][1][safepoint    ] Entering safepoint region: Cleanup
[2019-12-09T02:35:44.561+0000][1][safepoint    ] Leaving safepoint region
[2019-12-09T02:35:44.561+0000][1][safepoint    ] Total time for which application threads were stopped: 0.0000803 seconds, Stopping threads took: 0.0000159 seconds
[2019-12-09T02:35:44.987+0000][1][safepoint    ] Application time: 0.4265666 seconds
[2019-12-09T02:35:44.987+0000][1][safepoint    ] Entering safepoint region: GenCollectForAllocation
[2019-12-09T02:35:44.988+0000][1][gc,start     ] GC(25) Pause Young (Allocation Failure)
[2019-12-09T02:35:44.988+0000][1][gc,task      ] GC(25) Using 2 workers of 2 for evacuation
[2019-12-09T02:35:45.007+0000][1][gc,age       ] GC(25) Desired survivor size 4456448 bytes, new threshold 6 (max threshold 6)
[2019-12-09T02:35:45.007+0000][1][gc,age       ] GC(25) Age table with threshold 6 (max threshold 6)
[2019-12-09T02:35:45.007+0000][1][gc,age       ] GC(25) - age   1:      34296 bytes,      34296 total
[2019-12-09T02:35:45.007+0000][1][gc,age       ] GC(25) - age   2:    1844208 bytes,    1878504 total
[2019-12-09T02:35:45.007+0000][1][gc,heap      ] GC(25) ParNew: 76807K->5711K(78656K)
[2019-12-09T02:35:45.007+0000][1][gc,heap      ] GC(25) CMS: 63913K->67533K(174784K)
[2019-12-09T02:35:45.007+0000][1][gc,metaspace ] GC(25) Metaspace: 68589K->68589K(1112064K)
[2019-12-09T02:35:45.007+0000][1][gc           ] GC(25) Pause Young (Allocation Failure) 137M->71M(247M) 19.524ms
[2019-12-09T02:35:45.007+0000][1][gc,cpu       ] GC(25) User=0.04s Sys=0.00s Real=0.02s
[2019-12-09T02:35:45.007+0000][1][safepoint    ] Leaving safepoint region
[2019-12-09T02:35:45.007+0000][1][safepoint    ] Total time for which application threads were stopped: 0.0196725 seconds, Stopping threads took: 0.0000161 seconds
[2019-12-09T02:35:46.007+0000][1][safepoint    ] Application time: 1.0000920 seconds
[2019-12-09T02:35:46.007+0000][1][safepoint    ] Entering safepoint region: Cleanup
[2019-12-09T02:35:46.007+0000][1][safepoint    ] Leaving safepoint region
[2019-12-09T02:35:46.007+0000][1][safepoint    ] Total time for which application threads were stopped: 0.0000829 seconds, Stopping threads took: 0.0000168 seconds
[2019-12-09T02:35:51.008+0000][1][safepoint    ] Application time: 5.0003582 seconds
[2019-12-09T02:35:51.008+0000][1][safepoint    ] Entering safepoint region: Cleanup
[2019-12-09T02:35:51.008+0000][1][safepoint    ] Leaving safepoint region
[2019-12-09T02:35:51.008+0000][1][safepoint    ] Total time for which application threads were stopped: 0.0000901 seconds, Stopping threads took: 0.0000204 seconds
[2019-12-09T02:36:01.009+0000][1][safepoint    ] Application time: 10.0007030 seconds
[2019-12-09T02:36:01.009+0000][1][safepoint    ] Entering safepoint region: Cleanup
[2019-12-09T02:36:01.009+0000][1][safepoint    ] Leaving safepoint region
[2019-12-09T02:36:01.009+0000][1][safepoint    ] Total time for which application threads were stopped: 0.0000938 seconds, Stopping threads took: 0.0000169 seconds
[2019-12-09T02:36:05.009+0000][1][safepoint    ] Application time: 4.0002931 seconds
[2019-12-09T02:36:05.009+0000][1][safepoint    ] Entering safepoint region: Cleanup
[2019-12-09T02:36:05.009+0000][1][safepoint    ] Leaving safepoint region
[2019-12-09T02:36:05.009+0000][1][safepoint    ] Total time for which application threads were stopped: 0.0000855 seconds, Stopping threads took: 0.0000184 seconds
[2019-12-09T02:36:16.010+0000][1][safepoint    ] Application time: 11.0007843 seconds
[2019-12-09T02:36:16.010+0000][1][safepoint    ] Entering safepoint region: Cleanup
[2019-12-09T02:36:16.010+0000][1][safepoint    ] Leaving safepoint region
[2019-12-09T02:36:16.010+0000][1][safepoint    ] Total time for which application threads were stopped: 0.0000999 seconds, Stopping threads took: 0.0000256 seconds
[2019-12-09T02:36:18.010+0000][1][safepoint    ] Application time: 2.0001527 seconds
[2019-12-09T02:36:18.010+0000][1][safepoint    ] Entering safepoint region: Cleanup
[2019-12-09T02:36:18.010+0000][1][safepoint    ] Leaving safepoint region
[2019-12-09T02:36:18.010+0000][1][safepoint    ] Total time for which application threads were stopped: 0.0000883 seconds, Stopping threads took: 0.0000186 seconds
[2019-12-09T02:36:36.012+0000][1][safepoint    ] Application time: 18.0012864 seconds
[2019-12-09T02:36:36.012+0000][1][safepoint    ] Entering safepoint region: Cleanup
[2019-12-09T02:36:36.012+0000][1][safepoint    ] Leaving safepoint region
[2019-12-09T02:36:36.012+0000][1][safepoint    ] Total time for which application threads were stopped: 0.0000840 seconds, Stopping threads took: 0.0000179 seconds
[2019-12-09T02:36:37.012+0000][1][safepoint    ] Application time: 1.0000818 seconds
[2019-12-09T02:36:37.012+0000][1][safepoint    ] Entering safepoint region: Cleanup
[2019-12-09T02:36:37.012+0000][1][safepoint    ] Leaving safepoint region
[2019-12-09T02:36:37.012+0000][1][safepoint    ] Total time for which application threads were stopped: 0.0000840 seconds, Stopping threads took: 0.0000176 seconds
[2019-12-09T02:36:42.012+0000][1][safepoint    ] Application time: 5.0003788 seconds
[2019-12-09T02:36:42.012+0000][1][safepoint    ] Entering safepoint region: Cleanup
[2019-12-09T02:36:42.012+0000][1][safepoint    ] Leaving safepoint region
[2019-12-09T02:36:42.012+0000][1][safepoint    ] Total time for which application threads were stopped: 0.0000844 seconds, Stopping threads took: 0.0000183 seconds
[2019-12-09T02:36:43.012+0000][1][safepoint    ] Application time: 1.0000819 seconds
[2019-12-09T02:36:43.013+0000][1][safepoint    ] Entering safepoint region: Cleanup
[2019-12-09T02:36:43.013+0000][1][safepoint    ] Leaving safepoint region
[2019-12-09T02:36:43.013+0000][1][safepoint    ] Total time for which application threads were stopped: 0.0000937 seconds, Stopping threads took: 0.0000176 seconds
[2019-12-09T02:36:48.013+0000][1][safepoint    ] Application time: 5.0003733 seconds
[2019-12-09T02:36:48.013+0000][1][safepoint    ] Entering safepoint region: Cleanup
[2019-12-09T02:36:48.013+0000][1][safepoint    ] Leaving safepoint region
[2019-12-09T02:36:48.013+0000][1][safepoint    ] Total time for which application threads were stopped: 0.0000950 seconds, Stopping threads took: 0.0000263 seconds
[2019-12-09T02:36:54.014+0000][1][safepoint    ] Application time: 6.0004325 seconds
[2019-12-09T02:36:54.014+0000][1][safepoint    ] Entering safepoint region: Cleanup
[2019-12-09T02:36:54.014+0000][1][safepoint    ] Leaving safepoint region
[2019-12-09T02:36:54.014+0000][1][safepoint    ] Total time for which application threads were stopped: 0.0000948 seconds, Stopping threads took: 0.0000163 seconds
[2019-12-09T02:36:55.014+0000][1][safepoint    ] Application time: 1.0000805 seconds
[2019-12-09T02:36:55.014+0000][1][safepoint    ] Entering safepoint region: Cleanup
[2019-12-09T02:36:55.014+0000][1][safepoint    ] Leaving safepoint region
[2019-12-09T02:36:55.014+0000][1][safepoint    ] Total time for which application threads were stopped: 0.0000906 seconds, Stopping threads took: 0.0000169 seconds
[2019-12-09T02:37:00.014+0000][1][safepoint    ] Application time: 5.0003478 seconds
[2019-12-09T02:37:00.014+0000][1][safepoint    ] Entering safepoint region: Cleanup
[2019-12-09T02:37:00.014+0000][1][safepoint    ] Leaving safepoint region
[2019-12-09T02:37:00.014+0000][1][safepoint    ] Total time for which application threads were stopped: 0.0000870 seconds, Stopping threads took: 0.0000179 seconds
[2019-12-09T02:37:03.015+0000][1][safepoint    ] Application time: 3.0002129 seconds
[2019-12-09T02:37:03.015+0000][1][safepoint    ] Entering safepoint region: Cleanup
[2019-12-09T02:37:03.015+0000][1][safepoint    ] Leaving safepoint region
[2019-12-09T02:37:03.015+0000][1][safepoint    ] Total time for which application threads were stopped: 0.0000956 seconds, Stopping threads took: 0.0000172 seconds
[2019-12-09T02:37:06.015+0000][1][safepoint    ] Application time: 3.0002107 seconds
[2019-12-09T02:37:06.015+0000][1][safepoint    ] Entering safepoint region: Cleanup
[2019-12-09T02:37:06.015+0000][1][safepoint    ] Leaving safepoint region
[2019-12-09T02:37:06.015+0000][1][safepoint    ] Total time for which application threads were stopped: 0.0000868 seconds, Stopping threads took: 0.0000182 seconds
[2019-12-09T02:37:09.015+0000][1][safepoint    ] Application time: 3.0002171 seconds
[2019-12-09T02:37:09.015+0000][1][safepoint    ] Entering safepoint region: Cleanup
[2019-12-09T02:37:09.015+0000][1][safepoint    ] Leaving safepoint region
[2019-12-09T02:37:09.015+0000][1][safepoint    ] Total time for which application threads were stopped: 0.0000794 seconds, Stopping threads took: 0.0000145 seconds
[2019-12-09T02:37:13.016+0000][1][safepoint    ] Application time: 4.0002928 seconds
[2019-12-09T02:37:13.016+0000][1][safepoint    ] Entering safepoint region: Cleanup
[2019-12-09T02:37:13.016+0000][1][safepoint    ] Leaving safepoint region
[2019-12-09T02:37:13.016+0000][1][safepoint    ] Total time for which application threads were stopped: 0.0000830 seconds, Stopping threads took: 0.0000177 seconds
[2019-12-09T02:37:14.016+0000][1][safepoint    ] Application time: 1.0000822 seconds
[2019-12-09T02:37:14.016+0000][1][safepoint    ] Entering safepoint region: Cleanup
[2019-12-09T02:37:14.016+0000][1][safepoint    ] Leaving safepoint region
[2019-12-09T02:37:14.016+0000][1][safepoint    ] Total time for which application threads were stopped: 0.0000854 seconds, Stopping threads took: 0.0000181 seconds
[2019-12-09T02:37:17.016+0000][1][safepoint    ] Application time: 3.0002149 seconds
[2019-12-09T02:37:17.016+0000][1][safepoint    ] Entering safepoint region: Cleanup
[2019-12-09T02:37:17.016+0000][1][safepoint    ] Leaving safepoint region
[2019-12-09T02:37:17.016+0000][1][safepoint    ] Total time for which application threads were stopped: 0.0000801 seconds, Stopping threads took: 0.0000165 seconds
[2019-12-09T02:37:21.017+0000][1][safepoint    ] Application time: 4.0002878 seconds
[2019-12-09T02:37:21.017+0000][1][safepoint    ] Entering safepoint region: Cleanup
[2019-12-09T02:37:21.017+0000][1][safepoint    ] Leaving safepoint region
[2019-12-09T02:37:21.017+0000][1][safepoint    ] Total time for which application threads were stopped: 0.0000895 seconds, Stopping threads took: 0.0000264 seconds
[2019-12-09T02:37:26.017+0000][1][safepoint    ] Application time: 5.0003434 seconds
[2019-12-09T02:37:26.017+0000][1][safepoint    ] Entering safepoint region: Cleanup
[2019-12-09T02:37:26.017+0000][1][safepoint    ] Leaving safepoint region
[2019-12-09T02:37:26.017+0000][1][safepoint    ] Total time for which application threads were stopped: 0.0000803 seconds, Stopping threads took: 0.0000165 seconds
[2019-12-09T02:37:27.017+0000][1][safepoint    ] Application time: 1.0000849 seconds
[2019-12-09T02:37:27.017+0000][1][safepoint    ] Entering safepoint region: Cleanup
[2019-12-09T02:37:27.017+0000][1][safepoint    ] Leaving safepoint region
[2019-12-09T02:37:27.017+0000][1][safepoint    ] Total time for which application threads were stopped: 0.0000825 seconds, Stopping threads took: 0.0000179 seconds
[2019-12-09T02:37:30.018+0000][1][safepoint    ] Application time: 3.0003567 seconds
[2019-12-09T02:37:30.018+0000][1][safepoint    ] Entering safepoint region: Cleanup
[2019-12-09T02:37:30.018+0000][1][safepoint    ] Leaving safepoint region
[2019-12-09T02:37:30.018+0000][1][safepoint    ] Total time for which application threads were stopped: 0.0000925 seconds, Stopping threads took: 0.0000194 seconds
[2019-12-09T02:37:35.018+0000][1][safepoint    ] Application time: 5.0003568 seconds
[2019-12-09T02:37:35.018+0000][1][safepoint    ] Entering safepoint region: Cleanup
[2019-12-09T02:37:35.018+0000][1][safepoint    ] Leaving safepoint region
[2019-12-09T02:37:35.018+0000][1][safepoint    ] Total time for which application threads were stopped: 0.0000846 seconds, Stopping threads took: 0.0000182 seconds
[2019-12-09T02:37:39.019+0000][1][safepoint    ] Application time: 4.0002782 seconds
[2019-12-09T02:37:39.019+0000][1][safepoint    ] Entering safepoint region: Cleanup
[2019-12-09T02:37:39.019+0000][1][safepoint    ] Leaving safepoint region
[2019-12-09T02:37:39.019+0000][1][safepoint    ] Total time for which application threads were stopped: 0.0000813 seconds, Stopping threads took: 0.0000168 seconds
[2019-12-09T02:37:50.020+0000][1][safepoint    ] Application time: 11.0007361 seconds
[2019-12-09T02:37:50.020+0000][1][safepoint    ] Entering safepoint region: Cleanup
[2019-12-09T02:37:50.020+0000][1][safepoint    ] Leaving safepoint region
[2019-12-09T02:37:50.020+0000][1][safepoint    ] Total time for which application threads were stopped: 0.0000874 seconds, Stopping threads took: 0.0000250 seconds
[2019-12-09T02:37:51.020+0000][1][safepoint    ] Application time: 1.0000798 seconds
[2019-12-09T02:37:51.020+0000][1][safepoint    ] Entering safepoint region: Cleanup
[2019-12-09T02:37:51.020+0000][1][safepoint    ] Leaving safepoint region
[2019-12-09T02:37:51.020+0000][1][safepoint    ] Total time for which application threads were stopped: 0.0000838 seconds, Stopping threads took: 0.0000185 seconds
[2019-12-09T02:37:52.935+0000][1][safepoint    ] Application time: 1.9146853 seconds
[2019-12-09T02:37:52.935+0000][1][safepoint    ] Entering safepoint region: GenCollectForAllocation
[2019-12-09T02:37:52.935+0000][1][gc,start     ] GC(26) Pause Young (Allocation Failure)
[2019-12-09T02:37:52.935+0000][1][gc,task      ] GC(26) Using 2 workers of 2 for evacuation
[2019-12-09T02:37:52.941+0000][1][gc,age       ] GC(26) Desired survivor size 4456448 bytes, new threshold 6 (max threshold 6)
[2019-12-09T02:37:52.941+0000][1][gc,age       ] GC(26) Age table with threshold 6 (max threshold 6)
[2019-12-09T02:37:52.941+0000][1][gc,age       ] GC(26) - age   1:       8232 bytes,       8232 total
[2019-12-09T02:37:52.941+0000][1][gc,age       ] GC(26) - age   2:      29336 bytes,      37568 total
[2019-12-09T02:37:52.941+0000][1][gc,age       ] GC(26) - age   3:    1843768 bytes,    1881336 total
[2019-12-09T02:37:52.941+0000][1][gc,heap      ] GC(26) ParNew: 75663K->2829K(78656K)
[2019-12-09T02:37:52.941+0000][1][gc,heap      ] GC(26) CMS: 67533K->67533K(174784K)
[2019-12-09T02:37:52.941+0000][1][gc,metaspace ] GC(26) Metaspace: 68822K->68822K(1112064K)
[2019-12-09T02:37:52.941+0000][1][gc           ] GC(26) Pause Young (Allocation Failure) 139M->68M(247M) 6.426ms
[2019-12-09T02:37:52.941+0000][1][gc,cpu       ] GC(26) User=0.01s Sys=0.00s Real=0.00s
[2019-12-09T02:37:52.941+0000][1][safepoint    ] Leaving safepoint region
[2019-12-09T02:37:52.941+0000][1][safepoint    ] Total time for which application threads were stopped: 0.0066418 seconds, Stopping threads took: 0.0000228 seconds
[2019-12-09T02:37:56.942+0000][1][safepoint    ] Application time: 4.0002983 seconds
[2019-12-09T02:37:56.942+0000][1][safepoint    ] Entering safepoint region: Cleanup
[2019-12-09T02:37:56.942+0000][1][safepoint    ] Leaving safepoint region
[2019-12-09T02:37:56.942+0000][1][safepoint    ] Total time for which application threads were stopped: 0.0001373 seconds, Stopping threads took: 0.0000225 seconds
[2019-12-09T02:37:57.942+0000][1][safepoint    ] Application time: 1.0000794 seconds
[2019-12-09T02:37:57.942+0000][1][safepoint    ] Entering safepoint region: Cleanup
[2019-12-09T02:37:57.942+0000][1][safepoint    ] Leaving safepoint region
[2019-12-09T02:37:57.942+0000][1][safepoint    ] Total time for which application threads were stopped: 0.0001115 seconds, Stopping threads took: 0.0000241 seconds
[2019-12-09T02:38:00.943+0000][1][safepoint    ] Application time: 3.0007936 seconds
[2019-12-09T02:38:00.943+0000][1][safepoint    ] Entering safepoint region: Cleanup
[2019-12-09T02:38:00.943+0000][1][safepoint    ] Leaving safepoint region
[2019-12-09T02:38:00.943+0000][1][safepoint    ] Total time for which application threads were stopped: 0.0000756 seconds, Stopping threads took: 0.0000159 seconds
[2019-12-09T02:38:08.943+0000][1][safepoint    ] Application time: 8.0005661 seconds
[2019-12-09T02:38:08.943+0000][1][safepoint    ] Entering safepoint region: Cleanup
[2019-12-09T02:38:08.944+0000][1][safepoint    ] Leaving safepoint region
[2019-12-09T02:38:08.944+0000][1][safepoint    ] Total time for which application threads were stopped: 0.0000765 seconds, Stopping threads took: 0.0000150 seconds
[2019-12-09T02:38:13.944+0000][1][safepoint    ] Application time: 5.0003485 seconds
[2019-12-09T02:38:13.944+0000][1][safepoint    ] Entering safepoint region: Cleanup
[2019-12-09T02:38:13.944+0000][1][safepoint    ] Leaving safepoint region
[2019-12-09T02:38:13.944+0000][1][safepoint    ] Total time for which application threads were stopped: 0.0000758 seconds, Stopping threads took: 0.0000154 seconds
[2019-12-09T02:38:17.944+0000][1][safepoint    ] Application time: 4.0002737 seconds
[2019-12-09T02:38:17.944+0000][1][safepoint    ] Entering safepoint region: Cleanup
[2019-12-09T02:38:17.944+0000][1][safepoint    ] Leaving safepoint region
[2019-12-09T02:38:17.944+0000][1][safepoint    ] Total time for which application threads were stopped: 0.0000806 seconds, Stopping threads took: 0.0000152 seconds
[2019-12-09T02:38:19.945+0000][1][safepoint    ] Application time: 2.0001447 seconds
[2019-12-09T02:38:19.945+0000][1][safepoint    ] Entering safepoint region: Cleanup
[2019-12-09T02:38:19.945+0000][1][safepoint    ] Leaving safepoint region
[2019-12-09T02:38:19.945+0000][1][safepoint    ] Total time for which application threads were stopped: 0.0000839 seconds, Stopping threads took: 0.0000231 seconds
[2019-12-09T02:38:21.945+0000][1][safepoint    ] Application time: 2.0001278 seconds
[2019-12-09T02:38:21.945+0000][1][safepoint    ] Entering safepoint region: Cleanup
[2019-12-09T02:38:21.945+0000][1][safepoint    ] Leaving safepoint region
[2019-12-09T02:38:21.945+0000][1][safepoint    ] Total time for which application threads were stopped: 0.0001082 seconds, Stopping threads took: 0.0000240 seconds
[2019-12-09T02:38:30.946+0000][1][safepoint    ] Application time: 9.0006067 seconds
[2019-12-09T02:38:30.946+0000][1][safepoint    ] Entering safepoint region: Cleanup
[2019-12-09T02:38:30.946+0000][1][safepoint    ] Leaving safepoint region
[2019-12-09T02:38:30.946+0000][1][safepoint    ] Total time for which application threads were stopped: 0.0000832 seconds, Stopping threads took: 0.0000161 seconds
[2019-12-09T02:38:31.946+0000][1][safepoint    ] Application time: 1.0000772 seconds
[2019-12-09T02:38:31.946+0000][1][safepoint    ] Entering safepoint region: Cleanup
[2019-12-09T02:38:31.946+0000][1][safepoint    ] Leaving safepoint region
[2019-12-09T02:38:31.946+0000][1][safepoint    ] Total time for which application threads were stopped: 0.0000839 seconds, Stopping threads took: 0.0000172 seconds
[2019-12-09T02:38:47.947+0000][1][safepoint    ] Application time: 16.0010958 seconds
[2019-12-09T02:38:47.947+0000][1][safepoint    ] Entering safepoint region: Cleanup
[2019-12-09T02:38:47.947+0000][1][safepoint    ] Leaving safepoint region
[2019-12-09T02:38:47.947+0000][1][safepoint    ] Total time for which application threads were stopped: 0.0000844 seconds, Stopping threads took: 0.0000181 seconds
[2019-12-09T02:38:55.948+0000][1][safepoint    ] Application time: 8.0005449 seconds
[2019-12-09T02:38:55.948+0000][1][safepoint    ] Entering safepoint region: Cleanup
[2019-12-09T02:38:55.948+0000][1][safepoint    ] Leaving safepoint region
[2019-12-09T02:38:55.948+0000][1][safepoint    ] Total time for which application threads were stopped: 0.0001000 seconds, Stopping threads took: 0.0000256 seconds
[2019-12-09T02:38:59.948+0000][1][safepoint    ] Application time: 4.0002798 seconds
[2019-12-09T02:38:59.948+0000][1][safepoint    ] Entering safepoint region: Cleanup
[2019-12-09T02:38:59.948+0000][1][safepoint    ] Leaving safepoint region
[2019-12-09T02:38:59.948+0000][1][safepoint    ] Total time for which application threads were stopped: 0.0000811 seconds, Stopping threads took: 0.0000171 seconds
[2019-12-09T02:39:00.948+0000][1][safepoint    ] Application time: 1.0000774 seconds
[2019-12-09T02:39:00.948+0000][1][safepoint    ] Entering safepoint region: Cleanup
[2019-12-09T02:39:00.948+0000][1][safepoint    ] Leaving safepoint region
[2019-12-09T02:39:00.948+0000][1][safepoint    ] Total time for which application threads were stopped: 0.0000972 seconds, Stopping threads took: 0.0000193 seconds
[2019-12-09T02:39:03.949+0000][1][safepoint    ] Application time: 3.0002166 seconds
[2019-12-09T02:39:03.949+0000][1][safepoint    ] Entering safepoint region: Cleanup
[2019-12-09T02:39:03.949+0000][1][safepoint    ] Leaving safepoint region
[2019-12-09T02:39:03.949+0000][1][safepoint    ] Total time for which application threads were stopped: 0.0000951 seconds, Stopping threads took: 0.0000178 seconds
[2019-12-09T02:39:10.949+0000][1][safepoint    ] Application time: 7.0004851 seconds
[2019-12-09T02:39:10.949+0000][1][safepoint    ] Entering safepoint region: Cleanup
[2019-12-09T02:39:10.949+0000][1][safepoint    ] Leaving safepoint region
[2019-12-09T02:39:10.949+0000][1][safepoint    ] Total time for which application threads were stopped: 0.0000798 seconds, Stopping threads took: 0.0000165 seconds
[2019-12-09T02:39:12.949+0000][1][safepoint    ] Application time: 2.0001448 seconds
[2019-12-09T02:39:12.950+0000][1][safepoint    ] Entering safepoint region: Cleanup
[2019-12-09T02:39:12.950+0000][1][safepoint    ] Leaving safepoint region
[2019-12-09T02:39:12.950+0000][1][safepoint    ] Total time for which application threads were stopped: 0.0000819 seconds, Stopping threads took: 0.0000163 seconds
[2019-12-09T02:39:17.950+0000][1][safepoint    ] Application time: 5.0003459 seconds
[2019-12-09T02:39:17.950+0000][1][safepoint    ] Entering safepoint region: Cleanup
[2019-12-09T02:39:17.950+0000][1][safepoint    ] Leaving safepoint region
[2019-12-09T02:39:17.950+0000][1][safepoint    ] Total time for which application threads were stopped: 0.0000847 seconds, Stopping threads took: 0.0000170 seconds
[2019-12-09T02:39:34.951+0000][1][safepoint    ] Application time: 17.0011837 seconds
[2019-12-09T02:39:34.951+0000][1][safepoint    ] Entering safepoint region: Cleanup
[2019-12-09T02:39:34.951+0000][1][safepoint    ] Leaving safepoint region
[2019-12-09T02:39:34.951+0000][1][safepoint    ] Total time for which application threads were stopped: 0.0001067 seconds, Stopping threads took: 0.0000250 seconds
[2019-12-09T02:39:35.951+0000][1][safepoint    ] Application time: 1.0000749 seconds
[2019-12-09T02:39:35.952+0000][1][safepoint    ] Entering safepoint region: Cleanup
[2019-12-09T02:39:35.952+0000][1][safepoint    ] Leaving safepoint region
[2019-12-09T02:39:35.952+0000][1][safepoint    ] Total time for which application threads were stopped: 0.0000839 seconds, Stopping threads took: 0.0000173 seconds
[2019-12-09T02:39:39.952+0000][1][safepoint    ] Application time: 4.0002771 seconds
[2019-12-09T02:39:39.952+0000][1][safepoint    ] Entering safepoint region: Cleanup
[2019-12-09T02:39:39.952+0000][1][safepoint    ] Leaving safepoint region
[2019-12-09T02:39:39.952+0000][1][safepoint    ] Total time for which application threads were stopped: 0.0000837 seconds, Stopping threads took: 0.0000155 seconds
[2019-12-09T02:39:56.953+0000][1][safepoint    ] Application time: 17.0011425 seconds
[2019-12-09T02:39:56.953+0000][1][safepoint    ] Entering safepoint region: Cleanup
[2019-12-09T02:39:56.953+0000][1][safepoint    ] Leaving safepoint region
[2019-12-09T02:39:56.953+0000][1][safepoint    ] Total time for which application threads were stopped: 0.0000967 seconds, Stopping threads took: 0.0000262 seconds
[2019-12-09T02:40:00.107+0000][1][safepoint    ] Application time: 3.1532275 seconds
[2019-12-09T02:40:00.107+0000][1][safepoint    ] Entering safepoint region: GenCollectForAllocation
[2019-12-09T02:40:00.107+0000][1][gc,start     ] GC(27) Pause Young (Allocation Failure)
[2019-12-09T02:40:00.107+0000][1][gc,task      ] GC(27) Using 2 workers of 2 for evacuation
[2019-12-09T02:40:00.112+0000][1][gc,age       ] GC(27) Desired survivor size 4456448 bytes, new threshold 6 (max threshold 6)
[2019-12-09T02:40:00.112+0000][1][gc,age       ] GC(27) Age table with threshold 6 (max threshold 6)
[2019-12-09T02:40:00.112+0000][1][gc,age       ] GC(27) - age   1:       8608 bytes,       8608 total
[2019-12-09T02:40:00.112+0000][1][gc,age       ] GC(27) - age   2:       4224 bytes,      12832 total
[2019-12-09T02:40:00.112+0000][1][gc,age       ] GC(27) - age   3:      29120 bytes,      41952 total
[2019-12-09T02:40:00.112+0000][1][gc,age       ] GC(27) - age   4:    1746672 bytes,    1788624 total
[2019-12-09T02:40:00.112+0000][1][gc,heap      ] GC(27) ParNew: 72781K->2774K(78656K)
[2019-12-09T02:40:00.112+0000][1][gc,heap      ] GC(27) CMS: 67533K->67533K(174784K)
[2019-12-09T02:40:00.112+0000][1][gc,metaspace ] GC(27) Metaspace: 68929K->68929K(1112064K)
[2019-12-09T02:40:00.112+0000][1][gc           ] GC(27) Pause Young (Allocation Failure) 137M->68M(247M) 5.620ms
[2019-12-09T02:40:00.112+0000][1][gc,cpu       ] GC(27) User=0.01s Sys=0.00s Real=0.00s
[2019-12-09T02:40:00.112+0000][1][safepoint    ] Leaving safepoint region
[2019-12-09T02:40:00.112+0000][1][safepoint    ] Total time for which application threads were stopped: 0.0057766 seconds, Stopping threads took: 0.0000161 seconds
[2019-12-09T02:40:03.113+0000][1][safepoint    ] Application time: 3.0002252 seconds
[2019-12-09T02:40:03.113+0000][1][safepoint    ] Entering safepoint region: Cleanup
[2019-12-09T02:40:03.113+0000][1][safepoint    ] Leaving safepoint region
[2019-12-09T02:40:03.113+0000][1][safepoint    ] Total time for which application threads were stopped: 0.0000961 seconds, Stopping threads took: 0.0000177 seconds
[2019-12-09T02:40:04.113+0000][1][safepoint    ] Application time: 1.0000765 seconds
[2019-12-09T02:40:04.113+0000][1][safepoint    ] Entering safepoint region: Cleanup
[2019-12-09T02:40:04.113+0000][1][safepoint    ] Leaving safepoint region
[2019-12-09T02:40:04.113+0000][1][safepoint    ] Total time for which application threads were stopped: 0.0000871 seconds, Stopping threads took: 0.0000160 seconds
[2019-12-09T02:40:11.113+0000][1][safepoint    ] Application time: 7.0004837 seconds
[2019-12-09T02:40:11.113+0000][1][safepoint    ] Entering safepoint region: Cleanup
[2019-12-09T02:40:11.113+0000][1][safepoint    ] Leaving safepoint region
[2019-12-09T02:40:11.113+0000][1][safepoint    ] Total time for which application threads were stopped: 0.0000786 seconds, Stopping threads took: 0.0000159 seconds
[2019-12-09T02:40:24.114+0000][1][safepoint    ] Application time: 13.0008910 seconds
[2019-12-09T02:40:24.114+0000][1][safepoint    ] Entering safepoint region: Cleanup
[2019-12-09T02:40:24.115+0000][1][safepoint    ] Leaving safepoint region
[2019-12-09T02:40:24.115+0000][1][safepoint    ] Total time for which application threads were stopped: 0.0000886 seconds, Stopping threads took: 0.0000239 seconds
[2019-12-09T02:40:25.115+0000][1][safepoint    ] Application time: 1.0000787 seconds
[2019-12-09T02:40:25.115+0000][1][safepoint    ] Entering safepoint region: Cleanup
[2019-12-09T02:40:25.115+0000][1][safepoint    ] Leaving safepoint region
[2019-12-09T02:40:25.115+0000][1][safepoint    ] Total time for which application threads were stopped: 0.0000896 seconds, Stopping threads took: 0.0000168 seconds
[2019-12-09T02:40:26.115+0000][1][safepoint    ] Application time: 1.0000793 seconds
[2019-12-09T02:40:26.115+0000][1][safepoint    ] Entering safepoint region: Cleanup
[2019-12-09T02:40:26.115+0000][1][safepoint    ] Leaving safepoint region
[2019-12-09T02:40:26.115+0000][1][safepoint    ] Total time for which application threads were stopped: 0.0000822 seconds, Stopping threads took: 0.0000162 seconds
[2019-12-09T02:40:36.116+0000][1][safepoint    ] Application time: 10.0006965 seconds
[2019-12-09T02:40:36.116+0000][1][safepoint    ] Entering safepoint region: Cleanup
[2019-12-09T02:40:36.116+0000][1][safepoint    ] Leaving safepoint region
[2019-12-09T02:40:36.116+0000][1][safepoint    ] Total time for which application threads were stopped: 0.0000954 seconds, Stopping threads took: 0.0000280 seconds
[2019-12-09T02:40:52.117+0000][1][safepoint    ] Application time: 16.0011287 seconds
[2019-12-09T02:40:52.117+0000][1][safepoint    ] Entering safepoint region: Cleanup
[2019-12-09T02:40:52.117+0000][1][safepoint    ] Leaving safepoint region
[2019-12-09T02:40:52.117+0000][1][safepoint    ] Total time for which application threads were stopped: 0.0000889 seconds, Stopping threads took: 0.0000246 seconds
[2019-12-09T02:40:59.117+0000][1][safepoint    ] Application time: 7.0004384 seconds
[2019-12-09T02:40:59.117+0000][1][safepoint    ] Entering safepoint region: Cleanup
[2019-12-09T02:40:59.118+0000][1][safepoint    ] Leaving safepoint region
[2019-12-09T02:40:59.118+0000][1][safepoint    ] Total time for which application threads were stopped: 0.0000759 seconds, Stopping threads took: 0.0000156 seconds
[2019-12-09T02:41:00.118+0000][1][safepoint    ] Application time: 1.0000800 seconds
[2019-12-09T02:41:00.118+0000][1][safepoint    ] Entering safepoint region: Cleanup
[2019-12-09T02:41:00.118+0000][1][safepoint    ] Leaving safepoint region
[2019-12-09T02:41:00.118+0000][1][safepoint    ] Total time for which application threads were stopped: 0.0000800 seconds, Stopping threads took: 0.0000159 seconds
[2019-12-09T02:41:02.118+0000][1][safepoint    ] Application time: 2.0001509 seconds
[2019-12-09T02:41:02.118+0000][1][safepoint    ] Entering safepoint region: Cleanup
[2019-12-09T02:41:02.118+0000][1][safepoint    ] Leaving safepoint region
[2019-12-09T02:41:02.118+0000][1][safepoint    ] Total time for which application threads were stopped: 0.0001111 seconds, Stopping threads took: 0.0000236 seconds
[2019-12-09T02:41:07.121+0000][1][safepoint    ] Application time: 5.0026090 seconds
[2019-12-09T02:41:07.121+0000][1][safepoint    ] Entering safepoint region: Cleanup
[2019-12-09T02:41:07.121+0000][1][safepoint    ] Leaving safepoint region
[2019-12-09T02:41:07.121+0000][1][safepoint    ] Total time for which application threads were stopped: 0.0001254 seconds, Stopping threads took: 0.0000251 seconds
[2019-12-09T02:41:09.121+0000][1][safepoint    ] Application time: 2.0001528 seconds
[2019-12-09T02:41:09.121+0000][1][safepoint    ] Entering safepoint region: Cleanup
[2019-12-09T02:41:09.121+0000][1][safepoint    ] Leaving safepoint region
[2019-12-09T02:41:09.121+0000][1][safepoint    ] Total time for which application threads were stopped: 0.0000864 seconds, Stopping threads took: 0.0000183 seconds
[2019-12-09T02:41:17.122+0000][1][safepoint    ] Application time: 8.0005709 seconds
[2019-12-09T02:41:17.122+0000][1][safepoint    ] Entering safepoint region: Cleanup
[2019-12-09T02:41:17.122+0000][1][safepoint    ] Leaving safepoint region
[2019-12-09T02:41:17.122+0000][1][safepoint    ] Total time for which application threads were stopped: 0.0000846 seconds, Stopping threads took: 0.0000170 seconds
[2019-12-09T02:41:22.122+0000][1][safepoint    ] Application time: 5.0003709 seconds
[2019-12-09T02:41:22.122+0000][1][safepoint    ] Entering safepoint region: Cleanup
[2019-12-09T02:41:22.122+0000][1][safepoint    ] Leaving safepoint region
[2019-12-09T02:41:22.122+0000][1][safepoint    ] Total time for which application threads were stopped: 0.0001257 seconds, Stopping threads took: 0.0000348 seconds
[2019-12-09T02:41:39.124+0000][1][safepoint    ] Application time: 17.0011680 seconds
[2019-12-09T02:41:39.124+0000][1][safepoint    ] Entering safepoint region: Cleanup
[2019-12-09T02:41:39.124+0000][1][safepoint    ] Leaving safepoint region
[2019-12-09T02:41:39.124+0000][1][safepoint    ] Total time for which application threads were stopped: 0.0000788 seconds, Stopping threads took: 0.0000165 seconds
[2019-12-09T02:41:44.124+0000][1][safepoint    ] Application time: 5.0003504 seconds
[2019-12-09T02:41:44.124+0000][1][safepoint    ] Entering safepoint region: Cleanup
[2019-12-09T02:41:44.124+0000][1][safepoint    ] Leaving safepoint region
[2019-12-09T02:41:44.124+0000][1][safepoint    ] Total time for which application threads were stopped: 0.0000796 seconds, Stopping threads took: 0.0000167 seconds
[2019-12-09T02:41:47.124+0000][1][safepoint    ] Application time: 3.0002141 seconds
[2019-12-09T02:41:47.124+0000][1][safepoint    ] Entering safepoint region: Cleanup
[2019-12-09T02:41:47.124+0000][1][safepoint    ] Leaving safepoint region
[2019-12-09T02:41:47.124+0000][1][safepoint    ] Total time for which application threads were stopped: 0.0000815 seconds, Stopping threads took: 0.0000164 seconds
[2019-12-09T02:42:08.926+0000][1][safepoint    ] Application time: 21.8016289 seconds
[2019-12-09T02:42:08.926+0000][1][safepoint    ] Entering safepoint region: GenCollectForAllocation
[2019-12-09T02:42:08.926+0000][1][gc,start     ] GC(28) Pause Young (Allocation Failure)
[2019-12-09T02:42:08.926+0000][1][gc,task      ] GC(28) Using 2 workers of 2 for evacuation
[2019-12-09T02:42:08.932+0000][1][gc,age       ] GC(28) Desired survivor size 4456448 bytes, new threshold 6 (max threshold 6)
[2019-12-09T02:42:08.932+0000][1][gc,age       ] GC(28) Age table with threshold 6 (max threshold 6)
[2019-12-09T02:42:08.932+0000][1][gc,age       ] GC(28) - age   1:       8456 bytes,       8456 total
[2019-12-09T02:42:08.932+0000][1][gc,age       ] GC(28) - age   2:       3816 bytes,      12272 total
[2019-12-09T02:42:08.932+0000][1][gc,age       ] GC(28) - age   3:       4008 bytes,      16280 total
[2019-12-09T02:42:08.932+0000][1][gc,age       ] GC(28) - age   4:      29120 bytes,      45400 total
[2019-12-09T02:42:08.932+0000][1][gc,age       ] GC(28) - age   5:    1746672 bytes,    1792072 total
[2019-12-09T02:42:08.932+0000][1][gc,heap      ] GC(28) ParNew: 72726K->2658K(78656K)
[2019-12-09T02:42:08.932+0000][1][gc,heap      ] GC(28) CMS: 67533K->67533K(174784K)
[2019-12-09T02:42:08.932+0000][1][gc,metaspace ] GC(28) Metaspace: 68978K->68978K(1112064K)
[2019-12-09T02:42:08.932+0000][1][gc           ] GC(28) Pause Young (Allocation Failure) 136M->68M(247M) 5.528ms
[2019-12-09T02:42:08.932+0000][1][gc,cpu       ] GC(28) User=0.01s Sys=0.00s Real=0.00s
[2019-12-09T02:42:08.932+0000][1][safepoint    ] Leaving safepoint region
[2019-12-09T02:42:08.932+0000][1][safepoint    ] Total time for which application threads were stopped: 0.0056944 seconds, Stopping threads took: 0.0000269 seconds
[2019-12-09T02:42:09.932+0000][1][safepoint    ] Application time: 1.0000835 seconds
[2019-12-09T02:42:09.932+0000][1][safepoint    ] Entering safepoint region: Cleanup
[2019-12-09T02:42:09.932+0000][1][safepoint    ] Leaving safepoint region
[2019-12-09T02:42:09.932+0000][1][safepoint    ] Total time for which application threads were stopped: 0.0000838 seconds, Stopping threads took: 0.0000168 seconds
[2019-12-09T02:42:10.932+0000][1][safepoint    ] Application time: 1.0000757 seconds
[2019-12-09T02:42:10.932+0000][1][safepoint    ] Entering safepoint region: Cleanup
[2019-12-09T02:42:10.932+0000][1][safepoint    ] Leaving safepoint region
[2019-12-09T02:42:10.932+0000][1][safepoint    ] Total time for which application threads were stopped: 0.0000884 seconds, Stopping threads took: 0.0000165 seconds
[2019-12-09T02:42:14.933+0000][1][safepoint    ] Application time: 4.0002728 seconds
[2019-12-09T02:42:14.933+0000][1][safepoint    ] Entering safepoint region: Cleanup
[2019-12-09T02:42:14.933+0000][1][safepoint    ] Leaving safepoint region
[2019-12-09T02:42:14.933+0000][1][safepoint    ] Total time for which application threads were stopped: 0.0000780 seconds, Stopping threads took: 0.0000181 seconds
[2019-12-09T02:42:16.933+0000][1][safepoint    ] Application time: 2.0001432 seconds
[2019-12-09T02:42:16.933+0000][1][safepoint    ] Entering safepoint region: Cleanup
[2019-12-09T02:42:16.933+0000][1][safepoint    ] Leaving safepoint region
[2019-12-09T02:42:16.933+0000][1][safepoint    ] Total time for which application threads were stopped: 0.0000843 seconds, Stopping threads took: 0.0000203 seconds
[2019-12-09T02:42:23.933+0000][1][safepoint    ] Application time: 7.0004808 seconds
[2019-12-09T02:42:23.933+0000][1][safepoint    ] Entering safepoint region: Cleanup
[2019-12-09T02:42:23.933+0000][1][safepoint    ] Leaving safepoint region
[2019-12-09T02:42:23.933+0000][1][safepoint    ] Total time for which application threads were stopped: 0.0000890 seconds, Stopping threads took: 0.0000245 seconds
[2019-12-09T02:42:24.934+0000][1][safepoint    ] Application time: 1.0000764 seconds
[2019-12-09T02:42:24.934+0000][1][safepoint    ] Entering safepoint region: Cleanup
[2019-12-09T02:42:24.934+0000][1][safepoint    ] Leaving safepoint region
[2019-12-09T02:42:24.934+0000][1][safepoint    ] Total time for which application threads were stopped: 0.0000913 seconds, Stopping threads took: 0.0000151 seconds
[2019-12-09T02:42:30.934+0000][1][safepoint    ] Application time: 6.0004117 seconds
[2019-12-09T02:42:30.934+0000][1][safepoint    ] Entering safepoint region: Cleanup
[2019-12-09T02:42:30.934+0000][1][safepoint    ] Leaving safepoint region
[2019-12-09T02:42:30.934+0000][1][safepoint    ] Total time for which application threads were stopped: 0.0000908 seconds, Stopping threads took: 0.0000165 seconds
[2019-12-09T02:42:32.934+0000][1][safepoint    ] Application time: 2.0001427 seconds
[2019-12-09T02:42:32.934+0000][1][safepoint    ] Entering safepoint region: Cleanup
[2019-12-09T02:42:32.935+0000][1][safepoint    ] Leaving safepoint region
[2019-12-09T02:42:32.935+0000][1][safepoint    ] Total time for which application threads were stopped: 0.0000931 seconds, Stopping threads took: 0.0000185 seconds
[2019-12-09T02:42:35.935+0000][1][safepoint    ] Application time: 3.0002203 seconds
[2019-12-09T02:42:35.935+0000][1][safepoint    ] Entering safepoint region: Cleanup
[2019-12-09T02:42:35.935+0000][1][safepoint    ] Leaving safepoint region
[2019-12-09T02:42:35.935+0000][1][safepoint    ] Total time for which application threads were stopped: 0.0000949 seconds, Stopping threads took: 0.0000220 seconds
[2019-12-09T02:42:39.935+0000][1][safepoint    ] Application time: 4.0002737 seconds
[2019-12-09T02:42:39.935+0000][1][safepoint    ] Entering safepoint region: Cleanup
[2019-12-09T02:42:39.935+0000][1][safepoint    ] Leaving safepoint region
[2019-12-09T02:42:39.935+0000][1][safepoint    ] Total time for which application threads were stopped: 0.0000832 seconds, Stopping threads took: 0.0000179 seconds
[2019-12-09T02:42:40.935+0000][1][safepoint    ] Application time: 1.0000765 seconds
[2019-12-09T02:42:40.935+0000][1][safepoint    ] Entering safepoint region: Cleanup
[2019-12-09T02:42:40.935+0000][1][safepoint    ] Leaving safepoint region
[2019-12-09T02:42:40.935+0000][1][safepoint    ] Total time for which application threads were stopped: 0.0000876 seconds, Stopping threads took: 0.0000161 seconds
[2019-12-09T02:42:49.936+0000][1][safepoint    ] Application time: 9.0006079 seconds
[2019-12-09T02:42:49.936+0000][1][safepoint    ] Entering safepoint region: Cleanup
[2019-12-09T02:42:49.936+0000][1][safepoint    ] Leaving safepoint region
[2019-12-09T02:42:49.936+0000][1][safepoint    ] Total time for which application threads were stopped: 0.0000942 seconds, Stopping threads took: 0.0000247 seconds
[2019-12-09T02:43:07.937+0000][1][safepoint    ] Application time: 18.0012214 seconds
[2019-12-09T02:43:07.938+0000][1][safepoint    ] Entering safepoint region: Cleanup
[2019-12-09T02:43:07.938+0000][1][safepoint    ] Leaving safepoint region
[2019-12-09T02:43:07.938+0000][1][safepoint    ] Total time for which application threads were stopped: 0.0000962 seconds, Stopping threads took: 0.0000174 seconds
[2019-12-09T02:43:17.938+0000][1][safepoint    ] Application time: 10.0006825 seconds
[2019-12-09T02:43:17.938+0000][1][safepoint    ] Entering safepoint region: Cleanup
[2019-12-09T02:43:17.938+0000][1][safepoint    ] Leaving safepoint region
[2019-12-09T02:43:17.938+0000][1][safepoint    ] Total time for which application threads were stopped: 0.0000817 seconds, Stopping threads took: 0.0000166 seconds
[2019-12-09T02:43:25.939+0000][1][safepoint    ] Application time: 8.0005446 seconds
[2019-12-09T02:43:25.939+0000][1][safepoint    ] Entering safepoint region: Cleanup
[2019-12-09T02:43:25.939+0000][1][safepoint    ] Leaving safepoint region
[2019-12-09T02:43:25.939+0000][1][safepoint    ] Total time for which application threads were stopped: 0.0000943 seconds, Stopping threads took: 0.0000264 seconds
[2019-12-09T02:43:27.939+0000][1][safepoint    ] Application time: 2.0001446 seconds
[2019-12-09T02:43:27.939+0000][1][safepoint    ] Entering safepoint region: Cleanup
[2019-12-09T02:43:27.939+0000][1][safepoint    ] Leaving safepoint region
[2019-12-09T02:43:27.939+0000][1][safepoint    ] Total time for which application threads were stopped: 0.0000844 seconds, Stopping threads took: 0.0000168 seconds
[2019-12-09T02:43:36.940+0000][1][safepoint    ] Application time: 9.0006107 seconds
[2019-12-09T02:43:36.940+0000][1][safepoint    ] Entering safepoint region: Cleanup
[2019-12-09T02:43:36.940+0000][1][safepoint    ] Leaving safepoint region
[2019-12-09T02:43:36.940+0000][1][safepoint    ] Total time for which application threads were stopped: 0.0000852 seconds, Stopping threads took: 0.0000165 seconds
[2019-12-09T02:43:37.940+0000][1][safepoint    ] Application time: 1.0000771 seconds
[2019-12-09T02:43:37.940+0000][1][safepoint    ] Entering safepoint region: Cleanup
[2019-12-09T02:43:37.940+0000][1][safepoint    ] Leaving safepoint region
[2019-12-09T02:43:37.940+0000][1][safepoint    ] Total time for which application threads were stopped: 0.0000851 seconds, Stopping threads took: 0.0000158 seconds
[2019-12-09T02:43:39.940+0000][1][safepoint    ] Application time: 2.0001433 seconds
[2019-12-09T02:43:39.941+0000][1][safepoint    ] Entering safepoint region: Cleanup
[2019-12-09T02:43:39.941+0000][1][safepoint    ] Leaving safepoint region
[2019-12-09T02:43:39.941+0000][1][safepoint    ] Total time for which application threads were stopped: 0.0000880 seconds, Stopping threads took: 0.0000176 seconds
[2019-12-09T02:43:41.941+0000][1][safepoint    ] Application time: 2.0001527 seconds
[2019-12-09T02:43:41.941+0000][1][safepoint    ] Entering safepoint region: Cleanup
[2019-12-09T02:43:41.941+0000][1][safepoint    ] Leaving safepoint region
[2019-12-09T02:43:41.941+0000][1][safepoint    ] Total time for which application threads were stopped: 0.0000860 seconds, Stopping threads took: 0.0000176 seconds
[2019-12-09T02:43:49.941+0000][1][safepoint    ] Application time: 8.0005449 seconds
[2019-12-09T02:43:49.941+0000][1][safepoint    ] Entering safepoint region: Cleanup
[2019-12-09T02:43:49.942+0000][1][safepoint    ] Leaving safepoint region
[2019-12-09T02:43:49.942+0000][1][safepoint    ] Total time for which application threads were stopped: 0.0000925 seconds, Stopping threads took: 0.0000260 seconds
[2019-12-09T02:43:50.942+0000][1][safepoint    ] Application time: 1.0000779 seconds
[2019-12-09T02:43:50.942+0000][1][safepoint    ] Entering safepoint region: Cleanup
[2019-12-09T02:43:50.942+0000][1][safepoint    ] Leaving safepoint region
[2019-12-09T02:43:50.942+0000][1][safepoint    ] Total time for which application threads were stopped: 0.0000865 seconds, Stopping threads took: 0.0000185 seconds
[2019-12-09T02:44:05.943+0000][1][safepoint    ] Application time: 15.0010235 seconds
[2019-12-09T02:44:05.943+0000][1][safepoint    ] Entering safepoint region: Cleanup
[2019-12-09T02:44:05.943+0000][1][safepoint    ] Leaving safepoint region
[2019-12-09T02:44:05.943+0000][1][safepoint    ] Total time for which application threads were stopped: 0.0000927 seconds, Stopping threads took: 0.0000174 seconds
[2019-12-09T02:44:09.943+0000][1][safepoint    ] Application time: 4.0002801 seconds
[2019-12-09T02:44:09.943+0000][1][safepoint    ] Entering safepoint region: Cleanup
[2019-12-09T02:44:09.943+0000][1][safepoint    ] Leaving safepoint region
[2019-12-09T02:44:09.943+0000][1][safepoint    ] Total time for which application threads were stopped: 0.0000841 seconds, Stopping threads took: 0.0000176 seconds
[2019-12-09T02:44:15.211+0000][1][safepoint    ] Application time: 5.2676913 seconds
[2019-12-09T02:44:15.211+0000][1][safepoint    ] Entering safepoint region: GenCollectForAllocation
[2019-12-09T02:44:15.211+0000][1][gc,start     ] GC(29) Pause Young (Allocation Failure)
[2019-12-09T02:44:15.211+0000][1][gc,task      ] GC(29) Using 2 workers of 2 for evacuation
[2019-12-09T02:44:15.217+0000][1][gc,age       ] GC(29) Desired survivor size 4456448 bytes, new threshold 6 (max threshold 6)
[2019-12-09T02:44:15.217+0000][1][gc,age       ] GC(29) Age table with threshold 6 (max threshold 6)
[2019-12-09T02:44:15.217+0000][1][gc,age       ] GC(29) - age   1:       7432 bytes,       7432 total
[2019-12-09T02:44:15.217+0000][1][gc,age       ] GC(29) - age   2:       4504 bytes,      11936 total
[2019-12-09T02:44:15.217+0000][1][gc,age       ] GC(29) - age   3:       3600 bytes,      15536 total
[2019-12-09T02:44:15.217+0000][1][gc,age       ] GC(29) - age   4:       4008 bytes,      19544 total
[2019-12-09T02:44:15.217+0000][1][gc,age       ] GC(29) - age   5:      29120 bytes,      48664 total
[2019-12-09T02:44:15.217+0000][1][gc,age       ] GC(29) - age   6:    1746672 bytes,    1795336 total
[2019-12-09T02:44:15.217+0000][1][gc,heap      ] GC(29) ParNew: 72610K->2633K(78656K)
[2019-12-09T02:44:15.217+0000][1][gc,heap      ] GC(29) CMS: 67533K->67533K(174784K)
[2019-12-09T02:44:15.217+0000][1][gc,metaspace ] GC(29) Metaspace: 68990K->68990K(1112064K)
[2019-12-09T02:44:15.217+0000][1][gc           ] GC(29) Pause Young (Allocation Failure) 136M->68M(247M) 5.809ms
[2019-12-09T02:44:15.217+0000][1][gc,cpu       ] GC(29) User=0.01s Sys=0.00s Real=0.01s
[2019-12-09T02:44:15.217+0000][1][safepoint    ] Leaving safepoint region
[2019-12-09T02:44:15.217+0000][1][safepoint    ] Total time for which application threads were stopped: 0.0059614 seconds, Stopping threads took: 0.0000168 seconds
[2019-12-09T02:44:21.217+0000][1][safepoint    ] Application time: 6.0004376 seconds
[2019-12-09T02:44:21.218+0000][1][safepoint    ] Entering safepoint region: Cleanup
[2019-12-09T02:44:21.218+0000][1][safepoint    ] Leaving safepoint region
[2019-12-09T02:44:21.218+0000][1][safepoint    ] Total time for which application threads were stopped: 0.0000818 seconds, Stopping threads took: 0.0000168 seconds
[2019-12-09T02:44:30.218+0000][1][safepoint    ] Application time: 9.0006151 seconds
[2019-12-09T02:44:30.218+0000][1][safepoint    ] Entering safepoint region: Cleanup
[2019-12-09T02:44:30.218+0000][1][safepoint    ] Leaving safepoint region
[2019-12-09T02:44:30.218+0000][1][safepoint    ] Total time for which application threads were stopped: 0.0000869 seconds, Stopping threads took: 0.0000248 seconds
[2019-12-09T02:44:44.219+0000][1][safepoint    ] Application time: 14.0009553 seconds
[2019-12-09T02:44:44.219+0000][1][safepoint    ] Entering safepoint region: Cleanup
[2019-12-09T02:44:44.219+0000][1][safepoint    ] Leaving safepoint region
[2019-12-09T02:44:44.219+0000][1][safepoint    ] Total time for which application threads were stopped: 0.0000817 seconds, Stopping threads took: 0.0000171 seconds
[2019-12-09T02:44:49.220+0000][1][safepoint    ] Application time: 5.0003541 seconds
[2019-12-09T02:44:49.220+0000][1][safepoint    ] Entering safepoint region: Cleanup
[2019-12-09T02:44:49.220+0000][1][safepoint    ] Leaving safepoint region
[2019-12-09T02:44:49.220+0000][1][safepoint    ] Total time for which application threads were stopped: 0.0000798 seconds, Stopping threads took: 0.0000177 seconds
[2019-12-09T02:44:52.220+0000][1][safepoint    ] Application time: 3.0002183 seconds
[2019-12-09T02:44:52.220+0000][1][safepoint    ] Entering safepoint region: Cleanup
[2019-12-09T02:44:52.220+0000][1][safepoint    ] Leaving safepoint region
[2019-12-09T02:44:52.220+0000][1][safepoint    ] Total time for which application threads were stopped: 0.0000815 seconds, Stopping threads took: 0.0000173 seconds
[2019-12-09T02:45:18.222+0000][1][safepoint    ] Application time: 26.0017832 seconds
[2019-12-09T02:45:18.222+0000][1][safepoint    ] Entering safepoint region: Cleanup
[2019-12-09T02:45:18.222+0000][1][safepoint    ] Leaving safepoint region
[2019-12-09T02:45:18.222+0000][1][safepoint    ] Total time for which application threads were stopped: 0.0001215 seconds, Stopping threads took: 0.0000337 seconds
[2019-12-09T02:45:23.223+0000][1][safepoint    ] Application time: 5.0003447 seconds
[2019-12-09T02:45:23.223+0000][1][safepoint    ] Entering safepoint region: Cleanup
[2019-12-09T02:45:23.223+0000][1][safepoint    ] Leaving safepoint region
[2019-12-09T02:45:23.223+0000][1][safepoint    ] Total time for which application threads were stopped: 0.0000840 seconds, Stopping threads took: 0.0000174 seconds
[2019-12-09T02:46:06.226+0000][1][safepoint    ] Application time: 43.0029598 seconds
[2019-12-09T02:46:06.226+0000][1][safepoint    ] Entering safepoint region: Cleanup
[2019-12-09T02:46:06.226+0000][1][safepoint    ] Leaving safepoint region
[2019-12-09T02:46:06.226+0000][1][safepoint    ] Total time for which application threads were stopped: 0.0001113 seconds, Stopping threads took: 0.0000460 seconds
[2019-12-09T02:46:09.226+0000][1][safepoint    ] Application time: 3.0002103 seconds
[2019-12-09T02:46:09.226+0000][1][safepoint    ] Entering safepoint region: Cleanup
[2019-12-09T02:46:09.226+0000][1][safepoint    ] Leaving safepoint region
[2019-12-09T02:46:09.226+0000][1][safepoint    ] Total time for which application threads were stopped: 0.0000798 seconds, Stopping threads took: 0.0000164 seconds
[2019-12-09T02:46:24.356+0000][1][safepoint    ] Application time: 15.1302090 seconds
[2019-12-09T02:46:24.356+0000][1][safepoint    ] Entering safepoint region: GenCollectForAllocation
[2019-12-09T02:46:24.356+0000][1][gc,start     ] GC(30) Pause Young (Allocation Failure)
[2019-12-09T02:46:24.356+0000][1][gc,task      ] GC(30) Using 2 workers of 2 for evacuation
[2019-12-09T02:46:24.364+0000][1][gc,age       ] GC(30) Desired survivor size 4456448 bytes, new threshold 6 (max threshold 6)
[2019-12-09T02:46:24.364+0000][1][gc,age       ] GC(30) Age table with threshold 6 (max threshold 6)
[2019-12-09T02:46:24.364+0000][1][gc,age       ] GC(30) - age   1:       4648 bytes,       4648 total
[2019-12-09T02:46:24.364+0000][1][gc,age       ] GC(30) - age   2:       3376 bytes,       8024 total
[2019-12-09T02:46:24.364+0000][1][gc,age       ] GC(30) - age   3:       4472 bytes,      12496 total
[2019-12-09T02:46:24.364+0000][1][gc,age       ] GC(30) - age   4:       3600 bytes,      16096 total
[2019-12-09T02:46:24.364+0000][1][gc,age       ] GC(30) - age   5:       4008 bytes,      20104 total
[2019-12-09T02:46:24.364+0000][1][gc,age       ] GC(30) - age   6:      29120 bytes,      49224 total
[2019-12-09T02:46:24.364+0000][1][gc,heap      ] GC(30) ParNew: 72585K->1753K(78656K)
[2019-12-09T02:46:24.364+0000][1][gc,heap      ] GC(30) CMS: 67533K->69288K(174784K)
[2019-12-09T02:46:24.364+0000][1][gc,metaspace ] GC(30) Metaspace: 68995K->68995K(1112064K)
[2019-12-09T02:46:24.364+0000][1][gc           ] GC(30) Pause Young (Allocation Failure) 136M->69M(247M) 7.151ms
[2019-12-09T02:46:24.364+0000][1][gc,cpu       ] GC(30) User=0.01s Sys=0.00s Real=0.00s
[2019-12-09T02:46:24.364+0000][1][safepoint    ] Leaving safepoint region
[2019-12-09T02:46:24.364+0000][1][safepoint    ] Total time for which application threads were stopped: 0.0072991 seconds, Stopping threads took: 0.0000243 seconds
[2019-12-09T02:46:35.365+0000][1][safepoint    ] Application time: 11.0008728 seconds
[2019-12-09T02:46:35.365+0000][1][safepoint    ] Entering safepoint region: Cleanup
[2019-12-09T02:46:35.365+0000][1][safepoint    ] Leaving safepoint region
[2019-12-09T02:46:35.365+0000][1][safepoint    ] Total time for which application threads were stopped: 0.0000861 seconds, Stopping threads took: 0.0000273 seconds
[2019-12-09T02:46:40.365+0000][1][safepoint    ] Application time: 5.0003598 seconds
[2019-12-09T02:46:40.365+0000][1][safepoint    ] Entering safepoint region: Cleanup
[2019-12-09T02:46:40.365+0000][1][safepoint    ] Leaving safepoint region
[2019-12-09T02:46:40.365+0000][1][safepoint    ] Total time for which application threads were stopped: 0.0000778 seconds, Stopping threads took: 0.0000172 seconds
[2019-12-09T02:46:41.365+0000][1][safepoint    ] Application time: 1.0000805 seconds
[2019-12-09T02:46:41.365+0000][1][safepoint    ] Entering safepoint region: Cleanup
[2019-12-09T02:46:41.365+0000][1][safepoint    ] Leaving safepoint region
[2019-12-09T02:46:41.365+0000][1][safepoint    ] Total time for which application threads were stopped: 0.0000800 seconds, Stopping threads took: 0.0000161 seconds
[2019-12-09T02:46:47.366+0000][1][safepoint    ] Application time: 6.0004791 seconds
[2019-12-09T02:46:47.366+0000][1][safepoint    ] Entering safepoint region: Cleanup
[2019-12-09T02:46:47.366+0000][1][safepoint    ] Leaving safepoint region
[2019-12-09T02:46:47.366+0000][1][safepoint    ] Total time for which application threads were stopped: 0.0001242 seconds, Stopping threads took: 0.0000370 seconds
[2019-12-09T02:46:51.366+0000][1][safepoint    ] Application time: 4.0002770 seconds
[2019-12-09T02:46:51.366+0000][1][safepoint    ] Entering safepoint region: Cleanup
[2019-12-09T02:46:51.366+0000][1][safepoint    ] Leaving safepoint region
[2019-12-09T02:46:51.366+0000][1][safepoint    ] Total time for which application threads were stopped: 0.0000889 seconds, Stopping threads took: 0.0000265 seconds
[2019-12-09T02:47:34.369+0000][1][safepoint    ] Application time: 43.0028643 seconds
[2019-12-09T02:47:34.369+0000][1][safepoint    ] Entering safepoint region: Cleanup
[2019-12-09T02:47:34.369+0000][1][safepoint    ] Leaving safepoint region
[2019-12-09T02:47:34.369+0000][1][safepoint    ] Total time for which application threads were stopped: 0.0000812 seconds, Stopping threads took: 0.0000241 seconds
[2019-12-09T02:47:35.369+0000][1][safepoint    ] Application time: 1.0000766 seconds
[2019-12-09T02:47:35.369+0000][1][safepoint    ] Entering safepoint region: Cleanup
[2019-12-09T02:47:35.370+0000][1][safepoint    ] Leaving safepoint region
[2019-12-09T02:47:35.370+0000][1][safepoint    ] Total time for which application threads were stopped: 0.0000820 seconds, Stopping threads took: 0.0000226 seconds
[2019-12-09T02:47:41.370+0000][1][safepoint    ] Application time: 6.0004107 seconds
[2019-12-09T02:47:41.370+0000][1][safepoint    ] Entering safepoint region: Cleanup
[2019-12-09T02:47:41.370+0000][1][safepoint    ] Leaving safepoint region
[2019-12-09T02:47:41.370+0000][1][safepoint    ] Total time for which application threads were stopped: 0.0000774 seconds, Stopping threads took: 0.0000163 seconds
[2019-12-09T02:47:45.370+0000][1][safepoint    ] Application time: 4.0002813 seconds
[2019-12-09T02:47:45.370+0000][1][safepoint    ] Entering safepoint region: Cleanup
[2019-12-09T02:47:45.370+0000][1][safepoint    ] Leaving safepoint region
[2019-12-09T02:47:45.370+0000][1][safepoint    ] Total time for which application threads were stopped: 0.0000793 seconds, Stopping threads took: 0.0000175 seconds
[2019-12-09T02:47:48.371+0000][1][safepoint    ] Application time: 3.0002114 seconds
[2019-12-09T02:47:48.371+0000][1][safepoint    ] Entering safepoint region: Cleanup
[2019-12-09T02:47:48.371+0000][1][safepoint    ] Leaving safepoint region
[2019-12-09T02:47:48.371+0000][1][safepoint    ] Total time for which application threads were stopped: 0.0000799 seconds, Stopping threads took: 0.0000166 seconds
[2019-12-09T02:47:55.371+0000][1][safepoint    ] Application time: 7.0004792 seconds
[2019-12-09T02:47:55.371+0000][1][safepoint    ] Entering safepoint region: Cleanup
[2019-12-09T02:47:55.371+0000][1][safepoint    ] Leaving safepoint region
[2019-12-09T02:47:55.371+0000][1][safepoint    ] Total time for which application threads were stopped: 0.0000848 seconds, Stopping threads took: 0.0000264 seconds
[2019-12-09T02:48:02.372+0000][1][safepoint    ] Application time: 7.0004774 seconds
[2019-12-09T02:48:02.372+0000][1][safepoint    ] Entering safepoint region: Cleanup
[2019-12-09T02:48:02.372+0000][1][safepoint    ] Leaving safepoint region
[2019-12-09T02:48:02.372+0000][1][safepoint    ] Total time for which application threads were stopped: 0.0000787 seconds, Stopping threads took: 0.0000177 seconds
[2019-12-09T02:48:16.373+0000][1][safepoint    ] Application time: 14.0009498 seconds
[2019-12-09T02:48:16.373+0000][1][safepoint    ] Entering safepoint region: Cleanup
[2019-12-09T02:48:16.373+0000][1][safepoint    ] Leaving safepoint region
[2019-12-09T02:48:16.373+0000][1][safepoint    ] Total time for which application threads were stopped: 0.0000853 seconds, Stopping threads took: 0.0000258 seconds
[2019-12-09T02:48:30.310+0000][1][safepoint    ] Application time: 13.9371060 seconds
[2019-12-09T02:48:30.310+0000][1][safepoint    ] Entering safepoint region: GenCollectForAllocation
[2019-12-09T02:48:30.310+0000][1][gc,start     ] GC(31) Pause Young (Allocation Failure)
[2019-12-09T02:48:30.310+0000][1][gc,task      ] GC(31) Using 2 workers of 2 for evacuation
[2019-12-09T02:48:30.312+0000][1][gc,age       ] GC(31) Desired survivor size 4456448 bytes, new threshold 6 (max threshold 6)
[2019-12-09T02:48:30.312+0000][1][gc,age       ] GC(31) Age table with threshold 6 (max threshold 6)
[2019-12-09T02:48:30.312+0000][1][gc,age       ] GC(31) - age   1:       8728 bytes,       8728 total
[2019-12-09T02:48:30.312+0000][1][gc,age       ] GC(31) - age   2:        672 bytes,       9400 total
[2019-12-09T02:48:30.312+0000][1][gc,age       ] GC(31) - age   3:       3128 bytes,      12528 total
[2019-12-09T02:48:30.312+0000][1][gc,age       ] GC(31) - age   4:       4472 bytes,      17000 total
[2019-12-09T02:48:30.312+0000][1][gc,age       ] GC(31) - age   5:       3600 bytes,      20600 total
[2019-12-09T02:48:30.312+0000][1][gc,age       ] GC(31) - age   6:       4008 bytes,      24608 total
[2019-12-09T02:48:30.312+0000][1][gc,heap      ] GC(31) ParNew: 71705K->447K(78656K)
[2019-12-09T02:48:30.312+0000][1][gc,heap      ] GC(31) CMS: 69288K->69316K(174784K)
[2019-12-09T02:48:30.312+0000][1][gc,metaspace ] GC(31) Metaspace: 68997K->68997K(1112064K)
[2019-12-09T02:48:30.312+0000][1][gc           ] GC(31) Pause Young (Allocation Failure) 137M->68M(247M) 1.978ms
[2019-12-09T02:48:30.312+0000][1][gc,cpu       ] GC(31) User=0.00s Sys=0.00s Real=0.00s
[2019-12-09T02:48:30.312+0000][1][safepoint    ] Leaving safepoint region
[2019-12-09T02:48:30.312+0000][1][safepoint    ] Total time for which application threads were stopped: 0.0021218 seconds, Stopping threads took: 0.0000170 seconds
[2019-12-09T02:48:46.313+0000][1][safepoint    ] Application time: 16.0010993 seconds
[2019-12-09T02:48:46.314+0000][1][safepoint    ] Entering safepoint region: Cleanup
[2019-12-09T02:48:46.314+0000][1][safepoint    ] Leaving safepoint region
[2019-12-09T02:48:46.314+0000][1][safepoint    ] Total time for which application threads were stopped: 0.0000850 seconds, Stopping threads took: 0.0000258 seconds
[2019-12-09T02:49:07.315+0000][1][safepoint    ] Application time: 21.0014274 seconds
[2019-12-09T02:49:07.315+0000][1][safepoint    ] Entering safepoint region: Cleanup
[2019-12-09T02:49:07.315+0000][1][safepoint    ] Leaving safepoint region
[2019-12-09T02:49:07.315+0000][1][safepoint    ] Total time for which application threads were stopped: 0.0000753 seconds, Stopping threads took: 0.0000178 seconds
[2019-12-09T02:49:08.315+0000][1][safepoint    ] Application time: 1.0000770 seconds
[2019-12-09T02:49:08.315+0000][1][safepoint    ] Entering safepoint region: Cleanup
[2019-12-09T02:49:08.315+0000][1][safepoint    ] Leaving safepoint region
[2019-12-09T02:49:08.315+0000][1][safepoint    ] Total time for which application threads were stopped: 0.0000762 seconds, Stopping threads took: 0.0000182 seconds
[2019-12-09T02:49:11.316+0000][1][safepoint    ] Application time: 3.0002063 seconds
[2019-12-09T02:49:11.316+0000][1][safepoint    ] Entering safepoint region: Cleanup
[2019-12-09T02:49:11.316+0000][1][safepoint    ] Leaving safepoint region
[2019-12-09T02:49:11.316+0000][1][safepoint    ] Total time for which application threads were stopped: 0.0000838 seconds, Stopping threads took: 0.0000244 seconds
[2019-12-09T02:50:01.319+0000][1][safepoint    ] Application time: 50.0034008 seconds
[2019-12-09T02:50:01.319+0000][1][safepoint    ] Entering safepoint region: Cleanup
[2019-12-09T02:50:01.319+0000][1][safepoint    ] Leaving safepoint region
[2019-12-09T02:50:01.319+0000][1][safepoint    ] Total time for which application threads were stopped: 0.0001343 seconds, Stopping threads took: 0.0000396 seconds
[2019-12-09T02:50:02.243+0000][1][safepoint    ] Application time: 0.9233504 seconds
[2019-12-09T02:50:02.243+0000][1][safepoint    ] Entering safepoint region: RevokeBias
[2019-12-09T02:50:02.243+0000][1][safepoint    ] Leaving safepoint region
[2019-12-09T02:50:02.243+0000][1][safepoint    ] Total time for which application threads were stopped: 0.0001404 seconds, Stopping threads took: 0.0000236 seconds
[2019-12-09T02:50:02.243+0000][1][safepoint    ] Application time: 0.0001132 seconds
[2019-12-09T02:50:02.243+0000][1][safepoint    ] Entering safepoint region: RevokeBias
[2019-12-09T02:50:02.243+0000][1][safepoint    ] Leaving safepoint region
[2019-12-09T02:50:02.243+0000][1][safepoint    ] Total time for which application threads were stopped: 0.0000703 seconds, Stopping threads took: 0.0000122 seconds
[2019-12-09T02:50:02.251+0000][1][safepoint    ] Application time: 0.0080454 seconds
[2019-12-09T02:50:02.255+0000][1][safepoint    ] Entering safepoint region: RevokeBias
[2019-12-09T02:50:02.255+0000][1][safepoint    ] Leaving safepoint region
[2019-12-09T02:50:02.255+0000][1][safepoint    ] Total time for which application threads were stopped: 0.0037229 seconds, Stopping threads took: 0.0036495 seconds
[2019-12-09T02:50:02.261+0000][1][safepoint    ] Application time: 0.0063648 seconds
[2019-12-09T02:50:02.261+0000][1][safepoint    ] Entering safepoint region: RevokeBias
[2019-12-09T02:50:02.261+0000][1][safepoint    ] Leaving safepoint region
[2019-12-09T02:50:02.261+0000][1][safepoint    ] Total time for which application threads were stopped: 0.0000845 seconds, Stopping threads took: 0.0000157 seconds
[2019-12-09T02:50:02.261+0000][1][safepoint    ] Application time: 0.0001013 seconds
[2019-12-09T02:50:02.261+0000][1][safepoint    ] Entering safepoint region: RevokeBias
[2019-12-09T02:50:02.261+0000][1][safepoint    ] Leaving safepoint region
[2019-12-09T02:50:02.261+0000][1][safepoint    ] Total time for which application threads were stopped: 0.0000488 seconds, Stopping threads took: 0.0000092 seconds
[2019-12-09T02:50:02.262+0000][1][safepoint    ] Application time: 0.0005379 seconds
[2019-12-09T02:50:02.262+0000][1][safepoint    ] Entering safepoint region: RevokeBias
[2019-12-09T02:50:02.262+0000][1][safepoint    ] Leaving safepoint region
[2019-12-09T02:50:02.262+0000][1][safepoint    ] Total time for which application threads were stopped: 0.0000773 seconds, Stopping threads took: 0.0000116 seconds
[2019-12-09T02:50:02.276+0000][1][safepoint    ] Application time: 0.0136455 seconds
[2019-12-09T02:50:02.276+0000][1][safepoint    ] Entering safepoint region: RevokeBias
[2019-12-09T02:50:02.276+0000][1][safepoint    ] Leaving safepoint region
[2019-12-09T02:50:02.276+0000][1][safepoint    ] Total time for which application threads were stopped: 0.0000994 seconds, Stopping threads took: 0.0000190 seconds
[2019-12-09T02:50:02.276+0000][1][safepoint    ] Application time: 0.0002532 seconds
[2019-12-09T02:50:02.276+0000][1][safepoint    ] Entering safepoint region: RevokeBias
[2019-12-09T02:50:02.276+0000][1][safepoint    ] Leaving safepoint region
[2019-12-09T02:50:02.276+0000][1][safepoint    ] Total time for which application threads were stopped: 0.0000933 seconds, Stopping threads took: 0.0000272 seconds
[2019-12-09T02:50:02.280+0000][1][safepoint    ] Application time: 0.0041492 seconds
[2019-12-09T02:50:02.280+0000][1][safepoint    ] Entering safepoint region: RevokeBias
[2019-12-09T02:50:02.280+0000][1][safepoint    ] Leaving safepoint region
[2019-12-09T02:50:02.280+0000][1][safepoint    ] Total time for which application threads were stopped: 0.0000994 seconds, Stopping threads took: 0.0000158 seconds
[2019-12-09T02:50:02.284+0000][1][safepoint    ] Application time: 0.0029959 seconds
[2019-12-09T02:50:02.284+0000][1][safepoint    ] Entering safepoint region: RevokeBias
[2019-12-09T02:50:02.284+0000][1][safepoint    ] Leaving safepoint region
[2019-12-09T02:50:02.284+0000][1][safepoint    ] Total time for which application threads were stopped: 0.0000590 seconds, Stopping threads took: 0.0000130 seconds
[2019-12-09T02:50:02.284+0000][1][safepoint    ] Application time: 0.0000731 seconds
[2019-12-09T02:50:02.284+0000][1][safepoint    ] Entering safepoint region: RevokeBias
[2019-12-09T02:50:02.284+0000][1][safepoint    ] Leaving safepoint region
[2019-12-09T02:50:02.284+0000][1][safepoint    ] Total time for which application threads were stopped: 0.0000599 seconds, Stopping threads took: 0.0000225 seconds
[2019-12-09T02:50:02.284+0000][1][safepoint    ] Application time: 0.0001011 seconds
[2019-12-09T02:50:02.284+0000][1][safepoint    ] Entering safepoint region: RevokeBias
[2019-12-09T02:50:02.284+0000][1][safepoint    ] Leaving safepoint region
[2019-12-09T02:50:02.284+0000][1][safepoint    ] Total time for which application threads were stopped: 0.0000461 seconds, Stopping threads took: 0.0000093 seconds
[2019-12-09T02:50:02.284+0000][1][safepoint    ] Application time: 0.0000529 seconds
[2019-12-09T02:50:02.284+0000][1][safepoint    ] Entering safepoint region: RevokeBias
[2019-12-09T02:50:02.284+0000][1][safepoint    ] Leaving safepoint region
[2019-12-09T02:50:02.284+0000][1][safepoint    ] Total time for which application threads were stopped: 0.0000402 seconds, Stopping threads took: 0.0000085 seconds
[2019-12-09T02:50:02.284+0000][1][safepoint    ] Application time: 0.0002004 seconds
[2019-12-09T02:50:02.284+0000][1][safepoint    ] Entering safepoint region: RevokeBias
[2019-12-09T02:50:02.284+0000][1][safepoint    ] Leaving safepoint region
[2019-12-09T02:50:02.284+0000][1][safepoint    ] Total time for which application threads were stopped: 0.0000575 seconds, Stopping threads took: 0.0000125 seconds
[2019-12-09T02:50:02.284+0000][1][safepoint    ] Application time: 0.0000674 seconds
[2019-12-09T02:50:02.284+0000][1][safepoint    ] Entering safepoint region: RevokeBias
[2019-12-09T02:50:02.284+0000][1][safepoint    ] Leaving safepoint region
[2019-12-09T02:50:02.284+0000][1][safepoint    ] Total time for which application threads were stopped: 0.0000480 seconds, Stopping threads took: 0.0000093 seconds
[2019-12-09T02:50:02.285+0000][1][safepoint    ] Application time: 0.0003799 seconds
[2019-12-09T02:50:02.285+0000][1][safepoint    ] Entering safepoint region: RevokeBias
[2019-12-09T02:50:02.285+0000][1][safepoint    ] Leaving safepoint region
[2019-12-09T02:50:02.285+0000][1][safepoint    ] Total time for which application threads were stopped: 0.0000639 seconds, Stopping threads took: 0.0000131 seconds
[2019-12-09T02:50:02.388+0000][1][safepoint    ] Application time: 0.1026493 seconds
[2019-12-09T02:50:02.391+0000][1][safepoint    ] Entering safepoint region: RevokeBias
[2019-12-09T02:50:02.391+0000][1][safepoint    ] Leaving safepoint region
[2019-12-09T02:50:02.391+0000][1][safepoint    ] Total time for which application threads were stopped: 0.0033912 seconds, Stopping threads took: 0.0032926 seconds
[2019-12-09T02:50:02.408+0000][1][safepoint    ] Application time: 0.0169895 seconds
[2019-12-09T02:50:02.408+0000][1][safepoint    ] Entering safepoint region: RevokeBias
[2019-12-09T02:50:02.408+0000][1][safepoint    ] Leaving safepoint region
[2019-12-09T02:50:02.408+0000][1][safepoint    ] Total time for which application threads were stopped: 0.0000902 seconds, Stopping threads took: 0.0000169 seconds
[2019-12-09T02:50:02.409+0000][1][safepoint    ] Application time: 0.0006209 seconds
[2019-12-09T02:50:02.409+0000][1][safepoint    ] Entering safepoint region: RevokeBias
[2019-12-09T02:50:02.409+0000][1][safepoint    ] Leaving safepoint region
[2019-12-09T02:50:02.409+0000][1][safepoint    ] Total time for which application threads were stopped: 0.0000668 seconds, Stopping threads took: 0.0000133 seconds
[2019-12-09T02:50:02.409+0000][1][safepoint    ] Application time: 0.0000927 seconds
[2019-12-09T02:50:02.409+0000][1][safepoint    ] Entering safepoint region: RevokeBias
[2019-12-09T02:50:02.409+0000][1][safepoint    ] Leaving safepoint region
[2019-12-09T02:50:02.409+0000][1][safepoint    ] Total time for which application threads were stopped: 0.0000467 seconds, Stopping threads took: 0.0000091 seconds
[2019-12-09T02:50:02.409+0000][1][safepoint    ] Application time: 0.0002274 seconds
[2019-12-09T02:50:02.409+0000][1][safepoint    ] Entering safepoint region: RevokeBias
[2019-12-09T02:50:02.409+0000][1][safepoint    ] Leaving safepoint region
[2019-12-09T02:50:02.409+0000][1][safepoint    ] Total time for which application threads were stopped: 0.0000523 seconds, Stopping threads took: 0.0000103 seconds
[2019-12-09T02:50:02.409+0000][1][safepoint    ] Application time: 0.0000543 seconds
[2019-12-09T02:50:02.409+0000][1][safepoint    ] Entering safepoint region: RevokeBias
[2019-12-09T02:50:02.409+0000][1][safepoint    ] Leaving safepoint region
[2019-12-09T02:50:02.409+0000][1][safepoint    ] Total time for which application threads were stopped: 0.0000431 seconds, Stopping threads took: 0.0000088 seconds
[2019-12-09T02:50:02.410+0000][1][safepoint    ] Application time: 0.0007672 seconds
[2019-12-09T02:50:02.410+0000][1][safepoint    ] Entering safepoint region: RevokeBias
[2019-12-09T02:50:02.410+0000][1][safepoint    ] Leaving safepoint region
[2019-12-09T02:50:02.410+0000][1][safepoint    ] Total time for which application threads were stopped: 0.0000580 seconds, Stopping threads took: 0.0000126 seconds
[2019-12-09T02:50:02.410+0000][1][safepoint    ] Application time: 0.0000610 seconds
[2019-12-09T02:50:02.410+0000][1][safepoint    ] Entering safepoint region: RevokeBias
[2019-12-09T02:50:02.410+0000][1][safepoint    ] Leaving safepoint region
[2019-12-09T02:50:02.410+0000][1][safepoint    ] Total time for which application threads were stopped: 0.0000421 seconds, Stopping threads took: 0.0000089 seconds
[2019-12-09T02:50:02.410+0000][1][safepoint    ] Application time: 0.0000532 seconds
[2019-12-09T02:50:02.410+0000][1][safepoint    ] Entering safepoint region: RevokeBias
[2019-12-09T02:50:02.410+0000][1][safepoint    ] Leaving safepoint region
[2019-12-09T02:50:02.410+0000][1][safepoint    ] Total time for which application threads were stopped: 0.0000411 seconds, Stopping threads took: 0.0000090 seconds
[2019-12-09T02:50:02.411+0000][1][safepoint    ] Application time: 0.0000666 seconds
[2019-12-09T02:50:02.411+0000][1][safepoint    ] Entering safepoint region: RevokeBias
[2019-12-09T02:50:02.411+0000][1][safepoint    ] Leaving safepoint region
[2019-12-09T02:50:02.411+0000][1][safepoint    ] Total time for which application threads were stopped: 0.0000413 seconds, Stopping threads took: 0.0000091 seconds
[2019-12-09T02:50:02.411+0000][1][safepoint    ] Application time: 0.0000603 seconds
[2019-12-09T02:50:02.411+0000][1][safepoint    ] Entering safepoint region: RevokeBias
[2019-12-09T02:50:02.411+0000][1][safepoint    ] Leaving safepoint region
[2019-12-09T02:50:02.411+0000][1][safepoint    ] Total time for which application threads were stopped: 0.0000544 seconds, Stopping threads took: 0.0000077 seconds
[2019-12-09T02:50:02.411+0000][1][safepoint    ] Application time: 0.0000750 seconds
[2019-12-09T02:50:02.411+0000][1][safepoint    ] Entering safepoint region: RevokeBias
[2019-12-09T02:50:02.411+0000][1][safepoint    ] Leaving safepoint region
[2019-12-09T02:50:02.411+0000][1][safepoint    ] Total time for which application threads were stopped: 0.0000370 seconds, Stopping threads took: 0.0000079 seconds
[2019-12-09T02:50:02.418+0000][1][safepoint    ] Application time: 0.0067826 seconds
[2019-12-09T02:50:02.418+0000][1][safepoint    ] Entering safepoint region: RevokeBias
[2019-12-09T02:50:02.418+0000][1][safepoint    ] Leaving safepoint region
[2019-12-09T02:50:02.418+0000][1][safepoint    ] Total time for which application threads were stopped: 0.0001694 seconds, Stopping threads took: 0.0000140 seconds
[2019-12-09T02:50:02.418+0000][1][safepoint    ] Application time: 0.0004116 seconds
[2019-12-09T02:50:02.418+0000][1][safepoint    ] Entering safepoint region: BulkRevokeBias
[2019-12-09T02:50:02.419+0000][1][safepoint    ] Leaving safepoint region
[2019-12-09T02:50:02.419+0000][1][safepoint    ] Total time for which application threads were stopped: 0.0003360 seconds, Stopping threads took: 0.0000133 seconds
[2019-12-09T02:50:02.437+0000][1][safepoint    ] Application time: 0.0184157 seconds
[2019-12-09T02:50:02.437+0000][1][safepoint    ] Entering safepoint region: RevokeBias
[2019-12-09T02:50:02.437+0000][1][safepoint    ] Leaving safepoint region
[2019-12-09T02:50:02.437+0000][1][safepoint    ] Total time for which application threads were stopped: 0.0001132 seconds, Stopping threads took: 0.0000158 seconds
[2019-12-09T02:50:02.515+0000][1][safepoint    ] Application time: 0.0776940 seconds
[2019-12-09T02:50:02.515+0000][1][safepoint    ] Entering safepoint region: RevokeBias
[2019-12-09T02:50:02.515+0000][1][safepoint    ] Leaving safepoint region
[2019-12-09T02:50:02.515+0000][1][safepoint    ] Total time for which application threads were stopped: 0.0000767 seconds, Stopping threads took: 0.0000154 seconds
[2019-12-09T02:50:02.550+0000][1][safepoint    ] Application time: 0.0348428 seconds
[2019-12-09T02:50:02.550+0000][1][safepoint    ] Entering safepoint region: RevokeBias
[2019-12-09T02:50:02.550+0000][1][safepoint    ] Leaving safepoint region
[2019-12-09T02:50:02.550+0000][1][safepoint    ] Total time for which application threads were stopped: 0.0000949 seconds, Stopping threads took: 0.0000171 seconds
[2019-12-09T02:50:02.550+0000][1][safepoint    ] Application time: 0.0005303 seconds
[2019-12-09T02:50:02.551+0000][1][safepoint    ] Entering safepoint region: RevokeBias
[2019-12-09T02:50:02.551+0000][1][safepoint    ] Leaving safepoint region
[2019-12-09T02:50:02.551+0000][1][safepoint    ] Total time for which application threads were stopped: 0.0000704 seconds, Stopping threads took: 0.0000132 seconds
[2019-12-09T02:50:02.567+0000][1][safepoint    ] Application time: 0.0167740 seconds
[2019-12-09T02:50:02.567+0000][1][safepoint    ] Entering safepoint region: RevokeBias
[2019-12-09T02:50:02.567+0000][1][safepoint    ] Leaving safepoint region
[2019-12-09T02:50:02.567+0000][1][safepoint    ] Total time for which application threads were stopped: 0.0000713 seconds, Stopping threads took: 0.0000144 seconds
[2019-12-09T02:50:02.595+0000][1][safepoint    ] Application time: 0.0280081 seconds
[2019-12-09T02:50:02.596+0000][1][safepoint    ] Entering safepoint region: RevokeBias
[2019-12-09T02:50:02.596+0000][1][safepoint    ] Leaving safepoint region
[2019-12-09T02:50:02.596+0000][1][safepoint    ] Total time for which application threads were stopped: 0.0000434 seconds, Stopping threads took: 0.0000114 seconds
[2019-12-09T02:50:02.596+0000][1][safepoint    ] Application time: 0.0002073 seconds
[2019-12-09T02:50:02.596+0000][1][safepoint    ] Entering safepoint region: RevokeBias
[2019-12-09T02:50:02.596+0000][1][safepoint    ] Leaving safepoint region
[2019-12-09T02:50:02.596+0000][1][safepoint    ] Total time for which application threads were stopped: 0.0000377 seconds, Stopping threads took: 0.0000099 seconds
[2019-12-09T02:50:02.597+0000][1][safepoint    ] Application time: 0.0014452 seconds
[2019-12-09T02:50:02.597+0000][1][safepoint    ] Entering safepoint region: RevokeBias
[2019-12-09T02:50:02.597+0000][1][safepoint    ] Leaving safepoint region
[2019-12-09T02:50:02.597+0000][1][safepoint    ] Total time for which application threads were stopped: 0.0000519 seconds, Stopping threads took: 0.0000123 seconds
[2019-12-09T02:50:02.620+0000][1][gc,heap,exit ] Heap
[2019-12-09T02:50:02.620+0000][1][gc,heap,exit ]  par new generation   total 78656K, used 58760K [0x00000000f0000000, 0x00000000f5550000, 0x00000000f5550000)
[2019-12-09T02:50:02.620+0000][1][gc,heap,exit ]   eden space 69952K,  83% used [0x00000000f0000000, 0x00000000f38f2328, 0x00000000f4450000)
[2019-12-09T02:50:02.620+0000][1][gc,heap,exit ]   from space 8704K,   5% used [0x00000000f4cd0000, 0x00000000f4d3fde0, 0x00000000f5550000)
[2019-12-09T02:50:02.620+0000][1][gc,heap,exit ]   to   space 8704K,   0% used [0x00000000f4450000, 0x00000000f4450000, 0x00000000f4cd0000)
[2019-12-09T02:50:02.620+0000][1][gc,heap,exit ]  concurrent mark-sweep generation total 174784K, used 69316K [0x00000000f5550000, 0x0000000100000000, 0x0000000100000000)
[2019-12-09T02:50:02.620+0000][1][gc,heap,exit ]  Metaspace       used 69164K, capacity 74280K, committed 74368K, reserved 1112064K
[2019-12-09T02:50:02.620+0000][1][gc,heap,exit ]   class space    used 9335K, capacity 11525K, committed 11556K, reserved 1048576K
[2019-12-09T02:50:02.620+0000][1][safepoint    ] Application time: 0.0226197 seconds
[2019-12-09T02:50:02.620+0000][1][safepoint    ] Entering safepoint region: Exit
