[2019-12-09T03:37:58.198+0000][1][gc] Using Concurrent Mark Sweep
[2019-12-09T03:37:58.198+0000][1][gc,heap,coops] Heap address: 0x00000000f0000000, size: 256 MB, Compressed Oops mode: 32-bit
[2019-12-09T03:37:58.484+0000][1][safepoint    ] Entering safepoint region: EnableBiasedLocking
[2019-12-09T03:37:58.484+0000][1][safepoint    ] Leaving safepoint region
[2019-12-09T03:37:58.484+0000][1][safepoint    ] Total time for which application threads were stopped: 0.0004142 seconds, Stopping threads took: 0.0003376 seconds
[2019-12-09T03:37:58.497+0000][1][safepoint    ] Application time: 0.0077573 seconds
[2019-12-09T03:37:58.497+0000][1][safepoint    ] Entering safepoint region: RevokeBias
[2019-12-09T03:37:58.497+0000][1][safepoint    ] Leaving safepoint region
[2019-12-09T03:37:58.497+0000][1][safepoint    ] Total time for which application threads were stopped: 0.0000987 seconds, Stopping threads took: 0.0000357 seconds
[2019-12-09T03:37:58.582+0000][1][safepoint    ] Application time: 0.0854795 seconds
[2019-12-09T03:37:58.582+0000][1][safepoint    ] Entering safepoint region: Deoptimize
[2019-12-09T03:37:58.582+0000][1][safepoint    ] Leaving safepoint region
[2019-12-09T03:37:58.582+0000][1][safepoint    ] Total time for which application threads were stopped: 0.0000680 seconds, Stopping threads took: 0.0000116 seconds
[2019-12-09T03:37:59.545+0000][1][safepoint    ] Application time: 0.9626905 seconds
[2019-12-09T03:37:59.545+0000][1][safepoint    ] Entering safepoint region: Deoptimize
[2019-12-09T03:37:59.545+0000][1][safepoint    ] Leaving safepoint region
[2019-12-09T03:37:59.545+0000][1][safepoint    ] Total time for which application threads were stopped: 0.0001013 seconds, Stopping threads took: 0.0000115 seconds
[2019-12-09T03:38:00.582+0000][1][safepoint    ] Application time: 1.0373926 seconds
[2019-12-09T03:38:00.660+0000][1][safepoint    ] Entering safepoint region: Cleanup
[2019-12-09T03:38:00.660+0000][1][safepoint    ] Leaving safepoint region
[2019-12-09T03:38:00.660+0000][1][safepoint    ] Total time for which application threads were stopped: 0.0774073 seconds, Stopping threads took: 0.0773312 seconds
[2019-12-09T03:38:01.661+0000][1][safepoint    ] Application time: 1.0008204 seconds
[2019-12-09T03:38:01.661+0000][1][safepoint    ] Entering safepoint region: Cleanup
[2019-12-09T03:38:01.661+0000][1][safepoint    ] Leaving safepoint region
[2019-12-09T03:38:01.661+0000][1][safepoint    ] Total time for which application threads were stopped: 0.0001325 seconds, Stopping threads took: 0.0000658 seconds
[2019-12-09T03:38:02.201+0000][1][safepoint    ] Application time: 0.5397922 seconds
[2019-12-09T03:38:02.213+0000][1][safepoint    ] Entering safepoint region: Deoptimize
[2019-12-09T03:38:02.213+0000][1][safepoint    ] Leaving safepoint region
[2019-12-09T03:38:02.213+0000][1][safepoint    ] Total time for which application threads were stopped: 0.0121422 seconds, Stopping threads took: 0.0119885 seconds
[2019-12-09T03:38:02.504+0000][1][safepoint    ] Application time: 0.2908432 seconds
[2019-12-09T03:38:02.504+0000][1][safepoint    ] Entering safepoint region: Deoptimize
[2019-12-09T03:38:02.504+0000][1][safepoint    ] Leaving safepoint region
[2019-12-09T03:38:02.504+0000][1][safepoint    ] Total time for which application threads were stopped: 0.0001330 seconds, Stopping threads took: 0.0000112 seconds
[2019-12-09T03:38:02.818+0000][1][safepoint    ] Application time: 0.3138171 seconds
[2019-12-09T03:38:02.862+0000][1][safepoint    ] Entering safepoint region: Deoptimize
[2019-12-09T03:38:02.862+0000][1][safepoint    ] Leaving safepoint region
[2019-12-09T03:38:02.862+0000][1][safepoint    ] Total time for which application threads were stopped: 0.0441239 seconds, Stopping threads took: 0.0439668 seconds
[2019-12-09T03:38:02.981+0000][1][safepoint    ] Application time: 0.1189701 seconds
[2019-12-09T03:38:02.981+0000][1][safepoint    ] Entering safepoint region: Deoptimize
[2019-12-09T03:38:02.981+0000][1][safepoint    ] Leaving safepoint region
[2019-12-09T03:38:02.981+0000][1][safepoint    ] Total time for which application threads were stopped: 0.0001463 seconds, Stopping threads took: 0.0000109 seconds
[2019-12-09T03:38:03.993+0000][1][safepoint    ] Application time: 1.0123147 seconds
[2019-12-09T03:38:04.040+0000][1][safepoint    ] Entering safepoint region: Cleanup
[2019-12-09T03:38:04.040+0000][1][safepoint    ] Leaving safepoint region
[2019-12-09T03:38:04.040+0000][1][safepoint    ] Total time for which application threads were stopped: 0.0464153 seconds, Stopping threads took: 0.0463639 seconds
[2019-12-09T03:38:05.045+0000][1][safepoint    ] Application time: 1.0049006 seconds
[2019-12-09T03:38:05.045+0000][1][safepoint    ] Entering safepoint region: Cleanup
[2019-12-09T03:38:05.045+0000][1][safepoint    ] Leaving safepoint region
[2019-12-09T03:38:05.045+0000][1][safepoint    ] Total time for which application threads were stopped: 0.0000679 seconds, Stopping threads took: 0.0000137 seconds
[2019-12-09T03:38:06.087+0000][1][safepoint    ] Application time: 1.0418850 seconds
[2019-12-09T03:38:06.155+0000][1][safepoint    ] Entering safepoint region: Cleanup
[2019-12-09T03:38:06.155+0000][1][safepoint    ] Leaving safepoint region
[2019-12-09T03:38:06.155+0000][1][safepoint    ] Total time for which application threads were stopped: 0.0680496 seconds, Stopping threads took: 0.0679814 seconds
[2019-12-09T03:38:06.675+0000][1][safepoint    ] Application time: 0.5204456 seconds
[2019-12-09T03:38:06.675+0000][1][safepoint    ] Entering safepoint region: Deoptimize
[2019-12-09T03:38:06.675+0000][1][safepoint    ] Leaving safepoint region
[2019-12-09T03:38:06.676+0000][1][safepoint    ] Total time for which application threads were stopped: 0.0001900 seconds, Stopping threads took: 0.0000124 seconds
[2019-12-09T03:38:07.677+0000][1][safepoint    ] Application time: 1.0012864 seconds
[2019-12-09T03:38:07.677+0000][1][safepoint    ] Entering safepoint region: Cleanup
[2019-12-09T03:38:07.677+0000][1][safepoint    ] Leaving safepoint region
[2019-12-09T03:38:07.677+0000][1][safepoint    ] Total time for which application threads were stopped: 0.0000432 seconds, Stopping threads took: 0.0000131 seconds
[2019-12-09T03:38:08.697+0000][1][safepoint    ] Application time: 1.0199876 seconds
[2019-12-09T03:38:08.697+0000][1][safepoint    ] Entering safepoint region: Cleanup
[2019-12-09T03:38:08.697+0000][1][safepoint    ] Leaving safepoint region
[2019-12-09T03:38:08.697+0000][1][safepoint    ] Total time for which application threads were stopped: 0.0000537 seconds, Stopping threads took: 0.0000143 seconds
[2019-12-09T03:38:09.705+0000][1][safepoint    ] Application time: 1.0077276 seconds
[2019-12-09T03:38:09.744+0000][1][safepoint    ] Entering safepoint region: Cleanup
[2019-12-09T03:38:09.744+0000][1][safepoint    ] Leaving safepoint region
[2019-12-09T03:38:09.744+0000][1][safepoint    ] Total time for which application threads were stopped: 0.0396378 seconds, Stopping threads took: 0.0395363 seconds
[2019-12-09T03:38:09.938+0000][1][safepoint    ] Application time: 0.1937278 seconds
[2019-12-09T03:38:09.938+0000][1][safepoint    ] Entering safepoint region: Deoptimize
[2019-12-09T03:38:09.938+0000][1][safepoint    ] Leaving safepoint region
[2019-12-09T03:38:09.938+0000][1][safepoint    ] Total time for which application threads were stopped: 0.0002415 seconds, Stopping threads took: 0.0000113 seconds
[2019-12-09T03:38:10.855+0000][1][safepoint    ] Application time: 0.9168231 seconds
[2019-12-09T03:38:10.885+0000][1][safepoint    ] Entering safepoint region: Deoptimize
[2019-12-09T03:38:10.885+0000][1][safepoint    ] Leaving safepoint region
[2019-12-09T03:38:10.885+0000][1][safepoint    ] Total time for which application threads were stopped: 0.0297752 seconds, Stopping threads took: 0.0294825 seconds
[2019-12-09T03:38:10.885+0000][1][safepoint    ] Application time: 0.0001569 seconds
[2019-12-09T03:38:10.885+0000][1][safepoint    ] Entering safepoint region: Deoptimize
[2019-12-09T03:38:10.885+0000][1][safepoint    ] Leaving safepoint region
[2019-12-09T03:38:10.885+0000][1][safepoint    ] Total time for which application threads were stopped: 0.0001956 seconds, Stopping threads took: 0.0000091 seconds
[2019-12-09T03:38:11.127+0000][1][safepoint    ] Application time: 0.2420658 seconds
[2019-12-09T03:38:11.128+0000][1][safepoint    ] Entering safepoint region: Deoptimize
[2019-12-09T03:38:11.128+0000][1][safepoint    ] Leaving safepoint region
[2019-12-09T03:38:11.128+0000][1][safepoint    ] Total time for which application threads were stopped: 0.0002887 seconds, Stopping threads took: 0.0000126 seconds
[2019-12-09T03:38:11.171+0000][1][safepoint    ] Application time: 0.0428943 seconds
[2019-12-09T03:38:11.171+0000][1][safepoint    ] Entering safepoint region: RevokeBias
[2019-12-09T03:38:11.171+0000][1][safepoint    ] Leaving safepoint region
[2019-12-09T03:38:11.171+0000][1][safepoint    ] Total time for which application threads were stopped: 0.0001031 seconds, Stopping threads took: 0.0000545 seconds
[2019-12-09T03:38:11.171+0000][1][safepoint    ] Application time: 0.0000657 seconds
[2019-12-09T03:38:11.171+0000][1][safepoint    ] Entering safepoint region: RevokeBias
[2019-12-09T03:38:11.171+0000][1][safepoint    ] Leaving safepoint region
[2019-12-09T03:38:11.171+0000][1][safepoint    ] Total time for which application threads were stopped: 0.0000328 seconds, Stopping threads took: 0.0000084 seconds
[2019-12-09T03:38:11.171+0000][1][safepoint    ] Application time: 0.0000782 seconds
[2019-12-09T03:38:11.171+0000][1][safepoint    ] Entering safepoint region: RevokeBias
[2019-12-09T03:38:11.171+0000][1][safepoint    ] Leaving safepoint region
[2019-12-09T03:38:11.171+0000][1][safepoint    ] Total time for which application threads were stopped: 0.0000327 seconds, Stopping threads took: 0.0000086 seconds
[2019-12-09T03:38:11.171+0000][1][safepoint    ] Application time: 0.0001555 seconds
[2019-12-09T03:38:11.171+0000][1][safepoint    ] Entering safepoint region: RevokeBias
[2019-12-09T03:38:11.171+0000][1][safepoint    ] Leaving safepoint region
[2019-12-09T03:38:11.171+0000][1][safepoint    ] Total time for which application threads were stopped: 0.0000380 seconds, Stopping threads took: 0.0000092 seconds
[2019-12-09T03:38:12.183+0000][1][safepoint    ] Application time: 1.0114300 seconds
[2019-12-09T03:38:12.183+0000][1][safepoint    ] Entering safepoint region: Cleanup
[2019-12-09T03:38:12.183+0000][1][safepoint    ] Leaving safepoint region
[2019-12-09T03:38:12.183+0000][1][safepoint    ] Total time for which application threads were stopped: 0.0002305 seconds, Stopping threads took: 0.0001733 seconds
[2019-12-09T03:38:12.554+0000][1][safepoint    ] Application time: 0.3710256 seconds
[2019-12-09T03:38:12.554+0000][1][safepoint    ] Entering safepoint region: GenCollectForAllocation
[2019-12-09T03:38:12.554+0000][1][gc,start     ] GC(0) Pause Young (Allocation Failure)
[2019-12-09T03:38:12.554+0000][1][gc,task      ] GC(0) Using 2 workers of 2 for evacuation
[2019-12-09T03:38:12.653+0000][1][gc,age       ] GC(0) Desired survivor size 4456448 bytes, new threshold 1 (max threshold 6)
[2019-12-09T03:38:12.653+0000][1][gc,age       ] GC(0) Age table with threshold 1 (max threshold 6)
[2019-12-09T03:38:12.653+0000][1][gc,age       ] GC(0) - age   1:    6696872 bytes,    6696872 total
[2019-12-09T03:38:12.653+0000][1][gc,heap      ] GC(0) ParNew: 69952K->6585K(78656K)
[2019-12-09T03:38:12.653+0000][1][gc,heap      ] GC(0) CMS: 0K->0K(174784K)
[2019-12-09T03:38:12.653+0000][1][gc,metaspace ] GC(0) Metaspace: 12869K->12869K(1060864K)
[2019-12-09T03:38:12.653+0000][1][gc           ] GC(0) Pause Young (Allocation Failure) 68M->6M(247M) 98.996ms
[2019-12-09T03:38:12.653+0000][1][gc,cpu       ] GC(0) User=0.02s Sys=0.00s Real=0.10s
[2019-12-09T03:38:12.653+0000][1][safepoint    ] Leaving safepoint region
[2019-12-09T03:38:12.653+0000][1][safepoint    ] Total time for which application threads were stopped: 0.0991477 seconds, Stopping threads took: 0.0000141 seconds
[2019-12-09T03:38:12.680+0000][1][safepoint    ] Application time: 0.0264844 seconds
[2019-12-09T03:38:12.723+0000][1][safepoint    ] Entering safepoint region: RevokeBias
[2019-12-09T03:38:12.723+0000][1][safepoint    ] Leaving safepoint region
[2019-12-09T03:38:12.723+0000][1][safepoint    ] Total time for which application threads were stopped: 0.0432285 seconds, Stopping threads took: 0.0431331 seconds
[2019-12-09T03:38:12.723+0000][1][safepoint    ] Application time: 0.0001526 seconds
[2019-12-09T03:38:12.723+0000][1][safepoint    ] Entering safepoint region: RevokeBias
[2019-12-09T03:38:12.723+0000][1][safepoint    ] Leaving safepoint region
[2019-12-09T03:38:12.723+0000][1][safepoint    ] Total time for which application threads were stopped: 0.0000566 seconds, Stopping threads took: 0.0000102 seconds
[2019-12-09T03:38:12.723+0000][1][safepoint    ] Application time: 0.0000687 seconds
[2019-12-09T03:38:12.723+0000][1][safepoint    ] Entering safepoint region: RevokeBias
[2019-12-09T03:38:12.723+0000][1][safepoint    ] Leaving safepoint region
[2019-12-09T03:38:12.723+0000][1][safepoint    ] Total time for which application threads were stopped: 0.0000481 seconds, Stopping threads took: 0.0000087 seconds
[2019-12-09T03:38:12.723+0000][1][safepoint    ] Application time: 0.0000577 seconds
[2019-12-09T03:38:12.723+0000][1][safepoint    ] Entering safepoint region: RevokeBias
[2019-12-09T03:38:12.723+0000][1][safepoint    ] Leaving safepoint region
[2019-12-09T03:38:12.723+0000][1][safepoint    ] Total time for which application threads were stopped: 0.0000397 seconds, Stopping threads took: 0.0000071 seconds
[2019-12-09T03:38:12.724+0000][1][safepoint    ] Application time: 0.0000542 seconds
[2019-12-09T03:38:12.724+0000][1][safepoint    ] Entering safepoint region: RevokeBias
[2019-12-09T03:38:12.724+0000][1][safepoint    ] Leaving safepoint region
[2019-12-09T03:38:12.724+0000][1][safepoint    ] Total time for which application threads were stopped: 0.0000422 seconds, Stopping threads took: 0.0000070 seconds
[2019-12-09T03:38:12.724+0000][1][safepoint    ] Application time: 0.0000463 seconds
[2019-12-09T03:38:12.724+0000][1][safepoint    ] Entering safepoint region: RevokeBias
[2019-12-09T03:38:12.724+0000][1][safepoint    ] Leaving safepoint region
[2019-12-09T03:38:12.724+0000][1][safepoint    ] Total time for which application threads were stopped: 0.0000398 seconds, Stopping threads took: 0.0000069 seconds
[2019-12-09T03:38:12.724+0000][1][safepoint    ] Application time: 0.0000662 seconds
[2019-12-09T03:38:12.724+0000][1][safepoint    ] Entering safepoint region: RevokeBias
[2019-12-09T03:38:12.724+0000][1][safepoint    ] Leaving safepoint region
[2019-12-09T03:38:12.724+0000][1][safepoint    ] Total time for which application threads were stopped: 0.0000519 seconds, Stopping threads took: 0.0000075 seconds
[2019-12-09T03:38:12.724+0000][1][safepoint    ] Application time: 0.0000456 seconds
[2019-12-09T03:38:12.724+0000][1][safepoint    ] Entering safepoint region: RevokeBias
[2019-12-09T03:38:12.724+0000][1][safepoint    ] Leaving safepoint region
[2019-12-09T03:38:12.724+0000][1][safepoint    ] Total time for which application threads were stopped: 0.0000393 seconds, Stopping threads took: 0.0000070 seconds
[2019-12-09T03:38:12.724+0000][1][safepoint    ] Application time: 0.0000490 seconds
[2019-12-09T03:38:12.724+0000][1][safepoint    ] Entering safepoint region: RevokeBias
[2019-12-09T03:38:12.724+0000][1][safepoint    ] Leaving safepoint region
[2019-12-09T03:38:12.724+0000][1][safepoint    ] Total time for which application threads were stopped: 0.0000386 seconds, Stopping threads took: 0.0000069 seconds
[2019-12-09T03:38:12.724+0000][1][safepoint    ] Application time: 0.0000448 seconds
[2019-12-09T03:38:12.724+0000][1][safepoint    ] Entering safepoint region: RevokeBias
[2019-12-09T03:38:12.724+0000][1][safepoint    ] Leaving safepoint region
[2019-12-09T03:38:12.724+0000][1][safepoint    ] Total time for which application threads were stopped: 0.0000385 seconds, Stopping threads took: 0.0000069 seconds
[2019-12-09T03:38:12.724+0000][1][safepoint    ] Application time: 0.0000483 seconds
[2019-12-09T03:38:12.724+0000][1][safepoint    ] Entering safepoint region: RevokeBias
[2019-12-09T03:38:12.724+0000][1][safepoint    ] Leaving safepoint region
[2019-12-09T03:38:12.724+0000][1][safepoint    ] Total time for which application threads were stopped: 0.0000454 seconds, Stopping threads took: 0.0000132 seconds
[2019-12-09T03:38:12.724+0000][1][safepoint    ] Application time: 0.0000451 seconds
[2019-12-09T03:38:12.724+0000][1][safepoint    ] Entering safepoint region: RevokeBias
[2019-12-09T03:38:12.724+0000][1][safepoint    ] Leaving safepoint region
[2019-12-09T03:38:12.724+0000][1][safepoint    ] Total time for which application threads were stopped: 0.0000387 seconds, Stopping threads took: 0.0000070 seconds
[2019-12-09T03:38:12.724+0000][1][safepoint    ] Application time: 0.0000498 seconds
[2019-12-09T03:38:12.724+0000][1][safepoint    ] Entering safepoint region: RevokeBias
[2019-12-09T03:38:12.724+0000][1][safepoint    ] Leaving safepoint region
[2019-12-09T03:38:12.724+0000][1][safepoint    ] Total time for which application threads were stopped: 0.0000374 seconds, Stopping threads took: 0.0000069 seconds
[2019-12-09T03:38:12.724+0000][1][safepoint    ] Application time: 0.0000440 seconds
[2019-12-09T03:38:12.724+0000][1][safepoint    ] Entering safepoint region: RevokeBias
[2019-12-09T03:38:12.724+0000][1][safepoint    ] Leaving safepoint region
[2019-12-09T03:38:12.724+0000][1][safepoint    ] Total time for which application threads were stopped: 0.0000367 seconds, Stopping threads took: 0.0000069 seconds
[2019-12-09T03:38:12.725+0000][1][safepoint    ] Application time: 0.0000506 seconds
[2019-12-09T03:38:12.725+0000][1][safepoint    ] Entering safepoint region: RevokeBias
[2019-12-09T03:38:12.725+0000][1][safepoint    ] Leaving safepoint region
[2019-12-09T03:38:12.725+0000][1][safepoint    ] Total time for which application threads were stopped: 0.0000410 seconds, Stopping threads took: 0.0000073 seconds
[2019-12-09T03:38:12.725+0000][1][safepoint    ] Application time: 0.0000447 seconds
[2019-12-09T03:38:12.725+0000][1][safepoint    ] Entering safepoint region: RevokeBias
[2019-12-09T03:38:12.725+0000][1][safepoint    ] Leaving safepoint region
[2019-12-09T03:38:12.725+0000][1][safepoint    ] Total time for which application threads were stopped: 0.0000588 seconds, Stopping threads took: 0.0000086 seconds
[2019-12-09T03:38:12.725+0000][1][safepoint    ] Application time: 0.0000580 seconds
[2019-12-09T03:38:12.725+0000][1][safepoint    ] Entering safepoint region: RevokeBias
[2019-12-09T03:38:12.725+0000][1][safepoint    ] Leaving safepoint region
[2019-12-09T03:38:12.725+0000][1][safepoint    ] Total time for which application threads were stopped: 0.0000407 seconds, Stopping threads took: 0.0000073 seconds
[2019-12-09T03:38:12.725+0000][1][safepoint    ] Application time: 0.0000458 seconds
[2019-12-09T03:38:12.725+0000][1][safepoint    ] Entering safepoint region: RevokeBias
[2019-12-09T03:38:12.725+0000][1][safepoint    ] Leaving safepoint region
[2019-12-09T03:38:12.725+0000][1][safepoint    ] Total time for which application threads were stopped: 0.0000391 seconds, Stopping threads took: 0.0000071 seconds
[2019-12-09T03:38:12.725+0000][1][safepoint    ] Application time: 0.0000723 seconds
[2019-12-09T03:38:12.725+0000][1][safepoint    ] Entering safepoint region: RevokeBias
[2019-12-09T03:38:12.725+0000][1][safepoint    ] Leaving safepoint region
[2019-12-09T03:38:12.725+0000][1][safepoint    ] Total time for which application threads were stopped: 0.0000401 seconds, Stopping threads took: 0.0000071 seconds
[2019-12-09T03:38:12.725+0000][1][safepoint    ] Application time: 0.0000456 seconds
[2019-12-09T03:38:12.725+0000][1][safepoint    ] Entering safepoint region: RevokeBias
[2019-12-09T03:38:12.725+0000][1][safepoint    ] Leaving safepoint region
[2019-12-09T03:38:12.725+0000][1][safepoint    ] Total time for which application threads were stopped: 0.0000381 seconds, Stopping threads took: 0.0000070 seconds
[2019-12-09T03:38:12.725+0000][1][safepoint    ] Application time: 0.0000484 seconds
[2019-12-09T03:38:12.725+0000][1][safepoint    ] Entering safepoint region: RevokeBias
[2019-12-09T03:38:12.725+0000][1][safepoint    ] Leaving safepoint region
[2019-12-09T03:38:12.725+0000][1][safepoint    ] Total time for which application threads were stopped: 0.0000481 seconds, Stopping threads took: 0.0000156 seconds
[2019-12-09T03:38:12.725+0000][1][safepoint    ] Application time: 0.0000449 seconds
[2019-12-09T03:38:12.725+0000][1][safepoint    ] Entering safepoint region: RevokeBias
[2019-12-09T03:38:12.725+0000][1][safepoint    ] Leaving safepoint region
[2019-12-09T03:38:12.725+0000][1][safepoint    ] Total time for which application threads were stopped: 0.0000384 seconds, Stopping threads took: 0.0000070 seconds
[2019-12-09T03:38:12.725+0000][1][safepoint    ] Application time: 0.0000485 seconds
[2019-12-09T03:38:12.725+0000][1][safepoint    ] Entering safepoint region: RevokeBias
[2019-12-09T03:38:12.725+0000][1][safepoint    ] Leaving safepoint region
[2019-12-09T03:38:12.725+0000][1][safepoint    ] Total time for which application threads were stopped: 0.0000395 seconds, Stopping threads took: 0.0000072 seconds
[2019-12-09T03:38:12.726+0000][1][safepoint    ] Application time: 0.0000447 seconds
[2019-12-09T03:38:12.726+0000][1][safepoint    ] Entering safepoint region: RevokeBias
[2019-12-09T03:38:12.726+0000][1][safepoint    ] Leaving safepoint region
[2019-12-09T03:38:12.726+0000][1][safepoint    ] Total time for which application threads were stopped: 0.0000366 seconds, Stopping threads took: 0.0000063 seconds
[2019-12-09T03:38:12.726+0000][1][safepoint    ] Application time: 0.0000716 seconds
[2019-12-09T03:38:12.726+0000][1][safepoint    ] Entering safepoint region: RevokeBias
[2019-12-09T03:38:12.726+0000][1][safepoint    ] Leaving safepoint region
[2019-12-09T03:38:12.726+0000][1][safepoint    ] Total time for which application threads were stopped: 0.0000574 seconds, Stopping threads took: 0.0000069 seconds
[2019-12-09T03:38:12.726+0000][1][safepoint    ] Application time: 0.0000467 seconds
[2019-12-09T03:38:12.726+0000][1][safepoint    ] Entering safepoint region: RevokeBias
[2019-12-09T03:38:12.726+0000][1][safepoint    ] Leaving safepoint region
[2019-12-09T03:38:12.726+0000][1][safepoint    ] Total time for which application threads were stopped: 0.0000408 seconds, Stopping threads took: 0.0000072 seconds
[2019-12-09T03:38:12.726+0000][1][safepoint    ] Application time: 0.0003031 seconds
[2019-12-09T03:38:12.726+0000][1][safepoint    ] Entering safepoint region: RevokeBias
[2019-12-09T03:38:12.726+0000][1][safepoint    ] Leaving safepoint region
[2019-12-09T03:38:12.726+0000][1][safepoint    ] Total time for which application threads were stopped: 0.0000571 seconds, Stopping threads took: 0.0000103 seconds
[2019-12-09T03:38:12.726+0000][1][safepoint    ] Application time: 0.0000561 seconds
[2019-12-09T03:38:12.726+0000][1][safepoint    ] Entering safepoint region: RevokeBias
[2019-12-09T03:38:12.726+0000][1][safepoint    ] Leaving safepoint region
[2019-12-09T03:38:12.726+0000][1][safepoint    ] Total time for which application threads were stopped: 0.0000469 seconds, Stopping threads took: 0.0000083 seconds
[2019-12-09T03:38:12.726+0000][1][safepoint    ] Application time: 0.0000699 seconds
[2019-12-09T03:38:12.726+0000][1][safepoint    ] Entering safepoint region: RevokeBias
[2019-12-09T03:38:12.726+0000][1][safepoint    ] Leaving safepoint region
[2019-12-09T03:38:12.726+0000][1][safepoint    ] Total time for which application threads were stopped: 0.0000480 seconds, Stopping threads took: 0.0000085 seconds
[2019-12-09T03:38:12.727+0000][1][safepoint    ] Application time: 0.0000531 seconds
[2019-12-09T03:38:12.727+0000][1][safepoint    ] Entering safepoint region: RevokeBias
[2019-12-09T03:38:12.727+0000][1][safepoint    ] Leaving safepoint region
[2019-12-09T03:38:12.727+0000][1][safepoint    ] Total time for which application threads were stopped: 0.0000466 seconds, Stopping threads took: 0.0000082 seconds
[2019-12-09T03:38:13.778+0000][1][safepoint    ] Application time: 1.0512193 seconds
[2019-12-09T03:38:13.778+0000][1][safepoint    ] Entering safepoint region: Deoptimize
[2019-12-09T03:38:13.778+0000][1][safepoint    ] Leaving safepoint region
[2019-12-09T03:38:13.778+0000][1][safepoint    ] Total time for which application threads were stopped: 0.0004438 seconds, Stopping threads took: 0.0000211 seconds
[2019-12-09T03:38:14.779+0000][1][safepoint    ] Application time: 1.0004395 seconds
[2019-12-09T03:38:14.921+0000][1][safepoint    ] Entering safepoint region: Cleanup
[2019-12-09T03:38:14.921+0000][1][safepoint    ] Leaving safepoint region
[2019-12-09T03:38:14.921+0000][1][safepoint    ] Total time for which application threads were stopped: 0.1421719 seconds, Stopping threads took: 0.1420718 seconds
[2019-12-09T03:38:15.006+0000][1][safepoint    ] Application time: 0.0855599 seconds
[2019-12-09T03:38:15.007+0000][1][safepoint    ] Entering safepoint region: RevokeBias
[2019-12-09T03:38:15.007+0000][1][safepoint    ] Leaving safepoint region
[2019-12-09T03:38:15.007+0000][1][safepoint    ] Total time for which application threads were stopped: 0.0000894 seconds, Stopping threads took: 0.0000132 seconds
[2019-12-09T03:38:16.016+0000][1][safepoint    ] Application time: 1.0091021 seconds
[2019-12-09T03:38:16.058+0000][1][safepoint    ] Entering safepoint region: Cleanup
[2019-12-09T03:38:16.058+0000][1][safepoint    ] Leaving safepoint region
[2019-12-09T03:38:16.058+0000][1][safepoint    ] Total time for which application threads were stopped: 0.0420945 seconds, Stopping threads took: 0.0420186 seconds
[2019-12-09T03:38:16.679+0000][1][safepoint    ] Application time: 0.6206984 seconds
[2019-12-09T03:38:16.679+0000][1][safepoint    ] Entering safepoint region: GenCollectForAllocation
[2019-12-09T03:38:16.679+0000][1][gc,start     ] GC(1) Pause Young (Allocation Failure)
[2019-12-09T03:38:16.679+0000][1][gc,task      ] GC(1) Using 2 workers of 2 for evacuation
[2019-12-09T03:38:16.898+0000][1][gc,age       ] GC(1) Desired survivor size 4456448 bytes, new threshold 6 (max threshold 6)
[2019-12-09T03:38:16.898+0000][1][gc,age       ] GC(1) Age table with threshold 6 (max threshold 6)
[2019-12-09T03:38:16.898+0000][1][gc,age       ] GC(1) - age   1:    1194064 bytes,    1194064 total
[2019-12-09T03:38:16.898+0000][1][gc,heap      ] GC(1) ParNew: 76537K->4278K(78656K)
[2019-12-09T03:38:16.898+0000][1][gc,heap      ] GC(1) CMS: 0K->7042K(174784K)
[2019-12-09T03:38:16.898+0000][1][gc,metaspace ] GC(1) Metaspace: 14806K->14806K(1062912K)
[2019-12-09T03:38:16.898+0000][1][gc           ] GC(1) Pause Young (Allocation Failure) 74M->11M(247M) 218.948ms
[2019-12-09T03:38:16.898+0000][1][gc,cpu       ] GC(1) User=0.07s Sys=0.00s Real=0.22s
[2019-12-09T03:38:16.898+0000][1][safepoint    ] Leaving safepoint region
[2019-12-09T03:38:16.898+0000][1][safepoint    ] Total time for which application threads were stopped: 0.2191390 seconds, Stopping threads took: 0.0000129 seconds
[2019-12-09T03:38:16.905+0000][1][safepoint    ] Application time: 0.0073579 seconds
[2019-12-09T03:38:16.905+0000][1][safepoint    ] Entering safepoint region: BulkRevokeBias
[2019-12-09T03:38:16.905+0000][1][safepoint    ] Leaving safepoint region
[2019-12-09T03:38:16.905+0000][1][safepoint    ] Total time for which application threads were stopped: 0.0002967 seconds, Stopping threads took: 0.0001932 seconds
[2019-12-09T03:38:16.906+0000][1][safepoint    ] Application time: 0.0004638 seconds
[2019-12-09T03:38:16.906+0000][1][safepoint    ] Entering safepoint region: RevokeBias
[2019-12-09T03:38:16.906+0000][1][safepoint    ] Leaving safepoint region
[2019-12-09T03:38:16.906+0000][1][safepoint    ] Total time for which application threads were stopped: 0.0000628 seconds, Stopping threads took: 0.0000114 seconds
[2019-12-09T03:38:16.906+0000][1][safepoint    ] Application time: 0.0000611 seconds
[2019-12-09T03:38:16.906+0000][1][safepoint    ] Entering safepoint region: RevokeBias
[2019-12-09T03:38:16.906+0000][1][safepoint    ] Leaving safepoint region
[2019-12-09T03:38:16.906+0000][1][safepoint    ] Total time for which application threads were stopped: 0.0000472 seconds, Stopping threads took: 0.0000081 seconds
[2019-12-09T03:38:16.906+0000][1][safepoint    ] Application time: 0.0000772 seconds
[2019-12-09T03:38:16.906+0000][1][safepoint    ] Entering safepoint region: RevokeBias
[2019-12-09T03:38:16.906+0000][1][safepoint    ] Leaving safepoint region
[2019-12-09T03:38:16.906+0000][1][safepoint    ] Total time for which application threads were stopped: 0.0000436 seconds, Stopping threads took: 0.0000086 seconds
[2019-12-09T03:38:16.908+0000][1][safepoint    ] Application time: 0.0014469 seconds
[2019-12-09T03:38:16.908+0000][1][safepoint    ] Entering safepoint region: RevokeBias
[2019-12-09T03:38:16.908+0000][1][safepoint    ] Leaving safepoint region
[2019-12-09T03:38:16.908+0000][1][safepoint    ] Total time for which application threads were stopped: 0.0000593 seconds, Stopping threads took: 0.0000115 seconds
[2019-12-09T03:38:16.908+0000][1][safepoint    ] Application time: 0.0000687 seconds
[2019-12-09T03:38:16.908+0000][1][safepoint    ] Entering safepoint region: RevokeBias
[2019-12-09T03:38:16.908+0000][1][safepoint    ] Leaving safepoint region
[2019-12-09T03:38:16.908+0000][1][safepoint    ] Total time for which application threads were stopped: 0.0000377 seconds, Stopping threads took: 0.0000083 seconds
[2019-12-09T03:38:16.908+0000][1][safepoint    ] Application time: 0.0000507 seconds
[2019-12-09T03:38:16.908+0000][1][safepoint    ] Entering safepoint region: RevokeBias
[2019-12-09T03:38:16.908+0000][1][safepoint    ] Leaving safepoint region
[2019-12-09T03:38:16.908+0000][1][safepoint    ] Total time for which application threads were stopped: 0.0000353 seconds, Stopping threads took: 0.0000081 seconds
[2019-12-09T03:38:16.908+0000][1][safepoint    ] Application time: 0.0000558 seconds
[2019-12-09T03:38:16.908+0000][1][safepoint    ] Entering safepoint region: BulkRevokeBias
[2019-12-09T03:38:16.908+0000][1][safepoint    ] Leaving safepoint region
[2019-12-09T03:38:16.908+0000][1][safepoint    ] Total time for which application threads were stopped: 0.0000864 seconds, Stopping threads took: 0.0000069 seconds
[2019-12-09T03:38:16.908+0000][1][safepoint    ] Application time: 0.0000525 seconds
[2019-12-09T03:38:16.908+0000][1][safepoint    ] Entering safepoint region: RevokeBias
[2019-12-09T03:38:16.908+0000][1][safepoint    ] Leaving safepoint region
[2019-12-09T03:38:16.908+0000][1][safepoint    ] Total time for which application threads were stopped: 0.0000399 seconds, Stopping threads took: 0.0000086 seconds
[2019-12-09T03:38:16.908+0000][1][safepoint    ] Application time: 0.0000620 seconds
[2019-12-09T03:38:16.908+0000][1][safepoint    ] Entering safepoint region: BulkRevokeBias
[2019-12-09T03:38:16.908+0000][1][safepoint    ] Leaving safepoint region
[2019-12-09T03:38:16.908+0000][1][safepoint    ] Total time for which application threads were stopped: 0.0000579 seconds, Stopping threads took: 0.0000060 seconds
[2019-12-09T03:38:17.377+0000][1][safepoint    ] Application time: 0.4683022 seconds
[2019-12-09T03:38:17.377+0000][1][safepoint    ] Entering safepoint region: RevokeBias
[2019-12-09T03:38:17.377+0000][1][safepoint    ] Leaving safepoint region
[2019-12-09T03:38:17.377+0000][1][safepoint    ] Total time for which application threads were stopped: 0.0001127 seconds, Stopping threads took: 0.0000130 seconds
[2019-12-09T03:38:17.425+0000][1][safepoint    ] Application time: 0.0484778 seconds
[2019-12-09T03:38:17.425+0000][1][safepoint    ] Entering safepoint region: RevokeBias
[2019-12-09T03:38:17.425+0000][1][safepoint    ] Leaving safepoint region
[2019-12-09T03:38:17.425+0000][1][safepoint    ] Total time for which application threads were stopped: 0.0000880 seconds, Stopping threads took: 0.0000135 seconds
[2019-12-09T03:38:17.458+0000][1][safepoint    ] Application time: 0.0327729 seconds
[2019-12-09T03:38:17.458+0000][1][safepoint    ] Entering safepoint region: RevokeBias
[2019-12-09T03:38:17.458+0000][1][safepoint    ] Leaving safepoint region
[2019-12-09T03:38:17.458+0000][1][safepoint    ] Total time for which application threads were stopped: 0.0000765 seconds, Stopping threads took: 0.0000131 seconds
[2019-12-09T03:38:17.986+0000][1][safepoint    ] Application time: 0.5273180 seconds
[2019-12-09T03:38:17.986+0000][1][safepoint    ] Entering safepoint region: RevokeBias
[2019-12-09T03:38:17.986+0000][1][safepoint    ] Leaving safepoint region
[2019-12-09T03:38:17.986+0000][1][safepoint    ] Total time for which application threads were stopped: 0.0001340 seconds, Stopping threads took: 0.0000133 seconds
[2019-12-09T03:38:18.001+0000][1][safepoint    ] Application time: 0.0148345 seconds
[2019-12-09T03:38:18.001+0000][1][safepoint    ] Entering safepoint region: GenCollectForAllocation
[2019-12-09T03:38:18.001+0000][1][gc,start     ] GC(2) Pause Young (Allocation Failure)
[2019-12-09T03:38:18.001+0000][1][gc,task      ] GC(2) Using 2 workers of 2 for evacuation
[2019-12-09T03:38:18.023+0000][1][gc,age       ] GC(2) Desired survivor size 4456448 bytes, new threshold 6 (max threshold 6)
[2019-12-09T03:38:18.023+0000][1][gc,age       ] GC(2) Age table with threshold 6 (max threshold 6)
[2019-12-09T03:38:18.023+0000][1][gc,age       ] GC(2) - age   1:     881832 bytes,     881832 total
[2019-12-09T03:38:18.023+0000][1][gc,age       ] GC(2) - age   2:     925616 bytes,    1807448 total
[2019-12-09T03:38:18.023+0000][1][gc,heap      ] GC(2) ParNew: 74230K->2168K(78656K)
[2019-12-09T03:38:18.023+0000][1][gc,heap      ] GC(2) CMS: 7042K->7042K(174784K)
[2019-12-09T03:38:18.023+0000][1][gc,metaspace ] GC(2) Metaspace: 14903K->14903K(1062912K)
[2019-12-09T03:38:18.023+0000][1][gc           ] GC(2) Pause Young (Allocation Failure) 79M->8M(247M) 22.396ms
[2019-12-09T03:38:18.023+0000][1][gc,cpu       ] GC(2) User=0.01s Sys=0.00s Real=0.02s
[2019-12-09T03:38:18.023+0000][1][safepoint    ] Leaving safepoint region
[2019-12-09T03:38:18.023+0000][1][safepoint    ] Total time for which application threads were stopped: 0.0225317 seconds, Stopping threads took: 0.0000143 seconds
[2019-12-09T03:38:18.025+0000][1][safepoint    ] Application time: 0.0015640 seconds
[2019-12-09T03:38:18.104+0000][1][safepoint    ] Entering safepoint region: RevokeBias
[2019-12-09T03:38:18.104+0000][1][safepoint    ] Leaving safepoint region
[2019-12-09T03:38:18.104+0000][1][safepoint    ] Total time for which application threads were stopped: 0.0790150 seconds, Stopping threads took: 0.0789293 seconds
[2019-12-09T03:38:18.104+0000][1][safepoint    ] Application time: 0.0000763 seconds
[2019-12-09T03:38:18.104+0000][1][safepoint    ] Entering safepoint region: RevokeBias
[2019-12-09T03:38:18.104+0000][1][safepoint    ] Leaving safepoint region
[2019-12-09T03:38:18.104+0000][1][safepoint    ] Total time for which application threads were stopped: 0.0000594 seconds, Stopping threads took: 0.0000098 seconds
[2019-12-09T03:38:18.104+0000][1][safepoint    ] Application time: 0.0000765 seconds
[2019-12-09T03:38:18.104+0000][1][safepoint    ] Entering safepoint region: RevokeBias
[2019-12-09T03:38:18.104+0000][1][safepoint    ] Leaving safepoint region
[2019-12-09T03:38:18.104+0000][1][safepoint    ] Total time for which application threads were stopped: 0.0000492 seconds, Stopping threads took: 0.0000087 seconds
[2019-12-09T03:38:18.104+0000][1][safepoint    ] Application time: 0.0000522 seconds
[2019-12-09T03:38:18.104+0000][1][safepoint    ] Entering safepoint region: RevokeBias
[2019-12-09T03:38:18.104+0000][1][safepoint    ] Leaving safepoint region
[2019-12-09T03:38:18.104+0000][1][safepoint    ] Total time for which application threads were stopped: 0.0000474 seconds, Stopping threads took: 0.0000080 seconds
[2019-12-09T03:38:18.104+0000][1][safepoint    ] Application time: 0.0000625 seconds
[2019-12-09T03:38:18.104+0000][1][safepoint    ] Entering safepoint region: RevokeBias
[2019-12-09T03:38:18.104+0000][1][safepoint    ] Leaving safepoint region
[2019-12-09T03:38:18.104+0000][1][safepoint    ] Total time for which application threads were stopped: 0.0000456 seconds, Stopping threads took: 0.0000078 seconds
[2019-12-09T03:38:18.105+0000][1][safepoint    ] Application time: 0.0000540 seconds
[2019-12-09T03:38:18.105+0000][1][safepoint    ] Entering safepoint region: RevokeBias
[2019-12-09T03:38:18.105+0000][1][safepoint    ] Leaving safepoint region
[2019-12-09T03:38:18.105+0000][1][safepoint    ] Total time for which application threads were stopped: 0.0000559 seconds, Stopping threads took: 0.0000184 seconds
[2019-12-09T03:38:18.105+0000][1][safepoint    ] Application time: 0.0000601 seconds
[2019-12-09T03:38:18.105+0000][1][safepoint    ] Entering safepoint region: RevokeBias
[2019-12-09T03:38:18.105+0000][1][safepoint    ] Leaving safepoint region
[2019-12-09T03:38:18.105+0000][1][safepoint    ] Total time for which application threads were stopped: 0.0000743 seconds, Stopping threads took: 0.0000081 seconds
[2019-12-09T03:38:18.105+0000][1][safepoint    ] Application time: 0.0000534 seconds
[2019-12-09T03:38:18.105+0000][1][safepoint    ] Entering safepoint region: RevokeBias
[2019-12-09T03:38:18.105+0000][1][safepoint    ] Leaving safepoint region
[2019-12-09T03:38:18.105+0000][1][safepoint    ] Total time for which application threads were stopped: 0.0000404 seconds, Stopping threads took: 0.0000074 seconds
[2019-12-09T03:38:18.105+0000][1][safepoint    ] Application time: 0.0000621 seconds
[2019-12-09T03:38:18.105+0000][1][safepoint    ] Entering safepoint region: RevokeBias
[2019-12-09T03:38:18.105+0000][1][safepoint    ] Leaving safepoint region
[2019-12-09T03:38:18.105+0000][1][safepoint    ] Total time for which application threads were stopped: 0.0000432 seconds, Stopping threads took: 0.0000085 seconds
[2019-12-09T03:38:18.105+0000][1][safepoint    ] Application time: 0.0000516 seconds
[2019-12-09T03:38:18.105+0000][1][safepoint    ] Entering safepoint region: RevokeBias
[2019-12-09T03:38:18.105+0000][1][safepoint    ] Leaving safepoint region
[2019-12-09T03:38:18.105+0000][1][safepoint    ] Total time for which application threads were stopped: 0.0000398 seconds, Stopping threads took: 0.0000083 seconds
[2019-12-09T03:38:18.105+0000][1][safepoint    ] Application time: 0.0000591 seconds
[2019-12-09T03:38:18.105+0000][1][safepoint    ] Entering safepoint region: RevokeBias
[2019-12-09T03:38:18.105+0000][1][safepoint    ] Leaving safepoint region
[2019-12-09T03:38:18.105+0000][1][safepoint    ] Total time for which application threads were stopped: 0.0000411 seconds, Stopping threads took: 0.0000079 seconds
[2019-12-09T03:38:18.105+0000][1][safepoint    ] Application time: 0.0000508 seconds
[2019-12-09T03:38:18.105+0000][1][safepoint    ] Entering safepoint region: RevokeBias
[2019-12-09T03:38:18.105+0000][1][safepoint    ] Leaving safepoint region
[2019-12-09T03:38:18.105+0000][1][safepoint    ] Total time for which application threads were stopped: 0.0000396 seconds, Stopping threads took: 0.0000080 seconds
[2019-12-09T03:38:18.105+0000][1][safepoint    ] Application time: 0.0000594 seconds
[2019-12-09T03:38:18.105+0000][1][safepoint    ] Entering safepoint region: RevokeBias
[2019-12-09T03:38:18.105+0000][1][safepoint    ] Leaving safepoint region
[2019-12-09T03:38:18.105+0000][1][safepoint    ] Total time for which application threads were stopped: 0.0000424 seconds, Stopping threads took: 0.0000076 seconds
[2019-12-09T03:38:18.105+0000][1][safepoint    ] Application time: 0.0000524 seconds
[2019-12-09T03:38:18.105+0000][1][safepoint    ] Entering safepoint region: RevokeBias
[2019-12-09T03:38:18.106+0000][1][safepoint    ] Leaving safepoint region
[2019-12-09T03:38:18.106+0000][1][safepoint    ] Total time for which application threads were stopped: 0.0000400 seconds, Stopping threads took: 0.0000077 seconds
[2019-12-09T03:38:18.106+0000][1][safepoint    ] Application time: 0.0000602 seconds
[2019-12-09T03:38:18.106+0000][1][safepoint    ] Entering safepoint region: RevokeBias
[2019-12-09T03:38:18.106+0000][1][safepoint    ] Leaving safepoint region
[2019-12-09T03:38:18.106+0000][1][safepoint    ] Total time for which application threads were stopped: 0.0000406 seconds, Stopping threads took: 0.0000084 seconds
[2019-12-09T03:38:18.106+0000][1][safepoint    ] Application time: 0.0000674 seconds
[2019-12-09T03:38:18.106+0000][1][safepoint    ] Entering safepoint region: RevokeBias
[2019-12-09T03:38:18.106+0000][1][safepoint    ] Leaving safepoint region
[2019-12-09T03:38:18.106+0000][1][safepoint    ] Total time for which application threads were stopped: 0.0000480 seconds, Stopping threads took: 0.0000143 seconds
[2019-12-09T03:38:18.106+0000][1][safepoint    ] Application time: 0.0000609 seconds
[2019-12-09T03:38:18.106+0000][1][safepoint    ] Entering safepoint region: RevokeBias
[2019-12-09T03:38:18.106+0000][1][safepoint    ] Leaving safepoint region
[2019-12-09T03:38:18.106+0000][1][safepoint    ] Total time for which application threads were stopped: 0.0000400 seconds, Stopping threads took: 0.0000079 seconds
[2019-12-09T03:38:18.106+0000][1][safepoint    ] Application time: 0.0000514 seconds
[2019-12-09T03:38:18.106+0000][1][safepoint    ] Entering safepoint region: RevokeBias
[2019-12-09T03:38:18.106+0000][1][safepoint    ] Leaving safepoint region
[2019-12-09T03:38:18.106+0000][1][safepoint    ] Total time for which application threads were stopped: 0.0000413 seconds, Stopping threads took: 0.0000080 seconds
[2019-12-09T03:38:19.172+0000][1][safepoint    ] Application time: 1.0657364 seconds
[2019-12-09T03:38:19.172+0000][1][safepoint    ] Entering safepoint region: Cleanup
[2019-12-09T03:38:19.172+0000][1][safepoint    ] Leaving safepoint region
[2019-12-09T03:38:19.172+0000][1][safepoint    ] Total time for which application threads were stopped: 0.0001181 seconds, Stopping threads took: 0.0000154 seconds
[2019-12-09T03:38:19.396+0000][1][safepoint    ] Application time: 0.2238082 seconds
[2019-12-09T03:38:19.396+0000][1][safepoint    ] Entering safepoint region: Deoptimize
[2019-12-09T03:38:19.396+0000][1][safepoint    ] Leaving safepoint region
[2019-12-09T03:38:19.396+0000][1][safepoint    ] Total time for which application threads were stopped: 0.0003748 seconds, Stopping threads took: 0.0000139 seconds
[2019-12-09T03:38:19.397+0000][1][safepoint    ] Application time: 0.0006045 seconds
[2019-12-09T03:38:19.397+0000][1][safepoint    ] Entering safepoint region: Deoptimize
[2019-12-09T03:38:19.397+0000][1][safepoint    ] Leaving safepoint region
[2019-12-09T03:38:19.397+0000][1][safepoint    ] Total time for which application threads were stopped: 0.0003218 seconds, Stopping threads took: 0.0000118 seconds
[2019-12-09T03:38:20.402+0000][1][safepoint    ] Application time: 1.0046125 seconds
[2019-12-09T03:38:20.485+0000][1][safepoint    ] Entering safepoint region: Cleanup
[2019-12-09T03:38:20.485+0000][1][safepoint    ] Leaving safepoint region
[2019-12-09T03:38:20.485+0000][1][safepoint    ] Total time for which application threads were stopped: 0.0831582 seconds, Stopping threads took: 0.0830878 seconds
[2019-12-09T03:38:21.386+0000][1][safepoint    ] Application time: 0.9009818 seconds
[2019-12-09T03:38:21.386+0000][1][safepoint    ] Entering safepoint region: GenCollectForAllocation
[2019-12-09T03:38:21.386+0000][1][gc,start     ] GC(3) Pause Young (Allocation Failure)
[2019-12-09T03:38:21.386+0000][1][gc,task      ] GC(3) Using 2 workers of 2 for evacuation
[2019-12-09T03:38:21.506+0000][1][gc,age       ] GC(3) Desired survivor size 4456448 bytes, new threshold 3 (max threshold 6)
[2019-12-09T03:38:21.506+0000][1][gc,age       ] GC(3) Age table with threshold 3 (max threshold 6)
[2019-12-09T03:38:21.506+0000][1][gc,age       ] GC(3) - age   1:    3439120 bytes,    3439120 total
[2019-12-09T03:38:21.506+0000][1][gc,age       ] GC(3) - age   2:     865576 bytes,    4304696 total
[2019-12-09T03:38:21.506+0000][1][gc,age       ] GC(3) - age   3:     923184 bytes,    5227880 total
[2019-12-09T03:38:21.506+0000][1][gc,heap      ] GC(3) ParNew: 72120K->5969K(78656K)
[2019-12-09T03:38:21.506+0000][1][gc,heap      ] GC(3) CMS: 7042K->7042K(174784K)
[2019-12-09T03:38:21.506+0000][1][gc,metaspace ] GC(3) Metaspace: 18436K->18436K(1067008K)
[2019-12-09T03:38:21.506+0000][1][gc           ] GC(3) Pause Young (Allocation Failure) 77M->12M(247M) 119.893ms
[2019-12-09T03:38:21.506+0000][1][gc,cpu       ] GC(3) User=0.02s Sys=0.00s Real=0.12s
[2019-12-09T03:38:21.506+0000][1][safepoint    ] Leaving safepoint region
[2019-12-09T03:38:21.506+0000][1][safepoint    ] Total time for which application threads were stopped: 0.1200511 seconds, Stopping threads took: 0.0000150 seconds
[2019-12-09T03:38:21.511+0000][1][safepoint    ] Application time: 0.0048033 seconds
[2019-12-09T03:38:21.511+0000][1][safepoint    ] Entering safepoint region: BulkRevokeBias
[2019-12-09T03:38:21.511+0000][1][safepoint    ] Leaving safepoint region
[2019-12-09T03:38:21.511+0000][1][safepoint    ] Total time for which application threads were stopped: 0.0001835 seconds, Stopping threads took: 0.0000441 seconds
[2019-12-09T03:38:21.512+0000][1][safepoint    ] Application time: 0.0007429 seconds
[2019-12-09T03:38:21.512+0000][1][safepoint    ] Entering safepoint region: RevokeBias
[2019-12-09T03:38:21.512+0000][1][safepoint    ] Leaving safepoint region
[2019-12-09T03:38:21.512+0000][1][safepoint    ] Total time for which application threads were stopped: 0.0000620 seconds, Stopping threads took: 0.0000097 seconds
[2019-12-09T03:38:21.512+0000][1][safepoint    ] Application time: 0.0001645 seconds
[2019-12-09T03:38:21.512+0000][1][safepoint    ] Entering safepoint region: RevokeBias
[2019-12-09T03:38:21.512+0000][1][safepoint    ] Leaving safepoint region
[2019-12-09T03:38:21.512+0000][1][safepoint    ] Total time for which application threads were stopped: 0.0000496 seconds, Stopping threads took: 0.0000080 seconds
[2019-12-09T03:38:21.512+0000][1][safepoint    ] Application time: 0.0000461 seconds
[2019-12-09T03:38:21.512+0000][1][safepoint    ] Entering safepoint region: RevokeBias
[2019-12-09T03:38:21.512+0000][1][safepoint    ] Leaving safepoint region
[2019-12-09T03:38:21.512+0000][1][safepoint    ] Total time for which application threads were stopped: 0.0000444 seconds, Stopping threads took: 0.0000071 seconds
[2019-12-09T03:38:21.512+0000][1][safepoint    ] Application time: 0.0000489 seconds
[2019-12-09T03:38:21.512+0000][1][safepoint    ] Entering safepoint region: RevokeBias
[2019-12-09T03:38:21.512+0000][1][safepoint    ] Leaving safepoint region
[2019-12-09T03:38:21.512+0000][1][safepoint    ] Total time for which application threads were stopped: 0.0000448 seconds, Stopping threads took: 0.0000071 seconds
[2019-12-09T03:38:21.512+0000][1][safepoint    ] Application time: 0.0000454 seconds
[2019-12-09T03:38:21.512+0000][1][safepoint    ] Entering safepoint region: RevokeBias
[2019-12-09T03:38:21.512+0000][1][safepoint    ] Leaving safepoint region
[2019-12-09T03:38:21.512+0000][1][safepoint    ] Total time for which application threads were stopped: 0.0000444 seconds, Stopping threads took: 0.0000073 seconds
[2019-12-09T03:38:22.143+0000][1][safepoint    ] Application time: 0.6311043 seconds
[2019-12-09T03:38:22.144+0000][1][safepoint    ] Entering safepoint region: GenCollectForAllocation
[2019-12-09T03:38:22.144+0000][1][gc,start     ] GC(4) Pause Young (Allocation Failure)
[2019-12-09T03:38:22.144+0000][1][gc,task      ] GC(4) Using 2 workers of 2 for evacuation
[2019-12-09T03:38:22.260+0000][1][gc,age       ] GC(4) Desired survivor size 4456448 bytes, new threshold 2 (max threshold 6)
[2019-12-09T03:38:22.260+0000][1][gc,age       ] GC(4) Age table with threshold 2 (max threshold 6)
[2019-12-09T03:38:22.260+0000][1][gc,age       ] GC(4) - age   1:    1999408 bytes,    1999408 total
[2019-12-09T03:38:22.260+0000][1][gc,age       ] GC(4) - age   2:    2875232 bytes,    4874640 total
[2019-12-09T03:38:22.260+0000][1][gc,age       ] GC(4) - age   3:     865576 bytes,    5740216 total
[2019-12-09T03:38:22.260+0000][1][gc,heap      ] GC(4) ParNew: 75921K->7723K(78656K)
[2019-12-09T03:38:22.260+0000][1][gc,heap      ] GC(4) CMS: 7042K->7958K(174784K)
[2019-12-09T03:38:22.260+0000][1][gc,metaspace ] GC(4) Metaspace: 18650K->18650K(1067008K)
[2019-12-09T03:38:22.260+0000][1][gc           ] GC(4) Pause Young (Allocation Failure) 81M->15M(247M) 116.783ms
[2019-12-09T03:38:22.260+0000][1][gc,cpu       ] GC(4) User=0.04s Sys=0.00s Real=0.12s
[2019-12-09T03:38:22.260+0000][1][safepoint    ] Leaving safepoint region
[2019-12-09T03:38:22.260+0000][1][safepoint    ] Total time for which application threads were stopped: 0.1169336 seconds, Stopping threads took: 0.0000135 seconds
[2019-12-09T03:38:22.267+0000][1][safepoint    ] Application time: 0.0063635 seconds
[2019-12-09T03:38:22.306+0000][1][safepoint    ] Entering safepoint region: RevokeBias
[2019-12-09T03:38:22.306+0000][1][safepoint    ] Leaving safepoint region
[2019-12-09T03:38:22.306+0000][1][safepoint    ] Total time for which application threads were stopped: 0.0390905 seconds, Stopping threads took: 0.0389725 seconds
[2019-12-09T03:38:22.306+0000][1][safepoint    ] Application time: 0.0000765 seconds
[2019-12-09T03:38:22.306+0000][1][safepoint    ] Entering safepoint region: RevokeBias
[2019-12-09T03:38:22.306+0000][1][safepoint    ] Leaving safepoint region
[2019-12-09T03:38:22.306+0000][1][safepoint    ] Total time for which application threads were stopped: 0.0000931 seconds, Stopping threads took: 0.0000096 seconds
[2019-12-09T03:38:22.306+0000][1][safepoint    ] Application time: 0.0000832 seconds
[2019-12-09T03:38:22.306+0000][1][safepoint    ] Entering safepoint region: RevokeBias
[2019-12-09T03:38:22.306+0000][1][safepoint    ] Leaving safepoint region
[2019-12-09T03:38:22.306+0000][1][safepoint    ] Total time for which application threads were stopped: 0.0000811 seconds, Stopping threads took: 0.0000091 seconds
[2019-12-09T03:38:22.306+0000][1][safepoint    ] Application time: 0.0000544 seconds
[2019-12-09T03:38:22.306+0000][1][safepoint    ] Entering safepoint region: RevokeBias
[2019-12-09T03:38:22.306+0000][1][safepoint    ] Leaving safepoint region
[2019-12-09T03:38:22.306+0000][1][safepoint    ] Total time for which application threads were stopped: 0.0000725 seconds, Stopping threads took: 0.0000081 seconds
[2019-12-09T03:38:22.338+0000][1][safepoint    ] Application time: 0.0314923 seconds
[2019-12-09T03:38:22.338+0000][1][safepoint    ] Entering safepoint region: Deoptimize
[2019-12-09T03:38:22.338+0000][1][safepoint    ] Leaving safepoint region
[2019-12-09T03:38:22.338+0000][1][safepoint    ] Total time for which application threads were stopped: 0.0003886 seconds, Stopping threads took: 0.0000123 seconds
[2019-12-09T03:38:22.644+0000][1][safepoint    ] Application time: 0.3057003 seconds
[2019-12-09T03:38:22.644+0000][1][safepoint    ] Entering safepoint region: Deoptimize
[2019-12-09T03:38:22.645+0000][1][safepoint    ] Leaving safepoint region
[2019-12-09T03:38:22.645+0000][1][safepoint    ] Total time for which application threads were stopped: 0.0003893 seconds, Stopping threads took: 0.0000113 seconds
[2019-12-09T03:38:22.684+0000][1][safepoint    ] Application time: 0.0394803 seconds
[2019-12-09T03:38:22.684+0000][1][safepoint    ] Entering safepoint region: RevokeBias
[2019-12-09T03:38:22.684+0000][1][safepoint    ] Leaving safepoint region
[2019-12-09T03:38:22.684+0000][1][safepoint    ] Total time for which application threads were stopped: 0.0000785 seconds, Stopping threads took: 0.0000126 seconds
[2019-12-09T03:38:22.710+0000][1][safepoint    ] Application time: 0.0257165 seconds
[2019-12-09T03:38:22.710+0000][1][safepoint    ] Entering safepoint region: RevokeBias
[2019-12-09T03:38:22.710+0000][1][safepoint    ] Leaving safepoint region
[2019-12-09T03:38:22.710+0000][1][safepoint    ] Total time for which application threads were stopped: 0.0000736 seconds, Stopping threads took: 0.0000122 seconds
[2019-12-09T03:38:23.490+0000][1][safepoint    ] Application time: 0.7796354 seconds
[2019-12-09T03:38:23.490+0000][1][safepoint    ] Entering safepoint region: GenCollectForAllocation
[2019-12-09T03:38:23.490+0000][1][gc,start     ] GC(5) Pause Young (Allocation Failure)
[2019-12-09T03:38:23.490+0000][1][gc,task      ] GC(5) Using 2 workers of 2 for evacuation
[2019-12-09T03:38:23.778+0000][1][gc,age       ] GC(5) Desired survivor size 4456448 bytes, new threshold 6 (max threshold 6)
[2019-12-09T03:38:23.778+0000][1][gc,age       ] GC(5) Age table with threshold 6 (max threshold 6)
[2019-12-09T03:38:23.778+0000][1][gc,age       ] GC(5) - age   1:    2690048 bytes,    2690048 total
[2019-12-09T03:38:23.778+0000][1][gc,age       ] GC(5) - age   2:     442360 bytes,    3132408 total
[2019-12-09T03:38:23.778+0000][1][gc,heap      ] GC(5) ParNew: 77675K->5169K(78656K)
[2019-12-09T03:38:23.778+0000][1][gc,heap      ] GC(5) CMS: 7958K->11641K(174784K)
[2019-12-09T03:38:23.778+0000][1][gc,metaspace ] GC(5) Metaspace: 18984K->18984K(1067008K)
[2019-12-09T03:38:23.778+0000][1][gc           ] GC(5) Pause Young (Allocation Failure) 83M->16M(247M) 288.030ms
[2019-12-09T03:38:23.778+0000][1][gc,cpu       ] GC(5) User=0.15s Sys=0.00s Real=0.29s
[2019-12-09T03:38:23.778+0000][1][safepoint    ] Leaving safepoint region
[2019-12-09T03:38:23.778+0000][1][safepoint    ] Total time for which application threads were stopped: 0.2881979 seconds, Stopping threads took: 0.0000128 seconds
[2019-12-09T03:38:23.805+0000][1][safepoint    ] Application time: 0.0275613 seconds
[2019-12-09T03:38:23.805+0000][1][safepoint    ] Entering safepoint region: RevokeBias
[2019-12-09T03:38:23.805+0000][1][safepoint    ] Leaving safepoint region
[2019-12-09T03:38:23.806+0000][1][safepoint    ] Total time for which application threads were stopped: 0.0000892 seconds, Stopping threads took: 0.0000383 seconds
[2019-12-09T03:38:23.806+0000][1][safepoint    ] Application time: 0.0000535 seconds
[2019-12-09T03:38:23.806+0000][1][safepoint    ] Entering safepoint region: RevokeBias
[2019-12-09T03:38:23.806+0000][1][safepoint    ] Leaving safepoint region
[2019-12-09T03:38:23.806+0000][1][safepoint    ] Total time for which application threads were stopped: 0.0000346 seconds, Stopping threads took: 0.0000071 seconds
[2019-12-09T03:38:23.806+0000][1][safepoint    ] Application time: 0.0000468 seconds
[2019-12-09T03:38:23.806+0000][1][safepoint    ] Entering safepoint region: RevokeBias
[2019-12-09T03:38:23.806+0000][1][safepoint    ] Leaving safepoint region
[2019-12-09T03:38:23.806+0000][1][safepoint    ] Total time for which application threads were stopped: 0.0000482 seconds, Stopping threads took: 0.0000071 seconds
[2019-12-09T03:38:23.806+0000][1][safepoint    ] Application time: 0.0000443 seconds
[2019-12-09T03:38:23.806+0000][1][safepoint    ] Entering safepoint region: RevokeBias
[2019-12-09T03:38:23.806+0000][1][safepoint    ] Leaving safepoint region
[2019-12-09T03:38:23.806+0000][1][safepoint    ] Total time for which application threads were stopped: 0.0000312 seconds, Stopping threads took: 0.0000069 seconds
[2019-12-09T03:38:23.806+0000][1][safepoint    ] Application time: 0.0000448 seconds
[2019-12-09T03:38:23.806+0000][1][safepoint    ] Entering safepoint region: RevokeBias
[2019-12-09T03:38:23.806+0000][1][safepoint    ] Leaving safepoint region
[2019-12-09T03:38:23.806+0000][1][safepoint    ] Total time for which application threads were stopped: 0.0000304 seconds, Stopping threads took: 0.0000064 seconds
[2019-12-09T03:38:23.806+0000][1][safepoint    ] Application time: 0.0000431 seconds
[2019-12-09T03:38:23.806+0000][1][safepoint    ] Entering safepoint region: RevokeBias
[2019-12-09T03:38:23.806+0000][1][safepoint    ] Leaving safepoint region
[2019-12-09T03:38:23.806+0000][1][safepoint    ] Total time for which application threads were stopped: 0.0000310 seconds, Stopping threads took: 0.0000067 seconds
[2019-12-09T03:38:24.515+0000][1][safepoint    ] Application time: 0.7088250 seconds
[2019-12-09T03:38:24.515+0000][1][safepoint    ] Entering safepoint region: RevokeBias
[2019-12-09T03:38:24.515+0000][1][safepoint    ] Leaving safepoint region
[2019-12-09T03:38:24.515+0000][1][safepoint    ] Total time for which application threads were stopped: 0.0000709 seconds, Stopping threads took: 0.0000125 seconds
[2019-12-09T03:38:24.529+0000][1][safepoint    ] Application time: 0.0140069 seconds
[2019-12-09T03:38:24.529+0000][1][safepoint    ] Entering safepoint region: RevokeBias
[2019-12-09T03:38:24.529+0000][1][safepoint    ] Leaving safepoint region
[2019-12-09T03:38:24.529+0000][1][safepoint    ] Total time for which application threads were stopped: 0.0000641 seconds, Stopping threads took: 0.0000134 seconds
[2019-12-09T03:38:24.881+0000][1][safepoint    ] Application time: 0.3518171 seconds
[2019-12-09T03:38:24.881+0000][1][safepoint    ] Entering safepoint region: GenCollectForAllocation
[2019-12-09T03:38:24.881+0000][1][gc,start     ] GC(6) Pause Young (Allocation Failure)
[2019-12-09T03:38:24.881+0000][1][gc,task      ] GC(6) Using 2 workers of 2 for evacuation
[2019-12-09T03:38:25.046+0000][1][gc,age       ] GC(6) Desired survivor size 4456448 bytes, new threshold 6 (max threshold 6)
[2019-12-09T03:38:25.046+0000][1][gc,age       ] GC(6) Age table with threshold 6 (max threshold 6)
[2019-12-09T03:38:25.046+0000][1][gc,age       ] GC(6) - age   1:    1323664 bytes,    1323664 total
[2019-12-09T03:38:25.046+0000][1][gc,age       ] GC(6) - age   2:    2191376 bytes,    3515040 total
[2019-12-09T03:38:25.046+0000][1][gc,age       ] GC(6) - age   3:     442360 bytes,    3957400 total
[2019-12-09T03:38:25.046+0000][1][gc,heap      ] GC(6) ParNew: 75121K->5007K(78656K)
[2019-12-09T03:38:25.046+0000][1][gc,heap      ] GC(6) CMS: 11641K->11641K(174784K)
[2019-12-09T03:38:25.046+0000][1][gc,metaspace ] GC(6) Metaspace: 19287K->19287K(1067008K)
[2019-12-09T03:38:25.046+0000][1][gc           ] GC(6) Pause Young (Allocation Failure) 84M->16M(247M) 164.958ms
[2019-12-09T03:38:25.046+0000][1][gc,cpu       ] GC(6) User=0.01s Sys=0.00s Real=0.17s
[2019-12-09T03:38:25.046+0000][1][safepoint    ] Leaving safepoint region
[2019-12-09T03:38:25.046+0000][1][safepoint    ] Total time for which application threads were stopped: 0.1650854 seconds, Stopping threads took: 0.0000140 seconds
[2019-12-09T03:38:25.048+0000][1][safepoint    ] Application time: 0.0018177 seconds
[2019-12-09T03:38:25.092+0000][1][safepoint    ] Entering safepoint region: RevokeBias
[2019-12-09T03:38:25.092+0000][1][safepoint    ] Leaving safepoint region
[2019-12-09T03:38:25.092+0000][1][safepoint    ] Total time for which application threads were stopped: 0.0441094 seconds, Stopping threads took: 0.0440108 seconds
[2019-12-09T03:38:25.092+0000][1][safepoint    ] Application time: 0.0000740 seconds
[2019-12-09T03:38:25.092+0000][1][safepoint    ] Entering safepoint region: RevokeBias
[2019-12-09T03:38:25.092+0000][1][safepoint    ] Leaving safepoint region
[2019-12-09T03:38:25.092+0000][1][safepoint    ] Total time for which application threads were stopped: 0.0000640 seconds, Stopping threads took: 0.0000095 seconds
[2019-12-09T03:38:25.092+0000][1][safepoint    ] Application time: 0.0000628 seconds
[2019-12-09T03:38:25.092+0000][1][safepoint    ] Entering safepoint region: BulkRevokeBias
[2019-12-09T03:38:25.092+0000][1][safepoint    ] Leaving safepoint region
[2019-12-09T03:38:25.092+0000][1][safepoint    ] Total time for which application threads were stopped: 0.0000935 seconds, Stopping threads took: 0.0000082 seconds
[2019-12-09T03:38:25.092+0000][1][safepoint    ] Application time: 0.0000607 seconds
[2019-12-09T03:38:25.092+0000][1][safepoint    ] Entering safepoint region: BulkRevokeBias
[2019-12-09T03:38:25.092+0000][1][safepoint    ] Leaving safepoint region
[2019-12-09T03:38:25.092+0000][1][safepoint    ] Total time for which application threads were stopped: 0.0000766 seconds, Stopping threads took: 0.0000071 seconds
[2019-12-09T03:38:26.057+0000][1][safepoint    ] Application time: 0.9650008 seconds
[2019-12-09T03:38:26.057+0000][1][safepoint    ] Entering safepoint region: GenCollectForAllocation
[2019-12-09T03:38:26.058+0000][1][gc,start     ] GC(7) Pause Young (Allocation Failure)
[2019-12-09T03:38:26.058+0000][1][gc,task      ] GC(7) Using 2 workers of 2 for evacuation
[2019-12-09T03:38:26.080+0000][1][gc,age       ] GC(7) Desired survivor size 4456448 bytes, new threshold 6 (max threshold 6)
[2019-12-09T03:38:26.080+0000][1][gc,age       ] GC(7) Age table with threshold 6 (max threshold 6)
[2019-12-09T03:38:26.080+0000][1][gc,age       ] GC(7) - age   1:     375000 bytes,     375000 total
[2019-12-09T03:38:26.080+0000][1][gc,age       ] GC(7) - age   2:    1128824 bytes,    1503824 total
[2019-12-09T03:38:26.080+0000][1][gc,age       ] GC(7) - age   3:    2191296 bytes,    3695120 total
[2019-12-09T03:38:26.080+0000][1][gc,age       ] GC(7) - age   4:     442360 bytes,    4137480 total
[2019-12-09T03:38:26.080+0000][1][gc,heap      ] GC(7) ParNew: 74959K->5118K(78656K)
[2019-12-09T03:38:26.080+0000][1][gc,heap      ] GC(7) CMS: 11641K->11641K(174784K)
[2019-12-09T03:38:26.080+0000][1][gc,metaspace ] GC(7) Metaspace: 19559K->19559K(1067008K)
[2019-12-09T03:38:26.080+0000][1][gc           ] GC(7) Pause Young (Allocation Failure) 84M->16M(247M) 22.353ms
[2019-12-09T03:38:26.080+0000][1][gc,cpu       ] GC(7) User=0.01s Sys=0.00s Real=0.02s
[2019-12-09T03:38:26.080+0000][1][safepoint    ] Leaving safepoint region
[2019-12-09T03:38:26.080+0000][1][safepoint    ] Total time for which application threads were stopped: 0.0224904 seconds, Stopping threads took: 0.0000132 seconds
[2019-12-09T03:38:26.663+0000][1][safepoint    ] Application time: 0.5831265 seconds
[2019-12-09T03:38:26.663+0000][1][safepoint    ] Entering safepoint region: CollectForMetadataAllocation
[2019-12-09T03:38:26.663+0000][1][safepoint    ] Leaving safepoint region
[2019-12-09T03:38:26.663+0000][1][safepoint    ] Total time for which application threads were stopped: 0.0002612 seconds, Stopping threads took: 0.0000144 seconds
[2019-12-09T03:38:26.941+0000][1][safepoint    ] Application time: 0.2774679 seconds
[2019-12-09T03:38:26.941+0000][1][safepoint    ] Entering safepoint region: CollectForMetadataAllocation
[2019-12-09T03:38:26.941+0000][1][safepoint    ] Leaving safepoint region
[2019-12-09T03:38:26.941+0000][1][safepoint    ] Total time for which application threads were stopped: 0.0002204 seconds, Stopping threads took: 0.0000137 seconds
[2019-12-09T03:38:27.745+0000][1][safepoint    ] Application time: 0.8036410 seconds
[2019-12-09T03:38:27.745+0000][1][safepoint    ] Entering safepoint region: GenCollectForAllocation
[2019-12-09T03:38:27.745+0000][1][gc,start     ] GC(8) Pause Young (Allocation Failure)
[2019-12-09T03:38:27.745+0000][1][gc,task      ] GC(8) Using 2 workers of 2 for evacuation
[2019-12-09T03:38:27.797+0000][1][gc,age       ] GC(8) Desired survivor size 4456448 bytes, new threshold 4 (max threshold 6)
[2019-12-09T03:38:27.797+0000][1][gc,age       ] GC(8) Age table with threshold 4 (max threshold 6)
[2019-12-09T03:38:27.797+0000][1][gc,age       ] GC(8) - age   1:    1436200 bytes,    1436200 total
[2019-12-09T03:38:27.797+0000][1][gc,age       ] GC(8) - age   2:     356408 bytes,    1792608 total
[2019-12-09T03:38:27.797+0000][1][gc,age       ] GC(8) - age   3:    1128680 bytes,    2921288 total
[2019-12-09T03:38:27.797+0000][1][gc,age       ] GC(8) - age   4:    2189080 bytes,    5110368 total
[2019-12-09T03:38:27.797+0000][1][gc,age       ] GC(8) - age   5:     442360 bytes,    5552728 total
[2019-12-09T03:38:27.797+0000][1][gc,heap      ] GC(8) ParNew: 75070K->7766K(78656K)
[2019-12-09T03:38:27.797+0000][1][gc,heap      ] GC(8) CMS: 11641K->11641K(174784K)
[2019-12-09T03:38:27.797+0000][1][gc,metaspace ] GC(8) Metaspace: 20366K->20366K(1069056K)
[2019-12-09T03:38:27.797+0000][1][gc           ] GC(8) Pause Young (Allocation Failure) 84M->18M(247M) 52.231ms
[2019-12-09T03:38:27.797+0000][1][gc,cpu       ] GC(8) User=0.02s Sys=0.00s Real=0.05s
[2019-12-09T03:38:27.797+0000][1][safepoint    ] Leaving safepoint region
[2019-12-09T03:38:27.797+0000][1][safepoint    ] Total time for which application threads were stopped: 0.0523588 seconds, Stopping threads took: 0.0000150 seconds
[2019-12-09T03:38:27.808+0000][1][safepoint    ] Application time: 0.0106417 seconds
[2019-12-09T03:38:27.808+0000][1][safepoint    ] Entering safepoint region: CMS_Initial_Mark
[2019-12-09T03:38:27.808+0000][1][gc,start     ] GC(9) Pause Initial Mark
[2019-12-09T03:38:27.819+0000][1][gc           ] GC(9) Pause Initial Mark 20M->20M(247M) 11.270ms
[2019-12-09T03:38:27.819+0000][1][gc,cpu       ] GC(9) User=0.00s Sys=0.00s Real=0.01s
[2019-12-09T03:38:27.819+0000][1][safepoint    ] Leaving safepoint region
[2019-12-09T03:38:27.819+0000][1][safepoint    ] Total time for which application threads were stopped: 0.0113852 seconds, Stopping threads took: 0.0000140 seconds
[2019-12-09T03:38:27.819+0000][1][gc           ] GC(9) Concurrent Mark
[2019-12-09T03:38:27.977+0000][1][gc           ] GC(9) Concurrent Mark 158.042ms
[2019-12-09T03:38:27.977+0000][1][gc,cpu       ] GC(9) User=0.04s Sys=0.00s Real=0.16s
[2019-12-09T03:38:27.977+0000][1][gc           ] GC(9) Concurrent Preclean
[2019-12-09T03:38:27.978+0000][1][gc           ] GC(9) Concurrent Preclean 0.468ms
[2019-12-09T03:38:27.978+0000][1][gc,cpu       ] GC(9) User=0.00s Sys=0.00s Real=0.00s
[2019-12-09T03:38:27.978+0000][1][gc           ] GC(9) Concurrent Abortable Preclean
[2019-12-09T03:38:29.023+0000][1][safepoint    ] Application time: 1.2034929 seconds
[2019-12-09T03:38:29.023+0000][1][safepoint    ] Entering safepoint region: GenCollectForAllocation
[2019-12-09T03:38:29.023+0000][1][gc,start     ] GC(10) Pause Young (Allocation Failure)
[2019-12-09T03:38:29.023+0000][1][gc,task      ] GC(10) Using 2 workers of 2 for evacuation
[2019-12-09T03:38:29.126+0000][1][gc,age       ] GC(10) Desired survivor size 4456448 bytes, new threshold 6 (max threshold 6)
[2019-12-09T03:38:29.126+0000][1][gc,age       ] GC(10) Age table with threshold 6 (max threshold 6)
[2019-12-09T03:38:29.126+0000][1][gc,age       ] GC(10) - age   1:     757000 bytes,     757000 total
[2019-12-09T03:38:29.126+0000][1][gc,age       ] GC(10) - age   2:     654520 bytes,    1411520 total
[2019-12-09T03:38:29.126+0000][1][gc,age       ] GC(10) - age   3:     356408 bytes,    1767928 total
[2019-12-09T03:38:29.126+0000][1][gc,age       ] GC(10) - age   4:    1128680 bytes,    2896608 total
[2019-12-09T03:38:29.126+0000][1][gc,heap      ] GC(10) ParNew: 77718K->5037K(78656K)
[2019-12-09T03:38:29.127+0000][1][gc,heap      ] GC(10) CMS: 11641K->14229K(174784K)
[2019-12-09T03:38:29.127+0000][1][gc,metaspace ] GC(10) Metaspace: 20482K->20482K(1069056K)
[2019-12-09T03:38:29.127+0000][1][gc           ] GC(10) Pause Young (Allocation Failure) 87M->18M(247M) 103.643ms
[2019-12-09T03:38:29.127+0000][1][gc,cpu       ] GC(10) User=0.02s Sys=0.00s Real=0.11s
[2019-12-09T03:38:29.127+0000][1][safepoint    ] Leaving safepoint region
[2019-12-09T03:38:29.127+0000][1][safepoint    ] Total time for which application threads were stopped: 0.1037901 seconds, Stopping threads took: 0.0000144 seconds
[2019-12-09T03:38:29.783+0000][1][gc           ] GC(9) Concurrent Abortable Preclean 1804.830ms
[2019-12-09T03:38:29.783+0000][1][gc,cpu       ] GC(9) User=0.50s Sys=0.00s Real=1.80s
[2019-12-09T03:38:29.783+0000][1][safepoint    ] Application time: 0.6562205 seconds
[2019-12-09T03:38:29.833+0000][1][safepoint    ] Entering safepoint region: CMS_Final_Remark
[2019-12-09T03:38:29.833+0000][1][gc,start     ] GC(9) Pause Remark
[2019-12-09T03:38:29.890+0000][1][gc           ] GC(9) Pause Remark 56M->56M(247M) 57.566ms
[2019-12-09T03:38:29.890+0000][1][gc,cpu       ] GC(9) User=0.03s Sys=0.00s Real=0.06s
[2019-12-09T03:38:29.890+0000][1][safepoint    ] Leaving safepoint region
[2019-12-09T03:38:29.890+0000][1][safepoint    ] Total time for which application threads were stopped: 0.1076418 seconds, Stopping threads took: 0.0499476 seconds
[2019-12-09T03:38:29.892+0000][1][gc           ] GC(9) Concurrent Sweep
[2019-12-09T03:38:29.900+0000][1][gc           ] GC(9) Concurrent Sweep 8.041ms
[2019-12-09T03:38:29.900+0000][1][gc,cpu       ] GC(9) User=0.01s Sys=0.00s Real=0.01s
[2019-12-09T03:38:29.900+0000][1][gc           ] GC(9) Concurrent Reset
[2019-12-09T03:38:29.900+0000][1][gc           ] GC(9) Concurrent Reset 0.322ms
[2019-12-09T03:38:29.900+0000][1][gc,cpu       ] GC(9) User=0.00s Sys=0.00s Real=0.00s
[2019-12-09T03:38:29.900+0000][1][gc,heap      ] GC(9) Old: 11641K->14203K(174784K)
[2019-12-09T03:38:30.434+0000][1][safepoint    ] Application time: 0.5432773 seconds
[2019-12-09T03:38:30.434+0000][1][safepoint    ] Entering safepoint region: GenCollectForAllocation
[2019-12-09T03:38:30.434+0000][1][gc,start     ] GC(11) Pause Young (Allocation Failure)
[2019-12-09T03:38:30.434+0000][1][gc,task      ] GC(11) Using 2 workers of 2 for evacuation
[2019-12-09T03:38:30.583+0000][1][gc,age       ] GC(11) Desired survivor size 4456448 bytes, new threshold 6 (max threshold 6)
[2019-12-09T03:38:30.583+0000][1][gc,age       ] GC(11) Age table with threshold 6 (max threshold 6)
[2019-12-09T03:38:30.583+0000][1][gc,age       ] GC(11) - age   1:     678608 bytes,     678608 total
[2019-12-09T03:38:30.583+0000][1][gc,age       ] GC(11) - age   2:      97456 bytes,     776064 total
[2019-12-09T03:38:30.583+0000][1][gc,age       ] GC(11) - age   3:     654472 bytes,    1430536 total
[2019-12-09T03:38:30.583+0000][1][gc,age       ] GC(11) - age   4:     356304 bytes,    1786840 total
[2019-12-09T03:38:30.583+0000][1][gc,age       ] GC(11) - age   5:    1128392 bytes,    2915232 total
[2019-12-09T03:38:30.583+0000][1][gc,heap      ] GC(11) ParNew: 74989K->4768K(78656K)
[2019-12-09T03:38:30.583+0000][1][gc,heap      ] GC(11) CMS: 14203K->14203K(174784K)
[2019-12-09T03:38:30.583+0000][1][gc,metaspace ] GC(11) Metaspace: 20568K->20568K(1069056K)
[2019-12-09T03:38:30.583+0000][1][gc           ] GC(11) Pause Young (Allocation Failure) 87M->18M(247M) 148.737ms
[2019-12-09T03:38:30.583+0000][1][gc,cpu       ] GC(11) User=0.03s Sys=0.00s Real=0.15s
[2019-12-09T03:38:30.583+0000][1][safepoint    ] Leaving safepoint region
[2019-12-09T03:38:30.583+0000][1][safepoint    ] Total time for which application threads were stopped: 0.1492793 seconds, Stopping threads took: 0.0000239 seconds
[2019-12-09T03:38:31.601+0000][1][safepoint    ] Application time: 1.0176731 seconds
[2019-12-09T03:38:31.601+0000][1][safepoint    ] Entering safepoint region: Cleanup
[2019-12-09T03:38:31.601+0000][1][safepoint    ] Leaving safepoint region
[2019-12-09T03:38:31.601+0000][1][safepoint    ] Total time for which application threads were stopped: 0.0000987 seconds, Stopping threads took: 0.0000549 seconds
[2019-12-09T03:38:32.614+0000][1][safepoint    ] Application time: 1.0128433 seconds
[2019-12-09T03:38:32.614+0000][1][safepoint    ] Entering safepoint region: Cleanup
[2019-12-09T03:38:32.614+0000][1][safepoint    ] Leaving safepoint region
[2019-12-09T03:38:32.614+0000][1][safepoint    ] Total time for which application threads were stopped: 0.0001674 seconds, Stopping threads took: 0.0001178 seconds
[2019-12-09T03:38:32.858+0000][1][safepoint    ] Application time: 0.2441600 seconds
[2019-12-09T03:38:32.858+0000][1][safepoint    ] Entering safepoint region: GenCollectForAllocation
[2019-12-09T03:38:32.858+0000][1][gc,start     ] GC(12) Pause Young (Allocation Failure)
[2019-12-09T03:38:32.858+0000][1][gc,task      ] GC(12) Using 2 workers of 2 for evacuation
[2019-12-09T03:38:32.956+0000][1][gc,age       ] GC(12) Desired survivor size 4456448 bytes, new threshold 6 (max threshold 6)
[2019-12-09T03:38:32.956+0000][1][gc,age       ] GC(12) Age table with threshold 6 (max threshold 6)
[2019-12-09T03:38:32.956+0000][1][gc,age       ] GC(12) - age   1:     880752 bytes,     880752 total
[2019-12-09T03:38:32.956+0000][1][gc,age       ] GC(12) - age   2:     305920 bytes,    1186672 total
[2019-12-09T03:38:32.956+0000][1][gc,age       ] GC(12) - age   3:      97456 bytes,    1284128 total
[2019-12-09T03:38:32.956+0000][1][gc,age       ] GC(12) - age   4:     654408 bytes,    1938536 total
[2019-12-09T03:38:32.956+0000][1][gc,age       ] GC(12) - age   5:     356304 bytes,    2294840 total
[2019-12-09T03:38:32.956+0000][1][gc,age       ] GC(12) - age   6:    1128392 bytes,    3423232 total
[2019-12-09T03:38:32.956+0000][1][gc,heap      ] GC(12) ParNew: 74720K->3999K(78656K)
[2019-12-09T03:38:32.956+0000][1][gc,heap      ] GC(12) CMS: 14203K->14203K(174784K)
[2019-12-09T03:38:32.956+0000][1][gc,metaspace ] GC(12) Metaspace: 22480K->22480K(1071104K)
[2019-12-09T03:38:32.956+0000][1][gc           ] GC(12) Pause Young (Allocation Failure) 86M->17M(247M) 98.140ms
[2019-12-09T03:38:32.956+0000][1][gc,cpu       ] GC(12) User=0.01s Sys=0.00s Real=0.10s
[2019-12-09T03:38:32.956+0000][1][safepoint    ] Leaving safepoint region
[2019-12-09T03:38:32.956+0000][1][safepoint    ] Total time for which application threads were stopped: 0.0982793 seconds, Stopping threads took: 0.0000148 seconds
[2019-12-09T03:38:33.982+0000][1][safepoint    ] Application time: 1.0254177 seconds
[2019-12-09T03:38:33.982+0000][1][safepoint    ] Entering safepoint region: Cleanup
[2019-12-09T03:38:33.982+0000][1][safepoint    ] Leaving safepoint region
[2019-12-09T03:38:33.982+0000][1][safepoint    ] Total time for which application threads were stopped: 0.0002447 seconds, Stopping threads took: 0.0000164 seconds
[2019-12-09T03:38:34.296+0000][1][safepoint    ] Application time: 0.3137489 seconds
[2019-12-09T03:38:34.296+0000][1][safepoint    ] Entering safepoint region: Deoptimize
[2019-12-09T03:38:34.296+0000][1][safepoint    ] Leaving safepoint region
[2019-12-09T03:38:34.296+0000][1][safepoint    ] Total time for which application threads were stopped: 0.0004358 seconds, Stopping threads took: 0.0000129 seconds
[2019-12-09T03:38:35.128+0000][1][safepoint    ] Application time: 0.8317523 seconds
[2019-12-09T03:38:35.128+0000][1][safepoint    ] Entering safepoint region: Deoptimize
[2019-12-09T03:38:35.129+0000][1][safepoint    ] Leaving safepoint region
[2019-12-09T03:38:35.129+0000][1][safepoint    ] Total time for which application threads were stopped: 0.0004641 seconds, Stopping threads took: 0.0000137 seconds
[2019-12-09T03:38:35.155+0000][1][safepoint    ] Application time: 0.0259028 seconds
[2019-12-09T03:38:35.155+0000][1][safepoint    ] Entering safepoint region: Deoptimize
[2019-12-09T03:38:35.155+0000][1][safepoint    ] Leaving safepoint region
[2019-12-09T03:38:35.155+0000][1][safepoint    ] Total time for which application threads were stopped: 0.0004371 seconds, Stopping threads took: 0.0000133 seconds
[2019-12-09T03:38:35.203+0000][1][safepoint    ] Application time: 0.0478090 seconds
[2019-12-09T03:38:35.203+0000][1][safepoint    ] Entering safepoint region: Deoptimize
[2019-12-09T03:38:35.203+0000][1][safepoint    ] Leaving safepoint region
[2019-12-09T03:38:35.203+0000][1][safepoint    ] Total time for which application threads were stopped: 0.0004856 seconds, Stopping threads took: 0.0000131 seconds
[2019-12-09T03:38:35.224+0000][1][safepoint    ] Application time: 0.0206171 seconds
[2019-12-09T03:38:35.224+0000][1][safepoint    ] Entering safepoint region: RevokeBias
[2019-12-09T03:38:35.224+0000][1][safepoint    ] Leaving safepoint region
[2019-12-09T03:38:35.224+0000][1][safepoint    ] Total time for which application threads were stopped: 0.0000655 seconds, Stopping threads took: 0.0000129 seconds
[2019-12-09T03:38:35.240+0000][1][safepoint    ] Application time: 0.0156452 seconds
[2019-12-09T03:38:35.240+0000][1][safepoint    ] Entering safepoint region: RevokeBias
[2019-12-09T03:38:35.240+0000][1][safepoint    ] Leaving safepoint region
[2019-12-09T03:38:35.240+0000][1][safepoint    ] Total time for which application threads were stopped: 0.0000592 seconds, Stopping threads took: 0.0000135 seconds
[2019-12-09T03:38:35.240+0000][1][safepoint    ] Application time: 0.0001457 seconds
[2019-12-09T03:38:35.240+0000][1][safepoint    ] Entering safepoint region: RevokeBias
[2019-12-09T03:38:35.240+0000][1][safepoint    ] Leaving safepoint region
[2019-12-09T03:38:35.240+0000][1][safepoint    ] Total time for which application threads were stopped: 0.0000364 seconds, Stopping threads took: 0.0000084 seconds
[2019-12-09T03:38:36.245+0000][1][safepoint    ] Application time: 1.0046570 seconds
[2019-12-09T03:38:36.252+0000][1][safepoint    ] Entering safepoint region: Cleanup
[2019-12-09T03:38:36.252+0000][1][safepoint    ] Leaving safepoint region
[2019-12-09T03:38:36.252+0000][1][safepoint    ] Total time for which application threads were stopped: 0.0068710 seconds, Stopping threads took: 0.0068195 seconds
[2019-12-09T03:38:37.276+0000][1][safepoint    ] Application time: 1.0241276 seconds
[2019-12-09T03:38:37.349+0000][1][safepoint    ] Entering safepoint region: Cleanup
[2019-12-09T03:38:37.349+0000][1][safepoint    ] Leaving safepoint region
[2019-12-09T03:38:37.349+0000][1][safepoint    ] Total time for which application threads were stopped: 0.0733399 seconds, Stopping threads took: 0.0730735 seconds
[2019-12-09T03:38:38.357+0000][1][safepoint    ] Application time: 1.0075639 seconds
[2019-12-09T03:38:38.362+0000][1][safepoint    ] Entering safepoint region: Cleanup
[2019-12-09T03:38:38.362+0000][1][safepoint    ] Leaving safepoint region
[2019-12-09T03:38:38.362+0000][1][safepoint    ] Total time for which application threads were stopped: 0.0050855 seconds, Stopping threads took: 0.0050082 seconds
[2019-12-09T03:38:39.375+0000][1][safepoint    ] Application time: 1.0129013 seconds
[2019-12-09T03:38:39.386+0000][1][safepoint    ] Entering safepoint region: Cleanup
[2019-12-09T03:38:39.386+0000][1][safepoint    ] Leaving safepoint region
[2019-12-09T03:38:39.386+0000][1][safepoint    ] Total time for which application threads were stopped: 0.0110611 seconds, Stopping threads took: 0.0110018 seconds
[2019-12-09T03:38:40.245+0000][1][safepoint    ] Application time: 0.8588985 seconds
[2019-12-09T03:38:40.245+0000][1][safepoint    ] Entering safepoint region: GenCollectForAllocation
[2019-12-09T03:38:40.245+0000][1][gc,start     ] GC(13) Pause Young (Allocation Failure)
[2019-12-09T03:38:40.245+0000][1][gc,task      ] GC(13) Using 2 workers of 2 for evacuation
[2019-12-09T03:38:40.558+0000][1][gc,age       ] GC(13) Desired survivor size 4456448 bytes, new threshold 1 (max threshold 6)
[2019-12-09T03:38:40.558+0000][1][gc,age       ] GC(13) Age table with threshold 1 (max threshold 6)
[2019-12-09T03:38:40.558+0000][1][gc,age       ] GC(13) - age   1:    6865728 bytes,    6865728 total
[2019-12-09T03:38:40.559+0000][1][gc,age       ] GC(13) - age   2:     638464 bytes,    7504192 total
[2019-12-09T03:38:40.559+0000][1][gc,age       ] GC(13) - age   3:     305888 bytes,    7810080 total
[2019-12-09T03:38:40.559+0000][1][gc,age       ] GC(13) - age   4:      97304 bytes,    7907384 total
[2019-12-09T03:38:40.559+0000][1][gc,age       ] GC(13) - age   5:     651224 bytes,    8558608 total
[2019-12-09T03:38:40.559+0000][1][gc,age       ] GC(13) - age   6:     354112 bytes,    8912720 total
[2019-12-09T03:38:40.559+0000][1][gc,heap      ] GC(13) ParNew: 73951K->8704K(78656K)
[2019-12-09T03:38:40.559+0000][1][gc,heap      ] GC(13) CMS: 14203K->21156K(174784K)
[2019-12-09T03:38:40.559+0000][1][gc,metaspace ] GC(13) Metaspace: 26947K->26947K(1075200K)
[2019-12-09T03:38:40.559+0000][1][gc           ] GC(13) Pause Young (Allocation Failure) 86M->29M(247M) 313.741ms
[2019-12-09T03:38:40.559+0000][1][gc,cpu       ] GC(13) User=0.08s Sys=0.00s Real=0.31s
[2019-12-09T03:38:40.559+0000][1][safepoint    ] Leaving safepoint region
[2019-12-09T03:38:40.559+0000][1][safepoint    ] Total time for which application threads were stopped: 0.3138843 seconds, Stopping threads took: 0.0000133 seconds
[2019-12-09T03:38:41.561+0000][1][safepoint    ] Application time: 1.0020559 seconds
[2019-12-09T03:38:41.596+0000][1][safepoint    ] Entering safepoint region: Cleanup
[2019-12-09T03:38:41.596+0000][1][safepoint    ] Leaving safepoint region
[2019-12-09T03:38:41.596+0000][1][safepoint    ] Total time for which application threads were stopped: 0.0353386 seconds, Stopping threads took: 0.0352756 seconds
[2019-12-09T03:38:42.598+0000][1][safepoint    ] Application time: 1.0016383 seconds
[2019-12-09T03:38:42.639+0000][1][safepoint    ] Entering safepoint region: Cleanup
[2019-12-09T03:38:42.639+0000][1][safepoint    ] Leaving safepoint region
[2019-12-09T03:38:42.639+0000][1][safepoint    ] Total time for which application threads were stopped: 0.0410447 seconds, Stopping threads took: 0.0409790 seconds
[2019-12-09T03:38:44.959+0000][1][safepoint    ] Application time: 2.3197944 seconds
[2019-12-09T03:38:44.959+0000][1][safepoint    ] Entering safepoint region: GenCollectForAllocation
[2019-12-09T03:38:44.959+0000][1][gc,start     ] GC(14) Pause Young (Allocation Failure)
[2019-12-09T03:38:44.959+0000][1][gc,task      ] GC(14) Using 2 workers of 2 for evacuation
[2019-12-09T03:38:45.587+0000][1][gc,age       ] GC(14) Desired survivor size 4456448 bytes, new threshold 1 (max threshold 6)
[2019-12-09T03:38:45.587+0000][1][gc,age       ] GC(14) Age table with threshold 1 (max threshold 6)
[2019-12-09T03:38:45.587+0000][1][gc,age       ] GC(14) - age   1:    8912800 bytes,    8912800 total
[2019-12-09T03:38:45.587+0000][1][gc,heap      ] GC(14) ParNew: 78656K->8704K(78656K)
[2019-12-09T03:38:45.587+0000][1][gc,heap      ] GC(14) CMS: 21156K->33904K(174784K)
[2019-12-09T03:38:45.587+0000][1][gc,metaspace ] GC(14) Metaspace: 27152K->27152K(1075200K)
[2019-12-09T03:38:45.587+0000][1][gc           ] GC(14) Pause Young (Allocation Failure) 97M->41M(247M) 627.964ms
[2019-12-09T03:38:45.587+0000][1][gc,cpu       ] GC(14) User=0.12s Sys=0.00s Real=0.63s
[2019-12-09T03:38:45.587+0000][1][safepoint    ] Leaving safepoint region
[2019-12-09T03:38:45.587+0000][1][safepoint    ] Total time for which application threads were stopped: 0.6281030 seconds, Stopping threads took: 0.0000168 seconds
[2019-12-09T03:38:48.523+0000][1][safepoint    ] Application time: 2.9360127 seconds
[2019-12-09T03:38:48.523+0000][1][safepoint    ] Entering safepoint region: RevokeBias
[2019-12-09T03:38:48.523+0000][1][safepoint    ] Leaving safepoint region
[2019-12-09T03:38:48.523+0000][1][safepoint    ] Total time for which application threads were stopped: 0.0000941 seconds, Stopping threads took: 0.0000137 seconds
[2019-12-09T03:38:49.037+0000][1][safepoint    ] Application time: 0.5143190 seconds
[2019-12-09T03:38:49.037+0000][1][safepoint    ] Entering safepoint region: RevokeBias
[2019-12-09T03:38:49.037+0000][1][safepoint    ] Leaving safepoint region
[2019-12-09T03:38:49.037+0000][1][safepoint    ] Total time for which application threads were stopped: 0.0001047 seconds, Stopping threads took: 0.0000130 seconds
[2019-12-09T03:38:49.745+0000][1][safepoint    ] Application time: 0.7077310 seconds
[2019-12-09T03:38:49.745+0000][1][safepoint    ] Entering safepoint region: GenCollectForAllocation
[2019-12-09T03:38:49.745+0000][1][gc,start     ] GC(15) Pause Young (Allocation Failure)
[2019-12-09T03:38:49.745+0000][1][gc,task      ] GC(15) Using 2 workers of 2 for evacuation
[2019-12-09T03:38:50.203+0000][1][gc,age       ] GC(15) Desired survivor size 4456448 bytes, new threshold 1 (max threshold 6)
[2019-12-09T03:38:50.203+0000][1][gc,age       ] GC(15) Age table with threshold 1 (max threshold 6)
[2019-12-09T03:38:50.203+0000][1][gc,age       ] GC(15) - age   1:    8912800 bytes,    8912800 total
[2019-12-09T03:38:50.203+0000][1][gc,heap      ] GC(15) ParNew: 78656K->8704K(78656K)
[2019-12-09T03:38:50.203+0000][1][gc,heap      ] GC(15) CMS: 33904K->45915K(174784K)
[2019-12-09T03:38:50.203+0000][1][gc,metaspace ] GC(15) Metaspace: 28903K->28903K(1077248K)
[2019-12-09T03:38:50.203+0000][1][gc           ] GC(15) Pause Young (Allocation Failure) 109M->53M(247M) 457.476ms
[2019-12-09T03:38:50.203+0000][1][gc,cpu       ] GC(15) User=0.10s Sys=0.00s Real=0.45s
[2019-12-09T03:38:50.203+0000][1][safepoint    ] Leaving safepoint region
[2019-12-09T03:38:50.203+0000][1][safepoint    ] Total time for which application threads were stopped: 0.4576451 seconds, Stopping threads took: 0.0000138 seconds
[2019-12-09T03:38:52.200+0000][1][safepoint    ] Application time: 1.9968509 seconds
[2019-12-09T03:38:52.200+0000][1][safepoint    ] Entering safepoint region: Cleanup
[2019-12-09T03:38:52.201+0000][1][safepoint    ] Leaving safepoint region
[2019-12-09T03:38:52.201+0000][1][safepoint    ] Total time for which application threads were stopped: 0.0008389 seconds, Stopping threads took: 0.0007505 seconds
[2019-12-09T03:38:53.214+0000][1][safepoint    ] Application time: 1.0131125 seconds
[2019-12-09T03:38:53.261+0000][1][safepoint    ] Entering safepoint region: Cleanup
[2019-12-09T03:38:53.261+0000][1][safepoint    ] Leaving safepoint region
[2019-12-09T03:38:53.261+0000][1][safepoint    ] Total time for which application threads were stopped: 0.0470646 seconds, Stopping threads took: 0.0469873 seconds
[2019-12-09T03:38:53.380+0000][1][safepoint    ] Application time: 0.1190447 seconds
[2019-12-09T03:38:53.380+0000][1][safepoint    ] Entering safepoint region: GenCollectForAllocation
[2019-12-09T03:38:53.380+0000][1][gc,start     ] GC(16) Pause Young (Allocation Failure)
[2019-12-09T03:38:53.380+0000][1][gc,task      ] GC(16) Using 2 workers of 2 for evacuation
[2019-12-09T03:38:53.663+0000][1][gc,age       ] GC(16) Desired survivor size 4456448 bytes, new threshold 6 (max threshold 6)
[2019-12-09T03:38:53.663+0000][1][gc,age       ] GC(16) Age table with threshold 6 (max threshold 6)
[2019-12-09T03:38:53.663+0000][1][gc,age       ] GC(16) - age   1:    1327672 bytes,    1327672 total
[2019-12-09T03:38:53.663+0000][1][gc,heap      ] GC(16) ParNew: 78656K->8613K(78656K)
[2019-12-09T03:38:53.663+0000][1][gc,heap      ] GC(16) CMS: 45915K->54677K(174784K)
[2019-12-09T03:38:53.663+0000][1][gc,metaspace ] GC(16) Metaspace: 32973K->32973K(1079296K)
[2019-12-09T03:38:53.664+0000][1][gc           ] GC(16) Pause Young (Allocation Failure) 121M->61M(247M) 283.520ms
[2019-12-09T03:38:53.664+0000][1][gc,cpu       ] GC(16) User=0.08s Sys=0.00s Real=0.28s
[2019-12-09T03:38:53.664+0000][1][safepoint    ] Leaving safepoint region
[2019-12-09T03:38:53.664+0000][1][safepoint    ] Total time for which application threads were stopped: 0.2836574 seconds, Stopping threads took: 0.0000224 seconds
[2019-12-09T03:38:54.671+0000][1][safepoint    ] Application time: 1.0071282 seconds
[2019-12-09T03:38:54.705+0000][1][safepoint    ] Entering safepoint region: Cleanup
[2019-12-09T03:38:54.705+0000][1][safepoint    ] Leaving safepoint region
[2019-12-09T03:38:54.705+0000][1][safepoint    ] Total time for which application threads were stopped: 0.0342688 seconds, Stopping threads took: 0.0341868 seconds
[2019-12-09T03:38:55.612+0000][1][safepoint    ] Application time: 0.9066283 seconds
[2019-12-09T03:38:55.612+0000][1][safepoint    ] Entering safepoint region: CollectForMetadataAllocation
[2019-12-09T03:38:55.612+0000][1][safepoint    ] Leaving safepoint region
[2019-12-09T03:38:55.612+0000][1][safepoint    ] Total time for which application threads were stopped: 0.0002586 seconds, Stopping threads took: 0.0000165 seconds
[2019-12-09T03:38:55.684+0000][1][safepoint    ] Application time: 0.0717828 seconds
[2019-12-09T03:38:55.684+0000][1][safepoint    ] Entering safepoint region: CMS_Initial_Mark
[2019-12-09T03:38:55.684+0000][1][gc,start     ] GC(17) Pause Initial Mark
[2019-12-09T03:38:55.838+0000][1][gc           ] GC(17) Pause Initial Mark 125M->125M(247M) 153.838ms
[2019-12-09T03:38:55.838+0000][1][gc,cpu       ] GC(17) User=0.03s Sys=0.00s Real=0.16s
[2019-12-09T03:38:55.838+0000][1][safepoint    ] Leaving safepoint region
[2019-12-09T03:38:55.838+0000][1][safepoint    ] Total time for which application threads were stopped: 0.1539967 seconds, Stopping threads took: 0.0000432 seconds
[2019-12-09T03:38:55.838+0000][1][gc           ] GC(17) Concurrent Mark
[2019-12-09T03:38:56.238+0000][1][safepoint    ] Application time: 0.4002257 seconds
[2019-12-09T03:38:56.238+0000][1][safepoint    ] Entering safepoint region: CollectForMetadataAllocation
[2019-12-09T03:38:56.238+0000][1][safepoint    ] Leaving safepoint region
[2019-12-09T03:38:56.238+0000][1][safepoint    ] Total time for which application threads were stopped: 0.0002204 seconds, Stopping threads took: 0.0000141 seconds
[2019-12-09T03:38:56.611+0000][1][gc           ] GC(17) Concurrent Mark 773.215ms
[2019-12-09T03:38:56.611+0000][1][gc,cpu       ] GC(17) User=0.23s Sys=0.01s Real=0.77s
[2019-12-09T03:38:56.611+0000][1][gc           ] GC(17) Concurrent Preclean
[2019-12-09T03:38:56.654+0000][1][gc           ] GC(17) Concurrent Preclean 42.449ms
[2019-12-09T03:38:56.654+0000][1][gc,cpu       ] GC(17) User=0.01s Sys=0.00s Real=0.04s
[2019-12-09T03:38:56.654+0000][1][safepoint    ] Application time: 0.4153454 seconds
[2019-12-09T03:38:56.654+0000][1][safepoint    ] Entering safepoint region: CollectForMetadataAllocation
[2019-12-09T03:38:56.654+0000][1][safepoint    ] Leaving safepoint region
[2019-12-09T03:38:56.654+0000][1][safepoint    ] Total time for which application threads were stopped: 0.0002665 seconds, Stopping threads took: 0.0000124 seconds
[2019-12-09T03:38:56.654+0000][1][gc           ] GC(17) Concurrent Abortable Preclean
[2019-12-09T03:38:56.894+0000][1][safepoint    ] Application time: 0.2398678 seconds
[2019-12-09T03:38:56.894+0000][1][safepoint    ] Entering safepoint region: CollectForMetadataAllocation
[2019-12-09T03:38:56.894+0000][1][safepoint    ] Leaving safepoint region
[2019-12-09T03:38:56.894+0000][1][safepoint    ] Total time for which application threads were stopped: 0.0002423 seconds, Stopping threads took: 0.0000142 seconds
[2019-12-09T03:38:56.972+0000][1][safepoint    ] Application time: 0.0777012 seconds
[2019-12-09T03:38:56.972+0000][1][safepoint    ] Entering safepoint region: GenCollectForAllocation
[2019-12-09T03:38:56.972+0000][1][gc,start     ] GC(18) Pause Young (Allocation Failure)
[2019-12-09T03:38:56.972+0000][1][gc,task      ] GC(18) Using 2 workers of 2 for evacuation
[2019-12-09T03:38:57.049+0000][1][gc,age       ] GC(18) Desired survivor size 4456448 bytes, new threshold 6 (max threshold 6)
[2019-12-09T03:38:57.049+0000][1][gc,age       ] GC(18) Age table with threshold 6 (max threshold 6)
[2019-12-09T03:38:57.049+0000][1][gc,age       ] GC(18) - age   1:    1891560 bytes,    1891560 total
[2019-12-09T03:38:57.049+0000][1][gc,age       ] GC(18) - age   2:    1260552 bytes,    3152112 total
[2019-12-09T03:38:57.049+0000][1][gc,heap      ] GC(18) ParNew: 78565K->4792K(78656K)
[2019-12-09T03:38:57.049+0000][1][gc,heap      ] GC(18) CMS: 54677K->54677K(174784K)
[2019-12-09T03:38:57.049+0000][1][gc,metaspace ] GC(18) Metaspace: 34699K->34699K(1081344K)
[2019-12-09T03:38:57.049+0000][1][gc           ] GC(18) Pause Young (Allocation Failure) 130M->58M(247M) 77.265ms
[2019-12-09T03:38:57.049+0000][1][gc,cpu       ] GC(18) User=0.02s Sys=0.00s Real=0.08s
[2019-12-09T03:38:57.049+0000][1][safepoint    ] Leaving safepoint region
[2019-12-09T03:38:57.049+0000][1][safepoint    ] Total time for which application threads were stopped: 0.0774046 seconds, Stopping threads took: 0.0000157 seconds
[2019-12-09T03:38:57.091+0000][1][safepoint    ] Application time: 0.0413947 seconds
[2019-12-09T03:38:57.091+0000][1][safepoint    ] Entering safepoint region: CollectForMetadataAllocation
[2019-12-09T03:38:57.091+0000][1][safepoint    ] Leaving safepoint region
[2019-12-09T03:38:57.091+0000][1][safepoint    ] Total time for which application threads were stopped: 0.0002714 seconds, Stopping threads took: 0.0000142 seconds
[2019-12-09T03:38:57.333+0000][1][safepoint    ] Application time: 0.2418474 seconds
[2019-12-09T03:38:57.333+0000][1][safepoint    ] Entering safepoint region: CollectForMetadataAllocation
[2019-12-09T03:38:57.333+0000][1][safepoint    ] Leaving safepoint region
[2019-12-09T03:38:57.333+0000][1][safepoint    ] Total time for which application threads were stopped: 0.0002405 seconds, Stopping threads took: 0.0000166 seconds
[2019-12-09T03:38:57.537+0000][1][safepoint    ] Application time: 0.2036916 seconds
[2019-12-09T03:38:57.537+0000][1][safepoint    ] Entering safepoint region: CollectForMetadataAllocation
[2019-12-09T03:38:57.537+0000][1][safepoint    ] Leaving safepoint region
[2019-12-09T03:38:57.537+0000][1][safepoint    ] Total time for which application threads were stopped: 0.0002377 seconds, Stopping threads took: 0.0000154 seconds
[2019-12-09T03:38:57.855+0000][1][safepoint    ] Application time: 0.3181512 seconds
[2019-12-09T03:38:57.855+0000][1][safepoint    ] Entering safepoint region: CollectForMetadataAllocation
[2019-12-09T03:38:57.855+0000][1][safepoint    ] Leaving safepoint region
[2019-12-09T03:38:57.855+0000][1][safepoint    ] Total time for which application threads were stopped: 0.0002216 seconds, Stopping threads took: 0.0000127 seconds
[2019-12-09T03:38:57.979+0000][1][safepoint    ] Application time: 0.1240242 seconds
[2019-12-09T03:38:57.980+0000][1][safepoint    ] Entering safepoint region: CollectForMetadataAllocation
[2019-12-09T03:38:57.980+0000][1][safepoint    ] Leaving safepoint region
[2019-12-09T03:38:57.980+0000][1][safepoint    ] Total time for which application threads were stopped: 0.0002585 seconds, Stopping threads took: 0.0000147 seconds
[2019-12-09T03:38:58.283+0000][1][safepoint    ] Application time: 0.3029153 seconds
[2019-12-09T03:38:58.283+0000][1][safepoint    ] Entering safepoint region: CollectForMetadataAllocation
[2019-12-09T03:38:58.283+0000][1][safepoint    ] Leaving safepoint region
[2019-12-09T03:38:58.283+0000][1][safepoint    ] Total time for which application threads were stopped: 0.0002583 seconds, Stopping threads took: 0.0000137 seconds
[2019-12-09T03:38:58.739+0000][1][safepoint    ] Application time: 0.4557334 seconds
[2019-12-09T03:38:58.739+0000][1][safepoint    ] Entering safepoint region: CollectForMetadataAllocation
[2019-12-09T03:38:58.739+0000][1][safepoint    ] Leaving safepoint region
[2019-12-09T03:38:58.739+0000][1][safepoint    ] Total time for which application threads were stopped: 0.0002693 seconds, Stopping threads took: 0.0000166 seconds
[2019-12-09T03:38:58.792+0000][1][safepoint    ] Application time: 0.0529165 seconds
[2019-12-09T03:38:58.792+0000][1][safepoint    ] Entering safepoint region: RevokeBias
[2019-12-09T03:38:58.792+0000][1][safepoint    ] Leaving safepoint region
[2019-12-09T03:38:58.792+0000][1][safepoint    ] Total time for which application threads were stopped: 0.0001400 seconds, Stopping threads took: 0.0000139 seconds
[2019-12-09T03:38:59.150+0000][1][safepoint    ] Application time: 0.3573695 seconds
[2019-12-09T03:38:59.150+0000][1][safepoint    ] Entering safepoint region: CollectForMetadataAllocation
[2019-12-09T03:38:59.150+0000][1][safepoint    ] Leaving safepoint region
[2019-12-09T03:38:59.150+0000][1][safepoint    ] Total time for which application threads were stopped: 0.0002600 seconds, Stopping threads took: 0.0000143 seconds
[2019-12-09T03:38:59.437+0000][1][safepoint    ] Application time: 0.2867692 seconds
[2019-12-09T03:38:59.437+0000][1][safepoint    ] Entering safepoint region: CollectForMetadataAllocation
[2019-12-09T03:38:59.437+0000][1][safepoint    ] Leaving safepoint region
[2019-12-09T03:38:59.437+0000][1][safepoint    ] Total time for which application threads were stopped: 0.0002613 seconds, Stopping threads took: 0.0000129 seconds
[2019-12-09T03:38:59.771+0000][1][safepoint    ] Application time: 0.3336675 seconds
[2019-12-09T03:38:59.771+0000][1][safepoint    ] Entering safepoint region: CollectForMetadataAllocation
[2019-12-09T03:38:59.771+0000][1][safepoint    ] Leaving safepoint region
[2019-12-09T03:38:59.771+0000][1][safepoint    ] Total time for which application threads were stopped: 0.0002509 seconds, Stopping threads took: 0.0000149 seconds
[2019-12-09T03:39:00.033+0000][1][safepoint    ] Application time: 0.2618684 seconds
[2019-12-09T03:39:00.033+0000][1][safepoint    ] Entering safepoint region: CollectForMetadataAllocation
[2019-12-09T03:39:00.033+0000][1][safepoint    ] Leaving safepoint region
[2019-12-09T03:39:00.033+0000][1][safepoint    ] Total time for which application threads were stopped: 0.0001546 seconds, Stopping threads took: 0.0000158 seconds
[2019-12-09T03:39:00.474+0000][1][safepoint    ] Application time: 0.4407782 seconds
[2019-12-09T03:39:00.474+0000][1][safepoint    ] Entering safepoint region: CollectForMetadataAllocation
[2019-12-09T03:39:00.474+0000][1][safepoint    ] Leaving safepoint region
[2019-12-09T03:39:00.474+0000][1][safepoint    ] Total time for which application threads were stopped: 0.0002373 seconds, Stopping threads took: 0.0000153 seconds
[2019-12-09T03:39:00.771+0000][1][safepoint    ] Application time: 0.2967074 seconds
[2019-12-09T03:39:00.771+0000][1][safepoint    ] Entering safepoint region: CollectForMetadataAllocation
[2019-12-09T03:39:00.771+0000][1][safepoint    ] Leaving safepoint region
[2019-12-09T03:39:00.771+0000][1][safepoint    ] Total time for which application threads were stopped: 0.0002477 seconds, Stopping threads took: 0.0000190 seconds
[2019-12-09T03:39:01.082+0000][1][safepoint    ] Application time: 0.3106013 seconds
[2019-12-09T03:39:01.082+0000][1][safepoint    ] Entering safepoint region: CollectForMetadataAllocation
[2019-12-09T03:39:01.082+0000][1][safepoint    ] Leaving safepoint region
[2019-12-09T03:39:01.082+0000][1][safepoint    ] Total time for which application threads were stopped: 0.0002518 seconds, Stopping threads took: 0.0000209 seconds
[2019-12-09T03:39:01.242+0000][1][safepoint    ] Application time: 0.1603702 seconds
[2019-12-09T03:39:01.242+0000][1][safepoint    ] Entering safepoint region: CollectForMetadataAllocation
[2019-12-09T03:39:01.243+0000][1][safepoint    ] Leaving safepoint region
[2019-12-09T03:39:01.243+0000][1][safepoint    ] Total time for which application threads were stopped: 0.0001999 seconds, Stopping threads took: 0.0000125 seconds
[2019-12-09T03:39:01.654+0000][1][safepoint    ] Application time: 0.4112198 seconds
[2019-12-09T03:39:01.654+0000][1][safepoint    ] Entering safepoint region: CollectForMetadataAllocation
[2019-12-09T03:39:01.654+0000][1][safepoint    ] Leaving safepoint region
[2019-12-09T03:39:01.654+0000][1][safepoint    ] Total time for which application threads were stopped: 0.0002292 seconds, Stopping threads took: 0.0000178 seconds
[2019-12-09T03:39:01.834+0000][1][gc           ] GC(17) Concurrent Abortable Preclean 5180.358ms
[2019-12-09T03:39:01.834+0000][1][gc,cpu       ] GC(17) User=1.55s Sys=0.03s Real=5.18s
[2019-12-09T03:39:01.845+0000][1][safepoint    ] Application time: 0.1906913 seconds
[2019-12-09T03:39:01.845+0000][1][safepoint    ] Entering safepoint region: CMS_Final_Remark
[2019-12-09T03:39:01.845+0000][1][gc,start     ] GC(17) Pause Remark
[2019-12-09T03:39:02.021+0000][1][gc           ] GC(17) Pause Remark 79M->79M(247M) 176.091ms
[2019-12-09T03:39:02.021+0000][1][gc,cpu       ] GC(17) User=0.03s Sys=0.00s Real=0.17s
[2019-12-09T03:39:02.021+0000][1][safepoint    ] Leaving safepoint region
[2019-12-09T03:39:02.021+0000][1][safepoint    ] Total time for which application threads were stopped: 0.1762363 seconds, Stopping threads took: 0.0000156 seconds
[2019-12-09T03:39:02.061+0000][1][gc           ] GC(17) Concurrent Sweep
[2019-12-09T03:39:02.100+0000][1][safepoint    ] Application time: 0.0787207 seconds
[2019-12-09T03:39:02.102+0000][1][safepoint    ] Entering safepoint region: CollectForMetadataAllocation
[2019-12-09T03:39:02.103+0000][1][safepoint    ] Leaving safepoint region
[2019-12-09T03:39:02.103+0000][1][safepoint    ] Total time for which application threads were stopped: 0.0034702 seconds, Stopping threads took: 0.0025708 seconds
[2019-12-09T03:39:02.545+0000][1][gc           ] GC(17) Concurrent Sweep 484.689ms
[2019-12-09T03:39:02.546+0000][1][gc,cpu       ] GC(17) User=0.10s Sys=0.00s Real=0.49s
[2019-12-09T03:39:02.546+0000][1][gc           ] GC(17) Concurrent Reset
[2019-12-09T03:39:02.546+0000][1][gc           ] GC(17) Concurrent Reset 0.346ms
[2019-12-09T03:39:02.546+0000][1][gc,cpu       ] GC(17) User=0.00s Sys=0.00s Real=0.00s
[2019-12-09T03:39:02.546+0000][1][gc,heap      ] GC(17) Old: 54677K->54468K(174784K)
[2019-12-09T03:39:03.104+0000][1][safepoint    ] Application time: 1.0004701 seconds
[2019-12-09T03:39:03.104+0000][1][safepoint    ] Entering safepoint region: Cleanup
[2019-12-09T03:39:03.104+0000][1][safepoint    ] Leaving safepoint region
[2019-12-09T03:39:03.104+0000][1][safepoint    ] Total time for which application threads were stopped: 0.0001704 seconds, Stopping threads took: 0.0001253 seconds
[2019-12-09T03:39:03.687+0000][1][safepoint    ] Application time: 0.5831289 seconds
[2019-12-09T03:39:03.688+0000][1][safepoint    ] Entering safepoint region: RevokeBias
[2019-12-09T03:39:03.688+0000][1][safepoint    ] Leaving safepoint region
[2019-12-09T03:39:03.688+0000][1][safepoint    ] Total time for which application threads were stopped: 0.0005307 seconds, Stopping threads took: 0.0004684 seconds
[2019-12-09T03:39:03.688+0000][1][safepoint    ] Application time: 0.0001130 seconds
[2019-12-09T03:39:03.688+0000][1][safepoint    ] Entering safepoint region: RevokeBias
[2019-12-09T03:39:03.688+0000][1][safepoint    ] Leaving safepoint region
[2019-12-09T03:39:03.688+0000][1][safepoint    ] Total time for which application threads were stopped: 0.0000442 seconds, Stopping threads took: 0.0000104 seconds
[2019-12-09T03:39:03.688+0000][1][safepoint    ] Application time: 0.0000656 seconds
[2019-12-09T03:39:03.688+0000][1][safepoint    ] Entering safepoint region: RevokeBias
[2019-12-09T03:39:03.688+0000][1][safepoint    ] Leaving safepoint region
[2019-12-09T03:39:03.688+0000][1][safepoint    ] Total time for which application threads were stopped: 0.0000323 seconds, Stopping threads took: 0.0000088 seconds
[2019-12-09T03:39:03.688+0000][1][safepoint    ] Application time: 0.0001590 seconds
[2019-12-09T03:39:03.688+0000][1][safepoint    ] Entering safepoint region: RevokeBias
[2019-12-09T03:39:03.688+0000][1][safepoint    ] Leaving safepoint region
[2019-12-09T03:39:03.688+0000][1][safepoint    ] Total time for which application threads were stopped: 0.0000357 seconds, Stopping threads took: 0.0000089 seconds
[2019-12-09T03:39:04.710+0000][1][safepoint    ] Application time: 1.0215494 seconds
[2019-12-09T03:39:04.742+0000][1][safepoint    ] Entering safepoint region: Cleanup
[2019-12-09T03:39:04.742+0000][1][safepoint    ] Leaving safepoint region
[2019-12-09T03:39:04.742+0000][1][safepoint    ] Total time for which application threads were stopped: 0.0327174 seconds, Stopping threads took: 0.0326571 seconds
[2019-12-09T03:39:08.666+0000][1][safepoint    ] Application time: 3.9233740 seconds
[2019-12-09T03:39:08.707+0000][1][safepoint    ] Entering safepoint region: RevokeBias
[2019-12-09T03:39:08.707+0000][1][safepoint    ] Leaving safepoint region
[2019-12-09T03:39:08.707+0000][1][safepoint    ] Total time for which application threads were stopped: 0.0410369 seconds, Stopping threads took: 0.0409282 seconds
[2019-12-09T03:39:08.707+0000][1][safepoint    ] Application time: 0.0001857 seconds
[2019-12-09T03:39:08.707+0000][1][safepoint    ] Entering safepoint region: RevokeBias
[2019-12-09T03:39:08.707+0000][1][safepoint    ] Leaving safepoint region
[2019-12-09T03:39:08.707+0000][1][safepoint    ] Total time for which application threads were stopped: 0.0000733 seconds, Stopping threads took: 0.0000101 seconds
[2019-12-09T03:39:08.707+0000][1][safepoint    ] Application time: 0.0002809 seconds
[2019-12-09T03:39:08.708+0000][1][safepoint    ] Entering safepoint region: RevokeBias
[2019-12-09T03:39:08.708+0000][1][safepoint    ] Leaving safepoint region
[2019-12-09T03:39:08.708+0000][1][safepoint    ] Total time for which application threads were stopped: 0.0000737 seconds, Stopping threads took: 0.0000094 seconds
[2019-12-09T03:39:08.708+0000][1][safepoint    ] Application time: 0.0000834 seconds
[2019-12-09T03:39:08.708+0000][1][safepoint    ] Entering safepoint region: RevokeBias
[2019-12-09T03:39:08.708+0000][1][safepoint    ] Leaving safepoint region
[2019-12-09T03:39:08.708+0000][1][safepoint    ] Total time for which application threads were stopped: 0.0000687 seconds, Stopping threads took: 0.0000086 seconds
[2019-12-09T03:39:08.708+0000][1][safepoint    ] Application time: 0.0000542 seconds
[2019-12-09T03:39:08.708+0000][1][safepoint    ] Entering safepoint region: RevokeBias
[2019-12-09T03:39:08.708+0000][1][safepoint    ] Leaving safepoint region
[2019-12-09T03:39:08.708+0000][1][safepoint    ] Total time for which application threads were stopped: 0.0000571 seconds, Stopping threads took: 0.0000072 seconds
[2019-12-09T03:39:08.708+0000][1][safepoint    ] Application time: 0.0000804 seconds
[2019-12-09T03:39:08.708+0000][1][safepoint    ] Entering safepoint region: RevokeBias
[2019-12-09T03:39:08.708+0000][1][safepoint    ] Leaving safepoint region
[2019-12-09T03:39:08.708+0000][1][safepoint    ] Total time for which application threads were stopped: 0.0000641 seconds, Stopping threads took: 0.0000078 seconds
[2019-12-09T03:39:08.708+0000][1][safepoint    ] Application time: 0.0000580 seconds
[2019-12-09T03:39:08.708+0000][1][safepoint    ] Entering safepoint region: RevokeBias
[2019-12-09T03:39:08.708+0000][1][safepoint    ] Leaving safepoint region
[2019-12-09T03:39:08.708+0000][1][safepoint    ] Total time for which application threads were stopped: 0.0000629 seconds, Stopping threads took: 0.0000076 seconds
[2019-12-09T03:39:08.709+0000][1][safepoint    ] Application time: 0.0012419 seconds
[2019-12-09T03:39:08.709+0000][1][safepoint    ] Entering safepoint region: RevokeBias
[2019-12-09T03:39:08.710+0000][1][safepoint    ] Leaving safepoint region
[2019-12-09T03:39:08.710+0000][1][safepoint    ] Total time for which application threads were stopped: 0.0000844 seconds, Stopping threads took: 0.0000102 seconds
[2019-12-09T03:39:08.710+0000][1][safepoint    ] Application time: 0.0003745 seconds
[2019-12-09T03:39:08.710+0000][1][safepoint    ] Entering safepoint region: RevokeBias
[2019-12-09T03:39:08.710+0000][1][safepoint    ] Leaving safepoint region
[2019-12-09T03:39:08.710+0000][1][safepoint    ] Total time for which application threads were stopped: 0.0000797 seconds, Stopping threads took: 0.0000112 seconds
[2019-12-09T03:39:09.717+0000][1][safepoint    ] Application time: 1.0066592 seconds
[2019-12-09T03:39:09.754+0000][1][safepoint    ] Entering safepoint region: Cleanup
[2019-12-09T03:39:09.755+0000][1][safepoint    ] Leaving safepoint region
[2019-12-09T03:39:09.755+0000][1][safepoint    ] Total time for which application threads were stopped: 0.0377785 seconds, Stopping threads took: 0.0377171 seconds
[2019-12-09T03:39:10.757+0000][1][safepoint    ] Application time: 1.0021661 seconds
[2019-12-09T03:39:10.809+0000][1][safepoint    ] Entering safepoint region: Cleanup
[2019-12-09T03:39:10.809+0000][1][safepoint    ] Leaving safepoint region
[2019-12-09T03:39:10.809+0000][1][safepoint    ] Total time for which application threads were stopped: 0.0520816 seconds, Stopping threads took: 0.0520005 seconds
[2019-12-09T03:39:11.185+0000][1][safepoint    ] Application time: 0.3759092 seconds
[2019-12-09T03:39:11.204+0000][1][safepoint    ] Entering safepoint region: RevokeBias
[2019-12-09T03:39:11.204+0000][1][safepoint    ] Leaving safepoint region
[2019-12-09T03:39:11.204+0000][1][safepoint    ] Total time for which application threads were stopped: 0.0191872 seconds, Stopping threads took: 0.0190166 seconds
[2019-12-09T03:39:11.204+0000][1][safepoint    ] Application time: 0.0002089 seconds
[2019-12-09T03:39:11.204+0000][1][safepoint    ] Entering safepoint region: RevokeBias
[2019-12-09T03:39:11.204+0000][1][safepoint    ] Leaving safepoint region
[2019-12-09T03:39:11.204+0000][1][safepoint    ] Total time for which application threads were stopped: 0.0000861 seconds, Stopping threads took: 0.0000089 seconds
[2019-12-09T03:39:11.323+0000][1][safepoint    ] Application time: 0.1186116 seconds
[2019-12-09T03:39:11.323+0000][1][safepoint    ] Entering safepoint region: GenCollectForAllocation
[2019-12-09T03:39:11.323+0000][1][gc,start     ] GC(19) Pause Young (Allocation Failure)
[2019-12-09T03:39:11.323+0000][1][gc,task      ] GC(19) Using 2 workers of 2 for evacuation
[2019-12-09T03:39:11.526+0000][1][gc,age       ] GC(19) Desired survivor size 4456448 bytes, new threshold 3 (max threshold 6)
[2019-12-09T03:39:11.526+0000][1][gc,age       ] GC(19) Age table with threshold 3 (max threshold 6)
[2019-12-09T03:39:11.526+0000][1][gc,age       ] GC(19) - age   1:    2576352 bytes,    2576352 total
[2019-12-09T03:39:11.526+0000][1][gc,age       ] GC(19) - age   2:    1847840 bytes,    4424192 total
[2019-12-09T03:39:11.526+0000][1][gc,age       ] GC(19) - age   3:    1258216 bytes,    5682408 total
[2019-12-09T03:39:11.526+0000][1][gc,heap      ] GC(19) ParNew: 74744K->7269K(78656K)
[2019-12-09T03:39:11.526+0000][1][gc,heap      ] GC(19) CMS: 54468K->54468K(174784K)
[2019-12-09T03:39:11.526+0000][1][gc,metaspace ] GC(19) Metaspace: 42949K->42949K(1089536K)
[2019-12-09T03:39:11.526+0000][1][gc           ] GC(19) Pause Young (Allocation Failure) 126M->60M(247M) 203.295ms
[2019-12-09T03:39:11.526+0000][1][gc,cpu       ] GC(19) User=0.04s Sys=0.00s Real=0.21s
[2019-12-09T03:39:11.526+0000][1][safepoint    ] Leaving safepoint region
[2019-12-09T03:39:11.526+0000][1][safepoint    ] Total time for which application threads were stopped: 0.2034468 seconds, Stopping threads took: 0.0000155 seconds
[2019-12-09T03:39:11.675+0000][1][safepoint    ] Application time: 0.1490652 seconds
[2019-12-09T03:39:11.675+0000][1][safepoint    ] Entering safepoint region: RevokeBias
[2019-12-09T03:39:11.676+0000][1][safepoint    ] Leaving safepoint region
[2019-12-09T03:39:11.676+0000][1][safepoint    ] Total time for which application threads were stopped: 0.0000693 seconds, Stopping threads took: 0.0000135 seconds
[2019-12-09T03:39:12.686+0000][1][safepoint    ] Application time: 1.0103375 seconds
[2019-12-09T03:39:12.694+0000][1][safepoint    ] Entering safepoint region: Cleanup
[2019-12-09T03:39:12.694+0000][1][safepoint    ] Leaving safepoint region
[2019-12-09T03:39:12.694+0000][1][safepoint    ] Total time for which application threads were stopped: 0.0078898 seconds, Stopping threads took: 0.0078228 seconds
[2019-12-09T03:39:13.169+0000][1][safepoint    ] Application time: 0.4756270 seconds
[2019-12-09T03:39:13.169+0000][1][safepoint    ] Entering safepoint region: RevokeBias
[2019-12-09T03:39:13.170+0000][1][safepoint    ] Leaving safepoint region
[2019-12-09T03:39:13.170+0000][1][safepoint    ] Total time for which application threads were stopped: 0.0001003 seconds, Stopping threads took: 0.0000136 seconds
[2019-12-09T03:39:13.204+0000][1][safepoint    ] Application time: 0.0347848 seconds
[2019-12-09T03:39:13.204+0000][1][safepoint    ] Entering safepoint region: RevokeBias
[2019-12-09T03:39:13.205+0000][1][safepoint    ] Leaving safepoint region
[2019-12-09T03:39:13.205+0000][1][safepoint    ] Total time for which application threads were stopped: 0.0001168 seconds, Stopping threads took: 0.0000164 seconds
[2019-12-09T03:39:14.206+0000][1][safepoint    ] Application time: 1.0011605 seconds
[2019-12-09T03:39:14.265+0000][1][safepoint    ] Entering safepoint region: Cleanup
[2019-12-09T03:39:14.265+0000][1][safepoint    ] Leaving safepoint region
[2019-12-09T03:39:14.265+0000][1][safepoint    ] Total time for which application threads were stopped: 0.0589632 seconds, Stopping threads took: 0.0588780 seconds
[2019-12-09T03:39:14.685+0000][1][safepoint    ] Application time: 0.4199931 seconds
[2019-12-09T03:39:14.685+0000][1][safepoint    ] Entering safepoint region: RevokeBias
[2019-12-09T03:39:14.685+0000][1][safepoint    ] Leaving safepoint region
[2019-12-09T03:39:14.685+0000][1][safepoint    ] Total time for which application threads were stopped: 0.0004798 seconds, Stopping threads took: 0.0000164 seconds
[2019-12-09T03:39:14.724+0000][1][safepoint    ] Application time: 0.0384971 seconds
[2019-12-09T03:39:14.724+0000][1][safepoint    ] Entering safepoint region: RevokeBias
[2019-12-09T03:39:14.724+0000][1][safepoint    ] Leaving safepoint region
[2019-12-09T03:39:14.724+0000][1][safepoint    ] Total time for which application threads were stopped: 0.0001023 seconds, Stopping threads took: 0.0000155 seconds
[2019-12-09T03:39:14.758+0000][1][safepoint    ] Application time: 0.0338340 seconds
[2019-12-09T03:39:14.787+0000][1][safepoint    ] Entering safepoint region: RevokeBias
[2019-12-09T03:39:14.787+0000][1][safepoint    ] Leaving safepoint region
[2019-12-09T03:39:14.787+0000][1][safepoint    ] Total time for which application threads were stopped: 0.0290952 seconds, Stopping threads took: 0.0289926 seconds
[2019-12-09T03:39:14.787+0000][1][safepoint    ] Application time: 0.0000968 seconds
[2019-12-09T03:39:14.787+0000][1][safepoint    ] Entering safepoint region: RevokeBias
[2019-12-09T03:39:14.787+0000][1][safepoint    ] Leaving safepoint region
[2019-12-09T03:39:14.787+0000][1][safepoint    ] Total time for which application threads were stopped: 0.0000542 seconds, Stopping threads took: 0.0000079 seconds
[2019-12-09T03:39:15.209+0000][1][safepoint    ] Application time: 0.4217148 seconds
[2019-12-09T03:39:15.301+0000][1][safepoint    ] Entering safepoint region: RevokeBias
[2019-12-09T03:39:15.301+0000][1][safepoint    ] Leaving safepoint region
[2019-12-09T03:39:15.301+0000][1][safepoint    ] Total time for which application threads were stopped: 0.0922558 seconds, Stopping threads took: 0.0920273 seconds
[2019-12-09T03:39:15.325+0000][1][safepoint    ] Application time: 0.0237794 seconds
[2019-12-09T03:39:15.423+0000][1][safepoint    ] Entering safepoint region: RevokeBias
[2019-12-09T03:39:15.423+0000][1][safepoint    ] Leaving safepoint region
[2019-12-09T03:39:15.423+0000][1][safepoint    ] Total time for which application threads were stopped: 0.0981588 seconds, Stopping threads took: 0.0979089 seconds
[2019-12-09T03:39:15.471+0000][1][safepoint    ] Application time: 0.0477000 seconds
[2019-12-09T03:39:15.471+0000][1][safepoint    ] Entering safepoint region: RevokeBias
[2019-12-09T03:39:15.471+0000][1][safepoint    ] Leaving safepoint region
[2019-12-09T03:39:15.471+0000][1][safepoint    ] Total time for which application threads were stopped: 0.0000931 seconds, Stopping threads took: 0.0000135 seconds
[2019-12-09T03:39:15.471+0000][1][safepoint    ] Application time: 0.0001511 seconds
[2019-12-09T03:39:15.471+0000][1][safepoint    ] Entering safepoint region: RevokeBias
[2019-12-09T03:39:15.471+0000][1][safepoint    ] Leaving safepoint region
[2019-12-09T03:39:15.471+0000][1][safepoint    ] Total time for which application threads were stopped: 0.0000611 seconds, Stopping threads took: 0.0000093 seconds
[2019-12-09T03:39:15.471+0000][1][safepoint    ] Application time: 0.0001851 seconds
[2019-12-09T03:39:15.471+0000][1][safepoint    ] Entering safepoint region: RevokeBias
[2019-12-09T03:39:15.471+0000][1][safepoint    ] Leaving safepoint region
[2019-12-09T03:39:15.471+0000][1][safepoint    ] Total time for which application threads were stopped: 0.0000593 seconds, Stopping threads took: 0.0000096 seconds
[2019-12-09T03:39:15.489+0000][1][safepoint    ] Application time: 0.0173684 seconds
[2019-12-09T03:39:15.489+0000][1][safepoint    ] Entering safepoint region: RevokeBias
[2019-12-09T03:39:15.489+0000][1][safepoint    ] Leaving safepoint region
[2019-12-09T03:39:15.489+0000][1][safepoint    ] Total time for which application threads were stopped: 0.0000776 seconds, Stopping threads took: 0.0000122 seconds
[2019-12-09T03:39:15.496+0000][1][safepoint    ] Application time: 0.0069043 seconds
[2019-12-09T03:39:15.502+0000][1][safepoint    ] Entering safepoint region: RevokeBias
[2019-12-09T03:39:15.502+0000][1][safepoint    ] Leaving safepoint region
[2019-12-09T03:39:15.502+0000][1][safepoint    ] Total time for which application threads were stopped: 0.0060887 seconds, Stopping threads took: 0.0060100 seconds
[2019-12-09T03:39:15.583+0000][1][safepoint    ] Application time: 0.0809005 seconds
[2019-12-09T03:39:15.583+0000][1][safepoint    ] Entering safepoint region: RevokeBias
[2019-12-09T03:39:15.583+0000][1][safepoint    ] Leaving safepoint region
[2019-12-09T03:39:15.583+0000][1][safepoint    ] Total time for which application threads were stopped: 0.0001855 seconds, Stopping threads took: 0.0000680 seconds
[2019-12-09T03:39:15.692+0000][1][safepoint    ] Application time: 0.1090312 seconds
[2019-12-09T03:39:15.751+0000][1][safepoint    ] Entering safepoint region: RevokeBias
[2019-12-09T03:39:15.751+0000][1][safepoint    ] Leaving safepoint region
[2019-12-09T03:39:15.751+0000][1][safepoint    ] Total time for which application threads were stopped: 0.0588150 seconds, Stopping threads took: 0.0586897 seconds
[2019-12-09T03:39:15.751+0000][1][safepoint    ] Application time: 0.0000877 seconds
[2019-12-09T03:39:15.751+0000][1][safepoint    ] Entering safepoint region: RevokeBias
[2019-12-09T03:39:15.751+0000][1][safepoint    ] Leaving safepoint region
[2019-12-09T03:39:15.751+0000][1][safepoint    ] Total time for which application threads were stopped: 0.0000650 seconds, Stopping threads took: 0.0000095 seconds
[2019-12-09T03:39:15.751+0000][1][safepoint    ] Application time: 0.0000527 seconds
[2019-12-09T03:39:15.751+0000][1][safepoint    ] Entering safepoint region: RevokeBias
[2019-12-09T03:39:15.751+0000][1][safepoint    ] Leaving safepoint region
[2019-12-09T03:39:15.751+0000][1][safepoint    ] Total time for which application threads were stopped: 0.0000520 seconds, Stopping threads took: 0.0000077 seconds
[2019-12-09T03:39:15.751+0000][1][safepoint    ] Application time: 0.0000504 seconds
[2019-12-09T03:39:15.751+0000][1][safepoint    ] Entering safepoint region: RevokeBias
[2019-12-09T03:39:15.751+0000][1][safepoint    ] Leaving safepoint region
[2019-12-09T03:39:15.751+0000][1][safepoint    ] Total time for which application threads were stopped: 0.0000507 seconds, Stopping threads took: 0.0000077 seconds
[2019-12-09T03:39:15.751+0000][1][safepoint    ] Application time: 0.0000509 seconds
[2019-12-09T03:39:15.751+0000][1][safepoint    ] Entering safepoint region: RevokeBias
[2019-12-09T03:39:15.751+0000][1][safepoint    ] Leaving safepoint region
[2019-12-09T03:39:15.751+0000][1][safepoint    ] Total time for which application threads were stopped: 0.0000510 seconds, Stopping threads took: 0.0000075 seconds
[2019-12-09T03:39:15.751+0000][1][safepoint    ] Application time: 0.0000502 seconds
[2019-12-09T03:39:15.751+0000][1][safepoint    ] Entering safepoint region: RevokeBias
[2019-12-09T03:39:15.752+0000][1][safepoint    ] Leaving safepoint region
[2019-12-09T03:39:15.752+0000][1][safepoint    ] Total time for which application threads were stopped: 0.0000501 seconds, Stopping threads took: 0.0000077 seconds
[2019-12-09T03:39:15.752+0000][1][safepoint    ] Application time: 0.0000505 seconds
[2019-12-09T03:39:15.752+0000][1][safepoint    ] Entering safepoint region: RevokeBias
[2019-12-09T03:39:15.752+0000][1][safepoint    ] Leaving safepoint region
[2019-12-09T03:39:15.752+0000][1][safepoint    ] Total time for which application threads were stopped: 0.0000494 seconds, Stopping threads took: 0.0000073 seconds
[2019-12-09T03:39:15.752+0000][1][safepoint    ] Application time: 0.0000651 seconds
[2019-12-09T03:39:15.752+0000][1][safepoint    ] Entering safepoint region: RevokeBias
[2019-12-09T03:39:15.752+0000][1][safepoint    ] Leaving safepoint region
[2019-12-09T03:39:15.752+0000][1][safepoint    ] Total time for which application threads were stopped: 0.0000578 seconds, Stopping threads took: 0.0000081 seconds
[2019-12-09T03:39:15.752+0000][1][safepoint    ] Application time: 0.0000514 seconds
[2019-12-09T03:39:15.752+0000][1][safepoint    ] Entering safepoint region: RevokeBias
[2019-12-09T03:39:15.752+0000][1][safepoint    ] Leaving safepoint region
[2019-12-09T03:39:15.752+0000][1][safepoint    ] Total time for which application threads were stopped: 0.0000496 seconds, Stopping threads took: 0.0000074 seconds
[2019-12-09T03:39:15.752+0000][1][safepoint    ] Application time: 0.0000495 seconds
[2019-12-09T03:39:15.752+0000][1][safepoint    ] Entering safepoint region: RevokeBias
[2019-12-09T03:39:15.752+0000][1][safepoint    ] Leaving safepoint region
[2019-12-09T03:39:15.752+0000][1][safepoint    ] Total time for which application threads were stopped: 0.0000496 seconds, Stopping threads took: 0.0000073 seconds
[2019-12-09T03:39:15.752+0000][1][safepoint    ] Application time: 0.0000500 seconds
[2019-12-09T03:39:15.752+0000][1][safepoint    ] Entering safepoint region: RevokeBias
[2019-12-09T03:39:15.752+0000][1][safepoint    ] Leaving safepoint region
[2019-12-09T03:39:15.752+0000][1][safepoint    ] Total time for which application threads were stopped: 0.0000491 seconds, Stopping threads took: 0.0000072 seconds
[2019-12-09T03:39:15.752+0000][1][safepoint    ] Application time: 0.0000499 seconds
[2019-12-09T03:39:15.752+0000][1][safepoint    ] Entering safepoint region: RevokeBias
[2019-12-09T03:39:15.752+0000][1][safepoint    ] Leaving safepoint region
[2019-12-09T03:39:15.752+0000][1][safepoint    ] Total time for which application threads were stopped: 0.0000507 seconds, Stopping threads took: 0.0000075 seconds
[2019-12-09T03:39:15.752+0000][1][safepoint    ] Application time: 0.0000495 seconds
[2019-12-09T03:39:15.752+0000][1][safepoint    ] Entering safepoint region: RevokeBias
[2019-12-09T03:39:15.752+0000][1][safepoint    ] Leaving safepoint region
[2019-12-09T03:39:15.752+0000][1][safepoint    ] Total time for which application threads were stopped: 0.0000581 seconds, Stopping threads took: 0.0000075 seconds
[2019-12-09T03:39:15.752+0000][1][safepoint    ] Application time: 0.0000516 seconds
[2019-12-09T03:39:15.752+0000][1][safepoint    ] Entering safepoint region: RevokeBias
[2019-12-09T03:39:15.752+0000][1][safepoint    ] Leaving safepoint region
[2019-12-09T03:39:15.752+0000][1][safepoint    ] Total time for which application threads were stopped: 0.0000511 seconds, Stopping threads took: 0.0000072 seconds
[2019-12-09T03:39:15.753+0000][1][safepoint    ] Application time: 0.0000499 seconds
[2019-12-09T03:39:15.753+0000][1][safepoint    ] Entering safepoint region: RevokeBias
[2019-12-09T03:39:15.753+0000][1][safepoint    ] Leaving safepoint region
[2019-12-09T03:39:15.753+0000][1][safepoint    ] Total time for which application threads were stopped: 0.0000493 seconds, Stopping threads took: 0.0000073 seconds
[2019-12-09T03:39:15.753+0000][1][safepoint    ] Application time: 0.0000500 seconds
[2019-12-09T03:39:15.753+0000][1][safepoint    ] Entering safepoint region: RevokeBias
[2019-12-09T03:39:15.753+0000][1][safepoint    ] Leaving safepoint region
[2019-12-09T03:39:15.753+0000][1][safepoint    ] Total time for which application threads were stopped: 0.0000748 seconds, Stopping threads took: 0.0000072 seconds
[2019-12-09T03:39:15.753+0000][1][safepoint    ] Application time: 0.0000543 seconds
[2019-12-09T03:39:15.764+0000][1][safepoint    ] Entering safepoint region: BulkRevokeBias
[2019-12-09T03:39:15.764+0000][1][safepoint    ] Leaving safepoint region
[2019-12-09T03:39:15.764+0000][1][safepoint    ] Total time for which application threads were stopped: 0.0111782 seconds, Stopping threads took: 0.0110044 seconds
[2019-12-09T03:39:15.764+0000][1][safepoint    ] Application time: 0.0002266 seconds
[2019-12-09T03:39:15.764+0000][1][safepoint    ] Entering safepoint region: RevokeBias
[2019-12-09T03:39:15.764+0000][1][safepoint    ] Leaving safepoint region
[2019-12-09T03:39:15.764+0000][1][safepoint    ] Total time for which application threads were stopped: 0.0000749 seconds, Stopping threads took: 0.0000088 seconds
[2019-12-09T03:39:15.764+0000][1][safepoint    ] Application time: 0.0000819 seconds
[2019-12-09T03:39:15.764+0000][1][safepoint    ] Entering safepoint region: BulkRevokeBias
[2019-12-09T03:39:15.764+0000][1][safepoint    ] Leaving safepoint region
[2019-12-09T03:39:15.765+0000][1][safepoint    ] Total time for which application threads were stopped: 0.0001155 seconds, Stopping threads took: 0.0000076 seconds
[2019-12-09T03:39:15.765+0000][1][safepoint    ] Application time: 0.0001247 seconds
[2019-12-09T03:39:15.765+0000][1][safepoint    ] Entering safepoint region: RevokeBias
[2019-12-09T03:39:15.765+0000][1][safepoint    ] Leaving safepoint region
[2019-12-09T03:39:15.765+0000][1][safepoint    ] Total time for which application threads were stopped: 0.0000790 seconds, Stopping threads took: 0.0000076 seconds
[2019-12-09T03:39:15.765+0000][1][safepoint    ] Application time: 0.0000713 seconds
[2019-12-09T03:39:15.765+0000][1][safepoint    ] Entering safepoint region: RevokeBias
[2019-12-09T03:39:15.765+0000][1][safepoint    ] Leaving safepoint region
[2019-12-09T03:39:15.765+0000][1][safepoint    ] Total time for which application threads were stopped: 0.0000536 seconds, Stopping threads took: 0.0000079 seconds
[2019-12-09T03:39:15.765+0000][1][safepoint    ] Application time: 0.0000812 seconds
[2019-12-09T03:39:15.765+0000][1][safepoint    ] Entering safepoint region: RevokeBias
[2019-12-09T03:39:15.765+0000][1][safepoint    ] Leaving safepoint region
[2019-12-09T03:39:15.765+0000][1][safepoint    ] Total time for which application threads were stopped: 0.0000511 seconds, Stopping threads took: 0.0000078 seconds
[2019-12-09T03:39:15.765+0000][1][safepoint    ] Application time: 0.0000587 seconds
[2019-12-09T03:39:15.765+0000][1][safepoint    ] Entering safepoint region: RevokeBias
[2019-12-09T03:39:15.765+0000][1][safepoint    ] Leaving safepoint region
[2019-12-09T03:39:15.765+0000][1][safepoint    ] Total time for which application threads were stopped: 0.0000536 seconds, Stopping threads took: 0.0000072 seconds
[2019-12-09T03:39:15.765+0000][1][safepoint    ] Application time: 0.0001790 seconds
[2019-12-09T03:39:15.765+0000][1][safepoint    ] Entering safepoint region: RevokeBias
[2019-12-09T03:39:15.765+0000][1][safepoint    ] Leaving safepoint region
[2019-12-09T03:39:15.765+0000][1][safepoint    ] Total time for which application threads were stopped: 0.0000629 seconds, Stopping threads took: 0.0000087 seconds
[2019-12-09T03:39:15.766+0000][1][safepoint    ] Application time: 0.0003379 seconds
[2019-12-09T03:39:15.766+0000][1][safepoint    ] Entering safepoint region: RevokeBias
[2019-12-09T03:39:15.766+0000][1][safepoint    ] Leaving safepoint region
[2019-12-09T03:39:15.766+0000][1][safepoint    ] Total time for which application threads were stopped: 0.0000718 seconds, Stopping threads took: 0.0000094 seconds
[2019-12-09T03:39:15.766+0000][1][safepoint    ] Application time: 0.0001874 seconds
[2019-12-09T03:39:15.766+0000][1][safepoint    ] Entering safepoint region: RevokeBias
[2019-12-09T03:39:15.766+0000][1][safepoint    ] Leaving safepoint region
[2019-12-09T03:39:15.766+0000][1][safepoint    ] Total time for which application threads were stopped: 0.0000647 seconds, Stopping threads took: 0.0000083 seconds
[2019-12-09T03:39:15.766+0000][1][safepoint    ] Application time: 0.0000707 seconds
[2019-12-09T03:39:15.766+0000][1][safepoint    ] Entering safepoint region: RevokeBias
[2019-12-09T03:39:15.766+0000][1][safepoint    ] Leaving safepoint region
[2019-12-09T03:39:15.766+0000][1][safepoint    ] Total time for which application threads were stopped: 0.0000528 seconds, Stopping threads took: 0.0000075 seconds
[2019-12-09T03:39:15.766+0000][1][safepoint    ] Application time: 0.0000498 seconds
[2019-12-09T03:39:15.766+0000][1][safepoint    ] Entering safepoint region: RevokeBias
[2019-12-09T03:39:15.766+0000][1][safepoint    ] Leaving safepoint region
[2019-12-09T03:39:15.766+0000][1][safepoint    ] Total time for which application threads were stopped: 0.0000492 seconds, Stopping threads took: 0.0000073 seconds
[2019-12-09T03:39:15.766+0000][1][safepoint    ] Application time: 0.0000492 seconds
[2019-12-09T03:39:15.766+0000][1][safepoint    ] Entering safepoint region: RevokeBias
[2019-12-09T03:39:15.766+0000][1][safepoint    ] Leaving safepoint region
[2019-12-09T03:39:15.766+0000][1][safepoint    ] Total time for which application threads were stopped: 0.0000476 seconds, Stopping threads took: 0.0000071 seconds
[2019-12-09T03:39:15.767+0000][1][safepoint    ] Application time: 0.0005310 seconds
[2019-12-09T03:39:15.767+0000][1][safepoint    ] Entering safepoint region: RevokeBias
[2019-12-09T03:39:15.767+0000][1][safepoint    ] Leaving safepoint region
[2019-12-09T03:39:15.767+0000][1][safepoint    ] Total time for which application threads were stopped: 0.0000647 seconds, Stopping threads took: 0.0000089 seconds
[2019-12-09T03:39:15.767+0000][1][safepoint    ] Application time: 0.0001217 seconds
[2019-12-09T03:39:15.767+0000][1][safepoint    ] Entering safepoint region: RevokeBias
[2019-12-09T03:39:15.767+0000][1][safepoint    ] Leaving safepoint region
[2019-12-09T03:39:15.767+0000][1][safepoint    ] Total time for which application threads were stopped: 0.0000529 seconds, Stopping threads took: 0.0000069 seconds
[2019-12-09T03:39:15.768+0000][1][safepoint    ] Application time: 0.0004139 seconds
[2019-12-09T03:39:15.768+0000][1][safepoint    ] Entering safepoint region: RevokeBias
[2019-12-09T03:39:15.768+0000][1][safepoint    ] Leaving safepoint region
[2019-12-09T03:39:15.768+0000][1][safepoint    ] Total time for which application threads were stopped: 0.0000687 seconds, Stopping threads took: 0.0000099 seconds
[2019-12-09T03:39:15.768+0000][1][safepoint    ] Application time: 0.0004125 seconds
[2019-12-09T03:39:15.768+0000][1][safepoint    ] Entering safepoint region: RevokeBias
[2019-12-09T03:39:15.768+0000][1][safepoint    ] Leaving safepoint region
[2019-12-09T03:39:15.768+0000][1][safepoint    ] Total time for which application threads were stopped: 0.0000680 seconds, Stopping threads took: 0.0000090 seconds
[2019-12-09T03:39:15.768+0000][1][safepoint    ] Application time: 0.0001259 seconds
[2019-12-09T03:39:15.768+0000][1][safepoint    ] Entering safepoint region: RevokeBias
[2019-12-09T03:39:15.768+0000][1][safepoint    ] Leaving safepoint region
[2019-12-09T03:39:15.769+0000][1][safepoint    ] Total time for which application threads were stopped: 0.0000641 seconds, Stopping threads took: 0.0000096 seconds
[2019-12-09T03:39:15.769+0000][1][safepoint    ] Application time: 0.0002195 seconds
[2019-12-09T03:39:15.769+0000][1][safepoint    ] Entering safepoint region: RevokeBias
[2019-12-09T03:39:15.769+0000][1][safepoint    ] Leaving safepoint region
[2019-12-09T03:39:15.769+0000][1][safepoint    ] Total time for which application threads were stopped: 0.0000749 seconds, Stopping threads took: 0.0000088 seconds
[2019-12-09T03:39:15.802+0000][1][safepoint    ] Application time: 0.0336516 seconds
[2019-12-09T03:39:15.803+0000][1][safepoint    ] Entering safepoint region: RevokeBias
[2019-12-09T03:39:15.803+0000][1][safepoint    ] Leaving safepoint region
[2019-12-09T03:39:15.803+0000][1][safepoint    ] Total time for which application threads were stopped: 0.0001061 seconds, Stopping threads took: 0.0000146 seconds
[2019-12-09T03:39:15.803+0000][1][safepoint    ] Application time: 0.0000842 seconds
[2019-12-09T03:39:15.803+0000][1][safepoint    ] Entering safepoint region: RevokeBias
[2019-12-09T03:39:15.803+0000][1][safepoint    ] Leaving safepoint region
[2019-12-09T03:39:15.803+0000][1][safepoint    ] Total time for which application threads were stopped: 0.0000796 seconds, Stopping threads took: 0.0000100 seconds
[2019-12-09T03:39:15.810+0000][1][safepoint    ] Application time: 0.0069788 seconds
[2019-12-09T03:39:15.810+0000][1][safepoint    ] Entering safepoint region: RevokeBias
[2019-12-09T03:39:15.810+0000][1][safepoint    ] Leaving safepoint region
[2019-12-09T03:39:15.810+0000][1][safepoint    ] Total time for which application threads were stopped: 0.0000924 seconds, Stopping threads took: 0.0000112 seconds
[2019-12-09T03:39:15.810+0000][1][safepoint    ] Application time: 0.0002264 seconds
[2019-12-09T03:39:15.810+0000][1][safepoint    ] Entering safepoint region: RevokeBias
[2019-12-09T03:39:15.810+0000][1][safepoint    ] Leaving safepoint region
[2019-12-09T03:39:15.810+0000][1][safepoint    ] Total time for which application threads were stopped: 0.0000643 seconds, Stopping threads took: 0.0000087 seconds
[2019-12-09T03:39:15.822+0000][1][safepoint    ] Application time: 0.0114579 seconds
[2019-12-09T03:39:15.822+0000][1][safepoint    ] Entering safepoint region: RevokeBias
[2019-12-09T03:39:15.822+0000][1][safepoint    ] Leaving safepoint region
[2019-12-09T03:39:15.822+0000][1][safepoint    ] Total time for which application threads were stopped: 0.0000966 seconds, Stopping threads took: 0.0000120 seconds
[2019-12-09T03:39:15.822+0000][1][safepoint    ] Application time: 0.0000727 seconds
[2019-12-09T03:39:15.822+0000][1][safepoint    ] Entering safepoint region: RevokeBias
[2019-12-09T03:39:15.822+0000][1][safepoint    ] Leaving safepoint region
[2019-12-09T03:39:15.822+0000][1][safepoint    ] Total time for which application threads were stopped: 0.0000425 seconds, Stopping threads took: 0.0000089 seconds
[2019-12-09T03:39:15.886+0000][1][safepoint    ] Application time: 0.0637568 seconds
[2019-12-09T03:39:15.896+0000][1][safepoint    ] Entering safepoint region: RevokeBias
[2019-12-09T03:39:15.896+0000][1][safepoint    ] Leaving safepoint region
[2019-12-09T03:39:15.896+0000][1][safepoint    ] Total time for which application threads were stopped: 0.0100667 seconds, Stopping threads took: 0.0100022 seconds
[2019-12-09T03:39:15.937+0000][1][safepoint    ] Application time: 0.0409666 seconds
[2019-12-09T03:39:15.956+0000][1][safepoint    ] Entering safepoint region: RevokeBias
[2019-12-09T03:39:15.956+0000][1][safepoint    ] Leaving safepoint region
[2019-12-09T03:39:15.956+0000][1][safepoint    ] Total time for which application threads were stopped: 0.0189877 seconds, Stopping threads took: 0.0189143 seconds
[2019-12-09T03:39:15.956+0000][1][safepoint    ] Application time: 0.0000751 seconds
[2019-12-09T03:39:15.956+0000][1][safepoint    ] Entering safepoint region: RevokeBias
[2019-12-09T03:39:15.956+0000][1][safepoint    ] Leaving safepoint region
[2019-12-09T03:39:15.956+0000][1][safepoint    ] Total time for which application threads were stopped: 0.0000361 seconds, Stopping threads took: 0.0000101 seconds
[2019-12-09T03:39:15.956+0000][1][safepoint    ] Application time: 0.0000575 seconds
[2019-12-09T03:39:15.956+0000][1][safepoint    ] Entering safepoint region: RevokeBias
[2019-12-09T03:39:15.956+0000][1][safepoint    ] Leaving safepoint region
[2019-12-09T03:39:15.956+0000][1][safepoint    ] Total time for which application threads were stopped: 0.0000298 seconds, Stopping threads took: 0.0000079 seconds
[2019-12-09T03:39:15.956+0000][1][safepoint    ] Application time: 0.0000515 seconds
[2019-12-09T03:39:15.956+0000][1][safepoint    ] Entering safepoint region: RevokeBias
[2019-12-09T03:39:15.956+0000][1][safepoint    ] Leaving safepoint region
[2019-12-09T03:39:15.956+0000][1][safepoint    ] Total time for which application threads were stopped: 0.0000285 seconds, Stopping threads took: 0.0000078 seconds
[2019-12-09T03:39:15.956+0000][1][safepoint    ] Application time: 0.0000497 seconds
[2019-12-09T03:39:15.956+0000][1][safepoint    ] Entering safepoint region: RevokeBias
[2019-12-09T03:39:15.956+0000][1][safepoint    ] Leaving safepoint region
[2019-12-09T03:39:15.956+0000][1][safepoint    ] Total time for which application threads were stopped: 0.0000275 seconds, Stopping threads took: 0.0000072 seconds
[2019-12-09T03:39:15.956+0000][1][safepoint    ] Application time: 0.0000496 seconds
[2019-12-09T03:39:15.956+0000][1][safepoint    ] Entering safepoint region: RevokeBias
[2019-12-09T03:39:15.956+0000][1][safepoint    ] Leaving safepoint region
[2019-12-09T03:39:15.956+0000][1][safepoint    ] Total time for which application threads were stopped: 0.0000282 seconds, Stopping threads took: 0.0000074 seconds
[2019-12-09T03:39:15.956+0000][1][safepoint    ] Application time: 0.0000520 seconds
[2019-12-09T03:39:15.956+0000][1][safepoint    ] Entering safepoint region: RevokeBias
[2019-12-09T03:39:15.956+0000][1][safepoint    ] Leaving safepoint region
[2019-12-09T03:39:15.956+0000][1][safepoint    ] Total time for which application threads were stopped: 0.0000272 seconds, Stopping threads took: 0.0000072 seconds
[2019-12-09T03:39:15.956+0000][1][safepoint    ] Application time: 0.0000528 seconds
[2019-12-09T03:39:15.957+0000][1][safepoint    ] Entering safepoint region: RevokeBias
[2019-12-09T03:39:15.957+0000][1][safepoint    ] Leaving safepoint region
[2019-12-09T03:39:15.957+0000][1][safepoint    ] Total time for which application threads were stopped: 0.0000292 seconds, Stopping threads took: 0.0000074 seconds
[2019-12-09T03:39:15.957+0000][1][safepoint    ] Application time: 0.0000507 seconds
[2019-12-09T03:39:15.957+0000][1][safepoint    ] Entering safepoint region: RevokeBias
[2019-12-09T03:39:15.957+0000][1][safepoint    ] Leaving safepoint region
[2019-12-09T03:39:15.957+0000][1][safepoint    ] Total time for which application threads were stopped: 0.0000278 seconds, Stopping threads took: 0.0000074 seconds
[2019-12-09T03:39:15.957+0000][1][safepoint    ] Application time: 0.0000655 seconds
[2019-12-09T03:39:15.957+0000][1][safepoint    ] Entering safepoint region: RevokeBias
[2019-12-09T03:39:15.957+0000][1][safepoint    ] Leaving safepoint region
[2019-12-09T03:39:15.957+0000][1][safepoint    ] Total time for which application threads were stopped: 0.0000325 seconds, Stopping threads took: 0.0000087 seconds
[2019-12-09T03:39:15.957+0000][1][safepoint    ] Application time: 0.0000624 seconds
[2019-12-09T03:39:15.957+0000][1][safepoint    ] Entering safepoint region: RevokeBias
[2019-12-09T03:39:15.957+0000][1][safepoint    ] Leaving safepoint region
[2019-12-09T03:39:15.957+0000][1][safepoint    ] Total time for which application threads were stopped: 0.0000324 seconds, Stopping threads took: 0.0000075 seconds
[2019-12-09T03:39:15.957+0000][1][safepoint    ] Application time: 0.0000515 seconds
[2019-12-09T03:39:15.957+0000][1][safepoint    ] Entering safepoint region: RevokeBias
[2019-12-09T03:39:15.957+0000][1][safepoint    ] Leaving safepoint region
[2019-12-09T03:39:15.957+0000][1][safepoint    ] Total time for which application threads were stopped: 0.0000303 seconds, Stopping threads took: 0.0000082 seconds
[2019-12-09T03:39:15.957+0000][1][safepoint    ] Application time: 0.0000512 seconds
[2019-12-09T03:39:15.957+0000][1][safepoint    ] Entering safepoint region: RevokeBias
[2019-12-09T03:39:15.957+0000][1][safepoint    ] Leaving safepoint region
[2019-12-09T03:39:15.957+0000][1][safepoint    ] Total time for which application threads were stopped: 0.0000309 seconds, Stopping threads took: 0.0000080 seconds
[2019-12-09T03:39:15.957+0000][1][safepoint    ] Application time: 0.0000510 seconds
[2019-12-09T03:39:15.957+0000][1][safepoint    ] Entering safepoint region: RevokeBias
[2019-12-09T03:39:15.957+0000][1][safepoint    ] Leaving safepoint region
[2019-12-09T03:39:15.957+0000][1][safepoint    ] Total time for which application threads were stopped: 0.0000311 seconds, Stopping threads took: 0.0000080 seconds
[2019-12-09T03:39:15.957+0000][1][safepoint    ] Application time: 0.0000510 seconds
[2019-12-09T03:39:15.957+0000][1][safepoint    ] Entering safepoint region: RevokeBias
[2019-12-09T03:39:15.957+0000][1][safepoint    ] Leaving safepoint region
[2019-12-09T03:39:15.957+0000][1][safepoint    ] Total time for which application threads were stopped: 0.0000305 seconds, Stopping threads took: 0.0000086 seconds
[2019-12-09T03:39:15.957+0000][1][safepoint    ] Application time: 0.0000503 seconds
[2019-12-09T03:39:15.957+0000][1][safepoint    ] Entering safepoint region: RevokeBias
[2019-12-09T03:39:15.957+0000][1][safepoint    ] Leaving safepoint region
[2019-12-09T03:39:15.957+0000][1][safepoint    ] Total time for which application threads were stopped: 0.0000306 seconds, Stopping threads took: 0.0000082 seconds
[2019-12-09T03:39:15.957+0000][1][safepoint    ] Application time: 0.0000513 seconds
[2019-12-09T03:39:15.957+0000][1][safepoint    ] Entering safepoint region: BulkRevokeBias
[2019-12-09T03:39:15.958+0000][1][safepoint    ] Leaving safepoint region
[2019-12-09T03:39:15.958+0000][1][safepoint    ] Total time for which application threads were stopped: 0.0001321 seconds, Stopping threads took: 0.0000078 seconds
[2019-12-09T03:39:16.781+0000][1][safepoint    ] Application time: 0.8236867 seconds
[2019-12-09T03:39:16.781+0000][1][safepoint    ] Entering safepoint region: GenCollectForAllocation
[2019-12-09T03:39:16.781+0000][1][gc,start     ] GC(20) Pause Young (Allocation Failure)
[2019-12-09T03:39:16.781+0000][1][gc,task      ] GC(20) Using 2 workers of 2 for evacuation
[2019-12-09T03:39:17.041+0000][1][gc,age       ] GC(20) Desired survivor size 4456448 bytes, new threshold 2 (max threshold 6)
[2019-12-09T03:39:17.041+0000][1][gc,age       ] GC(20) Age table with threshold 2 (max threshold 6)
[2019-12-09T03:39:17.041+0000][1][gc,age       ] GC(20) - age   1:    2821128 bytes,    2821128 total
[2019-12-09T03:39:17.041+0000][1][gc,age       ] GC(20) - age   2:    2498656 bytes,    5319784 total
[2019-12-09T03:39:17.041+0000][1][gc,age       ] GC(20) - age   3:    1846784 bytes,    7166568 total
[2019-12-09T03:39:17.041+0000][1][gc,heap      ] GC(20) ParNew: 77221K->8704K(78656K)
[2019-12-09T03:39:17.041+0000][1][gc,heap      ] GC(20) CMS: 54468K->55723K(174784K)
[2019-12-09T03:39:17.041+0000][1][gc,metaspace ] GC(20) Metaspace: 48160K->48160K(1093632K)
[2019-12-09T03:39:17.041+0000][1][gc           ] GC(20) Pause Young (Allocation Failure) 128M->62M(247M) 259.964ms
[2019-12-09T03:39:17.041+0000][1][gc,cpu       ] GC(20) User=0.07s Sys=0.00s Real=0.26s
[2019-12-09T03:39:17.041+0000][1][safepoint    ] Leaving safepoint region
[2019-12-09T03:39:17.041+0000][1][safepoint    ] Total time for which application threads were stopped: 0.2601104 seconds, Stopping threads took: 0.0000135 seconds
[2019-12-09T03:39:17.087+0000][1][safepoint    ] Application time: 0.0456021 seconds
[2019-12-09T03:39:17.155+0000][1][safepoint    ] Entering safepoint region: RevokeBias
[2019-12-09T03:39:17.155+0000][1][safepoint    ] Leaving safepoint region
[2019-12-09T03:39:17.155+0000][1][safepoint    ] Total time for which application threads were stopped: 0.0678905 seconds, Stopping threads took: 0.0678201 seconds
[2019-12-09T03:39:17.155+0000][1][safepoint    ] Application time: 0.0001197 seconds
[2019-12-09T03:39:17.155+0000][1][safepoint    ] Entering safepoint region: RevokeBias
[2019-12-09T03:39:17.155+0000][1][safepoint    ] Leaving safepoint region
[2019-12-09T03:39:17.155+0000][1][safepoint    ] Total time for which application threads were stopped: 0.0000425 seconds, Stopping threads took: 0.0000091 seconds
[2019-12-09T03:39:17.155+0000][1][safepoint    ] Application time: 0.0002394 seconds
[2019-12-09T03:39:17.155+0000][1][safepoint    ] Entering safepoint region: RevokeBias
[2019-12-09T03:39:17.155+0000][1][safepoint    ] Leaving safepoint region
[2019-12-09T03:39:17.155+0000][1][safepoint    ] Total time for which application threads were stopped: 0.0000978 seconds, Stopping threads took: 0.0000089 seconds
[2019-12-09T03:39:18.110+0000][1][safepoint    ] Application time: 0.9549486 seconds
[2019-12-09T03:39:18.110+0000][1][safepoint    ] Entering safepoint region: RevokeBias
[2019-12-09T03:39:18.111+0000][1][safepoint    ] Leaving safepoint region
[2019-12-09T03:39:18.111+0000][1][safepoint    ] Total time for which application threads were stopped: 0.0005528 seconds, Stopping threads took: 0.0000153 seconds
[2019-12-09T03:39:18.196+0000][1][safepoint    ] Application time: 0.0849709 seconds
[2019-12-09T03:39:18.196+0000][1][safepoint    ] Entering safepoint region: RevokeBias
[2019-12-09T03:39:18.196+0000][1][safepoint    ] Leaving safepoint region
[2019-12-09T03:39:18.196+0000][1][safepoint    ] Total time for which application threads were stopped: 0.0000932 seconds, Stopping threads took: 0.0000171 seconds
[2019-12-09T03:39:19.217+0000][1][safepoint    ] Application time: 1.0209072 seconds
[2019-12-09T03:39:19.257+0000][1][safepoint    ] Entering safepoint region: Cleanup
[2019-12-09T03:39:19.257+0000][1][safepoint    ] Leaving safepoint region
[2019-12-09T03:39:19.257+0000][1][safepoint    ] Total time for which application threads were stopped: 0.0398206 seconds, Stopping threads took: 0.0397631 seconds
[2019-12-09T03:39:19.263+0000][1][safepoint    ] Application time: 0.0058065 seconds
[2019-12-09T03:39:19.318+0000][1][safepoint    ] Entering safepoint region: RevokeBias
[2019-12-09T03:39:19.318+0000][1][safepoint    ] Leaving safepoint region
[2019-12-09T03:39:19.318+0000][1][safepoint    ] Total time for which application threads were stopped: 0.0552334 seconds, Stopping threads took: 0.0551541 seconds
[2019-12-09T03:39:20.319+0000][1][safepoint    ] Application time: 1.0007328 seconds
[2019-12-09T03:39:20.319+0000][1][safepoint    ] Entering safepoint region: Cleanup
[2019-12-09T03:39:20.319+0000][1][safepoint    ] Leaving safepoint region
[2019-12-09T03:39:20.319+0000][1][safepoint    ] Total time for which application threads were stopped: 0.0004854 seconds, Stopping threads took: 0.0000170 seconds
[2019-12-09T03:39:21.320+0000][1][safepoint    ] Application time: 1.0004520 seconds
[2019-12-09T03:39:21.341+0000][1][safepoint    ] Entering safepoint region: Cleanup
[2019-12-09T03:39:21.341+0000][1][safepoint    ] Leaving safepoint region
[2019-12-09T03:39:21.341+0000][1][safepoint    ] Total time for which application threads were stopped: 0.0210847 seconds, Stopping threads took: 0.0209997 seconds
[2019-12-09T03:39:22.342+0000][1][safepoint    ] Application time: 1.0008710 seconds
[2019-12-09T03:39:22.376+0000][1][safepoint    ] Entering safepoint region: Cleanup
[2019-12-09T03:39:22.376+0000][1][safepoint    ] Leaving safepoint region
[2019-12-09T03:39:22.376+0000][1][safepoint    ] Total time for which application threads were stopped: 0.0340817 seconds, Stopping threads took: 0.0339872 seconds
[2019-12-09T03:39:22.908+0000][1][safepoint    ] Application time: 0.5320526 seconds
[2019-12-09T03:39:22.908+0000][1][safepoint    ] Entering safepoint region: GenCollectForAllocation
[2019-12-09T03:39:22.908+0000][1][gc,start     ] GC(21) Pause Young (Allocation Failure)
[2019-12-09T03:39:22.908+0000][1][gc,task      ] GC(21) Using 2 workers of 2 for evacuation
[2019-12-09T03:39:23.133+0000][1][gc,age       ] GC(21) Desired survivor size 4456448 bytes, new threshold 6 (max threshold 6)
[2019-12-09T03:39:23.133+0000][1][gc,age       ] GC(21) Age table with threshold 6 (max threshold 6)
[2019-12-09T03:39:23.133+0000][1][gc,age       ] GC(21) - age   1:    1556088 bytes,    1556088 total
[2019-12-09T03:39:23.133+0000][1][gc,age       ] GC(21) - age   2:    2753456 bytes,    4309544 total
[2019-12-09T03:39:23.133+0000][1][gc,heap      ] GC(21) ParNew: 78649K->6471K(78656K)
[2019-12-09T03:39:23.133+0000][1][gc,heap      ] GC(21) CMS: 55723K->60089K(174784K)
[2019-12-09T03:39:23.133+0000][1][gc,metaspace ] GC(21) Metaspace: 55445K->55445K(1099776K)
[2019-12-09T03:39:23.133+0000][1][gc           ] GC(21) Pause Young (Allocation Failure) 131M->65M(247M) 225.243ms
[2019-12-09T03:39:23.133+0000][1][gc,cpu       ] GC(21) User=0.05s Sys=0.00s Real=0.22s
[2019-12-09T03:39:23.133+0000][1][safepoint    ] Leaving safepoint region
[2019-12-09T03:39:23.133+0000][1][safepoint    ] Total time for which application threads were stopped: 0.2254030 seconds, Stopping threads took: 0.0000173 seconds
[2019-12-09T03:39:23.696+0000][1][safepoint    ] Application time: 0.5625129 seconds
[2019-12-09T03:39:23.696+0000][1][safepoint    ] Entering safepoint region: RevokeBias
[2019-12-09T03:39:23.696+0000][1][safepoint    ] Leaving safepoint region
[2019-12-09T03:39:23.696+0000][1][safepoint    ] Total time for which application threads were stopped: 0.0005121 seconds, Stopping threads took: 0.0004082 seconds
[2019-12-09T03:39:23.697+0000][1][safepoint    ] Application time: 0.0002186 seconds
[2019-12-09T03:39:23.697+0000][1][safepoint    ] Entering safepoint region: RevokeBias
[2019-12-09T03:39:23.697+0000][1][safepoint    ] Leaving safepoint region
[2019-12-09T03:39:23.697+0000][1][safepoint    ] Total time for which application threads were stopped: 0.0001081 seconds, Stopping threads took: 0.0000115 seconds
[2019-12-09T03:39:23.697+0000][1][safepoint    ] Application time: 0.0000674 seconds
[2019-12-09T03:39:23.697+0000][1][safepoint    ] Entering safepoint region: RevokeBias
[2019-12-09T03:39:23.697+0000][1][safepoint    ] Leaving safepoint region
[2019-12-09T03:39:23.697+0000][1][safepoint    ] Total time for which application threads were stopped: 0.0000604 seconds, Stopping threads took: 0.0000091 seconds
[2019-12-09T03:39:23.697+0000][1][safepoint    ] Application time: 0.0001841 seconds
[2019-12-09T03:39:23.697+0000][1][safepoint    ] Entering safepoint region: RevokeBias
[2019-12-09T03:39:23.697+0000][1][safepoint    ] Leaving safepoint region
[2019-12-09T03:39:23.697+0000][1][safepoint    ] Total time for which application threads were stopped: 0.0000680 seconds, Stopping threads took: 0.0000111 seconds
[2019-12-09T03:39:24.610+0000][1][safepoint    ] Application time: 0.9125222 seconds
[2019-12-09T03:39:24.610+0000][1][safepoint    ] Entering safepoint region: Deoptimize
[2019-12-09T03:39:24.610+0000][1][safepoint    ] Leaving safepoint region
[2019-12-09T03:39:24.610+0000][1][safepoint    ] Total time for which application threads were stopped: 0.0006382 seconds, Stopping threads took: 0.0000140 seconds
[2019-12-09T03:39:25.624+0000][1][safepoint    ] Application time: 1.0133367 seconds
[2019-12-09T03:39:25.624+0000][1][safepoint    ] Entering safepoint region: Cleanup
[2019-12-09T03:39:25.625+0000][1][safepoint    ] Leaving safepoint region
[2019-12-09T03:39:25.625+0000][1][safepoint    ] Total time for which application threads were stopped: 0.0011987 seconds, Stopping threads took: 0.0000168 seconds
[2019-12-09T03:39:26.508+0000][1][safepoint    ] Application time: 0.8829726 seconds
[2019-12-09T03:39:26.508+0000][1][safepoint    ] Entering safepoint region: RevokeBias
[2019-12-09T03:39:26.508+0000][1][safepoint    ] Leaving safepoint region
[2019-12-09T03:39:26.508+0000][1][safepoint    ] Total time for which application threads were stopped: 0.0001093 seconds, Stopping threads took: 0.0000156 seconds
[2019-12-09T03:39:26.881+0000][1][safepoint    ] Application time: 0.3728312 seconds
[2019-12-09T03:39:26.906+0000][1][safepoint    ] Entering safepoint region: Deoptimize
[2019-12-09T03:39:26.906+0000][1][safepoint    ] Leaving safepoint region
[2019-12-09T03:39:26.906+0000][1][safepoint    ] Total time for which application threads were stopped: 0.0254447 seconds, Stopping threads took: 0.0247684 seconds
[2019-12-09T03:39:27.910+0000][1][safepoint    ] Application time: 1.0032793 seconds
[2019-12-09T03:39:27.923+0000][1][safepoint    ] Entering safepoint region: Cleanup
[2019-12-09T03:39:27.923+0000][1][safepoint    ] Leaving safepoint region
[2019-12-09T03:39:27.923+0000][1][safepoint    ] Total time for which application threads were stopped: 0.0130636 seconds, Stopping threads took: 0.0129824 seconds
[2019-12-09T03:39:28.917+0000][1][safepoint    ] Application time: 0.9938864 seconds
[2019-12-09T03:39:28.917+0000][1][safepoint    ] Entering safepoint region: RevokeBias
[2019-12-09T03:39:28.917+0000][1][safepoint    ] Leaving safepoint region
[2019-12-09T03:39:28.917+0000][1][safepoint    ] Total time for which application threads were stopped: 0.0000997 seconds, Stopping threads took: 0.0000141 seconds
[2019-12-09T03:39:28.922+0000][1][safepoint    ] Application time: 0.0049609 seconds
[2019-12-09T03:39:28.922+0000][1][safepoint    ] Entering safepoint region: RevokeBias
[2019-12-09T03:39:28.922+0000][1][safepoint    ] Leaving safepoint region
[2019-12-09T03:39:28.922+0000][1][safepoint    ] Total time for which application threads were stopped: 0.0000759 seconds, Stopping threads took: 0.0000149 seconds
[2019-12-09T03:39:28.922+0000][1][safepoint    ] Application time: 0.0001119 seconds
[2019-12-09T03:39:28.922+0000][1][safepoint    ] Entering safepoint region: RevokeBias
[2019-12-09T03:39:28.922+0000][1][safepoint    ] Leaving safepoint region
[2019-12-09T03:39:28.922+0000][1][safepoint    ] Total time for which application threads were stopped: 0.0000612 seconds, Stopping threads took: 0.0000104 seconds
[2019-12-09T03:39:28.922+0000][1][safepoint    ] Application time: 0.0001048 seconds
[2019-12-09T03:39:28.922+0000][1][safepoint    ] Entering safepoint region: RevokeBias
[2019-12-09T03:39:28.922+0000][1][safepoint    ] Leaving safepoint region
[2019-12-09T03:39:28.922+0000][1][safepoint    ] Total time for which application threads were stopped: 0.0000496 seconds, Stopping threads took: 0.0000095 seconds
[2019-12-09T03:39:28.922+0000][1][safepoint    ] Application time: 0.0000755 seconds
[2019-12-09T03:39:28.922+0000][1][safepoint    ] Entering safepoint region: RevokeBias
[2019-12-09T03:39:28.922+0000][1][safepoint    ] Leaving safepoint region
[2019-12-09T03:39:28.922+0000][1][safepoint    ] Total time for which application threads were stopped: 0.0000311 seconds, Stopping threads took: 0.0000071 seconds
[2019-12-09T03:39:28.922+0000][1][safepoint    ] Application time: 0.0000305 seconds
[2019-12-09T03:39:28.922+0000][1][safepoint    ] Entering safepoint region: RevokeBias
[2019-12-09T03:39:28.922+0000][1][safepoint    ] Leaving safepoint region
[2019-12-09T03:39:28.922+0000][1][safepoint    ] Total time for which application threads were stopped: 0.0000297 seconds, Stopping threads took: 0.0000072 seconds
[2019-12-09T03:39:28.923+0000][1][safepoint    ] Application time: 0.0001024 seconds
[2019-12-09T03:39:28.923+0000][1][safepoint    ] Entering safepoint region: RevokeBias
[2019-12-09T03:39:28.923+0000][1][safepoint    ] Leaving safepoint region
[2019-12-09T03:39:28.923+0000][1][safepoint    ] Total time for which application threads were stopped: 0.0000314 seconds, Stopping threads took: 0.0000073 seconds
[2019-12-09T03:39:28.923+0000][1][safepoint    ] Application time: 0.0001477 seconds
[2019-12-09T03:39:28.923+0000][1][safepoint    ] Entering safepoint region: RevokeBias
[2019-12-09T03:39:28.923+0000][1][safepoint    ] Leaving safepoint region
[2019-12-09T03:39:28.923+0000][1][safepoint    ] Total time for which application threads were stopped: 0.0000416 seconds, Stopping threads took: 0.0000094 seconds
[2019-12-09T03:39:28.923+0000][1][safepoint    ] Application time: 0.0001729 seconds
[2019-12-09T03:39:28.923+0000][1][safepoint    ] Entering safepoint region: RevokeBias
[2019-12-09T03:39:28.923+0000][1][safepoint    ] Leaving safepoint region
[2019-12-09T03:39:28.923+0000][1][safepoint    ] Total time for which application threads were stopped: 0.0000392 seconds, Stopping threads took: 0.0000080 seconds
[2019-12-09T03:39:29.926+0000][1][safepoint    ] Application time: 1.0026449 seconds
[2019-12-09T03:39:29.926+0000][1][safepoint    ] Entering safepoint region: Cleanup
[2019-12-09T03:39:29.926+0000][1][safepoint    ] Leaving safepoint region
[2019-12-09T03:39:29.926+0000][1][safepoint    ] Total time for which application threads were stopped: 0.0001127 seconds, Stopping threads took: 0.0000529 seconds
[2019-12-09T03:39:30.768+0000][1][safepoint    ] Application time: 0.8417319 seconds
[2019-12-09T03:39:30.768+0000][1][safepoint    ] Entering safepoint region: RevokeBias
[2019-12-09T03:39:30.768+0000][1][safepoint    ] Leaving safepoint region
[2019-12-09T03:39:30.768+0000][1][safepoint    ] Total time for which application threads were stopped: 0.0001150 seconds, Stopping threads took: 0.0000182 seconds
[2019-12-09T03:39:30.776+0000][1][safepoint    ] Application time: 0.0077632 seconds
[2019-12-09T03:39:30.776+0000][1][safepoint    ] Entering safepoint region: GenCollectForAllocation
[2019-12-09T03:39:30.776+0000][1][gc,start     ] GC(22) Pause Young (Allocation Failure)
[2019-12-09T03:39:30.776+0000][1][gc,task      ] GC(22) Using 2 workers of 2 for evacuation
[2019-12-09T03:39:30.988+0000][1][gc,age       ] GC(22) Desired survivor size 4456448 bytes, new threshold 2 (max threshold 6)
[2019-12-09T03:39:30.988+0000][1][gc,age       ] GC(22) Age table with threshold 2 (max threshold 6)
[2019-12-09T03:39:30.988+0000][1][gc,age       ] GC(22) - age   1:    3607256 bytes,    3607256 total
[2019-12-09T03:39:30.988+0000][1][gc,age       ] GC(22) - age   2:    1485832 bytes,    5093088 total
[2019-12-09T03:39:30.988+0000][1][gc,age       ] GC(22) - age   3:    2732880 bytes,    7825968 total
[2019-12-09T03:39:30.988+0000][1][gc,heap      ] GC(22) ParNew: 76423K->8704K(78656K)
[2019-12-09T03:39:30.988+0000][1][gc,heap      ] GC(22) CMS: 60089K->60104K(174784K)
[2019-12-09T03:39:30.988+0000][1][gc,metaspace ] GC(22) Metaspace: 62625K->62625K(1105920K)
[2019-12-09T03:39:30.988+0000][1][gc           ] GC(22) Pause Young (Allocation Failure) 133M->67M(247M) 212.740ms
[2019-12-09T03:39:30.988+0000][1][gc,cpu       ] GC(22) User=0.04s Sys=0.00s Real=0.21s
[2019-12-09T03:39:30.988+0000][1][safepoint    ] Leaving safepoint region
[2019-12-09T03:39:30.988+0000][1][safepoint    ] Total time for which application threads were stopped: 0.2128717 seconds, Stopping threads took: 0.0000148 seconds
[2019-12-09T03:39:31.541+0000][1][safepoint    ] Application time: 0.5526527 seconds
[2019-12-09T03:39:31.541+0000][1][safepoint    ] Entering safepoint region: Deoptimize
[2019-12-09T03:39:31.542+0000][1][safepoint    ] Leaving safepoint region
[2019-12-09T03:39:31.542+0000][1][safepoint    ] Total time for which application threads were stopped: 0.0007143 seconds, Stopping threads took: 0.0000163 seconds
[2019-12-09T03:39:31.629+0000][1][safepoint    ] Application time: 0.0874457 seconds
[2019-12-09T03:39:31.629+0000][1][safepoint    ] Entering safepoint region: RevokeBias
[2019-12-09T03:39:31.629+0000][1][safepoint    ] Leaving safepoint region
[2019-12-09T03:39:31.629+0000][1][safepoint    ] Total time for which application threads were stopped: 0.0000925 seconds, Stopping threads took: 0.0000151 seconds
[2019-12-09T03:39:31.645+0000][1][safepoint    ] Application time: 0.0157950 seconds
[2019-12-09T03:39:31.645+0000][1][safepoint    ] Entering safepoint region: BulkRevokeBias
[2019-12-09T03:39:31.645+0000][1][safepoint    ] Leaving safepoint region
[2019-12-09T03:39:31.645+0000][1][safepoint    ] Total time for which application threads were stopped: 0.0001831 seconds, Stopping threads took: 0.0000203 seconds
[2019-12-09T03:39:31.646+0000][1][safepoint    ] Application time: 0.0008362 seconds
[2019-12-09T03:39:31.646+0000][1][safepoint    ] Entering safepoint region: RevokeBias
[2019-12-09T03:39:31.646+0000][1][safepoint    ] Leaving safepoint region
[2019-12-09T03:39:31.646+0000][1][safepoint    ] Total time for which application threads were stopped: 0.0000766 seconds, Stopping threads took: 0.0000129 seconds
[2019-12-09T03:39:31.647+0000][1][safepoint    ] Application time: 0.0005302 seconds
[2019-12-09T03:39:31.647+0000][1][safepoint    ] Entering safepoint region: RevokeBias
[2019-12-09T03:39:31.647+0000][1][safepoint    ] Leaving safepoint region
[2019-12-09T03:39:31.647+0000][1][safepoint    ] Total time for which application threads were stopped: 0.0000664 seconds, Stopping threads took: 0.0000118 seconds
[2019-12-09T03:39:31.647+0000][1][safepoint    ] Application time: 0.0000646 seconds
[2019-12-09T03:39:31.647+0000][1][safepoint    ] Entering safepoint region: RevokeBias
[2019-12-09T03:39:31.647+0000][1][safepoint    ] Leaving safepoint region
[2019-12-09T03:39:31.647+0000][1][safepoint    ] Total time for which application threads were stopped: 0.0000502 seconds, Stopping threads took: 0.0000090 seconds
[2019-12-09T03:39:31.647+0000][1][safepoint    ] Application time: 0.0001069 seconds
[2019-12-09T03:39:31.647+0000][1][safepoint    ] Entering safepoint region: RevokeBias
[2019-12-09T03:39:31.647+0000][1][safepoint    ] Leaving safepoint region
[2019-12-09T03:39:31.647+0000][1][safepoint    ] Total time for which application threads were stopped: 0.0000515 seconds, Stopping threads took: 0.0000088 seconds
[2019-12-09T03:39:31.648+0000][1][safepoint    ] Application time: 0.0003298 seconds
[2019-12-09T03:39:31.648+0000][1][safepoint    ] Entering safepoint region: RevokeBias
[2019-12-09T03:39:31.648+0000][1][safepoint    ] Leaving safepoint region
[2019-12-09T03:39:31.648+0000][1][safepoint    ] Total time for which application threads were stopped: 0.0000869 seconds, Stopping threads took: 0.0000104 seconds
[2019-12-09T03:39:31.662+0000][1][safepoint    ] Application time: 0.0141854 seconds
[2019-12-09T03:39:31.662+0000][1][safepoint    ] Entering safepoint region: RevokeBias
[2019-12-09T03:39:31.662+0000][1][safepoint    ] Leaving safepoint region
[2019-12-09T03:39:31.662+0000][1][safepoint    ] Total time for which application threads were stopped: 0.0000761 seconds, Stopping threads took: 0.0000111 seconds
[2019-12-09T03:39:31.662+0000][1][safepoint    ] Application time: 0.0000618 seconds
[2019-12-09T03:39:31.662+0000][1][safepoint    ] Entering safepoint region: RevokeBias
[2019-12-09T03:39:31.662+0000][1][safepoint    ] Leaving safepoint region
[2019-12-09T03:39:31.662+0000][1][safepoint    ] Total time for which application threads were stopped: 0.0000496 seconds, Stopping threads took: 0.0000087 seconds
[2019-12-09T03:39:31.662+0000][1][safepoint    ] Application time: 0.0001096 seconds
[2019-12-09T03:39:31.662+0000][1][safepoint    ] Entering safepoint region: RevokeBias
[2019-12-09T03:39:31.662+0000][1][safepoint    ] Leaving safepoint region
[2019-12-09T03:39:31.662+0000][1][safepoint    ] Total time for which application threads were stopped: 0.0000467 seconds, Stopping threads took: 0.0000079 seconds
[2019-12-09T03:39:31.663+0000][1][safepoint    ] Application time: 0.0006729 seconds
[2019-12-09T03:39:31.663+0000][1][safepoint    ] Entering safepoint region: RevokeBias
[2019-12-09T03:39:31.663+0000][1][safepoint    ] Leaving safepoint region
[2019-12-09T03:39:31.663+0000][1][safepoint    ] Total time for which application threads were stopped: 0.0000680 seconds, Stopping threads took: 0.0000120 seconds
[2019-12-09T03:39:31.664+0000][1][safepoint    ] Application time: 0.0012607 seconds
[2019-12-09T03:39:31.664+0000][1][safepoint    ] Entering safepoint region: RevokeBias
[2019-12-09T03:39:31.664+0000][1][safepoint    ] Leaving safepoint region
[2019-12-09T03:39:31.664+0000][1][safepoint    ] Total time for which application threads were stopped: 0.0000708 seconds, Stopping threads took: 0.0000125 seconds
[2019-12-09T03:39:31.676+0000][1][safepoint    ] Application time: 0.0113180 seconds
[2019-12-09T03:39:31.676+0000][1][safepoint    ] Entering safepoint region: RevokeBias
[2019-12-09T03:39:31.676+0000][1][safepoint    ] Leaving safepoint region
[2019-12-09T03:39:31.676+0000][1][safepoint    ] Total time for which application threads were stopped: 0.0000735 seconds, Stopping threads took: 0.0000127 seconds
[2019-12-09T03:39:31.680+0000][1][safepoint    ] Application time: 0.0037554 seconds
[2019-12-09T03:39:31.680+0000][1][safepoint    ] Entering safepoint region: RevokeBias
[2019-12-09T03:39:31.680+0000][1][safepoint    ] Leaving safepoint region
[2019-12-09T03:39:31.680+0000][1][safepoint    ] Total time for which application threads were stopped: 0.0006637 seconds, Stopping threads took: 0.0000140 seconds
[2019-12-09T03:39:31.681+0000][1][safepoint    ] Application time: 0.0008544 seconds
[2019-12-09T03:39:31.681+0000][1][safepoint    ] Entering safepoint region: RevokeBias
[2019-12-09T03:39:31.681+0000][1][safepoint    ] Leaving safepoint region
[2019-12-09T03:39:31.681+0000][1][safepoint    ] Total time for which application threads were stopped: 0.0000640 seconds, Stopping threads took: 0.0000115 seconds
[2019-12-09T03:39:31.712+0000][1][safepoint    ] Application time: 0.0308319 seconds
[2019-12-09T03:39:31.749+0000][1][safepoint    ] Entering safepoint region: RevokeBias
[2019-12-09T03:39:31.749+0000][1][safepoint    ] Leaving safepoint region
[2019-12-09T03:39:31.749+0000][1][safepoint    ] Total time for which application threads were stopped: 0.0368303 seconds, Stopping threads took: 0.0367522 seconds
[2019-12-09T03:39:31.749+0000][1][safepoint    ] Application time: 0.0000931 seconds
[2019-12-09T03:39:31.749+0000][1][safepoint    ] Entering safepoint region: RevokeBias
[2019-12-09T03:39:31.749+0000][1][safepoint    ] Leaving safepoint region
[2019-12-09T03:39:31.749+0000][1][safepoint    ] Total time for which application threads were stopped: 0.0000509 seconds, Stopping threads took: 0.0000095 seconds
[2019-12-09T03:39:31.749+0000][1][safepoint    ] Application time: 0.0000554 seconds
[2019-12-09T03:39:31.749+0000][1][safepoint    ] Entering safepoint region: RevokeBias
[2019-12-09T03:39:31.749+0000][1][safepoint    ] Leaving safepoint region
[2019-12-09T03:39:31.749+0000][1][safepoint    ] Total time for which application threads were stopped: 0.0000357 seconds, Stopping threads took: 0.0000079 seconds
[2019-12-09T03:39:31.749+0000][1][safepoint    ] Application time: 0.0000512 seconds
[2019-12-09T03:39:31.749+0000][1][safepoint    ] Entering safepoint region: RevokeBias
[2019-12-09T03:39:31.749+0000][1][safepoint    ] Leaving safepoint region
[2019-12-09T03:39:31.749+0000][1][safepoint    ] Total time for which application threads were stopped: 0.0000347 seconds, Stopping threads took: 0.0000075 seconds
[2019-12-09T03:39:31.749+0000][1][safepoint    ] Application time: 0.0000612 seconds
[2019-12-09T03:39:31.749+0000][1][safepoint    ] Entering safepoint region: RevokeBias
[2019-12-09T03:39:31.749+0000][1][safepoint    ] Leaving safepoint region
[2019-12-09T03:39:31.749+0000][1][safepoint    ] Total time for which application threads were stopped: 0.0000364 seconds, Stopping threads took: 0.0000075 seconds
[2019-12-09T03:39:31.750+0000][1][safepoint    ] Application time: 0.0000637 seconds
[2019-12-09T03:39:31.750+0000][1][safepoint    ] Entering safepoint region: RevokeBias
[2019-12-09T03:39:31.750+0000][1][safepoint    ] Leaving safepoint region
[2019-12-09T03:39:31.750+0000][1][safepoint    ] Total time for which application threads were stopped: 0.0000412 seconds, Stopping threads took: 0.0000079 seconds
[2019-12-09T03:39:31.750+0000][1][safepoint    ] Application time: 0.0000753 seconds
[2019-12-09T03:39:31.750+0000][1][safepoint    ] Entering safepoint region: RevokeBias
[2019-12-09T03:39:31.750+0000][1][safepoint    ] Leaving safepoint region
[2019-12-09T03:39:31.750+0000][1][safepoint    ] Total time for which application threads were stopped: 0.0000488 seconds, Stopping threads took: 0.0000096 seconds
[2019-12-09T03:39:31.750+0000][1][safepoint    ] Application time: 0.0000675 seconds
[2019-12-09T03:39:31.750+0000][1][safepoint    ] Entering safepoint region: RevokeBias
[2019-12-09T03:39:31.750+0000][1][safepoint    ] Leaving safepoint region
[2019-12-09T03:39:31.750+0000][1][safepoint    ] Total time for which application threads were stopped: 0.0000389 seconds, Stopping threads took: 0.0000077 seconds
[2019-12-09T03:39:31.752+0000][1][safepoint    ] Application time: 0.0017233 seconds
[2019-12-09T03:39:31.752+0000][1][safepoint    ] Entering safepoint region: RevokeBias
[2019-12-09T03:39:31.752+0000][1][safepoint    ] Leaving safepoint region
[2019-12-09T03:39:31.752+0000][1][safepoint    ] Total time for which application threads were stopped: 0.0001107 seconds, Stopping threads took: 0.0000141 seconds
[2019-12-09T03:39:31.752+0000][1][safepoint    ] Application time: 0.0002007 seconds
[2019-12-09T03:39:31.752+0000][1][safepoint    ] Entering safepoint region: RevokeBias
[2019-12-09T03:39:31.752+0000][1][safepoint    ] Leaving safepoint region
[2019-12-09T03:39:31.752+0000][1][safepoint    ] Total time for which application threads were stopped: 0.0000646 seconds, Stopping threads took: 0.0000083 seconds
[2019-12-09T03:39:31.961+0000][1][safepoint    ] Application time: 0.2084559 seconds
[2019-12-09T03:39:31.972+0000][1][safepoint    ] Entering safepoint region: BulkRevokeBias
[2019-12-09T03:39:31.972+0000][1][safepoint    ] Leaving safepoint region
[2019-12-09T03:39:31.972+0000][1][safepoint    ] Total time for which application threads were stopped: 0.0116278 seconds, Stopping threads took: 0.0113326 seconds
[2019-12-09T03:39:32.013+0000][1][safepoint    ] Application time: 0.0408346 seconds
[2019-12-09T03:39:32.055+0000][1][safepoint    ] Entering safepoint region: RevokeBias
[2019-12-09T03:39:32.055+0000][1][safepoint    ] Leaving safepoint region
[2019-12-09T03:39:32.055+0000][1][safepoint    ] Total time for which application threads were stopped: 0.0418070 seconds, Stopping threads took: 0.0417412 seconds
[2019-12-09T03:39:32.055+0000][1][safepoint    ] Application time: 0.0001602 seconds
[2019-12-09T03:39:32.055+0000][1][safepoint    ] Entering safepoint region: RevokeBias
[2019-12-09T03:39:32.055+0000][1][safepoint    ] Leaving safepoint region
[2019-12-09T03:39:32.055+0000][1][safepoint    ] Total time for which application threads were stopped: 0.0000462 seconds, Stopping threads took: 0.0000103 seconds
[2019-12-09T03:39:32.055+0000][1][safepoint    ] Application time: 0.0000745 seconds
[2019-12-09T03:39:32.055+0000][1][safepoint    ] Entering safepoint region: RevokeBias
[2019-12-09T03:39:32.055+0000][1][safepoint    ] Leaving safepoint region
[2019-12-09T03:39:32.055+0000][1][safepoint    ] Total time for which application threads were stopped: 0.0000342 seconds, Stopping threads took: 0.0000077 seconds
[2019-12-09T03:39:32.056+0000][1][safepoint    ] Application time: 0.0012909 seconds
[2019-12-09T03:39:32.057+0000][1][safepoint    ] Entering safepoint region: RevokeBias
[2019-12-09T03:39:32.057+0000][1][safepoint    ] Leaving safepoint region
[2019-12-09T03:39:32.057+0000][1][safepoint    ] Total time for which application threads were stopped: 0.0001009 seconds, Stopping threads took: 0.0000133 seconds
[2019-12-09T03:39:32.060+0000][1][safepoint    ] Application time: 0.0031577 seconds
[2019-12-09T03:39:32.088+0000][1][safepoint    ] Entering safepoint region: RevokeBias
[2019-12-09T03:39:32.088+0000][1][safepoint    ] Leaving safepoint region
[2019-12-09T03:39:32.088+0000][1][safepoint    ] Total time for which application threads were stopped: 0.0280997 seconds, Stopping threads took: 0.0279889 seconds
[2019-12-09T03:39:32.088+0000][1][safepoint    ] Application time: 0.0003813 seconds
[2019-12-09T03:39:32.088+0000][1][safepoint    ] Entering safepoint region: RevokeBias
[2019-12-09T03:39:32.088+0000][1][safepoint    ] Leaving safepoint region
[2019-12-09T03:39:32.088+0000][1][safepoint    ] Total time for which application threads were stopped: 0.0000978 seconds, Stopping threads took: 0.0000131 seconds
[2019-12-09T03:39:32.088+0000][1][safepoint    ] Application time: 0.0000620 seconds
[2019-12-09T03:39:32.088+0000][1][safepoint    ] Entering safepoint region: RevokeBias
[2019-12-09T03:39:32.089+0000][1][safepoint    ] Leaving safepoint region
[2019-12-09T03:39:32.089+0000][1][safepoint    ] Total time for which application threads were stopped: 0.0000749 seconds, Stopping threads took: 0.0000090 seconds
[2019-12-09T03:39:32.089+0000][1][safepoint    ] Application time: 0.0000583 seconds
[2019-12-09T03:39:32.089+0000][1][safepoint    ] Entering safepoint region: RevokeBias
[2019-12-09T03:39:32.089+0000][1][safepoint    ] Leaving safepoint region
[2019-12-09T03:39:32.089+0000][1][safepoint    ] Total time for which application threads were stopped: 0.0000947 seconds, Stopping threads took: 0.0000094 seconds
[2019-12-09T03:39:32.105+0000][1][safepoint    ] Application time: 0.0166628 seconds
[2019-12-09T03:39:32.161+0000][1][safepoint    ] Entering safepoint region: RevokeBias
[2019-12-09T03:39:32.161+0000][1][safepoint    ] Leaving safepoint region
[2019-12-09T03:39:32.161+0000][1][safepoint    ] Total time for which application threads were stopped: 0.0554688 seconds, Stopping threads took: 0.0553457 seconds
[2019-12-09T03:39:32.161+0000][1][safepoint    ] Application time: 0.0000770 seconds
[2019-12-09T03:39:32.161+0000][1][safepoint    ] Entering safepoint region: RevokeBias
[2019-12-09T03:39:32.161+0000][1][safepoint    ] Leaving safepoint region
[2019-12-09T03:39:32.161+0000][1][safepoint    ] Total time for which application threads were stopped: 0.0000745 seconds, Stopping threads took: 0.0000092 seconds
[2019-12-09T03:39:32.168+0000][1][safepoint    ] Application time: 0.0066554 seconds
[2019-12-09T03:39:32.168+0000][1][safepoint    ] Entering safepoint region: RevokeBias
[2019-12-09T03:39:32.168+0000][1][safepoint    ] Leaving safepoint region
[2019-12-09T03:39:32.168+0000][1][safepoint    ] Total time for which application threads were stopped: 0.0001016 seconds, Stopping threads took: 0.0000151 seconds
[2019-12-09T03:39:32.172+0000][1][safepoint    ] Application time: 0.0036672 seconds
[2019-12-09T03:39:32.213+0000][1][safepoint    ] Entering safepoint region: RevokeBias
[2019-12-09T03:39:32.213+0000][1][safepoint    ] Leaving safepoint region
[2019-12-09T03:39:32.213+0000][1][safepoint    ] Total time for which application threads were stopped: 0.0418879 seconds, Stopping threads took: 0.0418214 seconds
[2019-12-09T03:39:32.237+0000][1][safepoint    ] Application time: 0.0233279 seconds
[2019-12-09T03:39:32.251+0000][1][safepoint    ] Entering safepoint region: RevokeBias
[2019-12-09T03:39:32.251+0000][1][safepoint    ] Leaving safepoint region
[2019-12-09T03:39:32.251+0000][1][safepoint    ] Total time for which application threads were stopped: 0.0144498 seconds, Stopping threads took: 0.0143658 seconds
[2019-12-09T03:39:32.259+0000][1][safepoint    ] Application time: 0.0074394 seconds
[2019-12-09T03:39:32.260+0000][1][safepoint    ] Entering safepoint region: RevokeBias
[2019-12-09T03:39:32.260+0000][1][safepoint    ] Leaving safepoint region
[2019-12-09T03:39:32.260+0000][1][safepoint    ] Total time for which application threads were stopped: 0.0010406 seconds, Stopping threads took: 0.0009455 seconds
[2019-12-09T03:39:32.266+0000][1][safepoint    ] Application time: 0.0062467 seconds
[2019-12-09T03:39:32.266+0000][1][safepoint    ] Entering safepoint region: RevokeBias
[2019-12-09T03:39:32.266+0000][1][safepoint    ] Leaving safepoint region
[2019-12-09T03:39:32.266+0000][1][safepoint    ] Total time for which application threads were stopped: 0.0000995 seconds, Stopping threads took: 0.0000135 seconds
[2019-12-09T03:39:32.267+0000][1][safepoint    ] Application time: 0.0006129 seconds
[2019-12-09T03:39:32.267+0000][1][safepoint    ] Entering safepoint region: RevokeBias
[2019-12-09T03:39:32.267+0000][1][safepoint    ] Leaving safepoint region
[2019-12-09T03:39:32.267+0000][1][safepoint    ] Total time for which application threads were stopped: 0.0000964 seconds, Stopping threads took: 0.0000126 seconds
[2019-12-09T03:39:32.267+0000][1][safepoint    ] Application time: 0.0003893 seconds
[2019-12-09T03:39:32.267+0000][1][safepoint    ] Entering safepoint region: RevokeBias
[2019-12-09T03:39:32.267+0000][1][safepoint    ] Leaving safepoint region
[2019-12-09T03:39:32.267+0000][1][safepoint    ] Total time for which application threads were stopped: 0.0000742 seconds, Stopping threads took: 0.0000107 seconds
[2019-12-09T03:39:32.268+0000][1][safepoint    ] Application time: 0.0004863 seconds
[2019-12-09T03:39:32.268+0000][1][safepoint    ] Entering safepoint region: RevokeBias
[2019-12-09T03:39:32.268+0000][1][safepoint    ] Leaving safepoint region
[2019-12-09T03:39:32.268+0000][1][safepoint    ] Total time for which application threads were stopped: 0.0000673 seconds, Stopping threads took: 0.0000112 seconds
[2019-12-09T03:39:32.274+0000][1][safepoint    ] Application time: 0.0062468 seconds
[2019-12-09T03:39:32.274+0000][1][safepoint    ] Entering safepoint region: RevokeBias
[2019-12-09T03:39:32.274+0000][1][safepoint    ] Leaving safepoint region
[2019-12-09T03:39:32.274+0000][1][safepoint    ] Total time for which application threads were stopped: 0.0001169 seconds, Stopping threads took: 0.0000601 seconds
[2019-12-09T03:39:32.275+0000][1][safepoint    ] Application time: 0.0006893 seconds
[2019-12-09T03:39:32.275+0000][1][safepoint    ] Entering safepoint region: RevokeBias
[2019-12-09T03:39:32.275+0000][1][safepoint    ] Leaving safepoint region
[2019-12-09T03:39:32.275+0000][1][safepoint    ] Total time for which application threads were stopped: 0.0000604 seconds, Stopping threads took: 0.0000113 seconds
[2019-12-09T03:39:32.275+0000][1][safepoint    ] Application time: 0.0001591 seconds
[2019-12-09T03:39:32.275+0000][1][safepoint    ] Entering safepoint region: RevokeBias
[2019-12-09T03:39:32.275+0000][1][safepoint    ] Leaving safepoint region
[2019-12-09T03:39:32.275+0000][1][safepoint    ] Total time for which application threads were stopped: 0.0000513 seconds, Stopping threads took: 0.0000094 seconds
[2019-12-09T03:39:32.276+0000][1][safepoint    ] Application time: 0.0001408 seconds
[2019-12-09T03:39:32.276+0000][1][safepoint    ] Entering safepoint region: RevokeBias
[2019-12-09T03:39:32.276+0000][1][safepoint    ] Leaving safepoint region
[2019-12-09T03:39:32.276+0000][1][safepoint    ] Total time for which application threads were stopped: 0.0000471 seconds, Stopping threads took: 0.0000090 seconds
[2019-12-09T03:39:32.277+0000][1][safepoint    ] Application time: 0.0011906 seconds
[2019-12-09T03:39:32.277+0000][1][safepoint    ] Entering safepoint region: RevokeBias
[2019-12-09T03:39:32.277+0000][1][safepoint    ] Leaving safepoint region
[2019-12-09T03:39:32.277+0000][1][safepoint    ] Total time for which application threads were stopped: 0.0000615 seconds, Stopping threads took: 0.0000115 seconds
[2019-12-09T03:39:32.295+0000][1][safepoint    ] Application time: 0.0179333 seconds
[2019-12-09T03:39:32.295+0000][1][safepoint    ] Entering safepoint region: RevokeBias
[2019-12-09T03:39:32.295+0000][1][safepoint    ] Leaving safepoint region
[2019-12-09T03:39:32.295+0000][1][safepoint    ] Total time for which application threads were stopped: 0.0001614 seconds, Stopping threads took: 0.0001078 seconds
[2019-12-09T03:39:32.327+0000][1][safepoint    ] Application time: 0.0320558 seconds
[2019-12-09T03:39:32.360+0000][1][safepoint    ] Entering safepoint region: RevokeBias
[2019-12-09T03:39:32.360+0000][1][safepoint    ] Leaving safepoint region
[2019-12-09T03:39:32.360+0000][1][safepoint    ] Total time for which application threads were stopped: 0.0331655 seconds, Stopping threads took: 0.0330757 seconds
[2019-12-09T03:39:32.365+0000][1][safepoint    ] Application time: 0.0050809 seconds
[2019-12-09T03:39:32.365+0000][1][safepoint    ] Entering safepoint region: RevokeBias
[2019-12-09T03:39:32.365+0000][1][safepoint    ] Leaving safepoint region
[2019-12-09T03:39:32.365+0000][1][safepoint    ] Total time for which application threads were stopped: 0.0001302 seconds, Stopping threads took: 0.0000548 seconds
[2019-12-09T03:39:32.368+0000][1][safepoint    ] Application time: 0.0020635 seconds
[2019-12-09T03:39:32.368+0000][1][safepoint    ] Entering safepoint region: RevokeBias
[2019-12-09T03:39:32.368+0000][1][safepoint    ] Leaving safepoint region
[2019-12-09T03:39:32.368+0000][1][safepoint    ] Total time for which application threads were stopped: 0.0001528 seconds, Stopping threads took: 0.0000718 seconds
[2019-12-09T03:39:32.378+0000][1][safepoint    ] Application time: 0.0101439 seconds
[2019-12-09T03:39:32.411+0000][1][safepoint    ] Entering safepoint region: RevokeBias
[2019-12-09T03:39:32.411+0000][1][safepoint    ] Leaving safepoint region
[2019-12-09T03:39:32.411+0000][1][safepoint    ] Total time for which application threads were stopped: 0.0328492 seconds, Stopping threads took: 0.0327500 seconds
[2019-12-09T03:39:32.415+0000][1][safepoint    ] Application time: 0.0042700 seconds
[2019-12-09T03:39:32.415+0000][1][safepoint    ] Entering safepoint region: RevokeBias
[2019-12-09T03:39:32.415+0000][1][safepoint    ] Leaving safepoint region
[2019-12-09T03:39:32.415+0000][1][safepoint    ] Total time for which application threads were stopped: 0.0000683 seconds, Stopping threads took: 0.0000138 seconds
[2019-12-09T03:39:32.421+0000][1][safepoint    ] Application time: 0.0060041 seconds
[2019-12-09T03:39:32.421+0000][1][safepoint    ] Entering safepoint region: RevokeBias
[2019-12-09T03:39:32.421+0000][1][safepoint    ] Leaving safepoint region
[2019-12-09T03:39:32.421+0000][1][safepoint    ] Total time for which application threads were stopped: 0.0001789 seconds, Stopping threads took: 0.0001162 seconds
[2019-12-09T03:39:32.422+0000][1][safepoint    ] Application time: 0.0003532 seconds
[2019-12-09T03:39:32.422+0000][1][safepoint    ] Entering safepoint region: RevokeBias
[2019-12-09T03:39:32.422+0000][1][safepoint    ] Leaving safepoint region
[2019-12-09T03:39:32.422+0000][1][safepoint    ] Total time for which application threads were stopped: 0.0000957 seconds, Stopping threads took: 0.0000122 seconds
[2019-12-09T03:39:32.422+0000][1][safepoint    ] Application time: 0.0001247 seconds
[2019-12-09T03:39:32.422+0000][1][safepoint    ] Entering safepoint region: RevokeBias
[2019-12-09T03:39:32.422+0000][1][safepoint    ] Leaving safepoint region
[2019-12-09T03:39:32.422+0000][1][safepoint    ] Total time for which application threads were stopped: 0.0000803 seconds, Stopping threads took: 0.0000099 seconds
[2019-12-09T03:39:32.450+0000][1][safepoint    ] Application time: 0.0279232 seconds
[2019-12-09T03:39:32.450+0000][1][safepoint    ] Entering safepoint region: RevokeBias
[2019-12-09T03:39:32.450+0000][1][safepoint    ] Leaving safepoint region
[2019-12-09T03:39:32.450+0000][1][safepoint    ] Total time for which application threads were stopped: 0.0000842 seconds, Stopping threads took: 0.0000134 seconds
[2019-12-09T03:39:32.469+0000][1][safepoint    ] Application time: 0.0189465 seconds
[2019-12-09T03:39:32.482+0000][1][safepoint    ] Entering safepoint region: RevokeBias
[2019-12-09T03:39:32.483+0000][1][safepoint    ] Leaving safepoint region
[2019-12-09T03:39:32.483+0000][1][safepoint    ] Total time for which application threads were stopped: 0.0135505 seconds, Stopping threads took: 0.0134623 seconds
[2019-12-09T03:39:32.483+0000][1][safepoint    ] Application time: 0.0001296 seconds
[2019-12-09T03:39:32.483+0000][1][safepoint    ] Entering safepoint region: RevokeBias
[2019-12-09T03:39:32.483+0000][1][safepoint    ] Leaving safepoint region
[2019-12-09T03:39:32.483+0000][1][safepoint    ] Total time for which application threads were stopped: 0.0000779 seconds, Stopping threads took: 0.0000101 seconds
[2019-12-09T03:39:32.483+0000][1][safepoint    ] Application time: 0.0004776 seconds
[2019-12-09T03:39:32.483+0000][1][safepoint    ] Entering safepoint region: RevokeBias
[2019-12-09T03:39:32.483+0000][1][safepoint    ] Leaving safepoint region
[2019-12-09T03:39:32.483+0000][1][safepoint    ] Total time for which application threads were stopped: 0.0000704 seconds, Stopping threads took: 0.0000116 seconds
[2019-12-09T03:39:32.485+0000][1][safepoint    ] Application time: 0.0017500 seconds
[2019-12-09T03:39:32.494+0000][1][safepoint    ] Entering safepoint region: RevokeBias
[2019-12-09T03:39:32.494+0000][1][safepoint    ] Leaving safepoint region
[2019-12-09T03:39:32.494+0000][1][safepoint    ] Total time for which application threads were stopped: 0.0086743 seconds, Stopping threads took: 0.0086095 seconds
[2019-12-09T03:39:32.494+0000][1][safepoint    ] Application time: 0.0006033 seconds
[2019-12-09T03:39:32.495+0000][1][safepoint    ] Entering safepoint region: RevokeBias
[2019-12-09T03:39:32.495+0000][1][safepoint    ] Leaving safepoint region
[2019-12-09T03:39:32.495+0000][1][safepoint    ] Total time for which application threads were stopped: 0.0000794 seconds, Stopping threads took: 0.0000119 seconds
[2019-12-09T03:39:32.501+0000][1][safepoint    ] Application time: 0.0059191 seconds
[2019-12-09T03:39:32.501+0000][1][safepoint    ] Entering safepoint region: RevokeBias
[2019-12-09T03:39:32.501+0000][1][safepoint    ] Leaving safepoint region
[2019-12-09T03:39:32.501+0000][1][safepoint    ] Total time for which application threads were stopped: 0.0002360 seconds, Stopping threads took: 0.0000999 seconds
[2019-12-09T03:39:32.517+0000][1][safepoint    ] Application time: 0.0159898 seconds
[2019-12-09T03:39:32.517+0000][1][safepoint    ] Entering safepoint region: RevokeBias
[2019-12-09T03:39:32.517+0000][1][safepoint    ] Leaving safepoint region
[2019-12-09T03:39:32.517+0000][1][safepoint    ] Total time for which application threads were stopped: 0.0001864 seconds, Stopping threads took: 0.0001215 seconds
[2019-12-09T03:39:32.525+0000][1][safepoint    ] Application time: 0.0079796 seconds
[2019-12-09T03:39:32.538+0000][1][safepoint    ] Entering safepoint region: RevokeBias
[2019-12-09T03:39:32.538+0000][1][safepoint    ] Leaving safepoint region
[2019-12-09T03:39:32.538+0000][1][safepoint    ] Total time for which application threads were stopped: 0.0128260 seconds, Stopping threads took: 0.0127520 seconds
[2019-12-09T03:39:32.549+0000][1][safepoint    ] Application time: 0.0108654 seconds
[2019-12-09T03:39:32.549+0000][1][safepoint    ] Entering safepoint region: RevokeBias
[2019-12-09T03:39:32.549+0000][1][safepoint    ] Leaving safepoint region
[2019-12-09T03:39:32.549+0000][1][safepoint    ] Total time for which application threads were stopped: 0.0000965 seconds, Stopping threads took: 0.0000133 seconds
[2019-12-09T03:39:32.558+0000][1][safepoint    ] Application time: 0.0090983 seconds
[2019-12-09T03:39:32.569+0000][1][safepoint    ] Entering safepoint region: RevokeBias
[2019-12-09T03:39:32.569+0000][1][safepoint    ] Leaving safepoint region
[2019-12-09T03:39:32.569+0000][1][safepoint    ] Total time for which application threads were stopped: 0.0108546 seconds, Stopping threads took: 0.0107717 seconds
[2019-12-09T03:39:32.622+0000][1][safepoint    ] Application time: 0.0536675 seconds
[2019-12-09T03:39:32.623+0000][1][safepoint    ] Entering safepoint region: RevokeBias
[2019-12-09T03:39:32.623+0000][1][safepoint    ] Leaving safepoint region
[2019-12-09T03:39:32.623+0000][1][safepoint    ] Total time for which application threads were stopped: 0.0001449 seconds, Stopping threads took: 0.0000556 seconds
[2019-12-09T03:39:32.625+0000][1][safepoint    ] Application time: 0.0024640 seconds
[2019-12-09T03:39:32.625+0000][1][safepoint    ] Entering safepoint region: RevokeBias
[2019-12-09T03:39:32.625+0000][1][safepoint    ] Leaving safepoint region
[2019-12-09T03:39:32.625+0000][1][safepoint    ] Total time for which application threads were stopped: 0.0000743 seconds, Stopping threads took: 0.0000138 seconds
[2019-12-09T03:39:32.629+0000][1][safepoint    ] Application time: 0.0037029 seconds
[2019-12-09T03:39:32.629+0000][1][safepoint    ] Entering safepoint region: RevokeBias
[2019-12-09T03:39:32.629+0000][1][safepoint    ] Leaving safepoint region
[2019-12-09T03:39:32.629+0000][1][safepoint    ] Total time for which application threads were stopped: 0.0003486 seconds, Stopping threads took: 0.0000139 seconds
[2019-12-09T03:39:32.637+0000][1][safepoint    ] Application time: 0.0078933 seconds
[2019-12-09T03:39:32.637+0000][1][safepoint    ] Entering safepoint region: RevokeBias
[2019-12-09T03:39:32.637+0000][1][safepoint    ] Leaving safepoint region
[2019-12-09T03:39:32.637+0000][1][safepoint    ] Total time for which application threads were stopped: 0.0000727 seconds, Stopping threads took: 0.0000135 seconds
[2019-12-09T03:39:32.639+0000][1][safepoint    ] Application time: 0.0015899 seconds
[2019-12-09T03:39:32.639+0000][1][safepoint    ] Entering safepoint region: RevokeBias
[2019-12-09T03:39:32.639+0000][1][safepoint    ] Leaving safepoint region
[2019-12-09T03:39:32.639+0000][1][safepoint    ] Total time for which application threads were stopped: 0.0000712 seconds, Stopping threads took: 0.0000131 seconds
[2019-12-09T03:39:32.639+0000][1][safepoint    ] Application time: 0.0001612 seconds
[2019-12-09T03:39:32.639+0000][1][safepoint    ] Entering safepoint region: RevokeBias
[2019-12-09T03:39:32.639+0000][1][safepoint    ] Leaving safepoint region
[2019-12-09T03:39:32.639+0000][1][safepoint    ] Total time for which application threads were stopped: 0.0000708 seconds, Stopping threads took: 0.0000103 seconds
[2019-12-09T03:39:32.668+0000][1][safepoint    ] Application time: 0.0288058 seconds
[2019-12-09T03:39:32.713+0000][1][safepoint    ] Entering safepoint region: RevokeBias
[2019-12-09T03:39:32.713+0000][1][safepoint    ] Leaving safepoint region
[2019-12-09T03:39:32.713+0000][1][safepoint    ] Total time for which application threads were stopped: 0.0449855 seconds, Stopping threads took: 0.0448816 seconds
[2019-12-09T03:39:32.721+0000][1][safepoint    ] Application time: 0.0076265 seconds
[2019-12-09T03:39:32.721+0000][1][safepoint    ] Entering safepoint region: RevokeBias
[2019-12-09T03:39:32.721+0000][1][safepoint    ] Leaving safepoint region
[2019-12-09T03:39:32.721+0000][1][safepoint    ] Total time for which application threads were stopped: 0.0000747 seconds, Stopping threads took: 0.0000140 seconds
[2019-12-09T03:39:32.721+0000][1][safepoint    ] Application time: 0.0005668 seconds
[2019-12-09T03:39:32.721+0000][1][safepoint    ] Entering safepoint region: RevokeBias
[2019-12-09T03:39:32.721+0000][1][safepoint    ] Leaving safepoint region
[2019-12-09T03:39:32.721+0000][1][safepoint    ] Total time for which application threads were stopped: 0.0000663 seconds, Stopping threads took: 0.0000133 seconds
[2019-12-09T03:39:32.722+0000][1][safepoint    ] Application time: 0.0007801 seconds
[2019-12-09T03:39:32.722+0000][1][safepoint    ] Entering safepoint region: RevokeBias
[2019-12-09T03:39:32.722+0000][1][safepoint    ] Leaving safepoint region
[2019-12-09T03:39:32.722+0000][1][safepoint    ] Total time for which application threads were stopped: 0.0000806 seconds, Stopping threads took: 0.0000131 seconds
[2019-12-09T03:39:32.731+0000][1][safepoint    ] Application time: 0.0082005 seconds
[2019-12-09T03:39:32.731+0000][1][safepoint    ] Entering safepoint region: RevokeBias
[2019-12-09T03:39:32.731+0000][1][safepoint    ] Leaving safepoint region
[2019-12-09T03:39:32.731+0000][1][safepoint    ] Total time for which application threads were stopped: 0.0004860 seconds, Stopping threads took: 0.0003997 seconds
[2019-12-09T03:39:32.941+0000][1][safepoint    ] Application time: 0.2096085 seconds
[2019-12-09T03:39:32.952+0000][1][safepoint    ] Entering safepoint region: RevokeBias
[2019-12-09T03:39:32.952+0000][1][safepoint    ] Leaving safepoint region
[2019-12-09T03:39:32.952+0000][1][safepoint    ] Total time for which application threads were stopped: 0.0112747 seconds, Stopping threads took: 0.0110153 seconds
[2019-12-09T03:39:32.979+0000][1][safepoint    ] Application time: 0.0266337 seconds
[2019-12-09T03:39:32.979+0000][1][safepoint    ] Entering safepoint region: RevokeBias
[2019-12-09T03:39:32.979+0000][1][safepoint    ] Leaving safepoint region
[2019-12-09T03:39:32.979+0000][1][safepoint    ] Total time for which application threads were stopped: 0.0000942 seconds, Stopping threads took: 0.0000196 seconds
[2019-12-09T03:39:32.980+0000][1][safepoint    ] Application time: 0.0010168 seconds
[2019-12-09T03:39:32.980+0000][1][safepoint    ] Entering safepoint region: RevokeBias
[2019-12-09T03:39:32.980+0000][1][safepoint    ] Leaving safepoint region
[2019-12-09T03:39:32.980+0000][1][safepoint    ] Total time for which application threads were stopped: 0.0000656 seconds, Stopping threads took: 0.0000136 seconds
[2019-12-09T03:39:32.995+0000][1][safepoint    ] Application time: 0.0147801 seconds
[2019-12-09T03:39:32.995+0000][1][safepoint    ] Entering safepoint region: RevokeBias
[2019-12-09T03:39:32.995+0000][1][safepoint    ] Leaving safepoint region
[2019-12-09T03:39:32.995+0000][1][safepoint    ] Total time for which application threads were stopped: 0.0000808 seconds, Stopping threads took: 0.0000161 seconds
[2019-12-09T03:39:33.007+0000][1][safepoint    ] Application time: 0.0121754 seconds
[2019-12-09T03:39:33.062+0000][1][safepoint    ] Entering safepoint region: RevokeBias
[2019-12-09T03:39:33.062+0000][1][safepoint    ] Leaving safepoint region
[2019-12-09T03:39:33.062+0000][1][safepoint    ] Total time for which application threads were stopped: 0.0548278 seconds, Stopping threads took: 0.0547434 seconds
[2019-12-09T03:39:33.063+0000][1][safepoint    ] Application time: 0.0011715 seconds
[2019-12-09T03:39:33.063+0000][1][safepoint    ] Entering safepoint region: RevokeBias
[2019-12-09T03:39:33.063+0000][1][safepoint    ] Leaving safepoint region
[2019-12-09T03:39:33.063+0000][1][safepoint    ] Total time for which application threads were stopped: 0.0000776 seconds, Stopping threads took: 0.0000168 seconds
[2019-12-09T03:39:33.066+0000][1][safepoint    ] Application time: 0.0030064 seconds
[2019-12-09T03:39:33.066+0000][1][safepoint    ] Entering safepoint region: RevokeBias
[2019-12-09T03:39:33.066+0000][1][safepoint    ] Leaving safepoint region
[2019-12-09T03:39:33.066+0000][1][safepoint    ] Total time for which application threads were stopped: 0.0000688 seconds, Stopping threads took: 0.0000140 seconds
[2019-12-09T03:39:33.272+0000][1][safepoint    ] Application time: 0.2055258 seconds
[2019-12-09T03:39:33.272+0000][1][safepoint    ] Entering safepoint region: RevokeBias
[2019-12-09T03:39:33.272+0000][1][safepoint    ] Leaving safepoint region
[2019-12-09T03:39:33.272+0000][1][safepoint    ] Total time for which application threads were stopped: 0.0002266 seconds, Stopping threads took: 0.0001464 seconds
[2019-12-09T03:39:33.272+0000][1][safepoint    ] Application time: 0.0002710 seconds
[2019-12-09T03:39:33.272+0000][1][safepoint    ] Entering safepoint region: RevokeBias
[2019-12-09T03:39:33.272+0000][1][safepoint    ] Leaving safepoint region
[2019-12-09T03:39:33.272+0000][1][safepoint    ] Total time for which application threads were stopped: 0.0000738 seconds, Stopping threads took: 0.0000098 seconds
[2019-12-09T03:39:33.273+0000][1][safepoint    ] Application time: 0.0004029 seconds
[2019-12-09T03:39:33.273+0000][1][safepoint    ] Entering safepoint region: RevokeBias
[2019-12-09T03:39:33.273+0000][1][safepoint    ] Leaving safepoint region
[2019-12-09T03:39:33.273+0000][1][safepoint    ] Total time for which application threads were stopped: 0.0000752 seconds, Stopping threads took: 0.0000138 seconds
[2019-12-09T03:39:33.290+0000][1][safepoint    ] Application time: 0.0167688 seconds
[2019-12-09T03:39:33.290+0000][1][safepoint    ] Entering safepoint region: RevokeBias
[2019-12-09T03:39:33.290+0000][1][safepoint    ] Leaving safepoint region
[2019-12-09T03:39:33.290+0000][1][safepoint    ] Total time for which application threads were stopped: 0.0006373 seconds, Stopping threads took: 0.0005788 seconds
[2019-12-09T03:39:33.298+0000][1][safepoint    ] Application time: 0.0075160 seconds
[2019-12-09T03:39:33.298+0000][1][safepoint    ] Entering safepoint region: RevokeBias
[2019-12-09T03:39:33.298+0000][1][safepoint    ] Leaving safepoint region
[2019-12-09T03:39:33.298+0000][1][safepoint    ] Total time for which application threads were stopped: 0.0001061 seconds, Stopping threads took: 0.0000476 seconds
[2019-12-09T03:39:33.298+0000][1][safepoint    ] Application time: 0.0002254 seconds
[2019-12-09T03:39:33.298+0000][1][safepoint    ] Entering safepoint region: RevokeBias
[2019-12-09T03:39:33.298+0000][1][safepoint    ] Leaving safepoint region
[2019-12-09T03:39:33.298+0000][1][safepoint    ] Total time for which application threads were stopped: 0.0000486 seconds, Stopping threads took: 0.0000085 seconds
[2019-12-09T03:39:33.299+0000][1][safepoint    ] Application time: 0.0008693 seconds
[2019-12-09T03:39:33.299+0000][1][safepoint    ] Entering safepoint region: RevokeBias
[2019-12-09T03:39:33.299+0000][1][safepoint    ] Leaving safepoint region
[2019-12-09T03:39:33.299+0000][1][safepoint    ] Total time for which application threads were stopped: 0.0000667 seconds, Stopping threads took: 0.0000112 seconds
[2019-12-09T03:39:33.300+0000][1][safepoint    ] Application time: 0.0010777 seconds
[2019-12-09T03:39:33.300+0000][1][safepoint    ] Entering safepoint region: RevokeBias
[2019-12-09T03:39:33.300+0000][1][safepoint    ] Leaving safepoint region
[2019-12-09T03:39:33.300+0000][1][safepoint    ] Total time for which application threads were stopped: 0.0000545 seconds, Stopping threads took: 0.0000101 seconds
[2019-12-09T03:39:33.301+0000][1][safepoint    ] Application time: 0.0007969 seconds
[2019-12-09T03:39:33.301+0000][1][safepoint    ] Entering safepoint region: RevokeBias
[2019-12-09T03:39:33.301+0000][1][safepoint    ] Leaving safepoint region
[2019-12-09T03:39:33.301+0000][1][safepoint    ] Total time for which application threads were stopped: 0.0000532 seconds, Stopping threads took: 0.0000118 seconds
[2019-12-09T03:39:33.301+0000][1][safepoint    ] Application time: 0.0000598 seconds
[2019-12-09T03:39:33.301+0000][1][safepoint    ] Entering safepoint region: RevokeBias
[2019-12-09T03:39:33.301+0000][1][safepoint    ] Leaving safepoint region
[2019-12-09T03:39:33.301+0000][1][safepoint    ] Total time for which application threads were stopped: 0.0000379 seconds, Stopping threads took: 0.0000082 seconds
[2019-12-09T03:39:33.301+0000][1][safepoint    ] Application time: 0.0000518 seconds
[2019-12-09T03:39:33.301+0000][1][safepoint    ] Entering safepoint region: RevokeBias
[2019-12-09T03:39:33.302+0000][1][safepoint    ] Leaving safepoint region
[2019-12-09T03:39:33.302+0000][1][safepoint    ] Total time for which application threads were stopped: 0.0000383 seconds, Stopping threads took: 0.0000085 seconds
[2019-12-09T03:39:33.329+0000][1][safepoint    ] Application time: 0.0271952 seconds
[2019-12-09T03:39:33.329+0000][1][safepoint    ] Entering safepoint region: RevokeBias
[2019-12-09T03:39:33.329+0000][1][safepoint    ] Leaving safepoint region
[2019-12-09T03:39:33.329+0000][1][safepoint    ] Total time for which application threads were stopped: 0.0002699 seconds, Stopping threads took: 0.0001920 seconds
[2019-12-09T03:39:33.329+0000][1][safepoint    ] Application time: 0.0002927 seconds
[2019-12-09T03:39:33.329+0000][1][safepoint    ] Entering safepoint region: RevokeBias
[2019-12-09T03:39:33.329+0000][1][safepoint    ] Leaving safepoint region
[2019-12-09T03:39:33.329+0000][1][safepoint    ] Total time for which application threads were stopped: 0.0000649 seconds, Stopping threads took: 0.0000124 seconds
[2019-12-09T03:39:33.331+0000][1][safepoint    ] Application time: 0.0015994 seconds
[2019-12-09T03:39:33.331+0000][1][safepoint    ] Entering safepoint region: RevokeBias
[2019-12-09T03:39:33.331+0000][1][safepoint    ] Leaving safepoint region
[2019-12-09T03:39:33.331+0000][1][safepoint    ] Total time for which application threads were stopped: 0.0001018 seconds, Stopping threads took: 0.0000435 seconds
[2019-12-09T03:39:33.333+0000][1][safepoint    ] Application time: 0.0020474 seconds
[2019-12-09T03:39:33.333+0000][1][safepoint    ] Entering safepoint region: RevokeBias
[2019-12-09T03:39:33.333+0000][1][safepoint    ] Leaving safepoint region
[2019-12-09T03:39:33.333+0000][1][safepoint    ] Total time for which application threads were stopped: 0.0000590 seconds, Stopping threads took: 0.0000115 seconds
[2019-12-09T03:39:33.355+0000][1][safepoint    ] Application time: 0.0216046 seconds
[2019-12-09T03:39:33.355+0000][1][safepoint    ] Entering safepoint region: RevokeBias
[2019-12-09T03:39:33.355+0000][1][safepoint    ] Leaving safepoint region
[2019-12-09T03:39:33.355+0000][1][safepoint    ] Total time for which application threads were stopped: 0.0000671 seconds, Stopping threads took: 0.0000123 seconds
[2019-12-09T03:39:33.388+0000][1][safepoint    ] Application time: 0.0327154 seconds
[2019-12-09T03:39:33.388+0000][1][safepoint    ] Entering safepoint region: RevokeBias
[2019-12-09T03:39:33.388+0000][1][safepoint    ] Leaving safepoint region
[2019-12-09T03:39:33.388+0000][1][safepoint    ] Total time for which application threads were stopped: 0.0000839 seconds, Stopping threads took: 0.0000154 seconds
[2019-12-09T03:39:33.389+0000][1][safepoint    ] Application time: 0.0016276 seconds
[2019-12-09T03:39:33.389+0000][1][safepoint    ] Entering safepoint region: RevokeBias
[2019-12-09T03:39:33.390+0000][1][safepoint    ] Leaving safepoint region
[2019-12-09T03:39:33.390+0000][1][safepoint    ] Total time for which application threads were stopped: 0.0000611 seconds, Stopping threads took: 0.0000138 seconds
[2019-12-09T03:39:33.415+0000][1][safepoint    ] Application time: 0.0257482 seconds
[2019-12-09T03:39:33.415+0000][1][safepoint    ] Entering safepoint region: RevokeBias
[2019-12-09T03:39:33.415+0000][1][safepoint    ] Leaving safepoint region
[2019-12-09T03:39:33.415+0000][1][safepoint    ] Total time for which application threads were stopped: 0.0000614 seconds, Stopping threads took: 0.0000132 seconds
[2019-12-09T03:39:33.550+0000][1][safepoint    ] Application time: 0.1343546 seconds
[2019-12-09T03:39:33.550+0000][1][safepoint    ] Entering safepoint region: RevokeBias
[2019-12-09T03:39:33.550+0000][1][safepoint    ] Leaving safepoint region
[2019-12-09T03:39:33.550+0000][1][safepoint    ] Total time for which application threads were stopped: 0.0000881 seconds, Stopping threads took: 0.0000182 seconds
[2019-12-09T03:39:33.550+0000][1][safepoint    ] Application time: 0.0004105 seconds
[2019-12-09T03:39:33.550+0000][1][safepoint    ] Entering safepoint region: RevokeBias
[2019-12-09T03:39:33.550+0000][1][safepoint    ] Leaving safepoint region
[2019-12-09T03:39:33.550+0000][1][safepoint    ] Total time for which application threads were stopped: 0.0000715 seconds, Stopping threads took: 0.0000163 seconds
[2019-12-09T03:39:33.563+0000][1][safepoint    ] Application time: 0.0127973 seconds
[2019-12-09T03:39:33.563+0000][1][safepoint    ] Entering safepoint region: RevokeBias
[2019-12-09T03:39:33.563+0000][1][safepoint    ] Leaving safepoint region
[2019-12-09T03:39:33.563+0000][1][safepoint    ] Total time for which application threads were stopped: 0.0000726 seconds, Stopping threads took: 0.0000158 seconds
[2019-12-09T03:39:33.564+0000][1][safepoint    ] Application time: 0.0003052 seconds
[2019-12-09T03:39:33.564+0000][1][safepoint    ] Entering safepoint region: BulkRevokeBias
[2019-12-09T03:39:33.564+0000][1][safepoint    ] Leaving safepoint region
[2019-12-09T03:39:33.564+0000][1][safepoint    ] Total time for which application threads were stopped: 0.0002609 seconds, Stopping threads took: 0.0000127 seconds
[2019-12-09T03:39:34.282+0000][1][safepoint    ] Application time: 0.7178800 seconds
[2019-12-09T03:39:34.303+0000][1][safepoint    ] Entering safepoint region: RevokeBias
[2019-12-09T03:39:34.303+0000][1][safepoint    ] Leaving safepoint region
[2019-12-09T03:39:34.303+0000][1][safepoint    ] Total time for which application threads were stopped: 0.0211782 seconds, Stopping threads took: 0.0210965 seconds
[2019-12-09T03:39:34.303+0000][1][safepoint    ] Application time: 0.0004320 seconds
[2019-12-09T03:39:34.303+0000][1][safepoint    ] Entering safepoint region: RevokeBias
[2019-12-09T03:39:34.303+0000][1][safepoint    ] Leaving safepoint region
[2019-12-09T03:39:34.303+0000][1][safepoint    ] Total time for which application threads were stopped: 0.0000661 seconds, Stopping threads took: 0.0000154 seconds
[2019-12-09T03:39:34.340+0000][1][safepoint    ] Application time: 0.0362393 seconds
[2019-12-09T03:39:34.364+0000][1][safepoint    ] Entering safepoint region: RevokeBias
[2019-12-09T03:39:34.364+0000][1][safepoint    ] Leaving safepoint region
[2019-12-09T03:39:34.364+0000][1][safepoint    ] Total time for which application threads were stopped: 0.0240787 seconds, Stopping threads took: 0.0239960 seconds
[2019-12-09T03:39:34.364+0000][1][safepoint    ] Application time: 0.0003124 seconds
[2019-12-09T03:39:34.364+0000][1][safepoint    ] Entering safepoint region: RevokeBias
[2019-12-09T03:39:34.364+0000][1][safepoint    ] Leaving safepoint region
[2019-12-09T03:39:34.364+0000][1][safepoint    ] Total time for which application threads were stopped: 0.0000784 seconds, Stopping threads took: 0.0000157 seconds
[2019-12-09T03:39:34.365+0000][1][safepoint    ] Application time: 0.0003706 seconds
[2019-12-09T03:39:34.365+0000][1][safepoint    ] Entering safepoint region: RevokeBias
[2019-12-09T03:39:34.365+0000][1][safepoint    ] Leaving safepoint region
[2019-12-09T03:39:34.365+0000][1][safepoint    ] Total time for which application threads were stopped: 0.0000888 seconds, Stopping threads took: 0.0000131 seconds
[2019-12-09T03:39:34.385+0000][1][safepoint    ] Application time: 0.0200726 seconds
[2019-12-09T03:39:34.385+0000][1][safepoint    ] Entering safepoint region: RevokeBias
[2019-12-09T03:39:34.385+0000][1][safepoint    ] Leaving safepoint region
[2019-12-09T03:39:34.385+0000][1][safepoint    ] Total time for which application threads were stopped: 0.0000978 seconds, Stopping threads took: 0.0000139 seconds
[2019-12-09T03:39:34.392+0000][1][safepoint    ] Application time: 0.0066891 seconds
[2019-12-09T03:39:34.392+0000][1][safepoint    ] Entering safepoint region: RevokeBias
[2019-12-09T03:39:34.392+0000][1][safepoint    ] Leaving safepoint region
[2019-12-09T03:39:34.392+0000][1][safepoint    ] Total time for which application threads were stopped: 0.0000894 seconds, Stopping threads took: 0.0000111 seconds
[2019-12-09T03:39:34.392+0000][1][safepoint    ] Application time: 0.0006258 seconds
[2019-12-09T03:39:34.392+0000][1][safepoint    ] Entering safepoint region: RevokeBias
[2019-12-09T03:39:34.392+0000][1][safepoint    ] Leaving safepoint region
[2019-12-09T03:39:34.392+0000][1][safepoint    ] Total time for which application threads were stopped: 0.0000797 seconds, Stopping threads took: 0.0000113 seconds
[2019-12-09T03:39:34.395+0000][1][safepoint    ] Application time: 0.0022865 seconds
[2019-12-09T03:39:34.395+0000][1][safepoint    ] Entering safepoint region: RevokeBias
[2019-12-09T03:39:34.395+0000][1][safepoint    ] Leaving safepoint region
[2019-12-09T03:39:34.395+0000][1][safepoint    ] Total time for which application threads were stopped: 0.0000617 seconds, Stopping threads took: 0.0000130 seconds
[2019-12-09T03:39:34.474+0000][1][safepoint    ] Application time: 0.0790178 seconds
[2019-12-09T03:39:34.514+0000][1][safepoint    ] Entering safepoint region: RevokeBias
[2019-12-09T03:39:34.514+0000][1][safepoint    ] Leaving safepoint region
[2019-12-09T03:39:34.514+0000][1][safepoint    ] Total time for which application threads were stopped: 0.0399634 seconds, Stopping threads took: 0.0398877 seconds
[2019-12-09T03:39:34.567+0000][1][safepoint    ] Application time: 0.0529828 seconds
[2019-12-09T03:39:34.567+0000][1][safepoint    ] Entering safepoint region: RevokeBias
[2019-12-09T03:39:34.567+0000][1][safepoint    ] Leaving safepoint region
[2019-12-09T03:39:34.567+0000][1][safepoint    ] Total time for which application threads were stopped: 0.0001436 seconds, Stopping threads took: 0.0000706 seconds
[2019-12-09T03:39:34.578+0000][1][safepoint    ] Application time: 0.0106296 seconds
[2019-12-09T03:39:34.578+0000][1][safepoint    ] Entering safepoint region: RevokeBias
[2019-12-09T03:39:34.578+0000][1][safepoint    ] Leaving safepoint region
[2019-12-09T03:39:34.578+0000][1][safepoint    ] Total time for which application threads were stopped: 0.0001533 seconds, Stopping threads took: 0.0000936 seconds
[2019-12-09T03:39:34.594+0000][1][safepoint    ] Application time: 0.0164698 seconds
[2019-12-09T03:39:34.628+0000][1][safepoint    ] Entering safepoint region: RevokeBias
[2019-12-09T03:39:34.628+0000][1][safepoint    ] Leaving safepoint region
[2019-12-09T03:39:34.628+0000][1][safepoint    ] Total time for which application threads were stopped: 0.0335508 seconds, Stopping threads took: 0.0334817 seconds
[2019-12-09T03:39:34.697+0000][1][safepoint    ] Application time: 0.0690536 seconds
[2019-12-09T03:39:34.697+0000][1][safepoint    ] Entering safepoint region: RevokeBias
[2019-12-09T03:39:34.697+0000][1][safepoint    ] Leaving safepoint region
[2019-12-09T03:39:34.697+0000][1][safepoint    ] Total time for which application threads were stopped: 0.0000757 seconds, Stopping threads took: 0.0000157 seconds
[2019-12-09T03:39:34.746+0000][1][safepoint    ] Application time: 0.0492223 seconds
[2019-12-09T03:39:34.746+0000][1][safepoint    ] Entering safepoint region: BulkRevokeBias
[2019-12-09T03:39:34.747+0000][1][safepoint    ] Leaving safepoint region
[2019-12-09T03:39:34.747+0000][1][safepoint    ] Total time for which application threads were stopped: 0.0002776 seconds, Stopping threads took: 0.0000184 seconds
[2019-12-09T03:39:34.747+0000][1][safepoint    ] Application time: 0.0004036 seconds
[2019-12-09T03:39:34.747+0000][1][safepoint    ] Entering safepoint region: RevokeBias
[2019-12-09T03:39:34.747+0000][1][safepoint    ] Leaving safepoint region
[2019-12-09T03:39:34.747+0000][1][safepoint    ] Total time for which application threads were stopped: 0.0000687 seconds, Stopping threads took: 0.0000158 seconds
[2019-12-09T03:39:34.768+0000][1][safepoint    ] Application time: 0.0208790 seconds
[2019-12-09T03:39:34.768+0000][1][safepoint    ] Entering safepoint region: RevokeBias
[2019-12-09T03:39:34.768+0000][1][safepoint    ] Leaving safepoint region
[2019-12-09T03:39:34.768+0000][1][safepoint    ] Total time for which application threads were stopped: 0.0000717 seconds, Stopping threads took: 0.0000148 seconds
[2019-12-09T03:39:34.792+0000][1][safepoint    ] Application time: 0.0241639 seconds
[2019-12-09T03:39:34.792+0000][1][safepoint    ] Entering safepoint region: RevokeBias
[2019-12-09T03:39:34.792+0000][1][safepoint    ] Leaving safepoint region
[2019-12-09T03:39:34.792+0000][1][safepoint    ] Total time for which application threads were stopped: 0.0000678 seconds, Stopping threads took: 0.0000156 seconds
[2019-12-09T03:39:34.793+0000][1][safepoint    ] Application time: 0.0003485 seconds
[2019-12-09T03:39:34.793+0000][1][safepoint    ] Entering safepoint region: RevokeBias
[2019-12-09T03:39:34.793+0000][1][safepoint    ] Leaving safepoint region
[2019-12-09T03:39:34.793+0000][1][safepoint    ] Total time for which application threads were stopped: 0.0000535 seconds, Stopping threads took: 0.0000118 seconds
[2019-12-09T03:39:34.847+0000][1][safepoint    ] Application time: 0.0542492 seconds
[2019-12-09T03:39:34.850+0000][1][safepoint    ] Entering safepoint region: RevokeBias
[2019-12-09T03:39:34.850+0000][1][safepoint    ] Leaving safepoint region
[2019-12-09T03:39:34.850+0000][1][safepoint    ] Total time for which application threads were stopped: 0.0027697 seconds, Stopping threads took: 0.0026859 seconds
[2019-12-09T03:39:34.875+0000][1][safepoint    ] Application time: 0.0249174 seconds
[2019-12-09T03:39:34.875+0000][1][safepoint    ] Entering safepoint region: RevokeBias
[2019-12-09T03:39:34.875+0000][1][safepoint    ] Leaving safepoint region
[2019-12-09T03:39:34.875+0000][1][safepoint    ] Total time for which application threads were stopped: 0.0001025 seconds, Stopping threads took: 0.0000165 seconds
[2019-12-09T03:39:34.875+0000][1][safepoint    ] Application time: 0.0004902 seconds
[2019-12-09T03:39:34.875+0000][1][safepoint    ] Entering safepoint region: RevokeBias
[2019-12-09T03:39:34.875+0000][1][safepoint    ] Leaving safepoint region
[2019-12-09T03:39:34.875+0000][1][safepoint    ] Total time for which application threads were stopped: 0.0000864 seconds, Stopping threads took: 0.0000131 seconds
[2019-12-09T03:39:34.876+0000][1][safepoint    ] Application time: 0.0003691 seconds
[2019-12-09T03:39:34.876+0000][1][safepoint    ] Entering safepoint region: RevokeBias
[2019-12-09T03:39:34.876+0000][1][safepoint    ] Leaving safepoint region
[2019-12-09T03:39:34.876+0000][1][safepoint    ] Total time for which application threads were stopped: 0.0000781 seconds, Stopping threads took: 0.0000100 seconds
[2019-12-09T03:39:34.876+0000][1][safepoint    ] Application time: 0.0003911 seconds
[2019-12-09T03:39:34.876+0000][1][safepoint    ] Entering safepoint region: RevokeBias
[2019-12-09T03:39:34.876+0000][1][safepoint    ] Leaving safepoint region
[2019-12-09T03:39:34.876+0000][1][safepoint    ] Total time for which application threads were stopped: 0.0000738 seconds, Stopping threads took: 0.0000100 seconds
[2019-12-09T03:39:34.877+0000][1][safepoint    ] Application time: 0.0003041 seconds
[2019-12-09T03:39:34.877+0000][1][safepoint    ] Entering safepoint region: RevokeBias
[2019-12-09T03:39:34.877+0000][1][safepoint    ] Leaving safepoint region
[2019-12-09T03:39:34.877+0000][1][safepoint    ] Total time for which application threads were stopped: 0.0000699 seconds, Stopping threads took: 0.0000098 seconds
[2019-12-09T03:39:34.877+0000][1][safepoint    ] Application time: 0.0003716 seconds
[2019-12-09T03:39:34.877+0000][1][safepoint    ] Entering safepoint region: RevokeBias
[2019-12-09T03:39:34.878+0000][1][safepoint    ] Leaving safepoint region
[2019-12-09T03:39:34.878+0000][1][safepoint    ] Total time for which application threads were stopped: 0.0005186 seconds, Stopping threads took: 0.0000095 seconds
[2019-12-09T03:39:34.879+0000][1][safepoint    ] Application time: 0.0008229 seconds
[2019-12-09T03:39:34.879+0000][1][safepoint    ] Entering safepoint region: RevokeBias
[2019-12-09T03:39:34.879+0000][1][safepoint    ] Leaving safepoint region
[2019-12-09T03:39:34.879+0000][1][safepoint    ] Total time for which application threads were stopped: 0.0000889 seconds, Stopping threads took: 0.0000116 seconds
[2019-12-09T03:39:34.879+0000][1][safepoint    ] Application time: 0.0005951 seconds
[2019-12-09T03:39:34.879+0000][1][safepoint    ] Entering safepoint region: RevokeBias
[2019-12-09T03:39:34.880+0000][1][safepoint    ] Leaving safepoint region
[2019-12-09T03:39:34.880+0000][1][safepoint    ] Total time for which application threads were stopped: 0.0003549 seconds, Stopping threads took: 0.0000105 seconds
[2019-12-09T03:39:35.288+0000][1][safepoint    ] Application time: 0.4083423 seconds
[2019-12-09T03:39:35.288+0000][1][safepoint    ] Entering safepoint region: RevokeBias
[2019-12-09T03:39:35.288+0000][1][safepoint    ] Leaving safepoint region
[2019-12-09T03:39:35.288+0000][1][safepoint    ] Total time for which application threads were stopped: 0.0001472 seconds, Stopping threads took: 0.0000621 seconds
[2019-12-09T03:39:35.290+0000][1][safepoint    ] Application time: 0.0021150 seconds
[2019-12-09T03:39:35.290+0000][1][safepoint    ] Entering safepoint region: RevokeBias
[2019-12-09T03:39:35.290+0000][1][safepoint    ] Leaving safepoint region
[2019-12-09T03:39:35.290+0000][1][safepoint    ] Total time for which application threads were stopped: 0.0001173 seconds, Stopping threads took: 0.0000562 seconds
[2019-12-09T03:39:35.308+0000][1][safepoint    ] Application time: 0.0173417 seconds
[2019-12-09T03:39:35.308+0000][1][safepoint    ] Entering safepoint region: RevokeBias
[2019-12-09T03:39:35.308+0000][1][safepoint    ] Leaving safepoint region
[2019-12-09T03:39:35.308+0000][1][safepoint    ] Total time for which application threads were stopped: 0.0000742 seconds, Stopping threads took: 0.0000145 seconds
[2019-12-09T03:39:35.308+0000][1][safepoint    ] Application time: 0.0004676 seconds
[2019-12-09T03:39:35.308+0000][1][safepoint    ] Entering safepoint region: RevokeBias
[2019-12-09T03:39:35.308+0000][1][safepoint    ] Leaving safepoint region
[2019-12-09T03:39:35.308+0000][1][safepoint    ] Total time for which application threads were stopped: 0.0000666 seconds, Stopping threads took: 0.0000123 seconds
[2019-12-09T03:39:35.309+0000][1][safepoint    ] Application time: 0.0006878 seconds
[2019-12-09T03:39:35.309+0000][1][safepoint    ] Entering safepoint region: RevokeBias
[2019-12-09T03:39:35.309+0000][1][safepoint    ] Leaving safepoint region
[2019-12-09T03:39:35.309+0000][1][safepoint    ] Total time for which application threads were stopped: 0.0000674 seconds, Stopping threads took: 0.0000116 seconds
[2019-12-09T03:39:35.310+0000][1][safepoint    ] Application time: 0.0003657 seconds
[2019-12-09T03:39:35.310+0000][1][safepoint    ] Entering safepoint region: RevokeBias
[2019-12-09T03:39:35.310+0000][1][safepoint    ] Leaving safepoint region
[2019-12-09T03:39:35.310+0000][1][safepoint    ] Total time for which application threads were stopped: 0.0000795 seconds, Stopping threads took: 0.0000107 seconds
[2019-12-09T03:39:35.424+0000][1][safepoint    ] Application time: 0.1143503 seconds
[2019-12-09T03:39:35.448+0000][1][safepoint    ] Entering safepoint region: RevokeBias
[2019-12-09T03:39:35.448+0000][1][safepoint    ] Leaving safepoint region
[2019-12-09T03:39:35.448+0000][1][safepoint    ] Total time for which application threads were stopped: 0.0238041 seconds, Stopping threads took: 0.0237140 seconds
[2019-12-09T03:39:35.449+0000][1][safepoint    ] Application time: 0.0006430 seconds
[2019-12-09T03:39:35.449+0000][1][safepoint    ] Entering safepoint region: RevokeBias
[2019-12-09T03:39:35.449+0000][1][safepoint    ] Leaving safepoint region
[2019-12-09T03:39:35.449+0000][1][safepoint    ] Total time for which application threads were stopped: 0.0001072 seconds, Stopping threads took: 0.0000145 seconds
[2019-12-09T03:39:35.449+0000][1][safepoint    ] Application time: 0.0001422 seconds
[2019-12-09T03:39:35.449+0000][1][safepoint    ] Entering safepoint region: RevokeBias
[2019-12-09T03:39:35.449+0000][1][safepoint    ] Leaving safepoint region
[2019-12-09T03:39:35.449+0000][1][safepoint    ] Total time for which application threads were stopped: 0.0000605 seconds, Stopping threads took: 0.0000112 seconds
[2019-12-09T03:39:35.464+0000][1][safepoint    ] Application time: 0.0148935 seconds
[2019-12-09T03:39:35.470+0000][1][safepoint    ] Entering safepoint region: RevokeBias
[2019-12-09T03:39:35.470+0000][1][safepoint    ] Leaving safepoint region
[2019-12-09T03:39:35.470+0000][1][safepoint    ] Total time for which application threads were stopped: 0.0065960 seconds, Stopping threads took: 0.0065287 seconds
[2019-12-09T03:39:35.472+0000][1][safepoint    ] Application time: 0.0013016 seconds
[2019-12-09T03:39:35.472+0000][1][safepoint    ] Entering safepoint region: RevokeBias
[2019-12-09T03:39:35.472+0000][1][safepoint    ] Leaving safepoint region
[2019-12-09T03:39:35.472+0000][1][safepoint    ] Total time for which application threads were stopped: 0.0000566 seconds, Stopping threads took: 0.0000116 seconds
[2019-12-09T03:39:35.473+0000][1][safepoint    ] Application time: 0.0012090 seconds
[2019-12-09T03:39:35.473+0000][1][safepoint    ] Entering safepoint region: RevokeBias
[2019-12-09T03:39:35.473+0000][1][safepoint    ] Leaving safepoint region
[2019-12-09T03:39:35.473+0000][1][safepoint    ] Total time for which application threads were stopped: 0.0000546 seconds, Stopping threads took: 0.0000130 seconds
[2019-12-09T03:39:35.619+0000][1][safepoint    ] Application time: 0.1460408 seconds
[2019-12-09T03:39:35.619+0000][1][safepoint    ] Entering safepoint region: RevokeBias
[2019-12-09T03:39:35.619+0000][1][safepoint    ] Leaving safepoint region
[2019-12-09T03:39:35.619+0000][1][safepoint    ] Total time for which application threads were stopped: 0.0000911 seconds, Stopping threads took: 0.0000184 seconds
[2019-12-09T03:39:36.300+0000][1][safepoint    ] Application time: 0.6804637 seconds
[2019-12-09T03:39:36.300+0000][1][safepoint    ] Entering safepoint region: BulkRevokeBias
[2019-12-09T03:39:36.300+0000][1][safepoint    ] Leaving safepoint region
[2019-12-09T03:39:36.300+0000][1][safepoint    ] Total time for which application threads were stopped: 0.0004499 seconds, Stopping threads took: 0.0001360 seconds
[2019-12-09T03:39:36.301+0000][1][safepoint    ] Application time: 0.0006199 seconds
[2019-12-09T03:39:36.301+0000][1][safepoint    ] Entering safepoint region: RevokeBias
[2019-12-09T03:39:36.301+0000][1][safepoint    ] Leaving safepoint region
[2019-12-09T03:39:36.301+0000][1][safepoint    ] Total time for which application threads were stopped: 0.0000843 seconds, Stopping threads took: 0.0000160 seconds
[2019-12-09T03:39:36.407+0000][1][safepoint    ] Application time: 0.1062996 seconds
[2019-12-09T03:39:36.448+0000][1][safepoint    ] Entering safepoint region: RevokeBias
[2019-12-09T03:39:36.448+0000][1][safepoint    ] Leaving safepoint region
[2019-12-09T03:39:36.448+0000][1][safepoint    ] Total time for which application threads were stopped: 0.0405403 seconds, Stopping threads took: 0.0404487 seconds
[2019-12-09T03:39:36.450+0000][1][safepoint    ] Application time: 0.0023119 seconds
[2019-12-09T03:39:36.450+0000][1][safepoint    ] Entering safepoint region: RevokeBias
[2019-12-09T03:39:36.450+0000][1][safepoint    ] Leaving safepoint region
[2019-12-09T03:39:36.450+0000][1][safepoint    ] Total time for which application threads were stopped: 0.0001040 seconds, Stopping threads took: 0.0000175 seconds
[2019-12-09T03:39:36.464+0000][1][safepoint    ] Application time: 0.0138332 seconds
[2019-12-09T03:39:36.464+0000][1][safepoint    ] Entering safepoint region: RevokeBias
[2019-12-09T03:39:36.464+0000][1][safepoint    ] Leaving safepoint region
[2019-12-09T03:39:36.464+0000][1][safepoint    ] Total time for which application threads were stopped: 0.0000877 seconds, Stopping threads took: 0.0000158 seconds
[2019-12-09T03:39:36.497+0000][1][safepoint    ] Application time: 0.0322362 seconds
[2019-12-09T03:39:36.508+0000][1][safepoint    ] Entering safepoint region: RevokeBias
[2019-12-09T03:39:36.508+0000][1][safepoint    ] Leaving safepoint region
[2019-12-09T03:39:36.508+0000][1][safepoint    ] Total time for which application threads were stopped: 0.0112505 seconds, Stopping threads took: 0.0111721 seconds
[2019-12-09T03:39:36.665+0000][1][safepoint    ] Application time: 0.1569122 seconds
[2019-12-09T03:39:36.665+0000][1][safepoint    ] Entering safepoint region: RevokeBias
[2019-12-09T03:39:36.665+0000][1][safepoint    ] Leaving safepoint region
[2019-12-09T03:39:36.665+0000][1][safepoint    ] Total time for which application threads were stopped: 0.0000978 seconds, Stopping threads took: 0.0000170 seconds
[2019-12-09T03:39:36.665+0000][1][safepoint    ] Application time: 0.0003681 seconds
[2019-12-09T03:39:36.665+0000][1][safepoint    ] Entering safepoint region: RevokeBias
[2019-12-09T03:39:36.665+0000][1][safepoint    ] Leaving safepoint region
[2019-12-09T03:39:36.665+0000][1][safepoint    ] Total time for which application threads were stopped: 0.0000675 seconds, Stopping threads took: 0.0000138 seconds
[2019-12-09T03:39:36.698+0000][1][safepoint    ] Application time: 0.0324318 seconds
[2019-12-09T03:39:36.698+0000][1][safepoint    ] Entering safepoint region: RevokeBias
[2019-12-09T03:39:36.698+0000][1][safepoint    ] Leaving safepoint region
[2019-12-09T03:39:36.698+0000][1][safepoint    ] Total time for which application threads were stopped: 0.0001104 seconds, Stopping threads took: 0.0000187 seconds
[2019-12-09T03:39:36.698+0000][1][safepoint    ] Application time: 0.0000690 seconds
[2019-12-09T03:39:36.698+0000][1][safepoint    ] Entering safepoint region: RevokeBias
[2019-12-09T03:39:36.698+0000][1][safepoint    ] Leaving safepoint region
[2019-12-09T03:39:36.698+0000][1][safepoint    ] Total time for which application threads were stopped: 0.0000743 seconds, Stopping threads took: 0.0000103 seconds
[2019-12-09T03:39:37.600+0000][1][safepoint    ] Application time: 0.9017415 seconds
[2019-12-09T03:39:37.607+0000][1][safepoint    ] Entering safepoint region: RevokeBias
[2019-12-09T03:39:37.608+0000][1][safepoint    ] Leaving safepoint region
[2019-12-09T03:39:37.608+0000][1][safepoint    ] Total time for which application threads were stopped: 0.0077020 seconds, Stopping threads took: 0.0075802 seconds
[2019-12-09T03:39:37.610+0000][1][safepoint    ] Application time: 0.0021632 seconds
[2019-12-09T03:39:37.610+0000][1][safepoint    ] Entering safepoint region: RevokeBias
[2019-12-09T03:39:37.610+0000][1][safepoint    ] Leaving safepoint region
[2019-12-09T03:39:37.610+0000][1][safepoint    ] Total time for which application threads were stopped: 0.0001232 seconds, Stopping threads took: 0.0000427 seconds
[2019-12-09T03:39:37.653+0000][1][safepoint    ] Application time: 0.0433364 seconds
[2019-12-09T03:39:37.653+0000][1][safepoint    ] Entering safepoint region: RevokeBias
[2019-12-09T03:39:37.653+0000][1][safepoint    ] Leaving safepoint region
[2019-12-09T03:39:37.653+0000][1][safepoint    ] Total time for which application threads were stopped: 0.0001823 seconds, Stopping threads took: 0.0000887 seconds
[2019-12-09T03:39:37.656+0000][1][safepoint    ] Application time: 0.0026132 seconds
[2019-12-09T03:39:37.656+0000][1][safepoint    ] Entering safepoint region: BulkRevokeBias
[2019-12-09T03:39:37.657+0000][1][safepoint    ] Leaving safepoint region
[2019-12-09T03:39:37.657+0000][1][safepoint    ] Total time for which application threads were stopped: 0.0005893 seconds, Stopping threads took: 0.0000177 seconds
[2019-12-09T03:39:37.657+0000][1][safepoint    ] Application time: 0.0002773 seconds
[2019-12-09T03:39:37.657+0000][1][safepoint    ] Entering safepoint region: RevokeBias
[2019-12-09T03:39:37.657+0000][1][safepoint    ] Leaving safepoint region
[2019-12-09T03:39:37.657+0000][1][safepoint    ] Total time for which application threads were stopped: 0.0001041 seconds, Stopping threads took: 0.0000139 seconds
[2019-12-09T03:39:37.668+0000][1][safepoint    ] Application time: 0.0111279 seconds
[2019-12-09T03:39:37.668+0000][1][safepoint    ] Entering safepoint region: RevokeBias
[2019-12-09T03:39:37.668+0000][1][safepoint    ] Leaving safepoint region
[2019-12-09T03:39:37.668+0000][1][safepoint    ] Total time for which application threads were stopped: 0.0001506 seconds, Stopping threads took: 0.0000559 seconds
[2019-12-09T03:39:37.674+0000][1][safepoint    ] Application time: 0.0056978 seconds
[2019-12-09T03:39:37.676+0000][1][safepoint    ] Entering safepoint region: RevokeBias
[2019-12-09T03:39:37.676+0000][1][safepoint    ] Leaving safepoint region
[2019-12-09T03:39:37.676+0000][1][safepoint    ] Total time for which application threads were stopped: 0.0018735 seconds, Stopping threads took: 0.0017707 seconds
[2019-12-09T03:39:37.677+0000][1][safepoint    ] Application time: 0.0013467 seconds
[2019-12-09T03:39:37.677+0000][1][safepoint    ] Entering safepoint region: RevokeBias
[2019-12-09T03:39:37.677+0000][1][safepoint    ] Leaving safepoint region
[2019-12-09T03:39:37.677+0000][1][safepoint    ] Total time for which application threads were stopped: 0.0000925 seconds, Stopping threads took: 0.0000137 seconds
[2019-12-09T03:39:37.682+0000][1][safepoint    ] Application time: 0.0043688 seconds
[2019-12-09T03:39:37.682+0000][1][safepoint    ] Entering safepoint region: RevokeBias
[2019-12-09T03:39:37.682+0000][1][safepoint    ] Leaving safepoint region
[2019-12-09T03:39:37.682+0000][1][safepoint    ] Total time for which application threads were stopped: 0.0001092 seconds, Stopping threads took: 0.0000381 seconds
[2019-12-09T03:39:37.682+0000][1][safepoint    ] Application time: 0.0001917 seconds
[2019-12-09T03:39:37.682+0000][1][safepoint    ] Entering safepoint region: RevokeBias
[2019-12-09T03:39:37.682+0000][1][safepoint    ] Leaving safepoint region
[2019-12-09T03:39:37.682+0000][1][safepoint    ] Total time for which application threads were stopped: 0.0000728 seconds, Stopping threads took: 0.0000116 seconds
[2019-12-09T03:39:37.688+0000][1][safepoint    ] Application time: 0.0061607 seconds
[2019-12-09T03:39:37.688+0000][1][safepoint    ] Entering safepoint region: RevokeBias
[2019-12-09T03:39:37.688+0000][1][safepoint    ] Leaving safepoint region
[2019-12-09T03:39:37.688+0000][1][safepoint    ] Total time for which application threads were stopped: 0.0000793 seconds, Stopping threads took: 0.0000131 seconds
[2019-12-09T03:39:37.689+0000][1][safepoint    ] Application time: 0.0002038 seconds
[2019-12-09T03:39:37.689+0000][1][safepoint    ] Entering safepoint region: RevokeBias
[2019-12-09T03:39:37.689+0000][1][safepoint    ] Leaving safepoint region
[2019-12-09T03:39:37.689+0000][1][safepoint    ] Total time for which application threads were stopped: 0.0000731 seconds, Stopping threads took: 0.0000123 seconds
[2019-12-09T03:39:37.692+0000][1][safepoint    ] Application time: 0.0032281 seconds
[2019-12-09T03:39:37.692+0000][1][safepoint    ] Entering safepoint region: BulkRevokeBias
[2019-12-09T03:39:37.693+0000][1][safepoint    ] Leaving safepoint region
[2019-12-09T03:39:37.693+0000][1][safepoint    ] Total time for which application threads were stopped: 0.0004689 seconds, Stopping threads took: 0.0000927 seconds
[2019-12-09T03:39:37.813+0000][1][safepoint    ] Application time: 0.1208900 seconds
[2019-12-09T03:39:37.814+0000][1][safepoint    ] Entering safepoint region: RevokeBias
[2019-12-09T03:39:37.814+0000][1][safepoint    ] Leaving safepoint region
[2019-12-09T03:39:37.814+0000][1][safepoint    ] Total time for which application threads were stopped: 0.0001895 seconds, Stopping threads took: 0.0000827 seconds
[2019-12-09T03:39:37.816+0000][1][safepoint    ] Application time: 0.0020043 seconds
[2019-12-09T03:39:37.816+0000][1][safepoint    ] Entering safepoint region: RevokeBias
[2019-12-09T03:39:37.816+0000][1][safepoint    ] Leaving safepoint region
[2019-12-09T03:39:37.816+0000][1][safepoint    ] Total time for which application threads were stopped: 0.0000758 seconds, Stopping threads took: 0.0000151 seconds
[2019-12-09T03:39:37.868+0000][1][safepoint    ] Application time: 0.0526025 seconds
[2019-12-09T03:39:37.868+0000][1][safepoint    ] Entering safepoint region: RevokeBias
[2019-12-09T03:39:37.869+0000][1][safepoint    ] Leaving safepoint region
[2019-12-09T03:39:37.869+0000][1][safepoint    ] Total time for which application threads were stopped: 0.0001015 seconds, Stopping threads took: 0.0000184 seconds
[2019-12-09T03:39:37.895+0000][1][safepoint    ] Application time: 0.0261136 seconds
[2019-12-09T03:39:37.895+0000][1][safepoint    ] Entering safepoint region: RevokeBias
[2019-12-09T03:39:37.895+0000][1][safepoint    ] Leaving safepoint region
[2019-12-09T03:39:37.895+0000][1][safepoint    ] Total time for which application threads were stopped: 0.0001356 seconds, Stopping threads took: 0.0000379 seconds
[2019-12-09T03:39:37.895+0000][1][safepoint    ] Application time: 0.0000530 seconds
[2019-12-09T03:39:37.895+0000][1][safepoint    ] Entering safepoint region: RevokeBias
[2019-12-09T03:39:37.895+0000][1][safepoint    ] Leaving safepoint region
[2019-12-09T03:39:37.895+0000][1][safepoint    ] Total time for which application threads were stopped: 0.0000593 seconds, Stopping threads took: 0.0000097 seconds
[2019-12-09T03:39:37.895+0000][1][safepoint    ] Application time: 0.0000411 seconds
[2019-12-09T03:39:37.895+0000][1][safepoint    ] Entering safepoint region: RevokeBias
[2019-12-09T03:39:37.895+0000][1][safepoint    ] Leaving safepoint region
[2019-12-09T03:39:37.895+0000][1][safepoint    ] Total time for which application threads were stopped: 0.0000547 seconds, Stopping threads took: 0.0000094 seconds
[2019-12-09T03:39:37.896+0000][1][safepoint    ] Application time: 0.0009776 seconds
[2019-12-09T03:39:37.896+0000][1][safepoint    ] Entering safepoint region: RevokeBias
[2019-12-09T03:39:37.896+0000][1][safepoint    ] Leaving safepoint region
[2019-12-09T03:39:37.896+0000][1][safepoint    ] Total time for which application threads were stopped: 0.0000854 seconds, Stopping threads took: 0.0000156 seconds
[2019-12-09T03:39:37.896+0000][1][safepoint    ] Application time: 0.0001368 seconds
[2019-12-09T03:39:37.896+0000][1][safepoint    ] Entering safepoint region: RevokeBias
[2019-12-09T03:39:37.896+0000][1][safepoint    ] Leaving safepoint region
[2019-12-09T03:39:37.896+0000][1][safepoint    ] Total time for which application threads were stopped: 0.0000702 seconds, Stopping threads took: 0.0000121 seconds
[2019-12-09T03:39:37.896+0000][1][safepoint    ] Application time: 0.0000442 seconds
[2019-12-09T03:39:37.896+0000][1][safepoint    ] Entering safepoint region: RevokeBias
[2019-12-09T03:39:37.896+0000][1][safepoint    ] Leaving safepoint region
[2019-12-09T03:39:37.896+0000][1][safepoint    ] Total time for which application threads were stopped: 0.0000562 seconds, Stopping threads took: 0.0000093 seconds
[2019-12-09T03:39:38.415+0000][1][safepoint    ] Application time: 0.5186613 seconds
[2019-12-09T03:39:38.415+0000][1][safepoint    ] Entering safepoint region: RevokeBias
[2019-12-09T03:39:38.415+0000][1][safepoint    ] Leaving safepoint region
[2019-12-09T03:39:38.415+0000][1][safepoint    ] Total time for which application threads were stopped: 0.0001076 seconds, Stopping threads took: 0.0000215 seconds
[2019-12-09T03:39:38.415+0000][1][safepoint    ] Application time: 0.0000956 seconds
[2019-12-09T03:39:38.415+0000][1][safepoint    ] Entering safepoint region: RevokeBias
[2019-12-09T03:39:38.415+0000][1][safepoint    ] Leaving safepoint region
[2019-12-09T03:39:38.415+0000][1][safepoint    ] Total time for which application threads were stopped: 0.0000617 seconds, Stopping threads took: 0.0000117 seconds
[2019-12-09T03:39:38.444+0000][1][safepoint    ] Application time: 0.0286644 seconds
[2019-12-09T03:39:38.444+0000][1][safepoint    ] Entering safepoint region: RevokeBias
[2019-12-09T03:39:38.444+0000][1][safepoint    ] Leaving safepoint region
[2019-12-09T03:39:38.444+0000][1][safepoint    ] Total time for which application threads were stopped: 0.0001029 seconds, Stopping threads took: 0.0000200 seconds
[2019-12-09T03:39:38.530+0000][1][safepoint    ] Application time: 0.0856995 seconds
[2019-12-09T03:39:38.530+0000][1][safepoint    ] Entering safepoint region: RevokeBias
[2019-12-09T03:39:38.530+0000][1][safepoint    ] Leaving safepoint region
[2019-12-09T03:39:38.530+0000][1][safepoint    ] Total time for which application threads were stopped: 0.0001629 seconds, Stopping threads took: 0.0000857 seconds
[2019-12-09T03:39:38.539+0000][1][safepoint    ] Application time: 0.0088114 seconds
[2019-12-09T03:39:38.539+0000][1][safepoint    ] Entering safepoint region: RevokeBias
[2019-12-09T03:39:38.539+0000][1][safepoint    ] Leaving safepoint region
[2019-12-09T03:39:38.539+0000][1][safepoint    ] Total time for which application threads were stopped: 0.0001269 seconds, Stopping threads took: 0.0000465 seconds
[2019-12-09T03:39:38.570+0000][1][safepoint    ] Application time: 0.0308558 seconds
[2019-12-09T03:39:38.570+0000][1][safepoint    ] Entering safepoint region: RevokeBias
[2019-12-09T03:39:38.570+0000][1][safepoint    ] Leaving safepoint region
[2019-12-09T03:39:38.570+0000][1][safepoint    ] Total time for which application threads were stopped: 0.0001246 seconds, Stopping threads took: 0.0000523 seconds
[2019-12-09T03:39:38.570+0000][1][safepoint    ] Application time: 0.0000943 seconds
[2019-12-09T03:39:38.570+0000][1][safepoint    ] Entering safepoint region: RevokeBias
[2019-12-09T03:39:38.570+0000][1][safepoint    ] Leaving safepoint region
[2019-12-09T03:39:38.570+0000][1][safepoint    ] Total time for which application threads were stopped: 0.0000975 seconds, Stopping threads took: 0.0000378 seconds
[2019-12-09T03:39:38.571+0000][1][safepoint    ] Application time: 0.0002294 seconds
[2019-12-09T03:39:38.571+0000][1][safepoint    ] Entering safepoint region: RevokeBias
[2019-12-09T03:39:38.571+0000][1][safepoint    ] Leaving safepoint region
[2019-12-09T03:39:38.571+0000][1][safepoint    ] Total time for which application threads were stopped: 0.0001113 seconds, Stopping threads took: 0.0000436 seconds
[2019-12-09T03:39:38.572+0000][1][safepoint    ] Application time: 0.0015220 seconds
[2019-12-09T03:39:38.572+0000][1][safepoint    ] Entering safepoint region: RevokeBias
[2019-12-09T03:39:38.572+0000][1][safepoint    ] Leaving safepoint region
[2019-12-09T03:39:38.572+0000][1][safepoint    ] Total time for which application threads were stopped: 0.0000627 seconds, Stopping threads took: 0.0000139 seconds
[2019-12-09T03:39:38.573+0000][1][safepoint    ] Application time: 0.0002797 seconds
[2019-12-09T03:39:38.573+0000][1][safepoint    ] Entering safepoint region: RevokeBias
[2019-12-09T03:39:38.573+0000][1][safepoint    ] Leaving safepoint region
[2019-12-09T03:39:38.573+0000][1][safepoint    ] Total time for which application threads were stopped: 0.0000724 seconds, Stopping threads took: 0.0000126 seconds
[2019-12-09T03:39:38.595+0000][1][safepoint    ] Application time: 0.0217918 seconds
[2019-12-09T03:39:38.595+0000][1][safepoint    ] Entering safepoint region: RevokeBias
[2019-12-09T03:39:38.595+0000][1][safepoint    ] Leaving safepoint region
[2019-12-09T03:39:38.595+0000][1][safepoint    ] Total time for which application threads were stopped: 0.0000726 seconds, Stopping threads took: 0.0000156 seconds
[2019-12-09T03:39:38.601+0000][1][safepoint    ] Application time: 0.0061074 seconds
[2019-12-09T03:39:38.601+0000][1][safepoint    ] Entering safepoint region: RevokeBias
[2019-12-09T03:39:38.601+0000][1][safepoint    ] Leaving safepoint region
[2019-12-09T03:39:38.601+0000][1][safepoint    ] Total time for which application threads were stopped: 0.0000792 seconds, Stopping threads took: 0.0000151 seconds
[2019-12-09T03:39:38.649+0000][1][safepoint    ] Application time: 0.0482338 seconds
[2019-12-09T03:39:38.649+0000][1][safepoint    ] Entering safepoint region: CollectForMetadataAllocation
[2019-12-09T03:39:38.649+0000][1][safepoint    ] Leaving safepoint region
[2019-12-09T03:39:38.649+0000][1][safepoint    ] Total time for which application threads were stopped: 0.0002885 seconds, Stopping threads took: 0.0000190 seconds
[2019-12-09T03:39:38.838+0000][1][safepoint    ] Application time: 0.1881280 seconds
[2019-12-09T03:39:38.838+0000][1][safepoint    ] Entering safepoint region: CollectForMetadataAllocation
[2019-12-09T03:39:38.838+0000][1][safepoint    ] Leaving safepoint region
[2019-12-09T03:39:38.838+0000][1][safepoint    ] Total time for which application threads were stopped: 0.0003114 seconds, Stopping threads took: 0.0000245 seconds
[2019-12-09T03:39:39.002+0000][1][safepoint    ] Application time: 0.1636308 seconds
[2019-12-09T03:39:39.030+0000][1][safepoint    ] Entering safepoint region: CMS_Initial_Mark
[2019-12-09T03:39:39.030+0000][1][gc,start     ] GC(23) Pause Initial Mark
[2019-12-09T03:39:39.124+0000][1][gc           ] GC(23) Pause Initial Mark 110M->110M(247M) 93.903ms
[2019-12-09T03:39:39.124+0000][1][gc,cpu       ] GC(23) User=0.03s Sys=0.00s Real=0.09s
[2019-12-09T03:39:39.124+0000][1][safepoint    ] Leaving safepoint region
[2019-12-09T03:39:39.124+0000][1][safepoint    ] Total time for which application threads were stopped: 0.1222681 seconds, Stopping threads took: 0.0281823 seconds
[2019-12-09T03:39:39.125+0000][1][gc           ] GC(23) Concurrent Mark
[2019-12-09T03:39:39.180+0000][1][safepoint    ] Application time: 0.0559109 seconds
[2019-12-09T03:39:39.180+0000][1][safepoint    ] Entering safepoint region: CollectForMetadataAllocation
[2019-12-09T03:39:39.180+0000][1][safepoint    ] Leaving safepoint region
[2019-12-09T03:39:39.180+0000][1][safepoint    ] Total time for which application threads were stopped: 0.0002855 seconds, Stopping threads took: 0.0000216 seconds
[2019-12-09T03:39:39.244+0000][1][safepoint    ] Application time: 0.0636253 seconds
[2019-12-09T03:39:39.244+0000][1][safepoint    ] Entering safepoint region: Deoptimize
[2019-12-09T03:39:39.244+0000][1][safepoint    ] Leaving safepoint region
[2019-12-09T03:39:39.244+0000][1][safepoint    ] Total time for which application threads were stopped: 0.0007359 seconds, Stopping threads took: 0.0000206 seconds
[2019-12-09T03:39:39.549+0000][1][safepoint    ] Application time: 0.3044087 seconds
[2019-12-09T03:39:39.549+0000][1][safepoint    ] Entering safepoint region: CollectForMetadataAllocation
[2019-12-09T03:39:39.549+0000][1][safepoint    ] Leaving safepoint region
[2019-12-09T03:39:39.549+0000][1][safepoint    ] Total time for which application threads were stopped: 0.0002833 seconds, Stopping threads took: 0.0000221 seconds
[2019-12-09T03:39:39.581+0000][1][safepoint    ] Application time: 0.0312811 seconds
[2019-12-09T03:39:39.581+0000][1][safepoint    ] Entering safepoint region: CollectForMetadataAllocation
[2019-12-09T03:39:39.581+0000][1][safepoint    ] Leaving safepoint region
[2019-12-09T03:39:39.581+0000][1][safepoint    ] Total time for which application threads were stopped: 0.0000878 seconds, Stopping threads took: 0.0000198 seconds
[2019-12-09T03:39:39.900+0000][1][safepoint    ] Application time: 0.3191569 seconds
[2019-12-09T03:39:39.900+0000][1][safepoint    ] Entering safepoint region: BulkRevokeBias
[2019-12-09T03:39:39.900+0000][1][safepoint    ] Leaving safepoint region
[2019-12-09T03:39:39.900+0000][1][safepoint    ] Total time for which application threads were stopped: 0.0004761 seconds, Stopping threads took: 0.0000220 seconds
[2019-12-09T03:39:39.900+0000][1][safepoint    ] Application time: 0.0000582 seconds
[2019-12-09T03:39:39.900+0000][1][safepoint    ] Entering safepoint region: RevokeBias
[2019-12-09T03:39:39.900+0000][1][safepoint    ] Leaving safepoint region
[2019-12-09T03:39:39.900+0000][1][safepoint    ] Total time for which application threads were stopped: 0.0000646 seconds, Stopping threads took: 0.0000101 seconds
[2019-12-09T03:39:39.967+0000][1][safepoint    ] Application time: 0.0662965 seconds
[2019-12-09T03:39:39.967+0000][1][safepoint    ] Entering safepoint region: RevokeBias
[2019-12-09T03:39:39.967+0000][1][safepoint    ] Leaving safepoint region
[2019-12-09T03:39:39.967+0000][1][safepoint    ] Total time for which application threads were stopped: 0.0000968 seconds, Stopping threads took: 0.0000201 seconds
[2019-12-09T03:39:39.967+0000][1][safepoint    ] Application time: 0.0000640 seconds
[2019-12-09T03:39:39.967+0000][1][safepoint    ] Entering safepoint region: BulkRevokeBias
[2019-12-09T03:39:39.967+0000][1][safepoint    ] Leaving safepoint region
[2019-12-09T03:39:39.967+0000][1][safepoint    ] Total time for which application threads were stopped: 0.0003629 seconds, Stopping threads took: 0.0000095 seconds
[2019-12-09T03:39:39.979+0000][1][safepoint    ] Application time: 0.0116404 seconds
[2019-12-09T03:39:39.979+0000][1][safepoint    ] Entering safepoint region: RevokeBias
[2019-12-09T03:39:39.979+0000][1][safepoint    ] Leaving safepoint region
[2019-12-09T03:39:39.979+0000][1][safepoint    ] Total time for which application threads were stopped: 0.0000923 seconds, Stopping threads took: 0.0000212 seconds
[2019-12-09T03:39:40.012+0000][1][gc           ] GC(23) Concurrent Mark 887.059ms
[2019-12-09T03:39:40.012+0000][1][gc,cpu       ] GC(23) User=0.26s Sys=0.01s Real=0.88s
[2019-12-09T03:39:40.012+0000][1][gc           ] GC(23) Concurrent Preclean
[2019-12-09T03:39:40.027+0000][1][gc           ] GC(23) Concurrent Preclean 14.649ms
[2019-12-09T03:39:40.027+0000][1][gc,cpu       ] GC(23) User=0.00s Sys=0.00s Real=0.02s
[2019-12-09T03:39:40.027+0000][1][gc           ] GC(23) Concurrent Abortable Preclean
[2019-12-09T03:39:40.146+0000][1][safepoint    ] Application time: 0.1665698 seconds
[2019-12-09T03:39:40.146+0000][1][safepoint    ] Entering safepoint region: CollectForMetadataAllocation
[2019-12-09T03:39:40.146+0000][1][safepoint    ] Leaving safepoint region
[2019-12-09T03:39:40.146+0000][1][safepoint    ] Total time for which application threads were stopped: 0.0002877 seconds, Stopping threads took: 0.0000201 seconds
[2019-12-09T03:39:40.332+0000][1][safepoint    ] Application time: 0.1862602 seconds
[2019-12-09T03:39:40.332+0000][1][safepoint    ] Entering safepoint region: RevokeBias
[2019-12-09T03:39:40.332+0000][1][safepoint    ] Leaving safepoint region
[2019-12-09T03:39:40.332+0000][1][safepoint    ] Total time for which application threads were stopped: 0.0001579 seconds, Stopping threads took: 0.0000537 seconds
[2019-12-09T03:39:40.362+0000][1][safepoint    ] Application time: 0.0293138 seconds
[2019-12-09T03:39:40.362+0000][1][safepoint    ] Entering safepoint region: RevokeBias
[2019-12-09T03:39:40.362+0000][1][safepoint    ] Leaving safepoint region
[2019-12-09T03:39:40.362+0000][1][safepoint    ] Total time for which application threads were stopped: 0.0001027 seconds, Stopping threads took: 0.0000204 seconds
[2019-12-09T03:39:40.364+0000][1][safepoint    ] Application time: 0.0018134 seconds
[2019-12-09T03:39:40.364+0000][1][safepoint    ] Entering safepoint region: RevokeBias
[2019-12-09T03:39:40.364+0000][1][safepoint    ] Leaving safepoint region
[2019-12-09T03:39:40.364+0000][1][safepoint    ] Total time for which application threads were stopped: 0.0000821 seconds, Stopping threads took: 0.0000196 seconds
[2019-12-09T03:39:40.364+0000][1][safepoint    ] Application time: 0.0000481 seconds
[2019-12-09T03:39:40.364+0000][1][safepoint    ] Entering safepoint region: RevokeBias
[2019-12-09T03:39:40.364+0000][1][safepoint    ] Leaving safepoint region
[2019-12-09T03:39:40.364+0000][1][safepoint    ] Total time for which application threads were stopped: 0.0000503 seconds, Stopping threads took: 0.0000104 seconds
[2019-12-09T03:39:40.364+0000][1][safepoint    ] Application time: 0.0000373 seconds
[2019-12-09T03:39:40.364+0000][1][safepoint    ] Entering safepoint region: RevokeBias
[2019-12-09T03:39:40.364+0000][1][safepoint    ] Leaving safepoint region
[2019-12-09T03:39:40.364+0000][1][safepoint    ] Total time for which application threads were stopped: 0.0000489 seconds, Stopping threads took: 0.0000099 seconds
[2019-12-09T03:39:40.364+0000][1][safepoint    ] Application time: 0.0000364 seconds
[2019-12-09T03:39:40.364+0000][1][safepoint    ] Entering safepoint region: RevokeBias
[2019-12-09T03:39:40.364+0000][1][safepoint    ] Leaving safepoint region
[2019-12-09T03:39:40.364+0000][1][safepoint    ] Total time for which application threads were stopped: 0.0000476 seconds, Stopping threads took: 0.0000096 seconds
[2019-12-09T03:39:40.364+0000][1][safepoint    ] Application time: 0.0000353 seconds
[2019-12-09T03:39:40.364+0000][1][safepoint    ] Entering safepoint region: RevokeBias
[2019-12-09T03:39:40.364+0000][1][safepoint    ] Leaving safepoint region
[2019-12-09T03:39:40.364+0000][1][safepoint    ] Total time for which application threads were stopped: 0.0000481 seconds, Stopping threads took: 0.0000094 seconds
[2019-12-09T03:39:40.364+0000][1][safepoint    ] Application time: 0.0000359 seconds
[2019-12-09T03:39:40.364+0000][1][safepoint    ] Entering safepoint region: RevokeBias
[2019-12-09T03:39:40.364+0000][1][safepoint    ] Leaving safepoint region
[2019-12-09T03:39:40.364+0000][1][safepoint    ] Total time for which application threads were stopped: 0.0000497 seconds, Stopping threads took: 0.0000180 seconds
[2019-12-09T03:39:40.364+0000][1][safepoint    ] Application time: 0.0000315 seconds
[2019-12-09T03:39:40.364+0000][1][safepoint    ] Entering safepoint region: RevokeBias
[2019-12-09T03:39:40.364+0000][1][safepoint    ] Leaving safepoint region
[2019-12-09T03:39:40.364+0000][1][safepoint    ] Total time for which application threads were stopped: 0.0000404 seconds, Stopping threads took: 0.0000083 seconds
[2019-12-09T03:39:40.364+0000][1][safepoint    ] Application time: 0.0000305 seconds
[2019-12-09T03:39:40.364+0000][1][safepoint    ] Entering safepoint region: RevokeBias
[2019-12-09T03:39:40.365+0000][1][safepoint    ] Leaving safepoint region
[2019-12-09T03:39:40.365+0000][1][safepoint    ] Total time for which application threads were stopped: 0.0000413 seconds, Stopping threads took: 0.0000083 seconds
[2019-12-09T03:39:40.608+0000][1][safepoint    ] Application time: 0.2431331 seconds
[2019-12-09T03:39:40.608+0000][1][safepoint    ] Entering safepoint region: RevokeBias
[2019-12-09T03:39:40.608+0000][1][safepoint    ] Leaving safepoint region
[2019-12-09T03:39:40.608+0000][1][safepoint    ] Total time for which application threads were stopped: 0.0001251 seconds, Stopping threads took: 0.0000227 seconds
[2019-12-09T03:39:40.705+0000][1][safepoint    ] Application time: 0.0970418 seconds
[2019-12-09T03:39:40.705+0000][1][safepoint    ] Entering safepoint region: RevokeBias
[2019-12-09T03:39:40.705+0000][1][safepoint    ] Leaving safepoint region
[2019-12-09T03:39:40.705+0000][1][safepoint    ] Total time for which application threads were stopped: 0.0001236 seconds, Stopping threads took: 0.0000208 seconds
[2019-12-09T03:39:40.706+0000][1][safepoint    ] Application time: 0.0010270 seconds
[2019-12-09T03:39:40.706+0000][1][safepoint    ] Entering safepoint region: RevokeBias
[2019-12-09T03:39:40.706+0000][1][safepoint    ] Leaving safepoint region
[2019-12-09T03:39:40.706+0000][1][safepoint    ] Total time for which application threads were stopped: 0.0000956 seconds, Stopping threads took: 0.0000193 seconds
[2019-12-09T03:39:41.711+0000][1][safepoint    ] Application time: 1.0044868 seconds
[2019-12-09T03:39:41.711+0000][1][safepoint    ] Entering safepoint region: Cleanup
[2019-12-09T03:39:41.711+0000][1][safepoint    ] Leaving safepoint region
[2019-12-09T03:39:41.711+0000][1][safepoint    ] Total time for which application threads were stopped: 0.0001151 seconds, Stopping threads took: 0.0000254 seconds
[2019-12-09T03:39:42.133+0000][1][safepoint    ] Application time: 0.4223370 seconds
[2019-12-09T03:39:42.133+0000][1][safepoint    ] Entering safepoint region: RevokeBias
[2019-12-09T03:39:42.133+0000][1][safepoint    ] Leaving safepoint region
[2019-12-09T03:39:42.133+0000][1][safepoint    ] Total time for which application threads were stopped: 0.0001054 seconds, Stopping threads took: 0.0000190 seconds
[2019-12-09T03:39:42.133+0000][1][safepoint    ] Application time: 0.0000953 seconds
[2019-12-09T03:39:42.133+0000][1][safepoint    ] Entering safepoint region: RevokeBias
[2019-12-09T03:39:42.134+0000][1][safepoint    ] Leaving safepoint region
[2019-12-09T03:39:42.134+0000][1][safepoint    ] Total time for which application threads were stopped: 0.0000472 seconds, Stopping threads took: 0.0000091 seconds
[2019-12-09T03:39:42.137+0000][1][safepoint    ] Application time: 0.0030713 seconds
[2019-12-09T03:39:42.137+0000][1][safepoint    ] Entering safepoint region: RevokeBias
[2019-12-09T03:39:42.137+0000][1][safepoint    ] Leaving safepoint region
[2019-12-09T03:39:42.137+0000][1][safepoint    ] Total time for which application threads were stopped: 0.0000944 seconds, Stopping threads took: 0.0000159 seconds
[2019-12-09T03:39:43.141+0000][1][safepoint    ] Application time: 1.0040176 seconds
[2019-12-09T03:39:43.146+0000][1][safepoint    ] Entering safepoint region: Cleanup
[2019-12-09T03:39:43.146+0000][1][safepoint    ] Leaving safepoint region
[2019-12-09T03:39:43.146+0000][1][safepoint    ] Total time for which application threads were stopped: 0.0051276 seconds, Stopping threads took: 0.0050362 seconds
[2019-12-09T03:39:44.153+0000][1][safepoint    ] Application time: 1.0068324 seconds
[2019-12-09T03:39:44.153+0000][1][safepoint    ] Entering safepoint region: Cleanup
[2019-12-09T03:39:44.153+0000][1][safepoint    ] Leaving safepoint region
[2019-12-09T03:39:44.153+0000][1][safepoint    ] Total time for which application threads were stopped: 0.0001206 seconds, Stopping threads took: 0.0000236 seconds
[2019-12-09T03:39:45.161+0000][1][safepoint    ] Application time: 1.0079068 seconds
[2019-12-09T03:39:45.161+0000][1][safepoint    ] Entering safepoint region: Cleanup
[2019-12-09T03:39:45.161+0000][1][safepoint    ] Leaving safepoint region
[2019-12-09T03:39:45.161+0000][1][safepoint    ] Total time for which application threads were stopped: 0.0001277 seconds, Stopping threads took: 0.0000330 seconds
[2019-12-09T03:39:45.214+0000][1][gc           ] GC(23) Concurrent Abortable Preclean 5187.583ms
[2019-12-09T03:39:45.214+0000][1][gc,cpu       ] GC(23) User=1.88s Sys=0.01s Real=5.18s
[2019-12-09T03:39:45.214+0000][1][safepoint    ] Application time: 0.0533252 seconds
[2019-12-09T03:39:45.214+0000][1][safepoint    ] Entering safepoint region: CMS_Final_Remark
[2019-12-09T03:39:45.214+0000][1][gc,start     ] GC(23) Pause Remark
[2019-12-09T03:39:45.348+0000][1][gc           ] GC(23) Pause Remark 133M->133M(247M) 133.142ms
[2019-12-09T03:39:45.348+0000][1][gc,cpu       ] GC(23) User=0.06s Sys=0.00s Real=0.14s
[2019-12-09T03:39:45.348+0000][1][safepoint    ] Leaving safepoint region
[2019-12-09T03:39:45.348+0000][1][safepoint    ] Total time for which application threads were stopped: 0.1333711 seconds, Stopping threads took: 0.0000218 seconds
[2019-12-09T03:39:45.348+0000][1][gc           ] GC(23) Concurrent Sweep
[2019-12-09T03:39:45.455+0000][1][gc           ] GC(23) Concurrent Sweep 106.631ms
[2019-12-09T03:39:45.455+0000][1][gc,cpu       ] GC(23) User=0.05s Sys=0.00s Real=0.10s
[2019-12-09T03:39:45.455+0000][1][gc           ] GC(23) Concurrent Reset
[2019-12-09T03:39:45.455+0000][1][gc           ] GC(23) Concurrent Reset 0.333ms
[2019-12-09T03:39:45.455+0000][1][gc,cpu       ] GC(23) User=0.00s Sys=0.00s Real=0.01s
[2019-12-09T03:39:45.455+0000][1][gc,heap      ] GC(23) Old: 60104K->59739K(174784K)
[2019-12-09T03:39:46.350+0000][1][safepoint    ] Application time: 1.0019928 seconds
[2019-12-09T03:39:46.350+0000][1][safepoint    ] Entering safepoint region: Cleanup
[2019-12-09T03:39:46.351+0000][1][safepoint    ] Leaving safepoint region
[2019-12-09T03:39:46.351+0000][1][safepoint    ] Total time for which application threads were stopped: 0.0008771 seconds, Stopping threads took: 0.0000232 seconds
[2019-12-09T03:39:47.352+0000][1][safepoint    ] Application time: 1.0010650 seconds
[2019-12-09T03:39:47.352+0000][1][safepoint    ] Entering safepoint region: Cleanup
[2019-12-09T03:39:47.352+0000][1][safepoint    ] Leaving safepoint region
[2019-12-09T03:39:47.352+0000][1][safepoint    ] Total time for which application threads were stopped: 0.0001168 seconds, Stopping threads took: 0.0000241 seconds
[2019-12-09T03:39:48.353+0000][1][safepoint    ] Application time: 1.0008362 seconds
[2019-12-09T03:39:48.353+0000][1][safepoint    ] Entering safepoint region: Cleanup
[2019-12-09T03:39:48.353+0000][1][safepoint    ] Leaving safepoint region
[2019-12-09T03:39:48.353+0000][1][safepoint    ] Total time for which application threads were stopped: 0.0001141 seconds, Stopping threads took: 0.0000249 seconds
[2019-12-09T03:39:48.483+0000][1][safepoint    ] Application time: 0.1296959 seconds
[2019-12-09T03:39:48.483+0000][1][safepoint    ] Entering safepoint region: GenCollectForAllocation
[2019-12-09T03:39:48.483+0000][1][gc,start     ] GC(24) Pause Young (Allocation Failure)
[2019-12-09T03:39:48.483+0000][1][gc,task      ] GC(24) Using 2 workers of 2 for evacuation
[2019-12-09T03:39:48.574+0000][1][gc,age       ] GC(24) Desired survivor size 4456448 bytes, new threshold 2 (max threshold 6)
[2019-12-09T03:39:48.574+0000][1][gc,age       ] GC(24) Age table with threshold 2 (max threshold 6)
[2019-12-09T03:39:48.574+0000][1][gc,age       ] GC(24) - age   1:    1992432 bytes,    1992432 total
[2019-12-09T03:39:48.574+0000][1][gc,age       ] GC(24) - age   2:    3552064 bytes,    5544496 total
[2019-12-09T03:39:48.574+0000][1][gc,heap      ] GC(24) ParNew: 78656K->8704K(78656K)
[2019-12-09T03:39:48.574+0000][1][gc,heap      ] GC(24) CMS: 59739K->63825K(174784K)
[2019-12-09T03:39:48.574+0000][1][gc,metaspace ] GC(24) Metaspace: 68236K->68236K(1112064K)
[2019-12-09T03:39:48.574+0000][1][gc           ] GC(24) Pause Young (Allocation Failure) 135M->70M(247M) 91.423ms
[2019-12-09T03:39:48.574+0000][1][gc,cpu       ] GC(24) User=0.05s Sys=0.00s Real=0.09s
[2019-12-09T03:39:48.574+0000][1][safepoint    ] Leaving safepoint region
[2019-12-09T03:39:48.574+0000][1][safepoint    ] Total time for which application threads were stopped: 0.0916317 seconds, Stopping threads took: 0.0000224 seconds
[2019-12-09T03:39:49.577+0000][1][safepoint    ] Application time: 1.0024857 seconds
[2019-12-09T03:39:49.577+0000][1][safepoint    ] Entering safepoint region: Cleanup
[2019-12-09T03:39:49.577+0000][1][safepoint    ] Leaving safepoint region
[2019-12-09T03:39:49.577+0000][1][safepoint    ] Total time for which application threads were stopped: 0.0001153 seconds, Stopping threads took: 0.0000245 seconds
[2019-12-09T03:39:50.580+0000][1][safepoint    ] Application time: 1.0028323 seconds
[2019-12-09T03:39:50.580+0000][1][safepoint    ] Entering safepoint region: Cleanup
[2019-12-09T03:39:50.580+0000][1][safepoint    ] Leaving safepoint region
[2019-12-09T03:39:50.580+0000][1][safepoint    ] Total time for which application threads were stopped: 0.0001130 seconds, Stopping threads took: 0.0000244 seconds
[2019-12-09T03:39:51.581+0000][1][safepoint    ] Application time: 1.0008100 seconds
[2019-12-09T03:39:51.581+0000][1][safepoint    ] Entering safepoint region: Cleanup
[2019-12-09T03:39:51.581+0000][1][safepoint    ] Leaving safepoint region
[2019-12-09T03:39:51.581+0000][1][safepoint    ] Total time for which application threads were stopped: 0.0001116 seconds, Stopping threads took: 0.0000234 seconds
[2019-12-09T03:39:52.585+0000][1][safepoint    ] Application time: 1.0039506 seconds
[2019-12-09T03:39:52.585+0000][1][safepoint    ] Entering safepoint region: Cleanup
[2019-12-09T03:39:52.585+0000][1][safepoint    ] Leaving safepoint region
[2019-12-09T03:39:52.585+0000][1][safepoint    ] Total time for which application threads were stopped: 0.0001281 seconds, Stopping threads took: 0.0000240 seconds
[2019-12-09T03:39:53.587+0000][1][safepoint    ] Application time: 1.0017097 seconds
[2019-12-09T03:39:53.587+0000][1][safepoint    ] Entering safepoint region: Cleanup
[2019-12-09T03:39:53.587+0000][1][safepoint    ] Leaving safepoint region
[2019-12-09T03:39:53.587+0000][1][safepoint    ] Total time for which application threads were stopped: 0.0001129 seconds, Stopping threads took: 0.0000272 seconds
[2019-12-09T03:39:54.589+0000][1][safepoint    ] Application time: 1.0018467 seconds
[2019-12-09T03:39:54.589+0000][1][safepoint    ] Entering safepoint region: Cleanup
[2019-12-09T03:39:54.589+0000][1][safepoint    ] Leaving safepoint region
[2019-12-09T03:39:54.589+0000][1][safepoint    ] Total time for which application threads were stopped: 0.0001680 seconds, Stopping threads took: 0.0000395 seconds
[2019-12-09T03:39:55.592+0000][1][safepoint    ] Application time: 1.0027779 seconds
[2019-12-09T03:39:55.592+0000][1][safepoint    ] Entering safepoint region: Cleanup
[2019-12-09T03:39:55.592+0000][1][safepoint    ] Leaving safepoint region
[2019-12-09T03:39:55.592+0000][1][safepoint    ] Total time for which application threads were stopped: 0.0001155 seconds, Stopping threads took: 0.0000268 seconds
[2019-12-09T03:39:56.593+0000][1][safepoint    ] Application time: 1.0008497 seconds
[2019-12-09T03:39:56.593+0000][1][safepoint    ] Entering safepoint region: Cleanup
[2019-12-09T03:39:56.593+0000][1][safepoint    ] Leaving safepoint region
[2019-12-09T03:39:56.593+0000][1][safepoint    ] Total time for which application threads were stopped: 0.0001213 seconds, Stopping threads took: 0.0000257 seconds
[2019-12-09T03:39:57.602+0000][1][safepoint    ] Application time: 1.0090283 seconds
[2019-12-09T03:39:57.602+0000][1][safepoint    ] Entering safepoint region: Cleanup
[2019-12-09T03:39:57.602+0000][1][safepoint    ] Leaving safepoint region
[2019-12-09T03:39:57.602+0000][1][safepoint    ] Total time for which application threads were stopped: 0.0001187 seconds, Stopping threads took: 0.0000239 seconds
[2019-12-09T03:39:58.602+0000][1][safepoint    ] Application time: 1.0000829 seconds
[2019-12-09T03:39:58.602+0000][1][safepoint    ] Entering safepoint region: Cleanup
[2019-12-09T03:39:58.602+0000][1][safepoint    ] Leaving safepoint region
[2019-12-09T03:39:58.602+0000][1][safepoint    ] Total time for which application threads were stopped: 0.0001084 seconds, Stopping threads took: 0.0000221 seconds
[2019-12-09T03:39:59.603+0000][1][safepoint    ] Application time: 1.0003836 seconds
[2019-12-09T03:39:59.603+0000][1][safepoint    ] Entering safepoint region: Cleanup
[2019-12-09T03:39:59.603+0000][1][safepoint    ] Leaving safepoint region
[2019-12-09T03:39:59.603+0000][1][safepoint    ] Total time for which application threads were stopped: 0.0001257 seconds, Stopping threads took: 0.0000235 seconds
[2019-12-09T03:40:00.604+0000][1][safepoint    ] Application time: 1.0008311 seconds
[2019-12-09T03:40:00.604+0000][1][safepoint    ] Entering safepoint region: Cleanup
[2019-12-09T03:40:00.604+0000][1][safepoint    ] Leaving safepoint region
[2019-12-09T03:40:00.604+0000][1][safepoint    ] Total time for which application threads were stopped: 0.0001578 seconds, Stopping threads took: 0.0000357 seconds
[2019-12-09T03:40:01.607+0000][1][safepoint    ] Application time: 1.0028047 seconds
[2019-12-09T03:40:01.607+0000][1][safepoint    ] Entering safepoint region: Cleanup
[2019-12-09T03:40:01.607+0000][1][safepoint    ] Leaving safepoint region
[2019-12-09T03:40:01.607+0000][1][safepoint    ] Total time for which application threads were stopped: 0.0001245 seconds, Stopping threads took: 0.0000251 seconds
[2019-12-09T03:40:02.611+0000][1][safepoint    ] Application time: 1.0038202 seconds
[2019-12-09T03:40:02.611+0000][1][safepoint    ] Entering safepoint region: Cleanup
[2019-12-09T03:40:02.611+0000][1][safepoint    ] Leaving safepoint region
[2019-12-09T03:40:02.611+0000][1][safepoint    ] Total time for which application threads were stopped: 0.0001063 seconds, Stopping threads took: 0.0000231 seconds
[2019-12-09T03:40:03.620+0000][1][safepoint    ] Application time: 1.0095295 seconds
[2019-12-09T03:40:03.620+0000][1][safepoint    ] Entering safepoint region: Cleanup
[2019-12-09T03:40:03.621+0000][1][safepoint    ] Leaving safepoint region
[2019-12-09T03:40:03.621+0000][1][safepoint    ] Total time for which application threads were stopped: 0.0001076 seconds, Stopping threads took: 0.0000262 seconds
[2019-12-09T03:40:04.432+0000][1][safepoint    ] Application time: 0.8116000 seconds
[2019-12-09T03:40:04.445+0000][1][safepoint    ] Entering safepoint region: RevokeBias
[2019-12-09T03:40:04.445+0000][1][safepoint    ] Leaving safepoint region
[2019-12-09T03:40:04.445+0000][1][safepoint    ] Total time for which application threads were stopped: 0.0128342 seconds, Stopping threads took: 0.0127273 seconds
[2019-12-09T03:40:04.445+0000][1][safepoint    ] Application time: 0.0002439 seconds
[2019-12-09T03:40:04.445+0000][1][safepoint    ] Entering safepoint region: RevokeBias
[2019-12-09T03:40:04.445+0000][1][safepoint    ] Leaving safepoint region
[2019-12-09T03:40:04.445+0000][1][safepoint    ] Total time for which application threads were stopped: 0.0001182 seconds, Stopping threads took: 0.0000285 seconds
[2019-12-09T03:40:05.449+0000][1][safepoint    ] Application time: 1.0033078 seconds
[2019-12-09T03:40:05.449+0000][1][safepoint    ] Entering safepoint region: Cleanup
[2019-12-09T03:40:05.449+0000][1][safepoint    ] Leaving safepoint region
[2019-12-09T03:40:05.449+0000][1][safepoint    ] Total time for which application threads were stopped: 0.0001217 seconds, Stopping threads took: 0.0000231 seconds
[2019-12-09T03:40:05.628+0000][1][safepoint    ] Application time: 0.1793880 seconds
[2019-12-09T03:40:05.628+0000][1][safepoint    ] Entering safepoint region: RevokeBias
[2019-12-09T03:40:05.628+0000][1][safepoint    ] Leaving safepoint region
[2019-12-09T03:40:05.628+0000][1][safepoint    ] Total time for which application threads were stopped: 0.0001704 seconds, Stopping threads took: 0.0000540 seconds
[2019-12-09T03:40:05.734+0000][1][safepoint    ] Application time: 0.1052498 seconds
[2019-12-09T03:40:05.734+0000][1][safepoint    ] Entering safepoint region: RevokeBias
[2019-12-09T03:40:05.734+0000][1][safepoint    ] Leaving safepoint region
[2019-12-09T03:40:05.734+0000][1][safepoint    ] Total time for which application threads were stopped: 0.0001247 seconds, Stopping threads took: 0.0000213 seconds
[2019-12-09T03:40:05.980+0000][1][safepoint    ] Application time: 0.2459137 seconds
[2019-12-09T03:40:05.980+0000][1][safepoint    ] Entering safepoint region: RevokeBias
[2019-12-09T03:40:05.980+0000][1][safepoint    ] Leaving safepoint region
[2019-12-09T03:40:05.980+0000][1][safepoint    ] Total time for which application threads were stopped: 0.0001385 seconds, Stopping threads took: 0.0000222 seconds
[2019-12-09T03:40:05.980+0000][1][safepoint    ] Application time: 0.0002286 seconds
[2019-12-09T03:40:05.980+0000][1][safepoint    ] Entering safepoint region: RevokeBias
[2019-12-09T03:40:05.980+0000][1][safepoint    ] Leaving safepoint region
[2019-12-09T03:40:05.980+0000][1][safepoint    ] Total time for which application threads were stopped: 0.0000880 seconds, Stopping threads took: 0.0000153 seconds
[2019-12-09T03:40:06.151+0000][1][safepoint    ] Application time: 0.1703959 seconds
[2019-12-09T03:40:06.151+0000][1][safepoint    ] Entering safepoint region: RevokeBias
[2019-12-09T03:40:06.151+0000][1][safepoint    ] Leaving safepoint region
[2019-12-09T03:40:06.151+0000][1][safepoint    ] Total time for which application threads were stopped: 0.0001736 seconds, Stopping threads took: 0.0000201 seconds
[2019-12-09T03:40:06.151+0000][1][safepoint    ] Application time: 0.0000705 seconds
[2019-12-09T03:40:06.151+0000][1][safepoint    ] Entering safepoint region: RevokeBias
[2019-12-09T03:40:06.151+0000][1][safepoint    ] Leaving safepoint region
[2019-12-09T03:40:06.151+0000][1][safepoint    ] Total time for which application threads were stopped: 0.0000828 seconds, Stopping threads took: 0.0000102 seconds
[2019-12-09T03:40:06.175+0000][1][safepoint    ] Application time: 0.0241043 seconds
[2019-12-09T03:40:06.176+0000][1][safepoint    ] Entering safepoint region: RevokeBias
[2019-12-09T03:40:06.176+0000][1][safepoint    ] Leaving safepoint region
[2019-12-09T03:40:06.176+0000][1][safepoint    ] Total time for which application threads were stopped: 0.0010812 seconds, Stopping threads took: 0.0009795 seconds
[2019-12-09T03:40:06.177+0000][1][safepoint    ] Application time: 0.0005512 seconds
[2019-12-09T03:40:06.177+0000][1][safepoint    ] Entering safepoint region: RevokeBias
[2019-12-09T03:40:06.177+0000][1][safepoint    ] Leaving safepoint region
[2019-12-09T03:40:06.177+0000][1][safepoint    ] Total time for which application threads were stopped: 0.0000920 seconds, Stopping threads took: 0.0000165 seconds
[2019-12-09T03:40:06.360+0000][1][safepoint    ] Application time: 0.1825780 seconds
[2019-12-09T03:40:06.360+0000][1][safepoint    ] Entering safepoint region: RevokeBias
[2019-12-09T03:40:06.360+0000][1][safepoint    ] Leaving safepoint region
[2019-12-09T03:40:06.360+0000][1][safepoint    ] Total time for which application threads were stopped: 0.0001436 seconds, Stopping threads took: 0.0000200 seconds
[2019-12-09T03:40:06.371+0000][1][safepoint    ] Application time: 0.0113503 seconds
[2019-12-09T03:40:06.371+0000][1][safepoint    ] Entering safepoint region: RevokeBias
[2019-12-09T03:40:06.371+0000][1][safepoint    ] Leaving safepoint region
[2019-12-09T03:40:06.371+0000][1][safepoint    ] Total time for which application threads were stopped: 0.0001045 seconds, Stopping threads took: 0.0000194 seconds
[2019-12-09T03:40:06.501+0000][1][safepoint    ] Application time: 0.1292606 seconds
[2019-12-09T03:40:06.501+0000][1][safepoint    ] Entering safepoint region: RevokeBias
[2019-12-09T03:40:06.501+0000][1][safepoint    ] Leaving safepoint region
[2019-12-09T03:40:06.501+0000][1][safepoint    ] Total time for which application threads were stopped: 0.0001165 seconds, Stopping threads took: 0.0000214 seconds
[2019-12-09T03:40:06.508+0000][1][safepoint    ] Application time: 0.0076062 seconds
[2019-12-09T03:40:06.508+0000][1][safepoint    ] Entering safepoint region: RevokeBias
[2019-12-09T03:40:06.508+0000][1][safepoint    ] Leaving safepoint region
[2019-12-09T03:40:06.508+0000][1][safepoint    ] Total time for which application threads were stopped: 0.0001064 seconds, Stopping threads took: 0.0000172 seconds
[2019-12-09T03:40:06.509+0000][1][safepoint    ] Application time: 0.0008088 seconds
[2019-12-09T03:40:06.509+0000][1][safepoint    ] Entering safepoint region: RevokeBias
[2019-12-09T03:40:06.509+0000][1][safepoint    ] Leaving safepoint region
[2019-12-09T03:40:06.509+0000][1][safepoint    ] Total time for which application threads were stopped: 0.0000887 seconds, Stopping threads took: 0.0000149 seconds
[2019-12-09T03:40:06.594+0000][1][safepoint    ] Application time: 0.0843603 seconds
[2019-12-09T03:40:06.594+0000][1][safepoint    ] Entering safepoint region: RevokeBias
[2019-12-09T03:40:06.594+0000][1][safepoint    ] Leaving safepoint region
[2019-12-09T03:40:06.594+0000][1][safepoint    ] Total time for which application threads were stopped: 0.0001847 seconds, Stopping threads took: 0.0000745 seconds
[2019-12-09T03:40:06.752+0000][1][safepoint    ] Application time: 0.1577792 seconds
[2019-12-09T03:40:06.752+0000][1][safepoint    ] Entering safepoint region: RevokeBias
[2019-12-09T03:40:06.752+0000][1][safepoint    ] Leaving safepoint region
[2019-12-09T03:40:06.752+0000][1][safepoint    ] Total time for which application threads were stopped: 0.0001301 seconds, Stopping threads took: 0.0000193 seconds
[2019-12-09T03:40:06.754+0000][1][safepoint    ] Application time: 0.0021083 seconds
[2019-12-09T03:40:06.754+0000][1][safepoint    ] Entering safepoint region: RevokeBias
[2019-12-09T03:40:06.754+0000][1][safepoint    ] Leaving safepoint region
[2019-12-09T03:40:06.754+0000][1][safepoint    ] Total time for which application threads were stopped: 0.0001071 seconds, Stopping threads took: 0.0000191 seconds
[2019-12-09T03:40:06.754+0000][1][safepoint    ] Application time: 0.0003095 seconds
[2019-12-09T03:40:06.754+0000][1][safepoint    ] Entering safepoint region: RevokeBias
[2019-12-09T03:40:06.755+0000][1][safepoint    ] Leaving safepoint region
[2019-12-09T03:40:06.755+0000][1][safepoint    ] Total time for which application threads were stopped: 0.0001001 seconds, Stopping threads took: 0.0000163 seconds
[2019-12-09T03:40:06.756+0000][1][safepoint    ] Application time: 0.0011234 seconds
[2019-12-09T03:40:06.756+0000][1][safepoint    ] Entering safepoint region: RevokeBias
[2019-12-09T03:40:06.756+0000][1][safepoint    ] Leaving safepoint region
[2019-12-09T03:40:06.756+0000][1][safepoint    ] Total time for which application threads were stopped: 0.0000955 seconds, Stopping threads took: 0.0000161 seconds
[2019-12-09T03:40:06.771+0000][1][safepoint    ] Application time: 0.0153407 seconds
[2019-12-09T03:40:06.771+0000][1][safepoint    ] Entering safepoint region: RevokeBias
[2019-12-09T03:40:06.771+0000][1][safepoint    ] Leaving safepoint region
[2019-12-09T03:40:06.771+0000][1][safepoint    ] Total time for which application threads were stopped: 0.0001061 seconds, Stopping threads took: 0.0000179 seconds
[2019-12-09T03:40:06.801+0000][1][safepoint    ] Application time: 0.0294130 seconds
[2019-12-09T03:40:06.801+0000][1][safepoint    ] Entering safepoint region: RevokeBias
[2019-12-09T03:40:06.801+0000][1][safepoint    ] Leaving safepoint region
[2019-12-09T03:40:06.801+0000][1][safepoint    ] Total time for which application threads were stopped: 0.0001284 seconds, Stopping threads took: 0.0000212 seconds
[2019-12-09T03:40:06.811+0000][1][safepoint    ] Application time: 0.0102800 seconds
[2019-12-09T03:40:06.811+0000][1][safepoint    ] Entering safepoint region: RevokeBias
[2019-12-09T03:40:06.811+0000][1][safepoint    ] Leaving safepoint region
[2019-12-09T03:40:06.811+0000][1][safepoint    ] Total time for which application threads were stopped: 0.0001052 seconds, Stopping threads took: 0.0000165 seconds
[2019-12-09T03:40:06.811+0000][1][safepoint    ] Application time: 0.0000639 seconds
[2019-12-09T03:40:06.811+0000][1][safepoint    ] Entering safepoint region: RevokeBias
[2019-12-09T03:40:06.811+0000][1][safepoint    ] Leaving safepoint region
[2019-12-09T03:40:06.811+0000][1][safepoint    ] Total time for which application threads were stopped: 0.0000593 seconds, Stopping threads took: 0.0000099 seconds
[2019-12-09T03:40:06.812+0000][1][safepoint    ] Application time: 0.0006962 seconds
[2019-12-09T03:40:06.812+0000][1][safepoint    ] Entering safepoint region: RevokeBias
[2019-12-09T03:40:06.812+0000][1][safepoint    ] Leaving safepoint region
[2019-12-09T03:40:06.812+0000][1][safepoint    ] Total time for which application threads were stopped: 0.0000954 seconds, Stopping threads took: 0.0000163 seconds
[2019-12-09T03:40:06.812+0000][1][safepoint    ] Application time: 0.0001030 seconds
[2019-12-09T03:40:06.812+0000][1][safepoint    ] Entering safepoint region: RevokeBias
[2019-12-09T03:40:06.812+0000][1][safepoint    ] Leaving safepoint region
[2019-12-09T03:40:06.812+0000][1][safepoint    ] Total time for which application threads were stopped: 0.0000678 seconds, Stopping threads took: 0.0000100 seconds
[2019-12-09T03:40:06.912+0000][1][safepoint    ] Application time: 0.0995766 seconds
[2019-12-09T03:40:06.912+0000][1][safepoint    ] Entering safepoint region: RevokeBias
[2019-12-09T03:40:06.912+0000][1][safepoint    ] Leaving safepoint region
[2019-12-09T03:40:06.912+0000][1][safepoint    ] Total time for which application threads were stopped: 0.0001312 seconds, Stopping threads took: 0.0000215 seconds
[2019-12-09T03:40:06.915+0000][1][safepoint    ] Application time: 0.0026327 seconds
[2019-12-09T03:40:06.915+0000][1][safepoint    ] Entering safepoint region: RevokeBias
[2019-12-09T03:40:06.915+0000][1][safepoint    ] Leaving safepoint region
[2019-12-09T03:40:06.915+0000][1][safepoint    ] Total time for which application threads were stopped: 0.0001095 seconds, Stopping threads took: 0.0000188 seconds
[2019-12-09T03:40:07.002+0000][1][safepoint    ] Application time: 0.0873666 seconds
[2019-12-09T03:40:07.002+0000][1][safepoint    ] Entering safepoint region: RevokeBias
[2019-12-09T03:40:07.003+0000][1][safepoint    ] Leaving safepoint region
[2019-12-09T03:40:07.003+0000][1][safepoint    ] Total time for which application threads were stopped: 0.0001475 seconds, Stopping threads took: 0.0000222 seconds
[2019-12-09T03:40:07.029+0000][1][safepoint    ] Application time: 0.0260246 seconds
[2019-12-09T03:40:07.064+0000][1][safepoint    ] Entering safepoint region: RevokeBias
[2019-12-09T03:40:07.064+0000][1][safepoint    ] Leaving safepoint region
[2019-12-09T03:40:07.064+0000][1][safepoint    ] Total time for which application threads were stopped: 0.0353073 seconds, Stopping threads took: 0.0351738 seconds
[2019-12-09T03:40:07.065+0000][1][safepoint    ] Application time: 0.0010958 seconds
[2019-12-09T03:40:07.065+0000][1][safepoint    ] Entering safepoint region: RevokeBias
[2019-12-09T03:40:07.065+0000][1][safepoint    ] Leaving safepoint region
[2019-12-09T03:40:07.065+0000][1][safepoint    ] Total time for which application threads were stopped: 0.0001033 seconds, Stopping threads took: 0.0000166 seconds
[2019-12-09T03:40:07.065+0000][1][safepoint    ] Application time: 0.0000793 seconds
[2019-12-09T03:40:07.065+0000][1][safepoint    ] Entering safepoint region: RevokeBias
[2019-12-09T03:40:07.065+0000][1][safepoint    ] Leaving safepoint region
[2019-12-09T03:40:07.065+0000][1][safepoint    ] Total time for which application threads were stopped: 0.0000658 seconds, Stopping threads took: 0.0000107 seconds
[2019-12-09T03:40:07.066+0000][1][safepoint    ] Application time: 0.0002004 seconds
[2019-12-09T03:40:07.066+0000][1][safepoint    ] Entering safepoint region: RevokeBias
[2019-12-09T03:40:07.066+0000][1][safepoint    ] Leaving safepoint region
[2019-12-09T03:40:07.066+0000][1][safepoint    ] Total time for which application threads were stopped: 0.0000856 seconds, Stopping threads took: 0.0000133 seconds
[2019-12-09T03:40:07.087+0000][1][safepoint    ] Application time: 0.0209598 seconds
[2019-12-09T03:40:07.087+0000][1][safepoint    ] Entering safepoint region: RevokeBias
[2019-12-09T03:40:07.087+0000][1][safepoint    ] Leaving safepoint region
[2019-12-09T03:40:07.087+0000][1][safepoint    ] Total time for which application threads were stopped: 0.0001142 seconds, Stopping threads took: 0.0000163 seconds
[2019-12-09T03:40:07.108+0000][1][safepoint    ] Application time: 0.0211131 seconds
[2019-12-09T03:40:07.108+0000][1][safepoint    ] Entering safepoint region: RevokeBias
[2019-12-09T03:40:07.108+0000][1][safepoint    ] Leaving safepoint region
[2019-12-09T03:40:07.108+0000][1][safepoint    ] Total time for which application threads were stopped: 0.0001138 seconds, Stopping threads took: 0.0000188 seconds
[2019-12-09T03:40:07.109+0000][1][safepoint    ] Application time: 0.0010401 seconds
[2019-12-09T03:40:07.109+0000][1][safepoint    ] Entering safepoint region: RevokeBias
[2019-12-09T03:40:07.109+0000][1][safepoint    ] Leaving safepoint region
[2019-12-09T03:40:07.109+0000][1][safepoint    ] Total time for which application threads were stopped: 0.0000947 seconds, Stopping threads took: 0.0000155 seconds
[2019-12-09T03:40:07.131+0000][1][safepoint    ] Application time: 0.0219971 seconds
[2019-12-09T03:40:07.131+0000][1][safepoint    ] Entering safepoint region: RevokeBias
[2019-12-09T03:40:07.131+0000][1][safepoint    ] Leaving safepoint region
[2019-12-09T03:40:07.131+0000][1][safepoint    ] Total time for which application threads were stopped: 0.0001028 seconds, Stopping threads took: 0.0000155 seconds
[2019-12-09T03:40:07.132+0000][1][safepoint    ] Application time: 0.0009887 seconds
[2019-12-09T03:40:07.132+0000][1][safepoint    ] Entering safepoint region: RevokeBias
[2019-12-09T03:40:07.132+0000][1][safepoint    ] Leaving safepoint region
[2019-12-09T03:40:07.132+0000][1][safepoint    ] Total time for which application threads were stopped: 0.0000864 seconds, Stopping threads took: 0.0000150 seconds
[2019-12-09T03:40:07.135+0000][1][safepoint    ] Application time: 0.0021311 seconds
[2019-12-09T03:40:07.135+0000][1][safepoint    ] Entering safepoint region: RevokeBias
[2019-12-09T03:40:07.135+0000][1][safepoint    ] Leaving safepoint region
[2019-12-09T03:40:07.135+0000][1][safepoint    ] Total time for which application threads were stopped: 0.0000835 seconds, Stopping threads took: 0.0000148 seconds
[2019-12-09T03:40:07.164+0000][1][safepoint    ] Application time: 0.0292791 seconds
[2019-12-09T03:40:07.164+0000][1][safepoint    ] Entering safepoint region: RevokeBias
[2019-12-09T03:40:07.164+0000][1][safepoint    ] Leaving safepoint region
[2019-12-09T03:40:07.164+0000][1][safepoint    ] Total time for which application threads were stopped: 0.0000975 seconds, Stopping threads took: 0.0000171 seconds
[2019-12-09T03:40:07.169+0000][1][safepoint    ] Application time: 0.0047276 seconds
[2019-12-09T03:40:07.169+0000][1][safepoint    ] Entering safepoint region: RevokeBias
[2019-12-09T03:40:07.169+0000][1][safepoint    ] Leaving safepoint region
[2019-12-09T03:40:07.169+0000][1][safepoint    ] Total time for which application threads were stopped: 0.0000916 seconds, Stopping threads took: 0.0000164 seconds
[2019-12-09T03:40:07.251+0000][1][safepoint    ] Application time: 0.0817085 seconds
[2019-12-09T03:40:07.271+0000][1][safepoint    ] Entering safepoint region: RevokeBias
[2019-12-09T03:40:07.272+0000][1][safepoint    ] Leaving safepoint region
[2019-12-09T03:40:07.272+0000][1][safepoint    ] Total time for which application threads were stopped: 0.0208946 seconds, Stopping threads took: 0.0206961 seconds
[2019-12-09T03:40:07.281+0000][1][safepoint    ] Application time: 0.0093879 seconds
[2019-12-09T03:40:07.281+0000][1][safepoint    ] Entering safepoint region: RevokeBias
[2019-12-09T03:40:07.281+0000][1][safepoint    ] Leaving safepoint region
[2019-12-09T03:40:07.281+0000][1][safepoint    ] Total time for which application threads were stopped: 0.0003960 seconds, Stopping threads took: 0.0002346 seconds
[2019-12-09T03:40:07.319+0000][1][safepoint    ] Application time: 0.0375646 seconds
[2019-12-09T03:40:07.320+0000][1][safepoint    ] Entering safepoint region: RevokeBias
[2019-12-09T03:40:07.320+0000][1][safepoint    ] Leaving safepoint region
[2019-12-09T03:40:07.320+0000][1][safepoint    ] Total time for which application threads were stopped: 0.0014908 seconds, Stopping threads took: 0.0013746 seconds
[2019-12-09T03:40:07.336+0000][1][safepoint    ] Application time: 0.0151030 seconds
[2019-12-09T03:40:07.336+0000][1][safepoint    ] Entering safepoint region: RevokeBias
[2019-12-09T03:40:07.336+0000][1][safepoint    ] Leaving safepoint region
[2019-12-09T03:40:07.336+0000][1][safepoint    ] Total time for which application threads were stopped: 0.0002146 seconds, Stopping threads took: 0.0000749 seconds
[2019-12-09T03:40:07.385+0000][1][safepoint    ] Application time: 0.0492394 seconds
[2019-12-09T03:40:07.388+0000][1][safepoint    ] Entering safepoint region: RevokeBias
[2019-12-09T03:40:07.388+0000][1][safepoint    ] Leaving safepoint region
[2019-12-09T03:40:07.388+0000][1][safepoint    ] Total time for which application threads were stopped: 0.0032400 seconds, Stopping threads took: 0.0031007 seconds
[2019-12-09T03:40:07.395+0000][1][safepoint    ] Application time: 0.0066894 seconds
[2019-12-09T03:40:07.395+0000][1][safepoint    ] Entering safepoint region: Deoptimize
[2019-12-09T03:40:07.396+0000][1][safepoint    ] Leaving safepoint region
[2019-12-09T03:40:07.396+0000][1][safepoint    ] Total time for which application threads were stopped: 0.0009314 seconds, Stopping threads took: 0.0000164 seconds
[2019-12-09T03:40:07.408+0000][1][safepoint    ] Application time: 0.0115211 seconds
[2019-12-09T03:40:07.458+0000][1][safepoint    ] Entering safepoint region: RevokeBias
[2019-12-09T03:40:07.458+0000][1][safepoint    ] Leaving safepoint region
[2019-12-09T03:40:07.458+0000][1][safepoint    ] Total time for which application threads were stopped: 0.0506150 seconds, Stopping threads took: 0.0504339 seconds
[2019-12-09T03:40:07.459+0000][1][safepoint    ] Application time: 0.0010803 seconds
[2019-12-09T03:40:07.459+0000][1][safepoint    ] Entering safepoint region: RevokeBias
[2019-12-09T03:40:07.459+0000][1][safepoint    ] Leaving safepoint region
[2019-12-09T03:40:07.459+0000][1][safepoint    ] Total time for which application threads were stopped: 0.0001559 seconds, Stopping threads took: 0.0000154 seconds
[2019-12-09T03:40:07.461+0000][1][safepoint    ] Application time: 0.0014175 seconds
[2019-12-09T03:40:07.461+0000][1][safepoint    ] Entering safepoint region: RevokeBias
[2019-12-09T03:40:07.461+0000][1][safepoint    ] Leaving safepoint region
[2019-12-09T03:40:07.461+0000][1][safepoint    ] Total time for which application threads were stopped: 0.0000994 seconds, Stopping threads took: 0.0000139 seconds
[2019-12-09T03:40:07.481+0000][1][safepoint    ] Application time: 0.0196399 seconds
[2019-12-09T03:40:07.492+0000][1][safepoint    ] Entering safepoint region: RevokeBias
[2019-12-09T03:40:07.492+0000][1][safepoint    ] Leaving safepoint region
[2019-12-09T03:40:07.492+0000][1][safepoint    ] Total time for which application threads were stopped: 0.0111773 seconds, Stopping threads took: 0.0110859 seconds
[2019-12-09T03:40:07.499+0000][1][safepoint    ] Application time: 0.0068793 seconds
[2019-12-09T03:40:07.499+0000][1][safepoint    ] Entering safepoint region: RevokeBias
[2019-12-09T03:40:07.499+0000][1][safepoint    ] Leaving safepoint region
[2019-12-09T03:40:07.499+0000][1][safepoint    ] Total time for which application threads were stopped: 0.0001079 seconds, Stopping threads took: 0.0000142 seconds
[2019-12-09T03:40:07.503+0000][1][safepoint    ] Application time: 0.0038869 seconds
[2019-12-09T03:40:07.503+0000][1][safepoint    ] Entering safepoint region: RevokeBias
[2019-12-09T03:40:07.503+0000][1][safepoint    ] Leaving safepoint region
[2019-12-09T03:40:07.503+0000][1][safepoint    ] Total time for which application threads were stopped: 0.0000998 seconds, Stopping threads took: 0.0000127 seconds
[2019-12-09T03:40:07.510+0000][1][safepoint    ] Application time: 0.0070743 seconds
[2019-12-09T03:40:07.510+0000][1][safepoint    ] Entering safepoint region: RevokeBias
[2019-12-09T03:40:07.510+0000][1][safepoint    ] Leaving safepoint region
[2019-12-09T03:40:07.510+0000][1][safepoint    ] Total time for which application threads were stopped: 0.0001200 seconds, Stopping threads took: 0.0000166 seconds
[2019-12-09T03:40:07.513+0000][1][safepoint    ] Application time: 0.0025661 seconds
[2019-12-09T03:40:07.513+0000][1][safepoint    ] Entering safepoint region: RevokeBias
[2019-12-09T03:40:07.513+0000][1][safepoint    ] Leaving safepoint region
[2019-12-09T03:40:07.513+0000][1][safepoint    ] Total time for which application threads were stopped: 0.0001743 seconds, Stopping threads took: 0.0000346 seconds
[2019-12-09T03:40:07.682+0000][1][safepoint    ] Application time: 0.1694939 seconds
[2019-12-09T03:40:07.682+0000][1][safepoint    ] Entering safepoint region: RevokeBias
[2019-12-09T03:40:07.683+0000][1][safepoint    ] Leaving safepoint region
[2019-12-09T03:40:07.683+0000][1][safepoint    ] Total time for which application threads were stopped: 0.0001554 seconds, Stopping threads took: 0.0000212 seconds
[2019-12-09T03:40:07.692+0000][1][safepoint    ] Application time: 0.0092863 seconds
[2019-12-09T03:40:07.692+0000][1][safepoint    ] Entering safepoint region: RevokeBias
[2019-12-09T03:40:07.692+0000][1][safepoint    ] Leaving safepoint region
[2019-12-09T03:40:07.692+0000][1][safepoint    ] Total time for which application threads were stopped: 0.0001112 seconds, Stopping threads took: 0.0000194 seconds
[2019-12-09T03:40:07.744+0000][1][safepoint    ] Application time: 0.0524712 seconds
[2019-12-09T03:40:07.744+0000][1][safepoint    ] Entering safepoint region: RevokeBias
[2019-12-09T03:40:07.745+0000][1][safepoint    ] Leaving safepoint region
[2019-12-09T03:40:07.745+0000][1][safepoint    ] Total time for which application threads were stopped: 0.0001417 seconds, Stopping threads took: 0.0000226 seconds
[2019-12-09T03:40:07.792+0000][1][safepoint    ] Application time: 0.0473617 seconds
[2019-12-09T03:40:07.796+0000][1][safepoint    ] Entering safepoint region: RevokeBias
[2019-12-09T03:40:07.796+0000][1][safepoint    ] Leaving safepoint region
[2019-12-09T03:40:07.796+0000][1][safepoint    ] Total time for which application threads were stopped: 0.0038470 seconds, Stopping threads took: 0.0037140 seconds
[2019-12-09T03:40:07.805+0000][1][safepoint    ] Application time: 0.0091512 seconds
[2019-12-09T03:40:07.805+0000][1][safepoint    ] Entering safepoint region: RevokeBias
[2019-12-09T03:40:07.805+0000][1][safepoint    ] Leaving safepoint region
[2019-12-09T03:40:07.805+0000][1][safepoint    ] Total time for which application threads were stopped: 0.0001308 seconds, Stopping threads took: 0.0000207 seconds
[2019-12-09T03:40:07.813+0000][1][safepoint    ] Application time: 0.0078184 seconds
[2019-12-09T03:40:07.821+0000][1][safepoint    ] Entering safepoint region: RevokeBias
[2019-12-09T03:40:07.821+0000][1][safepoint    ] Leaving safepoint region
[2019-12-09T03:40:07.821+0000][1][safepoint    ] Total time for which application threads were stopped: 0.0078085 seconds, Stopping threads took: 0.0076951 seconds
[2019-12-09T03:40:07.821+0000][1][safepoint    ] Application time: 0.0001987 seconds
[2019-12-09T03:40:07.821+0000][1][safepoint    ] Entering safepoint region: RevokeBias
[2019-12-09T03:40:07.821+0000][1][safepoint    ] Leaving safepoint region
[2019-12-09T03:40:07.821+0000][1][safepoint    ] Total time for which application threads were stopped: 0.0001007 seconds, Stopping threads took: 0.0000139 seconds
[2019-12-09T03:40:07.828+0000][1][safepoint    ] Application time: 0.0071471 seconds
[2019-12-09T03:40:07.829+0000][1][safepoint    ] Entering safepoint region: RevokeBias
[2019-12-09T03:40:07.829+0000][1][safepoint    ] Leaving safepoint region
[2019-12-09T03:40:07.829+0000][1][safepoint    ] Total time for which application threads were stopped: 0.0004149 seconds, Stopping threads took: 0.0002574 seconds
[2019-12-09T03:40:07.832+0000][1][safepoint    ] Application time: 0.0032182 seconds
[2019-12-09T03:40:07.832+0000][1][safepoint    ] Entering safepoint region: RevokeBias
[2019-12-09T03:40:07.832+0000][1][safepoint    ] Leaving safepoint region
[2019-12-09T03:40:07.832+0000][1][safepoint    ] Total time for which application threads were stopped: 0.0000923 seconds, Stopping threads took: 0.0000145 seconds
[2019-12-09T03:40:08.124+0000][1][safepoint    ] Application time: 0.2916230 seconds
[2019-12-09T03:40:08.147+0000][1][safepoint    ] Entering safepoint region: RevokeBias
[2019-12-09T03:40:08.147+0000][1][safepoint    ] Leaving safepoint region
[2019-12-09T03:40:08.147+0000][1][safepoint    ] Total time for which application threads were stopped: 0.0234229 seconds, Stopping threads took: 0.0232399 seconds
[2019-12-09T03:40:08.149+0000][1][safepoint    ] Application time: 0.0018904 seconds
[2019-12-09T03:40:08.149+0000][1][safepoint    ] Entering safepoint region: RevokeBias
[2019-12-09T03:40:08.149+0000][1][safepoint    ] Leaving safepoint region
[2019-12-09T03:40:08.149+0000][1][safepoint    ] Total time for which application threads were stopped: 0.0001566 seconds, Stopping threads took: 0.0000506 seconds
[2019-12-09T03:40:08.150+0000][1][safepoint    ] Application time: 0.0004299 seconds
[2019-12-09T03:40:08.150+0000][1][safepoint    ] Entering safepoint region: RevokeBias
[2019-12-09T03:40:08.150+0000][1][safepoint    ] Leaving safepoint region
[2019-12-09T03:40:08.150+0000][1][safepoint    ] Total time for which application threads were stopped: 0.0001037 seconds, Stopping threads took: 0.0000151 seconds
[2019-12-09T03:40:08.150+0000][1][safepoint    ] Application time: 0.0000831 seconds
[2019-12-09T03:40:08.150+0000][1][safepoint    ] Entering safepoint region: RevokeBias
[2019-12-09T03:40:08.150+0000][1][safepoint    ] Leaving safepoint region
[2019-12-09T03:40:08.150+0000][1][safepoint    ] Total time for which application threads were stopped: 0.0000773 seconds, Stopping threads took: 0.0000101 seconds
[2019-12-09T03:40:08.172+0000][1][safepoint    ] Application time: 0.0217588 seconds
[2019-12-09T03:40:08.172+0000][1][safepoint    ] Entering safepoint region: GenCollectForAllocation
[2019-12-09T03:40:08.172+0000][1][gc,start     ] GC(25) Pause Young (Allocation Failure)
[2019-12-09T03:40:08.172+0000][1][gc,task      ] GC(25) Using 2 workers of 2 for evacuation
[2019-12-09T03:40:08.256+0000][1][gc,age       ] GC(25) Desired survivor size 4456448 bytes, new threshold 6 (max threshold 6)
[2019-12-09T03:40:08.256+0000][1][gc,age       ] GC(25) Age table with threshold 6 (max threshold 6)
[2019-12-09T03:40:08.256+0000][1][gc,age       ] GC(25) - age   1:    1910496 bytes,    1910496 total
[2019-12-09T03:40:08.256+0000][1][gc,age       ] GC(25) - age   2:    1901048 bytes,    3811544 total
[2019-12-09T03:40:08.256+0000][1][gc,heap      ] GC(25) ParNew: 78656K->5792K(78656K)
[2019-12-09T03:40:08.256+0000][1][gc,heap      ] GC(25) CMS: 63825K->67395K(174784K)
[2019-12-09T03:40:08.256+0000][1][gc,metaspace ] GC(25) Metaspace: 74809K->74809K(1118208K)
[2019-12-09T03:40:08.256+0000][1][gc           ] GC(25) Pause Young (Allocation Failure) 139M->71M(247M) 84.440ms
[2019-12-09T03:40:08.256+0000][1][gc,cpu       ] GC(25) User=0.04s Sys=0.00s Real=0.09s
[2019-12-09T03:40:08.256+0000][1][safepoint    ] Leaving safepoint region
[2019-12-09T03:40:08.257+0000][1][safepoint    ] Total time for which application threads were stopped: 0.0847113 seconds, Stopping threads took: 0.0000588 seconds
[2019-12-09T03:40:08.283+0000][1][safepoint    ] Application time: 0.0263873 seconds
[2019-12-09T03:40:08.283+0000][1][safepoint    ] Entering safepoint region: RevokeBias
[2019-12-09T03:40:08.284+0000][1][safepoint    ] Leaving safepoint region
[2019-12-09T03:40:08.284+0000][1][safepoint    ] Total time for which application threads were stopped: 0.0008725 seconds, Stopping threads took: 0.0000198 seconds
[2019-12-09T03:40:08.288+0000][1][safepoint    ] Application time: 0.0041044 seconds
[2019-12-09T03:40:08.305+0000][1][safepoint    ] Entering safepoint region: RevokeBias
[2019-12-09T03:40:08.305+0000][1][safepoint    ] Leaving safepoint region
[2019-12-09T03:40:08.305+0000][1][safepoint    ] Total time for which application threads were stopped: 0.0170117 seconds, Stopping threads took: 0.0168927 seconds
[2019-12-09T03:40:08.363+0000][1][safepoint    ] Application time: 0.0577577 seconds
[2019-12-09T03:40:08.363+0000][1][safepoint    ] Entering safepoint region: Deoptimize
[2019-12-09T03:40:08.364+0000][1][safepoint    ] Leaving safepoint region
[2019-12-09T03:40:08.364+0000][1][safepoint    ] Total time for which application threads were stopped: 0.0008780 seconds, Stopping threads took: 0.0000182 seconds
[2019-12-09T03:40:08.374+0000][1][safepoint    ] Application time: 0.0108632 seconds
[2019-12-09T03:40:08.375+0000][1][safepoint    ] Entering safepoint region: RevokeBias
[2019-12-09T03:40:08.375+0000][1][safepoint    ] Leaving safepoint region
[2019-12-09T03:40:08.375+0000][1][safepoint    ] Total time for which application threads were stopped: 0.0001306 seconds, Stopping threads took: 0.0000187 seconds
[2019-12-09T03:40:08.391+0000][1][safepoint    ] Application time: 0.0165471 seconds
[2019-12-09T03:40:08.408+0000][1][safepoint    ] Entering safepoint region: RevokeBias
[2019-12-09T03:40:08.408+0000][1][safepoint    ] Leaving safepoint region
[2019-12-09T03:40:08.408+0000][1][safepoint    ] Total time for which application threads were stopped: 0.0166459 seconds, Stopping threads took: 0.0165303 seconds
[2019-12-09T03:40:08.416+0000][1][safepoint    ] Application time: 0.0082601 seconds
[2019-12-09T03:40:08.416+0000][1][safepoint    ] Entering safepoint region: RevokeBias
[2019-12-09T03:40:08.416+0000][1][safepoint    ] Leaving safepoint region
[2019-12-09T03:40:08.416+0000][1][safepoint    ] Total time for which application threads were stopped: 0.0001072 seconds, Stopping threads took: 0.0000167 seconds
[2019-12-09T03:40:08.437+0000][1][safepoint    ] Application time: 0.0206973 seconds
[2019-12-09T03:40:08.437+0000][1][safepoint    ] Entering safepoint region: RevokeBias
[2019-12-09T03:40:08.437+0000][1][safepoint    ] Leaving safepoint region
[2019-12-09T03:40:08.437+0000][1][safepoint    ] Total time for which application threads were stopped: 0.0001173 seconds, Stopping threads took: 0.0000173 seconds
[2019-12-09T03:40:08.456+0000][1][safepoint    ] Application time: 0.0185444 seconds
[2019-12-09T03:40:08.465+0000][1][safepoint    ] Entering safepoint region: Deoptimize
[2019-12-09T03:40:08.466+0000][1][safepoint    ] Leaving safepoint region
[2019-12-09T03:40:08.466+0000][1][safepoint    ] Total time for which application threads were stopped: 0.0098499 seconds, Stopping threads took: 0.0090451 seconds
[2019-12-09T03:40:08.497+0000][1][safepoint    ] Application time: 0.0311502 seconds
[2019-12-09T03:40:08.511+0000][1][safepoint    ] Entering safepoint region: RevokeBias
[2019-12-09T03:40:08.511+0000][1][safepoint    ] Leaving safepoint region
[2019-12-09T03:40:08.511+0000][1][safepoint    ] Total time for which application threads were stopped: 0.0142122 seconds, Stopping threads took: 0.0140946 seconds
[2019-12-09T03:40:08.514+0000][1][safepoint    ] Application time: 0.0029636 seconds
[2019-12-09T03:40:08.518+0000][1][safepoint    ] Entering safepoint region: RevokeBias
[2019-12-09T03:40:08.518+0000][1][safepoint    ] Leaving safepoint region
[2019-12-09T03:40:08.518+0000][1][safepoint    ] Total time for which application threads were stopped: 0.0039541 seconds, Stopping threads took: 0.0038363 seconds
[2019-12-09T03:40:08.541+0000][1][safepoint    ] Application time: 0.0231098 seconds
[2019-12-09T03:40:08.553+0000][1][safepoint    ] Entering safepoint region: RevokeBias
[2019-12-09T03:40:08.553+0000][1][safepoint    ] Leaving safepoint region
[2019-12-09T03:40:08.553+0000][1][safepoint    ] Total time for which application threads were stopped: 0.0118531 seconds, Stopping threads took: 0.0117087 seconds
[2019-12-09T03:40:08.641+0000][1][safepoint    ] Application time: 0.0879526 seconds
[2019-12-09T03:40:08.641+0000][1][safepoint    ] Entering safepoint region: RevokeBias
[2019-12-09T03:40:08.641+0000][1][safepoint    ] Leaving safepoint region
[2019-12-09T03:40:08.641+0000][1][safepoint    ] Total time for which application threads were stopped: 0.0001591 seconds, Stopping threads took: 0.0000255 seconds
[2019-12-09T03:40:08.678+0000][1][safepoint    ] Application time: 0.0373972 seconds
[2019-12-09T03:40:08.679+0000][1][safepoint    ] Entering safepoint region: RevokeBias
[2019-12-09T03:40:08.679+0000][1][safepoint    ] Leaving safepoint region
[2019-12-09T03:40:08.679+0000][1][safepoint    ] Total time for which application threads were stopped: 0.0001501 seconds, Stopping threads took: 0.0000224 seconds
[2019-12-09T03:40:08.679+0000][1][safepoint    ] Application time: 0.0008202 seconds
[2019-12-09T03:40:08.680+0000][1][safepoint    ] Entering safepoint region: RevokeBias
[2019-12-09T03:40:08.680+0000][1][safepoint    ] Leaving safepoint region
[2019-12-09T03:40:08.680+0000][1][safepoint    ] Total time for which application threads were stopped: 0.0001281 seconds, Stopping threads took: 0.0000186 seconds
[2019-12-09T03:40:08.732+0000][1][safepoint    ] Application time: 0.0522756 seconds
[2019-12-09T03:40:08.745+0000][1][safepoint    ] Entering safepoint region: RevokeBias
[2019-12-09T03:40:08.745+0000][1][safepoint    ] Leaving safepoint region
[2019-12-09T03:40:08.745+0000][1][safepoint    ] Total time for which application threads were stopped: 0.0129504 seconds, Stopping threads took: 0.0128068 seconds
[2019-12-09T03:40:08.769+0000][1][safepoint    ] Application time: 0.0237898 seconds
[2019-12-09T03:40:08.769+0000][1][safepoint    ] Entering safepoint region: RevokeBias
[2019-12-09T03:40:08.769+0000][1][safepoint    ] Leaving safepoint region
[2019-12-09T03:40:08.769+0000][1][safepoint    ] Total time for which application threads were stopped: 0.0001506 seconds, Stopping threads took: 0.0000218 seconds
[2019-12-09T03:40:09.715+0000][1][safepoint    ] Application time: 0.9463756 seconds
[2019-12-09T03:40:09.715+0000][1][safepoint    ] Entering safepoint region: RevokeBias
[2019-12-09T03:40:09.715+0000][1][safepoint    ] Leaving safepoint region
[2019-12-09T03:40:09.715+0000][1][safepoint    ] Total time for which application threads were stopped: 0.0001669 seconds, Stopping threads took: 0.0000248 seconds
[2019-12-09T03:40:09.725+0000][1][safepoint    ] Application time: 0.0095600 seconds
[2019-12-09T03:40:09.725+0000][1][safepoint    ] Entering safepoint region: RevokeBias
[2019-12-09T03:40:09.725+0000][1][safepoint    ] Leaving safepoint region
[2019-12-09T03:40:09.725+0000][1][safepoint    ] Total time for which application threads were stopped: 0.0001309 seconds, Stopping threads took: 0.0000195 seconds
[2019-12-09T03:40:09.725+0000][1][safepoint    ] Application time: 0.0002784 seconds
[2019-12-09T03:40:09.725+0000][1][safepoint    ] Entering safepoint region: RevokeBias
[2019-12-09T03:40:09.726+0000][1][safepoint    ] Leaving safepoint region
[2019-12-09T03:40:09.726+0000][1][safepoint    ] Total time for which application threads were stopped: 0.0001058 seconds, Stopping threads took: 0.0000150 seconds
[2019-12-09T03:40:09.726+0000][1][safepoint    ] Application time: 0.0002180 seconds
[2019-12-09T03:40:09.726+0000][1][safepoint    ] Entering safepoint region: RevokeBias
[2019-12-09T03:40:09.726+0000][1][safepoint    ] Leaving safepoint region
[2019-12-09T03:40:09.726+0000][1][safepoint    ] Total time for which application threads were stopped: 0.0001153 seconds, Stopping threads took: 0.0000320 seconds
[2019-12-09T03:40:09.726+0000][1][safepoint    ] Application time: 0.0000984 seconds
[2019-12-09T03:40:09.726+0000][1][safepoint    ] Entering safepoint region: RevokeBias
[2019-12-09T03:40:09.726+0000][1][safepoint    ] Leaving safepoint region
[2019-12-09T03:40:09.726+0000][1][safepoint    ] Total time for which application threads were stopped: 0.0000795 seconds, Stopping threads took: 0.0000108 seconds
[2019-12-09T03:40:09.804+0000][1][safepoint    ] Application time: 0.0777222 seconds
[2019-12-09T03:40:09.804+0000][1][safepoint    ] Entering safepoint region: RevokeBias
[2019-12-09T03:40:09.804+0000][1][safepoint    ] Leaving safepoint region
[2019-12-09T03:40:09.804+0000][1][safepoint    ] Total time for which application threads were stopped: 0.0001639 seconds, Stopping threads took: 0.0000213 seconds
[2019-12-09T03:40:09.813+0000][1][safepoint    ] Application time: 0.0086854 seconds
[2019-12-09T03:40:09.813+0000][1][safepoint    ] Entering safepoint region: RevokeBias
[2019-12-09T03:40:09.813+0000][1][safepoint    ] Leaving safepoint region
[2019-12-09T03:40:09.813+0000][1][safepoint    ] Total time for which application threads were stopped: 0.0001439 seconds, Stopping threads took: 0.0000573 seconds
[2019-12-09T03:40:11.815+0000][1][safepoint    ] Application time: 2.0019800 seconds
[2019-12-09T03:40:11.831+0000][1][safepoint    ] Entering safepoint region: Cleanup
[2019-12-09T03:40:11.831+0000][1][safepoint    ] Leaving safepoint region
[2019-12-09T03:40:11.831+0000][1][safepoint    ] Total time for which application threads were stopped: 0.0162230 seconds, Stopping threads took: 0.0161080 seconds
[2019-12-09T03:40:12.081+0000][1][safepoint    ] Application time: 0.2496460 seconds
[2019-12-09T03:40:12.081+0000][1][safepoint    ] Entering safepoint region: RevokeBias
[2019-12-09T03:40:12.081+0000][1][safepoint    ] Leaving safepoint region
[2019-12-09T03:40:12.081+0000][1][safepoint    ] Total time for which application threads were stopped: 0.0001774 seconds, Stopping threads took: 0.0000263 seconds
[2019-12-09T03:40:12.081+0000][1][safepoint    ] Application time: 0.0001920 seconds
[2019-12-09T03:40:12.081+0000][1][safepoint    ] Entering safepoint region: RevokeBias
[2019-12-09T03:40:12.081+0000][1][safepoint    ] Leaving safepoint region
[2019-12-09T03:40:12.081+0000][1][safepoint    ] Total time for which application threads were stopped: 0.0001193 seconds, Stopping threads took: 0.0000186 seconds
[2019-12-09T03:40:12.081+0000][1][safepoint    ] Application time: 0.0000721 seconds
[2019-12-09T03:40:12.081+0000][1][safepoint    ] Entering safepoint region: RevokeBias
[2019-12-09T03:40:12.082+0000][1][safepoint    ] Leaving safepoint region
[2019-12-09T03:40:12.082+0000][1][safepoint    ] Total time for which application threads were stopped: 0.0000852 seconds, Stopping threads took: 0.0000118 seconds
[2019-12-09T03:40:13.082+0000][1][safepoint    ] Application time: 1.0001367 seconds
[2019-12-09T03:40:13.082+0000][1][safepoint    ] Entering safepoint region: Cleanup
[2019-12-09T03:40:13.082+0000][1][safepoint    ] Leaving safepoint region
[2019-12-09T03:40:13.082+0000][1][safepoint    ] Total time for which application threads were stopped: 0.0001821 seconds, Stopping threads took: 0.0000678 seconds
[2019-12-09T03:40:14.082+0000][1][safepoint    ] Application time: 1.0000951 seconds
[2019-12-09T03:40:14.082+0000][1][safepoint    ] Entering safepoint region: Cleanup
[2019-12-09T03:40:14.082+0000][1][safepoint    ] Leaving safepoint region
[2019-12-09T03:40:14.082+0000][1][safepoint    ] Total time for which application threads were stopped: 0.0001406 seconds, Stopping threads took: 0.0000264 seconds
[2019-12-09T03:40:15.082+0000][1][safepoint    ] Application time: 1.0000757 seconds
[2019-12-09T03:40:15.082+0000][1][safepoint    ] Entering safepoint region: Cleanup
[2019-12-09T03:40:15.082+0000][1][safepoint    ] Leaving safepoint region
[2019-12-09T03:40:15.082+0000][1][safepoint    ] Total time for which application threads were stopped: 0.0000989 seconds, Stopping threads took: 0.0000176 seconds
[2019-12-09T03:40:16.084+0000][1][safepoint    ] Application time: 1.0012586 seconds
[2019-12-09T03:40:16.084+0000][1][safepoint    ] Entering safepoint region: Cleanup
[2019-12-09T03:40:16.084+0000][1][safepoint    ] Leaving safepoint region
[2019-12-09T03:40:16.084+0000][1][safepoint    ] Total time for which application threads were stopped: 0.0001420 seconds, Stopping threads took: 0.0000250 seconds
[2019-12-09T03:40:17.084+0000][1][safepoint    ] Application time: 1.0005416 seconds
[2019-12-09T03:40:17.085+0000][1][safepoint    ] Entering safepoint region: Cleanup
[2019-12-09T03:40:17.085+0000][1][safepoint    ] Leaving safepoint region
[2019-12-09T03:40:17.085+0000][1][safepoint    ] Total time for which application threads were stopped: 0.0001375 seconds, Stopping threads took: 0.0000252 seconds
[2019-12-09T03:40:18.085+0000][1][safepoint    ] Application time: 1.0000787 seconds
[2019-12-09T03:40:18.085+0000][1][safepoint    ] Entering safepoint region: Cleanup
[2019-12-09T03:40:18.085+0000][1][safepoint    ] Leaving safepoint region
[2019-12-09T03:40:18.085+0000][1][safepoint    ] Total time for which application threads were stopped: 0.0001065 seconds, Stopping threads took: 0.0000204 seconds
[2019-12-09T03:40:19.085+0000][1][safepoint    ] Application time: 1.0000805 seconds
[2019-12-09T03:40:19.085+0000][1][safepoint    ] Entering safepoint region: Cleanup
[2019-12-09T03:40:19.085+0000][1][safepoint    ] Leaving safepoint region
[2019-12-09T03:40:19.085+0000][1][safepoint    ] Total time for which application threads were stopped: 0.0001090 seconds, Stopping threads took: 0.0000205 seconds
[2019-12-09T03:40:20.085+0000][1][safepoint    ] Application time: 1.0000793 seconds
[2019-12-09T03:40:20.085+0000][1][safepoint    ] Entering safepoint region: Cleanup
[2019-12-09T03:40:20.085+0000][1][safepoint    ] Leaving safepoint region
[2019-12-09T03:40:20.085+0000][1][safepoint    ] Total time for which application threads were stopped: 0.0001141 seconds, Stopping threads took: 0.0000202 seconds
[2019-12-09T03:40:21.085+0000][1][safepoint    ] Application time: 1.0000842 seconds
[2019-12-09T03:40:21.085+0000][1][safepoint    ] Entering safepoint region: Cleanup
[2019-12-09T03:40:21.086+0000][1][safepoint    ] Leaving safepoint region
[2019-12-09T03:40:21.086+0000][1][safepoint    ] Total time for which application threads were stopped: 0.0001005 seconds, Stopping threads took: 0.0000192 seconds
[2019-12-09T03:40:23.086+0000][1][safepoint    ] Application time: 2.0001469 seconds
[2019-12-09T03:40:23.086+0000][1][safepoint    ] Entering safepoint region: Cleanup
[2019-12-09T03:40:23.086+0000][1][safepoint    ] Leaving safepoint region
[2019-12-09T03:40:23.086+0000][1][safepoint    ] Total time for which application threads were stopped: 0.0000989 seconds, Stopping threads took: 0.0000179 seconds
[2019-12-09T03:40:25.086+0000][1][safepoint    ] Application time: 2.0001555 seconds
[2019-12-09T03:40:25.086+0000][1][safepoint    ] Entering safepoint region: Cleanup
[2019-12-09T03:40:25.086+0000][1][safepoint    ] Leaving safepoint region
[2019-12-09T03:40:25.086+0000][1][safepoint    ] Total time for which application threads were stopped: 0.0001076 seconds, Stopping threads took: 0.0000213 seconds
[2019-12-09T03:40:26.086+0000][1][safepoint    ] Application time: 1.0000829 seconds
[2019-12-09T03:40:26.086+0000][1][safepoint    ] Entering safepoint region: Cleanup
[2019-12-09T03:40:26.086+0000][1][safepoint    ] Leaving safepoint region
[2019-12-09T03:40:26.086+0000][1][safepoint    ] Total time for which application threads were stopped: 0.0001115 seconds, Stopping threads took: 0.0000176 seconds
[2019-12-09T03:40:27.087+0000][1][safepoint    ] Application time: 1.0000756 seconds
[2019-12-09T03:40:27.087+0000][1][safepoint    ] Entering safepoint region: Cleanup
[2019-12-09T03:40:27.087+0000][1][safepoint    ] Leaving safepoint region
[2019-12-09T03:40:27.087+0000][1][safepoint    ] Total time for which application threads were stopped: 0.0001003 seconds, Stopping threads took: 0.0000182 seconds
[2019-12-09T03:40:28.087+0000][1][safepoint    ] Application time: 1.0000778 seconds
[2019-12-09T03:40:28.087+0000][1][safepoint    ] Entering safepoint region: Cleanup
[2019-12-09T03:40:28.087+0000][1][safepoint    ] Leaving safepoint region
[2019-12-09T03:40:28.087+0000][1][safepoint    ] Total time for which application threads were stopped: 0.0001099 seconds, Stopping threads took: 0.0000181 seconds
[2019-12-09T03:40:29.087+0000][1][safepoint    ] Application time: 1.0000750 seconds
[2019-12-09T03:40:29.087+0000][1][safepoint    ] Entering safepoint region: Cleanup
[2019-12-09T03:40:29.087+0000][1][safepoint    ] Leaving safepoint region
[2019-12-09T03:40:29.087+0000][1][safepoint    ] Total time for which application threads were stopped: 0.0001059 seconds, Stopping threads took: 0.0000194 seconds
[2019-12-09T03:40:30.087+0000][1][safepoint    ] Application time: 1.0000765 seconds
[2019-12-09T03:40:30.087+0000][1][safepoint    ] Entering safepoint region: Cleanup
[2019-12-09T03:40:30.087+0000][1][safepoint    ] Leaving safepoint region
[2019-12-09T03:40:30.087+0000][1][safepoint    ] Total time for which application threads were stopped: 0.0001007 seconds, Stopping threads took: 0.0000184 seconds
[2019-12-09T03:40:33.088+0000][1][safepoint    ] Application time: 3.0002082 seconds
[2019-12-09T03:40:33.088+0000][1][safepoint    ] Entering safepoint region: Cleanup
[2019-12-09T03:40:33.088+0000][1][safepoint    ] Leaving safepoint region
[2019-12-09T03:40:33.088+0000][1][safepoint    ] Total time for which application threads were stopped: 0.0001109 seconds, Stopping threads took: 0.0000274 seconds
[2019-12-09T03:40:33.950+0000][1][safepoint    ] Application time: 0.8623428 seconds
[2019-12-09T03:40:33.950+0000][1][safepoint    ] Entering safepoint region: RevokeBias
[2019-12-09T03:40:33.950+0000][1][safepoint    ] Leaving safepoint region
[2019-12-09T03:40:33.950+0000][1][safepoint    ] Total time for which application threads were stopped: 0.0001644 seconds, Stopping threads took: 0.0000588 seconds
[2019-12-09T03:40:34.950+0000][1][safepoint    ] Application time: 1.0000908 seconds
[2019-12-09T03:40:34.950+0000][1][safepoint    ] Entering safepoint region: Cleanup
[2019-12-09T03:40:34.950+0000][1][safepoint    ] Leaving safepoint region
[2019-12-09T03:40:34.950+0000][1][safepoint    ] Total time for which application threads were stopped: 0.0001005 seconds, Stopping threads took: 0.0000175 seconds
[2019-12-09T03:40:35.806+0000][1][safepoint    ] Application time: 0.8555739 seconds
[2019-12-09T03:40:35.806+0000][1][safepoint    ] Entering safepoint region: RevokeBias
[2019-12-09T03:40:35.806+0000][1][safepoint    ] Leaving safepoint region
[2019-12-09T03:40:35.806+0000][1][safepoint    ] Total time for which application threads were stopped: 0.0001201 seconds, Stopping threads took: 0.0000147 seconds
[2019-12-09T03:40:35.808+0000][1][safepoint    ] Application time: 0.0016279 seconds
[2019-12-09T03:40:35.808+0000][1][safepoint    ] Entering safepoint region: RevokeBias
[2019-12-09T03:40:35.808+0000][1][safepoint    ] Leaving safepoint region
[2019-12-09T03:40:35.808+0000][1][safepoint    ] Total time for which application threads were stopped: 0.0001234 seconds, Stopping threads took: 0.0000196 seconds
[2019-12-09T03:40:36.808+0000][1][safepoint    ] Application time: 1.0000837 seconds
[2019-12-09T03:40:36.808+0000][1][safepoint    ] Entering safepoint region: Cleanup
[2019-12-09T03:40:36.808+0000][1][safepoint    ] Leaving safepoint region
[2019-12-09T03:40:36.808+0000][1][safepoint    ] Total time for which application threads were stopped: 0.0000972 seconds, Stopping threads took: 0.0000170 seconds
[2019-12-09T03:40:37.808+0000][1][safepoint    ] Application time: 1.0000626 seconds
[2019-12-09T03:40:37.808+0000][1][safepoint    ] Entering safepoint region: Cleanup
[2019-12-09T03:40:37.808+0000][1][safepoint    ] Leaving safepoint region
[2019-12-09T03:40:37.808+0000][1][safepoint    ] Total time for which application threads were stopped: 0.0000959 seconds, Stopping threads took: 0.0000175 seconds
[2019-12-09T03:40:38.808+0000][1][safepoint    ] Application time: 1.0000757 seconds
[2019-12-09T03:40:38.808+0000][1][safepoint    ] Entering safepoint region: Cleanup
[2019-12-09T03:40:38.809+0000][1][safepoint    ] Leaving safepoint region
[2019-12-09T03:40:38.809+0000][1][safepoint    ] Total time for which application threads were stopped: 0.0000926 seconds, Stopping threads took: 0.0000163 seconds
[2019-12-09T03:40:40.809+0000][1][safepoint    ] Application time: 2.0001410 seconds
[2019-12-09T03:40:40.809+0000][1][safepoint    ] Entering safepoint region: Cleanup
[2019-12-09T03:40:40.809+0000][1][safepoint    ] Leaving safepoint region
[2019-12-09T03:40:40.809+0000][1][safepoint    ] Total time for which application threads were stopped: 0.0000922 seconds, Stopping threads took: 0.0000160 seconds
[2019-12-09T03:40:41.809+0000][1][safepoint    ] Application time: 1.0000755 seconds
[2019-12-09T03:40:41.809+0000][1][safepoint    ] Entering safepoint region: Cleanup
[2019-12-09T03:40:41.809+0000][1][safepoint    ] Leaving safepoint region
[2019-12-09T03:40:41.809+0000][1][safepoint    ] Total time for which application threads were stopped: 0.0000986 seconds, Stopping threads took: 0.0000191 seconds
[2019-12-09T03:40:42.809+0000][1][safepoint    ] Application time: 1.0000762 seconds
[2019-12-09T03:40:42.809+0000][1][safepoint    ] Entering safepoint region: Cleanup
[2019-12-09T03:40:42.809+0000][1][safepoint    ] Leaving safepoint region
[2019-12-09T03:40:42.809+0000][1][safepoint    ] Total time for which application threads were stopped: 0.0000949 seconds, Stopping threads took: 0.0000190 seconds
[2019-12-09T03:40:43.809+0000][1][safepoint    ] Application time: 1.0000783 seconds
[2019-12-09T03:40:43.809+0000][1][safepoint    ] Entering safepoint region: Cleanup
[2019-12-09T03:40:43.809+0000][1][safepoint    ] Leaving safepoint region
[2019-12-09T03:40:43.810+0000][1][safepoint    ] Total time for which application threads were stopped: 0.0000994 seconds, Stopping threads took: 0.0000192 seconds
[2019-12-09T03:40:45.810+0000][1][safepoint    ] Application time: 2.0001449 seconds
[2019-12-09T03:40:45.810+0000][1][safepoint    ] Entering safepoint region: Cleanup
[2019-12-09T03:40:45.810+0000][1][safepoint    ] Leaving safepoint region
[2019-12-09T03:40:45.810+0000][1][safepoint    ] Total time for which application threads were stopped: 0.0000989 seconds, Stopping threads took: 0.0000189 seconds
[2019-12-09T03:40:49.810+0000][1][safepoint    ] Application time: 4.0002899 seconds
[2019-12-09T03:40:49.810+0000][1][safepoint    ] Entering safepoint region: Cleanup
[2019-12-09T03:40:49.810+0000][1][safepoint    ] Leaving safepoint region
[2019-12-09T03:40:49.810+0000][1][safepoint    ] Total time for which application threads were stopped: 0.0001037 seconds, Stopping threads took: 0.0000193 seconds
[2019-12-09T03:40:50.810+0000][1][safepoint    ] Application time: 1.0000763 seconds
[2019-12-09T03:40:50.810+0000][1][safepoint    ] Entering safepoint region: Cleanup
[2019-12-09T03:40:50.810+0000][1][safepoint    ] Leaving safepoint region
[2019-12-09T03:40:50.810+0000][1][safepoint    ] Total time for which application threads were stopped: 0.0000908 seconds, Stopping threads took: 0.0000169 seconds
[2019-12-09T03:40:53.811+0000][1][safepoint    ] Application time: 3.0002104 seconds
[2019-12-09T03:40:53.811+0000][1][safepoint    ] Entering safepoint region: Cleanup
[2019-12-09T03:40:53.811+0000][1][safepoint    ] Leaving safepoint region
[2019-12-09T03:40:53.811+0000][1][safepoint    ] Total time for which application threads were stopped: 0.0000988 seconds, Stopping threads took: 0.0000201 seconds
[2019-12-09T03:40:54.072+0000][1][safepoint    ] Application time: 0.2611110 seconds
[2019-12-09T03:40:54.072+0000][1][safepoint    ] Entering safepoint region: RevokeBias
[2019-12-09T03:40:54.072+0000][1][safepoint    ] Leaving safepoint region
[2019-12-09T03:40:54.072+0000][1][safepoint    ] Total time for which application threads were stopped: 0.0001610 seconds, Stopping threads took: 0.0000226 seconds
[2019-12-09T03:40:54.076+0000][1][safepoint    ] Application time: 0.0038096 seconds
[2019-12-09T03:40:54.076+0000][1][safepoint    ] Entering safepoint region: RevokeBias
[2019-12-09T03:40:54.076+0000][1][safepoint    ] Leaving safepoint region
[2019-12-09T03:40:54.076+0000][1][safepoint    ] Total time for which application threads were stopped: 0.0001132 seconds, Stopping threads took: 0.0000194 seconds
[2019-12-09T03:40:54.216+0000][1][safepoint    ] Application time: 0.1399188 seconds
[2019-12-09T03:40:54.216+0000][1][safepoint    ] Entering safepoint region: RevokeBias
[2019-12-09T03:40:54.216+0000][1][safepoint    ] Leaving safepoint region
[2019-12-09T03:40:54.216+0000][1][safepoint    ] Total time for which application threads were stopped: 0.0001458 seconds, Stopping threads took: 0.0000224 seconds
[2019-12-09T03:40:54.217+0000][1][safepoint    ] Application time: 0.0007493 seconds
[2019-12-09T03:40:54.217+0000][1][safepoint    ] Entering safepoint region: RevokeBias
[2019-12-09T03:40:54.217+0000][1][safepoint    ] Leaving safepoint region
[2019-12-09T03:40:54.217+0000][1][safepoint    ] Total time for which application threads were stopped: 0.0001001 seconds, Stopping threads took: 0.0000147 seconds
[2019-12-09T03:40:54.827+0000][1][safepoint    ] Application time: 0.6103838 seconds
[2019-12-09T03:40:54.827+0000][1][safepoint    ] Entering safepoint region: RevokeBias
[2019-12-09T03:40:54.828+0000][1][safepoint    ] Leaving safepoint region
[2019-12-09T03:40:54.828+0000][1][safepoint    ] Total time for which application threads were stopped: 0.0001259 seconds, Stopping threads took: 0.0000174 seconds
[2019-12-09T03:40:54.829+0000][1][safepoint    ] Application time: 0.0016337 seconds
[2019-12-09T03:40:54.829+0000][1][safepoint    ] Entering safepoint region: RevokeBias
[2019-12-09T03:40:54.829+0000][1][safepoint    ] Leaving safepoint region
[2019-12-09T03:40:54.829+0000][1][safepoint    ] Total time for which application threads were stopped: 0.0000941 seconds, Stopping threads took: 0.0000154 seconds
[2019-12-09T03:40:54.830+0000][1][safepoint    ] Application time: 0.0004757 seconds
[2019-12-09T03:40:54.830+0000][1][safepoint    ] Entering safepoint region: RevokeBias
[2019-12-09T03:40:54.830+0000][1][safepoint    ] Leaving safepoint region
[2019-12-09T03:40:54.830+0000][1][safepoint    ] Total time for which application threads were stopped: 0.0000946 seconds, Stopping threads took: 0.0000399 seconds
[2019-12-09T03:40:54.830+0000][1][safepoint    ] Application time: 0.0001875 seconds
[2019-12-09T03:40:54.830+0000][1][safepoint    ] Entering safepoint region: RevokeBias
[2019-12-09T03:40:54.830+0000][1][safepoint    ] Leaving safepoint region
[2019-12-09T03:40:54.830+0000][1][safepoint    ] Total time for which application threads were stopped: 0.0000655 seconds, Stopping threads took: 0.0000103 seconds
[2019-12-09T03:40:54.830+0000][1][safepoint    ] Application time: 0.0000687 seconds
[2019-12-09T03:40:54.830+0000][1][safepoint    ] Entering safepoint region: RevokeBias
[2019-12-09T03:40:54.830+0000][1][safepoint    ] Leaving safepoint region
[2019-12-09T03:40:54.830+0000][1][safepoint    ] Total time for which application threads were stopped: 0.0000470 seconds, Stopping threads took: 0.0000068 seconds
[2019-12-09T03:40:54.843+0000][1][safepoint    ] Application time: 0.0125051 seconds
[2019-12-09T03:40:54.843+0000][1][safepoint    ] Entering safepoint region: RevokeBias
[2019-12-09T03:40:54.843+0000][1][safepoint    ] Leaving safepoint region
[2019-12-09T03:40:54.843+0000][1][safepoint    ] Total time for which application threads were stopped: 0.0001147 seconds, Stopping threads took: 0.0000141 seconds
[2019-12-09T03:40:54.844+0000][1][safepoint    ] Application time: 0.0005839 seconds
[2019-12-09T03:40:54.844+0000][1][safepoint    ] Entering safepoint region: RevokeBias
[2019-12-09T03:40:54.844+0000][1][safepoint    ] Leaving safepoint region
[2019-12-09T03:40:54.844+0000][1][safepoint    ] Total time for which application threads were stopped: 0.0001363 seconds, Stopping threads took: 0.0000481 seconds
[2019-12-09T03:40:54.856+0000][1][safepoint    ] Application time: 0.0117576 seconds
[2019-12-09T03:40:54.856+0000][1][safepoint    ] Entering safepoint region: RevokeBias
[2019-12-09T03:40:54.856+0000][1][safepoint    ] Leaving safepoint region
[2019-12-09T03:40:54.856+0000][1][safepoint    ] Total time for which application threads were stopped: 0.0000939 seconds, Stopping threads took: 0.0000138 seconds
[2019-12-09T03:40:54.856+0000][1][safepoint    ] Application time: 0.0000690 seconds
[2019-12-09T03:40:54.856+0000][1][safepoint    ] Entering safepoint region: RevokeBias
[2019-12-09T03:40:54.856+0000][1][safepoint    ] Leaving safepoint region
[2019-12-09T03:40:54.856+0000][1][safepoint    ] Total time for which application threads were stopped: 0.0000639 seconds, Stopping threads took: 0.0000092 seconds
[2019-12-09T03:40:54.856+0000][1][safepoint    ] Application time: 0.0000491 seconds
[2019-12-09T03:40:54.856+0000][1][safepoint    ] Entering safepoint region: RevokeBias
[2019-12-09T03:40:54.856+0000][1][safepoint    ] Leaving safepoint region
[2019-12-09T03:40:54.856+0000][1][safepoint    ] Total time for which application threads were stopped: 0.0000576 seconds, Stopping threads took: 0.0000085 seconds
[2019-12-09T03:40:54.857+0000][1][safepoint    ] Application time: 0.0007208 seconds
[2019-12-09T03:40:54.857+0000][1][safepoint    ] Entering safepoint region: RevokeBias
[2019-12-09T03:40:54.857+0000][1][safepoint    ] Leaving safepoint region
[2019-12-09T03:40:54.857+0000][1][safepoint    ] Total time for which application threads were stopped: 0.0001127 seconds, Stopping threads took: 0.0000142 seconds
[2019-12-09T03:40:54.876+0000][1][safepoint    ] Application time: 0.0195578 seconds
[2019-12-09T03:40:54.876+0000][1][safepoint    ] Entering safepoint region: RevokeBias
[2019-12-09T03:40:54.876+0000][1][safepoint    ] Leaving safepoint region
[2019-12-09T03:40:54.876+0000][1][safepoint    ] Total time for which application threads were stopped: 0.0001126 seconds, Stopping threads took: 0.0000181 seconds
[2019-12-09T03:40:57.877+0000][1][safepoint    ] Application time: 3.0002165 seconds
[2019-12-09T03:40:57.877+0000][1][safepoint    ] Entering safepoint region: Cleanup
[2019-12-09T03:40:57.877+0000][1][safepoint    ] Leaving safepoint region
[2019-12-09T03:40:57.877+0000][1][safepoint    ] Total time for which application threads were stopped: 0.0000936 seconds, Stopping threads took: 0.0000178 seconds
[2019-12-09T03:40:58.877+0000][1][safepoint    ] Application time: 1.0000794 seconds
[2019-12-09T03:40:58.877+0000][1][safepoint    ] Entering safepoint region: Cleanup
[2019-12-09T03:40:58.877+0000][1][safepoint    ] Leaving safepoint region
[2019-12-09T03:40:58.877+0000][1][safepoint    ] Total time for which application threads were stopped: 0.0000925 seconds, Stopping threads took: 0.0000164 seconds
[2019-12-09T03:41:00.877+0000][1][safepoint    ] Application time: 2.0001614 seconds
[2019-12-09T03:41:00.877+0000][1][safepoint    ] Entering safepoint region: Cleanup
[2019-12-09T03:41:00.877+0000][1][safepoint    ] Leaving safepoint region
[2019-12-09T03:41:00.877+0000][1][safepoint    ] Total time for which application threads were stopped: 0.0001326 seconds, Stopping threads took: 0.0000291 seconds
[2019-12-09T03:41:02.878+0000][1][safepoint    ] Application time: 2.0001582 seconds
[2019-12-09T03:41:02.878+0000][1][safepoint    ] Entering safepoint region: Cleanup
[2019-12-09T03:41:02.878+0000][1][safepoint    ] Leaving safepoint region
[2019-12-09T03:41:02.878+0000][1][safepoint    ] Total time for which application threads were stopped: 0.0001186 seconds, Stopping threads took: 0.0000193 seconds
[2019-12-09T03:41:04.878+0000][1][safepoint    ] Application time: 2.0001416 seconds
[2019-12-09T03:41:04.878+0000][1][safepoint    ] Entering safepoint region: Cleanup
[2019-12-09T03:41:04.878+0000][1][safepoint    ] Leaving safepoint region
[2019-12-09T03:41:04.878+0000][1][safepoint    ] Total time for which application threads were stopped: 0.0000903 seconds, Stopping threads took: 0.0000150 seconds
[2019-12-09T03:41:06.878+0000][1][safepoint    ] Application time: 2.0001402 seconds
[2019-12-09T03:41:06.878+0000][1][safepoint    ] Entering safepoint region: Cleanup
[2019-12-09T03:41:06.878+0000][1][safepoint    ] Leaving safepoint region
[2019-12-09T03:41:06.878+0000][1][safepoint    ] Total time for which application threads were stopped: 0.0000920 seconds, Stopping threads took: 0.0000173 seconds
[2019-12-09T03:41:07.878+0000][1][safepoint    ] Application time: 1.0000762 seconds
[2019-12-09T03:41:07.878+0000][1][safepoint    ] Entering safepoint region: Cleanup
[2019-12-09T03:41:07.878+0000][1][safepoint    ] Leaving safepoint region
[2019-12-09T03:41:07.878+0000][1][safepoint    ] Total time for which application threads were stopped: 0.0000982 seconds, Stopping threads took: 0.0000162 seconds
[2019-12-09T03:41:10.790+0000][1][safepoint    ] Application time: 2.9111757 seconds
[2019-12-09T03:41:10.790+0000][1][safepoint    ] Entering safepoint region: GenCollectForAllocation
[2019-12-09T03:41:10.790+0000][1][gc,start     ] GC(26) Pause Young (Allocation Failure)
[2019-12-09T03:41:10.790+0000][1][gc,task      ] GC(26) Using 2 workers of 2 for evacuation
[2019-12-09T03:41:10.801+0000][1][gc,age       ] GC(26) Desired survivor size 4456448 bytes, new threshold 2 (max threshold 6)
[2019-12-09T03:41:10.801+0000][1][gc,age       ] GC(26) Age table with threshold 2 (max threshold 6)
[2019-12-09T03:41:10.801+0000][1][gc,age       ] GC(26) - age   1:    3287056 bytes,    3287056 total
[2019-12-09T03:41:10.801+0000][1][gc,age       ] GC(26) - age   2:    1739992 bytes,    5027048 total
[2019-12-09T03:41:10.801+0000][1][gc,age       ] GC(26) - age   3:    1897192 bytes,    6924240 total
[2019-12-09T03:41:10.801+0000][1][gc,heap      ] GC(26) ParNew: 75744K->8535K(78656K)
[2019-12-09T03:41:10.801+0000][1][gc,heap      ] GC(26) CMS: 67395K->67395K(174784K)
[2019-12-09T03:41:10.801+0000][1][gc,metaspace ] GC(26) Metaspace: 76290K->76290K(1118208K)
[2019-12-09T03:41:10.801+0000][1][gc           ] GC(26) Pause Young (Allocation Failure) 139M->74M(247M) 10.986ms
[2019-12-09T03:41:10.801+0000][1][gc,cpu       ] GC(26) User=0.02s Sys=0.00s Real=0.01s
[2019-12-09T03:41:10.801+0000][1][safepoint    ] Leaving safepoint region
[2019-12-09T03:41:10.801+0000][1][safepoint    ] Total time for which application threads were stopped: 0.0111801 seconds, Stopping threads took: 0.0000344 seconds
[2019-12-09T03:41:10.847+0000][1][safepoint    ] Application time: 0.0459847 seconds
[2019-12-09T03:41:10.847+0000][1][safepoint    ] Entering safepoint region: RevokeBias
[2019-12-09T03:41:10.847+0000][1][safepoint    ] Leaving safepoint region
[2019-12-09T03:41:10.847+0000][1][safepoint    ] Total time for which application threads were stopped: 0.0001028 seconds, Stopping threads took: 0.0000162 seconds
[2019-12-09T03:41:10.848+0000][1][safepoint    ] Application time: 0.0014793 seconds
[2019-12-09T03:41:10.848+0000][1][safepoint    ] Entering safepoint region: RevokeBias
[2019-12-09T03:41:10.849+0000][1][safepoint    ] Leaving safepoint region
[2019-12-09T03:41:10.849+0000][1][safepoint    ] Total time for which application threads were stopped: 0.0000865 seconds, Stopping threads took: 0.0000128 seconds
[2019-12-09T03:41:10.849+0000][1][safepoint    ] Application time: 0.0002489 seconds
[2019-12-09T03:41:10.849+0000][1][safepoint    ] Entering safepoint region: RevokeBias
[2019-12-09T03:41:10.849+0000][1][safepoint    ] Leaving safepoint region
[2019-12-09T03:41:10.849+0000][1][safepoint    ] Total time for which application threads were stopped: 0.0000822 seconds, Stopping threads took: 0.0000231 seconds
[2019-12-09T03:41:10.849+0000][1][safepoint    ] Application time: 0.0001418 seconds
[2019-12-09T03:41:10.849+0000][1][safepoint    ] Entering safepoint region: RevokeBias
[2019-12-09T03:41:10.849+0000][1][safepoint    ] Leaving safepoint region
[2019-12-09T03:41:10.849+0000][1][safepoint    ] Total time for which application threads were stopped: 0.0000534 seconds, Stopping threads took: 0.0000072 seconds
[2019-12-09T03:41:10.849+0000][1][safepoint    ] Application time: 0.0000575 seconds
[2019-12-09T03:41:10.849+0000][1][safepoint    ] Entering safepoint region: RevokeBias
[2019-12-09T03:41:10.849+0000][1][safepoint    ] Leaving safepoint region
[2019-12-09T03:41:10.849+0000][1][safepoint    ] Total time for which application threads were stopped: 0.0000420 seconds, Stopping threads took: 0.0000059 seconds
[2019-12-09T03:41:10.861+0000][1][safepoint    ] Application time: 0.0114769 seconds
[2019-12-09T03:41:10.861+0000][1][safepoint    ] Entering safepoint region: RevokeBias
[2019-12-09T03:41:10.861+0000][1][safepoint    ] Leaving safepoint region
[2019-12-09T03:41:10.861+0000][1][safepoint    ] Total time for which application threads were stopped: 0.0001119 seconds, Stopping threads took: 0.0000151 seconds
[2019-12-09T03:41:10.861+0000][1][safepoint    ] Application time: 0.0005586 seconds
[2019-12-09T03:41:10.861+0000][1][safepoint    ] Entering safepoint region: RevokeBias
[2019-12-09T03:41:10.862+0000][1][safepoint    ] Leaving safepoint region
[2019-12-09T03:41:10.862+0000][1][safepoint    ] Total time for which application threads were stopped: 0.0001284 seconds, Stopping threads took: 0.0000526 seconds
[2019-12-09T03:41:11.862+0000][1][safepoint    ] Application time: 1.0000860 seconds
[2019-12-09T03:41:11.862+0000][1][safepoint    ] Entering safepoint region: Cleanup
[2019-12-09T03:41:11.862+0000][1][safepoint    ] Leaving safepoint region
[2019-12-09T03:41:11.862+0000][1][safepoint    ] Total time for which application threads were stopped: 0.0000969 seconds, Stopping threads took: 0.0000153 seconds
[2019-12-09T03:41:18.862+0000][1][safepoint    ] Application time: 7.0004486 seconds
[2019-12-09T03:41:18.862+0000][1][safepoint    ] Entering safepoint region: Cleanup
[2019-12-09T03:41:18.862+0000][1][safepoint    ] Leaving safepoint region
[2019-12-09T03:41:18.862+0000][1][safepoint    ] Total time for which application threads were stopped: 0.0000939 seconds, Stopping threads took: 0.0000168 seconds
[2019-12-09T03:41:19.862+0000][1][safepoint    ] Application time: 1.0000769 seconds
[2019-12-09T03:41:19.863+0000][1][safepoint    ] Entering safepoint region: Cleanup
[2019-12-09T03:41:19.863+0000][1][safepoint    ] Leaving safepoint region
[2019-12-09T03:41:19.863+0000][1][safepoint    ] Total time for which application threads were stopped: 0.0000951 seconds, Stopping threads took: 0.0000181 seconds
[2019-12-09T03:41:23.953+0000][1][safepoint    ] Application time: 4.0907382 seconds
[2019-12-09T03:41:23.953+0000][1][safepoint    ] Entering safepoint region: RevokeBias
[2019-12-09T03:41:23.954+0000][1][safepoint    ] Leaving safepoint region
[2019-12-09T03:41:23.954+0000][1][safepoint    ] Total time for which application threads were stopped: 0.0001456 seconds, Stopping threads took: 0.0000235 seconds
[2019-12-09T03:41:23.954+0000][1][safepoint    ] Application time: 0.0000706 seconds
[2019-12-09T03:41:23.954+0000][1][safepoint    ] Entering safepoint region: RevokeBias
[2019-12-09T03:41:23.954+0000][1][safepoint    ] Leaving safepoint region
[2019-12-09T03:41:23.954+0000][1][safepoint    ] Total time for which application threads were stopped: 0.0001030 seconds, Stopping threads took: 0.0000109 seconds
[2019-12-09T03:41:23.954+0000][1][safepoint    ] Application time: 0.0000551 seconds
[2019-12-09T03:41:23.954+0000][1][safepoint    ] Entering safepoint region: RevokeBias
[2019-12-09T03:41:23.954+0000][1][safepoint    ] Leaving safepoint region
[2019-12-09T03:41:23.954+0000][1][safepoint    ] Total time for which application threads were stopped: 0.0000638 seconds, Stopping threads took: 0.0000092 seconds
[2019-12-09T03:41:23.954+0000][1][safepoint    ] Application time: 0.0000486 seconds
[2019-12-09T03:41:23.954+0000][1][safepoint    ] Entering safepoint region: RevokeBias
[2019-12-09T03:41:23.954+0000][1][safepoint    ] Leaving safepoint region
[2019-12-09T03:41:23.954+0000][1][safepoint    ] Total time for which application threads were stopped: 0.0000618 seconds, Stopping threads took: 0.0000085 seconds
[2019-12-09T03:41:26.954+0000][1][safepoint    ] Application time: 3.0002067 seconds
[2019-12-09T03:41:26.954+0000][1][safepoint    ] Entering safepoint region: Cleanup
[2019-12-09T03:41:26.954+0000][1][safepoint    ] Leaving safepoint region
[2019-12-09T03:41:26.954+0000][1][safepoint    ] Total time for which application threads were stopped: 0.0000981 seconds, Stopping threads took: 0.0000191 seconds
[2019-12-09T03:41:28.954+0000][1][safepoint    ] Application time: 2.0001384 seconds
[2019-12-09T03:41:28.955+0000][1][safepoint    ] Entering safepoint region: Cleanup
[2019-12-09T03:41:28.955+0000][1][safepoint    ] Leaving safepoint region
[2019-12-09T03:41:28.955+0000][1][safepoint    ] Total time for which application threads were stopped: 0.0000996 seconds, Stopping threads took: 0.0000165 seconds
[2019-12-09T03:41:30.955+0000][1][safepoint    ] Application time: 2.0001589 seconds
[2019-12-09T03:41:30.955+0000][1][safepoint    ] Entering safepoint region: Cleanup
[2019-12-09T03:41:30.955+0000][1][safepoint    ] Leaving safepoint region
[2019-12-09T03:41:30.955+0000][1][safepoint    ] Total time for which application threads were stopped: 0.0000980 seconds, Stopping threads took: 0.0000166 seconds
[2019-12-09T03:41:32.955+0000][1][safepoint    ] Application time: 2.0001412 seconds
[2019-12-09T03:41:32.955+0000][1][safepoint    ] Entering safepoint region: Cleanup
[2019-12-09T03:41:32.955+0000][1][safepoint    ] Leaving safepoint region
[2019-12-09T03:41:32.955+0000][1][safepoint    ] Total time for which application threads were stopped: 0.0000965 seconds, Stopping threads took: 0.0000177 seconds
[2019-12-09T03:41:33.955+0000][1][safepoint    ] Application time: 1.0001732 seconds
[2019-12-09T03:41:33.955+0000][1][safepoint    ] Entering safepoint region: Cleanup
[2019-12-09T03:41:33.956+0000][1][safepoint    ] Leaving safepoint region
[2019-12-09T03:41:33.956+0000][1][safepoint    ] Total time for which application threads were stopped: 0.0001392 seconds, Stopping threads took: 0.0000239 seconds
[2019-12-09T03:41:35.956+0000][1][safepoint    ] Application time: 2.0001539 seconds
[2019-12-09T03:41:35.956+0000][1][safepoint    ] Entering safepoint region: Cleanup
[2019-12-09T03:41:35.956+0000][1][safepoint    ] Leaving safepoint region
[2019-12-09T03:41:35.956+0000][1][safepoint    ] Total time for which application threads were stopped: 0.0000879 seconds, Stopping threads took: 0.0000148 seconds
[2019-12-09T03:41:36.956+0000][1][safepoint    ] Application time: 1.0000760 seconds
[2019-12-09T03:41:36.956+0000][1][safepoint    ] Entering safepoint region: Cleanup
[2019-12-09T03:41:36.956+0000][1][safepoint    ] Leaving safepoint region
[2019-12-09T03:41:36.956+0000][1][safepoint    ] Total time for which application threads were stopped: 0.0000888 seconds, Stopping threads took: 0.0000163 seconds
[2019-12-09T03:41:37.956+0000][1][safepoint    ] Application time: 1.0000763 seconds
[2019-12-09T03:41:37.956+0000][1][safepoint    ] Entering safepoint region: Cleanup
[2019-12-09T03:41:37.956+0000][1][safepoint    ] Leaving safepoint region
[2019-12-09T03:41:37.956+0000][1][safepoint    ] Total time for which application threads were stopped: 0.0001046 seconds, Stopping threads took: 0.0000185 seconds
[2019-12-09T03:41:38.956+0000][1][safepoint    ] Application time: 1.0000769 seconds
[2019-12-09T03:41:38.956+0000][1][safepoint    ] Entering safepoint region: Cleanup
[2019-12-09T03:41:38.956+0000][1][safepoint    ] Leaving safepoint region
[2019-12-09T03:41:38.956+0000][1][safepoint    ] Total time for which application threads were stopped: 0.0000939 seconds, Stopping threads took: 0.0000173 seconds
[2019-12-09T03:41:49.957+0000][1][safepoint    ] Application time: 11.0007494 seconds
[2019-12-09T03:41:49.957+0000][1][safepoint    ] Entering safepoint region: Cleanup
[2019-12-09T03:41:49.957+0000][1][safepoint    ] Leaving safepoint region
[2019-12-09T03:41:49.957+0000][1][safepoint    ] Total time for which application threads were stopped: 0.0000972 seconds, Stopping threads took: 0.0000171 seconds
[2019-12-09T03:41:50.957+0000][1][safepoint    ] Application time: 1.0000777 seconds
[2019-12-09T03:41:50.957+0000][1][safepoint    ] Entering safepoint region: Cleanup
[2019-12-09T03:41:50.958+0000][1][safepoint    ] Leaving safepoint region
[2019-12-09T03:41:50.958+0000][1][safepoint    ] Total time for which application threads were stopped: 0.0000977 seconds, Stopping threads took: 0.0000174 seconds
[2019-12-09T03:41:53.952+0000][1][safepoint    ] Application time: 2.9949344 seconds
[2019-12-09T03:41:53.953+0000][1][safepoint    ] Entering safepoint region: RevokeBias
[2019-12-09T03:41:53.953+0000][1][safepoint    ] Leaving safepoint region
[2019-12-09T03:41:53.953+0000][1][safepoint    ] Total time for which application threads were stopped: 0.0001062 seconds, Stopping threads took: 0.0000141 seconds
[2019-12-09T03:41:55.953+0000][1][safepoint    ] Application time: 2.0001536 seconds
[2019-12-09T03:41:55.953+0000][1][safepoint    ] Entering safepoint region: Cleanup
[2019-12-09T03:41:55.953+0000][1][safepoint    ] Leaving safepoint region
[2019-12-09T03:41:55.953+0000][1][safepoint    ] Total time for which application threads were stopped: 0.0001001 seconds, Stopping threads took: 0.0000178 seconds
[2019-12-09T03:41:56.953+0000][1][safepoint    ] Application time: 1.0000776 seconds
[2019-12-09T03:41:56.953+0000][1][safepoint    ] Entering safepoint region: Cleanup
[2019-12-09T03:41:56.953+0000][1][safepoint    ] Leaving safepoint region
[2019-12-09T03:41:56.953+0000][1][safepoint    ] Total time for which application threads were stopped: 0.0000942 seconds, Stopping threads took: 0.0000168 seconds
[2019-12-09T03:41:59.953+0000][1][safepoint    ] Application time: 3.0002093 seconds
[2019-12-09T03:41:59.953+0000][1][safepoint    ] Entering safepoint region: Cleanup
[2019-12-09T03:41:59.953+0000][1][safepoint    ] Leaving safepoint region
[2019-12-09T03:41:59.953+0000][1][safepoint    ] Total time for which application threads were stopped: 0.0000965 seconds, Stopping threads took: 0.0000170 seconds
[2019-12-09T03:42:00.954+0000][1][safepoint    ] Application time: 1.0000782 seconds
[2019-12-09T03:42:00.954+0000][1][safepoint    ] Entering safepoint region: Cleanup
[2019-12-09T03:42:00.954+0000][1][safepoint    ] Leaving safepoint region
[2019-12-09T03:42:00.954+0000][1][safepoint    ] Total time for which application threads were stopped: 0.0001211 seconds, Stopping threads took: 0.0000268 seconds
[2019-12-09T03:42:01.954+0000][1][safepoint    ] Application time: 1.0000802 seconds
[2019-12-09T03:42:01.954+0000][1][safepoint    ] Entering safepoint region: Cleanup
[2019-12-09T03:42:01.954+0000][1][safepoint    ] Leaving safepoint region
[2019-12-09T03:42:01.954+0000][1][safepoint    ] Total time for which application threads were stopped: 0.0001096 seconds, Stopping threads took: 0.0000205 seconds
[2019-12-09T03:42:02.954+0000][1][safepoint    ] Application time: 1.0000779 seconds
[2019-12-09T03:42:02.954+0000][1][safepoint    ] Entering safepoint region: Cleanup
[2019-12-09T03:42:02.954+0000][1][safepoint    ] Leaving safepoint region
[2019-12-09T03:42:02.954+0000][1][safepoint    ] Total time for which application threads were stopped: 0.0001081 seconds, Stopping threads took: 0.0000204 seconds
[2019-12-09T03:42:05.955+0000][1][safepoint    ] Application time: 3.0005161 seconds
[2019-12-09T03:42:05.955+0000][1][safepoint    ] Entering safepoint region: Cleanup
[2019-12-09T03:42:05.955+0000][1][safepoint    ] Leaving safepoint region
[2019-12-09T03:42:05.955+0000][1][safepoint    ] Total time for which application threads were stopped: 0.0001026 seconds, Stopping threads took: 0.0000195 seconds
[2019-12-09T03:42:07.955+0000][1][safepoint    ] Application time: 2.0001465 seconds
[2019-12-09T03:42:07.955+0000][1][safepoint    ] Entering safepoint region: Cleanup
[2019-12-09T03:42:07.955+0000][1][safepoint    ] Leaving safepoint region
[2019-12-09T03:42:07.955+0000][1][safepoint    ] Total time for which application threads were stopped: 0.0001016 seconds, Stopping threads took: 0.0000204 seconds
[2019-12-09T03:42:15.956+0000][1][safepoint    ] Application time: 8.0006115 seconds
[2019-12-09T03:42:15.956+0000][1][safepoint    ] Entering safepoint region: Cleanup
[2019-12-09T03:42:15.956+0000][1][safepoint    ] Leaving safepoint region
[2019-12-09T03:42:15.956+0000][1][safepoint    ] Total time for which application threads were stopped: 0.0001023 seconds, Stopping threads took: 0.0000201 seconds
[2019-12-09T03:42:16.956+0000][1][safepoint    ] Application time: 1.0000744 seconds
[2019-12-09T03:42:16.956+0000][1][safepoint    ] Entering safepoint region: Cleanup
[2019-12-09T03:42:16.956+0000][1][safepoint    ] Leaving safepoint region
[2019-12-09T03:42:16.956+0000][1][safepoint    ] Total time for which application threads were stopped: 0.0000971 seconds, Stopping threads took: 0.0000189 seconds
[2019-12-09T03:42:17.956+0000][1][safepoint    ] Application time: 1.0000764 seconds
[2019-12-09T03:42:17.956+0000][1][safepoint    ] Entering safepoint region: Cleanup
[2019-12-09T03:42:17.956+0000][1][safepoint    ] Leaving safepoint region
[2019-12-09T03:42:17.956+0000][1][safepoint    ] Total time for which application threads were stopped: 0.0000970 seconds, Stopping threads took: 0.0000177 seconds
[2019-12-09T03:42:20.957+0000][1][safepoint    ] Application time: 3.0002047 seconds
[2019-12-09T03:42:20.957+0000][1][safepoint    ] Entering safepoint region: Cleanup
[2019-12-09T03:42:20.957+0000][1][safepoint    ] Leaving safepoint region
[2019-12-09T03:42:20.957+0000][1][safepoint    ] Total time for which application threads were stopped: 0.0001007 seconds, Stopping threads took: 0.0000224 seconds
[2019-12-09T03:42:21.957+0000][1][safepoint    ] Application time: 1.0000784 seconds
[2019-12-09T03:42:21.957+0000][1][safepoint    ] Entering safepoint region: Cleanup
[2019-12-09T03:42:21.957+0000][1][safepoint    ] Leaving safepoint region
[2019-12-09T03:42:21.957+0000][1][safepoint    ] Total time for which application threads were stopped: 0.0001103 seconds, Stopping threads took: 0.0000208 seconds
[2019-12-09T03:42:23.957+0000][1][safepoint    ] Application time: 2.0001477 seconds
[2019-12-09T03:42:23.957+0000][1][safepoint    ] Entering safepoint region: Cleanup
[2019-12-09T03:42:23.957+0000][1][safepoint    ] Leaving safepoint region
[2019-12-09T03:42:23.957+0000][1][safepoint    ] Total time for which application threads were stopped: 0.0001226 seconds, Stopping threads took: 0.0000224 seconds
[2019-12-09T03:42:29.958+0000][1][safepoint    ] Application time: 6.0004133 seconds
[2019-12-09T03:42:29.958+0000][1][safepoint    ] Entering safepoint region: Cleanup
[2019-12-09T03:42:29.958+0000][1][safepoint    ] Leaving safepoint region
[2019-12-09T03:42:29.958+0000][1][safepoint    ] Total time for which application threads were stopped: 0.0001129 seconds, Stopping threads took: 0.0000323 seconds
[2019-12-09T03:42:35.958+0000][1][safepoint    ] Application time: 6.0004132 seconds
[2019-12-09T03:42:35.958+0000][1][safepoint    ] Entering safepoint region: Cleanup
[2019-12-09T03:42:35.958+0000][1][safepoint    ] Leaving safepoint region
[2019-12-09T03:42:35.958+0000][1][safepoint    ] Total time for which application threads were stopped: 0.0001082 seconds, Stopping threads took: 0.0000260 seconds
[2019-12-09T03:42:37.958+0000][1][safepoint    ] Application time: 2.0001478 seconds
[2019-12-09T03:42:37.959+0000][1][safepoint    ] Entering safepoint region: Cleanup
[2019-12-09T03:42:37.959+0000][1][safepoint    ] Leaving safepoint region
[2019-12-09T03:42:37.959+0000][1][safepoint    ] Total time for which application threads were stopped: 0.0000972 seconds, Stopping threads took: 0.0000181 seconds
[2019-12-09T03:42:39.959+0000][1][safepoint    ] Application time: 2.0001414 seconds
[2019-12-09T03:42:39.959+0000][1][safepoint    ] Entering safepoint region: Cleanup
[2019-12-09T03:42:39.959+0000][1][safepoint    ] Leaving safepoint region
[2019-12-09T03:42:39.959+0000][1][safepoint    ] Total time for which application threads were stopped: 0.0000970 seconds, Stopping threads took: 0.0000170 seconds
[2019-12-09T03:42:41.959+0000][1][safepoint    ] Application time: 2.0001420 seconds
[2019-12-09T03:42:41.959+0000][1][safepoint    ] Entering safepoint region: Cleanup
[2019-12-09T03:42:41.959+0000][1][safepoint    ] Leaving safepoint region
[2019-12-09T03:42:41.959+0000][1][safepoint    ] Total time for which application threads were stopped: 0.0000930 seconds, Stopping threads took: 0.0000170 seconds
[2019-12-09T03:42:50.960+0000][1][safepoint    ] Application time: 9.0006121 seconds
[2019-12-09T03:42:50.960+0000][1][safepoint    ] Entering safepoint region: Cleanup
[2019-12-09T03:42:50.960+0000][1][safepoint    ] Leaving safepoint region
[2019-12-09T03:42:50.960+0000][1][safepoint    ] Total time for which application threads were stopped: 0.0000906 seconds, Stopping threads took: 0.0000157 seconds
[2019-12-09T03:42:51.960+0000][1][safepoint    ] Application time: 1.0000774 seconds
[2019-12-09T03:42:51.960+0000][1][safepoint    ] Entering safepoint region: Cleanup
[2019-12-09T03:42:51.960+0000][1][safepoint    ] Leaving safepoint region
[2019-12-09T03:42:51.960+0000][1][safepoint    ] Total time for which application threads were stopped: 0.0001043 seconds, Stopping threads took: 0.0000174 seconds
[2019-12-09T03:42:53.960+0000][1][safepoint    ] Application time: 2.0001435 seconds
[2019-12-09T03:42:53.960+0000][1][safepoint    ] Entering safepoint region: Cleanup
[2019-12-09T03:42:53.960+0000][1][safepoint    ] Leaving safepoint region
[2019-12-09T03:42:53.960+0000][1][safepoint    ] Total time for which application threads were stopped: 0.0001268 seconds, Stopping threads took: 0.0000287 seconds
[2019-12-09T03:42:55.854+0000][1][safepoint    ] Application time: 1.8934250 seconds
[2019-12-09T03:42:55.854+0000][1][safepoint    ] Entering safepoint region: GenCollectForAllocation
[2019-12-09T03:42:55.854+0000][1][gc,start     ] GC(27) Pause Young (Allocation Failure)
[2019-12-09T03:42:55.854+0000][1][gc,task      ] GC(27) Using 2 workers of 2 for evacuation
[2019-12-09T03:42:55.868+0000][1][gc,age       ] GC(27) Desired survivor size 4456448 bytes, new threshold 6 (max threshold 6)
[2019-12-09T03:42:55.868+0000][1][gc,age       ] GC(27) Age table with threshold 6 (max threshold 6)
[2019-12-09T03:42:55.868+0000][1][gc,age       ] GC(27) - age   1:     165016 bytes,     165016 total
[2019-12-09T03:42:55.868+0000][1][gc,age       ] GC(27) - age   2:    2901408 bytes,    3066424 total
[2019-12-09T03:42:55.868+0000][1][gc,heap      ] GC(27) ParNew: 78487K->6675K(78656K)
[2019-12-09T03:42:55.868+0000][1][gc,heap      ] GC(27) CMS: 67395K->71036K(174784K)
[2019-12-09T03:42:55.868+0000][1][gc,metaspace ] GC(27) Metaspace: 76575K->76575K(1120256K)
[2019-12-09T03:42:55.868+0000][1][gc           ] GC(27) Pause Young (Allocation Failure) 142M->75M(247M) 14.132ms
[2019-12-09T03:42:55.868+0000][1][gc,cpu       ] GC(27) User=0.03s Sys=0.00s Real=0.02s
[2019-12-09T03:42:55.868+0000][1][safepoint    ] Leaving safepoint region
[2019-12-09T03:42:55.868+0000][1][safepoint    ] Total time for which application threads were stopped: 0.0143050 seconds, Stopping threads took: 0.0000184 seconds
[2019-12-09T03:43:00.869+0000][1][safepoint    ] Application time: 5.0003521 seconds
[2019-12-09T03:43:00.869+0000][1][safepoint    ] Entering safepoint region: Cleanup
[2019-12-09T03:43:00.869+0000][1][safepoint    ] Leaving safepoint region
[2019-12-09T03:43:00.869+0000][1][safepoint    ] Total time for which application threads were stopped: 0.0001125 seconds, Stopping threads took: 0.0000237 seconds
[2019-12-09T03:43:02.869+0000][1][safepoint    ] Application time: 2.0001443 seconds
[2019-12-09T03:43:02.869+0000][1][safepoint    ] Entering safepoint region: Cleanup
[2019-12-09T03:43:02.869+0000][1][safepoint    ] Leaving safepoint region
[2019-12-09T03:43:02.869+0000][1][safepoint    ] Total time for which application threads were stopped: 0.0000954 seconds, Stopping threads took: 0.0000182 seconds
[2019-12-09T03:43:05.869+0000][1][safepoint    ] Application time: 3.0002080 seconds
[2019-12-09T03:43:05.869+0000][1][safepoint    ] Entering safepoint region: Cleanup
[2019-12-09T03:43:05.869+0000][1][safepoint    ] Leaving safepoint region
[2019-12-09T03:43:05.869+0000][1][safepoint    ] Total time for which application threads were stopped: 0.0000990 seconds, Stopping threads took: 0.0000163 seconds
[2019-12-09T03:43:07.869+0000][1][safepoint    ] Application time: 2.0001426 seconds
[2019-12-09T03:43:07.869+0000][1][safepoint    ] Entering safepoint region: Cleanup
[2019-12-09T03:43:07.870+0000][1][safepoint    ] Leaving safepoint region
[2019-12-09T03:43:07.870+0000][1][safepoint    ] Total time for which application threads were stopped: 0.0000921 seconds, Stopping threads took: 0.0000162 seconds
[2019-12-09T03:43:16.870+0000][1][safepoint    ] Application time: 9.0006029 seconds
[2019-12-09T03:43:16.870+0000][1][safepoint    ] Entering safepoint region: Cleanup
[2019-12-09T03:43:16.870+0000][1][safepoint    ] Leaving safepoint region
[2019-12-09T03:43:16.870+0000][1][safepoint    ] Total time for which application threads were stopped: 0.0000982 seconds, Stopping threads took: 0.0000181 seconds
[2019-12-09T03:43:23.871+0000][1][safepoint    ] Application time: 7.0004704 seconds
[2019-12-09T03:43:23.871+0000][1][safepoint    ] Entering safepoint region: Cleanup
[2019-12-09T03:43:23.871+0000][1][safepoint    ] Leaving safepoint region
[2019-12-09T03:43:23.871+0000][1][safepoint    ] Total time for which application threads were stopped: 0.0000957 seconds, Stopping threads took: 0.0000179 seconds
[2019-12-09T03:43:24.871+0000][1][safepoint    ] Application time: 1.0000760 seconds
[2019-12-09T03:43:24.871+0000][1][safepoint    ] Entering safepoint region: Cleanup
[2019-12-09T03:43:24.871+0000][1][safepoint    ] Leaving safepoint region
[2019-12-09T03:43:24.871+0000][1][safepoint    ] Total time for which application threads were stopped: 0.0001069 seconds, Stopping threads took: 0.0000210 seconds
[2019-12-09T03:43:28.871+0000][1][safepoint    ] Application time: 4.0002736 seconds
[2019-12-09T03:43:28.871+0000][1][safepoint    ] Entering safepoint region: Cleanup
[2019-12-09T03:43:28.872+0000][1][safepoint    ] Leaving safepoint region
[2019-12-09T03:43:28.872+0000][1][safepoint    ] Total time for which application threads were stopped: 0.0000962 seconds, Stopping threads took: 0.0000173 seconds
[2019-12-09T03:43:31.872+0000][1][safepoint    ] Application time: 3.0002113 seconds
[2019-12-09T03:43:31.872+0000][1][safepoint    ] Entering safepoint region: Cleanup
[2019-12-09T03:43:31.872+0000][1][safepoint    ] Leaving safepoint region
[2019-12-09T03:43:31.872+0000][1][safepoint    ] Total time for which application threads were stopped: 0.0001069 seconds, Stopping threads took: 0.0000294 seconds
[2019-12-09T03:43:41.873+0000][1][safepoint    ] Application time: 10.0006654 seconds
[2019-12-09T03:43:41.873+0000][1][safepoint    ] Entering safepoint region: Cleanup
[2019-12-09T03:43:41.873+0000][1][safepoint    ] Leaving safepoint region
[2019-12-09T03:43:41.873+0000][1][safepoint    ] Total time for which application threads were stopped: 0.0001354 seconds, Stopping threads took: 0.0000294 seconds
[2019-12-09T03:43:42.873+0000][1][safepoint    ] Application time: 1.0000788 seconds
[2019-12-09T03:43:42.873+0000][1][safepoint    ] Entering safepoint region: Cleanup
[2019-12-09T03:43:42.873+0000][1][safepoint    ] Leaving safepoint region
[2019-12-09T03:43:42.873+0000][1][safepoint    ] Total time for which application threads were stopped: 0.0000994 seconds, Stopping threads took: 0.0000182 seconds
[2019-12-09T03:43:51.874+0000][1][safepoint    ] Application time: 9.0006665 seconds
[2019-12-09T03:43:51.874+0000][1][safepoint    ] Entering safepoint region: Cleanup
[2019-12-09T03:43:51.874+0000][1][safepoint    ] Leaving safepoint region
[2019-12-09T03:43:51.874+0000][1][safepoint    ] Total time for which application threads were stopped: 0.0001131 seconds, Stopping threads took: 0.0000299 seconds
[2019-12-09T03:43:52.874+0000][1][safepoint    ] Application time: 1.0000756 seconds
[2019-12-09T03:43:52.874+0000][1][safepoint    ] Entering safepoint region: Cleanup
[2019-12-09T03:43:52.874+0000][1][safepoint    ] Leaving safepoint region
[2019-12-09T03:43:52.874+0000][1][safepoint    ] Total time for which application threads were stopped: 0.0001008 seconds, Stopping threads took: 0.0000185 seconds
[2019-12-09T03:43:54.874+0000][1][safepoint    ] Application time: 2.0001467 seconds
[2019-12-09T03:43:54.874+0000][1][safepoint    ] Entering safepoint region: Cleanup
[2019-12-09T03:43:54.874+0000][1][safepoint    ] Leaving safepoint region
[2019-12-09T03:43:54.874+0000][1][safepoint    ] Total time for which application threads were stopped: 0.0001017 seconds, Stopping threads took: 0.0000192 seconds
[2019-12-09T03:44:02.875+0000][1][safepoint    ] Application time: 8.0005438 seconds
[2019-12-09T03:44:02.875+0000][1][safepoint    ] Entering safepoint region: Cleanup
[2019-12-09T03:44:02.875+0000][1][safepoint    ] Leaving safepoint region
[2019-12-09T03:44:02.875+0000][1][safepoint    ] Total time for which application threads were stopped: 0.0001040 seconds, Stopping threads took: 0.0000187 seconds
[2019-12-09T03:44:05.875+0000][1][safepoint    ] Application time: 3.0002101 seconds
[2019-12-09T03:44:05.875+0000][1][safepoint    ] Entering safepoint region: Cleanup
[2019-12-09T03:44:05.875+0000][1][safepoint    ] Leaving safepoint region
[2019-12-09T03:44:05.875+0000][1][safepoint    ] Total time for which application threads were stopped: 0.0000988 seconds, Stopping threads took: 0.0000169 seconds
[2019-12-09T03:44:06.875+0000][1][safepoint    ] Application time: 1.0000779 seconds
[2019-12-09T03:44:06.875+0000][1][safepoint    ] Entering safepoint region: Cleanup
[2019-12-09T03:44:06.876+0000][1][safepoint    ] Leaving safepoint region
[2019-12-09T03:44:06.876+0000][1][safepoint    ] Total time for which application threads were stopped: 0.0001002 seconds, Stopping threads took: 0.0000181 seconds
[2019-12-09T03:44:08.876+0000][1][safepoint    ] Application time: 2.0001432 seconds
[2019-12-09T03:44:08.876+0000][1][safepoint    ] Entering safepoint region: Cleanup
[2019-12-09T03:44:08.876+0000][1][safepoint    ] Leaving safepoint region
[2019-12-09T03:44:08.876+0000][1][safepoint    ] Total time for which application threads were stopped: 0.0001002 seconds, Stopping threads took: 0.0000162 seconds
[2019-12-09T03:44:09.876+0000][1][safepoint    ] Application time: 1.0000891 seconds
[2019-12-09T03:44:09.876+0000][1][safepoint    ] Entering safepoint region: Cleanup
[2019-12-09T03:44:09.876+0000][1][safepoint    ] Leaving safepoint region
[2019-12-09T03:44:09.876+0000][1][safepoint    ] Total time for which application threads were stopped: 0.0001279 seconds, Stopping threads took: 0.0000266 seconds
[2019-12-09T03:44:14.877+0000][1][safepoint    ] Application time: 5.0004793 seconds
[2019-12-09T03:44:14.877+0000][1][safepoint    ] Entering safepoint region: Cleanup
[2019-12-09T03:44:14.877+0000][1][safepoint    ] Leaving safepoint region
[2019-12-09T03:44:14.877+0000][1][safepoint    ] Total time for which application threads were stopped: 0.0001785 seconds, Stopping threads took: 0.0000394 seconds
[2019-12-09T03:44:24.877+0000][1][safepoint    ] Application time: 10.0006714 seconds
[2019-12-09T03:44:24.878+0000][1][safepoint    ] Entering safepoint region: Cleanup
[2019-12-09T03:44:24.878+0000][1][safepoint    ] Leaving safepoint region
[2019-12-09T03:44:24.878+0000][1][safepoint    ] Total time for which application threads were stopped: 0.0001021 seconds, Stopping threads took: 0.0000179 seconds
[2019-12-09T03:44:27.878+0000][1][safepoint    ] Application time: 3.0001873 seconds
[2019-12-09T03:44:27.878+0000][1][safepoint    ] Entering safepoint region: Cleanup
[2019-12-09T03:44:27.878+0000][1][safepoint    ] Leaving safepoint region
[2019-12-09T03:44:27.878+0000][1][safepoint    ] Total time for which application threads were stopped: 0.0001013 seconds, Stopping threads took: 0.0000187 seconds
[2019-12-09T03:44:30.878+0000][1][safepoint    ] Application time: 3.0002076 seconds
[2019-12-09T03:44:30.878+0000][1][safepoint    ] Entering safepoint region: Cleanup
[2019-12-09T03:44:30.878+0000][1][safepoint    ] Leaving safepoint region
[2019-12-09T03:44:30.878+0000][1][safepoint    ] Total time for which application threads were stopped: 0.0001016 seconds, Stopping threads took: 0.0000190 seconds
[2019-12-09T03:44:31.878+0000][1][safepoint    ] Application time: 1.0000765 seconds
[2019-12-09T03:44:31.878+0000][1][safepoint    ] Entering safepoint region: Cleanup
[2019-12-09T03:44:31.879+0000][1][safepoint    ] Leaving safepoint region
[2019-12-09T03:44:31.879+0000][1][safepoint    ] Total time for which application threads were stopped: 0.0001070 seconds, Stopping threads took: 0.0000206 seconds
[2019-12-09T03:44:32.879+0000][1][safepoint    ] Application time: 1.0000760 seconds
[2019-12-09T03:44:32.879+0000][1][safepoint    ] Entering safepoint region: Cleanup
[2019-12-09T03:44:32.879+0000][1][safepoint    ] Leaving safepoint region
[2019-12-09T03:44:32.879+0000][1][safepoint    ] Total time for which application threads were stopped: 0.0001137 seconds, Stopping threads took: 0.0000306 seconds
[2019-12-09T03:44:35.879+0000][1][safepoint    ] Application time: 3.0002143 seconds
[2019-12-09T03:44:35.879+0000][1][safepoint    ] Entering safepoint region: Cleanup
[2019-12-09T03:44:35.879+0000][1][safepoint    ] Leaving safepoint region
[2019-12-09T03:44:35.879+0000][1][safepoint    ] Total time for which application threads were stopped: 0.0000982 seconds, Stopping threads took: 0.0000185 seconds
[2019-12-09T03:44:37.879+0000][1][safepoint    ] Application time: 2.0001420 seconds
[2019-12-09T03:44:37.879+0000][1][safepoint    ] Entering safepoint region: Cleanup
[2019-12-09T03:44:37.879+0000][1][safepoint    ] Leaving safepoint region
[2019-12-09T03:44:37.879+0000][1][safepoint    ] Total time for which application threads were stopped: 0.0001051 seconds, Stopping threads took: 0.0000210 seconds
[2019-12-09T03:44:41.880+0000][1][safepoint    ] Application time: 4.0002722 seconds
[2019-12-09T03:44:41.880+0000][1][safepoint    ] Entering safepoint region: Cleanup
[2019-12-09T03:44:41.880+0000][1][safepoint    ] Leaving safepoint region
[2019-12-09T03:44:41.880+0000][1][safepoint    ] Total time for which application threads were stopped: 0.0001102 seconds, Stopping threads took: 0.0000291 seconds
[2019-12-09T03:44:46.880+0000][1][safepoint    ] Application time: 5.0003471 seconds
[2019-12-09T03:44:46.880+0000][1][safepoint    ] Entering safepoint region: Cleanup
[2019-12-09T03:44:46.880+0000][1][safepoint    ] Leaving safepoint region
[2019-12-09T03:44:46.880+0000][1][safepoint    ] Total time for which application threads were stopped: 0.0000992 seconds, Stopping threads took: 0.0000176 seconds
[2019-12-09T03:44:50.912+0000][1][safepoint    ] Application time: 4.0313477 seconds
[2019-12-09T03:44:50.912+0000][1][safepoint    ] Entering safepoint region: GenCollectForAllocation
[2019-12-09T03:44:50.912+0000][1][gc,start     ] GC(28) Pause Young (Allocation Failure)
[2019-12-09T03:44:50.912+0000][1][gc,task      ] GC(28) Using 2 workers of 2 for evacuation
[2019-12-09T03:44:50.916+0000][1][gc,age       ] GC(28) Desired survivor size 4456448 bytes, new threshold 6 (max threshold 6)
[2019-12-09T03:44:50.916+0000][1][gc,age       ] GC(28) Age table with threshold 6 (max threshold 6)
[2019-12-09T03:44:50.916+0000][1][gc,age       ] GC(28) - age   1:      14760 bytes,      14760 total
[2019-12-09T03:44:50.916+0000][1][gc,age       ] GC(28) - age   2:     158240 bytes,     173000 total
[2019-12-09T03:44:50.916+0000][1][gc,age       ] GC(28) - age   3:    2877840 bytes,    3050840 total
[2019-12-09T03:44:50.916+0000][1][gc,heap      ] GC(28) ParNew: 76627K->3454K(78656K)
[2019-12-09T03:44:50.916+0000][1][gc,heap      ] GC(28) CMS: 71036K->71036K(174784K)
[2019-12-09T03:44:50.916+0000][1][gc,metaspace ] GC(28) Metaspace: 76709K->76709K(1120256K)
[2019-12-09T03:44:50.916+0000][1][gc           ] GC(28) Pause Young (Allocation Failure) 144M->72M(247M) 4.337ms
[2019-12-09T03:44:50.916+0000][1][gc,cpu       ] GC(28) User=0.01s Sys=0.00s Real=0.01s
[2019-12-09T03:44:50.916+0000][1][safepoint    ] Leaving safepoint region
[2019-12-09T03:44:50.916+0000][1][safepoint    ] Total time for which application threads were stopped: 0.0045086 seconds, Stopping threads took: 0.0000183 seconds
[2019-12-09T03:44:51.916+0000][1][safepoint    ] Application time: 1.0000845 seconds
[2019-12-09T03:44:51.916+0000][1][safepoint    ] Entering safepoint region: Cleanup
[2019-12-09T03:44:51.916+0000][1][safepoint    ] Leaving safepoint region
[2019-12-09T03:44:51.916+0000][1][safepoint    ] Total time for which application threads were stopped: 0.0001016 seconds, Stopping threads took: 0.0000196 seconds
[2019-12-09T03:44:52.950+0000][1][safepoint    ] Application time: 1.0335480 seconds
[2019-12-09T03:44:52.950+0000][1][safepoint    ] Entering safepoint region: RevokeBias
[2019-12-09T03:44:52.950+0000][1][safepoint    ] Leaving safepoint region
[2019-12-09T03:44:52.950+0000][1][safepoint    ] Total time for which application threads were stopped: 0.0001374 seconds, Stopping threads took: 0.0000221 seconds
[2019-12-09T03:44:53.950+0000][1][safepoint    ] Application time: 1.0000949 seconds
[2019-12-09T03:44:53.950+0000][1][safepoint    ] Entering safepoint region: Cleanup
[2019-12-09T03:44:53.950+0000][1][safepoint    ] Leaving safepoint region
[2019-12-09T03:44:53.950+0000][1][safepoint    ] Total time for which application threads were stopped: 0.0001022 seconds, Stopping threads took: 0.0000192 seconds
[2019-12-09T03:44:54.951+0000][1][safepoint    ] Application time: 1.0000770 seconds
[2019-12-09T03:44:54.951+0000][1][safepoint    ] Entering safepoint region: Cleanup
[2019-12-09T03:44:54.951+0000][1][safepoint    ] Leaving safepoint region
[2019-12-09T03:44:54.951+0000][1][safepoint    ] Total time for which application threads were stopped: 0.0001024 seconds, Stopping threads took: 0.0000183 seconds
[2019-12-09T03:45:01.951+0000][1][safepoint    ] Application time: 7.0004774 seconds
[2019-12-09T03:45:01.951+0000][1][safepoint    ] Entering safepoint region: Cleanup
[2019-12-09T03:45:01.951+0000][1][safepoint    ] Leaving safepoint region
[2019-12-09T03:45:01.951+0000][1][safepoint    ] Total time for which application threads were stopped: 0.0001128 seconds, Stopping threads took: 0.0000206 seconds
[2019-12-09T03:45:02.951+0000][1][safepoint    ] Application time: 1.0000794 seconds
[2019-12-09T03:45:02.951+0000][1][safepoint    ] Entering safepoint region: Cleanup
[2019-12-09T03:45:02.952+0000][1][safepoint    ] Leaving safepoint region
[2019-12-09T03:45:02.952+0000][1][safepoint    ] Total time for which application threads were stopped: 0.0001027 seconds, Stopping threads took: 0.0000204 seconds
[2019-12-09T03:45:05.952+0000][1][safepoint    ] Application time: 3.0002099 seconds
[2019-12-09T03:45:05.952+0000][1][safepoint    ] Entering safepoint region: Cleanup
[2019-12-09T03:45:05.952+0000][1][safepoint    ] Leaving safepoint region
[2019-12-09T03:45:05.952+0000][1][safepoint    ] Total time for which application threads were stopped: 0.0000948 seconds, Stopping threads took: 0.0000160 seconds
[2019-12-09T03:45:07.952+0000][1][safepoint    ] Application time: 2.0001412 seconds
[2019-12-09T03:45:07.952+0000][1][safepoint    ] Entering safepoint region: Cleanup
[2019-12-09T03:45:07.952+0000][1][safepoint    ] Leaving safepoint region
[2019-12-09T03:45:07.952+0000][1][safepoint    ] Total time for which application threads were stopped: 0.0001032 seconds, Stopping threads took: 0.0000194 seconds
[2019-12-09T03:45:14.953+0000][1][safepoint    ] Application time: 7.0004787 seconds
[2019-12-09T03:45:14.953+0000][1][safepoint    ] Entering safepoint region: Cleanup
[2019-12-09T03:45:14.953+0000][1][safepoint    ] Leaving safepoint region
[2019-12-09T03:45:14.953+0000][1][safepoint    ] Total time for which application threads were stopped: 0.0001125 seconds, Stopping threads took: 0.0000273 seconds
[2019-12-09T03:45:15.953+0000][1][safepoint    ] Application time: 1.0000396 seconds
[2019-12-09T03:45:15.953+0000][1][safepoint    ] Entering safepoint region: Cleanup
[2019-12-09T03:45:15.953+0000][1][safepoint    ] Leaving safepoint region
[2019-12-09T03:45:15.953+0000][1][safepoint    ] Total time for which application threads were stopped: 0.0001203 seconds, Stopping threads took: 0.0000249 seconds
[2019-12-09T03:45:31.954+0000][1][safepoint    ] Application time: 16.0011099 seconds
[2019-12-09T03:45:31.954+0000][1][safepoint    ] Entering safepoint region: Cleanup
[2019-12-09T03:45:31.954+0000][1][safepoint    ] Leaving safepoint region
[2019-12-09T03:45:31.954+0000][1][safepoint    ] Total time for which application threads were stopped: 0.0000968 seconds, Stopping threads took: 0.0000168 seconds
[2019-12-09T03:45:35.955+0000][1][safepoint    ] Application time: 4.0002768 seconds
[2019-12-09T03:45:35.955+0000][1][safepoint    ] Entering safepoint region: Cleanup
[2019-12-09T03:45:35.955+0000][1][safepoint    ] Leaving safepoint region
[2019-12-09T03:45:35.955+0000][1][safepoint    ] Total time for which application threads were stopped: 0.0001074 seconds, Stopping threads took: 0.0000172 seconds
[2019-12-09T03:45:37.955+0000][1][safepoint    ] Application time: 2.0001408 seconds
[2019-12-09T03:45:37.955+0000][1][safepoint    ] Entering safepoint region: Cleanup
[2019-12-09T03:45:37.955+0000][1][safepoint    ] Leaving safepoint region
[2019-12-09T03:45:37.955+0000][1][safepoint    ] Total time for which application threads were stopped: 0.0001023 seconds, Stopping threads took: 0.0000186 seconds
[2019-12-09T03:45:40.955+0000][1][safepoint    ] Application time: 3.0002077 seconds
[2019-12-09T03:45:40.955+0000][1][safepoint    ] Entering safepoint region: Cleanup
[2019-12-09T03:45:40.955+0000][1][safepoint    ] Leaving safepoint region
[2019-12-09T03:45:40.955+0000][1][safepoint    ] Total time for which application threads were stopped: 0.0001032 seconds, Stopping threads took: 0.0000246 seconds
[2019-12-09T03:45:44.956+0000][1][safepoint    ] Application time: 4.0002717 seconds
[2019-12-09T03:45:44.956+0000][1][safepoint    ] Entering safepoint region: Cleanup
[2019-12-09T03:45:44.956+0000][1][safepoint    ] Leaving safepoint region
[2019-12-09T03:45:44.956+0000][1][safepoint    ] Total time for which application threads were stopped: 0.0001006 seconds, Stopping threads took: 0.0000168 seconds
[2019-12-09T03:45:46.956+0000][1][safepoint    ] Application time: 2.0001462 seconds
[2019-12-09T03:45:46.956+0000][1][safepoint    ] Entering safepoint region: Cleanup
[2019-12-09T03:45:46.956+0000][1][safepoint    ] Leaving safepoint region
[2019-12-09T03:45:46.956+0000][1][safepoint    ] Total time for which application threads were stopped: 0.0001151 seconds, Stopping threads took: 0.0000191 seconds
[2019-12-09T03:45:55.957+0000][1][safepoint    ] Application time: 9.0006029 seconds
[2019-12-09T03:45:55.957+0000][1][safepoint    ] Entering safepoint region: Cleanup
[2019-12-09T03:45:55.957+0000][1][safepoint    ] Leaving safepoint region
[2019-12-09T03:45:55.957+0000][1][safepoint    ] Total time for which application threads were stopped: 0.0000980 seconds, Stopping threads took: 0.0000168 seconds
[2019-12-09T03:46:05.958+0000][1][safepoint    ] Application time: 10.0006755 seconds
[2019-12-09T03:46:05.958+0000][1][safepoint    ] Entering safepoint region: Cleanup
[2019-12-09T03:46:05.958+0000][1][safepoint    ] Leaving safepoint region
[2019-12-09T03:46:05.958+0000][1][safepoint    ] Total time for which application threads were stopped: 0.0000924 seconds, Stopping threads took: 0.0000156 seconds
[2019-12-09T03:46:11.958+0000][1][safepoint    ] Application time: 6.0004064 seconds
[2019-12-09T03:46:11.958+0000][1][safepoint    ] Entering safepoint region: Cleanup
[2019-12-09T03:46:11.958+0000][1][safepoint    ] Leaving safepoint region
[2019-12-09T03:46:11.958+0000][1][safepoint    ] Total time for which application threads were stopped: 0.0001022 seconds, Stopping threads took: 0.0000218 seconds
[2019-12-09T03:46:13.830+0000][1][safepoint    ] Application time: 1.8716999 seconds
[2019-12-09T03:46:13.830+0000][1][safepoint    ] Entering safepoint region: RevokeBias
[2019-12-09T03:46:13.830+0000][1][safepoint    ] Leaving safepoint region
[2019-12-09T03:46:13.830+0000][1][safepoint    ] Total time for which application threads were stopped: 0.0001542 seconds, Stopping threads took: 0.0000218 seconds
[2019-12-09T03:46:13.846+0000][1][safepoint    ] Application time: 0.0158552 seconds
[2019-12-09T03:46:13.846+0000][1][safepoint    ] Entering safepoint region: RevokeBias
[2019-12-09T03:46:13.846+0000][1][safepoint    ] Leaving safepoint region
[2019-12-09T03:46:13.846+0000][1][safepoint    ] Total time for which application threads were stopped: 0.0001466 seconds, Stopping threads took: 0.0000195 seconds
[2019-12-09T03:46:13.846+0000][1][safepoint    ] Application time: 0.0000741 seconds
[2019-12-09T03:46:13.846+0000][1][safepoint    ] Entering safepoint region: RevokeBias
[2019-12-09T03:46:13.846+0000][1][safepoint    ] Leaving safepoint region
[2019-12-09T03:46:13.846+0000][1][safepoint    ] Total time for which application threads were stopped: 0.0000890 seconds, Stopping threads took: 0.0000111 seconds
[2019-12-09T03:46:13.867+0000][1][safepoint    ] Application time: 0.0204173 seconds
[2019-12-09T03:46:13.867+0000][1][safepoint    ] Entering safepoint region: BulkRevokeBias
[2019-12-09T03:46:13.867+0000][1][safepoint    ] Leaving safepoint region
[2019-12-09T03:46:13.867+0000][1][safepoint    ] Total time for which application threads were stopped: 0.0004354 seconds, Stopping threads took: 0.0000128 seconds
[2019-12-09T03:46:13.867+0000][1][safepoint    ] Application time: 0.0002476 seconds
[2019-12-09T03:46:13.867+0000][1][safepoint    ] Entering safepoint region: RevokeBias
[2019-12-09T03:46:13.868+0000][1][safepoint    ] Leaving safepoint region
[2019-12-09T03:46:13.868+0000][1][safepoint    ] Total time for which application threads were stopped: 0.0000631 seconds, Stopping threads took: 0.0000091 seconds
[2019-12-09T03:46:13.868+0000][1][safepoint    ] Application time: 0.0000516 seconds
[2019-12-09T03:46:13.868+0000][1][safepoint    ] Entering safepoint region: RevokeBias
[2019-12-09T03:46:13.868+0000][1][safepoint    ] Leaving safepoint region
[2019-12-09T03:46:13.868+0000][1][safepoint    ] Total time for which application threads were stopped: 0.0000398 seconds, Stopping threads took: 0.0000060 seconds
[2019-12-09T03:46:13.868+0000][1][safepoint    ] Application time: 0.0003454 seconds
[2019-12-09T03:46:13.868+0000][1][safepoint    ] Entering safepoint region: RevokeBias
[2019-12-09T03:46:13.868+0000][1][safepoint    ] Leaving safepoint region
[2019-12-09T03:46:13.868+0000][1][safepoint    ] Total time for which application threads were stopped: 0.0000614 seconds, Stopping threads took: 0.0000097 seconds
[2019-12-09T03:46:13.870+0000][1][safepoint    ] Application time: 0.0021550 seconds
[2019-12-09T03:46:13.870+0000][1][safepoint    ] Entering safepoint region: RevokeBias
[2019-12-09T03:46:13.870+0000][1][safepoint    ] Leaving safepoint region
[2019-12-09T03:46:13.870+0000][1][safepoint    ] Total time for which application threads were stopped: 0.0000685 seconds, Stopping threads took: 0.0000110 seconds
[2019-12-09T03:46:13.871+0000][1][safepoint    ] Application time: 0.0005278 seconds
[2019-12-09T03:46:13.871+0000][1][safepoint    ] Entering safepoint region: RevokeBias
[2019-12-09T03:46:13.871+0000][1][safepoint    ] Leaving safepoint region
[2019-12-09T03:46:13.871+0000][1][safepoint    ] Total time for which application threads were stopped: 0.0000649 seconds, Stopping threads took: 0.0000097 seconds
[2019-12-09T03:46:13.951+0000][1][safepoint    ] Application time: 0.0801844 seconds
[2019-12-09T03:46:13.951+0000][1][safepoint    ] Entering safepoint region: RevokeBias
[2019-12-09T03:46:13.951+0000][1][safepoint    ] Leaving safepoint region
[2019-12-09T03:46:13.951+0000][1][safepoint    ] Total time for which application threads were stopped: 0.0001577 seconds, Stopping threads took: 0.0000223 seconds
[2019-12-09T03:46:13.951+0000][1][safepoint    ] Application time: 0.0000857 seconds
[2019-12-09T03:46:13.951+0000][1][safepoint    ] Entering safepoint region: RevokeBias
[2019-12-09T03:46:13.951+0000][1][safepoint    ] Leaving safepoint region
[2019-12-09T03:46:13.951+0000][1][safepoint    ] Total time for which application threads were stopped: 0.0000854 seconds, Stopping threads took: 0.0000107 seconds
[2019-12-09T03:46:13.952+0000][1][safepoint    ] Application time: 0.0000500 seconds
[2019-12-09T03:46:13.952+0000][1][safepoint    ] Entering safepoint region: RevokeBias
[2019-12-09T03:46:13.952+0000][1][safepoint    ] Leaving safepoint region
[2019-12-09T03:46:13.952+0000][1][safepoint    ] Total time for which application threads were stopped: 0.0000683 seconds, Stopping threads took: 0.0000089 seconds
[2019-12-09T03:46:13.952+0000][1][safepoint    ] Application time: 0.0000584 seconds
[2019-12-09T03:46:13.952+0000][1][safepoint    ] Entering safepoint region: RevokeBias
[2019-12-09T03:46:13.952+0000][1][safepoint    ] Leaving safepoint region
[2019-12-09T03:46:13.952+0000][1][safepoint    ] Total time for which application threads were stopped: 0.0000709 seconds, Stopping threads took: 0.0000100 seconds
[2019-12-09T03:46:13.976+0000][1][safepoint    ] Application time: 0.0239419 seconds
[2019-12-09T03:46:13.976+0000][1][safepoint    ] Entering safepoint region: RevokeBias
[2019-12-09T03:46:13.976+0000][1][safepoint    ] Leaving safepoint region
[2019-12-09T03:46:13.976+0000][1][safepoint    ] Total time for which application threads were stopped: 0.0001618 seconds, Stopping threads took: 0.0000232 seconds
[2019-12-09T03:46:13.976+0000][1][safepoint    ] Application time: 0.0000657 seconds
[2019-12-09T03:46:13.976+0000][1][safepoint    ] Entering safepoint region: RevokeBias
[2019-12-09T03:46:13.976+0000][1][safepoint    ] Leaving safepoint region
[2019-12-09T03:46:13.976+0000][1][safepoint    ] Total time for which application threads were stopped: 0.0000906 seconds, Stopping threads took: 0.0000110 seconds
[2019-12-09T03:46:13.976+0000][1][safepoint    ] Application time: 0.0000507 seconds
[2019-12-09T03:46:13.976+0000][1][safepoint    ] Entering safepoint region: RevokeBias
[2019-12-09T03:46:13.976+0000][1][safepoint    ] Leaving safepoint region
[2019-12-09T03:46:13.976+0000][1][safepoint    ] Total time for which application threads were stopped: 0.0000634 seconds, Stopping threads took: 0.0000085 seconds
[2019-12-09T03:46:13.976+0000][1][safepoint    ] Application time: 0.0000457 seconds
[2019-12-09T03:46:13.976+0000][1][safepoint    ] Entering safepoint region: RevokeBias
[2019-12-09T03:46:13.976+0000][1][safepoint    ] Leaving safepoint region
[2019-12-09T03:46:13.976+0000][1][safepoint    ] Total time for which application threads were stopped: 0.0000740 seconds, Stopping threads took: 0.0000090 seconds
[2019-12-09T03:46:33.977+0000][1][safepoint    ] Application time: 20.0006399 seconds
[2019-12-09T03:46:33.977+0000][1][safepoint    ] Entering safepoint region: RevokeBias
[2019-12-09T03:46:33.977+0000][1][safepoint    ] Leaving safepoint region
[2019-12-09T03:46:33.977+0000][1][safepoint    ] Total time for which application threads were stopped: 0.0001280 seconds, Stopping threads took: 0.0000174 seconds
[2019-12-09T03:46:36.940+0000][1][safepoint    ] Application time: 2.9629330 seconds
[2019-12-09T03:46:36.940+0000][1][safepoint    ] Entering safepoint region: GenCollectForAllocation
[2019-12-09T03:46:36.940+0000][1][gc,start     ] GC(29) Pause Young (Allocation Failure)
[2019-12-09T03:46:36.940+0000][1][gc,task      ] GC(29) Using 2 workers of 2 for evacuation
[2019-12-09T03:46:36.946+0000][1][gc,age       ] GC(29) Desired survivor size 4456448 bytes, new threshold 6 (max threshold 6)
[2019-12-09T03:46:36.946+0000][1][gc,age       ] GC(29) Age table with threshold 6 (max threshold 6)
[2019-12-09T03:46:36.946+0000][1][gc,age       ] GC(29) - age   1:     102368 bytes,     102368 total
[2019-12-09T03:46:36.946+0000][1][gc,age       ] GC(29) - age   2:       8896 bytes,     111264 total
[2019-12-09T03:46:36.946+0000][1][gc,age       ] GC(29) - age   3:     126808 bytes,     238072 total
[2019-12-09T03:46:36.946+0000][1][gc,age       ] GC(29) - age   4:    2873832 bytes,    3111904 total
[2019-12-09T03:46:36.946+0000][1][gc,heap      ] GC(29) ParNew: 73344K->3098K(78656K)
[2019-12-09T03:46:36.946+0000][1][gc,heap      ] GC(29) CMS: 71036K->71036K(174784K)
[2019-12-09T03:46:36.946+0000][1][gc,metaspace ] GC(29) Metaspace: 76858K->76858K(1120256K)
[2019-12-09T03:46:36.946+0000][1][gc           ] GC(29) Pause Young (Allocation Failure) 140M->72M(247M) 5.348ms
[2019-12-09T03:46:36.946+0000][1][gc,cpu       ] GC(29) User=0.01s Sys=0.00s Real=0.01s
[2019-12-09T03:46:36.946+0000][1][safepoint    ] Leaving safepoint region
[2019-12-09T03:46:36.946+0000][1][safepoint    ] Total time for which application threads were stopped: 0.0055876 seconds, Stopping threads took: 0.0000265 seconds
[2019-12-09T03:46:37.946+0000][1][safepoint    ] Application time: 1.0000833 seconds
[2019-12-09T03:46:37.946+0000][1][safepoint    ] Entering safepoint region: Cleanup
[2019-12-09T03:46:37.946+0000][1][safepoint    ] Leaving safepoint region
[2019-12-09T03:46:37.946+0000][1][safepoint    ] Total time for which application threads were stopped: 0.0001143 seconds, Stopping threads took: 0.0000202 seconds
[2019-12-09T03:46:41.946+0000][1][safepoint    ] Application time: 4.0002745 seconds
[2019-12-09T03:46:41.946+0000][1][safepoint    ] Entering safepoint region: Cleanup
[2019-12-09T03:46:41.946+0000][1][safepoint    ] Leaving safepoint region
[2019-12-09T03:46:41.946+0000][1][safepoint    ] Total time for which application threads were stopped: 0.0001123 seconds, Stopping threads took: 0.0000272 seconds
[2019-12-09T03:46:42.947+0000][1][safepoint    ] Application time: 1.0000770 seconds
[2019-12-09T03:46:42.947+0000][1][safepoint    ] Entering safepoint region: Cleanup
[2019-12-09T03:46:42.947+0000][1][safepoint    ] Leaving safepoint region
[2019-12-09T03:46:42.947+0000][1][safepoint    ] Total time for which application threads were stopped: 0.0001009 seconds, Stopping threads took: 0.0000191 seconds
[2019-12-09T03:46:44.947+0000][1][safepoint    ] Application time: 2.0001521 seconds
[2019-12-09T03:46:44.947+0000][1][safepoint    ] Entering safepoint region: Cleanup
[2019-12-09T03:46:44.947+0000][1][safepoint    ] Leaving safepoint region
[2019-12-09T03:46:44.947+0000][1][safepoint    ] Total time for which application threads were stopped: 0.0001004 seconds, Stopping threads took: 0.0000183 seconds
[2019-12-09T03:46:57.948+0000][1][safepoint    ] Application time: 13.0008840 seconds
[2019-12-09T03:46:57.948+0000][1][safepoint    ] Entering safepoint region: Cleanup
[2019-12-09T03:46:57.948+0000][1][safepoint    ] Leaving safepoint region
[2019-12-09T03:46:57.948+0000][1][safepoint    ] Total time for which application threads were stopped: 0.0001042 seconds, Stopping threads took: 0.0000193 seconds
[2019-12-09T03:47:19.951+0000][1][safepoint    ] Application time: 22.0029812 seconds
[2019-12-09T03:47:19.951+0000][1][safepoint    ] Entering safepoint region: Cleanup
[2019-12-09T03:47:19.951+0000][1][safepoint    ] Leaving safepoint region
[2019-12-09T03:47:19.951+0000][1][safepoint    ] Total time for which application threads were stopped: 0.0001071 seconds, Stopping threads took: 0.0000205 seconds
[2019-12-09T03:47:20.951+0000][1][safepoint    ] Application time: 1.0000761 seconds
[2019-12-09T03:47:20.951+0000][1][safepoint    ] Entering safepoint region: Cleanup
[2019-12-09T03:47:20.951+0000][1][safepoint    ] Leaving safepoint region
[2019-12-09T03:47:20.951+0000][1][safepoint    ] Total time for which application threads were stopped: 0.0001105 seconds, Stopping threads took: 0.0000265 seconds
[2019-12-09T03:47:32.952+0000][1][safepoint    ] Application time: 12.0008225 seconds
[2019-12-09T03:47:32.952+0000][1][safepoint    ] Entering safepoint region: Cleanup
[2019-12-09T03:47:32.952+0000][1][safepoint    ] Leaving safepoint region
[2019-12-09T03:47:32.952+0000][1][safepoint    ] Total time for which application threads were stopped: 0.0001047 seconds, Stopping threads took: 0.0000203 seconds
[2019-12-09T03:47:34.952+0000][1][safepoint    ] Application time: 2.0001437 seconds
[2019-12-09T03:47:34.953+0000][1][safepoint    ] Entering safepoint region: Cleanup
[2019-12-09T03:47:34.953+0000][1][safepoint    ] Leaving safepoint region
[2019-12-09T03:47:34.953+0000][1][safepoint    ] Total time for which application threads were stopped: 0.0001029 seconds, Stopping threads took: 0.0000201 seconds
[2019-12-09T03:47:35.953+0000][1][safepoint    ] Application time: 1.0000835 seconds
[2019-12-09T03:47:35.953+0000][1][safepoint    ] Entering safepoint region: Cleanup
[2019-12-09T03:47:35.953+0000][1][safepoint    ] Leaving safepoint region
[2019-12-09T03:47:35.953+0000][1][safepoint    ] Total time for which application threads were stopped: 0.0001039 seconds, Stopping threads took: 0.0000185 seconds
[2019-12-09T03:47:37.953+0000][1][safepoint    ] Application time: 2.0001410 seconds
[2019-12-09T03:47:37.953+0000][1][safepoint    ] Entering safepoint region: Cleanup
[2019-12-09T03:47:37.953+0000][1][safepoint    ] Leaving safepoint region
[2019-12-09T03:47:37.953+0000][1][safepoint    ] Total time for which application threads were stopped: 0.0001062 seconds, Stopping threads took: 0.0000198 seconds
[2019-12-09T03:47:41.953+0000][1][safepoint    ] Application time: 4.0002737 seconds
[2019-12-09T03:47:41.953+0000][1][safepoint    ] Entering safepoint region: Cleanup
[2019-12-09T03:47:41.954+0000][1][safepoint    ] Leaving safepoint region
[2019-12-09T03:47:41.954+0000][1][safepoint    ] Total time for which application threads were stopped: 0.0001046 seconds, Stopping threads took: 0.0000188 seconds
[2019-12-09T03:47:57.955+0000][1][safepoint    ] Application time: 16.0010752 seconds
[2019-12-09T03:47:57.955+0000][1][safepoint    ] Entering safepoint region: Cleanup
[2019-12-09T03:47:57.955+0000][1][safepoint    ] Leaving safepoint region
[2019-12-09T03:47:57.955+0000][1][safepoint    ] Total time for which application threads were stopped: 0.0001124 seconds, Stopping threads took: 0.0000284 seconds
[2019-12-09T03:48:03.955+0000][1][safepoint    ] Application time: 6.0004127 seconds
[2019-12-09T03:48:03.955+0000][1][safepoint    ] Entering safepoint region: Cleanup
[2019-12-09T03:48:03.955+0000][1][safepoint    ] Leaving safepoint region
[2019-12-09T03:48:03.955+0000][1][safepoint    ] Total time for which application threads were stopped: 0.0001085 seconds, Stopping threads took: 0.0000190 seconds
[2019-12-09T03:48:04.955+0000][1][safepoint    ] Application time: 1.0000754 seconds
[2019-12-09T03:48:04.955+0000][1][safepoint    ] Entering safepoint region: Cleanup
[2019-12-09T03:48:04.956+0000][1][safepoint    ] Leaving safepoint region
[2019-12-09T03:48:04.956+0000][1][safepoint    ] Total time for which application threads were stopped: 0.0001105 seconds, Stopping threads took: 0.0000189 seconds
[2019-12-09T03:48:05.956+0000][1][safepoint    ] Application time: 1.0000864 seconds
[2019-12-09T03:48:05.956+0000][1][safepoint    ] Entering safepoint region: Cleanup
[2019-12-09T03:48:05.956+0000][1][safepoint    ] Leaving safepoint region
[2019-12-09T03:48:05.956+0000][1][safepoint    ] Total time for which application threads were stopped: 0.0001038 seconds, Stopping threads took: 0.0000182 seconds
[2019-12-09T03:48:20.957+0000][1][safepoint    ] Application time: 15.0010039 seconds
[2019-12-09T03:48:20.957+0000][1][safepoint    ] Entering safepoint region: Cleanup
[2019-12-09T03:48:20.957+0000][1][safepoint    ] Leaving safepoint region
[2019-12-09T03:48:20.957+0000][1][safepoint    ] Total time for which application threads were stopped: 0.0001091 seconds, Stopping threads took: 0.0000237 seconds
[2019-12-09T03:48:29.958+0000][1][safepoint    ] Application time: 9.0006203 seconds
[2019-12-09T03:48:29.958+0000][1][safepoint    ] Entering safepoint region: Cleanup
[2019-12-09T03:48:29.958+0000][1][safepoint    ] Leaving safepoint region
[2019-12-09T03:48:29.958+0000][1][safepoint    ] Total time for which application threads were stopped: 0.0001166 seconds, Stopping threads took: 0.0000191 seconds
[2019-12-09T03:48:31.007+0000][1][safepoint    ] Application time: 1.0496681 seconds
[2019-12-09T03:48:31.007+0000][1][safepoint    ] Entering safepoint region: GenCollectForAllocation
[2019-12-09T03:48:31.008+0000][1][gc,start     ] GC(30) Pause Young (Allocation Failure)
[2019-12-09T03:48:31.008+0000][1][gc,task      ] GC(30) Using 2 workers of 2 for evacuation
[2019-12-09T03:48:31.012+0000][1][gc,age       ] GC(30) Desired survivor size 4456448 bytes, new threshold 6 (max threshold 6)
[2019-12-09T03:48:31.012+0000][1][gc,age       ] GC(30) Age table with threshold 6 (max threshold 6)
[2019-12-09T03:48:31.012+0000][1][gc,age       ] GC(30) - age   1:      11064 bytes,      11064 total
[2019-12-09T03:48:31.012+0000][1][gc,age       ] GC(30) - age   2:      96448 bytes,     107512 total
[2019-12-09T03:48:31.012+0000][1][gc,age       ] GC(30) - age   3:       8536 bytes,     116048 total
[2019-12-09T03:48:31.012+0000][1][gc,age       ] GC(30) - age   4:     126776 bytes,     242824 total
[2019-12-09T03:48:31.012+0000][1][gc,age       ] GC(30) - age   5:    2873832 bytes,    3116656 total
[2019-12-09T03:48:31.012+0000][1][gc,heap      ] GC(30) ParNew: 73050K->3492K(78656K)
[2019-12-09T03:48:31.012+0000][1][gc,heap      ] GC(30) CMS: 71036K->71036K(174784K)
[2019-12-09T03:48:31.012+0000][1][gc,metaspace ] GC(30) Metaspace: 76890K->76890K(1120256K)
[2019-12-09T03:48:31.012+0000][1][gc           ] GC(30) Pause Young (Allocation Failure) 140M->72M(247M) 4.399ms
[2019-12-09T03:48:31.012+0000][1][gc,cpu       ] GC(30) User=0.01s Sys=0.00s Real=0.00s
[2019-12-09T03:48:31.012+0000][1][safepoint    ] Leaving safepoint region
[2019-12-09T03:48:31.012+0000][1][safepoint    ] Total time for which application threads were stopped: 0.0045750 seconds, Stopping threads took: 0.0000175 seconds
[2019-12-09T03:48:33.985+0000][1][safepoint    ] Application time: 2.9729176 seconds
[2019-12-09T03:48:33.985+0000][1][safepoint    ] Entering safepoint region: RevokeBias
[2019-12-09T03:48:33.985+0000][1][safepoint    ] Leaving safepoint region
[2019-12-09T03:48:33.985+0000][1][safepoint    ] Total time for which application threads were stopped: 0.0001172 seconds, Stopping threads took: 0.0000177 seconds
[2019-12-09T03:48:33.985+0000][1][safepoint    ] Application time: 0.0000611 seconds
[2019-12-09T03:48:33.985+0000][1][safepoint    ] Entering safepoint region: RevokeBias
[2019-12-09T03:48:33.985+0000][1][safepoint    ] Leaving safepoint region
[2019-12-09T03:48:33.985+0000][1][safepoint    ] Total time for which application threads were stopped: 0.0000574 seconds, Stopping threads took: 0.0000071 seconds
[2019-12-09T03:48:33.985+0000][1][safepoint    ] Application time: 0.0000441 seconds
[2019-12-09T03:48:33.985+0000][1][safepoint    ] Entering safepoint region: RevokeBias
[2019-12-09T03:48:33.985+0000][1][safepoint    ] Leaving safepoint region
[2019-12-09T03:48:33.985+0000][1][safepoint    ] Total time for which application threads were stopped: 0.0000387 seconds, Stopping threads took: 0.0000057 seconds
[2019-12-09T03:48:33.985+0000][1][safepoint    ] Application time: 0.0000443 seconds
[2019-12-09T03:48:33.985+0000][1][safepoint    ] Entering safepoint region: RevokeBias
[2019-12-09T03:48:33.985+0000][1][safepoint    ] Leaving safepoint region
[2019-12-09T03:48:33.985+0000][1][safepoint    ] Total time for which application threads were stopped: 0.0000380 seconds, Stopping threads took: 0.0000059 seconds
[2019-12-09T03:48:35.986+0000][1][safepoint    ] Application time: 2.0001498 seconds
[2019-12-09T03:48:35.986+0000][1][safepoint    ] Entering safepoint region: Cleanup
[2019-12-09T03:48:35.986+0000][1][safepoint    ] Leaving safepoint region
[2019-12-09T03:48:35.986+0000][1][safepoint    ] Total time for which application threads were stopped: 0.0001152 seconds, Stopping threads took: 0.0000197 seconds
[2019-12-09T03:48:36.986+0000][1][safepoint    ] Application time: 1.0000766 seconds
[2019-12-09T03:48:36.986+0000][1][safepoint    ] Entering safepoint region: Cleanup
[2019-12-09T03:48:36.986+0000][1][safepoint    ] Leaving safepoint region
[2019-12-09T03:48:36.986+0000][1][safepoint    ] Total time for which application threads were stopped: 0.0001012 seconds, Stopping threads took: 0.0000190 seconds
[2019-12-09T03:48:37.986+0000][1][safepoint    ] Application time: 1.0000766 seconds
[2019-12-09T03:48:37.986+0000][1][safepoint    ] Entering safepoint region: Cleanup
[2019-12-09T03:48:37.986+0000][1][safepoint    ] Leaving safepoint region
[2019-12-09T03:48:37.986+0000][1][safepoint    ] Total time for which application threads were stopped: 0.0001038 seconds, Stopping threads took: 0.0000187 seconds
[2019-12-09T03:48:43.987+0000][1][safepoint    ] Application time: 6.0004078 seconds
[2019-12-09T03:48:43.987+0000][1][safepoint    ] Entering safepoint region: Cleanup
[2019-12-09T03:48:43.987+0000][1][safepoint    ] Leaving safepoint region
[2019-12-09T03:48:43.987+0000][1][safepoint    ] Total time for which application threads were stopped: 0.0001331 seconds, Stopping threads took: 0.0000226 seconds
[2019-12-09T03:48:59.383+0000][1][safepoint    ] Application time: 15.3960822 seconds
[2019-12-09T03:48:59.383+0000][1][safepoint    ] Entering safepoint region: RevokeBias
[2019-12-09T03:48:59.383+0000][1][safepoint    ] Leaving safepoint region
[2019-12-09T03:48:59.383+0000][1][safepoint    ] Total time for which application threads were stopped: 0.0001410 seconds, Stopping threads took: 0.0000247 seconds
[2019-12-09T03:48:59.383+0000][1][safepoint    ] Application time: 0.0000962 seconds
[2019-12-09T03:48:59.383+0000][1][safepoint    ] Entering safepoint region: RevokeBias
[2019-12-09T03:48:59.383+0000][1][safepoint    ] Leaving safepoint region
[2019-12-09T03:48:59.383+0000][1][safepoint    ] Total time for which application threads were stopped: 0.0000906 seconds, Stopping threads took: 0.0000131 seconds
[2019-12-09T03:48:59.393+0000][1][safepoint    ] Application time: 0.0095304 seconds
[2019-12-09T03:48:59.398+0000][1][safepoint    ] Entering safepoint region: RevokeBias
[2019-12-09T03:48:59.398+0000][1][safepoint    ] Leaving safepoint region
[2019-12-09T03:48:59.398+0000][1][safepoint    ] Total time for which application threads were stopped: 0.0050670 seconds, Stopping threads took: 0.0049825 seconds
[2019-12-09T03:48:59.399+0000][1][safepoint    ] Application time: 0.0015444 seconds
[2019-12-09T03:48:59.399+0000][1][safepoint    ] Entering safepoint region: RevokeBias
[2019-12-09T03:48:59.400+0000][1][safepoint    ] Leaving safepoint region
[2019-12-09T03:48:59.400+0000][1][safepoint    ] Total time for which application threads were stopped: 0.0000874 seconds, Stopping threads took: 0.0000147 seconds
[2019-12-09T03:48:59.400+0000][1][safepoint    ] Application time: 0.0003118 seconds
[2019-12-09T03:48:59.400+0000][1][safepoint    ] Entering safepoint region: RevokeBias
[2019-12-09T03:48:59.400+0000][1][safepoint    ] Leaving safepoint region
[2019-12-09T03:48:59.400+0000][1][safepoint    ] Total time for which application threads were stopped: 0.0000761 seconds, Stopping threads took: 0.0000136 seconds
[2019-12-09T03:48:59.402+0000][1][safepoint    ] Application time: 0.0019945 seconds
[2019-12-09T03:48:59.402+0000][1][safepoint    ] Entering safepoint region: RevokeBias
[2019-12-09T03:48:59.402+0000][1][safepoint    ] Leaving safepoint region
[2019-12-09T03:48:59.402+0000][1][safepoint    ] Total time for which application threads were stopped: 0.0000865 seconds, Stopping threads took: 0.0000144 seconds
[2019-12-09T03:48:59.402+0000][1][safepoint    ] Application time: 0.0001012 seconds
[2019-12-09T03:48:59.402+0000][1][safepoint    ] Entering safepoint region: RevokeBias
[2019-12-09T03:48:59.402+0000][1][safepoint    ] Leaving safepoint region
[2019-12-09T03:48:59.402+0000][1][safepoint    ] Total time for which application threads were stopped: 0.0000664 seconds, Stopping threads took: 0.0000114 seconds
[2019-12-09T03:48:59.403+0000][1][safepoint    ] Application time: 0.0004551 seconds
[2019-12-09T03:48:59.403+0000][1][safepoint    ] Entering safepoint region: RevokeBias
[2019-12-09T03:48:59.403+0000][1][safepoint    ] Leaving safepoint region
[2019-12-09T03:48:59.403+0000][1][safepoint    ] Total time for which application threads were stopped: 0.0000777 seconds, Stopping threads took: 0.0000123 seconds
[2019-12-09T03:48:59.404+0000][1][safepoint    ] Application time: 0.0010549 seconds
[2019-12-09T03:48:59.404+0000][1][safepoint    ] Entering safepoint region: RevokeBias
[2019-12-09T03:48:59.404+0000][1][safepoint    ] Leaving safepoint region
[2019-12-09T03:48:59.404+0000][1][safepoint    ] Total time for which application threads were stopped: 0.0000863 seconds, Stopping threads took: 0.0000124 seconds
[2019-12-09T03:48:59.411+0000][1][safepoint    ] Application time: 0.0071146 seconds
[2019-12-09T03:48:59.411+0000][1][safepoint    ] Entering safepoint region: RevokeBias
[2019-12-09T03:48:59.411+0000][1][safepoint    ] Leaving safepoint region
[2019-12-09T03:48:59.411+0000][1][safepoint    ] Total time for which application threads were stopped: 0.0001471 seconds, Stopping threads took: 0.0000649 seconds
[2019-12-09T03:48:59.439+0000][1][safepoint    ] Application time: 0.0275163 seconds
[2019-12-09T03:48:59.455+0000][1][safepoint    ] Entering safepoint region: RevokeBias
[2019-12-09T03:48:59.456+0000][1][safepoint    ] Leaving safepoint region
[2019-12-09T03:48:59.456+0000][1][safepoint    ] Total time for which application threads were stopped: 0.0167881 seconds, Stopping threads took: 0.0166282 seconds
[2019-12-09T03:48:59.456+0000][1][safepoint    ] Application time: 0.0004101 seconds
[2019-12-09T03:48:59.456+0000][1][safepoint    ] Entering safepoint region: RevokeBias
[2019-12-09T03:48:59.456+0000][1][safepoint    ] Leaving safepoint region
[2019-12-09T03:48:59.456+0000][1][safepoint    ] Total time for which application threads were stopped: 0.0000942 seconds, Stopping threads took: 0.0000144 seconds
[2019-12-09T03:48:59.458+0000][1][safepoint    ] Application time: 0.0018514 seconds
[2019-12-09T03:48:59.476+0000][1][safepoint    ] Entering safepoint region: RevokeBias
[2019-12-09T03:48:59.477+0000][1][safepoint    ] Leaving safepoint region
[2019-12-09T03:48:59.477+0000][1][safepoint    ] Total time for which application threads were stopped: 0.0185831 seconds, Stopping threads took: 0.0184680 seconds
[2019-12-09T03:48:59.477+0000][1][safepoint    ] Application time: 0.0007663 seconds
[2019-12-09T03:48:59.477+0000][1][safepoint    ] Entering safepoint region: BulkRevokeBias
[2019-12-09T03:48:59.478+0000][1][safepoint    ] Leaving safepoint region
[2019-12-09T03:48:59.478+0000][1][safepoint    ] Total time for which application threads were stopped: 0.0005017 seconds, Stopping threads took: 0.0000137 seconds
[2019-12-09T03:48:59.565+0000][1][safepoint    ] Application time: 0.0872897 seconds
[2019-12-09T03:48:59.566+0000][1][safepoint    ] Entering safepoint region: RevokeBias
[2019-12-09T03:48:59.566+0000][1][safepoint    ] Leaving safepoint region
[2019-12-09T03:48:59.566+0000][1][safepoint    ] Total time for which application threads were stopped: 0.0010086 seconds, Stopping threads took: 0.0007666 seconds
[2019-12-09T03:48:59.567+0000][1][safepoint    ] Application time: 0.0011969 seconds
[2019-12-09T03:48:59.567+0000][1][safepoint    ] Entering safepoint region: RevokeBias
[2019-12-09T03:48:59.568+0000][1][safepoint    ] Leaving safepoint region
[2019-12-09T03:48:59.568+0000][1][safepoint    ] Total time for which application threads were stopped: 0.0001563 seconds, Stopping threads took: 0.0000168 seconds
[2019-12-09T03:48:59.575+0000][1][safepoint    ] Application time: 0.0074932 seconds
[2019-12-09T03:48:59.575+0000][1][safepoint    ] Entering safepoint region: RevokeBias
[2019-12-09T03:48:59.575+0000][1][safepoint    ] Leaving safepoint region
[2019-12-09T03:48:59.575+0000][1][safepoint    ] Total time for which application threads were stopped: 0.0002021 seconds, Stopping threads took: 0.0000141 seconds
[2019-12-09T03:48:59.576+0000][1][safepoint    ] Application time: 0.0005802 seconds
[2019-12-09T03:48:59.576+0000][1][safepoint    ] Entering safepoint region: RevokeBias
[2019-12-09T03:48:59.576+0000][1][safepoint    ] Leaving safepoint region
[2019-12-09T03:48:59.576+0000][1][safepoint    ] Total time for which application threads were stopped: 0.0001477 seconds, Stopping threads took: 0.0000344 seconds
[2019-12-09T03:48:59.584+0000][1][safepoint    ] Application time: 0.0081403 seconds
[2019-12-09T03:48:59.584+0000][1][safepoint    ] Entering safepoint region: RevokeBias
[2019-12-09T03:48:59.584+0000][1][safepoint    ] Leaving safepoint region
[2019-12-09T03:48:59.584+0000][1][safepoint    ] Total time for which application threads were stopped: 0.0001581 seconds, Stopping threads took: 0.0000143 seconds
[2019-12-09T03:48:59.586+0000][1][safepoint    ] Application time: 0.0019696 seconds
[2019-12-09T03:48:59.586+0000][1][safepoint    ] Entering safepoint region: RevokeBias
[2019-12-09T03:48:59.587+0000][1][safepoint    ] Leaving safepoint region
[2019-12-09T03:48:59.587+0000][1][safepoint    ] Total time for which application threads were stopped: 0.0001212 seconds, Stopping threads took: 0.0000150 seconds
[2019-12-09T03:48:59.587+0000][1][safepoint    ] Application time: 0.0000429 seconds
[2019-12-09T03:48:59.587+0000][1][safepoint    ] Entering safepoint region: BulkRevokeBias
[2019-12-09T03:48:59.587+0000][1][safepoint    ] Leaving safepoint region
[2019-12-09T03:48:59.587+0000][1][safepoint    ] Total time for which application threads were stopped: 0.0008105 seconds, Stopping threads took: 0.0000098 seconds
[2019-12-09T03:48:59.601+0000][1][safepoint    ] Application time: 0.0136222 seconds
[2019-12-09T03:48:59.601+0000][1][safepoint    ] Entering safepoint region: RevokeBias
[2019-12-09T03:48:59.601+0000][1][safepoint    ] Leaving safepoint region
[2019-12-09T03:48:59.601+0000][1][safepoint    ] Total time for which application threads were stopped: 0.0001135 seconds, Stopping threads took: 0.0000138 seconds
[2019-12-09T03:48:59.604+0000][1][safepoint    ] Application time: 0.0025926 seconds
[2019-12-09T03:48:59.604+0000][1][safepoint    ] Entering safepoint region: RevokeBias
[2019-12-09T03:48:59.604+0000][1][safepoint    ] Leaving safepoint region
[2019-12-09T03:48:59.604+0000][1][safepoint    ] Total time for which application threads were stopped: 0.0001122 seconds, Stopping threads took: 0.0000152 seconds
[2019-12-09T03:48:59.604+0000][1][safepoint    ] Application time: 0.0003036 seconds
[2019-12-09T03:48:59.604+0000][1][safepoint    ] Entering safepoint region: RevokeBias
[2019-12-09T03:48:59.604+0000][1][safepoint    ] Leaving safepoint region
[2019-12-09T03:48:59.604+0000][1][safepoint    ] Total time for which application threads were stopped: 0.0000968 seconds, Stopping threads took: 0.0000129 seconds
[2019-12-09T03:48:59.617+0000][1][safepoint    ] Application time: 0.0125753 seconds
[2019-12-09T03:48:59.617+0000][1][safepoint    ] Entering safepoint region: RevokeBias
[2019-12-09T03:48:59.617+0000][1][safepoint    ] Leaving safepoint region
[2019-12-09T03:48:59.617+0000][1][safepoint    ] Total time for which application threads were stopped: 0.0001354 seconds, Stopping threads took: 0.0000157 seconds
[2019-12-09T03:48:59.617+0000][1][safepoint    ] Application time: 0.0002295 seconds
[2019-12-09T03:48:59.617+0000][1][safepoint    ] Entering safepoint region: RevokeBias
[2019-12-09T03:48:59.617+0000][1][safepoint    ] Leaving safepoint region
[2019-12-09T03:48:59.617+0000][1][safepoint    ] Total time for which application threads were stopped: 0.0000938 seconds, Stopping threads took: 0.0000133 seconds
[2019-12-09T03:48:59.617+0000][1][safepoint    ] Application time: 0.0000459 seconds
[2019-12-09T03:48:59.617+0000][1][safepoint    ] Entering safepoint region: RevokeBias
[2019-12-09T03:48:59.618+0000][1][safepoint    ] Leaving safepoint region
[2019-12-09T03:48:59.618+0000][1][safepoint    ] Total time for which application threads were stopped: 0.0000771 seconds, Stopping threads took: 0.0000103 seconds
[2019-12-09T03:48:59.618+0000][1][safepoint    ] Application time: 0.0000387 seconds
[2019-12-09T03:48:59.618+0000][1][safepoint    ] Entering safepoint region: RevokeBias
[2019-12-09T03:48:59.618+0000][1][safepoint    ] Leaving safepoint region
[2019-12-09T03:48:59.618+0000][1][safepoint    ] Total time for which application threads were stopped: 0.0000746 seconds, Stopping threads took: 0.0000100 seconds
[2019-12-09T03:48:59.618+0000][1][safepoint    ] Application time: 0.0005262 seconds
[2019-12-09T03:48:59.618+0000][1][safepoint    ] Entering safepoint region: RevokeBias
[2019-12-09T03:48:59.618+0000][1][safepoint    ] Leaving safepoint region
[2019-12-09T03:48:59.618+0000][1][safepoint    ] Total time for which application threads were stopped: 0.0001081 seconds, Stopping threads took: 0.0000246 seconds
[2019-12-09T03:48:59.623+0000][1][safepoint    ] Application time: 0.0047919 seconds
[2019-12-09T03:48:59.623+0000][1][safepoint    ] Entering safepoint region: RevokeBias
[2019-12-09T03:48:59.623+0000][1][safepoint    ] Leaving safepoint region
[2019-12-09T03:48:59.623+0000][1][safepoint    ] Total time for which application threads were stopped: 0.0000934 seconds, Stopping threads took: 0.0000148 seconds
[2019-12-09T03:48:59.623+0000][1][safepoint    ] Application time: 0.0000922 seconds
[2019-12-09T03:48:59.623+0000][1][safepoint    ] Entering safepoint region: RevokeBias
[2019-12-09T03:48:59.623+0000][1][safepoint    ] Leaving safepoint region
[2019-12-09T03:48:59.623+0000][1][safepoint    ] Total time for which application threads were stopped: 0.0000909 seconds, Stopping threads took: 0.0000328 seconds
[2019-12-09T03:48:59.682+0000][1][safepoint    ] Application time: 0.0580282 seconds
[2019-12-09T03:48:59.682+0000][1][safepoint    ] Entering safepoint region: RevokeBias
[2019-12-09T03:48:59.682+0000][1][safepoint    ] Leaving safepoint region
[2019-12-09T03:48:59.682+0000][1][safepoint    ] Total time for which application threads were stopped: 0.0002070 seconds, Stopping threads took: 0.0000201 seconds
[2019-12-09T03:48:59.683+0000][1][safepoint    ] Application time: 0.0008831 seconds
[2019-12-09T03:48:59.683+0000][1][safepoint    ] Entering safepoint region: RevokeBias
[2019-12-09T03:48:59.683+0000][1][safepoint    ] Leaving safepoint region
[2019-12-09T03:48:59.683+0000][1][safepoint    ] Total time for which application threads were stopped: 0.0001508 seconds, Stopping threads took: 0.0000188 seconds
[2019-12-09T03:48:59.696+0000][1][safepoint    ] Application time: 0.0129047 seconds
[2019-12-09T03:48:59.696+0000][1][safepoint    ] Entering safepoint region: RevokeBias
[2019-12-09T03:48:59.696+0000][1][safepoint    ] Leaving safepoint region
[2019-12-09T03:48:59.696+0000][1][safepoint    ] Total time for which application threads were stopped: 0.0001055 seconds, Stopping threads took: 0.0000169 seconds
[2019-12-09T03:48:59.696+0000][1][safepoint    ] Application time: 0.0002305 seconds
[2019-12-09T03:48:59.696+0000][1][safepoint    ] Entering safepoint region: RevokeBias
[2019-12-09T03:48:59.696+0000][1][safepoint    ] Leaving safepoint region
[2019-12-09T03:48:59.696+0000][1][safepoint    ] Total time for which application threads were stopped: 0.0000993 seconds, Stopping threads took: 0.0000123 seconds
[2019-12-09T03:48:59.696+0000][1][safepoint    ] Application time: 0.0000583 seconds
[2019-12-09T03:48:59.696+0000][1][safepoint    ] Entering safepoint region: RevokeBias
[2019-12-09T03:48:59.696+0000][1][safepoint    ] Leaving safepoint region
[2019-12-09T03:48:59.696+0000][1][safepoint    ] Total time for which application threads were stopped: 0.0000724 seconds, Stopping threads took: 0.0000100 seconds
[2019-12-09T03:49:00.172+0000][1][safepoint    ] Application time: 0.4759106 seconds
[2019-12-09T03:49:00.172+0000][1][safepoint    ] Entering safepoint region: RevokeBias
[2019-12-09T03:49:00.172+0000][1][safepoint    ] Leaving safepoint region
[2019-12-09T03:49:00.172+0000][1][safepoint    ] Total time for which application threads were stopped: 0.0001831 seconds, Stopping threads took: 0.0000278 seconds
[2019-12-09T03:49:00.175+0000][1][safepoint    ] Application time: 0.0025980 seconds
[2019-12-09T03:49:00.175+0000][1][safepoint    ] Entering safepoint region: RevokeBias
[2019-12-09T03:49:00.175+0000][1][safepoint    ] Leaving safepoint region
[2019-12-09T03:49:00.175+0000][1][safepoint    ] Total time for which application threads were stopped: 0.0001217 seconds, Stopping threads took: 0.0000195 seconds
[2019-12-09T03:49:00.175+0000][1][safepoint    ] Application time: 0.0001063 seconds
[2019-12-09T03:49:00.175+0000][1][safepoint    ] Entering safepoint region: RevokeBias
[2019-12-09T03:49:00.175+0000][1][safepoint    ] Leaving safepoint region
[2019-12-09T03:49:00.175+0000][1][safepoint    ] Total time for which application threads were stopped: 0.0000806 seconds, Stopping threads took: 0.0000113 seconds
[2019-12-09T03:49:00.176+0000][1][safepoint    ] Application time: 0.0000820 seconds
[2019-12-09T03:49:00.176+0000][1][safepoint    ] Entering safepoint region: RevokeBias
[2019-12-09T03:49:00.176+0000][1][safepoint    ] Leaving safepoint region
[2019-12-09T03:49:00.176+0000][1][safepoint    ] Total time for which application threads were stopped: 0.0000683 seconds, Stopping threads took: 0.0000106 seconds
[2019-12-09T03:49:00.176+0000][1][safepoint    ] Application time: 0.0002241 seconds
[2019-12-09T03:49:00.176+0000][1][safepoint    ] Entering safepoint region: RevokeBias
[2019-12-09T03:49:00.176+0000][1][safepoint    ] Leaving safepoint region
[2019-12-09T03:49:00.176+0000][1][safepoint    ] Total time for which application threads were stopped: 0.0000822 seconds, Stopping threads took: 0.0000143 seconds
[2019-12-09T03:49:00.176+0000][1][safepoint    ] Application time: 0.0000586 seconds
[2019-12-09T03:49:00.176+0000][1][safepoint    ] Entering safepoint region: RevokeBias
[2019-12-09T03:49:00.176+0000][1][safepoint    ] Leaving safepoint region
[2019-12-09T03:49:00.176+0000][1][safepoint    ] Total time for which application threads were stopped: 0.0000657 seconds, Stopping threads took: 0.0000096 seconds
[2019-12-09T03:49:00.176+0000][1][safepoint    ] Application time: 0.0001744 seconds
[2019-12-09T03:49:00.176+0000][1][safepoint    ] Entering safepoint region: RevokeBias
[2019-12-09T03:49:00.176+0000][1][safepoint    ] Leaving safepoint region
[2019-12-09T03:49:00.176+0000][1][safepoint    ] Total time for which application threads were stopped: 0.0000846 seconds, Stopping threads took: 0.0000126 seconds
[2019-12-09T03:49:00.179+0000][1][safepoint    ] Application time: 0.0027571 seconds
[2019-12-09T03:49:00.179+0000][1][safepoint    ] Entering safepoint region: RevokeBias
[2019-12-09T03:49:00.179+0000][1][safepoint    ] Leaving safepoint region
[2019-12-09T03:49:00.179+0000][1][safepoint    ] Total time for which application threads were stopped: 0.0000848 seconds, Stopping threads took: 0.0000159 seconds
[2019-12-09T03:49:00.179+0000][1][safepoint    ] Application time: 0.0000722 seconds
[2019-12-09T03:49:00.179+0000][1][safepoint    ] Entering safepoint region: RevokeBias
[2019-12-09T03:49:00.179+0000][1][safepoint    ] Leaving safepoint region
[2019-12-09T03:49:00.179+0000][1][safepoint    ] Total time for which application threads were stopped: 0.0000669 seconds, Stopping threads took: 0.0000108 seconds
[2019-12-09T03:49:00.179+0000][1][safepoint    ] Application time: 0.0000625 seconds
[2019-12-09T03:49:00.179+0000][1][safepoint    ] Entering safepoint region: RevokeBias
[2019-12-09T03:49:00.180+0000][1][safepoint    ] Leaving safepoint region
[2019-12-09T03:49:00.180+0000][1][safepoint    ] Total time for which application threads were stopped: 0.0000721 seconds, Stopping threads took: 0.0000105 seconds
[2019-12-09T03:49:00.180+0000][1][safepoint    ] Application time: 0.0000775 seconds
[2019-12-09T03:49:00.180+0000][1][safepoint    ] Entering safepoint region: RevokeBias
[2019-12-09T03:49:00.180+0000][1][safepoint    ] Leaving safepoint region
[2019-12-09T03:49:00.180+0000][1][safepoint    ] Total time for which application threads were stopped: 0.0000746 seconds, Stopping threads took: 0.0000080 seconds
[2019-12-09T03:49:00.180+0000][1][safepoint    ] Application time: 0.0000797 seconds
[2019-12-09T03:49:00.180+0000][1][safepoint    ] Entering safepoint region: RevokeBias
[2019-12-09T03:49:00.180+0000][1][safepoint    ] Leaving safepoint region
[2019-12-09T03:49:00.180+0000][1][safepoint    ] Total time for which application threads were stopped: 0.0000598 seconds, Stopping threads took: 0.0000087 seconds
[2019-12-09T03:49:00.180+0000][1][safepoint    ] Application time: 0.0000801 seconds
[2019-12-09T03:49:00.180+0000][1][safepoint    ] Entering safepoint region: RevokeBias
[2019-12-09T03:49:00.180+0000][1][safepoint    ] Leaving safepoint region
[2019-12-09T03:49:00.180+0000][1][safepoint    ] Total time for which application threads were stopped: 0.0000579 seconds, Stopping threads took: 0.0000091 seconds
[2019-12-09T03:49:00.181+0000][1][safepoint    ] Application time: 0.0008766 seconds
[2019-12-09T03:49:00.181+0000][1][safepoint    ] Entering safepoint region: RevokeBias
[2019-12-09T03:49:00.181+0000][1][safepoint    ] Leaving safepoint region
[2019-12-09T03:49:00.181+0000][1][safepoint    ] Total time for which application threads were stopped: 0.0000846 seconds, Stopping threads took: 0.0000142 seconds
[2019-12-09T03:49:00.181+0000][1][safepoint    ] Application time: 0.0004699 seconds
[2019-12-09T03:49:00.182+0000][1][safepoint    ] Entering safepoint region: BulkRevokeBias
[2019-12-09T03:49:00.182+0000][1][safepoint    ] Leaving safepoint region
[2019-12-09T03:49:00.182+0000][1][safepoint    ] Total time for which application threads were stopped: 0.0005921 seconds, Stopping threads took: 0.0000141 seconds
[2019-12-09T03:49:00.194+0000][1][safepoint    ] Application time: 0.0118249 seconds
[2019-12-09T03:49:00.194+0000][1][safepoint    ] Entering safepoint region: RevokeBias
[2019-12-09T03:49:00.194+0000][1][safepoint    ] Leaving safepoint region
[2019-12-09T03:49:00.194+0000][1][safepoint    ] Total time for which application threads were stopped: 0.0000952 seconds, Stopping threads took: 0.0000143 seconds
[2019-12-09T03:49:00.194+0000][1][safepoint    ] Application time: 0.0001328 seconds
[2019-12-09T03:49:00.194+0000][1][safepoint    ] Entering safepoint region: RevokeBias
[2019-12-09T03:49:00.194+0000][1][safepoint    ] Leaving safepoint region
[2019-12-09T03:49:00.194+0000][1][safepoint    ] Total time for which application threads were stopped: 0.0000366 seconds, Stopping threads took: 0.0000055 seconds
[2019-12-09T03:49:00.195+0000][1][safepoint    ] Application time: 0.0004733 seconds
[2019-12-09T03:49:00.195+0000][1][safepoint    ] Entering safepoint region: RevokeBias
[2019-12-09T03:49:00.195+0000][1][safepoint    ] Leaving safepoint region
[2019-12-09T03:49:00.195+0000][1][safepoint    ] Total time for which application threads were stopped: 0.0000686 seconds, Stopping threads took: 0.0000096 seconds
[2019-12-09T03:49:00.195+0000][1][safepoint    ] Application time: 0.0002282 seconds
[2019-12-09T03:49:00.195+0000][1][safepoint    ] Entering safepoint region: RevokeBias
[2019-12-09T03:49:00.195+0000][1][safepoint    ] Leaving safepoint region
[2019-12-09T03:49:00.195+0000][1][safepoint    ] Total time for which application threads were stopped: 0.0000674 seconds, Stopping threads took: 0.0000085 seconds
[2019-12-09T03:49:00.195+0000][1][safepoint    ] Application time: 0.0000336 seconds
[2019-12-09T03:49:00.195+0000][1][safepoint    ] Entering safepoint region: RevokeBias
[2019-12-09T03:49:00.195+0000][1][safepoint    ] Leaving safepoint region
[2019-12-09T03:49:00.195+0000][1][safepoint    ] Total time for which application threads were stopped: 0.0000544 seconds, Stopping threads took: 0.0000077 seconds
[2019-12-09T03:49:00.195+0000][1][safepoint    ] Application time: 0.0000377 seconds
[2019-12-09T03:49:00.195+0000][1][safepoint    ] Entering safepoint region: RevokeBias
[2019-12-09T03:49:00.195+0000][1][safepoint    ] Leaving safepoint region
[2019-12-09T03:49:00.195+0000][1][safepoint    ] Total time for which application threads were stopped: 0.0000498 seconds, Stopping threads took: 0.0000069 seconds
[2019-12-09T03:49:00.195+0000][1][safepoint    ] Application time: 0.0000337 seconds
[2019-12-09T03:49:00.195+0000][1][safepoint    ] Entering safepoint region: RevokeBias
[2019-12-09T03:49:00.195+0000][1][safepoint    ] Leaving safepoint region
[2019-12-09T03:49:00.195+0000][1][safepoint    ] Total time for which application threads were stopped: 0.0000497 seconds, Stopping threads took: 0.0000070 seconds
[2019-12-09T03:49:00.195+0000][1][safepoint    ] Application time: 0.0000293 seconds
[2019-12-09T03:49:00.195+0000][1][safepoint    ] Entering safepoint region: RevokeBias
[2019-12-09T03:49:00.196+0000][1][safepoint    ] Leaving safepoint region
[2019-12-09T03:49:00.196+0000][1][safepoint    ] Total time for which application threads were stopped: 0.0000494 seconds, Stopping threads took: 0.0000070 seconds
[2019-12-09T03:49:00.199+0000][1][safepoint    ] Application time: 0.0035995 seconds
[2019-12-09T03:49:00.199+0000][1][safepoint    ] Entering safepoint region: RevokeBias
[2019-12-09T03:49:00.199+0000][1][safepoint    ] Leaving safepoint region
[2019-12-09T03:49:00.199+0000][1][safepoint    ] Total time for which application threads were stopped: 0.0000711 seconds, Stopping threads took: 0.0000108 seconds
[2019-12-09T03:49:00.200+0000][1][safepoint    ] Application time: 0.0007302 seconds
[2019-12-09T03:49:00.200+0000][1][safepoint    ] Entering safepoint region: RevokeBias
[2019-12-09T03:49:00.200+0000][1][safepoint    ] Leaving safepoint region
[2019-12-09T03:49:00.200+0000][1][safepoint    ] Total time for which application threads were stopped: 0.0000826 seconds, Stopping threads took: 0.0000125 seconds
[2019-12-09T03:49:00.200+0000][1][safepoint    ] Application time: 0.0001816 seconds
[2019-12-09T03:49:00.200+0000][1][safepoint    ] Entering safepoint region: RevokeBias
[2019-12-09T03:49:00.200+0000][1][safepoint    ] Leaving safepoint region
[2019-12-09T03:49:00.200+0000][1][safepoint    ] Total time for which application threads were stopped: 0.0000880 seconds, Stopping threads took: 0.0000113 seconds
[2019-12-09T03:49:00.200+0000][1][safepoint    ] Application time: 0.0000747 seconds
[2019-12-09T03:49:00.200+0000][1][safepoint    ] Entering safepoint region: RevokeBias
[2019-12-09T03:49:00.200+0000][1][safepoint    ] Leaving safepoint region
[2019-12-09T03:49:00.200+0000][1][safepoint    ] Total time for which application threads were stopped: 0.0000530 seconds, Stopping threads took: 0.0000062 seconds
[2019-12-09T03:49:00.202+0000][1][safepoint    ] Application time: 0.0012354 seconds
[2019-12-09T03:49:00.202+0000][1][safepoint    ] Entering safepoint region: RevokeBias
[2019-12-09T03:49:00.202+0000][1][safepoint    ] Leaving safepoint region
[2019-12-09T03:49:00.202+0000][1][safepoint    ] Total time for which application threads were stopped: 0.0000840 seconds, Stopping threads took: 0.0000111 seconds
[2019-12-09T03:49:00.202+0000][1][safepoint    ] Application time: 0.0001256 seconds
[2019-12-09T03:49:00.202+0000][1][safepoint    ] Entering safepoint region: RevokeBias
[2019-12-09T03:49:00.202+0000][1][safepoint    ] Leaving safepoint region
[2019-12-09T03:49:00.202+0000][1][safepoint    ] Total time for which application threads were stopped: 0.0000640 seconds, Stopping threads took: 0.0000086 seconds
[2019-12-09T03:49:00.202+0000][1][safepoint    ] Application time: 0.0000859 seconds
[2019-12-09T03:49:00.202+0000][1][safepoint    ] Entering safepoint region: RevokeBias
[2019-12-09T03:49:00.202+0000][1][safepoint    ] Leaving safepoint region
[2019-12-09T03:49:00.202+0000][1][safepoint    ] Total time for which application threads were stopped: 0.0000603 seconds, Stopping threads took: 0.0000083 seconds
[2019-12-09T03:49:00.203+0000][1][safepoint    ] Application time: 0.0004566 seconds
[2019-12-09T03:49:00.203+0000][1][safepoint    ] Entering safepoint region: RevokeBias
[2019-12-09T03:49:00.203+0000][1][safepoint    ] Leaving safepoint region
[2019-12-09T03:49:00.203+0000][1][safepoint    ] Total time for which application threads were stopped: 0.0000825 seconds, Stopping threads took: 0.0000124 seconds
[2019-12-09T03:49:00.203+0000][1][safepoint    ] Application time: 0.0001417 seconds
[2019-12-09T03:49:00.203+0000][1][safepoint    ] Entering safepoint region: RevokeBias
[2019-12-09T03:49:00.203+0000][1][safepoint    ] Leaving safepoint region
[2019-12-09T03:49:00.203+0000][1][safepoint    ] Total time for which application threads were stopped: 0.0000615 seconds, Stopping threads took: 0.0000098 seconds
[2019-12-09T03:49:00.204+0000][1][safepoint    ] Application time: 0.0013156 seconds
[2019-12-09T03:49:00.204+0000][1][safepoint    ] Entering safepoint region: RevokeBias
[2019-12-09T03:49:00.204+0000][1][safepoint    ] Leaving safepoint region
[2019-12-09T03:49:00.204+0000][1][safepoint    ] Total time for which application threads were stopped: 0.0000686 seconds, Stopping threads took: 0.0000122 seconds
[2019-12-09T03:49:00.212+0000][1][safepoint    ] Application time: 0.0079254 seconds
[2019-12-09T03:49:00.212+0000][1][safepoint    ] Entering safepoint region: RevokeBias
[2019-12-09T03:49:00.212+0000][1][safepoint    ] Leaving safepoint region
[2019-12-09T03:49:00.212+0000][1][safepoint    ] Total time for which application threads were stopped: 0.0000781 seconds, Stopping threads took: 0.0000117 seconds
[2019-12-09T03:49:00.213+0000][1][safepoint    ] Application time: 0.0006956 seconds
[2019-12-09T03:49:00.213+0000][1][safepoint    ] Entering safepoint region: RevokeBias
[2019-12-09T03:49:00.213+0000][1][safepoint    ] Leaving safepoint region
[2019-12-09T03:49:00.213+0000][1][safepoint    ] Total time for which application threads were stopped: 0.0000730 seconds, Stopping threads took: 0.0000124 seconds
[2019-12-09T03:49:00.214+0000][1][safepoint    ] Application time: 0.0005054 seconds
[2019-12-09T03:49:00.214+0000][1][safepoint    ] Entering safepoint region: RevokeBias
[2019-12-09T03:49:00.214+0000][1][safepoint    ] Leaving safepoint region
[2019-12-09T03:49:00.214+0000][1][safepoint    ] Total time for which application threads were stopped: 0.0000851 seconds, Stopping threads took: 0.0000125 seconds
[2019-12-09T03:49:00.220+0000][1][safepoint    ] Application time: 0.0061626 seconds
[2019-12-09T03:49:00.220+0000][1][safepoint    ] Entering safepoint region: RevokeBias
[2019-12-09T03:49:00.220+0000][1][safepoint    ] Leaving safepoint region
[2019-12-09T03:49:00.220+0000][1][safepoint    ] Total time for which application threads were stopped: 0.0000911 seconds, Stopping threads took: 0.0000121 seconds
[2019-12-09T03:49:00.221+0000][1][safepoint    ] Application time: 0.0012679 seconds
[2019-12-09T03:49:00.221+0000][1][safepoint    ] Entering safepoint region: RevokeBias
[2019-12-09T03:49:00.222+0000][1][safepoint    ] Leaving safepoint region
[2019-12-09T03:49:00.222+0000][1][safepoint    ] Total time for which application threads were stopped: 0.0000745 seconds, Stopping threads took: 0.0000128 seconds
[2019-12-09T03:49:00.228+0000][1][safepoint    ] Application time: 0.0060765 seconds
[2019-12-09T03:49:00.228+0000][1][safepoint    ] Entering safepoint region: RevokeBias
[2019-12-09T03:49:00.229+0000][1][safepoint    ] Leaving safepoint region
[2019-12-09T03:49:00.229+0000][1][safepoint    ] Total time for which application threads were stopped: 0.0009078 seconds, Stopping threads took: 0.0008810 seconds
[2019-12-09T03:49:00.240+0000][1][safepoint    ] Application time: 0.0118416 seconds
[2019-12-09T03:49:00.241+0000][1][safepoint    ] Entering safepoint region: BulkRevokeBias
[2019-12-09T03:49:00.241+0000][1][safepoint    ] Leaving safepoint region
[2019-12-09T03:49:00.241+0000][1][safepoint    ] Total time for which application threads were stopped: 0.0001619 seconds, Stopping threads took: 0.0001016 seconds
[2019-12-09T03:49:00.244+0000][1][safepoint    ] Application time: 0.0034479 seconds
[2019-12-09T03:49:00.244+0000][1][safepoint    ] Entering safepoint region: RevokeBias
[2019-12-09T03:49:00.244+0000][1][safepoint    ] Leaving safepoint region
[2019-12-09T03:49:00.244+0000][1][safepoint    ] Total time for which application threads were stopped: 0.0000504 seconds, Stopping threads took: 0.0000099 seconds
[2019-12-09T03:49:00.252+0000][1][gc,heap,exit ] Heap
[2019-12-09T03:49:00.252+0000][1][gc,heap,exit ]  par new generation   total 78656K, used 34300K [0x00000000f0000000, 0x00000000f5550000, 0x00000000f5550000)
[2019-12-09T03:49:00.252+0000][1][gc,heap,exit ]   eden space 69952K,  44% used [0x00000000f0000000, 0x00000000f1e160c8, 0x00000000f4450000)
[2019-12-09T03:49:00.252+0000][1][gc,heap,exit ]   from space 8704K,  40% used [0x00000000f4450000, 0x00000000f47b9260, 0x00000000f4cd0000)
[2019-12-09T03:49:00.252+0000][1][gc,heap,exit ]   to   space 8704K,   0% used [0x00000000f4cd0000, 0x00000000f4cd0000, 0x00000000f5550000)
[2019-12-09T03:49:00.252+0000][1][gc,heap,exit ]  concurrent mark-sweep generation total 174784K, used 71036K [0x00000000f5550000, 0x0000000100000000, 0x0000000100000000)
[2019-12-09T03:49:00.252+0000][1][gc,heap,exit ]  Metaspace       used 77211K, capacity 82848K, committed 83124K, reserved 1120256K
[2019-12-09T03:49:00.252+0000][1][gc,heap,exit ]   class space    used 10382K, capacity 12809K, committed 12888K, reserved 1048576K
[2019-12-09T03:49:00.252+0000][1][safepoint    ] Application time: 0.0083040 seconds
[2019-12-09T03:49:00.252+0000][1][safepoint    ] Entering safepoint region: Exit
