[2019-12-09T02:02:58.788+0000][1][gc] Using Concurrent Mark Sweep
[2019-12-09T02:02:58.788+0000][1][gc,heap,coops] Heap address: 0x00000000f0000000, size: 256 MB, Compressed Oops mode: 32-bit
[2019-12-09T02:02:59.194+0000][1][safepoint    ] Entering safepoint region: EnableBiasedLocking
[2019-12-09T02:02:59.194+0000][1][safepoint    ] Leaving safepoint region
[2019-12-09T02:02:59.194+0000][1][safepoint    ] Total time for which application threads were stopped: 0.0389497 seconds, Stopping threads took: 0.0388533 seconds
[2019-12-09T02:02:59.199+0000][1][safepoint    ] Application time: 0.0044444 seconds
[2019-12-09T02:02:59.199+0000][1][safepoint    ] Entering safepoint region: RevokeBias
[2019-12-09T02:02:59.199+0000][1][safepoint    ] Leaving safepoint region
[2019-12-09T02:02:59.199+0000][1][safepoint    ] Total time for which application threads were stopped: 0.0001191 seconds, Stopping threads took: 0.0000347 seconds
[2019-12-09T02:02:59.323+0000][1][safepoint    ] Application time: 0.1242739 seconds
[2019-12-09T02:02:59.323+0000][1][safepoint    ] Entering safepoint region: Deoptimize
[2019-12-09T02:02:59.323+0000][1][safepoint    ] Leaving safepoint region
[2019-12-09T02:02:59.323+0000][1][safepoint    ] Total time for which application threads were stopped: 0.0000581 seconds, Stopping threads took: 0.0000102 seconds
[2019-12-09T02:02:59.853+0000][1][safepoint    ] Application time: 0.5296553 seconds
[2019-12-09T02:02:59.853+0000][1][safepoint    ] Entering safepoint region: RevokeBias
[2019-12-09T02:02:59.853+0000][1][safepoint    ] Leaving safepoint region
[2019-12-09T02:02:59.853+0000][1][safepoint    ] Total time for which application threads were stopped: 0.0000713 seconds, Stopping threads took: 0.0000110 seconds
[2019-12-09T02:03:00.114+0000][1][safepoint    ] Application time: 0.2606279 seconds
[2019-12-09T02:03:00.114+0000][1][safepoint    ] Entering safepoint region: Deoptimize
[2019-12-09T02:03:00.114+0000][1][safepoint    ] Leaving safepoint region
[2019-12-09T02:03:00.114+0000][1][safepoint    ] Total time for which application threads were stopped: 0.0000935 seconds, Stopping threads took: 0.0000116 seconds
[2019-12-09T02:03:01.115+0000][1][safepoint    ] Application time: 1.0008667 seconds
[2019-12-09T02:03:01.115+0000][1][safepoint    ] Entering safepoint region: Cleanup
[2019-12-09T02:03:01.115+0000][1][safepoint    ] Leaving safepoint region
[2019-12-09T02:03:01.115+0000][1][safepoint    ] Total time for which application threads were stopped: 0.0002739 seconds, Stopping threads took: 0.0002011 seconds
[2019-12-09T02:03:02.121+0000][1][safepoint    ] Application time: 1.0056553 seconds
[2019-12-09T02:03:02.121+0000][1][safepoint    ] Entering safepoint region: Cleanup
[2019-12-09T02:03:02.121+0000][1][safepoint    ] Leaving safepoint region
[2019-12-09T02:03:02.121+0000][1][safepoint    ] Total time for which application threads were stopped: 0.0002063 seconds, Stopping threads took: 0.0001488 seconds
[2019-12-09T02:03:02.448+0000][1][safepoint    ] Application time: 0.3267528 seconds
[2019-12-09T02:03:02.448+0000][1][safepoint    ] Entering safepoint region: Deoptimize
[2019-12-09T02:03:02.448+0000][1][safepoint    ] Leaving safepoint region
[2019-12-09T02:03:02.448+0000][1][safepoint    ] Total time for which application threads were stopped: 0.0001417 seconds, Stopping threads took: 0.0000096 seconds
[2019-12-09T02:03:02.681+0000][1][safepoint    ] Application time: 0.2328528 seconds
[2019-12-09T02:03:02.681+0000][1][safepoint    ] Entering safepoint region: Deoptimize
[2019-12-09T02:03:02.681+0000][1][safepoint    ] Leaving safepoint region
[2019-12-09T02:03:02.681+0000][1][safepoint    ] Total time for which application threads were stopped: 0.0001516 seconds, Stopping threads took: 0.0000115 seconds
[2019-12-09T02:03:03.093+0000][1][safepoint    ] Application time: 0.4120560 seconds
[2019-12-09T02:03:03.093+0000][1][safepoint    ] Entering safepoint region: Deoptimize
[2019-12-09T02:03:03.093+0000][1][safepoint    ] Leaving safepoint region
[2019-12-09T02:03:03.093+0000][1][safepoint    ] Total time for which application threads were stopped: 0.0001555 seconds, Stopping threads took: 0.0000124 seconds
[2019-12-09T02:03:03.182+0000][1][safepoint    ] Application time: 0.0883115 seconds
[2019-12-09T02:03:03.182+0000][1][safepoint    ] Entering safepoint region: Deoptimize
[2019-12-09T02:03:03.182+0000][1][safepoint    ] Leaving safepoint region
[2019-12-09T02:03:03.182+0000][1][safepoint    ] Total time for which application threads were stopped: 0.0001706 seconds, Stopping threads took: 0.0000121 seconds
[2019-12-09T02:03:04.189+0000][1][safepoint    ] Application time: 1.0069750 seconds
[2019-12-09T02:03:04.229+0000][1][safepoint    ] Entering safepoint region: Cleanup
[2019-12-09T02:03:04.229+0000][1][safepoint    ] Leaving safepoint region
[2019-12-09T02:03:04.229+0000][1][safepoint    ] Total time for which application threads were stopped: 0.0400896 seconds, Stopping threads took: 0.0400441 seconds
[2019-12-09T02:03:05.230+0000][1][safepoint    ] Application time: 1.0008716 seconds
[2019-12-09T02:03:05.236+0000][1][safepoint    ] Entering safepoint region: Cleanup
[2019-12-09T02:03:05.236+0000][1][safepoint    ] Leaving safepoint region
[2019-12-09T02:03:05.236+0000][1][safepoint    ] Total time for which application threads were stopped: 0.0060654 seconds, Stopping threads took: 0.0060083 seconds
[2019-12-09T02:03:06.271+0000][1][safepoint    ] Application time: 1.0354812 seconds
[2019-12-09T02:03:06.271+0000][1][safepoint    ] Entering safepoint region: Cleanup
[2019-12-09T02:03:06.271+0000][1][safepoint    ] Leaving safepoint region
[2019-12-09T02:03:06.271+0000][1][safepoint    ] Total time for which application threads were stopped: 0.0000677 seconds, Stopping threads took: 0.0000154 seconds
[2019-12-09T02:03:06.581+0000][1][safepoint    ] Application time: 0.3093528 seconds
[2019-12-09T02:03:06.581+0000][1][safepoint    ] Entering safepoint region: Deoptimize
[2019-12-09T02:03:06.581+0000][1][safepoint    ] Leaving safepoint region
[2019-12-09T02:03:06.581+0000][1][safepoint    ] Total time for which application threads were stopped: 0.0001908 seconds, Stopping threads took: 0.0000116 seconds
[2019-12-09T02:03:07.604+0000][1][safepoint    ] Application time: 1.0226983 seconds
[2019-12-09T02:03:07.686+0000][1][safepoint    ] Entering safepoint region: Cleanup
[2019-12-09T02:03:07.686+0000][1][safepoint    ] Leaving safepoint region
[2019-12-09T02:03:07.686+0000][1][safepoint    ] Total time for which application threads were stopped: 0.0820570 seconds, Stopping threads took: 0.0820110 seconds
[2019-12-09T02:03:08.731+0000][1][safepoint    ] Application time: 1.0452194 seconds
[2019-12-09T02:03:08.731+0000][1][safepoint    ] Entering safepoint region: Cleanup
[2019-12-09T02:03:08.731+0000][1][safepoint    ] Leaving safepoint region
[2019-12-09T02:03:08.731+0000][1][safepoint    ] Total time for which application threads were stopped: 0.0000592 seconds, Stopping threads took: 0.0000147 seconds
[2019-12-09T02:03:09.733+0000][1][safepoint    ] Application time: 1.0015609 seconds
[2019-12-09T02:03:09.733+0000][1][safepoint    ] Entering safepoint region: Cleanup
[2019-12-09T02:03:09.733+0000][1][safepoint    ] Leaving safepoint region
[2019-12-09T02:03:09.733+0000][1][safepoint    ] Total time for which application threads were stopped: 0.0000978 seconds, Stopping threads took: 0.0000129 seconds
[2019-12-09T02:03:09.849+0000][1][safepoint    ] Application time: 0.1163760 seconds
[2019-12-09T02:03:09.849+0000][1][safepoint    ] Entering safepoint region: Deoptimize
[2019-12-09T02:03:09.849+0000][1][safepoint    ] Leaving safepoint region
[2019-12-09T02:03:09.849+0000][1][safepoint    ] Total time for which application threads were stopped: 0.0002337 seconds, Stopping threads took: 0.0000110 seconds
[2019-12-09T02:03:10.825+0000][1][safepoint    ] Application time: 0.9754976 seconds
[2019-12-09T02:03:10.825+0000][1][safepoint    ] Entering safepoint region: Deoptimize
[2019-12-09T02:03:10.825+0000][1][safepoint    ] Leaving safepoint region
[2019-12-09T02:03:10.825+0000][1][safepoint    ] Total time for which application threads were stopped: 0.0003003 seconds, Stopping threads took: 0.0000110 seconds
[2019-12-09T02:03:10.861+0000][1][safepoint    ] Application time: 0.0355513 seconds
[2019-12-09T02:03:10.861+0000][1][safepoint    ] Entering safepoint region: Deoptimize
[2019-12-09T02:03:10.861+0000][1][safepoint    ] Leaving safepoint region
[2019-12-09T02:03:10.861+0000][1][safepoint    ] Total time for which application threads were stopped: 0.0002368 seconds, Stopping threads took: 0.0000111 seconds
[2019-12-09T02:03:11.068+0000][1][safepoint    ] Application time: 0.2065513 seconds
[2019-12-09T02:03:11.068+0000][1][safepoint    ] Entering safepoint region: Deoptimize
[2019-12-09T02:03:11.068+0000][1][safepoint    ] Leaving safepoint region
[2019-12-09T02:03:11.068+0000][1][safepoint    ] Total time for which application threads were stopped: 0.0002751 seconds, Stopping threads took: 0.0000122 seconds
[2019-12-09T02:03:11.114+0000][1][safepoint    ] Application time: 0.0464438 seconds
[2019-12-09T02:03:11.115+0000][1][safepoint    ] Entering safepoint region: RevokeBias
[2019-12-09T02:03:11.115+0000][1][safepoint    ] Leaving safepoint region
[2019-12-09T02:03:11.115+0000][1][safepoint    ] Total time for which application threads were stopped: 0.0000898 seconds, Stopping threads took: 0.0000121 seconds
[2019-12-09T02:03:11.115+0000][1][safepoint    ] Application time: 0.0002460 seconds
[2019-12-09T02:03:11.115+0000][1][safepoint    ] Entering safepoint region: RevokeBias
[2019-12-09T02:03:11.115+0000][1][safepoint    ] Leaving safepoint region
[2019-12-09T02:03:11.115+0000][1][safepoint    ] Total time for which application threads were stopped: 0.0000619 seconds, Stopping threads took: 0.0000105 seconds
[2019-12-09T02:03:11.115+0000][1][safepoint    ] Application time: 0.0000535 seconds
[2019-12-09T02:03:11.115+0000][1][safepoint    ] Entering safepoint region: RevokeBias
[2019-12-09T02:03:11.115+0000][1][safepoint    ] Leaving safepoint region
[2019-12-09T02:03:11.115+0000][1][safepoint    ] Total time for which application threads were stopped: 0.0000435 seconds, Stopping threads took: 0.0000077 seconds
[2019-12-09T02:03:11.115+0000][1][safepoint    ] Application time: 0.0000693 seconds
[2019-12-09T02:03:11.115+0000][1][safepoint    ] Entering safepoint region: RevokeBias
[2019-12-09T02:03:11.115+0000][1][safepoint    ] Leaving safepoint region
[2019-12-09T02:03:11.115+0000][1][safepoint    ] Total time for which application threads were stopped: 0.0000431 seconds, Stopping threads took: 0.0000079 seconds
[2019-12-09T02:03:11.115+0000][1][safepoint    ] Application time: 0.0001454 seconds
[2019-12-09T02:03:11.115+0000][1][safepoint    ] Entering safepoint region: RevokeBias
[2019-12-09T02:03:11.115+0000][1][safepoint    ] Leaving safepoint region
[2019-12-09T02:03:11.115+0000][1][safepoint    ] Total time for which application threads were stopped: 0.0000598 seconds, Stopping threads took: 0.0000089 seconds
[2019-12-09T02:03:11.144+0000][1][safepoint    ] Application time: 0.0283775 seconds
[2019-12-09T02:03:11.144+0000][1][safepoint    ] Entering safepoint region: Deoptimize
[2019-12-09T02:03:11.144+0000][1][safepoint    ] Leaving safepoint region
[2019-12-09T02:03:11.144+0000][1][safepoint    ] Total time for which application threads were stopped: 0.0002622 seconds, Stopping threads took: 0.0000128 seconds
[2019-12-09T02:03:12.152+0000][1][safepoint    ] Application time: 1.0076354 seconds
[2019-12-09T02:03:12.191+0000][1][safepoint    ] Entering safepoint region: Cleanup
[2019-12-09T02:03:12.191+0000][1][safepoint    ] Leaving safepoint region
[2019-12-09T02:03:12.191+0000][1][safepoint    ] Total time for which application threads were stopped: 0.0389325 seconds, Stopping threads took: 0.0388298 seconds
[2019-12-09T02:03:12.852+0000][1][safepoint    ] Application time: 0.6608167 seconds
[2019-12-09T02:03:12.852+0000][1][safepoint    ] Entering safepoint region: GenCollectForAllocation
[2019-12-09T02:03:12.852+0000][1][gc,start     ] GC(0) Pause Young (Allocation Failure)
[2019-12-09T02:03:12.879+0000][1][gc,task      ] GC(0) Using 2 workers of 2 for evacuation
[2019-12-09T02:03:13.022+0000][1][gc,age       ] GC(0) Desired survivor size 4456448 bytes, new threshold 1 (max threshold 6)
[2019-12-09T02:03:13.022+0000][1][gc,age       ] GC(0) Age table with threshold 1 (max threshold 6)
[2019-12-09T02:03:13.022+0000][1][gc,age       ] GC(0) - age   1:    6679040 bytes,    6679040 total
[2019-12-09T02:03:13.022+0000][1][gc,heap      ] GC(0) ParNew: 69952K->6570K(78656K)
[2019-12-09T02:03:13.022+0000][1][gc,heap      ] GC(0) CMS: 0K->0K(174784K)
[2019-12-09T02:03:13.022+0000][1][gc,metaspace ] GC(0) Metaspace: 12951K->12951K(1060864K)
[2019-12-09T02:03:13.022+0000][1][gc           ] GC(0) Pause Young (Allocation Failure) 68M->6M(247M) 170.301ms
[2019-12-09T02:03:13.022+0000][1][gc,cpu       ] GC(0) User=0.02s Sys=0.00s Real=0.17s
[2019-12-09T02:03:13.022+0000][1][safepoint    ] Leaving safepoint region
[2019-12-09T02:03:13.022+0000][1][safepoint    ] Total time for which application threads were stopped: 0.1704531 seconds, Stopping threads took: 0.0000130 seconds
[2019-12-09T02:03:13.031+0000][1][safepoint    ] Application time: 0.0093463 seconds
[2019-12-09T02:03:13.062+0000][1][safepoint    ] Entering safepoint region: RevokeBias
[2019-12-09T02:03:13.062+0000][1][safepoint    ] Leaving safepoint region
[2019-12-09T02:03:13.062+0000][1][safepoint    ] Total time for which application threads were stopped: 0.0305173 seconds, Stopping threads took: 0.0303876 seconds
[2019-12-09T02:03:13.062+0000][1][safepoint    ] Application time: 0.0001624 seconds
[2019-12-09T02:03:13.062+0000][1][safepoint    ] Entering safepoint region: RevokeBias
[2019-12-09T02:03:13.062+0000][1][safepoint    ] Leaving safepoint region
[2019-12-09T02:03:13.062+0000][1][safepoint    ] Total time for which application threads were stopped: 0.0000778 seconds, Stopping threads took: 0.0000097 seconds
[2019-12-09T02:03:13.062+0000][1][safepoint    ] Application time: 0.0000730 seconds
[2019-12-09T02:03:13.062+0000][1][safepoint    ] Entering safepoint region: RevokeBias
[2019-12-09T02:03:13.062+0000][1][safepoint    ] Leaving safepoint region
[2019-12-09T02:03:13.062+0000][1][safepoint    ] Total time for which application threads were stopped: 0.0000724 seconds, Stopping threads took: 0.0000083 seconds
[2019-12-09T02:03:13.062+0000][1][safepoint    ] Application time: 0.0000551 seconds
[2019-12-09T02:03:13.062+0000][1][safepoint    ] Entering safepoint region: RevokeBias
[2019-12-09T02:03:13.062+0000][1][safepoint    ] Leaving safepoint region
[2019-12-09T02:03:13.062+0000][1][safepoint    ] Total time for which application threads were stopped: 0.0000616 seconds, Stopping threads took: 0.0000085 seconds
[2019-12-09T02:03:13.063+0000][1][safepoint    ] Application time: 0.0000576 seconds
[2019-12-09T02:03:13.063+0000][1][safepoint    ] Entering safepoint region: RevokeBias
[2019-12-09T02:03:13.063+0000][1][safepoint    ] Leaving safepoint region
[2019-12-09T02:03:13.063+0000][1][safepoint    ] Total time for which application threads were stopped: 0.0000604 seconds, Stopping threads took: 0.0000082 seconds
[2019-12-09T02:03:13.063+0000][1][safepoint    ] Application time: 0.0000506 seconds
[2019-12-09T02:03:13.063+0000][1][safepoint    ] Entering safepoint region: RevokeBias
[2019-12-09T02:03:13.063+0000][1][safepoint    ] Leaving safepoint region
[2019-12-09T02:03:13.063+0000][1][safepoint    ] Total time for which application threads were stopped: 0.0000829 seconds, Stopping threads took: 0.0000295 seconds
[2019-12-09T02:03:13.063+0000][1][safepoint    ] Application time: 0.0000590 seconds
[2019-12-09T02:03:13.063+0000][1][safepoint    ] Entering safepoint region: RevokeBias
[2019-12-09T02:03:13.063+0000][1][safepoint    ] Leaving safepoint region
[2019-12-09T02:03:13.063+0000][1][safepoint    ] Total time for which application threads were stopped: 0.0000636 seconds, Stopping threads took: 0.0000079 seconds
[2019-12-09T02:03:13.063+0000][1][safepoint    ] Application time: 0.0000528 seconds
[2019-12-09T02:03:13.063+0000][1][safepoint    ] Entering safepoint region: RevokeBias
[2019-12-09T02:03:13.063+0000][1][safepoint    ] Leaving safepoint region
[2019-12-09T02:03:13.063+0000][1][safepoint    ] Total time for which application threads were stopped: 0.0000671 seconds, Stopping threads took: 0.0000173 seconds
[2019-12-09T02:03:13.063+0000][1][safepoint    ] Application time: 0.0000573 seconds
[2019-12-09T02:03:13.063+0000][1][safepoint    ] Entering safepoint region: RevokeBias
[2019-12-09T02:03:13.063+0000][1][safepoint    ] Leaving safepoint region
[2019-12-09T02:03:13.063+0000][1][safepoint    ] Total time for which application threads were stopped: 0.0000565 seconds, Stopping threads took: 0.0000072 seconds
[2019-12-09T02:03:13.063+0000][1][safepoint    ] Application time: 0.0000488 seconds
[2019-12-09T02:03:13.063+0000][1][safepoint    ] Entering safepoint region: RevokeBias
[2019-12-09T02:03:13.063+0000][1][safepoint    ] Leaving safepoint region
[2019-12-09T02:03:13.063+0000][1][safepoint    ] Total time for which application threads were stopped: 0.0000571 seconds, Stopping threads took: 0.0000069 seconds
[2019-12-09T02:03:13.063+0000][1][safepoint    ] Application time: 0.0000544 seconds
[2019-12-09T02:03:13.063+0000][1][safepoint    ] Entering safepoint region: RevokeBias
[2019-12-09T02:03:13.063+0000][1][safepoint    ] Leaving safepoint region
[2019-12-09T02:03:13.063+0000][1][safepoint    ] Total time for which application threads were stopped: 0.0000596 seconds, Stopping threads took: 0.0000078 seconds
[2019-12-09T02:03:13.063+0000][1][safepoint    ] Application time: 0.0000510 seconds
[2019-12-09T02:03:13.063+0000][1][safepoint    ] Entering safepoint region: RevokeBias
[2019-12-09T02:03:13.064+0000][1][safepoint    ] Leaving safepoint region
[2019-12-09T02:03:13.064+0000][1][safepoint    ] Total time for which application threads were stopped: 0.0000615 seconds, Stopping threads took: 0.0000081 seconds
[2019-12-09T02:03:13.064+0000][1][safepoint    ] Application time: 0.0000478 seconds
[2019-12-09T02:03:13.064+0000][1][safepoint    ] Entering safepoint region: RevokeBias
[2019-12-09T02:03:13.064+0000][1][safepoint    ] Leaving safepoint region
[2019-12-09T02:03:13.064+0000][1][safepoint    ] Total time for which application threads were stopped: 0.0000533 seconds, Stopping threads took: 0.0000063 seconds
[2019-12-09T02:03:13.064+0000][1][safepoint    ] Application time: 0.0000609 seconds
[2019-12-09T02:03:13.064+0000][1][safepoint    ] Entering safepoint region: RevokeBias
[2019-12-09T02:03:13.064+0000][1][safepoint    ] Leaving safepoint region
[2019-12-09T02:03:13.064+0000][1][safepoint    ] Total time for which application threads were stopped: 0.0000590 seconds, Stopping threads took: 0.0000073 seconds
[2019-12-09T02:03:13.064+0000][1][safepoint    ] Application time: 0.0000596 seconds
[2019-12-09T02:03:13.064+0000][1][safepoint    ] Entering safepoint region: RevokeBias
[2019-12-09T02:03:13.064+0000][1][safepoint    ] Leaving safepoint region
[2019-12-09T02:03:13.064+0000][1][safepoint    ] Total time for which application threads were stopped: 0.0000557 seconds, Stopping threads took: 0.0000074 seconds
[2019-12-09T02:03:13.064+0000][1][safepoint    ] Application time: 0.0000574 seconds
[2019-12-09T02:03:13.064+0000][1][safepoint    ] Entering safepoint region: RevokeBias
[2019-12-09T02:03:13.064+0000][1][safepoint    ] Leaving safepoint region
[2019-12-09T02:03:13.064+0000][1][safepoint    ] Total time for which application threads were stopped: 0.0000560 seconds, Stopping threads took: 0.0000071 seconds
[2019-12-09T02:03:13.064+0000][1][safepoint    ] Application time: 0.0000587 seconds
[2019-12-09T02:03:13.064+0000][1][safepoint    ] Entering safepoint region: RevokeBias
[2019-12-09T02:03:13.064+0000][1][safepoint    ] Leaving safepoint region
[2019-12-09T02:03:13.064+0000][1][safepoint    ] Total time for which application threads were stopped: 0.0000573 seconds, Stopping threads took: 0.0000075 seconds
[2019-12-09T02:03:13.064+0000][1][safepoint    ] Application time: 0.0000468 seconds
[2019-12-09T02:03:13.064+0000][1][safepoint    ] Entering safepoint region: RevokeBias
[2019-12-09T02:03:13.064+0000][1][safepoint    ] Leaving safepoint region
[2019-12-09T02:03:13.064+0000][1][safepoint    ] Total time for which application threads were stopped: 0.0000621 seconds, Stopping threads took: 0.0000131 seconds
[2019-12-09T02:03:13.064+0000][1][safepoint    ] Application time: 0.0000762 seconds
[2019-12-09T02:03:13.064+0000][1][safepoint    ] Entering safepoint region: RevokeBias
[2019-12-09T02:03:13.064+0000][1][safepoint    ] Leaving safepoint region
[2019-12-09T02:03:13.064+0000][1][safepoint    ] Total time for which application threads were stopped: 0.0000576 seconds, Stopping threads took: 0.0000073 seconds
[2019-12-09T02:03:13.065+0000][1][safepoint    ] Application time: 0.0000468 seconds
[2019-12-09T02:03:13.065+0000][1][safepoint    ] Entering safepoint region: RevokeBias
[2019-12-09T02:03:13.065+0000][1][safepoint    ] Leaving safepoint region
[2019-12-09T02:03:13.065+0000][1][safepoint    ] Total time for which application threads were stopped: 0.0000552 seconds, Stopping threads took: 0.0000076 seconds
[2019-12-09T02:03:13.065+0000][1][safepoint    ] Application time: 0.0000531 seconds
[2019-12-09T02:03:13.065+0000][1][safepoint    ] Entering safepoint region: RevokeBias
[2019-12-09T02:03:13.065+0000][1][safepoint    ] Leaving safepoint region
[2019-12-09T02:03:13.065+0000][1][safepoint    ] Total time for which application threads were stopped: 0.0000744 seconds, Stopping threads took: 0.0000070 seconds
[2019-12-09T02:03:13.065+0000][1][safepoint    ] Application time: 0.0000480 seconds
[2019-12-09T02:03:13.065+0000][1][safepoint    ] Entering safepoint region: RevokeBias
[2019-12-09T02:03:13.065+0000][1][safepoint    ] Leaving safepoint region
[2019-12-09T02:03:13.065+0000][1][safepoint    ] Total time for which application threads were stopped: 0.0000556 seconds, Stopping threads took: 0.0000077 seconds
[2019-12-09T02:03:13.093+0000][1][safepoint    ] Application time: 0.0278888 seconds
[2019-12-09T02:03:13.120+0000][1][safepoint    ] Entering safepoint region: RevokeBias
[2019-12-09T02:03:13.120+0000][1][safepoint    ] Leaving safepoint region
[2019-12-09T02:03:13.120+0000][1][safepoint    ] Total time for which application threads were stopped: 0.0270479 seconds, Stopping threads took: 0.0269939 seconds
[2019-12-09T02:03:13.120+0000][1][safepoint    ] Application time: 0.0000654 seconds
[2019-12-09T02:03:13.120+0000][1][safepoint    ] Entering safepoint region: RevokeBias
[2019-12-09T02:03:13.120+0000][1][safepoint    ] Leaving safepoint region
[2019-12-09T02:03:13.120+0000][1][safepoint    ] Total time for which application threads were stopped: 0.0000306 seconds, Stopping threads took: 0.0000083 seconds
[2019-12-09T02:03:13.120+0000][1][safepoint    ] Application time: 0.0000848 seconds
[2019-12-09T02:03:13.120+0000][1][safepoint    ] Entering safepoint region: RevokeBias
[2019-12-09T02:03:13.120+0000][1][safepoint    ] Leaving safepoint region
[2019-12-09T02:03:13.120+0000][1][safepoint    ] Total time for which application threads were stopped: 0.0000264 seconds, Stopping threads took: 0.0000072 seconds
[2019-12-09T02:03:13.120+0000][1][safepoint    ] Application time: 0.0000428 seconds
[2019-12-09T02:03:13.120+0000][1][safepoint    ] Entering safepoint region: RevokeBias
[2019-12-09T02:03:13.120+0000][1][safepoint    ] Leaving safepoint region
[2019-12-09T02:03:13.120+0000][1][safepoint    ] Total time for which application threads were stopped: 0.0000253 seconds, Stopping threads took: 0.0000069 seconds
[2019-12-09T02:03:13.120+0000][1][safepoint    ] Application time: 0.0002729 seconds
[2019-12-09T02:03:13.120+0000][1][safepoint    ] Entering safepoint region: RevokeBias
[2019-12-09T02:03:13.120+0000][1][safepoint    ] Leaving safepoint region
[2019-12-09T02:03:13.120+0000][1][safepoint    ] Total time for which application threads were stopped: 0.0000266 seconds, Stopping threads took: 0.0000071 seconds
[2019-12-09T02:03:13.124+0000][1][safepoint    ] Application time: 0.0032408 seconds
[2019-12-09T02:03:13.124+0000][1][safepoint    ] Entering safepoint region: RevokeBias
[2019-12-09T02:03:13.124+0000][1][safepoint    ] Leaving safepoint region
[2019-12-09T02:03:13.124+0000][1][safepoint    ] Total time for which application threads were stopped: 0.0000579 seconds, Stopping threads took: 0.0000196 seconds
[2019-12-09T02:03:13.124+0000][1][safepoint    ] Application time: 0.0000782 seconds
[2019-12-09T02:03:13.124+0000][1][safepoint    ] Entering safepoint region: RevokeBias
[2019-12-09T02:03:13.124+0000][1][safepoint    ] Leaving safepoint region
[2019-12-09T02:03:13.124+0000][1][safepoint    ] Total time for which application threads were stopped: 0.0000277 seconds, Stopping threads took: 0.0000064 seconds
[2019-12-09T02:03:13.124+0000][1][safepoint    ] Application time: 0.0000437 seconds
[2019-12-09T02:03:13.124+0000][1][safepoint    ] Entering safepoint region: RevokeBias
[2019-12-09T02:03:13.124+0000][1][safepoint    ] Leaving safepoint region
[2019-12-09T02:03:13.124+0000][1][safepoint    ] Total time for which application threads were stopped: 0.0000262 seconds, Stopping threads took: 0.0000067 seconds
[2019-12-09T02:03:13.772+0000][1][safepoint    ] Application time: 0.6484164 seconds
[2019-12-09T02:03:13.772+0000][1][safepoint    ] Entering safepoint region: RevokeBias
[2019-12-09T02:03:13.773+0000][1][safepoint    ] Leaving safepoint region
[2019-12-09T02:03:13.773+0000][1][safepoint    ] Total time for which application threads were stopped: 0.0000983 seconds, Stopping threads took: 0.0000113 seconds
[2019-12-09T02:03:14.358+0000][1][safepoint    ] Application time: 0.5850529 seconds
[2019-12-09T02:03:14.358+0000][1][safepoint    ] Entering safepoint region: Deoptimize
[2019-12-09T02:03:14.358+0000][1][safepoint    ] Leaving safepoint region
[2019-12-09T02:03:14.358+0000][1][safepoint    ] Total time for which application threads were stopped: 0.0004474 seconds, Stopping threads took: 0.0000128 seconds
[2019-12-09T02:03:15.363+0000][1][safepoint    ] Application time: 1.0046221 seconds
[2019-12-09T02:03:15.363+0000][1][safepoint    ] Entering safepoint region: Cleanup
[2019-12-09T02:03:15.363+0000][1][safepoint    ] Leaving safepoint region
[2019-12-09T02:03:15.363+0000][1][safepoint    ] Total time for which application threads were stopped: 0.0002423 seconds, Stopping threads took: 0.0001685 seconds
[2019-12-09T02:03:15.413+0000][1][safepoint    ] Application time: 0.0497113 seconds
[2019-12-09T02:03:15.413+0000][1][safepoint    ] Entering safepoint region: RevokeBias
[2019-12-09T02:03:15.413+0000][1][safepoint    ] Leaving safepoint region
[2019-12-09T02:03:15.413+0000][1][safepoint    ] Total time for which application threads were stopped: 0.0000712 seconds, Stopping threads took: 0.0000128 seconds
[2019-12-09T02:03:16.427+0000][1][safepoint    ] Application time: 1.0138770 seconds
[2019-12-09T02:03:16.437+0000][1][safepoint    ] Entering safepoint region: Cleanup
[2019-12-09T02:03:16.437+0000][1][safepoint    ] Leaving safepoint region
[2019-12-09T02:03:16.437+0000][1][safepoint    ] Total time for which application threads were stopped: 0.0099666 seconds, Stopping threads took: 0.0098940 seconds
[2019-12-09T02:03:17.103+0000][1][safepoint    ] Application time: 0.6665407 seconds
[2019-12-09T02:03:17.103+0000][1][safepoint    ] Entering safepoint region: GenCollectForAllocation
[2019-12-09T02:03:17.103+0000][1][gc,start     ] GC(1) Pause Young (Allocation Failure)
[2019-12-09T02:03:17.103+0000][1][gc,task      ] GC(1) Using 2 workers of 2 for evacuation
[2019-12-09T02:03:17.354+0000][1][gc,age       ] GC(1) Desired survivor size 4456448 bytes, new threshold 6 (max threshold 6)
[2019-12-09T02:03:17.354+0000][1][gc,age       ] GC(1) Age table with threshold 6 (max threshold 6)
[2019-12-09T02:03:17.354+0000][1][gc,age       ] GC(1) - age   1:    1223896 bytes,    1223896 total
[2019-12-09T02:03:17.354+0000][1][gc,heap      ] GC(1) ParNew: 76522K->4240K(78656K)
[2019-12-09T02:03:17.354+0000][1][gc,heap      ] GC(1) CMS: 0K->7021K(174784K)
[2019-12-09T02:03:17.354+0000][1][gc,metaspace ] GC(1) Metaspace: 14877K->14877K(1062912K)
[2019-12-09T02:03:17.354+0000][1][gc           ] GC(1) Pause Young (Allocation Failure) 74M->10M(247M) 250.887ms
[2019-12-09T02:03:17.354+0000][1][gc,cpu       ] GC(1) User=0.06s Sys=0.00s Real=0.25s
[2019-12-09T02:03:17.354+0000][1][safepoint    ] Leaving safepoint region
[2019-12-09T02:03:17.354+0000][1][safepoint    ] Total time for which application threads were stopped: 0.2510442 seconds, Stopping threads took: 0.0000136 seconds
[2019-12-09T02:03:17.359+0000][1][safepoint    ] Application time: 0.0045569 seconds
[2019-12-09T02:03:17.361+0000][1][safepoint    ] Entering safepoint region: BulkRevokeBias
[2019-12-09T02:03:17.361+0000][1][safepoint    ] Leaving safepoint region
[2019-12-09T02:03:17.361+0000][1][safepoint    ] Total time for which application threads were stopped: 0.0019716 seconds, Stopping threads took: 0.0018559 seconds
[2019-12-09T02:03:17.361+0000][1][safepoint    ] Application time: 0.0001255 seconds
[2019-12-09T02:03:17.361+0000][1][safepoint    ] Entering safepoint region: RevokeBias
[2019-12-09T02:03:17.361+0000][1][safepoint    ] Leaving safepoint region
[2019-12-09T02:03:17.361+0000][1][safepoint    ] Total time for which application threads were stopped: 0.0000452 seconds, Stopping threads took: 0.0000087 seconds
[2019-12-09T02:03:17.361+0000][1][safepoint    ] Application time: 0.0000669 seconds
[2019-12-09T02:03:17.361+0000][1][safepoint    ] Entering safepoint region: RevokeBias
[2019-12-09T02:03:17.361+0000][1][safepoint    ] Leaving safepoint region
[2019-12-09T02:03:17.361+0000][1][safepoint    ] Total time for which application threads were stopped: 0.0000380 seconds, Stopping threads took: 0.0000072 seconds
[2019-12-09T02:03:17.361+0000][1][safepoint    ] Application time: 0.0000450 seconds
[2019-12-09T02:03:17.361+0000][1][safepoint    ] Entering safepoint region: RevokeBias
[2019-12-09T02:03:17.361+0000][1][safepoint    ] Leaving safepoint region
[2019-12-09T02:03:17.361+0000][1][safepoint    ] Total time for which application threads were stopped: 0.0000332 seconds, Stopping threads took: 0.0000070 seconds
[2019-12-09T02:03:17.361+0000][1][safepoint    ] Application time: 0.0000508 seconds
[2019-12-09T02:03:17.361+0000][1][safepoint    ] Entering safepoint region: RevokeBias
[2019-12-09T02:03:17.361+0000][1][safepoint    ] Leaving safepoint region
[2019-12-09T02:03:17.361+0000][1][safepoint    ] Total time for which application threads were stopped: 0.0000340 seconds, Stopping threads took: 0.0000073 seconds
[2019-12-09T02:03:17.361+0000][1][safepoint    ] Application time: 0.0000456 seconds
[2019-12-09T02:03:17.361+0000][1][safepoint    ] Entering safepoint region: RevokeBias
[2019-12-09T02:03:17.361+0000][1][safepoint    ] Leaving safepoint region
[2019-12-09T02:03:17.362+0000][1][safepoint    ] Total time for which application threads were stopped: 0.0000355 seconds, Stopping threads took: 0.0000074 seconds
[2019-12-09T02:03:17.362+0000][1][safepoint    ] Application time: 0.0000534 seconds
[2019-12-09T02:03:17.362+0000][1][safepoint    ] Entering safepoint region: BulkRevokeBias
[2019-12-09T02:03:17.362+0000][1][safepoint    ] Leaving safepoint region
[2019-12-09T02:03:17.362+0000][1][safepoint    ] Total time for which application threads were stopped: 0.0000564 seconds, Stopping threads took: 0.0000072 seconds
[2019-12-09T02:03:17.362+0000][1][safepoint    ] Application time: 0.0000612 seconds
[2019-12-09T02:03:17.362+0000][1][safepoint    ] Entering safepoint region: RevokeBias
[2019-12-09T02:03:17.362+0000][1][safepoint    ] Leaving safepoint region
[2019-12-09T02:03:17.362+0000][1][safepoint    ] Total time for which application threads were stopped: 0.0000338 seconds, Stopping threads took: 0.0000075 seconds
[2019-12-09T02:03:17.362+0000][1][safepoint    ] Application time: 0.0000568 seconds
[2019-12-09T02:03:17.362+0000][1][safepoint    ] Entering safepoint region: BulkRevokeBias
[2019-12-09T02:03:17.362+0000][1][safepoint    ] Leaving safepoint region
[2019-12-09T02:03:17.362+0000][1][safepoint    ] Total time for which application threads were stopped: 0.0000524 seconds, Stopping threads took: 0.0000068 seconds
[2019-12-09T02:03:17.776+0000][1][safepoint    ] Application time: 0.4138289 seconds
[2019-12-09T02:03:17.776+0000][1][safepoint    ] Entering safepoint region: RevokeBias
[2019-12-09T02:03:17.776+0000][1][safepoint    ] Leaving safepoint region
[2019-12-09T02:03:17.776+0000][1][safepoint    ] Total time for which application threads were stopped: 0.0000970 seconds, Stopping threads took: 0.0000141 seconds
[2019-12-09T02:03:17.804+0000][1][safepoint    ] Application time: 0.0276507 seconds
[2019-12-09T02:03:17.804+0000][1][safepoint    ] Entering safepoint region: RevokeBias
[2019-12-09T02:03:17.804+0000][1][safepoint    ] Leaving safepoint region
[2019-12-09T02:03:17.804+0000][1][safepoint    ] Total time for which application threads were stopped: 0.0000798 seconds, Stopping threads took: 0.0000121 seconds
[2019-12-09T02:03:17.967+0000][1][safepoint    ] Application time: 0.1637191 seconds
[2019-12-09T02:03:17.967+0000][1][safepoint    ] Entering safepoint region: RevokeBias
[2019-12-09T02:03:17.967+0000][1][safepoint    ] Leaving safepoint region
[2019-12-09T02:03:17.967+0000][1][safepoint    ] Total time for which application threads were stopped: 0.0000849 seconds, Stopping threads took: 0.0000139 seconds
[2019-12-09T02:03:18.004+0000][1][safepoint    ] Application time: 0.0362314 seconds
[2019-12-09T02:03:18.004+0000][1][safepoint    ] Entering safepoint region: RevokeBias
[2019-12-09T02:03:18.004+0000][1][safepoint    ] Leaving safepoint region
[2019-12-09T02:03:18.004+0000][1][safepoint    ] Total time for which application threads were stopped: 0.0001244 seconds, Stopping threads took: 0.0000540 seconds
[2019-12-09T02:03:18.020+0000][1][safepoint    ] Application time: 0.0165919 seconds
[2019-12-09T02:03:18.021+0000][1][safepoint    ] Entering safepoint region: RevokeBias
[2019-12-09T02:03:18.021+0000][1][safepoint    ] Leaving safepoint region
[2019-12-09T02:03:18.021+0000][1][safepoint    ] Total time for which application threads were stopped: 0.0000783 seconds, Stopping threads took: 0.0000123 seconds
[2019-12-09T02:03:18.633+0000][1][safepoint    ] Application time: 0.6120410 seconds
[2019-12-09T02:03:18.633+0000][1][safepoint    ] Entering safepoint region: GenCollectForAllocation
[2019-12-09T02:03:18.633+0000][1][gc,start     ] GC(2) Pause Young (Allocation Failure)
[2019-12-09T02:03:18.633+0000][1][gc,task      ] GC(2) Using 2 workers of 2 for evacuation
[2019-12-09T02:03:18.707+0000][1][gc,age       ] GC(2) Desired survivor size 4456448 bytes, new threshold 6 (max threshold 6)
[2019-12-09T02:03:18.707+0000][1][gc,age       ] GC(2) Age table with threshold 6 (max threshold 6)
[2019-12-09T02:03:18.707+0000][1][gc,age       ] GC(2) - age   1:     528840 bytes,     528840 total
[2019-12-09T02:03:18.707+0000][1][gc,age       ] GC(2) - age   2:     955264 bytes,    1484104 total
[2019-12-09T02:03:18.707+0000][1][gc,heap      ] GC(2) ParNew: 74192K->2038K(78656K)
[2019-12-09T02:03:18.707+0000][1][gc,heap      ] GC(2) CMS: 7021K->7021K(174784K)
[2019-12-09T02:03:18.707+0000][1][gc,metaspace ] GC(2) Metaspace: 14971K->14971K(1062912K)
[2019-12-09T02:03:18.707+0000][1][gc           ] GC(2) Pause Young (Allocation Failure) 79M->8M(247M) 74.160ms
[2019-12-09T02:03:18.707+0000][1][gc,cpu       ] GC(2) User=0.00s Sys=0.00s Real=0.08s
[2019-12-09T02:03:18.707+0000][1][safepoint    ] Leaving safepoint region
[2019-12-09T02:03:18.707+0000][1][safepoint    ] Total time for which application threads were stopped: 0.0743312 seconds, Stopping threads took: 0.0000328 seconds
[2019-12-09T02:03:18.710+0000][1][safepoint    ] Application time: 0.0028249 seconds
[2019-12-09T02:03:18.757+0000][1][safepoint    ] Entering safepoint region: RevokeBias
[2019-12-09T02:03:18.757+0000][1][safepoint    ] Leaving safepoint region
[2019-12-09T02:03:18.757+0000][1][safepoint    ] Total time for which application threads were stopped: 0.0475904 seconds, Stopping threads took: 0.0474535 seconds
[2019-12-09T02:03:18.758+0000][1][safepoint    ] Application time: 0.0000776 seconds
[2019-12-09T02:03:18.758+0000][1][safepoint    ] Entering safepoint region: RevokeBias
[2019-12-09T02:03:18.758+0000][1][safepoint    ] Leaving safepoint region
[2019-12-09T02:03:18.758+0000][1][safepoint    ] Total time for which application threads were stopped: 0.0001409 seconds, Stopping threads took: 0.0000219 seconds
[2019-12-09T02:03:18.758+0000][1][safepoint    ] Application time: 0.0000817 seconds
[2019-12-09T02:03:18.758+0000][1][safepoint    ] Entering safepoint region: RevokeBias
[2019-12-09T02:03:18.758+0000][1][safepoint    ] Leaving safepoint region
[2019-12-09T02:03:18.758+0000][1][safepoint    ] Total time for which application threads were stopped: 0.0000946 seconds, Stopping threads took: 0.0000082 seconds
[2019-12-09T02:03:18.758+0000][1][safepoint    ] Application time: 0.0000516 seconds
[2019-12-09T02:03:18.758+0000][1][safepoint    ] Entering safepoint region: RevokeBias
[2019-12-09T02:03:18.758+0000][1][safepoint    ] Leaving safepoint region
[2019-12-09T02:03:18.758+0000][1][safepoint    ] Total time for which application threads were stopped: 0.0000892 seconds, Stopping threads took: 0.0000081 seconds
[2019-12-09T02:03:18.758+0000][1][safepoint    ] Application time: 0.0000612 seconds
[2019-12-09T02:03:18.758+0000][1][safepoint    ] Entering safepoint region: RevokeBias
[2019-12-09T02:03:18.758+0000][1][safepoint    ] Leaving safepoint region
[2019-12-09T02:03:18.758+0000][1][safepoint    ] Total time for which application threads were stopped: 0.0000895 seconds, Stopping threads took: 0.0000084 seconds
[2019-12-09T02:03:18.758+0000][1][safepoint    ] Application time: 0.0000531 seconds
[2019-12-09T02:03:18.758+0000][1][safepoint    ] Entering safepoint region: RevokeBias
[2019-12-09T02:03:18.758+0000][1][safepoint    ] Leaving safepoint region
[2019-12-09T02:03:18.758+0000][1][safepoint    ] Total time for which application threads were stopped: 0.0000934 seconds, Stopping threads took: 0.0000085 seconds
[2019-12-09T02:03:19.761+0000][1][safepoint    ] Application time: 1.0023141 seconds
[2019-12-09T02:03:19.771+0000][1][safepoint    ] Entering safepoint region: Cleanup
[2019-12-09T02:03:19.771+0000][1][safepoint    ] Leaving safepoint region
[2019-12-09T02:03:19.771+0000][1][safepoint    ] Total time for which application threads were stopped: 0.0101077 seconds, Stopping threads took: 0.0100281 seconds
[2019-12-09T02:03:19.925+0000][1][safepoint    ] Application time: 0.1545619 seconds
[2019-12-09T02:03:19.925+0000][1][safepoint    ] Entering safepoint region: Deoptimize
[2019-12-09T02:03:19.926+0000][1][safepoint    ] Leaving safepoint region
[2019-12-09T02:03:19.926+0000][1][safepoint    ] Total time for which application threads were stopped: 0.0003834 seconds, Stopping threads took: 0.0000159 seconds
[2019-12-09T02:03:19.946+0000][1][safepoint    ] Application time: 0.0198575 seconds
[2019-12-09T02:03:19.946+0000][1][safepoint    ] Entering safepoint region: Deoptimize
[2019-12-09T02:03:19.946+0000][1][safepoint    ] Leaving safepoint region
[2019-12-09T02:03:19.946+0000][1][safepoint    ] Total time for which application threads were stopped: 0.0003629 seconds, Stopping threads took: 0.0000135 seconds
[2019-12-09T02:03:20.954+0000][1][safepoint    ] Application time: 1.0079172 seconds
[2019-12-09T02:03:20.954+0000][1][safepoint    ] Entering safepoint region: Cleanup
[2019-12-09T02:03:20.954+0000][1][safepoint    ] Leaving safepoint region
[2019-12-09T02:03:20.954+0000][1][safepoint    ] Total time for which application threads were stopped: 0.0000687 seconds, Stopping threads took: 0.0000134 seconds
[2019-12-09T02:03:21.956+0000][1][safepoint    ] Application time: 1.0015623 seconds
[2019-12-09T02:03:21.970+0000][1][safepoint    ] Entering safepoint region: Cleanup
[2019-12-09T02:03:21.970+0000][1][safepoint    ] Leaving safepoint region
[2019-12-09T02:03:21.970+0000][1][safepoint    ] Total time for which application threads were stopped: 0.0141651 seconds, Stopping threads took: 0.0141041 seconds
[2019-12-09T02:03:22.327+0000][1][safepoint    ] Application time: 0.3568044 seconds
[2019-12-09T02:03:22.327+0000][1][safepoint    ] Entering safepoint region: RevokeBias
[2019-12-09T02:03:22.327+0000][1][safepoint    ] Leaving safepoint region
[2019-12-09T02:03:22.327+0000][1][safepoint    ] Total time for which application threads were stopped: 0.0000987 seconds, Stopping threads took: 0.0000245 seconds
[2019-12-09T02:03:22.420+0000][1][safepoint    ] Application time: 0.0930148 seconds
[2019-12-09T02:03:22.420+0000][1][safepoint    ] Entering safepoint region: GenCollectForAllocation
[2019-12-09T02:03:22.420+0000][1][gc,start     ] GC(3) Pause Young (Allocation Failure)
[2019-12-09T02:03:22.420+0000][1][gc,task      ] GC(3) Using 2 workers of 2 for evacuation
[2019-12-09T02:03:22.513+0000][1][gc,age       ] GC(3) Desired survivor size 4456448 bytes, new threshold 3 (max threshold 6)
[2019-12-09T02:03:22.513+0000][1][gc,age       ] GC(3) Age table with threshold 3 (max threshold 6)
[2019-12-09T02:03:22.513+0000][1][gc,age       ] GC(3) - age   1:    3793752 bytes,    3793752 total
[2019-12-09T02:03:22.513+0000][1][gc,age       ] GC(3) - age   2:     508008 bytes,    4301760 total
[2019-12-09T02:03:22.513+0000][1][gc,age       ] GC(3) - age   3:     953216 bytes,    5254976 total
[2019-12-09T02:03:22.513+0000][1][gc,heap      ] GC(3) ParNew: 71990K->6081K(78656K)
[2019-12-09T02:03:22.513+0000][1][gc,heap      ] GC(3) CMS: 7021K->7021K(174784K)
[2019-12-09T02:03:22.513+0000][1][gc,metaspace ] GC(3) Metaspace: 18517K->18517K(1067008K)
[2019-12-09T02:03:22.513+0000][1][gc           ] GC(3) Pause Young (Allocation Failure) 77M->12M(247M) 93.291ms
[2019-12-09T02:03:22.513+0000][1][gc,cpu       ] GC(3) User=0.02s Sys=0.00s Real=0.09s
[2019-12-09T02:03:22.513+0000][1][safepoint    ] Leaving safepoint region
[2019-12-09T02:03:22.513+0000][1][safepoint    ] Total time for which application threads were stopped: 0.0934162 seconds, Stopping threads took: 0.0000135 seconds
[2019-12-09T02:03:22.514+0000][1][safepoint    ] Application time: 0.0007116 seconds
[2019-12-09T02:03:22.514+0000][1][safepoint    ] Entering safepoint region: BulkRevokeBias
[2019-12-09T02:03:22.514+0000][1][safepoint    ] Leaving safepoint region
[2019-12-09T02:03:22.514+0000][1][safepoint    ] Total time for which application threads were stopped: 0.0001554 seconds, Stopping threads took: 0.0000129 seconds
[2019-12-09T02:03:22.515+0000][1][safepoint    ] Application time: 0.0007664 seconds
[2019-12-09T02:03:22.515+0000][1][safepoint    ] Entering safepoint region: RevokeBias
[2019-12-09T02:03:22.515+0000][1][safepoint    ] Leaving safepoint region
[2019-12-09T02:03:22.515+0000][1][safepoint    ] Total time for which application threads were stopped: 0.0000705 seconds, Stopping threads took: 0.0000113 seconds
[2019-12-09T02:03:22.515+0000][1][safepoint    ] Application time: 0.0000768 seconds
[2019-12-09T02:03:22.515+0000][1][safepoint    ] Entering safepoint region: RevokeBias
[2019-12-09T02:03:22.515+0000][1][safepoint    ] Leaving safepoint region
[2019-12-09T02:03:22.515+0000][1][safepoint    ] Total time for which application threads were stopped: 0.0000499 seconds, Stopping threads took: 0.0000089 seconds
[2019-12-09T02:03:22.515+0000][1][safepoint    ] Application time: 0.0000531 seconds
[2019-12-09T02:03:22.515+0000][1][safepoint    ] Entering safepoint region: RevokeBias
[2019-12-09T02:03:22.515+0000][1][safepoint    ] Leaving safepoint region
[2019-12-09T02:03:22.515+0000][1][safepoint    ] Total time for which application threads were stopped: 0.0000393 seconds, Stopping threads took: 0.0000077 seconds
[2019-12-09T02:03:22.515+0000][1][safepoint    ] Application time: 0.0000580 seconds
[2019-12-09T02:03:22.515+0000][1][safepoint    ] Entering safepoint region: RevokeBias
[2019-12-09T02:03:22.515+0000][1][safepoint    ] Leaving safepoint region
[2019-12-09T02:03:22.515+0000][1][safepoint    ] Total time for which application threads were stopped: 0.0000379 seconds, Stopping threads took: 0.0000078 seconds
[2019-12-09T02:03:22.516+0000][1][safepoint    ] Application time: 0.0000499 seconds
[2019-12-09T02:03:22.516+0000][1][safepoint    ] Entering safepoint region: RevokeBias
[2019-12-09T02:03:22.516+0000][1][safepoint    ] Leaving safepoint region
[2019-12-09T02:03:22.516+0000][1][safepoint    ] Total time for which application threads were stopped: 0.0000478 seconds, Stopping threads took: 0.0000077 seconds
[2019-12-09T02:03:22.516+0000][1][safepoint    ] Application time: 0.0000579 seconds
[2019-12-09T02:03:22.516+0000][1][safepoint    ] Entering safepoint region: RevokeBias
[2019-12-09T02:03:22.516+0000][1][safepoint    ] Leaving safepoint region
[2019-12-09T02:03:22.516+0000][1][safepoint    ] Total time for which application threads were stopped: 0.0000709 seconds, Stopping threads took: 0.0000084 seconds
[2019-12-09T02:03:22.516+0000][1][safepoint    ] Application time: 0.0000524 seconds
[2019-12-09T02:03:22.516+0000][1][safepoint    ] Entering safepoint region: RevokeBias
[2019-12-09T02:03:22.516+0000][1][safepoint    ] Leaving safepoint region
[2019-12-09T02:03:22.516+0000][1][safepoint    ] Total time for which application threads were stopped: 0.0000369 seconds, Stopping threads took: 0.0000076 seconds
[2019-12-09T02:03:22.516+0000][1][safepoint    ] Application time: 0.0000568 seconds
[2019-12-09T02:03:22.516+0000][1][safepoint    ] Entering safepoint region: RevokeBias
[2019-12-09T02:03:22.516+0000][1][safepoint    ] Leaving safepoint region
[2019-12-09T02:03:22.516+0000][1][safepoint    ] Total time for which application threads were stopped: 0.0000359 seconds, Stopping threads took: 0.0000077 seconds
[2019-12-09T02:03:22.516+0000][1][safepoint    ] Application time: 0.0000496 seconds
[2019-12-09T02:03:22.516+0000][1][safepoint    ] Entering safepoint region: RevokeBias
[2019-12-09T02:03:22.516+0000][1][safepoint    ] Leaving safepoint region
[2019-12-09T02:03:22.516+0000][1][safepoint    ] Total time for which application threads were stopped: 0.0000359 seconds, Stopping threads took: 0.0000078 seconds
[2019-12-09T02:03:22.516+0000][1][safepoint    ] Application time: 0.0000541 seconds
[2019-12-09T02:03:22.516+0000][1][safepoint    ] Entering safepoint region: RevokeBias
[2019-12-09T02:03:22.516+0000][1][safepoint    ] Leaving safepoint region
[2019-12-09T02:03:22.516+0000][1][safepoint    ] Total time for which application threads were stopped: 0.0000371 seconds, Stopping threads took: 0.0000080 seconds
[2019-12-09T02:03:22.516+0000][1][safepoint    ] Application time: 0.0000495 seconds
[2019-12-09T02:03:22.516+0000][1][safepoint    ] Entering safepoint region: RevokeBias
[2019-12-09T02:03:22.516+0000][1][safepoint    ] Leaving safepoint region
[2019-12-09T02:03:22.516+0000][1][safepoint    ] Total time for which application threads were stopped: 0.0000447 seconds, Stopping threads took: 0.0000074 seconds
[2019-12-09T02:03:22.516+0000][1][safepoint    ] Application time: 0.0000469 seconds
[2019-12-09T02:03:22.516+0000][1][safepoint    ] Entering safepoint region: RevokeBias
[2019-12-09T02:03:22.516+0000][1][safepoint    ] Leaving safepoint region
[2019-12-09T02:03:22.516+0000][1][safepoint    ] Total time for which application threads were stopped: 0.0000337 seconds, Stopping threads took: 0.0000070 seconds
[2019-12-09T02:03:22.516+0000][1][safepoint    ] Application time: 0.0000437 seconds
[2019-12-09T02:03:22.516+0000][1][safepoint    ] Entering safepoint region: RevokeBias
[2019-12-09T02:03:22.516+0000][1][safepoint    ] Leaving safepoint region
[2019-12-09T02:03:22.516+0000][1][safepoint    ] Total time for which application threads were stopped: 0.0000329 seconds, Stopping threads took: 0.0000068 seconds
[2019-12-09T02:03:22.517+0000][1][safepoint    ] Application time: 0.0000468 seconds
[2019-12-09T02:03:22.517+0000][1][safepoint    ] Entering safepoint region: RevokeBias
[2019-12-09T02:03:22.517+0000][1][safepoint    ] Leaving safepoint region
[2019-12-09T02:03:22.517+0000][1][safepoint    ] Total time for which application threads were stopped: 0.0000330 seconds, Stopping threads took: 0.0000068 seconds
[2019-12-09T02:03:22.517+0000][1][safepoint    ] Application time: 0.0001819 seconds
[2019-12-09T02:03:22.517+0000][1][safepoint    ] Entering safepoint region: RevokeBias
[2019-12-09T02:03:22.517+0000][1][safepoint    ] Leaving safepoint region
[2019-12-09T02:03:22.517+0000][1][safepoint    ] Total time for which application threads were stopped: 0.0000434 seconds, Stopping threads took: 0.0000073 seconds
[2019-12-09T02:03:22.517+0000][1][safepoint    ] Application time: 0.0000446 seconds
[2019-12-09T02:03:22.517+0000][1][safepoint    ] Entering safepoint region: RevokeBias
[2019-12-09T02:03:22.517+0000][1][safepoint    ] Leaving safepoint region
[2019-12-09T02:03:22.517+0000][1][safepoint    ] Total time for which application threads were stopped: 0.0000338 seconds, Stopping threads took: 0.0000072 seconds
[2019-12-09T02:03:22.517+0000][1][safepoint    ] Application time: 0.0000472 seconds
[2019-12-09T02:03:22.517+0000][1][safepoint    ] Entering safepoint region: RevokeBias
[2019-12-09T02:03:22.517+0000][1][safepoint    ] Leaving safepoint region
[2019-12-09T02:03:22.517+0000][1][safepoint    ] Total time for which application threads were stopped: 0.0000340 seconds, Stopping threads took: 0.0000069 seconds
[2019-12-09T02:03:22.517+0000][1][safepoint    ] Application time: 0.0000430 seconds
[2019-12-09T02:03:22.517+0000][1][safepoint    ] Entering safepoint region: RevokeBias
[2019-12-09T02:03:22.517+0000][1][safepoint    ] Leaving safepoint region
[2019-12-09T02:03:22.517+0000][1][safepoint    ] Total time for which application threads were stopped: 0.0000327 seconds, Stopping threads took: 0.0000069 seconds
[2019-12-09T02:03:23.524+0000][1][safepoint    ] Application time: 1.0067143 seconds
[2019-12-09T02:03:23.559+0000][1][safepoint    ] Entering safepoint region: Cleanup
[2019-12-09T02:03:23.559+0000][1][safepoint    ] Leaving safepoint region
[2019-12-09T02:03:23.559+0000][1][safepoint    ] Total time for which application threads were stopped: 0.0350489 seconds, Stopping threads took: 0.0349973 seconds
[2019-12-09T02:03:23.692+0000][1][safepoint    ] Application time: 0.1331463 seconds
[2019-12-09T02:03:23.692+0000][1][safepoint    ] Entering safepoint region: GenCollectForAllocation
[2019-12-09T02:03:23.692+0000][1][gc,start     ] GC(4) Pause Young (Allocation Failure)
[2019-12-09T02:03:23.692+0000][1][gc,task      ] GC(4) Using 2 workers of 2 for evacuation
[2019-12-09T02:03:23.871+0000][1][gc,age       ] GC(4) Desired survivor size 4456448 bytes, new threshold 2 (max threshold 6)
[2019-12-09T02:03:23.871+0000][1][gc,age       ] GC(4) Age table with threshold 2 (max threshold 6)
[2019-12-09T02:03:23.871+0000][1][gc,age       ] GC(4) - age   1:    1949496 bytes,    1949496 total
[2019-12-09T02:03:23.871+0000][1][gc,age       ] GC(4) - age   2:    3229024 bytes,    5178520 total
[2019-12-09T02:03:23.871+0000][1][gc,age       ] GC(4) - age   3:     507440 bytes,    5685960 total
[2019-12-09T02:03:23.871+0000][1][gc,heap      ] GC(4) ParNew: 76033K->5886K(78656K)
[2019-12-09T02:03:23.871+0000][1][gc,heap      ] GC(4) CMS: 7021K->7966K(174784K)
[2019-12-09T02:03:23.871+0000][1][gc,metaspace ] GC(4) Metaspace: 18736K->18736K(1067008K)
[2019-12-09T02:03:23.871+0000][1][gc           ] GC(4) Pause Young (Allocation Failure) 81M->13M(247M) 178.943ms
[2019-12-09T02:03:23.871+0000][1][gc,cpu       ] GC(4) User=0.05s Sys=0.00s Real=0.18s
[2019-12-09T02:03:23.871+0000][1][safepoint    ] Leaving safepoint region
[2019-12-09T02:03:23.871+0000][1][safepoint    ] Total time for which application threads were stopped: 0.1790779 seconds, Stopping threads took: 0.0000147 seconds
[2019-12-09T02:03:23.882+0000][1][safepoint    ] Application time: 0.0106956 seconds
[2019-12-09T02:03:23.943+0000][1][safepoint    ] Entering safepoint region: RevokeBias
[2019-12-09T02:03:23.943+0000][1][safepoint    ] Leaving safepoint region
[2019-12-09T02:03:23.943+0000][1][safepoint    ] Total time for which application threads were stopped: 0.0610410 seconds, Stopping threads took: 0.0609500 seconds
[2019-12-09T02:03:23.943+0000][1][safepoint    ] Application time: 0.0000773 seconds
[2019-12-09T02:03:23.943+0000][1][safepoint    ] Entering safepoint region: RevokeBias
[2019-12-09T02:03:23.943+0000][1][safepoint    ] Leaving safepoint region
[2019-12-09T02:03:23.943+0000][1][safepoint    ] Total time for which application threads were stopped: 0.0000788 seconds, Stopping threads took: 0.0000099 seconds
[2019-12-09T02:03:23.943+0000][1][safepoint    ] Application time: 0.0000787 seconds
[2019-12-09T02:03:23.943+0000][1][safepoint    ] Entering safepoint region: RevokeBias
[2019-12-09T02:03:23.943+0000][1][safepoint    ] Leaving safepoint region
[2019-12-09T02:03:23.943+0000][1][safepoint    ] Total time for which application threads were stopped: 0.0000616 seconds, Stopping threads took: 0.0000089 seconds
[2019-12-09T02:03:23.943+0000][1][safepoint    ] Application time: 0.0000523 seconds
[2019-12-09T02:03:23.943+0000][1][safepoint    ] Entering safepoint region: RevokeBias
[2019-12-09T02:03:23.943+0000][1][safepoint    ] Leaving safepoint region
[2019-12-09T02:03:23.943+0000][1][safepoint    ] Total time for which application threads were stopped: 0.0000545 seconds, Stopping threads took: 0.0000083 seconds
[2019-12-09T02:03:24.051+0000][1][safepoint    ] Application time: 0.1073435 seconds
[2019-12-09T02:03:24.051+0000][1][safepoint    ] Entering safepoint region: Deoptimize
[2019-12-09T02:03:24.051+0000][1][safepoint    ] Leaving safepoint region
[2019-12-09T02:03:24.051+0000][1][safepoint    ] Total time for which application threads were stopped: 0.0004070 seconds, Stopping threads took: 0.0000135 seconds
[2019-12-09T02:03:24.488+0000][1][safepoint    ] Application time: 0.4363530 seconds
[2019-12-09T02:03:24.488+0000][1][safepoint    ] Entering safepoint region: Deoptimize
[2019-12-09T02:03:24.488+0000][1][safepoint    ] Leaving safepoint region
[2019-12-09T02:03:24.488+0000][1][safepoint    ] Total time for which application threads were stopped: 0.0004190 seconds, Stopping threads took: 0.0000127 seconds
[2019-12-09T02:03:24.528+0000][1][safepoint    ] Application time: 0.0400168 seconds
[2019-12-09T02:03:24.528+0000][1][safepoint    ] Entering safepoint region: RevokeBias
[2019-12-09T02:03:24.528+0000][1][safepoint    ] Leaving safepoint region
[2019-12-09T02:03:24.528+0000][1][safepoint    ] Total time for which application threads were stopped: 0.0000818 seconds, Stopping threads took: 0.0000144 seconds
[2019-12-09T02:03:24.981+0000][1][safepoint    ] Application time: 0.4532353 seconds
[2019-12-09T02:03:24.981+0000][1][safepoint    ] Entering safepoint region: RevokeBias
[2019-12-09T02:03:24.981+0000][1][safepoint    ] Leaving safepoint region
[2019-12-09T02:03:24.981+0000][1][safepoint    ] Total time for which application threads were stopped: 0.0000776 seconds, Stopping threads took: 0.0000133 seconds
[2019-12-09T02:03:24.982+0000][1][safepoint    ] Application time: 0.0004442 seconds
[2019-12-09T02:03:24.982+0000][1][safepoint    ] Entering safepoint region: RevokeBias
[2019-12-09T02:03:24.982+0000][1][safepoint    ] Leaving safepoint region
[2019-12-09T02:03:24.982+0000][1][safepoint    ] Total time for which application threads were stopped: 0.0001067 seconds, Stopping threads took: 0.0000122 seconds
[2019-12-09T02:03:24.985+0000][1][safepoint    ] Application time: 0.0030391 seconds
[2019-12-09T02:03:24.985+0000][1][safepoint    ] Entering safepoint region: RevokeBias
[2019-12-09T02:03:24.985+0000][1][safepoint    ] Leaving safepoint region
[2019-12-09T02:03:24.985+0000][1][safepoint    ] Total time for which application threads were stopped: 0.0001162 seconds, Stopping threads took: 0.0000123 seconds
[2019-12-09T02:03:25.317+0000][1][safepoint    ] Application time: 0.3322073 seconds
[2019-12-09T02:03:25.318+0000][1][safepoint    ] Entering safepoint region: GenCollectForAllocation
[2019-12-09T02:03:25.318+0000][1][gc,start     ] GC(5) Pause Young (Allocation Failure)
[2019-12-09T02:03:25.318+0000][1][gc,task      ] GC(5) Using 2 workers of 2 for evacuation
[2019-12-09T02:03:25.462+0000][1][gc,age       ] GC(5) Desired survivor size 4456448 bytes, new threshold 6 (max threshold 6)
[2019-12-09T02:03:25.462+0000][1][gc,age       ] GC(5) Age table with threshold 6 (max threshold 6)
[2019-12-09T02:03:25.462+0000][1][gc,age       ] GC(5) - age   1:    2860544 bytes,    2860544 total
[2019-12-09T02:03:25.462+0000][1][gc,age       ] GC(5) - age   2:     442728 bytes,    3303272 total
[2019-12-09T02:03:25.462+0000][1][gc,heap      ] GC(5) ParNew: 75838K->5145K(78656K)
[2019-12-09T02:03:25.462+0000][1][gc,heap      ] GC(5) CMS: 7966K->11645K(174784K)
[2019-12-09T02:03:25.462+0000][1][gc,metaspace ] GC(5) Metaspace: 19072K->19072K(1067008K)
[2019-12-09T02:03:25.462+0000][1][gc           ] GC(5) Pause Young (Allocation Failure) 81M->16M(247M) 144.631ms
[2019-12-09T02:03:25.462+0000][1][gc,cpu       ] GC(5) User=0.04s Sys=0.00s Real=0.14s
[2019-12-09T02:03:25.462+0000][1][safepoint    ] Leaving safepoint region
[2019-12-09T02:03:25.462+0000][1][safepoint    ] Total time for which application threads were stopped: 0.1447710 seconds, Stopping threads took: 0.0000147 seconds
[2019-12-09T02:03:25.473+0000][1][safepoint    ] Application time: 0.0105332 seconds
[2019-12-09T02:03:25.473+0000][1][safepoint    ] Entering safepoint region: RevokeBias
[2019-12-09T02:03:25.473+0000][1][safepoint    ] Leaving safepoint region
[2019-12-09T02:03:25.473+0000][1][safepoint    ] Total time for which application threads were stopped: 0.0001115 seconds, Stopping threads took: 0.0000442 seconds
[2019-12-09T02:03:25.473+0000][1][safepoint    ] Application time: 0.0000663 seconds
[2019-12-09T02:03:25.473+0000][1][safepoint    ] Entering safepoint region: RevokeBias
[2019-12-09T02:03:25.473+0000][1][safepoint    ] Leaving safepoint region
[2019-12-09T02:03:25.473+0000][1][safepoint    ] Total time for which application threads were stopped: 0.0000443 seconds, Stopping threads took: 0.0000089 seconds
[2019-12-09T02:03:25.473+0000][1][safepoint    ] Application time: 0.0000675 seconds
[2019-12-09T02:03:25.473+0000][1][safepoint    ] Entering safepoint region: RevokeBias
[2019-12-09T02:03:25.473+0000][1][safepoint    ] Leaving safepoint region
[2019-12-09T02:03:25.473+0000][1][safepoint    ] Total time for which application threads were stopped: 0.0000388 seconds, Stopping threads took: 0.0000084 seconds
[2019-12-09T02:03:25.473+0000][1][safepoint    ] Application time: 0.0000516 seconds
[2019-12-09T02:03:25.473+0000][1][safepoint    ] Entering safepoint region: RevokeBias
[2019-12-09T02:03:25.473+0000][1][safepoint    ] Leaving safepoint region
[2019-12-09T02:03:25.473+0000][1][safepoint    ] Total time for which application threads were stopped: 0.0000344 seconds, Stopping threads took: 0.0000078 seconds
[2019-12-09T02:03:25.473+0000][1][safepoint    ] Application time: 0.0000544 seconds
[2019-12-09T02:03:25.473+0000][1][safepoint    ] Entering safepoint region: RevokeBias
[2019-12-09T02:03:25.473+0000][1][safepoint    ] Leaving safepoint region
[2019-12-09T02:03:25.473+0000][1][safepoint    ] Total time for which application threads were stopped: 0.0000347 seconds, Stopping threads took: 0.0000080 seconds
[2019-12-09T02:03:25.473+0000][1][safepoint    ] Application time: 0.0000501 seconds
[2019-12-09T02:03:25.473+0000][1][safepoint    ] Entering safepoint region: RevokeBias
[2019-12-09T02:03:25.474+0000][1][safepoint    ] Leaving safepoint region
[2019-12-09T02:03:25.474+0000][1][safepoint    ] Total time for which application threads were stopped: 0.0000334 seconds, Stopping threads took: 0.0000078 seconds
[2019-12-09T02:03:26.258+0000][1][safepoint    ] Application time: 0.7840769 seconds
[2019-12-09T02:03:26.258+0000][1][safepoint    ] Entering safepoint region: RevokeBias
[2019-12-09T02:03:26.258+0000][1][safepoint    ] Leaving safepoint region
[2019-12-09T02:03:26.258+0000][1][safepoint    ] Total time for which application threads were stopped: 0.0000988 seconds, Stopping threads took: 0.0000126 seconds
[2019-12-09T02:03:26.258+0000][1][safepoint    ] Application time: 0.0002057 seconds
[2019-12-09T02:03:26.258+0000][1][safepoint    ] Entering safepoint region: RevokeBias
[2019-12-09T02:03:26.258+0000][1][safepoint    ] Leaving safepoint region
[2019-12-09T02:03:26.258+0000][1][safepoint    ] Total time for which application threads were stopped: 0.0000490 seconds, Stopping threads took: 0.0000108 seconds
[2019-12-09T02:03:26.587+0000][1][safepoint    ] Application time: 0.3284776 seconds
[2019-12-09T02:03:26.587+0000][1][safepoint    ] Entering safepoint region: GenCollectForAllocation
[2019-12-09T02:03:26.587+0000][1][gc,start     ] GC(6) Pause Young (Allocation Failure)
[2019-12-09T02:03:26.587+0000][1][gc,task      ] GC(6) Using 2 workers of 2 for evacuation
[2019-12-09T02:03:26.749+0000][1][gc,age       ] GC(6) Desired survivor size 4456448 bytes, new threshold 6 (max threshold 6)
[2019-12-09T02:03:26.749+0000][1][gc,age       ] GC(6) Age table with threshold 6 (max threshold 6)
[2019-12-09T02:03:26.749+0000][1][gc,age       ] GC(6) - age   1:    1469384 bytes,    1469384 total
[2019-12-09T02:03:26.749+0000][1][gc,age       ] GC(6) - age   2:    2192384 bytes,    3661768 total
[2019-12-09T02:03:26.749+0000][1][gc,age       ] GC(6) - age   3:     442728 bytes,    4104496 total
[2019-12-09T02:03:26.749+0000][1][gc,heap      ] GC(6) ParNew: 75097K->5558K(78656K)
[2019-12-09T02:03:26.749+0000][1][gc,heap      ] GC(6) CMS: 11645K->11645K(174784K)
[2019-12-09T02:03:26.749+0000][1][gc,metaspace ] GC(6) Metaspace: 19377K->19377K(1067008K)
[2019-12-09T02:03:26.749+0000][1][gc           ] GC(6) Pause Young (Allocation Failure) 84M->16M(247M) 162.314ms
[2019-12-09T02:03:26.749+0000][1][gc,cpu       ] GC(6) User=0.02s Sys=0.00s Real=0.16s
[2019-12-09T02:03:26.749+0000][1][safepoint    ] Leaving safepoint region
[2019-12-09T02:03:26.749+0000][1][safepoint    ] Total time for which application threads were stopped: 0.1624404 seconds, Stopping threads took: 0.0000147 seconds
[2019-12-09T02:03:26.751+0000][1][safepoint    ] Application time: 0.0018046 seconds
[2019-12-09T02:03:26.751+0000][1][safepoint    ] Entering safepoint region: RevokeBias
[2019-12-09T02:03:26.751+0000][1][safepoint    ] Leaving safepoint region
[2019-12-09T02:03:26.751+0000][1][safepoint    ] Total time for which application threads were stopped: 0.0001181 seconds, Stopping threads took: 0.0000446 seconds
[2019-12-09T02:03:26.751+0000][1][safepoint    ] Application time: 0.0000602 seconds
[2019-12-09T02:03:26.751+0000][1][safepoint    ] Entering safepoint region: BulkRevokeBias
[2019-12-09T02:03:26.751+0000][1][safepoint    ] Leaving safepoint region
[2019-12-09T02:03:26.751+0000][1][safepoint    ] Total time for which application threads were stopped: 0.0000769 seconds, Stopping threads took: 0.0000089 seconds
[2019-12-09T02:03:26.751+0000][1][safepoint    ] Application time: 0.0000660 seconds
[2019-12-09T02:03:26.751+0000][1][safepoint    ] Entering safepoint region: BulkRevokeBias
[2019-12-09T02:03:26.751+0000][1][safepoint    ] Leaving safepoint region
[2019-12-09T02:03:26.751+0000][1][safepoint    ] Total time for which application threads were stopped: 0.0000700 seconds, Stopping threads took: 0.0000084 seconds
[2019-12-09T02:03:27.689+0000][1][safepoint    ] Application time: 0.9380462 seconds
[2019-12-09T02:03:27.689+0000][1][safepoint    ] Entering safepoint region: GenCollectForAllocation
[2019-12-09T02:03:27.689+0000][1][gc,start     ] GC(7) Pause Young (Allocation Failure)
[2019-12-09T02:03:27.689+0000][1][gc,task      ] GC(7) Using 2 workers of 2 for evacuation
[2019-12-09T02:03:27.752+0000][1][gc,age       ] GC(7) Desired survivor size 4456448 bytes, new threshold 6 (max threshold 6)
[2019-12-09T02:03:27.752+0000][1][gc,age       ] GC(7) Age table with threshold 6 (max threshold 6)
[2019-12-09T02:03:27.752+0000][1][gc,age       ] GC(7) - age   1:     380824 bytes,     380824 total
[2019-12-09T02:03:27.752+0000][1][gc,age       ] GC(7) - age   2:    1128800 bytes,    1509624 total
[2019-12-09T02:03:27.752+0000][1][gc,age       ] GC(7) - age   3:    2192304 bytes,    3701928 total
[2019-12-09T02:03:27.752+0000][1][gc,age       ] GC(7) - age   4:     442728 bytes,    4144656 total
[2019-12-09T02:03:27.752+0000][1][gc,heap      ] GC(7) ParNew: 75510K->5899K(78656K)
[2019-12-09T02:03:27.752+0000][1][gc,heap      ] GC(7) CMS: 11645K->11645K(174784K)
[2019-12-09T02:03:27.752+0000][1][gc,metaspace ] GC(7) Metaspace: 19656K->19656K(1067008K)
[2019-12-09T02:03:27.752+0000][1][gc           ] GC(7) Pause Young (Allocation Failure) 85M->17M(247M) 62.530ms
[2019-12-09T02:03:27.752+0000][1][gc,cpu       ] GC(7) User=0.03s Sys=0.00s Real=0.06s
[2019-12-09T02:03:27.752+0000][1][safepoint    ] Leaving safepoint region
[2019-12-09T02:03:27.752+0000][1][safepoint    ] Total time for which application threads were stopped: 0.0626571 seconds, Stopping threads took: 0.0000134 seconds
[2019-12-09T02:03:28.578+0000][1][safepoint    ] Application time: 0.8261787 seconds
[2019-12-09T02:03:28.578+0000][1][safepoint    ] Entering safepoint region: CollectForMetadataAllocation
[2019-12-09T02:03:28.578+0000][1][safepoint    ] Leaving safepoint region
[2019-12-09T02:03:28.578+0000][1][safepoint    ] Total time for which application threads were stopped: 0.0002433 seconds, Stopping threads took: 0.0000130 seconds
[2019-12-09T02:03:28.831+0000][1][safepoint    ] Application time: 0.2522307 seconds
[2019-12-09T02:03:28.831+0000][1][safepoint    ] Entering safepoint region: CollectForMetadataAllocation
[2019-12-09T02:03:28.831+0000][1][safepoint    ] Leaving safepoint region
[2019-12-09T02:03:28.831+0000][1][safepoint    ] Total time for which application threads were stopped: 0.0002538 seconds, Stopping threads took: 0.0000143 seconds
[2019-12-09T02:03:29.675+0000][1][safepoint    ] Application time: 0.8440501 seconds
[2019-12-09T02:03:29.675+0000][1][safepoint    ] Entering safepoint region: GenCollectForAllocation
[2019-12-09T02:03:29.675+0000][1][gc,start     ] GC(8) Pause Young (Allocation Failure)
[2019-12-09T02:03:29.675+0000][1][gc,task      ] GC(8) Using 2 workers of 2 for evacuation
[2019-12-09T02:03:29.733+0000][1][gc,age       ] GC(8) Desired survivor size 4456448 bytes, new threshold 4 (max threshold 6)
[2019-12-09T02:03:29.733+0000][1][gc,age       ] GC(8) Age table with threshold 4 (max threshold 6)
[2019-12-09T02:03:29.733+0000][1][gc,age       ] GC(8) - age   1:     892800 bytes,     892800 total
[2019-12-09T02:03:29.733+0000][1][gc,age       ] GC(8) - age   2:     361024 bytes,    1253824 total
[2019-12-09T02:03:29.733+0000][1][gc,age       ] GC(8) - age   3:    1128656 bytes,    2382480 total
[2019-12-09T02:03:29.733+0000][1][gc,age       ] GC(8) - age   4:    2190088 bytes,    4572568 total
[2019-12-09T02:03:29.733+0000][1][gc,age       ] GC(8) - age   5:     442728 bytes,    5015296 total
[2019-12-09T02:03:29.733+0000][1][gc,heap      ] GC(8) ParNew: 75851K->8037K(78656K)
[2019-12-09T02:03:29.733+0000][1][gc,heap      ] GC(8) CMS: 11645K->11645K(174784K)
[2019-12-09T02:03:29.733+0000][1][gc,metaspace ] GC(8) Metaspace: 20468K->20468K(1069056K)
[2019-12-09T02:03:29.733+0000][1][gc           ] GC(8) Pause Young (Allocation Failure) 85M->19M(247M) 58.218ms
[2019-12-09T02:03:29.733+0000][1][gc,cpu       ] GC(8) User=0.01s Sys=0.00s Real=0.05s
[2019-12-09T02:03:29.733+0000][1][safepoint    ] Leaving safepoint region
[2019-12-09T02:03:29.733+0000][1][safepoint    ] Total time for which application threads were stopped: 0.0583429 seconds, Stopping threads took: 0.0000125 seconds
[2019-12-09T02:03:29.736+0000][1][safepoint    ] Application time: 0.0023115 seconds
[2019-12-09T02:03:29.739+0000][1][safepoint    ] Entering safepoint region: CMS_Initial_Mark
[2019-12-09T02:03:29.739+0000][1][gc,start     ] GC(9) Pause Initial Mark
[2019-12-09T02:03:29.743+0000][1][gc           ] GC(9) Pause Initial Mark 20M->20M(247M) 3.349ms
[2019-12-09T02:03:29.743+0000][1][gc,cpu       ] GC(9) User=0.01s Sys=0.00s Real=0.00s
[2019-12-09T02:03:29.743+0000][1][safepoint    ] Leaving safepoint region
[2019-12-09T02:03:29.743+0000][1][safepoint    ] Total time for which application threads were stopped: 0.0067973 seconds, Stopping threads took: 0.0033673 seconds
[2019-12-09T02:03:29.743+0000][1][gc           ] GC(9) Concurrent Mark
[2019-12-09T02:03:29.916+0000][1][gc           ] GC(9) Concurrent Mark 173.234ms
[2019-12-09T02:03:29.916+0000][1][gc,cpu       ] GC(9) User=0.03s Sys=0.00s Real=0.18s
[2019-12-09T02:03:29.916+0000][1][gc           ] GC(9) Concurrent Preclean
[2019-12-09T02:03:29.916+0000][1][gc           ] GC(9) Concurrent Preclean 0.462ms
[2019-12-09T02:03:29.916+0000][1][gc,cpu       ] GC(9) User=0.00s Sys=0.00s Real=0.00s
[2019-12-09T02:03:29.916+0000][1][gc           ] GC(9) Concurrent Abortable Preclean
[2019-12-09T02:03:30.598+0000][1][safepoint    ] Application time: 0.8559095 seconds
[2019-12-09T02:03:30.599+0000][1][safepoint    ] Entering safepoint region: RevokeBias
[2019-12-09T02:03:30.599+0000][1][safepoint    ] Leaving safepoint region
[2019-12-09T02:03:30.599+0000][1][safepoint    ] Total time for which application threads were stopped: 0.0001207 seconds, Stopping threads took: 0.0000471 seconds
[2019-12-09T02:03:30.654+0000][1][safepoint    ] Application time: 0.0550715 seconds
[2019-12-09T02:03:30.654+0000][1][safepoint    ] Entering safepoint region: RevokeBias
[2019-12-09T02:03:30.654+0000][1][safepoint    ] Leaving safepoint region
[2019-12-09T02:03:30.654+0000][1][safepoint    ] Total time for which application threads were stopped: 0.0000889 seconds, Stopping threads took: 0.0000128 seconds
[2019-12-09T02:03:31.015+0000][1][safepoint    ] Application time: 0.3608920 seconds
[2019-12-09T02:03:31.015+0000][1][safepoint    ] Entering safepoint region: GenCollectForAllocation
[2019-12-09T02:03:31.015+0000][1][gc,start     ] GC(10) Pause Young (Allocation Failure)
[2019-12-09T02:03:31.015+0000][1][gc,task      ] GC(10) Using 2 workers of 2 for evacuation
[2019-12-09T02:03:31.181+0000][1][gc,age       ] GC(10) Desired survivor size 4456448 bytes, new threshold 6 (max threshold 6)
[2019-12-09T02:03:31.181+0000][1][gc,age       ] GC(10) Age table with threshold 6 (max threshold 6)
[2019-12-09T02:03:31.181+0000][1][gc,age       ] GC(10) - age   1:    1020568 bytes,    1020568 total
[2019-12-09T02:03:31.181+0000][1][gc,age       ] GC(10) - age   2:     650064 bytes,    1670632 total
[2019-12-09T02:03:31.181+0000][1][gc,age       ] GC(10) - age   3:     361024 bytes,    2031656 total
[2019-12-09T02:03:31.181+0000][1][gc,age       ] GC(10) - age   4:    1128656 bytes,    3160312 total
[2019-12-09T02:03:31.181+0000][1][gc,heap      ] GC(10) ParNew: 77989K->4678K(78656K)
[2019-12-09T02:03:31.181+0000][1][gc,heap      ] GC(10) CMS: 11645K->14234K(174784K)
[2019-12-09T02:03:31.181+0000][1][gc,metaspace ] GC(10) Metaspace: 20573K->20573K(1069056K)
[2019-12-09T02:03:31.181+0000][1][gc           ] GC(10) Pause Young (Allocation Failure) 87M->18M(247M) 166.236ms
[2019-12-09T02:03:31.181+0000][1][gc,cpu       ] GC(10) User=0.03s Sys=0.00s Real=0.16s
[2019-12-09T02:03:31.181+0000][1][safepoint    ] Leaving safepoint region
[2019-12-09T02:03:31.181+0000][1][safepoint    ] Total time for which application threads were stopped: 0.1663528 seconds, Stopping threads took: 0.0000132 seconds
[2019-12-09T02:03:31.295+0000][1][safepoint    ] Application time: 0.1135931 seconds
[2019-12-09T02:03:31.295+0000][1][safepoint    ] Entering safepoint region: RevokeBias
[2019-12-09T02:03:31.295+0000][1][safepoint    ] Leaving safepoint region
[2019-12-09T02:03:31.295+0000][1][safepoint    ] Total time for which application threads were stopped: 0.0001260 seconds, Stopping threads took: 0.0000497 seconds
[2019-12-09T02:03:31.316+0000][1][safepoint    ] Application time: 0.0207044 seconds
[2019-12-09T02:03:31.316+0000][1][safepoint    ] Entering safepoint region: RevokeBias
[2019-12-09T02:03:31.316+0000][1][safepoint    ] Leaving safepoint region
[2019-12-09T02:03:31.316+0000][1][safepoint    ] Total time for which application threads were stopped: 0.0000939 seconds, Stopping threads took: 0.0000111 seconds
[2019-12-09T02:03:31.924+0000][1][safepoint    ] Application time: 0.6085015 seconds
[2019-12-09T02:03:31.924+0000][1][safepoint    ] Entering safepoint region: RevokeBias
[2019-12-09T02:03:31.924+0000][1][safepoint    ] Leaving safepoint region
[2019-12-09T02:03:31.924+0000][1][safepoint    ] Total time for which application threads were stopped: 0.0000843 seconds, Stopping threads took: 0.0000130 seconds
[2019-12-09T02:03:31.958+0000][1][safepoint    ] Application time: 0.0340090 seconds
[2019-12-09T02:03:31.958+0000][1][safepoint    ] Entering safepoint region: RevokeBias
[2019-12-09T02:03:31.958+0000][1][safepoint    ] Leaving safepoint region
[2019-12-09T02:03:31.958+0000][1][safepoint    ] Total time for which application threads were stopped: 0.0000907 seconds, Stopping threads took: 0.0000145 seconds
[2019-12-09T02:03:31.959+0000][1][gc           ] GC(9) Concurrent Abortable Preclean 2042.121ms
[2019-12-09T02:03:31.959+0000][1][gc,cpu       ] GC(9) User=0.55s Sys=0.01s Real=2.04s
[2019-12-09T02:03:31.959+0000][1][safepoint    ] Application time: 0.0000832 seconds
[2019-12-09T02:03:31.959+0000][1][safepoint    ] Entering safepoint region: CMS_Final_Remark
[2019-12-09T02:03:31.959+0000][1][gc,start     ] GC(9) Pause Remark
[2019-12-09T02:03:32.205+0000][1][gc           ] GC(9) Pause Remark 64M->64M(247M) 246.542ms
[2019-12-09T02:03:32.205+0000][1][gc,cpu       ] GC(9) User=0.04s Sys=0.00s Real=0.25s
[2019-12-09T02:03:32.205+0000][1][safepoint    ] Leaving safepoint region
[2019-12-09T02:03:32.205+0000][1][safepoint    ] Total time for which application threads were stopped: 0.2466468 seconds, Stopping threads took: 0.0000086 seconds
[2019-12-09T02:03:32.220+0000][1][gc           ] GC(9) Concurrent Sweep
[2019-12-09T02:03:32.275+0000][1][gc           ] GC(9) Concurrent Sweep 55.081ms
[2019-12-09T02:03:32.275+0000][1][gc,cpu       ] GC(9) User=0.02s Sys=0.00s Real=0.06s
[2019-12-09T02:03:32.275+0000][1][gc           ] GC(9) Concurrent Reset
[2019-12-09T02:03:32.275+0000][1][gc           ] GC(9) Concurrent Reset 0.324ms
[2019-12-09T02:03:32.275+0000][1][gc,cpu       ] GC(9) User=0.01s Sys=0.00s Real=0.00s
[2019-12-09T02:03:32.275+0000][1][gc,heap      ] GC(9) Old: 11645K->14208K(174784K)
[2019-12-09T02:03:32.317+0000][1][safepoint    ] Application time: 0.1118655 seconds
[2019-12-09T02:03:32.317+0000][1][safepoint    ] Entering safepoint region: RevokeBias
[2019-12-09T02:03:32.318+0000][1][safepoint    ] Leaving safepoint region
[2019-12-09T02:03:32.318+0000][1][safepoint    ] Total time for which application threads were stopped: 0.0005050 seconds, Stopping threads took: 0.0000136 seconds
[2019-12-09T02:03:32.577+0000][1][safepoint    ] Application time: 0.2590409 seconds
[2019-12-09T02:03:32.577+0000][1][safepoint    ] Entering safepoint region: RevokeBias
[2019-12-09T02:03:32.577+0000][1][safepoint    ] Leaving safepoint region
[2019-12-09T02:03:32.577+0000][1][safepoint    ] Total time for which application threads were stopped: 0.0000871 seconds, Stopping threads took: 0.0000143 seconds
[2019-12-09T02:03:32.578+0000][1][safepoint    ] Application time: 0.0013748 seconds
[2019-12-09T02:03:32.578+0000][1][safepoint    ] Entering safepoint region: RevokeBias
[2019-12-09T02:03:32.578+0000][1][safepoint    ] Leaving safepoint region
[2019-12-09T02:03:32.578+0000][1][safepoint    ] Total time for which application threads were stopped: 0.0000902 seconds, Stopping threads took: 0.0000157 seconds
[2019-12-09T02:03:32.698+0000][1][safepoint    ] Application time: 0.1193738 seconds
[2019-12-09T02:03:32.698+0000][1][safepoint    ] Entering safepoint region: GenCollectForAllocation
[2019-12-09T02:03:32.698+0000][1][gc,start     ] GC(11) Pause Young (Allocation Failure)
[2019-12-09T02:03:32.698+0000][1][gc,task      ] GC(11) Using 2 workers of 2 for evacuation
[2019-12-09T02:03:32.790+0000][1][gc,age       ] GC(11) Desired survivor size 4456448 bytes, new threshold 6 (max threshold 6)
[2019-12-09T02:03:32.790+0000][1][gc,age       ] GC(11) Age table with threshold 6 (max threshold 6)
[2019-12-09T02:03:32.790+0000][1][gc,age       ] GC(11) - age   1:     899056 bytes,     899056 total
[2019-12-09T02:03:32.790+0000][1][gc,age       ] GC(11) - age   2:      97424 bytes,     996480 total
[2019-12-09T02:03:32.790+0000][1][gc,age       ] GC(11) - age   3:     650016 bytes,    1646496 total
[2019-12-09T02:03:32.790+0000][1][gc,age       ] GC(11) - age   4:     360920 bytes,    2007416 total
[2019-12-09T02:03:32.790+0000][1][gc,age       ] GC(11) - age   5:    1128368 bytes,    3135784 total
[2019-12-09T02:03:32.790+0000][1][gc,heap      ] GC(11) ParNew: 74630K->3484K(78656K)
[2019-12-09T02:03:32.790+0000][1][gc,heap      ] GC(11) CMS: 14208K->14208K(174784K)
[2019-12-09T02:03:32.790+0000][1][gc,metaspace ] GC(11) Metaspace: 20637K->20637K(1069056K)
[2019-12-09T02:03:32.790+0000][1][gc           ] GC(11) Pause Young (Allocation Failure) 86M->17M(247M) 92.148ms
[2019-12-09T02:03:32.790+0000][1][gc,cpu       ] GC(11) User=0.02s Sys=0.00s Real=0.09s
[2019-12-09T02:03:32.790+0000][1][safepoint    ] Leaving safepoint region
[2019-12-09T02:03:32.790+0000][1][safepoint    ] Total time for which application threads were stopped: 0.0922819 seconds, Stopping threads took: 0.0000141 seconds
[2019-12-09T02:03:32.907+0000][1][safepoint    ] Application time: 0.1171781 seconds
[2019-12-09T02:03:32.907+0000][1][safepoint    ] Entering safepoint region: RevokeBias
[2019-12-09T02:03:32.907+0000][1][safepoint    ] Leaving safepoint region
[2019-12-09T02:03:32.907+0000][1][safepoint    ] Total time for which application threads were stopped: 0.0001127 seconds, Stopping threads took: 0.0000129 seconds
[2019-12-09T02:03:32.909+0000][1][safepoint    ] Application time: 0.0016419 seconds
[2019-12-09T02:03:32.909+0000][1][safepoint    ] Entering safepoint region: RevokeBias
[2019-12-09T02:03:32.909+0000][1][safepoint    ] Leaving safepoint region
[2019-12-09T02:03:32.909+0000][1][safepoint    ] Total time for which application threads were stopped: 0.0000743 seconds, Stopping threads took: 0.0000114 seconds
[2019-12-09T02:03:33.128+0000][1][safepoint    ] Application time: 0.2189071 seconds
[2019-12-09T02:03:33.128+0000][1][safepoint    ] Entering safepoint region: RevokeBias
[2019-12-09T02:03:33.128+0000][1][safepoint    ] Leaving safepoint region
[2019-12-09T02:03:33.128+0000][1][safepoint    ] Total time for which application threads were stopped: 0.0000889 seconds, Stopping threads took: 0.0000145 seconds
[2019-12-09T02:03:33.147+0000][1][safepoint    ] Application time: 0.0187046 seconds
[2019-12-09T02:03:33.147+0000][1][safepoint    ] Entering safepoint region: RevokeBias
[2019-12-09T02:03:33.147+0000][1][safepoint    ] Leaving safepoint region
[2019-12-09T02:03:33.147+0000][1][safepoint    ] Total time for which application threads were stopped: 0.0000786 seconds, Stopping threads took: 0.0000117 seconds
[2019-12-09T02:03:33.467+0000][1][safepoint    ] Application time: 0.3198112 seconds
[2019-12-09T02:03:33.467+0000][1][safepoint    ] Entering safepoint region: RevokeBias
[2019-12-09T02:03:33.467+0000][1][safepoint    ] Leaving safepoint region
[2019-12-09T02:03:33.467+0000][1][safepoint    ] Total time for which application threads were stopped: 0.0000839 seconds, Stopping threads took: 0.0000133 seconds
[2019-12-09T02:03:33.492+0000][1][safepoint    ] Application time: 0.0249145 seconds
[2019-12-09T02:03:33.492+0000][1][safepoint    ] Entering safepoint region: RevokeBias
[2019-12-09T02:03:33.492+0000][1][safepoint    ] Leaving safepoint region
[2019-12-09T02:03:33.492+0000][1][safepoint    ] Total time for which application threads were stopped: 0.0000872 seconds, Stopping threads took: 0.0000142 seconds
[2019-12-09T02:03:33.987+0000][1][safepoint    ] Application time: 0.4947492 seconds
[2019-12-09T02:03:33.987+0000][1][safepoint    ] Entering safepoint region: RevokeBias
[2019-12-09T02:03:33.987+0000][1][safepoint    ] Leaving safepoint region
[2019-12-09T02:03:33.987+0000][1][safepoint    ] Total time for which application threads were stopped: 0.0001283 seconds, Stopping threads took: 0.0000263 seconds
[2019-12-09T02:03:34.991+0000][1][safepoint    ] Application time: 1.0043357 seconds
[2019-12-09T02:03:35.000+0000][1][safepoint    ] Entering safepoint region: Cleanup
[2019-12-09T02:03:35.000+0000][1][safepoint    ] Leaving safepoint region
[2019-12-09T02:03:35.000+0000][1][safepoint    ] Total time for which application threads were stopped: 0.0085829 seconds, Stopping threads took: 0.0085433 seconds
[2019-12-09T02:03:35.362+0000][1][safepoint    ] Application time: 0.3618094 seconds
[2019-12-09T02:03:35.362+0000][1][safepoint    ] Entering safepoint region: GenCollectForAllocation
[2019-12-09T02:03:35.362+0000][1][gc,start     ] GC(12) Pause Young (Allocation Failure)
[2019-12-09T02:03:35.362+0000][1][gc,task      ] GC(12) Using 2 workers of 2 for evacuation
[2019-12-09T02:03:35.454+0000][1][gc,age       ] GC(12) Desired survivor size 4456448 bytes, new threshold 6 (max threshold 6)
[2019-12-09T02:03:35.454+0000][1][gc,age       ] GC(12) Age table with threshold 6 (max threshold 6)
[2019-12-09T02:03:35.454+0000][1][gc,age       ] GC(12) - age   1:    1030488 bytes,    1030488 total
[2019-12-09T02:03:35.454+0000][1][gc,age       ] GC(12) - age   2:     305568 bytes,    1336056 total
[2019-12-09T02:03:35.454+0000][1][gc,age       ] GC(12) - age   3:      97424 bytes,    1433480 total
[2019-12-09T02:03:35.454+0000][1][gc,age       ] GC(12) - age   4:     649952 bytes,    2083432 total
[2019-12-09T02:03:35.454+0000][1][gc,age       ] GC(12) - age   5:     360920 bytes,    2444352 total
[2019-12-09T02:03:35.454+0000][1][gc,age       ] GC(12) - age   6:    1128368 bytes,    3572720 total
[2019-12-09T02:03:35.454+0000][1][gc,heap      ] GC(12) ParNew: 73436K->4751K(78656K)
[2019-12-09T02:03:35.454+0000][1][gc,heap      ] GC(12) CMS: 14208K->14208K(174784K)
[2019-12-09T02:03:35.454+0000][1][gc,metaspace ] GC(12) Metaspace: 22838K->22838K(1071104K)
[2019-12-09T02:03:35.454+0000][1][gc           ] GC(12) Pause Young (Allocation Failure) 85M->18M(247M) 92.470ms
[2019-12-09T02:03:35.454+0000][1][gc,cpu       ] GC(12) User=0.01s Sys=0.00s Real=0.09s
[2019-12-09T02:03:35.454+0000][1][safepoint    ] Leaving safepoint region
[2019-12-09T02:03:35.454+0000][1][safepoint    ] Total time for which application threads were stopped: 0.0926111 seconds, Stopping threads took: 0.0000203 seconds
[2019-12-09T02:03:35.995+0000][1][safepoint    ] Application time: 0.5402294 seconds
[2019-12-09T02:03:36.018+0000][1][safepoint    ] Entering safepoint region: Deoptimize
[2019-12-09T02:03:36.018+0000][1][safepoint    ] Leaving safepoint region
[2019-12-09T02:03:36.018+0000][1][safepoint    ] Total time for which application threads were stopped: 0.0237999 seconds, Stopping threads took: 0.0231758 seconds
[2019-12-09T02:03:36.836+0000][1][safepoint    ] Application time: 0.8172923 seconds
[2019-12-09T02:03:36.836+0000][1][safepoint    ] Entering safepoint region: Deoptimize
[2019-12-09T02:03:36.836+0000][1][safepoint    ] Leaving safepoint region
[2019-12-09T02:03:36.836+0000][1][safepoint    ] Total time for which application threads were stopped: 0.0004230 seconds, Stopping threads took: 0.0000141 seconds
[2019-12-09T02:03:36.991+0000][1][safepoint    ] Application time: 0.1545225 seconds
[2019-12-09T02:03:36.991+0000][1][safepoint    ] Entering safepoint region: Deoptimize
[2019-12-09T02:03:36.991+0000][1][safepoint    ] Leaving safepoint region
[2019-12-09T02:03:36.991+0000][1][safepoint    ] Total time for which application threads were stopped: 0.0004390 seconds, Stopping threads took: 0.0000152 seconds
[2019-12-09T02:03:37.011+0000][1][safepoint    ] Application time: 0.0195178 seconds
[2019-12-09T02:03:37.011+0000][1][safepoint    ] Entering safepoint region: Deoptimize
[2019-12-09T02:03:37.011+0000][1][safepoint    ] Leaving safepoint region
[2019-12-09T02:03:37.011+0000][1][safepoint    ] Total time for which application threads were stopped: 0.0004354 seconds, Stopping threads took: 0.0000147 seconds
[2019-12-09T02:03:38.012+0000][1][safepoint    ] Application time: 1.0005100 seconds
[2019-12-09T02:03:38.013+0000][1][safepoint    ] Entering safepoint region: Cleanup
[2019-12-09T02:03:38.013+0000][1][safepoint    ] Leaving safepoint region
[2019-12-09T02:03:38.013+0000][1][safepoint    ] Total time for which application threads were stopped: 0.0015171 seconds, Stopping threads took: 0.0014682 seconds
[2019-12-09T02:03:39.032+0000][1][safepoint    ] Application time: 1.0184462 seconds
[2019-12-09T02:03:39.076+0000][1][safepoint    ] Entering safepoint region: Cleanup
[2019-12-09T02:03:39.076+0000][1][safepoint    ] Leaving safepoint region
[2019-12-09T02:03:39.076+0000][1][safepoint    ] Total time for which application threads were stopped: 0.0442037 seconds, Stopping threads took: 0.0439627 seconds
[2019-12-09T02:03:39.745+0000][1][safepoint    ] Application time: 0.6691247 seconds
[2019-12-09T02:03:39.745+0000][1][safepoint    ] Entering safepoint region: RevokeBias
[2019-12-09T02:03:39.745+0000][1][safepoint    ] Leaving safepoint region
[2019-12-09T02:03:39.745+0000][1][safepoint    ] Total time for which application threads were stopped: 0.0001150 seconds, Stopping threads took: 0.0000131 seconds
[2019-12-09T02:03:40.759+0000][1][safepoint    ] Application time: 1.0134265 seconds
[2019-12-09T02:03:40.809+0000][1][safepoint    ] Entering safepoint region: Cleanup
[2019-12-09T02:03:40.809+0000][1][safepoint    ] Leaving safepoint region
[2019-12-09T02:03:40.809+0000][1][safepoint    ] Total time for which application threads were stopped: 0.0506090 seconds, Stopping threads took: 0.0505573 seconds
[2019-12-09T02:03:41.812+0000][1][safepoint    ] Application time: 1.0023403 seconds
[2019-12-09T02:03:41.813+0000][1][safepoint    ] Entering safepoint region: Cleanup
[2019-12-09T02:03:41.813+0000][1][safepoint    ] Leaving safepoint region
[2019-12-09T02:03:41.813+0000][1][safepoint    ] Total time for which application threads were stopped: 0.0009974 seconds, Stopping threads took: 0.0009598 seconds
[2019-12-09T02:03:42.410+0000][1][safepoint    ] Application time: 0.5971824 seconds
[2019-12-09T02:03:42.410+0000][1][safepoint    ] Entering safepoint region: GenCollectForAllocation
[2019-12-09T02:03:42.410+0000][1][gc,start     ] GC(13) Pause Young (Allocation Failure)
[2019-12-09T02:03:42.410+0000][1][gc,task      ] GC(13) Using 2 workers of 2 for evacuation
[2019-12-09T02:03:42.859+0000][1][gc,age       ] GC(13) Desired survivor size 4456448 bytes, new threshold 1 (max threshold 6)
[2019-12-09T02:03:42.859+0000][1][gc,age       ] GC(13) Age table with threshold 1 (max threshold 6)
[2019-12-09T02:03:42.859+0000][1][gc,age       ] GC(13) - age   1:    6487312 bytes,    6487312 total
[2019-12-09T02:03:42.859+0000][1][gc,age       ] GC(13) - age   2:    1005776 bytes,    7493088 total
[2019-12-09T02:03:42.859+0000][1][gc,age       ] GC(13) - age   3:     305272 bytes,    7798360 total
[2019-12-09T02:03:42.859+0000][1][gc,age       ] GC(13) - age   4:      97240 bytes,    7895600 total
[2019-12-09T02:03:42.859+0000][1][gc,age       ] GC(13) - age   5:     646912 bytes,    8542512 total
[2019-12-09T02:03:42.859+0000][1][gc,age       ] GC(13) - age   6:     358728 bytes,    8901240 total
[2019-12-09T02:03:42.860+0000][1][gc,heap      ] GC(13) ParNew: 74703K->8704K(78656K)
[2019-12-09T02:03:42.860+0000][1][gc,heap      ] GC(13) CMS: 14208K->21859K(174784K)
[2019-12-09T02:03:42.860+0000][1][gc,metaspace ] GC(13) Metaspace: 27152K->27152K(1075200K)
[2019-12-09T02:03:42.860+0000][1][gc           ] GC(13) Pause Young (Allocation Failure) 86M->29M(247M) 449.470ms
[2019-12-09T02:03:42.860+0000][1][gc,cpu       ] GC(13) User=0.08s Sys=0.00s Real=0.45s
[2019-12-09T02:03:42.860+0000][1][safepoint    ] Leaving safepoint region
[2019-12-09T02:03:42.860+0000][1][safepoint    ] Total time for which application threads were stopped: 0.4496196 seconds, Stopping threads took: 0.0000433 seconds
[2019-12-09T02:03:43.860+0000][1][safepoint    ] Application time: 1.0001008 seconds
[2019-12-09T02:03:43.864+0000][1][safepoint    ] Entering safepoint region: Cleanup
[2019-12-09T02:03:43.864+0000][1][safepoint    ] Leaving safepoint region
[2019-12-09T02:03:43.864+0000][1][safepoint    ] Total time for which application threads were stopped: 0.0040145 seconds, Stopping threads took: 0.0039733 seconds
[2019-12-09T02:03:44.874+0000][1][safepoint    ] Application time: 1.0099492 seconds
[2019-12-09T02:03:44.954+0000][1][safepoint    ] Entering safepoint region: Cleanup
[2019-12-09T02:03:44.954+0000][1][safepoint    ] Leaving safepoint region
[2019-12-09T02:03:44.954+0000][1][safepoint    ] Total time for which application threads were stopped: 0.0799668 seconds, Stopping threads took: 0.0799212 seconds
[2019-12-09T02:03:46.208+0000][1][safepoint    ] Application time: 1.2539819 seconds
[2019-12-09T02:03:46.208+0000][1][safepoint    ] Entering safepoint region: Cleanup
[2019-12-09T02:03:46.208+0000][1][safepoint    ] Leaving safepoint region
[2019-12-09T02:03:46.208+0000][1][safepoint    ] Total time for which application threads were stopped: 0.0001828 seconds, Stopping threads took: 0.0000959 seconds
[2019-12-09T02:03:47.319+0000][1][safepoint    ] Application time: 1.1112494 seconds
[2019-12-09T02:03:47.319+0000][1][safepoint    ] Entering safepoint region: GenCollectForAllocation
[2019-12-09T02:03:47.319+0000][1][gc,start     ] GC(14) Pause Young (Allocation Failure)
[2019-12-09T02:03:47.319+0000][1][gc,task      ] GC(14) Using 2 workers of 2 for evacuation
[2019-12-09T02:03:47.919+0000][1][gc,age       ] GC(14) Desired survivor size 4456448 bytes, new threshold 1 (max threshold 6)
[2019-12-09T02:03:47.919+0000][1][gc,age       ] GC(14) Age table with threshold 1 (max threshold 6)
[2019-12-09T02:03:47.919+0000][1][gc,age       ] GC(14) - age   1:    8912784 bytes,    8912784 total
[2019-12-09T02:03:47.919+0000][1][gc,heap      ] GC(14) ParNew: 78656K->8704K(78656K)
[2019-12-09T02:03:47.919+0000][1][gc,heap      ] GC(14) CMS: 21859K->34699K(174784K)
[2019-12-09T02:03:47.919+0000][1][gc,metaspace ] GC(14) Metaspace: 27282K->27282K(1075200K)
[2019-12-09T02:03:47.919+0000][1][gc           ] GC(14) Pause Young (Allocation Failure) 98M->42M(247M) 599.905ms
[2019-12-09T02:03:47.919+0000][1][gc,cpu       ] GC(14) User=0.19s Sys=0.00s Real=0.60s
[2019-12-09T02:03:47.919+0000][1][safepoint    ] Leaving safepoint region
[2019-12-09T02:03:47.919+0000][1][safepoint    ] Total time for which application threads were stopped: 0.6000365 seconds, Stopping threads took: 0.0000137 seconds
[2019-12-09T02:03:49.930+0000][1][safepoint    ] Application time: 2.0104292 seconds
[2019-12-09T02:03:50.040+0000][1][safepoint    ] Entering safepoint region: Cleanup
[2019-12-09T02:03:50.040+0000][1][safepoint    ] Leaving safepoint region
[2019-12-09T02:03:50.040+0000][1][safepoint    ] Total time for which application threads were stopped: 0.1100140 seconds, Stopping threads took: 0.1099654 seconds
[2019-12-09T02:03:51.044+0000][1][safepoint    ] Application time: 1.0039108 seconds
[2019-12-09T02:03:51.047+0000][1][safepoint    ] Entering safepoint region: Cleanup
[2019-12-09T02:03:51.047+0000][1][safepoint    ] Leaving safepoint region
[2019-12-09T02:03:51.047+0000][1][safepoint    ] Total time for which application threads were stopped: 0.0030203 seconds, Stopping threads took: 0.0029760 seconds
[2019-12-09T02:03:52.077+0000][1][safepoint    ] Application time: 1.0299691 seconds
[2019-12-09T02:03:52.136+0000][1][safepoint    ] Entering safepoint region: Cleanup
[2019-12-09T02:03:52.136+0000][1][safepoint    ] Leaving safepoint region
[2019-12-09T02:03:52.136+0000][1][safepoint    ] Total time for which application threads were stopped: 0.0590833 seconds, Stopping threads took: 0.0590089 seconds
[2019-12-09T02:03:52.242+0000][1][safepoint    ] Application time: 0.1062606 seconds
[2019-12-09T02:03:52.242+0000][1][safepoint    ] Entering safepoint region: GenCollectForAllocation
[2019-12-09T02:03:52.242+0000][1][gc,start     ] GC(15) Pause Young (Allocation Failure)
[2019-12-09T02:03:52.242+0000][1][gc,task      ] GC(15) Using 2 workers of 2 for evacuation
[2019-12-09T02:03:52.806+0000][1][gc,age       ] GC(15) Desired survivor size 4456448 bytes, new threshold 1 (max threshold 6)
[2019-12-09T02:03:52.806+0000][1][gc,age       ] GC(15) Age table with threshold 1 (max threshold 6)
[2019-12-09T02:03:52.806+0000][1][gc,age       ] GC(15) - age   1:    8912824 bytes,    8912824 total
[2019-12-09T02:03:52.806+0000][1][gc,heap      ] GC(15) ParNew: 78656K->8704K(78656K)
[2019-12-09T02:03:52.806+0000][1][gc,heap      ] GC(15) CMS: 34699K->45799K(174784K)
[2019-12-09T02:03:52.806+0000][1][gc,metaspace ] GC(15) Metaspace: 29441K->29441K(1077248K)
[2019-12-09T02:03:52.806+0000][1][gc           ] GC(15) Pause Young (Allocation Failure) 110M->53M(247M) 563.751ms
[2019-12-09T02:03:52.806+0000][1][gc,cpu       ] GC(15) User=0.12s Sys=0.00s Real=0.57s
[2019-12-09T02:03:52.806+0000][1][safepoint    ] Leaving safepoint region
[2019-12-09T02:03:52.806+0000][1][safepoint    ] Total time for which application threads were stopped: 0.5639004 seconds, Stopping threads took: 0.0000141 seconds
[2019-12-09T02:03:53.808+0000][1][safepoint    ] Application time: 1.0016178 seconds
[2019-12-09T02:03:53.813+0000][1][safepoint    ] Entering safepoint region: Cleanup
[2019-12-09T02:03:53.813+0000][1][safepoint    ] Leaving safepoint region
[2019-12-09T02:03:53.813+0000][1][safepoint    ] Total time for which application threads were stopped: 0.0050712 seconds, Stopping threads took: 0.0050277 seconds
[2019-12-09T02:03:54.828+0000][1][safepoint    ] Application time: 1.0148717 seconds
[2019-12-09T02:03:54.828+0000][1][safepoint    ] Entering safepoint region: Cleanup
[2019-12-09T02:03:54.828+0000][1][safepoint    ] Leaving safepoint region
[2019-12-09T02:03:54.828+0000][1][safepoint    ] Total time for which application threads were stopped: 0.0001270 seconds, Stopping threads took: 0.0000867 seconds
[2019-12-09T02:03:55.869+0000][1][safepoint    ] Application time: 1.0408255 seconds
[2019-12-09T02:03:55.872+0000][1][safepoint    ] Entering safepoint region: Cleanup
[2019-12-09T02:03:55.872+0000][1][safepoint    ] Leaving safepoint region
[2019-12-09T02:03:55.872+0000][1][safepoint    ] Total time for which application threads were stopped: 0.0030620 seconds, Stopping threads took: 0.0029837 seconds
[2019-12-09T02:03:55.962+0000][1][safepoint    ] Application time: 0.0898968 seconds
[2019-12-09T02:03:55.962+0000][1][safepoint    ] Entering safepoint region: GenCollectForAllocation
[2019-12-09T02:03:55.962+0000][1][gc,start     ] GC(16) Pause Young (Allocation Failure)
[2019-12-09T02:03:55.962+0000][1][gc,task      ] GC(16) Using 2 workers of 2 for evacuation
[2019-12-09T02:03:56.291+0000][1][gc,age       ] GC(16) Desired survivor size 4456448 bytes, new threshold 6 (max threshold 6)
[2019-12-09T02:03:56.291+0000][1][gc,age       ] GC(16) Age table with threshold 6 (max threshold 6)
[2019-12-09T02:03:56.291+0000][1][gc,age       ] GC(16) - age   1:    1291816 bytes,    1291816 total
[2019-12-09T02:03:56.291+0000][1][gc,heap      ] GC(16) ParNew: 78656K->8620K(78656K)
[2019-12-09T02:03:56.291+0000][1][gc,heap      ] GC(16) CMS: 45799K->54556K(174784K)
[2019-12-09T02:03:56.291+0000][1][gc,metaspace ] GC(16) Metaspace: 33022K->33022K(1079296K)
[2019-12-09T02:03:56.291+0000][1][gc           ] GC(16) Pause Young (Allocation Failure) 121M->61M(247M) 329.019ms
[2019-12-09T02:03:56.291+0000][1][gc,cpu       ] GC(16) User=0.09s Sys=0.00s Real=0.33s
[2019-12-09T02:03:56.291+0000][1][safepoint    ] Leaving safepoint region
[2019-12-09T02:03:56.291+0000][1][safepoint    ] Total time for which application threads were stopped: 0.3291559 seconds, Stopping threads took: 0.0000143 seconds
[2019-12-09T02:03:57.303+0000][1][safepoint    ] Application time: 1.0122006 seconds
[2019-12-09T02:03:57.389+0000][1][safepoint    ] Entering safepoint region: Cleanup
[2019-12-09T02:03:57.389+0000][1][safepoint    ] Leaving safepoint region
[2019-12-09T02:03:57.389+0000][1][safepoint    ] Total time for which application threads were stopped: 0.0857109 seconds, Stopping threads took: 0.0856518 seconds
[2019-12-09T02:03:58.410+0000][1][safepoint    ] Application time: 1.0208257 seconds
[2019-12-09T02:03:58.410+0000][1][safepoint    ] Entering safepoint region: Cleanup
[2019-12-09T02:03:58.410+0000][1][safepoint    ] Leaving safepoint region
[2019-12-09T02:03:58.410+0000][1][safepoint    ] Total time for which application threads were stopped: 0.0002118 seconds, Stopping threads took: 0.0001550 seconds
[2019-12-09T02:03:58.413+0000][1][safepoint    ] Application time: 0.0033980 seconds
[2019-12-09T02:03:58.413+0000][1][safepoint    ] Entering safepoint region: CollectForMetadataAllocation
[2019-12-09T02:03:58.414+0000][1][safepoint    ] Leaving safepoint region
[2019-12-09T02:03:58.414+0000][1][safepoint    ] Total time for which application threads were stopped: 0.0002257 seconds, Stopping threads took: 0.0000136 seconds
[2019-12-09T02:03:58.709+0000][1][safepoint    ] Application time: 0.2956931 seconds
[2019-12-09T02:03:58.709+0000][1][safepoint    ] Entering safepoint region: CollectForMetadataAllocation
[2019-12-09T02:03:58.710+0000][1][safepoint    ] Leaving safepoint region
[2019-12-09T02:03:58.710+0000][1][safepoint    ] Total time for which application threads were stopped: 0.0002366 seconds, Stopping threads took: 0.0000139 seconds
[2019-12-09T02:03:59.057+0000][1][safepoint    ] Application time: 0.3474514 seconds
[2019-12-09T02:03:59.057+0000][1][safepoint    ] Entering safepoint region: CollectForMetadataAllocation
[2019-12-09T02:03:59.057+0000][1][safepoint    ] Leaving safepoint region
[2019-12-09T02:03:59.057+0000][1][safepoint    ] Total time for which application threads were stopped: 0.0002291 seconds, Stopping threads took: 0.0000141 seconds
[2019-12-09T02:03:59.230+0000][1][safepoint    ] Application time: 0.1730206 seconds
[2019-12-09T02:03:59.230+0000][1][safepoint    ] Entering safepoint region: CollectForMetadataAllocation
[2019-12-09T02:03:59.231+0000][1][safepoint    ] Leaving safepoint region
[2019-12-09T02:03:59.231+0000][1][safepoint    ] Total time for which application threads were stopped: 0.0002319 seconds, Stopping threads took: 0.0000145 seconds
[2019-12-09T02:03:59.411+0000][1][safepoint    ] Application time: 0.1800711 seconds
[2019-12-09T02:03:59.411+0000][1][safepoint    ] Entering safepoint region: CollectForMetadataAllocation
[2019-12-09T02:03:59.411+0000][1][safepoint    ] Leaving safepoint region
[2019-12-09T02:03:59.411+0000][1][safepoint    ] Total time for which application threads were stopped: 0.0002577 seconds, Stopping threads took: 0.0000149 seconds
[2019-12-09T02:03:59.563+0000][1][safepoint    ] Application time: 0.1516988 seconds
[2019-12-09T02:03:59.563+0000][1][safepoint    ] Entering safepoint region: GenCollectForAllocation
[2019-12-09T02:03:59.563+0000][1][gc,start     ] GC(17) Pause Young (Allocation Failure)
[2019-12-09T02:03:59.563+0000][1][gc,task      ] GC(17) Using 2 workers of 2 for evacuation
[2019-12-09T02:03:59.705+0000][1][gc,age       ] GC(17) Desired survivor size 4456448 bytes, new threshold 6 (max threshold 6)
[2019-12-09T02:03:59.705+0000][1][gc,age       ] GC(17) Age table with threshold 6 (max threshold 6)
[2019-12-09T02:03:59.705+0000][1][gc,age       ] GC(17) - age   1:    1916656 bytes,    1916656 total
[2019-12-09T02:03:59.705+0000][1][gc,age       ] GC(17) - age   2:    1224728 bytes,    3141384 total
[2019-12-09T02:03:59.705+0000][1][gc,heap      ] GC(17) ParNew: 78572K->4783K(78656K)
[2019-12-09T02:03:59.705+0000][1][gc,heap      ] GC(17) CMS: 54556K->54556K(174784K)
[2019-12-09T02:03:59.705+0000][1][gc,metaspace ] GC(17) Metaspace: 35103K->35103K(1081344K)
[2019-12-09T02:03:59.705+0000][1][gc           ] GC(17) Pause Young (Allocation Failure) 130M->57M(247M) 142.355ms
[2019-12-09T02:03:59.705+0000][1][gc,cpu       ] GC(17) User=0.02s Sys=0.00s Real=0.15s
[2019-12-09T02:03:59.705+0000][1][safepoint    ] Leaving safepoint region
[2019-12-09T02:03:59.705+0000][1][safepoint    ] Total time for which application threads were stopped: 0.1424967 seconds, Stopping threads took: 0.0000144 seconds
[2019-12-09T02:03:59.709+0000][1][safepoint    ] Application time: 0.0035017 seconds
[2019-12-09T02:03:59.709+0000][1][safepoint    ] Entering safepoint region: CMS_Initial_Mark
[2019-12-09T02:03:59.709+0000][1][gc,start     ] GC(18) Pause Initial Mark
[2019-12-09T02:03:59.713+0000][1][gc           ] GC(18) Pause Initial Mark 59M->59M(247M) 4.332ms
[2019-12-09T02:03:59.713+0000][1][gc,cpu       ] GC(18) User=0.01s Sys=0.00s Real=0.00s
[2019-12-09T02:03:59.713+0000][1][safepoint    ] Leaving safepoint region
[2019-12-09T02:03:59.713+0000][1][safepoint    ] Total time for which application threads were stopped: 0.0046719 seconds, Stopping threads took: 0.0002514 seconds
[2019-12-09T02:03:59.713+0000][1][gc           ] GC(18) Concurrent Mark
[2019-12-09T02:03:59.724+0000][1][safepoint    ] Application time: 0.0102828 seconds
[2019-12-09T02:03:59.724+0000][1][safepoint    ] Entering safepoint region: CollectForMetadataAllocation
[2019-12-09T02:03:59.724+0000][1][safepoint    ] Leaving safepoint region
[2019-12-09T02:03:59.724+0000][1][safepoint    ] Total time for which application threads were stopped: 0.0002222 seconds, Stopping threads took: 0.0000121 seconds
[2019-12-09T02:03:59.932+0000][1][safepoint    ] Application time: 0.2077369 seconds
[2019-12-09T02:03:59.932+0000][1][safepoint    ] Entering safepoint region: CollectForMetadataAllocation
[2019-12-09T02:03:59.932+0000][1][safepoint    ] Leaving safepoint region
[2019-12-09T02:03:59.932+0000][1][safepoint    ] Total time for which application threads were stopped: 0.0002230 seconds, Stopping threads took: 0.0000145 seconds
[2019-12-09T02:04:00.225+0000][1][safepoint    ] Application time: 0.2927446 seconds
[2019-12-09T02:04:00.225+0000][1][safepoint    ] Entering safepoint region: CollectForMetadataAllocation
[2019-12-09T02:04:00.225+0000][1][safepoint    ] Leaving safepoint region
[2019-12-09T02:04:00.225+0000][1][safepoint    ] Total time for which application threads were stopped: 0.0002445 seconds, Stopping threads took: 0.0000154 seconds
[2019-12-09T02:04:00.399+0000][1][safepoint    ] Application time: 0.1735257 seconds
[2019-12-09T02:04:00.399+0000][1][safepoint    ] Entering safepoint region: CollectForMetadataAllocation
[2019-12-09T02:04:00.399+0000][1][safepoint    ] Leaving safepoint region
[2019-12-09T02:04:00.399+0000][1][safepoint    ] Total time for which application threads were stopped: 0.0002607 seconds, Stopping threads took: 0.0000148 seconds
[2019-12-09T02:04:00.455+0000][1][gc           ] GC(18) Concurrent Mark 741.109ms
[2019-12-09T02:04:00.455+0000][1][gc,cpu       ] GC(18) User=0.22s Sys=0.01s Real=0.74s
[2019-12-09T02:04:00.455+0000][1][gc           ] GC(18) Concurrent Preclean
[2019-12-09T02:04:00.493+0000][1][gc           ] GC(18) Concurrent Preclean 38.084ms
[2019-12-09T02:04:00.493+0000][1][gc,cpu       ] GC(18) User=0.01s Sys=0.00s Real=0.04s
[2019-12-09T02:04:00.493+0000][1][gc           ] GC(18) Concurrent Abortable Preclean
[2019-12-09T02:04:00.782+0000][1][safepoint    ] Application time: 0.3828680 seconds
[2019-12-09T02:04:00.782+0000][1][safepoint    ] Entering safepoint region: CollectForMetadataAllocation
[2019-12-09T02:04:00.782+0000][1][safepoint    ] Leaving safepoint region
[2019-12-09T02:04:00.782+0000][1][safepoint    ] Total time for which application threads were stopped: 0.0001426 seconds, Stopping threads took: 0.0000145 seconds
[2019-12-09T02:04:01.089+0000][1][safepoint    ] Application time: 0.3067996 seconds
[2019-12-09T02:04:01.089+0000][1][safepoint    ] Entering safepoint region: CollectForMetadataAllocation
[2019-12-09T02:04:01.089+0000][1][safepoint    ] Leaving safepoint region
[2019-12-09T02:04:01.089+0000][1][safepoint    ] Total time for which application threads were stopped: 0.0002551 seconds, Stopping threads took: 0.0000165 seconds
[2019-12-09T02:04:01.093+0000][1][safepoint    ] Application time: 0.0036768 seconds
[2019-12-09T02:04:01.093+0000][1][safepoint    ] Entering safepoint region: RevokeBias
[2019-12-09T02:04:01.093+0000][1][safepoint    ] Leaving safepoint region
[2019-12-09T02:04:01.093+0000][1][safepoint    ] Total time for which application threads were stopped: 0.0001904 seconds, Stopping threads took: 0.0000116 seconds
[2019-12-09T02:04:01.206+0000][1][safepoint    ] Application time: 0.1131006 seconds
[2019-12-09T02:04:01.206+0000][1][safepoint    ] Entering safepoint region: CollectForMetadataAllocation
[2019-12-09T02:04:01.206+0000][1][safepoint    ] Leaving safepoint region
[2019-12-09T02:04:01.206+0000][1][safepoint    ] Total time for which application threads were stopped: 0.0002961 seconds, Stopping threads took: 0.0000711 seconds
[2019-12-09T02:04:01.473+0000][1][safepoint    ] Application time: 0.2664056 seconds
[2019-12-09T02:04:01.473+0000][1][safepoint    ] Entering safepoint region: CollectForMetadataAllocation
[2019-12-09T02:04:01.473+0000][1][safepoint    ] Leaving safepoint region
[2019-12-09T02:04:01.473+0000][1][safepoint    ] Total time for which application threads were stopped: 0.0002917 seconds, Stopping threads took: 0.0000158 seconds
[2019-12-09T02:04:02.014+0000][1][safepoint    ] Application time: 0.5406138 seconds
[2019-12-09T02:04:02.014+0000][1][safepoint    ] Entering safepoint region: CollectForMetadataAllocation
[2019-12-09T02:04:02.014+0000][1][safepoint    ] Leaving safepoint region
[2019-12-09T02:04:02.014+0000][1][safepoint    ] Total time for which application threads were stopped: 0.0002423 seconds, Stopping threads took: 0.0000151 seconds
[2019-12-09T02:04:02.262+0000][1][safepoint    ] Application time: 0.2481814 seconds
[2019-12-09T02:04:02.262+0000][1][safepoint    ] Entering safepoint region: CollectForMetadataAllocation
[2019-12-09T02:04:02.262+0000][1][safepoint    ] Leaving safepoint region
[2019-12-09T02:04:02.262+0000][1][safepoint    ] Total time for which application threads were stopped: 0.0001538 seconds, Stopping threads took: 0.0000144 seconds
[2019-12-09T02:04:02.569+0000][1][safepoint    ] Application time: 0.3063248 seconds
[2019-12-09T02:04:02.569+0000][1][safepoint    ] Entering safepoint region: CollectForMetadataAllocation
[2019-12-09T02:04:02.569+0000][1][safepoint    ] Leaving safepoint region
[2019-12-09T02:04:02.569+0000][1][safepoint    ] Total time for which application threads were stopped: 0.0002513 seconds, Stopping threads took: 0.0000455 seconds
[2019-12-09T02:04:02.813+0000][1][safepoint    ] Application time: 0.2436250 seconds
[2019-12-09T02:04:02.813+0000][1][safepoint    ] Entering safepoint region: CollectForMetadataAllocation
[2019-12-09T02:04:02.813+0000][1][safepoint    ] Leaving safepoint region
[2019-12-09T02:04:02.813+0000][1][safepoint    ] Total time for which application threads were stopped: 0.0002429 seconds, Stopping threads took: 0.0000277 seconds
[2019-12-09T02:04:03.005+0000][1][safepoint    ] Application time: 0.1918069 seconds
[2019-12-09T02:04:03.005+0000][1][safepoint    ] Entering safepoint region: CollectForMetadataAllocation
[2019-12-09T02:04:03.005+0000][1][safepoint    ] Leaving safepoint region
[2019-12-09T02:04:03.005+0000][1][safepoint    ] Total time for which application threads were stopped: 0.0002799 seconds, Stopping threads took: 0.0000154 seconds
[2019-12-09T02:04:03.285+0000][1][safepoint    ] Application time: 0.2797072 seconds
[2019-12-09T02:04:03.285+0000][1][safepoint    ] Entering safepoint region: CollectForMetadataAllocation
[2019-12-09T02:04:03.285+0000][1][safepoint    ] Leaving safepoint region
[2019-12-09T02:04:03.285+0000][1][safepoint    ] Total time for which application threads were stopped: 0.0002413 seconds, Stopping threads took: 0.0000156 seconds
[2019-12-09T02:04:03.516+0000][1][safepoint    ] Application time: 0.2312719 seconds
[2019-12-09T02:04:03.516+0000][1][safepoint    ] Entering safepoint region: CollectForMetadataAllocation
[2019-12-09T02:04:03.517+0000][1][safepoint    ] Leaving safepoint region
[2019-12-09T02:04:03.517+0000][1][safepoint    ] Total time for which application threads were stopped: 0.0002319 seconds, Stopping threads took: 0.0000148 seconds
[2019-12-09T02:04:03.749+0000][1][safepoint    ] Application time: 0.2321246 seconds
[2019-12-09T02:04:03.749+0000][1][safepoint    ] Entering safepoint region: CollectForMetadataAllocation
[2019-12-09T02:04:03.749+0000][1][safepoint    ] Leaving safepoint region
[2019-12-09T02:04:03.749+0000][1][safepoint    ] Total time for which application threads were stopped: 0.0002220 seconds, Stopping threads took: 0.0000142 seconds
[2019-12-09T02:04:04.043+0000][1][safepoint    ] Application time: 0.2937802 seconds
[2019-12-09T02:04:04.043+0000][1][safepoint    ] Entering safepoint region: CollectForMetadataAllocation
[2019-12-09T02:04:04.043+0000][1][safepoint    ] Leaving safepoint region
[2019-12-09T02:04:04.043+0000][1][safepoint    ] Total time for which application threads were stopped: 0.0001474 seconds, Stopping threads took: 0.0000126 seconds
[2019-12-09T02:04:04.461+0000][1][safepoint    ] Application time: 0.4183263 seconds
[2019-12-09T02:04:04.461+0000][1][safepoint    ] Entering safepoint region: CollectForMetadataAllocation
[2019-12-09T02:04:04.462+0000][1][safepoint    ] Leaving safepoint region
[2019-12-09T02:04:04.462+0000][1][safepoint    ] Total time for which application threads were stopped: 0.0002307 seconds, Stopping threads took: 0.0000153 seconds
[2019-12-09T02:04:04.754+0000][1][safepoint    ] Application time: 0.2919970 seconds
[2019-12-09T02:04:04.754+0000][1][safepoint    ] Entering safepoint region: CollectForMetadataAllocation
[2019-12-09T02:04:04.754+0000][1][safepoint    ] Leaving safepoint region
[2019-12-09T02:04:04.754+0000][1][safepoint    ] Total time for which application threads were stopped: 0.0002476 seconds, Stopping threads took: 0.0000133 seconds
[2019-12-09T02:04:05.010+0000][1][safepoint    ] Application time: 0.2565173 seconds
[2019-12-09T02:04:05.010+0000][1][safepoint    ] Entering safepoint region: CollectForMetadataAllocation
[2019-12-09T02:04:05.011+0000][1][safepoint    ] Leaving safepoint region
[2019-12-09T02:04:05.011+0000][1][safepoint    ] Total time for which application threads were stopped: 0.0002184 seconds, Stopping threads took: 0.0000125 seconds
[2019-12-09T02:04:05.518+0000][1][safepoint    ] Application time: 0.5077605 seconds
[2019-12-09T02:04:05.518+0000][1][safepoint    ] Entering safepoint region: CollectForMetadataAllocation
[2019-12-09T02:04:05.519+0000][1][safepoint    ] Leaving safepoint region
[2019-12-09T02:04:05.519+0000][1][safepoint    ] Total time for which application threads were stopped: 0.0002278 seconds, Stopping threads took: 0.0000141 seconds
[2019-12-09T02:04:05.701+0000][1][safepoint    ] Application time: 0.1821122 seconds
[2019-12-09T02:04:05.701+0000][1][safepoint    ] Entering safepoint region: CollectForMetadataAllocation
[2019-12-09T02:04:05.701+0000][1][safepoint    ] Leaving safepoint region
[2019-12-09T02:04:05.701+0000][1][safepoint    ] Total time for which application threads were stopped: 0.0002237 seconds, Stopping threads took: 0.0000141 seconds
[2019-12-09T02:04:05.868+0000][1][gc           ] GC(18) Concurrent Abortable Preclean 5374.961ms
[2019-12-09T02:04:05.868+0000][1][gc,cpu       ] GC(18) User=1.56s Sys=0.01s Real=5.38s
[2019-12-09T02:04:05.869+0000][1][safepoint    ] Application time: 0.1675084 seconds
[2019-12-09T02:04:05.869+0000][1][safepoint    ] Entering safepoint region: CMS_Final_Remark
[2019-12-09T02:04:05.869+0000][1][gc,start     ] GC(18) Pause Remark
[2019-12-09T02:04:06.047+0000][1][gc           ] GC(18) Pause Remark 88M->88M(247M) 178.223ms
[2019-12-09T02:04:06.047+0000][1][gc,cpu       ] GC(18) User=0.03s Sys=0.00s Real=0.18s
[2019-12-09T02:04:06.047+0000][1][safepoint    ] Leaving safepoint region
[2019-12-09T02:04:06.047+0000][1][safepoint    ] Total time for which application threads were stopped: 0.1784373 seconds, Stopping threads took: 0.0000755 seconds
[2019-12-09T02:04:06.060+0000][1][gc           ] GC(18) Concurrent Sweep
[2019-12-09T02:04:06.175+0000][1][safepoint    ] Application time: 0.1276892 seconds
[2019-12-09T02:04:06.175+0000][1][safepoint    ] Entering safepoint region: CollectForMetadataAllocation
[2019-12-09T02:04:06.176+0000][1][safepoint    ] Leaving safepoint region
[2019-12-09T02:04:06.176+0000][1][safepoint    ] Total time for which application threads were stopped: 0.0008587 seconds, Stopping threads took: 0.0000142 seconds
[2019-12-09T02:04:06.204+0000][1][safepoint    ] Application time: 0.0280934 seconds
[2019-12-09T02:04:06.204+0000][1][safepoint    ] Entering safepoint region: CollectForMetadataAllocation
[2019-12-09T02:04:06.204+0000][1][safepoint    ] Leaving safepoint region
[2019-12-09T02:04:06.204+0000][1][safepoint    ] Total time for which application threads were stopped: 0.0002353 seconds, Stopping threads took: 0.0000132 seconds
[2019-12-09T02:04:06.291+0000][1][safepoint    ] Application time: 0.0867585 seconds
[2019-12-09T02:04:06.309+0000][1][safepoint    ] Entering safepoint region: RevokeBias
[2019-12-09T02:04:06.309+0000][1][safepoint    ] Leaving safepoint region
[2019-12-09T02:04:06.309+0000][1][safepoint    ] Total time for which application threads were stopped: 0.0180420 seconds, Stopping threads took: 0.0179787 seconds
[2019-12-09T02:04:06.309+0000][1][safepoint    ] Application time: 0.0002027 seconds
[2019-12-09T02:04:06.309+0000][1][safepoint    ] Entering safepoint region: RevokeBias
[2019-12-09T02:04:06.309+0000][1][safepoint    ] Leaving safepoint region
[2019-12-09T02:04:06.309+0000][1][safepoint    ] Total time for which application threads were stopped: 0.0000494 seconds, Stopping threads took: 0.0000127 seconds
[2019-12-09T02:04:06.507+0000][1][gc           ] GC(18) Concurrent Sweep 447.473ms
[2019-12-09T02:04:06.507+0000][1][gc,cpu       ] GC(18) User=0.12s Sys=0.01s Real=0.45s
[2019-12-09T02:04:06.507+0000][1][gc           ] GC(18) Concurrent Reset
[2019-12-09T02:04:06.508+0000][1][gc           ] GC(18) Concurrent Reset 0.331ms
[2019-12-09T02:04:06.508+0000][1][gc,cpu       ] GC(18) User=0.00s Sys=0.00s Real=0.00s
[2019-12-09T02:04:06.508+0000][1][gc,heap      ] GC(18) Old: 54556K->54368K(174784K)
[2019-12-09T02:04:07.371+0000][1][safepoint    ] Application time: 1.0615898 seconds
[2019-12-09T02:04:07.422+0000][1][safepoint    ] Entering safepoint region: Cleanup
[2019-12-09T02:04:07.422+0000][1][safepoint    ] Leaving safepoint region
[2019-12-09T02:04:07.422+0000][1][safepoint    ] Total time for which application threads were stopped: 0.0510914 seconds, Stopping threads took: 0.0510248 seconds
[2019-12-09T02:04:09.454+0000][1][safepoint    ] Application time: 2.0318447 seconds
[2019-12-09T02:04:09.523+0000][1][safepoint    ] Entering safepoint region: Cleanup
[2019-12-09T02:04:09.523+0000][1][safepoint    ] Leaving safepoint region
[2019-12-09T02:04:09.523+0000][1][safepoint    ] Total time for which application threads were stopped: 0.0690570 seconds, Stopping threads took: 0.0690017 seconds
[2019-12-09T02:04:11.160+0000][1][safepoint    ] Application time: 1.6373069 seconds
[2019-12-09T02:04:11.204+0000][1][safepoint    ] Entering safepoint region: RevokeBias
[2019-12-09T02:04:11.204+0000][1][safepoint    ] Leaving safepoint region
[2019-12-09T02:04:11.204+0000][1][safepoint    ] Total time for which application threads were stopped: 0.0437687 seconds, Stopping threads took: 0.0436696 seconds
[2019-12-09T02:04:11.277+0000][1][safepoint    ] Application time: 0.0727785 seconds
[2019-12-09T02:04:11.277+0000][1][safepoint    ] Entering safepoint region: RevokeBias
[2019-12-09T02:04:11.277+0000][1][safepoint    ] Leaving safepoint region
[2019-12-09T02:04:11.277+0000][1][safepoint    ] Total time for which application threads were stopped: 0.0001281 seconds, Stopping threads took: 0.0000135 seconds
[2019-12-09T02:04:11.288+0000][1][safepoint    ] Application time: 0.0108215 seconds
[2019-12-09T02:04:11.288+0000][1][safepoint    ] Entering safepoint region: RevokeBias
[2019-12-09T02:04:11.288+0000][1][safepoint    ] Leaving safepoint region
[2019-12-09T02:04:11.288+0000][1][safepoint    ] Total time for which application threads were stopped: 0.0001096 seconds, Stopping threads took: 0.0000126 seconds
[2019-12-09T02:04:11.291+0000][1][safepoint    ] Application time: 0.0029111 seconds
[2019-12-09T02:04:11.295+0000][1][safepoint    ] Entering safepoint region: RevokeBias
[2019-12-09T02:04:11.295+0000][1][safepoint    ] Leaving safepoint region
[2019-12-09T02:04:11.295+0000][1][safepoint    ] Total time for which application threads were stopped: 0.0040064 seconds, Stopping threads took: 0.0039388 seconds
[2019-12-09T02:04:11.295+0000][1][safepoint    ] Application time: 0.0000975 seconds
[2019-12-09T02:04:11.295+0000][1][safepoint    ] Entering safepoint region: RevokeBias
[2019-12-09T02:04:11.295+0000][1][safepoint    ] Leaving safepoint region
[2019-12-09T02:04:11.295+0000][1][safepoint    ] Total time for which application threads were stopped: 0.0000554 seconds, Stopping threads took: 0.0000097 seconds
[2019-12-09T02:04:11.295+0000][1][safepoint    ] Application time: 0.0000554 seconds
[2019-12-09T02:04:11.295+0000][1][safepoint    ] Entering safepoint region: RevokeBias
[2019-12-09T02:04:11.295+0000][1][safepoint    ] Leaving safepoint region
[2019-12-09T02:04:11.295+0000][1][safepoint    ] Total time for which application threads were stopped: 0.0000549 seconds, Stopping threads took: 0.0000156 seconds
[2019-12-09T02:04:11.295+0000][1][safepoint    ] Application time: 0.0000763 seconds
[2019-12-09T02:04:11.295+0000][1][safepoint    ] Entering safepoint region: RevokeBias
[2019-12-09T02:04:11.295+0000][1][safepoint    ] Leaving safepoint region
[2019-12-09T02:04:11.295+0000][1][safepoint    ] Total time for which application threads were stopped: 0.0000508 seconds, Stopping threads took: 0.0000090 seconds
[2019-12-09T02:04:11.295+0000][1][safepoint    ] Application time: 0.0000579 seconds
[2019-12-09T02:04:11.295+0000][1][safepoint    ] Entering safepoint region: RevokeBias
[2019-12-09T02:04:11.295+0000][1][safepoint    ] Leaving safepoint region
[2019-12-09T02:04:11.295+0000][1][safepoint    ] Total time for which application threads were stopped: 0.0000466 seconds, Stopping threads took: 0.0000087 seconds
[2019-12-09T02:04:11.297+0000][1][safepoint    ] Application time: 0.0012636 seconds
[2019-12-09T02:04:11.297+0000][1][safepoint    ] Entering safepoint region: RevokeBias
[2019-12-09T02:04:11.297+0000][1][safepoint    ] Leaving safepoint region
[2019-12-09T02:04:11.297+0000][1][safepoint    ] Total time for which application threads were stopped: 0.0000728 seconds, Stopping threads took: 0.0000092 seconds
[2019-12-09T02:04:11.297+0000][1][safepoint    ] Application time: 0.0000669 seconds
[2019-12-09T02:04:11.297+0000][1][safepoint    ] Entering safepoint region: RevokeBias
[2019-12-09T02:04:11.297+0000][1][safepoint    ] Leaving safepoint region
[2019-12-09T02:04:11.297+0000][1][safepoint    ] Total time for which application threads were stopped: 0.0000411 seconds, Stopping threads took: 0.0000073 seconds
[2019-12-09T02:04:11.297+0000][1][safepoint    ] Application time: 0.0002184 seconds
[2019-12-09T02:04:11.297+0000][1][safepoint    ] Entering safepoint region: RevokeBias
[2019-12-09T02:04:11.297+0000][1][safepoint    ] Leaving safepoint region
[2019-12-09T02:04:11.297+0000][1][safepoint    ] Total time for which application threads were stopped: 0.0000487 seconds, Stopping threads took: 0.0000089 seconds
[2019-12-09T02:04:11.297+0000][1][safepoint    ] Application time: 0.0000755 seconds
[2019-12-09T02:04:11.297+0000][1][safepoint    ] Entering safepoint region: RevokeBias
[2019-12-09T02:04:11.297+0000][1][safepoint    ] Leaving safepoint region
[2019-12-09T02:04:11.297+0000][1][safepoint    ] Total time for which application threads were stopped: 0.0000430 seconds, Stopping threads took: 0.0000081 seconds
[2019-12-09T02:04:11.298+0000][1][safepoint    ] Application time: 0.0002928 seconds
[2019-12-09T02:04:11.298+0000][1][safepoint    ] Entering safepoint region: RevokeBias
[2019-12-09T02:04:11.298+0000][1][safepoint    ] Leaving safepoint region
[2019-12-09T02:04:11.298+0000][1][safepoint    ] Total time for which application threads were stopped: 0.0000501 seconds, Stopping threads took: 0.0000094 seconds
[2019-12-09T02:04:11.298+0000][1][safepoint    ] Application time: 0.0001207 seconds
[2019-12-09T02:04:11.298+0000][1][safepoint    ] Entering safepoint region: RevokeBias
[2019-12-09T02:04:11.298+0000][1][safepoint    ] Leaving safepoint region
[2019-12-09T02:04:11.298+0000][1][safepoint    ] Total time for which application threads were stopped: 0.0000461 seconds, Stopping threads took: 0.0000077 seconds
[2019-12-09T02:04:12.312+0000][1][safepoint    ] Application time: 1.0138578 seconds
[2019-12-09T02:04:12.358+0000][1][safepoint    ] Entering safepoint region: Cleanup
[2019-12-09T02:04:12.358+0000][1][safepoint    ] Leaving safepoint region
[2019-12-09T02:04:12.358+0000][1][safepoint    ] Total time for which application threads were stopped: 0.0462371 seconds, Stopping threads took: 0.0461425 seconds
[2019-12-09T02:04:13.369+0000][1][safepoint    ] Application time: 1.0107286 seconds
[2019-12-09T02:04:13.442+0000][1][safepoint    ] Entering safepoint region: Cleanup
[2019-12-09T02:04:13.442+0000][1][safepoint    ] Leaving safepoint region
[2019-12-09T02:04:13.442+0000][1][safepoint    ] Total time for which application threads were stopped: 0.0731451 seconds, Stopping threads took: 0.0730757 seconds
[2019-12-09T02:04:13.447+0000][1][safepoint    ] Application time: 0.0050388 seconds
[2019-12-09T02:04:13.447+0000][1][safepoint    ] Entering safepoint region: GenCollectForAllocation
[2019-12-09T02:04:13.447+0000][1][gc,start     ] GC(19) Pause Young (Allocation Failure)
[2019-12-09T02:04:13.447+0000][1][gc,task      ] GC(19) Using 2 workers of 2 for evacuation
[2019-12-09T02:04:13.511+0000][1][gc,age       ] GC(19) Desired survivor size 4456448 bytes, new threshold 2 (max threshold 6)
[2019-12-09T02:04:13.511+0000][1][gc,age       ] GC(19) Age table with threshold 2 (max threshold 6)
[2019-12-09T02:04:13.511+0000][1][gc,age       ] GC(19) - age   1:    2834840 bytes,    2834840 total
[2019-12-09T02:04:13.511+0000][1][gc,age       ] GC(19) - age   2:    1891456 bytes,    4726296 total
[2019-12-09T02:04:13.511+0000][1][gc,age       ] GC(19) - age   3:    1222328 bytes,    5948624 total
[2019-12-09T02:04:13.511+0000][1][gc,heap      ] GC(19) ParNew: 74735K->7246K(78656K)
[2019-12-09T02:04:13.511+0000][1][gc,heap      ] GC(19) CMS: 54368K->54368K(174784K)
[2019-12-09T02:04:13.511+0000][1][gc,metaspace ] GC(19) Metaspace: 42971K->42971K(1089536K)
[2019-12-09T02:04:13.511+0000][1][gc           ] GC(19) Pause Young (Allocation Failure) 126M->60M(247M) 64.003ms
[2019-12-09T02:04:13.511+0000][1][gc,cpu       ] GC(19) User=0.03s Sys=0.00s Real=0.06s
[2019-12-09T02:04:13.511+0000][1][safepoint    ] Leaving safepoint region
[2019-12-09T02:04:13.511+0000][1][safepoint    ] Total time for which application threads were stopped: 0.0641393 seconds, Stopping threads took: 0.0000123 seconds
[2019-12-09T02:04:14.533+0000][1][safepoint    ] Application time: 1.0215933 seconds
[2019-12-09T02:04:14.569+0000][1][safepoint    ] Entering safepoint region: Cleanup
[2019-12-09T02:04:14.569+0000][1][safepoint    ] Leaving safepoint region
[2019-12-09T02:04:14.569+0000][1][safepoint    ] Total time for which application threads were stopped: 0.0361413 seconds, Stopping threads took: 0.0360588 seconds
[2019-12-09T02:04:14.580+0000][1][safepoint    ] Application time: 0.0108845 seconds
[2019-12-09T02:04:14.580+0000][1][safepoint    ] Entering safepoint region: RevokeBias
[2019-12-09T02:04:14.580+0000][1][safepoint    ] Leaving safepoint region
[2019-12-09T02:04:14.580+0000][1][safepoint    ] Total time for which application threads were stopped: 0.0000723 seconds, Stopping threads took: 0.0000101 seconds
[2019-12-09T02:04:14.637+0000][1][safepoint    ] Application time: 0.0571092 seconds
[2019-12-09T02:04:14.637+0000][1][safepoint    ] Entering safepoint region: RevokeBias
[2019-12-09T02:04:14.637+0000][1][safepoint    ] Leaving safepoint region
[2019-12-09T02:04:14.637+0000][1][safepoint    ] Total time for which application threads were stopped: 0.0000961 seconds, Stopping threads took: 0.0000124 seconds
[2019-12-09T02:04:15.675+0000][1][safepoint    ] Application time: 1.0382832 seconds
[2019-12-09T02:04:15.675+0000][1][safepoint    ] Entering safepoint region: Cleanup
[2019-12-09T02:04:15.676+0000][1][safepoint    ] Leaving safepoint region
[2019-12-09T02:04:15.676+0000][1][safepoint    ] Total time for which application threads were stopped: 0.0004406 seconds, Stopping threads took: 0.0000133 seconds
[2019-12-09T02:04:16.004+0000][1][safepoint    ] Application time: 0.3278073 seconds
[2019-12-09T02:04:16.110+0000][1][safepoint    ] Entering safepoint region: RevokeBias
[2019-12-09T02:04:16.110+0000][1][safepoint    ] Leaving safepoint region
[2019-12-09T02:04:16.110+0000][1][safepoint    ] Total time for which application threads were stopped: 0.1062543 seconds, Stopping threads took: 0.1061292 seconds
[2019-12-09T02:04:16.111+0000][1][safepoint    ] Application time: 0.0007304 seconds
[2019-12-09T02:04:16.111+0000][1][safepoint    ] Entering safepoint region: RevokeBias
[2019-12-09T02:04:16.111+0000][1][safepoint    ] Leaving safepoint region
[2019-12-09T02:04:16.111+0000][1][safepoint    ] Total time for which application threads were stopped: 0.0000886 seconds, Stopping threads took: 0.0000111 seconds
[2019-12-09T02:04:16.113+0000][1][safepoint    ] Application time: 0.0021582 seconds
[2019-12-09T02:04:16.113+0000][1][safepoint    ] Entering safepoint region: RevokeBias
[2019-12-09T02:04:16.113+0000][1][safepoint    ] Leaving safepoint region
[2019-12-09T02:04:16.113+0000][1][safepoint    ] Total time for which application threads were stopped: 0.0000465 seconds, Stopping threads took: 0.0000096 seconds
[2019-12-09T02:04:16.118+0000][1][safepoint    ] Application time: 0.0046421 seconds
[2019-12-09T02:04:16.118+0000][1][safepoint    ] Entering safepoint region: RevokeBias
[2019-12-09T02:04:16.118+0000][1][safepoint    ] Leaving safepoint region
[2019-12-09T02:04:16.118+0000][1][safepoint    ] Total time for which application threads were stopped: 0.0001390 seconds, Stopping threads took: 0.0000930 seconds
[2019-12-09T02:04:16.504+0000][1][safepoint    ] Application time: 0.3863066 seconds
[2019-12-09T02:04:16.504+0000][1][safepoint    ] Entering safepoint region: RevokeBias
[2019-12-09T02:04:16.504+0000][1][safepoint    ] Leaving safepoint region
[2019-12-09T02:04:16.504+0000][1][safepoint    ] Total time for which application threads were stopped: 0.0001125 seconds, Stopping threads took: 0.0000234 seconds
[2019-12-09T02:04:16.504+0000][1][safepoint    ] Application time: 0.0000793 seconds
[2019-12-09T02:04:16.504+0000][1][safepoint    ] Entering safepoint region: RevokeBias
[2019-12-09T02:04:16.505+0000][1][safepoint    ] Leaving safepoint region
[2019-12-09T02:04:16.505+0000][1][safepoint    ] Total time for which application threads were stopped: 0.0000592 seconds, Stopping threads took: 0.0000083 seconds
[2019-12-09T02:04:16.505+0000][1][safepoint    ] Application time: 0.0000574 seconds
[2019-12-09T02:04:16.505+0000][1][safepoint    ] Entering safepoint region: RevokeBias
[2019-12-09T02:04:16.505+0000][1][safepoint    ] Leaving safepoint region
[2019-12-09T02:04:16.505+0000][1][safepoint    ] Total time for which application threads were stopped: 0.0000506 seconds, Stopping threads took: 0.0000080 seconds
[2019-12-09T02:04:16.505+0000][1][safepoint    ] Application time: 0.0001337 seconds
[2019-12-09T02:04:16.505+0000][1][safepoint    ] Entering safepoint region: RevokeBias
[2019-12-09T02:04:16.505+0000][1][safepoint    ] Leaving safepoint region
[2019-12-09T02:04:16.505+0000][1][safepoint    ] Total time for which application threads were stopped: 0.0000671 seconds, Stopping threads took: 0.0000091 seconds
[2019-12-09T02:04:16.505+0000][1][safepoint    ] Application time: 0.0001808 seconds
[2019-12-09T02:04:16.505+0000][1][safepoint    ] Entering safepoint region: RevokeBias
[2019-12-09T02:04:16.505+0000][1][safepoint    ] Leaving safepoint region
[2019-12-09T02:04:16.505+0000][1][safepoint    ] Total time for which application threads were stopped: 0.0000691 seconds, Stopping threads took: 0.0000083 seconds
[2019-12-09T02:04:16.506+0000][1][safepoint    ] Application time: 0.0003953 seconds
[2019-12-09T02:04:16.506+0000][1][safepoint    ] Entering safepoint region: RevokeBias
[2019-12-09T02:04:16.506+0000][1][safepoint    ] Leaving safepoint region
[2019-12-09T02:04:16.506+0000][1][safepoint    ] Total time for which application threads were stopped: 0.0000677 seconds, Stopping threads took: 0.0000094 seconds
[2019-12-09T02:04:16.506+0000][1][safepoint    ] Application time: 0.0001842 seconds
[2019-12-09T02:04:16.506+0000][1][safepoint    ] Entering safepoint region: RevokeBias
[2019-12-09T02:04:16.506+0000][1][safepoint    ] Leaving safepoint region
[2019-12-09T02:04:16.506+0000][1][safepoint    ] Total time for which application threads were stopped: 0.0000692 seconds, Stopping threads took: 0.0000093 seconds
[2019-12-09T02:04:16.506+0000][1][safepoint    ] Application time: 0.0000533 seconds
[2019-12-09T02:04:16.506+0000][1][safepoint    ] Entering safepoint region: RevokeBias
[2019-12-09T02:04:16.506+0000][1][safepoint    ] Leaving safepoint region
[2019-12-09T02:04:16.506+0000][1][safepoint    ] Total time for which application threads were stopped: 0.0000569 seconds, Stopping threads took: 0.0000077 seconds
[2019-12-09T02:04:16.506+0000][1][safepoint    ] Application time: 0.0000522 seconds
[2019-12-09T02:04:16.506+0000][1][safepoint    ] Entering safepoint region: RevokeBias
[2019-12-09T02:04:16.506+0000][1][safepoint    ] Leaving safepoint region
[2019-12-09T02:04:16.506+0000][1][safepoint    ] Total time for which application threads were stopped: 0.0000500 seconds, Stopping threads took: 0.0000077 seconds
[2019-12-09T02:04:16.506+0000][1][safepoint    ] Application time: 0.0000494 seconds
[2019-12-09T02:04:16.506+0000][1][safepoint    ] Entering safepoint region: RevokeBias
[2019-12-09T02:04:16.506+0000][1][safepoint    ] Leaving safepoint region
[2019-12-09T02:04:16.506+0000][1][safepoint    ] Total time for which application threads were stopped: 0.0000496 seconds, Stopping threads took: 0.0000078 seconds
[2019-12-09T02:04:16.506+0000][1][safepoint    ] Application time: 0.0000497 seconds
[2019-12-09T02:04:16.506+0000][1][safepoint    ] Entering safepoint region: RevokeBias
[2019-12-09T02:04:16.506+0000][1][safepoint    ] Leaving safepoint region
[2019-12-09T02:04:16.506+0000][1][safepoint    ] Total time for which application threads were stopped: 0.0000491 seconds, Stopping threads took: 0.0000076 seconds
[2019-12-09T02:04:16.506+0000][1][safepoint    ] Application time: 0.0000495 seconds
[2019-12-09T02:04:16.506+0000][1][safepoint    ] Entering safepoint region: RevokeBias
[2019-12-09T02:04:16.506+0000][1][safepoint    ] Leaving safepoint region
[2019-12-09T02:04:16.506+0000][1][safepoint    ] Total time for which application threads were stopped: 0.0000483 seconds, Stopping threads took: 0.0000076 seconds
[2019-12-09T02:04:16.507+0000][1][safepoint    ] Application time: 0.0000494 seconds
[2019-12-09T02:04:16.507+0000][1][safepoint    ] Entering safepoint region: RevokeBias
[2019-12-09T02:04:16.507+0000][1][safepoint    ] Leaving safepoint region
[2019-12-09T02:04:16.507+0000][1][safepoint    ] Total time for which application threads were stopped: 0.0000495 seconds, Stopping threads took: 0.0000076 seconds
[2019-12-09T02:04:16.507+0000][1][safepoint    ] Application time: 0.0000496 seconds
[2019-12-09T02:04:16.507+0000][1][safepoint    ] Entering safepoint region: RevokeBias
[2019-12-09T02:04:16.507+0000][1][safepoint    ] Leaving safepoint region
[2019-12-09T02:04:16.507+0000][1][safepoint    ] Total time for which application threads were stopped: 0.0000712 seconds, Stopping threads took: 0.0000221 seconds
[2019-12-09T02:04:16.507+0000][1][safepoint    ] Application time: 0.0000561 seconds
[2019-12-09T02:04:16.507+0000][1][safepoint    ] Entering safepoint region: RevokeBias
[2019-12-09T02:04:16.507+0000][1][safepoint    ] Leaving safepoint region
[2019-12-09T02:04:16.507+0000][1][safepoint    ] Total time for which application threads were stopped: 0.0000531 seconds, Stopping threads took: 0.0000081 seconds
[2019-12-09T02:04:16.507+0000][1][safepoint    ] Application time: 0.0000522 seconds
[2019-12-09T02:04:16.507+0000][1][safepoint    ] Entering safepoint region: RevokeBias
[2019-12-09T02:04:16.507+0000][1][safepoint    ] Leaving safepoint region
[2019-12-09T02:04:16.507+0000][1][safepoint    ] Total time for which application threads were stopped: 0.0000493 seconds, Stopping threads took: 0.0000080 seconds
[2019-12-09T02:04:16.507+0000][1][safepoint    ] Application time: 0.0000525 seconds
[2019-12-09T02:04:16.507+0000][1][safepoint    ] Entering safepoint region: RevokeBias
[2019-12-09T02:04:16.507+0000][1][safepoint    ] Leaving safepoint region
[2019-12-09T02:04:16.507+0000][1][safepoint    ] Total time for which application threads were stopped: 0.0000496 seconds, Stopping threads took: 0.0000084 seconds
[2019-12-09T02:04:16.507+0000][1][safepoint    ] Application time: 0.0000525 seconds
[2019-12-09T02:04:16.507+0000][1][safepoint    ] Entering safepoint region: RevokeBias
[2019-12-09T02:04:16.507+0000][1][safepoint    ] Leaving safepoint region
[2019-12-09T02:04:16.507+0000][1][safepoint    ] Total time for which application threads were stopped: 0.0000559 seconds, Stopping threads took: 0.0000081 seconds
[2019-12-09T02:04:16.507+0000][1][safepoint    ] Application time: 0.0000539 seconds
[2019-12-09T02:04:16.507+0000][1][safepoint    ] Entering safepoint region: RevokeBias
[2019-12-09T02:04:16.507+0000][1][safepoint    ] Leaving safepoint region
[2019-12-09T02:04:16.507+0000][1][safepoint    ] Total time for which application threads were stopped: 0.0000498 seconds, Stopping threads took: 0.0000081 seconds
[2019-12-09T02:04:16.507+0000][1][safepoint    ] Application time: 0.0000520 seconds
[2019-12-09T02:04:16.507+0000][1][safepoint    ] Entering safepoint region: RevokeBias
[2019-12-09T02:04:16.507+0000][1][safepoint    ] Leaving safepoint region
[2019-12-09T02:04:16.507+0000][1][safepoint    ] Total time for which application threads were stopped: 0.0000488 seconds, Stopping threads took: 0.0000082 seconds
[2019-12-09T02:04:16.508+0000][1][safepoint    ] Application time: 0.0000520 seconds
[2019-12-09T02:04:16.508+0000][1][safepoint    ] Entering safepoint region: RevokeBias
[2019-12-09T02:04:16.508+0000][1][safepoint    ] Leaving safepoint region
[2019-12-09T02:04:16.508+0000][1][safepoint    ] Total time for which application threads were stopped: 0.0000505 seconds, Stopping threads took: 0.0000077 seconds
[2019-12-09T02:04:16.508+0000][1][safepoint    ] Application time: 0.0000532 seconds
[2019-12-09T02:04:16.508+0000][1][safepoint    ] Entering safepoint region: RevokeBias
[2019-12-09T02:04:16.508+0000][1][safepoint    ] Leaving safepoint region
[2019-12-09T02:04:16.508+0000][1][safepoint    ] Total time for which application threads were stopped: 0.0000706 seconds, Stopping threads took: 0.0000079 seconds
[2019-12-09T02:04:16.508+0000][1][safepoint    ] Application time: 0.0000535 seconds
[2019-12-09T02:04:16.508+0000][1][safepoint    ] Entering safepoint region: RevokeBias
[2019-12-09T02:04:16.508+0000][1][safepoint    ] Leaving safepoint region
[2019-12-09T02:04:16.508+0000][1][safepoint    ] Total time for which application threads were stopped: 0.0000483 seconds, Stopping threads took: 0.0000081 seconds
[2019-12-09T02:04:16.508+0000][1][safepoint    ] Application time: 0.0000511 seconds
[2019-12-09T02:04:16.508+0000][1][safepoint    ] Entering safepoint region: BulkRevokeBias
[2019-12-09T02:04:16.508+0000][1][safepoint    ] Leaving safepoint region
[2019-12-09T02:04:16.508+0000][1][safepoint    ] Total time for which application threads were stopped: 0.0001022 seconds, Stopping threads took: 0.0000080 seconds
[2019-12-09T02:04:16.508+0000][1][safepoint    ] Application time: 0.0001631 seconds
[2019-12-09T02:04:16.508+0000][1][safepoint    ] Entering safepoint region: RevokeBias
[2019-12-09T02:04:16.508+0000][1][safepoint    ] Leaving safepoint region
[2019-12-09T02:04:16.508+0000][1][safepoint    ] Total time for which application threads were stopped: 0.0000642 seconds, Stopping threads took: 0.0000089 seconds
[2019-12-09T02:04:16.508+0000][1][safepoint    ] Application time: 0.0000754 seconds
[2019-12-09T02:04:16.508+0000][1][safepoint    ] Entering safepoint region: RevokeBias
[2019-12-09T02:04:16.508+0000][1][safepoint    ] Leaving safepoint region
[2019-12-09T02:04:16.508+0000][1][safepoint    ] Total time for which application threads were stopped: 0.0000532 seconds, Stopping threads took: 0.0000081 seconds
[2019-12-09T02:04:16.509+0000][1][safepoint    ] Application time: 0.0001102 seconds
[2019-12-09T02:04:16.509+0000][1][safepoint    ] Entering safepoint region: RevokeBias
[2019-12-09T02:04:16.509+0000][1][safepoint    ] Leaving safepoint region
[2019-12-09T02:04:16.509+0000][1][safepoint    ] Total time for which application threads were stopped: 0.0000531 seconds, Stopping threads took: 0.0000085 seconds
[2019-12-09T02:04:16.509+0000][1][safepoint    ] Application time: 0.0000665 seconds
[2019-12-09T02:04:16.509+0000][1][safepoint    ] Entering safepoint region: RevokeBias
[2019-12-09T02:04:16.509+0000][1][safepoint    ] Leaving safepoint region
[2019-12-09T02:04:16.509+0000][1][safepoint    ] Total time for which application threads were stopped: 0.0000773 seconds, Stopping threads took: 0.0000133 seconds
[2019-12-09T02:04:16.509+0000][1][safepoint    ] Application time: 0.0000771 seconds
[2019-12-09T02:04:16.509+0000][1][safepoint    ] Entering safepoint region: RevokeBias
[2019-12-09T02:04:16.509+0000][1][safepoint    ] Leaving safepoint region
[2019-12-09T02:04:16.509+0000][1][safepoint    ] Total time for which application threads were stopped: 0.0000551 seconds, Stopping threads took: 0.0000085 seconds
[2019-12-09T02:04:16.509+0000][1][safepoint    ] Application time: 0.0000605 seconds
[2019-12-09T02:04:16.509+0000][1][safepoint    ] Entering safepoint region: RevokeBias
[2019-12-09T02:04:16.509+0000][1][safepoint    ] Leaving safepoint region
[2019-12-09T02:04:16.509+0000][1][safepoint    ] Total time for which application threads were stopped: 0.0000536 seconds, Stopping threads took: 0.0000084 seconds
[2019-12-09T02:04:16.509+0000][1][safepoint    ] Application time: 0.0001693 seconds
[2019-12-09T02:04:16.509+0000][1][safepoint    ] Entering safepoint region: RevokeBias
[2019-12-09T02:04:16.509+0000][1][safepoint    ] Leaving safepoint region
[2019-12-09T02:04:16.509+0000][1][safepoint    ] Total time for which application threads were stopped: 0.0000551 seconds, Stopping threads took: 0.0000088 seconds
[2019-12-09T02:04:16.509+0000][1][safepoint    ] Application time: 0.0000561 seconds
[2019-12-09T02:04:16.509+0000][1][safepoint    ] Entering safepoint region: RevokeBias
[2019-12-09T02:04:16.509+0000][1][safepoint    ] Leaving safepoint region
[2019-12-09T02:04:16.509+0000][1][safepoint    ] Total time for which application threads were stopped: 0.0000541 seconds, Stopping threads took: 0.0000083 seconds
[2019-12-09T02:04:16.510+0000][1][safepoint    ] Application time: 0.0002745 seconds
[2019-12-09T02:04:16.510+0000][1][safepoint    ] Entering safepoint region: RevokeBias
[2019-12-09T02:04:16.510+0000][1][safepoint    ] Leaving safepoint region
[2019-12-09T02:04:16.510+0000][1][safepoint    ] Total time for which application threads were stopped: 0.0000709 seconds, Stopping threads took: 0.0000107 seconds
[2019-12-09T02:04:16.510+0000][1][safepoint    ] Application time: 0.0000793 seconds
[2019-12-09T02:04:16.510+0000][1][safepoint    ] Entering safepoint region: BulkRevokeBias
[2019-12-09T02:04:16.510+0000][1][safepoint    ] Leaving safepoint region
[2019-12-09T02:04:16.510+0000][1][safepoint    ] Total time for which application threads were stopped: 0.0001053 seconds, Stopping threads took: 0.0000090 seconds
[2019-12-09T02:04:16.510+0000][1][safepoint    ] Application time: 0.0001643 seconds
[2019-12-09T02:04:16.510+0000][1][safepoint    ] Entering safepoint region: RevokeBias
[2019-12-09T02:04:16.510+0000][1][safepoint    ] Leaving safepoint region
[2019-12-09T02:04:16.510+0000][1][safepoint    ] Total time for which application threads were stopped: 0.0000505 seconds, Stopping threads took: 0.0000075 seconds
[2019-12-09T02:04:16.510+0000][1][safepoint    ] Application time: 0.0001594 seconds
[2019-12-09T02:04:16.510+0000][1][safepoint    ] Entering safepoint region: RevokeBias
[2019-12-09T02:04:16.510+0000][1][safepoint    ] Leaving safepoint region
[2019-12-09T02:04:16.510+0000][1][safepoint    ] Total time for which application threads were stopped: 0.0000513 seconds, Stopping threads took: 0.0000081 seconds
[2019-12-09T02:04:16.511+0000][1][safepoint    ] Application time: 0.0000698 seconds
[2019-12-09T02:04:16.511+0000][1][safepoint    ] Entering safepoint region: RevokeBias
[2019-12-09T02:04:16.511+0000][1][safepoint    ] Leaving safepoint region
[2019-12-09T02:04:16.511+0000][1][safepoint    ] Total time for which application threads were stopped: 0.0000495 seconds, Stopping threads took: 0.0000090 seconds
[2019-12-09T02:04:16.511+0000][1][safepoint    ] Application time: 0.0000505 seconds
[2019-12-09T02:04:16.511+0000][1][safepoint    ] Entering safepoint region: RevokeBias
[2019-12-09T02:04:16.511+0000][1][safepoint    ] Leaving safepoint region
[2019-12-09T02:04:16.511+0000][1][safepoint    ] Total time for which application threads were stopped: 0.0000712 seconds, Stopping threads took: 0.0000127 seconds
[2019-12-09T02:04:16.511+0000][1][safepoint    ] Application time: 0.0000514 seconds
[2019-12-09T02:04:16.511+0000][1][safepoint    ] Entering safepoint region: RevokeBias
[2019-12-09T02:04:16.511+0000][1][safepoint    ] Leaving safepoint region
[2019-12-09T02:04:16.511+0000][1][safepoint    ] Total time for which application threads were stopped: 0.0000488 seconds, Stopping threads took: 0.0000083 seconds
[2019-12-09T02:04:16.511+0000][1][safepoint    ] Application time: 0.0003322 seconds
[2019-12-09T02:04:16.511+0000][1][safepoint    ] Entering safepoint region: RevokeBias
[2019-12-09T02:04:16.511+0000][1][safepoint    ] Leaving safepoint region
[2019-12-09T02:04:16.511+0000][1][safepoint    ] Total time for which application threads were stopped: 0.0000603 seconds, Stopping threads took: 0.0000185 seconds
[2019-12-09T02:04:16.511+0000][1][safepoint    ] Application time: 0.0001085 seconds
[2019-12-09T02:04:16.511+0000][1][safepoint    ] Entering safepoint region: RevokeBias
[2019-12-09T02:04:16.511+0000][1][safepoint    ] Leaving safepoint region
[2019-12-09T02:04:16.511+0000][1][safepoint    ] Total time for which application threads were stopped: 0.0000472 seconds, Stopping threads took: 0.0000077 seconds
[2019-12-09T02:04:16.512+0000][1][safepoint    ] Application time: 0.0001324 seconds
[2019-12-09T02:04:16.512+0000][1][safepoint    ] Entering safepoint region: RevokeBias
[2019-12-09T02:04:16.512+0000][1][safepoint    ] Leaving safepoint region
[2019-12-09T02:04:16.512+0000][1][safepoint    ] Total time for which application threads were stopped: 0.0000486 seconds, Stopping threads took: 0.0000075 seconds
[2019-12-09T02:04:16.512+0000][1][safepoint    ] Application time: 0.0003137 seconds
[2019-12-09T02:04:16.512+0000][1][safepoint    ] Entering safepoint region: RevokeBias
[2019-12-09T02:04:16.512+0000][1][safepoint    ] Leaving safepoint region
[2019-12-09T02:04:16.512+0000][1][safepoint    ] Total time for which application threads were stopped: 0.0000691 seconds, Stopping threads took: 0.0000099 seconds
[2019-12-09T02:04:16.513+0000][1][safepoint    ] Application time: 0.0014168 seconds
[2019-12-09T02:04:16.513+0000][1][safepoint    ] Entering safepoint region: RevokeBias
[2019-12-09T02:04:16.514+0000][1][safepoint    ] Leaving safepoint region
[2019-12-09T02:04:16.514+0000][1][safepoint    ] Total time for which application threads were stopped: 0.0000753 seconds, Stopping threads took: 0.0000102 seconds
[2019-12-09T02:04:16.514+0000][1][safepoint    ] Application time: 0.0001240 seconds
[2019-12-09T02:04:16.514+0000][1][safepoint    ] Entering safepoint region: RevokeBias
[2019-12-09T02:04:16.514+0000][1][safepoint    ] Leaving safepoint region
[2019-12-09T02:04:16.514+0000][1][safepoint    ] Total time for which application threads were stopped: 0.0000780 seconds, Stopping threads took: 0.0000250 seconds
[2019-12-09T02:04:16.514+0000][1][safepoint    ] Application time: 0.0002153 seconds
[2019-12-09T02:04:16.514+0000][1][safepoint    ] Entering safepoint region: RevokeBias
[2019-12-09T02:04:16.514+0000][1][safepoint    ] Leaving safepoint region
[2019-12-09T02:04:16.514+0000][1][safepoint    ] Total time for which application threads were stopped: 0.0000676 seconds, Stopping threads took: 0.0000090 seconds
[2019-12-09T02:04:16.575+0000][1][safepoint    ] Application time: 0.0606979 seconds
[2019-12-09T02:04:16.575+0000][1][safepoint    ] Entering safepoint region: RevokeBias
[2019-12-09T02:04:16.575+0000][1][safepoint    ] Leaving safepoint region
[2019-12-09T02:04:16.575+0000][1][safepoint    ] Total time for which application threads were stopped: 0.0001208 seconds, Stopping threads took: 0.0000141 seconds
[2019-12-09T02:04:16.576+0000][1][safepoint    ] Application time: 0.0006740 seconds
[2019-12-09T02:04:16.576+0000][1][safepoint    ] Entering safepoint region: RevokeBias
[2019-12-09T02:04:16.576+0000][1][safepoint    ] Leaving safepoint region
[2019-12-09T02:04:16.576+0000][1][safepoint    ] Total time for which application threads were stopped: 0.0001267 seconds, Stopping threads took: 0.0000182 seconds
[2019-12-09T02:04:16.583+0000][1][safepoint    ] Application time: 0.0069964 seconds
[2019-12-09T02:04:16.583+0000][1][safepoint    ] Entering safepoint region: RevokeBias
[2019-12-09T02:04:16.583+0000][1][safepoint    ] Leaving safepoint region
[2019-12-09T02:04:16.583+0000][1][safepoint    ] Total time for which application threads were stopped: 0.0001098 seconds, Stopping threads took: 0.0000591 seconds
[2019-12-09T02:04:16.583+0000][1][safepoint    ] Application time: 0.0000665 seconds
[2019-12-09T02:04:16.583+0000][1][safepoint    ] Entering safepoint region: RevokeBias
[2019-12-09T02:04:16.583+0000][1][safepoint    ] Leaving safepoint region
[2019-12-09T02:04:16.583+0000][1][safepoint    ] Total time for which application threads were stopped: 0.0000440 seconds, Stopping threads took: 0.0000085 seconds
[2019-12-09T02:04:16.583+0000][1][safepoint    ] Application time: 0.0000556 seconds
[2019-12-09T02:04:16.583+0000][1][safepoint    ] Entering safepoint region: RevokeBias
[2019-12-09T02:04:16.583+0000][1][safepoint    ] Leaving safepoint region
[2019-12-09T02:04:16.583+0000][1][safepoint    ] Total time for which application threads were stopped: 0.0000402 seconds, Stopping threads took: 0.0000077 seconds
[2019-12-09T02:04:16.583+0000][1][safepoint    ] Application time: 0.0000500 seconds
[2019-12-09T02:04:16.583+0000][1][safepoint    ] Entering safepoint region: RevokeBias
[2019-12-09T02:04:16.583+0000][1][safepoint    ] Leaving safepoint region
[2019-12-09T02:04:16.583+0000][1][safepoint    ] Total time for which application threads were stopped: 0.0000378 seconds, Stopping threads took: 0.0000075 seconds
[2019-12-09T02:04:16.583+0000][1][safepoint    ] Application time: 0.0000496 seconds
[2019-12-09T02:04:16.583+0000][1][safepoint    ] Entering safepoint region: RevokeBias
[2019-12-09T02:04:16.583+0000][1][safepoint    ] Leaving safepoint region
[2019-12-09T02:04:16.583+0000][1][safepoint    ] Total time for which application threads were stopped: 0.0000373 seconds, Stopping threads took: 0.0000077 seconds
[2019-12-09T02:04:16.583+0000][1][safepoint    ] Application time: 0.0000532 seconds
[2019-12-09T02:04:16.583+0000][1][safepoint    ] Entering safepoint region: RevokeBias
[2019-12-09T02:04:16.583+0000][1][safepoint    ] Leaving safepoint region
[2019-12-09T02:04:16.583+0000][1][safepoint    ] Total time for which application threads were stopped: 0.0000391 seconds, Stopping threads took: 0.0000078 seconds
[2019-12-09T02:04:16.583+0000][1][safepoint    ] Application time: 0.0000522 seconds
[2019-12-09T02:04:16.584+0000][1][safepoint    ] Entering safepoint region: RevokeBias
[2019-12-09T02:04:16.584+0000][1][safepoint    ] Leaving safepoint region
[2019-12-09T02:04:16.584+0000][1][safepoint    ] Total time for which application threads were stopped: 0.0000391 seconds, Stopping threads took: 0.0000077 seconds
[2019-12-09T02:04:16.584+0000][1][safepoint    ] Application time: 0.0000524 seconds
[2019-12-09T02:04:16.584+0000][1][safepoint    ] Entering safepoint region: RevokeBias
[2019-12-09T02:04:16.584+0000][1][safepoint    ] Leaving safepoint region
[2019-12-09T02:04:16.584+0000][1][safepoint    ] Total time for which application threads were stopped: 0.0000399 seconds, Stopping threads took: 0.0000078 seconds
[2019-12-09T02:04:16.584+0000][1][safepoint    ] Application time: 0.0000636 seconds
[2019-12-09T02:04:16.584+0000][1][safepoint    ] Entering safepoint region: RevokeBias
[2019-12-09T02:04:16.584+0000][1][safepoint    ] Leaving safepoint region
[2019-12-09T02:04:16.584+0000][1][safepoint    ] Total time for which application threads were stopped: 0.0000425 seconds, Stopping threads took: 0.0000081 seconds
[2019-12-09T02:04:16.584+0000][1][safepoint    ] Application time: 0.0000617 seconds
[2019-12-09T02:04:16.584+0000][1][safepoint    ] Entering safepoint region: RevokeBias
[2019-12-09T02:04:16.584+0000][1][safepoint    ] Leaving safepoint region
[2019-12-09T02:04:16.584+0000][1][safepoint    ] Total time for which application threads were stopped: 0.0000503 seconds, Stopping threads took: 0.0000146 seconds
[2019-12-09T02:04:16.584+0000][1][safepoint    ] Application time: 0.0000535 seconds
[2019-12-09T02:04:16.584+0000][1][safepoint    ] Entering safepoint region: RevokeBias
[2019-12-09T02:04:16.584+0000][1][safepoint    ] Leaving safepoint region
[2019-12-09T02:04:16.584+0000][1][safepoint    ] Total time for which application threads were stopped: 0.0000411 seconds, Stopping threads took: 0.0000079 seconds
[2019-12-09T02:04:16.584+0000][1][safepoint    ] Application time: 0.0000517 seconds
[2019-12-09T02:04:16.584+0000][1][safepoint    ] Entering safepoint region: RevokeBias
[2019-12-09T02:04:16.584+0000][1][safepoint    ] Leaving safepoint region
[2019-12-09T02:04:16.584+0000][1][safepoint    ] Total time for which application threads were stopped: 0.0000406 seconds, Stopping threads took: 0.0000081 seconds
[2019-12-09T02:04:16.584+0000][1][safepoint    ] Application time: 0.0000510 seconds
[2019-12-09T02:04:16.584+0000][1][safepoint    ] Entering safepoint region: RevokeBias
[2019-12-09T02:04:16.584+0000][1][safepoint    ] Leaving safepoint region
[2019-12-09T02:04:16.584+0000][1][safepoint    ] Total time for which application threads were stopped: 0.0000396 seconds, Stopping threads took: 0.0000081 seconds
[2019-12-09T02:04:16.584+0000][1][safepoint    ] Application time: 0.0000535 seconds
[2019-12-09T02:04:16.584+0000][1][safepoint    ] Entering safepoint region: RevokeBias
[2019-12-09T02:04:16.584+0000][1][safepoint    ] Leaving safepoint region
[2019-12-09T02:04:16.584+0000][1][safepoint    ] Total time for which application threads were stopped: 0.0000393 seconds, Stopping threads took: 0.0000081 seconds
[2019-12-09T02:04:16.584+0000][1][safepoint    ] Application time: 0.0000498 seconds
[2019-12-09T02:04:16.584+0000][1][safepoint    ] Entering safepoint region: RevokeBias
[2019-12-09T02:04:16.584+0000][1][safepoint    ] Leaving safepoint region
[2019-12-09T02:04:16.584+0000][1][safepoint    ] Total time for which application threads were stopped: 0.0000388 seconds, Stopping threads took: 0.0000078 seconds
[2019-12-09T02:04:16.585+0000][1][safepoint    ] Application time: 0.0000509 seconds
[2019-12-09T02:04:16.585+0000][1][safepoint    ] Entering safepoint region: RevokeBias
[2019-12-09T02:04:16.585+0000][1][safepoint    ] Leaving safepoint region
[2019-12-09T02:04:16.585+0000][1][safepoint    ] Total time for which application threads were stopped: 0.0000385 seconds, Stopping threads took: 0.0000082 seconds
[2019-12-09T02:04:16.585+0000][1][safepoint    ] Application time: 0.0000507 seconds
[2019-12-09T02:04:16.585+0000][1][safepoint    ] Entering safepoint region: RevokeBias
[2019-12-09T02:04:16.585+0000][1][safepoint    ] Leaving safepoint region
[2019-12-09T02:04:16.585+0000][1][safepoint    ] Total time for which application threads were stopped: 0.0000382 seconds, Stopping threads took: 0.0000078 seconds
[2019-12-09T02:04:16.585+0000][1][safepoint    ] Application time: 0.0000659 seconds
[2019-12-09T02:04:16.585+0000][1][safepoint    ] Entering safepoint region: RevokeBias
[2019-12-09T02:04:16.585+0000][1][safepoint    ] Leaving safepoint region
[2019-12-09T02:04:16.585+0000][1][safepoint    ] Total time for which application threads were stopped: 0.0000429 seconds, Stopping threads took: 0.0000086 seconds
[2019-12-09T02:04:16.585+0000][1][safepoint    ] Application time: 0.0000516 seconds
[2019-12-09T02:04:16.585+0000][1][safepoint    ] Entering safepoint region: RevokeBias
[2019-12-09T02:04:16.585+0000][1][safepoint    ] Leaving safepoint region
[2019-12-09T02:04:16.585+0000][1][safepoint    ] Total time for which application threads were stopped: 0.0000408 seconds, Stopping threads took: 0.0000080 seconds
[2019-12-09T02:04:16.585+0000][1][safepoint    ] Application time: 0.0000524 seconds
[2019-12-09T02:04:16.585+0000][1][safepoint    ] Entering safepoint region: BulkRevokeBias
[2019-12-09T02:04:16.585+0000][1][safepoint    ] Leaving safepoint region
[2019-12-09T02:04:16.585+0000][1][safepoint    ] Total time for which application threads were stopped: 0.0001287 seconds, Stopping threads took: 0.0000136 seconds
[2019-12-09T02:04:16.586+0000][1][safepoint    ] Application time: 0.0010684 seconds
[2019-12-09T02:04:16.586+0000][1][safepoint    ] Entering safepoint region: RevokeBias
[2019-12-09T02:04:16.586+0000][1][safepoint    ] Leaving safepoint region
[2019-12-09T02:04:16.586+0000][1][safepoint    ] Total time for which application threads were stopped: 0.0000550 seconds, Stopping threads took: 0.0000102 seconds
[2019-12-09T02:04:16.624+0000][1][safepoint    ] Application time: 0.0375137 seconds
[2019-12-09T02:04:16.624+0000][1][safepoint    ] Entering safepoint region: RevokeBias
[2019-12-09T02:04:16.624+0000][1][safepoint    ] Leaving safepoint region
[2019-12-09T02:04:16.624+0000][1][safepoint    ] Total time for which application threads were stopped: 0.0004824 seconds, Stopping threads took: 0.0003949 seconds
[2019-12-09T02:04:16.624+0000][1][safepoint    ] Application time: 0.0000728 seconds
[2019-12-09T02:04:16.624+0000][1][safepoint    ] Entering safepoint region: RevokeBias
[2019-12-09T02:04:16.624+0000][1][safepoint    ] Leaving safepoint region
[2019-12-09T02:04:16.624+0000][1][safepoint    ] Total time for which application threads were stopped: 0.0000489 seconds, Stopping threads took: 0.0000069 seconds
[2019-12-09T02:04:16.625+0000][1][safepoint    ] Application time: 0.0002237 seconds
[2019-12-09T02:04:16.625+0000][1][safepoint    ] Entering safepoint region: RevokeBias
[2019-12-09T02:04:16.625+0000][1][safepoint    ] Leaving safepoint region
[2019-12-09T02:04:16.625+0000][1][safepoint    ] Total time for which application threads were stopped: 0.0000753 seconds, Stopping threads took: 0.0000084 seconds
[2019-12-09T02:04:16.628+0000][1][safepoint    ] Application time: 0.0029418 seconds
[2019-12-09T02:04:16.628+0000][1][safepoint    ] Entering safepoint region: RevokeBias
[2019-12-09T02:04:16.628+0000][1][safepoint    ] Leaving safepoint region
[2019-12-09T02:04:16.628+0000][1][safepoint    ] Total time for which application threads were stopped: 0.0000446 seconds, Stopping threads took: 0.0000117 seconds
[2019-12-09T02:04:16.629+0000][1][safepoint    ] Application time: 0.0017077 seconds
[2019-12-09T02:04:16.629+0000][1][safepoint    ] Entering safepoint region: RevokeBias
[2019-12-09T02:04:16.630+0000][1][safepoint    ] Leaving safepoint region
[2019-12-09T02:04:16.630+0000][1][safepoint    ] Total time for which application threads were stopped: 0.0000367 seconds, Stopping threads took: 0.0000093 seconds
[2019-12-09T02:04:16.697+0000][1][safepoint    ] Application time: 0.0670979 seconds
[2019-12-09T02:04:16.697+0000][1][safepoint    ] Entering safepoint region: RevokeBias
[2019-12-09T02:04:16.697+0000][1][safepoint    ] Leaving safepoint region
[2019-12-09T02:04:16.697+0000][1][safepoint    ] Total time for which application threads were stopped: 0.0000826 seconds, Stopping threads took: 0.0000306 seconds
[2019-12-09T02:04:16.933+0000][1][safepoint    ] Application time: 0.2362241 seconds
[2019-12-09T02:04:16.977+0000][1][safepoint    ] Entering safepoint region: RevokeBias
[2019-12-09T02:04:16.977+0000][1][safepoint    ] Leaving safepoint region
[2019-12-09T02:04:16.977+0000][1][safepoint    ] Total time for which application threads were stopped: 0.0440254 seconds, Stopping threads took: 0.0439139 seconds
[2019-12-09T02:04:17.002+0000][1][safepoint    ] Application time: 0.0246009 seconds
[2019-12-09T02:04:17.002+0000][1][safepoint    ] Entering safepoint region: RevokeBias
[2019-12-09T02:04:17.002+0000][1][safepoint    ] Leaving safepoint region
[2019-12-09T02:04:17.002+0000][1][safepoint    ] Total time for which application threads were stopped: 0.0001876 seconds, Stopping threads took: 0.0001248 seconds
[2019-12-09T02:04:17.143+0000][1][safepoint    ] Application time: 0.1406528 seconds
[2019-12-09T02:04:17.161+0000][1][safepoint    ] Entering safepoint region: RevokeBias
[2019-12-09T02:04:17.161+0000][1][safepoint    ] Leaving safepoint region
[2019-12-09T02:04:17.161+0000][1][safepoint    ] Total time for which application threads were stopped: 0.0182457 seconds, Stopping threads took: 0.0181809 seconds
[2019-12-09T02:04:17.862+0000][1][safepoint    ] Application time: 0.7008158 seconds
[2019-12-09T02:04:17.862+0000][1][safepoint    ] Entering safepoint region: GenCollectForAllocation
[2019-12-09T02:04:17.862+0000][1][gc,start     ] GC(20) Pause Young (Allocation Failure)
[2019-12-09T02:04:17.862+0000][1][gc,task      ] GC(20) Using 2 workers of 2 for evacuation
[2019-12-09T02:04:18.091+0000][1][gc,age       ] GC(20) Desired survivor size 4456448 bytes, new threshold 2 (max threshold 6)
[2019-12-09T02:04:18.091+0000][1][gc,age       ] GC(20) Age table with threshold 2 (max threshold 6)
[2019-12-09T02:04:18.091+0000][1][gc,age       ] GC(20) - age   1:    2821576 bytes,    2821576 total
[2019-12-09T02:04:18.091+0000][1][gc,age       ] GC(20) - age   2:    2468448 bytes,    5290024 total
[2019-12-09T02:04:18.091+0000][1][gc,heap      ] GC(20) ParNew: 77198K->7622K(78656K)
[2019-12-09T02:04:18.091+0000][1][gc,heap      ] GC(20) CMS: 54368K->57496K(174784K)
[2019-12-09T02:04:18.091+0000][1][gc,metaspace ] GC(20) Metaspace: 48267K->48267K(1093632K)
[2019-12-09T02:04:18.091+0000][1][gc           ] GC(20) Pause Young (Allocation Failure) 128M->63M(247M) 229.209ms
[2019-12-09T02:04:18.091+0000][1][gc,cpu       ] GC(20) User=0.07s Sys=0.00s Real=0.23s
[2019-12-09T02:04:18.091+0000][1][safepoint    ] Leaving safepoint region
[2019-12-09T02:04:18.091+0000][1][safepoint    ] Total time for which application threads were stopped: 0.2293583 seconds, Stopping threads took: 0.0000141 seconds
[2019-12-09T02:04:18.163+0000][1][safepoint    ] Application time: 0.0718968 seconds
[2019-12-09T02:04:18.163+0000][1][safepoint    ] Entering safepoint region: RevokeBias
[2019-12-09T02:04:18.163+0000][1][safepoint    ] Leaving safepoint region
[2019-12-09T02:04:18.163+0000][1][safepoint    ] Total time for which application threads were stopped: 0.0001107 seconds, Stopping threads took: 0.0000514 seconds
[2019-12-09T02:04:18.163+0000][1][safepoint    ] Application time: 0.0000680 seconds
[2019-12-09T02:04:18.163+0000][1][safepoint    ] Entering safepoint region: RevokeBias
[2019-12-09T02:04:18.163+0000][1][safepoint    ] Leaving safepoint region
[2019-12-09T02:04:18.163+0000][1][safepoint    ] Total time for which application threads were stopped: 0.0000377 seconds, Stopping threads took: 0.0000077 seconds
[2019-12-09T02:04:19.093+0000][1][safepoint    ] Application time: 0.9295797 seconds
[2019-12-09T02:04:19.093+0000][1][safepoint    ] Entering safepoint region: RevokeBias
[2019-12-09T02:04:19.093+0000][1][safepoint    ] Leaving safepoint region
[2019-12-09T02:04:19.093+0000][1][safepoint    ] Total time for which application threads were stopped: 0.0004640 seconds, Stopping threads took: 0.0000157 seconds
[2019-12-09T02:04:19.188+0000][1][safepoint    ] Application time: 0.0946285 seconds
[2019-12-09T02:04:19.188+0000][1][safepoint    ] Entering safepoint region: RevokeBias
[2019-12-09T02:04:19.188+0000][1][safepoint    ] Leaving safepoint region
[2019-12-09T02:04:19.188+0000][1][safepoint    ] Total time for which application threads were stopped: 0.0003424 seconds, Stopping threads took: 0.0002907 seconds
[2019-12-09T02:04:19.748+0000][1][safepoint    ] Application time: 0.5595865 seconds
[2019-12-09T02:04:19.748+0000][1][safepoint    ] Entering safepoint region: RevokeBias
[2019-12-09T02:04:19.748+0000][1][safepoint    ] Leaving safepoint region
[2019-12-09T02:04:19.748+0000][1][safepoint    ] Total time for which application threads were stopped: 0.0000683 seconds, Stopping threads took: 0.0000137 seconds
[2019-12-09T02:04:19.749+0000][1][safepoint    ] Application time: 0.0009716 seconds
[2019-12-09T02:04:19.749+0000][1][safepoint    ] Entering safepoint region: RevokeBias
[2019-12-09T02:04:19.749+0000][1][safepoint    ] Leaving safepoint region
[2019-12-09T02:04:19.749+0000][1][safepoint    ] Total time for which application threads were stopped: 0.0000575 seconds, Stopping threads took: 0.0000124 seconds
[2019-12-09T02:04:19.796+0000][1][safepoint    ] Application time: 0.0465724 seconds
[2019-12-09T02:04:19.796+0000][1][safepoint    ] Entering safepoint region: RevokeBias
[2019-12-09T02:04:19.796+0000][1][safepoint    ] Leaving safepoint region
[2019-12-09T02:04:19.796+0000][1][safepoint    ] Total time for which application threads were stopped: 0.0000700 seconds, Stopping threads took: 0.0000135 seconds
[2019-12-09T02:04:19.799+0000][1][safepoint    ] Application time: 0.0030312 seconds
[2019-12-09T02:04:19.799+0000][1][safepoint    ] Entering safepoint region: RevokeBias
[2019-12-09T02:04:19.799+0000][1][safepoint    ] Leaving safepoint region
[2019-12-09T02:04:19.799+0000][1][safepoint    ] Total time for which application threads were stopped: 0.0000566 seconds, Stopping threads took: 0.0000139 seconds
[2019-12-09T02:04:19.814+0000][1][safepoint    ] Application time: 0.0146370 seconds
[2019-12-09T02:04:19.814+0000][1][safepoint    ] Entering safepoint region: RevokeBias
[2019-12-09T02:04:19.814+0000][1][safepoint    ] Leaving safepoint region
[2019-12-09T02:04:19.814+0000][1][safepoint    ] Total time for which application threads were stopped: 0.0000544 seconds, Stopping threads took: 0.0000135 seconds
[2019-12-09T02:04:19.823+0000][1][safepoint    ] Application time: 0.0089488 seconds
[2019-12-09T02:04:19.823+0000][1][safepoint    ] Entering safepoint region: RevokeBias
[2019-12-09T02:04:19.823+0000][1][safepoint    ] Leaving safepoint region
[2019-12-09T02:04:19.823+0000][1][safepoint    ] Total time for which application threads were stopped: 0.0000694 seconds, Stopping threads took: 0.0000130 seconds
[2019-12-09T02:04:19.829+0000][1][safepoint    ] Application time: 0.0062806 seconds
[2019-12-09T02:04:19.829+0000][1][safepoint    ] Entering safepoint region: RevokeBias
[2019-12-09T02:04:19.829+0000][1][safepoint    ] Leaving safepoint region
[2019-12-09T02:04:19.829+0000][1][safepoint    ] Total time for which application threads were stopped: 0.0000452 seconds, Stopping threads took: 0.0000109 seconds
[2019-12-09T02:04:19.948+0000][1][safepoint    ] Application time: 0.1188165 seconds
[2019-12-09T02:04:19.948+0000][1][safepoint    ] Entering safepoint region: RevokeBias
[2019-12-09T02:04:19.948+0000][1][safepoint    ] Leaving safepoint region
[2019-12-09T02:04:19.948+0000][1][safepoint    ] Total time for which application threads were stopped: 0.0000665 seconds, Stopping threads took: 0.0000146 seconds
[2019-12-09T02:04:20.212+0000][1][safepoint    ] Application time: 0.2640114 seconds
[2019-12-09T02:04:20.212+0000][1][safepoint    ] Entering safepoint region: RevokeBias
[2019-12-09T02:04:20.212+0000][1][safepoint    ] Leaving safepoint region
[2019-12-09T02:04:20.212+0000][1][safepoint    ] Total time for which application threads were stopped: 0.0001275 seconds, Stopping threads took: 0.0000614 seconds
[2019-12-09T02:04:21.218+0000][1][safepoint    ] Application time: 1.0055294 seconds
[2019-12-09T02:04:21.292+0000][1][safepoint    ] Entering safepoint region: Cleanup
[2019-12-09T02:04:21.292+0000][1][safepoint    ] Leaving safepoint region
[2019-12-09T02:04:21.292+0000][1][safepoint    ] Total time for which application threads were stopped: 0.0745984 seconds, Stopping threads took: 0.0740896 seconds
[2019-12-09T02:04:21.722+0000][1][safepoint    ] Application time: 0.4299281 seconds
[2019-12-09T02:04:21.722+0000][1][safepoint    ] Entering safepoint region: RevokeBias
[2019-12-09T02:04:21.722+0000][1][safepoint    ] Leaving safepoint region
[2019-12-09T02:04:21.722+0000][1][safepoint    ] Total time for which application threads were stopped: 0.0000854 seconds, Stopping threads took: 0.0000158 seconds
[2019-12-09T02:04:22.724+0000][1][safepoint    ] Application time: 1.0012886 seconds
[2019-12-09T02:04:22.724+0000][1][safepoint    ] Entering safepoint region: Cleanup
[2019-12-09T02:04:22.725+0000][1][safepoint    ] Leaving safepoint region
[2019-12-09T02:04:22.725+0000][1][safepoint    ] Total time for which application threads were stopped: 0.0008126 seconds, Stopping threads took: 0.0007316 seconds
[2019-12-09T02:04:23.324+0000][1][safepoint    ] Application time: 0.5995174 seconds
[2019-12-09T02:04:23.324+0000][1][safepoint    ] Entering safepoint region: RevokeBias
[2019-12-09T02:04:23.324+0000][1][safepoint    ] Leaving safepoint region
[2019-12-09T02:04:23.324+0000][1][safepoint    ] Total time for which application threads were stopped: 0.0000756 seconds, Stopping threads took: 0.0000149 seconds
[2019-12-09T02:04:23.335+0000][1][safepoint    ] Application time: 0.0103576 seconds
[2019-12-09T02:04:23.335+0000][1][safepoint    ] Entering safepoint region: RevokeBias
[2019-12-09T02:04:23.335+0000][1][safepoint    ] Leaving safepoint region
[2019-12-09T02:04:23.335+0000][1][safepoint    ] Total time for which application threads were stopped: 0.0000609 seconds, Stopping threads took: 0.0000137 seconds
[2019-12-09T02:04:23.672+0000][1][safepoint    ] Application time: 0.3377072 seconds
[2019-12-09T02:04:23.672+0000][1][safepoint    ] Entering safepoint region: GenCollectForAllocation
[2019-12-09T02:04:23.672+0000][1][gc,start     ] GC(21) Pause Young (Allocation Failure)
[2019-12-09T02:04:23.673+0000][1][gc,task      ] GC(21) Using 2 workers of 2 for evacuation
[2019-12-09T02:04:23.945+0000][1][gc,age       ] GC(21) Desired survivor size 4456448 bytes, new threshold 6 (max threshold 6)
[2019-12-09T02:04:23.945+0000][1][gc,age       ] GC(21) Age table with threshold 6 (max threshold 6)
[2019-12-09T02:04:23.945+0000][1][gc,age       ] GC(21) - age   1:    1614072 bytes,    1614072 total
[2019-12-09T02:04:23.945+0000][1][gc,age       ] GC(21) - age   2:    2754560 bytes,    4368632 total
[2019-12-09T02:04:23.945+0000][1][gc,heap      ] GC(21) ParNew: 77574K->7717K(78656K)
[2019-12-09T02:04:23.945+0000][1][gc,heap      ] GC(21) CMS: 57496K->59972K(174784K)
[2019-12-09T02:04:23.945+0000][1][gc,metaspace ] GC(21) Metaspace: 55870K->55870K(1099776K)
[2019-12-09T02:04:23.945+0000][1][gc           ] GC(21) Pause Young (Allocation Failure) 131M->66M(247M) 272.950ms
[2019-12-09T02:04:23.945+0000][1][gc,cpu       ] GC(21) User=0.04s Sys=0.00s Real=0.28s
[2019-12-09T02:04:23.945+0000][1][safepoint    ] Leaving safepoint region
[2019-12-09T02:04:23.945+0000][1][safepoint    ] Total time for which application threads were stopped: 0.2730945 seconds, Stopping threads took: 0.0000152 seconds
[2019-12-09T02:04:24.946+0000][1][safepoint    ] Application time: 1.0001987 seconds
[2019-12-09T02:04:25.022+0000][1][safepoint    ] Entering safepoint region: Cleanup
[2019-12-09T02:04:25.022+0000][1][safepoint    ] Leaving safepoint region
[2019-12-09T02:04:25.022+0000][1][safepoint    ] Total time for which application threads were stopped: 0.0761035 seconds, Stopping threads took: 0.0760085 seconds
[2019-12-09T02:04:25.027+0000][1][safepoint    ] Application time: 0.0048552 seconds
[2019-12-09T02:04:25.027+0000][1][safepoint    ] Entering safepoint region: Deoptimize
[2019-12-09T02:04:25.027+0000][1][safepoint    ] Leaving safepoint region
[2019-12-09T02:04:25.027+0000][1][safepoint    ] Total time for which application threads were stopped: 0.0006252 seconds, Stopping threads took: 0.0000143 seconds
[2019-12-09T02:04:25.040+0000][1][safepoint    ] Application time: 0.0127807 seconds
[2019-12-09T02:04:25.142+0000][1][safepoint    ] Entering safepoint region: RevokeBias
[2019-12-09T02:04:25.142+0000][1][safepoint    ] Leaving safepoint region
[2019-12-09T02:04:25.142+0000][1][safepoint    ] Total time for which application threads were stopped: 0.1016828 seconds, Stopping threads took: 0.1015939 seconds
[2019-12-09T02:04:25.168+0000][1][safepoint    ] Application time: 0.0261201 seconds
[2019-12-09T02:04:25.168+0000][1][safepoint    ] Entering safepoint region: RevokeBias
[2019-12-09T02:04:25.168+0000][1][safepoint    ] Leaving safepoint region
[2019-12-09T02:04:25.168+0000][1][safepoint    ] Total time for which application threads were stopped: 0.0000727 seconds, Stopping threads took: 0.0000146 seconds
[2019-12-09T02:04:25.169+0000][1][safepoint    ] Application time: 0.0005638 seconds
[2019-12-09T02:04:25.169+0000][1][safepoint    ] Entering safepoint region: BulkRevokeBias
[2019-12-09T02:04:25.169+0000][1][safepoint    ] Leaving safepoint region
[2019-12-09T02:04:25.169+0000][1][safepoint    ] Total time for which application threads were stopped: 0.0001846 seconds, Stopping threads took: 0.0000196 seconds
[2019-12-09T02:04:25.212+0000][1][safepoint    ] Application time: 0.0430709 seconds
[2019-12-09T02:04:25.212+0000][1][safepoint    ] Entering safepoint region: RevokeBias
[2019-12-09T02:04:25.212+0000][1][safepoint    ] Leaving safepoint region
[2019-12-09T02:04:25.212+0000][1][safepoint    ] Total time for which application threads were stopped: 0.0001893 seconds, Stopping threads took: 0.0000687 seconds
[2019-12-09T02:04:25.212+0000][1][safepoint    ] Application time: 0.0000727 seconds
[2019-12-09T02:04:25.212+0000][1][safepoint    ] Entering safepoint region: RevokeBias
[2019-12-09T02:04:25.212+0000][1][safepoint    ] Leaving safepoint region
[2019-12-09T02:04:25.212+0000][1][safepoint    ] Total time for which application threads were stopped: 0.0000699 seconds, Stopping threads took: 0.0000096 seconds
[2019-12-09T02:04:25.213+0000][1][safepoint    ] Application time: 0.0001821 seconds
[2019-12-09T02:04:25.213+0000][1][safepoint    ] Entering safepoint region: RevokeBias
[2019-12-09T02:04:25.213+0000][1][safepoint    ] Leaving safepoint region
[2019-12-09T02:04:25.213+0000][1][safepoint    ] Total time for which application threads were stopped: 0.0000787 seconds, Stopping threads took: 0.0000094 seconds
[2019-12-09T02:04:26.216+0000][1][safepoint    ] Application time: 1.0030636 seconds
[2019-12-09T02:04:26.225+0000][1][safepoint    ] Entering safepoint region: Cleanup
[2019-12-09T02:04:26.226+0000][1][safepoint    ] Leaving safepoint region
[2019-12-09T02:04:26.226+0000][1][safepoint    ] Total time for which application threads were stopped: 0.0102958 seconds, Stopping threads took: 0.0090151 seconds
[2019-12-09T02:04:27.228+0000][1][safepoint    ] Application time: 1.0016540 seconds
[2019-12-09T02:04:27.258+0000][1][safepoint    ] Entering safepoint region: Cleanup
[2019-12-09T02:04:27.258+0000][1][safepoint    ] Leaving safepoint region
[2019-12-09T02:04:27.258+0000][1][safepoint    ] Total time for which application threads were stopped: 0.0300979 seconds, Stopping threads took: 0.0300371 seconds
[2019-12-09T02:04:27.687+0000][1][safepoint    ] Application time: 0.4287368 seconds
[2019-12-09T02:04:27.687+0000][1][safepoint    ] Entering safepoint region: Deoptimize
[2019-12-09T02:04:27.687+0000][1][safepoint    ] Leaving safepoint region
[2019-12-09T02:04:27.687+0000][1][safepoint    ] Total time for which application threads were stopped: 0.0006700 seconds, Stopping threads took: 0.0000154 seconds
[2019-12-09T02:04:28.692+0000][1][safepoint    ] Application time: 1.0044030 seconds
[2019-12-09T02:04:28.721+0000][1][safepoint    ] Entering safepoint region: Cleanup
[2019-12-09T02:04:28.721+0000][1][safepoint    ] Leaving safepoint region
[2019-12-09T02:04:28.721+0000][1][safepoint    ] Total time for which application threads were stopped: 0.0290644 seconds, Stopping threads took: 0.0289940 seconds
[2019-12-09T02:04:29.738+0000][1][safepoint    ] Application time: 1.0168893 seconds
[2019-12-09T02:04:29.738+0000][1][safepoint    ] Entering safepoint region: Cleanup
[2019-12-09T02:04:29.738+0000][1][safepoint    ] Leaving safepoint region
[2019-12-09T02:04:29.738+0000][1][safepoint    ] Total time for which application threads were stopped: 0.0000829 seconds, Stopping threads took: 0.0000169 seconds
[2019-12-09T02:04:30.739+0000][1][safepoint    ] Application time: 1.0013275 seconds
[2019-12-09T02:04:30.742+0000][1][safepoint    ] Entering safepoint region: Cleanup
[2019-12-09T02:04:30.742+0000][1][safepoint    ] Leaving safepoint region
[2019-12-09T02:04:30.742+0000][1][safepoint    ] Total time for which application threads were stopped: 0.0025843 seconds, Stopping threads took: 0.0025326 seconds
[2019-12-09T02:04:30.988+0000][1][safepoint    ] Application time: 0.2457782 seconds
[2019-12-09T02:04:30.988+0000][1][safepoint    ] Entering safepoint region: BulkRevokeBias
[2019-12-09T02:04:30.988+0000][1][safepoint    ] Leaving safepoint region
[2019-12-09T02:04:30.988+0000][1][safepoint    ] Total time for which application threads were stopped: 0.0002435 seconds, Stopping threads took: 0.0000160 seconds
[2019-12-09T02:04:31.219+0000][1][safepoint    ] Application time: 0.2312061 seconds
[2019-12-09T02:04:31.219+0000][1][safepoint    ] Entering safepoint region: GenCollectForAllocation
[2019-12-09T02:04:31.219+0000][1][gc,start     ] GC(22) Pause Young (Allocation Failure)
[2019-12-09T02:04:31.219+0000][1][gc,task      ] GC(22) Using 2 workers of 2 for evacuation
[2019-12-09T02:04:31.372+0000][1][gc,age       ] GC(22) Desired survivor size 4456448 bytes, new threshold 2 (max threshold 6)
[2019-12-09T02:04:31.372+0000][1][gc,age       ] GC(22) Age table with threshold 2 (max threshold 6)
[2019-12-09T02:04:31.372+0000][1][gc,age       ] GC(22) - age   1:    3687104 bytes,    3687104 total
[2019-12-09T02:04:31.372+0000][1][gc,age       ] GC(22) - age   2:    1514880 bytes,    5201984 total
[2019-12-09T02:04:31.372+0000][1][gc,age       ] GC(22) - age   3:    2731672 bytes,    7933656 total
[2019-12-09T02:04:31.372+0000][1][gc,heap      ] GC(22) ParNew: 77669K->8658K(78656K)
[2019-12-09T02:04:31.372+0000][1][gc,heap      ] GC(22) CMS: 59972K->59972K(174784K)
[2019-12-09T02:04:31.372+0000][1][gc,metaspace ] GC(22) Metaspace: 62963K->62963K(1107968K)
[2019-12-09T02:04:31.372+0000][1][gc           ] GC(22) Pause Young (Allocation Failure) 134M->67M(247M) 152.725ms
[2019-12-09T02:04:31.372+0000][1][gc,cpu       ] GC(22) User=0.04s Sys=0.00s Real=0.15s
[2019-12-09T02:04:31.372+0000][1][safepoint    ] Leaving safepoint region
[2019-12-09T02:04:31.372+0000][1][safepoint    ] Total time for which application threads were stopped: 0.1528806 seconds, Stopping threads took: 0.0000163 seconds
[2019-12-09T02:04:31.756+0000][1][safepoint    ] Application time: 0.3835244 seconds
[2019-12-09T02:04:31.756+0000][1][safepoint    ] Entering safepoint region: Deoptimize
[2019-12-09T02:04:31.756+0000][1][safepoint    ] Leaving safepoint region
[2019-12-09T02:04:31.756+0000][1][safepoint    ] Total time for which application threads were stopped: 0.0006673 seconds, Stopping threads took: 0.0000154 seconds
[2019-12-09T02:04:31.774+0000][1][safepoint    ] Application time: 0.0176518 seconds
[2019-12-09T02:04:31.774+0000][1][safepoint    ] Entering safepoint region: RevokeBias
[2019-12-09T02:04:31.774+0000][1][safepoint    ] Leaving safepoint region
[2019-12-09T02:04:31.774+0000][1][safepoint    ] Total time for which application threads were stopped: 0.0000903 seconds, Stopping threads took: 0.0000141 seconds
[2019-12-09T02:04:31.774+0000][1][safepoint    ] Application time: 0.0004364 seconds
[2019-12-09T02:04:31.774+0000][1][safepoint    ] Entering safepoint region: RevokeBias
[2019-12-09T02:04:31.775+0000][1][safepoint    ] Leaving safepoint region
[2019-12-09T02:04:31.775+0000][1][safepoint    ] Total time for which application threads were stopped: 0.0000602 seconds, Stopping threads took: 0.0000119 seconds
[2019-12-09T02:04:31.775+0000][1][safepoint    ] Application time: 0.0007945 seconds
[2019-12-09T02:04:31.775+0000][1][safepoint    ] Entering safepoint region: RevokeBias
[2019-12-09T02:04:31.775+0000][1][safepoint    ] Leaving safepoint region
[2019-12-09T02:04:31.775+0000][1][safepoint    ] Total time for which application threads were stopped: 0.0000627 seconds, Stopping threads took: 0.0000134 seconds
[2019-12-09T02:04:31.776+0000][1][safepoint    ] Application time: 0.0003775 seconds
[2019-12-09T02:04:31.776+0000][1][safepoint    ] Entering safepoint region: RevokeBias
[2019-12-09T02:04:31.776+0000][1][safepoint    ] Leaving safepoint region
[2019-12-09T02:04:31.776+0000][1][safepoint    ] Total time for which application threads were stopped: 0.0000623 seconds, Stopping threads took: 0.0000110 seconds
[2019-12-09T02:04:31.776+0000][1][safepoint    ] Application time: 0.0000634 seconds
[2019-12-09T02:04:31.776+0000][1][safepoint    ] Entering safepoint region: RevokeBias
[2019-12-09T02:04:31.776+0000][1][safepoint    ] Leaving safepoint region
[2019-12-09T02:04:31.776+0000][1][safepoint    ] Total time for which application threads were stopped: 0.0000505 seconds, Stopping threads took: 0.0000089 seconds
[2019-12-09T02:04:31.776+0000][1][safepoint    ] Application time: 0.0003457 seconds
[2019-12-09T02:04:31.776+0000][1][safepoint    ] Entering safepoint region: RevokeBias
[2019-12-09T02:04:31.776+0000][1][safepoint    ] Leaving safepoint region
[2019-12-09T02:04:31.776+0000][1][safepoint    ] Total time for which application threads were stopped: 0.0000530 seconds, Stopping threads took: 0.0000100 seconds
[2019-12-09T02:04:31.777+0000][1][safepoint    ] Application time: 0.0001915 seconds
[2019-12-09T02:04:31.777+0000][1][safepoint    ] Entering safepoint region: RevokeBias
[2019-12-09T02:04:31.777+0000][1][safepoint    ] Leaving safepoint region
[2019-12-09T02:04:31.777+0000][1][safepoint    ] Total time for which application threads were stopped: 0.0000788 seconds, Stopping threads took: 0.0000100 seconds
[2019-12-09T02:04:31.777+0000][1][safepoint    ] Application time: 0.0000620 seconds
[2019-12-09T02:04:31.777+0000][1][safepoint    ] Entering safepoint region: RevokeBias
[2019-12-09T02:04:31.777+0000][1][safepoint    ] Leaving safepoint region
[2019-12-09T02:04:31.777+0000][1][safepoint    ] Total time for which application threads were stopped: 0.0000504 seconds, Stopping threads took: 0.0000087 seconds
[2019-12-09T02:04:31.777+0000][1][safepoint    ] Application time: 0.0005872 seconds
[2019-12-09T02:04:31.777+0000][1][safepoint    ] Entering safepoint region: RevokeBias
[2019-12-09T02:04:31.778+0000][1][safepoint    ] Leaving safepoint region
[2019-12-09T02:04:31.778+0000][1][safepoint    ] Total time for which application threads were stopped: 0.0000539 seconds, Stopping threads took: 0.0000110 seconds
[2019-12-09T02:04:31.779+0000][1][safepoint    ] Application time: 0.0012054 seconds
[2019-12-09T02:04:31.779+0000][1][safepoint    ] Entering safepoint region: RevokeBias
[2019-12-09T02:04:31.779+0000][1][safepoint    ] Leaving safepoint region
[2019-12-09T02:04:31.779+0000][1][safepoint    ] Total time for which application threads were stopped: 0.0000622 seconds, Stopping threads took: 0.0000114 seconds
[2019-12-09T02:04:31.779+0000][1][safepoint    ] Application time: 0.0000994 seconds
[2019-12-09T02:04:31.779+0000][1][safepoint    ] Entering safepoint region: RevokeBias
[2019-12-09T02:04:31.779+0000][1][safepoint    ] Leaving safepoint region
[2019-12-09T02:04:31.779+0000][1][safepoint    ] Total time for which application threads were stopped: 0.0000501 seconds, Stopping threads took: 0.0000092 seconds
[2019-12-09T02:04:31.789+0000][1][safepoint    ] Application time: 0.0099086 seconds
[2019-12-09T02:04:31.789+0000][1][safepoint    ] Entering safepoint region: Deoptimize
[2019-12-09T02:04:31.790+0000][1][safepoint    ] Leaving safepoint region
[2019-12-09T02:04:31.790+0000][1][safepoint    ] Total time for which application threads were stopped: 0.0005829 seconds, Stopping threads took: 0.0000122 seconds
[2019-12-09T02:04:31.935+0000][1][safepoint    ] Application time: 0.1457563 seconds
[2019-12-09T02:04:31.935+0000][1][safepoint    ] Entering safepoint region: RevokeBias
[2019-12-09T02:04:31.935+0000][1][safepoint    ] Leaving safepoint region
[2019-12-09T02:04:31.935+0000][1][safepoint    ] Total time for which application threads were stopped: 0.0000998 seconds, Stopping threads took: 0.0000157 seconds
[2019-12-09T02:04:31.949+0000][1][safepoint    ] Application time: 0.0139426 seconds
[2019-12-09T02:04:31.949+0000][1][safepoint    ] Entering safepoint region: RevokeBias
[2019-12-09T02:04:31.949+0000][1][safepoint    ] Leaving safepoint region
[2019-12-09T02:04:31.949+0000][1][safepoint    ] Total time for which application threads were stopped: 0.0000921 seconds, Stopping threads took: 0.0000148 seconds
[2019-12-09T02:04:31.962+0000][1][safepoint    ] Application time: 0.0127109 seconds
[2019-12-09T02:04:31.981+0000][1][safepoint    ] Entering safepoint region: RevokeBias
[2019-12-09T02:04:31.981+0000][1][safepoint    ] Leaving safepoint region
[2019-12-09T02:04:31.981+0000][1][safepoint    ] Total time for which application threads were stopped: 0.0185896 seconds, Stopping threads took: 0.0184935 seconds
[2019-12-09T02:04:31.982+0000][1][safepoint    ] Application time: 0.0009075 seconds
[2019-12-09T02:04:31.982+0000][1][safepoint    ] Entering safepoint region: RevokeBias
[2019-12-09T02:04:31.982+0000][1][safepoint    ] Leaving safepoint region
[2019-12-09T02:04:31.982+0000][1][safepoint    ] Total time for which application threads were stopped: 0.0001389 seconds, Stopping threads took: 0.0000674 seconds
[2019-12-09T02:04:31.989+0000][1][safepoint    ] Application time: 0.0069815 seconds
[2019-12-09T02:04:32.068+0000][1][safepoint    ] Entering safepoint region: RevokeBias
[2019-12-09T02:04:32.068+0000][1][safepoint    ] Leaving safepoint region
[2019-12-09T02:04:32.068+0000][1][safepoint    ] Total time for which application threads were stopped: 0.0789547 seconds, Stopping threads took: 0.0788231 seconds
[2019-12-09T02:04:32.078+0000][1][safepoint    ] Application time: 0.0100937 seconds
[2019-12-09T02:04:32.119+0000][1][safepoint    ] Entering safepoint region: RevokeBias
[2019-12-09T02:04:32.120+0000][1][safepoint    ] Leaving safepoint region
[2019-12-09T02:04:32.120+0000][1][safepoint    ] Total time for which application threads were stopped: 0.0416505 seconds, Stopping threads took: 0.0415276 seconds
[2019-12-09T02:04:32.131+0000][1][safepoint    ] Application time: 0.0112210 seconds
[2019-12-09T02:04:32.172+0000][1][safepoint    ] Entering safepoint region: RevokeBias
[2019-12-09T02:04:32.172+0000][1][safepoint    ] Leaving safepoint region
[2019-12-09T02:04:32.172+0000][1][safepoint    ] Total time for which application threads were stopped: 0.0409715 seconds, Stopping threads took: 0.0408529 seconds
[2019-12-09T02:04:32.172+0000][1][safepoint    ] Application time: 0.0002077 seconds
[2019-12-09T02:04:32.172+0000][1][safepoint    ] Entering safepoint region: RevokeBias
[2019-12-09T02:04:32.172+0000][1][safepoint    ] Leaving safepoint region
[2019-12-09T02:04:32.172+0000][1][safepoint    ] Total time for which application threads were stopped: 0.0000969 seconds, Stopping threads took: 0.0000115 seconds
[2019-12-09T02:04:32.172+0000][1][safepoint    ] Application time: 0.0001090 seconds
[2019-12-09T02:04:32.172+0000][1][safepoint    ] Entering safepoint region: RevokeBias
[2019-12-09T02:04:32.172+0000][1][safepoint    ] Leaving safepoint region
[2019-12-09T02:04:32.172+0000][1][safepoint    ] Total time for which application threads were stopped: 0.0000695 seconds, Stopping threads took: 0.0000085 seconds
[2019-12-09T02:04:32.174+0000][1][safepoint    ] Application time: 0.0013388 seconds
[2019-12-09T02:04:32.174+0000][1][safepoint    ] Entering safepoint region: RevokeBias
[2019-12-09T02:04:32.174+0000][1][safepoint    ] Leaving safepoint region
[2019-12-09T02:04:32.174+0000][1][safepoint    ] Total time for which application threads were stopped: 0.0001300 seconds, Stopping threads took: 0.0000120 seconds
[2019-12-09T02:04:32.174+0000][1][safepoint    ] Application time: 0.0000866 seconds
[2019-12-09T02:04:32.174+0000][1][safepoint    ] Entering safepoint region: RevokeBias
[2019-12-09T02:04:32.174+0000][1][safepoint    ] Leaving safepoint region
[2019-12-09T02:04:32.174+0000][1][safepoint    ] Total time for which application threads were stopped: 0.0000786 seconds, Stopping threads took: 0.0000094 seconds
[2019-12-09T02:04:32.176+0000][1][safepoint    ] Application time: 0.0019278 seconds
[2019-12-09T02:04:32.176+0000][1][safepoint    ] Entering safepoint region: RevokeBias
[2019-12-09T02:04:32.176+0000][1][safepoint    ] Leaving safepoint region
[2019-12-09T02:04:32.176+0000][1][safepoint    ] Total time for which application threads were stopped: 0.0000873 seconds, Stopping threads took: 0.0000112 seconds
[2019-12-09T02:04:32.176+0000][1][safepoint    ] Application time: 0.0002959 seconds
[2019-12-09T02:04:32.176+0000][1][safepoint    ] Entering safepoint region: RevokeBias
[2019-12-09T02:04:32.177+0000][1][safepoint    ] Leaving safepoint region
[2019-12-09T02:04:32.177+0000][1][safepoint    ] Total time for which application threads were stopped: 0.0000862 seconds, Stopping threads took: 0.0000111 seconds
[2019-12-09T02:04:32.177+0000][1][safepoint    ] Application time: 0.0000575 seconds
[2019-12-09T02:04:32.177+0000][1][safepoint    ] Entering safepoint region: RevokeBias
[2019-12-09T02:04:32.177+0000][1][safepoint    ] Leaving safepoint region
[2019-12-09T02:04:32.177+0000][1][safepoint    ] Total time for which application threads were stopped: 0.0000980 seconds, Stopping threads took: 0.0000083 seconds
[2019-12-09T02:04:32.177+0000][1][safepoint    ] Application time: 0.0000604 seconds
[2019-12-09T02:04:32.177+0000][1][safepoint    ] Entering safepoint region: RevokeBias
[2019-12-09T02:04:32.177+0000][1][safepoint    ] Leaving safepoint region
[2019-12-09T02:04:32.177+0000][1][safepoint    ] Total time for which application threads were stopped: 0.0000762 seconds, Stopping threads took: 0.0000088 seconds
[2019-12-09T02:04:32.187+0000][1][safepoint    ] Application time: 0.0101392 seconds
[2019-12-09T02:04:32.187+0000][1][safepoint    ] Entering safepoint region: RevokeBias
[2019-12-09T02:04:32.187+0000][1][safepoint    ] Leaving safepoint region
[2019-12-09T02:04:32.187+0000][1][safepoint    ] Total time for which application threads were stopped: 0.0000955 seconds, Stopping threads took: 0.0000120 seconds
[2019-12-09T02:04:32.187+0000][1][safepoint    ] Application time: 0.0000677 seconds
[2019-12-09T02:04:32.187+0000][1][safepoint    ] Entering safepoint region: RevokeBias
[2019-12-09T02:04:32.187+0000][1][safepoint    ] Leaving safepoint region
[2019-12-09T02:04:32.187+0000][1][safepoint    ] Total time for which application threads were stopped: 0.0000828 seconds, Stopping threads took: 0.0000094 seconds
[2019-12-09T02:04:32.210+0000][1][safepoint    ] Application time: 0.0225665 seconds
[2019-12-09T02:04:32.246+0000][1][safepoint    ] Entering safepoint region: RevokeBias
[2019-12-09T02:04:32.246+0000][1][safepoint    ] Leaving safepoint region
[2019-12-09T02:04:32.246+0000][1][safepoint    ] Total time for which application threads were stopped: 0.0359609 seconds, Stopping threads took: 0.0358877 seconds
[2019-12-09T02:04:32.246+0000][1][safepoint    ] Application time: 0.0001501 seconds
[2019-12-09T02:04:32.246+0000][1][safepoint    ] Entering safepoint region: RevokeBias
[2019-12-09T02:04:32.246+0000][1][safepoint    ] Leaving safepoint region
[2019-12-09T02:04:32.246+0000][1][safepoint    ] Total time for which application threads were stopped: 0.0000607 seconds, Stopping threads took: 0.0000113 seconds
[2019-12-09T02:04:32.246+0000][1][safepoint    ] Application time: 0.0000892 seconds
[2019-12-09T02:04:32.246+0000][1][safepoint    ] Entering safepoint region: RevokeBias
[2019-12-09T02:04:32.246+0000][1][safepoint    ] Leaving safepoint region
[2019-12-09T02:04:32.246+0000][1][safepoint    ] Total time for which application threads were stopped: 0.0000485 seconds, Stopping threads took: 0.0000092 seconds
[2019-12-09T02:04:32.269+0000][1][safepoint    ] Application time: 0.0225817 seconds
[2019-12-09T02:04:32.313+0000][1][safepoint    ] Entering safepoint region: RevokeBias
[2019-12-09T02:04:32.313+0000][1][safepoint    ] Leaving safepoint region
[2019-12-09T02:04:32.313+0000][1][safepoint    ] Total time for which application threads were stopped: 0.0440139 seconds, Stopping threads took: 0.0439068 seconds
[2019-12-09T02:04:32.327+0000][1][safepoint    ] Application time: 0.0138104 seconds
[2019-12-09T02:04:32.361+0000][1][safepoint    ] Entering safepoint region: RevokeBias
[2019-12-09T02:04:32.361+0000][1][safepoint    ] Leaving safepoint region
[2019-12-09T02:04:32.361+0000][1][safepoint    ] Total time for which application threads were stopped: 0.0341973 seconds, Stopping threads took: 0.0340520 seconds
[2019-12-09T02:04:32.361+0000][1][safepoint    ] Application time: 0.0000919 seconds
[2019-12-09T02:04:32.361+0000][1][safepoint    ] Entering safepoint region: RevokeBias
[2019-12-09T02:04:32.361+0000][1][safepoint    ] Leaving safepoint region
[2019-12-09T02:04:32.361+0000][1][safepoint    ] Total time for which application threads were stopped: 0.0000832 seconds, Stopping threads took: 0.0000110 seconds
[2019-12-09T02:04:32.362+0000][1][safepoint    ] Application time: 0.0005555 seconds
[2019-12-09T02:04:32.362+0000][1][safepoint    ] Entering safepoint region: RevokeBias
[2019-12-09T02:04:32.362+0000][1][safepoint    ] Leaving safepoint region
[2019-12-09T02:04:32.362+0000][1][safepoint    ] Total time for which application threads were stopped: 0.0001028 seconds, Stopping threads took: 0.0000130 seconds
[2019-12-09T02:04:32.362+0000][1][safepoint    ] Application time: 0.0000627 seconds
[2019-12-09T02:04:32.362+0000][1][safepoint    ] Entering safepoint region: RevokeBias
[2019-12-09T02:04:32.362+0000][1][safepoint    ] Leaving safepoint region
[2019-12-09T02:04:32.362+0000][1][safepoint    ] Total time for which application threads were stopped: 0.0000888 seconds, Stopping threads took: 0.0000094 seconds
[2019-12-09T02:04:32.362+0000][1][safepoint    ] Application time: 0.0001721 seconds
[2019-12-09T02:04:32.362+0000][1][safepoint    ] Entering safepoint region: RevokeBias
[2019-12-09T02:04:32.362+0000][1][safepoint    ] Leaving safepoint region
[2019-12-09T02:04:32.362+0000][1][safepoint    ] Total time for which application threads were stopped: 0.0001000 seconds, Stopping threads took: 0.0000096 seconds
[2019-12-09T02:04:32.363+0000][1][safepoint    ] Application time: 0.0002924 seconds
[2019-12-09T02:04:32.363+0000][1][safepoint    ] Entering safepoint region: RevokeBias
[2019-12-09T02:04:32.363+0000][1][safepoint    ] Leaving safepoint region
[2019-12-09T02:04:32.363+0000][1][safepoint    ] Total time for which application threads were stopped: 0.0001030 seconds, Stopping threads took: 0.0000104 seconds
[2019-12-09T02:04:32.363+0000][1][safepoint    ] Application time: 0.0001119 seconds
[2019-12-09T02:04:32.363+0000][1][safepoint    ] Entering safepoint region: RevokeBias
[2019-12-09T02:04:32.363+0000][1][safepoint    ] Leaving safepoint region
[2019-12-09T02:04:32.363+0000][1][safepoint    ] Total time for which application threads were stopped: 0.0000784 seconds, Stopping threads took: 0.0000093 seconds
[2019-12-09T02:04:32.363+0000][1][safepoint    ] Application time: 0.0000584 seconds
[2019-12-09T02:04:32.363+0000][1][safepoint    ] Entering safepoint region: RevokeBias
[2019-12-09T02:04:32.363+0000][1][safepoint    ] Leaving safepoint region
[2019-12-09T02:04:32.363+0000][1][safepoint    ] Total time for which application threads were stopped: 0.0000721 seconds, Stopping threads took: 0.0000085 seconds
[2019-12-09T02:04:32.367+0000][1][safepoint    ] Application time: 0.0035945 seconds
[2019-12-09T02:04:32.367+0000][1][safepoint    ] Entering safepoint region: RevokeBias
[2019-12-09T02:04:32.367+0000][1][safepoint    ] Leaving safepoint region
[2019-12-09T02:04:32.367+0000][1][safepoint    ] Total time for which application threads were stopped: 0.0000938 seconds, Stopping threads took: 0.0000111 seconds
[2019-12-09T02:04:32.367+0000][1][safepoint    ] Application time: 0.0002624 seconds
[2019-12-09T02:04:32.367+0000][1][safepoint    ] Entering safepoint region: RevokeBias
[2019-12-09T02:04:32.367+0000][1][safepoint    ] Leaving safepoint region
[2019-12-09T02:04:32.367+0000][1][safepoint    ] Total time for which application threads were stopped: 0.0000763 seconds, Stopping threads took: 0.0000106 seconds
[2019-12-09T02:04:32.367+0000][1][safepoint    ] Application time: 0.0002146 seconds
[2019-12-09T02:04:32.367+0000][1][safepoint    ] Entering safepoint region: RevokeBias
[2019-12-09T02:04:32.367+0000][1][safepoint    ] Leaving safepoint region
[2019-12-09T02:04:32.367+0000][1][safepoint    ] Total time for which application threads were stopped: 0.0000789 seconds, Stopping threads took: 0.0000104 seconds
[2019-12-09T02:04:32.368+0000][1][safepoint    ] Application time: 0.0000747 seconds
[2019-12-09T02:04:32.368+0000][1][safepoint    ] Entering safepoint region: RevokeBias
[2019-12-09T02:04:32.368+0000][1][safepoint    ] Leaving safepoint region
[2019-12-09T02:04:32.368+0000][1][safepoint    ] Total time for which application threads were stopped: 0.0000605 seconds, Stopping threads took: 0.0000101 seconds
[2019-12-09T02:04:32.368+0000][1][safepoint    ] Application time: 0.0000785 seconds
[2019-12-09T02:04:32.368+0000][1][safepoint    ] Entering safepoint region: BulkRevokeBias
[2019-12-09T02:04:32.368+0000][1][safepoint    ] Leaving safepoint region
[2019-12-09T02:04:32.368+0000][1][safepoint    ] Total time for which application threads were stopped: 0.0002089 seconds, Stopping threads took: 0.0000084 seconds
[2019-12-09T02:04:32.368+0000][1][safepoint    ] Application time: 0.0004834 seconds
[2019-12-09T02:04:32.368+0000][1][safepoint    ] Entering safepoint region: RevokeBias
[2019-12-09T02:04:32.368+0000][1][safepoint    ] Leaving safepoint region
[2019-12-09T02:04:32.369+0000][1][safepoint    ] Total time for which application threads were stopped: 0.0000531 seconds, Stopping threads took: 0.0000108 seconds
[2019-12-09T02:04:32.369+0000][1][safepoint    ] Application time: 0.0001593 seconds
[2019-12-09T02:04:32.369+0000][1][safepoint    ] Entering safepoint region: RevokeBias
[2019-12-09T02:04:32.369+0000][1][safepoint    ] Leaving safepoint region
[2019-12-09T02:04:32.369+0000][1][safepoint    ] Total time for which application threads were stopped: 0.0000483 seconds, Stopping threads took: 0.0000105 seconds
[2019-12-09T02:04:32.369+0000][1][safepoint    ] Application time: 0.0001997 seconds
[2019-12-09T02:04:32.369+0000][1][safepoint    ] Entering safepoint region: RevokeBias
[2019-12-09T02:04:32.369+0000][1][safepoint    ] Leaving safepoint region
[2019-12-09T02:04:32.369+0000][1][safepoint    ] Total time for which application threads were stopped: 0.0000714 seconds, Stopping threads took: 0.0000087 seconds
[2019-12-09T02:04:32.370+0000][1][safepoint    ] Application time: 0.0012583 seconds
[2019-12-09T02:04:32.407+0000][1][safepoint    ] Entering safepoint region: RevokeBias
[2019-12-09T02:04:32.407+0000][1][safepoint    ] Leaving safepoint region
[2019-12-09T02:04:32.407+0000][1][safepoint    ] Total time for which application threads were stopped: 0.0365237 seconds, Stopping threads took: 0.0364250 seconds
[2019-12-09T02:04:32.407+0000][1][safepoint    ] Application time: 0.0000728 seconds
[2019-12-09T02:04:32.407+0000][1][safepoint    ] Entering safepoint region: RevokeBias
[2019-12-09T02:04:32.407+0000][1][safepoint    ] Leaving safepoint region
[2019-12-09T02:04:32.407+0000][1][safepoint    ] Total time for which application threads were stopped: 0.0000714 seconds, Stopping threads took: 0.0000094 seconds
[2019-12-09T02:04:32.471+0000][1][safepoint    ] Application time: 0.0639853 seconds
[2019-12-09T02:04:32.517+0000][1][safepoint    ] Entering safepoint region: RevokeBias
[2019-12-09T02:04:32.517+0000][1][safepoint    ] Leaving safepoint region
[2019-12-09T02:04:32.517+0000][1][safepoint    ] Total time for which application threads were stopped: 0.0457979 seconds, Stopping threads took: 0.0457282 seconds
[2019-12-09T02:04:32.544+0000][1][safepoint    ] Application time: 0.0268913 seconds
[2019-12-09T02:04:32.579+0000][1][safepoint    ] Entering safepoint region: RevokeBias
[2019-12-09T02:04:32.579+0000][1][safepoint    ] Leaving safepoint region
[2019-12-09T02:04:32.579+0000][1][safepoint    ] Total time for which application threads were stopped: 0.0352174 seconds, Stopping threads took: 0.0351251 seconds
[2019-12-09T02:04:32.658+0000][1][safepoint    ] Application time: 0.0785087 seconds
[2019-12-09T02:04:32.670+0000][1][safepoint    ] Entering safepoint region: RevokeBias
[2019-12-09T02:04:32.670+0000][1][safepoint    ] Leaving safepoint region
[2019-12-09T02:04:32.670+0000][1][safepoint    ] Total time for which application threads were stopped: 0.0123187 seconds, Stopping threads took: 0.0121916 seconds
[2019-12-09T02:04:32.795+0000][1][safepoint    ] Application time: 0.1247461 seconds
[2019-12-09T02:04:32.847+0000][1][safepoint    ] Entering safepoint region: RevokeBias
[2019-12-09T02:04:32.847+0000][1][safepoint    ] Leaving safepoint region
[2019-12-09T02:04:32.847+0000][1][safepoint    ] Total time for which application threads were stopped: 0.0521521 seconds, Stopping threads took: 0.0520625 seconds
[2019-12-09T02:04:32.850+0000][1][safepoint    ] Application time: 0.0032493 seconds
[2019-12-09T02:04:32.850+0000][1][safepoint    ] Entering safepoint region: RevokeBias
[2019-12-09T02:04:32.850+0000][1][safepoint    ] Leaving safepoint region
[2019-12-09T02:04:32.850+0000][1][safepoint    ] Total time for which application threads were stopped: 0.0000774 seconds, Stopping threads took: 0.0000153 seconds
[2019-12-09T02:04:32.850+0000][1][safepoint    ] Application time: 0.0000637 seconds
[2019-12-09T02:04:32.850+0000][1][safepoint    ] Entering safepoint region: RevokeBias
[2019-12-09T02:04:32.850+0000][1][safepoint    ] Leaving safepoint region
[2019-12-09T02:04:32.850+0000][1][safepoint    ] Total time for which application threads were stopped: 0.0000427 seconds, Stopping threads took: 0.0000083 seconds
[2019-12-09T02:04:32.851+0000][1][safepoint    ] Application time: 0.0002898 seconds
[2019-12-09T02:04:32.851+0000][1][safepoint    ] Entering safepoint region: RevokeBias
[2019-12-09T02:04:32.851+0000][1][safepoint    ] Leaving safepoint region
[2019-12-09T02:04:32.851+0000][1][safepoint    ] Total time for which application threads were stopped: 0.0000847 seconds, Stopping threads took: 0.0000121 seconds
[2019-12-09T02:04:32.851+0000][1][safepoint    ] Application time: 0.0000631 seconds
[2019-12-09T02:04:32.851+0000][1][safepoint    ] Entering safepoint region: RevokeBias
[2019-12-09T02:04:32.851+0000][1][safepoint    ] Leaving safepoint region
[2019-12-09T02:04:32.851+0000][1][safepoint    ] Total time for which application threads were stopped: 0.0000511 seconds, Stopping threads took: 0.0000095 seconds
[2019-12-09T02:04:32.895+0000][1][safepoint    ] Application time: 0.0437505 seconds
[2019-12-09T02:04:32.897+0000][1][safepoint    ] Entering safepoint region: RevokeBias
[2019-12-09T02:04:32.897+0000][1][safepoint    ] Leaving safepoint region
[2019-12-09T02:04:32.897+0000][1][safepoint    ] Total time for which application threads were stopped: 0.0021970 seconds, Stopping threads took: 0.0021261 seconds
[2019-12-09T02:04:32.904+0000][1][safepoint    ] Application time: 0.0073122 seconds
[2019-12-09T02:04:32.904+0000][1][safepoint    ] Entering safepoint region: RevokeBias
[2019-12-09T02:04:32.904+0000][1][safepoint    ] Leaving safepoint region
[2019-12-09T02:04:32.904+0000][1][safepoint    ] Total time for which application threads were stopped: 0.0001041 seconds, Stopping threads took: 0.0000513 seconds
[2019-12-09T02:04:32.905+0000][1][safepoint    ] Application time: 0.0003809 seconds
[2019-12-09T02:04:32.905+0000][1][safepoint    ] Entering safepoint region: RevokeBias
[2019-12-09T02:04:32.905+0000][1][safepoint    ] Leaving safepoint region
[2019-12-09T02:04:32.905+0000][1][safepoint    ] Total time for which application threads were stopped: 0.0000761 seconds, Stopping threads took: 0.0000119 seconds
[2019-12-09T02:04:32.985+0000][1][safepoint    ] Application time: 0.0802031 seconds
[2019-12-09T02:04:32.995+0000][1][safepoint    ] Entering safepoint region: RevokeBias
[2019-12-09T02:04:32.995+0000][1][safepoint    ] Leaving safepoint region
[2019-12-09T02:04:32.995+0000][1][safepoint    ] Total time for which application threads were stopped: 0.0098626 seconds, Stopping threads took: 0.0097733 seconds
[2019-12-09T02:04:33.020+0000][1][safepoint    ] Application time: 0.0247094 seconds
[2019-12-09T02:04:33.020+0000][1][safepoint    ] Entering safepoint region: RevokeBias
[2019-12-09T02:04:33.020+0000][1][safepoint    ] Leaving safepoint region
[2019-12-09T02:04:33.020+0000][1][safepoint    ] Total time for which application threads were stopped: 0.0002017 seconds, Stopping threads took: 0.0000769 seconds
[2019-12-09T02:04:33.022+0000][1][safepoint    ] Application time: 0.0021304 seconds
[2019-12-09T02:04:33.022+0000][1][safepoint    ] Entering safepoint region: RevokeBias
[2019-12-09T02:04:33.022+0000][1][safepoint    ] Leaving safepoint region
[2019-12-09T02:04:33.022+0000][1][safepoint    ] Total time for which application threads were stopped: 0.0001240 seconds, Stopping threads took: 0.0000607 seconds
[2019-12-09T02:04:33.030+0000][1][safepoint    ] Application time: 0.0075171 seconds
[2019-12-09T02:04:33.058+0000][1][safepoint    ] Entering safepoint region: RevokeBias
[2019-12-09T02:04:33.058+0000][1][safepoint    ] Leaving safepoint region
[2019-12-09T02:04:33.058+0000][1][safepoint    ] Total time for which application threads were stopped: 0.0281891 seconds, Stopping threads took: 0.0280954 seconds
[2019-12-09T02:04:33.058+0000][1][safepoint    ] Application time: 0.0006252 seconds
[2019-12-09T02:04:33.058+0000][1][safepoint    ] Entering safepoint region: RevokeBias
[2019-12-09T02:04:33.059+0000][1][safepoint    ] Leaving safepoint region
[2019-12-09T02:04:33.059+0000][1][safepoint    ] Total time for which application threads were stopped: 0.0000734 seconds, Stopping threads took: 0.0000123 seconds
[2019-12-09T02:04:33.060+0000][1][safepoint    ] Application time: 0.0016829 seconds
[2019-12-09T02:04:33.060+0000][1][safepoint    ] Entering safepoint region: RevokeBias
[2019-12-09T02:04:33.060+0000][1][safepoint    ] Leaving safepoint region
[2019-12-09T02:04:33.060+0000][1][safepoint    ] Total time for which application threads were stopped: 0.0001231 seconds, Stopping threads took: 0.0000135 seconds
[2019-12-09T02:04:33.061+0000][1][safepoint    ] Application time: 0.0002581 seconds
[2019-12-09T02:04:33.061+0000][1][safepoint    ] Entering safepoint region: RevokeBias
[2019-12-09T02:04:33.061+0000][1][safepoint    ] Leaving safepoint region
[2019-12-09T02:04:33.061+0000][1][safepoint    ] Total time for which application threads were stopped: 0.0000930 seconds, Stopping threads took: 0.0000240 seconds
[2019-12-09T02:04:33.061+0000][1][safepoint    ] Application time: 0.0001060 seconds
[2019-12-09T02:04:33.061+0000][1][safepoint    ] Entering safepoint region: RevokeBias
[2019-12-09T02:04:33.061+0000][1][safepoint    ] Leaving safepoint region
[2019-12-09T02:04:33.061+0000][1][safepoint    ] Total time for which application threads were stopped: 0.0000561 seconds, Stopping threads took: 0.0000088 seconds
[2019-12-09T02:04:33.065+0000][1][safepoint    ] Application time: 0.0036631 seconds
[2019-12-09T02:04:33.065+0000][1][safepoint    ] Entering safepoint region: RevokeBias
[2019-12-09T02:04:33.065+0000][1][safepoint    ] Leaving safepoint region
[2019-12-09T02:04:33.065+0000][1][safepoint    ] Total time for which application threads were stopped: 0.0000725 seconds, Stopping threads took: 0.0000107 seconds
[2019-12-09T02:04:33.067+0000][1][safepoint    ] Application time: 0.0020330 seconds
[2019-12-09T02:04:33.067+0000][1][safepoint    ] Entering safepoint region: RevokeBias
[2019-12-09T02:04:33.067+0000][1][safepoint    ] Leaving safepoint region
[2019-12-09T02:04:33.067+0000][1][safepoint    ] Total time for which application threads were stopped: 0.0001514 seconds, Stopping threads took: 0.0000971 seconds
[2019-12-09T02:04:33.067+0000][1][safepoint    ] Application time: 0.0003143 seconds
[2019-12-09T02:04:33.067+0000][1][safepoint    ] Entering safepoint region: RevokeBias
[2019-12-09T02:04:33.067+0000][1][safepoint    ] Leaving safepoint region
[2019-12-09T02:04:33.067+0000][1][safepoint    ] Total time for which application threads were stopped: 0.0000595 seconds, Stopping threads took: 0.0000102 seconds
[2019-12-09T02:04:33.068+0000][1][safepoint    ] Application time: 0.0004200 seconds
[2019-12-09T02:04:33.068+0000][1][safepoint    ] Entering safepoint region: RevokeBias
[2019-12-09T02:04:33.068+0000][1][safepoint    ] Leaving safepoint region
[2019-12-09T02:04:33.068+0000][1][safepoint    ] Total time for which application threads were stopped: 0.0000637 seconds, Stopping threads took: 0.0000113 seconds
[2019-12-09T02:04:33.068+0000][1][safepoint    ] Application time: 0.0003165 seconds
[2019-12-09T02:04:33.068+0000][1][safepoint    ] Entering safepoint region: RevokeBias
[2019-12-09T02:04:33.068+0000][1][safepoint    ] Leaving safepoint region
[2019-12-09T02:04:33.068+0000][1][safepoint    ] Total time for which application threads were stopped: 0.0000599 seconds, Stopping threads took: 0.0000101 seconds
[2019-12-09T02:04:33.068+0000][1][safepoint    ] Application time: 0.0001918 seconds
[2019-12-09T02:04:33.068+0000][1][safepoint    ] Entering safepoint region: RevokeBias
[2019-12-09T02:04:33.068+0000][1][safepoint    ] Leaving safepoint region
[2019-12-09T02:04:33.069+0000][1][safepoint    ] Total time for which application threads were stopped: 0.0000651 seconds, Stopping threads took: 0.0000094 seconds
[2019-12-09T02:04:33.069+0000][1][safepoint    ] Application time: 0.0000722 seconds
[2019-12-09T02:04:33.069+0000][1][safepoint    ] Entering safepoint region: RevokeBias
[2019-12-09T02:04:33.069+0000][1][safepoint    ] Leaving safepoint region
[2019-12-09T02:04:33.069+0000][1][safepoint    ] Total time for which application threads were stopped: 0.0000459 seconds, Stopping threads took: 0.0000085 seconds
[2019-12-09T02:04:33.071+0000][1][safepoint    ] Application time: 0.0025891 seconds
[2019-12-09T02:04:33.071+0000][1][safepoint    ] Entering safepoint region: RevokeBias
[2019-12-09T02:04:33.071+0000][1][safepoint    ] Leaving safepoint region
[2019-12-09T02:04:33.071+0000][1][safepoint    ] Total time for which application threads were stopped: 0.0000646 seconds, Stopping threads took: 0.0000126 seconds
[2019-12-09T02:04:33.072+0000][1][safepoint    ] Application time: 0.0005505 seconds
[2019-12-09T02:04:33.072+0000][1][safepoint    ] Entering safepoint region: RevokeBias
[2019-12-09T02:04:33.072+0000][1][safepoint    ] Leaving safepoint region
[2019-12-09T02:04:33.072+0000][1][safepoint    ] Total time for which application threads were stopped: 0.0000625 seconds, Stopping threads took: 0.0000121 seconds
[2019-12-09T02:04:33.098+0000][1][safepoint    ] Application time: 0.0260445 seconds
[2019-12-09T02:04:33.130+0000][1][safepoint    ] Entering safepoint region: RevokeBias
[2019-12-09T02:04:33.130+0000][1][safepoint    ] Leaving safepoint region
[2019-12-09T02:04:33.130+0000][1][safepoint    ] Total time for which application threads were stopped: 0.0319693 seconds, Stopping threads took: 0.0317399 seconds
[2019-12-09T02:04:33.134+0000][1][safepoint    ] Application time: 0.0036662 seconds
[2019-12-09T02:04:33.134+0000][1][safepoint    ] Entering safepoint region: RevokeBias
[2019-12-09T02:04:33.134+0000][1][safepoint    ] Leaving safepoint region
[2019-12-09T02:04:33.134+0000][1][safepoint    ] Total time for which application threads were stopped: 0.0001325 seconds, Stopping threads took: 0.0000145 seconds
[2019-12-09T02:04:33.135+0000][1][safepoint    ] Application time: 0.0008980 seconds
[2019-12-09T02:04:33.135+0000][1][safepoint    ] Entering safepoint region: RevokeBias
[2019-12-09T02:04:33.135+0000][1][safepoint    ] Leaving safepoint region
[2019-12-09T02:04:33.135+0000][1][safepoint    ] Total time for which application threads were stopped: 0.0000863 seconds, Stopping threads took: 0.0000118 seconds
[2019-12-09T02:04:33.328+0000][1][safepoint    ] Application time: 0.1928645 seconds
[2019-12-09T02:04:33.335+0000][1][safepoint    ] Entering safepoint region: RevokeBias
[2019-12-09T02:04:33.335+0000][1][safepoint    ] Leaving safepoint region
[2019-12-09T02:04:33.335+0000][1][safepoint    ] Total time for which application threads were stopped: 0.0071125 seconds, Stopping threads took: 0.0070309 seconds
[2019-12-09T02:04:33.343+0000][1][safepoint    ] Application time: 0.0078598 seconds
[2019-12-09T02:04:33.343+0000][1][safepoint    ] Entering safepoint region: RevokeBias
[2019-12-09T02:04:33.343+0000][1][safepoint    ] Leaving safepoint region
[2019-12-09T02:04:33.343+0000][1][safepoint    ] Total time for which application threads were stopped: 0.0000754 seconds, Stopping threads took: 0.0000141 seconds
[2019-12-09T02:04:33.357+0000][1][safepoint    ] Application time: 0.0140962 seconds
[2019-12-09T02:04:33.357+0000][1][safepoint    ] Entering safepoint region: RevokeBias
[2019-12-09T02:04:33.357+0000][1][safepoint    ] Leaving safepoint region
[2019-12-09T02:04:33.357+0000][1][safepoint    ] Total time for which application threads were stopped: 0.0000645 seconds, Stopping threads took: 0.0000134 seconds
[2019-12-09T02:04:33.359+0000][1][safepoint    ] Application time: 0.0020714 seconds
[2019-12-09T02:04:33.359+0000][1][safepoint    ] Entering safepoint region: RevokeBias
[2019-12-09T02:04:33.359+0000][1][safepoint    ] Leaving safepoint region
[2019-12-09T02:04:33.359+0000][1][safepoint    ] Total time for which application threads were stopped: 0.0000649 seconds, Stopping threads took: 0.0000140 seconds
[2019-12-09T02:04:33.399+0000][1][safepoint    ] Application time: 0.0394978 seconds
[2019-12-09T02:04:33.435+0000][1][safepoint    ] Entering safepoint region: RevokeBias
[2019-12-09T02:04:33.435+0000][1][safepoint    ] Leaving safepoint region
[2019-12-09T02:04:33.435+0000][1][safepoint    ] Total time for which application threads were stopped: 0.0361034 seconds, Stopping threads took: 0.0360251 seconds
[2019-12-09T02:04:33.442+0000][1][safepoint    ] Application time: 0.0068523 seconds
[2019-12-09T02:04:33.442+0000][1][safepoint    ] Entering safepoint region: RevokeBias
[2019-12-09T02:04:33.442+0000][1][safepoint    ] Leaving safepoint region
[2019-12-09T02:04:33.442+0000][1][safepoint    ] Total time for which application threads were stopped: 0.0000854 seconds, Stopping threads took: 0.0000303 seconds
[2019-12-09T02:04:33.712+0000][1][safepoint    ] Application time: 0.2698871 seconds
[2019-12-09T02:04:33.722+0000][1][safepoint    ] Entering safepoint region: RevokeBias
[2019-12-09T02:04:33.722+0000][1][safepoint    ] Leaving safepoint region
[2019-12-09T02:04:33.722+0000][1][safepoint    ] Total time for which application threads were stopped: 0.0101310 seconds, Stopping threads took: 0.0100438 seconds
[2019-12-09T02:04:33.725+0000][1][safepoint    ] Application time: 0.0029020 seconds
[2019-12-09T02:04:33.725+0000][1][safepoint    ] Entering safepoint region: RevokeBias
[2019-12-09T02:04:33.725+0000][1][safepoint    ] Leaving safepoint region
[2019-12-09T02:04:33.725+0000][1][safepoint    ] Total time for which application threads were stopped: 0.0001458 seconds, Stopping threads took: 0.0000816 seconds
[2019-12-09T02:04:33.728+0000][1][safepoint    ] Application time: 0.0029623 seconds
[2019-12-09T02:04:33.728+0000][1][safepoint    ] Entering safepoint region: RevokeBias
[2019-12-09T02:04:33.728+0000][1][safepoint    ] Leaving safepoint region
[2019-12-09T02:04:33.728+0000][1][safepoint    ] Total time for which application threads were stopped: 0.0001367 seconds, Stopping threads took: 0.0000775 seconds
[2019-12-09T02:04:33.737+0000][1][safepoint    ] Application time: 0.0091749 seconds
[2019-12-09T02:04:33.737+0000][1][safepoint    ] Entering safepoint region: RevokeBias
[2019-12-09T02:04:33.737+0000][1][safepoint    ] Leaving safepoint region
[2019-12-09T02:04:33.737+0000][1][safepoint    ] Total time for which application threads were stopped: 0.0001374 seconds, Stopping threads took: 0.0000706 seconds
[2019-12-09T02:04:33.753+0000][1][safepoint    ] Application time: 0.0158974 seconds
[2019-12-09T02:04:33.753+0000][1][safepoint    ] Entering safepoint region: RevokeBias
[2019-12-09T02:04:33.753+0000][1][safepoint    ] Leaving safepoint region
[2019-12-09T02:04:33.753+0000][1][safepoint    ] Total time for which application threads were stopped: 0.0001303 seconds, Stopping threads took: 0.0000729 seconds
[2019-12-09T02:04:33.827+0000][1][safepoint    ] Application time: 0.0732335 seconds
[2019-12-09T02:04:33.827+0000][1][safepoint    ] Entering safepoint region: RevokeBias
[2019-12-09T02:04:33.827+0000][1][safepoint    ] Leaving safepoint region
[2019-12-09T02:04:33.827+0000][1][safepoint    ] Total time for which application threads were stopped: 0.0005906 seconds, Stopping threads took: 0.0004863 seconds
[2019-12-09T02:04:33.834+0000][1][safepoint    ] Application time: 0.0063697 seconds
[2019-12-09T02:04:33.838+0000][1][safepoint    ] Entering safepoint region: RevokeBias
[2019-12-09T02:04:33.838+0000][1][safepoint    ] Leaving safepoint region
[2019-12-09T02:04:33.838+0000][1][safepoint    ] Total time for which application threads were stopped: 0.0042302 seconds, Stopping threads took: 0.0041562 seconds
[2019-12-09T02:04:33.851+0000][1][safepoint    ] Application time: 0.0127386 seconds
[2019-12-09T02:04:33.855+0000][1][safepoint    ] Entering safepoint region: RevokeBias
[2019-12-09T02:04:33.855+0000][1][safepoint    ] Leaving safepoint region
[2019-12-09T02:04:33.855+0000][1][safepoint    ] Total time for which application threads were stopped: 0.0042058 seconds, Stopping threads took: 0.0041229 seconds
[2019-12-09T02:04:33.855+0000][1][safepoint    ] Application time: 0.0004817 seconds
[2019-12-09T02:04:33.855+0000][1][safepoint    ] Entering safepoint region: RevokeBias
[2019-12-09T02:04:33.856+0000][1][safepoint    ] Leaving safepoint region
[2019-12-09T02:04:33.856+0000][1][safepoint    ] Total time for which application threads were stopped: 0.0000707 seconds, Stopping threads took: 0.0000105 seconds
[2019-12-09T02:04:33.856+0000][1][safepoint    ] Application time: 0.0001923 seconds
[2019-12-09T02:04:33.856+0000][1][safepoint    ] Entering safepoint region: RevokeBias
[2019-12-09T02:04:33.856+0000][1][safepoint    ] Leaving safepoint region
[2019-12-09T02:04:33.856+0000][1][safepoint    ] Total time for which application threads were stopped: 0.0000646 seconds, Stopping threads took: 0.0000098 seconds
[2019-12-09T02:04:33.856+0000][1][safepoint    ] Application time: 0.0002672 seconds
[2019-12-09T02:04:33.856+0000][1][safepoint    ] Entering safepoint region: RevokeBias
[2019-12-09T02:04:33.856+0000][1][safepoint    ] Leaving safepoint region
[2019-12-09T02:04:33.856+0000][1][safepoint    ] Total time for which application threads were stopped: 0.0000584 seconds, Stopping threads took: 0.0000106 seconds
[2019-12-09T02:04:33.856+0000][1][safepoint    ] Application time: 0.0003380 seconds
[2019-12-09T02:04:33.857+0000][1][safepoint    ] Entering safepoint region: RevokeBias
[2019-12-09T02:04:33.857+0000][1][safepoint    ] Leaving safepoint region
[2019-12-09T02:04:33.857+0000][1][safepoint    ] Total time for which application threads were stopped: 0.0002785 seconds, Stopping threads took: 0.0000097 seconds
[2019-12-09T02:04:33.857+0000][1][safepoint    ] Application time: 0.0001727 seconds
[2019-12-09T02:04:33.857+0000][1][safepoint    ] Entering safepoint region: RevokeBias
[2019-12-09T02:04:33.857+0000][1][safepoint    ] Leaving safepoint region
[2019-12-09T02:04:33.857+0000][1][safepoint    ] Total time for which application threads were stopped: 0.0000598 seconds, Stopping threads took: 0.0000094 seconds
[2019-12-09T02:04:33.857+0000][1][safepoint    ] Application time: 0.0003220 seconds
[2019-12-09T02:04:33.857+0000][1][safepoint    ] Entering safepoint region: RevokeBias
[2019-12-09T02:04:33.857+0000][1][safepoint    ] Leaving safepoint region
[2019-12-09T02:04:33.857+0000][1][safepoint    ] Total time for which application threads were stopped: 0.0000499 seconds, Stopping threads took: 0.0000094 seconds
[2019-12-09T02:04:33.861+0000][1][safepoint    ] Application time: 0.0032866 seconds
[2019-12-09T02:04:33.861+0000][1][safepoint    ] Entering safepoint region: RevokeBias
[2019-12-09T02:04:33.861+0000][1][safepoint    ] Leaving safepoint region
[2019-12-09T02:04:33.861+0000][1][safepoint    ] Total time for which application threads were stopped: 0.0003231 seconds, Stopping threads took: 0.0000518 seconds
[2019-12-09T02:04:33.863+0000][1][safepoint    ] Application time: 0.0014655 seconds
[2019-12-09T02:04:33.863+0000][1][safepoint    ] Entering safepoint region: RevokeBias
[2019-12-09T02:04:33.863+0000][1][safepoint    ] Leaving safepoint region
[2019-12-09T02:04:33.863+0000][1][safepoint    ] Total time for which application threads were stopped: 0.0000803 seconds, Stopping threads took: 0.0000112 seconds
[2019-12-09T02:04:33.863+0000][1][safepoint    ] Application time: 0.0007576 seconds
[2019-12-09T02:04:33.863+0000][1][safepoint    ] Entering safepoint region: RevokeBias
[2019-12-09T02:04:33.864+0000][1][safepoint    ] Leaving safepoint region
[2019-12-09T02:04:33.864+0000][1][safepoint    ] Total time for which application threads were stopped: 0.0000830 seconds, Stopping threads took: 0.0000112 seconds
[2019-12-09T02:04:33.888+0000][1][safepoint    ] Application time: 0.0246319 seconds
[2019-12-09T02:04:33.888+0000][1][safepoint    ] Entering safepoint region: RevokeBias
[2019-12-09T02:04:33.888+0000][1][safepoint    ] Leaving safepoint region
[2019-12-09T02:04:33.888+0000][1][safepoint    ] Total time for which application threads were stopped: 0.0001600 seconds, Stopping threads took: 0.0000751 seconds
[2019-12-09T02:04:33.891+0000][1][safepoint    ] Application time: 0.0022135 seconds
[2019-12-09T02:04:33.891+0000][1][safepoint    ] Entering safepoint region: RevokeBias
[2019-12-09T02:04:33.891+0000][1][safepoint    ] Leaving safepoint region
[2019-12-09T02:04:33.891+0000][1][safepoint    ] Total time for which application threads were stopped: 0.0000586 seconds, Stopping threads took: 0.0000120 seconds
[2019-12-09T02:04:33.894+0000][1][safepoint    ] Application time: 0.0038024 seconds
[2019-12-09T02:04:33.894+0000][1][safepoint    ] Entering safepoint region: RevokeBias
[2019-12-09T02:04:33.895+0000][1][safepoint    ] Leaving safepoint region
[2019-12-09T02:04:33.895+0000][1][safepoint    ] Total time for which application threads were stopped: 0.0000521 seconds, Stopping threads took: 0.0000124 seconds
[2019-12-09T02:04:33.904+0000][1][safepoint    ] Application time: 0.0095630 seconds
[2019-12-09T02:04:33.904+0000][1][safepoint    ] Entering safepoint region: RevokeBias
[2019-12-09T02:04:33.904+0000][1][safepoint    ] Leaving safepoint region
[2019-12-09T02:04:33.904+0000][1][safepoint    ] Total time for which application threads were stopped: 0.0000575 seconds, Stopping threads took: 0.0000129 seconds
[2019-12-09T02:04:34.187+0000][1][safepoint    ] Application time: 0.2823356 seconds
[2019-12-09T02:04:34.210+0000][1][safepoint    ] Entering safepoint region: RevokeBias
[2019-12-09T02:04:34.210+0000][1][safepoint    ] Leaving safepoint region
[2019-12-09T02:04:34.210+0000][1][safepoint    ] Total time for which application threads were stopped: 0.0233012 seconds, Stopping threads took: 0.0231994 seconds
[2019-12-09T02:04:34.211+0000][1][safepoint    ] Application time: 0.0013745 seconds
[2019-12-09T02:04:34.211+0000][1][safepoint    ] Entering safepoint region: RevokeBias
[2019-12-09T02:04:34.211+0000][1][safepoint    ] Leaving safepoint region
[2019-12-09T02:04:34.211+0000][1][safepoint    ] Total time for which application threads were stopped: 0.0000737 seconds, Stopping threads took: 0.0000160 seconds
[2019-12-09T02:04:34.222+0000][1][safepoint    ] Application time: 0.0107828 seconds
[2019-12-09T02:04:34.222+0000][1][safepoint    ] Entering safepoint region: RevokeBias
[2019-12-09T02:04:34.222+0000][1][safepoint    ] Leaving safepoint region
[2019-12-09T02:04:34.222+0000][1][safepoint    ] Total time for which application threads were stopped: 0.0000657 seconds, Stopping threads took: 0.0000140 seconds
[2019-12-09T02:04:34.223+0000][1][safepoint    ] Application time: 0.0003612 seconds
[2019-12-09T02:04:34.223+0000][1][safepoint    ] Entering safepoint region: RevokeBias
[2019-12-09T02:04:34.223+0000][1][safepoint    ] Leaving safepoint region
[2019-12-09T02:04:34.223+0000][1][safepoint    ] Total time for which application threads were stopped: 0.0000550 seconds, Stopping threads took: 0.0000121 seconds
[2019-12-09T02:04:34.347+0000][1][safepoint    ] Application time: 0.1245294 seconds
[2019-12-09T02:04:34.347+0000][1][safepoint    ] Entering safepoint region: RevokeBias
[2019-12-09T02:04:34.347+0000][1][safepoint    ] Leaving safepoint region
[2019-12-09T02:04:34.347+0000][1][safepoint    ] Total time for which application threads were stopped: 0.0000853 seconds, Stopping threads took: 0.0000166 seconds
[2019-12-09T02:04:34.747+0000][1][safepoint    ] Application time: 0.4000649 seconds
[2019-12-09T02:04:34.780+0000][1][safepoint    ] Entering safepoint region: RevokeBias
[2019-12-09T02:04:34.780+0000][1][safepoint    ] Leaving safepoint region
[2019-12-09T02:04:34.780+0000][1][safepoint    ] Total time for which application threads were stopped: 0.0324104 seconds, Stopping threads took: 0.0323250 seconds
[2019-12-09T02:04:34.780+0000][1][safepoint    ] Application time: 0.0003962 seconds
[2019-12-09T02:04:34.780+0000][1][safepoint    ] Entering safepoint region: RevokeBias
[2019-12-09T02:04:34.780+0000][1][safepoint    ] Leaving safepoint region
[2019-12-09T02:04:34.780+0000][1][safepoint    ] Total time for which application threads were stopped: 0.0000672 seconds, Stopping threads took: 0.0000144 seconds
[2019-12-09T02:04:34.859+0000][1][safepoint    ] Application time: 0.0784156 seconds
[2019-12-09T02:04:34.869+0000][1][safepoint    ] Entering safepoint region: RevokeBias
[2019-12-09T02:04:34.869+0000][1][safepoint    ] Leaving safepoint region
[2019-12-09T02:04:34.869+0000][1][safepoint    ] Total time for which application threads were stopped: 0.0100996 seconds, Stopping threads took: 0.0100140 seconds
[2019-12-09T02:04:34.873+0000][1][safepoint    ] Application time: 0.0040333 seconds
[2019-12-09T02:04:34.873+0000][1][safepoint    ] Entering safepoint region: RevokeBias
[2019-12-09T02:04:34.873+0000][1][safepoint    ] Leaving safepoint region
[2019-12-09T02:04:34.873+0000][1][safepoint    ] Total time for which application threads were stopped: 0.0000694 seconds, Stopping threads took: 0.0000141 seconds
[2019-12-09T02:04:34.873+0000][1][safepoint    ] Application time: 0.0003256 seconds
[2019-12-09T02:04:34.873+0000][1][safepoint    ] Entering safepoint region: RevokeBias
[2019-12-09T02:04:34.873+0000][1][safepoint    ] Leaving safepoint region
[2019-12-09T02:04:34.873+0000][1][safepoint    ] Total time for which application threads were stopped: 0.0000705 seconds, Stopping threads took: 0.0000121 seconds
[2019-12-09T02:04:34.874+0000][1][safepoint    ] Application time: 0.0004683 seconds
[2019-12-09T02:04:34.874+0000][1][safepoint    ] Entering safepoint region: BulkRevokeBias
[2019-12-09T02:04:34.874+0000][1][safepoint    ] Leaving safepoint region
[2019-12-09T02:04:34.874+0000][1][safepoint    ] Total time for which application threads were stopped: 0.0002944 seconds, Stopping threads took: 0.0000131 seconds
[2019-12-09T02:04:34.877+0000][1][safepoint    ] Application time: 0.0028875 seconds
[2019-12-09T02:04:34.877+0000][1][safepoint    ] Entering safepoint region: RevokeBias
[2019-12-09T02:04:34.877+0000][1][safepoint    ] Leaving safepoint region
[2019-12-09T02:04:34.877+0000][1][safepoint    ] Total time for which application threads were stopped: 0.0000519 seconds, Stopping threads took: 0.0000108 seconds
[2019-12-09T02:04:34.877+0000][1][safepoint    ] Application time: 0.0001731 seconds
[2019-12-09T02:04:34.877+0000][1][safepoint    ] Entering safepoint region: RevokeBias
[2019-12-09T02:04:34.877+0000][1][safepoint    ] Leaving safepoint region
[2019-12-09T02:04:34.877+0000][1][safepoint    ] Total time for which application threads were stopped: 0.0000481 seconds, Stopping threads took: 0.0000096 seconds
[2019-12-09T02:04:34.879+0000][1][safepoint    ] Application time: 0.0011794 seconds
[2019-12-09T02:04:34.879+0000][1][safepoint    ] Entering safepoint region: RevokeBias
[2019-12-09T02:04:34.879+0000][1][safepoint    ] Leaving safepoint region
[2019-12-09T02:04:34.879+0000][1][safepoint    ] Total time for which application threads were stopped: 0.0000754 seconds, Stopping threads took: 0.0000111 seconds
[2019-12-09T02:04:34.897+0000][1][safepoint    ] Application time: 0.0183895 seconds
[2019-12-09T02:04:34.897+0000][1][safepoint    ] Entering safepoint region: RevokeBias
[2019-12-09T02:04:34.897+0000][1][safepoint    ] Leaving safepoint region
[2019-12-09T02:04:34.897+0000][1][safepoint    ] Total time for which application threads were stopped: 0.0000616 seconds, Stopping threads took: 0.0000111 seconds
[2019-12-09T02:04:34.902+0000][1][safepoint    ] Application time: 0.0048282 seconds
[2019-12-09T02:04:34.902+0000][1][safepoint    ] Entering safepoint region: RevokeBias
[2019-12-09T02:04:34.902+0000][1][safepoint    ] Leaving safepoint region
[2019-12-09T02:04:34.902+0000][1][safepoint    ] Total time for which application threads were stopped: 0.0000593 seconds, Stopping threads took: 0.0000117 seconds
[2019-12-09T02:04:34.980+0000][1][safepoint    ] Application time: 0.0776911 seconds
[2019-12-09T02:04:34.983+0000][1][safepoint    ] Entering safepoint region: RevokeBias
[2019-12-09T02:04:34.983+0000][1][safepoint    ] Leaving safepoint region
[2019-12-09T02:04:34.983+0000][1][safepoint    ] Total time for which application threads were stopped: 0.0030179 seconds, Stopping threads took: 0.0029251 seconds
[2019-12-09T02:04:34.984+0000][1][safepoint    ] Application time: 0.0008101 seconds
[2019-12-09T02:04:34.984+0000][1][safepoint    ] Entering safepoint region: RevokeBias
[2019-12-09T02:04:34.984+0000][1][safepoint    ] Leaving safepoint region
[2019-12-09T02:04:34.984+0000][1][safepoint    ] Total time for which application threads were stopped: 0.0000892 seconds, Stopping threads took: 0.0000292 seconds
[2019-12-09T02:04:34.984+0000][1][safepoint    ] Application time: 0.0003234 seconds
[2019-12-09T02:04:34.984+0000][1][safepoint    ] Entering safepoint region: RevokeBias
[2019-12-09T02:04:34.984+0000][1][safepoint    ] Leaving safepoint region
[2019-12-09T02:04:34.984+0000][1][safepoint    ] Total time for which application threads were stopped: 0.0000509 seconds, Stopping threads took: 0.0000105 seconds
[2019-12-09T02:04:35.040+0000][1][safepoint    ] Application time: 0.0556531 seconds
[2019-12-09T02:04:35.148+0000][1][safepoint    ] Entering safepoint region: RevokeBias
[2019-12-09T02:04:35.148+0000][1][safepoint    ] Leaving safepoint region
[2019-12-09T02:04:35.148+0000][1][safepoint    ] Total time for which application threads were stopped: 0.1083992 seconds, Stopping threads took: 0.1083127 seconds
[2019-12-09T02:04:35.155+0000][1][safepoint    ] Application time: 0.0063448 seconds
[2019-12-09T02:04:35.155+0000][1][safepoint    ] Entering safepoint region: RevokeBias
[2019-12-09T02:04:35.155+0000][1][safepoint    ] Leaving safepoint region
[2019-12-09T02:04:35.155+0000][1][safepoint    ] Total time for which application threads were stopped: 0.0000906 seconds, Stopping threads took: 0.0000161 seconds
[2019-12-09T02:04:35.175+0000][1][safepoint    ] Application time: 0.0199811 seconds
[2019-12-09T02:04:35.175+0000][1][safepoint    ] Entering safepoint region: RevokeBias
[2019-12-09T02:04:35.175+0000][1][safepoint    ] Leaving safepoint region
[2019-12-09T02:04:35.175+0000][1][safepoint    ] Total time for which application threads were stopped: 0.0000788 seconds, Stopping threads took: 0.0000161 seconds
[2019-12-09T02:04:35.175+0000][1][safepoint    ] Application time: 0.0003838 seconds
[2019-12-09T02:04:35.175+0000][1][safepoint    ] Entering safepoint region: RevokeBias
[2019-12-09T02:04:35.175+0000][1][safepoint    ] Leaving safepoint region
[2019-12-09T02:04:35.175+0000][1][safepoint    ] Total time for which application threads were stopped: 0.0000607 seconds, Stopping threads took: 0.0000116 seconds
[2019-12-09T02:04:35.175+0000][1][safepoint    ] Application time: 0.0001437 seconds
[2019-12-09T02:04:35.175+0000][1][safepoint    ] Entering safepoint region: RevokeBias
[2019-12-09T02:04:35.175+0000][1][safepoint    ] Leaving safepoint region
[2019-12-09T02:04:35.175+0000][1][safepoint    ] Total time for which application threads were stopped: 0.0000492 seconds, Stopping threads took: 0.0000101 seconds
[2019-12-09T02:04:35.176+0000][1][safepoint    ] Application time: 0.0003169 seconds
[2019-12-09T02:04:35.176+0000][1][safepoint    ] Entering safepoint region: RevokeBias
[2019-12-09T02:04:35.176+0000][1][safepoint    ] Leaving safepoint region
[2019-12-09T02:04:35.176+0000][1][safepoint    ] Total time for which application threads were stopped: 0.0000487 seconds, Stopping threads took: 0.0000101 seconds
[2019-12-09T02:04:35.180+0000][1][safepoint    ] Application time: 0.0037801 seconds
[2019-12-09T02:04:35.180+0000][1][safepoint    ] Entering safepoint region: RevokeBias
[2019-12-09T02:04:35.180+0000][1][safepoint    ] Leaving safepoint region
[2019-12-09T02:04:35.180+0000][1][safepoint    ] Total time for which application threads were stopped: 0.0000479 seconds, Stopping threads took: 0.0000114 seconds
[2019-12-09T02:04:35.191+0000][1][safepoint    ] Application time: 0.0116119 seconds
[2019-12-09T02:04:35.191+0000][1][safepoint    ] Entering safepoint region: RevokeBias
[2019-12-09T02:04:35.192+0000][1][safepoint    ] Leaving safepoint region
[2019-12-09T02:04:35.192+0000][1][safepoint    ] Total time for which application threads were stopped: 0.0004882 seconds, Stopping threads took: 0.0000109 seconds
[2019-12-09T02:04:35.192+0000][1][safepoint    ] Application time: 0.0003360 seconds
[2019-12-09T02:04:35.192+0000][1][safepoint    ] Entering safepoint region: RevokeBias
[2019-12-09T02:04:35.192+0000][1][safepoint    ] Leaving safepoint region
[2019-12-09T02:04:35.192+0000][1][safepoint    ] Total time for which application threads were stopped: 0.0000474 seconds, Stopping threads took: 0.0000108 seconds
[2019-12-09T02:04:35.193+0000][1][safepoint    ] Application time: 0.0008827 seconds
[2019-12-09T02:04:35.193+0000][1][safepoint    ] Entering safepoint region: RevokeBias
[2019-12-09T02:04:35.193+0000][1][safepoint    ] Leaving safepoint region
[2019-12-09T02:04:35.193+0000][1][safepoint    ] Total time for which application threads were stopped: 0.0000526 seconds, Stopping threads took: 0.0000123 seconds
[2019-12-09T02:04:35.213+0000][1][safepoint    ] Application time: 0.0193588 seconds
[2019-12-09T02:04:35.213+0000][1][safepoint    ] Entering safepoint region: RevokeBias
[2019-12-09T02:04:35.213+0000][1][safepoint    ] Leaving safepoint region
[2019-12-09T02:04:35.213+0000][1][safepoint    ] Total time for which application threads were stopped: 0.0000921 seconds, Stopping threads took: 0.0000162 seconds
[2019-12-09T02:04:35.226+0000][1][safepoint    ] Application time: 0.0132041 seconds
[2019-12-09T02:04:35.226+0000][1][safepoint    ] Entering safepoint region: RevokeBias
[2019-12-09T02:04:35.226+0000][1][safepoint    ] Leaving safepoint region
[2019-12-09T02:04:35.226+0000][1][safepoint    ] Total time for which application threads were stopped: 0.0000697 seconds, Stopping threads took: 0.0000150 seconds
[2019-12-09T02:04:35.621+0000][1][safepoint    ] Application time: 0.3948116 seconds
[2019-12-09T02:04:35.621+0000][1][safepoint    ] Entering safepoint region: RevokeBias
[2019-12-09T02:04:35.621+0000][1][safepoint    ] Leaving safepoint region
[2019-12-09T02:04:35.621+0000][1][safepoint    ] Total time for which application threads were stopped: 0.0001071 seconds, Stopping threads took: 0.0000170 seconds
[2019-12-09T02:04:35.621+0000][1][safepoint    ] Application time: 0.0000563 seconds
[2019-12-09T02:04:35.621+0000][1][safepoint    ] Entering safepoint region: RevokeBias
[2019-12-09T02:04:35.621+0000][1][safepoint    ] Leaving safepoint region
[2019-12-09T02:04:35.621+0000][1][safepoint    ] Total time for which application threads were stopped: 0.0000558 seconds, Stopping threads took: 0.0000089 seconds
[2019-12-09T02:04:35.764+0000][1][safepoint    ] Application time: 0.1428764 seconds
[2019-12-09T02:04:35.774+0000][1][safepoint    ] Entering safepoint region: RevokeBias
[2019-12-09T02:04:35.774+0000][1][safepoint    ] Leaving safepoint region
[2019-12-09T02:04:35.774+0000][1][safepoint    ] Total time for which application threads were stopped: 0.0097852 seconds, Stopping threads took: 0.0096979 seconds
[2019-12-09T02:04:35.800+0000][1][safepoint    ] Application time: 0.0262980 seconds
[2019-12-09T02:04:35.800+0000][1][safepoint    ] Entering safepoint region: RevokeBias
[2019-12-09T02:04:35.800+0000][1][safepoint    ] Leaving safepoint region
[2019-12-09T02:04:35.800+0000][1][safepoint    ] Total time for which application threads were stopped: 0.0002159 seconds, Stopping threads took: 0.0001429 seconds
[2019-12-09T02:04:35.812+0000][1][safepoint    ] Application time: 0.0113149 seconds
[2019-12-09T02:04:35.812+0000][1][safepoint    ] Entering safepoint region: RevokeBias
[2019-12-09T02:04:35.812+0000][1][safepoint    ] Leaving safepoint region
[2019-12-09T02:04:35.812+0000][1][safepoint    ] Total time for which application threads were stopped: 0.0001236 seconds, Stopping threads took: 0.0000573 seconds
[2019-12-09T02:04:35.813+0000][1][safepoint    ] Application time: 0.0007051 seconds
[2019-12-09T02:04:35.813+0000][1][safepoint    ] Entering safepoint region: RevokeBias
[2019-12-09T02:04:35.813+0000][1][safepoint    ] Leaving safepoint region
[2019-12-09T02:04:35.813+0000][1][safepoint    ] Total time for which application threads were stopped: 0.0000747 seconds, Stopping threads took: 0.0000113 seconds
[2019-12-09T02:04:35.814+0000][1][safepoint    ] Application time: 0.0010272 seconds
[2019-12-09T02:04:35.814+0000][1][safepoint    ] Entering safepoint region: RevokeBias
[2019-12-09T02:04:35.814+0000][1][safepoint    ] Leaving safepoint region
[2019-12-09T02:04:35.814+0000][1][safepoint    ] Total time for which application threads were stopped: 0.0000705 seconds, Stopping threads took: 0.0000118 seconds
[2019-12-09T02:04:35.815+0000][1][safepoint    ] Application time: 0.0009708 seconds
[2019-12-09T02:04:35.815+0000][1][safepoint    ] Entering safepoint region: BulkRevokeBias
[2019-12-09T02:04:35.815+0000][1][safepoint    ] Leaving safepoint region
[2019-12-09T02:04:35.815+0000][1][safepoint    ] Total time for which application threads were stopped: 0.0006488 seconds, Stopping threads took: 0.0000136 seconds
[2019-12-09T02:04:35.862+0000][1][safepoint    ] Application time: 0.0467711 seconds
[2019-12-09T02:04:35.862+0000][1][safepoint    ] Entering safepoint region: RevokeBias
[2019-12-09T02:04:35.862+0000][1][safepoint    ] Leaving safepoint region
[2019-12-09T02:04:35.862+0000][1][safepoint    ] Total time for which application threads were stopped: 0.0000749 seconds, Stopping threads took: 0.0000147 seconds
[2019-12-09T02:04:35.879+0000][1][safepoint    ] Application time: 0.0162719 seconds
[2019-12-09T02:04:35.879+0000][1][safepoint    ] Entering safepoint region: RevokeBias
[2019-12-09T02:04:35.879+0000][1][safepoint    ] Leaving safepoint region
[2019-12-09T02:04:35.879+0000][1][safepoint    ] Total time for which application threads were stopped: 0.0000749 seconds, Stopping threads took: 0.0000127 seconds
[2019-12-09T02:04:36.008+0000][1][safepoint    ] Application time: 0.1294129 seconds
[2019-12-09T02:04:36.008+0000][1][safepoint    ] Entering safepoint region: RevokeBias
[2019-12-09T02:04:36.008+0000][1][safepoint    ] Leaving safepoint region
[2019-12-09T02:04:36.008+0000][1][safepoint    ] Total time for which application threads were stopped: 0.0000998 seconds, Stopping threads took: 0.0000172 seconds
[2019-12-09T02:04:36.537+0000][1][safepoint    ] Application time: 0.5285574 seconds
[2019-12-09T02:04:36.565+0000][1][safepoint    ] Entering safepoint region: RevokeBias
[2019-12-09T02:04:36.565+0000][1][safepoint    ] Leaving safepoint region
[2019-12-09T02:04:36.565+0000][1][safepoint    ] Total time for which application threads were stopped: 0.0280450 seconds, Stopping threads took: 0.0279347 seconds
[2019-12-09T02:04:36.572+0000][1][safepoint    ] Application time: 0.0067617 seconds
[2019-12-09T02:04:36.572+0000][1][safepoint    ] Entering safepoint region: RevokeBias
[2019-12-09T02:04:36.572+0000][1][safepoint    ] Leaving safepoint region
[2019-12-09T02:04:36.572+0000][1][safepoint    ] Total time for which application threads were stopped: 0.0001162 seconds, Stopping threads took: 0.0000173 seconds
[2019-12-09T02:04:36.572+0000][1][safepoint    ] Application time: 0.0006179 seconds
[2019-12-09T02:04:36.572+0000][1][safepoint    ] Entering safepoint region: RevokeBias
[2019-12-09T02:04:36.573+0000][1][safepoint    ] Leaving safepoint region
[2019-12-09T02:04:36.573+0000][1][safepoint    ] Total time for which application threads were stopped: 0.0000871 seconds, Stopping threads took: 0.0000141 seconds
[2019-12-09T02:04:36.573+0000][1][safepoint    ] Application time: 0.0006234 seconds
[2019-12-09T02:04:36.573+0000][1][safepoint    ] Entering safepoint region: RevokeBias
[2019-12-09T02:04:36.573+0000][1][safepoint    ] Leaving safepoint region
[2019-12-09T02:04:36.573+0000][1][safepoint    ] Total time for which application threads were stopped: 0.0000805 seconds, Stopping threads took: 0.0000131 seconds
[2019-12-09T02:04:36.573+0000][1][safepoint    ] Application time: 0.0001900 seconds
[2019-12-09T02:04:36.574+0000][1][safepoint    ] Entering safepoint region: RevokeBias
[2019-12-09T02:04:36.574+0000][1][safepoint    ] Leaving safepoint region
[2019-12-09T02:04:36.574+0000][1][safepoint    ] Total time for which application threads were stopped: 0.0000671 seconds, Stopping threads took: 0.0000116 seconds
[2019-12-09T02:04:36.603+0000][1][safepoint    ] Application time: 0.0291479 seconds
[2019-12-09T02:04:36.637+0000][1][safepoint    ] Entering safepoint region: RevokeBias
[2019-12-09T02:04:36.637+0000][1][safepoint    ] Leaving safepoint region
[2019-12-09T02:04:36.637+0000][1][safepoint    ] Total time for which application threads were stopped: 0.0340874 seconds, Stopping threads took: 0.0339903 seconds
[2019-12-09T02:04:36.673+0000][1][safepoint    ] Application time: 0.0360458 seconds
[2019-12-09T02:04:36.673+0000][1][safepoint    ] Entering safepoint region: RevokeBias
[2019-12-09T02:04:36.673+0000][1][safepoint    ] Leaving safepoint region
[2019-12-09T02:04:36.673+0000][1][safepoint    ] Total time for which application threads were stopped: 0.0001740 seconds, Stopping threads took: 0.0000802 seconds
[2019-12-09T02:04:36.679+0000][1][safepoint    ] Application time: 0.0060425 seconds
[2019-12-09T02:04:36.679+0000][1][safepoint    ] Entering safepoint region: RevokeBias
[2019-12-09T02:04:36.679+0000][1][safepoint    ] Leaving safepoint region
[2019-12-09T02:04:36.679+0000][1][safepoint    ] Total time for which application threads were stopped: 0.0001403 seconds, Stopping threads took: 0.0000649 seconds
[2019-12-09T02:04:36.683+0000][1][safepoint    ] Application time: 0.0036226 seconds
[2019-12-09T02:04:36.683+0000][1][safepoint    ] Entering safepoint region: BulkRevokeBias
[2019-12-09T02:04:36.684+0000][1][safepoint    ] Leaving safepoint region
[2019-12-09T02:04:36.684+0000][1][safepoint    ] Total time for which application threads were stopped: 0.0006158 seconds, Stopping threads took: 0.0000696 seconds
[2019-12-09T02:04:36.685+0000][1][safepoint    ] Application time: 0.0016492 seconds
[2019-12-09T02:04:36.685+0000][1][safepoint    ] Entering safepoint region: RevokeBias
[2019-12-09T02:04:36.685+0000][1][safepoint    ] Leaving safepoint region
[2019-12-09T02:04:36.685+0000][1][safepoint    ] Total time for which application threads were stopped: 0.0000776 seconds, Stopping threads took: 0.0000131 seconds
[2019-12-09T02:04:36.688+0000][1][safepoint    ] Application time: 0.0024897 seconds
[2019-12-09T02:04:36.688+0000][1][safepoint    ] Entering safepoint region: RevokeBias
[2019-12-09T02:04:36.688+0000][1][safepoint    ] Leaving safepoint region
[2019-12-09T02:04:36.688+0000][1][safepoint    ] Total time for which application threads were stopped: 0.0000815 seconds, Stopping threads took: 0.0000126 seconds
[2019-12-09T02:04:36.688+0000][1][safepoint    ] Application time: 0.0001794 seconds
[2019-12-09T02:04:36.688+0000][1][safepoint    ] Entering safepoint region: RevokeBias
[2019-12-09T02:04:36.688+0000][1][safepoint    ] Leaving safepoint region
[2019-12-09T02:04:36.688+0000][1][safepoint    ] Total time for which application threads were stopped: 0.0000740 seconds, Stopping threads took: 0.0000115 seconds
[2019-12-09T02:04:36.688+0000][1][safepoint    ] Application time: 0.0001811 seconds
[2019-12-09T02:04:36.688+0000][1][safepoint    ] Entering safepoint region: RevokeBias
[2019-12-09T02:04:36.688+0000][1][safepoint    ] Leaving safepoint region
[2019-12-09T02:04:36.688+0000][1][safepoint    ] Total time for which application threads were stopped: 0.0000714 seconds, Stopping threads took: 0.0000117 seconds
[2019-12-09T02:04:36.689+0000][1][safepoint    ] Application time: 0.0005361 seconds
[2019-12-09T02:04:36.689+0000][1][safepoint    ] Entering safepoint region: BulkRevokeBias
[2019-12-09T02:04:36.690+0000][1][safepoint    ] Leaving safepoint region
[2019-12-09T02:04:36.690+0000][1][safepoint    ] Total time for which application threads were stopped: 0.0004750 seconds, Stopping threads took: 0.0000130 seconds
[2019-12-09T02:04:36.767+0000][1][safepoint    ] Application time: 0.0775769 seconds
[2019-12-09T02:04:36.811+0000][1][safepoint    ] Entering safepoint region: RevokeBias
[2019-12-09T02:04:36.811+0000][1][safepoint    ] Leaving safepoint region
[2019-12-09T02:04:36.811+0000][1][safepoint    ] Total time for which application threads were stopped: 0.0441075 seconds, Stopping threads took: 0.0440081 seconds
[2019-12-09T02:04:36.924+0000][1][safepoint    ] Application time: 0.1125839 seconds
[2019-12-09T02:04:36.924+0000][1][safepoint    ] Entering safepoint region: RevokeBias
[2019-12-09T02:04:36.924+0000][1][safepoint    ] Leaving safepoint region
[2019-12-09T02:04:36.924+0000][1][safepoint    ] Total time for which application threads were stopped: 0.0000992 seconds, Stopping threads took: 0.0000183 seconds
[2019-12-09T02:04:36.977+0000][1][safepoint    ] Application time: 0.0525739 seconds
[2019-12-09T02:04:36.977+0000][1][safepoint    ] Entering safepoint region: RevokeBias
[2019-12-09T02:04:36.977+0000][1][safepoint    ] Leaving safepoint region
[2019-12-09T02:04:36.977+0000][1][safepoint    ] Total time for which application threads were stopped: 0.0001055 seconds, Stopping threads took: 0.0000173 seconds
[2019-12-09T02:04:37.022+0000][1][safepoint    ] Application time: 0.0455089 seconds
[2019-12-09T02:04:37.025+0000][1][safepoint    ] Entering safepoint region: RevokeBias
[2019-12-09T02:04:37.025+0000][1][safepoint    ] Leaving safepoint region
[2019-12-09T02:04:37.025+0000][1][safepoint    ] Total time for which application threads were stopped: 0.0026075 seconds, Stopping threads took: 0.0025130 seconds
[2019-12-09T02:04:37.025+0000][1][safepoint    ] Application time: 0.0000626 seconds
[2019-12-09T02:04:37.025+0000][1][safepoint    ] Entering safepoint region: RevokeBias
[2019-12-09T02:04:37.025+0000][1][safepoint    ] Leaving safepoint region
[2019-12-09T02:04:37.025+0000][1][safepoint    ] Total time for which application threads were stopped: 0.0000534 seconds, Stopping threads took: 0.0000094 seconds
[2019-12-09T02:04:37.025+0000][1][safepoint    ] Application time: 0.0000496 seconds
[2019-12-09T02:04:37.025+0000][1][safepoint    ] Entering safepoint region: RevokeBias
[2019-12-09T02:04:37.025+0000][1][safepoint    ] Leaving safepoint region
[2019-12-09T02:04:37.025+0000][1][safepoint    ] Total time for which application threads were stopped: 0.0000495 seconds, Stopping threads took: 0.0000081 seconds
[2019-12-09T02:04:37.026+0000][1][safepoint    ] Application time: 0.0010575 seconds
[2019-12-09T02:04:37.026+0000][1][safepoint    ] Entering safepoint region: RevokeBias
[2019-12-09T02:04:37.026+0000][1][safepoint    ] Leaving safepoint region
[2019-12-09T02:04:37.026+0000][1][safepoint    ] Total time for which application threads were stopped: 0.0000873 seconds, Stopping threads took: 0.0000152 seconds
[2019-12-09T02:04:37.026+0000][1][safepoint    ] Application time: 0.0001704 seconds
[2019-12-09T02:04:37.026+0000][1][safepoint    ] Entering safepoint region: RevokeBias
[2019-12-09T02:04:37.027+0000][1][safepoint    ] Leaving safepoint region
[2019-12-09T02:04:37.027+0000][1][safepoint    ] Total time for which application threads were stopped: 0.0000685 seconds, Stopping threads took: 0.0000108 seconds
[2019-12-09T02:04:37.027+0000][1][safepoint    ] Application time: 0.0000605 seconds
[2019-12-09T02:04:37.027+0000][1][safepoint    ] Entering safepoint region: RevokeBias
[2019-12-09T02:04:37.027+0000][1][safepoint    ] Leaving safepoint region
[2019-12-09T02:04:37.027+0000][1][safepoint    ] Total time for which application threads were stopped: 0.0000529 seconds, Stopping threads took: 0.0000096 seconds
[2019-12-09T02:04:37.573+0000][1][safepoint    ] Application time: 0.5460504 seconds
[2019-12-09T02:04:37.573+0000][1][safepoint    ] Entering safepoint region: RevokeBias
[2019-12-09T02:04:37.573+0000][1][safepoint    ] Leaving safepoint region
[2019-12-09T02:04:37.573+0000][1][safepoint    ] Total time for which application threads were stopped: 0.0000992 seconds, Stopping threads took: 0.0000294 seconds
[2019-12-09T02:04:37.573+0000][1][safepoint    ] Application time: 0.0000708 seconds
[2019-12-09T02:04:37.573+0000][1][safepoint    ] Entering safepoint region: RevokeBias
[2019-12-09T02:04:37.573+0000][1][safepoint    ] Leaving safepoint region
[2019-12-09T02:04:37.573+0000][1][safepoint    ] Total time for which application threads were stopped: 0.0000414 seconds, Stopping threads took: 0.0000083 seconds
[2019-12-09T02:04:37.726+0000][1][safepoint    ] Application time: 0.1528879 seconds
[2019-12-09T02:04:37.726+0000][1][safepoint    ] Entering safepoint region: RevokeBias
[2019-12-09T02:04:37.726+0000][1][safepoint    ] Leaving safepoint region
[2019-12-09T02:04:37.726+0000][1][safepoint    ] Total time for which application threads were stopped: 0.0001345 seconds, Stopping threads took: 0.0000622 seconds
[2019-12-09T02:04:37.747+0000][1][safepoint    ] Application time: 0.0205046 seconds
[2019-12-09T02:04:37.747+0000][1][safepoint    ] Entering safepoint region: RevokeBias
[2019-12-09T02:04:37.747+0000][1][safepoint    ] Leaving safepoint region
[2019-12-09T02:04:37.747+0000][1][safepoint    ] Total time for which application threads were stopped: 0.0001377 seconds, Stopping threads took: 0.0000462 seconds
[2019-12-09T02:04:37.747+0000][1][safepoint    ] Application time: 0.0004010 seconds
[2019-12-09T02:04:37.747+0000][1][safepoint    ] Entering safepoint region: RevokeBias
[2019-12-09T02:04:37.747+0000][1][safepoint    ] Leaving safepoint region
[2019-12-09T02:04:37.747+0000][1][safepoint    ] Total time for which application threads were stopped: 0.0000944 seconds, Stopping threads took: 0.0000398 seconds
[2019-12-09T02:04:37.747+0000][1][safepoint    ] Application time: 0.0000864 seconds
[2019-12-09T02:04:37.747+0000][1][safepoint    ] Entering safepoint region: RevokeBias
[2019-12-09T02:04:37.747+0000][1][safepoint    ] Leaving safepoint region
[2019-12-09T02:04:37.747+0000][1][safepoint    ] Total time for which application threads were stopped: 0.0000458 seconds, Stopping threads took: 0.0000091 seconds
[2019-12-09T02:04:37.748+0000][1][safepoint    ] Application time: 0.0001854 seconds
[2019-12-09T02:04:37.748+0000][1][safepoint    ] Entering safepoint region: RevokeBias
[2019-12-09T02:04:37.748+0000][1][safepoint    ] Leaving safepoint region
[2019-12-09T02:04:37.748+0000][1][safepoint    ] Total time for which application threads were stopped: 0.0000514 seconds, Stopping threads took: 0.0000107 seconds
[2019-12-09T02:04:37.749+0000][1][safepoint    ] Application time: 0.0018030 seconds
[2019-12-09T02:04:37.749+0000][1][safepoint    ] Entering safepoint region: RevokeBias
[2019-12-09T02:04:37.750+0000][1][safepoint    ] Leaving safepoint region
[2019-12-09T02:04:37.750+0000][1][safepoint    ] Total time for which application threads were stopped: 0.0000616 seconds, Stopping threads took: 0.0000142 seconds
[2019-12-09T02:04:37.750+0000][1][safepoint    ] Application time: 0.0005222 seconds
[2019-12-09T02:04:37.750+0000][1][safepoint    ] Entering safepoint region: RevokeBias
[2019-12-09T02:04:37.750+0000][1][safepoint    ] Leaving safepoint region
[2019-12-09T02:04:37.750+0000][1][safepoint    ] Total time for which application threads were stopped: 0.0000564 seconds, Stopping threads took: 0.0000124 seconds
[2019-12-09T02:04:37.785+0000][1][safepoint    ] Application time: 0.0351045 seconds
[2019-12-09T02:04:37.785+0000][1][safepoint    ] Entering safepoint region: RevokeBias
[2019-12-09T02:04:37.785+0000][1][safepoint    ] Leaving safepoint region
[2019-12-09T02:04:37.785+0000][1][safepoint    ] Total time for which application threads were stopped: 0.0000775 seconds, Stopping threads took: 0.0000150 seconds
[2019-12-09T02:04:37.785+0000][1][safepoint    ] Application time: 0.0000725 seconds
[2019-12-09T02:04:37.785+0000][1][safepoint    ] Entering safepoint region: RevokeBias
[2019-12-09T02:04:37.786+0000][1][safepoint    ] Leaving safepoint region
[2019-12-09T02:04:37.786+0000][1][safepoint    ] Total time for which application threads were stopped: 0.0000627 seconds, Stopping threads took: 0.0000101 seconds
[2019-12-09T02:04:38.435+0000][1][safepoint    ] Application time: 0.6491880 seconds
[2019-12-09T02:04:38.435+0000][1][safepoint    ] Entering safepoint region: Deoptimize
[2019-12-09T02:04:38.435+0000][1][safepoint    ] Leaving safepoint region
[2019-12-09T02:04:38.435+0000][1][safepoint    ] Total time for which application threads were stopped: 0.0006897 seconds, Stopping threads took: 0.0000196 seconds
[2019-12-09T02:04:38.916+0000][1][safepoint    ] Application time: 0.4802681 seconds
[2019-12-09T02:04:38.916+0000][1][safepoint    ] Entering safepoint region: BulkRevokeBias
[2019-12-09T02:04:38.916+0000][1][safepoint    ] Leaving safepoint region
[2019-12-09T02:04:38.916+0000][1][safepoint    ] Total time for which application threads were stopped: 0.0004995 seconds, Stopping threads took: 0.0000197 seconds
[2019-12-09T02:04:38.916+0000][1][safepoint    ] Application time: 0.0000783 seconds
[2019-12-09T02:04:38.916+0000][1][safepoint    ] Entering safepoint region: RevokeBias
[2019-12-09T02:04:38.916+0000][1][safepoint    ] Leaving safepoint region
[2019-12-09T02:04:38.916+0000][1][safepoint    ] Total time for which application threads were stopped: 0.0000632 seconds, Stopping threads took: 0.0000108 seconds
[2019-12-09T02:04:38.986+0000][1][safepoint    ] Application time: 0.0693133 seconds
[2019-12-09T02:04:38.986+0000][1][safepoint    ] Entering safepoint region: RevokeBias
[2019-12-09T02:04:38.986+0000][1][safepoint    ] Leaving safepoint region
[2019-12-09T02:04:38.986+0000][1][safepoint    ] Total time for which application threads were stopped: 0.0001292 seconds, Stopping threads took: 0.0000197 seconds
[2019-12-09T02:04:38.992+0000][1][safepoint    ] Application time: 0.0059070 seconds
[2019-12-09T02:04:38.992+0000][1][safepoint    ] Entering safepoint region: BulkRevokeBias
[2019-12-09T02:04:38.993+0000][1][safepoint    ] Leaving safepoint region
[2019-12-09T02:04:38.993+0000][1][safepoint    ] Total time for which application threads were stopped: 0.0009557 seconds, Stopping threads took: 0.0000187 seconds
[2019-12-09T02:04:38.993+0000][1][safepoint    ] Application time: 0.0003282 seconds
[2019-12-09T02:04:38.993+0000][1][safepoint    ] Entering safepoint region: RevokeBias
[2019-12-09T02:04:38.993+0000][1][safepoint    ] Leaving safepoint region
[2019-12-09T02:04:38.993+0000][1][safepoint    ] Total time for which application threads were stopped: 0.0000641 seconds, Stopping threads took: 0.0000146 seconds
[2019-12-09T02:04:39.096+0000][1][safepoint    ] Application time: 0.1031939 seconds
[2019-12-09T02:04:39.096+0000][1][safepoint    ] Entering safepoint region: RevokeBias
[2019-12-09T02:04:39.097+0000][1][safepoint    ] Leaving safepoint region
[2019-12-09T02:04:39.097+0000][1][safepoint    ] Total time for which application threads were stopped: 0.0001223 seconds, Stopping threads took: 0.0000223 seconds
[2019-12-09T02:04:39.107+0000][1][safepoint    ] Application time: 0.0107523 seconds
[2019-12-09T02:04:39.107+0000][1][safepoint    ] Entering safepoint region: RevokeBias
[2019-12-09T02:04:39.107+0000][1][safepoint    ] Leaving safepoint region
[2019-12-09T02:04:39.107+0000][1][safepoint    ] Total time for which application threads were stopped: 0.0000895 seconds, Stopping threads took: 0.0000194 seconds
[2019-12-09T02:04:39.113+0000][1][safepoint    ] Application time: 0.0057400 seconds
[2019-12-09T02:04:39.113+0000][1][safepoint    ] Entering safepoint region: RevokeBias
[2019-12-09T02:04:39.113+0000][1][safepoint    ] Leaving safepoint region
[2019-12-09T02:04:39.113+0000][1][safepoint    ] Total time for which application threads were stopped: 0.0000661 seconds, Stopping threads took: 0.0000155 seconds
[2019-12-09T02:04:39.113+0000][1][safepoint    ] Application time: 0.0000622 seconds
[2019-12-09T02:04:39.113+0000][1][safepoint    ] Entering safepoint region: RevokeBias
[2019-12-09T02:04:39.113+0000][1][safepoint    ] Leaving safepoint region
[2019-12-09T02:04:39.113+0000][1][safepoint    ] Total time for which application threads were stopped: 0.0000375 seconds, Stopping threads took: 0.0000082 seconds
[2019-12-09T02:04:39.113+0000][1][safepoint    ] Application time: 0.0000482 seconds
[2019-12-09T02:04:39.113+0000][1][safepoint    ] Entering safepoint region: RevokeBias
[2019-12-09T02:04:39.113+0000][1][safepoint    ] Leaving safepoint region
[2019-12-09T02:04:39.113+0000][1][safepoint    ] Total time for which application threads were stopped: 0.0000361 seconds, Stopping threads took: 0.0000077 seconds
[2019-12-09T02:04:39.114+0000][1][safepoint    ] Application time: 0.0000609 seconds
[2019-12-09T02:04:39.114+0000][1][safepoint    ] Entering safepoint region: RevokeBias
[2019-12-09T02:04:39.114+0000][1][safepoint    ] Leaving safepoint region
[2019-12-09T02:04:39.114+0000][1][safepoint    ] Total time for which application threads were stopped: 0.0000365 seconds, Stopping threads took: 0.0000079 seconds
[2019-12-09T02:04:39.114+0000][1][safepoint    ] Application time: 0.0000475 seconds
[2019-12-09T02:04:39.114+0000][1][safepoint    ] Entering safepoint region: RevokeBias
[2019-12-09T02:04:39.114+0000][1][safepoint    ] Leaving safepoint region
[2019-12-09T02:04:39.114+0000][1][safepoint    ] Total time for which application threads were stopped: 0.0000542 seconds, Stopping threads took: 0.0000081 seconds
[2019-12-09T02:04:39.114+0000][1][safepoint    ] Application time: 0.0000570 seconds
[2019-12-09T02:04:39.114+0000][1][safepoint    ] Entering safepoint region: RevokeBias
[2019-12-09T02:04:39.114+0000][1][safepoint    ] Leaving safepoint region
[2019-12-09T02:04:39.114+0000][1][safepoint    ] Total time for which application threads were stopped: 0.0000371 seconds, Stopping threads took: 0.0000083 seconds
[2019-12-09T02:04:39.114+0000][1][safepoint    ] Application time: 0.0000464 seconds
[2019-12-09T02:04:39.114+0000][1][safepoint    ] Entering safepoint region: RevokeBias
[2019-12-09T02:04:39.114+0000][1][safepoint    ] Leaving safepoint region
[2019-12-09T02:04:39.114+0000][1][safepoint    ] Total time for which application threads were stopped: 0.0000354 seconds, Stopping threads took: 0.0000073 seconds
[2019-12-09T02:04:39.114+0000][1][safepoint    ] Application time: 0.0000459 seconds
[2019-12-09T02:04:39.114+0000][1][safepoint    ] Entering safepoint region: RevokeBias
[2019-12-09T02:04:39.114+0000][1][safepoint    ] Leaving safepoint region
[2019-12-09T02:04:39.114+0000][1][safepoint    ] Total time for which application threads were stopped: 0.0000340 seconds, Stopping threads took: 0.0000083 seconds
[2019-12-09T02:04:39.180+0000][1][safepoint    ] Application time: 0.0656929 seconds
[2019-12-09T02:04:39.180+0000][1][safepoint    ] Entering safepoint region: RevokeBias
[2019-12-09T02:04:39.180+0000][1][safepoint    ] Leaving safepoint region
[2019-12-09T02:04:39.180+0000][1][safepoint    ] Total time for which application threads were stopped: 0.0000918 seconds, Stopping threads took: 0.0000197 seconds
[2019-12-09T02:04:39.334+0000][1][safepoint    ] Application time: 0.1536550 seconds
[2019-12-09T02:04:39.334+0000][1][safepoint    ] Entering safepoint region: RevokeBias
[2019-12-09T02:04:39.334+0000][1][safepoint    ] Leaving safepoint region
[2019-12-09T02:04:39.334+0000][1][safepoint    ] Total time for which application threads were stopped: 0.0001107 seconds, Stopping threads took: 0.0000216 seconds
[2019-12-09T02:04:39.335+0000][1][safepoint    ] Application time: 0.0010118 seconds
[2019-12-09T02:04:39.335+0000][1][safepoint    ] Entering safepoint region: RevokeBias
[2019-12-09T02:04:39.335+0000][1][safepoint    ] Leaving safepoint region
[2019-12-09T02:04:39.335+0000][1][safepoint    ] Total time for which application threads were stopped: 0.0000860 seconds, Stopping threads took: 0.0000183 seconds
[2019-12-09T02:04:41.208+0000][1][safepoint    ] Application time: 1.8729091 seconds
[2019-12-09T02:04:41.208+0000][1][safepoint    ] Entering safepoint region: Cleanup
[2019-12-09T02:04:41.208+0000][1][safepoint    ] Leaving safepoint region
[2019-12-09T02:04:41.208+0000][1][safepoint    ] Total time for which application threads were stopped: 0.0001095 seconds, Stopping threads took: 0.0000266 seconds
[2019-12-09T02:04:41.530+0000][1][safepoint    ] Application time: 0.3221978 seconds
[2019-12-09T02:04:41.530+0000][1][safepoint    ] Entering safepoint region: RevokeBias
[2019-12-09T02:04:41.530+0000][1][safepoint    ] Leaving safepoint region
[2019-12-09T02:04:41.530+0000][1][safepoint    ] Total time for which application threads were stopped: 0.0003155 seconds, Stopping threads took: 0.0002179 seconds
[2019-12-09T02:04:41.531+0000][1][safepoint    ] Application time: 0.0001708 seconds
[2019-12-09T02:04:41.531+0000][1][safepoint    ] Entering safepoint region: RevokeBias
[2019-12-09T02:04:41.531+0000][1][safepoint    ] Leaving safepoint region
[2019-12-09T02:04:41.531+0000][1][safepoint    ] Total time for which application threads were stopped: 0.0000887 seconds, Stopping threads took: 0.0000141 seconds
[2019-12-09T02:04:41.531+0000][1][safepoint    ] Application time: 0.0005936 seconds
[2019-12-09T02:04:41.531+0000][1][safepoint    ] Entering safepoint region: RevokeBias
[2019-12-09T02:04:41.531+0000][1][safepoint    ] Leaving safepoint region
[2019-12-09T02:04:41.531+0000][1][safepoint    ] Total time for which application threads were stopped: 0.0000624 seconds, Stopping threads took: 0.0000126 seconds
[2019-12-09T02:04:42.558+0000][1][safepoint    ] Application time: 1.0262897 seconds
[2019-12-09T02:04:42.607+0000][1][safepoint    ] Entering safepoint region: Cleanup
[2019-12-09T02:04:42.608+0000][1][safepoint    ] Leaving safepoint region
[2019-12-09T02:04:42.608+0000][1][safepoint    ] Total time for which application threads were stopped: 0.0498242 seconds, Stopping threads took: 0.0497391 seconds
[2019-12-09T02:04:43.618+0000][1][safepoint    ] Application time: 1.0101284 seconds
[2019-12-09T02:04:43.618+0000][1][safepoint    ] Entering safepoint region: Cleanup
[2019-12-09T02:04:43.618+0000][1][safepoint    ] Leaving safepoint region
[2019-12-09T02:04:43.618+0000][1][safepoint    ] Total time for which application threads were stopped: 0.0001148 seconds, Stopping threads took: 0.0000263 seconds
[2019-12-09T02:04:44.619+0000][1][safepoint    ] Application time: 1.0008316 seconds
[2019-12-09T02:04:44.619+0000][1][safepoint    ] Entering safepoint region: Cleanup
[2019-12-09T02:04:44.619+0000][1][safepoint    ] Leaving safepoint region
[2019-12-09T02:04:44.619+0000][1][safepoint    ] Total time for which application threads were stopped: 0.0001024 seconds, Stopping threads took: 0.0000251 seconds
[2019-12-09T02:04:45.623+0000][1][safepoint    ] Application time: 1.0038493 seconds
[2019-12-09T02:04:45.623+0000][1][safepoint    ] Entering safepoint region: Cleanup
[2019-12-09T02:04:45.623+0000][1][safepoint    ] Leaving safepoint region
[2019-12-09T02:04:45.623+0000][1][safepoint    ] Total time for which application threads were stopped: 0.0000998 seconds, Stopping threads took: 0.0000232 seconds
[2019-12-09T02:04:46.624+0000][1][safepoint    ] Application time: 1.0008762 seconds
[2019-12-09T02:04:46.624+0000][1][safepoint    ] Entering safepoint region: Cleanup
[2019-12-09T02:04:46.624+0000][1][safepoint    ] Leaving safepoint region
[2019-12-09T02:04:46.624+0000][1][safepoint    ] Total time for which application threads were stopped: 0.0001085 seconds, Stopping threads took: 0.0000247 seconds
[2019-12-09T02:04:47.626+0000][1][safepoint    ] Application time: 1.0020471 seconds
[2019-12-09T02:04:47.626+0000][1][safepoint    ] Entering safepoint region: Cleanup
[2019-12-09T02:04:47.626+0000][1][safepoint    ] Leaving safepoint region
[2019-12-09T02:04:47.626+0000][1][safepoint    ] Total time for which application threads were stopped: 0.0001105 seconds, Stopping threads took: 0.0000274 seconds
[2019-12-09T02:04:49.630+0000][1][safepoint    ] Application time: 2.0036164 seconds
[2019-12-09T02:04:49.630+0000][1][safepoint    ] Entering safepoint region: Cleanup
[2019-12-09T02:04:49.630+0000][1][safepoint    ] Leaving safepoint region
[2019-12-09T02:04:49.630+0000][1][safepoint    ] Total time for which application threads were stopped: 0.0001073 seconds, Stopping threads took: 0.0000242 seconds
[2019-12-09T02:04:50.637+0000][1][safepoint    ] Application time: 1.0068484 seconds
[2019-12-09T02:04:50.637+0000][1][safepoint    ] Entering safepoint region: Cleanup
[2019-12-09T02:04:50.637+0000][1][safepoint    ] Leaving safepoint region
[2019-12-09T02:04:50.637+0000][1][safepoint    ] Total time for which application threads were stopped: 0.0001138 seconds, Stopping threads took: 0.0000237 seconds
[2019-12-09T02:04:51.638+0000][1][safepoint    ] Application time: 1.0008306 seconds
[2019-12-09T02:04:51.638+0000][1][safepoint    ] Entering safepoint region: Cleanup
[2019-12-09T02:04:51.638+0000][1][safepoint    ] Leaving safepoint region
[2019-12-09T02:04:51.638+0000][1][safepoint    ] Total time for which application threads were stopped: 0.0000984 seconds, Stopping threads took: 0.0000230 seconds
[2019-12-09T02:04:52.644+0000][1][safepoint    ] Application time: 1.0058887 seconds
[2019-12-09T02:04:52.644+0000][1][safepoint    ] Entering safepoint region: Cleanup
[2019-12-09T02:04:52.644+0000][1][safepoint    ] Leaving safepoint region
[2019-12-09T02:04:52.644+0000][1][safepoint    ] Total time for which application threads were stopped: 0.0001269 seconds, Stopping threads took: 0.0000371 seconds
[2019-12-09T02:04:53.645+0000][1][safepoint    ] Application time: 1.0008084 seconds
[2019-12-09T02:04:53.645+0000][1][safepoint    ] Entering safepoint region: Cleanup
[2019-12-09T02:04:53.645+0000][1][safepoint    ] Leaving safepoint region
[2019-12-09T02:04:53.645+0000][1][safepoint    ] Total time for which application threads were stopped: 0.0000991 seconds, Stopping threads took: 0.0000231 seconds
[2019-12-09T02:04:55.646+0000][1][safepoint    ] Application time: 2.0007680 seconds
[2019-12-09T02:04:55.646+0000][1][safepoint    ] Entering safepoint region: Cleanup
[2019-12-09T02:04:55.646+0000][1][safepoint    ] Leaving safepoint region
[2019-12-09T02:04:55.646+0000][1][safepoint    ] Total time for which application threads were stopped: 0.0001102 seconds, Stopping threads took: 0.0000221 seconds
[2019-12-09T02:04:55.972+0000][1][safepoint    ] Application time: 0.3261028 seconds
[2019-12-09T02:04:55.972+0000][1][safepoint    ] Entering safepoint region: GenCollectForAllocation
[2019-12-09T02:04:55.972+0000][1][gc,start     ] GC(23) Pause Young (Allocation Failure)
[2019-12-09T02:04:55.972+0000][1][gc,task      ] GC(23) Using 2 workers of 2 for evacuation
[2019-12-09T02:04:56.061+0000][1][gc,age       ] GC(23) Desired survivor size 4456448 bytes, new threshold 2 (max threshold 6)
[2019-12-09T02:04:56.061+0000][1][gc,age       ] GC(23) Age table with threshold 2 (max threshold 6)
[2019-12-09T02:04:56.061+0000][1][gc,age       ] GC(23) - age   1:    1857248 bytes,    1857248 total
[2019-12-09T02:04:56.061+0000][1][gc,age       ] GC(23) - age   2:    3611416 bytes,    5468664 total
[2019-12-09T02:04:56.061+0000][1][gc,heap      ] GC(23) ParNew: 78610K->6532K(78656K)
[2019-12-09T02:04:56.061+0000][1][gc,heap      ] GC(23) CMS: 59972K->64128K(174784K)
[2019-12-09T02:04:56.061+0000][1][gc,metaspace ] GC(23) Metaspace: 68222K->68222K(1112064K)
[2019-12-09T02:04:56.061+0000][1][gc           ] GC(23) Pause Young (Allocation Failure) 135M->69M(247M) 89.044ms
[2019-12-09T02:04:56.061+0000][1][gc,cpu       ] GC(23) User=0.05s Sys=0.00s Real=0.09s
[2019-12-09T02:04:56.061+0000][1][safepoint    ] Leaving safepoint region
[2019-12-09T02:04:56.061+0000][1][safepoint    ] Total time for which application threads were stopped: 0.0892445 seconds, Stopping threads took: 0.0000212 seconds
[2019-12-09T02:04:57.067+0000][1][safepoint    ] Application time: 1.0054603 seconds
[2019-12-09T02:04:57.067+0000][1][safepoint    ] Entering safepoint region: Cleanup
[2019-12-09T02:04:57.067+0000][1][safepoint    ] Leaving safepoint region
[2019-12-09T02:04:57.067+0000][1][safepoint    ] Total time for which application threads were stopped: 0.0001438 seconds, Stopping threads took: 0.0000475 seconds
[2019-12-09T02:04:59.069+0000][1][safepoint    ] Application time: 2.0019619 seconds
[2019-12-09T02:04:59.069+0000][1][safepoint    ] Entering safepoint region: Cleanup
[2019-12-09T02:04:59.069+0000][1][safepoint    ] Leaving safepoint region
[2019-12-09T02:04:59.069+0000][1][safepoint    ] Total time for which application threads were stopped: 0.0000989 seconds, Stopping threads took: 0.0000220 seconds
[2019-12-09T02:05:00.072+0000][1][safepoint    ] Application time: 1.0027745 seconds
[2019-12-09T02:05:00.072+0000][1][safepoint    ] Entering safepoint region: Cleanup
[2019-12-09T02:05:00.072+0000][1][safepoint    ] Leaving safepoint region
[2019-12-09T02:05:00.072+0000][1][safepoint    ] Total time for which application threads were stopped: 0.0001129 seconds, Stopping threads took: 0.0000277 seconds
[2019-12-09T02:05:01.073+0000][1][safepoint    ] Application time: 1.0008381 seconds
[2019-12-09T02:05:01.073+0000][1][safepoint    ] Entering safepoint region: Cleanup
[2019-12-09T02:05:01.073+0000][1][safepoint    ] Leaving safepoint region
[2019-12-09T02:05:01.073+0000][1][safepoint    ] Total time for which application threads were stopped: 0.0001162 seconds, Stopping threads took: 0.0000335 seconds
[2019-12-09T02:05:02.074+0000][1][safepoint    ] Application time: 1.0008119 seconds
[2019-12-09T02:05:02.074+0000][1][safepoint    ] Entering safepoint region: Cleanup
[2019-12-09T02:05:02.074+0000][1][safepoint    ] Leaving safepoint region
[2019-12-09T02:05:02.074+0000][1][safepoint    ] Total time for which application threads were stopped: 0.0001192 seconds, Stopping threads took: 0.0000270 seconds
[2019-12-09T02:05:03.075+0000][1][safepoint    ] Application time: 1.0008393 seconds
[2019-12-09T02:05:03.075+0000][1][safepoint    ] Entering safepoint region: Cleanup
[2019-12-09T02:05:03.075+0000][1][safepoint    ] Leaving safepoint region
[2019-12-09T02:05:03.075+0000][1][safepoint    ] Total time for which application threads were stopped: 0.0001051 seconds, Stopping threads took: 0.0000263 seconds
[2019-12-09T02:05:05.077+0000][1][safepoint    ] Application time: 2.0018431 seconds
[2019-12-09T02:05:05.077+0000][1][safepoint    ] Entering safepoint region: Cleanup
[2019-12-09T02:05:05.077+0000][1][safepoint    ] Leaving safepoint region
[2019-12-09T02:05:05.077+0000][1][safepoint    ] Total time for which application threads were stopped: 0.0001062 seconds, Stopping threads took: 0.0000258 seconds
[2019-12-09T02:05:06.077+0000][1][safepoint    ] Application time: 1.0001758 seconds
[2019-12-09T02:05:06.077+0000][1][safepoint    ] Entering safepoint region: Cleanup
[2019-12-09T02:05:06.077+0000][1][safepoint    ] Leaving safepoint region
[2019-12-09T02:05:06.077+0000][1][safepoint    ] Total time for which application threads were stopped: 0.0001244 seconds, Stopping threads took: 0.0000244 seconds
[2019-12-09T02:05:08.077+0000][1][safepoint    ] Application time: 2.0001603 seconds
[2019-12-09T02:05:08.077+0000][1][safepoint    ] Entering safepoint region: Cleanup
[2019-12-09T02:05:08.078+0000][1][safepoint    ] Leaving safepoint region
[2019-12-09T02:05:08.078+0000][1][safepoint    ] Total time for which application threads were stopped: 0.0000811 seconds, Stopping threads took: 0.0000181 seconds
[2019-12-09T02:05:09.078+0000][1][safepoint    ] Application time: 1.0000798 seconds
[2019-12-09T02:05:09.078+0000][1][safepoint    ] Entering safepoint region: Cleanup
[2019-12-09T02:05:09.078+0000][1][safepoint    ] Leaving safepoint region
[2019-12-09T02:05:09.078+0000][1][safepoint    ] Total time for which application threads were stopped: 0.0000952 seconds, Stopping threads took: 0.0000179 seconds
[2019-12-09T02:05:10.078+0000][1][safepoint    ] Application time: 1.0000811 seconds
[2019-12-09T02:05:10.078+0000][1][safepoint    ] Entering safepoint region: Cleanup
[2019-12-09T02:05:10.078+0000][1][safepoint    ] Leaving safepoint region
[2019-12-09T02:05:10.078+0000][1][safepoint    ] Total time for which application threads were stopped: 0.0000867 seconds, Stopping threads took: 0.0000242 seconds
[2019-12-09T02:05:11.078+0000][1][safepoint    ] Application time: 1.0000800 seconds
[2019-12-09T02:05:11.078+0000][1][safepoint    ] Entering safepoint region: Cleanup
[2019-12-09T02:05:11.078+0000][1][safepoint    ] Leaving safepoint region
[2019-12-09T02:05:11.078+0000][1][safepoint    ] Total time for which application threads were stopped: 0.0001072 seconds, Stopping threads took: 0.0000233 seconds
[2019-12-09T02:05:12.078+0000][1][safepoint    ] Application time: 1.0000762 seconds
[2019-12-09T02:05:12.078+0000][1][safepoint    ] Entering safepoint region: Cleanup
[2019-12-09T02:05:12.078+0000][1][safepoint    ] Leaving safepoint region
[2019-12-09T02:05:12.078+0000][1][safepoint    ] Total time for which application threads were stopped: 0.0000891 seconds, Stopping threads took: 0.0000186 seconds
[2019-12-09T02:05:13.078+0000][1][safepoint    ] Application time: 1.0000780 seconds
[2019-12-09T02:05:13.079+0000][1][safepoint    ] Entering safepoint region: Cleanup
[2019-12-09T02:05:13.079+0000][1][safepoint    ] Leaving safepoint region
[2019-12-09T02:05:13.079+0000][1][safepoint    ] Total time for which application threads were stopped: 0.0000864 seconds, Stopping threads took: 0.0000190 seconds
[2019-12-09T02:05:14.079+0000][1][safepoint    ] Application time: 1.0000855 seconds
[2019-12-09T02:05:14.079+0000][1][safepoint    ] Entering safepoint region: Cleanup
[2019-12-09T02:05:14.079+0000][1][safepoint    ] Leaving safepoint region
[2019-12-09T02:05:14.079+0000][1][safepoint    ] Total time for which application threads were stopped: 0.0000807 seconds, Stopping threads took: 0.0000178 seconds
[2019-12-09T02:05:15.079+0000][1][safepoint    ] Application time: 1.0000768 seconds
[2019-12-09T02:05:15.079+0000][1][safepoint    ] Entering safepoint region: Cleanup
[2019-12-09T02:05:15.079+0000][1][safepoint    ] Leaving safepoint region
[2019-12-09T02:05:15.079+0000][1][safepoint    ] Total time for which application threads were stopped: 0.0000850 seconds, Stopping threads took: 0.0000180 seconds
[2019-12-09T02:05:17.080+0000][1][safepoint    ] Application time: 2.0008599 seconds
[2019-12-09T02:05:17.080+0000][1][safepoint    ] Entering safepoint region: Cleanup
[2019-12-09T02:05:17.080+0000][1][safepoint    ] Leaving safepoint region
[2019-12-09T02:05:17.080+0000][1][safepoint    ] Total time for which application threads were stopped: 0.0001041 seconds, Stopping threads took: 0.0000251 seconds
[2019-12-09T02:05:18.080+0000][1][safepoint    ] Application time: 1.0000775 seconds
[2019-12-09T02:05:18.080+0000][1][safepoint    ] Entering safepoint region: Cleanup
[2019-12-09T02:05:18.080+0000][1][safepoint    ] Leaving safepoint region
[2019-12-09T02:05:18.080+0000][1][safepoint    ] Total time for which application threads were stopped: 0.0000849 seconds, Stopping threads took: 0.0000175 seconds
[2019-12-09T02:05:19.080+0000][1][safepoint    ] Application time: 1.0000782 seconds
[2019-12-09T02:05:19.080+0000][1][safepoint    ] Entering safepoint region: Cleanup
[2019-12-09T02:05:19.080+0000][1][safepoint    ] Leaving safepoint region
[2019-12-09T02:05:19.080+0000][1][safepoint    ] Total time for which application threads were stopped: 0.0000871 seconds, Stopping threads took: 0.0000195 seconds
[2019-12-09T02:05:20.081+0000][1][safepoint    ] Application time: 1.0000771 seconds
[2019-12-09T02:05:20.081+0000][1][safepoint    ] Entering safepoint region: Cleanup
[2019-12-09T02:05:20.081+0000][1][safepoint    ] Leaving safepoint region
[2019-12-09T02:05:20.081+0000][1][safepoint    ] Total time for which application threads were stopped: 0.0000874 seconds, Stopping threads took: 0.0000195 seconds
[2019-12-09T02:05:21.081+0000][1][safepoint    ] Application time: 1.0002840 seconds
[2019-12-09T02:05:21.081+0000][1][safepoint    ] Entering safepoint region: Cleanup
[2019-12-09T02:05:21.081+0000][1][safepoint    ] Leaving safepoint region
[2019-12-09T02:05:21.081+0000][1][safepoint    ] Total time for which application threads were stopped: 0.0001347 seconds, Stopping threads took: 0.0000673 seconds
[2019-12-09T02:05:22.081+0000][1][safepoint    ] Application time: 1.0000897 seconds
[2019-12-09T02:05:22.081+0000][1][safepoint    ] Entering safepoint region: Cleanup
[2019-12-09T02:05:22.081+0000][1][safepoint    ] Leaving safepoint region
[2019-12-09T02:05:22.081+0000][1][safepoint    ] Total time for which application threads were stopped: 0.0001106 seconds, Stopping threads took: 0.0000241 seconds
[2019-12-09T02:05:23.081+0000][1][safepoint    ] Application time: 1.0000776 seconds
[2019-12-09T02:05:23.081+0000][1][safepoint    ] Entering safepoint region: Cleanup
[2019-12-09T02:05:23.082+0000][1][safepoint    ] Leaving safepoint region
[2019-12-09T02:05:23.082+0000][1][safepoint    ] Total time for which application threads were stopped: 0.0000888 seconds, Stopping threads took: 0.0000184 seconds
[2019-12-09T02:05:25.082+0000][1][safepoint    ] Application time: 2.0001427 seconds
[2019-12-09T02:05:25.082+0000][1][safepoint    ] Entering safepoint region: Cleanup
[2019-12-09T02:05:25.082+0000][1][safepoint    ] Leaving safepoint region
[2019-12-09T02:05:25.082+0000][1][safepoint    ] Total time for which application threads were stopped: 0.0000859 seconds, Stopping threads took: 0.0000199 seconds
[2019-12-09T02:05:26.082+0000][1][safepoint    ] Application time: 1.0000834 seconds
[2019-12-09T02:05:26.082+0000][1][safepoint    ] Entering safepoint region: Cleanup
[2019-12-09T02:05:26.082+0000][1][safepoint    ] Leaving safepoint region
[2019-12-09T02:05:26.082+0000][1][safepoint    ] Total time for which application threads were stopped: 0.0001399 seconds, Stopping threads took: 0.0000556 seconds
[2019-12-09T02:05:29.082+0000][1][safepoint    ] Application time: 3.0002152 seconds
[2019-12-09T02:05:29.082+0000][1][safepoint    ] Entering safepoint region: Cleanup
[2019-12-09T02:05:29.082+0000][1][safepoint    ] Leaving safepoint region
[2019-12-09T02:05:29.082+0000][1][safepoint    ] Total time for which application threads were stopped: 0.0000860 seconds, Stopping threads took: 0.0000178 seconds
[2019-12-09T02:05:30.083+0000][1][safepoint    ] Application time: 1.0000793 seconds
[2019-12-09T02:05:30.083+0000][1][safepoint    ] Entering safepoint region: Cleanup
[2019-12-09T02:05:30.083+0000][1][safepoint    ] Leaving safepoint region
[2019-12-09T02:05:30.083+0000][1][safepoint    ] Total time for which application threads were stopped: 0.0000847 seconds, Stopping threads took: 0.0000173 seconds
[2019-12-09T02:05:31.083+0000][1][safepoint    ] Application time: 1.0001438 seconds
[2019-12-09T02:05:31.083+0000][1][safepoint    ] Entering safepoint region: Cleanup
[2019-12-09T02:05:31.083+0000][1][safepoint    ] Leaving safepoint region
[2019-12-09T02:05:31.083+0000][1][safepoint    ] Total time for which application threads were stopped: 0.0000899 seconds, Stopping threads took: 0.0000245 seconds
[2019-12-09T02:05:32.083+0000][1][safepoint    ] Application time: 1.0000888 seconds
[2019-12-09T02:05:32.083+0000][1][safepoint    ] Entering safepoint region: Cleanup
[2019-12-09T02:05:32.083+0000][1][safepoint    ] Leaving safepoint region
[2019-12-09T02:05:32.083+0000][1][safepoint    ] Total time for which application threads were stopped: 0.0001071 seconds, Stopping threads took: 0.0000232 seconds
[2019-12-09T02:05:33.083+0000][1][safepoint    ] Application time: 1.0000780 seconds
[2019-12-09T02:05:33.083+0000][1][safepoint    ] Entering safepoint region: Cleanup
[2019-12-09T02:05:33.083+0000][1][safepoint    ] Leaving safepoint region
[2019-12-09T02:05:33.083+0000][1][safepoint    ] Total time for which application threads were stopped: 0.0000817 seconds, Stopping threads took: 0.0000179 seconds
[2019-12-09T02:05:34.083+0000][1][safepoint    ] Application time: 1.0000776 seconds
[2019-12-09T02:05:34.084+0000][1][safepoint    ] Entering safepoint region: Cleanup
[2019-12-09T02:05:34.084+0000][1][safepoint    ] Leaving safepoint region
[2019-12-09T02:05:34.084+0000][1][safepoint    ] Total time for which application threads were stopped: 0.0000975 seconds, Stopping threads took: 0.0000176 seconds
[2019-12-09T02:05:36.084+0000][1][safepoint    ] Application time: 2.0001705 seconds
[2019-12-09T02:05:36.084+0000][1][safepoint    ] Entering safepoint region: Cleanup
[2019-12-09T02:05:36.084+0000][1][safepoint    ] Leaving safepoint region
[2019-12-09T02:05:36.084+0000][1][safepoint    ] Total time for which application threads were stopped: 0.0001005 seconds, Stopping threads took: 0.0000234 seconds
[2019-12-09T02:05:37.084+0000][1][safepoint    ] Application time: 1.0000751 seconds
[2019-12-09T02:05:37.084+0000][1][safepoint    ] Entering safepoint region: Cleanup
[2019-12-09T02:05:37.084+0000][1][safepoint    ] Leaving safepoint region
[2019-12-09T02:05:37.084+0000][1][safepoint    ] Total time for which application threads were stopped: 0.0000812 seconds, Stopping threads took: 0.0000164 seconds
[2019-12-09T02:05:38.084+0000][1][safepoint    ] Application time: 1.0001904 seconds
[2019-12-09T02:05:38.084+0000][1][safepoint    ] Entering safepoint region: Cleanup
[2019-12-09T02:05:38.084+0000][1][safepoint    ] Leaving safepoint region
[2019-12-09T02:05:38.084+0000][1][safepoint    ] Total time for which application threads were stopped: 0.0001036 seconds, Stopping threads took: 0.0000230 seconds
[2019-12-09T02:05:41.085+0000][1][safepoint    ] Application time: 3.0006534 seconds
[2019-12-09T02:05:41.085+0000][1][safepoint    ] Entering safepoint region: Cleanup
[2019-12-09T02:05:41.085+0000][1][safepoint    ] Leaving safepoint region
[2019-12-09T02:05:41.085+0000][1][safepoint    ] Total time for which application threads were stopped: 0.0000731 seconds, Stopping threads took: 0.0000155 seconds
[2019-12-09T02:05:42.085+0000][1][safepoint    ] Application time: 1.0000824 seconds
[2019-12-09T02:05:42.085+0000][1][safepoint    ] Entering safepoint region: Cleanup
[2019-12-09T02:05:42.085+0000][1][safepoint    ] Leaving safepoint region
[2019-12-09T02:05:42.085+0000][1][safepoint    ] Total time for which application threads were stopped: 0.0000819 seconds, Stopping threads took: 0.0000177 seconds
[2019-12-09T02:05:43.086+0000][1][safepoint    ] Application time: 1.0000843 seconds
[2019-12-09T02:05:43.086+0000][1][safepoint    ] Entering safepoint region: Cleanup
[2019-12-09T02:05:43.086+0000][1][safepoint    ] Leaving safepoint region
[2019-12-09T02:05:43.086+0000][1][safepoint    ] Total time for which application threads were stopped: 0.0000971 seconds, Stopping threads took: 0.0000213 seconds
[2019-12-09T02:05:46.086+0000][1][safepoint    ] Application time: 3.0002111 seconds
[2019-12-09T02:05:46.086+0000][1][safepoint    ] Entering safepoint region: Cleanup
[2019-12-09T02:05:46.086+0000][1][safepoint    ] Leaving safepoint region
[2019-12-09T02:05:46.086+0000][1][safepoint    ] Total time for which application threads were stopped: 0.0000938 seconds, Stopping threads took: 0.0000189 seconds
[2019-12-09T02:05:47.087+0000][1][safepoint    ] Application time: 1.0006991 seconds
[2019-12-09T02:05:47.087+0000][1][safepoint    ] Entering safepoint region: Cleanup
[2019-12-09T02:05:47.087+0000][1][safepoint    ] Leaving safepoint region
[2019-12-09T02:05:47.087+0000][1][safepoint    ] Total time for which application threads were stopped: 0.0001082 seconds, Stopping threads took: 0.0000253 seconds
[2019-12-09T02:05:48.087+0000][1][safepoint    ] Application time: 1.0000809 seconds
[2019-12-09T02:05:48.087+0000][1][safepoint    ] Entering safepoint region: Cleanup
[2019-12-09T02:05:48.087+0000][1][safepoint    ] Leaving safepoint region
[2019-12-09T02:05:48.087+0000][1][safepoint    ] Total time for which application threads were stopped: 0.0000979 seconds, Stopping threads took: 0.0000207 seconds
[2019-12-09T02:05:49.087+0000][1][safepoint    ] Application time: 1.0000756 seconds
[2019-12-09T02:05:49.087+0000][1][safepoint    ] Entering safepoint region: Cleanup
[2019-12-09T02:05:49.087+0000][1][safepoint    ] Leaving safepoint region
[2019-12-09T02:05:49.087+0000][1][safepoint    ] Total time for which application threads were stopped: 0.0000828 seconds, Stopping threads took: 0.0000165 seconds
[2019-12-09T02:05:50.087+0000][1][safepoint    ] Application time: 1.0000765 seconds
[2019-12-09T02:05:50.087+0000][1][safepoint    ] Entering safepoint region: Cleanup
[2019-12-09T02:05:50.087+0000][1][safepoint    ] Leaving safepoint region
[2019-12-09T02:05:50.087+0000][1][safepoint    ] Total time for which application threads were stopped: 0.0000760 seconds, Stopping threads took: 0.0000160 seconds
[2019-12-09T02:05:52.088+0000][1][safepoint    ] Application time: 2.0001427 seconds
[2019-12-09T02:05:52.088+0000][1][safepoint    ] Entering safepoint region: Cleanup
[2019-12-09T02:05:52.088+0000][1][safepoint    ] Leaving safepoint region
[2019-12-09T02:05:52.088+0000][1][safepoint    ] Total time for which application threads were stopped: 0.0000841 seconds, Stopping threads took: 0.0000170 seconds
[2019-12-09T02:05:53.088+0000][1][safepoint    ] Application time: 1.0000749 seconds
[2019-12-09T02:05:53.088+0000][1][safepoint    ] Entering safepoint region: Cleanup
[2019-12-09T02:05:53.088+0000][1][safepoint    ] Leaving safepoint region
[2019-12-09T02:05:53.088+0000][1][safepoint    ] Total time for which application threads were stopped: 0.0000741 seconds, Stopping threads took: 0.0000154 seconds
[2019-12-09T02:05:54.088+0000][1][safepoint    ] Application time: 1.0000748 seconds
[2019-12-09T02:05:54.088+0000][1][safepoint    ] Entering safepoint region: Cleanup
[2019-12-09T02:05:54.088+0000][1][safepoint    ] Leaving safepoint region
[2019-12-09T02:05:54.088+0000][1][safepoint    ] Total time for which application threads were stopped: 0.0000775 seconds, Stopping threads took: 0.0000159 seconds
[2019-12-09T02:05:55.088+0000][1][safepoint    ] Application time: 1.0000761 seconds
[2019-12-09T02:05:55.088+0000][1][safepoint    ] Entering safepoint region: Cleanup
[2019-12-09T02:05:55.088+0000][1][safepoint    ] Leaving safepoint region
[2019-12-09T02:05:55.088+0000][1][safepoint    ] Total time for which application threads were stopped: 0.0000770 seconds, Stopping threads took: 0.0000166 seconds
[2019-12-09T02:05:58.088+0000][1][safepoint    ] Application time: 3.0002082 seconds
[2019-12-09T02:05:58.088+0000][1][safepoint    ] Entering safepoint region: Cleanup
[2019-12-09T02:05:58.089+0000][1][safepoint    ] Leaving safepoint region
[2019-12-09T02:05:58.089+0000][1][safepoint    ] Total time for which application threads were stopped: 0.0000734 seconds, Stopping threads took: 0.0000161 seconds
[2019-12-09T02:05:59.089+0000][1][safepoint    ] Application time: 1.0000760 seconds
[2019-12-09T02:05:59.089+0000][1][safepoint    ] Entering safepoint region: Cleanup
[2019-12-09T02:05:59.089+0000][1][safepoint    ] Leaving safepoint region
[2019-12-09T02:05:59.089+0000][1][safepoint    ] Total time for which application threads were stopped: 0.0000857 seconds, Stopping threads took: 0.0000154 seconds
[2019-12-09T02:06:02.089+0000][1][safepoint    ] Application time: 3.0002119 seconds
[2019-12-09T02:06:02.089+0000][1][safepoint    ] Entering safepoint region: Cleanup
[2019-12-09T02:06:02.089+0000][1][safepoint    ] Leaving safepoint region
[2019-12-09T02:06:02.089+0000][1][safepoint    ] Total time for which application threads were stopped: 0.0000846 seconds, Stopping threads took: 0.0000221 seconds
[2019-12-09T02:06:03.089+0000][1][safepoint    ] Application time: 1.0000795 seconds
[2019-12-09T02:06:03.089+0000][1][safepoint    ] Entering safepoint region: Cleanup
[2019-12-09T02:06:03.089+0000][1][safepoint    ] Leaving safepoint region
[2019-12-09T02:06:03.089+0000][1][safepoint    ] Total time for which application threads were stopped: 0.0000765 seconds, Stopping threads took: 0.0000173 seconds
[2019-12-09T02:06:04.089+0000][1][safepoint    ] Application time: 1.0000766 seconds
[2019-12-09T02:06:04.089+0000][1][safepoint    ] Entering safepoint region: Cleanup
[2019-12-09T02:06:04.089+0000][1][safepoint    ] Leaving safepoint region
[2019-12-09T02:06:04.089+0000][1][safepoint    ] Total time for which application threads were stopped: 0.0000838 seconds, Stopping threads took: 0.0000160 seconds
[2019-12-09T02:06:05.090+0000][1][safepoint    ] Application time: 1.0000768 seconds
[2019-12-09T02:06:05.090+0000][1][safepoint    ] Entering safepoint region: Cleanup
[2019-12-09T02:06:05.090+0000][1][safepoint    ] Leaving safepoint region
[2019-12-09T02:06:05.090+0000][1][safepoint    ] Total time for which application threads were stopped: 0.0000799 seconds, Stopping threads took: 0.0000165 seconds
[2019-12-09T02:06:06.090+0000][1][safepoint    ] Application time: 1.0000776 seconds
[2019-12-09T02:06:06.090+0000][1][safepoint    ] Entering safepoint region: Cleanup
[2019-12-09T02:06:06.090+0000][1][safepoint    ] Leaving safepoint region
[2019-12-09T02:06:06.090+0000][1][safepoint    ] Total time for which application threads were stopped: 0.0000906 seconds, Stopping threads took: 0.0000177 seconds
[2019-12-09T02:06:07.090+0000][1][safepoint    ] Application time: 1.0000753 seconds
[2019-12-09T02:06:07.090+0000][1][safepoint    ] Entering safepoint region: Cleanup
[2019-12-09T02:06:07.090+0000][1][safepoint    ] Leaving safepoint region
[2019-12-09T02:06:07.090+0000][1][safepoint    ] Total time for which application threads were stopped: 0.0000792 seconds, Stopping threads took: 0.0000164 seconds
[2019-12-09T02:06:09.090+0000][1][safepoint    ] Application time: 2.0001478 seconds
[2019-12-09T02:06:09.090+0000][1][safepoint    ] Entering safepoint region: Cleanup
[2019-12-09T02:06:09.090+0000][1][safepoint    ] Leaving safepoint region
[2019-12-09T02:06:09.090+0000][1][safepoint    ] Total time for which application threads were stopped: 0.0000777 seconds, Stopping threads took: 0.0000170 seconds
[2019-12-09T02:06:12.090+0000][1][safepoint    ] Application time: 3.0002134 seconds
[2019-12-09T02:06:12.091+0000][1][safepoint    ] Entering safepoint region: Cleanup
[2019-12-09T02:06:12.091+0000][1][safepoint    ] Leaving safepoint region
[2019-12-09T02:06:12.091+0000][1][safepoint    ] Total time for which application threads were stopped: 0.0000758 seconds, Stopping threads took: 0.0000162 seconds
[2019-12-09T02:06:13.091+0000][1][safepoint    ] Application time: 1.0000860 seconds
[2019-12-09T02:06:13.091+0000][1][safepoint    ] Entering safepoint region: Cleanup
[2019-12-09T02:06:13.091+0000][1][safepoint    ] Leaving safepoint region
[2019-12-09T02:06:13.091+0000][1][safepoint    ] Total time for which application threads were stopped: 0.0000761 seconds, Stopping threads took: 0.0000161 seconds
[2019-12-09T02:06:14.091+0000][1][safepoint    ] Application time: 1.0000801 seconds
[2019-12-09T02:06:14.091+0000][1][safepoint    ] Entering safepoint region: Cleanup
[2019-12-09T02:06:14.091+0000][1][safepoint    ] Leaving safepoint region
[2019-12-09T02:06:14.091+0000][1][safepoint    ] Total time for which application threads were stopped: 0.0000788 seconds, Stopping threads took: 0.0000169 seconds
[2019-12-09T02:06:15.091+0000][1][safepoint    ] Application time: 1.0003367 seconds
[2019-12-09T02:06:15.091+0000][1][safepoint    ] Entering safepoint region: Cleanup
[2019-12-09T02:06:15.091+0000][1][safepoint    ] Leaving safepoint region
[2019-12-09T02:06:15.091+0000][1][safepoint    ] Total time for which application threads were stopped: 0.0001054 seconds, Stopping threads took: 0.0000238 seconds
[2019-12-09T02:06:18.092+0000][1][safepoint    ] Application time: 3.0002091 seconds
[2019-12-09T02:06:18.092+0000][1][safepoint    ] Entering safepoint region: Cleanup
[2019-12-09T02:06:18.092+0000][1][safepoint    ] Leaving safepoint region
[2019-12-09T02:06:18.092+0000][1][safepoint    ] Total time for which application threads were stopped: 0.0000740 seconds, Stopping threads took: 0.0000151 seconds
[2019-12-09T02:06:19.092+0000][1][safepoint    ] Application time: 1.0000758 seconds
[2019-12-09T02:06:19.092+0000][1][safepoint    ] Entering safepoint region: Cleanup
[2019-12-09T02:06:19.092+0000][1][safepoint    ] Leaving safepoint region
[2019-12-09T02:06:19.092+0000][1][safepoint    ] Total time for which application threads were stopped: 0.0000767 seconds, Stopping threads took: 0.0000156 seconds
[2019-12-09T02:06:21.092+0000][1][safepoint    ] Application time: 2.0001393 seconds
[2019-12-09T02:06:21.092+0000][1][safepoint    ] Entering safepoint region: Cleanup
[2019-12-09T02:06:21.092+0000][1][safepoint    ] Leaving safepoint region
[2019-12-09T02:06:21.092+0000][1][safepoint    ] Total time for which application threads were stopped: 0.0000816 seconds, Stopping threads took: 0.0000211 seconds
[2019-12-09T02:06:22.092+0000][1][safepoint    ] Application time: 1.0000741 seconds
[2019-12-09T02:06:22.092+0000][1][safepoint    ] Entering safepoint region: Cleanup
[2019-12-09T02:06:22.092+0000][1][safepoint    ] Leaving safepoint region
[2019-12-09T02:06:22.092+0000][1][safepoint    ] Total time for which application threads were stopped: 0.0000786 seconds, Stopping threads took: 0.0000168 seconds
[2019-12-09T02:06:23.092+0000][1][safepoint    ] Application time: 1.0000738 seconds
[2019-12-09T02:06:23.093+0000][1][safepoint    ] Entering safepoint region: Cleanup
[2019-12-09T02:06:23.093+0000][1][safepoint    ] Leaving safepoint region
[2019-12-09T02:06:23.093+0000][1][safepoint    ] Total time for which application threads were stopped: 0.0000723 seconds, Stopping threads took: 0.0000146 seconds
[2019-12-09T02:06:25.093+0000][1][safepoint    ] Application time: 2.0001383 seconds
[2019-12-09T02:06:25.093+0000][1][safepoint    ] Entering safepoint region: Cleanup
[2019-12-09T02:06:25.093+0000][1][safepoint    ] Leaving safepoint region
[2019-12-09T02:06:25.093+0000][1][safepoint    ] Total time for which application threads were stopped: 0.0000740 seconds, Stopping threads took: 0.0000154 seconds
[2019-12-09T02:06:26.093+0000][1][safepoint    ] Application time: 1.0000750 seconds
[2019-12-09T02:06:26.093+0000][1][safepoint    ] Entering safepoint region: Cleanup
[2019-12-09T02:06:26.093+0000][1][safepoint    ] Leaving safepoint region
[2019-12-09T02:06:26.093+0000][1][safepoint    ] Total time for which application threads were stopped: 0.0000808 seconds, Stopping threads took: 0.0000160 seconds
[2019-12-09T02:06:28.093+0000][1][safepoint    ] Application time: 2.0001379 seconds
[2019-12-09T02:06:28.093+0000][1][safepoint    ] Entering safepoint region: Cleanup
[2019-12-09T02:06:28.093+0000][1][safepoint    ] Leaving safepoint region
[2019-12-09T02:06:28.093+0000][1][safepoint    ] Total time for which application threads were stopped: 0.0000758 seconds, Stopping threads took: 0.0000163 seconds
[2019-12-09T02:06:34.094+0000][1][safepoint    ] Application time: 6.0004070 seconds
[2019-12-09T02:06:34.094+0000][1][safepoint    ] Entering safepoint region: Cleanup
[2019-12-09T02:06:34.094+0000][1][safepoint    ] Leaving safepoint region
[2019-12-09T02:06:34.094+0000][1][safepoint    ] Total time for which application threads were stopped: 0.0000763 seconds, Stopping threads took: 0.0000168 seconds
[2019-12-09T02:06:35.094+0000][1][safepoint    ] Application time: 1.0000740 seconds
[2019-12-09T02:06:35.094+0000][1][safepoint    ] Entering safepoint region: Cleanup
[2019-12-09T02:06:35.094+0000][1][safepoint    ] Leaving safepoint region
[2019-12-09T02:06:35.094+0000][1][safepoint    ] Total time for which application threads were stopped: 0.0000741 seconds, Stopping threads took: 0.0000155 seconds
[2019-12-09T02:06:36.094+0000][1][safepoint    ] Application time: 1.0000742 seconds
[2019-12-09T02:06:36.094+0000][1][safepoint    ] Entering safepoint region: Cleanup
[2019-12-09T02:06:36.094+0000][1][safepoint    ] Leaving safepoint region
[2019-12-09T02:06:36.094+0000][1][safepoint    ] Total time for which application threads were stopped: 0.0000781 seconds, Stopping threads took: 0.0000167 seconds
[2019-12-09T02:06:37.094+0000][1][safepoint    ] Application time: 1.0000756 seconds
[2019-12-09T02:06:37.094+0000][1][safepoint    ] Entering safepoint region: Cleanup
[2019-12-09T02:06:37.094+0000][1][safepoint    ] Leaving safepoint region
[2019-12-09T02:06:37.094+0000][1][safepoint    ] Total time for which application threads were stopped: 0.0000776 seconds, Stopping threads took: 0.0000165 seconds
[2019-12-09T02:06:38.094+0000][1][safepoint    ] Application time: 1.0000758 seconds
[2019-12-09T02:06:38.094+0000][1][safepoint    ] Entering safepoint region: Cleanup
[2019-12-09T02:06:38.094+0000][1][safepoint    ] Leaving safepoint region
[2019-12-09T02:06:38.094+0000][1][safepoint    ] Total time for which application threads were stopped: 0.0000741 seconds, Stopping threads took: 0.0000157 seconds
[2019-12-09T02:06:39.095+0000][1][safepoint    ] Application time: 1.0000780 seconds
[2019-12-09T02:06:39.095+0000][1][safepoint    ] Entering safepoint region: Cleanup
[2019-12-09T02:06:39.095+0000][1][safepoint    ] Leaving safepoint region
[2019-12-09T02:06:39.095+0000][1][safepoint    ] Total time for which application threads were stopped: 0.0000755 seconds, Stopping threads took: 0.0000170 seconds
[2019-12-09T02:06:49.095+0000][1][safepoint    ] Application time: 10.0006882 seconds
[2019-12-09T02:06:49.095+0000][1][safepoint    ] Entering safepoint region: Cleanup
[2019-12-09T02:06:49.095+0000][1][safepoint    ] Leaving safepoint region
[2019-12-09T02:06:49.095+0000][1][safepoint    ] Total time for which application threads were stopped: 0.0000794 seconds, Stopping threads took: 0.0000156 seconds
[2019-12-09T02:06:51.096+0000][1][safepoint    ] Application time: 2.0001433 seconds
[2019-12-09T02:06:51.096+0000][1][safepoint    ] Entering safepoint region: Cleanup
[2019-12-09T02:06:51.096+0000][1][safepoint    ] Leaving safepoint region
[2019-12-09T02:06:51.096+0000][1][safepoint    ] Total time for which application threads were stopped: 0.0000960 seconds, Stopping threads took: 0.0000212 seconds
[2019-12-09T02:06:52.096+0000][1][safepoint    ] Application time: 1.0000783 seconds
[2019-12-09T02:06:52.096+0000][1][safepoint    ] Entering safepoint region: Cleanup
[2019-12-09T02:06:52.096+0000][1][safepoint    ] Leaving safepoint region
[2019-12-09T02:06:52.096+0000][1][safepoint    ] Total time for which application threads were stopped: 0.0000753 seconds, Stopping threads took: 0.0000159 seconds
[2019-12-09T02:06:55.096+0000][1][safepoint    ] Application time: 3.0002161 seconds
[2019-12-09T02:06:55.096+0000][1][safepoint    ] Entering safepoint region: Cleanup
[2019-12-09T02:06:55.096+0000][1][safepoint    ] Leaving safepoint region
[2019-12-09T02:06:55.096+0000][1][safepoint    ] Total time for which application threads were stopped: 0.0000767 seconds, Stopping threads took: 0.0000170 seconds
[2019-12-09T02:06:56.096+0000][1][safepoint    ] Application time: 1.0000793 seconds
[2019-12-09T02:06:56.096+0000][1][safepoint    ] Entering safepoint region: Cleanup
[2019-12-09T02:06:56.096+0000][1][safepoint    ] Leaving safepoint region
[2019-12-09T02:06:56.096+0000][1][safepoint    ] Total time for which application threads were stopped: 0.0000755 seconds, Stopping threads took: 0.0000166 seconds
[2019-12-09T02:06:57.096+0000][1][safepoint    ] Application time: 1.0000781 seconds
[2019-12-09T02:06:57.097+0000][1][safepoint    ] Entering safepoint region: Cleanup
[2019-12-09T02:06:57.097+0000][1][safepoint    ] Leaving safepoint region
[2019-12-09T02:06:57.097+0000][1][safepoint    ] Total time for which application threads were stopped: 0.0000757 seconds, Stopping threads took: 0.0000154 seconds
[2019-12-09T02:07:00.097+0000][1][safepoint    ] Application time: 3.0002124 seconds
[2019-12-09T02:07:00.097+0000][1][safepoint    ] Entering safepoint region: Cleanup
[2019-12-09T02:07:00.097+0000][1][safepoint    ] Leaving safepoint region
[2019-12-09T02:07:00.097+0000][1][safepoint    ] Total time for which application threads were stopped: 0.0000793 seconds, Stopping threads took: 0.0000168 seconds
[2019-12-09T02:07:01.130+0000][1][safepoint    ] Application time: 1.0325982 seconds
[2019-12-09T02:07:01.130+0000][1][safepoint    ] Entering safepoint region: GenCollectForAllocation
[2019-12-09T02:07:01.130+0000][1][gc,start     ] GC(24) Pause Young (Allocation Failure)
[2019-12-09T02:07:01.130+0000][1][gc,task      ] GC(24) Using 2 workers of 2 for evacuation
[2019-12-09T02:07:01.147+0000][1][gc,age       ] GC(24) Desired survivor size 4456448 bytes, new threshold 6 (max threshold 6)
[2019-12-09T02:07:01.147+0000][1][gc,age       ] GC(24) Age table with threshold 6 (max threshold 6)
[2019-12-09T02:07:01.147+0000][1][gc,age       ] GC(24) - age   1:      29208 bytes,      29208 total
[2019-12-09T02:07:01.147+0000][1][gc,age       ] GC(24) - age   2:    1830560 bytes,    1859768 total
[2019-12-09T02:07:01.147+0000][1][gc,heap      ] GC(24) ParNew: 76484K->5638K(78656K)
[2019-12-09T02:07:01.147+0000][1][gc,heap      ] GC(24) CMS: 64128K->67790K(174784K)
[2019-12-09T02:07:01.147+0000][1][gc,metaspace ] GC(24) Metaspace: 68543K->68543K(1112064K)
[2019-12-09T02:07:01.147+0000][1][gc           ] GC(24) Pause Young (Allocation Failure) 137M->71M(247M) 17.245ms
[2019-12-09T02:07:01.147+0000][1][gc,cpu       ] GC(24) User=0.03s Sys=0.00s Real=0.02s
[2019-12-09T02:07:01.147+0000][1][safepoint    ] Leaving safepoint region
[2019-12-09T02:07:01.147+0000][1][safepoint    ] Total time for which application threads were stopped: 0.0173978 seconds, Stopping threads took: 0.0000160 seconds
[2019-12-09T02:07:02.147+0000][1][safepoint    ] Application time: 1.0001087 seconds
[2019-12-09T02:07:02.147+0000][1][safepoint    ] Entering safepoint region: Cleanup
[2019-12-09T02:07:02.147+0000][1][safepoint    ] Leaving safepoint region
[2019-12-09T02:07:02.147+0000][1][safepoint    ] Total time for which application threads were stopped: 0.0001177 seconds, Stopping threads took: 0.0000255 seconds
[2019-12-09T02:07:04.147+0000][1][safepoint    ] Application time: 2.0001455 seconds
[2019-12-09T02:07:04.147+0000][1][safepoint    ] Entering safepoint region: Cleanup
[2019-12-09T02:07:04.148+0000][1][safepoint    ] Leaving safepoint region
[2019-12-09T02:07:04.148+0000][1][safepoint    ] Total time for which application threads were stopped: 0.0000806 seconds, Stopping threads took: 0.0000181 seconds
[2019-12-09T02:07:06.148+0000][1][safepoint    ] Application time: 2.0001425 seconds
[2019-12-09T02:07:06.148+0000][1][safepoint    ] Entering safepoint region: Cleanup
[2019-12-09T02:07:06.148+0000][1][safepoint    ] Leaving safepoint region
[2019-12-09T02:07:06.148+0000][1][safepoint    ] Total time for which application threads were stopped: 0.0000859 seconds, Stopping threads took: 0.0000174 seconds
[2019-12-09T02:07:08.148+0000][1][safepoint    ] Application time: 2.0001408 seconds
[2019-12-09T02:07:08.148+0000][1][safepoint    ] Entering safepoint region: Cleanup
[2019-12-09T02:07:08.148+0000][1][safepoint    ] Leaving safepoint region
[2019-12-09T02:07:08.148+0000][1][safepoint    ] Total time for which application threads were stopped: 0.0000937 seconds, Stopping threads took: 0.0000280 seconds
[2019-12-09T02:07:11.148+0000][1][safepoint    ] Application time: 3.0002077 seconds
[2019-12-09T02:07:11.148+0000][1][safepoint    ] Entering safepoint region: Cleanup
[2019-12-09T02:07:11.148+0000][1][safepoint    ] Leaving safepoint region
[2019-12-09T02:07:11.148+0000][1][safepoint    ] Total time for which application threads were stopped: 0.0000787 seconds, Stopping threads took: 0.0000166 seconds
[2019-12-09T02:07:12.148+0000][1][safepoint    ] Application time: 1.0000773 seconds
[2019-12-09T02:07:12.149+0000][1][safepoint    ] Entering safepoint region: Cleanup
[2019-12-09T02:07:12.149+0000][1][safepoint    ] Leaving safepoint region
[2019-12-09T02:07:12.149+0000][1][safepoint    ] Total time for which application threads were stopped: 0.0000842 seconds, Stopping threads took: 0.0000186 seconds
[2019-12-09T02:07:15.149+0000][1][safepoint    ] Application time: 3.0002090 seconds
[2019-12-09T02:07:15.149+0000][1][safepoint    ] Entering safepoint region: Cleanup
[2019-12-09T02:07:15.149+0000][1][safepoint    ] Leaving safepoint region
[2019-12-09T02:07:15.149+0000][1][safepoint    ] Total time for which application threads were stopped: 0.0000766 seconds, Stopping threads took: 0.0000169 seconds
[2019-12-09T02:07:16.149+0000][1][safepoint    ] Application time: 1.0000801 seconds
[2019-12-09T02:07:16.149+0000][1][safepoint    ] Entering safepoint region: Cleanup
[2019-12-09T02:07:16.149+0000][1][safepoint    ] Leaving safepoint region
[2019-12-09T02:07:16.149+0000][1][safepoint    ] Total time for which application threads were stopped: 0.0000784 seconds, Stopping threads took: 0.0000188 seconds
[2019-12-09T02:07:17.149+0000][1][safepoint    ] Application time: 1.0000780 seconds
[2019-12-09T02:07:17.149+0000][1][safepoint    ] Entering safepoint region: Cleanup
[2019-12-09T02:07:17.149+0000][1][safepoint    ] Leaving safepoint region
[2019-12-09T02:07:17.149+0000][1][safepoint    ] Total time for which application threads were stopped: 0.0000781 seconds, Stopping threads took: 0.0000185 seconds
[2019-12-09T02:07:18.149+0000][1][safepoint    ] Application time: 1.0000783 seconds
[2019-12-09T02:07:18.149+0000][1][safepoint    ] Entering safepoint region: Cleanup
[2019-12-09T02:07:18.150+0000][1][safepoint    ] Leaving safepoint region
[2019-12-09T02:07:18.150+0000][1][safepoint    ] Total time for which application threads were stopped: 0.0000727 seconds, Stopping threads took: 0.0000162 seconds
[2019-12-09T02:07:19.150+0000][1][safepoint    ] Application time: 1.0000791 seconds
[2019-12-09T02:07:19.150+0000][1][safepoint    ] Entering safepoint region: Cleanup
[2019-12-09T02:07:19.150+0000][1][safepoint    ] Leaving safepoint region
[2019-12-09T02:07:19.150+0000][1][safepoint    ] Total time for which application threads were stopped: 0.0000884 seconds, Stopping threads took: 0.0000310 seconds
[2019-12-09T02:07:20.150+0000][1][safepoint    ] Application time: 1.0000776 seconds
[2019-12-09T02:07:20.150+0000][1][safepoint    ] Entering safepoint region: Cleanup
[2019-12-09T02:07:20.150+0000][1][safepoint    ] Leaving safepoint region
[2019-12-09T02:07:20.150+0000][1][safepoint    ] Total time for which application threads were stopped: 0.0000729 seconds, Stopping threads took: 0.0000161 seconds
[2019-12-09T02:07:21.150+0000][1][safepoint    ] Application time: 1.0000755 seconds
[2019-12-09T02:07:21.150+0000][1][safepoint    ] Entering safepoint region: Cleanup
[2019-12-09T02:07:21.150+0000][1][safepoint    ] Leaving safepoint region
[2019-12-09T02:07:21.150+0000][1][safepoint    ] Total time for which application threads were stopped: 0.0000904 seconds, Stopping threads took: 0.0000259 seconds
[2019-12-09T02:07:22.150+0000][1][safepoint    ] Application time: 1.0000768 seconds
[2019-12-09T02:07:22.150+0000][1][safepoint    ] Entering safepoint region: Cleanup
[2019-12-09T02:07:22.150+0000][1][safepoint    ] Leaving safepoint region
[2019-12-09T02:07:22.150+0000][1][safepoint    ] Total time for which application threads were stopped: 0.0000883 seconds, Stopping threads took: 0.0000175 seconds
[2019-12-09T02:07:23.150+0000][1][safepoint    ] Application time: 1.0000762 seconds
[2019-12-09T02:07:23.151+0000][1][safepoint    ] Entering safepoint region: Cleanup
[2019-12-09T02:07:23.151+0000][1][safepoint    ] Leaving safepoint region
[2019-12-09T02:07:23.151+0000][1][safepoint    ] Total time for which application threads were stopped: 0.0000791 seconds, Stopping threads took: 0.0000201 seconds
[2019-12-09T02:07:24.151+0000][1][safepoint    ] Application time: 1.0000783 seconds
[2019-12-09T02:07:24.151+0000][1][safepoint    ] Entering safepoint region: Cleanup
[2019-12-09T02:07:24.151+0000][1][safepoint    ] Leaving safepoint region
[2019-12-09T02:07:24.151+0000][1][safepoint    ] Total time for which application threads were stopped: 0.0001034 seconds, Stopping threads took: 0.0000206 seconds
[2019-12-09T02:07:25.151+0000][1][safepoint    ] Application time: 1.0000799 seconds
[2019-12-09T02:07:25.151+0000][1][safepoint    ] Entering safepoint region: Cleanup
[2019-12-09T02:07:25.151+0000][1][safepoint    ] Leaving safepoint region
[2019-12-09T02:07:25.151+0000][1][safepoint    ] Total time for which application threads were stopped: 0.0000823 seconds, Stopping threads took: 0.0000188 seconds
[2019-12-09T02:07:26.151+0000][1][safepoint    ] Application time: 1.0000521 seconds
[2019-12-09T02:07:26.151+0000][1][safepoint    ] Entering safepoint region: Cleanup
[2019-12-09T02:07:26.151+0000][1][safepoint    ] Leaving safepoint region
[2019-12-09T02:07:26.151+0000][1][safepoint    ] Total time for which application threads were stopped: 0.0000769 seconds, Stopping threads took: 0.0000181 seconds
[2019-12-09T02:07:27.151+0000][1][safepoint    ] Application time: 1.0000765 seconds
[2019-12-09T02:07:27.151+0000][1][safepoint    ] Entering safepoint region: Cleanup
[2019-12-09T02:07:27.151+0000][1][safepoint    ] Leaving safepoint region
[2019-12-09T02:07:27.151+0000][1][safepoint    ] Total time for which application threads were stopped: 0.0000852 seconds, Stopping threads took: 0.0000191 seconds
[2019-12-09T02:07:28.152+0000][1][safepoint    ] Application time: 1.0000766 seconds
[2019-12-09T02:07:28.152+0000][1][safepoint    ] Entering safepoint region: Cleanup
[2019-12-09T02:07:28.152+0000][1][safepoint    ] Leaving safepoint region
[2019-12-09T02:07:28.152+0000][1][safepoint    ] Total time for which application threads were stopped: 0.0000764 seconds, Stopping threads took: 0.0000183 seconds
[2019-12-09T02:07:29.152+0000][1][safepoint    ] Application time: 1.0000392 seconds
[2019-12-09T02:07:29.152+0000][1][safepoint    ] Entering safepoint region: Cleanup
[2019-12-09T02:07:29.152+0000][1][safepoint    ] Leaving safepoint region
[2019-12-09T02:07:29.152+0000][1][safepoint    ] Total time for which application threads were stopped: 0.0000780 seconds, Stopping threads took: 0.0000175 seconds
[2019-12-09T02:07:30.152+0000][1][safepoint    ] Application time: 1.0000736 seconds
[2019-12-09T02:07:30.152+0000][1][safepoint    ] Entering safepoint region: Cleanup
[2019-12-09T02:07:30.152+0000][1][safepoint    ] Leaving safepoint region
[2019-12-09T02:07:30.152+0000][1][safepoint    ] Total time for which application threads were stopped: 0.0000827 seconds, Stopping threads took: 0.0000168 seconds
[2019-12-09T02:07:31.152+0000][1][safepoint    ] Application time: 1.0000766 seconds
[2019-12-09T02:07:31.152+0000][1][safepoint    ] Entering safepoint region: Cleanup
[2019-12-09T02:07:31.152+0000][1][safepoint    ] Leaving safepoint region
[2019-12-09T02:07:31.152+0000][1][safepoint    ] Total time for which application threads were stopped: 0.0000780 seconds, Stopping threads took: 0.0000176 seconds
[2019-12-09T02:07:32.152+0000][1][safepoint    ] Application time: 1.0000777 seconds
[2019-12-09T02:07:32.152+0000][1][safepoint    ] Entering safepoint region: Cleanup
[2019-12-09T02:07:32.152+0000][1][safepoint    ] Leaving safepoint region
[2019-12-09T02:07:32.152+0000][1][safepoint    ] Total time for which application threads were stopped: 0.0000751 seconds, Stopping threads took: 0.0000178 seconds
[2019-12-09T02:07:33.152+0000][1][safepoint    ] Application time: 1.0000750 seconds
[2019-12-09T02:07:33.153+0000][1][safepoint    ] Entering safepoint region: Cleanup
[2019-12-09T02:07:33.153+0000][1][safepoint    ] Leaving safepoint region
[2019-12-09T02:07:33.153+0000][1][safepoint    ] Total time for which application threads were stopped: 0.0000735 seconds, Stopping threads took: 0.0000163 seconds
[2019-12-09T02:07:34.153+0000][1][safepoint    ] Application time: 1.0000756 seconds
[2019-12-09T02:07:34.153+0000][1][safepoint    ] Entering safepoint region: Cleanup
[2019-12-09T02:07:34.153+0000][1][safepoint    ] Leaving safepoint region
[2019-12-09T02:07:34.153+0000][1][safepoint    ] Total time for which application threads were stopped: 0.0000767 seconds, Stopping threads took: 0.0000180 seconds
[2019-12-09T02:07:35.153+0000][1][safepoint    ] Application time: 1.0000768 seconds
[2019-12-09T02:07:35.153+0000][1][safepoint    ] Entering safepoint region: Cleanup
[2019-12-09T02:07:35.153+0000][1][safepoint    ] Leaving safepoint region
[2019-12-09T02:07:35.153+0000][1][safepoint    ] Total time for which application threads were stopped: 0.0000769 seconds, Stopping threads took: 0.0000179 seconds
[2019-12-09T02:07:36.153+0000][1][safepoint    ] Application time: 1.0000771 seconds
[2019-12-09T02:07:36.153+0000][1][safepoint    ] Entering safepoint region: Cleanup
[2019-12-09T02:07:36.153+0000][1][safepoint    ] Leaving safepoint region
[2019-12-09T02:07:36.153+0000][1][safepoint    ] Total time for which application threads were stopped: 0.0000867 seconds, Stopping threads took: 0.0000239 seconds
[2019-12-09T02:07:37.153+0000][1][safepoint    ] Application time: 1.0000767 seconds
[2019-12-09T02:07:37.153+0000][1][safepoint    ] Entering safepoint region: Cleanup
[2019-12-09T02:07:37.153+0000][1][safepoint    ] Leaving safepoint region
[2019-12-09T02:07:37.153+0000][1][safepoint    ] Total time for which application threads were stopped: 0.0000778 seconds, Stopping threads took: 0.0000181 seconds
[2019-12-09T02:07:38.153+0000][1][safepoint    ] Application time: 1.0000759 seconds
[2019-12-09T02:07:38.154+0000][1][safepoint    ] Entering safepoint region: Cleanup
[2019-12-09T02:07:38.154+0000][1][safepoint    ] Leaving safepoint region
[2019-12-09T02:07:38.154+0000][1][safepoint    ] Total time for which application threads were stopped: 0.0000777 seconds, Stopping threads took: 0.0000181 seconds
[2019-12-09T02:07:39.154+0000][1][safepoint    ] Application time: 1.0000752 seconds
[2019-12-09T02:07:39.154+0000][1][safepoint    ] Entering safepoint region: Cleanup
[2019-12-09T02:07:39.154+0000][1][safepoint    ] Leaving safepoint region
[2019-12-09T02:07:39.154+0000][1][safepoint    ] Total time for which application threads were stopped: 0.0000752 seconds, Stopping threads took: 0.0000173 seconds
[2019-12-09T02:07:40.154+0000][1][safepoint    ] Application time: 1.0000759 seconds
[2019-12-09T02:07:40.154+0000][1][safepoint    ] Entering safepoint region: Cleanup
[2019-12-09T02:07:40.154+0000][1][safepoint    ] Leaving safepoint region
[2019-12-09T02:07:40.154+0000][1][safepoint    ] Total time for which application threads were stopped: 0.0000858 seconds, Stopping threads took: 0.0000197 seconds
[2019-12-09T02:07:41.154+0000][1][safepoint    ] Application time: 1.0000772 seconds
[2019-12-09T02:07:41.154+0000][1][safepoint    ] Entering safepoint region: Cleanup
[2019-12-09T02:07:41.154+0000][1][safepoint    ] Leaving safepoint region
[2019-12-09T02:07:41.154+0000][1][safepoint    ] Total time for which application threads were stopped: 0.0000777 seconds, Stopping threads took: 0.0000178 seconds
[2019-12-09T02:07:42.154+0000][1][safepoint    ] Application time: 1.0000774 seconds
[2019-12-09T02:07:42.154+0000][1][safepoint    ] Entering safepoint region: Cleanup
[2019-12-09T02:07:42.154+0000][1][safepoint    ] Leaving safepoint region
[2019-12-09T02:07:42.154+0000][1][safepoint    ] Total time for which application threads were stopped: 0.0000769 seconds, Stopping threads took: 0.0000171 seconds
[2019-12-09T02:07:43.154+0000][1][safepoint    ] Application time: 1.0000759 seconds
[2019-12-09T02:07:43.155+0000][1][safepoint    ] Entering safepoint region: Cleanup
[2019-12-09T02:07:43.155+0000][1][safepoint    ] Leaving safepoint region
[2019-12-09T02:07:43.155+0000][1][safepoint    ] Total time for which application threads were stopped: 0.0000773 seconds, Stopping threads took: 0.0000162 seconds
[2019-12-09T02:07:44.155+0000][1][safepoint    ] Application time: 1.0000853 seconds
[2019-12-09T02:07:44.155+0000][1][safepoint    ] Entering safepoint region: Cleanup
[2019-12-09T02:07:44.155+0000][1][safepoint    ] Leaving safepoint region
[2019-12-09T02:07:44.155+0000][1][safepoint    ] Total time for which application threads were stopped: 0.0000770 seconds, Stopping threads took: 0.0000187 seconds
[2019-12-09T02:07:45.155+0000][1][safepoint    ] Application time: 1.0000785 seconds
[2019-12-09T02:07:45.155+0000][1][safepoint    ] Entering safepoint region: Cleanup
[2019-12-09T02:07:45.155+0000][1][safepoint    ] Leaving safepoint region
[2019-12-09T02:07:45.155+0000][1][safepoint    ] Total time for which application threads were stopped: 0.0000766 seconds, Stopping threads took: 0.0000173 seconds
[2019-12-09T02:07:46.155+0000][1][safepoint    ] Application time: 1.0000750 seconds
[2019-12-09T02:07:46.155+0000][1][safepoint    ] Entering safepoint region: Cleanup
[2019-12-09T02:07:46.155+0000][1][safepoint    ] Leaving safepoint region
[2019-12-09T02:07:46.155+0000][1][safepoint    ] Total time for which application threads were stopped: 0.0000818 seconds, Stopping threads took: 0.0000240 seconds
[2019-12-09T02:07:47.155+0000][1][safepoint    ] Application time: 1.0000807 seconds
[2019-12-09T02:07:47.155+0000][1][safepoint    ] Entering safepoint region: Cleanup
[2019-12-09T02:07:47.155+0000][1][safepoint    ] Leaving safepoint region
[2019-12-09T02:07:47.155+0000][1][safepoint    ] Total time for which application threads were stopped: 0.0001051 seconds, Stopping threads took: 0.0000233 seconds
[2019-12-09T02:07:48.156+0000][1][safepoint    ] Application time: 1.0000755 seconds
[2019-12-09T02:07:48.156+0000][1][safepoint    ] Entering safepoint region: Cleanup
[2019-12-09T02:07:48.156+0000][1][safepoint    ] Leaving safepoint region
[2019-12-09T02:07:48.156+0000][1][safepoint    ] Total time for which application threads were stopped: 0.0000863 seconds, Stopping threads took: 0.0000186 seconds
[2019-12-09T02:07:49.156+0000][1][safepoint    ] Application time: 1.0000747 seconds
[2019-12-09T02:07:49.156+0000][1][safepoint    ] Entering safepoint region: Cleanup
[2019-12-09T02:07:49.156+0000][1][safepoint    ] Leaving safepoint region
[2019-12-09T02:07:49.156+0000][1][safepoint    ] Total time for which application threads were stopped: 0.0000749 seconds, Stopping threads took: 0.0000174 seconds
[2019-12-09T02:07:50.156+0000][1][safepoint    ] Application time: 1.0000741 seconds
[2019-12-09T02:07:50.156+0000][1][safepoint    ] Entering safepoint region: Cleanup
[2019-12-09T02:07:50.156+0000][1][safepoint    ] Leaving safepoint region
[2019-12-09T02:07:50.156+0000][1][safepoint    ] Total time for which application threads were stopped: 0.0000786 seconds, Stopping threads took: 0.0000191 seconds
[2019-12-09T02:07:51.156+0000][1][safepoint    ] Application time: 1.0000766 seconds
[2019-12-09T02:07:51.156+0000][1][safepoint    ] Entering safepoint region: Cleanup
[2019-12-09T02:07:51.156+0000][1][safepoint    ] Leaving safepoint region
[2019-12-09T02:07:51.156+0000][1][safepoint    ] Total time for which application threads were stopped: 0.0000843 seconds, Stopping threads took: 0.0000253 seconds
[2019-12-09T02:07:52.156+0000][1][safepoint    ] Application time: 1.0000765 seconds
[2019-12-09T02:07:52.156+0000][1][safepoint    ] Entering safepoint region: Cleanup
[2019-12-09T02:07:52.156+0000][1][safepoint    ] Leaving safepoint region
[2019-12-09T02:07:52.156+0000][1][safepoint    ] Total time for which application threads were stopped: 0.0000768 seconds, Stopping threads took: 0.0000173 seconds
[2019-12-09T02:07:53.157+0000][1][safepoint    ] Application time: 1.0000761 seconds
[2019-12-09T02:07:53.157+0000][1][safepoint    ] Entering safepoint region: Cleanup
[2019-12-09T02:07:53.157+0000][1][safepoint    ] Leaving safepoint region
[2019-12-09T02:07:53.157+0000][1][safepoint    ] Total time for which application threads were stopped: 0.0000774 seconds, Stopping threads took: 0.0000174 seconds
[2019-12-09T02:07:54.157+0000][1][safepoint    ] Application time: 1.0000761 seconds
[2019-12-09T02:07:54.157+0000][1][safepoint    ] Entering safepoint region: Cleanup
[2019-12-09T02:07:54.157+0000][1][safepoint    ] Leaving safepoint region
[2019-12-09T02:07:54.157+0000][1][safepoint    ] Total time for which application threads were stopped: 0.0000740 seconds, Stopping threads took: 0.0000169 seconds
[2019-12-09T02:07:55.157+0000][1][safepoint    ] Application time: 1.0000767 seconds
[2019-12-09T02:07:55.157+0000][1][safepoint    ] Entering safepoint region: Cleanup
[2019-12-09T02:07:55.157+0000][1][safepoint    ] Leaving safepoint region
[2019-12-09T02:07:55.157+0000][1][safepoint    ] Total time for which application threads were stopped: 0.0000822 seconds, Stopping threads took: 0.0000176 seconds
[2019-12-09T02:07:56.157+0000][1][safepoint    ] Application time: 1.0000784 seconds
[2019-12-09T02:07:56.157+0000][1][safepoint    ] Entering safepoint region: Cleanup
[2019-12-09T02:07:56.157+0000][1][safepoint    ] Leaving safepoint region
[2019-12-09T02:07:56.157+0000][1][safepoint    ] Total time for which application threads were stopped: 0.0000816 seconds, Stopping threads took: 0.0000228 seconds
[2019-12-09T02:07:57.157+0000][1][safepoint    ] Application time: 1.0000757 seconds
[2019-12-09T02:07:57.157+0000][1][safepoint    ] Entering safepoint region: Cleanup
[2019-12-09T02:07:57.157+0000][1][safepoint    ] Leaving safepoint region
[2019-12-09T02:07:57.157+0000][1][safepoint    ] Total time for which application threads were stopped: 0.0000826 seconds, Stopping threads took: 0.0000179 seconds
[2019-12-09T02:07:58.158+0000][1][safepoint    ] Application time: 1.0000776 seconds
[2019-12-09T02:07:58.158+0000][1][safepoint    ] Entering safepoint region: Cleanup
[2019-12-09T02:07:58.158+0000][1][safepoint    ] Leaving safepoint region
[2019-12-09T02:07:58.158+0000][1][safepoint    ] Total time for which application threads were stopped: 0.0000751 seconds, Stopping threads took: 0.0000168 seconds
[2019-12-09T02:07:59.158+0000][1][safepoint    ] Application time: 1.0000746 seconds
[2019-12-09T02:07:59.158+0000][1][safepoint    ] Entering safepoint region: Cleanup
[2019-12-09T02:07:59.158+0000][1][safepoint    ] Leaving safepoint region
[2019-12-09T02:07:59.158+0000][1][safepoint    ] Total time for which application threads were stopped: 0.0000755 seconds, Stopping threads took: 0.0000165 seconds
[2019-12-09T02:08:00.158+0000][1][safepoint    ] Application time: 1.0000778 seconds
[2019-12-09T02:08:00.158+0000][1][safepoint    ] Entering safepoint region: Cleanup
[2019-12-09T02:08:00.158+0000][1][safepoint    ] Leaving safepoint region
[2019-12-09T02:08:00.158+0000][1][safepoint    ] Total time for which application threads were stopped: 0.0000753 seconds, Stopping threads took: 0.0000177 seconds
[2019-12-09T02:08:01.158+0000][1][safepoint    ] Application time: 1.0000812 seconds
[2019-12-09T02:08:01.158+0000][1][safepoint    ] Entering safepoint region: Cleanup
[2019-12-09T02:08:01.158+0000][1][safepoint    ] Leaving safepoint region
[2019-12-09T02:08:01.158+0000][1][safepoint    ] Total time for which application threads were stopped: 0.0001079 seconds, Stopping threads took: 0.0000231 seconds
[2019-12-09T02:08:02.158+0000][1][safepoint    ] Application time: 1.0000757 seconds
[2019-12-09T02:08:02.158+0000][1][safepoint    ] Entering safepoint region: Cleanup
[2019-12-09T02:08:02.158+0000][1][safepoint    ] Leaving safepoint region
[2019-12-09T02:08:02.158+0000][1][safepoint    ] Total time for which application threads were stopped: 0.0000782 seconds, Stopping threads took: 0.0000186 seconds
[2019-12-09T02:08:03.159+0000][1][safepoint    ] Application time: 1.0000770 seconds
[2019-12-09T02:08:03.159+0000][1][safepoint    ] Entering safepoint region: Cleanup
[2019-12-09T02:08:03.159+0000][1][safepoint    ] Leaving safepoint region
[2019-12-09T02:08:03.159+0000][1][safepoint    ] Total time for which application threads were stopped: 0.0000778 seconds, Stopping threads took: 0.0000178 seconds
[2019-12-09T02:08:04.159+0000][1][safepoint    ] Application time: 1.0000773 seconds
[2019-12-09T02:08:04.159+0000][1][safepoint    ] Entering safepoint region: Cleanup
[2019-12-09T02:08:04.159+0000][1][safepoint    ] Leaving safepoint region
[2019-12-09T02:08:04.159+0000][1][safepoint    ] Total time for which application threads were stopped: 0.0000777 seconds, Stopping threads took: 0.0000177 seconds
[2019-12-09T02:08:05.159+0000][1][safepoint    ] Application time: 1.0000771 seconds
[2019-12-09T02:08:05.159+0000][1][safepoint    ] Entering safepoint region: Cleanup
[2019-12-09T02:08:05.159+0000][1][safepoint    ] Leaving safepoint region
[2019-12-09T02:08:05.159+0000][1][safepoint    ] Total time for which application threads were stopped: 0.0000910 seconds, Stopping threads took: 0.0000171 seconds
[2019-12-09T02:08:06.159+0000][1][safepoint    ] Application time: 1.0000789 seconds
[2019-12-09T02:08:06.159+0000][1][safepoint    ] Entering safepoint region: Cleanup
[2019-12-09T02:08:06.159+0000][1][safepoint    ] Leaving safepoint region
[2019-12-09T02:08:06.159+0000][1][safepoint    ] Total time for which application threads were stopped: 0.0001011 seconds, Stopping threads took: 0.0000183 seconds
[2019-12-09T02:08:07.159+0000][1][safepoint    ] Application time: 1.0000745 seconds
[2019-12-09T02:08:07.159+0000][1][safepoint    ] Entering safepoint region: Cleanup
[2019-12-09T02:08:07.159+0000][1][safepoint    ] Leaving safepoint region
[2019-12-09T02:08:07.160+0000][1][safepoint    ] Total time for which application threads were stopped: 0.0000932 seconds, Stopping threads took: 0.0000272 seconds
[2019-12-09T02:08:08.160+0000][1][safepoint    ] Application time: 1.0000765 seconds
[2019-12-09T02:08:08.160+0000][1][safepoint    ] Entering safepoint region: Cleanup
[2019-12-09T02:08:08.160+0000][1][safepoint    ] Leaving safepoint region
[2019-12-09T02:08:08.160+0000][1][safepoint    ] Total time for which application threads were stopped: 0.0000910 seconds, Stopping threads took: 0.0000184 seconds
[2019-12-09T02:08:09.160+0000][1][safepoint    ] Application time: 1.0000765 seconds
[2019-12-09T02:08:09.160+0000][1][safepoint    ] Entering safepoint region: Cleanup
[2019-12-09T02:08:09.160+0000][1][safepoint    ] Leaving safepoint region
[2019-12-09T02:08:09.160+0000][1][safepoint    ] Total time for which application threads were stopped: 0.0000769 seconds, Stopping threads took: 0.0000172 seconds
[2019-12-09T02:08:10.160+0000][1][safepoint    ] Application time: 1.0000769 seconds
[2019-12-09T02:08:10.160+0000][1][safepoint    ] Entering safepoint region: Cleanup
[2019-12-09T02:08:10.160+0000][1][safepoint    ] Leaving safepoint region
[2019-12-09T02:08:10.160+0000][1][safepoint    ] Total time for which application threads were stopped: 0.0000764 seconds, Stopping threads took: 0.0000165 seconds
[2019-12-09T02:08:11.160+0000][1][safepoint    ] Application time: 1.0000763 seconds
[2019-12-09T02:08:11.160+0000][1][safepoint    ] Entering safepoint region: Cleanup
[2019-12-09T02:08:11.160+0000][1][safepoint    ] Leaving safepoint region
[2019-12-09T02:08:11.160+0000][1][safepoint    ] Total time for which application threads were stopped: 0.0000798 seconds, Stopping threads took: 0.0000172 seconds
[2019-12-09T02:08:12.160+0000][1][safepoint    ] Application time: 1.0000769 seconds
[2019-12-09T02:08:12.160+0000][1][safepoint    ] Entering safepoint region: Cleanup
[2019-12-09T02:08:12.161+0000][1][safepoint    ] Leaving safepoint region
[2019-12-09T02:08:12.161+0000][1][safepoint    ] Total time for which application threads were stopped: 0.0000817 seconds, Stopping threads took: 0.0000188 seconds
[2019-12-09T02:08:13.161+0000][1][safepoint    ] Application time: 1.0000771 seconds
[2019-12-09T02:08:13.161+0000][1][safepoint    ] Entering safepoint region: Cleanup
[2019-12-09T02:08:13.161+0000][1][safepoint    ] Leaving safepoint region
[2019-12-09T02:08:13.161+0000][1][safepoint    ] Total time for which application threads were stopped: 0.0000925 seconds, Stopping threads took: 0.0000169 seconds
[2019-12-09T02:08:14.161+0000][1][safepoint    ] Application time: 1.0000766 seconds
[2019-12-09T02:08:14.161+0000][1][safepoint    ] Entering safepoint region: Cleanup
[2019-12-09T02:08:14.161+0000][1][safepoint    ] Leaving safepoint region
[2019-12-09T02:08:14.161+0000][1][safepoint    ] Total time for which application threads were stopped: 0.0000832 seconds, Stopping threads took: 0.0000163 seconds
[2019-12-09T02:08:15.161+0000][1][safepoint    ] Application time: 1.0000770 seconds
[2019-12-09T02:08:15.161+0000][1][safepoint    ] Entering safepoint region: Cleanup
[2019-12-09T02:08:15.161+0000][1][safepoint    ] Leaving safepoint region
[2019-12-09T02:08:15.161+0000][1][safepoint    ] Total time for which application threads were stopped: 0.0000829 seconds, Stopping threads took: 0.0000172 seconds
[2019-12-09T02:08:16.161+0000][1][safepoint    ] Application time: 1.0000774 seconds
[2019-12-09T02:08:16.161+0000][1][safepoint    ] Entering safepoint region: Cleanup
[2019-12-09T02:08:16.161+0000][1][safepoint    ] Leaving safepoint region
[2019-12-09T02:08:16.161+0000][1][safepoint    ] Total time for which application threads were stopped: 0.0000819 seconds, Stopping threads took: 0.0000180 seconds
[2019-12-09T02:08:17.161+0000][1][safepoint    ] Application time: 1.0000777 seconds
[2019-12-09T02:08:17.161+0000][1][safepoint    ] Entering safepoint region: Cleanup
[2019-12-09T02:08:17.162+0000][1][safepoint    ] Leaving safepoint region
[2019-12-09T02:08:17.162+0000][1][safepoint    ] Total time for which application threads were stopped: 0.0000742 seconds, Stopping threads took: 0.0000166 seconds
[2019-12-09T02:08:18.162+0000][1][safepoint    ] Application time: 1.0000770 seconds
[2019-12-09T02:08:18.162+0000][1][safepoint    ] Entering safepoint region: Cleanup
[2019-12-09T02:08:18.162+0000][1][safepoint    ] Leaving safepoint region
[2019-12-09T02:08:18.162+0000][1][safepoint    ] Total time for which application threads were stopped: 0.0000921 seconds, Stopping threads took: 0.0000183 seconds
[2019-12-09T02:08:19.162+0000][1][safepoint    ] Application time: 1.0000758 seconds
[2019-12-09T02:08:19.162+0000][1][safepoint    ] Entering safepoint region: Cleanup
[2019-12-09T02:08:19.162+0000][1][safepoint    ] Leaving safepoint region
[2019-12-09T02:08:19.162+0000][1][safepoint    ] Total time for which application threads were stopped: 0.0000765 seconds, Stopping threads took: 0.0000181 seconds
[2019-12-09T02:08:20.162+0000][1][safepoint    ] Application time: 1.0000775 seconds
[2019-12-09T02:08:20.162+0000][1][safepoint    ] Entering safepoint region: Cleanup
[2019-12-09T02:08:20.162+0000][1][safepoint    ] Leaving safepoint region
[2019-12-09T02:08:20.162+0000][1][safepoint    ] Total time for which application threads were stopped: 0.0000777 seconds, Stopping threads took: 0.0000178 seconds
[2019-12-09T02:08:21.162+0000][1][safepoint    ] Application time: 1.0000745 seconds
[2019-12-09T02:08:21.162+0000][1][safepoint    ] Entering safepoint region: Cleanup
[2019-12-09T02:08:21.162+0000][1][safepoint    ] Leaving safepoint region
[2019-12-09T02:08:21.162+0000][1][safepoint    ] Total time for which application threads were stopped: 0.0000923 seconds, Stopping threads took: 0.0000234 seconds
[2019-12-09T02:08:22.162+0000][1][safepoint    ] Application time: 1.0000737 seconds
[2019-12-09T02:08:22.162+0000][1][safepoint    ] Entering safepoint region: Cleanup
[2019-12-09T02:08:22.163+0000][1][safepoint    ] Leaving safepoint region
[2019-12-09T02:08:22.163+0000][1][safepoint    ] Total time for which application threads were stopped: 0.0000781 seconds, Stopping threads took: 0.0000181 seconds
[2019-12-09T02:08:23.163+0000][1][safepoint    ] Application time: 1.0000759 seconds
[2019-12-09T02:08:23.163+0000][1][safepoint    ] Entering safepoint region: Cleanup
[2019-12-09T02:08:23.163+0000][1][safepoint    ] Leaving safepoint region
[2019-12-09T02:08:23.163+0000][1][safepoint    ] Total time for which application threads were stopped: 0.0000857 seconds, Stopping threads took: 0.0000280 seconds
[2019-12-09T02:08:24.163+0000][1][safepoint    ] Application time: 1.0000733 seconds
[2019-12-09T02:08:24.163+0000][1][safepoint    ] Entering safepoint region: Cleanup
[2019-12-09T02:08:24.163+0000][1][safepoint    ] Leaving safepoint region
[2019-12-09T02:08:24.163+0000][1][safepoint    ] Total time for which application threads were stopped: 0.0000773 seconds, Stopping threads took: 0.0000184 seconds
[2019-12-09T02:08:25.163+0000][1][safepoint    ] Application time: 1.0000755 seconds
[2019-12-09T02:08:25.163+0000][1][safepoint    ] Entering safepoint region: Cleanup
[2019-12-09T02:08:25.163+0000][1][safepoint    ] Leaving safepoint region
[2019-12-09T02:08:25.163+0000][1][safepoint    ] Total time for which application threads were stopped: 0.0000756 seconds, Stopping threads took: 0.0000181 seconds
[2019-12-09T02:08:26.163+0000][1][safepoint    ] Application time: 1.0000804 seconds
[2019-12-09T02:08:26.163+0000][1][safepoint    ] Entering safepoint region: Cleanup
[2019-12-09T02:08:26.163+0000][1][safepoint    ] Leaving safepoint region
[2019-12-09T02:08:26.163+0000][1][safepoint    ] Total time for which application threads were stopped: 0.0000843 seconds, Stopping threads took: 0.0000191 seconds
[2019-12-09T02:08:27.163+0000][1][safepoint    ] Application time: 1.0000781 seconds
[2019-12-09T02:08:27.163+0000][1][safepoint    ] Entering safepoint region: Cleanup
[2019-12-09T02:08:27.164+0000][1][safepoint    ] Leaving safepoint region
[2019-12-09T02:08:27.164+0000][1][safepoint    ] Total time for which application threads were stopped: 0.0000791 seconds, Stopping threads took: 0.0000194 seconds
[2019-12-09T02:08:28.164+0000][1][safepoint    ] Application time: 1.0000796 seconds
[2019-12-09T02:08:28.164+0000][1][safepoint    ] Entering safepoint region: Cleanup
[2019-12-09T02:08:28.164+0000][1][safepoint    ] Leaving safepoint region
[2019-12-09T02:08:28.164+0000][1][safepoint    ] Total time for which application threads were stopped: 0.0000917 seconds, Stopping threads took: 0.0000285 seconds
[2019-12-09T02:08:29.164+0000][1][safepoint    ] Application time: 1.0000774 seconds
[2019-12-09T02:08:29.164+0000][1][safepoint    ] Entering safepoint region: Cleanup
[2019-12-09T02:08:29.164+0000][1][safepoint    ] Leaving safepoint region
[2019-12-09T02:08:29.164+0000][1][safepoint    ] Total time for which application threads were stopped: 0.0000782 seconds, Stopping threads took: 0.0000185 seconds
[2019-12-09T02:08:30.164+0000][1][safepoint    ] Application time: 1.0000785 seconds
[2019-12-09T02:08:30.164+0000][1][safepoint    ] Entering safepoint region: Cleanup
[2019-12-09T02:08:30.164+0000][1][safepoint    ] Leaving safepoint region
[2019-12-09T02:08:30.164+0000][1][safepoint    ] Total time for which application threads were stopped: 0.0000766 seconds, Stopping threads took: 0.0000173 seconds
[2019-12-09T02:08:31.164+0000][1][safepoint    ] Application time: 1.0000787 seconds
[2019-12-09T02:08:31.164+0000][1][safepoint    ] Entering safepoint region: Cleanup
[2019-12-09T02:08:31.164+0000][1][safepoint    ] Leaving safepoint region
[2019-12-09T02:08:31.164+0000][1][safepoint    ] Total time for which application threads were stopped: 0.0000832 seconds, Stopping threads took: 0.0000247 seconds
[2019-12-09T02:08:32.164+0000][1][safepoint    ] Application time: 1.0000771 seconds
[2019-12-09T02:08:32.165+0000][1][safepoint    ] Entering safepoint region: Cleanup
[2019-12-09T02:08:32.165+0000][1][safepoint    ] Leaving safepoint region
[2019-12-09T02:08:32.165+0000][1][safepoint    ] Total time for which application threads were stopped: 0.0000840 seconds, Stopping threads took: 0.0000185 seconds
[2019-12-09T02:08:33.165+0000][1][safepoint    ] Application time: 1.0000778 seconds
[2019-12-09T02:08:33.165+0000][1][safepoint    ] Entering safepoint region: Cleanup
[2019-12-09T02:08:33.165+0000][1][safepoint    ] Leaving safepoint region
[2019-12-09T02:08:33.165+0000][1][safepoint    ] Total time for which application threads were stopped: 0.0000800 seconds, Stopping threads took: 0.0000174 seconds
[2019-12-09T02:08:34.165+0000][1][safepoint    ] Application time: 1.0000777 seconds
[2019-12-09T02:08:34.165+0000][1][safepoint    ] Entering safepoint region: Cleanup
[2019-12-09T02:08:34.165+0000][1][safepoint    ] Leaving safepoint region
[2019-12-09T02:08:34.165+0000][1][safepoint    ] Total time for which application threads were stopped: 0.0000842 seconds, Stopping threads took: 0.0000175 seconds
[2019-12-09T02:08:35.165+0000][1][safepoint    ] Application time: 1.0000767 seconds
[2019-12-09T02:08:35.165+0000][1][safepoint    ] Entering safepoint region: Cleanup
[2019-12-09T02:08:35.165+0000][1][safepoint    ] Leaving safepoint region
[2019-12-09T02:08:35.165+0000][1][safepoint    ] Total time for which application threads were stopped: 0.0000737 seconds, Stopping threads took: 0.0000161 seconds
[2019-12-09T02:08:36.165+0000][1][safepoint    ] Application time: 1.0000801 seconds
[2019-12-09T02:08:36.165+0000][1][safepoint    ] Entering safepoint region: Cleanup
[2019-12-09T02:08:36.165+0000][1][safepoint    ] Leaving safepoint region
[2019-12-09T02:08:36.165+0000][1][safepoint    ] Total time for which application threads were stopped: 0.0000736 seconds, Stopping threads took: 0.0000170 seconds
[2019-12-09T02:08:37.165+0000][1][safepoint    ] Application time: 1.0000787 seconds
[2019-12-09T02:08:37.166+0000][1][safepoint    ] Entering safepoint region: Cleanup
[2019-12-09T02:08:37.166+0000][1][safepoint    ] Leaving safepoint region
[2019-12-09T02:08:37.166+0000][1][safepoint    ] Total time for which application threads were stopped: 0.0000751 seconds, Stopping threads took: 0.0000168 seconds
[2019-12-09T02:08:38.166+0000][1][safepoint    ] Application time: 1.0000792 seconds
[2019-12-09T02:08:38.166+0000][1][safepoint    ] Entering safepoint region: Cleanup
[2019-12-09T02:08:38.166+0000][1][safepoint    ] Leaving safepoint region
[2019-12-09T02:08:38.166+0000][1][safepoint    ] Total time for which application threads were stopped: 0.0000751 seconds, Stopping threads took: 0.0000179 seconds
[2019-12-09T02:08:39.166+0000][1][safepoint    ] Application time: 1.0000776 seconds
[2019-12-09T02:08:39.166+0000][1][safepoint    ] Entering safepoint region: Cleanup
[2019-12-09T02:08:39.166+0000][1][safepoint    ] Leaving safepoint region
[2019-12-09T02:08:39.166+0000][1][safepoint    ] Total time for which application threads were stopped: 0.0000776 seconds, Stopping threads took: 0.0000176 seconds
[2019-12-09T02:08:40.826+0000][1][safepoint    ] Application time: 1.6602181 seconds
[2019-12-09T02:08:40.826+0000][1][safepoint    ] Entering safepoint region: Cleanup
[2019-12-09T02:08:40.826+0000][1][safepoint    ] Leaving safepoint region
[2019-12-09T02:08:40.826+0000][1][safepoint    ] Total time for which application threads were stopped: 0.0002171 seconds, Stopping threads took: 0.0000135 seconds
[2019-12-09T02:08:41.827+0000][1][safepoint    ] Application time: 1.0000746 seconds
[2019-12-09T02:08:41.827+0000][1][safepoint    ] Entering safepoint region: Cleanup
[2019-12-09T02:08:41.827+0000][1][safepoint    ] Leaving safepoint region
[2019-12-09T02:08:41.827+0000][1][safepoint    ] Total time for which application threads were stopped: 0.0000708 seconds, Stopping threads took: 0.0000161 seconds
[2019-12-09T02:08:42.827+0000][1][safepoint    ] Application time: 1.0000862 seconds
[2019-12-09T02:08:42.827+0000][1][safepoint    ] Entering safepoint region: Cleanup
[2019-12-09T02:08:42.827+0000][1][safepoint    ] Leaving safepoint region
[2019-12-09T02:08:42.827+0000][1][safepoint    ] Total time for which application threads were stopped: 0.0000745 seconds, Stopping threads took: 0.0000189 seconds
[2019-12-09T02:08:43.827+0000][1][safepoint    ] Application time: 1.0000746 seconds
[2019-12-09T02:08:43.827+0000][1][safepoint    ] Entering safepoint region: Cleanup
[2019-12-09T02:08:43.827+0000][1][safepoint    ] Leaving safepoint region
[2019-12-09T02:08:43.827+0000][1][safepoint    ] Total time for which application threads were stopped: 0.0000720 seconds, Stopping threads took: 0.0000158 seconds
[2019-12-09T02:08:44.827+0000][1][safepoint    ] Application time: 1.0000752 seconds
[2019-12-09T02:08:44.827+0000][1][safepoint    ] Entering safepoint region: Cleanup
[2019-12-09T02:08:44.827+0000][1][safepoint    ] Leaving safepoint region
[2019-12-09T02:08:44.827+0000][1][safepoint    ] Total time for which application threads were stopped: 0.0000716 seconds, Stopping threads took: 0.0000156 seconds
[2019-12-09T02:08:45.827+0000][1][safepoint    ] Application time: 1.0000765 seconds
[2019-12-09T02:08:45.827+0000][1][safepoint    ] Entering safepoint region: Cleanup
[2019-12-09T02:08:45.827+0000][1][safepoint    ] Leaving safepoint region
[2019-12-09T02:08:45.827+0000][1][safepoint    ] Total time for which application threads were stopped: 0.0000690 seconds, Stopping threads took: 0.0000148 seconds
[2019-12-09T02:08:46.828+0000][1][safepoint    ] Application time: 1.0000758 seconds
[2019-12-09T02:08:46.828+0000][1][safepoint    ] Entering safepoint region: Cleanup
[2019-12-09T02:08:46.828+0000][1][safepoint    ] Leaving safepoint region
[2019-12-09T02:08:46.828+0000][1][safepoint    ] Total time for which application threads were stopped: 0.0000755 seconds, Stopping threads took: 0.0000198 seconds
[2019-12-09T02:08:47.828+0000][1][safepoint    ] Application time: 1.0000758 seconds
[2019-12-09T02:08:47.828+0000][1][safepoint    ] Entering safepoint region: Cleanup
[2019-12-09T02:08:47.828+0000][1][safepoint    ] Leaving safepoint region
[2019-12-09T02:08:47.828+0000][1][safepoint    ] Total time for which application threads were stopped: 0.0000694 seconds, Stopping threads took: 0.0000152 seconds
[2019-12-09T02:08:48.828+0000][1][safepoint    ] Application time: 1.0000762 seconds
[2019-12-09T02:08:48.828+0000][1][safepoint    ] Entering safepoint region: Cleanup
[2019-12-09T02:08:48.828+0000][1][safepoint    ] Leaving safepoint region
[2019-12-09T02:08:48.828+0000][1][safepoint    ] Total time for which application threads were stopped: 0.0000692 seconds, Stopping threads took: 0.0000146 seconds
[2019-12-09T02:08:49.828+0000][1][safepoint    ] Application time: 1.0000767 seconds
[2019-12-09T02:08:49.828+0000][1][safepoint    ] Entering safepoint region: Cleanup
[2019-12-09T02:08:49.828+0000][1][safepoint    ] Leaving safepoint region
[2019-12-09T02:08:49.828+0000][1][safepoint    ] Total time for which application threads were stopped: 0.0000785 seconds, Stopping threads took: 0.0000178 seconds
[2019-12-09T02:08:50.828+0000][1][safepoint    ] Application time: 1.0000774 seconds
[2019-12-09T02:08:50.828+0000][1][safepoint    ] Entering safepoint region: Cleanup
[2019-12-09T02:08:50.828+0000][1][safepoint    ] Leaving safepoint region
[2019-12-09T02:08:50.828+0000][1][safepoint    ] Total time for which application threads were stopped: 0.0000724 seconds, Stopping threads took: 0.0000181 seconds
[2019-12-09T02:08:51.829+0000][1][safepoint    ] Application time: 1.0004218 seconds
[2019-12-09T02:08:51.829+0000][1][safepoint    ] Entering safepoint region: Cleanup
[2019-12-09T02:08:51.829+0000][1][safepoint    ] Leaving safepoint region
[2019-12-09T02:08:51.829+0000][1][safepoint    ] Total time for which application threads were stopped: 0.0000945 seconds, Stopping threads took: 0.0000202 seconds
[2019-12-09T02:08:52.829+0000][1][safepoint    ] Application time: 1.0000800 seconds
[2019-12-09T02:08:52.829+0000][1][safepoint    ] Entering safepoint region: Cleanup
[2019-12-09T02:08:52.829+0000][1][safepoint    ] Leaving safepoint region
[2019-12-09T02:08:52.829+0000][1][safepoint    ] Total time for which application threads were stopped: 0.0001253 seconds, Stopping threads took: 0.0000482 seconds
[2019-12-09T02:08:53.830+0000][1][safepoint    ] Application time: 1.0005612 seconds
[2019-12-09T02:08:53.830+0000][1][safepoint    ] Entering safepoint region: Cleanup
[2019-12-09T02:08:53.830+0000][1][safepoint    ] Leaving safepoint region
[2019-12-09T02:08:53.830+0000][1][safepoint    ] Total time for which application threads were stopped: 0.0001007 seconds, Stopping threads took: 0.0000219 seconds
[2019-12-09T02:08:54.830+0000][1][safepoint    ] Application time: 1.0000726 seconds
[2019-12-09T02:08:54.830+0000][1][safepoint    ] Entering safepoint region: Cleanup
[2019-12-09T02:08:54.830+0000][1][safepoint    ] Leaving safepoint region
[2019-12-09T02:08:54.830+0000][1][safepoint    ] Total time for which application threads were stopped: 0.0000924 seconds, Stopping threads took: 0.0000216 seconds
[2019-12-09T02:08:55.830+0000][1][safepoint    ] Application time: 1.0000745 seconds
[2019-12-09T02:08:55.830+0000][1][safepoint    ] Entering safepoint region: Cleanup
[2019-12-09T02:08:55.830+0000][1][safepoint    ] Leaving safepoint region
[2019-12-09T02:08:55.830+0000][1][safepoint    ] Total time for which application threads were stopped: 0.0000718 seconds, Stopping threads took: 0.0000173 seconds
[2019-12-09T02:08:56.830+0000][1][safepoint    ] Application time: 1.0000795 seconds
[2019-12-09T02:08:56.830+0000][1][safepoint    ] Entering safepoint region: Cleanup
[2019-12-09T02:08:56.831+0000][1][safepoint    ] Leaving safepoint region
[2019-12-09T02:08:56.831+0000][1][safepoint    ] Total time for which application threads were stopped: 0.0000942 seconds, Stopping threads took: 0.0000213 seconds
[2019-12-09T02:08:57.831+0000][1][safepoint    ] Application time: 1.0000739 seconds
[2019-12-09T02:08:57.831+0000][1][safepoint    ] Entering safepoint region: Cleanup
[2019-12-09T02:08:57.831+0000][1][safepoint    ] Leaving safepoint region
[2019-12-09T02:08:57.831+0000][1][safepoint    ] Total time for which application threads were stopped: 0.0000782 seconds, Stopping threads took: 0.0000153 seconds
[2019-12-09T02:08:58.831+0000][1][safepoint    ] Application time: 1.0000759 seconds
[2019-12-09T02:08:58.831+0000][1][safepoint    ] Entering safepoint region: Cleanup
[2019-12-09T02:08:58.831+0000][1][safepoint    ] Leaving safepoint region
[2019-12-09T02:08:58.831+0000][1][safepoint    ] Total time for which application threads were stopped: 0.0000731 seconds, Stopping threads took: 0.0000179 seconds
[2019-12-09T02:08:59.831+0000][1][safepoint    ] Application time: 1.0000748 seconds
[2019-12-09T02:08:59.831+0000][1][safepoint    ] Entering safepoint region: Cleanup
[2019-12-09T02:08:59.831+0000][1][safepoint    ] Leaving safepoint region
[2019-12-09T02:08:59.831+0000][1][safepoint    ] Total time for which application threads were stopped: 0.0000728 seconds, Stopping threads took: 0.0000164 seconds
[2019-12-09T02:09:00.831+0000][1][safepoint    ] Application time: 1.0000754 seconds
[2019-12-09T02:09:00.831+0000][1][safepoint    ] Entering safepoint region: Cleanup
[2019-12-09T02:09:00.831+0000][1][safepoint    ] Leaving safepoint region
[2019-12-09T02:09:00.831+0000][1][safepoint    ] Total time for which application threads were stopped: 0.0000689 seconds, Stopping threads took: 0.0000135 seconds
[2019-12-09T02:09:01.831+0000][1][safepoint    ] Application time: 1.0000756 seconds
[2019-12-09T02:09:01.831+0000][1][safepoint    ] Entering safepoint region: Cleanup
[2019-12-09T02:09:01.832+0000][1][safepoint    ] Leaving safepoint region
[2019-12-09T02:09:01.832+0000][1][safepoint    ] Total time for which application threads were stopped: 0.0000856 seconds, Stopping threads took: 0.0000235 seconds
[2019-12-09T02:09:02.832+0000][1][safepoint    ] Application time: 1.0000753 seconds
[2019-12-09T02:09:02.832+0000][1][safepoint    ] Entering safepoint region: Cleanup
[2019-12-09T02:09:02.832+0000][1][safepoint    ] Leaving safepoint region
[2019-12-09T02:09:02.832+0000][1][safepoint    ] Total time for which application threads were stopped: 0.0000856 seconds, Stopping threads took: 0.0000294 seconds
[2019-12-09T02:09:03.832+0000][1][safepoint    ] Application time: 1.0000760 seconds
[2019-12-09T02:09:03.832+0000][1][safepoint    ] Entering safepoint region: Cleanup
[2019-12-09T02:09:03.832+0000][1][safepoint    ] Leaving safepoint region
[2019-12-09T02:09:03.832+0000][1][safepoint    ] Total time for which application threads were stopped: 0.0000709 seconds, Stopping threads took: 0.0000156 seconds
[2019-12-09T02:09:04.832+0000][1][safepoint    ] Application time: 1.0000762 seconds
[2019-12-09T02:09:04.832+0000][1][safepoint    ] Entering safepoint region: Cleanup
[2019-12-09T02:09:04.832+0000][1][safepoint    ] Leaving safepoint region
[2019-12-09T02:09:04.832+0000][1][safepoint    ] Total time for which application threads were stopped: 0.0000711 seconds, Stopping threads took: 0.0000156 seconds
[2019-12-09T02:09:05.832+0000][1][safepoint    ] Application time: 1.0000756 seconds
[2019-12-09T02:09:05.832+0000][1][safepoint    ] Entering safepoint region: Cleanup
[2019-12-09T02:09:05.832+0000][1][safepoint    ] Leaving safepoint region
[2019-12-09T02:09:05.832+0000][1][safepoint    ] Total time for which application threads were stopped: 0.0000711 seconds, Stopping threads took: 0.0000163 seconds
[2019-12-09T02:09:06.196+0000][1][safepoint    ] Application time: 0.3640560 seconds
[2019-12-09T02:09:06.196+0000][1][safepoint    ] Entering safepoint region: GenCollectForAllocation
[2019-12-09T02:09:06.197+0000][1][gc,start     ] GC(25) Pause Young (Allocation Failure)
[2019-12-09T02:09:06.197+0000][1][gc,task      ] GC(25) Using 2 workers of 2 for evacuation
[2019-12-09T02:09:06.202+0000][1][gc,age       ] GC(25) Desired survivor size 4456448 bytes, new threshold 6 (max threshold 6)
[2019-12-09T02:09:06.202+0000][1][gc,age       ] GC(25) Age table with threshold 6 (max threshold 6)
[2019-12-09T02:09:06.202+0000][1][gc,age       ] GC(25) - age   1:      10536 bytes,      10536 total
[2019-12-09T02:09:06.202+0000][1][gc,age       ] GC(25) - age   2:      24424 bytes,      34960 total
[2019-12-09T02:09:06.202+0000][1][gc,age       ] GC(25) - age   3:    1830304 bytes,    1865264 total
[2019-12-09T02:09:06.202+0000][1][gc,heap      ] GC(25) ParNew: 75590K->2795K(78656K)
[2019-12-09T02:09:06.202+0000][1][gc,heap      ] GC(25) CMS: 67790K->67790K(174784K)
[2019-12-09T02:09:06.202+0000][1][gc,metaspace ] GC(25) Metaspace: 68783K->68783K(1112064K)
[2019-12-09T02:09:06.202+0000][1][gc           ] GC(25) Pause Young (Allocation Failure) 140M->68M(247M) 5.550ms
[2019-12-09T02:09:06.202+0000][1][gc,cpu       ] GC(25) User=0.02s Sys=0.00s Real=0.00s
[2019-12-09T02:09:06.202+0000][1][safepoint    ] Leaving safepoint region
[2019-12-09T02:09:06.202+0000][1][safepoint    ] Total time for which application threads were stopped: 0.0056931 seconds, Stopping threads took: 0.0000163 seconds
[2019-12-09T02:09:07.202+0000][1][safepoint    ] Application time: 1.0000860 seconds
[2019-12-09T02:09:07.202+0000][1][safepoint    ] Entering safepoint region: Cleanup
[2019-12-09T02:09:07.202+0000][1][safepoint    ] Leaving safepoint region
[2019-12-09T02:09:07.202+0000][1][safepoint    ] Total time for which application threads were stopped: 0.0000763 seconds, Stopping threads took: 0.0000192 seconds
[2019-12-09T02:09:08.202+0000][1][safepoint    ] Application time: 1.0000776 seconds
[2019-12-09T02:09:08.202+0000][1][safepoint    ] Entering safepoint region: Cleanup
[2019-12-09T02:09:08.203+0000][1][safepoint    ] Leaving safepoint region
[2019-12-09T02:09:08.203+0000][1][safepoint    ] Total time for which application threads were stopped: 0.0000721 seconds, Stopping threads took: 0.0000163 seconds
[2019-12-09T02:09:09.203+0000][1][safepoint    ] Application time: 1.0000773 seconds
[2019-12-09T02:09:09.203+0000][1][safepoint    ] Entering safepoint region: Cleanup
[2019-12-09T02:09:09.203+0000][1][safepoint    ] Leaving safepoint region
[2019-12-09T02:09:09.203+0000][1][safepoint    ] Total time for which application threads were stopped: 0.0000889 seconds, Stopping threads took: 0.0000174 seconds
[2019-12-09T02:09:10.203+0000][1][safepoint    ] Application time: 1.0000757 seconds
[2019-12-09T02:09:10.203+0000][1][safepoint    ] Entering safepoint region: Cleanup
[2019-12-09T02:09:10.203+0000][1][safepoint    ] Leaving safepoint region
[2019-12-09T02:09:10.203+0000][1][safepoint    ] Total time for which application threads were stopped: 0.0000863 seconds, Stopping threads took: 0.0000185 seconds
[2019-12-09T02:09:11.203+0000][1][safepoint    ] Application time: 1.0000840 seconds
[2019-12-09T02:09:11.203+0000][1][safepoint    ] Entering safepoint region: Cleanup
[2019-12-09T02:09:11.203+0000][1][safepoint    ] Leaving safepoint region
[2019-12-09T02:09:11.203+0000][1][safepoint    ] Total time for which application threads were stopped: 0.0001619 seconds, Stopping threads took: 0.0000950 seconds
[2019-12-09T02:09:12.203+0000][1][safepoint    ] Application time: 1.0000834 seconds
[2019-12-09T02:09:12.203+0000][1][safepoint    ] Entering safepoint region: Cleanup
[2019-12-09T02:09:12.203+0000][1][safepoint    ] Leaving safepoint region
[2019-12-09T02:09:12.203+0000][1][safepoint    ] Total time for which application threads were stopped: 0.0000789 seconds, Stopping threads took: 0.0000193 seconds
[2019-12-09T02:09:13.204+0000][1][safepoint    ] Application time: 1.0000754 seconds
[2019-12-09T02:09:13.204+0000][1][safepoint    ] Entering safepoint region: Cleanup
[2019-12-09T02:09:13.204+0000][1][safepoint    ] Leaving safepoint region
[2019-12-09T02:09:13.204+0000][1][safepoint    ] Total time for which application threads were stopped: 0.0000736 seconds, Stopping threads took: 0.0000177 seconds
[2019-12-09T02:09:14.204+0000][1][safepoint    ] Application time: 1.0000760 seconds
[2019-12-09T02:09:14.204+0000][1][safepoint    ] Entering safepoint region: Cleanup
[2019-12-09T02:09:14.204+0000][1][safepoint    ] Leaving safepoint region
[2019-12-09T02:09:14.204+0000][1][safepoint    ] Total time for which application threads were stopped: 0.0000906 seconds, Stopping threads took: 0.0000172 seconds
[2019-12-09T02:09:15.204+0000][1][safepoint    ] Application time: 1.0000759 seconds
[2019-12-09T02:09:15.204+0000][1][safepoint    ] Entering safepoint region: Cleanup
[2019-12-09T02:09:15.204+0000][1][safepoint    ] Leaving safepoint region
[2019-12-09T02:09:15.204+0000][1][safepoint    ] Total time for which application threads were stopped: 0.0000797 seconds, Stopping threads took: 0.0000175 seconds
[2019-12-09T02:09:16.204+0000][1][safepoint    ] Application time: 1.0000780 seconds
[2019-12-09T02:09:16.204+0000][1][safepoint    ] Entering safepoint region: Cleanup
[2019-12-09T02:09:16.204+0000][1][safepoint    ] Leaving safepoint region
[2019-12-09T02:09:16.204+0000][1][safepoint    ] Total time for which application threads were stopped: 0.0000770 seconds, Stopping threads took: 0.0000192 seconds
[2019-12-09T02:09:17.204+0000][1][safepoint    ] Application time: 1.0000758 seconds
[2019-12-09T02:09:17.204+0000][1][safepoint    ] Entering safepoint region: Cleanup
[2019-12-09T02:09:17.204+0000][1][safepoint    ] Leaving safepoint region
[2019-12-09T02:09:17.204+0000][1][safepoint    ] Total time for which application threads were stopped: 0.0000744 seconds, Stopping threads took: 0.0000170 seconds
[2019-12-09T02:09:18.205+0000][1][safepoint    ] Application time: 1.0000749 seconds
[2019-12-09T02:09:18.205+0000][1][safepoint    ] Entering safepoint region: Cleanup
[2019-12-09T02:09:18.205+0000][1][safepoint    ] Leaving safepoint region
[2019-12-09T02:09:18.205+0000][1][safepoint    ] Total time for which application threads were stopped: 0.0000772 seconds, Stopping threads took: 0.0000184 seconds
[2019-12-09T02:09:19.205+0000][1][safepoint    ] Application time: 1.0000744 seconds
[2019-12-09T02:09:19.205+0000][1][safepoint    ] Entering safepoint region: Cleanup
[2019-12-09T02:09:19.205+0000][1][safepoint    ] Leaving safepoint region
[2019-12-09T02:09:19.205+0000][1][safepoint    ] Total time for which application threads were stopped: 0.0000835 seconds, Stopping threads took: 0.0000170 seconds
[2019-12-09T02:09:20.205+0000][1][safepoint    ] Application time: 1.0000763 seconds
[2019-12-09T02:09:20.205+0000][1][safepoint    ] Entering safepoint region: Cleanup
[2019-12-09T02:09:20.205+0000][1][safepoint    ] Leaving safepoint region
[2019-12-09T02:09:20.205+0000][1][safepoint    ] Total time for which application threads were stopped: 0.0000799 seconds, Stopping threads took: 0.0000168 seconds
[2019-12-09T02:09:21.205+0000][1][safepoint    ] Application time: 1.0000740 seconds
[2019-12-09T02:09:21.205+0000][1][safepoint    ] Entering safepoint region: Cleanup
[2019-12-09T02:09:21.205+0000][1][safepoint    ] Leaving safepoint region
[2019-12-09T02:09:21.205+0000][1][safepoint    ] Total time for which application threads were stopped: 0.0000748 seconds, Stopping threads took: 0.0000159 seconds
[2019-12-09T02:09:22.205+0000][1][safepoint    ] Application time: 1.0000756 seconds
[2019-12-09T02:09:22.205+0000][1][safepoint    ] Entering safepoint region: Cleanup
[2019-12-09T02:09:22.205+0000][1][safepoint    ] Leaving safepoint region
[2019-12-09T02:09:22.205+0000][1][safepoint    ] Total time for which application threads were stopped: 0.0000720 seconds, Stopping threads took: 0.0000167 seconds
[2019-12-09T02:09:23.206+0000][1][safepoint    ] Application time: 1.0000737 seconds
[2019-12-09T02:09:23.206+0000][1][safepoint    ] Entering safepoint region: Cleanup
[2019-12-09T02:09:23.206+0000][1][safepoint    ] Leaving safepoint region
[2019-12-09T02:09:23.206+0000][1][safepoint    ] Total time for which application threads were stopped: 0.0000808 seconds, Stopping threads took: 0.0000169 seconds
[2019-12-09T02:09:24.206+0000][1][safepoint    ] Application time: 1.0000812 seconds
[2019-12-09T02:09:24.206+0000][1][safepoint    ] Entering safepoint region: Cleanup
[2019-12-09T02:09:24.206+0000][1][safepoint    ] Leaving safepoint region
[2019-12-09T02:09:24.206+0000][1][safepoint    ] Total time for which application threads were stopped: 0.0000824 seconds, Stopping threads took: 0.0000179 seconds
[2019-12-09T02:09:25.206+0000][1][safepoint    ] Application time: 1.0000750 seconds
[2019-12-09T02:09:25.206+0000][1][safepoint    ] Entering safepoint region: Cleanup
[2019-12-09T02:09:25.206+0000][1][safepoint    ] Leaving safepoint region
[2019-12-09T02:09:25.206+0000][1][safepoint    ] Total time for which application threads were stopped: 0.0000744 seconds, Stopping threads took: 0.0000166 seconds
[2019-12-09T02:09:26.206+0000][1][safepoint    ] Application time: 1.0000767 seconds
[2019-12-09T02:09:26.206+0000][1][safepoint    ] Entering safepoint region: Cleanup
[2019-12-09T02:09:26.206+0000][1][safepoint    ] Leaving safepoint region
[2019-12-09T02:09:26.206+0000][1][safepoint    ] Total time for which application threads were stopped: 0.0000763 seconds, Stopping threads took: 0.0000174 seconds
[2019-12-09T02:09:27.206+0000][1][safepoint    ] Application time: 1.0000770 seconds
[2019-12-09T02:09:27.206+0000][1][safepoint    ] Entering safepoint region: Cleanup
[2019-12-09T02:09:27.206+0000][1][safepoint    ] Leaving safepoint region
[2019-12-09T02:09:27.206+0000][1][safepoint    ] Total time for which application threads were stopped: 0.0000751 seconds, Stopping threads took: 0.0000181 seconds
[2019-12-09T02:09:28.207+0000][1][safepoint    ] Application time: 1.0000750 seconds
[2019-12-09T02:09:28.207+0000][1][safepoint    ] Entering safepoint region: Cleanup
[2019-12-09T02:09:28.207+0000][1][safepoint    ] Leaving safepoint region
[2019-12-09T02:09:28.207+0000][1][safepoint    ] Total time for which application threads were stopped: 0.0000795 seconds, Stopping threads took: 0.0000171 seconds
[2019-12-09T02:09:29.207+0000][1][safepoint    ] Application time: 1.0000762 seconds
[2019-12-09T02:09:29.207+0000][1][safepoint    ] Entering safepoint region: Cleanup
[2019-12-09T02:09:29.207+0000][1][safepoint    ] Leaving safepoint region
[2019-12-09T02:09:29.207+0000][1][safepoint    ] Total time for which application threads were stopped: 0.0000749 seconds, Stopping threads took: 0.0000172 seconds
[2019-12-09T02:09:30.207+0000][1][safepoint    ] Application time: 1.0000772 seconds
[2019-12-09T02:09:30.207+0000][1][safepoint    ] Entering safepoint region: Cleanup
[2019-12-09T02:09:30.207+0000][1][safepoint    ] Leaving safepoint region
[2019-12-09T02:09:30.207+0000][1][safepoint    ] Total time for which application threads were stopped: 0.0000767 seconds, Stopping threads took: 0.0000165 seconds
[2019-12-09T02:09:31.207+0000][1][safepoint    ] Application time: 1.0000760 seconds
[2019-12-09T02:09:31.207+0000][1][safepoint    ] Entering safepoint region: Cleanup
[2019-12-09T02:09:31.207+0000][1][safepoint    ] Leaving safepoint region
[2019-12-09T02:09:31.207+0000][1][safepoint    ] Total time for which application threads were stopped: 0.0000755 seconds, Stopping threads took: 0.0000163 seconds
[2019-12-09T02:09:32.207+0000][1][safepoint    ] Application time: 1.0000758 seconds
[2019-12-09T02:09:32.207+0000][1][safepoint    ] Entering safepoint region: Cleanup
[2019-12-09T02:09:32.207+0000][1][safepoint    ] Leaving safepoint region
[2019-12-09T02:09:32.207+0000][1][safepoint    ] Total time for which application threads were stopped: 0.0000822 seconds, Stopping threads took: 0.0000183 seconds
[2019-12-09T02:09:33.207+0000][1][safepoint    ] Application time: 1.0000763 seconds
[2019-12-09T02:09:33.208+0000][1][safepoint    ] Entering safepoint region: Cleanup
[2019-12-09T02:09:33.208+0000][1][safepoint    ] Leaving safepoint region
[2019-12-09T02:09:33.208+0000][1][safepoint    ] Total time for which application threads were stopped: 0.0000802 seconds, Stopping threads took: 0.0000164 seconds
[2019-12-09T02:09:34.208+0000][1][safepoint    ] Application time: 1.0000872 seconds
[2019-12-09T02:09:34.208+0000][1][safepoint    ] Entering safepoint region: Cleanup
[2019-12-09T02:09:34.208+0000][1][safepoint    ] Leaving safepoint region
[2019-12-09T02:09:34.208+0000][1][safepoint    ] Total time for which application threads were stopped: 0.0000772 seconds, Stopping threads took: 0.0000172 seconds
[2019-12-09T02:09:35.208+0000][1][safepoint    ] Application time: 1.0000768 seconds
[2019-12-09T02:09:35.208+0000][1][safepoint    ] Entering safepoint region: Cleanup
[2019-12-09T02:09:35.208+0000][1][safepoint    ] Leaving safepoint region
[2019-12-09T02:09:35.208+0000][1][safepoint    ] Total time for which application threads were stopped: 0.0000804 seconds, Stopping threads took: 0.0000175 seconds
[2019-12-09T02:09:36.208+0000][1][safepoint    ] Application time: 1.0000776 seconds
[2019-12-09T02:09:36.208+0000][1][safepoint    ] Entering safepoint region: Cleanup
[2019-12-09T02:09:36.208+0000][1][safepoint    ] Leaving safepoint region
[2019-12-09T02:09:36.208+0000][1][safepoint    ] Total time for which application threads were stopped: 0.0000795 seconds, Stopping threads took: 0.0000166 seconds
[2019-12-09T02:09:37.208+0000][1][safepoint    ] Application time: 1.0000774 seconds
[2019-12-09T02:09:37.208+0000][1][safepoint    ] Entering safepoint region: Cleanup
[2019-12-09T02:09:37.208+0000][1][safepoint    ] Leaving safepoint region
[2019-12-09T02:09:37.208+0000][1][safepoint    ] Total time for which application threads were stopped: 0.0000818 seconds, Stopping threads took: 0.0000174 seconds
[2019-12-09T02:09:38.209+0000][1][safepoint    ] Application time: 1.0000760 seconds
[2019-12-09T02:09:38.209+0000][1][safepoint    ] Entering safepoint region: Cleanup
[2019-12-09T02:09:38.209+0000][1][safepoint    ] Leaving safepoint region
[2019-12-09T02:09:38.209+0000][1][safepoint    ] Total time for which application threads were stopped: 0.0000756 seconds, Stopping threads took: 0.0000175 seconds
[2019-12-09T02:09:39.209+0000][1][safepoint    ] Application time: 1.0000822 seconds
[2019-12-09T02:09:39.209+0000][1][safepoint    ] Entering safepoint region: Cleanup
[2019-12-09T02:09:39.209+0000][1][safepoint    ] Leaving safepoint region
[2019-12-09T02:09:39.209+0000][1][safepoint    ] Total time for which application threads were stopped: 0.0000752 seconds, Stopping threads took: 0.0000174 seconds
[2019-12-09T02:09:40.209+0000][1][safepoint    ] Application time: 1.0000770 seconds
[2019-12-09T02:09:40.209+0000][1][safepoint    ] Entering safepoint region: Cleanup
[2019-12-09T02:09:40.209+0000][1][safepoint    ] Leaving safepoint region
[2019-12-09T02:09:40.209+0000][1][safepoint    ] Total time for which application threads were stopped: 0.0000773 seconds, Stopping threads took: 0.0000185 seconds
[2019-12-09T02:09:41.209+0000][1][safepoint    ] Application time: 1.0000753 seconds
[2019-12-09T02:09:41.209+0000][1][safepoint    ] Entering safepoint region: Cleanup
[2019-12-09T02:09:41.209+0000][1][safepoint    ] Leaving safepoint region
[2019-12-09T02:09:41.209+0000][1][safepoint    ] Total time for which application threads were stopped: 0.0000827 seconds, Stopping threads took: 0.0000249 seconds
[2019-12-09T02:09:42.209+0000][1][safepoint    ] Application time: 1.0000772 seconds
[2019-12-09T02:09:42.209+0000][1][safepoint    ] Entering safepoint region: Cleanup
[2019-12-09T02:09:42.209+0000][1][safepoint    ] Leaving safepoint region
[2019-12-09T02:09:42.209+0000][1][safepoint    ] Total time for which application threads were stopped: 0.0000758 seconds, Stopping threads took: 0.0000184 seconds
[2019-12-09T02:09:43.209+0000][1][safepoint    ] Application time: 1.0000784 seconds
[2019-12-09T02:09:43.210+0000][1][safepoint    ] Entering safepoint region: Cleanup
[2019-12-09T02:09:43.210+0000][1][safepoint    ] Leaving safepoint region
[2019-12-09T02:09:43.210+0000][1][safepoint    ] Total time for which application threads were stopped: 0.0000748 seconds, Stopping threads took: 0.0000175 seconds
[2019-12-09T02:09:44.210+0000][1][safepoint    ] Application time: 1.0000895 seconds
[2019-12-09T02:09:44.210+0000][1][safepoint    ] Entering safepoint region: Cleanup
[2019-12-09T02:09:44.210+0000][1][safepoint    ] Leaving safepoint region
[2019-12-09T02:09:44.210+0000][1][safepoint    ] Total time for which application threads were stopped: 0.0000763 seconds, Stopping threads took: 0.0000175 seconds
[2019-12-09T02:09:45.210+0000][1][safepoint    ] Application time: 1.0000757 seconds
[2019-12-09T02:09:45.210+0000][1][safepoint    ] Entering safepoint region: Cleanup
[2019-12-09T02:09:45.210+0000][1][safepoint    ] Leaving safepoint region
[2019-12-09T02:09:45.210+0000][1][safepoint    ] Total time for which application threads were stopped: 0.0000734 seconds, Stopping threads took: 0.0000167 seconds
[2019-12-09T02:09:46.210+0000][1][safepoint    ] Application time: 1.0000769 seconds
[2019-12-09T02:09:46.210+0000][1][safepoint    ] Entering safepoint region: Cleanup
[2019-12-09T02:09:46.210+0000][1][safepoint    ] Leaving safepoint region
[2019-12-09T02:09:46.210+0000][1][safepoint    ] Total time for which application threads were stopped: 0.0000765 seconds, Stopping threads took: 0.0000176 seconds
[2019-12-09T02:09:47.210+0000][1][safepoint    ] Application time: 1.0000776 seconds
[2019-12-09T02:09:47.210+0000][1][safepoint    ] Entering safepoint region: Cleanup
[2019-12-09T02:09:47.210+0000][1][safepoint    ] Leaving safepoint region
[2019-12-09T02:09:47.210+0000][1][safepoint    ] Total time for which application threads were stopped: 0.0000774 seconds, Stopping threads took: 0.0000180 seconds
[2019-12-09T02:09:48.210+0000][1][safepoint    ] Application time: 1.0000762 seconds
[2019-12-09T02:09:48.211+0000][1][safepoint    ] Entering safepoint region: Cleanup
[2019-12-09T02:09:48.211+0000][1][safepoint    ] Leaving safepoint region
[2019-12-09T02:09:48.211+0000][1][safepoint    ] Total time for which application threads were stopped: 0.0000766 seconds, Stopping threads took: 0.0000184 seconds
[2019-12-09T02:09:49.211+0000][1][safepoint    ] Application time: 1.0000763 seconds
[2019-12-09T02:09:49.211+0000][1][safepoint    ] Entering safepoint region: Cleanup
[2019-12-09T02:09:49.211+0000][1][safepoint    ] Leaving safepoint region
[2019-12-09T02:09:49.211+0000][1][safepoint    ] Total time for which application threads were stopped: 0.0000763 seconds, Stopping threads took: 0.0000171 seconds
[2019-12-09T02:09:50.211+0000][1][safepoint    ] Application time: 1.0000775 seconds
[2019-12-09T02:09:50.211+0000][1][safepoint    ] Entering safepoint region: Cleanup
[2019-12-09T02:09:50.211+0000][1][safepoint    ] Leaving safepoint region
[2019-12-09T02:09:50.211+0000][1][safepoint    ] Total time for which application threads were stopped: 0.0000811 seconds, Stopping threads took: 0.0000210 seconds
[2019-12-09T02:09:51.211+0000][1][safepoint    ] Application time: 1.0000747 seconds
[2019-12-09T02:09:51.211+0000][1][safepoint    ] Entering safepoint region: Cleanup
[2019-12-09T02:09:51.211+0000][1][safepoint    ] Leaving safepoint region
[2019-12-09T02:09:51.211+0000][1][safepoint    ] Total time for which application threads were stopped: 0.0000803 seconds, Stopping threads took: 0.0000223 seconds
[2019-12-09T02:09:52.211+0000][1][safepoint    ] Application time: 1.0000765 seconds
[2019-12-09T02:09:52.211+0000][1][safepoint    ] Entering safepoint region: Cleanup
[2019-12-09T02:09:52.211+0000][1][safepoint    ] Leaving safepoint region
[2019-12-09T02:09:52.211+0000][1][safepoint    ] Total time for which application threads were stopped: 0.0000769 seconds, Stopping threads took: 0.0000168 seconds
[2019-12-09T02:09:53.211+0000][1][safepoint    ] Application time: 1.0000749 seconds
[2019-12-09T02:09:53.212+0000][1][safepoint    ] Entering safepoint region: Cleanup
[2019-12-09T02:09:53.212+0000][1][safepoint    ] Leaving safepoint region
[2019-12-09T02:09:53.212+0000][1][safepoint    ] Total time for which application threads were stopped: 0.0000759 seconds, Stopping threads took: 0.0000168 seconds
[2019-12-09T02:09:54.212+0000][1][safepoint    ] Application time: 1.0000764 seconds
[2019-12-09T02:09:54.212+0000][1][safepoint    ] Entering safepoint region: Cleanup
[2019-12-09T02:09:54.212+0000][1][safepoint    ] Leaving safepoint region
[2019-12-09T02:09:54.212+0000][1][safepoint    ] Total time for which application threads were stopped: 0.0000993 seconds, Stopping threads took: 0.0000246 seconds
[2019-12-09T02:09:55.212+0000][1][safepoint    ] Application time: 1.0000778 seconds
[2019-12-09T02:09:55.212+0000][1][safepoint    ] Entering safepoint region: Cleanup
[2019-12-09T02:09:55.212+0000][1][safepoint    ] Leaving safepoint region
[2019-12-09T02:09:55.212+0000][1][safepoint    ] Total time for which application threads were stopped: 0.0000754 seconds, Stopping threads took: 0.0000179 seconds
[2019-12-09T02:09:56.212+0000][1][safepoint    ] Application time: 1.0000810 seconds
[2019-12-09T02:09:56.212+0000][1][safepoint    ] Entering safepoint region: Cleanup
[2019-12-09T02:09:56.212+0000][1][safepoint    ] Leaving safepoint region
[2019-12-09T02:09:56.212+0000][1][safepoint    ] Total time for which application threads were stopped: 0.0000866 seconds, Stopping threads took: 0.0000250 seconds
[2019-12-09T02:09:57.212+0000][1][safepoint    ] Application time: 1.0000777 seconds
[2019-12-09T02:09:57.212+0000][1][safepoint    ] Entering safepoint region: Cleanup
[2019-12-09T02:09:57.212+0000][1][safepoint    ] Leaving safepoint region
[2019-12-09T02:09:57.212+0000][1][safepoint    ] Total time for which application threads were stopped: 0.0000771 seconds, Stopping threads took: 0.0000183 seconds
[2019-12-09T02:09:58.212+0000][1][safepoint    ] Application time: 1.0000775 seconds
[2019-12-09T02:09:58.213+0000][1][safepoint    ] Entering safepoint region: Cleanup
[2019-12-09T02:09:58.213+0000][1][safepoint    ] Leaving safepoint region
[2019-12-09T02:09:58.213+0000][1][safepoint    ] Total time for which application threads were stopped: 0.0000767 seconds, Stopping threads took: 0.0000176 seconds
[2019-12-09T02:09:59.213+0000][1][safepoint    ] Application time: 1.0000858 seconds
[2019-12-09T02:09:59.213+0000][1][safepoint    ] Entering safepoint region: Cleanup
[2019-12-09T02:09:59.213+0000][1][safepoint    ] Leaving safepoint region
[2019-12-09T02:09:59.213+0000][1][safepoint    ] Total time for which application threads were stopped: 0.0000736 seconds, Stopping threads took: 0.0000163 seconds
[2019-12-09T02:10:00.213+0000][1][safepoint    ] Application time: 1.0000770 seconds
[2019-12-09T02:10:00.213+0000][1][safepoint    ] Entering safepoint region: Cleanup
[2019-12-09T02:10:00.213+0000][1][safepoint    ] Leaving safepoint region
[2019-12-09T02:10:00.213+0000][1][safepoint    ] Total time for which application threads were stopped: 0.0000820 seconds, Stopping threads took: 0.0000238 seconds
[2019-12-09T02:10:01.213+0000][1][safepoint    ] Application time: 1.0000779 seconds
[2019-12-09T02:10:01.213+0000][1][safepoint    ] Entering safepoint region: Cleanup
[2019-12-09T02:10:01.213+0000][1][safepoint    ] Leaving safepoint region
[2019-12-09T02:10:01.213+0000][1][safepoint    ] Total time for which application threads were stopped: 0.0000784 seconds, Stopping threads took: 0.0000176 seconds
[2019-12-09T02:10:02.213+0000][1][safepoint    ] Application time: 1.0000749 seconds
[2019-12-09T02:10:02.213+0000][1][safepoint    ] Entering safepoint region: Cleanup
[2019-12-09T02:10:02.213+0000][1][safepoint    ] Leaving safepoint region
[2019-12-09T02:10:02.213+0000][1][safepoint    ] Total time for which application threads were stopped: 0.0000776 seconds, Stopping threads took: 0.0000185 seconds
[2019-12-09T02:10:03.213+0000][1][safepoint    ] Application time: 1.0000778 seconds
[2019-12-09T02:10:03.214+0000][1][safepoint    ] Entering safepoint region: Cleanup
[2019-12-09T02:10:03.214+0000][1][safepoint    ] Leaving safepoint region
[2019-12-09T02:10:03.214+0000][1][safepoint    ] Total time for which application threads were stopped: 0.0000826 seconds, Stopping threads took: 0.0000242 seconds
[2019-12-09T02:10:04.214+0000][1][safepoint    ] Application time: 1.0000784 seconds
[2019-12-09T02:10:04.214+0000][1][safepoint    ] Entering safepoint region: Cleanup
[2019-12-09T02:10:04.214+0000][1][safepoint    ] Leaving safepoint region
[2019-12-09T02:10:04.214+0000][1][safepoint    ] Total time for which application threads were stopped: 0.0000852 seconds, Stopping threads took: 0.0000259 seconds
[2019-12-09T02:10:05.214+0000][1][safepoint    ] Application time: 1.0000771 seconds
[2019-12-09T02:10:05.214+0000][1][safepoint    ] Entering safepoint region: Cleanup
[2019-12-09T02:10:05.214+0000][1][safepoint    ] Leaving safepoint region
[2019-12-09T02:10:05.214+0000][1][safepoint    ] Total time for which application threads were stopped: 0.0000796 seconds, Stopping threads took: 0.0000173 seconds
[2019-12-09T02:10:06.214+0000][1][safepoint    ] Application time: 1.0000902 seconds
[2019-12-09T02:10:06.214+0000][1][safepoint    ] Entering safepoint region: Cleanup
[2019-12-09T02:10:06.214+0000][1][safepoint    ] Leaving safepoint region
[2019-12-09T02:10:06.214+0000][1][safepoint    ] Total time for which application threads were stopped: 0.0001322 seconds, Stopping threads took: 0.0000349 seconds
[2019-12-09T02:10:07.214+0000][1][safepoint    ] Application time: 1.0000783 seconds
[2019-12-09T02:10:07.214+0000][1][safepoint    ] Entering safepoint region: Cleanup
[2019-12-09T02:10:07.214+0000][1][safepoint    ] Leaving safepoint region
[2019-12-09T02:10:07.214+0000][1][safepoint    ] Total time for which application threads were stopped: 0.0000776 seconds, Stopping threads took: 0.0000181 seconds
[2019-12-09T02:10:08.215+0000][1][safepoint    ] Application time: 1.0000761 seconds
[2019-12-09T02:10:08.215+0000][1][safepoint    ] Entering safepoint region: Cleanup
[2019-12-09T02:10:08.215+0000][1][safepoint    ] Leaving safepoint region
[2019-12-09T02:10:08.215+0000][1][safepoint    ] Total time for which application threads were stopped: 0.0000930 seconds, Stopping threads took: 0.0000169 seconds
[2019-12-09T02:10:09.215+0000][1][safepoint    ] Application time: 1.0000753 seconds
[2019-12-09T02:10:09.215+0000][1][safepoint    ] Entering safepoint region: Cleanup
[2019-12-09T02:10:09.215+0000][1][safepoint    ] Leaving safepoint region
[2019-12-09T02:10:09.215+0000][1][safepoint    ] Total time for which application threads were stopped: 0.0000777 seconds, Stopping threads took: 0.0000176 seconds
[2019-12-09T02:10:10.931+0000][1][safepoint    ] Application time: 1.7160031 seconds
[2019-12-09T02:10:10.931+0000][1][safepoint    ] Entering safepoint region: Cleanup
[2019-12-09T02:10:10.931+0000][1][safepoint    ] Leaving safepoint region
[2019-12-09T02:10:10.931+0000][1][safepoint    ] Total time for which application threads were stopped: 0.0000893 seconds, Stopping threads took: 0.0000167 seconds
[2019-12-09T02:10:12.837+0000][1][safepoint    ] Application time: 1.9059432 seconds
[2019-12-09T02:10:12.837+0000][1][safepoint    ] Entering safepoint region: Cleanup
[2019-12-09T02:10:12.837+0000][1][safepoint    ] Leaving safepoint region
[2019-12-09T02:10:12.837+0000][1][safepoint    ] Total time for which application threads were stopped: 0.0000872 seconds, Stopping threads took: 0.0000230 seconds
[2019-12-09T02:10:13.837+0000][1][safepoint    ] Application time: 1.0000744 seconds
[2019-12-09T02:10:13.837+0000][1][safepoint    ] Entering safepoint region: Cleanup
[2019-12-09T02:10:13.837+0000][1][safepoint    ] Leaving safepoint region
[2019-12-09T02:10:13.837+0000][1][safepoint    ] Total time for which application threads were stopped: 0.0000741 seconds, Stopping threads took: 0.0000175 seconds
[2019-12-09T02:10:14.837+0000][1][safepoint    ] Application time: 1.0000758 seconds
[2019-12-09T02:10:14.837+0000][1][safepoint    ] Entering safepoint region: Cleanup
[2019-12-09T02:10:14.837+0000][1][safepoint    ] Leaving safepoint region
[2019-12-09T02:10:14.837+0000][1][safepoint    ] Total time for which application threads were stopped: 0.0000710 seconds, Stopping threads took: 0.0000151 seconds
[2019-12-09T02:10:15.838+0000][1][safepoint    ] Application time: 1.0000739 seconds
[2019-12-09T02:10:15.838+0000][1][safepoint    ] Entering safepoint region: Cleanup
[2019-12-09T02:10:15.838+0000][1][safepoint    ] Leaving safepoint region
[2019-12-09T02:10:15.838+0000][1][safepoint    ] Total time for which application threads were stopped: 0.0000959 seconds, Stopping threads took: 0.0000236 seconds
[2019-12-09T02:10:16.838+0000][1][safepoint    ] Application time: 1.0000755 seconds
[2019-12-09T02:10:16.838+0000][1][safepoint    ] Entering safepoint region: Cleanup
[2019-12-09T02:10:16.838+0000][1][safepoint    ] Leaving safepoint region
[2019-12-09T02:10:16.838+0000][1][safepoint    ] Total time for which application threads were stopped: 0.0000739 seconds, Stopping threads took: 0.0000176 seconds
[2019-12-09T02:10:17.838+0000][1][safepoint    ] Application time: 1.0000741 seconds
[2019-12-09T02:10:17.838+0000][1][safepoint    ] Entering safepoint region: Cleanup
[2019-12-09T02:10:17.838+0000][1][safepoint    ] Leaving safepoint region
[2019-12-09T02:10:17.838+0000][1][safepoint    ] Total time for which application threads were stopped: 0.0000812 seconds, Stopping threads took: 0.0000188 seconds
[2019-12-09T02:10:18.838+0000][1][safepoint    ] Application time: 1.0000753 seconds
[2019-12-09T02:10:18.838+0000][1][safepoint    ] Entering safepoint region: Cleanup
[2019-12-09T02:10:18.838+0000][1][safepoint    ] Leaving safepoint region
[2019-12-09T02:10:18.838+0000][1][safepoint    ] Total time for which application threads were stopped: 0.0000740 seconds, Stopping threads took: 0.0000178 seconds
[2019-12-09T02:10:19.838+0000][1][safepoint    ] Application time: 1.0000761 seconds
[2019-12-09T02:10:19.838+0000][1][safepoint    ] Entering safepoint region: Cleanup
[2019-12-09T02:10:19.838+0000][1][safepoint    ] Leaving safepoint region
[2019-12-09T02:10:19.838+0000][1][safepoint    ] Total time for which application threads were stopped: 0.0000774 seconds, Stopping threads took: 0.0000163 seconds
[2019-12-09T02:10:20.839+0000][1][safepoint    ] Application time: 1.0000767 seconds
[2019-12-09T02:10:20.839+0000][1][safepoint    ] Entering safepoint region: Cleanup
[2019-12-09T02:10:20.839+0000][1][safepoint    ] Leaving safepoint region
[2019-12-09T02:10:20.839+0000][1][safepoint    ] Total time for which application threads were stopped: 0.0000955 seconds, Stopping threads took: 0.0000167 seconds
[2019-12-09T02:10:21.839+0000][1][safepoint    ] Application time: 1.0000752 seconds
[2019-12-09T02:10:21.839+0000][1][safepoint    ] Entering safepoint region: Cleanup
[2019-12-09T02:10:21.839+0000][1][safepoint    ] Leaving safepoint region
[2019-12-09T02:10:21.839+0000][1][safepoint    ] Total time for which application threads were stopped: 0.0000787 seconds, Stopping threads took: 0.0000240 seconds
[2019-12-09T02:10:22.839+0000][1][safepoint    ] Application time: 1.0000743 seconds
[2019-12-09T02:10:22.839+0000][1][safepoint    ] Entering safepoint region: Cleanup
[2019-12-09T02:10:22.839+0000][1][safepoint    ] Leaving safepoint region
[2019-12-09T02:10:22.839+0000][1][safepoint    ] Total time for which application threads were stopped: 0.0000726 seconds, Stopping threads took: 0.0000165 seconds
[2019-12-09T02:10:23.839+0000][1][safepoint    ] Application time: 1.0000756 seconds
[2019-12-09T02:10:23.839+0000][1][safepoint    ] Entering safepoint region: Cleanup
[2019-12-09T02:10:23.839+0000][1][safepoint    ] Leaving safepoint region
[2019-12-09T02:10:23.839+0000][1][safepoint    ] Total time for which application threads were stopped: 0.0000693 seconds, Stopping threads took: 0.0000150 seconds
[2019-12-09T02:10:24.839+0000][1][safepoint    ] Application time: 1.0000751 seconds
[2019-12-09T02:10:24.839+0000][1][safepoint    ] Entering safepoint region: Cleanup
[2019-12-09T02:10:24.839+0000][1][safepoint    ] Leaving safepoint region
[2019-12-09T02:10:24.839+0000][1][safepoint    ] Total time for which application threads were stopped: 0.0000691 seconds, Stopping threads took: 0.0000143 seconds
[2019-12-09T02:10:25.840+0000][1][safepoint    ] Application time: 1.0000746 seconds
[2019-12-09T02:10:25.840+0000][1][safepoint    ] Entering safepoint region: Cleanup
[2019-12-09T02:10:25.840+0000][1][safepoint    ] Leaving safepoint region
[2019-12-09T02:10:25.840+0000][1][safepoint    ] Total time for which application threads were stopped: 0.0000879 seconds, Stopping threads took: 0.0000158 seconds
[2019-12-09T02:10:26.840+0000][1][safepoint    ] Application time: 1.0000888 seconds
[2019-12-09T02:10:26.840+0000][1][safepoint    ] Entering safepoint region: Cleanup
[2019-12-09T02:10:26.840+0000][1][safepoint    ] Leaving safepoint region
[2019-12-09T02:10:26.840+0000][1][safepoint    ] Total time for which application threads were stopped: 0.0000839 seconds, Stopping threads took: 0.0000234 seconds
[2019-12-09T02:10:27.840+0000][1][safepoint    ] Application time: 1.0000762 seconds
[2019-12-09T02:10:27.840+0000][1][safepoint    ] Entering safepoint region: Cleanup
[2019-12-09T02:10:27.840+0000][1][safepoint    ] Leaving safepoint region
[2019-12-09T02:10:27.840+0000][1][safepoint    ] Total time for which application threads were stopped: 0.0000716 seconds, Stopping threads took: 0.0000151 seconds
[2019-12-09T02:10:28.840+0000][1][safepoint    ] Application time: 1.0000755 seconds
[2019-12-09T02:10:28.840+0000][1][safepoint    ] Entering safepoint region: Cleanup
[2019-12-09T02:10:28.840+0000][1][safepoint    ] Leaving safepoint region
[2019-12-09T02:10:28.840+0000][1][safepoint    ] Total time for which application threads were stopped: 0.0000718 seconds, Stopping threads took: 0.0000153 seconds
[2019-12-09T02:10:29.840+0000][1][safepoint    ] Application time: 1.0000746 seconds
[2019-12-09T02:10:29.840+0000][1][safepoint    ] Entering safepoint region: Cleanup
[2019-12-09T02:10:29.840+0000][1][safepoint    ] Leaving safepoint region
[2019-12-09T02:10:29.840+0000][1][safepoint    ] Total time for which application threads were stopped: 0.0000686 seconds, Stopping threads took: 0.0000153 seconds
[2019-12-09T02:10:30.841+0000][1][safepoint    ] Application time: 1.0000808 seconds
[2019-12-09T02:10:30.841+0000][1][safepoint    ] Entering safepoint region: Cleanup
[2019-12-09T02:10:30.841+0000][1][safepoint    ] Leaving safepoint region
[2019-12-09T02:10:30.841+0000][1][safepoint    ] Total time for which application threads were stopped: 0.0000720 seconds, Stopping threads took: 0.0000159 seconds
[2019-12-09T02:10:31.841+0000][1][safepoint    ] Application time: 1.0000743 seconds
[2019-12-09T02:10:31.841+0000][1][safepoint    ] Entering safepoint region: Cleanup
[2019-12-09T02:10:31.841+0000][1][safepoint    ] Leaving safepoint region
[2019-12-09T02:10:31.841+0000][1][safepoint    ] Total time for which application threads were stopped: 0.0000745 seconds, Stopping threads took: 0.0000168 seconds
[2019-12-09T02:10:32.841+0000][1][safepoint    ] Application time: 1.0000761 seconds
[2019-12-09T02:10:32.841+0000][1][safepoint    ] Entering safepoint region: Cleanup
[2019-12-09T02:10:32.841+0000][1][safepoint    ] Leaving safepoint region
[2019-12-09T02:10:32.841+0000][1][safepoint    ] Total time for which application threads were stopped: 0.0000707 seconds, Stopping threads took: 0.0000151 seconds
[2019-12-09T02:10:33.841+0000][1][safepoint    ] Application time: 1.0000741 seconds
[2019-12-09T02:10:33.841+0000][1][safepoint    ] Entering safepoint region: Cleanup
[2019-12-09T02:10:33.841+0000][1][safepoint    ] Leaving safepoint region
[2019-12-09T02:10:33.841+0000][1][safepoint    ] Total time for which application threads were stopped: 0.0000802 seconds, Stopping threads took: 0.0000176 seconds
[2019-12-09T02:10:34.841+0000][1][safepoint    ] Application time: 1.0000738 seconds
[2019-12-09T02:10:34.841+0000][1][safepoint    ] Entering safepoint region: Cleanup
[2019-12-09T02:10:34.841+0000][1][safepoint    ] Leaving safepoint region
[2019-12-09T02:10:34.841+0000][1][safepoint    ] Total time for which application threads were stopped: 0.0000733 seconds, Stopping threads took: 0.0000166 seconds
[2019-12-09T02:10:35.841+0000][1][safepoint    ] Application time: 1.0000747 seconds
[2019-12-09T02:10:35.842+0000][1][safepoint    ] Entering safepoint region: Cleanup
[2019-12-09T02:10:35.842+0000][1][safepoint    ] Leaving safepoint region
[2019-12-09T02:10:35.842+0000][1][safepoint    ] Total time for which application threads were stopped: 0.0000856 seconds, Stopping threads took: 0.0000171 seconds
[2019-12-09T02:10:36.842+0000][1][safepoint    ] Application time: 1.0000791 seconds
[2019-12-09T02:10:36.842+0000][1][safepoint    ] Entering safepoint region: Cleanup
[2019-12-09T02:10:36.842+0000][1][safepoint    ] Leaving safepoint region
[2019-12-09T02:10:36.842+0000][1][safepoint    ] Total time for which application threads were stopped: 0.0000939 seconds, Stopping threads took: 0.0000253 seconds
[2019-12-09T02:10:37.842+0000][1][safepoint    ] Application time: 1.0000757 seconds
[2019-12-09T02:10:37.842+0000][1][safepoint    ] Entering safepoint region: Cleanup
[2019-12-09T02:10:37.842+0000][1][safepoint    ] Leaving safepoint region
[2019-12-09T02:10:37.842+0000][1][safepoint    ] Total time for which application threads were stopped: 0.0000717 seconds, Stopping threads took: 0.0000164 seconds
[2019-12-09T02:10:38.842+0000][1][safepoint    ] Application time: 1.0000756 seconds
[2019-12-09T02:10:38.842+0000][1][safepoint    ] Entering safepoint region: Cleanup
[2019-12-09T02:10:38.842+0000][1][safepoint    ] Leaving safepoint region
[2019-12-09T02:10:38.842+0000][1][safepoint    ] Total time for which application threads were stopped: 0.0000706 seconds, Stopping threads took: 0.0000155 seconds
[2019-12-09T02:10:39.842+0000][1][safepoint    ] Application time: 1.0000527 seconds
[2019-12-09T02:10:39.842+0000][1][safepoint    ] Entering safepoint region: Cleanup
[2019-12-09T02:10:39.842+0000][1][safepoint    ] Leaving safepoint region
[2019-12-09T02:10:39.842+0000][1][safepoint    ] Total time for which application threads were stopped: 0.0000743 seconds, Stopping threads took: 0.0000150 seconds
[2019-12-09T02:10:40.842+0000][1][safepoint    ] Application time: 1.0000754 seconds
[2019-12-09T02:10:40.843+0000][1][safepoint    ] Entering safepoint region: Cleanup
[2019-12-09T02:10:40.843+0000][1][safepoint    ] Leaving safepoint region
[2019-12-09T02:10:40.843+0000][1][safepoint    ] Total time for which application threads were stopped: 0.0000713 seconds, Stopping threads took: 0.0000157 seconds
[2019-12-09T02:10:41.843+0000][1][safepoint    ] Application time: 1.0000762 seconds
[2019-12-09T02:10:41.843+0000][1][safepoint    ] Entering safepoint region: Cleanup
[2019-12-09T02:10:41.843+0000][1][safepoint    ] Leaving safepoint region
[2019-12-09T02:10:41.843+0000][1][safepoint    ] Total time for which application threads were stopped: 0.0000850 seconds, Stopping threads took: 0.0000230 seconds
[2019-12-09T02:10:42.843+0000][1][safepoint    ] Application time: 1.0000743 seconds
[2019-12-09T02:10:42.843+0000][1][safepoint    ] Entering safepoint region: Cleanup
[2019-12-09T02:10:42.843+0000][1][safepoint    ] Leaving safepoint region
[2019-12-09T02:10:42.843+0000][1][safepoint    ] Total time for which application threads were stopped: 0.0000773 seconds, Stopping threads took: 0.0000159 seconds
[2019-12-09T02:10:43.843+0000][1][safepoint    ] Application time: 1.0000748 seconds
[2019-12-09T02:10:43.843+0000][1][safepoint    ] Entering safepoint region: Cleanup
[2019-12-09T02:10:43.843+0000][1][safepoint    ] Leaving safepoint region
[2019-12-09T02:10:43.843+0000][1][safepoint    ] Total time for which application threads were stopped: 0.0000776 seconds, Stopping threads took: 0.0000218 seconds
[2019-12-09T02:10:44.843+0000][1][safepoint    ] Application time: 1.0000767 seconds
[2019-12-09T02:10:44.843+0000][1][safepoint    ] Entering safepoint region: Cleanup
[2019-12-09T02:10:44.843+0000][1][safepoint    ] Leaving safepoint region
[2019-12-09T02:10:44.843+0000][1][safepoint    ] Total time for which application threads were stopped: 0.0000771 seconds, Stopping threads took: 0.0000181 seconds
[2019-12-09T02:10:45.843+0000][1][safepoint    ] Application time: 1.0000755 seconds
[2019-12-09T02:10:45.844+0000][1][safepoint    ] Entering safepoint region: Cleanup
[2019-12-09T02:10:45.844+0000][1][safepoint    ] Leaving safepoint region
[2019-12-09T02:10:45.844+0000][1][safepoint    ] Total time for which application threads were stopped: 0.0000788 seconds, Stopping threads took: 0.0000155 seconds
[2019-12-09T02:10:46.844+0000][1][safepoint    ] Application time: 1.0000772 seconds
[2019-12-09T02:10:46.844+0000][1][safepoint    ] Entering safepoint region: Cleanup
[2019-12-09T02:10:46.844+0000][1][safepoint    ] Leaving safepoint region
[2019-12-09T02:10:46.844+0000][1][safepoint    ] Total time for which application threads were stopped: 0.0000723 seconds, Stopping threads took: 0.0000178 seconds
[2019-12-09T02:10:47.844+0000][1][safepoint    ] Application time: 1.0000754 seconds
[2019-12-09T02:10:47.844+0000][1][safepoint    ] Entering safepoint region: Cleanup
[2019-12-09T02:10:47.844+0000][1][safepoint    ] Leaving safepoint region
[2019-12-09T02:10:47.844+0000][1][safepoint    ] Total time for which application threads were stopped: 0.0000852 seconds, Stopping threads took: 0.0000176 seconds
[2019-12-09T02:10:48.844+0000][1][safepoint    ] Application time: 1.0000753 seconds
[2019-12-09T02:10:48.844+0000][1][safepoint    ] Entering safepoint region: Cleanup
[2019-12-09T02:10:48.844+0000][1][safepoint    ] Leaving safepoint region
[2019-12-09T02:10:48.844+0000][1][safepoint    ] Total time for which application threads were stopped: 0.0000729 seconds, Stopping threads took: 0.0000160 seconds
[2019-12-09T02:10:49.844+0000][1][safepoint    ] Application time: 1.0000758 seconds
[2019-12-09T02:10:49.844+0000][1][safepoint    ] Entering safepoint region: Cleanup
[2019-12-09T02:10:49.844+0000][1][safepoint    ] Leaving safepoint region
[2019-12-09T02:10:49.844+0000][1][safepoint    ] Total time for which application threads were stopped: 0.0000702 seconds, Stopping threads took: 0.0000149 seconds
[2019-12-09T02:10:50.844+0000][1][safepoint    ] Application time: 1.0000764 seconds
[2019-12-09T02:10:50.845+0000][1][safepoint    ] Entering safepoint region: Cleanup
[2019-12-09T02:10:50.845+0000][1][safepoint    ] Leaving safepoint region
[2019-12-09T02:10:50.845+0000][1][safepoint    ] Total time for which application threads were stopped: 0.0000750 seconds, Stopping threads took: 0.0000189 seconds
[2019-12-09T02:10:51.845+0000][1][safepoint    ] Application time: 1.0000778 seconds
[2019-12-09T02:10:51.845+0000][1][safepoint    ] Entering safepoint region: Cleanup
[2019-12-09T02:10:51.845+0000][1][safepoint    ] Leaving safepoint region
[2019-12-09T02:10:51.845+0000][1][safepoint    ] Total time for which application threads were stopped: 0.0000846 seconds, Stopping threads took: 0.0000267 seconds
[2019-12-09T02:10:52.845+0000][1][safepoint    ] Application time: 1.0000757 seconds
[2019-12-09T02:10:52.845+0000][1][safepoint    ] Entering safepoint region: Cleanup
[2019-12-09T02:10:52.845+0000][1][safepoint    ] Leaving safepoint region
[2019-12-09T02:10:52.845+0000][1][safepoint    ] Total time for which application threads were stopped: 0.0000716 seconds, Stopping threads took: 0.0000153 seconds
[2019-12-09T02:10:53.845+0000][1][safepoint    ] Application time: 1.0000753 seconds
[2019-12-09T02:10:53.845+0000][1][safepoint    ] Entering safepoint region: Cleanup
[2019-12-09T02:10:53.845+0000][1][safepoint    ] Leaving safepoint region
[2019-12-09T02:10:53.845+0000][1][safepoint    ] Total time for which application threads were stopped: 0.0000741 seconds, Stopping threads took: 0.0000168 seconds
[2019-12-09T02:10:54.964+0000][1][safepoint    ] Application time: 1.1189301 seconds
[2019-12-09T02:10:54.964+0000][1][safepoint    ] Entering safepoint region: Cleanup
[2019-12-09T02:10:54.964+0000][1][safepoint    ] Leaving safepoint region
[2019-12-09T02:10:54.964+0000][1][safepoint    ] Total time for which application threads were stopped: 0.0001556 seconds, Stopping threads took: 0.0000501 seconds
[2019-12-09T02:10:55.964+0000][1][safepoint    ] Application time: 1.0000952 seconds
[2019-12-09T02:10:55.964+0000][1][safepoint    ] Entering safepoint region: Cleanup
[2019-12-09T02:10:55.965+0000][1][safepoint    ] Leaving safepoint region
[2019-12-09T02:10:55.965+0000][1][safepoint    ] Total time for which application threads were stopped: 0.0001735 seconds, Stopping threads took: 0.0000481 seconds
[2019-12-09T02:10:56.965+0000][1][safepoint    ] Application time: 1.0000894 seconds
[2019-12-09T02:10:56.965+0000][1][safepoint    ] Entering safepoint region: Cleanup
[2019-12-09T02:10:56.965+0000][1][safepoint    ] Leaving safepoint region
[2019-12-09T02:10:56.965+0000][1][safepoint    ] Total time for which application threads were stopped: 0.0001054 seconds, Stopping threads took: 0.0000356 seconds
[2019-12-09T02:10:57.965+0000][1][safepoint    ] Application time: 1.0000911 seconds
[2019-12-09T02:10:57.965+0000][1][safepoint    ] Entering safepoint region: Cleanup
[2019-12-09T02:10:57.965+0000][1][safepoint    ] Leaving safepoint region
[2019-12-09T02:10:57.965+0000][1][safepoint    ] Total time for which application threads were stopped: 0.0001113 seconds, Stopping threads took: 0.0000332 seconds
[2019-12-09T02:10:58.965+0000][1][safepoint    ] Application time: 1.0000773 seconds
[2019-12-09T02:10:58.965+0000][1][safepoint    ] Entering safepoint region: Cleanup
[2019-12-09T02:10:58.965+0000][1][safepoint    ] Leaving safepoint region
[2019-12-09T02:10:58.965+0000][1][safepoint    ] Total time for which application threads were stopped: 0.0000755 seconds, Stopping threads took: 0.0000168 seconds
[2019-12-09T02:10:59.965+0000][1][safepoint    ] Application time: 1.0000747 seconds
[2019-12-09T02:10:59.965+0000][1][safepoint    ] Entering safepoint region: Cleanup
[2019-12-09T02:10:59.966+0000][1][safepoint    ] Leaving safepoint region
[2019-12-09T02:10:59.966+0000][1][safepoint    ] Total time for which application threads were stopped: 0.0000743 seconds, Stopping threads took: 0.0000163 seconds
[2019-12-09T02:11:00.966+0000][1][safepoint    ] Application time: 1.0000745 seconds
[2019-12-09T02:11:00.966+0000][1][safepoint    ] Entering safepoint region: Cleanup
[2019-12-09T02:11:00.966+0000][1][safepoint    ] Leaving safepoint region
[2019-12-09T02:11:00.966+0000][1][safepoint    ] Total time for which application threads were stopped: 0.0000883 seconds, Stopping threads took: 0.0000188 seconds
[2019-12-09T02:11:01.966+0000][1][safepoint    ] Application time: 1.0000752 seconds
[2019-12-09T02:11:01.966+0000][1][safepoint    ] Entering safepoint region: Cleanup
[2019-12-09T02:11:01.966+0000][1][safepoint    ] Leaving safepoint region
[2019-12-09T02:11:01.966+0000][1][safepoint    ] Total time for which application threads were stopped: 0.0000838 seconds, Stopping threads took: 0.0000182 seconds
[2019-12-09T02:11:02.966+0000][1][safepoint    ] Application time: 1.0000771 seconds
[2019-12-09T02:11:02.966+0000][1][safepoint    ] Entering safepoint region: Cleanup
[2019-12-09T02:11:02.966+0000][1][safepoint    ] Leaving safepoint region
[2019-12-09T02:11:02.966+0000][1][safepoint    ] Total time for which application threads were stopped: 0.0000763 seconds, Stopping threads took: 0.0000168 seconds
[2019-12-09T02:11:03.966+0000][1][safepoint    ] Application time: 1.0000765 seconds
[2019-12-09T02:11:03.966+0000][1][safepoint    ] Entering safepoint region: Cleanup
[2019-12-09T02:11:03.966+0000][1][safepoint    ] Leaving safepoint region
[2019-12-09T02:11:03.966+0000][1][safepoint    ] Total time for which application threads were stopped: 0.0000771 seconds, Stopping threads took: 0.0000169 seconds
[2019-12-09T02:11:04.966+0000][1][safepoint    ] Application time: 1.0000768 seconds
[2019-12-09T02:11:04.966+0000][1][safepoint    ] Entering safepoint region: Cleanup
[2019-12-09T02:11:04.967+0000][1][safepoint    ] Leaving safepoint region
[2019-12-09T02:11:04.967+0000][1][safepoint    ] Total time for which application threads were stopped: 0.0000741 seconds, Stopping threads took: 0.0000160 seconds
[2019-12-09T02:11:05.967+0000][1][safepoint    ] Application time: 1.0000751 seconds
[2019-12-09T02:11:05.967+0000][1][safepoint    ] Entering safepoint region: Cleanup
[2019-12-09T02:11:05.967+0000][1][safepoint    ] Leaving safepoint region
[2019-12-09T02:11:05.967+0000][1][safepoint    ] Total time for which application threads were stopped: 0.0000903 seconds, Stopping threads took: 0.0000161 seconds
[2019-12-09T02:11:06.967+0000][1][safepoint    ] Application time: 1.0000763 seconds
[2019-12-09T02:11:06.967+0000][1][safepoint    ] Entering safepoint region: Cleanup
[2019-12-09T02:11:06.967+0000][1][safepoint    ] Leaving safepoint region
[2019-12-09T02:11:06.967+0000][1][safepoint    ] Total time for which application threads were stopped: 0.0000739 seconds, Stopping threads took: 0.0000175 seconds
[2019-12-09T02:11:07.967+0000][1][safepoint    ] Application time: 1.0000769 seconds
[2019-12-09T02:11:07.967+0000][1][safepoint    ] Entering safepoint region: Cleanup
[2019-12-09T02:11:07.967+0000][1][safepoint    ] Leaving safepoint region
[2019-12-09T02:11:07.967+0000][1][safepoint    ] Total time for which application threads were stopped: 0.0000767 seconds, Stopping threads took: 0.0000179 seconds
[2019-12-09T02:11:08.967+0000][1][safepoint    ] Application time: 1.0000748 seconds
[2019-12-09T02:11:08.967+0000][1][safepoint    ] Entering safepoint region: Cleanup
[2019-12-09T02:11:08.967+0000][1][safepoint    ] Leaving safepoint region
[2019-12-09T02:11:08.967+0000][1][safepoint    ] Total time for which application threads were stopped: 0.0000774 seconds, Stopping threads took: 0.0000161 seconds
[2019-12-09T02:11:09.967+0000][1][safepoint    ] Application time: 1.0000764 seconds
[2019-12-09T02:11:09.967+0000][1][safepoint    ] Entering safepoint region: Cleanup
[2019-12-09T02:11:09.968+0000][1][safepoint    ] Leaving safepoint region
[2019-12-09T02:11:09.968+0000][1][safepoint    ] Total time for which application threads were stopped: 0.0000767 seconds, Stopping threads took: 0.0000169 seconds
[2019-12-09T02:11:10.968+0000][1][safepoint    ] Application time: 1.0000760 seconds
[2019-12-09T02:11:10.968+0000][1][safepoint    ] Entering safepoint region: Cleanup
[2019-12-09T02:11:10.968+0000][1][safepoint    ] Leaving safepoint region
[2019-12-09T02:11:10.968+0000][1][safepoint    ] Total time for which application threads were stopped: 0.0000857 seconds, Stopping threads took: 0.0000158 seconds
[2019-12-09T02:11:11.968+0000][1][safepoint    ] Application time: 1.0000745 seconds
[2019-12-09T02:11:11.968+0000][1][safepoint    ] Entering safepoint region: Cleanup
[2019-12-09T02:11:11.968+0000][1][safepoint    ] Leaving safepoint region
[2019-12-09T02:11:11.968+0000][1][safepoint    ] Total time for which application threads were stopped: 0.0000747 seconds, Stopping threads took: 0.0000160 seconds
[2019-12-09T02:11:12.968+0000][1][safepoint    ] Application time: 1.0000766 seconds
[2019-12-09T02:11:12.968+0000][1][safepoint    ] Entering safepoint region: Cleanup
[2019-12-09T02:11:12.968+0000][1][safepoint    ] Leaving safepoint region
[2019-12-09T02:11:12.968+0000][1][safepoint    ] Total time for which application threads were stopped: 0.0000736 seconds, Stopping threads took: 0.0000172 seconds
[2019-12-09T02:11:13.968+0000][1][safepoint    ] Application time: 1.0000760 seconds
[2019-12-09T02:11:13.968+0000][1][safepoint    ] Entering safepoint region: Cleanup
[2019-12-09T02:11:13.968+0000][1][safepoint    ] Leaving safepoint region
[2019-12-09T02:11:13.968+0000][1][safepoint    ] Total time for which application threads were stopped: 0.0000748 seconds, Stopping threads took: 0.0000157 seconds
[2019-12-09T02:11:14.968+0000][1][safepoint    ] Application time: 1.0000762 seconds
[2019-12-09T02:11:14.968+0000][1][safepoint    ] Entering safepoint region: Cleanup
[2019-12-09T02:11:14.968+0000][1][safepoint    ] Leaving safepoint region
[2019-12-09T02:11:14.968+0000][1][safepoint    ] Total time for which application threads were stopped: 0.0000741 seconds, Stopping threads took: 0.0000176 seconds
[2019-12-09T02:11:15.969+0000][1][safepoint    ] Application time: 1.0000775 seconds
[2019-12-09T02:11:15.969+0000][1][safepoint    ] Entering safepoint region: Cleanup
[2019-12-09T02:11:15.969+0000][1][safepoint    ] Leaving safepoint region
[2019-12-09T02:11:15.969+0000][1][safepoint    ] Total time for which application threads were stopped: 0.0000723 seconds, Stopping threads took: 0.0000171 seconds
[2019-12-09T02:11:15.981+0000][1][safepoint    ] Application time: 0.0123027 seconds
[2019-12-09T02:11:15.981+0000][1][safepoint    ] Entering safepoint region: GenCollectForAllocation
[2019-12-09T02:11:15.981+0000][1][gc,start     ] GC(26) Pause Young (Allocation Failure)
[2019-12-09T02:11:15.981+0000][1][gc,task      ] GC(26) Using 2 workers of 2 for evacuation
[2019-12-09T02:11:15.986+0000][1][gc,age       ] GC(26) Desired survivor size 4456448 bytes, new threshold 6 (max threshold 6)
[2019-12-09T02:11:15.986+0000][1][gc,age       ] GC(26) Age table with threshold 6 (max threshold 6)
[2019-12-09T02:11:15.986+0000][1][gc,age       ] GC(26) - age   1:      10336 bytes,      10336 total
[2019-12-09T02:11:15.986+0000][1][gc,age       ] GC(26) - age   2:       5632 bytes,      15968 total
[2019-12-09T02:11:15.986+0000][1][gc,age       ] GC(26) - age   3:      24392 bytes,      40360 total
[2019-12-09T02:11:15.986+0000][1][gc,age       ] GC(26) - age   4:    1729056 bytes,    1769416 total
[2019-12-09T02:11:15.986+0000][1][gc,heap      ] GC(26) ParNew: 72699K->2748K(78656K)
[2019-12-09T02:11:15.986+0000][1][gc,heap      ] GC(26) CMS: 67790K->67790K(174784K)
[2019-12-09T02:11:15.986+0000][1][gc,metaspace ] GC(26) Metaspace: 68889K->68889K(1112064K)
[2019-12-09T02:11:15.986+0000][1][gc           ] GC(26) Pause Young (Allocation Failure) 137M->68M(247M) 5.338ms
[2019-12-09T02:11:15.986+0000][1][gc,cpu       ] GC(26) User=0.01s Sys=0.00s Real=0.01s
[2019-12-09T02:11:15.986+0000][1][safepoint    ] Leaving safepoint region
[2019-12-09T02:11:15.986+0000][1][safepoint    ] Total time for which application threads were stopped: 0.0054723 seconds, Stopping threads took: 0.0000132 seconds
[2019-12-09T02:11:16.987+0000][1][safepoint    ] Application time: 1.0000968 seconds
[2019-12-09T02:11:16.987+0000][1][safepoint    ] Entering safepoint region: Cleanup
[2019-12-09T02:11:16.987+0000][1][safepoint    ] Leaving safepoint region
[2019-12-09T02:11:16.987+0000][1][safepoint    ] Total time for which application threads were stopped: 0.0000945 seconds, Stopping threads took: 0.0000197 seconds
[2019-12-09T02:11:17.987+0000][1][safepoint    ] Application time: 1.0000768 seconds
[2019-12-09T02:11:17.987+0000][1][safepoint    ] Entering safepoint region: Cleanup
[2019-12-09T02:11:17.987+0000][1][safepoint    ] Leaving safepoint region
[2019-12-09T02:11:17.987+0000][1][safepoint    ] Total time for which application threads were stopped: 0.0000745 seconds, Stopping threads took: 0.0000171 seconds
[2019-12-09T02:11:18.987+0000][1][safepoint    ] Application time: 1.0000783 seconds
[2019-12-09T02:11:18.987+0000][1][safepoint    ] Entering safepoint region: Cleanup
[2019-12-09T02:11:18.987+0000][1][safepoint    ] Leaving safepoint region
[2019-12-09T02:11:18.987+0000][1][safepoint    ] Total time for which application threads were stopped: 0.0000782 seconds, Stopping threads took: 0.0000177 seconds
[2019-12-09T02:11:19.987+0000][1][safepoint    ] Application time: 1.0000777 seconds
[2019-12-09T02:11:19.987+0000][1][safepoint    ] Entering safepoint region: Cleanup
[2019-12-09T02:11:19.987+0000][1][safepoint    ] Leaving safepoint region
[2019-12-09T02:11:19.987+0000][1][safepoint    ] Total time for which application threads were stopped: 0.0000748 seconds, Stopping threads took: 0.0000166 seconds
[2019-12-09T02:11:20.987+0000][1][safepoint    ] Application time: 1.0000790 seconds
[2019-12-09T02:11:20.987+0000][1][safepoint    ] Entering safepoint region: Cleanup
[2019-12-09T02:11:20.987+0000][1][safepoint    ] Leaving safepoint region
[2019-12-09T02:11:20.987+0000][1][safepoint    ] Total time for which application threads were stopped: 0.0000846 seconds, Stopping threads took: 0.0000166 seconds
[2019-12-09T02:11:21.988+0000][1][safepoint    ] Application time: 1.0000806 seconds
[2019-12-09T02:11:21.988+0000][1][safepoint    ] Entering safepoint region: Cleanup
[2019-12-09T02:11:21.988+0000][1][safepoint    ] Leaving safepoint region
[2019-12-09T02:11:21.988+0000][1][safepoint    ] Total time for which application threads were stopped: 0.0000971 seconds, Stopping threads took: 0.0000168 seconds
[2019-12-09T02:11:22.988+0000][1][safepoint    ] Application time: 1.0000802 seconds
[2019-12-09T02:11:22.988+0000][1][safepoint    ] Entering safepoint region: Cleanup
[2019-12-09T02:11:22.988+0000][1][safepoint    ] Leaving safepoint region
[2019-12-09T02:11:22.988+0000][1][safepoint    ] Total time for which application threads were stopped: 0.0000815 seconds, Stopping threads took: 0.0000163 seconds
[2019-12-09T02:11:23.988+0000][1][safepoint    ] Application time: 1.0000793 seconds
[2019-12-09T02:11:23.988+0000][1][safepoint    ] Entering safepoint region: Cleanup
[2019-12-09T02:11:23.988+0000][1][safepoint    ] Leaving safepoint region
[2019-12-09T02:11:23.988+0000][1][safepoint    ] Total time for which application threads were stopped: 0.0000732 seconds, Stopping threads took: 0.0000161 seconds
[2019-12-09T02:11:24.988+0000][1][safepoint    ] Application time: 1.0000802 seconds
[2019-12-09T02:11:24.988+0000][1][safepoint    ] Entering safepoint region: Cleanup
[2019-12-09T02:11:24.988+0000][1][safepoint    ] Leaving safepoint region
[2019-12-09T02:11:24.988+0000][1][safepoint    ] Total time for which application threads were stopped: 0.0000777 seconds, Stopping threads took: 0.0000177 seconds
[2019-12-09T02:11:25.988+0000][1][safepoint    ] Application time: 1.0000820 seconds
[2019-12-09T02:11:25.988+0000][1][safepoint    ] Entering safepoint region: Cleanup
[2019-12-09T02:11:25.989+0000][1][safepoint    ] Leaving safepoint region
[2019-12-09T02:11:25.989+0000][1][safepoint    ] Total time for which application threads were stopped: 0.0000851 seconds, Stopping threads took: 0.0000274 seconds
[2019-12-09T02:11:26.989+0000][1][safepoint    ] Application time: 1.0000893 seconds
[2019-12-09T02:11:26.989+0000][1][safepoint    ] Entering safepoint region: Cleanup
[2019-12-09T02:11:26.989+0000][1][safepoint    ] Leaving safepoint region
[2019-12-09T02:11:26.989+0000][1][safepoint    ] Total time for which application threads were stopped: 0.0001285 seconds, Stopping threads took: 0.0000475 seconds
[2019-12-09T02:11:27.989+0000][1][safepoint    ] Application time: 1.0000763 seconds
[2019-12-09T02:11:27.989+0000][1][safepoint    ] Entering safepoint region: Cleanup
[2019-12-09T02:11:27.989+0000][1][safepoint    ] Leaving safepoint region
[2019-12-09T02:11:27.989+0000][1][safepoint    ] Total time for which application threads were stopped: 0.0000891 seconds, Stopping threads took: 0.0000189 seconds
[2019-12-09T02:11:28.989+0000][1][safepoint    ] Application time: 1.0000740 seconds
[2019-12-09T02:11:28.989+0000][1][safepoint    ] Entering safepoint region: Cleanup
[2019-12-09T02:11:28.989+0000][1][safepoint    ] Leaving safepoint region
[2019-12-09T02:11:28.989+0000][1][safepoint    ] Total time for which application threads were stopped: 0.0000873 seconds, Stopping threads took: 0.0000171 seconds
[2019-12-09T02:11:29.989+0000][1][safepoint    ] Application time: 1.0000749 seconds
[2019-12-09T02:11:29.989+0000][1][safepoint    ] Entering safepoint region: Cleanup
[2019-12-09T02:11:29.989+0000][1][safepoint    ] Leaving safepoint region
[2019-12-09T02:11:29.989+0000][1][safepoint    ] Total time for which application threads were stopped: 0.0000747 seconds, Stopping threads took: 0.0000166 seconds
[2019-12-09T02:11:30.989+0000][1][safepoint    ] Application time: 1.0000782 seconds
[2019-12-09T02:11:30.990+0000][1][safepoint    ] Entering safepoint region: Cleanup
[2019-12-09T02:11:30.990+0000][1][safepoint    ] Leaving safepoint region
[2019-12-09T02:11:30.990+0000][1][safepoint    ] Total time for which application threads were stopped: 0.0000757 seconds, Stopping threads took: 0.0000175 seconds
[2019-12-09T02:11:31.990+0000][1][safepoint    ] Application time: 1.0000844 seconds
[2019-12-09T02:11:31.990+0000][1][safepoint    ] Entering safepoint region: Cleanup
[2019-12-09T02:11:31.990+0000][1][safepoint    ] Leaving safepoint region
[2019-12-09T02:11:31.990+0000][1][safepoint    ] Total time for which application threads were stopped: 0.0000759 seconds, Stopping threads took: 0.0000178 seconds
[2019-12-09T02:11:32.990+0000][1][safepoint    ] Application time: 1.0000777 seconds
[2019-12-09T02:11:32.990+0000][1][safepoint    ] Entering safepoint region: Cleanup
[2019-12-09T02:11:32.990+0000][1][safepoint    ] Leaving safepoint region
[2019-12-09T02:11:32.990+0000][1][safepoint    ] Total time for which application threads were stopped: 0.0000796 seconds, Stopping threads took: 0.0000187 seconds
[2019-12-09T02:11:33.990+0000][1][safepoint    ] Application time: 1.0000799 seconds
[2019-12-09T02:11:33.990+0000][1][safepoint    ] Entering safepoint region: Cleanup
[2019-12-09T02:11:33.990+0000][1][safepoint    ] Leaving safepoint region
[2019-12-09T02:11:33.990+0000][1][safepoint    ] Total time for which application threads were stopped: 0.0000756 seconds, Stopping threads took: 0.0000178 seconds
[2019-12-09T02:11:34.990+0000][1][safepoint    ] Application time: 1.0000772 seconds
[2019-12-09T02:11:34.990+0000][1][safepoint    ] Entering safepoint region: Cleanup
[2019-12-09T02:11:34.990+0000][1][safepoint    ] Leaving safepoint region
[2019-12-09T02:11:34.990+0000][1][safepoint    ] Total time for which application threads were stopped: 0.0000761 seconds, Stopping threads took: 0.0000175 seconds
[2019-12-09T02:11:35.991+0000][1][safepoint    ] Application time: 1.0000754 seconds
[2019-12-09T02:11:35.991+0000][1][safepoint    ] Entering safepoint region: Cleanup
[2019-12-09T02:11:35.991+0000][1][safepoint    ] Leaving safepoint region
[2019-12-09T02:11:35.991+0000][1][safepoint    ] Total time for which application threads were stopped: 0.0000735 seconds, Stopping threads took: 0.0000172 seconds
[2019-12-09T02:11:36.991+0000][1][safepoint    ] Application time: 1.0000755 seconds
[2019-12-09T02:11:36.991+0000][1][safepoint    ] Entering safepoint region: Cleanup
[2019-12-09T02:11:36.991+0000][1][safepoint    ] Leaving safepoint region
[2019-12-09T02:11:36.991+0000][1][safepoint    ] Total time for which application threads were stopped: 0.0000748 seconds, Stopping threads took: 0.0000163 seconds
[2019-12-09T02:11:37.991+0000][1][safepoint    ] Application time: 1.0000751 seconds
[2019-12-09T02:11:37.991+0000][1][safepoint    ] Entering safepoint region: Cleanup
[2019-12-09T02:11:37.991+0000][1][safepoint    ] Leaving safepoint region
[2019-12-09T02:11:37.991+0000][1][safepoint    ] Total time for which application threads were stopped: 0.0000769 seconds, Stopping threads took: 0.0000177 seconds
[2019-12-09T02:11:38.991+0000][1][safepoint    ] Application time: 1.0000770 seconds
[2019-12-09T02:11:38.991+0000][1][safepoint    ] Entering safepoint region: Cleanup
[2019-12-09T02:11:38.991+0000][1][safepoint    ] Leaving safepoint region
[2019-12-09T02:11:38.991+0000][1][safepoint    ] Total time for which application threads were stopped: 0.0000765 seconds, Stopping threads took: 0.0000179 seconds
[2019-12-09T02:11:39.991+0000][1][safepoint    ] Application time: 1.0000768 seconds
[2019-12-09T02:11:39.991+0000][1][safepoint    ] Entering safepoint region: Cleanup
[2019-12-09T02:11:39.991+0000][1][safepoint    ] Leaving safepoint region
[2019-12-09T02:11:39.991+0000][1][safepoint    ] Total time for which application threads were stopped: 0.0000787 seconds, Stopping threads took: 0.0000199 seconds
[2019-12-09T02:11:40.991+0000][1][safepoint    ] Application time: 1.0000777 seconds
[2019-12-09T02:11:40.992+0000][1][safepoint    ] Entering safepoint region: Cleanup
[2019-12-09T02:11:40.992+0000][1][safepoint    ] Leaving safepoint region
[2019-12-09T02:11:40.992+0000][1][safepoint    ] Total time for which application threads were stopped: 0.0000758 seconds, Stopping threads took: 0.0000174 seconds
[2019-12-09T02:11:41.992+0000][1][safepoint    ] Application time: 1.0000752 seconds
[2019-12-09T02:11:41.992+0000][1][safepoint    ] Entering safepoint region: Cleanup
[2019-12-09T02:11:41.992+0000][1][safepoint    ] Leaving safepoint region
[2019-12-09T02:11:41.992+0000][1][safepoint    ] Total time for which application threads were stopped: 0.0000754 seconds, Stopping threads took: 0.0000172 seconds
[2019-12-09T02:11:43.017+0000][1][safepoint    ] Application time: 1.0253540 seconds
[2019-12-09T02:11:43.017+0000][1][safepoint    ] Entering safepoint region: Cleanup
[2019-12-09T02:11:43.017+0000][1][safepoint    ] Leaving safepoint region
[2019-12-09T02:11:43.017+0000][1][safepoint    ] Total time for which application threads were stopped: 0.0000819 seconds, Stopping threads took: 0.0000215 seconds
[2019-12-09T02:11:44.017+0000][1][safepoint    ] Application time: 1.0000834 seconds
[2019-12-09T02:11:44.017+0000][1][safepoint    ] Entering safepoint region: Cleanup
[2019-12-09T02:11:44.017+0000][1][safepoint    ] Leaving safepoint region
[2019-12-09T02:11:44.017+0000][1][safepoint    ] Total time for which application threads were stopped: 0.0000715 seconds, Stopping threads took: 0.0000165 seconds
[2019-12-09T02:11:45.018+0000][1][safepoint    ] Application time: 1.0000736 seconds
[2019-12-09T02:11:45.018+0000][1][safepoint    ] Entering safepoint region: Cleanup
[2019-12-09T02:11:45.018+0000][1][safepoint    ] Leaving safepoint region
[2019-12-09T02:11:45.018+0000][1][safepoint    ] Total time for which application threads were stopped: 0.0000856 seconds, Stopping threads took: 0.0000169 seconds
[2019-12-09T02:11:46.018+0000][1][safepoint    ] Application time: 1.0000749 seconds
[2019-12-09T02:11:46.018+0000][1][safepoint    ] Entering safepoint region: Cleanup
[2019-12-09T02:11:46.018+0000][1][safepoint    ] Leaving safepoint region
[2019-12-09T02:11:46.018+0000][1][safepoint    ] Total time for which application threads were stopped: 0.0000728 seconds, Stopping threads took: 0.0000160 seconds
[2019-12-09T02:11:47.018+0000][1][safepoint    ] Application time: 1.0000733 seconds
[2019-12-09T02:11:47.018+0000][1][safepoint    ] Entering safepoint region: Cleanup
[2019-12-09T02:11:47.018+0000][1][safepoint    ] Leaving safepoint region
[2019-12-09T02:11:47.018+0000][1][safepoint    ] Total time for which application threads were stopped: 0.0000692 seconds, Stopping threads took: 0.0000146 seconds
[2019-12-09T02:11:48.018+0000][1][safepoint    ] Application time: 1.0000737 seconds
[2019-12-09T02:11:48.018+0000][1][safepoint    ] Entering safepoint region: Cleanup
[2019-12-09T02:11:48.018+0000][1][safepoint    ] Leaving safepoint region
[2019-12-09T02:11:48.018+0000][1][safepoint    ] Total time for which application threads were stopped: 0.0000689 seconds, Stopping threads took: 0.0000150 seconds
[2019-12-09T02:11:49.018+0000][1][safepoint    ] Application time: 1.0000756 seconds
[2019-12-09T02:11:49.018+0000][1][safepoint    ] Entering safepoint region: Cleanup
[2019-12-09T02:11:49.018+0000][1][safepoint    ] Leaving safepoint region
[2019-12-09T02:11:49.018+0000][1][safepoint    ] Total time for which application threads were stopped: 0.0000733 seconds, Stopping threads took: 0.0000148 seconds
[2019-12-09T02:11:50.019+0000][1][safepoint    ] Application time: 1.0000757 seconds
[2019-12-09T02:11:50.019+0000][1][safepoint    ] Entering safepoint region: Cleanup
[2019-12-09T02:11:50.019+0000][1][safepoint    ] Leaving safepoint region
[2019-12-09T02:11:50.019+0000][1][safepoint    ] Total time for which application threads were stopped: 0.0000697 seconds, Stopping threads took: 0.0000145 seconds
[2019-12-09T02:11:51.019+0000][1][safepoint    ] Application time: 1.0000461 seconds
[2019-12-09T02:11:51.019+0000][1][safepoint    ] Entering safepoint region: Cleanup
[2019-12-09T02:11:51.019+0000][1][safepoint    ] Leaving safepoint region
[2019-12-09T02:11:51.019+0000][1][safepoint    ] Total time for which application threads were stopped: 0.0000692 seconds, Stopping threads took: 0.0000156 seconds
[2019-12-09T02:11:52.019+0000][1][safepoint    ] Application time: 1.0000766 seconds
[2019-12-09T02:11:52.019+0000][1][safepoint    ] Entering safepoint region: Cleanup
[2019-12-09T02:11:52.019+0000][1][safepoint    ] Leaving safepoint region
[2019-12-09T02:11:52.019+0000][1][safepoint    ] Total time for which application threads were stopped: 0.0000714 seconds, Stopping threads took: 0.0000148 seconds
[2019-12-09T02:11:53.019+0000][1][safepoint    ] Application time: 1.0000780 seconds
[2019-12-09T02:11:53.019+0000][1][safepoint    ] Entering safepoint region: Cleanup
[2019-12-09T02:11:53.019+0000][1][safepoint    ] Leaving safepoint region
[2019-12-09T02:11:53.019+0000][1][safepoint    ] Total time for which application threads were stopped: 0.0000712 seconds, Stopping threads took: 0.0000150 seconds
[2019-12-09T02:11:54.019+0000][1][safepoint    ] Application time: 1.0000772 seconds
[2019-12-09T02:11:54.019+0000][1][safepoint    ] Entering safepoint region: Cleanup
[2019-12-09T02:11:54.019+0000][1][safepoint    ] Leaving safepoint region
[2019-12-09T02:11:54.019+0000][1][safepoint    ] Total time for which application threads were stopped: 0.0000731 seconds, Stopping threads took: 0.0000168 seconds
[2019-12-09T02:11:55.019+0000][1][safepoint    ] Application time: 1.0000781 seconds
[2019-12-09T02:11:55.020+0000][1][safepoint    ] Entering safepoint region: Cleanup
[2019-12-09T02:11:55.020+0000][1][safepoint    ] Leaving safepoint region
[2019-12-09T02:11:55.020+0000][1][safepoint    ] Total time for which application threads were stopped: 0.0000736 seconds, Stopping threads took: 0.0000164 seconds
[2019-12-09T02:11:56.020+0000][1][safepoint    ] Application time: 1.0000758 seconds
[2019-12-09T02:11:56.020+0000][1][safepoint    ] Entering safepoint region: Cleanup
[2019-12-09T02:11:56.020+0000][1][safepoint    ] Leaving safepoint region
[2019-12-09T02:11:56.020+0000][1][safepoint    ] Total time for which application threads were stopped: 0.0000732 seconds, Stopping threads took: 0.0000167 seconds
[2019-12-09T02:11:57.020+0000][1][safepoint    ] Application time: 1.0000785 seconds
[2019-12-09T02:11:57.020+0000][1][safepoint    ] Entering safepoint region: Cleanup
[2019-12-09T02:11:57.020+0000][1][safepoint    ] Leaving safepoint region
[2019-12-09T02:11:57.020+0000][1][safepoint    ] Total time for which application threads were stopped: 0.0000785 seconds, Stopping threads took: 0.0000227 seconds
[2019-12-09T02:11:58.020+0000][1][safepoint    ] Application time: 1.0000847 seconds
[2019-12-09T02:11:58.020+0000][1][safepoint    ] Entering safepoint region: Cleanup
[2019-12-09T02:11:58.020+0000][1][safepoint    ] Leaving safepoint region
[2019-12-09T02:11:58.020+0000][1][safepoint    ] Total time for which application threads were stopped: 0.0000967 seconds, Stopping threads took: 0.0000216 seconds
[2019-12-09T02:11:59.020+0000][1][safepoint    ] Application time: 1.0000991 seconds
[2019-12-09T02:11:59.020+0000][1][safepoint    ] Entering safepoint region: Cleanup
[2019-12-09T02:11:59.020+0000][1][safepoint    ] Leaving safepoint region
[2019-12-09T02:11:59.020+0000][1][safepoint    ] Total time for which application threads were stopped: 0.0000777 seconds, Stopping threads took: 0.0000170 seconds
[2019-12-09T02:12:00.021+0000][1][safepoint    ] Application time: 1.0001274 seconds
[2019-12-09T02:12:00.021+0000][1][safepoint    ] Entering safepoint region: Cleanup
[2019-12-09T02:12:00.021+0000][1][safepoint    ] Leaving safepoint region
[2019-12-09T02:12:00.021+0000][1][safepoint    ] Total time for which application threads were stopped: 0.0001258 seconds, Stopping threads took: 0.0000467 seconds
[2019-12-09T02:12:01.021+0000][1][safepoint    ] Application time: 1.0000851 seconds
[2019-12-09T02:12:01.021+0000][1][safepoint    ] Entering safepoint region: Cleanup
[2019-12-09T02:12:01.021+0000][1][safepoint    ] Leaving safepoint region
[2019-12-09T02:12:01.021+0000][1][safepoint    ] Total time for which application threads were stopped: 0.0000752 seconds, Stopping threads took: 0.0000170 seconds
[2019-12-09T02:12:02.022+0000][1][safepoint    ] Application time: 1.0007804 seconds
[2019-12-09T02:12:02.022+0000][1][safepoint    ] Entering safepoint region: Cleanup
[2019-12-09T02:12:02.022+0000][1][safepoint    ] Leaving safepoint region
[2019-12-09T02:12:02.022+0000][1][safepoint    ] Total time for which application threads were stopped: 0.0001057 seconds, Stopping threads took: 0.0000253 seconds
[2019-12-09T02:12:03.022+0000][1][safepoint    ] Application time: 1.0000797 seconds
[2019-12-09T02:12:03.022+0000][1][safepoint    ] Entering safepoint region: Cleanup
[2019-12-09T02:12:03.022+0000][1][safepoint    ] Leaving safepoint region
[2019-12-09T02:12:03.022+0000][1][safepoint    ] Total time for which application threads were stopped: 0.0000740 seconds, Stopping threads took: 0.0000164 seconds
[2019-12-09T02:12:04.022+0000][1][safepoint    ] Application time: 1.0000848 seconds
[2019-12-09T02:12:04.022+0000][1][safepoint    ] Entering safepoint region: Cleanup
[2019-12-09T02:12:04.022+0000][1][safepoint    ] Leaving safepoint region
[2019-12-09T02:12:04.022+0000][1][safepoint    ] Total time for which application threads were stopped: 0.0000782 seconds, Stopping threads took: 0.0000183 seconds
[2019-12-09T02:12:05.022+0000][1][safepoint    ] Application time: 1.0000842 seconds
[2019-12-09T02:12:05.022+0000][1][safepoint    ] Entering safepoint region: Cleanup
[2019-12-09T02:12:05.022+0000][1][safepoint    ] Leaving safepoint region
[2019-12-09T02:12:05.022+0000][1][safepoint    ] Total time for which application threads were stopped: 0.0000757 seconds, Stopping threads took: 0.0000172 seconds
[2019-12-09T02:12:06.023+0000][1][safepoint    ] Application time: 1.0000837 seconds
[2019-12-09T02:12:06.023+0000][1][safepoint    ] Entering safepoint region: Cleanup
[2019-12-09T02:12:06.023+0000][1][safepoint    ] Leaving safepoint region
[2019-12-09T02:12:06.023+0000][1][safepoint    ] Total time for which application threads were stopped: 0.0000821 seconds, Stopping threads took: 0.0000171 seconds
[2019-12-09T02:12:07.023+0000][1][safepoint    ] Application time: 1.0000840 seconds
[2019-12-09T02:12:07.023+0000][1][safepoint    ] Entering safepoint region: Cleanup
[2019-12-09T02:12:07.023+0000][1][safepoint    ] Leaving safepoint region
[2019-12-09T02:12:07.023+0000][1][safepoint    ] Total time for which application threads were stopped: 0.0000817 seconds, Stopping threads took: 0.0000192 seconds
[2019-12-09T02:12:08.023+0000][1][safepoint    ] Application time: 1.0000829 seconds
[2019-12-09T02:12:08.023+0000][1][safepoint    ] Entering safepoint region: Cleanup
[2019-12-09T02:12:08.023+0000][1][safepoint    ] Leaving safepoint region
[2019-12-09T02:12:08.023+0000][1][safepoint    ] Total time for which application threads were stopped: 0.0001132 seconds, Stopping threads took: 0.0000316 seconds
[2019-12-09T02:12:09.023+0000][1][safepoint    ] Application time: 1.0000788 seconds
[2019-12-09T02:12:09.023+0000][1][safepoint    ] Entering safepoint region: Cleanup
[2019-12-09T02:12:09.023+0000][1][safepoint    ] Leaving safepoint region
[2019-12-09T02:12:09.023+0000][1][safepoint    ] Total time for which application threads were stopped: 0.0000752 seconds, Stopping threads took: 0.0000163 seconds
[2019-12-09T02:12:10.023+0000][1][safepoint    ] Application time: 1.0000771 seconds
[2019-12-09T02:12:10.023+0000][1][safepoint    ] Entering safepoint region: Cleanup
[2019-12-09T02:12:10.024+0000][1][safepoint    ] Leaving safepoint region
[2019-12-09T02:12:10.024+0000][1][safepoint    ] Total time for which application threads were stopped: 0.0000734 seconds, Stopping threads took: 0.0000160 seconds
[2019-12-09T02:12:11.024+0000][1][safepoint    ] Application time: 1.0000770 seconds
[2019-12-09T02:12:11.024+0000][1][safepoint    ] Entering safepoint region: Cleanup
[2019-12-09T02:12:11.024+0000][1][safepoint    ] Leaving safepoint region
[2019-12-09T02:12:11.024+0000][1][safepoint    ] Total time for which application threads were stopped: 0.0000852 seconds, Stopping threads took: 0.0000163 seconds
[2019-12-09T02:12:12.024+0000][1][safepoint    ] Application time: 1.0000786 seconds
[2019-12-09T02:12:12.024+0000][1][safepoint    ] Entering safepoint region: Cleanup
[2019-12-09T02:12:12.024+0000][1][safepoint    ] Leaving safepoint region
[2019-12-09T02:12:12.024+0000][1][safepoint    ] Total time for which application threads were stopped: 0.0000775 seconds, Stopping threads took: 0.0000172 seconds
[2019-12-09T02:12:13.024+0000][1][safepoint    ] Application time: 1.0000770 seconds
[2019-12-09T02:12:13.024+0000][1][safepoint    ] Entering safepoint region: Cleanup
[2019-12-09T02:12:13.024+0000][1][safepoint    ] Leaving safepoint region
[2019-12-09T02:12:13.024+0000][1][safepoint    ] Total time for which application threads were stopped: 0.0000833 seconds, Stopping threads took: 0.0000181 seconds
[2019-12-09T02:12:14.024+0000][1][safepoint    ] Application time: 1.0000775 seconds
[2019-12-09T02:12:14.024+0000][1][safepoint    ] Entering safepoint region: Cleanup
[2019-12-09T02:12:14.024+0000][1][safepoint    ] Leaving safepoint region
[2019-12-09T02:12:14.024+0000][1][safepoint    ] Total time for which application threads were stopped: 0.0000856 seconds, Stopping threads took: 0.0000171 seconds
[2019-12-09T02:12:15.024+0000][1][safepoint    ] Application time: 1.0000780 seconds
[2019-12-09T02:12:15.024+0000][1][safepoint    ] Entering safepoint region: Cleanup
[2019-12-09T02:12:15.025+0000][1][safepoint    ] Leaving safepoint region
[2019-12-09T02:12:15.025+0000][1][safepoint    ] Total time for which application threads were stopped: 0.0000766 seconds, Stopping threads took: 0.0000177 seconds
[2019-12-09T02:12:16.025+0000][1][safepoint    ] Application time: 1.0000779 seconds
[2019-12-09T02:12:16.025+0000][1][safepoint    ] Entering safepoint region: Cleanup
[2019-12-09T02:12:16.025+0000][1][safepoint    ] Leaving safepoint region
[2019-12-09T02:12:16.025+0000][1][safepoint    ] Total time for which application threads were stopped: 0.0000877 seconds, Stopping threads took: 0.0000279 seconds
[2019-12-09T02:12:17.025+0000][1][safepoint    ] Application time: 1.0000771 seconds
[2019-12-09T02:12:17.025+0000][1][safepoint    ] Entering safepoint region: Cleanup
[2019-12-09T02:12:17.025+0000][1][safepoint    ] Leaving safepoint region
[2019-12-09T02:12:17.025+0000][1][safepoint    ] Total time for which application threads were stopped: 0.0000772 seconds, Stopping threads took: 0.0000170 seconds
[2019-12-09T02:12:18.025+0000][1][safepoint    ] Application time: 1.0000763 seconds
[2019-12-09T02:12:18.025+0000][1][safepoint    ] Entering safepoint region: Cleanup
[2019-12-09T02:12:18.025+0000][1][safepoint    ] Leaving safepoint region
[2019-12-09T02:12:18.025+0000][1][safepoint    ] Total time for which application threads were stopped: 0.0000772 seconds, Stopping threads took: 0.0000186 seconds
[2019-12-09T02:12:19.025+0000][1][safepoint    ] Application time: 1.0000781 seconds
[2019-12-09T02:12:19.025+0000][1][safepoint    ] Entering safepoint region: Cleanup
[2019-12-09T02:12:19.025+0000][1][safepoint    ] Leaving safepoint region
[2019-12-09T02:12:19.025+0000][1][safepoint    ] Total time for which application threads were stopped: 0.0000747 seconds, Stopping threads took: 0.0000174 seconds
[2019-12-09T02:12:20.025+0000][1][safepoint    ] Application time: 1.0000763 seconds
[2019-12-09T02:12:20.025+0000][1][safepoint    ] Entering safepoint region: Cleanup
[2019-12-09T02:12:20.026+0000][1][safepoint    ] Leaving safepoint region
[2019-12-09T02:12:20.026+0000][1][safepoint    ] Total time for which application threads were stopped: 0.0000735 seconds, Stopping threads took: 0.0000173 seconds
[2019-12-09T02:12:21.026+0000][1][safepoint    ] Application time: 1.0000779 seconds
[2019-12-09T02:12:21.026+0000][1][safepoint    ] Entering safepoint region: Cleanup
[2019-12-09T02:12:21.026+0000][1][safepoint    ] Leaving safepoint region
[2019-12-09T02:12:21.026+0000][1][safepoint    ] Total time for which application threads were stopped: 0.0000868 seconds, Stopping threads took: 0.0000172 seconds
[2019-12-09T02:12:22.026+0000][1][safepoint    ] Application time: 1.0000742 seconds
[2019-12-09T02:12:22.026+0000][1][safepoint    ] Entering safepoint region: Cleanup
[2019-12-09T02:12:22.026+0000][1][safepoint    ] Leaving safepoint region
[2019-12-09T02:12:22.026+0000][1][safepoint    ] Total time for which application threads were stopped: 0.0000765 seconds, Stopping threads took: 0.0000183 seconds
[2019-12-09T02:12:23.026+0000][1][safepoint    ] Application time: 1.0000758 seconds
[2019-12-09T02:12:23.026+0000][1][safepoint    ] Entering safepoint region: Cleanup
[2019-12-09T02:12:23.026+0000][1][safepoint    ] Leaving safepoint region
[2019-12-09T02:12:23.026+0000][1][safepoint    ] Total time for which application threads were stopped: 0.0000851 seconds, Stopping threads took: 0.0000172 seconds
[2019-12-09T02:12:24.026+0000][1][safepoint    ] Application time: 1.0000759 seconds
[2019-12-09T02:12:24.026+0000][1][safepoint    ] Entering safepoint region: Cleanup
[2019-12-09T02:12:24.026+0000][1][safepoint    ] Leaving safepoint region
[2019-12-09T02:12:24.026+0000][1][safepoint    ] Total time for which application threads were stopped: 0.0000884 seconds, Stopping threads took: 0.0000174 seconds
[2019-12-09T02:12:25.026+0000][1][safepoint    ] Application time: 1.0000742 seconds
[2019-12-09T02:12:25.026+0000][1][safepoint    ] Entering safepoint region: Cleanup
[2019-12-09T02:12:25.027+0000][1][safepoint    ] Leaving safepoint region
[2019-12-09T02:12:25.027+0000][1][safepoint    ] Total time for which application threads were stopped: 0.0000771 seconds, Stopping threads took: 0.0000182 seconds
[2019-12-09T02:12:26.027+0000][1][safepoint    ] Application time: 1.0000777 seconds
[2019-12-09T02:12:26.027+0000][1][safepoint    ] Entering safepoint region: Cleanup
[2019-12-09T02:12:26.027+0000][1][safepoint    ] Leaving safepoint region
[2019-12-09T02:12:26.027+0000][1][safepoint    ] Total time for which application threads were stopped: 0.0000840 seconds, Stopping threads took: 0.0000161 seconds
[2019-12-09T02:12:27.027+0000][1][safepoint    ] Application time: 1.0000766 seconds
[2019-12-09T02:12:27.027+0000][1][safepoint    ] Entering safepoint region: Cleanup
[2019-12-09T02:12:27.027+0000][1][safepoint    ] Leaving safepoint region
[2019-12-09T02:12:27.027+0000][1][safepoint    ] Total time for which application threads were stopped: 0.0000791 seconds, Stopping threads took: 0.0000240 seconds
[2019-12-09T02:12:28.027+0000][1][safepoint    ] Application time: 1.0000774 seconds
[2019-12-09T02:12:28.027+0000][1][safepoint    ] Entering safepoint region: Cleanup
[2019-12-09T02:12:28.027+0000][1][safepoint    ] Leaving safepoint region
[2019-12-09T02:12:28.027+0000][1][safepoint    ] Total time for which application threads were stopped: 0.0000776 seconds, Stopping threads took: 0.0000187 seconds
[2019-12-09T02:12:29.027+0000][1][safepoint    ] Application time: 1.0000774 seconds
[2019-12-09T02:12:29.027+0000][1][safepoint    ] Entering safepoint region: Cleanup
[2019-12-09T02:12:29.027+0000][1][safepoint    ] Leaving safepoint region
[2019-12-09T02:12:29.027+0000][1][safepoint    ] Total time for which application threads were stopped: 0.0000751 seconds, Stopping threads took: 0.0000176 seconds
[2019-12-09T02:12:30.027+0000][1][safepoint    ] Application time: 1.0000807 seconds
[2019-12-09T02:12:30.027+0000][1][safepoint    ] Entering safepoint region: Cleanup
[2019-12-09T02:12:30.027+0000][1][safepoint    ] Leaving safepoint region
[2019-12-09T02:12:30.027+0000][1][safepoint    ] Total time for which application threads were stopped: 0.0000803 seconds, Stopping threads took: 0.0000170 seconds
[2019-12-09T02:12:31.028+0000][1][safepoint    ] Application time: 1.0000770 seconds
[2019-12-09T02:12:31.028+0000][1][safepoint    ] Entering safepoint region: Cleanup
[2019-12-09T02:12:31.028+0000][1][safepoint    ] Leaving safepoint region
[2019-12-09T02:12:31.028+0000][1][safepoint    ] Total time for which application threads were stopped: 0.0000887 seconds, Stopping threads took: 0.0000180 seconds
[2019-12-09T02:12:32.028+0000][1][safepoint    ] Application time: 1.0000830 seconds
[2019-12-09T02:12:32.028+0000][1][safepoint    ] Entering safepoint region: Cleanup
[2019-12-09T02:12:32.028+0000][1][safepoint    ] Leaving safepoint region
[2019-12-09T02:12:32.028+0000][1][safepoint    ] Total time for which application threads were stopped: 0.0000983 seconds, Stopping threads took: 0.0000216 seconds
[2019-12-09T02:12:33.028+0000][1][safepoint    ] Application time: 1.0000819 seconds
[2019-12-09T02:12:33.028+0000][1][safepoint    ] Entering safepoint region: Cleanup
[2019-12-09T02:12:33.028+0000][1][safepoint    ] Leaving safepoint region
[2019-12-09T02:12:33.028+0000][1][safepoint    ] Total time for which application threads were stopped: 0.0000775 seconds, Stopping threads took: 0.0000184 seconds
[2019-12-09T02:12:34.028+0000][1][safepoint    ] Application time: 1.0000778 seconds
[2019-12-09T02:12:34.028+0000][1][safepoint    ] Entering safepoint region: Cleanup
[2019-12-09T02:12:34.028+0000][1][safepoint    ] Leaving safepoint region
[2019-12-09T02:12:34.028+0000][1][safepoint    ] Total time for which application threads were stopped: 0.0000771 seconds, Stopping threads took: 0.0000175 seconds
[2019-12-09T02:12:35.028+0000][1][safepoint    ] Application time: 1.0000773 seconds
[2019-12-09T02:12:35.028+0000][1][safepoint    ] Entering safepoint region: Cleanup
[2019-12-09T02:12:35.029+0000][1][safepoint    ] Leaving safepoint region
[2019-12-09T02:12:35.029+0000][1][safepoint    ] Total time for which application threads were stopped: 0.0000794 seconds, Stopping threads took: 0.0000168 seconds
[2019-12-09T02:12:36.029+0000][1][safepoint    ] Application time: 1.0000784 seconds
[2019-12-09T02:12:36.029+0000][1][safepoint    ] Entering safepoint region: Cleanup
[2019-12-09T02:12:36.029+0000][1][safepoint    ] Leaving safepoint region
[2019-12-09T02:12:36.029+0000][1][safepoint    ] Total time for which application threads were stopped: 0.0000913 seconds, Stopping threads took: 0.0000178 seconds
[2019-12-09T02:12:37.029+0000][1][safepoint    ] Application time: 1.0000779 seconds
[2019-12-09T02:12:37.029+0000][1][safepoint    ] Entering safepoint region: Cleanup
[2019-12-09T02:12:37.029+0000][1][safepoint    ] Leaving safepoint region
[2019-12-09T02:12:37.029+0000][1][safepoint    ] Total time for which application threads were stopped: 0.0000828 seconds, Stopping threads took: 0.0000178 seconds
[2019-12-09T02:12:38.029+0000][1][safepoint    ] Application time: 1.0000789 seconds
[2019-12-09T02:12:38.029+0000][1][safepoint    ] Entering safepoint region: Cleanup
[2019-12-09T02:12:38.029+0000][1][safepoint    ] Leaving safepoint region
[2019-12-09T02:12:38.029+0000][1][safepoint    ] Total time for which application threads were stopped: 0.0000760 seconds, Stopping threads took: 0.0000172 seconds
[2019-12-09T02:12:39.029+0000][1][safepoint    ] Application time: 1.0000780 seconds
[2019-12-09T02:12:39.029+0000][1][safepoint    ] Entering safepoint region: Cleanup
[2019-12-09T02:12:39.029+0000][1][safepoint    ] Leaving safepoint region
[2019-12-09T02:12:39.029+0000][1][safepoint    ] Total time for which application threads were stopped: 0.0000788 seconds, Stopping threads took: 0.0000179 seconds
[2019-12-09T02:12:40.029+0000][1][safepoint    ] Application time: 1.0000778 seconds
[2019-12-09T02:12:40.029+0000][1][safepoint    ] Entering safepoint region: Cleanup
[2019-12-09T02:12:40.030+0000][1][safepoint    ] Leaving safepoint region
[2019-12-09T02:12:40.030+0000][1][safepoint    ] Total time for which application threads were stopped: 0.0000757 seconds, Stopping threads took: 0.0000165 seconds
[2019-12-09T02:12:41.030+0000][1][safepoint    ] Application time: 1.0000773 seconds
[2019-12-09T02:12:41.030+0000][1][safepoint    ] Entering safepoint region: Cleanup
[2019-12-09T02:12:41.030+0000][1][safepoint    ] Leaving safepoint region
[2019-12-09T02:12:41.030+0000][1][safepoint    ] Total time for which application threads were stopped: 0.0000880 seconds, Stopping threads took: 0.0000308 seconds
[2019-12-09T02:12:42.030+0000][1][safepoint    ] Application time: 1.0000775 seconds
[2019-12-09T02:12:42.030+0000][1][safepoint    ] Entering safepoint region: Cleanup
[2019-12-09T02:12:42.030+0000][1][safepoint    ] Leaving safepoint region
[2019-12-09T02:12:42.030+0000][1][safepoint    ] Total time for which application threads were stopped: 0.0000786 seconds, Stopping threads took: 0.0000187 seconds
[2019-12-09T02:12:43.030+0000][1][safepoint    ] Application time: 1.0000765 seconds
[2019-12-09T02:12:43.030+0000][1][safepoint    ] Entering safepoint region: Cleanup
[2019-12-09T02:12:43.030+0000][1][safepoint    ] Leaving safepoint region
[2019-12-09T02:12:43.030+0000][1][safepoint    ] Total time for which application threads were stopped: 0.0000862 seconds, Stopping threads took: 0.0000181 seconds
[2019-12-09T02:12:44.030+0000][1][safepoint    ] Application time: 1.0000774 seconds
[2019-12-09T02:12:44.030+0000][1][safepoint    ] Entering safepoint region: Cleanup
[2019-12-09T02:12:44.030+0000][1][safepoint    ] Leaving safepoint region
[2019-12-09T02:12:44.030+0000][1][safepoint    ] Total time for which application threads were stopped: 0.0000752 seconds, Stopping threads took: 0.0000174 seconds
[2019-12-09T02:12:45.030+0000][1][safepoint    ] Application time: 1.0000757 seconds
[2019-12-09T02:12:45.030+0000][1][safepoint    ] Entering safepoint region: Cleanup
[2019-12-09T02:12:45.031+0000][1][safepoint    ] Leaving safepoint region
[2019-12-09T02:12:45.031+0000][1][safepoint    ] Total time for which application threads were stopped: 0.0000764 seconds, Stopping threads took: 0.0000173 seconds
[2019-12-09T02:12:46.031+0000][1][safepoint    ] Application time: 1.0000766 seconds
[2019-12-09T02:12:46.031+0000][1][safepoint    ] Entering safepoint region: Cleanup
[2019-12-09T02:12:46.031+0000][1][safepoint    ] Leaving safepoint region
[2019-12-09T02:12:46.031+0000][1][safepoint    ] Total time for which application threads were stopped: 0.0000777 seconds, Stopping threads took: 0.0000173 seconds
[2019-12-09T02:12:47.031+0000][1][safepoint    ] Application time: 1.0000759 seconds
[2019-12-09T02:12:47.031+0000][1][safepoint    ] Entering safepoint region: Cleanup
[2019-12-09T02:12:47.031+0000][1][safepoint    ] Leaving safepoint region
[2019-12-09T02:12:47.031+0000][1][safepoint    ] Total time for which application threads were stopped: 0.0000758 seconds, Stopping threads took: 0.0000171 seconds
[2019-12-09T02:12:48.031+0000][1][safepoint    ] Application time: 1.0000753 seconds
[2019-12-09T02:12:48.031+0000][1][safepoint    ] Entering safepoint region: Cleanup
[2019-12-09T02:12:48.031+0000][1][safepoint    ] Leaving safepoint region
[2019-12-09T02:12:48.031+0000][1][safepoint    ] Total time for which application threads were stopped: 0.0000777 seconds, Stopping threads took: 0.0000174 seconds
[2019-12-09T02:12:49.031+0000][1][safepoint    ] Application time: 1.0000766 seconds
[2019-12-09T02:12:49.031+0000][1][safepoint    ] Entering safepoint region: Cleanup
[2019-12-09T02:12:49.031+0000][1][safepoint    ] Leaving safepoint region
[2019-12-09T02:12:49.031+0000][1][safepoint    ] Total time for which application threads were stopped: 0.0000764 seconds, Stopping threads took: 0.0000172 seconds
[2019-12-09T02:12:50.031+0000][1][safepoint    ] Application time: 1.0000769 seconds
[2019-12-09T02:12:50.031+0000][1][safepoint    ] Entering safepoint region: Cleanup
[2019-12-09T02:12:50.032+0000][1][safepoint    ] Leaving safepoint region
[2019-12-09T02:12:50.032+0000][1][safepoint    ] Total time for which application threads were stopped: 0.0000743 seconds, Stopping threads took: 0.0000168 seconds
[2019-12-09T02:12:51.032+0000][1][safepoint    ] Application time: 1.0000765 seconds
[2019-12-09T02:12:51.032+0000][1][safepoint    ] Entering safepoint region: Cleanup
[2019-12-09T02:12:51.032+0000][1][safepoint    ] Leaving safepoint region
[2019-12-09T02:12:51.032+0000][1][safepoint    ] Total time for which application threads were stopped: 0.0000909 seconds, Stopping threads took: 0.0000284 seconds
[2019-12-09T02:12:52.032+0000][1][safepoint    ] Application time: 1.0000771 seconds
[2019-12-09T02:12:52.032+0000][1][safepoint    ] Entering safepoint region: Cleanup
[2019-12-09T02:12:52.032+0000][1][safepoint    ] Leaving safepoint region
[2019-12-09T02:12:52.032+0000][1][safepoint    ] Total time for which application threads were stopped: 0.0000729 seconds, Stopping threads took: 0.0000172 seconds
[2019-12-09T02:12:53.032+0000][1][safepoint    ] Application time: 1.0000749 seconds
[2019-12-09T02:12:53.032+0000][1][safepoint    ] Entering safepoint region: Cleanup
[2019-12-09T02:12:53.032+0000][1][safepoint    ] Leaving safepoint region
[2019-12-09T02:12:53.032+0000][1][safepoint    ] Total time for which application threads were stopped: 0.0000787 seconds, Stopping threads took: 0.0000188 seconds
[2019-12-09T02:12:54.032+0000][1][safepoint    ] Application time: 1.0000749 seconds
[2019-12-09T02:12:54.032+0000][1][safepoint    ] Entering safepoint region: Cleanup
[2019-12-09T02:12:54.032+0000][1][safepoint    ] Leaving safepoint region
[2019-12-09T02:12:54.032+0000][1][safepoint    ] Total time for which application threads were stopped: 0.0000767 seconds, Stopping threads took: 0.0000182 seconds
[2019-12-09T02:12:55.032+0000][1][safepoint    ] Application time: 1.0000768 seconds
[2019-12-09T02:12:55.032+0000][1][safepoint    ] Entering safepoint region: Cleanup
[2019-12-09T02:12:55.033+0000][1][safepoint    ] Leaving safepoint region
[2019-12-09T02:12:55.033+0000][1][safepoint    ] Total time for which application threads were stopped: 0.0000797 seconds, Stopping threads took: 0.0000162 seconds
[2019-12-09T02:12:56.033+0000][1][safepoint    ] Application time: 1.0000765 seconds
[2019-12-09T02:12:56.033+0000][1][safepoint    ] Entering safepoint region: Cleanup
[2019-12-09T02:12:56.033+0000][1][safepoint    ] Leaving safepoint region
[2019-12-09T02:12:56.033+0000][1][safepoint    ] Total time for which application threads were stopped: 0.0000904 seconds, Stopping threads took: 0.0000181 seconds
[2019-12-09T02:12:57.033+0000][1][safepoint    ] Application time: 1.0000783 seconds
[2019-12-09T02:12:57.033+0000][1][safepoint    ] Entering safepoint region: Cleanup
[2019-12-09T02:12:57.033+0000][1][safepoint    ] Leaving safepoint region
[2019-12-09T02:12:57.033+0000][1][safepoint    ] Total time for which application threads were stopped: 0.0000843 seconds, Stopping threads took: 0.0000258 seconds
[2019-12-09T02:12:58.033+0000][1][safepoint    ] Application time: 1.0000797 seconds
[2019-12-09T02:12:58.033+0000][1][safepoint    ] Entering safepoint region: Cleanup
[2019-12-09T02:12:58.033+0000][1][safepoint    ] Leaving safepoint region
[2019-12-09T02:12:58.033+0000][1][safepoint    ] Total time for which application threads were stopped: 0.0000915 seconds, Stopping threads took: 0.0000279 seconds
[2019-12-09T02:12:59.033+0000][1][safepoint    ] Application time: 1.0000777 seconds
[2019-12-09T02:12:59.033+0000][1][safepoint    ] Entering safepoint region: Cleanup
[2019-12-09T02:12:59.033+0000][1][safepoint    ] Leaving safepoint region
[2019-12-09T02:12:59.033+0000][1][safepoint    ] Total time for which application threads were stopped: 0.0000774 seconds, Stopping threads took: 0.0000179 seconds
[2019-12-09T02:13:00.033+0000][1][safepoint    ] Application time: 1.0000815 seconds
[2019-12-09T02:13:00.034+0000][1][safepoint    ] Entering safepoint region: Cleanup
[2019-12-09T02:13:00.034+0000][1][safepoint    ] Leaving safepoint region
[2019-12-09T02:13:00.034+0000][1][safepoint    ] Total time for which application threads were stopped: 0.0000764 seconds, Stopping threads took: 0.0000174 seconds
[2019-12-09T02:13:01.034+0000][1][safepoint    ] Application time: 1.0000833 seconds
[2019-12-09T02:13:01.034+0000][1][safepoint    ] Entering safepoint region: Cleanup
[2019-12-09T02:13:01.034+0000][1][safepoint    ] Leaving safepoint region
[2019-12-09T02:13:01.034+0000][1][safepoint    ] Total time for which application threads were stopped: 0.0001099 seconds, Stopping threads took: 0.0000260 seconds
[2019-12-09T02:13:02.034+0000][1][safepoint    ] Application time: 1.0000810 seconds
[2019-12-09T02:13:02.034+0000][1][safepoint    ] Entering safepoint region: Cleanup
[2019-12-09T02:13:02.034+0000][1][safepoint    ] Leaving safepoint region
[2019-12-09T02:13:02.034+0000][1][safepoint    ] Total time for which application threads were stopped: 0.0000791 seconds, Stopping threads took: 0.0000170 seconds
[2019-12-09T02:13:03.034+0000][1][safepoint    ] Application time: 1.0000811 seconds
[2019-12-09T02:13:03.034+0000][1][safepoint    ] Entering safepoint region: Cleanup
[2019-12-09T02:13:03.034+0000][1][safepoint    ] Leaving safepoint region
[2019-12-09T02:13:03.034+0000][1][safepoint    ] Total time for which application threads were stopped: 0.0000833 seconds, Stopping threads took: 0.0000243 seconds
[2019-12-09T02:13:04.034+0000][1][safepoint    ] Application time: 1.0000786 seconds
[2019-12-09T02:13:04.034+0000][1][safepoint    ] Entering safepoint region: Cleanup
[2019-12-09T02:13:04.034+0000][1][safepoint    ] Leaving safepoint region
[2019-12-09T02:13:04.034+0000][1][safepoint    ] Total time for which application threads were stopped: 0.0000755 seconds, Stopping threads took: 0.0000169 seconds
[2019-12-09T02:13:05.035+0000][1][safepoint    ] Application time: 1.0000809 seconds
[2019-12-09T02:13:05.035+0000][1][safepoint    ] Entering safepoint region: Cleanup
[2019-12-09T02:13:05.035+0000][1][safepoint    ] Leaving safepoint region
[2019-12-09T02:13:05.035+0000][1][safepoint    ] Total time for which application threads were stopped: 0.0000751 seconds, Stopping threads took: 0.0000174 seconds
[2019-12-09T02:13:06.035+0000][1][safepoint    ] Application time: 1.0000889 seconds
[2019-12-09T02:13:06.035+0000][1][safepoint    ] Entering safepoint region: Cleanup
[2019-12-09T02:13:06.035+0000][1][safepoint    ] Leaving safepoint region
[2019-12-09T02:13:06.035+0000][1][safepoint    ] Total time for which application threads were stopped: 0.0000780 seconds, Stopping threads took: 0.0000175 seconds
[2019-12-09T02:13:07.035+0000][1][safepoint    ] Application time: 1.0000797 seconds
[2019-12-09T02:13:07.035+0000][1][safepoint    ] Entering safepoint region: Cleanup
[2019-12-09T02:13:07.035+0000][1][safepoint    ] Leaving safepoint region
[2019-12-09T02:13:07.035+0000][1][safepoint    ] Total time for which application threads were stopped: 0.0000765 seconds, Stopping threads took: 0.0000168 seconds
[2019-12-09T02:13:08.035+0000][1][safepoint    ] Application time: 1.0000807 seconds
[2019-12-09T02:13:08.035+0000][1][safepoint    ] Entering safepoint region: Cleanup
[2019-12-09T02:13:08.035+0000][1][safepoint    ] Leaving safepoint region
[2019-12-09T02:13:08.035+0000][1][safepoint    ] Total time for which application threads were stopped: 0.0000764 seconds, Stopping threads took: 0.0000179 seconds
[2019-12-09T02:13:09.035+0000][1][safepoint    ] Application time: 1.0000823 seconds
[2019-12-09T02:13:09.035+0000][1][safepoint    ] Entering safepoint region: Cleanup
[2019-12-09T02:13:09.035+0000][1][safepoint    ] Leaving safepoint region
[2019-12-09T02:13:09.035+0000][1][safepoint    ] Total time for which application threads were stopped: 0.0000802 seconds, Stopping threads took: 0.0000180 seconds
[2019-12-09T02:13:10.036+0000][1][safepoint    ] Application time: 1.0000782 seconds
[2019-12-09T02:13:10.036+0000][1][safepoint    ] Entering safepoint region: Cleanup
[2019-12-09T02:13:10.036+0000][1][safepoint    ] Leaving safepoint region
[2019-12-09T02:13:10.036+0000][1][safepoint    ] Total time for which application threads were stopped: 0.0000804 seconds, Stopping threads took: 0.0000184 seconds
[2019-12-09T02:13:11.036+0000][1][safepoint    ] Application time: 1.0000805 seconds
[2019-12-09T02:13:11.036+0000][1][safepoint    ] Entering safepoint region: Cleanup
[2019-12-09T02:13:11.036+0000][1][safepoint    ] Leaving safepoint region
[2019-12-09T02:13:11.036+0000][1][safepoint    ] Total time for which application threads were stopped: 0.0000777 seconds, Stopping threads took: 0.0000186 seconds
[2019-12-09T02:13:12.036+0000][1][safepoint    ] Application time: 1.0000784 seconds
[2019-12-09T02:13:12.036+0000][1][safepoint    ] Entering safepoint region: Cleanup
[2019-12-09T02:13:12.036+0000][1][safepoint    ] Leaving safepoint region
[2019-12-09T02:13:12.036+0000][1][safepoint    ] Total time for which application threads were stopped: 0.0000774 seconds, Stopping threads took: 0.0000176 seconds
[2019-12-09T02:13:13.036+0000][1][safepoint    ] Application time: 1.0000769 seconds
[2019-12-09T02:13:13.036+0000][1][safepoint    ] Entering safepoint region: Cleanup
[2019-12-09T02:13:13.036+0000][1][safepoint    ] Leaving safepoint region
[2019-12-09T02:13:13.036+0000][1][safepoint    ] Total time for which application threads were stopped: 0.0000834 seconds, Stopping threads took: 0.0000245 seconds
[2019-12-09T02:13:14.036+0000][1][safepoint    ] Application time: 1.0000781 seconds
[2019-12-09T02:13:14.036+0000][1][safepoint    ] Entering safepoint region: Cleanup
[2019-12-09T02:13:14.036+0000][1][safepoint    ] Leaving safepoint region
[2019-12-09T02:13:14.036+0000][1][safepoint    ] Total time for which application threads were stopped: 0.0000774 seconds, Stopping threads took: 0.0000180 seconds
[2019-12-09T02:13:15.037+0000][1][safepoint    ] Application time: 1.0000781 seconds
[2019-12-09T02:13:15.037+0000][1][safepoint    ] Entering safepoint region: Cleanup
[2019-12-09T02:13:15.037+0000][1][safepoint    ] Leaving safepoint region
[2019-12-09T02:13:15.037+0000][1][safepoint    ] Total time for which application threads were stopped: 0.0000775 seconds, Stopping threads took: 0.0000174 seconds
[2019-12-09T02:13:16.037+0000][1][safepoint    ] Application time: 1.0000795 seconds
[2019-12-09T02:13:16.037+0000][1][safepoint    ] Entering safepoint region: Cleanup
[2019-12-09T02:13:16.037+0000][1][safepoint    ] Leaving safepoint region
[2019-12-09T02:13:16.037+0000][1][safepoint    ] Total time for which application threads were stopped: 0.0000776 seconds, Stopping threads took: 0.0000178 seconds
[2019-12-09T02:13:17.037+0000][1][safepoint    ] Application time: 1.0000809 seconds
[2019-12-09T02:13:17.037+0000][1][safepoint    ] Entering safepoint region: Cleanup
[2019-12-09T02:13:17.037+0000][1][safepoint    ] Leaving safepoint region
[2019-12-09T02:13:17.037+0000][1][safepoint    ] Total time for which application threads were stopped: 0.0000811 seconds, Stopping threads took: 0.0000167 seconds
[2019-12-09T02:13:18.037+0000][1][safepoint    ] Application time: 1.0000767 seconds
[2019-12-09T02:13:18.037+0000][1][safepoint    ] Entering safepoint region: Cleanup
[2019-12-09T02:13:18.037+0000][1][safepoint    ] Leaving safepoint region
[2019-12-09T02:13:18.037+0000][1][safepoint    ] Total time for which application threads were stopped: 0.0000754 seconds, Stopping threads took: 0.0000180 seconds
[2019-12-09T02:13:19.037+0000][1][safepoint    ] Application time: 1.0000773 seconds
[2019-12-09T02:13:19.037+0000][1][safepoint    ] Entering safepoint region: Cleanup
[2019-12-09T02:13:19.037+0000][1][safepoint    ] Leaving safepoint region
[2019-12-09T02:13:19.037+0000][1][safepoint    ] Total time for which application threads were stopped: 0.0000741 seconds, Stopping threads took: 0.0000167 seconds
[2019-12-09T02:13:20.038+0000][1][safepoint    ] Application time: 1.0000767 seconds
[2019-12-09T02:13:20.038+0000][1][safepoint    ] Entering safepoint region: Cleanup
[2019-12-09T02:13:20.038+0000][1][safepoint    ] Leaving safepoint region
[2019-12-09T02:13:20.038+0000][1][safepoint    ] Total time for which application threads were stopped: 0.0000786 seconds, Stopping threads took: 0.0000214 seconds
[2019-12-09T02:13:21.038+0000][1][safepoint    ] Application time: 1.0000775 seconds
[2019-12-09T02:13:21.038+0000][1][safepoint    ] Entering safepoint region: Cleanup
[2019-12-09T02:13:21.038+0000][1][safepoint    ] Leaving safepoint region
[2019-12-09T02:13:21.038+0000][1][safepoint    ] Total time for which application threads were stopped: 0.0000744 seconds, Stopping threads took: 0.0000190 seconds
[2019-12-09T02:13:21.316+0000][1][safepoint    ] Application time: 0.2780952 seconds
[2019-12-09T02:13:21.316+0000][1][safepoint    ] Entering safepoint region: GenCollectForAllocation
[2019-12-09T02:13:21.316+0000][1][gc,start     ] GC(27) Pause Young (Allocation Failure)
[2019-12-09T02:13:21.316+0000][1][gc,task      ] GC(27) Using 2 workers of 2 for evacuation
[2019-12-09T02:13:21.321+0000][1][gc,age       ] GC(27) Desired survivor size 4456448 bytes, new threshold 6 (max threshold 6)
[2019-12-09T02:13:21.321+0000][1][gc,age       ] GC(27) Age table with threshold 6 (max threshold 6)
[2019-12-09T02:13:21.322+0000][1][gc,age       ] GC(27) - age   1:       8736 bytes,       8736 total
[2019-12-09T02:13:21.322+0000][1][gc,age       ] GC(27) - age   2:       6696 bytes,      15432 total
[2019-12-09T02:13:21.322+0000][1][gc,age       ] GC(27) - age   3:       5416 bytes,      20848 total
[2019-12-09T02:13:21.322+0000][1][gc,age       ] GC(27) - age   4:      24392 bytes,      45240 total
[2019-12-09T02:13:21.322+0000][1][gc,age       ] GC(27) - age   5:    1728920 bytes,    1774160 total
[2019-12-09T02:13:21.322+0000][1][gc,heap      ] GC(27) ParNew: 72700K->2630K(78656K)
[2019-12-09T02:13:21.322+0000][1][gc,heap      ] GC(27) CMS: 67790K->67790K(174784K)
[2019-12-09T02:13:21.322+0000][1][gc,metaspace ] GC(27) Metaspace: 68948K->68948K(1112064K)
[2019-12-09T02:13:21.322+0000][1][gc           ] GC(27) Pause Young (Allocation Failure) 137M->68M(247M) 5.485ms
[2019-12-09T02:13:21.322+0000][1][gc,cpu       ] GC(27) User=0.01s Sys=0.00s Real=0.00s
[2019-12-09T02:13:21.322+0000][1][safepoint    ] Leaving safepoint region
[2019-12-09T02:13:21.322+0000][1][safepoint    ] Total time for which application threads were stopped: 0.0056267 seconds, Stopping threads took: 0.0000154 seconds
[2019-12-09T02:13:22.322+0000][1][safepoint    ] Application time: 1.0003086 seconds
[2019-12-09T02:13:22.322+0000][1][safepoint    ] Entering safepoint region: Cleanup
[2019-12-09T02:13:22.322+0000][1][safepoint    ] Leaving safepoint region
[2019-12-09T02:13:22.322+0000][1][safepoint    ] Total time for which application threads were stopped: 0.0001036 seconds, Stopping threads took: 0.0000253 seconds
[2019-12-09T02:13:23.322+0000][1][safepoint    ] Application time: 1.0000735 seconds
[2019-12-09T02:13:23.322+0000][1][safepoint    ] Entering safepoint region: Cleanup
[2019-12-09T02:13:23.322+0000][1][safepoint    ] Leaving safepoint region
[2019-12-09T02:13:23.322+0000][1][safepoint    ] Total time for which application threads were stopped: 0.0000752 seconds, Stopping threads took: 0.0000168 seconds
[2019-12-09T02:13:24.322+0000][1][safepoint    ] Application time: 1.0000757 seconds
[2019-12-09T02:13:24.322+0000][1][safepoint    ] Entering safepoint region: Cleanup
[2019-12-09T02:13:24.322+0000][1][safepoint    ] Leaving safepoint region
[2019-12-09T02:13:24.322+0000][1][safepoint    ] Total time for which application threads were stopped: 0.0000846 seconds, Stopping threads took: 0.0000170 seconds
[2019-12-09T02:13:25.323+0000][1][safepoint    ] Application time: 1.0000776 seconds
[2019-12-09T02:13:25.323+0000][1][safepoint    ] Entering safepoint region: Cleanup
[2019-12-09T02:13:25.323+0000][1][safepoint    ] Leaving safepoint region
[2019-12-09T02:13:25.323+0000][1][safepoint    ] Total time for which application threads were stopped: 0.0000729 seconds, Stopping threads took: 0.0000172 seconds
[2019-12-09T02:13:26.326+0000][1][safepoint    ] Application time: 1.0033535 seconds
[2019-12-09T02:13:26.326+0000][1][safepoint    ] Entering safepoint region: Cleanup
[2019-12-09T02:13:26.326+0000][1][safepoint    ] Leaving safepoint region
[2019-12-09T02:13:26.326+0000][1][safepoint    ] Total time for which application threads were stopped: 0.0000871 seconds, Stopping threads took: 0.0000188 seconds
[2019-12-09T02:13:27.326+0000][1][safepoint    ] Application time: 1.0000848 seconds
[2019-12-09T02:13:27.326+0000][1][safepoint    ] Entering safepoint region: Cleanup
[2019-12-09T02:13:27.326+0000][1][safepoint    ] Leaving safepoint region
[2019-12-09T02:13:27.326+0000][1][safepoint    ] Total time for which application threads were stopped: 0.0001144 seconds, Stopping threads took: 0.0000346 seconds
[2019-12-09T02:13:28.326+0000][1][safepoint    ] Application time: 1.0000774 seconds
[2019-12-09T02:13:28.327+0000][1][safepoint    ] Entering safepoint region: Cleanup
[2019-12-09T02:13:28.327+0000][1][safepoint    ] Leaving safepoint region
[2019-12-09T02:13:28.327+0000][1][safepoint    ] Total time for which application threads were stopped: 0.0000744 seconds, Stopping threads took: 0.0000162 seconds
[2019-12-09T02:13:29.327+0000][1][safepoint    ] Application time: 1.0000763 seconds
[2019-12-09T02:13:29.327+0000][1][safepoint    ] Entering safepoint region: Cleanup
[2019-12-09T02:13:29.327+0000][1][safepoint    ] Leaving safepoint region
[2019-12-09T02:13:29.327+0000][1][safepoint    ] Total time for which application threads were stopped: 0.0000766 seconds, Stopping threads took: 0.0000181 seconds
[2019-12-09T02:13:30.327+0000][1][safepoint    ] Application time: 1.0000762 seconds
[2019-12-09T02:13:30.327+0000][1][safepoint    ] Entering safepoint region: Cleanup
[2019-12-09T02:13:30.327+0000][1][safepoint    ] Leaving safepoint region
[2019-12-09T02:13:30.327+0000][1][safepoint    ] Total time for which application threads were stopped: 0.0000744 seconds, Stopping threads took: 0.0000158 seconds
[2019-12-09T02:13:31.327+0000][1][safepoint    ] Application time: 1.0000765 seconds
[2019-12-09T02:13:31.327+0000][1][safepoint    ] Entering safepoint region: Cleanup
[2019-12-09T02:13:31.327+0000][1][safepoint    ] Leaving safepoint region
[2019-12-09T02:13:31.327+0000][1][safepoint    ] Total time for which application threads were stopped: 0.0000791 seconds, Stopping threads took: 0.0000155 seconds
[2019-12-09T02:13:32.328+0000][1][safepoint    ] Application time: 1.0008511 seconds
[2019-12-09T02:13:32.328+0000][1][safepoint    ] Entering safepoint region: Cleanup
[2019-12-09T02:13:32.328+0000][1][safepoint    ] Leaving safepoint region
[2019-12-09T02:13:32.328+0000][1][safepoint    ] Total time for which application threads were stopped: 0.0001097 seconds, Stopping threads took: 0.0000328 seconds
[2019-12-09T02:13:33.328+0000][1][safepoint    ] Application time: 1.0000756 seconds
[2019-12-09T02:13:33.328+0000][1][safepoint    ] Entering safepoint region: Cleanup
[2019-12-09T02:13:33.328+0000][1][safepoint    ] Leaving safepoint region
[2019-12-09T02:13:33.328+0000][1][safepoint    ] Total time for which application threads were stopped: 0.0000808 seconds, Stopping threads took: 0.0000211 seconds
[2019-12-09T02:13:34.328+0000][1][safepoint    ] Application time: 1.0000758 seconds
[2019-12-09T02:13:34.329+0000][1][safepoint    ] Entering safepoint region: Cleanup
[2019-12-09T02:13:34.329+0000][1][safepoint    ] Leaving safepoint region
[2019-12-09T02:13:34.329+0000][1][safepoint    ] Total time for which application threads were stopped: 0.0000764 seconds, Stopping threads took: 0.0000169 seconds
[2019-12-09T02:13:35.329+0000][1][safepoint    ] Application time: 1.0000842 seconds
[2019-12-09T02:13:35.329+0000][1][safepoint    ] Entering safepoint region: Cleanup
[2019-12-09T02:13:35.329+0000][1][safepoint    ] Leaving safepoint region
[2019-12-09T02:13:35.329+0000][1][safepoint    ] Total time for which application threads were stopped: 0.0000756 seconds, Stopping threads took: 0.0000171 seconds
[2019-12-09T02:13:36.329+0000][1][safepoint    ] Application time: 1.0000825 seconds
[2019-12-09T02:13:36.329+0000][1][safepoint    ] Entering safepoint region: Cleanup
[2019-12-09T02:13:36.329+0000][1][safepoint    ] Leaving safepoint region
[2019-12-09T02:13:36.329+0000][1][safepoint    ] Total time for which application threads were stopped: 0.0000799 seconds, Stopping threads took: 0.0000209 seconds
[2019-12-09T02:13:37.329+0000][1][safepoint    ] Application time: 1.0001310 seconds
[2019-12-09T02:13:37.329+0000][1][safepoint    ] Entering safepoint region: Cleanup
[2019-12-09T02:13:37.329+0000][1][safepoint    ] Leaving safepoint region
[2019-12-09T02:13:37.329+0000][1][safepoint    ] Total time for which application threads were stopped: 0.0001075 seconds, Stopping threads took: 0.0000252 seconds
[2019-12-09T02:13:38.329+0000][1][safepoint    ] Application time: 1.0000781 seconds
[2019-12-09T02:13:38.329+0000][1][safepoint    ] Entering safepoint region: Cleanup
[2019-12-09T02:13:38.329+0000][1][safepoint    ] Leaving safepoint region
[2019-12-09T02:13:38.329+0000][1][safepoint    ] Total time for which application threads were stopped: 0.0000792 seconds, Stopping threads took: 0.0000178 seconds
[2019-12-09T02:13:39.330+0000][1][safepoint    ] Application time: 1.0000777 seconds
[2019-12-09T02:13:39.330+0000][1][safepoint    ] Entering safepoint region: Cleanup
[2019-12-09T02:13:39.330+0000][1][safepoint    ] Leaving safepoint region
[2019-12-09T02:13:39.330+0000][1][safepoint    ] Total time for which application threads were stopped: 0.0000856 seconds, Stopping threads took: 0.0000172 seconds
[2019-12-09T02:13:40.330+0000][1][safepoint    ] Application time: 1.0000761 seconds
[2019-12-09T02:13:40.330+0000][1][safepoint    ] Entering safepoint region: Cleanup
[2019-12-09T02:13:40.330+0000][1][safepoint    ] Leaving safepoint region
[2019-12-09T02:13:40.330+0000][1][safepoint    ] Total time for which application threads were stopped: 0.0000771 seconds, Stopping threads took: 0.0000172 seconds
[2019-12-09T02:13:41.330+0000][1][safepoint    ] Application time: 1.0000794 seconds
[2019-12-09T02:13:41.330+0000][1][safepoint    ] Entering safepoint region: Cleanup
[2019-12-09T02:13:41.330+0000][1][safepoint    ] Leaving safepoint region
[2019-12-09T02:13:41.330+0000][1][safepoint    ] Total time for which application threads were stopped: 0.0001124 seconds, Stopping threads took: 0.0000483 seconds
[2019-12-09T02:13:42.330+0000][1][safepoint    ] Application time: 1.0000865 seconds
[2019-12-09T02:13:42.330+0000][1][safepoint    ] Entering safepoint region: Cleanup
[2019-12-09T02:13:42.330+0000][1][safepoint    ] Leaving safepoint region
[2019-12-09T02:13:42.330+0000][1][safepoint    ] Total time for which application threads were stopped: 0.0000740 seconds, Stopping threads took: 0.0000173 seconds
[2019-12-09T02:13:43.330+0000][1][safepoint    ] Application time: 1.0000757 seconds
[2019-12-09T02:13:43.330+0000][1][safepoint    ] Entering safepoint region: Cleanup
[2019-12-09T02:13:43.331+0000][1][safepoint    ] Leaving safepoint region
[2019-12-09T02:13:43.331+0000][1][safepoint    ] Total time for which application threads were stopped: 0.0000749 seconds, Stopping threads took: 0.0000166 seconds
[2019-12-09T02:13:44.331+0000][1][safepoint    ] Application time: 1.0000753 seconds
[2019-12-09T02:13:44.331+0000][1][safepoint    ] Entering safepoint region: Cleanup
[2019-12-09T02:13:44.331+0000][1][safepoint    ] Leaving safepoint region
[2019-12-09T02:13:44.331+0000][1][safepoint    ] Total time for which application threads were stopped: 0.0000864 seconds, Stopping threads took: 0.0000167 seconds
[2019-12-09T02:13:45.331+0000][1][safepoint    ] Application time: 1.0000756 seconds
[2019-12-09T02:13:45.331+0000][1][safepoint    ] Entering safepoint region: Cleanup
[2019-12-09T02:13:45.331+0000][1][safepoint    ] Leaving safepoint region
[2019-12-09T02:13:45.331+0000][1][safepoint    ] Total time for which application threads were stopped: 0.0000726 seconds, Stopping threads took: 0.0000162 seconds
[2019-12-09T02:13:46.334+0000][1][safepoint    ] Application time: 1.0027070 seconds
[2019-12-09T02:13:46.334+0000][1][safepoint    ] Entering safepoint region: Cleanup
[2019-12-09T02:13:46.334+0000][1][safepoint    ] Leaving safepoint region
[2019-12-09T02:13:46.334+0000][1][safepoint    ] Total time for which application threads were stopped: 0.0001050 seconds, Stopping threads took: 0.0000241 seconds
[2019-12-09T02:13:47.334+0000][1][safepoint    ] Application time: 1.0000769 seconds
[2019-12-09T02:13:47.334+0000][1][safepoint    ] Entering safepoint region: Cleanup
[2019-12-09T02:13:47.334+0000][1][safepoint    ] Leaving safepoint region
[2019-12-09T02:13:47.334+0000][1][safepoint    ] Total time for which application threads were stopped: 0.0000966 seconds, Stopping threads took: 0.0000183 seconds
[2019-12-09T02:13:48.334+0000][1][safepoint    ] Application time: 1.0000798 seconds
[2019-12-09T02:13:48.334+0000][1][safepoint    ] Entering safepoint region: Cleanup
[2019-12-09T02:13:48.334+0000][1][safepoint    ] Leaving safepoint region
[2019-12-09T02:13:48.334+0000][1][safepoint    ] Total time for which application threads were stopped: 0.0000790 seconds, Stopping threads took: 0.0000200 seconds
[2019-12-09T02:13:49.334+0000][1][safepoint    ] Application time: 1.0000750 seconds
[2019-12-09T02:13:49.334+0000][1][safepoint    ] Entering safepoint region: Cleanup
[2019-12-09T02:13:49.334+0000][1][safepoint    ] Leaving safepoint region
[2019-12-09T02:13:49.334+0000][1][safepoint    ] Total time for which application threads were stopped: 0.0000967 seconds, Stopping threads took: 0.0000338 seconds
[2019-12-09T02:13:50.335+0000][1][safepoint    ] Application time: 1.0000754 seconds
[2019-12-09T02:13:50.335+0000][1][safepoint    ] Entering safepoint region: Cleanup
[2019-12-09T02:13:50.335+0000][1][safepoint    ] Leaving safepoint region
[2019-12-09T02:13:50.335+0000][1][safepoint    ] Total time for which application threads were stopped: 0.0000745 seconds, Stopping threads took: 0.0000165 seconds
[2019-12-09T02:13:52.335+0000][1][safepoint    ] Application time: 2.0007152 seconds
[2019-12-09T02:13:52.335+0000][1][safepoint    ] Entering safepoint region: Cleanup
[2019-12-09T02:13:52.335+0000][1][safepoint    ] Leaving safepoint region
[2019-12-09T02:13:52.335+0000][1][safepoint    ] Total time for which application threads were stopped: 0.0000824 seconds, Stopping threads took: 0.0000170 seconds
[2019-12-09T02:13:53.336+0000][1][safepoint    ] Application time: 1.0000760 seconds
[2019-12-09T02:13:53.336+0000][1][safepoint    ] Entering safepoint region: Cleanup
[2019-12-09T02:13:53.336+0000][1][safepoint    ] Leaving safepoint region
[2019-12-09T02:13:53.336+0000][1][safepoint    ] Total time for which application threads were stopped: 0.0000758 seconds, Stopping threads took: 0.0000167 seconds
[2019-12-09T02:13:54.336+0000][1][safepoint    ] Application time: 1.0000766 seconds
[2019-12-09T02:13:54.336+0000][1][safepoint    ] Entering safepoint region: Cleanup
[2019-12-09T02:13:54.336+0000][1][safepoint    ] Leaving safepoint region
[2019-12-09T02:13:54.336+0000][1][safepoint    ] Total time for which application threads were stopped: 0.0000773 seconds, Stopping threads took: 0.0000156 seconds
[2019-12-09T02:13:55.336+0000][1][safepoint    ] Application time: 1.0000758 seconds
[2019-12-09T02:13:55.336+0000][1][safepoint    ] Entering safepoint region: Cleanup
[2019-12-09T02:13:55.336+0000][1][safepoint    ] Leaving safepoint region
[2019-12-09T02:13:55.336+0000][1][safepoint    ] Total time for which application threads were stopped: 0.0000768 seconds, Stopping threads took: 0.0000171 seconds
[2019-12-09T02:13:56.336+0000][1][safepoint    ] Application time: 1.0000803 seconds
[2019-12-09T02:13:56.336+0000][1][safepoint    ] Entering safepoint region: Cleanup
[2019-12-09T02:13:56.336+0000][1][safepoint    ] Leaving safepoint region
[2019-12-09T02:13:56.336+0000][1][safepoint    ] Total time for which application threads were stopped: 0.0000890 seconds, Stopping threads took: 0.0000183 seconds
[2019-12-09T02:13:57.336+0000][1][safepoint    ] Application time: 1.0000839 seconds
[2019-12-09T02:13:57.336+0000][1][safepoint    ] Entering safepoint region: Cleanup
[2019-12-09T02:13:57.336+0000][1][safepoint    ] Leaving safepoint region
[2019-12-09T02:13:57.336+0000][1][safepoint    ] Total time for which application threads were stopped: 0.0000861 seconds, Stopping threads took: 0.0000242 seconds
[2019-12-09T02:13:58.337+0000][1][safepoint    ] Application time: 1.0000765 seconds
[2019-12-09T02:13:58.337+0000][1][safepoint    ] Entering safepoint region: Cleanup
[2019-12-09T02:13:58.337+0000][1][safepoint    ] Leaving safepoint region
[2019-12-09T02:13:58.337+0000][1][safepoint    ] Total time for which application threads were stopped: 0.0000761 seconds, Stopping threads took: 0.0000181 seconds
[2019-12-09T02:13:59.337+0000][1][safepoint    ] Application time: 1.0000741 seconds
[2019-12-09T02:13:59.337+0000][1][safepoint    ] Entering safepoint region: Cleanup
[2019-12-09T02:13:59.337+0000][1][safepoint    ] Leaving safepoint region
[2019-12-09T02:13:59.337+0000][1][safepoint    ] Total time for which application threads were stopped: 0.0000762 seconds, Stopping threads took: 0.0000169 seconds
[2019-12-09T02:14:00.337+0000][1][safepoint    ] Application time: 1.0000755 seconds
[2019-12-09T02:14:00.337+0000][1][safepoint    ] Entering safepoint region: Cleanup
[2019-12-09T02:14:00.337+0000][1][safepoint    ] Leaving safepoint region
[2019-12-09T02:14:00.337+0000][1][safepoint    ] Total time for which application threads were stopped: 0.0000771 seconds, Stopping threads took: 0.0000174 seconds
[2019-12-09T02:14:01.337+0000][1][safepoint    ] Application time: 1.0000940 seconds
[2019-12-09T02:14:01.337+0000][1][safepoint    ] Entering safepoint region: Cleanup
[2019-12-09T02:14:01.337+0000][1][safepoint    ] Leaving safepoint region
[2019-12-09T02:14:01.337+0000][1][safepoint    ] Total time for which application threads were stopped: 0.0001197 seconds, Stopping threads took: 0.0000263 seconds
[2019-12-09T02:14:02.337+0000][1][safepoint    ] Application time: 1.0000786 seconds
[2019-12-09T02:14:02.337+0000][1][safepoint    ] Entering safepoint region: Cleanup
[2019-12-09T02:14:02.338+0000][1][safepoint    ] Leaving safepoint region
[2019-12-09T02:14:02.338+0000][1][safepoint    ] Total time for which application threads were stopped: 0.0000795 seconds, Stopping threads took: 0.0000168 seconds
[2019-12-09T02:14:03.338+0000][1][safepoint    ] Application time: 1.0000759 seconds
[2019-12-09T02:14:03.338+0000][1][safepoint    ] Entering safepoint region: Cleanup
[2019-12-09T02:14:03.338+0000][1][safepoint    ] Leaving safepoint region
[2019-12-09T02:14:03.338+0000][1][safepoint    ] Total time for which application threads were stopped: 0.0000947 seconds, Stopping threads took: 0.0000173 seconds
[2019-12-09T02:14:04.338+0000][1][safepoint    ] Application time: 1.0000777 seconds
[2019-12-09T02:14:04.338+0000][1][safepoint    ] Entering safepoint region: Cleanup
[2019-12-09T02:14:04.338+0000][1][safepoint    ] Leaving safepoint region
[2019-12-09T02:14:04.338+0000][1][safepoint    ] Total time for which application threads were stopped: 0.0000748 seconds, Stopping threads took: 0.0000155 seconds
[2019-12-09T02:14:05.338+0000][1][safepoint    ] Application time: 1.0000766 seconds
[2019-12-09T02:14:05.338+0000][1][safepoint    ] Entering safepoint region: Cleanup
[2019-12-09T02:14:05.338+0000][1][safepoint    ] Leaving safepoint region
[2019-12-09T02:14:05.338+0000][1][safepoint    ] Total time for which application threads were stopped: 0.0000779 seconds, Stopping threads took: 0.0000175 seconds
[2019-12-09T02:14:06.338+0000][1][safepoint    ] Application time: 1.0000872 seconds
[2019-12-09T02:14:06.338+0000][1][safepoint    ] Entering safepoint region: Cleanup
[2019-12-09T02:14:06.338+0000][1][safepoint    ] Leaving safepoint region
[2019-12-09T02:14:06.338+0000][1][safepoint    ] Total time for which application threads were stopped: 0.0001127 seconds, Stopping threads took: 0.0000270 seconds
[2019-12-09T02:14:07.338+0000][1][safepoint    ] Application time: 1.0000766 seconds
[2019-12-09T02:14:07.339+0000][1][safepoint    ] Entering safepoint region: Cleanup
[2019-12-09T02:14:07.339+0000][1][safepoint    ] Leaving safepoint region
[2019-12-09T02:14:07.339+0000][1][safepoint    ] Total time for which application threads were stopped: 0.0000765 seconds, Stopping threads took: 0.0000176 seconds
[2019-12-09T02:14:08.339+0000][1][safepoint    ] Application time: 1.0000746 seconds
[2019-12-09T02:14:08.339+0000][1][safepoint    ] Entering safepoint region: Cleanup
[2019-12-09T02:14:08.339+0000][1][safepoint    ] Leaving safepoint region
[2019-12-09T02:14:08.339+0000][1][safepoint    ] Total time for which application threads were stopped: 0.0000766 seconds, Stopping threads took: 0.0000177 seconds
[2019-12-09T02:14:09.339+0000][1][safepoint    ] Application time: 1.0000761 seconds
[2019-12-09T02:14:09.339+0000][1][safepoint    ] Entering safepoint region: Cleanup
[2019-12-09T02:14:09.339+0000][1][safepoint    ] Leaving safepoint region
[2019-12-09T02:14:09.339+0000][1][safepoint    ] Total time for which application threads were stopped: 0.0000774 seconds, Stopping threads took: 0.0000176 seconds
[2019-12-09T02:14:10.339+0000][1][safepoint    ] Application time: 1.0000767 seconds
[2019-12-09T02:14:10.339+0000][1][safepoint    ] Entering safepoint region: Cleanup
[2019-12-09T02:14:10.339+0000][1][safepoint    ] Leaving safepoint region
[2019-12-09T02:14:10.339+0000][1][safepoint    ] Total time for which application threads were stopped: 0.0000841 seconds, Stopping threads took: 0.0000252 seconds
[2019-12-09T02:14:11.339+0000][1][safepoint    ] Application time: 1.0000766 seconds
[2019-12-09T02:14:11.339+0000][1][safepoint    ] Entering safepoint region: Cleanup
[2019-12-09T02:14:11.339+0000][1][safepoint    ] Leaving safepoint region
[2019-12-09T02:14:11.339+0000][1][safepoint    ] Total time for which application threads were stopped: 0.0000740 seconds, Stopping threads took: 0.0000163 seconds
[2019-12-09T02:14:12.357+0000][1][safepoint    ] Application time: 1.0180586 seconds
[2019-12-09T02:14:12.357+0000][1][safepoint    ] Entering safepoint region: Cleanup
[2019-12-09T02:14:12.358+0000][1][safepoint    ] Leaving safepoint region
[2019-12-09T02:14:12.358+0000][1][safepoint    ] Total time for which application threads were stopped: 0.0000772 seconds, Stopping threads took: 0.0000180 seconds
[2019-12-09T02:14:13.358+0000][1][safepoint    ] Application time: 1.0000760 seconds
[2019-12-09T02:14:13.358+0000][1][safepoint    ] Entering safepoint region: Cleanup
[2019-12-09T02:14:13.358+0000][1][safepoint    ] Leaving safepoint region
[2019-12-09T02:14:13.358+0000][1][safepoint    ] Total time for which application threads were stopped: 0.0000849 seconds, Stopping threads took: 0.0000275 seconds
[2019-12-09T02:14:14.358+0000][1][safepoint    ] Application time: 1.0000757 seconds
[2019-12-09T02:14:14.358+0000][1][safepoint    ] Entering safepoint region: Cleanup
[2019-12-09T02:14:14.358+0000][1][safepoint    ] Leaving safepoint region
[2019-12-09T02:14:14.358+0000][1][safepoint    ] Total time for which application threads were stopped: 0.0000763 seconds, Stopping threads took: 0.0000185 seconds
[2019-12-09T02:14:15.358+0000][1][safepoint    ] Application time: 1.0000757 seconds
[2019-12-09T02:14:15.358+0000][1][safepoint    ] Entering safepoint region: Cleanup
[2019-12-09T02:14:15.358+0000][1][safepoint    ] Leaving safepoint region
[2019-12-09T02:14:15.358+0000][1][safepoint    ] Total time for which application threads were stopped: 0.0000759 seconds, Stopping threads took: 0.0000168 seconds
[2019-12-09T02:14:16.358+0000][1][safepoint    ] Application time: 1.0000770 seconds
[2019-12-09T02:14:16.358+0000][1][safepoint    ] Entering safepoint region: Cleanup
[2019-12-09T02:14:16.358+0000][1][safepoint    ] Leaving safepoint region
[2019-12-09T02:14:16.358+0000][1][safepoint    ] Total time for which application threads were stopped: 0.0000708 seconds, Stopping threads took: 0.0000153 seconds
[2019-12-09T02:14:17.358+0000][1][safepoint    ] Application time: 1.0000900 seconds
[2019-12-09T02:14:17.358+0000][1][safepoint    ] Entering safepoint region: Cleanup
[2019-12-09T02:14:17.359+0000][1][safepoint    ] Leaving safepoint region
[2019-12-09T02:14:17.359+0000][1][safepoint    ] Total time for which application threads were stopped: 0.0001052 seconds, Stopping threads took: 0.0000238 seconds
[2019-12-09T02:14:18.359+0000][1][safepoint    ] Application time: 1.0000767 seconds
[2019-12-09T02:14:18.359+0000][1][safepoint    ] Entering safepoint region: Cleanup
[2019-12-09T02:14:18.359+0000][1][safepoint    ] Leaving safepoint region
[2019-12-09T02:14:18.359+0000][1][safepoint    ] Total time for which application threads were stopped: 0.0000777 seconds, Stopping threads took: 0.0000180 seconds
[2019-12-09T02:14:19.359+0000][1][safepoint    ] Application time: 1.0000748 seconds
[2019-12-09T02:14:19.359+0000][1][safepoint    ] Entering safepoint region: Cleanup
[2019-12-09T02:14:19.359+0000][1][safepoint    ] Leaving safepoint region
[2019-12-09T02:14:19.359+0000][1][safepoint    ] Total time for which application threads were stopped: 0.0000794 seconds, Stopping threads took: 0.0000173 seconds
[2019-12-09T02:14:20.359+0000][1][safepoint    ] Application time: 1.0000746 seconds
[2019-12-09T02:14:20.359+0000][1][safepoint    ] Entering safepoint region: Cleanup
[2019-12-09T02:14:20.359+0000][1][safepoint    ] Leaving safepoint region
[2019-12-09T02:14:20.359+0000][1][safepoint    ] Total time for which application threads were stopped: 0.0000816 seconds, Stopping threads took: 0.0000230 seconds
[2019-12-09T02:14:21.359+0000][1][safepoint    ] Application time: 1.0000754 seconds
[2019-12-09T02:14:21.359+0000][1][safepoint    ] Entering safepoint region: Cleanup
[2019-12-09T02:14:21.359+0000][1][safepoint    ] Leaving safepoint region
[2019-12-09T02:14:21.359+0000][1][safepoint    ] Total time for which application threads were stopped: 0.0000718 seconds, Stopping threads took: 0.0000152 seconds
[2019-12-09T02:14:22.359+0000][1][safepoint    ] Application time: 1.0000786 seconds
[2019-12-09T02:14:22.359+0000][1][safepoint    ] Entering safepoint region: Cleanup
[2019-12-09T02:14:22.360+0000][1][safepoint    ] Leaving safepoint region
[2019-12-09T02:14:22.360+0000][1][safepoint    ] Total time for which application threads were stopped: 0.0000766 seconds, Stopping threads took: 0.0000169 seconds
[2019-12-09T02:14:23.360+0000][1][safepoint    ] Application time: 1.0000783 seconds
[2019-12-09T02:14:23.360+0000][1][safepoint    ] Entering safepoint region: Cleanup
[2019-12-09T02:14:23.360+0000][1][safepoint    ] Leaving safepoint region
[2019-12-09T02:14:23.360+0000][1][safepoint    ] Total time for which application threads were stopped: 0.0000854 seconds, Stopping threads took: 0.0000278 seconds
[2019-12-09T02:14:24.360+0000][1][safepoint    ] Application time: 1.0000745 seconds
[2019-12-09T02:14:24.360+0000][1][safepoint    ] Entering safepoint region: Cleanup
[2019-12-09T02:14:24.360+0000][1][safepoint    ] Leaving safepoint region
[2019-12-09T02:14:24.360+0000][1][safepoint    ] Total time for which application threads were stopped: 0.0000752 seconds, Stopping threads took: 0.0000163 seconds
[2019-12-09T02:14:25.360+0000][1][safepoint    ] Application time: 1.0000758 seconds
[2019-12-09T02:14:25.360+0000][1][safepoint    ] Entering safepoint region: Cleanup
[2019-12-09T02:14:25.360+0000][1][safepoint    ] Leaving safepoint region
[2019-12-09T02:14:25.360+0000][1][safepoint    ] Total time for which application threads were stopped: 0.0000764 seconds, Stopping threads took: 0.0000173 seconds
[2019-12-09T02:14:27.360+0000][1][safepoint    ] Application time: 1.9998041 seconds
[2019-12-09T02:14:27.360+0000][1][safepoint    ] Entering safepoint region: Cleanup
[2019-12-09T02:14:27.360+0000][1][safepoint    ] Leaving safepoint region
[2019-12-09T02:14:27.360+0000][1][safepoint    ] Total time for which application threads were stopped: 0.0000914 seconds, Stopping threads took: 0.0000278 seconds
[2019-12-09T02:14:28.360+0000][1][safepoint    ] Application time: 1.0000769 seconds
[2019-12-09T02:14:28.360+0000][1][safepoint    ] Entering safepoint region: Cleanup
[2019-12-09T02:14:28.360+0000][1][safepoint    ] Leaving safepoint region
[2019-12-09T02:14:28.360+0000][1][safepoint    ] Total time for which application threads were stopped: 0.0000765 seconds, Stopping threads took: 0.0000172 seconds
[2019-12-09T02:14:29.360+0000][1][safepoint    ] Application time: 1.0000770 seconds
[2019-12-09T02:14:29.360+0000][1][safepoint    ] Entering safepoint region: Cleanup
[2019-12-09T02:14:29.360+0000][1][safepoint    ] Leaving safepoint region
[2019-12-09T02:14:29.360+0000][1][safepoint    ] Total time for which application threads were stopped: 0.0000770 seconds, Stopping threads took: 0.0000178 seconds
[2019-12-09T02:14:30.361+0000][1][safepoint    ] Application time: 1.0000766 seconds
[2019-12-09T02:14:30.361+0000][1][safepoint    ] Entering safepoint region: Cleanup
[2019-12-09T02:14:30.361+0000][1][safepoint    ] Leaving safepoint region
[2019-12-09T02:14:30.361+0000][1][safepoint    ] Total time for which application threads were stopped: 0.0000771 seconds, Stopping threads took: 0.0000177 seconds
[2019-12-09T02:14:31.361+0000][1][safepoint    ] Application time: 1.0000854 seconds
[2019-12-09T02:14:31.361+0000][1][safepoint    ] Entering safepoint region: Cleanup
[2019-12-09T02:14:31.361+0000][1][safepoint    ] Leaving safepoint region
[2019-12-09T02:14:31.361+0000][1][safepoint    ] Total time for which application threads were stopped: 0.0000773 seconds, Stopping threads took: 0.0000223 seconds
[2019-12-09T02:14:32.362+0000][1][safepoint    ] Application time: 1.0006838 seconds
[2019-12-09T02:14:32.362+0000][1][safepoint    ] Entering safepoint region: Cleanup
[2019-12-09T02:14:32.362+0000][1][safepoint    ] Leaving safepoint region
[2019-12-09T02:14:32.362+0000][1][safepoint    ] Total time for which application threads were stopped: 0.0001357 seconds, Stopping threads took: 0.0000337 seconds
[2019-12-09T02:14:33.362+0000][1][safepoint    ] Application time: 1.0000760 seconds
[2019-12-09T02:14:33.362+0000][1][safepoint    ] Entering safepoint region: Cleanup
[2019-12-09T02:14:33.362+0000][1][safepoint    ] Leaving safepoint region
[2019-12-09T02:14:33.362+0000][1][safepoint    ] Total time for which application threads were stopped: 0.0000778 seconds, Stopping threads took: 0.0000179 seconds
[2019-12-09T02:14:34.362+0000][1][safepoint    ] Application time: 1.0000755 seconds
[2019-12-09T02:14:34.362+0000][1][safepoint    ] Entering safepoint region: Cleanup
[2019-12-09T02:14:34.362+0000][1][safepoint    ] Leaving safepoint region
[2019-12-09T02:14:34.362+0000][1][safepoint    ] Total time for which application threads were stopped: 0.0000752 seconds, Stopping threads took: 0.0000166 seconds
[2019-12-09T02:14:35.362+0000][1][safepoint    ] Application time: 1.0000781 seconds
[2019-12-09T02:14:35.362+0000][1][safepoint    ] Entering safepoint region: Cleanup
[2019-12-09T02:14:35.362+0000][1][safepoint    ] Leaving safepoint region
[2019-12-09T02:14:35.362+0000][1][safepoint    ] Total time for which application threads were stopped: 0.0000794 seconds, Stopping threads took: 0.0000220 seconds
[2019-12-09T02:14:36.362+0000][1][safepoint    ] Application time: 1.0000738 seconds
[2019-12-09T02:14:36.362+0000][1][safepoint    ] Entering safepoint region: Cleanup
[2019-12-09T02:14:36.362+0000][1][safepoint    ] Leaving safepoint region
[2019-12-09T02:14:36.362+0000][1][safepoint    ] Total time for which application threads were stopped: 0.0000709 seconds, Stopping threads took: 0.0000152 seconds
[2019-12-09T02:14:37.366+0000][1][safepoint    ] Application time: 1.0036368 seconds
[2019-12-09T02:14:37.366+0000][1][safepoint    ] Entering safepoint region: Cleanup
[2019-12-09T02:14:37.366+0000][1][safepoint    ] Leaving safepoint region
[2019-12-09T02:14:37.366+0000][1][safepoint    ] Total time for which application threads were stopped: 0.0001009 seconds, Stopping threads took: 0.0000233 seconds
[2019-12-09T02:14:38.366+0000][1][safepoint    ] Application time: 1.0000782 seconds
[2019-12-09T02:14:38.366+0000][1][safepoint    ] Entering safepoint region: Cleanup
[2019-12-09T02:14:38.366+0000][1][safepoint    ] Leaving safepoint region
[2019-12-09T02:14:38.366+0000][1][safepoint    ] Total time for which application threads were stopped: 0.0000733 seconds, Stopping threads took: 0.0000166 seconds
[2019-12-09T02:14:39.367+0000][1][safepoint    ] Application time: 1.0000772 seconds
[2019-12-09T02:14:39.367+0000][1][safepoint    ] Entering safepoint region: Cleanup
[2019-12-09T02:14:39.367+0000][1][safepoint    ] Leaving safepoint region
[2019-12-09T02:14:39.367+0000][1][safepoint    ] Total time for which application threads were stopped: 0.0000753 seconds, Stopping threads took: 0.0000175 seconds
[2019-12-09T02:14:40.367+0000][1][safepoint    ] Application time: 1.0000857 seconds
[2019-12-09T02:14:40.367+0000][1][safepoint    ] Entering safepoint region: Cleanup
[2019-12-09T02:14:40.367+0000][1][safepoint    ] Leaving safepoint region
[2019-12-09T02:14:40.367+0000][1][safepoint    ] Total time for which application threads were stopped: 0.0000793 seconds, Stopping threads took: 0.0000184 seconds
[2019-12-09T02:14:41.367+0000][1][safepoint    ] Application time: 1.0000778 seconds
[2019-12-09T02:14:41.367+0000][1][safepoint    ] Entering safepoint region: Cleanup
[2019-12-09T02:14:41.367+0000][1][safepoint    ] Leaving safepoint region
[2019-12-09T02:14:41.367+0000][1][safepoint    ] Total time for which application threads were stopped: 0.0000872 seconds, Stopping threads took: 0.0000147 seconds
[2019-12-09T02:14:42.367+0000][1][safepoint    ] Application time: 1.0000969 seconds
[2019-12-09T02:14:42.367+0000][1][safepoint    ] Entering safepoint region: Cleanup
[2019-12-09T02:14:42.367+0000][1][safepoint    ] Leaving safepoint region
[2019-12-09T02:14:42.367+0000][1][safepoint    ] Total time for which application threads were stopped: 0.0001117 seconds, Stopping threads took: 0.0000266 seconds
[2019-12-09T02:14:43.367+0000][1][safepoint    ] Application time: 1.0000781 seconds
[2019-12-09T02:14:43.367+0000][1][safepoint    ] Entering safepoint region: Cleanup
[2019-12-09T02:14:43.368+0000][1][safepoint    ] Leaving safepoint region
[2019-12-09T02:14:43.368+0000][1][safepoint    ] Total time for which application threads were stopped: 0.0000747 seconds, Stopping threads took: 0.0000163 seconds
[2019-12-09T02:14:44.368+0000][1][safepoint    ] Application time: 1.0000759 seconds
[2019-12-09T02:14:44.368+0000][1][safepoint    ] Entering safepoint region: Cleanup
[2019-12-09T02:14:44.368+0000][1][safepoint    ] Leaving safepoint region
[2019-12-09T02:14:44.368+0000][1][safepoint    ] Total time for which application threads were stopped: 0.0000845 seconds, Stopping threads took: 0.0000172 seconds
[2019-12-09T02:14:45.368+0000][1][safepoint    ] Application time: 1.0000758 seconds
[2019-12-09T02:14:45.368+0000][1][safepoint    ] Entering safepoint region: Cleanup
[2019-12-09T02:14:45.368+0000][1][safepoint    ] Leaving safepoint region
[2019-12-09T02:14:45.368+0000][1][safepoint    ] Total time for which application threads were stopped: 0.0000751 seconds, Stopping threads took: 0.0000176 seconds
[2019-12-09T02:14:46.368+0000][1][safepoint    ] Application time: 1.0000737 seconds
[2019-12-09T02:14:46.368+0000][1][safepoint    ] Entering safepoint region: Cleanup
[2019-12-09T02:14:46.368+0000][1][safepoint    ] Leaving safepoint region
[2019-12-09T02:14:46.368+0000][1][safepoint    ] Total time for which application threads were stopped: 0.0000729 seconds, Stopping threads took: 0.0000142 seconds
[2019-12-09T02:14:47.368+0000][1][safepoint    ] Application time: 1.0000792 seconds
[2019-12-09T02:14:47.368+0000][1][safepoint    ] Entering safepoint region: Cleanup
[2019-12-09T02:14:47.368+0000][1][safepoint    ] Leaving safepoint region
[2019-12-09T02:14:47.368+0000][1][safepoint    ] Total time for which application threads were stopped: 0.0001135 seconds, Stopping threads took: 0.0000321 seconds
[2019-12-09T02:14:48.368+0000][1][safepoint    ] Application time: 1.0000779 seconds
[2019-12-09T02:14:48.368+0000][1][safepoint    ] Entering safepoint region: Cleanup
[2019-12-09T02:14:48.369+0000][1][safepoint    ] Leaving safepoint region
[2019-12-09T02:14:48.369+0000][1][safepoint    ] Total time for which application threads were stopped: 0.0000802 seconds, Stopping threads took: 0.0000191 seconds
[2019-12-09T02:14:49.369+0000][1][safepoint    ] Application time: 1.0000769 seconds
[2019-12-09T02:14:49.369+0000][1][safepoint    ] Entering safepoint region: Cleanup
[2019-12-09T02:14:49.369+0000][1][safepoint    ] Leaving safepoint region
[2019-12-09T02:14:49.369+0000][1][safepoint    ] Total time for which application threads were stopped: 0.0000879 seconds, Stopping threads took: 0.0000307 seconds
[2019-12-09T02:14:50.369+0000][1][safepoint    ] Application time: 1.0000768 seconds
[2019-12-09T02:14:50.369+0000][1][safepoint    ] Entering safepoint region: Cleanup
[2019-12-09T02:14:50.369+0000][1][safepoint    ] Leaving safepoint region
[2019-12-09T02:14:50.369+0000][1][safepoint    ] Total time for which application threads were stopped: 0.0000741 seconds, Stopping threads took: 0.0000172 seconds
[2019-12-09T02:14:51.369+0000][1][safepoint    ] Application time: 1.0000798 seconds
[2019-12-09T02:14:51.369+0000][1][safepoint    ] Entering safepoint region: Cleanup
[2019-12-09T02:14:51.369+0000][1][safepoint    ] Leaving safepoint region
[2019-12-09T02:14:51.369+0000][1][safepoint    ] Total time for which application threads were stopped: 0.0001164 seconds, Stopping threads took: 0.0000521 seconds
[2019-12-09T02:14:52.369+0000][1][safepoint    ] Application time: 1.0000833 seconds
[2019-12-09T02:14:52.369+0000][1][safepoint    ] Entering safepoint region: Cleanup
[2019-12-09T02:14:52.369+0000][1][safepoint    ] Leaving safepoint region
[2019-12-09T02:14:52.369+0000][1][safepoint    ] Total time for which application threads were stopped: 0.0000731 seconds, Stopping threads took: 0.0000162 seconds
[2019-12-09T02:14:53.369+0000][1][safepoint    ] Application time: 1.0000753 seconds
[2019-12-09T02:14:53.370+0000][1][safepoint    ] Entering safepoint region: Cleanup
[2019-12-09T02:14:53.370+0000][1][safepoint    ] Leaving safepoint region
[2019-12-09T02:14:53.370+0000][1][safepoint    ] Total time for which application threads were stopped: 0.0000827 seconds, Stopping threads took: 0.0000177 seconds
[2019-12-09T02:14:54.370+0000][1][safepoint    ] Application time: 1.0000758 seconds
[2019-12-09T02:14:54.370+0000][1][safepoint    ] Entering safepoint region: Cleanup
[2019-12-09T02:14:54.370+0000][1][safepoint    ] Leaving safepoint region
[2019-12-09T02:14:54.370+0000][1][safepoint    ] Total time for which application threads were stopped: 0.0000813 seconds, Stopping threads took: 0.0000175 seconds
[2019-12-09T02:14:55.370+0000][1][safepoint    ] Application time: 1.0000766 seconds
[2019-12-09T02:14:55.370+0000][1][safepoint    ] Entering safepoint region: Cleanup
[2019-12-09T02:14:55.370+0000][1][safepoint    ] Leaving safepoint region
[2019-12-09T02:14:55.370+0000][1][safepoint    ] Total time for which application threads were stopped: 0.0000751 seconds, Stopping threads took: 0.0000172 seconds
[2019-12-09T02:14:56.370+0000][1][safepoint    ] Application time: 1.0000788 seconds
[2019-12-09T02:14:56.370+0000][1][safepoint    ] Entering safepoint region: Cleanup
[2019-12-09T02:14:56.370+0000][1][safepoint    ] Leaving safepoint region
[2019-12-09T02:14:56.370+0000][1][safepoint    ] Total time for which application threads were stopped: 0.0000774 seconds, Stopping threads took: 0.0000147 seconds
[2019-12-09T02:14:57.370+0000][1][safepoint    ] Application time: 1.0000776 seconds
[2019-12-09T02:14:57.370+0000][1][safepoint    ] Entering safepoint region: Cleanup
[2019-12-09T02:14:57.370+0000][1][safepoint    ] Leaving safepoint region
[2019-12-09T02:14:57.370+0000][1][safepoint    ] Total time for which application threads were stopped: 0.0000772 seconds, Stopping threads took: 0.0000171 seconds
[2019-12-09T02:14:58.370+0000][1][safepoint    ] Application time: 1.0000770 seconds
[2019-12-09T02:14:58.371+0000][1][safepoint    ] Entering safepoint region: Cleanup
[2019-12-09T02:14:58.371+0000][1][safepoint    ] Leaving safepoint region
[2019-12-09T02:14:58.371+0000][1][safepoint    ] Total time for which application threads were stopped: 0.0000777 seconds, Stopping threads took: 0.0000175 seconds
[2019-12-09T02:14:59.371+0000][1][safepoint    ] Application time: 1.0000758 seconds
[2019-12-09T02:14:59.371+0000][1][safepoint    ] Entering safepoint region: Cleanup
[2019-12-09T02:14:59.371+0000][1][safepoint    ] Leaving safepoint region
[2019-12-09T02:14:59.371+0000][1][safepoint    ] Total time for which application threads were stopped: 0.0000769 seconds, Stopping threads took: 0.0000185 seconds
[2019-12-09T02:15:00.371+0000][1][safepoint    ] Application time: 1.0000765 seconds
[2019-12-09T02:15:00.371+0000][1][safepoint    ] Entering safepoint region: Cleanup
[2019-12-09T02:15:00.371+0000][1][safepoint    ] Leaving safepoint region
[2019-12-09T02:15:00.371+0000][1][safepoint    ] Total time for which application threads were stopped: 0.0000754 seconds, Stopping threads took: 0.0000161 seconds
[2019-12-09T02:15:01.371+0000][1][safepoint    ] Application time: 1.0000854 seconds
[2019-12-09T02:15:01.371+0000][1][safepoint    ] Entering safepoint region: Cleanup
[2019-12-09T02:15:01.371+0000][1][safepoint    ] Leaving safepoint region
[2019-12-09T02:15:01.371+0000][1][safepoint    ] Total time for which application threads were stopped: 0.0000866 seconds, Stopping threads took: 0.0000161 seconds
[2019-12-09T02:15:02.371+0000][1][safepoint    ] Application time: 1.0000856 seconds
[2019-12-09T02:15:02.371+0000][1][safepoint    ] Entering safepoint region: Cleanup
[2019-12-09T02:15:02.371+0000][1][safepoint    ] Leaving safepoint region
[2019-12-09T02:15:02.371+0000][1][safepoint    ] Total time for which application threads were stopped: 0.0000767 seconds, Stopping threads took: 0.0000178 seconds
[2019-12-09T02:15:03.371+0000][1][safepoint    ] Application time: 1.0000775 seconds
[2019-12-09T02:15:03.372+0000][1][safepoint    ] Entering safepoint region: Cleanup
[2019-12-09T02:15:03.372+0000][1][safepoint    ] Leaving safepoint region
[2019-12-09T02:15:03.372+0000][1][safepoint    ] Total time for which application threads were stopped: 0.0000748 seconds, Stopping threads took: 0.0000165 seconds
[2019-12-09T02:15:04.372+0000][1][safepoint    ] Application time: 1.0000751 seconds
[2019-12-09T02:15:04.372+0000][1][safepoint    ] Entering safepoint region: Cleanup
[2019-12-09T02:15:04.372+0000][1][safepoint    ] Leaving safepoint region
[2019-12-09T02:15:04.372+0000][1][safepoint    ] Total time for which application threads were stopped: 0.0000720 seconds, Stopping threads took: 0.0000162 seconds
[2019-12-09T02:15:05.372+0000][1][safepoint    ] Application time: 1.0000761 seconds
[2019-12-09T02:15:05.372+0000][1][safepoint    ] Entering safepoint region: Cleanup
[2019-12-09T02:15:05.372+0000][1][safepoint    ] Leaving safepoint region
[2019-12-09T02:15:05.372+0000][1][safepoint    ] Total time for which application threads were stopped: 0.0000770 seconds, Stopping threads took: 0.0000169 seconds
[2019-12-09T02:15:06.373+0000][1][safepoint    ] Application time: 1.0007612 seconds
[2019-12-09T02:15:06.373+0000][1][safepoint    ] Entering safepoint region: Cleanup
[2019-12-09T02:15:06.373+0000][1][safepoint    ] Leaving safepoint region
[2019-12-09T02:15:06.373+0000][1][safepoint    ] Total time for which application threads were stopped: 0.0001675 seconds, Stopping threads took: 0.0000732 seconds
[2019-12-09T02:15:07.373+0000][1][safepoint    ] Application time: 1.0000807 seconds
[2019-12-09T02:15:07.373+0000][1][safepoint    ] Entering safepoint region: Cleanup
[2019-12-09T02:15:07.373+0000][1][safepoint    ] Leaving safepoint region
[2019-12-09T02:15:07.373+0000][1][safepoint    ] Total time for which application threads were stopped: 0.0000835 seconds, Stopping threads took: 0.0000188 seconds
[2019-12-09T02:15:08.373+0000][1][safepoint    ] Application time: 1.0000834 seconds
[2019-12-09T02:15:08.373+0000][1][safepoint    ] Entering safepoint region: Cleanup
[2019-12-09T02:15:08.373+0000][1][safepoint    ] Leaving safepoint region
[2019-12-09T02:15:08.373+0000][1][safepoint    ] Total time for which application threads were stopped: 0.0000734 seconds, Stopping threads took: 0.0000172 seconds
[2019-12-09T02:15:09.373+0000][1][safepoint    ] Application time: 1.0000769 seconds
[2019-12-09T02:15:09.373+0000][1][safepoint    ] Entering safepoint region: Cleanup
[2019-12-09T02:15:09.374+0000][1][safepoint    ] Leaving safepoint region
[2019-12-09T02:15:09.374+0000][1][safepoint    ] Total time for which application threads were stopped: 0.0000763 seconds, Stopping threads took: 0.0000178 seconds
[2019-12-09T02:15:10.374+0000][1][safepoint    ] Application time: 1.0000776 seconds
[2019-12-09T02:15:10.374+0000][1][safepoint    ] Entering safepoint region: Cleanup
[2019-12-09T02:15:10.374+0000][1][safepoint    ] Leaving safepoint region
[2019-12-09T02:15:10.374+0000][1][safepoint    ] Total time for which application threads were stopped: 0.0000782 seconds, Stopping threads took: 0.0000192 seconds
[2019-12-09T02:15:11.374+0000][1][safepoint    ] Application time: 1.0000778 seconds
[2019-12-09T02:15:11.374+0000][1][safepoint    ] Entering safepoint region: Cleanup
[2019-12-09T02:15:11.374+0000][1][safepoint    ] Leaving safepoint region
[2019-12-09T02:15:11.374+0000][1][safepoint    ] Total time for which application threads were stopped: 0.0000830 seconds, Stopping threads took: 0.0000193 seconds
[2019-12-09T02:15:12.374+0000][1][safepoint    ] Application time: 1.0000771 seconds
[2019-12-09T02:15:12.374+0000][1][safepoint    ] Entering safepoint region: Cleanup
[2019-12-09T02:15:12.374+0000][1][safepoint    ] Leaving safepoint region
[2019-12-09T02:15:12.374+0000][1][safepoint    ] Total time for which application threads were stopped: 0.0000870 seconds, Stopping threads took: 0.0000245 seconds
[2019-12-09T02:15:13.374+0000][1][safepoint    ] Application time: 1.0000760 seconds
[2019-12-09T02:15:13.374+0000][1][safepoint    ] Entering safepoint region: Cleanup
[2019-12-09T02:15:13.374+0000][1][safepoint    ] Leaving safepoint region
[2019-12-09T02:15:13.374+0000][1][safepoint    ] Total time for which application threads were stopped: 0.0000764 seconds, Stopping threads took: 0.0000167 seconds
[2019-12-09T02:15:14.374+0000][1][safepoint    ] Application time: 1.0000753 seconds
[2019-12-09T02:15:14.374+0000][1][safepoint    ] Entering safepoint region: Cleanup
[2019-12-09T02:15:14.375+0000][1][safepoint    ] Leaving safepoint region
[2019-12-09T02:15:14.375+0000][1][safepoint    ] Total time for which application threads were stopped: 0.0000774 seconds, Stopping threads took: 0.0000182 seconds
[2019-12-09T02:15:15.375+0000][1][safepoint    ] Application time: 1.0000766 seconds
[2019-12-09T02:15:15.375+0000][1][safepoint    ] Entering safepoint region: Cleanup
[2019-12-09T02:15:15.375+0000][1][safepoint    ] Leaving safepoint region
[2019-12-09T02:15:15.375+0000][1][safepoint    ] Total time for which application threads were stopped: 0.0000757 seconds, Stopping threads took: 0.0000163 seconds
[2019-12-09T02:15:16.375+0000][1][safepoint    ] Application time: 1.0000767 seconds
[2019-12-09T02:15:16.375+0000][1][safepoint    ] Entering safepoint region: Cleanup
[2019-12-09T02:15:16.375+0000][1][safepoint    ] Leaving safepoint region
[2019-12-09T02:15:16.375+0000][1][safepoint    ] Total time for which application threads were stopped: 0.0000786 seconds, Stopping threads took: 0.0000188 seconds
[2019-12-09T02:15:17.375+0000][1][safepoint    ] Application time: 1.0000751 seconds
[2019-12-09T02:15:17.375+0000][1][safepoint    ] Entering safepoint region: Cleanup
[2019-12-09T02:15:17.375+0000][1][safepoint    ] Leaving safepoint region
[2019-12-09T02:15:17.375+0000][1][safepoint    ] Total time for which application threads were stopped: 0.0000810 seconds, Stopping threads took: 0.0000183 seconds
[2019-12-09T02:15:18.375+0000][1][safepoint    ] Application time: 1.0000769 seconds
[2019-12-09T02:15:18.375+0000][1][safepoint    ] Entering safepoint region: Cleanup
[2019-12-09T02:15:18.375+0000][1][safepoint    ] Leaving safepoint region
[2019-12-09T02:15:18.375+0000][1][safepoint    ] Total time for which application threads were stopped: 0.0000777 seconds, Stopping threads took: 0.0000182 seconds
[2019-12-09T02:15:19.375+0000][1][safepoint    ] Application time: 1.0000765 seconds
[2019-12-09T02:15:19.375+0000][1][safepoint    ] Entering safepoint region: Cleanup
[2019-12-09T02:15:19.376+0000][1][safepoint    ] Leaving safepoint region
[2019-12-09T02:15:19.376+0000][1][safepoint    ] Total time for which application threads were stopped: 0.0000762 seconds, Stopping threads took: 0.0000173 seconds
[2019-12-09T02:15:20.376+0000][1][safepoint    ] Application time: 1.0000752 seconds
[2019-12-09T02:15:20.376+0000][1][safepoint    ] Entering safepoint region: Cleanup
[2019-12-09T02:15:20.376+0000][1][safepoint    ] Leaving safepoint region
[2019-12-09T02:15:20.376+0000][1][safepoint    ] Total time for which application threads were stopped: 0.0000912 seconds, Stopping threads took: 0.0000159 seconds
[2019-12-09T02:15:21.376+0000][1][safepoint    ] Application time: 1.0000746 seconds
[2019-12-09T02:15:21.376+0000][1][safepoint    ] Entering safepoint region: Cleanup
[2019-12-09T02:15:21.376+0000][1][safepoint    ] Leaving safepoint region
[2019-12-09T02:15:21.376+0000][1][safepoint    ] Total time for which application threads were stopped: 0.0000745 seconds, Stopping threads took: 0.0000171 seconds
[2019-12-09T02:15:22.376+0000][1][safepoint    ] Application time: 1.0000769 seconds
[2019-12-09T02:15:22.376+0000][1][safepoint    ] Entering safepoint region: Cleanup
[2019-12-09T02:15:22.376+0000][1][safepoint    ] Leaving safepoint region
[2019-12-09T02:15:22.376+0000][1][safepoint    ] Total time for which application threads were stopped: 0.0000764 seconds, Stopping threads took: 0.0000183 seconds
[2019-12-09T02:15:23.376+0000][1][safepoint    ] Application time: 1.0001081 seconds
[2019-12-09T02:15:23.376+0000][1][safepoint    ] Entering safepoint region: Cleanup
[2019-12-09T02:15:23.376+0000][1][safepoint    ] Leaving safepoint region
[2019-12-09T02:15:23.376+0000][1][safepoint    ] Total time for which application threads were stopped: 0.0001168 seconds, Stopping threads took: 0.0000299 seconds
[2019-12-09T02:15:24.377+0000][1][safepoint    ] Application time: 1.0000759 seconds
[2019-12-09T02:15:24.377+0000][1][safepoint    ] Entering safepoint region: Cleanup
[2019-12-09T02:15:24.377+0000][1][safepoint    ] Leaving safepoint region
[2019-12-09T02:15:24.377+0000][1][safepoint    ] Total time for which application threads were stopped: 0.0000741 seconds, Stopping threads took: 0.0000161 seconds
[2019-12-09T02:15:25.377+0000][1][safepoint    ] Application time: 1.0000766 seconds
[2019-12-09T02:15:25.377+0000][1][safepoint    ] Entering safepoint region: Cleanup
[2019-12-09T02:15:25.377+0000][1][safepoint    ] Leaving safepoint region
[2019-12-09T02:15:25.377+0000][1][safepoint    ] Total time for which application threads were stopped: 0.0000775 seconds, Stopping threads took: 0.0000196 seconds
[2019-12-09T02:15:26.377+0000][1][safepoint    ] Application time: 1.0000774 seconds
[2019-12-09T02:15:26.377+0000][1][safepoint    ] Entering safepoint region: Cleanup
[2019-12-09T02:15:26.377+0000][1][safepoint    ] Leaving safepoint region
[2019-12-09T02:15:26.377+0000][1][safepoint    ] Total time for which application threads were stopped: 0.0000756 seconds, Stopping threads took: 0.0000178 seconds
[2019-12-09T02:15:27.377+0000][1][safepoint    ] Application time: 1.0000766 seconds
[2019-12-09T02:15:27.377+0000][1][safepoint    ] Entering safepoint region: Cleanup
[2019-12-09T02:15:27.377+0000][1][safepoint    ] Leaving safepoint region
[2019-12-09T02:15:27.377+0000][1][safepoint    ] Total time for which application threads were stopped: 0.0000789 seconds, Stopping threads took: 0.0000184 seconds
[2019-12-09T02:15:28.377+0000][1][safepoint    ] Application time: 1.0000761 seconds
[2019-12-09T02:15:28.377+0000][1][safepoint    ] Entering safepoint region: Cleanup
[2019-12-09T02:15:28.377+0000][1][safepoint    ] Leaving safepoint region
[2019-12-09T02:15:28.377+0000][1][safepoint    ] Total time for which application threads were stopped: 0.0000767 seconds, Stopping threads took: 0.0000169 seconds
[2019-12-09T02:15:29.377+0000][1][safepoint    ] Application time: 1.0000752 seconds
[2019-12-09T02:15:29.378+0000][1][safepoint    ] Entering safepoint region: Cleanup
[2019-12-09T02:15:29.378+0000][1][safepoint    ] Leaving safepoint region
[2019-12-09T02:15:29.378+0000][1][safepoint    ] Total time for which application threads were stopped: 0.0000760 seconds, Stopping threads took: 0.0000186 seconds
[2019-12-09T02:15:30.378+0000][1][safepoint    ] Application time: 1.0000809 seconds
[2019-12-09T02:15:30.378+0000][1][safepoint    ] Entering safepoint region: Cleanup
[2019-12-09T02:15:30.378+0000][1][safepoint    ] Leaving safepoint region
[2019-12-09T02:15:30.378+0000][1][safepoint    ] Total time for which application threads were stopped: 0.0000734 seconds, Stopping threads took: 0.0000156 seconds
[2019-12-09T02:15:31.175+0000][1][safepoint    ] Application time: 0.7975668 seconds
[2019-12-09T02:15:31.175+0000][1][safepoint    ] Entering safepoint region: GenCollectForAllocation
[2019-12-09T02:15:31.176+0000][1][gc,start     ] GC(28) Pause Young (Allocation Failure)
[2019-12-09T02:15:31.176+0000][1][gc,task      ] GC(28) Using 2 workers of 2 for evacuation
[2019-12-09T02:15:31.187+0000][1][gc,age       ] GC(28) Desired survivor size 4456448 bytes, new threshold 6 (max threshold 6)
[2019-12-09T02:15:31.187+0000][1][gc,age       ] GC(28) Age table with threshold 6 (max threshold 6)
[2019-12-09T02:15:31.187+0000][1][gc,age       ] GC(28) - age   1:       4576 bytes,       4576 total
[2019-12-09T02:15:31.187+0000][1][gc,age       ] GC(28) - age   2:       5016 bytes,       9592 total
[2019-12-09T02:15:31.187+0000][1][gc,age       ] GC(28) - age   3:       6448 bytes,      16040 total
[2019-12-09T02:15:31.187+0000][1][gc,age       ] GC(28) - age   4:       5416 bytes,      21456 total
[2019-12-09T02:15:31.187+0000][1][gc,age       ] GC(28) - age   5:      24392 bytes,      45848 total
[2019-12-09T02:15:31.187+0000][1][gc,age       ] GC(28) - age   6:    1728920 bytes,    1774768 total
[2019-12-09T02:15:31.187+0000][1][gc,heap      ] GC(28) ParNew: 72582K->2606K(78656K)
[2019-12-09T02:15:31.187+0000][1][gc,heap      ] GC(28) CMS: 67790K->67790K(174784K)
[2019-12-09T02:15:31.187+0000][1][gc,metaspace ] GC(28) Metaspace: 68961K->68961K(1112064K)
[2019-12-09T02:15:31.187+0000][1][gc           ] GC(28) Pause Young (Allocation Failure) 137M->68M(247M) 11.661ms
[2019-12-09T02:15:31.187+0000][1][gc,cpu       ] GC(28) User=0.01s Sys=0.00s Real=0.01s
[2019-12-09T02:15:31.187+0000][1][safepoint    ] Leaving safepoint region
[2019-12-09T02:15:31.187+0000][1][safepoint    ] Total time for which application threads were stopped: 0.0118468 seconds, Stopping threads took: 0.0000214 seconds
[2019-12-09T02:15:32.187+0000][1][safepoint    ] Application time: 1.0000911 seconds
[2019-12-09T02:15:32.187+0000][1][safepoint    ] Entering safepoint region: Cleanup
[2019-12-09T02:15:32.187+0000][1][safepoint    ] Leaving safepoint region
[2019-12-09T02:15:32.187+0000][1][safepoint    ] Total time for which application threads were stopped: 0.0000777 seconds, Stopping threads took: 0.0000167 seconds
[2019-12-09T02:15:33.188+0000][1][safepoint    ] Application time: 1.0000769 seconds
[2019-12-09T02:15:33.188+0000][1][safepoint    ] Entering safepoint region: Cleanup
[2019-12-09T02:15:33.188+0000][1][safepoint    ] Leaving safepoint region
[2019-12-09T02:15:33.188+0000][1][safepoint    ] Total time for which application threads were stopped: 0.0000739 seconds, Stopping threads took: 0.0000180 seconds
[2019-12-09T02:15:34.188+0000][1][safepoint    ] Application time: 1.0000755 seconds
[2019-12-09T02:15:34.188+0000][1][safepoint    ] Entering safepoint region: Cleanup
[2019-12-09T02:15:34.188+0000][1][safepoint    ] Leaving safepoint region
[2019-12-09T02:15:34.188+0000][1][safepoint    ] Total time for which application threads were stopped: 0.0000751 seconds, Stopping threads took: 0.0000156 seconds
[2019-12-09T02:15:35.188+0000][1][safepoint    ] Application time: 1.0000757 seconds
[2019-12-09T02:15:35.188+0000][1][safepoint    ] Entering safepoint region: Cleanup
[2019-12-09T02:15:35.188+0000][1][safepoint    ] Leaving safepoint region
[2019-12-09T02:15:35.188+0000][1][safepoint    ] Total time for which application threads were stopped: 0.0000744 seconds, Stopping threads took: 0.0000175 seconds
[2019-12-09T02:15:36.188+0000][1][safepoint    ] Application time: 1.0000741 seconds
[2019-12-09T02:15:36.188+0000][1][safepoint    ] Entering safepoint region: Cleanup
[2019-12-09T02:15:36.188+0000][1][safepoint    ] Leaving safepoint region
[2019-12-09T02:15:36.188+0000][1][safepoint    ] Total time for which application threads were stopped: 0.0000801 seconds, Stopping threads took: 0.0000164 seconds
[2019-12-09T02:15:37.188+0000][1][safepoint    ] Application time: 1.0000757 seconds
[2019-12-09T02:15:37.188+0000][1][safepoint    ] Entering safepoint region: Cleanup
[2019-12-09T02:15:37.188+0000][1][safepoint    ] Leaving safepoint region
[2019-12-09T02:15:37.188+0000][1][safepoint    ] Total time for which application threads were stopped: 0.0000765 seconds, Stopping threads took: 0.0000171 seconds
[2019-12-09T02:15:38.188+0000][1][safepoint    ] Application time: 1.0000764 seconds
[2019-12-09T02:15:38.189+0000][1][safepoint    ] Entering safepoint region: Cleanup
[2019-12-09T02:15:38.189+0000][1][safepoint    ] Leaving safepoint region
[2019-12-09T02:15:38.189+0000][1][safepoint    ] Total time for which application threads were stopped: 0.0000738 seconds, Stopping threads took: 0.0000172 seconds
[2019-12-09T02:15:39.189+0000][1][safepoint    ] Application time: 1.0000760 seconds
[2019-12-09T02:15:39.189+0000][1][safepoint    ] Entering safepoint region: Cleanup
[2019-12-09T02:15:39.189+0000][1][safepoint    ] Leaving safepoint region
[2019-12-09T02:15:39.189+0000][1][safepoint    ] Total time for which application threads were stopped: 0.0000711 seconds, Stopping threads took: 0.0000157 seconds
[2019-12-09T02:15:40.189+0000][1][safepoint    ] Application time: 1.0000745 seconds
[2019-12-09T02:15:40.189+0000][1][safepoint    ] Entering safepoint region: Cleanup
[2019-12-09T02:15:40.189+0000][1][safepoint    ] Leaving safepoint region
[2019-12-09T02:15:40.189+0000][1][safepoint    ] Total time for which application threads were stopped: 0.0000761 seconds, Stopping threads took: 0.0000169 seconds
[2019-12-09T02:15:41.189+0000][1][safepoint    ] Application time: 1.0000762 seconds
[2019-12-09T02:15:41.189+0000][1][safepoint    ] Entering safepoint region: Cleanup
[2019-12-09T02:15:41.189+0000][1][safepoint    ] Leaving safepoint region
[2019-12-09T02:15:41.189+0000][1][safepoint    ] Total time for which application threads were stopped: 0.0000850 seconds, Stopping threads took: 0.0000167 seconds
[2019-12-09T02:15:42.189+0000][1][safepoint    ] Application time: 1.0000746 seconds
[2019-12-09T02:15:42.189+0000][1][safepoint    ] Entering safepoint region: Cleanup
[2019-12-09T02:15:42.189+0000][1][safepoint    ] Leaving safepoint region
[2019-12-09T02:15:42.189+0000][1][safepoint    ] Total time for which application threads were stopped: 0.0000789 seconds, Stopping threads took: 0.0000216 seconds
[2019-12-09T02:15:43.189+0000][1][safepoint    ] Application time: 1.0000745 seconds
[2019-12-09T02:15:43.190+0000][1][safepoint    ] Entering safepoint region: Cleanup
[2019-12-09T02:15:43.190+0000][1][safepoint    ] Leaving safepoint region
[2019-12-09T02:15:43.190+0000][1][safepoint    ] Total time for which application threads were stopped: 0.0000929 seconds, Stopping threads took: 0.0000176 seconds
[2019-12-09T02:15:44.190+0000][1][safepoint    ] Application time: 1.0000961 seconds
[2019-12-09T02:15:44.190+0000][1][safepoint    ] Entering safepoint region: Cleanup
[2019-12-09T02:15:44.190+0000][1][safepoint    ] Leaving safepoint region
[2019-12-09T02:15:44.190+0000][1][safepoint    ] Total time for which application threads were stopped: 0.0000836 seconds, Stopping threads took: 0.0000180 seconds
[2019-12-09T02:15:45.190+0000][1][safepoint    ] Application time: 1.0000750 seconds
[2019-12-09T02:15:45.190+0000][1][safepoint    ] Entering safepoint region: Cleanup
[2019-12-09T02:15:45.190+0000][1][safepoint    ] Leaving safepoint region
[2019-12-09T02:15:45.190+0000][1][safepoint    ] Total time for which application threads were stopped: 0.0000744 seconds, Stopping threads took: 0.0000170 seconds
[2019-12-09T02:15:46.190+0000][1][safepoint    ] Application time: 1.0000757 seconds
[2019-12-09T02:15:46.190+0000][1][safepoint    ] Entering safepoint region: Cleanup
[2019-12-09T02:15:46.190+0000][1][safepoint    ] Leaving safepoint region
[2019-12-09T02:15:46.190+0000][1][safepoint    ] Total time for which application threads were stopped: 0.0000776 seconds, Stopping threads took: 0.0000176 seconds
[2019-12-09T02:15:47.190+0000][1][safepoint    ] Application time: 1.0000757 seconds
[2019-12-09T02:15:47.190+0000][1][safepoint    ] Entering safepoint region: Cleanup
[2019-12-09T02:15:47.190+0000][1][safepoint    ] Leaving safepoint region
[2019-12-09T02:15:47.190+0000][1][safepoint    ] Total time for which application threads were stopped: 0.0000736 seconds, Stopping threads took: 0.0000166 seconds
[2019-12-09T02:15:48.190+0000][1][safepoint    ] Application time: 1.0000754 seconds
[2019-12-09T02:15:48.191+0000][1][safepoint    ] Entering safepoint region: Cleanup
[2019-12-09T02:15:48.191+0000][1][safepoint    ] Leaving safepoint region
[2019-12-09T02:15:48.191+0000][1][safepoint    ] Total time for which application threads were stopped: 0.0000874 seconds, Stopping threads took: 0.0000252 seconds
[2019-12-09T02:15:49.191+0000][1][safepoint    ] Application time: 1.0000753 seconds
[2019-12-09T02:15:49.191+0000][1][safepoint    ] Entering safepoint region: Cleanup
[2019-12-09T02:15:49.191+0000][1][safepoint    ] Leaving safepoint region
[2019-12-09T02:15:49.191+0000][1][safepoint    ] Total time for which application threads were stopped: 0.0000716 seconds, Stopping threads took: 0.0000156 seconds
[2019-12-09T02:15:50.191+0000][1][safepoint    ] Application time: 1.0000854 seconds
[2019-12-09T02:15:50.191+0000][1][safepoint    ] Entering safepoint region: Cleanup
[2019-12-09T02:15:50.191+0000][1][safepoint    ] Leaving safepoint region
[2019-12-09T02:15:50.191+0000][1][safepoint    ] Total time for which application threads were stopped: 0.0001147 seconds, Stopping threads took: 0.0000219 seconds
[2019-12-09T02:15:51.191+0000][1][safepoint    ] Application time: 1.0000760 seconds
[2019-12-09T02:15:51.191+0000][1][safepoint    ] Entering safepoint region: Cleanup
[2019-12-09T02:15:51.191+0000][1][safepoint    ] Leaving safepoint region
[2019-12-09T02:15:51.191+0000][1][safepoint    ] Total time for which application threads were stopped: 0.0000819 seconds, Stopping threads took: 0.0000178 seconds
[2019-12-09T02:15:52.191+0000][1][safepoint    ] Application time: 1.0000832 seconds
[2019-12-09T02:15:52.191+0000][1][safepoint    ] Entering safepoint region: Cleanup
[2019-12-09T02:15:52.191+0000][1][safepoint    ] Leaving safepoint region
[2019-12-09T02:15:52.191+0000][1][safepoint    ] Total time for which application threads were stopped: 0.0000815 seconds, Stopping threads took: 0.0000207 seconds
[2019-12-09T02:15:53.192+0000][1][safepoint    ] Application time: 1.0000758 seconds
[2019-12-09T02:15:53.192+0000][1][safepoint    ] Entering safepoint region: Cleanup
[2019-12-09T02:15:53.192+0000][1][safepoint    ] Leaving safepoint region
[2019-12-09T02:15:53.192+0000][1][safepoint    ] Total time for which application threads were stopped: 0.0000760 seconds, Stopping threads took: 0.0000172 seconds
[2019-12-09T02:15:54.192+0000][1][safepoint    ] Application time: 1.0000875 seconds
[2019-12-09T02:15:54.192+0000][1][safepoint    ] Entering safepoint region: Cleanup
[2019-12-09T02:15:54.192+0000][1][safepoint    ] Leaving safepoint region
[2019-12-09T02:15:54.192+0000][1][safepoint    ] Total time for which application threads were stopped: 0.0000750 seconds, Stopping threads took: 0.0000172 seconds
[2019-12-09T02:15:55.192+0000][1][safepoint    ] Application time: 1.0000740 seconds
[2019-12-09T02:15:55.192+0000][1][safepoint    ] Entering safepoint region: Cleanup
[2019-12-09T02:15:55.192+0000][1][safepoint    ] Leaving safepoint region
[2019-12-09T02:15:55.192+0000][1][safepoint    ] Total time for which application threads were stopped: 0.0000834 seconds, Stopping threads took: 0.0000177 seconds
[2019-12-09T02:15:56.192+0000][1][safepoint    ] Application time: 1.0000795 seconds
[2019-12-09T02:15:56.192+0000][1][safepoint    ] Entering safepoint region: Cleanup
[2019-12-09T02:15:56.192+0000][1][safepoint    ] Leaving safepoint region
[2019-12-09T02:15:56.192+0000][1][safepoint    ] Total time for which application threads were stopped: 0.0000795 seconds, Stopping threads took: 0.0000174 seconds
[2019-12-09T02:15:57.192+0000][1][safepoint    ] Application time: 1.0000767 seconds
[2019-12-09T02:15:57.192+0000][1][safepoint    ] Entering safepoint region: Cleanup
[2019-12-09T02:15:57.192+0000][1][safepoint    ] Leaving safepoint region
[2019-12-09T02:15:57.192+0000][1][safepoint    ] Total time for which application threads were stopped: 0.0000739 seconds, Stopping threads took: 0.0000175 seconds
[2019-12-09T02:15:58.193+0000][1][safepoint    ] Application time: 1.0000781 seconds
[2019-12-09T02:15:58.193+0000][1][safepoint    ] Entering safepoint region: Cleanup
[2019-12-09T02:15:58.193+0000][1][safepoint    ] Leaving safepoint region
[2019-12-09T02:15:58.193+0000][1][safepoint    ] Total time for which application threads were stopped: 0.0000969 seconds, Stopping threads took: 0.0000242 seconds
[2019-12-09T02:15:59.193+0000][1][safepoint    ] Application time: 1.0000752 seconds
[2019-12-09T02:15:59.193+0000][1][safepoint    ] Entering safepoint region: Cleanup
[2019-12-09T02:15:59.193+0000][1][safepoint    ] Leaving safepoint region
[2019-12-09T02:15:59.193+0000][1][safepoint    ] Total time for which application threads were stopped: 0.0000761 seconds, Stopping threads took: 0.0000178 seconds
[2019-12-09T02:16:00.193+0000][1][safepoint    ] Application time: 1.0000772 seconds
[2019-12-09T02:16:00.193+0000][1][safepoint    ] Entering safepoint region: Cleanup
[2019-12-09T02:16:00.193+0000][1][safepoint    ] Leaving safepoint region
[2019-12-09T02:16:00.193+0000][1][safepoint    ] Total time for which application threads were stopped: 0.0000732 seconds, Stopping threads took: 0.0000169 seconds
[2019-12-09T02:16:01.193+0000][1][safepoint    ] Application time: 1.0000772 seconds
[2019-12-09T02:16:01.193+0000][1][safepoint    ] Entering safepoint region: Cleanup
[2019-12-09T02:16:01.193+0000][1][safepoint    ] Leaving safepoint region
[2019-12-09T02:16:01.193+0000][1][safepoint    ] Total time for which application threads were stopped: 0.0000758 seconds, Stopping threads took: 0.0000179 seconds
[2019-12-09T02:16:02.193+0000][1][safepoint    ] Application time: 1.0000745 seconds
[2019-12-09T02:16:02.193+0000][1][safepoint    ] Entering safepoint region: Cleanup
[2019-12-09T02:16:02.193+0000][1][safepoint    ] Leaving safepoint region
[2019-12-09T02:16:02.193+0000][1][safepoint    ] Total time for which application threads were stopped: 0.0000779 seconds, Stopping threads took: 0.0000195 seconds
[2019-12-09T02:16:03.194+0000][1][safepoint    ] Application time: 1.0000760 seconds
[2019-12-09T02:16:03.194+0000][1][safepoint    ] Entering safepoint region: Cleanup
[2019-12-09T02:16:03.194+0000][1][safepoint    ] Leaving safepoint region
[2019-12-09T02:16:03.194+0000][1][safepoint    ] Total time for which application threads were stopped: 0.0000770 seconds, Stopping threads took: 0.0000189 seconds
[2019-12-09T02:16:04.194+0000][1][safepoint    ] Application time: 1.0000878 seconds
[2019-12-09T02:16:04.194+0000][1][safepoint    ] Entering safepoint region: Cleanup
[2019-12-09T02:16:04.194+0000][1][safepoint    ] Leaving safepoint region
[2019-12-09T02:16:04.194+0000][1][safepoint    ] Total time for which application threads were stopped: 0.0000790 seconds, Stopping threads took: 0.0000164 seconds
[2019-12-09T02:16:05.194+0000][1][safepoint    ] Application time: 1.0000760 seconds
[2019-12-09T02:16:05.194+0000][1][safepoint    ] Entering safepoint region: Cleanup
[2019-12-09T02:16:05.194+0000][1][safepoint    ] Leaving safepoint region
[2019-12-09T02:16:05.194+0000][1][safepoint    ] Total time for which application threads were stopped: 0.0000778 seconds, Stopping threads took: 0.0000176 seconds
[2019-12-09T02:16:06.194+0000][1][safepoint    ] Application time: 1.0000753 seconds
[2019-12-09T02:16:06.194+0000][1][safepoint    ] Entering safepoint region: Cleanup
[2019-12-09T02:16:06.194+0000][1][safepoint    ] Leaving safepoint region
[2019-12-09T02:16:06.194+0000][1][safepoint    ] Total time for which application threads were stopped: 0.0000690 seconds, Stopping threads took: 0.0000146 seconds
[2019-12-09T02:16:07.194+0000][1][safepoint    ] Application time: 1.0000786 seconds
[2019-12-09T02:16:07.194+0000][1][safepoint    ] Entering safepoint region: Cleanup
[2019-12-09T02:16:07.194+0000][1][safepoint    ] Leaving safepoint region
[2019-12-09T02:16:07.194+0000][1][safepoint    ] Total time for which application threads were stopped: 0.0000729 seconds, Stopping threads took: 0.0000171 seconds
[2019-12-09T02:16:08.195+0000][1][safepoint    ] Application time: 1.0000742 seconds
[2019-12-09T02:16:08.195+0000][1][safepoint    ] Entering safepoint region: Cleanup
[2019-12-09T02:16:08.195+0000][1][safepoint    ] Leaving safepoint region
[2019-12-09T02:16:08.195+0000][1][safepoint    ] Total time for which application threads were stopped: 0.0000833 seconds, Stopping threads took: 0.0000263 seconds
[2019-12-09T02:16:09.195+0000][1][safepoint    ] Application time: 1.0000760 seconds
[2019-12-09T02:16:09.195+0000][1][safepoint    ] Entering safepoint region: Cleanup
[2019-12-09T02:16:09.195+0000][1][safepoint    ] Leaving safepoint region
[2019-12-09T02:16:09.195+0000][1][safepoint    ] Total time for which application threads were stopped: 0.0000740 seconds, Stopping threads took: 0.0000169 seconds
[2019-12-09T02:16:10.195+0000][1][safepoint    ] Application time: 1.0000739 seconds
[2019-12-09T02:16:10.195+0000][1][safepoint    ] Entering safepoint region: Cleanup
[2019-12-09T02:16:10.195+0000][1][safepoint    ] Leaving safepoint region
[2019-12-09T02:16:10.195+0000][1][safepoint    ] Total time for which application threads were stopped: 0.0000752 seconds, Stopping threads took: 0.0000190 seconds
[2019-12-09T02:16:11.195+0000][1][safepoint    ] Application time: 1.0000747 seconds
[2019-12-09T02:16:11.195+0000][1][safepoint    ] Entering safepoint region: Cleanup
[2019-12-09T02:16:11.195+0000][1][safepoint    ] Leaving safepoint region
[2019-12-09T02:16:11.195+0000][1][safepoint    ] Total time for which application threads were stopped: 0.0000712 seconds, Stopping threads took: 0.0000167 seconds
[2019-12-09T02:16:12.195+0000][1][safepoint    ] Application time: 1.0000770 seconds
[2019-12-09T02:16:12.195+0000][1][safepoint    ] Entering safepoint region: Cleanup
[2019-12-09T02:16:12.195+0000][1][safepoint    ] Leaving safepoint region
[2019-12-09T02:16:12.195+0000][1][safepoint    ] Total time for which application threads were stopped: 0.0000755 seconds, Stopping threads took: 0.0000188 seconds
[2019-12-09T02:16:13.196+0000][1][safepoint    ] Application time: 1.0000761 seconds
[2019-12-09T02:16:13.196+0000][1][safepoint    ] Entering safepoint region: Cleanup
[2019-12-09T02:16:13.196+0000][1][safepoint    ] Leaving safepoint region
[2019-12-09T02:16:13.196+0000][1][safepoint    ] Total time for which application threads were stopped: 0.0000721 seconds, Stopping threads took: 0.0000176 seconds
[2019-12-09T02:16:14.196+0000][1][safepoint    ] Application time: 1.0000779 seconds
[2019-12-09T02:16:14.196+0000][1][safepoint    ] Entering safepoint region: Cleanup
[2019-12-09T02:16:14.196+0000][1][safepoint    ] Leaving safepoint region
[2019-12-09T02:16:14.196+0000][1][safepoint    ] Total time for which application threads were stopped: 0.0000757 seconds, Stopping threads took: 0.0000182 seconds
[2019-12-09T02:16:15.196+0000][1][safepoint    ] Application time: 1.0000773 seconds
[2019-12-09T02:16:15.196+0000][1][safepoint    ] Entering safepoint region: Cleanup
[2019-12-09T02:16:15.196+0000][1][safepoint    ] Leaving safepoint region
[2019-12-09T02:16:15.196+0000][1][safepoint    ] Total time for which application threads were stopped: 0.0000742 seconds, Stopping threads took: 0.0000179 seconds
[2019-12-09T02:16:16.196+0000][1][safepoint    ] Application time: 1.0000763 seconds
[2019-12-09T02:16:16.196+0000][1][safepoint    ] Entering safepoint region: Cleanup
[2019-12-09T02:16:16.196+0000][1][safepoint    ] Leaving safepoint region
[2019-12-09T02:16:16.196+0000][1][safepoint    ] Total time for which application threads were stopped: 0.0000714 seconds, Stopping threads took: 0.0000174 seconds
[2019-12-09T02:16:17.196+0000][1][safepoint    ] Application time: 1.0000760 seconds
[2019-12-09T02:16:17.196+0000][1][safepoint    ] Entering safepoint region: Cleanup
[2019-12-09T02:16:17.196+0000][1][safepoint    ] Leaving safepoint region
[2019-12-09T02:16:17.196+0000][1][safepoint    ] Total time for which application threads were stopped: 0.0000806 seconds, Stopping threads took: 0.0000250 seconds
[2019-12-09T02:16:18.196+0000][1][safepoint    ] Application time: 1.0000747 seconds
[2019-12-09T02:16:18.197+0000][1][safepoint    ] Entering safepoint region: Cleanup
[2019-12-09T02:16:18.197+0000][1][safepoint    ] Leaving safepoint region
[2019-12-09T02:16:18.197+0000][1][safepoint    ] Total time for which application threads were stopped: 0.0000850 seconds, Stopping threads took: 0.0000266 seconds
[2019-12-09T02:16:19.197+0000][1][safepoint    ] Application time: 1.0000756 seconds
[2019-12-09T02:16:19.197+0000][1][safepoint    ] Entering safepoint region: Cleanup
[2019-12-09T02:16:19.197+0000][1][safepoint    ] Leaving safepoint region
[2019-12-09T02:16:19.197+0000][1][safepoint    ] Total time for which application threads were stopped: 0.0000704 seconds, Stopping threads took: 0.0000167 seconds
[2019-12-09T02:16:20.197+0000][1][safepoint    ] Application time: 1.0000759 seconds
[2019-12-09T02:16:20.197+0000][1][safepoint    ] Entering safepoint region: Cleanup
[2019-12-09T02:16:20.197+0000][1][safepoint    ] Leaving safepoint region
[2019-12-09T02:16:20.197+0000][1][safepoint    ] Total time for which application threads were stopped: 0.0000740 seconds, Stopping threads took: 0.0000191 seconds
[2019-12-09T02:16:21.197+0000][1][safepoint    ] Application time: 1.0000772 seconds
[2019-12-09T02:16:21.197+0000][1][safepoint    ] Entering safepoint region: Cleanup
[2019-12-09T02:16:21.197+0000][1][safepoint    ] Leaving safepoint region
[2019-12-09T02:16:21.197+0000][1][safepoint    ] Total time for which application threads were stopped: 0.0000736 seconds, Stopping threads took: 0.0000183 seconds
[2019-12-09T02:16:22.197+0000][1][safepoint    ] Application time: 1.0000777 seconds
[2019-12-09T02:16:22.197+0000][1][safepoint    ] Entering safepoint region: Cleanup
[2019-12-09T02:16:22.197+0000][1][safepoint    ] Leaving safepoint region
[2019-12-09T02:16:22.197+0000][1][safepoint    ] Total time for which application threads were stopped: 0.0000747 seconds, Stopping threads took: 0.0000177 seconds
[2019-12-09T02:16:23.197+0000][1][safepoint    ] Application time: 1.0000771 seconds
[2019-12-09T02:16:23.198+0000][1][safepoint    ] Entering safepoint region: Cleanup
[2019-12-09T02:16:23.198+0000][1][safepoint    ] Leaving safepoint region
[2019-12-09T02:16:23.198+0000][1][safepoint    ] Total time for which application threads were stopped: 0.0000748 seconds, Stopping threads took: 0.0000180 seconds
[2019-12-09T02:16:24.198+0000][1][safepoint    ] Application time: 1.0000782 seconds
[2019-12-09T02:16:24.198+0000][1][safepoint    ] Entering safepoint region: Cleanup
[2019-12-09T02:16:24.198+0000][1][safepoint    ] Leaving safepoint region
[2019-12-09T02:16:24.198+0000][1][safepoint    ] Total time for which application threads were stopped: 0.0000730 seconds, Stopping threads took: 0.0000172 seconds
[2019-12-09T02:16:25.198+0000][1][safepoint    ] Application time: 1.0000787 seconds
[2019-12-09T02:16:25.198+0000][1][safepoint    ] Entering safepoint region: Cleanup
[2019-12-09T02:16:25.198+0000][1][safepoint    ] Leaving safepoint region
[2019-12-09T02:16:25.198+0000][1][safepoint    ] Total time for which application threads were stopped: 0.0000761 seconds, Stopping threads took: 0.0000169 seconds
[2019-12-09T02:16:26.198+0000][1][safepoint    ] Application time: 1.0000748 seconds
[2019-12-09T02:16:26.198+0000][1][safepoint    ] Entering safepoint region: Cleanup
[2019-12-09T02:16:26.198+0000][1][safepoint    ] Leaving safepoint region
[2019-12-09T02:16:26.198+0000][1][safepoint    ] Total time for which application threads were stopped: 0.0000740 seconds, Stopping threads took: 0.0000170 seconds
[2019-12-09T02:16:27.409+0000][1][safepoint    ] Application time: 1.2111130 seconds
[2019-12-09T02:16:27.409+0000][1][safepoint    ] Entering safepoint region: Cleanup
[2019-12-09T02:16:27.409+0000][1][safepoint    ] Leaving safepoint region
[2019-12-09T02:16:27.409+0000][1][safepoint    ] Total time for which application threads were stopped: 0.0000872 seconds, Stopping threads took: 0.0000184 seconds
[2019-12-09T02:16:28.410+0000][1][safepoint    ] Application time: 1.0000762 seconds
[2019-12-09T02:16:28.410+0000][1][safepoint    ] Entering safepoint region: Cleanup
[2019-12-09T02:16:28.410+0000][1][safepoint    ] Leaving safepoint region
[2019-12-09T02:16:28.410+0000][1][safepoint    ] Total time for which application threads were stopped: 0.0000819 seconds, Stopping threads took: 0.0000167 seconds
[2019-12-09T02:16:29.410+0000][1][safepoint    ] Application time: 1.0000774 seconds
[2019-12-09T02:16:29.410+0000][1][safepoint    ] Entering safepoint region: Cleanup
[2019-12-09T02:16:29.410+0000][1][safepoint    ] Leaving safepoint region
[2019-12-09T02:16:29.410+0000][1][safepoint    ] Total time for which application threads were stopped: 0.0000761 seconds, Stopping threads took: 0.0000182 seconds
[2019-12-09T02:16:30.410+0000][1][safepoint    ] Application time: 1.0000780 seconds
[2019-12-09T02:16:30.410+0000][1][safepoint    ] Entering safepoint region: Cleanup
[2019-12-09T02:16:30.410+0000][1][safepoint    ] Leaving safepoint region
[2019-12-09T02:16:30.410+0000][1][safepoint    ] Total time for which application threads were stopped: 0.0000747 seconds, Stopping threads took: 0.0000183 seconds
[2019-12-09T02:16:31.410+0000][1][safepoint    ] Application time: 1.0000748 seconds
[2019-12-09T02:16:31.410+0000][1][safepoint    ] Entering safepoint region: Cleanup
[2019-12-09T02:16:31.410+0000][1][safepoint    ] Leaving safepoint region
[2019-12-09T02:16:31.410+0000][1][safepoint    ] Total time for which application threads were stopped: 0.0000715 seconds, Stopping threads took: 0.0000156 seconds
[2019-12-09T02:16:32.410+0000][1][safepoint    ] Application time: 1.0000858 seconds
[2019-12-09T02:16:32.410+0000][1][safepoint    ] Entering safepoint region: Cleanup
[2019-12-09T02:16:32.410+0000][1][safepoint    ] Leaving safepoint region
[2019-12-09T02:16:32.410+0000][1][safepoint    ] Total time for which application threads were stopped: 0.0000765 seconds, Stopping threads took: 0.0000197 seconds
[2019-12-09T02:16:33.411+0000][1][safepoint    ] Application time: 1.0000763 seconds
[2019-12-09T02:16:33.411+0000][1][safepoint    ] Entering safepoint region: Cleanup
[2019-12-09T02:16:33.411+0000][1][safepoint    ] Leaving safepoint region
[2019-12-09T02:16:33.411+0000][1][safepoint    ] Total time for which application threads were stopped: 0.0000708 seconds, Stopping threads took: 0.0000153 seconds
[2019-12-09T02:16:34.411+0000][1][safepoint    ] Application time: 1.0000666 seconds
[2019-12-09T02:16:34.411+0000][1][safepoint    ] Entering safepoint region: Cleanup
[2019-12-09T02:16:34.411+0000][1][safepoint    ] Leaving safepoint region
[2019-12-09T02:16:34.411+0000][1][safepoint    ] Total time for which application threads were stopped: 0.0000697 seconds, Stopping threads took: 0.0000158 seconds
[2019-12-09T02:16:35.411+0000][1][safepoint    ] Application time: 1.0000581 seconds
[2019-12-09T02:16:35.411+0000][1][safepoint    ] Entering safepoint region: Cleanup
[2019-12-09T02:16:35.411+0000][1][safepoint    ] Leaving safepoint region
[2019-12-09T02:16:35.411+0000][1][safepoint    ] Total time for which application threads were stopped: 0.0000741 seconds, Stopping threads took: 0.0000168 seconds
[2019-12-09T02:16:36.411+0000][1][safepoint    ] Application time: 1.0000825 seconds
[2019-12-09T02:16:36.411+0000][1][safepoint    ] Entering safepoint region: Cleanup
[2019-12-09T02:16:36.411+0000][1][safepoint    ] Leaving safepoint region
[2019-12-09T02:16:36.411+0000][1][safepoint    ] Total time for which application threads were stopped: 0.0001345 seconds, Stopping threads took: 0.0000477 seconds
[2019-12-09T02:16:37.411+0000][1][safepoint    ] Application time: 1.0000844 seconds
[2019-12-09T02:16:37.411+0000][1][safepoint    ] Entering safepoint region: Cleanup
[2019-12-09T02:16:37.411+0000][1][safepoint    ] Leaving safepoint region
[2019-12-09T02:16:37.411+0000][1][safepoint    ] Total time for which application threads were stopped: 0.0000766 seconds, Stopping threads took: 0.0000188 seconds
[2019-12-09T02:16:38.412+0000][1][safepoint    ] Application time: 1.0000767 seconds
[2019-12-09T02:16:38.412+0000][1][safepoint    ] Entering safepoint region: Cleanup
[2019-12-09T02:16:38.412+0000][1][safepoint    ] Leaving safepoint region
[2019-12-09T02:16:38.412+0000][1][safepoint    ] Total time for which application threads were stopped: 0.0000835 seconds, Stopping threads took: 0.0000166 seconds
[2019-12-09T02:16:39.412+0000][1][safepoint    ] Application time: 1.0000752 seconds
[2019-12-09T02:16:39.412+0000][1][safepoint    ] Entering safepoint region: Cleanup
[2019-12-09T02:16:39.412+0000][1][safepoint    ] Leaving safepoint region
[2019-12-09T02:16:39.412+0000][1][safepoint    ] Total time for which application threads were stopped: 0.0000711 seconds, Stopping threads took: 0.0000157 seconds
[2019-12-09T02:16:40.412+0000][1][safepoint    ] Application time: 1.0000824 seconds
[2019-12-09T02:16:40.412+0000][1][safepoint    ] Entering safepoint region: Cleanup
[2019-12-09T02:16:40.412+0000][1][safepoint    ] Leaving safepoint region
[2019-12-09T02:16:40.412+0000][1][safepoint    ] Total time for which application threads were stopped: 0.0000729 seconds, Stopping threads took: 0.0000171 seconds
[2019-12-09T02:16:41.412+0000][1][safepoint    ] Application time: 1.0000863 seconds
[2019-12-09T02:16:41.412+0000][1][safepoint    ] Entering safepoint region: Cleanup
[2019-12-09T02:16:41.412+0000][1][safepoint    ] Leaving safepoint region
[2019-12-09T02:16:41.412+0000][1][safepoint    ] Total time for which application threads were stopped: 0.0001272 seconds, Stopping threads took: 0.0000625 seconds
[2019-12-09T02:16:42.412+0000][1][safepoint    ] Application time: 1.0000846 seconds
[2019-12-09T02:16:42.412+0000][1][safepoint    ] Entering safepoint region: Cleanup
[2019-12-09T02:16:42.413+0000][1][safepoint    ] Leaving safepoint region
[2019-12-09T02:16:42.413+0000][1][safepoint    ] Total time for which application threads were stopped: 0.0000752 seconds, Stopping threads took: 0.0000171 seconds
[2019-12-09T02:16:43.413+0000][1][safepoint    ] Application time: 1.0000767 seconds
[2019-12-09T02:16:43.413+0000][1][safepoint    ] Entering safepoint region: Cleanup
[2019-12-09T02:16:43.413+0000][1][safepoint    ] Leaving safepoint region
[2019-12-09T02:16:43.413+0000][1][safepoint    ] Total time for which application threads were stopped: 0.0000843 seconds, Stopping threads took: 0.0000167 seconds
[2019-12-09T02:16:44.413+0000][1][safepoint    ] Application time: 1.0000766 seconds
[2019-12-09T02:16:44.413+0000][1][safepoint    ] Entering safepoint region: Cleanup
[2019-12-09T02:16:44.413+0000][1][safepoint    ] Leaving safepoint region
[2019-12-09T02:16:44.413+0000][1][safepoint    ] Total time for which application threads were stopped: 0.0000753 seconds, Stopping threads took: 0.0000193 seconds
[2019-12-09T02:16:45.413+0000][1][safepoint    ] Application time: 1.0000768 seconds
[2019-12-09T02:16:45.413+0000][1][safepoint    ] Entering safepoint region: Cleanup
[2019-12-09T02:16:45.413+0000][1][safepoint    ] Leaving safepoint region
[2019-12-09T02:16:45.413+0000][1][safepoint    ] Total time for which application threads were stopped: 0.0000744 seconds, Stopping threads took: 0.0000176 seconds
[2019-12-09T02:16:46.413+0000][1][safepoint    ] Application time: 1.0000766 seconds
[2019-12-09T02:16:46.413+0000][1][safepoint    ] Entering safepoint region: Cleanup
[2019-12-09T02:16:46.413+0000][1][safepoint    ] Leaving safepoint region
[2019-12-09T02:16:46.413+0000][1][safepoint    ] Total time for which application threads were stopped: 0.0000740 seconds, Stopping threads took: 0.0000180 seconds
[2019-12-09T02:16:47.413+0000][1][safepoint    ] Application time: 1.0000762 seconds
[2019-12-09T02:16:47.413+0000][1][safepoint    ] Entering safepoint region: Cleanup
[2019-12-09T02:16:47.414+0000][1][safepoint    ] Leaving safepoint region
[2019-12-09T02:16:47.414+0000][1][safepoint    ] Total time for which application threads were stopped: 0.0000814 seconds, Stopping threads took: 0.0000269 seconds
[2019-12-09T02:16:48.414+0000][1][safepoint    ] Application time: 1.0000770 seconds
[2019-12-09T02:16:48.414+0000][1][safepoint    ] Entering safepoint region: Cleanup
[2019-12-09T02:16:48.414+0000][1][safepoint    ] Leaving safepoint region
[2019-12-09T02:16:48.414+0000][1][safepoint    ] Total time for which application threads were stopped: 0.0000899 seconds, Stopping threads took: 0.0000165 seconds
[2019-12-09T02:16:49.890+0000][1][safepoint    ] Application time: 1.4762273 seconds
[2019-12-09T02:16:49.890+0000][1][safepoint    ] Entering safepoint region: Cleanup
[2019-12-09T02:16:49.890+0000][1][safepoint    ] Leaving safepoint region
[2019-12-09T02:16:49.890+0000][1][safepoint    ] Total time for which application threads were stopped: 0.0000700 seconds, Stopping threads took: 0.0000148 seconds
[2019-12-09T02:16:50.890+0000][1][safepoint    ] Application time: 1.0000746 seconds
[2019-12-09T02:16:50.890+0000][1][safepoint    ] Entering safepoint region: Cleanup
[2019-12-09T02:16:50.890+0000][1][safepoint    ] Leaving safepoint region
[2019-12-09T02:16:50.890+0000][1][safepoint    ] Total time for which application threads were stopped: 0.0000765 seconds, Stopping threads took: 0.0000147 seconds
[2019-12-09T02:16:51.890+0000][1][safepoint    ] Application time: 1.0000756 seconds
[2019-12-09T02:16:51.890+0000][1][safepoint    ] Entering safepoint region: Cleanup
[2019-12-09T02:16:51.890+0000][1][safepoint    ] Leaving safepoint region
[2019-12-09T02:16:51.890+0000][1][safepoint    ] Total time for which application threads were stopped: 0.0000659 seconds, Stopping threads took: 0.0000142 seconds
[2019-12-09T02:16:52.891+0000][1][safepoint    ] Application time: 1.0000753 seconds
[2019-12-09T02:16:52.891+0000][1][safepoint    ] Entering safepoint region: Cleanup
[2019-12-09T02:16:52.891+0000][1][safepoint    ] Leaving safepoint region
[2019-12-09T02:16:52.891+0000][1][safepoint    ] Total time for which application threads were stopped: 0.0000819 seconds, Stopping threads took: 0.0000165 seconds
[2019-12-09T02:16:53.891+0000][1][safepoint    ] Application time: 1.0000758 seconds
[2019-12-09T02:16:53.891+0000][1][safepoint    ] Entering safepoint region: Cleanup
[2019-12-09T02:16:53.891+0000][1][safepoint    ] Leaving safepoint region
[2019-12-09T02:16:53.891+0000][1][safepoint    ] Total time for which application threads were stopped: 0.0000693 seconds, Stopping threads took: 0.0000153 seconds
[2019-12-09T02:16:54.891+0000][1][safepoint    ] Application time: 1.0000753 seconds
[2019-12-09T02:16:54.891+0000][1][safepoint    ] Entering safepoint region: Cleanup
[2019-12-09T02:16:54.891+0000][1][safepoint    ] Leaving safepoint region
[2019-12-09T02:16:54.891+0000][1][safepoint    ] Total time for which application threads were stopped: 0.0000712 seconds, Stopping threads took: 0.0000167 seconds
[2019-12-09T02:16:55.891+0000][1][safepoint    ] Application time: 1.0000768 seconds
[2019-12-09T02:16:55.891+0000][1][safepoint    ] Entering safepoint region: Cleanup
[2019-12-09T02:16:55.891+0000][1][safepoint    ] Leaving safepoint region
[2019-12-09T02:16:55.891+0000][1][safepoint    ] Total time for which application threads were stopped: 0.0000705 seconds, Stopping threads took: 0.0000162 seconds
[2019-12-09T02:16:56.891+0000][1][safepoint    ] Application time: 1.0000757 seconds
[2019-12-09T02:16:56.891+0000][1][safepoint    ] Entering safepoint region: Cleanup
[2019-12-09T02:16:56.891+0000][1][safepoint    ] Leaving safepoint region
[2019-12-09T02:16:56.891+0000][1][safepoint    ] Total time for which application threads were stopped: 0.0000689 seconds, Stopping threads took: 0.0000154 seconds
[2019-12-09T02:16:57.891+0000][1][safepoint    ] Application time: 1.0000759 seconds
[2019-12-09T02:16:57.892+0000][1][safepoint    ] Entering safepoint region: Cleanup
[2019-12-09T02:16:57.892+0000][1][safepoint    ] Leaving safepoint region
[2019-12-09T02:16:57.892+0000][1][safepoint    ] Total time for which application threads were stopped: 0.0000704 seconds, Stopping threads took: 0.0000162 seconds
[2019-12-09T02:16:58.892+0000][1][safepoint    ] Application time: 1.0000810 seconds
[2019-12-09T02:16:58.892+0000][1][safepoint    ] Entering safepoint region: Cleanup
[2019-12-09T02:16:58.892+0000][1][safepoint    ] Leaving safepoint region
[2019-12-09T02:16:58.892+0000][1][safepoint    ] Total time for which application threads were stopped: 0.0000887 seconds, Stopping threads took: 0.0000224 seconds
[2019-12-09T02:16:59.892+0000][1][safepoint    ] Application time: 1.0000780 seconds
[2019-12-09T02:16:59.892+0000][1][safepoint    ] Entering safepoint region: Cleanup
[2019-12-09T02:16:59.892+0000][1][safepoint    ] Leaving safepoint region
[2019-12-09T02:16:59.892+0000][1][safepoint    ] Total time for which application threads were stopped: 0.0000689 seconds, Stopping threads took: 0.0000154 seconds
[2019-12-09T02:17:00.892+0000][1][safepoint    ] Application time: 1.0000767 seconds
[2019-12-09T02:17:00.892+0000][1][safepoint    ] Entering safepoint region: Cleanup
[2019-12-09T02:17:00.892+0000][1][safepoint    ] Leaving safepoint region
[2019-12-09T02:17:00.892+0000][1][safepoint    ] Total time for which application threads were stopped: 0.0000791 seconds, Stopping threads took: 0.0000181 seconds
[2019-12-09T02:17:01.892+0000][1][safepoint    ] Application time: 1.0000947 seconds
[2019-12-09T02:17:01.892+0000][1][safepoint    ] Entering safepoint region: Cleanup
[2019-12-09T02:17:01.892+0000][1][safepoint    ] Leaving safepoint region
[2019-12-09T02:17:01.892+0000][1][safepoint    ] Total time for which application threads were stopped: 0.0001118 seconds, Stopping threads took: 0.0000276 seconds
[2019-12-09T02:17:02.893+0000][1][safepoint    ] Application time: 1.0000766 seconds
[2019-12-09T02:17:02.893+0000][1][safepoint    ] Entering safepoint region: Cleanup
[2019-12-09T02:17:02.893+0000][1][safepoint    ] Leaving safepoint region
[2019-12-09T02:17:02.893+0000][1][safepoint    ] Total time for which application threads were stopped: 0.0000910 seconds, Stopping threads took: 0.0000185 seconds
[2019-12-09T02:17:03.893+0000][1][safepoint    ] Application time: 1.0000746 seconds
[2019-12-09T02:17:03.893+0000][1][safepoint    ] Entering safepoint region: Cleanup
[2019-12-09T02:17:03.893+0000][1][safepoint    ] Leaving safepoint region
[2019-12-09T02:17:03.893+0000][1][safepoint    ] Total time for which application threads were stopped: 0.0000718 seconds, Stopping threads took: 0.0000163 seconds
[2019-12-09T02:17:04.893+0000][1][safepoint    ] Application time: 1.0000756 seconds
[2019-12-09T02:17:04.893+0000][1][safepoint    ] Entering safepoint region: Cleanup
[2019-12-09T02:17:04.893+0000][1][safepoint    ] Leaving safepoint region
[2019-12-09T02:17:04.893+0000][1][safepoint    ] Total time for which application threads were stopped: 0.0000668 seconds, Stopping threads took: 0.0000155 seconds
[2019-12-09T02:17:05.893+0000][1][safepoint    ] Application time: 1.0000751 seconds
[2019-12-09T02:17:05.893+0000][1][safepoint    ] Entering safepoint region: Cleanup
[2019-12-09T02:17:05.893+0000][1][safepoint    ] Leaving safepoint region
[2019-12-09T02:17:05.893+0000][1][safepoint    ] Total time for which application threads were stopped: 0.0000710 seconds, Stopping threads took: 0.0000161 seconds
[2019-12-09T02:17:07.145+0000][1][safepoint    ] Application time: 1.2516503 seconds
[2019-12-09T02:17:07.145+0000][1][safepoint    ] Entering safepoint region: Cleanup
[2019-12-09T02:17:07.145+0000][1][safepoint    ] Leaving safepoint region
[2019-12-09T02:17:07.145+0000][1][safepoint    ] Total time for which application threads were stopped: 0.0000733 seconds, Stopping threads took: 0.0000161 seconds
[2019-12-09T02:17:08.145+0000][1][safepoint    ] Application time: 1.0000834 seconds
[2019-12-09T02:17:08.145+0000][1][safepoint    ] Entering safepoint region: Cleanup
[2019-12-09T02:17:08.145+0000][1][safepoint    ] Leaving safepoint region
[2019-12-09T02:17:08.145+0000][1][safepoint    ] Total time for which application threads were stopped: 0.0000751 seconds, Stopping threads took: 0.0000181 seconds
[2019-12-09T02:17:09.145+0000][1][safepoint    ] Application time: 1.0000856 seconds
[2019-12-09T02:17:09.145+0000][1][safepoint    ] Entering safepoint region: Cleanup
[2019-12-09T02:17:09.145+0000][1][safepoint    ] Leaving safepoint region
[2019-12-09T02:17:09.145+0000][1][safepoint    ] Total time for which application threads were stopped: 0.0000732 seconds, Stopping threads took: 0.0000168 seconds
[2019-12-09T02:17:10.146+0000][1][safepoint    ] Application time: 1.0000790 seconds
[2019-12-09T02:17:10.146+0000][1][safepoint    ] Entering safepoint region: Cleanup
[2019-12-09T02:17:10.146+0000][1][safepoint    ] Leaving safepoint region
[2019-12-09T02:17:10.146+0000][1][safepoint    ] Total time for which application threads were stopped: 0.0000737 seconds, Stopping threads took: 0.0000173 seconds
[2019-12-09T02:17:11.146+0000][1][safepoint    ] Application time: 1.0000816 seconds
[2019-12-09T02:17:11.146+0000][1][safepoint    ] Entering safepoint region: Cleanup
[2019-12-09T02:17:11.146+0000][1][safepoint    ] Leaving safepoint region
[2019-12-09T02:17:11.146+0000][1][safepoint    ] Total time for which application threads were stopped: 0.0000743 seconds, Stopping threads took: 0.0000178 seconds
[2019-12-09T02:17:12.146+0000][1][safepoint    ] Application time: 1.0000755 seconds
[2019-12-09T02:17:12.146+0000][1][safepoint    ] Entering safepoint region: Cleanup
[2019-12-09T02:17:12.146+0000][1][safepoint    ] Leaving safepoint region
[2019-12-09T02:17:12.146+0000][1][safepoint    ] Total time for which application threads were stopped: 0.0000757 seconds, Stopping threads took: 0.0000180 seconds
[2019-12-09T02:17:13.146+0000][1][safepoint    ] Application time: 1.0000758 seconds
[2019-12-09T02:17:13.146+0000][1][safepoint    ] Entering safepoint region: Cleanup
[2019-12-09T02:17:13.146+0000][1][safepoint    ] Leaving safepoint region
[2019-12-09T02:17:13.146+0000][1][safepoint    ] Total time for which application threads were stopped: 0.0000767 seconds, Stopping threads took: 0.0000182 seconds
[2019-12-09T02:17:14.146+0000][1][safepoint    ] Application time: 1.0000767 seconds
[2019-12-09T02:17:14.146+0000][1][safepoint    ] Entering safepoint region: Cleanup
[2019-12-09T02:17:14.146+0000][1][safepoint    ] Leaving safepoint region
[2019-12-09T02:17:14.146+0000][1][safepoint    ] Total time for which application threads were stopped: 0.0000762 seconds, Stopping threads took: 0.0000172 seconds
[2019-12-09T02:17:15.147+0000][1][safepoint    ] Application time: 1.0000771 seconds
[2019-12-09T02:17:15.147+0000][1][safepoint    ] Entering safepoint region: Cleanup
[2019-12-09T02:17:15.147+0000][1][safepoint    ] Leaving safepoint region
[2019-12-09T02:17:15.147+0000][1][safepoint    ] Total time for which application threads were stopped: 0.0000760 seconds, Stopping threads took: 0.0000173 seconds
[2019-12-09T02:17:16.147+0000][1][safepoint    ] Application time: 1.0000766 seconds
[2019-12-09T02:17:16.147+0000][1][safepoint    ] Entering safepoint region: Cleanup
[2019-12-09T02:17:16.147+0000][1][safepoint    ] Leaving safepoint region
[2019-12-09T02:17:16.147+0000][1][safepoint    ] Total time for which application threads were stopped: 0.0000763 seconds, Stopping threads took: 0.0000179 seconds
[2019-12-09T02:17:17.147+0000][1][safepoint    ] Application time: 1.0000766 seconds
[2019-12-09T02:17:17.147+0000][1][safepoint    ] Entering safepoint region: Cleanup
[2019-12-09T02:17:17.147+0000][1][safepoint    ] Leaving safepoint region
[2019-12-09T02:17:17.147+0000][1][safepoint    ] Total time for which application threads were stopped: 0.0000823 seconds, Stopping threads took: 0.0000265 seconds
[2019-12-09T02:17:18.147+0000][1][safepoint    ] Application time: 1.0000778 seconds
[2019-12-09T02:17:18.147+0000][1][safepoint    ] Entering safepoint region: Cleanup
[2019-12-09T02:17:18.147+0000][1][safepoint    ] Leaving safepoint region
[2019-12-09T02:17:18.147+0000][1][safepoint    ] Total time for which application threads were stopped: 0.0000773 seconds, Stopping threads took: 0.0000191 seconds
[2019-12-09T02:17:19.147+0000][1][safepoint    ] Application time: 1.0000762 seconds
[2019-12-09T02:17:19.147+0000][1][safepoint    ] Entering safepoint region: Cleanup
[2019-12-09T02:17:19.147+0000][1][safepoint    ] Leaving safepoint region
[2019-12-09T02:17:19.147+0000][1][safepoint    ] Total time for which application threads were stopped: 0.0000739 seconds, Stopping threads took: 0.0000177 seconds
[2019-12-09T02:17:20.148+0000][1][safepoint    ] Application time: 1.0000762 seconds
[2019-12-09T02:17:20.148+0000][1][safepoint    ] Entering safepoint region: Cleanup
[2019-12-09T02:17:20.148+0000][1][safepoint    ] Leaving safepoint region
[2019-12-09T02:17:20.148+0000][1][safepoint    ] Total time for which application threads were stopped: 0.0000739 seconds, Stopping threads took: 0.0000175 seconds
[2019-12-09T02:17:21.148+0000][1][safepoint    ] Application time: 1.0000770 seconds
[2019-12-09T02:17:21.148+0000][1][safepoint    ] Entering safepoint region: Cleanup
[2019-12-09T02:17:21.148+0000][1][safepoint    ] Leaving safepoint region
[2019-12-09T02:17:21.148+0000][1][safepoint    ] Total time for which application threads were stopped: 0.0000723 seconds, Stopping threads took: 0.0000166 seconds
[2019-12-09T02:17:22.148+0000][1][safepoint    ] Application time: 1.0000767 seconds
[2019-12-09T02:17:22.148+0000][1][safepoint    ] Entering safepoint region: Cleanup
[2019-12-09T02:17:22.148+0000][1][safepoint    ] Leaving safepoint region
[2019-12-09T02:17:22.148+0000][1][safepoint    ] Total time for which application threads were stopped: 0.0000732 seconds, Stopping threads took: 0.0000172 seconds
[2019-12-09T02:17:23.148+0000][1][safepoint    ] Application time: 1.0000768 seconds
[2019-12-09T02:17:23.148+0000][1][safepoint    ] Entering safepoint region: Cleanup
[2019-12-09T02:17:23.148+0000][1][safepoint    ] Leaving safepoint region
[2019-12-09T02:17:23.148+0000][1][safepoint    ] Total time for which application threads were stopped: 0.0000734 seconds, Stopping threads took: 0.0000169 seconds
[2019-12-09T02:17:24.148+0000][1][safepoint    ] Application time: 1.0000767 seconds
[2019-12-09T02:17:24.148+0000][1][safepoint    ] Entering safepoint region: Cleanup
[2019-12-09T02:17:24.148+0000][1][safepoint    ] Leaving safepoint region
[2019-12-09T02:17:24.148+0000][1][safepoint    ] Total time for which application threads were stopped: 0.0000749 seconds, Stopping threads took: 0.0000171 seconds
[2019-12-09T02:17:25.148+0000][1][safepoint    ] Application time: 1.0000750 seconds
[2019-12-09T02:17:25.149+0000][1][safepoint    ] Entering safepoint region: Cleanup
[2019-12-09T02:17:25.149+0000][1][safepoint    ] Leaving safepoint region
[2019-12-09T02:17:25.149+0000][1][safepoint    ] Total time for which application threads were stopped: 0.0000742 seconds, Stopping threads took: 0.0000179 seconds
[2019-12-09T02:17:26.149+0000][1][safepoint    ] Application time: 1.0000915 seconds
[2019-12-09T02:17:26.149+0000][1][safepoint    ] Entering safepoint region: Cleanup
[2019-12-09T02:17:26.149+0000][1][safepoint    ] Leaving safepoint region
[2019-12-09T02:17:26.149+0000][1][safepoint    ] Total time for which application threads were stopped: 0.0000770 seconds, Stopping threads took: 0.0000175 seconds
[2019-12-09T02:17:27.149+0000][1][safepoint    ] Application time: 1.0000759 seconds
[2019-12-09T02:17:27.149+0000][1][safepoint    ] Entering safepoint region: Cleanup
[2019-12-09T02:17:27.149+0000][1][safepoint    ] Leaving safepoint region
[2019-12-09T02:17:27.149+0000][1][safepoint    ] Total time for which application threads were stopped: 0.0000725 seconds, Stopping threads took: 0.0000173 seconds
[2019-12-09T02:17:28.149+0000][1][safepoint    ] Application time: 1.0000768 seconds
[2019-12-09T02:17:28.149+0000][1][safepoint    ] Entering safepoint region: Cleanup
[2019-12-09T02:17:28.149+0000][1][safepoint    ] Leaving safepoint region
[2019-12-09T02:17:28.149+0000][1][safepoint    ] Total time for which application threads were stopped: 0.0000730 seconds, Stopping threads took: 0.0000176 seconds
[2019-12-09T02:17:29.149+0000][1][safepoint    ] Application time: 1.0000749 seconds
[2019-12-09T02:17:29.149+0000][1][safepoint    ] Entering safepoint region: Cleanup
[2019-12-09T02:17:29.149+0000][1][safepoint    ] Leaving safepoint region
[2019-12-09T02:17:29.149+0000][1][safepoint    ] Total time for which application threads were stopped: 0.0000708 seconds, Stopping threads took: 0.0000165 seconds
[2019-12-09T02:17:30.149+0000][1][safepoint    ] Application time: 1.0000773 seconds
[2019-12-09T02:17:30.150+0000][1][safepoint    ] Entering safepoint region: Cleanup
[2019-12-09T02:17:30.150+0000][1][safepoint    ] Leaving safepoint region
[2019-12-09T02:17:30.150+0000][1][safepoint    ] Total time for which application threads were stopped: 0.0000699 seconds, Stopping threads took: 0.0000176 seconds
[2019-12-09T02:17:31.150+0000][1][safepoint    ] Application time: 1.0000762 seconds
[2019-12-09T02:17:31.150+0000][1][safepoint    ] Entering safepoint region: Cleanup
[2019-12-09T02:17:31.150+0000][1][safepoint    ] Leaving safepoint region
[2019-12-09T02:17:31.150+0000][1][safepoint    ] Total time for which application threads were stopped: 0.0000724 seconds, Stopping threads took: 0.0000180 seconds
[2019-12-09T02:17:32.150+0000][1][safepoint    ] Application time: 1.0000766 seconds
[2019-12-09T02:17:32.150+0000][1][safepoint    ] Entering safepoint region: Cleanup
[2019-12-09T02:17:32.150+0000][1][safepoint    ] Leaving safepoint region
[2019-12-09T02:17:32.150+0000][1][safepoint    ] Total time for which application threads were stopped: 0.0000755 seconds, Stopping threads took: 0.0000210 seconds
[2019-12-09T02:17:33.150+0000][1][safepoint    ] Application time: 1.0000782 seconds
[2019-12-09T02:17:33.150+0000][1][safepoint    ] Entering safepoint region: Cleanup
[2019-12-09T02:17:33.150+0000][1][safepoint    ] Leaving safepoint region
[2019-12-09T02:17:33.150+0000][1][safepoint    ] Total time for which application threads were stopped: 0.0000701 seconds, Stopping threads took: 0.0000175 seconds
[2019-12-09T02:17:34.150+0000][1][safepoint    ] Application time: 1.0000772 seconds
[2019-12-09T02:17:34.150+0000][1][safepoint    ] Entering safepoint region: Cleanup
[2019-12-09T02:17:34.150+0000][1][safepoint    ] Leaving safepoint region
[2019-12-09T02:17:34.150+0000][1][safepoint    ] Total time for which application threads were stopped: 0.0000700 seconds, Stopping threads took: 0.0000178 seconds
[2019-12-09T02:17:35.150+0000][1][safepoint    ] Application time: 1.0000785 seconds
[2019-12-09T02:17:35.150+0000][1][safepoint    ] Entering safepoint region: Cleanup
[2019-12-09T02:17:35.151+0000][1][safepoint    ] Leaving safepoint region
[2019-12-09T02:17:35.151+0000][1][safepoint    ] Total time for which application threads were stopped: 0.0000706 seconds, Stopping threads took: 0.0000180 seconds
[2019-12-09T02:17:36.151+0000][1][safepoint    ] Application time: 1.0000778 seconds
[2019-12-09T02:17:36.151+0000][1][safepoint    ] Entering safepoint region: Cleanup
[2019-12-09T02:17:36.151+0000][1][safepoint    ] Leaving safepoint region
[2019-12-09T02:17:36.151+0000][1][safepoint    ] Total time for which application threads were stopped: 0.0000840 seconds, Stopping threads took: 0.0000299 seconds
[2019-12-09T02:17:36.433+0000][1][safepoint    ] Application time: 0.2824222 seconds
[2019-12-09T02:17:36.433+0000][1][safepoint    ] Entering safepoint region: GenCollectForAllocation
[2019-12-09T02:17:36.433+0000][1][gc,start     ] GC(29) Pause Young (Allocation Failure)
[2019-12-09T02:17:36.433+0000][1][gc,task      ] GC(29) Using 2 workers of 2 for evacuation
[2019-12-09T02:17:36.440+0000][1][gc,age       ] GC(29) Desired survivor size 4456448 bytes, new threshold 6 (max threshold 6)
[2019-12-09T02:17:36.440+0000][1][gc,age       ] GC(29) Age table with threshold 6 (max threshold 6)
[2019-12-09T02:17:36.440+0000][1][gc,age       ] GC(29) - age   1:       7688 bytes,       7688 total
[2019-12-09T02:17:36.440+0000][1][gc,age       ] GC(29) - age   2:        720 bytes,       8408 total
[2019-12-09T02:17:36.440+0000][1][gc,age       ] GC(29) - age   3:       4800 bytes,      13208 total
[2019-12-09T02:17:36.440+0000][1][gc,age       ] GC(29) - age   4:       6448 bytes,      19656 total
[2019-12-09T02:17:36.440+0000][1][gc,age       ] GC(29) - age   5:       5416 bytes,      25072 total
[2019-12-09T02:17:36.440+0000][1][gc,age       ] GC(29) - age   6:      24392 bytes,      49464 total
[2019-12-09T02:17:36.440+0000][1][gc,heap      ] GC(29) ParNew: 72558K->1734K(78656K)
[2019-12-09T02:17:36.440+0000][1][gc,heap      ] GC(29) CMS: 67790K->69527K(174784K)
[2019-12-09T02:17:36.440+0000][1][gc,metaspace ] GC(29) Metaspace: 68962K->68962K(1112064K)
[2019-12-09T02:17:36.440+0000][1][gc           ] GC(29) Pause Young (Allocation Failure) 137M->69M(247M) 7.134ms
[2019-12-09T02:17:36.440+0000][1][gc,cpu       ] GC(29) User=0.02s Sys=0.00s Real=0.01s
[2019-12-09T02:17:36.440+0000][1][safepoint    ] Leaving safepoint region
[2019-12-09T02:17:36.440+0000][1][safepoint    ] Total time for which application threads were stopped: 0.0072740 seconds, Stopping threads took: 0.0000168 seconds
[2019-12-09T02:17:37.441+0000][1][safepoint    ] Application time: 1.0000884 seconds
[2019-12-09T02:17:37.441+0000][1][safepoint    ] Entering safepoint region: Cleanup
[2019-12-09T02:17:37.441+0000][1][safepoint    ] Leaving safepoint region
[2019-12-09T02:17:37.441+0000][1][safepoint    ] Total time for which application threads were stopped: 0.0000779 seconds, Stopping threads took: 0.0000166 seconds
[2019-12-09T02:17:38.441+0000][1][safepoint    ] Application time: 1.0000777 seconds
[2019-12-09T02:17:38.441+0000][1][safepoint    ] Entering safepoint region: Cleanup
[2019-12-09T02:17:38.441+0000][1][safepoint    ] Leaving safepoint region
[2019-12-09T02:17:38.441+0000][1][safepoint    ] Total time for which application threads were stopped: 0.0000674 seconds, Stopping threads took: 0.0000160 seconds
[2019-12-09T02:17:39.441+0000][1][safepoint    ] Application time: 1.0000751 seconds
[2019-12-09T02:17:39.441+0000][1][safepoint    ] Entering safepoint region: Cleanup
[2019-12-09T02:17:39.441+0000][1][safepoint    ] Leaving safepoint region
[2019-12-09T02:17:39.441+0000][1][safepoint    ] Total time for which application threads were stopped: 0.0000693 seconds, Stopping threads took: 0.0000177 seconds
[2019-12-09T02:17:40.441+0000][1][safepoint    ] Application time: 1.0000755 seconds
[2019-12-09T02:17:40.441+0000][1][safepoint    ] Entering safepoint region: Cleanup
[2019-12-09T02:17:40.441+0000][1][safepoint    ] Leaving safepoint region
[2019-12-09T02:17:40.441+0000][1][safepoint    ] Total time for which application threads were stopped: 0.0000688 seconds, Stopping threads took: 0.0000181 seconds
[2019-12-09T02:17:41.605+0000][1][safepoint    ] Application time: 1.1640002 seconds
[2019-12-09T02:17:41.605+0000][1][safepoint    ] Entering safepoint region: Cleanup
[2019-12-09T02:17:41.605+0000][1][safepoint    ] Leaving safepoint region
[2019-12-09T02:17:41.605+0000][1][safepoint    ] Total time for which application threads were stopped: 0.0000689 seconds, Stopping threads took: 0.0000156 seconds
[2019-12-09T02:17:42.605+0000][1][safepoint    ] Application time: 1.0000808 seconds
[2019-12-09T02:17:42.606+0000][1][safepoint    ] Entering safepoint region: Cleanup
[2019-12-09T02:17:42.606+0000][1][safepoint    ] Leaving safepoint region
[2019-12-09T02:17:42.606+0000][1][safepoint    ] Total time for which application threads were stopped: 0.0000749 seconds, Stopping threads took: 0.0000168 seconds
[2019-12-09T02:17:43.606+0000][1][safepoint    ] Application time: 1.0000781 seconds
[2019-12-09T02:17:43.606+0000][1][safepoint    ] Entering safepoint region: Cleanup
[2019-12-09T02:17:43.606+0000][1][safepoint    ] Leaving safepoint region
[2019-12-09T02:17:43.606+0000][1][safepoint    ] Total time for which application threads were stopped: 0.0000680 seconds, Stopping threads took: 0.0000167 seconds
[2019-12-09T02:17:44.606+0000][1][safepoint    ] Application time: 1.0000834 seconds
[2019-12-09T02:17:44.606+0000][1][safepoint    ] Entering safepoint region: Cleanup
[2019-12-09T02:17:44.606+0000][1][safepoint    ] Leaving safepoint region
[2019-12-09T02:17:44.606+0000][1][safepoint    ] Total time for which application threads were stopped: 0.0000768 seconds, Stopping threads took: 0.0000176 seconds
[2019-12-09T02:17:45.606+0000][1][safepoint    ] Application time: 1.0000801 seconds
[2019-12-09T02:17:45.606+0000][1][safepoint    ] Entering safepoint region: Cleanup
[2019-12-09T02:17:45.606+0000][1][safepoint    ] Leaving safepoint region
[2019-12-09T02:17:45.606+0000][1][safepoint    ] Total time for which application threads were stopped: 0.0000817 seconds, Stopping threads took: 0.0000276 seconds
[2019-12-09T02:17:46.606+0000][1][safepoint    ] Application time: 1.0000803 seconds
[2019-12-09T02:17:46.606+0000][1][safepoint    ] Entering safepoint region: Cleanup
[2019-12-09T02:17:46.606+0000][1][safepoint    ] Leaving safepoint region
[2019-12-09T02:17:46.606+0000][1][safepoint    ] Total time for which application threads were stopped: 0.0000705 seconds, Stopping threads took: 0.0000164 seconds
[2019-12-09T02:17:47.606+0000][1][safepoint    ] Application time: 1.0000799 seconds
[2019-12-09T02:17:47.607+0000][1][safepoint    ] Entering safepoint region: Cleanup
[2019-12-09T02:17:47.607+0000][1][safepoint    ] Leaving safepoint region
[2019-12-09T02:17:47.607+0000][1][safepoint    ] Total time for which application threads were stopped: 0.0000806 seconds, Stopping threads took: 0.0000287 seconds
[2019-12-09T02:17:48.607+0000][1][safepoint    ] Application time: 1.0000807 seconds
[2019-12-09T02:17:48.607+0000][1][safepoint    ] Entering safepoint region: Cleanup
[2019-12-09T02:17:48.607+0000][1][safepoint    ] Leaving safepoint region
[2019-12-09T02:17:48.607+0000][1][safepoint    ] Total time for which application threads were stopped: 0.0000717 seconds, Stopping threads took: 0.0000179 seconds
[2019-12-09T02:17:49.607+0000][1][safepoint    ] Application time: 1.0000821 seconds
[2019-12-09T02:17:49.607+0000][1][safepoint    ] Entering safepoint region: Cleanup
[2019-12-09T02:17:49.607+0000][1][safepoint    ] Leaving safepoint region
[2019-12-09T02:17:49.607+0000][1][safepoint    ] Total time for which application threads were stopped: 0.0000702 seconds, Stopping threads took: 0.0000168 seconds
[2019-12-09T02:17:50.607+0000][1][safepoint    ] Application time: 1.0000809 seconds
[2019-12-09T02:17:50.607+0000][1][safepoint    ] Entering safepoint region: Cleanup
[2019-12-09T02:17:50.607+0000][1][safepoint    ] Leaving safepoint region
[2019-12-09T02:17:50.607+0000][1][safepoint    ] Total time for which application threads were stopped: 0.0000696 seconds, Stopping threads took: 0.0000162 seconds
[2019-12-09T02:17:51.607+0000][1][safepoint    ] Application time: 1.0000803 seconds
[2019-12-09T02:17:51.607+0000][1][safepoint    ] Entering safepoint region: Cleanup
[2019-12-09T02:17:51.607+0000][1][safepoint    ] Leaving safepoint region
[2019-12-09T02:17:51.607+0000][1][safepoint    ] Total time for which application threads were stopped: 0.0000673 seconds, Stopping threads took: 0.0000158 seconds
[2019-12-09T02:17:52.607+0000][1][safepoint    ] Application time: 1.0000820 seconds
[2019-12-09T02:17:52.608+0000][1][safepoint    ] Entering safepoint region: Cleanup
[2019-12-09T02:17:52.608+0000][1][safepoint    ] Leaving safepoint region
[2019-12-09T02:17:52.608+0000][1][safepoint    ] Total time for which application threads were stopped: 0.0000682 seconds, Stopping threads took: 0.0000165 seconds
[2019-12-09T02:17:53.608+0000][1][safepoint    ] Application time: 1.0000819 seconds
[2019-12-09T02:17:53.608+0000][1][safepoint    ] Entering safepoint region: Cleanup
[2019-12-09T02:17:53.608+0000][1][safepoint    ] Leaving safepoint region
[2019-12-09T02:17:53.608+0000][1][safepoint    ] Total time for which application threads were stopped: 0.0000735 seconds, Stopping threads took: 0.0000175 seconds
[2019-12-09T02:17:54.608+0000][1][safepoint    ] Application time: 1.0000823 seconds
[2019-12-09T02:17:54.608+0000][1][safepoint    ] Entering safepoint region: Cleanup
[2019-12-09T02:17:54.608+0000][1][safepoint    ] Leaving safepoint region
[2019-12-09T02:17:54.608+0000][1][safepoint    ] Total time for which application threads were stopped: 0.0000700 seconds, Stopping threads took: 0.0000163 seconds
[2019-12-09T02:17:55.608+0000][1][safepoint    ] Application time: 1.0000810 seconds
[2019-12-09T02:17:55.608+0000][1][safepoint    ] Entering safepoint region: Cleanup
[2019-12-09T02:17:55.608+0000][1][safepoint    ] Leaving safepoint region
[2019-12-09T02:17:55.608+0000][1][safepoint    ] Total time for which application threads were stopped: 0.0000756 seconds, Stopping threads took: 0.0000252 seconds
[2019-12-09T02:17:56.608+0000][1][safepoint    ] Application time: 1.0000807 seconds
[2019-12-09T02:17:56.608+0000][1][safepoint    ] Entering safepoint region: Cleanup
[2019-12-09T02:17:56.608+0000][1][safepoint    ] Leaving safepoint region
[2019-12-09T02:17:56.608+0000][1][safepoint    ] Total time for which application threads were stopped: 0.0000700 seconds, Stopping threads took: 0.0000179 seconds
[2019-12-09T02:17:57.608+0000][1][safepoint    ] Application time: 1.0000803 seconds
[2019-12-09T02:17:57.608+0000][1][safepoint    ] Entering safepoint region: Cleanup
[2019-12-09T02:17:57.609+0000][1][safepoint    ] Leaving safepoint region
[2019-12-09T02:17:57.609+0000][1][safepoint    ] Total time for which application threads were stopped: 0.0000699 seconds, Stopping threads took: 0.0000173 seconds
[2019-12-09T02:17:58.609+0000][1][safepoint    ] Application time: 1.0000810 seconds
[2019-12-09T02:17:58.609+0000][1][safepoint    ] Entering safepoint region: Cleanup
[2019-12-09T02:17:58.609+0000][1][safepoint    ] Leaving safepoint region
[2019-12-09T02:17:58.609+0000][1][safepoint    ] Total time for which application threads were stopped: 0.0000728 seconds, Stopping threads took: 0.0000183 seconds
[2019-12-09T02:17:59.609+0000][1][safepoint    ] Application time: 1.0000800 seconds
[2019-12-09T02:17:59.609+0000][1][safepoint    ] Entering safepoint region: Cleanup
[2019-12-09T02:17:59.609+0000][1][safepoint    ] Leaving safepoint region
[2019-12-09T02:17:59.609+0000][1][safepoint    ] Total time for which application threads were stopped: 0.0000718 seconds, Stopping threads took: 0.0000179 seconds
[2019-12-09T02:18:00.609+0000][1][safepoint    ] Application time: 1.0000797 seconds
[2019-12-09T02:18:00.609+0000][1][safepoint    ] Entering safepoint region: Cleanup
[2019-12-09T02:18:00.609+0000][1][safepoint    ] Leaving safepoint region
[2019-12-09T02:18:00.609+0000][1][safepoint    ] Total time for which application threads were stopped: 0.0000700 seconds, Stopping threads took: 0.0000176 seconds
[2019-12-09T02:18:01.609+0000][1][safepoint    ] Application time: 1.0000822 seconds
[2019-12-09T02:18:01.609+0000][1][safepoint    ] Entering safepoint region: Cleanup
[2019-12-09T02:18:01.609+0000][1][safepoint    ] Leaving safepoint region
[2019-12-09T02:18:01.609+0000][1][safepoint    ] Total time for which application threads were stopped: 0.0000711 seconds, Stopping threads took: 0.0000188 seconds
[2019-12-09T02:18:02.609+0000][1][safepoint    ] Application time: 1.0000812 seconds
[2019-12-09T02:18:02.609+0000][1][safepoint    ] Entering safepoint region: Cleanup
[2019-12-09T02:18:02.610+0000][1][safepoint    ] Leaving safepoint region
[2019-12-09T02:18:02.610+0000][1][safepoint    ] Total time for which application threads were stopped: 0.0000774 seconds, Stopping threads took: 0.0000175 seconds
[2019-12-09T02:18:03.610+0000][1][safepoint    ] Application time: 1.0000822 seconds
[2019-12-09T02:18:03.610+0000][1][safepoint    ] Entering safepoint region: Cleanup
[2019-12-09T02:18:03.610+0000][1][safepoint    ] Leaving safepoint region
[2019-12-09T02:18:03.610+0000][1][safepoint    ] Total time for which application threads were stopped: 0.0000719 seconds, Stopping threads took: 0.0000183 seconds
[2019-12-09T02:18:04.610+0000][1][safepoint    ] Application time: 1.0000850 seconds
[2019-12-09T02:18:04.610+0000][1][safepoint    ] Entering safepoint region: Cleanup
[2019-12-09T02:18:04.610+0000][1][safepoint    ] Leaving safepoint region
[2019-12-09T02:18:04.610+0000][1][safepoint    ] Total time for which application threads were stopped: 0.0000711 seconds, Stopping threads took: 0.0000172 seconds
[2019-12-09T02:18:05.610+0000][1][safepoint    ] Application time: 1.0000827 seconds
[2019-12-09T02:18:05.610+0000][1][safepoint    ] Entering safepoint region: Cleanup
[2019-12-09T02:18:05.610+0000][1][safepoint    ] Leaving safepoint region
[2019-12-09T02:18:05.610+0000][1][safepoint    ] Total time for which application threads were stopped: 0.0000798 seconds, Stopping threads took: 0.0000197 seconds
[2019-12-09T02:18:06.610+0000][1][safepoint    ] Application time: 1.0000820 seconds
[2019-12-09T02:18:06.610+0000][1][safepoint    ] Entering safepoint region: Cleanup
[2019-12-09T02:18:06.610+0000][1][safepoint    ] Leaving safepoint region
[2019-12-09T02:18:06.610+0000][1][safepoint    ] Total time for which application threads were stopped: 0.0000965 seconds, Stopping threads took: 0.0000238 seconds
[2019-12-09T02:18:07.611+0000][1][safepoint    ] Application time: 1.0000852 seconds
[2019-12-09T02:18:07.611+0000][1][safepoint    ] Entering safepoint region: Cleanup
[2019-12-09T02:18:07.611+0000][1][safepoint    ] Leaving safepoint region
[2019-12-09T02:18:07.611+0000][1][safepoint    ] Total time for which application threads were stopped: 0.0000751 seconds, Stopping threads took: 0.0000210 seconds
[2019-12-09T02:18:08.611+0000][1][safepoint    ] Application time: 1.0000642 seconds
[2019-12-09T02:18:08.611+0000][1][safepoint    ] Entering safepoint region: Cleanup
[2019-12-09T02:18:08.611+0000][1][safepoint    ] Leaving safepoint region
[2019-12-09T02:18:08.611+0000][1][safepoint    ] Total time for which application threads were stopped: 0.0001122 seconds, Stopping threads took: 0.0000508 seconds
[2019-12-09T02:18:09.611+0000][1][safepoint    ] Application time: 1.0000907 seconds
[2019-12-09T02:18:09.611+0000][1][safepoint    ] Entering safepoint region: Cleanup
[2019-12-09T02:18:09.611+0000][1][safepoint    ] Leaving safepoint region
[2019-12-09T02:18:09.611+0000][1][safepoint    ] Total time for which application threads were stopped: 0.0001012 seconds, Stopping threads took: 0.0000435 seconds
[2019-12-09T02:18:10.611+0000][1][safepoint    ] Application time: 1.0000824 seconds
[2019-12-09T02:18:10.611+0000][1][safepoint    ] Entering safepoint region: Cleanup
[2019-12-09T02:18:10.611+0000][1][safepoint    ] Leaving safepoint region
[2019-12-09T02:18:10.611+0000][1][safepoint    ] Total time for which application threads were stopped: 0.0000833 seconds, Stopping threads took: 0.0000175 seconds
[2019-12-09T02:18:11.611+0000][1][safepoint    ] Application time: 1.0000806 seconds
[2019-12-09T02:18:11.611+0000][1][safepoint    ] Entering safepoint region: Cleanup
[2019-12-09T02:18:11.611+0000][1][safepoint    ] Leaving safepoint region
[2019-12-09T02:18:11.612+0000][1][safepoint    ] Total time for which application threads were stopped: 0.0000700 seconds, Stopping threads took: 0.0000173 seconds
[2019-12-09T02:18:12.612+0000][1][safepoint    ] Application time: 1.0000749 seconds
[2019-12-09T02:18:12.612+0000][1][safepoint    ] Entering safepoint region: Cleanup
[2019-12-09T02:18:12.612+0000][1][safepoint    ] Leaving safepoint region
[2019-12-09T02:18:12.612+0000][1][safepoint    ] Total time for which application threads were stopped: 0.0000866 seconds, Stopping threads took: 0.0000177 seconds
[2019-12-09T02:18:13.612+0000][1][safepoint    ] Application time: 1.0000772 seconds
[2019-12-09T02:18:13.612+0000][1][safepoint    ] Entering safepoint region: Cleanup
[2019-12-09T02:18:13.612+0000][1][safepoint    ] Leaving safepoint region
[2019-12-09T02:18:13.612+0000][1][safepoint    ] Total time for which application threads were stopped: 0.0000710 seconds, Stopping threads took: 0.0000181 seconds
[2019-12-09T02:18:14.612+0000][1][safepoint    ] Application time: 1.0000788 seconds
[2019-12-09T02:18:14.612+0000][1][safepoint    ] Entering safepoint region: Cleanup
[2019-12-09T02:18:14.612+0000][1][safepoint    ] Leaving safepoint region
[2019-12-09T02:18:14.612+0000][1][safepoint    ] Total time for which application threads were stopped: 0.0000708 seconds, Stopping threads took: 0.0000177 seconds
[2019-12-09T02:18:15.612+0000][1][safepoint    ] Application time: 1.0000771 seconds
[2019-12-09T02:18:15.612+0000][1][safepoint    ] Entering safepoint region: Cleanup
[2019-12-09T02:18:15.612+0000][1][safepoint    ] Leaving safepoint region
[2019-12-09T02:18:15.612+0000][1][safepoint    ] Total time for which application threads were stopped: 0.0000779 seconds, Stopping threads took: 0.0000161 seconds
[2019-12-09T02:18:16.612+0000][1][safepoint    ] Application time: 1.0000766 seconds
[2019-12-09T02:18:16.612+0000][1][safepoint    ] Entering safepoint region: Cleanup
[2019-12-09T02:18:16.612+0000][1][safepoint    ] Leaving safepoint region
[2019-12-09T02:18:16.612+0000][1][safepoint    ] Total time for which application threads were stopped: 0.0000676 seconds, Stopping threads took: 0.0000161 seconds
[2019-12-09T02:18:17.613+0000][1][safepoint    ] Application time: 1.0000782 seconds
[2019-12-09T02:18:17.613+0000][1][safepoint    ] Entering safepoint region: Cleanup
[2019-12-09T02:18:17.613+0000][1][safepoint    ] Leaving safepoint region
[2019-12-09T02:18:17.613+0000][1][safepoint    ] Total time for which application threads were stopped: 0.0000791 seconds, Stopping threads took: 0.0000262 seconds
[2019-12-09T02:18:18.613+0000][1][safepoint    ] Application time: 1.0000764 seconds
[2019-12-09T02:18:18.613+0000][1][safepoint    ] Entering safepoint region: Cleanup
[2019-12-09T02:18:18.613+0000][1][safepoint    ] Leaving safepoint region
[2019-12-09T02:18:18.613+0000][1][safepoint    ] Total time for which application threads were stopped: 0.0000718 seconds, Stopping threads took: 0.0000169 seconds
[2019-12-09T02:18:19.613+0000][1][safepoint    ] Application time: 1.0000767 seconds
[2019-12-09T02:18:19.613+0000][1][safepoint    ] Entering safepoint region: Cleanup
[2019-12-09T02:18:19.613+0000][1][safepoint    ] Leaving safepoint region
[2019-12-09T02:18:19.613+0000][1][safepoint    ] Total time for which application threads were stopped: 0.0000710 seconds, Stopping threads took: 0.0000182 seconds
[2019-12-09T02:18:20.613+0000][1][safepoint    ] Application time: 1.0000758 seconds
[2019-12-09T02:18:20.613+0000][1][safepoint    ] Entering safepoint region: Cleanup
[2019-12-09T02:18:20.613+0000][1][safepoint    ] Leaving safepoint region
[2019-12-09T02:18:20.613+0000][1][safepoint    ] Total time for which application threads were stopped: 0.0000671 seconds, Stopping threads took: 0.0000180 seconds
[2019-12-09T02:18:21.613+0000][1][safepoint    ] Application time: 1.0000773 seconds
[2019-12-09T02:18:21.613+0000][1][safepoint    ] Entering safepoint region: Cleanup
[2019-12-09T02:18:21.613+0000][1][safepoint    ] Leaving safepoint region
[2019-12-09T02:18:21.613+0000][1][safepoint    ] Total time for which application threads were stopped: 0.0000740 seconds, Stopping threads took: 0.0000170 seconds
[2019-12-09T02:18:22.614+0000][1][safepoint    ] Application time: 1.0000768 seconds
[2019-12-09T02:18:22.614+0000][1][safepoint    ] Entering safepoint region: Cleanup
[2019-12-09T02:18:22.614+0000][1][safepoint    ] Leaving safepoint region
[2019-12-09T02:18:22.614+0000][1][safepoint    ] Total time for which application threads were stopped: 0.0000688 seconds, Stopping threads took: 0.0000179 seconds
[2019-12-09T02:18:23.614+0000][1][safepoint    ] Application time: 1.0000763 seconds
[2019-12-09T02:18:23.614+0000][1][safepoint    ] Entering safepoint region: Cleanup
[2019-12-09T02:18:23.614+0000][1][safepoint    ] Leaving safepoint region
[2019-12-09T02:18:23.614+0000][1][safepoint    ] Total time for which application threads were stopped: 0.0000926 seconds, Stopping threads took: 0.0000182 seconds
[2019-12-09T02:18:24.614+0000][1][safepoint    ] Application time: 1.0000761 seconds
[2019-12-09T02:18:24.614+0000][1][safepoint    ] Entering safepoint region: Cleanup
[2019-12-09T02:18:24.614+0000][1][safepoint    ] Leaving safepoint region
[2019-12-09T02:18:24.614+0000][1][safepoint    ] Total time for which application threads were stopped: 0.0000715 seconds, Stopping threads took: 0.0000170 seconds
[2019-12-09T02:18:25.614+0000][1][safepoint    ] Application time: 1.0000750 seconds
[2019-12-09T02:18:25.614+0000][1][safepoint    ] Entering safepoint region: Cleanup
[2019-12-09T02:18:25.614+0000][1][safepoint    ] Leaving safepoint region
[2019-12-09T02:18:25.614+0000][1][safepoint    ] Total time for which application threads were stopped: 0.0000754 seconds, Stopping threads took: 0.0000161 seconds
[2019-12-09T02:18:26.614+0000][1][safepoint    ] Application time: 1.0000805 seconds
[2019-12-09T02:18:26.614+0000][1][safepoint    ] Entering safepoint region: Cleanup
[2019-12-09T02:18:26.614+0000][1][safepoint    ] Leaving safepoint region
[2019-12-09T02:18:26.614+0000][1][safepoint    ] Total time for which application threads were stopped: 0.0000914 seconds, Stopping threads took: 0.0000238 seconds
[2019-12-09T02:18:27.615+0000][1][safepoint    ] Application time: 1.0000763 seconds
[2019-12-09T02:18:27.615+0000][1][safepoint    ] Entering safepoint region: Cleanup
[2019-12-09T02:18:27.615+0000][1][safepoint    ] Leaving safepoint region
[2019-12-09T02:18:27.615+0000][1][safepoint    ] Total time for which application threads were stopped: 0.0000728 seconds, Stopping threads took: 0.0000187 seconds
[2019-12-09T02:18:28.615+0000][1][safepoint    ] Application time: 1.0000755 seconds
[2019-12-09T02:18:28.615+0000][1][safepoint    ] Entering safepoint region: Cleanup
[2019-12-09T02:18:28.615+0000][1][safepoint    ] Leaving safepoint region
[2019-12-09T02:18:28.615+0000][1][safepoint    ] Total time for which application threads were stopped: 0.0000699 seconds, Stopping threads took: 0.0000177 seconds
[2019-12-09T02:18:29.615+0000][1][safepoint    ] Application time: 1.0000740 seconds
[2019-12-09T02:18:29.615+0000][1][safepoint    ] Entering safepoint region: Cleanup
[2019-12-09T02:18:29.615+0000][1][safepoint    ] Leaving safepoint region
[2019-12-09T02:18:29.615+0000][1][safepoint    ] Total time for which application threads were stopped: 0.0000698 seconds, Stopping threads took: 0.0000173 seconds
[2019-12-09T02:18:30.615+0000][1][safepoint    ] Application time: 1.0000770 seconds
[2019-12-09T02:18:30.615+0000][1][safepoint    ] Entering safepoint region: Cleanup
[2019-12-09T02:18:30.615+0000][1][safepoint    ] Leaving safepoint region
[2019-12-09T02:18:30.615+0000][1][safepoint    ] Total time for which application threads were stopped: 0.0000694 seconds, Stopping threads took: 0.0000175 seconds
[2019-12-09T02:18:31.615+0000][1][safepoint    ] Application time: 1.0000785 seconds
[2019-12-09T02:18:31.615+0000][1][safepoint    ] Entering safepoint region: Cleanup
[2019-12-09T02:18:31.615+0000][1][safepoint    ] Leaving safepoint region
[2019-12-09T02:18:31.615+0000][1][safepoint    ] Total time for which application threads were stopped: 0.0000693 seconds, Stopping threads took: 0.0000177 seconds
[2019-12-09T02:18:32.615+0000][1][safepoint    ] Application time: 1.0000771 seconds
[2019-12-09T02:18:32.616+0000][1][safepoint    ] Entering safepoint region: Cleanup
[2019-12-09T02:18:32.616+0000][1][safepoint    ] Leaving safepoint region
[2019-12-09T02:18:32.616+0000][1][safepoint    ] Total time for which application threads were stopped: 0.0000741 seconds, Stopping threads took: 0.0000191 seconds
[2019-12-09T02:18:33.616+0000][1][safepoint    ] Application time: 1.0000769 seconds
[2019-12-09T02:18:33.616+0000][1][safepoint    ] Entering safepoint region: Cleanup
[2019-12-09T02:18:33.616+0000][1][safepoint    ] Leaving safepoint region
[2019-12-09T02:18:33.616+0000][1][safepoint    ] Total time for which application threads were stopped: 0.0000694 seconds, Stopping threads took: 0.0000173 seconds
[2019-12-09T02:18:34.616+0000][1][safepoint    ] Application time: 1.0000759 seconds
[2019-12-09T02:18:34.616+0000][1][safepoint    ] Entering safepoint region: Cleanup
[2019-12-09T02:18:34.616+0000][1][safepoint    ] Leaving safepoint region
[2019-12-09T02:18:34.616+0000][1][safepoint    ] Total time for which application threads were stopped: 0.0000700 seconds, Stopping threads took: 0.0000179 seconds
[2019-12-09T02:18:35.616+0000][1][safepoint    ] Application time: 1.0000773 seconds
[2019-12-09T02:18:35.616+0000][1][safepoint    ] Entering safepoint region: Cleanup
[2019-12-09T02:18:35.616+0000][1][safepoint    ] Leaving safepoint region
[2019-12-09T02:18:35.616+0000][1][safepoint    ] Total time for which application threads were stopped: 0.0000710 seconds, Stopping threads took: 0.0000180 seconds
[2019-12-09T02:18:37.170+0000][1][safepoint    ] Application time: 1.5535901 seconds
[2019-12-09T02:18:37.170+0000][1][safepoint    ] Entering safepoint region: Cleanup
[2019-12-09T02:18:37.170+0000][1][safepoint    ] Leaving safepoint region
[2019-12-09T02:18:37.170+0000][1][safepoint    ] Total time for which application threads were stopped: 0.0000760 seconds, Stopping threads took: 0.0000169 seconds
[2019-12-09T02:18:38.170+0000][1][safepoint    ] Application time: 1.0000754 seconds
[2019-12-09T02:18:38.170+0000][1][safepoint    ] Entering safepoint region: Cleanup
[2019-12-09T02:18:38.170+0000][1][safepoint    ] Leaving safepoint region
[2019-12-09T02:18:38.170+0000][1][safepoint    ] Total time for which application threads were stopped: 0.0000678 seconds, Stopping threads took: 0.0000170 seconds
[2019-12-09T02:18:39.170+0000][1][safepoint    ] Application time: 1.0000765 seconds
[2019-12-09T02:18:39.170+0000][1][safepoint    ] Entering safepoint region: Cleanup
[2019-12-09T02:18:39.170+0000][1][safepoint    ] Leaving safepoint region
[2019-12-09T02:18:39.170+0000][1][safepoint    ] Total time for which application threads were stopped: 0.0000674 seconds, Stopping threads took: 0.0000172 seconds
[2019-12-09T02:18:40.170+0000][1][safepoint    ] Application time: 1.0000754 seconds
[2019-12-09T02:18:40.170+0000][1][safepoint    ] Entering safepoint region: Cleanup
[2019-12-09T02:18:40.170+0000][1][safepoint    ] Leaving safepoint region
[2019-12-09T02:18:40.170+0000][1][safepoint    ] Total time for which application threads were stopped: 0.0000700 seconds, Stopping threads took: 0.0000192 seconds
[2019-12-09T02:18:41.171+0000][1][safepoint    ] Application time: 1.0000816 seconds
[2019-12-09T02:18:41.171+0000][1][safepoint    ] Entering safepoint region: Cleanup
[2019-12-09T02:18:41.171+0000][1][safepoint    ] Leaving safepoint region
[2019-12-09T02:18:41.171+0000][1][safepoint    ] Total time for which application threads were stopped: 0.0000692 seconds, Stopping threads took: 0.0000178 seconds
[2019-12-09T02:18:42.171+0000][1][safepoint    ] Application time: 1.0000762 seconds
[2019-12-09T02:18:42.171+0000][1][safepoint    ] Entering safepoint region: Cleanup
[2019-12-09T02:18:42.171+0000][1][safepoint    ] Leaving safepoint region
[2019-12-09T02:18:42.171+0000][1][safepoint    ] Total time for which application threads were stopped: 0.0000701 seconds, Stopping threads took: 0.0000172 seconds
[2019-12-09T02:18:43.171+0000][1][safepoint    ] Application time: 1.0000817 seconds
[2019-12-09T02:18:43.171+0000][1][safepoint    ] Entering safepoint region: Cleanup
[2019-12-09T02:18:43.171+0000][1][safepoint    ] Leaving safepoint region
[2019-12-09T02:18:43.171+0000][1][safepoint    ] Total time for which application threads were stopped: 0.0000704 seconds, Stopping threads took: 0.0000175 seconds
[2019-12-09T02:18:44.171+0000][1][safepoint    ] Application time: 1.0000750 seconds
[2019-12-09T02:18:44.171+0000][1][safepoint    ] Entering safepoint region: Cleanup
[2019-12-09T02:18:44.171+0000][1][safepoint    ] Leaving safepoint region
[2019-12-09T02:18:44.171+0000][1][safepoint    ] Total time for which application threads were stopped: 0.0000662 seconds, Stopping threads took: 0.0000163 seconds
[2019-12-09T02:18:45.171+0000][1][safepoint    ] Application time: 1.0000751 seconds
[2019-12-09T02:18:45.171+0000][1][safepoint    ] Entering safepoint region: Cleanup
[2019-12-09T02:18:45.171+0000][1][safepoint    ] Leaving safepoint region
[2019-12-09T02:18:45.171+0000][1][safepoint    ] Total time for which application threads were stopped: 0.0000670 seconds, Stopping threads took: 0.0000175 seconds
[2019-12-09T02:18:46.171+0000][1][safepoint    ] Application time: 1.0000750 seconds
[2019-12-09T02:18:46.171+0000][1][safepoint    ] Entering safepoint region: Cleanup
[2019-12-09T02:18:46.172+0000][1][safepoint    ] Leaving safepoint region
[2019-12-09T02:18:46.172+0000][1][safepoint    ] Total time for which application threads were stopped: 0.0000726 seconds, Stopping threads took: 0.0000178 seconds
[2019-12-09T02:18:47.172+0000][1][safepoint    ] Application time: 1.0000757 seconds
[2019-12-09T02:18:47.172+0000][1][safepoint    ] Entering safepoint region: Cleanup
[2019-12-09T02:18:47.172+0000][1][safepoint    ] Leaving safepoint region
[2019-12-09T02:18:47.172+0000][1][safepoint    ] Total time for which application threads were stopped: 0.0000779 seconds, Stopping threads took: 0.0000248 seconds
[2019-12-09T02:18:48.172+0000][1][safepoint    ] Application time: 1.0000763 seconds
[2019-12-09T02:18:48.172+0000][1][safepoint    ] Entering safepoint region: Cleanup
[2019-12-09T02:18:48.172+0000][1][safepoint    ] Leaving safepoint region
[2019-12-09T02:18:48.172+0000][1][safepoint    ] Total time for which application threads were stopped: 0.0000749 seconds, Stopping threads took: 0.0000183 seconds
[2019-12-09T02:18:49.172+0000][1][safepoint    ] Application time: 1.0000750 seconds
[2019-12-09T02:18:49.172+0000][1][safepoint    ] Entering safepoint region: Cleanup
[2019-12-09T02:18:49.172+0000][1][safepoint    ] Leaving safepoint region
[2019-12-09T02:18:49.172+0000][1][safepoint    ] Total time for which application threads were stopped: 0.0000697 seconds, Stopping threads took: 0.0000173 seconds
[2019-12-09T02:18:50.172+0000][1][safepoint    ] Application time: 1.0000764 seconds
[2019-12-09T02:18:50.172+0000][1][safepoint    ] Entering safepoint region: Cleanup
[2019-12-09T02:18:50.172+0000][1][safepoint    ] Leaving safepoint region
[2019-12-09T02:18:50.172+0000][1][safepoint    ] Total time for which application threads were stopped: 0.0000687 seconds, Stopping threads took: 0.0000170 seconds
[2019-12-09T02:18:51.172+0000][1][safepoint    ] Application time: 1.0000773 seconds
[2019-12-09T02:18:51.172+0000][1][safepoint    ] Entering safepoint region: Cleanup
[2019-12-09T02:18:51.173+0000][1][safepoint    ] Leaving safepoint region
[2019-12-09T02:18:51.173+0000][1][safepoint    ] Total time for which application threads were stopped: 0.0000737 seconds, Stopping threads took: 0.0000169 seconds
[2019-12-09T02:18:52.173+0000][1][safepoint    ] Application time: 1.0000763 seconds
[2019-12-09T02:18:52.173+0000][1][safepoint    ] Entering safepoint region: Cleanup
[2019-12-09T02:18:52.173+0000][1][safepoint    ] Leaving safepoint region
[2019-12-09T02:18:52.173+0000][1][safepoint    ] Total time for which application threads were stopped: 0.0000867 seconds, Stopping threads took: 0.0000171 seconds
[2019-12-09T02:18:53.173+0000][1][safepoint    ] Application time: 1.0000770 seconds
[2019-12-09T02:18:53.173+0000][1][safepoint    ] Entering safepoint region: Cleanup
[2019-12-09T02:18:53.173+0000][1][safepoint    ] Leaving safepoint region
[2019-12-09T02:18:53.173+0000][1][safepoint    ] Total time for which application threads were stopped: 0.0000719 seconds, Stopping threads took: 0.0000156 seconds
[2019-12-09T02:18:54.173+0000][1][safepoint    ] Application time: 1.0000753 seconds
[2019-12-09T02:18:54.173+0000][1][safepoint    ] Entering safepoint region: Cleanup
[2019-12-09T02:18:54.173+0000][1][safepoint    ] Leaving safepoint region
[2019-12-09T02:18:54.173+0000][1][safepoint    ] Total time for which application threads were stopped: 0.0000709 seconds, Stopping threads took: 0.0000172 seconds
[2019-12-09T02:18:55.173+0000][1][safepoint    ] Application time: 1.0000774 seconds
[2019-12-09T02:18:55.173+0000][1][safepoint    ] Entering safepoint region: Cleanup
[2019-12-09T02:18:55.173+0000][1][safepoint    ] Leaving safepoint region
[2019-12-09T02:18:55.173+0000][1][safepoint    ] Total time for which application threads were stopped: 0.0000671 seconds, Stopping threads took: 0.0000168 seconds
[2019-12-09T02:18:56.173+0000][1][safepoint    ] Application time: 1.0000793 seconds
[2019-12-09T02:18:56.173+0000][1][safepoint    ] Entering safepoint region: Cleanup
[2019-12-09T02:18:56.173+0000][1][safepoint    ] Leaving safepoint region
[2019-12-09T02:18:56.173+0000][1][safepoint    ] Total time for which application threads were stopped: 0.0000721 seconds, Stopping threads took: 0.0000192 seconds
[2019-12-09T02:18:57.174+0000][1][safepoint    ] Application time: 1.0000772 seconds
[2019-12-09T02:18:57.174+0000][1][safepoint    ] Entering safepoint region: Cleanup
[2019-12-09T02:18:57.174+0000][1][safepoint    ] Leaving safepoint region
[2019-12-09T02:18:57.174+0000][1][safepoint    ] Total time for which application threads were stopped: 0.0000823 seconds, Stopping threads took: 0.0000169 seconds
[2019-12-09T02:18:58.174+0000][1][safepoint    ] Application time: 1.0000800 seconds
[2019-12-09T02:18:58.174+0000][1][safepoint    ] Entering safepoint region: Cleanup
[2019-12-09T02:18:58.174+0000][1][safepoint    ] Leaving safepoint region
[2019-12-09T02:18:58.174+0000][1][safepoint    ] Total time for which application threads were stopped: 0.0000714 seconds, Stopping threads took: 0.0000180 seconds
[2019-12-09T02:18:59.174+0000][1][safepoint    ] Application time: 1.0000787 seconds
[2019-12-09T02:18:59.174+0000][1][safepoint    ] Entering safepoint region: Cleanup
[2019-12-09T02:18:59.174+0000][1][safepoint    ] Leaving safepoint region
[2019-12-09T02:18:59.174+0000][1][safepoint    ] Total time for which application threads were stopped: 0.0000700 seconds, Stopping threads took: 0.0000167 seconds
[2019-12-09T02:19:00.174+0000][1][safepoint    ] Application time: 1.0000788 seconds
[2019-12-09T02:19:00.174+0000][1][safepoint    ] Entering safepoint region: Cleanup
[2019-12-09T02:19:00.174+0000][1][safepoint    ] Leaving safepoint region
[2019-12-09T02:19:00.174+0000][1][safepoint    ] Total time for which application threads were stopped: 0.0000698 seconds, Stopping threads took: 0.0000179 seconds
[2019-12-09T02:19:01.174+0000][1][safepoint    ] Application time: 1.0000781 seconds
[2019-12-09T02:19:01.174+0000][1][safepoint    ] Entering safepoint region: Cleanup
[2019-12-09T02:19:01.174+0000][1][safepoint    ] Leaving safepoint region
[2019-12-09T02:19:01.174+0000][1][safepoint    ] Total time for which application threads were stopped: 0.0000706 seconds, Stopping threads took: 0.0000182 seconds
[2019-12-09T02:19:02.175+0000][1][safepoint    ] Application time: 1.0000772 seconds
[2019-12-09T02:19:02.175+0000][1][safepoint    ] Entering safepoint region: Cleanup
[2019-12-09T02:19:02.175+0000][1][safepoint    ] Leaving safepoint region
[2019-12-09T02:19:02.175+0000][1][safepoint    ] Total time for which application threads were stopped: 0.0000739 seconds, Stopping threads took: 0.0000170 seconds
[2019-12-09T02:19:03.175+0000][1][safepoint    ] Application time: 1.0000764 seconds
[2019-12-09T02:19:03.175+0000][1][safepoint    ] Entering safepoint region: Cleanup
[2019-12-09T02:19:03.175+0000][1][safepoint    ] Leaving safepoint region
[2019-12-09T02:19:03.175+0000][1][safepoint    ] Total time for which application threads were stopped: 0.0000683 seconds, Stopping threads took: 0.0000165 seconds
[2019-12-09T02:19:04.175+0000][1][safepoint    ] Application time: 1.0000756 seconds
[2019-12-09T02:19:04.175+0000][1][safepoint    ] Entering safepoint region: Cleanup
[2019-12-09T02:19:04.175+0000][1][safepoint    ] Leaving safepoint region
[2019-12-09T02:19:04.175+0000][1][safepoint    ] Total time for which application threads were stopped: 0.0000736 seconds, Stopping threads took: 0.0000175 seconds
[2019-12-09T02:19:05.175+0000][1][safepoint    ] Application time: 1.0000765 seconds
[2019-12-09T02:19:05.175+0000][1][safepoint    ] Entering safepoint region: Cleanup
[2019-12-09T02:19:05.175+0000][1][safepoint    ] Leaving safepoint region
[2019-12-09T02:19:05.175+0000][1][safepoint    ] Total time for which application threads were stopped: 0.0000657 seconds, Stopping threads took: 0.0000159 seconds
[2019-12-09T02:19:06.175+0000][1][safepoint    ] Application time: 1.0000735 seconds
[2019-12-09T02:19:06.175+0000][1][safepoint    ] Entering safepoint region: Cleanup
[2019-12-09T02:19:06.175+0000][1][safepoint    ] Leaving safepoint region
[2019-12-09T02:19:06.175+0000][1][safepoint    ] Total time for which application threads were stopped: 0.0000653 seconds, Stopping threads took: 0.0000150 seconds
[2019-12-09T02:19:07.175+0000][1][safepoint    ] Application time: 1.0000746 seconds
[2019-12-09T02:19:07.176+0000][1][safepoint    ] Entering safepoint region: Cleanup
[2019-12-09T02:19:07.176+0000][1][safepoint    ] Leaving safepoint region
[2019-12-09T02:19:07.176+0000][1][safepoint    ] Total time for which application threads were stopped: 0.0000678 seconds, Stopping threads took: 0.0000165 seconds
[2019-12-09T02:19:08.176+0000][1][safepoint    ] Application time: 1.0000772 seconds
[2019-12-09T02:19:08.176+0000][1][safepoint    ] Entering safepoint region: Cleanup
[2019-12-09T02:19:08.176+0000][1][safepoint    ] Leaving safepoint region
[2019-12-09T02:19:08.176+0000][1][safepoint    ] Total time for which application threads were stopped: 0.0000685 seconds, Stopping threads took: 0.0000181 seconds
[2019-12-09T02:19:09.176+0000][1][safepoint    ] Application time: 1.0000759 seconds
[2019-12-09T02:19:09.176+0000][1][safepoint    ] Entering safepoint region: Cleanup
[2019-12-09T02:19:09.176+0000][1][safepoint    ] Leaving safepoint region
[2019-12-09T02:19:09.176+0000][1][safepoint    ] Total time for which application threads were stopped: 0.0000707 seconds, Stopping threads took: 0.0000162 seconds
[2019-12-09T02:19:10.176+0000][1][safepoint    ] Application time: 1.0000772 seconds
[2019-12-09T02:19:10.176+0000][1][safepoint    ] Entering safepoint region: Cleanup
[2019-12-09T02:19:10.176+0000][1][safepoint    ] Leaving safepoint region
[2019-12-09T02:19:10.176+0000][1][safepoint    ] Total time for which application threads were stopped: 0.0000703 seconds, Stopping threads took: 0.0000180 seconds
[2019-12-09T02:19:11.176+0000][1][safepoint    ] Application time: 1.0000764 seconds
[2019-12-09T02:19:11.176+0000][1][safepoint    ] Entering safepoint region: Cleanup
[2019-12-09T02:19:11.176+0000][1][safepoint    ] Leaving safepoint region
[2019-12-09T02:19:11.176+0000][1][safepoint    ] Total time for which application threads were stopped: 0.0000698 seconds, Stopping threads took: 0.0000179 seconds
[2019-12-09T02:19:12.176+0000][1][safepoint    ] Application time: 1.0000770 seconds
[2019-12-09T02:19:12.176+0000][1][safepoint    ] Entering safepoint region: Cleanup
[2019-12-09T02:19:12.177+0000][1][safepoint    ] Leaving safepoint region
[2019-12-09T02:19:12.177+0000][1][safepoint    ] Total time for which application threads were stopped: 0.0000809 seconds, Stopping threads took: 0.0000196 seconds
[2019-12-09T02:19:13.177+0000][1][safepoint    ] Application time: 1.0000773 seconds
[2019-12-09T02:19:13.177+0000][1][safepoint    ] Entering safepoint region: Cleanup
[2019-12-09T02:19:13.177+0000][1][safepoint    ] Leaving safepoint region
[2019-12-09T02:19:13.177+0000][1][safepoint    ] Total time for which application threads were stopped: 0.0000796 seconds, Stopping threads took: 0.0000283 seconds
[2019-12-09T02:19:14.177+0000][1][safepoint    ] Application time: 1.0000760 seconds
[2019-12-09T02:19:14.177+0000][1][safepoint    ] Entering safepoint region: Cleanup
[2019-12-09T02:19:14.177+0000][1][safepoint    ] Leaving safepoint region
[2019-12-09T02:19:14.177+0000][1][safepoint    ] Total time for which application threads were stopped: 0.0000687 seconds, Stopping threads took: 0.0000178 seconds
[2019-12-09T02:19:15.177+0000][1][safepoint    ] Application time: 1.0000747 seconds
[2019-12-09T02:19:15.177+0000][1][safepoint    ] Entering safepoint region: Cleanup
[2019-12-09T02:19:15.177+0000][1][safepoint    ] Leaving safepoint region
[2019-12-09T02:19:15.177+0000][1][safepoint    ] Total time for which application threads were stopped: 0.0000676 seconds, Stopping threads took: 0.0000161 seconds
[2019-12-09T02:19:16.177+0000][1][safepoint    ] Application time: 1.0000768 seconds
[2019-12-09T02:19:16.177+0000][1][safepoint    ] Entering safepoint region: Cleanup
[2019-12-09T02:19:16.177+0000][1][safepoint    ] Leaving safepoint region
[2019-12-09T02:19:16.177+0000][1][safepoint    ] Total time for which application threads were stopped: 0.0000702 seconds, Stopping threads took: 0.0000187 seconds
[2019-12-09T02:19:17.177+0000][1][safepoint    ] Application time: 1.0000760 seconds
[2019-12-09T02:19:17.177+0000][1][safepoint    ] Entering safepoint region: Cleanup
[2019-12-09T02:19:17.178+0000][1][safepoint    ] Leaving safepoint region
[2019-12-09T02:19:17.178+0000][1][safepoint    ] Total time for which application threads were stopped: 0.0000766 seconds, Stopping threads took: 0.0000247 seconds
[2019-12-09T02:19:18.178+0000][1][safepoint    ] Application time: 1.0000763 seconds
[2019-12-09T02:19:18.178+0000][1][safepoint    ] Entering safepoint region: Cleanup
[2019-12-09T02:19:18.178+0000][1][safepoint    ] Leaving safepoint region
[2019-12-09T02:19:18.178+0000][1][safepoint    ] Total time for which application threads were stopped: 0.0000798 seconds, Stopping threads took: 0.0000174 seconds
[2019-12-09T02:19:19.178+0000][1][safepoint    ] Application time: 1.0000772 seconds
[2019-12-09T02:19:19.178+0000][1][safepoint    ] Entering safepoint region: Cleanup
[2019-12-09T02:19:19.178+0000][1][safepoint    ] Leaving safepoint region
[2019-12-09T02:19:19.178+0000][1][safepoint    ] Total time for which application threads were stopped: 0.0000719 seconds, Stopping threads took: 0.0000194 seconds
[2019-12-09T02:19:20.178+0000][1][safepoint    ] Application time: 1.0000760 seconds
[2019-12-09T02:19:20.178+0000][1][safepoint    ] Entering safepoint region: Cleanup
[2019-12-09T02:19:20.178+0000][1][safepoint    ] Leaving safepoint region
[2019-12-09T02:19:20.178+0000][1][safepoint    ] Total time for which application threads were stopped: 0.0000754 seconds, Stopping threads took: 0.0000175 seconds
[2019-12-09T02:19:21.178+0000][1][safepoint    ] Application time: 1.0000821 seconds
[2019-12-09T02:19:21.178+0000][1][safepoint    ] Entering safepoint region: Cleanup
[2019-12-09T02:19:21.178+0000][1][safepoint    ] Leaving safepoint region
[2019-12-09T02:19:21.178+0000][1][safepoint    ] Total time for which application threads were stopped: 0.0000740 seconds, Stopping threads took: 0.0000169 seconds
[2019-12-09T02:19:22.178+0000][1][safepoint    ] Application time: 1.0000759 seconds
[2019-12-09T02:19:22.178+0000][1][safepoint    ] Entering safepoint region: Cleanup
[2019-12-09T02:19:22.178+0000][1][safepoint    ] Leaving safepoint region
[2019-12-09T02:19:22.178+0000][1][safepoint    ] Total time for which application threads were stopped: 0.0000698 seconds, Stopping threads took: 0.0000177 seconds
[2019-12-09T02:19:23.179+0000][1][safepoint    ] Application time: 1.0000758 seconds
[2019-12-09T02:19:23.179+0000][1][safepoint    ] Entering safepoint region: Cleanup
[2019-12-09T02:19:23.179+0000][1][safepoint    ] Leaving safepoint region
[2019-12-09T02:19:23.179+0000][1][safepoint    ] Total time for which application threads were stopped: 0.0000732 seconds, Stopping threads took: 0.0000176 seconds
[2019-12-09T02:19:24.179+0000][1][safepoint    ] Application time: 1.0000862 seconds
[2019-12-09T02:19:24.179+0000][1][safepoint    ] Entering safepoint region: Cleanup
[2019-12-09T02:19:24.179+0000][1][safepoint    ] Leaving safepoint region
[2019-12-09T02:19:24.179+0000][1][safepoint    ] Total time for which application threads were stopped: 0.0000701 seconds, Stopping threads took: 0.0000175 seconds
[2019-12-09T02:19:25.179+0000][1][safepoint    ] Application time: 1.0000752 seconds
[2019-12-09T02:19:25.179+0000][1][safepoint    ] Entering safepoint region: Cleanup
[2019-12-09T02:19:25.179+0000][1][safepoint    ] Leaving safepoint region
[2019-12-09T02:19:25.179+0000][1][safepoint    ] Total time for which application threads were stopped: 0.0000679 seconds, Stopping threads took: 0.0000174 seconds
[2019-12-09T02:19:26.179+0000][1][safepoint    ] Application time: 1.0000759 seconds
[2019-12-09T02:19:26.179+0000][1][safepoint    ] Entering safepoint region: Cleanup
[2019-12-09T02:19:26.179+0000][1][safepoint    ] Leaving safepoint region
[2019-12-09T02:19:26.179+0000][1][safepoint    ] Total time for which application threads were stopped: 0.0000771 seconds, Stopping threads took: 0.0000184 seconds
[2019-12-09T02:19:27.179+0000][1][safepoint    ] Application time: 1.0000756 seconds
[2019-12-09T02:19:27.179+0000][1][safepoint    ] Entering safepoint region: Cleanup
[2019-12-09T02:19:27.179+0000][1][safepoint    ] Leaving safepoint region
[2019-12-09T02:19:27.179+0000][1][safepoint    ] Total time for which application threads were stopped: 0.0000677 seconds, Stopping threads took: 0.0000167 seconds
[2019-12-09T02:19:28.180+0000][1][safepoint    ] Application time: 1.0000756 seconds
[2019-12-09T02:19:28.180+0000][1][safepoint    ] Entering safepoint region: Cleanup
[2019-12-09T02:19:28.180+0000][1][safepoint    ] Leaving safepoint region
[2019-12-09T02:19:28.180+0000][1][safepoint    ] Total time for which application threads were stopped: 0.0000787 seconds, Stopping threads took: 0.0000250 seconds
[2019-12-09T02:19:29.180+0000][1][safepoint    ] Application time: 1.0000767 seconds
[2019-12-09T02:19:29.180+0000][1][safepoint    ] Entering safepoint region: Cleanup
[2019-12-09T02:19:29.180+0000][1][safepoint    ] Leaving safepoint region
[2019-12-09T02:19:29.180+0000][1][safepoint    ] Total time for which application threads were stopped: 0.0000704 seconds, Stopping threads took: 0.0000174 seconds
[2019-12-09T02:19:30.180+0000][1][safepoint    ] Application time: 1.0000788 seconds
[2019-12-09T02:19:30.180+0000][1][safepoint    ] Entering safepoint region: Cleanup
[2019-12-09T02:19:30.180+0000][1][safepoint    ] Leaving safepoint region
[2019-12-09T02:19:30.180+0000][1][safepoint    ] Total time for which application threads were stopped: 0.0000681 seconds, Stopping threads took: 0.0000174 seconds
[2019-12-09T02:19:31.180+0000][1][safepoint    ] Application time: 1.0000763 seconds
[2019-12-09T02:19:31.180+0000][1][safepoint    ] Entering safepoint region: Cleanup
[2019-12-09T02:19:31.180+0000][1][safepoint    ] Leaving safepoint region
[2019-12-09T02:19:31.180+0000][1][safepoint    ] Total time for which application threads were stopped: 0.0000684 seconds, Stopping threads took: 0.0000171 seconds
[2019-12-09T02:19:32.180+0000][1][safepoint    ] Application time: 1.0000763 seconds
[2019-12-09T02:19:32.180+0000][1][safepoint    ] Entering safepoint region: Cleanup
[2019-12-09T02:19:32.180+0000][1][safepoint    ] Leaving safepoint region
[2019-12-09T02:19:32.180+0000][1][safepoint    ] Total time for which application threads were stopped: 0.0000698 seconds, Stopping threads took: 0.0000171 seconds
[2019-12-09T02:19:33.180+0000][1][safepoint    ] Application time: 1.0000766 seconds
[2019-12-09T02:19:33.181+0000][1][safepoint    ] Entering safepoint region: Cleanup
[2019-12-09T02:19:33.181+0000][1][safepoint    ] Leaving safepoint region
[2019-12-09T02:19:33.181+0000][1][safepoint    ] Total time for which application threads were stopped: 0.0000709 seconds, Stopping threads took: 0.0000191 seconds
[2019-12-09T02:19:34.181+0000][1][safepoint    ] Application time: 1.0000767 seconds
[2019-12-09T02:19:34.181+0000][1][safepoint    ] Entering safepoint region: Cleanup
[2019-12-09T02:19:34.181+0000][1][safepoint    ] Leaving safepoint region
[2019-12-09T02:19:34.181+0000][1][safepoint    ] Total time for which application threads were stopped: 0.0000688 seconds, Stopping threads took: 0.0000174 seconds
[2019-12-09T02:19:35.181+0000][1][safepoint    ] Application time: 1.0000759 seconds
[2019-12-09T02:19:35.181+0000][1][safepoint    ] Entering safepoint region: Cleanup
[2019-12-09T02:19:35.181+0000][1][safepoint    ] Leaving safepoint region
[2019-12-09T02:19:35.181+0000][1][safepoint    ] Total time for which application threads were stopped: 0.0000680 seconds, Stopping threads took: 0.0000181 seconds
[2019-12-09T02:19:36.181+0000][1][safepoint    ] Application time: 1.0000834 seconds
[2019-12-09T02:19:36.181+0000][1][safepoint    ] Entering safepoint region: Cleanup
[2019-12-09T02:19:36.181+0000][1][safepoint    ] Leaving safepoint region
[2019-12-09T02:19:36.181+0000][1][safepoint    ] Total time for which application threads were stopped: 0.0000629 seconds, Stopping threads took: 0.0000143 seconds
[2019-12-09T02:19:37.181+0000][1][safepoint    ] Application time: 1.0000770 seconds
[2019-12-09T02:19:37.181+0000][1][safepoint    ] Entering safepoint region: Cleanup
[2019-12-09T02:19:37.181+0000][1][safepoint    ] Leaving safepoint region
[2019-12-09T02:19:37.181+0000][1][safepoint    ] Total time for which application threads were stopped: 0.0000670 seconds, Stopping threads took: 0.0000165 seconds
[2019-12-09T02:19:38.181+0000][1][safepoint    ] Application time: 1.0000758 seconds
[2019-12-09T02:19:38.181+0000][1][safepoint    ] Entering safepoint region: Cleanup
[2019-12-09T02:19:38.182+0000][1][safepoint    ] Leaving safepoint region
[2019-12-09T02:19:38.182+0000][1][safepoint    ] Total time for which application threads were stopped: 0.0000674 seconds, Stopping threads took: 0.0000190 seconds
[2019-12-09T02:19:39.182+0000][1][safepoint    ] Application time: 1.0000775 seconds
[2019-12-09T02:19:39.182+0000][1][safepoint    ] Entering safepoint region: Cleanup
[2019-12-09T02:19:39.182+0000][1][safepoint    ] Leaving safepoint region
[2019-12-09T02:19:39.182+0000][1][safepoint    ] Total time for which application threads were stopped: 0.0000766 seconds, Stopping threads took: 0.0000176 seconds
[2019-12-09T02:19:40.182+0000][1][safepoint    ] Application time: 1.0000771 seconds
[2019-12-09T02:19:40.182+0000][1][safepoint    ] Entering safepoint region: Cleanup
[2019-12-09T02:19:40.182+0000][1][safepoint    ] Leaving safepoint region
[2019-12-09T02:19:40.182+0000][1][safepoint    ] Total time for which application threads were stopped: 0.0000662 seconds, Stopping threads took: 0.0000180 seconds
[2019-12-09T02:19:41.182+0000][1][safepoint    ] Application time: 1.0000768 seconds
[2019-12-09T02:19:41.182+0000][1][safepoint    ] Entering safepoint region: Cleanup
[2019-12-09T02:19:41.182+0000][1][safepoint    ] Leaving safepoint region
[2019-12-09T02:19:41.182+0000][1][safepoint    ] Total time for which application threads were stopped: 0.0000642 seconds, Stopping threads took: 0.0000167 seconds
[2019-12-09T02:19:42.182+0000][1][safepoint    ] Application time: 1.0000777 seconds
[2019-12-09T02:19:42.182+0000][1][safepoint    ] Entering safepoint region: Cleanup
[2019-12-09T02:19:42.182+0000][1][safepoint    ] Leaving safepoint region
[2019-12-09T02:19:42.182+0000][1][safepoint    ] Total time for which application threads were stopped: 0.0000675 seconds, Stopping threads took: 0.0000178 seconds
[2019-12-09T02:19:43.182+0000][1][safepoint    ] Application time: 1.0000773 seconds
[2019-12-09T02:19:43.182+0000][1][safepoint    ] Entering safepoint region: Cleanup
[2019-12-09T02:19:43.182+0000][1][safepoint    ] Leaving safepoint region
[2019-12-09T02:19:43.182+0000][1][safepoint    ] Total time for which application threads were stopped: 0.0000675 seconds, Stopping threads took: 0.0000177 seconds
[2019-12-09T02:19:44.183+0000][1][safepoint    ] Application time: 1.0000781 seconds
[2019-12-09T02:19:44.183+0000][1][safepoint    ] Entering safepoint region: Cleanup
[2019-12-09T02:19:44.183+0000][1][safepoint    ] Leaving safepoint region
[2019-12-09T02:19:44.183+0000][1][safepoint    ] Total time for which application threads were stopped: 0.0000673 seconds, Stopping threads took: 0.0000189 seconds
[2019-12-09T02:19:45.183+0000][1][safepoint    ] Application time: 1.0000756 seconds
[2019-12-09T02:19:45.183+0000][1][safepoint    ] Entering safepoint region: Cleanup
[2019-12-09T02:19:45.183+0000][1][safepoint    ] Leaving safepoint region
[2019-12-09T02:19:45.183+0000][1][safepoint    ] Total time for which application threads were stopped: 0.0000674 seconds, Stopping threads took: 0.0000180 seconds
[2019-12-09T02:19:46.183+0000][1][safepoint    ] Application time: 1.0000771 seconds
[2019-12-09T02:19:46.183+0000][1][safepoint    ] Entering safepoint region: Cleanup
[2019-12-09T02:19:46.183+0000][1][safepoint    ] Leaving safepoint region
[2019-12-09T02:19:46.183+0000][1][safepoint    ] Total time for which application threads were stopped: 0.0000668 seconds, Stopping threads took: 0.0000183 seconds
[2019-12-09T02:19:46.486+0000][1][safepoint    ] Application time: 0.3028621 seconds
[2019-12-09T02:19:46.486+0000][1][safepoint    ] Entering safepoint region: GenCollectForAllocation
[2019-12-09T02:19:46.486+0000][1][gc,start     ] GC(30) Pause Young (Allocation Failure)
[2019-12-09T02:19:46.486+0000][1][gc,task      ] GC(30) Using 2 workers of 2 for evacuation
[2019-12-09T02:19:46.488+0000][1][gc,age       ] GC(30) Desired survivor size 4456448 bytes, new threshold 6 (max threshold 6)
[2019-12-09T02:19:46.488+0000][1][gc,age       ] GC(30) Age table with threshold 6 (max threshold 6)
[2019-12-09T02:19:46.488+0000][1][gc,age       ] GC(30) - age   1:       8224 bytes,       8224 total
[2019-12-09T02:19:46.488+0000][1][gc,age       ] GC(30) - age   2:       2816 bytes,      11040 total
[2019-12-09T02:19:46.488+0000][1][gc,age       ] GC(30) - age   3:        688 bytes,      11728 total
[2019-12-09T02:19:46.488+0000][1][gc,age       ] GC(30) - age   4:       4800 bytes,      16528 total
[2019-12-09T02:19:46.488+0000][1][gc,age       ] GC(30) - age   5:       6448 bytes,      22976 total
[2019-12-09T02:19:46.488+0000][1][gc,age       ] GC(30) - age   6:       5416 bytes,      28392 total
[2019-12-09T02:19:46.488+0000][1][gc,heap      ] GC(30) ParNew: 71686K->442K(78656K)
[2019-12-09T02:19:46.488+0000][1][gc,heap      ] GC(30) CMS: 69527K->69551K(174784K)
[2019-12-09T02:19:46.488+0000][1][gc,metaspace ] GC(30) Metaspace: 68963K->68963K(1112064K)
[2019-12-09T02:19:46.488+0000][1][gc           ] GC(30) Pause Young (Allocation Failure) 137M->68M(247M) 1.919ms
[2019-12-09T02:19:46.488+0000][1][gc,cpu       ] GC(30) User=0.00s Sys=0.00s Real=0.00s
[2019-12-09T02:19:46.488+0000][1][safepoint    ] Leaving safepoint region
[2019-12-09T02:19:46.488+0000][1][safepoint    ] Total time for which application threads were stopped: 0.0020590 seconds, Stopping threads took: 0.0000178 seconds
[2019-12-09T02:19:47.488+0000][1][safepoint    ] Application time: 1.0000872 seconds
[2019-12-09T02:19:47.488+0000][1][safepoint    ] Entering safepoint region: Cleanup
[2019-12-09T02:19:47.488+0000][1][safepoint    ] Leaving safepoint region
[2019-12-09T02:19:47.488+0000][1][safepoint    ] Total time for which application threads were stopped: 0.0000671 seconds, Stopping threads took: 0.0000175 seconds
[2019-12-09T02:19:48.488+0000][1][safepoint    ] Application time: 1.0000768 seconds
[2019-12-09T02:19:48.488+0000][1][safepoint    ] Entering safepoint region: Cleanup
[2019-12-09T02:19:48.488+0000][1][safepoint    ] Leaving safepoint region
[2019-12-09T02:19:48.488+0000][1][safepoint    ] Total time for which application threads were stopped: 0.0000645 seconds, Stopping threads took: 0.0000167 seconds
[2019-12-09T02:19:49.488+0000][1][safepoint    ] Application time: 1.0000748 seconds
[2019-12-09T02:19:49.489+0000][1][safepoint    ] Entering safepoint region: Cleanup
[2019-12-09T02:19:49.489+0000][1][safepoint    ] Leaving safepoint region
[2019-12-09T02:19:49.489+0000][1][safepoint    ] Total time for which application threads were stopped: 0.0000644 seconds, Stopping threads took: 0.0000172 seconds
[2019-12-09T02:19:50.489+0000][1][safepoint    ] Application time: 1.0000758 seconds
[2019-12-09T02:19:50.489+0000][1][safepoint    ] Entering safepoint region: Cleanup
[2019-12-09T02:19:50.489+0000][1][safepoint    ] Leaving safepoint region
[2019-12-09T02:19:50.489+0000][1][safepoint    ] Total time for which application threads were stopped: 0.0000638 seconds, Stopping threads took: 0.0000170 seconds
[2019-12-09T02:19:51.489+0000][1][safepoint    ] Application time: 1.0000746 seconds
[2019-12-09T02:19:51.489+0000][1][safepoint    ] Entering safepoint region: Cleanup
[2019-12-09T02:19:51.489+0000][1][safepoint    ] Leaving safepoint region
[2019-12-09T02:19:51.489+0000][1][safepoint    ] Total time for which application threads were stopped: 0.0000637 seconds, Stopping threads took: 0.0000165 seconds
[2019-12-09T02:19:52.494+0000][1][safepoint    ] Application time: 1.0050824 seconds
[2019-12-09T02:19:52.494+0000][1][safepoint    ] Entering safepoint region: Cleanup
[2019-12-09T02:19:52.494+0000][1][safepoint    ] Leaving safepoint region
[2019-12-09T02:19:52.494+0000][1][safepoint    ] Total time for which application threads were stopped: 0.0000802 seconds, Stopping threads took: 0.0000172 seconds
[2019-12-09T02:19:53.494+0000][1][safepoint    ] Application time: 1.0000761 seconds
[2019-12-09T02:19:53.494+0000][1][safepoint    ] Entering safepoint region: Cleanup
[2019-12-09T02:19:53.494+0000][1][safepoint    ] Leaving safepoint region
[2019-12-09T02:19:53.494+0000][1][safepoint    ] Total time for which application threads were stopped: 0.0000673 seconds, Stopping threads took: 0.0000194 seconds
[2019-12-09T02:19:54.494+0000][1][safepoint    ] Application time: 1.0000752 seconds
[2019-12-09T02:19:54.494+0000][1][safepoint    ] Entering safepoint region: Cleanup
[2019-12-09T02:19:54.495+0000][1][safepoint    ] Leaving safepoint region
[2019-12-09T02:19:54.495+0000][1][safepoint    ] Total time for which application threads were stopped: 0.0000634 seconds, Stopping threads took: 0.0000155 seconds
[2019-12-09T02:19:55.495+0000][1][safepoint    ] Application time: 1.0000762 seconds
[2019-12-09T02:19:55.495+0000][1][safepoint    ] Entering safepoint region: Cleanup
[2019-12-09T02:19:55.495+0000][1][safepoint    ] Leaving safepoint region
[2019-12-09T02:19:55.495+0000][1][safepoint    ] Total time for which application threads were stopped: 0.0000802 seconds, Stopping threads took: 0.0000170 seconds
[2019-12-09T02:19:56.495+0000][1][safepoint    ] Application time: 1.0000723 seconds
[2019-12-09T02:19:56.495+0000][1][safepoint    ] Entering safepoint region: Cleanup
[2019-12-09T02:19:56.495+0000][1][safepoint    ] Leaving safepoint region
[2019-12-09T02:19:56.495+0000][1][safepoint    ] Total time for which application threads were stopped: 0.0000599 seconds, Stopping threads took: 0.0000153 seconds
[2019-12-09T02:19:57.495+0000][1][safepoint    ] Application time: 1.0000772 seconds
[2019-12-09T02:19:57.495+0000][1][safepoint    ] Entering safepoint region: Cleanup
[2019-12-09T02:19:57.495+0000][1][safepoint    ] Leaving safepoint region
[2019-12-09T02:19:57.495+0000][1][safepoint    ] Total time for which application threads were stopped: 0.0000670 seconds, Stopping threads took: 0.0000182 seconds
[2019-12-09T02:19:58.495+0000][1][safepoint    ] Application time: 1.0000757 seconds
[2019-12-09T02:19:58.495+0000][1][safepoint    ] Entering safepoint region: Cleanup
[2019-12-09T02:19:58.495+0000][1][safepoint    ] Leaving safepoint region
[2019-12-09T02:19:58.495+0000][1][safepoint    ] Total time for which application threads were stopped: 0.0000674 seconds, Stopping threads took: 0.0000182 seconds
[2019-12-09T02:19:59.495+0000][1][safepoint    ] Application time: 1.0000747 seconds
[2019-12-09T02:19:59.495+0000][1][safepoint    ] Entering safepoint region: Cleanup
[2019-12-09T02:19:59.495+0000][1][safepoint    ] Leaving safepoint region
[2019-12-09T02:19:59.495+0000][1][safepoint    ] Total time for which application threads were stopped: 0.0000643 seconds, Stopping threads took: 0.0000169 seconds
[2019-12-09T02:20:00.496+0000][1][safepoint    ] Application time: 1.0000755 seconds
[2019-12-09T02:20:00.496+0000][1][safepoint    ] Entering safepoint region: Cleanup
[2019-12-09T02:20:00.496+0000][1][safepoint    ] Leaving safepoint region
[2019-12-09T02:20:00.496+0000][1][safepoint    ] Total time for which application threads were stopped: 0.0000676 seconds, Stopping threads took: 0.0000169 seconds
[2019-12-09T02:20:01.496+0000][1][safepoint    ] Application time: 1.0002571 seconds
[2019-12-09T02:20:01.496+0000][1][safepoint    ] Entering safepoint region: Cleanup
[2019-12-09T02:20:01.496+0000][1][safepoint    ] Leaving safepoint region
[2019-12-09T02:20:01.496+0000][1][safepoint    ] Total time for which application threads were stopped: 0.0000852 seconds, Stopping threads took: 0.0000236 seconds
[2019-12-09T02:20:02.496+0000][1][safepoint    ] Application time: 1.0000915 seconds
[2019-12-09T02:20:02.496+0000][1][safepoint    ] Entering safepoint region: Cleanup
[2019-12-09T02:20:02.496+0000][1][safepoint    ] Leaving safepoint region
[2019-12-09T02:20:02.496+0000][1][safepoint    ] Total time for which application threads were stopped: 0.0000738 seconds, Stopping threads took: 0.0000180 seconds
[2019-12-09T02:20:03.496+0000][1][safepoint    ] Application time: 1.0000761 seconds
[2019-12-09T02:20:03.496+0000][1][safepoint    ] Entering safepoint region: Cleanup
[2019-12-09T02:20:03.496+0000][1][safepoint    ] Leaving safepoint region
[2019-12-09T02:20:03.496+0000][1][safepoint    ] Total time for which application threads were stopped: 0.0000671 seconds, Stopping threads took: 0.0000191 seconds
[2019-12-09T02:20:04.496+0000][1][safepoint    ] Application time: 1.0000767 seconds
[2019-12-09T02:20:04.497+0000][1][safepoint    ] Entering safepoint region: Cleanup
[2019-12-09T02:20:04.497+0000][1][safepoint    ] Leaving safepoint region
[2019-12-09T02:20:04.497+0000][1][safepoint    ] Total time for which application threads were stopped: 0.0000672 seconds, Stopping threads took: 0.0000179 seconds
[2019-12-09T02:20:05.497+0000][1][safepoint    ] Application time: 1.0000857 seconds
[2019-12-09T02:20:05.497+0000][1][safepoint    ] Entering safepoint region: Cleanup
[2019-12-09T02:20:05.497+0000][1][safepoint    ] Leaving safepoint region
[2019-12-09T02:20:05.497+0000][1][safepoint    ] Total time for which application threads were stopped: 0.0000656 seconds, Stopping threads took: 0.0000169 seconds
[2019-12-09T02:20:06.497+0000][1][safepoint    ] Application time: 1.0000872 seconds
[2019-12-09T02:20:06.497+0000][1][safepoint    ] Entering safepoint region: Cleanup
[2019-12-09T02:20:06.497+0000][1][safepoint    ] Leaving safepoint region
[2019-12-09T02:20:06.497+0000][1][safepoint    ] Total time for which application threads were stopped: 0.0001075 seconds, Stopping threads took: 0.0000477 seconds
[2019-12-09T02:20:07.497+0000][1][safepoint    ] Application time: 1.0000851 seconds
[2019-12-09T02:20:07.497+0000][1][safepoint    ] Entering safepoint region: Cleanup
[2019-12-09T02:20:07.497+0000][1][safepoint    ] Leaving safepoint region
[2019-12-09T02:20:07.497+0000][1][safepoint    ] Total time for which application threads were stopped: 0.0000678 seconds, Stopping threads took: 0.0000169 seconds
[2019-12-09T02:20:08.497+0000][1][safepoint    ] Application time: 1.0000754 seconds
[2019-12-09T02:20:08.497+0000][1][safepoint    ] Entering safepoint region: Cleanup
[2019-12-09T02:20:08.497+0000][1][safepoint    ] Leaving safepoint region
[2019-12-09T02:20:08.497+0000][1][safepoint    ] Total time for which application threads were stopped: 0.0000644 seconds, Stopping threads took: 0.0000174 seconds
[2019-12-09T02:20:09.498+0000][1][safepoint    ] Application time: 1.0000760 seconds
[2019-12-09T02:20:09.498+0000][1][safepoint    ] Entering safepoint region: Cleanup
[2019-12-09T02:20:09.498+0000][1][safepoint    ] Leaving safepoint region
[2019-12-09T02:20:09.498+0000][1][safepoint    ] Total time for which application threads were stopped: 0.0000645 seconds, Stopping threads took: 0.0000169 seconds
[2019-12-09T02:20:10.498+0000][1][safepoint    ] Application time: 1.0000846 seconds
[2019-12-09T02:20:10.498+0000][1][safepoint    ] Entering safepoint region: Cleanup
[2019-12-09T02:20:10.498+0000][1][safepoint    ] Leaving safepoint region
[2019-12-09T02:20:10.498+0000][1][safepoint    ] Total time for which application threads were stopped: 0.0000658 seconds, Stopping threads took: 0.0000172 seconds
[2019-12-09T02:20:11.498+0000][1][safepoint    ] Application time: 1.0000825 seconds
[2019-12-09T02:20:11.498+0000][1][safepoint    ] Entering safepoint region: Cleanup
[2019-12-09T02:20:11.498+0000][1][safepoint    ] Leaving safepoint region
[2019-12-09T02:20:11.498+0000][1][safepoint    ] Total time for which application threads were stopped: 0.0001042 seconds, Stopping threads took: 0.0000458 seconds
[2019-12-09T02:20:12.498+0000][1][safepoint    ] Application time: 1.0000868 seconds
[2019-12-09T02:20:12.498+0000][1][safepoint    ] Entering safepoint region: Cleanup
[2019-12-09T02:20:12.498+0000][1][safepoint    ] Leaving safepoint region
[2019-12-09T02:20:12.498+0000][1][safepoint    ] Total time for which application threads were stopped: 0.0000844 seconds, Stopping threads took: 0.0000173 seconds
[2019-12-09T02:20:13.498+0000][1][safepoint    ] Application time: 1.0000756 seconds
[2019-12-09T02:20:13.498+0000][1][safepoint    ] Entering safepoint region: Cleanup
[2019-12-09T02:20:13.498+0000][1][safepoint    ] Leaving safepoint region
[2019-12-09T02:20:13.498+0000][1][safepoint    ] Total time for which application threads were stopped: 0.0000657 seconds, Stopping threads took: 0.0000179 seconds
[2019-12-09T02:20:14.499+0000][1][safepoint    ] Application time: 1.0000759 seconds
[2019-12-09T02:20:14.499+0000][1][safepoint    ] Entering safepoint region: Cleanup
[2019-12-09T02:20:14.499+0000][1][safepoint    ] Leaving safepoint region
[2019-12-09T02:20:14.499+0000][1][safepoint    ] Total time for which application threads were stopped: 0.0000635 seconds, Stopping threads took: 0.0000165 seconds
[2019-12-09T02:20:15.499+0000][1][safepoint    ] Application time: 1.0000745 seconds
[2019-12-09T02:20:15.499+0000][1][safepoint    ] Entering safepoint region: Cleanup
[2019-12-09T02:20:15.499+0000][1][safepoint    ] Leaving safepoint region
[2019-12-09T02:20:15.499+0000][1][safepoint    ] Total time for which application threads were stopped: 0.0000690 seconds, Stopping threads took: 0.0000217 seconds
[2019-12-09T02:20:16.499+0000][1][safepoint    ] Application time: 1.0000763 seconds
[2019-12-09T02:20:16.499+0000][1][safepoint    ] Entering safepoint region: Cleanup
[2019-12-09T02:20:16.499+0000][1][safepoint    ] Leaving safepoint region
[2019-12-09T02:20:16.499+0000][1][safepoint    ] Total time for which application threads were stopped: 0.0000686 seconds, Stopping threads took: 0.0000186 seconds
[2019-12-09T02:20:17.499+0000][1][safepoint    ] Application time: 1.0000767 seconds
[2019-12-09T02:20:17.499+0000][1][safepoint    ] Entering safepoint region: Cleanup
[2019-12-09T02:20:17.499+0000][1][safepoint    ] Leaving safepoint region
[2019-12-09T02:20:17.499+0000][1][safepoint    ] Total time for which application threads were stopped: 0.0000694 seconds, Stopping threads took: 0.0000189 seconds
[2019-12-09T02:20:18.499+0000][1][safepoint    ] Application time: 1.0000753 seconds
[2019-12-09T02:20:18.499+0000][1][safepoint    ] Entering safepoint region: Cleanup
[2019-12-09T02:20:18.499+0000][1][safepoint    ] Leaving safepoint region
[2019-12-09T02:20:18.499+0000][1][safepoint    ] Total time for which application threads were stopped: 0.0000796 seconds, Stopping threads took: 0.0000170 seconds
[2019-12-09T02:20:19.499+0000][1][safepoint    ] Application time: 1.0000759 seconds
[2019-12-09T02:20:19.500+0000][1][safepoint    ] Entering safepoint region: Cleanup
[2019-12-09T02:20:19.500+0000][1][safepoint    ] Leaving safepoint region
[2019-12-09T02:20:19.500+0000][1][safepoint    ] Total time for which application threads were stopped: 0.0000637 seconds, Stopping threads took: 0.0000162 seconds
[2019-12-09T02:20:20.500+0000][1][safepoint    ] Application time: 1.0000776 seconds
[2019-12-09T02:20:20.500+0000][1][safepoint    ] Entering safepoint region: Cleanup
[2019-12-09T02:20:20.500+0000][1][safepoint    ] Leaving safepoint region
[2019-12-09T02:20:20.500+0000][1][safepoint    ] Total time for which application threads were stopped: 0.0000647 seconds, Stopping threads took: 0.0000172 seconds
[2019-12-09T02:20:21.500+0000][1][safepoint    ] Application time: 1.0000755 seconds
[2019-12-09T02:20:21.500+0000][1][safepoint    ] Entering safepoint region: Cleanup
[2019-12-09T02:20:21.500+0000][1][safepoint    ] Leaving safepoint region
[2019-12-09T02:20:21.500+0000][1][safepoint    ] Total time for which application threads were stopped: 0.0000637 seconds, Stopping threads took: 0.0000162 seconds
[2019-12-09T02:20:22.500+0000][1][safepoint    ] Application time: 1.0000775 seconds
[2019-12-09T02:20:22.500+0000][1][safepoint    ] Entering safepoint region: Cleanup
[2019-12-09T02:20:22.500+0000][1][safepoint    ] Leaving safepoint region
[2019-12-09T02:20:22.500+0000][1][safepoint    ] Total time for which application threads were stopped: 0.0000762 seconds, Stopping threads took: 0.0000261 seconds
[2019-12-09T02:20:23.500+0000][1][safepoint    ] Application time: 1.0000770 seconds
[2019-12-09T02:20:23.500+0000][1][safepoint    ] Entering safepoint region: Cleanup
[2019-12-09T02:20:23.500+0000][1][safepoint    ] Leaving safepoint region
[2019-12-09T02:20:23.500+0000][1][safepoint    ] Total time for which application threads were stopped: 0.0000667 seconds, Stopping threads took: 0.0000161 seconds
[2019-12-09T02:20:24.500+0000][1][safepoint    ] Application time: 1.0000763 seconds
[2019-12-09T02:20:24.500+0000][1][safepoint    ] Entering safepoint region: Cleanup
[2019-12-09T02:20:24.501+0000][1][safepoint    ] Leaving safepoint region
[2019-12-09T02:20:24.501+0000][1][safepoint    ] Total time for which application threads were stopped: 0.0000649 seconds, Stopping threads took: 0.0000173 seconds
[2019-12-09T02:20:25.501+0000][1][safepoint    ] Application time: 1.0000767 seconds
[2019-12-09T02:20:25.501+0000][1][safepoint    ] Entering safepoint region: Cleanup
[2019-12-09T02:20:25.501+0000][1][safepoint    ] Leaving safepoint region
[2019-12-09T02:20:25.501+0000][1][safepoint    ] Total time for which application threads were stopped: 0.0000780 seconds, Stopping threads took: 0.0000173 seconds
[2019-12-09T02:20:26.501+0000][1][safepoint    ] Application time: 1.0000763 seconds
[2019-12-09T02:20:26.501+0000][1][safepoint    ] Entering safepoint region: Cleanup
[2019-12-09T02:20:26.501+0000][1][safepoint    ] Leaving safepoint region
[2019-12-09T02:20:26.501+0000][1][safepoint    ] Total time for which application threads were stopped: 0.0000663 seconds, Stopping threads took: 0.0000176 seconds
[2019-12-09T02:20:27.501+0000][1][safepoint    ] Application time: 1.0000744 seconds
[2019-12-09T02:20:27.501+0000][1][safepoint    ] Entering safepoint region: Cleanup
[2019-12-09T02:20:27.501+0000][1][safepoint    ] Leaving safepoint region
[2019-12-09T02:20:27.501+0000][1][safepoint    ] Total time for which application threads were stopped: 0.0000639 seconds, Stopping threads took: 0.0000182 seconds
[2019-12-09T02:20:28.501+0000][1][safepoint    ] Application time: 1.0000771 seconds
[2019-12-09T02:20:28.501+0000][1][safepoint    ] Entering safepoint region: Cleanup
[2019-12-09T02:20:28.501+0000][1][safepoint    ] Leaving safepoint region
[2019-12-09T02:20:28.501+0000][1][safepoint    ] Total time for which application threads were stopped: 0.0000650 seconds, Stopping threads took: 0.0000175 seconds
[2019-12-09T02:20:29.501+0000][1][safepoint    ] Application time: 1.0000807 seconds
[2019-12-09T02:20:29.501+0000][1][safepoint    ] Entering safepoint region: Cleanup
[2019-12-09T02:20:29.501+0000][1][safepoint    ] Leaving safepoint region
[2019-12-09T02:20:29.501+0000][1][safepoint    ] Total time for which application threads were stopped: 0.0000674 seconds, Stopping threads took: 0.0000174 seconds
[2019-12-09T02:20:30.502+0000][1][safepoint    ] Application time: 1.0000772 seconds
[2019-12-09T02:20:30.502+0000][1][safepoint    ] Entering safepoint region: Cleanup
[2019-12-09T02:20:30.502+0000][1][safepoint    ] Leaving safepoint region
[2019-12-09T02:20:30.502+0000][1][safepoint    ] Total time for which application threads were stopped: 0.0000655 seconds, Stopping threads took: 0.0000180 seconds
[2019-12-09T02:20:31.502+0000][1][safepoint    ] Application time: 1.0000776 seconds
[2019-12-09T02:20:31.502+0000][1][safepoint    ] Entering safepoint region: Cleanup
[2019-12-09T02:20:31.502+0000][1][safepoint    ] Leaving safepoint region
[2019-12-09T02:20:31.502+0000][1][safepoint    ] Total time for which application threads were stopped: 0.0000654 seconds, Stopping threads took: 0.0000179 seconds
[2019-12-09T02:20:32.502+0000][1][safepoint    ] Application time: 1.0000774 seconds
[2019-12-09T02:20:32.502+0000][1][safepoint    ] Entering safepoint region: Cleanup
[2019-12-09T02:20:32.502+0000][1][safepoint    ] Leaving safepoint region
[2019-12-09T02:20:32.502+0000][1][safepoint    ] Total time for which application threads were stopped: 0.0000666 seconds, Stopping threads took: 0.0000180 seconds
[2019-12-09T02:20:33.502+0000][1][safepoint    ] Application time: 1.0000783 seconds
[2019-12-09T02:20:33.502+0000][1][safepoint    ] Entering safepoint region: Cleanup
[2019-12-09T02:20:33.502+0000][1][safepoint    ] Leaving safepoint region
[2019-12-09T02:20:33.502+0000][1][safepoint    ] Total time for which application threads were stopped: 0.0000658 seconds, Stopping threads took: 0.0000169 seconds
[2019-12-09T02:20:34.502+0000][1][safepoint    ] Application time: 1.0000769 seconds
[2019-12-09T02:20:34.502+0000][1][safepoint    ] Entering safepoint region: Cleanup
[2019-12-09T02:20:34.502+0000][1][safepoint    ] Leaving safepoint region
[2019-12-09T02:20:34.502+0000][1][safepoint    ] Total time for which application threads were stopped: 0.0000656 seconds, Stopping threads took: 0.0000176 seconds
[2019-12-09T02:20:35.502+0000][1][safepoint    ] Application time: 1.0000774 seconds
[2019-12-09T02:20:35.503+0000][1][safepoint    ] Entering safepoint region: Cleanup
[2019-12-09T02:20:35.503+0000][1][safepoint    ] Leaving safepoint region
[2019-12-09T02:20:35.503+0000][1][safepoint    ] Total time for which application threads were stopped: 0.0000642 seconds, Stopping threads took: 0.0000164 seconds
[2019-12-09T02:20:36.503+0000][1][safepoint    ] Application time: 1.0000748 seconds
[2019-12-09T02:20:36.503+0000][1][safepoint    ] Entering safepoint region: Cleanup
[2019-12-09T02:20:36.503+0000][1][safepoint    ] Leaving safepoint region
[2019-12-09T02:20:36.503+0000][1][safepoint    ] Total time for which application threads were stopped: 0.0000649 seconds, Stopping threads took: 0.0000164 seconds
[2019-12-09T02:20:36.507+0000][1][safepoint    ] Application time: 0.0039622 seconds
[2019-12-09T02:20:36.507+0000][1][safepoint    ] Entering safepoint region: RevokeBias
[2019-12-09T02:20:36.507+0000][1][safepoint    ] Leaving safepoint region
[2019-12-09T02:20:36.507+0000][1][safepoint    ] Total time for which application threads were stopped: 0.0000902 seconds, Stopping threads took: 0.0000130 seconds
[2019-12-09T02:20:37.507+0000][1][safepoint    ] Application time: 1.0000862 seconds
[2019-12-09T02:20:37.507+0000][1][safepoint    ] Entering safepoint region: Cleanup
[2019-12-09T02:20:37.507+0000][1][safepoint    ] Leaving safepoint region
[2019-12-09T02:20:37.507+0000][1][safepoint    ] Total time for which application threads were stopped: 0.0000687 seconds, Stopping threads took: 0.0000164 seconds
[2019-12-09T02:20:38.507+0000][1][safepoint    ] Application time: 1.0000744 seconds
[2019-12-09T02:20:38.507+0000][1][safepoint    ] Entering safepoint region: Cleanup
[2019-12-09T02:20:38.507+0000][1][safepoint    ] Leaving safepoint region
[2019-12-09T02:20:38.507+0000][1][safepoint    ] Total time for which application threads were stopped: 0.0000665 seconds, Stopping threads took: 0.0000179 seconds
[2019-12-09T02:20:39.507+0000][1][safepoint    ] Application time: 1.0000765 seconds
[2019-12-09T02:20:39.507+0000][1][safepoint    ] Entering safepoint region: Cleanup
[2019-12-09T02:20:39.507+0000][1][safepoint    ] Leaving safepoint region
[2019-12-09T02:20:39.507+0000][1][safepoint    ] Total time for which application threads were stopped: 0.0000660 seconds, Stopping threads took: 0.0000168 seconds
[2019-12-09T02:20:40.508+0000][1][safepoint    ] Application time: 1.0000764 seconds
[2019-12-09T02:20:40.508+0000][1][safepoint    ] Entering safepoint region: Cleanup
[2019-12-09T02:20:40.508+0000][1][safepoint    ] Leaving safepoint region
[2019-12-09T02:20:40.508+0000][1][safepoint    ] Total time for which application threads were stopped: 0.0000723 seconds, Stopping threads took: 0.0000221 seconds
[2019-12-09T02:20:41.508+0000][1][safepoint    ] Application time: 1.0000744 seconds
[2019-12-09T02:20:41.508+0000][1][safepoint    ] Entering safepoint region: Cleanup
[2019-12-09T02:20:41.508+0000][1][safepoint    ] Leaving safepoint region
[2019-12-09T02:20:41.508+0000][1][safepoint    ] Total time for which application threads were stopped: 0.0000642 seconds, Stopping threads took: 0.0000168 seconds
[2019-12-09T02:20:42.508+0000][1][safepoint    ] Application time: 1.0000757 seconds
[2019-12-09T02:20:42.508+0000][1][safepoint    ] Entering safepoint region: Cleanup
[2019-12-09T02:20:42.508+0000][1][safepoint    ] Leaving safepoint region
[2019-12-09T02:20:42.508+0000][1][safepoint    ] Total time for which application threads were stopped: 0.0000650 seconds, Stopping threads took: 0.0000169 seconds
[2019-12-09T02:20:43.508+0000][1][safepoint    ] Application time: 1.0000767 seconds
[2019-12-09T02:20:43.508+0000][1][safepoint    ] Entering safepoint region: Cleanup
[2019-12-09T02:20:43.508+0000][1][safepoint    ] Leaving safepoint region
[2019-12-09T02:20:43.508+0000][1][safepoint    ] Total time for which application threads were stopped: 0.0000654 seconds, Stopping threads took: 0.0000166 seconds
[2019-12-09T02:20:44.508+0000][1][safepoint    ] Application time: 1.0000754 seconds
[2019-12-09T02:20:44.508+0000][1][safepoint    ] Entering safepoint region: Cleanup
[2019-12-09T02:20:44.508+0000][1][safepoint    ] Leaving safepoint region
[2019-12-09T02:20:44.508+0000][1][safepoint    ] Total time for which application threads were stopped: 0.0000663 seconds, Stopping threads took: 0.0000171 seconds
[2019-12-09T02:20:45.508+0000][1][safepoint    ] Application time: 1.0000767 seconds
[2019-12-09T02:20:45.508+0000][1][safepoint    ] Entering safepoint region: Cleanup
[2019-12-09T02:20:45.509+0000][1][safepoint    ] Leaving safepoint region
[2019-12-09T02:20:45.509+0000][1][safepoint    ] Total time for which application threads were stopped: 0.0000655 seconds, Stopping threads took: 0.0000173 seconds
[2019-12-09T02:20:46.509+0000][1][safepoint    ] Application time: 1.0000766 seconds
[2019-12-09T02:20:46.509+0000][1][safepoint    ] Entering safepoint region: Cleanup
[2019-12-09T02:20:46.509+0000][1][safepoint    ] Leaving safepoint region
[2019-12-09T02:20:46.509+0000][1][safepoint    ] Total time for which application threads were stopped: 0.0000772 seconds, Stopping threads took: 0.0000271 seconds
[2019-12-09T02:20:47.509+0000][1][safepoint    ] Application time: 1.0000759 seconds
[2019-12-09T02:20:47.509+0000][1][safepoint    ] Entering safepoint region: Cleanup
[2019-12-09T02:20:47.509+0000][1][safepoint    ] Leaving safepoint region
[2019-12-09T02:20:47.509+0000][1][safepoint    ] Total time for which application threads were stopped: 0.0000672 seconds, Stopping threads took: 0.0000187 seconds
[2019-12-09T02:20:48.509+0000][1][safepoint    ] Application time: 1.0000774 seconds
[2019-12-09T02:20:48.509+0000][1][safepoint    ] Entering safepoint region: Cleanup
[2019-12-09T02:20:48.509+0000][1][safepoint    ] Leaving safepoint region
[2019-12-09T02:20:48.509+0000][1][safepoint    ] Total time for which application threads were stopped: 0.0000681 seconds, Stopping threads took: 0.0000181 seconds
[2019-12-09T02:20:49.509+0000][1][safepoint    ] Application time: 1.0000767 seconds
[2019-12-09T02:20:49.509+0000][1][safepoint    ] Entering safepoint region: Cleanup
[2019-12-09T02:20:49.509+0000][1][safepoint    ] Leaving safepoint region
[2019-12-09T02:20:49.509+0000][1][safepoint    ] Total time for which application threads were stopped: 0.0000655 seconds, Stopping threads took: 0.0000168 seconds
[2019-12-09T02:20:50.509+0000][1][safepoint    ] Application time: 1.0000762 seconds
[2019-12-09T02:20:50.509+0000][1][safepoint    ] Entering safepoint region: Cleanup
[2019-12-09T02:20:50.509+0000][1][safepoint    ] Leaving safepoint region
[2019-12-09T02:20:50.509+0000][1][safepoint    ] Total time for which application threads were stopped: 0.0000641 seconds, Stopping threads took: 0.0000167 seconds
[2019-12-09T02:20:51.510+0000][1][safepoint    ] Application time: 1.0000765 seconds
[2019-12-09T02:20:51.510+0000][1][safepoint    ] Entering safepoint region: Cleanup
[2019-12-09T02:20:51.510+0000][1][safepoint    ] Leaving safepoint region
[2019-12-09T02:20:51.510+0000][1][safepoint    ] Total time for which application threads were stopped: 0.0000762 seconds, Stopping threads took: 0.0000170 seconds
[2019-12-09T02:20:52.510+0000][1][safepoint    ] Application time: 1.0000754 seconds
[2019-12-09T02:20:52.510+0000][1][safepoint    ] Entering safepoint region: Cleanup
[2019-12-09T02:20:52.510+0000][1][safepoint    ] Leaving safepoint region
[2019-12-09T02:20:52.510+0000][1][safepoint    ] Total time for which application threads were stopped: 0.0000735 seconds, Stopping threads took: 0.0000254 seconds
[2019-12-09T02:20:53.510+0000][1][safepoint    ] Application time: 1.0000751 seconds
[2019-12-09T02:20:53.510+0000][1][safepoint    ] Entering safepoint region: Cleanup
[2019-12-09T02:20:53.510+0000][1][safepoint    ] Leaving safepoint region
[2019-12-09T02:20:53.510+0000][1][safepoint    ] Total time for which application threads were stopped: 0.0000682 seconds, Stopping threads took: 0.0000189 seconds
[2019-12-09T02:20:54.510+0000][1][safepoint    ] Application time: 1.0000747 seconds
[2019-12-09T02:20:54.510+0000][1][safepoint    ] Entering safepoint region: Cleanup
[2019-12-09T02:20:54.510+0000][1][safepoint    ] Leaving safepoint region
[2019-12-09T02:20:54.510+0000][1][safepoint    ] Total time for which application threads were stopped: 0.0000652 seconds, Stopping threads took: 0.0000174 seconds
[2019-12-09T02:20:55.510+0000][1][safepoint    ] Application time: 1.0000763 seconds
[2019-12-09T02:20:55.510+0000][1][safepoint    ] Entering safepoint region: Cleanup
[2019-12-09T02:20:55.510+0000][1][safepoint    ] Leaving safepoint region
[2019-12-09T02:20:55.510+0000][1][safepoint    ] Total time for which application threads were stopped: 0.0000645 seconds, Stopping threads took: 0.0000169 seconds
[2019-12-09T02:20:56.511+0000][1][safepoint    ] Application time: 1.0000774 seconds
[2019-12-09T02:20:56.511+0000][1][safepoint    ] Entering safepoint region: Cleanup
[2019-12-09T02:20:56.511+0000][1][safepoint    ] Leaving safepoint region
[2019-12-09T02:20:56.511+0000][1][safepoint    ] Total time for which application threads were stopped: 0.0000676 seconds, Stopping threads took: 0.0000180 seconds
[2019-12-09T02:20:57.559+0000][1][safepoint    ] Application time: 1.0482591 seconds
[2019-12-09T02:20:57.559+0000][1][safepoint    ] Entering safepoint region: Cleanup
[2019-12-09T02:20:57.559+0000][1][safepoint    ] Leaving safepoint region
[2019-12-09T02:20:57.559+0000][1][safepoint    ] Total time for which application threads were stopped: 0.0000721 seconds, Stopping threads took: 0.0000178 seconds
[2019-12-09T02:20:58.559+0000][1][safepoint    ] Application time: 1.0000779 seconds
[2019-12-09T02:20:58.559+0000][1][safepoint    ] Entering safepoint region: Cleanup
[2019-12-09T02:20:58.559+0000][1][safepoint    ] Leaving safepoint region
[2019-12-09T02:20:58.559+0000][1][safepoint    ] Total time for which application threads were stopped: 0.0000678 seconds, Stopping threads took: 0.0000184 seconds
[2019-12-09T02:20:59.559+0000][1][safepoint    ] Application time: 1.0000768 seconds
[2019-12-09T02:20:59.559+0000][1][safepoint    ] Entering safepoint region: Cleanup
[2019-12-09T02:20:59.559+0000][1][safepoint    ] Leaving safepoint region
[2019-12-09T02:20:59.559+0000][1][safepoint    ] Total time for which application threads were stopped: 0.0000683 seconds, Stopping threads took: 0.0000184 seconds
[2019-12-09T02:21:00.559+0000][1][safepoint    ] Application time: 1.0000769 seconds
[2019-12-09T02:21:00.560+0000][1][safepoint    ] Entering safepoint region: Cleanup
[2019-12-09T02:21:00.560+0000][1][safepoint    ] Leaving safepoint region
[2019-12-09T02:21:00.560+0000][1][safepoint    ] Total time for which application threads were stopped: 0.0000670 seconds, Stopping threads took: 0.0000172 seconds
[2019-12-09T02:21:01.560+0000][1][safepoint    ] Application time: 1.0000808 seconds
[2019-12-09T02:21:01.560+0000][1][safepoint    ] Entering safepoint region: Cleanup
[2019-12-09T02:21:01.560+0000][1][safepoint    ] Leaving safepoint region
[2019-12-09T02:21:01.560+0000][1][safepoint    ] Total time for which application threads were stopped: 0.0000736 seconds, Stopping threads took: 0.0000174 seconds
[2019-12-09T02:21:02.560+0000][1][safepoint    ] Application time: 1.0000806 seconds
[2019-12-09T02:21:02.560+0000][1][safepoint    ] Entering safepoint region: Cleanup
[2019-12-09T02:21:02.560+0000][1][safepoint    ] Leaving safepoint region
[2019-12-09T02:21:02.560+0000][1][safepoint    ] Total time for which application threads were stopped: 0.0000682 seconds, Stopping threads took: 0.0000183 seconds
[2019-12-09T02:21:03.560+0000][1][safepoint    ] Application time: 1.0000782 seconds
[2019-12-09T02:21:03.560+0000][1][safepoint    ] Entering safepoint region: Cleanup
[2019-12-09T02:21:03.560+0000][1][safepoint    ] Leaving safepoint region
[2019-12-09T02:21:03.560+0000][1][safepoint    ] Total time for which application threads were stopped: 0.0000681 seconds, Stopping threads took: 0.0000184 seconds
[2019-12-09T02:21:04.560+0000][1][safepoint    ] Application time: 1.0000771 seconds
[2019-12-09T02:21:04.560+0000][1][safepoint    ] Entering safepoint region: Cleanup
[2019-12-09T02:21:04.560+0000][1][safepoint    ] Leaving safepoint region
[2019-12-09T02:21:04.560+0000][1][safepoint    ] Total time for which application threads were stopped: 0.0000649 seconds, Stopping threads took: 0.0000168 seconds
[2019-12-09T02:21:05.560+0000][1][safepoint    ] Application time: 1.0000767 seconds
[2019-12-09T02:21:05.560+0000][1][safepoint    ] Entering safepoint region: Cleanup
[2019-12-09T02:21:05.561+0000][1][safepoint    ] Leaving safepoint region
[2019-12-09T02:21:05.561+0000][1][safepoint    ] Total time for which application threads were stopped: 0.0000640 seconds, Stopping threads took: 0.0000166 seconds
[2019-12-09T02:21:06.561+0000][1][safepoint    ] Application time: 1.0000764 seconds
[2019-12-09T02:21:06.561+0000][1][safepoint    ] Entering safepoint region: Cleanup
[2019-12-09T02:21:06.561+0000][1][safepoint    ] Leaving safepoint region
[2019-12-09T02:21:06.561+0000][1][safepoint    ] Total time for which application threads were stopped: 0.0000737 seconds, Stopping threads took: 0.0000249 seconds
[2019-12-09T02:21:07.561+0000][1][safepoint    ] Application time: 1.0000791 seconds
[2019-12-09T02:21:07.561+0000][1][safepoint    ] Entering safepoint region: Cleanup
[2019-12-09T02:21:07.561+0000][1][safepoint    ] Leaving safepoint region
[2019-12-09T02:21:07.561+0000][1][safepoint    ] Total time for which application threads were stopped: 0.0000685 seconds, Stopping threads took: 0.0000175 seconds
[2019-12-09T02:21:08.561+0000][1][safepoint    ] Application time: 1.0000789 seconds
[2019-12-09T02:21:08.561+0000][1][safepoint    ] Entering safepoint region: Cleanup
[2019-12-09T02:21:08.561+0000][1][safepoint    ] Leaving safepoint region
[2019-12-09T02:21:08.561+0000][1][safepoint    ] Total time for which application threads were stopped: 0.0000652 seconds, Stopping threads took: 0.0000169 seconds
[2019-12-09T02:21:09.561+0000][1][safepoint    ] Application time: 1.0000753 seconds
[2019-12-09T02:21:09.561+0000][1][safepoint    ] Entering safepoint region: Cleanup
[2019-12-09T02:21:09.561+0000][1][safepoint    ] Leaving safepoint region
[2019-12-09T02:21:09.561+0000][1][safepoint    ] Total time for which application threads were stopped: 0.0000750 seconds, Stopping threads took: 0.0000261 seconds
[2019-12-09T02:21:10.561+0000][1][safepoint    ] Application time: 1.0000780 seconds
[2019-12-09T02:21:10.561+0000][1][safepoint    ] Entering safepoint region: Cleanup
[2019-12-09T02:21:10.561+0000][1][safepoint    ] Leaving safepoint region
[2019-12-09T02:21:10.561+0000][1][safepoint    ] Total time for which application threads were stopped: 0.0000650 seconds, Stopping threads took: 0.0000175 seconds
[2019-12-09T02:21:11.562+0000][1][safepoint    ] Application time: 1.0000830 seconds
[2019-12-09T02:21:11.562+0000][1][safepoint    ] Entering safepoint region: Cleanup
[2019-12-09T02:21:11.562+0000][1][safepoint    ] Leaving safepoint region
[2019-12-09T02:21:11.562+0000][1][safepoint    ] Total time for which application threads were stopped: 0.0000735 seconds, Stopping threads took: 0.0000149 seconds
[2019-12-09T02:21:12.562+0000][1][safepoint    ] Application time: 1.0000770 seconds
[2019-12-09T02:21:12.562+0000][1][safepoint    ] Entering safepoint region: Cleanup
[2019-12-09T02:21:12.562+0000][1][safepoint    ] Leaving safepoint region
[2019-12-09T02:21:12.562+0000][1][safepoint    ] Total time for which application threads were stopped: 0.0000642 seconds, Stopping threads took: 0.0000167 seconds
[2019-12-09T02:21:13.562+0000][1][safepoint    ] Application time: 1.0000748 seconds
[2019-12-09T02:21:13.562+0000][1][safepoint    ] Entering safepoint region: Cleanup
[2019-12-09T02:21:13.562+0000][1][safepoint    ] Leaving safepoint region
[2019-12-09T02:21:13.562+0000][1][safepoint    ] Total time for which application threads were stopped: 0.0000653 seconds, Stopping threads took: 0.0000169 seconds
[2019-12-09T02:21:14.562+0000][1][safepoint    ] Application time: 1.0000755 seconds
[2019-12-09T02:21:14.562+0000][1][safepoint    ] Entering safepoint region: Cleanup
[2019-12-09T02:21:14.562+0000][1][safepoint    ] Leaving safepoint region
[2019-12-09T02:21:14.562+0000][1][safepoint    ] Total time for which application threads were stopped: 0.0000689 seconds, Stopping threads took: 0.0000174 seconds
[2019-12-09T02:21:15.562+0000][1][safepoint    ] Application time: 1.0000765 seconds
[2019-12-09T02:21:15.562+0000][1][safepoint    ] Entering safepoint region: Cleanup
[2019-12-09T02:21:15.562+0000][1][safepoint    ] Leaving safepoint region
[2019-12-09T02:21:15.562+0000][1][safepoint    ] Total time for which application threads were stopped: 0.0000654 seconds, Stopping threads took: 0.0000175 seconds
[2019-12-09T02:21:16.563+0000][1][safepoint    ] Application time: 1.0000756 seconds
[2019-12-09T02:21:16.563+0000][1][safepoint    ] Entering safepoint region: Cleanup
[2019-12-09T02:21:16.563+0000][1][safepoint    ] Leaving safepoint region
[2019-12-09T02:21:16.563+0000][1][safepoint    ] Total time for which application threads were stopped: 0.0000691 seconds, Stopping threads took: 0.0000208 seconds
[2019-12-09T02:21:17.563+0000][1][safepoint    ] Application time: 1.0000770 seconds
[2019-12-09T02:21:17.563+0000][1][safepoint    ] Entering safepoint region: Cleanup
[2019-12-09T02:21:17.563+0000][1][safepoint    ] Leaving safepoint region
[2019-12-09T02:21:17.563+0000][1][safepoint    ] Total time for which application threads were stopped: 0.0000644 seconds, Stopping threads took: 0.0000162 seconds
[2019-12-09T02:21:18.563+0000][1][safepoint    ] Application time: 1.0000763 seconds
[2019-12-09T02:21:18.563+0000][1][safepoint    ] Entering safepoint region: Cleanup
[2019-12-09T02:21:18.563+0000][1][safepoint    ] Leaving safepoint region
[2019-12-09T02:21:18.563+0000][1][safepoint    ] Total time for which application threads were stopped: 0.0000650 seconds, Stopping threads took: 0.0000169 seconds
[2019-12-09T02:21:19.563+0000][1][safepoint    ] Application time: 1.0000762 seconds
[2019-12-09T02:21:19.563+0000][1][safepoint    ] Entering safepoint region: Cleanup
[2019-12-09T02:21:19.563+0000][1][safepoint    ] Leaving safepoint region
[2019-12-09T02:21:19.563+0000][1][safepoint    ] Total time for which application threads were stopped: 0.0000649 seconds, Stopping threads took: 0.0000171 seconds
[2019-12-09T02:21:20.563+0000][1][safepoint    ] Application time: 1.0000767 seconds
[2019-12-09T02:21:20.563+0000][1][safepoint    ] Entering safepoint region: Cleanup
[2019-12-09T02:21:20.563+0000][1][safepoint    ] Leaving safepoint region
[2019-12-09T02:21:20.563+0000][1][safepoint    ] Total time for which application threads were stopped: 0.0000676 seconds, Stopping threads took: 0.0000176 seconds
[2019-12-09T02:21:21.563+0000][1][safepoint    ] Application time: 1.0000767 seconds
[2019-12-09T02:21:21.564+0000][1][safepoint    ] Entering safepoint region: Cleanup
[2019-12-09T02:21:21.564+0000][1][safepoint    ] Leaving safepoint region
[2019-12-09T02:21:21.564+0000][1][safepoint    ] Total time for which application threads were stopped: 0.0000631 seconds, Stopping threads took: 0.0000166 seconds
[2019-12-09T02:21:22.564+0000][1][safepoint    ] Application time: 1.0000776 seconds
[2019-12-09T02:21:22.564+0000][1][safepoint    ] Entering safepoint region: Cleanup
[2019-12-09T02:21:22.564+0000][1][safepoint    ] Leaving safepoint region
[2019-12-09T02:21:22.564+0000][1][safepoint    ] Total time for which application threads were stopped: 0.0000699 seconds, Stopping threads took: 0.0000194 seconds
[2019-12-09T02:21:23.564+0000][1][safepoint    ] Application time: 1.0000762 seconds
[2019-12-09T02:21:23.564+0000][1][safepoint    ] Entering safepoint region: Cleanup
[2019-12-09T02:21:23.564+0000][1][safepoint    ] Leaving safepoint region
[2019-12-09T02:21:23.564+0000][1][safepoint    ] Total time for which application threads were stopped: 0.0000681 seconds, Stopping threads took: 0.0000191 seconds
[2019-12-09T02:21:24.564+0000][1][safepoint    ] Application time: 1.0000757 seconds
[2019-12-09T02:21:24.564+0000][1][safepoint    ] Entering safepoint region: Cleanup
[2019-12-09T02:21:24.564+0000][1][safepoint    ] Leaving safepoint region
[2019-12-09T02:21:24.564+0000][1][safepoint    ] Total time for which application threads were stopped: 0.0000662 seconds, Stopping threads took: 0.0000165 seconds
[2019-12-09T02:21:25.564+0000][1][safepoint    ] Application time: 1.0000762 seconds
[2019-12-09T02:21:25.564+0000][1][safepoint    ] Entering safepoint region: Cleanup
[2019-12-09T02:21:25.564+0000][1][safepoint    ] Leaving safepoint region
[2019-12-09T02:21:25.564+0000][1][safepoint    ] Total time for which application threads were stopped: 0.0000663 seconds, Stopping threads took: 0.0000172 seconds
[2019-12-09T02:21:26.564+0000][1][safepoint    ] Application time: 1.0000754 seconds
[2019-12-09T02:21:26.564+0000][1][safepoint    ] Entering safepoint region: Cleanup
[2019-12-09T02:21:26.564+0000][1][safepoint    ] Leaving safepoint region
[2019-12-09T02:21:26.565+0000][1][safepoint    ] Total time for which application threads were stopped: 0.0000627 seconds, Stopping threads took: 0.0000164 seconds
[2019-12-09T02:21:27.565+0000][1][safepoint    ] Application time: 1.0000770 seconds
[2019-12-09T02:21:27.565+0000][1][safepoint    ] Entering safepoint region: Cleanup
[2019-12-09T02:21:27.565+0000][1][safepoint    ] Leaving safepoint region
[2019-12-09T02:21:27.565+0000][1][safepoint    ] Total time for which application threads were stopped: 0.0000780 seconds, Stopping threads took: 0.0000181 seconds
[2019-12-09T02:21:28.565+0000][1][safepoint    ] Application time: 1.0000751 seconds
[2019-12-09T02:21:28.565+0000][1][safepoint    ] Entering safepoint region: Cleanup
[2019-12-09T02:21:28.565+0000][1][safepoint    ] Leaving safepoint region
[2019-12-09T02:21:28.565+0000][1][safepoint    ] Total time for which application threads were stopped: 0.0000634 seconds, Stopping threads took: 0.0000171 seconds
[2019-12-09T02:21:29.565+0000][1][safepoint    ] Application time: 1.0000744 seconds
[2019-12-09T02:21:29.565+0000][1][safepoint    ] Entering safepoint region: Cleanup
[2019-12-09T02:21:29.565+0000][1][safepoint    ] Leaving safepoint region
[2019-12-09T02:21:29.565+0000][1][safepoint    ] Total time for which application threads were stopped: 0.0000639 seconds, Stopping threads took: 0.0000164 seconds
[2019-12-09T02:21:30.565+0000][1][safepoint    ] Application time: 1.0000770 seconds
[2019-12-09T02:21:30.565+0000][1][safepoint    ] Entering safepoint region: Cleanup
[2019-12-09T02:21:30.565+0000][1][safepoint    ] Leaving safepoint region
[2019-12-09T02:21:30.565+0000][1][safepoint    ] Total time for which application threads were stopped: 0.0000648 seconds, Stopping threads took: 0.0000172 seconds
[2019-12-09T02:21:31.565+0000][1][safepoint    ] Application time: 1.0000764 seconds
[2019-12-09T02:21:31.565+0000][1][safepoint    ] Entering safepoint region: Cleanup
[2019-12-09T02:21:31.565+0000][1][safepoint    ] Leaving safepoint region
[2019-12-09T02:21:31.565+0000][1][safepoint    ] Total time for which application threads were stopped: 0.0000634 seconds, Stopping threads took: 0.0000169 seconds
[2019-12-09T02:21:32.566+0000][1][safepoint    ] Application time: 1.0000814 seconds
[2019-12-09T02:21:32.566+0000][1][safepoint    ] Entering safepoint region: Cleanup
[2019-12-09T02:21:32.566+0000][1][safepoint    ] Leaving safepoint region
[2019-12-09T02:21:32.566+0000][1][safepoint    ] Total time for which application threads were stopped: 0.0000660 seconds, Stopping threads took: 0.0000178 seconds
[2019-12-09T02:21:33.566+0000][1][safepoint    ] Application time: 1.0000751 seconds
[2019-12-09T02:21:33.566+0000][1][safepoint    ] Entering safepoint region: Cleanup
[2019-12-09T02:21:33.566+0000][1][safepoint    ] Leaving safepoint region
[2019-12-09T02:21:33.566+0000][1][safepoint    ] Total time for which application threads were stopped: 0.0000671 seconds, Stopping threads took: 0.0000176 seconds
[2019-12-09T02:21:34.566+0000][1][safepoint    ] Application time: 1.0000753 seconds
[2019-12-09T02:21:34.566+0000][1][safepoint    ] Entering safepoint region: Cleanup
[2019-12-09T02:21:34.566+0000][1][safepoint    ] Leaving safepoint region
[2019-12-09T02:21:34.566+0000][1][safepoint    ] Total time for which application threads were stopped: 0.0000638 seconds, Stopping threads took: 0.0000167 seconds
[2019-12-09T02:21:35.566+0000][1][safepoint    ] Application time: 1.0000742 seconds
[2019-12-09T02:21:35.566+0000][1][safepoint    ] Entering safepoint region: Cleanup
[2019-12-09T02:21:35.566+0000][1][safepoint    ] Leaving safepoint region
[2019-12-09T02:21:35.566+0000][1][safepoint    ] Total time for which application threads were stopped: 0.0000731 seconds, Stopping threads took: 0.0000168 seconds
[2019-12-09T02:21:36.566+0000][1][safepoint    ] Application time: 1.0000767 seconds
[2019-12-09T02:21:36.566+0000][1][safepoint    ] Entering safepoint region: Cleanup
[2019-12-09T02:21:36.566+0000][1][safepoint    ] Leaving safepoint region
[2019-12-09T02:21:36.566+0000][1][safepoint    ] Total time for which application threads were stopped: 0.0000624 seconds, Stopping threads took: 0.0000163 seconds
[2019-12-09T02:21:37.566+0000][1][safepoint    ] Application time: 1.0000772 seconds
[2019-12-09T02:21:37.567+0000][1][safepoint    ] Entering safepoint region: Cleanup
[2019-12-09T02:21:37.567+0000][1][safepoint    ] Leaving safepoint region
[2019-12-09T02:21:37.567+0000][1][safepoint    ] Total time for which application threads were stopped: 0.0000647 seconds, Stopping threads took: 0.0000168 seconds
[2019-12-09T02:21:38.567+0000][1][safepoint    ] Application time: 1.0000791 seconds
[2019-12-09T02:21:38.567+0000][1][safepoint    ] Entering safepoint region: Cleanup
[2019-12-09T02:21:38.567+0000][1][safepoint    ] Leaving safepoint region
[2019-12-09T02:21:38.567+0000][1][safepoint    ] Total time for which application threads were stopped: 0.0000685 seconds, Stopping threads took: 0.0000191 seconds
[2019-12-09T02:21:39.567+0000][1][safepoint    ] Application time: 1.0000772 seconds
[2019-12-09T02:21:39.567+0000][1][safepoint    ] Entering safepoint region: Cleanup
[2019-12-09T02:21:39.567+0000][1][safepoint    ] Leaving safepoint region
[2019-12-09T02:21:39.567+0000][1][safepoint    ] Total time for which application threads were stopped: 0.0000656 seconds, Stopping threads took: 0.0000170 seconds
[2019-12-09T02:21:40.567+0000][1][safepoint    ] Application time: 1.0000761 seconds
[2019-12-09T02:21:40.567+0000][1][safepoint    ] Entering safepoint region: Cleanup
[2019-12-09T02:21:40.567+0000][1][safepoint    ] Leaving safepoint region
[2019-12-09T02:21:40.567+0000][1][safepoint    ] Total time for which application threads were stopped: 0.0000654 seconds, Stopping threads took: 0.0000169 seconds
[2019-12-09T02:21:41.567+0000][1][safepoint    ] Application time: 1.0000762 seconds
[2019-12-09T02:21:41.567+0000][1][safepoint    ] Entering safepoint region: Cleanup
[2019-12-09T02:21:41.567+0000][1][safepoint    ] Leaving safepoint region
[2019-12-09T02:21:41.567+0000][1][safepoint    ] Total time for which application threads were stopped: 0.0000630 seconds, Stopping threads took: 0.0000160 seconds
[2019-12-09T02:21:42.567+0000][1][safepoint    ] Application time: 1.0000757 seconds
[2019-12-09T02:21:42.567+0000][1][safepoint    ] Entering safepoint region: Cleanup
[2019-12-09T02:21:42.568+0000][1][safepoint    ] Leaving safepoint region
[2019-12-09T02:21:42.568+0000][1][safepoint    ] Total time for which application threads were stopped: 0.0000655 seconds, Stopping threads took: 0.0000174 seconds
[2019-12-09T02:21:43.568+0000][1][safepoint    ] Application time: 1.0000769 seconds
[2019-12-09T02:21:43.568+0000][1][safepoint    ] Entering safepoint region: Cleanup
[2019-12-09T02:21:43.568+0000][1][safepoint    ] Leaving safepoint region
[2019-12-09T02:21:43.568+0000][1][safepoint    ] Total time for which application threads were stopped: 0.0000779 seconds, Stopping threads took: 0.0000171 seconds
[2019-12-09T02:21:44.568+0000][1][safepoint    ] Application time: 1.0000775 seconds
[2019-12-09T02:21:44.568+0000][1][safepoint    ] Entering safepoint region: Cleanup
[2019-12-09T02:21:44.568+0000][1][safepoint    ] Leaving safepoint region
[2019-12-09T02:21:44.568+0000][1][safepoint    ] Total time for which application threads were stopped: 0.0000652 seconds, Stopping threads took: 0.0000174 seconds
[2019-12-09T02:21:45.568+0000][1][safepoint    ] Application time: 1.0000781 seconds
[2019-12-09T02:21:45.568+0000][1][safepoint    ] Entering safepoint region: Cleanup
[2019-12-09T02:21:45.568+0000][1][safepoint    ] Leaving safepoint region
[2019-12-09T02:21:45.568+0000][1][safepoint    ] Total time for which application threads were stopped: 0.0000682 seconds, Stopping threads took: 0.0000184 seconds
[2019-12-09T02:21:46.568+0000][1][safepoint    ] Application time: 1.0000791 seconds
[2019-12-09T02:21:46.568+0000][1][safepoint    ] Entering safepoint region: Cleanup
[2019-12-09T02:21:46.568+0000][1][safepoint    ] Leaving safepoint region
[2019-12-09T02:21:46.568+0000][1][safepoint    ] Total time for which application threads were stopped: 0.0000649 seconds, Stopping threads took: 0.0000180 seconds
[2019-12-09T02:21:47.568+0000][1][safepoint    ] Application time: 1.0000783 seconds
[2019-12-09T02:21:47.568+0000][1][safepoint    ] Entering safepoint region: Cleanup
[2019-12-09T02:21:47.568+0000][1][safepoint    ] Leaving safepoint region
[2019-12-09T02:21:47.568+0000][1][safepoint    ] Total time for which application threads were stopped: 0.0000640 seconds, Stopping threads took: 0.0000161 seconds
[2019-12-09T02:21:48.569+0000][1][safepoint    ] Application time: 1.0000768 seconds
[2019-12-09T02:21:48.569+0000][1][safepoint    ] Entering safepoint region: Cleanup
[2019-12-09T02:21:48.569+0000][1][safepoint    ] Leaving safepoint region
[2019-12-09T02:21:48.569+0000][1][safepoint    ] Total time for which application threads were stopped: 0.0000650 seconds, Stopping threads took: 0.0000171 seconds
[2019-12-09T02:21:49.569+0000][1][safepoint    ] Application time: 1.0000767 seconds
[2019-12-09T02:21:49.569+0000][1][safepoint    ] Entering safepoint region: Cleanup
[2019-12-09T02:21:49.569+0000][1][safepoint    ] Leaving safepoint region
[2019-12-09T02:21:49.569+0000][1][safepoint    ] Total time for which application threads were stopped: 0.0000659 seconds, Stopping threads took: 0.0000175 seconds
[2019-12-09T02:21:50.569+0000][1][safepoint    ] Application time: 1.0000760 seconds
[2019-12-09T02:21:50.569+0000][1][safepoint    ] Entering safepoint region: Cleanup
[2019-12-09T02:21:50.569+0000][1][safepoint    ] Leaving safepoint region
[2019-12-09T02:21:50.569+0000][1][safepoint    ] Total time for which application threads were stopped: 0.0000647 seconds, Stopping threads took: 0.0000167 seconds
[2019-12-09T02:21:51.569+0000][1][safepoint    ] Application time: 1.0000766 seconds
[2019-12-09T02:21:51.569+0000][1][safepoint    ] Entering safepoint region: Cleanup
[2019-12-09T02:21:51.569+0000][1][safepoint    ] Leaving safepoint region
[2019-12-09T02:21:51.569+0000][1][safepoint    ] Total time for which application threads were stopped: 0.0000622 seconds, Stopping threads took: 0.0000165 seconds
[2019-12-09T02:21:52.425+0000][1][safepoint    ] Application time: 0.8555888 seconds
[2019-12-09T02:21:52.425+0000][1][safepoint    ] Entering safepoint region: GenCollectForAllocation
[2019-12-09T02:21:52.425+0000][1][gc,start     ] GC(31) Pause Young (Allocation Failure)
[2019-12-09T02:21:52.425+0000][1][gc,task      ] GC(31) Using 2 workers of 2 for evacuation
[2019-12-09T02:21:52.427+0000][1][gc,age       ] GC(31) Desired survivor size 4456448 bytes, new threshold 6 (max threshold 6)
[2019-12-09T02:21:52.427+0000][1][gc,age       ] GC(31) Age table with threshold 6 (max threshold 6)
[2019-12-09T02:21:52.427+0000][1][gc,age       ] GC(31) - age   1:       9664 bytes,       9664 total
[2019-12-09T02:21:52.427+0000][1][gc,age       ] GC(31) - age   2:       4464 bytes,      14128 total
[2019-12-09T02:21:52.427+0000][1][gc,age       ] GC(31) - age   3:       2568 bytes,      16696 total
[2019-12-09T02:21:52.427+0000][1][gc,age       ] GC(31) - age   4:        688 bytes,      17384 total
[2019-12-09T02:21:52.427+0000][1][gc,age       ] GC(31) - age   5:       4800 bytes,      22184 total
[2019-12-09T02:21:52.427+0000][1][gc,age       ] GC(31) - age   6:       6448 bytes,      28632 total
[2019-12-09T02:21:52.427+0000][1][gc,heap      ] GC(31) ParNew: 70348K->115K(78656K)
[2019-12-09T02:21:52.427+0000][1][gc,heap      ] GC(31) CMS: 69551K->69556K(174784K)
[2019-12-09T02:21:52.427+0000][1][gc,metaspace ] GC(31) Metaspace: 68966K->68966K(1112064K)
[2019-12-09T02:21:52.427+0000][1][gc           ] GC(31) Pause Young (Allocation Failure) 136M->68M(247M) 1.812ms
[2019-12-09T02:21:52.427+0000][1][gc,cpu       ] GC(31) User=0.01s Sys=0.00s Real=0.00s
[2019-12-09T02:21:52.427+0000][1][safepoint    ] Leaving safepoint region
[2019-12-09T02:21:52.427+0000][1][safepoint    ] Total time for which application threads were stopped: 0.0019912 seconds, Stopping threads took: 0.0000516 seconds
[2019-12-09T02:21:53.427+0000][1][safepoint    ] Application time: 1.0000903 seconds
[2019-12-09T02:21:53.427+0000][1][safepoint    ] Entering safepoint region: Cleanup
[2019-12-09T02:21:53.427+0000][1][safepoint    ] Leaving safepoint region
[2019-12-09T02:21:53.427+0000][1][safepoint    ] Total time for which application threads were stopped: 0.0000632 seconds, Stopping threads took: 0.0000166 seconds
[2019-12-09T02:21:54.427+0000][1][safepoint    ] Application time: 1.0000763 seconds
[2019-12-09T02:21:54.427+0000][1][safepoint    ] Entering safepoint region: Cleanup
[2019-12-09T02:21:54.427+0000][1][safepoint    ] Leaving safepoint region
[2019-12-09T02:21:54.427+0000][1][safepoint    ] Total time for which application threads were stopped: 0.0000661 seconds, Stopping threads took: 0.0000176 seconds
[2019-12-09T02:21:55.427+0000][1][safepoint    ] Application time: 1.0000782 seconds
[2019-12-09T02:21:55.427+0000][1][safepoint    ] Entering safepoint region: Cleanup
[2019-12-09T02:21:55.427+0000][1][safepoint    ] Leaving safepoint region
[2019-12-09T02:21:55.427+0000][1][safepoint    ] Total time for which application threads were stopped: 0.0000645 seconds, Stopping threads took: 0.0000163 seconds
[2019-12-09T02:21:56.427+0000][1][safepoint    ] Application time: 1.0000783 seconds
[2019-12-09T02:21:56.428+0000][1][safepoint    ] Entering safepoint region: Cleanup
[2019-12-09T02:21:56.428+0000][1][safepoint    ] Leaving safepoint region
[2019-12-09T02:21:56.428+0000][1][safepoint    ] Total time for which application threads were stopped: 0.0000669 seconds, Stopping threads took: 0.0000171 seconds
[2019-12-09T02:21:57.539+0000][1][safepoint    ] Application time: 1.1116584 seconds
[2019-12-09T02:21:57.539+0000][1][safepoint    ] Entering safepoint region: Cleanup
[2019-12-09T02:21:57.539+0000][1][safepoint    ] Leaving safepoint region
[2019-12-09T02:21:57.539+0000][1][safepoint    ] Total time for which application threads were stopped: 0.0000700 seconds, Stopping threads took: 0.0000170 seconds
[2019-12-09T02:21:58.539+0000][1][safepoint    ] Application time: 1.0000794 seconds
[2019-12-09T02:21:58.539+0000][1][safepoint    ] Entering safepoint region: Cleanup
[2019-12-09T02:21:58.540+0000][1][safepoint    ] Leaving safepoint region
[2019-12-09T02:21:58.540+0000][1][safepoint    ] Total time for which application threads were stopped: 0.0000734 seconds, Stopping threads took: 0.0000169 seconds
[2019-12-09T02:21:59.540+0000][1][safepoint    ] Application time: 1.0000775 seconds
[2019-12-09T02:21:59.540+0000][1][safepoint    ] Entering safepoint region: Cleanup
[2019-12-09T02:21:59.540+0000][1][safepoint    ] Leaving safepoint region
[2019-12-09T02:21:59.540+0000][1][safepoint    ] Total time for which application threads were stopped: 0.0000643 seconds, Stopping threads took: 0.0000177 seconds
[2019-12-09T02:22:00.540+0000][1][safepoint    ] Application time: 1.0000757 seconds
[2019-12-09T02:22:00.540+0000][1][safepoint    ] Entering safepoint region: Cleanup
[2019-12-09T02:22:00.540+0000][1][safepoint    ] Leaving safepoint region
[2019-12-09T02:22:00.540+0000][1][safepoint    ] Total time for which application threads were stopped: 0.0000663 seconds, Stopping threads took: 0.0000166 seconds
[2019-12-09T02:22:01.540+0000][1][safepoint    ] Application time: 1.0000837 seconds
[2019-12-09T02:22:01.540+0000][1][safepoint    ] Entering safepoint region: Cleanup
[2019-12-09T02:22:01.540+0000][1][safepoint    ] Leaving safepoint region
[2019-12-09T02:22:01.540+0000][1][safepoint    ] Total time for which application threads were stopped: 0.0001043 seconds, Stopping threads took: 0.0000473 seconds
[2019-12-09T02:22:02.540+0000][1][safepoint    ] Application time: 1.0000863 seconds
[2019-12-09T02:22:02.540+0000][1][safepoint    ] Entering safepoint region: Cleanup
[2019-12-09T02:22:02.540+0000][1][safepoint    ] Leaving safepoint region
[2019-12-09T02:22:02.540+0000][1][safepoint    ] Total time for which application threads were stopped: 0.0000664 seconds, Stopping threads took: 0.0000175 seconds
[2019-12-09T02:22:03.540+0000][1][safepoint    ] Application time: 1.0000755 seconds
[2019-12-09T02:22:03.541+0000][1][safepoint    ] Entering safepoint region: Cleanup
[2019-12-09T02:22:03.541+0000][1][safepoint    ] Leaving safepoint region
[2019-12-09T02:22:03.541+0000][1][safepoint    ] Total time for which application threads were stopped: 0.0000686 seconds, Stopping threads took: 0.0000179 seconds
[2019-12-09T02:22:04.541+0000][1][safepoint    ] Application time: 1.0000741 seconds
[2019-12-09T02:22:04.541+0000][1][safepoint    ] Entering safepoint region: Cleanup
[2019-12-09T02:22:04.541+0000][1][safepoint    ] Leaving safepoint region
[2019-12-09T02:22:04.541+0000][1][safepoint    ] Total time for which application threads were stopped: 0.0000671 seconds, Stopping threads took: 0.0000178 seconds
[2019-12-09T02:22:05.541+0000][1][safepoint    ] Application time: 1.0000749 seconds
[2019-12-09T02:22:05.541+0000][1][safepoint    ] Entering safepoint region: Cleanup
[2019-12-09T02:22:05.541+0000][1][safepoint    ] Leaving safepoint region
[2019-12-09T02:22:05.541+0000][1][safepoint    ] Total time for which application threads were stopped: 0.0000653 seconds, Stopping threads took: 0.0000177 seconds
[2019-12-09T02:22:06.541+0000][1][safepoint    ] Application time: 1.0000907 seconds
[2019-12-09T02:22:06.541+0000][1][safepoint    ] Entering safepoint region: Cleanup
[2019-12-09T02:22:06.541+0000][1][safepoint    ] Leaving safepoint region
[2019-12-09T02:22:06.541+0000][1][safepoint    ] Total time for which application threads were stopped: 0.0000878 seconds, Stopping threads took: 0.0000335 seconds
[2019-12-09T02:22:07.541+0000][1][safepoint    ] Application time: 1.0000865 seconds
[2019-12-09T02:22:07.541+0000][1][safepoint    ] Entering safepoint region: Cleanup
[2019-12-09T02:22:07.541+0000][1][safepoint    ] Leaving safepoint region
[2019-12-09T02:22:07.541+0000][1][safepoint    ] Total time for which application threads were stopped: 0.0000676 seconds, Stopping threads took: 0.0000191 seconds
[2019-12-09T02:22:08.541+0000][1][safepoint    ] Application time: 1.0000774 seconds
[2019-12-09T02:22:08.542+0000][1][safepoint    ] Entering safepoint region: Cleanup
[2019-12-09T02:22:08.542+0000][1][safepoint    ] Leaving safepoint region
[2019-12-09T02:22:08.542+0000][1][safepoint    ] Total time for which application threads were stopped: 0.0000677 seconds, Stopping threads took: 0.0000178 seconds
[2019-12-09T02:22:09.542+0000][1][safepoint    ] Application time: 1.0000767 seconds
[2019-12-09T02:22:09.542+0000][1][safepoint    ] Entering safepoint region: Cleanup
[2019-12-09T02:22:09.542+0000][1][safepoint    ] Leaving safepoint region
[2019-12-09T02:22:09.542+0000][1][safepoint    ] Total time for which application threads were stopped: 0.0000660 seconds, Stopping threads took: 0.0000175 seconds
[2019-12-09T02:22:10.542+0000][1][safepoint    ] Application time: 1.0000768 seconds
[2019-12-09T02:22:10.542+0000][1][safepoint    ] Entering safepoint region: Cleanup
[2019-12-09T02:22:10.542+0000][1][safepoint    ] Leaving safepoint region
[2019-12-09T02:22:10.542+0000][1][safepoint    ] Total time for which application threads were stopped: 0.0000646 seconds, Stopping threads took: 0.0000174 seconds
[2019-12-09T02:22:11.542+0000][1][safepoint    ] Application time: 1.0000757 seconds
[2019-12-09T02:22:11.542+0000][1][safepoint    ] Entering safepoint region: Cleanup
[2019-12-09T02:22:11.542+0000][1][safepoint    ] Leaving safepoint region
[2019-12-09T02:22:11.542+0000][1][safepoint    ] Total time for which application threads were stopped: 0.0000643 seconds, Stopping threads took: 0.0000174 seconds
[2019-12-09T02:22:12.542+0000][1][safepoint    ] Application time: 1.0000773 seconds
[2019-12-09T02:22:12.542+0000][1][safepoint    ] Entering safepoint region: Cleanup
[2019-12-09T02:22:12.542+0000][1][safepoint    ] Leaving safepoint region
[2019-12-09T02:22:12.542+0000][1][safepoint    ] Total time for which application threads were stopped: 0.0000657 seconds, Stopping threads took: 0.0000175 seconds
[2019-12-09T02:22:13.542+0000][1][safepoint    ] Application time: 1.0000764 seconds
[2019-12-09T02:22:13.542+0000][1][safepoint    ] Entering safepoint region: Cleanup
[2019-12-09T02:22:13.543+0000][1][safepoint    ] Leaving safepoint region
[2019-12-09T02:22:13.543+0000][1][safepoint    ] Total time for which application threads were stopped: 0.0000643 seconds, Stopping threads took: 0.0000165 seconds
[2019-12-09T02:22:14.543+0000][1][safepoint    ] Application time: 1.0000768 seconds
[2019-12-09T02:22:14.543+0000][1][safepoint    ] Entering safepoint region: Cleanup
[2019-12-09T02:22:14.543+0000][1][safepoint    ] Leaving safepoint region
[2019-12-09T02:22:14.543+0000][1][safepoint    ] Total time for which application threads were stopped: 0.0000788 seconds, Stopping threads took: 0.0000174 seconds
[2019-12-09T02:22:15.543+0000][1][safepoint    ] Application time: 1.0000771 seconds
[2019-12-09T02:22:15.543+0000][1][safepoint    ] Entering safepoint region: Cleanup
[2019-12-09T02:22:15.543+0000][1][safepoint    ] Leaving safepoint region
[2019-12-09T02:22:15.543+0000][1][safepoint    ] Total time for which application threads were stopped: 0.0000654 seconds, Stopping threads took: 0.0000171 seconds
[2019-12-09T02:22:16.666+0000][1][safepoint    ] Application time: 1.1232081 seconds
[2019-12-09T02:22:16.666+0000][1][safepoint    ] Entering safepoint region: Cleanup
[2019-12-09T02:22:16.666+0000][1][safepoint    ] Leaving safepoint region
[2019-12-09T02:22:16.666+0000][1][safepoint    ] Total time for which application threads were stopped: 0.0000648 seconds, Stopping threads took: 0.0000153 seconds
[2019-12-09T02:22:17.666+0000][1][safepoint    ] Application time: 1.0000782 seconds
[2019-12-09T02:22:17.666+0000][1][safepoint    ] Entering safepoint region: Cleanup
[2019-12-09T02:22:17.666+0000][1][safepoint    ] Leaving safepoint region
[2019-12-09T02:22:17.666+0000][1][safepoint    ] Total time for which application threads were stopped: 0.0000649 seconds, Stopping threads took: 0.0000171 seconds
[2019-12-09T02:22:18.666+0000][1][safepoint    ] Application time: 1.0000782 seconds
[2019-12-09T02:22:18.667+0000][1][safepoint    ] Entering safepoint region: Cleanup
[2019-12-09T02:22:18.667+0000][1][safepoint    ] Leaving safepoint region
[2019-12-09T02:22:18.667+0000][1][safepoint    ] Total time for which application threads were stopped: 0.0000667 seconds, Stopping threads took: 0.0000170 seconds
[2019-12-09T02:22:19.667+0000][1][safepoint    ] Application time: 1.0000845 seconds
[2019-12-09T02:22:19.667+0000][1][safepoint    ] Entering safepoint region: Cleanup
[2019-12-09T02:22:19.667+0000][1][safepoint    ] Leaving safepoint region
[2019-12-09T02:22:19.667+0000][1][safepoint    ] Total time for which application threads were stopped: 0.0000668 seconds, Stopping threads took: 0.0000168 seconds
[2019-12-09T02:22:20.667+0000][1][safepoint    ] Application time: 1.0000757 seconds
[2019-12-09T02:22:20.667+0000][1][safepoint    ] Entering safepoint region: Cleanup
[2019-12-09T02:22:20.667+0000][1][safepoint    ] Leaving safepoint region
[2019-12-09T02:22:20.667+0000][1][safepoint    ] Total time for which application threads were stopped: 0.0000854 seconds, Stopping threads took: 0.0000159 seconds
[2019-12-09T02:22:21.667+0000][1][safepoint    ] Application time: 1.0000840 seconds
[2019-12-09T02:22:21.667+0000][1][safepoint    ] Entering safepoint region: Cleanup
[2019-12-09T02:22:21.667+0000][1][safepoint    ] Leaving safepoint region
[2019-12-09T02:22:21.667+0000][1][safepoint    ] Total time for which application threads were stopped: 0.0000643 seconds, Stopping threads took: 0.0000155 seconds
[2019-12-09T02:22:22.667+0000][1][safepoint    ] Application time: 1.0000802 seconds
[2019-12-09T02:22:22.667+0000][1][safepoint    ] Entering safepoint region: Cleanup
[2019-12-09T02:22:22.667+0000][1][safepoint    ] Leaving safepoint region
[2019-12-09T02:22:22.667+0000][1][safepoint    ] Total time for which application threads were stopped: 0.0000660 seconds, Stopping threads took: 0.0000168 seconds
[2019-12-09T02:22:23.667+0000][1][safepoint    ] Application time: 1.0000795 seconds
[2019-12-09T02:22:23.668+0000][1][safepoint    ] Entering safepoint region: Cleanup
[2019-12-09T02:22:23.668+0000][1][safepoint    ] Leaving safepoint region
[2019-12-09T02:22:23.668+0000][1][safepoint    ] Total time for which application threads were stopped: 0.0000657 seconds, Stopping threads took: 0.0000172 seconds
[2019-12-09T02:22:24.668+0000][1][safepoint    ] Application time: 1.0000796 seconds
[2019-12-09T02:22:24.668+0000][1][safepoint    ] Entering safepoint region: Cleanup
[2019-12-09T02:22:24.668+0000][1][safepoint    ] Leaving safepoint region
[2019-12-09T02:22:24.668+0000][1][safepoint    ] Total time for which application threads were stopped: 0.0000660 seconds, Stopping threads took: 0.0000167 seconds
[2019-12-09T02:22:25.668+0000][1][safepoint    ] Application time: 1.0000784 seconds
[2019-12-09T02:22:25.668+0000][1][safepoint    ] Entering safepoint region: Cleanup
[2019-12-09T02:22:25.668+0000][1][safepoint    ] Leaving safepoint region
[2019-12-09T02:22:25.668+0000][1][safepoint    ] Total time for which application threads were stopped: 0.0000648 seconds, Stopping threads took: 0.0000162 seconds
[2019-12-09T02:22:26.668+0000][1][safepoint    ] Application time: 1.0000791 seconds
[2019-12-09T02:22:26.668+0000][1][safepoint    ] Entering safepoint region: Cleanup
[2019-12-09T02:22:26.668+0000][1][safepoint    ] Leaving safepoint region
[2019-12-09T02:22:26.668+0000][1][safepoint    ] Total time for which application threads were stopped: 0.0000650 seconds, Stopping threads took: 0.0000160 seconds
[2019-12-09T02:22:27.668+0000][1][safepoint    ] Application time: 1.0000849 seconds
[2019-12-09T02:22:27.668+0000][1][safepoint    ] Entering safepoint region: Cleanup
[2019-12-09T02:22:27.668+0000][1][safepoint    ] Leaving safepoint region
[2019-12-09T02:22:27.668+0000][1][safepoint    ] Total time for which application threads were stopped: 0.0000673 seconds, Stopping threads took: 0.0000176 seconds
[2019-12-09T02:22:28.668+0000][1][safepoint    ] Application time: 1.0000836 seconds
[2019-12-09T02:22:28.668+0000][1][safepoint    ] Entering safepoint region: Cleanup
[2019-12-09T02:22:28.669+0000][1][safepoint    ] Leaving safepoint region
[2019-12-09T02:22:28.669+0000][1][safepoint    ] Total time for which application threads were stopped: 0.0000668 seconds, Stopping threads took: 0.0000174 seconds
[2019-12-09T02:22:29.669+0000][1][safepoint    ] Application time: 1.0000831 seconds
[2019-12-09T02:22:29.669+0000][1][safepoint    ] Entering safepoint region: Cleanup
[2019-12-09T02:22:29.669+0000][1][safepoint    ] Leaving safepoint region
[2019-12-09T02:22:29.669+0000][1][safepoint    ] Total time for which application threads were stopped: 0.0000685 seconds, Stopping threads took: 0.0000181 seconds
[2019-12-09T02:22:30.669+0000][1][safepoint    ] Application time: 1.0000821 seconds
[2019-12-09T02:22:30.669+0000][1][safepoint    ] Entering safepoint region: Cleanup
[2019-12-09T02:22:30.669+0000][1][safepoint    ] Leaving safepoint region
[2019-12-09T02:22:30.669+0000][1][safepoint    ] Total time for which application threads were stopped: 0.0000664 seconds, Stopping threads took: 0.0000169 seconds
[2019-12-09T02:22:31.669+0000][1][safepoint    ] Application time: 1.0000837 seconds
[2019-12-09T02:22:31.669+0000][1][safepoint    ] Entering safepoint region: Cleanup
[2019-12-09T02:22:31.669+0000][1][safepoint    ] Leaving safepoint region
[2019-12-09T02:22:31.669+0000][1][safepoint    ] Total time for which application threads were stopped: 0.0000675 seconds, Stopping threads took: 0.0000180 seconds
[2019-12-09T02:22:49.670+0000][1][safepoint    ] Application time: 18.0012239 seconds
[2019-12-09T02:22:49.670+0000][1][safepoint    ] Entering safepoint region: Cleanup
[2019-12-09T02:22:49.671+0000][1][safepoint    ] Leaving safepoint region
[2019-12-09T02:22:49.671+0000][1][safepoint    ] Total time for which application threads were stopped: 0.0000678 seconds, Stopping threads took: 0.0000184 seconds
[2019-12-09T02:22:50.671+0000][1][safepoint    ] Application time: 1.0000784 seconds
[2019-12-09T02:22:50.671+0000][1][safepoint    ] Entering safepoint region: Cleanup
[2019-12-09T02:22:50.671+0000][1][safepoint    ] Leaving safepoint region
[2019-12-09T02:22:50.671+0000][1][safepoint    ] Total time for which application threads were stopped: 0.0000731 seconds, Stopping threads took: 0.0000167 seconds
[2019-12-09T02:22:51.671+0000][1][safepoint    ] Application time: 1.0000758 seconds
[2019-12-09T02:22:51.671+0000][1][safepoint    ] Entering safepoint region: Cleanup
[2019-12-09T02:22:51.671+0000][1][safepoint    ] Leaving safepoint region
[2019-12-09T02:22:51.671+0000][1][safepoint    ] Total time for which application threads were stopped: 0.0000621 seconds, Stopping threads took: 0.0000157 seconds
[2019-12-09T02:22:52.671+0000][1][safepoint    ] Application time: 1.0001007 seconds
[2019-12-09T02:22:52.671+0000][1][safepoint    ] Entering safepoint region: Cleanup
[2019-12-09T02:22:52.671+0000][1][safepoint    ] Leaving safepoint region
[2019-12-09T02:22:52.671+0000][1][safepoint    ] Total time for which application threads were stopped: 0.0000924 seconds, Stopping threads took: 0.0000244 seconds
[2019-12-09T02:22:53.671+0000][1][safepoint    ] Application time: 1.0000805 seconds
[2019-12-09T02:22:53.671+0000][1][safepoint    ] Entering safepoint region: Cleanup
[2019-12-09T02:22:53.671+0000][1][safepoint    ] Leaving safepoint region
[2019-12-09T02:22:53.671+0000][1][safepoint    ] Total time for which application threads were stopped: 0.0000740 seconds, Stopping threads took: 0.0000174 seconds
[2019-12-09T02:22:54.671+0000][1][safepoint    ] Application time: 1.0000778 seconds
[2019-12-09T02:22:54.671+0000][1][safepoint    ] Entering safepoint region: Cleanup
[2019-12-09T02:22:54.672+0000][1][safepoint    ] Leaving safepoint region
[2019-12-09T02:22:54.672+0000][1][safepoint    ] Total time for which application threads were stopped: 0.0000661 seconds, Stopping threads took: 0.0000168 seconds
[2019-12-09T02:22:55.672+0000][1][safepoint    ] Application time: 1.0000763 seconds
[2019-12-09T02:22:55.672+0000][1][safepoint    ] Entering safepoint region: Cleanup
[2019-12-09T02:22:55.672+0000][1][safepoint    ] Leaving safepoint region
[2019-12-09T02:22:55.672+0000][1][safepoint    ] Total time for which application threads were stopped: 0.0000762 seconds, Stopping threads took: 0.0000168 seconds
[2019-12-09T02:22:56.672+0000][1][safepoint    ] Application time: 1.0000800 seconds
[2019-12-09T02:22:56.672+0000][1][safepoint    ] Entering safepoint region: Cleanup
[2019-12-09T02:22:56.672+0000][1][safepoint    ] Leaving safepoint region
[2019-12-09T02:22:56.672+0000][1][safepoint    ] Total time for which application threads were stopped: 0.0000622 seconds, Stopping threads took: 0.0000162 seconds
[2019-12-09T02:22:57.672+0000][1][safepoint    ] Application time: 1.0000764 seconds
[2019-12-09T02:22:57.672+0000][1][safepoint    ] Entering safepoint region: Cleanup
[2019-12-09T02:22:57.672+0000][1][safepoint    ] Leaving safepoint region
[2019-12-09T02:22:57.672+0000][1][safepoint    ] Total time for which application threads were stopped: 0.0000674 seconds, Stopping threads took: 0.0000183 seconds
[2019-12-09T02:22:58.672+0000][1][safepoint    ] Application time: 1.0000777 seconds
[2019-12-09T02:22:58.672+0000][1][safepoint    ] Entering safepoint region: Cleanup
[2019-12-09T02:22:58.672+0000][1][safepoint    ] Leaving safepoint region
[2019-12-09T02:22:58.672+0000][1][safepoint    ] Total time for which application threads were stopped: 0.0000677 seconds, Stopping threads took: 0.0000183 seconds
[2019-12-09T02:22:59.672+0000][1][safepoint    ] Application time: 1.0000782 seconds
[2019-12-09T02:22:59.672+0000][1][safepoint    ] Entering safepoint region: Cleanup
[2019-12-09T02:22:59.672+0000][1][safepoint    ] Leaving safepoint region
[2019-12-09T02:22:59.672+0000][1][safepoint    ] Total time for which application threads were stopped: 0.0000675 seconds, Stopping threads took: 0.0000192 seconds
[2019-12-09T02:23:00.673+0000][1][safepoint    ] Application time: 1.0000784 seconds
[2019-12-09T02:23:00.673+0000][1][safepoint    ] Entering safepoint region: Cleanup
[2019-12-09T02:23:00.673+0000][1][safepoint    ] Leaving safepoint region
[2019-12-09T02:23:00.673+0000][1][safepoint    ] Total time for which application threads were stopped: 0.0000661 seconds, Stopping threads took: 0.0000173 seconds
[2019-12-09T02:23:01.673+0000][1][safepoint    ] Application time: 1.0000887 seconds
[2019-12-09T02:23:01.673+0000][1][safepoint    ] Entering safepoint region: Cleanup
[2019-12-09T02:23:01.673+0000][1][safepoint    ] Leaving safepoint region
[2019-12-09T02:23:01.673+0000][1][safepoint    ] Total time for which application threads were stopped: 0.0000658 seconds, Stopping threads took: 0.0000170 seconds
[2019-12-09T02:23:02.673+0000][1][safepoint    ] Application time: 1.0000768 seconds
[2019-12-09T02:23:02.673+0000][1][safepoint    ] Entering safepoint region: Cleanup
[2019-12-09T02:23:02.673+0000][1][safepoint    ] Leaving safepoint region
[2019-12-09T02:23:02.673+0000][1][safepoint    ] Total time for which application threads were stopped: 0.0000738 seconds, Stopping threads took: 0.0000248 seconds
[2019-12-09T02:23:03.673+0000][1][safepoint    ] Application time: 1.0000772 seconds
[2019-12-09T02:23:03.673+0000][1][safepoint    ] Entering safepoint region: Cleanup
[2019-12-09T02:23:03.673+0000][1][safepoint    ] Leaving safepoint region
[2019-12-09T02:23:03.673+0000][1][safepoint    ] Total time for which application threads were stopped: 0.0000674 seconds, Stopping threads took: 0.0000197 seconds
[2019-12-09T02:23:04.673+0000][1][safepoint    ] Application time: 1.0000758 seconds
[2019-12-09T02:23:04.673+0000][1][safepoint    ] Entering safepoint region: Cleanup
[2019-12-09T02:23:04.673+0000][1][safepoint    ] Leaving safepoint region
[2019-12-09T02:23:04.673+0000][1][safepoint    ] Total time for which application threads were stopped: 0.0000653 seconds, Stopping threads took: 0.0000169 seconds
[2019-12-09T02:23:05.674+0000][1][safepoint    ] Application time: 1.0000786 seconds
[2019-12-09T02:23:05.674+0000][1][safepoint    ] Entering safepoint region: Cleanup
[2019-12-09T02:23:05.674+0000][1][safepoint    ] Leaving safepoint region
[2019-12-09T02:23:05.674+0000][1][safepoint    ] Total time for which application threads were stopped: 0.0000660 seconds, Stopping threads took: 0.0000192 seconds
[2019-12-09T02:23:06.674+0000][1][safepoint    ] Application time: 1.0000786 seconds
[2019-12-09T02:23:06.674+0000][1][safepoint    ] Entering safepoint region: Cleanup
[2019-12-09T02:23:06.674+0000][1][safepoint    ] Leaving safepoint region
[2019-12-09T02:23:06.674+0000][1][safepoint    ] Total time for which application threads were stopped: 0.0000676 seconds, Stopping threads took: 0.0000173 seconds
[2019-12-09T02:23:07.674+0000][1][safepoint    ] Application time: 1.0000773 seconds
[2019-12-09T02:23:07.674+0000][1][safepoint    ] Entering safepoint region: Cleanup
[2019-12-09T02:23:07.674+0000][1][safepoint    ] Leaving safepoint region
[2019-12-09T02:23:07.674+0000][1][safepoint    ] Total time for which application threads were stopped: 0.0000680 seconds, Stopping threads took: 0.0000189 seconds
[2019-12-09T02:23:08.674+0000][1][safepoint    ] Application time: 1.0000769 seconds
[2019-12-09T02:23:08.674+0000][1][safepoint    ] Entering safepoint region: Cleanup
[2019-12-09T02:23:08.674+0000][1][safepoint    ] Leaving safepoint region
[2019-12-09T02:23:08.674+0000][1][safepoint    ] Total time for which application threads were stopped: 0.0000678 seconds, Stopping threads took: 0.0000196 seconds
[2019-12-09T02:23:09.674+0000][1][safepoint    ] Application time: 1.0000745 seconds
[2019-12-09T02:23:09.674+0000][1][safepoint    ] Entering safepoint region: Cleanup
[2019-12-09T02:23:09.674+0000][1][safepoint    ] Leaving safepoint region
[2019-12-09T02:23:09.674+0000][1][safepoint    ] Total time for which application threads were stopped: 0.0000699 seconds, Stopping threads took: 0.0000167 seconds
[2019-12-09T02:23:10.674+0000][1][safepoint    ] Application time: 1.0000781 seconds
[2019-12-09T02:23:10.674+0000][1][safepoint    ] Entering safepoint region: Cleanup
[2019-12-09T02:23:10.675+0000][1][safepoint    ] Leaving safepoint region
[2019-12-09T02:23:10.675+0000][1][safepoint    ] Total time for which application threads were stopped: 0.0000643 seconds, Stopping threads took: 0.0000168 seconds
[2019-12-09T02:23:11.675+0000][1][safepoint    ] Application time: 1.0000753 seconds
[2019-12-09T02:23:11.675+0000][1][safepoint    ] Entering safepoint region: Cleanup
[2019-12-09T02:23:11.675+0000][1][safepoint    ] Leaving safepoint region
[2019-12-09T02:23:11.675+0000][1][safepoint    ] Total time for which application threads were stopped: 0.0000760 seconds, Stopping threads took: 0.0000161 seconds
[2019-12-09T02:23:12.675+0000][1][safepoint    ] Application time: 1.0000775 seconds
[2019-12-09T02:23:12.675+0000][1][safepoint    ] Entering safepoint region: Cleanup
[2019-12-09T02:23:12.675+0000][1][safepoint    ] Leaving safepoint region
[2019-12-09T02:23:12.675+0000][1][safepoint    ] Total time for which application threads were stopped: 0.0000655 seconds, Stopping threads took: 0.0000179 seconds
[2019-12-09T02:23:13.675+0000][1][safepoint    ] Application time: 1.0000774 seconds
[2019-12-09T02:23:13.675+0000][1][safepoint    ] Entering safepoint region: Cleanup
[2019-12-09T02:23:13.675+0000][1][safepoint    ] Leaving safepoint region
[2019-12-09T02:23:13.675+0000][1][safepoint    ] Total time for which application threads were stopped: 0.0000734 seconds, Stopping threads took: 0.0000182 seconds
[2019-12-09T02:23:14.675+0000][1][safepoint    ] Application time: 1.0000756 seconds
[2019-12-09T02:23:14.675+0000][1][safepoint    ] Entering safepoint region: Cleanup
[2019-12-09T02:23:14.675+0000][1][safepoint    ] Leaving safepoint region
[2019-12-09T02:23:14.675+0000][1][safepoint    ] Total time for which application threads were stopped: 0.0000663 seconds, Stopping threads took: 0.0000175 seconds
[2019-12-09T02:23:15.675+0000][1][safepoint    ] Application time: 1.0000781 seconds
[2019-12-09T02:23:15.675+0000][1][safepoint    ] Entering safepoint region: Cleanup
[2019-12-09T02:23:15.675+0000][1][safepoint    ] Leaving safepoint region
[2019-12-09T02:23:15.675+0000][1][safepoint    ] Total time for which application threads were stopped: 0.0000657 seconds, Stopping threads took: 0.0000163 seconds
[2019-12-09T02:23:16.676+0000][1][safepoint    ] Application time: 1.0000769 seconds
[2019-12-09T02:23:16.676+0000][1][safepoint    ] Entering safepoint region: Cleanup
[2019-12-09T02:23:16.676+0000][1][safepoint    ] Leaving safepoint region
[2019-12-09T02:23:16.676+0000][1][safepoint    ] Total time for which application threads were stopped: 0.0000754 seconds, Stopping threads took: 0.0000171 seconds
[2019-12-09T02:23:17.676+0000][1][safepoint    ] Application time: 1.0000765 seconds
[2019-12-09T02:23:17.676+0000][1][safepoint    ] Entering safepoint region: Cleanup
[2019-12-09T02:23:17.676+0000][1][safepoint    ] Leaving safepoint region
[2019-12-09T02:23:17.676+0000][1][safepoint    ] Total time for which application threads were stopped: 0.0000672 seconds, Stopping threads took: 0.0000180 seconds
[2019-12-09T02:23:18.676+0000][1][safepoint    ] Application time: 1.0000759 seconds
[2019-12-09T02:23:18.676+0000][1][safepoint    ] Entering safepoint region: Cleanup
[2019-12-09T02:23:18.676+0000][1][safepoint    ] Leaving safepoint region
[2019-12-09T02:23:18.676+0000][1][safepoint    ] Total time for which application threads were stopped: 0.0000714 seconds, Stopping threads took: 0.0000174 seconds
[2019-12-09T02:23:19.676+0000][1][safepoint    ] Application time: 1.0000754 seconds
[2019-12-09T02:23:19.676+0000][1][safepoint    ] Entering safepoint region: Cleanup
[2019-12-09T02:23:19.676+0000][1][safepoint    ] Leaving safepoint region
[2019-12-09T02:23:19.676+0000][1][safepoint    ] Total time for which application threads were stopped: 0.0000709 seconds, Stopping threads took: 0.0000158 seconds
[2019-12-09T02:23:20.676+0000][1][safepoint    ] Application time: 1.0000766 seconds
[2019-12-09T02:23:20.676+0000][1][safepoint    ] Entering safepoint region: Cleanup
[2019-12-09T02:23:20.676+0000][1][safepoint    ] Leaving safepoint region
[2019-12-09T02:23:20.676+0000][1][safepoint    ] Total time for which application threads were stopped: 0.0000640 seconds, Stopping threads took: 0.0000159 seconds
[2019-12-09T02:23:21.677+0000][1][safepoint    ] Application time: 1.0001248 seconds
[2019-12-09T02:23:21.677+0000][1][safepoint    ] Entering safepoint region: Cleanup
[2019-12-09T02:23:21.677+0000][1][safepoint    ] Leaving safepoint region
[2019-12-09T02:23:21.677+0000][1][safepoint    ] Total time for which application threads were stopped: 0.0002197 seconds, Stopping threads took: 0.0000448 seconds
[2019-12-09T02:23:22.677+0000][1][safepoint    ] Application time: 1.0000859 seconds
[2019-12-09T02:23:22.677+0000][1][safepoint    ] Entering safepoint region: Cleanup
[2019-12-09T02:23:22.677+0000][1][safepoint    ] Leaving safepoint region
[2019-12-09T02:23:22.677+0000][1][safepoint    ] Total time for which application threads were stopped: 0.0000656 seconds, Stopping threads took: 0.0000173 seconds
[2019-12-09T02:23:23.677+0000][1][safepoint    ] Application time: 1.0000764 seconds
[2019-12-09T02:23:23.677+0000][1][safepoint    ] Entering safepoint region: Cleanup
[2019-12-09T02:23:23.677+0000][1][safepoint    ] Leaving safepoint region
[2019-12-09T02:23:23.677+0000][1][safepoint    ] Total time for which application threads were stopped: 0.0000648 seconds, Stopping threads took: 0.0000176 seconds
[2019-12-09T02:23:24.677+0000][1][safepoint    ] Application time: 1.0000759 seconds
[2019-12-09T02:23:24.677+0000][1][safepoint    ] Entering safepoint region: Cleanup
[2019-12-09T02:23:24.678+0000][1][safepoint    ] Leaving safepoint region
[2019-12-09T02:23:24.678+0000][1][safepoint    ] Total time for which application threads were stopped: 0.0000664 seconds, Stopping threads took: 0.0000162 seconds
[2019-12-09T02:23:25.678+0000][1][safepoint    ] Application time: 1.0000787 seconds
[2019-12-09T02:23:25.678+0000][1][safepoint    ] Entering safepoint region: Cleanup
[2019-12-09T02:23:25.678+0000][1][safepoint    ] Leaving safepoint region
[2019-12-09T02:23:25.678+0000][1][safepoint    ] Total time for which application threads were stopped: 0.0000790 seconds, Stopping threads took: 0.0000170 seconds
[2019-12-09T02:23:26.678+0000][1][safepoint    ] Application time: 1.0000814 seconds
[2019-12-09T02:23:26.678+0000][1][safepoint    ] Entering safepoint region: Cleanup
[2019-12-09T02:23:26.678+0000][1][safepoint    ] Leaving safepoint region
[2019-12-09T02:23:26.678+0000][1][safepoint    ] Total time for which application threads were stopped: 0.0000646 seconds, Stopping threads took: 0.0000168 seconds
[2019-12-09T02:23:27.678+0000][1][safepoint    ] Application time: 1.0000768 seconds
[2019-12-09T02:23:27.678+0000][1][safepoint    ] Entering safepoint region: Cleanup
[2019-12-09T02:23:27.678+0000][1][safepoint    ] Leaving safepoint region
[2019-12-09T02:23:27.678+0000][1][safepoint    ] Total time for which application threads were stopped: 0.0000682 seconds, Stopping threads took: 0.0000186 seconds
[2019-12-09T02:23:28.678+0000][1][safepoint    ] Application time: 1.0000786 seconds
[2019-12-09T02:23:28.678+0000][1][safepoint    ] Entering safepoint region: Cleanup
[2019-12-09T02:23:28.678+0000][1][safepoint    ] Leaving safepoint region
[2019-12-09T02:23:28.678+0000][1][safepoint    ] Total time for which application threads were stopped: 0.0000679 seconds, Stopping threads took: 0.0000188 seconds
[2019-12-09T02:23:29.678+0000][1][safepoint    ] Application time: 1.0000758 seconds
[2019-12-09T02:23:29.678+0000][1][safepoint    ] Entering safepoint region: Cleanup
[2019-12-09T02:23:29.678+0000][1][safepoint    ] Leaving safepoint region
[2019-12-09T02:23:29.678+0000][1][safepoint    ] Total time for which application threads were stopped: 0.0000684 seconds, Stopping threads took: 0.0000179 seconds
[2019-12-09T02:23:30.679+0000][1][safepoint    ] Application time: 1.0000760 seconds
[2019-12-09T02:23:30.679+0000][1][safepoint    ] Entering safepoint region: Cleanup
[2019-12-09T02:23:30.679+0000][1][safepoint    ] Leaving safepoint region
[2019-12-09T02:23:30.679+0000][1][safepoint    ] Total time for which application threads were stopped: 0.0000815 seconds, Stopping threads took: 0.0000179 seconds
[2019-12-09T02:23:31.679+0000][1][safepoint    ] Application time: 1.0000783 seconds
[2019-12-09T02:23:31.679+0000][1][safepoint    ] Entering safepoint region: Cleanup
[2019-12-09T02:23:31.679+0000][1][safepoint    ] Leaving safepoint region
[2019-12-09T02:23:31.679+0000][1][safepoint    ] Total time for which application threads were stopped: 0.0000652 seconds, Stopping threads took: 0.0000166 seconds
[2019-12-09T02:23:32.679+0000][1][safepoint    ] Application time: 1.0000793 seconds
[2019-12-09T02:23:32.679+0000][1][safepoint    ] Entering safepoint region: Cleanup
[2019-12-09T02:23:32.679+0000][1][safepoint    ] Leaving safepoint region
[2019-12-09T02:23:32.679+0000][1][safepoint    ] Total time for which application threads were stopped: 0.0000672 seconds, Stopping threads took: 0.0000171 seconds
[2019-12-09T02:23:33.679+0000][1][safepoint    ] Application time: 1.0000793 seconds
[2019-12-09T02:23:33.679+0000][1][safepoint    ] Entering safepoint region: Cleanup
[2019-12-09T02:23:33.679+0000][1][safepoint    ] Leaving safepoint region
[2019-12-09T02:23:33.679+0000][1][safepoint    ] Total time for which application threads were stopped: 0.0000695 seconds, Stopping threads took: 0.0000192 seconds
[2019-12-09T02:23:34.679+0000][1][safepoint    ] Application time: 1.0000797 seconds
[2019-12-09T02:23:34.679+0000][1][safepoint    ] Entering safepoint region: Cleanup
[2019-12-09T02:23:34.679+0000][1][safepoint    ] Leaving safepoint region
[2019-12-09T02:23:34.679+0000][1][safepoint    ] Total time for which application threads were stopped: 0.0000663 seconds, Stopping threads took: 0.0000177 seconds
[2019-12-09T02:23:35.680+0000][1][safepoint    ] Application time: 1.0000758 seconds
[2019-12-09T02:23:35.680+0000][1][safepoint    ] Entering safepoint region: Cleanup
[2019-12-09T02:23:35.680+0000][1][safepoint    ] Leaving safepoint region
[2019-12-09T02:23:35.680+0000][1][safepoint    ] Total time for which application threads were stopped: 0.0000629 seconds, Stopping threads took: 0.0000174 seconds
[2019-12-09T02:23:37.487+0000][1][safepoint    ] Application time: 1.8076900 seconds
[2019-12-09T02:23:37.487+0000][1][safepoint    ] Entering safepoint region: Cleanup
[2019-12-09T02:23:37.487+0000][1][safepoint    ] Leaving safepoint region
[2019-12-09T02:23:37.487+0000][1][safepoint    ] Total time for which application threads were stopped: 0.0000673 seconds, Stopping threads took: 0.0000158 seconds
[2019-12-09T02:23:38.488+0000][1][safepoint    ] Application time: 1.0000784 seconds
[2019-12-09T02:23:38.488+0000][1][safepoint    ] Entering safepoint region: Cleanup
[2019-12-09T02:23:38.488+0000][1][safepoint    ] Leaving safepoint region
[2019-12-09T02:23:38.488+0000][1][safepoint    ] Total time for which application threads were stopped: 0.0000613 seconds, Stopping threads took: 0.0000145 seconds
[2019-12-09T02:23:39.488+0000][1][safepoint    ] Application time: 1.0000759 seconds
[2019-12-09T02:23:39.488+0000][1][safepoint    ] Entering safepoint region: Cleanup
[2019-12-09T02:23:39.488+0000][1][safepoint    ] Leaving safepoint region
[2019-12-09T02:23:39.488+0000][1][safepoint    ] Total time for which application threads were stopped: 0.0000709 seconds, Stopping threads took: 0.0000194 seconds
[2019-12-09T02:23:40.488+0000][1][safepoint    ] Application time: 1.0000784 seconds
[2019-12-09T02:23:40.488+0000][1][safepoint    ] Entering safepoint region: Cleanup
[2019-12-09T02:23:40.488+0000][1][safepoint    ] Leaving safepoint region
[2019-12-09T02:23:40.488+0000][1][safepoint    ] Total time for which application threads were stopped: 0.0000641 seconds, Stopping threads took: 0.0000160 seconds
[2019-12-09T02:23:41.488+0000][1][safepoint    ] Application time: 1.0000789 seconds
[2019-12-09T02:23:41.488+0000][1][safepoint    ] Entering safepoint region: Cleanup
[2019-12-09T02:23:41.488+0000][1][safepoint    ] Leaving safepoint region
[2019-12-09T02:23:41.488+0000][1][safepoint    ] Total time for which application threads were stopped: 0.0000617 seconds, Stopping threads took: 0.0000161 seconds
[2019-12-09T02:23:42.488+0000][1][safepoint    ] Application time: 1.0000801 seconds
[2019-12-09T02:23:42.488+0000][1][safepoint    ] Entering safepoint region: Cleanup
[2019-12-09T02:23:42.488+0000][1][safepoint    ] Leaving safepoint region
[2019-12-09T02:23:42.488+0000][1][safepoint    ] Total time for which application threads were stopped: 0.0000623 seconds, Stopping threads took: 0.0000157 seconds
[2019-12-09T02:23:43.488+0000][1][safepoint    ] Application time: 1.0000790 seconds
[2019-12-09T02:23:43.489+0000][1][safepoint    ] Entering safepoint region: Cleanup
[2019-12-09T02:23:43.489+0000][1][safepoint    ] Leaving safepoint region
[2019-12-09T02:23:43.489+0000][1][safepoint    ] Total time for which application threads were stopped: 0.0000643 seconds, Stopping threads took: 0.0000163 seconds
[2019-12-09T02:23:44.489+0000][1][safepoint    ] Application time: 1.0000904 seconds
[2019-12-09T02:23:44.489+0000][1][safepoint    ] Entering safepoint region: Cleanup
[2019-12-09T02:23:44.489+0000][1][safepoint    ] Leaving safepoint region
[2019-12-09T02:23:44.489+0000][1][safepoint    ] Total time for which application threads were stopped: 0.0000660 seconds, Stopping threads took: 0.0000168 seconds
[2019-12-09T02:23:45.489+0000][1][safepoint    ] Application time: 1.0000841 seconds
[2019-12-09T02:23:45.489+0000][1][safepoint    ] Entering safepoint region: Cleanup
[2019-12-09T02:23:45.489+0000][1][safepoint    ] Leaving safepoint region
[2019-12-09T02:23:45.489+0000][1][safepoint    ] Total time for which application threads were stopped: 0.0001551 seconds, Stopping threads took: 0.0000850 seconds
[2019-12-09T02:23:46.489+0000][1][safepoint    ] Application time: 1.0000920 seconds
[2019-12-09T02:23:46.489+0000][1][safepoint    ] Entering safepoint region: Cleanup
[2019-12-09T02:23:46.489+0000][1][safepoint    ] Leaving safepoint region
[2019-12-09T02:23:46.489+0000][1][safepoint    ] Total time for which application threads were stopped: 0.0000800 seconds, Stopping threads took: 0.0000215 seconds
[2019-12-09T02:23:47.489+0000][1][safepoint    ] Application time: 1.0000777 seconds
[2019-12-09T02:23:47.489+0000][1][safepoint    ] Entering safepoint region: Cleanup
[2019-12-09T02:23:47.489+0000][1][safepoint    ] Leaving safepoint region
[2019-12-09T02:23:47.489+0000][1][safepoint    ] Total time for which application threads were stopped: 0.0000643 seconds, Stopping threads took: 0.0000162 seconds
[2019-12-09T02:23:48.490+0000][1][safepoint    ] Application time: 1.0000807 seconds
[2019-12-09T02:23:48.490+0000][1][safepoint    ] Entering safepoint region: Cleanup
[2019-12-09T02:23:48.490+0000][1][safepoint    ] Leaving safepoint region
[2019-12-09T02:23:48.490+0000][1][safepoint    ] Total time for which application threads were stopped: 0.0000675 seconds, Stopping threads took: 0.0000200 seconds
[2019-12-09T02:23:49.490+0000][1][safepoint    ] Application time: 1.0000795 seconds
[2019-12-09T02:23:49.490+0000][1][safepoint    ] Entering safepoint region: Cleanup
[2019-12-09T02:23:49.490+0000][1][safepoint    ] Leaving safepoint region
[2019-12-09T02:23:49.490+0000][1][safepoint    ] Total time for which application threads were stopped: 0.0000631 seconds, Stopping threads took: 0.0000174 seconds
[2019-12-09T02:23:50.490+0000][1][safepoint    ] Application time: 1.0000809 seconds
[2019-12-09T02:23:50.490+0000][1][safepoint    ] Entering safepoint region: Cleanup
[2019-12-09T02:23:50.490+0000][1][safepoint    ] Leaving safepoint region
[2019-12-09T02:23:50.490+0000][1][safepoint    ] Total time for which application threads were stopped: 0.0000668 seconds, Stopping threads took: 0.0000171 seconds
[2019-12-09T02:23:51.490+0000][1][safepoint    ] Application time: 1.0001818 seconds
[2019-12-09T02:23:51.490+0000][1][safepoint    ] Entering safepoint region: Cleanup
[2019-12-09T02:23:51.490+0000][1][safepoint    ] Leaving safepoint region
[2019-12-09T02:23:51.490+0000][1][safepoint    ] Total time for which application threads were stopped: 0.0000835 seconds, Stopping threads took: 0.0000218 seconds
[2019-12-09T02:23:52.490+0000][1][safepoint    ] Application time: 1.0000944 seconds
[2019-12-09T02:23:52.491+0000][1][safepoint    ] Entering safepoint region: Cleanup
[2019-12-09T02:23:52.491+0000][1][safepoint    ] Leaving safepoint region
[2019-12-09T02:23:52.491+0000][1][safepoint    ] Total time for which application threads were stopped: 0.0001100 seconds, Stopping threads took: 0.0000243 seconds
[2019-12-09T02:23:53.491+0000][1][safepoint    ] Application time: 1.0000814 seconds
[2019-12-09T02:23:53.491+0000][1][safepoint    ] Entering safepoint region: Cleanup
[2019-12-09T02:23:53.491+0000][1][safepoint    ] Leaving safepoint region
[2019-12-09T02:23:53.491+0000][1][safepoint    ] Total time for which application threads were stopped: 0.0000994 seconds, Stopping threads took: 0.0000243 seconds
[2019-12-09T02:23:54.491+0000][1][safepoint    ] Application time: 1.0000766 seconds
[2019-12-09T02:23:54.491+0000][1][safepoint    ] Entering safepoint region: Cleanup
[2019-12-09T02:23:54.491+0000][1][safepoint    ] Leaving safepoint region
[2019-12-09T02:23:54.491+0000][1][safepoint    ] Total time for which application threads were stopped: 0.0000687 seconds, Stopping threads took: 0.0000171 seconds
[2019-12-09T02:23:55.491+0000][1][safepoint    ] Application time: 1.0000756 seconds
[2019-12-09T02:23:55.491+0000][1][safepoint    ] Entering safepoint region: Cleanup
[2019-12-09T02:23:55.491+0000][1][safepoint    ] Leaving safepoint region
[2019-12-09T02:23:55.491+0000][1][safepoint    ] Total time for which application threads were stopped: 0.0000651 seconds, Stopping threads took: 0.0000167 seconds
[2019-12-09T02:23:56.491+0000][1][safepoint    ] Application time: 1.0000752 seconds
[2019-12-09T02:23:56.491+0000][1][safepoint    ] Entering safepoint region: Cleanup
[2019-12-09T02:23:56.491+0000][1][safepoint    ] Leaving safepoint region
[2019-12-09T02:23:56.491+0000][1][safepoint    ] Total time for which application threads were stopped: 0.0000731 seconds, Stopping threads took: 0.0000184 seconds
[2019-12-09T02:23:57.492+0000][1][safepoint    ] Application time: 1.0000772 seconds
[2019-12-09T02:23:57.492+0000][1][safepoint    ] Entering safepoint region: Cleanup
[2019-12-09T02:23:57.492+0000][1][safepoint    ] Leaving safepoint region
[2019-12-09T02:23:57.492+0000][1][safepoint    ] Total time for which application threads were stopped: 0.0000673 seconds, Stopping threads took: 0.0000183 seconds
[2019-12-09T02:23:58.492+0000][1][safepoint    ] Application time: 1.0000754 seconds
[2019-12-09T02:23:58.492+0000][1][safepoint    ] Entering safepoint region: Cleanup
[2019-12-09T02:23:58.492+0000][1][safepoint    ] Leaving safepoint region
[2019-12-09T02:23:58.492+0000][1][safepoint    ] Total time for which application threads were stopped: 0.0000672 seconds, Stopping threads took: 0.0000188 seconds
[2019-12-09T02:23:59.492+0000][1][safepoint    ] Application time: 1.0000757 seconds
[2019-12-09T02:23:59.492+0000][1][safepoint    ] Entering safepoint region: Cleanup
[2019-12-09T02:23:59.492+0000][1][safepoint    ] Leaving safepoint region
[2019-12-09T02:23:59.492+0000][1][safepoint    ] Total time for which application threads were stopped: 0.0000708 seconds, Stopping threads took: 0.0000217 seconds
[2019-12-09T02:24:00.492+0000][1][safepoint    ] Application time: 1.0000767 seconds
[2019-12-09T02:24:00.492+0000][1][safepoint    ] Entering safepoint region: Cleanup
[2019-12-09T02:24:00.492+0000][1][safepoint    ] Leaving safepoint region
[2019-12-09T02:24:00.492+0000][1][safepoint    ] Total time for which application threads were stopped: 0.0000684 seconds, Stopping threads took: 0.0000179 seconds
[2019-12-09T02:24:01.492+0000][1][safepoint    ] Application time: 1.0000665 seconds
[2019-12-09T02:24:01.492+0000][1][safepoint    ] Entering safepoint region: Cleanup
[2019-12-09T02:24:01.492+0000][1][safepoint    ] Leaving safepoint region
[2019-12-09T02:24:01.492+0000][1][safepoint    ] Total time for which application threads were stopped: 0.0000651 seconds, Stopping threads took: 0.0000189 seconds
[2019-12-09T02:24:01.581+0000][1][safepoint    ] Application time: 0.0885036 seconds
[2019-12-09T02:24:01.581+0000][1][safepoint    ] Entering safepoint region: GenCollectForAllocation
[2019-12-09T02:24:01.581+0000][1][gc,start     ] GC(32) Pause Young (Allocation Failure)
[2019-12-09T02:24:01.581+0000][1][gc,task      ] GC(32) Using 2 workers of 2 for evacuation
[2019-12-09T02:24:01.583+0000][1][gc,age       ] GC(32) Desired survivor size 4456448 bytes, new threshold 6 (max threshold 6)
[2019-12-09T02:24:01.583+0000][1][gc,age       ] GC(32) Age table with threshold 6 (max threshold 6)
[2019-12-09T02:24:01.583+0000][1][gc,age       ] GC(32) - age   1:       7368 bytes,       7368 total
[2019-12-09T02:24:01.583+0000][1][gc,age       ] GC(32) - age   2:       5032 bytes,      12400 total
[2019-12-09T02:24:01.583+0000][1][gc,age       ] GC(32) - age   3:       4248 bytes,      16648 total
[2019-12-09T02:24:01.583+0000][1][gc,age       ] GC(32) - age   4:       2568 bytes,      19216 total
[2019-12-09T02:24:01.583+0000][1][gc,age       ] GC(32) - age   5:        688 bytes,      19904 total
[2019-12-09T02:24:01.583+0000][1][gc,age       ] GC(32) - age   6:       4800 bytes,      24704 total
[2019-12-09T02:24:01.583+0000][1][gc,heap      ] GC(32) ParNew: 70067K->35K(78656K)
[2019-12-09T02:24:01.583+0000][1][gc,heap      ] GC(32) CMS: 69556K->69562K(174784K)
[2019-12-09T02:24:01.583+0000][1][gc,metaspace ] GC(32) Metaspace: 68967K->68967K(1112064K)
[2019-12-09T02:24:01.583+0000][1][gc           ] GC(32) Pause Young (Allocation Failure) 136M->67M(247M) 1.773ms
[2019-12-09T02:24:01.583+0000][1][gc,cpu       ] GC(32) User=0.00s Sys=0.00s Real=0.00s
[2019-12-09T02:24:01.583+0000][1][safepoint    ] Leaving safepoint region
[2019-12-09T02:24:01.583+0000][1][safepoint    ] Total time for which application threads were stopped: 0.0019095 seconds, Stopping threads took: 0.0000167 seconds
[2019-12-09T02:24:02.583+0000][1][safepoint    ] Application time: 1.0000849 seconds
[2019-12-09T02:24:02.583+0000][1][safepoint    ] Entering safepoint region: Cleanup
[2019-12-09T02:24:02.583+0000][1][safepoint    ] Leaving safepoint region
[2019-12-09T02:24:02.583+0000][1][safepoint    ] Total time for which application threads were stopped: 0.0000775 seconds, Stopping threads took: 0.0000245 seconds
[2019-12-09T02:24:03.583+0000][1][safepoint    ] Application time: 1.0000768 seconds
[2019-12-09T02:24:03.583+0000][1][safepoint    ] Entering safepoint region: Cleanup
[2019-12-09T02:24:03.583+0000][1][safepoint    ] Leaving safepoint region
[2019-12-09T02:24:03.583+0000][1][safepoint    ] Total time for which application threads were stopped: 0.0000731 seconds, Stopping threads took: 0.0000176 seconds
[2019-12-09T02:24:04.583+0000][1][safepoint    ] Application time: 1.0000765 seconds
[2019-12-09T02:24:04.583+0000][1][safepoint    ] Entering safepoint region: Cleanup
[2019-12-09T02:24:04.583+0000][1][safepoint    ] Leaving safepoint region
[2019-12-09T02:24:04.583+0000][1][safepoint    ] Total time for which application threads were stopped: 0.0000643 seconds, Stopping threads took: 0.0000173 seconds
[2019-12-09T02:24:05.584+0000][1][safepoint    ] Application time: 1.0000767 seconds
[2019-12-09T02:24:05.584+0000][1][safepoint    ] Entering safepoint region: Cleanup
[2019-12-09T02:24:05.584+0000][1][safepoint    ] Leaving safepoint region
[2019-12-09T02:24:05.584+0000][1][safepoint    ] Total time for which application threads were stopped: 0.0000639 seconds, Stopping threads took: 0.0000176 seconds
[2019-12-09T02:24:06.584+0000][1][safepoint    ] Application time: 1.0000929 seconds
[2019-12-09T02:24:06.584+0000][1][safepoint    ] Entering safepoint region: Cleanup
[2019-12-09T02:24:06.584+0000][1][safepoint    ] Leaving safepoint region
[2019-12-09T02:24:06.584+0000][1][safepoint    ] Total time for which application threads were stopped: 0.0000730 seconds, Stopping threads took: 0.0000215 seconds
[2019-12-09T02:24:07.584+0000][1][safepoint    ] Application time: 1.0000825 seconds
[2019-12-09T02:24:07.584+0000][1][safepoint    ] Entering safepoint region: Cleanup
[2019-12-09T02:24:07.584+0000][1][safepoint    ] Leaving safepoint region
[2019-12-09T02:24:07.584+0000][1][safepoint    ] Total time for which application threads were stopped: 0.0000723 seconds, Stopping threads took: 0.0000227 seconds
[2019-12-09T02:24:08.584+0000][1][safepoint    ] Application time: 1.0000775 seconds
[2019-12-09T02:24:08.584+0000][1][safepoint    ] Entering safepoint region: Cleanup
[2019-12-09T02:24:08.584+0000][1][safepoint    ] Leaving safepoint region
[2019-12-09T02:24:08.584+0000][1][safepoint    ] Total time for which application threads were stopped: 0.0000633 seconds, Stopping threads took: 0.0000167 seconds
[2019-12-09T02:24:10.502+0000][1][safepoint    ] Application time: 1.9182761 seconds
[2019-12-09T02:24:10.503+0000][1][safepoint    ] Entering safepoint region: Cleanup
[2019-12-09T02:24:10.503+0000][1][safepoint    ] Leaving safepoint region
[2019-12-09T02:24:10.503+0000][1][safepoint    ] Total time for which application threads were stopped: 0.0000922 seconds, Stopping threads took: 0.0000163 seconds
[2019-12-09T02:24:11.503+0000][1][safepoint    ] Application time: 1.0001263 seconds
[2019-12-09T02:24:11.503+0000][1][safepoint    ] Entering safepoint region: Cleanup
[2019-12-09T02:24:11.503+0000][1][safepoint    ] Leaving safepoint region
[2019-12-09T02:24:11.503+0000][1][safepoint    ] Total time for which application threads were stopped: 0.0000701 seconds, Stopping threads took: 0.0000176 seconds
[2019-12-09T02:24:12.503+0000][1][safepoint    ] Application time: 1.0000975 seconds
[2019-12-09T02:24:12.503+0000][1][safepoint    ] Entering safepoint region: Cleanup
[2019-12-09T02:24:12.503+0000][1][safepoint    ] Leaving safepoint region
[2019-12-09T02:24:12.503+0000][1][safepoint    ] Total time for which application threads were stopped: 0.0000874 seconds, Stopping threads took: 0.0000232 seconds
[2019-12-09T02:24:13.503+0000][1][safepoint    ] Application time: 1.0000964 seconds
[2019-12-09T02:24:13.503+0000][1][safepoint    ] Entering safepoint region: Cleanup
[2019-12-09T02:24:13.503+0000][1][safepoint    ] Leaving safepoint region
[2019-12-09T02:24:13.503+0000][1][safepoint    ] Total time for which application threads were stopped: 0.0000995 seconds, Stopping threads took: 0.0000245 seconds
[2019-12-09T02:24:14.503+0000][1][safepoint    ] Application time: 1.0000757 seconds
[2019-12-09T02:24:14.503+0000][1][safepoint    ] Entering safepoint region: Cleanup
[2019-12-09T02:24:14.504+0000][1][safepoint    ] Leaving safepoint region
[2019-12-09T02:24:14.504+0000][1][safepoint    ] Total time for which application threads were stopped: 0.0000662 seconds, Stopping threads took: 0.0000177 seconds
[2019-12-09T02:24:15.504+0000][1][safepoint    ] Application time: 1.0000767 seconds
[2019-12-09T02:24:15.504+0000][1][safepoint    ] Entering safepoint region: Cleanup
[2019-12-09T02:24:15.504+0000][1][safepoint    ] Leaving safepoint region
[2019-12-09T02:24:15.504+0000][1][safepoint    ] Total time for which application threads were stopped: 0.0000767 seconds, Stopping threads took: 0.0000169 seconds
[2019-12-09T02:24:16.504+0000][1][safepoint    ] Application time: 1.0000749 seconds
[2019-12-09T02:24:16.504+0000][1][safepoint    ] Entering safepoint region: Cleanup
[2019-12-09T02:24:16.504+0000][1][safepoint    ] Leaving safepoint region
[2019-12-09T02:24:16.504+0000][1][safepoint    ] Total time for which application threads were stopped: 0.0000682 seconds, Stopping threads took: 0.0000185 seconds
[2019-12-09T02:24:17.504+0000][1][safepoint    ] Application time: 1.0000761 seconds
[2019-12-09T02:24:17.504+0000][1][safepoint    ] Entering safepoint region: Cleanup
[2019-12-09T02:24:17.504+0000][1][safepoint    ] Leaving safepoint region
[2019-12-09T02:24:17.504+0000][1][safepoint    ] Total time for which application threads were stopped: 0.0000656 seconds, Stopping threads took: 0.0000168 seconds
[2019-12-09T02:24:18.504+0000][1][safepoint    ] Application time: 1.0000758 seconds
[2019-12-09T02:24:18.504+0000][1][safepoint    ] Entering safepoint region: Cleanup
[2019-12-09T02:24:18.504+0000][1][safepoint    ] Leaving safepoint region
[2019-12-09T02:24:18.504+0000][1][safepoint    ] Total time for which application threads were stopped: 0.0000657 seconds, Stopping threads took: 0.0000176 seconds
[2019-12-09T02:24:19.504+0000][1][safepoint    ] Application time: 1.0000753 seconds
[2019-12-09T02:24:19.504+0000][1][safepoint    ] Entering safepoint region: Cleanup
[2019-12-09T02:24:19.504+0000][1][safepoint    ] Leaving safepoint region
[2019-12-09T02:24:19.504+0000][1][safepoint    ] Total time for which application threads were stopped: 0.0000673 seconds, Stopping threads took: 0.0000179 seconds
[2019-12-09T02:24:20.505+0000][1][safepoint    ] Application time: 1.0000777 seconds
[2019-12-09T02:24:20.505+0000][1][safepoint    ] Entering safepoint region: Cleanup
[2019-12-09T02:24:20.505+0000][1][safepoint    ] Leaving safepoint region
[2019-12-09T02:24:20.505+0000][1][safepoint    ] Total time for which application threads were stopped: 0.0000731 seconds, Stopping threads took: 0.0000176 seconds
[2019-12-09T02:24:21.505+0000][1][safepoint    ] Application time: 1.0000873 seconds
[2019-12-09T02:24:21.505+0000][1][safepoint    ] Entering safepoint region: Cleanup
[2019-12-09T02:24:21.505+0000][1][safepoint    ] Leaving safepoint region
[2019-12-09T02:24:21.505+0000][1][safepoint    ] Total time for which application threads were stopped: 0.0000707 seconds, Stopping threads took: 0.0000211 seconds
[2019-12-09T02:24:22.505+0000][1][safepoint    ] Application time: 1.0000782 seconds
[2019-12-09T02:24:22.505+0000][1][safepoint    ] Entering safepoint region: Cleanup
[2019-12-09T02:24:22.505+0000][1][safepoint    ] Leaving safepoint region
[2019-12-09T02:24:22.505+0000][1][safepoint    ] Total time for which application threads were stopped: 0.0000678 seconds, Stopping threads took: 0.0000174 seconds
[2019-12-09T02:24:23.505+0000][1][safepoint    ] Application time: 1.0000760 seconds
[2019-12-09T02:24:23.505+0000][1][safepoint    ] Entering safepoint region: Cleanup
[2019-12-09T02:24:23.505+0000][1][safepoint    ] Leaving safepoint region
[2019-12-09T02:24:23.505+0000][1][safepoint    ] Total time for which application threads were stopped: 0.0000666 seconds, Stopping threads took: 0.0000172 seconds
[2019-12-09T02:24:24.505+0000][1][safepoint    ] Application time: 1.0000758 seconds
[2019-12-09T02:24:24.505+0000][1][safepoint    ] Entering safepoint region: Cleanup
[2019-12-09T02:24:24.505+0000][1][safepoint    ] Leaving safepoint region
[2019-12-09T02:24:24.505+0000][1][safepoint    ] Total time for which application threads were stopped: 0.0000682 seconds, Stopping threads took: 0.0000176 seconds
[2019-12-09T02:24:25.506+0000][1][safepoint    ] Application time: 1.0000776 seconds
[2019-12-09T02:24:25.506+0000][1][safepoint    ] Entering safepoint region: Cleanup
[2019-12-09T02:24:25.506+0000][1][safepoint    ] Leaving safepoint region
[2019-12-09T02:24:25.506+0000][1][safepoint    ] Total time for which application threads were stopped: 0.0000671 seconds, Stopping threads took: 0.0000186 seconds
[2019-12-09T02:24:26.506+0000][1][safepoint    ] Application time: 1.0000763 seconds
[2019-12-09T02:24:26.506+0000][1][safepoint    ] Entering safepoint region: Cleanup
[2019-12-09T02:24:26.506+0000][1][safepoint    ] Leaving safepoint region
[2019-12-09T02:24:26.506+0000][1][safepoint    ] Total time for which application threads were stopped: 0.0000671 seconds, Stopping threads took: 0.0000179 seconds
[2019-12-09T02:24:27.506+0000][1][safepoint    ] Application time: 1.0000768 seconds
[2019-12-09T02:24:27.506+0000][1][safepoint    ] Entering safepoint region: Cleanup
[2019-12-09T02:24:27.506+0000][1][safepoint    ] Leaving safepoint region
[2019-12-09T02:24:27.506+0000][1][safepoint    ] Total time for which application threads were stopped: 0.0000693 seconds, Stopping threads took: 0.0000165 seconds
[2019-12-09T02:24:28.506+0000][1][safepoint    ] Application time: 1.0000776 seconds
[2019-12-09T02:24:28.506+0000][1][safepoint    ] Entering safepoint region: Cleanup
[2019-12-09T02:24:28.506+0000][1][safepoint    ] Leaving safepoint region
[2019-12-09T02:24:28.506+0000][1][safepoint    ] Total time for which application threads were stopped: 0.0000658 seconds, Stopping threads took: 0.0000175 seconds
[2019-12-09T02:24:29.506+0000][1][safepoint    ] Application time: 1.0000769 seconds
[2019-12-09T02:24:29.506+0000][1][safepoint    ] Entering safepoint region: Cleanup
[2019-12-09T02:24:29.506+0000][1][safepoint    ] Leaving safepoint region
[2019-12-09T02:24:29.506+0000][1][safepoint    ] Total time for which application threads were stopped: 0.0000723 seconds, Stopping threads took: 0.0000166 seconds
[2019-12-09T02:24:30.506+0000][1][safepoint    ] Application time: 1.0000766 seconds
[2019-12-09T02:24:30.507+0000][1][safepoint    ] Entering safepoint region: Cleanup
[2019-12-09T02:24:30.507+0000][1][safepoint    ] Leaving safepoint region
[2019-12-09T02:24:30.507+0000][1][safepoint    ] Total time for which application threads were stopped: 0.0000662 seconds, Stopping threads took: 0.0000178 seconds
[2019-12-09T02:24:31.507+0000][1][safepoint    ] Application time: 1.0000761 seconds
[2019-12-09T02:24:31.507+0000][1][safepoint    ] Entering safepoint region: Cleanup
[2019-12-09T02:24:31.507+0000][1][safepoint    ] Leaving safepoint region
[2019-12-09T02:24:31.507+0000][1][safepoint    ] Total time for which application threads were stopped: 0.0000676 seconds, Stopping threads took: 0.0000168 seconds
[2019-12-09T02:24:32.507+0000][1][safepoint    ] Application time: 1.0000759 seconds
[2019-12-09T02:24:32.507+0000][1][safepoint    ] Entering safepoint region: Cleanup
[2019-12-09T02:24:32.507+0000][1][safepoint    ] Leaving safepoint region
[2019-12-09T02:24:32.507+0000][1][safepoint    ] Total time for which application threads were stopped: 0.0000676 seconds, Stopping threads took: 0.0000175 seconds
[2019-12-09T02:24:33.507+0000][1][safepoint    ] Application time: 1.0000802 seconds
[2019-12-09T02:24:33.507+0000][1][safepoint    ] Entering safepoint region: Cleanup
[2019-12-09T02:24:33.507+0000][1][safepoint    ] Leaving safepoint region
[2019-12-09T02:24:33.507+0000][1][safepoint    ] Total time for which application threads were stopped: 0.0000688 seconds, Stopping threads took: 0.0000190 seconds
[2019-12-09T02:24:34.507+0000][1][safepoint    ] Application time: 1.0000868 seconds
[2019-12-09T02:24:34.507+0000][1][safepoint    ] Entering safepoint region: Cleanup
[2019-12-09T02:24:34.507+0000][1][safepoint    ] Leaving safepoint region
[2019-12-09T02:24:34.507+0000][1][safepoint    ] Total time for which application threads were stopped: 0.0000879 seconds, Stopping threads took: 0.0000247 seconds
[2019-12-09T02:24:35.507+0000][1][safepoint    ] Application time: 1.0000781 seconds
[2019-12-09T02:24:35.508+0000][1][safepoint    ] Entering safepoint region: Cleanup
[2019-12-09T02:24:35.508+0000][1][safepoint    ] Leaving safepoint region
[2019-12-09T02:24:35.508+0000][1][safepoint    ] Total time for which application threads were stopped: 0.0000644 seconds, Stopping threads took: 0.0000169 seconds
[2019-12-09T02:24:36.508+0000][1][safepoint    ] Application time: 1.0000766 seconds
[2019-12-09T02:24:36.508+0000][1][safepoint    ] Entering safepoint region: Cleanup
[2019-12-09T02:24:36.508+0000][1][safepoint    ] Leaving safepoint region
[2019-12-09T02:24:36.508+0000][1][safepoint    ] Total time for which application threads were stopped: 0.0000676 seconds, Stopping threads took: 0.0000186 seconds
[2019-12-09T02:24:37.508+0000][1][safepoint    ] Application time: 1.0000771 seconds
[2019-12-09T02:24:37.508+0000][1][safepoint    ] Entering safepoint region: Cleanup
[2019-12-09T02:24:37.508+0000][1][safepoint    ] Leaving safepoint region
[2019-12-09T02:24:37.508+0000][1][safepoint    ] Total time for which application threads were stopped: 0.0000636 seconds, Stopping threads took: 0.0000170 seconds
[2019-12-09T02:24:38.508+0000][1][safepoint    ] Application time: 1.0000759 seconds
[2019-12-09T02:24:38.508+0000][1][safepoint    ] Entering safepoint region: Cleanup
[2019-12-09T02:24:38.508+0000][1][safepoint    ] Leaving safepoint region
[2019-12-09T02:24:38.508+0000][1][safepoint    ] Total time for which application threads were stopped: 0.0000758 seconds, Stopping threads took: 0.0000266 seconds
[2019-12-09T02:24:39.508+0000][1][safepoint    ] Application time: 1.0000757 seconds
[2019-12-09T02:24:39.508+0000][1][safepoint    ] Entering safepoint region: Cleanup
[2019-12-09T02:24:39.508+0000][1][safepoint    ] Leaving safepoint region
[2019-12-09T02:24:39.508+0000][1][safepoint    ] Total time for which application threads were stopped: 0.0000646 seconds, Stopping threads took: 0.0000169 seconds
[2019-12-09T02:24:40.508+0000][1][safepoint    ] Application time: 1.0000751 seconds
[2019-12-09T02:24:40.508+0000][1][safepoint    ] Entering safepoint region: Cleanup
[2019-12-09T02:24:40.509+0000][1][safepoint    ] Leaving safepoint region
[2019-12-09T02:24:40.509+0000][1][safepoint    ] Total time for which application threads were stopped: 0.0000658 seconds, Stopping threads took: 0.0000180 seconds
[2019-12-09T02:24:41.509+0000][1][safepoint    ] Application time: 1.0000764 seconds
[2019-12-09T02:24:41.509+0000][1][safepoint    ] Entering safepoint region: Cleanup
[2019-12-09T02:24:41.509+0000][1][safepoint    ] Leaving safepoint region
[2019-12-09T02:24:41.509+0000][1][safepoint    ] Total time for which application threads were stopped: 0.0000781 seconds, Stopping threads took: 0.0000190 seconds
[2019-12-09T02:24:42.509+0000][1][safepoint    ] Application time: 1.0000762 seconds
[2019-12-09T02:24:42.509+0000][1][safepoint    ] Entering safepoint region: Cleanup
[2019-12-09T02:24:42.509+0000][1][safepoint    ] Leaving safepoint region
[2019-12-09T02:24:42.509+0000][1][safepoint    ] Total time for which application threads were stopped: 0.0000651 seconds, Stopping threads took: 0.0000177 seconds
[2019-12-09T02:24:43.240+0000][1][safepoint    ] Application time: 0.7306995 seconds
[2019-12-09T02:24:43.240+0000][1][safepoint    ] Entering safepoint region: RevokeBias
[2019-12-09T02:24:43.240+0000][1][safepoint    ] Leaving safepoint region
[2019-12-09T02:24:43.240+0000][1][safepoint    ] Total time for which application threads were stopped: 0.0001152 seconds, Stopping threads took: 0.0000186 seconds
[2019-12-09T02:24:43.240+0000][1][safepoint    ] Application time: 0.0000944 seconds
[2019-12-09T02:24:43.240+0000][1][safepoint    ] Entering safepoint region: RevokeBias
[2019-12-09T02:24:43.240+0000][1][safepoint    ] Leaving safepoint region
[2019-12-09T02:24:43.240+0000][1][safepoint    ] Total time for which application threads were stopped: 0.0000568 seconds, Stopping threads took: 0.0000117 seconds
[2019-12-09T02:24:43.241+0000][1][safepoint    ] Application time: 0.0009061 seconds
[2019-12-09T02:24:43.251+0000][1][safepoint    ] Entering safepoint region: RevokeBias
[2019-12-09T02:24:43.251+0000][1][safepoint    ] Leaving safepoint region
[2019-12-09T02:24:43.251+0000][1][safepoint    ] Total time for which application threads were stopped: 0.0101739 seconds, Stopping threads took: 0.0101213 seconds
[2019-12-09T02:24:43.251+0000][1][safepoint    ] Application time: 0.0001868 seconds
[2019-12-09T02:24:43.251+0000][1][safepoint    ] Entering safepoint region: RevokeBias
[2019-12-09T02:24:43.251+0000][1][safepoint    ] Leaving safepoint region
[2019-12-09T02:24:43.251+0000][1][safepoint    ] Total time for which application threads were stopped: 0.0000605 seconds, Stopping threads took: 0.0000115 seconds
[2019-12-09T02:24:43.252+0000][1][safepoint    ] Application time: 0.0002933 seconds
[2019-12-09T02:24:43.252+0000][1][safepoint    ] Entering safepoint region: RevokeBias
[2019-12-09T02:24:43.252+0000][1][safepoint    ] Leaving safepoint region
[2019-12-09T02:24:43.252+0000][1][safepoint    ] Total time for which application threads were stopped: 0.0000440 seconds, Stopping threads took: 0.0000105 seconds
[2019-12-09T02:24:43.253+0000][1][safepoint    ] Application time: 0.0008152 seconds
[2019-12-09T02:24:43.253+0000][1][safepoint    ] Entering safepoint region: RevokeBias
[2019-12-09T02:24:43.253+0000][1][safepoint    ] Leaving safepoint region
[2019-12-09T02:24:43.253+0000][1][safepoint    ] Total time for which application threads were stopped: 0.0000575 seconds, Stopping threads took: 0.0000131 seconds
[2019-12-09T02:24:43.253+0000][1][safepoint    ] Application time: 0.0001145 seconds
[2019-12-09T02:24:43.253+0000][1][safepoint    ] Entering safepoint region: RevokeBias
[2019-12-09T02:24:43.253+0000][1][safepoint    ] Leaving safepoint region
[2019-12-09T02:24:43.253+0000][1][safepoint    ] Total time for which application threads were stopped: 0.0000454 seconds, Stopping threads took: 0.0000108 seconds
[2019-12-09T02:24:43.255+0000][1][safepoint    ] Application time: 0.0021412 seconds
[2019-12-09T02:24:43.255+0000][1][safepoint    ] Entering safepoint region: RevokeBias
[2019-12-09T02:24:43.255+0000][1][safepoint    ] Leaving safepoint region
[2019-12-09T02:24:43.255+0000][1][safepoint    ] Total time for which application threads were stopped: 0.0000639 seconds, Stopping threads took: 0.0000132 seconds
[2019-12-09T02:24:43.255+0000][1][safepoint    ] Application time: 0.0002029 seconds
[2019-12-09T02:24:43.255+0000][1][safepoint    ] Entering safepoint region: RevokeBias
[2019-12-09T02:24:43.255+0000][1][safepoint    ] Leaving safepoint region
[2019-12-09T02:24:43.255+0000][1][safepoint    ] Total time for which application threads were stopped: 0.0000644 seconds, Stopping threads took: 0.0000099 seconds
[2019-12-09T02:24:43.258+0000][1][safepoint    ] Application time: 0.0023674 seconds
[2019-12-09T02:24:43.259+0000][1][safepoint    ] Entering safepoint region: RevokeBias
[2019-12-09T02:24:43.259+0000][1][safepoint    ] Leaving safepoint region
[2019-12-09T02:24:43.259+0000][1][safepoint    ] Total time for which application threads were stopped: 0.0009280 seconds, Stopping threads took: 0.0008764 seconds
[2019-12-09T02:24:43.259+0000][1][safepoint    ] Application time: 0.0002477 seconds
[2019-12-09T02:24:43.259+0000][1][safepoint    ] Entering safepoint region: RevokeBias
[2019-12-09T02:24:43.259+0000][1][safepoint    ] Leaving safepoint region
[2019-12-09T02:24:43.259+0000][1][safepoint    ] Total time for which application threads were stopped: 0.0000578 seconds, Stopping threads took: 0.0000127 seconds
[2019-12-09T02:24:43.261+0000][1][safepoint    ] Application time: 0.0018839 seconds
[2019-12-09T02:24:43.261+0000][1][safepoint    ] Entering safepoint region: RevokeBias
[2019-12-09T02:24:43.261+0000][1][safepoint    ] Leaving safepoint region
[2019-12-09T02:24:43.261+0000][1][safepoint    ] Total time for which application threads were stopped: 0.0001143 seconds, Stopping threads took: 0.0000408 seconds
[2019-12-09T02:24:43.264+0000][1][safepoint    ] Application time: 0.0032669 seconds
[2019-12-09T02:24:43.264+0000][1][safepoint    ] Entering safepoint region: RevokeBias
[2019-12-09T02:24:43.264+0000][1][safepoint    ] Leaving safepoint region
[2019-12-09T02:24:43.264+0000][1][safepoint    ] Total time for which application threads were stopped: 0.0000804 seconds, Stopping threads took: 0.0000153 seconds
[2019-12-09T02:24:43.265+0000][1][safepoint    ] Application time: 0.0004263 seconds
[2019-12-09T02:24:43.293+0000][1][safepoint    ] Entering safepoint region: RevokeBias
[2019-12-09T02:24:43.293+0000][1][safepoint    ] Leaving safepoint region
[2019-12-09T02:24:43.293+0000][1][safepoint    ] Total time for which application threads were stopped: 0.0281111 seconds, Stopping threads took: 0.0280278 seconds
[2019-12-09T02:24:43.294+0000][1][safepoint    ] Application time: 0.0005793 seconds
[2019-12-09T02:24:43.294+0000][1][safepoint    ] Entering safepoint region: RevokeBias
[2019-12-09T02:24:43.294+0000][1][safepoint    ] Leaving safepoint region
[2019-12-09T02:24:43.294+0000][1][safepoint    ] Total time for which application threads were stopped: 0.0000697 seconds, Stopping threads took: 0.0000231 seconds
[2019-12-09T02:24:43.297+0000][1][safepoint    ] Application time: 0.0035662 seconds
[2019-12-09T02:24:43.297+0000][1][safepoint    ] Entering safepoint region: RevokeBias
[2019-12-09T02:24:43.297+0000][1][safepoint    ] Leaving safepoint region
[2019-12-09T02:24:43.297+0000][1][safepoint    ] Total time for which application threads were stopped: 0.0000580 seconds, Stopping threads took: 0.0000160 seconds
[2019-12-09T02:24:43.297+0000][1][safepoint    ] Application time: 0.0000905 seconds
[2019-12-09T02:24:43.297+0000][1][safepoint    ] Entering safepoint region: RevokeBias
[2019-12-09T02:24:43.297+0000][1][safepoint    ] Leaving safepoint region
[2019-12-09T02:24:43.297+0000][1][safepoint    ] Total time for which application threads were stopped: 0.0000489 seconds, Stopping threads took: 0.0000110 seconds
[2019-12-09T02:24:43.298+0000][1][safepoint    ] Application time: 0.0001554 seconds
[2019-12-09T02:24:43.298+0000][1][safepoint    ] Entering safepoint region: RevokeBias
[2019-12-09T02:24:43.298+0000][1][safepoint    ] Leaving safepoint region
[2019-12-09T02:24:43.298+0000][1][safepoint    ] Total time for which application threads were stopped: 0.0000484 seconds, Stopping threads took: 0.0000105 seconds
[2019-12-09T02:24:43.298+0000][1][safepoint    ] Application time: 0.0000902 seconds
[2019-12-09T02:24:43.298+0000][1][safepoint    ] Entering safepoint region: RevokeBias
[2019-12-09T02:24:43.298+0000][1][safepoint    ] Leaving safepoint region
[2019-12-09T02:24:43.298+0000][1][safepoint    ] Total time for which application threads were stopped: 0.0000479 seconds, Stopping threads took: 0.0000111 seconds
[2019-12-09T02:24:43.298+0000][1][safepoint    ] Application time: 0.0002649 seconds
[2019-12-09T02:24:43.298+0000][1][safepoint    ] Entering safepoint region: RevokeBias
[2019-12-09T02:24:43.298+0000][1][safepoint    ] Leaving safepoint region
[2019-12-09T02:24:43.298+0000][1][safepoint    ] Total time for which application threads were stopped: 0.0000547 seconds, Stopping threads took: 0.0000123 seconds
[2019-12-09T02:24:43.298+0000][1][safepoint    ] Application time: 0.0000715 seconds
[2019-12-09T02:24:43.298+0000][1][safepoint    ] Entering safepoint region: RevokeBias
[2019-12-09T02:24:43.298+0000][1][safepoint    ] Leaving safepoint region
[2019-12-09T02:24:43.298+0000][1][safepoint    ] Total time for which application threads were stopped: 0.0000424 seconds, Stopping threads took: 0.0000092 seconds
[2019-12-09T02:24:43.299+0000][1][safepoint    ] Application time: 0.0004164 seconds
[2019-12-09T02:24:43.299+0000][1][safepoint    ] Entering safepoint region: RevokeBias
[2019-12-09T02:24:43.299+0000][1][safepoint    ] Leaving safepoint region
[2019-12-09T02:24:43.299+0000][1][safepoint    ] Total time for which application threads were stopped: 0.0000600 seconds, Stopping threads took: 0.0000128 seconds
[2019-12-09T02:24:43.313+0000][1][safepoint    ] Application time: 0.0139410 seconds
[2019-12-09T02:24:43.313+0000][1][safepoint    ] Entering safepoint region: RevokeBias
[2019-12-09T02:24:43.313+0000][1][safepoint    ] Leaving safepoint region
[2019-12-09T02:24:43.313+0000][1][safepoint    ] Total time for which application threads were stopped: 0.0001041 seconds, Stopping threads took: 0.0000126 seconds
[2019-12-09T02:24:43.326+0000][1][safepoint    ] Application time: 0.0129434 seconds
[2019-12-09T02:24:43.326+0000][1][safepoint    ] Entering safepoint region: RevokeBias
[2019-12-09T02:24:43.326+0000][1][safepoint    ] Leaving safepoint region
[2019-12-09T02:24:43.326+0000][1][safepoint    ] Total time for which application threads were stopped: 0.0000852 seconds, Stopping threads took: 0.0000152 seconds
[2019-12-09T02:24:43.326+0000][1][safepoint    ] Application time: 0.0002962 seconds
[2019-12-09T02:24:43.326+0000][1][safepoint    ] Entering safepoint region: RevokeBias
[2019-12-09T02:24:43.326+0000][1][safepoint    ] Leaving safepoint region
[2019-12-09T02:24:43.326+0000][1][safepoint    ] Total time for which application threads were stopped: 0.0000770 seconds, Stopping threads took: 0.0000121 seconds
[2019-12-09T02:24:43.369+0000][1][safepoint    ] Application time: 0.0426640 seconds
[2019-12-09T02:24:43.369+0000][1][safepoint    ] Entering safepoint region: RevokeBias
[2019-12-09T02:24:43.369+0000][1][safepoint    ] Leaving safepoint region
[2019-12-09T02:24:43.369+0000][1][safepoint    ] Total time for which application threads were stopped: 0.0003549 seconds, Stopping threads took: 0.0001443 seconds
[2019-12-09T02:24:43.370+0000][1][safepoint    ] Application time: 0.0005890 seconds
[2019-12-09T02:24:43.370+0000][1][safepoint    ] Entering safepoint region: BulkRevokeBias
[2019-12-09T02:24:43.370+0000][1][safepoint    ] Leaving safepoint region
[2019-12-09T02:24:43.371+0000][1][safepoint    ] Total time for which application threads were stopped: 0.0004797 seconds, Stopping threads took: 0.0000282 seconds
[2019-12-09T02:24:43.419+0000][1][safepoint    ] Application time: 0.0489557 seconds
[2019-12-09T02:24:43.420+0000][1][safepoint    ] Entering safepoint region: RevokeBias
[2019-12-09T02:24:43.420+0000][1][safepoint    ] Leaving safepoint region
[2019-12-09T02:24:43.420+0000][1][safepoint    ] Total time for which application threads were stopped: 0.0001190 seconds, Stopping threads took: 0.0000163 seconds
[2019-12-09T02:24:43.420+0000][1][safepoint    ] Application time: 0.0001498 seconds
[2019-12-09T02:24:43.420+0000][1][safepoint    ] Entering safepoint region: RevokeBias
[2019-12-09T02:24:43.420+0000][1][safepoint    ] Leaving safepoint region
[2019-12-09T02:24:43.420+0000][1][safepoint    ] Total time for which application threads were stopped: 0.0000746 seconds, Stopping threads took: 0.0000122 seconds
[2019-12-09T02:24:43.420+0000][1][safepoint    ] Application time: 0.0000592 seconds
[2019-12-09T02:24:43.420+0000][1][safepoint    ] Entering safepoint region: RevokeBias
[2019-12-09T02:24:43.420+0000][1][safepoint    ] Leaving safepoint region
[2019-12-09T02:24:43.420+0000][1][safepoint    ] Total time for which application threads were stopped: 0.0000547 seconds, Stopping threads took: 0.0000095 seconds
[2019-12-09T02:24:43.458+0000][1][safepoint    ] Application time: 0.0380088 seconds
[2019-12-09T02:24:43.458+0000][1][safepoint    ] Entering safepoint region: RevokeBias
[2019-12-09T02:24:43.458+0000][1][safepoint    ] Leaving safepoint region
[2019-12-09T02:24:43.458+0000][1][safepoint    ] Total time for which application threads were stopped: 0.0001737 seconds, Stopping threads took: 0.0000877 seconds
[2019-12-09T02:24:43.460+0000][1][safepoint    ] Application time: 0.0015187 seconds
[2019-12-09T02:24:43.460+0000][1][safepoint    ] Entering safepoint region: RevokeBias
[2019-12-09T02:24:43.460+0000][1][safepoint    ] Leaving safepoint region
[2019-12-09T02:24:43.460+0000][1][safepoint    ] Total time for which application threads were stopped: 0.0000902 seconds, Stopping threads took: 0.0000154 seconds
[2019-12-09T02:24:43.460+0000][1][safepoint    ] Application time: 0.0000621 seconds
[2019-12-09T02:24:43.460+0000][1][safepoint    ] Entering safepoint region: RevokeBias
[2019-12-09T02:24:43.460+0000][1][safepoint    ] Leaving safepoint region
[2019-12-09T02:24:43.460+0000][1][safepoint    ] Total time for which application threads were stopped: 0.0000584 seconds, Stopping threads took: 0.0000089 seconds
[2019-12-09T02:24:43.752+0000][1][safepoint    ] Application time: 0.2918383 seconds
[2019-12-09T02:24:43.752+0000][1][safepoint    ] Entering safepoint region: RevokeBias
[2019-12-09T02:24:43.752+0000][1][safepoint    ] Leaving safepoint region
[2019-12-09T02:24:43.752+0000][1][safepoint    ] Total time for which application threads were stopped: 0.0001151 seconds, Stopping threads took: 0.0000192 seconds
[2019-12-09T02:24:43.752+0000][1][safepoint    ] Application time: 0.0003420 seconds
[2019-12-09T02:24:43.752+0000][1][safepoint    ] Entering safepoint region: RevokeBias
[2019-12-09T02:24:43.752+0000][1][safepoint    ] Leaving safepoint region
[2019-12-09T02:24:43.752+0000][1][safepoint    ] Total time for which application threads were stopped: 0.0000559 seconds, Stopping threads took: 0.0000114 seconds
[2019-12-09T02:24:43.752+0000][1][safepoint    ] Application time: 0.0000502 seconds
[2019-12-09T02:24:43.752+0000][1][safepoint    ] Entering safepoint region: RevokeBias
[2019-12-09T02:24:43.753+0000][1][safepoint    ] Leaving safepoint region
[2019-12-09T02:24:43.753+0000][1][safepoint    ] Total time for which application threads were stopped: 0.0000363 seconds, Stopping threads took: 0.0000077 seconds
[2019-12-09T02:24:43.753+0000][1][safepoint    ] Application time: 0.0000453 seconds
[2019-12-09T02:24:43.753+0000][1][safepoint    ] Entering safepoint region: RevokeBias
[2019-12-09T02:24:43.753+0000][1][safepoint    ] Leaving safepoint region
[2019-12-09T02:24:43.753+0000][1][safepoint    ] Total time for which application threads were stopped: 0.0000358 seconds, Stopping threads took: 0.0000076 seconds
[2019-12-09T02:24:43.753+0000][1][safepoint    ] Application time: 0.0001145 seconds
[2019-12-09T02:24:43.753+0000][1][safepoint    ] Entering safepoint region: RevokeBias
[2019-12-09T02:24:43.753+0000][1][safepoint    ] Leaving safepoint region
[2019-12-09T02:24:43.753+0000][1][safepoint    ] Total time for which application threads were stopped: 0.0000426 seconds, Stopping threads took: 0.0000085 seconds
[2019-12-09T02:24:43.753+0000][1][safepoint    ] Application time: 0.0000453 seconds
[2019-12-09T02:24:43.753+0000][1][safepoint    ] Entering safepoint region: RevokeBias
[2019-12-09T02:24:43.753+0000][1][safepoint    ] Leaving safepoint region
[2019-12-09T02:24:43.753+0000][1][safepoint    ] Total time for which application threads were stopped: 0.0000361 seconds, Stopping threads took: 0.0000073 seconds
[2019-12-09T02:24:43.755+0000][1][safepoint    ] Application time: 0.0018475 seconds
[2019-12-09T02:24:43.755+0000][1][safepoint    ] Entering safepoint region: RevokeBias
[2019-12-09T02:24:43.755+0000][1][safepoint    ] Leaving safepoint region
[2019-12-09T02:24:43.755+0000][1][safepoint    ] Total time for which application threads were stopped: 0.0000590 seconds, Stopping threads took: 0.0000131 seconds
[2019-12-09T02:24:43.755+0000][1][safepoint    ] Application time: 0.0000626 seconds
[2019-12-09T02:24:43.755+0000][1][safepoint    ] Entering safepoint region: RevokeBias
[2019-12-09T02:24:43.755+0000][1][safepoint    ] Leaving safepoint region
[2019-12-09T02:24:43.755+0000][1][safepoint    ] Total time for which application threads were stopped: 0.0000496 seconds, Stopping threads took: 0.0000097 seconds
[2019-12-09T02:24:43.755+0000][1][safepoint    ] Application time: 0.0000557 seconds
[2019-12-09T02:24:43.755+0000][1][safepoint    ] Entering safepoint region: RevokeBias
[2019-12-09T02:24:43.755+0000][1][safepoint    ] Leaving safepoint region
[2019-12-09T02:24:43.755+0000][1][safepoint    ] Total time for which application threads were stopped: 0.0000424 seconds, Stopping threads took: 0.0000088 seconds
[2019-12-09T02:24:43.755+0000][1][safepoint    ] Application time: 0.0000781 seconds
[2019-12-09T02:24:43.755+0000][1][safepoint    ] Entering safepoint region: RevokeBias
[2019-12-09T02:24:43.755+0000][1][safepoint    ] Leaving safepoint region
[2019-12-09T02:24:43.755+0000][1][safepoint    ] Total time for which application threads were stopped: 0.0000338 seconds, Stopping threads took: 0.0000074 seconds
[2019-12-09T02:24:43.755+0000][1][safepoint    ] Application time: 0.0000586 seconds
[2019-12-09T02:24:43.755+0000][1][safepoint    ] Entering safepoint region: RevokeBias
[2019-12-09T02:24:43.755+0000][1][safepoint    ] Leaving safepoint region
[2019-12-09T02:24:43.755+0000][1][safepoint    ] Total time for which application threads were stopped: 0.0000325 seconds, Stopping threads took: 0.0000071 seconds
[2019-12-09T02:24:43.755+0000][1][safepoint    ] Application time: 0.0000683 seconds
[2019-12-09T02:24:43.755+0000][1][safepoint    ] Entering safepoint region: RevokeBias
[2019-12-09T02:24:43.755+0000][1][safepoint    ] Leaving safepoint region
[2019-12-09T02:24:43.755+0000][1][safepoint    ] Total time for which application threads were stopped: 0.0000327 seconds, Stopping threads took: 0.0000074 seconds
[2019-12-09T02:24:43.756+0000][1][safepoint    ] Application time: 0.0007988 seconds
[2019-12-09T02:24:43.756+0000][1][safepoint    ] Entering safepoint region: RevokeBias
[2019-12-09T02:24:43.756+0000][1][safepoint    ] Leaving safepoint region
[2019-12-09T02:24:43.756+0000][1][safepoint    ] Total time for which application threads were stopped: 0.0000569 seconds, Stopping threads took: 0.0000119 seconds
[2019-12-09T02:24:43.757+0000][1][safepoint    ] Application time: 0.0003951 seconds
[2019-12-09T02:24:43.757+0000][1][safepoint    ] Entering safepoint region: BulkRevokeBias
[2019-12-09T02:24:43.757+0000][1][safepoint    ] Leaving safepoint region
[2019-12-09T02:24:43.757+0000][1][safepoint    ] Total time for which application threads were stopped: 0.0003177 seconds, Stopping threads took: 0.0000115 seconds
[2019-12-09T02:24:43.763+0000][1][safepoint    ] Application time: 0.0058704 seconds
[2019-12-09T02:24:43.763+0000][1][safepoint    ] Entering safepoint region: RevokeBias
[2019-12-09T02:24:43.763+0000][1][safepoint    ] Leaving safepoint region
[2019-12-09T02:24:43.763+0000][1][safepoint    ] Total time for which application threads were stopped: 0.0000629 seconds, Stopping threads took: 0.0000095 seconds
[2019-12-09T02:24:43.764+0000][1][safepoint    ] Application time: 0.0008011 seconds
[2019-12-09T02:24:43.764+0000][1][safepoint    ] Entering safepoint region: RevokeBias
[2019-12-09T02:24:43.764+0000][1][safepoint    ] Leaving safepoint region
[2019-12-09T02:24:43.764+0000][1][safepoint    ] Total time for which application threads were stopped: 0.0000646 seconds, Stopping threads took: 0.0000108 seconds
[2019-12-09T02:24:43.764+0000][1][safepoint    ] Application time: 0.0000700 seconds
[2019-12-09T02:24:43.764+0000][1][safepoint    ] Entering safepoint region: RevokeBias
[2019-12-09T02:24:43.764+0000][1][safepoint    ] Leaving safepoint region
[2019-12-09T02:24:43.764+0000][1][safepoint    ] Total time for which application threads were stopped: 0.0000369 seconds, Stopping threads took: 0.0000080 seconds
[2019-12-09T02:24:43.765+0000][1][safepoint    ] Application time: 0.0007242 seconds
[2019-12-09T02:24:43.765+0000][1][safepoint    ] Entering safepoint region: RevokeBias
[2019-12-09T02:24:43.765+0000][1][safepoint    ] Leaving safepoint region
[2019-12-09T02:24:43.765+0000][1][safepoint    ] Total time for which application threads were stopped: 0.0000554 seconds, Stopping threads took: 0.0000102 seconds
[2019-12-09T02:24:43.817+0000][1][safepoint    ] Application time: 0.0518639 seconds
[2019-12-09T02:24:43.817+0000][1][safepoint    ] Entering safepoint region: RevokeBias
[2019-12-09T02:24:43.817+0000][1][safepoint    ] Leaving safepoint region
[2019-12-09T02:24:43.817+0000][1][safepoint    ] Total time for which application threads were stopped: 0.0000772 seconds, Stopping threads took: 0.0000131 seconds
[2019-12-09T02:24:43.821+0000][1][safepoint    ] Application time: 0.0044885 seconds
[2019-12-09T02:24:43.821+0000][1][safepoint    ] Entering safepoint region: RevokeBias
[2019-12-09T02:24:43.821+0000][1][safepoint    ] Leaving safepoint region
[2019-12-09T02:24:43.821+0000][1][safepoint    ] Total time for which application threads were stopped: 0.0000748 seconds, Stopping threads took: 0.0000153 seconds
[2019-12-09T02:24:43.823+0000][1][safepoint    ] Application time: 0.0016107 seconds
[2019-12-09T02:24:43.823+0000][1][safepoint    ] Entering safepoint region: RevokeBias
[2019-12-09T02:24:43.823+0000][1][safepoint    ] Leaving safepoint region
[2019-12-09T02:24:43.823+0000][1][safepoint    ] Total time for which application threads were stopped: 0.0000691 seconds, Stopping threads took: 0.0000162 seconds
[2019-12-09T02:24:43.831+0000][1][safepoint    ] Application time: 0.0077656 seconds
[2019-12-09T02:24:43.831+0000][1][safepoint    ] Entering safepoint region: RevokeBias
[2019-12-09T02:24:43.831+0000][1][safepoint    ] Leaving safepoint region
[2019-12-09T02:24:43.831+0000][1][safepoint    ] Total time for which application threads were stopped: 0.0000338 seconds, Stopping threads took: 0.0000103 seconds
[2019-12-09T02:24:43.831+0000][1][safepoint    ] Application time: 0.0001154 seconds
[2019-12-09T02:24:43.831+0000][1][safepoint    ] Entering safepoint region: RevokeBias
[2019-12-09T02:24:43.831+0000][1][safepoint    ] Leaving safepoint region
[2019-12-09T02:24:43.831+0000][1][safepoint    ] Total time for which application threads were stopped: 0.0000265 seconds, Stopping threads took: 0.0000077 seconds
[2019-12-09T02:24:43.833+0000][1][safepoint    ] Application time: 0.0018263 seconds
[2019-12-09T02:24:43.833+0000][1][safepoint    ] Entering safepoint region: RevokeBias
[2019-12-09T02:24:43.833+0000][1][safepoint    ] Leaving safepoint region
[2019-12-09T02:24:43.833+0000][1][safepoint    ] Total time for which application threads were stopped: 0.0000463 seconds, Stopping threads took: 0.0000112 seconds
[2019-12-09T02:24:43.849+0000][1][gc,heap,exit ] Heap
[2019-12-09T02:24:43.849+0000][1][gc,heap,exit ]  par new generation   total 78656K, used 35600K [0x00000000f0000000, 0x00000000f5550000, 0x00000000f5550000)
[2019-12-09T02:24:43.849+0000][1][gc,heap,exit ]   eden space 69952K,  50% used [0x00000000f0000000, 0x00000000f22bb320, 0x00000000f4450000)
[2019-12-09T02:24:43.849+0000][1][gc,heap,exit ]   from space 8704K,   0% used [0x00000000f4cd0000, 0x00000000f4cd8fd0, 0x00000000f5550000)
[2019-12-09T02:24:43.849+0000][1][gc,heap,exit ]   to   space 8704K,   0% used [0x00000000f4450000, 0x00000000f4450000, 0x00000000f4cd0000)
[2019-12-09T02:24:43.849+0000][1][gc,heap,exit ]  concurrent mark-sweep generation total 174784K, used 69562K [0x00000000f5550000, 0x0000000100000000, 0x0000000100000000)
[2019-12-09T02:24:43.849+0000][1][gc,heap,exit ]  Metaspace       used 69253K, capacity 74359K, committed 74620K, reserved 1112064K
[2019-12-09T02:24:43.849+0000][1][gc,heap,exit ]   class space    used 9342K, capacity 11530K, committed 11552K, reserved 1048576K
[2019-12-09T02:24:43.849+0000][1][safepoint    ] Application time: 0.0158991 seconds
[2019-12-09T02:24:43.849+0000][1][safepoint    ] Entering safepoint region: Exit
