[2019-12-09T03:05:01.077+0000][1][gc] Using Concurrent Mark Sweep
[2019-12-09T03:05:01.077+0000][1][gc,heap,coops] Heap address: 0x00000000f0000000, size: 256 MB, Compressed Oops mode: 32-bit
[2019-12-09T03:05:01.683+0000][1][safepoint    ] Entering safepoint region: EnableBiasedLocking
[2019-12-09T03:05:01.683+0000][1][safepoint    ] Leaving safepoint region
[2019-12-09T03:05:01.683+0000][1][safepoint    ] Total time for which application threads were stopped: 0.0001369 seconds, Stopping threads took: 0.0000414 seconds
[2019-12-09T03:05:01.711+0000][1][safepoint    ] Application time: 0.0276665 seconds
[2019-12-09T03:05:01.734+0000][1][safepoint    ] Entering safepoint region: RevokeBias
[2019-12-09T03:05:01.734+0000][1][safepoint    ] Leaving safepoint region
[2019-12-09T03:05:01.735+0000][1][safepoint    ] Total time for which application threads were stopped: 0.0237551 seconds, Stopping threads took: 0.0236683 seconds
[2019-12-09T03:05:01.914+0000][1][safepoint    ] Application time: 0.1790325 seconds
[2019-12-09T03:05:01.914+0000][1][safepoint    ] Entering safepoint region: Deoptimize
[2019-12-09T03:05:01.914+0000][1][safepoint    ] Leaving safepoint region
[2019-12-09T03:05:01.914+0000][1][safepoint    ] Total time for which application threads were stopped: 0.0000656 seconds, Stopping threads took: 0.0000107 seconds
[2019-12-09T03:05:02.501+0000][1][safepoint    ] Application time: 0.5877404 seconds
[2019-12-09T03:05:02.501+0000][1][safepoint    ] Entering safepoint region: RevokeBias
[2019-12-09T03:05:02.502+0000][1][safepoint    ] Leaving safepoint region
[2019-12-09T03:05:02.502+0000][1][safepoint    ] Total time for which application threads were stopped: 0.0000856 seconds, Stopping threads took: 0.0000105 seconds
[2019-12-09T03:05:02.765+0000][1][safepoint    ] Application time: 0.2631992 seconds
[2019-12-09T03:05:02.765+0000][1][safepoint    ] Entering safepoint region: Deoptimize
[2019-12-09T03:05:02.765+0000][1][safepoint    ] Leaving safepoint region
[2019-12-09T03:05:02.765+0000][1][safepoint    ] Total time for which application threads were stopped: 0.0000900 seconds, Stopping threads took: 0.0000120 seconds
[2019-12-09T03:05:03.767+0000][1][safepoint    ] Application time: 1.0018525 seconds
[2019-12-09T03:05:03.767+0000][1][safepoint    ] Entering safepoint region: Cleanup
[2019-12-09T03:05:03.767+0000][1][safepoint    ] Leaving safepoint region
[2019-12-09T03:05:03.767+0000][1][safepoint    ] Total time for which application threads were stopped: 0.0001421 seconds, Stopping threads took: 0.0000712 seconds
[2019-12-09T03:05:04.779+0000][1][safepoint    ] Application time: 1.0118081 seconds
[2019-12-09T03:05:04.799+0000][1][safepoint    ] Entering safepoint region: Cleanup
[2019-12-09T03:05:04.799+0000][1][safepoint    ] Leaving safepoint region
[2019-12-09T03:05:04.799+0000][1][safepoint    ] Total time for which application threads were stopped: 0.0202439 seconds, Stopping threads took: 0.0201753 seconds
[2019-12-09T03:05:05.044+0000][1][safepoint    ] Application time: 0.2453095 seconds
[2019-12-09T03:05:05.044+0000][1][safepoint    ] Entering safepoint region: Deoptimize
[2019-12-09T03:05:05.044+0000][1][safepoint    ] Leaving safepoint region
[2019-12-09T03:05:05.044+0000][1][safepoint    ] Total time for which application threads were stopped: 0.0001430 seconds, Stopping threads took: 0.0000112 seconds
[2019-12-09T03:05:05.301+0000][1][safepoint    ] Application time: 0.2564540 seconds
[2019-12-09T03:05:05.301+0000][1][safepoint    ] Entering safepoint region: Deoptimize
[2019-12-09T03:05:05.301+0000][1][safepoint    ] Leaving safepoint region
[2019-12-09T03:05:05.301+0000][1][safepoint    ] Total time for which application threads were stopped: 0.0001409 seconds, Stopping threads took: 0.0000109 seconds
[2019-12-09T03:05:05.747+0000][1][safepoint    ] Application time: 0.4460809 seconds
[2019-12-09T03:05:05.747+0000][1][safepoint    ] Entering safepoint region: Deoptimize
[2019-12-09T03:05:05.747+0000][1][safepoint    ] Leaving safepoint region
[2019-12-09T03:05:05.747+0000][1][safepoint    ] Total time for which application threads were stopped: 0.0001549 seconds, Stopping threads took: 0.0000104 seconds
[2019-12-09T03:05:05.820+0000][1][safepoint    ] Application time: 0.0729192 seconds
[2019-12-09T03:05:05.820+0000][1][safepoint    ] Entering safepoint region: Deoptimize
[2019-12-09T03:05:05.821+0000][1][safepoint    ] Leaving safepoint region
[2019-12-09T03:05:05.821+0000][1][safepoint    ] Total time for which application threads were stopped: 0.0001537 seconds, Stopping threads took: 0.0000119 seconds
[2019-12-09T03:05:06.827+0000][1][safepoint    ] Application time: 1.0061768 seconds
[2019-12-09T03:05:06.879+0000][1][safepoint    ] Entering safepoint region: Cleanup
[2019-12-09T03:05:06.879+0000][1][safepoint    ] Leaving safepoint region
[2019-12-09T03:05:06.879+0000][1][safepoint    ] Total time for which application threads were stopped: 0.0520625 seconds, Stopping threads took: 0.0520036 seconds
[2019-12-09T03:05:07.880+0000][1][safepoint    ] Application time: 1.0008874 seconds
[2019-12-09T03:05:07.900+0000][1][safepoint    ] Entering safepoint region: Cleanup
[2019-12-09T03:05:07.900+0000][1][safepoint    ] Leaving safepoint region
[2019-12-09T03:05:07.900+0000][1][safepoint    ] Total time for which application threads were stopped: 0.0200562 seconds, Stopping threads took: 0.0199909 seconds
[2019-12-09T03:05:08.907+0000][1][safepoint    ] Application time: 1.0068996 seconds
[2019-12-09T03:05:08.907+0000][1][safepoint    ] Entering safepoint region: Cleanup
[2019-12-09T03:05:08.907+0000][1][safepoint    ] Leaving safepoint region
[2019-12-09T03:05:08.907+0000][1][safepoint    ] Total time for which application threads were stopped: 0.0000632 seconds, Stopping threads took: 0.0000147 seconds
[2019-12-09T03:05:09.061+0000][1][safepoint    ] Application time: 0.1542619 seconds
[2019-12-09T03:05:09.061+0000][1][safepoint    ] Entering safepoint region: Deoptimize
[2019-12-09T03:05:09.061+0000][1][safepoint    ] Leaving safepoint region
[2019-12-09T03:05:09.061+0000][1][safepoint    ] Total time for which application threads were stopped: 0.0001895 seconds, Stopping threads took: 0.0000116 seconds
[2019-12-09T03:05:10.064+0000][1][safepoint    ] Application time: 1.0023930 seconds
[2019-12-09T03:05:10.064+0000][1][safepoint    ] Entering safepoint region: Cleanup
[2019-12-09T03:05:10.064+0000][1][safepoint    ] Leaving safepoint region
[2019-12-09T03:05:10.064+0000][1][safepoint    ] Total time for which application threads were stopped: 0.0000520 seconds, Stopping threads took: 0.0000151 seconds
[2019-12-09T03:05:11.065+0000][1][safepoint    ] Application time: 1.0009104 seconds
[2019-12-09T03:05:11.065+0000][1][safepoint    ] Entering safepoint region: Cleanup
[2019-12-09T03:05:11.065+0000][1][safepoint    ] Leaving safepoint region
[2019-12-09T03:05:11.065+0000][1][safepoint    ] Total time for which application threads were stopped: 0.0000560 seconds, Stopping threads took: 0.0000144 seconds
[2019-12-09T03:05:12.073+0000][1][safepoint    ] Application time: 1.0078828 seconds
[2019-12-09T03:05:12.123+0000][1][safepoint    ] Entering safepoint region: Cleanup
[2019-12-09T03:05:12.123+0000][1][safepoint    ] Leaving safepoint region
[2019-12-09T03:05:12.123+0000][1][safepoint    ] Total time for which application threads were stopped: 0.0501212 seconds, Stopping threads took: 0.0500205 seconds
[2019-12-09T03:05:12.361+0000][1][safepoint    ] Application time: 0.2384709 seconds
[2019-12-09T03:05:12.361+0000][1][safepoint    ] Entering safepoint region: Deoptimize
[2019-12-09T03:05:12.362+0000][1][safepoint    ] Leaving safepoint region
[2019-12-09T03:05:12.362+0000][1][safepoint    ] Total time for which application threads were stopped: 0.0002185 seconds, Stopping threads took: 0.0000110 seconds
[2019-12-09T03:05:13.365+0000][1][safepoint    ] Application time: 1.0036633 seconds
[2019-12-09T03:05:13.479+0000][1][safepoint    ] Entering safepoint region: Cleanup
[2019-12-09T03:05:13.479+0000][1][safepoint    ] Leaving safepoint region
[2019-12-09T03:05:13.479+0000][1][safepoint    ] Total time for which application threads were stopped: 0.1136043 seconds, Stopping threads took: 0.1135041 seconds
[2019-12-09T03:05:13.580+0000][1][safepoint    ] Application time: 0.1009143 seconds
[2019-12-09T03:05:13.580+0000][1][safepoint    ] Entering safepoint region: Deoptimize
[2019-12-09T03:05:13.580+0000][1][safepoint    ] Leaving safepoint region
[2019-12-09T03:05:13.580+0000][1][safepoint    ] Total time for which application threads were stopped: 0.0002338 seconds, Stopping threads took: 0.0000108 seconds
[2019-12-09T03:05:13.580+0000][1][safepoint    ] Application time: 0.0001384 seconds
[2019-12-09T03:05:13.580+0000][1][safepoint    ] Entering safepoint region: Deoptimize
[2019-12-09T03:05:13.580+0000][1][safepoint    ] Leaving safepoint region
[2019-12-09T03:05:13.580+0000][1][safepoint    ] Total time for which application threads were stopped: 0.0001444 seconds, Stopping threads took: 0.0000083 seconds
[2019-12-09T03:05:13.870+0000][1][safepoint    ] Application time: 0.2891387 seconds
[2019-12-09T03:05:13.870+0000][1][safepoint    ] Entering safepoint region: Deoptimize
[2019-12-09T03:05:13.870+0000][1][safepoint    ] Leaving safepoint region
[2019-12-09T03:05:13.870+0000][1][safepoint    ] Total time for which application threads were stopped: 0.0003018 seconds, Stopping threads took: 0.0000124 seconds
[2019-12-09T03:05:13.930+0000][1][safepoint    ] Application time: 0.0598357 seconds
[2019-12-09T03:05:13.930+0000][1][safepoint    ] Entering safepoint region: RevokeBias
[2019-12-09T03:05:13.930+0000][1][safepoint    ] Leaving safepoint region
[2019-12-09T03:05:13.930+0000][1][safepoint    ] Total time for which application threads were stopped: 0.0001235 seconds, Stopping threads took: 0.0000549 seconds
[2019-12-09T03:05:13.930+0000][1][safepoint    ] Application time: 0.0000680 seconds
[2019-12-09T03:05:13.930+0000][1][safepoint    ] Entering safepoint region: RevokeBias
[2019-12-09T03:05:13.930+0000][1][safepoint    ] Leaving safepoint region
[2019-12-09T03:05:13.930+0000][1][safepoint    ] Total time for which application threads were stopped: 0.0000451 seconds, Stopping threads took: 0.0000084 seconds
[2019-12-09T03:05:13.930+0000][1][safepoint    ] Application time: 0.0000795 seconds
[2019-12-09T03:05:13.930+0000][1][safepoint    ] Entering safepoint region: RevokeBias
[2019-12-09T03:05:13.930+0000][1][safepoint    ] Leaving safepoint region
[2019-12-09T03:05:13.930+0000][1][safepoint    ] Total time for which application threads were stopped: 0.0000452 seconds, Stopping threads took: 0.0000089 seconds
[2019-12-09T03:05:13.930+0000][1][safepoint    ] Application time: 0.0001726 seconds
[2019-12-09T03:05:13.930+0000][1][safepoint    ] Entering safepoint region: RevokeBias
[2019-12-09T03:05:13.930+0000][1][safepoint    ] Leaving safepoint region
[2019-12-09T03:05:13.930+0000][1][safepoint    ] Total time for which application threads were stopped: 0.0000472 seconds, Stopping threads took: 0.0000074 seconds
[2019-12-09T03:05:14.943+0000][1][safepoint    ] Application time: 1.0123000 seconds
[2019-12-09T03:05:14.943+0000][1][safepoint    ] Entering safepoint region: Cleanup
[2019-12-09T03:05:14.943+0000][1][safepoint    ] Leaving safepoint region
[2019-12-09T03:05:14.943+0000][1][safepoint    ] Total time for which application threads were stopped: 0.0000714 seconds, Stopping threads took: 0.0000143 seconds
[2019-12-09T03:05:15.826+0000][1][safepoint    ] Application time: 0.8828974 seconds
[2019-12-09T03:05:15.826+0000][1][safepoint    ] Entering safepoint region: GenCollectForAllocation
[2019-12-09T03:05:15.826+0000][1][gc,start     ] GC(0) Pause Young (Allocation Failure)
[2019-12-09T03:05:15.826+0000][1][gc,task      ] GC(0) Using 2 workers of 2 for evacuation
[2019-12-09T03:05:15.942+0000][1][gc,age       ] GC(0) Desired survivor size 4456448 bytes, new threshold 1 (max threshold 6)
[2019-12-09T03:05:15.942+0000][1][gc,age       ] GC(0) Age table with threshold 1 (max threshold 6)
[2019-12-09T03:05:15.942+0000][1][gc,age       ] GC(0) - age   1:    6691840 bytes,    6691840 total
[2019-12-09T03:05:15.942+0000][1][gc,heap      ] GC(0) ParNew: 69952K->6582K(78656K)
[2019-12-09T03:05:15.942+0000][1][gc,heap      ] GC(0) CMS: 0K->0K(174784K)
[2019-12-09T03:05:15.942+0000][1][gc,metaspace ] GC(0) Metaspace: 12983K->12983K(1060864K)
[2019-12-09T03:05:15.942+0000][1][gc           ] GC(0) Pause Young (Allocation Failure) 68M->6M(247M) 116.183ms
[2019-12-09T03:05:15.942+0000][1][gc,cpu       ] GC(0) User=0.02s Sys=0.00s Real=0.11s
[2019-12-09T03:05:15.942+0000][1][safepoint    ] Leaving safepoint region
[2019-12-09T03:05:15.942+0000][1][safepoint    ] Total time for which application threads were stopped: 0.1164482 seconds, Stopping threads took: 0.0001193 seconds
[2019-12-09T03:05:15.954+0000][1][safepoint    ] Application time: 0.0116247 seconds
[2019-12-09T03:05:16.045+0000][1][safepoint    ] Entering safepoint region: RevokeBias
[2019-12-09T03:05:16.045+0000][1][safepoint    ] Leaving safepoint region
[2019-12-09T03:05:16.045+0000][1][safepoint    ] Total time for which application threads were stopped: 0.0913089 seconds, Stopping threads took: 0.0912097 seconds
[2019-12-09T03:05:16.045+0000][1][safepoint    ] Application time: 0.0001676 seconds
[2019-12-09T03:05:16.045+0000][1][safepoint    ] Entering safepoint region: RevokeBias
[2019-12-09T03:05:16.045+0000][1][safepoint    ] Leaving safepoint region
[2019-12-09T03:05:16.045+0000][1][safepoint    ] Total time for which application threads were stopped: 0.0000526 seconds, Stopping threads took: 0.0000092 seconds
[2019-12-09T03:05:16.045+0000][1][safepoint    ] Application time: 0.0000606 seconds
[2019-12-09T03:05:16.045+0000][1][safepoint    ] Entering safepoint region: RevokeBias
[2019-12-09T03:05:16.046+0000][1][safepoint    ] Leaving safepoint region
[2019-12-09T03:05:16.046+0000][1][safepoint    ] Total time for which application threads were stopped: 0.0000450 seconds, Stopping threads took: 0.0000075 seconds
[2019-12-09T03:05:16.046+0000][1][safepoint    ] Application time: 0.0000458 seconds
[2019-12-09T03:05:16.046+0000][1][safepoint    ] Entering safepoint region: RevokeBias
[2019-12-09T03:05:16.046+0000][1][safepoint    ] Leaving safepoint region
[2019-12-09T03:05:16.046+0000][1][safepoint    ] Total time for which application threads were stopped: 0.0000422 seconds, Stopping threads took: 0.0000074 seconds
[2019-12-09T03:05:16.046+0000][1][safepoint    ] Application time: 0.0000664 seconds
[2019-12-09T03:05:16.046+0000][1][safepoint    ] Entering safepoint region: RevokeBias
[2019-12-09T03:05:16.046+0000][1][safepoint    ] Leaving safepoint region
[2019-12-09T03:05:16.046+0000][1][safepoint    ] Total time for which application threads were stopped: 0.0000460 seconds, Stopping threads took: 0.0000075 seconds
[2019-12-09T03:05:16.046+0000][1][safepoint    ] Application time: 0.0000483 seconds
[2019-12-09T03:05:16.046+0000][1][safepoint    ] Entering safepoint region: RevokeBias
[2019-12-09T03:05:16.046+0000][1][safepoint    ] Leaving safepoint region
[2019-12-09T03:05:16.046+0000][1][safepoint    ] Total time for which application threads were stopped: 0.0000443 seconds, Stopping threads took: 0.0000075 seconds
[2019-12-09T03:05:16.046+0000][1][safepoint    ] Application time: 0.0000657 seconds
[2019-12-09T03:05:16.046+0000][1][safepoint    ] Entering safepoint region: RevokeBias
[2019-12-09T03:05:16.046+0000][1][safepoint    ] Leaving safepoint region
[2019-12-09T03:05:16.046+0000][1][safepoint    ] Total time for which application threads were stopped: 0.0000447 seconds, Stopping threads took: 0.0000077 seconds
[2019-12-09T03:05:16.046+0000][1][safepoint    ] Application time: 0.0000459 seconds
[2019-12-09T03:05:16.046+0000][1][safepoint    ] Entering safepoint region: RevokeBias
[2019-12-09T03:05:16.046+0000][1][safepoint    ] Leaving safepoint region
[2019-12-09T03:05:16.046+0000][1][safepoint    ] Total time for which application threads were stopped: 0.0000422 seconds, Stopping threads took: 0.0000072 seconds
[2019-12-09T03:05:16.046+0000][1][safepoint    ] Application time: 0.0000546 seconds
[2019-12-09T03:05:16.046+0000][1][safepoint    ] Entering safepoint region: RevokeBias
[2019-12-09T03:05:16.046+0000][1][safepoint    ] Leaving safepoint region
[2019-12-09T03:05:16.046+0000][1][safepoint    ] Total time for which application threads were stopped: 0.0000529 seconds, Stopping threads took: 0.0000166 seconds
[2019-12-09T03:05:16.046+0000][1][safepoint    ] Application time: 0.0000478 seconds
[2019-12-09T03:05:16.046+0000][1][safepoint    ] Entering safepoint region: RevokeBias
[2019-12-09T03:05:16.046+0000][1][safepoint    ] Leaving safepoint region
[2019-12-09T03:05:16.046+0000][1][safepoint    ] Total time for which application threads were stopped: 0.0000425 seconds, Stopping threads took: 0.0000075 seconds
[2019-12-09T03:05:16.046+0000][1][safepoint    ] Application time: 0.0000520 seconds
[2019-12-09T03:05:16.046+0000][1][safepoint    ] Entering safepoint region: RevokeBias
[2019-12-09T03:05:16.046+0000][1][safepoint    ] Leaving safepoint region
[2019-12-09T03:05:16.046+0000][1][safepoint    ] Total time for which application threads were stopped: 0.0000420 seconds, Stopping threads took: 0.0000073 seconds
[2019-12-09T03:05:16.046+0000][1][safepoint    ] Application time: 0.0000446 seconds
[2019-12-09T03:05:16.047+0000][1][safepoint    ] Entering safepoint region: RevokeBias
[2019-12-09T03:05:16.047+0000][1][safepoint    ] Leaving safepoint region
[2019-12-09T03:05:16.047+0000][1][safepoint    ] Total time for which application threads were stopped: 0.0000405 seconds, Stopping threads took: 0.0000070 seconds
[2019-12-09T03:05:16.047+0000][1][safepoint    ] Application time: 0.0000486 seconds
[2019-12-09T03:05:16.047+0000][1][safepoint    ] Entering safepoint region: RevokeBias
[2019-12-09T03:05:16.047+0000][1][safepoint    ] Leaving safepoint region
[2019-12-09T03:05:16.047+0000][1][safepoint    ] Total time for which application threads were stopped: 0.0000420 seconds, Stopping threads took: 0.0000074 seconds
[2019-12-09T03:05:16.047+0000][1][safepoint    ] Application time: 0.0000624 seconds
[2019-12-09T03:05:16.047+0000][1][safepoint    ] Entering safepoint region: RevokeBias
[2019-12-09T03:05:16.047+0000][1][safepoint    ] Leaving safepoint region
[2019-12-09T03:05:16.047+0000][1][safepoint    ] Total time for which application threads were stopped: 0.0000434 seconds, Stopping threads took: 0.0000075 seconds
[2019-12-09T03:05:16.047+0000][1][safepoint    ] Application time: 0.0000500 seconds
[2019-12-09T03:05:16.047+0000][1][safepoint    ] Entering safepoint region: RevokeBias
[2019-12-09T03:05:16.047+0000][1][safepoint    ] Leaving safepoint region
[2019-12-09T03:05:16.047+0000][1][safepoint    ] Total time for which application threads were stopped: 0.0000420 seconds, Stopping threads took: 0.0000075 seconds
[2019-12-09T03:05:16.047+0000][1][safepoint    ] Application time: 0.0000446 seconds
[2019-12-09T03:05:16.047+0000][1][safepoint    ] Entering safepoint region: RevokeBias
[2019-12-09T03:05:16.047+0000][1][safepoint    ] Leaving safepoint region
[2019-12-09T03:05:16.047+0000][1][safepoint    ] Total time for which application threads were stopped: 0.0000411 seconds, Stopping threads took: 0.0000072 seconds
[2019-12-09T03:05:16.047+0000][1][safepoint    ] Application time: 0.0000531 seconds
[2019-12-09T03:05:16.047+0000][1][safepoint    ] Entering safepoint region: RevokeBias
[2019-12-09T03:05:16.047+0000][1][safepoint    ] Leaving safepoint region
[2019-12-09T03:05:16.047+0000][1][safepoint    ] Total time for which application threads were stopped: 0.0000416 seconds, Stopping threads took: 0.0000073 seconds
[2019-12-09T03:05:16.047+0000][1][safepoint    ] Application time: 0.0000449 seconds
[2019-12-09T03:05:16.047+0000][1][safepoint    ] Entering safepoint region: RevokeBias
[2019-12-09T03:05:16.047+0000][1][safepoint    ] Leaving safepoint region
[2019-12-09T03:05:16.047+0000][1][safepoint    ] Total time for which application threads were stopped: 0.0000408 seconds, Stopping threads took: 0.0000072 seconds
[2019-12-09T03:05:16.047+0000][1][safepoint    ] Application time: 0.0000714 seconds
[2019-12-09T03:05:16.047+0000][1][safepoint    ] Entering safepoint region: RevokeBias
[2019-12-09T03:05:16.047+0000][1][safepoint    ] Leaving safepoint region
[2019-12-09T03:05:16.047+0000][1][safepoint    ] Total time for which application threads were stopped: 0.0000485 seconds, Stopping threads took: 0.0000130 seconds
[2019-12-09T03:05:16.047+0000][1][safepoint    ] Application time: 0.0000453 seconds
[2019-12-09T03:05:16.047+0000][1][safepoint    ] Entering safepoint region: RevokeBias
[2019-12-09T03:05:16.047+0000][1][safepoint    ] Leaving safepoint region
[2019-12-09T03:05:16.047+0000][1][safepoint    ] Total time for which application threads were stopped: 0.0000410 seconds, Stopping threads took: 0.0000072 seconds
[2019-12-09T03:05:16.047+0000][1][safepoint    ] Application time: 0.0000489 seconds
[2019-12-09T03:05:16.047+0000][1][safepoint    ] Entering safepoint region: RevokeBias
[2019-12-09T03:05:16.048+0000][1][safepoint    ] Leaving safepoint region
[2019-12-09T03:05:16.048+0000][1][safepoint    ] Total time for which application threads were stopped: 0.0000422 seconds, Stopping threads took: 0.0000074 seconds
[2019-12-09T03:05:16.048+0000][1][safepoint    ] Application time: 0.0000444 seconds
[2019-12-09T03:05:16.048+0000][1][safepoint    ] Entering safepoint region: RevokeBias
[2019-12-09T03:05:16.048+0000][1][safepoint    ] Leaving safepoint region
[2019-12-09T03:05:16.048+0000][1][safepoint    ] Total time for which application threads were stopped: 0.0000412 seconds, Stopping threads took: 0.0000073 seconds
[2019-12-09T03:05:16.048+0000][1][safepoint    ] Application time: 0.0000605 seconds
[2019-12-09T03:05:16.048+0000][1][safepoint    ] Entering safepoint region: RevokeBias
[2019-12-09T03:05:16.048+0000][1][safepoint    ] Leaving safepoint region
[2019-12-09T03:05:16.048+0000][1][safepoint    ] Total time for which application threads were stopped: 0.0000426 seconds, Stopping threads took: 0.0000075 seconds
[2019-12-09T03:05:16.048+0000][1][safepoint    ] Application time: 0.0000449 seconds
[2019-12-09T03:05:16.048+0000][1][safepoint    ] Entering safepoint region: RevokeBias
[2019-12-09T03:05:16.048+0000][1][safepoint    ] Leaving safepoint region
[2019-12-09T03:05:16.048+0000][1][safepoint    ] Total time for which application threads were stopped: 0.0000405 seconds, Stopping threads took: 0.0000072 seconds
[2019-12-09T03:05:16.048+0000][1][safepoint    ] Application time: 0.0000682 seconds
[2019-12-09T03:05:16.048+0000][1][safepoint    ] Entering safepoint region: RevokeBias
[2019-12-09T03:05:16.048+0000][1][safepoint    ] Leaving safepoint region
[2019-12-09T03:05:16.048+0000][1][safepoint    ] Total time for which application threads were stopped: 0.0000417 seconds, Stopping threads took: 0.0000075 seconds
[2019-12-09T03:05:16.048+0000][1][safepoint    ] Application time: 0.0000434 seconds
[2019-12-09T03:05:16.048+0000][1][safepoint    ] Entering safepoint region: RevokeBias
[2019-12-09T03:05:16.048+0000][1][safepoint    ] Leaving safepoint region
[2019-12-09T03:05:16.048+0000][1][safepoint    ] Total time for which application threads were stopped: 0.0000402 seconds, Stopping threads took: 0.0000071 seconds
[2019-12-09T03:05:16.048+0000][1][safepoint    ] Application time: 0.0002832 seconds
[2019-12-09T03:05:16.048+0000][1][safepoint    ] Entering safepoint region: RevokeBias
[2019-12-09T03:05:16.048+0000][1][safepoint    ] Leaving safepoint region
[2019-12-09T03:05:16.048+0000][1][safepoint    ] Total time for which application threads were stopped: 0.0000447 seconds, Stopping threads took: 0.0000079 seconds
[2019-12-09T03:05:16.048+0000][1][safepoint    ] Application time: 0.0000450 seconds
[2019-12-09T03:05:16.048+0000][1][safepoint    ] Entering safepoint region: RevokeBias
[2019-12-09T03:05:16.049+0000][1][safepoint    ] Leaving safepoint region
[2019-12-09T03:05:16.049+0000][1][safepoint    ] Total time for which application threads were stopped: 0.0000419 seconds, Stopping threads took: 0.0000073 seconds
[2019-12-09T03:05:16.049+0000][1][safepoint    ] Application time: 0.0000537 seconds
[2019-12-09T03:05:16.049+0000][1][safepoint    ] Entering safepoint region: RevokeBias
[2019-12-09T03:05:16.049+0000][1][safepoint    ] Leaving safepoint region
[2019-12-09T03:05:16.049+0000][1][safepoint    ] Total time for which application threads were stopped: 0.0000472 seconds, Stopping threads took: 0.0000129 seconds
[2019-12-09T03:05:16.049+0000][1][safepoint    ] Application time: 0.0000591 seconds
[2019-12-09T03:05:16.049+0000][1][safepoint    ] Entering safepoint region: RevokeBias
[2019-12-09T03:05:16.049+0000][1][safepoint    ] Leaving safepoint region
[2019-12-09T03:05:16.049+0000][1][safepoint    ] Total time for which application threads were stopped: 0.0000417 seconds, Stopping threads took: 0.0000071 seconds
[2019-12-09T03:05:16.682+0000][1][safepoint    ] Application time: 0.6329398 seconds
[2019-12-09T03:05:16.682+0000][1][safepoint    ] Entering safepoint region: RevokeBias
[2019-12-09T03:05:16.682+0000][1][safepoint    ] Leaving safepoint region
[2019-12-09T03:05:16.682+0000][1][safepoint    ] Total time for which application threads were stopped: 0.0000655 seconds, Stopping threads took: 0.0000140 seconds
[2019-12-09T03:05:17.203+0000][1][safepoint    ] Application time: 0.5211723 seconds
[2019-12-09T03:05:17.203+0000][1][safepoint    ] Entering safepoint region: Deoptimize
[2019-12-09T03:05:17.203+0000][1][safepoint    ] Leaving safepoint region
[2019-12-09T03:05:17.203+0000][1][safepoint    ] Total time for which application threads were stopped: 0.0004620 seconds, Stopping threads took: 0.0000129 seconds
[2019-12-09T03:05:17.874+0000][1][safepoint    ] Application time: 0.6707263 seconds
[2019-12-09T03:05:17.874+0000][1][safepoint    ] Entering safepoint region: RevokeBias
[2019-12-09T03:05:17.874+0000][1][safepoint    ] Leaving safepoint region
[2019-12-09T03:05:17.874+0000][1][safepoint    ] Total time for which application threads were stopped: 0.0001158 seconds, Stopping threads took: 0.0000126 seconds
[2019-12-09T03:05:18.880+0000][1][safepoint    ] Application time: 1.0053293 seconds
[2019-12-09T03:05:18.923+0000][1][safepoint    ] Entering safepoint region: Cleanup
[2019-12-09T03:05:18.923+0000][1][safepoint    ] Leaving safepoint region
[2019-12-09T03:05:18.923+0000][1][safepoint    ] Total time for which application threads were stopped: 0.0431821 seconds, Stopping threads took: 0.0431085 seconds
[2019-12-09T03:05:19.284+0000][1][safepoint    ] Application time: 0.3606471 seconds
[2019-12-09T03:05:19.284+0000][1][safepoint    ] Entering safepoint region: GenCollectForAllocation
[2019-12-09T03:05:19.284+0000][1][gc,start     ] GC(1) Pause Young (Allocation Failure)
[2019-12-09T03:05:19.284+0000][1][gc,task      ] GC(1) Using 2 workers of 2 for evacuation
[2019-12-09T03:05:19.532+0000][1][gc,age       ] GC(1) Desired survivor size 4456448 bytes, new threshold 6 (max threshold 6)
[2019-12-09T03:05:19.532+0000][1][gc,age       ] GC(1) Age table with threshold 6 (max threshold 6)
[2019-12-09T03:05:19.532+0000][1][gc,age       ] GC(1) - age   1:    1242672 bytes,    1242672 total
[2019-12-09T03:05:19.532+0000][1][gc,heap      ] GC(1) ParNew: 76534K->4272K(78656K)
[2019-12-09T03:05:19.532+0000][1][gc,heap      ] GC(1) CMS: 0K->7018K(174784K)
[2019-12-09T03:05:19.532+0000][1][gc,metaspace ] GC(1) Metaspace: 14911K->14911K(1062912K)
[2019-12-09T03:05:19.532+0000][1][gc           ] GC(1) Pause Young (Allocation Failure) 74M->11M(247M) 248.541ms
[2019-12-09T03:05:19.532+0000][1][gc,cpu       ] GC(1) User=0.06s Sys=0.00s Real=0.25s
[2019-12-09T03:05:19.532+0000][1][safepoint    ] Leaving safepoint region
[2019-12-09T03:05:19.532+0000][1][safepoint    ] Total time for which application threads were stopped: 0.2487004 seconds, Stopping threads took: 0.0000141 seconds
[2019-12-09T03:05:19.536+0000][1][safepoint    ] Application time: 0.0035327 seconds
[2019-12-09T03:05:19.552+0000][1][safepoint    ] Entering safepoint region: BulkRevokeBias
[2019-12-09T03:05:19.552+0000][1][safepoint    ] Leaving safepoint region
[2019-12-09T03:05:19.552+0000][1][safepoint    ] Total time for which application threads were stopped: 0.0160031 seconds, Stopping threads took: 0.0158968 seconds
[2019-12-09T03:05:19.552+0000][1][safepoint    ] Application time: 0.0001447 seconds
[2019-12-09T03:05:19.552+0000][1][safepoint    ] Entering safepoint region: RevokeBias
[2019-12-09T03:05:19.552+0000][1][safepoint    ] Leaving safepoint region
[2019-12-09T03:05:19.552+0000][1][safepoint    ] Total time for which application threads were stopped: 0.0000454 seconds, Stopping threads took: 0.0000102 seconds
[2019-12-09T03:05:19.552+0000][1][safepoint    ] Application time: 0.0000736 seconds
[2019-12-09T03:05:19.552+0000][1][safepoint    ] Entering safepoint region: RevokeBias
[2019-12-09T03:05:19.552+0000][1][safepoint    ] Leaving safepoint region
[2019-12-09T03:05:19.552+0000][1][safepoint    ] Total time for which application threads were stopped: 0.0000334 seconds, Stopping threads took: 0.0000084 seconds
[2019-12-09T03:05:19.552+0000][1][safepoint    ] Application time: 0.0000527 seconds
[2019-12-09T03:05:19.552+0000][1][safepoint    ] Entering safepoint region: RevokeBias
[2019-12-09T03:05:19.552+0000][1][safepoint    ] Leaving safepoint region
[2019-12-09T03:05:19.552+0000][1][safepoint    ] Total time for which application threads were stopped: 0.0000328 seconds, Stopping threads took: 0.0000086 seconds
[2019-12-09T03:05:19.552+0000][1][safepoint    ] Application time: 0.0000593 seconds
[2019-12-09T03:05:19.552+0000][1][safepoint    ] Entering safepoint region: RevokeBias
[2019-12-09T03:05:19.552+0000][1][safepoint    ] Leaving safepoint region
[2019-12-09T03:05:19.552+0000][1][safepoint    ] Total time for which application threads were stopped: 0.0000322 seconds, Stopping threads took: 0.0000085 seconds
[2019-12-09T03:05:19.553+0000][1][safepoint    ] Application time: 0.0000518 seconds
[2019-12-09T03:05:19.553+0000][1][safepoint    ] Entering safepoint region: RevokeBias
[2019-12-09T03:05:19.553+0000][1][safepoint    ] Leaving safepoint region
[2019-12-09T03:05:19.553+0000][1][safepoint    ] Total time for which application threads were stopped: 0.0000319 seconds, Stopping threads took: 0.0000078 seconds
[2019-12-09T03:05:19.553+0000][1][safepoint    ] Application time: 0.0000619 seconds
[2019-12-09T03:05:19.553+0000][1][safepoint    ] Entering safepoint region: BulkRevokeBias
[2019-12-09T03:05:19.553+0000][1][safepoint    ] Leaving safepoint region
[2019-12-09T03:05:19.553+0000][1][safepoint    ] Total time for which application threads were stopped: 0.0000855 seconds, Stopping threads took: 0.0000086 seconds
[2019-12-09T03:05:19.553+0000][1][safepoint    ] Application time: 0.0000543 seconds
[2019-12-09T03:05:19.553+0000][1][safepoint    ] Entering safepoint region: RevokeBias
[2019-12-09T03:05:19.553+0000][1][safepoint    ] Leaving safepoint region
[2019-12-09T03:05:19.553+0000][1][safepoint    ] Total time for which application threads were stopped: 0.0000336 seconds, Stopping threads took: 0.0000086 seconds
[2019-12-09T03:05:19.553+0000][1][safepoint    ] Application time: 0.0000599 seconds
[2019-12-09T03:05:19.553+0000][1][safepoint    ] Entering safepoint region: BulkRevokeBias
[2019-12-09T03:05:19.553+0000][1][safepoint    ] Leaving safepoint region
[2019-12-09T03:05:19.553+0000][1][safepoint    ] Total time for which application threads were stopped: 0.0000492 seconds, Stopping threads took: 0.0000082 seconds
[2019-12-09T03:05:20.555+0000][1][safepoint    ] Application time: 1.0017696 seconds
[2019-12-09T03:05:20.560+0000][1][safepoint    ] Entering safepoint region: Cleanup
[2019-12-09T03:05:20.560+0000][1][safepoint    ] Leaving safepoint region
[2019-12-09T03:05:20.560+0000][1][safepoint    ] Total time for which application threads were stopped: 0.0055395 seconds, Stopping threads took: 0.0054730 seconds
[2019-12-09T03:05:20.584+0000][1][safepoint    ] Application time: 0.0238741 seconds
[2019-12-09T03:05:20.584+0000][1][safepoint    ] Entering safepoint region: GenCollectForAllocation
[2019-12-09T03:05:20.584+0000][1][gc,start     ] GC(2) Pause Young (Allocation Failure)
[2019-12-09T03:05:20.584+0000][1][gc,task      ] GC(2) Using 2 workers of 2 for evacuation
[2019-12-09T03:05:20.647+0000][1][gc,age       ] GC(2) Desired survivor size 4456448 bytes, new threshold 6 (max threshold 6)
[2019-12-09T03:05:20.647+0000][1][gc,age       ] GC(2) Age table with threshold 6 (max threshold 6)
[2019-12-09T03:05:20.647+0000][1][gc,age       ] GC(2) - age   1:     501712 bytes,     501712 total
[2019-12-09T03:05:20.647+0000][1][gc,age       ] GC(2) - age   2:     974224 bytes,    1475936 total
[2019-12-09T03:05:20.647+0000][1][gc,heap      ] GC(2) ParNew: 74224K->2057K(78656K)
[2019-12-09T03:05:20.647+0000][1][gc,heap      ] GC(2) CMS: 7018K->7018K(174784K)
[2019-12-09T03:05:20.647+0000][1][gc,metaspace ] GC(2) Metaspace: 15003K->15003K(1062912K)
[2019-12-09T03:05:20.647+0000][1][gc           ] GC(2) Pause Young (Allocation Failure) 79M->8M(247M) 63.035ms
[2019-12-09T03:05:20.647+0000][1][gc,cpu       ] GC(2) User=0.01s Sys=0.00s Real=0.07s
[2019-12-09T03:05:20.647+0000][1][safepoint    ] Leaving safepoint region
[2019-12-09T03:05:20.647+0000][1][safepoint    ] Total time for which application threads were stopped: 0.0631678 seconds, Stopping threads took: 0.0000132 seconds
[2019-12-09T03:05:20.649+0000][1][safepoint    ] Application time: 0.0020054 seconds
[2019-12-09T03:05:20.656+0000][1][safepoint    ] Entering safepoint region: RevokeBias
[2019-12-09T03:05:20.656+0000][1][safepoint    ] Leaving safepoint region
[2019-12-09T03:05:20.656+0000][1][safepoint    ] Total time for which application threads were stopped: 0.0065318 seconds, Stopping threads took: 0.0063966 seconds
[2019-12-09T03:05:20.656+0000][1][safepoint    ] Application time: 0.0000596 seconds
[2019-12-09T03:05:20.656+0000][1][safepoint    ] Entering safepoint region: RevokeBias
[2019-12-09T03:05:20.656+0000][1][safepoint    ] Leaving safepoint region
[2019-12-09T03:05:20.656+0000][1][safepoint    ] Total time for which application threads were stopped: 0.0000921 seconds, Stopping threads took: 0.0000081 seconds
[2019-12-09T03:05:20.656+0000][1][safepoint    ] Application time: 0.0000579 seconds
[2019-12-09T03:05:20.656+0000][1][safepoint    ] Entering safepoint region: RevokeBias
[2019-12-09T03:05:20.656+0000][1][safepoint    ] Leaving safepoint region
[2019-12-09T03:05:20.656+0000][1][safepoint    ] Total time for which application threads were stopped: 0.0000899 seconds, Stopping threads took: 0.0000074 seconds
[2019-12-09T03:05:20.656+0000][1][safepoint    ] Application time: 0.0000439 seconds
[2019-12-09T03:05:20.656+0000][1][safepoint    ] Entering safepoint region: RevokeBias
[2019-12-09T03:05:20.656+0000][1][safepoint    ] Leaving safepoint region
[2019-12-09T03:05:20.656+0000][1][safepoint    ] Total time for which application threads were stopped: 0.0000870 seconds, Stopping threads took: 0.0000070 seconds
[2019-12-09T03:05:20.656+0000][1][safepoint    ] Application time: 0.0000471 seconds
[2019-12-09T03:05:20.656+0000][1][safepoint    ] Entering safepoint region: RevokeBias
[2019-12-09T03:05:20.657+0000][1][safepoint    ] Leaving safepoint region
[2019-12-09T03:05:20.657+0000][1][safepoint    ] Total time for which application threads were stopped: 0.0000885 seconds, Stopping threads took: 0.0000074 seconds
[2019-12-09T03:05:20.657+0000][1][safepoint    ] Application time: 0.0000438 seconds
[2019-12-09T03:05:20.657+0000][1][safepoint    ] Entering safepoint region: RevokeBias
[2019-12-09T03:05:20.657+0000][1][safepoint    ] Leaving safepoint region
[2019-12-09T03:05:20.657+0000][1][safepoint    ] Total time for which application threads were stopped: 0.0001072 seconds, Stopping threads took: 0.0000066 seconds
[2019-12-09T03:05:20.657+0000][1][safepoint    ] Application time: 0.0000554 seconds
[2019-12-09T03:05:20.657+0000][1][safepoint    ] Entering safepoint region: RevokeBias
[2019-12-09T03:05:20.657+0000][1][safepoint    ] Leaving safepoint region
[2019-12-09T03:05:20.657+0000][1][safepoint    ] Total time for which application threads were stopped: 0.0000934 seconds, Stopping threads took: 0.0000075 seconds
[2019-12-09T03:05:20.657+0000][1][safepoint    ] Application time: 0.0000431 seconds
[2019-12-09T03:05:20.657+0000][1][safepoint    ] Entering safepoint region: RevokeBias
[2019-12-09T03:05:20.657+0000][1][safepoint    ] Leaving safepoint region
[2019-12-09T03:05:20.657+0000][1][safepoint    ] Total time for which application threads were stopped: 0.0001202 seconds, Stopping threads took: 0.0000152 seconds
[2019-12-09T03:05:20.666+0000][1][safepoint    ] Application time: 0.0090941 seconds
[2019-12-09T03:05:20.666+0000][1][safepoint    ] Entering safepoint region: RevokeBias
[2019-12-09T03:05:20.666+0000][1][safepoint    ] Leaving safepoint region
[2019-12-09T03:05:20.666+0000][1][safepoint    ] Total time for which application threads were stopped: 0.0001171 seconds, Stopping threads took: 0.0000111 seconds
[2019-12-09T03:05:20.684+0000][1][safepoint    ] Application time: 0.0171785 seconds
[2019-12-09T03:05:20.684+0000][1][safepoint    ] Entering safepoint region: RevokeBias
[2019-12-09T03:05:20.684+0000][1][safepoint    ] Leaving safepoint region
[2019-12-09T03:05:20.684+0000][1][safepoint    ] Total time for which application threads were stopped: 0.0000689 seconds, Stopping threads took: 0.0000116 seconds
[2019-12-09T03:05:21.685+0000][1][safepoint    ] Application time: 1.0011594 seconds
[2019-12-09T03:05:21.703+0000][1][safepoint    ] Entering safepoint region: Cleanup
[2019-12-09T03:05:21.703+0000][1][safepoint    ] Leaving safepoint region
[2019-12-09T03:05:21.703+0000][1][safepoint    ] Total time for which application threads were stopped: 0.0180442 seconds, Stopping threads took: 0.0179595 seconds
[2019-12-09T03:05:21.818+0000][1][safepoint    ] Application time: 0.1148465 seconds
[2019-12-09T03:05:21.818+0000][1][safepoint    ] Entering safepoint region: Deoptimize
[2019-12-09T03:05:21.818+0000][1][safepoint    ] Leaving safepoint region
[2019-12-09T03:05:21.818+0000][1][safepoint    ] Total time for which application threads were stopped: 0.0003631 seconds, Stopping threads took: 0.0000119 seconds
[2019-12-09T03:05:21.819+0000][1][safepoint    ] Application time: 0.0004793 seconds
[2019-12-09T03:05:21.819+0000][1][safepoint    ] Entering safepoint region: Deoptimize
[2019-12-09T03:05:21.819+0000][1][safepoint    ] Leaving safepoint region
[2019-12-09T03:05:21.819+0000][1][safepoint    ] Total time for which application threads were stopped: 0.0003515 seconds, Stopping threads took: 0.0000108 seconds
[2019-12-09T03:05:22.824+0000][1][safepoint    ] Application time: 1.0047358 seconds
[2019-12-09T03:05:22.908+0000][1][safepoint    ] Entering safepoint region: Cleanup
[2019-12-09T03:05:22.908+0000][1][safepoint    ] Leaving safepoint region
[2019-12-09T03:05:22.908+0000][1][safepoint    ] Total time for which application threads were stopped: 0.0847483 seconds, Stopping threads took: 0.0846783 seconds
[2019-12-09T03:05:23.313+0000][1][safepoint    ] Application time: 0.4046903 seconds
[2019-12-09T03:05:23.313+0000][1][safepoint    ] Entering safepoint region: RevokeBias
[2019-12-09T03:05:23.313+0000][1][safepoint    ] Leaving safepoint region
[2019-12-09T03:05:23.313+0000][1][safepoint    ] Total time for which application threads were stopped: 0.0000943 seconds, Stopping threads took: 0.0000118 seconds
[2019-12-09T03:05:23.427+0000][1][safepoint    ] Application time: 0.1133858 seconds
[2019-12-09T03:05:23.427+0000][1][safepoint    ] Entering safepoint region: RevokeBias
[2019-12-09T03:05:23.427+0000][1][safepoint    ] Leaving safepoint region
[2019-12-09T03:05:23.427+0000][1][safepoint    ] Total time for which application threads were stopped: 0.0000916 seconds, Stopping threads took: 0.0000134 seconds
[2019-12-09T03:05:23.454+0000][1][safepoint    ] Application time: 0.0267438 seconds
[2019-12-09T03:05:23.454+0000][1][safepoint    ] Entering safepoint region: RevokeBias
[2019-12-09T03:05:23.454+0000][1][safepoint    ] Leaving safepoint region
[2019-12-09T03:05:23.454+0000][1][safepoint    ] Total time for which application threads were stopped: 0.0001022 seconds, Stopping threads took: 0.0000125 seconds
[2019-12-09T03:05:24.046+0000][1][safepoint    ] Application time: 0.5919831 seconds
[2019-12-09T03:05:24.046+0000][1][safepoint    ] Entering safepoint region: GenCollectForAllocation
[2019-12-09T03:05:24.046+0000][1][gc,start     ] GC(3) Pause Young (Allocation Failure)
[2019-12-09T03:05:24.046+0000][1][gc,task      ] GC(3) Using 2 workers of 2 for evacuation
[2019-12-09T03:05:24.202+0000][1][gc,age       ] GC(3) Desired survivor size 4456448 bytes, new threshold 3 (max threshold 6)
[2019-12-09T03:05:24.202+0000][1][gc,age       ] GC(3) Age table with threshold 3 (max threshold 6)
[2019-12-09T03:05:24.202+0000][1][gc,age       ] GC(3) - age   1:    3745280 bytes,    3745280 total
[2019-12-09T03:05:24.202+0000][1][gc,age       ] GC(3) - age   2:     489280 bytes,    4234560 total
[2019-12-09T03:05:24.202+0000][1][gc,age       ] GC(3) - age   3:     972048 bytes,    5206608 total
[2019-12-09T03:05:24.202+0000][1][gc,heap      ] GC(3) ParNew: 72009K->5829K(78656K)
[2019-12-09T03:05:24.202+0000][1][gc,heap      ] GC(3) CMS: 7018K->7018K(174784K)
[2019-12-09T03:05:24.202+0000][1][gc,metaspace ] GC(3) Metaspace: 18495K->18495K(1067008K)
[2019-12-09T03:05:24.202+0000][1][gc           ] GC(3) Pause Young (Allocation Failure) 77M->12M(247M) 156.157ms
[2019-12-09T03:05:24.202+0000][1][gc,cpu       ] GC(3) User=0.04s Sys=0.00s Real=0.15s
[2019-12-09T03:05:24.202+0000][1][safepoint    ] Leaving safepoint region
[2019-12-09T03:05:24.202+0000][1][safepoint    ] Total time for which application threads were stopped: 0.1563015 seconds, Stopping threads took: 0.0000247 seconds
[2019-12-09T03:05:24.205+0000][1][safepoint    ] Application time: 0.0027414 seconds
[2019-12-09T03:05:24.215+0000][1][safepoint    ] Entering safepoint region: BulkRevokeBias
[2019-12-09T03:05:24.215+0000][1][safepoint    ] Leaving safepoint region
[2019-12-09T03:05:24.215+0000][1][safepoint    ] Total time for which application threads were stopped: 0.0101639 seconds, Stopping threads took: 0.0099767 seconds
[2019-12-09T03:05:24.216+0000][1][safepoint    ] Application time: 0.0007776 seconds
[2019-12-09T03:05:24.216+0000][1][safepoint    ] Entering safepoint region: RevokeBias
[2019-12-09T03:05:24.216+0000][1][safepoint    ] Leaving safepoint region
[2019-12-09T03:05:24.216+0000][1][safepoint    ] Total time for which application threads were stopped: 0.0000794 seconds, Stopping threads took: 0.0000114 seconds
[2019-12-09T03:05:24.216+0000][1][safepoint    ] Application time: 0.0000733 seconds
[2019-12-09T03:05:24.216+0000][1][safepoint    ] Entering safepoint region: RevokeBias
[2019-12-09T03:05:24.216+0000][1][safepoint    ] Leaving safepoint region
[2019-12-09T03:05:24.216+0000][1][safepoint    ] Total time for which application threads were stopped: 0.0000546 seconds, Stopping threads took: 0.0000084 seconds
[2019-12-09T03:05:24.216+0000][1][safepoint    ] Application time: 0.0000505 seconds
[2019-12-09T03:05:24.216+0000][1][safepoint    ] Entering safepoint region: RevokeBias
[2019-12-09T03:05:24.216+0000][1][safepoint    ] Leaving safepoint region
[2019-12-09T03:05:24.216+0000][1][safepoint    ] Total time for which application threads were stopped: 0.0000498 seconds, Stopping threads took: 0.0000078 seconds
[2019-12-09T03:05:24.216+0000][1][safepoint    ] Application time: 0.0001356 seconds
[2019-12-09T03:05:24.216+0000][1][safepoint    ] Entering safepoint region: RevokeBias
[2019-12-09T03:05:24.216+0000][1][safepoint    ] Leaving safepoint region
[2019-12-09T03:05:24.216+0000][1][safepoint    ] Total time for which application threads were stopped: 0.0000753 seconds, Stopping threads took: 0.0000080 seconds
[2019-12-09T03:05:24.216+0000][1][safepoint    ] Application time: 0.0000451 seconds
[2019-12-09T03:05:24.216+0000][1][safepoint    ] Entering safepoint region: RevokeBias
[2019-12-09T03:05:24.216+0000][1][safepoint    ] Leaving safepoint region
[2019-12-09T03:05:24.216+0000][1][safepoint    ] Total time for which application threads were stopped: 0.0000418 seconds, Stopping threads took: 0.0000061 seconds
[2019-12-09T03:05:24.217+0000][1][safepoint    ] Application time: 0.0000479 seconds
[2019-12-09T03:05:24.217+0000][1][safepoint    ] Entering safepoint region: RevokeBias
[2019-12-09T03:05:24.217+0000][1][safepoint    ] Leaving safepoint region
[2019-12-09T03:05:24.217+0000][1][safepoint    ] Total time for which application threads were stopped: 0.0000531 seconds, Stopping threads took: 0.0000064 seconds
[2019-12-09T03:05:24.217+0000][1][safepoint    ] Application time: 0.0000428 seconds
[2019-12-09T03:05:24.217+0000][1][safepoint    ] Entering safepoint region: RevokeBias
[2019-12-09T03:05:24.217+0000][1][safepoint    ] Leaving safepoint region
[2019-12-09T03:05:24.217+0000][1][safepoint    ] Total time for which application threads were stopped: 0.0000613 seconds, Stopping threads took: 0.0000067 seconds
[2019-12-09T03:05:24.217+0000][1][safepoint    ] Application time: 0.0000498 seconds
[2019-12-09T03:05:24.217+0000][1][safepoint    ] Entering safepoint region: RevokeBias
[2019-12-09T03:05:24.217+0000][1][safepoint    ] Leaving safepoint region
[2019-12-09T03:05:24.217+0000][1][safepoint    ] Total time for which application threads were stopped: 0.0000462 seconds, Stopping threads took: 0.0000065 seconds
[2019-12-09T03:05:24.217+0000][1][safepoint    ] Application time: 0.0000422 seconds
[2019-12-09T03:05:24.217+0000][1][safepoint    ] Entering safepoint region: RevokeBias
[2019-12-09T03:05:24.217+0000][1][safepoint    ] Leaving safepoint region
[2019-12-09T03:05:24.217+0000][1][safepoint    ] Total time for which application threads were stopped: 0.0000425 seconds, Stopping threads took: 0.0000064 seconds
[2019-12-09T03:05:24.218+0000][1][safepoint    ] Application time: 0.0008034 seconds
[2019-12-09T03:05:24.218+0000][1][safepoint    ] Entering safepoint region: RevokeBias
[2019-12-09T03:05:24.218+0000][1][safepoint    ] Leaving safepoint region
[2019-12-09T03:05:24.218+0000][1][safepoint    ] Total time for which application threads were stopped: 0.0003562 seconds, Stopping threads took: 0.0002788 seconds
[2019-12-09T03:05:24.218+0000][1][safepoint    ] Application time: 0.0000717 seconds
[2019-12-09T03:05:24.218+0000][1][safepoint    ] Entering safepoint region: RevokeBias
[2019-12-09T03:05:24.218+0000][1][safepoint    ] Leaving safepoint region
[2019-12-09T03:05:24.218+0000][1][safepoint    ] Total time for which application threads were stopped: 0.0000767 seconds, Stopping threads took: 0.0000099 seconds
[2019-12-09T03:05:24.218+0000][1][safepoint    ] Application time: 0.0000689 seconds
[2019-12-09T03:05:24.218+0000][1][safepoint    ] Entering safepoint region: RevokeBias
[2019-12-09T03:05:24.218+0000][1][safepoint    ] Leaving safepoint region
[2019-12-09T03:05:24.218+0000][1][safepoint    ] Total time for which application threads were stopped: 0.0000784 seconds, Stopping threads took: 0.0000176 seconds
[2019-12-09T03:05:24.220+0000][1][safepoint    ] Application time: 0.0017488 seconds
[2019-12-09T03:05:24.220+0000][1][safepoint    ] Entering safepoint region: RevokeBias
[2019-12-09T03:05:24.220+0000][1][safepoint    ] Leaving safepoint region
[2019-12-09T03:05:24.220+0000][1][safepoint    ] Total time for which application threads were stopped: 0.0000554 seconds, Stopping threads took: 0.0000090 seconds
[2019-12-09T03:05:24.220+0000][1][safepoint    ] Application time: 0.0000509 seconds
[2019-12-09T03:05:24.220+0000][1][safepoint    ] Entering safepoint region: RevokeBias
[2019-12-09T03:05:24.220+0000][1][safepoint    ] Leaving safepoint region
[2019-12-09T03:05:24.220+0000][1][safepoint    ] Total time for which application threads were stopped: 0.0000444 seconds, Stopping threads took: 0.0000073 seconds
[2019-12-09T03:05:24.224+0000][1][safepoint    ] Application time: 0.0035457 seconds
[2019-12-09T03:05:24.228+0000][1][safepoint    ] Entering safepoint region: RevokeBias
[2019-12-09T03:05:24.228+0000][1][safepoint    ] Leaving safepoint region
[2019-12-09T03:05:24.228+0000][1][safepoint    ] Total time for which application threads were stopped: 0.0039416 seconds, Stopping threads took: 0.0038533 seconds
[2019-12-09T03:05:24.228+0000][1][safepoint    ] Application time: 0.0000849 seconds
[2019-12-09T03:05:24.228+0000][1][safepoint    ] Entering safepoint region: RevokeBias
[2019-12-09T03:05:24.228+0000][1][safepoint    ] Leaving safepoint region
[2019-12-09T03:05:24.228+0000][1][safepoint    ] Total time for which application threads were stopped: 0.0000828 seconds, Stopping threads took: 0.0000088 seconds
[2019-12-09T03:05:24.284+0000][1][safepoint    ] Application time: 0.0554516 seconds
[2019-12-09T03:05:24.284+0000][1][safepoint    ] Entering safepoint region: RevokeBias
[2019-12-09T03:05:24.284+0000][1][safepoint    ] Leaving safepoint region
[2019-12-09T03:05:24.284+0000][1][safepoint    ] Total time for which application threads were stopped: 0.0000896 seconds, Stopping threads took: 0.0000139 seconds
[2019-12-09T03:05:24.287+0000][1][safepoint    ] Application time: 0.0030357 seconds
[2019-12-09T03:05:24.287+0000][1][safepoint    ] Entering safepoint region: RevokeBias
[2019-12-09T03:05:24.287+0000][1][safepoint    ] Leaving safepoint region
[2019-12-09T03:05:24.287+0000][1][safepoint    ] Total time for which application threads were stopped: 0.0000720 seconds, Stopping threads took: 0.0000110 seconds
[2019-12-09T03:05:24.396+0000][1][safepoint    ] Application time: 0.1090637 seconds
[2019-12-09T03:05:24.396+0000][1][safepoint    ] Entering safepoint region: RevokeBias
[2019-12-09T03:05:24.396+0000][1][safepoint    ] Leaving safepoint region
[2019-12-09T03:05:24.396+0000][1][safepoint    ] Total time for which application threads were stopped: 0.0000859 seconds, Stopping threads took: 0.0000125 seconds
[2019-12-09T03:05:24.397+0000][1][safepoint    ] Application time: 0.0013099 seconds
[2019-12-09T03:05:24.397+0000][1][safepoint    ] Entering safepoint region: RevokeBias
[2019-12-09T03:05:24.397+0000][1][safepoint    ] Leaving safepoint region
[2019-12-09T03:05:24.397+0000][1][safepoint    ] Total time for which application threads were stopped: 0.0000736 seconds, Stopping threads took: 0.0000117 seconds
[2019-12-09T03:05:24.449+0000][1][safepoint    ] Application time: 0.0520335 seconds
[2019-12-09T03:05:24.449+0000][1][safepoint    ] Entering safepoint region: GenCollectForAllocation
[2019-12-09T03:05:24.450+0000][1][gc,start     ] GC(4) Pause Young (Allocation Failure)
[2019-12-09T03:05:24.450+0000][1][gc,task      ] GC(4) Using 2 workers of 2 for evacuation
[2019-12-09T03:05:24.619+0000][1][gc,age       ] GC(4) Desired survivor size 4456448 bytes, new threshold 2 (max threshold 6)
[2019-12-09T03:05:24.619+0000][1][gc,age       ] GC(4) Age table with threshold 2 (max threshold 6)
[2019-12-09T03:05:24.619+0000][1][gc,age       ] GC(4) - age   1:    1505824 bytes,    1505824 total
[2019-12-09T03:05:24.619+0000][1][gc,age       ] GC(4) - age   2:    3223248 bytes,    4729072 total
[2019-12-09T03:05:24.619+0000][1][gc,age       ] GC(4) - age   3:     489280 bytes,    5218352 total
[2019-12-09T03:05:24.619+0000][1][gc,heap      ] GC(4) ParNew: 75781K->6103K(78656K)
[2019-12-09T03:05:24.619+0000][1][gc,heap      ] GC(4) CMS: 7018K->7981K(174784K)
[2019-12-09T03:05:24.619+0000][1][gc,metaspace ] GC(4) Metaspace: 18689K->18689K(1067008K)
[2019-12-09T03:05:24.619+0000][1][gc           ] GC(4) Pause Young (Allocation Failure) 80M->13M(247M) 169.418ms
[2019-12-09T03:05:24.619+0000][1][gc,cpu       ] GC(4) User=0.04s Sys=0.00s Real=0.17s
[2019-12-09T03:05:24.619+0000][1][safepoint    ] Leaving safepoint region
[2019-12-09T03:05:24.619+0000][1][safepoint    ] Total time for which application threads were stopped: 0.1695389 seconds, Stopping threads took: 0.0000143 seconds
[2019-12-09T03:05:24.622+0000][1][safepoint    ] Application time: 0.0027993 seconds
[2019-12-09T03:05:24.622+0000][1][safepoint    ] Entering safepoint region: RevokeBias
[2019-12-09T03:05:24.622+0000][1][safepoint    ] Leaving safepoint region
[2019-12-09T03:05:24.622+0000][1][safepoint    ] Total time for which application threads were stopped: 0.0005750 seconds, Stopping threads took: 0.0004839 seconds
[2019-12-09T03:05:24.622+0000][1][safepoint    ] Application time: 0.0000512 seconds
[2019-12-09T03:05:24.623+0000][1][safepoint    ] Entering safepoint region: RevokeBias
[2019-12-09T03:05:24.623+0000][1][safepoint    ] Leaving safepoint region
[2019-12-09T03:05:24.623+0000][1][safepoint    ] Total time for which application threads were stopped: 0.0000686 seconds, Stopping threads took: 0.0000074 seconds
[2019-12-09T03:05:24.623+0000][1][safepoint    ] Application time: 0.0000510 seconds
[2019-12-09T03:05:24.623+0000][1][safepoint    ] Entering safepoint region: RevokeBias
[2019-12-09T03:05:24.623+0000][1][safepoint    ] Leaving safepoint region
[2019-12-09T03:05:24.623+0000][1][safepoint    ] Total time for which application threads were stopped: 0.0000766 seconds, Stopping threads took: 0.0000073 seconds
[2019-12-09T03:05:24.623+0000][1][safepoint    ] Application time: 0.0000450 seconds
[2019-12-09T03:05:24.623+0000][1][safepoint    ] Entering safepoint region: RevokeBias
[2019-12-09T03:05:24.623+0000][1][safepoint    ] Leaving safepoint region
[2019-12-09T03:05:24.623+0000][1][safepoint    ] Total time for which application threads were stopped: 0.0000593 seconds, Stopping threads took: 0.0000068 seconds
[2019-12-09T03:05:24.800+0000][1][safepoint    ] Application time: 0.1768737 seconds
[2019-12-09T03:05:24.800+0000][1][safepoint    ] Entering safepoint region: RevokeBias
[2019-12-09T03:05:24.800+0000][1][safepoint    ] Leaving safepoint region
[2019-12-09T03:05:24.800+0000][1][safepoint    ] Total time for which application threads were stopped: 0.0000814 seconds, Stopping threads took: 0.0000120 seconds
[2019-12-09T03:05:24.802+0000][1][safepoint    ] Application time: 0.0019856 seconds
[2019-12-09T03:05:24.802+0000][1][safepoint    ] Entering safepoint region: RevokeBias
[2019-12-09T03:05:24.802+0000][1][safepoint    ] Leaving safepoint region
[2019-12-09T03:05:24.802+0000][1][safepoint    ] Total time for which application threads were stopped: 0.0000764 seconds, Stopping threads took: 0.0000134 seconds
[2019-12-09T03:05:24.824+0000][1][safepoint    ] Application time: 0.0223491 seconds
[2019-12-09T03:05:24.824+0000][1][safepoint    ] Entering safepoint region: Deoptimize
[2019-12-09T03:05:24.825+0000][1][safepoint    ] Leaving safepoint region
[2019-12-09T03:05:24.825+0000][1][safepoint    ] Total time for which application threads were stopped: 0.0004047 seconds, Stopping threads took: 0.0000129 seconds
[2019-12-09T03:05:25.331+0000][1][safepoint    ] Application time: 0.5062330 seconds
[2019-12-09T03:05:25.331+0000][1][safepoint    ] Entering safepoint region: Deoptimize
[2019-12-09T03:05:25.331+0000][1][safepoint    ] Leaving safepoint region
[2019-12-09T03:05:25.331+0000][1][safepoint    ] Total time for which application threads were stopped: 0.0004275 seconds, Stopping threads took: 0.0000145 seconds
[2019-12-09T03:05:26.338+0000][1][safepoint    ] Application time: 1.0065809 seconds
[2019-12-09T03:05:26.338+0000][1][safepoint    ] Entering safepoint region: GenCollectForAllocation
[2019-12-09T03:05:26.338+0000][1][gc,start     ] GC(5) Pause Young (Allocation Failure)
[2019-12-09T03:05:26.338+0000][1][gc,task      ] GC(5) Using 2 workers of 2 for evacuation
[2019-12-09T03:05:26.508+0000][1][gc,age       ] GC(5) Desired survivor size 4456448 bytes, new threshold 6 (max threshold 6)
[2019-12-09T03:05:26.508+0000][1][gc,age       ] GC(5) Age table with threshold 6 (max threshold 6)
[2019-12-09T03:05:26.508+0000][1][gc,age       ] GC(5) - age   1:    2528504 bytes,    2528504 total
[2019-12-09T03:05:26.508+0000][1][gc,age       ] GC(5) - age   2:     442352 bytes,    2970856 total
[2019-12-09T03:05:26.508+0000][1][gc,heap      ] GC(5) ParNew: 76055K->4839K(78656K)
[2019-12-09T03:05:26.508+0000][1][gc,heap      ] GC(5) CMS: 7981K->11637K(174784K)
[2019-12-09T03:05:26.508+0000][1][gc,metaspace ] GC(5) Metaspace: 19035K->19035K(1067008K)
[2019-12-09T03:05:26.508+0000][1][gc           ] GC(5) Pause Young (Allocation Failure) 82M->16M(247M) 169.877ms
[2019-12-09T03:05:26.508+0000][1][gc,cpu       ] GC(5) User=0.04s Sys=0.00s Real=0.17s
[2019-12-09T03:05:26.508+0000][1][safepoint    ] Leaving safepoint region
[2019-12-09T03:05:26.508+0000][1][safepoint    ] Total time for which application threads were stopped: 0.1700624 seconds, Stopping threads took: 0.0000144 seconds
[2019-12-09T03:05:26.510+0000][1][safepoint    ] Application time: 0.0016707 seconds
[2019-12-09T03:05:26.524+0000][1][safepoint    ] Entering safepoint region: RevokeBias
[2019-12-09T03:05:26.524+0000][1][safepoint    ] Leaving safepoint region
[2019-12-09T03:05:26.524+0000][1][safepoint    ] Total time for which application threads were stopped: 0.0140511 seconds, Stopping threads took: 0.0139763 seconds
[2019-12-09T03:05:26.524+0000][1][safepoint    ] Application time: 0.0000791 seconds
[2019-12-09T03:05:26.524+0000][1][safepoint    ] Entering safepoint region: RevokeBias
[2019-12-09T03:05:26.524+0000][1][safepoint    ] Leaving safepoint region
[2019-12-09T03:05:26.524+0000][1][safepoint    ] Total time for which application threads were stopped: 0.0000759 seconds, Stopping threads took: 0.0000118 seconds
[2019-12-09T03:05:26.524+0000][1][safepoint    ] Application time: 0.0000610 seconds
[2019-12-09T03:05:26.524+0000][1][safepoint    ] Entering safepoint region: RevokeBias
[2019-12-09T03:05:26.524+0000][1][safepoint    ] Leaving safepoint region
[2019-12-09T03:05:26.524+0000][1][safepoint    ] Total time for which application threads were stopped: 0.0000483 seconds, Stopping threads took: 0.0000075 seconds
[2019-12-09T03:05:26.524+0000][1][safepoint    ] Application time: 0.0000489 seconds
[2019-12-09T03:05:26.524+0000][1][safepoint    ] Entering safepoint region: RevokeBias
[2019-12-09T03:05:26.524+0000][1][safepoint    ] Leaving safepoint region
[2019-12-09T03:05:26.524+0000][1][safepoint    ] Total time for which application threads were stopped: 0.0000442 seconds, Stopping threads took: 0.0000073 seconds
[2019-12-09T03:05:26.524+0000][1][safepoint    ] Application time: 0.0000610 seconds
[2019-12-09T03:05:26.524+0000][1][safepoint    ] Entering safepoint region: RevokeBias
[2019-12-09T03:05:26.524+0000][1][safepoint    ] Leaving safepoint region
[2019-12-09T03:05:26.524+0000][1][safepoint    ] Total time for which application threads were stopped: 0.0000396 seconds, Stopping threads took: 0.0000067 seconds
[2019-12-09T03:05:26.524+0000][1][safepoint    ] Application time: 0.0000417 seconds
[2019-12-09T03:05:26.524+0000][1][safepoint    ] Entering safepoint region: RevokeBias
[2019-12-09T03:05:26.524+0000][1][safepoint    ] Leaving safepoint region
[2019-12-09T03:05:26.524+0000][1][safepoint    ] Total time for which application threads were stopped: 0.0000379 seconds, Stopping threads took: 0.0000061 seconds
[2019-12-09T03:05:27.525+0000][1][safepoint    ] Application time: 1.0002014 seconds
[2019-12-09T03:05:27.525+0000][1][safepoint    ] Entering safepoint region: Cleanup
[2019-12-09T03:05:27.525+0000][1][safepoint    ] Leaving safepoint region
[2019-12-09T03:05:27.525+0000][1][safepoint    ] Total time for which application threads were stopped: 0.0000976 seconds, Stopping threads took: 0.0000481 seconds
[2019-12-09T03:05:27.605+0000][1][safepoint    ] Application time: 0.0802661 seconds
[2019-12-09T03:05:27.605+0000][1][safepoint    ] Entering safepoint region: RevokeBias
[2019-12-09T03:05:27.605+0000][1][safepoint    ] Leaving safepoint region
[2019-12-09T03:05:27.605+0000][1][safepoint    ] Total time for which application threads were stopped: 0.0000665 seconds, Stopping threads took: 0.0000131 seconds
[2019-12-09T03:05:27.605+0000][1][safepoint    ] Application time: 0.0002226 seconds
[2019-12-09T03:05:27.605+0000][1][safepoint    ] Entering safepoint region: RevokeBias
[2019-12-09T03:05:27.606+0000][1][safepoint    ] Leaving safepoint region
[2019-12-09T03:05:27.606+0000][1][safepoint    ] Total time for which application threads were stopped: 0.0000450 seconds, Stopping threads took: 0.0000096 seconds
[2019-12-09T03:05:27.911+0000][1][safepoint    ] Application time: 0.3054764 seconds
[2019-12-09T03:05:27.911+0000][1][safepoint    ] Entering safepoint region: GenCollectForAllocation
[2019-12-09T03:05:27.911+0000][1][gc,start     ] GC(6) Pause Young (Allocation Failure)
[2019-12-09T03:05:27.911+0000][1][gc,task      ] GC(6) Using 2 workers of 2 for evacuation
[2019-12-09T03:05:28.016+0000][1][gc,age       ] GC(6) Desired survivor size 4456448 bytes, new threshold 6 (max threshold 6)
[2019-12-09T03:05:28.016+0000][1][gc,age       ] GC(6) Age table with threshold 6 (max threshold 6)
[2019-12-09T03:05:28.016+0000][1][gc,age       ] GC(6) - age   1:    1727816 bytes,    1727816 total
[2019-12-09T03:05:28.016+0000][1][gc,age       ] GC(6) - age   2:    2192800 bytes,    3920616 total
[2019-12-09T03:05:28.016+0000][1][gc,age       ] GC(6) - age   3:     442352 bytes,    4362968 total
[2019-12-09T03:05:28.016+0000][1][gc,heap      ] GC(6) ParNew: 74791K->5872K(78656K)
[2019-12-09T03:05:28.016+0000][1][gc,heap      ] GC(6) CMS: 11637K->11637K(174784K)
[2019-12-09T03:05:28.016+0000][1][gc,metaspace ] GC(6) Metaspace: 19352K->19352K(1067008K)
[2019-12-09T03:05:28.016+0000][1][gc           ] GC(6) Pause Young (Allocation Failure) 84M->17M(247M) 104.888ms
[2019-12-09T03:05:28.016+0000][1][gc,cpu       ] GC(6) User=0.03s Sys=0.00s Real=0.11s
[2019-12-09T03:05:28.016+0000][1][safepoint    ] Leaving safepoint region
[2019-12-09T03:05:28.016+0000][1][safepoint    ] Total time for which application threads were stopped: 0.1050115 seconds, Stopping threads took: 0.0000128 seconds
[2019-12-09T03:05:28.018+0000][1][safepoint    ] Application time: 0.0017481 seconds
[2019-12-09T03:05:28.032+0000][1][safepoint    ] Entering safepoint region: RevokeBias
[2019-12-09T03:05:28.032+0000][1][safepoint    ] Leaving safepoint region
[2019-12-09T03:05:28.032+0000][1][safepoint    ] Total time for which application threads were stopped: 0.0140390 seconds, Stopping threads took: 0.0139702 seconds
[2019-12-09T03:05:28.032+0000][1][safepoint    ] Application time: 0.0000666 seconds
[2019-12-09T03:05:28.032+0000][1][safepoint    ] Entering safepoint region: BulkRevokeBias
[2019-12-09T03:05:28.032+0000][1][safepoint    ] Leaving safepoint region
[2019-12-09T03:05:28.032+0000][1][safepoint    ] Total time for which application threads were stopped: 0.0000944 seconds, Stopping threads took: 0.0000083 seconds
[2019-12-09T03:05:28.032+0000][1][safepoint    ] Application time: 0.0000584 seconds
[2019-12-09T03:05:28.032+0000][1][safepoint    ] Entering safepoint region: BulkRevokeBias
[2019-12-09T03:05:28.032+0000][1][safepoint    ] Leaving safepoint region
[2019-12-09T03:05:28.032+0000][1][safepoint    ] Total time for which application threads were stopped: 0.0000645 seconds, Stopping threads took: 0.0000075 seconds
[2019-12-09T03:05:29.013+0000][1][safepoint    ] Application time: 0.9807128 seconds
[2019-12-09T03:05:29.013+0000][1][safepoint    ] Entering safepoint region: GenCollectForAllocation
[2019-12-09T03:05:29.013+0000][1][gc,start     ] GC(7) Pause Young (Allocation Failure)
[2019-12-09T03:05:29.013+0000][1][gc,task      ] GC(7) Using 2 workers of 2 for evacuation
[2019-12-09T03:05:29.191+0000][1][gc,age       ] GC(7) Desired survivor size 4456448 bytes, new threshold 3 (max threshold 6)
[2019-12-09T03:05:29.191+0000][1][gc,age       ] GC(7) Age table with threshold 3 (max threshold 6)
[2019-12-09T03:05:29.191+0000][1][gc,age       ] GC(7) - age   1:    2222192 bytes,    2222192 total
[2019-12-09T03:05:29.191+0000][1][gc,age       ] GC(7) - age   2:    1128880 bytes,    3351072 total
[2019-12-09T03:05:29.191+0000][1][gc,age       ] GC(7) - age   3:    2192720 bytes,    5543792 total
[2019-12-09T03:05:29.191+0000][1][gc,age       ] GC(7) - age   4:     442352 bytes,    5986144 total
[2019-12-09T03:05:29.191+0000][1][gc,heap      ] GC(7) ParNew: 75824K->7347K(78656K)
[2019-12-09T03:05:29.191+0000][1][gc,heap      ] GC(7) CMS: 11637K->11637K(174784K)
[2019-12-09T03:05:29.191+0000][1][gc,metaspace ] GC(7) Metaspace: 19626K->19626K(1067008K)
[2019-12-09T03:05:29.191+0000][1][gc           ] GC(7) Pause Young (Allocation Failure) 85M->18M(247M) 177.947ms
[2019-12-09T03:05:29.191+0000][1][gc,cpu       ] GC(7) User=0.03s Sys=0.00s Real=0.18s
[2019-12-09T03:05:29.191+0000][1][safepoint    ] Leaving safepoint region
[2019-12-09T03:05:29.191+0000][1][safepoint    ] Total time for which application threads were stopped: 0.1780929 seconds, Stopping threads took: 0.0000140 seconds
[2019-12-09T03:05:30.113+0000][1][safepoint    ] Application time: 0.9216502 seconds
[2019-12-09T03:05:30.113+0000][1][safepoint    ] Entering safepoint region: CollectForMetadataAllocation
[2019-12-09T03:05:30.113+0000][1][safepoint    ] Leaving safepoint region
[2019-12-09T03:05:30.113+0000][1][safepoint    ] Total time for which application threads were stopped: 0.0002383 seconds, Stopping threads took: 0.0000127 seconds
[2019-12-09T03:05:30.325+0000][1][safepoint    ] Application time: 0.2122137 seconds
[2019-12-09T03:05:30.325+0000][1][safepoint    ] Entering safepoint region: CollectForMetadataAllocation
[2019-12-09T03:05:30.325+0000][1][safepoint    ] Leaving safepoint region
[2019-12-09T03:05:30.325+0000][1][safepoint    ] Total time for which application threads were stopped: 0.0002294 seconds, Stopping threads took: 0.0000146 seconds
[2019-12-09T03:05:31.076+0000][1][safepoint    ] Application time: 0.7502731 seconds
[2019-12-09T03:05:31.076+0000][1][safepoint    ] Entering safepoint region: GenCollectForAllocation
[2019-12-09T03:05:31.076+0000][1][gc,start     ] GC(8) Pause Young (Allocation Failure)
[2019-12-09T03:05:31.076+0000][1][gc,task      ] GC(8) Using 2 workers of 2 for evacuation
[2019-12-09T03:05:31.180+0000][1][gc,age       ] GC(8) Desired survivor size 4456448 bytes, new threshold 6 (max threshold 6)
[2019-12-09T03:05:31.180+0000][1][gc,age       ] GC(8) Age table with threshold 6 (max threshold 6)
[2019-12-09T03:05:31.180+0000][1][gc,age       ] GC(8) - age   1:    1193848 bytes,    1193848 total
[2019-12-09T03:05:31.180+0000][1][gc,age       ] GC(8) - age   2:     354160 bytes,    1548008 total
[2019-12-09T03:05:31.180+0000][1][gc,age       ] GC(8) - age   3:    1128736 bytes,    2676744 total
[2019-12-09T03:05:31.180+0000][1][gc,heap      ] GC(8) ParNew: 77299K->5302K(78656K)
[2019-12-09T03:05:31.180+0000][1][gc,heap      ] GC(8) CMS: 11637K->14226K(174784K)
[2019-12-09T03:05:31.180+0000][1][gc,metaspace ] GC(8) Metaspace: 20444K->20444K(1069056K)
[2019-12-09T03:05:31.180+0000][1][gc           ] GC(8) Pause Young (Allocation Failure) 86M->19M(247M) 103.928ms
[2019-12-09T03:05:31.180+0000][1][gc,cpu       ] GC(8) User=0.03s Sys=0.00s Real=0.10s
[2019-12-09T03:05:31.180+0000][1][safepoint    ] Leaving safepoint region
[2019-12-09T03:05:31.180+0000][1][safepoint    ] Total time for which application threads were stopped: 0.1040562 seconds, Stopping threads took: 0.0000149 seconds
[2019-12-09T03:05:31.200+0000][1][safepoint    ] Application time: 0.0199600 seconds
[2019-12-09T03:05:31.210+0000][1][safepoint    ] Entering safepoint region: CMS_Initial_Mark
[2019-12-09T03:05:31.210+0000][1][gc,start     ] GC(9) Pause Initial Mark
[2019-12-09T03:05:31.231+0000][1][gc           ] GC(9) Pause Initial Mark 24M->24M(247M) 21.523ms
[2019-12-09T03:05:31.231+0000][1][gc,cpu       ] GC(9) User=0.00s Sys=0.00s Real=0.02s
[2019-12-09T03:05:31.231+0000][1][safepoint    ] Leaving safepoint region
[2019-12-09T03:05:31.231+0000][1][safepoint    ] Total time for which application threads were stopped: 0.0315338 seconds, Stopping threads took: 0.0099044 seconds
[2019-12-09T03:05:31.236+0000][1][gc           ] GC(9) Concurrent Mark
[2019-12-09T03:05:31.430+0000][1][gc           ] GC(9) Concurrent Mark 194.283ms
[2019-12-09T03:05:31.430+0000][1][gc,cpu       ] GC(9) User=0.05s Sys=0.00s Real=0.19s
[2019-12-09T03:05:31.430+0000][1][gc           ] GC(9) Concurrent Preclean
[2019-12-09T03:05:31.431+0000][1][gc           ] GC(9) Concurrent Preclean 0.455ms
[2019-12-09T03:05:31.431+0000][1][gc,cpu       ] GC(9) User=0.00s Sys=0.00s Real=0.00s
[2019-12-09T03:05:31.431+0000][1][gc           ] GC(9) Concurrent Abortable Preclean
[2019-12-09T03:05:32.267+0000][1][safepoint    ] Application time: 1.0353408 seconds
[2019-12-09T03:05:32.267+0000][1][safepoint    ] Entering safepoint region: GenCollectForAllocation
[2019-12-09T03:05:32.267+0000][1][gc,start     ] GC(10) Pause Young (Allocation Failure)
[2019-12-09T03:05:32.267+0000][1][gc,task      ] GC(10) Using 2 workers of 2 for evacuation
[2019-12-09T03:05:32.328+0000][1][gc           ] GC(9) Concurrent Abortable Preclean 896.956ms
[2019-12-09T03:05:32.328+0000][1][gc,cpu       ] GC(9) User=0.24s Sys=0.00s Real=0.90s
[2019-12-09T03:05:32.383+0000][1][gc,age       ] GC(10) Desired survivor size 4456448 bytes, new threshold 6 (max threshold 6)
[2019-12-09T03:05:32.383+0000][1][gc,age       ] GC(10) Age table with threshold 6 (max threshold 6)
[2019-12-09T03:05:32.383+0000][1][gc,age       ] GC(10) - age   1:     378256 bytes,     378256 total
[2019-12-09T03:05:32.383+0000][1][gc,age       ] GC(10) - age   2:     656640 bytes,    1034896 total
[2019-12-09T03:05:32.383+0000][1][gc,age       ] GC(10) - age   3:     354160 bytes,    1389056 total
[2019-12-09T03:05:32.383+0000][1][gc,age       ] GC(10) - age   4:    1128736 bytes,    2517792 total
[2019-12-09T03:05:32.383+0000][1][gc,heap      ] GC(10) ParNew: 75254K->3458K(78656K)
[2019-12-09T03:05:32.383+0000][1][gc,heap      ] GC(10) CMS: 14226K->14226K(174784K)
[2019-12-09T03:05:32.383+0000][1][gc,metaspace ] GC(10) Metaspace: 20556K->20556K(1069056K)
[2019-12-09T03:05:32.383+0000][1][gc           ] GC(10) Pause Young (Allocation Failure) 87M->17M(247M) 116.134ms
[2019-12-09T03:05:32.383+0000][1][gc,cpu       ] GC(10) User=0.02s Sys=0.00s Real=0.11s
[2019-12-09T03:05:32.383+0000][1][safepoint    ] Leaving safepoint region
[2019-12-09T03:05:32.383+0000][1][safepoint    ] Total time for which application threads were stopped: 0.1162530 seconds, Stopping threads took: 0.0000137 seconds
[2019-12-09T03:05:32.386+0000][1][safepoint    ] Application time: 0.0027030 seconds
[2019-12-09T03:05:32.421+0000][1][safepoint    ] Entering safepoint region: CMS_Final_Remark
[2019-12-09T03:05:32.422+0000][1][gc,start     ] GC(9) Pause Remark
[2019-12-09T03:05:32.439+0000][1][gc           ] GC(9) Pause Remark 20M->20M(247M) 17.524ms
[2019-12-09T03:05:32.439+0000][1][gc,cpu       ] GC(9) User=0.01s Sys=0.00s Real=0.02s
[2019-12-09T03:05:32.439+0000][1][safepoint    ] Leaving safepoint region
[2019-12-09T03:05:32.439+0000][1][safepoint    ] Total time for which application threads were stopped: 0.0534105 seconds, Stopping threads took: 0.0357315 seconds
[2019-12-09T03:05:32.440+0000][1][gc           ] GC(9) Concurrent Sweep
[2019-12-09T03:05:32.490+0000][1][gc           ] GC(9) Concurrent Sweep 49.989ms
[2019-12-09T03:05:32.490+0000][1][gc,cpu       ] GC(9) User=0.02s Sys=0.00s Real=0.05s
[2019-12-09T03:05:32.490+0000][1][gc           ] GC(9) Concurrent Reset
[2019-12-09T03:05:32.490+0000][1][gc           ] GC(9) Concurrent Reset 0.332ms
[2019-12-09T03:05:32.490+0000][1][gc,cpu       ] GC(9) User=0.00s Sys=0.00s Real=0.00s
[2019-12-09T03:05:32.490+0000][1][gc,heap      ] GC(9) Old: 14226K->14216K(174784K)
[2019-12-09T03:05:33.359+0000][1][safepoint    ] Application time: 0.9203136 seconds
[2019-12-09T03:05:33.360+0000][1][safepoint    ] Entering safepoint region: GenCollectForAllocation
[2019-12-09T03:05:33.360+0000][1][gc,start     ] GC(11) Pause Young (Allocation Failure)
[2019-12-09T03:05:33.360+0000][1][gc,task      ] GC(11) Using 2 workers of 2 for evacuation
[2019-12-09T03:05:33.412+0000][1][gc,age       ] GC(11) Desired survivor size 4456448 bytes, new threshold 6 (max threshold 6)
[2019-12-09T03:05:33.412+0000][1][gc,age       ] GC(11) Age table with threshold 6 (max threshold 6)
[2019-12-09T03:05:33.412+0000][1][gc,age       ] GC(11) - age   1:     510704 bytes,     510704 total
[2019-12-09T03:05:33.412+0000][1][gc,age       ] GC(11) - age   2:      97512 bytes,     608216 total
[2019-12-09T03:05:33.412+0000][1][gc,age       ] GC(11) - age   3:     656496 bytes,    1264712 total
[2019-12-09T03:05:33.412+0000][1][gc,age       ] GC(11) - age   4:     354056 bytes,    1618768 total
[2019-12-09T03:05:33.412+0000][1][gc,age       ] GC(11) - age   5:    1128448 bytes,    2747216 total
[2019-12-09T03:05:33.412+0000][1][gc,heap      ] GC(11) ParNew: 73410K->4841K(78656K)
[2019-12-09T03:05:33.412+0000][1][gc,heap      ] GC(11) CMS: 14216K->14216K(174784K)
[2019-12-09T03:05:33.412+0000][1][gc,metaspace ] GC(11) Metaspace: 20647K->20647K(1069056K)
[2019-12-09T03:05:33.412+0000][1][gc           ] GC(11) Pause Young (Allocation Failure) 85M->18M(247M) 52.084ms
[2019-12-09T03:05:33.412+0000][1][gc,cpu       ] GC(11) User=0.00s Sys=0.00s Real=0.05s
[2019-12-09T03:05:33.412+0000][1][safepoint    ] Leaving safepoint region
[2019-12-09T03:05:33.412+0000][1][safepoint    ] Total time for which application threads were stopped: 0.0526240 seconds, Stopping threads took: 0.0000136 seconds
[2019-12-09T03:05:34.358+0000][1][safepoint    ] Application time: 0.9462041 seconds
[2019-12-09T03:05:34.358+0000][1][safepoint    ] Entering safepoint region: Deoptimize
[2019-12-09T03:05:34.359+0000][1][safepoint    ] Leaving safepoint region
[2019-12-09T03:05:34.359+0000][1][safepoint    ] Total time for which application threads were stopped: 0.0004599 seconds, Stopping threads took: 0.0000134 seconds
[2019-12-09T03:05:35.258+0000][1][safepoint    ] Application time: 0.8989189 seconds
[2019-12-09T03:05:35.258+0000][1][safepoint    ] Entering safepoint region: GenCollectForAllocation
[2019-12-09T03:05:35.258+0000][1][gc,start     ] GC(12) Pause Young (Allocation Failure)
[2019-12-09T03:05:35.258+0000][1][gc,task      ] GC(12) Using 2 workers of 2 for evacuation
[2019-12-09T03:05:35.310+0000][1][gc,age       ] GC(12) Desired survivor size 4456448 bytes, new threshold 6 (max threshold 6)
[2019-12-09T03:05:35.310+0000][1][gc,age       ] GC(12) Age table with threshold 6 (max threshold 6)
[2019-12-09T03:05:35.310+0000][1][gc,age       ] GC(12) - age   1:     465616 bytes,     465616 total
[2019-12-09T03:05:35.310+0000][1][gc,age       ] GC(12) - age   2:     305880 bytes,     771496 total
[2019-12-09T03:05:35.310+0000][1][gc,age       ] GC(12) - age   3:      97512 bytes,     869008 total
[2019-12-09T03:05:35.310+0000][1][gc,age       ] GC(12) - age   4:     656496 bytes,    1525504 total
[2019-12-09T03:05:35.310+0000][1][gc,age       ] GC(12) - age   5:     354056 bytes,    1879560 total
[2019-12-09T03:05:35.310+0000][1][gc,age       ] GC(12) - age   6:    1128448 bytes,    3008008 total
[2019-12-09T03:05:35.310+0000][1][gc,heap      ] GC(12) ParNew: 74793K->4028K(78656K)
[2019-12-09T03:05:35.310+0000][1][gc,heap      ] GC(12) CMS: 14216K->14216K(174784K)
[2019-12-09T03:05:35.310+0000][1][gc,metaspace ] GC(12) Metaspace: 22216K->22216K(1069056K)
[2019-12-09T03:05:35.310+0000][1][gc           ] GC(12) Pause Young (Allocation Failure) 86M->17M(247M) 52.227ms
[2019-12-09T03:05:35.310+0000][1][gc,cpu       ] GC(12) User=0.01s Sys=0.00s Real=0.05s
[2019-12-09T03:05:35.310+0000][1][safepoint    ] Leaving safepoint region
[2019-12-09T03:05:35.310+0000][1][safepoint    ] Total time for which application threads were stopped: 0.0523756 seconds, Stopping threads took: 0.0000136 seconds
[2019-12-09T03:05:36.325+0000][1][safepoint    ] Application time: 1.0145237 seconds
[2019-12-09T03:05:36.325+0000][1][safepoint    ] Entering safepoint region: Cleanup
[2019-12-09T03:05:36.325+0000][1][safepoint    ] Leaving safepoint region
[2019-12-09T03:05:36.325+0000][1][safepoint    ] Total time for which application threads were stopped: 0.0003587 seconds, Stopping threads took: 0.0001559 seconds
[2019-12-09T03:05:36.388+0000][1][safepoint    ] Application time: 0.0629825 seconds
[2019-12-09T03:05:36.388+0000][1][safepoint    ] Entering safepoint region: Deoptimize
[2019-12-09T03:05:36.389+0000][1][safepoint    ] Leaving safepoint region
[2019-12-09T03:05:36.389+0000][1][safepoint    ] Total time for which application threads were stopped: 0.0004427 seconds, Stopping threads took: 0.0000136 seconds
[2019-12-09T03:05:37.281+0000][1][safepoint    ] Application time: 0.8921802 seconds
[2019-12-09T03:05:37.281+0000][1][safepoint    ] Entering safepoint region: Deoptimize
[2019-12-09T03:05:37.281+0000][1][safepoint    ] Leaving safepoint region
[2019-12-09T03:05:37.281+0000][1][safepoint    ] Total time for which application threads were stopped: 0.0004153 seconds, Stopping threads took: 0.0000135 seconds
[2019-12-09T03:05:37.381+0000][1][safepoint    ] Application time: 0.1001146 seconds
[2019-12-09T03:05:37.381+0000][1][safepoint    ] Entering safepoint region: Deoptimize
[2019-12-09T03:05:37.382+0000][1][safepoint    ] Leaving safepoint region
[2019-12-09T03:05:37.382+0000][1][safepoint    ] Total time for which application threads were stopped: 0.0004312 seconds, Stopping threads took: 0.0000113 seconds
[2019-12-09T03:05:37.414+0000][1][safepoint    ] Application time: 0.0322790 seconds
[2019-12-09T03:05:37.414+0000][1][safepoint    ] Entering safepoint region: Deoptimize
[2019-12-09T03:05:37.415+0000][1][safepoint    ] Leaving safepoint region
[2019-12-09T03:05:37.415+0000][1][safepoint    ] Total time for which application threads were stopped: 0.0004185 seconds, Stopping threads took: 0.0000136 seconds
[2019-12-09T03:05:37.500+0000][1][safepoint    ] Application time: 0.0854089 seconds
[2019-12-09T03:05:37.500+0000][1][safepoint    ] Entering safepoint region: RevokeBias
[2019-12-09T03:05:37.500+0000][1][safepoint    ] Leaving safepoint region
[2019-12-09T03:05:37.500+0000][1][safepoint    ] Total time for which application threads were stopped: 0.0000666 seconds, Stopping threads took: 0.0000137 seconds
[2019-12-09T03:05:38.574+0000][1][safepoint    ] Application time: 1.0736612 seconds
[2019-12-09T03:05:38.684+0000][1][safepoint    ] Entering safepoint region: Cleanup
[2019-12-09T03:05:38.684+0000][1][safepoint    ] Leaving safepoint region
[2019-12-09T03:05:38.684+0000][1][safepoint    ] Total time for which application threads were stopped: 0.1100643 seconds, Stopping threads took: 0.1100034 seconds
[2019-12-09T03:05:39.690+0000][1][safepoint    ] Application time: 1.0058971 seconds
[2019-12-09T03:05:39.722+0000][1][safepoint    ] Entering safepoint region: Cleanup
[2019-12-09T03:05:39.722+0000][1][safepoint    ] Leaving safepoint region
[2019-12-09T03:05:39.722+0000][1][safepoint    ] Total time for which application threads were stopped: 0.0322590 seconds, Stopping threads took: 0.0320107 seconds
[2019-12-09T03:05:40.737+0000][1][safepoint    ] Application time: 1.0146719 seconds
[2019-12-09T03:05:40.766+0000][1][safepoint    ] Entering safepoint region: Cleanup
[2019-12-09T03:05:40.766+0000][1][safepoint    ] Leaving safepoint region
[2019-12-09T03:05:40.766+0000][1][safepoint    ] Total time for which application threads were stopped: 0.0292039 seconds, Stopping threads took: 0.0291571 seconds
[2019-12-09T03:05:41.767+0000][1][safepoint    ] Application time: 1.0007450 seconds
[2019-12-09T03:05:41.804+0000][1][safepoint    ] Entering safepoint region: Cleanup
[2019-12-09T03:05:41.804+0000][1][safepoint    ] Leaving safepoint region
[2019-12-09T03:05:41.804+0000][1][safepoint    ] Total time for which application threads were stopped: 0.0376711 seconds, Stopping threads took: 0.0376264 seconds
[2019-12-09T03:05:42.809+0000][1][safepoint    ] Application time: 1.0042830 seconds
[2019-12-09T03:05:42.828+0000][1][safepoint    ] Entering safepoint region: Cleanup
[2019-12-09T03:05:42.828+0000][1][safepoint    ] Leaving safepoint region
[2019-12-09T03:05:42.828+0000][1][safepoint    ] Total time for which application threads were stopped: 0.0190666 seconds, Stopping threads took: 0.0190119 seconds
[2019-12-09T03:05:43.378+0000][1][safepoint    ] Application time: 0.5500024 seconds
[2019-12-09T03:05:43.378+0000][1][safepoint    ] Entering safepoint region: GenCollectForAllocation
[2019-12-09T03:05:43.378+0000][1][gc,start     ] GC(13) Pause Young (Allocation Failure)
[2019-12-09T03:05:43.378+0000][1][gc,task      ] GC(13) Using 2 workers of 2 for evacuation
[2019-12-09T03:05:43.592+0000][1][gc,age       ] GC(13) Desired survivor size 4456448 bytes, new threshold 1 (max threshold 6)
[2019-12-09T03:05:43.592+0000][1][gc,age       ] GC(13) Age table with threshold 1 (max threshold 6)
[2019-12-09T03:05:43.592+0000][1][gc,age       ] GC(13) - age   1:    7054376 bytes,    7054376 total
[2019-12-09T03:05:43.592+0000][1][gc,age       ] GC(13) - age   2:     450128 bytes,    7504504 total
[2019-12-09T03:05:43.592+0000][1][gc,age       ] GC(13) - age   3:     305616 bytes,    7810120 total
[2019-12-09T03:05:43.592+0000][1][gc,age       ] GC(13) - age   4:      97328 bytes,    7907448 total
[2019-12-09T03:05:43.592+0000][1][gc,age       ] GC(13) - age   5:     653248 bytes,    8560696 total
[2019-12-09T03:05:43.592+0000][1][gc,age       ] GC(13) - age   6:     351864 bytes,    8912560 total
[2019-12-09T03:05:43.592+0000][1][gc,heap      ] GC(13) ParNew: 73980K->8704K(78656K)
[2019-12-09T03:05:43.592+0000][1][gc,heap      ] GC(13) CMS: 14216K->19987K(174784K)
[2019-12-09T03:05:43.592+0000][1][gc,metaspace ] GC(13) Metaspace: 27233K->27233K(1075200K)
[2019-12-09T03:05:43.592+0000][1][gc           ] GC(13) Pause Young (Allocation Failure) 86M->28M(247M) 214.478ms
[2019-12-09T03:05:43.592+0000][1][gc,cpu       ] GC(13) User=0.07s Sys=0.00s Real=0.21s
[2019-12-09T03:05:43.592+0000][1][safepoint    ] Leaving safepoint region
[2019-12-09T03:05:43.592+0000][1][safepoint    ] Total time for which application threads were stopped: 0.2146105 seconds, Stopping threads took: 0.0000145 seconds
[2019-12-09T03:05:44.599+0000][1][safepoint    ] Application time: 1.0062256 seconds
[2019-12-09T03:05:44.645+0000][1][safepoint    ] Entering safepoint region: Cleanup
[2019-12-09T03:05:44.645+0000][1][safepoint    ] Leaving safepoint region
[2019-12-09T03:05:44.645+0000][1][safepoint    ] Total time for which application threads were stopped: 0.0461739 seconds, Stopping threads took: 0.0461284 seconds
[2019-12-09T03:05:45.648+0000][1][safepoint    ] Application time: 1.0027674 seconds
[2019-12-09T03:05:45.701+0000][1][safepoint    ] Entering safepoint region: Cleanup
[2019-12-09T03:05:45.701+0000][1][safepoint    ] Leaving safepoint region
[2019-12-09T03:05:45.701+0000][1][safepoint    ] Total time for which application threads were stopped: 0.0534805 seconds, Stopping threads took: 0.0534225 seconds
[2019-12-09T03:05:46.711+0000][1][safepoint    ] Application time: 1.0094685 seconds
[2019-12-09T03:05:46.773+0000][1][safepoint    ] Entering safepoint region: Cleanup
[2019-12-09T03:05:46.773+0000][1][safepoint    ] Leaving safepoint region
[2019-12-09T03:05:46.773+0000][1][safepoint    ] Total time for which application threads were stopped: 0.0621507 seconds, Stopping threads took: 0.0620863 seconds
[2019-12-09T03:05:47.208+0000][1][safepoint    ] Application time: 0.4347324 seconds
[2019-12-09T03:05:47.208+0000][1][safepoint    ] Entering safepoint region: RevokeBias
[2019-12-09T03:05:47.208+0000][1][safepoint    ] Leaving safepoint region
[2019-12-09T03:05:47.208+0000][1][safepoint    ] Total time for which application threads were stopped: 0.0001053 seconds, Stopping threads took: 0.0000130 seconds
[2019-12-09T03:05:48.211+0000][1][safepoint    ] Application time: 1.0029453 seconds
[2019-12-09T03:05:48.284+0000][1][safepoint    ] Entering safepoint region: Cleanup
[2019-12-09T03:05:48.284+0000][1][safepoint    ] Leaving safepoint region
[2019-12-09T03:05:48.284+0000][1][safepoint    ] Total time for which application threads were stopped: 0.0731440 seconds, Stopping threads took: 0.0730917 seconds
[2019-12-09T03:05:48.515+0000][1][safepoint    ] Application time: 0.2313778 seconds
[2019-12-09T03:05:48.515+0000][1][safepoint    ] Entering safepoint region: GenCollectForAllocation
[2019-12-09T03:05:48.515+0000][1][gc,start     ] GC(14) Pause Young (Allocation Failure)
[2019-12-09T03:05:48.515+0000][1][gc,task      ] GC(14) Using 2 workers of 2 for evacuation
[2019-12-09T03:05:48.947+0000][1][gc,age       ] GC(14) Desired survivor size 4456448 bytes, new threshold 1 (max threshold 6)
[2019-12-09T03:05:48.947+0000][1][gc,age       ] GC(14) Age table with threshold 1 (max threshold 6)
[2019-12-09T03:05:48.947+0000][1][gc,age       ] GC(14) - age   1:    8836248 bytes,    8836248 total
[2019-12-09T03:05:48.947+0000][1][gc,heap      ] GC(14) ParNew: 78656K->8704K(78656K)
[2019-12-09T03:05:48.947+0000][1][gc,heap      ] GC(14) CMS: 19987K->33823K(174784K)
[2019-12-09T03:05:48.947+0000][1][gc,metaspace ] GC(14) Metaspace: 27290K->27290K(1075200K)
[2019-12-09T03:05:48.947+0000][1][gc           ] GC(14) Pause Young (Allocation Failure) 96M->41M(247M) 431.840ms
[2019-12-09T03:05:48.947+0000][1][gc,cpu       ] GC(14) User=0.12s Sys=0.00s Real=0.43s
[2019-12-09T03:05:48.947+0000][1][safepoint    ] Leaving safepoint region
[2019-12-09T03:05:48.947+0000][1][safepoint    ] Total time for which application threads were stopped: 0.4319794 seconds, Stopping threads took: 0.0000140 seconds
[2019-12-09T03:05:49.953+0000][1][safepoint    ] Application time: 1.0054111 seconds
[2019-12-09T03:05:49.999+0000][1][safepoint    ] Entering safepoint region: Cleanup
[2019-12-09T03:05:49.999+0000][1][safepoint    ] Leaving safepoint region
[2019-12-09T03:05:49.999+0000][1][safepoint    ] Total time for which application threads were stopped: 0.0467036 seconds, Stopping threads took: 0.0466535 seconds
[2019-12-09T03:05:52.045+0000][1][safepoint    ] Application time: 2.0452186 seconds
[2019-12-09T03:05:52.045+0000][1][safepoint    ] Entering safepoint region: Cleanup
[2019-12-09T03:05:52.045+0000][1][safepoint    ] Leaving safepoint region
[2019-12-09T03:05:52.045+0000][1][safepoint    ] Total time for which application threads were stopped: 0.0000963 seconds, Stopping threads took: 0.0000558 seconds
[2019-12-09T03:05:53.057+0000][1][safepoint    ] Application time: 1.0118884 seconds
[2019-12-09T03:05:53.057+0000][1][safepoint    ] Entering safepoint region: Cleanup
[2019-12-09T03:05:53.057+0000][1][safepoint    ] Leaving safepoint region
[2019-12-09T03:05:53.057+0000][1][safepoint    ] Total time for which application threads were stopped: 0.0000870 seconds, Stopping threads took: 0.0000464 seconds
[2019-12-09T03:05:53.922+0000][1][safepoint    ] Application time: 0.8653748 seconds
[2019-12-09T03:05:53.922+0000][1][safepoint    ] Entering safepoint region: GenCollectForAllocation
[2019-12-09T03:05:53.922+0000][1][gc,start     ] GC(15) Pause Young (Allocation Failure)
[2019-12-09T03:05:53.922+0000][1][gc,task      ] GC(15) Using 2 workers of 2 for evacuation
[2019-12-09T03:05:54.431+0000][1][gc,age       ] GC(15) Desired survivor size 4456448 bytes, new threshold 1 (max threshold 6)
[2019-12-09T03:05:54.431+0000][1][gc,age       ] GC(15) Age table with threshold 1 (max threshold 6)
[2019-12-09T03:05:54.431+0000][1][gc,age       ] GC(15) - age   1:    8912832 bytes,    8912832 total
[2019-12-09T03:05:54.431+0000][1][gc,heap      ] GC(15) ParNew: 78656K->8704K(78656K)
[2019-12-09T03:05:54.431+0000][1][gc,heap      ] GC(15) CMS: 33823K->45895K(174784K)
[2019-12-09T03:05:54.431+0000][1][gc,metaspace ] GC(15) Metaspace: 28511K->28511K(1075200K)
[2019-12-09T03:05:54.431+0000][1][gc           ] GC(15) Pause Young (Allocation Failure) 109M->53M(247M) 508.375ms
[2019-12-09T03:05:54.431+0000][1][gc,cpu       ] GC(15) User=0.16s Sys=0.00s Real=0.51s
[2019-12-09T03:05:54.431+0000][1][safepoint    ] Leaving safepoint region
[2019-12-09T03:05:54.431+0000][1][safepoint    ] Total time for which application threads were stopped: 0.5085434 seconds, Stopping threads took: 0.0000141 seconds
[2019-12-09T03:05:55.454+0000][1][safepoint    ] Application time: 1.0228811 seconds
[2019-12-09T03:05:55.454+0000][1][safepoint    ] Entering safepoint region: Cleanup
[2019-12-09T03:05:55.454+0000][1][safepoint    ] Leaving safepoint region
[2019-12-09T03:05:55.454+0000][1][safepoint    ] Total time for which application threads were stopped: 0.0001192 seconds, Stopping threads took: 0.0000816 seconds
[2019-12-09T03:05:55.811+0000][1][safepoint    ] Application time: 0.3569234 seconds
[2019-12-09T03:05:55.811+0000][1][safepoint    ] Entering safepoint region: RevokeBias
[2019-12-09T03:05:55.811+0000][1][safepoint    ] Leaving safepoint region
[2019-12-09T03:05:55.811+0000][1][safepoint    ] Total time for which application threads were stopped: 0.0001075 seconds, Stopping threads took: 0.0000137 seconds
[2019-12-09T03:05:57.707+0000][1][safepoint    ] Application time: 1.8957470 seconds
[2019-12-09T03:05:57.707+0000][1][safepoint    ] Entering safepoint region: Cleanup
[2019-12-09T03:05:57.707+0000][1][safepoint    ] Leaving safepoint region
[2019-12-09T03:05:57.707+0000][1][safepoint    ] Total time for which application threads were stopped: 0.0000818 seconds, Stopping threads took: 0.0000160 seconds
[2019-12-09T03:05:58.425+0000][1][safepoint    ] Application time: 0.7179451 seconds
[2019-12-09T03:05:58.425+0000][1][safepoint    ] Entering safepoint region: GenCollectForAllocation
[2019-12-09T03:05:58.425+0000][1][gc,start     ] GC(16) Pause Young (Allocation Failure)
[2019-12-09T03:05:58.425+0000][1][gc,task      ] GC(16) Using 2 workers of 2 for evacuation
[2019-12-09T03:05:58.709+0000][1][gc,age       ] GC(16) Desired survivor size 4456448 bytes, new threshold 6 (max threshold 6)
[2019-12-09T03:05:58.709+0000][1][gc,age       ] GC(16) Age table with threshold 6 (max threshold 6)
[2019-12-09T03:05:58.709+0000][1][gc,age       ] GC(16) - age   1:    1510744 bytes,    1510744 total
[2019-12-09T03:05:58.709+0000][1][gc,heap      ] GC(16) ParNew: 78656K->8594K(78656K)
[2019-12-09T03:05:58.709+0000][1][gc,heap      ] GC(16) CMS: 45895K->54666K(174784K)
[2019-12-09T03:05:58.709+0000][1][gc,metaspace ] GC(16) Metaspace: 33029K->33029K(1079296K)
[2019-12-09T03:05:58.709+0000][1][gc           ] GC(16) Pause Young (Allocation Failure) 121M->61M(247M) 284.138ms
[2019-12-09T03:05:58.709+0000][1][gc,cpu       ] GC(16) User=0.09s Sys=0.00s Real=0.28s
[2019-12-09T03:05:58.709+0000][1][safepoint    ] Leaving safepoint region
[2019-12-09T03:05:58.709+0000][1][safepoint    ] Total time for which application threads were stopped: 0.2842849 seconds, Stopping threads took: 0.0000139 seconds
[2019-12-09T03:05:59.711+0000][1][safepoint    ] Application time: 1.0015517 seconds
[2019-12-09T03:05:59.711+0000][1][safepoint    ] Entering safepoint region: Cleanup
[2019-12-09T03:05:59.711+0000][1][safepoint    ] Leaving safepoint region
[2019-12-09T03:05:59.711+0000][1][safepoint    ] Total time for which application threads were stopped: 0.0001094 seconds, Stopping threads took: 0.0000514 seconds
[2019-12-09T03:06:00.714+0000][1][safepoint    ] Application time: 1.0028558 seconds
[2019-12-09T03:06:00.805+0000][1][safepoint    ] Entering safepoint region: Cleanup
[2019-12-09T03:06:00.805+0000][1][safepoint    ] Leaving safepoint region
[2019-12-09T03:06:00.805+0000][1][safepoint    ] Total time for which application threads were stopped: 0.0909267 seconds, Stopping threads took: 0.0908426 seconds
[2019-12-09T03:06:01.015+0000][1][safepoint    ] Application time: 0.2100664 seconds
[2019-12-09T03:06:01.015+0000][1][safepoint    ] Entering safepoint region: CollectForMetadataAllocation
[2019-12-09T03:06:01.015+0000][1][safepoint    ] Leaving safepoint region
[2019-12-09T03:06:01.015+0000][1][safepoint    ] Total time for which application threads were stopped: 0.0002345 seconds, Stopping threads took: 0.0000134 seconds
[2019-12-09T03:06:01.059+0000][1][safepoint    ] Application time: 0.0436937 seconds
[2019-12-09T03:06:01.059+0000][1][safepoint    ] Entering safepoint region: GenCollectForAllocation
[2019-12-09T03:06:01.059+0000][1][gc,start     ] GC(17) Pause Young (Allocation Failure)
[2019-12-09T03:06:01.059+0000][1][gc,task      ] GC(17) Using 2 workers of 2 for evacuation
[2019-12-09T03:06:01.220+0000][1][gc,age       ] GC(17) Desired survivor size 4456448 bytes, new threshold 6 (max threshold 6)
[2019-12-09T03:06:01.220+0000][1][gc,age       ] GC(17) Age table with threshold 6 (max threshold 6)
[2019-12-09T03:06:01.220+0000][1][gc,age       ] GC(17) - age   1:    1580864 bytes,    1580864 total
[2019-12-09T03:06:01.220+0000][1][gc,age       ] GC(17) - age   2:    1437128 bytes,    3017992 total
[2019-12-09T03:06:01.220+0000][1][gc,heap      ] GC(17) ParNew: 78546K->3637K(78656K)
[2019-12-09T03:06:01.220+0000][1][gc,heap      ] GC(17) CMS: 54666K->54666K(174784K)
[2019-12-09T03:06:01.220+0000][1][gc,metaspace ] GC(17) Metaspace: 33683K->33683K(1081344K)
[2019-12-09T03:06:01.220+0000][1][gc           ] GC(17) Pause Young (Allocation Failure) 130M->56M(247M) 161.460ms
[2019-12-09T03:06:01.220+0000][1][gc,cpu       ] GC(17) User=0.03s Sys=0.00s Real=0.16s
[2019-12-09T03:06:01.220+0000][1][safepoint    ] Leaving safepoint region
[2019-12-09T03:06:01.220+0000][1][safepoint    ] Total time for which application threads were stopped: 0.1615809 seconds, Stopping threads took: 0.0000142 seconds
[2019-12-09T03:06:01.229+0000][1][safepoint    ] Application time: 0.0082595 seconds
[2019-12-09T03:06:01.239+0000][1][safepoint    ] Entering safepoint region: CMS_Initial_Mark
[2019-12-09T03:06:01.239+0000][1][gc,start     ] GC(18) Pause Initial Mark
[2019-12-09T03:06:01.257+0000][1][gc           ] GC(18) Pause Initial Mark 58M->58M(247M) 17.983ms
[2019-12-09T03:06:01.257+0000][1][gc,cpu       ] GC(18) User=0.01s Sys=0.00s Real=0.02s
[2019-12-09T03:06:01.257+0000][1][safepoint    ] Leaving safepoint region
[2019-12-09T03:06:01.257+0000][1][safepoint    ] Total time for which application threads were stopped: 0.0282340 seconds, Stopping threads took: 0.0101567 seconds
[2019-12-09T03:06:01.257+0000][1][gc           ] GC(18) Concurrent Mark
[2019-12-09T03:06:02.016+0000][1][safepoint    ] Application time: 0.7588577 seconds
[2019-12-09T03:06:02.016+0000][1][safepoint    ] Entering safepoint region: CollectForMetadataAllocation
[2019-12-09T03:06:02.016+0000][1][safepoint    ] Leaving safepoint region
[2019-12-09T03:06:02.016+0000][1][safepoint    ] Total time for which application threads were stopped: 0.0002375 seconds, Stopping threads took: 0.0000148 seconds
[2019-12-09T03:06:02.416+0000][1][gc           ] GC(18) Concurrent Mark 1158.989ms
[2019-12-09T03:06:02.416+0000][1][gc,cpu       ] GC(18) User=0.27s Sys=0.00s Real=1.16s
[2019-12-09T03:06:02.416+0000][1][gc           ] GC(18) Concurrent Preclean
[2019-12-09T03:06:02.422+0000][1][gc           ] GC(18) Concurrent Preclean 6.080ms
[2019-12-09T03:06:02.422+0000][1][gc,cpu       ] GC(18) User=0.00s Sys=0.00s Real=0.00s
[2019-12-09T03:06:02.422+0000][1][gc           ] GC(18) Concurrent Abortable Preclean
[2019-12-09T03:06:02.470+0000][1][safepoint    ] Application time: 0.4537596 seconds
[2019-12-09T03:06:02.470+0000][1][safepoint    ] Entering safepoint region: CollectForMetadataAllocation
[2019-12-09T03:06:02.470+0000][1][safepoint    ] Leaving safepoint region
[2019-12-09T03:06:02.470+0000][1][safepoint    ] Total time for which application threads were stopped: 0.0002194 seconds, Stopping threads took: 0.0000142 seconds
[2019-12-09T03:06:02.494+0000][1][safepoint    ] Application time: 0.0237087 seconds
[2019-12-09T03:06:02.561+0000][1][safepoint    ] Entering safepoint region: CollectForMetadataAllocation
[2019-12-09T03:06:02.561+0000][1][safepoint    ] Leaving safepoint region
[2019-12-09T03:06:02.561+0000][1][safepoint    ] Total time for which application threads were stopped: 0.0667998 seconds, Stopping threads took: 0.0667592 seconds
[2019-12-09T03:06:02.942+0000][1][safepoint    ] Application time: 0.3815762 seconds
[2019-12-09T03:06:02.942+0000][1][safepoint    ] Entering safepoint region: CollectForMetadataAllocation
[2019-12-09T03:06:02.942+0000][1][safepoint    ] Leaving safepoint region
[2019-12-09T03:06:02.942+0000][1][safepoint    ] Total time for which application threads were stopped: 0.0002727 seconds, Stopping threads took: 0.0000152 seconds
[2019-12-09T03:06:03.311+0000][1][safepoint    ] Application time: 0.3687249 seconds
[2019-12-09T03:06:03.311+0000][1][safepoint    ] Entering safepoint region: CollectForMetadataAllocation
[2019-12-09T03:06:03.311+0000][1][safepoint    ] Leaving safepoint region
[2019-12-09T03:06:03.311+0000][1][safepoint    ] Total time for which application threads were stopped: 0.0002488 seconds, Stopping threads took: 0.0000150 seconds
[2019-12-09T03:06:03.607+0000][1][safepoint    ] Application time: 0.2952356 seconds
[2019-12-09T03:06:03.607+0000][1][safepoint    ] Entering safepoint region: CollectForMetadataAllocation
[2019-12-09T03:06:03.607+0000][1][safepoint    ] Leaving safepoint region
[2019-12-09T03:06:03.607+0000][1][safepoint    ] Total time for which application threads were stopped: 0.0002195 seconds, Stopping threads took: 0.0000145 seconds
[2019-12-09T03:06:03.906+0000][1][safepoint    ] Application time: 0.2987111 seconds
[2019-12-09T03:06:03.906+0000][1][safepoint    ] Entering safepoint region: CollectForMetadataAllocation
[2019-12-09T03:06:03.906+0000][1][safepoint    ] Leaving safepoint region
[2019-12-09T03:06:03.906+0000][1][safepoint    ] Total time for which application threads were stopped: 0.0002252 seconds, Stopping threads took: 0.0000199 seconds
[2019-12-09T03:06:04.159+0000][1][safepoint    ] Application time: 0.2532837 seconds
[2019-12-09T03:06:04.159+0000][1][safepoint    ] Entering safepoint region: CollectForMetadataAllocation
[2019-12-09T03:06:04.159+0000][1][safepoint    ] Leaving safepoint region
[2019-12-09T03:06:04.159+0000][1][safepoint    ] Total time for which application threads were stopped: 0.0001586 seconds, Stopping threads took: 0.0000147 seconds
[2019-12-09T03:06:04.439+0000][1][safepoint    ] Application time: 0.2790449 seconds
[2019-12-09T03:06:04.439+0000][1][safepoint    ] Entering safepoint region: CollectForMetadataAllocation
[2019-12-09T03:06:04.439+0000][1][safepoint    ] Leaving safepoint region
[2019-12-09T03:06:04.439+0000][1][safepoint    ] Total time for which application threads were stopped: 0.0002605 seconds, Stopping threads took: 0.0000151 seconds
[2019-12-09T03:06:04.600+0000][1][safepoint    ] Application time: 0.1609542 seconds
[2019-12-09T03:06:04.600+0000][1][safepoint    ] Entering safepoint region: CollectForMetadataAllocation
[2019-12-09T03:06:04.600+0000][1][safepoint    ] Leaving safepoint region
[2019-12-09T03:06:04.600+0000][1][safepoint    ] Total time for which application threads were stopped: 0.0002382 seconds, Stopping threads took: 0.0000141 seconds
[2019-12-09T03:06:04.934+0000][1][safepoint    ] Application time: 0.3336589 seconds
[2019-12-09T03:06:04.934+0000][1][safepoint    ] Entering safepoint region: CollectForMetadataAllocation
[2019-12-09T03:06:04.934+0000][1][safepoint    ] Leaving safepoint region
[2019-12-09T03:06:04.934+0000][1][safepoint    ] Total time for which application threads were stopped: 0.0002327 seconds, Stopping threads took: 0.0000144 seconds
[2019-12-09T03:06:05.106+0000][1][safepoint    ] Application time: 0.1717206 seconds
[2019-12-09T03:06:05.106+0000][1][safepoint    ] Entering safepoint region: RevokeBias
[2019-12-09T03:06:05.106+0000][1][safepoint    ] Leaving safepoint region
[2019-12-09T03:06:05.106+0000][1][safepoint    ] Total time for which application threads were stopped: 0.0001424 seconds, Stopping threads took: 0.0000138 seconds
[2019-12-09T03:06:05.148+0000][1][safepoint    ] Application time: 0.0416850 seconds
[2019-12-09T03:06:05.148+0000][1][safepoint    ] Entering safepoint region: CollectForMetadataAllocation
[2019-12-09T03:06:05.148+0000][1][safepoint    ] Leaving safepoint region
[2019-12-09T03:06:05.148+0000][1][safepoint    ] Total time for which application threads were stopped: 0.0002329 seconds, Stopping threads took: 0.0000130 seconds
[2019-12-09T03:06:05.582+0000][1][safepoint    ] Application time: 0.4344224 seconds
[2019-12-09T03:06:05.582+0000][1][safepoint    ] Entering safepoint region: CollectForMetadataAllocation
[2019-12-09T03:06:05.582+0000][1][safepoint    ] Leaving safepoint region
[2019-12-09T03:06:05.583+0000][1][safepoint    ] Total time for which application threads were stopped: 0.0001775 seconds, Stopping threads took: 0.0000135 seconds
[2019-12-09T03:06:05.927+0000][1][safepoint    ] Application time: 0.3442065 seconds
[2019-12-09T03:06:05.927+0000][1][safepoint    ] Entering safepoint region: CollectForMetadataAllocation
[2019-12-09T03:06:05.927+0000][1][safepoint    ] Leaving safepoint region
[2019-12-09T03:06:05.927+0000][1][safepoint    ] Total time for which application threads were stopped: 0.0002053 seconds, Stopping threads took: 0.0000136 seconds
[2019-12-09T03:06:06.124+0000][1][safepoint    ] Application time: 0.1967746 seconds
[2019-12-09T03:06:06.124+0000][1][safepoint    ] Entering safepoint region: CollectForMetadataAllocation
[2019-12-09T03:06:06.124+0000][1][safepoint    ] Leaving safepoint region
[2019-12-09T03:06:06.124+0000][1][safepoint    ] Total time for which application threads were stopped: 0.0002971 seconds, Stopping threads took: 0.0000142 seconds
[2019-12-09T03:06:06.328+0000][1][safepoint    ] Application time: 0.2036468 seconds
[2019-12-09T03:06:06.328+0000][1][safepoint    ] Entering safepoint region: CollectForMetadataAllocation
[2019-12-09T03:06:06.328+0000][1][safepoint    ] Leaving safepoint region
[2019-12-09T03:06:06.328+0000][1][safepoint    ] Total time for which application threads were stopped: 0.0002413 seconds, Stopping threads took: 0.0000155 seconds
[2019-12-09T03:06:06.613+0000][1][safepoint    ] Application time: 0.2850727 seconds
[2019-12-09T03:06:06.613+0000][1][safepoint    ] Entering safepoint region: CollectForMetadataAllocation
[2019-12-09T03:06:06.613+0000][1][safepoint    ] Leaving safepoint region
[2019-12-09T03:06:06.613+0000][1][safepoint    ] Total time for which application threads were stopped: 0.0002278 seconds, Stopping threads took: 0.0000138 seconds
[2019-12-09T03:06:06.916+0000][1][safepoint    ] Application time: 0.3023494 seconds
[2019-12-09T03:06:06.916+0000][1][safepoint    ] Entering safepoint region: CollectForMetadataAllocation
[2019-12-09T03:06:06.916+0000][1][safepoint    ] Leaving safepoint region
[2019-12-09T03:06:06.916+0000][1][safepoint    ] Total time for which application threads were stopped: 0.0002362 seconds, Stopping threads took: 0.0000149 seconds
[2019-12-09T03:06:07.123+0000][1][safepoint    ] Application time: 0.2067244 seconds
[2019-12-09T03:06:07.123+0000][1][safepoint    ] Entering safepoint region: CollectForMetadataAllocation
[2019-12-09T03:06:07.123+0000][1][safepoint    ] Leaving safepoint region
[2019-12-09T03:06:07.123+0000][1][safepoint    ] Total time for which application threads were stopped: 0.0002364 seconds, Stopping threads took: 0.0000153 seconds
[2019-12-09T03:06:07.392+0000][1][safepoint    ] Application time: 0.2687432 seconds
[2019-12-09T03:06:07.392+0000][1][safepoint    ] Entering safepoint region: CollectForMetadataAllocation
[2019-12-09T03:06:07.392+0000][1][safepoint    ] Leaving safepoint region
[2019-12-09T03:06:07.392+0000][1][safepoint    ] Total time for which application threads were stopped: 0.0002004 seconds, Stopping threads took: 0.0000118 seconds
[2019-12-09T03:06:07.611+0000][1][safepoint    ] Application time: 0.2187932 seconds
[2019-12-09T03:06:07.611+0000][1][safepoint    ] Entering safepoint region: CollectForMetadataAllocation
[2019-12-09T03:06:07.611+0000][1][safepoint    ] Leaving safepoint region
[2019-12-09T03:06:07.611+0000][1][safepoint    ] Total time for which application threads were stopped: 0.0001761 seconds, Stopping threads took: 0.0000149 seconds
[2019-12-09T03:06:07.611+0000][1][gc           ] GC(18) Concurrent Abortable Preclean 5189.361ms
[2019-12-09T03:06:07.611+0000][1][gc,cpu       ] GC(18) User=1.35s Sys=0.02s Real=5.19s
[2019-12-09T03:06:07.655+0000][1][safepoint    ] Application time: 0.0437083 seconds
[2019-12-09T03:06:07.698+0000][1][safepoint    ] Entering safepoint region: CMS_Final_Remark
[2019-12-09T03:06:07.698+0000][1][gc,start     ] GC(18) Pause Remark
[2019-12-09T03:06:07.914+0000][1][gc           ] GC(18) Pause Remark 84M->84M(247M) 216.245ms
[2019-12-09T03:06:07.914+0000][1][gc,cpu       ] GC(18) User=0.04s Sys=0.00s Real=0.21s
[2019-12-09T03:06:07.914+0000][1][safepoint    ] Leaving safepoint region
[2019-12-09T03:06:07.914+0000][1][safepoint    ] Total time for which application threads were stopped: 0.2593774 seconds, Stopping threads took: 0.0429997 seconds
[2019-12-09T03:06:07.929+0000][1][gc           ] GC(18) Concurrent Sweep
[2019-12-09T03:06:08.276+0000][1][gc           ] GC(18) Concurrent Sweep 347.032ms
[2019-12-09T03:06:08.276+0000][1][gc,cpu       ] GC(18) User=0.10s Sys=0.00s Real=0.35s
[2019-12-09T03:06:08.276+0000][1][gc           ] GC(18) Concurrent Reset
[2019-12-09T03:06:08.276+0000][1][gc           ] GC(18) Concurrent Reset 0.307ms
[2019-12-09T03:06:08.276+0000][1][gc,cpu       ] GC(18) User=0.00s Sys=0.00s Real=0.00s
[2019-12-09T03:06:08.276+0000][1][gc,heap      ] GC(18) Old: 54666K->54480K(174784K)
[2019-12-09T03:06:08.928+0000][1][safepoint    ] Application time: 1.0135869 seconds
[2019-12-09T03:06:08.928+0000][1][safepoint    ] Entering safepoint region: Cleanup
[2019-12-09T03:06:08.929+0000][1][safepoint    ] Leaving safepoint region
[2019-12-09T03:06:08.929+0000][1][safepoint    ] Total time for which application threads were stopped: 0.0009995 seconds, Stopping threads took: 0.0002273 seconds
[2019-12-09T03:06:09.547+0000][1][safepoint    ] Application time: 0.6182276 seconds
[2019-12-09T03:06:09.547+0000][1][safepoint    ] Entering safepoint region: RevokeBias
[2019-12-09T03:06:09.547+0000][1][safepoint    ] Leaving safepoint region
[2019-12-09T03:06:09.547+0000][1][safepoint    ] Total time for which application threads were stopped: 0.0002080 seconds, Stopping threads took: 0.0001310 seconds
[2019-12-09T03:06:09.598+0000][1][safepoint    ] Application time: 0.0504664 seconds
[2019-12-09T03:06:09.598+0000][1][safepoint    ] Entering safepoint region: RevokeBias
[2019-12-09T03:06:09.598+0000][1][safepoint    ] Leaving safepoint region
[2019-12-09T03:06:09.598+0000][1][safepoint    ] Total time for which application threads were stopped: 0.0001051 seconds, Stopping threads took: 0.0000331 seconds
[2019-12-09T03:06:10.602+0000][1][safepoint    ] Application time: 1.0038489 seconds
[2019-12-09T03:06:10.602+0000][1][safepoint    ] Entering safepoint region: Cleanup
[2019-12-09T03:06:10.602+0000][1][safepoint    ] Leaving safepoint region
[2019-12-09T03:06:10.602+0000][1][safepoint    ] Total time for which application threads were stopped: 0.0001105 seconds, Stopping threads took: 0.0000507 seconds
[2019-12-09T03:06:12.621+0000][1][safepoint    ] Application time: 2.0188664 seconds
[2019-12-09T03:06:12.664+0000][1][safepoint    ] Entering safepoint region: Cleanup
[2019-12-09T03:06:12.664+0000][1][safepoint    ] Leaving safepoint region
[2019-12-09T03:06:12.664+0000][1][safepoint    ] Total time for which application threads were stopped: 0.0430608 seconds, Stopping threads took: 0.0430008 seconds
[2019-12-09T03:06:13.665+0000][1][safepoint    ] Application time: 1.0008731 seconds
[2019-12-09T03:06:13.692+0000][1][safepoint    ] Entering safepoint region: Cleanup
[2019-12-09T03:06:13.692+0000][1][safepoint    ] Leaving safepoint region
[2019-12-09T03:06:13.692+0000][1][safepoint    ] Total time for which application threads were stopped: 0.0272983 seconds, Stopping threads took: 0.0272335 seconds
[2019-12-09T03:06:13.942+0000][1][safepoint    ] Application time: 0.2499010 seconds
[2019-12-09T03:06:13.987+0000][1][safepoint    ] Entering safepoint region: RevokeBias
[2019-12-09T03:06:13.987+0000][1][safepoint    ] Leaving safepoint region
[2019-12-09T03:06:13.987+0000][1][safepoint    ] Total time for which application threads were stopped: 0.0448446 seconds, Stopping threads took: 0.0447333 seconds
[2019-12-09T03:06:14.589+0000][1][safepoint    ] Application time: 0.6018382 seconds
[2019-12-09T03:06:14.589+0000][1][safepoint    ] Entering safepoint region: RevokeBias
[2019-12-09T03:06:14.589+0000][1][safepoint    ] Leaving safepoint region
[2019-12-09T03:06:14.589+0000][1][safepoint    ] Total time for which application threads were stopped: 0.0001622 seconds, Stopping threads took: 0.0000457 seconds
[2019-12-09T03:06:14.589+0000][1][safepoint    ] Application time: 0.0002187 seconds
[2019-12-09T03:06:14.589+0000][1][safepoint    ] Entering safepoint region: RevokeBias
[2019-12-09T03:06:14.589+0000][1][safepoint    ] Leaving safepoint region
[2019-12-09T03:06:14.589+0000][1][safepoint    ] Total time for which application threads were stopped: 0.0000699 seconds, Stopping threads took: 0.0000086 seconds
[2019-12-09T03:06:14.589+0000][1][safepoint    ] Application time: 0.0001271 seconds
[2019-12-09T03:06:14.589+0000][1][safepoint    ] Entering safepoint region: RevokeBias
[2019-12-09T03:06:14.589+0000][1][safepoint    ] Leaving safepoint region
[2019-12-09T03:06:14.589+0000][1][safepoint    ] Total time for which application threads were stopped: 0.0000567 seconds, Stopping threads took: 0.0000078 seconds
[2019-12-09T03:06:14.589+0000][1][safepoint    ] Application time: 0.0000690 seconds
[2019-12-09T03:06:14.590+0000][1][safepoint    ] Entering safepoint region: RevokeBias
[2019-12-09T03:06:14.590+0000][1][safepoint    ] Leaving safepoint region
[2019-12-09T03:06:14.590+0000][1][safepoint    ] Total time for which application threads were stopped: 0.0000612 seconds, Stopping threads took: 0.0000086 seconds
[2019-12-09T03:06:14.590+0000][1][safepoint    ] Application time: 0.0000524 seconds
[2019-12-09T03:06:14.590+0000][1][safepoint    ] Entering safepoint region: RevokeBias
[2019-12-09T03:06:14.590+0000][1][safepoint    ] Leaving safepoint region
[2019-12-09T03:06:14.590+0000][1][safepoint    ] Total time for which application threads were stopped: 0.0000741 seconds, Stopping threads took: 0.0000080 seconds
[2019-12-09T03:06:14.590+0000][1][safepoint    ] Application time: 0.0000923 seconds
[2019-12-09T03:06:14.590+0000][1][safepoint    ] Entering safepoint region: RevokeBias
[2019-12-09T03:06:14.590+0000][1][safepoint    ] Leaving safepoint region
[2019-12-09T03:06:14.590+0000][1][safepoint    ] Total time for which application threads were stopped: 0.0000616 seconds, Stopping threads took: 0.0000082 seconds
[2019-12-09T03:06:14.590+0000][1][safepoint    ] Application time: 0.0000613 seconds
[2019-12-09T03:06:14.590+0000][1][safepoint    ] Entering safepoint region: RevokeBias
[2019-12-09T03:06:14.590+0000][1][safepoint    ] Leaving safepoint region
[2019-12-09T03:06:14.590+0000][1][safepoint    ] Total time for which application threads were stopped: 0.0000591 seconds, Stopping threads took: 0.0000080 seconds
[2019-12-09T03:06:14.591+0000][1][safepoint    ] Application time: 0.0008139 seconds
[2019-12-09T03:06:14.591+0000][1][safepoint    ] Entering safepoint region: RevokeBias
[2019-12-09T03:06:14.591+0000][1][safepoint    ] Leaving safepoint region
[2019-12-09T03:06:14.591+0000][1][safepoint    ] Total time for which application threads were stopped: 0.0001035 seconds, Stopping threads took: 0.0000121 seconds
[2019-12-09T03:06:14.592+0000][1][safepoint    ] Application time: 0.0005374 seconds
[2019-12-09T03:06:14.592+0000][1][safepoint    ] Entering safepoint region: RevokeBias
[2019-12-09T03:06:14.592+0000][1][safepoint    ] Leaving safepoint region
[2019-12-09T03:06:14.592+0000][1][safepoint    ] Total time for which application threads were stopped: 0.0000807 seconds, Stopping threads took: 0.0000105 seconds
[2019-12-09T03:06:14.879+0000][1][safepoint    ] Application time: 0.2876467 seconds
[2019-12-09T03:06:14.879+0000][1][safepoint    ] Entering safepoint region: GenCollectForAllocation
[2019-12-09T03:06:14.879+0000][1][gc,start     ] GC(19) Pause Young (Allocation Failure)
[2019-12-09T03:06:14.879+0000][1][gc,task      ] GC(19) Using 2 workers of 2 for evacuation
[2019-12-09T03:06:15.028+0000][1][gc,age       ] GC(19) Desired survivor size 4456448 bytes, new threshold 3 (max threshold 6)
[2019-12-09T03:06:15.028+0000][1][gc,age       ] GC(19) Age table with threshold 3 (max threshold 6)
[2019-12-09T03:06:15.028+0000][1][gc,age       ] GC(19) - age   1:    2802520 bytes,    2802520 total
[2019-12-09T03:06:15.028+0000][1][gc,age       ] GC(19) - age   2:    1576960 bytes,    4379480 total
[2019-12-09T03:06:15.028+0000][1][gc,age       ] GC(19) - age   3:    1432000 bytes,    5811480 total
[2019-12-09T03:06:15.028+0000][1][gc,heap      ] GC(19) ParNew: 73589K->7041K(78656K)
[2019-12-09T03:06:15.028+0000][1][gc,heap      ] GC(19) CMS: 54480K->54480K(174784K)
[2019-12-09T03:06:15.028+0000][1][gc,metaspace ] GC(19) Metaspace: 42934K->42934K(1089536K)
[2019-12-09T03:06:15.028+0000][1][gc           ] GC(19) Pause Young (Allocation Failure) 125M->60M(247M) 148.930ms
[2019-12-09T03:06:15.028+0000][1][gc,cpu       ] GC(19) User=0.04s Sys=0.00s Real=0.15s
[2019-12-09T03:06:15.028+0000][1][safepoint    ] Leaving safepoint region
[2019-12-09T03:06:15.028+0000][1][safepoint    ] Total time for which application threads were stopped: 0.1490790 seconds, Stopping threads took: 0.0000137 seconds
[2019-12-09T03:06:15.105+0000][1][safepoint    ] Application time: 0.0770989 seconds
[2019-12-09T03:06:15.106+0000][1][safepoint    ] Entering safepoint region: RevokeBias
[2019-12-09T03:06:15.106+0000][1][safepoint    ] Leaving safepoint region
[2019-12-09T03:06:15.106+0000][1][safepoint    ] Total time for which application threads were stopped: 0.0000715 seconds, Stopping threads took: 0.0000213 seconds
[2019-12-09T03:06:15.106+0000][1][safepoint    ] Application time: 0.0000792 seconds
[2019-12-09T03:06:15.106+0000][1][safepoint    ] Entering safepoint region: RevokeBias
[2019-12-09T03:06:15.106+0000][1][safepoint    ] Leaving safepoint region
[2019-12-09T03:06:15.106+0000][1][safepoint    ] Total time for which application threads were stopped: 0.0000299 seconds, Stopping threads took: 0.0000086 seconds
[2019-12-09T03:06:15.106+0000][1][safepoint    ] Application time: 0.0000556 seconds
[2019-12-09T03:06:15.106+0000][1][safepoint    ] Entering safepoint region: RevokeBias
[2019-12-09T03:06:15.106+0000][1][safepoint    ] Leaving safepoint region
[2019-12-09T03:06:15.106+0000][1][safepoint    ] Total time for which application threads were stopped: 0.0000335 seconds, Stopping threads took: 0.0000079 seconds
[2019-12-09T03:06:15.106+0000][1][safepoint    ] Application time: 0.0000531 seconds
[2019-12-09T03:06:15.106+0000][1][safepoint    ] Entering safepoint region: RevokeBias
[2019-12-09T03:06:15.106+0000][1][safepoint    ] Leaving safepoint region
[2019-12-09T03:06:15.106+0000][1][safepoint    ] Total time for which application threads were stopped: 0.0000316 seconds, Stopping threads took: 0.0000077 seconds
[2019-12-09T03:06:15.106+0000][1][safepoint    ] Application time: 0.0000553 seconds
[2019-12-09T03:06:15.106+0000][1][safepoint    ] Entering safepoint region: RevokeBias
[2019-12-09T03:06:15.106+0000][1][safepoint    ] Leaving safepoint region
[2019-12-09T03:06:15.106+0000][1][safepoint    ] Total time for which application threads were stopped: 0.0000252 seconds, Stopping threads took: 0.0000080 seconds
[2019-12-09T03:06:16.116+0000][1][safepoint    ] Application time: 1.0096828 seconds
[2019-12-09T03:06:16.192+0000][1][safepoint    ] Entering safepoint region: Cleanup
[2019-12-09T03:06:16.192+0000][1][safepoint    ] Leaving safepoint region
[2019-12-09T03:06:16.192+0000][1][safepoint    ] Total time for which application threads were stopped: 0.0760566 seconds, Stopping threads took: 0.0759786 seconds
[2019-12-09T03:06:17.594+0000][1][safepoint    ] Application time: 1.4018715 seconds
[2019-12-09T03:06:17.630+0000][1][safepoint    ] Entering safepoint region: Cleanup
[2019-12-09T03:06:17.630+0000][1][safepoint    ] Leaving safepoint region
[2019-12-09T03:06:17.630+0000][1][safepoint    ] Total time for which application threads were stopped: 0.0361619 seconds, Stopping threads took: 0.0360840 seconds
[2019-12-09T03:06:17.708+0000][1][safepoint    ] Application time: 0.0778040 seconds
[2019-12-09T03:06:17.708+0000][1][safepoint    ] Entering safepoint region: RevokeBias
[2019-12-09T03:06:17.708+0000][1][safepoint    ] Leaving safepoint region
[2019-12-09T03:06:17.708+0000][1][safepoint    ] Total time for which application threads were stopped: 0.0000847 seconds, Stopping threads took: 0.0000118 seconds
[2019-12-09T03:06:17.744+0000][1][safepoint    ] Application time: 0.0358669 seconds
[2019-12-09T03:06:17.744+0000][1][safepoint    ] Entering safepoint region: RevokeBias
[2019-12-09T03:06:17.744+0000][1][safepoint    ] Leaving safepoint region
[2019-12-09T03:06:17.744+0000][1][safepoint    ] Total time for which application threads were stopped: 0.0000859 seconds, Stopping threads took: 0.0000116 seconds
[2019-12-09T03:06:18.647+0000][1][safepoint    ] Application time: 0.9028722 seconds
[2019-12-09T03:06:18.647+0000][1][safepoint    ] Entering safepoint region: RevokeBias
[2019-12-09T03:06:18.647+0000][1][safepoint    ] Leaving safepoint region
[2019-12-09T03:06:18.647+0000][1][safepoint    ] Total time for which application threads were stopped: 0.0004608 seconds, Stopping threads took: 0.0000141 seconds
[2019-12-09T03:06:18.649+0000][1][safepoint    ] Application time: 0.0013264 seconds
[2019-12-09T03:06:18.649+0000][1][safepoint    ] Entering safepoint region: RevokeBias
[2019-12-09T03:06:18.649+0000][1][safepoint    ] Leaving safepoint region
[2019-12-09T03:06:18.649+0000][1][safepoint    ] Total time for which application threads were stopped: 0.0000756 seconds, Stopping threads took: 0.0000179 seconds
[2019-12-09T03:06:18.649+0000][1][safepoint    ] Application time: 0.0000685 seconds
[2019-12-09T03:06:18.649+0000][1][safepoint    ] Entering safepoint region: RevokeBias
[2019-12-09T03:06:18.649+0000][1][safepoint    ] Leaving safepoint region
[2019-12-09T03:06:18.649+0000][1][safepoint    ] Total time for which application threads were stopped: 0.0000568 seconds, Stopping threads took: 0.0000094 seconds
[2019-12-09T03:06:19.478+0000][1][safepoint    ] Application time: 0.8290216 seconds
[2019-12-09T03:06:19.478+0000][1][safepoint    ] Entering safepoint region: RevokeBias
[2019-12-09T03:06:19.478+0000][1][safepoint    ] Leaving safepoint region
[2019-12-09T03:06:19.478+0000][1][safepoint    ] Total time for which application threads were stopped: 0.0002008 seconds, Stopping threads took: 0.0001144 seconds
[2019-12-09T03:06:19.478+0000][1][safepoint    ] Application time: 0.0000839 seconds
[2019-12-09T03:06:19.478+0000][1][safepoint    ] Entering safepoint region: RevokeBias
[2019-12-09T03:06:19.478+0000][1][safepoint    ] Leaving safepoint region
[2019-12-09T03:06:19.478+0000][1][safepoint    ] Total time for which application threads were stopped: 0.0000547 seconds, Stopping threads took: 0.0000086 seconds
[2019-12-09T03:06:19.478+0000][1][safepoint    ] Application time: 0.0000497 seconds
[2019-12-09T03:06:19.478+0000][1][safepoint    ] Entering safepoint region: RevokeBias
[2019-12-09T03:06:19.478+0000][1][safepoint    ] Leaving safepoint region
[2019-12-09T03:06:19.478+0000][1][safepoint    ] Total time for which application threads were stopped: 0.0000418 seconds, Stopping threads took: 0.0000076 seconds
[2019-12-09T03:06:19.478+0000][1][safepoint    ] Application time: 0.0001005 seconds
[2019-12-09T03:06:19.478+0000][1][safepoint    ] Entering safepoint region: RevokeBias
[2019-12-09T03:06:19.478+0000][1][safepoint    ] Leaving safepoint region
[2019-12-09T03:06:19.478+0000][1][safepoint    ] Total time for which application threads were stopped: 0.0000460 seconds, Stopping threads took: 0.0000075 seconds
[2019-12-09T03:06:19.479+0000][1][safepoint    ] Application time: 0.0001492 seconds
[2019-12-09T03:06:19.479+0000][1][safepoint    ] Entering safepoint region: RevokeBias
[2019-12-09T03:06:19.479+0000][1][safepoint    ] Leaving safepoint region
[2019-12-09T03:06:19.479+0000][1][safepoint    ] Total time for which application threads were stopped: 0.0000646 seconds, Stopping threads took: 0.0000082 seconds
[2019-12-09T03:06:19.479+0000][1][safepoint    ] Application time: 0.0000692 seconds
[2019-12-09T03:06:19.479+0000][1][safepoint    ] Entering safepoint region: RevokeBias
[2019-12-09T03:06:19.479+0000][1][safepoint    ] Leaving safepoint region
[2019-12-09T03:06:19.479+0000][1][safepoint    ] Total time for which application threads were stopped: 0.0000516 seconds, Stopping threads took: 0.0000080 seconds
[2019-12-09T03:06:19.479+0000][1][safepoint    ] Application time: 0.0001698 seconds
[2019-12-09T03:06:19.479+0000][1][safepoint    ] Entering safepoint region: RevokeBias
[2019-12-09T03:06:19.479+0000][1][safepoint    ] Leaving safepoint region
[2019-12-09T03:06:19.479+0000][1][safepoint    ] Total time for which application threads were stopped: 0.0000697 seconds, Stopping threads took: 0.0000102 seconds
[2019-12-09T03:06:19.479+0000][1][safepoint    ] Application time: 0.0000566 seconds
[2019-12-09T03:06:19.479+0000][1][safepoint    ] Entering safepoint region: RevokeBias
[2019-12-09T03:06:19.479+0000][1][safepoint    ] Leaving safepoint region
[2019-12-09T03:06:19.479+0000][1][safepoint    ] Total time for which application threads were stopped: 0.0000505 seconds, Stopping threads took: 0.0000085 seconds
[2019-12-09T03:06:19.479+0000][1][safepoint    ] Application time: 0.0000551 seconds
[2019-12-09T03:06:19.479+0000][1][safepoint    ] Entering safepoint region: RevokeBias
[2019-12-09T03:06:19.479+0000][1][safepoint    ] Leaving safepoint region
[2019-12-09T03:06:19.479+0000][1][safepoint    ] Total time for which application threads were stopped: 0.0000539 seconds, Stopping threads took: 0.0000142 seconds
[2019-12-09T03:06:19.479+0000][1][safepoint    ] Application time: 0.0000540 seconds
[2019-12-09T03:06:19.479+0000][1][safepoint    ] Entering safepoint region: RevokeBias
[2019-12-09T03:06:19.479+0000][1][safepoint    ] Leaving safepoint region
[2019-12-09T03:06:19.479+0000][1][safepoint    ] Total time for which application threads were stopped: 0.0000482 seconds, Stopping threads took: 0.0000081 seconds
[2019-12-09T03:06:19.480+0000][1][safepoint    ] Application time: 0.0000526 seconds
[2019-12-09T03:06:19.480+0000][1][safepoint    ] Entering safepoint region: RevokeBias
[2019-12-09T03:06:19.480+0000][1][safepoint    ] Leaving safepoint region
[2019-12-09T03:06:19.480+0000][1][safepoint    ] Total time for which application threads were stopped: 0.0000470 seconds, Stopping threads took: 0.0000084 seconds
[2019-12-09T03:06:19.480+0000][1][safepoint    ] Application time: 0.0000522 seconds
[2019-12-09T03:06:19.480+0000][1][safepoint    ] Entering safepoint region: RevokeBias
[2019-12-09T03:06:19.480+0000][1][safepoint    ] Leaving safepoint region
[2019-12-09T03:06:19.480+0000][1][safepoint    ] Total time for which application threads were stopped: 0.0000687 seconds, Stopping threads took: 0.0000083 seconds
[2019-12-09T03:06:19.480+0000][1][safepoint    ] Application time: 0.0000535 seconds
[2019-12-09T03:06:19.480+0000][1][safepoint    ] Entering safepoint region: RevokeBias
[2019-12-09T03:06:19.480+0000][1][safepoint    ] Leaving safepoint region
[2019-12-09T03:06:19.480+0000][1][safepoint    ] Total time for which application threads were stopped: 0.0000494 seconds, Stopping threads took: 0.0000074 seconds
[2019-12-09T03:06:19.480+0000][1][safepoint    ] Application time: 0.0000537 seconds
[2019-12-09T03:06:19.480+0000][1][safepoint    ] Entering safepoint region: RevokeBias
[2019-12-09T03:06:19.480+0000][1][safepoint    ] Leaving safepoint region
[2019-12-09T03:06:19.480+0000][1][safepoint    ] Total time for which application threads were stopped: 0.0000451 seconds, Stopping threads took: 0.0000077 seconds
[2019-12-09T03:06:19.480+0000][1][safepoint    ] Application time: 0.0000520 seconds
[2019-12-09T03:06:19.480+0000][1][safepoint    ] Entering safepoint region: RevokeBias
[2019-12-09T03:06:19.480+0000][1][safepoint    ] Leaving safepoint region
[2019-12-09T03:06:19.480+0000][1][safepoint    ] Total time for which application threads were stopped: 0.0000442 seconds, Stopping threads took: 0.0000080 seconds
[2019-12-09T03:06:19.480+0000][1][safepoint    ] Application time: 0.0000502 seconds
[2019-12-09T03:06:19.480+0000][1][safepoint    ] Entering safepoint region: RevokeBias
[2019-12-09T03:06:19.480+0000][1][safepoint    ] Leaving safepoint region
[2019-12-09T03:06:19.480+0000][1][safepoint    ] Total time for which application threads were stopped: 0.0000474 seconds, Stopping threads took: 0.0000080 seconds
[2019-12-09T03:06:19.480+0000][1][safepoint    ] Application time: 0.0000514 seconds
[2019-12-09T03:06:19.480+0000][1][safepoint    ] Entering safepoint region: RevokeBias
[2019-12-09T03:06:19.480+0000][1][safepoint    ] Leaving safepoint region
[2019-12-09T03:06:19.480+0000][1][safepoint    ] Total time for which application threads were stopped: 0.0000441 seconds, Stopping threads took: 0.0000075 seconds
[2019-12-09T03:06:19.480+0000][1][safepoint    ] Application time: 0.0000515 seconds
[2019-12-09T03:06:19.480+0000][1][safepoint    ] Entering safepoint region: RevokeBias
[2019-12-09T03:06:19.480+0000][1][safepoint    ] Leaving safepoint region
[2019-12-09T03:06:19.480+0000][1][safepoint    ] Total time for which application threads were stopped: 0.0000423 seconds, Stopping threads took: 0.0000077 seconds
[2019-12-09T03:06:19.480+0000][1][safepoint    ] Application time: 0.0000498 seconds
[2019-12-09T03:06:19.480+0000][1][safepoint    ] Entering safepoint region: RevokeBias
[2019-12-09T03:06:19.481+0000][1][safepoint    ] Leaving safepoint region
[2019-12-09T03:06:19.481+0000][1][safepoint    ] Total time for which application threads were stopped: 0.0000504 seconds, Stopping threads took: 0.0000142 seconds
[2019-12-09T03:06:19.481+0000][1][safepoint    ] Application time: 0.0000503 seconds
[2019-12-09T03:06:19.481+0000][1][safepoint    ] Entering safepoint region: RevokeBias
[2019-12-09T03:06:19.481+0000][1][safepoint    ] Leaving safepoint region
[2019-12-09T03:06:19.481+0000][1][safepoint    ] Total time for which application threads were stopped: 0.0000460 seconds, Stopping threads took: 0.0000072 seconds
[2019-12-09T03:06:19.481+0000][1][safepoint    ] Application time: 0.0000657 seconds
[2019-12-09T03:06:19.481+0000][1][safepoint    ] Entering safepoint region: RevokeBias
[2019-12-09T03:06:19.481+0000][1][safepoint    ] Leaving safepoint region
[2019-12-09T03:06:19.481+0000][1][safepoint    ] Total time for which application threads were stopped: 0.0000469 seconds, Stopping threads took: 0.0000078 seconds
[2019-12-09T03:06:19.481+0000][1][safepoint    ] Application time: 0.0000515 seconds
[2019-12-09T03:06:19.481+0000][1][safepoint    ] Entering safepoint region: RevokeBias
[2019-12-09T03:06:19.481+0000][1][safepoint    ] Leaving safepoint region
[2019-12-09T03:06:19.481+0000][1][safepoint    ] Total time for which application threads were stopped: 0.0000511 seconds, Stopping threads took: 0.0000071 seconds
[2019-12-09T03:06:19.481+0000][1][safepoint    ] Application time: 0.0000521 seconds
[2019-12-09T03:06:19.481+0000][1][safepoint    ] Entering safepoint region: RevokeBias
[2019-12-09T03:06:19.481+0000][1][safepoint    ] Leaving safepoint region
[2019-12-09T03:06:19.481+0000][1][safepoint    ] Total time for which application threads were stopped: 0.0000453 seconds, Stopping threads took: 0.0000078 seconds
[2019-12-09T03:06:19.481+0000][1][safepoint    ] Application time: 0.0000530 seconds
[2019-12-09T03:06:19.481+0000][1][safepoint    ] Entering safepoint region: BulkRevokeBias
[2019-12-09T03:06:19.481+0000][1][safepoint    ] Leaving safepoint region
[2019-12-09T03:06:19.481+0000][1][safepoint    ] Total time for which application threads were stopped: 0.0001160 seconds, Stopping threads took: 0.0000081 seconds
[2019-12-09T03:06:19.481+0000][1][safepoint    ] Application time: 0.0001582 seconds
[2019-12-09T03:06:19.481+0000][1][safepoint    ] Entering safepoint region: RevokeBias
[2019-12-09T03:06:19.481+0000][1][safepoint    ] Leaving safepoint region
[2019-12-09T03:06:19.481+0000][1][safepoint    ] Total time for which application threads were stopped: 0.0000660 seconds, Stopping threads took: 0.0000085 seconds
[2019-12-09T03:06:19.482+0000][1][safepoint    ] Application time: 0.0000790 seconds
[2019-12-09T03:06:19.482+0000][1][safepoint    ] Entering safepoint region: RevokeBias
[2019-12-09T03:06:19.482+0000][1][safepoint    ] Leaving safepoint region
[2019-12-09T03:06:19.482+0000][1][safepoint    ] Total time for which application threads were stopped: 0.0000586 seconds, Stopping threads took: 0.0000078 seconds
[2019-12-09T03:06:19.482+0000][1][safepoint    ] Application time: 0.0001454 seconds
[2019-12-09T03:06:19.482+0000][1][safepoint    ] Entering safepoint region: RevokeBias
[2019-12-09T03:06:19.482+0000][1][safepoint    ] Leaving safepoint region
[2019-12-09T03:06:19.482+0000][1][safepoint    ] Total time for which application threads were stopped: 0.0000665 seconds, Stopping threads took: 0.0000093 seconds
[2019-12-09T03:06:19.482+0000][1][safepoint    ] Application time: 0.0001094 seconds
[2019-12-09T03:06:19.482+0000][1][safepoint    ] Entering safepoint region: RevokeBias
[2019-12-09T03:06:19.482+0000][1][safepoint    ] Leaving safepoint region
[2019-12-09T03:06:19.482+0000][1][safepoint    ] Total time for which application threads were stopped: 0.0000672 seconds, Stopping threads took: 0.0000084 seconds
[2019-12-09T03:06:19.483+0000][1][safepoint    ] Application time: 0.0005760 seconds
[2019-12-09T03:06:19.483+0000][1][safepoint    ] Entering safepoint region: RevokeBias
[2019-12-09T03:06:19.483+0000][1][safepoint    ] Leaving safepoint region
[2019-12-09T03:06:19.483+0000][1][safepoint    ] Total time for which application threads were stopped: 0.0000798 seconds, Stopping threads took: 0.0000157 seconds
[2019-12-09T03:06:19.483+0000][1][safepoint    ] Application time: 0.0000779 seconds
[2019-12-09T03:06:19.483+0000][1][safepoint    ] Entering safepoint region: RevokeBias
[2019-12-09T03:06:19.483+0000][1][safepoint    ] Leaving safepoint region
[2019-12-09T03:06:19.483+0000][1][safepoint    ] Total time for which application threads were stopped: 0.0000619 seconds, Stopping threads took: 0.0000084 seconds
[2019-12-09T03:06:19.483+0000][1][safepoint    ] Application time: 0.0001193 seconds
[2019-12-09T03:06:19.483+0000][1][safepoint    ] Entering safepoint region: RevokeBias
[2019-12-09T03:06:19.483+0000][1][safepoint    ] Leaving safepoint region
[2019-12-09T03:06:19.483+0000][1][safepoint    ] Total time for which application threads were stopped: 0.0000498 seconds, Stopping threads took: 0.0000079 seconds
[2019-12-09T03:06:19.483+0000][1][safepoint    ] Application time: 0.0000565 seconds
[2019-12-09T03:06:19.483+0000][1][safepoint    ] Entering safepoint region: RevokeBias
[2019-12-09T03:06:19.483+0000][1][safepoint    ] Leaving safepoint region
[2019-12-09T03:06:19.483+0000][1][safepoint    ] Total time for which application threads were stopped: 0.0000604 seconds, Stopping threads took: 0.0000075 seconds
[2019-12-09T03:06:19.483+0000][1][safepoint    ] Application time: 0.0000518 seconds
[2019-12-09T03:06:19.483+0000][1][safepoint    ] Entering safepoint region: RevokeBias
[2019-12-09T03:06:19.483+0000][1][safepoint    ] Leaving safepoint region
[2019-12-09T03:06:19.483+0000][1][safepoint    ] Total time for which application threads were stopped: 0.0000460 seconds, Stopping threads took: 0.0000075 seconds
[2019-12-09T03:06:19.483+0000][1][safepoint    ] Application time: 0.0001636 seconds
[2019-12-09T03:06:19.483+0000][1][safepoint    ] Entering safepoint region: RevokeBias
[2019-12-09T03:06:19.484+0000][1][safepoint    ] Leaving safepoint region
[2019-12-09T03:06:19.484+0000][1][safepoint    ] Total time for which application threads were stopped: 0.0000582 seconds, Stopping threads took: 0.0000076 seconds
[2019-12-09T03:06:19.484+0000][1][safepoint    ] Application time: 0.0000547 seconds
[2019-12-09T03:06:19.484+0000][1][safepoint    ] Entering safepoint region: RevokeBias
[2019-12-09T03:06:19.484+0000][1][safepoint    ] Leaving safepoint region
[2019-12-09T03:06:19.484+0000][1][safepoint    ] Total time for which application threads were stopped: 0.0000383 seconds, Stopping threads took: 0.0000076 seconds
[2019-12-09T03:06:19.484+0000][1][safepoint    ] Application time: 0.0000663 seconds
[2019-12-09T03:06:19.484+0000][1][safepoint    ] Entering safepoint region: RevokeBias
[2019-12-09T03:06:19.484+0000][1][safepoint    ] Leaving safepoint region
[2019-12-09T03:06:19.484+0000][1][safepoint    ] Total time for which application threads were stopped: 0.0000583 seconds, Stopping threads took: 0.0000077 seconds
[2019-12-09T03:06:19.484+0000][1][safepoint    ] Application time: 0.0000508 seconds
[2019-12-09T03:06:19.484+0000][1][safepoint    ] Entering safepoint region: RevokeBias
[2019-12-09T03:06:19.484+0000][1][safepoint    ] Leaving safepoint region
[2019-12-09T03:06:19.484+0000][1][safepoint    ] Total time for which application threads were stopped: 0.0000443 seconds, Stopping threads took: 0.0000073 seconds
[2019-12-09T03:06:19.484+0000][1][safepoint    ] Application time: 0.0002866 seconds
[2019-12-09T03:06:19.484+0000][1][safepoint    ] Entering safepoint region: RevokeBias
[2019-12-09T03:06:19.484+0000][1][safepoint    ] Leaving safepoint region
[2019-12-09T03:06:19.484+0000][1][safepoint    ] Total time for which application threads were stopped: 0.0000526 seconds, Stopping threads took: 0.0000086 seconds
[2019-12-09T03:06:19.484+0000][1][safepoint    ] Application time: 0.0000553 seconds
[2019-12-09T03:06:19.484+0000][1][safepoint    ] Entering safepoint region: RevokeBias
[2019-12-09T03:06:19.484+0000][1][safepoint    ] Leaving safepoint region
[2019-12-09T03:06:19.484+0000][1][safepoint    ] Total time for which application threads were stopped: 0.0000492 seconds, Stopping threads took: 0.0000113 seconds
[2019-12-09T03:06:19.484+0000][1][safepoint    ] Application time: 0.0000498 seconds
[2019-12-09T03:06:19.484+0000][1][safepoint    ] Entering safepoint region: RevokeBias
[2019-12-09T03:06:19.484+0000][1][safepoint    ] Leaving safepoint region
[2019-12-09T03:06:19.484+0000][1][safepoint    ] Total time for which application threads were stopped: 0.0000422 seconds, Stopping threads took: 0.0000073 seconds
[2019-12-09T03:06:19.485+0000][1][safepoint    ] Application time: 0.0000497 seconds
[2019-12-09T03:06:19.485+0000][1][safepoint    ] Entering safepoint region: RevokeBias
[2019-12-09T03:06:19.485+0000][1][safepoint    ] Leaving safepoint region
[2019-12-09T03:06:19.485+0000][1][safepoint    ] Total time for which application threads were stopped: 0.0000426 seconds, Stopping threads took: 0.0000073 seconds
[2019-12-09T03:06:19.485+0000][1][safepoint    ] Application time: 0.0000493 seconds
[2019-12-09T03:06:19.485+0000][1][safepoint    ] Entering safepoint region: RevokeBias
[2019-12-09T03:06:19.485+0000][1][safepoint    ] Leaving safepoint region
[2019-12-09T03:06:19.485+0000][1][safepoint    ] Total time for which application threads were stopped: 0.0000551 seconds, Stopping threads took: 0.0000075 seconds
[2019-12-09T03:06:19.485+0000][1][safepoint    ] Application time: 0.0000544 seconds
[2019-12-09T03:06:19.485+0000][1][safepoint    ] Entering safepoint region: RevokeBias
[2019-12-09T03:06:19.485+0000][1][safepoint    ] Leaving safepoint region
[2019-12-09T03:06:19.485+0000][1][safepoint    ] Total time for which application threads were stopped: 0.0000469 seconds, Stopping threads took: 0.0000076 seconds
[2019-12-09T03:06:19.485+0000][1][safepoint    ] Application time: 0.0000533 seconds
[2019-12-09T03:06:19.485+0000][1][safepoint    ] Entering safepoint region: RevokeBias
[2019-12-09T03:06:19.485+0000][1][safepoint    ] Leaving safepoint region
[2019-12-09T03:06:19.485+0000][1][safepoint    ] Total time for which application threads were stopped: 0.0000435 seconds, Stopping threads took: 0.0000075 seconds
[2019-12-09T03:06:19.485+0000][1][safepoint    ] Application time: 0.0000531 seconds
[2019-12-09T03:06:19.485+0000][1][safepoint    ] Entering safepoint region: RevokeBias
[2019-12-09T03:06:19.485+0000][1][safepoint    ] Leaving safepoint region
[2019-12-09T03:06:19.485+0000][1][safepoint    ] Total time for which application threads were stopped: 0.0000458 seconds, Stopping threads took: 0.0000081 seconds
[2019-12-09T03:06:19.485+0000][1][safepoint    ] Application time: 0.0000527 seconds
[2019-12-09T03:06:19.485+0000][1][safepoint    ] Entering safepoint region: RevokeBias
[2019-12-09T03:06:19.485+0000][1][safepoint    ] Leaving safepoint region
[2019-12-09T03:06:19.485+0000][1][safepoint    ] Total time for which application threads were stopped: 0.0000450 seconds, Stopping threads took: 0.0000082 seconds
[2019-12-09T03:06:19.485+0000][1][safepoint    ] Application time: 0.0000684 seconds
[2019-12-09T03:06:19.485+0000][1][safepoint    ] Entering safepoint region: RevokeBias
[2019-12-09T03:06:19.485+0000][1][safepoint    ] Leaving safepoint region
[2019-12-09T03:06:19.485+0000][1][safepoint    ] Total time for which application threads were stopped: 0.0000486 seconds, Stopping threads took: 0.0000084 seconds
[2019-12-09T03:06:19.485+0000][1][safepoint    ] Application time: 0.0000642 seconds
[2019-12-09T03:06:19.485+0000][1][safepoint    ] Entering safepoint region: RevokeBias
[2019-12-09T03:06:19.485+0000][1][safepoint    ] Leaving safepoint region
[2019-12-09T03:06:19.485+0000][1][safepoint    ] Total time for which application threads were stopped: 0.0000480 seconds, Stopping threads took: 0.0000080 seconds
[2019-12-09T03:06:19.485+0000][1][safepoint    ] Application time: 0.0000524 seconds
[2019-12-09T03:06:19.485+0000][1][safepoint    ] Entering safepoint region: RevokeBias
[2019-12-09T03:06:19.486+0000][1][safepoint    ] Leaving safepoint region
[2019-12-09T03:06:19.486+0000][1][safepoint    ] Total time for which application threads were stopped: 0.0000503 seconds, Stopping threads took: 0.0000124 seconds
[2019-12-09T03:06:19.486+0000][1][safepoint    ] Application time: 0.0000520 seconds
[2019-12-09T03:06:19.486+0000][1][safepoint    ] Entering safepoint region: RevokeBias
[2019-12-09T03:06:19.486+0000][1][safepoint    ] Leaving safepoint region
[2019-12-09T03:06:19.486+0000][1][safepoint    ] Total time for which application threads were stopped: 0.0000456 seconds, Stopping threads took: 0.0000084 seconds
[2019-12-09T03:06:19.486+0000][1][safepoint    ] Application time: 0.0000655 seconds
[2019-12-09T03:06:19.486+0000][1][safepoint    ] Entering safepoint region: RevokeBias
[2019-12-09T03:06:19.486+0000][1][safepoint    ] Leaving safepoint region
[2019-12-09T03:06:19.486+0000][1][safepoint    ] Total time for which application threads were stopped: 0.0000475 seconds, Stopping threads took: 0.0000085 seconds
[2019-12-09T03:06:19.486+0000][1][safepoint    ] Application time: 0.0000529 seconds
[2019-12-09T03:06:19.486+0000][1][safepoint    ] Entering safepoint region: RevokeBias
[2019-12-09T03:06:19.486+0000][1][safepoint    ] Leaving safepoint region
[2019-12-09T03:06:19.486+0000][1][safepoint    ] Total time for which application threads were stopped: 0.0000459 seconds, Stopping threads took: 0.0000077 seconds
[2019-12-09T03:06:19.486+0000][1][safepoint    ] Application time: 0.0000530 seconds
[2019-12-09T03:06:19.486+0000][1][safepoint    ] Entering safepoint region: BulkRevokeBias
[2019-12-09T03:06:19.486+0000][1][safepoint    ] Leaving safepoint region
[2019-12-09T03:06:19.486+0000][1][safepoint    ] Total time for which application threads were stopped: 0.0001090 seconds, Stopping threads took: 0.0000079 seconds
[2019-12-09T03:06:19.502+0000][1][safepoint    ] Application time: 0.0156914 seconds
[2019-12-09T03:06:19.502+0000][1][safepoint    ] Entering safepoint region: RevokeBias
[2019-12-09T03:06:19.502+0000][1][safepoint    ] Leaving safepoint region
[2019-12-09T03:06:19.502+0000][1][safepoint    ] Total time for which application threads were stopped: 0.0004922 seconds, Stopping threads took: 0.0004239 seconds
[2019-12-09T03:06:19.502+0000][1][safepoint    ] Application time: 0.0000830 seconds
[2019-12-09T03:06:19.502+0000][1][safepoint    ] Entering safepoint region: RevokeBias
[2019-12-09T03:06:19.502+0000][1][safepoint    ] Leaving safepoint region
[2019-12-09T03:06:19.502+0000][1][safepoint    ] Total time for which application threads were stopped: 0.0000473 seconds, Stopping threads took: 0.0000080 seconds
[2019-12-09T03:06:19.503+0000][1][safepoint    ] Application time: 0.0001538 seconds
[2019-12-09T03:06:19.503+0000][1][safepoint    ] Entering safepoint region: RevokeBias
[2019-12-09T03:06:19.503+0000][1][safepoint    ] Leaving safepoint region
[2019-12-09T03:06:19.503+0000][1][safepoint    ] Total time for which application threads were stopped: 0.0000511 seconds, Stopping threads took: 0.0000079 seconds
[2019-12-09T03:06:19.503+0000][1][safepoint    ] Application time: 0.0000725 seconds
[2019-12-09T03:06:19.503+0000][1][safepoint    ] Entering safepoint region: RevokeBias
[2019-12-09T03:06:19.503+0000][1][safepoint    ] Leaving safepoint region
[2019-12-09T03:06:19.503+0000][1][safepoint    ] Total time for which application threads were stopped: 0.0000633 seconds, Stopping threads took: 0.0000177 seconds
[2019-12-09T03:06:19.503+0000][1][safepoint    ] Application time: 0.0000530 seconds
[2019-12-09T03:06:19.503+0000][1][safepoint    ] Entering safepoint region: RevokeBias
[2019-12-09T03:06:19.503+0000][1][safepoint    ] Leaving safepoint region
[2019-12-09T03:06:19.503+0000][1][safepoint    ] Total time for which application threads were stopped: 0.0000493 seconds, Stopping threads took: 0.0000084 seconds
[2019-12-09T03:06:19.503+0000][1][safepoint    ] Application time: 0.0000516 seconds
[2019-12-09T03:06:19.503+0000][1][safepoint    ] Entering safepoint region: RevokeBias
[2019-12-09T03:06:19.503+0000][1][safepoint    ] Leaving safepoint region
[2019-12-09T03:06:19.503+0000][1][safepoint    ] Total time for which application threads were stopped: 0.0000480 seconds, Stopping threads took: 0.0000084 seconds
[2019-12-09T03:06:19.503+0000][1][safepoint    ] Application time: 0.0003648 seconds
[2019-12-09T03:06:19.503+0000][1][safepoint    ] Entering safepoint region: RevokeBias
[2019-12-09T03:06:19.504+0000][1][safepoint    ] Leaving safepoint region
[2019-12-09T03:06:19.504+0000][1][safepoint    ] Total time for which application threads were stopped: 0.0000691 seconds, Stopping threads took: 0.0000106 seconds
[2019-12-09T03:06:19.504+0000][1][safepoint    ] Application time: 0.0001438 seconds
[2019-12-09T03:06:19.504+0000][1][safepoint    ] Entering safepoint region: RevokeBias
[2019-12-09T03:06:19.504+0000][1][safepoint    ] Leaving safepoint region
[2019-12-09T03:06:19.504+0000][1][safepoint    ] Total time for which application threads were stopped: 0.0000833 seconds, Stopping threads took: 0.0000293 seconds
[2019-12-09T03:06:19.504+0000][1][safepoint    ] Application time: 0.0001233 seconds
[2019-12-09T03:06:19.504+0000][1][safepoint    ] Entering safepoint region: BulkRevokeBias
[2019-12-09T03:06:19.504+0000][1][safepoint    ] Leaving safepoint region
[2019-12-09T03:06:19.504+0000][1][safepoint    ] Total time for which application threads were stopped: 0.0001076 seconds, Stopping threads took: 0.0000085 seconds
[2019-12-09T03:06:19.504+0000][1][safepoint    ] Application time: 0.0002797 seconds
[2019-12-09T03:06:19.504+0000][1][safepoint    ] Entering safepoint region: RevokeBias
[2019-12-09T03:06:19.504+0000][1][safepoint    ] Leaving safepoint region
[2019-12-09T03:06:19.504+0000][1][safepoint    ] Total time for which application threads were stopped: 0.0000604 seconds, Stopping threads took: 0.0000087 seconds
[2019-12-09T03:06:19.505+0000][1][safepoint    ] Application time: 0.0003945 seconds
[2019-12-09T03:06:19.505+0000][1][safepoint    ] Entering safepoint region: RevokeBias
[2019-12-09T03:06:19.505+0000][1][safepoint    ] Leaving safepoint region
[2019-12-09T03:06:19.505+0000][1][safepoint    ] Total time for which application threads were stopped: 0.0000601 seconds, Stopping threads took: 0.0000097 seconds
[2019-12-09T03:06:19.505+0000][1][safepoint    ] Application time: 0.0001166 seconds
[2019-12-09T03:06:19.505+0000][1][safepoint    ] Entering safepoint region: RevokeBias
[2019-12-09T03:06:19.505+0000][1][safepoint    ] Leaving safepoint region
[2019-12-09T03:06:19.505+0000][1][safepoint    ] Total time for which application threads were stopped: 0.0000514 seconds, Stopping threads took: 0.0000086 seconds
[2019-12-09T03:06:19.505+0000][1][safepoint    ] Application time: 0.0001967 seconds
[2019-12-09T03:06:19.505+0000][1][safepoint    ] Entering safepoint region: RevokeBias
[2019-12-09T03:06:19.505+0000][1][safepoint    ] Leaving safepoint region
[2019-12-09T03:06:19.505+0000][1][safepoint    ] Total time for which application threads were stopped: 0.0000575 seconds, Stopping threads took: 0.0000095 seconds
[2019-12-09T03:06:19.507+0000][1][safepoint    ] Application time: 0.0014797 seconds
[2019-12-09T03:06:19.507+0000][1][safepoint    ] Entering safepoint region: RevokeBias
[2019-12-09T03:06:19.507+0000][1][safepoint    ] Leaving safepoint region
[2019-12-09T03:06:19.507+0000][1][safepoint    ] Total time for which application threads were stopped: 0.0000732 seconds, Stopping threads took: 0.0000105 seconds
[2019-12-09T03:06:19.507+0000][1][safepoint    ] Application time: 0.0000659 seconds
[2019-12-09T03:06:19.507+0000][1][safepoint    ] Entering safepoint region: RevokeBias
[2019-12-09T03:06:19.507+0000][1][safepoint    ] Leaving safepoint region
[2019-12-09T03:06:19.507+0000][1][safepoint    ] Total time for which application threads were stopped: 0.0000610 seconds, Stopping threads took: 0.0000087 seconds
[2019-12-09T03:06:19.509+0000][1][safepoint    ] Application time: 0.0018586 seconds
[2019-12-09T03:06:19.509+0000][1][safepoint    ] Entering safepoint region: RevokeBias
[2019-12-09T03:06:19.509+0000][1][safepoint    ] Leaving safepoint region
[2019-12-09T03:06:19.509+0000][1][safepoint    ] Total time for which application threads were stopped: 0.0000802 seconds, Stopping threads took: 0.0000105 seconds
[2019-12-09T03:06:19.520+0000][1][safepoint    ] Application time: 0.0107181 seconds
[2019-12-09T03:06:19.520+0000][1][safepoint    ] Entering safepoint region: RevokeBias
[2019-12-09T03:06:19.520+0000][1][safepoint    ] Leaving safepoint region
[2019-12-09T03:06:19.520+0000][1][safepoint    ] Total time for which application threads were stopped: 0.0001149 seconds, Stopping threads took: 0.0000442 seconds
[2019-12-09T03:06:19.520+0000][1][safepoint    ] Application time: 0.0002363 seconds
[2019-12-09T03:06:19.520+0000][1][safepoint    ] Entering safepoint region: RevokeBias
[2019-12-09T03:06:19.520+0000][1][safepoint    ] Leaving safepoint region
[2019-12-09T03:06:19.520+0000][1][safepoint    ] Total time for which application threads were stopped: 0.0000655 seconds, Stopping threads took: 0.0000087 seconds
[2019-12-09T03:06:19.629+0000][1][safepoint    ] Application time: 0.1087634 seconds
[2019-12-09T03:06:19.629+0000][1][safepoint    ] Entering safepoint region: RevokeBias
[2019-12-09T03:06:19.629+0000][1][safepoint    ] Leaving safepoint region
[2019-12-09T03:06:19.629+0000][1][safepoint    ] Total time for which application threads were stopped: 0.0001120 seconds, Stopping threads took: 0.0000144 seconds
[2019-12-09T03:06:19.629+0000][1][safepoint    ] Application time: 0.0000659 seconds
[2019-12-09T03:06:19.629+0000][1][safepoint    ] Entering safepoint region: RevokeBias
[2019-12-09T03:06:19.629+0000][1][safepoint    ] Leaving safepoint region
[2019-12-09T03:06:19.629+0000][1][safepoint    ] Total time for which application threads were stopped: 0.0000453 seconds, Stopping threads took: 0.0000104 seconds
[2019-12-09T03:06:19.913+0000][1][safepoint    ] Application time: 0.2837838 seconds
[2019-12-09T03:06:19.913+0000][1][safepoint    ] Entering safepoint region: GenCollectForAllocation
[2019-12-09T03:06:19.913+0000][1][gc,start     ] GC(20) Pause Young (Allocation Failure)
[2019-12-09T03:06:19.913+0000][1][gc,task      ] GC(20) Using 2 workers of 2 for evacuation
[2019-12-09T03:06:20.144+0000][1][gc,age       ] GC(20) Desired survivor size 4456448 bytes, new threshold 2 (max threshold 6)
[2019-12-09T03:06:20.144+0000][1][gc,age       ] GC(20) Age table with threshold 2 (max threshold 6)
[2019-12-09T03:06:20.144+0000][1][gc,age       ] GC(20) - age   1:    2930184 bytes,    2930184 total
[2019-12-09T03:06:20.144+0000][1][gc,age       ] GC(20) - age   2:    2583304 bytes,    5513488 total
[2019-12-09T03:06:20.144+0000][1][gc,age       ] GC(20) - age   3:    1576664 bytes,    7090152 total
[2019-12-09T03:06:20.144+0000][1][gc,heap      ] GC(20) ParNew: 76993K->8704K(78656K)
[2019-12-09T03:06:20.144+0000][1][gc,heap      ] GC(20) CMS: 54480K->55909K(174784K)
[2019-12-09T03:06:20.144+0000][1][gc,metaspace ] GC(20) Metaspace: 47944K->47944K(1093632K)
[2019-12-09T03:06:20.144+0000][1][gc           ] GC(20) Pause Young (Allocation Failure) 128M->63M(247M) 230.955ms
[2019-12-09T03:06:20.144+0000][1][gc,cpu       ] GC(20) User=0.06s Sys=0.00s Real=0.23s
[2019-12-09T03:06:20.144+0000][1][safepoint    ] Leaving safepoint region
[2019-12-09T03:06:20.144+0000][1][safepoint    ] Total time for which application threads were stopped: 0.2310929 seconds, Stopping threads took: 0.0000148 seconds
[2019-12-09T03:06:20.703+0000][1][safepoint    ] Application time: 0.5588261 seconds
[2019-12-09T03:06:20.703+0000][1][safepoint    ] Entering safepoint region: RevokeBias
[2019-12-09T03:06:20.703+0000][1][safepoint    ] Leaving safepoint region
[2019-12-09T03:06:20.703+0000][1][safepoint    ] Total time for which application threads were stopped: 0.0000836 seconds, Stopping threads took: 0.0000331 seconds
[2019-12-09T03:06:20.720+0000][1][safepoint    ] Application time: 0.0166362 seconds
[2019-12-09T03:06:20.720+0000][1][safepoint    ] Entering safepoint region: RevokeBias
[2019-12-09T03:06:20.720+0000][1][safepoint    ] Leaving safepoint region
[2019-12-09T03:06:20.720+0000][1][safepoint    ] Total time for which application threads were stopped: 0.0000709 seconds, Stopping threads took: 0.0000201 seconds
[2019-12-09T03:06:21.370+0000][1][safepoint    ] Application time: 0.6502234 seconds
[2019-12-09T03:06:21.370+0000][1][safepoint    ] Entering safepoint region: RevokeBias
[2019-12-09T03:06:21.371+0000][1][safepoint    ] Leaving safepoint region
[2019-12-09T03:06:21.371+0000][1][safepoint    ] Total time for which application threads were stopped: 0.0004861 seconds, Stopping threads took: 0.0000157 seconds
[2019-12-09T03:06:21.799+0000][1][safepoint    ] Application time: 0.4283250 seconds
[2019-12-09T03:06:21.799+0000][1][safepoint    ] Entering safepoint region: RevokeBias
[2019-12-09T03:06:21.799+0000][1][safepoint    ] Leaving safepoint region
[2019-12-09T03:06:21.799+0000][1][safepoint    ] Total time for which application threads were stopped: 0.0000959 seconds, Stopping threads took: 0.0000393 seconds
[2019-12-09T03:06:22.821+0000][1][safepoint    ] Application time: 1.0216122 seconds
[2019-12-09T03:06:22.889+0000][1][safepoint    ] Entering safepoint region: Cleanup
[2019-12-09T03:06:22.889+0000][1][safepoint    ] Leaving safepoint region
[2019-12-09T03:06:22.889+0000][1][safepoint    ] Total time for which application threads were stopped: 0.0680924 seconds, Stopping threads took: 0.0680273 seconds
[2019-12-09T03:06:22.903+0000][1][safepoint    ] Application time: 0.0140276 seconds
[2019-12-09T03:06:22.903+0000][1][safepoint    ] Entering safepoint region: RevokeBias
[2019-12-09T03:06:22.903+0000][1][safepoint    ] Leaving safepoint region
[2019-12-09T03:06:22.903+0000][1][safepoint    ] Total time for which application threads were stopped: 0.0002300 seconds, Stopping threads took: 0.0001734 seconds
[2019-12-09T03:06:23.906+0000][1][safepoint    ] Application time: 1.0026056 seconds
[2019-12-09T03:06:23.906+0000][1][safepoint    ] Entering safepoint region: Cleanup
[2019-12-09T03:06:23.906+0000][1][safepoint    ] Leaving safepoint region
[2019-12-09T03:06:23.906+0000][1][safepoint    ] Total time for which application threads were stopped: 0.0007185 seconds, Stopping threads took: 0.0002296 seconds
[2019-12-09T03:06:24.930+0000][1][safepoint    ] Application time: 1.0232085 seconds
[2019-12-09T03:06:24.962+0000][1][safepoint    ] Entering safepoint region: Cleanup
[2019-12-09T03:06:24.962+0000][1][safepoint    ] Leaving safepoint region
[2019-12-09T03:06:24.962+0000][1][safepoint    ] Total time for which application threads were stopped: 0.0321958 seconds, Stopping threads took: 0.0321187 seconds
[2019-12-09T03:06:25.575+0000][1][safepoint    ] Application time: 0.6129240 seconds
[2019-12-09T03:06:25.575+0000][1][safepoint    ] Entering safepoint region: GenCollectForAllocation
[2019-12-09T03:06:25.575+0000][1][gc,start     ] GC(21) Pause Young (Allocation Failure)
[2019-12-09T03:06:25.575+0000][1][gc,task      ] GC(21) Using 2 workers of 2 for evacuation
[2019-12-09T03:06:25.962+0000][1][gc,age       ] GC(21) Desired survivor size 4456448 bytes, new threshold 6 (max threshold 6)
[2019-12-09T03:06:25.962+0000][1][gc,age       ] GC(21) Age table with threshold 6 (max threshold 6)
[2019-12-09T03:06:25.962+0000][1][gc,age       ] GC(21) - age   1:    1508616 bytes,    1508616 total
[2019-12-09T03:06:25.962+0000][1][gc,age       ] GC(21) - age   2:    2862032 bytes,    4370648 total
[2019-12-09T03:06:25.962+0000][1][gc,heap      ] GC(21) ParNew: 78656K->6433K(78656K)
[2019-12-09T03:06:25.962+0000][1][gc,heap      ] GC(21) CMS: 55909K->60094K(174784K)
[2019-12-09T03:06:25.962+0000][1][gc,metaspace ] GC(21) Metaspace: 54681K->54681K(1099776K)
[2019-12-09T03:06:25.962+0000][1][gc           ] GC(21) Pause Young (Allocation Failure) 131M->64M(247M) 387.329ms
[2019-12-09T03:06:25.962+0000][1][gc,cpu       ] GC(21) User=0.11s Sys=0.00s Real=0.38s
[2019-12-09T03:06:25.962+0000][1][safepoint    ] Leaving safepoint region
[2019-12-09T03:06:25.962+0000][1][safepoint    ] Total time for which application threads were stopped: 0.3875201 seconds, Stopping threads took: 0.0000167 seconds
[2019-12-09T03:06:26.550+0000][1][safepoint    ] Application time: 0.5872590 seconds
[2019-12-09T03:06:26.550+0000][1][safepoint    ] Entering safepoint region: RevokeBias
[2019-12-09T03:06:26.550+0000][1][safepoint    ] Leaving safepoint region
[2019-12-09T03:06:26.550+0000][1][safepoint    ] Total time for which application threads were stopped: 0.0000899 seconds, Stopping threads took: 0.0000188 seconds
[2019-12-09T03:06:27.556+0000][1][safepoint    ] Application time: 1.0058746 seconds
[2019-12-09T03:06:27.576+0000][1][safepoint    ] Entering safepoint region: Cleanup
[2019-12-09T03:06:27.577+0000][1][safepoint    ] Leaving safepoint region
[2019-12-09T03:06:27.577+0000][1][safepoint    ] Total time for which application threads were stopped: 0.0208115 seconds, Stopping threads took: 0.0207409 seconds
[2019-12-09T03:06:27.772+0000][1][safepoint    ] Application time: 0.1952490 seconds
[2019-12-09T03:06:27.772+0000][1][safepoint    ] Entering safepoint region: Deoptimize
[2019-12-09T03:06:27.773+0000][1][safepoint    ] Leaving safepoint region
[2019-12-09T03:06:27.773+0000][1][safepoint    ] Total time for which application threads were stopped: 0.0006570 seconds, Stopping threads took: 0.0000161 seconds
[2019-12-09T03:06:28.419+0000][1][safepoint    ] Application time: 0.6461791 seconds
[2019-12-09T03:06:28.419+0000][1][safepoint    ] Entering safepoint region: RevokeBias
[2019-12-09T03:06:28.420+0000][1][safepoint    ] Leaving safepoint region
[2019-12-09T03:06:28.420+0000][1][safepoint    ] Total time for which application threads were stopped: 0.0012590 seconds, Stopping threads took: 0.0000170 seconds
[2019-12-09T03:06:28.420+0000][1][safepoint    ] Application time: 0.0002213 seconds
[2019-12-09T03:06:28.420+0000][1][safepoint    ] Entering safepoint region: RevokeBias
[2019-12-09T03:06:28.420+0000][1][safepoint    ] Leaving safepoint region
[2019-12-09T03:06:28.420+0000][1][safepoint    ] Total time for which application threads were stopped: 0.0001017 seconds, Stopping threads took: 0.0000133 seconds
[2019-12-09T03:06:28.420+0000][1][safepoint    ] Application time: 0.0000665 seconds
[2019-12-09T03:06:28.420+0000][1][safepoint    ] Entering safepoint region: RevokeBias
[2019-12-09T03:06:28.420+0000][1][safepoint    ] Leaving safepoint region
[2019-12-09T03:06:28.421+0000][1][safepoint    ] Total time for which application threads were stopped: 0.0000630 seconds, Stopping threads took: 0.0000095 seconds
[2019-12-09T03:06:28.421+0000][1][safepoint    ] Application time: 0.0002270 seconds
[2019-12-09T03:06:28.421+0000][1][safepoint    ] Entering safepoint region: RevokeBias
[2019-12-09T03:06:28.421+0000][1][safepoint    ] Leaving safepoint region
[2019-12-09T03:06:28.421+0000][1][safepoint    ] Total time for which application threads were stopped: 0.0000868 seconds, Stopping threads took: 0.0000121 seconds
[2019-12-09T03:06:29.422+0000][1][safepoint    ] Application time: 1.0009320 seconds
[2019-12-09T03:06:29.422+0000][1][safepoint    ] Entering safepoint region: Cleanup
[2019-12-09T03:06:29.422+0000][1][safepoint    ] Leaving safepoint region
[2019-12-09T03:06:29.422+0000][1][safepoint    ] Total time for which application threads were stopped: 0.0006134 seconds, Stopping threads took: 0.0000474 seconds
[2019-12-09T03:06:29.792+0000][1][safepoint    ] Application time: 0.3693750 seconds
[2019-12-09T03:06:29.792+0000][1][safepoint    ] Entering safepoint region: RevokeBias
[2019-12-09T03:06:29.792+0000][1][safepoint    ] Leaving safepoint region
[2019-12-09T03:06:29.792+0000][1][safepoint    ] Total time for which application threads were stopped: 0.0000831 seconds, Stopping threads took: 0.0000171 seconds
[2019-12-09T03:06:30.359+0000][1][safepoint    ] Application time: 0.5669821 seconds
[2019-12-09T03:06:30.359+0000][1][safepoint    ] Entering safepoint region: Deoptimize
[2019-12-09T03:06:30.360+0000][1][safepoint    ] Leaving safepoint region
[2019-12-09T03:06:30.360+0000][1][safepoint    ] Total time for which application threads were stopped: 0.0006142 seconds, Stopping threads took: 0.0000171 seconds
[2019-12-09T03:06:30.796+0000][1][safepoint    ] Application time: 0.4362050 seconds
[2019-12-09T03:06:30.796+0000][1][safepoint    ] Entering safepoint region: RevokeBias
[2019-12-09T03:06:30.796+0000][1][safepoint    ] Leaving safepoint region
[2019-12-09T03:06:30.796+0000][1][safepoint    ] Total time for which application threads were stopped: 0.0000816 seconds, Stopping threads took: 0.0000158 seconds
[2019-12-09T03:06:31.798+0000][1][safepoint    ] Application time: 1.0017735 seconds
[2019-12-09T03:06:31.798+0000][1][safepoint    ] Entering safepoint region: Cleanup
[2019-12-09T03:06:31.798+0000][1][safepoint    ] Leaving safepoint region
[2019-12-09T03:06:31.798+0000][1][safepoint    ] Total time for which application threads were stopped: 0.0001045 seconds, Stopping threads took: 0.0000349 seconds
[2019-12-09T03:06:31.962+0000][1][safepoint    ] Application time: 0.1639344 seconds
[2019-12-09T03:06:31.962+0000][1][safepoint    ] Entering safepoint region: RevokeBias
[2019-12-09T03:06:31.962+0000][1][safepoint    ] Leaving safepoint region
[2019-12-09T03:06:31.962+0000][1][safepoint    ] Total time for which application threads were stopped: 0.0001061 seconds, Stopping threads took: 0.0000206 seconds
[2019-12-09T03:06:31.966+0000][1][safepoint    ] Application time: 0.0037518 seconds
[2019-12-09T03:06:31.966+0000][1][safepoint    ] Entering safepoint region: RevokeBias
[2019-12-09T03:06:31.966+0000][1][safepoint    ] Leaving safepoint region
[2019-12-09T03:06:31.966+0000][1][safepoint    ] Total time for which application threads were stopped: 0.0000842 seconds, Stopping threads took: 0.0000161 seconds
[2019-12-09T03:06:31.966+0000][1][safepoint    ] Application time: 0.0004364 seconds
[2019-12-09T03:06:31.966+0000][1][safepoint    ] Entering safepoint region: RevokeBias
[2019-12-09T03:06:31.966+0000][1][safepoint    ] Leaving safepoint region
[2019-12-09T03:06:31.966+0000][1][safepoint    ] Total time for which application threads were stopped: 0.0000580 seconds, Stopping threads took: 0.0000103 seconds
[2019-12-09T03:06:31.966+0000][1][safepoint    ] Application time: 0.0001448 seconds
[2019-12-09T03:06:31.967+0000][1][safepoint    ] Entering safepoint region: RevokeBias
[2019-12-09T03:06:31.967+0000][1][safepoint    ] Leaving safepoint region
[2019-12-09T03:06:31.967+0000][1][safepoint    ] Total time for which application threads were stopped: 0.0000374 seconds, Stopping threads took: 0.0000083 seconds
[2019-12-09T03:06:31.967+0000][1][safepoint    ] Application time: 0.0002063 seconds
[2019-12-09T03:06:31.967+0000][1][safepoint    ] Entering safepoint region: RevokeBias
[2019-12-09T03:06:31.967+0000][1][safepoint    ] Leaving safepoint region
[2019-12-09T03:06:31.967+0000][1][safepoint    ] Total time for which application threads were stopped: 0.0000419 seconds, Stopping threads took: 0.0000087 seconds
[2019-12-09T03:06:32.968+0000][1][safepoint    ] Application time: 1.0008914 seconds
[2019-12-09T03:06:32.976+0000][1][safepoint    ] Entering safepoint region: Cleanup
[2019-12-09T03:06:32.976+0000][1][safepoint    ] Leaving safepoint region
[2019-12-09T03:06:32.976+0000][1][safepoint    ] Total time for which application threads were stopped: 0.0080837 seconds, Stopping threads took: 0.0079850 seconds
[2019-12-09T03:06:33.560+0000][1][safepoint    ] Application time: 0.5838676 seconds
[2019-12-09T03:06:33.560+0000][1][safepoint    ] Entering safepoint region: GenCollectForAllocation
[2019-12-09T03:06:33.560+0000][1][gc,start     ] GC(22) Pause Young (Allocation Failure)
[2019-12-09T03:06:33.560+0000][1][gc,task      ] GC(22) Using 2 workers of 2 for evacuation
[2019-12-09T03:06:33.888+0000][1][gc,age       ] GC(22) Desired survivor size 4456448 bytes, new threshold 2 (max threshold 6)
[2019-12-09T03:06:33.888+0000][1][gc,age       ] GC(22) Age table with threshold 2 (max threshold 6)
[2019-12-09T03:06:33.888+0000][1][gc,age       ] GC(22) - age   1:    3654480 bytes,    3654480 total
[2019-12-09T03:06:33.888+0000][1][gc,age       ] GC(22) - age   2:    1408648 bytes,    5063128 total
[2019-12-09T03:06:33.888+0000][1][gc,age       ] GC(22) - age   3:    2846920 bytes,    7910048 total
[2019-12-09T03:06:33.888+0000][1][gc,heap      ] GC(22) ParNew: 76385K->8704K(78656K)
[2019-12-09T03:06:33.889+0000][1][gc,heap      ] GC(22) CMS: 60094K->60094K(174784K)
[2019-12-09T03:06:33.889+0000][1][gc,metaspace ] GC(22) Metaspace: 62134K->62134K(1105920K)
[2019-12-09T03:06:33.889+0000][1][gc           ] GC(22) Pause Young (Allocation Failure) 133M->67M(247M) 328.712ms
[2019-12-09T03:06:33.889+0000][1][gc,cpu       ] GC(22) User=0.04s Sys=0.00s Real=0.33s
[2019-12-09T03:06:33.889+0000][1][safepoint    ] Leaving safepoint region
[2019-12-09T03:06:33.889+0000][1][safepoint    ] Total time for which application threads were stopped: 0.3288711 seconds, Stopping threads took: 0.0000169 seconds
[2019-12-09T03:06:34.185+0000][1][safepoint    ] Application time: 0.2960991 seconds
[2019-12-09T03:06:34.185+0000][1][safepoint    ] Entering safepoint region: RevokeBias
[2019-12-09T03:06:34.185+0000][1][safepoint    ] Leaving safepoint region
[2019-12-09T03:06:34.185+0000][1][safepoint    ] Total time for which application threads were stopped: 0.0000763 seconds, Stopping threads took: 0.0000153 seconds
[2019-12-09T03:06:35.020+0000][1][safepoint    ] Application time: 0.8352675 seconds
[2019-12-09T03:06:35.020+0000][1][safepoint    ] Entering safepoint region: Deoptimize
[2019-12-09T03:06:35.021+0000][1][safepoint    ] Leaving safepoint region
[2019-12-09T03:06:35.021+0000][1][safepoint    ] Total time for which application threads were stopped: 0.0007720 seconds, Stopping threads took: 0.0000166 seconds
[2019-12-09T03:06:35.071+0000][1][safepoint    ] Application time: 0.0503313 seconds
[2019-12-09T03:06:35.071+0000][1][safepoint    ] Entering safepoint region: BulkRevokeBias
[2019-12-09T03:06:35.071+0000][1][safepoint    ] Leaving safepoint region
[2019-12-09T03:06:35.071+0000][1][safepoint    ] Total time for which application threads were stopped: 0.0001995 seconds, Stopping threads took: 0.0000151 seconds
[2019-12-09T03:06:35.073+0000][1][safepoint    ] Application time: 0.0011529 seconds
[2019-12-09T03:06:35.073+0000][1][safepoint    ] Entering safepoint region: RevokeBias
[2019-12-09T03:06:35.073+0000][1][safepoint    ] Leaving safepoint region
[2019-12-09T03:06:35.073+0000][1][safepoint    ] Total time for which application threads were stopped: 0.0000904 seconds, Stopping threads took: 0.0000124 seconds
[2019-12-09T03:06:35.073+0000][1][safepoint    ] Application time: 0.0004090 seconds
[2019-12-09T03:06:35.073+0000][1][safepoint    ] Entering safepoint region: RevokeBias
[2019-12-09T03:06:35.073+0000][1][safepoint    ] Leaving safepoint region
[2019-12-09T03:06:35.073+0000][1][safepoint    ] Total time for which application threads were stopped: 0.0000772 seconds, Stopping threads took: 0.0000108 seconds
[2019-12-09T03:06:35.073+0000][1][safepoint    ] Application time: 0.0000599 seconds
[2019-12-09T03:06:35.073+0000][1][safepoint    ] Entering safepoint region: RevokeBias
[2019-12-09T03:06:35.073+0000][1][safepoint    ] Leaving safepoint region
[2019-12-09T03:06:35.073+0000][1][safepoint    ] Total time for which application threads were stopped: 0.0000520 seconds, Stopping threads took: 0.0000088 seconds
[2019-12-09T03:06:35.073+0000][1][safepoint    ] Application time: 0.0000989 seconds
[2019-12-09T03:06:35.073+0000][1][safepoint    ] Entering safepoint region: RevokeBias
[2019-12-09T03:06:35.074+0000][1][safepoint    ] Leaving safepoint region
[2019-12-09T03:06:35.074+0000][1][safepoint    ] Total time for which application threads were stopped: 0.0000497 seconds, Stopping threads took: 0.0000085 seconds
[2019-12-09T03:06:35.074+0000][1][safepoint    ] Application time: 0.0003042 seconds
[2019-12-09T03:06:35.074+0000][1][safepoint    ] Entering safepoint region: RevokeBias
[2019-12-09T03:06:35.074+0000][1][safepoint    ] Leaving safepoint region
[2019-12-09T03:06:35.074+0000][1][safepoint    ] Total time for which application threads were stopped: 0.0000668 seconds, Stopping threads took: 0.0000117 seconds
[2019-12-09T03:06:35.074+0000][1][safepoint    ] Application time: 0.0001999 seconds
[2019-12-09T03:06:35.074+0000][1][safepoint    ] Entering safepoint region: RevokeBias
[2019-12-09T03:06:35.074+0000][1][safepoint    ] Leaving safepoint region
[2019-12-09T03:06:35.074+0000][1][safepoint    ] Total time for which application threads were stopped: 0.0000656 seconds, Stopping threads took: 0.0000100 seconds
[2019-12-09T03:06:35.074+0000][1][safepoint    ] Application time: 0.0000601 seconds
[2019-12-09T03:06:35.074+0000][1][safepoint    ] Entering safepoint region: RevokeBias
[2019-12-09T03:06:35.074+0000][1][safepoint    ] Leaving safepoint region
[2019-12-09T03:06:35.074+0000][1][safepoint    ] Total time for which application threads were stopped: 0.0000518 seconds, Stopping threads took: 0.0000089 seconds
[2019-12-09T03:06:35.074+0000][1][safepoint    ] Application time: 0.0001070 seconds
[2019-12-09T03:06:35.074+0000][1][safepoint    ] Entering safepoint region: RevokeBias
[2019-12-09T03:06:35.075+0000][1][safepoint    ] Leaving safepoint region
[2019-12-09T03:06:35.075+0000][1][safepoint    ] Total time for which application threads were stopped: 0.0000485 seconds, Stopping threads took: 0.0000086 seconds
[2019-12-09T03:06:35.075+0000][1][safepoint    ] Application time: 0.0005836 seconds
[2019-12-09T03:06:35.075+0000][1][safepoint    ] Entering safepoint region: RevokeBias
[2019-12-09T03:06:35.075+0000][1][safepoint    ] Leaving safepoint region
[2019-12-09T03:06:35.075+0000][1][safepoint    ] Total time for which application threads were stopped: 0.0000665 seconds, Stopping threads took: 0.0000119 seconds
[2019-12-09T03:06:35.076+0000][1][safepoint    ] Application time: 0.0011690 seconds
[2019-12-09T03:06:35.076+0000][1][safepoint    ] Entering safepoint region: RevokeBias
[2019-12-09T03:06:35.076+0000][1][safepoint    ] Leaving safepoint region
[2019-12-09T03:06:35.076+0000][1][safepoint    ] Total time for which application threads were stopped: 0.0000656 seconds, Stopping threads took: 0.0000114 seconds
[2019-12-09T03:06:35.077+0000][1][safepoint    ] Application time: 0.0000960 seconds
[2019-12-09T03:06:35.077+0000][1][safepoint    ] Entering safepoint region: RevokeBias
[2019-12-09T03:06:35.077+0000][1][safepoint    ] Leaving safepoint region
[2019-12-09T03:06:35.077+0000][1][safepoint    ] Total time for which application threads were stopped: 0.0000502 seconds, Stopping threads took: 0.0000088 seconds
[2019-12-09T03:06:35.078+0000][1][safepoint    ] Application time: 0.0017188 seconds
[2019-12-09T03:06:35.078+0000][1][safepoint    ] Entering safepoint region: RevokeBias
[2019-12-09T03:06:35.078+0000][1][safepoint    ] Leaving safepoint region
[2019-12-09T03:06:35.078+0000][1][safepoint    ] Total time for which application threads were stopped: 0.0000764 seconds, Stopping threads took: 0.0000115 seconds
[2019-12-09T03:06:35.116+0000][1][safepoint    ] Application time: 0.0372626 seconds
[2019-12-09T03:06:35.116+0000][1][safepoint    ] Entering safepoint region: Deoptimize
[2019-12-09T03:06:35.116+0000][1][safepoint    ] Leaving safepoint region
[2019-12-09T03:06:35.116+0000][1][safepoint    ] Total time for which application threads were stopped: 0.0006688 seconds, Stopping threads took: 0.0000142 seconds
[2019-12-09T03:06:35.117+0000][1][safepoint    ] Application time: 0.0003668 seconds
[2019-12-09T03:06:35.117+0000][1][safepoint    ] Entering safepoint region: RevokeBias
[2019-12-09T03:06:35.117+0000][1][safepoint    ] Leaving safepoint region
[2019-12-09T03:06:35.117+0000][1][safepoint    ] Total time for which application threads were stopped: 0.0000824 seconds, Stopping threads took: 0.0000127 seconds
[2019-12-09T03:06:35.118+0000][1][safepoint    ] Application time: 0.0005981 seconds
[2019-12-09T03:06:35.118+0000][1][safepoint    ] Entering safepoint region: RevokeBias
[2019-12-09T03:06:35.118+0000][1][safepoint    ] Leaving safepoint region
[2019-12-09T03:06:35.118+0000][1][safepoint    ] Total time for which application threads were stopped: 0.0000828 seconds, Stopping threads took: 0.0000119 seconds
[2019-12-09T03:06:35.132+0000][1][safepoint    ] Application time: 0.0138943 seconds
[2019-12-09T03:06:35.132+0000][1][safepoint    ] Entering safepoint region: RevokeBias
[2019-12-09T03:06:35.132+0000][1][safepoint    ] Leaving safepoint region
[2019-12-09T03:06:35.132+0000][1][safepoint    ] Total time for which application threads were stopped: 0.0000834 seconds, Stopping threads took: 0.0000391 seconds
[2019-12-09T03:06:35.132+0000][1][safepoint    ] Application time: 0.0000747 seconds
[2019-12-09T03:06:35.132+0000][1][safepoint    ] Entering safepoint region: RevokeBias
[2019-12-09T03:06:35.132+0000][1][safepoint    ] Leaving safepoint region
[2019-12-09T03:06:35.132+0000][1][safepoint    ] Total time for which application threads were stopped: 0.0000389 seconds, Stopping threads took: 0.0000079 seconds
[2019-12-09T03:06:35.132+0000][1][safepoint    ] Application time: 0.0000529 seconds
[2019-12-09T03:06:35.132+0000][1][safepoint    ] Entering safepoint region: RevokeBias
[2019-12-09T03:06:35.132+0000][1][safepoint    ] Leaving safepoint region
[2019-12-09T03:06:35.132+0000][1][safepoint    ] Total time for which application threads were stopped: 0.0000318 seconds, Stopping threads took: 0.0000069 seconds
[2019-12-09T03:06:35.132+0000][1][safepoint    ] Application time: 0.0000481 seconds
[2019-12-09T03:06:35.132+0000][1][safepoint    ] Entering safepoint region: RevokeBias
[2019-12-09T03:06:35.132+0000][1][safepoint    ] Leaving safepoint region
[2019-12-09T03:06:35.132+0000][1][safepoint    ] Total time for which application threads were stopped: 0.0000309 seconds, Stopping threads took: 0.0000071 seconds
[2019-12-09T03:06:35.132+0000][1][safepoint    ] Application time: 0.0000503 seconds
[2019-12-09T03:06:35.132+0000][1][safepoint    ] Entering safepoint region: RevokeBias
[2019-12-09T03:06:35.132+0000][1][safepoint    ] Leaving safepoint region
[2019-12-09T03:06:35.132+0000][1][safepoint    ] Total time for which application threads were stopped: 0.0000314 seconds, Stopping threads took: 0.0000073 seconds
[2019-12-09T03:06:35.154+0000][1][safepoint    ] Application time: 0.0217383 seconds
[2019-12-09T03:06:35.220+0000][1][safepoint    ] Entering safepoint region: RevokeBias
[2019-12-09T03:06:35.220+0000][1][safepoint    ] Leaving safepoint region
[2019-12-09T03:06:35.220+0000][1][safepoint    ] Total time for which application threads were stopped: 0.0661282 seconds, Stopping threads took: 0.0660048 seconds
[2019-12-09T03:06:35.220+0000][1][safepoint    ] Application time: 0.0002432 seconds
[2019-12-09T03:06:35.220+0000][1][safepoint    ] Entering safepoint region: RevokeBias
[2019-12-09T03:06:35.220+0000][1][safepoint    ] Leaving safepoint region
[2019-12-09T03:06:35.220+0000][1][safepoint    ] Total time for which application threads were stopped: 0.0001136 seconds, Stopping threads took: 0.0000118 seconds
[2019-12-09T03:06:35.437+0000][1][safepoint    ] Application time: 0.2171253 seconds
[2019-12-09T03:06:35.438+0000][1][safepoint    ] Entering safepoint region: RevokeBias
[2019-12-09T03:06:35.438+0000][1][safepoint    ] Leaving safepoint region
[2019-12-09T03:06:35.438+0000][1][safepoint    ] Total time for which application threads were stopped: 0.0001524 seconds, Stopping threads took: 0.0000741 seconds
[2019-12-09T03:06:35.469+0000][1][safepoint    ] Application time: 0.0312259 seconds
[2019-12-09T03:06:35.469+0000][1][safepoint    ] Entering safepoint region: RevokeBias
[2019-12-09T03:06:35.469+0000][1][safepoint    ] Leaving safepoint region
[2019-12-09T03:06:35.469+0000][1][safepoint    ] Total time for which application threads were stopped: 0.0002824 seconds, Stopping threads took: 0.0001764 seconds
[2019-12-09T03:06:35.484+0000][1][safepoint    ] Application time: 0.0145471 seconds
[2019-12-09T03:06:35.529+0000][1][safepoint    ] Entering safepoint region: RevokeBias
[2019-12-09T03:06:35.529+0000][1][safepoint    ] Leaving safepoint region
[2019-12-09T03:06:35.529+0000][1][safepoint    ] Total time for which application threads were stopped: 0.0452262 seconds, Stopping threads took: 0.0450944 seconds
[2019-12-09T03:06:35.533+0000][1][safepoint    ] Application time: 0.0038765 seconds
[2019-12-09T03:06:35.548+0000][1][safepoint    ] Entering safepoint region: BulkRevokeBias
[2019-12-09T03:06:35.548+0000][1][safepoint    ] Leaving safepoint region
[2019-12-09T03:06:35.548+0000][1][safepoint    ] Total time for which application threads were stopped: 0.0151798 seconds, Stopping threads took: 0.0149846 seconds
[2019-12-09T03:06:35.559+0000][1][safepoint    ] Application time: 0.0112991 seconds
[2019-12-09T03:06:35.568+0000][1][safepoint    ] Entering safepoint region: RevokeBias
[2019-12-09T03:06:35.568+0000][1][safepoint    ] Leaving safepoint region
[2019-12-09T03:06:35.568+0000][1][safepoint    ] Total time for which application threads were stopped: 0.0084106 seconds, Stopping threads took: 0.0083537 seconds
[2019-12-09T03:06:35.568+0000][1][safepoint    ] Application time: 0.0001405 seconds
[2019-12-09T03:06:35.568+0000][1][safepoint    ] Entering safepoint region: RevokeBias
[2019-12-09T03:06:35.568+0000][1][safepoint    ] Leaving safepoint region
[2019-12-09T03:06:35.568+0000][1][safepoint    ] Total time for which application threads were stopped: 0.0000466 seconds, Stopping threads took: 0.0000106 seconds
[2019-12-09T03:06:35.568+0000][1][safepoint    ] Application time: 0.0000737 seconds
[2019-12-09T03:06:35.568+0000][1][safepoint    ] Entering safepoint region: RevokeBias
[2019-12-09T03:06:35.568+0000][1][safepoint    ] Leaving safepoint region
[2019-12-09T03:06:35.568+0000][1][safepoint    ] Total time for which application threads were stopped: 0.0000334 seconds, Stopping threads took: 0.0000081 seconds
[2019-12-09T03:06:35.569+0000][1][safepoint    ] Application time: 0.0010829 seconds
[2019-12-09T03:06:35.569+0000][1][safepoint    ] Entering safepoint region: RevokeBias
[2019-12-09T03:06:35.569+0000][1][safepoint    ] Leaving safepoint region
[2019-12-09T03:06:35.569+0000][1][safepoint    ] Total time for which application threads were stopped: 0.0000765 seconds, Stopping threads took: 0.0000115 seconds
[2019-12-09T03:06:35.569+0000][1][safepoint    ] Application time: 0.0000632 seconds
[2019-12-09T03:06:35.569+0000][1][safepoint    ] Entering safepoint region: RevokeBias
[2019-12-09T03:06:35.569+0000][1][safepoint    ] Leaving safepoint region
[2019-12-09T03:06:35.569+0000][1][safepoint    ] Total time for which application threads were stopped: 0.0000589 seconds, Stopping threads took: 0.0000089 seconds
[2019-12-09T03:06:35.570+0000][1][safepoint    ] Application time: 0.0002784 seconds
[2019-12-09T03:06:35.570+0000][1][safepoint    ] Entering safepoint region: RevokeBias
[2019-12-09T03:06:35.570+0000][1][safepoint    ] Leaving safepoint region
[2019-12-09T03:06:35.570+0000][1][safepoint    ] Total time for which application threads were stopped: 0.0000710 seconds, Stopping threads took: 0.0000107 seconds
[2019-12-09T03:06:35.570+0000][1][safepoint    ] Application time: 0.0000612 seconds
[2019-12-09T03:06:35.570+0000][1][safepoint    ] Entering safepoint region: RevokeBias
[2019-12-09T03:06:35.570+0000][1][safepoint    ] Leaving safepoint region
[2019-12-09T03:06:35.570+0000][1][safepoint    ] Total time for which application threads were stopped: 0.0000533 seconds, Stopping threads took: 0.0000086 seconds
[2019-12-09T03:06:35.654+0000][1][safepoint    ] Application time: 0.0839522 seconds
[2019-12-09T03:06:35.674+0000][1][safepoint    ] Entering safepoint region: RevokeBias
[2019-12-09T03:06:35.674+0000][1][safepoint    ] Leaving safepoint region
[2019-12-09T03:06:35.674+0000][1][safepoint    ] Total time for which application threads were stopped: 0.0202944 seconds, Stopping threads took: 0.0201969 seconds
[2019-12-09T03:06:35.675+0000][1][safepoint    ] Application time: 0.0002210 seconds
[2019-12-09T03:06:35.675+0000][1][safepoint    ] Entering safepoint region: RevokeBias
[2019-12-09T03:06:35.675+0000][1][safepoint    ] Leaving safepoint region
[2019-12-09T03:06:35.675+0000][1][safepoint    ] Total time for which application threads were stopped: 0.0000979 seconds, Stopping threads took: 0.0000134 seconds
[2019-12-09T03:06:35.678+0000][1][safepoint    ] Application time: 0.0031150 seconds
[2019-12-09T03:06:35.681+0000][1][safepoint    ] Entering safepoint region: RevokeBias
[2019-12-09T03:06:35.681+0000][1][safepoint    ] Leaving safepoint region
[2019-12-09T03:06:35.681+0000][1][safepoint    ] Total time for which application threads were stopped: 0.0031053 seconds, Stopping threads took: 0.0030352 seconds
[2019-12-09T03:06:35.681+0000][1][safepoint    ] Application time: 0.0002972 seconds
[2019-12-09T03:06:35.681+0000][1][safepoint    ] Entering safepoint region: RevokeBias
[2019-12-09T03:06:35.681+0000][1][safepoint    ] Leaving safepoint region
[2019-12-09T03:06:35.681+0000][1][safepoint    ] Total time for which application threads were stopped: 0.0000647 seconds, Stopping threads took: 0.0000111 seconds
[2019-12-09T03:06:35.681+0000][1][safepoint    ] Application time: 0.0000620 seconds
[2019-12-09T03:06:35.681+0000][1][safepoint    ] Entering safepoint region: RevokeBias
[2019-12-09T03:06:35.681+0000][1][safepoint    ] Leaving safepoint region
[2019-12-09T03:06:35.681+0000][1][safepoint    ] Total time for which application threads were stopped: 0.0000501 seconds, Stopping threads took: 0.0000085 seconds
[2019-12-09T03:06:35.694+0000][1][safepoint    ] Application time: 0.0123292 seconds
[2019-12-09T03:06:35.719+0000][1][safepoint    ] Entering safepoint region: RevokeBias
[2019-12-09T03:06:35.719+0000][1][safepoint    ] Leaving safepoint region
[2019-12-09T03:06:35.719+0000][1][safepoint    ] Total time for which application threads were stopped: 0.0250662 seconds, Stopping threads took: 0.0250119 seconds
[2019-12-09T03:06:35.728+0000][1][safepoint    ] Application time: 0.0093743 seconds
[2019-12-09T03:06:35.728+0000][1][safepoint    ] Entering safepoint region: RevokeBias
[2019-12-09T03:06:35.728+0000][1][safepoint    ] Leaving safepoint region
[2019-12-09T03:06:35.728+0000][1][safepoint    ] Total time for which application threads were stopped: 0.0001019 seconds, Stopping threads took: 0.0000527 seconds
[2019-12-09T03:06:35.729+0000][1][safepoint    ] Application time: 0.0004136 seconds
[2019-12-09T03:06:35.729+0000][1][safepoint    ] Entering safepoint region: RevokeBias
[2019-12-09T03:06:35.729+0000][1][safepoint    ] Leaving safepoint region
[2019-12-09T03:06:35.729+0000][1][safepoint    ] Total time for which application threads were stopped: 0.0000957 seconds, Stopping threads took: 0.0000492 seconds
[2019-12-09T03:06:35.729+0000][1][safepoint    ] Application time: 0.0005306 seconds
[2019-12-09T03:06:35.729+0000][1][safepoint    ] Entering safepoint region: RevokeBias
[2019-12-09T03:06:35.730+0000][1][safepoint    ] Leaving safepoint region
[2019-12-09T03:06:35.730+0000][1][safepoint    ] Total time for which application threads were stopped: 0.0000905 seconds, Stopping threads took: 0.0000496 seconds
[2019-12-09T03:06:35.733+0000][1][safepoint    ] Application time: 0.0033797 seconds
[2019-12-09T03:06:35.750+0000][1][safepoint    ] Entering safepoint region: RevokeBias
[2019-12-09T03:06:35.750+0000][1][safepoint    ] Leaving safepoint region
[2019-12-09T03:06:35.750+0000][1][safepoint    ] Total time for which application threads were stopped: 0.0168862 seconds, Stopping threads took: 0.0168210 seconds
[2019-12-09T03:06:35.752+0000][1][safepoint    ] Application time: 0.0024271 seconds
[2019-12-09T03:06:35.752+0000][1][safepoint    ] Entering safepoint region: RevokeBias
[2019-12-09T03:06:35.752+0000][1][safepoint    ] Leaving safepoint region
[2019-12-09T03:06:35.752+0000][1][safepoint    ] Total time for which application threads were stopped: 0.0001167 seconds, Stopping threads took: 0.0000123 seconds
[2019-12-09T03:06:35.752+0000][1][safepoint    ] Application time: 0.0000845 seconds
[2019-12-09T03:06:35.752+0000][1][safepoint    ] Entering safepoint region: RevokeBias
[2019-12-09T03:06:35.753+0000][1][safepoint    ] Leaving safepoint region
[2019-12-09T03:06:35.753+0000][1][safepoint    ] Total time for which application threads were stopped: 0.0000458 seconds, Stopping threads took: 0.0000083 seconds
[2019-12-09T03:06:35.753+0000][1][safepoint    ] Application time: 0.0006643 seconds
[2019-12-09T03:06:35.753+0000][1][safepoint    ] Entering safepoint region: RevokeBias
[2019-12-09T03:06:35.753+0000][1][safepoint    ] Leaving safepoint region
[2019-12-09T03:06:35.753+0000][1][safepoint    ] Total time for which application threads were stopped: 0.0000849 seconds, Stopping threads took: 0.0000118 seconds
[2019-12-09T03:06:35.754+0000][1][safepoint    ] Application time: 0.0007900 seconds
[2019-12-09T03:06:35.762+0000][1][safepoint    ] Entering safepoint region: RevokeBias
[2019-12-09T03:06:35.762+0000][1][safepoint    ] Leaving safepoint region
[2019-12-09T03:06:35.762+0000][1][safepoint    ] Total time for which application threads were stopped: 0.0076751 seconds, Stopping threads took: 0.0076162 seconds
[2019-12-09T03:06:35.762+0000][1][safepoint    ] Application time: 0.0000630 seconds
[2019-12-09T03:06:35.762+0000][1][safepoint    ] Entering safepoint region: RevokeBias
[2019-12-09T03:06:35.762+0000][1][safepoint    ] Leaving safepoint region
[2019-12-09T03:06:35.762+0000][1][safepoint    ] Total time for which application threads were stopped: 0.0000429 seconds, Stopping threads took: 0.0000082 seconds
[2019-12-09T03:06:35.767+0000][1][safepoint    ] Application time: 0.0047819 seconds
[2019-12-09T03:06:35.767+0000][1][safepoint    ] Entering safepoint region: RevokeBias
[2019-12-09T03:06:35.767+0000][1][safepoint    ] Leaving safepoint region
[2019-12-09T03:06:35.767+0000][1][safepoint    ] Total time for which application threads were stopped: 0.0000690 seconds, Stopping threads took: 0.0000132 seconds
[2019-12-09T03:06:35.768+0000][1][safepoint    ] Application time: 0.0011116 seconds
[2019-12-09T03:06:35.790+0000][1][safepoint    ] Entering safepoint region: RevokeBias
[2019-12-09T03:06:35.790+0000][1][safepoint    ] Leaving safepoint region
[2019-12-09T03:06:35.790+0000][1][safepoint    ] Total time for which application threads were stopped: 0.0219943 seconds, Stopping threads took: 0.0219134 seconds
[2019-12-09T03:06:35.852+0000][1][safepoint    ] Application time: 0.0623948 seconds
[2019-12-09T03:06:35.898+0000][1][safepoint    ] Entering safepoint region: RevokeBias
[2019-12-09T03:06:35.898+0000][1][safepoint    ] Leaving safepoint region
[2019-12-09T03:06:35.898+0000][1][safepoint    ] Total time for which application threads were stopped: 0.0455249 seconds, Stopping threads took: 0.0453993 seconds
[2019-12-09T03:06:35.898+0000][1][safepoint    ] Application time: 0.0004261 seconds
[2019-12-09T03:06:35.898+0000][1][safepoint    ] Entering safepoint region: RevokeBias
[2019-12-09T03:06:35.898+0000][1][safepoint    ] Leaving safepoint region
[2019-12-09T03:06:35.898+0000][1][safepoint    ] Total time for which application threads were stopped: 0.0000858 seconds, Stopping threads took: 0.0000138 seconds
[2019-12-09T03:06:35.899+0000][1][safepoint    ] Application time: 0.0001048 seconds
[2019-12-09T03:06:35.899+0000][1][safepoint    ] Entering safepoint region: RevokeBias
[2019-12-09T03:06:35.899+0000][1][safepoint    ] Leaving safepoint region
[2019-12-09T03:06:35.899+0000][1][safepoint    ] Total time for which application threads were stopped: 0.0000576 seconds, Stopping threads took: 0.0000100 seconds
[2019-12-09T03:06:35.903+0000][1][safepoint    ] Application time: 0.0041862 seconds
[2019-12-09T03:06:35.903+0000][1][safepoint    ] Entering safepoint region: RevokeBias
[2019-12-09T03:06:35.903+0000][1][safepoint    ] Leaving safepoint region
[2019-12-09T03:06:35.903+0000][1][safepoint    ] Total time for which application threads were stopped: 0.0001090 seconds, Stopping threads took: 0.0000419 seconds
[2019-12-09T03:06:35.903+0000][1][safepoint    ] Application time: 0.0000995 seconds
[2019-12-09T03:06:35.903+0000][1][safepoint    ] Entering safepoint region: RevokeBias
[2019-12-09T03:06:35.903+0000][1][safepoint    ] Leaving safepoint region
[2019-12-09T03:06:35.903+0000][1][safepoint    ] Total time for which application threads were stopped: 0.0000615 seconds, Stopping threads took: 0.0000086 seconds
[2019-12-09T03:06:35.905+0000][1][safepoint    ] Application time: 0.0015024 seconds
[2019-12-09T03:06:35.905+0000][1][safepoint    ] Entering safepoint region: RevokeBias
[2019-12-09T03:06:35.905+0000][1][safepoint    ] Leaving safepoint region
[2019-12-09T03:06:35.905+0000][1][safepoint    ] Total time for which application threads were stopped: 0.0001025 seconds, Stopping threads took: 0.0000168 seconds
[2019-12-09T03:06:35.905+0000][1][safepoint    ] Application time: 0.0003273 seconds
[2019-12-09T03:06:35.905+0000][1][safepoint    ] Entering safepoint region: RevokeBias
[2019-12-09T03:06:35.905+0000][1][safepoint    ] Leaving safepoint region
[2019-12-09T03:06:35.905+0000][1][safepoint    ] Total time for which application threads were stopped: 0.0000606 seconds, Stopping threads took: 0.0000104 seconds
[2019-12-09T03:06:35.905+0000][1][safepoint    ] Application time: 0.0002568 seconds
[2019-12-09T03:06:35.905+0000][1][safepoint    ] Entering safepoint region: RevokeBias
[2019-12-09T03:06:35.906+0000][1][safepoint    ] Leaving safepoint region
[2019-12-09T03:06:35.906+0000][1][safepoint    ] Total time for which application threads were stopped: 0.0000669 seconds, Stopping threads took: 0.0000117 seconds
[2019-12-09T03:06:35.906+0000][1][safepoint    ] Application time: 0.0005859 seconds
[2019-12-09T03:06:35.906+0000][1][safepoint    ] Entering safepoint region: RevokeBias
[2019-12-09T03:06:35.906+0000][1][safepoint    ] Leaving safepoint region
[2019-12-09T03:06:35.906+0000][1][safepoint    ] Total time for which application threads were stopped: 0.0001085 seconds, Stopping threads took: 0.0000124 seconds
[2019-12-09T03:06:35.906+0000][1][safepoint    ] Application time: 0.0000527 seconds
[2019-12-09T03:06:35.906+0000][1][safepoint    ] Entering safepoint region: RevokeBias
[2019-12-09T03:06:35.906+0000][1][safepoint    ] Leaving safepoint region
[2019-12-09T03:06:35.906+0000][1][safepoint    ] Total time for which application threads were stopped: 0.0000546 seconds, Stopping threads took: 0.0000094 seconds
[2019-12-09T03:06:35.920+0000][1][safepoint    ] Application time: 0.0134255 seconds
[2019-12-09T03:06:35.920+0000][1][safepoint    ] Entering safepoint region: RevokeBias
[2019-12-09T03:06:35.920+0000][1][safepoint    ] Leaving safepoint region
[2019-12-09T03:06:35.920+0000][1][safepoint    ] Total time for which application threads were stopped: 0.0000756 seconds, Stopping threads took: 0.0000129 seconds
[2019-12-09T03:06:35.920+0000][1][safepoint    ] Application time: 0.0001137 seconds
[2019-12-09T03:06:35.920+0000][1][safepoint    ] Entering safepoint region: RevokeBias
[2019-12-09T03:06:35.920+0000][1][safepoint    ] Leaving safepoint region
[2019-12-09T03:06:35.920+0000][1][safepoint    ] Total time for which application threads were stopped: 0.0000553 seconds, Stopping threads took: 0.0000093 seconds
[2019-12-09T03:06:35.921+0000][1][safepoint    ] Application time: 0.0004476 seconds
[2019-12-09T03:06:35.921+0000][1][safepoint    ] Entering safepoint region: RevokeBias
[2019-12-09T03:06:35.921+0000][1][safepoint    ] Leaving safepoint region
[2019-12-09T03:06:35.921+0000][1][safepoint    ] Total time for which application threads were stopped: 0.0000669 seconds, Stopping threads took: 0.0000118 seconds
[2019-12-09T03:06:35.921+0000][1][safepoint    ] Application time: 0.0000750 seconds
[2019-12-09T03:06:35.921+0000][1][safepoint    ] Entering safepoint region: RevokeBias
[2019-12-09T03:06:35.921+0000][1][safepoint    ] Leaving safepoint region
[2019-12-09T03:06:35.921+0000][1][safepoint    ] Total time for which application threads were stopped: 0.0000566 seconds, Stopping threads took: 0.0000099 seconds
[2019-12-09T03:06:35.921+0000][1][safepoint    ] Application time: 0.0001958 seconds
[2019-12-09T03:06:35.921+0000][1][safepoint    ] Entering safepoint region: RevokeBias
[2019-12-09T03:06:35.921+0000][1][safepoint    ] Leaving safepoint region
[2019-12-09T03:06:35.921+0000][1][safepoint    ] Total time for which application threads were stopped: 0.0000606 seconds, Stopping threads took: 0.0000107 seconds
[2019-12-09T03:06:35.924+0000][1][safepoint    ] Application time: 0.0032483 seconds
[2019-12-09T03:06:35.924+0000][1][safepoint    ] Entering safepoint region: RevokeBias
[2019-12-09T03:06:35.924+0000][1][safepoint    ] Leaving safepoint region
[2019-12-09T03:06:35.924+0000][1][safepoint    ] Total time for which application threads were stopped: 0.0000605 seconds, Stopping threads took: 0.0000128 seconds
[2019-12-09T03:06:35.925+0000][1][safepoint    ] Application time: 0.0009105 seconds
[2019-12-09T03:06:35.925+0000][1][safepoint    ] Entering safepoint region: RevokeBias
[2019-12-09T03:06:35.925+0000][1][safepoint    ] Leaving safepoint region
[2019-12-09T03:06:35.925+0000][1][safepoint    ] Total time for which application threads were stopped: 0.0000670 seconds, Stopping threads took: 0.0000124 seconds
[2019-12-09T03:06:35.926+0000][1][safepoint    ] Application time: 0.0000609 seconds
[2019-12-09T03:06:35.926+0000][1][safepoint    ] Entering safepoint region: RevokeBias
[2019-12-09T03:06:35.926+0000][1][safepoint    ] Leaving safepoint region
[2019-12-09T03:06:35.926+0000][1][safepoint    ] Total time for which application threads were stopped: 0.0000509 seconds, Stopping threads took: 0.0000097 seconds
[2019-12-09T03:06:35.927+0000][1][safepoint    ] Application time: 0.0014558 seconds
[2019-12-09T03:06:35.927+0000][1][safepoint    ] Entering safepoint region: RevokeBias
[2019-12-09T03:06:35.927+0000][1][safepoint    ] Leaving safepoint region
[2019-12-09T03:06:35.927+0000][1][safepoint    ] Total time for which application threads were stopped: 0.0000619 seconds, Stopping threads took: 0.0000124 seconds
[2019-12-09T03:06:35.927+0000][1][safepoint    ] Application time: 0.0002321 seconds
[2019-12-09T03:06:35.927+0000][1][safepoint    ] Entering safepoint region: RevokeBias
[2019-12-09T03:06:35.927+0000][1][safepoint    ] Leaving safepoint region
[2019-12-09T03:06:35.927+0000][1][safepoint    ] Total time for which application threads were stopped: 0.0000648 seconds, Stopping threads took: 0.0000107 seconds
[2019-12-09T03:06:35.954+0000][1][safepoint    ] Application time: 0.0264025 seconds
[2019-12-09T03:06:35.954+0000][1][safepoint    ] Entering safepoint region: RevokeBias
[2019-12-09T03:06:35.954+0000][1][safepoint    ] Leaving safepoint region
[2019-12-09T03:06:35.954+0000][1][safepoint    ] Total time for which application threads were stopped: 0.0000701 seconds, Stopping threads took: 0.0000129 seconds
[2019-12-09T03:06:35.954+0000][1][safepoint    ] Application time: 0.0003522 seconds
[2019-12-09T03:06:35.954+0000][1][safepoint    ] Entering safepoint region: RevokeBias
[2019-12-09T03:06:35.954+0000][1][safepoint    ] Leaving safepoint region
[2019-12-09T03:06:35.954+0000][1][safepoint    ] Total time for which application threads were stopped: 0.0000839 seconds, Stopping threads took: 0.0000121 seconds
[2019-12-09T03:06:35.983+0000][1][safepoint    ] Application time: 0.0283798 seconds
[2019-12-09T03:06:35.983+0000][1][safepoint    ] Entering safepoint region: RevokeBias
[2019-12-09T03:06:35.983+0000][1][safepoint    ] Leaving safepoint region
[2019-12-09T03:06:35.983+0000][1][safepoint    ] Total time for which application threads were stopped: 0.0001215 seconds, Stopping threads took: 0.0000447 seconds
[2019-12-09T03:06:36.004+0000][1][safepoint    ] Application time: 0.0210322 seconds
[2019-12-09T03:06:36.004+0000][1][safepoint    ] Entering safepoint region: RevokeBias
[2019-12-09T03:06:36.004+0000][1][safepoint    ] Leaving safepoint region
[2019-12-09T03:06:36.004+0000][1][safepoint    ] Total time for which application threads were stopped: 0.0001204 seconds, Stopping threads took: 0.0000166 seconds
[2019-12-09T03:06:36.005+0000][1][safepoint    ] Application time: 0.0006428 seconds
[2019-12-09T03:06:36.005+0000][1][safepoint    ] Entering safepoint region: RevokeBias
[2019-12-09T03:06:36.005+0000][1][safepoint    ] Leaving safepoint region
[2019-12-09T03:06:36.005+0000][1][safepoint    ] Total time for which application threads were stopped: 0.0000793 seconds, Stopping threads took: 0.0000162 seconds
[2019-12-09T03:06:36.005+0000][1][safepoint    ] Application time: 0.0000650 seconds
[2019-12-09T03:06:36.005+0000][1][safepoint    ] Entering safepoint region: RevokeBias
[2019-12-09T03:06:36.005+0000][1][safepoint    ] Leaving safepoint region
[2019-12-09T03:06:36.005+0000][1][safepoint    ] Total time for which application threads were stopped: 0.0000605 seconds, Stopping threads took: 0.0000097 seconds
[2019-12-09T03:06:36.006+0000][1][safepoint    ] Application time: 0.0004632 seconds
[2019-12-09T03:06:36.006+0000][1][safepoint    ] Entering safepoint region: RevokeBias
[2019-12-09T03:06:36.006+0000][1][safepoint    ] Leaving safepoint region
[2019-12-09T03:06:36.006+0000][1][safepoint    ] Total time for which application threads were stopped: 0.0000686 seconds, Stopping threads took: 0.0000120 seconds
[2019-12-09T03:06:36.017+0000][1][safepoint    ] Application time: 0.0112833 seconds
[2019-12-09T03:06:36.017+0000][1][safepoint    ] Entering safepoint region: RevokeBias
[2019-12-09T03:06:36.017+0000][1][safepoint    ] Leaving safepoint region
[2019-12-09T03:06:36.017+0000][1][safepoint    ] Total time for which application threads were stopped: 0.0000887 seconds, Stopping threads took: 0.0000166 seconds
[2019-12-09T03:06:36.020+0000][1][safepoint    ] Application time: 0.0033786 seconds
[2019-12-09T03:06:36.032+0000][1][safepoint    ] Entering safepoint region: RevokeBias
[2019-12-09T03:06:36.032+0000][1][safepoint    ] Leaving safepoint region
[2019-12-09T03:06:36.032+0000][1][safepoint    ] Total time for which application threads were stopped: 0.0113784 seconds, Stopping threads took: 0.0112907 seconds
[2019-12-09T03:06:36.033+0000][1][safepoint    ] Application time: 0.0010541 seconds
[2019-12-09T03:06:36.033+0000][1][safepoint    ] Entering safepoint region: RevokeBias
[2019-12-09T03:06:36.033+0000][1][safepoint    ] Leaving safepoint region
[2019-12-09T03:06:36.033+0000][1][safepoint    ] Total time for which application threads were stopped: 0.0000706 seconds, Stopping threads took: 0.0000132 seconds
[2019-12-09T03:06:36.044+0000][1][safepoint    ] Application time: 0.0107992 seconds
[2019-12-09T03:06:36.044+0000][1][safepoint    ] Entering safepoint region: RevokeBias
[2019-12-09T03:06:36.044+0000][1][safepoint    ] Leaving safepoint region
[2019-12-09T03:06:36.044+0000][1][safepoint    ] Total time for which application threads were stopped: 0.0001273 seconds, Stopping threads took: 0.0000784 seconds
[2019-12-09T03:06:36.086+0000][1][safepoint    ] Application time: 0.0417774 seconds
[2019-12-09T03:06:36.086+0000][1][safepoint    ] Entering safepoint region: RevokeBias
[2019-12-09T03:06:36.086+0000][1][safepoint    ] Leaving safepoint region
[2019-12-09T03:06:36.086+0000][1][safepoint    ] Total time for which application threads were stopped: 0.0000770 seconds, Stopping threads took: 0.0000158 seconds
[2019-12-09T03:06:36.112+0000][1][safepoint    ] Application time: 0.0257832 seconds
[2019-12-09T03:06:36.112+0000][1][safepoint    ] Entering safepoint region: BulkRevokeBias
[2019-12-09T03:06:36.112+0000][1][safepoint    ] Leaving safepoint region
[2019-12-09T03:06:36.112+0000][1][safepoint    ] Total time for which application threads were stopped: 0.0003943 seconds, Stopping threads took: 0.0000168 seconds
[2019-12-09T03:06:36.157+0000][1][safepoint    ] Application time: 0.0446876 seconds
[2019-12-09T03:06:36.185+0000][1][safepoint    ] Entering safepoint region: RevokeBias
[2019-12-09T03:06:36.185+0000][1][safepoint    ] Leaving safepoint region
[2019-12-09T03:06:36.185+0000][1][safepoint    ] Total time for which application threads were stopped: 0.0280939 seconds, Stopping threads took: 0.0280035 seconds
[2019-12-09T03:06:36.191+0000][1][safepoint    ] Application time: 0.0063787 seconds
[2019-12-09T03:06:36.249+0000][1][safepoint    ] Entering safepoint region: RevokeBias
[2019-12-09T03:06:36.249+0000][1][safepoint    ] Leaving safepoint region
[2019-12-09T03:06:36.249+0000][1][safepoint    ] Total time for which application threads were stopped: 0.0576203 seconds, Stopping threads took: 0.0574970 seconds
[2019-12-09T03:06:36.254+0000][1][safepoint    ] Application time: 0.0052657 seconds
[2019-12-09T03:06:36.254+0000][1][safepoint    ] Entering safepoint region: RevokeBias
[2019-12-09T03:06:36.254+0000][1][safepoint    ] Leaving safepoint region
[2019-12-09T03:06:36.254+0000][1][safepoint    ] Total time for which application threads were stopped: 0.0000871 seconds, Stopping threads took: 0.0000151 seconds
[2019-12-09T03:06:36.260+0000][1][safepoint    ] Application time: 0.0057363 seconds
[2019-12-09T03:06:36.362+0000][1][safepoint    ] Entering safepoint region: RevokeBias
[2019-12-09T03:06:36.362+0000][1][safepoint    ] Leaving safepoint region
[2019-12-09T03:06:36.362+0000][1][safepoint    ] Total time for which application threads were stopped: 0.1023964 seconds, Stopping threads took: 0.1023016 seconds
[2019-12-09T03:06:36.645+0000][1][safepoint    ] Application time: 0.2823845 seconds
[2019-12-09T03:06:36.693+0000][1][safepoint    ] Entering safepoint region: RevokeBias
[2019-12-09T03:06:36.693+0000][1][safepoint    ] Leaving safepoint region
[2019-12-09T03:06:36.693+0000][1][safepoint    ] Total time for which application threads were stopped: 0.0483113 seconds, Stopping threads took: 0.0482019 seconds
[2019-12-09T03:06:36.699+0000][1][safepoint    ] Application time: 0.0055173 seconds
[2019-12-09T03:06:36.710+0000][1][safepoint    ] Entering safepoint region: RevokeBias
[2019-12-09T03:06:36.710+0000][1][safepoint    ] Leaving safepoint region
[2019-12-09T03:06:36.710+0000][1][safepoint    ] Total time for which application threads were stopped: 0.0113528 seconds, Stopping threads took: 0.0112594 seconds
[2019-12-09T03:06:36.718+0000][1][safepoint    ] Application time: 0.0076076 seconds
[2019-12-09T03:06:36.735+0000][1][safepoint    ] Entering safepoint region: RevokeBias
[2019-12-09T03:06:36.735+0000][1][safepoint    ] Leaving safepoint region
[2019-12-09T03:06:36.735+0000][1][safepoint    ] Total time for which application threads were stopped: 0.0170657 seconds, Stopping threads took: 0.0169785 seconds
[2019-12-09T03:06:36.740+0000][1][safepoint    ] Application time: 0.0050897 seconds
[2019-12-09T03:06:36.743+0000][1][safepoint    ] Entering safepoint region: RevokeBias
[2019-12-09T03:06:36.743+0000][1][safepoint    ] Leaving safepoint region
[2019-12-09T03:06:36.743+0000][1][safepoint    ] Total time for which application threads were stopped: 0.0029519 seconds, Stopping threads took: 0.0028696 seconds
[2019-12-09T03:06:36.746+0000][1][safepoint    ] Application time: 0.0029380 seconds
[2019-12-09T03:06:36.753+0000][1][safepoint    ] Entering safepoint region: RevokeBias
[2019-12-09T03:06:36.753+0000][1][safepoint    ] Leaving safepoint region
[2019-12-09T03:06:36.753+0000][1][safepoint    ] Total time for which application threads were stopped: 0.0069665 seconds, Stopping threads took: 0.0069140 seconds
[2019-12-09T03:06:36.753+0000][1][safepoint    ] Application time: 0.0000692 seconds
[2019-12-09T03:06:36.753+0000][1][safepoint    ] Entering safepoint region: RevokeBias
[2019-12-09T03:06:36.753+0000][1][safepoint    ] Leaving safepoint region
[2019-12-09T03:06:36.753+0000][1][safepoint    ] Total time for which application threads were stopped: 0.0000436 seconds, Stopping threads took: 0.0000105 seconds
[2019-12-09T03:06:36.753+0000][1][safepoint    ] Application time: 0.0000542 seconds
[2019-12-09T03:06:36.753+0000][1][safepoint    ] Entering safepoint region: RevokeBias
[2019-12-09T03:06:36.753+0000][1][safepoint    ] Leaving safepoint region
[2019-12-09T03:06:36.753+0000][1][safepoint    ] Total time for which application threads were stopped: 0.0000407 seconds, Stopping threads took: 0.0000091 seconds
[2019-12-09T03:06:36.788+0000][1][safepoint    ] Application time: 0.0348298 seconds
[2019-12-09T03:06:36.788+0000][1][safepoint    ] Entering safepoint region: RevokeBias
[2019-12-09T03:06:36.788+0000][1][safepoint    ] Leaving safepoint region
[2019-12-09T03:06:36.788+0000][1][safepoint    ] Total time for which application threads were stopped: 0.0000920 seconds, Stopping threads took: 0.0000166 seconds
[2019-12-09T03:06:36.806+0000][1][safepoint    ] Application time: 0.0177610 seconds
[2019-12-09T03:06:36.806+0000][1][safepoint    ] Entering safepoint region: RevokeBias
[2019-12-09T03:06:36.806+0000][1][safepoint    ] Leaving safepoint region
[2019-12-09T03:06:36.806+0000][1][safepoint    ] Total time for which application threads were stopped: 0.0000774 seconds, Stopping threads took: 0.0000159 seconds
[2019-12-09T03:06:36.838+0000][1][safepoint    ] Application time: 0.0319867 seconds
[2019-12-09T03:06:36.838+0000][1][safepoint    ] Entering safepoint region: RevokeBias
[2019-12-09T03:06:36.838+0000][1][safepoint    ] Leaving safepoint region
[2019-12-09T03:06:36.838+0000][1][safepoint    ] Total time for which application threads were stopped: 0.0000644 seconds, Stopping threads took: 0.0000137 seconds
[2019-12-09T03:06:36.900+0000][1][safepoint    ] Application time: 0.0625190 seconds
[2019-12-09T03:06:36.901+0000][1][safepoint    ] Entering safepoint region: RevokeBias
[2019-12-09T03:06:36.901+0000][1][safepoint    ] Leaving safepoint region
[2019-12-09T03:06:36.901+0000][1][safepoint    ] Total time for which application threads were stopped: 0.0000743 seconds, Stopping threads took: 0.0000163 seconds
[2019-12-09T03:06:36.916+0000][1][safepoint    ] Application time: 0.0151110 seconds
[2019-12-09T03:06:36.916+0000][1][safepoint    ] Entering safepoint region: RevokeBias
[2019-12-09T03:06:36.916+0000][1][safepoint    ] Leaving safepoint region
[2019-12-09T03:06:36.916+0000][1][safepoint    ] Total time for which application threads were stopped: 0.0000745 seconds, Stopping threads took: 0.0000160 seconds
[2019-12-09T03:06:36.916+0000][1][safepoint    ] Application time: 0.0003874 seconds
[2019-12-09T03:06:36.916+0000][1][safepoint    ] Entering safepoint region: RevokeBias
[2019-12-09T03:06:36.916+0000][1][safepoint    ] Leaving safepoint region
[2019-12-09T03:06:36.916+0000][1][safepoint    ] Total time for which application threads were stopped: 0.0000653 seconds, Stopping threads took: 0.0000124 seconds
[2019-12-09T03:06:37.027+0000][1][safepoint    ] Application time: 0.1105595 seconds
[2019-12-09T03:06:37.027+0000][1][safepoint    ] Entering safepoint region: RevokeBias
[2019-12-09T03:06:37.027+0000][1][safepoint    ] Leaving safepoint region
[2019-12-09T03:06:37.027+0000][1][safepoint    ] Total time for which application threads were stopped: 0.0001067 seconds, Stopping threads took: 0.0000186 seconds
[2019-12-09T03:06:37.027+0000][1][safepoint    ] Application time: 0.0004278 seconds
[2019-12-09T03:06:37.027+0000][1][safepoint    ] Entering safepoint region: RevokeBias
[2019-12-09T03:06:37.027+0000][1][safepoint    ] Leaving safepoint region
[2019-12-09T03:06:37.028+0000][1][safepoint    ] Total time for which application threads were stopped: 0.0000683 seconds, Stopping threads took: 0.0000155 seconds
[2019-12-09T03:06:37.616+0000][1][safepoint    ] Application time: 0.5888388 seconds
[2019-12-09T03:06:37.616+0000][1][safepoint    ] Entering safepoint region: RevokeBias
[2019-12-09T03:06:37.617+0000][1][safepoint    ] Leaving safepoint region
[2019-12-09T03:06:37.617+0000][1][safepoint    ] Total time for which application threads were stopped: 0.0001775 seconds, Stopping threads took: 0.0001037 seconds
[2019-12-09T03:06:37.632+0000][1][safepoint    ] Application time: 0.0156916 seconds
[2019-12-09T03:06:37.632+0000][1][safepoint    ] Entering safepoint region: RevokeBias
[2019-12-09T03:06:37.632+0000][1][safepoint    ] Leaving safepoint region
[2019-12-09T03:06:37.632+0000][1][safepoint    ] Total time for which application threads were stopped: 0.0001284 seconds, Stopping threads took: 0.0000585 seconds
[2019-12-09T03:06:37.633+0000][1][safepoint    ] Application time: 0.0003910 seconds
[2019-12-09T03:06:37.633+0000][1][safepoint    ] Entering safepoint region: RevokeBias
[2019-12-09T03:06:37.633+0000][1][safepoint    ] Leaving safepoint region
[2019-12-09T03:06:37.633+0000][1][safepoint    ] Total time for which application threads were stopped: 0.0000843 seconds, Stopping threads took: 0.0000125 seconds
[2019-12-09T03:06:37.634+0000][1][safepoint    ] Application time: 0.0006345 seconds
[2019-12-09T03:06:37.634+0000][1][safepoint    ] Entering safepoint region: RevokeBias
[2019-12-09T03:06:37.634+0000][1][safepoint    ] Leaving safepoint region
[2019-12-09T03:06:37.634+0000][1][safepoint    ] Total time for which application threads were stopped: 0.0000803 seconds, Stopping threads took: 0.0000128 seconds
[2019-12-09T03:06:37.635+0000][1][safepoint    ] Application time: 0.0016112 seconds
[2019-12-09T03:06:37.635+0000][1][safepoint    ] Entering safepoint region: RevokeBias
[2019-12-09T03:06:37.635+0000][1][safepoint    ] Leaving safepoint region
[2019-12-09T03:06:37.635+0000][1][safepoint    ] Total time for which application threads were stopped: 0.0000575 seconds, Stopping threads took: 0.0000119 seconds
[2019-12-09T03:06:37.636+0000][1][safepoint    ] Application time: 0.0003784 seconds
[2019-12-09T03:06:37.636+0000][1][safepoint    ] Entering safepoint region: RevokeBias
[2019-12-09T03:06:37.636+0000][1][safepoint    ] Leaving safepoint region
[2019-12-09T03:06:37.636+0000][1][safepoint    ] Total time for which application threads were stopped: 0.0000570 seconds, Stopping threads took: 0.0000106 seconds
[2019-12-09T03:06:37.636+0000][1][safepoint    ] Application time: 0.0003098 seconds
[2019-12-09T03:06:37.636+0000][1][safepoint    ] Entering safepoint region: RevokeBias
[2019-12-09T03:06:37.636+0000][1][safepoint    ] Leaving safepoint region
[2019-12-09T03:06:37.636+0000][1][safepoint    ] Total time for which application threads were stopped: 0.0000492 seconds, Stopping threads took: 0.0000110 seconds
[2019-12-09T03:06:37.636+0000][1][safepoint    ] Application time: 0.0000635 seconds
[2019-12-09T03:06:37.636+0000][1][safepoint    ] Entering safepoint region: RevokeBias
[2019-12-09T03:06:37.636+0000][1][safepoint    ] Leaving safepoint region
[2019-12-09T03:06:37.636+0000][1][safepoint    ] Total time for which application threads were stopped: 0.0000428 seconds, Stopping threads took: 0.0000093 seconds
[2019-12-09T03:06:37.639+0000][1][safepoint    ] Application time: 0.0023920 seconds
[2019-12-09T03:06:37.639+0000][1][safepoint    ] Entering safepoint region: RevokeBias
[2019-12-09T03:06:37.639+0000][1][safepoint    ] Leaving safepoint region
[2019-12-09T03:06:37.639+0000][1][safepoint    ] Total time for which application threads were stopped: 0.0000924 seconds, Stopping threads took: 0.0000542 seconds
[2019-12-09T03:06:37.641+0000][1][safepoint    ] Application time: 0.0017686 seconds
[2019-12-09T03:06:37.641+0000][1][safepoint    ] Entering safepoint region: RevokeBias
[2019-12-09T03:06:37.641+0000][1][safepoint    ] Leaving safepoint region
[2019-12-09T03:06:37.641+0000][1][safepoint    ] Total time for which application threads were stopped: 0.0000766 seconds, Stopping threads took: 0.0000115 seconds
[2019-12-09T03:06:37.650+0000][1][safepoint    ] Application time: 0.0097408 seconds
[2019-12-09T03:06:37.650+0000][1][safepoint    ] Entering safepoint region: RevokeBias
[2019-12-09T03:06:37.651+0000][1][safepoint    ] Leaving safepoint region
[2019-12-09T03:06:37.651+0000][1][safepoint    ] Total time for which application threads were stopped: 0.0000553 seconds, Stopping threads took: 0.0000124 seconds
[2019-12-09T03:06:37.690+0000][1][safepoint    ] Application time: 0.0391627 seconds
[2019-12-09T03:06:37.690+0000][1][safepoint    ] Entering safepoint region: RevokeBias
[2019-12-09T03:06:37.690+0000][1][safepoint    ] Leaving safepoint region
[2019-12-09T03:06:37.690+0000][1][safepoint    ] Total time for which application threads were stopped: 0.0000760 seconds, Stopping threads took: 0.0000160 seconds
[2019-12-09T03:06:37.700+0000][1][safepoint    ] Application time: 0.0103635 seconds
[2019-12-09T03:06:37.700+0000][1][safepoint    ] Entering safepoint region: RevokeBias
[2019-12-09T03:06:37.700+0000][1][safepoint    ] Leaving safepoint region
[2019-12-09T03:06:37.700+0000][1][safepoint    ] Total time for which application threads were stopped: 0.0000689 seconds, Stopping threads took: 0.0000143 seconds
[2019-12-09T03:06:37.701+0000][1][safepoint    ] Application time: 0.0003175 seconds
[2019-12-09T03:06:37.701+0000][1][safepoint    ] Entering safepoint region: RevokeBias
[2019-12-09T03:06:37.701+0000][1][safepoint    ] Leaving safepoint region
[2019-12-09T03:06:37.701+0000][1][safepoint    ] Total time for which application threads were stopped: 0.0000554 seconds, Stopping threads took: 0.0000113 seconds
[2019-12-09T03:06:37.716+0000][1][safepoint    ] Application time: 0.0148496 seconds
[2019-12-09T03:06:37.716+0000][1][safepoint    ] Entering safepoint region: RevokeBias
[2019-12-09T03:06:37.716+0000][1][safepoint    ] Leaving safepoint region
[2019-12-09T03:06:37.716+0000][1][safepoint    ] Total time for which application threads were stopped: 0.0000620 seconds, Stopping threads took: 0.0000127 seconds
[2019-12-09T03:06:37.747+0000][1][safepoint    ] Application time: 0.0315134 seconds
[2019-12-09T03:06:37.747+0000][1][safepoint    ] Entering safepoint region: RevokeBias
[2019-12-09T03:06:37.747+0000][1][safepoint    ] Leaving safepoint region
[2019-12-09T03:06:37.747+0000][1][safepoint    ] Total time for which application threads were stopped: 0.0000619 seconds, Stopping threads took: 0.0000135 seconds
[2019-12-09T03:06:37.748+0000][1][safepoint    ] Application time: 0.0002909 seconds
[2019-12-09T03:06:37.748+0000][1][safepoint    ] Entering safepoint region: RevokeBias
[2019-12-09T03:06:37.748+0000][1][safepoint    ] Leaving safepoint region
[2019-12-09T03:06:37.748+0000][1][safepoint    ] Total time for which application threads were stopped: 0.0000582 seconds, Stopping threads took: 0.0000129 seconds
[2019-12-09T03:06:37.782+0000][1][safepoint    ] Application time: 0.0347384 seconds
[2019-12-09T03:06:37.782+0000][1][safepoint    ] Entering safepoint region: RevokeBias
[2019-12-09T03:06:37.782+0000][1][safepoint    ] Leaving safepoint region
[2019-12-09T03:06:37.782+0000][1][safepoint    ] Total time for which application threads were stopped: 0.0000769 seconds, Stopping threads took: 0.0000167 seconds
[2019-12-09T03:06:37.783+0000][1][safepoint    ] Application time: 0.0004487 seconds
[2019-12-09T03:06:37.783+0000][1][safepoint    ] Entering safepoint region: BulkRevokeBias
[2019-12-09T03:06:37.784+0000][1][safepoint    ] Leaving safepoint region
[2019-12-09T03:06:37.784+0000][1][safepoint    ] Total time for which application threads were stopped: 0.0006109 seconds, Stopping threads took: 0.0000123 seconds
[2019-12-09T03:06:38.653+0000][1][safepoint    ] Application time: 0.8697177 seconds
[2019-12-09T03:06:38.653+0000][1][safepoint    ] Entering safepoint region: RevokeBias
[2019-12-09T03:06:38.653+0000][1][safepoint    ] Leaving safepoint region
[2019-12-09T03:06:38.653+0000][1][safepoint    ] Total time for which application threads were stopped: 0.0001293 seconds, Stopping threads took: 0.0000481 seconds
[2019-12-09T03:06:38.664+0000][1][safepoint    ] Application time: 0.0101698 seconds
[2019-12-09T03:06:38.709+0000][1][safepoint    ] Entering safepoint region: RevokeBias
[2019-12-09T03:06:38.709+0000][1][safepoint    ] Leaving safepoint region
[2019-12-09T03:06:38.709+0000][1][safepoint    ] Total time for which application threads were stopped: 0.0455059 seconds, Stopping threads took: 0.0451221 seconds
[2019-12-09T03:06:38.710+0000][1][safepoint    ] Application time: 0.0012968 seconds
[2019-12-09T03:06:38.710+0000][1][safepoint    ] Entering safepoint region: RevokeBias
[2019-12-09T03:06:38.711+0000][1][safepoint    ] Leaving safepoint region
[2019-12-09T03:06:38.711+0000][1][safepoint    ] Total time for which application threads were stopped: 0.0000973 seconds, Stopping threads took: 0.0000143 seconds
[2019-12-09T03:06:38.712+0000][1][safepoint    ] Application time: 0.0016716 seconds
[2019-12-09T03:06:38.771+0000][1][safepoint    ] Entering safepoint region: RevokeBias
[2019-12-09T03:06:38.771+0000][1][safepoint    ] Leaving safepoint region
[2019-12-09T03:06:38.771+0000][1][safepoint    ] Total time for which application threads were stopped: 0.0591202 seconds, Stopping threads took: 0.0589915 seconds
[2019-12-09T03:06:38.797+0000][1][safepoint    ] Application time: 0.0253372 seconds
[2019-12-09T03:06:38.832+0000][1][safepoint    ] Entering safepoint region: RevokeBias
[2019-12-09T03:06:38.832+0000][1][safepoint    ] Leaving safepoint region
[2019-12-09T03:06:38.832+0000][1][safepoint    ] Total time for which application threads were stopped: 0.0351712 seconds, Stopping threads took: 0.0350780 seconds
[2019-12-09T03:06:38.835+0000][1][safepoint    ] Application time: 0.0030254 seconds
[2019-12-09T03:06:38.835+0000][1][safepoint    ] Entering safepoint region: RevokeBias
[2019-12-09T03:06:38.835+0000][1][safepoint    ] Leaving safepoint region
[2019-12-09T03:06:38.835+0000][1][safepoint    ] Total time for which application threads were stopped: 0.0001302 seconds, Stopping threads took: 0.0000586 seconds
[2019-12-09T03:06:38.837+0000][1][safepoint    ] Application time: 0.0021053 seconds
[2019-12-09T03:06:38.837+0000][1][safepoint    ] Entering safepoint region: RevokeBias
[2019-12-09T03:06:38.837+0000][1][safepoint    ] Leaving safepoint region
[2019-12-09T03:06:38.837+0000][1][safepoint    ] Total time for which application threads were stopped: 0.0000727 seconds, Stopping threads took: 0.0000127 seconds
[2019-12-09T03:06:38.838+0000][1][safepoint    ] Application time: 0.0006823 seconds
[2019-12-09T03:06:38.838+0000][1][safepoint    ] Entering safepoint region: RevokeBias
[2019-12-09T03:06:38.838+0000][1][safepoint    ] Leaving safepoint region
[2019-12-09T03:06:38.838+0000][1][safepoint    ] Total time for which application threads were stopped: 0.0000589 seconds, Stopping threads took: 0.0000111 seconds
[2019-12-09T03:06:38.840+0000][1][safepoint    ] Application time: 0.0016175 seconds
[2019-12-09T03:06:38.840+0000][1][safepoint    ] Entering safepoint region: RevokeBias
[2019-12-09T03:06:38.840+0000][1][safepoint    ] Leaving safepoint region
[2019-12-09T03:06:38.840+0000][1][safepoint    ] Total time for which application threads were stopped: 0.0001008 seconds, Stopping threads took: 0.0000620 seconds
[2019-12-09T03:06:38.840+0000][1][safepoint    ] Application time: 0.0003493 seconds
[2019-12-09T03:06:38.840+0000][1][safepoint    ] Entering safepoint region: RevokeBias
[2019-12-09T03:06:38.840+0000][1][safepoint    ] Leaving safepoint region
[2019-12-09T03:06:38.840+0000][1][safepoint    ] Total time for which application threads were stopped: 0.0000544 seconds, Stopping threads took: 0.0000122 seconds
[2019-12-09T03:06:38.841+0000][1][safepoint    ] Application time: 0.0002948 seconds
[2019-12-09T03:06:38.841+0000][1][safepoint    ] Entering safepoint region: RevokeBias
[2019-12-09T03:06:38.841+0000][1][safepoint    ] Leaving safepoint region
[2019-12-09T03:06:38.841+0000][1][safepoint    ] Total time for which application threads were stopped: 0.0000583 seconds, Stopping threads took: 0.0000117 seconds
[2019-12-09T03:06:38.862+0000][1][safepoint    ] Application time: 0.0214221 seconds
[2019-12-09T03:06:38.952+0000][1][safepoint    ] Entering safepoint region: RevokeBias
[2019-12-09T03:06:38.952+0000][1][safepoint    ] Leaving safepoint region
[2019-12-09T03:06:38.952+0000][1][safepoint    ] Total time for which application threads were stopped: 0.0900845 seconds, Stopping threads took: 0.0899789 seconds
[2019-12-09T03:06:38.953+0000][1][safepoint    ] Application time: 0.0004006 seconds
[2019-12-09T03:06:38.953+0000][1][safepoint    ] Entering safepoint region: RevokeBias
[2019-12-09T03:06:38.953+0000][1][safepoint    ] Leaving safepoint region
[2019-12-09T03:06:38.953+0000][1][safepoint    ] Total time for which application threads were stopped: 0.0001372 seconds, Stopping threads took: 0.0000134 seconds
[2019-12-09T03:06:38.953+0000][1][safepoint    ] Application time: 0.0004391 seconds
[2019-12-09T03:06:38.953+0000][1][safepoint    ] Entering safepoint region: RevokeBias
[2019-12-09T03:06:38.953+0000][1][safepoint    ] Leaving safepoint region
[2019-12-09T03:06:38.953+0000][1][safepoint    ] Total time for which application threads were stopped: 0.0001146 seconds, Stopping threads took: 0.0000118 seconds
[2019-12-09T03:06:38.954+0000][1][safepoint    ] Application time: 0.0004703 seconds
[2019-12-09T03:06:38.954+0000][1][safepoint    ] Entering safepoint region: RevokeBias
[2019-12-09T03:06:38.954+0000][1][safepoint    ] Leaving safepoint region
[2019-12-09T03:06:38.954+0000][1][safepoint    ] Total time for which application threads were stopped: 0.0001005 seconds, Stopping threads took: 0.0000127 seconds
[2019-12-09T03:06:38.955+0000][1][safepoint    ] Application time: 0.0011989 seconds
[2019-12-09T03:06:38.955+0000][1][safepoint    ] Entering safepoint region: RevokeBias
[2019-12-09T03:06:38.955+0000][1][safepoint    ] Leaving safepoint region
[2019-12-09T03:06:38.955+0000][1][safepoint    ] Total time for which application threads were stopped: 0.0000767 seconds, Stopping threads took: 0.0000120 seconds
[2019-12-09T03:06:38.955+0000][1][safepoint    ] Application time: 0.0002682 seconds
[2019-12-09T03:06:38.956+0000][1][safepoint    ] Entering safepoint region: RevokeBias
[2019-12-09T03:06:38.956+0000][1][safepoint    ] Leaving safepoint region
[2019-12-09T03:06:38.956+0000][1][safepoint    ] Total time for which application threads were stopped: 0.0000726 seconds, Stopping threads took: 0.0000108 seconds
[2019-12-09T03:06:38.956+0000][1][safepoint    ] Application time: 0.0002614 seconds
[2019-12-09T03:06:38.956+0000][1][safepoint    ] Entering safepoint region: RevokeBias
[2019-12-09T03:06:38.956+0000][1][safepoint    ] Leaving safepoint region
[2019-12-09T03:06:38.956+0000][1][safepoint    ] Total time for which application threads were stopped: 0.0000731 seconds, Stopping threads took: 0.0000108 seconds
[2019-12-09T03:06:38.957+0000][1][safepoint    ] Application time: 0.0011768 seconds
[2019-12-09T03:06:38.957+0000][1][safepoint    ] Entering safepoint region: RevokeBias
[2019-12-09T03:06:38.957+0000][1][safepoint    ] Leaving safepoint region
[2019-12-09T03:06:38.957+0000][1][safepoint    ] Total time for which application threads were stopped: 0.0000548 seconds, Stopping threads took: 0.0000125 seconds
[2019-12-09T03:06:38.958+0000][1][safepoint    ] Application time: 0.0003701 seconds
[2019-12-09T03:06:38.958+0000][1][safepoint    ] Entering safepoint region: RevokeBias
[2019-12-09T03:06:38.958+0000][1][safepoint    ] Leaving safepoint region
[2019-12-09T03:06:38.958+0000][1][safepoint    ] Total time for which application threads were stopped: 0.0000536 seconds, Stopping threads took: 0.0000115 seconds
[2019-12-09T03:06:38.959+0000][1][safepoint    ] Application time: 0.0011519 seconds
[2019-12-09T03:06:38.972+0000][1][safepoint    ] Entering safepoint region: RevokeBias
[2019-12-09T03:06:38.972+0000][1][safepoint    ] Leaving safepoint region
[2019-12-09T03:06:38.972+0000][1][safepoint    ] Total time for which application threads were stopped: 0.0133149 seconds, Stopping threads took: 0.0132475 seconds
[2019-12-09T03:06:38.972+0000][1][safepoint    ] Application time: 0.0002280 seconds
[2019-12-09T03:06:38.972+0000][1][safepoint    ] Entering safepoint region: RevokeBias
[2019-12-09T03:06:38.972+0000][1][safepoint    ] Leaving safepoint region
[2019-12-09T03:06:38.972+0000][1][safepoint    ] Total time for which application threads were stopped: 0.0000757 seconds, Stopping threads took: 0.0000107 seconds
[2019-12-09T03:06:38.973+0000][1][safepoint    ] Application time: 0.0001227 seconds
[2019-12-09T03:06:38.973+0000][1][safepoint    ] Entering safepoint region: RevokeBias
[2019-12-09T03:06:38.973+0000][1][safepoint    ] Leaving safepoint region
[2019-12-09T03:06:38.973+0000][1][safepoint    ] Total time for which application threads were stopped: 0.0000953 seconds, Stopping threads took: 0.0000106 seconds
[2019-12-09T03:06:38.973+0000][1][safepoint    ] Application time: 0.0001789 seconds
[2019-12-09T03:06:38.973+0000][1][safepoint    ] Entering safepoint region: RevokeBias
[2019-12-09T03:06:38.973+0000][1][safepoint    ] Leaving safepoint region
[2019-12-09T03:06:38.973+0000][1][safepoint    ] Total time for which application threads were stopped: 0.0000765 seconds, Stopping threads took: 0.0000106 seconds
[2019-12-09T03:06:38.976+0000][1][safepoint    ] Application time: 0.0027358 seconds
[2019-12-09T03:06:38.976+0000][1][safepoint    ] Entering safepoint region: RevokeBias
[2019-12-09T03:06:38.976+0000][1][safepoint    ] Leaving safepoint region
[2019-12-09T03:06:38.976+0000][1][safepoint    ] Total time for which application threads were stopped: 0.0000923 seconds, Stopping threads took: 0.0000119 seconds
[2019-12-09T03:06:38.976+0000][1][safepoint    ] Application time: 0.0003715 seconds
[2019-12-09T03:06:38.976+0000][1][safepoint    ] Entering safepoint region: RevokeBias
[2019-12-09T03:06:38.976+0000][1][safepoint    ] Leaving safepoint region
[2019-12-09T03:06:38.976+0000][1][safepoint    ] Total time for which application threads were stopped: 0.0000931 seconds, Stopping threads took: 0.0000115 seconds
[2019-12-09T03:06:38.977+0000][1][safepoint    ] Application time: 0.0005101 seconds
[2019-12-09T03:06:38.977+0000][1][safepoint    ] Entering safepoint region: RevokeBias
[2019-12-09T03:06:38.977+0000][1][safepoint    ] Leaving safepoint region
[2019-12-09T03:06:38.977+0000][1][safepoint    ] Total time for which application threads were stopped: 0.0000726 seconds, Stopping threads took: 0.0000128 seconds
[2019-12-09T03:06:38.977+0000][1][safepoint    ] Application time: 0.0001209 seconds
[2019-12-09T03:06:38.977+0000][1][safepoint    ] Entering safepoint region: RevokeBias
[2019-12-09T03:06:38.977+0000][1][safepoint    ] Leaving safepoint region
[2019-12-09T03:06:38.977+0000][1][safepoint    ] Total time for which application threads were stopped: 0.0000648 seconds, Stopping threads took: 0.0000106 seconds
[2019-12-09T03:06:38.977+0000][1][safepoint    ] Application time: 0.0001778 seconds
[2019-12-09T03:06:38.977+0000][1][safepoint    ] Entering safepoint region: RevokeBias
[2019-12-09T03:06:38.977+0000][1][safepoint    ] Leaving safepoint region
[2019-12-09T03:06:38.977+0000][1][safepoint    ] Total time for which application threads were stopped: 0.0000694 seconds, Stopping threads took: 0.0000105 seconds
[2019-12-09T03:06:38.978+0000][1][safepoint    ] Application time: 0.0001390 seconds
[2019-12-09T03:06:38.978+0000][1][safepoint    ] Entering safepoint region: RevokeBias
[2019-12-09T03:06:38.978+0000][1][safepoint    ] Leaving safepoint region
[2019-12-09T03:06:38.978+0000][1][safepoint    ] Total time for which application threads were stopped: 0.0000683 seconds, Stopping threads took: 0.0000105 seconds
[2019-12-09T03:06:38.978+0000][1][safepoint    ] Application time: 0.0001939 seconds
[2019-12-09T03:06:38.978+0000][1][safepoint    ] Entering safepoint region: RevokeBias
[2019-12-09T03:06:38.978+0000][1][safepoint    ] Leaving safepoint region
[2019-12-09T03:06:38.978+0000][1][safepoint    ] Total time for which application threads were stopped: 0.0000685 seconds, Stopping threads took: 0.0000109 seconds
[2019-12-09T03:06:38.978+0000][1][safepoint    ] Application time: 0.0002928 seconds
[2019-12-09T03:06:38.978+0000][1][safepoint    ] Entering safepoint region: BulkRevokeBias
[2019-12-09T03:06:38.979+0000][1][safepoint    ] Leaving safepoint region
[2019-12-09T03:06:38.979+0000][1][safepoint    ] Total time for which application threads were stopped: 0.0002723 seconds, Stopping threads took: 0.0000116 seconds
[2019-12-09T03:06:38.979+0000][1][safepoint    ] Application time: 0.0002743 seconds
[2019-12-09T03:06:38.979+0000][1][safepoint    ] Entering safepoint region: RevokeBias
[2019-12-09T03:06:38.979+0000][1][safepoint    ] Leaving safepoint region
[2019-12-09T03:06:38.979+0000][1][safepoint    ] Total time for which application threads were stopped: 0.0001094 seconds, Stopping threads took: 0.0000407 seconds
[2019-12-09T03:06:38.979+0000][1][safepoint    ] Application time: 0.0001858 seconds
[2019-12-09T03:06:38.979+0000][1][safepoint    ] Entering safepoint region: RevokeBias
[2019-12-09T03:06:38.979+0000][1][safepoint    ] Leaving safepoint region
[2019-12-09T03:06:38.979+0000][1][safepoint    ] Total time for which application threads were stopped: 0.0000813 seconds, Stopping threads took: 0.0000103 seconds
[2019-12-09T03:06:38.979+0000][1][safepoint    ] Application time: 0.0001144 seconds
[2019-12-09T03:06:38.979+0000][1][safepoint    ] Entering safepoint region: RevokeBias
[2019-12-09T03:06:38.979+0000][1][safepoint    ] Leaving safepoint region
[2019-12-09T03:06:38.979+0000][1][safepoint    ] Total time for which application threads were stopped: 0.0000648 seconds, Stopping threads took: 0.0000093 seconds
[2019-12-09T03:06:38.980+0000][1][safepoint    ] Application time: 0.0001565 seconds
[2019-12-09T03:06:38.980+0000][1][safepoint    ] Entering safepoint region: RevokeBias
[2019-12-09T03:06:38.980+0000][1][safepoint    ] Leaving safepoint region
[2019-12-09T03:06:38.980+0000][1][safepoint    ] Total time for which application threads were stopped: 0.0000715 seconds, Stopping threads took: 0.0000106 seconds
[2019-12-09T03:06:38.980+0000][1][safepoint    ] Application time: 0.0001040 seconds
[2019-12-09T03:06:38.980+0000][1][safepoint    ] Entering safepoint region: RevokeBias
[2019-12-09T03:06:38.980+0000][1][safepoint    ] Leaving safepoint region
[2019-12-09T03:06:38.980+0000][1][safepoint    ] Total time for which application threads were stopped: 0.0000919 seconds, Stopping threads took: 0.0000376 seconds
[2019-12-09T03:06:38.980+0000][1][safepoint    ] Application time: 0.0001693 seconds
[2019-12-09T03:06:38.980+0000][1][safepoint    ] Entering safepoint region: RevokeBias
[2019-12-09T03:06:38.980+0000][1][safepoint    ] Leaving safepoint region
[2019-12-09T03:06:38.980+0000][1][safepoint    ] Total time for which application threads were stopped: 0.0000682 seconds, Stopping threads took: 0.0000101 seconds
[2019-12-09T03:06:38.982+0000][1][safepoint    ] Application time: 0.0016734 seconds
[2019-12-09T03:06:38.982+0000][1][safepoint    ] Entering safepoint region: RevokeBias
[2019-12-09T03:06:38.982+0000][1][safepoint    ] Leaving safepoint region
[2019-12-09T03:06:38.982+0000][1][safepoint    ] Total time for which application threads were stopped: 0.0000658 seconds, Stopping threads took: 0.0000108 seconds
[2019-12-09T03:06:38.982+0000][1][safepoint    ] Application time: 0.0002361 seconds
[2019-12-09T03:06:38.982+0000][1][safepoint    ] Entering safepoint region: BulkRevokeBias
[2019-12-09T03:06:38.982+0000][1][safepoint    ] Leaving safepoint region
[2019-12-09T03:06:38.983+0000][1][safepoint    ] Total time for which application threads were stopped: 0.0003260 seconds, Stopping threads took: 0.0000106 seconds
[2019-12-09T03:06:39.130+0000][1][safepoint    ] Application time: 0.1472159 seconds
[2019-12-09T03:06:39.135+0000][1][safepoint    ] Entering safepoint region: RevokeBias
[2019-12-09T03:06:39.135+0000][1][safepoint    ] Leaving safepoint region
[2019-12-09T03:06:39.135+0000][1][safepoint    ] Total time for which application threads were stopped: 0.0050834 seconds, Stopping threads took: 0.0049951 seconds
[2019-12-09T03:06:39.153+0000][1][safepoint    ] Application time: 0.0181973 seconds
[2019-12-09T03:06:39.153+0000][1][safepoint    ] Entering safepoint region: RevokeBias
[2019-12-09T03:06:39.153+0000][1][safepoint    ] Leaving safepoint region
[2019-12-09T03:06:39.153+0000][1][safepoint    ] Total time for which application threads were stopped: 0.0000852 seconds, Stopping threads took: 0.0000166 seconds
[2019-12-09T03:06:39.164+0000][1][safepoint    ] Application time: 0.0109150 seconds
[2019-12-09T03:06:39.164+0000][1][safepoint    ] Entering safepoint region: RevokeBias
[2019-12-09T03:06:39.164+0000][1][safepoint    ] Leaving safepoint region
[2019-12-09T03:06:39.164+0000][1][safepoint    ] Total time for which application threads were stopped: 0.0000995 seconds, Stopping threads took: 0.0000410 seconds
[2019-12-09T03:06:39.165+0000][1][safepoint    ] Application time: 0.0003802 seconds
[2019-12-09T03:06:39.165+0000][1][safepoint    ] Entering safepoint region: RevokeBias
[2019-12-09T03:06:39.165+0000][1][safepoint    ] Leaving safepoint region
[2019-12-09T03:06:39.165+0000][1][safepoint    ] Total time for which application threads were stopped: 0.0000912 seconds, Stopping threads took: 0.0000116 seconds
[2019-12-09T03:06:39.271+0000][1][safepoint    ] Application time: 0.1058823 seconds
[2019-12-09T03:06:39.271+0000][1][safepoint    ] Entering safepoint region: RevokeBias
[2019-12-09T03:06:39.271+0000][1][safepoint    ] Leaving safepoint region
[2019-12-09T03:06:39.271+0000][1][safepoint    ] Total time for which application threads were stopped: 0.0001087 seconds, Stopping threads took: 0.0000178 seconds
[2019-12-09T03:06:39.291+0000][1][safepoint    ] Application time: 0.0199930 seconds
[2019-12-09T03:06:39.291+0000][1][safepoint    ] Entering safepoint region: RevokeBias
[2019-12-09T03:06:39.291+0000][1][safepoint    ] Leaving safepoint region
[2019-12-09T03:06:39.291+0000][1][safepoint    ] Total time for which application threads were stopped: 0.0003018 seconds, Stopping threads took: 0.0000175 seconds
[2019-12-09T03:06:39.489+0000][1][safepoint    ] Application time: 0.1976365 seconds
[2019-12-09T03:06:39.489+0000][1][safepoint    ] Entering safepoint region: RevokeBias
[2019-12-09T03:06:39.489+0000][1][safepoint    ] Leaving safepoint region
[2019-12-09T03:06:39.489+0000][1][safepoint    ] Total time for which application threads were stopped: 0.0001592 seconds, Stopping threads took: 0.0000598 seconds
[2019-12-09T03:06:39.490+0000][1][safepoint    ] Application time: 0.0009794 seconds
[2019-12-09T03:06:39.490+0000][1][safepoint    ] Entering safepoint region: RevokeBias
[2019-12-09T03:06:39.490+0000][1][safepoint    ] Leaving safepoint region
[2019-12-09T03:06:39.490+0000][1][safepoint    ] Total time for which application threads were stopped: 0.0000761 seconds, Stopping threads took: 0.0000133 seconds
[2019-12-09T03:06:39.632+0000][1][safepoint    ] Application time: 0.1422617 seconds
[2019-12-09T03:06:39.635+0000][1][safepoint    ] Entering safepoint region: RevokeBias
[2019-12-09T03:06:39.635+0000][1][safepoint    ] Leaving safepoint region
[2019-12-09T03:06:39.635+0000][1][safepoint    ] Total time for which application threads were stopped: 0.0025470 seconds, Stopping threads took: 0.0024618 seconds
[2019-12-09T03:06:39.675+0000][1][safepoint    ] Application time: 0.0398907 seconds
[2019-12-09T03:06:39.675+0000][1][safepoint    ] Entering safepoint region: RevokeBias
[2019-12-09T03:06:39.675+0000][1][safepoint    ] Leaving safepoint region
[2019-12-09T03:06:39.675+0000][1][safepoint    ] Total time for which application threads were stopped: 0.0001500 seconds, Stopping threads took: 0.0000870 seconds
[2019-12-09T03:06:39.676+0000][1][safepoint    ] Application time: 0.0011834 seconds
[2019-12-09T03:06:39.676+0000][1][safepoint    ] Entering safepoint region: RevokeBias
[2019-12-09T03:06:39.676+0000][1][safepoint    ] Leaving safepoint region
[2019-12-09T03:06:39.676+0000][1][safepoint    ] Total time for which application threads were stopped: 0.0000897 seconds, Stopping threads took: 0.0000172 seconds
[2019-12-09T03:06:39.678+0000][1][safepoint    ] Application time: 0.0016135 seconds
[2019-12-09T03:06:39.678+0000][1][safepoint    ] Entering safepoint region: RevokeBias
[2019-12-09T03:06:39.678+0000][1][safepoint    ] Leaving safepoint region
[2019-12-09T03:06:39.678+0000][1][safepoint    ] Total time for which application threads were stopped: 0.0000710 seconds, Stopping threads took: 0.0000120 seconds
[2019-12-09T03:06:39.678+0000][1][safepoint    ] Application time: 0.0002889 seconds
[2019-12-09T03:06:39.678+0000][1][safepoint    ] Entering safepoint region: RevokeBias
[2019-12-09T03:06:39.678+0000][1][safepoint    ] Leaving safepoint region
[2019-12-09T03:06:39.678+0000][1][safepoint    ] Total time for which application threads were stopped: 0.0000514 seconds, Stopping threads took: 0.0000108 seconds
[2019-12-09T03:06:39.678+0000][1][safepoint    ] Application time: 0.0000630 seconds
[2019-12-09T03:06:39.678+0000][1][safepoint    ] Entering safepoint region: RevokeBias
[2019-12-09T03:06:39.678+0000][1][safepoint    ] Leaving safepoint region
[2019-12-09T03:06:39.678+0000][1][safepoint    ] Total time for which application threads were stopped: 0.0000479 seconds, Stopping threads took: 0.0000093 seconds
[2019-12-09T03:06:39.678+0000][1][safepoint    ] Application time: 0.0000562 seconds
[2019-12-09T03:06:39.678+0000][1][safepoint    ] Entering safepoint region: RevokeBias
[2019-12-09T03:06:39.679+0000][1][safepoint    ] Leaving safepoint region
[2019-12-09T03:06:39.679+0000][1][safepoint    ] Total time for which application threads were stopped: 0.0000403 seconds, Stopping threads took: 0.0000091 seconds
[2019-12-09T03:06:39.717+0000][1][safepoint    ] Application time: 0.0383540 seconds
[2019-12-09T03:06:39.717+0000][1][safepoint    ] Entering safepoint region: RevokeBias
[2019-12-09T03:06:39.717+0000][1][safepoint    ] Leaving safepoint region
[2019-12-09T03:06:39.717+0000][1][safepoint    ] Total time for which application threads were stopped: 0.0000865 seconds, Stopping threads took: 0.0000175 seconds
[2019-12-09T03:06:39.734+0000][1][safepoint    ] Application time: 0.0165951 seconds
[2019-12-09T03:06:39.734+0000][1][safepoint    ] Entering safepoint region: RevokeBias
[2019-12-09T03:06:39.756+0000][1][safepoint    ] Leaving safepoint region
[2019-12-09T03:06:39.756+0000][1][safepoint    ] Total time for which application threads were stopped: 0.0221246 seconds, Stopping threads took: 0.0000159 seconds
[2019-12-09T03:06:39.975+0000][1][safepoint    ] Application time: 0.2195695 seconds
[2019-12-09T03:06:40.029+0000][1][safepoint    ] Entering safepoint region: RevokeBias
[2019-12-09T03:06:40.029+0000][1][safepoint    ] Leaving safepoint region
[2019-12-09T03:06:40.029+0000][1][safepoint    ] Total time for which application threads were stopped: 0.0535963 seconds, Stopping threads took: 0.0534708 seconds
[2019-12-09T03:06:40.033+0000][1][safepoint    ] Application time: 0.0042016 seconds
[2019-12-09T03:06:40.033+0000][1][safepoint    ] Entering safepoint region: RevokeBias
[2019-12-09T03:06:40.033+0000][1][safepoint    ] Leaving safepoint region
[2019-12-09T03:06:40.033+0000][1][safepoint    ] Total time for which application threads were stopped: 0.0001237 seconds, Stopping threads took: 0.0000165 seconds
[2019-12-09T03:06:40.034+0000][1][safepoint    ] Application time: 0.0004529 seconds
[2019-12-09T03:06:40.034+0000][1][safepoint    ] Entering safepoint region: RevokeBias
[2019-12-09T03:06:40.034+0000][1][safepoint    ] Leaving safepoint region
[2019-12-09T03:06:40.034+0000][1][safepoint    ] Total time for which application threads were stopped: 0.0000906 seconds, Stopping threads took: 0.0000124 seconds
[2019-12-09T03:06:40.034+0000][1][safepoint    ] Application time: 0.0004092 seconds
[2019-12-09T03:06:40.034+0000][1][safepoint    ] Entering safepoint region: RevokeBias
[2019-12-09T03:06:40.034+0000][1][safepoint    ] Leaving safepoint region
[2019-12-09T03:06:40.034+0000][1][safepoint    ] Total time for which application threads were stopped: 0.0000876 seconds, Stopping threads took: 0.0000113 seconds
[2019-12-09T03:06:40.035+0000][1][safepoint    ] Application time: 0.0008952 seconds
[2019-12-09T03:06:40.035+0000][1][safepoint    ] Entering safepoint region: RevokeBias
[2019-12-09T03:06:40.035+0000][1][safepoint    ] Leaving safepoint region
[2019-12-09T03:06:40.035+0000][1][safepoint    ] Total time for which application threads were stopped: 0.0000578 seconds, Stopping threads took: 0.0000113 seconds
[2019-12-09T03:06:40.038+0000][1][safepoint    ] Application time: 0.0021480 seconds
[2019-12-09T03:06:40.051+0000][1][safepoint    ] Entering safepoint region: RevokeBias
[2019-12-09T03:06:40.052+0000][1][safepoint    ] Leaving safepoint region
[2019-12-09T03:06:40.052+0000][1][safepoint    ] Total time for which application threads were stopped: 0.0140138 seconds, Stopping threads took: 0.0139160 seconds
[2019-12-09T03:06:40.052+0000][1][safepoint    ] Application time: 0.0003812 seconds
[2019-12-09T03:06:40.052+0000][1][safepoint    ] Entering safepoint region: RevokeBias
[2019-12-09T03:06:40.052+0000][1][safepoint    ] Leaving safepoint region
[2019-12-09T03:06:40.052+0000][1][safepoint    ] Total time for which application threads were stopped: 0.0001109 seconds, Stopping threads took: 0.0000131 seconds
[2019-12-09T03:06:40.054+0000][1][safepoint    ] Application time: 0.0018759 seconds
[2019-12-09T03:06:40.054+0000][1][safepoint    ] Entering safepoint region: RevokeBias
[2019-12-09T03:06:40.054+0000][1][safepoint    ] Leaving safepoint region
[2019-12-09T03:06:40.054+0000][1][safepoint    ] Total time for which application threads were stopped: 0.0000681 seconds, Stopping threads took: 0.0000135 seconds
[2019-12-09T03:06:40.055+0000][1][safepoint    ] Application time: 0.0009451 seconds
[2019-12-09T03:06:40.055+0000][1][safepoint    ] Entering safepoint region: RevokeBias
[2019-12-09T03:06:40.055+0000][1][safepoint    ] Leaving safepoint region
[2019-12-09T03:06:40.055+0000][1][safepoint    ] Total time for which application threads were stopped: 0.0000860 seconds, Stopping threads took: 0.0000136 seconds
[2019-12-09T03:06:40.056+0000][1][safepoint    ] Application time: 0.0009986 seconds
[2019-12-09T03:06:40.056+0000][1][safepoint    ] Entering safepoint region: RevokeBias
[2019-12-09T03:06:40.056+0000][1][safepoint    ] Leaving safepoint region
[2019-12-09T03:06:40.056+0000][1][safepoint    ] Total time for which application threads were stopped: 0.0003275 seconds, Stopping threads took: 0.0000120 seconds
[2019-12-09T03:06:40.057+0000][1][safepoint    ] Application time: 0.0006934 seconds
[2019-12-09T03:06:40.057+0000][1][safepoint    ] Entering safepoint region: BulkRevokeBias
[2019-12-09T03:06:40.058+0000][1][safepoint    ] Leaving safepoint region
[2019-12-09T03:06:40.058+0000][1][safepoint    ] Total time for which application threads were stopped: 0.0003415 seconds, Stopping threads took: 0.0000118 seconds
[2019-12-09T03:06:40.058+0000][1][safepoint    ] Application time: 0.0000893 seconds
[2019-12-09T03:06:40.058+0000][1][safepoint    ] Entering safepoint region: RevokeBias
[2019-12-09T03:06:40.058+0000][1][safepoint    ] Leaving safepoint region
[2019-12-09T03:06:40.058+0000][1][safepoint    ] Total time for which application threads were stopped: 0.0000721 seconds, Stopping threads took: 0.0000095 seconds
[2019-12-09T03:06:40.193+0000][1][safepoint    ] Application time: 0.1348232 seconds
[2019-12-09T03:06:40.193+0000][1][safepoint    ] Entering safepoint region: RevokeBias
[2019-12-09T03:06:40.193+0000][1][safepoint    ] Leaving safepoint region
[2019-12-09T03:06:40.193+0000][1][safepoint    ] Total time for which application threads were stopped: 0.0001162 seconds, Stopping threads took: 0.0000178 seconds
[2019-12-09T03:06:40.342+0000][1][safepoint    ] Application time: 0.1491167 seconds
[2019-12-09T03:06:40.342+0000][1][safepoint    ] Entering safepoint region: RevokeBias
[2019-12-09T03:06:40.342+0000][1][safepoint    ] Leaving safepoint region
[2019-12-09T03:06:40.342+0000][1][safepoint    ] Total time for which application threads were stopped: 0.0000976 seconds, Stopping threads took: 0.0000173 seconds
[2019-12-09T03:06:40.372+0000][1][safepoint    ] Application time: 0.0303335 seconds
[2019-12-09T03:06:40.372+0000][1][safepoint    ] Entering safepoint region: RevokeBias
[2019-12-09T03:06:40.372+0000][1][safepoint    ] Leaving safepoint region
[2019-12-09T03:06:40.372+0000][1][safepoint    ] Total time for which application threads were stopped: 0.0001422 seconds, Stopping threads took: 0.0000178 seconds
[2019-12-09T03:06:40.373+0000][1][safepoint    ] Application time: 0.0007386 seconds
[2019-12-09T03:06:40.373+0000][1][safepoint    ] Entering safepoint region: RevokeBias
[2019-12-09T03:06:40.373+0000][1][safepoint    ] Leaving safepoint region
[2019-12-09T03:06:40.373+0000][1][safepoint    ] Total time for which application threads were stopped: 0.0000739 seconds, Stopping threads took: 0.0000128 seconds
[2019-12-09T03:06:40.373+0000][1][safepoint    ] Application time: 0.0000646 seconds
[2019-12-09T03:06:40.373+0000][1][safepoint    ] Entering safepoint region: RevokeBias
[2019-12-09T03:06:40.373+0000][1][safepoint    ] Leaving safepoint region
[2019-12-09T03:06:40.373+0000][1][safepoint    ] Total time for which application threads were stopped: 0.0000480 seconds, Stopping threads took: 0.0000078 seconds
[2019-12-09T03:06:40.374+0000][1][safepoint    ] Application time: 0.0009668 seconds
[2019-12-09T03:06:40.374+0000][1][safepoint    ] Entering safepoint region: RevokeBias
[2019-12-09T03:06:40.375+0000][1][safepoint    ] Leaving safepoint region
[2019-12-09T03:06:40.375+0000][1][safepoint    ] Total time for which application threads were stopped: 0.0000794 seconds, Stopping threads took: 0.0000136 seconds
[2019-12-09T03:06:40.389+0000][1][safepoint    ] Application time: 0.0143385 seconds
[2019-12-09T03:06:40.389+0000][1][safepoint    ] Entering safepoint region: RevokeBias
[2019-12-09T03:06:40.389+0000][1][safepoint    ] Leaving safepoint region
[2019-12-09T03:06:40.389+0000][1][safepoint    ] Total time for which application threads were stopped: 0.0000759 seconds, Stopping threads took: 0.0000134 seconds
[2019-12-09T03:06:40.389+0000][1][safepoint    ] Application time: 0.0002492 seconds
[2019-12-09T03:06:40.389+0000][1][safepoint    ] Entering safepoint region: RevokeBias
[2019-12-09T03:06:40.389+0000][1][safepoint    ] Leaving safepoint region
[2019-12-09T03:06:40.389+0000][1][safepoint    ] Total time for which application threads were stopped: 0.0000670 seconds, Stopping threads took: 0.0000123 seconds
[2019-12-09T03:06:40.980+0000][1][safepoint    ] Application time: 0.5905744 seconds
[2019-12-09T03:06:40.980+0000][1][safepoint    ] Entering safepoint region: RevokeBias
[2019-12-09T03:06:40.980+0000][1][safepoint    ] Leaving safepoint region
[2019-12-09T03:06:40.980+0000][1][safepoint    ] Total time for which application threads were stopped: 0.0000900 seconds, Stopping threads took: 0.0000182 seconds
[2019-12-09T03:06:40.980+0000][1][safepoint    ] Application time: 0.0000642 seconds
[2019-12-09T03:06:40.980+0000][1][safepoint    ] Entering safepoint region: RevokeBias
[2019-12-09T03:06:40.980+0000][1][safepoint    ] Leaving safepoint region
[2019-12-09T03:06:40.980+0000][1][safepoint    ] Total time for which application threads were stopped: 0.0000389 seconds, Stopping threads took: 0.0000090 seconds
[2019-12-09T03:06:41.112+0000][1][safepoint    ] Application time: 0.1313615 seconds
[2019-12-09T03:06:41.112+0000][1][safepoint    ] Entering safepoint region: RevokeBias
[2019-12-09T03:06:41.112+0000][1][safepoint    ] Leaving safepoint region
[2019-12-09T03:06:41.112+0000][1][safepoint    ] Total time for which application threads were stopped: 0.0001301 seconds, Stopping threads took: 0.0000625 seconds
[2019-12-09T03:06:41.136+0000][1][safepoint    ] Application time: 0.0244560 seconds
[2019-12-09T03:06:41.136+0000][1][safepoint    ] Entering safepoint region: RevokeBias
[2019-12-09T03:06:41.136+0000][1][safepoint    ] Leaving safepoint region
[2019-12-09T03:06:41.136+0000][1][safepoint    ] Total time for which application threads were stopped: 0.0001430 seconds, Stopping threads took: 0.0000668 seconds
[2019-12-09T03:06:41.137+0000][1][safepoint    ] Application time: 0.0008584 seconds
[2019-12-09T03:06:41.137+0000][1][safepoint    ] Entering safepoint region: RevokeBias
[2019-12-09T03:06:41.137+0000][1][safepoint    ] Leaving safepoint region
[2019-12-09T03:06:41.137+0000][1][safepoint    ] Total time for which application threads were stopped: 0.0000711 seconds, Stopping threads took: 0.0000148 seconds
[2019-12-09T03:06:41.137+0000][1][safepoint    ] Application time: 0.0000686 seconds
[2019-12-09T03:06:41.137+0000][1][safepoint    ] Entering safepoint region: RevokeBias
[2019-12-09T03:06:41.137+0000][1][safepoint    ] Leaving safepoint region
[2019-12-09T03:06:41.137+0000][1][safepoint    ] Total time for which application threads were stopped: 0.0000478 seconds, Stopping threads took: 0.0000096 seconds
[2019-12-09T03:06:41.138+0000][1][safepoint    ] Application time: 0.0001761 seconds
[2019-12-09T03:06:41.138+0000][1][safepoint    ] Entering safepoint region: RevokeBias
[2019-12-09T03:06:41.138+0000][1][safepoint    ] Leaving safepoint region
[2019-12-09T03:06:41.138+0000][1][safepoint    ] Total time for which application threads were stopped: 0.0000567 seconds, Stopping threads took: 0.0000106 seconds
[2019-12-09T03:06:41.139+0000][1][safepoint    ] Application time: 0.0014884 seconds
[2019-12-09T03:06:41.139+0000][1][safepoint    ] Entering safepoint region: RevokeBias
[2019-12-09T03:06:41.139+0000][1][safepoint    ] Leaving safepoint region
[2019-12-09T03:06:41.139+0000][1][safepoint    ] Total time for which application threads were stopped: 0.0000613 seconds, Stopping threads took: 0.0000148 seconds
[2019-12-09T03:06:41.140+0000][1][safepoint    ] Application time: 0.0002694 seconds
[2019-12-09T03:06:41.140+0000][1][safepoint    ] Entering safepoint region: RevokeBias
[2019-12-09T03:06:41.140+0000][1][safepoint    ] Leaving safepoint region
[2019-12-09T03:06:41.140+0000][1][safepoint    ] Total time for which application threads were stopped: 0.0000499 seconds, Stopping threads took: 0.0000123 seconds
[2019-12-09T03:06:41.164+0000][1][safepoint    ] Application time: 0.0247256 seconds
[2019-12-09T03:06:41.164+0000][1][safepoint    ] Entering safepoint region: RevokeBias
[2019-12-09T03:06:41.164+0000][1][safepoint    ] Leaving safepoint region
[2019-12-09T03:06:41.164+0000][1][safepoint    ] Total time for which application threads were stopped: 0.0000718 seconds, Stopping threads took: 0.0000147 seconds
[2019-12-09T03:06:41.164+0000][1][safepoint    ] Application time: 0.0000637 seconds
[2019-12-09T03:06:41.164+0000][1][safepoint    ] Entering safepoint region: RevokeBias
[2019-12-09T03:06:41.165+0000][1][safepoint    ] Leaving safepoint region
[2019-12-09T03:06:41.165+0000][1][safepoint    ] Total time for which application threads were stopped: 0.0000493 seconds, Stopping threads took: 0.0000088 seconds
[2019-12-09T03:06:41.267+0000][1][safepoint    ] Application time: 0.1023181 seconds
[2019-12-09T03:06:41.267+0000][1][safepoint    ] Entering safepoint region: CollectForMetadataAllocation
[2019-12-09T03:06:41.267+0000][1][safepoint    ] Leaving safepoint region
[2019-12-09T03:06:41.267+0000][1][safepoint    ] Total time for which application threads were stopped: 0.0002801 seconds, Stopping threads took: 0.0000222 seconds
[2019-12-09T03:06:41.333+0000][1][safepoint    ] Application time: 0.0661495 seconds
[2019-12-09T03:06:41.333+0000][1][safepoint    ] Entering safepoint region: CollectForMetadataAllocation
[2019-12-09T03:06:41.334+0000][1][safepoint    ] Leaving safepoint region
[2019-12-09T03:06:41.334+0000][1][safepoint    ] Total time for which application threads were stopped: 0.0002981 seconds, Stopping threads took: 0.0000191 seconds
[2019-12-09T03:06:41.358+0000][1][safepoint    ] Application time: 0.0246248 seconds
[2019-12-09T03:06:41.358+0000][1][safepoint    ] Entering safepoint region: Deoptimize
[2019-12-09T03:06:41.359+0000][1][safepoint    ] Leaving safepoint region
[2019-12-09T03:06:41.359+0000][1][safepoint    ] Total time for which application threads were stopped: 0.0007135 seconds, Stopping threads took: 0.0000185 seconds
[2019-12-09T03:06:41.396+0000][1][safepoint    ] Application time: 0.0369810 seconds
[2019-12-09T03:06:41.396+0000][1][safepoint    ] Entering safepoint region: CollectForMetadataAllocation
[2019-12-09T03:06:41.396+0000][1][safepoint    ] Leaving safepoint region
[2019-12-09T03:06:41.396+0000][1][safepoint    ] Total time for which application threads were stopped: 0.0002566 seconds, Stopping threads took: 0.0000178 seconds
[2019-12-09T03:06:41.436+0000][1][safepoint    ] Application time: 0.0399262 seconds
[2019-12-09T03:06:41.437+0000][1][safepoint    ] Entering safepoint region: CollectForMetadataAllocation
[2019-12-09T03:06:41.437+0000][1][safepoint    ] Leaving safepoint region
[2019-12-09T03:06:41.437+0000][1][safepoint    ] Total time for which application threads were stopped: 0.0007154 seconds, Stopping threads took: 0.0004435 seconds
[2019-12-09T03:06:41.570+0000][1][safepoint    ] Application time: 0.1333930 seconds
[2019-12-09T03:06:41.570+0000][1][safepoint    ] Entering safepoint region: BulkRevokeBias
[2019-12-09T03:06:41.571+0000][1][safepoint    ] Leaving safepoint region
[2019-12-09T03:06:41.571+0000][1][safepoint    ] Total time for which application threads were stopped: 0.0004447 seconds, Stopping threads took: 0.0000267 seconds
[2019-12-09T03:06:41.571+0000][1][safepoint    ] Application time: 0.0000801 seconds
[2019-12-09T03:06:41.571+0000][1][safepoint    ] Entering safepoint region: RevokeBias
[2019-12-09T03:06:41.571+0000][1][safepoint    ] Leaving safepoint region
[2019-12-09T03:06:41.571+0000][1][safepoint    ] Total time for which application threads were stopped: 0.0000710 seconds, Stopping threads took: 0.0000134 seconds
[2019-12-09T03:06:41.656+0000][1][safepoint    ] Application time: 0.0851899 seconds
[2019-12-09T03:06:41.656+0000][1][safepoint    ] Entering safepoint region: RevokeBias
[2019-12-09T03:06:41.656+0000][1][safepoint    ] Leaving safepoint region
[2019-12-09T03:06:41.656+0000][1][safepoint    ] Total time for which application threads were stopped: 0.0000943 seconds, Stopping threads took: 0.0000205 seconds
[2019-12-09T03:06:41.657+0000][1][safepoint    ] Application time: 0.0004956 seconds
[2019-12-09T03:06:41.657+0000][1][safepoint    ] Entering safepoint region: BulkRevokeBias
[2019-12-09T03:06:41.657+0000][1][safepoint    ] Leaving safepoint region
[2019-12-09T03:06:41.657+0000][1][safepoint    ] Total time for which application threads were stopped: 0.0003400 seconds, Stopping threads took: 0.0000184 seconds
[2019-12-09T03:06:41.658+0000][1][safepoint    ] Application time: 0.0002733 seconds
[2019-12-09T03:06:41.658+0000][1][safepoint    ] Entering safepoint region: RevokeBias
[2019-12-09T03:06:41.658+0000][1][safepoint    ] Leaving safepoint region
[2019-12-09T03:06:41.658+0000][1][safepoint    ] Total time for which application threads were stopped: 0.0000595 seconds, Stopping threads took: 0.0000141 seconds
[2019-12-09T03:06:41.901+0000][1][safepoint    ] Application time: 0.2432045 seconds
[2019-12-09T03:06:41.911+0000][1][safepoint    ] Entering safepoint region: CMS_Initial_Mark
[2019-12-09T03:06:41.911+0000][1][gc,start     ] GC(23) Pause Initial Mark
[2019-12-09T03:06:42.163+0000][1][gc           ] GC(23) Pause Initial Mark 121M->121M(247M) 252.532ms
[2019-12-09T03:06:42.163+0000][1][gc,cpu       ] GC(23) User=0.06s Sys=0.00s Real=0.25s
[2019-12-09T03:06:42.163+0000][1][safepoint    ] Leaving safepoint region
[2019-12-09T03:06:42.163+0000][1][safepoint    ] Total time for which application threads were stopped: 0.2626273 seconds, Stopping threads took: 0.0099009 seconds
[2019-12-09T03:06:42.164+0000][1][gc           ] GC(23) Concurrent Mark
[2019-12-09T03:06:42.273+0000][1][safepoint    ] Application time: 0.1094419 seconds
[2019-12-09T03:06:42.273+0000][1][safepoint    ] Entering safepoint region: RevokeBias
[2019-12-09T03:06:42.273+0000][1][safepoint    ] Leaving safepoint region
[2019-12-09T03:06:42.273+0000][1][safepoint    ] Total time for which application threads were stopped: 0.0001029 seconds, Stopping threads took: 0.0000214 seconds
[2019-12-09T03:06:42.290+0000][1][safepoint    ] Application time: 0.0166605 seconds
[2019-12-09T03:06:42.290+0000][1][safepoint    ] Entering safepoint region: CollectForMetadataAllocation
[2019-12-09T03:06:42.290+0000][1][safepoint    ] Leaving safepoint region
[2019-12-09T03:06:42.290+0000][1][safepoint    ] Total time for which application threads were stopped: 0.0002823 seconds, Stopping threads took: 0.0000218 seconds
[2019-12-09T03:06:42.290+0000][1][safepoint    ] Application time: 0.0000815 seconds
[2019-12-09T03:06:42.290+0000][1][safepoint    ] Entering safepoint region: RevokeBias
[2019-12-09T03:06:42.290+0000][1][safepoint    ] Leaving safepoint region
[2019-12-09T03:06:42.290+0000][1][safepoint    ] Total time for which application threads were stopped: 0.0000689 seconds, Stopping threads took: 0.0000108 seconds
[2019-12-09T03:06:42.305+0000][1][safepoint    ] Application time: 0.0150455 seconds
[2019-12-09T03:06:42.305+0000][1][safepoint    ] Entering safepoint region: RevokeBias
[2019-12-09T03:06:42.305+0000][1][safepoint    ] Leaving safepoint region
[2019-12-09T03:06:42.305+0000][1][safepoint    ] Total time for which application threads were stopped: 0.0000808 seconds, Stopping threads took: 0.0000236 seconds
[2019-12-09T03:06:42.305+0000][1][safepoint    ] Application time: 0.0000515 seconds
[2019-12-09T03:06:42.305+0000][1][safepoint    ] Entering safepoint region: RevokeBias
[2019-12-09T03:06:42.305+0000][1][safepoint    ] Leaving safepoint region
[2019-12-09T03:06:42.305+0000][1][safepoint    ] Total time for which application threads were stopped: 0.0000390 seconds, Stopping threads took: 0.0000088 seconds
[2019-12-09T03:06:42.306+0000][1][safepoint    ] Application time: 0.0000352 seconds
[2019-12-09T03:06:42.306+0000][1][safepoint    ] Entering safepoint region: RevokeBias
[2019-12-09T03:06:42.306+0000][1][safepoint    ] Leaving safepoint region
[2019-12-09T03:06:42.306+0000][1][safepoint    ] Total time for which application threads were stopped: 0.0000340 seconds, Stopping threads took: 0.0000080 seconds
[2019-12-09T03:06:42.337+0000][1][safepoint    ] Application time: 0.0311331 seconds
[2019-12-09T03:06:42.337+0000][1][safepoint    ] Entering safepoint region: RevokeBias
[2019-12-09T03:06:42.337+0000][1][safepoint    ] Leaving safepoint region
[2019-12-09T03:06:42.337+0000][1][safepoint    ] Total time for which application threads were stopped: 0.0000845 seconds, Stopping threads took: 0.0000208 seconds
[2019-12-09T03:06:42.337+0000][1][safepoint    ] Application time: 0.0000545 seconds
[2019-12-09T03:06:42.337+0000][1][safepoint    ] Entering safepoint region: RevokeBias
[2019-12-09T03:06:42.337+0000][1][safepoint    ] Leaving safepoint region
[2019-12-09T03:06:42.337+0000][1][safepoint    ] Total time for which application threads were stopped: 0.0000501 seconds, Stopping threads took: 0.0000110 seconds
[2019-12-09T03:06:42.337+0000][1][safepoint    ] Application time: 0.0000402 seconds
[2019-12-09T03:06:42.337+0000][1][safepoint    ] Entering safepoint region: RevokeBias
[2019-12-09T03:06:42.337+0000][1][safepoint    ] Leaving safepoint region
[2019-12-09T03:06:42.337+0000][1][safepoint    ] Total time for which application threads were stopped: 0.0000401 seconds, Stopping threads took: 0.0000094 seconds
[2019-12-09T03:06:42.337+0000][1][safepoint    ] Application time: 0.0000361 seconds
[2019-12-09T03:06:42.337+0000][1][safepoint    ] Entering safepoint region: RevokeBias
[2019-12-09T03:06:42.337+0000][1][safepoint    ] Leaving safepoint region
[2019-12-09T03:06:42.337+0000][1][safepoint    ] Total time for which application threads were stopped: 0.0000401 seconds, Stopping threads took: 0.0000092 seconds
[2019-12-09T03:06:42.337+0000][1][safepoint    ] Application time: 0.0000358 seconds
[2019-12-09T03:06:42.337+0000][1][safepoint    ] Entering safepoint region: RevokeBias
[2019-12-09T03:06:42.337+0000][1][safepoint    ] Leaving safepoint region
[2019-12-09T03:06:42.337+0000][1][safepoint    ] Total time for which application threads were stopped: 0.0000411 seconds, Stopping threads took: 0.0000093 seconds
[2019-12-09T03:06:42.760+0000][1][safepoint    ] Application time: 0.4224552 seconds
[2019-12-09T03:06:42.760+0000][1][safepoint    ] Entering safepoint region: RevokeBias
[2019-12-09T03:06:42.760+0000][1][safepoint    ] Leaving safepoint region
[2019-12-09T03:06:42.760+0000][1][safepoint    ] Total time for which application threads were stopped: 0.0000944 seconds, Stopping threads took: 0.0000218 seconds
[2019-12-09T03:06:42.843+0000][1][safepoint    ] Application time: 0.0833517 seconds
[2019-12-09T03:06:42.843+0000][1][safepoint    ] Entering safepoint region: RevokeBias
[2019-12-09T03:06:42.843+0000][1][safepoint    ] Leaving safepoint region
[2019-12-09T03:06:42.843+0000][1][safepoint    ] Total time for which application threads were stopped: 0.0000966 seconds, Stopping threads took: 0.0000191 seconds
[2019-12-09T03:06:42.844+0000][1][safepoint    ] Application time: 0.0009115 seconds
[2019-12-09T03:06:42.844+0000][1][safepoint    ] Entering safepoint region: RevokeBias
[2019-12-09T03:06:42.844+0000][1][safepoint    ] Leaving safepoint region
[2019-12-09T03:06:42.844+0000][1][safepoint    ] Total time for which application threads were stopped: 0.0000834 seconds, Stopping threads took: 0.0000227 seconds
[2019-12-09T03:06:42.919+0000][1][gc           ] GC(23) Concurrent Mark 755.791ms
[2019-12-09T03:06:42.919+0000][1][gc,cpu       ] GC(23) User=0.21s Sys=0.00s Real=0.76s
[2019-12-09T03:06:42.919+0000][1][gc           ] GC(23) Concurrent Preclean
[2019-12-09T03:06:42.946+0000][1][gc           ] GC(23) Concurrent Preclean 26.594ms
[2019-12-09T03:06:42.946+0000][1][gc,cpu       ] GC(23) User=0.01s Sys=0.00s Real=0.03s
[2019-12-09T03:06:42.946+0000][1][gc           ] GC(23) Concurrent Abortable Preclean
[2019-12-09T03:06:43.860+0000][1][safepoint    ] Application time: 1.0153622 seconds
[2019-12-09T03:06:43.860+0000][1][safepoint    ] Entering safepoint region: Cleanup
[2019-12-09T03:06:43.860+0000][1][safepoint    ] Leaving safepoint region
[2019-12-09T03:06:43.860+0000][1][safepoint    ] Total time for which application threads were stopped: 0.0001025 seconds, Stopping threads took: 0.0000310 seconds
[2019-12-09T03:06:44.203+0000][1][safepoint    ] Application time: 0.3429034 seconds
[2019-12-09T03:06:44.203+0000][1][safepoint    ] Entering safepoint region: RevokeBias
[2019-12-09T03:06:44.203+0000][1][safepoint    ] Leaving safepoint region
[2019-12-09T03:06:44.203+0000][1][safepoint    ] Total time for which application threads were stopped: 0.0001050 seconds, Stopping threads took: 0.0000203 seconds
[2019-12-09T03:06:44.204+0000][1][safepoint    ] Application time: 0.0009794 seconds
[2019-12-09T03:06:44.204+0000][1][safepoint    ] Entering safepoint region: RevokeBias
[2019-12-09T03:06:44.204+0000][1][safepoint    ] Leaving safepoint region
[2019-12-09T03:06:44.204+0000][1][safepoint    ] Total time for which application threads were stopped: 0.0000846 seconds, Stopping threads took: 0.0000194 seconds
[2019-12-09T03:06:44.205+0000][1][safepoint    ] Application time: 0.0005896 seconds
[2019-12-09T03:06:44.205+0000][1][safepoint    ] Entering safepoint region: RevokeBias
[2019-12-09T03:06:44.205+0000][1][safepoint    ] Leaving safepoint region
[2019-12-09T03:06:44.205+0000][1][safepoint    ] Total time for which application threads were stopped: 0.0000602 seconds, Stopping threads took: 0.0000135 seconds
[2019-12-09T03:06:45.212+0000][1][safepoint    ] Application time: 1.0070763 seconds
[2019-12-09T03:06:45.238+0000][1][safepoint    ] Entering safepoint region: Cleanup
[2019-12-09T03:06:45.238+0000][1][safepoint    ] Leaving safepoint region
[2019-12-09T03:06:45.238+0000][1][safepoint    ] Total time for which application threads were stopped: 0.0261229 seconds, Stopping threads took: 0.0260363 seconds
[2019-12-09T03:06:45.249+0000][1][safepoint    ] Application time: 0.0110564 seconds
[2019-12-09T03:06:45.285+0000][1][safepoint    ] Entering safepoint region: CollectForMetadataAllocation
[2019-12-09T03:06:45.285+0000][1][safepoint    ] Leaving safepoint region
[2019-12-09T03:06:45.285+0000][1][safepoint    ] Total time for which application threads were stopped: 0.0361268 seconds, Stopping threads took: 0.0358276 seconds
[2019-12-09T03:06:45.762+0000][1][safepoint    ] Application time: 0.4767740 seconds
[2019-12-09T03:06:45.762+0000][1][safepoint    ] Entering safepoint region: GenCollectForAllocation
[2019-12-09T03:06:45.762+0000][1][gc,start     ] GC(24) Pause Young (Allocation Failure)
[2019-12-09T03:06:45.762+0000][1][gc,task      ] GC(24) Using 2 workers of 2 for evacuation
[2019-12-09T03:06:46.047+0000][1][gc,age       ] GC(24) Desired survivor size 4456448 bytes, new threshold 2 (max threshold 6)
[2019-12-09T03:06:46.047+0000][1][gc,age       ] GC(24) Age table with threshold 2 (max threshold 6)
[2019-12-09T03:06:46.047+0000][1][gc,age       ] GC(24) - age   1:    2060040 bytes,    2060040 total
[2019-12-09T03:06:46.047+0000][1][gc,age       ] GC(24) - age   2:    3582784 bytes,    5642824 total
[2019-12-09T03:06:46.047+0000][1][gc,heap      ] GC(24) ParNew: 78656K->8704K(78656K)
[2019-12-09T03:06:46.047+0000][1][gc,heap      ] GC(24) CMS: 60094K->64263K(174784K)
[2019-12-09T03:06:46.047+0000][1][gc,metaspace ] GC(24) Metaspace: 68253K->68253K(1112064K)
[2019-12-09T03:06:46.047+0000][1][gc           ] GC(24) Pause Young (Allocation Failure) 135M->71M(247M) 285.145ms
[2019-12-09T03:06:46.047+0000][1][gc,cpu       ] GC(24) User=0.09s Sys=0.00s Real=0.29s
[2019-12-09T03:06:46.047+0000][1][safepoint    ] Leaving safepoint region
[2019-12-09T03:06:46.047+0000][1][safepoint    ] Total time for which application threads were stopped: 0.2853423 seconds, Stopping threads took: 0.0000267 seconds
[2019-12-09T03:06:46.511+0000][1][safepoint    ] Application time: 0.4636674 seconds
[2019-12-09T03:06:46.511+0000][1][safepoint    ] Entering safepoint region: RevokeBias
[2019-12-09T03:06:46.511+0000][1][safepoint    ] Leaving safepoint region
[2019-12-09T03:06:46.511+0000][1][safepoint    ] Total time for which application threads were stopped: 0.0001625 seconds, Stopping threads took: 0.0000522 seconds
[2019-12-09T03:06:46.628+0000][1][safepoint    ] Application time: 0.1170794 seconds
[2019-12-09T03:06:46.628+0000][1][safepoint    ] Entering safepoint region: RevokeBias
[2019-12-09T03:06:46.628+0000][1][safepoint    ] Leaving safepoint region
[2019-12-09T03:06:46.628+0000][1][safepoint    ] Total time for which application threads were stopped: 0.0001175 seconds, Stopping threads took: 0.0000210 seconds
[2019-12-09T03:06:47.663+0000][1][safepoint    ] Application time: 1.0343062 seconds
[2019-12-09T03:06:47.663+0000][1][safepoint    ] Entering safepoint region: Cleanup
[2019-12-09T03:06:47.663+0000][1][safepoint    ] Leaving safepoint region
[2019-12-09T03:06:47.663+0000][1][safepoint    ] Total time for which application threads were stopped: 0.0001288 seconds, Stopping threads took: 0.0000240 seconds
[2019-12-09T03:06:48.055+0000][1][gc           ] GC(23) Concurrent Abortable Preclean 5108.486ms
[2019-12-09T03:06:48.059+0000][1][gc,cpu       ] GC(23) User=1.98s Sys=0.02s Real=5.11s
[2019-12-09T03:06:48.059+0000][1][safepoint    ] Application time: 0.3964749 seconds
[2019-12-09T03:06:48.059+0000][1][safepoint    ] Entering safepoint region: CMS_Final_Remark
[2019-12-09T03:06:48.059+0000][1][gc,start     ] GC(23) Pause Remark
[2019-12-09T03:06:48.152+0000][1][gc           ] GC(23) Pause Remark 75M->75M(247M) 92.846ms
[2019-12-09T03:06:48.152+0000][1][gc,cpu       ] GC(23) User=0.05s Sys=0.00s Real=0.09s
[2019-12-09T03:06:48.152+0000][1][safepoint    ] Leaving safepoint region
[2019-12-09T03:06:48.152+0000][1][safepoint    ] Total time for which application threads were stopped: 0.0930339 seconds, Stopping threads took: 0.0000224 seconds
[2019-12-09T03:06:48.152+0000][1][gc           ] GC(23) Concurrent Sweep
[2019-12-09T03:06:48.312+0000][1][gc           ] GC(23) Concurrent Sweep 159.318ms
[2019-12-09T03:06:48.312+0000][1][gc,cpu       ] GC(23) User=0.07s Sys=0.00s Real=0.16s
[2019-12-09T03:06:48.312+0000][1][gc           ] GC(23) Concurrent Reset
[2019-12-09T03:06:48.312+0000][1][gc           ] GC(23) Concurrent Reset 0.318ms
[2019-12-09T03:06:48.312+0000][1][gc,cpu       ] GC(23) User=0.01s Sys=0.00s Real=0.00s
[2019-12-09T03:06:48.312+0000][1][gc,heap      ] GC(23) Old: 60094K->63898K(174784K)
[2019-12-09T03:06:49.338+0000][1][safepoint    ] Application time: 1.1853321 seconds
[2019-12-09T03:06:49.338+0000][1][safepoint    ] Entering safepoint region: Cleanup
[2019-12-09T03:06:49.339+0000][1][safepoint    ] Leaving safepoint region
[2019-12-09T03:06:49.339+0000][1][safepoint    ] Total time for which application threads were stopped: 0.0007659 seconds, Stopping threads took: 0.0000197 seconds
[2019-12-09T03:06:50.339+0000][1][safepoint    ] Application time: 1.0005216 seconds
[2019-12-09T03:06:50.339+0000][1][safepoint    ] Entering safepoint region: Cleanup
[2019-12-09T03:06:50.339+0000][1][safepoint    ] Leaving safepoint region
[2019-12-09T03:06:50.339+0000][1][safepoint    ] Total time for which application threads were stopped: 0.0001066 seconds, Stopping threads took: 0.0000238 seconds
[2019-12-09T03:06:52.342+0000][1][safepoint    ] Application time: 2.0024709 seconds
[2019-12-09T03:06:52.342+0000][1][safepoint    ] Entering safepoint region: Cleanup
[2019-12-09T03:06:52.342+0000][1][safepoint    ] Leaving safepoint region
[2019-12-09T03:06:52.342+0000][1][safepoint    ] Total time for which application threads were stopped: 0.0000948 seconds, Stopping threads took: 0.0000200 seconds
[2019-12-09T03:06:53.346+0000][1][safepoint    ] Application time: 1.0038435 seconds
[2019-12-09T03:06:53.346+0000][1][safepoint    ] Entering safepoint region: Cleanup
[2019-12-09T03:06:53.346+0000][1][safepoint    ] Leaving safepoint region
[2019-12-09T03:06:53.346+0000][1][safepoint    ] Total time for which application threads were stopped: 0.0000959 seconds, Stopping threads took: 0.0000213 seconds
[2019-12-09T03:06:54.347+0000][1][safepoint    ] Application time: 1.0006950 seconds
[2019-12-09T03:06:54.347+0000][1][safepoint    ] Entering safepoint region: Cleanup
[2019-12-09T03:06:54.347+0000][1][safepoint    ] Leaving safepoint region
[2019-12-09T03:06:54.347+0000][1][safepoint    ] Total time for which application threads were stopped: 0.0000997 seconds, Stopping threads took: 0.0000212 seconds
[2019-12-09T03:06:55.348+0000][1][safepoint    ] Application time: 1.0010104 seconds
[2019-12-09T03:06:55.348+0000][1][safepoint    ] Entering safepoint region: Cleanup
[2019-12-09T03:06:55.348+0000][1][safepoint    ] Leaving safepoint region
[2019-12-09T03:06:55.348+0000][1][safepoint    ] Total time for which application threads were stopped: 0.0001121 seconds, Stopping threads took: 0.0000231 seconds
[2019-12-09T03:06:56.349+0000][1][safepoint    ] Application time: 1.0008612 seconds
[2019-12-09T03:06:56.349+0000][1][safepoint    ] Entering safepoint region: Cleanup
[2019-12-09T03:06:56.349+0000][1][safepoint    ] Leaving safepoint region
[2019-12-09T03:06:56.349+0000][1][safepoint    ] Total time for which application threads were stopped: 0.0001071 seconds, Stopping threads took: 0.0000243 seconds
[2019-12-09T03:06:58.353+0000][1][safepoint    ] Application time: 2.0038015 seconds
[2019-12-09T03:06:58.353+0000][1][safepoint    ] Entering safepoint region: Cleanup
[2019-12-09T03:06:58.353+0000][1][safepoint    ] Leaving safepoint region
[2019-12-09T03:06:58.353+0000][1][safepoint    ] Total time for which application threads were stopped: 0.0001146 seconds, Stopping threads took: 0.0000226 seconds
[2019-12-09T03:06:59.357+0000][1][safepoint    ] Application time: 1.0038911 seconds
[2019-12-09T03:06:59.357+0000][1][safepoint    ] Entering safepoint region: Cleanup
[2019-12-09T03:06:59.357+0000][1][safepoint    ] Leaving safepoint region
[2019-12-09T03:06:59.357+0000][1][safepoint    ] Total time for which application threads were stopped: 0.0001092 seconds, Stopping threads took: 0.0000234 seconds
[2019-12-09T03:07:02.364+0000][1][safepoint    ] Application time: 3.0068012 seconds
[2019-12-09T03:07:02.364+0000][1][safepoint    ] Entering safepoint region: Cleanup
[2019-12-09T03:07:02.364+0000][1][safepoint    ] Leaving safepoint region
[2019-12-09T03:07:02.364+0000][1][safepoint    ] Total time for which application threads were stopped: 0.0001069 seconds, Stopping threads took: 0.0000228 seconds
[2019-12-09T03:07:03.368+0000][1][safepoint    ] Application time: 1.0039384 seconds
[2019-12-09T03:07:03.368+0000][1][safepoint    ] Entering safepoint region: Cleanup
[2019-12-09T03:07:03.368+0000][1][safepoint    ] Leaving safepoint region
[2019-12-09T03:07:03.368+0000][1][safepoint    ] Total time for which application threads were stopped: 0.0001280 seconds, Stopping threads took: 0.0000318 seconds
[2019-12-09T03:07:04.368+0000][1][safepoint    ] Application time: 1.0000986 seconds
[2019-12-09T03:07:04.368+0000][1][safepoint    ] Entering safepoint region: Cleanup
[2019-12-09T03:07:04.368+0000][1][safepoint    ] Leaving safepoint region
[2019-12-09T03:07:04.368+0000][1][safepoint    ] Total time for which application threads were stopped: 0.0001038 seconds, Stopping threads took: 0.0000224 seconds
[2019-12-09T03:07:07.374+0000][1][safepoint    ] Application time: 3.0055692 seconds
[2019-12-09T03:07:07.374+0000][1][safepoint    ] Entering safepoint region: Cleanup
[2019-12-09T03:07:07.374+0000][1][safepoint    ] Leaving safepoint region
[2019-12-09T03:07:07.374+0000][1][safepoint    ] Total time for which application threads were stopped: 0.0001071 seconds, Stopping threads took: 0.0000211 seconds
[2019-12-09T03:07:09.377+0000][1][safepoint    ] Application time: 2.0028521 seconds
[2019-12-09T03:07:09.377+0000][1][safepoint    ] Entering safepoint region: Cleanup
[2019-12-09T03:07:09.377+0000][1][safepoint    ] Leaving safepoint region
[2019-12-09T03:07:09.377+0000][1][safepoint    ] Total time for which application threads were stopped: 0.0000968 seconds, Stopping threads took: 0.0000217 seconds
[2019-12-09T03:07:10.378+0000][1][safepoint    ] Application time: 1.0008450 seconds
[2019-12-09T03:07:10.378+0000][1][safepoint    ] Entering safepoint region: Cleanup
[2019-12-09T03:07:10.378+0000][1][safepoint    ] Leaving safepoint region
[2019-12-09T03:07:10.378+0000][1][safepoint    ] Total time for which application threads were stopped: 0.0001112 seconds, Stopping threads took: 0.0000228 seconds
[2019-12-09T03:07:11.379+0000][1][safepoint    ] Application time: 1.0008555 seconds
[2019-12-09T03:07:11.379+0000][1][safepoint    ] Entering safepoint region: Cleanup
[2019-12-09T03:07:11.379+0000][1][safepoint    ] Leaving safepoint region
[2019-12-09T03:07:11.379+0000][1][safepoint    ] Total time for which application threads were stopped: 0.0001010 seconds, Stopping threads took: 0.0000216 seconds
[2019-12-09T03:07:12.380+0000][1][safepoint    ] Application time: 1.0013347 seconds
[2019-12-09T03:07:12.380+0000][1][safepoint    ] Entering safepoint region: Cleanup
[2019-12-09T03:07:12.380+0000][1][safepoint    ] Leaving safepoint region
[2019-12-09T03:07:12.380+0000][1][safepoint    ] Total time for which application threads were stopped: 0.0001006 seconds, Stopping threads took: 0.0000212 seconds
[2019-12-09T03:07:14.381+0000][1][safepoint    ] Application time: 2.0001379 seconds
[2019-12-09T03:07:14.381+0000][1][safepoint    ] Entering safepoint region: Cleanup
[2019-12-09T03:07:14.381+0000][1][safepoint    ] Leaving safepoint region
[2019-12-09T03:07:14.381+0000][1][safepoint    ] Total time for which application threads were stopped: 0.0000879 seconds, Stopping threads took: 0.0000229 seconds
[2019-12-09T03:07:16.381+0000][1][safepoint    ] Application time: 2.0004801 seconds
[2019-12-09T03:07:16.381+0000][1][safepoint    ] Entering safepoint region: Cleanup
[2019-12-09T03:07:16.381+0000][1][safepoint    ] Leaving safepoint region
[2019-12-09T03:07:16.381+0000][1][safepoint    ] Total time for which application threads were stopped: 0.0001024 seconds, Stopping threads took: 0.0000197 seconds
[2019-12-09T03:07:17.381+0000][1][safepoint    ] Application time: 1.0000894 seconds
[2019-12-09T03:07:17.381+0000][1][safepoint    ] Entering safepoint region: Cleanup
[2019-12-09T03:07:17.381+0000][1][safepoint    ] Leaving safepoint region
[2019-12-09T03:07:17.381+0000][1][safepoint    ] Total time for which application threads were stopped: 0.0001043 seconds, Stopping threads took: 0.0000231 seconds
[2019-12-09T03:07:19.382+0000][1][safepoint    ] Application time: 2.0001426 seconds
[2019-12-09T03:07:19.382+0000][1][safepoint    ] Entering safepoint region: Cleanup
[2019-12-09T03:07:19.382+0000][1][safepoint    ] Leaving safepoint region
[2019-12-09T03:07:19.382+0000][1][safepoint    ] Total time for which application threads were stopped: 0.0000891 seconds, Stopping threads took: 0.0000279 seconds
[2019-12-09T03:07:20.382+0000][1][safepoint    ] Application time: 1.0000738 seconds
[2019-12-09T03:07:20.382+0000][1][safepoint    ] Entering safepoint region: Cleanup
[2019-12-09T03:07:20.382+0000][1][safepoint    ] Leaving safepoint region
[2019-12-09T03:07:20.382+0000][1][safepoint    ] Total time for which application threads were stopped: 0.0000748 seconds, Stopping threads took: 0.0000142 seconds
[2019-12-09T03:07:21.382+0000][1][safepoint    ] Application time: 1.0000737 seconds
[2019-12-09T03:07:21.382+0000][1][safepoint    ] Entering safepoint region: Cleanup
[2019-12-09T03:07:21.382+0000][1][safepoint    ] Leaving safepoint region
[2019-12-09T03:07:21.382+0000][1][safepoint    ] Total time for which application threads were stopped: 0.0000806 seconds, Stopping threads took: 0.0000164 seconds
[2019-12-09T03:07:22.382+0000][1][safepoint    ] Application time: 1.0000811 seconds
[2019-12-09T03:07:22.382+0000][1][safepoint    ] Entering safepoint region: Cleanup
[2019-12-09T03:07:22.382+0000][1][safepoint    ] Leaving safepoint region
[2019-12-09T03:07:22.382+0000][1][safepoint    ] Total time for which application threads were stopped: 0.0000830 seconds, Stopping threads took: 0.0000159 seconds
[2019-12-09T03:07:24.382+0000][1][safepoint    ] Application time: 2.0001400 seconds
[2019-12-09T03:07:24.382+0000][1][safepoint    ] Entering safepoint region: Cleanup
[2019-12-09T03:07:24.383+0000][1][safepoint    ] Leaving safepoint region
[2019-12-09T03:07:24.383+0000][1][safepoint    ] Total time for which application threads were stopped: 0.0000771 seconds, Stopping threads took: 0.0000146 seconds
[2019-12-09T03:07:25.383+0000][1][safepoint    ] Application time: 1.0000790 seconds
[2019-12-09T03:07:25.383+0000][1][safepoint    ] Entering safepoint region: Cleanup
[2019-12-09T03:07:25.383+0000][1][safepoint    ] Leaving safepoint region
[2019-12-09T03:07:25.383+0000][1][safepoint    ] Total time for which application threads were stopped: 0.0000889 seconds, Stopping threads took: 0.0000281 seconds
[2019-12-09T03:07:27.383+0000][1][safepoint    ] Application time: 2.0001435 seconds
[2019-12-09T03:07:27.383+0000][1][safepoint    ] Entering safepoint region: Cleanup
[2019-12-09T03:07:27.383+0000][1][safepoint    ] Leaving safepoint region
[2019-12-09T03:07:27.383+0000][1][safepoint    ] Total time for which application threads were stopped: 0.0000794 seconds, Stopping threads took: 0.0000155 seconds
[2019-12-09T03:07:28.383+0000][1][safepoint    ] Application time: 1.0000726 seconds
[2019-12-09T03:07:28.383+0000][1][safepoint    ] Entering safepoint region: Cleanup
[2019-12-09T03:07:28.383+0000][1][safepoint    ] Leaving safepoint region
[2019-12-09T03:07:28.383+0000][1][safepoint    ] Total time for which application threads were stopped: 0.0000750 seconds, Stopping threads took: 0.0000160 seconds
[2019-12-09T03:07:29.383+0000][1][safepoint    ] Application time: 1.0000728 seconds
[2019-12-09T03:07:29.383+0000][1][safepoint    ] Entering safepoint region: Cleanup
[2019-12-09T03:07:29.383+0000][1][safepoint    ] Leaving safepoint region
[2019-12-09T03:07:29.383+0000][1][safepoint    ] Total time for which application threads were stopped: 0.0000847 seconds, Stopping threads took: 0.0000169 seconds
[2019-12-09T03:07:32.384+0000][1][safepoint    ] Application time: 3.0002151 seconds
[2019-12-09T03:07:32.384+0000][1][safepoint    ] Entering safepoint region: Cleanup
[2019-12-09T03:07:32.384+0000][1][safepoint    ] Leaving safepoint region
[2019-12-09T03:07:32.384+0000][1][safepoint    ] Total time for which application threads were stopped: 0.0001197 seconds, Stopping threads took: 0.0000220 seconds
[2019-12-09T03:07:33.384+0000][1][safepoint    ] Application time: 1.0000733 seconds
[2019-12-09T03:07:33.384+0000][1][safepoint    ] Entering safepoint region: Cleanup
[2019-12-09T03:07:33.384+0000][1][safepoint    ] Leaving safepoint region
[2019-12-09T03:07:33.384+0000][1][safepoint    ] Total time for which application threads were stopped: 0.0000794 seconds, Stopping threads took: 0.0000164 seconds
[2019-12-09T03:07:34.384+0000][1][safepoint    ] Application time: 1.0000762 seconds
[2019-12-09T03:07:34.384+0000][1][safepoint    ] Entering safepoint region: Cleanup
[2019-12-09T03:07:34.384+0000][1][safepoint    ] Leaving safepoint region
[2019-12-09T03:07:34.384+0000][1][safepoint    ] Total time for which application threads were stopped: 0.0000784 seconds, Stopping threads took: 0.0000162 seconds
[2019-12-09T03:07:35.384+0000][1][safepoint    ] Application time: 1.0000769 seconds
[2019-12-09T03:07:35.384+0000][1][safepoint    ] Entering safepoint region: Cleanup
[2019-12-09T03:07:35.384+0000][1][safepoint    ] Leaving safepoint region
[2019-12-09T03:07:35.384+0000][1][safepoint    ] Total time for which application threads were stopped: 0.0000868 seconds, Stopping threads took: 0.0000171 seconds
[2019-12-09T03:07:36.384+0000][1][safepoint    ] Application time: 1.0000869 seconds
[2019-12-09T03:07:36.384+0000][1][safepoint    ] Entering safepoint region: Cleanup
[2019-12-09T03:07:36.385+0000][1][safepoint    ] Leaving safepoint region
[2019-12-09T03:07:36.385+0000][1][safepoint    ] Total time for which application threads were stopped: 0.0001167 seconds, Stopping threads took: 0.0000255 seconds
[2019-12-09T03:07:38.385+0000][1][safepoint    ] Application time: 2.0001435 seconds
[2019-12-09T03:07:38.385+0000][1][safepoint    ] Entering safepoint region: Cleanup
[2019-12-09T03:07:38.385+0000][1][safepoint    ] Leaving safepoint region
[2019-12-09T03:07:38.385+0000][1][safepoint    ] Total time for which application threads were stopped: 0.0000757 seconds, Stopping threads took: 0.0000158 seconds
[2019-12-09T03:07:39.385+0000][1][safepoint    ] Application time: 1.0000772 seconds
[2019-12-09T03:07:39.385+0000][1][safepoint    ] Entering safepoint region: Cleanup
[2019-12-09T03:07:39.385+0000][1][safepoint    ] Leaving safepoint region
[2019-12-09T03:07:39.385+0000][1][safepoint    ] Total time for which application threads were stopped: 0.0000849 seconds, Stopping threads took: 0.0000150 seconds
[2019-12-09T03:07:40.385+0000][1][safepoint    ] Application time: 1.0000772 seconds
[2019-12-09T03:07:40.385+0000][1][safepoint    ] Entering safepoint region: Cleanup
[2019-12-09T03:07:40.385+0000][1][safepoint    ] Leaving safepoint region
[2019-12-09T03:07:40.385+0000][1][safepoint    ] Total time for which application threads were stopped: 0.0000880 seconds, Stopping threads took: 0.0000169 seconds
[2019-12-09T03:07:41.385+0000][1][safepoint    ] Application time: 1.0000769 seconds
[2019-12-09T03:07:41.385+0000][1][safepoint    ] Entering safepoint region: Cleanup
[2019-12-09T03:07:41.385+0000][1][safepoint    ] Leaving safepoint region
[2019-12-09T03:07:41.385+0000][1][safepoint    ] Total time for which application threads were stopped: 0.0000733 seconds, Stopping threads took: 0.0000154 seconds
[2019-12-09T03:07:44.386+0000][1][safepoint    ] Application time: 3.0002086 seconds
[2019-12-09T03:07:44.386+0000][1][safepoint    ] Entering safepoint region: Cleanup
[2019-12-09T03:07:44.386+0000][1][safepoint    ] Leaving safepoint region
[2019-12-09T03:07:44.386+0000][1][safepoint    ] Total time for which application threads were stopped: 0.0001052 seconds, Stopping threads took: 0.0000252 seconds
[2019-12-09T03:07:45.386+0000][1][safepoint    ] Application time: 1.0000762 seconds
[2019-12-09T03:07:45.386+0000][1][safepoint    ] Entering safepoint region: Cleanup
[2019-12-09T03:07:45.386+0000][1][safepoint    ] Leaving safepoint region
[2019-12-09T03:07:45.386+0000][1][safepoint    ] Total time for which application threads were stopped: 0.0000752 seconds, Stopping threads took: 0.0000163 seconds
[2019-12-09T03:07:46.386+0000][1][safepoint    ] Application time: 1.0000773 seconds
[2019-12-09T03:07:46.386+0000][1][safepoint    ] Entering safepoint region: Cleanup
[2019-12-09T03:07:46.386+0000][1][safepoint    ] Leaving safepoint region
[2019-12-09T03:07:46.386+0000][1][safepoint    ] Total time for which application threads were stopped: 0.0000774 seconds, Stopping threads took: 0.0000172 seconds
[2019-12-09T03:07:47.386+0000][1][safepoint    ] Application time: 1.0000749 seconds
[2019-12-09T03:07:47.386+0000][1][safepoint    ] Entering safepoint region: Cleanup
[2019-12-09T03:07:47.386+0000][1][safepoint    ] Leaving safepoint region
[2019-12-09T03:07:47.386+0000][1][safepoint    ] Total time for which application threads were stopped: 0.0000800 seconds, Stopping threads took: 0.0000162 seconds
[2019-12-09T03:07:51.387+0000][1][safepoint    ] Application time: 4.0002760 seconds
[2019-12-09T03:07:51.387+0000][1][safepoint    ] Entering safepoint region: Cleanup
[2019-12-09T03:07:51.387+0000][1][safepoint    ] Leaving safepoint region
[2019-12-09T03:07:51.387+0000][1][safepoint    ] Total time for which application threads were stopped: 0.0000760 seconds, Stopping threads took: 0.0000169 seconds
[2019-12-09T03:07:52.387+0000][1][safepoint    ] Application time: 1.0000771 seconds
[2019-12-09T03:07:52.387+0000][1][safepoint    ] Entering safepoint region: Cleanup
[2019-12-09T03:07:52.387+0000][1][safepoint    ] Leaving safepoint region
[2019-12-09T03:07:52.387+0000][1][safepoint    ] Total time for which application threads were stopped: 0.0000732 seconds, Stopping threads took: 0.0000142 seconds
[2019-12-09T03:07:53.387+0000][1][safepoint    ] Application time: 1.0000778 seconds
[2019-12-09T03:07:53.387+0000][1][safepoint    ] Entering safepoint region: Cleanup
[2019-12-09T03:07:53.387+0000][1][safepoint    ] Leaving safepoint region
[2019-12-09T03:07:53.387+0000][1][safepoint    ] Total time for which application threads were stopped: 0.0000805 seconds, Stopping threads took: 0.0000188 seconds
[2019-12-09T03:07:58.387+0000][1][safepoint    ] Application time: 5.0003411 seconds
[2019-12-09T03:07:58.387+0000][1][safepoint    ] Entering safepoint region: Cleanup
[2019-12-09T03:07:58.387+0000][1][safepoint    ] Leaving safepoint region
[2019-12-09T03:07:58.387+0000][1][safepoint    ] Total time for which application threads were stopped: 0.0000784 seconds, Stopping threads took: 0.0000164 seconds
[2019-12-09T03:07:59.388+0000][1][safepoint    ] Application time: 1.0000746 seconds
[2019-12-09T03:07:59.388+0000][1][safepoint    ] Entering safepoint region: Cleanup
[2019-12-09T03:07:59.388+0000][1][safepoint    ] Leaving safepoint region
[2019-12-09T03:07:59.388+0000][1][safepoint    ] Total time for which application threads were stopped: 0.0000775 seconds, Stopping threads took: 0.0000151 seconds
[2019-12-09T03:08:00.388+0000][1][safepoint    ] Application time: 1.0000768 seconds
[2019-12-09T03:08:00.388+0000][1][safepoint    ] Entering safepoint region: Cleanup
[2019-12-09T03:08:00.388+0000][1][safepoint    ] Leaving safepoint region
[2019-12-09T03:08:00.388+0000][1][safepoint    ] Total time for which application threads were stopped: 0.0000796 seconds, Stopping threads took: 0.0000172 seconds
[2019-12-09T03:08:01.388+0000][1][safepoint    ] Application time: 1.0000763 seconds
[2019-12-09T03:08:01.388+0000][1][safepoint    ] Entering safepoint region: Cleanup
[2019-12-09T03:08:01.388+0000][1][safepoint    ] Leaving safepoint region
[2019-12-09T03:08:01.388+0000][1][safepoint    ] Total time for which application threads were stopped: 0.0000811 seconds, Stopping threads took: 0.0000156 seconds
[2019-12-09T03:08:02.388+0000][1][safepoint    ] Application time: 1.0000768 seconds
[2019-12-09T03:08:02.388+0000][1][safepoint    ] Entering safepoint region: Cleanup
[2019-12-09T03:08:02.388+0000][1][safepoint    ] Leaving safepoint region
[2019-12-09T03:08:02.388+0000][1][safepoint    ] Total time for which application threads were stopped: 0.0000837 seconds, Stopping threads took: 0.0000188 seconds
[2019-12-09T03:08:03.388+0000][1][safepoint    ] Application time: 1.0000757 seconds
[2019-12-09T03:08:03.388+0000][1][safepoint    ] Entering safepoint region: Cleanup
[2019-12-09T03:08:03.388+0000][1][safepoint    ] Leaving safepoint region
[2019-12-09T03:08:03.388+0000][1][safepoint    ] Total time for which application threads were stopped: 0.0000768 seconds, Stopping threads took: 0.0000171 seconds
[2019-12-09T03:08:04.388+0000][1][safepoint    ] Application time: 1.0000737 seconds
[2019-12-09T03:08:04.389+0000][1][safepoint    ] Entering safepoint region: Cleanup
[2019-12-09T03:08:04.389+0000][1][safepoint    ] Leaving safepoint region
[2019-12-09T03:08:04.389+0000][1][safepoint    ] Total time for which application threads were stopped: 0.0000793 seconds, Stopping threads took: 0.0000155 seconds
[2019-12-09T03:08:05.389+0000][1][safepoint    ] Application time: 1.0000958 seconds
[2019-12-09T03:08:05.389+0000][1][safepoint    ] Entering safepoint region: Cleanup
[2019-12-09T03:08:05.389+0000][1][safepoint    ] Leaving safepoint region
[2019-12-09T03:08:05.389+0000][1][safepoint    ] Total time for which application threads were stopped: 0.0000885 seconds, Stopping threads took: 0.0000247 seconds
[2019-12-09T03:08:09.389+0000][1][safepoint    ] Application time: 4.0002790 seconds
[2019-12-09T03:08:09.389+0000][1][safepoint    ] Entering safepoint region: Cleanup
[2019-12-09T03:08:09.389+0000][1][safepoint    ] Leaving safepoint region
[2019-12-09T03:08:09.389+0000][1][safepoint    ] Total time for which application threads were stopped: 0.0000757 seconds, Stopping threads took: 0.0000167 seconds
[2019-12-09T03:08:13.390+0000][1][safepoint    ] Application time: 4.0002875 seconds
[2019-12-09T03:08:13.390+0000][1][safepoint    ] Entering safepoint region: Cleanup
[2019-12-09T03:08:13.390+0000][1][safepoint    ] Leaving safepoint region
[2019-12-09T03:08:13.390+0000][1][safepoint    ] Total time for which application threads were stopped: 0.0000776 seconds, Stopping threads took: 0.0000168 seconds
[2019-12-09T03:08:15.213+0000][1][safepoint    ] Application time: 1.8232002 seconds
[2019-12-09T03:08:15.213+0000][1][safepoint    ] Entering safepoint region: Cleanup
[2019-12-09T03:08:15.213+0000][1][safepoint    ] Leaving safepoint region
[2019-12-09T03:08:15.213+0000][1][safepoint    ] Total time for which application threads were stopped: 0.0001805 seconds, Stopping threads took: 0.0000331 seconds
[2019-12-09T03:08:16.213+0000][1][safepoint    ] Application time: 1.0000799 seconds
[2019-12-09T03:08:16.213+0000][1][safepoint    ] Entering safepoint region: Cleanup
[2019-12-09T03:08:16.213+0000][1][safepoint    ] Leaving safepoint region
[2019-12-09T03:08:16.213+0000][1][safepoint    ] Total time for which application threads were stopped: 0.0000852 seconds, Stopping threads took: 0.0000183 seconds
[2019-12-09T03:08:17.213+0000][1][safepoint    ] Application time: 1.0000792 seconds
[2019-12-09T03:08:17.213+0000][1][safepoint    ] Entering safepoint region: Cleanup
[2019-12-09T03:08:17.213+0000][1][safepoint    ] Leaving safepoint region
[2019-12-09T03:08:17.213+0000][1][safepoint    ] Total time for which application threads were stopped: 0.0000836 seconds, Stopping threads took: 0.0000186 seconds
[2019-12-09T03:08:22.214+0000][1][safepoint    ] Application time: 5.0003492 seconds
[2019-12-09T03:08:22.214+0000][1][safepoint    ] Entering safepoint region: Cleanup
[2019-12-09T03:08:22.214+0000][1][safepoint    ] Leaving safepoint region
[2019-12-09T03:08:22.214+0000][1][safepoint    ] Total time for which application threads were stopped: 0.0000888 seconds, Stopping threads took: 0.0000192 seconds
[2019-12-09T03:08:25.214+0000][1][safepoint    ] Application time: 3.0002151 seconds
[2019-12-09T03:08:25.214+0000][1][safepoint    ] Entering safepoint region: Cleanup
[2019-12-09T03:08:25.214+0000][1][safepoint    ] Leaving safepoint region
[2019-12-09T03:08:25.214+0000][1][safepoint    ] Total time for which application threads were stopped: 0.0000806 seconds, Stopping threads took: 0.0000180 seconds
[2019-12-09T03:08:26.214+0000][1][safepoint    ] Application time: 1.0000792 seconds
[2019-12-09T03:08:26.214+0000][1][safepoint    ] Entering safepoint region: Cleanup
[2019-12-09T03:08:26.214+0000][1][safepoint    ] Leaving safepoint region
[2019-12-09T03:08:26.214+0000][1][safepoint    ] Total time for which application threads were stopped: 0.0000849 seconds, Stopping threads took: 0.0000174 seconds
[2019-12-09T03:08:27.215+0000][1][safepoint    ] Application time: 1.0000781 seconds
[2019-12-09T03:08:27.215+0000][1][safepoint    ] Entering safepoint region: Cleanup
[2019-12-09T03:08:27.215+0000][1][safepoint    ] Leaving safepoint region
[2019-12-09T03:08:27.215+0000][1][safepoint    ] Total time for which application threads were stopped: 0.0000827 seconds, Stopping threads took: 0.0000176 seconds
[2019-12-09T03:08:28.215+0000][1][safepoint    ] Application time: 1.0000794 seconds
[2019-12-09T03:08:28.215+0000][1][safepoint    ] Entering safepoint region: Cleanup
[2019-12-09T03:08:28.215+0000][1][safepoint    ] Leaving safepoint region
[2019-12-09T03:08:28.215+0000][1][safepoint    ] Total time for which application threads were stopped: 0.0000905 seconds, Stopping threads took: 0.0000269 seconds
[2019-12-09T03:08:30.215+0000][1][safepoint    ] Application time: 2.0001570 seconds
[2019-12-09T03:08:30.215+0000][1][safepoint    ] Entering safepoint region: Cleanup
[2019-12-09T03:08:30.215+0000][1][safepoint    ] Leaving safepoint region
[2019-12-09T03:08:30.215+0000][1][safepoint    ] Total time for which application threads were stopped: 0.0000840 seconds, Stopping threads took: 0.0000189 seconds
[2019-12-09T03:08:33.215+0000][1][safepoint    ] Application time: 3.0002115 seconds
[2019-12-09T03:08:33.215+0000][1][safepoint    ] Entering safepoint region: Cleanup
[2019-12-09T03:08:33.215+0000][1][safepoint    ] Leaving safepoint region
[2019-12-09T03:08:33.215+0000][1][safepoint    ] Total time for which application threads were stopped: 0.0000820 seconds, Stopping threads took: 0.0000179 seconds
[2019-12-09T03:08:35.216+0000][1][safepoint    ] Application time: 2.0001497 seconds
[2019-12-09T03:08:35.216+0000][1][safepoint    ] Entering safepoint region: Cleanup
[2019-12-09T03:08:35.216+0000][1][safepoint    ] Leaving safepoint region
[2019-12-09T03:08:35.216+0000][1][safepoint    ] Total time for which application threads were stopped: 0.0000819 seconds, Stopping threads took: 0.0000178 seconds
[2019-12-09T03:08:40.216+0000][1][safepoint    ] Application time: 5.0003460 seconds
[2019-12-09T03:08:40.216+0000][1][safepoint    ] Entering safepoint region: Cleanup
[2019-12-09T03:08:40.216+0000][1][safepoint    ] Leaving safepoint region
[2019-12-09T03:08:40.216+0000][1][safepoint    ] Total time for which application threads were stopped: 0.0000949 seconds, Stopping threads took: 0.0000181 seconds
[2019-12-09T03:08:42.216+0000][1][safepoint    ] Application time: 2.0001428 seconds
[2019-12-09T03:08:42.216+0000][1][safepoint    ] Entering safepoint region: Cleanup
[2019-12-09T03:08:42.217+0000][1][safepoint    ] Leaving safepoint region
[2019-12-09T03:08:42.217+0000][1][safepoint    ] Total time for which application threads were stopped: 0.0000847 seconds, Stopping threads took: 0.0000184 seconds
[2019-12-09T03:08:43.217+0000][1][safepoint    ] Application time: 1.0000760 seconds
[2019-12-09T03:08:43.217+0000][1][safepoint    ] Entering safepoint region: Cleanup
[2019-12-09T03:08:43.217+0000][1][safepoint    ] Leaving safepoint region
[2019-12-09T03:08:43.217+0000][1][safepoint    ] Total time for which application threads were stopped: 0.0000894 seconds, Stopping threads took: 0.0000174 seconds
[2019-12-09T03:08:47.585+0000][1][safepoint    ] Application time: 4.3679248 seconds
[2019-12-09T03:08:47.585+0000][1][safepoint    ] Entering safepoint region: GenCollectForAllocation
[2019-12-09T03:08:47.585+0000][1][gc,start     ] GC(25) Pause Young (Allocation Failure)
[2019-12-09T03:08:47.585+0000][1][gc,task      ] GC(25) Using 2 workers of 2 for evacuation
[2019-12-09T03:08:47.602+0000][1][gc,age       ] GC(25) Desired survivor size 4456448 bytes, new threshold 6 (max threshold 6)
[2019-12-09T03:08:47.602+0000][1][gc,age       ] GC(25) Age table with threshold 6 (max threshold 6)
[2019-12-09T03:08:47.602+0000][1][gc,age       ] GC(25) - age   1:     104968 bytes,     104968 total
[2019-12-09T03:08:47.602+0000][1][gc,age       ] GC(25) - age   2:    2007544 bytes,    2112512 total
[2019-12-09T03:08:47.602+0000][1][gc,heap      ] GC(25) ParNew: 78656K->5881K(78656K)
[2019-12-09T03:08:47.602+0000][1][gc,heap      ] GC(25) CMS: 63898K->67531K(174784K)
[2019-12-09T03:08:47.602+0000][1][gc,metaspace ] GC(25) Metaspace: 68583K->68583K(1112064K)
[2019-12-09T03:08:47.602+0000][1][gc           ] GC(25) Pause Young (Allocation Failure) 139M->71M(247M) 16.931ms
[2019-12-09T03:08:47.602+0000][1][gc,cpu       ] GC(25) User=0.03s Sys=0.00s Real=0.01s
[2019-12-09T03:08:47.602+0000][1][safepoint    ] Leaving safepoint region
[2019-12-09T03:08:47.602+0000][1][safepoint    ] Total time for which application threads were stopped: 0.0171034 seconds, Stopping threads took: 0.0000337 seconds
[2019-12-09T03:08:49.602+0000][1][safepoint    ] Application time: 2.0001556 seconds
[2019-12-09T03:08:49.602+0000][1][safepoint    ] Entering safepoint region: Cleanup
[2019-12-09T03:08:49.602+0000][1][safepoint    ] Leaving safepoint region
[2019-12-09T03:08:49.602+0000][1][safepoint    ] Total time for which application threads were stopped: 0.0000813 seconds, Stopping threads took: 0.0000160 seconds
[2019-12-09T03:08:51.602+0000][1][safepoint    ] Application time: 2.0001407 seconds
[2019-12-09T03:08:51.602+0000][1][safepoint    ] Entering safepoint region: Cleanup
[2019-12-09T03:08:51.602+0000][1][safepoint    ] Leaving safepoint region
[2019-12-09T03:08:51.602+0000][1][safepoint    ] Total time for which application threads were stopped: 0.0000791 seconds, Stopping threads took: 0.0000171 seconds
[2019-12-09T03:08:53.603+0000][1][safepoint    ] Application time: 2.0001436 seconds
[2019-12-09T03:08:53.603+0000][1][safepoint    ] Entering safepoint region: Cleanup
[2019-12-09T03:08:53.603+0000][1][safepoint    ] Leaving safepoint region
[2019-12-09T03:08:53.603+0000][1][safepoint    ] Total time for which application threads were stopped: 0.0000787 seconds, Stopping threads took: 0.0000173 seconds
[2019-12-09T03:08:54.603+0000][1][safepoint    ] Application time: 1.0000759 seconds
[2019-12-09T03:08:54.603+0000][1][safepoint    ] Entering safepoint region: Cleanup
[2019-12-09T03:08:54.603+0000][1][safepoint    ] Leaving safepoint region
[2019-12-09T03:08:54.603+0000][1][safepoint    ] Total time for which application threads were stopped: 0.0000789 seconds, Stopping threads took: 0.0000161 seconds
[2019-12-09T03:09:00.603+0000][1][safepoint    ] Application time: 6.0004108 seconds
[2019-12-09T03:09:00.603+0000][1][safepoint    ] Entering safepoint region: Cleanup
[2019-12-09T03:09:00.603+0000][1][safepoint    ] Leaving safepoint region
[2019-12-09T03:09:00.603+0000][1][safepoint    ] Total time for which application threads were stopped: 0.0000802 seconds, Stopping threads took: 0.0000171 seconds
[2019-12-09T03:09:01.603+0000][1][safepoint    ] Application time: 1.0000812 seconds
[2019-12-09T03:09:01.603+0000][1][safepoint    ] Entering safepoint region: Cleanup
[2019-12-09T03:09:01.604+0000][1][safepoint    ] Leaving safepoint region
[2019-12-09T03:09:01.604+0000][1][safepoint    ] Total time for which application threads were stopped: 0.0000902 seconds, Stopping threads took: 0.0000227 seconds
[2019-12-09T03:09:02.604+0000][1][safepoint    ] Application time: 1.0000766 seconds
[2019-12-09T03:09:02.604+0000][1][safepoint    ] Entering safepoint region: Cleanup
[2019-12-09T03:09:02.604+0000][1][safepoint    ] Leaving safepoint region
[2019-12-09T03:09:02.604+0000][1][safepoint    ] Total time for which application threads were stopped: 0.0000798 seconds, Stopping threads took: 0.0000182 seconds
[2019-12-09T03:09:04.604+0000][1][safepoint    ] Application time: 2.0001401 seconds
[2019-12-09T03:09:04.604+0000][1][safepoint    ] Entering safepoint region: Cleanup
[2019-12-09T03:09:04.604+0000][1][safepoint    ] Leaving safepoint region
[2019-12-09T03:09:04.604+0000][1][safepoint    ] Total time for which application threads were stopped: 0.0000871 seconds, Stopping threads took: 0.0000166 seconds
[2019-12-09T03:09:07.604+0000][1][safepoint    ] Application time: 3.0002037 seconds
[2019-12-09T03:09:07.604+0000][1][safepoint    ] Entering safepoint region: Cleanup
[2019-12-09T03:09:07.604+0000][1][safepoint    ] Leaving safepoint region
[2019-12-09T03:09:07.604+0000][1][safepoint    ] Total time for which application threads were stopped: 0.0000881 seconds, Stopping threads took: 0.0000149 seconds
[2019-12-09T03:09:08.604+0000][1][safepoint    ] Application time: 1.0000808 seconds
[2019-12-09T03:09:08.604+0000][1][safepoint    ] Entering safepoint region: Cleanup
[2019-12-09T03:09:08.605+0000][1][safepoint    ] Leaving safepoint region
[2019-12-09T03:09:08.605+0000][1][safepoint    ] Total time for which application threads were stopped: 0.0000767 seconds, Stopping threads took: 0.0000148 seconds
[2019-12-09T03:09:13.605+0000][1][safepoint    ] Application time: 5.0003489 seconds
[2019-12-09T03:09:13.605+0000][1][safepoint    ] Entering safepoint region: Cleanup
[2019-12-09T03:09:13.605+0000][1][safepoint    ] Leaving safepoint region
[2019-12-09T03:09:13.605+0000][1][safepoint    ] Total time for which application threads were stopped: 0.0000792 seconds, Stopping threads took: 0.0000157 seconds
[2019-12-09T03:09:20.606+0000][1][safepoint    ] Application time: 7.0004974 seconds
[2019-12-09T03:09:20.606+0000][1][safepoint    ] Entering safepoint region: Cleanup
[2019-12-09T03:09:20.606+0000][1][safepoint    ] Leaving safepoint region
[2019-12-09T03:09:20.606+0000][1][safepoint    ] Total time for which application threads were stopped: 0.0001267 seconds, Stopping threads took: 0.0000322 seconds
[2019-12-09T03:09:21.606+0000][1][safepoint    ] Application time: 1.0000788 seconds
[2019-12-09T03:09:21.606+0000][1][safepoint    ] Entering safepoint region: Cleanup
[2019-12-09T03:09:21.606+0000][1][safepoint    ] Leaving safepoint region
[2019-12-09T03:09:21.606+0000][1][safepoint    ] Total time for which application threads were stopped: 0.0000729 seconds, Stopping threads took: 0.0000149 seconds
[2019-12-09T03:09:23.606+0000][1][safepoint    ] Application time: 2.0001520 seconds
[2019-12-09T03:09:23.606+0000][1][safepoint    ] Entering safepoint region: Cleanup
[2019-12-09T03:09:23.606+0000][1][safepoint    ] Leaving safepoint region
[2019-12-09T03:09:23.606+0000][1][safepoint    ] Total time for which application threads were stopped: 0.0000899 seconds, Stopping threads took: 0.0000169 seconds
[2019-12-09T03:09:24.606+0000][1][safepoint    ] Application time: 1.0000826 seconds
[2019-12-09T03:09:24.606+0000][1][safepoint    ] Entering safepoint region: Cleanup
[2019-12-09T03:09:24.606+0000][1][safepoint    ] Leaving safepoint region
[2019-12-09T03:09:24.606+0000][1][safepoint    ] Total time for which application threads were stopped: 0.0001236 seconds, Stopping threads took: 0.0000233 seconds
[2019-12-09T03:09:27.607+0000][1][safepoint    ] Application time: 3.0002076 seconds
[2019-12-09T03:09:27.607+0000][1][safepoint    ] Entering safepoint region: Cleanup
[2019-12-09T03:09:27.607+0000][1][safepoint    ] Leaving safepoint region
[2019-12-09T03:09:27.607+0000][1][safepoint    ] Total time for which application threads were stopped: 0.0000771 seconds, Stopping threads took: 0.0000152 seconds
[2019-12-09T03:09:37.607+0000][1][safepoint    ] Application time: 10.0006748 seconds
[2019-12-09T03:09:37.608+0000][1][safepoint    ] Entering safepoint region: Cleanup
[2019-12-09T03:09:37.608+0000][1][safepoint    ] Leaving safepoint region
[2019-12-09T03:09:37.608+0000][1][safepoint    ] Total time for which application threads were stopped: 0.0000767 seconds, Stopping threads took: 0.0000156 seconds
[2019-12-09T03:09:39.608+0000][1][safepoint    ] Application time: 2.0001384 seconds
[2019-12-09T03:09:39.608+0000][1][safepoint    ] Entering safepoint region: Cleanup
[2019-12-09T03:09:39.608+0000][1][safepoint    ] Leaving safepoint region
[2019-12-09T03:09:39.608+0000][1][safepoint    ] Total time for which application threads were stopped: 0.0000757 seconds, Stopping threads took: 0.0000145 seconds
[2019-12-09T03:09:45.608+0000][1][safepoint    ] Application time: 6.0004231 seconds
[2019-12-09T03:09:45.608+0000][1][safepoint    ] Entering safepoint region: Cleanup
[2019-12-09T03:09:45.608+0000][1][safepoint    ] Leaving safepoint region
[2019-12-09T03:09:45.608+0000][1][safepoint    ] Total time for which application threads were stopped: 0.0000842 seconds, Stopping threads took: 0.0000241 seconds
[2019-12-09T03:09:48.609+0000][1][safepoint    ] Application time: 3.0002174 seconds
[2019-12-09T03:09:48.609+0000][1][safepoint    ] Entering safepoint region: Cleanup
[2019-12-09T03:09:48.609+0000][1][safepoint    ] Leaving safepoint region
[2019-12-09T03:09:48.609+0000][1][safepoint    ] Total time for which application threads were stopped: 0.0000898 seconds, Stopping threads took: 0.0000159 seconds
[2019-12-09T03:09:54.609+0000][1][safepoint    ] Application time: 6.0004187 seconds
[2019-12-09T03:09:54.609+0000][1][safepoint    ] Entering safepoint region: Cleanup
[2019-12-09T03:09:54.609+0000][1][safepoint    ] Leaving safepoint region
[2019-12-09T03:09:54.609+0000][1][safepoint    ] Total time for which application threads were stopped: 0.0000762 seconds, Stopping threads took: 0.0000168 seconds
[2019-12-09T03:09:55.609+0000][1][safepoint    ] Application time: 1.0000787 seconds
[2019-12-09T03:09:55.609+0000][1][safepoint    ] Entering safepoint region: Cleanup
[2019-12-09T03:09:55.609+0000][1][safepoint    ] Leaving safepoint region
[2019-12-09T03:09:55.609+0000][1][safepoint    ] Total time for which application threads were stopped: 0.0000735 seconds, Stopping threads took: 0.0000139 seconds
[2019-12-09T03:09:57.610+0000][1][safepoint    ] Application time: 2.0001641 seconds
[2019-12-09T03:09:57.610+0000][1][safepoint    ] Entering safepoint region: Cleanup
[2019-12-09T03:09:57.610+0000][1][safepoint    ] Leaving safepoint region
[2019-12-09T03:09:57.610+0000][1][safepoint    ] Total time for which application threads were stopped: 0.0000858 seconds, Stopping threads took: 0.0000140 seconds
[2019-12-09T03:09:58.610+0000][1][safepoint    ] Application time: 1.0001575 seconds
[2019-12-09T03:09:58.610+0000][1][safepoint    ] Entering safepoint region: Cleanup
[2019-12-09T03:09:58.610+0000][1][safepoint    ] Leaving safepoint region
[2019-12-09T03:09:58.610+0000][1][safepoint    ] Total time for which application threads were stopped: 0.0001067 seconds, Stopping threads took: 0.0000218 seconds
[2019-12-09T03:10:02.610+0000][1][safepoint    ] Application time: 4.0002818 seconds
[2019-12-09T03:10:02.610+0000][1][safepoint    ] Entering safepoint region: Cleanup
[2019-12-09T03:10:02.610+0000][1][safepoint    ] Leaving safepoint region
[2019-12-09T03:10:02.610+0000][1][safepoint    ] Total time for which application threads were stopped: 0.0000842 seconds, Stopping threads took: 0.0000182 seconds
[2019-12-09T03:10:03.611+0000][1][safepoint    ] Application time: 1.0000763 seconds
[2019-12-09T03:10:03.611+0000][1][safepoint    ] Entering safepoint region: Cleanup
[2019-12-09T03:10:03.611+0000][1][safepoint    ] Leaving safepoint region
[2019-12-09T03:10:03.611+0000][1][safepoint    ] Total time for which application threads were stopped: 0.0000812 seconds, Stopping threads took: 0.0000171 seconds
[2019-12-09T03:10:06.611+0000][1][safepoint    ] Application time: 3.0002211 seconds
[2019-12-09T03:10:06.611+0000][1][safepoint    ] Entering safepoint region: Cleanup
[2019-12-09T03:10:06.611+0000][1][safepoint    ] Leaving safepoint region
[2019-12-09T03:10:06.611+0000][1][safepoint    ] Total time for which application threads were stopped: 0.0000847 seconds, Stopping threads took: 0.0000182 seconds
[2019-12-09T03:10:08.611+0000][1][safepoint    ] Application time: 2.0001440 seconds
[2019-12-09T03:10:08.611+0000][1][safepoint    ] Entering safepoint region: Cleanup
[2019-12-09T03:10:08.611+0000][1][safepoint    ] Leaving safepoint region
[2019-12-09T03:10:08.611+0000][1][safepoint    ] Total time for which application threads were stopped: 0.0000922 seconds, Stopping threads took: 0.0000174 seconds
[2019-12-09T03:10:09.611+0000][1][safepoint    ] Application time: 1.0000745 seconds
[2019-12-09T03:10:09.611+0000][1][safepoint    ] Entering safepoint region: Cleanup
[2019-12-09T03:10:09.611+0000][1][safepoint    ] Leaving safepoint region
[2019-12-09T03:10:09.611+0000][1][safepoint    ] Total time for which application threads were stopped: 0.0000795 seconds, Stopping threads took: 0.0000154 seconds
[2019-12-09T03:10:10.612+0000][1][safepoint    ] Application time: 1.0000743 seconds
[2019-12-09T03:10:10.612+0000][1][safepoint    ] Entering safepoint region: Cleanup
[2019-12-09T03:10:10.612+0000][1][safepoint    ] Leaving safepoint region
[2019-12-09T03:10:10.612+0000][1][safepoint    ] Total time for which application threads were stopped: 0.0000939 seconds, Stopping threads took: 0.0000184 seconds
[2019-12-09T03:10:13.612+0000][1][safepoint    ] Application time: 3.0002075 seconds
[2019-12-09T03:10:13.612+0000][1][safepoint    ] Entering safepoint region: Cleanup
[2019-12-09T03:10:13.612+0000][1][safepoint    ] Leaving safepoint region
[2019-12-09T03:10:13.612+0000][1][safepoint    ] Total time for which application threads were stopped: 0.0000809 seconds, Stopping threads took: 0.0000183 seconds
[2019-12-09T03:10:16.612+0000][1][safepoint    ] Application time: 3.0002134 seconds
[2019-12-09T03:10:16.612+0000][1][safepoint    ] Entering safepoint region: Cleanup
[2019-12-09T03:10:16.612+0000][1][safepoint    ] Leaving safepoint region
[2019-12-09T03:10:16.612+0000][1][safepoint    ] Total time for which application threads were stopped: 0.0000989 seconds, Stopping threads took: 0.0000242 seconds
[2019-12-09T03:10:17.612+0000][1][safepoint    ] Application time: 1.0000771 seconds
[2019-12-09T03:10:17.613+0000][1][safepoint    ] Entering safepoint region: Cleanup
[2019-12-09T03:10:17.613+0000][1][safepoint    ] Leaving safepoint region
[2019-12-09T03:10:17.613+0000][1][safepoint    ] Total time for which application threads were stopped: 0.0000831 seconds, Stopping threads took: 0.0000185 seconds
[2019-12-09T03:10:22.613+0000][1][safepoint    ] Application time: 5.0003650 seconds
[2019-12-09T03:10:22.613+0000][1][safepoint    ] Entering safepoint region: Cleanup
[2019-12-09T03:10:22.613+0000][1][safepoint    ] Leaving safepoint region
[2019-12-09T03:10:22.613+0000][1][safepoint    ] Total time for which application threads were stopped: 0.0000828 seconds, Stopping threads took: 0.0000178 seconds
[2019-12-09T03:10:23.613+0000][1][safepoint    ] Application time: 1.0000769 seconds
[2019-12-09T03:10:23.613+0000][1][safepoint    ] Entering safepoint region: Cleanup
[2019-12-09T03:10:23.613+0000][1][safepoint    ] Leaving safepoint region
[2019-12-09T03:10:23.613+0000][1][safepoint    ] Total time for which application threads were stopped: 0.0000802 seconds, Stopping threads took: 0.0000175 seconds
[2019-12-09T03:10:30.614+0000][1][safepoint    ] Application time: 7.0004855 seconds
[2019-12-09T03:10:30.614+0000][1][safepoint    ] Entering safepoint region: Cleanup
[2019-12-09T03:10:30.614+0000][1][safepoint    ] Leaving safepoint region
[2019-12-09T03:10:30.614+0000][1][safepoint    ] Total time for which application threads were stopped: 0.0000802 seconds, Stopping threads took: 0.0000168 seconds
[2019-12-09T03:10:34.614+0000][1][safepoint    ] Application time: 4.0002795 seconds
[2019-12-09T03:10:34.614+0000][1][safepoint    ] Entering safepoint region: Cleanup
[2019-12-09T03:10:34.614+0000][1][safepoint    ] Leaving safepoint region
[2019-12-09T03:10:34.614+0000][1][safepoint    ] Total time for which application threads were stopped: 0.0000828 seconds, Stopping threads took: 0.0000181 seconds
[2019-12-09T03:10:36.614+0000][1][safepoint    ] Application time: 2.0001449 seconds
[2019-12-09T03:10:36.614+0000][1][safepoint    ] Entering safepoint region: Cleanup
[2019-12-09T03:10:36.615+0000][1][safepoint    ] Leaving safepoint region
[2019-12-09T03:10:36.615+0000][1][safepoint    ] Total time for which application threads were stopped: 0.0000777 seconds, Stopping threads took: 0.0000179 seconds
[2019-12-09T03:10:38.615+0000][1][safepoint    ] Application time: 2.0001446 seconds
[2019-12-09T03:10:38.615+0000][1][safepoint    ] Entering safepoint region: Cleanup
[2019-12-09T03:10:38.615+0000][1][safepoint    ] Leaving safepoint region
[2019-12-09T03:10:38.615+0000][1][safepoint    ] Total time for which application threads were stopped: 0.0000828 seconds, Stopping threads took: 0.0000183 seconds
[2019-12-09T03:10:40.615+0000][1][safepoint    ] Application time: 2.0001449 seconds
[2019-12-09T03:10:40.615+0000][1][safepoint    ] Entering safepoint region: Cleanup
[2019-12-09T03:10:40.615+0000][1][safepoint    ] Leaving safepoint region
[2019-12-09T03:10:40.615+0000][1][safepoint    ] Total time for which application threads were stopped: 0.0000828 seconds, Stopping threads took: 0.0000159 seconds
[2019-12-09T03:10:41.615+0000][1][safepoint    ] Application time: 1.0000770 seconds
[2019-12-09T03:10:41.615+0000][1][safepoint    ] Entering safepoint region: Cleanup
[2019-12-09T03:10:41.615+0000][1][safepoint    ] Leaving safepoint region
[2019-12-09T03:10:41.615+0000][1][safepoint    ] Total time for which application threads were stopped: 0.0000894 seconds, Stopping threads took: 0.0000182 seconds
[2019-12-09T03:10:44.616+0000][1][safepoint    ] Application time: 3.0002107 seconds
[2019-12-09T03:10:44.616+0000][1][safepoint    ] Entering safepoint region: Cleanup
[2019-12-09T03:10:44.616+0000][1][safepoint    ] Leaving safepoint region
[2019-12-09T03:10:44.616+0000][1][safepoint    ] Total time for which application threads were stopped: 0.0000878 seconds, Stopping threads took: 0.0000252 seconds
[2019-12-09T03:10:53.616+0000][1][safepoint    ] Application time: 9.0006133 seconds
[2019-12-09T03:10:53.616+0000][1][safepoint    ] Entering safepoint region: Cleanup
[2019-12-09T03:10:53.616+0000][1][safepoint    ] Leaving safepoint region
[2019-12-09T03:10:53.616+0000][1][safepoint    ] Total time for which application threads were stopped: 0.0000836 seconds, Stopping threads took: 0.0000183 seconds
[2019-12-09T03:10:54.277+0000][1][safepoint    ] Application time: 0.6605802 seconds
[2019-12-09T03:10:54.277+0000][1][safepoint    ] Entering safepoint region: GenCollectForAllocation
[2019-12-09T03:10:54.277+0000][1][gc,start     ] GC(26) Pause Young (Allocation Failure)
[2019-12-09T03:10:54.277+0000][1][gc,task      ] GC(26) Using 2 workers of 2 for evacuation
[2019-12-09T03:10:54.283+0000][1][gc,age       ] GC(26) Desired survivor size 4456448 bytes, new threshold 6 (max threshold 6)
[2019-12-09T03:10:54.283+0000][1][gc,age       ] GC(26) Age table with threshold 6 (max threshold 6)
[2019-12-09T03:10:54.283+0000][1][gc,age       ] GC(26) - age   1:      13536 bytes,      13536 total
[2019-12-09T03:10:54.283+0000][1][gc,age       ] GC(26) - age   2:     100720 bytes,     114256 total
[2019-12-09T03:10:54.283+0000][1][gc,age       ] GC(26) - age   3:    2007320 bytes,    2121576 total
[2019-12-09T03:10:54.283+0000][1][gc,heap      ] GC(26) ParNew: 75833K->2979K(78656K)
[2019-12-09T03:10:54.283+0000][1][gc,heap      ] GC(26) CMS: 67531K->67531K(174784K)
[2019-12-09T03:10:54.283+0000][1][gc,metaspace ] GC(26) Metaspace: 68850K->68850K(1112064K)
[2019-12-09T03:10:54.283+0000][1][gc           ] GC(26) Pause Young (Allocation Failure) 140M->68M(247M) 5.930ms
[2019-12-09T03:10:54.283+0000][1][gc,cpu       ] GC(26) User=0.01s Sys=0.00s Real=0.00s
[2019-12-09T03:10:54.283+0000][1][safepoint    ] Leaving safepoint region
[2019-12-09T03:10:54.283+0000][1][safepoint    ] Total time for which application threads were stopped: 0.0060872 seconds, Stopping threads took: 0.0000180 seconds
[2019-12-09T03:10:58.283+0000][1][safepoint    ] Application time: 4.0002858 seconds
[2019-12-09T03:10:58.283+0000][1][safepoint    ] Entering safepoint region: Cleanup
[2019-12-09T03:10:58.284+0000][1][safepoint    ] Leaving safepoint region
[2019-12-09T03:10:58.284+0000][1][safepoint    ] Total time for which application threads were stopped: 0.0000830 seconds, Stopping threads took: 0.0000186 seconds
[2019-12-09T03:11:01.284+0000][1][safepoint    ] Application time: 3.0002165 seconds
[2019-12-09T03:11:01.284+0000][1][safepoint    ] Entering safepoint region: Cleanup
[2019-12-09T03:11:01.284+0000][1][safepoint    ] Leaving safepoint region
[2019-12-09T03:11:01.284+0000][1][safepoint    ] Total time for which application threads were stopped: 0.0000840 seconds, Stopping threads took: 0.0000199 seconds
[2019-12-09T03:11:11.285+0000][1][safepoint    ] Application time: 10.0006821 seconds
[2019-12-09T03:11:11.285+0000][1][safepoint    ] Entering safepoint region: Cleanup
[2019-12-09T03:11:11.285+0000][1][safepoint    ] Leaving safepoint region
[2019-12-09T03:11:11.285+0000][1][safepoint    ] Total time for which application threads were stopped: 0.0000864 seconds, Stopping threads took: 0.0000183 seconds
[2019-12-09T03:11:13.285+0000][1][safepoint    ] Application time: 2.0001449 seconds
[2019-12-09T03:11:13.285+0000][1][safepoint    ] Entering safepoint region: Cleanup
[2019-12-09T03:11:13.285+0000][1][safepoint    ] Leaving safepoint region
[2019-12-09T03:11:13.285+0000][1][safepoint    ] Total time for which application threads were stopped: 0.0000928 seconds, Stopping threads took: 0.0000179 seconds
[2019-12-09T03:11:19.285+0000][1][safepoint    ] Application time: 6.0004175 seconds
[2019-12-09T03:11:19.285+0000][1][safepoint    ] Entering safepoint region: Cleanup
[2019-12-09T03:11:19.286+0000][1][safepoint    ] Leaving safepoint region
[2019-12-09T03:11:19.286+0000][1][safepoint    ] Total time for which application threads were stopped: 0.0001045 seconds, Stopping threads took: 0.0000267 seconds
[2019-12-09T03:11:20.286+0000][1][safepoint    ] Application time: 1.0000779 seconds
[2019-12-09T03:11:20.286+0000][1][safepoint    ] Entering safepoint region: Cleanup
[2019-12-09T03:11:20.286+0000][1][safepoint    ] Leaving safepoint region
[2019-12-09T03:11:20.286+0000][1][safepoint    ] Total time for which application threads were stopped: 0.0000897 seconds, Stopping threads took: 0.0000171 seconds
[2019-12-09T03:11:26.286+0000][1][safepoint    ] Application time: 6.0004091 seconds
[2019-12-09T03:11:26.286+0000][1][safepoint    ] Entering safepoint region: Cleanup
[2019-12-09T03:11:26.286+0000][1][safepoint    ] Leaving safepoint region
[2019-12-09T03:11:26.286+0000][1][safepoint    ] Total time for which application threads were stopped: 0.0000837 seconds, Stopping threads took: 0.0000175 seconds
[2019-12-09T03:11:27.286+0000][1][safepoint    ] Application time: 1.0000796 seconds
[2019-12-09T03:11:27.286+0000][1][safepoint    ] Entering safepoint region: Cleanup
[2019-12-09T03:11:27.286+0000][1][safepoint    ] Leaving safepoint region
[2019-12-09T03:11:27.286+0000][1][safepoint    ] Total time for which application threads were stopped: 0.0000857 seconds, Stopping threads took: 0.0000182 seconds
[2019-12-09T03:11:34.287+0000][1][safepoint    ] Application time: 7.0004518 seconds
[2019-12-09T03:11:34.287+0000][1][safepoint    ] Entering safepoint region: Cleanup
[2019-12-09T03:11:34.287+0000][1][safepoint    ] Leaving safepoint region
[2019-12-09T03:11:34.287+0000][1][safepoint    ] Total time for which application threads were stopped: 0.0000850 seconds, Stopping threads took: 0.0000218 seconds
[2019-12-09T03:11:35.287+0000][1][safepoint    ] Application time: 1.0000782 seconds
[2019-12-09T03:11:35.287+0000][1][safepoint    ] Entering safepoint region: Cleanup
[2019-12-09T03:11:35.287+0000][1][safepoint    ] Leaving safepoint region
[2019-12-09T03:11:35.287+0000][1][safepoint    ] Total time for which application threads were stopped: 0.0000846 seconds, Stopping threads took: 0.0000171 seconds
[2019-12-09T03:11:37.287+0000][1][safepoint    ] Application time: 2.0001493 seconds
[2019-12-09T03:11:37.287+0000][1][safepoint    ] Entering safepoint region: Cleanup
[2019-12-09T03:11:37.287+0000][1][safepoint    ] Leaving safepoint region
[2019-12-09T03:11:37.287+0000][1][safepoint    ] Total time for which application threads were stopped: 0.0000765 seconds, Stopping threads took: 0.0000168 seconds
[2019-12-09T03:11:38.288+0000][1][safepoint    ] Application time: 1.0000745 seconds
[2019-12-09T03:11:38.288+0000][1][safepoint    ] Entering safepoint region: Cleanup
[2019-12-09T03:11:38.288+0000][1][safepoint    ] Leaving safepoint region
[2019-12-09T03:11:38.288+0000][1][safepoint    ] Total time for which application threads were stopped: 0.0000801 seconds, Stopping threads took: 0.0000161 seconds
[2019-12-09T03:11:39.288+0000][1][safepoint    ] Application time: 1.0005371 seconds
[2019-12-09T03:11:39.288+0000][1][safepoint    ] Entering safepoint region: Cleanup
[2019-12-09T03:11:39.288+0000][1][safepoint    ] Leaving safepoint region
[2019-12-09T03:11:39.288+0000][1][safepoint    ] Total time for which application threads were stopped: 0.0000845 seconds, Stopping threads took: 0.0000238 seconds
[2019-12-09T03:11:40.288+0000][1][safepoint    ] Application time: 1.0000758 seconds
[2019-12-09T03:11:40.288+0000][1][safepoint    ] Entering safepoint region: Cleanup
[2019-12-09T03:11:40.289+0000][1][safepoint    ] Leaving safepoint region
[2019-12-09T03:11:40.289+0000][1][safepoint    ] Total time for which application threads were stopped: 0.0000802 seconds, Stopping threads took: 0.0000164 seconds
[2019-12-09T03:11:41.289+0000][1][safepoint    ] Application time: 1.0000779 seconds
[2019-12-09T03:11:41.289+0000][1][safepoint    ] Entering safepoint region: Cleanup
[2019-12-09T03:11:41.289+0000][1][safepoint    ] Leaving safepoint region
[2019-12-09T03:11:41.289+0000][1][safepoint    ] Total time for which application threads were stopped: 0.0000884 seconds, Stopping threads took: 0.0000156 seconds
[2019-12-09T03:11:42.289+0000][1][safepoint    ] Application time: 1.0000748 seconds
[2019-12-09T03:11:42.289+0000][1][safepoint    ] Entering safepoint region: Cleanup
[2019-12-09T03:11:42.289+0000][1][safepoint    ] Leaving safepoint region
[2019-12-09T03:11:42.289+0000][1][safepoint    ] Total time for which application threads were stopped: 0.0000796 seconds, Stopping threads took: 0.0000170 seconds
[2019-12-09T03:11:45.291+0000][1][safepoint    ] Application time: 3.0022160 seconds
[2019-12-09T03:11:45.291+0000][1][safepoint    ] Entering safepoint region: Cleanup
[2019-12-09T03:11:45.291+0000][1][safepoint    ] Leaving safepoint region
[2019-12-09T03:11:45.291+0000][1][safepoint    ] Total time for which application threads were stopped: 0.0000855 seconds, Stopping threads took: 0.0000209 seconds
[2019-12-09T03:11:52.292+0000][1][safepoint    ] Application time: 7.0005143 seconds
[2019-12-09T03:11:52.292+0000][1][safepoint    ] Entering safepoint region: Cleanup
[2019-12-09T03:11:52.292+0000][1][safepoint    ] Leaving safepoint region
[2019-12-09T03:11:52.292+0000][1][safepoint    ] Total time for which application threads were stopped: 0.0000863 seconds, Stopping threads took: 0.0000256 seconds
[2019-12-09T03:12:10.293+0000][1][safepoint    ] Application time: 18.0012189 seconds
[2019-12-09T03:12:10.293+0000][1][safepoint    ] Entering safepoint region: Cleanup
[2019-12-09T03:12:10.293+0000][1][safepoint    ] Leaving safepoint region
[2019-12-09T03:12:10.293+0000][1][safepoint    ] Total time for which application threads were stopped: 0.0000819 seconds, Stopping threads took: 0.0000240 seconds
[2019-12-09T03:12:11.293+0000][1][safepoint    ] Application time: 1.0000782 seconds
[2019-12-09T03:12:11.293+0000][1][safepoint    ] Entering safepoint region: Cleanup
[2019-12-09T03:12:11.293+0000][1][safepoint    ] Leaving safepoint region
[2019-12-09T03:12:11.293+0000][1][safepoint    ] Total time for which application threads were stopped: 0.0000906 seconds, Stopping threads took: 0.0000181 seconds
[2019-12-09T03:12:16.294+0000][1][safepoint    ] Application time: 5.0003410 seconds
[2019-12-09T03:12:16.294+0000][1][safepoint    ] Entering safepoint region: Cleanup
[2019-12-09T03:12:16.294+0000][1][safepoint    ] Leaving safepoint region
[2019-12-09T03:12:16.294+0000][1][safepoint    ] Total time for which application threads were stopped: 0.0000864 seconds, Stopping threads took: 0.0000183 seconds
[2019-12-09T03:12:20.294+0000][1][safepoint    ] Application time: 4.0002799 seconds
[2019-12-09T03:12:20.294+0000][1][safepoint    ] Entering safepoint region: Cleanup
[2019-12-09T03:12:20.294+0000][1][safepoint    ] Leaving safepoint region
[2019-12-09T03:12:20.294+0000][1][safepoint    ] Total time for which application threads were stopped: 0.0000844 seconds, Stopping threads took: 0.0000240 seconds
[2019-12-09T03:12:22.294+0000][1][safepoint    ] Application time: 2.0001431 seconds
[2019-12-09T03:12:22.294+0000][1][safepoint    ] Entering safepoint region: Cleanup
[2019-12-09T03:12:22.295+0000][1][safepoint    ] Leaving safepoint region
[2019-12-09T03:12:22.295+0000][1][safepoint    ] Total time for which application threads were stopped: 0.0000923 seconds, Stopping threads took: 0.0000173 seconds
[2019-12-09T03:12:23.295+0000][1][safepoint    ] Application time: 1.0000754 seconds
[2019-12-09T03:12:23.295+0000][1][safepoint    ] Entering safepoint region: Cleanup
[2019-12-09T03:12:23.295+0000][1][safepoint    ] Leaving safepoint region
[2019-12-09T03:12:23.295+0000][1][safepoint    ] Total time for which application threads were stopped: 0.0000825 seconds, Stopping threads took: 0.0000184 seconds
[2019-12-09T03:12:25.295+0000][1][safepoint    ] Application time: 2.0001425 seconds
[2019-12-09T03:12:25.295+0000][1][safepoint    ] Entering safepoint region: Cleanup
[2019-12-09T03:12:25.295+0000][1][safepoint    ] Leaving safepoint region
[2019-12-09T03:12:25.295+0000][1][safepoint    ] Total time for which application threads were stopped: 0.0000878 seconds, Stopping threads took: 0.0000267 seconds
[2019-12-09T03:12:31.295+0000][1][safepoint    ] Application time: 6.0004116 seconds
[2019-12-09T03:12:31.295+0000][1][safepoint    ] Entering safepoint region: Cleanup
[2019-12-09T03:12:31.296+0000][1][safepoint    ] Leaving safepoint region
[2019-12-09T03:12:31.296+0000][1][safepoint    ] Total time for which application threads were stopped: 0.0000783 seconds, Stopping threads took: 0.0000164 seconds
[2019-12-09T03:12:33.296+0000][1][safepoint    ] Application time: 2.0001449 seconds
[2019-12-09T03:12:33.296+0000][1][safepoint    ] Entering safepoint region: Cleanup
[2019-12-09T03:12:33.296+0000][1][safepoint    ] Leaving safepoint region
[2019-12-09T03:12:33.296+0000][1][safepoint    ] Total time for which application threads were stopped: 0.0000804 seconds, Stopping threads took: 0.0000174 seconds
[2019-12-09T03:12:34.296+0000][1][safepoint    ] Application time: 1.0000764 seconds
[2019-12-09T03:12:34.296+0000][1][safepoint    ] Entering safepoint region: Cleanup
[2019-12-09T03:12:34.296+0000][1][safepoint    ] Leaving safepoint region
[2019-12-09T03:12:34.296+0000][1][safepoint    ] Total time for which application threads were stopped: 0.0000803 seconds, Stopping threads took: 0.0000169 seconds
[2019-12-09T03:12:35.296+0000][1][safepoint    ] Application time: 1.0000770 seconds
[2019-12-09T03:12:35.296+0000][1][safepoint    ] Entering safepoint region: Cleanup
[2019-12-09T03:12:35.296+0000][1][safepoint    ] Leaving safepoint region
[2019-12-09T03:12:35.296+0000][1][safepoint    ] Total time for which application threads were stopped: 0.0000800 seconds, Stopping threads took: 0.0000174 seconds
[2019-12-09T03:12:37.296+0000][1][safepoint    ] Application time: 2.0001426 seconds
[2019-12-09T03:12:37.296+0000][1][safepoint    ] Entering safepoint region: Cleanup
[2019-12-09T03:12:37.296+0000][1][safepoint    ] Leaving safepoint region
[2019-12-09T03:12:37.296+0000][1][safepoint    ] Total time for which application threads were stopped: 0.0000809 seconds, Stopping threads took: 0.0000174 seconds
[2019-12-09T03:12:40.297+0000][1][safepoint    ] Application time: 3.0002206 seconds
[2019-12-09T03:12:40.297+0000][1][safepoint    ] Entering safepoint region: Cleanup
[2019-12-09T03:12:40.297+0000][1][safepoint    ] Leaving safepoint region
[2019-12-09T03:12:40.297+0000][1][safepoint    ] Total time for which application threads were stopped: 0.0000837 seconds, Stopping threads took: 0.0000150 seconds
[2019-12-09T03:12:41.297+0000][1][safepoint    ] Application time: 1.0000766 seconds
[2019-12-09T03:12:41.297+0000][1][safepoint    ] Entering safepoint region: Cleanup
[2019-12-09T03:12:41.297+0000][1][safepoint    ] Leaving safepoint region
[2019-12-09T03:12:41.297+0000][1][safepoint    ] Total time for which application threads were stopped: 0.0000807 seconds, Stopping threads took: 0.0000176 seconds
[2019-12-09T03:12:46.297+0000][1][safepoint    ] Application time: 5.0003434 seconds
[2019-12-09T03:12:46.297+0000][1][safepoint    ] Entering safepoint region: Cleanup
[2019-12-09T03:12:46.297+0000][1][safepoint    ] Leaving safepoint region
[2019-12-09T03:12:46.297+0000][1][safepoint    ] Total time for which application threads were stopped: 0.0000778 seconds, Stopping threads took: 0.0000168 seconds
[2019-12-09T03:12:48.298+0000][1][safepoint    ] Application time: 2.0001467 seconds
[2019-12-09T03:12:48.298+0000][1][safepoint    ] Entering safepoint region: Cleanup
[2019-12-09T03:12:48.298+0000][1][safepoint    ] Leaving safepoint region
[2019-12-09T03:12:48.298+0000][1][safepoint    ] Total time for which application threads were stopped: 0.0000987 seconds, Stopping threads took: 0.0000243 seconds
[2019-12-09T03:12:49.298+0000][1][safepoint    ] Application time: 1.0000757 seconds
[2019-12-09T03:12:49.298+0000][1][safepoint    ] Entering safepoint region: Cleanup
[2019-12-09T03:12:49.298+0000][1][safepoint    ] Leaving safepoint region
[2019-12-09T03:12:49.298+0000][1][safepoint    ] Total time for which application threads were stopped: 0.0000812 seconds, Stopping threads took: 0.0000161 seconds
[2019-12-09T03:12:58.299+0000][1][safepoint    ] Application time: 9.0006169 seconds
[2019-12-09T03:12:58.299+0000][1][safepoint    ] Entering safepoint region: Cleanup
[2019-12-09T03:12:58.299+0000][1][safepoint    ] Leaving safepoint region
[2019-12-09T03:12:58.299+0000][1][safepoint    ] Total time for which application threads were stopped: 0.0000917 seconds, Stopping threads took: 0.0000275 seconds
[2019-12-09T03:12:59.346+0000][1][safepoint    ] Application time: 1.0477542 seconds
[2019-12-09T03:12:59.346+0000][1][safepoint    ] Entering safepoint region: GenCollectForAllocation
[2019-12-09T03:12:59.347+0000][1][gc,start     ] GC(27) Pause Young (Allocation Failure)
[2019-12-09T03:12:59.347+0000][1][gc,task      ] GC(27) Using 2 workers of 2 for evacuation
[2019-12-09T03:12:59.354+0000][1][gc,age       ] GC(27) Desired survivor size 4456448 bytes, new threshold 6 (max threshold 6)
[2019-12-09T03:12:59.354+0000][1][gc,age       ] GC(27) Age table with threshold 6 (max threshold 6)
[2019-12-09T03:12:59.354+0000][1][gc,age       ] GC(27) - age   1:       8440 bytes,       8440 total
[2019-12-09T03:12:59.354+0000][1][gc,age       ] GC(27) - age   2:       8904 bytes,      17344 total
[2019-12-09T03:12:59.354+0000][1][gc,age       ] GC(27) - age   3:     100504 bytes,     117848 total
[2019-12-09T03:12:59.354+0000][1][gc,age       ] GC(27) - age   4:    1898400 bytes,    2016248 total
[2019-12-09T03:12:59.354+0000][1][gc,heap      ] GC(27) ParNew: 72931K->3075K(78656K)
[2019-12-09T03:12:59.354+0000][1][gc,heap      ] GC(27) CMS: 67531K->67531K(174784K)
[2019-12-09T03:12:59.354+0000][1][gc,metaspace ] GC(27) Metaspace: 68944K->68944K(1112064K)
[2019-12-09T03:12:59.354+0000][1][gc           ] GC(27) Pause Young (Allocation Failure) 137M->68M(247M) 7.334ms
[2019-12-09T03:12:59.354+0000][1][gc,cpu       ] GC(27) User=0.01s Sys=0.00s Real=0.00s
[2019-12-09T03:12:59.354+0000][1][safepoint    ] Leaving safepoint region
[2019-12-09T03:12:59.354+0000][1][safepoint    ] Total time for which application threads were stopped: 0.0075145 seconds, Stopping threads took: 0.0000207 seconds
[2019-12-09T03:13:03.354+0000][1][safepoint    ] Application time: 4.0002882 seconds
[2019-12-09T03:13:03.354+0000][1][safepoint    ] Entering safepoint region: Cleanup
[2019-12-09T03:13:03.354+0000][1][safepoint    ] Leaving safepoint region
[2019-12-09T03:13:03.354+0000][1][safepoint    ] Total time for which application threads were stopped: 0.0000798 seconds, Stopping threads took: 0.0000167 seconds
[2019-12-09T03:13:04.357+0000][1][safepoint    ] Application time: 1.0023180 seconds
[2019-12-09T03:13:04.357+0000][1][safepoint    ] Entering safepoint region: Cleanup
[2019-12-09T03:13:04.357+0000][1][safepoint    ] Leaving safepoint region
[2019-12-09T03:13:04.357+0000][1][safepoint    ] Total time for which application threads were stopped: 0.0005254 seconds, Stopping threads took: 0.0004283 seconds
[2019-12-09T03:13:05.357+0000][1][safepoint    ] Application time: 1.0000780 seconds
[2019-12-09T03:13:05.357+0000][1][safepoint    ] Entering safepoint region: Cleanup
[2019-12-09T03:13:05.357+0000][1][safepoint    ] Leaving safepoint region
[2019-12-09T03:13:05.357+0000][1][safepoint    ] Total time for which application threads were stopped: 0.0000831 seconds, Stopping threads took: 0.0000175 seconds
[2019-12-09T03:13:15.358+0000][1][safepoint    ] Application time: 10.0006656 seconds
[2019-12-09T03:13:15.358+0000][1][safepoint    ] Entering safepoint region: Cleanup
[2019-12-09T03:13:15.358+0000][1][safepoint    ] Leaving safepoint region
[2019-12-09T03:13:15.358+0000][1][safepoint    ] Total time for which application threads were stopped: 0.0000814 seconds, Stopping threads took: 0.0000168 seconds
[2019-12-09T03:13:25.359+0000][1][safepoint    ] Application time: 10.0007092 seconds
[2019-12-09T03:13:25.359+0000][1][safepoint    ] Entering safepoint region: Cleanup
[2019-12-09T03:13:25.359+0000][1][safepoint    ] Leaving safepoint region
[2019-12-09T03:13:25.359+0000][1][safepoint    ] Total time for which application threads were stopped: 0.0000927 seconds, Stopping threads took: 0.0000264 seconds
[2019-12-09T03:13:30.359+0000][1][safepoint    ] Application time: 5.0003444 seconds
[2019-12-09T03:13:30.360+0000][1][safepoint    ] Entering safepoint region: Cleanup
[2019-12-09T03:13:30.360+0000][1][safepoint    ] Leaving safepoint region
[2019-12-09T03:13:30.360+0000][1][safepoint    ] Total time for which application threads were stopped: 0.0000786 seconds, Stopping threads took: 0.0000167 seconds
[2019-12-09T03:13:34.360+0000][1][safepoint    ] Application time: 4.0002807 seconds
[2019-12-09T03:13:34.360+0000][1][safepoint    ] Entering safepoint region: Cleanup
[2019-12-09T03:13:34.360+0000][1][safepoint    ] Leaving safepoint region
[2019-12-09T03:13:34.360+0000][1][safepoint    ] Total time for which application threads were stopped: 0.0000779 seconds, Stopping threads took: 0.0000166 seconds
[2019-12-09T03:13:48.361+0000][1][safepoint    ] Application time: 14.0009599 seconds
[2019-12-09T03:13:48.361+0000][1][safepoint    ] Entering safepoint region: Cleanup
[2019-12-09T03:13:48.361+0000][1][safepoint    ] Leaving safepoint region
[2019-12-09T03:13:48.361+0000][1][safepoint    ] Total time for which application threads were stopped: 0.0000805 seconds, Stopping threads took: 0.0000162 seconds
[2019-12-09T03:13:56.362+0000][1][safepoint    ] Application time: 8.0005460 seconds
[2019-12-09T03:13:56.362+0000][1][safepoint    ] Entering safepoint region: Cleanup
[2019-12-09T03:13:56.362+0000][1][safepoint    ] Leaving safepoint region
[2019-12-09T03:13:56.362+0000][1][safepoint    ] Total time for which application threads were stopped: 0.0001027 seconds, Stopping threads took: 0.0000279 seconds
[2019-12-09T03:14:01.362+0000][1][safepoint    ] Application time: 5.0003544 seconds
[2019-12-09T03:14:01.362+0000][1][safepoint    ] Entering safepoint region: Cleanup
[2019-12-09T03:14:01.362+0000][1][safepoint    ] Leaving safepoint region
[2019-12-09T03:14:01.362+0000][1][safepoint    ] Total time for which application threads were stopped: 0.0000852 seconds, Stopping threads took: 0.0000217 seconds
[2019-12-09T03:14:10.363+0000][1][safepoint    ] Application time: 9.0006031 seconds
[2019-12-09T03:14:10.363+0000][1][safepoint    ] Entering safepoint region: Cleanup
[2019-12-09T03:14:10.363+0000][1][safepoint    ] Leaving safepoint region
[2019-12-09T03:14:10.363+0000][1][safepoint    ] Total time for which application threads were stopped: 0.0000830 seconds, Stopping threads took: 0.0000187 seconds
[2019-12-09T03:14:16.363+0000][1][safepoint    ] Application time: 6.0004130 seconds
[2019-12-09T03:14:16.363+0000][1][safepoint    ] Entering safepoint region: Cleanup
[2019-12-09T03:14:16.363+0000][1][safepoint    ] Leaving safepoint region
[2019-12-09T03:14:16.363+0000][1][safepoint    ] Total time for which application threads were stopped: 0.0000829 seconds, Stopping threads took: 0.0000173 seconds
[2019-12-09T03:14:19.364+0000][1][safepoint    ] Application time: 3.0001722 seconds
[2019-12-09T03:14:19.364+0000][1][safepoint    ] Entering safepoint region: Cleanup
[2019-12-09T03:14:19.364+0000][1][safepoint    ] Leaving safepoint region
[2019-12-09T03:14:19.364+0000][1][safepoint    ] Total time for which application threads were stopped: 0.0000949 seconds, Stopping threads took: 0.0000223 seconds
[2019-12-09T03:14:28.364+0000][1][safepoint    ] Application time: 9.0006311 seconds
[2019-12-09T03:14:28.364+0000][1][safepoint    ] Entering safepoint region: Cleanup
[2019-12-09T03:14:28.365+0000][1][safepoint    ] Leaving safepoint region
[2019-12-09T03:14:28.365+0000][1][safepoint    ] Total time for which application threads were stopped: 0.0000899 seconds, Stopping threads took: 0.0000258 seconds
[2019-12-09T03:14:30.365+0000][1][safepoint    ] Application time: 2.0001315 seconds
[2019-12-09T03:14:30.365+0000][1][safepoint    ] Entering safepoint region: Cleanup
[2019-12-09T03:14:30.365+0000][1][safepoint    ] Leaving safepoint region
[2019-12-09T03:14:30.365+0000][1][safepoint    ] Total time for which application threads were stopped: 0.0001110 seconds, Stopping threads took: 0.0000235 seconds
[2019-12-09T03:14:40.366+0000][1][safepoint    ] Application time: 10.0006765 seconds
[2019-12-09T03:14:40.366+0000][1][safepoint    ] Entering safepoint region: Cleanup
[2019-12-09T03:14:40.366+0000][1][safepoint    ] Leaving safepoint region
[2019-12-09T03:14:40.366+0000][1][safepoint    ] Total time for which application threads were stopped: 0.0000843 seconds, Stopping threads took: 0.0000182 seconds
[2019-12-09T03:14:43.366+0000][1][safepoint    ] Application time: 3.0002155 seconds
[2019-12-09T03:14:43.366+0000][1][safepoint    ] Entering safepoint region: Cleanup
[2019-12-09T03:14:43.366+0000][1][safepoint    ] Leaving safepoint region
[2019-12-09T03:14:43.366+0000][1][safepoint    ] Total time for which application threads were stopped: 0.0000835 seconds, Stopping threads took: 0.0000180 seconds
[2019-12-09T03:14:46.366+0000][1][safepoint    ] Application time: 3.0002088 seconds
[2019-12-09T03:14:46.366+0000][1][safepoint    ] Entering safepoint region: Cleanup
[2019-12-09T03:14:46.366+0000][1][safepoint    ] Leaving safepoint region
[2019-12-09T03:14:46.366+0000][1][safepoint    ] Total time for which application threads were stopped: 0.0000872 seconds, Stopping threads took: 0.0000172 seconds
[2019-12-09T03:14:47.366+0000][1][safepoint    ] Application time: 1.0000773 seconds
[2019-12-09T03:14:47.366+0000][1][safepoint    ] Entering safepoint region: Cleanup
[2019-12-09T03:14:47.367+0000][1][safepoint    ] Leaving safepoint region
[2019-12-09T03:14:47.367+0000][1][safepoint    ] Total time for which application threads were stopped: 0.0000828 seconds, Stopping threads took: 0.0000170 seconds
[2019-12-09T03:14:55.367+0000][1][safepoint    ] Application time: 8.0005505 seconds
[2019-12-09T03:14:55.367+0000][1][safepoint    ] Entering safepoint region: Cleanup
[2019-12-09T03:14:55.367+0000][1][safepoint    ] Leaving safepoint region
[2019-12-09T03:14:55.367+0000][1][safepoint    ] Total time for which application threads were stopped: 0.0000902 seconds, Stopping threads took: 0.0000251 seconds
[2019-12-09T03:14:57.367+0000][1][safepoint    ] Application time: 2.0001455 seconds
[2019-12-09T03:14:57.367+0000][1][safepoint    ] Entering safepoint region: Cleanup
[2019-12-09T03:14:57.368+0000][1][safepoint    ] Leaving safepoint region
[2019-12-09T03:14:57.368+0000][1][safepoint    ] Total time for which application threads were stopped: 0.0000858 seconds, Stopping threads took: 0.0000194 seconds
[2019-12-09T03:15:09.409+0000][1][safepoint    ] Application time: 12.0415843 seconds
[2019-12-09T03:15:09.409+0000][1][safepoint    ] Entering safepoint region: GenCollectForAllocation
[2019-12-09T03:15:09.409+0000][1][gc,start     ] GC(28) Pause Young (Allocation Failure)
[2019-12-09T03:15:09.409+0000][1][gc,task      ] GC(28) Using 2 workers of 2 for evacuation
[2019-12-09T03:15:09.415+0000][1][gc,age       ] GC(28) Desired survivor size 4456448 bytes, new threshold 6 (max threshold 6)
[2019-12-09T03:15:09.415+0000][1][gc,age       ] GC(28) Age table with threshold 6 (max threshold 6)
[2019-12-09T03:15:09.415+0000][1][gc,age       ] GC(28) - age   1:       7440 bytes,       7440 total
[2019-12-09T03:15:09.415+0000][1][gc,age       ] GC(28) - age   2:       3816 bytes,      11256 total
[2019-12-09T03:15:09.415+0000][1][gc,age       ] GC(28) - age   3:       8656 bytes,      19912 total
[2019-12-09T03:15:09.415+0000][1][gc,age       ] GC(28) - age   4:     100472 bytes,     120384 total
[2019-12-09T03:15:09.415+0000][1][gc,age       ] GC(28) - age   5:    1898400 bytes,    2018784 total
[2019-12-09T03:15:09.415+0000][1][gc,heap      ] GC(28) ParNew: 73027K->2984K(78656K)
[2019-12-09T03:15:09.415+0000][1][gc,heap      ] GC(28) CMS: 67531K->67531K(174784K)
[2019-12-09T03:15:09.415+0000][1][gc,metaspace ] GC(28) Metaspace: 68995K->68995K(1112064K)
[2019-12-09T03:15:09.415+0000][1][gc           ] GC(28) Pause Young (Allocation Failure) 137M->68M(247M) 5.961ms
[2019-12-09T03:15:09.415+0000][1][gc,cpu       ] GC(28) User=0.01s Sys=0.00s Real=0.01s
[2019-12-09T03:15:09.415+0000][1][safepoint    ] Leaving safepoint region
[2019-12-09T03:15:09.415+0000][1][safepoint    ] Total time for which application threads were stopped: 0.0061066 seconds, Stopping threads took: 0.0000154 seconds
[2019-12-09T03:15:15.416+0000][1][safepoint    ] Application time: 6.0004173 seconds
[2019-12-09T03:15:15.416+0000][1][safepoint    ] Entering safepoint region: Cleanup
[2019-12-09T03:15:15.416+0000][1][safepoint    ] Leaving safepoint region
[2019-12-09T03:15:15.416+0000][1][safepoint    ] Total time for which application threads were stopped: 0.0000828 seconds, Stopping threads took: 0.0000163 seconds
[2019-12-09T03:15:24.416+0000][1][safepoint    ] Application time: 9.0006003 seconds
[2019-12-09T03:15:24.416+0000][1][safepoint    ] Entering safepoint region: Cleanup
[2019-12-09T03:15:24.417+0000][1][safepoint    ] Leaving safepoint region
[2019-12-09T03:15:24.417+0000][1][safepoint    ] Total time for which application threads were stopped: 0.0000860 seconds, Stopping threads took: 0.0000215 seconds
[2019-12-09T03:15:26.417+0000][1][safepoint    ] Application time: 2.0001442 seconds
[2019-12-09T03:15:26.417+0000][1][safepoint    ] Entering safepoint region: Cleanup
[2019-12-09T03:15:26.417+0000][1][safepoint    ] Leaving safepoint region
[2019-12-09T03:15:26.417+0000][1][safepoint    ] Total time for which application threads were stopped: 0.0001052 seconds, Stopping threads took: 0.0000180 seconds
[2019-12-09T03:15:28.417+0000][1][safepoint    ] Application time: 2.0001411 seconds
[2019-12-09T03:15:28.417+0000][1][safepoint    ] Entering safepoint region: Cleanup
[2019-12-09T03:15:28.417+0000][1][safepoint    ] Leaving safepoint region
[2019-12-09T03:15:28.417+0000][1][safepoint    ] Total time for which application threads were stopped: 0.0000826 seconds, Stopping threads took: 0.0000173 seconds
[2019-12-09T03:15:30.417+0000][1][safepoint    ] Application time: 2.0001427 seconds
[2019-12-09T03:15:30.417+0000][1][safepoint    ] Entering safepoint region: Cleanup
[2019-12-09T03:15:30.417+0000][1][safepoint    ] Leaving safepoint region
[2019-12-09T03:15:30.417+0000][1][safepoint    ] Total time for which application threads were stopped: 0.0000830 seconds, Stopping threads took: 0.0000172 seconds
[2019-12-09T03:15:31.417+0000][1][safepoint    ] Application time: 1.0000758 seconds
[2019-12-09T03:15:31.417+0000][1][safepoint    ] Entering safepoint region: Cleanup
[2019-12-09T03:15:31.418+0000][1][safepoint    ] Leaving safepoint region
[2019-12-09T03:15:31.418+0000][1][safepoint    ] Total time for which application threads were stopped: 0.0000848 seconds, Stopping threads took: 0.0000193 seconds
[2019-12-09T03:15:40.418+0000][1][safepoint    ] Application time: 9.0005844 seconds
[2019-12-09T03:15:40.418+0000][1][safepoint    ] Entering safepoint region: Cleanup
[2019-12-09T03:15:40.418+0000][1][safepoint    ] Leaving safepoint region
[2019-12-09T03:15:40.418+0000][1][safepoint    ] Total time for which application threads were stopped: 0.0000807 seconds, Stopping threads took: 0.0000177 seconds
[2019-12-09T03:15:58.419+0000][1][safepoint    ] Application time: 18.0012034 seconds
[2019-12-09T03:15:58.420+0000][1][safepoint    ] Entering safepoint region: Cleanup
[2019-12-09T03:15:58.420+0000][1][safepoint    ] Leaving safepoint region
[2019-12-09T03:15:58.420+0000][1][safepoint    ] Total time for which application threads were stopped: 0.0000889 seconds, Stopping threads took: 0.0000247 seconds
[2019-12-09T03:16:03.420+0000][1][safepoint    ] Application time: 5.0003476 seconds
[2019-12-09T03:16:03.420+0000][1][safepoint    ] Entering safepoint region: Cleanup
[2019-12-09T03:16:03.420+0000][1][safepoint    ] Leaving safepoint region
[2019-12-09T03:16:03.420+0000][1][safepoint    ] Total time for which application threads were stopped: 0.0000860 seconds, Stopping threads took: 0.0000193 seconds
[2019-12-09T03:16:04.420+0000][1][safepoint    ] Application time: 1.0000759 seconds
[2019-12-09T03:16:04.420+0000][1][safepoint    ] Entering safepoint region: Cleanup
[2019-12-09T03:16:04.420+0000][1][safepoint    ] Leaving safepoint region
[2019-12-09T03:16:04.420+0000][1][safepoint    ] Total time for which application threads were stopped: 0.0000802 seconds, Stopping threads took: 0.0000176 seconds
[2019-12-09T03:16:26.422+0000][1][safepoint    ] Application time: 22.0015040 seconds
[2019-12-09T03:16:26.422+0000][1][safepoint    ] Entering safepoint region: Cleanup
[2019-12-09T03:16:26.422+0000][1][safepoint    ] Leaving safepoint region
[2019-12-09T03:16:26.422+0000][1][safepoint    ] Total time for which application threads were stopped: 0.0000881 seconds, Stopping threads took: 0.0000235 seconds
[2019-12-09T03:16:32.422+0000][1][safepoint    ] Application time: 6.0004123 seconds
[2019-12-09T03:16:32.422+0000][1][safepoint    ] Entering safepoint region: Cleanup
[2019-12-09T03:16:32.422+0000][1][safepoint    ] Leaving safepoint region
[2019-12-09T03:16:32.422+0000][1][safepoint    ] Total time for which application threads were stopped: 0.0000862 seconds, Stopping threads took: 0.0000175 seconds
[2019-12-09T03:16:35.423+0000][1][safepoint    ] Application time: 3.0002172 seconds
[2019-12-09T03:16:35.423+0000][1][safepoint    ] Entering safepoint region: Cleanup
[2019-12-09T03:16:35.423+0000][1][safepoint    ] Leaving safepoint region
[2019-12-09T03:16:35.423+0000][1][safepoint    ] Total time for which application threads were stopped: 0.0000796 seconds, Stopping threads took: 0.0000170 seconds
[2019-12-09T03:16:40.423+0000][1][safepoint    ] Application time: 5.0003056 seconds
[2019-12-09T03:16:40.423+0000][1][safepoint    ] Entering safepoint region: Cleanup
[2019-12-09T03:16:40.423+0000][1][safepoint    ] Leaving safepoint region
[2019-12-09T03:16:40.423+0000][1][safepoint    ] Total time for which application threads were stopped: 0.0000814 seconds, Stopping threads took: 0.0000175 seconds
[2019-12-09T03:16:55.424+0000][1][safepoint    ] Application time: 15.0010527 seconds
[2019-12-09T03:16:55.424+0000][1][safepoint    ] Entering safepoint region: Cleanup
[2019-12-09T03:16:55.424+0000][1][safepoint    ] Leaving safepoint region
[2019-12-09T03:16:55.424+0000][1][safepoint    ] Total time for which application threads were stopped: 0.0001205 seconds, Stopping threads took: 0.0000333 seconds
[2019-12-09T03:16:57.425+0000][1][safepoint    ] Application time: 2.0002277 seconds
[2019-12-09T03:16:57.425+0000][1][safepoint    ] Entering safepoint region: Cleanup
[2019-12-09T03:16:57.425+0000][1][safepoint    ] Leaving safepoint region
[2019-12-09T03:16:57.425+0000][1][safepoint    ] Total time for which application threads were stopped: 0.0001197 seconds, Stopping threads took: 0.0000254 seconds
[2019-12-09T03:16:58.425+0000][1][safepoint    ] Application time: 1.0000808 seconds
[2019-12-09T03:16:58.425+0000][1][safepoint    ] Entering safepoint region: Cleanup
[2019-12-09T03:16:58.425+0000][1][safepoint    ] Leaving safepoint region
[2019-12-09T03:16:58.425+0000][1][safepoint    ] Total time for which application threads were stopped: 0.0000986 seconds, Stopping threads took: 0.0000223 seconds
[2019-12-09T03:17:00.425+0000][1][safepoint    ] Application time: 2.0001422 seconds
[2019-12-09T03:17:00.425+0000][1][safepoint    ] Entering safepoint region: Cleanup
[2019-12-09T03:17:00.425+0000][1][safepoint    ] Leaving safepoint region
[2019-12-09T03:17:00.425+0000][1][safepoint    ] Total time for which application threads were stopped: 0.0000827 seconds, Stopping threads took: 0.0000167 seconds
[2019-12-09T03:17:10.426+0000][1][safepoint    ] Application time: 10.0006866 seconds
[2019-12-09T03:17:10.426+0000][1][safepoint    ] Entering safepoint region: Cleanup
[2019-12-09T03:17:10.426+0000][1][safepoint    ] Leaving safepoint region
[2019-12-09T03:17:10.426+0000][1][safepoint    ] Total time for which application threads were stopped: 0.0000832 seconds, Stopping threads took: 0.0000184 seconds
[2019-12-09T03:17:13.426+0000][1][safepoint    ] Application time: 3.0002076 seconds
[2019-12-09T03:17:13.426+0000][1][safepoint    ] Entering safepoint region: Cleanup
[2019-12-09T03:17:13.427+0000][1][safepoint    ] Leaving safepoint region
[2019-12-09T03:17:13.427+0000][1][safepoint    ] Total time for which application threads were stopped: 0.0000817 seconds, Stopping threads took: 0.0000171 seconds
[2019-12-09T03:17:14.949+0000][1][safepoint    ] Application time: 1.5222319 seconds
[2019-12-09T03:17:14.949+0000][1][safepoint    ] Entering safepoint region: GenCollectForAllocation
[2019-12-09T03:17:14.949+0000][1][gc,start     ] GC(29) Pause Young (Allocation Failure)
[2019-12-09T03:17:14.949+0000][1][gc,task      ] GC(29) Using 2 workers of 2 for evacuation
[2019-12-09T03:17:14.956+0000][1][gc,age       ] GC(29) Desired survivor size 4456448 bytes, new threshold 6 (max threshold 6)
[2019-12-09T03:17:14.956+0000][1][gc,age       ] GC(29) Age table with threshold 6 (max threshold 6)
[2019-12-09T03:17:14.956+0000][1][gc,age       ] GC(29) - age   1:       4872 bytes,       4872 total
[2019-12-09T03:17:14.956+0000][1][gc,age       ] GC(29) - age   2:       3536 bytes,       8408 total
[2019-12-09T03:17:14.956+0000][1][gc,age       ] GC(29) - age   3:       3600 bytes,      12008 total
[2019-12-09T03:17:14.956+0000][1][gc,age       ] GC(29) - age   4:       8656 bytes,      20664 total
[2019-12-09T03:17:14.956+0000][1][gc,age       ] GC(29) - age   5:     100472 bytes,     121136 total
[2019-12-09T03:17:14.956+0000][1][gc,age       ] GC(29) - age   6:    1898400 bytes,    2019536 total
[2019-12-09T03:17:14.956+0000][1][gc,heap      ] GC(29) ParNew: 72936K->2963K(78656K)
[2019-12-09T03:17:14.956+0000][1][gc,heap      ] GC(29) CMS: 67531K->67531K(174784K)
[2019-12-09T03:17:14.956+0000][1][gc,metaspace ] GC(29) Metaspace: 69016K->69016K(1112064K)
[2019-12-09T03:17:14.956+0000][1][gc           ] GC(29) Pause Young (Allocation Failure) 137M->68M(247M) 7.272ms
[2019-12-09T03:17:14.956+0000][1][gc,cpu       ] GC(29) User=0.01s Sys=0.00s Real=0.01s
[2019-12-09T03:17:14.956+0000][1][safepoint    ] Leaving safepoint region
[2019-12-09T03:17:14.956+0000][1][safepoint    ] Total time for which application threads were stopped: 0.0074285 seconds, Stopping threads took: 0.0000178 seconds
[2019-12-09T03:17:31.957+0000][1][safepoint    ] Application time: 17.0011730 seconds
[2019-12-09T03:17:31.957+0000][1][safepoint    ] Entering safepoint region: Cleanup
[2019-12-09T03:17:31.958+0000][1][safepoint    ] Leaving safepoint region
[2019-12-09T03:17:31.958+0000][1][safepoint    ] Total time for which application threads were stopped: 0.0000902 seconds, Stopping threads took: 0.0000258 seconds
[2019-12-09T03:17:32.958+0000][1][safepoint    ] Application time: 1.0000770 seconds
[2019-12-09T03:17:32.958+0000][1][safepoint    ] Entering safepoint region: Cleanup
[2019-12-09T03:17:32.958+0000][1][safepoint    ] Leaving safepoint region
[2019-12-09T03:17:32.958+0000][1][safepoint    ] Total time for which application threads were stopped: 0.0000926 seconds, Stopping threads took: 0.0000169 seconds
[2019-12-09T03:17:42.958+0000][1][safepoint    ] Application time: 10.0006451 seconds
[2019-12-09T03:17:42.958+0000][1][safepoint    ] Entering safepoint region: Cleanup
[2019-12-09T03:17:42.958+0000][1][safepoint    ] Leaving safepoint region
[2019-12-09T03:17:42.959+0000][1][safepoint    ] Total time for which application threads were stopped: 0.0000847 seconds, Stopping threads took: 0.0000172 seconds
[2019-12-09T03:17:49.959+0000][1][safepoint    ] Application time: 7.0004705 seconds
[2019-12-09T03:17:49.959+0000][1][safepoint    ] Entering safepoint region: Cleanup
[2019-12-09T03:17:49.959+0000][1][safepoint    ] Leaving safepoint region
[2019-12-09T03:17:49.959+0000][1][safepoint    ] Total time for which application threads were stopped: 0.0000907 seconds, Stopping threads took: 0.0000256 seconds
[2019-12-09T03:18:00.960+0000][1][safepoint    ] Application time: 11.0007390 seconds
[2019-12-09T03:18:00.960+0000][1][safepoint    ] Entering safepoint region: Cleanup
[2019-12-09T03:18:00.960+0000][1][safepoint    ] Leaving safepoint region
[2019-12-09T03:18:00.960+0000][1][safepoint    ] Total time for which application threads were stopped: 0.0000897 seconds, Stopping threads took: 0.0000272 seconds
[2019-12-09T03:18:03.960+0000][1][safepoint    ] Application time: 3.0002291 seconds
[2019-12-09T03:18:03.960+0000][1][safepoint    ] Entering safepoint region: Cleanup
[2019-12-09T03:18:03.960+0000][1][safepoint    ] Leaving safepoint region
[2019-12-09T03:18:03.960+0000][1][safepoint    ] Total time for which application threads were stopped: 0.0000799 seconds, Stopping threads took: 0.0000173 seconds
[2019-12-09T03:18:27.962+0000][1][safepoint    ] Application time: 24.0016184 seconds
[2019-12-09T03:18:27.962+0000][1][safepoint    ] Entering safepoint region: Cleanup
[2019-12-09T03:18:27.962+0000][1][safepoint    ] Leaving safepoint region
[2019-12-09T03:18:27.962+0000][1][safepoint    ] Total time for which application threads were stopped: 0.0000883 seconds, Stopping threads took: 0.0000264 seconds
[2019-12-09T03:18:29.962+0000][1][safepoint    ] Application time: 2.0001435 seconds
[2019-12-09T03:18:29.962+0000][1][safepoint    ] Entering safepoint region: Cleanup
[2019-12-09T03:18:29.962+0000][1][safepoint    ] Leaving safepoint region
[2019-12-09T03:18:29.962+0000][1][safepoint    ] Total time for which application threads were stopped: 0.0000813 seconds, Stopping threads took: 0.0000173 seconds
[2019-12-09T03:18:38.963+0000][1][safepoint    ] Application time: 9.0006031 seconds
[2019-12-09T03:18:38.963+0000][1][safepoint    ] Entering safepoint region: Cleanup
[2019-12-09T03:18:38.963+0000][1][safepoint    ] Leaving safepoint region
[2019-12-09T03:18:38.963+0000][1][safepoint    ] Total time for which application threads were stopped: 0.0000853 seconds, Stopping threads took: 0.0000167 seconds
[2019-12-09T03:18:40.963+0000][1][safepoint    ] Application time: 2.0001445 seconds
[2019-12-09T03:18:40.963+0000][1][safepoint    ] Entering safepoint region: Cleanup
[2019-12-09T03:18:40.963+0000][1][safepoint    ] Leaving safepoint region
[2019-12-09T03:18:40.963+0000][1][safepoint    ] Total time for which application threads were stopped: 0.0000810 seconds, Stopping threads took: 0.0000181 seconds
[2019-12-09T03:18:57.965+0000][1][safepoint    ] Application time: 17.0011392 seconds
[2019-12-09T03:18:57.965+0000][1][safepoint    ] Entering safepoint region: Cleanup
[2019-12-09T03:18:57.965+0000][1][safepoint    ] Leaving safepoint region
[2019-12-09T03:18:57.965+0000][1][safepoint    ] Total time for which application threads were stopped: 0.0000862 seconds, Stopping threads took: 0.0000243 seconds
[2019-12-09T03:18:58.965+0000][1][safepoint    ] Application time: 1.0000762 seconds
[2019-12-09T03:18:58.965+0000][1][safepoint    ] Entering safepoint region: Cleanup
[2019-12-09T03:18:58.965+0000][1][safepoint    ] Leaving safepoint region
[2019-12-09T03:18:58.965+0000][1][safepoint    ] Total time for which application threads were stopped: 0.0000806 seconds, Stopping threads took: 0.0000167 seconds
[2019-12-09T03:19:17.966+0000][1][safepoint    ] Application time: 19.0012678 seconds
[2019-12-09T03:19:17.966+0000][1][safepoint    ] Entering safepoint region: Cleanup
[2019-12-09T03:19:17.966+0000][1][safepoint    ] Leaving safepoint region
[2019-12-09T03:19:17.966+0000][1][safepoint    ] Total time for which application threads were stopped: 0.0000970 seconds, Stopping threads took: 0.0000175 seconds
[2019-12-09T03:19:23.967+0000][1][safepoint    ] Application time: 6.0004073 seconds
[2019-12-09T03:19:23.967+0000][1][safepoint    ] Entering safepoint region: Cleanup
[2019-12-09T03:19:23.967+0000][1][safepoint    ] Leaving safepoint region
[2019-12-09T03:19:23.967+0000][1][safepoint    ] Total time for which application threads were stopped: 0.0000925 seconds, Stopping threads took: 0.0000268 seconds
[2019-12-09T03:19:24.519+0000][1][safepoint    ] Application time: 0.5525966 seconds
[2019-12-09T03:19:24.519+0000][1][safepoint    ] Entering safepoint region: GenCollectForAllocation
[2019-12-09T03:19:24.520+0000][1][gc,start     ] GC(30) Pause Young (Allocation Failure)
[2019-12-09T03:19:24.520+0000][1][gc,task      ] GC(30) Using 2 workers of 2 for evacuation
[2019-12-09T03:19:24.528+0000][1][gc,age       ] GC(30) Desired survivor size 4456448 bytes, new threshold 6 (max threshold 6)
[2019-12-09T03:19:24.528+0000][1][gc,age       ] GC(30) Age table with threshold 6 (max threshold 6)
[2019-12-09T03:19:24.528+0000][1][gc,age       ] GC(30) - age   1:       7536 bytes,       7536 total
[2019-12-09T03:19:24.528+0000][1][gc,age       ] GC(30) - age   2:       1080 bytes,       8616 total
[2019-12-09T03:19:24.528+0000][1][gc,age       ] GC(30) - age   3:       3472 bytes,      12088 total
[2019-12-09T03:19:24.528+0000][1][gc,age       ] GC(30) - age   4:       3600 bytes,      15688 total
[2019-12-09T03:19:24.528+0000][1][gc,age       ] GC(30) - age   5:       8656 bytes,      24344 total
[2019-12-09T03:19:24.528+0000][1][gc,age       ] GC(30) - age   6:     100472 bytes,     124816 total
[2019-12-09T03:19:24.528+0000][1][gc,heap      ] GC(30) ParNew: 72915K->1973K(78656K)
[2019-12-09T03:19:24.528+0000][1][gc,heap      ] GC(30) CMS: 67531K->69435K(174784K)
[2019-12-09T03:19:24.528+0000][1][gc,metaspace ] GC(30) Metaspace: 69018K->69018K(1112064K)
[2019-12-09T03:19:24.528+0000][1][gc           ] GC(30) Pause Young (Allocation Failure) 137M->69M(247M) 8.939ms
[2019-12-09T03:19:24.528+0000][1][gc,cpu       ] GC(30) User=0.02s Sys=0.00s Real=0.01s
[2019-12-09T03:19:24.529+0000][1][safepoint    ] Leaving safepoint region
[2019-12-09T03:19:24.529+0000][1][safepoint    ] Total time for which application threads were stopped: 0.0090832 seconds, Stopping threads took: 0.0000163 seconds
[2019-12-09T03:19:34.529+0000][1][safepoint    ] Application time: 10.0007364 seconds
[2019-12-09T03:19:34.529+0000][1][safepoint    ] Entering safepoint region: Cleanup
[2019-12-09T03:19:34.529+0000][1][safepoint    ] Leaving safepoint region
[2019-12-09T03:19:34.529+0000][1][safepoint    ] Total time for which application threads were stopped: 0.0001155 seconds, Stopping threads took: 0.0000348 seconds
[2019-12-09T03:19:37.530+0000][1][safepoint    ] Application time: 3.0002085 seconds
[2019-12-09T03:19:37.530+0000][1][safepoint    ] Entering safepoint region: Cleanup
[2019-12-09T03:19:37.530+0000][1][safepoint    ] Leaving safepoint region
[2019-12-09T03:19:37.530+0000][1][safepoint    ] Total time for which application threads were stopped: 0.0000843 seconds, Stopping threads took: 0.0000201 seconds
[2019-12-09T03:19:46.530+0000][1][safepoint    ] Application time: 9.0006119 seconds
[2019-12-09T03:19:46.530+0000][1][safepoint    ] Entering safepoint region: Cleanup
[2019-12-09T03:19:46.531+0000][1][safepoint    ] Leaving safepoint region
[2019-12-09T03:19:46.531+0000][1][safepoint    ] Total time for which application threads were stopped: 0.0000810 seconds, Stopping threads took: 0.0000162 seconds
[2019-12-09T03:19:57.531+0000][1][safepoint    ] Application time: 11.0007453 seconds
[2019-12-09T03:19:57.531+0000][1][safepoint    ] Entering safepoint region: Cleanup
[2019-12-09T03:19:57.531+0000][1][safepoint    ] Leaving safepoint region
[2019-12-09T03:19:57.531+0000][1][safepoint    ] Total time for which application threads were stopped: 0.0001158 seconds, Stopping threads took: 0.0000337 seconds
[2019-12-09T03:20:06.393+0000][1][safepoint    ] Application time: 8.8617878 seconds
[2019-12-09T03:20:06.393+0000][1][safepoint    ] Entering safepoint region: RevokeBias
[2019-12-09T03:20:06.393+0000][1][safepoint    ] Leaving safepoint region
[2019-12-09T03:20:06.393+0000][1][safepoint    ] Total time for which application threads were stopped: 0.0001055 seconds, Stopping threads took: 0.0000195 seconds
[2019-12-09T03:20:06.393+0000][1][safepoint    ] Application time: 0.0000911 seconds
[2019-12-09T03:20:06.393+0000][1][safepoint    ] Entering safepoint region: RevokeBias
[2019-12-09T03:20:06.394+0000][1][safepoint    ] Leaving safepoint region
[2019-12-09T03:20:06.394+0000][1][safepoint    ] Total time for which application threads were stopped: 0.0000564 seconds, Stopping threads took: 0.0000106 seconds
[2019-12-09T03:20:06.394+0000][1][safepoint    ] Application time: 0.0008441 seconds
[2019-12-09T03:20:06.394+0000][1][safepoint    ] Entering safepoint region: RevokeBias
[2019-12-09T03:20:06.395+0000][1][safepoint    ] Leaving safepoint region
[2019-12-09T03:20:06.395+0000][1][safepoint    ] Total time for which application threads were stopped: 0.0001360 seconds, Stopping threads took: 0.0000762 seconds
[2019-12-09T03:20:06.395+0000][1][safepoint    ] Application time: 0.0002729 seconds
[2019-12-09T03:20:06.395+0000][1][safepoint    ] Entering safepoint region: RevokeBias
[2019-12-09T03:20:06.395+0000][1][safepoint    ] Leaving safepoint region
[2019-12-09T03:20:06.395+0000][1][safepoint    ] Total time for which application threads were stopped: 0.0000607 seconds, Stopping threads took: 0.0000132 seconds
[2019-12-09T03:20:06.395+0000][1][safepoint    ] Application time: 0.0002852 seconds
[2019-12-09T03:20:06.395+0000][1][safepoint    ] Entering safepoint region: RevokeBias
[2019-12-09T03:20:06.395+0000][1][safepoint    ] Leaving safepoint region
[2019-12-09T03:20:06.395+0000][1][safepoint    ] Total time for which application threads were stopped: 0.0000503 seconds, Stopping threads took: 0.0000104 seconds
[2019-12-09T03:20:06.397+0000][1][safepoint    ] Application time: 0.0017026 seconds
[2019-12-09T03:20:06.397+0000][1][safepoint    ] Entering safepoint region: RevokeBias
[2019-12-09T03:20:06.397+0000][1][safepoint    ] Leaving safepoint region
[2019-12-09T03:20:06.397+0000][1][safepoint    ] Total time for which application threads were stopped: 0.0000608 seconds, Stopping threads took: 0.0000127 seconds
[2019-12-09T03:20:06.397+0000][1][safepoint    ] Application time: 0.0001328 seconds
[2019-12-09T03:20:06.397+0000][1][safepoint    ] Entering safepoint region: RevokeBias
[2019-12-09T03:20:06.397+0000][1][safepoint    ] Leaving safepoint region
[2019-12-09T03:20:06.397+0000][1][safepoint    ] Total time for which application threads were stopped: 0.0000486 seconds, Stopping threads took: 0.0000101 seconds
[2019-12-09T03:20:06.398+0000][1][safepoint    ] Application time: 0.0003735 seconds
[2019-12-09T03:20:06.398+0000][1][safepoint    ] Entering safepoint region: RevokeBias
[2019-12-09T03:20:06.398+0000][1][safepoint    ] Leaving safepoint region
[2019-12-09T03:20:06.398+0000][1][safepoint    ] Total time for which application threads were stopped: 0.0000860 seconds, Stopping threads took: 0.0000112 seconds
[2019-12-09T03:20:06.398+0000][1][safepoint    ] Application time: 0.0002162 seconds
[2019-12-09T03:20:06.398+0000][1][safepoint    ] Entering safepoint region: RevokeBias
[2019-12-09T03:20:06.398+0000][1][safepoint    ] Leaving safepoint region
[2019-12-09T03:20:06.398+0000][1][safepoint    ] Total time for which application threads were stopped: 0.0000680 seconds, Stopping threads took: 0.0000104 seconds
[2019-12-09T03:20:06.426+0000][1][safepoint    ] Application time: 0.0283411 seconds
[2019-12-09T03:20:06.441+0000][1][safepoint    ] Entering safepoint region: RevokeBias
[2019-12-09T03:20:06.441+0000][1][safepoint    ] Leaving safepoint region
[2019-12-09T03:20:06.441+0000][1][safepoint    ] Total time for which application threads were stopped: 0.0150053 seconds, Stopping threads took: 0.0149063 seconds
[2019-12-09T03:20:06.452+0000][1][safepoint    ] Application time: 0.0107713 seconds
[2019-12-09T03:20:06.484+0000][1][safepoint    ] Entering safepoint region: RevokeBias
[2019-12-09T03:20:06.484+0000][1][safepoint    ] Leaving safepoint region
[2019-12-09T03:20:06.484+0000][1][safepoint    ] Total time for which application threads were stopped: 0.0318566 seconds, Stopping threads took: 0.0317165 seconds
[2019-12-09T03:20:06.485+0000][1][safepoint    ] Application time: 0.0004156 seconds
[2019-12-09T03:20:06.485+0000][1][safepoint    ] Entering safepoint region: RevokeBias
[2019-12-09T03:20:06.485+0000][1][safepoint    ] Leaving safepoint region
[2019-12-09T03:20:06.485+0000][1][safepoint    ] Total time for which application threads were stopped: 0.0000929 seconds, Stopping threads took: 0.0000159 seconds
[2019-12-09T03:20:06.493+0000][1][safepoint    ] Application time: 0.0087987 seconds
[2019-12-09T03:20:06.493+0000][1][safepoint    ] Entering safepoint region: RevokeBias
[2019-12-09T03:20:06.493+0000][1][safepoint    ] Leaving safepoint region
[2019-12-09T03:20:06.494+0000][1][safepoint    ] Total time for which application threads were stopped: 0.0000640 seconds, Stopping threads took: 0.0000127 seconds
[2019-12-09T03:20:06.494+0000][1][safepoint    ] Application time: 0.0001448 seconds
[2019-12-09T03:20:06.494+0000][1][safepoint    ] Entering safepoint region: RevokeBias
[2019-12-09T03:20:06.494+0000][1][safepoint    ] Leaving safepoint region
[2019-12-09T03:20:06.494+0000][1][safepoint    ] Total time for which application threads were stopped: 0.0000724 seconds, Stopping threads took: 0.0000307 seconds
[2019-12-09T03:20:06.494+0000][1][safepoint    ] Application time: 0.0000644 seconds
[2019-12-09T03:20:06.494+0000][1][safepoint    ] Entering safepoint region: RevokeBias
[2019-12-09T03:20:06.494+0000][1][safepoint    ] Leaving safepoint region
[2019-12-09T03:20:06.494+0000][1][safepoint    ] Total time for which application threads were stopped: 0.0000415 seconds, Stopping threads took: 0.0000084 seconds
[2019-12-09T03:20:06.494+0000][1][safepoint    ] Application time: 0.0001466 seconds
[2019-12-09T03:20:06.494+0000][1][safepoint    ] Entering safepoint region: RevokeBias
[2019-12-09T03:20:06.494+0000][1][safepoint    ] Leaving safepoint region
[2019-12-09T03:20:06.494+0000][1][safepoint    ] Total time for which application threads were stopped: 0.0000570 seconds, Stopping threads took: 0.0000117 seconds
[2019-12-09T03:20:06.494+0000][1][safepoint    ] Application time: 0.0000615 seconds
[2019-12-09T03:20:06.494+0000][1][safepoint    ] Entering safepoint region: RevokeBias
[2019-12-09T03:20:06.494+0000][1][safepoint    ] Leaving safepoint region
[2019-12-09T03:20:06.494+0000][1][safepoint    ] Total time for which application threads were stopped: 0.0000464 seconds, Stopping threads took: 0.0000094 seconds
[2019-12-09T03:20:06.494+0000][1][safepoint    ] Application time: 0.0002632 seconds
[2019-12-09T03:20:06.494+0000][1][safepoint    ] Entering safepoint region: RevokeBias
[2019-12-09T03:20:06.495+0000][1][safepoint    ] Leaving safepoint region
[2019-12-09T03:20:06.495+0000][1][safepoint    ] Total time for which application threads were stopped: 0.0000557 seconds, Stopping threads took: 0.0000113 seconds
[2019-12-09T03:20:06.495+0000][1][safepoint    ] Application time: 0.0000610 seconds
[2019-12-09T03:20:06.495+0000][1][safepoint    ] Entering safepoint region: RevokeBias
[2019-12-09T03:20:06.495+0000][1][safepoint    ] Leaving safepoint region
[2019-12-09T03:20:06.495+0000][1][safepoint    ] Total time for which application threads were stopped: 0.0000725 seconds, Stopping threads took: 0.0000185 seconds
[2019-12-09T03:20:06.496+0000][1][safepoint    ] Application time: 0.0011145 seconds
[2019-12-09T03:20:06.496+0000][1][safepoint    ] Entering safepoint region: RevokeBias
[2019-12-09T03:20:06.496+0000][1][safepoint    ] Leaving safepoint region
[2019-12-09T03:20:06.496+0000][1][safepoint    ] Total time for which application threads were stopped: 0.0000643 seconds, Stopping threads took: 0.0000126 seconds
[2019-12-09T03:20:06.533+0000][1][safepoint    ] Application time: 0.0374260 seconds
[2019-12-09T03:20:06.533+0000][1][safepoint    ] Entering safepoint region: RevokeBias
[2019-12-09T03:20:06.534+0000][1][safepoint    ] Leaving safepoint region
[2019-12-09T03:20:06.534+0000][1][safepoint    ] Total time for which application threads were stopped: 0.0001597 seconds, Stopping threads took: 0.0000163 seconds
[2019-12-09T03:20:06.571+0000][1][safepoint    ] Application time: 0.0373235 seconds
[2019-12-09T03:20:06.571+0000][1][safepoint    ] Entering safepoint region: RevokeBias
[2019-12-09T03:20:06.571+0000][1][safepoint    ] Leaving safepoint region
[2019-12-09T03:20:06.571+0000][1][safepoint    ] Total time for which application threads were stopped: 0.0003913 seconds, Stopping threads took: 0.0000184 seconds
[2019-12-09T03:20:06.649+0000][1][safepoint    ] Application time: 0.0780269 seconds
[2019-12-09T03:20:06.649+0000][1][safepoint    ] Entering safepoint region: RevokeBias
[2019-12-09T03:20:06.650+0000][1][safepoint    ] Leaving safepoint region
[2019-12-09T03:20:06.650+0000][1][safepoint    ] Total time for which application threads were stopped: 0.0003831 seconds, Stopping threads took: 0.0001307 seconds
[2019-12-09T03:20:06.664+0000][1][safepoint    ] Application time: 0.0147186 seconds
[2019-12-09T03:20:06.665+0000][1][safepoint    ] Entering safepoint region: RevokeBias
[2019-12-09T03:20:06.666+0000][1][safepoint    ] Leaving safepoint region
[2019-12-09T03:20:06.666+0000][1][safepoint    ] Total time for which application threads were stopped: 0.0010956 seconds, Stopping threads took: 0.0009492 seconds
[2019-12-09T03:20:06.706+0000][1][safepoint    ] Application time: 0.0405288 seconds
[2019-12-09T03:20:06.724+0000][1][safepoint    ] Entering safepoint region: RevokeBias
[2019-12-09T03:20:06.725+0000][1][safepoint    ] Leaving safepoint region
[2019-12-09T03:20:06.725+0000][1][safepoint    ] Total time for which application threads were stopped: 0.0184963 seconds, Stopping threads took: 0.0183234 seconds
[2019-12-09T03:20:06.725+0000][1][safepoint    ] Application time: 0.0007775 seconds
[2019-12-09T03:20:06.725+0000][1][safepoint    ] Entering safepoint region: RevokeBias
[2019-12-09T03:20:06.726+0000][1][safepoint    ] Leaving safepoint region
[2019-12-09T03:20:06.726+0000][1][safepoint    ] Total time for which application threads were stopped: 0.0001579 seconds, Stopping threads took: 0.0000151 seconds
[2019-12-09T03:20:06.727+0000][1][safepoint    ] Application time: 0.0018243 seconds
[2019-12-09T03:20:06.727+0000][1][safepoint    ] Entering safepoint region: RevokeBias
[2019-12-09T03:20:06.728+0000][1][safepoint    ] Leaving safepoint region
[2019-12-09T03:20:06.728+0000][1][safepoint    ] Total time for which application threads were stopped: 0.0001733 seconds, Stopping threads took: 0.0000152 seconds
[2019-12-09T03:20:06.728+0000][1][safepoint    ] Application time: 0.0005182 seconds
[2019-12-09T03:20:06.728+0000][1][safepoint    ] Entering safepoint region: BulkRevokeBias
[2019-12-09T03:20:06.729+0000][1][safepoint    ] Leaving safepoint region
[2019-12-09T03:20:06.729+0000][1][safepoint    ] Total time for which application threads were stopped: 0.0004336 seconds, Stopping threads took: 0.0000129 seconds
[2019-12-09T03:20:06.751+0000][1][safepoint    ] Application time: 0.0226897 seconds
[2019-12-09T03:20:06.751+0000][1][safepoint    ] Entering safepoint region: RevokeBias
[2019-12-09T03:20:06.752+0000][1][safepoint    ] Leaving safepoint region
[2019-12-09T03:20:06.752+0000][1][safepoint    ] Total time for which application threads were stopped: 0.0001732 seconds, Stopping threads took: 0.0000807 seconds
[2019-12-09T03:20:06.778+0000][1][safepoint    ] Application time: 0.0269475 seconds
[2019-12-09T03:20:06.779+0000][1][safepoint    ] Entering safepoint region: RevokeBias
[2019-12-09T03:20:06.779+0000][1][safepoint    ] Leaving safepoint region
[2019-12-09T03:20:06.779+0000][1][safepoint    ] Total time for which application threads were stopped: 0.0004203 seconds, Stopping threads took: 0.0003119 seconds
[2019-12-09T03:20:06.791+0000][1][safepoint    ] Application time: 0.0120215 seconds
[2019-12-09T03:20:06.793+0000][1][safepoint    ] Entering safepoint region: RevokeBias
[2019-12-09T03:20:06.793+0000][1][safepoint    ] Leaving safepoint region
[2019-12-09T03:20:06.793+0000][1][safepoint    ] Total time for which application threads were stopped: 0.0021967 seconds, Stopping threads took: 0.0020809 seconds
[2019-12-09T03:20:06.799+0000][1][safepoint    ] Application time: 0.0056300 seconds
[2019-12-09T03:20:06.800+0000][1][safepoint    ] Entering safepoint region: RevokeBias
[2019-12-09T03:20:06.800+0000][1][safepoint    ] Leaving safepoint region
[2019-12-09T03:20:06.800+0000][1][safepoint    ] Total time for which application threads were stopped: 0.0010179 seconds, Stopping threads took: 0.0009171 seconds
[2019-12-09T03:20:07.009+0000][1][safepoint    ] Application time: 0.2087910 seconds
[2019-12-09T03:20:07.009+0000][1][safepoint    ] Entering safepoint region: RevokeBias
[2019-12-09T03:20:07.009+0000][1][safepoint    ] Leaving safepoint region
[2019-12-09T03:20:07.009+0000][1][safepoint    ] Total time for which application threads were stopped: 0.0001195 seconds, Stopping threads took: 0.0000211 seconds
[2019-12-09T03:20:07.018+0000][1][safepoint    ] Application time: 0.0088663 seconds
[2019-12-09T03:20:07.018+0000][1][safepoint    ] Entering safepoint region: RevokeBias
[2019-12-09T03:20:07.018+0000][1][safepoint    ] Leaving safepoint region
[2019-12-09T03:20:07.018+0000][1][safepoint    ] Total time for which application threads were stopped: 0.0001133 seconds, Stopping threads took: 0.0000287 seconds
[2019-12-09T03:20:07.018+0000][1][safepoint    ] Application time: 0.0000646 seconds
[2019-12-09T03:20:07.018+0000][1][safepoint    ] Entering safepoint region: RevokeBias
[2019-12-09T03:20:07.018+0000][1][safepoint    ] Leaving safepoint region
[2019-12-09T03:20:07.018+0000][1][safepoint    ] Total time for which application threads were stopped: 0.0000450 seconds, Stopping threads took: 0.0000087 seconds
[2019-12-09T03:20:07.018+0000][1][safepoint    ] Application time: 0.0000467 seconds
[2019-12-09T03:20:07.018+0000][1][safepoint    ] Entering safepoint region: RevokeBias
[2019-12-09T03:20:07.018+0000][1][safepoint    ] Leaving safepoint region
[2019-12-09T03:20:07.018+0000][1][safepoint    ] Total time for which application threads were stopped: 0.0000398 seconds, Stopping threads took: 0.0000086 seconds
[2019-12-09T03:20:07.027+0000][1][safepoint    ] Application time: 0.0086224 seconds
[2019-12-09T03:20:07.027+0000][1][safepoint    ] Entering safepoint region: RevokeBias
[2019-12-09T03:20:07.027+0000][1][safepoint    ] Leaving safepoint region
[2019-12-09T03:20:07.027+0000][1][safepoint    ] Total time for which application threads were stopped: 0.0000790 seconds, Stopping threads took: 0.0000160 seconds
[2019-12-09T03:20:07.028+0000][1][safepoint    ] Application time: 0.0012018 seconds
[2019-12-09T03:20:07.028+0000][1][safepoint    ] Entering safepoint region: RevokeBias
[2019-12-09T03:20:07.028+0000][1][safepoint    ] Leaving safepoint region
[2019-12-09T03:20:07.028+0000][1][safepoint    ] Total time for which application threads were stopped: 0.0000694 seconds, Stopping threads took: 0.0000140 seconds
[2019-12-09T03:20:07.034+0000][1][safepoint    ] Application time: 0.0057664 seconds
[2019-12-09T03:20:07.034+0000][1][safepoint    ] Entering safepoint region: RevokeBias
[2019-12-09T03:20:07.034+0000][1][safepoint    ] Leaving safepoint region
[2019-12-09T03:20:07.034+0000][1][safepoint    ] Total time for which application threads were stopped: 0.0000617 seconds, Stopping threads took: 0.0000119 seconds
[2019-12-09T03:20:07.034+0000][1][safepoint    ] Application time: 0.0001259 seconds
[2019-12-09T03:20:07.034+0000][1][safepoint    ] Entering safepoint region: RevokeBias
[2019-12-09T03:20:07.034+0000][1][safepoint    ] Leaving safepoint region
[2019-12-09T03:20:07.034+0000][1][safepoint    ] Total time for which application threads were stopped: 0.0000429 seconds, Stopping threads took: 0.0000080 seconds
[2019-12-09T03:20:07.035+0000][1][safepoint    ] Application time: 0.0007783 seconds
[2019-12-09T03:20:07.035+0000][1][safepoint    ] Entering safepoint region: RevokeBias
[2019-12-09T03:20:07.035+0000][1][safepoint    ] Leaving safepoint region
[2019-12-09T03:20:07.035+0000][1][safepoint    ] Total time for which application threads were stopped: 0.0000586 seconds, Stopping threads took: 0.0000127 seconds
[2019-12-09T03:20:07.035+0000][1][safepoint    ] Application time: 0.0000622 seconds
[2019-12-09T03:20:07.035+0000][1][safepoint    ] Entering safepoint region: RevokeBias
[2019-12-09T03:20:07.035+0000][1][safepoint    ] Leaving safepoint region
[2019-12-09T03:20:07.035+0000][1][safepoint    ] Total time for which application threads were stopped: 0.0000410 seconds, Stopping threads took: 0.0000089 seconds
[2019-12-09T03:20:07.035+0000][1][safepoint    ] Application time: 0.0000554 seconds
[2019-12-09T03:20:07.035+0000][1][safepoint    ] Entering safepoint region: RevokeBias
[2019-12-09T03:20:07.035+0000][1][safepoint    ] Leaving safepoint region
[2019-12-09T03:20:07.035+0000][1][safepoint    ] Total time for which application threads were stopped: 0.0000410 seconds, Stopping threads took: 0.0000086 seconds
[2019-12-09T03:20:07.035+0000][1][safepoint    ] Application time: 0.0000673 seconds
[2019-12-09T03:20:07.035+0000][1][safepoint    ] Entering safepoint region: RevokeBias
[2019-12-09T03:20:07.035+0000][1][safepoint    ] Leaving safepoint region
[2019-12-09T03:20:07.035+0000][1][safepoint    ] Total time for which application threads were stopped: 0.0000470 seconds, Stopping threads took: 0.0000085 seconds
[2019-12-09T03:20:07.035+0000][1][safepoint    ] Application time: 0.0000616 seconds
[2019-12-09T03:20:07.035+0000][1][safepoint    ] Entering safepoint region: RevokeBias
[2019-12-09T03:20:07.035+0000][1][safepoint    ] Leaving safepoint region
[2019-12-09T03:20:07.035+0000][1][safepoint    ] Total time for which application threads were stopped: 0.0000351 seconds, Stopping threads took: 0.0000075 seconds
[2019-12-09T03:20:07.036+0000][1][safepoint    ] Application time: 0.0000728 seconds
[2019-12-09T03:20:07.036+0000][1][safepoint    ] Entering safepoint region: RevokeBias
[2019-12-09T03:20:07.036+0000][1][safepoint    ] Leaving safepoint region
[2019-12-09T03:20:07.036+0000][1][safepoint    ] Total time for which application threads were stopped: 0.0000350 seconds, Stopping threads took: 0.0000074 seconds
[2019-12-09T03:20:07.036+0000][1][safepoint    ] Application time: 0.0007745 seconds
[2019-12-09T03:20:07.036+0000][1][safepoint    ] Entering safepoint region: RevokeBias
[2019-12-09T03:20:07.036+0000][1][safepoint    ] Leaving safepoint region
[2019-12-09T03:20:07.036+0000][1][safepoint    ] Total time for which application threads were stopped: 0.0000570 seconds, Stopping threads took: 0.0000122 seconds
[2019-12-09T03:20:07.044+0000][1][safepoint    ] Application time: 0.0070263 seconds
[2019-12-09T03:20:07.044+0000][1][safepoint    ] Entering safepoint region: BulkRevokeBias
[2019-12-09T03:20:07.044+0000][1][safepoint    ] Leaving safepoint region
[2019-12-09T03:20:07.044+0000][1][safepoint    ] Total time for which application threads were stopped: 0.0002964 seconds, Stopping threads took: 0.0000110 seconds
[2019-12-09T03:20:07.064+0000][1][safepoint    ] Application time: 0.0200342 seconds
[2019-12-09T03:20:07.064+0000][1][safepoint    ] Entering safepoint region: RevokeBias
[2019-12-09T03:20:07.064+0000][1][safepoint    ] Leaving safepoint region
[2019-12-09T03:20:07.064+0000][1][safepoint    ] Total time for which application threads were stopped: 0.0000595 seconds, Stopping threads took: 0.0000110 seconds
[2019-12-09T03:20:07.092+0000][1][safepoint    ] Application time: 0.0283882 seconds
[2019-12-09T03:20:07.092+0000][1][safepoint    ] Entering safepoint region: RevokeBias
[2019-12-09T03:20:07.092+0000][1][safepoint    ] Leaving safepoint region
[2019-12-09T03:20:07.092+0000][1][safepoint    ] Total time for which application threads were stopped: 0.0000865 seconds, Stopping threads took: 0.0000155 seconds
[2019-12-09T03:20:07.093+0000][1][safepoint    ] Application time: 0.0006605 seconds
[2019-12-09T03:20:07.093+0000][1][safepoint    ] Entering safepoint region: RevokeBias
[2019-12-09T03:20:07.093+0000][1][safepoint    ] Leaving safepoint region
[2019-12-09T03:20:07.093+0000][1][safepoint    ] Total time for which application threads were stopped: 0.0000811 seconds, Stopping threads took: 0.0000154 seconds
[2019-12-09T03:20:07.096+0000][1][safepoint    ] Application time: 0.0025922 seconds
[2019-12-09T03:20:07.096+0000][1][safepoint    ] Entering safepoint region: RevokeBias
[2019-12-09T03:20:07.096+0000][1][safepoint    ] Leaving safepoint region
[2019-12-09T03:20:07.096+0000][1][safepoint    ] Total time for which application threads were stopped: 0.0000719 seconds, Stopping threads took: 0.0000138 seconds
[2019-12-09T03:20:07.101+0000][1][safepoint    ] Application time: 0.0054924 seconds
[2019-12-09T03:20:07.101+0000][1][safepoint    ] Entering safepoint region: RevokeBias
[2019-12-09T03:20:07.101+0000][1][safepoint    ] Leaving safepoint region
[2019-12-09T03:20:07.102+0000][1][safepoint    ] Total time for which application threads were stopped: 0.0000371 seconds, Stopping threads took: 0.0000106 seconds
[2019-12-09T03:20:07.107+0000][1][safepoint    ] Application time: 0.0052264 seconds
[2019-12-09T03:20:07.107+0000][1][safepoint    ] Entering safepoint region: RevokeBias
[2019-12-09T03:20:07.107+0000][1][safepoint    ] Leaving safepoint region
[2019-12-09T03:20:07.107+0000][1][safepoint    ] Total time for which application threads were stopped: 0.0000356 seconds, Stopping threads took: 0.0000103 seconds
[2019-12-09T03:20:07.108+0000][1][safepoint    ] Application time: 0.0012229 seconds
[2019-12-09T03:20:07.108+0000][1][safepoint    ] Entering safepoint region: RevokeBias
[2019-12-09T03:20:07.108+0000][1][safepoint    ] Leaving safepoint region
[2019-12-09T03:20:07.108+0000][1][safepoint    ] Total time for which application threads were stopped: 0.0000461 seconds, Stopping threads took: 0.0000109 seconds
[2019-12-09T03:20:07.120+0000][1][gc,heap,exit ] Heap
[2019-12-09T03:20:07.120+0000][1][gc,heap,exit ]  par new generation   total 78656K, used 39047K [0x00000000f0000000, 0x00000000f5550000, 0x00000000f5550000)
[2019-12-09T03:20:07.120+0000][1][gc,heap,exit ]   eden space 69952K,  53% used [0x00000000f0000000, 0x00000000f2434b70, 0x00000000f4450000)
[2019-12-09T03:20:07.120+0000][1][gc,heap,exit ]   from space 8704K,  22% used [0x00000000f4450000, 0x00000000f463d480, 0x00000000f4cd0000)
[2019-12-09T03:20:07.120+0000][1][gc,heap,exit ]   to   space 8704K,   0% used [0x00000000f4cd0000, 0x00000000f4cd0000, 0x00000000f5550000)
[2019-12-09T03:20:07.120+0000][1][gc,heap,exit ]  concurrent mark-sweep generation total 174784K, used 69435K [0x00000000f5550000, 0x0000000100000000, 0x0000000100000000)
[2019-12-09T03:20:07.120+0000][1][gc,heap,exit ]  Metaspace       used 69287K, capacity 74508K, committed 74780K, reserved 1112064K
[2019-12-09T03:20:07.120+0000][1][gc,heap,exit ]   class space    used 9346K, capacity 11559K, committed 11688K, reserved 1048576K
[2019-12-09T03:20:07.120+0000][1][safepoint    ] Application time: 0.0116422 seconds
[2019-12-09T03:20:07.120+0000][1][safepoint    ] Entering safepoint region: Exit
