[2019-12-09T03:21:55.647+0000][1][gc] Using Concurrent Mark Sweep
[2019-12-09T03:21:55.648+0000][1][gc,heap,coops] Heap address: 0x00000000f0000000, size: 256 MB, Compressed Oops mode: 32-bit
[2019-12-09T03:21:55.983+0000][1][safepoint    ] Entering safepoint region: EnableBiasedLocking
[2019-12-09T03:21:55.983+0000][1][safepoint    ] Leaving safepoint region
[2019-12-09T03:21:55.983+0000][1][safepoint    ] Total time for which application threads were stopped: 0.0326104 seconds, Stopping threads took: 0.0325183 seconds
[2019-12-09T03:21:55.999+0000][1][safepoint    ] Application time: 0.0153908 seconds
[2019-12-09T03:21:56.002+0000][1][safepoint    ] Entering safepoint region: RevokeBias
[2019-12-09T03:21:56.003+0000][1][safepoint    ] Leaving safepoint region
[2019-12-09T03:21:56.003+0000][1][safepoint    ] Total time for which application threads were stopped: 0.0037671 seconds, Stopping threads took: 0.0036842 seconds
[2019-12-09T03:21:56.027+0000][1][safepoint    ] Application time: 0.0249199 seconds
[2019-12-09T03:21:56.028+0000][1][safepoint    ] Entering safepoint region: Deoptimize
[2019-12-09T03:21:56.028+0000][1][safepoint    ] Leaving safepoint region
[2019-12-09T03:21:56.028+0000][1][safepoint    ] Total time for which application threads were stopped: 0.0000508 seconds, Stopping threads took: 0.0000094 seconds
[2019-12-09T03:21:56.715+0000][1][safepoint    ] Application time: 0.6870854 seconds
[2019-12-09T03:21:56.715+0000][1][safepoint    ] Entering safepoint region: RevokeBias
[2019-12-09T03:21:56.715+0000][1][safepoint    ] Leaving safepoint region
[2019-12-09T03:21:56.715+0000][1][safepoint    ] Total time for which application threads were stopped: 0.0000763 seconds, Stopping threads took: 0.0000139 seconds
[2019-12-09T03:21:56.950+0000][1][safepoint    ] Application time: 0.2354250 seconds
[2019-12-09T03:21:56.950+0000][1][safepoint    ] Entering safepoint region: Deoptimize
[2019-12-09T03:21:56.950+0000][1][safepoint    ] Leaving safepoint region
[2019-12-09T03:21:56.950+0000][1][safepoint    ] Total time for which application threads were stopped: 0.0000800 seconds, Stopping threads took: 0.0000106 seconds
[2019-12-09T03:21:57.951+0000][1][safepoint    ] Application time: 1.0003728 seconds
[2019-12-09T03:21:57.998+0000][1][safepoint    ] Entering safepoint region: Cleanup
[2019-12-09T03:21:57.998+0000][1][safepoint    ] Leaving safepoint region
[2019-12-09T03:21:57.998+0000][1][safepoint    ] Total time for which application threads were stopped: 0.0473120 seconds, Stopping threads took: 0.0472457 seconds
[2019-12-09T03:21:59.009+0000][1][safepoint    ] Application time: 1.0106786 seconds
[2019-12-09T03:21:59.052+0000][1][safepoint    ] Entering safepoint region: Cleanup
[2019-12-09T03:21:59.052+0000][1][safepoint    ] Leaving safepoint region
[2019-12-09T03:21:59.052+0000][1][safepoint    ] Total time for which application threads were stopped: 0.0432606 seconds, Stopping threads took: 0.0431848 seconds
[2019-12-09T03:21:59.295+0000][1][safepoint    ] Application time: 0.2434387 seconds
[2019-12-09T03:21:59.296+0000][1][safepoint    ] Entering safepoint region: Deoptimize
[2019-12-09T03:21:59.296+0000][1][safepoint    ] Leaving safepoint region
[2019-12-09T03:21:59.296+0000][1][safepoint    ] Total time for which application threads were stopped: 0.0001527 seconds, Stopping threads took: 0.0000203 seconds
[2019-12-09T03:21:59.518+0000][1][safepoint    ] Application time: 0.2226840 seconds
[2019-12-09T03:21:59.518+0000][1][safepoint    ] Entering safepoint region: Deoptimize
[2019-12-09T03:21:59.519+0000][1][safepoint    ] Leaving safepoint region
[2019-12-09T03:21:59.519+0000][1][safepoint    ] Total time for which application threads were stopped: 0.0001386 seconds, Stopping threads took: 0.0000111 seconds
[2019-12-09T03:21:59.981+0000][1][safepoint    ] Application time: 0.4620138 seconds
[2019-12-09T03:21:59.981+0000][1][safepoint    ] Entering safepoint region: Deoptimize
[2019-12-09T03:21:59.981+0000][1][safepoint    ] Leaving safepoint region
[2019-12-09T03:21:59.981+0000][1][safepoint    ] Total time for which application threads were stopped: 0.0001821 seconds, Stopping threads took: 0.0000107 seconds
[2019-12-09T03:22:00.165+0000][1][safepoint    ] Application time: 0.1838018 seconds
[2019-12-09T03:22:00.165+0000][1][safepoint    ] Entering safepoint region: Deoptimize
[2019-12-09T03:22:00.165+0000][1][safepoint    ] Leaving safepoint region
[2019-12-09T03:22:00.165+0000][1][safepoint    ] Total time for which application threads were stopped: 0.0001816 seconds, Stopping threads took: 0.0000122 seconds
[2019-12-09T03:22:01.194+0000][1][safepoint    ] Application time: 1.0289088 seconds
[2019-12-09T03:22:01.254+0000][1][safepoint    ] Entering safepoint region: Cleanup
[2019-12-09T03:22:01.254+0000][1][safepoint    ] Leaving safepoint region
[2019-12-09T03:22:01.254+0000][1][safepoint    ] Total time for which application threads were stopped: 0.0601131 seconds, Stopping threads took: 0.0600648 seconds
[2019-12-09T03:22:02.265+0000][1][safepoint    ] Application time: 1.0108540 seconds
[2019-12-09T03:22:02.359+0000][1][safepoint    ] Entering safepoint region: Cleanup
[2019-12-09T03:22:02.359+0000][1][safepoint    ] Leaving safepoint region
[2019-12-09T03:22:02.359+0000][1][safepoint    ] Total time for which application threads were stopped: 0.0941109 seconds, Stopping threads took: 0.0940400 seconds
[2019-12-09T03:22:03.364+0000][1][safepoint    ] Application time: 1.0048215 seconds
[2019-12-09T03:22:03.366+0000][1][safepoint    ] Entering safepoint region: Cleanup
[2019-12-09T03:22:03.366+0000][1][safepoint    ] Leaving safepoint region
[2019-12-09T03:22:03.366+0000][1][safepoint    ] Total time for which application threads were stopped: 0.0020778 seconds, Stopping threads took: 0.0020334 seconds
[2019-12-09T03:22:04.276+0000][1][safepoint    ] Application time: 0.9103221 seconds
[2019-12-09T03:22:04.276+0000][1][safepoint    ] Entering safepoint region: Deoptimize
[2019-12-09T03:22:04.276+0000][1][safepoint    ] Leaving safepoint region
[2019-12-09T03:22:04.276+0000][1][safepoint    ] Total time for which application threads were stopped: 0.0001953 seconds, Stopping threads took: 0.0000117 seconds
[2019-12-09T03:22:05.279+0000][1][safepoint    ] Application time: 1.0024053 seconds
[2019-12-09T03:22:05.279+0000][1][safepoint    ] Entering safepoint region: Cleanup
[2019-12-09T03:22:05.279+0000][1][safepoint    ] Leaving safepoint region
[2019-12-09T03:22:05.279+0000][1][safepoint    ] Total time for which application threads were stopped: 0.0000494 seconds, Stopping threads took: 0.0000133 seconds
[2019-12-09T03:22:06.285+0000][1][safepoint    ] Application time: 1.0058624 seconds
[2019-12-09T03:22:06.285+0000][1][safepoint    ] Entering safepoint region: Cleanup
[2019-12-09T03:22:06.285+0000][1][safepoint    ] Leaving safepoint region
[2019-12-09T03:22:06.285+0000][1][safepoint    ] Total time for which application threads were stopped: 0.0000601 seconds, Stopping threads took: 0.0000152 seconds
[2019-12-09T03:22:07.288+0000][1][safepoint    ] Application time: 1.0028592 seconds
[2019-12-09T03:22:07.325+0000][1][safepoint    ] Entering safepoint region: Cleanup
[2019-12-09T03:22:07.325+0000][1][safepoint    ] Leaving safepoint region
[2019-12-09T03:22:07.325+0000][1][safepoint    ] Total time for which application threads were stopped: 0.0370718 seconds, Stopping threads took: 0.0369751 seconds
[2019-12-09T03:22:07.616+0000][1][safepoint    ] Application time: 0.2908913 seconds
[2019-12-09T03:22:07.616+0000][1][safepoint    ] Entering safepoint region: Deoptimize
[2019-12-09T03:22:07.616+0000][1][safepoint    ] Leaving safepoint region
[2019-12-09T03:22:07.616+0000][1][safepoint    ] Total time for which application threads were stopped: 0.0002422 seconds, Stopping threads took: 0.0000095 seconds
[2019-12-09T03:22:08.618+0000][1][safepoint    ] Application time: 1.0016927 seconds
[2019-12-09T03:22:08.714+0000][1][safepoint    ] Entering safepoint region: Cleanup
[2019-12-09T03:22:08.714+0000][1][safepoint    ] Leaving safepoint region
[2019-12-09T03:22:08.714+0000][1][safepoint    ] Total time for which application threads were stopped: 0.0961474 seconds, Stopping threads took: 0.0960651 seconds
[2019-12-09T03:22:08.786+0000][1][safepoint    ] Application time: 0.0718211 seconds
[2019-12-09T03:22:08.786+0000][1][safepoint    ] Entering safepoint region: Deoptimize
[2019-12-09T03:22:08.786+0000][1][safepoint    ] Leaving safepoint region
[2019-12-09T03:22:08.786+0000][1][safepoint    ] Total time for which application threads were stopped: 0.0002405 seconds, Stopping threads took: 0.0000113 seconds
[2019-12-09T03:22:08.815+0000][1][safepoint    ] Application time: 0.0287159 seconds
[2019-12-09T03:22:08.815+0000][1][safepoint    ] Entering safepoint region: Deoptimize
[2019-12-09T03:22:08.815+0000][1][safepoint    ] Leaving safepoint region
[2019-12-09T03:22:08.815+0000][1][safepoint    ] Total time for which application threads were stopped: 0.0002433 seconds, Stopping threads took: 0.0000118 seconds
[2019-12-09T03:22:09.037+0000][1][safepoint    ] Application time: 0.2223227 seconds
[2019-12-09T03:22:09.037+0000][1][safepoint    ] Entering safepoint region: Deoptimize
[2019-12-09T03:22:09.038+0000][1][safepoint    ] Leaving safepoint region
[2019-12-09T03:22:09.038+0000][1][safepoint    ] Total time for which application threads were stopped: 0.0002858 seconds, Stopping threads took: 0.0000128 seconds
[2019-12-09T03:22:09.105+0000][1][safepoint    ] Application time: 0.0676659 seconds
[2019-12-09T03:22:09.105+0000][1][safepoint    ] Entering safepoint region: RevokeBias
[2019-12-09T03:22:09.105+0000][1][safepoint    ] Leaving safepoint region
[2019-12-09T03:22:09.105+0000][1][safepoint    ] Total time for which application threads were stopped: 0.0000818 seconds, Stopping threads took: 0.0000130 seconds
[2019-12-09T03:22:09.106+0000][1][safepoint    ] Application time: 0.0001468 seconds
[2019-12-09T03:22:09.106+0000][1][safepoint    ] Entering safepoint region: RevokeBias
[2019-12-09T03:22:09.106+0000][1][safepoint    ] Leaving safepoint region
[2019-12-09T03:22:09.106+0000][1][safepoint    ] Total time for which application threads were stopped: 0.0000505 seconds, Stopping threads took: 0.0000090 seconds
[2019-12-09T03:22:09.106+0000][1][safepoint    ] Application time: 0.0000629 seconds
[2019-12-09T03:22:09.106+0000][1][safepoint    ] Entering safepoint region: RevokeBias
[2019-12-09T03:22:09.106+0000][1][safepoint    ] Leaving safepoint region
[2019-12-09T03:22:09.106+0000][1][safepoint    ] Total time for which application threads were stopped: 0.0000441 seconds, Stopping threads took: 0.0000084 seconds
[2019-12-09T03:22:09.106+0000][1][safepoint    ] Application time: 0.0000703 seconds
[2019-12-09T03:22:09.106+0000][1][safepoint    ] Entering safepoint region: RevokeBias
[2019-12-09T03:22:09.106+0000][1][safepoint    ] Leaving safepoint region
[2019-12-09T03:22:09.106+0000][1][safepoint    ] Total time for which application threads were stopped: 0.0000422 seconds, Stopping threads took: 0.0000075 seconds
[2019-12-09T03:22:09.106+0000][1][safepoint    ] Application time: 0.0001470 seconds
[2019-12-09T03:22:09.106+0000][1][safepoint    ] Entering safepoint region: RevokeBias
[2019-12-09T03:22:09.106+0000][1][safepoint    ] Leaving safepoint region
[2019-12-09T03:22:09.106+0000][1][safepoint    ] Total time for which application threads were stopped: 0.0000485 seconds, Stopping threads took: 0.0000088 seconds
[2019-12-09T03:22:10.112+0000][1][safepoint    ] Application time: 1.0056065 seconds
[2019-12-09T03:22:10.170+0000][1][safepoint    ] Entering safepoint region: Cleanup
[2019-12-09T03:22:10.170+0000][1][safepoint    ] Leaving safepoint region
[2019-12-09T03:22:10.170+0000][1][safepoint    ] Total time for which application threads were stopped: 0.0581464 seconds, Stopping threads took: 0.0580785 seconds
[2019-12-09T03:22:10.186+0000][1][safepoint    ] Application time: 0.0158278 seconds
[2019-12-09T03:22:10.189+0000][1][safepoint    ] Entering safepoint region: RevokeBias
[2019-12-09T03:22:10.189+0000][1][safepoint    ] Leaving safepoint region
[2019-12-09T03:22:10.189+0000][1][safepoint    ] Total time for which application threads were stopped: 0.0030035 seconds, Stopping threads took: 0.0029485 seconds
[2019-12-09T03:22:10.903+0000][1][safepoint    ] Application time: 0.7145952 seconds
[2019-12-09T03:22:10.903+0000][1][safepoint    ] Entering safepoint region: GenCollectForAllocation
[2019-12-09T03:22:10.904+0000][1][gc,start     ] GC(0) Pause Young (Allocation Failure)
[2019-12-09T03:22:10.906+0000][1][gc,task      ] GC(0) Using 2 workers of 2 for evacuation
[2019-12-09T03:22:11.069+0000][1][gc,age       ] GC(0) Desired survivor size 4456448 bytes, new threshold 1 (max threshold 6)
[2019-12-09T03:22:11.069+0000][1][gc,age       ] GC(0) Age table with threshold 1 (max threshold 6)
[2019-12-09T03:22:11.069+0000][1][gc,age       ] GC(0) - age   1:    6747392 bytes,    6747392 total
[2019-12-09T03:22:11.069+0000][1][gc,heap      ] GC(0) ParNew: 69952K->6638K(78656K)
[2019-12-09T03:22:11.069+0000][1][gc,heap      ] GC(0) CMS: 0K->0K(174784K)
[2019-12-09T03:22:11.069+0000][1][gc,metaspace ] GC(0) Metaspace: 12907K->12907K(1060864K)
[2019-12-09T03:22:11.069+0000][1][gc           ] GC(0) Pause Young (Allocation Failure) 68M->6M(247M) 165.618ms
[2019-12-09T03:22:11.069+0000][1][gc,cpu       ] GC(0) User=0.02s Sys=0.00s Real=0.17s
[2019-12-09T03:22:11.069+0000][1][safepoint    ] Leaving safepoint region
[2019-12-09T03:22:11.069+0000][1][safepoint    ] Total time for which application threads were stopped: 0.1658080 seconds, Stopping threads took: 0.0000467 seconds
[2019-12-09T03:22:11.135+0000][1][safepoint    ] Application time: 0.0654695 seconds
[2019-12-09T03:22:11.213+0000][1][safepoint    ] Entering safepoint region: RevokeBias
[2019-12-09T03:22:11.213+0000][1][safepoint    ] Leaving safepoint region
[2019-12-09T03:22:11.213+0000][1][safepoint    ] Total time for which application threads were stopped: 0.0779766 seconds, Stopping threads took: 0.0778424 seconds
[2019-12-09T03:22:11.213+0000][1][safepoint    ] Application time: 0.0001506 seconds
[2019-12-09T03:22:11.213+0000][1][safepoint    ] Entering safepoint region: RevokeBias
[2019-12-09T03:22:11.213+0000][1][safepoint    ] Leaving safepoint region
[2019-12-09T03:22:11.213+0000][1][safepoint    ] Total time for which application threads were stopped: 0.0000614 seconds, Stopping threads took: 0.0000085 seconds
[2019-12-09T03:22:11.213+0000][1][safepoint    ] Application time: 0.0000664 seconds
[2019-12-09T03:22:11.213+0000][1][safepoint    ] Entering safepoint region: RevokeBias
[2019-12-09T03:22:11.213+0000][1][safepoint    ] Leaving safepoint region
[2019-12-09T03:22:11.213+0000][1][safepoint    ] Total time for which application threads were stopped: 0.0000508 seconds, Stopping threads took: 0.0000080 seconds
[2019-12-09T03:22:11.213+0000][1][safepoint    ] Application time: 0.0000503 seconds
[2019-12-09T03:22:11.213+0000][1][safepoint    ] Entering safepoint region: RevokeBias
[2019-12-09T03:22:11.213+0000][1][safepoint    ] Leaving safepoint region
[2019-12-09T03:22:11.213+0000][1][safepoint    ] Total time for which application threads were stopped: 0.0000435 seconds, Stopping threads took: 0.0000072 seconds
[2019-12-09T03:22:11.213+0000][1][safepoint    ] Application time: 0.0000560 seconds
[2019-12-09T03:22:11.213+0000][1][safepoint    ] Entering safepoint region: RevokeBias
[2019-12-09T03:22:11.213+0000][1][safepoint    ] Leaving safepoint region
[2019-12-09T03:22:11.213+0000][1][safepoint    ] Total time for which application threads were stopped: 0.0000443 seconds, Stopping threads took: 0.0000071 seconds
[2019-12-09T03:22:11.213+0000][1][safepoint    ] Application time: 0.0000468 seconds
[2019-12-09T03:22:11.213+0000][1][safepoint    ] Entering safepoint region: RevokeBias
[2019-12-09T03:22:11.213+0000][1][safepoint    ] Leaving safepoint region
[2019-12-09T03:22:11.213+0000][1][safepoint    ] Total time for which application threads were stopped: 0.0000410 seconds, Stopping threads took: 0.0000072 seconds
[2019-12-09T03:22:11.213+0000][1][safepoint    ] Application time: 0.0000540 seconds
[2019-12-09T03:22:11.213+0000][1][safepoint    ] Entering safepoint region: RevokeBias
[2019-12-09T03:22:11.214+0000][1][safepoint    ] Leaving safepoint region
[2019-12-09T03:22:11.214+0000][1][safepoint    ] Total time for which application threads were stopped: 0.0000498 seconds, Stopping threads took: 0.0000158 seconds
[2019-12-09T03:22:11.214+0000][1][safepoint    ] Application time: 0.0000482 seconds
[2019-12-09T03:22:11.214+0000][1][safepoint    ] Entering safepoint region: RevokeBias
[2019-12-09T03:22:11.214+0000][1][safepoint    ] Leaving safepoint region
[2019-12-09T03:22:11.214+0000][1][safepoint    ] Total time for which application threads were stopped: 0.0000398 seconds, Stopping threads took: 0.0000069 seconds
[2019-12-09T03:22:11.214+0000][1][safepoint    ] Application time: 0.0000704 seconds
[2019-12-09T03:22:11.214+0000][1][safepoint    ] Entering safepoint region: RevokeBias
[2019-12-09T03:22:11.214+0000][1][safepoint    ] Leaving safepoint region
[2019-12-09T03:22:11.214+0000][1][safepoint    ] Total time for which application threads were stopped: 0.0000422 seconds, Stopping threads took: 0.0000075 seconds
[2019-12-09T03:22:11.214+0000][1][safepoint    ] Application time: 0.0000474 seconds
[2019-12-09T03:22:11.214+0000][1][safepoint    ] Entering safepoint region: RevokeBias
[2019-12-09T03:22:11.214+0000][1][safepoint    ] Leaving safepoint region
[2019-12-09T03:22:11.214+0000][1][safepoint    ] Total time for which application threads were stopped: 0.0000404 seconds, Stopping threads took: 0.0000071 seconds
[2019-12-09T03:22:11.214+0000][1][safepoint    ] Application time: 0.0000542 seconds
[2019-12-09T03:22:11.214+0000][1][safepoint    ] Entering safepoint region: RevokeBias
[2019-12-09T03:22:11.214+0000][1][safepoint    ] Leaving safepoint region
[2019-12-09T03:22:11.214+0000][1][safepoint    ] Total time for which application threads were stopped: 0.0000400 seconds, Stopping threads took: 0.0000071 seconds
[2019-12-09T03:22:11.214+0000][1][safepoint    ] Application time: 0.0000461 seconds
[2019-12-09T03:22:11.214+0000][1][safepoint    ] Entering safepoint region: RevokeBias
[2019-12-09T03:22:11.214+0000][1][safepoint    ] Leaving safepoint region
[2019-12-09T03:22:11.214+0000][1][safepoint    ] Total time for which application threads were stopped: 0.0000375 seconds, Stopping threads took: 0.0000066 seconds
[2019-12-09T03:22:11.214+0000][1][safepoint    ] Application time: 0.0000519 seconds
[2019-12-09T03:22:11.214+0000][1][safepoint    ] Entering safepoint region: RevokeBias
[2019-12-09T03:22:11.214+0000][1][safepoint    ] Leaving safepoint region
[2019-12-09T03:22:11.214+0000][1][safepoint    ] Total time for which application threads were stopped: 0.0000395 seconds, Stopping threads took: 0.0000069 seconds
[2019-12-09T03:22:11.214+0000][1][safepoint    ] Application time: 0.0000451 seconds
[2019-12-09T03:22:11.214+0000][1][safepoint    ] Entering safepoint region: RevokeBias
[2019-12-09T03:22:11.214+0000][1][safepoint    ] Leaving safepoint region
[2019-12-09T03:22:11.214+0000][1][safepoint    ] Total time for which application threads were stopped: 0.0000382 seconds, Stopping threads took: 0.0000069 seconds
[2019-12-09T03:22:11.214+0000][1][safepoint    ] Application time: 0.0000513 seconds
[2019-12-09T03:22:11.214+0000][1][safepoint    ] Entering safepoint region: RevokeBias
[2019-12-09T03:22:11.214+0000][1][safepoint    ] Leaving safepoint region
[2019-12-09T03:22:11.214+0000][1][safepoint    ] Total time for which application threads were stopped: 0.0000395 seconds, Stopping threads took: 0.0000068 seconds
[2019-12-09T03:22:11.214+0000][1][safepoint    ] Application time: 0.0000456 seconds
[2019-12-09T03:22:11.214+0000][1][safepoint    ] Entering safepoint region: RevokeBias
[2019-12-09T03:22:11.214+0000][1][safepoint    ] Leaving safepoint region
[2019-12-09T03:22:11.214+0000][1][safepoint    ] Total time for which application threads were stopped: 0.0000387 seconds, Stopping threads took: 0.0000070 seconds
[2019-12-09T03:22:11.215+0000][1][safepoint    ] Application time: 0.0000575 seconds
[2019-12-09T03:22:11.215+0000][1][safepoint    ] Entering safepoint region: RevokeBias
[2019-12-09T03:22:11.215+0000][1][safepoint    ] Leaving safepoint region
[2019-12-09T03:22:11.215+0000][1][safepoint    ] Total time for which application threads were stopped: 0.0000472 seconds, Stopping threads took: 0.0000134 seconds
[2019-12-09T03:22:11.215+0000][1][safepoint    ] Application time: 0.0000457 seconds
[2019-12-09T03:22:11.215+0000][1][safepoint    ] Entering safepoint region: RevokeBias
[2019-12-09T03:22:11.215+0000][1][safepoint    ] Leaving safepoint region
[2019-12-09T03:22:11.215+0000][1][safepoint    ] Total time for which application threads were stopped: 0.0000535 seconds, Stopping threads took: 0.0000070 seconds
[2019-12-09T03:22:11.215+0000][1][safepoint    ] Application time: 0.0000746 seconds
[2019-12-09T03:22:11.215+0000][1][safepoint    ] Entering safepoint region: RevokeBias
[2019-12-09T03:22:11.215+0000][1][safepoint    ] Leaving safepoint region
[2019-12-09T03:22:11.215+0000][1][safepoint    ] Total time for which application threads were stopped: 0.0000438 seconds, Stopping threads took: 0.0000061 seconds
[2019-12-09T03:22:11.215+0000][1][safepoint    ] Application time: 0.0000451 seconds
[2019-12-09T03:22:11.215+0000][1][safepoint    ] Entering safepoint region: RevokeBias
[2019-12-09T03:22:11.215+0000][1][safepoint    ] Leaving safepoint region
[2019-12-09T03:22:11.215+0000][1][safepoint    ] Total time for which application threads were stopped: 0.0000377 seconds, Stopping threads took: 0.0000067 seconds
[2019-12-09T03:22:11.215+0000][1][safepoint    ] Application time: 0.0000489 seconds
[2019-12-09T03:22:11.215+0000][1][safepoint    ] Entering safepoint region: RevokeBias
[2019-12-09T03:22:11.215+0000][1][safepoint    ] Leaving safepoint region
[2019-12-09T03:22:11.215+0000][1][safepoint    ] Total time for which application threads were stopped: 0.0000380 seconds, Stopping threads took: 0.0000069 seconds
[2019-12-09T03:22:11.215+0000][1][safepoint    ] Application time: 0.0000442 seconds
[2019-12-09T03:22:11.215+0000][1][safepoint    ] Entering safepoint region: RevokeBias
[2019-12-09T03:22:11.215+0000][1][safepoint    ] Leaving safepoint region
[2019-12-09T03:22:11.215+0000][1][safepoint    ] Total time for which application threads were stopped: 0.0000363 seconds, Stopping threads took: 0.0000069 seconds
[2019-12-09T03:22:11.215+0000][1][safepoint    ] Application time: 0.0000470 seconds
[2019-12-09T03:22:11.215+0000][1][safepoint    ] Entering safepoint region: RevokeBias
[2019-12-09T03:22:11.215+0000][1][safepoint    ] Leaving safepoint region
[2019-12-09T03:22:11.215+0000][1][safepoint    ] Total time for which application threads were stopped: 0.0000375 seconds, Stopping threads took: 0.0000069 seconds
[2019-12-09T03:22:11.215+0000][1][safepoint    ] Application time: 0.0000435 seconds
[2019-12-09T03:22:11.215+0000][1][safepoint    ] Entering safepoint region: RevokeBias
[2019-12-09T03:22:11.215+0000][1][safepoint    ] Leaving safepoint region
[2019-12-09T03:22:11.215+0000][1][safepoint    ] Total time for which application threads were stopped: 0.0000364 seconds, Stopping threads took: 0.0000068 seconds
[2019-12-09T03:22:11.215+0000][1][safepoint    ] Application time: 0.0000679 seconds
[2019-12-09T03:22:11.215+0000][1][safepoint    ] Entering safepoint region: RevokeBias
[2019-12-09T03:22:11.215+0000][1][safepoint    ] Leaving safepoint region
[2019-12-09T03:22:11.215+0000][1][safepoint    ] Total time for which application threads were stopped: 0.0000393 seconds, Stopping threads took: 0.0000071 seconds
[2019-12-09T03:22:11.216+0000][1][safepoint    ] Application time: 0.0000441 seconds
[2019-12-09T03:22:11.216+0000][1][safepoint    ] Entering safepoint region: RevokeBias
[2019-12-09T03:22:11.216+0000][1][safepoint    ] Leaving safepoint region
[2019-12-09T03:22:11.216+0000][1][safepoint    ] Total time for which application threads were stopped: 0.0000365 seconds, Stopping threads took: 0.0000066 seconds
[2019-12-09T03:22:11.216+0000][1][safepoint    ] Application time: 0.0003616 seconds
[2019-12-09T03:22:11.216+0000][1][safepoint    ] Entering safepoint region: RevokeBias
[2019-12-09T03:22:11.216+0000][1][safepoint    ] Leaving safepoint region
[2019-12-09T03:22:11.216+0000][1][safepoint    ] Total time for which application threads were stopped: 0.0000704 seconds, Stopping threads took: 0.0000203 seconds
[2019-12-09T03:22:11.216+0000][1][safepoint    ] Application time: 0.0000562 seconds
[2019-12-09T03:22:11.216+0000][1][safepoint    ] Entering safepoint region: RevokeBias
[2019-12-09T03:22:11.216+0000][1][safepoint    ] Leaving safepoint region
[2019-12-09T03:22:11.216+0000][1][safepoint    ] Total time for which application threads were stopped: 0.0000451 seconds, Stopping threads took: 0.0000085 seconds
[2019-12-09T03:22:11.216+0000][1][safepoint    ] Application time: 0.0000656 seconds
[2019-12-09T03:22:11.216+0000][1][safepoint    ] Entering safepoint region: RevokeBias
[2019-12-09T03:22:11.216+0000][1][safepoint    ] Leaving safepoint region
[2019-12-09T03:22:11.216+0000][1][safepoint    ] Total time for which application threads were stopped: 0.0000449 seconds, Stopping threads took: 0.0000071 seconds
[2019-12-09T03:22:11.216+0000][1][safepoint    ] Application time: 0.0000524 seconds
[2019-12-09T03:22:11.216+0000][1][safepoint    ] Entering safepoint region: RevokeBias
[2019-12-09T03:22:11.216+0000][1][safepoint    ] Leaving safepoint region
[2019-12-09T03:22:11.216+0000][1][safepoint    ] Total time for which application threads were stopped: 0.0000437 seconds, Stopping threads took: 0.0000083 seconds
[2019-12-09T03:22:12.366+0000][1][safepoint    ] Application time: 1.1495102 seconds
[2019-12-09T03:22:12.366+0000][1][safepoint    ] Entering safepoint region: Deoptimize
[2019-12-09T03:22:12.366+0000][1][safepoint    ] Leaving safepoint region
[2019-12-09T03:22:12.366+0000][1][safepoint    ] Total time for which application threads were stopped: 0.0004240 seconds, Stopping threads took: 0.0000135 seconds
[2019-12-09T03:22:13.367+0000][1][safepoint    ] Application time: 1.0003507 seconds
[2019-12-09T03:22:13.428+0000][1][safepoint    ] Entering safepoint region: Cleanup
[2019-12-09T03:22:13.428+0000][1][safepoint    ] Leaving safepoint region
[2019-12-09T03:22:13.428+0000][1][safepoint    ] Total time for which application threads were stopped: 0.0609072 seconds, Stopping threads took: 0.0608109 seconds
[2019-12-09T03:22:13.540+0000][1][safepoint    ] Application time: 0.1120725 seconds
[2019-12-09T03:22:13.540+0000][1][safepoint    ] Entering safepoint region: RevokeBias
[2019-12-09T03:22:13.540+0000][1][safepoint    ] Leaving safepoint region
[2019-12-09T03:22:13.540+0000][1][safepoint    ] Total time for which application threads were stopped: 0.0000877 seconds, Stopping threads took: 0.0000135 seconds
[2019-12-09T03:22:14.553+0000][1][safepoint    ] Application time: 1.0132282 seconds
[2019-12-09T03:22:14.571+0000][1][safepoint    ] Entering safepoint region: Cleanup
[2019-12-09T03:22:14.571+0000][1][safepoint    ] Leaving safepoint region
[2019-12-09T03:22:14.571+0000][1][safepoint    ] Total time for which application threads were stopped: 0.0182183 seconds, Stopping threads took: 0.0181528 seconds
[2019-12-09T03:22:14.572+0000][1][safepoint    ] Application time: 0.0002638 seconds
[2019-12-09T03:22:14.572+0000][1][safepoint    ] Entering safepoint region: GenCollectForAllocation
[2019-12-09T03:22:14.572+0000][1][gc,start     ] GC(1) Pause Young (Allocation Failure)
[2019-12-09T03:22:14.572+0000][1][gc,task      ] GC(1) Using 2 workers of 2 for evacuation
[2019-12-09T03:22:14.738+0000][1][gc,age       ] GC(1) Desired survivor size 4456448 bytes, new threshold 6 (max threshold 6)
[2019-12-09T03:22:14.738+0000][1][gc,age       ] GC(1) Age table with threshold 6 (max threshold 6)
[2019-12-09T03:22:14.738+0000][1][gc,age       ] GC(1) - age   1:    1177344 bytes,    1177344 total
[2019-12-09T03:22:14.738+0000][1][gc,heap      ] GC(1) ParNew: 76590K->4311K(78656K)
[2019-12-09T03:22:14.738+0000][1][gc,heap      ] GC(1) CMS: 0K->7062K(174784K)
[2019-12-09T03:22:14.738+0000][1][gc,metaspace ] GC(1) Metaspace: 14824K->14824K(1062912K)
[2019-12-09T03:22:14.738+0000][1][gc           ] GC(1) Pause Young (Allocation Failure) 74M->11M(247M) 166.121ms
[2019-12-09T03:22:14.738+0000][1][gc,cpu       ] GC(1) User=0.07s Sys=0.00s Real=0.17s
[2019-12-09T03:22:14.738+0000][1][safepoint    ] Leaving safepoint region
[2019-12-09T03:22:14.738+0000][1][safepoint    ] Total time for which application threads were stopped: 0.1662680 seconds, Stopping threads took: 0.0000113 seconds
[2019-12-09T03:22:14.739+0000][1][safepoint    ] Application time: 0.0012413 seconds
[2019-12-09T03:22:14.739+0000][1][safepoint    ] Entering safepoint region: BulkRevokeBias
[2019-12-09T03:22:14.739+0000][1][safepoint    ] Leaving safepoint region
[2019-12-09T03:22:14.739+0000][1][safepoint    ] Total time for which application threads were stopped: 0.0001295 seconds, Stopping threads took: 0.0000141 seconds
[2019-12-09T03:22:14.739+0000][1][safepoint    ] Application time: 0.0001314 seconds
[2019-12-09T03:22:14.739+0000][1][safepoint    ] Entering safepoint region: RevokeBias
[2019-12-09T03:22:14.739+0000][1][safepoint    ] Leaving safepoint region
[2019-12-09T03:22:14.740+0000][1][safepoint    ] Total time for which application threads were stopped: 0.0000442 seconds, Stopping threads took: 0.0000094 seconds
[2019-12-09T03:22:14.740+0000][1][safepoint    ] Application time: 0.0000684 seconds
[2019-12-09T03:22:14.740+0000][1][safepoint    ] Entering safepoint region: RevokeBias
[2019-12-09T03:22:14.740+0000][1][safepoint    ] Leaving safepoint region
[2019-12-09T03:22:14.740+0000][1][safepoint    ] Total time for which application threads were stopped: 0.0000384 seconds, Stopping threads took: 0.0000087 seconds
[2019-12-09T03:22:14.740+0000][1][safepoint    ] Application time: 0.0000733 seconds
[2019-12-09T03:22:14.740+0000][1][safepoint    ] Entering safepoint region: RevokeBias
[2019-12-09T03:22:14.740+0000][1][safepoint    ] Leaving safepoint region
[2019-12-09T03:22:14.740+0000][1][safepoint    ] Total time for which application threads were stopped: 0.0000344 seconds, Stopping threads took: 0.0000074 seconds
[2019-12-09T03:22:14.740+0000][1][safepoint    ] Application time: 0.0000497 seconds
[2019-12-09T03:22:14.740+0000][1][safepoint    ] Entering safepoint region: RevokeBias
[2019-12-09T03:22:14.740+0000][1][safepoint    ] Leaving safepoint region
[2019-12-09T03:22:14.740+0000][1][safepoint    ] Total time for which application threads were stopped: 0.0000289 seconds, Stopping threads took: 0.0000063 seconds
[2019-12-09T03:22:14.740+0000][1][safepoint    ] Application time: 0.0000449 seconds
[2019-12-09T03:22:14.740+0000][1][safepoint    ] Entering safepoint region: RevokeBias
[2019-12-09T03:22:14.740+0000][1][safepoint    ] Leaving safepoint region
[2019-12-09T03:22:14.740+0000][1][safepoint    ] Total time for which application threads were stopped: 0.0000307 seconds, Stopping threads took: 0.0000069 seconds
[2019-12-09T03:22:14.740+0000][1][safepoint    ] Application time: 0.0000519 seconds
[2019-12-09T03:22:14.740+0000][1][safepoint    ] Entering safepoint region: BulkRevokeBias
[2019-12-09T03:22:14.740+0000][1][safepoint    ] Leaving safepoint region
[2019-12-09T03:22:14.740+0000][1][safepoint    ] Total time for which application threads were stopped: 0.0000548 seconds, Stopping threads took: 0.0000072 seconds
[2019-12-09T03:22:14.740+0000][1][safepoint    ] Application time: 0.0000462 seconds
[2019-12-09T03:22:14.740+0000][1][safepoint    ] Entering safepoint region: RevokeBias
[2019-12-09T03:22:14.740+0000][1][safepoint    ] Leaving safepoint region
[2019-12-09T03:22:14.740+0000][1][safepoint    ] Total time for which application threads were stopped: 0.0000326 seconds, Stopping threads took: 0.0000071 seconds
[2019-12-09T03:22:14.740+0000][1][safepoint    ] Application time: 0.0000505 seconds
[2019-12-09T03:22:14.740+0000][1][safepoint    ] Entering safepoint region: BulkRevokeBias
[2019-12-09T03:22:14.740+0000][1][safepoint    ] Leaving safepoint region
[2019-12-09T03:22:14.740+0000][1][safepoint    ] Total time for which application threads were stopped: 0.0000524 seconds, Stopping threads took: 0.0000070 seconds
[2019-12-09T03:22:15.755+0000][1][safepoint    ] Application time: 1.0144366 seconds
[2019-12-09T03:22:15.755+0000][1][safepoint    ] Entering safepoint region: Cleanup
[2019-12-09T03:22:15.755+0000][1][safepoint    ] Leaving safepoint region
[2019-12-09T03:22:15.755+0000][1][safepoint    ] Total time for which application threads were stopped: 0.0000942 seconds, Stopping threads took: 0.0000144 seconds
[2019-12-09T03:22:16.127+0000][1][safepoint    ] Application time: 0.3718519 seconds
[2019-12-09T03:22:16.127+0000][1][safepoint    ] Entering safepoint region: GenCollectForAllocation
[2019-12-09T03:22:16.127+0000][1][gc,start     ] GC(2) Pause Young (Allocation Failure)
[2019-12-09T03:22:16.127+0000][1][gc,task      ] GC(2) Using 2 workers of 2 for evacuation
[2019-12-09T03:22:16.167+0000][1][gc,age       ] GC(2) Desired survivor size 4456448 bytes, new threshold 6 (max threshold 6)
[2019-12-09T03:22:16.167+0000][1][gc,age       ] GC(2) Age table with threshold 6 (max threshold 6)
[2019-12-09T03:22:16.167+0000][1][gc,age       ] GC(2) - age   1:    1082776 bytes,    1082776 total
[2019-12-09T03:22:16.167+0000][1][gc,age       ] GC(2) - age   2:     907176 bytes,    1989952 total
[2019-12-09T03:22:16.167+0000][1][gc,heap      ] GC(2) ParNew: 74263K->2348K(78656K)
[2019-12-09T03:22:16.167+0000][1][gc,heap      ] GC(2) CMS: 7062K->7062K(174784K)
[2019-12-09T03:22:16.167+0000][1][gc,metaspace ] GC(2) Metaspace: 14958K->14958K(1062912K)
[2019-12-09T03:22:16.167+0000][1][gc           ] GC(2) Pause Young (Allocation Failure) 79M->9M(247M) 40.066ms
[2019-12-09T03:22:16.167+0000][1][gc,cpu       ] GC(2) User=0.01s Sys=0.00s Real=0.04s
[2019-12-09T03:22:16.167+0000][1][safepoint    ] Leaving safepoint region
[2019-12-09T03:22:16.167+0000][1][safepoint    ] Total time for which application threads were stopped: 0.0402063 seconds, Stopping threads took: 0.0000124 seconds
[2019-12-09T03:22:16.175+0000][1][safepoint    ] Application time: 0.0078920 seconds
[2019-12-09T03:22:16.175+0000][1][safepoint    ] Entering safepoint region: RevokeBias
[2019-12-09T03:22:16.175+0000][1][safepoint    ] Leaving safepoint region
[2019-12-09T03:22:16.175+0000][1][safepoint    ] Total time for which application threads were stopped: 0.0001289 seconds, Stopping threads took: 0.0000704 seconds
[2019-12-09T03:22:16.175+0000][1][safepoint    ] Application time: 0.0000631 seconds
[2019-12-09T03:22:16.175+0000][1][safepoint    ] Entering safepoint region: RevokeBias
[2019-12-09T03:22:16.175+0000][1][safepoint    ] Leaving safepoint region
[2019-12-09T03:22:16.175+0000][1][safepoint    ] Total time for which application threads were stopped: 0.0000392 seconds, Stopping threads took: 0.0000089 seconds
[2019-12-09T03:22:16.175+0000][1][safepoint    ] Application time: 0.0000629 seconds
[2019-12-09T03:22:16.175+0000][1][safepoint    ] Entering safepoint region: RevokeBias
[2019-12-09T03:22:16.175+0000][1][safepoint    ] Leaving safepoint region
[2019-12-09T03:22:16.175+0000][1][safepoint    ] Total time for which application threads were stopped: 0.0000377 seconds, Stopping threads took: 0.0000089 seconds
[2019-12-09T03:22:16.175+0000][1][safepoint    ] Application time: 0.0000535 seconds
[2019-12-09T03:22:16.175+0000][1][safepoint    ] Entering safepoint region: RevokeBias
[2019-12-09T03:22:16.175+0000][1][safepoint    ] Leaving safepoint region
[2019-12-09T03:22:16.175+0000][1][safepoint    ] Total time for which application threads were stopped: 0.0000449 seconds, Stopping threads took: 0.0000082 seconds
[2019-12-09T03:22:16.175+0000][1][safepoint    ] Application time: 0.0000492 seconds
[2019-12-09T03:22:16.175+0000][1][safepoint    ] Entering safepoint region: RevokeBias
[2019-12-09T03:22:16.175+0000][1][safepoint    ] Leaving safepoint region
[2019-12-09T03:22:16.175+0000][1][safepoint    ] Total time for which application threads were stopped: 0.0000321 seconds, Stopping threads took: 0.0000072 seconds
[2019-12-09T03:22:16.176+0000][1][safepoint    ] Application time: 0.0000454 seconds
[2019-12-09T03:22:16.176+0000][1][safepoint    ] Entering safepoint region: RevokeBias
[2019-12-09T03:22:16.176+0000][1][safepoint    ] Leaving safepoint region
[2019-12-09T03:22:16.176+0000][1][safepoint    ] Total time for which application threads were stopped: 0.0000412 seconds, Stopping threads took: 0.0000166 seconds
[2019-12-09T03:22:16.176+0000][1][safepoint    ] Application time: 0.0000491 seconds
[2019-12-09T03:22:16.176+0000][1][safepoint    ] Entering safepoint region: RevokeBias
[2019-12-09T03:22:16.176+0000][1][safepoint    ] Leaving safepoint region
[2019-12-09T03:22:16.176+0000][1][safepoint    ] Total time for which application threads were stopped: 0.0000317 seconds, Stopping threads took: 0.0000076 seconds
[2019-12-09T03:22:16.176+0000][1][safepoint    ] Application time: 0.0000594 seconds
[2019-12-09T03:22:16.176+0000][1][safepoint    ] Entering safepoint region: RevokeBias
[2019-12-09T03:22:16.176+0000][1][safepoint    ] Leaving safepoint region
[2019-12-09T03:22:16.176+0000][1][safepoint    ] Total time for which application threads were stopped: 0.0000337 seconds, Stopping threads took: 0.0000069 seconds
[2019-12-09T03:22:16.176+0000][1][safepoint    ] Application time: 0.0000502 seconds
[2019-12-09T03:22:16.176+0000][1][safepoint    ] Entering safepoint region: RevokeBias
[2019-12-09T03:22:16.176+0000][1][safepoint    ] Leaving safepoint region
[2019-12-09T03:22:16.176+0000][1][safepoint    ] Total time for which application threads were stopped: 0.0000293 seconds, Stopping threads took: 0.0000072 seconds
[2019-12-09T03:22:16.176+0000][1][safepoint    ] Application time: 0.0000448 seconds
[2019-12-09T03:22:16.176+0000][1][safepoint    ] Entering safepoint region: RevokeBias
[2019-12-09T03:22:16.176+0000][1][safepoint    ] Leaving safepoint region
[2019-12-09T03:22:16.176+0000][1][safepoint    ] Total time for which application threads were stopped: 0.0000302 seconds, Stopping threads took: 0.0000071 seconds
[2019-12-09T03:22:16.176+0000][1][safepoint    ] Application time: 0.0000484 seconds
[2019-12-09T03:22:16.176+0000][1][safepoint    ] Entering safepoint region: RevokeBias
[2019-12-09T03:22:16.176+0000][1][safepoint    ] Leaving safepoint region
[2019-12-09T03:22:16.176+0000][1][safepoint    ] Total time for which application threads were stopped: 0.0000279 seconds, Stopping threads took: 0.0000067 seconds
[2019-12-09T03:22:16.176+0000][1][safepoint    ] Application time: 0.0000441 seconds
[2019-12-09T03:22:16.176+0000][1][safepoint    ] Entering safepoint region: RevokeBias
[2019-12-09T03:22:16.176+0000][1][safepoint    ] Leaving safepoint region
[2019-12-09T03:22:16.176+0000][1][safepoint    ] Total time for which application threads were stopped: 0.0000297 seconds, Stopping threads took: 0.0000071 seconds
[2019-12-09T03:22:16.176+0000][1][safepoint    ] Application time: 0.0000490 seconds
[2019-12-09T03:22:16.176+0000][1][safepoint    ] Entering safepoint region: RevokeBias
[2019-12-09T03:22:16.176+0000][1][safepoint    ] Leaving safepoint region
[2019-12-09T03:22:16.176+0000][1][safepoint    ] Total time for which application threads were stopped: 0.0000341 seconds, Stopping threads took: 0.0000082 seconds
[2019-12-09T03:22:16.176+0000][1][safepoint    ] Application time: 0.0000516 seconds
[2019-12-09T03:22:16.176+0000][1][safepoint    ] Entering safepoint region: RevokeBias
[2019-12-09T03:22:16.176+0000][1][safepoint    ] Leaving safepoint region
[2019-12-09T03:22:16.176+0000][1][safepoint    ] Total time for which application threads were stopped: 0.0000339 seconds, Stopping threads took: 0.0000083 seconds
[2019-12-09T03:22:16.176+0000][1][safepoint    ] Application time: 0.0000559 seconds
[2019-12-09T03:22:16.176+0000][1][safepoint    ] Entering safepoint region: RevokeBias
[2019-12-09T03:22:16.176+0000][1][safepoint    ] Leaving safepoint region
[2019-12-09T03:22:16.176+0000][1][safepoint    ] Total time for which application threads were stopped: 0.0000351 seconds, Stopping threads took: 0.0000083 seconds
[2019-12-09T03:22:16.177+0000][1][safepoint    ] Application time: 0.0000512 seconds
[2019-12-09T03:22:16.177+0000][1][safepoint    ] Entering safepoint region: RevokeBias
[2019-12-09T03:22:16.177+0000][1][safepoint    ] Leaving safepoint region
[2019-12-09T03:22:16.177+0000][1][safepoint    ] Total time for which application threads were stopped: 0.0000410 seconds, Stopping threads took: 0.0000150 seconds
[2019-12-09T03:22:16.177+0000][1][safepoint    ] Application time: 0.0000659 seconds
[2019-12-09T03:22:16.177+0000][1][safepoint    ] Entering safepoint region: RevokeBias
[2019-12-09T03:22:16.177+0000][1][safepoint    ] Leaving safepoint region
[2019-12-09T03:22:16.177+0000][1][safepoint    ] Total time for which application threads were stopped: 0.0000507 seconds, Stopping threads took: 0.0000082 seconds
[2019-12-09T03:22:16.177+0000][1][safepoint    ] Application time: 0.0000526 seconds
[2019-12-09T03:22:16.177+0000][1][safepoint    ] Entering safepoint region: RevokeBias
[2019-12-09T03:22:16.177+0000][1][safepoint    ] Leaving safepoint region
[2019-12-09T03:22:16.177+0000][1][safepoint    ] Total time for which application threads were stopped: 0.0000339 seconds, Stopping threads took: 0.0000081 seconds
[2019-12-09T03:22:17.220+0000][1][safepoint    ] Application time: 1.0435022 seconds
[2019-12-09T03:22:17.220+0000][1][safepoint    ] Entering safepoint region: Deoptimize
[2019-12-09T03:22:17.221+0000][1][safepoint    ] Leaving safepoint region
[2019-12-09T03:22:17.221+0000][1][safepoint    ] Total time for which application threads were stopped: 0.0004243 seconds, Stopping threads took: 0.0000119 seconds
[2019-12-09T03:22:17.221+0000][1][safepoint    ] Application time: 0.0005106 seconds
[2019-12-09T03:22:17.221+0000][1][safepoint    ] Entering safepoint region: Deoptimize
[2019-12-09T03:22:17.222+0000][1][safepoint    ] Leaving safepoint region
[2019-12-09T03:22:17.222+0000][1][safepoint    ] Total time for which application threads were stopped: 0.0003219 seconds, Stopping threads took: 0.0000109 seconds
[2019-12-09T03:22:18.279+0000][1][safepoint    ] Application time: 1.0570873 seconds
[2019-12-09T03:22:18.310+0000][1][safepoint    ] Entering safepoint region: Cleanup
[2019-12-09T03:22:18.310+0000][1][safepoint    ] Leaving safepoint region
[2019-12-09T03:22:18.310+0000][1][safepoint    ] Total time for which application threads were stopped: 0.0310620 seconds, Stopping threads took: 0.0309888 seconds
[2019-12-09T03:22:19.319+0000][1][safepoint    ] Application time: 1.0088858 seconds
[2019-12-09T03:22:19.319+0000][1][safepoint    ] Entering safepoint region: Cleanup
[2019-12-09T03:22:19.319+0000][1][safepoint    ] Leaving safepoint region
[2019-12-09T03:22:19.319+0000][1][safepoint    ] Total time for which application threads were stopped: 0.0000999 seconds, Stopping threads took: 0.0000410 seconds
[2019-12-09T03:22:19.437+0000][1][safepoint    ] Application time: 0.1183323 seconds
[2019-12-09T03:22:19.437+0000][1][safepoint    ] Entering safepoint region: GenCollectForAllocation
[2019-12-09T03:22:19.437+0000][1][gc,start     ] GC(3) Pause Young (Allocation Failure)
[2019-12-09T03:22:19.437+0000][1][gc,task      ] GC(3) Using 2 workers of 2 for evacuation
[2019-12-09T03:22:19.538+0000][1][gc,age       ] GC(3) Desired survivor size 4456448 bytes, new threshold 3 (max threshold 6)
[2019-12-09T03:22:19.538+0000][1][gc,age       ] GC(3) Age table with threshold 3 (max threshold 6)
[2019-12-09T03:22:19.538+0000][1][gc,age       ] GC(3) - age   1:    3233440 bytes,    3233440 total
[2019-12-09T03:22:19.538+0000][1][gc,age       ] GC(3) - age   2:    1065344 bytes,    4298784 total
[2019-12-09T03:22:19.538+0000][1][gc,age       ] GC(3) - age   3:     904872 bytes,    5203656 total
[2019-12-09T03:22:19.538+0000][1][gc,heap      ] GC(3) ParNew: 72300K->5513K(78656K)
[2019-12-09T03:22:19.538+0000][1][gc,heap      ] GC(3) CMS: 7062K->7062K(174784K)
[2019-12-09T03:22:19.538+0000][1][gc,metaspace ] GC(3) Metaspace: 18415K->18415K(1067008K)
[2019-12-09T03:22:19.538+0000][1][gc           ] GC(3) Pause Young (Allocation Failure) 77M->12M(247M) 100.680ms
[2019-12-09T03:22:19.538+0000][1][gc,cpu       ] GC(3) User=0.03s Sys=0.00s Real=0.10s
[2019-12-09T03:22:19.538+0000][1][safepoint    ] Leaving safepoint region
[2019-12-09T03:22:19.538+0000][1][safepoint    ] Total time for which application threads were stopped: 0.1008137 seconds, Stopping threads took: 0.0000141 seconds
[2019-12-09T03:22:19.552+0000][1][safepoint    ] Application time: 0.0137040 seconds
[2019-12-09T03:22:19.585+0000][1][safepoint    ] Entering safepoint region: BulkRevokeBias
[2019-12-09T03:22:19.585+0000][1][safepoint    ] Leaving safepoint region
[2019-12-09T03:22:19.585+0000][1][safepoint    ] Total time for which application threads were stopped: 0.0332186 seconds, Stopping threads took: 0.0330649 seconds
[2019-12-09T03:22:19.586+0000][1][safepoint    ] Application time: 0.0007986 seconds
[2019-12-09T03:22:19.586+0000][1][safepoint    ] Entering safepoint region: RevokeBias
[2019-12-09T03:22:19.586+0000][1][safepoint    ] Leaving safepoint region
[2019-12-09T03:22:19.586+0000][1][safepoint    ] Total time for which application threads were stopped: 0.0000679 seconds, Stopping threads took: 0.0000121 seconds
[2019-12-09T03:22:19.587+0000][1][safepoint    ] Application time: 0.0015496 seconds
[2019-12-09T03:22:19.587+0000][1][safepoint    ] Entering safepoint region: RevokeBias
[2019-12-09T03:22:19.588+0000][1][safepoint    ] Leaving safepoint region
[2019-12-09T03:22:19.588+0000][1][safepoint    ] Total time for which application threads were stopped: 0.0000597 seconds, Stopping threads took: 0.0000103 seconds
[2019-12-09T03:22:19.588+0000][1][safepoint    ] Application time: 0.0000550 seconds
[2019-12-09T03:22:19.588+0000][1][safepoint    ] Entering safepoint region: RevokeBias
[2019-12-09T03:22:19.588+0000][1][safepoint    ] Leaving safepoint region
[2019-12-09T03:22:19.588+0000][1][safepoint    ] Total time for which application threads were stopped: 0.0000426 seconds, Stopping threads took: 0.0000072 seconds
[2019-12-09T03:22:19.588+0000][1][safepoint    ] Application time: 0.0000780 seconds
[2019-12-09T03:22:19.588+0000][1][safepoint    ] Entering safepoint region: RevokeBias
[2019-12-09T03:22:19.588+0000][1][safepoint    ] Leaving safepoint region
[2019-12-09T03:22:19.588+0000][1][safepoint    ] Total time for which application threads were stopped: 0.0000423 seconds, Stopping threads took: 0.0000075 seconds
[2019-12-09T03:22:19.588+0000][1][safepoint    ] Application time: 0.0000459 seconds
[2019-12-09T03:22:19.588+0000][1][safepoint    ] Entering safepoint region: RevokeBias
[2019-12-09T03:22:19.588+0000][1][safepoint    ] Leaving safepoint region
[2019-12-09T03:22:19.588+0000][1][safepoint    ] Total time for which application threads were stopped: 0.0000403 seconds, Stopping threads took: 0.0000071 seconds
[2019-12-09T03:22:20.553+0000][1][safepoint    ] Application time: 0.9648410 seconds
[2019-12-09T03:22:20.553+0000][1][safepoint    ] Entering safepoint region: GenCollectForAllocation
[2019-12-09T03:22:20.553+0000][1][gc,start     ] GC(4) Pause Young (Allocation Failure)
[2019-12-09T03:22:20.553+0000][1][gc,task      ] GC(4) Using 2 workers of 2 for evacuation
[2019-12-09T03:22:20.673+0000][1][gc,age       ] GC(4) Desired survivor size 4456448 bytes, new threshold 2 (max threshold 6)
[2019-12-09T03:22:20.673+0000][1][gc,age       ] GC(4) Age table with threshold 2 (max threshold 6)
[2019-12-09T03:22:20.673+0000][1][gc,age       ] GC(4) - age   1:    1993904 bytes,    1993904 total
[2019-12-09T03:22:20.673+0000][1][gc,age       ] GC(4) - age   2:    2671344 bytes,    4665248 total
[2019-12-09T03:22:20.673+0000][1][gc,age       ] GC(4) - age   3:    1065344 bytes,    5730592 total
[2019-12-09T03:22:20.673+0000][1][gc,heap      ] GC(4) ParNew: 75465K->8399K(78656K)
[2019-12-09T03:22:20.673+0000][1][gc,heap      ] GC(4) CMS: 7062K->7959K(174784K)
[2019-12-09T03:22:20.673+0000][1][gc,metaspace ] GC(4) Metaspace: 18631K->18631K(1067008K)
[2019-12-09T03:22:20.673+0000][1][gc           ] GC(4) Pause Young (Allocation Failure) 80M->15M(247M) 120.314ms
[2019-12-09T03:22:20.673+0000][1][gc,cpu       ] GC(4) User=0.03s Sys=0.00s Real=0.12s
[2019-12-09T03:22:20.673+0000][1][safepoint    ] Leaving safepoint region
[2019-12-09T03:22:20.673+0000][1][safepoint    ] Total time for which application threads were stopped: 0.1204684 seconds, Stopping threads took: 0.0000125 seconds
[2019-12-09T03:22:20.680+0000][1][safepoint    ] Application time: 0.0066064 seconds
[2019-12-09T03:22:20.730+0000][1][safepoint    ] Entering safepoint region: RevokeBias
[2019-12-09T03:22:20.730+0000][1][safepoint    ] Leaving safepoint region
[2019-12-09T03:22:20.730+0000][1][safepoint    ] Total time for which application threads were stopped: 0.0497585 seconds, Stopping threads took: 0.0496750 seconds
[2019-12-09T03:22:20.730+0000][1][safepoint    ] Application time: 0.0000887 seconds
[2019-12-09T03:22:20.730+0000][1][safepoint    ] Entering safepoint region: RevokeBias
[2019-12-09T03:22:20.730+0000][1][safepoint    ] Leaving safepoint region
[2019-12-09T03:22:20.730+0000][1][safepoint    ] Total time for which application threads were stopped: 0.0000603 seconds, Stopping threads took: 0.0000093 seconds
[2019-12-09T03:22:20.730+0000][1][safepoint    ] Application time: 0.0000674 seconds
[2019-12-09T03:22:20.730+0000][1][safepoint    ] Entering safepoint region: RevokeBias
[2019-12-09T03:22:20.730+0000][1][safepoint    ] Leaving safepoint region
[2019-12-09T03:22:20.730+0000][1][safepoint    ] Total time for which application threads were stopped: 0.0000505 seconds, Stopping threads took: 0.0000086 seconds
[2019-12-09T03:22:20.730+0000][1][safepoint    ] Application time: 0.0000514 seconds
[2019-12-09T03:22:20.730+0000][1][safepoint    ] Entering safepoint region: RevokeBias
[2019-12-09T03:22:20.730+0000][1][safepoint    ] Leaving safepoint region
[2019-12-09T03:22:20.730+0000][1][safepoint    ] Total time for which application threads were stopped: 0.0000484 seconds, Stopping threads took: 0.0000083 seconds
[2019-12-09T03:22:20.773+0000][1][safepoint    ] Application time: 0.0431005 seconds
[2019-12-09T03:22:20.773+0000][1][safepoint    ] Entering safepoint region: Deoptimize
[2019-12-09T03:22:20.774+0000][1][safepoint    ] Leaving safepoint region
[2019-12-09T03:22:20.774+0000][1][safepoint    ] Total time for which application threads were stopped: 0.0004006 seconds, Stopping threads took: 0.0000133 seconds
[2019-12-09T03:22:21.413+0000][1][safepoint    ] Application time: 0.6391182 seconds
[2019-12-09T03:22:21.413+0000][1][safepoint    ] Entering safepoint region: Deoptimize
[2019-12-09T03:22:21.413+0000][1][safepoint    ] Leaving safepoint region
[2019-12-09T03:22:21.413+0000][1][safepoint    ] Total time for which application threads were stopped: 0.0003829 seconds, Stopping threads took: 0.0000133 seconds
[2019-12-09T03:22:22.376+0000][1][safepoint    ] Application time: 0.9625503 seconds
[2019-12-09T03:22:22.376+0000][1][safepoint    ] Entering safepoint region: GenCollectForAllocation
[2019-12-09T03:22:22.376+0000][1][gc,start     ] GC(5) Pause Young (Allocation Failure)
[2019-12-09T03:22:22.376+0000][1][gc,task      ] GC(5) Using 2 workers of 2 for evacuation
[2019-12-09T03:22:22.462+0000][1][gc,age       ] GC(5) Desired survivor size 4456448 bytes, new threshold 6 (max threshold 6)
[2019-12-09T03:22:22.462+0000][1][gc,age       ] GC(5) Age table with threshold 6 (max threshold 6)
[2019-12-09T03:22:22.462+0000][1][gc,age       ] GC(5) - age   1:    2865176 bytes,    2865176 total
[2019-12-09T03:22:22.462+0000][1][gc,age       ] GC(5) - age   2:     442528 bytes,    3307704 total
[2019-12-09T03:22:22.462+0000][1][gc,heap      ] GC(5) ParNew: 78351K->5247K(78656K)
[2019-12-09T03:22:22.462+0000][1][gc,heap      ] GC(5) CMS: 7959K->11638K(174784K)
[2019-12-09T03:22:22.462+0000][1][gc,metaspace ] GC(5) Metaspace: 18965K->18965K(1067008K)
[2019-12-09T03:22:22.462+0000][1][gc           ] GC(5) Pause Young (Allocation Failure) 84M->16M(247M) 86.108ms
[2019-12-09T03:22:22.462+0000][1][gc,cpu       ] GC(5) User=0.03s Sys=0.00s Real=0.08s
[2019-12-09T03:22:22.462+0000][1][safepoint    ] Leaving safepoint region
[2019-12-09T03:22:22.462+0000][1][safepoint    ] Total time for which application threads were stopped: 0.0862604 seconds, Stopping threads took: 0.0000127 seconds
[2019-12-09T03:22:22.471+0000][1][safepoint    ] Application time: 0.0087224 seconds
[2019-12-09T03:22:22.534+0000][1][safepoint    ] Entering safepoint region: RevokeBias
[2019-12-09T03:22:22.534+0000][1][safepoint    ] Leaving safepoint region
[2019-12-09T03:22:22.534+0000][1][safepoint    ] Total time for which application threads were stopped: 0.0631573 seconds, Stopping threads took: 0.0630851 seconds
[2019-12-09T03:22:22.535+0000][1][safepoint    ] Application time: 0.0008075 seconds
[2019-12-09T03:22:22.535+0000][1][safepoint    ] Entering safepoint region: RevokeBias
[2019-12-09T03:22:22.535+0000][1][safepoint    ] Leaving safepoint region
[2019-12-09T03:22:22.535+0000][1][safepoint    ] Total time for which application threads were stopped: 0.0000895 seconds, Stopping threads took: 0.0000285 seconds
[2019-12-09T03:22:22.535+0000][1][safepoint    ] Application time: 0.0000693 seconds
[2019-12-09T03:22:22.535+0000][1][safepoint    ] Entering safepoint region: RevokeBias
[2019-12-09T03:22:22.535+0000][1][safepoint    ] Leaving safepoint region
[2019-12-09T03:22:22.535+0000][1][safepoint    ] Total time for which application threads were stopped: 0.0000445 seconds, Stopping threads took: 0.0000069 seconds
[2019-12-09T03:22:22.535+0000][1][safepoint    ] Application time: 0.0000432 seconds
[2019-12-09T03:22:22.535+0000][1][safepoint    ] Entering safepoint region: RevokeBias
[2019-12-09T03:22:22.535+0000][1][safepoint    ] Leaving safepoint region
[2019-12-09T03:22:22.535+0000][1][safepoint    ] Total time for which application threads were stopped: 0.0000383 seconds, Stopping threads took: 0.0000065 seconds
[2019-12-09T03:22:22.535+0000][1][safepoint    ] Application time: 0.0000485 seconds
[2019-12-09T03:22:22.535+0000][1][safepoint    ] Entering safepoint region: RevokeBias
[2019-12-09T03:22:22.535+0000][1][safepoint    ] Leaving safepoint region
[2019-12-09T03:22:22.535+0000][1][safepoint    ] Total time for which application threads were stopped: 0.0000394 seconds, Stopping threads took: 0.0000064 seconds
[2019-12-09T03:22:22.535+0000][1][safepoint    ] Application time: 0.0000439 seconds
[2019-12-09T03:22:22.535+0000][1][safepoint    ] Entering safepoint region: RevokeBias
[2019-12-09T03:22:22.535+0000][1][safepoint    ] Leaving safepoint region
[2019-12-09T03:22:22.535+0000][1][safepoint    ] Total time for which application threads were stopped: 0.0000389 seconds, Stopping threads took: 0.0000067 seconds
[2019-12-09T03:22:23.369+0000][1][safepoint    ] Application time: 0.8334761 seconds
[2019-12-09T03:22:23.369+0000][1][safepoint    ] Entering safepoint region: RevokeBias
[2019-12-09T03:22:23.369+0000][1][safepoint    ] Leaving safepoint region
[2019-12-09T03:22:23.369+0000][1][safepoint    ] Total time for which application threads were stopped: 0.0000705 seconds, Stopping threads took: 0.0000123 seconds
[2019-12-09T03:22:23.369+0000][1][safepoint    ] Application time: 0.0002011 seconds
[2019-12-09T03:22:23.369+0000][1][safepoint    ] Entering safepoint region: RevokeBias
[2019-12-09T03:22:23.369+0000][1][safepoint    ] Leaving safepoint region
[2019-12-09T03:22:23.369+0000][1][safepoint    ] Total time for which application threads were stopped: 0.0000394 seconds, Stopping threads took: 0.0000081 seconds
[2019-12-09T03:22:23.693+0000][1][safepoint    ] Application time: 0.3234892 seconds
[2019-12-09T03:22:23.693+0000][1][safepoint    ] Entering safepoint region: GenCollectForAllocation
[2019-12-09T03:22:23.693+0000][1][gc,start     ] GC(6) Pause Young (Allocation Failure)
[2019-12-09T03:22:23.693+0000][1][gc,task      ] GC(6) Using 2 workers of 2 for evacuation
[2019-12-09T03:22:23.813+0000][1][gc,age       ] GC(6) Desired survivor size 4456448 bytes, new threshold 6 (max threshold 6)
[2019-12-09T03:22:23.813+0000][1][gc,age       ] GC(6) Age table with threshold 6 (max threshold 6)
[2019-12-09T03:22:23.813+0000][1][gc,age       ] GC(6) - age   1:    1604728 bytes,    1604728 total
[2019-12-09T03:22:23.813+0000][1][gc,age       ] GC(6) - age   2:    2192904 bytes,    3797632 total
[2019-12-09T03:22:23.813+0000][1][gc,age       ] GC(6) - age   3:     442528 bytes,    4240160 total
[2019-12-09T03:22:23.813+0000][1][gc,heap      ] GC(6) ParNew: 75199K->5601K(78656K)
[2019-12-09T03:22:23.813+0000][1][gc,heap      ] GC(6) CMS: 11638K->11638K(174784K)
[2019-12-09T03:22:23.813+0000][1][gc,metaspace ] GC(6) Metaspace: 19271K->19271K(1067008K)
[2019-12-09T03:22:23.813+0000][1][gc           ] GC(6) Pause Young (Allocation Failure) 84M->16M(247M) 120.691ms
[2019-12-09T03:22:23.813+0000][1][gc,cpu       ] GC(6) User=0.02s Sys=0.00s Real=0.12s
[2019-12-09T03:22:23.813+0000][1][safepoint    ] Leaving safepoint region
[2019-12-09T03:22:23.813+0000][1][safepoint    ] Total time for which application threads were stopped: 0.1208447 seconds, Stopping threads took: 0.0000142 seconds
[2019-12-09T03:22:23.815+0000][1][safepoint    ] Application time: 0.0013938 seconds
[2019-12-09T03:22:23.833+0000][1][safepoint    ] Entering safepoint region: RevokeBias
[2019-12-09T03:22:23.833+0000][1][safepoint    ] Leaving safepoint region
[2019-12-09T03:22:23.833+0000][1][safepoint    ] Total time for which application threads were stopped: 0.0180102 seconds, Stopping threads took: 0.0178970 seconds
[2019-12-09T03:22:23.833+0000][1][safepoint    ] Application time: 0.0000746 seconds
[2019-12-09T03:22:23.833+0000][1][safepoint    ] Entering safepoint region: RevokeBias
[2019-12-09T03:22:23.833+0000][1][safepoint    ] Leaving safepoint region
[2019-12-09T03:22:23.833+0000][1][safepoint    ] Total time for which application threads were stopped: 0.0000716 seconds, Stopping threads took: 0.0000092 seconds
[2019-12-09T03:22:23.833+0000][1][safepoint    ] Application time: 0.0000653 seconds
[2019-12-09T03:22:23.833+0000][1][safepoint    ] Entering safepoint region: BulkRevokeBias
[2019-12-09T03:22:23.833+0000][1][safepoint    ] Leaving safepoint region
[2019-12-09T03:22:23.833+0000][1][safepoint    ] Total time for which application threads were stopped: 0.0001080 seconds, Stopping threads took: 0.0000092 seconds
[2019-12-09T03:22:23.833+0000][1][safepoint    ] Application time: 0.0000561 seconds
[2019-12-09T03:22:23.833+0000][1][safepoint    ] Entering safepoint region: BulkRevokeBias
[2019-12-09T03:22:23.833+0000][1][safepoint    ] Leaving safepoint region
[2019-12-09T03:22:23.833+0000][1][safepoint    ] Total time for which application threads were stopped: 0.0000974 seconds, Stopping threads took: 0.0000082 seconds
[2019-12-09T03:22:24.452+0000][1][safepoint    ] Application time: 0.6182746 seconds
[2019-12-09T03:22:24.452+0000][1][safepoint    ] Entering safepoint region: GenCollectForAllocation
[2019-12-09T03:22:24.452+0000][1][gc,start     ] GC(7) Pause Young (Allocation Failure)
[2019-12-09T03:22:24.452+0000][1][gc,task      ] GC(7) Using 2 workers of 2 for evacuation
[2019-12-09T03:22:24.507+0000][1][gc,age       ] GC(7) Desired survivor size 4456448 bytes, new threshold 6 (max threshold 6)
[2019-12-09T03:22:24.507+0000][1][gc,age       ] GC(7) Age table with threshold 6 (max threshold 6)
[2019-12-09T03:22:24.507+0000][1][gc,age       ] GC(7) - age   1:     396256 bytes,     396256 total
[2019-12-09T03:22:24.507+0000][1][gc,age       ] GC(7) - age   2:    1128824 bytes,    1525080 total
[2019-12-09T03:22:24.507+0000][1][gc,age       ] GC(7) - age   3:    2192824 bytes,    3717904 total
[2019-12-09T03:22:24.507+0000][1][gc,age       ] GC(7) - age   4:     442528 bytes,    4160432 total
[2019-12-09T03:22:24.507+0000][1][gc,heap      ] GC(7) ParNew: 75553K->6058K(78656K)
[2019-12-09T03:22:24.507+0000][1][gc,heap      ] GC(7) CMS: 11638K->11638K(174784K)
[2019-12-09T03:22:24.507+0000][1][gc,metaspace ] GC(7) Metaspace: 19540K->19540K(1067008K)
[2019-12-09T03:22:24.507+0000][1][gc           ] GC(7) Pause Young (Allocation Failure) 85M->17M(247M) 55.238ms
[2019-12-09T03:22:24.507+0000][1][gc,cpu       ] GC(7) User=0.02s Sys=0.00s Real=0.06s
[2019-12-09T03:22:24.507+0000][1][safepoint    ] Leaving safepoint region
[2019-12-09T03:22:24.507+0000][1][safepoint    ] Total time for which application threads were stopped: 0.0553715 seconds, Stopping threads took: 0.0000119 seconds
[2019-12-09T03:22:25.144+0000][1][safepoint    ] Application time: 0.6370316 seconds
[2019-12-09T03:22:25.144+0000][1][safepoint    ] Entering safepoint region: CollectForMetadataAllocation
[2019-12-09T03:22:25.144+0000][1][safepoint    ] Leaving safepoint region
[2019-12-09T03:22:25.144+0000][1][safepoint    ] Total time for which application threads were stopped: 0.0002620 seconds, Stopping threads took: 0.0000136 seconds
[2019-12-09T03:22:25.424+0000][1][safepoint    ] Application time: 0.2791655 seconds
[2019-12-09T03:22:25.424+0000][1][safepoint    ] Entering safepoint region: CollectForMetadataAllocation
[2019-12-09T03:22:25.424+0000][1][safepoint    ] Leaving safepoint region
[2019-12-09T03:22:25.424+0000][1][safepoint    ] Total time for which application threads were stopped: 0.0002347 seconds, Stopping threads took: 0.0000144 seconds
[2019-12-09T03:22:26.323+0000][1][safepoint    ] Application time: 0.8992314 seconds
[2019-12-09T03:22:26.323+0000][1][safepoint    ] Entering safepoint region: GenCollectForAllocation
[2019-12-09T03:22:26.323+0000][1][gc,start     ] GC(8) Pause Young (Allocation Failure)
[2019-12-09T03:22:26.323+0000][1][gc,task      ] GC(8) Using 2 workers of 2 for evacuation
[2019-12-09T03:22:26.378+0000][1][gc,age       ] GC(8) Desired survivor size 4456448 bytes, new threshold 4 (max threshold 6)
[2019-12-09T03:22:26.378+0000][1][gc,age       ] GC(8) Age table with threshold 4 (max threshold 6)
[2019-12-09T03:22:26.378+0000][1][gc,age       ] GC(8) - age   1:     981456 bytes,     981456 total
[2019-12-09T03:22:26.378+0000][1][gc,age       ] GC(8) - age   2:     380328 bytes,    1361784 total
[2019-12-09T03:22:26.378+0000][1][gc,age       ] GC(8) - age   3:    1128680 bytes,    2490464 total
[2019-12-09T03:22:26.378+0000][1][gc,age       ] GC(8) - age   4:    2190416 bytes,    4680880 total
[2019-12-09T03:22:26.378+0000][1][gc,age       ] GC(8) - age   5:     442528 bytes,    5123408 total
[2019-12-09T03:22:26.378+0000][1][gc,heap      ] GC(8) ParNew: 76010K->6085K(78656K)
[2019-12-09T03:22:26.378+0000][1][gc,heap      ] GC(8) CMS: 11638K->11638K(174784K)
[2019-12-09T03:22:26.378+0000][1][gc,metaspace ] GC(8) Metaspace: 20356K->20356K(1069056K)
[2019-12-09T03:22:26.378+0000][1][gc           ] GC(8) Pause Young (Allocation Failure) 85M->17M(247M) 54.658ms
[2019-12-09T03:22:26.378+0000][1][gc,cpu       ] GC(8) User=0.01s Sys=0.00s Real=0.06s
[2019-12-09T03:22:26.378+0000][1][safepoint    ] Leaving safepoint region
[2019-12-09T03:22:26.378+0000][1][safepoint    ] Total time for which application threads were stopped: 0.0547973 seconds, Stopping threads took: 0.0000145 seconds
[2019-12-09T03:22:26.403+0000][1][safepoint    ] Application time: 0.0247989 seconds
[2019-12-09T03:22:26.460+0000][1][safepoint    ] Entering safepoint region: CMS_Initial_Mark
[2019-12-09T03:22:26.461+0000][1][gc,start     ] GC(9) Pause Initial Mark
[2019-12-09T03:22:26.464+0000][1][gc           ] GC(9) Pause Initial Mark 21M->21M(247M) 3.024ms
[2019-12-09T03:22:26.464+0000][1][gc,cpu       ] GC(9) User=0.00s Sys=0.00s Real=0.00s
[2019-12-09T03:22:26.464+0000][1][safepoint    ] Leaving safepoint region
[2019-12-09T03:22:26.464+0000][1][safepoint    ] Total time for which application threads were stopped: 0.0607972 seconds, Stopping threads took: 0.0576791 seconds
[2019-12-09T03:22:26.464+0000][1][gc           ] GC(9) Concurrent Mark
[2019-12-09T03:22:26.585+0000][1][gc           ] GC(9) Concurrent Mark 121.749ms
[2019-12-09T03:22:26.585+0000][1][gc,cpu       ] GC(9) User=0.04s Sys=0.00s Real=0.13s
[2019-12-09T03:22:26.586+0000][1][gc           ] GC(9) Concurrent Preclean
[2019-12-09T03:22:26.586+0000][1][gc           ] GC(9) Concurrent Preclean 0.483ms
[2019-12-09T03:22:26.586+0000][1][gc,cpu       ] GC(9) User=0.00s Sys=0.00s Real=0.00s
[2019-12-09T03:22:26.586+0000][1][gc           ] GC(9) Concurrent Abortable Preclean
[2019-12-09T03:22:27.509+0000][1][safepoint    ] Application time: 1.0456347 seconds
[2019-12-09T03:22:27.614+0000][1][safepoint    ] Entering safepoint region: Cleanup
[2019-12-09T03:22:27.614+0000][1][safepoint    ] Leaving safepoint region
[2019-12-09T03:22:27.614+0000][1][safepoint    ] Total time for which application threads were stopped: 0.1045328 seconds, Stopping threads took: 0.1044769 seconds
[2019-12-09T03:22:27.649+0000][1][safepoint    ] Application time: 0.0352639 seconds
[2019-12-09T03:22:27.649+0000][1][safepoint    ] Entering safepoint region: GenCollectForAllocation
[2019-12-09T03:22:27.649+0000][1][gc,start     ] GC(10) Pause Young (Allocation Failure)
[2019-12-09T03:22:27.649+0000][1][gc,task      ] GC(10) Using 2 workers of 2 for evacuation
[2019-12-09T03:22:27.750+0000][1][gc,age       ] GC(10) Desired survivor size 4456448 bytes, new threshold 6 (max threshold 6)
[2019-12-09T03:22:27.750+0000][1][gc,age       ] GC(10) Age table with threshold 6 (max threshold 6)
[2019-12-09T03:22:27.750+0000][1][gc,age       ] GC(10) - age   1:    1259704 bytes,    1259704 total
[2019-12-09T03:22:27.750+0000][1][gc,age       ] GC(10) - age   2:     630936 bytes,    1890640 total
[2019-12-09T03:22:27.750+0000][1][gc,age       ] GC(10) - age   3:     380328 bytes,    2270968 total
[2019-12-09T03:22:27.750+0000][1][gc,age       ] GC(10) - age   4:    1128680 bytes,    3399648 total
[2019-12-09T03:22:27.750+0000][1][gc,heap      ] GC(10) ParNew: 76037K->4766K(78656K)
[2019-12-09T03:22:27.750+0000][1][gc,heap      ] GC(10) CMS: 11638K->14227K(174784K)
[2019-12-09T03:22:27.750+0000][1][gc,metaspace ] GC(10) Metaspace: 20473K->20473K(1069056K)
[2019-12-09T03:22:27.750+0000][1][gc           ] GC(10) Pause Young (Allocation Failure) 85M->18M(247M) 100.698ms
[2019-12-09T03:22:27.750+0000][1][gc,cpu       ] GC(10) User=0.03s Sys=0.00s Real=0.10s
[2019-12-09T03:22:27.750+0000][1][safepoint    ] Leaving safepoint region
[2019-12-09T03:22:27.750+0000][1][safepoint    ] Total time for which application threads were stopped: 0.1008202 seconds, Stopping threads took: 0.0000134 seconds
[2019-12-09T03:22:28.603+0000][1][gc           ] GC(9) Concurrent Abortable Preclean 2016.668ms
[2019-12-09T03:22:28.603+0000][1][gc,cpu       ] GC(9) User=0.58s Sys=0.01s Real=2.01s
[2019-12-09T03:22:28.603+0000][1][safepoint    ] Application time: 0.8528011 seconds
[2019-12-09T03:22:28.651+0000][1][safepoint    ] Entering safepoint region: CMS_Final_Remark
[2019-12-09T03:22:28.652+0000][1][gc,start     ] GC(9) Pause Remark
[2019-12-09T03:22:28.741+0000][1][gc           ] GC(9) Pause Remark 66M->66M(247M) 89.131ms
[2019-12-09T03:22:28.741+0000][1][gc,cpu       ] GC(9) User=0.03s Sys=0.00s Real=0.09s
[2019-12-09T03:22:28.741+0000][1][safepoint    ] Leaving safepoint region
[2019-12-09T03:22:28.741+0000][1][safepoint    ] Total time for which application threads were stopped: 0.1379463 seconds, Stopping threads took: 0.0486713 seconds
[2019-12-09T03:22:28.741+0000][1][gc           ] GC(9) Concurrent Sweep
[2019-12-09T03:22:28.832+0000][1][gc           ] GC(9) Concurrent Sweep 91.448ms
[2019-12-09T03:22:28.832+0000][1][gc,cpu       ] GC(9) User=0.02s Sys=0.00s Real=0.09s
[2019-12-09T03:22:28.832+0000][1][gc           ] GC(9) Concurrent Reset
[2019-12-09T03:22:28.833+0000][1][gc           ] GC(9) Concurrent Reset 0.317ms
[2019-12-09T03:22:28.838+0000][1][gc,cpu       ] GC(9) User=0.00s Sys=0.00s Real=0.01s
[2019-12-09T03:22:28.838+0000][1][gc,heap      ] GC(9) Old: 11638K->14202K(174784K)
[2019-12-09T03:22:29.052+0000][1][safepoint    ] Application time: 0.3107840 seconds
[2019-12-09T03:22:29.052+0000][1][safepoint    ] Entering safepoint region: GenCollectForAllocation
[2019-12-09T03:22:29.052+0000][1][gc,start     ] GC(11) Pause Young (Allocation Failure)
[2019-12-09T03:22:29.052+0000][1][gc,task      ] GC(11) Using 2 workers of 2 for evacuation
[2019-12-09T03:22:29.153+0000][1][gc,age       ] GC(11) Desired survivor size 4456448 bytes, new threshold 6 (max threshold 6)
[2019-12-09T03:22:29.153+0000][1][gc,age       ] GC(11) Age table with threshold 6 (max threshold 6)
[2019-12-09T03:22:29.153+0000][1][gc,age       ] GC(11) - age   1:    1004424 bytes,    1004424 total
[2019-12-09T03:22:29.153+0000][1][gc,age       ] GC(11) - age   2:      97480 bytes,    1101904 total
[2019-12-09T03:22:29.153+0000][1][gc,age       ] GC(11) - age   3:     630888 bytes,    1732792 total
[2019-12-09T03:22:29.153+0000][1][gc,age       ] GC(11) - age   4:     380224 bytes,    2113016 total
[2019-12-09T03:22:29.153+0000][1][gc,age       ] GC(11) - age   5:    1128392 bytes,    3241408 total
[2019-12-09T03:22:29.153+0000][1][gc,heap      ] GC(11) ParNew: 74718K->5522K(78656K)
[2019-12-09T03:22:29.153+0000][1][gc,heap      ] GC(11) CMS: 14202K->14202K(174784K)
[2019-12-09T03:22:29.153+0000][1][gc,metaspace ] GC(11) Metaspace: 20557K->20557K(1069056K)
[2019-12-09T03:22:29.153+0000][1][gc           ] GC(11) Pause Young (Allocation Failure) 86M->19M(247M) 100.960ms
[2019-12-09T03:22:29.153+0000][1][gc,cpu       ] GC(11) User=0.01s Sys=0.01s Real=0.10s
[2019-12-09T03:22:29.153+0000][1][safepoint    ] Leaving safepoint region
[2019-12-09T03:22:29.153+0000][1][safepoint    ] Total time for which application threads were stopped: 0.1014933 seconds, Stopping threads took: 0.0000138 seconds
[2019-12-09T03:22:30.132+0000][1][safepoint    ] Application time: 0.9790168 seconds
[2019-12-09T03:22:30.132+0000][1][safepoint    ] Entering safepoint region: Deoptimize
[2019-12-09T03:22:30.133+0000][1][safepoint    ] Leaving safepoint region
[2019-12-09T03:22:30.133+0000][1][safepoint    ] Total time for which application threads were stopped: 0.0004309 seconds, Stopping threads took: 0.0000122 seconds
[2019-12-09T03:22:31.133+0000][1][safepoint    ] Application time: 1.0001276 seconds
[2019-12-09T03:22:31.133+0000][1][safepoint    ] Entering safepoint region: Cleanup
[2019-12-09T03:22:31.133+0000][1][safepoint    ] Leaving safepoint region
[2019-12-09T03:22:31.133+0000][1][safepoint    ] Total time for which application threads were stopped: 0.0002111 seconds, Stopping threads took: 0.0001500 seconds
[2019-12-09T03:22:31.865+0000][1][safepoint    ] Application time: 0.7318092 seconds
[2019-12-09T03:22:31.865+0000][1][safepoint    ] Entering safepoint region: GenCollectForAllocation
[2019-12-09T03:22:31.865+0000][1][gc,start     ] GC(12) Pause Young (Allocation Failure)
[2019-12-09T03:22:31.865+0000][1][gc,task      ] GC(12) Using 2 workers of 2 for evacuation
[2019-12-09T03:22:31.897+0000][1][gc,age       ] GC(12) Desired survivor size 4456448 bytes, new threshold 6 (max threshold 6)
[2019-12-09T03:22:31.897+0000][1][gc,age       ] GC(12) Age table with threshold 6 (max threshold 6)
[2019-12-09T03:22:31.897+0000][1][gc,age       ] GC(12) - age   1:    1043824 bytes,    1043824 total
[2019-12-09T03:22:31.897+0000][1][gc,age       ] GC(12) - age   2:     305568 bytes,    1349392 total
[2019-12-09T03:22:31.897+0000][1][gc,age       ] GC(12) - age   3:      97480 bytes,    1446872 total
[2019-12-09T03:22:31.897+0000][1][gc,age       ] GC(12) - age   4:     630824 bytes,    2077696 total
[2019-12-09T03:22:31.897+0000][1][gc,age       ] GC(12) - age   5:     380224 bytes,    2457920 total
[2019-12-09T03:22:31.897+0000][1][gc,age       ] GC(12) - age   6:    1128392 bytes,    3586312 total
[2019-12-09T03:22:31.897+0000][1][gc,heap      ] GC(12) ParNew: 75474K->4214K(78656K)
[2019-12-09T03:22:31.897+0000][1][gc,heap      ] GC(12) CMS: 14202K->14202K(174784K)
[2019-12-09T03:22:31.897+0000][1][gc,metaspace ] GC(12) Metaspace: 22824K->22824K(1071104K)
[2019-12-09T03:22:31.897+0000][1][gc           ] GC(12) Pause Young (Allocation Failure) 87M->17M(247M) 31.774ms
[2019-12-09T03:22:31.897+0000][1][gc,cpu       ] GC(12) User=0.01s Sys=0.00s Real=0.03s
[2019-12-09T03:22:31.897+0000][1][safepoint    ] Leaving safepoint region
[2019-12-09T03:22:31.897+0000][1][safepoint    ] Total time for which application threads were stopped: 0.0320690 seconds, Stopping threads took: 0.0000244 seconds
[2019-12-09T03:22:32.762+0000][1][safepoint    ] Application time: 0.8654131 seconds
[2019-12-09T03:22:32.762+0000][1][safepoint    ] Entering safepoint region: Deoptimize
[2019-12-09T03:22:32.763+0000][1][safepoint    ] Leaving safepoint region
[2019-12-09T03:22:32.763+0000][1][safepoint    ] Total time for which application threads were stopped: 0.0004526 seconds, Stopping threads took: 0.0000131 seconds
[2019-12-09T03:22:33.448+0000][1][safepoint    ] Application time: 0.6848970 seconds
[2019-12-09T03:22:33.448+0000][1][safepoint    ] Entering safepoint region: Deoptimize
[2019-12-09T03:22:33.448+0000][1][safepoint    ] Leaving safepoint region
[2019-12-09T03:22:33.448+0000][1][safepoint    ] Total time for which application threads were stopped: 0.0004341 seconds, Stopping threads took: 0.0000145 seconds
[2019-12-09T03:22:33.502+0000][1][safepoint    ] Application time: 0.0538320 seconds
[2019-12-09T03:22:33.502+0000][1][safepoint    ] Entering safepoint region: Deoptimize
[2019-12-09T03:22:33.502+0000][1][safepoint    ] Leaving safepoint region
[2019-12-09T03:22:33.503+0000][1][safepoint    ] Total time for which application threads were stopped: 0.0004392 seconds, Stopping threads took: 0.0000134 seconds
[2019-12-09T03:22:33.572+0000][1][safepoint    ] Application time: 0.0691942 seconds
[2019-12-09T03:22:33.572+0000][1][safepoint    ] Entering safepoint region: Deoptimize
[2019-12-09T03:22:33.572+0000][1][safepoint    ] Leaving safepoint region
[2019-12-09T03:22:33.572+0000][1][safepoint    ] Total time for which application threads were stopped: 0.0004477 seconds, Stopping threads took: 0.0000140 seconds
[2019-12-09T03:22:34.577+0000][1][safepoint    ] Application time: 1.0045075 seconds
[2019-12-09T03:22:34.577+0000][1][safepoint    ] Entering safepoint region: Cleanup
[2019-12-09T03:22:34.577+0000][1][safepoint    ] Leaving safepoint region
[2019-12-09T03:22:34.577+0000][1][safepoint    ] Total time for which application threads were stopped: 0.0001816 seconds, Stopping threads took: 0.0001244 seconds
[2019-12-09T03:22:35.580+0000][1][safepoint    ] Application time: 1.0028378 seconds
[2019-12-09T03:22:35.580+0000][1][safepoint    ] Entering safepoint region: Cleanup
[2019-12-09T03:22:35.580+0000][1][safepoint    ] Leaving safepoint region
[2019-12-09T03:22:35.580+0000][1][safepoint    ] Total time for which application threads were stopped: 0.0003199 seconds, Stopping threads took: 0.0000924 seconds
[2019-12-09T03:22:36.583+0000][1][safepoint    ] Application time: 1.0025594 seconds
[2019-12-09T03:22:36.591+0000][1][safepoint    ] Entering safepoint region: Cleanup
[2019-12-09T03:22:36.591+0000][1][safepoint    ] Leaving safepoint region
[2019-12-09T03:22:36.591+0000][1][safepoint    ] Total time for which application threads were stopped: 0.0080502 seconds, Stopping threads took: 0.0079836 seconds
[2019-12-09T03:22:37.597+0000][1][safepoint    ] Application time: 1.0059608 seconds
[2019-12-09T03:22:37.597+0000][1][safepoint    ] Entering safepoint region: Cleanup
[2019-12-09T03:22:37.597+0000][1][safepoint    ] Leaving safepoint region
[2019-12-09T03:22:37.597+0000][1][safepoint    ] Total time for which application threads were stopped: 0.0001037 seconds, Stopping threads took: 0.0000482 seconds
[2019-12-09T03:22:38.332+0000][1][safepoint    ] Application time: 0.7348783 seconds
[2019-12-09T03:22:38.332+0000][1][safepoint    ] Entering safepoint region: GenCollectForAllocation
[2019-12-09T03:22:38.332+0000][1][gc,start     ] GC(13) Pause Young (Allocation Failure)
[2019-12-09T03:22:38.332+0000][1][gc,task      ] GC(13) Using 2 workers of 2 for evacuation
[2019-12-09T03:22:38.596+0000][1][gc,age       ] GC(13) Desired survivor size 4456448 bytes, new threshold 1 (max threshold 6)
[2019-12-09T03:22:38.596+0000][1][gc,age       ] GC(13) Age table with threshold 1 (max threshold 6)
[2019-12-09T03:22:38.597+0000][1][gc,age       ] GC(13) - age   1:    6620864 bytes,    6620864 total
[2019-12-09T03:22:38.597+0000][1][gc,age       ] GC(13) - age   2:     882472 bytes,    7503336 total
[2019-12-09T03:22:38.597+0000][1][gc,age       ] GC(13) - age   3:     305536 bytes,    7808872 total
[2019-12-09T03:22:38.597+0000][1][gc,age       ] GC(13) - age   4:      97328 bytes,    7906200 total
[2019-12-09T03:22:38.597+0000][1][gc,age       ] GC(13) - age   5:     627608 bytes,    8533808 total
[2019-12-09T03:22:38.597+0000][1][gc,age       ] GC(13) - age   6:     378032 bytes,    8911840 total
[2019-12-09T03:22:38.597+0000][1][gc,heap      ] GC(13) ParNew: 74166K->8704K(78656K)
[2019-12-09T03:22:38.597+0000][1][gc,heap      ] GC(13) CMS: 14202K->21418K(174784K)
[2019-12-09T03:22:38.597+0000][1][gc,metaspace ] GC(13) Metaspace: 26950K->26950K(1075200K)
[2019-12-09T03:22:38.597+0000][1][gc           ] GC(13) Pause Young (Allocation Failure) 86M->29M(247M) 264.713ms
[2019-12-09T03:22:38.597+0000][1][gc,cpu       ] GC(13) User=0.08s Sys=0.00s Real=0.27s
[2019-12-09T03:22:38.597+0000][1][safepoint    ] Leaving safepoint region
[2019-12-09T03:22:38.597+0000][1][safepoint    ] Total time for which application threads were stopped: 0.2648652 seconds, Stopping threads took: 0.0000140 seconds
[2019-12-09T03:22:39.648+0000][1][safepoint    ] Application time: 1.0509846 seconds
[2019-12-09T03:22:39.648+0000][1][safepoint    ] Entering safepoint region: Cleanup
[2019-12-09T03:22:39.648+0000][1][safepoint    ] Leaving safepoint region
[2019-12-09T03:22:39.648+0000][1][safepoint    ] Total time for which application threads were stopped: 0.0001275 seconds, Stopping threads took: 0.0000504 seconds
[2019-12-09T03:22:41.656+0000][1][safepoint    ] Application time: 2.0078211 seconds
[2019-12-09T03:22:41.709+0000][1][safepoint    ] Entering safepoint region: Cleanup
[2019-12-09T03:22:41.709+0000][1][safepoint    ] Leaving safepoint region
[2019-12-09T03:22:41.709+0000][1][safepoint    ] Total time for which application threads were stopped: 0.0530613 seconds, Stopping threads took: 0.0530158 seconds
[2019-12-09T03:22:42.241+0000][1][safepoint    ] Application time: 0.5318792 seconds
[2019-12-09T03:22:42.241+0000][1][safepoint    ] Entering safepoint region: GenCollectForAllocation
[2019-12-09T03:22:42.241+0000][1][gc,start     ] GC(14) Pause Young (Allocation Failure)
[2019-12-09T03:22:42.241+0000][1][gc,task      ] GC(14) Using 2 workers of 2 for evacuation
[2019-12-09T03:22:42.861+0000][1][gc,age       ] GC(14) Desired survivor size 4456448 bytes, new threshold 1 (max threshold 6)
[2019-12-09T03:22:42.861+0000][1][gc,age       ] GC(14) Age table with threshold 1 (max threshold 6)
[2019-12-09T03:22:42.861+0000][1][gc,age       ] GC(14) - age   1:    8393280 bytes,    8393280 total
[2019-12-09T03:22:42.861+0000][1][gc,heap      ] GC(14) ParNew: 78656K->8704K(78656K)
[2019-12-09T03:22:42.861+0000][1][gc,heap      ] GC(14) CMS: 21418K->34995K(174784K)
[2019-12-09T03:22:42.861+0000][1][gc,metaspace ] GC(14) Metaspace: 27159K->27159K(1075200K)
[2019-12-09T03:22:42.861+0000][1][gc           ] GC(14) Pause Young (Allocation Failure) 97M->42M(247M) 619.817ms
[2019-12-09T03:22:42.861+0000][1][gc,cpu       ] GC(14) User=0.19s Sys=0.00s Real=0.62s
[2019-12-09T03:22:42.861+0000][1][safepoint    ] Leaving safepoint region
[2019-12-09T03:22:42.861+0000][1][safepoint    ] Total time for which application threads were stopped: 0.6199761 seconds, Stopping threads took: 0.0000141 seconds
[2019-12-09T03:22:45.893+0000][1][safepoint    ] Application time: 3.0319693 seconds
[2019-12-09T03:22:45.893+0000][1][safepoint    ] Entering safepoint region: Cleanup
[2019-12-09T03:22:45.893+0000][1][safepoint    ] Leaving safepoint region
[2019-12-09T03:22:45.893+0000][1][safepoint    ] Total time for which application threads were stopped: 0.0000962 seconds, Stopping threads took: 0.0000593 seconds
[2019-12-09T03:22:46.180+0000][1][safepoint    ] Application time: 0.2870217 seconds
[2019-12-09T03:22:46.180+0000][1][safepoint    ] Entering safepoint region: RevokeBias
[2019-12-09T03:22:46.180+0000][1][safepoint    ] Leaving safepoint region
[2019-12-09T03:22:46.180+0000][1][safepoint    ] Total time for which application threads were stopped: 0.0001079 seconds, Stopping threads took: 0.0000331 seconds
[2019-12-09T03:22:46.903+0000][1][safepoint    ] Application time: 0.7226015 seconds
[2019-12-09T03:22:46.903+0000][1][safepoint    ] Entering safepoint region: RevokeBias
[2019-12-09T03:22:46.903+0000][1][safepoint    ] Leaving safepoint region
[2019-12-09T03:22:46.903+0000][1][safepoint    ] Total time for which application threads were stopped: 0.0001546 seconds, Stopping threads took: 0.0000110 seconds
[2019-12-09T03:22:47.907+0000][1][safepoint    ] Application time: 1.0038817 seconds
[2019-12-09T03:22:47.907+0000][1][safepoint    ] Entering safepoint region: Cleanup
[2019-12-09T03:22:47.907+0000][1][safepoint    ] Leaving safepoint region
[2019-12-09T03:22:47.907+0000][1][safepoint    ] Total time for which application threads were stopped: 0.0001151 seconds, Stopping threads took: 0.0000455 seconds
[2019-12-09T03:22:48.086+0000][1][safepoint    ] Application time: 0.1791232 seconds
[2019-12-09T03:22:48.086+0000][1][safepoint    ] Entering safepoint region: GenCollectForAllocation
[2019-12-09T03:22:48.086+0000][1][gc,start     ] GC(15) Pause Young (Allocation Failure)
[2019-12-09T03:22:48.086+0000][1][gc,task      ] GC(15) Using 2 workers of 2 for evacuation
[2019-12-09T03:22:48.547+0000][1][gc,age       ] GC(15) Desired survivor size 4456448 bytes, new threshold 1 (max threshold 6)
[2019-12-09T03:22:48.547+0000][1][gc,age       ] GC(15) Age table with threshold 1 (max threshold 6)
[2019-12-09T03:22:48.547+0000][1][gc,age       ] GC(15) - age   1:    7320152 bytes,    7320152 total
[2019-12-09T03:22:48.547+0000][1][gc,heap      ] GC(15) ParNew: 78656K->8704K(78656K)
[2019-12-09T03:22:48.547+0000][1][gc,heap      ] GC(15) CMS: 34995K->47864K(174784K)
[2019-12-09T03:22:48.547+0000][1][gc,metaspace ] GC(15) Metaspace: 29449K->29449K(1077248K)
[2019-12-09T03:22:48.547+0000][1][gc           ] GC(15) Pause Young (Allocation Failure) 110M->55M(247M) 460.950ms
[2019-12-09T03:22:48.547+0000][1][gc,cpu       ] GC(15) User=0.10s Sys=0.00s Real=0.46s
[2019-12-09T03:22:48.547+0000][1][safepoint    ] Leaving safepoint region
[2019-12-09T03:22:48.547+0000][1][safepoint    ] Total time for which application threads were stopped: 0.4610941 seconds, Stopping threads took: 0.0000152 seconds
[2019-12-09T03:22:49.172+0000][1][safepoint    ] Application time: 0.6245702 seconds
[2019-12-09T03:22:49.172+0000][1][safepoint    ] Entering safepoint region: RevokeBias
[2019-12-09T03:22:49.172+0000][1][safepoint    ] Leaving safepoint region
[2019-12-09T03:22:49.172+0000][1][safepoint    ] Total time for which application threads were stopped: 0.0001011 seconds, Stopping threads took: 0.0000137 seconds
[2019-12-09T03:22:49.615+0000][1][safepoint    ] Application time: 0.4427986 seconds
[2019-12-09T03:22:49.615+0000][1][safepoint    ] Entering safepoint region: RevokeBias
[2019-12-09T03:22:49.615+0000][1][safepoint    ] Leaving safepoint region
[2019-12-09T03:22:49.615+0000][1][safepoint    ] Total time for which application threads were stopped: 0.0000934 seconds, Stopping threads took: 0.0000174 seconds
[2019-12-09T03:22:49.742+0000][1][safepoint    ] Application time: 0.1269437 seconds
[2019-12-09T03:22:49.742+0000][1][safepoint    ] Entering safepoint region: RevokeBias
[2019-12-09T03:22:49.742+0000][1][safepoint    ] Leaving safepoint region
[2019-12-09T03:22:49.742+0000][1][safepoint    ] Total time for which application threads were stopped: 0.0000771 seconds, Stopping threads took: 0.0000139 seconds
[2019-12-09T03:22:49.844+0000][1][safepoint    ] Application time: 0.1024805 seconds
[2019-12-09T03:22:49.844+0000][1][safepoint    ] Entering safepoint region: RevokeBias
[2019-12-09T03:22:49.844+0000][1][safepoint    ] Leaving safepoint region
[2019-12-09T03:22:49.844+0000][1][safepoint    ] Total time for which application threads were stopped: 0.0000741 seconds, Stopping threads took: 0.0000134 seconds
[2019-12-09T03:22:50.876+0000][1][safepoint    ] Application time: 1.0312312 seconds
[2019-12-09T03:22:50.876+0000][1][safepoint    ] Entering safepoint region: Cleanup
[2019-12-09T03:22:50.876+0000][1][safepoint    ] Leaving safepoint region
[2019-12-09T03:22:50.876+0000][1][safepoint    ] Total time for which application threads were stopped: 0.0002303 seconds, Stopping threads took: 0.0001787 seconds
[2019-12-09T03:22:51.880+0000][1][safepoint    ] Application time: 1.0037130 seconds
[2019-12-09T03:22:51.925+0000][1][safepoint    ] Entering safepoint region: Cleanup
[2019-12-09T03:22:51.925+0000][1][safepoint    ] Leaving safepoint region
[2019-12-09T03:22:51.925+0000][1][safepoint    ] Total time for which application threads were stopped: 0.0450997 seconds, Stopping threads took: 0.0450313 seconds
[2019-12-09T03:22:51.926+0000][1][safepoint    ] Application time: 0.0015250 seconds
[2019-12-09T03:22:51.926+0000][1][safepoint    ] Entering safepoint region: GenCollectForAllocation
[2019-12-09T03:22:51.926+0000][1][gc,start     ] GC(16) Pause Young (Allocation Failure)
[2019-12-09T03:22:51.927+0000][1][gc,task      ] GC(16) Using 2 workers of 2 for evacuation
[2019-12-09T03:22:52.102+0000][1][gc,age       ] GC(16) Desired survivor size 4456448 bytes, new threshold 6 (max threshold 6)
[2019-12-09T03:22:52.103+0000][1][gc,age       ] GC(16) Age table with threshold 6 (max threshold 6)
[2019-12-09T03:22:52.103+0000][1][gc,age       ] GC(16) - age   1:    1274928 bytes,    1274928 total
[2019-12-09T03:22:52.103+0000][1][gc,heap      ] GC(16) ParNew: 78656K->7355K(78656K)
[2019-12-09T03:22:52.103+0000][1][gc,heap      ] GC(16) CMS: 47864K->55057K(174784K)
[2019-12-09T03:22:52.103+0000][1][gc,metaspace ] GC(16) Metaspace: 32992K->32992K(1079296K)
[2019-12-09T03:22:52.103+0000][1][gc           ] GC(16) Pause Young (Allocation Failure) 123M->60M(247M) 176.096ms
[2019-12-09T03:22:52.103+0000][1][gc,cpu       ] GC(16) User=0.05s Sys=0.00s Real=0.17s
[2019-12-09T03:22:52.103+0000][1][safepoint    ] Leaving safepoint region
[2019-12-09T03:22:52.103+0000][1][safepoint    ] Total time for which application threads were stopped: 0.1762156 seconds, Stopping threads took: 0.0000113 seconds
[2019-12-09T03:22:53.103+0000][1][safepoint    ] Application time: 1.0000779 seconds
[2019-12-09T03:22:53.107+0000][1][safepoint    ] Entering safepoint region: Cleanup
[2019-12-09T03:22:53.107+0000][1][safepoint    ] Leaving safepoint region
[2019-12-09T03:22:53.107+0000][1][safepoint    ] Total time for which application threads were stopped: 0.0042111 seconds, Stopping threads took: 0.0041462 seconds
[2019-12-09T03:22:53.976+0000][1][safepoint    ] Application time: 0.8687858 seconds
[2019-12-09T03:22:53.976+0000][1][safepoint    ] Entering safepoint region: CollectForMetadataAllocation
[2019-12-09T03:22:53.976+0000][1][safepoint    ] Leaving safepoint region
[2019-12-09T03:22:53.976+0000][1][safepoint    ] Total time for which application threads were stopped: 0.0001744 seconds, Stopping threads took: 0.0000149 seconds
[2019-12-09T03:22:54.080+0000][1][safepoint    ] Application time: 0.1044522 seconds
[2019-12-09T03:22:54.080+0000][1][safepoint    ] Entering safepoint region: CollectForMetadataAllocation
[2019-12-09T03:22:54.081+0000][1][safepoint    ] Leaving safepoint region
[2019-12-09T03:22:54.081+0000][1][safepoint    ] Total time for which application threads were stopped: 0.0001458 seconds, Stopping threads took: 0.0000142 seconds
[2019-12-09T03:22:54.109+0000][1][safepoint    ] Application time: 0.0287883 seconds
[2019-12-09T03:22:54.109+0000][1][safepoint    ] Entering safepoint region: CMS_Initial_Mark
[2019-12-09T03:22:54.109+0000][1][gc,start     ] GC(17) Pause Initial Mark
[2019-12-09T03:22:54.242+0000][1][gc           ] GC(17) Pause Initial Mark 123M->123M(247M) 132.700ms
[2019-12-09T03:22:54.242+0000][1][gc,cpu       ] GC(17) User=0.04s Sys=0.00s Real=0.13s
[2019-12-09T03:22:54.242+0000][1][safepoint    ] Leaving safepoint region
[2019-12-09T03:22:54.242+0000][1][safepoint    ] Total time for which application threads were stopped: 0.1328562 seconds, Stopping threads took: 0.0000446 seconds
[2019-12-09T03:22:54.242+0000][1][gc           ] GC(17) Concurrent Mark
[2019-12-09T03:22:54.331+0000][1][safepoint    ] Application time: 0.0882252 seconds
[2019-12-09T03:22:54.331+0000][1][safepoint    ] Entering safepoint region: RevokeBias
[2019-12-09T03:22:54.331+0000][1][safepoint    ] Leaving safepoint region
[2019-12-09T03:22:54.331+0000][1][safepoint    ] Total time for which application threads were stopped: 0.0000917 seconds, Stopping threads took: 0.0000134 seconds
[2019-12-09T03:22:54.730+0000][1][safepoint    ] Application time: 0.3997560 seconds
[2019-12-09T03:22:54.730+0000][1][safepoint    ] Entering safepoint region: CollectForMetadataAllocation
[2019-12-09T03:22:54.731+0000][1][safepoint    ] Leaving safepoint region
[2019-12-09T03:22:54.731+0000][1][safepoint    ] Total time for which application threads were stopped: 0.0002733 seconds, Stopping threads took: 0.0000148 seconds
[2019-12-09T03:22:55.024+0000][1][safepoint    ] Application time: 0.2934385 seconds
[2019-12-09T03:22:55.024+0000][1][safepoint    ] Entering safepoint region: CollectForMetadataAllocation
[2019-12-09T03:22:55.024+0000][1][safepoint    ] Leaving safepoint region
[2019-12-09T03:22:55.024+0000][1][safepoint    ] Total time for which application threads were stopped: 0.0002333 seconds, Stopping threads took: 0.0000129 seconds
[2019-12-09T03:22:55.198+0000][1][gc           ] GC(17) Concurrent Mark 955.987ms
[2019-12-09T03:22:55.198+0000][1][gc,cpu       ] GC(17) User=0.25s Sys=0.01s Real=0.96s
[2019-12-09T03:22:55.198+0000][1][gc           ] GC(17) Concurrent Preclean
[2019-12-09T03:22:55.215+0000][1][gc           ] GC(17) Concurrent Preclean 16.865ms
[2019-12-09T03:22:55.215+0000][1][gc,cpu       ] GC(17) User=0.01s Sys=0.00s Real=0.02s
[2019-12-09T03:22:55.215+0000][1][gc           ] GC(17) Concurrent Abortable Preclean
[2019-12-09T03:22:55.317+0000][1][safepoint    ] Application time: 0.2927055 seconds
[2019-12-09T03:22:55.317+0000][1][safepoint    ] Entering safepoint region: CollectForMetadataAllocation
[2019-12-09T03:22:55.317+0000][1][safepoint    ] Leaving safepoint region
[2019-12-09T03:22:55.317+0000][1][safepoint    ] Total time for which application threads were stopped: 0.0002235 seconds, Stopping threads took: 0.0000148 seconds
[2019-12-09T03:22:55.500+0000][1][safepoint    ] Application time: 0.1822121 seconds
[2019-12-09T03:22:55.500+0000][1][safepoint    ] Entering safepoint region: GenCollectForAllocation
[2019-12-09T03:22:55.500+0000][1][gc,start     ] GC(18) Pause Young (Allocation Failure)
[2019-12-09T03:22:55.500+0000][1][gc,task      ] GC(18) Using 2 workers of 2 for evacuation
[2019-12-09T03:22:55.634+0000][1][gc,age       ] GC(18) Desired survivor size 4456448 bytes, new threshold 6 (max threshold 6)
[2019-12-09T03:22:55.634+0000][1][gc,age       ] GC(18) Age table with threshold 6 (max threshold 6)
[2019-12-09T03:22:55.634+0000][1][gc,age       ] GC(18) - age   1:    1940848 bytes,    1940848 total
[2019-12-09T03:22:55.634+0000][1][gc,age       ] GC(18) - age   2:    1208664 bytes,    3149512 total
[2019-12-09T03:22:55.634+0000][1][gc,heap      ] GC(18) ParNew: 77307K->4144K(78656K)
[2019-12-09T03:22:55.634+0000][1][gc,heap      ] GC(18) CMS: 55057K->55057K(174784K)
[2019-12-09T03:22:55.634+0000][1][gc,metaspace ] GC(18) Metaspace: 35298K->35298K(1081344K)
[2019-12-09T03:22:55.634+0000][1][gc           ] GC(18) Pause Young (Allocation Failure) 129M->57M(247M) 134.496ms
[2019-12-09T03:22:55.634+0000][1][gc,cpu       ] GC(18) User=0.01s Sys=0.00s Real=0.13s
[2019-12-09T03:22:55.634+0000][1][safepoint    ] Leaving safepoint region
[2019-12-09T03:22:55.634+0000][1][safepoint    ] Total time for which application threads were stopped: 0.1346421 seconds, Stopping threads took: 0.0000133 seconds
[2019-12-09T03:22:55.676+0000][1][safepoint    ] Application time: 0.0414191 seconds
[2019-12-09T03:22:55.676+0000][1][safepoint    ] Entering safepoint region: CollectForMetadataAllocation
[2019-12-09T03:22:55.676+0000][1][safepoint    ] Leaving safepoint region
[2019-12-09T03:22:55.676+0000][1][safepoint    ] Total time for which application threads were stopped: 0.0002424 seconds, Stopping threads took: 0.0000151 seconds
[2019-12-09T03:22:55.907+0000][1][safepoint    ] Application time: 0.2307112 seconds
[2019-12-09T03:22:55.907+0000][1][safepoint    ] Entering safepoint region: CollectForMetadataAllocation
[2019-12-09T03:22:55.907+0000][1][safepoint    ] Leaving safepoint region
[2019-12-09T03:22:55.907+0000][1][safepoint    ] Total time for which application threads were stopped: 0.0001491 seconds, Stopping threads took: 0.0000155 seconds
[2019-12-09T03:22:56.221+0000][1][safepoint    ] Application time: 0.3137860 seconds
[2019-12-09T03:22:56.221+0000][1][safepoint    ] Entering safepoint region: CollectForMetadataAllocation
[2019-12-09T03:22:56.221+0000][1][safepoint    ] Leaving safepoint region
[2019-12-09T03:22:56.221+0000][1][safepoint    ] Total time for which application threads were stopped: 0.0002201 seconds, Stopping threads took: 0.0000138 seconds
[2019-12-09T03:22:56.517+0000][1][safepoint    ] Application time: 0.2957721 seconds
[2019-12-09T03:22:56.517+0000][1][safepoint    ] Entering safepoint region: CollectForMetadataAllocation
[2019-12-09T03:22:56.517+0000][1][safepoint    ] Leaving safepoint region
[2019-12-09T03:22:56.517+0000][1][safepoint    ] Total time for which application threads were stopped: 0.0002058 seconds, Stopping threads took: 0.0000127 seconds
[2019-12-09T03:22:56.666+0000][1][safepoint    ] Application time: 0.1486046 seconds
[2019-12-09T03:22:56.666+0000][1][safepoint    ] Entering safepoint region: CollectForMetadataAllocation
[2019-12-09T03:22:56.666+0000][1][safepoint    ] Leaving safepoint region
[2019-12-09T03:22:56.666+0000][1][safepoint    ] Total time for which application threads were stopped: 0.0003203 seconds, Stopping threads took: 0.0000970 seconds
[2019-12-09T03:22:56.809+0000][1][safepoint    ] Application time: 0.1427660 seconds
[2019-12-09T03:22:56.809+0000][1][safepoint    ] Entering safepoint region: RevokeBias
[2019-12-09T03:22:56.809+0000][1][safepoint    ] Leaving safepoint region
[2019-12-09T03:22:56.809+0000][1][safepoint    ] Total time for which application threads were stopped: 0.0002711 seconds, Stopping threads took: 0.0000164 seconds
[2019-12-09T03:22:56.899+0000][1][safepoint    ] Application time: 0.0897041 seconds
[2019-12-09T03:22:56.899+0000][1][safepoint    ] Entering safepoint region: CollectForMetadataAllocation
[2019-12-09T03:22:56.899+0000][1][safepoint    ] Leaving safepoint region
[2019-12-09T03:22:56.899+0000][1][safepoint    ] Total time for which application threads were stopped: 0.0002268 seconds, Stopping threads took: 0.0000131 seconds
[2019-12-09T03:22:56.910+0000][1][safepoint    ] Application time: 0.0107243 seconds
[2019-12-09T03:22:56.944+0000][1][safepoint    ] Entering safepoint region: CollectForMetadataAllocation
[2019-12-09T03:22:56.944+0000][1][safepoint    ] Leaving safepoint region
[2019-12-09T03:22:56.944+0000][1][safepoint    ] Total time for which application threads were stopped: 0.0344083 seconds, Stopping threads took: 0.0343619 seconds
[2019-12-09T03:22:57.249+0000][1][safepoint    ] Application time: 0.3044412 seconds
[2019-12-09T03:22:57.249+0000][1][safepoint    ] Entering safepoint region: CollectForMetadataAllocation
[2019-12-09T03:22:57.249+0000][1][safepoint    ] Leaving safepoint region
[2019-12-09T03:22:57.249+0000][1][safepoint    ] Total time for which application threads were stopped: 0.0001795 seconds, Stopping threads took: 0.0000146 seconds
[2019-12-09T03:22:57.561+0000][1][safepoint    ] Application time: 0.3118935 seconds
[2019-12-09T03:22:57.563+0000][1][safepoint    ] Entering safepoint region: CollectForMetadataAllocation
[2019-12-09T03:22:57.563+0000][1][safepoint    ] Leaving safepoint region
[2019-12-09T03:22:57.563+0000][1][safepoint    ] Total time for which application threads were stopped: 0.0021948 seconds, Stopping threads took: 0.0019822 seconds
[2019-12-09T03:22:57.860+0000][1][safepoint    ] Application time: 0.2967598 seconds
[2019-12-09T03:22:57.860+0000][1][safepoint    ] Entering safepoint region: CollectForMetadataAllocation
[2019-12-09T03:22:57.860+0000][1][safepoint    ] Leaving safepoint region
[2019-12-09T03:22:57.860+0000][1][safepoint    ] Total time for which application threads were stopped: 0.0002937 seconds, Stopping threads took: 0.0000529 seconds
[2019-12-09T03:22:58.047+0000][1][safepoint    ] Application time: 0.1873380 seconds
[2019-12-09T03:22:58.047+0000][1][safepoint    ] Entering safepoint region: CollectForMetadataAllocation
[2019-12-09T03:22:58.048+0000][1][safepoint    ] Leaving safepoint region
[2019-12-09T03:22:58.048+0000][1][safepoint    ] Total time for which application threads were stopped: 0.0002523 seconds, Stopping threads took: 0.0000204 seconds
[2019-12-09T03:22:58.411+0000][1][safepoint    ] Application time: 0.3630352 seconds
[2019-12-09T03:22:58.411+0000][1][safepoint    ] Entering safepoint region: CollectForMetadataAllocation
[2019-12-09T03:22:58.411+0000][1][safepoint    ] Leaving safepoint region
[2019-12-09T03:22:58.411+0000][1][safepoint    ] Total time for which application threads were stopped: 0.0002157 seconds, Stopping threads took: 0.0000135 seconds
[2019-12-09T03:22:58.715+0000][1][safepoint    ] Application time: 0.3037238 seconds
[2019-12-09T03:22:58.715+0000][1][safepoint    ] Entering safepoint region: CollectForMetadataAllocation
[2019-12-09T03:22:58.715+0000][1][safepoint    ] Leaving safepoint region
[2019-12-09T03:22:58.715+0000][1][safepoint    ] Total time for which application threads were stopped: 0.0002377 seconds, Stopping threads took: 0.0000151 seconds
[2019-12-09T03:22:58.938+0000][1][safepoint    ] Application time: 0.2227536 seconds
[2019-12-09T03:22:58.938+0000][1][safepoint    ] Entering safepoint region: CollectForMetadataAllocation
[2019-12-09T03:22:58.938+0000][1][safepoint    ] Leaving safepoint region
[2019-12-09T03:22:58.938+0000][1][safepoint    ] Total time for which application threads were stopped: 0.0002284 seconds, Stopping threads took: 0.0000134 seconds
[2019-12-09T03:22:59.155+0000][1][safepoint    ] Application time: 0.2166691 seconds
[2019-12-09T03:22:59.155+0000][1][safepoint    ] Entering safepoint region: CollectForMetadataAllocation
[2019-12-09T03:22:59.155+0000][1][safepoint    ] Leaving safepoint region
[2019-12-09T03:22:59.155+0000][1][safepoint    ] Total time for which application threads were stopped: 0.0002363 seconds, Stopping threads took: 0.0000143 seconds
[2019-12-09T03:22:59.413+0000][1][safepoint    ] Application time: 0.2577650 seconds
[2019-12-09T03:22:59.413+0000][1][safepoint    ] Entering safepoint region: CollectForMetadataAllocation
[2019-12-09T03:22:59.413+0000][1][safepoint    ] Leaving safepoint region
[2019-12-09T03:22:59.413+0000][1][safepoint    ] Total time for which application threads were stopped: 0.0001665 seconds, Stopping threads took: 0.0000157 seconds
[2019-12-09T03:22:59.794+0000][1][safepoint    ] Application time: 0.3807409 seconds
[2019-12-09T03:22:59.794+0000][1][safepoint    ] Entering safepoint region: CollectForMetadataAllocation
[2019-12-09T03:22:59.794+0000][1][safepoint    ] Leaving safepoint region
[2019-12-09T03:22:59.794+0000][1][safepoint    ] Total time for which application threads were stopped: 0.0001767 seconds, Stopping threads took: 0.0000164 seconds
[2019-12-09T03:22:59.955+0000][1][safepoint    ] Application time: 0.1608009 seconds
[2019-12-09T03:22:59.955+0000][1][safepoint    ] Entering safepoint region: CollectForMetadataAllocation
[2019-12-09T03:22:59.955+0000][1][safepoint    ] Leaving safepoint region
[2019-12-09T03:22:59.955+0000][1][safepoint    ] Total time for which application threads were stopped: 0.0002563 seconds, Stopping threads took: 0.0000154 seconds
[2019-12-09T03:23:00.104+0000][1][safepoint    ] Application time: 0.1486458 seconds
[2019-12-09T03:23:00.104+0000][1][safepoint    ] Entering safepoint region: CollectForMetadataAllocation
[2019-12-09T03:23:00.104+0000][1][safepoint    ] Leaving safepoint region
[2019-12-09T03:23:00.104+0000][1][safepoint    ] Total time for which application threads were stopped: 0.0002353 seconds, Stopping threads took: 0.0000148 seconds
[2019-12-09T03:23:00.315+0000][1][gc           ] GC(17) Concurrent Abortable Preclean 5099.218ms
[2019-12-09T03:23:00.315+0000][1][gc,cpu       ] GC(17) User=1.43s Sys=0.02s Real=5.09s
[2019-12-09T03:23:00.315+0000][1][safepoint    ] Application time: 0.2106667 seconds
[2019-12-09T03:23:00.315+0000][1][safepoint    ] Entering safepoint region: CMS_Final_Remark
[2019-12-09T03:23:00.315+0000][1][gc,start     ] GC(17) Pause Remark
[2019-12-09T03:23:00.564+0000][1][gc           ] GC(17) Pause Remark 81M->81M(247M) 248.816ms
[2019-12-09T03:23:00.564+0000][1][gc,cpu       ] GC(17) User=0.04s Sys=0.00s Real=0.24s
[2019-12-09T03:23:00.564+0000][1][safepoint    ] Leaving safepoint region
[2019-12-09T03:23:00.564+0000][1][safepoint    ] Total time for which application threads were stopped: 0.2491237 seconds, Stopping threads took: 0.0001749 seconds
[2019-12-09T03:23:00.564+0000][1][gc           ] GC(17) Concurrent Sweep
[2019-12-09T03:23:00.806+0000][1][safepoint    ] Application time: 0.2425167 seconds
[2019-12-09T03:23:00.806+0000][1][safepoint    ] Entering safepoint region: CollectForMetadataAllocation
[2019-12-09T03:23:00.807+0000][1][safepoint    ] Leaving safepoint region
[2019-12-09T03:23:00.807+0000][1][safepoint    ] Total time for which application threads were stopped: 0.0008909 seconds, Stopping threads took: 0.0000132 seconds
[2019-12-09T03:23:00.928+0000][1][gc           ] GC(17) Concurrent Sweep 364.320ms
[2019-12-09T03:23:00.928+0000][1][gc,cpu       ] GC(17) User=0.12s Sys=0.00s Real=0.37s
[2019-12-09T03:23:00.928+0000][1][gc           ] GC(17) Concurrent Reset
[2019-12-09T03:23:00.929+0000][1][gc           ] GC(17) Concurrent Reset 0.295ms
[2019-12-09T03:23:00.929+0000][1][gc,cpu       ] GC(17) User=0.00s Sys=0.00s Real=0.00s
[2019-12-09T03:23:00.929+0000][1][gc,heap      ] GC(17) Old: 55057K->54868K(174784K)
[2019-12-09T03:23:01.816+0000][1][safepoint    ] Application time: 1.0084664 seconds
[2019-12-09T03:23:01.816+0000][1][safepoint    ] Entering safepoint region: Cleanup
[2019-12-09T03:23:01.816+0000][1][safepoint    ] Leaving safepoint region
[2019-12-09T03:23:01.816+0000][1][safepoint    ] Total time for which application threads were stopped: 0.0000739 seconds, Stopping threads took: 0.0000174 seconds
[2019-12-09T03:23:01.927+0000][1][safepoint    ] Application time: 0.1111755 seconds
[2019-12-09T03:23:01.927+0000][1][safepoint    ] Entering safepoint region: RevokeBias
[2019-12-09T03:23:01.927+0000][1][safepoint    ] Leaving safepoint region
[2019-12-09T03:23:01.927+0000][1][safepoint    ] Total time for which application threads were stopped: 0.0003473 seconds, Stopping threads took: 0.0002267 seconds
[2019-12-09T03:23:01.927+0000][1][safepoint    ] Application time: 0.0000674 seconds
[2019-12-09T03:23:01.927+0000][1][safepoint    ] Entering safepoint region: RevokeBias
[2019-12-09T03:23:01.928+0000][1][safepoint    ] Leaving safepoint region
[2019-12-09T03:23:01.928+0000][1][safepoint    ] Total time for which application threads were stopped: 0.0000344 seconds, Stopping threads took: 0.0000072 seconds
[2019-12-09T03:23:02.932+0000][1][safepoint    ] Application time: 1.0041847 seconds
[2019-12-09T03:23:02.955+0000][1][safepoint    ] Entering safepoint region: Cleanup
[2019-12-09T03:23:02.955+0000][1][safepoint    ] Leaving safepoint region
[2019-12-09T03:23:02.955+0000][1][safepoint    ] Total time for which application threads were stopped: 0.0231636 seconds, Stopping threads took: 0.0231159 seconds
[2019-12-09T03:23:04.988+0000][1][safepoint    ] Application time: 2.0328363 seconds
[2019-12-09T03:23:05.035+0000][1][safepoint    ] Entering safepoint region: Cleanup
[2019-12-09T03:23:05.035+0000][1][safepoint    ] Leaving safepoint region
[2019-12-09T03:23:05.035+0000][1][safepoint    ] Total time for which application threads were stopped: 0.0471086 seconds, Stopping threads took: 0.0470567 seconds
[2019-12-09T03:23:06.066+0000][1][safepoint    ] Application time: 1.0308165 seconds
[2019-12-09T03:23:06.123+0000][1][safepoint    ] Entering safepoint region: Cleanup
[2019-12-09T03:23:06.123+0000][1][safepoint    ] Leaving safepoint region
[2019-12-09T03:23:06.123+0000][1][safepoint    ] Total time for which application threads were stopped: 0.0570406 seconds, Stopping threads took: 0.0569806 seconds
[2019-12-09T03:23:06.886+0000][1][safepoint    ] Application time: 0.7629164 seconds
[2019-12-09T03:23:06.942+0000][1][safepoint    ] Entering safepoint region: RevokeBias
[2019-12-09T03:23:06.942+0000][1][safepoint    ] Leaving safepoint region
[2019-12-09T03:23:06.942+0000][1][safepoint    ] Total time for which application threads were stopped: 0.0563114 seconds, Stopping threads took: 0.0561931 seconds
[2019-12-09T03:23:06.942+0000][1][safepoint    ] Application time: 0.0001142 seconds
[2019-12-09T03:23:06.942+0000][1][safepoint    ] Entering safepoint region: RevokeBias
[2019-12-09T03:23:06.942+0000][1][safepoint    ] Leaving safepoint region
[2019-12-09T03:23:06.942+0000][1][safepoint    ] Total time for which application threads were stopped: 0.0000740 seconds, Stopping threads took: 0.0000091 seconds
[2019-12-09T03:23:06.942+0000][1][safepoint    ] Application time: 0.0001569 seconds
[2019-12-09T03:23:06.942+0000][1][safepoint    ] Entering safepoint region: RevokeBias
[2019-12-09T03:23:06.943+0000][1][safepoint    ] Leaving safepoint region
[2019-12-09T03:23:06.943+0000][1][safepoint    ] Total time for which application threads were stopped: 0.0000683 seconds, Stopping threads took: 0.0000084 seconds
[2019-12-09T03:23:06.943+0000][1][safepoint    ] Application time: 0.0003329 seconds
[2019-12-09T03:23:06.943+0000][1][safepoint    ] Entering safepoint region: RevokeBias
[2019-12-09T03:23:06.943+0000][1][safepoint    ] Leaving safepoint region
[2019-12-09T03:23:06.943+0000][1][safepoint    ] Total time for which application threads were stopped: 0.0000707 seconds, Stopping threads took: 0.0000093 seconds
[2019-12-09T03:23:06.943+0000][1][safepoint    ] Application time: 0.0000802 seconds
[2019-12-09T03:23:06.943+0000][1][safepoint    ] Entering safepoint region: RevokeBias
[2019-12-09T03:23:06.943+0000][1][safepoint    ] Leaving safepoint region
[2019-12-09T03:23:06.943+0000][1][safepoint    ] Total time for which application threads were stopped: 0.0000792 seconds, Stopping threads took: 0.0000079 seconds
[2019-12-09T03:23:06.943+0000][1][safepoint    ] Application time: 0.0000575 seconds
[2019-12-09T03:23:06.943+0000][1][safepoint    ] Entering safepoint region: RevokeBias
[2019-12-09T03:23:06.943+0000][1][safepoint    ] Leaving safepoint region
[2019-12-09T03:23:06.943+0000][1][safepoint    ] Total time for which application threads were stopped: 0.0000670 seconds, Stopping threads took: 0.0000085 seconds
[2019-12-09T03:23:06.943+0000][1][safepoint    ] Application time: 0.0000985 seconds
[2019-12-09T03:23:06.943+0000][1][safepoint    ] Entering safepoint region: RevokeBias
[2019-12-09T03:23:06.943+0000][1][safepoint    ] Leaving safepoint region
[2019-12-09T03:23:06.943+0000][1][safepoint    ] Total time for which application threads were stopped: 0.0000729 seconds, Stopping threads took: 0.0000092 seconds
[2019-12-09T03:23:06.944+0000][1][safepoint    ] Application time: 0.0000669 seconds
[2019-12-09T03:23:06.944+0000][1][safepoint    ] Entering safepoint region: RevokeBias
[2019-12-09T03:23:06.944+0000][1][safepoint    ] Leaving safepoint region
[2019-12-09T03:23:06.944+0000][1][safepoint    ] Total time for which application threads were stopped: 0.0000721 seconds, Stopping threads took: 0.0000089 seconds
[2019-12-09T03:23:06.951+0000][1][safepoint    ] Application time: 0.0072743 seconds
[2019-12-09T03:23:06.951+0000][1][safepoint    ] Entering safepoint region: RevokeBias
[2019-12-09T03:23:06.951+0000][1][safepoint    ] Leaving safepoint region
[2019-12-09T03:23:06.951+0000][1][safepoint    ] Total time for which application threads were stopped: 0.0000772 seconds, Stopping threads took: 0.0000098 seconds
[2019-12-09T03:23:06.951+0000][1][safepoint    ] Application time: 0.0002686 seconds
[2019-12-09T03:23:06.951+0000][1][safepoint    ] Entering safepoint region: RevokeBias
[2019-12-09T03:23:06.951+0000][1][safepoint    ] Leaving safepoint region
[2019-12-09T03:23:06.951+0000][1][safepoint    ] Total time for which application threads were stopped: 0.0000823 seconds, Stopping threads took: 0.0000100 seconds
[2019-12-09T03:23:06.952+0000][1][safepoint    ] Application time: 0.0003875 seconds
[2019-12-09T03:23:06.952+0000][1][safepoint    ] Entering safepoint region: RevokeBias
[2019-12-09T03:23:06.952+0000][1][safepoint    ] Leaving safepoint region
[2019-12-09T03:23:06.952+0000][1][safepoint    ] Total time for which application threads were stopped: 0.0000855 seconds, Stopping threads took: 0.0000102 seconds
[2019-12-09T03:23:07.973+0000][1][safepoint    ] Application time: 1.0207984 seconds
[2019-12-09T03:23:08.008+0000][1][safepoint    ] Entering safepoint region: Cleanup
[2019-12-09T03:23:08.008+0000][1][safepoint    ] Leaving safepoint region
[2019-12-09T03:23:08.008+0000][1][safepoint    ] Total time for which application threads were stopped: 0.0351462 seconds, Stopping threads took: 0.0351008 seconds
[2019-12-09T03:23:09.016+0000][1][safepoint    ] Application time: 1.0077993 seconds
[2019-12-09T03:23:09.050+0000][1][safepoint    ] Entering safepoint region: Cleanup
[2019-12-09T03:23:09.050+0000][1][safepoint    ] Leaving safepoint region
[2019-12-09T03:23:09.050+0000][1][safepoint    ] Total time for which application threads were stopped: 0.0342186 seconds, Stopping threads took: 0.0341547 seconds
[2019-12-09T03:23:09.122+0000][1][safepoint    ] Application time: 0.0719830 seconds
[2019-12-09T03:23:09.175+0000][1][safepoint    ] Entering safepoint region: RevokeBias
[2019-12-09T03:23:09.175+0000][1][safepoint    ] Leaving safepoint region
[2019-12-09T03:23:09.175+0000][1][safepoint    ] Total time for which application threads were stopped: 0.0528768 seconds, Stopping threads took: 0.0527726 seconds
[2019-12-09T03:23:10.184+0000][1][safepoint    ] Application time: 1.0088181 seconds
[2019-12-09T03:23:10.252+0000][1][safepoint    ] Entering safepoint region: Cleanup
[2019-12-09T03:23:10.252+0000][1][safepoint    ] Leaving safepoint region
[2019-12-09T03:23:10.252+0000][1][safepoint    ] Total time for which application threads were stopped: 0.0685544 seconds, Stopping threads took: 0.0684836 seconds
[2019-12-09T03:23:11.267+0000][1][safepoint    ] Application time: 1.0144133 seconds
[2019-12-09T03:23:11.288+0000][1][safepoint    ] Entering safepoint region: Cleanup
[2019-12-09T03:23:11.288+0000][1][safepoint    ] Leaving safepoint region
[2019-12-09T03:23:11.288+0000][1][safepoint    ] Total time for which application threads were stopped: 0.0210855 seconds, Stopping threads took: 0.0210362 seconds
[2019-12-09T03:23:11.395+0000][1][safepoint    ] Application time: 0.1068136 seconds
[2019-12-09T03:23:11.395+0000][1][safepoint    ] Entering safepoint region: GenCollectForAllocation
[2019-12-09T03:23:11.395+0000][1][gc,start     ] GC(19) Pause Young (Allocation Failure)
[2019-12-09T03:23:11.395+0000][1][gc,task      ] GC(19) Using 2 workers of 2 for evacuation
[2019-12-09T03:23:11.583+0000][1][gc,age       ] GC(19) Desired survivor size 4456448 bytes, new threshold 2 (max threshold 6)
[2019-12-09T03:23:11.583+0000][1][gc,age       ] GC(19) Age table with threshold 2 (max threshold 6)
[2019-12-09T03:23:11.583+0000][1][gc,age       ] GC(19) - age   1:    2607760 bytes,    2607760 total
[2019-12-09T03:23:11.583+0000][1][gc,age       ] GC(19) - age   2:    1915280 bytes,    4523040 total
[2019-12-09T03:23:11.583+0000][1][gc,age       ] GC(19) - age   3:    1206456 bytes,    5729496 total
[2019-12-09T03:23:11.583+0000][1][gc,heap      ] GC(19) ParNew: 74096K->7062K(78656K)
[2019-12-09T03:23:11.583+0000][1][gc,heap      ] GC(19) CMS: 54868K->54868K(174784K)
[2019-12-09T03:23:11.583+0000][1][gc,metaspace ] GC(19) Metaspace: 42960K->42960K(1089536K)
[2019-12-09T03:23:11.583+0000][1][gc           ] GC(19) Pause Young (Allocation Failure) 125M->60M(247M) 188.355ms
[2019-12-09T03:23:11.583+0000][1][gc,cpu       ] GC(19) User=0.03s Sys=0.00s Real=0.18s
[2019-12-09T03:23:11.583+0000][1][safepoint    ] Leaving safepoint region
[2019-12-09T03:23:11.583+0000][1][safepoint    ] Total time for which application threads were stopped: 0.1885006 seconds, Stopping threads took: 0.0000171 seconds
[2019-12-09T03:23:11.628+0000][1][safepoint    ] Application time: 0.0449619 seconds
[2019-12-09T03:23:11.628+0000][1][safepoint    ] Entering safepoint region: RevokeBias
[2019-12-09T03:23:11.628+0000][1][safepoint    ] Leaving safepoint region
[2019-12-09T03:23:11.628+0000][1][safepoint    ] Total time for which application threads were stopped: 0.0000673 seconds, Stopping threads took: 0.0000133 seconds
[2019-12-09T03:23:12.630+0000][1][safepoint    ] Application time: 1.0014550 seconds
[2019-12-09T03:23:12.678+0000][1][safepoint    ] Entering safepoint region: Cleanup
[2019-12-09T03:23:12.678+0000][1][safepoint    ] Leaving safepoint region
[2019-12-09T03:23:12.678+0000][1][safepoint    ] Total time for which application threads were stopped: 0.0480880 seconds, Stopping threads took: 0.0480014 seconds
[2019-12-09T03:23:12.967+0000][1][safepoint    ] Application time: 0.2887227 seconds
[2019-12-09T03:23:12.967+0000][1][safepoint    ] Entering safepoint region: RevokeBias
[2019-12-09T03:23:12.967+0000][1][safepoint    ] Leaving safepoint region
[2019-12-09T03:23:12.967+0000][1][safepoint    ] Total time for which application threads were stopped: 0.0001322 seconds, Stopping threads took: 0.0000136 seconds
[2019-12-09T03:23:12.996+0000][1][safepoint    ] Application time: 0.0294799 seconds
[2019-12-09T03:23:12.996+0000][1][safepoint    ] Entering safepoint region: RevokeBias
[2019-12-09T03:23:12.996+0000][1][safepoint    ] Leaving safepoint region
[2019-12-09T03:23:12.996+0000][1][safepoint    ] Total time for which application threads were stopped: 0.0000824 seconds, Stopping threads took: 0.0000119 seconds
[2019-12-09T03:23:13.019+0000][1][safepoint    ] Application time: 0.0223713 seconds
[2019-12-09T03:23:13.019+0000][1][safepoint    ] Entering safepoint region: RevokeBias
[2019-12-09T03:23:13.019+0000][1][safepoint    ] Leaving safepoint region
[2019-12-09T03:23:13.019+0000][1][safepoint    ] Total time for which application threads were stopped: 0.0000916 seconds, Stopping threads took: 0.0000154 seconds
[2019-12-09T03:23:14.041+0000][1][safepoint    ] Application time: 1.0218456 seconds
[2019-12-09T03:23:14.082+0000][1][safepoint    ] Entering safepoint region: Cleanup
[2019-12-09T03:23:14.082+0000][1][safepoint    ] Leaving safepoint region
[2019-12-09T03:23:14.082+0000][1][safepoint    ] Total time for which application threads were stopped: 0.0413339 seconds, Stopping threads took: 0.0412649 seconds
[2019-12-09T03:23:14.445+0000][1][safepoint    ] Application time: 0.3627781 seconds
[2019-12-09T03:23:14.457+0000][1][safepoint    ] Entering safepoint region: RevokeBias
[2019-12-09T03:23:14.458+0000][1][safepoint    ] Leaving safepoint region
[2019-12-09T03:23:14.458+0000][1][safepoint    ] Total time for which application threads were stopped: 0.0127172 seconds, Stopping threads took: 0.0122090 seconds
[2019-12-09T03:23:14.458+0000][1][safepoint    ] Application time: 0.0002468 seconds
[2019-12-09T03:23:14.458+0000][1][safepoint    ] Entering safepoint region: RevokeBias
[2019-12-09T03:23:14.458+0000][1][safepoint    ] Leaving safepoint region
[2019-12-09T03:23:14.458+0000][1][safepoint    ] Total time for which application threads were stopped: 0.0000822 seconds, Stopping threads took: 0.0000110 seconds
[2019-12-09T03:23:14.458+0000][1][safepoint    ] Application time: 0.0000630 seconds
[2019-12-09T03:23:14.458+0000][1][safepoint    ] Entering safepoint region: RevokeBias
[2019-12-09T03:23:14.458+0000][1][safepoint    ] Leaving safepoint region
[2019-12-09T03:23:14.458+0000][1][safepoint    ] Total time for which application threads were stopped: 0.0000500 seconds, Stopping threads took: 0.0000081 seconds
[2019-12-09T03:23:14.461+0000][1][safepoint    ] Application time: 0.0025038 seconds
[2019-12-09T03:23:14.461+0000][1][safepoint    ] Entering safepoint region: RevokeBias
[2019-12-09T03:23:14.461+0000][1][safepoint    ] Leaving safepoint region
[2019-12-09T03:23:14.461+0000][1][safepoint    ] Total time for which application threads were stopped: 0.0000666 seconds, Stopping threads took: 0.0000283 seconds
[2019-12-09T03:23:14.998+0000][1][safepoint    ] Application time: 0.5373882 seconds
[2019-12-09T03:23:15.015+0000][1][safepoint    ] Entering safepoint region: RevokeBias
[2019-12-09T03:23:15.015+0000][1][safepoint    ] Leaving safepoint region
[2019-12-09T03:23:15.015+0000][1][safepoint    ] Total time for which application threads were stopped: 0.0169674 seconds, Stopping threads took: 0.0168853 seconds
[2019-12-09T03:23:15.015+0000][1][safepoint    ] Application time: 0.0001122 seconds
[2019-12-09T03:23:15.015+0000][1][safepoint    ] Entering safepoint region: RevokeBias
[2019-12-09T03:23:15.015+0000][1][safepoint    ] Leaving safepoint region
[2019-12-09T03:23:15.015+0000][1][safepoint    ] Total time for which application threads were stopped: 0.0000424 seconds, Stopping threads took: 0.0000086 seconds
[2019-12-09T03:23:15.015+0000][1][safepoint    ] Application time: 0.0000601 seconds
[2019-12-09T03:23:15.015+0000][1][safepoint    ] Entering safepoint region: RevokeBias
[2019-12-09T03:23:15.015+0000][1][safepoint    ] Leaving safepoint region
[2019-12-09T03:23:15.015+0000][1][safepoint    ] Total time for which application threads were stopped: 0.0000341 seconds, Stopping threads took: 0.0000067 seconds
[2019-12-09T03:23:15.015+0000][1][safepoint    ] Application time: 0.0000431 seconds
[2019-12-09T03:23:15.015+0000][1][safepoint    ] Entering safepoint region: RevokeBias
[2019-12-09T03:23:15.015+0000][1][safepoint    ] Leaving safepoint region
[2019-12-09T03:23:15.015+0000][1][safepoint    ] Total time for which application threads were stopped: 0.0000303 seconds, Stopping threads took: 0.0000062 seconds
[2019-12-09T03:23:15.016+0000][1][safepoint    ] Application time: 0.0000438 seconds
[2019-12-09T03:23:15.016+0000][1][safepoint    ] Entering safepoint region: BulkRevokeBias
[2019-12-09T03:23:15.016+0000][1][safepoint    ] Leaving safepoint region
[2019-12-09T03:23:15.016+0000][1][safepoint    ] Total time for which application threads were stopped: 0.0000827 seconds, Stopping threads took: 0.0000067 seconds
[2019-12-09T03:23:15.016+0000][1][safepoint    ] Application time: 0.0001521 seconds
[2019-12-09T03:23:15.016+0000][1][safepoint    ] Entering safepoint region: RevokeBias
[2019-12-09T03:23:15.016+0000][1][safepoint    ] Leaving safepoint region
[2019-12-09T03:23:15.016+0000][1][safepoint    ] Total time for which application threads were stopped: 0.0000473 seconds, Stopping threads took: 0.0000081 seconds
[2019-12-09T03:23:15.016+0000][1][safepoint    ] Application time: 0.0001277 seconds
[2019-12-09T03:23:15.016+0000][1][safepoint    ] Entering safepoint region: RevokeBias
[2019-12-09T03:23:15.016+0000][1][safepoint    ] Leaving safepoint region
[2019-12-09T03:23:15.016+0000][1][safepoint    ] Total time for which application threads were stopped: 0.0000428 seconds, Stopping threads took: 0.0000076 seconds
[2019-12-09T03:23:15.017+0000][1][safepoint    ] Application time: 0.0005680 seconds
[2019-12-09T03:23:15.017+0000][1][safepoint    ] Entering safepoint region: RevokeBias
[2019-12-09T03:23:15.017+0000][1][safepoint    ] Leaving safepoint region
[2019-12-09T03:23:15.017+0000][1][safepoint    ] Total time for which application threads were stopped: 0.0000707 seconds, Stopping threads took: 0.0000104 seconds
[2019-12-09T03:23:15.017+0000][1][safepoint    ] Application time: 0.0000916 seconds
[2019-12-09T03:23:15.017+0000][1][safepoint    ] Entering safepoint region: RevokeBias
[2019-12-09T03:23:15.017+0000][1][safepoint    ] Leaving safepoint region
[2019-12-09T03:23:15.017+0000][1][safepoint    ] Total time for which application threads were stopped: 0.0000403 seconds, Stopping threads took: 0.0000077 seconds
[2019-12-09T03:23:15.017+0000][1][safepoint    ] Application time: 0.0001911 seconds
[2019-12-09T03:23:15.017+0000][1][safepoint    ] Entering safepoint region: RevokeBias
[2019-12-09T03:23:15.017+0000][1][safepoint    ] Leaving safepoint region
[2019-12-09T03:23:15.017+0000][1][safepoint    ] Total time for which application threads were stopped: 0.0000509 seconds, Stopping threads took: 0.0000098 seconds
[2019-12-09T03:23:15.017+0000][1][safepoint    ] Application time: 0.0000564 seconds
[2019-12-09T03:23:15.017+0000][1][safepoint    ] Entering safepoint region: RevokeBias
[2019-12-09T03:23:15.017+0000][1][safepoint    ] Leaving safepoint region
[2019-12-09T03:23:15.017+0000][1][safepoint    ] Total time for which application threads were stopped: 0.0000379 seconds, Stopping threads took: 0.0000088 seconds
[2019-12-09T03:23:15.017+0000][1][safepoint    ] Application time: 0.0000557 seconds
[2019-12-09T03:23:15.017+0000][1][safepoint    ] Entering safepoint region: RevokeBias
[2019-12-09T03:23:15.017+0000][1][safepoint    ] Leaving safepoint region
[2019-12-09T03:23:15.017+0000][1][safepoint    ] Total time for which application threads were stopped: 0.0000399 seconds, Stopping threads took: 0.0000086 seconds
[2019-12-09T03:23:15.017+0000][1][safepoint    ] Application time: 0.0000517 seconds
[2019-12-09T03:23:15.017+0000][1][safepoint    ] Entering safepoint region: RevokeBias
[2019-12-09T03:23:15.017+0000][1][safepoint    ] Leaving safepoint region
[2019-12-09T03:23:15.017+0000][1][safepoint    ] Total time for which application threads were stopped: 0.0000369 seconds, Stopping threads took: 0.0000076 seconds
[2019-12-09T03:23:15.018+0000][1][safepoint    ] Application time: 0.0000523 seconds
[2019-12-09T03:23:15.018+0000][1][safepoint    ] Entering safepoint region: RevokeBias
[2019-12-09T03:23:15.018+0000][1][safepoint    ] Leaving safepoint region
[2019-12-09T03:23:15.018+0000][1][safepoint    ] Total time for which application threads were stopped: 0.0000390 seconds, Stopping threads took: 0.0000080 seconds
[2019-12-09T03:23:15.018+0000][1][safepoint    ] Application time: 0.0000541 seconds
[2019-12-09T03:23:15.018+0000][1][safepoint    ] Entering safepoint region: RevokeBias
[2019-12-09T03:23:15.018+0000][1][safepoint    ] Leaving safepoint region
[2019-12-09T03:23:15.018+0000][1][safepoint    ] Total time for which application threads were stopped: 0.0000397 seconds, Stopping threads took: 0.0000086 seconds
[2019-12-09T03:23:15.018+0000][1][safepoint    ] Application time: 0.0000563 seconds
[2019-12-09T03:23:15.018+0000][1][safepoint    ] Entering safepoint region: RevokeBias
[2019-12-09T03:23:15.018+0000][1][safepoint    ] Leaving safepoint region
[2019-12-09T03:23:15.018+0000][1][safepoint    ] Total time for which application threads were stopped: 0.0000419 seconds, Stopping threads took: 0.0000090 seconds
[2019-12-09T03:23:15.018+0000][1][safepoint    ] Application time: 0.0000543 seconds
[2019-12-09T03:23:15.018+0000][1][safepoint    ] Entering safepoint region: RevokeBias
[2019-12-09T03:23:15.018+0000][1][safepoint    ] Leaving safepoint region
[2019-12-09T03:23:15.018+0000][1][safepoint    ] Total time for which application threads were stopped: 0.0000396 seconds, Stopping threads took: 0.0000085 seconds
[2019-12-09T03:23:15.018+0000][1][safepoint    ] Application time: 0.0000530 seconds
[2019-12-09T03:23:15.018+0000][1][safepoint    ] Entering safepoint region: RevokeBias
[2019-12-09T03:23:15.018+0000][1][safepoint    ] Leaving safepoint region
[2019-12-09T03:23:15.018+0000][1][safepoint    ] Total time for which application threads were stopped: 0.0000376 seconds, Stopping threads took: 0.0000084 seconds
[2019-12-09T03:23:15.018+0000][1][safepoint    ] Application time: 0.0000527 seconds
[2019-12-09T03:23:15.018+0000][1][safepoint    ] Entering safepoint region: RevokeBias
[2019-12-09T03:23:15.018+0000][1][safepoint    ] Leaving safepoint region
[2019-12-09T03:23:15.018+0000][1][safepoint    ] Total time for which application threads were stopped: 0.0000364 seconds, Stopping threads took: 0.0000085 seconds
[2019-12-09T03:23:15.018+0000][1][safepoint    ] Application time: 0.0000521 seconds
[2019-12-09T03:23:15.018+0000][1][safepoint    ] Entering safepoint region: RevokeBias
[2019-12-09T03:23:15.018+0000][1][safepoint    ] Leaving safepoint region
[2019-12-09T03:23:15.018+0000][1][safepoint    ] Total time for which application threads were stopped: 0.0000375 seconds, Stopping threads took: 0.0000074 seconds
[2019-12-09T03:23:15.018+0000][1][safepoint    ] Application time: 0.0000539 seconds
[2019-12-09T03:23:15.018+0000][1][safepoint    ] Entering safepoint region: RevokeBias
[2019-12-09T03:23:15.018+0000][1][safepoint    ] Leaving safepoint region
[2019-12-09T03:23:15.018+0000][1][safepoint    ] Total time for which application threads were stopped: 0.0000396 seconds, Stopping threads took: 0.0000084 seconds
[2019-12-09T03:23:15.018+0000][1][safepoint    ] Application time: 0.0000533 seconds
[2019-12-09T03:23:15.018+0000][1][safepoint    ] Entering safepoint region: RevokeBias
[2019-12-09T03:23:15.018+0000][1][safepoint    ] Leaving safepoint region
[2019-12-09T03:23:15.018+0000][1][safepoint    ] Total time for which application threads were stopped: 0.0000398 seconds, Stopping threads took: 0.0000086 seconds
[2019-12-09T03:23:15.019+0000][1][safepoint    ] Application time: 0.0000529 seconds
[2019-12-09T03:23:15.019+0000][1][safepoint    ] Entering safepoint region: RevokeBias
[2019-12-09T03:23:15.019+0000][1][safepoint    ] Leaving safepoint region
[2019-12-09T03:23:15.019+0000][1][safepoint    ] Total time for which application threads were stopped: 0.0000393 seconds, Stopping threads took: 0.0000085 seconds
[2019-12-09T03:23:15.019+0000][1][safepoint    ] Application time: 0.0000532 seconds
[2019-12-09T03:23:15.019+0000][1][safepoint    ] Entering safepoint region: RevokeBias
[2019-12-09T03:23:15.019+0000][1][safepoint    ] Leaving safepoint region
[2019-12-09T03:23:15.019+0000][1][safepoint    ] Total time for which application threads were stopped: 0.0000593 seconds, Stopping threads took: 0.0000087 seconds
[2019-12-09T03:23:15.019+0000][1][safepoint    ] Application time: 0.0000545 seconds
[2019-12-09T03:23:15.019+0000][1][safepoint    ] Entering safepoint region: RevokeBias
[2019-12-09T03:23:15.019+0000][1][safepoint    ] Leaving safepoint region
[2019-12-09T03:23:15.019+0000][1][safepoint    ] Total time for which application threads were stopped: 0.0000429 seconds, Stopping threads took: 0.0000092 seconds
[2019-12-09T03:23:15.019+0000][1][safepoint    ] Application time: 0.0000544 seconds
[2019-12-09T03:23:15.019+0000][1][safepoint    ] Entering safepoint region: RevokeBias
[2019-12-09T03:23:15.019+0000][1][safepoint    ] Leaving safepoint region
[2019-12-09T03:23:15.019+0000][1][safepoint    ] Total time for which application threads were stopped: 0.0000396 seconds, Stopping threads took: 0.0000085 seconds
[2019-12-09T03:23:15.019+0000][1][safepoint    ] Application time: 0.0000530 seconds
[2019-12-09T03:23:15.019+0000][1][safepoint    ] Entering safepoint region: BulkRevokeBias
[2019-12-09T03:23:15.019+0000][1][safepoint    ] Leaving safepoint region
[2019-12-09T03:23:15.019+0000][1][safepoint    ] Total time for which application threads were stopped: 0.0000964 seconds, Stopping threads took: 0.0000075 seconds
[2019-12-09T03:23:15.019+0000][1][safepoint    ] Application time: 0.0001905 seconds
[2019-12-09T03:23:15.019+0000][1][safepoint    ] Entering safepoint region: RevokeBias
[2019-12-09T03:23:15.019+0000][1][safepoint    ] Leaving safepoint region
[2019-12-09T03:23:15.019+0000][1][safepoint    ] Total time for which application threads were stopped: 0.0000490 seconds, Stopping threads took: 0.0000089 seconds
[2019-12-09T03:23:15.019+0000][1][safepoint    ] Application time: 0.0001380 seconds
[2019-12-09T03:23:15.020+0000][1][safepoint    ] Entering safepoint region: RevokeBias
[2019-12-09T03:23:15.020+0000][1][safepoint    ] Leaving safepoint region
[2019-12-09T03:23:15.020+0000][1][safepoint    ] Total time for which application threads were stopped: 0.0000562 seconds, Stopping threads took: 0.0000087 seconds
[2019-12-09T03:23:15.020+0000][1][safepoint    ] Application time: 0.0000708 seconds
[2019-12-09T03:23:15.020+0000][1][safepoint    ] Entering safepoint region: RevokeBias
[2019-12-09T03:23:15.020+0000][1][safepoint    ] Leaving safepoint region
[2019-12-09T03:23:15.020+0000][1][safepoint    ] Total time for which application threads were stopped: 0.0000590 seconds, Stopping threads took: 0.0000084 seconds
[2019-12-09T03:23:15.020+0000][1][safepoint    ] Application time: 0.0000904 seconds
[2019-12-09T03:23:15.020+0000][1][safepoint    ] Entering safepoint region: RevokeBias
[2019-12-09T03:23:15.020+0000][1][safepoint    ] Leaving safepoint region
[2019-12-09T03:23:15.020+0000][1][safepoint    ] Total time for which application threads were stopped: 0.0000514 seconds, Stopping threads took: 0.0000092 seconds
[2019-12-09T03:23:15.020+0000][1][safepoint    ] Application time: 0.0000645 seconds
[2019-12-09T03:23:15.020+0000][1][safepoint    ] Entering safepoint region: RevokeBias
[2019-12-09T03:23:15.020+0000][1][safepoint    ] Leaving safepoint region
[2019-12-09T03:23:15.020+0000][1][safepoint    ] Total time for which application threads were stopped: 0.0000441 seconds, Stopping threads took: 0.0000084 seconds
[2019-12-09T03:23:15.020+0000][1][safepoint    ] Application time: 0.0001816 seconds
[2019-12-09T03:23:15.020+0000][1][safepoint    ] Entering safepoint region: RevokeBias
[2019-12-09T03:23:15.020+0000][1][safepoint    ] Leaving safepoint region
[2019-12-09T03:23:15.020+0000][1][safepoint    ] Total time for which application threads were stopped: 0.0000417 seconds, Stopping threads took: 0.0000090 seconds
[2019-12-09T03:23:15.021+0000][1][safepoint    ] Application time: 0.0003219 seconds
[2019-12-09T03:23:15.021+0000][1][safepoint    ] Entering safepoint region: RevokeBias
[2019-12-09T03:23:15.021+0000][1][safepoint    ] Leaving safepoint region
[2019-12-09T03:23:15.021+0000][1][safepoint    ] Total time for which application threads were stopped: 0.0000575 seconds, Stopping threads took: 0.0000108 seconds
[2019-12-09T03:23:15.021+0000][1][safepoint    ] Application time: 0.0001001 seconds
[2019-12-09T03:23:15.021+0000][1][safepoint    ] Entering safepoint region: RevokeBias
[2019-12-09T03:23:15.021+0000][1][safepoint    ] Leaving safepoint region
[2019-12-09T03:23:15.021+0000][1][safepoint    ] Total time for which application threads were stopped: 0.0000434 seconds, Stopping threads took: 0.0000083 seconds
[2019-12-09T03:23:15.021+0000][1][safepoint    ] Application time: 0.0001787 seconds
[2019-12-09T03:23:15.021+0000][1][safepoint    ] Entering safepoint region: RevokeBias
[2019-12-09T03:23:15.021+0000][1][safepoint    ] Leaving safepoint region
[2019-12-09T03:23:15.021+0000][1][safepoint    ] Total time for which application threads were stopped: 0.0000375 seconds, Stopping threads took: 0.0000071 seconds
[2019-12-09T03:23:15.021+0000][1][safepoint    ] Application time: 0.0000556 seconds
[2019-12-09T03:23:15.021+0000][1][safepoint    ] Entering safepoint region: RevokeBias
[2019-12-09T03:23:15.021+0000][1][safepoint    ] Leaving safepoint region
[2019-12-09T03:23:15.021+0000][1][safepoint    ] Total time for which application threads were stopped: 0.0000297 seconds, Stopping threads took: 0.0000069 seconds
[2019-12-09T03:23:15.021+0000][1][safepoint    ] Application time: 0.0000438 seconds
[2019-12-09T03:23:15.021+0000][1][safepoint    ] Entering safepoint region: RevokeBias
[2019-12-09T03:23:15.021+0000][1][safepoint    ] Leaving safepoint region
[2019-12-09T03:23:15.021+0000][1][safepoint    ] Total time for which application threads were stopped: 0.0000305 seconds, Stopping threads took: 0.0000072 seconds
[2019-12-09T03:23:15.021+0000][1][safepoint    ] Application time: 0.0000431 seconds
[2019-12-09T03:23:15.021+0000][1][safepoint    ] Entering safepoint region: RevokeBias
[2019-12-09T03:23:15.021+0000][1][safepoint    ] Leaving safepoint region
[2019-12-09T03:23:15.021+0000][1][safepoint    ] Total time for which application threads were stopped: 0.0000294 seconds, Stopping threads took: 0.0000069 seconds
[2019-12-09T03:23:15.022+0000][1][safepoint    ] Application time: 0.0003019 seconds
[2019-12-09T03:23:15.022+0000][1][safepoint    ] Entering safepoint region: RevokeBias
[2019-12-09T03:23:15.022+0000][1][safepoint    ] Leaving safepoint region
[2019-12-09T03:23:15.022+0000][1][safepoint    ] Total time for which application threads were stopped: 0.0000374 seconds, Stopping threads took: 0.0000081 seconds
[2019-12-09T03:23:15.022+0000][1][safepoint    ] Application time: 0.0001092 seconds
[2019-12-09T03:23:15.022+0000][1][safepoint    ] Entering safepoint region: RevokeBias
[2019-12-09T03:23:15.022+0000][1][safepoint    ] Leaving safepoint region
[2019-12-09T03:23:15.022+0000][1][safepoint    ] Total time for which application threads were stopped: 0.0000402 seconds, Stopping threads took: 0.0000073 seconds
[2019-12-09T03:23:15.022+0000][1][safepoint    ] Application time: 0.0002227 seconds
[2019-12-09T03:23:15.022+0000][1][safepoint    ] Entering safepoint region: RevokeBias
[2019-12-09T03:23:15.022+0000][1][safepoint    ] Leaving safepoint region
[2019-12-09T03:23:15.022+0000][1][safepoint    ] Total time for which application threads were stopped: 0.0000537 seconds, Stopping threads took: 0.0000069 seconds
[2019-12-09T03:23:15.022+0000][1][safepoint    ] Application time: 0.0003336 seconds
[2019-12-09T03:23:15.023+0000][1][safepoint    ] Entering safepoint region: RevokeBias
[2019-12-09T03:23:15.023+0000][1][safepoint    ] Leaving safepoint region
[2019-12-09T03:23:15.023+0000][1][safepoint    ] Total time for which application threads were stopped: 0.0000514 seconds, Stopping threads took: 0.0000097 seconds
[2019-12-09T03:23:15.023+0000][1][safepoint    ] Application time: 0.0000545 seconds
[2019-12-09T03:23:15.023+0000][1][safepoint    ] Entering safepoint region: RevokeBias
[2019-12-09T03:23:15.023+0000][1][safepoint    ] Leaving safepoint region
[2019-12-09T03:23:15.023+0000][1][safepoint    ] Total time for which application threads were stopped: 0.0000791 seconds, Stopping threads took: 0.0000083 seconds
[2019-12-09T03:23:15.036+0000][1][safepoint    ] Application time: 0.0130369 seconds
[2019-12-09T03:23:15.036+0000][1][safepoint    ] Entering safepoint region: RevokeBias
[2019-12-09T03:23:15.036+0000][1][safepoint    ] Leaving safepoint region
[2019-12-09T03:23:15.036+0000][1][safepoint    ] Total time for which application threads were stopped: 0.0000586 seconds, Stopping threads took: 0.0000121 seconds
[2019-12-09T03:23:15.036+0000][1][safepoint    ] Application time: 0.0003416 seconds
[2019-12-09T03:23:15.036+0000][1][safepoint    ] Entering safepoint region: RevokeBias
[2019-12-09T03:23:15.036+0000][1][safepoint    ] Leaving safepoint region
[2019-12-09T03:23:15.036+0000][1][safepoint    ] Total time for which application threads were stopped: 0.0000504 seconds, Stopping threads took: 0.0000101 seconds
[2019-12-09T03:23:15.036+0000][1][safepoint    ] Application time: 0.0000562 seconds
[2019-12-09T03:23:15.036+0000][1][safepoint    ] Entering safepoint region: RevokeBias
[2019-12-09T03:23:15.036+0000][1][safepoint    ] Leaving safepoint region
[2019-12-09T03:23:15.036+0000][1][safepoint    ] Total time for which application threads were stopped: 0.0000410 seconds, Stopping threads took: 0.0000089 seconds
[2019-12-09T03:23:15.036+0000][1][safepoint    ] Application time: 0.0000537 seconds
[2019-12-09T03:23:15.036+0000][1][safepoint    ] Entering safepoint region: RevokeBias
[2019-12-09T03:23:15.036+0000][1][safepoint    ] Leaving safepoint region
[2019-12-09T03:23:15.036+0000][1][safepoint    ] Total time for which application threads were stopped: 0.0000375 seconds, Stopping threads took: 0.0000084 seconds
[2019-12-09T03:23:15.037+0000][1][safepoint    ] Application time: 0.0000565 seconds
[2019-12-09T03:23:15.037+0000][1][safepoint    ] Entering safepoint region: RevokeBias
[2019-12-09T03:23:15.037+0000][1][safepoint    ] Leaving safepoint region
[2019-12-09T03:23:15.037+0000][1][safepoint    ] Total time for which application threads were stopped: 0.0000384 seconds, Stopping threads took: 0.0000081 seconds
[2019-12-09T03:23:15.037+0000][1][safepoint    ] Application time: 0.0000523 seconds
[2019-12-09T03:23:15.037+0000][1][safepoint    ] Entering safepoint region: RevokeBias
[2019-12-09T03:23:15.037+0000][1][safepoint    ] Leaving safepoint region
[2019-12-09T03:23:15.037+0000][1][safepoint    ] Total time for which application threads were stopped: 0.0000608 seconds, Stopping threads took: 0.0000085 seconds
[2019-12-09T03:23:15.037+0000][1][safepoint    ] Application time: 0.0000544 seconds
[2019-12-09T03:23:15.037+0000][1][safepoint    ] Entering safepoint region: RevokeBias
[2019-12-09T03:23:15.037+0000][1][safepoint    ] Leaving safepoint region
[2019-12-09T03:23:15.037+0000][1][safepoint    ] Total time for which application threads were stopped: 0.0000449 seconds, Stopping threads took: 0.0000082 seconds
[2019-12-09T03:23:15.037+0000][1][safepoint    ] Application time: 0.0000543 seconds
[2019-12-09T03:23:15.037+0000][1][safepoint    ] Entering safepoint region: RevokeBias
[2019-12-09T03:23:15.037+0000][1][safepoint    ] Leaving safepoint region
[2019-12-09T03:23:15.037+0000][1][safepoint    ] Total time for which application threads were stopped: 0.0000400 seconds, Stopping threads took: 0.0000084 seconds
[2019-12-09T03:23:15.037+0000][1][safepoint    ] Application time: 0.0000559 seconds
[2019-12-09T03:23:15.037+0000][1][safepoint    ] Entering safepoint region: RevokeBias
[2019-12-09T03:23:15.037+0000][1][safepoint    ] Leaving safepoint region
[2019-12-09T03:23:15.037+0000][1][safepoint    ] Total time for which application threads were stopped: 0.0000383 seconds, Stopping threads took: 0.0000078 seconds
[2019-12-09T03:23:15.037+0000][1][safepoint    ] Application time: 0.0000559 seconds
[2019-12-09T03:23:15.037+0000][1][safepoint    ] Entering safepoint region: RevokeBias
[2019-12-09T03:23:15.037+0000][1][safepoint    ] Leaving safepoint region
[2019-12-09T03:23:15.037+0000][1][safepoint    ] Total time for which application threads were stopped: 0.0000387 seconds, Stopping threads took: 0.0000085 seconds
[2019-12-09T03:23:15.037+0000][1][safepoint    ] Application time: 0.0000791 seconds
[2019-12-09T03:23:15.037+0000][1][safepoint    ] Entering safepoint region: RevokeBias
[2019-12-09T03:23:15.037+0000][1][safepoint    ] Leaving safepoint region
[2019-12-09T03:23:15.037+0000][1][safepoint    ] Total time for which application threads were stopped: 0.0000430 seconds, Stopping threads took: 0.0000089 seconds
[2019-12-09T03:23:15.037+0000][1][safepoint    ] Application time: 0.0000533 seconds
[2019-12-09T03:23:15.037+0000][1][safepoint    ] Entering safepoint region: RevokeBias
[2019-12-09T03:23:15.037+0000][1][safepoint    ] Leaving safepoint region
[2019-12-09T03:23:15.037+0000][1][safepoint    ] Total time for which application threads were stopped: 0.0000398 seconds, Stopping threads took: 0.0000083 seconds
[2019-12-09T03:23:15.037+0000][1][safepoint    ] Application time: 0.0000560 seconds
[2019-12-09T03:23:15.037+0000][1][safepoint    ] Entering safepoint region: RevokeBias
[2019-12-09T03:23:15.038+0000][1][safepoint    ] Leaving safepoint region
[2019-12-09T03:23:15.038+0000][1][safepoint    ] Total time for which application threads were stopped: 0.0000397 seconds, Stopping threads took: 0.0000085 seconds
[2019-12-09T03:23:15.038+0000][1][safepoint    ] Application time: 0.0000540 seconds
[2019-12-09T03:23:15.038+0000][1][safepoint    ] Entering safepoint region: RevokeBias
[2019-12-09T03:23:15.038+0000][1][safepoint    ] Leaving safepoint region
[2019-12-09T03:23:15.038+0000][1][safepoint    ] Total time for which application threads were stopped: 0.0000401 seconds, Stopping threads took: 0.0000084 seconds
[2019-12-09T03:23:15.038+0000][1][safepoint    ] Application time: 0.0000661 seconds
[2019-12-09T03:23:15.038+0000][1][safepoint    ] Entering safepoint region: RevokeBias
[2019-12-09T03:23:15.038+0000][1][safepoint    ] Leaving safepoint region
[2019-12-09T03:23:15.038+0000][1][safepoint    ] Total time for which application threads were stopped: 0.0000389 seconds, Stopping threads took: 0.0000085 seconds
[2019-12-09T03:23:15.038+0000][1][safepoint    ] Application time: 0.0000530 seconds
[2019-12-09T03:23:15.038+0000][1][safepoint    ] Entering safepoint region: RevokeBias
[2019-12-09T03:23:15.038+0000][1][safepoint    ] Leaving safepoint region
[2019-12-09T03:23:15.038+0000][1][safepoint    ] Total time for which application threads were stopped: 0.0000388 seconds, Stopping threads took: 0.0000081 seconds
[2019-12-09T03:23:15.038+0000][1][safepoint    ] Application time: 0.0000511 seconds
[2019-12-09T03:23:15.038+0000][1][safepoint    ] Entering safepoint region: RevokeBias
[2019-12-09T03:23:15.038+0000][1][safepoint    ] Leaving safepoint region
[2019-12-09T03:23:15.038+0000][1][safepoint    ] Total time for which application threads were stopped: 0.0000403 seconds, Stopping threads took: 0.0000084 seconds
[2019-12-09T03:23:15.038+0000][1][safepoint    ] Application time: 0.0000507 seconds
[2019-12-09T03:23:15.038+0000][1][safepoint    ] Entering safepoint region: RevokeBias
[2019-12-09T03:23:15.038+0000][1][safepoint    ] Leaving safepoint region
[2019-12-09T03:23:15.038+0000][1][safepoint    ] Total time for which application threads were stopped: 0.0000370 seconds, Stopping threads took: 0.0000079 seconds
[2019-12-09T03:23:15.038+0000][1][safepoint    ] Application time: 0.0000518 seconds
[2019-12-09T03:23:15.038+0000][1][safepoint    ] Entering safepoint region: BulkRevokeBias
[2019-12-09T03:23:15.038+0000][1][safepoint    ] Leaving safepoint region
[2019-12-09T03:23:15.038+0000][1][safepoint    ] Total time for which application threads were stopped: 0.0001087 seconds, Stopping threads took: 0.0000074 seconds
[2019-12-09T03:23:15.041+0000][1][safepoint    ] Application time: 0.0024512 seconds
[2019-12-09T03:23:15.041+0000][1][safepoint    ] Entering safepoint region: RevokeBias
[2019-12-09T03:23:15.041+0000][1][safepoint    ] Leaving safepoint region
[2019-12-09T03:23:15.041+0000][1][safepoint    ] Total time for which application threads were stopped: 0.0000557 seconds, Stopping threads took: 0.0000108 seconds
[2019-12-09T03:23:15.041+0000][1][safepoint    ] Application time: 0.0000658 seconds
[2019-12-09T03:23:15.041+0000][1][safepoint    ] Entering safepoint region: RevokeBias
[2019-12-09T03:23:15.041+0000][1][safepoint    ] Leaving safepoint region
[2019-12-09T03:23:15.041+0000][1][safepoint    ] Total time for which application threads were stopped: 0.0000582 seconds, Stopping threads took: 0.0000172 seconds
[2019-12-09T03:23:15.064+0000][1][safepoint    ] Application time: 0.0234201 seconds
[2019-12-09T03:23:15.064+0000][1][safepoint    ] Entering safepoint region: RevokeBias
[2019-12-09T03:23:15.064+0000][1][safepoint    ] Leaving safepoint region
[2019-12-09T03:23:15.064+0000][1][safepoint    ] Total time for which application threads were stopped: 0.0000740 seconds, Stopping threads took: 0.0000116 seconds
[2019-12-09T03:23:15.065+0000][1][safepoint    ] Application time: 0.0001537 seconds
[2019-12-09T03:23:15.065+0000][1][safepoint    ] Entering safepoint region: RevokeBias
[2019-12-09T03:23:15.065+0000][1][safepoint    ] Leaving safepoint region
[2019-12-09T03:23:15.065+0000][1][safepoint    ] Total time for which application threads were stopped: 0.0000882 seconds, Stopping threads took: 0.0000097 seconds
[2019-12-09T03:23:15.065+0000][1][safepoint    ] Application time: 0.0002900 seconds
[2019-12-09T03:23:15.065+0000][1][safepoint    ] Entering safepoint region: RevokeBias
[2019-12-09T03:23:15.065+0000][1][safepoint    ] Leaving safepoint region
[2019-12-09T03:23:15.065+0000][1][safepoint    ] Total time for which application threads were stopped: 0.0000655 seconds, Stopping threads took: 0.0000098 seconds
[2019-12-09T03:23:15.069+0000][1][safepoint    ] Application time: 0.0036217 seconds
[2019-12-09T03:23:15.069+0000][1][safepoint    ] Entering safepoint region: RevokeBias
[2019-12-09T03:23:15.069+0000][1][safepoint    ] Leaving safepoint region
[2019-12-09T03:23:15.069+0000][1][safepoint    ] Total time for which application threads were stopped: 0.0000758 seconds, Stopping threads took: 0.0000126 seconds
[2019-12-09T03:23:15.069+0000][1][safepoint    ] Application time: 0.0000698 seconds
[2019-12-09T03:23:15.069+0000][1][safepoint    ] Entering safepoint region: RevokeBias
[2019-12-09T03:23:15.069+0000][1][safepoint    ] Leaving safepoint region
[2019-12-09T03:23:15.069+0000][1][safepoint    ] Total time for which application threads were stopped: 0.0000610 seconds, Stopping threads took: 0.0000086 seconds
[2019-12-09T03:23:15.081+0000][1][safepoint    ] Application time: 0.0119462 seconds
[2019-12-09T03:23:15.123+0000][1][safepoint    ] Entering safepoint region: RevokeBias
[2019-12-09T03:23:15.124+0000][1][safepoint    ] Leaving safepoint region
[2019-12-09T03:23:15.124+0000][1][safepoint    ] Total time for which application threads were stopped: 0.0426518 seconds, Stopping threads took: 0.0425073 seconds
[2019-12-09T03:23:15.124+0000][1][safepoint    ] Application time: 0.0002404 seconds
[2019-12-09T03:23:15.124+0000][1][safepoint    ] Entering safepoint region: RevokeBias
[2019-12-09T03:23:15.124+0000][1][safepoint    ] Leaving safepoint region
[2019-12-09T03:23:15.124+0000][1][safepoint    ] Total time for which application threads were stopped: 0.0000834 seconds, Stopping threads took: 0.0000100 seconds
[2019-12-09T03:23:15.130+0000][1][safepoint    ] Application time: 0.0057396 seconds
[2019-12-09T03:23:15.130+0000][1][safepoint    ] Entering safepoint region: RevokeBias
[2019-12-09T03:23:15.130+0000][1][safepoint    ] Leaving safepoint region
[2019-12-09T03:23:15.130+0000][1][safepoint    ] Total time for which application threads were stopped: 0.0001830 seconds, Stopping threads took: 0.0001035 seconds
[2019-12-09T03:23:15.130+0000][1][safepoint    ] Application time: 0.0002466 seconds
[2019-12-09T03:23:15.130+0000][1][safepoint    ] Entering safepoint region: RevokeBias
[2019-12-09T03:23:15.130+0000][1][safepoint    ] Leaving safepoint region
[2019-12-09T03:23:15.130+0000][1][safepoint    ] Total time for which application threads were stopped: 0.0000645 seconds, Stopping threads took: 0.0000100 seconds
[2019-12-09T03:23:15.138+0000][1][safepoint    ] Application time: 0.0073321 seconds
[2019-12-09T03:23:15.138+0000][1][safepoint    ] Entering safepoint region: RevokeBias
[2019-12-09T03:23:15.138+0000][1][safepoint    ] Leaving safepoint region
[2019-12-09T03:23:15.138+0000][1][safepoint    ] Total time for which application threads were stopped: 0.0000616 seconds, Stopping threads took: 0.0000116 seconds
[2019-12-09T03:23:15.382+0000][1][safepoint    ] Application time: 0.2442227 seconds
[2019-12-09T03:23:15.383+0000][1][safepoint    ] Entering safepoint region: RevokeBias
[2019-12-09T03:23:15.383+0000][1][safepoint    ] Leaving safepoint region
[2019-12-09T03:23:15.383+0000][1][safepoint    ] Total time for which application threads were stopped: 0.0009310 seconds, Stopping threads took: 0.0008001 seconds
[2019-12-09T03:23:15.386+0000][1][safepoint    ] Application time: 0.0028193 seconds
[2019-12-09T03:23:15.396+0000][1][safepoint    ] Entering safepoint region: RevokeBias
[2019-12-09T03:23:15.396+0000][1][safepoint    ] Leaving safepoint region
[2019-12-09T03:23:15.396+0000][1][safepoint    ] Total time for which application threads were stopped: 0.0100561 seconds, Stopping threads took: 0.0100070 seconds
[2019-12-09T03:23:16.280+0000][1][safepoint    ] Application time: 0.8845479 seconds
[2019-12-09T03:23:16.280+0000][1][safepoint    ] Entering safepoint region: GenCollectForAllocation
[2019-12-09T03:23:16.280+0000][1][gc,start     ] GC(20) Pause Young (Allocation Failure)
[2019-12-09T03:23:16.281+0000][1][gc,task      ] GC(20) Using 2 workers of 2 for evacuation
[2019-12-09T03:23:16.452+0000][1][gc,age       ] GC(20) Desired survivor size 4456448 bytes, new threshold 2 (max threshold 6)
[2019-12-09T03:23:16.452+0000][1][gc,age       ] GC(20) Age table with threshold 2 (max threshold 6)
[2019-12-09T03:23:16.452+0000][1][gc,age       ] GC(20) - age   1:    2827928 bytes,    2827928 total
[2019-12-09T03:23:16.453+0000][1][gc,age       ] GC(20) - age   2:    2455432 bytes,    5283360 total
[2019-12-09T03:23:16.453+0000][1][gc,heap      ] GC(20) ParNew: 77014K->8704K(78656K)
[2019-12-09T03:23:16.453+0000][1][gc,heap      ] GC(20) CMS: 54868K->58004K(174784K)
[2019-12-09T03:23:16.453+0000][1][gc,metaspace ] GC(20) Metaspace: 48322K->48322K(1093632K)
[2019-12-09T03:23:16.453+0000][1][gc           ] GC(20) Pause Young (Allocation Failure) 128M->65M(247M) 172.073ms
[2019-12-09T03:23:16.453+0000][1][gc,cpu       ] GC(20) User=0.05s Sys=0.01s Real=0.17s
[2019-12-09T03:23:16.453+0000][1][safepoint    ] Leaving safepoint region
[2019-12-09T03:23:16.453+0000][1][safepoint    ] Total time for which application threads were stopped: 0.1722192 seconds, Stopping threads took: 0.0000145 seconds
[2019-12-09T03:23:16.472+0000][1][safepoint    ] Application time: 0.0190836 seconds
[2019-12-09T03:23:16.472+0000][1][safepoint    ] Entering safepoint region: RevokeBias
[2019-12-09T03:23:16.472+0000][1][safepoint    ] Leaving safepoint region
[2019-12-09T03:23:16.472+0000][1][safepoint    ] Total time for which application threads were stopped: 0.0001183 seconds, Stopping threads took: 0.0000645 seconds
[2019-12-09T03:23:16.524+0000][1][safepoint    ] Application time: 0.0519411 seconds
[2019-12-09T03:23:16.574+0000][1][safepoint    ] Entering safepoint region: RevokeBias
[2019-12-09T03:23:16.574+0000][1][safepoint    ] Leaving safepoint region
[2019-12-09T03:23:16.574+0000][1][safepoint    ] Total time for which application threads were stopped: 0.0501425 seconds, Stopping threads took: 0.0500735 seconds
[2019-12-09T03:23:16.575+0000][1][safepoint    ] Application time: 0.0006153 seconds
[2019-12-09T03:23:16.575+0000][1][safepoint    ] Entering safepoint region: RevokeBias
[2019-12-09T03:23:16.575+0000][1][safepoint    ] Leaving safepoint region
[2019-12-09T03:23:16.575+0000][1][safepoint    ] Total time for which application threads were stopped: 0.0001729 seconds, Stopping threads took: 0.0000120 seconds
[2019-12-09T03:23:17.247+0000][1][safepoint    ] Application time: 0.6717737 seconds
[2019-12-09T03:23:17.247+0000][1][safepoint    ] Entering safepoint region: RevokeBias
[2019-12-09T03:23:17.247+0000][1][safepoint    ] Leaving safepoint region
[2019-12-09T03:23:17.247+0000][1][safepoint    ] Total time for which application threads were stopped: 0.0005102 seconds, Stopping threads took: 0.0000159 seconds
[2019-12-09T03:23:17.622+0000][1][safepoint    ] Application time: 0.3745587 seconds
[2019-12-09T03:23:17.622+0000][1][safepoint    ] Entering safepoint region: RevokeBias
[2019-12-09T03:23:17.622+0000][1][safepoint    ] Leaving safepoint region
[2019-12-09T03:23:17.622+0000][1][safepoint    ] Total time for which application threads were stopped: 0.0000761 seconds, Stopping threads took: 0.0000186 seconds
[2019-12-09T03:23:17.914+0000][1][safepoint    ] Application time: 0.2925926 seconds
[2019-12-09T03:23:17.914+0000][1][safepoint    ] Entering safepoint region: RevokeBias
[2019-12-09T03:23:17.915+0000][1][safepoint    ] Leaving safepoint region
[2019-12-09T03:23:17.915+0000][1][safepoint    ] Total time for which application threads were stopped: 0.0000696 seconds, Stopping threads took: 0.0000149 seconds
[2019-12-09T03:23:17.919+0000][1][safepoint    ] Application time: 0.0041472 seconds
[2019-12-09T03:23:17.919+0000][1][safepoint    ] Entering safepoint region: RevokeBias
[2019-12-09T03:23:17.919+0000][1][safepoint    ] Leaving safepoint region
[2019-12-09T03:23:17.919+0000][1][safepoint    ] Total time for which application threads were stopped: 0.0000637 seconds, Stopping threads took: 0.0000139 seconds
[2019-12-09T03:23:18.003+0000][1][safepoint    ] Application time: 0.0839061 seconds
[2019-12-09T03:23:18.003+0000][1][safepoint    ] Entering safepoint region: RevokeBias
[2019-12-09T03:23:18.003+0000][1][safepoint    ] Leaving safepoint region
[2019-12-09T03:23:18.003+0000][1][safepoint    ] Total time for which application threads were stopped: 0.0000798 seconds, Stopping threads took: 0.0000194 seconds
[2019-12-09T03:23:18.006+0000][1][safepoint    ] Application time: 0.0034381 seconds
[2019-12-09T03:23:18.006+0000][1][safepoint    ] Entering safepoint region: RevokeBias
[2019-12-09T03:23:18.006+0000][1][safepoint    ] Leaving safepoint region
[2019-12-09T03:23:18.006+0000][1][safepoint    ] Total time for which application threads were stopped: 0.0000652 seconds, Stopping threads took: 0.0000128 seconds
[2019-12-09T03:23:18.012+0000][1][safepoint    ] Application time: 0.0054920 seconds
[2019-12-09T03:23:18.012+0000][1][safepoint    ] Entering safepoint region: RevokeBias
[2019-12-09T03:23:18.012+0000][1][safepoint    ] Leaving safepoint region
[2019-12-09T03:23:18.012+0000][1][safepoint    ] Total time for which application threads were stopped: 0.0000509 seconds, Stopping threads took: 0.0000128 seconds
[2019-12-09T03:23:18.102+0000][1][safepoint    ] Application time: 0.0896742 seconds
[2019-12-09T03:23:18.102+0000][1][safepoint    ] Entering safepoint region: RevokeBias
[2019-12-09T03:23:18.102+0000][1][safepoint    ] Leaving safepoint region
[2019-12-09T03:23:18.102+0000][1][safepoint    ] Total time for which application threads were stopped: 0.0000843 seconds, Stopping threads took: 0.0000335 seconds
[2019-12-09T03:23:18.109+0000][1][safepoint    ] Application time: 0.0068509 seconds
[2019-12-09T03:23:18.109+0000][1][safepoint    ] Entering safepoint region: RevokeBias
[2019-12-09T03:23:18.109+0000][1][safepoint    ] Leaving safepoint region
[2019-12-09T03:23:18.109+0000][1][safepoint    ] Total time for which application threads were stopped: 0.0000780 seconds, Stopping threads took: 0.0000128 seconds
[2019-12-09T03:23:18.240+0000][1][safepoint    ] Application time: 0.1317581 seconds
[2019-12-09T03:23:18.241+0000][1][safepoint    ] Entering safepoint region: RevokeBias
[2019-12-09T03:23:18.241+0000][1][safepoint    ] Leaving safepoint region
[2019-12-09T03:23:18.241+0000][1][safepoint    ] Total time for which application threads were stopped: 0.0000680 seconds, Stopping threads took: 0.0000146 seconds
[2019-12-09T03:23:18.684+0000][1][safepoint    ] Application time: 0.4433579 seconds
[2019-12-09T03:23:18.684+0000][1][safepoint    ] Entering safepoint region: RevokeBias
[2019-12-09T03:23:18.684+0000][1][safepoint    ] Leaving safepoint region
[2019-12-09T03:23:18.684+0000][1][safepoint    ] Total time for which application threads were stopped: 0.0000832 seconds, Stopping threads took: 0.0000149 seconds
[2019-12-09T03:23:19.688+0000][1][safepoint    ] Application time: 1.0036277 seconds
[2019-12-09T03:23:19.688+0000][1][safepoint    ] Entering safepoint region: Cleanup
[2019-12-09T03:23:19.688+0000][1][safepoint    ] Leaving safepoint region
[2019-12-09T03:23:19.688+0000][1][safepoint    ] Total time for which application threads were stopped: 0.0005464 seconds, Stopping threads took: 0.0000165 seconds
[2019-12-09T03:23:20.427+0000][1][safepoint    ] Application time: 0.7384097 seconds
[2019-12-09T03:23:20.427+0000][1][safepoint    ] Entering safepoint region: RevokeBias
[2019-12-09T03:23:20.427+0000][1][safepoint    ] Leaving safepoint region
[2019-12-09T03:23:20.427+0000][1][safepoint    ] Total time for which application threads were stopped: 0.0000883 seconds, Stopping threads took: 0.0000143 seconds
[2019-12-09T03:23:21.430+0000][1][safepoint    ] Application time: 1.0028694 seconds
[2019-12-09T03:23:21.437+0000][1][safepoint    ] Entering safepoint region: Cleanup
[2019-12-09T03:23:21.437+0000][1][safepoint    ] Leaving safepoint region
[2019-12-09T03:23:21.437+0000][1][safepoint    ] Total time for which application threads were stopped: 0.0070877 seconds, Stopping threads took: 0.0070003 seconds
[2019-12-09T03:23:21.758+0000][1][safepoint    ] Application time: 0.3214364 seconds
[2019-12-09T03:23:21.758+0000][1][safepoint    ] Entering safepoint region: RevokeBias
[2019-12-09T03:23:21.758+0000][1][safepoint    ] Leaving safepoint region
[2019-12-09T03:23:21.758+0000][1][safepoint    ] Total time for which application threads were stopped: 0.0000756 seconds, Stopping threads took: 0.0000160 seconds
[2019-12-09T03:23:21.760+0000][1][safepoint    ] Application time: 0.0017169 seconds
[2019-12-09T03:23:21.760+0000][1][safepoint    ] Entering safepoint region: RevokeBias
[2019-12-09T03:23:21.760+0000][1][safepoint    ] Leaving safepoint region
[2019-12-09T03:23:21.760+0000][1][safepoint    ] Total time for which application threads were stopped: 0.0000586 seconds, Stopping threads took: 0.0000127 seconds
[2019-12-09T03:23:22.246+0000][1][safepoint    ] Application time: 0.4859724 seconds
[2019-12-09T03:23:22.246+0000][1][safepoint    ] Entering safepoint region: GenCollectForAllocation
[2019-12-09T03:23:22.246+0000][1][gc,start     ] GC(21) Pause Young (Allocation Failure)
[2019-12-09T03:23:22.246+0000][1][gc,task      ] GC(21) Using 2 workers of 2 for evacuation
[2019-12-09T03:23:22.463+0000][1][gc,age       ] GC(21) Desired survivor size 4456448 bytes, new threshold 6 (max threshold 6)
[2019-12-09T03:23:22.463+0000][1][gc,age       ] GC(21) Age table with threshold 6 (max threshold 6)
[2019-12-09T03:23:22.463+0000][1][gc,age       ] GC(21) - age   1:    1639864 bytes,    1639864 total
[2019-12-09T03:23:22.463+0000][1][gc,age       ] GC(21) - age   2:    2760024 bytes,    4399888 total
[2019-12-09T03:23:22.463+0000][1][gc,heap      ] GC(21) ParNew: 78656K->6320K(78656K)
[2019-12-09T03:23:22.463+0000][1][gc,heap      ] GC(21) CMS: 58004K->60467K(174784K)
[2019-12-09T03:23:22.463+0000][1][gc,metaspace ] GC(21) Metaspace: 56099K->56099K(1099776K)
[2019-12-09T03:23:22.463+0000][1][gc           ] GC(21) Pause Young (Allocation Failure) 133M->65M(247M) 216.799ms
[2019-12-09T03:23:22.463+0000][1][gc,cpu       ] GC(21) User=0.03s Sys=0.00s Real=0.21s
[2019-12-09T03:23:22.463+0000][1][safepoint    ] Leaving safepoint region
[2019-12-09T03:23:22.463+0000][1][safepoint    ] Total time for which application threads were stopped: 0.2169574 seconds, Stopping threads took: 0.0000157 seconds
[2019-12-09T03:23:23.235+0000][1][safepoint    ] Application time: 0.7715563 seconds
[2019-12-09T03:23:23.235+0000][1][safepoint    ] Entering safepoint region: Deoptimize
[2019-12-09T03:23:23.235+0000][1][safepoint    ] Leaving safepoint region
[2019-12-09T03:23:23.235+0000][1][safepoint    ] Total time for which application threads were stopped: 0.0007101 seconds, Stopping threads took: 0.0000160 seconds
[2019-12-09T03:23:23.313+0000][1][safepoint    ] Application time: 0.0778824 seconds
[2019-12-09T03:23:23.313+0000][1][safepoint    ] Entering safepoint region: RevokeBias
[2019-12-09T03:23:23.314+0000][1][safepoint    ] Leaving safepoint region
[2019-12-09T03:23:23.314+0000][1][safepoint    ] Total time for which application threads were stopped: 0.0000827 seconds, Stopping threads took: 0.0000152 seconds
[2019-12-09T03:23:23.337+0000][1][safepoint    ] Application time: 0.0236832 seconds
[2019-12-09T03:23:23.337+0000][1][safepoint    ] Entering safepoint region: RevokeBias
[2019-12-09T03:23:23.337+0000][1][safepoint    ] Leaving safepoint region
[2019-12-09T03:23:23.337+0000][1][safepoint    ] Total time for which application threads were stopped: 0.0000680 seconds, Stopping threads took: 0.0000152 seconds
[2019-12-09T03:23:23.338+0000][1][safepoint    ] Application time: 0.0005029 seconds
[2019-12-09T03:23:23.338+0000][1][safepoint    ] Entering safepoint region: BulkRevokeBias
[2019-12-09T03:23:23.338+0000][1][safepoint    ] Leaving safepoint region
[2019-12-09T03:23:23.338+0000][1][safepoint    ] Total time for which application threads were stopped: 0.0001975 seconds, Stopping threads took: 0.0000153 seconds
[2019-12-09T03:23:23.510+0000][1][safepoint    ] Application time: 0.1719545 seconds
[2019-12-09T03:23:23.561+0000][1][safepoint    ] Entering safepoint region: RevokeBias
[2019-12-09T03:23:23.561+0000][1][safepoint    ] Leaving safepoint region
[2019-12-09T03:23:23.561+0000][1][safepoint    ] Total time for which application threads were stopped: 0.0509476 seconds, Stopping threads took: 0.0507318 seconds
[2019-12-09T03:23:23.561+0000][1][safepoint    ] Application time: 0.0000777 seconds
[2019-12-09T03:23:23.561+0000][1][safepoint    ] Entering safepoint region: RevokeBias
[2019-12-09T03:23:23.561+0000][1][safepoint    ] Leaving safepoint region
[2019-12-09T03:23:23.561+0000][1][safepoint    ] Total time for which application threads were stopped: 0.0000825 seconds, Stopping threads took: 0.0000096 seconds
[2019-12-09T03:23:23.561+0000][1][safepoint    ] Application time: 0.0002177 seconds
[2019-12-09T03:23:23.561+0000][1][safepoint    ] Entering safepoint region: RevokeBias
[2019-12-09T03:23:23.561+0000][1][safepoint    ] Leaving safepoint region
[2019-12-09T03:23:23.561+0000][1][safepoint    ] Total time for which application threads were stopped: 0.0000923 seconds, Stopping threads took: 0.0000110 seconds
[2019-12-09T03:23:23.666+0000][1][safepoint    ] Application time: 0.1043469 seconds
[2019-12-09T03:23:23.666+0000][1][safepoint    ] Entering safepoint region: RevokeBias
[2019-12-09T03:23:23.666+0000][1][safepoint    ] Leaving safepoint region
[2019-12-09T03:23:23.666+0000][1][safepoint    ] Total time for which application threads were stopped: 0.0001185 seconds, Stopping threads took: 0.0000176 seconds
[2019-12-09T03:23:23.685+0000][1][safepoint    ] Application time: 0.0187623 seconds
[2019-12-09T03:23:23.685+0000][1][safepoint    ] Entering safepoint region: RevokeBias
[2019-12-09T03:23:23.685+0000][1][safepoint    ] Leaving safepoint region
[2019-12-09T03:23:23.685+0000][1][safepoint    ] Total time for which application threads were stopped: 0.0000877 seconds, Stopping threads took: 0.0000143 seconds
[2019-12-09T03:23:23.685+0000][1][safepoint    ] Application time: 0.0001447 seconds
[2019-12-09T03:23:23.685+0000][1][safepoint    ] Entering safepoint region: RevokeBias
[2019-12-09T03:23:23.685+0000][1][safepoint    ] Leaving safepoint region
[2019-12-09T03:23:23.685+0000][1][safepoint    ] Total time for which application threads were stopped: 0.0000642 seconds, Stopping threads took: 0.0000106 seconds
[2019-12-09T03:23:23.710+0000][1][safepoint    ] Application time: 0.0252407 seconds
[2019-12-09T03:23:23.710+0000][1][safepoint    ] Entering safepoint region: RevokeBias
[2019-12-09T03:23:23.711+0000][1][safepoint    ] Leaving safepoint region
[2019-12-09T03:23:23.711+0000][1][safepoint    ] Total time for which application threads were stopped: 0.0001728 seconds, Stopping threads took: 0.0000153 seconds
[2019-12-09T03:23:24.752+0000][1][safepoint    ] Application time: 1.0411249 seconds
[2019-12-09T03:23:24.752+0000][1][safepoint    ] Entering safepoint region: Cleanup
[2019-12-09T03:23:24.753+0000][1][safepoint    ] Leaving safepoint region
[2019-12-09T03:23:24.753+0000][1][safepoint    ] Total time for which application threads were stopped: 0.0013543 seconds, Stopping threads took: 0.0001504 seconds
[2019-12-09T03:23:25.769+0000][1][safepoint    ] Application time: 1.0160282 seconds
[2019-12-09T03:23:25.769+0000][1][safepoint    ] Entering safepoint region: Cleanup
[2019-12-09T03:23:25.769+0000][1][safepoint    ] Leaving safepoint region
[2019-12-09T03:23:25.769+0000][1][safepoint    ] Total time for which application threads were stopped: 0.0001747 seconds, Stopping threads took: 0.0001178 seconds
[2019-12-09T03:23:25.810+0000][1][safepoint    ] Application time: 0.0409815 seconds
[2019-12-09T03:23:25.810+0000][1][safepoint    ] Entering safepoint region: Deoptimize
[2019-12-09T03:23:25.811+0000][1][safepoint    ] Leaving safepoint region
[2019-12-09T03:23:25.811+0000][1][safepoint    ] Total time for which application threads were stopped: 0.0006539 seconds, Stopping threads took: 0.0000143 seconds
[2019-12-09T03:23:26.811+0000][1][safepoint    ] Application time: 1.0000532 seconds
[2019-12-09T03:23:26.891+0000][1][safepoint    ] Entering safepoint region: Cleanup
[2019-12-09T03:23:26.891+0000][1][safepoint    ] Leaving safepoint region
[2019-12-09T03:23:26.891+0000][1][safepoint    ] Total time for which application threads were stopped: 0.0797360 seconds, Stopping threads took: 0.0796520 seconds
[2019-12-09T03:23:27.893+0000][1][safepoint    ] Application time: 1.0018840 seconds
[2019-12-09T03:23:27.893+0000][1][safepoint    ] Entering safepoint region: Cleanup
[2019-12-09T03:23:27.893+0000][1][safepoint    ] Leaving safepoint region
[2019-12-09T03:23:27.893+0000][1][safepoint    ] Total time for which application threads were stopped: 0.0001107 seconds, Stopping threads took: 0.0000171 seconds
[2019-12-09T03:23:28.906+0000][1][safepoint    ] Application time: 1.0128085 seconds
[2019-12-09T03:23:28.914+0000][1][safepoint    ] Entering safepoint region: Cleanup
[2019-12-09T03:23:28.914+0000][1][safepoint    ] Leaving safepoint region
[2019-12-09T03:23:28.914+0000][1][safepoint    ] Total time for which application threads were stopped: 0.0081456 seconds, Stopping threads took: 0.0080600 seconds
[2019-12-09T03:23:28.970+0000][1][safepoint    ] Application time: 0.0564306 seconds
[2019-12-09T03:23:28.970+0000][1][safepoint    ] Entering safepoint region: BulkRevokeBias
[2019-12-09T03:23:28.971+0000][1][safepoint    ] Leaving safepoint region
[2019-12-09T03:23:28.971+0000][1][safepoint    ] Total time for which application threads were stopped: 0.0002027 seconds, Stopping threads took: 0.0000232 seconds
[2019-12-09T03:23:29.423+0000][1][safepoint    ] Application time: 0.4521669 seconds
[2019-12-09T03:23:29.423+0000][1][safepoint    ] Entering safepoint region: GenCollectForAllocation
[2019-12-09T03:23:29.423+0000][1][gc,start     ] GC(22) Pause Young (Allocation Failure)
[2019-12-09T03:23:29.423+0000][1][gc,task      ] GC(22) Using 2 workers of 2 for evacuation
[2019-12-09T03:23:29.580+0000][1][gc,age       ] GC(22) Desired survivor size 4456448 bytes, new threshold 2 (max threshold 6)
[2019-12-09T03:23:29.580+0000][1][gc,age       ] GC(22) Age table with threshold 2 (max threshold 6)
[2019-12-09T03:23:29.580+0000][1][gc,age       ] GC(22) - age   1:    3655720 bytes,    3655720 total
[2019-12-09T03:23:29.580+0000][1][gc,age       ] GC(22) - age   2:    1545672 bytes,    5201392 total
[2019-12-09T03:23:29.580+0000][1][gc,age       ] GC(22) - age   3:    2731984 bytes,    7933376 total
[2019-12-09T03:23:29.580+0000][1][gc,heap      ] GC(22) ParNew: 76272K->8704K(78656K)
[2019-12-09T03:23:29.580+0000][1][gc,heap      ] GC(22) CMS: 60467K->60467K(174784K)
[2019-12-09T03:23:29.580+0000][1][gc,metaspace ] GC(22) Metaspace: 63185K->63185K(1107968K)
[2019-12-09T03:23:29.580+0000][1][gc           ] GC(22) Pause Young (Allocation Failure) 133M->67M(247M) 156.924ms
[2019-12-09T03:23:29.580+0000][1][gc,cpu       ] GC(22) User=0.04s Sys=0.00s Real=0.16s
[2019-12-09T03:23:29.580+0000][1][safepoint    ] Leaving safepoint region
[2019-12-09T03:23:29.580+0000][1][safepoint    ] Total time for which application threads were stopped: 0.1570792 seconds, Stopping threads took: 0.0000188 seconds
[2019-12-09T03:23:29.871+0000][1][safepoint    ] Application time: 0.2913584 seconds
[2019-12-09T03:23:29.879+0000][1][safepoint    ] Entering safepoint region: RevokeBias
[2019-12-09T03:23:29.879+0000][1][safepoint    ] Leaving safepoint region
[2019-12-09T03:23:29.879+0000][1][safepoint    ] Total time for which application threads were stopped: 0.0076146 seconds, Stopping threads took: 0.0074795 seconds
[2019-12-09T03:23:29.879+0000][1][safepoint    ] Application time: 0.0000973 seconds
[2019-12-09T03:23:29.879+0000][1][safepoint    ] Entering safepoint region: RevokeBias
[2019-12-09T03:23:29.879+0000][1][safepoint    ] Leaving safepoint region
[2019-12-09T03:23:29.879+0000][1][safepoint    ] Total time for which application threads were stopped: 0.0000971 seconds, Stopping threads took: 0.0000117 seconds
[2019-12-09T03:23:29.879+0000][1][safepoint    ] Application time: 0.0000654 seconds
[2019-12-09T03:23:29.879+0000][1][safepoint    ] Entering safepoint region: RevokeBias
[2019-12-09T03:23:29.879+0000][1][safepoint    ] Leaving safepoint region
[2019-12-09T03:23:29.879+0000][1][safepoint    ] Total time for which application threads were stopped: 0.0000738 seconds, Stopping threads took: 0.0000090 seconds
[2019-12-09T03:23:29.879+0000][1][safepoint    ] Application time: 0.0000674 seconds
[2019-12-09T03:23:29.879+0000][1][safepoint    ] Entering safepoint region: RevokeBias
[2019-12-09T03:23:29.879+0000][1][safepoint    ] Leaving safepoint region
[2019-12-09T03:23:29.879+0000][1][safepoint    ] Total time for which application threads were stopped: 0.0000693 seconds, Stopping threads took: 0.0000097 seconds
[2019-12-09T03:23:29.879+0000][1][safepoint    ] Application time: 0.0000611 seconds
[2019-12-09T03:23:29.879+0000][1][safepoint    ] Entering safepoint region: RevokeBias
[2019-12-09T03:23:29.880+0000][1][safepoint    ] Leaving safepoint region
[2019-12-09T03:23:29.880+0000][1][safepoint    ] Total time for which application threads were stopped: 0.0000618 seconds, Stopping threads took: 0.0000082 seconds
[2019-12-09T03:23:29.880+0000][1][safepoint    ] Application time: 0.0000672 seconds
[2019-12-09T03:23:29.880+0000][1][safepoint    ] Entering safepoint region: RevokeBias
[2019-12-09T03:23:29.880+0000][1][safepoint    ] Leaving safepoint region
[2019-12-09T03:23:29.880+0000][1][safepoint    ] Total time for which application threads were stopped: 0.0000945 seconds, Stopping threads took: 0.0000163 seconds
[2019-12-09T03:23:29.880+0000][1][safepoint    ] Application time: 0.0000752 seconds
[2019-12-09T03:23:29.880+0000][1][safepoint    ] Entering safepoint region: RevokeBias
[2019-12-09T03:23:29.880+0000][1][safepoint    ] Leaving safepoint region
[2019-12-09T03:23:29.880+0000][1][safepoint    ] Total time for which application threads were stopped: 0.0000598 seconds, Stopping threads took: 0.0000079 seconds
[2019-12-09T03:23:29.880+0000][1][safepoint    ] Application time: 0.0000643 seconds
[2019-12-09T03:23:29.880+0000][1][safepoint    ] Entering safepoint region: RevokeBias
[2019-12-09T03:23:29.880+0000][1][safepoint    ] Leaving safepoint region
[2019-12-09T03:23:29.880+0000][1][safepoint    ] Total time for which application threads were stopped: 0.0000627 seconds, Stopping threads took: 0.0000078 seconds
[2019-12-09T03:23:30.159+0000][1][safepoint    ] Application time: 0.2787337 seconds
[2019-12-09T03:23:30.159+0000][1][safepoint    ] Entering safepoint region: Deoptimize
[2019-12-09T03:23:30.159+0000][1][safepoint    ] Leaving safepoint region
[2019-12-09T03:23:30.159+0000][1][safepoint    ] Total time for which application threads were stopped: 0.0006938 seconds, Stopping threads took: 0.0000190 seconds
[2019-12-09T03:23:30.260+0000][1][safepoint    ] Application time: 0.1004751 seconds
[2019-12-09T03:23:30.260+0000][1][safepoint    ] Entering safepoint region: RevokeBias
[2019-12-09T03:23:30.260+0000][1][safepoint    ] Leaving safepoint region
[2019-12-09T03:23:30.260+0000][1][safepoint    ] Total time for which application threads were stopped: 0.0000950 seconds, Stopping threads took: 0.0000142 seconds
[2019-12-09T03:23:30.261+0000][1][safepoint    ] Application time: 0.0004517 seconds
[2019-12-09T03:23:30.261+0000][1][safepoint    ] Entering safepoint region: RevokeBias
[2019-12-09T03:23:30.261+0000][1][safepoint    ] Leaving safepoint region
[2019-12-09T03:23:30.261+0000][1][safepoint    ] Total time for which application threads were stopped: 0.0000605 seconds, Stopping threads took: 0.0000113 seconds
[2019-12-09T03:23:30.262+0000][1][safepoint    ] Application time: 0.0008769 seconds
[2019-12-09T03:23:30.262+0000][1][safepoint    ] Entering safepoint region: RevokeBias
[2019-12-09T03:23:30.262+0000][1][safepoint    ] Leaving safepoint region
[2019-12-09T03:23:30.262+0000][1][safepoint    ] Total time for which application threads were stopped: 0.0000578 seconds, Stopping threads took: 0.0000117 seconds
[2019-12-09T03:23:30.276+0000][1][safepoint    ] Application time: 0.0145278 seconds
[2019-12-09T03:23:30.276+0000][1][safepoint    ] Entering safepoint region: RevokeBias
[2019-12-09T03:23:30.276+0000][1][safepoint    ] Leaving safepoint region
[2019-12-09T03:23:30.276+0000][1][safepoint    ] Total time for which application threads were stopped: 0.0000760 seconds, Stopping threads took: 0.0000125 seconds
[2019-12-09T03:23:30.276+0000][1][safepoint    ] Application time: 0.0000636 seconds
[2019-12-09T03:23:30.276+0000][1][safepoint    ] Entering safepoint region: RevokeBias
[2019-12-09T03:23:30.276+0000][1][safepoint    ] Leaving safepoint region
[2019-12-09T03:23:30.276+0000][1][safepoint    ] Total time for which application threads were stopped: 0.0000503 seconds, Stopping threads took: 0.0000087 seconds
[2019-12-09T03:23:30.277+0000][1][safepoint    ] Application time: 0.0003810 seconds
[2019-12-09T03:23:30.277+0000][1][safepoint    ] Entering safepoint region: RevokeBias
[2019-12-09T03:23:30.277+0000][1][safepoint    ] Leaving safepoint region
[2019-12-09T03:23:30.277+0000][1][safepoint    ] Total time for which application threads were stopped: 0.0000579 seconds, Stopping threads took: 0.0000112 seconds
[2019-12-09T03:23:30.277+0000][1][safepoint    ] Application time: 0.0001986 seconds
[2019-12-09T03:23:30.277+0000][1][safepoint    ] Entering safepoint region: RevokeBias
[2019-12-09T03:23:30.277+0000][1][safepoint    ] Leaving safepoint region
[2019-12-09T03:23:30.277+0000][1][safepoint    ] Total time for which application threads were stopped: 0.0000610 seconds, Stopping threads took: 0.0000151 seconds
[2019-12-09T03:23:30.286+0000][1][safepoint    ] Application time: 0.0086288 seconds
[2019-12-09T03:23:30.286+0000][1][safepoint    ] Entering safepoint region: RevokeBias
[2019-12-09T03:23:30.286+0000][1][safepoint    ] Leaving safepoint region
[2019-12-09T03:23:30.286+0000][1][safepoint    ] Total time for which application threads were stopped: 0.0000712 seconds, Stopping threads took: 0.0000106 seconds
[2019-12-09T03:23:30.286+0000][1][safepoint    ] Application time: 0.0006199 seconds
[2019-12-09T03:23:30.286+0000][1][safepoint    ] Entering safepoint region: RevokeBias
[2019-12-09T03:23:30.287+0000][1][safepoint    ] Leaving safepoint region
[2019-12-09T03:23:30.287+0000][1][safepoint    ] Total time for which application threads were stopped: 0.0000625 seconds, Stopping threads took: 0.0000109 seconds
[2019-12-09T03:23:30.288+0000][1][safepoint    ] Application time: 0.0012188 seconds
[2019-12-09T03:23:30.288+0000][1][safepoint    ] Entering safepoint region: RevokeBias
[2019-12-09T03:23:30.288+0000][1][safepoint    ] Leaving safepoint region
[2019-12-09T03:23:30.288+0000][1][safepoint    ] Total time for which application threads were stopped: 0.0000650 seconds, Stopping threads took: 0.0000110 seconds
[2019-12-09T03:23:30.288+0000][1][safepoint    ] Application time: 0.0001028 seconds
[2019-12-09T03:23:30.288+0000][1][safepoint    ] Entering safepoint region: RevokeBias
[2019-12-09T03:23:30.288+0000][1][safepoint    ] Leaving safepoint region
[2019-12-09T03:23:30.288+0000][1][safepoint    ] Total time for which application threads were stopped: 0.0000529 seconds, Stopping threads took: 0.0000086 seconds
[2019-12-09T03:23:30.323+0000][1][safepoint    ] Application time: 0.0346034 seconds
[2019-12-09T03:23:30.323+0000][1][safepoint    ] Entering safepoint region: Deoptimize
[2019-12-09T03:23:30.323+0000][1][safepoint    ] Leaving safepoint region
[2019-12-09T03:23:30.323+0000][1][safepoint    ] Total time for which application threads were stopped: 0.0006755 seconds, Stopping threads took: 0.0000303 seconds
[2019-12-09T03:23:30.627+0000][1][safepoint    ] Application time: 0.3033507 seconds
[2019-12-09T03:23:30.690+0000][1][safepoint    ] Entering safepoint region: RevokeBias
[2019-12-09T03:23:30.690+0000][1][safepoint    ] Leaving safepoint region
[2019-12-09T03:23:30.690+0000][1][safepoint    ] Total time for which application threads were stopped: 0.0631336 seconds, Stopping threads took: 0.0630299 seconds
[2019-12-09T03:23:30.717+0000][1][safepoint    ] Application time: 0.0268303 seconds
[2019-12-09T03:23:30.717+0000][1][safepoint    ] Entering safepoint region: RevokeBias
[2019-12-09T03:23:30.717+0000][1][safepoint    ] Leaving safepoint region
[2019-12-09T03:23:30.717+0000][1][safepoint    ] Total time for which application threads were stopped: 0.0004169 seconds, Stopping threads took: 0.0003534 seconds
[2019-12-09T03:23:30.717+0000][1][safepoint    ] Application time: 0.0000707 seconds
[2019-12-09T03:23:30.717+0000][1][safepoint    ] Entering safepoint region: RevokeBias
[2019-12-09T03:23:30.717+0000][1][safepoint    ] Leaving safepoint region
[2019-12-09T03:23:30.717+0000][1][safepoint    ] Total time for which application threads were stopped: 0.0000421 seconds, Stopping threads took: 0.0000088 seconds
[2019-12-09T03:23:30.724+0000][1][safepoint    ] Application time: 0.0066465 seconds
[2019-12-09T03:23:30.724+0000][1][safepoint    ] Entering safepoint region: RevokeBias
[2019-12-09T03:23:30.724+0000][1][safepoint    ] Leaving safepoint region
[2019-12-09T03:23:30.724+0000][1][safepoint    ] Total time for which application threads were stopped: 0.0000982 seconds, Stopping threads took: 0.0000129 seconds
[2019-12-09T03:23:30.750+0000][1][safepoint    ] Application time: 0.0263963 seconds
[2019-12-09T03:23:30.766+0000][1][safepoint    ] Entering safepoint region: RevokeBias
[2019-12-09T03:23:30.766+0000][1][safepoint    ] Leaving safepoint region
[2019-12-09T03:23:30.766+0000][1][safepoint    ] Total time for which application threads were stopped: 0.0154675 seconds, Stopping threads took: 0.0154042 seconds
[2019-12-09T03:23:30.766+0000][1][safepoint    ] Application time: 0.0001265 seconds
[2019-12-09T03:23:30.766+0000][1][safepoint    ] Entering safepoint region: RevokeBias
[2019-12-09T03:23:30.766+0000][1][safepoint    ] Leaving safepoint region
[2019-12-09T03:23:30.766+0000][1][safepoint    ] Total time for which application threads were stopped: 0.0000449 seconds, Stopping threads took: 0.0000092 seconds
[2019-12-09T03:23:30.766+0000][1][safepoint    ] Application time: 0.0000663 seconds
[2019-12-09T03:23:30.766+0000][1][safepoint    ] Entering safepoint region: RevokeBias
[2019-12-09T03:23:30.766+0000][1][safepoint    ] Leaving safepoint region
[2019-12-09T03:23:30.766+0000][1][safepoint    ] Total time for which application threads were stopped: 0.0000387 seconds, Stopping threads took: 0.0000079 seconds
[2019-12-09T03:23:30.767+0000][1][safepoint    ] Application time: 0.0011451 seconds
[2019-12-09T03:23:30.767+0000][1][safepoint    ] Entering safepoint region: RevokeBias
[2019-12-09T03:23:30.768+0000][1][safepoint    ] Leaving safepoint region
[2019-12-09T03:23:30.768+0000][1][safepoint    ] Total time for which application threads were stopped: 0.0000657 seconds, Stopping threads took: 0.0000121 seconds
[2019-12-09T03:23:30.772+0000][1][safepoint    ] Application time: 0.0042175 seconds
[2019-12-09T03:23:30.772+0000][1][safepoint    ] Entering safepoint region: RevokeBias
[2019-12-09T03:23:30.772+0000][1][safepoint    ] Leaving safepoint region
[2019-12-09T03:23:30.772+0000][1][safepoint    ] Total time for which application threads were stopped: 0.0001272 seconds, Stopping threads took: 0.0000787 seconds
[2019-12-09T03:23:30.772+0000][1][safepoint    ] Application time: 0.0002819 seconds
[2019-12-09T03:23:30.772+0000][1][safepoint    ] Entering safepoint region: RevokeBias
[2019-12-09T03:23:30.772+0000][1][safepoint    ] Leaving safepoint region
[2019-12-09T03:23:30.772+0000][1][safepoint    ] Total time for which application threads were stopped: 0.0000506 seconds, Stopping threads took: 0.0000105 seconds
[2019-12-09T03:23:30.772+0000][1][safepoint    ] Application time: 0.0000376 seconds
[2019-12-09T03:23:30.772+0000][1][safepoint    ] Entering safepoint region: RevokeBias
[2019-12-09T03:23:30.772+0000][1][safepoint    ] Leaving safepoint region
[2019-12-09T03:23:30.772+0000][1][safepoint    ] Total time for which application threads were stopped: 0.0000391 seconds, Stopping threads took: 0.0000086 seconds
[2019-12-09T03:23:30.772+0000][1][safepoint    ] Application time: 0.0000392 seconds
[2019-12-09T03:23:30.772+0000][1][safepoint    ] Entering safepoint region: RevokeBias
[2019-12-09T03:23:30.772+0000][1][safepoint    ] Leaving safepoint region
[2019-12-09T03:23:30.772+0000][1][safepoint    ] Total time for which application threads were stopped: 0.0000400 seconds, Stopping threads took: 0.0000088 seconds
[2019-12-09T03:23:30.793+0000][1][safepoint    ] Application time: 0.0209347 seconds
[2019-12-09T03:23:30.793+0000][1][safepoint    ] Entering safepoint region: RevokeBias
[2019-12-09T03:23:30.794+0000][1][safepoint    ] Leaving safepoint region
[2019-12-09T03:23:30.794+0000][1][safepoint    ] Total time for which application threads were stopped: 0.0001804 seconds, Stopping threads took: 0.0001011 seconds
[2019-12-09T03:23:30.811+0000][1][safepoint    ] Application time: 0.0177323 seconds
[2019-12-09T03:23:30.812+0000][1][safepoint    ] Entering safepoint region: RevokeBias
[2019-12-09T03:23:30.812+0000][1][safepoint    ] Leaving safepoint region
[2019-12-09T03:23:30.812+0000][1][safepoint    ] Total time for which application threads were stopped: 0.0004190 seconds, Stopping threads took: 0.0003209 seconds
[2019-12-09T03:23:30.881+0000][1][safepoint    ] Application time: 0.0689578 seconds
[2019-12-09T03:23:30.881+0000][1][safepoint    ] Entering safepoint region: RevokeBias
[2019-12-09T03:23:30.881+0000][1][safepoint    ] Leaving safepoint region
[2019-12-09T03:23:30.881+0000][1][safepoint    ] Total time for which application threads were stopped: 0.0001458 seconds, Stopping threads took: 0.0000556 seconds
[2019-12-09T03:23:30.889+0000][1][safepoint    ] Application time: 0.0084327 seconds
[2019-12-09T03:23:30.889+0000][1][safepoint    ] Entering safepoint region: RevokeBias
[2019-12-09T03:23:30.889+0000][1][safepoint    ] Leaving safepoint region
[2019-12-09T03:23:30.889+0000][1][safepoint    ] Total time for which application threads were stopped: 0.0000758 seconds, Stopping threads took: 0.0000152 seconds
[2019-12-09T03:23:30.901+0000][1][safepoint    ] Application time: 0.0113518 seconds
[2019-12-09T03:23:30.927+0000][1][safepoint    ] Entering safepoint region: RevokeBias
[2019-12-09T03:23:30.927+0000][1][safepoint    ] Leaving safepoint region
[2019-12-09T03:23:30.927+0000][1][safepoint    ] Total time for which application threads were stopped: 0.0259463 seconds, Stopping threads took: 0.0258788 seconds
[2019-12-09T03:23:30.927+0000][1][safepoint    ] Application time: 0.0003946 seconds
[2019-12-09T03:23:30.927+0000][1][safepoint    ] Entering safepoint region: RevokeBias
[2019-12-09T03:23:30.927+0000][1][safepoint    ] Leaving safepoint region
[2019-12-09T03:23:30.927+0000][1][safepoint    ] Total time for which application threads were stopped: 0.0000670 seconds, Stopping threads took: 0.0000131 seconds
[2019-12-09T03:23:30.927+0000][1][safepoint    ] Application time: 0.0000419 seconds
[2019-12-09T03:23:30.927+0000][1][safepoint    ] Entering safepoint region: RevokeBias
[2019-12-09T03:23:30.927+0000][1][safepoint    ] Leaving safepoint region
[2019-12-09T03:23:30.927+0000][1][safepoint    ] Total time for which application threads were stopped: 0.0000403 seconds, Stopping threads took: 0.0000086 seconds
[2019-12-09T03:23:30.928+0000][1][safepoint    ] Application time: 0.0001285 seconds
[2019-12-09T03:23:30.928+0000][1][safepoint    ] Entering safepoint region: RevokeBias
[2019-12-09T03:23:30.928+0000][1][safepoint    ] Leaving safepoint region
[2019-12-09T03:23:30.928+0000][1][safepoint    ] Total time for which application threads were stopped: 0.0000451 seconds, Stopping threads took: 0.0000088 seconds
[2019-12-09T03:23:30.928+0000][1][safepoint    ] Application time: 0.0002918 seconds
[2019-12-09T03:23:30.928+0000][1][safepoint    ] Entering safepoint region: RevokeBias
[2019-12-09T03:23:30.928+0000][1][safepoint    ] Leaving safepoint region
[2019-12-09T03:23:30.928+0000][1][safepoint    ] Total time for which application threads were stopped: 0.0000641 seconds, Stopping threads took: 0.0000119 seconds
[2019-12-09T03:23:30.928+0000][1][safepoint    ] Application time: 0.0000918 seconds
[2019-12-09T03:23:30.928+0000][1][safepoint    ] Entering safepoint region: RevokeBias
[2019-12-09T03:23:30.928+0000][1][safepoint    ] Leaving safepoint region
[2019-12-09T03:23:30.928+0000][1][safepoint    ] Total time for which application threads were stopped: 0.0000546 seconds, Stopping threads took: 0.0000095 seconds
[2019-12-09T03:23:30.928+0000][1][safepoint    ] Application time: 0.0000447 seconds
[2019-12-09T03:23:30.928+0000][1][safepoint    ] Entering safepoint region: RevokeBias
[2019-12-09T03:23:30.928+0000][1][safepoint    ] Leaving safepoint region
[2019-12-09T03:23:30.928+0000][1][safepoint    ] Total time for which application threads were stopped: 0.0000450 seconds, Stopping threads took: 0.0000088 seconds
[2019-12-09T03:23:30.929+0000][1][safepoint    ] Application time: 0.0005965 seconds
[2019-12-09T03:23:30.929+0000][1][safepoint    ] Entering safepoint region: RevokeBias
[2019-12-09T03:23:30.929+0000][1][safepoint    ] Leaving safepoint region
[2019-12-09T03:23:30.929+0000][1][safepoint    ] Total time for which application threads were stopped: 0.0000578 seconds, Stopping threads took: 0.0000120 seconds
[2019-12-09T03:23:30.929+0000][1][safepoint    ] Application time: 0.0001921 seconds
[2019-12-09T03:23:30.929+0000][1][safepoint    ] Entering safepoint region: RevokeBias
[2019-12-09T03:23:30.929+0000][1][safepoint    ] Leaving safepoint region
[2019-12-09T03:23:30.929+0000][1][safepoint    ] Total time for which application threads were stopped: 0.0000601 seconds, Stopping threads took: 0.0000184 seconds
[2019-12-09T03:23:30.929+0000][1][safepoint    ] Application time: 0.0000429 seconds
[2019-12-09T03:23:30.929+0000][1][safepoint    ] Entering safepoint region: RevokeBias
[2019-12-09T03:23:30.929+0000][1][safepoint    ] Leaving safepoint region
[2019-12-09T03:23:30.929+0000][1][safepoint    ] Total time for which application threads were stopped: 0.0000430 seconds, Stopping threads took: 0.0000089 seconds
[2019-12-09T03:23:30.929+0000][1][safepoint    ] Application time: 0.0001082 seconds
[2019-12-09T03:23:30.929+0000][1][safepoint    ] Entering safepoint region: RevokeBias
[2019-12-09T03:23:30.929+0000][1][safepoint    ] Leaving safepoint region
[2019-12-09T03:23:30.929+0000][1][safepoint    ] Total time for which application threads were stopped: 0.0000455 seconds, Stopping threads took: 0.0000093 seconds
[2019-12-09T03:23:30.930+0000][1][safepoint    ] Application time: 0.0001150 seconds
[2019-12-09T03:23:30.930+0000][1][safepoint    ] Entering safepoint region: RevokeBias
[2019-12-09T03:23:30.930+0000][1][safepoint    ] Leaving safepoint region
[2019-12-09T03:23:30.930+0000][1][safepoint    ] Total time for which application threads were stopped: 0.0000527 seconds, Stopping threads took: 0.0000093 seconds
[2019-12-09T03:23:30.930+0000][1][safepoint    ] Application time: 0.0000575 seconds
[2019-12-09T03:23:30.930+0000][1][safepoint    ] Entering safepoint region: RevokeBias
[2019-12-09T03:23:30.930+0000][1][safepoint    ] Leaving safepoint region
[2019-12-09T03:23:30.930+0000][1][safepoint    ] Total time for which application threads were stopped: 0.0000464 seconds, Stopping threads took: 0.0000093 seconds
[2019-12-09T03:23:30.930+0000][1][safepoint    ] Application time: 0.0001220 seconds
[2019-12-09T03:23:30.930+0000][1][safepoint    ] Entering safepoint region: RevokeBias
[2019-12-09T03:23:30.930+0000][1][safepoint    ] Leaving safepoint region
[2019-12-09T03:23:30.930+0000][1][safepoint    ] Total time for which application threads were stopped: 0.0000528 seconds, Stopping threads took: 0.0000098 seconds
[2019-12-09T03:23:30.930+0000][1][safepoint    ] Application time: 0.0002235 seconds
[2019-12-09T03:23:30.930+0000][1][safepoint    ] Entering safepoint region: RevokeBias
[2019-12-09T03:23:30.930+0000][1][safepoint    ] Leaving safepoint region
[2019-12-09T03:23:30.930+0000][1][safepoint    ] Total time for which application threads were stopped: 0.0000436 seconds, Stopping threads took: 0.0000107 seconds
[2019-12-09T03:23:30.930+0000][1][safepoint    ] Application time: 0.0001139 seconds
[2019-12-09T03:23:30.930+0000][1][safepoint    ] Entering safepoint region: BulkRevokeBias
[2019-12-09T03:23:30.931+0000][1][safepoint    ] Leaving safepoint region
[2019-12-09T03:23:30.931+0000][1][safepoint    ] Total time for which application threads were stopped: 0.0001474 seconds, Stopping threads took: 0.0000093 seconds
[2019-12-09T03:23:30.931+0000][1][safepoint    ] Application time: 0.0001442 seconds
[2019-12-09T03:23:30.931+0000][1][safepoint    ] Entering safepoint region: RevokeBias
[2019-12-09T03:23:30.931+0000][1][safepoint    ] Leaving safepoint region
[2019-12-09T03:23:30.931+0000][1][safepoint    ] Total time for which application threads were stopped: 0.0000538 seconds, Stopping threads took: 0.0000101 seconds
[2019-12-09T03:23:30.932+0000][1][safepoint    ] Application time: 0.0009872 seconds
[2019-12-09T03:23:30.932+0000][1][safepoint    ] Entering safepoint region: RevokeBias
[2019-12-09T03:23:30.932+0000][1][safepoint    ] Leaving safepoint region
[2019-12-09T03:23:30.932+0000][1][safepoint    ] Total time for which application threads were stopped: 0.0000576 seconds, Stopping threads took: 0.0000115 seconds
[2019-12-09T03:23:30.932+0000][1][safepoint    ] Application time: 0.0000450 seconds
[2019-12-09T03:23:30.932+0000][1][safepoint    ] Entering safepoint region: RevokeBias
[2019-12-09T03:23:30.932+0000][1][safepoint    ] Leaving safepoint region
[2019-12-09T03:23:30.932+0000][1][safepoint    ] Total time for which application threads were stopped: 0.0000494 seconds, Stopping threads took: 0.0000136 seconds
[2019-12-09T03:23:31.105+0000][1][safepoint    ] Application time: 0.1727495 seconds
[2019-12-09T03:23:31.105+0000][1][safepoint    ] Entering safepoint region: RevokeBias
[2019-12-09T03:23:31.105+0000][1][safepoint    ] Leaving safepoint region
[2019-12-09T03:23:31.105+0000][1][safepoint    ] Total time for which application threads were stopped: 0.0001826 seconds, Stopping threads took: 0.0001072 seconds
[2019-12-09T03:23:31.105+0000][1][safepoint    ] Application time: 0.0002148 seconds
[2019-12-09T03:23:31.105+0000][1][safepoint    ] Entering safepoint region: RevokeBias
[2019-12-09T03:23:31.105+0000][1][safepoint    ] Leaving safepoint region
[2019-12-09T03:23:31.105+0000][1][safepoint    ] Total time for which application threads were stopped: 0.0000644 seconds, Stopping threads took: 0.0000117 seconds
[2019-12-09T03:23:31.156+0000][1][safepoint    ] Application time: 0.0507245 seconds
[2019-12-09T03:23:31.201+0000][1][safepoint    ] Entering safepoint region: RevokeBias
[2019-12-09T03:23:31.201+0000][1][safepoint    ] Leaving safepoint region
[2019-12-09T03:23:31.201+0000][1][safepoint    ] Total time for which application threads were stopped: 0.0451377 seconds, Stopping threads took: 0.0450487 seconds
[2019-12-09T03:23:31.204+0000][1][safepoint    ] Application time: 0.0025940 seconds
[2019-12-09T03:23:31.204+0000][1][safepoint    ] Entering safepoint region: RevokeBias
[2019-12-09T03:23:31.204+0000][1][safepoint    ] Leaving safepoint region
[2019-12-09T03:23:31.204+0000][1][safepoint    ] Total time for which application threads were stopped: 0.0001447 seconds, Stopping threads took: 0.0000404 seconds
[2019-12-09T03:23:31.204+0000][1][safepoint    ] Application time: 0.0005821 seconds
[2019-12-09T03:23:31.205+0000][1][safepoint    ] Entering safepoint region: RevokeBias
[2019-12-09T03:23:31.205+0000][1][safepoint    ] Leaving safepoint region
[2019-12-09T03:23:31.205+0000][1][safepoint    ] Total time for which application threads were stopped: 0.0000917 seconds, Stopping threads took: 0.0000129 seconds
[2019-12-09T03:23:31.205+0000][1][safepoint    ] Application time: 0.0002142 seconds
[2019-12-09T03:23:31.205+0000][1][safepoint    ] Entering safepoint region: RevokeBias
[2019-12-09T03:23:31.205+0000][1][safepoint    ] Leaving safepoint region
[2019-12-09T03:23:31.205+0000][1][safepoint    ] Total time for which application threads were stopped: 0.0000803 seconds, Stopping threads took: 0.0000117 seconds
[2019-12-09T03:23:31.222+0000][1][safepoint    ] Application time: 0.0169680 seconds
[2019-12-09T03:23:31.233+0000][1][safepoint    ] Entering safepoint region: RevokeBias
[2019-12-09T03:23:31.233+0000][1][safepoint    ] Leaving safepoint region
[2019-12-09T03:23:31.233+0000][1][safepoint    ] Total time for which application threads were stopped: 0.0113373 seconds, Stopping threads took: 0.0112520 seconds
[2019-12-09T03:23:31.234+0000][1][safepoint    ] Application time: 0.0003575 seconds
[2019-12-09T03:23:31.234+0000][1][safepoint    ] Entering safepoint region: RevokeBias
[2019-12-09T03:23:31.234+0000][1][safepoint    ] Leaving safepoint region
[2019-12-09T03:23:31.234+0000][1][safepoint    ] Total time for which application threads were stopped: 0.0001283 seconds, Stopping threads took: 0.0000126 seconds
[2019-12-09T03:23:31.253+0000][1][safepoint    ] Application time: 0.0196821 seconds
[2019-12-09T03:23:31.254+0000][1][safepoint    ] Entering safepoint region: RevokeBias
[2019-12-09T03:23:31.254+0000][1][safepoint    ] Leaving safepoint region
[2019-12-09T03:23:31.254+0000][1][safepoint    ] Total time for which application threads were stopped: 0.0002636 seconds, Stopping threads took: 0.0001311 seconds
[2019-12-09T03:23:31.264+0000][1][safepoint    ] Application time: 0.0102770 seconds
[2019-12-09T03:23:31.264+0000][1][safepoint    ] Entering safepoint region: RevokeBias
[2019-12-09T03:23:31.264+0000][1][safepoint    ] Leaving safepoint region
[2019-12-09T03:23:31.264+0000][1][safepoint    ] Total time for which application threads were stopped: 0.0001005 seconds, Stopping threads took: 0.0000225 seconds
[2019-12-09T03:23:31.294+0000][1][safepoint    ] Application time: 0.0294506 seconds
[2019-12-09T03:23:31.295+0000][1][safepoint    ] Entering safepoint region: RevokeBias
[2019-12-09T03:23:31.296+0000][1][safepoint    ] Leaving safepoint region
[2019-12-09T03:23:31.296+0000][1][safepoint    ] Total time for which application threads were stopped: 0.0019286 seconds, Stopping threads took: 0.0018503 seconds
[2019-12-09T03:23:31.298+0000][1][safepoint    ] Application time: 0.0028918 seconds
[2019-12-09T03:23:31.298+0000][1][safepoint    ] Entering safepoint region: RevokeBias
[2019-12-09T03:23:31.299+0000][1][safepoint    ] Leaving safepoint region
[2019-12-09T03:23:31.299+0000][1][safepoint    ] Total time for which application threads were stopped: 0.0000790 seconds, Stopping threads took: 0.0000112 seconds
[2019-12-09T03:23:31.299+0000][1][safepoint    ] Application time: 0.0002865 seconds
[2019-12-09T03:23:31.299+0000][1][safepoint    ] Entering safepoint region: RevokeBias
[2019-12-09T03:23:31.299+0000][1][safepoint    ] Leaving safepoint region
[2019-12-09T03:23:31.299+0000][1][safepoint    ] Total time for which application threads were stopped: 0.0000672 seconds, Stopping threads took: 0.0000111 seconds
[2019-12-09T03:23:31.299+0000][1][safepoint    ] Application time: 0.0000647 seconds
[2019-12-09T03:23:31.299+0000][1][safepoint    ] Entering safepoint region: RevokeBias
[2019-12-09T03:23:31.299+0000][1][safepoint    ] Leaving safepoint region
[2019-12-09T03:23:31.299+0000][1][safepoint    ] Total time for which application threads were stopped: 0.0000793 seconds, Stopping threads took: 0.0000084 seconds
[2019-12-09T03:23:31.309+0000][1][safepoint    ] Application time: 0.0095206 seconds
[2019-12-09T03:23:31.310+0000][1][safepoint    ] Entering safepoint region: RevokeBias
[2019-12-09T03:23:31.310+0000][1][safepoint    ] Leaving safepoint region
[2019-12-09T03:23:31.310+0000][1][safepoint    ] Total time for which application threads were stopped: 0.0014020 seconds, Stopping threads took: 0.0013382 seconds
[2019-12-09T03:23:31.310+0000][1][safepoint    ] Application time: 0.0001298 seconds
[2019-12-09T03:23:31.310+0000][1][safepoint    ] Entering safepoint region: RevokeBias
[2019-12-09T03:23:31.310+0000][1][safepoint    ] Leaving safepoint region
[2019-12-09T03:23:31.310+0000][1][safepoint    ] Total time for which application threads were stopped: 0.0000588 seconds, Stopping threads took: 0.0000098 seconds
[2019-12-09T03:23:31.314+0000][1][safepoint    ] Application time: 0.0036747 seconds
[2019-12-09T03:23:31.314+0000][1][safepoint    ] Entering safepoint region: RevokeBias
[2019-12-09T03:23:31.314+0000][1][safepoint    ] Leaving safepoint region
[2019-12-09T03:23:31.314+0000][1][safepoint    ] Total time for which application threads were stopped: 0.0000606 seconds, Stopping threads took: 0.0000124 seconds
[2019-12-09T03:23:31.317+0000][1][safepoint    ] Application time: 0.0029614 seconds
[2019-12-09T03:23:31.330+0000][1][safepoint    ] Entering safepoint region: RevokeBias
[2019-12-09T03:23:31.330+0000][1][safepoint    ] Leaving safepoint region
[2019-12-09T03:23:31.330+0000][1][safepoint    ] Total time for which application threads were stopped: 0.0129436 seconds, Stopping threads took: 0.0128722 seconds
[2019-12-09T03:23:31.332+0000][1][safepoint    ] Application time: 0.0018041 seconds
[2019-12-09T03:23:31.332+0000][1][safepoint    ] Entering safepoint region: RevokeBias
[2019-12-09T03:23:31.332+0000][1][safepoint    ] Leaving safepoint region
[2019-12-09T03:23:31.332+0000][1][safepoint    ] Total time for which application threads were stopped: 0.0001260 seconds, Stopping threads took: 0.0000112 seconds
[2019-12-09T03:23:31.339+0000][1][safepoint    ] Application time: 0.0072542 seconds
[2019-12-09T03:23:31.339+0000][1][safepoint    ] Entering safepoint region: RevokeBias
[2019-12-09T03:23:31.339+0000][1][safepoint    ] Leaving safepoint region
[2019-12-09T03:23:31.339+0000][1][safepoint    ] Total time for which application threads were stopped: 0.0001265 seconds, Stopping threads took: 0.0000738 seconds
[2019-12-09T03:23:31.343+0000][1][safepoint    ] Application time: 0.0034793 seconds
[2019-12-09T03:23:31.343+0000][1][safepoint    ] Entering safepoint region: RevokeBias
[2019-12-09T03:23:31.343+0000][1][safepoint    ] Leaving safepoint region
[2019-12-09T03:23:31.343+0000][1][safepoint    ] Total time for which application threads were stopped: 0.0000762 seconds, Stopping threads took: 0.0000118 seconds
[2019-12-09T03:23:31.376+0000][1][safepoint    ] Application time: 0.0328163 seconds
[2019-12-09T03:23:31.376+0000][1][safepoint    ] Entering safepoint region: RevokeBias
[2019-12-09T03:23:31.376+0000][1][safepoint    ] Leaving safepoint region
[2019-12-09T03:23:31.376+0000][1][safepoint    ] Total time for which application threads were stopped: 0.0004939 seconds, Stopping threads took: 0.0004263 seconds
[2019-12-09T03:23:31.377+0000][1][safepoint    ] Application time: 0.0005250 seconds
[2019-12-09T03:23:31.377+0000][1][safepoint    ] Entering safepoint region: RevokeBias
[2019-12-09T03:23:31.377+0000][1][safepoint    ] Leaving safepoint region
[2019-12-09T03:23:31.377+0000][1][safepoint    ] Total time for which application threads were stopped: 0.0000717 seconds, Stopping threads took: 0.0000106 seconds
[2019-12-09T03:23:31.380+0000][1][safepoint    ] Application time: 0.0028879 seconds
[2019-12-09T03:23:31.380+0000][1][safepoint    ] Entering safepoint region: RevokeBias
[2019-12-09T03:23:31.380+0000][1][safepoint    ] Leaving safepoint region
[2019-12-09T03:23:31.380+0000][1][safepoint    ] Total time for which application threads were stopped: 0.0000708 seconds, Stopping threads took: 0.0000119 seconds
[2019-12-09T03:23:31.380+0000][1][safepoint    ] Application time: 0.0000999 seconds
[2019-12-09T03:23:31.380+0000][1][safepoint    ] Entering safepoint region: RevokeBias
[2019-12-09T03:23:31.380+0000][1][safepoint    ] Leaving safepoint region
[2019-12-09T03:23:31.380+0000][1][safepoint    ] Total time for which application threads were stopped: 0.0000510 seconds, Stopping threads took: 0.0000087 seconds
[2019-12-09T03:23:31.380+0000][1][safepoint    ] Application time: 0.0000694 seconds
[2019-12-09T03:23:31.380+0000][1][safepoint    ] Entering safepoint region: RevokeBias
[2019-12-09T03:23:31.380+0000][1][safepoint    ] Leaving safepoint region
[2019-12-09T03:23:31.380+0000][1][safepoint    ] Total time for which application threads were stopped: 0.0000490 seconds, Stopping threads took: 0.0000082 seconds
[2019-12-09T03:23:31.388+0000][1][safepoint    ] Application time: 0.0079231 seconds
[2019-12-09T03:23:31.388+0000][1][safepoint    ] Entering safepoint region: RevokeBias
[2019-12-09T03:23:31.388+0000][1][safepoint    ] Leaving safepoint region
[2019-12-09T03:23:31.388+0000][1][safepoint    ] Total time for which application threads were stopped: 0.0000744 seconds, Stopping threads took: 0.0000120 seconds
[2019-12-09T03:23:31.392+0000][1][safepoint    ] Application time: 0.0034434 seconds
[2019-12-09T03:23:31.392+0000][1][safepoint    ] Entering safepoint region: RevokeBias
[2019-12-09T03:23:31.392+0000][1][safepoint    ] Leaving safepoint region
[2019-12-09T03:23:31.392+0000][1][safepoint    ] Total time for which application threads were stopped: 0.0000871 seconds, Stopping threads took: 0.0000123 seconds
[2019-12-09T03:23:31.392+0000][1][safepoint    ] Application time: 0.0003909 seconds
[2019-12-09T03:23:31.392+0000][1][safepoint    ] Entering safepoint region: RevokeBias
[2019-12-09T03:23:31.392+0000][1][safepoint    ] Leaving safepoint region
[2019-12-09T03:23:31.392+0000][1][safepoint    ] Total time for which application threads were stopped: 0.0000581 seconds, Stopping threads took: 0.0000099 seconds
[2019-12-09T03:23:31.449+0000][1][safepoint    ] Application time: 0.0566477 seconds
[2019-12-09T03:23:31.479+0000][1][safepoint    ] Entering safepoint region: RevokeBias
[2019-12-09T03:23:31.479+0000][1][safepoint    ] Leaving safepoint region
[2019-12-09T03:23:31.479+0000][1][safepoint    ] Total time for which application threads were stopped: 0.0301334 seconds, Stopping threads took: 0.0300410 seconds
[2019-12-09T03:23:31.479+0000][1][safepoint    ] Application time: 0.0001458 seconds
[2019-12-09T03:23:31.479+0000][1][safepoint    ] Entering safepoint region: RevokeBias
[2019-12-09T03:23:31.479+0000][1][safepoint    ] Leaving safepoint region
[2019-12-09T03:23:31.479+0000][1][safepoint    ] Total time for which application threads were stopped: 0.0000502 seconds, Stopping threads took: 0.0000097 seconds
[2019-12-09T03:23:31.480+0000][1][safepoint    ] Application time: 0.0004405 seconds
[2019-12-09T03:23:31.480+0000][1][safepoint    ] Entering safepoint region: RevokeBias
[2019-12-09T03:23:31.480+0000][1][safepoint    ] Leaving safepoint region
[2019-12-09T03:23:31.480+0000][1][safepoint    ] Total time for which application threads were stopped: 0.0000820 seconds, Stopping threads took: 0.0000131 seconds
[2019-12-09T03:23:31.485+0000][1][safepoint    ] Application time: 0.0053936 seconds
[2019-12-09T03:23:31.495+0000][1][safepoint    ] Entering safepoint region: RevokeBias
[2019-12-09T03:23:31.495+0000][1][safepoint    ] Leaving safepoint region
[2019-12-09T03:23:31.495+0000][1][safepoint    ] Total time for which application threads were stopped: 0.0097185 seconds, Stopping threads took: 0.0096442 seconds
[2019-12-09T03:23:31.495+0000][1][safepoint    ] Application time: 0.0004495 seconds
[2019-12-09T03:23:31.495+0000][1][safepoint    ] Entering safepoint region: RevokeBias
[2019-12-09T03:23:31.495+0000][1][safepoint    ] Leaving safepoint region
[2019-12-09T03:23:31.495+0000][1][safepoint    ] Total time for which application threads were stopped: 0.0000684 seconds, Stopping threads took: 0.0000112 seconds
[2019-12-09T03:23:31.496+0000][1][safepoint    ] Application time: 0.0007202 seconds
[2019-12-09T03:23:31.496+0000][1][safepoint    ] Entering safepoint region: RevokeBias
[2019-12-09T03:23:31.496+0000][1][safepoint    ] Leaving safepoint region
[2019-12-09T03:23:31.496+0000][1][safepoint    ] Total time for which application threads were stopped: 0.0001068 seconds, Stopping threads took: 0.0000122 seconds
[2019-12-09T03:23:31.496+0000][1][safepoint    ] Application time: 0.0000647 seconds
[2019-12-09T03:23:31.496+0000][1][safepoint    ] Entering safepoint region: RevokeBias
[2019-12-09T03:23:31.497+0000][1][safepoint    ] Leaving safepoint region
[2019-12-09T03:23:31.497+0000][1][safepoint    ] Total time for which application threads were stopped: 0.0000779 seconds, Stopping threads took: 0.0000090 seconds
[2019-12-09T03:23:31.497+0000][1][safepoint    ] Application time: 0.0000609 seconds
[2019-12-09T03:23:31.497+0000][1][safepoint    ] Entering safepoint region: RevokeBias
[2019-12-09T03:23:31.497+0000][1][safepoint    ] Leaving safepoint region
[2019-12-09T03:23:31.497+0000][1][safepoint    ] Total time for which application threads were stopped: 0.0000699 seconds, Stopping threads took: 0.0000099 seconds
[2019-12-09T03:23:31.641+0000][1][safepoint    ] Application time: 0.1441798 seconds
[2019-12-09T03:23:31.641+0000][1][safepoint    ] Entering safepoint region: RevokeBias
[2019-12-09T03:23:31.641+0000][1][safepoint    ] Leaving safepoint region
[2019-12-09T03:23:31.641+0000][1][safepoint    ] Total time for which application threads were stopped: 0.0001878 seconds, Stopping threads took: 0.0000942 seconds
[2019-12-09T03:23:31.642+0000][1][safepoint    ] Application time: 0.0004826 seconds
[2019-12-09T03:23:31.642+0000][1][safepoint    ] Entering safepoint region: RevokeBias
[2019-12-09T03:23:31.642+0000][1][safepoint    ] Leaving safepoint region
[2019-12-09T03:23:31.642+0000][1][safepoint    ] Total time for which application threads were stopped: 0.0000726 seconds, Stopping threads took: 0.0000146 seconds
[2019-12-09T03:23:31.652+0000][1][safepoint    ] Application time: 0.0103064 seconds
[2019-12-09T03:23:31.652+0000][1][safepoint    ] Entering safepoint region: RevokeBias
[2019-12-09T03:23:31.652+0000][1][safepoint    ] Leaving safepoint region
[2019-12-09T03:23:31.652+0000][1][safepoint    ] Total time for which application threads were stopped: 0.0000693 seconds, Stopping threads took: 0.0000136 seconds
[2019-12-09T03:23:31.697+0000][1][safepoint    ] Application time: 0.0449458 seconds
[2019-12-09T03:23:31.697+0000][1][safepoint    ] Entering safepoint region: RevokeBias
[2019-12-09T03:23:31.697+0000][1][safepoint    ] Leaving safepoint region
[2019-12-09T03:23:31.697+0000][1][safepoint    ] Total time for which application threads were stopped: 0.0001362 seconds, Stopping threads took: 0.0000620 seconds
[2019-12-09T03:23:31.698+0000][1][safepoint    ] Application time: 0.0006366 seconds
[2019-12-09T03:23:31.698+0000][1][safepoint    ] Entering safepoint region: RevokeBias
[2019-12-09T03:23:31.698+0000][1][safepoint    ] Leaving safepoint region
[2019-12-09T03:23:31.698+0000][1][safepoint    ] Total time for which application threads were stopped: 0.0000631 seconds, Stopping threads took: 0.0000125 seconds
[2019-12-09T03:23:31.719+0000][1][safepoint    ] Application time: 0.0207036 seconds
[2019-12-09T03:23:31.719+0000][1][safepoint    ] Entering safepoint region: RevokeBias
[2019-12-09T03:23:31.719+0000][1][safepoint    ] Leaving safepoint region
[2019-12-09T03:23:31.719+0000][1][safepoint    ] Total time for which application threads were stopped: 0.0000843 seconds, Stopping threads took: 0.0000138 seconds
[2019-12-09T03:23:31.721+0000][1][safepoint    ] Application time: 0.0022948 seconds
[2019-12-09T03:23:31.721+0000][1][safepoint    ] Entering safepoint region: RevokeBias
[2019-12-09T03:23:31.721+0000][1][safepoint    ] Leaving safepoint region
[2019-12-09T03:23:31.721+0000][1][safepoint    ] Total time for which application threads were stopped: 0.0000537 seconds, Stopping threads took: 0.0000121 seconds
[2019-12-09T03:23:31.909+0000][1][safepoint    ] Application time: 0.1877405 seconds
[2019-12-09T03:23:31.909+0000][1][safepoint    ] Entering safepoint region: RevokeBias
[2019-12-09T03:23:31.909+0000][1][safepoint    ] Leaving safepoint region
[2019-12-09T03:23:31.909+0000][1][safepoint    ] Total time for which application threads were stopped: 0.0001660 seconds, Stopping threads took: 0.0000839 seconds
[2019-12-09T03:23:31.910+0000][1][safepoint    ] Application time: 0.0004434 seconds
[2019-12-09T03:23:31.910+0000][1][safepoint    ] Entering safepoint region: RevokeBias
[2019-12-09T03:23:31.910+0000][1][safepoint    ] Leaving safepoint region
[2019-12-09T03:23:31.910+0000][1][safepoint    ] Total time for which application threads were stopped: 0.0000791 seconds, Stopping threads took: 0.0000134 seconds
[2019-12-09T03:23:31.910+0000][1][safepoint    ] Application time: 0.0005793 seconds
[2019-12-09T03:23:31.910+0000][1][safepoint    ] Entering safepoint region: RevokeBias
[2019-12-09T03:23:31.910+0000][1][safepoint    ] Leaving safepoint region
[2019-12-09T03:23:31.910+0000][1][safepoint    ] Total time for which application threads were stopped: 0.0000709 seconds, Stopping threads took: 0.0000132 seconds
[2019-12-09T03:23:31.943+0000][1][safepoint    ] Application time: 0.0323997 seconds
[2019-12-09T03:23:31.943+0000][1][safepoint    ] Entering safepoint region: RevokeBias
[2019-12-09T03:23:31.943+0000][1][safepoint    ] Leaving safepoint region
[2019-12-09T03:23:31.943+0000][1][safepoint    ] Total time for which application threads were stopped: 0.0001371 seconds, Stopping threads took: 0.0000692 seconds
[2019-12-09T03:23:31.982+0000][1][safepoint    ] Application time: 0.0388664 seconds
[2019-12-09T03:23:31.982+0000][1][safepoint    ] Entering safepoint region: RevokeBias
[2019-12-09T03:23:31.982+0000][1][safepoint    ] Leaving safepoint region
[2019-12-09T03:23:31.982+0000][1][safepoint    ] Total time for which application threads were stopped: 0.0001587 seconds, Stopping threads took: 0.0000696 seconds
[2019-12-09T03:23:31.987+0000][1][safepoint    ] Application time: 0.0049792 seconds
[2019-12-09T03:23:31.987+0000][1][safepoint    ] Entering safepoint region: RevokeBias
[2019-12-09T03:23:31.987+0000][1][safepoint    ] Leaving safepoint region
[2019-12-09T03:23:31.987+0000][1][safepoint    ] Total time for which application threads were stopped: 0.0000860 seconds, Stopping threads took: 0.0000153 seconds
[2019-12-09T03:23:31.995+0000][1][safepoint    ] Application time: 0.0077243 seconds
[2019-12-09T03:23:31.995+0000][1][safepoint    ] Entering safepoint region: RevokeBias
[2019-12-09T03:23:31.995+0000][1][safepoint    ] Leaving safepoint region
[2019-12-09T03:23:31.995+0000][1][safepoint    ] Total time for which application threads were stopped: 0.0001267 seconds, Stopping threads took: 0.0000245 seconds
[2019-12-09T03:23:31.995+0000][1][safepoint    ] Application time: 0.0005052 seconds
[2019-12-09T03:23:31.995+0000][1][safepoint    ] Entering safepoint region: RevokeBias
[2019-12-09T03:23:31.996+0000][1][safepoint    ] Leaving safepoint region
[2019-12-09T03:23:31.996+0000][1][safepoint    ] Total time for which application threads were stopped: 0.0001035 seconds, Stopping threads took: 0.0000121 seconds
[2019-12-09T03:23:31.997+0000][1][safepoint    ] Application time: 0.0010398 seconds
[2019-12-09T03:23:31.997+0000][1][safepoint    ] Entering safepoint region: RevokeBias
[2019-12-09T03:23:31.997+0000][1][safepoint    ] Leaving safepoint region
[2019-12-09T03:23:31.997+0000][1][safepoint    ] Total time for which application threads were stopped: 0.0001024 seconds, Stopping threads took: 0.0000116 seconds
[2019-12-09T03:23:31.997+0000][1][safepoint    ] Application time: 0.0004064 seconds
[2019-12-09T03:23:31.997+0000][1][safepoint    ] Entering safepoint region: RevokeBias
[2019-12-09T03:23:31.997+0000][1][safepoint    ] Leaving safepoint region
[2019-12-09T03:23:31.997+0000][1][safepoint    ] Total time for which application threads were stopped: 0.0000646 seconds, Stopping threads took: 0.0000107 seconds
[2019-12-09T03:23:31.997+0000][1][safepoint    ] Application time: 0.0002689 seconds
[2019-12-09T03:23:31.998+0000][1][safepoint    ] Entering safepoint region: RevokeBias
[2019-12-09T03:23:31.998+0000][1][safepoint    ] Leaving safepoint region
[2019-12-09T03:23:31.998+0000][1][safepoint    ] Total time for which application threads were stopped: 0.0000495 seconds, Stopping threads took: 0.0000097 seconds
[2019-12-09T03:23:31.998+0000][1][safepoint    ] Application time: 0.0000560 seconds
[2019-12-09T03:23:31.998+0000][1][safepoint    ] Entering safepoint region: RevokeBias
[2019-12-09T03:23:31.998+0000][1][safepoint    ] Leaving safepoint region
[2019-12-09T03:23:31.998+0000][1][safepoint    ] Total time for which application threads were stopped: 0.0000409 seconds, Stopping threads took: 0.0000082 seconds
[2019-12-09T03:23:31.998+0000][1][safepoint    ] Application time: 0.0000668 seconds
[2019-12-09T03:23:31.998+0000][1][safepoint    ] Entering safepoint region: RevokeBias
[2019-12-09T03:23:31.998+0000][1][safepoint    ] Leaving safepoint region
[2019-12-09T03:23:31.998+0000][1][safepoint    ] Total time for which application threads were stopped: 0.0000417 seconds, Stopping threads took: 0.0000084 seconds
[2019-12-09T03:23:32.000+0000][1][safepoint    ] Application time: 0.0017307 seconds
[2019-12-09T03:23:32.000+0000][1][safepoint    ] Entering safepoint region: RevokeBias
[2019-12-09T03:23:32.000+0000][1][safepoint    ] Leaving safepoint region
[2019-12-09T03:23:32.000+0000][1][safepoint    ] Total time for which application threads were stopped: 0.0000537 seconds, Stopping threads took: 0.0000115 seconds
[2019-12-09T03:23:32.074+0000][1][safepoint    ] Application time: 0.0743303 seconds
[2019-12-09T03:23:32.074+0000][1][safepoint    ] Entering safepoint region: RevokeBias
[2019-12-09T03:23:32.074+0000][1][safepoint    ] Leaving safepoint region
[2019-12-09T03:23:32.074+0000][1][safepoint    ] Total time for which application threads were stopped: 0.0000854 seconds, Stopping threads took: 0.0000171 seconds
[2019-12-09T03:23:32.103+0000][1][safepoint    ] Application time: 0.0294192 seconds
[2019-12-09T03:23:32.104+0000][1][safepoint    ] Entering safepoint region: RevokeBias
[2019-12-09T03:23:32.104+0000][1][safepoint    ] Leaving safepoint region
[2019-12-09T03:23:32.104+0000][1][safepoint    ] Total time for which application threads were stopped: 0.0000824 seconds, Stopping threads took: 0.0000164 seconds
[2019-12-09T03:23:32.608+0000][1][safepoint    ] Application time: 0.5041472 seconds
[2019-12-09T03:23:32.608+0000][1][safepoint    ] Entering safepoint region: RevokeBias
[2019-12-09T03:23:32.608+0000][1][safepoint    ] Leaving safepoint region
[2019-12-09T03:23:32.608+0000][1][safepoint    ] Total time for which application threads were stopped: 0.0000815 seconds, Stopping threads took: 0.0000171 seconds
[2019-12-09T03:23:32.608+0000][1][safepoint    ] Application time: 0.0003996 seconds
[2019-12-09T03:23:32.608+0000][1][safepoint    ] Entering safepoint region: RevokeBias
[2019-12-09T03:23:32.608+0000][1][safepoint    ] Leaving safepoint region
[2019-12-09T03:23:32.608+0000][1][safepoint    ] Total time for which application threads were stopped: 0.0000552 seconds, Stopping threads took: 0.0000115 seconds
[2019-12-09T03:23:32.907+0000][1][safepoint    ] Application time: 0.2986450 seconds
[2019-12-09T03:23:32.907+0000][1][safepoint    ] Entering safepoint region: RevokeBias
[2019-12-09T03:23:32.907+0000][1][safepoint    ] Leaving safepoint region
[2019-12-09T03:23:32.907+0000][1][safepoint    ] Total time for which application threads were stopped: 0.0001891 seconds, Stopping threads took: 0.0001085 seconds
[2019-12-09T03:23:32.908+0000][1][safepoint    ] Application time: 0.0005770 seconds
[2019-12-09T03:23:32.908+0000][1][safepoint    ] Entering safepoint region: RevokeBias
[2019-12-09T03:23:32.908+0000][1][safepoint    ] Leaving safepoint region
[2019-12-09T03:23:32.908+0000][1][safepoint    ] Total time for which application threads were stopped: 0.0001314 seconds, Stopping threads took: 0.0000611 seconds
[2019-12-09T03:23:32.908+0000][1][safepoint    ] Application time: 0.0004053 seconds
[2019-12-09T03:23:32.908+0000][1][safepoint    ] Entering safepoint region: RevokeBias
[2019-12-09T03:23:32.908+0000][1][safepoint    ] Leaving safepoint region
[2019-12-09T03:23:32.908+0000][1][safepoint    ] Total time for which application threads were stopped: 0.0000670 seconds, Stopping threads took: 0.0000129 seconds
[2019-12-09T03:23:32.911+0000][1][safepoint    ] Application time: 0.0024275 seconds
[2019-12-09T03:23:32.911+0000][1][safepoint    ] Entering safepoint region: RevokeBias
[2019-12-09T03:23:32.911+0000][1][safepoint    ] Leaving safepoint region
[2019-12-09T03:23:32.911+0000][1][safepoint    ] Total time for which application threads were stopped: 0.0003430 seconds, Stopping threads took: 0.0002765 seconds
[2019-12-09T03:23:32.912+0000][1][safepoint    ] Application time: 0.0004658 seconds
[2019-12-09T03:23:32.912+0000][1][safepoint    ] Entering safepoint region: RevokeBias
[2019-12-09T03:23:32.912+0000][1][safepoint    ] Leaving safepoint region
[2019-12-09T03:23:32.912+0000][1][safepoint    ] Total time for which application threads were stopped: 0.0003083 seconds, Stopping threads took: 0.0000100 seconds
[2019-12-09T03:23:32.913+0000][1][safepoint    ] Application time: 0.0006772 seconds
[2019-12-09T03:23:32.913+0000][1][safepoint    ] Entering safepoint region: RevokeBias
[2019-12-09T03:23:32.913+0000][1][safepoint    ] Leaving safepoint region
[2019-12-09T03:23:32.913+0000][1][safepoint    ] Total time for which application threads were stopped: 0.0001012 seconds, Stopping threads took: 0.0000130 seconds
[2019-12-09T03:23:32.919+0000][1][safepoint    ] Application time: 0.0059241 seconds
[2019-12-09T03:23:32.919+0000][1][safepoint    ] Entering safepoint region: RevokeBias
[2019-12-09T03:23:32.919+0000][1][safepoint    ] Leaving safepoint region
[2019-12-09T03:23:32.919+0000][1][safepoint    ] Total time for which application threads were stopped: 0.0000640 seconds, Stopping threads took: 0.0000127 seconds
[2019-12-09T03:23:32.948+0000][1][safepoint    ] Application time: 0.0294734 seconds
[2019-12-09T03:23:32.948+0000][1][safepoint    ] Entering safepoint region: RevokeBias
[2019-12-09T03:23:32.948+0000][1][safepoint    ] Leaving safepoint region
[2019-12-09T03:23:32.948+0000][1][safepoint    ] Total time for which application threads were stopped: 0.0001124 seconds, Stopping threads took: 0.0000696 seconds
[2019-12-09T03:23:32.957+0000][1][safepoint    ] Application time: 0.0089631 seconds
[2019-12-09T03:23:32.958+0000][1][safepoint    ] Entering safepoint region: RevokeBias
[2019-12-09T03:23:32.958+0000][1][safepoint    ] Leaving safepoint region
[2019-12-09T03:23:32.958+0000][1][safepoint    ] Total time for which application threads were stopped: 0.0000987 seconds, Stopping threads took: 0.0000581 seconds
[2019-12-09T03:23:32.958+0000][1][safepoint    ] Application time: 0.0005169 seconds
[2019-12-09T03:23:32.958+0000][1][safepoint    ] Entering safepoint region: RevokeBias
[2019-12-09T03:23:32.958+0000][1][safepoint    ] Leaving safepoint region
[2019-12-09T03:23:32.958+0000][1][safepoint    ] Total time for which application threads were stopped: 0.0000475 seconds, Stopping threads took: 0.0000106 seconds
[2019-12-09T03:23:33.176+0000][1][safepoint    ] Application time: 0.2181459 seconds
[2019-12-09T03:23:33.176+0000][1][safepoint    ] Entering safepoint region: RevokeBias
[2019-12-09T03:23:33.176+0000][1][safepoint    ] Leaving safepoint region
[2019-12-09T03:23:33.176+0000][1][safepoint    ] Total time for which application threads were stopped: 0.0000948 seconds, Stopping threads took: 0.0000177 seconds
[2019-12-09T03:23:33.201+0000][1][safepoint    ] Application time: 0.0250049 seconds
[2019-12-09T03:23:33.201+0000][1][safepoint    ] Entering safepoint region: RevokeBias
[2019-12-09T03:23:33.202+0000][1][safepoint    ] Leaving safepoint region
[2019-12-09T03:23:33.202+0000][1][safepoint    ] Total time for which application threads were stopped: 0.0000804 seconds, Stopping threads took: 0.0000167 seconds
[2019-12-09T03:23:33.217+0000][1][safepoint    ] Application time: 0.0156314 seconds
[2019-12-09T03:23:33.217+0000][1][safepoint    ] Entering safepoint region: RevokeBias
[2019-12-09T03:23:33.217+0000][1][safepoint    ] Leaving safepoint region
[2019-12-09T03:23:33.217+0000][1][safepoint    ] Total time for which application threads were stopped: 0.0000717 seconds, Stopping threads took: 0.0000160 seconds
[2019-12-09T03:23:33.218+0000][1][safepoint    ] Application time: 0.0003607 seconds
[2019-12-09T03:23:33.218+0000][1][safepoint    ] Entering safepoint region: RevokeBias
[2019-12-09T03:23:33.218+0000][1][safepoint    ] Leaving safepoint region
[2019-12-09T03:23:33.218+0000][1][safepoint    ] Total time for which application threads were stopped: 0.0000793 seconds, Stopping threads took: 0.0000321 seconds
[2019-12-09T03:23:33.376+0000][1][safepoint    ] Application time: 0.1585671 seconds
[2019-12-09T03:23:33.376+0000][1][safepoint    ] Entering safepoint region: RevokeBias
[2019-12-09T03:23:33.376+0000][1][safepoint    ] Leaving safepoint region
[2019-12-09T03:23:33.376+0000][1][safepoint    ] Total time for which application threads were stopped: 0.0000915 seconds, Stopping threads took: 0.0000165 seconds
[2019-12-09T03:23:33.480+0000][1][safepoint    ] Application time: 0.1037563 seconds
[2019-12-09T03:23:33.480+0000][1][safepoint    ] Entering safepoint region: RevokeBias
[2019-12-09T03:23:33.480+0000][1][safepoint    ] Leaving safepoint region
[2019-12-09T03:23:33.480+0000][1][safepoint    ] Total time for which application threads were stopped: 0.0000889 seconds, Stopping threads took: 0.0000179 seconds
[2019-12-09T03:23:33.498+0000][1][safepoint    ] Application time: 0.0176581 seconds
[2019-12-09T03:23:33.498+0000][1][safepoint    ] Entering safepoint region: RevokeBias
[2019-12-09T03:23:33.498+0000][1][safepoint    ] Leaving safepoint region
[2019-12-09T03:23:33.498+0000][1][safepoint    ] Total time for which application threads were stopped: 0.0000844 seconds, Stopping threads took: 0.0000158 seconds
[2019-12-09T03:23:33.594+0000][1][safepoint    ] Application time: 0.0957685 seconds
[2019-12-09T03:23:33.594+0000][1][safepoint    ] Entering safepoint region: BulkRevokeBias
[2019-12-09T03:23:33.594+0000][1][safepoint    ] Leaving safepoint region
[2019-12-09T03:23:33.594+0000][1][safepoint    ] Total time for which application threads were stopped: 0.0003940 seconds, Stopping threads took: 0.0000531 seconds
[2019-12-09T03:23:33.595+0000][1][safepoint    ] Application time: 0.0003983 seconds
[2019-12-09T03:23:33.595+0000][1][safepoint    ] Entering safepoint region: RevokeBias
[2019-12-09T03:23:33.595+0000][1][safepoint    ] Leaving safepoint region
[2019-12-09T03:23:33.595+0000][1][safepoint    ] Total time for which application threads were stopped: 0.0001138 seconds, Stopping threads took: 0.0000123 seconds
[2019-12-09T03:23:33.595+0000][1][safepoint    ] Application time: 0.0004832 seconds
[2019-12-09T03:23:33.595+0000][1][safepoint    ] Entering safepoint region: RevokeBias
[2019-12-09T03:23:33.595+0000][1][safepoint    ] Leaving safepoint region
[2019-12-09T03:23:33.595+0000][1][safepoint    ] Total time for which application threads were stopped: 0.0001117 seconds, Stopping threads took: 0.0000114 seconds
[2019-12-09T03:23:33.597+0000][1][safepoint    ] Application time: 0.0019844 seconds
[2019-12-09T03:23:33.597+0000][1][safepoint    ] Entering safepoint region: RevokeBias
[2019-12-09T03:23:33.598+0000][1][safepoint    ] Leaving safepoint region
[2019-12-09T03:23:33.598+0000][1][safepoint    ] Total time for which application threads were stopped: 0.0000656 seconds, Stopping threads took: 0.0000118 seconds
[2019-12-09T03:23:33.598+0000][1][safepoint    ] Application time: 0.0003750 seconds
[2019-12-09T03:23:33.598+0000][1][safepoint    ] Entering safepoint region: RevokeBias
[2019-12-09T03:23:33.598+0000][1][safepoint    ] Leaving safepoint region
[2019-12-09T03:23:33.598+0000][1][safepoint    ] Total time for which application threads were stopped: 0.0000732 seconds, Stopping threads took: 0.0000115 seconds
[2019-12-09T03:23:33.598+0000][1][safepoint    ] Application time: 0.0003976 seconds
[2019-12-09T03:23:33.598+0000][1][safepoint    ] Entering safepoint region: RevokeBias
[2019-12-09T03:23:33.599+0000][1][safepoint    ] Leaving safepoint region
[2019-12-09T03:23:33.599+0000][1][safepoint    ] Total time for which application threads were stopped: 0.0000700 seconds, Stopping threads took: 0.0000097 seconds
[2019-12-09T03:23:33.599+0000][1][safepoint    ] Application time: 0.0005140 seconds
[2019-12-09T03:23:33.599+0000][1][safepoint    ] Entering safepoint region: RevokeBias
[2019-12-09T03:23:33.599+0000][1][safepoint    ] Leaving safepoint region
[2019-12-09T03:23:33.599+0000][1][safepoint    ] Total time for which application threads were stopped: 0.0000687 seconds, Stopping threads took: 0.0000097 seconds
[2019-12-09T03:23:33.600+0000][1][safepoint    ] Application time: 0.0004757 seconds
[2019-12-09T03:23:33.600+0000][1][safepoint    ] Entering safepoint region: RevokeBias
[2019-12-09T03:23:33.600+0000][1][safepoint    ] Leaving safepoint region
[2019-12-09T03:23:33.600+0000][1][safepoint    ] Total time for which application threads were stopped: 0.0000869 seconds, Stopping threads took: 0.0000103 seconds
[2019-12-09T03:23:33.600+0000][1][safepoint    ] Application time: 0.0006235 seconds
[2019-12-09T03:23:33.600+0000][1][safepoint    ] Entering safepoint region: RevokeBias
[2019-12-09T03:23:33.600+0000][1][safepoint    ] Leaving safepoint region
[2019-12-09T03:23:33.600+0000][1][safepoint    ] Total time for which application threads were stopped: 0.0000820 seconds, Stopping threads took: 0.0000122 seconds
[2019-12-09T03:23:33.601+0000][1][safepoint    ] Application time: 0.0008101 seconds
[2019-12-09T03:23:33.601+0000][1][safepoint    ] Entering safepoint region: RevokeBias
[2019-12-09T03:23:33.602+0000][1][safepoint    ] Leaving safepoint region
[2019-12-09T03:23:33.602+0000][1][safepoint    ] Total time for which application threads were stopped: 0.0002680 seconds, Stopping threads took: 0.0000124 seconds
[2019-12-09T03:23:33.603+0000][1][safepoint    ] Application time: 0.0009429 seconds
[2019-12-09T03:23:33.603+0000][1][safepoint    ] Entering safepoint region: RevokeBias
[2019-12-09T03:23:33.603+0000][1][safepoint    ] Leaving safepoint region
[2019-12-09T03:23:33.603+0000][1][safepoint    ] Total time for which application threads were stopped: 0.0000740 seconds, Stopping threads took: 0.0000134 seconds
[2019-12-09T03:23:33.603+0000][1][safepoint    ] Application time: 0.0001990 seconds
[2019-12-09T03:23:33.603+0000][1][safepoint    ] Entering safepoint region: RevokeBias
[2019-12-09T03:23:33.603+0000][1][safepoint    ] Leaving safepoint region
[2019-12-09T03:23:33.603+0000][1][safepoint    ] Total time for which application threads were stopped: 0.0000569 seconds, Stopping threads took: 0.0000109 seconds
[2019-12-09T03:23:33.615+0000][1][safepoint    ] Application time: 0.0123059 seconds
[2019-12-09T03:23:33.615+0000][1][safepoint    ] Entering safepoint region: BulkRevokeBias
[2019-12-09T03:23:33.615+0000][1][safepoint    ] Leaving safepoint region
[2019-12-09T03:23:33.616+0000][1][safepoint    ] Total time for which application threads were stopped: 0.0002817 seconds, Stopping threads took: 0.0000129 seconds
[2019-12-09T03:23:33.908+0000][1][safepoint    ] Application time: 0.2928353 seconds
[2019-12-09T03:23:33.908+0000][1][safepoint    ] Entering safepoint region: RevokeBias
[2019-12-09T03:23:33.909+0000][1][safepoint    ] Leaving safepoint region
[2019-12-09T03:23:33.909+0000][1][safepoint    ] Total time for which application threads were stopped: 0.0001568 seconds, Stopping threads took: 0.0000710 seconds
[2019-12-09T03:23:33.909+0000][1][safepoint    ] Application time: 0.0008416 seconds
[2019-12-09T03:23:33.909+0000][1][safepoint    ] Entering safepoint region: RevokeBias
[2019-12-09T03:23:33.909+0000][1][safepoint    ] Leaving safepoint region
[2019-12-09T03:23:33.909+0000][1][safepoint    ] Total time for which application threads were stopped: 0.0000824 seconds, Stopping threads took: 0.0000130 seconds
[2019-12-09T03:23:33.929+0000][1][safepoint    ] Application time: 0.0193588 seconds
[2019-12-09T03:23:33.932+0000][1][safepoint    ] Entering safepoint region: RevokeBias
[2019-12-09T03:23:33.932+0000][1][safepoint    ] Leaving safepoint region
[2019-12-09T03:23:33.932+0000][1][safepoint    ] Total time for which application threads were stopped: 0.0034478 seconds, Stopping threads took: 0.0033843 seconds
[2019-12-09T03:23:33.933+0000][1][safepoint    ] Application time: 0.0004229 seconds
[2019-12-09T03:23:33.933+0000][1][safepoint    ] Entering safepoint region: RevokeBias
[2019-12-09T03:23:33.933+0000][1][safepoint    ] Leaving safepoint region
[2019-12-09T03:23:33.933+0000][1][safepoint    ] Total time for which application threads were stopped: 0.0000691 seconds, Stopping threads took: 0.0000135 seconds
[2019-12-09T03:23:34.102+0000][1][safepoint    ] Application time: 0.1691423 seconds
[2019-12-09T03:23:34.102+0000][1][safepoint    ] Entering safepoint region: RevokeBias
[2019-12-09T03:23:34.102+0000][1][safepoint    ] Leaving safepoint region
[2019-12-09T03:23:34.102+0000][1][safepoint    ] Total time for which application threads were stopped: 0.0001931 seconds, Stopping threads took: 0.0001124 seconds
[2019-12-09T03:23:34.120+0000][1][safepoint    ] Application time: 0.0174891 seconds
[2019-12-09T03:23:34.120+0000][1][safepoint    ] Entering safepoint region: RevokeBias
[2019-12-09T03:23:34.120+0000][1][safepoint    ] Leaving safepoint region
[2019-12-09T03:23:34.120+0000][1][safepoint    ] Total time for which application threads were stopped: 0.0004817 seconds, Stopping threads took: 0.0004169 seconds
[2019-12-09T03:23:34.150+0000][1][safepoint    ] Application time: 0.0293070 seconds
[2019-12-09T03:23:34.150+0000][1][safepoint    ] Entering safepoint region: RevokeBias
[2019-12-09T03:23:34.150+0000][1][safepoint    ] Leaving safepoint region
[2019-12-09T03:23:34.150+0000][1][safepoint    ] Total time for which application threads were stopped: 0.0000899 seconds, Stopping threads took: 0.0000172 seconds
[2019-12-09T03:23:34.169+0000][1][safepoint    ] Application time: 0.0195995 seconds
[2019-12-09T03:23:34.169+0000][1][safepoint    ] Entering safepoint region: RevokeBias
[2019-12-09T03:23:34.169+0000][1][safepoint    ] Leaving safepoint region
[2019-12-09T03:23:34.169+0000][1][safepoint    ] Total time for which application threads were stopped: 0.0000908 seconds, Stopping threads took: 0.0000178 seconds
[2019-12-09T03:23:34.511+0000][1][safepoint    ] Application time: 0.3417531 seconds
[2019-12-09T03:23:34.511+0000][1][safepoint    ] Entering safepoint region: RevokeBias
[2019-12-09T03:23:34.511+0000][1][safepoint    ] Leaving safepoint region
[2019-12-09T03:23:34.511+0000][1][safepoint    ] Total time for which application threads were stopped: 0.0000877 seconds, Stopping threads took: 0.0000176 seconds
[2019-12-09T03:23:34.671+0000][1][safepoint    ] Application time: 0.1600355 seconds
[2019-12-09T03:23:34.671+0000][1][safepoint    ] Entering safepoint region: RevokeBias
[2019-12-09T03:23:34.671+0000][1][safepoint    ] Leaving safepoint region
[2019-12-09T03:23:34.671+0000][1][safepoint    ] Total time for which application threads were stopped: 0.0000870 seconds, Stopping threads took: 0.0000185 seconds
[2019-12-09T03:23:34.983+0000][1][safepoint    ] Application time: 0.3116625 seconds
[2019-12-09T03:23:34.983+0000][1][safepoint    ] Entering safepoint region: RevokeBias
[2019-12-09T03:23:34.983+0000][1][safepoint    ] Leaving safepoint region
[2019-12-09T03:23:34.983+0000][1][safepoint    ] Total time for which application threads were stopped: 0.0002316 seconds, Stopping threads took: 0.0001521 seconds
[2019-12-09T03:23:34.984+0000][1][safepoint    ] Application time: 0.0005467 seconds
[2019-12-09T03:23:34.984+0000][1][safepoint    ] Entering safepoint region: RevokeBias
[2019-12-09T03:23:34.984+0000][1][safepoint    ] Leaving safepoint region
[2019-12-09T03:23:34.984+0000][1][safepoint    ] Total time for which application threads were stopped: 0.0000763 seconds, Stopping threads took: 0.0000142 seconds
[2019-12-09T03:23:35.014+0000][1][safepoint    ] Application time: 0.0299409 seconds
[2019-12-09T03:23:35.027+0000][1][safepoint    ] Entering safepoint region: RevokeBias
[2019-12-09T03:23:35.027+0000][1][safepoint    ] Leaving safepoint region
[2019-12-09T03:23:35.027+0000][1][safepoint    ] Total time for which application threads were stopped: 0.0128268 seconds, Stopping threads took: 0.0127454 seconds
[2019-12-09T03:23:35.051+0000][1][safepoint    ] Application time: 0.0239551 seconds
[2019-12-09T03:23:35.107+0000][1][safepoint    ] Entering safepoint region: RevokeBias
[2019-12-09T03:23:35.108+0000][1][safepoint    ] Leaving safepoint region
[2019-12-09T03:23:35.108+0000][1][safepoint    ] Total time for which application threads were stopped: 0.0567997 seconds, Stopping threads took: 0.0567050 seconds
[2019-12-09T03:23:35.108+0000][1][safepoint    ] Application time: 0.0003016 seconds
[2019-12-09T03:23:35.108+0000][1][safepoint    ] Entering safepoint region: RevokeBias
[2019-12-09T03:23:35.108+0000][1][safepoint    ] Leaving safepoint region
[2019-12-09T03:23:35.108+0000][1][safepoint    ] Total time for which application threads were stopped: 0.0001164 seconds, Stopping threads took: 0.0000562 seconds
[2019-12-09T03:23:35.219+0000][1][safepoint    ] Application time: 0.1107537 seconds
[2019-12-09T03:23:35.219+0000][1][safepoint    ] Entering safepoint region: RevokeBias
[2019-12-09T03:23:35.219+0000][1][safepoint    ] Leaving safepoint region
[2019-12-09T03:23:35.219+0000][1][safepoint    ] Total time for which application threads were stopped: 0.0001758 seconds, Stopping threads took: 0.0000881 seconds
[2019-12-09T03:23:35.222+0000][1][safepoint    ] Application time: 0.0032081 seconds
[2019-12-09T03:23:35.222+0000][1][safepoint    ] Entering safepoint region: RevokeBias
[2019-12-09T03:23:35.222+0000][1][safepoint    ] Leaving safepoint region
[2019-12-09T03:23:35.222+0000][1][safepoint    ] Total time for which application threads were stopped: 0.0001310 seconds, Stopping threads took: 0.0000613 seconds
[2019-12-09T03:23:35.233+0000][1][safepoint    ] Application time: 0.0104739 seconds
[2019-12-09T03:23:35.233+0000][1][safepoint    ] Entering safepoint region: RevokeBias
[2019-12-09T03:23:35.233+0000][1][safepoint    ] Leaving safepoint region
[2019-12-09T03:23:35.233+0000][1][safepoint    ] Total time for which application threads were stopped: 0.0000619 seconds, Stopping threads took: 0.0000133 seconds
[2019-12-09T03:23:35.304+0000][1][safepoint    ] Application time: 0.0707282 seconds
[2019-12-09T03:23:35.304+0000][1][safepoint    ] Entering safepoint region: RevokeBias
[2019-12-09T03:23:35.304+0000][1][safepoint    ] Leaving safepoint region
[2019-12-09T03:23:35.304+0000][1][safepoint    ] Total time for which application threads were stopped: 0.0001038 seconds, Stopping threads took: 0.0000183 seconds
[2019-12-09T03:23:35.304+0000][1][safepoint    ] Application time: 0.0000900 seconds
[2019-12-09T03:23:35.304+0000][1][safepoint    ] Entering safepoint region: BulkRevokeBias
[2019-12-09T03:23:35.304+0000][1][safepoint    ] Leaving safepoint region
[2019-12-09T03:23:35.304+0000][1][safepoint    ] Total time for which application threads were stopped: 0.0003355 seconds, Stopping threads took: 0.0000091 seconds
[2019-12-09T03:23:35.455+0000][1][safepoint    ] Application time: 0.1506875 seconds
[2019-12-09T03:23:35.455+0000][1][safepoint    ] Entering safepoint region: RevokeBias
[2019-12-09T03:23:35.455+0000][1][safepoint    ] Leaving safepoint region
[2019-12-09T03:23:35.455+0000][1][safepoint    ] Total time for which application threads were stopped: 0.0001115 seconds, Stopping threads took: 0.0000189 seconds
[2019-12-09T03:23:35.458+0000][1][safepoint    ] Application time: 0.0027227 seconds
[2019-12-09T03:23:35.458+0000][1][safepoint    ] Entering safepoint region: RevokeBias
[2019-12-09T03:23:35.458+0000][1][safepoint    ] Leaving safepoint region
[2019-12-09T03:23:35.458+0000][1][safepoint    ] Total time for which application threads were stopped: 0.0000904 seconds, Stopping threads took: 0.0000180 seconds
[2019-12-09T03:23:35.944+0000][1][safepoint    ] Application time: 0.4855777 seconds
[2019-12-09T03:23:35.944+0000][1][safepoint    ] Entering safepoint region: RevokeBias
[2019-12-09T03:23:35.944+0000][1][safepoint    ] Leaving safepoint region
[2019-12-09T03:23:35.944+0000][1][safepoint    ] Total time for which application threads were stopped: 0.0001201 seconds, Stopping threads took: 0.0000177 seconds
[2019-12-09T03:23:35.945+0000][1][safepoint    ] Application time: 0.0013117 seconds
[2019-12-09T03:23:35.945+0000][1][safepoint    ] Entering safepoint region: RevokeBias
[2019-12-09T03:23:35.945+0000][1][safepoint    ] Leaving safepoint region
[2019-12-09T03:23:35.945+0000][1][safepoint    ] Total time for which application threads were stopped: 0.0000932 seconds, Stopping threads took: 0.0000141 seconds
[2019-12-09T03:23:35.946+0000][1][safepoint    ] Application time: 0.0008788 seconds
[2019-12-09T03:23:35.946+0000][1][safepoint    ] Entering safepoint region: RevokeBias
[2019-12-09T03:23:35.946+0000][1][safepoint    ] Leaving safepoint region
[2019-12-09T03:23:35.946+0000][1][safepoint    ] Total time for which application threads were stopped: 0.0000680 seconds, Stopping threads took: 0.0000124 seconds
[2019-12-09T03:23:35.964+0000][1][safepoint    ] Application time: 0.0181469 seconds
[2019-12-09T03:23:35.964+0000][1][safepoint    ] Entering safepoint region: RevokeBias
[2019-12-09T03:23:35.964+0000][1][safepoint    ] Leaving safepoint region
[2019-12-09T03:23:35.964+0000][1][safepoint    ] Total time for which application threads were stopped: 0.0001177 seconds, Stopping threads took: 0.0000579 seconds
[2019-12-09T03:23:35.977+0000][1][safepoint    ] Application time: 0.0125870 seconds
[2019-12-09T03:23:35.977+0000][1][safepoint    ] Entering safepoint region: BulkRevokeBias
[2019-12-09T03:23:35.977+0000][1][safepoint    ] Leaving safepoint region
[2019-12-09T03:23:35.977+0000][1][safepoint    ] Total time for which application threads were stopped: 0.0003501 seconds, Stopping threads took: 0.0000182 seconds
[2019-12-09T03:23:36.342+0000][1][safepoint    ] Application time: 0.3648721 seconds
[2019-12-09T03:23:36.386+0000][1][safepoint    ] Entering safepoint region: RevokeBias
[2019-12-09T03:23:36.386+0000][1][safepoint    ] Leaving safepoint region
[2019-12-09T03:23:36.386+0000][1][safepoint    ] Total time for which application threads were stopped: 0.0435285 seconds, Stopping threads took: 0.0434105 seconds
[2019-12-09T03:23:36.386+0000][1][safepoint    ] Application time: 0.0005432 seconds
[2019-12-09T03:23:36.386+0000][1][safepoint    ] Entering safepoint region: RevokeBias
[2019-12-09T03:23:36.387+0000][1][safepoint    ] Leaving safepoint region
[2019-12-09T03:23:36.387+0000][1][safepoint    ] Total time for which application threads were stopped: 0.0000950 seconds, Stopping threads took: 0.0000174 seconds
[2019-12-09T03:23:36.414+0000][1][safepoint    ] Application time: 0.0272193 seconds
[2019-12-09T03:23:36.414+0000][1][safepoint    ] Entering safepoint region: RevokeBias
[2019-12-09T03:23:36.414+0000][1][safepoint    ] Leaving safepoint region
[2019-12-09T03:23:36.414+0000][1][safepoint    ] Total time for which application threads were stopped: 0.0001305 seconds, Stopping threads took: 0.0000535 seconds
[2019-12-09T03:23:36.414+0000][1][safepoint    ] Application time: 0.0001675 seconds
[2019-12-09T03:23:36.414+0000][1][safepoint    ] Entering safepoint region: RevokeBias
[2019-12-09T03:23:36.414+0000][1][safepoint    ] Leaving safepoint region
[2019-12-09T03:23:36.414+0000][1][safepoint    ] Total time for which application threads were stopped: 0.0003970 seconds, Stopping threads took: 0.0000094 seconds
[2019-12-09T03:23:36.423+0000][1][safepoint    ] Application time: 0.0081372 seconds
[2019-12-09T03:23:36.432+0000][1][safepoint    ] Entering safepoint region: RevokeBias
[2019-12-09T03:23:36.432+0000][1][safepoint    ] Leaving safepoint region
[2019-12-09T03:23:36.432+0000][1][safepoint    ] Total time for which application threads were stopped: 0.0092477 seconds, Stopping threads took: 0.0091611 seconds
[2019-12-09T03:23:36.432+0000][1][safepoint    ] Application time: 0.0003629 seconds
[2019-12-09T03:23:36.432+0000][1][safepoint    ] Entering safepoint region: RevokeBias
[2019-12-09T03:23:36.432+0000][1][safepoint    ] Leaving safepoint region
[2019-12-09T03:23:36.432+0000][1][safepoint    ] Total time for which application threads were stopped: 0.0000892 seconds, Stopping threads took: 0.0000125 seconds
[2019-12-09T03:23:36.433+0000][1][safepoint    ] Application time: 0.0002898 seconds
[2019-12-09T03:23:36.433+0000][1][safepoint    ] Entering safepoint region: RevokeBias
[2019-12-09T03:23:36.433+0000][1][safepoint    ] Leaving safepoint region
[2019-12-09T03:23:36.433+0000][1][safepoint    ] Total time for which application threads were stopped: 0.0000771 seconds, Stopping threads took: 0.0000138 seconds
[2019-12-09T03:23:36.454+0000][1][safepoint    ] Application time: 0.0216136 seconds
[2019-12-09T03:23:36.455+0000][1][safepoint    ] Entering safepoint region: RevokeBias
[2019-12-09T03:23:36.455+0000][1][safepoint    ] Leaving safepoint region
[2019-12-09T03:23:36.455+0000][1][safepoint    ] Total time for which application threads were stopped: 0.0002037 seconds, Stopping threads took: 0.0001170 seconds
[2019-12-09T03:23:36.471+0000][1][safepoint    ] Application time: 0.0164881 seconds
[2019-12-09T03:23:36.471+0000][1][safepoint    ] Entering safepoint region: RevokeBias
[2019-12-09T03:23:36.471+0000][1][safepoint    ] Leaving safepoint region
[2019-12-09T03:23:36.471+0000][1][safepoint    ] Total time for which application threads were stopped: 0.0001504 seconds, Stopping threads took: 0.0000598 seconds
[2019-12-09T03:23:36.472+0000][1][safepoint    ] Application time: 0.0003540 seconds
[2019-12-09T03:23:36.472+0000][1][safepoint    ] Entering safepoint region: BulkRevokeBias
[2019-12-09T03:23:36.472+0000][1][safepoint    ] Leaving safepoint region
[2019-12-09T03:23:36.472+0000][1][safepoint    ] Total time for which application threads were stopped: 0.0004275 seconds, Stopping threads took: 0.0000145 seconds
[2019-12-09T03:23:36.550+0000][1][safepoint    ] Application time: 0.0781274 seconds
[2019-12-09T03:23:36.550+0000][1][safepoint    ] Entering safepoint region: RevokeBias
[2019-12-09T03:23:36.550+0000][1][safepoint    ] Leaving safepoint region
[2019-12-09T03:23:36.550+0000][1][safepoint    ] Total time for which application threads were stopped: 0.0001017 seconds, Stopping threads took: 0.0000182 seconds
[2019-12-09T03:23:36.596+0000][1][safepoint    ] Application time: 0.0456144 seconds
[2019-12-09T03:23:36.596+0000][1][safepoint    ] Entering safepoint region: RevokeBias
[2019-12-09T03:23:36.596+0000][1][safepoint    ] Leaving safepoint region
[2019-12-09T03:23:36.596+0000][1][safepoint    ] Total time for which application threads were stopped: 0.0000996 seconds, Stopping threads took: 0.0000181 seconds
[2019-12-09T03:23:36.626+0000][1][safepoint    ] Application time: 0.0301019 seconds
[2019-12-09T03:23:36.626+0000][1][safepoint    ] Entering safepoint region: RevokeBias
[2019-12-09T03:23:36.626+0000][1][safepoint    ] Leaving safepoint region
[2019-12-09T03:23:36.626+0000][1][safepoint    ] Total time for which application threads were stopped: 0.0001130 seconds, Stopping threads took: 0.0000171 seconds
[2019-12-09T03:23:36.637+0000][1][safepoint    ] Application time: 0.0103774 seconds
[2019-12-09T03:23:36.637+0000][1][safepoint    ] Entering safepoint region: RevokeBias
[2019-12-09T03:23:36.637+0000][1][safepoint    ] Leaving safepoint region
[2019-12-09T03:23:36.637+0000][1][safepoint    ] Total time for which application threads were stopped: 0.0001005 seconds, Stopping threads took: 0.0000151 seconds
[2019-12-09T03:23:36.637+0000][1][safepoint    ] Application time: 0.0000546 seconds
[2019-12-09T03:23:36.637+0000][1][safepoint    ] Entering safepoint region: RevokeBias
[2019-12-09T03:23:36.637+0000][1][safepoint    ] Leaving safepoint region
[2019-12-09T03:23:36.637+0000][1][safepoint    ] Total time for which application threads were stopped: 0.0000493 seconds, Stopping threads took: 0.0000081 seconds
[2019-12-09T03:23:36.647+0000][1][safepoint    ] Application time: 0.0100725 seconds
[2019-12-09T03:23:36.647+0000][1][safepoint    ] Entering safepoint region: RevokeBias
[2019-12-09T03:23:36.647+0000][1][safepoint    ] Leaving safepoint region
[2019-12-09T03:23:36.647+0000][1][safepoint    ] Total time for which application threads were stopped: 0.0000957 seconds, Stopping threads took: 0.0000152 seconds
[2019-12-09T03:23:36.648+0000][1][safepoint    ] Application time: 0.0006966 seconds
[2019-12-09T03:23:36.648+0000][1][safepoint    ] Entering safepoint region: RevokeBias
[2019-12-09T03:23:36.648+0000][1][safepoint    ] Leaving safepoint region
[2019-12-09T03:23:36.648+0000][1][safepoint    ] Total time for which application threads were stopped: 0.0000838 seconds, Stopping threads took: 0.0000134 seconds
[2019-12-09T03:23:36.650+0000][1][safepoint    ] Application time: 0.0016220 seconds
[2019-12-09T03:23:36.650+0000][1][safepoint    ] Entering safepoint region: RevokeBias
[2019-12-09T03:23:36.650+0000][1][safepoint    ] Leaving safepoint region
[2019-12-09T03:23:36.650+0000][1][safepoint    ] Total time for which application threads were stopped: 0.0000707 seconds, Stopping threads took: 0.0000133 seconds
[2019-12-09T03:23:36.915+0000][1][safepoint    ] Application time: 0.2653775 seconds
[2019-12-09T03:23:36.915+0000][1][safepoint    ] Entering safepoint region: RevokeBias
[2019-12-09T03:23:36.915+0000][1][safepoint    ] Leaving safepoint region
[2019-12-09T03:23:36.915+0000][1][safepoint    ] Total time for which application threads were stopped: 0.0000910 seconds, Stopping threads took: 0.0000195 seconds
[2019-12-09T03:23:36.915+0000][1][safepoint    ] Application time: 0.0001685 seconds
[2019-12-09T03:23:36.915+0000][1][safepoint    ] Entering safepoint region: RevokeBias
[2019-12-09T03:23:36.916+0000][1][safepoint    ] Leaving safepoint region
[2019-12-09T03:23:36.916+0000][1][safepoint    ] Total time for which application threads were stopped: 0.0000546 seconds, Stopping threads took: 0.0000110 seconds
[2019-12-09T03:23:37.029+0000][1][safepoint    ] Application time: 0.1134601 seconds
[2019-12-09T03:23:37.071+0000][1][safepoint    ] Entering safepoint region: RevokeBias
[2019-12-09T03:23:37.071+0000][1][safepoint    ] Leaving safepoint region
[2019-12-09T03:23:37.071+0000][1][safepoint    ] Total time for which application threads were stopped: 0.0416452 seconds, Stopping threads took: 0.0415308 seconds
[2019-12-09T03:23:37.214+0000][1][safepoint    ] Application time: 0.1436944 seconds
[2019-12-09T03:23:37.214+0000][1][safepoint    ] Entering safepoint region: RevokeBias
[2019-12-09T03:23:37.215+0000][1][safepoint    ] Leaving safepoint region
[2019-12-09T03:23:37.215+0000][1][safepoint    ] Total time for which application threads were stopped: 0.0001039 seconds, Stopping threads took: 0.0000171 seconds
[2019-12-09T03:23:37.912+0000][1][safepoint    ] Application time: 0.6977638 seconds
[2019-12-09T03:23:37.912+0000][1][safepoint    ] Entering safepoint region: RevokeBias
[2019-12-09T03:23:37.912+0000][1][safepoint    ] Leaving safepoint region
[2019-12-09T03:23:37.913+0000][1][safepoint    ] Total time for which application threads were stopped: 0.0001802 seconds, Stopping threads took: 0.0000880 seconds
[2019-12-09T03:23:37.928+0000][1][safepoint    ] Application time: 0.0156752 seconds
[2019-12-09T03:23:37.928+0000][1][safepoint    ] Entering safepoint region: RevokeBias
[2019-12-09T03:23:37.928+0000][1][safepoint    ] Leaving safepoint region
[2019-12-09T03:23:37.928+0000][1][safepoint    ] Total time for which application threads were stopped: 0.0001444 seconds, Stopping threads took: 0.0000616 seconds
[2019-12-09T03:23:37.932+0000][1][safepoint    ] Application time: 0.0038904 seconds
[2019-12-09T03:23:37.932+0000][1][safepoint    ] Entering safepoint region: RevokeBias
[2019-12-09T03:23:37.932+0000][1][safepoint    ] Leaving safepoint region
[2019-12-09T03:23:37.932+0000][1][safepoint    ] Total time for which application threads were stopped: 0.0000805 seconds, Stopping threads took: 0.0000148 seconds
[2019-12-09T03:23:37.932+0000][1][safepoint    ] Application time: 0.0000530 seconds
[2019-12-09T03:23:37.932+0000][1][safepoint    ] Entering safepoint region: RevokeBias
[2019-12-09T03:23:37.932+0000][1][safepoint    ] Leaving safepoint region
[2019-12-09T03:23:37.932+0000][1][safepoint    ] Total time for which application threads were stopped: 0.0000542 seconds, Stopping threads took: 0.0000101 seconds
[2019-12-09T03:23:37.933+0000][1][safepoint    ] Application time: 0.0001990 seconds
[2019-12-09T03:23:37.933+0000][1][safepoint    ] Entering safepoint region: RevokeBias
[2019-12-09T03:23:37.933+0000][1][safepoint    ] Leaving safepoint region
[2019-12-09T03:23:37.933+0000][1][safepoint    ] Total time for which application threads were stopped: 0.0000645 seconds, Stopping threads took: 0.0000137 seconds
[2019-12-09T03:23:37.934+0000][1][safepoint    ] Application time: 0.0015378 seconds
[2019-12-09T03:23:37.934+0000][1][safepoint    ] Entering safepoint region: RevokeBias
[2019-12-09T03:23:37.934+0000][1][safepoint    ] Leaving safepoint region
[2019-12-09T03:23:37.934+0000][1][safepoint    ] Total time for which application threads were stopped: 0.0000641 seconds, Stopping threads took: 0.0000134 seconds
[2019-12-09T03:23:37.962+0000][1][safepoint    ] Application time: 0.0273177 seconds
[2019-12-09T03:23:37.962+0000][1][safepoint    ] Entering safepoint region: RevokeBias
[2019-12-09T03:23:37.962+0000][1][safepoint    ] Leaving safepoint region
[2019-12-09T03:23:37.962+0000][1][safepoint    ] Total time for which application threads were stopped: 0.0000802 seconds, Stopping threads took: 0.0000197 seconds
[2019-12-09T03:23:37.968+0000][1][safepoint    ] Application time: 0.0056774 seconds
[2019-12-09T03:23:37.968+0000][1][safepoint    ] Entering safepoint region: RevokeBias
[2019-12-09T03:23:37.968+0000][1][safepoint    ] Leaving safepoint region
[2019-12-09T03:23:37.968+0000][1][safepoint    ] Total time for which application threads were stopped: 0.0000745 seconds, Stopping threads took: 0.0000139 seconds
[2019-12-09T03:23:37.968+0000][1][safepoint    ] Application time: 0.0000729 seconds
[2019-12-09T03:23:37.968+0000][1][safepoint    ] Entering safepoint region: RevokeBias
[2019-12-09T03:23:37.968+0000][1][safepoint    ] Leaving safepoint region
[2019-12-09T03:23:37.968+0000][1][safepoint    ] Total time for which application threads were stopped: 0.0000652 seconds, Stopping threads took: 0.0000104 seconds
[2019-12-09T03:23:38.576+0000][1][safepoint    ] Application time: 0.6077466 seconds
[2019-12-09T03:23:38.576+0000][1][safepoint    ] Entering safepoint region: Deoptimize
[2019-12-09T03:23:38.576+0000][1][safepoint    ] Leaving safepoint region
[2019-12-09T03:23:38.576+0000][1][safepoint    ] Total time for which application threads were stopped: 0.0007923 seconds, Stopping threads took: 0.0000197 seconds
[2019-12-09T03:23:39.046+0000][1][safepoint    ] Application time: 0.4694088 seconds
[2019-12-09T03:23:39.046+0000][1][safepoint    ] Entering safepoint region: BulkRevokeBias
[2019-12-09T03:23:39.046+0000][1][safepoint    ] Leaving safepoint region
[2019-12-09T03:23:39.046+0000][1][safepoint    ] Total time for which application threads were stopped: 0.0004987 seconds, Stopping threads took: 0.0000206 seconds
[2019-12-09T03:23:39.046+0000][1][safepoint    ] Application time: 0.0000777 seconds
[2019-12-09T03:23:39.046+0000][1][safepoint    ] Entering safepoint region: RevokeBias
[2019-12-09T03:23:39.046+0000][1][safepoint    ] Leaving safepoint region
[2019-12-09T03:23:39.046+0000][1][safepoint    ] Total time for which application threads were stopped: 0.0000783 seconds, Stopping threads took: 0.0000231 seconds
[2019-12-09T03:23:39.178+0000][1][safepoint    ] Application time: 0.1310599 seconds
[2019-12-09T03:23:39.178+0000][1][safepoint    ] Entering safepoint region: RevokeBias
[2019-12-09T03:23:39.178+0000][1][safepoint    ] Leaving safepoint region
[2019-12-09T03:23:39.178+0000][1][safepoint    ] Total time for which application threads were stopped: 0.0001251 seconds, Stopping threads took: 0.0000196 seconds
[2019-12-09T03:23:39.191+0000][1][safepoint    ] Application time: 0.0136017 seconds
[2019-12-09T03:23:39.191+0000][1][safepoint    ] Entering safepoint region: BulkRevokeBias
[2019-12-09T03:23:39.192+0000][1][safepoint    ] Leaving safepoint region
[2019-12-09T03:23:39.192+0000][1][safepoint    ] Total time for which application threads were stopped: 0.0004270 seconds, Stopping threads took: 0.0000183 seconds
[2019-12-09T03:23:39.192+0000][1][safepoint    ] Application time: 0.0003015 seconds
[2019-12-09T03:23:39.192+0000][1][safepoint    ] Entering safepoint region: RevokeBias
[2019-12-09T03:23:39.192+0000][1][safepoint    ] Leaving safepoint region
[2019-12-09T03:23:39.192+0000][1][safepoint    ] Total time for which application threads were stopped: 0.0000755 seconds, Stopping threads took: 0.0000166 seconds
[2019-12-09T03:23:39.575+0000][1][safepoint    ] Application time: 0.3825231 seconds
[2019-12-09T03:23:39.575+0000][1][safepoint    ] Entering safepoint region: RevokeBias
[2019-12-09T03:23:39.575+0000][1][safepoint    ] Leaving safepoint region
[2019-12-09T03:23:39.575+0000][1][safepoint    ] Total time for which application threads were stopped: 0.0001675 seconds, Stopping threads took: 0.0000606 seconds
[2019-12-09T03:23:39.578+0000][1][safepoint    ] Application time: 0.0027140 seconds
[2019-12-09T03:23:39.578+0000][1][safepoint    ] Entering safepoint region: RevokeBias
[2019-12-09T03:23:39.578+0000][1][safepoint    ] Leaving safepoint region
[2019-12-09T03:23:39.578+0000][1][safepoint    ] Total time for which application threads were stopped: 0.0001049 seconds, Stopping threads took: 0.0000179 seconds
[2019-12-09T03:23:39.579+0000][1][safepoint    ] Application time: 0.0016653 seconds
[2019-12-09T03:23:39.579+0000][1][safepoint    ] Entering safepoint region: RevokeBias
[2019-12-09T03:23:39.580+0000][1][safepoint    ] Leaving safepoint region
[2019-12-09T03:23:39.580+0000][1][safepoint    ] Total time for which application threads were stopped: 0.0000610 seconds, Stopping threads took: 0.0000128 seconds
[2019-12-09T03:23:39.580+0000][1][safepoint    ] Application time: 0.0000638 seconds
[2019-12-09T03:23:39.580+0000][1][safepoint    ] Entering safepoint region: RevokeBias
[2019-12-09T03:23:39.580+0000][1][safepoint    ] Leaving safepoint region
[2019-12-09T03:23:39.580+0000][1][safepoint    ] Total time for which application threads were stopped: 0.0000446 seconds, Stopping threads took: 0.0000100 seconds
[2019-12-09T03:23:39.580+0000][1][safepoint    ] Application time: 0.0000693 seconds
[2019-12-09T03:23:39.580+0000][1][safepoint    ] Entering safepoint region: RevokeBias
[2019-12-09T03:23:39.580+0000][1][safepoint    ] Leaving safepoint region
[2019-12-09T03:23:39.580+0000][1][safepoint    ] Total time for which application threads were stopped: 0.0000463 seconds, Stopping threads took: 0.0000090 seconds
[2019-12-09T03:23:39.580+0000][1][safepoint    ] Application time: 0.0000553 seconds
[2019-12-09T03:23:39.580+0000][1][safepoint    ] Entering safepoint region: RevokeBias
[2019-12-09T03:23:39.580+0000][1][safepoint    ] Leaving safepoint region
[2019-12-09T03:23:39.580+0000][1][safepoint    ] Total time for which application threads were stopped: 0.0000439 seconds, Stopping threads took: 0.0000088 seconds
[2019-12-09T03:23:39.580+0000][1][safepoint    ] Application time: 0.0000510 seconds
[2019-12-09T03:23:39.580+0000][1][safepoint    ] Entering safepoint region: RevokeBias
[2019-12-09T03:23:39.580+0000][1][safepoint    ] Leaving safepoint region
[2019-12-09T03:23:39.580+0000][1][safepoint    ] Total time for which application threads were stopped: 0.0000446 seconds, Stopping threads took: 0.0000092 seconds
[2019-12-09T03:23:39.580+0000][1][safepoint    ] Application time: 0.0000537 seconds
[2019-12-09T03:23:39.580+0000][1][safepoint    ] Entering safepoint region: RevokeBias
[2019-12-09T03:23:39.580+0000][1][safepoint    ] Leaving safepoint region
[2019-12-09T03:23:39.580+0000][1][safepoint    ] Total time for which application threads were stopped: 0.0000449 seconds, Stopping threads took: 0.0000092 seconds
[2019-12-09T03:23:39.580+0000][1][safepoint    ] Application time: 0.0000526 seconds
[2019-12-09T03:23:39.580+0000][1][safepoint    ] Entering safepoint region: RevokeBias
[2019-12-09T03:23:39.580+0000][1][safepoint    ] Leaving safepoint region
[2019-12-09T03:23:39.580+0000][1][safepoint    ] Total time for which application threads were stopped: 0.0000444 seconds, Stopping threads took: 0.0000087 seconds
[2019-12-09T03:23:39.580+0000][1][safepoint    ] Application time: 0.0000500 seconds
[2019-12-09T03:23:39.580+0000][1][safepoint    ] Entering safepoint region: RevokeBias
[2019-12-09T03:23:39.580+0000][1][safepoint    ] Leaving safepoint region
[2019-12-09T03:23:39.580+0000][1][safepoint    ] Total time for which application threads were stopped: 0.0000393 seconds, Stopping threads took: 0.0000080 seconds
[2019-12-09T03:23:39.751+0000][1][safepoint    ] Application time: 0.1710732 seconds
[2019-12-09T03:23:39.751+0000][1][safepoint    ] Entering safepoint region: RevokeBias
[2019-12-09T03:23:39.752+0000][1][safepoint    ] Leaving safepoint region
[2019-12-09T03:23:39.752+0000][1][safepoint    ] Total time for which application threads were stopped: 0.0001030 seconds, Stopping threads took: 0.0000211 seconds
[2019-12-09T03:23:39.784+0000][1][safepoint    ] Application time: 0.0321672 seconds
[2019-12-09T03:23:39.792+0000][1][safepoint    ] Entering safepoint region: RevokeBias
[2019-12-09T03:23:39.792+0000][1][safepoint    ] Leaving safepoint region
[2019-12-09T03:23:39.792+0000][1][safepoint    ] Total time for which application threads were stopped: 0.0080631 seconds, Stopping threads took: 0.0079565 seconds
[2019-12-09T03:23:39.793+0000][1][safepoint    ] Application time: 0.0010393 seconds
[2019-12-09T03:23:39.793+0000][1][safepoint    ] Entering safepoint region: RevokeBias
[2019-12-09T03:23:39.793+0000][1][safepoint    ] Leaving safepoint region
[2019-12-09T03:23:39.793+0000][1][safepoint    ] Total time for which application threads were stopped: 0.0000909 seconds, Stopping threads took: 0.0000180 seconds
[2019-12-09T03:23:40.796+0000][1][safepoint    ] Application time: 1.0028055 seconds
[2019-12-09T03:23:40.796+0000][1][safepoint    ] Entering safepoint region: Cleanup
[2019-12-09T03:23:40.796+0000][1][safepoint    ] Leaving safepoint region
[2019-12-09T03:23:40.796+0000][1][safepoint    ] Total time for which application threads were stopped: 0.0001095 seconds, Stopping threads took: 0.0000248 seconds
[2019-12-09T03:23:41.267+0000][1][safepoint    ] Application time: 0.4707447 seconds
[2019-12-09T03:23:41.267+0000][1][safepoint    ] Entering safepoint region: RevokeBias
[2019-12-09T03:23:41.267+0000][1][safepoint    ] Leaving safepoint region
[2019-12-09T03:23:41.267+0000][1][safepoint    ] Total time for which application threads were stopped: 0.0001116 seconds, Stopping threads took: 0.0000182 seconds
[2019-12-09T03:23:41.268+0000][1][safepoint    ] Application time: 0.0010680 seconds
[2019-12-09T03:23:41.268+0000][1][safepoint    ] Entering safepoint region: RevokeBias
[2019-12-09T03:23:41.268+0000][1][safepoint    ] Leaving safepoint region
[2019-12-09T03:23:41.268+0000][1][safepoint    ] Total time for which application threads were stopped: 0.0000710 seconds, Stopping threads took: 0.0000128 seconds
[2019-12-09T03:23:41.269+0000][1][safepoint    ] Application time: 0.0005552 seconds
[2019-12-09T03:23:41.269+0000][1][safepoint    ] Entering safepoint region: RevokeBias
[2019-12-09T03:23:41.269+0000][1][safepoint    ] Leaving safepoint region
[2019-12-09T03:23:41.269+0000][1][safepoint    ] Total time for which application threads were stopped: 0.0000643 seconds, Stopping threads took: 0.0000125 seconds
[2019-12-09T03:23:42.270+0000][1][safepoint    ] Application time: 1.0009952 seconds
[2019-12-09T03:23:42.307+0000][1][safepoint    ] Entering safepoint region: Cleanup
[2019-12-09T03:23:42.307+0000][1][safepoint    ] Leaving safepoint region
[2019-12-09T03:23:42.307+0000][1][safepoint    ] Total time for which application threads were stopped: 0.0371782 seconds, Stopping threads took: 0.0370883 seconds
[2019-12-09T03:23:43.308+0000][1][safepoint    ] Application time: 1.0007789 seconds
[2019-12-09T03:23:43.308+0000][1][safepoint    ] Entering safepoint region: Cleanup
[2019-12-09T03:23:43.308+0000][1][safepoint    ] Leaving safepoint region
[2019-12-09T03:23:43.308+0000][1][safepoint    ] Total time for which application threads were stopped: 0.0001008 seconds, Stopping threads took: 0.0000231 seconds
[2019-12-09T03:23:43.906+0000][1][safepoint    ] Application time: 0.5979284 seconds
[2019-12-09T03:23:43.906+0000][1][safepoint    ] Entering safepoint region: GenCollectForAllocation
[2019-12-09T03:23:43.906+0000][1][gc,start     ] GC(23) Pause Young (Allocation Failure)
[2019-12-09T03:23:43.906+0000][1][gc,task      ] GC(23) Using 2 workers of 2 for evacuation
[2019-12-09T03:23:44.013+0000][1][gc,age       ] GC(23) Desired survivor size 4456448 bytes, new threshold 2 (max threshold 6)
[2019-12-09T03:23:44.013+0000][1][gc,age       ] GC(23) Age table with threshold 2 (max threshold 6)
[2019-12-09T03:23:44.013+0000][1][gc,age       ] GC(23) - age   1:    1871320 bytes,    1871320 total
[2019-12-09T03:23:44.013+0000][1][gc,age       ] GC(23) - age   2:    3601352 bytes,    5472672 total
[2019-12-09T03:23:44.014+0000][1][gc,heap      ] GC(23) ParNew: 78656K->6813K(78656K)
[2019-12-09T03:23:44.014+0000][1][gc,heap      ] GC(23) CMS: 60467K->64660K(174784K)
[2019-12-09T03:23:44.014+0000][1][gc,metaspace ] GC(23) Metaspace: 68210K->68210K(1112064K)
[2019-12-09T03:23:44.014+0000][1][gc           ] GC(23) Pause Young (Allocation Failure) 135M->69M(247M) 107.594ms
[2019-12-09T03:23:44.014+0000][1][gc,cpu       ] GC(23) User=0.06s Sys=0.00s Real=0.10s
[2019-12-09T03:23:44.014+0000][1][safepoint    ] Leaving safepoint region
[2019-12-09T03:23:44.014+0000][1][safepoint    ] Total time for which application threads were stopped: 0.1078036 seconds, Stopping threads took: 0.0000221 seconds
[2019-12-09T03:23:45.014+0000][1][safepoint    ] Application time: 1.0001231 seconds
[2019-12-09T03:23:45.014+0000][1][safepoint    ] Entering safepoint region: Cleanup
[2019-12-09T03:23:45.014+0000][1][safepoint    ] Leaving safepoint region
[2019-12-09T03:23:45.014+0000][1][safepoint    ] Total time for which application threads were stopped: 0.0001227 seconds, Stopping threads took: 0.0000349 seconds
[2019-12-09T03:23:46.018+0000][1][safepoint    ] Application time: 1.0037784 seconds
[2019-12-09T03:23:46.018+0000][1][safepoint    ] Entering safepoint region: Cleanup
[2019-12-09T03:23:46.018+0000][1][safepoint    ] Leaving safepoint region
[2019-12-09T03:23:46.018+0000][1][safepoint    ] Total time for which application threads were stopped: 0.0001065 seconds, Stopping threads took: 0.0000268 seconds
[2019-12-09T03:23:47.022+0000][1][safepoint    ] Application time: 1.0038373 seconds
[2019-12-09T03:23:47.022+0000][1][safepoint    ] Entering safepoint region: Cleanup
[2019-12-09T03:23:47.022+0000][1][safepoint    ] Leaving safepoint region
[2019-12-09T03:23:47.022+0000][1][safepoint    ] Total time for which application threads were stopped: 0.0001054 seconds, Stopping threads took: 0.0000281 seconds
[2019-12-09T03:23:48.024+0000][1][safepoint    ] Application time: 1.0018598 seconds
[2019-12-09T03:23:48.024+0000][1][safepoint    ] Entering safepoint region: Cleanup
[2019-12-09T03:23:48.024+0000][1][safepoint    ] Leaving safepoint region
[2019-12-09T03:23:48.024+0000][1][safepoint    ] Total time for which application threads were stopped: 0.0001071 seconds, Stopping threads took: 0.0000247 seconds
[2019-12-09T03:23:49.025+0000][1][safepoint    ] Application time: 1.0010826 seconds
[2019-12-09T03:23:49.057+0000][1][safepoint    ] Entering safepoint region: Cleanup
[2019-12-09T03:23:49.057+0000][1][safepoint    ] Leaving safepoint region
[2019-12-09T03:23:49.057+0000][1][safepoint    ] Total time for which application threads were stopped: 0.0318957 seconds, Stopping threads took: 0.0317744 seconds
[2019-12-09T03:23:50.057+0000][1][safepoint    ] Application time: 1.0000888 seconds
[2019-12-09T03:23:50.057+0000][1][safepoint    ] Entering safepoint region: Cleanup
[2019-12-09T03:23:50.057+0000][1][safepoint    ] Leaving safepoint region
[2019-12-09T03:23:50.057+0000][1][safepoint    ] Total time for which application threads were stopped: 0.0001130 seconds, Stopping threads took: 0.0000257 seconds
[2019-12-09T03:23:51.058+0000][1][safepoint    ] Application time: 1.0005360 seconds
[2019-12-09T03:23:51.058+0000][1][safepoint    ] Entering safepoint region: Cleanup
[2019-12-09T03:23:51.058+0000][1][safepoint    ] Leaving safepoint region
[2019-12-09T03:23:51.058+0000][1][safepoint    ] Total time for which application threads were stopped: 0.0001210 seconds, Stopping threads took: 0.0000281 seconds
[2019-12-09T03:23:52.061+0000][1][safepoint    ] Application time: 1.0028193 seconds
[2019-12-09T03:23:52.061+0000][1][safepoint    ] Entering safepoint region: Cleanup
[2019-12-09T03:23:52.061+0000][1][safepoint    ] Leaving safepoint region
[2019-12-09T03:23:52.061+0000][1][safepoint    ] Total time for which application threads were stopped: 0.0001092 seconds, Stopping threads took: 0.0000238 seconds
[2019-12-09T03:23:53.063+0000][1][safepoint    ] Application time: 1.0018363 seconds
[2019-12-09T03:23:53.063+0000][1][safepoint    ] Entering safepoint region: Cleanup
[2019-12-09T03:23:53.063+0000][1][safepoint    ] Leaving safepoint region
[2019-12-09T03:23:53.063+0000][1][safepoint    ] Total time for which application threads were stopped: 0.0001148 seconds, Stopping threads took: 0.0000249 seconds
[2019-12-09T03:23:54.064+0000][1][safepoint    ] Application time: 1.0008430 seconds
[2019-12-09T03:23:54.064+0000][1][safepoint    ] Entering safepoint region: Cleanup
[2019-12-09T03:23:54.064+0000][1][safepoint    ] Leaving safepoint region
[2019-12-09T03:23:54.064+0000][1][safepoint    ] Total time for which application threads were stopped: 0.0001154 seconds, Stopping threads took: 0.0000266 seconds
[2019-12-09T03:23:55.072+0000][1][safepoint    ] Application time: 1.0079175 seconds
[2019-12-09T03:23:55.072+0000][1][safepoint    ] Entering safepoint region: Cleanup
[2019-12-09T03:23:55.072+0000][1][safepoint    ] Leaving safepoint region
[2019-12-09T03:23:55.072+0000][1][safepoint    ] Total time for which application threads were stopped: 0.0001332 seconds, Stopping threads took: 0.0000319 seconds
[2019-12-09T03:23:56.073+0000][1][safepoint    ] Application time: 1.0007255 seconds
[2019-12-09T03:23:56.073+0000][1][safepoint    ] Entering safepoint region: Cleanup
[2019-12-09T03:23:56.073+0000][1][safepoint    ] Leaving safepoint region
[2019-12-09T03:23:56.073+0000][1][safepoint    ] Total time for which application threads were stopped: 0.0001017 seconds, Stopping threads took: 0.0000238 seconds
[2019-12-09T03:23:57.074+0000][1][safepoint    ] Application time: 1.0008574 seconds
[2019-12-09T03:23:57.074+0000][1][safepoint    ] Entering safepoint region: Cleanup
[2019-12-09T03:23:57.074+0000][1][safepoint    ] Leaving safepoint region
[2019-12-09T03:23:57.074+0000][1][safepoint    ] Total time for which application threads were stopped: 0.0001099 seconds, Stopping threads took: 0.0000256 seconds
[2019-12-09T03:23:58.077+0000][1][safepoint    ] Application time: 1.0028287 seconds
[2019-12-09T03:23:58.077+0000][1][safepoint    ] Entering safepoint region: Cleanup
[2019-12-09T03:23:58.077+0000][1][safepoint    ] Leaving safepoint region
[2019-12-09T03:23:58.077+0000][1][safepoint    ] Total time for which application threads were stopped: 0.0001191 seconds, Stopping threads took: 0.0000334 seconds
[2019-12-09T03:23:59.080+0000][1][safepoint    ] Application time: 1.0028276 seconds
[2019-12-09T03:23:59.080+0000][1][safepoint    ] Entering safepoint region: Cleanup
[2019-12-09T03:23:59.080+0000][1][safepoint    ] Leaving safepoint region
[2019-12-09T03:23:59.080+0000][1][safepoint    ] Total time for which application threads were stopped: 0.0000980 seconds, Stopping threads took: 0.0000206 seconds
[2019-12-09T03:24:00.081+0000][1][safepoint    ] Application time: 1.0015859 seconds
[2019-12-09T03:24:00.082+0000][1][safepoint    ] Entering safepoint region: Cleanup
[2019-12-09T03:24:00.082+0000][1][safepoint    ] Leaving safepoint region
[2019-12-09T03:24:00.082+0000][1][safepoint    ] Total time for which application threads were stopped: 0.0001286 seconds, Stopping threads took: 0.0000306 seconds
[2019-12-09T03:24:01.083+0000][1][safepoint    ] Application time: 1.0011013 seconds
[2019-12-09T03:24:01.083+0000][1][safepoint    ] Entering safepoint region: Cleanup
[2019-12-09T03:24:01.083+0000][1][safepoint    ] Leaving safepoint region
[2019-12-09T03:24:01.083+0000][1][safepoint    ] Total time for which application threads were stopped: 0.0001159 seconds, Stopping threads took: 0.0000279 seconds
[2019-12-09T03:24:02.085+0000][1][safepoint    ] Application time: 1.0019060 seconds
[2019-12-09T03:24:02.085+0000][1][safepoint    ] Entering safepoint region: Cleanup
[2019-12-09T03:24:02.085+0000][1][safepoint    ] Leaving safepoint region
[2019-12-09T03:24:02.085+0000][1][safepoint    ] Total time for which application threads were stopped: 0.0001239 seconds, Stopping threads took: 0.0000289 seconds
[2019-12-09T03:24:03.087+0000][1][safepoint    ] Application time: 1.0017059 seconds
[2019-12-09T03:24:03.087+0000][1][safepoint    ] Entering safepoint region: Cleanup
[2019-12-09T03:24:03.087+0000][1][safepoint    ] Leaving safepoint region
[2019-12-09T03:24:03.087+0000][1][safepoint    ] Total time for which application threads were stopped: 0.0001075 seconds, Stopping threads took: 0.0000242 seconds
[2019-12-09T03:24:04.088+0000][1][safepoint    ] Application time: 1.0008279 seconds
[2019-12-09T03:24:04.088+0000][1][safepoint    ] Entering safepoint region: Cleanup
[2019-12-09T03:24:04.088+0000][1][safepoint    ] Leaving safepoint region
[2019-12-09T03:24:04.088+0000][1][safepoint    ] Total time for which application threads were stopped: 0.0001000 seconds, Stopping threads took: 0.0000225 seconds
[2019-12-09T03:24:05.090+0000][1][safepoint    ] Application time: 1.0018849 seconds
[2019-12-09T03:24:05.090+0000][1][safepoint    ] Entering safepoint region: Cleanup
[2019-12-09T03:24:05.090+0000][1][safepoint    ] Leaving safepoint region
[2019-12-09T03:24:05.090+0000][1][safepoint    ] Total time for which application threads were stopped: 0.0001230 seconds, Stopping threads took: 0.0000236 seconds
[2019-12-09T03:24:06.095+0000][1][safepoint    ] Application time: 1.0048072 seconds
[2019-12-09T03:24:06.095+0000][1][safepoint    ] Entering safepoint region: Cleanup
[2019-12-09T03:24:06.095+0000][1][safepoint    ] Leaving safepoint region
[2019-12-09T03:24:06.095+0000][1][safepoint    ] Total time for which application threads were stopped: 0.0001426 seconds, Stopping threads took: 0.0000289 seconds
[2019-12-09T03:24:07.095+0000][1][safepoint    ] Application time: 1.0000775 seconds
[2019-12-09T03:24:07.095+0000][1][safepoint    ] Entering safepoint region: Cleanup
[2019-12-09T03:24:07.095+0000][1][safepoint    ] Leaving safepoint region
[2019-12-09T03:24:07.095+0000][1][safepoint    ] Total time for which application threads were stopped: 0.0000741 seconds, Stopping threads took: 0.0000143 seconds
[2019-12-09T03:24:08.095+0000][1][safepoint    ] Application time: 1.0000767 seconds
[2019-12-09T03:24:08.095+0000][1][safepoint    ] Entering safepoint region: Cleanup
[2019-12-09T03:24:08.095+0000][1][safepoint    ] Leaving safepoint region
[2019-12-09T03:24:08.095+0000][1][safepoint    ] Total time for which application threads were stopped: 0.0000879 seconds, Stopping threads took: 0.0000177 seconds
[2019-12-09T03:24:09.095+0000][1][safepoint    ] Application time: 1.0000759 seconds
[2019-12-09T03:24:09.095+0000][1][safepoint    ] Entering safepoint region: Cleanup
[2019-12-09T03:24:09.095+0000][1][safepoint    ] Leaving safepoint region
[2019-12-09T03:24:09.096+0000][1][safepoint    ] Total time for which application threads were stopped: 0.0000783 seconds, Stopping threads took: 0.0000136 seconds
[2019-12-09T03:24:10.096+0000][1][safepoint    ] Application time: 1.0000787 seconds
[2019-12-09T03:24:10.096+0000][1][safepoint    ] Entering safepoint region: Cleanup
[2019-12-09T03:24:10.096+0000][1][safepoint    ] Leaving safepoint region
[2019-12-09T03:24:10.096+0000][1][safepoint    ] Total time for which application threads were stopped: 0.0000928 seconds, Stopping threads took: 0.0000187 seconds
[2019-12-09T03:24:11.096+0000][1][safepoint    ] Application time: 1.0000758 seconds
[2019-12-09T03:24:11.096+0000][1][safepoint    ] Entering safepoint region: Cleanup
[2019-12-09T03:24:11.096+0000][1][safepoint    ] Leaving safepoint region
[2019-12-09T03:24:11.096+0000][1][safepoint    ] Total time for which application threads were stopped: 0.0000834 seconds, Stopping threads took: 0.0000182 seconds
[2019-12-09T03:24:12.096+0000][1][safepoint    ] Application time: 1.0000777 seconds
[2019-12-09T03:24:12.096+0000][1][safepoint    ] Entering safepoint region: Cleanup
[2019-12-09T03:24:12.096+0000][1][safepoint    ] Leaving safepoint region
[2019-12-09T03:24:12.096+0000][1][safepoint    ] Total time for which application threads were stopped: 0.0000819 seconds, Stopping threads took: 0.0000183 seconds
[2019-12-09T03:24:13.096+0000][1][safepoint    ] Application time: 1.0000776 seconds
[2019-12-09T03:24:13.096+0000][1][safepoint    ] Entering safepoint region: Cleanup
[2019-12-09T03:24:13.096+0000][1][safepoint    ] Leaving safepoint region
[2019-12-09T03:24:13.096+0000][1][safepoint    ] Total time for which application threads were stopped: 0.0000908 seconds, Stopping threads took: 0.0000177 seconds
[2019-12-09T03:24:14.096+0000][1][safepoint    ] Application time: 1.0000765 seconds
[2019-12-09T03:24:14.096+0000][1][safepoint    ] Entering safepoint region: Cleanup
[2019-12-09T03:24:14.097+0000][1][safepoint    ] Leaving safepoint region
[2019-12-09T03:24:14.097+0000][1][safepoint    ] Total time for which application threads were stopped: 0.0000772 seconds, Stopping threads took: 0.0000163 seconds
[2019-12-09T03:24:15.097+0000][1][safepoint    ] Application time: 1.0000785 seconds
[2019-12-09T03:24:15.097+0000][1][safepoint    ] Entering safepoint region: Cleanup
[2019-12-09T03:24:15.097+0000][1][safepoint    ] Leaving safepoint region
[2019-12-09T03:24:15.097+0000][1][safepoint    ] Total time for which application threads were stopped: 0.0001019 seconds, Stopping threads took: 0.0000175 seconds
[2019-12-09T03:24:16.098+0000][1][safepoint    ] Application time: 1.0009919 seconds
[2019-12-09T03:24:16.098+0000][1][safepoint    ] Entering safepoint region: Cleanup
[2019-12-09T03:24:16.098+0000][1][safepoint    ] Leaving safepoint region
[2019-12-09T03:24:16.098+0000][1][safepoint    ] Total time for which application threads were stopped: 0.0001140 seconds, Stopping threads took: 0.0000270 seconds
[2019-12-09T03:24:17.098+0000][1][safepoint    ] Application time: 1.0000508 seconds
[2019-12-09T03:24:17.098+0000][1][safepoint    ] Entering safepoint region: Cleanup
[2019-12-09T03:24:17.098+0000][1][safepoint    ] Leaving safepoint region
[2019-12-09T03:24:17.098+0000][1][safepoint    ] Total time for which application threads were stopped: 0.0000893 seconds, Stopping threads took: 0.0000176 seconds
[2019-12-09T03:24:18.098+0000][1][safepoint    ] Application time: 1.0000762 seconds
[2019-12-09T03:24:18.098+0000][1][safepoint    ] Entering safepoint region: Cleanup
[2019-12-09T03:24:18.098+0000][1][safepoint    ] Leaving safepoint region
[2019-12-09T03:24:18.098+0000][1][safepoint    ] Total time for which application threads were stopped: 0.0001080 seconds, Stopping threads took: 0.0000168 seconds
[2019-12-09T03:24:19.098+0000][1][safepoint    ] Application time: 1.0000753 seconds
[2019-12-09T03:24:19.098+0000][1][safepoint    ] Entering safepoint region: Cleanup
[2019-12-09T03:24:19.099+0000][1][safepoint    ] Leaving safepoint region
[2019-12-09T03:24:19.099+0000][1][safepoint    ] Total time for which application threads were stopped: 0.0000784 seconds, Stopping threads took: 0.0000151 seconds
[2019-12-09T03:24:20.099+0000][1][safepoint    ] Application time: 1.0000755 seconds
[2019-12-09T03:24:20.099+0000][1][safepoint    ] Entering safepoint region: Cleanup
[2019-12-09T03:24:20.099+0000][1][safepoint    ] Leaving safepoint region
[2019-12-09T03:24:20.099+0000][1][safepoint    ] Total time for which application threads were stopped: 0.0000988 seconds, Stopping threads took: 0.0000160 seconds
[2019-12-09T03:24:21.099+0000][1][safepoint    ] Application time: 1.0000792 seconds
[2019-12-09T03:24:21.099+0000][1][safepoint    ] Entering safepoint region: Cleanup
[2019-12-09T03:24:21.099+0000][1][safepoint    ] Leaving safepoint region
[2019-12-09T03:24:21.099+0000][1][safepoint    ] Total time for which application threads were stopped: 0.0000807 seconds, Stopping threads took: 0.0000169 seconds
[2019-12-09T03:24:22.099+0000][1][safepoint    ] Application time: 1.0000802 seconds
[2019-12-09T03:24:22.099+0000][1][safepoint    ] Entering safepoint region: Cleanup
[2019-12-09T03:24:22.099+0000][1][safepoint    ] Leaving safepoint region
[2019-12-09T03:24:22.099+0000][1][safepoint    ] Total time for which application threads were stopped: 0.0000832 seconds, Stopping threads took: 0.0000187 seconds
[2019-12-09T03:24:23.099+0000][1][safepoint    ] Application time: 1.0000795 seconds
[2019-12-09T03:24:23.099+0000][1][safepoint    ] Entering safepoint region: Cleanup
[2019-12-09T03:24:23.099+0000][1][safepoint    ] Leaving safepoint region
[2019-12-09T03:24:23.099+0000][1][safepoint    ] Total time for which application threads were stopped: 0.0000965 seconds, Stopping threads took: 0.0000177 seconds
[2019-12-09T03:24:24.099+0000][1][safepoint    ] Application time: 1.0000779 seconds
[2019-12-09T03:24:24.099+0000][1][safepoint    ] Entering safepoint region: Cleanup
[2019-12-09T03:24:24.100+0000][1][safepoint    ] Leaving safepoint region
[2019-12-09T03:24:24.100+0000][1][safepoint    ] Total time for which application threads were stopped: 0.0000795 seconds, Stopping threads took: 0.0000174 seconds
[2019-12-09T03:24:25.100+0000][1][safepoint    ] Application time: 1.0000784 seconds
[2019-12-09T03:24:25.100+0000][1][safepoint    ] Entering safepoint region: Cleanup
[2019-12-09T03:24:25.100+0000][1][safepoint    ] Leaving safepoint region
[2019-12-09T03:24:25.100+0000][1][safepoint    ] Total time for which application threads were stopped: 0.0000856 seconds, Stopping threads took: 0.0000193 seconds
[2019-12-09T03:24:26.100+0000][1][safepoint    ] Application time: 1.0000764 seconds
[2019-12-09T03:24:26.100+0000][1][safepoint    ] Entering safepoint region: Cleanup
[2019-12-09T03:24:26.100+0000][1][safepoint    ] Leaving safepoint region
[2019-12-09T03:24:26.100+0000][1][safepoint    ] Total time for which application threads were stopped: 0.0001101 seconds, Stopping threads took: 0.0000174 seconds
[2019-12-09T03:24:27.100+0000][1][safepoint    ] Application time: 1.0000763 seconds
[2019-12-09T03:24:27.100+0000][1][safepoint    ] Entering safepoint region: Cleanup
[2019-12-09T03:24:27.100+0000][1][safepoint    ] Leaving safepoint region
[2019-12-09T03:24:27.100+0000][1][safepoint    ] Total time for which application threads were stopped: 0.0000886 seconds, Stopping threads took: 0.0000178 seconds
[2019-12-09T03:24:28.100+0000][1][safepoint    ] Application time: 1.0000798 seconds
[2019-12-09T03:24:28.100+0000][1][safepoint    ] Entering safepoint region: Cleanup
[2019-12-09T03:24:28.100+0000][1][safepoint    ] Leaving safepoint region
[2019-12-09T03:24:28.100+0000][1][safepoint    ] Total time for which application threads were stopped: 0.0000883 seconds, Stopping threads took: 0.0000255 seconds
[2019-12-09T03:24:29.101+0000][1][safepoint    ] Application time: 1.0000868 seconds
[2019-12-09T03:24:29.101+0000][1][safepoint    ] Entering safepoint region: Cleanup
[2019-12-09T03:24:29.101+0000][1][safepoint    ] Leaving safepoint region
[2019-12-09T03:24:29.101+0000][1][safepoint    ] Total time for which application threads were stopped: 0.0001203 seconds, Stopping threads took: 0.0000219 seconds
[2019-12-09T03:24:30.101+0000][1][safepoint    ] Application time: 1.0000781 seconds
[2019-12-09T03:24:30.101+0000][1][safepoint    ] Entering safepoint region: Cleanup
[2019-12-09T03:24:30.101+0000][1][safepoint    ] Leaving safepoint region
[2019-12-09T03:24:30.101+0000][1][safepoint    ] Total time for which application threads were stopped: 0.0000913 seconds, Stopping threads took: 0.0000183 seconds
[2019-12-09T03:24:31.101+0000][1][safepoint    ] Application time: 1.0000771 seconds
[2019-12-09T03:24:31.101+0000][1][safepoint    ] Entering safepoint region: Cleanup
[2019-12-09T03:24:31.101+0000][1][safepoint    ] Leaving safepoint region
[2019-12-09T03:24:31.101+0000][1][safepoint    ] Total time for which application threads were stopped: 0.0000858 seconds, Stopping threads took: 0.0000170 seconds
[2019-12-09T03:24:32.101+0000][1][safepoint    ] Application time: 1.0000773 seconds
[2019-12-09T03:24:32.101+0000][1][safepoint    ] Entering safepoint region: Cleanup
[2019-12-09T03:24:32.101+0000][1][safepoint    ] Leaving safepoint region
[2019-12-09T03:24:32.101+0000][1][safepoint    ] Total time for which application threads were stopped: 0.0000879 seconds, Stopping threads took: 0.0000173 seconds
[2019-12-09T03:24:33.101+0000][1][safepoint    ] Application time: 1.0000762 seconds
[2019-12-09T03:24:33.101+0000][1][safepoint    ] Entering safepoint region: Cleanup
[2019-12-09T03:24:33.102+0000][1][safepoint    ] Leaving safepoint region
[2019-12-09T03:24:33.102+0000][1][safepoint    ] Total time for which application threads were stopped: 0.0000821 seconds, Stopping threads took: 0.0000174 seconds
[2019-12-09T03:24:34.102+0000][1][safepoint    ] Application time: 1.0000771 seconds
[2019-12-09T03:24:34.102+0000][1][safepoint    ] Entering safepoint region: Cleanup
[2019-12-09T03:24:34.102+0000][1][safepoint    ] Leaving safepoint region
[2019-12-09T03:24:34.102+0000][1][safepoint    ] Total time for which application threads were stopped: 0.0000919 seconds, Stopping threads took: 0.0000160 seconds
[2019-12-09T03:24:35.102+0000][1][safepoint    ] Application time: 1.0000772 seconds
[2019-12-09T03:24:35.102+0000][1][safepoint    ] Entering safepoint region: Cleanup
[2019-12-09T03:24:35.102+0000][1][safepoint    ] Leaving safepoint region
[2019-12-09T03:24:35.102+0000][1][safepoint    ] Total time for which application threads were stopped: 0.0000851 seconds, Stopping threads took: 0.0000168 seconds
[2019-12-09T03:24:36.102+0000][1][safepoint    ] Application time: 1.0000781 seconds
[2019-12-09T03:24:36.102+0000][1][safepoint    ] Entering safepoint region: Cleanup
[2019-12-09T03:24:36.102+0000][1][safepoint    ] Leaving safepoint region
[2019-12-09T03:24:36.102+0000][1][safepoint    ] Total time for which application threads were stopped: 0.0000898 seconds, Stopping threads took: 0.0000195 seconds
[2019-12-09T03:24:37.102+0000][1][safepoint    ] Application time: 1.0000778 seconds
[2019-12-09T03:24:37.102+0000][1][safepoint    ] Entering safepoint region: Cleanup
[2019-12-09T03:24:37.102+0000][1][safepoint    ] Leaving safepoint region
[2019-12-09T03:24:37.102+0000][1][safepoint    ] Total time for which application threads were stopped: 0.0000825 seconds, Stopping threads took: 0.0000187 seconds
[2019-12-09T03:24:38.102+0000][1][safepoint    ] Application time: 1.0000784 seconds
[2019-12-09T03:24:38.103+0000][1][safepoint    ] Entering safepoint region: Cleanup
[2019-12-09T03:24:38.103+0000][1][safepoint    ] Leaving safepoint region
[2019-12-09T03:24:38.103+0000][1][safepoint    ] Total time for which application threads were stopped: 0.0000888 seconds, Stopping threads took: 0.0000220 seconds
[2019-12-09T03:24:39.103+0000][1][safepoint    ] Application time: 1.0000727 seconds
[2019-12-09T03:24:39.103+0000][1][safepoint    ] Entering safepoint region: Cleanup
[2019-12-09T03:24:39.103+0000][1][safepoint    ] Leaving safepoint region
[2019-12-09T03:24:39.103+0000][1][safepoint    ] Total time for which application threads were stopped: 0.0000809 seconds, Stopping threads took: 0.0000194 seconds
[2019-12-09T03:24:40.103+0000][1][safepoint    ] Application time: 1.0000766 seconds
[2019-12-09T03:24:40.103+0000][1][safepoint    ] Entering safepoint region: Cleanup
[2019-12-09T03:24:40.103+0000][1][safepoint    ] Leaving safepoint region
[2019-12-09T03:24:40.103+0000][1][safepoint    ] Total time for which application threads were stopped: 0.0000842 seconds, Stopping threads took: 0.0000192 seconds
[2019-12-09T03:24:41.103+0000][1][safepoint    ] Application time: 1.0000807 seconds
[2019-12-09T03:24:41.103+0000][1][safepoint    ] Entering safepoint region: Cleanup
[2019-12-09T03:24:41.103+0000][1][safepoint    ] Leaving safepoint region
[2019-12-09T03:24:41.103+0000][1][safepoint    ] Total time for which application threads were stopped: 0.0000885 seconds, Stopping threads took: 0.0000201 seconds
[2019-12-09T03:24:42.103+0000][1][safepoint    ] Application time: 1.0000774 seconds
[2019-12-09T03:24:42.103+0000][1][safepoint    ] Entering safepoint region: Cleanup
[2019-12-09T03:24:42.103+0000][1][safepoint    ] Leaving safepoint region
[2019-12-09T03:24:42.103+0000][1][safepoint    ] Total time for which application threads were stopped: 0.0000831 seconds, Stopping threads took: 0.0000184 seconds
[2019-12-09T03:24:44.104+0000][1][safepoint    ] Application time: 2.0001423 seconds
[2019-12-09T03:24:44.104+0000][1][safepoint    ] Entering safepoint region: Cleanup
[2019-12-09T03:24:44.104+0000][1][safepoint    ] Leaving safepoint region
[2019-12-09T03:24:44.104+0000][1][safepoint    ] Total time for which application threads were stopped: 0.0000771 seconds, Stopping threads took: 0.0000181 seconds
[2019-12-09T03:24:46.104+0000][1][safepoint    ] Application time: 2.0001542 seconds
[2019-12-09T03:24:46.104+0000][1][safepoint    ] Entering safepoint region: Cleanup
[2019-12-09T03:24:46.104+0000][1][safepoint    ] Leaving safepoint region
[2019-12-09T03:24:46.104+0000][1][safepoint    ] Total time for which application threads were stopped: 0.0000857 seconds, Stopping threads took: 0.0000191 seconds
[2019-12-09T03:24:47.104+0000][1][safepoint    ] Application time: 1.0000768 seconds
[2019-12-09T03:24:47.104+0000][1][safepoint    ] Entering safepoint region: Cleanup
[2019-12-09T03:24:47.104+0000][1][safepoint    ] Leaving safepoint region
[2019-12-09T03:24:47.104+0000][1][safepoint    ] Total time for which application threads were stopped: 0.0000840 seconds, Stopping threads took: 0.0000196 seconds
[2019-12-09T03:24:50.104+0000][1][safepoint    ] Application time: 3.0002101 seconds
[2019-12-09T03:24:50.104+0000][1][safepoint    ] Entering safepoint region: Cleanup
[2019-12-09T03:24:50.104+0000][1][safepoint    ] Leaving safepoint region
[2019-12-09T03:24:50.105+0000][1][safepoint    ] Total time for which application threads were stopped: 0.0000875 seconds, Stopping threads took: 0.0000188 seconds
[2019-12-09T03:24:51.105+0000][1][safepoint    ] Application time: 1.0000782 seconds
[2019-12-09T03:24:51.105+0000][1][safepoint    ] Entering safepoint region: Cleanup
[2019-12-09T03:24:51.105+0000][1][safepoint    ] Leaving safepoint region
[2019-12-09T03:24:51.105+0000][1][safepoint    ] Total time for which application threads were stopped: 0.0001004 seconds, Stopping threads took: 0.0000203 seconds
[2019-12-09T03:24:53.105+0000][1][safepoint    ] Application time: 2.0001426 seconds
[2019-12-09T03:24:53.105+0000][1][safepoint    ] Entering safepoint region: Cleanup
[2019-12-09T03:24:53.105+0000][1][safepoint    ] Leaving safepoint region
[2019-12-09T03:24:53.105+0000][1][safepoint    ] Total time for which application threads were stopped: 0.0000839 seconds, Stopping threads took: 0.0000194 seconds
[2019-12-09T03:24:53.588+0000][1][safepoint    ] Application time: 0.4827330 seconds
[2019-12-09T03:24:53.588+0000][1][safepoint    ] Entering safepoint region: CollectForMetadataAllocation
[2019-12-09T03:24:53.588+0000][1][safepoint    ] Leaving safepoint region
[2019-12-09T03:24:53.588+0000][1][safepoint    ] Total time for which application threads were stopped: 0.0002169 seconds, Stopping threads took: 0.0000160 seconds
[2019-12-09T03:24:54.022+0000][1][safepoint    ] Application time: 0.4341589 seconds
[2019-12-09T03:24:54.022+0000][1][safepoint    ] Entering safepoint region: CMS_Initial_Mark
[2019-12-09T03:24:54.022+0000][1][gc,start     ] GC(24) Pause Initial Mark
[2019-12-09T03:24:54.040+0000][1][gc           ] GC(24) Pause Initial Mark 107M->107M(247M) 17.602ms
[2019-12-09T03:24:54.040+0000][1][gc,cpu       ] GC(24) User=0.04s Sys=0.00s Real=0.02s
[2019-12-09T03:24:54.040+0000][1][safepoint    ] Leaving safepoint region
[2019-12-09T03:24:54.040+0000][1][safepoint    ] Total time for which application threads were stopped: 0.0177526 seconds, Stopping threads took: 0.0000190 seconds
[2019-12-09T03:24:54.040+0000][1][gc           ] GC(24) Concurrent Mark
[2019-12-09T03:24:54.098+0000][1][gc           ] GC(24) Concurrent Mark 57.976ms
[2019-12-09T03:24:54.098+0000][1][gc,cpu       ] GC(24) User=0.06s Sys=0.00s Real=0.06s
[2019-12-09T03:24:54.098+0000][1][gc           ] GC(24) Concurrent Preclean
[2019-12-09T03:24:54.099+0000][1][gc           ] GC(24) Concurrent Preclean 0.816ms
[2019-12-09T03:24:54.099+0000][1][gc,cpu       ] GC(24) User=0.00s Sys=0.00s Real=0.00s
[2019-12-09T03:24:54.099+0000][1][gc           ] GC(24) Concurrent Abortable Preclean
[2019-12-09T03:24:55.040+0000][1][safepoint    ] Application time: 1.0000801 seconds
[2019-12-09T03:24:55.040+0000][1][safepoint    ] Entering safepoint region: Cleanup
[2019-12-09T03:24:55.040+0000][1][safepoint    ] Leaving safepoint region
[2019-12-09T03:24:55.040+0000][1][safepoint    ] Total time for which application threads were stopped: 0.0000863 seconds, Stopping threads took: 0.0000194 seconds
[2019-12-09T03:24:56.040+0000][1][safepoint    ] Application time: 1.0000760 seconds
[2019-12-09T03:24:56.040+0000][1][safepoint    ] Entering safepoint region: Cleanup
[2019-12-09T03:24:56.040+0000][1][safepoint    ] Leaving safepoint region
[2019-12-09T03:24:56.040+0000][1][safepoint    ] Total time for which application threads were stopped: 0.0000836 seconds, Stopping threads took: 0.0000191 seconds
[2019-12-09T03:24:57.040+0000][1][safepoint    ] Application time: 1.0000751 seconds
[2019-12-09T03:24:57.040+0000][1][safepoint    ] Entering safepoint region: Cleanup
[2019-12-09T03:24:57.041+0000][1][safepoint    ] Leaving safepoint region
[2019-12-09T03:24:57.041+0000][1][safepoint    ] Total time for which application threads were stopped: 0.0000766 seconds, Stopping threads took: 0.0000163 seconds
[2019-12-09T03:24:58.041+0000][1][safepoint    ] Application time: 1.0000752 seconds
[2019-12-09T03:24:58.041+0000][1][safepoint    ] Entering safepoint region: Cleanup
[2019-12-09T03:24:58.041+0000][1][safepoint    ] Leaving safepoint region
[2019-12-09T03:24:58.041+0000][1][safepoint    ] Total time for which application threads were stopped: 0.0001039 seconds, Stopping threads took: 0.0000375 seconds
[2019-12-09T03:24:59.041+0000][1][safepoint    ] Application time: 1.0000749 seconds
[2019-12-09T03:24:59.041+0000][1][safepoint    ] Entering safepoint region: Cleanup
[2019-12-09T03:24:59.041+0000][1][safepoint    ] Leaving safepoint region
[2019-12-09T03:24:59.041+0000][1][safepoint    ] Total time for which application threads were stopped: 0.0000848 seconds, Stopping threads took: 0.0000201 seconds
[2019-12-09T03:24:59.207+0000][1][gc           ] GC(24) Concurrent Abortable Preclean 5107.629ms
[2019-12-09T03:24:59.207+0000][1][gc,cpu       ] GC(24) User=1.46s Sys=0.01s Real=5.11s
[2019-12-09T03:24:59.207+0000][1][safepoint    ] Application time: 0.1656022 seconds
[2019-12-09T03:24:59.207+0000][1][safepoint    ] Entering safepoint region: CMS_Final_Remark
[2019-12-09T03:24:59.207+0000][1][gc,start     ] GC(24) Pause Remark
[2019-12-09T03:24:59.241+0000][1][gc           ] GC(24) Pause Remark 111M->111M(247M) 34.252ms
[2019-12-09T03:24:59.241+0000][1][gc,cpu       ] GC(24) User=0.06s Sys=0.00s Real=0.03s
[2019-12-09T03:24:59.241+0000][1][safepoint    ] Leaving safepoint region
[2019-12-09T03:24:59.241+0000][1][safepoint    ] Total time for which application threads were stopped: 0.0344052 seconds, Stopping threads took: 0.0000159 seconds
[2019-12-09T03:24:59.241+0000][1][gc           ] GC(24) Concurrent Sweep
[2019-12-09T03:24:59.266+0000][1][gc           ] GC(24) Concurrent Sweep 24.900ms
[2019-12-09T03:24:59.266+0000][1][gc,cpu       ] GC(24) User=0.03s Sys=0.00s Real=0.03s
[2019-12-09T03:24:59.266+0000][1][gc           ] GC(24) Concurrent Reset
[2019-12-09T03:24:59.266+0000][1][gc           ] GC(24) Concurrent Reset 0.264ms
[2019-12-09T03:24:59.266+0000][1][gc,cpu       ] GC(24) User=0.00s Sys=0.00s Real=0.00s
[2019-12-09T03:24:59.266+0000][1][gc,heap      ] GC(24) Old: 64660K->64045K(174784K)
[2019-12-09T03:25:04.241+0000][1][safepoint    ] Application time: 5.0003517 seconds
[2019-12-09T03:25:04.241+0000][1][safepoint    ] Entering safepoint region: Cleanup
[2019-12-09T03:25:04.242+0000][1][safepoint    ] Leaving safepoint region
[2019-12-09T03:25:04.242+0000][1][safepoint    ] Total time for which application threads were stopped: 0.0006950 seconds, Stopping threads took: 0.0000199 seconds
[2019-12-09T03:25:06.242+0000][1][safepoint    ] Application time: 2.0001449 seconds
[2019-12-09T03:25:06.242+0000][1][safepoint    ] Entering safepoint region: Cleanup
[2019-12-09T03:25:06.242+0000][1][safepoint    ] Leaving safepoint region
[2019-12-09T03:25:06.242+0000][1][safepoint    ] Total time for which application threads were stopped: 0.0000888 seconds, Stopping threads took: 0.0000194 seconds
[2019-12-09T03:25:07.242+0000][1][safepoint    ] Application time: 1.0000746 seconds
[2019-12-09T03:25:07.242+0000][1][safepoint    ] Entering safepoint region: Cleanup
[2019-12-09T03:25:07.243+0000][1][safepoint    ] Leaving safepoint region
[2019-12-09T03:25:07.243+0000][1][safepoint    ] Total time for which application threads were stopped: 0.0000890 seconds, Stopping threads took: 0.0000194 seconds
[2019-12-09T03:25:09.243+0000][1][safepoint    ] Application time: 2.0001447 seconds
[2019-12-09T03:25:09.243+0000][1][safepoint    ] Entering safepoint region: Cleanup
[2019-12-09T03:25:09.243+0000][1][safepoint    ] Leaving safepoint region
[2019-12-09T03:25:09.243+0000][1][safepoint    ] Total time for which application threads were stopped: 0.0000896 seconds, Stopping threads took: 0.0000199 seconds
[2019-12-09T03:25:10.243+0000][1][safepoint    ] Application time: 1.0000774 seconds
[2019-12-09T03:25:10.243+0000][1][safepoint    ] Entering safepoint region: Cleanup
[2019-12-09T03:25:10.243+0000][1][safepoint    ] Leaving safepoint region
[2019-12-09T03:25:10.243+0000][1][safepoint    ] Total time for which application threads were stopped: 0.0000910 seconds, Stopping threads took: 0.0000264 seconds
[2019-12-09T03:25:13.243+0000][1][safepoint    ] Application time: 3.0002136 seconds
[2019-12-09T03:25:13.243+0000][1][safepoint    ] Entering safepoint region: Cleanup
[2019-12-09T03:25:13.243+0000][1][safepoint    ] Leaving safepoint region
[2019-12-09T03:25:13.243+0000][1][safepoint    ] Total time for which application threads were stopped: 0.0000841 seconds, Stopping threads took: 0.0000207 seconds
[2019-12-09T03:25:17.244+0000][1][safepoint    ] Application time: 4.0002892 seconds
[2019-12-09T03:25:17.244+0000][1][safepoint    ] Entering safepoint region: Cleanup
[2019-12-09T03:25:17.244+0000][1][safepoint    ] Leaving safepoint region
[2019-12-09T03:25:17.244+0000][1][safepoint    ] Total time for which application threads were stopped: 0.0000829 seconds, Stopping threads took: 0.0000199 seconds
[2019-12-09T03:25:18.244+0000][1][safepoint    ] Application time: 1.0000786 seconds
[2019-12-09T03:25:18.244+0000][1][safepoint    ] Entering safepoint region: Cleanup
[2019-12-09T03:25:18.244+0000][1][safepoint    ] Leaving safepoint region
[2019-12-09T03:25:18.244+0000][1][safepoint    ] Total time for which application threads were stopped: 0.0000807 seconds, Stopping threads took: 0.0000182 seconds
[2019-12-09T03:25:19.244+0000][1][safepoint    ] Application time: 1.0000775 seconds
[2019-12-09T03:25:19.244+0000][1][safepoint    ] Entering safepoint region: Cleanup
[2019-12-09T03:25:19.244+0000][1][safepoint    ] Leaving safepoint region
[2019-12-09T03:25:19.244+0000][1][safepoint    ] Total time for which application threads were stopped: 0.0000825 seconds, Stopping threads took: 0.0000198 seconds
[2019-12-09T03:25:20.244+0000][1][safepoint    ] Application time: 1.0000759 seconds
[2019-12-09T03:25:20.244+0000][1][safepoint    ] Entering safepoint region: Cleanup
[2019-12-09T03:25:20.244+0000][1][safepoint    ] Leaving safepoint region
[2019-12-09T03:25:20.244+0000][1][safepoint    ] Total time for which application threads were stopped: 0.0000817 seconds, Stopping threads took: 0.0000212 seconds
[2019-12-09T03:25:21.244+0000][1][safepoint    ] Application time: 1.0000784 seconds
[2019-12-09T03:25:21.245+0000][1][safepoint    ] Entering safepoint region: Cleanup
[2019-12-09T03:25:21.245+0000][1][safepoint    ] Leaving safepoint region
[2019-12-09T03:25:21.245+0000][1][safepoint    ] Total time for which application threads were stopped: 0.0000839 seconds, Stopping threads took: 0.0000189 seconds
[2019-12-09T03:25:22.245+0000][1][safepoint    ] Application time: 1.0000877 seconds
[2019-12-09T03:25:22.245+0000][1][safepoint    ] Entering safepoint region: Cleanup
[2019-12-09T03:25:22.245+0000][1][safepoint    ] Leaving safepoint region
[2019-12-09T03:25:22.245+0000][1][safepoint    ] Total time for which application threads were stopped: 0.0000849 seconds, Stopping threads took: 0.0000200 seconds
[2019-12-09T03:25:26.245+0000][1][safepoint    ] Application time: 4.0002417 seconds
[2019-12-09T03:25:26.245+0000][1][safepoint    ] Entering safepoint region: Cleanup
[2019-12-09T03:25:26.245+0000][1][safepoint    ] Leaving safepoint region
[2019-12-09T03:25:26.245+0000][1][safepoint    ] Total time for which application threads were stopped: 0.0001150 seconds, Stopping threads took: 0.0000270 seconds
[2019-12-09T03:25:30.246+0000][1][safepoint    ] Application time: 4.0002819 seconds
[2019-12-09T03:25:30.246+0000][1][safepoint    ] Entering safepoint region: Cleanup
[2019-12-09T03:25:30.246+0000][1][safepoint    ] Leaving safepoint region
[2019-12-09T03:25:30.246+0000][1][safepoint    ] Total time for which application threads were stopped: 0.0000961 seconds, Stopping threads took: 0.0000278 seconds
[2019-12-09T03:25:31.246+0000][1][safepoint    ] Application time: 1.0000538 seconds
[2019-12-09T03:25:31.246+0000][1][safepoint    ] Entering safepoint region: Cleanup
[2019-12-09T03:25:31.246+0000][1][safepoint    ] Leaving safepoint region
[2019-12-09T03:25:31.246+0000][1][safepoint    ] Total time for which application threads were stopped: 0.0001310 seconds, Stopping threads took: 0.0000317 seconds
[2019-12-09T03:25:36.246+0000][1][safepoint    ] Application time: 5.0003464 seconds
[2019-12-09T03:25:36.246+0000][1][safepoint    ] Entering safepoint region: Cleanup
[2019-12-09T03:25:36.246+0000][1][safepoint    ] Leaving safepoint region
[2019-12-09T03:25:36.246+0000][1][safepoint    ] Total time for which application threads were stopped: 0.0000912 seconds, Stopping threads took: 0.0000183 seconds
[2019-12-09T03:25:38.247+0000][1][safepoint    ] Application time: 2.0001459 seconds
[2019-12-09T03:25:38.247+0000][1][safepoint    ] Entering safepoint region: Cleanup
[2019-12-09T03:25:38.247+0000][1][safepoint    ] Leaving safepoint region
[2019-12-09T03:25:38.247+0000][1][safepoint    ] Total time for which application threads were stopped: 0.0000833 seconds, Stopping threads took: 0.0000194 seconds
[2019-12-09T03:25:40.247+0000][1][safepoint    ] Application time: 2.0001439 seconds
[2019-12-09T03:25:40.247+0000][1][safepoint    ] Entering safepoint region: Cleanup
[2019-12-09T03:25:40.247+0000][1][safepoint    ] Leaving safepoint region
[2019-12-09T03:25:40.247+0000][1][safepoint    ] Total time for which application threads were stopped: 0.0000876 seconds, Stopping threads took: 0.0000194 seconds
[2019-12-09T03:25:41.247+0000][1][safepoint    ] Application time: 1.0000774 seconds
[2019-12-09T03:25:41.247+0000][1][safepoint    ] Entering safepoint region: Cleanup
[2019-12-09T03:25:41.247+0000][1][safepoint    ] Leaving safepoint region
[2019-12-09T03:25:41.247+0000][1][safepoint    ] Total time for which application threads were stopped: 0.0000856 seconds, Stopping threads took: 0.0000188 seconds
[2019-12-09T03:25:49.131+0000][1][safepoint    ] Application time: 7.8839332 seconds
[2019-12-09T03:25:49.131+0000][1][safepoint    ] Entering safepoint region: GenCollectForAllocation
[2019-12-09T03:25:49.131+0000][1][gc,start     ] GC(25) Pause Young (Allocation Failure)
[2019-12-09T03:25:49.131+0000][1][gc,task      ] GC(25) Using 2 workers of 2 for evacuation
[2019-12-09T03:25:49.147+0000][1][gc,age       ] GC(25) Desired survivor size 4456448 bytes, new threshold 6 (max threshold 6)
[2019-12-09T03:25:49.147+0000][1][gc,age       ] GC(25) Age table with threshold 6 (max threshold 6)
[2019-12-09T03:25:49.147+0000][1][gc,age       ] GC(25) - age   1:      26424 bytes,      26424 total
[2019-12-09T03:25:49.147+0000][1][gc,age       ] GC(25) - age   2:    1839784 bytes,    1866208 total
[2019-12-09T03:25:49.147+0000][1][gc,heap      ] GC(25) ParNew: 76765K->5711K(78656K)
[2019-12-09T03:25:49.147+0000][1][gc,heap      ] GC(25) CMS: 64045K->67694K(174784K)
[2019-12-09T03:25:49.147+0000][1][gc,metaspace ] GC(25) Metaspace: 68539K->68539K(1112064K)
[2019-12-09T03:25:49.148+0000][1][gc           ] GC(25) Pause Young (Allocation Failure) 137M->71M(247M) 16.294ms
[2019-12-09T03:25:49.148+0000][1][gc,cpu       ] GC(25) User=0.03s Sys=0.00s Real=0.02s
[2019-12-09T03:25:49.148+0000][1][safepoint    ] Leaving safepoint region
[2019-12-09T03:25:49.148+0000][1][safepoint    ] Total time for which application threads were stopped: 0.0164521 seconds, Stopping threads took: 0.0000179 seconds
[2019-12-09T03:25:50.148+0000][1][safepoint    ] Application time: 1.0000886 seconds
[2019-12-09T03:25:50.148+0000][1][safepoint    ] Entering safepoint region: Cleanup
[2019-12-09T03:25:50.148+0000][1][safepoint    ] Leaving safepoint region
[2019-12-09T03:25:50.148+0000][1][safepoint    ] Total time for which application threads were stopped: 0.0000867 seconds, Stopping threads took: 0.0000209 seconds
[2019-12-09T03:25:51.148+0000][1][safepoint    ] Application time: 1.0000779 seconds
[2019-12-09T03:25:51.148+0000][1][safepoint    ] Entering safepoint region: Cleanup
[2019-12-09T03:25:51.148+0000][1][safepoint    ] Leaving safepoint region
[2019-12-09T03:25:51.148+0000][1][safepoint    ] Total time for which application threads were stopped: 0.0000831 seconds, Stopping threads took: 0.0000189 seconds
[2019-12-09T03:25:52.148+0000][1][safepoint    ] Application time: 1.0000771 seconds
[2019-12-09T03:25:52.148+0000][1][safepoint    ] Entering safepoint region: Cleanup
[2019-12-09T03:25:52.148+0000][1][safepoint    ] Leaving safepoint region
[2019-12-09T03:25:52.148+0000][1][safepoint    ] Total time for which application threads were stopped: 0.0000873 seconds, Stopping threads took: 0.0000201 seconds
[2019-12-09T03:25:53.148+0000][1][safepoint    ] Application time: 1.0000767 seconds
[2019-12-09T03:25:53.148+0000][1][safepoint    ] Entering safepoint region: Cleanup
[2019-12-09T03:25:53.148+0000][1][safepoint    ] Leaving safepoint region
[2019-12-09T03:25:53.148+0000][1][safepoint    ] Total time for which application threads were stopped: 0.0000879 seconds, Stopping threads took: 0.0000224 seconds
[2019-12-09T03:25:55.149+0000][1][safepoint    ] Application time: 2.0001581 seconds
[2019-12-09T03:25:55.149+0000][1][safepoint    ] Entering safepoint region: Cleanup
[2019-12-09T03:25:55.149+0000][1][safepoint    ] Leaving safepoint region
[2019-12-09T03:25:55.149+0000][1][safepoint    ] Total time for which application threads were stopped: 0.0000997 seconds, Stopping threads took: 0.0000204 seconds
[2019-12-09T03:25:57.149+0000][1][safepoint    ] Application time: 2.0001413 seconds
[2019-12-09T03:25:57.149+0000][1][safepoint    ] Entering safepoint region: Cleanup
[2019-12-09T03:25:57.149+0000][1][safepoint    ] Leaving safepoint region
[2019-12-09T03:25:57.149+0000][1][safepoint    ] Total time for which application threads were stopped: 0.0000847 seconds, Stopping threads took: 0.0000202 seconds
[2019-12-09T03:25:58.149+0000][1][safepoint    ] Application time: 1.0000750 seconds
[2019-12-09T03:25:58.149+0000][1][safepoint    ] Entering safepoint region: Cleanup
[2019-12-09T03:25:58.149+0000][1][safepoint    ] Leaving safepoint region
[2019-12-09T03:25:58.149+0000][1][safepoint    ] Total time for which application threads were stopped: 0.0000981 seconds, Stopping threads took: 0.0000275 seconds
[2019-12-09T03:26:00.149+0000][1][safepoint    ] Application time: 2.0001169 seconds
[2019-12-09T03:26:00.149+0000][1][safepoint    ] Entering safepoint region: Cleanup
[2019-12-09T03:26:00.149+0000][1][safepoint    ] Leaving safepoint region
[2019-12-09T03:26:00.149+0000][1][safepoint    ] Total time for which application threads were stopped: 0.0000832 seconds, Stopping threads took: 0.0000207 seconds
[2019-12-09T03:26:05.150+0000][1][safepoint    ] Application time: 5.0003536 seconds
[2019-12-09T03:26:05.150+0000][1][safepoint    ] Entering safepoint region: Cleanup
[2019-12-09T03:26:05.150+0000][1][safepoint    ] Leaving safepoint region
[2019-12-09T03:26:05.150+0000][1][safepoint    ] Total time for which application threads were stopped: 0.0000841 seconds, Stopping threads took: 0.0000195 seconds
[2019-12-09T03:26:06.150+0000][1][safepoint    ] Application time: 1.0000793 seconds
[2019-12-09T03:26:06.150+0000][1][safepoint    ] Entering safepoint region: Cleanup
[2019-12-09T03:26:06.150+0000][1][safepoint    ] Leaving safepoint region
[2019-12-09T03:26:06.150+0000][1][safepoint    ] Total time for which application threads were stopped: 0.0000886 seconds, Stopping threads took: 0.0000209 seconds
[2019-12-09T03:26:09.150+0000][1][safepoint    ] Application time: 3.0002109 seconds
[2019-12-09T03:26:09.150+0000][1][safepoint    ] Entering safepoint region: Cleanup
[2019-12-09T03:26:09.150+0000][1][safepoint    ] Leaving safepoint region
[2019-12-09T03:26:09.150+0000][1][safepoint    ] Total time for which application threads were stopped: 0.0000898 seconds, Stopping threads took: 0.0000215 seconds
[2019-12-09T03:26:19.151+0000][1][safepoint    ] Application time: 10.0007076 seconds
[2019-12-09T03:26:19.151+0000][1][safepoint    ] Entering safepoint region: Cleanup
[2019-12-09T03:26:19.151+0000][1][safepoint    ] Leaving safepoint region
[2019-12-09T03:26:19.151+0000][1][safepoint    ] Total time for which application threads were stopped: 0.0000886 seconds, Stopping threads took: 0.0000205 seconds
[2019-12-09T03:26:20.151+0000][1][safepoint    ] Application time: 1.0000778 seconds
[2019-12-09T03:26:20.151+0000][1][safepoint    ] Entering safepoint region: Cleanup
[2019-12-09T03:26:20.152+0000][1][safepoint    ] Leaving safepoint region
[2019-12-09T03:26:20.152+0000][1][safepoint    ] Total time for which application threads were stopped: 0.0000937 seconds, Stopping threads took: 0.0000205 seconds
[2019-12-09T03:26:22.152+0000][1][safepoint    ] Application time: 2.0001535 seconds
[2019-12-09T03:26:22.152+0000][1][safepoint    ] Entering safepoint region: Cleanup
[2019-12-09T03:26:22.152+0000][1][safepoint    ] Leaving safepoint region
[2019-12-09T03:26:22.152+0000][1][safepoint    ] Total time for which application threads were stopped: 0.0001120 seconds, Stopping threads took: 0.0000241 seconds
[2019-12-09T03:26:24.152+0000][1][safepoint    ] Application time: 2.0001443 seconds
[2019-12-09T03:26:24.152+0000][1][safepoint    ] Entering safepoint region: Cleanup
[2019-12-09T03:26:24.152+0000][1][safepoint    ] Leaving safepoint region
[2019-12-09T03:26:24.152+0000][1][safepoint    ] Total time for which application threads were stopped: 0.0000875 seconds, Stopping threads took: 0.0000202 seconds
[2019-12-09T03:26:27.152+0000][1][safepoint    ] Application time: 3.0002111 seconds
[2019-12-09T03:26:27.152+0000][1][safepoint    ] Entering safepoint region: Cleanup
[2019-12-09T03:26:27.152+0000][1][safepoint    ] Leaving safepoint region
[2019-12-09T03:26:27.152+0000][1][safepoint    ] Total time for which application threads were stopped: 0.0000871 seconds, Stopping threads took: 0.0000207 seconds
[2019-12-09T03:26:28.153+0000][1][safepoint    ] Application time: 1.0000779 seconds
[2019-12-09T03:26:28.153+0000][1][safepoint    ] Entering safepoint region: Cleanup
[2019-12-09T03:26:28.153+0000][1][safepoint    ] Leaving safepoint region
[2019-12-09T03:26:28.153+0000][1][safepoint    ] Total time for which application threads were stopped: 0.0001052 seconds, Stopping threads took: 0.0000280 seconds
[2019-12-09T03:26:36.153+0000][1][safepoint    ] Application time: 8.0005485 seconds
[2019-12-09T03:26:36.153+0000][1][safepoint    ] Entering safepoint region: Cleanup
[2019-12-09T03:26:36.153+0000][1][safepoint    ] Leaving safepoint region
[2019-12-09T03:26:36.153+0000][1][safepoint    ] Total time for which application threads were stopped: 0.0000850 seconds, Stopping threads took: 0.0000197 seconds
[2019-12-09T03:26:38.154+0000][1][safepoint    ] Application time: 2.0001452 seconds
[2019-12-09T03:26:38.154+0000][1][safepoint    ] Entering safepoint region: Cleanup
[2019-12-09T03:26:38.154+0000][1][safepoint    ] Leaving safepoint region
[2019-12-09T03:26:38.154+0000][1][safepoint    ] Total time for which application threads were stopped: 0.0001012 seconds, Stopping threads took: 0.0000200 seconds
[2019-12-09T03:26:40.154+0000][1][safepoint    ] Application time: 2.0001480 seconds
[2019-12-09T03:26:40.154+0000][1][safepoint    ] Entering safepoint region: Cleanup
[2019-12-09T03:26:40.154+0000][1][safepoint    ] Leaving safepoint region
[2019-12-09T03:26:40.154+0000][1][safepoint    ] Total time for which application threads were stopped: 0.0000850 seconds, Stopping threads took: 0.0000190 seconds
[2019-12-09T03:26:41.154+0000][1][safepoint    ] Application time: 1.0000541 seconds
[2019-12-09T03:26:41.154+0000][1][safepoint    ] Entering safepoint region: Cleanup
[2019-12-09T03:26:41.154+0000][1][safepoint    ] Leaving safepoint region
[2019-12-09T03:26:41.154+0000][1][safepoint    ] Total time for which application threads were stopped: 0.0000854 seconds, Stopping threads took: 0.0000209 seconds
[2019-12-09T03:26:42.154+0000][1][safepoint    ] Application time: 1.0000794 seconds
[2019-12-09T03:26:42.154+0000][1][safepoint    ] Entering safepoint region: Cleanup
[2019-12-09T03:26:42.154+0000][1][safepoint    ] Leaving safepoint region
[2019-12-09T03:26:42.154+0000][1][safepoint    ] Total time for which application threads were stopped: 0.0001003 seconds, Stopping threads took: 0.0000210 seconds
[2019-12-09T03:26:43.154+0000][1][safepoint    ] Application time: 1.0000780 seconds
[2019-12-09T03:26:43.155+0000][1][safepoint    ] Entering safepoint region: Cleanup
[2019-12-09T03:26:43.155+0000][1][safepoint    ] Leaving safepoint region
[2019-12-09T03:26:43.155+0000][1][safepoint    ] Total time for which application threads were stopped: 0.0000878 seconds, Stopping threads took: 0.0000199 seconds
[2019-12-09T03:26:45.155+0000][1][safepoint    ] Application time: 2.0001579 seconds
[2019-12-09T03:26:45.155+0000][1][safepoint    ] Entering safepoint region: Cleanup
[2019-12-09T03:26:45.155+0000][1][safepoint    ] Leaving safepoint region
[2019-12-09T03:26:45.155+0000][1][safepoint    ] Total time for which application threads were stopped: 0.0000869 seconds, Stopping threads took: 0.0000188 seconds
[2019-12-09T03:26:46.155+0000][1][safepoint    ] Application time: 1.0000825 seconds
[2019-12-09T03:26:46.155+0000][1][safepoint    ] Entering safepoint region: Cleanup
[2019-12-09T03:26:46.155+0000][1][safepoint    ] Leaving safepoint region
[2019-12-09T03:26:46.155+0000][1][safepoint    ] Total time for which application threads were stopped: 0.0000977 seconds, Stopping threads took: 0.0000212 seconds
[2019-12-09T03:26:50.155+0000][1][safepoint    ] Application time: 4.0002956 seconds
[2019-12-09T03:26:50.155+0000][1][safepoint    ] Entering safepoint region: Cleanup
[2019-12-09T03:26:50.156+0000][1][safepoint    ] Leaving safepoint region
[2019-12-09T03:26:50.156+0000][1][safepoint    ] Total time for which application threads were stopped: 0.0000851 seconds, Stopping threads took: 0.0000190 seconds
[2019-12-09T03:26:52.156+0000][1][safepoint    ] Application time: 2.0001462 seconds
[2019-12-09T03:26:52.156+0000][1][safepoint    ] Entering safepoint region: Cleanup
[2019-12-09T03:26:52.156+0000][1][safepoint    ] Leaving safepoint region
[2019-12-09T03:26:52.156+0000][1][safepoint    ] Total time for which application threads were stopped: 0.0000859 seconds, Stopping threads took: 0.0000200 seconds
[2019-12-09T03:26:53.156+0000][1][safepoint    ] Application time: 1.0000774 seconds
[2019-12-09T03:26:53.156+0000][1][safepoint    ] Entering safepoint region: Cleanup
[2019-12-09T03:26:53.156+0000][1][safepoint    ] Leaving safepoint region
[2019-12-09T03:26:53.156+0000][1][safepoint    ] Total time for which application threads were stopped: 0.0000846 seconds, Stopping threads took: 0.0000188 seconds
[2019-12-09T03:26:54.156+0000][1][safepoint    ] Application time: 1.0000809 seconds
[2019-12-09T03:26:54.156+0000][1][safepoint    ] Entering safepoint region: Cleanup
[2019-12-09T03:26:54.156+0000][1][safepoint    ] Leaving safepoint region
[2019-12-09T03:26:54.156+0000][1][safepoint    ] Total time for which application threads were stopped: 0.0000877 seconds, Stopping threads took: 0.0000188 seconds
[2019-12-09T03:26:55.156+0000][1][safepoint    ] Application time: 1.0000819 seconds
[2019-12-09T03:26:55.156+0000][1][safepoint    ] Entering safepoint region: Cleanup
[2019-12-09T03:26:55.156+0000][1][safepoint    ] Leaving safepoint region
[2019-12-09T03:26:55.156+0000][1][safepoint    ] Total time for which application threads were stopped: 0.0000888 seconds, Stopping threads took: 0.0000196 seconds
[2019-12-09T03:26:59.157+0000][1][safepoint    ] Application time: 4.0002934 seconds
[2019-12-09T03:26:59.157+0000][1][safepoint    ] Entering safepoint region: Cleanup
[2019-12-09T03:26:59.157+0000][1][safepoint    ] Leaving safepoint region
[2019-12-09T03:26:59.157+0000][1][safepoint    ] Total time for which application threads were stopped: 0.0000948 seconds, Stopping threads took: 0.0000286 seconds
[2019-12-09T03:27:01.157+0000][1][safepoint    ] Application time: 2.0001551 seconds
[2019-12-09T03:27:01.157+0000][1][safepoint    ] Entering safepoint region: Cleanup
[2019-12-09T03:27:01.157+0000][1][safepoint    ] Leaving safepoint region
[2019-12-09T03:27:01.157+0000][1][safepoint    ] Total time for which application threads were stopped: 0.0001182 seconds, Stopping threads took: 0.0000252 seconds
[2019-12-09T03:27:02.157+0000][1][safepoint    ] Application time: 1.0000792 seconds
[2019-12-09T03:27:02.157+0000][1][safepoint    ] Entering safepoint region: Cleanup
[2019-12-09T03:27:02.157+0000][1][safepoint    ] Leaving safepoint region
[2019-12-09T03:27:02.157+0000][1][safepoint    ] Total time for which application threads were stopped: 0.0000903 seconds, Stopping threads took: 0.0000190 seconds
[2019-12-09T03:27:03.158+0000][1][safepoint    ] Application time: 1.0000762 seconds
[2019-12-09T03:27:03.158+0000][1][safepoint    ] Entering safepoint region: Cleanup
[2019-12-09T03:27:03.158+0000][1][safepoint    ] Leaving safepoint region
[2019-12-09T03:27:03.158+0000][1][safepoint    ] Total time for which application threads were stopped: 0.0000878 seconds, Stopping threads took: 0.0000194 seconds
[2019-12-09T03:27:04.158+0000][1][safepoint    ] Application time: 1.0000910 seconds
[2019-12-09T03:27:04.158+0000][1][safepoint    ] Entering safepoint region: Cleanup
[2019-12-09T03:27:04.158+0000][1][safepoint    ] Leaving safepoint region
[2019-12-09T03:27:04.158+0000][1][safepoint    ] Total time for which application threads were stopped: 0.0000872 seconds, Stopping threads took: 0.0000201 seconds
[2019-12-09T03:27:05.158+0000][1][safepoint    ] Application time: 1.0000761 seconds
[2019-12-09T03:27:05.158+0000][1][safepoint    ] Entering safepoint region: Cleanup
[2019-12-09T03:27:05.158+0000][1][safepoint    ] Leaving safepoint region
[2019-12-09T03:27:05.158+0000][1][safepoint    ] Total time for which application threads were stopped: 0.0000871 seconds, Stopping threads took: 0.0000202 seconds
[2019-12-09T03:27:06.158+0000][1][safepoint    ] Application time: 1.0000758 seconds
[2019-12-09T03:27:06.158+0000][1][safepoint    ] Entering safepoint region: Cleanup
[2019-12-09T03:27:06.158+0000][1][safepoint    ] Leaving safepoint region
[2019-12-09T03:27:06.158+0000][1][safepoint    ] Total time for which application threads were stopped: 0.0000858 seconds, Stopping threads took: 0.0000200 seconds
[2019-12-09T03:27:08.747+0000][1][safepoint    ] Application time: 2.5888145 seconds
[2019-12-09T03:27:08.747+0000][1][safepoint    ] Entering safepoint region: Cleanup
[2019-12-09T03:27:08.747+0000][1][safepoint    ] Leaving safepoint region
[2019-12-09T03:27:08.747+0000][1][safepoint    ] Total time for which application threads were stopped: 0.0000927 seconds, Stopping threads took: 0.0000171 seconds
[2019-12-09T03:27:09.747+0000][1][safepoint    ] Application time: 1.0000719 seconds
[2019-12-09T03:27:09.747+0000][1][safepoint    ] Entering safepoint region: Cleanup
[2019-12-09T03:27:09.747+0000][1][safepoint    ] Leaving safepoint region
[2019-12-09T03:27:09.747+0000][1][safepoint    ] Total time for which application threads were stopped: 0.0000768 seconds, Stopping threads took: 0.0000187 seconds
[2019-12-09T03:27:14.748+0000][1][safepoint    ] Application time: 5.0004811 seconds
[2019-12-09T03:27:14.748+0000][1][safepoint    ] Entering safepoint region: Cleanup
[2019-12-09T03:27:14.748+0000][1][safepoint    ] Leaving safepoint region
[2019-12-09T03:27:14.748+0000][1][safepoint    ] Total time for which application threads were stopped: 0.0001071 seconds, Stopping threads took: 0.0000306 seconds
[2019-12-09T03:27:15.748+0000][1][safepoint    ] Application time: 1.0000855 seconds
[2019-12-09T03:27:15.748+0000][1][safepoint    ] Entering safepoint region: Cleanup
[2019-12-09T03:27:15.748+0000][1][safepoint    ] Leaving safepoint region
[2019-12-09T03:27:15.748+0000][1][safepoint    ] Total time for which application threads were stopped: 0.0001178 seconds, Stopping threads took: 0.0000511 seconds
[2019-12-09T03:27:17.748+0000][1][safepoint    ] Application time: 2.0001535 seconds
[2019-12-09T03:27:17.748+0000][1][safepoint    ] Entering safepoint region: Cleanup
[2019-12-09T03:27:17.749+0000][1][safepoint    ] Leaving safepoint region
[2019-12-09T03:27:17.749+0000][1][safepoint    ] Total time for which application threads were stopped: 0.0000825 seconds, Stopping threads took: 0.0000190 seconds
[2019-12-09T03:27:21.749+0000][1][safepoint    ] Application time: 4.0002518 seconds
[2019-12-09T03:27:21.749+0000][1][safepoint    ] Entering safepoint region: Cleanup
[2019-12-09T03:27:21.749+0000][1][safepoint    ] Leaving safepoint region
[2019-12-09T03:27:21.749+0000][1][safepoint    ] Total time for which application threads were stopped: 0.0000815 seconds, Stopping threads took: 0.0000197 seconds
[2019-12-09T03:27:22.749+0000][1][safepoint    ] Application time: 1.0000768 seconds
[2019-12-09T03:27:22.749+0000][1][safepoint    ] Entering safepoint region: Cleanup
[2019-12-09T03:27:22.749+0000][1][safepoint    ] Leaving safepoint region
[2019-12-09T03:27:22.749+0000][1][safepoint    ] Total time for which application threads were stopped: 0.0000853 seconds, Stopping threads took: 0.0000191 seconds
[2019-12-09T03:27:27.750+0000][1][safepoint    ] Application time: 5.0003604 seconds
[2019-12-09T03:27:27.750+0000][1][safepoint    ] Entering safepoint region: Cleanup
[2019-12-09T03:27:27.750+0000][1][safepoint    ] Leaving safepoint region
[2019-12-09T03:27:27.750+0000][1][safepoint    ] Total time for which application threads were stopped: 0.0000825 seconds, Stopping threads took: 0.0000209 seconds
[2019-12-09T03:27:28.750+0000][1][safepoint    ] Application time: 1.0000844 seconds
[2019-12-09T03:27:28.750+0000][1][safepoint    ] Entering safepoint region: Cleanup
[2019-12-09T03:27:28.750+0000][1][safepoint    ] Leaving safepoint region
[2019-12-09T03:27:28.750+0000][1][safepoint    ] Total time for which application threads were stopped: 0.0000875 seconds, Stopping threads took: 0.0000244 seconds
[2019-12-09T03:27:32.750+0000][1][safepoint    ] Application time: 4.0002799 seconds
[2019-12-09T03:27:32.750+0000][1][safepoint    ] Entering safepoint region: Cleanup
[2019-12-09T03:27:32.750+0000][1][safepoint    ] Leaving safepoint region
[2019-12-09T03:27:32.750+0000][1][safepoint    ] Total time for which application threads were stopped: 0.0000878 seconds, Stopping threads took: 0.0000194 seconds
[2019-12-09T03:27:39.751+0000][1][safepoint    ] Application time: 7.0004817 seconds
[2019-12-09T03:27:39.751+0000][1][safepoint    ] Entering safepoint region: Cleanup
[2019-12-09T03:27:39.751+0000][1][safepoint    ] Leaving safepoint region
[2019-12-09T03:27:39.751+0000][1][safepoint    ] Total time for which application threads were stopped: 0.0000812 seconds, Stopping threads took: 0.0000190 seconds
[2019-12-09T03:27:40.751+0000][1][safepoint    ] Application time: 1.0000747 seconds
[2019-12-09T03:27:40.751+0000][1][safepoint    ] Entering safepoint region: Cleanup
[2019-12-09T03:27:40.751+0000][1][safepoint    ] Leaving safepoint region
[2019-12-09T03:27:40.751+0000][1][safepoint    ] Total time for which application threads were stopped: 0.0000888 seconds, Stopping threads took: 0.0000188 seconds
[2019-12-09T03:27:49.752+0000][1][safepoint    ] Application time: 9.0006453 seconds
[2019-12-09T03:27:49.752+0000][1][safepoint    ] Entering safepoint region: Cleanup
[2019-12-09T03:27:49.752+0000][1][safepoint    ] Leaving safepoint region
[2019-12-09T03:27:49.752+0000][1][safepoint    ] Total time for which application threads were stopped: 0.0000817 seconds, Stopping threads took: 0.0000192 seconds
[2019-12-09T03:27:53.752+0000][1][safepoint    ] Application time: 4.0002803 seconds
[2019-12-09T03:27:53.752+0000][1][safepoint    ] Entering safepoint region: Cleanup
[2019-12-09T03:27:53.752+0000][1][safepoint    ] Leaving safepoint region
[2019-12-09T03:27:53.752+0000][1][safepoint    ] Total time for which application threads were stopped: 0.0000831 seconds, Stopping threads took: 0.0000195 seconds
[2019-12-09T03:27:59.200+0000][1][safepoint    ] Application time: 5.4473301 seconds
[2019-12-09T03:27:59.200+0000][1][safepoint    ] Entering safepoint region: GenCollectForAllocation
[2019-12-09T03:27:59.200+0000][1][gc,start     ] GC(26) Pause Young (Allocation Failure)
[2019-12-09T03:27:59.200+0000][1][gc,task      ] GC(26) Using 2 workers of 2 for evacuation
[2019-12-09T03:27:59.205+0000][1][gc,age       ] GC(26) Desired survivor size 4456448 bytes, new threshold 6 (max threshold 6)
[2019-12-09T03:27:59.205+0000][1][gc,age       ] GC(26) Age table with threshold 6 (max threshold 6)
[2019-12-09T03:27:59.205+0000][1][gc,age       ] GC(26) - age   1:      20560 bytes,      20560 total
[2019-12-09T03:27:59.205+0000][1][gc,age       ] GC(26) - age   2:      21704 bytes,      42264 total
[2019-12-09T03:27:59.205+0000][1][gc,age       ] GC(26) - age   3:    1835336 bytes,    1877600 total
[2019-12-09T03:27:59.205+0000][1][gc,heap      ] GC(26) ParNew: 75663K->2825K(78656K)
[2019-12-09T03:27:59.205+0000][1][gc,heap      ] GC(26) CMS: 67694K->67694K(174784K)
[2019-12-09T03:27:59.205+0000][1][gc,metaspace ] GC(26) Metaspace: 68784K->68784K(1112064K)
[2019-12-09T03:27:59.205+0000][1][gc           ] GC(26) Pause Young (Allocation Failure) 139M->68M(247M) 5.751ms
[2019-12-09T03:27:59.205+0000][1][gc,cpu       ] GC(26) User=0.01s Sys=0.00s Real=0.01s
[2019-12-09T03:27:59.205+0000][1][safepoint    ] Leaving safepoint region
[2019-12-09T03:27:59.205+0000][1][safepoint    ] Total time for which application threads were stopped: 0.0059232 seconds, Stopping threads took: 0.0000285 seconds
[2019-12-09T03:28:00.206+0000][1][safepoint    ] Application time: 1.0000864 seconds
[2019-12-09T03:28:00.206+0000][1][safepoint    ] Entering safepoint region: Cleanup
[2019-12-09T03:28:00.206+0000][1][safepoint    ] Leaving safepoint region
[2019-12-09T03:28:00.206+0000][1][safepoint    ] Total time for which application threads were stopped: 0.0000840 seconds, Stopping threads took: 0.0000188 seconds
[2019-12-09T03:28:04.206+0000][1][safepoint    ] Application time: 4.0002761 seconds
[2019-12-09T03:28:04.206+0000][1][safepoint    ] Entering safepoint region: Cleanup
[2019-12-09T03:28:04.206+0000][1][safepoint    ] Leaving safepoint region
[2019-12-09T03:28:04.206+0000][1][safepoint    ] Total time for which application threads were stopped: 0.0000914 seconds, Stopping threads took: 0.0000190 seconds
[2019-12-09T03:28:05.206+0000][1][safepoint    ] Application time: 1.0000770 seconds
[2019-12-09T03:28:05.206+0000][1][safepoint    ] Entering safepoint region: Cleanup
[2019-12-09T03:28:05.206+0000][1][safepoint    ] Leaving safepoint region
[2019-12-09T03:28:05.206+0000][1][safepoint    ] Total time for which application threads were stopped: 0.0000871 seconds, Stopping threads took: 0.0000195 seconds
[2019-12-09T03:28:09.207+0000][1][safepoint    ] Application time: 4.0002764 seconds
[2019-12-09T03:28:09.207+0000][1][safepoint    ] Entering safepoint region: Cleanup
[2019-12-09T03:28:09.207+0000][1][safepoint    ] Leaving safepoint region
[2019-12-09T03:28:09.207+0000][1][safepoint    ] Total time for which application threads were stopped: 0.0000986 seconds, Stopping threads took: 0.0000187 seconds
[2019-12-09T03:28:10.207+0000][1][safepoint    ] Application time: 1.0000761 seconds
[2019-12-09T03:28:10.207+0000][1][safepoint    ] Entering safepoint region: Cleanup
[2019-12-09T03:28:10.207+0000][1][safepoint    ] Leaving safepoint region
[2019-12-09T03:28:10.207+0000][1][safepoint    ] Total time for which application threads were stopped: 0.0000840 seconds, Stopping threads took: 0.0000185 seconds
[2019-12-09T03:28:14.207+0000][1][safepoint    ] Application time: 4.0002767 seconds
[2019-12-09T03:28:14.207+0000][1][safepoint    ] Entering safepoint region: Cleanup
[2019-12-09T03:28:14.207+0000][1][safepoint    ] Leaving safepoint region
[2019-12-09T03:28:14.207+0000][1][safepoint    ] Total time for which application threads were stopped: 0.0000872 seconds, Stopping threads took: 0.0000214 seconds
[2019-12-09T03:28:20.208+0000][1][safepoint    ] Application time: 6.0003694 seconds
[2019-12-09T03:28:20.208+0000][1][safepoint    ] Entering safepoint region: Cleanup
[2019-12-09T03:28:20.208+0000][1][safepoint    ] Leaving safepoint region
[2019-12-09T03:28:20.208+0000][1][safepoint    ] Total time for which application threads were stopped: 0.0000839 seconds, Stopping threads took: 0.0000190 seconds
[2019-12-09T03:28:22.208+0000][1][safepoint    ] Application time: 2.0001441 seconds
[2019-12-09T03:28:22.208+0000][1][safepoint    ] Entering safepoint region: Cleanup
[2019-12-09T03:28:22.208+0000][1][safepoint    ] Leaving safepoint region
[2019-12-09T03:28:22.208+0000][1][safepoint    ] Total time for which application threads were stopped: 0.0000831 seconds, Stopping threads took: 0.0000195 seconds
[2019-12-09T03:28:25.208+0000][1][safepoint    ] Application time: 3.0002098 seconds
[2019-12-09T03:28:25.208+0000][1][safepoint    ] Entering safepoint region: Cleanup
[2019-12-09T03:28:25.208+0000][1][safepoint    ] Leaving safepoint region
[2019-12-09T03:28:25.208+0000][1][safepoint    ] Total time for which application threads were stopped: 0.0000839 seconds, Stopping threads took: 0.0000194 seconds
[2019-12-09T03:28:27.209+0000][1][safepoint    ] Application time: 2.0001440 seconds
[2019-12-09T03:28:27.209+0000][1][safepoint    ] Entering safepoint region: Cleanup
[2019-12-09T03:28:27.209+0000][1][safepoint    ] Leaving safepoint region
[2019-12-09T03:28:27.209+0000][1][safepoint    ] Total time for which application threads were stopped: 0.0000948 seconds, Stopping threads took: 0.0000163 seconds
[2019-12-09T03:28:29.209+0000][1][safepoint    ] Application time: 2.0001427 seconds
[2019-12-09T03:28:29.209+0000][1][safepoint    ] Entering safepoint region: Cleanup
[2019-12-09T03:28:29.209+0000][1][safepoint    ] Leaving safepoint region
[2019-12-09T03:28:29.209+0000][1][safepoint    ] Total time for which application threads were stopped: 0.0000936 seconds, Stopping threads took: 0.0000274 seconds
[2019-12-09T03:28:30.209+0000][1][safepoint    ] Application time: 1.0000779 seconds
[2019-12-09T03:28:30.209+0000][1][safepoint    ] Entering safepoint region: Cleanup
[2019-12-09T03:28:30.209+0000][1][safepoint    ] Leaving safepoint region
[2019-12-09T03:28:30.209+0000][1][safepoint    ] Total time for which application threads were stopped: 0.0000844 seconds, Stopping threads took: 0.0000203 seconds
[2019-12-09T03:28:33.209+0000][1][safepoint    ] Application time: 3.0002116 seconds
[2019-12-09T03:28:33.209+0000][1][safepoint    ] Entering safepoint region: Cleanup
[2019-12-09T03:28:33.210+0000][1][safepoint    ] Leaving safepoint region
[2019-12-09T03:28:33.210+0000][1][safepoint    ] Total time for which application threads were stopped: 0.0000894 seconds, Stopping threads took: 0.0000200 seconds
[2019-12-09T03:28:34.210+0000][1][safepoint    ] Application time: 1.0000781 seconds
[2019-12-09T03:28:34.210+0000][1][safepoint    ] Entering safepoint region: Cleanup
[2019-12-09T03:28:34.210+0000][1][safepoint    ] Leaving safepoint region
[2019-12-09T03:28:34.210+0000][1][safepoint    ] Total time for which application threads were stopped: 0.0000939 seconds, Stopping threads took: 0.0000195 seconds
[2019-12-09T03:28:36.210+0000][1][safepoint    ] Application time: 2.0001468 seconds
[2019-12-09T03:28:36.210+0000][1][safepoint    ] Entering safepoint region: Cleanup
[2019-12-09T03:28:36.210+0000][1][safepoint    ] Leaving safepoint region
[2019-12-09T03:28:36.210+0000][1][safepoint    ] Total time for which application threads were stopped: 0.0000864 seconds, Stopping threads took: 0.0000186 seconds
[2019-12-09T03:28:39.210+0000][1][safepoint    ] Application time: 3.0002116 seconds
[2019-12-09T03:28:39.210+0000][1][safepoint    ] Entering safepoint region: Cleanup
[2019-12-09T03:28:39.210+0000][1][safepoint    ] Leaving safepoint region
[2019-12-09T03:28:39.210+0000][1][safepoint    ] Total time for which application threads were stopped: 0.0000841 seconds, Stopping threads took: 0.0000206 seconds
[2019-12-09T03:28:44.211+0000][1][safepoint    ] Application time: 5.0003574 seconds
[2019-12-09T03:28:44.211+0000][1][safepoint    ] Entering safepoint region: Cleanup
[2019-12-09T03:28:44.211+0000][1][safepoint    ] Leaving safepoint region
[2019-12-09T03:28:44.211+0000][1][safepoint    ] Total time for which application threads were stopped: 0.0000878 seconds, Stopping threads took: 0.0000191 seconds
[2019-12-09T03:28:48.211+0000][1][safepoint    ] Application time: 4.0002799 seconds
[2019-12-09T03:28:48.211+0000][1][safepoint    ] Entering safepoint region: Cleanup
[2019-12-09T03:28:48.211+0000][1][safepoint    ] Leaving safepoint region
[2019-12-09T03:28:48.211+0000][1][safepoint    ] Total time for which application threads were stopped: 0.0000872 seconds, Stopping threads took: 0.0000214 seconds
[2019-12-09T03:28:56.212+0000][1][safepoint    ] Application time: 8.0005482 seconds
[2019-12-09T03:28:56.212+0000][1][safepoint    ] Entering safepoint region: Cleanup
[2019-12-09T03:28:56.212+0000][1][safepoint    ] Leaving safepoint region
[2019-12-09T03:28:56.212+0000][1][safepoint    ] Total time for which application threads were stopped: 0.0000879 seconds, Stopping threads took: 0.0000203 seconds
[2019-12-09T03:28:59.212+0000][1][safepoint    ] Application time: 3.0002095 seconds
[2019-12-09T03:28:59.212+0000][1][safepoint    ] Entering safepoint region: Cleanup
[2019-12-09T03:28:59.212+0000][1][safepoint    ] Leaving safepoint region
[2019-12-09T03:28:59.212+0000][1][safepoint    ] Total time for which application threads were stopped: 0.0000994 seconds, Stopping threads took: 0.0000276 seconds
[2019-12-09T03:29:01.212+0000][1][safepoint    ] Application time: 2.0001299 seconds
[2019-12-09T03:29:01.213+0000][1][safepoint    ] Entering safepoint region: Cleanup
[2019-12-09T03:29:01.213+0000][1][safepoint    ] Leaving safepoint region
[2019-12-09T03:29:01.213+0000][1][safepoint    ] Total time for which application threads were stopped: 0.0001137 seconds, Stopping threads took: 0.0000240 seconds
[2019-12-09T03:29:04.213+0000][1][safepoint    ] Application time: 3.0002051 seconds
[2019-12-09T03:29:04.213+0000][1][safepoint    ] Entering safepoint region: Cleanup
[2019-12-09T03:29:04.213+0000][1][safepoint    ] Leaving safepoint region
[2019-12-09T03:29:04.213+0000][1][safepoint    ] Total time for which application threads were stopped: 0.0000856 seconds, Stopping threads took: 0.0000195 seconds
[2019-12-09T03:29:07.213+0000][1][safepoint    ] Application time: 3.0002029 seconds
[2019-12-09T03:29:07.213+0000][1][safepoint    ] Entering safepoint region: Cleanup
[2019-12-09T03:29:07.213+0000][1][safepoint    ] Leaving safepoint region
[2019-12-09T03:29:07.213+0000][1][safepoint    ] Total time for which application threads were stopped: 0.0000896 seconds, Stopping threads took: 0.0000187 seconds
[2019-12-09T03:29:10.214+0000][1][safepoint    ] Application time: 3.0002067 seconds
[2019-12-09T03:29:10.214+0000][1][safepoint    ] Entering safepoint region: Cleanup
[2019-12-09T03:29:10.214+0000][1][safepoint    ] Leaving safepoint region
[2019-12-09T03:29:10.214+0000][1][safepoint    ] Total time for which application threads were stopped: 0.0000847 seconds, Stopping threads took: 0.0000195 seconds
[2019-12-09T03:29:15.214+0000][1][safepoint    ] Application time: 5.0003326 seconds
[2019-12-09T03:29:15.214+0000][1][safepoint    ] Entering safepoint region: Cleanup
[2019-12-09T03:29:15.214+0000][1][safepoint    ] Leaving safepoint region
[2019-12-09T03:29:15.214+0000][1][safepoint    ] Total time for which application threads were stopped: 0.0000853 seconds, Stopping threads took: 0.0000206 seconds
[2019-12-09T03:29:21.215+0000][1][safepoint    ] Application time: 6.0004065 seconds
[2019-12-09T03:29:21.215+0000][1][safepoint    ] Entering safepoint region: Cleanup
[2019-12-09T03:29:21.215+0000][1][safepoint    ] Leaving safepoint region
[2019-12-09T03:29:21.215+0000][1][safepoint    ] Total time for which application threads were stopped: 0.0000810 seconds, Stopping threads took: 0.0000193 seconds
[2019-12-09T03:29:29.215+0000][1][safepoint    ] Application time: 8.0005402 seconds
[2019-12-09T03:29:29.215+0000][1][safepoint    ] Entering safepoint region: Cleanup
[2019-12-09T03:29:29.215+0000][1][safepoint    ] Leaving safepoint region
[2019-12-09T03:29:29.215+0000][1][safepoint    ] Total time for which application threads were stopped: 0.0000853 seconds, Stopping threads took: 0.0000192 seconds
[2019-12-09T03:29:30.215+0000][1][safepoint    ] Application time: 1.0000778 seconds
[2019-12-09T03:29:30.215+0000][1][safepoint    ] Entering safepoint region: Cleanup
[2019-12-09T03:29:30.216+0000][1][safepoint    ] Leaving safepoint region
[2019-12-09T03:29:30.216+0000][1][safepoint    ] Total time for which application threads were stopped: 0.0001031 seconds, Stopping threads took: 0.0000267 seconds
[2019-12-09T03:29:35.216+0000][1][safepoint    ] Application time: 5.0003506 seconds
[2019-12-09T03:29:35.216+0000][1][safepoint    ] Entering safepoint region: Cleanup
[2019-12-09T03:29:35.216+0000][1][safepoint    ] Leaving safepoint region
[2019-12-09T03:29:35.216+0000][1][safepoint    ] Total time for which application threads were stopped: 0.0000896 seconds, Stopping threads took: 0.0000256 seconds
[2019-12-09T03:29:36.216+0000][1][safepoint    ] Application time: 1.0000770 seconds
[2019-12-09T03:29:36.216+0000][1][safepoint    ] Entering safepoint region: Cleanup
[2019-12-09T03:29:36.216+0000][1][safepoint    ] Leaving safepoint region
[2019-12-09T03:29:36.216+0000][1][safepoint    ] Total time for which application threads were stopped: 0.0000901 seconds, Stopping threads took: 0.0000198 seconds
[2019-12-09T03:29:38.216+0000][1][safepoint    ] Application time: 2.0001467 seconds
[2019-12-09T03:29:38.216+0000][1][safepoint    ] Entering safepoint region: Cleanup
[2019-12-09T03:29:38.217+0000][1][safepoint    ] Leaving safepoint region
[2019-12-09T03:29:38.217+0000][1][safepoint    ] Total time for which application threads were stopped: 0.0000888 seconds, Stopping threads took: 0.0000224 seconds
[2019-12-09T03:29:45.217+0000][1][safepoint    ] Application time: 7.0004779 seconds
[2019-12-09T03:29:45.217+0000][1][safepoint    ] Entering safepoint region: Cleanup
[2019-12-09T03:29:45.217+0000][1][safepoint    ] Leaving safepoint region
[2019-12-09T03:29:45.217+0000][1][safepoint    ] Total time for which application threads were stopped: 0.0000824 seconds, Stopping threads took: 0.0000181 seconds
[2019-12-09T03:29:49.217+0000][1][safepoint    ] Application time: 4.0002783 seconds
[2019-12-09T03:29:49.217+0000][1][safepoint    ] Entering safepoint region: Cleanup
[2019-12-09T03:29:49.218+0000][1][safepoint    ] Leaving safepoint region
[2019-12-09T03:29:49.218+0000][1][safepoint    ] Total time for which application threads were stopped: 0.0000818 seconds, Stopping threads took: 0.0000187 seconds
[2019-12-09T03:29:50.218+0000][1][safepoint    ] Application time: 1.0000746 seconds
[2019-12-09T03:29:50.218+0000][1][safepoint    ] Entering safepoint region: Cleanup
[2019-12-09T03:29:50.218+0000][1][safepoint    ] Leaving safepoint region
[2019-12-09T03:29:50.218+0000][1][safepoint    ] Total time for which application threads were stopped: 0.0000931 seconds, Stopping threads took: 0.0000181 seconds
[2019-12-09T03:30:01.218+0000][1][safepoint    ] Application time: 11.0007367 seconds
[2019-12-09T03:30:01.219+0000][1][safepoint    ] Entering safepoint region: Cleanup
[2019-12-09T03:30:01.219+0000][1][safepoint    ] Leaving safepoint region
[2019-12-09T03:30:01.219+0000][1][safepoint    ] Total time for which application threads were stopped: 0.0000819 seconds, Stopping threads took: 0.0000199 seconds
[2019-12-09T03:30:02.219+0000][1][safepoint    ] Application time: 1.0000866 seconds
[2019-12-09T03:30:02.219+0000][1][safepoint    ] Entering safepoint region: Cleanup
[2019-12-09T03:30:02.219+0000][1][safepoint    ] Leaving safepoint region
[2019-12-09T03:30:02.219+0000][1][safepoint    ] Total time for which application threads were stopped: 0.0000842 seconds, Stopping threads took: 0.0000184 seconds
[2019-12-09T03:30:04.258+0000][1][safepoint    ] Application time: 2.0396663 seconds
[2019-12-09T03:30:04.259+0000][1][safepoint    ] Entering safepoint region: GenCollectForAllocation
[2019-12-09T03:30:04.259+0000][1][gc,start     ] GC(27) Pause Young (Allocation Failure)
[2019-12-09T03:30:04.259+0000][1][gc,task      ] GC(27) Using 2 workers of 2 for evacuation
[2019-12-09T03:30:04.264+0000][1][gc,age       ] GC(27) Desired survivor size 4456448 bytes, new threshold 6 (max threshold 6)
[2019-12-09T03:30:04.264+0000][1][gc,age       ] GC(27) Age table with threshold 6 (max threshold 6)
[2019-12-09T03:30:04.264+0000][1][gc,age       ] GC(27) - age   1:       9416 bytes,       9416 total
[2019-12-09T03:30:04.264+0000][1][gc,age       ] GC(27) - age   2:      15800 bytes,      25216 total
[2019-12-09T03:30:04.264+0000][1][gc,age       ] GC(27) - age   3:      21456 bytes,      46672 total
[2019-12-09T03:30:04.264+0000][1][gc,age       ] GC(27) - age   4:    1738096 bytes,    1784768 total
[2019-12-09T03:30:04.264+0000][1][gc,heap      ] GC(27) ParNew: 72777K->2769K(78656K)
[2019-12-09T03:30:04.264+0000][1][gc,heap      ] GC(27) CMS: 67694K->67694K(174784K)
[2019-12-09T03:30:04.264+0000][1][gc,metaspace ] GC(27) Metaspace: 68888K->68888K(1112064K)
[2019-12-09T03:30:04.264+0000][1][gc           ] GC(27) Pause Young (Allocation Failure) 137M->68M(247M) 5.626ms
[2019-12-09T03:30:04.264+0000][1][gc,cpu       ] GC(27) User=0.01s Sys=0.00s Real=0.00s
[2019-12-09T03:30:04.264+0000][1][safepoint    ] Leaving safepoint region
[2019-12-09T03:30:04.264+0000][1][safepoint    ] Total time for which application threads were stopped: 0.0057851 seconds, Stopping threads took: 0.0000270 seconds
[2019-12-09T03:30:08.265+0000][1][safepoint    ] Application time: 4.0002894 seconds
[2019-12-09T03:30:08.265+0000][1][safepoint    ] Entering safepoint region: Cleanup
[2019-12-09T03:30:08.265+0000][1][safepoint    ] Leaving safepoint region
[2019-12-09T03:30:08.265+0000][1][safepoint    ] Total time for which application threads were stopped: 0.0000975 seconds, Stopping threads took: 0.0000187 seconds
[2019-12-09T03:30:10.265+0000][1][safepoint    ] Application time: 2.0001489 seconds
[2019-12-09T03:30:10.265+0000][1][safepoint    ] Entering safepoint region: Cleanup
[2019-12-09T03:30:10.265+0000][1][safepoint    ] Leaving safepoint region
[2019-12-09T03:30:10.265+0000][1][safepoint    ] Total time for which application threads were stopped: 0.0000877 seconds, Stopping threads took: 0.0000197 seconds
[2019-12-09T03:30:17.266+0000][1][safepoint    ] Application time: 7.0004756 seconds
[2019-12-09T03:30:17.266+0000][1][safepoint    ] Entering safepoint region: Cleanup
[2019-12-09T03:30:17.266+0000][1][safepoint    ] Leaving safepoint region
[2019-12-09T03:30:17.266+0000][1][safepoint    ] Total time for which application threads were stopped: 0.0000838 seconds, Stopping threads took: 0.0000195 seconds
[2019-12-09T03:30:27.266+0000][1][safepoint    ] Application time: 10.0006823 seconds
[2019-12-09T03:30:27.266+0000][1][safepoint    ] Entering safepoint region: Cleanup
[2019-12-09T03:30:27.266+0000][1][safepoint    ] Leaving safepoint region
[2019-12-09T03:30:27.266+0000][1][safepoint    ] Total time for which application threads were stopped: 0.0000969 seconds, Stopping threads took: 0.0000286 seconds
[2019-12-09T03:30:40.267+0000][1][safepoint    ] Application time: 13.0008588 seconds
[2019-12-09T03:30:40.267+0000][1][safepoint    ] Entering safepoint region: Cleanup
[2019-12-09T03:30:40.267+0000][1][safepoint    ] Leaving safepoint region
[2019-12-09T03:30:40.267+0000][1][safepoint    ] Total time for which application threads were stopped: 0.0000963 seconds, Stopping threads took: 0.0000282 seconds
[2019-12-09T03:30:56.269+0000][1][safepoint    ] Application time: 16.0010761 seconds
[2019-12-09T03:30:56.269+0000][1][safepoint    ] Entering safepoint region: Cleanup
[2019-12-09T03:30:56.269+0000][1][safepoint    ] Leaving safepoint region
[2019-12-09T03:30:56.269+0000][1][safepoint    ] Total time for which application threads were stopped: 0.0000951 seconds, Stopping threads took: 0.0000278 seconds
[2019-12-09T03:31:05.269+0000][1][safepoint    ] Application time: 9.0006153 seconds
[2019-12-09T03:31:05.269+0000][1][safepoint    ] Entering safepoint region: Cleanup
[2019-12-09T03:31:05.269+0000][1][safepoint    ] Leaving safepoint region
[2019-12-09T03:31:05.269+0000][1][safepoint    ] Total time for which application threads were stopped: 0.0000854 seconds, Stopping threads took: 0.0000190 seconds
[2019-12-09T03:31:06.270+0000][1][safepoint    ] Application time: 1.0000754 seconds
[2019-12-09T03:31:06.270+0000][1][safepoint    ] Entering safepoint region: Cleanup
[2019-12-09T03:31:06.270+0000][1][safepoint    ] Leaving safepoint region
[2019-12-09T03:31:06.270+0000][1][safepoint    ] Total time for which application threads were stopped: 0.0000871 seconds, Stopping threads took: 0.0000197 seconds
[2019-12-09T03:31:07.270+0000][1][safepoint    ] Application time: 1.0000769 seconds
[2019-12-09T03:31:07.270+0000][1][safepoint    ] Entering safepoint region: Cleanup
[2019-12-09T03:31:07.270+0000][1][safepoint    ] Leaving safepoint region
[2019-12-09T03:31:07.270+0000][1][safepoint    ] Total time for which application threads were stopped: 0.0000886 seconds, Stopping threads took: 0.0000196 seconds
[2019-12-09T03:31:08.270+0000][1][safepoint    ] Application time: 1.0000758 seconds
[2019-12-09T03:31:08.270+0000][1][safepoint    ] Entering safepoint region: Cleanup
[2019-12-09T03:31:08.270+0000][1][safepoint    ] Leaving safepoint region
[2019-12-09T03:31:08.270+0000][1][safepoint    ] Total time for which application threads were stopped: 0.0000853 seconds, Stopping threads took: 0.0000185 seconds
[2019-12-09T03:31:10.270+0000][1][safepoint    ] Application time: 2.0001430 seconds
[2019-12-09T03:31:10.270+0000][1][safepoint    ] Entering safepoint region: Cleanup
[2019-12-09T03:31:10.270+0000][1][safepoint    ] Leaving safepoint region
[2019-12-09T03:31:10.270+0000][1][safepoint    ] Total time for which application threads were stopped: 0.0000878 seconds, Stopping threads took: 0.0000206 seconds
[2019-12-09T03:31:13.271+0000][1][safepoint    ] Application time: 3.0002090 seconds
[2019-12-09T03:31:13.271+0000][1][safepoint    ] Entering safepoint region: Cleanup
[2019-12-09T03:31:13.271+0000][1][safepoint    ] Leaving safepoint region
[2019-12-09T03:31:13.271+0000][1][safepoint    ] Total time for which application threads were stopped: 0.0001066 seconds, Stopping threads took: 0.0000199 seconds
[2019-12-09T03:31:14.271+0000][1][safepoint    ] Application time: 1.0000768 seconds
[2019-12-09T03:31:14.271+0000][1][safepoint    ] Entering safepoint region: Cleanup
[2019-12-09T03:31:14.271+0000][1][safepoint    ] Leaving safepoint region
[2019-12-09T03:31:14.271+0000][1][safepoint    ] Total time for which application threads were stopped: 0.0000832 seconds, Stopping threads took: 0.0000178 seconds
[2019-12-09T03:31:15.271+0000][1][safepoint    ] Application time: 1.0000742 seconds
[2019-12-09T03:31:15.271+0000][1][safepoint    ] Entering safepoint region: Cleanup
[2019-12-09T03:31:15.271+0000][1][safepoint    ] Leaving safepoint region
[2019-12-09T03:31:15.271+0000][1][safepoint    ] Total time for which application threads were stopped: 0.0000875 seconds, Stopping threads took: 0.0000203 seconds
[2019-12-09T03:31:23.272+0000][1][safepoint    ] Application time: 8.0005443 seconds
[2019-12-09T03:31:23.272+0000][1][safepoint    ] Entering safepoint region: Cleanup
[2019-12-09T03:31:23.272+0000][1][safepoint    ] Leaving safepoint region
[2019-12-09T03:31:23.272+0000][1][safepoint    ] Total time for which application threads were stopped: 0.0000881 seconds, Stopping threads took: 0.0000213 seconds
[2019-12-09T03:31:24.272+0000][1][safepoint    ] Application time: 1.0000746 seconds
[2019-12-09T03:31:24.272+0000][1][safepoint    ] Entering safepoint region: Cleanup
[2019-12-09T03:31:24.272+0000][1][safepoint    ] Leaving safepoint region
[2019-12-09T03:31:24.272+0000][1][safepoint    ] Total time for which application threads were stopped: 0.0000896 seconds, Stopping threads took: 0.0000181 seconds
[2019-12-09T03:31:33.273+0000][1][safepoint    ] Application time: 9.0006040 seconds
[2019-12-09T03:31:33.273+0000][1][safepoint    ] Entering safepoint region: Cleanup
[2019-12-09T03:31:33.273+0000][1][safepoint    ] Leaving safepoint region
[2019-12-09T03:31:33.273+0000][1][safepoint    ] Total time for which application threads were stopped: 0.0001089 seconds, Stopping threads took: 0.0000393 seconds
[2019-12-09T03:31:36.273+0000][1][safepoint    ] Application time: 3.0002099 seconds
[2019-12-09T03:31:36.273+0000][1][safepoint    ] Entering safepoint region: Cleanup
[2019-12-09T03:31:36.273+0000][1][safepoint    ] Leaving safepoint region
[2019-12-09T03:31:36.273+0000][1][safepoint    ] Total time for which application threads were stopped: 0.0000946 seconds, Stopping threads took: 0.0000258 seconds
[2019-12-09T03:31:50.274+0000][1][safepoint    ] Application time: 14.0009442 seconds
[2019-12-09T03:31:50.274+0000][1][safepoint    ] Entering safepoint region: Cleanup
[2019-12-09T03:31:50.274+0000][1][safepoint    ] Leaving safepoint region
[2019-12-09T03:31:50.274+0000][1][safepoint    ] Total time for which application threads were stopped: 0.0000843 seconds, Stopping threads took: 0.0000193 seconds
[2019-12-09T03:32:07.275+0000][1][safepoint    ] Application time: 17.0011672 seconds
[2019-12-09T03:32:07.275+0000][1][safepoint    ] Entering safepoint region: Cleanup
[2019-12-09T03:32:07.275+0000][1][safepoint    ] Leaving safepoint region
[2019-12-09T03:32:07.275+0000][1][safepoint    ] Total time for which application threads were stopped: 0.0000872 seconds, Stopping threads took: 0.0000202 seconds
[2019-12-09T03:32:14.315+0000][1][safepoint    ] Application time: 7.0396123 seconds
[2019-12-09T03:32:14.315+0000][1][safepoint    ] Entering safepoint region: GenCollectForAllocation
[2019-12-09T03:32:14.315+0000][1][gc,start     ] GC(28) Pause Young (Allocation Failure)
[2019-12-09T03:32:14.315+0000][1][gc,task      ] GC(28) Using 2 workers of 2 for evacuation
[2019-12-09T03:32:14.321+0000][1][gc,age       ] GC(28) Desired survivor size 4456448 bytes, new threshold 6 (max threshold 6)
[2019-12-09T03:32:14.321+0000][1][gc,age       ] GC(28) Age table with threshold 6 (max threshold 6)
[2019-12-09T03:32:14.321+0000][1][gc,age       ] GC(28) - age   1:       8152 bytes,       8152 total
[2019-12-09T03:32:14.321+0000][1][gc,age       ] GC(28) - age   2:       4512 bytes,      12664 total
[2019-12-09T03:32:14.321+0000][1][gc,age       ] GC(28) - age   3:      15584 bytes,      28248 total
[2019-12-09T03:32:14.321+0000][1][gc,age       ] GC(28) - age   4:      21456 bytes,      49704 total
[2019-12-09T03:32:14.321+0000][1][gc,age       ] GC(28) - age   5:    1738096 bytes,    1787800 total
[2019-12-09T03:32:14.321+0000][1][gc,heap      ] GC(28) ParNew: 72721K->2653K(78656K)
[2019-12-09T03:32:14.321+0000][1][gc,heap      ] GC(28) CMS: 67694K->67694K(174784K)
[2019-12-09T03:32:14.321+0000][1][gc,metaspace ] GC(28) Metaspace: 68931K->68931K(1112064K)
[2019-12-09T03:32:14.321+0000][1][gc           ] GC(28) Pause Young (Allocation Failure) 137M->68M(247M) 5.644ms
[2019-12-09T03:32:14.321+0000][1][gc,cpu       ] GC(28) User=0.01s Sys=0.00s Real=0.00s
[2019-12-09T03:32:14.321+0000][1][safepoint    ] Leaving safepoint region
[2019-12-09T03:32:14.321+0000][1][safepoint    ] Total time for which application threads were stopped: 0.0058000 seconds, Stopping threads took: 0.0000184 seconds
[2019-12-09T03:32:21.321+0000][1][safepoint    ] Application time: 7.0004936 seconds
[2019-12-09T03:32:21.321+0000][1][safepoint    ] Entering safepoint region: Cleanup
[2019-12-09T03:32:21.322+0000][1][safepoint    ] Leaving safepoint region
[2019-12-09T03:32:21.322+0000][1][safepoint    ] Total time for which application threads were stopped: 0.0000863 seconds, Stopping threads took: 0.0000209 seconds
[2019-12-09T03:32:46.323+0000][1][safepoint    ] Application time: 25.0016546 seconds
[2019-12-09T03:32:46.323+0000][1][safepoint    ] Entering safepoint region: Cleanup
[2019-12-09T03:32:46.323+0000][1][safepoint    ] Leaving safepoint region
[2019-12-09T03:32:46.323+0000][1][safepoint    ] Total time for which application threads were stopped: 0.0000925 seconds, Stopping threads took: 0.0000277 seconds
[2019-12-09T03:32:48.324+0000][1][safepoint    ] Application time: 2.0001501 seconds
[2019-12-09T03:32:48.324+0000][1][safepoint    ] Entering safepoint region: Cleanup
[2019-12-09T03:32:48.324+0000][1][safepoint    ] Leaving safepoint region
[2019-12-09T03:32:48.324+0000][1][safepoint    ] Total time for which application threads were stopped: 0.0000965 seconds, Stopping threads took: 0.0000246 seconds
[2019-12-09T03:32:53.324+0000][1][safepoint    ] Application time: 5.0003620 seconds
[2019-12-09T03:32:53.324+0000][1][safepoint    ] Entering safepoint region: Cleanup
[2019-12-09T03:32:53.324+0000][1][safepoint    ] Leaving safepoint region
[2019-12-09T03:32:53.324+0000][1][safepoint    ] Total time for which application threads were stopped: 0.0000979 seconds, Stopping threads took: 0.0000281 seconds
[2019-12-09T03:32:55.324+0000][1][safepoint    ] Application time: 2.0001414 seconds
[2019-12-09T03:32:55.324+0000][1][safepoint    ] Entering safepoint region: Cleanup
[2019-12-09T03:32:55.324+0000][1][safepoint    ] Leaving safepoint region
[2019-12-09T03:32:55.324+0000][1][safepoint    ] Total time for which application threads were stopped: 0.0000878 seconds, Stopping threads took: 0.0000251 seconds
[2019-12-09T03:33:10.325+0000][1][safepoint    ] Application time: 15.0009949 seconds
[2019-12-09T03:33:10.325+0000][1][safepoint    ] Entering safepoint region: Cleanup
[2019-12-09T03:33:10.326+0000][1][safepoint    ] Leaving safepoint region
[2019-12-09T03:33:10.326+0000][1][safepoint    ] Total time for which application threads were stopped: 0.0000835 seconds, Stopping threads took: 0.0000175 seconds
[2019-12-09T03:33:25.327+0000][1][safepoint    ] Application time: 15.0010086 seconds
[2019-12-09T03:33:25.327+0000][1][safepoint    ] Entering safepoint region: Cleanup
[2019-12-09T03:33:25.327+0000][1][safepoint    ] Leaving safepoint region
[2019-12-09T03:33:25.327+0000][1][safepoint    ] Total time for which application threads were stopped: 0.0001029 seconds, Stopping threads took: 0.0000272 seconds
[2019-12-09T03:33:35.327+0000][1][safepoint    ] Application time: 10.0006765 seconds
[2019-12-09T03:33:35.327+0000][1][safepoint    ] Entering safepoint region: Cleanup
[2019-12-09T03:33:35.328+0000][1][safepoint    ] Leaving safepoint region
[2019-12-09T03:33:35.328+0000][1][safepoint    ] Total time for which application threads were stopped: 0.0000901 seconds, Stopping threads took: 0.0000194 seconds
[2019-12-09T03:33:36.328+0000][1][safepoint    ] Application time: 1.0000774 seconds
[2019-12-09T03:33:36.328+0000][1][safepoint    ] Entering safepoint region: Cleanup
[2019-12-09T03:33:36.328+0000][1][safepoint    ] Leaving safepoint region
[2019-12-09T03:33:36.328+0000][1][safepoint    ] Total time for which application threads were stopped: 0.0001160 seconds, Stopping threads took: 0.0000217 seconds
[2019-12-09T03:33:40.328+0000][1][safepoint    ] Application time: 4.0002727 seconds
[2019-12-09T03:33:40.328+0000][1][safepoint    ] Entering safepoint region: Cleanup
[2019-12-09T03:33:40.328+0000][1][safepoint    ] Leaving safepoint region
[2019-12-09T03:33:40.328+0000][1][safepoint    ] Total time for which application threads were stopped: 0.0000820 seconds, Stopping threads took: 0.0000183 seconds
[2019-12-09T03:33:44.328+0000][1][safepoint    ] Application time: 4.0002748 seconds
[2019-12-09T03:33:44.328+0000][1][safepoint    ] Entering safepoint region: Cleanup
[2019-12-09T03:33:44.329+0000][1][safepoint    ] Leaving safepoint region
[2019-12-09T03:33:44.329+0000][1][safepoint    ] Total time for which application threads were stopped: 0.0000830 seconds, Stopping threads took: 0.0000168 seconds
[2019-12-09T03:33:50.329+0000][1][safepoint    ] Application time: 6.0004054 seconds
[2019-12-09T03:33:50.329+0000][1][safepoint    ] Entering safepoint region: Cleanup
[2019-12-09T03:33:50.329+0000][1][safepoint    ] Leaving safepoint region
[2019-12-09T03:33:50.329+0000][1][safepoint    ] Total time for which application threads were stopped: 0.0000846 seconds, Stopping threads took: 0.0000190 seconds
[2019-12-09T03:34:10.330+0000][1][safepoint    ] Application time: 20.0013343 seconds
[2019-12-09T03:34:10.330+0000][1][safepoint    ] Entering safepoint region: Cleanup
[2019-12-09T03:34:10.331+0000][1][safepoint    ] Leaving safepoint region
[2019-12-09T03:34:10.331+0000][1][safepoint    ] Total time for which application threads were stopped: 0.0000865 seconds, Stopping threads took: 0.0000197 seconds
[2019-12-09T03:34:19.369+0000][1][safepoint    ] Application time: 9.0384257 seconds
[2019-12-09T03:34:19.369+0000][1][safepoint    ] Entering safepoint region: GenCollectForAllocation
[2019-12-09T03:34:19.369+0000][1][gc,start     ] GC(29) Pause Young (Allocation Failure)
[2019-12-09T03:34:19.369+0000][1][gc,task      ] GC(29) Using 2 workers of 2 for evacuation
[2019-12-09T03:34:19.375+0000][1][gc,age       ] GC(29) Desired survivor size 4456448 bytes, new threshold 6 (max threshold 6)
[2019-12-09T03:34:19.375+0000][1][gc,age       ] GC(29) Age table with threshold 6 (max threshold 6)
[2019-12-09T03:34:19.375+0000][1][gc,age       ] GC(29) - age   1:       5712 bytes,       5712 total
[2019-12-09T03:34:19.375+0000][1][gc,age       ] GC(29) - age   2:       3160 bytes,       8872 total
[2019-12-09T03:34:19.375+0000][1][gc,age       ] GC(29) - age   3:       4480 bytes,      13352 total
[2019-12-09T03:34:19.375+0000][1][gc,age       ] GC(29) - age   4:      15584 bytes,      28936 total
[2019-12-09T03:34:19.375+0000][1][gc,age       ] GC(29) - age   5:      21456 bytes,      50392 total
[2019-12-09T03:34:19.375+0000][1][gc,age       ] GC(29) - age   6:    1738096 bytes,    1788488 total
[2019-12-09T03:34:19.375+0000][1][gc,heap      ] GC(29) ParNew: 72605K->2627K(78656K)
[2019-12-09T03:34:19.375+0000][1][gc,heap      ] GC(29) CMS: 67694K->67694K(174784K)
[2019-12-09T03:34:19.375+0000][1][gc,metaspace ] GC(29) Metaspace: 68942K->68942K(1112064K)
[2019-12-09T03:34:19.375+0000][1][gc           ] GC(29) Pause Young (Allocation Failure) 137M->68M(247M) 5.655ms
[2019-12-09T03:34:19.375+0000][1][gc,cpu       ] GC(29) User=0.01s Sys=0.00s Real=0.01s
[2019-12-09T03:34:19.375+0000][1][safepoint    ] Leaving safepoint region
[2019-12-09T03:34:19.375+0000][1][safepoint    ] Total time for which application threads were stopped: 0.0058086 seconds, Stopping threads took: 0.0000184 seconds
[2019-12-09T03:34:36.376+0000][1][safepoint    ] Application time: 17.0011522 seconds
[2019-12-09T03:34:36.376+0000][1][safepoint    ] Entering safepoint region: Cleanup
[2019-12-09T03:34:36.376+0000][1][safepoint    ] Leaving safepoint region
[2019-12-09T03:34:36.376+0000][1][safepoint    ] Total time for which application threads were stopped: 0.0000867 seconds, Stopping threads took: 0.0000183 seconds
[2019-12-09T03:34:43.377+0000][1][safepoint    ] Application time: 7.0004801 seconds
[2019-12-09T03:34:43.377+0000][1][safepoint    ] Entering safepoint region: Cleanup
[2019-12-09T03:34:43.377+0000][1][safepoint    ] Leaving safepoint region
[2019-12-09T03:34:43.377+0000][1][safepoint    ] Total time for which application threads were stopped: 0.0000996 seconds, Stopping threads took: 0.0000324 seconds
[2019-12-09T03:34:49.377+0000][1][safepoint    ] Application time: 6.0004137 seconds
[2019-12-09T03:34:49.377+0000][1][safepoint    ] Entering safepoint region: Cleanup
[2019-12-09T03:34:49.377+0000][1][safepoint    ] Leaving safepoint region
[2019-12-09T03:34:49.377+0000][1][safepoint    ] Total time for which application threads were stopped: 0.0000881 seconds, Stopping threads took: 0.0000207 seconds
[2019-12-09T03:34:50.377+0000][1][safepoint    ] Application time: 1.0000768 seconds
[2019-12-09T03:34:50.377+0000][1][safepoint    ] Entering safepoint region: Cleanup
[2019-12-09T03:34:50.378+0000][1][safepoint    ] Leaving safepoint region
[2019-12-09T03:34:50.378+0000][1][safepoint    ] Total time for which application threads were stopped: 0.0000817 seconds, Stopping threads took: 0.0000171 seconds
[2019-12-09T03:34:55.378+0000][1][safepoint    ] Application time: 5.0003464 seconds
[2019-12-09T03:34:55.378+0000][1][safepoint    ] Entering safepoint region: Cleanup
[2019-12-09T03:34:55.378+0000][1][safepoint    ] Leaving safepoint region
[2019-12-09T03:34:55.378+0000][1][safepoint    ] Total time for which application threads were stopped: 0.0000846 seconds, Stopping threads took: 0.0000193 seconds
[2019-12-09T03:34:56.378+0000][1][safepoint    ] Application time: 1.0000803 seconds
[2019-12-09T03:34:56.378+0000][1][safepoint    ] Entering safepoint region: Cleanup
[2019-12-09T03:34:56.378+0000][1][safepoint    ] Leaving safepoint region
[2019-12-09T03:34:56.378+0000][1][safepoint    ] Total time for which application threads were stopped: 0.0001056 seconds, Stopping threads took: 0.0000299 seconds
[2019-12-09T03:35:09.379+0000][1][safepoint    ] Application time: 13.0008998 seconds
[2019-12-09T03:35:09.379+0000][1][safepoint    ] Entering safepoint region: Cleanup
[2019-12-09T03:35:09.379+0000][1][safepoint    ] Leaving safepoint region
[2019-12-09T03:35:09.379+0000][1][safepoint    ] Total time for which application threads were stopped: 0.0001056 seconds, Stopping threads took: 0.0000233 seconds
[2019-12-09T03:35:24.380+0000][1][safepoint    ] Application time: 15.0010367 seconds
[2019-12-09T03:35:24.380+0000][1][safepoint    ] Entering safepoint region: Cleanup
[2019-12-09T03:35:24.380+0000][1][safepoint    ] Leaving safepoint region
[2019-12-09T03:35:24.380+0000][1][safepoint    ] Total time for which application threads were stopped: 0.0000853 seconds, Stopping threads took: 0.0000193 seconds
[2019-12-09T03:35:43.382+0000][1][safepoint    ] Application time: 19.0012839 seconds
[2019-12-09T03:35:43.382+0000][1][safepoint    ] Entering safepoint region: Cleanup
[2019-12-09T03:35:43.382+0000][1][safepoint    ] Leaving safepoint region
[2019-12-09T03:35:43.382+0000][1][safepoint    ] Total time for which application threads were stopped: 0.0000983 seconds, Stopping threads took: 0.0000293 seconds
[2019-12-09T03:35:44.382+0000][1][safepoint    ] Application time: 1.0000744 seconds
[2019-12-09T03:35:44.382+0000][1][safepoint    ] Entering safepoint region: Cleanup
[2019-12-09T03:35:44.382+0000][1][safepoint    ] Leaving safepoint region
[2019-12-09T03:35:44.382+0000][1][safepoint    ] Total time for which application threads were stopped: 0.0000836 seconds, Stopping threads took: 0.0000199 seconds
[2019-12-09T03:35:49.382+0000][1][safepoint    ] Application time: 5.0003418 seconds
[2019-12-09T03:35:49.382+0000][1][safepoint    ] Entering safepoint region: Cleanup
[2019-12-09T03:35:49.383+0000][1][safepoint    ] Leaving safepoint region
[2019-12-09T03:35:49.383+0000][1][safepoint    ] Total time for which application threads were stopped: 0.0000855 seconds, Stopping threads took: 0.0000216 seconds
[2019-12-09T03:35:51.383+0000][1][safepoint    ] Application time: 2.0001026 seconds
[2019-12-09T03:35:51.383+0000][1][safepoint    ] Entering safepoint region: Cleanup
[2019-12-09T03:35:51.383+0000][1][safepoint    ] Leaving safepoint region
[2019-12-09T03:35:51.383+0000][1][safepoint    ] Total time for which application threads were stopped: 0.0000851 seconds, Stopping threads took: 0.0000194 seconds
[2019-12-09T03:35:53.383+0000][1][safepoint    ] Application time: 2.0001478 seconds
[2019-12-09T03:35:53.383+0000][1][safepoint    ] Entering safepoint region: Cleanup
[2019-12-09T03:35:53.383+0000][1][safepoint    ] Leaving safepoint region
[2019-12-09T03:35:53.383+0000][1][safepoint    ] Total time for which application threads were stopped: 0.0000885 seconds, Stopping threads took: 0.0000210 seconds
[2019-12-09T03:36:29.421+0000][1][safepoint    ] Application time: 36.0375563 seconds
[2019-12-09T03:36:29.421+0000][1][safepoint    ] Entering safepoint region: GenCollectForAllocation
[2019-12-09T03:36:29.421+0000][1][gc,start     ] GC(30) Pause Young (Allocation Failure)
[2019-12-09T03:36:29.421+0000][1][gc,task      ] GC(30) Using 2 workers of 2 for evacuation
[2019-12-09T03:36:29.428+0000][1][gc,age       ] GC(30) Desired survivor size 4456448 bytes, new threshold 6 (max threshold 6)
[2019-12-09T03:36:29.428+0000][1][gc,age       ] GC(30) Age table with threshold 6 (max threshold 6)
[2019-12-09T03:36:29.428+0000][1][gc,age       ] GC(30) - age   1:       7488 bytes,       7488 total
[2019-12-09T03:36:29.428+0000][1][gc,age       ] GC(30) - age   2:       1000 bytes,       8488 total
[2019-12-09T03:36:29.428+0000][1][gc,age       ] GC(30) - age   3:       2944 bytes,      11432 total
[2019-12-09T03:36:29.428+0000][1][gc,age       ] GC(30) - age   4:       4480 bytes,      15912 total
[2019-12-09T03:36:29.428+0000][1][gc,age       ] GC(30) - age   5:      15584 bytes,      31496 total
[2019-12-09T03:36:29.428+0000][1][gc,age       ] GC(30) - age   6:      21456 bytes,      52952 total
[2019-12-09T03:36:29.428+0000][1][gc,heap      ] GC(30) ParNew: 72579K->1747K(78656K)
[2019-12-09T03:36:29.428+0000][1][gc,heap      ] GC(30) CMS: 67694K->69440K(174784K)
[2019-12-09T03:36:29.428+0000][1][gc,metaspace ] GC(30) Metaspace: 68945K->68945K(1112064K)
[2019-12-09T03:36:29.428+0000][1][gc           ] GC(30) Pause Young (Allocation Failure) 136M->69M(247M) 7.327ms
[2019-12-09T03:36:29.428+0000][1][gc,cpu       ] GC(30) User=0.02s Sys=0.00s Real=0.01s
[2019-12-09T03:36:29.428+0000][1][safepoint    ] Leaving safepoint region
[2019-12-09T03:36:29.428+0000][1][safepoint    ] Total time for which application threads were stopped: 0.0075016 seconds, Stopping threads took: 0.0000459 seconds
[2019-12-09T03:36:32.428+0000][1][safepoint    ] Application time: 3.0002172 seconds
[2019-12-09T03:36:32.428+0000][1][safepoint    ] Entering safepoint region: Cleanup
[2019-12-09T03:36:32.429+0000][1][safepoint    ] Leaving safepoint region
[2019-12-09T03:36:32.429+0000][1][safepoint    ] Total time for which application threads were stopped: 0.0000842 seconds, Stopping threads took: 0.0000191 seconds
[2019-12-09T03:36:36.429+0000][1][safepoint    ] Application time: 4.0002787 seconds
[2019-12-09T03:36:36.429+0000][1][safepoint    ] Entering safepoint region: Cleanup
[2019-12-09T03:36:36.429+0000][1][safepoint    ] Leaving safepoint region
[2019-12-09T03:36:36.429+0000][1][safepoint    ] Total time for which application threads were stopped: 0.0000847 seconds, Stopping threads took: 0.0000190 seconds
[2019-12-09T03:36:37.429+0000][1][safepoint    ] Application time: 1.0000763 seconds
[2019-12-09T03:36:37.429+0000][1][safepoint    ] Entering safepoint region: Cleanup
[2019-12-09T03:36:37.429+0000][1][safepoint    ] Leaving safepoint region
[2019-12-09T03:36:37.429+0000][1][safepoint    ] Total time for which application threads were stopped: 0.0000798 seconds, Stopping threads took: 0.0000199 seconds
[2019-12-09T03:36:41.429+0000][1][safepoint    ] Application time: 4.0002798 seconds
[2019-12-09T03:36:41.429+0000][1][safepoint    ] Entering safepoint region: Cleanup
[2019-12-09T03:36:41.430+0000][1][safepoint    ] Leaving safepoint region
[2019-12-09T03:36:41.430+0000][1][safepoint    ] Total time for which application threads were stopped: 0.0000774 seconds, Stopping threads took: 0.0000194 seconds
[2019-12-09T03:36:54.254+0000][1][safepoint    ] Application time: 12.8247073 seconds
[2019-12-09T03:36:54.254+0000][1][safepoint    ] Entering safepoint region: RevokeBias
[2019-12-09T03:36:54.254+0000][1][safepoint    ] Leaving safepoint region
[2019-12-09T03:36:54.254+0000][1][safepoint    ] Total time for which application threads were stopped: 0.0001046 seconds, Stopping threads took: 0.0000233 seconds
[2019-12-09T03:36:54.254+0000][1][safepoint    ] Application time: 0.0000991 seconds
[2019-12-09T03:36:54.254+0000][1][safepoint    ] Entering safepoint region: RevokeBias
[2019-12-09T03:36:54.255+0000][1][safepoint    ] Leaving safepoint region
[2019-12-09T03:36:54.255+0000][1][safepoint    ] Total time for which application threads were stopped: 0.0000474 seconds, Stopping threads took: 0.0000103 seconds
[2019-12-09T03:36:54.255+0000][1][safepoint    ] Application time: 0.0008892 seconds
[2019-12-09T03:36:54.258+0000][1][safepoint    ] Entering safepoint region: RevokeBias
[2019-12-09T03:36:54.258+0000][1][safepoint    ] Leaving safepoint region
[2019-12-09T03:36:54.258+0000][1][safepoint    ] Total time for which application threads were stopped: 0.0024214 seconds, Stopping threads took: 0.0023558 seconds
[2019-12-09T03:36:54.258+0000][1][safepoint    ] Application time: 0.0002530 seconds
[2019-12-09T03:36:54.258+0000][1][safepoint    ] Entering safepoint region: RevokeBias
[2019-12-09T03:36:54.258+0000][1][safepoint    ] Leaving safepoint region
[2019-12-09T03:36:54.258+0000][1][safepoint    ] Total time for which application threads were stopped: 0.0000621 seconds, Stopping threads took: 0.0000124 seconds
[2019-12-09T03:36:54.259+0000][1][safepoint    ] Application time: 0.0003244 seconds
[2019-12-09T03:36:54.259+0000][1][safepoint    ] Entering safepoint region: RevokeBias
[2019-12-09T03:36:54.259+0000][1][safepoint    ] Leaving safepoint region
[2019-12-09T03:36:54.259+0000][1][safepoint    ] Total time for which application threads were stopped: 0.0000542 seconds, Stopping threads took: 0.0000116 seconds
[2019-12-09T03:36:54.259+0000][1][safepoint    ] Application time: 0.0006532 seconds
[2019-12-09T03:36:54.259+0000][1][safepoint    ] Entering safepoint region: RevokeBias
[2019-12-09T03:36:54.259+0000][1][safepoint    ] Leaving safepoint region
[2019-12-09T03:36:54.259+0000][1][safepoint    ] Total time for which application threads were stopped: 0.0000658 seconds, Stopping threads took: 0.0000139 seconds
[2019-12-09T03:36:54.259+0000][1][safepoint    ] Application time: 0.0001145 seconds
[2019-12-09T03:36:54.259+0000][1][safepoint    ] Entering safepoint region: RevokeBias
[2019-12-09T03:36:54.260+0000][1][safepoint    ] Leaving safepoint region
[2019-12-09T03:36:54.260+0000][1][safepoint    ] Total time for which application threads were stopped: 0.0000467 seconds, Stopping threads took: 0.0000104 seconds
[2019-12-09T03:36:54.266+0000][1][safepoint    ] Application time: 0.0065790 seconds
[2019-12-09T03:36:54.266+0000][1][safepoint    ] Entering safepoint region: RevokeBias
[2019-12-09T03:36:54.266+0000][1][safepoint    ] Leaving safepoint region
[2019-12-09T03:36:54.266+0000][1][safepoint    ] Total time for which application threads were stopped: 0.0000675 seconds, Stopping threads took: 0.0000135 seconds
[2019-12-09T03:36:54.270+0000][1][safepoint    ] Application time: 0.0033140 seconds
[2019-12-09T03:36:54.270+0000][1][safepoint    ] Entering safepoint region: RevokeBias
[2019-12-09T03:36:54.270+0000][1][safepoint    ] Leaving safepoint region
[2019-12-09T03:36:54.270+0000][1][safepoint    ] Total time for which application threads were stopped: 0.0000841 seconds, Stopping threads took: 0.0000142 seconds
[2019-12-09T03:36:54.289+0000][1][safepoint    ] Application time: 0.0196450 seconds
[2019-12-09T03:36:54.292+0000][1][safepoint    ] Entering safepoint region: RevokeBias
[2019-12-09T03:36:54.292+0000][1][safepoint    ] Leaving safepoint region
[2019-12-09T03:36:54.292+0000][1][safepoint    ] Total time for which application threads were stopped: 0.0029275 seconds, Stopping threads took: 0.0028661 seconds
[2019-12-09T03:36:54.299+0000][1][safepoint    ] Application time: 0.0071515 seconds
[2019-12-09T03:36:54.304+0000][1][safepoint    ] Entering safepoint region: RevokeBias
[2019-12-09T03:36:54.304+0000][1][safepoint    ] Leaving safepoint region
[2019-12-09T03:36:54.304+0000][1][safepoint    ] Total time for which application threads were stopped: 0.0043382 seconds, Stopping threads took: 0.0042414 seconds
[2019-12-09T03:36:54.307+0000][1][safepoint    ] Application time: 0.0028739 seconds
[2019-12-09T03:36:54.307+0000][1][safepoint    ] Entering safepoint region: RevokeBias
[2019-12-09T03:36:54.307+0000][1][safepoint    ] Leaving safepoint region
[2019-12-09T03:36:54.307+0000][1][safepoint    ] Total time for which application threads were stopped: 0.0000993 seconds, Stopping threads took: 0.0000303 seconds
[2019-12-09T03:36:54.307+0000][1][safepoint    ] Application time: 0.0002701 seconds
[2019-12-09T03:36:54.307+0000][1][safepoint    ] Entering safepoint region: RevokeBias
[2019-12-09T03:36:54.307+0000][1][safepoint    ] Leaving safepoint region
[2019-12-09T03:36:54.307+0000][1][safepoint    ] Total time for which application threads were stopped: 0.0000578 seconds, Stopping threads took: 0.0000125 seconds
[2019-12-09T03:36:54.307+0000][1][safepoint    ] Application time: 0.0000750 seconds
[2019-12-09T03:36:54.307+0000][1][safepoint    ] Entering safepoint region: RevokeBias
[2019-12-09T03:36:54.307+0000][1][safepoint    ] Leaving safepoint region
[2019-12-09T03:36:54.307+0000][1][safepoint    ] Total time for which application threads were stopped: 0.0000396 seconds, Stopping threads took: 0.0000085 seconds
[2019-12-09T03:36:54.307+0000][1][safepoint    ] Application time: 0.0000556 seconds
[2019-12-09T03:36:54.307+0000][1][safepoint    ] Entering safepoint region: RevokeBias
[2019-12-09T03:36:54.307+0000][1][safepoint    ] Leaving safepoint region
[2019-12-09T03:36:54.307+0000][1][safepoint    ] Total time for which application threads were stopped: 0.0000381 seconds, Stopping threads took: 0.0000081 seconds
[2019-12-09T03:36:54.307+0000][1][safepoint    ] Application time: 0.0001161 seconds
[2019-12-09T03:36:54.307+0000][1][safepoint    ] Entering safepoint region: RevokeBias
[2019-12-09T03:36:54.308+0000][1][safepoint    ] Leaving safepoint region
[2019-12-09T03:36:54.308+0000][1][safepoint    ] Total time for which application threads were stopped: 0.0000470 seconds, Stopping threads took: 0.0000093 seconds
[2019-12-09T03:36:54.308+0000][1][safepoint    ] Application time: 0.0000544 seconds
[2019-12-09T03:36:54.308+0000][1][safepoint    ] Entering safepoint region: RevokeBias
[2019-12-09T03:36:54.308+0000][1][safepoint    ] Leaving safepoint region
[2019-12-09T03:36:54.308+0000][1][safepoint    ] Total time for which application threads were stopped: 0.0000386 seconds, Stopping threads took: 0.0000094 seconds
[2019-12-09T03:36:54.308+0000][1][safepoint    ] Application time: 0.0002498 seconds
[2019-12-09T03:36:54.308+0000][1][safepoint    ] Entering safepoint region: RevokeBias
[2019-12-09T03:36:54.308+0000][1][safepoint    ] Leaving safepoint region
[2019-12-09T03:36:54.308+0000][1][safepoint    ] Total time for which application threads were stopped: 0.0000582 seconds, Stopping threads took: 0.0000115 seconds
[2019-12-09T03:36:54.308+0000][1][safepoint    ] Application time: 0.0000701 seconds
[2019-12-09T03:36:54.308+0000][1][safepoint    ] Entering safepoint region: RevokeBias
[2019-12-09T03:36:54.308+0000][1][safepoint    ] Leaving safepoint region
[2019-12-09T03:36:54.308+0000][1][safepoint    ] Total time for which application threads were stopped: 0.0000469 seconds, Stopping threads took: 0.0000096 seconds
[2019-12-09T03:36:54.308+0000][1][safepoint    ] Application time: 0.0003650 seconds
[2019-12-09T03:36:54.309+0000][1][safepoint    ] Entering safepoint region: RevokeBias
[2019-12-09T03:36:54.309+0000][1][safepoint    ] Leaving safepoint region
[2019-12-09T03:36:54.309+0000][1][safepoint    ] Total time for which application threads were stopped: 0.0000630 seconds, Stopping threads took: 0.0000118 seconds
[2019-12-09T03:36:54.353+0000][1][safepoint    ] Application time: 0.0444466 seconds
[2019-12-09T03:36:54.353+0000][1][safepoint    ] Entering safepoint region: RevokeBias
[2019-12-09T03:36:54.353+0000][1][safepoint    ] Leaving safepoint region
[2019-12-09T03:36:54.353+0000][1][safepoint    ] Total time for which application threads were stopped: 0.0001129 seconds, Stopping threads took: 0.0000156 seconds
[2019-12-09T03:36:54.395+0000][1][safepoint    ] Application time: 0.0419307 seconds
[2019-12-09T03:36:54.398+0000][1][safepoint    ] Entering safepoint region: RevokeBias
[2019-12-09T03:36:54.398+0000][1][safepoint    ] Leaving safepoint region
[2019-12-09T03:36:54.398+0000][1][safepoint    ] Total time for which application threads were stopped: 0.0031911 seconds, Stopping threads took: 0.0030420 seconds
[2019-12-09T03:36:54.410+0000][1][safepoint    ] Application time: 0.0111849 seconds
[2019-12-09T03:36:54.410+0000][1][safepoint    ] Entering safepoint region: RevokeBias
[2019-12-09T03:36:54.410+0000][1][safepoint    ] Leaving safepoint region
[2019-12-09T03:36:54.410+0000][1][safepoint    ] Total time for which application threads were stopped: 0.0001645 seconds, Stopping threads took: 0.0000532 seconds
[2019-12-09T03:36:54.410+0000][1][safepoint    ] Application time: 0.0001444 seconds
[2019-12-09T03:36:54.410+0000][1][safepoint    ] Entering safepoint region: RevokeBias
[2019-12-09T03:36:54.410+0000][1][safepoint    ] Leaving safepoint region
[2019-12-09T03:36:54.410+0000][1][safepoint    ] Total time for which application threads were stopped: 0.0000757 seconds, Stopping threads took: 0.0000095 seconds
[2019-12-09T03:36:54.411+0000][1][safepoint    ] Application time: 0.0014725 seconds
[2019-12-09T03:36:54.411+0000][1][safepoint    ] Entering safepoint region: RevokeBias
[2019-12-09T03:36:54.412+0000][1][safepoint    ] Leaving safepoint region
[2019-12-09T03:36:54.412+0000][1][safepoint    ] Total time for which application threads were stopped: 0.0000916 seconds, Stopping threads took: 0.0000128 seconds
[2019-12-09T03:36:54.412+0000][1][safepoint    ] Application time: 0.0007250 seconds
[2019-12-09T03:36:54.412+0000][1][safepoint    ] Entering safepoint region: RevokeBias
[2019-12-09T03:36:54.412+0000][1][safepoint    ] Leaving safepoint region
[2019-12-09T03:36:54.412+0000][1][safepoint    ] Total time for which application threads were stopped: 0.0001270 seconds, Stopping threads took: 0.0000617 seconds
[2019-12-09T03:36:54.422+0000][1][safepoint    ] Application time: 0.0098304 seconds
[2019-12-09T03:36:54.422+0000][1][safepoint    ] Entering safepoint region: RevokeBias
[2019-12-09T03:36:54.422+0000][1][safepoint    ] Leaving safepoint region
[2019-12-09T03:36:54.422+0000][1][safepoint    ] Total time for which application threads were stopped: 0.0000980 seconds, Stopping threads took: 0.0000143 seconds
[2019-12-09T03:36:54.425+0000][1][safepoint    ] Application time: 0.0026906 seconds
[2019-12-09T03:36:54.425+0000][1][safepoint    ] Entering safepoint region: RevokeBias
[2019-12-09T03:36:54.425+0000][1][safepoint    ] Leaving safepoint region
[2019-12-09T03:36:54.425+0000][1][safepoint    ] Total time for which application threads were stopped: 0.0000970 seconds, Stopping threads took: 0.0000119 seconds
[2019-12-09T03:36:54.425+0000][1][safepoint    ] Application time: 0.0002236 seconds
[2019-12-09T03:36:54.425+0000][1][safepoint    ] Entering safepoint region: RevokeBias
[2019-12-09T03:36:54.426+0000][1][safepoint    ] Leaving safepoint region
[2019-12-09T03:36:54.426+0000][1][safepoint    ] Total time for which application threads were stopped: 0.0000909 seconds, Stopping threads took: 0.0000105 seconds
[2019-12-09T03:36:54.426+0000][1][safepoint    ] Application time: 0.0005797 seconds
[2019-12-09T03:36:54.426+0000][1][safepoint    ] Entering safepoint region: RevokeBias
[2019-12-09T03:36:54.426+0000][1][safepoint    ] Leaving safepoint region
[2019-12-09T03:36:54.426+0000][1][safepoint    ] Total time for which application threads were stopped: 0.0000835 seconds, Stopping threads took: 0.0000122 seconds
[2019-12-09T03:36:54.433+0000][1][safepoint    ] Application time: 0.0068303 seconds
[2019-12-09T03:36:54.433+0000][1][safepoint    ] Entering safepoint region: RevokeBias
[2019-12-09T03:36:54.433+0000][1][safepoint    ] Leaving safepoint region
[2019-12-09T03:36:54.433+0000][1][safepoint    ] Total time for which application threads were stopped: 0.0000852 seconds, Stopping threads took: 0.0000131 seconds
[2019-12-09T03:36:54.434+0000][1][safepoint    ] Application time: 0.0010688 seconds
[2019-12-09T03:36:54.434+0000][1][safepoint    ] Entering safepoint region: RevokeBias
[2019-12-09T03:36:54.434+0000][1][safepoint    ] Leaving safepoint region
[2019-12-09T03:36:54.434+0000][1][safepoint    ] Total time for which application threads were stopped: 0.0001150 seconds, Stopping threads took: 0.0000130 seconds
[2019-12-09T03:36:54.440+0000][1][safepoint    ] Application time: 0.0058995 seconds
[2019-12-09T03:36:54.440+0000][1][safepoint    ] Entering safepoint region: RevokeBias
[2019-12-09T03:36:54.440+0000][1][safepoint    ] Leaving safepoint region
[2019-12-09T03:36:54.440+0000][1][safepoint    ] Total time for which application threads were stopped: 0.0000879 seconds, Stopping threads took: 0.0000122 seconds
[2019-12-09T03:36:54.442+0000][1][safepoint    ] Application time: 0.0018774 seconds
[2019-12-09T03:36:54.442+0000][1][safepoint    ] Entering safepoint region: RevokeBias
[2019-12-09T03:36:54.442+0000][1][safepoint    ] Leaving safepoint region
[2019-12-09T03:36:54.442+0000][1][safepoint    ] Total time for which application threads were stopped: 0.0000695 seconds, Stopping threads took: 0.0000125 seconds
[2019-12-09T03:36:54.455+0000][1][safepoint    ] Application time: 0.0123423 seconds
[2019-12-09T03:36:54.455+0000][1][safepoint    ] Entering safepoint region: RevokeBias
[2019-12-09T03:36:54.455+0000][1][safepoint    ] Leaving safepoint region
[2019-12-09T03:36:54.455+0000][1][safepoint    ] Total time for which application threads were stopped: 0.0001437 seconds, Stopping threads took: 0.0000137 seconds
[2019-12-09T03:36:54.456+0000][1][safepoint    ] Application time: 0.0009123 seconds
[2019-12-09T03:36:54.456+0000][1][safepoint    ] Entering safepoint region: RevokeBias
[2019-12-09T03:36:54.456+0000][1][safepoint    ] Leaving safepoint region
[2019-12-09T03:36:54.456+0000][1][safepoint    ] Total time for which application threads were stopped: 0.0001388 seconds, Stopping threads took: 0.0000133 seconds
[2019-12-09T03:36:54.457+0000][1][safepoint    ] Application time: 0.0005833 seconds
[2019-12-09T03:36:54.457+0000][1][safepoint    ] Entering safepoint region: RevokeBias
[2019-12-09T03:36:54.457+0000][1][safepoint    ] Leaving safepoint region
[2019-12-09T03:36:54.457+0000][1][safepoint    ] Total time for which application threads were stopped: 0.0001817 seconds, Stopping threads took: 0.0000124 seconds
[2019-12-09T03:36:54.457+0000][1][safepoint    ] Application time: 0.0006405 seconds
[2019-12-09T03:36:54.457+0000][1][safepoint    ] Entering safepoint region: RevokeBias
[2019-12-09T03:36:54.458+0000][1][safepoint    ] Leaving safepoint region
[2019-12-09T03:36:54.458+0000][1][safepoint    ] Total time for which application threads were stopped: 0.0007542 seconds, Stopping threads took: 0.0000117 seconds
[2019-12-09T03:36:54.459+0000][1][safepoint    ] Application time: 0.0010545 seconds
[2019-12-09T03:36:54.459+0000][1][safepoint    ] Entering safepoint region: RevokeBias
[2019-12-09T03:36:54.459+0000][1][safepoint    ] Leaving safepoint region
[2019-12-09T03:36:54.459+0000][1][safepoint    ] Total time for which application threads were stopped: 0.0000541 seconds, Stopping threads took: 0.0000125 seconds
[2019-12-09T03:36:54.459+0000][1][safepoint    ] Application time: 0.0000863 seconds
[2019-12-09T03:36:54.459+0000][1][safepoint    ] Entering safepoint region: RevokeBias
[2019-12-09T03:36:54.459+0000][1][safepoint    ] Leaving safepoint region
[2019-12-09T03:36:54.459+0000][1][safepoint    ] Total time for which application threads were stopped: 0.0000455 seconds, Stopping threads took: 0.0000092 seconds
[2019-12-09T03:36:54.460+0000][1][safepoint    ] Application time: 0.0000846 seconds
[2019-12-09T03:36:54.460+0000][1][safepoint    ] Entering safepoint region: RevokeBias
[2019-12-09T03:36:54.460+0000][1][safepoint    ] Leaving safepoint region
[2019-12-09T03:36:54.460+0000][1][safepoint    ] Total time for which application threads were stopped: 0.0000423 seconds, Stopping threads took: 0.0000089 seconds
[2019-12-09T03:36:54.478+0000][1][safepoint    ] Application time: 0.0185618 seconds
[2019-12-09T03:36:54.478+0000][1][safepoint    ] Entering safepoint region: RevokeBias
[2019-12-09T03:36:54.478+0000][1][safepoint    ] Leaving safepoint region
[2019-12-09T03:36:54.478+0000][1][safepoint    ] Total time for which application threads were stopped: 0.0000559 seconds, Stopping threads took: 0.0000126 seconds
[2019-12-09T03:36:54.479+0000][1][safepoint    ] Application time: 0.0004002 seconds
[2019-12-09T03:36:54.479+0000][1][safepoint    ] Entering safepoint region: BulkRevokeBias
[2019-12-09T03:36:54.479+0000][1][safepoint    ] Leaving safepoint region
[2019-12-09T03:36:54.479+0000][1][safepoint    ] Total time for which application threads were stopped: 0.0003111 seconds, Stopping threads took: 0.0000229 seconds
[2019-12-09T03:36:54.489+0000][1][safepoint    ] Application time: 0.0095139 seconds
[2019-12-09T03:36:54.498+0000][1][safepoint    ] Entering safepoint region: RevokeBias
[2019-12-09T03:36:54.498+0000][1][safepoint    ] Leaving safepoint region
[2019-12-09T03:36:54.498+0000][1][safepoint    ] Total time for which application threads were stopped: 0.0090422 seconds, Stopping threads took: 0.0089846 seconds
[2019-12-09T03:36:54.505+0000][1][safepoint    ] Application time: 0.0078327 seconds
[2019-12-09T03:36:54.506+0000][1][safepoint    ] Entering safepoint region: RevokeBias
[2019-12-09T03:36:54.506+0000][1][safepoint    ] Leaving safepoint region
[2019-12-09T03:36:54.506+0000][1][safepoint    ] Total time for which application threads were stopped: 0.0000966 seconds, Stopping threads took: 0.0000523 seconds
[2019-12-09T03:36:54.506+0000][1][safepoint    ] Application time: 0.0004999 seconds
[2019-12-09T03:36:54.506+0000][1][safepoint    ] Entering safepoint region: RevokeBias
[2019-12-09T03:36:54.506+0000][1][safepoint    ] Leaving safepoint region
[2019-12-09T03:36:54.506+0000][1][safepoint    ] Total time for which application threads were stopped: 0.0000594 seconds, Stopping threads took: 0.0000116 seconds
[2019-12-09T03:36:54.508+0000][1][safepoint    ] Application time: 0.0013666 seconds
[2019-12-09T03:36:54.508+0000][1][safepoint    ] Entering safepoint region: RevokeBias
[2019-12-09T03:36:54.508+0000][1][safepoint    ] Leaving safepoint region
[2019-12-09T03:36:54.508+0000][1][safepoint    ] Total time for which application threads were stopped: 0.0000551 seconds, Stopping threads took: 0.0000121 seconds
[2019-12-09T03:36:54.509+0000][1][safepoint    ] Application time: 0.0016961 seconds
[2019-12-09T03:36:54.509+0000][1][safepoint    ] Entering safepoint region: RevokeBias
[2019-12-09T03:36:54.509+0000][1][safepoint    ] Leaving safepoint region
[2019-12-09T03:36:54.509+0000][1][safepoint    ] Total time for which application threads were stopped: 0.0000434 seconds, Stopping threads took: 0.0000106 seconds
[2019-12-09T03:36:54.510+0000][1][safepoint    ] Application time: 0.0000961 seconds
[2019-12-09T03:36:54.510+0000][1][safepoint    ] Entering safepoint region: RevokeBias
[2019-12-09T03:36:54.510+0000][1][safepoint    ] Leaving safepoint region
[2019-12-09T03:36:54.510+0000][1][safepoint    ] Total time for which application threads were stopped: 0.0000370 seconds, Stopping threads took: 0.0000087 seconds
[2019-12-09T03:36:54.511+0000][1][safepoint    ] Application time: 0.0010172 seconds
[2019-12-09T03:36:54.511+0000][1][safepoint    ] Entering safepoint region: RevokeBias
[2019-12-09T03:36:54.511+0000][1][safepoint    ] Leaving safepoint region
[2019-12-09T03:36:54.511+0000][1][safepoint    ] Total time for which application threads were stopped: 0.0000537 seconds, Stopping threads took: 0.0000116 seconds
[2019-12-09T03:36:54.533+0000][1][safepoint    ] Application time: 0.0220094 seconds
[2019-12-09T03:36:54.533+0000][1][safepoint    ] Entering safepoint region: RevokeBias
[2019-12-09T03:36:54.533+0000][1][safepoint    ] Leaving safepoint region
[2019-12-09T03:36:54.533+0000][1][safepoint    ] Total time for which application threads were stopped: 0.0003346 seconds, Stopping threads took: 0.0002735 seconds
[2019-12-09T03:36:54.566+0000][1][gc,heap,exit ] Heap
[2019-12-09T03:36:54.566+0000][1][gc,heap,exit ]  par new generation   total 78656K, used 24885K [0x00000000f0000000, 0x00000000f5550000, 0x00000000f5550000)
[2019-12-09T03:36:54.566+0000][1][gc,heap,exit ]   eden space 69952K,  33% used [0x00000000f0000000, 0x00000000f16987b8, 0x00000000f4450000)
[2019-12-09T03:36:54.566+0000][1][gc,heap,exit ]   from space 8704K,  20% used [0x00000000f4450000, 0x00000000f4604f50, 0x00000000f4cd0000)
[2019-12-09T03:36:54.566+0000][1][gc,heap,exit ]   to   space 8704K,   0% used [0x00000000f4cd0000, 0x00000000f4cd0000, 0x00000000f5550000)
[2019-12-09T03:36:54.566+0000][1][gc,heap,exit ]  concurrent mark-sweep generation total 174784K, used 69440K [0x00000000f5550000, 0x0000000100000000, 0x0000000100000000)
[2019-12-09T03:36:54.566+0000][1][gc,heap,exit ]  Metaspace       used 69192K, capacity 74376K, committed 74636K, reserved 1112064K
[2019-12-09T03:36:54.566+0000][1][gc,heap,exit ]   class space    used 9347K, capacity 11560K, committed 11672K, reserved 1048576K
[2019-12-09T03:36:54.566+0000][1][safepoint    ] Application time: 0.0328476 seconds
[2019-12-09T03:36:54.566+0000][1][safepoint    ] Entering safepoint region: Exit
