[2019-12-09T02:25:02.495+0000][1][gc] Using Concurrent Mark Sweep
[2019-12-09T02:25:02.495+0000][1][gc,heap,coops] Heap address: 0x00000000f0000000, size: 256 MB, Compressed Oops mode: 32-bit
[2019-12-09T02:25:02.660+0000][1][safepoint    ] Entering safepoint region: EnableBiasedLocking
[2019-12-09T02:25:02.660+0000][1][safepoint    ] Leaving safepoint region
[2019-12-09T02:25:02.660+0000][1][safepoint    ] Total time for which application threads were stopped: 0.0041844 seconds, Stopping threads took: 0.0041168 seconds
[2019-12-09T02:25:02.686+0000][1][safepoint    ] Application time: 0.0209398 seconds
[2019-12-09T02:25:02.686+0000][1][safepoint    ] Entering safepoint region: RevokeBias
[2019-12-09T02:25:02.686+0000][1][safepoint    ] Leaving safepoint region
[2019-12-09T02:25:02.686+0000][1][safepoint    ] Total time for which application threads were stopped: 0.0000638 seconds, Stopping threads took: 0.0000122 seconds
[2019-12-09T02:25:02.753+0000][1][safepoint    ] Application time: 0.0669131 seconds
[2019-12-09T02:25:02.753+0000][1][safepoint    ] Entering safepoint region: Deoptimize
[2019-12-09T02:25:02.753+0000][1][safepoint    ] Leaving safepoint region
[2019-12-09T02:25:02.753+0000][1][safepoint    ] Total time for which application threads were stopped: 0.0000545 seconds, Stopping threads took: 0.0000113 seconds
[2019-12-09T02:25:03.669+0000][1][safepoint    ] Application time: 0.9157792 seconds
[2019-12-09T02:25:03.669+0000][1][safepoint    ] Entering safepoint region: Deoptimize
[2019-12-09T02:25:03.669+0000][1][safepoint    ] Leaving safepoint region
[2019-12-09T02:25:03.669+0000][1][safepoint    ] Total time for which application threads were stopped: 0.0001273 seconds, Stopping threads took: 0.0000110 seconds
[2019-12-09T02:25:04.671+0000][1][safepoint    ] Application time: 1.0019596 seconds
[2019-12-09T02:25:04.671+0000][1][safepoint    ] Entering safepoint region: Cleanup
[2019-12-09T02:25:04.671+0000][1][safepoint    ] Leaving safepoint region
[2019-12-09T02:25:04.671+0000][1][safepoint    ] Total time for which application threads were stopped: 0.0003286 seconds, Stopping threads took: 0.0002606 seconds
[2019-12-09T02:25:05.674+0000][1][safepoint    ] Application time: 1.0026287 seconds
[2019-12-09T02:25:05.678+0000][1][safepoint    ] Entering safepoint region: Cleanup
[2019-12-09T02:25:05.678+0000][1][safepoint    ] Leaving safepoint region
[2019-12-09T02:25:05.678+0000][1][safepoint    ] Total time for which application threads were stopped: 0.0040368 seconds, Stopping threads took: 0.0039858 seconds
[2019-12-09T02:25:05.842+0000][1][safepoint    ] Application time: 0.1639472 seconds
[2019-12-09T02:25:05.842+0000][1][safepoint    ] Entering safepoint region: Deoptimize
[2019-12-09T02:25:05.842+0000][1][safepoint    ] Leaving safepoint region
[2019-12-09T02:25:05.842+0000][1][safepoint    ] Total time for which application threads were stopped: 0.0001467 seconds, Stopping threads took: 0.0000108 seconds
[2019-12-09T02:25:06.368+0000][1][safepoint    ] Application time: 0.5258407 seconds
[2019-12-09T02:25:06.368+0000][1][safepoint    ] Entering safepoint region: Deoptimize
[2019-12-09T02:25:06.368+0000][1][safepoint    ] Leaving safepoint region
[2019-12-09T02:25:06.368+0000][1][safepoint    ] Total time for which application threads were stopped: 0.0001506 seconds, Stopping threads took: 0.0000104 seconds
[2019-12-09T02:25:06.489+0000][1][safepoint    ] Application time: 0.1212886 seconds
[2019-12-09T02:25:06.489+0000][1][safepoint    ] Entering safepoint region: Deoptimize
[2019-12-09T02:25:06.489+0000][1][safepoint    ] Leaving safepoint region
[2019-12-09T02:25:06.489+0000][1][safepoint    ] Total time for which application threads were stopped: 0.0001796 seconds, Stopping threads took: 0.0000128 seconds
[2019-12-09T02:25:07.499+0000][1][safepoint    ] Application time: 1.0092736 seconds
[2019-12-09T02:25:07.596+0000][1][safepoint    ] Entering safepoint region: Cleanup
[2019-12-09T02:25:07.596+0000][1][safepoint    ] Leaving safepoint region
[2019-12-09T02:25:07.596+0000][1][safepoint    ] Total time for which application threads were stopped: 0.0970912 seconds, Stopping threads took: 0.0970407 seconds
[2019-12-09T02:25:08.597+0000][1][safepoint    ] Application time: 1.0008195 seconds
[2019-12-09T02:25:08.605+0000][1][safepoint    ] Entering safepoint region: Cleanup
[2019-12-09T02:25:08.605+0000][1][safepoint    ] Leaving safepoint region
[2019-12-09T02:25:08.605+0000][1][safepoint    ] Total time for which application threads were stopped: 0.0080423 seconds, Stopping threads took: 0.0079907 seconds
[2019-12-09T02:25:09.612+0000][1][safepoint    ] Application time: 1.0076950 seconds
[2019-12-09T02:25:09.674+0000][1][safepoint    ] Entering safepoint region: Cleanup
[2019-12-09T02:25:09.674+0000][1][safepoint    ] Leaving safepoint region
[2019-12-09T02:25:09.674+0000][1][safepoint    ] Total time for which application threads were stopped: 0.0618225 seconds, Stopping threads took: 0.0617592 seconds
[2019-12-09T02:25:10.655+0000][1][safepoint    ] Application time: 0.9810739 seconds
[2019-12-09T02:25:10.655+0000][1][safepoint    ] Entering safepoint region: Deoptimize
[2019-12-09T02:25:10.656+0000][1][safepoint    ] Leaving safepoint region
[2019-12-09T02:25:10.656+0000][1][safepoint    ] Total time for which application threads were stopped: 0.0002069 seconds, Stopping threads took: 0.0000118 seconds
[2019-12-09T02:25:11.659+0000][1][safepoint    ] Application time: 1.0030167 seconds
[2019-12-09T02:25:11.659+0000][1][safepoint    ] Entering safepoint region: Cleanup
[2019-12-09T02:25:11.659+0000][1][safepoint    ] Leaving safepoint region
[2019-12-09T02:25:11.659+0000][1][safepoint    ] Total time for which application threads were stopped: 0.0000719 seconds, Stopping threads took: 0.0000151 seconds
[2019-12-09T02:25:12.660+0000][1][safepoint    ] Application time: 1.0008766 seconds
[2019-12-09T02:25:12.754+0000][1][safepoint    ] Entering safepoint region: Cleanup
[2019-12-09T02:25:12.754+0000][1][safepoint    ] Leaving safepoint region
[2019-12-09T02:25:12.754+0000][1][safepoint    ] Total time for which application threads were stopped: 0.0940578 seconds, Stopping threads took: 0.0939758 seconds
[2019-12-09T02:25:13.376+0000][1][safepoint    ] Application time: 0.6220682 seconds
[2019-12-09T02:25:13.376+0000][1][safepoint    ] Entering safepoint region: Deoptimize
[2019-12-09T02:25:13.376+0000][1][safepoint    ] Leaving safepoint region
[2019-12-09T02:25:13.376+0000][1][safepoint    ] Total time for which application threads were stopped: 0.0002421 seconds, Stopping threads took: 0.0000107 seconds
[2019-12-09T02:25:14.398+0000][1][safepoint    ] Application time: 1.0215288 seconds
[2019-12-09T02:25:14.410+0000][1][safepoint    ] Entering safepoint region: Cleanup
[2019-12-09T02:25:14.410+0000][1][safepoint    ] Leaving safepoint region
[2019-12-09T02:25:14.410+0000][1][safepoint    ] Total time for which application threads were stopped: 0.0120481 seconds, Stopping threads took: 0.0119892 seconds
[2019-12-09T02:25:14.486+0000][1][safepoint    ] Application time: 0.0759114 seconds
[2019-12-09T02:25:14.486+0000][1][safepoint    ] Entering safepoint region: Deoptimize
[2019-12-09T02:25:14.486+0000][1][safepoint    ] Leaving safepoint region
[2019-12-09T02:25:14.486+0000][1][safepoint    ] Total time for which application threads were stopped: 0.0002451 seconds, Stopping threads took: 0.0000103 seconds
[2019-12-09T02:25:14.518+0000][1][safepoint    ] Application time: 0.0317296 seconds
[2019-12-09T02:25:14.518+0000][1][safepoint    ] Entering safepoint region: Deoptimize
[2019-12-09T02:25:14.518+0000][1][safepoint    ] Leaving safepoint region
[2019-12-09T02:25:14.518+0000][1][safepoint    ] Total time for which application threads were stopped: 0.0002310 seconds, Stopping threads took: 0.0000106 seconds
[2019-12-09T02:25:14.764+0000][1][safepoint    ] Application time: 0.2457235 seconds
[2019-12-09T02:25:14.764+0000][1][safepoint    ] Entering safepoint region: Deoptimize
[2019-12-09T02:25:14.764+0000][1][safepoint    ] Leaving safepoint region
[2019-12-09T02:25:14.764+0000][1][safepoint    ] Total time for which application threads were stopped: 0.0002596 seconds, Stopping threads took: 0.0000131 seconds
[2019-12-09T02:25:14.817+0000][1][safepoint    ] Application time: 0.0530315 seconds
[2019-12-09T02:25:14.880+0000][1][safepoint    ] Entering safepoint region: RevokeBias
[2019-12-09T02:25:14.880+0000][1][safepoint    ] Leaving safepoint region
[2019-12-09T02:25:14.880+0000][1][safepoint    ] Total time for which application threads were stopped: 0.0628760 seconds, Stopping threads took: 0.0627545 seconds
[2019-12-09T02:25:14.880+0000][1][safepoint    ] Application time: 0.0002303 seconds
[2019-12-09T02:25:14.880+0000][1][safepoint    ] Entering safepoint region: RevokeBias
[2019-12-09T02:25:14.880+0000][1][safepoint    ] Leaving safepoint region
[2019-12-09T02:25:14.880+0000][1][safepoint    ] Total time for which application threads were stopped: 0.0000941 seconds, Stopping threads took: 0.0000116 seconds
[2019-12-09T02:25:14.880+0000][1][safepoint    ] Application time: 0.0000644 seconds
[2019-12-09T02:25:14.880+0000][1][safepoint    ] Entering safepoint region: RevokeBias
[2019-12-09T02:25:14.880+0000][1][safepoint    ] Leaving safepoint region
[2019-12-09T02:25:14.880+0000][1][safepoint    ] Total time for which application threads were stopped: 0.0000581 seconds, Stopping threads took: 0.0000070 seconds
[2019-12-09T02:25:14.881+0000][1][safepoint    ] Application time: 0.0000745 seconds
[2019-12-09T02:25:14.881+0000][1][safepoint    ] Entering safepoint region: RevokeBias
[2019-12-09T02:25:14.881+0000][1][safepoint    ] Leaving safepoint region
[2019-12-09T02:25:14.881+0000][1][safepoint    ] Total time for which application threads were stopped: 0.0000601 seconds, Stopping threads took: 0.0000078 seconds
[2019-12-09T02:25:14.881+0000][1][safepoint    ] Application time: 0.0001850 seconds
[2019-12-09T02:25:14.881+0000][1][safepoint    ] Entering safepoint region: RevokeBias
[2019-12-09T02:25:14.881+0000][1][safepoint    ] Leaving safepoint region
[2019-12-09T02:25:14.881+0000][1][safepoint    ] Total time for which application threads were stopped: 0.0000747 seconds, Stopping threads took: 0.0000087 seconds
[2019-12-09T02:25:15.886+0000][1][safepoint    ] Application time: 1.0047938 seconds
[2019-12-09T02:25:15.890+0000][1][safepoint    ] Entering safepoint region: Cleanup
[2019-12-09T02:25:15.890+0000][1][safepoint    ] Leaving safepoint region
[2019-12-09T02:25:15.890+0000][1][safepoint    ] Total time for which application threads were stopped: 0.0040260 seconds, Stopping threads took: 0.0039793 seconds
[2019-12-09T02:25:16.563+0000][1][safepoint    ] Application time: 0.6729732 seconds
[2019-12-09T02:25:16.563+0000][1][safepoint    ] Entering safepoint region: GenCollectForAllocation
[2019-12-09T02:25:16.563+0000][1][gc,start     ] GC(0) Pause Young (Allocation Failure)
[2019-12-09T02:25:16.579+0000][1][gc,task      ] GC(0) Using 2 workers of 2 for evacuation
[2019-12-09T02:25:16.688+0000][1][gc,age       ] GC(0) Desired survivor size 4456448 bytes, new threshold 1 (max threshold 6)
[2019-12-09T02:25:16.688+0000][1][gc,age       ] GC(0) Age table with threshold 1 (max threshold 6)
[2019-12-09T02:25:16.688+0000][1][gc,age       ] GC(0) - age   1:    6491024 bytes,    6491024 total
[2019-12-09T02:25:16.688+0000][1][gc,heap      ] GC(0) ParNew: 69952K->6384K(78656K)
[2019-12-09T02:25:16.688+0000][1][gc,heap      ] GC(0) CMS: 0K->0K(174784K)
[2019-12-09T02:25:16.688+0000][1][gc,metaspace ] GC(0) Metaspace: 12668K->12668K(1060864K)
[2019-12-09T02:25:16.688+0000][1][gc           ] GC(0) Pause Young (Allocation Failure) 68M->6M(247M) 125.235ms
[2019-12-09T02:25:16.688+0000][1][gc,cpu       ] GC(0) User=0.02s Sys=0.00s Real=0.13s
[2019-12-09T02:25:16.688+0000][1][safepoint    ] Leaving safepoint region
[2019-12-09T02:25:16.688+0000][1][safepoint    ] Total time for which application threads were stopped: 0.1253795 seconds, Stopping threads took: 0.0000142 seconds
[2019-12-09T02:25:16.714+0000][1][safepoint    ] Application time: 0.0255156 seconds
[2019-12-09T02:25:16.777+0000][1][safepoint    ] Entering safepoint region: RevokeBias
[2019-12-09T02:25:16.777+0000][1][safepoint    ] Leaving safepoint region
[2019-12-09T02:25:16.777+0000][1][safepoint    ] Total time for which application threads were stopped: 0.0631593 seconds, Stopping threads took: 0.0630219 seconds
[2019-12-09T02:25:16.779+0000][1][safepoint    ] Application time: 0.0018002 seconds
[2019-12-09T02:25:16.780+0000][1][safepoint    ] Entering safepoint region: RevokeBias
[2019-12-09T02:25:16.780+0000][1][safepoint    ] Leaving safepoint region
[2019-12-09T02:25:16.780+0000][1][safepoint    ] Total time for which application threads were stopped: 0.0015245 seconds, Stopping threads took: 0.0014306 seconds
[2019-12-09T02:25:16.785+0000][1][safepoint    ] Application time: 0.0044415 seconds
[2019-12-09T02:25:16.785+0000][1][safepoint    ] Entering safepoint region: RevokeBias
[2019-12-09T02:25:16.785+0000][1][safepoint    ] Leaving safepoint region
[2019-12-09T02:25:16.785+0000][1][safepoint    ] Total time for which application threads were stopped: 0.0002133 seconds, Stopping threads took: 0.0001308 seconds
[2019-12-09T02:25:16.785+0000][1][safepoint    ] Application time: 0.0000614 seconds
[2019-12-09T02:25:16.785+0000][1][safepoint    ] Entering safepoint region: RevokeBias
[2019-12-09T02:25:16.785+0000][1][safepoint    ] Leaving safepoint region
[2019-12-09T02:25:16.785+0000][1][safepoint    ] Total time for which application threads were stopped: 0.0000670 seconds, Stopping threads took: 0.0000079 seconds
[2019-12-09T02:25:16.785+0000][1][safepoint    ] Application time: 0.0000592 seconds
[2019-12-09T02:25:16.785+0000][1][safepoint    ] Entering safepoint region: RevokeBias
[2019-12-09T02:25:16.785+0000][1][safepoint    ] Leaving safepoint region
[2019-12-09T02:25:16.785+0000][1][safepoint    ] Total time for which application threads were stopped: 0.0000537 seconds, Stopping threads took: 0.0000069 seconds
[2019-12-09T02:25:16.785+0000][1][safepoint    ] Application time: 0.0000478 seconds
[2019-12-09T02:25:16.785+0000][1][safepoint    ] Entering safepoint region: RevokeBias
[2019-12-09T02:25:16.785+0000][1][safepoint    ] Leaving safepoint region
[2019-12-09T02:25:16.785+0000][1][safepoint    ] Total time for which application threads were stopped: 0.0000503 seconds, Stopping threads took: 0.0000069 seconds
[2019-12-09T02:25:16.785+0000][1][safepoint    ] Application time: 0.0000543 seconds
[2019-12-09T02:25:16.785+0000][1][safepoint    ] Entering safepoint region: RevokeBias
[2019-12-09T02:25:16.785+0000][1][safepoint    ] Leaving safepoint region
[2019-12-09T02:25:16.785+0000][1][safepoint    ] Total time for which application threads were stopped: 0.0000541 seconds, Stopping threads took: 0.0000073 seconds
[2019-12-09T02:25:16.786+0000][1][safepoint    ] Application time: 0.0000471 seconds
[2019-12-09T02:25:16.786+0000][1][safepoint    ] Entering safepoint region: RevokeBias
[2019-12-09T02:25:16.786+0000][1][safepoint    ] Leaving safepoint region
[2019-12-09T02:25:16.786+0000][1][safepoint    ] Total time for which application threads were stopped: 0.0000488 seconds, Stopping threads took: 0.0000072 seconds
[2019-12-09T02:25:16.786+0000][1][safepoint    ] Application time: 0.0000561 seconds
[2019-12-09T02:25:16.786+0000][1][safepoint    ] Entering safepoint region: RevokeBias
[2019-12-09T02:25:16.786+0000][1][safepoint    ] Leaving safepoint region
[2019-12-09T02:25:16.786+0000][1][safepoint    ] Total time for which application threads were stopped: 0.0000811 seconds, Stopping threads took: 0.0000179 seconds
[2019-12-09T02:25:16.786+0000][1][safepoint    ] Application time: 0.0000522 seconds
[2019-12-09T02:25:16.786+0000][1][safepoint    ] Entering safepoint region: RevokeBias
[2019-12-09T02:25:16.786+0000][1][safepoint    ] Leaving safepoint region
[2019-12-09T02:25:16.786+0000][1][safepoint    ] Total time for which application threads were stopped: 0.0000513 seconds, Stopping threads took: 0.0000079 seconds
[2019-12-09T02:25:16.786+0000][1][safepoint    ] Application time: 0.0000609 seconds
[2019-12-09T02:25:16.786+0000][1][safepoint    ] Entering safepoint region: RevokeBias
[2019-12-09T02:25:16.786+0000][1][safepoint    ] Leaving safepoint region
[2019-12-09T02:25:16.786+0000][1][safepoint    ] Total time for which application threads were stopped: 0.0000609 seconds, Stopping threads took: 0.0000151 seconds
[2019-12-09T02:25:16.786+0000][1][safepoint    ] Application time: 0.0000519 seconds
[2019-12-09T02:25:16.786+0000][1][safepoint    ] Entering safepoint region: RevokeBias
[2019-12-09T02:25:16.786+0000][1][safepoint    ] Leaving safepoint region
[2019-12-09T02:25:16.786+0000][1][safepoint    ] Total time for which application threads were stopped: 0.0000506 seconds, Stopping threads took: 0.0000082 seconds
[2019-12-09T02:25:16.786+0000][1][safepoint    ] Application time: 0.0000573 seconds
[2019-12-09T02:25:16.786+0000][1][safepoint    ] Entering safepoint region: RevokeBias
[2019-12-09T02:25:16.786+0000][1][safepoint    ] Leaving safepoint region
[2019-12-09T02:25:16.786+0000][1][safepoint    ] Total time for which application threads were stopped: 0.0000480 seconds, Stopping threads took: 0.0000074 seconds
[2019-12-09T02:25:16.786+0000][1][safepoint    ] Application time: 0.0000523 seconds
[2019-12-09T02:25:16.786+0000][1][safepoint    ] Entering safepoint region: RevokeBias
[2019-12-09T02:25:16.786+0000][1][safepoint    ] Leaving safepoint region
[2019-12-09T02:25:16.786+0000][1][safepoint    ] Total time for which application threads were stopped: 0.0000494 seconds, Stopping threads took: 0.0000079 seconds
[2019-12-09T02:25:16.786+0000][1][safepoint    ] Application time: 0.0000616 seconds
[2019-12-09T02:25:16.786+0000][1][safepoint    ] Entering safepoint region: RevokeBias
[2019-12-09T02:25:16.786+0000][1][safepoint    ] Leaving safepoint region
[2019-12-09T02:25:16.786+0000][1][safepoint    ] Total time for which application threads were stopped: 0.0000507 seconds, Stopping threads took: 0.0000080 seconds
[2019-12-09T02:25:16.787+0000][1][safepoint    ] Application time: 0.0000501 seconds
[2019-12-09T02:25:16.787+0000][1][safepoint    ] Entering safepoint region: RevokeBias
[2019-12-09T02:25:16.787+0000][1][safepoint    ] Leaving safepoint region
[2019-12-09T02:25:16.787+0000][1][safepoint    ] Total time for which application threads were stopped: 0.0000473 seconds, Stopping threads took: 0.0000080 seconds
[2019-12-09T02:25:16.787+0000][1][safepoint    ] Application time: 0.0000635 seconds
[2019-12-09T02:25:16.787+0000][1][safepoint    ] Entering safepoint region: RevokeBias
[2019-12-09T02:25:16.787+0000][1][safepoint    ] Leaving safepoint region
[2019-12-09T02:25:16.787+0000][1][safepoint    ] Total time for which application threads were stopped: 0.0000714 seconds, Stopping threads took: 0.0000082 seconds
[2019-12-09T02:25:16.787+0000][1][safepoint    ] Application time: 0.0000661 seconds
[2019-12-09T02:25:16.787+0000][1][safepoint    ] Entering safepoint region: RevokeBias
[2019-12-09T02:25:16.787+0000][1][safepoint    ] Leaving safepoint region
[2019-12-09T02:25:16.787+0000][1][safepoint    ] Total time for which application threads were stopped: 0.0000579 seconds, Stopping threads took: 0.0000076 seconds
[2019-12-09T02:25:16.787+0000][1][safepoint    ] Application time: 0.0000861 seconds
[2019-12-09T02:25:16.787+0000][1][safepoint    ] Entering safepoint region: RevokeBias
[2019-12-09T02:25:16.787+0000][1][safepoint    ] Leaving safepoint region
[2019-12-09T02:25:16.787+0000][1][safepoint    ] Total time for which application threads were stopped: 0.0000552 seconds, Stopping threads took: 0.0000083 seconds
[2019-12-09T02:25:16.787+0000][1][safepoint    ] Application time: 0.0000532 seconds
[2019-12-09T02:25:16.787+0000][1][safepoint    ] Entering safepoint region: RevokeBias
[2019-12-09T02:25:16.787+0000][1][safepoint    ] Leaving safepoint region
[2019-12-09T02:25:16.787+0000][1][safepoint    ] Total time for which application threads were stopped: 0.0000508 seconds, Stopping threads took: 0.0000081 seconds
[2019-12-09T02:25:16.787+0000][1][safepoint    ] Application time: 0.0000589 seconds
[2019-12-09T02:25:16.787+0000][1][safepoint    ] Entering safepoint region: RevokeBias
[2019-12-09T02:25:16.787+0000][1][safepoint    ] Leaving safepoint region
[2019-12-09T02:25:16.787+0000][1][safepoint    ] Total time for which application threads were stopped: 0.0000692 seconds, Stopping threads took: 0.0000147 seconds
[2019-12-09T02:25:16.787+0000][1][safepoint    ] Application time: 0.0000464 seconds
[2019-12-09T02:25:16.787+0000][1][safepoint    ] Entering safepoint region: RevokeBias
[2019-12-09T02:25:16.787+0000][1][safepoint    ] Leaving safepoint region
[2019-12-09T02:25:16.787+0000][1][safepoint    ] Total time for which application threads were stopped: 0.0000455 seconds, Stopping threads took: 0.0000072 seconds
[2019-12-09T02:25:16.787+0000][1][safepoint    ] Application time: 0.0000513 seconds
[2019-12-09T02:25:16.787+0000][1][safepoint    ] Entering safepoint region: RevokeBias
[2019-12-09T02:25:16.788+0000][1][safepoint    ] Leaving safepoint region
[2019-12-09T02:25:16.788+0000][1][safepoint    ] Total time for which application threads were stopped: 0.0000466 seconds, Stopping threads took: 0.0000072 seconds
[2019-12-09T02:25:16.788+0000][1][safepoint    ] Application time: 0.0000461 seconds
[2019-12-09T02:25:16.788+0000][1][safepoint    ] Entering safepoint region: RevokeBias
[2019-12-09T02:25:16.788+0000][1][safepoint    ] Leaving safepoint region
[2019-12-09T02:25:16.788+0000][1][safepoint    ] Total time for which application threads were stopped: 0.0000451 seconds, Stopping threads took: 0.0000070 seconds
[2019-12-09T02:25:16.788+0000][1][safepoint    ] Application time: 0.0000836 seconds
[2019-12-09T02:25:16.788+0000][1][safepoint    ] Entering safepoint region: RevokeBias
[2019-12-09T02:25:16.788+0000][1][safepoint    ] Leaving safepoint region
[2019-12-09T02:25:16.788+0000][1][safepoint    ] Total time for which application threads were stopped: 0.0000530 seconds, Stopping threads took: 0.0000079 seconds
[2019-12-09T02:25:16.788+0000][1][safepoint    ] Application time: 0.0000465 seconds
[2019-12-09T02:25:16.788+0000][1][safepoint    ] Entering safepoint region: RevokeBias
[2019-12-09T02:25:16.788+0000][1][safepoint    ] Leaving safepoint region
[2019-12-09T02:25:16.788+0000][1][safepoint    ] Total time for which application threads were stopped: 0.0000472 seconds, Stopping threads took: 0.0000072 seconds
[2019-12-09T02:25:16.788+0000][1][safepoint    ] Application time: 0.0003285 seconds
[2019-12-09T02:25:16.788+0000][1][safepoint    ] Entering safepoint region: RevokeBias
[2019-12-09T02:25:16.788+0000][1][safepoint    ] Leaving safepoint region
[2019-12-09T02:25:16.788+0000][1][safepoint    ] Total time for which application threads were stopped: 0.0000604 seconds, Stopping threads took: 0.0000089 seconds
[2019-12-09T02:25:16.788+0000][1][safepoint    ] Application time: 0.0000542 seconds
[2019-12-09T02:25:16.788+0000][1][safepoint    ] Entering safepoint region: RevokeBias
[2019-12-09T02:25:16.788+0000][1][safepoint    ] Leaving safepoint region
[2019-12-09T02:25:16.788+0000][1][safepoint    ] Total time for which application threads were stopped: 0.0000501 seconds, Stopping threads took: 0.0000085 seconds
[2019-12-09T02:25:16.788+0000][1][safepoint    ] Application time: 0.0000658 seconds
[2019-12-09T02:25:16.788+0000][1][safepoint    ] Entering safepoint region: RevokeBias
[2019-12-09T02:25:16.789+0000][1][safepoint    ] Leaving safepoint region
[2019-12-09T02:25:16.789+0000][1][safepoint    ] Total time for which application threads were stopped: 0.0000522 seconds, Stopping threads took: 0.0000086 seconds
[2019-12-09T02:25:16.789+0000][1][safepoint    ] Application time: 0.0000534 seconds
[2019-12-09T02:25:16.789+0000][1][safepoint    ] Entering safepoint region: RevokeBias
[2019-12-09T02:25:16.789+0000][1][safepoint    ] Leaving safepoint region
[2019-12-09T02:25:16.789+0000][1][safepoint    ] Total time for which application threads were stopped: 0.0000506 seconds, Stopping threads took: 0.0000081 seconds
[2019-12-09T02:25:17.958+0000][1][safepoint    ] Application time: 1.1690379 seconds
[2019-12-09T02:25:17.965+0000][1][safepoint    ] Entering safepoint region: Cleanup
[2019-12-09T02:25:17.965+0000][1][safepoint    ] Leaving safepoint region
[2019-12-09T02:25:17.965+0000][1][safepoint    ] Total time for which application threads were stopped: 0.0070972 seconds, Stopping threads took: 0.0069973 seconds
[2019-12-09T02:25:18.473+0000][1][safepoint    ] Application time: 0.5078544 seconds
[2019-12-09T02:25:18.473+0000][1][safepoint    ] Entering safepoint region: Deoptimize
[2019-12-09T02:25:18.473+0000][1][safepoint    ] Leaving safepoint region
[2019-12-09T02:25:18.473+0000][1][safepoint    ] Total time for which application threads were stopped: 0.0003945 seconds, Stopping threads took: 0.0000143 seconds
[2019-12-09T02:25:19.268+0000][1][safepoint    ] Application time: 0.7945732 seconds
[2019-12-09T02:25:19.268+0000][1][safepoint    ] Entering safepoint region: RevokeBias
[2019-12-09T02:25:19.268+0000][1][safepoint    ] Leaving safepoint region
[2019-12-09T02:25:19.268+0000][1][safepoint    ] Total time for which application threads were stopped: 0.0001329 seconds, Stopping threads took: 0.0000133 seconds
[2019-12-09T02:25:20.291+0000][1][safepoint    ] Application time: 1.0228041 seconds
[2019-12-09T02:25:20.291+0000][1][safepoint    ] Entering safepoint region: Cleanup
[2019-12-09T02:25:20.291+0000][1][safepoint    ] Leaving safepoint region
[2019-12-09T02:25:20.291+0000][1][safepoint    ] Total time for which application threads were stopped: 0.0000586 seconds, Stopping threads took: 0.0000133 seconds
[2019-12-09T02:25:20.808+0000][1][safepoint    ] Application time: 0.5169018 seconds
[2019-12-09T02:25:20.808+0000][1][safepoint    ] Entering safepoint region: GenCollectForAllocation
[2019-12-09T02:25:20.808+0000][1][gc,start     ] GC(1) Pause Young (Allocation Failure)
[2019-12-09T02:25:20.808+0000][1][gc,task      ] GC(1) Using 2 workers of 2 for evacuation
[2019-12-09T02:25:21.296+0000][1][gc,age       ] GC(1) Desired survivor size 4456448 bytes, new threshold 6 (max threshold 6)
[2019-12-09T02:25:21.296+0000][1][gc,age       ] GC(1) Age table with threshold 6 (max threshold 6)
[2019-12-09T02:25:21.296+0000][1][gc,age       ] GC(1) - age   1:    1374440 bytes,    1374440 total
[2019-12-09T02:25:21.296+0000][1][gc,heap      ] GC(1) ParNew: 76336K->4090K(78656K)
[2019-12-09T02:25:21.296+0000][1][gc,heap      ] GC(1) CMS: 0K->6832K(174784K)
[2019-12-09T02:25:21.296+0000][1][gc,metaspace ] GC(1) Metaspace: 14768K->14768K(1062912K)
[2019-12-09T02:25:21.296+0000][1][gc           ] GC(1) Pause Young (Allocation Failure) 74M->10M(247M) 488.235ms
[2019-12-09T02:25:21.296+0000][1][gc,cpu       ] GC(1) User=0.15s Sys=0.00s Real=0.49s
[2019-12-09T02:25:21.296+0000][1][safepoint    ] Leaving safepoint region
[2019-12-09T02:25:21.296+0000][1][safepoint    ] Total time for which application threads were stopped: 0.4883801 seconds, Stopping threads took: 0.0000136 seconds
[2019-12-09T02:25:21.300+0000][1][safepoint    ] Application time: 0.0040821 seconds
[2019-12-09T02:25:21.380+0000][1][safepoint    ] Entering safepoint region: BulkRevokeBias
[2019-12-09T02:25:21.380+0000][1][safepoint    ] Leaving safepoint region
[2019-12-09T02:25:21.380+0000][1][safepoint    ] Total time for which application threads were stopped: 0.0796454 seconds, Stopping threads took: 0.0795051 seconds
[2019-12-09T02:25:21.382+0000][1][safepoint    ] Application time: 0.0019093 seconds
[2019-12-09T02:25:21.382+0000][1][safepoint    ] Entering safepoint region: RevokeBias
[2019-12-09T02:25:21.382+0000][1][safepoint    ] Leaving safepoint region
[2019-12-09T02:25:21.382+0000][1][safepoint    ] Total time for which application threads were stopped: 0.0000675 seconds, Stopping threads took: 0.0000117 seconds
[2019-12-09T02:25:21.382+0000][1][safepoint    ] Application time: 0.0000747 seconds
[2019-12-09T02:25:21.382+0000][1][safepoint    ] Entering safepoint region: RevokeBias
[2019-12-09T02:25:21.382+0000][1][safepoint    ] Leaving safepoint region
[2019-12-09T02:25:21.382+0000][1][safepoint    ] Total time for which application threads were stopped: 0.0000714 seconds, Stopping threads took: 0.0000176 seconds
[2019-12-09T02:25:21.382+0000][1][safepoint    ] Application time: 0.0000428 seconds
[2019-12-09T02:25:21.382+0000][1][safepoint    ] Entering safepoint region: RevokeBias
[2019-12-09T02:25:21.382+0000][1][safepoint    ] Leaving safepoint region
[2019-12-09T02:25:21.382+0000][1][safepoint    ] Total time for which application threads were stopped: 0.0000446 seconds, Stopping threads took: 0.0000070 seconds
[2019-12-09T02:25:21.382+0000][1][safepoint    ] Application time: 0.0000490 seconds
[2019-12-09T02:25:21.382+0000][1][safepoint    ] Entering safepoint region: RevokeBias
[2019-12-09T02:25:21.382+0000][1][safepoint    ] Leaving safepoint region
[2019-12-09T02:25:21.382+0000][1][safepoint    ] Total time for which application threads were stopped: 0.0000357 seconds, Stopping threads took: 0.0000059 seconds
[2019-12-09T02:25:21.382+0000][1][safepoint    ] Application time: 0.0000665 seconds
[2019-12-09T02:25:21.382+0000][1][safepoint    ] Entering safepoint region: RevokeBias
[2019-12-09T02:25:21.382+0000][1][safepoint    ] Leaving safepoint region
[2019-12-09T02:25:21.382+0000][1][safepoint    ] Total time for which application threads were stopped: 0.0000641 seconds, Stopping threads took: 0.0000134 seconds
[2019-12-09T02:25:21.382+0000][1][safepoint    ] Application time: 0.0000499 seconds
[2019-12-09T02:25:21.382+0000][1][safepoint    ] Entering safepoint region: BulkRevokeBias
[2019-12-09T02:25:21.383+0000][1][safepoint    ] Leaving safepoint region
[2019-12-09T02:25:21.383+0000][1][safepoint    ] Total time for which application threads were stopped: 0.0000655 seconds, Stopping threads took: 0.0000071 seconds
[2019-12-09T02:25:21.383+0000][1][safepoint    ] Application time: 0.0000488 seconds
[2019-12-09T02:25:21.383+0000][1][safepoint    ] Entering safepoint region: RevokeBias
[2019-12-09T02:25:21.383+0000][1][safepoint    ] Leaving safepoint region
[2019-12-09T02:25:21.383+0000][1][safepoint    ] Total time for which application threads were stopped: 0.0000444 seconds, Stopping threads took: 0.0000073 seconds
[2019-12-09T02:25:21.386+0000][1][safepoint    ] Application time: 0.0030416 seconds
[2019-12-09T02:25:21.386+0000][1][safepoint    ] Entering safepoint region: BulkRevokeBias
[2019-12-09T02:25:21.386+0000][1][safepoint    ] Leaving safepoint region
[2019-12-09T02:25:21.386+0000][1][safepoint    ] Total time for which application threads were stopped: 0.0000804 seconds, Stopping threads took: 0.0000113 seconds
[2019-12-09T02:25:22.390+0000][1][safepoint    ] Application time: 1.0038853 seconds
[2019-12-09T02:25:22.400+0000][1][safepoint    ] Entering safepoint region: Cleanup
[2019-12-09T02:25:22.400+0000][1][safepoint    ] Leaving safepoint region
[2019-12-09T02:25:22.400+0000][1][safepoint    ] Total time for which application threads were stopped: 0.0100587 seconds, Stopping threads took: 0.0099910 seconds
[2019-12-09T02:25:22.511+0000][1][safepoint    ] Application time: 0.1108375 seconds
[2019-12-09T02:25:22.511+0000][1][safepoint    ] Entering safepoint region: GenCollectForAllocation
[2019-12-09T02:25:22.511+0000][1][gc,start     ] GC(2) Pause Young (Allocation Failure)
[2019-12-09T02:25:22.511+0000][1][gc,task      ] GC(2) Using 2 workers of 2 for evacuation
[2019-12-09T02:25:22.516+0000][1][gc,age       ] GC(2) Desired survivor size 4456448 bytes, new threshold 6 (max threshold 6)
[2019-12-09T02:25:22.516+0000][1][gc,age       ] GC(2) Age table with threshold 6 (max threshold 6)
[2019-12-09T02:25:22.516+0000][1][gc,age       ] GC(2) - age   1:     654008 bytes,     654008 total
[2019-12-09T02:25:22.516+0000][1][gc,age       ] GC(2) - age   2:    1113840 bytes,    1767848 total
[2019-12-09T02:25:22.516+0000][1][gc,heap      ] GC(2) ParNew: 74042K->2716K(78656K)
[2019-12-09T02:25:22.516+0000][1][gc,heap      ] GC(2) CMS: 6832K->6832K(174784K)
[2019-12-09T02:25:22.516+0000][1][gc,metaspace ] GC(2) Metaspace: 14881K->14881K(1062912K)
[2019-12-09T02:25:22.516+0000][1][gc           ] GC(2) Pause Young (Allocation Failure) 78M->9M(247M) 4.971ms
[2019-12-09T02:25:22.516+0000][1][gc,cpu       ] GC(2) User=0.00s Sys=0.00s Real=0.01s
[2019-12-09T02:25:22.516+0000][1][safepoint    ] Leaving safepoint region
[2019-12-09T02:25:22.516+0000][1][safepoint    ] Total time for which application threads were stopped: 0.0051155 seconds, Stopping threads took: 0.0000248 seconds
[2019-12-09T02:25:22.521+0000][1][safepoint    ] Application time: 0.0052692 seconds
[2019-12-09T02:25:22.521+0000][1][safepoint    ] Entering safepoint region: RevokeBias
[2019-12-09T02:25:22.521+0000][1][safepoint    ] Leaving safepoint region
[2019-12-09T02:25:22.521+0000][1][safepoint    ] Total time for which application threads were stopped: 0.0001037 seconds, Stopping threads took: 0.0000122 seconds
[2019-12-09T02:25:22.521+0000][1][safepoint    ] Application time: 0.0000556 seconds
[2019-12-09T02:25:22.521+0000][1][safepoint    ] Entering safepoint region: RevokeBias
[2019-12-09T02:25:22.521+0000][1][safepoint    ] Leaving safepoint region
[2019-12-09T02:25:22.521+0000][1][safepoint    ] Total time for which application threads were stopped: 0.0000711 seconds, Stopping threads took: 0.0000084 seconds
[2019-12-09T02:25:22.521+0000][1][safepoint    ] Application time: 0.0000545 seconds
[2019-12-09T02:25:22.521+0000][1][safepoint    ] Entering safepoint region: RevokeBias
[2019-12-09T02:25:22.521+0000][1][safepoint    ] Leaving safepoint region
[2019-12-09T02:25:22.521+0000][1][safepoint    ] Total time for which application threads were stopped: 0.0000493 seconds, Stopping threads took: 0.0000071 seconds
[2019-12-09T02:25:22.521+0000][1][safepoint    ] Application time: 0.0000448 seconds
[2019-12-09T02:25:22.522+0000][1][safepoint    ] Entering safepoint region: RevokeBias
[2019-12-09T02:25:22.522+0000][1][safepoint    ] Leaving safepoint region
[2019-12-09T02:25:22.522+0000][1][safepoint    ] Total time for which application threads were stopped: 0.0000488 seconds, Stopping threads took: 0.0000070 seconds
[2019-12-09T02:25:22.522+0000][1][safepoint    ] Application time: 0.0000474 seconds
[2019-12-09T02:25:22.522+0000][1][safepoint    ] Entering safepoint region: RevokeBias
[2019-12-09T02:25:22.522+0000][1][safepoint    ] Leaving safepoint region
[2019-12-09T02:25:22.522+0000][1][safepoint    ] Total time for which application threads were stopped: 0.0000502 seconds, Stopping threads took: 0.0000071 seconds
[2019-12-09T02:25:22.522+0000][1][safepoint    ] Application time: 0.0000591 seconds
[2019-12-09T02:25:22.522+0000][1][safepoint    ] Entering safepoint region: RevokeBias
[2019-12-09T02:25:22.522+0000][1][safepoint    ] Leaving safepoint region
[2019-12-09T02:25:22.522+0000][1][safepoint    ] Total time for which application threads were stopped: 0.0000528 seconds, Stopping threads took: 0.0000069 seconds
[2019-12-09T02:25:22.522+0000][1][safepoint    ] Application time: 0.0000479 seconds
[2019-12-09T02:25:22.522+0000][1][safepoint    ] Entering safepoint region: RevokeBias
[2019-12-09T02:25:22.522+0000][1][safepoint    ] Leaving safepoint region
[2019-12-09T02:25:22.522+0000][1][safepoint    ] Total time for which application threads were stopped: 0.0000483 seconds, Stopping threads took: 0.0000067 seconds
[2019-12-09T02:25:22.522+0000][1][safepoint    ] Application time: 0.0000444 seconds
[2019-12-09T02:25:22.522+0000][1][safepoint    ] Entering safepoint region: RevokeBias
[2019-12-09T02:25:22.522+0000][1][safepoint    ] Leaving safepoint region
[2019-12-09T02:25:22.522+0000][1][safepoint    ] Total time for which application threads were stopped: 0.0000472 seconds, Stopping threads took: 0.0000071 seconds
[2019-12-09T02:25:22.522+0000][1][safepoint    ] Application time: 0.0000466 seconds
[2019-12-09T02:25:22.522+0000][1][safepoint    ] Entering safepoint region: RevokeBias
[2019-12-09T02:25:22.522+0000][1][safepoint    ] Leaving safepoint region
[2019-12-09T02:25:22.522+0000][1][safepoint    ] Total time for which application threads were stopped: 0.0000559 seconds, Stopping threads took: 0.0000064 seconds
[2019-12-09T02:25:22.522+0000][1][safepoint    ] Application time: 0.0000471 seconds
[2019-12-09T02:25:22.522+0000][1][safepoint    ] Entering safepoint region: RevokeBias
[2019-12-09T02:25:22.522+0000][1][safepoint    ] Leaving safepoint region
[2019-12-09T02:25:22.522+0000][1][safepoint    ] Total time for which application threads were stopped: 0.0000761 seconds, Stopping threads took: 0.0000137 seconds
[2019-12-09T02:25:22.522+0000][1][safepoint    ] Application time: 0.0000520 seconds
[2019-12-09T02:25:22.522+0000][1][safepoint    ] Entering safepoint region: RevokeBias
[2019-12-09T02:25:22.522+0000][1][safepoint    ] Leaving safepoint region
[2019-12-09T02:25:22.522+0000][1][safepoint    ] Total time for which application threads were stopped: 0.0000518 seconds, Stopping threads took: 0.0000071 seconds
[2019-12-09T02:25:22.522+0000][1][safepoint    ] Application time: 0.0000452 seconds
[2019-12-09T02:25:22.522+0000][1][safepoint    ] Entering safepoint region: RevokeBias
[2019-12-09T02:25:22.522+0000][1][safepoint    ] Leaving safepoint region
[2019-12-09T02:25:22.522+0000][1][safepoint    ] Total time for which application threads were stopped: 0.0000485 seconds, Stopping threads took: 0.0000072 seconds
[2019-12-09T02:25:22.523+0000][1][safepoint    ] Application time: 0.0000485 seconds
[2019-12-09T02:25:22.523+0000][1][safepoint    ] Entering safepoint region: RevokeBias
[2019-12-09T02:25:22.523+0000][1][safepoint    ] Leaving safepoint region
[2019-12-09T02:25:22.523+0000][1][safepoint    ] Total time for which application threads were stopped: 0.0000487 seconds, Stopping threads took: 0.0000071 seconds
[2019-12-09T02:25:22.523+0000][1][safepoint    ] Application time: 0.0000442 seconds
[2019-12-09T02:25:22.523+0000][1][safepoint    ] Entering safepoint region: RevokeBias
[2019-12-09T02:25:22.523+0000][1][safepoint    ] Leaving safepoint region
[2019-12-09T02:25:22.523+0000][1][safepoint    ] Total time for which application threads were stopped: 0.0000648 seconds, Stopping threads took: 0.0000069 seconds
[2019-12-09T02:25:23.561+0000][1][safepoint    ] Application time: 1.0377835 seconds
[2019-12-09T02:25:23.561+0000][1][safepoint    ] Entering safepoint region: Deoptimize
[2019-12-09T02:25:23.561+0000][1][safepoint    ] Leaving safepoint region
[2019-12-09T02:25:23.561+0000][1][safepoint    ] Total time for which application threads were stopped: 0.0004420 seconds, Stopping threads took: 0.0000130 seconds
[2019-12-09T02:25:23.577+0000][1][safepoint    ] Application time: 0.0163203 seconds
[2019-12-09T02:25:23.577+0000][1][safepoint    ] Entering safepoint region: Deoptimize
[2019-12-09T02:25:23.578+0000][1][safepoint    ] Leaving safepoint region
[2019-12-09T02:25:23.578+0000][1][safepoint    ] Total time for which application threads were stopped: 0.0003844 seconds, Stopping threads took: 0.0000141 seconds
[2019-12-09T02:25:24.584+0000][1][safepoint    ] Application time: 1.0059613 seconds
[2019-12-09T02:25:24.594+0000][1][safepoint    ] Entering safepoint region: Cleanup
[2019-12-09T02:25:24.594+0000][1][safepoint    ] Leaving safepoint region
[2019-12-09T02:25:24.594+0000][1][safepoint    ] Total time for which application threads were stopped: 0.0101007 seconds, Stopping threads took: 0.0100310 seconds
[2019-12-09T02:25:25.597+0000][1][safepoint    ] Application time: 1.0028450 seconds
[2019-12-09T02:25:25.597+0000][1][safepoint    ] Entering safepoint region: Cleanup
[2019-12-09T02:25:25.597+0000][1][safepoint    ] Leaving safepoint region
[2019-12-09T02:25:25.597+0000][1][safepoint    ] Total time for which application threads were stopped: 0.0000805 seconds, Stopping threads took: 0.0000258 seconds
[2019-12-09T02:25:26.178+0000][1][safepoint    ] Application time: 0.5811130 seconds
[2019-12-09T02:25:26.178+0000][1][safepoint    ] Entering safepoint region: GenCollectForAllocation
[2019-12-09T02:25:26.178+0000][1][gc,start     ] GC(3) Pause Young (Allocation Failure)
[2019-12-09T02:25:26.178+0000][1][gc,task      ] GC(3) Using 2 workers of 2 for evacuation
[2019-12-09T02:25:26.317+0000][1][gc,age       ] GC(3) Desired survivor size 4456448 bytes, new threshold 3 (max threshold 6)
[2019-12-09T02:25:26.317+0000][1][gc,age       ] GC(3) Age table with threshold 3 (max threshold 6)
[2019-12-09T02:25:26.317+0000][1][gc,age       ] GC(3) - age   1:    3661304 bytes,    3661304 total
[2019-12-09T02:25:26.317+0000][1][gc,age       ] GC(3) - age   2:     640136 bytes,    4301440 total
[2019-12-09T02:25:26.317+0000][1][gc,age       ] GC(3) - age   3:    1111376 bytes,    5412816 total
[2019-12-09T02:25:26.317+0000][1][gc,heap      ] GC(3) ParNew: 72668K->5726K(78656K)
[2019-12-09T02:25:26.317+0000][1][gc,heap      ] GC(3) CMS: 6832K->6832K(174784K)
[2019-12-09T02:25:26.317+0000][1][gc,metaspace ] GC(3) Metaspace: 18418K->18418K(1067008K)
[2019-12-09T02:25:26.317+0000][1][gc           ] GC(3) Pause Young (Allocation Failure) 77M->12M(247M) 138.993ms
[2019-12-09T02:25:26.317+0000][1][gc,cpu       ] GC(3) User=0.04s Sys=0.00s Real=0.14s
[2019-12-09T02:25:26.317+0000][1][safepoint    ] Leaving safepoint region
[2019-12-09T02:25:26.317+0000][1][safepoint    ] Total time for which application threads were stopped: 0.1391306 seconds, Stopping threads took: 0.0000154 seconds
[2019-12-09T02:25:26.362+0000][1][safepoint    ] Application time: 0.0446049 seconds
[2019-12-09T02:25:26.389+0000][1][safepoint    ] Entering safepoint region: BulkRevokeBias
[2019-12-09T02:25:26.390+0000][1][safepoint    ] Leaving safepoint region
[2019-12-09T02:25:26.390+0000][1][safepoint    ] Total time for which application threads were stopped: 0.0278941 seconds, Stopping threads took: 0.0277212 seconds
[2019-12-09T02:25:26.460+0000][1][safepoint    ] Application time: 0.0700417 seconds
[2019-12-09T02:25:26.539+0000][1][safepoint    ] Entering safepoint region: RevokeBias
[2019-12-09T02:25:26.539+0000][1][safepoint    ] Leaving safepoint region
[2019-12-09T02:25:26.539+0000][1][safepoint    ] Total time for which application threads were stopped: 0.0791825 seconds, Stopping threads took: 0.0791096 seconds
[2019-12-09T02:25:26.540+0000][1][safepoint    ] Application time: 0.0008344 seconds
[2019-12-09T02:25:26.540+0000][1][safepoint    ] Entering safepoint region: RevokeBias
[2019-12-09T02:25:26.540+0000][1][safepoint    ] Leaving safepoint region
[2019-12-09T02:25:26.540+0000][1][safepoint    ] Total time for which application threads were stopped: 0.0001078 seconds, Stopping threads took: 0.0000404 seconds
[2019-12-09T02:25:26.540+0000][1][safepoint    ] Application time: 0.0000659 seconds
[2019-12-09T02:25:26.540+0000][1][safepoint    ] Entering safepoint region: RevokeBias
[2019-12-09T02:25:26.540+0000][1][safepoint    ] Leaving safepoint region
[2019-12-09T02:25:26.540+0000][1][safepoint    ] Total time for which application threads were stopped: 0.0000563 seconds, Stopping threads took: 0.0000088 seconds
[2019-12-09T02:25:26.540+0000][1][safepoint    ] Application time: 0.0000622 seconds
[2019-12-09T02:25:26.540+0000][1][safepoint    ] Entering safepoint region: RevokeBias
[2019-12-09T02:25:26.540+0000][1][safepoint    ] Leaving safepoint region
[2019-12-09T02:25:26.540+0000][1][safepoint    ] Total time for which application threads were stopped: 0.0000509 seconds, Stopping threads took: 0.0000089 seconds
[2019-12-09T02:25:26.540+0000][1][safepoint    ] Application time: 0.0000522 seconds
[2019-12-09T02:25:26.540+0000][1][safepoint    ] Entering safepoint region: RevokeBias
[2019-12-09T02:25:26.540+0000][1][safepoint    ] Leaving safepoint region
[2019-12-09T02:25:26.540+0000][1][safepoint    ] Total time for which application threads were stopped: 0.0000506 seconds, Stopping threads took: 0.0000082 seconds
[2019-12-09T02:25:26.540+0000][1][safepoint    ] Application time: 0.0000588 seconds
[2019-12-09T02:25:26.540+0000][1][safepoint    ] Entering safepoint region: RevokeBias
[2019-12-09T02:25:26.540+0000][1][safepoint    ] Leaving safepoint region
[2019-12-09T02:25:26.540+0000][1][safepoint    ] Total time for which application threads were stopped: 0.0000515 seconds, Stopping threads took: 0.0000079 seconds
[2019-12-09T02:25:26.551+0000][1][safepoint    ] Application time: 0.0102981 seconds
[2019-12-09T02:25:26.551+0000][1][safepoint    ] Entering safepoint region: RevokeBias
[2019-12-09T02:25:26.551+0000][1][safepoint    ] Leaving safepoint region
[2019-12-09T02:25:26.551+0000][1][safepoint    ] Total time for which application threads were stopped: 0.0000807 seconds, Stopping threads took: 0.0000119 seconds
[2019-12-09T02:25:26.551+0000][1][safepoint    ] Application time: 0.0000562 seconds
[2019-12-09T02:25:26.551+0000][1][safepoint    ] Entering safepoint region: RevokeBias
[2019-12-09T02:25:26.551+0000][1][safepoint    ] Leaving safepoint region
[2019-12-09T02:25:26.551+0000][1][safepoint    ] Total time for which application threads were stopped: 0.0000471 seconds, Stopping threads took: 0.0000069 seconds
[2019-12-09T02:25:26.551+0000][1][safepoint    ] Application time: 0.0000700 seconds
[2019-12-09T02:25:26.551+0000][1][safepoint    ] Entering safepoint region: RevokeBias
[2019-12-09T02:25:26.551+0000][1][safepoint    ] Leaving safepoint region
[2019-12-09T02:25:26.551+0000][1][safepoint    ] Total time for which application threads were stopped: 0.0000464 seconds, Stopping threads took: 0.0000071 seconds
[2019-12-09T02:25:26.551+0000][1][safepoint    ] Application time: 0.0000449 seconds
[2019-12-09T02:25:26.551+0000][1][safepoint    ] Entering safepoint region: RevokeBias
[2019-12-09T02:25:26.551+0000][1][safepoint    ] Leaving safepoint region
[2019-12-09T02:25:26.551+0000][1][safepoint    ] Total time for which application threads were stopped: 0.0000539 seconds, Stopping threads took: 0.0000072 seconds
[2019-12-09T02:25:27.522+0000][1][safepoint    ] Application time: 0.9711765 seconds
[2019-12-09T02:25:27.522+0000][1][safepoint    ] Entering safepoint region: GenCollectForAllocation
[2019-12-09T02:25:27.522+0000][1][gc,start     ] GC(4) Pause Young (Allocation Failure)
[2019-12-09T02:25:27.523+0000][1][gc,task      ] GC(4) Using 2 workers of 2 for evacuation
[2019-12-09T02:25:27.658+0000][1][gc,age       ] GC(4) Desired survivor size 4456448 bytes, new threshold 2 (max threshold 6)
[2019-12-09T02:25:27.658+0000][1][gc,age       ] GC(4) Age table with threshold 2 (max threshold 6)
[2019-12-09T02:25:27.658+0000][1][gc,age       ] GC(4) - age   1:    1953400 bytes,    1953400 total
[2019-12-09T02:25:27.658+0000][1][gc,age       ] GC(4) - age   2:    3098736 bytes,    5052136 total
[2019-12-09T02:25:27.658+0000][1][gc,age       ] GC(4) - age   3:     640136 bytes,    5692272 total
[2019-12-09T02:25:27.658+0000][1][gc,heap      ] GC(4) ParNew: 75678K->8704K(78656K)
[2019-12-09T02:25:27.658+0000][1][gc,heap      ] GC(4) CMS: 6832K->7932K(174784K)
[2019-12-09T02:25:27.658+0000][1][gc,metaspace ] GC(4) Metaspace: 18647K->18647K(1067008K)
[2019-12-09T02:25:27.658+0000][1][gc           ] GC(4) Pause Young (Allocation Failure) 80M->16M(247M) 135.998ms
[2019-12-09T02:25:27.659+0000][1][gc,cpu       ] GC(4) User=0.03s Sys=0.00s Real=0.14s
[2019-12-09T02:25:27.659+0000][1][safepoint    ] Leaving safepoint region
[2019-12-09T02:25:27.659+0000][1][safepoint    ] Total time for which application threads were stopped: 0.1361353 seconds, Stopping threads took: 0.0000150 seconds
[2019-12-09T02:25:27.675+0000][1][safepoint    ] Application time: 0.0162753 seconds
[2019-12-09T02:25:27.713+0000][1][safepoint    ] Entering safepoint region: RevokeBias
[2019-12-09T02:25:27.713+0000][1][safepoint    ] Leaving safepoint region
[2019-12-09T02:25:27.713+0000][1][safepoint    ] Total time for which application threads were stopped: 0.0380497 seconds, Stopping threads took: 0.0379600 seconds
[2019-12-09T02:25:27.713+0000][1][safepoint    ] Application time: 0.0000731 seconds
[2019-12-09T02:25:27.713+0000][1][safepoint    ] Entering safepoint region: RevokeBias
[2019-12-09T02:25:27.713+0000][1][safepoint    ] Leaving safepoint region
[2019-12-09T02:25:27.713+0000][1][safepoint    ] Total time for which application threads were stopped: 0.0000670 seconds, Stopping threads took: 0.0000096 seconds
[2019-12-09T02:25:27.713+0000][1][safepoint    ] Application time: 0.0000680 seconds
[2019-12-09T02:25:27.713+0000][1][safepoint    ] Entering safepoint region: RevokeBias
[2019-12-09T02:25:27.713+0000][1][safepoint    ] Leaving safepoint region
[2019-12-09T02:25:27.713+0000][1][safepoint    ] Total time for which application threads were stopped: 0.0000650 seconds, Stopping threads took: 0.0000078 seconds
[2019-12-09T02:25:27.713+0000][1][safepoint    ] Application time: 0.0000514 seconds
[2019-12-09T02:25:27.713+0000][1][safepoint    ] Entering safepoint region: RevokeBias
[2019-12-09T02:25:27.713+0000][1][safepoint    ] Leaving safepoint region
[2019-12-09T02:25:27.713+0000][1][safepoint    ] Total time for which application threads were stopped: 0.0000512 seconds, Stopping threads took: 0.0000076 seconds
[2019-12-09T02:25:27.749+0000][1][safepoint    ] Application time: 0.0361442 seconds
[2019-12-09T02:25:27.750+0000][1][safepoint    ] Entering safepoint region: Deoptimize
[2019-12-09T02:25:27.750+0000][1][safepoint    ] Leaving safepoint region
[2019-12-09T02:25:27.750+0000][1][safepoint    ] Total time for which application threads were stopped: 0.0004242 seconds, Stopping threads took: 0.0000121 seconds
[2019-12-09T02:25:28.218+0000][1][safepoint    ] Application time: 0.4677872 seconds
[2019-12-09T02:25:28.218+0000][1][safepoint    ] Entering safepoint region: Deoptimize
[2019-12-09T02:25:28.218+0000][1][safepoint    ] Leaving safepoint region
[2019-12-09T02:25:28.218+0000][1][safepoint    ] Total time for which application threads were stopped: 0.0004165 seconds, Stopping threads took: 0.0000148 seconds
[2019-12-09T02:25:28.268+0000][1][safepoint    ] Application time: 0.0493087 seconds
[2019-12-09T02:25:28.268+0000][1][safepoint    ] Entering safepoint region: RevokeBias
[2019-12-09T02:25:28.268+0000][1][safepoint    ] Leaving safepoint region
[2019-12-09T02:25:28.268+0000][1][safepoint    ] Total time for which application threads were stopped: 0.0000832 seconds, Stopping threads took: 0.0000138 seconds
[2019-12-09T02:25:28.290+0000][1][safepoint    ] Application time: 0.0221688 seconds
[2019-12-09T02:25:28.290+0000][1][safepoint    ] Entering safepoint region: RevokeBias
[2019-12-09T02:25:28.290+0000][1][safepoint    ] Leaving safepoint region
[2019-12-09T02:25:28.290+0000][1][safepoint    ] Total time for which application threads were stopped: 0.0000855 seconds, Stopping threads took: 0.0000145 seconds
[2019-12-09T02:25:29.403+0000][1][safepoint    ] Application time: 1.1127631 seconds
[2019-12-09T02:25:29.403+0000][1][safepoint    ] Entering safepoint region: Cleanup
[2019-12-09T02:25:29.403+0000][1][safepoint    ] Leaving safepoint region
[2019-12-09T02:25:29.403+0000][1][safepoint    ] Total time for which application threads were stopped: 0.0000859 seconds, Stopping threads took: 0.0000135 seconds
[2019-12-09T02:25:29.414+0000][1][safepoint    ] Application time: 0.0115523 seconds
[2019-12-09T02:25:29.414+0000][1][safepoint    ] Entering safepoint region: GenCollectForAllocation
[2019-12-09T02:25:29.414+0000][1][gc,start     ] GC(5) Pause Young (Allocation Failure)
[2019-12-09T02:25:29.415+0000][1][gc,task      ] GC(5) Using 2 workers of 2 for evacuation
[2019-12-09T02:25:29.488+0000][1][gc,age       ] GC(5) Desired survivor size 4456448 bytes, new threshold 6 (max threshold 6)
[2019-12-09T02:25:29.488+0000][1][gc,age       ] GC(5) Age table with threshold 6 (max threshold 6)
[2019-12-09T02:25:29.488+0000][1][gc,age       ] GC(5) - age   1:    2861424 bytes,    2861424 total
[2019-12-09T02:25:29.488+0000][1][gc,age       ] GC(5) - age   2:     442792 bytes,    3304216 total
[2019-12-09T02:25:29.489+0000][1][gc,heap      ] GC(5) ParNew: 78656K->5261K(78656K)
[2019-12-09T02:25:29.489+0000][1][gc,heap      ] GC(5) CMS: 7932K->11614K(174784K)
[2019-12-09T02:25:29.489+0000][1][gc,metaspace ] GC(5) Metaspace: 18985K->18985K(1067008K)
[2019-12-09T02:25:29.489+0000][1][gc           ] GC(5) Pause Young (Allocation Failure) 84M->16M(247M) 74.064ms
[2019-12-09T02:25:29.489+0000][1][gc,cpu       ] GC(5) User=0.02s Sys=0.00s Real=0.08s
[2019-12-09T02:25:29.489+0000][1][safepoint    ] Leaving safepoint region
[2019-12-09T02:25:29.489+0000][1][safepoint    ] Total time for which application threads were stopped: 0.0741929 seconds, Stopping threads took: 0.0000123 seconds
[2019-12-09T02:25:29.496+0000][1][safepoint    ] Application time: 0.0071762 seconds
[2019-12-09T02:25:29.526+0000][1][safepoint    ] Entering safepoint region: RevokeBias
[2019-12-09T02:25:29.526+0000][1][safepoint    ] Leaving safepoint region
[2019-12-09T02:25:29.526+0000][1][safepoint    ] Total time for which application threads were stopped: 0.0300095 seconds, Stopping threads took: 0.0299354 seconds
[2019-12-09T02:25:29.526+0000][1][safepoint    ] Application time: 0.0000657 seconds
[2019-12-09T02:25:29.526+0000][1][safepoint    ] Entering safepoint region: RevokeBias
[2019-12-09T02:25:29.526+0000][1][safepoint    ] Leaving safepoint region
[2019-12-09T02:25:29.526+0000][1][safepoint    ] Total time for which application threads were stopped: 0.0000507 seconds, Stopping threads took: 0.0000082 seconds
[2019-12-09T02:25:29.526+0000][1][safepoint    ] Application time: 0.0000597 seconds
[2019-12-09T02:25:29.526+0000][1][safepoint    ] Entering safepoint region: RevokeBias
[2019-12-09T02:25:29.526+0000][1][safepoint    ] Leaving safepoint region
[2019-12-09T02:25:29.526+0000][1][safepoint    ] Total time for which application threads were stopped: 0.0000454 seconds, Stopping threads took: 0.0000075 seconds
[2019-12-09T02:25:29.526+0000][1][safepoint    ] Application time: 0.0000447 seconds
[2019-12-09T02:25:29.526+0000][1][safepoint    ] Entering safepoint region: RevokeBias
[2019-12-09T02:25:29.526+0000][1][safepoint    ] Leaving safepoint region
[2019-12-09T02:25:29.526+0000][1][safepoint    ] Total time for which application threads were stopped: 0.0000442 seconds, Stopping threads took: 0.0000071 seconds
[2019-12-09T02:25:29.526+0000][1][safepoint    ] Application time: 0.0000519 seconds
[2019-12-09T02:25:29.526+0000][1][safepoint    ] Entering safepoint region: RevokeBias
[2019-12-09T02:25:29.526+0000][1][safepoint    ] Leaving safepoint region
[2019-12-09T02:25:29.526+0000][1][safepoint    ] Total time for which application threads were stopped: 0.0000449 seconds, Stopping threads took: 0.0000073 seconds
[2019-12-09T02:25:29.526+0000][1][safepoint    ] Application time: 0.0000456 seconds
[2019-12-09T02:25:29.526+0000][1][safepoint    ] Entering safepoint region: RevokeBias
[2019-12-09T02:25:29.526+0000][1][safepoint    ] Leaving safepoint region
[2019-12-09T02:25:29.526+0000][1][safepoint    ] Total time for which application threads were stopped: 0.0000441 seconds, Stopping threads took: 0.0000071 seconds
[2019-12-09T02:25:30.338+0000][1][safepoint    ] Application time: 0.8113333 seconds
[2019-12-09T02:25:30.338+0000][1][safepoint    ] Entering safepoint region: RevokeBias
[2019-12-09T02:25:30.338+0000][1][safepoint    ] Leaving safepoint region
[2019-12-09T02:25:30.338+0000][1][safepoint    ] Total time for which application threads were stopped: 0.0000719 seconds, Stopping threads took: 0.0000128 seconds
[2019-12-09T02:25:30.338+0000][1][safepoint    ] Application time: 0.0002199 seconds
[2019-12-09T02:25:30.338+0000][1][safepoint    ] Entering safepoint region: RevokeBias
[2019-12-09T02:25:30.338+0000][1][safepoint    ] Leaving safepoint region
[2019-12-09T02:25:30.338+0000][1][safepoint    ] Total time for which application threads were stopped: 0.0000529 seconds, Stopping threads took: 0.0000105 seconds
[2019-12-09T02:25:30.646+0000][1][safepoint    ] Application time: 0.3078148 seconds
[2019-12-09T02:25:30.646+0000][1][safepoint    ] Entering safepoint region: GenCollectForAllocation
[2019-12-09T02:25:30.646+0000][1][gc,start     ] GC(6) Pause Young (Allocation Failure)
[2019-12-09T02:25:30.646+0000][1][gc,task      ] GC(6) Using 2 workers of 2 for evacuation
[2019-12-09T02:25:30.730+0000][1][gc,age       ] GC(6) Desired survivor size 4456448 bytes, new threshold 6 (max threshold 6)
[2019-12-09T02:25:30.730+0000][1][gc,age       ] GC(6) Age table with threshold 6 (max threshold 6)
[2019-12-09T02:25:30.730+0000][1][gc,age       ] GC(6) - age   1:    1562336 bytes,    1562336 total
[2019-12-09T02:25:30.730+0000][1][gc,age       ] GC(6) - age   2:    2191112 bytes,    3753448 total
[2019-12-09T02:25:30.730+0000][1][gc,age       ] GC(6) - age   3:     442792 bytes,    4196240 total
[2019-12-09T02:25:30.730+0000][1][gc,heap      ] GC(6) ParNew: 75213K->5603K(78656K)
[2019-12-09T02:25:30.730+0000][1][gc,heap      ] GC(6) CMS: 11614K->11614K(174784K)
[2019-12-09T02:25:30.730+0000][1][gc,metaspace ] GC(6) Metaspace: 19288K->19288K(1067008K)
[2019-12-09T02:25:30.730+0000][1][gc           ] GC(6) Pause Young (Allocation Failure) 84M->16M(247M) 83.956ms
[2019-12-09T02:25:30.730+0000][1][gc,cpu       ] GC(6) User=0.03s Sys=0.00s Real=0.08s
[2019-12-09T02:25:30.730+0000][1][safepoint    ] Leaving safepoint region
[2019-12-09T02:25:30.730+0000][1][safepoint    ] Total time for which application threads were stopped: 0.0840850 seconds, Stopping threads took: 0.0000139 seconds
[2019-12-09T02:25:30.732+0000][1][safepoint    ] Application time: 0.0016960 seconds
[2019-12-09T02:25:30.769+0000][1][safepoint    ] Entering safepoint region: RevokeBias
[2019-12-09T02:25:30.769+0000][1][safepoint    ] Leaving safepoint region
[2019-12-09T02:25:30.769+0000][1][safepoint    ] Total time for which application threads were stopped: 0.0370298 seconds, Stopping threads took: 0.0369591 seconds
[2019-12-09T02:25:30.769+0000][1][safepoint    ] Application time: 0.0000624 seconds
[2019-12-09T02:25:30.769+0000][1][safepoint    ] Entering safepoint region: BulkRevokeBias
[2019-12-09T02:25:30.769+0000][1][safepoint    ] Leaving safepoint region
[2019-12-09T02:25:30.769+0000][1][safepoint    ] Total time for which application threads were stopped: 0.0000807 seconds, Stopping threads took: 0.0000075 seconds
[2019-12-09T02:25:30.769+0000][1][safepoint    ] Application time: 0.0000607 seconds
[2019-12-09T02:25:30.769+0000][1][safepoint    ] Entering safepoint region: BulkRevokeBias
[2019-12-09T02:25:30.769+0000][1][safepoint    ] Leaving safepoint region
[2019-12-09T02:25:30.769+0000][1][safepoint    ] Total time for which application threads were stopped: 0.0000583 seconds, Stopping threads took: 0.0000070 seconds
[2019-12-09T02:25:31.539+0000][1][safepoint    ] Application time: 0.7695383 seconds
[2019-12-09T02:25:31.539+0000][1][safepoint    ] Entering safepoint region: GenCollectForAllocation
[2019-12-09T02:25:31.539+0000][1][gc,start     ] GC(7) Pause Young (Allocation Failure)
[2019-12-09T02:25:31.539+0000][1][gc,task      ] GC(7) Using 2 workers of 2 for evacuation
[2019-12-09T02:25:31.616+0000][1][gc,age       ] GC(7) Desired survivor size 4456448 bytes, new threshold 6 (max threshold 6)
[2019-12-09T02:25:31.616+0000][1][gc,age       ] GC(7) Age table with threshold 6 (max threshold 6)
[2019-12-09T02:25:31.616+0000][1][gc,age       ] GC(7) - age   1:     396608 bytes,     396608 total
[2019-12-09T02:25:31.616+0000][1][gc,age       ] GC(7) - age   2:    1128872 bytes,    1525480 total
[2019-12-09T02:25:31.616+0000][1][gc,age       ] GC(7) - age   3:    2191032 bytes,    3716512 total
[2019-12-09T02:25:31.616+0000][1][gc,age       ] GC(7) - age   4:     442792 bytes,    4159304 total
[2019-12-09T02:25:31.616+0000][1][gc,heap      ] GC(7) ParNew: 75555K->6010K(78656K)
[2019-12-09T02:25:31.616+0000][1][gc,heap      ] GC(7) CMS: 11614K->11614K(174784K)
[2019-12-09T02:25:31.616+0000][1][gc,metaspace ] GC(7) Metaspace: 19566K->19566K(1067008K)
[2019-12-09T02:25:31.616+0000][1][gc           ] GC(7) Pause Young (Allocation Failure) 85M->17M(247M) 77.119ms
[2019-12-09T02:25:31.616+0000][1][gc,cpu       ] GC(7) User=0.02s Sys=0.00s Real=0.08s
[2019-12-09T02:25:31.616+0000][1][safepoint    ] Leaving safepoint region
[2019-12-09T02:25:31.616+0000][1][safepoint    ] Total time for which application threads were stopped: 0.0772552 seconds, Stopping threads took: 0.0000124 seconds
[2019-12-09T02:25:32.367+0000][1][safepoint    ] Application time: 0.7507049 seconds
[2019-12-09T02:25:32.367+0000][1][safepoint    ] Entering safepoint region: CollectForMetadataAllocation
[2019-12-09T02:25:32.367+0000][1][safepoint    ] Leaving safepoint region
[2019-12-09T02:25:32.367+0000][1][safepoint    ] Total time for which application threads were stopped: 0.0002653 seconds, Stopping threads took: 0.0000143 seconds
[2019-12-09T02:25:32.520+0000][1][safepoint    ] Application time: 0.1534359 seconds
[2019-12-09T02:25:32.521+0000][1][safepoint    ] Entering safepoint region: CollectForMetadataAllocation
[2019-12-09T02:25:32.521+0000][1][safepoint    ] Leaving safepoint region
[2019-12-09T02:25:32.521+0000][1][safepoint    ] Total time for which application threads were stopped: 0.0002788 seconds, Stopping threads took: 0.0000142 seconds
[2019-12-09T02:25:33.216+0000][1][safepoint    ] Application time: 0.6947304 seconds
[2019-12-09T02:25:33.216+0000][1][safepoint    ] Entering safepoint region: GenCollectForAllocation
[2019-12-09T02:25:33.216+0000][1][gc,start     ] GC(8) Pause Young (Allocation Failure)
[2019-12-09T02:25:33.216+0000][1][gc,task      ] GC(8) Using 2 workers of 2 for evacuation
[2019-12-09T02:25:33.301+0000][1][gc,age       ] GC(8) Desired survivor size 4456448 bytes, new threshold 4 (max threshold 6)
[2019-12-09T02:25:33.301+0000][1][gc,age       ] GC(8) Age table with threshold 4 (max threshold 6)
[2019-12-09T02:25:33.301+0000][1][gc,age       ] GC(8) - age   1:     980528 bytes,     980528 total
[2019-12-09T02:25:33.301+0000][1][gc,age       ] GC(8) - age   2:     378336 bytes,    1358864 total
[2019-12-09T02:25:33.301+0000][1][gc,age       ] GC(8) - age   3:    1128728 bytes,    2487592 total
[2019-12-09T02:25:33.301+0000][1][gc,age       ] GC(8) - age   4:    2188816 bytes,    4676408 total
[2019-12-09T02:25:33.301+0000][1][gc,age       ] GC(8) - age   5:     442792 bytes,    5119200 total
[2019-12-09T02:25:33.301+0000][1][gc,heap      ] GC(8) ParNew: 75962K->6072K(78656K)
[2019-12-09T02:25:33.301+0000][1][gc,heap      ] GC(8) CMS: 11614K->11614K(174784K)
[2019-12-09T02:25:33.301+0000][1][gc,metaspace ] GC(8) Metaspace: 20371K->20371K(1069056K)
[2019-12-09T02:25:33.301+0000][1][gc           ] GC(8) Pause Young (Allocation Failure) 85M->17M(247M) 85.771ms
[2019-12-09T02:25:33.301+0000][1][gc,cpu       ] GC(8) User=0.01s Sys=0.00s Real=0.08s
[2019-12-09T02:25:33.301+0000][1][safepoint    ] Leaving safepoint region
[2019-12-09T02:25:33.301+0000][1][safepoint    ] Total time for which application threads were stopped: 0.0859020 seconds, Stopping threads took: 0.0000136 seconds
[2019-12-09T02:25:33.305+0000][1][safepoint    ] Application time: 0.0033906 seconds
[2019-12-09T02:25:33.315+0000][1][safepoint    ] Entering safepoint region: CMS_Initial_Mark
[2019-12-09T02:25:33.315+0000][1][gc,start     ] GC(9) Pause Initial Mark
[2019-12-09T02:25:33.318+0000][1][gc           ] GC(9) Pause Initial Mark 21M->21M(247M) 3.506ms
[2019-12-09T02:25:33.318+0000][1][gc,cpu       ] GC(9) User=0.01s Sys=0.00s Real=0.00s
[2019-12-09T02:25:33.318+0000][1][safepoint    ] Leaving safepoint region
[2019-12-09T02:25:33.318+0000][1][safepoint    ] Total time for which application threads were stopped: 0.0135640 seconds, Stopping threads took: 0.0099633 seconds
[2019-12-09T02:25:33.318+0000][1][gc           ] GC(9) Concurrent Mark
[2019-12-09T02:25:33.416+0000][1][gc           ] GC(9) Concurrent Mark 97.420ms
[2019-12-09T02:25:33.416+0000][1][gc,cpu       ] GC(9) User=0.04s Sys=0.01s Real=0.10s
[2019-12-09T02:25:33.416+0000][1][gc           ] GC(9) Concurrent Preclean
[2019-12-09T02:25:33.416+0000][1][gc           ] GC(9) Concurrent Preclean 0.471ms
[2019-12-09T02:25:33.416+0000][1][gc,cpu       ] GC(9) User=0.00s Sys=0.00s Real=0.00s
[2019-12-09T02:25:33.416+0000][1][gc           ] GC(9) Concurrent Abortable Preclean
[2019-12-09T02:25:34.333+0000][1][safepoint    ] Application time: 1.0143108 seconds
[2019-12-09T02:25:34.448+0000][1][safepoint    ] Entering safepoint region: Cleanup
[2019-12-09T02:25:34.448+0000][1][safepoint    ] Leaving safepoint region
[2019-12-09T02:25:34.448+0000][1][safepoint    ] Total time for which application threads were stopped: 0.1149870 seconds, Stopping threads took: 0.1149438 seconds
[2019-12-09T02:25:34.492+0000][1][safepoint    ] Application time: 0.0439186 seconds
[2019-12-09T02:25:34.492+0000][1][safepoint    ] Entering safepoint region: GenCollectForAllocation
[2019-12-09T02:25:34.492+0000][1][gc,start     ] GC(10) Pause Young (Allocation Failure)
[2019-12-09T02:25:34.492+0000][1][gc,task      ] GC(10) Using 2 workers of 2 for evacuation
[2019-12-09T02:25:34.555+0000][1][gc           ] GC(9) Concurrent Abortable Preclean 1138.264ms
[2019-12-09T02:25:34.555+0000][1][gc,cpu       ] GC(9) User=0.34s Sys=0.00s Real=1.14s
[2019-12-09T02:25:34.588+0000][1][gc,age       ] GC(10) Desired survivor size 4456448 bytes, new threshold 6 (max threshold 6)
[2019-12-09T02:25:34.588+0000][1][gc,age       ] GC(10) Age table with threshold 6 (max threshold 6)
[2019-12-09T02:25:34.588+0000][1][gc,age       ] GC(10) - age   1:    1248832 bytes,    1248832 total
[2019-12-09T02:25:34.588+0000][1][gc,age       ] GC(10) - age   2:     632712 bytes,    1881544 total
[2019-12-09T02:25:34.588+0000][1][gc,age       ] GC(10) - age   3:     378336 bytes,    2259880 total
[2019-12-09T02:25:34.588+0000][1][gc,age       ] GC(10) - age   4:    1128728 bytes,    3388608 total
[2019-12-09T02:25:34.588+0000][1][gc,heap      ] GC(10) ParNew: 76024K->4761K(78656K)
[2019-12-09T02:25:34.588+0000][1][gc,heap      ] GC(10) CMS: 11614K->14202K(174784K)
[2019-12-09T02:25:34.588+0000][1][gc,metaspace ] GC(10) Metaspace: 20477K->20477K(1069056K)
[2019-12-09T02:25:34.588+0000][1][gc           ] GC(10) Pause Young (Allocation Failure) 85M->18M(247M) 96.259ms
[2019-12-09T02:25:34.588+0000][1][gc,cpu       ] GC(10) User=0.03s Sys=0.00s Real=0.10s
[2019-12-09T02:25:34.588+0000][1][safepoint    ] Leaving safepoint region
[2019-12-09T02:25:34.588+0000][1][safepoint    ] Total time for which application threads were stopped: 0.0963933 seconds, Stopping threads took: 0.0000257 seconds
[2019-12-09T02:25:34.595+0000][1][safepoint    ] Application time: 0.0067967 seconds
[2019-12-09T02:25:34.637+0000][1][safepoint    ] Entering safepoint region: CMS_Final_Remark
[2019-12-09T02:25:34.637+0000][1][gc,start     ] GC(9) Pause Remark
[2019-12-09T02:25:34.729+0000][1][gc           ] GC(9) Pause Remark 22M->22M(247M) 92.646ms
[2019-12-09T02:25:34.730+0000][1][gc,cpu       ] GC(9) User=0.02s Sys=0.00s Real=0.09s
[2019-12-09T02:25:34.730+0000][1][safepoint    ] Leaving safepoint region
[2019-12-09T02:25:34.730+0000][1][safepoint    ] Total time for which application threads were stopped: 0.1345815 seconds, Stopping threads took: 0.0418196 seconds
[2019-12-09T02:25:34.730+0000][1][gc           ] GC(9) Concurrent Sweep
[2019-12-09T02:25:34.761+0000][1][gc           ] GC(9) Concurrent Sweep 30.915ms
[2019-12-09T02:25:34.761+0000][1][gc,cpu       ] GC(9) User=0.01s Sys=0.00s Real=0.03s
[2019-12-09T02:25:34.761+0000][1][gc           ] GC(9) Concurrent Reset
[2019-12-09T02:25:34.774+0000][1][gc           ] GC(9) Concurrent Reset 13.336ms
[2019-12-09T02:25:34.774+0000][1][gc,cpu       ] GC(9) User=0.00s Sys=0.00s Real=0.01s
[2019-12-09T02:25:34.774+0000][1][gc,heap      ] GC(9) Old: 11614K->14176K(174784K)
[2019-12-09T02:25:35.650+0000][1][safepoint    ] Application time: 0.9201596 seconds
[2019-12-09T02:25:35.650+0000][1][safepoint    ] Entering safepoint region: GenCollectForAllocation
[2019-12-09T02:25:35.650+0000][1][gc,start     ] GC(11) Pause Young (Allocation Failure)
[2019-12-09T02:25:35.650+0000][1][gc,task      ] GC(11) Using 2 workers of 2 for evacuation
[2019-12-09T02:25:35.736+0000][1][gc,age       ] GC(11) Desired survivor size 4456448 bytes, new threshold 6 (max threshold 6)
[2019-12-09T02:25:35.736+0000][1][gc,age       ] GC(11) Age table with threshold 6 (max threshold 6)
[2019-12-09T02:25:35.736+0000][1][gc,age       ] GC(11) - age   1:    1004592 bytes,    1004592 total
[2019-12-09T02:25:35.736+0000][1][gc,age       ] GC(11) - age   2:      97424 bytes,    1102016 total
[2019-12-09T02:25:35.736+0000][1][gc,age       ] GC(11) - age   3:     632664 bytes,    1734680 total
[2019-12-09T02:25:35.736+0000][1][gc,age       ] GC(11) - age   4:     378232 bytes,    2112912 total
[2019-12-09T02:25:35.736+0000][1][gc,age       ] GC(11) - age   5:    1128440 bytes,    3241352 total
[2019-12-09T02:25:35.736+0000][1][gc,heap      ] GC(11) ParNew: 74713K->5508K(78656K)
[2019-12-09T02:25:35.736+0000][1][gc,heap      ] GC(11) CMS: 14176K->14176K(174784K)
[2019-12-09T02:25:35.736+0000][1][gc,metaspace ] GC(11) Metaspace: 20567K->20567K(1069056K)
[2019-12-09T02:25:35.736+0000][1][gc           ] GC(11) Pause Young (Allocation Failure) 86M->19M(247M) 85.740ms
[2019-12-09T02:25:35.736+0000][1][gc,cpu       ] GC(11) User=0.02s Sys=0.00s Real=0.09s
[2019-12-09T02:25:35.736+0000][1][safepoint    ] Leaving safepoint region
[2019-12-09T02:25:35.736+0000][1][safepoint    ] Total time for which application threads were stopped: 0.0862971 seconds, Stopping threads took: 0.0000131 seconds
[2019-12-09T02:25:36.571+0000][1][safepoint    ] Application time: 0.8346635 seconds
[2019-12-09T02:25:36.571+0000][1][safepoint    ] Entering safepoint region: Deoptimize
[2019-12-09T02:25:36.571+0000][1][safepoint    ] Leaving safepoint region
[2019-12-09T02:25:36.571+0000][1][safepoint    ] Total time for which application threads were stopped: 0.0004439 seconds, Stopping threads took: 0.0000126 seconds
[2019-12-09T02:25:37.578+0000][1][safepoint    ] Application time: 1.0065353 seconds
[2019-12-09T02:25:37.586+0000][1][safepoint    ] Entering safepoint region: Cleanup
[2019-12-09T02:25:37.586+0000][1][safepoint    ] Leaving safepoint region
[2019-12-09T02:25:37.586+0000][1][safepoint    ] Total time for which application threads were stopped: 0.0080556 seconds, Stopping threads took: 0.0079839 seconds
[2019-12-09T02:25:38.588+0000][1][safepoint    ] Application time: 1.0018925 seconds
[2019-12-09T02:25:38.686+0000][1][safepoint    ] Entering safepoint region: Cleanup
[2019-12-09T02:25:38.686+0000][1][safepoint    ] Leaving safepoint region
[2019-12-09T02:25:38.686+0000][1][safepoint    ] Total time for which application threads were stopped: 0.0982533 seconds, Stopping threads took: 0.0980422 seconds
[2019-12-09T02:25:38.686+0000][1][safepoint    ] Application time: 0.0002202 seconds
[2019-12-09T02:25:38.686+0000][1][safepoint    ] Entering safepoint region: GenCollectForAllocation
[2019-12-09T02:25:38.686+0000][1][gc,start     ] GC(12) Pause Young (Allocation Failure)
[2019-12-09T02:25:38.686+0000][1][gc,task      ] GC(12) Using 2 workers of 2 for evacuation
[2019-12-09T02:25:38.709+0000][1][gc,age       ] GC(12) Desired survivor size 4456448 bytes, new threshold 6 (max threshold 6)
[2019-12-09T02:25:38.709+0000][1][gc,age       ] GC(12) Age table with threshold 6 (max threshold 6)
[2019-12-09T02:25:38.709+0000][1][gc,age       ] GC(12) - age   1:    1043344 bytes,    1043344 total
[2019-12-09T02:25:38.709+0000][1][gc,age       ] GC(12) - age   2:     305680 bytes,    1349024 total
[2019-12-09T02:25:38.709+0000][1][gc,age       ] GC(12) - age   3:      97424 bytes,    1446448 total
[2019-12-09T02:25:38.709+0000][1][gc,age       ] GC(12) - age   4:     632600 bytes,    2079048 total
[2019-12-09T02:25:38.709+0000][1][gc,age       ] GC(12) - age   5:     378232 bytes,    2457280 total
[2019-12-09T02:25:38.709+0000][1][gc,age       ] GC(12) - age   6:    1128440 bytes,    3585720 total
[2019-12-09T02:25:38.709+0000][1][gc,heap      ] GC(12) ParNew: 75460K->4210K(78656K)
[2019-12-09T02:25:38.709+0000][1][gc,heap      ] GC(12) CMS: 14176K->14176K(174784K)
[2019-12-09T02:25:38.709+0000][1][gc,metaspace ] GC(12) Metaspace: 22827K->22827K(1071104K)
[2019-12-09T02:25:38.709+0000][1][gc           ] GC(12) Pause Young (Allocation Failure) 87M->17M(247M) 23.148ms
[2019-12-09T02:25:38.709+0000][1][gc,cpu       ] GC(12) User=0.02s Sys=0.00s Real=0.02s
[2019-12-09T02:25:38.710+0000][1][safepoint    ] Leaving safepoint region
[2019-12-09T02:25:38.710+0000][1][safepoint    ] Total time for which application threads were stopped: 0.0232586 seconds, Stopping threads took: 0.0000099 seconds
[2019-12-09T02:25:39.569+0000][1][safepoint    ] Application time: 0.8591912 seconds
[2019-12-09T02:25:39.569+0000][1][safepoint    ] Entering safepoint region: Deoptimize
[2019-12-09T02:25:39.569+0000][1][safepoint    ] Leaving safepoint region
[2019-12-09T02:25:39.569+0000][1][safepoint    ] Total time for which application threads were stopped: 0.0004149 seconds, Stopping threads took: 0.0000118 seconds
[2019-12-09T02:25:40.373+0000][1][safepoint    ] Application time: 0.8038274 seconds
[2019-12-09T02:25:40.373+0000][1][safepoint    ] Entering safepoint region: Deoptimize
[2019-12-09T02:25:40.374+0000][1][safepoint    ] Leaving safepoint region
[2019-12-09T02:25:40.374+0000][1][safepoint    ] Total time for which application threads were stopped: 0.0004908 seconds, Stopping threads took: 0.0000133 seconds
[2019-12-09T02:25:40.520+0000][1][safepoint    ] Application time: 0.1464581 seconds
[2019-12-09T02:25:40.520+0000][1][safepoint    ] Entering safepoint region: Deoptimize
[2019-12-09T02:25:40.520+0000][1][safepoint    ] Leaving safepoint region
[2019-12-09T02:25:40.520+0000][1][safepoint    ] Total time for which application threads were stopped: 0.0004297 seconds, Stopping threads took: 0.0000132 seconds
[2019-12-09T02:25:40.598+0000][1][safepoint    ] Application time: 0.0772335 seconds
[2019-12-09T02:25:40.598+0000][1][safepoint    ] Entering safepoint region: Deoptimize
[2019-12-09T02:25:40.598+0000][1][safepoint    ] Leaving safepoint region
[2019-12-09T02:25:40.598+0000][1][safepoint    ] Total time for which application threads were stopped: 0.0004130 seconds, Stopping threads took: 0.0000122 seconds
[2019-12-09T02:25:40.666+0000][1][safepoint    ] Application time: 0.0675630 seconds
[2019-12-09T02:25:40.666+0000][1][safepoint    ] Entering safepoint region: RevokeBias
[2019-12-09T02:25:40.666+0000][1][safepoint    ] Leaving safepoint region
[2019-12-09T02:25:40.666+0000][1][safepoint    ] Total time for which application threads were stopped: 0.0000784 seconds, Stopping threads took: 0.0000240 seconds
[2019-12-09T02:25:41.669+0000][1][safepoint    ] Application time: 1.0028523 seconds
[2019-12-09T02:25:41.689+0000][1][safepoint    ] Entering safepoint region: Cleanup
[2019-12-09T02:25:41.689+0000][1][safepoint    ] Leaving safepoint region
[2019-12-09T02:25:41.689+0000][1][safepoint    ] Total time for which application threads were stopped: 0.0204293 seconds, Stopping threads took: 0.0203656 seconds
[2019-12-09T02:25:42.690+0000][1][safepoint    ] Application time: 1.0005279 seconds
[2019-12-09T02:25:42.705+0000][1][safepoint    ] Entering safepoint region: Cleanup
[2019-12-09T02:25:42.705+0000][1][safepoint    ] Leaving safepoint region
[2019-12-09T02:25:42.705+0000][1][safepoint    ] Total time for which application threads were stopped: 0.0152348 seconds, Stopping threads took: 0.0150050 seconds
[2019-12-09T02:25:43.706+0000][1][safepoint    ] Application time: 1.0007324 seconds
[2019-12-09T02:25:43.754+0000][1][safepoint    ] Entering safepoint region: Cleanup
[2019-12-09T02:25:43.754+0000][1][safepoint    ] Leaving safepoint region
[2019-12-09T02:25:43.754+0000][1][safepoint    ] Total time for which application threads were stopped: 0.0481088 seconds, Stopping threads took: 0.0480362 seconds
[2019-12-09T02:25:44.758+0000][1][safepoint    ] Application time: 1.0038439 seconds
[2019-12-09T02:25:44.805+0000][1][safepoint    ] Entering safepoint region: Cleanup
[2019-12-09T02:25:44.805+0000][1][safepoint    ] Leaving safepoint region
[2019-12-09T02:25:44.805+0000][1][safepoint    ] Total time for which application threads were stopped: 0.0470740 seconds, Stopping threads took: 0.0470221 seconds
[2019-12-09T02:25:45.806+0000][1][safepoint    ] Application time: 1.0008666 seconds
[2019-12-09T02:25:45.851+0000][1][safepoint    ] Entering safepoint region: Cleanup
[2019-12-09T02:25:45.851+0000][1][safepoint    ] Leaving safepoint region
[2019-12-09T02:25:45.851+0000][1][safepoint    ] Total time for which application threads were stopped: 0.0450780 seconds, Stopping threads took: 0.0450299 seconds
[2019-12-09T02:25:46.729+0000][1][safepoint    ] Application time: 0.8778516 seconds
[2019-12-09T02:25:46.729+0000][1][safepoint    ] Entering safepoint region: GenCollectForAllocation
[2019-12-09T02:25:46.729+0000][1][gc,start     ] GC(13) Pause Young (Allocation Failure)
[2019-12-09T02:25:46.729+0000][1][gc,task      ] GC(13) Using 2 workers of 2 for evacuation
[2019-12-09T02:25:47.192+0000][1][gc,age       ] GC(13) Desired survivor size 4456448 bytes, new threshold 1 (max threshold 6)
[2019-12-09T02:25:47.192+0000][1][gc,age       ] GC(13) Age table with threshold 1 (max threshold 6)
[2019-12-09T02:25:47.192+0000][1][gc,age       ] GC(13) - age   1:    6765624 bytes,    6765624 total
[2019-12-09T02:25:47.192+0000][1][gc,age       ] GC(13) - age   2:     738456 bytes,    7504080 total
[2019-12-09T02:25:47.192+0000][1][gc,age       ] GC(13) - age   3:     305648 bytes,    7809728 total
[2019-12-09T02:25:47.192+0000][1][gc,age       ] GC(13) - age   4:      97272 bytes,    7907000 total
[2019-12-09T02:25:47.192+0000][1][gc,age       ] GC(13) - age   5:     629416 bytes,    8536416 total
[2019-12-09T02:25:47.192+0000][1][gc,age       ] GC(13) - age   6:     376040 bytes,    8912456 total
[2019-12-09T02:25:47.192+0000][1][gc,heap      ] GC(13) ParNew: 74162K->8704K(78656K)
[2019-12-09T02:25:47.192+0000][1][gc,heap      ] GC(13) CMS: 14176K->21612K(174784K)
[2019-12-09T02:25:47.192+0000][1][gc,metaspace ] GC(13) Metaspace: 26962K->26962K(1075200K)
[2019-12-09T02:25:47.192+0000][1][gc           ] GC(13) Pause Young (Allocation Failure) 86M->29M(247M) 463.429ms
[2019-12-09T02:25:47.192+0000][1][gc,cpu       ] GC(13) User=0.15s Sys=0.00s Real=0.46s
[2019-12-09T02:25:47.192+0000][1][safepoint    ] Leaving safepoint region
[2019-12-09T02:25:47.192+0000][1][safepoint    ] Total time for which application threads were stopped: 0.4635672 seconds, Stopping threads took: 0.0000142 seconds
[2019-12-09T02:25:48.198+0000][1][safepoint    ] Application time: 1.0053945 seconds
[2019-12-09T02:25:48.246+0000][1][safepoint    ] Entering safepoint region: Cleanup
[2019-12-09T02:25:48.247+0000][1][safepoint    ] Leaving safepoint region
[2019-12-09T02:25:48.247+0000][1][safepoint    ] Total time for which application threads were stopped: 0.0487899 seconds, Stopping threads took: 0.0487346 seconds
[2019-12-09T02:25:51.684+0000][1][safepoint    ] Application time: 3.4371730 seconds
[2019-12-09T02:25:51.684+0000][1][safepoint    ] Entering safepoint region: GenCollectForAllocation
[2019-12-09T02:25:51.684+0000][1][gc,start     ] GC(14) Pause Young (Allocation Failure)
[2019-12-09T02:25:51.684+0000][1][gc,task      ] GC(14) Using 2 workers of 2 for evacuation
[2019-12-09T02:25:52.185+0000][1][gc,age       ] GC(14) Desired survivor size 4456448 bytes, new threshold 1 (max threshold 6)
[2019-12-09T02:25:52.185+0000][1][gc,age       ] GC(14) Age table with threshold 1 (max threshold 6)
[2019-12-09T02:25:52.185+0000][1][gc,age       ] GC(14) - age   1:    8912776 bytes,    8912776 total
[2019-12-09T02:25:52.185+0000][1][gc,heap      ] GC(14) ParNew: 78656K->8704K(78656K)
[2019-12-09T02:25:52.185+0000][1][gc,heap      ] GC(14) CMS: 21612K->34528K(174784K)
[2019-12-09T02:25:52.185+0000][1][gc,metaspace ] GC(14) Metaspace: 27166K->27166K(1075200K)
[2019-12-09T02:25:52.185+0000][1][gc           ] GC(14) Pause Young (Allocation Failure) 97M->42M(247M) 501.378ms
[2019-12-09T02:25:52.185+0000][1][gc,cpu       ] GC(14) User=0.11s Sys=0.00s Real=0.51s
[2019-12-09T02:25:52.185+0000][1][safepoint    ] Leaving safepoint region
[2019-12-09T02:25:52.185+0000][1][safepoint    ] Total time for which application threads were stopped: 0.5015156 seconds, Stopping threads took: 0.0000143 seconds
[2019-12-09T02:25:53.221+0000][1][safepoint    ] Application time: 1.0354072 seconds
[2019-12-09T02:25:53.254+0000][1][safepoint    ] Entering safepoint region: Cleanup
[2019-12-09T02:25:53.254+0000][1][safepoint    ] Leaving safepoint region
[2019-12-09T02:25:53.254+0000][1][safepoint    ] Total time for which application threads were stopped: 0.0330745 seconds, Stopping threads took: 0.0330033 seconds
[2019-12-09T02:25:54.256+0000][1][safepoint    ] Application time: 1.0018818 seconds
[2019-12-09T02:25:54.332+0000][1][safepoint    ] Entering safepoint region: Cleanup
[2019-12-09T02:25:54.332+0000][1][safepoint    ] Leaving safepoint region
[2019-12-09T02:25:54.332+0000][1][safepoint    ] Total time for which application threads were stopped: 0.0761192 seconds, Stopping threads took: 0.0760643 seconds
[2019-12-09T02:25:55.344+0000][1][safepoint    ] Application time: 1.0118192 seconds
[2019-12-09T02:25:55.383+0000][1][safepoint    ] Entering safepoint region: Cleanup
[2019-12-09T02:25:55.383+0000][1][safepoint    ] Leaving safepoint region
[2019-12-09T02:25:55.383+0000][1][safepoint    ] Total time for which application threads were stopped: 0.0390656 seconds, Stopping threads took: 0.0390216 seconds
[2019-12-09T02:25:55.665+0000][1][safepoint    ] Application time: 0.2825377 seconds
[2019-12-09T02:25:55.665+0000][1][safepoint    ] Entering safepoint region: RevokeBias
[2019-12-09T02:25:55.665+0000][1][safepoint    ] Leaving safepoint region
[2019-12-09T02:25:55.665+0000][1][safepoint    ] Total time for which application threads were stopped: 0.0000872 seconds, Stopping threads took: 0.0000137 seconds
[2019-12-09T02:25:56.666+0000][1][safepoint    ] Application time: 1.0002077 seconds
[2019-12-09T02:25:56.666+0000][1][safepoint    ] Entering safepoint region: Cleanup
[2019-12-09T02:25:56.666+0000][1][safepoint    ] Leaving safepoint region
[2019-12-09T02:25:56.666+0000][1][safepoint    ] Total time for which application threads were stopped: 0.0004448 seconds, Stopping threads took: 0.0003816 seconds
[2019-12-09T02:25:57.459+0000][1][safepoint    ] Application time: 0.7925083 seconds
[2019-12-09T02:25:57.459+0000][1][safepoint    ] Entering safepoint region: GenCollectForAllocation
[2019-12-09T02:25:57.459+0000][1][gc,start     ] GC(15) Pause Young (Allocation Failure)
[2019-12-09T02:25:57.459+0000][1][gc,task      ] GC(15) Using 2 workers of 2 for evacuation
[2019-12-09T02:25:57.975+0000][1][gc,age       ] GC(15) Desired survivor size 4456448 bytes, new threshold 1 (max threshold 6)
[2019-12-09T02:25:57.975+0000][1][gc,age       ] GC(15) Age table with threshold 1 (max threshold 6)
[2019-12-09T02:25:57.975+0000][1][gc,age       ] GC(15) - age   1:    8389208 bytes,    8389208 total
[2019-12-09T02:25:57.975+0000][1][gc,heap      ] GC(15) ParNew: 78656K->8704K(78656K)
[2019-12-09T02:25:57.975+0000][1][gc,heap      ] GC(15) CMS: 34528K->46975K(174784K)
[2019-12-09T02:25:57.975+0000][1][gc,metaspace ] GC(15) Metaspace: 29456K->29456K(1077248K)
[2019-12-09T02:25:57.975+0000][1][gc           ] GC(15) Pause Young (Allocation Failure) 110M->54M(247M) 515.802ms
[2019-12-09T02:25:57.975+0000][1][gc,cpu       ] GC(15) User=0.15s Sys=0.00s Real=0.51s
[2019-12-09T02:25:57.975+0000][1][safepoint    ] Leaving safepoint region
[2019-12-09T02:25:57.975+0000][1][safepoint    ] Total time for which application threads were stopped: 0.5159738 seconds, Stopping threads took: 0.0000125 seconds
[2019-12-09T02:25:58.983+0000][1][safepoint    ] Application time: 1.0079976 seconds
[2019-12-09T02:25:58.983+0000][1][safepoint    ] Entering safepoint region: Cleanup
[2019-12-09T02:25:58.983+0000][1][safepoint    ] Leaving safepoint region
[2019-12-09T02:25:58.983+0000][1][safepoint    ] Total time for which application threads were stopped: 0.0001589 seconds, Stopping threads took: 0.0001128 seconds
[2019-12-09T02:26:01.046+0000][1][safepoint    ] Application time: 2.0627747 seconds
[2019-12-09T02:26:01.085+0000][1][safepoint    ] Entering safepoint region: Cleanup
[2019-12-09T02:26:01.085+0000][1][safepoint    ] Leaving safepoint region
[2019-12-09T02:26:01.085+0000][1][safepoint    ] Total time for which application threads were stopped: 0.0390905 seconds, Stopping threads took: 0.0390138 seconds
[2019-12-09T02:26:01.153+0000][1][safepoint    ] Application time: 0.0685209 seconds
[2019-12-09T02:26:01.153+0000][1][safepoint    ] Entering safepoint region: GenCollectForAllocation
[2019-12-09T02:26:01.153+0000][1][gc,start     ] GC(16) Pause Young (Allocation Failure)
[2019-12-09T02:26:01.154+0000][1][gc,task      ] GC(16) Using 2 workers of 2 for evacuation
[2019-12-09T02:26:01.543+0000][1][gc,age       ] GC(16) Desired survivor size 4456448 bytes, new threshold 6 (max threshold 6)
[2019-12-09T02:26:01.543+0000][1][gc,age       ] GC(16) Age table with threshold 6 (max threshold 6)
[2019-12-09T02:26:01.543+0000][1][gc,age       ] GC(16) - age   1:    1272080 bytes,    1272080 total
[2019-12-09T02:26:01.543+0000][1][gc,heap      ] GC(16) ParNew: 78656K->8233K(78656K)
[2019-12-09T02:26:01.543+0000][1][gc,heap      ] GC(16) CMS: 46975K->55219K(174784K)
[2019-12-09T02:26:01.543+0000][1][gc,metaspace ] GC(16) Metaspace: 32987K->32987K(1079296K)
[2019-12-09T02:26:01.543+0000][1][gc           ] GC(16) Pause Young (Allocation Failure) 122M->61M(247M) 389.626ms
[2019-12-09T02:26:01.543+0000][1][gc,cpu       ] GC(16) User=0.06s Sys=0.00s Real=0.39s
[2019-12-09T02:26:01.543+0000][1][safepoint    ] Leaving safepoint region
[2019-12-09T02:26:01.543+0000][1][safepoint    ] Total time for which application threads were stopped: 0.3897625 seconds, Stopping threads took: 0.0000138 seconds
[2019-12-09T02:26:02.623+0000][1][safepoint    ] Application time: 1.0795193 seconds
[2019-12-09T02:26:02.680+0000][1][safepoint    ] Entering safepoint region: Cleanup
[2019-12-09T02:26:02.680+0000][1][safepoint    ] Leaving safepoint region
[2019-12-09T02:26:02.680+0000][1][safepoint    ] Total time for which application threads were stopped: 0.0570865 seconds, Stopping threads took: 0.0570353 seconds
[2019-12-09T02:26:03.959+0000][1][safepoint    ] Application time: 1.2794272 seconds
[2019-12-09T02:26:03.959+0000][1][safepoint    ] Entering safepoint region: CollectForMetadataAllocation
[2019-12-09T02:26:03.960+0000][1][safepoint    ] Leaving safepoint region
[2019-12-09T02:26:03.960+0000][1][safepoint    ] Total time for which application threads were stopped: 0.0002543 seconds, Stopping threads took: 0.0000128 seconds
[2019-12-09T02:26:04.329+0000][1][safepoint    ] Application time: 0.3692169 seconds
[2019-12-09T02:26:04.329+0000][1][safepoint    ] Entering safepoint region: CollectForMetadataAllocation
[2019-12-09T02:26:04.329+0000][1][safepoint    ] Leaving safepoint region
[2019-12-09T02:26:04.329+0000][1][safepoint    ] Total time for which application threads were stopped: 0.0002368 seconds, Stopping threads took: 0.0000134 seconds
[2019-12-09T02:26:04.637+0000][1][safepoint    ] Application time: 0.3082880 seconds
[2019-12-09T02:26:04.637+0000][1][safepoint    ] Entering safepoint region: CollectForMetadataAllocation
[2019-12-09T02:26:04.638+0000][1][safepoint    ] Leaving safepoint region
[2019-12-09T02:26:04.638+0000][1][safepoint    ] Total time for which application threads were stopped: 0.0002453 seconds, Stopping threads took: 0.0000138 seconds
[2019-12-09T02:26:04.813+0000][1][safepoint    ] Application time: 0.1749588 seconds
[2019-12-09T02:26:04.813+0000][1][safepoint    ] Entering safepoint region: CollectForMetadataAllocation
[2019-12-09T02:26:04.813+0000][1][safepoint    ] Leaving safepoint region
[2019-12-09T02:26:04.813+0000][1][safepoint    ] Total time for which application threads were stopped: 0.0002612 seconds, Stopping threads took: 0.0000125 seconds
[2019-12-09T02:26:04.950+0000][1][safepoint    ] Application time: 0.1371036 seconds
[2019-12-09T02:26:04.950+0000][1][safepoint    ] Entering safepoint region: CollectForMetadataAllocation
[2019-12-09T02:26:04.950+0000][1][safepoint    ] Leaving safepoint region
[2019-12-09T02:26:04.950+0000][1][safepoint    ] Total time for which application threads were stopped: 0.0002254 seconds, Stopping threads took: 0.0000138 seconds
[2019-12-09T02:26:05.085+0000][1][safepoint    ] Application time: 0.1346501 seconds
[2019-12-09T02:26:05.085+0000][1][safepoint    ] Entering safepoint region: CollectForMetadataAllocation
[2019-12-09T02:26:05.085+0000][1][safepoint    ] Leaving safepoint region
[2019-12-09T02:26:05.085+0000][1][safepoint    ] Total time for which application threads were stopped: 0.0002299 seconds, Stopping threads took: 0.0000139 seconds
[2019-12-09T02:26:05.220+0000][1][safepoint    ] Application time: 0.1349585 seconds
[2019-12-09T02:26:05.220+0000][1][safepoint    ] Entering safepoint region: GenCollectForAllocation
[2019-12-09T02:26:05.220+0000][1][gc,start     ] GC(17) Pause Young (Allocation Failure)
[2019-12-09T02:26:05.220+0000][1][gc,task      ] GC(17) Using 2 workers of 2 for evacuation
[2019-12-09T02:26:05.347+0000][1][gc,age       ] GC(17) Desired survivor size 4456448 bytes, new threshold 6 (max threshold 6)
[2019-12-09T02:26:05.347+0000][1][gc,age       ] GC(17) Age table with threshold 6 (max threshold 6)
[2019-12-09T02:26:05.347+0000][1][gc,age       ] GC(17) - age   1:    1949968 bytes,    1949968 total
[2019-12-09T02:26:05.347+0000][1][gc,age       ] GC(17) - age   2:    1205720 bytes,    3155688 total
[2019-12-09T02:26:05.347+0000][1][gc,heap      ] GC(17) ParNew: 78185K->4582K(78656K)
[2019-12-09T02:26:05.347+0000][1][gc,heap      ] GC(17) CMS: 55219K->55219K(174784K)
[2019-12-09T02:26:05.347+0000][1][gc,metaspace ] GC(17) Metaspace: 35330K->35330K(1081344K)
[2019-12-09T02:26:05.347+0000][1][gc           ] GC(17) Pause Young (Allocation Failure) 130M->58M(247M) 127.202ms
[2019-12-09T02:26:05.348+0000][1][gc,cpu       ] GC(17) User=0.04s Sys=0.00s Real=0.13s
[2019-12-09T02:26:05.348+0000][1][safepoint    ] Leaving safepoint region
[2019-12-09T02:26:05.348+0000][1][safepoint    ] Total time for which application threads were stopped: 0.1273326 seconds, Stopping threads took: 0.0000148 seconds
[2019-12-09T02:26:05.348+0000][1][safepoint    ] Application time: 0.0005248 seconds
[2019-12-09T02:26:05.348+0000][1][safepoint    ] Entering safepoint region: CMS_Initial_Mark
[2019-12-09T02:26:05.348+0000][1][gc,start     ] GC(18) Pause Initial Mark
[2019-12-09T02:26:05.373+0000][1][gc           ] GC(18) Pause Initial Mark 59M->59M(247M) 25.181ms
[2019-12-09T02:26:05.373+0000][1][gc,cpu       ] GC(18) User=0.00s Sys=0.00s Real=0.02s
[2019-12-09T02:26:05.373+0000][1][safepoint    ] Leaving safepoint region
[2019-12-09T02:26:05.373+0000][1][safepoint    ] Total time for which application threads were stopped: 0.0253244 seconds, Stopping threads took: 0.0000453 seconds
[2019-12-09T02:26:05.373+0000][1][gc           ] GC(18) Concurrent Mark
[2019-12-09T02:26:05.449+0000][1][safepoint    ] Application time: 0.0751793 seconds
[2019-12-09T02:26:05.449+0000][1][safepoint    ] Entering safepoint region: CollectForMetadataAllocation
[2019-12-09T02:26:05.449+0000][1][safepoint    ] Leaving safepoint region
[2019-12-09T02:26:05.449+0000][1][safepoint    ] Total time for which application threads were stopped: 0.0002647 seconds, Stopping threads took: 0.0000155 seconds
[2019-12-09T02:26:05.730+0000][1][safepoint    ] Application time: 0.2808092 seconds
[2019-12-09T02:26:05.730+0000][1][safepoint    ] Entering safepoint region: CollectForMetadataAllocation
[2019-12-09T02:26:05.730+0000][1][safepoint    ] Leaving safepoint region
[2019-12-09T02:26:05.730+0000][1][safepoint    ] Total time for which application threads were stopped: 0.0002325 seconds, Stopping threads took: 0.0000136 seconds
[2019-12-09T02:26:05.981+0000][1][safepoint    ] Application time: 0.2507794 seconds
[2019-12-09T02:26:06.025+0000][1][safepoint    ] Entering safepoint region: CollectForMetadataAllocation
[2019-12-09T02:26:06.025+0000][1][safepoint    ] Leaving safepoint region
[2019-12-09T02:26:06.025+0000][1][safepoint    ] Total time for which application threads were stopped: 0.0441420 seconds, Stopping threads took: 0.0439124 seconds
[2019-12-09T02:26:06.293+0000][1][safepoint    ] Application time: 0.2678876 seconds
[2019-12-09T02:26:06.293+0000][1][safepoint    ] Entering safepoint region: CollectForMetadataAllocation
[2019-12-09T02:26:06.293+0000][1][safepoint    ] Leaving safepoint region
[2019-12-09T02:26:06.293+0000][1][safepoint    ] Total time for which application threads were stopped: 0.0001505 seconds, Stopping threads took: 0.0000140 seconds
[2019-12-09T02:26:06.326+0000][1][gc           ] GC(18) Concurrent Mark 952.419ms
[2019-12-09T02:26:06.326+0000][1][gc,cpu       ] GC(18) User=0.24s Sys=0.00s Real=0.96s
[2019-12-09T02:26:06.326+0000][1][gc           ] GC(18) Concurrent Preclean
[2019-12-09T02:26:06.347+0000][1][gc           ] GC(18) Concurrent Preclean 21.035ms
[2019-12-09T02:26:06.347+0000][1][gc,cpu       ] GC(18) User=0.01s Sys=0.00s Real=0.02s
[2019-12-09T02:26:06.347+0000][1][gc           ] GC(18) Concurrent Abortable Preclean
[2019-12-09T02:26:06.663+0000][1][safepoint    ] Application time: 0.3702170 seconds
[2019-12-09T02:26:06.663+0000][1][safepoint    ] Entering safepoint region: CollectForMetadataAllocation
[2019-12-09T02:26:06.664+0000][1][safepoint    ] Leaving safepoint region
[2019-12-09T02:26:06.664+0000][1][safepoint    ] Total time for which application threads were stopped: 0.0002364 seconds, Stopping threads took: 0.0000131 seconds
[2019-12-09T02:26:06.666+0000][1][safepoint    ] Application time: 0.0025723 seconds
[2019-12-09T02:26:06.666+0000][1][safepoint    ] Entering safepoint region: RevokeBias
[2019-12-09T02:26:06.666+0000][1][safepoint    ] Leaving safepoint region
[2019-12-09T02:26:06.666+0000][1][safepoint    ] Total time for which application threads were stopped: 0.0001089 seconds, Stopping threads took: 0.0000105 seconds
[2019-12-09T02:26:06.925+0000][1][safepoint    ] Application time: 0.2589672 seconds
[2019-12-09T02:26:06.964+0000][1][safepoint    ] Entering safepoint region: CollectForMetadataAllocation
[2019-12-09T02:26:06.964+0000][1][safepoint    ] Leaving safepoint region
[2019-12-09T02:26:06.964+0000][1][safepoint    ] Total time for which application threads were stopped: 0.0385663 seconds, Stopping threads took: 0.0383099 seconds
[2019-12-09T02:26:07.119+0000][1][safepoint    ] Application time: 0.1552451 seconds
[2019-12-09T02:26:07.119+0000][1][safepoint    ] Entering safepoint region: CollectForMetadataAllocation
[2019-12-09T02:26:07.119+0000][1][safepoint    ] Leaving safepoint region
[2019-12-09T02:26:07.119+0000][1][safepoint    ] Total time for which application threads were stopped: 0.0002778 seconds, Stopping threads took: 0.0000500 seconds
[2019-12-09T02:26:07.526+0000][1][safepoint    ] Application time: 0.4062965 seconds
[2019-12-09T02:26:07.526+0000][1][safepoint    ] Entering safepoint region: CollectForMetadataAllocation
[2019-12-09T02:26:07.526+0000][1][safepoint    ] Leaving safepoint region
[2019-12-09T02:26:07.526+0000][1][safepoint    ] Total time for which application threads were stopped: 0.0002693 seconds, Stopping threads took: 0.0000161 seconds
[2019-12-09T02:26:07.749+0000][1][safepoint    ] Application time: 0.2229621 seconds
[2019-12-09T02:26:07.749+0000][1][safepoint    ] Entering safepoint region: CollectForMetadataAllocation
[2019-12-09T02:26:07.749+0000][1][safepoint    ] Leaving safepoint region
[2019-12-09T02:26:07.749+0000][1][safepoint    ] Total time for which application threads were stopped: 0.0001539 seconds, Stopping threads took: 0.0000146 seconds
[2019-12-09T02:26:08.075+0000][1][safepoint    ] Application time: 0.3255415 seconds
[2019-12-09T02:26:08.075+0000][1][safepoint    ] Entering safepoint region: CollectForMetadataAllocation
[2019-12-09T02:26:08.075+0000][1][safepoint    ] Leaving safepoint region
[2019-12-09T02:26:08.075+0000][1][safepoint    ] Total time for which application threads were stopped: 0.0002496 seconds, Stopping threads took: 0.0000177 seconds
[2019-12-09T02:26:08.338+0000][1][safepoint    ] Application time: 0.2634462 seconds
[2019-12-09T02:26:08.339+0000][1][safepoint    ] Entering safepoint region: CollectForMetadataAllocation
[2019-12-09T02:26:08.339+0000][1][safepoint    ] Leaving safepoint region
[2019-12-09T02:26:08.339+0000][1][safepoint    ] Total time for which application threads were stopped: 0.0002557 seconds, Stopping threads took: 0.0000141 seconds
[2019-12-09T02:26:08.664+0000][1][safepoint    ] Application time: 0.3249700 seconds
[2019-12-09T02:26:08.664+0000][1][safepoint    ] Entering safepoint region: CollectForMetadataAllocation
[2019-12-09T02:26:08.664+0000][1][safepoint    ] Leaving safepoint region
[2019-12-09T02:26:08.664+0000][1][safepoint    ] Total time for which application threads were stopped: 0.0002359 seconds, Stopping threads took: 0.0000144 seconds
[2019-12-09T02:26:08.818+0000][1][safepoint    ] Application time: 0.1537207 seconds
[2019-12-09T02:26:08.818+0000][1][safepoint    ] Entering safepoint region: CollectForMetadataAllocation
[2019-12-09T02:26:08.818+0000][1][safepoint    ] Leaving safepoint region
[2019-12-09T02:26:08.818+0000][1][safepoint    ] Total time for which application threads were stopped: 0.0002520 seconds, Stopping threads took: 0.0000257 seconds
[2019-12-09T02:26:09.158+0000][1][safepoint    ] Application time: 0.3397547 seconds
[2019-12-09T02:26:09.158+0000][1][safepoint    ] Entering safepoint region: CollectForMetadataAllocation
[2019-12-09T02:26:09.158+0000][1][safepoint    ] Leaving safepoint region
[2019-12-09T02:26:09.158+0000][1][safepoint    ] Total time for which application threads were stopped: 0.0002234 seconds, Stopping threads took: 0.0000135 seconds
[2019-12-09T02:26:09.540+0000][1][safepoint    ] Application time: 0.3816696 seconds
[2019-12-09T02:26:09.540+0000][1][safepoint    ] Entering safepoint region: CollectForMetadataAllocation
[2019-12-09T02:26:09.540+0000][1][safepoint    ] Leaving safepoint region
[2019-12-09T02:26:09.540+0000][1][safepoint    ] Total time for which application threads were stopped: 0.0002339 seconds, Stopping threads took: 0.0000144 seconds
[2019-12-09T02:26:09.856+0000][1][safepoint    ] Application time: 0.3156864 seconds
[2019-12-09T02:26:09.856+0000][1][safepoint    ] Entering safepoint region: CollectForMetadataAllocation
[2019-12-09T02:26:09.856+0000][1][safepoint    ] Leaving safepoint region
[2019-12-09T02:26:09.856+0000][1][safepoint    ] Total time for which application threads were stopped: 0.0001466 seconds, Stopping threads took: 0.0000222 seconds
[2019-12-09T02:26:10.027+0000][1][safepoint    ] Application time: 0.1707113 seconds
[2019-12-09T02:26:10.027+0000][1][safepoint    ] Entering safepoint region: CollectForMetadataAllocation
[2019-12-09T02:26:10.027+0000][1][safepoint    ] Leaving safepoint region
[2019-12-09T02:26:10.027+0000][1][safepoint    ] Total time for which application threads were stopped: 0.0002514 seconds, Stopping threads took: 0.0000156 seconds
[2019-12-09T02:26:10.440+0000][1][safepoint    ] Application time: 0.4128190 seconds
[2019-12-09T02:26:10.440+0000][1][safepoint    ] Entering safepoint region: CollectForMetadataAllocation
[2019-12-09T02:26:10.440+0000][1][safepoint    ] Leaving safepoint region
[2019-12-09T02:26:10.440+0000][1][safepoint    ] Total time for which application threads were stopped: 0.0002221 seconds, Stopping threads took: 0.0000130 seconds
[2019-12-09T02:26:10.738+0000][1][safepoint    ] Application time: 0.2977510 seconds
[2019-12-09T02:26:10.738+0000][1][safepoint    ] Entering safepoint region: CollectForMetadataAllocation
[2019-12-09T02:26:10.738+0000][1][safepoint    ] Leaving safepoint region
[2019-12-09T02:26:10.738+0000][1][safepoint    ] Total time for which application threads were stopped: 0.0002203 seconds, Stopping threads took: 0.0000122 seconds
[2019-12-09T02:26:11.203+0000][1][safepoint    ] Application time: 0.4647202 seconds
[2019-12-09T02:26:11.203+0000][1][safepoint    ] Entering safepoint region: CollectForMetadataAllocation
[2019-12-09T02:26:11.203+0000][1][safepoint    ] Leaving safepoint region
[2019-12-09T02:26:11.203+0000][1][safepoint    ] Total time for which application threads were stopped: 0.0002267 seconds, Stopping threads took: 0.0000136 seconds
[2019-12-09T02:26:11.354+0000][1][gc           ] GC(18) Concurrent Abortable Preclean 5006.572ms
[2019-12-09T02:26:11.354+0000][1][gc,cpu       ] GC(18) User=1.34s Sys=0.01s Real=5.00s
[2019-12-09T02:26:11.354+0000][1][safepoint    ] Application time: 0.1507191 seconds
[2019-12-09T02:26:11.354+0000][1][safepoint    ] Entering safepoint region: CMS_Final_Remark
[2019-12-09T02:26:11.354+0000][1][gc,start     ] GC(18) Pause Remark
[2019-12-09T02:26:11.527+0000][1][gc           ] GC(18) Pause Remark 85M->85M(247M) 173.506ms
[2019-12-09T02:26:11.527+0000][1][gc,cpu       ] GC(18) User=0.05s Sys=0.00s Real=0.18s
[2019-12-09T02:26:11.527+0000][1][safepoint    ] Leaving safepoint region
[2019-12-09T02:26:11.527+0000][1][safepoint    ] Total time for which application threads were stopped: 0.1736732 seconds, Stopping threads took: 0.0000426 seconds
[2019-12-09T02:26:11.539+0000][1][gc           ] GC(18) Concurrent Sweep
[2019-12-09T02:26:11.734+0000][1][safepoint    ] Application time: 0.2062401 seconds
[2019-12-09T02:26:11.734+0000][1][safepoint    ] Entering safepoint region: CollectForMetadataAllocation
[2019-12-09T02:26:11.735+0000][1][safepoint    ] Leaving safepoint region
[2019-12-09T02:26:11.735+0000][1][safepoint    ] Total time for which application threads were stopped: 0.0010028 seconds, Stopping threads took: 0.0000156 seconds
[2019-12-09T02:26:11.908+0000][1][gc           ] GC(18) Concurrent Sweep 368.828ms
[2019-12-09T02:26:11.908+0000][1][gc,cpu       ] GC(18) User=0.10s Sys=0.01s Real=0.37s
[2019-12-09T02:26:11.908+0000][1][gc           ] GC(18) Concurrent Reset
[2019-12-09T02:26:11.908+0000][1][gc           ] GC(18) Concurrent Reset 0.335ms
[2019-12-09T02:26:11.908+0000][1][gc,cpu       ] GC(18) User=0.00s Sys=0.00s Real=0.00s
[2019-12-09T02:26:11.908+0000][1][gc,heap      ] GC(18) Old: 55219K->55024K(174784K)
[2019-12-09T02:26:12.096+0000][1][safepoint    ] Application time: 0.3613714 seconds
[2019-12-09T02:26:12.121+0000][1][safepoint    ] Entering safepoint region: RevokeBias
[2019-12-09T02:26:12.121+0000][1][safepoint    ] Leaving safepoint region
[2019-12-09T02:26:12.121+0000][1][safepoint    ] Total time for which application threads were stopped: 0.0248658 seconds, Stopping threads took: 0.0247733 seconds
[2019-12-09T02:26:13.156+0000][1][safepoint    ] Application time: 1.0346134 seconds
[2019-12-09T02:26:13.254+0000][1][safepoint    ] Entering safepoint region: Cleanup
[2019-12-09T02:26:13.254+0000][1][safepoint    ] Leaving safepoint region
[2019-12-09T02:26:13.254+0000][1][safepoint    ] Total time for which application threads were stopped: 0.0981294 seconds, Stopping threads took: 0.0980756 seconds
[2019-12-09T02:26:14.296+0000][1][safepoint    ] Application time: 1.0420207 seconds
[2019-12-09T02:26:14.367+0000][1][safepoint    ] Entering safepoint region: Cleanup
[2019-12-09T02:26:14.367+0000][1][safepoint    ] Leaving safepoint region
[2019-12-09T02:26:14.367+0000][1][safepoint    ] Total time for which application threads were stopped: 0.0709853 seconds, Stopping threads took: 0.0709342 seconds
[2019-12-09T02:26:14.886+0000][1][safepoint    ] Application time: 0.5189973 seconds
[2019-12-09T02:26:14.886+0000][1][safepoint    ] Entering safepoint region: RevokeBias
[2019-12-09T02:26:14.886+0000][1][safepoint    ] Leaving safepoint region
[2019-12-09T02:26:14.886+0000][1][safepoint    ] Total time for which application threads were stopped: 0.0002386 seconds, Stopping threads took: 0.0000451 seconds
[2019-12-09T02:26:14.886+0000][1][safepoint    ] Application time: 0.0002145 seconds
[2019-12-09T02:26:14.886+0000][1][safepoint    ] Entering safepoint region: RevokeBias
[2019-12-09T02:26:14.886+0000][1][safepoint    ] Leaving safepoint region
[2019-12-09T02:26:14.886+0000][1][safepoint    ] Total time for which application threads were stopped: 0.0001036 seconds, Stopping threads took: 0.0000095 seconds
[2019-12-09T02:26:16.902+0000][1][safepoint    ] Application time: 2.0152599 seconds
[2019-12-09T02:26:16.902+0000][1][safepoint    ] Entering safepoint region: Cleanup
[2019-12-09T02:26:16.902+0000][1][safepoint    ] Leaving safepoint region
[2019-12-09T02:26:16.902+0000][1][safepoint    ] Total time for which application threads were stopped: 0.0000573 seconds, Stopping threads took: 0.0000149 seconds
[2019-12-09T02:26:17.094+0000][1][safepoint    ] Application time: 0.1919852 seconds
[2019-12-09T02:26:17.139+0000][1][safepoint    ] Entering safepoint region: RevokeBias
[2019-12-09T02:26:17.139+0000][1][safepoint    ] Leaving safepoint region
[2019-12-09T02:26:17.139+0000][1][safepoint    ] Total time for which application threads were stopped: 0.0454112 seconds, Stopping threads took: 0.0453006 seconds
[2019-12-09T02:26:17.139+0000][1][safepoint    ] Application time: 0.0001781 seconds
[2019-12-09T02:26:17.139+0000][1][safepoint    ] Entering safepoint region: RevokeBias
[2019-12-09T02:26:17.140+0000][1][safepoint    ] Leaving safepoint region
[2019-12-09T02:26:17.140+0000][1][safepoint    ] Total time for which application threads were stopped: 0.0000872 seconds, Stopping threads took: 0.0000114 seconds
[2019-12-09T02:26:17.140+0000][1][safepoint    ] Application time: 0.0001448 seconds
[2019-12-09T02:26:17.140+0000][1][safepoint    ] Entering safepoint region: RevokeBias
[2019-12-09T02:26:17.140+0000][1][safepoint    ] Leaving safepoint region
[2019-12-09T02:26:17.140+0000][1][safepoint    ] Total time for which application threads were stopped: 0.0000725 seconds, Stopping threads took: 0.0000088 seconds
[2019-12-09T02:26:17.140+0000][1][safepoint    ] Application time: 0.0002726 seconds
[2019-12-09T02:26:17.140+0000][1][safepoint    ] Entering safepoint region: RevokeBias
[2019-12-09T02:26:17.140+0000][1][safepoint    ] Leaving safepoint region
[2019-12-09T02:26:17.140+0000][1][safepoint    ] Total time for which application threads were stopped: 0.0000730 seconds, Stopping threads took: 0.0000090 seconds
[2019-12-09T02:26:17.140+0000][1][safepoint    ] Application time: 0.0000872 seconds
[2019-12-09T02:26:17.140+0000][1][safepoint    ] Entering safepoint region: RevokeBias
[2019-12-09T02:26:17.140+0000][1][safepoint    ] Leaving safepoint region
[2019-12-09T02:26:17.140+0000][1][safepoint    ] Total time for which application threads were stopped: 0.0000667 seconds, Stopping threads took: 0.0000083 seconds
[2019-12-09T02:26:17.140+0000][1][safepoint    ] Application time: 0.0000523 seconds
[2019-12-09T02:26:17.140+0000][1][safepoint    ] Entering safepoint region: RevokeBias
[2019-12-09T02:26:17.140+0000][1][safepoint    ] Leaving safepoint region
[2019-12-09T02:26:17.140+0000][1][safepoint    ] Total time for which application threads were stopped: 0.0000719 seconds, Stopping threads took: 0.0000082 seconds
[2019-12-09T02:26:17.141+0000][1][safepoint    ] Application time: 0.0000890 seconds
[2019-12-09T02:26:17.141+0000][1][safepoint    ] Entering safepoint region: RevokeBias
[2019-12-09T02:26:17.141+0000][1][safepoint    ] Leaving safepoint region
[2019-12-09T02:26:17.141+0000][1][safepoint    ] Total time for which application threads were stopped: 0.0000680 seconds, Stopping threads took: 0.0000082 seconds
[2019-12-09T02:26:17.141+0000][1][safepoint    ] Application time: 0.0000738 seconds
[2019-12-09T02:26:17.141+0000][1][safepoint    ] Entering safepoint region: RevokeBias
[2019-12-09T02:26:17.141+0000][1][safepoint    ] Leaving safepoint region
[2019-12-09T02:26:17.141+0000][1][safepoint    ] Total time for which application threads were stopped: 0.0000676 seconds, Stopping threads took: 0.0000086 seconds
[2019-12-09T02:26:17.142+0000][1][safepoint    ] Application time: 0.0013032 seconds
[2019-12-09T02:26:17.142+0000][1][safepoint    ] Entering safepoint region: RevokeBias
[2019-12-09T02:26:17.142+0000][1][safepoint    ] Leaving safepoint region
[2019-12-09T02:26:17.142+0000][1][safepoint    ] Total time for which application threads were stopped: 0.0000798 seconds, Stopping threads took: 0.0000107 seconds
[2019-12-09T02:26:17.143+0000][1][safepoint    ] Application time: 0.0003406 seconds
[2019-12-09T02:26:17.143+0000][1][safepoint    ] Entering safepoint region: RevokeBias
[2019-12-09T02:26:17.143+0000][1][safepoint    ] Leaving safepoint region
[2019-12-09T02:26:17.143+0000][1][safepoint    ] Total time for which application threads were stopped: 0.0000721 seconds, Stopping threads took: 0.0000096 seconds
[2019-12-09T02:26:21.204+0000][1][safepoint    ] Application time: 4.0610158 seconds
[2019-12-09T02:26:21.237+0000][1][safepoint    ] Entering safepoint region: Cleanup
[2019-12-09T02:26:21.237+0000][1][safepoint    ] Leaving safepoint region
[2019-12-09T02:26:21.237+0000][1][safepoint    ] Total time for which application threads were stopped: 0.0330985 seconds, Stopping threads took: 0.0330325 seconds
[2019-12-09T02:26:22.241+0000][1][safepoint    ] Application time: 1.0038748 seconds
[2019-12-09T02:26:22.241+0000][1][safepoint    ] Entering safepoint region: Cleanup
[2019-12-09T02:26:22.241+0000][1][safepoint    ] Leaving safepoint region
[2019-12-09T02:26:22.241+0000][1][safepoint    ] Total time for which application threads were stopped: 0.0000758 seconds, Stopping threads took: 0.0000127 seconds
[2019-12-09T02:26:23.058+0000][1][safepoint    ] Application time: 0.8170448 seconds
[2019-12-09T02:26:23.058+0000][1][safepoint    ] Entering safepoint region: GenCollectForAllocation
[2019-12-09T02:26:23.058+0000][1][gc,start     ] GC(19) Pause Young (Allocation Failure)
[2019-12-09T02:26:23.058+0000][1][gc,task      ] GC(19) Using 2 workers of 2 for evacuation
[2019-12-09T02:26:23.269+0000][1][gc,age       ] GC(19) Desired survivor size 4456448 bytes, new threshold 2 (max threshold 6)
[2019-12-09T02:26:23.269+0000][1][gc,age       ] GC(19) Age table with threshold 2 (max threshold 6)
[2019-12-09T02:26:23.269+0000][1][gc,age       ] GC(19) - age   1:    2596856 bytes,    2596856 total
[2019-12-09T02:26:23.269+0000][1][gc,age       ] GC(19) - age   2:    1918776 bytes,    4515632 total
[2019-12-09T02:26:23.269+0000][1][gc,age       ] GC(19) - age   3:    1203512 bytes,    5719144 total
[2019-12-09T02:26:23.269+0000][1][gc,heap      ] GC(19) ParNew: 74534K->7210K(78656K)
[2019-12-09T02:26:23.269+0000][1][gc,heap      ] GC(19) CMS: 55024K->55024K(174784K)
[2019-12-09T02:26:23.269+0000][1][gc,metaspace ] GC(19) Metaspace: 42959K->42959K(1089536K)
[2019-12-09T02:26:23.269+0000][1][gc           ] GC(19) Pause Young (Allocation Failure) 126M->60M(247M) 211.236ms
[2019-12-09T02:26:23.269+0000][1][gc,cpu       ] GC(19) User=0.04s Sys=0.00s Real=0.21s
[2019-12-09T02:26:23.269+0000][1][safepoint    ] Leaving safepoint region
[2019-12-09T02:26:23.269+0000][1][safepoint    ] Total time for which application threads were stopped: 0.2113883 seconds, Stopping threads took: 0.0000129 seconds
[2019-12-09T02:26:23.322+0000][1][safepoint    ] Application time: 0.0526623 seconds
[2019-12-09T02:26:23.322+0000][1][safepoint    ] Entering safepoint region: RevokeBias
[2019-12-09T02:26:23.322+0000][1][safepoint    ] Leaving safepoint region
[2019-12-09T02:26:23.322+0000][1][safepoint    ] Total time for which application threads were stopped: 0.0000604 seconds, Stopping threads took: 0.0000117 seconds
[2019-12-09T02:26:24.338+0000][1][safepoint    ] Application time: 1.0156248 seconds
[2019-12-09T02:26:24.425+0000][1][safepoint    ] Entering safepoint region: Cleanup
[2019-12-09T02:26:24.425+0000][1][safepoint    ] Leaving safepoint region
[2019-12-09T02:26:24.425+0000][1][safepoint    ] Total time for which application threads were stopped: 0.0870769 seconds, Stopping threads took: 0.0870014 seconds
[2019-12-09T02:26:24.925+0000][1][safepoint    ] Application time: 0.4999326 seconds
[2019-12-09T02:26:24.925+0000][1][safepoint    ] Entering safepoint region: RevokeBias
[2019-12-09T02:26:24.925+0000][1][safepoint    ] Leaving safepoint region
[2019-12-09T02:26:24.925+0000][1][safepoint    ] Total time for which application threads were stopped: 0.0001055 seconds, Stopping threads took: 0.0000125 seconds
[2019-12-09T02:26:24.982+0000][1][safepoint    ] Application time: 0.0568039 seconds
[2019-12-09T02:26:24.982+0000][1][safepoint    ] Entering safepoint region: RevokeBias
[2019-12-09T02:26:24.982+0000][1][safepoint    ] Leaving safepoint region
[2019-12-09T02:26:24.982+0000][1][safepoint    ] Total time for which application threads were stopped: 0.0001222 seconds, Stopping threads took: 0.0000155 seconds
[2019-12-09T02:26:26.011+0000][1][safepoint    ] Application time: 1.0288234 seconds
[2019-12-09T02:26:26.021+0000][1][safepoint    ] Entering safepoint region: Cleanup
[2019-12-09T02:26:26.021+0000][1][safepoint    ] Leaving safepoint region
[2019-12-09T02:26:26.021+0000][1][safepoint    ] Total time for which application threads were stopped: 0.0100368 seconds, Stopping threads took: 0.0099788 seconds
[2019-12-09T02:26:26.361+0000][1][safepoint    ] Application time: 0.3399224 seconds
[2019-12-09T02:26:26.361+0000][1][safepoint    ] Entering safepoint region: RevokeBias
[2019-12-09T02:26:26.361+0000][1][safepoint    ] Leaving safepoint region
[2019-12-09T02:26:26.361+0000][1][safepoint    ] Total time for which application threads were stopped: 0.0005112 seconds, Stopping threads took: 0.0000142 seconds
[2019-12-09T02:26:26.361+0000][1][safepoint    ] Application time: 0.0002281 seconds
[2019-12-09T02:26:26.362+0000][1][safepoint    ] Entering safepoint region: RevokeBias
[2019-12-09T02:26:26.362+0000][1][safepoint    ] Leaving safepoint region
[2019-12-09T02:26:26.362+0000][1][safepoint    ] Total time for which application threads were stopped: 0.0000705 seconds, Stopping threads took: 0.0000099 seconds
[2019-12-09T02:26:26.362+0000][1][safepoint    ] Application time: 0.0000702 seconds
[2019-12-09T02:26:26.362+0000][1][safepoint    ] Entering safepoint region: RevokeBias
[2019-12-09T02:26:26.362+0000][1][safepoint    ] Leaving safepoint region
[2019-12-09T02:26:26.362+0000][1][safepoint    ] Total time for which application threads were stopped: 0.0000712 seconds, Stopping threads took: 0.0000080 seconds
[2019-12-09T02:26:26.414+0000][1][safepoint    ] Application time: 0.0525462 seconds
[2019-12-09T02:26:26.414+0000][1][safepoint    ] Entering safepoint region: RevokeBias
[2019-12-09T02:26:26.414+0000][1][safepoint    ] Leaving safepoint region
[2019-12-09T02:26:26.414+0000][1][safepoint    ] Total time for which application threads were stopped: 0.0000578 seconds, Stopping threads took: 0.0000122 seconds
[2019-12-09T02:26:27.081+0000][1][safepoint    ] Application time: 0.6664571 seconds
[2019-12-09T02:26:27.081+0000][1][safepoint    ] Entering safepoint region: RevokeBias
[2019-12-09T02:26:27.081+0000][1][safepoint    ] Leaving safepoint region
[2019-12-09T02:26:27.081+0000][1][safepoint    ] Total time for which application threads were stopped: 0.0000958 seconds, Stopping threads took: 0.0000132 seconds
[2019-12-09T02:26:27.081+0000][1][safepoint    ] Application time: 0.0000810 seconds
[2019-12-09T02:26:27.081+0000][1][safepoint    ] Entering safepoint region: RevokeBias
[2019-12-09T02:26:27.081+0000][1][safepoint    ] Leaving safepoint region
[2019-12-09T02:26:27.081+0000][1][safepoint    ] Total time for which application threads were stopped: 0.0000748 seconds, Stopping threads took: 0.0000087 seconds
[2019-12-09T02:26:27.081+0000][1][safepoint    ] Application time: 0.0000585 seconds
[2019-12-09T02:26:27.081+0000][1][safepoint    ] Entering safepoint region: RevokeBias
[2019-12-09T02:26:27.081+0000][1][safepoint    ] Leaving safepoint region
[2019-12-09T02:26:27.081+0000][1][safepoint    ] Total time for which application threads were stopped: 0.0000556 seconds, Stopping threads took: 0.0000080 seconds
[2019-12-09T02:26:27.081+0000][1][safepoint    ] Application time: 0.0001271 seconds
[2019-12-09T02:26:27.081+0000][1][safepoint    ] Entering safepoint region: RevokeBias
[2019-12-09T02:26:27.081+0000][1][safepoint    ] Leaving safepoint region
[2019-12-09T02:26:27.081+0000][1][safepoint    ] Total time for which application threads were stopped: 0.0000623 seconds, Stopping threads took: 0.0000093 seconds
[2019-12-09T02:26:27.082+0000][1][safepoint    ] Application time: 0.0002053 seconds
[2019-12-09T02:26:27.093+0000][1][safepoint    ] Entering safepoint region: RevokeBias
[2019-12-09T02:26:27.093+0000][1][safepoint    ] Leaving safepoint region
[2019-12-09T02:26:27.093+0000][1][safepoint    ] Total time for which application threads were stopped: 0.0110823 seconds, Stopping threads took: 0.0110091 seconds
[2019-12-09T02:26:27.093+0000][1][safepoint    ] Application time: 0.0004392 seconds
[2019-12-09T02:26:27.093+0000][1][safepoint    ] Entering safepoint region: RevokeBias
[2019-12-09T02:26:27.093+0000][1][safepoint    ] Leaving safepoint region
[2019-12-09T02:26:27.093+0000][1][safepoint    ] Total time for which application threads were stopped: 0.0000696 seconds, Stopping threads took: 0.0000106 seconds
[2019-12-09T02:26:27.094+0000][1][safepoint    ] Application time: 0.0001875 seconds
[2019-12-09T02:26:27.094+0000][1][safepoint    ] Entering safepoint region: RevokeBias
[2019-12-09T02:26:27.094+0000][1][safepoint    ] Leaving safepoint region
[2019-12-09T02:26:27.094+0000][1][safepoint    ] Total time for which application threads were stopped: 0.0000784 seconds, Stopping threads took: 0.0000112 seconds
[2019-12-09T02:26:27.094+0000][1][safepoint    ] Application time: 0.0000773 seconds
[2019-12-09T02:26:27.094+0000][1][safepoint    ] Entering safepoint region: RevokeBias
[2019-12-09T02:26:27.094+0000][1][safepoint    ] Leaving safepoint region
[2019-12-09T02:26:27.094+0000][1][safepoint    ] Total time for which application threads were stopped: 0.0000571 seconds, Stopping threads took: 0.0000087 seconds
[2019-12-09T02:26:27.094+0000][1][safepoint    ] Application time: 0.0000563 seconds
[2019-12-09T02:26:27.094+0000][1][safepoint    ] Entering safepoint region: RevokeBias
[2019-12-09T02:26:27.094+0000][1][safepoint    ] Leaving safepoint region
[2019-12-09T02:26:27.094+0000][1][safepoint    ] Total time for which application threads were stopped: 0.0000536 seconds, Stopping threads took: 0.0000081 seconds
[2019-12-09T02:26:27.094+0000][1][safepoint    ] Application time: 0.0000529 seconds
[2019-12-09T02:26:27.094+0000][1][safepoint    ] Entering safepoint region: RevokeBias
[2019-12-09T02:26:27.094+0000][1][safepoint    ] Leaving safepoint region
[2019-12-09T02:26:27.094+0000][1][safepoint    ] Total time for which application threads were stopped: 0.0000507 seconds, Stopping threads took: 0.0000076 seconds
[2019-12-09T02:26:27.094+0000][1][safepoint    ] Application time: 0.0000520 seconds
[2019-12-09T02:26:27.094+0000][1][safepoint    ] Entering safepoint region: RevokeBias
[2019-12-09T02:26:27.094+0000][1][safepoint    ] Leaving safepoint region
[2019-12-09T02:26:27.094+0000][1][safepoint    ] Total time for which application threads were stopped: 0.0000513 seconds, Stopping threads took: 0.0000087 seconds
[2019-12-09T02:26:27.094+0000][1][safepoint    ] Application time: 0.0000512 seconds
[2019-12-09T02:26:27.094+0000][1][safepoint    ] Entering safepoint region: RevokeBias
[2019-12-09T02:26:27.094+0000][1][safepoint    ] Leaving safepoint region
[2019-12-09T02:26:27.094+0000][1][safepoint    ] Total time for which application threads were stopped: 0.0000492 seconds, Stopping threads took: 0.0000082 seconds
[2019-12-09T02:26:27.094+0000][1][safepoint    ] Application time: 0.0000546 seconds
[2019-12-09T02:26:27.094+0000][1][safepoint    ] Entering safepoint region: RevokeBias
[2019-12-09T02:26:27.094+0000][1][safepoint    ] Leaving safepoint region
[2019-12-09T02:26:27.094+0000][1][safepoint    ] Total time for which application threads were stopped: 0.0000539 seconds, Stopping threads took: 0.0000085 seconds
[2019-12-09T02:26:27.094+0000][1][safepoint    ] Application time: 0.0000542 seconds
[2019-12-09T02:26:27.094+0000][1][safepoint    ] Entering safepoint region: RevokeBias
[2019-12-09T02:26:27.095+0000][1][safepoint    ] Leaving safepoint region
[2019-12-09T02:26:27.095+0000][1][safepoint    ] Total time for which application threads were stopped: 0.0000556 seconds, Stopping threads took: 0.0000083 seconds
[2019-12-09T02:26:27.095+0000][1][safepoint    ] Application time: 0.0000542 seconds
[2019-12-09T02:26:27.095+0000][1][safepoint    ] Entering safepoint region: RevokeBias
[2019-12-09T02:26:27.095+0000][1][safepoint    ] Leaving safepoint region
[2019-12-09T02:26:27.095+0000][1][safepoint    ] Total time for which application threads were stopped: 0.0000547 seconds, Stopping threads took: 0.0000086 seconds
[2019-12-09T02:26:27.095+0000][1][safepoint    ] Application time: 0.0000695 seconds
[2019-12-09T02:26:27.095+0000][1][safepoint    ] Entering safepoint region: RevokeBias
[2019-12-09T02:26:27.095+0000][1][safepoint    ] Leaving safepoint region
[2019-12-09T02:26:27.095+0000][1][safepoint    ] Total time for which application threads were stopped: 0.0000554 seconds, Stopping threads took: 0.0000085 seconds
[2019-12-09T02:26:27.095+0000][1][safepoint    ] Application time: 0.0000543 seconds
[2019-12-09T02:26:27.095+0000][1][safepoint    ] Entering safepoint region: RevokeBias
[2019-12-09T02:26:27.095+0000][1][safepoint    ] Leaving safepoint region
[2019-12-09T02:26:27.095+0000][1][safepoint    ] Total time for which application threads were stopped: 0.0000543 seconds, Stopping threads took: 0.0000083 seconds
[2019-12-09T02:26:27.095+0000][1][safepoint    ] Application time: 0.0000512 seconds
[2019-12-09T02:26:27.095+0000][1][safepoint    ] Entering safepoint region: RevokeBias
[2019-12-09T02:26:27.095+0000][1][safepoint    ] Leaving safepoint region
[2019-12-09T02:26:27.095+0000][1][safepoint    ] Total time for which application threads were stopped: 0.0000492 seconds, Stopping threads took: 0.0000078 seconds
[2019-12-09T02:26:27.095+0000][1][safepoint    ] Application time: 0.0000499 seconds
[2019-12-09T02:26:27.095+0000][1][safepoint    ] Entering safepoint region: RevokeBias
[2019-12-09T02:26:27.095+0000][1][safepoint    ] Leaving safepoint region
[2019-12-09T02:26:27.095+0000][1][safepoint    ] Total time for which application threads were stopped: 0.0000481 seconds, Stopping threads took: 0.0000075 seconds
[2019-12-09T02:26:27.095+0000][1][safepoint    ] Application time: 0.0000514 seconds
[2019-12-09T02:26:27.095+0000][1][safepoint    ] Entering safepoint region: RevokeBias
[2019-12-09T02:26:27.095+0000][1][safepoint    ] Leaving safepoint region
[2019-12-09T02:26:27.095+0000][1][safepoint    ] Total time for which application threads were stopped: 0.0000486 seconds, Stopping threads took: 0.0000086 seconds
[2019-12-09T02:26:27.095+0000][1][safepoint    ] Application time: 0.0000516 seconds
[2019-12-09T02:26:27.095+0000][1][safepoint    ] Entering safepoint region: RevokeBias
[2019-12-09T02:26:27.095+0000][1][safepoint    ] Leaving safepoint region
[2019-12-09T02:26:27.095+0000][1][safepoint    ] Total time for which application threads were stopped: 0.0000546 seconds, Stopping threads took: 0.0000087 seconds
[2019-12-09T02:26:27.095+0000][1][safepoint    ] Application time: 0.0000536 seconds
[2019-12-09T02:26:27.095+0000][1][safepoint    ] Entering safepoint region: RevokeBias
[2019-12-09T02:26:27.095+0000][1][safepoint    ] Leaving safepoint region
[2019-12-09T02:26:27.096+0000][1][safepoint    ] Total time for which application threads were stopped: 0.0000535 seconds, Stopping threads took: 0.0000083 seconds
[2019-12-09T02:26:27.096+0000][1][safepoint    ] Application time: 0.0000536 seconds
[2019-12-09T02:26:27.096+0000][1][safepoint    ] Entering safepoint region: RevokeBias
[2019-12-09T02:26:27.096+0000][1][safepoint    ] Leaving safepoint region
[2019-12-09T02:26:27.096+0000][1][safepoint    ] Total time for which application threads were stopped: 0.0000491 seconds, Stopping threads took: 0.0000086 seconds
[2019-12-09T02:26:27.096+0000][1][safepoint    ] Application time: 0.0000671 seconds
[2019-12-09T02:26:27.096+0000][1][safepoint    ] Entering safepoint region: BulkRevokeBias
[2019-12-09T02:26:27.096+0000][1][safepoint    ] Leaving safepoint region
[2019-12-09T02:26:27.096+0000][1][safepoint    ] Total time for which application threads were stopped: 0.0001240 seconds, Stopping threads took: 0.0000088 seconds
[2019-12-09T02:26:27.096+0000][1][safepoint    ] Application time: 0.0001747 seconds
[2019-12-09T02:26:27.096+0000][1][safepoint    ] Entering safepoint region: RevokeBias
[2019-12-09T02:26:27.096+0000][1][safepoint    ] Leaving safepoint region
[2019-12-09T02:26:27.096+0000][1][safepoint    ] Total time for which application threads were stopped: 0.0000641 seconds, Stopping threads took: 0.0000093 seconds
[2019-12-09T02:26:27.096+0000][1][safepoint    ] Application time: 0.0000750 seconds
[2019-12-09T02:26:27.096+0000][1][safepoint    ] Entering safepoint region: RevokeBias
[2019-12-09T02:26:27.096+0000][1][safepoint    ] Leaving safepoint region
[2019-12-09T02:26:27.096+0000][1][safepoint    ] Total time for which application threads were stopped: 0.0000522 seconds, Stopping threads took: 0.0000081 seconds
[2019-12-09T02:26:27.096+0000][1][safepoint    ] Application time: 0.0001082 seconds
[2019-12-09T02:26:27.096+0000][1][safepoint    ] Entering safepoint region: RevokeBias
[2019-12-09T02:26:27.096+0000][1][safepoint    ] Leaving safepoint region
[2019-12-09T02:26:27.096+0000][1][safepoint    ] Total time for which application threads were stopped: 0.0000574 seconds, Stopping threads took: 0.0000089 seconds
[2019-12-09T02:26:27.096+0000][1][safepoint    ] Application time: 0.0000647 seconds
[2019-12-09T02:26:27.097+0000][1][safepoint    ] Entering safepoint region: RevokeBias
[2019-12-09T02:26:27.097+0000][1][safepoint    ] Leaving safepoint region
[2019-12-09T02:26:27.097+0000][1][safepoint    ] Total time for which application threads were stopped: 0.0000486 seconds, Stopping threads took: 0.0000086 seconds
[2019-12-09T02:26:27.097+0000][1][safepoint    ] Application time: 0.0000737 seconds
[2019-12-09T02:26:27.097+0000][1][safepoint    ] Entering safepoint region: RevokeBias
[2019-12-09T02:26:27.097+0000][1][safepoint    ] Leaving safepoint region
[2019-12-09T02:26:27.097+0000][1][safepoint    ] Total time for which application threads were stopped: 0.0000752 seconds, Stopping threads took: 0.0000089 seconds
[2019-12-09T02:26:27.097+0000][1][safepoint    ] Application time: 0.0000578 seconds
[2019-12-09T02:26:27.097+0000][1][safepoint    ] Entering safepoint region: RevokeBias
[2019-12-09T02:26:27.097+0000][1][safepoint    ] Leaving safepoint region
[2019-12-09T02:26:27.097+0000][1][safepoint    ] Total time for which application threads were stopped: 0.0000525 seconds, Stopping threads took: 0.0000086 seconds
[2019-12-09T02:26:27.097+0000][1][safepoint    ] Application time: 0.0001706 seconds
[2019-12-09T02:26:27.097+0000][1][safepoint    ] Entering safepoint region: RevokeBias
[2019-12-09T02:26:27.097+0000][1][safepoint    ] Leaving safepoint region
[2019-12-09T02:26:27.097+0000][1][safepoint    ] Total time for which application threads were stopped: 0.0000532 seconds, Stopping threads took: 0.0000091 seconds
[2019-12-09T02:26:27.097+0000][1][safepoint    ] Application time: 0.0000544 seconds
[2019-12-09T02:26:27.097+0000][1][safepoint    ] Entering safepoint region: RevokeBias
[2019-12-09T02:26:27.097+0000][1][safepoint    ] Leaving safepoint region
[2019-12-09T02:26:27.097+0000][1][safepoint    ] Total time for which application threads were stopped: 0.0000522 seconds, Stopping threads took: 0.0000086 seconds
[2019-12-09T02:26:27.098+0000][1][safepoint    ] Application time: 0.0002853 seconds
[2019-12-09T02:26:27.098+0000][1][safepoint    ] Entering safepoint region: RevokeBias
[2019-12-09T02:26:27.098+0000][1][safepoint    ] Leaving safepoint region
[2019-12-09T02:26:27.098+0000][1][safepoint    ] Total time for which application threads were stopped: 0.0000656 seconds, Stopping threads took: 0.0000103 seconds
[2019-12-09T02:26:27.098+0000][1][safepoint    ] Application time: 0.0000746 seconds
[2019-12-09T02:26:27.098+0000][1][safepoint    ] Entering safepoint region: RevokeBias
[2019-12-09T02:26:27.098+0000][1][safepoint    ] Leaving safepoint region
[2019-12-09T02:26:27.098+0000][1][safepoint    ] Total time for which application threads were stopped: 0.0000804 seconds, Stopping threads took: 0.0000289 seconds
[2019-12-09T02:26:27.098+0000][1][safepoint    ] Application time: 0.0000552 seconds
[2019-12-09T02:26:27.098+0000][1][safepoint    ] Entering safepoint region: RevokeBias
[2019-12-09T02:26:27.098+0000][1][safepoint    ] Leaving safepoint region
[2019-12-09T02:26:27.098+0000][1][safepoint    ] Total time for which application threads were stopped: 0.0000523 seconds, Stopping threads took: 0.0000085 seconds
[2019-12-09T02:26:27.098+0000][1][safepoint    ] Application time: 0.0000598 seconds
[2019-12-09T02:26:27.098+0000][1][safepoint    ] Entering safepoint region: RevokeBias
[2019-12-09T02:26:27.098+0000][1][safepoint    ] Leaving safepoint region
[2019-12-09T02:26:27.098+0000][1][safepoint    ] Total time for which application threads were stopped: 0.0000436 seconds, Stopping threads took: 0.0000072 seconds
[2019-12-09T02:26:27.098+0000][1][safepoint    ] Application time: 0.0000446 seconds
[2019-12-09T02:26:27.098+0000][1][safepoint    ] Entering safepoint region: BulkRevokeBias
[2019-12-09T02:26:27.098+0000][1][safepoint    ] Leaving safepoint region
[2019-12-09T02:26:27.098+0000][1][safepoint    ] Total time for which application threads were stopped: 0.0001001 seconds, Stopping threads took: 0.0000071 seconds
[2019-12-09T02:26:27.098+0000][1][safepoint    ] Application time: 0.0001347 seconds
[2019-12-09T02:26:27.098+0000][1][safepoint    ] Entering safepoint region: RevokeBias
[2019-12-09T02:26:27.098+0000][1][safepoint    ] Leaving safepoint region
[2019-12-09T02:26:27.098+0000][1][safepoint    ] Total time for which application threads were stopped: 0.0000477 seconds, Stopping threads took: 0.0000068 seconds
[2019-12-09T02:26:27.100+0000][1][safepoint    ] Application time: 0.0015928 seconds
[2019-12-09T02:26:27.100+0000][1][safepoint    ] Entering safepoint region: RevokeBias
[2019-12-09T02:26:27.100+0000][1][safepoint    ] Leaving safepoint region
[2019-12-09T02:26:27.100+0000][1][safepoint    ] Total time for which application threads were stopped: 0.0000811 seconds, Stopping threads took: 0.0000116 seconds
[2019-12-09T02:26:27.100+0000][1][safepoint    ] Application time: 0.0000762 seconds
[2019-12-09T02:26:27.100+0000][1][safepoint    ] Entering safepoint region: RevokeBias
[2019-12-09T02:26:27.100+0000][1][safepoint    ] Leaving safepoint region
[2019-12-09T02:26:27.100+0000][1][safepoint    ] Total time for which application threads were stopped: 0.0000645 seconds, Stopping threads took: 0.0000091 seconds
[2019-12-09T02:26:27.100+0000][1][safepoint    ] Application time: 0.0000539 seconds
[2019-12-09T02:26:27.100+0000][1][safepoint    ] Entering safepoint region: RevokeBias
[2019-12-09T02:26:27.100+0000][1][safepoint    ] Leaving safepoint region
[2019-12-09T02:26:27.100+0000][1][safepoint    ] Total time for which application threads were stopped: 0.0000577 seconds, Stopping threads took: 0.0000086 seconds
[2019-12-09T02:26:27.100+0000][1][safepoint    ] Application time: 0.0000521 seconds
[2019-12-09T02:26:27.100+0000][1][safepoint    ] Entering safepoint region: RevokeBias
[2019-12-09T02:26:27.100+0000][1][safepoint    ] Leaving safepoint region
[2019-12-09T02:26:27.100+0000][1][safepoint    ] Total time for which application threads were stopped: 0.0000572 seconds, Stopping threads took: 0.0000084 seconds
[2019-12-09T02:26:27.101+0000][1][safepoint    ] Application time: 0.0003639 seconds
[2019-12-09T02:26:27.101+0000][1][safepoint    ] Entering safepoint region: RevokeBias
[2019-12-09T02:26:27.101+0000][1][safepoint    ] Leaving safepoint region
[2019-12-09T02:26:27.101+0000][1][safepoint    ] Total time for which application threads were stopped: 0.0000736 seconds, Stopping threads took: 0.0000109 seconds
[2019-12-09T02:26:27.101+0000][1][safepoint    ] Application time: 0.0001285 seconds
[2019-12-09T02:26:27.101+0000][1][safepoint    ] Entering safepoint region: RevokeBias
[2019-12-09T02:26:27.101+0000][1][safepoint    ] Leaving safepoint region
[2019-12-09T02:26:27.101+0000][1][safepoint    ] Total time for which application threads were stopped: 0.0000568 seconds, Stopping threads took: 0.0000081 seconds
[2019-12-09T02:26:27.101+0000][1][safepoint    ] Application time: 0.0001548 seconds
[2019-12-09T02:26:27.101+0000][1][safepoint    ] Entering safepoint region: RevokeBias
[2019-12-09T02:26:27.101+0000][1][safepoint    ] Leaving safepoint region
[2019-12-09T02:26:27.101+0000][1][safepoint    ] Total time for which application threads were stopped: 0.0000552 seconds, Stopping threads took: 0.0000075 seconds
[2019-12-09T02:26:27.102+0000][1][safepoint    ] Application time: 0.0003234 seconds
[2019-12-09T02:26:27.102+0000][1][safepoint    ] Entering safepoint region: RevokeBias
[2019-12-09T02:26:27.102+0000][1][safepoint    ] Leaving safepoint region
[2019-12-09T02:26:27.102+0000][1][safepoint    ] Total time for which application threads were stopped: 0.0000703 seconds, Stopping threads took: 0.0000098 seconds
[2019-12-09T02:26:27.102+0000][1][safepoint    ] Application time: 0.0004234 seconds
[2019-12-09T02:26:27.102+0000][1][safepoint    ] Entering safepoint region: RevokeBias
[2019-12-09T02:26:27.102+0000][1][safepoint    ] Leaving safepoint region
[2019-12-09T02:26:27.102+0000][1][safepoint    ] Total time for which application threads were stopped: 0.0000744 seconds, Stopping threads took: 0.0000096 seconds
[2019-12-09T02:26:27.102+0000][1][safepoint    ] Application time: 0.0001417 seconds
[2019-12-09T02:26:27.102+0000][1][safepoint    ] Entering safepoint region: RevokeBias
[2019-12-09T02:26:27.103+0000][1][safepoint    ] Leaving safepoint region
[2019-12-09T02:26:27.103+0000][1][safepoint    ] Total time for which application threads were stopped: 0.0000583 seconds, Stopping threads took: 0.0000090 seconds
[2019-12-09T02:26:27.103+0000][1][safepoint    ] Application time: 0.0002338 seconds
[2019-12-09T02:26:27.103+0000][1][safepoint    ] Entering safepoint region: RevokeBias
[2019-12-09T02:26:27.103+0000][1][safepoint    ] Leaving safepoint region
[2019-12-09T02:26:27.103+0000][1][safepoint    ] Total time for which application threads were stopped: 0.0000630 seconds, Stopping threads took: 0.0000094 seconds
[2019-12-09T02:26:27.104+0000][1][safepoint    ] Application time: 0.0014434 seconds
[2019-12-09T02:26:27.104+0000][1][safepoint    ] Entering safepoint region: RevokeBias
[2019-12-09T02:26:27.104+0000][1][safepoint    ] Leaving safepoint region
[2019-12-09T02:26:27.104+0000][1][safepoint    ] Total time for which application threads were stopped: 0.0000844 seconds, Stopping threads took: 0.0000113 seconds
[2019-12-09T02:26:27.141+0000][1][safepoint    ] Application time: 0.0363724 seconds
[2019-12-09T02:26:27.141+0000][1][safepoint    ] Entering safepoint region: RevokeBias
[2019-12-09T02:26:27.141+0000][1][safepoint    ] Leaving safepoint region
[2019-12-09T02:26:27.141+0000][1][safepoint    ] Total time for which application threads were stopped: 0.0001299 seconds, Stopping threads took: 0.0000162 seconds
[2019-12-09T02:26:27.142+0000][1][safepoint    ] Application time: 0.0011001 seconds
[2019-12-09T02:26:27.142+0000][1][safepoint    ] Entering safepoint region: RevokeBias
[2019-12-09T02:26:27.142+0000][1][safepoint    ] Leaving safepoint region
[2019-12-09T02:26:27.142+0000][1][safepoint    ] Total time for which application threads were stopped: 0.0000641 seconds, Stopping threads took: 0.0000124 seconds
[2019-12-09T02:26:27.142+0000][1][safepoint    ] Application time: 0.0000626 seconds
[2019-12-09T02:26:27.142+0000][1][safepoint    ] Entering safepoint region: RevokeBias
[2019-12-09T02:26:27.142+0000][1][safepoint    ] Leaving safepoint region
[2019-12-09T02:26:27.142+0000][1][safepoint    ] Total time for which application threads were stopped: 0.0000395 seconds, Stopping threads took: 0.0000088 seconds
[2019-12-09T02:26:27.142+0000][1][safepoint    ] Application time: 0.0000565 seconds
[2019-12-09T02:26:27.142+0000][1][safepoint    ] Entering safepoint region: RevokeBias
[2019-12-09T02:26:27.142+0000][1][safepoint    ] Leaving safepoint region
[2019-12-09T02:26:27.142+0000][1][safepoint    ] Total time for which application threads were stopped: 0.0000361 seconds, Stopping threads took: 0.0000083 seconds
[2019-12-09T02:26:27.142+0000][1][safepoint    ] Application time: 0.0000512 seconds
[2019-12-09T02:26:27.142+0000][1][safepoint    ] Entering safepoint region: RevokeBias
[2019-12-09T02:26:27.142+0000][1][safepoint    ] Leaving safepoint region
[2019-12-09T02:26:27.142+0000][1][safepoint    ] Total time for which application threads were stopped: 0.0000364 seconds, Stopping threads took: 0.0000081 seconds
[2019-12-09T02:26:27.143+0000][1][safepoint    ] Application time: 0.0000506 seconds
[2019-12-09T02:26:27.143+0000][1][safepoint    ] Entering safepoint region: RevokeBias
[2019-12-09T02:26:27.143+0000][1][safepoint    ] Leaving safepoint region
[2019-12-09T02:26:27.143+0000][1][safepoint    ] Total time for which application threads were stopped: 0.0000371 seconds, Stopping threads took: 0.0000082 seconds
[2019-12-09T02:26:27.143+0000][1][safepoint    ] Application time: 0.0000548 seconds
[2019-12-09T02:26:27.143+0000][1][safepoint    ] Entering safepoint region: RevokeBias
[2019-12-09T02:26:27.143+0000][1][safepoint    ] Leaving safepoint region
[2019-12-09T02:26:27.143+0000][1][safepoint    ] Total time for which application threads were stopped: 0.0000615 seconds, Stopping threads took: 0.0000078 seconds
[2019-12-09T02:26:27.143+0000][1][safepoint    ] Application time: 0.0000537 seconds
[2019-12-09T02:26:27.143+0000][1][safepoint    ] Entering safepoint region: RevokeBias
[2019-12-09T02:26:27.143+0000][1][safepoint    ] Leaving safepoint region
[2019-12-09T02:26:27.143+0000][1][safepoint    ] Total time for which application threads were stopped: 0.0000368 seconds, Stopping threads took: 0.0000082 seconds
[2019-12-09T02:26:27.143+0000][1][safepoint    ] Application time: 0.0000514 seconds
[2019-12-09T02:26:27.143+0000][1][safepoint    ] Entering safepoint region: RevokeBias
[2019-12-09T02:26:27.143+0000][1][safepoint    ] Leaving safepoint region
[2019-12-09T02:26:27.143+0000][1][safepoint    ] Total time for which application threads were stopped: 0.0000360 seconds, Stopping threads took: 0.0000081 seconds
[2019-12-09T02:26:27.143+0000][1][safepoint    ] Application time: 0.0000491 seconds
[2019-12-09T02:26:27.143+0000][1][safepoint    ] Entering safepoint region: RevokeBias
[2019-12-09T02:26:27.143+0000][1][safepoint    ] Leaving safepoint region
[2019-12-09T02:26:27.143+0000][1][safepoint    ] Total time for which application threads were stopped: 0.0000330 seconds, Stopping threads took: 0.0000071 seconds
[2019-12-09T02:26:27.143+0000][1][safepoint    ] Application time: 0.0000646 seconds
[2019-12-09T02:26:27.143+0000][1][safepoint    ] Entering safepoint region: RevokeBias
[2019-12-09T02:26:27.143+0000][1][safepoint    ] Leaving safepoint region
[2019-12-09T02:26:27.143+0000][1][safepoint    ] Total time for which application threads were stopped: 0.0000342 seconds, Stopping threads took: 0.0000077 seconds
[2019-12-09T02:26:27.143+0000][1][safepoint    ] Application time: 0.0000547 seconds
[2019-12-09T02:26:27.143+0000][1][safepoint    ] Entering safepoint region: RevokeBias
[2019-12-09T02:26:27.143+0000][1][safepoint    ] Leaving safepoint region
[2019-12-09T02:26:27.143+0000][1][safepoint    ] Total time for which application threads were stopped: 0.0000355 seconds, Stopping threads took: 0.0000080 seconds
[2019-12-09T02:26:27.143+0000][1][safepoint    ] Application time: 0.0000508 seconds
[2019-12-09T02:26:27.143+0000][1][safepoint    ] Entering safepoint region: RevokeBias
[2019-12-09T02:26:27.143+0000][1][safepoint    ] Leaving safepoint region
[2019-12-09T02:26:27.143+0000][1][safepoint    ] Total time for which application threads were stopped: 0.0000331 seconds, Stopping threads took: 0.0000071 seconds
[2019-12-09T02:26:27.143+0000][1][safepoint    ] Application time: 0.0000508 seconds
[2019-12-09T02:26:27.143+0000][1][safepoint    ] Entering safepoint region: RevokeBias
[2019-12-09T02:26:27.143+0000][1][safepoint    ] Leaving safepoint region
[2019-12-09T02:26:27.143+0000][1][safepoint    ] Total time for which application threads were stopped: 0.0000343 seconds, Stopping threads took: 0.0000074 seconds
[2019-12-09T02:26:27.144+0000][1][safepoint    ] Application time: 0.0000534 seconds
[2019-12-09T02:26:27.144+0000][1][safepoint    ] Entering safepoint region: RevokeBias
[2019-12-09T02:26:27.144+0000][1][safepoint    ] Leaving safepoint region
[2019-12-09T02:26:27.144+0000][1][safepoint    ] Total time for which application threads were stopped: 0.0000330 seconds, Stopping threads took: 0.0000074 seconds
[2019-12-09T02:26:27.144+0000][1][safepoint    ] Application time: 0.0000501 seconds
[2019-12-09T02:26:27.144+0000][1][safepoint    ] Entering safepoint region: RevokeBias
[2019-12-09T02:26:27.144+0000][1][safepoint    ] Leaving safepoint region
[2019-12-09T02:26:27.144+0000][1][safepoint    ] Total time for which application threads were stopped: 0.0000367 seconds, Stopping threads took: 0.0000069 seconds
[2019-12-09T02:26:27.144+0000][1][safepoint    ] Application time: 0.0000632 seconds
[2019-12-09T02:26:27.144+0000][1][safepoint    ] Entering safepoint region: RevokeBias
[2019-12-09T02:26:27.144+0000][1][safepoint    ] Leaving safepoint region
[2019-12-09T02:26:27.144+0000][1][safepoint    ] Total time for which application threads were stopped: 0.0000403 seconds, Stopping threads took: 0.0000079 seconds
[2019-12-09T02:26:27.144+0000][1][safepoint    ] Application time: 0.0000503 seconds
[2019-12-09T02:26:27.144+0000][1][safepoint    ] Entering safepoint region: RevokeBias
[2019-12-09T02:26:27.144+0000][1][safepoint    ] Leaving safepoint region
[2019-12-09T02:26:27.144+0000][1][safepoint    ] Total time for which application threads were stopped: 0.0000327 seconds, Stopping threads took: 0.0000070 seconds
[2019-12-09T02:26:27.144+0000][1][safepoint    ] Application time: 0.0000515 seconds
[2019-12-09T02:26:27.144+0000][1][safepoint    ] Entering safepoint region: RevokeBias
[2019-12-09T02:26:27.144+0000][1][safepoint    ] Leaving safepoint region
[2019-12-09T02:26:27.144+0000][1][safepoint    ] Total time for which application threads were stopped: 0.0000354 seconds, Stopping threads took: 0.0000074 seconds
[2019-12-09T02:26:27.144+0000][1][safepoint    ] Application time: 0.0000504 seconds
[2019-12-09T02:26:27.144+0000][1][safepoint    ] Entering safepoint region: RevokeBias
[2019-12-09T02:26:27.144+0000][1][safepoint    ] Leaving safepoint region
[2019-12-09T02:26:27.144+0000][1][safepoint    ] Total time for which application threads were stopped: 0.0000338 seconds, Stopping threads took: 0.0000075 seconds
[2019-12-09T02:26:27.144+0000][1][safepoint    ] Application time: 0.0000519 seconds
[2019-12-09T02:26:27.144+0000][1][safepoint    ] Entering safepoint region: BulkRevokeBias
[2019-12-09T02:26:27.144+0000][1][safepoint    ] Leaving safepoint region
[2019-12-09T02:26:27.144+0000][1][safepoint    ] Total time for which application threads were stopped: 0.0001164 seconds, Stopping threads took: 0.0000080 seconds
[2019-12-09T02:26:27.145+0000][1][safepoint    ] Application time: 0.0011296 seconds
[2019-12-09T02:26:27.145+0000][1][safepoint    ] Entering safepoint region: RevokeBias
[2019-12-09T02:26:27.145+0000][1][safepoint    ] Leaving safepoint region
[2019-12-09T02:26:27.145+0000][1][safepoint    ] Total time for which application threads were stopped: 0.0000564 seconds, Stopping threads took: 0.0000119 seconds
[2019-12-09T02:26:27.174+0000][1][safepoint    ] Application time: 0.0282780 seconds
[2019-12-09T02:26:27.188+0000][1][safepoint    ] Entering safepoint region: RevokeBias
[2019-12-09T02:26:27.188+0000][1][safepoint    ] Leaving safepoint region
[2019-12-09T02:26:27.188+0000][1][safepoint    ] Total time for which application threads were stopped: 0.0142529 seconds, Stopping threads took: 0.0141802 seconds
[2019-12-09T02:26:27.188+0000][1][safepoint    ] Application time: 0.0000649 seconds
[2019-12-09T02:26:27.188+0000][1][safepoint    ] Entering safepoint region: RevokeBias
[2019-12-09T02:26:27.188+0000][1][safepoint    ] Leaving safepoint region
[2019-12-09T02:26:27.188+0000][1][safepoint    ] Total time for which application threads were stopped: 0.0000447 seconds, Stopping threads took: 0.0000085 seconds
[2019-12-09T02:26:27.188+0000][1][safepoint    ] Application time: 0.0002487 seconds
[2019-12-09T02:26:27.188+0000][1][safepoint    ] Entering safepoint region: RevokeBias
[2019-12-09T02:26:27.188+0000][1][safepoint    ] Leaving safepoint region
[2019-12-09T02:26:27.188+0000][1][safepoint    ] Total time for which application threads were stopped: 0.0000538 seconds, Stopping threads took: 0.0000098 seconds
[2019-12-09T02:26:27.203+0000][1][safepoint    ] Application time: 0.0148442 seconds
[2019-12-09T02:26:27.203+0000][1][safepoint    ] Entering safepoint region: RevokeBias
[2019-12-09T02:26:27.203+0000][1][safepoint    ] Leaving safepoint region
[2019-12-09T02:26:27.203+0000][1][safepoint    ] Total time for which application threads were stopped: 0.0000481 seconds, Stopping threads took: 0.0000120 seconds
[2019-12-09T02:26:27.205+0000][1][safepoint    ] Application time: 0.0015695 seconds
[2019-12-09T02:26:27.205+0000][1][safepoint    ] Entering safepoint region: RevokeBias
[2019-12-09T02:26:27.205+0000][1][safepoint    ] Leaving safepoint region
[2019-12-09T02:26:27.205+0000][1][safepoint    ] Total time for which application threads were stopped: 0.0000516 seconds, Stopping threads took: 0.0000120 seconds
[2019-12-09T02:26:27.253+0000][1][safepoint    ] Application time: 0.0479098 seconds
[2019-12-09T02:26:27.307+0000][1][safepoint    ] Entering safepoint region: RevokeBias
[2019-12-09T02:26:27.307+0000][1][safepoint    ] Leaving safepoint region
[2019-12-09T02:26:27.307+0000][1][safepoint    ] Total time for which application threads were stopped: 0.0537759 seconds, Stopping threads took: 0.0537131 seconds
[2019-12-09T02:26:27.312+0000][1][safepoint    ] Application time: 0.0050316 seconds
[2019-12-09T02:26:27.312+0000][1][safepoint    ] Entering safepoint region: RevokeBias
[2019-12-09T02:26:27.312+0000][1][safepoint    ] Leaving safepoint region
[2019-12-09T02:26:27.312+0000][1][safepoint    ] Total time for which application threads were stopped: 0.0002693 seconds, Stopping threads took: 0.0001933 seconds
[2019-12-09T02:26:27.312+0000][1][safepoint    ] Application time: 0.0000598 seconds
[2019-12-09T02:26:27.312+0000][1][safepoint    ] Entering safepoint region: RevokeBias
[2019-12-09T02:26:27.312+0000][1][safepoint    ] Leaving safepoint region
[2019-12-09T02:26:27.312+0000][1][safepoint    ] Total time for which application threads were stopped: 0.0000313 seconds, Stopping threads took: 0.0000079 seconds
[2019-12-09T02:26:27.844+0000][1][safepoint    ] Application time: 0.5314570 seconds
[2019-12-09T02:26:27.844+0000][1][safepoint    ] Entering safepoint region: RevokeBias
[2019-12-09T02:26:27.844+0000][1][safepoint    ] Leaving safepoint region
[2019-12-09T02:26:27.844+0000][1][safepoint    ] Total time for which application threads were stopped: 0.0000885 seconds, Stopping threads took: 0.0000141 seconds
[2019-12-09T02:26:28.330+0000][1][safepoint    ] Application time: 0.4861117 seconds
[2019-12-09T02:26:28.382+0000][1][safepoint    ] Entering safepoint region: RevokeBias
[2019-12-09T02:26:28.382+0000][1][safepoint    ] Leaving safepoint region
[2019-12-09T02:26:28.382+0000][1][safepoint    ] Total time for which application threads were stopped: 0.0520036 seconds, Stopping threads took: 0.0519346 seconds
[2019-12-09T02:26:28.382+0000][1][safepoint    ] Application time: 0.0001054 seconds
[2019-12-09T02:26:28.382+0000][1][safepoint    ] Entering safepoint region: RevokeBias
[2019-12-09T02:26:28.382+0000][1][safepoint    ] Leaving safepoint region
[2019-12-09T02:26:28.382+0000][1][safepoint    ] Total time for which application threads were stopped: 0.0000472 seconds, Stopping threads took: 0.0000097 seconds
[2019-12-09T02:26:28.591+0000][1][safepoint    ] Application time: 0.2087214 seconds
[2019-12-09T02:26:28.591+0000][1][safepoint    ] Entering safepoint region: GenCollectForAllocation
[2019-12-09T02:26:28.591+0000][1][gc,start     ] GC(20) Pause Young (Allocation Failure)
[2019-12-09T02:26:28.591+0000][1][gc,task      ] GC(20) Using 2 workers of 2 for evacuation
[2019-12-09T02:26:28.697+0000][1][gc,age       ] GC(20) Desired survivor size 4456448 bytes, new threshold 2 (max threshold 6)
[2019-12-09T02:26:28.697+0000][1][gc,age       ] GC(20) Age table with threshold 2 (max threshold 6)
[2019-12-09T02:26:28.697+0000][1][gc,age       ] GC(20) - age   1:    2817608 bytes,    2817608 total
[2019-12-09T02:26:28.697+0000][1][gc,age       ] GC(20) - age   2:    2448920 bytes,    5266528 total
[2019-12-09T02:26:28.697+0000][1][gc,heap      ] GC(20) ParNew: 77162K->7364K(78656K)
[2019-12-09T02:26:28.697+0000][1][gc,heap      ] GC(20) CMS: 55024K->58161K(174784K)
[2019-12-09T02:26:28.697+0000][1][gc,metaspace ] GC(20) Metaspace: 48281K->48281K(1093632K)
[2019-12-09T02:26:28.697+0000][1][gc           ] GC(20) Pause Young (Allocation Failure) 129M->63M(247M) 106.417ms
[2019-12-09T02:26:28.697+0000][1][gc,cpu       ] GC(20) User=0.05s Sys=0.00s Real=0.11s
[2019-12-09T02:26:28.697+0000][1][safepoint    ] Leaving safepoint region
[2019-12-09T02:26:28.697+0000][1][safepoint    ] Total time for which application threads were stopped: 0.1065626 seconds, Stopping threads took: 0.0000151 seconds
[2019-12-09T02:26:28.850+0000][1][safepoint    ] Application time: 0.1525423 seconds
[2019-12-09T02:26:28.850+0000][1][safepoint    ] Entering safepoint region: RevokeBias
[2019-12-09T02:26:28.851+0000][1][safepoint    ] Leaving safepoint region
[2019-12-09T02:26:28.851+0000][1][safepoint    ] Total time for which application threads were stopped: 0.0004532 seconds, Stopping threads took: 0.0000154 seconds
[2019-12-09T02:26:28.932+0000][1][safepoint    ] Application time: 0.0816208 seconds
[2019-12-09T02:26:28.932+0000][1][safepoint    ] Entering safepoint region: RevokeBias
[2019-12-09T02:26:28.932+0000][1][safepoint    ] Leaving safepoint region
[2019-12-09T02:26:28.932+0000][1][safepoint    ] Total time for which application threads were stopped: 0.0000677 seconds, Stopping threads took: 0.0000153 seconds
[2019-12-09T02:26:29.273+0000][1][safepoint    ] Application time: 0.3404679 seconds
[2019-12-09T02:26:29.273+0000][1][safepoint    ] Entering safepoint region: RevokeBias
[2019-12-09T02:26:29.273+0000][1][safepoint    ] Leaving safepoint region
[2019-12-09T02:26:29.273+0000][1][safepoint    ] Total time for which application threads were stopped: 0.0000723 seconds, Stopping threads took: 0.0000145 seconds
[2019-12-09T02:26:29.274+0000][1][safepoint    ] Application time: 0.0012270 seconds
[2019-12-09T02:26:29.274+0000][1][safepoint    ] Entering safepoint region: RevokeBias
[2019-12-09T02:26:29.274+0000][1][safepoint    ] Leaving safepoint region
[2019-12-09T02:26:29.274+0000][1][safepoint    ] Total time for which application threads were stopped: 0.0000590 seconds, Stopping threads took: 0.0000133 seconds
[2019-12-09T02:26:29.289+0000][1][safepoint    ] Application time: 0.0144129 seconds
[2019-12-09T02:26:29.289+0000][1][safepoint    ] Entering safepoint region: RevokeBias
[2019-12-09T02:26:29.289+0000][1][safepoint    ] Leaving safepoint region
[2019-12-09T02:26:29.289+0000][1][safepoint    ] Total time for which application threads were stopped: 0.0000713 seconds, Stopping threads took: 0.0000128 seconds
[2019-12-09T02:26:29.299+0000][1][safepoint    ] Application time: 0.0099909 seconds
[2019-12-09T02:26:29.299+0000][1][safepoint    ] Entering safepoint region: RevokeBias
[2019-12-09T02:26:29.299+0000][1][safepoint    ] Leaving safepoint region
[2019-12-09T02:26:29.299+0000][1][safepoint    ] Total time for which application threads were stopped: 0.0000545 seconds, Stopping threads took: 0.0000135 seconds
[2019-12-09T02:26:29.315+0000][1][safepoint    ] Application time: 0.0166483 seconds
[2019-12-09T02:26:29.315+0000][1][safepoint    ] Entering safepoint region: RevokeBias
[2019-12-09T02:26:29.316+0000][1][safepoint    ] Leaving safepoint region
[2019-12-09T02:26:29.316+0000][1][safepoint    ] Total time for which application threads were stopped: 0.0000566 seconds, Stopping threads took: 0.0000140 seconds
[2019-12-09T02:26:29.351+0000][1][safepoint    ] Application time: 0.0354734 seconds
[2019-12-09T02:26:29.351+0000][1][safepoint    ] Entering safepoint region: RevokeBias
[2019-12-09T02:26:29.351+0000][1][safepoint    ] Leaving safepoint region
[2019-12-09T02:26:29.351+0000][1][safepoint    ] Total time for which application threads were stopped: 0.0000612 seconds, Stopping threads took: 0.0000138 seconds
[2019-12-09T02:26:29.411+0000][1][safepoint    ] Application time: 0.0597661 seconds
[2019-12-09T02:26:29.521+0000][1][safepoint    ] Entering safepoint region: RevokeBias
[2019-12-09T02:26:29.521+0000][1][safepoint    ] Leaving safepoint region
[2019-12-09T02:26:29.521+0000][1][safepoint    ] Total time for which application threads were stopped: 0.1099223 seconds, Stopping threads took: 0.1098489 seconds
[2019-12-09T02:26:29.521+0000][1][safepoint    ] Application time: 0.0001974 seconds
[2019-12-09T02:26:29.521+0000][1][safepoint    ] Entering safepoint region: RevokeBias
[2019-12-09T02:26:29.521+0000][1][safepoint    ] Leaving safepoint region
[2019-12-09T02:26:29.521+0000][1][safepoint    ] Total time for which application threads were stopped: 0.0000619 seconds, Stopping threads took: 0.0000133 seconds
[2019-12-09T02:26:29.569+0000][1][safepoint    ] Application time: 0.0475276 seconds
[2019-12-09T02:26:29.569+0000][1][safepoint    ] Entering safepoint region: RevokeBias
[2019-12-09T02:26:29.569+0000][1][safepoint    ] Leaving safepoint region
[2019-12-09T02:26:29.569+0000][1][safepoint    ] Total time for which application threads were stopped: 0.0000605 seconds, Stopping threads took: 0.0000144 seconds
[2019-12-09T02:26:30.546+0000][1][safepoint    ] Application time: 0.9772351 seconds
[2019-12-09T02:26:30.588+0000][1][safepoint    ] Entering safepoint region: RevokeBias
[2019-12-09T02:26:30.588+0000][1][safepoint    ] Leaving safepoint region
[2019-12-09T02:26:30.588+0000][1][safepoint    ] Total time for which application threads were stopped: 0.0422343 seconds, Stopping threads took: 0.0417441 seconds
[2019-12-09T02:26:31.172+0000][1][safepoint    ] Application time: 0.5833128 seconds
[2019-12-09T02:26:31.172+0000][1][safepoint    ] Entering safepoint region: RevokeBias
[2019-12-09T02:26:31.172+0000][1][safepoint    ] Leaving safepoint region
[2019-12-09T02:26:31.172+0000][1][safepoint    ] Total time for which application threads were stopped: 0.0001148 seconds, Stopping threads took: 0.0000163 seconds
[2019-12-09T02:26:32.185+0000][1][safepoint    ] Application time: 1.0131366 seconds
[2019-12-09T02:26:32.267+0000][1][safepoint    ] Entering safepoint region: Cleanup
[2019-12-09T02:26:32.267+0000][1][safepoint    ] Leaving safepoint region
[2019-12-09T02:26:32.267+0000][1][safepoint    ] Total time for which application threads were stopped: 0.0819200 seconds, Stopping threads took: 0.0818193 seconds
[2019-12-09T02:26:32.919+0000][1][safepoint    ] Application time: 0.6518446 seconds
[2019-12-09T02:26:32.919+0000][1][safepoint    ] Entering safepoint region: RevokeBias
[2019-12-09T02:26:32.919+0000][1][safepoint    ] Leaving safepoint region
[2019-12-09T02:26:32.919+0000][1][safepoint    ] Total time for which application threads were stopped: 0.0000782 seconds, Stopping threads took: 0.0000147 seconds
[2019-12-09T02:26:32.921+0000][1][safepoint    ] Application time: 0.0017716 seconds
[2019-12-09T02:26:32.921+0000][1][safepoint    ] Entering safepoint region: RevokeBias
[2019-12-09T02:26:32.921+0000][1][safepoint    ] Leaving safepoint region
[2019-12-09T02:26:32.921+0000][1][safepoint    ] Total time for which application threads were stopped: 0.0000824 seconds, Stopping threads took: 0.0000141 seconds
[2019-12-09T02:26:33.258+0000][1][safepoint    ] Application time: 0.3369940 seconds
[2019-12-09T02:26:33.258+0000][1][safepoint    ] Entering safepoint region: GenCollectForAllocation
[2019-12-09T02:26:33.258+0000][1][gc,start     ] GC(21) Pause Young (Allocation Failure)
[2019-12-09T02:26:33.258+0000][1][gc,task      ] GC(21) Using 2 workers of 2 for evacuation
[2019-12-09T02:26:33.461+0000][1][gc,age       ] GC(21) Desired survivor size 4456448 bytes, new threshold 6 (max threshold 6)
[2019-12-09T02:26:33.461+0000][1][gc,age       ] GC(21) Age table with threshold 6 (max threshold 6)
[2019-12-09T02:26:33.461+0000][1][gc,age       ] GC(21) - age   1:    1611448 bytes,    1611448 total
[2019-12-09T02:26:33.461+0000][1][gc,age       ] GC(21) - age   2:    2750440 bytes,    4361888 total
[2019-12-09T02:26:33.461+0000][1][gc,heap      ] GC(21) ParNew: 77316K->5084K(78656K)
[2019-12-09T02:26:33.461+0000][1][gc,heap      ] GC(21) CMS: 58161K->60617K(174784K)
[2019-12-09T02:26:33.461+0000][1][gc,metaspace ] GC(21) Metaspace: 55904K->55904K(1099776K)
[2019-12-09T02:26:33.461+0000][1][gc           ] GC(21) Pause Young (Allocation Failure) 132M->64M(247M) 203.232ms
[2019-12-09T02:26:33.461+0000][1][gc,cpu       ] GC(21) User=0.03s Sys=0.00s Real=0.20s
[2019-12-09T02:26:33.461+0000][1][safepoint    ] Leaving safepoint region
[2019-12-09T02:26:33.461+0000][1][safepoint    ] Total time for which application threads were stopped: 0.2033833 seconds, Stopping threads took: 0.0000161 seconds
[2019-12-09T02:26:34.497+0000][1][safepoint    ] Application time: 1.0356520 seconds
[2019-12-09T02:26:34.520+0000][1][safepoint    ] Entering safepoint region: Cleanup
[2019-12-09T02:26:34.520+0000][1][safepoint    ] Leaving safepoint region
[2019-12-09T02:26:34.520+0000][1][safepoint    ] Total time for which application threads were stopped: 0.0229828 seconds, Stopping threads took: 0.0229050 seconds
[2019-12-09T02:26:34.605+0000][1][safepoint    ] Application time: 0.0855358 seconds
[2019-12-09T02:26:34.605+0000][1][safepoint    ] Entering safepoint region: Deoptimize
[2019-12-09T02:26:34.606+0000][1][safepoint    ] Leaving safepoint region
[2019-12-09T02:26:34.606+0000][1][safepoint    ] Total time for which application threads were stopped: 0.0006160 seconds, Stopping threads took: 0.0000161 seconds
[2019-12-09T02:26:34.705+0000][1][safepoint    ] Application time: 0.0987033 seconds
[2019-12-09T02:26:34.705+0000][1][safepoint    ] Entering safepoint region: RevokeBias
[2019-12-09T02:26:34.705+0000][1][safepoint    ] Leaving safepoint region
[2019-12-09T02:26:34.705+0000][1][safepoint    ] Total time for which application threads were stopped: 0.0000873 seconds, Stopping threads took: 0.0000165 seconds
[2019-12-09T02:26:34.725+0000][1][safepoint    ] Application time: 0.0198413 seconds
[2019-12-09T02:26:34.725+0000][1][safepoint    ] Entering safepoint region: BulkRevokeBias
[2019-12-09T02:26:34.725+0000][1][safepoint    ] Leaving safepoint region
[2019-12-09T02:26:34.725+0000][1][safepoint    ] Total time for which application threads were stopped: 0.0002084 seconds, Stopping threads took: 0.0000157 seconds
[2019-12-09T02:26:35.445+0000][1][safepoint    ] Application time: 0.7199117 seconds
[2019-12-09T02:26:35.445+0000][1][safepoint    ] Entering safepoint region: RevokeBias
[2019-12-09T02:26:35.446+0000][1][safepoint    ] Leaving safepoint region
[2019-12-09T02:26:35.446+0000][1][safepoint    ] Total time for which application threads were stopped: 0.0012856 seconds, Stopping threads took: 0.0001579 seconds
[2019-12-09T02:26:35.446+0000][1][safepoint    ] Application time: 0.0000762 seconds
[2019-12-09T02:26:35.446+0000][1][safepoint    ] Entering safepoint region: RevokeBias
[2019-12-09T02:26:35.446+0000][1][safepoint    ] Leaving safepoint region
[2019-12-09T02:26:35.446+0000][1][safepoint    ] Total time for which application threads were stopped: 0.0000665 seconds, Stopping threads took: 0.0000093 seconds
[2019-12-09T02:26:35.447+0000][1][safepoint    ] Application time: 0.0001810 seconds
[2019-12-09T02:26:35.447+0000][1][safepoint    ] Entering safepoint region: RevokeBias
[2019-12-09T02:26:35.447+0000][1][safepoint    ] Leaving safepoint region
[2019-12-09T02:26:35.447+0000][1][safepoint    ] Total time for which application threads were stopped: 0.0000636 seconds, Stopping threads took: 0.0000097 seconds
[2019-12-09T02:26:36.458+0000][1][safepoint    ] Application time: 1.0110854 seconds
[2019-12-09T02:26:36.468+0000][1][safepoint    ] Entering safepoint region: Cleanup
[2019-12-09T02:26:36.468+0000][1][safepoint    ] Leaving safepoint region
[2019-12-09T02:26:36.468+0000][1][safepoint    ] Total time for which application threads were stopped: 0.0101082 seconds, Stopping threads took: 0.0100460 seconds
[2019-12-09T02:26:36.813+0000][1][safepoint    ] Application time: 0.3448716 seconds
[2019-12-09T02:26:36.813+0000][1][safepoint    ] Entering safepoint region: Deoptimize
[2019-12-09T02:26:36.813+0000][1][safepoint    ] Leaving safepoint region
[2019-12-09T02:26:36.813+0000][1][safepoint    ] Total time for which application threads were stopped: 0.0006749 seconds, Stopping threads took: 0.0000160 seconds
[2019-12-09T02:26:37.818+0000][1][safepoint    ] Application time: 1.0042462 seconds
[2019-12-09T02:26:37.825+0000][1][safepoint    ] Entering safepoint region: Cleanup
[2019-12-09T02:26:37.825+0000][1][safepoint    ] Leaving safepoint region
[2019-12-09T02:26:37.825+0000][1][safepoint    ] Total time for which application threads were stopped: 0.0070776 seconds, Stopping threads took: 0.0070017 seconds
[2019-12-09T02:26:38.826+0000][1][safepoint    ] Application time: 1.0009202 seconds
[2019-12-09T02:26:38.826+0000][1][safepoint    ] Entering safepoint region: Cleanup
[2019-12-09T02:26:38.826+0000][1][safepoint    ] Leaving safepoint region
[2019-12-09T02:26:38.826+0000][1][safepoint    ] Total time for which application threads were stopped: 0.0001113 seconds, Stopping threads took: 0.0000347 seconds
[2019-12-09T02:26:39.851+0000][1][safepoint    ] Application time: 1.0251248 seconds
[2019-12-09T02:26:39.851+0000][1][safepoint    ] Entering safepoint region: Cleanup
[2019-12-09T02:26:39.851+0000][1][safepoint    ] Leaving safepoint region
[2019-12-09T02:26:39.851+0000][1][safepoint    ] Total time for which application threads were stopped: 0.0002069 seconds, Stopping threads took: 0.0001471 seconds
[2019-12-09T02:26:40.670+0000][1][safepoint    ] Application time: 0.8183058 seconds
[2019-12-09T02:26:40.670+0000][1][safepoint    ] Entering safepoint region: BulkRevokeBias
[2019-12-09T02:26:40.670+0000][1][safepoint    ] Leaving safepoint region
[2019-12-09T02:26:40.670+0000][1][safepoint    ] Total time for which application threads were stopped: 0.0003845 seconds, Stopping threads took: 0.0000145 seconds
[2019-12-09T02:26:40.943+0000][1][safepoint    ] Application time: 0.2733019 seconds
[2019-12-09T02:26:40.943+0000][1][safepoint    ] Entering safepoint region: GenCollectForAllocation
[2019-12-09T02:26:40.943+0000][1][gc,start     ] GC(22) Pause Young (Allocation Failure)
[2019-12-09T02:26:40.943+0000][1][gc,task      ] GC(22) Using 2 workers of 2 for evacuation
[2019-12-09T02:26:41.136+0000][1][gc,age       ] GC(22) Desired survivor size 4456448 bytes, new threshold 2 (max threshold 6)
[2019-12-09T02:26:41.136+0000][1][gc,age       ] GC(22) Age table with threshold 2 (max threshold 6)
[2019-12-09T02:26:41.136+0000][1][gc,age       ] GC(22) - age   1:    3667624 bytes,    3667624 total
[2019-12-09T02:26:41.136+0000][1][gc,age       ] GC(22) - age   2:    1512504 bytes,    5180128 total
[2019-12-09T02:26:41.136+0000][1][gc,age       ] GC(22) - age   3:    2727536 bytes,    7907664 total
[2019-12-09T02:26:41.136+0000][1][gc,heap      ] GC(22) ParNew: 75036K->8704K(78656K)
[2019-12-09T02:26:41.136+0000][1][gc,heap      ] GC(22) CMS: 60617K->60617K(174784K)
[2019-12-09T02:26:41.136+0000][1][gc,metaspace ] GC(22) Metaspace: 63011K->63011K(1107968K)
[2019-12-09T02:26:41.136+0000][1][gc           ] GC(22) Pause Young (Allocation Failure) 132M->67M(247M) 192.412ms
[2019-12-09T02:26:41.136+0000][1][gc,cpu       ] GC(22) User=0.06s Sys=0.00s Real=0.20s
[2019-12-09T02:26:41.136+0000][1][safepoint    ] Leaving safepoint region
[2019-12-09T02:26:41.136+0000][1][safepoint    ] Total time for which application threads were stopped: 0.1925580 seconds, Stopping threads took: 0.0000152 seconds
[2019-12-09T02:26:41.602+0000][1][safepoint    ] Application time: 0.4663197 seconds
[2019-12-09T02:26:41.602+0000][1][safepoint    ] Entering safepoint region: RevokeBias
[2019-12-09T02:26:41.602+0000][1][safepoint    ] Leaving safepoint region
[2019-12-09T02:26:41.602+0000][1][safepoint    ] Total time for which application threads were stopped: 0.0001578 seconds, Stopping threads took: 0.0000149 seconds
[2019-12-09T02:26:41.602+0000][1][safepoint    ] Application time: 0.0000729 seconds
[2019-12-09T02:26:41.602+0000][1][safepoint    ] Entering safepoint region: RevokeBias
[2019-12-09T02:26:41.603+0000][1][safepoint    ] Leaving safepoint region
[2019-12-09T02:26:41.603+0000][1][safepoint    ] Total time for which application threads were stopped: 0.0001044 seconds, Stopping threads took: 0.0000093 seconds
[2019-12-09T02:26:41.603+0000][1][safepoint    ] Application time: 0.0000510 seconds
[2019-12-09T02:26:41.603+0000][1][safepoint    ] Entering safepoint region: RevokeBias
[2019-12-09T02:26:41.603+0000][1][safepoint    ] Leaving safepoint region
[2019-12-09T02:26:41.603+0000][1][safepoint    ] Total time for which application threads were stopped: 0.0001019 seconds, Stopping threads took: 0.0000073 seconds
[2019-12-09T02:26:41.603+0000][1][safepoint    ] Application time: 0.0000527 seconds
[2019-12-09T02:26:41.603+0000][1][safepoint    ] Entering safepoint region: RevokeBias
[2019-12-09T02:26:41.603+0000][1][safepoint    ] Leaving safepoint region
[2019-12-09T02:26:41.603+0000][1][safepoint    ] Total time for which application threads were stopped: 0.0000830 seconds, Stopping threads took: 0.0000130 seconds
[2019-12-09T02:26:41.603+0000][1][safepoint    ] Application time: 0.0000494 seconds
[2019-12-09T02:26:41.603+0000][1][safepoint    ] Entering safepoint region: RevokeBias
[2019-12-09T02:26:41.603+0000][1][safepoint    ] Leaving safepoint region
[2019-12-09T02:26:41.603+0000][1][safepoint    ] Total time for which application threads were stopped: 0.0000699 seconds, Stopping threads took: 0.0000070 seconds
[2019-12-09T02:26:41.603+0000][1][safepoint    ] Application time: 0.0000539 seconds
[2019-12-09T02:26:41.603+0000][1][safepoint    ] Entering safepoint region: RevokeBias
[2019-12-09T02:26:41.603+0000][1][safepoint    ] Leaving safepoint region
[2019-12-09T02:26:41.603+0000][1][safepoint    ] Total time for which application threads were stopped: 0.0000663 seconds, Stopping threads took: 0.0000068 seconds
[2019-12-09T02:26:41.603+0000][1][safepoint    ] Application time: 0.0000505 seconds
[2019-12-09T02:26:41.603+0000][1][safepoint    ] Entering safepoint region: RevokeBias
[2019-12-09T02:26:41.603+0000][1][safepoint    ] Leaving safepoint region
[2019-12-09T02:26:41.603+0000][1][safepoint    ] Total time for which application threads were stopped: 0.0000688 seconds, Stopping threads took: 0.0000070 seconds
[2019-12-09T02:26:41.603+0000][1][safepoint    ] Application time: 0.0000509 seconds
[2019-12-09T02:26:41.603+0000][1][safepoint    ] Entering safepoint region: RevokeBias
[2019-12-09T02:26:41.603+0000][1][safepoint    ] Leaving safepoint region
[2019-12-09T02:26:41.603+0000][1][safepoint    ] Total time for which application threads were stopped: 0.0000659 seconds, Stopping threads took: 0.0000069 seconds
[2019-12-09T02:26:41.781+0000][1][safepoint    ] Application time: 0.1772823 seconds
[2019-12-09T02:26:41.781+0000][1][safepoint    ] Entering safepoint region: Deoptimize
[2019-12-09T02:26:41.781+0000][1][safepoint    ] Leaving safepoint region
[2019-12-09T02:26:41.781+0000][1][safepoint    ] Total time for which application threads were stopped: 0.0006376 seconds, Stopping threads took: 0.0000150 seconds
[2019-12-09T02:26:41.815+0000][1][safepoint    ] Application time: 0.0334574 seconds
[2019-12-09T02:26:41.815+0000][1][safepoint    ] Entering safepoint region: RevokeBias
[2019-12-09T02:26:41.815+0000][1][safepoint    ] Leaving safepoint region
[2019-12-09T02:26:41.815+0000][1][safepoint    ] Total time for which application threads were stopped: 0.0000955 seconds, Stopping threads took: 0.0000130 seconds
[2019-12-09T02:26:41.815+0000][1][safepoint    ] Application time: 0.0004465 seconds
[2019-12-09T02:26:41.815+0000][1][safepoint    ] Entering safepoint region: RevokeBias
[2019-12-09T02:26:41.816+0000][1][safepoint    ] Leaving safepoint region
[2019-12-09T02:26:41.816+0000][1][safepoint    ] Total time for which application threads were stopped: 0.0000763 seconds, Stopping threads took: 0.0000116 seconds
[2019-12-09T02:26:41.816+0000][1][safepoint    ] Application time: 0.0008126 seconds
[2019-12-09T02:26:41.816+0000][1][safepoint    ] Entering safepoint region: RevokeBias
[2019-12-09T02:26:41.816+0000][1][safepoint    ] Leaving safepoint region
[2019-12-09T02:26:41.816+0000][1][safepoint    ] Total time for which application threads were stopped: 0.0000687 seconds, Stopping threads took: 0.0000117 seconds
[2019-12-09T02:26:41.817+0000][1][safepoint    ] Application time: 0.0004417 seconds
[2019-12-09T02:26:41.817+0000][1][safepoint    ] Entering safepoint region: RevokeBias
[2019-12-09T02:26:41.817+0000][1][safepoint    ] Leaving safepoint region
[2019-12-09T02:26:41.817+0000][1][safepoint    ] Total time for which application threads were stopped: 0.0000685 seconds, Stopping threads took: 0.0000107 seconds
[2019-12-09T02:26:41.817+0000][1][safepoint    ] Application time: 0.0000603 seconds
[2019-12-09T02:26:41.817+0000][1][safepoint    ] Entering safepoint region: RevokeBias
[2019-12-09T02:26:41.817+0000][1][safepoint    ] Leaving safepoint region
[2019-12-09T02:26:41.817+0000][1][safepoint    ] Total time for which application threads were stopped: 0.0000500 seconds, Stopping threads took: 0.0000080 seconds
[2019-12-09T02:26:41.817+0000][1][safepoint    ] Application time: 0.0003362 seconds
[2019-12-09T02:26:41.817+0000][1][safepoint    ] Entering safepoint region: RevokeBias
[2019-12-09T02:26:41.818+0000][1][safepoint    ] Leaving safepoint region
[2019-12-09T02:26:41.818+0000][1][safepoint    ] Total time for which application threads were stopped: 0.0000562 seconds, Stopping threads took: 0.0000096 seconds
[2019-12-09T02:26:41.818+0000][1][safepoint    ] Application time: 0.0002114 seconds
[2019-12-09T02:26:41.818+0000][1][safepoint    ] Entering safepoint region: RevokeBias
[2019-12-09T02:26:41.818+0000][1][safepoint    ] Leaving safepoint region
[2019-12-09T02:26:41.818+0000][1][safepoint    ] Total time for which application threads were stopped: 0.0000575 seconds, Stopping threads took: 0.0000093 seconds
[2019-12-09T02:26:41.818+0000][1][safepoint    ] Application time: 0.0000568 seconds
[2019-12-09T02:26:41.818+0000][1][safepoint    ] Entering safepoint region: RevokeBias
[2019-12-09T02:26:41.818+0000][1][safepoint    ] Leaving safepoint region
[2019-12-09T02:26:41.818+0000][1][safepoint    ] Total time for which application threads were stopped: 0.0000465 seconds, Stopping threads took: 0.0000079 seconds
[2019-12-09T02:26:41.819+0000][1][safepoint    ] Application time: 0.0005706 seconds
[2019-12-09T02:26:41.819+0000][1][safepoint    ] Entering safepoint region: RevokeBias
[2019-12-09T02:26:41.819+0000][1][safepoint    ] Leaving safepoint region
[2019-12-09T02:26:41.819+0000][1][safepoint    ] Total time for which application threads were stopped: 0.0000548 seconds, Stopping threads took: 0.0000099 seconds
[2019-12-09T02:26:41.820+0000][1][safepoint    ] Application time: 0.0011919 seconds
[2019-12-09T02:26:41.820+0000][1][safepoint    ] Entering safepoint region: RevokeBias
[2019-12-09T02:26:41.820+0000][1][safepoint    ] Leaving safepoint region
[2019-12-09T02:26:41.820+0000][1][safepoint    ] Total time for which application threads were stopped: 0.0000656 seconds, Stopping threads took: 0.0000110 seconds
[2019-12-09T02:26:41.820+0000][1][safepoint    ] Application time: 0.0000967 seconds
[2019-12-09T02:26:41.820+0000][1][safepoint    ] Entering safepoint region: RevokeBias
[2019-12-09T02:26:41.820+0000][1][safepoint    ] Leaving safepoint region
[2019-12-09T02:26:41.820+0000][1][safepoint    ] Total time for which application threads were stopped: 0.0000468 seconds, Stopping threads took: 0.0000082 seconds
[2019-12-09T02:26:41.878+0000][1][safepoint    ] Application time: 0.0576739 seconds
[2019-12-09T02:26:41.878+0000][1][safepoint    ] Entering safepoint region: Deoptimize
[2019-12-09T02:26:41.878+0000][1][safepoint    ] Leaving safepoint region
[2019-12-09T02:26:41.878+0000][1][safepoint    ] Total time for which application threads were stopped: 0.0006491 seconds, Stopping threads took: 0.0000443 seconds
[2019-12-09T02:26:42.019+0000][1][safepoint    ] Application time: 0.1406093 seconds
[2019-12-09T02:26:42.019+0000][1][safepoint    ] Entering safepoint region: RevokeBias
[2019-12-09T02:26:42.019+0000][1][safepoint    ] Leaving safepoint region
[2019-12-09T02:26:42.019+0000][1][safepoint    ] Total time for which application threads were stopped: 0.0001125 seconds, Stopping threads took: 0.0000151 seconds
[2019-12-09T02:26:42.223+0000][1][safepoint    ] Application time: 0.2037403 seconds
[2019-12-09T02:26:42.274+0000][1][safepoint    ] Entering safepoint region: RevokeBias
[2019-12-09T02:26:42.274+0000][1][safepoint    ] Leaving safepoint region
[2019-12-09T02:26:42.274+0000][1][safepoint    ] Total time for which application threads were stopped: 0.0513462 seconds, Stopping threads took: 0.0512466 seconds
[2019-12-09T02:26:42.279+0000][1][safepoint    ] Application time: 0.0043727 seconds
[2019-12-09T02:26:42.279+0000][1][safepoint    ] Entering safepoint region: RevokeBias
[2019-12-09T02:26:42.279+0000][1][safepoint    ] Leaving safepoint region
[2019-12-09T02:26:42.279+0000][1][safepoint    ] Total time for which application threads were stopped: 0.0001246 seconds, Stopping threads took: 0.0000131 seconds
[2019-12-09T02:26:42.282+0000][1][safepoint    ] Application time: 0.0029803 seconds
[2019-12-09T02:26:42.282+0000][1][safepoint    ] Entering safepoint region: RevokeBias
[2019-12-09T02:26:42.282+0000][1][safepoint    ] Leaving safepoint region
[2019-12-09T02:26:42.282+0000][1][safepoint    ] Total time for which application threads were stopped: 0.0004091 seconds, Stopping threads took: 0.0003400 seconds
[2019-12-09T02:26:42.282+0000][1][safepoint    ] Application time: 0.0001679 seconds
[2019-12-09T02:26:42.282+0000][1][safepoint    ] Entering safepoint region: RevokeBias
[2019-12-09T02:26:42.282+0000][1][safepoint    ] Leaving safepoint region
[2019-12-09T02:26:42.282+0000][1][safepoint    ] Total time for which application threads were stopped: 0.0000549 seconds, Stopping threads took: 0.0000093 seconds
[2019-12-09T02:26:42.298+0000][1][safepoint    ] Application time: 0.0151545 seconds
[2019-12-09T02:26:42.298+0000][1][safepoint    ] Entering safepoint region: RevokeBias
[2019-12-09T02:26:42.298+0000][1][safepoint    ] Leaving safepoint region
[2019-12-09T02:26:42.298+0000][1][safepoint    ] Total time for which application threads were stopped: 0.0005115 seconds, Stopping threads took: 0.0004735 seconds
[2019-12-09T02:26:42.298+0000][1][safepoint    ] Application time: 0.0001159 seconds
[2019-12-09T02:26:42.298+0000][1][safepoint    ] Entering safepoint region: RevokeBias
[2019-12-09T02:26:42.298+0000][1][safepoint    ] Leaving safepoint region
[2019-12-09T02:26:42.298+0000][1][safepoint    ] Total time for which application threads were stopped: 0.0000319 seconds, Stopping threads took: 0.0000079 seconds
[2019-12-09T02:26:42.298+0000][1][safepoint    ] Application time: 0.0000667 seconds
[2019-12-09T02:26:42.298+0000][1][safepoint    ] Entering safepoint region: RevokeBias
[2019-12-09T02:26:42.298+0000][1][safepoint    ] Leaving safepoint region
[2019-12-09T02:26:42.298+0000][1][safepoint    ] Total time for which application threads were stopped: 0.0000280 seconds, Stopping threads took: 0.0000072 seconds
[2019-12-09T02:26:42.299+0000][1][safepoint    ] Application time: 0.0010600 seconds
[2019-12-09T02:26:42.300+0000][1][safepoint    ] Entering safepoint region: RevokeBias
[2019-12-09T02:26:42.300+0000][1][safepoint    ] Leaving safepoint region
[2019-12-09T02:26:42.300+0000][1][safepoint    ] Total time for which application threads were stopped: 0.0000819 seconds, Stopping threads took: 0.0000114 seconds
[2019-12-09T02:26:42.300+0000][1][safepoint    ] Application time: 0.0000652 seconds
[2019-12-09T02:26:42.300+0000][1][safepoint    ] Entering safepoint region: RevokeBias
[2019-12-09T02:26:42.300+0000][1][safepoint    ] Leaving safepoint region
[2019-12-09T02:26:42.300+0000][1][safepoint    ] Total time for which application threads were stopped: 0.0000618 seconds, Stopping threads took: 0.0000092 seconds
[2019-12-09T02:26:42.300+0000][1][safepoint    ] Application time: 0.0002744 seconds
[2019-12-09T02:26:42.300+0000][1][safepoint    ] Entering safepoint region: RevokeBias
[2019-12-09T02:26:42.300+0000][1][safepoint    ] Leaving safepoint region
[2019-12-09T02:26:42.300+0000][1][safepoint    ] Total time for which application threads were stopped: 0.0000487 seconds, Stopping threads took: 0.0000101 seconds
[2019-12-09T02:26:42.300+0000][1][safepoint    ] Application time: 0.0000557 seconds
[2019-12-09T02:26:42.300+0000][1][safepoint    ] Entering safepoint region: RevokeBias
[2019-12-09T02:26:42.300+0000][1][safepoint    ] Leaving safepoint region
[2019-12-09T02:26:42.300+0000][1][safepoint    ] Total time for which application threads were stopped: 0.0000396 seconds, Stopping threads took: 0.0000086 seconds
[2019-12-09T02:26:42.300+0000][1][safepoint    ] Application time: 0.0000555 seconds
[2019-12-09T02:26:42.300+0000][1][safepoint    ] Entering safepoint region: RevokeBias
[2019-12-09T02:26:42.300+0000][1][safepoint    ] Leaving safepoint region
[2019-12-09T02:26:42.300+0000][1][safepoint    ] Total time for which application threads were stopped: 0.0000372 seconds, Stopping threads took: 0.0000080 seconds
[2019-12-09T02:26:42.334+0000][1][safepoint    ] Application time: 0.0341729 seconds
[2019-12-09T02:26:42.335+0000][1][safepoint    ] Entering safepoint region: RevokeBias
[2019-12-09T02:26:42.335+0000][1][safepoint    ] Leaving safepoint region
[2019-12-09T02:26:42.335+0000][1][safepoint    ] Total time for which application threads were stopped: 0.0000824 seconds, Stopping threads took: 0.0000154 seconds
[2019-12-09T02:26:42.358+0000][1][safepoint    ] Application time: 0.0231642 seconds
[2019-12-09T02:26:42.358+0000][1][safepoint    ] Entering safepoint region: RevokeBias
[2019-12-09T02:26:42.358+0000][1][safepoint    ] Leaving safepoint region
[2019-12-09T02:26:42.358+0000][1][safepoint    ] Total time for which application threads were stopped: 0.0001476 seconds, Stopping threads took: 0.0000809 seconds
[2019-12-09T02:26:42.399+0000][1][safepoint    ] Application time: 0.0410600 seconds
[2019-12-09T02:26:42.399+0000][1][safepoint    ] Entering safepoint region: RevokeBias
[2019-12-09T02:26:42.399+0000][1][safepoint    ] Leaving safepoint region
[2019-12-09T02:26:42.399+0000][1][safepoint    ] Total time for which application threads were stopped: 0.0003144 seconds, Stopping threads took: 0.0002316 seconds
[2019-12-09T02:26:42.491+0000][1][safepoint    ] Application time: 0.0918998 seconds
[2019-12-09T02:26:42.541+0000][1][safepoint    ] Entering safepoint region: RevokeBias
[2019-12-09T02:26:42.541+0000][1][safepoint    ] Leaving safepoint region
[2019-12-09T02:26:42.541+0000][1][safepoint    ] Total time for which application threads were stopped: 0.0497272 seconds, Stopping threads took: 0.0496164 seconds
[2019-12-09T02:26:42.541+0000][1][safepoint    ] Application time: 0.0002365 seconds
[2019-12-09T02:26:42.541+0000][1][safepoint    ] Entering safepoint region: RevokeBias
[2019-12-09T02:26:42.541+0000][1][safepoint    ] Leaving safepoint region
[2019-12-09T02:26:42.541+0000][1][safepoint    ] Total time for which application threads were stopped: 0.0000829 seconds, Stopping threads took: 0.0000118 seconds
[2019-12-09T02:26:42.542+0000][1][safepoint    ] Application time: 0.0005415 seconds
[2019-12-09T02:26:42.542+0000][1][safepoint    ] Entering safepoint region: RevokeBias
[2019-12-09T02:26:42.542+0000][1][safepoint    ] Leaving safepoint region
[2019-12-09T02:26:42.542+0000][1][safepoint    ] Total time for which application threads were stopped: 0.0000924 seconds, Stopping threads took: 0.0000141 seconds
[2019-12-09T02:26:42.542+0000][1][safepoint    ] Application time: 0.0003756 seconds
[2019-12-09T02:26:42.542+0000][1][safepoint    ] Entering safepoint region: RevokeBias
[2019-12-09T02:26:42.542+0000][1][safepoint    ] Leaving safepoint region
[2019-12-09T02:26:42.542+0000][1][safepoint    ] Total time for which application threads were stopped: 0.0000862 seconds, Stopping threads took: 0.0000135 seconds
[2019-12-09T02:26:42.543+0000][1][safepoint    ] Application time: 0.0002362 seconds
[2019-12-09T02:26:42.543+0000][1][safepoint    ] Entering safepoint region: RevokeBias
[2019-12-09T02:26:42.543+0000][1][safepoint    ] Leaving safepoint region
[2019-12-09T02:26:42.543+0000][1][safepoint    ] Total time for which application threads were stopped: 0.0000649 seconds, Stopping threads took: 0.0000101 seconds
[2019-12-09T02:26:42.545+0000][1][safepoint    ] Application time: 0.0022596 seconds
[2019-12-09T02:26:42.545+0000][1][safepoint    ] Entering safepoint region: RevokeBias
[2019-12-09T02:26:42.545+0000][1][safepoint    ] Leaving safepoint region
[2019-12-09T02:26:42.545+0000][1][safepoint    ] Total time for which application threads were stopped: 0.0001165 seconds, Stopping threads took: 0.0000670 seconds
[2019-12-09T02:26:42.546+0000][1][safepoint    ] Application time: 0.0002778 seconds
[2019-12-09T02:26:42.546+0000][1][safepoint    ] Entering safepoint region: RevokeBias
[2019-12-09T02:26:42.546+0000][1][safepoint    ] Leaving safepoint region
[2019-12-09T02:26:42.546+0000][1][safepoint    ] Total time for which application threads were stopped: 0.0000537 seconds, Stopping threads took: 0.0000094 seconds
[2019-12-09T02:26:42.546+0000][1][safepoint    ] Application time: 0.0001099 seconds
[2019-12-09T02:26:42.546+0000][1][safepoint    ] Entering safepoint region: RevokeBias
[2019-12-09T02:26:42.546+0000][1][safepoint    ] Leaving safepoint region
[2019-12-09T02:26:42.546+0000][1][safepoint    ] Total time for which application threads were stopped: 0.0000499 seconds, Stopping threads took: 0.0000089 seconds
[2019-12-09T02:26:42.546+0000][1][safepoint    ] Application time: 0.0000570 seconds
[2019-12-09T02:26:42.546+0000][1][safepoint    ] Entering safepoint region: RevokeBias
[2019-12-09T02:26:42.546+0000][1][safepoint    ] Leaving safepoint region
[2019-12-09T02:26:42.546+0000][1][safepoint    ] Total time for which application threads were stopped: 0.0000435 seconds, Stopping threads took: 0.0000083 seconds
[2019-12-09T02:26:42.547+0000][1][safepoint    ] Application time: 0.0006085 seconds
[2019-12-09T02:26:42.547+0000][1][safepoint    ] Entering safepoint region: RevokeBias
[2019-12-09T02:26:42.547+0000][1][safepoint    ] Leaving safepoint region
[2019-12-09T02:26:42.547+0000][1][safepoint    ] Total time for which application threads were stopped: 0.0000591 seconds, Stopping threads took: 0.0000114 seconds
[2019-12-09T02:26:42.547+0000][1][safepoint    ] Application time: 0.0002116 seconds
[2019-12-09T02:26:42.547+0000][1][safepoint    ] Entering safepoint region: RevokeBias
[2019-12-09T02:26:42.547+0000][1][safepoint    ] Leaving safepoint region
[2019-12-09T02:26:42.547+0000][1][safepoint    ] Total time for which application threads were stopped: 0.0000623 seconds, Stopping threads took: 0.0000099 seconds
[2019-12-09T02:26:42.547+0000][1][safepoint    ] Application time: 0.0000571 seconds
[2019-12-09T02:26:42.547+0000][1][safepoint    ] Entering safepoint region: RevokeBias
[2019-12-09T02:26:42.547+0000][1][safepoint    ] Leaving safepoint region
[2019-12-09T02:26:42.547+0000][1][safepoint    ] Total time for which application threads were stopped: 0.0000525 seconds, Stopping threads took: 0.0000086 seconds
[2019-12-09T02:26:42.547+0000][1][safepoint    ] Application time: 0.0001331 seconds
[2019-12-09T02:26:42.547+0000][1][safepoint    ] Entering safepoint region: RevokeBias
[2019-12-09T02:26:42.547+0000][1][safepoint    ] Leaving safepoint region
[2019-12-09T02:26:42.547+0000][1][safepoint    ] Total time for which application threads were stopped: 0.0000422 seconds, Stopping threads took: 0.0000083 seconds
[2019-12-09T02:26:42.547+0000][1][safepoint    ] Application time: 0.0001191 seconds
[2019-12-09T02:26:42.547+0000][1][safepoint    ] Entering safepoint region: RevokeBias
[2019-12-09T02:26:42.547+0000][1][safepoint    ] Leaving safepoint region
[2019-12-09T02:26:42.547+0000][1][safepoint    ] Total time for which application threads were stopped: 0.0000496 seconds, Stopping threads took: 0.0000086 seconds
[2019-12-09T02:26:42.547+0000][1][safepoint    ] Application time: 0.0000536 seconds
[2019-12-09T02:26:42.547+0000][1][safepoint    ] Entering safepoint region: RevokeBias
[2019-12-09T02:26:42.547+0000][1][safepoint    ] Leaving safepoint region
[2019-12-09T02:26:42.547+0000][1][safepoint    ] Total time for which application threads were stopped: 0.0000428 seconds, Stopping threads took: 0.0000083 seconds
[2019-12-09T02:26:42.548+0000][1][safepoint    ] Application time: 0.0001273 seconds
[2019-12-09T02:26:42.548+0000][1][safepoint    ] Entering safepoint region: RevokeBias
[2019-12-09T02:26:42.548+0000][1][safepoint    ] Leaving safepoint region
[2019-12-09T02:26:42.548+0000][1][safepoint    ] Total time for which application threads were stopped: 0.0000632 seconds, Stopping threads took: 0.0000089 seconds
[2019-12-09T02:26:42.548+0000][1][safepoint    ] Application time: 0.0002225 seconds
[2019-12-09T02:26:42.548+0000][1][safepoint    ] Entering safepoint region: RevokeBias
[2019-12-09T02:26:42.548+0000][1][safepoint    ] Leaving safepoint region
[2019-12-09T02:26:42.548+0000][1][safepoint    ] Total time for which application threads were stopped: 0.0000423 seconds, Stopping threads took: 0.0000097 seconds
[2019-12-09T02:26:42.548+0000][1][safepoint    ] Application time: 0.0001178 seconds
[2019-12-09T02:26:42.548+0000][1][safepoint    ] Entering safepoint region: BulkRevokeBias
[2019-12-09T02:26:42.548+0000][1][safepoint    ] Leaving safepoint region
[2019-12-09T02:26:42.548+0000][1][safepoint    ] Total time for which application threads were stopped: 0.0002564 seconds, Stopping threads took: 0.0000085 seconds
[2019-12-09T02:26:42.549+0000][1][safepoint    ] Application time: 0.0001341 seconds
[2019-12-09T02:26:42.549+0000][1][safepoint    ] Entering safepoint region: RevokeBias
[2019-12-09T02:26:42.549+0000][1][safepoint    ] Leaving safepoint region
[2019-12-09T02:26:42.549+0000][1][safepoint    ] Total time for which application threads were stopped: 0.0000553 seconds, Stopping threads took: 0.0000097 seconds
[2019-12-09T02:26:42.550+0000][1][safepoint    ] Application time: 0.0012812 seconds
[2019-12-09T02:26:42.550+0000][1][safepoint    ] Entering safepoint region: RevokeBias
[2019-12-09T02:26:42.550+0000][1][safepoint    ] Leaving safepoint region
[2019-12-09T02:26:42.550+0000][1][safepoint    ] Total time for which application threads were stopped: 0.0000591 seconds, Stopping threads took: 0.0000118 seconds
[2019-12-09T02:26:42.550+0000][1][safepoint    ] Application time: 0.0000604 seconds
[2019-12-09T02:26:42.550+0000][1][safepoint    ] Entering safepoint region: RevokeBias
[2019-12-09T02:26:42.550+0000][1][safepoint    ] Leaving safepoint region
[2019-12-09T02:26:42.550+0000][1][safepoint    ] Total time for which application threads were stopped: 0.0000453 seconds, Stopping threads took: 0.0000081 seconds
[2019-12-09T02:26:42.750+0000][1][safepoint    ] Application time: 0.1998422 seconds
[2019-12-09T02:26:42.862+0000][1][safepoint    ] Entering safepoint region: RevokeBias
[2019-12-09T02:26:42.862+0000][1][safepoint    ] Leaving safepoint region
[2019-12-09T02:26:42.862+0000][1][safepoint    ] Total time for which application threads were stopped: 0.1118593 seconds, Stopping threads took: 0.1117724 seconds
[2019-12-09T02:26:42.866+0000][1][safepoint    ] Application time: 0.0038804 seconds
[2019-12-09T02:26:42.866+0000][1][safepoint    ] Entering safepoint region: RevokeBias
[2019-12-09T02:26:42.866+0000][1][safepoint    ] Leaving safepoint region
[2019-12-09T02:26:42.866+0000][1][safepoint    ] Total time for which application threads were stopped: 0.0001604 seconds, Stopping threads took: 0.0000789 seconds
[2019-12-09T02:26:42.868+0000][1][safepoint    ] Application time: 0.0018011 seconds
[2019-12-09T02:26:42.872+0000][1][safepoint    ] Entering safepoint region: RevokeBias
[2019-12-09T02:26:42.872+0000][1][safepoint    ] Leaving safepoint region
[2019-12-09T02:26:42.872+0000][1][safepoint    ] Total time for which application threads were stopped: 0.0040844 seconds, Stopping threads took: 0.0040001 seconds
[2019-12-09T02:26:42.927+0000][1][safepoint    ] Application time: 0.0549092 seconds
[2019-12-09T02:26:42.927+0000][1][safepoint    ] Entering safepoint region: RevokeBias
[2019-12-09T02:26:42.927+0000][1][safepoint    ] Leaving safepoint region
[2019-12-09T02:26:42.927+0000][1][safepoint    ] Total time for which application threads were stopped: 0.0001058 seconds, Stopping threads took: 0.0000169 seconds
[2019-12-09T02:26:42.929+0000][1][safepoint    ] Application time: 0.0018528 seconds
[2019-12-09T02:26:42.929+0000][1][safepoint    ] Entering safepoint region: RevokeBias
[2019-12-09T02:26:42.929+0000][1][safepoint    ] Leaving safepoint region
[2019-12-09T02:26:42.929+0000][1][safepoint    ] Total time for which application threads were stopped: 0.0001045 seconds, Stopping threads took: 0.0000473 seconds
[2019-12-09T02:26:42.930+0000][1][safepoint    ] Application time: 0.0007175 seconds
[2019-12-09T02:26:42.930+0000][1][safepoint    ] Entering safepoint region: RevokeBias
[2019-12-09T02:26:42.930+0000][1][safepoint    ] Leaving safepoint region
[2019-12-09T02:26:42.930+0000][1][safepoint    ] Total time for which application threads were stopped: 0.0000716 seconds, Stopping threads took: 0.0000152 seconds
[2019-12-09T02:26:42.936+0000][1][safepoint    ] Application time: 0.0065965 seconds
[2019-12-09T02:26:42.971+0000][1][safepoint    ] Entering safepoint region: RevokeBias
[2019-12-09T02:26:42.971+0000][1][safepoint    ] Leaving safepoint region
[2019-12-09T02:26:42.971+0000][1][safepoint    ] Total time for which application threads were stopped: 0.0346108 seconds, Stopping threads took: 0.0345133 seconds
[2019-12-09T02:26:42.974+0000][1][safepoint    ] Application time: 0.0031812 seconds
[2019-12-09T02:26:42.974+0000][1][safepoint    ] Entering safepoint region: RevokeBias
[2019-12-09T02:26:42.974+0000][1][safepoint    ] Leaving safepoint region
[2019-12-09T02:26:42.974+0000][1][safepoint    ] Total time for which application threads were stopped: 0.0001221 seconds, Stopping threads took: 0.0000145 seconds
[2019-12-09T02:26:42.974+0000][1][safepoint    ] Application time: 0.0001518 seconds
[2019-12-09T02:26:42.974+0000][1][safepoint    ] Entering safepoint region: RevokeBias
[2019-12-09T02:26:42.974+0000][1][safepoint    ] Leaving safepoint region
[2019-12-09T02:26:42.975+0000][1][safepoint    ] Total time for which application threads were stopped: 0.0000639 seconds, Stopping threads took: 0.0000098 seconds
[2019-12-09T02:26:43.002+0000][1][safepoint    ] Application time: 0.0269883 seconds
[2019-12-09T02:26:43.025+0000][1][safepoint    ] Entering safepoint region: RevokeBias
[2019-12-09T02:26:43.025+0000][1][safepoint    ] Leaving safepoint region
[2019-12-09T02:26:43.025+0000][1][safepoint    ] Total time for which application threads were stopped: 0.0233687 seconds, Stopping threads took: 0.0232681 seconds
[2019-12-09T02:26:43.025+0000][1][safepoint    ] Application time: 0.0005180 seconds
[2019-12-09T02:26:43.025+0000][1][safepoint    ] Entering safepoint region: RevokeBias
[2019-12-09T02:26:43.026+0000][1][safepoint    ] Leaving safepoint region
[2019-12-09T02:26:43.026+0000][1][safepoint    ] Total time for which application threads were stopped: 0.0000843 seconds, Stopping threads took: 0.0000132 seconds
[2019-12-09T02:26:43.032+0000][1][safepoint    ] Application time: 0.0064676 seconds
[2019-12-09T02:26:43.035+0000][1][safepoint    ] Entering safepoint region: RevokeBias
[2019-12-09T02:26:43.035+0000][1][safepoint    ] Leaving safepoint region
[2019-12-09T02:26:43.035+0000][1][safepoint    ] Total time for which application threads were stopped: 0.0033133 seconds, Stopping threads took: 0.0032463 seconds
[2019-12-09T02:26:43.038+0000][1][safepoint    ] Application time: 0.0021586 seconds
[2019-12-09T02:26:43.038+0000][1][safepoint    ] Entering safepoint region: RevokeBias
[2019-12-09T02:26:43.038+0000][1][safepoint    ] Leaving safepoint region
[2019-12-09T02:26:43.038+0000][1][safepoint    ] Total time for which application threads were stopped: 0.0000860 seconds, Stopping threads took: 0.0000123 seconds
[2019-12-09T02:26:43.038+0000][1][safepoint    ] Application time: 0.0000836 seconds
[2019-12-09T02:26:43.038+0000][1][safepoint    ] Entering safepoint region: RevokeBias
[2019-12-09T02:26:43.038+0000][1][safepoint    ] Leaving safepoint region
[2019-12-09T02:26:43.038+0000][1][safepoint    ] Total time for which application threads were stopped: 0.0000891 seconds, Stopping threads took: 0.0000090 seconds
[2019-12-09T02:26:43.038+0000][1][safepoint    ] Application time: 0.0000539 seconds
[2019-12-09T02:26:43.038+0000][1][safepoint    ] Entering safepoint region: RevokeBias
[2019-12-09T02:26:43.038+0000][1][safepoint    ] Leaving safepoint region
[2019-12-09T02:26:43.038+0000][1][safepoint    ] Total time for which application threads were stopped: 0.0000543 seconds, Stopping threads took: 0.0000082 seconds
[2019-12-09T02:26:43.038+0000][1][safepoint    ] Application time: 0.0000952 seconds
[2019-12-09T02:26:43.038+0000][1][safepoint    ] Entering safepoint region: RevokeBias
[2019-12-09T02:26:43.038+0000][1][safepoint    ] Leaving safepoint region
[2019-12-09T02:26:43.038+0000][1][safepoint    ] Total time for which application threads were stopped: 0.0000562 seconds, Stopping threads took: 0.0000092 seconds
[2019-12-09T02:26:43.047+0000][1][safepoint    ] Application time: 0.0084153 seconds
[2019-12-09T02:26:43.047+0000][1][safepoint    ] Entering safepoint region: RevokeBias
[2019-12-09T02:26:43.047+0000][1][safepoint    ] Leaving safepoint region
[2019-12-09T02:26:43.047+0000][1][safepoint    ] Total time for which application threads were stopped: 0.0000765 seconds, Stopping threads took: 0.0000137 seconds
[2019-12-09T02:26:43.049+0000][1][safepoint    ] Application time: 0.0025759 seconds
[2019-12-09T02:26:43.049+0000][1][safepoint    ] Entering safepoint region: RevokeBias
[2019-12-09T02:26:43.049+0000][1][safepoint    ] Leaving safepoint region
[2019-12-09T02:26:43.049+0000][1][safepoint    ] Total time for which application threads were stopped: 0.0000676 seconds, Stopping threads took: 0.0000113 seconds
[2019-12-09T02:26:43.051+0000][1][safepoint    ] Application time: 0.0017512 seconds
[2019-12-09T02:26:43.051+0000][1][safepoint    ] Entering safepoint region: RevokeBias
[2019-12-09T02:26:43.051+0000][1][safepoint    ] Leaving safepoint region
[2019-12-09T02:26:43.051+0000][1][safepoint    ] Total time for which application threads were stopped: 0.0000737 seconds, Stopping threads took: 0.0000134 seconds
[2019-12-09T02:26:43.051+0000][1][safepoint    ] Application time: 0.0000952 seconds
[2019-12-09T02:26:43.051+0000][1][safepoint    ] Entering safepoint region: RevokeBias
[2019-12-09T02:26:43.051+0000][1][safepoint    ] Leaving safepoint region
[2019-12-09T02:26:43.051+0000][1][safepoint    ] Total time for which application threads were stopped: 0.0000607 seconds, Stopping threads took: 0.0000101 seconds
[2019-12-09T02:26:43.057+0000][1][safepoint    ] Application time: 0.0058959 seconds
[2019-12-09T02:26:43.075+0000][1][safepoint    ] Entering safepoint region: RevokeBias
[2019-12-09T02:26:43.075+0000][1][safepoint    ] Leaving safepoint region
[2019-12-09T02:26:43.075+0000][1][safepoint    ] Total time for which application threads were stopped: 0.0176549 seconds, Stopping threads took: 0.0175876 seconds
[2019-12-09T02:26:43.080+0000][1][safepoint    ] Application time: 0.0053392 seconds
[2019-12-09T02:26:43.080+0000][1][safepoint    ] Entering safepoint region: RevokeBias
[2019-12-09T02:26:43.080+0000][1][safepoint    ] Leaving safepoint region
[2019-12-09T02:26:43.080+0000][1][safepoint    ] Total time for which application threads were stopped: 0.0000853 seconds, Stopping threads took: 0.0000121 seconds
[2019-12-09T02:26:43.082+0000][1][safepoint    ] Application time: 0.0015120 seconds
[2019-12-09T02:26:43.082+0000][1][safepoint    ] Entering safepoint region: RevokeBias
[2019-12-09T02:26:43.082+0000][1][safepoint    ] Leaving safepoint region
[2019-12-09T02:26:43.082+0000][1][safepoint    ] Total time for which application threads were stopped: 0.0000730 seconds, Stopping threads took: 0.0000125 seconds
[2019-12-09T02:26:43.089+0000][1][safepoint    ] Application time: 0.0066988 seconds
[2019-12-09T02:26:43.089+0000][1][safepoint    ] Entering safepoint region: RevokeBias
[2019-12-09T02:26:43.089+0000][1][safepoint    ] Leaving safepoint region
[2019-12-09T02:26:43.089+0000][1][safepoint    ] Total time for which application threads were stopped: 0.0001814 seconds, Stopping threads took: 0.0001151 seconds
[2019-12-09T02:26:43.105+0000][1][safepoint    ] Application time: 0.0164860 seconds
[2019-12-09T02:26:43.126+0000][1][safepoint    ] Entering safepoint region: RevokeBias
[2019-12-09T02:26:43.126+0000][1][safepoint    ] Leaving safepoint region
[2019-12-09T02:26:43.126+0000][1][safepoint    ] Total time for which application threads were stopped: 0.0203051 seconds, Stopping threads took: 0.0202237 seconds
[2019-12-09T02:26:43.141+0000][1][safepoint    ] Application time: 0.0152770 seconds
[2019-12-09T02:26:43.161+0000][1][safepoint    ] Entering safepoint region: RevokeBias
[2019-12-09T02:26:43.161+0000][1][safepoint    ] Leaving safepoint region
[2019-12-09T02:26:43.161+0000][1][safepoint    ] Total time for which application threads were stopped: 0.0197910 seconds, Stopping threads took: 0.0197023 seconds
[2019-12-09T02:26:43.161+0000][1][safepoint    ] Application time: 0.0005042 seconds
[2019-12-09T02:26:43.161+0000][1][safepoint    ] Entering safepoint region: RevokeBias
[2019-12-09T02:26:43.161+0000][1][safepoint    ] Leaving safepoint region
[2019-12-09T02:26:43.161+0000][1][safepoint    ] Total time for which application threads were stopped: 0.0000869 seconds, Stopping threads took: 0.0000129 seconds
[2019-12-09T02:26:43.180+0000][1][safepoint    ] Application time: 0.0185961 seconds
[2019-12-09T02:26:43.301+0000][1][safepoint    ] Entering safepoint region: RevokeBias
[2019-12-09T02:26:43.301+0000][1][safepoint    ] Leaving safepoint region
[2019-12-09T02:26:43.301+0000][1][safepoint    ] Total time for which application threads were stopped: 0.1208388 seconds, Stopping threads took: 0.1207437 seconds
[2019-12-09T02:26:43.471+0000][1][safepoint    ] Application time: 0.1702688 seconds
[2019-12-09T02:26:43.474+0000][1][safepoint    ] Entering safepoint region: RevokeBias
[2019-12-09T02:26:43.474+0000][1][safepoint    ] Leaving safepoint region
[2019-12-09T02:26:43.474+0000][1][safepoint    ] Total time for which application threads were stopped: 0.0025936 seconds, Stopping threads took: 0.0025160 seconds
[2019-12-09T02:26:43.485+0000][1][safepoint    ] Application time: 0.0112970 seconds
[2019-12-09T02:26:43.485+0000][1][safepoint    ] Entering safepoint region: RevokeBias
[2019-12-09T02:26:43.485+0000][1][safepoint    ] Leaving safepoint region
[2019-12-09T02:26:43.485+0000][1][safepoint    ] Total time for which application threads were stopped: 0.0001737 seconds, Stopping threads took: 0.0000884 seconds
[2019-12-09T02:26:43.517+0000][1][safepoint    ] Application time: 0.0314333 seconds
[2019-12-09T02:26:43.532+0000][1][safepoint    ] Entering safepoint region: RevokeBias
[2019-12-09T02:26:43.532+0000][1][safepoint    ] Leaving safepoint region
[2019-12-09T02:26:43.532+0000][1][safepoint    ] Total time for which application threads were stopped: 0.0150643 seconds, Stopping threads took: 0.0149742 seconds
[2019-12-09T02:26:43.567+0000][1][safepoint    ] Application time: 0.0353756 seconds
[2019-12-09T02:26:43.567+0000][1][safepoint    ] Entering safepoint region: RevokeBias
[2019-12-09T02:26:43.567+0000][1][safepoint    ] Leaving safepoint region
[2019-12-09T02:26:43.567+0000][1][safepoint    ] Total time for which application threads were stopped: 0.0001306 seconds, Stopping threads took: 0.0000589 seconds
[2019-12-09T02:26:43.569+0000][1][safepoint    ] Application time: 0.0017019 seconds
[2019-12-09T02:26:43.569+0000][1][safepoint    ] Entering safepoint region: RevokeBias
[2019-12-09T02:26:43.569+0000][1][safepoint    ] Leaving safepoint region
[2019-12-09T02:26:43.569+0000][1][safepoint    ] Total time for which application threads were stopped: 0.0000691 seconds, Stopping threads took: 0.0000149 seconds
[2019-12-09T02:26:43.570+0000][1][safepoint    ] Application time: 0.0007441 seconds
[2019-12-09T02:26:43.570+0000][1][safepoint    ] Entering safepoint region: RevokeBias
[2019-12-09T02:26:43.570+0000][1][safepoint    ] Leaving safepoint region
[2019-12-09T02:26:43.570+0000][1][safepoint    ] Total time for which application threads were stopped: 0.0000613 seconds, Stopping threads took: 0.0000144 seconds
[2019-12-09T02:26:43.576+0000][1][safepoint    ] Application time: 0.0056594 seconds
[2019-12-09T02:26:43.611+0000][1][safepoint    ] Entering safepoint region: RevokeBias
[2019-12-09T02:26:43.611+0000][1][safepoint    ] Leaving safepoint region
[2019-12-09T02:26:43.611+0000][1][safepoint    ] Total time for which application threads were stopped: 0.0352032 seconds, Stopping threads took: 0.0351031 seconds
[2019-12-09T02:26:43.611+0000][1][safepoint    ] Application time: 0.0002090 seconds
[2019-12-09T02:26:43.611+0000][1][safepoint    ] Entering safepoint region: RevokeBias
[2019-12-09T02:26:43.611+0000][1][safepoint    ] Leaving safepoint region
[2019-12-09T02:26:43.611+0000][1][safepoint    ] Total time for which application threads were stopped: 0.0000988 seconds, Stopping threads took: 0.0000141 seconds
[2019-12-09T02:26:43.612+0000][1][safepoint    ] Application time: 0.0002834 seconds
[2019-12-09T02:26:43.612+0000][1][safepoint    ] Entering safepoint region: RevokeBias
[2019-12-09T02:26:43.612+0000][1][safepoint    ] Leaving safepoint region
[2019-12-09T02:26:43.612+0000][1][safepoint    ] Total time for which application threads were stopped: 0.0001032 seconds, Stopping threads took: 0.0000112 seconds
[2019-12-09T02:26:43.612+0000][1][safepoint    ] Application time: 0.0001531 seconds
[2019-12-09T02:26:43.612+0000][1][safepoint    ] Entering safepoint region: RevokeBias
[2019-12-09T02:26:43.612+0000][1][safepoint    ] Leaving safepoint region
[2019-12-09T02:26:43.612+0000][1][safepoint    ] Total time for which application threads were stopped: 0.0000834 seconds, Stopping threads took: 0.0000115 seconds
[2019-12-09T02:26:43.612+0000][1][safepoint    ] Application time: 0.0002209 seconds
[2019-12-09T02:26:43.612+0000][1][safepoint    ] Entering safepoint region: RevokeBias
[2019-12-09T02:26:43.612+0000][1][safepoint    ] Leaving safepoint region
[2019-12-09T02:26:43.612+0000][1][safepoint    ] Total time for which application threads were stopped: 0.0000806 seconds, Stopping threads took: 0.0000110 seconds
[2019-12-09T02:26:43.612+0000][1][safepoint    ] Application time: 0.0001325 seconds
[2019-12-09T02:26:43.612+0000][1][safepoint    ] Entering safepoint region: RevokeBias
[2019-12-09T02:26:43.613+0000][1][safepoint    ] Leaving safepoint region
[2019-12-09T02:26:43.613+0000][1][safepoint    ] Total time for which application threads were stopped: 0.0000778 seconds, Stopping threads took: 0.0000103 seconds
[2019-12-09T02:26:43.613+0000][1][safepoint    ] Application time: 0.0006227 seconds
[2019-12-09T02:26:43.613+0000][1][safepoint    ] Entering safepoint region: RevokeBias
[2019-12-09T02:26:43.613+0000][1][safepoint    ] Leaving safepoint region
[2019-12-09T02:26:43.613+0000][1][safepoint    ] Total time for which application threads were stopped: 0.0000957 seconds, Stopping threads took: 0.0000119 seconds
[2019-12-09T02:26:43.614+0000][1][safepoint    ] Application time: 0.0004381 seconds
[2019-12-09T02:26:43.614+0000][1][safepoint    ] Entering safepoint region: RevokeBias
[2019-12-09T02:26:43.614+0000][1][safepoint    ] Leaving safepoint region
[2019-12-09T02:26:43.614+0000][1][safepoint    ] Total time for which application threads were stopped: 0.0000885 seconds, Stopping threads took: 0.0000115 seconds
[2019-12-09T02:26:43.614+0000][1][safepoint    ] Application time: 0.0002620 seconds
[2019-12-09T02:26:43.614+0000][1][safepoint    ] Entering safepoint region: RevokeBias
[2019-12-09T02:26:43.614+0000][1][safepoint    ] Leaving safepoint region
[2019-12-09T02:26:43.614+0000][1][safepoint    ] Total time for which application threads were stopped: 0.0000833 seconds, Stopping threads took: 0.0000100 seconds
[2019-12-09T02:26:43.615+0000][1][safepoint    ] Application time: 0.0004078 seconds
[2019-12-09T02:26:43.615+0000][1][safepoint    ] Entering safepoint region: RevokeBias
[2019-12-09T02:26:43.615+0000][1][safepoint    ] Leaving safepoint region
[2019-12-09T02:26:43.615+0000][1][safepoint    ] Total time for which application threads were stopped: 0.0001063 seconds, Stopping threads took: 0.0000112 seconds
[2019-12-09T02:26:43.615+0000][1][safepoint    ] Application time: 0.0004640 seconds
[2019-12-09T02:26:43.615+0000][1][safepoint    ] Entering safepoint region: RevokeBias
[2019-12-09T02:26:43.615+0000][1][safepoint    ] Leaving safepoint region
[2019-12-09T02:26:43.615+0000][1][safepoint    ] Total time for which application threads were stopped: 0.0000905 seconds, Stopping threads took: 0.0000111 seconds
[2019-12-09T02:26:43.616+0000][1][safepoint    ] Application time: 0.0005322 seconds
[2019-12-09T02:26:43.616+0000][1][safepoint    ] Entering safepoint region: RevokeBias
[2019-12-09T02:26:43.616+0000][1][safepoint    ] Leaving safepoint region
[2019-12-09T02:26:43.616+0000][1][safepoint    ] Total time for which application threads were stopped: 0.0003584 seconds, Stopping threads took: 0.0000112 seconds
[2019-12-09T02:26:43.617+0000][1][safepoint    ] Application time: 0.0006842 seconds
[2019-12-09T02:26:43.617+0000][1][safepoint    ] Entering safepoint region: RevokeBias
[2019-12-09T02:26:43.617+0000][1][safepoint    ] Leaving safepoint region
[2019-12-09T02:26:43.617+0000][1][safepoint    ] Total time for which application threads were stopped: 0.0000895 seconds, Stopping threads took: 0.0000112 seconds
[2019-12-09T02:26:43.617+0000][1][safepoint    ] Application time: 0.0004118 seconds
[2019-12-09T02:26:43.617+0000][1][safepoint    ] Entering safepoint region: RevokeBias
[2019-12-09T02:26:43.618+0000][1][safepoint    ] Leaving safepoint region
[2019-12-09T02:26:43.618+0000][1][safepoint    ] Total time for which application threads were stopped: 0.0000860 seconds, Stopping threads took: 0.0000107 seconds
[2019-12-09T02:26:43.618+0000][1][safepoint    ] Application time: 0.0003617 seconds
[2019-12-09T02:26:43.618+0000][1][safepoint    ] Entering safepoint region: RevokeBias
[2019-12-09T02:26:43.618+0000][1][safepoint    ] Leaving safepoint region
[2019-12-09T02:26:43.618+0000][1][safepoint    ] Total time for which application threads were stopped: 0.0000839 seconds, Stopping threads took: 0.0000107 seconds
[2019-12-09T02:26:43.620+0000][1][safepoint    ] Application time: 0.0015433 seconds
[2019-12-09T02:26:43.620+0000][1][safepoint    ] Entering safepoint region: RevokeBias
[2019-12-09T02:26:43.620+0000][1][safepoint    ] Leaving safepoint region
[2019-12-09T02:26:43.620+0000][1][safepoint    ] Total time for which application threads were stopped: 0.0000697 seconds, Stopping threads took: 0.0000128 seconds
[2019-12-09T02:26:43.620+0000][1][safepoint    ] Application time: 0.0003830 seconds
[2019-12-09T02:26:43.620+0000][1][safepoint    ] Entering safepoint region: RevokeBias
[2019-12-09T02:26:43.620+0000][1][safepoint    ] Leaving safepoint region
[2019-12-09T02:26:43.620+0000][1][safepoint    ] Total time for which application threads were stopped: 0.0000657 seconds, Stopping threads took: 0.0000106 seconds
[2019-12-09T02:26:43.623+0000][1][safepoint    ] Application time: 0.0028138 seconds
[2019-12-09T02:26:43.623+0000][1][safepoint    ] Entering safepoint region: RevokeBias
[2019-12-09T02:26:43.623+0000][1][safepoint    ] Leaving safepoint region
[2019-12-09T02:26:43.623+0000][1][safepoint    ] Total time for which application threads were stopped: 0.0000666 seconds, Stopping threads took: 0.0000111 seconds
[2019-12-09T02:26:43.624+0000][1][safepoint    ] Application time: 0.0010306 seconds
[2019-12-09T02:26:43.624+0000][1][safepoint    ] Entering safepoint region: RevokeBias
[2019-12-09T02:26:43.624+0000][1][safepoint    ] Leaving safepoint region
[2019-12-09T02:26:43.624+0000][1][safepoint    ] Total time for which application threads were stopped: 0.0000542 seconds, Stopping threads took: 0.0000106 seconds
[2019-12-09T02:26:43.717+0000][1][safepoint    ] Application time: 0.0923679 seconds
[2019-12-09T02:26:43.717+0000][1][safepoint    ] Entering safepoint region: RevokeBias
[2019-12-09T02:26:43.717+0000][1][safepoint    ] Leaving safepoint region
[2019-12-09T02:26:43.717+0000][1][safepoint    ] Total time for which application threads were stopped: 0.0000885 seconds, Stopping threads took: 0.0000167 seconds
[2019-12-09T02:26:43.750+0000][1][safepoint    ] Application time: 0.0333249 seconds
[2019-12-09T02:26:43.750+0000][1][safepoint    ] Entering safepoint region: RevokeBias
[2019-12-09T02:26:43.750+0000][1][safepoint    ] Leaving safepoint region
[2019-12-09T02:26:43.750+0000][1][safepoint    ] Total time for which application threads were stopped: 0.0001105 seconds, Stopping threads took: 0.0000444 seconds
[2019-12-09T02:26:43.774+0000][1][safepoint    ] Application time: 0.0234276 seconds
[2019-12-09T02:26:43.774+0000][1][safepoint    ] Entering safepoint region: RevokeBias
[2019-12-09T02:26:43.774+0000][1][safepoint    ] Leaving safepoint region
[2019-12-09T02:26:43.774+0000][1][safepoint    ] Total time for which application threads were stopped: 0.0001027 seconds, Stopping threads took: 0.0000168 seconds
[2019-12-09T02:26:43.796+0000][1][safepoint    ] Application time: 0.0219543 seconds
[2019-12-09T02:26:43.796+0000][1][safepoint    ] Entering safepoint region: BulkRevokeBias
[2019-12-09T02:26:43.796+0000][1][safepoint    ] Leaving safepoint region
[2019-12-09T02:26:43.796+0000][1][safepoint    ] Total time for which application threads were stopped: 0.0003285 seconds, Stopping threads took: 0.0000171 seconds
[2019-12-09T02:26:43.797+0000][1][safepoint    ] Application time: 0.0005890 seconds
[2019-12-09T02:26:43.797+0000][1][safepoint    ] Entering safepoint region: RevokeBias
[2019-12-09T02:26:43.797+0000][1][safepoint    ] Leaving safepoint region
[2019-12-09T02:26:43.797+0000][1][safepoint    ] Total time for which application threads were stopped: 0.0000871 seconds, Stopping threads took: 0.0000130 seconds
[2019-12-09T02:26:43.830+0000][1][safepoint    ] Application time: 0.0336392 seconds
[2019-12-09T02:26:43.830+0000][1][safepoint    ] Entering safepoint region: RevokeBias
[2019-12-09T02:26:43.830+0000][1][safepoint    ] Leaving safepoint region
[2019-12-09T02:26:43.831+0000][1][safepoint    ] Total time for which application threads were stopped: 0.0000852 seconds, Stopping threads took: 0.0000161 seconds
[2019-12-09T02:26:43.831+0000][1][safepoint    ] Application time: 0.0005286 seconds
[2019-12-09T02:26:43.831+0000][1][safepoint    ] Entering safepoint region: RevokeBias
[2019-12-09T02:26:43.831+0000][1][safepoint    ] Leaving safepoint region
[2019-12-09T02:26:43.831+0000][1][safepoint    ] Total time for which application threads were stopped: 0.0000773 seconds, Stopping threads took: 0.0000141 seconds
[2019-12-09T02:26:43.831+0000][1][safepoint    ] Application time: 0.0003155 seconds
[2019-12-09T02:26:43.831+0000][1][safepoint    ] Entering safepoint region: RevokeBias
[2019-12-09T02:26:43.832+0000][1][safepoint    ] Leaving safepoint region
[2019-12-09T02:26:43.832+0000][1][safepoint    ] Total time for which application threads were stopped: 0.0000485 seconds, Stopping threads took: 0.0000098 seconds
[2019-12-09T02:26:43.834+0000][1][safepoint    ] Application time: 0.0023377 seconds
[2019-12-09T02:26:43.834+0000][1][safepoint    ] Entering safepoint region: RevokeBias
[2019-12-09T02:26:43.834+0000][1][safepoint    ] Leaving safepoint region
[2019-12-09T02:26:43.834+0000][1][safepoint    ] Total time for which application threads were stopped: 0.0000597 seconds, Stopping threads took: 0.0000122 seconds
[2019-12-09T02:26:43.871+0000][1][safepoint    ] Application time: 0.0367501 seconds
[2019-12-09T02:26:43.871+0000][1][safepoint    ] Entering safepoint region: RevokeBias
[2019-12-09T02:26:43.871+0000][1][safepoint    ] Leaving safepoint region
[2019-12-09T02:26:43.871+0000][1][safepoint    ] Total time for which application threads were stopped: 0.0000874 seconds, Stopping threads took: 0.0000160 seconds
[2019-12-09T02:26:43.881+0000][1][safepoint    ] Application time: 0.0099094 seconds
[2019-12-09T02:26:43.881+0000][1][safepoint    ] Entering safepoint region: RevokeBias
[2019-12-09T02:26:43.881+0000][1][safepoint    ] Leaving safepoint region
[2019-12-09T02:26:43.881+0000][1][safepoint    ] Total time for which application threads were stopped: 0.0000743 seconds, Stopping threads took: 0.0000141 seconds
[2019-12-09T02:26:43.884+0000][1][safepoint    ] Application time: 0.0029401 seconds
[2019-12-09T02:26:43.884+0000][1][safepoint    ] Entering safepoint region: RevokeBias
[2019-12-09T02:26:43.884+0000][1][safepoint    ] Leaving safepoint region
[2019-12-09T02:26:43.884+0000][1][safepoint    ] Total time for which application threads were stopped: 0.0000578 seconds, Stopping threads took: 0.0000121 seconds
[2019-12-09T02:26:43.966+0000][1][safepoint    ] Application time: 0.0818647 seconds
[2019-12-09T02:26:43.966+0000][1][safepoint    ] Entering safepoint region: RevokeBias
[2019-12-09T02:26:43.966+0000][1][safepoint    ] Leaving safepoint region
[2019-12-09T02:26:43.966+0000][1][safepoint    ] Total time for which application threads were stopped: 0.0000807 seconds, Stopping threads took: 0.0000190 seconds
[2019-12-09T02:26:43.966+0000][1][safepoint    ] Application time: 0.0003686 seconds
[2019-12-09T02:26:43.966+0000][1][safepoint    ] Entering safepoint region: RevokeBias
[2019-12-09T02:26:43.966+0000][1][safepoint    ] Leaving safepoint region
[2019-12-09T02:26:43.966+0000][1][safepoint    ] Total time for which application threads were stopped: 0.0000606 seconds, Stopping threads took: 0.0000130 seconds
[2019-12-09T02:26:44.393+0000][1][safepoint    ] Application time: 0.4268284 seconds
[2019-12-09T02:26:44.393+0000][1][safepoint    ] Entering safepoint region: RevokeBias
[2019-12-09T02:26:44.393+0000][1][safepoint    ] Leaving safepoint region
[2019-12-09T02:26:44.393+0000][1][safepoint    ] Total time for which application threads were stopped: 0.0000957 seconds, Stopping threads took: 0.0000189 seconds
[2019-12-09T02:26:44.394+0000][1][safepoint    ] Application time: 0.0003674 seconds
[2019-12-09T02:26:44.394+0000][1][safepoint    ] Entering safepoint region: RevokeBias
[2019-12-09T02:26:44.394+0000][1][safepoint    ] Leaving safepoint region
[2019-12-09T02:26:44.394+0000][1][safepoint    ] Total time for which application threads were stopped: 0.0000957 seconds, Stopping threads took: 0.0000151 seconds
[2019-12-09T02:26:44.417+0000][1][safepoint    ] Application time: 0.0231623 seconds
[2019-12-09T02:26:44.417+0000][1][safepoint    ] Entering safepoint region: RevokeBias
[2019-12-09T02:26:44.417+0000][1][safepoint    ] Leaving safepoint region
[2019-12-09T02:26:44.417+0000][1][safepoint    ] Total time for which application threads were stopped: 0.0000872 seconds, Stopping threads took: 0.0000147 seconds
[2019-12-09T02:26:44.420+0000][1][safepoint    ] Application time: 0.0024817 seconds
[2019-12-09T02:26:44.420+0000][1][safepoint    ] Entering safepoint region: RevokeBias
[2019-12-09T02:26:44.420+0000][1][safepoint    ] Leaving safepoint region
[2019-12-09T02:26:44.420+0000][1][safepoint    ] Total time for which application threads were stopped: 0.0000725 seconds, Stopping threads took: 0.0000124 seconds
[2019-12-09T02:26:44.420+0000][1][safepoint    ] Application time: 0.0003401 seconds
[2019-12-09T02:26:44.420+0000][1][safepoint    ] Entering safepoint region: RevokeBias
[2019-12-09T02:26:44.420+0000][1][safepoint    ] Leaving safepoint region
[2019-12-09T02:26:44.420+0000][1][safepoint    ] Total time for which application threads were stopped: 0.0000642 seconds, Stopping threads took: 0.0000115 seconds
[2019-12-09T02:26:44.420+0000][1][safepoint    ] Application time: 0.0003906 seconds
[2019-12-09T02:26:44.420+0000][1][safepoint    ] Entering safepoint region: BulkRevokeBias
[2019-12-09T02:26:44.421+0000][1][safepoint    ] Leaving safepoint region
[2019-12-09T02:26:44.421+0000][1][safepoint    ] Total time for which application threads were stopped: 0.0005526 seconds, Stopping threads took: 0.0000112 seconds
[2019-12-09T02:26:44.422+0000][1][safepoint    ] Application time: 0.0013997 seconds
[2019-12-09T02:26:44.422+0000][1][safepoint    ] Entering safepoint region: RevokeBias
[2019-12-09T02:26:44.422+0000][1][safepoint    ] Leaving safepoint region
[2019-12-09T02:26:44.423+0000][1][safepoint    ] Total time for which application threads were stopped: 0.0000627 seconds, Stopping threads took: 0.0000126 seconds
[2019-12-09T02:26:44.424+0000][1][safepoint    ] Application time: 0.0011776 seconds
[2019-12-09T02:26:44.424+0000][1][safepoint    ] Entering safepoint region: RevokeBias
[2019-12-09T02:26:44.424+0000][1][safepoint    ] Leaving safepoint region
[2019-12-09T02:26:44.424+0000][1][safepoint    ] Total time for which application threads were stopped: 0.0000531 seconds, Stopping threads took: 0.0000107 seconds
[2019-12-09T02:26:44.424+0000][1][safepoint    ] Application time: 0.0003569 seconds
[2019-12-09T02:26:44.424+0000][1][safepoint    ] Entering safepoint region: BulkRevokeBias
[2019-12-09T02:26:44.424+0000][1][safepoint    ] Leaving safepoint region
[2019-12-09T02:26:44.424+0000][1][safepoint    ] Total time for which application threads were stopped: 0.0002679 seconds, Stopping threads took: 0.0000114 seconds
[2019-12-09T02:26:44.451+0000][1][safepoint    ] Application time: 0.0261721 seconds
[2019-12-09T02:26:44.451+0000][1][safepoint    ] Entering safepoint region: RevokeBias
[2019-12-09T02:26:44.451+0000][1][safepoint    ] Leaving safepoint region
[2019-12-09T02:26:44.451+0000][1][safepoint    ] Total time for which application threads were stopped: 0.0000890 seconds, Stopping threads took: 0.0000152 seconds
[2019-12-09T02:26:44.462+0000][1][safepoint    ] Application time: 0.0110059 seconds
[2019-12-09T02:26:44.462+0000][1][safepoint    ] Entering safepoint region: RevokeBias
[2019-12-09T02:26:44.462+0000][1][safepoint    ] Leaving safepoint region
[2019-12-09T02:26:44.462+0000][1][safepoint    ] Total time for which application threads were stopped: 0.0000654 seconds, Stopping threads took: 0.0000152 seconds
[2019-12-09T02:26:44.463+0000][1][safepoint    ] Application time: 0.0008856 seconds
[2019-12-09T02:26:44.463+0000][1][safepoint    ] Entering safepoint region: RevokeBias
[2019-12-09T02:26:44.463+0000][1][safepoint    ] Leaving safepoint region
[2019-12-09T02:26:44.463+0000][1][safepoint    ] Total time for which application threads were stopped: 0.0000586 seconds, Stopping threads took: 0.0000133 seconds
[2019-12-09T02:26:44.497+0000][1][safepoint    ] Application time: 0.0346482 seconds
[2019-12-09T02:26:44.497+0000][1][safepoint    ] Entering safepoint region: RevokeBias
[2019-12-09T02:26:44.498+0000][1][safepoint    ] Leaving safepoint region
[2019-12-09T02:26:44.498+0000][1][safepoint    ] Total time for which application threads were stopped: 0.0000695 seconds, Stopping threads took: 0.0000151 seconds
[2019-12-09T02:26:45.135+0000][1][safepoint    ] Application time: 0.6375275 seconds
[2019-12-09T02:26:45.177+0000][1][safepoint    ] Entering safepoint region: RevokeBias
[2019-12-09T02:26:45.177+0000][1][safepoint    ] Leaving safepoint region
[2019-12-09T02:26:45.177+0000][1][safepoint    ] Total time for which application threads were stopped: 0.0417753 seconds, Stopping threads took: 0.0416589 seconds
[2019-12-09T02:26:45.182+0000][1][safepoint    ] Application time: 0.0048878 seconds
[2019-12-09T02:26:45.193+0000][1][safepoint    ] Entering safepoint region: RevokeBias
[2019-12-09T02:26:45.193+0000][1][safepoint    ] Leaving safepoint region
[2019-12-09T02:26:45.193+0000][1][safepoint    ] Total time for which application threads were stopped: 0.0109945 seconds, Stopping threads took: 0.0108964 seconds
[2019-12-09T02:26:45.194+0000][1][safepoint    ] Application time: 0.0011505 seconds
[2019-12-09T02:26:45.194+0000][1][safepoint    ] Entering safepoint region: RevokeBias
[2019-12-09T02:26:45.194+0000][1][safepoint    ] Leaving safepoint region
[2019-12-09T02:26:45.194+0000][1][safepoint    ] Total time for which application threads were stopped: 0.0000821 seconds, Stopping threads took: 0.0000128 seconds
[2019-12-09T02:26:45.194+0000][1][safepoint    ] Application time: 0.0002531 seconds
[2019-12-09T02:26:45.194+0000][1][safepoint    ] Entering safepoint region: RevokeBias
[2019-12-09T02:26:45.194+0000][1][safepoint    ] Leaving safepoint region
[2019-12-09T02:26:45.194+0000][1][safepoint    ] Total time for which application threads were stopped: 0.0000822 seconds, Stopping threads took: 0.0000110 seconds
[2019-12-09T02:26:45.195+0000][1][safepoint    ] Application time: 0.0003712 seconds
[2019-12-09T02:26:45.195+0000][1][safepoint    ] Entering safepoint region: RevokeBias
[2019-12-09T02:26:45.195+0000][1][safepoint    ] Leaving safepoint region
[2019-12-09T02:26:45.195+0000][1][safepoint    ] Total time for which application threads were stopped: 0.0000848 seconds, Stopping threads took: 0.0000133 seconds
[2019-12-09T02:26:45.196+0000][1][safepoint    ] Application time: 0.0014918 seconds
[2019-12-09T02:26:45.196+0000][1][safepoint    ] Entering safepoint region: RevokeBias
[2019-12-09T02:26:45.197+0000][1][safepoint    ] Leaving safepoint region
[2019-12-09T02:26:45.197+0000][1][safepoint    ] Total time for which application threads were stopped: 0.0000737 seconds, Stopping threads took: 0.0000144 seconds
[2019-12-09T02:26:45.197+0000][1][safepoint    ] Application time: 0.0002490 seconds
[2019-12-09T02:26:45.197+0000][1][safepoint    ] Entering safepoint region: RevokeBias
[2019-12-09T02:26:45.197+0000][1][safepoint    ] Leaving safepoint region
[2019-12-09T02:26:45.197+0000][1][safepoint    ] Total time for which application threads were stopped: 0.0000664 seconds, Stopping threads took: 0.0000117 seconds
[2019-12-09T02:26:45.197+0000][1][safepoint    ] Application time: 0.0003480 seconds
[2019-12-09T02:26:45.197+0000][1][safepoint    ] Entering safepoint region: RevokeBias
[2019-12-09T02:26:45.197+0000][1][safepoint    ] Leaving safepoint region
[2019-12-09T02:26:45.197+0000][1][safepoint    ] Total time for which application threads were stopped: 0.0000746 seconds, Stopping threads took: 0.0000134 seconds
[2019-12-09T02:26:45.198+0000][1][safepoint    ] Application time: 0.0002669 seconds
[2019-12-09T02:26:45.198+0000][1][safepoint    ] Entering safepoint region: BulkRevokeBias
[2019-12-09T02:26:45.198+0000][1][safepoint    ] Leaving safepoint region
[2019-12-09T02:26:45.198+0000][1][safepoint    ] Total time for which application threads were stopped: 0.0003168 seconds, Stopping threads took: 0.0000116 seconds
[2019-12-09T02:26:45.199+0000][1][safepoint    ] Application time: 0.0008260 seconds
[2019-12-09T02:26:45.199+0000][1][safepoint    ] Entering safepoint region: RevokeBias
[2019-12-09T02:26:45.199+0000][1][safepoint    ] Leaving safepoint region
[2019-12-09T02:26:45.199+0000][1][safepoint    ] Total time for which application threads were stopped: 0.0000843 seconds, Stopping threads took: 0.0000142 seconds
[2019-12-09T02:26:45.199+0000][1][safepoint    ] Application time: 0.0005956 seconds
[2019-12-09T02:26:45.199+0000][1][safepoint    ] Entering safepoint region: RevokeBias
[2019-12-09T02:26:45.200+0000][1][safepoint    ] Leaving safepoint region
[2019-12-09T02:26:45.200+0000][1][safepoint    ] Total time for which application threads were stopped: 0.0000710 seconds, Stopping threads took: 0.0000134 seconds
[2019-12-09T02:26:45.200+0000][1][safepoint    ] Application time: 0.0002123 seconds
[2019-12-09T02:26:45.200+0000][1][safepoint    ] Entering safepoint region: RevokeBias
[2019-12-09T02:26:45.200+0000][1][safepoint    ] Leaving safepoint region
[2019-12-09T02:26:45.200+0000][1][safepoint    ] Total time for which application threads were stopped: 0.0000676 seconds, Stopping threads took: 0.0000119 seconds
[2019-12-09T02:26:45.204+0000][1][safepoint    ] Application time: 0.0044183 seconds
[2019-12-09T02:26:45.204+0000][1][safepoint    ] Entering safepoint region: RevokeBias
[2019-12-09T02:26:45.204+0000][1][safepoint    ] Leaving safepoint region
[2019-12-09T02:26:45.204+0000][1][safepoint    ] Total time for which application threads were stopped: 0.0000684 seconds, Stopping threads took: 0.0000131 seconds
[2019-12-09T02:26:45.206+0000][1][safepoint    ] Application time: 0.0021079 seconds
[2019-12-09T02:26:45.207+0000][1][safepoint    ] Entering safepoint region: RevokeBias
[2019-12-09T02:26:45.207+0000][1][safepoint    ] Leaving safepoint region
[2019-12-09T02:26:45.207+0000][1][safepoint    ] Total time for which application threads were stopped: 0.0000825 seconds, Stopping threads took: 0.0000121 seconds
[2019-12-09T02:26:45.207+0000][1][safepoint    ] Application time: 0.0006478 seconds
[2019-12-09T02:26:45.207+0000][1][safepoint    ] Entering safepoint region: RevokeBias
[2019-12-09T02:26:45.207+0000][1][safepoint    ] Leaving safepoint region
[2019-12-09T02:26:45.207+0000][1][safepoint    ] Total time for which application threads were stopped: 0.0000690 seconds, Stopping threads took: 0.0000129 seconds
[2019-12-09T02:26:45.208+0000][1][safepoint    ] Application time: 0.0006462 seconds
[2019-12-09T02:26:45.208+0000][1][safepoint    ] Entering safepoint region: RevokeBias
[2019-12-09T02:26:45.208+0000][1][safepoint    ] Leaving safepoint region
[2019-12-09T02:26:45.208+0000][1][safepoint    ] Total time for which application threads were stopped: 0.0000685 seconds, Stopping threads took: 0.0000138 seconds
[2019-12-09T02:26:45.258+0000][1][safepoint    ] Application time: 0.0496308 seconds
[2019-12-09T02:26:45.258+0000][1][safepoint    ] Entering safepoint region: RevokeBias
[2019-12-09T02:26:45.258+0000][1][safepoint    ] Leaving safepoint region
[2019-12-09T02:26:45.258+0000][1][safepoint    ] Total time for which application threads were stopped: 0.0005523 seconds, Stopping threads took: 0.0000174 seconds
[2019-12-09T02:26:45.339+0000][1][safepoint    ] Application time: 0.0807480 seconds
[2019-12-09T02:26:45.352+0000][1][safepoint    ] Entering safepoint region: RevokeBias
[2019-12-09T02:26:45.352+0000][1][safepoint    ] Leaving safepoint region
[2019-12-09T02:26:45.352+0000][1][safepoint    ] Total time for which application threads were stopped: 0.0128079 seconds, Stopping threads took: 0.0126698 seconds
[2019-12-09T02:26:45.376+0000][1][safepoint    ] Application time: 0.0239541 seconds
[2019-12-09T02:26:45.376+0000][1][safepoint    ] Entering safepoint region: RevokeBias
[2019-12-09T02:26:45.376+0000][1][safepoint    ] Leaving safepoint region
[2019-12-09T02:26:45.376+0000][1][safepoint    ] Total time for which application threads were stopped: 0.0001741 seconds, Stopping threads took: 0.0000621 seconds
[2019-12-09T02:26:45.383+0000][1][safepoint    ] Application time: 0.0068312 seconds
[2019-12-09T02:26:45.383+0000][1][safepoint    ] Entering safepoint region: BulkRevokeBias
[2019-12-09T02:26:45.383+0000][1][safepoint    ] Leaving safepoint region
[2019-12-09T02:26:45.383+0000][1][safepoint    ] Total time for which application threads were stopped: 0.0004404 seconds, Stopping threads took: 0.0000582 seconds
[2019-12-09T02:26:45.432+0000][1][safepoint    ] Application time: 0.0482934 seconds
[2019-12-09T02:26:45.466+0000][1][safepoint    ] Entering safepoint region: RevokeBias
[2019-12-09T02:26:45.466+0000][1][safepoint    ] Leaving safepoint region
[2019-12-09T02:26:45.466+0000][1][safepoint    ] Total time for which application threads were stopped: 0.0341472 seconds, Stopping threads took: 0.0340553 seconds
[2019-12-09T02:26:45.493+0000][1][safepoint    ] Application time: 0.0268964 seconds
[2019-12-09T02:26:45.493+0000][1][safepoint    ] Entering safepoint region: RevokeBias
[2019-12-09T02:26:45.493+0000][1][safepoint    ] Leaving safepoint region
[2019-12-09T02:26:45.493+0000][1][safepoint    ] Total time for which application threads were stopped: 0.0000928 seconds, Stopping threads took: 0.0000170 seconds
[2019-12-09T02:26:45.668+0000][1][safepoint    ] Application time: 0.1748088 seconds
[2019-12-09T02:26:45.668+0000][1][safepoint    ] Entering safepoint region: RevokeBias
[2019-12-09T02:26:45.668+0000][1][safepoint    ] Leaving safepoint region
[2019-12-09T02:26:45.668+0000][1][safepoint    ] Total time for which application threads were stopped: 0.0001388 seconds, Stopping threads took: 0.0000482 seconds
[2019-12-09T02:26:45.668+0000][1][safepoint    ] Application time: 0.0002539 seconds
[2019-12-09T02:26:45.668+0000][1][safepoint    ] Entering safepoint region: RevokeBias
[2019-12-09T02:26:45.668+0000][1][safepoint    ] Leaving safepoint region
[2019-12-09T02:26:45.668+0000][1][safepoint    ] Total time for which application threads were stopped: 0.0000840 seconds, Stopping threads took: 0.0000117 seconds
[2019-12-09T02:26:45.738+0000][1][safepoint    ] Application time: 0.0698017 seconds
[2019-12-09T02:26:45.738+0000][1][safepoint    ] Entering safepoint region: RevokeBias
[2019-12-09T02:26:45.738+0000][1][safepoint    ] Leaving safepoint region
[2019-12-09T02:26:45.738+0000][1][safepoint    ] Total time for which application threads were stopped: 0.0001172 seconds, Stopping threads took: 0.0000199 seconds
[2019-12-09T02:26:45.739+0000][1][safepoint    ] Application time: 0.0003199 seconds
[2019-12-09T02:26:45.739+0000][1][safepoint    ] Entering safepoint region: RevokeBias
[2019-12-09T02:26:45.739+0000][1][safepoint    ] Leaving safepoint region
[2019-12-09T02:26:45.739+0000][1][safepoint    ] Total time for which application threads were stopped: 0.0000902 seconds, Stopping threads took: 0.0000172 seconds
[2019-12-09T02:26:45.739+0000][1][safepoint    ] Application time: 0.0000674 seconds
[2019-12-09T02:26:45.739+0000][1][safepoint    ] Entering safepoint region: RevokeBias
[2019-12-09T02:26:45.739+0000][1][safepoint    ] Leaving safepoint region
[2019-12-09T02:26:45.739+0000][1][safepoint    ] Total time for which application threads were stopped: 0.0000683 seconds, Stopping threads took: 0.0000106 seconds
[2019-12-09T02:26:45.739+0000][1][safepoint    ] Application time: 0.0001885 seconds
[2019-12-09T02:26:45.739+0000][1][safepoint    ] Entering safepoint region: RevokeBias
[2019-12-09T02:26:45.739+0000][1][safepoint    ] Leaving safepoint region
[2019-12-09T02:26:45.739+0000][1][safepoint    ] Total time for which application threads were stopped: 0.0000718 seconds, Stopping threads took: 0.0000147 seconds
[2019-12-09T02:26:45.792+0000][1][safepoint    ] Application time: 0.0526088 seconds
[2019-12-09T02:26:45.792+0000][1][safepoint    ] Entering safepoint region: RevokeBias
[2019-12-09T02:26:45.792+0000][1][safepoint    ] Leaving safepoint region
[2019-12-09T02:26:45.792+0000][1][safepoint    ] Total time for which application threads were stopped: 0.0001461 seconds, Stopping threads took: 0.0000616 seconds
[2019-12-09T02:26:45.799+0000][1][safepoint    ] Application time: 0.0070642 seconds
[2019-12-09T02:26:45.799+0000][1][safepoint    ] Entering safepoint region: RevokeBias
[2019-12-09T02:26:45.799+0000][1][safepoint    ] Leaving safepoint region
[2019-12-09T02:26:45.799+0000][1][safepoint    ] Total time for which application threads were stopped: 0.0000871 seconds, Stopping threads took: 0.0000157 seconds
[2019-12-09T02:26:45.901+0000][1][safepoint    ] Application time: 0.1018024 seconds
[2019-12-09T02:26:45.901+0000][1][safepoint    ] Entering safepoint region: RevokeBias
[2019-12-09T02:26:45.901+0000][1][safepoint    ] Leaving safepoint region
[2019-12-09T02:26:45.901+0000][1][safepoint    ] Total time for which application threads were stopped: 0.0001123 seconds, Stopping threads took: 0.0000179 seconds
[2019-12-09T02:26:45.901+0000][1][safepoint    ] Application time: 0.0000687 seconds
[2019-12-09T02:26:45.901+0000][1][safepoint    ] Entering safepoint region: RevokeBias
[2019-12-09T02:26:45.901+0000][1][safepoint    ] Leaving safepoint region
[2019-12-09T02:26:45.901+0000][1][safepoint    ] Total time for which application threads were stopped: 0.0000654 seconds, Stopping threads took: 0.0000090 seconds
[2019-12-09T02:26:46.432+0000][1][safepoint    ] Application time: 0.5306381 seconds
[2019-12-09T02:26:46.432+0000][1][safepoint    ] Entering safepoint region: Deoptimize
[2019-12-09T02:26:46.433+0000][1][safepoint    ] Leaving safepoint region
[2019-12-09T02:26:46.433+0000][1][safepoint    ] Total time for which application threads were stopped: 0.0007028 seconds, Stopping threads took: 0.0000195 seconds
[2019-12-09T02:26:46.838+0000][1][safepoint    ] Application time: 0.4052601 seconds
[2019-12-09T02:26:46.838+0000][1][safepoint    ] Entering safepoint region: RevokeBias
[2019-12-09T02:26:46.838+0000][1][safepoint    ] Leaving safepoint region
[2019-12-09T02:26:46.838+0000][1][safepoint    ] Total time for which application threads were stopped: 0.0001579 seconds, Stopping threads took: 0.0000188 seconds
[2019-12-09T02:26:46.838+0000][1][safepoint    ] Application time: 0.0000690 seconds
[2019-12-09T02:26:46.838+0000][1][safepoint    ] Entering safepoint region: RevokeBias
[2019-12-09T02:26:46.838+0000][1][safepoint    ] Leaving safepoint region
[2019-12-09T02:26:46.838+0000][1][safepoint    ] Total time for which application threads were stopped: 0.0000658 seconds, Stopping threads took: 0.0000101 seconds
[2019-12-09T02:26:46.930+0000][1][safepoint    ] Application time: 0.0917005 seconds
[2019-12-09T02:26:46.930+0000][1][safepoint    ] Entering safepoint region: RevokeBias
[2019-12-09T02:26:46.930+0000][1][safepoint    ] Leaving safepoint region
[2019-12-09T02:26:46.930+0000][1][safepoint    ] Total time for which application threads were stopped: 0.0001092 seconds, Stopping threads took: 0.0000187 seconds
[2019-12-09T02:26:46.930+0000][1][safepoint    ] Application time: 0.0000843 seconds
[2019-12-09T02:26:46.930+0000][1][safepoint    ] Entering safepoint region: BulkRevokeBias
[2019-12-09T02:26:46.930+0000][1][safepoint    ] Leaving safepoint region
[2019-12-09T02:26:46.930+0000][1][safepoint    ] Total time for which application threads were stopped: 0.0003539 seconds, Stopping threads took: 0.0000101 seconds
[2019-12-09T02:26:46.931+0000][1][safepoint    ] Application time: 0.0000688 seconds
[2019-12-09T02:26:46.931+0000][1][safepoint    ] Entering safepoint region: BulkRevokeBias
[2019-12-09T02:26:46.931+0000][1][safepoint    ] Leaving safepoint region
[2019-12-09T02:26:46.931+0000][1][safepoint    ] Total time for which application threads were stopped: 0.0003690 seconds, Stopping threads took: 0.0000112 seconds
[2019-12-09T02:26:46.931+0000][1][safepoint    ] Application time: 0.0002970 seconds
[2019-12-09T02:26:46.931+0000][1][safepoint    ] Entering safepoint region: RevokeBias
[2019-12-09T02:26:46.931+0000][1][safepoint    ] Leaving safepoint region
[2019-12-09T02:26:46.931+0000][1][safepoint    ] Total time for which application threads were stopped: 0.0000730 seconds, Stopping threads took: 0.0000129 seconds
[2019-12-09T02:26:46.944+0000][1][safepoint    ] Application time: 0.0128946 seconds
[2019-12-09T02:26:46.944+0000][1][safepoint    ] Entering safepoint region: RevokeBias
[2019-12-09T02:26:46.944+0000][1][safepoint    ] Leaving safepoint region
[2019-12-09T02:26:46.944+0000][1][safepoint    ] Total time for which application threads were stopped: 0.0000674 seconds, Stopping threads took: 0.0000145 seconds
[2019-12-09T02:26:46.955+0000][1][safepoint    ] Application time: 0.0104303 seconds
[2019-12-09T02:26:46.955+0000][1][safepoint    ] Entering safepoint region: RevokeBias
[2019-12-09T02:26:46.955+0000][1][safepoint    ] Leaving safepoint region
[2019-12-09T02:26:46.955+0000][1][safepoint    ] Total time for which application threads were stopped: 0.0000682 seconds, Stopping threads took: 0.0000132 seconds
[2019-12-09T02:26:47.268+0000][1][safepoint    ] Application time: 0.3126727 seconds
[2019-12-09T02:26:47.268+0000][1][safepoint    ] Entering safepoint region: RevokeBias
[2019-12-09T02:26:47.268+0000][1][safepoint    ] Leaving safepoint region
[2019-12-09T02:26:47.268+0000][1][safepoint    ] Total time for which application threads were stopped: 0.0001541 seconds, Stopping threads took: 0.0000193 seconds
[2019-12-09T02:26:47.268+0000][1][safepoint    ] Application time: 0.0002821 seconds
[2019-12-09T02:26:47.268+0000][1][safepoint    ] Entering safepoint region: RevokeBias
[2019-12-09T02:26:47.268+0000][1][safepoint    ] Leaving safepoint region
[2019-12-09T02:26:47.268+0000][1][safepoint    ] Total time for which application threads were stopped: 0.0000829 seconds, Stopping threads took: 0.0000138 seconds
[2019-12-09T02:26:47.329+0000][1][safepoint    ] Application time: 0.0612758 seconds
[2019-12-09T02:26:47.329+0000][1][safepoint    ] Entering safepoint region: RevokeBias
[2019-12-09T02:26:47.330+0000][1][safepoint    ] Leaving safepoint region
[2019-12-09T02:26:47.330+0000][1][safepoint    ] Total time for which application threads were stopped: 0.0001064 seconds, Stopping threads took: 0.0000200 seconds
[2019-12-09T02:26:47.368+0000][1][safepoint    ] Application time: 0.0381842 seconds
[2019-12-09T02:26:47.368+0000][1][safepoint    ] Entering safepoint region: RevokeBias
[2019-12-09T02:26:47.368+0000][1][safepoint    ] Leaving safepoint region
[2019-12-09T02:26:47.368+0000][1][safepoint    ] Total time for which application threads were stopped: 0.0001003 seconds, Stopping threads took: 0.0000180 seconds
[2019-12-09T02:26:47.368+0000][1][safepoint    ] Application time: 0.0000576 seconds
[2019-12-09T02:26:47.368+0000][1][safepoint    ] Entering safepoint region: RevokeBias
[2019-12-09T02:26:47.368+0000][1][safepoint    ] Leaving safepoint region
[2019-12-09T02:26:47.368+0000][1][safepoint    ] Total time for which application threads were stopped: 0.0000453 seconds, Stopping threads took: 0.0000082 seconds
[2019-12-09T02:26:47.368+0000][1][safepoint    ] Application time: 0.0000457 seconds
[2019-12-09T02:26:47.368+0000][1][safepoint    ] Entering safepoint region: RevokeBias
[2019-12-09T02:26:47.368+0000][1][safepoint    ] Leaving safepoint region
[2019-12-09T02:26:47.368+0000][1][safepoint    ] Total time for which application threads were stopped: 0.0000403 seconds, Stopping threads took: 0.0000075 seconds
[2019-12-09T02:26:47.368+0000][1][safepoint    ] Application time: 0.0000440 seconds
[2019-12-09T02:26:47.368+0000][1][safepoint    ] Entering safepoint region: RevokeBias
[2019-12-09T02:26:47.368+0000][1][safepoint    ] Leaving safepoint region
[2019-12-09T02:26:47.368+0000][1][safepoint    ] Total time for which application threads were stopped: 0.0000407 seconds, Stopping threads took: 0.0000075 seconds
[2019-12-09T02:26:47.368+0000][1][safepoint    ] Application time: 0.0000444 seconds
[2019-12-09T02:26:47.368+0000][1][safepoint    ] Entering safepoint region: RevokeBias
[2019-12-09T02:26:47.368+0000][1][safepoint    ] Leaving safepoint region
[2019-12-09T02:26:47.368+0000][1][safepoint    ] Total time for which application threads were stopped: 0.0000402 seconds, Stopping threads took: 0.0000074 seconds
[2019-12-09T02:26:47.368+0000][1][safepoint    ] Application time: 0.0000444 seconds
[2019-12-09T02:26:47.368+0000][1][safepoint    ] Entering safepoint region: RevokeBias
[2019-12-09T02:26:47.368+0000][1][safepoint    ] Leaving safepoint region
[2019-12-09T02:26:47.368+0000][1][safepoint    ] Total time for which application threads were stopped: 0.0000403 seconds, Stopping threads took: 0.0000077 seconds
[2019-12-09T02:26:47.368+0000][1][safepoint    ] Application time: 0.0000437 seconds
[2019-12-09T02:26:47.368+0000][1][safepoint    ] Entering safepoint region: RevokeBias
[2019-12-09T02:26:47.368+0000][1][safepoint    ] Leaving safepoint region
[2019-12-09T02:26:47.368+0000][1][safepoint    ] Total time for which application threads were stopped: 0.0000409 seconds, Stopping threads took: 0.0000075 seconds
[2019-12-09T02:26:47.698+0000][1][safepoint    ] Application time: 0.3294269 seconds
[2019-12-09T02:26:47.698+0000][1][safepoint    ] Entering safepoint region: RevokeBias
[2019-12-09T02:26:47.698+0000][1][safepoint    ] Leaving safepoint region
[2019-12-09T02:26:47.698+0000][1][safepoint    ] Total time for which application threads were stopped: 0.0001078 seconds, Stopping threads took: 0.0000202 seconds
[2019-12-09T02:26:47.717+0000][1][safepoint    ] Application time: 0.0192306 seconds
[2019-12-09T02:26:47.717+0000][1][safepoint    ] Entering safepoint region: RevokeBias
[2019-12-09T02:26:47.717+0000][1][safepoint    ] Leaving safepoint region
[2019-12-09T02:26:47.717+0000][1][safepoint    ] Total time for which application threads were stopped: 0.0001073 seconds, Stopping threads took: 0.0000167 seconds
[2019-12-09T02:26:47.718+0000][1][safepoint    ] Application time: 0.0000509 seconds
[2019-12-09T02:26:47.718+0000][1][safepoint    ] Entering safepoint region: RevokeBias
[2019-12-09T02:26:47.718+0000][1][safepoint    ] Leaving safepoint region
[2019-12-09T02:26:47.718+0000][1][safepoint    ] Total time for which application threads were stopped: 0.0000556 seconds, Stopping threads took: 0.0000086 seconds
[2019-12-09T02:26:47.718+0000][1][safepoint    ] Application time: 0.0000503 seconds
[2019-12-09T02:26:47.718+0000][1][safepoint    ] Entering safepoint region: RevokeBias
[2019-12-09T02:26:47.718+0000][1][safepoint    ] Leaving safepoint region
[2019-12-09T02:26:47.718+0000][1][safepoint    ] Total time for which application threads were stopped: 0.0000838 seconds, Stopping threads took: 0.0000091 seconds
[2019-12-09T02:26:47.719+0000][1][safepoint    ] Application time: 0.0008128 seconds
[2019-12-09T02:26:47.719+0000][1][safepoint    ] Entering safepoint region: RevokeBias
[2019-12-09T02:26:47.719+0000][1][safepoint    ] Leaving safepoint region
[2019-12-09T02:26:47.719+0000][1][safepoint    ] Total time for which application threads were stopped: 0.0000794 seconds, Stopping threads took: 0.0000141 seconds
[2019-12-09T02:26:47.719+0000][1][safepoint    ] Application time: 0.0001466 seconds
[2019-12-09T02:26:47.719+0000][1][safepoint    ] Entering safepoint region: RevokeBias
[2019-12-09T02:26:47.719+0000][1][safepoint    ] Leaving safepoint region
[2019-12-09T02:26:47.719+0000][1][safepoint    ] Total time for which application threads were stopped: 0.0000601 seconds, Stopping threads took: 0.0000100 seconds
[2019-12-09T02:26:47.822+0000][1][safepoint    ] Application time: 0.1034455 seconds
[2019-12-09T02:26:47.822+0000][1][safepoint    ] Entering safepoint region: RevokeBias
[2019-12-09T02:26:47.822+0000][1][safepoint    ] Leaving safepoint region
[2019-12-09T02:26:47.822+0000][1][safepoint    ] Total time for which application threads were stopped: 0.0001120 seconds, Stopping threads took: 0.0000207 seconds
[2019-12-09T02:26:47.828+0000][1][safepoint    ] Application time: 0.0056253 seconds
[2019-12-09T02:26:47.828+0000][1][safepoint    ] Entering safepoint region: RevokeBias
[2019-12-09T02:26:47.828+0000][1][safepoint    ] Leaving safepoint region
[2019-12-09T02:26:47.828+0000][1][safepoint    ] Total time for which application threads were stopped: 0.0000956 seconds, Stopping threads took: 0.0000184 seconds
[2019-12-09T02:26:48.235+0000][1][safepoint    ] Application time: 0.4065768 seconds
[2019-12-09T02:26:48.235+0000][1][safepoint    ] Entering safepoint region: RevokeBias
[2019-12-09T02:26:48.235+0000][1][safepoint    ] Leaving safepoint region
[2019-12-09T02:26:48.235+0000][1][safepoint    ] Total time for which application threads were stopped: 0.0001017 seconds, Stopping threads took: 0.0000207 seconds
[2019-12-09T02:26:48.235+0000][1][safepoint    ] Application time: 0.0001357 seconds
[2019-12-09T02:26:48.235+0000][1][safepoint    ] Entering safepoint region: RevokeBias
[2019-12-09T02:26:48.235+0000][1][safepoint    ] Leaving safepoint region
[2019-12-09T02:26:48.235+0000][1][safepoint    ] Total time for which application threads were stopped: 0.0000531 seconds, Stopping threads took: 0.0000100 seconds
[2019-12-09T02:26:48.237+0000][1][safepoint    ] Application time: 0.0014750 seconds
[2019-12-09T02:26:48.237+0000][1][safepoint    ] Entering safepoint region: RevokeBias
[2019-12-09T02:26:48.237+0000][1][safepoint    ] Leaving safepoint region
[2019-12-09T02:26:48.237+0000][1][safepoint    ] Total time for which application threads were stopped: 0.0000785 seconds, Stopping threads took: 0.0000146 seconds
[2019-12-09T02:26:49.269+0000][1][safepoint    ] Application time: 1.0319745 seconds
[2019-12-09T02:26:49.294+0000][1][safepoint    ] Entering safepoint region: Cleanup
[2019-12-09T02:26:49.294+0000][1][safepoint    ] Leaving safepoint region
[2019-12-09T02:26:49.294+0000][1][safepoint    ] Total time for which application threads were stopped: 0.0250884 seconds, Stopping threads took: 0.0249990 seconds
[2019-12-09T02:26:50.305+0000][1][safepoint    ] Application time: 1.0108397 seconds
[2019-12-09T02:26:50.305+0000][1][safepoint    ] Entering safepoint region: Cleanup
[2019-12-09T02:26:50.305+0000][1][safepoint    ] Leaving safepoint region
[2019-12-09T02:26:50.305+0000][1][safepoint    ] Total time for which application threads were stopped: 0.0001051 seconds, Stopping threads took: 0.0000236 seconds
[2019-12-09T02:26:51.317+0000][1][safepoint    ] Application time: 1.0118654 seconds
[2019-12-09T02:26:51.317+0000][1][safepoint    ] Entering safepoint region: Cleanup
[2019-12-09T02:26:51.317+0000][1][safepoint    ] Leaving safepoint region
[2019-12-09T02:26:51.317+0000][1][safepoint    ] Total time for which application threads were stopped: 0.0000871 seconds, Stopping threads took: 0.0000220 seconds
[2019-12-09T02:26:52.319+0000][1][safepoint    ] Application time: 1.0018578 seconds
[2019-12-09T02:26:52.319+0000][1][safepoint    ] Entering safepoint region: Cleanup
[2019-12-09T02:26:52.319+0000][1][safepoint    ] Leaving safepoint region
[2019-12-09T02:26:52.319+0000][1][safepoint    ] Total time for which application threads were stopped: 0.0001055 seconds, Stopping threads took: 0.0000284 seconds
[2019-12-09T02:26:53.321+0000][1][safepoint    ] Application time: 1.0018466 seconds
[2019-12-09T02:26:53.321+0000][1][safepoint    ] Entering safepoint region: Cleanup
[2019-12-09T02:26:53.321+0000][1][safepoint    ] Leaving safepoint region
[2019-12-09T02:26:53.321+0000][1][safepoint    ] Total time for which application threads were stopped: 0.0001065 seconds, Stopping threads took: 0.0000244 seconds
[2019-12-09T02:26:54.324+0000][1][safepoint    ] Application time: 1.0028509 seconds
[2019-12-09T02:26:54.324+0000][1][safepoint    ] Entering safepoint region: Cleanup
[2019-12-09T02:26:54.324+0000][1][safepoint    ] Leaving safepoint region
[2019-12-09T02:26:54.324+0000][1][safepoint    ] Total time for which application threads were stopped: 0.0001045 seconds, Stopping threads took: 0.0000231 seconds
[2019-12-09T02:26:55.326+0000][1][safepoint    ] Application time: 1.0018243 seconds
[2019-12-09T02:26:55.326+0000][1][safepoint    ] Entering safepoint region: Cleanup
[2019-12-09T02:26:55.326+0000][1][safepoint    ] Leaving safepoint region
[2019-12-09T02:26:55.326+0000][1][safepoint    ] Total time for which application threads were stopped: 0.0001018 seconds, Stopping threads took: 0.0000250 seconds
[2019-12-09T02:26:56.329+0000][1][safepoint    ] Application time: 1.0028390 seconds
[2019-12-09T02:26:56.329+0000][1][safepoint    ] Entering safepoint region: Cleanup
[2019-12-09T02:26:56.329+0000][1][safepoint    ] Leaving safepoint region
[2019-12-09T02:26:56.329+0000][1][safepoint    ] Total time for which application threads were stopped: 0.0000988 seconds, Stopping threads took: 0.0000222 seconds
[2019-12-09T02:26:57.331+0000][1][safepoint    ] Application time: 1.0018400 seconds
[2019-12-09T02:26:57.331+0000][1][safepoint    ] Entering safepoint region: Cleanup
[2019-12-09T02:26:57.331+0000][1][safepoint    ] Leaving safepoint region
[2019-12-09T02:26:57.331+0000][1][safepoint    ] Total time for which application threads were stopped: 0.0001070 seconds, Stopping threads took: 0.0000240 seconds
[2019-12-09T02:26:58.331+0000][1][safepoint    ] Application time: 1.0000818 seconds
[2019-12-09T02:26:58.331+0000][1][safepoint    ] Entering safepoint region: Cleanup
[2019-12-09T02:26:58.331+0000][1][safepoint    ] Leaving safepoint region
[2019-12-09T02:26:58.331+0000][1][safepoint    ] Total time for which application threads were stopped: 0.0000947 seconds, Stopping threads took: 0.0000207 seconds
[2019-12-09T02:26:59.332+0000][1][safepoint    ] Application time: 1.0006180 seconds
[2019-12-09T02:26:59.332+0000][1][safepoint    ] Entering safepoint region: Cleanup
[2019-12-09T02:26:59.332+0000][1][safepoint    ] Leaving safepoint region
[2019-12-09T02:26:59.332+0000][1][safepoint    ] Total time for which application threads were stopped: 0.0001057 seconds, Stopping threads took: 0.0000335 seconds
[2019-12-09T02:27:00.336+0000][1][safepoint    ] Application time: 1.0038422 seconds
[2019-12-09T02:27:00.336+0000][1][safepoint    ] Entering safepoint region: Cleanup
[2019-12-09T02:27:00.336+0000][1][safepoint    ] Leaving safepoint region
[2019-12-09T02:27:00.336+0000][1][safepoint    ] Total time for which application threads were stopped: 0.0001031 seconds, Stopping threads took: 0.0000228 seconds
[2019-12-09T02:27:01.338+0000][1][safepoint    ] Application time: 1.0018438 seconds
[2019-12-09T02:27:01.338+0000][1][safepoint    ] Entering safepoint region: Cleanup
[2019-12-09T02:27:01.338+0000][1][safepoint    ] Leaving safepoint region
[2019-12-09T02:27:01.338+0000][1][safepoint    ] Total time for which application threads were stopped: 0.0000968 seconds, Stopping threads took: 0.0000218 seconds
[2019-12-09T02:27:02.338+0000][1][safepoint    ] Application time: 1.0000856 seconds
[2019-12-09T02:27:02.338+0000][1][safepoint    ] Entering safepoint region: Cleanup
[2019-12-09T02:27:02.338+0000][1][safepoint    ] Leaving safepoint region
[2019-12-09T02:27:02.338+0000][1][safepoint    ] Total time for which application threads were stopped: 0.0001025 seconds, Stopping threads took: 0.0000221 seconds
[2019-12-09T02:27:03.339+0000][1][safepoint    ] Application time: 1.0006265 seconds
[2019-12-09T02:27:03.339+0000][1][safepoint    ] Entering safepoint region: Cleanup
[2019-12-09T02:27:03.339+0000][1][safepoint    ] Leaving safepoint region
[2019-12-09T02:27:03.339+0000][1][safepoint    ] Total time for which application threads were stopped: 0.0000993 seconds, Stopping threads took: 0.0000228 seconds
[2019-12-09T02:27:04.339+0000][1][safepoint    ] Application time: 1.0003503 seconds
[2019-12-09T02:27:04.339+0000][1][safepoint    ] Entering safepoint region: Cleanup
[2019-12-09T02:27:04.339+0000][1][safepoint    ] Leaving safepoint region
[2019-12-09T02:27:04.339+0000][1][safepoint    ] Total time for which application threads were stopped: 0.0001134 seconds, Stopping threads took: 0.0000362 seconds
[2019-12-09T02:27:05.346+0000][1][safepoint    ] Application time: 1.0063378 seconds
[2019-12-09T02:27:05.346+0000][1][safepoint    ] Entering safepoint region: Cleanup
[2019-12-09T02:27:05.346+0000][1][safepoint    ] Leaving safepoint region
[2019-12-09T02:27:05.346+0000][1][safepoint    ] Total time for which application threads were stopped: 0.0000956 seconds, Stopping threads took: 0.0000238 seconds
[2019-12-09T02:27:06.347+0000][1][safepoint    ] Application time: 1.0008683 seconds
[2019-12-09T02:27:06.347+0000][1][safepoint    ] Entering safepoint region: Cleanup
[2019-12-09T02:27:06.347+0000][1][safepoint    ] Leaving safepoint region
[2019-12-09T02:27:06.347+0000][1][safepoint    ] Total time for which application threads were stopped: 0.0001287 seconds, Stopping threads took: 0.0000254 seconds
[2019-12-09T02:27:07.351+0000][1][safepoint    ] Application time: 1.0039438 seconds
[2019-12-09T02:27:07.351+0000][1][safepoint    ] Entering safepoint region: Cleanup
[2019-12-09T02:27:07.351+0000][1][safepoint    ] Leaving safepoint region
[2019-12-09T02:27:07.351+0000][1][safepoint    ] Total time for which application threads were stopped: 0.0001170 seconds, Stopping threads took: 0.0000237 seconds
[2019-12-09T02:27:08.354+0000][1][safepoint    ] Application time: 1.0027101 seconds
[2019-12-09T02:27:08.354+0000][1][safepoint    ] Entering safepoint region: Cleanup
[2019-12-09T02:27:08.354+0000][1][safepoint    ] Leaving safepoint region
[2019-12-09T02:27:08.354+0000][1][safepoint    ] Total time for which application threads were stopped: 0.0001161 seconds, Stopping threads took: 0.0000245 seconds
[2019-12-09T02:27:09.357+0000][1][safepoint    ] Application time: 1.0028136 seconds
[2019-12-09T02:27:09.357+0000][1][safepoint    ] Entering safepoint region: Cleanup
[2019-12-09T02:27:09.357+0000][1][safepoint    ] Leaving safepoint region
[2019-12-09T02:27:09.357+0000][1][safepoint    ] Total time for which application threads were stopped: 0.0001028 seconds, Stopping threads took: 0.0000223 seconds
[2019-12-09T02:27:10.357+0000][1][safepoint    ] Application time: 1.0000790 seconds
[2019-12-09T02:27:10.357+0000][1][safepoint    ] Entering safepoint region: Cleanup
[2019-12-09T02:27:10.357+0000][1][safepoint    ] Leaving safepoint region
[2019-12-09T02:27:10.357+0000][1][safepoint    ] Total time for which application threads were stopped: 0.0001093 seconds, Stopping threads took: 0.0000225 seconds
[2019-12-09T02:27:10.668+0000][1][safepoint    ] Application time: 0.3108711 seconds
[2019-12-09T02:27:10.668+0000][1][safepoint    ] Entering safepoint region: GenCollectForAllocation
[2019-12-09T02:27:10.668+0000][1][gc,start     ] GC(23) Pause Young (Allocation Failure)
[2019-12-09T02:27:10.668+0000][1][gc,task      ] GC(23) Using 2 workers of 2 for evacuation
[2019-12-09T02:27:10.726+0000][1][gc,age       ] GC(23) Desired survivor size 4456448 bytes, new threshold 2 (max threshold 6)
[2019-12-09T02:27:10.726+0000][1][gc,age       ] GC(23) Age table with threshold 2 (max threshold 6)
[2019-12-09T02:27:10.726+0000][1][gc,age       ] GC(23) - age   1:    1888840 bytes,    1888840 total
[2019-12-09T02:27:10.726+0000][1][gc,age       ] GC(23) - age   2:    3613168 bytes,    5502008 total
[2019-12-09T02:27:10.726+0000][1][gc,heap      ] GC(23) ParNew: 78656K->8704K(78656K)
[2019-12-09T02:27:10.726+0000][1][gc,heap      ] GC(23) CMS: 60617K->64766K(174784K)
[2019-12-09T02:27:10.726+0000][1][gc,metaspace ] GC(23) Metaspace: 68236K->68236K(1112064K)
[2019-12-09T02:27:10.726+0000][1][gc           ] GC(23) Pause Young (Allocation Failure) 136M->71M(247M) 57.895ms
[2019-12-09T02:27:10.726+0000][1][gc,cpu       ] GC(23) User=0.05s Sys=0.00s Real=0.06s
[2019-12-09T02:27:10.726+0000][1][safepoint    ] Leaving safepoint region
[2019-12-09T02:27:10.726+0000][1][safepoint    ] Total time for which application threads were stopped: 0.0580913 seconds, Stopping threads took: 0.0000200 seconds
[2019-12-09T02:27:11.727+0000][1][safepoint    ] Application time: 1.0006385 seconds
[2019-12-09T02:27:11.727+0000][1][safepoint    ] Entering safepoint region: Cleanup
[2019-12-09T02:27:11.727+0000][1][safepoint    ] Leaving safepoint region
[2019-12-09T02:27:11.727+0000][1][safepoint    ] Total time for which application threads were stopped: 0.0001120 seconds, Stopping threads took: 0.0000250 seconds
[2019-12-09T02:27:12.727+0000][1][safepoint    ] Application time: 1.0000827 seconds
[2019-12-09T02:27:12.727+0000][1][safepoint    ] Entering safepoint region: Cleanup
[2019-12-09T02:27:12.727+0000][1][safepoint    ] Leaving safepoint region
[2019-12-09T02:27:12.727+0000][1][safepoint    ] Total time for which application threads were stopped: 0.0000986 seconds, Stopping threads took: 0.0000236 seconds
[2019-12-09T02:27:13.729+0000][1][safepoint    ] Application time: 1.0016220 seconds
[2019-12-09T02:27:13.729+0000][1][safepoint    ] Entering safepoint region: Cleanup
[2019-12-09T02:27:13.729+0000][1][safepoint    ] Leaving safepoint region
[2019-12-09T02:27:13.729+0000][1][safepoint    ] Total time for which application threads were stopped: 0.0000976 seconds, Stopping threads took: 0.0000216 seconds
[2019-12-09T02:27:14.729+0000][1][safepoint    ] Application time: 1.0000761 seconds
[2019-12-09T02:27:14.729+0000][1][safepoint    ] Entering safepoint region: Cleanup
[2019-12-09T02:27:14.729+0000][1][safepoint    ] Leaving safepoint region
[2019-12-09T02:27:14.729+0000][1][safepoint    ] Total time for which application threads were stopped: 0.0000811 seconds, Stopping threads took: 0.0000164 seconds
[2019-12-09T02:27:15.729+0000][1][safepoint    ] Application time: 1.0000727 seconds
[2019-12-09T02:27:15.729+0000][1][safepoint    ] Entering safepoint region: Cleanup
[2019-12-09T02:27:15.729+0000][1][safepoint    ] Leaving safepoint region
[2019-12-09T02:27:15.729+0000][1][safepoint    ] Total time for which application threads were stopped: 0.0000800 seconds, Stopping threads took: 0.0000169 seconds
[2019-12-09T02:27:16.729+0000][1][safepoint    ] Application time: 1.0000872 seconds
[2019-12-09T02:27:16.729+0000][1][safepoint    ] Entering safepoint region: Cleanup
[2019-12-09T02:27:16.730+0000][1][safepoint    ] Leaving safepoint region
[2019-12-09T02:27:16.730+0000][1][safepoint    ] Total time for which application threads were stopped: 0.0001017 seconds, Stopping threads took: 0.0000239 seconds
[2019-12-09T02:27:17.732+0000][1][safepoint    ] Application time: 1.0023082 seconds
[2019-12-09T02:27:17.732+0000][1][safepoint    ] Entering safepoint region: Cleanup
[2019-12-09T02:27:17.732+0000][1][safepoint    ] Leaving safepoint region
[2019-12-09T02:27:17.732+0000][1][safepoint    ] Total time for which application threads were stopped: 0.0001001 seconds, Stopping threads took: 0.0000215 seconds
[2019-12-09T02:27:18.732+0000][1][safepoint    ] Application time: 1.0000742 seconds
[2019-12-09T02:27:18.732+0000][1][safepoint    ] Entering safepoint region: Cleanup
[2019-12-09T02:27:18.732+0000][1][safepoint    ] Leaving safepoint region
[2019-12-09T02:27:18.732+0000][1][safepoint    ] Total time for which application threads were stopped: 0.0000853 seconds, Stopping threads took: 0.0000167 seconds
[2019-12-09T02:27:19.732+0000][1][safepoint    ] Application time: 1.0000764 seconds
[2019-12-09T02:27:19.732+0000][1][safepoint    ] Entering safepoint region: Cleanup
[2019-12-09T02:27:19.732+0000][1][safepoint    ] Leaving safepoint region
[2019-12-09T02:27:19.732+0000][1][safepoint    ] Total time for which application threads were stopped: 0.0000767 seconds, Stopping threads took: 0.0000170 seconds
[2019-12-09T02:27:20.732+0000][1][safepoint    ] Application time: 1.0000758 seconds
[2019-12-09T02:27:20.732+0000][1][safepoint    ] Entering safepoint region: Cleanup
[2019-12-09T02:27:20.733+0000][1][safepoint    ] Leaving safepoint region
[2019-12-09T02:27:20.733+0000][1][safepoint    ] Total time for which application threads were stopped: 0.0000793 seconds, Stopping threads took: 0.0000178 seconds
[2019-12-09T02:27:21.733+0000][1][safepoint    ] Application time: 1.0000749 seconds
[2019-12-09T02:27:21.733+0000][1][safepoint    ] Entering safepoint region: Cleanup
[2019-12-09T02:27:21.733+0000][1][safepoint    ] Leaving safepoint region
[2019-12-09T02:27:21.733+0000][1][safepoint    ] Total time for which application threads were stopped: 0.0000788 seconds, Stopping threads took: 0.0000211 seconds
[2019-12-09T02:27:22.733+0000][1][safepoint    ] Application time: 1.0000749 seconds
[2019-12-09T02:27:22.733+0000][1][safepoint    ] Entering safepoint region: Cleanup
[2019-12-09T02:27:22.733+0000][1][safepoint    ] Leaving safepoint region
[2019-12-09T02:27:22.733+0000][1][safepoint    ] Total time for which application threads were stopped: 0.0000797 seconds, Stopping threads took: 0.0000174 seconds
[2019-12-09T02:27:23.733+0000][1][safepoint    ] Application time: 1.0000789 seconds
[2019-12-09T02:27:23.733+0000][1][safepoint    ] Entering safepoint region: Cleanup
[2019-12-09T02:27:23.733+0000][1][safepoint    ] Leaving safepoint region
[2019-12-09T02:27:23.733+0000][1][safepoint    ] Total time for which application threads were stopped: 0.0001100 seconds, Stopping threads took: 0.0000244 seconds
[2019-12-09T02:27:24.733+0000][1][safepoint    ] Application time: 1.0000746 seconds
[2019-12-09T02:27:24.733+0000][1][safepoint    ] Entering safepoint region: Cleanup
[2019-12-09T02:27:24.733+0000][1][safepoint    ] Leaving safepoint region
[2019-12-09T02:27:24.733+0000][1][safepoint    ] Total time for which application threads were stopped: 0.0000845 seconds, Stopping threads took: 0.0000176 seconds
[2019-12-09T02:27:25.733+0000][1][safepoint    ] Application time: 1.0000757 seconds
[2019-12-09T02:27:25.734+0000][1][safepoint    ] Entering safepoint region: Cleanup
[2019-12-09T02:27:25.734+0000][1][safepoint    ] Leaving safepoint region
[2019-12-09T02:27:25.734+0000][1][safepoint    ] Total time for which application threads were stopped: 0.0000796 seconds, Stopping threads took: 0.0000171 seconds
[2019-12-09T02:27:26.734+0000][1][safepoint    ] Application time: 1.0000773 seconds
[2019-12-09T02:27:26.734+0000][1][safepoint    ] Entering safepoint region: Cleanup
[2019-12-09T02:27:26.734+0000][1][safepoint    ] Leaving safepoint region
[2019-12-09T02:27:26.734+0000][1][safepoint    ] Total time for which application threads were stopped: 0.0000931 seconds, Stopping threads took: 0.0000163 seconds
[2019-12-09T02:27:27.734+0000][1][safepoint    ] Application time: 1.0000762 seconds
[2019-12-09T02:27:27.734+0000][1][safepoint    ] Entering safepoint region: Cleanup
[2019-12-09T02:27:27.734+0000][1][safepoint    ] Leaving safepoint region
[2019-12-09T02:27:27.734+0000][1][safepoint    ] Total time for which application threads were stopped: 0.0000800 seconds, Stopping threads took: 0.0000165 seconds
[2019-12-09T02:27:28.734+0000][1][safepoint    ] Application time: 1.0000768 seconds
[2019-12-09T02:27:28.734+0000][1][safepoint    ] Entering safepoint region: Cleanup
[2019-12-09T02:27:28.734+0000][1][safepoint    ] Leaving safepoint region
[2019-12-09T02:27:28.734+0000][1][safepoint    ] Total time for which application threads were stopped: 0.0000940 seconds, Stopping threads took: 0.0000181 seconds
[2019-12-09T02:27:29.734+0000][1][safepoint    ] Application time: 1.0000757 seconds
[2019-12-09T02:27:29.734+0000][1][safepoint    ] Entering safepoint region: Cleanup
[2019-12-09T02:27:29.734+0000][1][safepoint    ] Leaving safepoint region
[2019-12-09T02:27:29.734+0000][1][safepoint    ] Total time for which application threads were stopped: 0.0000832 seconds, Stopping threads took: 0.0000166 seconds
[2019-12-09T02:27:30.734+0000][1][safepoint    ] Application time: 1.0000783 seconds
[2019-12-09T02:27:30.735+0000][1][safepoint    ] Entering safepoint region: Cleanup
[2019-12-09T02:27:30.735+0000][1][safepoint    ] Leaving safepoint region
[2019-12-09T02:27:30.735+0000][1][safepoint    ] Total time for which application threads were stopped: 0.0000815 seconds, Stopping threads took: 0.0000163 seconds
[2019-12-09T02:27:31.735+0000][1][safepoint    ] Application time: 1.0001990 seconds
[2019-12-09T02:27:31.735+0000][1][safepoint    ] Entering safepoint region: Cleanup
[2019-12-09T02:27:31.735+0000][1][safepoint    ] Leaving safepoint region
[2019-12-09T02:27:31.735+0000][1][safepoint    ] Total time for which application threads were stopped: 0.0001117 seconds, Stopping threads took: 0.0000238 seconds
[2019-12-09T02:27:32.735+0000][1][safepoint    ] Application time: 1.0000838 seconds
[2019-12-09T02:27:32.735+0000][1][safepoint    ] Entering safepoint region: Cleanup
[2019-12-09T02:27:32.735+0000][1][safepoint    ] Leaving safepoint region
[2019-12-09T02:27:32.735+0000][1][safepoint    ] Total time for which application threads were stopped: 0.0001176 seconds, Stopping threads took: 0.0000238 seconds
[2019-12-09T02:27:33.735+0000][1][safepoint    ] Application time: 1.0000780 seconds
[2019-12-09T02:27:33.735+0000][1][safepoint    ] Entering safepoint region: Cleanup
[2019-12-09T02:27:33.735+0000][1][safepoint    ] Leaving safepoint region
[2019-12-09T02:27:33.735+0000][1][safepoint    ] Total time for which application threads were stopped: 0.0000898 seconds, Stopping threads took: 0.0000176 seconds
[2019-12-09T02:27:34.736+0000][1][safepoint    ] Application time: 1.0000755 seconds
[2019-12-09T02:27:34.736+0000][1][safepoint    ] Entering safepoint region: Cleanup
[2019-12-09T02:27:34.736+0000][1][safepoint    ] Leaving safepoint region
[2019-12-09T02:27:34.736+0000][1][safepoint    ] Total time for which application threads were stopped: 0.0000864 seconds, Stopping threads took: 0.0000242 seconds
[2019-12-09T02:27:35.736+0000][1][safepoint    ] Application time: 1.0000776 seconds
[2019-12-09T02:27:35.736+0000][1][safepoint    ] Entering safepoint region: Cleanup
[2019-12-09T02:27:35.736+0000][1][safepoint    ] Leaving safepoint region
[2019-12-09T02:27:35.736+0000][1][safepoint    ] Total time for which application threads were stopped: 0.0000871 seconds, Stopping threads took: 0.0000174 seconds
[2019-12-09T02:27:36.736+0000][1][safepoint    ] Application time: 1.0000766 seconds
[2019-12-09T02:27:36.736+0000][1][safepoint    ] Entering safepoint region: Cleanup
[2019-12-09T02:27:36.736+0000][1][safepoint    ] Leaving safepoint region
[2019-12-09T02:27:36.736+0000][1][safepoint    ] Total time for which application threads were stopped: 0.0000848 seconds, Stopping threads took: 0.0000182 seconds
[2019-12-09T02:27:37.736+0000][1][safepoint    ] Application time: 1.0000773 seconds
[2019-12-09T02:27:37.736+0000][1][safepoint    ] Entering safepoint region: Cleanup
[2019-12-09T02:27:37.736+0000][1][safepoint    ] Leaving safepoint region
[2019-12-09T02:27:37.736+0000][1][safepoint    ] Total time for which application threads were stopped: 0.0000851 seconds, Stopping threads took: 0.0000165 seconds
[2019-12-09T02:27:38.736+0000][1][safepoint    ] Application time: 1.0000809 seconds
[2019-12-09T02:27:38.736+0000][1][safepoint    ] Entering safepoint region: Cleanup
[2019-12-09T02:27:38.736+0000][1][safepoint    ] Leaving safepoint region
[2019-12-09T02:27:38.736+0000][1][safepoint    ] Total time for which application threads were stopped: 0.0000902 seconds, Stopping threads took: 0.0000170 seconds
[2019-12-09T02:27:39.737+0000][1][safepoint    ] Application time: 1.0000784 seconds
[2019-12-09T02:27:39.737+0000][1][safepoint    ] Entering safepoint region: Cleanup
[2019-12-09T02:27:39.737+0000][1][safepoint    ] Leaving safepoint region
[2019-12-09T02:27:39.737+0000][1][safepoint    ] Total time for which application threads were stopped: 0.0000830 seconds, Stopping threads took: 0.0000196 seconds
[2019-12-09T02:27:40.737+0000][1][safepoint    ] Application time: 1.0000885 seconds
[2019-12-09T02:27:40.737+0000][1][safepoint    ] Entering safepoint region: Cleanup
[2019-12-09T02:27:40.737+0000][1][safepoint    ] Leaving safepoint region
[2019-12-09T02:27:40.737+0000][1][safepoint    ] Total time for which application threads were stopped: 0.0000834 seconds, Stopping threads took: 0.0000153 seconds
[2019-12-09T02:27:41.737+0000][1][safepoint    ] Application time: 1.0000758 seconds
[2019-12-09T02:27:41.737+0000][1][safepoint    ] Entering safepoint region: Cleanup
[2019-12-09T02:27:41.737+0000][1][safepoint    ] Leaving safepoint region
[2019-12-09T02:27:41.737+0000][1][safepoint    ] Total time for which application threads were stopped: 0.0000796 seconds, Stopping threads took: 0.0000181 seconds
[2019-12-09T02:27:42.737+0000][1][safepoint    ] Application time: 1.0000739 seconds
[2019-12-09T02:27:42.737+0000][1][safepoint    ] Entering safepoint region: Cleanup
[2019-12-09T02:27:42.737+0000][1][safepoint    ] Leaving safepoint region
[2019-12-09T02:27:42.737+0000][1][safepoint    ] Total time for which application threads were stopped: 0.0000819 seconds, Stopping threads took: 0.0000187 seconds
[2019-12-09T02:27:43.737+0000][1][safepoint    ] Application time: 1.0000772 seconds
[2019-12-09T02:27:43.737+0000][1][safepoint    ] Entering safepoint region: Cleanup
[2019-12-09T02:27:43.737+0000][1][safepoint    ] Leaving safepoint region
[2019-12-09T02:27:43.737+0000][1][safepoint    ] Total time for which application threads were stopped: 0.0000824 seconds, Stopping threads took: 0.0000171 seconds
[2019-12-09T02:27:45.738+0000][1][safepoint    ] Application time: 2.0001427 seconds
[2019-12-09T02:27:45.738+0000][1][safepoint    ] Entering safepoint region: Cleanup
[2019-12-09T02:27:45.738+0000][1][safepoint    ] Leaving safepoint region
[2019-12-09T02:27:45.738+0000][1][safepoint    ] Total time for which application threads were stopped: 0.0000854 seconds, Stopping threads took: 0.0000255 seconds
[2019-12-09T02:27:46.738+0000][1][safepoint    ] Application time: 1.0000761 seconds
[2019-12-09T02:27:46.738+0000][1][safepoint    ] Entering safepoint region: Cleanup
[2019-12-09T02:27:46.738+0000][1][safepoint    ] Leaving safepoint region
[2019-12-09T02:27:46.738+0000][1][safepoint    ] Total time for which application threads were stopped: 0.0000800 seconds, Stopping threads took: 0.0000177 seconds
[2019-12-09T02:27:47.738+0000][1][safepoint    ] Application time: 1.0000768 seconds
[2019-12-09T02:27:47.738+0000][1][safepoint    ] Entering safepoint region: Cleanup
[2019-12-09T02:27:47.738+0000][1][safepoint    ] Leaving safepoint region
[2019-12-09T02:27:47.738+0000][1][safepoint    ] Total time for which application threads were stopped: 0.0000760 seconds, Stopping threads took: 0.0000180 seconds
[2019-12-09T02:27:50.738+0000][1][safepoint    ] Application time: 3.0002156 seconds
[2019-12-09T02:27:50.738+0000][1][safepoint    ] Entering safepoint region: Cleanup
[2019-12-09T02:27:50.738+0000][1][safepoint    ] Leaving safepoint region
[2019-12-09T02:27:50.738+0000][1][safepoint    ] Total time for which application threads were stopped: 0.0000783 seconds, Stopping threads took: 0.0000171 seconds
[2019-12-09T02:27:51.739+0000][1][safepoint    ] Application time: 1.0000778 seconds
[2019-12-09T02:27:51.739+0000][1][safepoint    ] Entering safepoint region: Cleanup
[2019-12-09T02:27:51.739+0000][1][safepoint    ] Leaving safepoint region
[2019-12-09T02:27:51.739+0000][1][safepoint    ] Total time for which application threads were stopped: 0.0000802 seconds, Stopping threads took: 0.0000180 seconds
[2019-12-09T02:27:52.739+0000][1][safepoint    ] Application time: 1.0000778 seconds
[2019-12-09T02:27:52.739+0000][1][safepoint    ] Entering safepoint region: Cleanup
[2019-12-09T02:27:52.739+0000][1][safepoint    ] Leaving safepoint region
[2019-12-09T02:27:52.739+0000][1][safepoint    ] Total time for which application threads were stopped: 0.0000780 seconds, Stopping threads took: 0.0000174 seconds
[2019-12-09T02:27:54.739+0000][1][safepoint    ] Application time: 2.0001437 seconds
[2019-12-09T02:27:54.739+0000][1][safepoint    ] Entering safepoint region: Cleanup
[2019-12-09T02:27:54.739+0000][1][safepoint    ] Leaving safepoint region
[2019-12-09T02:27:54.739+0000][1][safepoint    ] Total time for which application threads were stopped: 0.0000738 seconds, Stopping threads took: 0.0000151 seconds
[2019-12-09T02:27:55.739+0000][1][safepoint    ] Application time: 1.0000765 seconds
[2019-12-09T02:27:55.739+0000][1][safepoint    ] Entering safepoint region: Cleanup
[2019-12-09T02:27:55.739+0000][1][safepoint    ] Leaving safepoint region
[2019-12-09T02:27:55.739+0000][1][safepoint    ] Total time for which application threads were stopped: 0.0000742 seconds, Stopping threads took: 0.0000159 seconds
[2019-12-09T02:27:56.739+0000][1][safepoint    ] Application time: 1.0000774 seconds
[2019-12-09T02:27:56.739+0000][1][safepoint    ] Entering safepoint region: Cleanup
[2019-12-09T02:27:56.740+0000][1][safepoint    ] Leaving safepoint region
[2019-12-09T02:27:56.740+0000][1][safepoint    ] Total time for which application threads were stopped: 0.0000788 seconds, Stopping threads took: 0.0000164 seconds
[2019-12-09T02:27:57.740+0000][1][safepoint    ] Application time: 1.0000353 seconds
[2019-12-09T02:27:57.740+0000][1][safepoint    ] Entering safepoint region: Cleanup
[2019-12-09T02:27:57.740+0000][1][safepoint    ] Leaving safepoint region
[2019-12-09T02:27:57.740+0000][1][safepoint    ] Total time for which application threads were stopped: 0.0000845 seconds, Stopping threads took: 0.0000167 seconds
[2019-12-09T02:27:58.740+0000][1][safepoint    ] Application time: 1.0000772 seconds
[2019-12-09T02:27:58.740+0000][1][safepoint    ] Entering safepoint region: Cleanup
[2019-12-09T02:27:58.740+0000][1][safepoint    ] Leaving safepoint region
[2019-12-09T02:27:58.740+0000][1][safepoint    ] Total time for which application threads were stopped: 0.0000774 seconds, Stopping threads took: 0.0000175 seconds
[2019-12-09T02:27:59.740+0000][1][safepoint    ] Application time: 1.0000764 seconds
[2019-12-09T02:27:59.740+0000][1][safepoint    ] Entering safepoint region: Cleanup
[2019-12-09T02:27:59.740+0000][1][safepoint    ] Leaving safepoint region
[2019-12-09T02:27:59.740+0000][1][safepoint    ] Total time for which application threads were stopped: 0.0000743 seconds, Stopping threads took: 0.0000157 seconds
[2019-12-09T02:28:00.740+0000][1][safepoint    ] Application time: 1.0000759 seconds
[2019-12-09T02:28:00.740+0000][1][safepoint    ] Entering safepoint region: Cleanup
[2019-12-09T02:28:00.740+0000][1][safepoint    ] Leaving safepoint region
[2019-12-09T02:28:00.740+0000][1][safepoint    ] Total time for which application threads were stopped: 0.0000815 seconds, Stopping threads took: 0.0000171 seconds
[2019-12-09T02:28:01.740+0000][1][safepoint    ] Application time: 1.0000771 seconds
[2019-12-09T02:28:01.740+0000][1][safepoint    ] Entering safepoint region: Cleanup
[2019-12-09T02:28:01.740+0000][1][safepoint    ] Leaving safepoint region
[2019-12-09T02:28:01.740+0000][1][safepoint    ] Total time for which application threads were stopped: 0.0000852 seconds, Stopping threads took: 0.0000180 seconds
[2019-12-09T02:28:03.741+0000][1][safepoint    ] Application time: 2.0001208 seconds
[2019-12-09T02:28:03.741+0000][1][safepoint    ] Entering safepoint region: Cleanup
[2019-12-09T02:28:03.741+0000][1][safepoint    ] Leaving safepoint region
[2019-12-09T02:28:03.741+0000][1][safepoint    ] Total time for which application threads were stopped: 0.0000964 seconds, Stopping threads took: 0.0000180 seconds
[2019-12-09T02:28:08.741+0000][1][safepoint    ] Application time: 5.0003496 seconds
[2019-12-09T02:28:08.741+0000][1][safepoint    ] Entering safepoint region: Cleanup
[2019-12-09T02:28:08.741+0000][1][safepoint    ] Leaving safepoint region
[2019-12-09T02:28:08.741+0000][1][safepoint    ] Total time for which application threads were stopped: 0.0000915 seconds, Stopping threads took: 0.0000244 seconds
[2019-12-09T02:28:09.741+0000][1][safepoint    ] Application time: 1.0000767 seconds
[2019-12-09T02:28:09.741+0000][1][safepoint    ] Entering safepoint region: Cleanup
[2019-12-09T02:28:09.741+0000][1][safepoint    ] Leaving safepoint region
[2019-12-09T02:28:09.741+0000][1][safepoint    ] Total time for which application threads were stopped: 0.0000761 seconds, Stopping threads took: 0.0000170 seconds
[2019-12-09T02:28:10.741+0000][1][safepoint    ] Application time: 1.0000746 seconds
[2019-12-09T02:28:10.742+0000][1][safepoint    ] Entering safepoint region: Cleanup
[2019-12-09T02:28:10.742+0000][1][safepoint    ] Leaving safepoint region
[2019-12-09T02:28:10.742+0000][1][safepoint    ] Total time for which application threads were stopped: 0.0000838 seconds, Stopping threads took: 0.0000156 seconds
[2019-12-09T02:28:11.742+0000][1][safepoint    ] Application time: 1.0000778 seconds
[2019-12-09T02:28:11.742+0000][1][safepoint    ] Entering safepoint region: Cleanup
[2019-12-09T02:28:11.742+0000][1][safepoint    ] Leaving safepoint region
[2019-12-09T02:28:11.742+0000][1][safepoint    ] Total time for which application threads were stopped: 0.0000784 seconds, Stopping threads took: 0.0000171 seconds
[2019-12-09T02:28:13.742+0000][1][safepoint    ] Application time: 2.0001429 seconds
[2019-12-09T02:28:13.742+0000][1][safepoint    ] Entering safepoint region: Cleanup
[2019-12-09T02:28:13.742+0000][1][safepoint    ] Leaving safepoint region
[2019-12-09T02:28:13.742+0000][1][safepoint    ] Total time for which application threads were stopped: 0.0000819 seconds, Stopping threads took: 0.0000183 seconds
[2019-12-09T02:28:14.742+0000][1][safepoint    ] Application time: 1.0000762 seconds
[2019-12-09T02:28:14.742+0000][1][safepoint    ] Entering safepoint region: Cleanup
[2019-12-09T02:28:14.742+0000][1][safepoint    ] Leaving safepoint region
[2019-12-09T02:28:14.742+0000][1][safepoint    ] Total time for which application threads were stopped: 0.0000821 seconds, Stopping threads took: 0.0000191 seconds
[2019-12-09T02:28:15.742+0000][1][safepoint    ] Application time: 1.0000770 seconds
[2019-12-09T02:28:15.742+0000][1][safepoint    ] Entering safepoint region: Cleanup
[2019-12-09T02:28:15.742+0000][1][safepoint    ] Leaving safepoint region
[2019-12-09T02:28:15.742+0000][1][safepoint    ] Total time for which application threads were stopped: 0.0000808 seconds, Stopping threads took: 0.0000157 seconds
[2019-12-09T02:28:19.743+0000][1][safepoint    ] Application time: 4.0002801 seconds
[2019-12-09T02:28:19.743+0000][1][safepoint    ] Entering safepoint region: Cleanup
[2019-12-09T02:28:19.743+0000][1][safepoint    ] Leaving safepoint region
[2019-12-09T02:28:19.743+0000][1][safepoint    ] Total time for which application threads were stopped: 0.0000931 seconds, Stopping threads took: 0.0000268 seconds
[2019-12-09T02:28:20.743+0000][1][safepoint    ] Application time: 1.0000748 seconds
[2019-12-09T02:28:20.743+0000][1][safepoint    ] Entering safepoint region: Cleanup
[2019-12-09T02:28:20.743+0000][1][safepoint    ] Leaving safepoint region
[2019-12-09T02:28:20.743+0000][1][safepoint    ] Total time for which application threads were stopped: 0.0000799 seconds, Stopping threads took: 0.0000157 seconds
[2019-12-09T02:28:21.743+0000][1][safepoint    ] Application time: 1.0000750 seconds
[2019-12-09T02:28:21.743+0000][1][safepoint    ] Entering safepoint region: Cleanup
[2019-12-09T02:28:21.743+0000][1][safepoint    ] Leaving safepoint region
[2019-12-09T02:28:21.743+0000][1][safepoint    ] Total time for which application threads were stopped: 0.0000779 seconds, Stopping threads took: 0.0000156 seconds
[2019-12-09T02:28:22.743+0000][1][safepoint    ] Application time: 1.0000757 seconds
[2019-12-09T02:28:22.743+0000][1][safepoint    ] Entering safepoint region: Cleanup
[2019-12-09T02:28:22.743+0000][1][safepoint    ] Leaving safepoint region
[2019-12-09T02:28:22.743+0000][1][safepoint    ] Total time for which application threads were stopped: 0.0000798 seconds, Stopping threads took: 0.0000163 seconds
[2019-12-09T02:28:24.744+0000][1][safepoint    ] Application time: 2.0001420 seconds
[2019-12-09T02:28:24.744+0000][1][safepoint    ] Entering safepoint region: Cleanup
[2019-12-09T02:28:24.744+0000][1][safepoint    ] Leaving safepoint region
[2019-12-09T02:28:24.744+0000][1][safepoint    ] Total time for which application threads were stopped: 0.0000898 seconds, Stopping threads took: 0.0000240 seconds
[2019-12-09T02:28:25.744+0000][1][safepoint    ] Application time: 1.0000744 seconds
[2019-12-09T02:28:25.744+0000][1][safepoint    ] Entering safepoint region: Cleanup
[2019-12-09T02:28:25.744+0000][1][safepoint    ] Leaving safepoint region
[2019-12-09T02:28:25.744+0000][1][safepoint    ] Total time for which application threads were stopped: 0.0000837 seconds, Stopping threads took: 0.0000180 seconds
[2019-12-09T02:28:26.744+0000][1][safepoint    ] Application time: 1.0000745 seconds
[2019-12-09T02:28:26.744+0000][1][safepoint    ] Entering safepoint region: Cleanup
[2019-12-09T02:28:26.744+0000][1][safepoint    ] Leaving safepoint region
[2019-12-09T02:28:26.744+0000][1][safepoint    ] Total time for which application threads were stopped: 0.0000792 seconds, Stopping threads took: 0.0000148 seconds
[2019-12-09T02:28:27.744+0000][1][safepoint    ] Application time: 1.0000759 seconds
[2019-12-09T02:28:27.744+0000][1][safepoint    ] Entering safepoint region: Cleanup
[2019-12-09T02:28:27.744+0000][1][safepoint    ] Leaving safepoint region
[2019-12-09T02:28:27.744+0000][1][safepoint    ] Total time for which application threads were stopped: 0.0000799 seconds, Stopping threads took: 0.0000154 seconds
[2019-12-09T02:28:28.744+0000][1][safepoint    ] Application time: 1.0000756 seconds
[2019-12-09T02:28:28.744+0000][1][safepoint    ] Entering safepoint region: Cleanup
[2019-12-09T02:28:28.745+0000][1][safepoint    ] Leaving safepoint region
[2019-12-09T02:28:28.745+0000][1][safepoint    ] Total time for which application threads were stopped: 0.0000773 seconds, Stopping threads took: 0.0000161 seconds
[2019-12-09T02:28:32.745+0000][1][safepoint    ] Application time: 4.0002866 seconds
[2019-12-09T02:28:32.745+0000][1][safepoint    ] Entering safepoint region: Cleanup
[2019-12-09T02:28:32.745+0000][1][safepoint    ] Leaving safepoint region
[2019-12-09T02:28:32.745+0000][1][safepoint    ] Total time for which application threads were stopped: 0.0000805 seconds, Stopping threads took: 0.0000176 seconds
[2019-12-09T02:28:35.745+0000][1][safepoint    ] Application time: 3.0002069 seconds
[2019-12-09T02:28:35.745+0000][1][safepoint    ] Entering safepoint region: Cleanup
[2019-12-09T02:28:35.745+0000][1][safepoint    ] Leaving safepoint region
[2019-12-09T02:28:35.745+0000][1][safepoint    ] Total time for which application threads were stopped: 0.0000834 seconds, Stopping threads took: 0.0000238 seconds
[2019-12-09T02:28:36.745+0000][1][safepoint    ] Application time: 1.0000762 seconds
[2019-12-09T02:28:36.745+0000][1][safepoint    ] Entering safepoint region: Cleanup
[2019-12-09T02:28:36.745+0000][1][safepoint    ] Leaving safepoint region
[2019-12-09T02:28:36.745+0000][1][safepoint    ] Total time for which application threads were stopped: 0.0000734 seconds, Stopping threads took: 0.0000156 seconds
[2019-12-09T02:28:37.746+0000][1][safepoint    ] Application time: 1.0000768 seconds
[2019-12-09T02:28:37.746+0000][1][safepoint    ] Entering safepoint region: Cleanup
[2019-12-09T02:28:37.746+0000][1][safepoint    ] Leaving safepoint region
[2019-12-09T02:28:37.746+0000][1][safepoint    ] Total time for which application threads were stopped: 0.0000789 seconds, Stopping threads took: 0.0000160 seconds
[2019-12-09T02:28:40.746+0000][1][safepoint    ] Application time: 3.0002242 seconds
[2019-12-09T02:28:40.746+0000][1][safepoint    ] Entering safepoint region: Cleanup
[2019-12-09T02:28:40.746+0000][1][safepoint    ] Leaving safepoint region
[2019-12-09T02:28:40.746+0000][1][safepoint    ] Total time for which application threads were stopped: 0.0000809 seconds, Stopping threads took: 0.0000165 seconds
[2019-12-09T02:28:43.746+0000][1][safepoint    ] Application time: 3.0002142 seconds
[2019-12-09T02:28:43.746+0000][1][safepoint    ] Entering safepoint region: Cleanup
[2019-12-09T02:28:43.746+0000][1][safepoint    ] Leaving safepoint region
[2019-12-09T02:28:43.746+0000][1][safepoint    ] Total time for which application threads were stopped: 0.0000794 seconds, Stopping threads took: 0.0000173 seconds
[2019-12-09T02:28:45.746+0000][1][safepoint    ] Application time: 2.0001441 seconds
[2019-12-09T02:28:45.747+0000][1][safepoint    ] Entering safepoint region: Cleanup
[2019-12-09T02:28:45.747+0000][1][safepoint    ] Leaving safepoint region
[2019-12-09T02:28:45.747+0000][1][safepoint    ] Total time for which application threads were stopped: 0.0000767 seconds, Stopping threads took: 0.0000160 seconds
[2019-12-09T02:28:46.747+0000][1][safepoint    ] Application time: 1.0000911 seconds
[2019-12-09T02:28:46.747+0000][1][safepoint    ] Entering safepoint region: Cleanup
[2019-12-09T02:28:46.747+0000][1][safepoint    ] Leaving safepoint region
[2019-12-09T02:28:46.747+0000][1][safepoint    ] Total time for which application threads were stopped: 0.0000829 seconds, Stopping threads took: 0.0000181 seconds
[2019-12-09T02:28:48.747+0000][1][safepoint    ] Application time: 2.0001432 seconds
[2019-12-09T02:28:48.747+0000][1][safepoint    ] Entering safepoint region: Cleanup
[2019-12-09T02:28:48.747+0000][1][safepoint    ] Leaving safepoint region
[2019-12-09T02:28:48.747+0000][1][safepoint    ] Total time for which application threads were stopped: 0.0000797 seconds, Stopping threads took: 0.0000168 seconds
[2019-12-09T02:28:50.747+0000][1][safepoint    ] Application time: 2.0001407 seconds
[2019-12-09T02:28:50.747+0000][1][safepoint    ] Entering safepoint region: Cleanup
[2019-12-09T02:28:50.747+0000][1][safepoint    ] Leaving safepoint region
[2019-12-09T02:28:50.747+0000][1][safepoint    ] Total time for which application threads were stopped: 0.0000778 seconds, Stopping threads took: 0.0000165 seconds
[2019-12-09T02:28:51.747+0000][1][safepoint    ] Application time: 1.0000752 seconds
[2019-12-09T02:28:51.747+0000][1][safepoint    ] Entering safepoint region: Cleanup
[2019-12-09T02:28:51.748+0000][1][safepoint    ] Leaving safepoint region
[2019-12-09T02:28:51.748+0000][1][safepoint    ] Total time for which application threads were stopped: 0.0000763 seconds, Stopping threads took: 0.0000164 seconds
[2019-12-09T02:28:56.748+0000][1][safepoint    ] Application time: 5.0003415 seconds
[2019-12-09T02:28:56.748+0000][1][safepoint    ] Entering safepoint region: Cleanup
[2019-12-09T02:28:56.748+0000][1][safepoint    ] Leaving safepoint region
[2019-12-09T02:28:56.748+0000][1][safepoint    ] Total time for which application threads were stopped: 0.0000800 seconds, Stopping threads took: 0.0000158 seconds
[2019-12-09T02:28:58.748+0000][1][safepoint    ] Application time: 2.0001443 seconds
[2019-12-09T02:28:58.748+0000][1][safepoint    ] Entering safepoint region: Cleanup
[2019-12-09T02:28:58.748+0000][1][safepoint    ] Leaving safepoint region
[2019-12-09T02:28:58.748+0000][1][safepoint    ] Total time for which application threads were stopped: 0.0000789 seconds, Stopping threads took: 0.0000162 seconds
[2019-12-09T02:28:59.748+0000][1][safepoint    ] Application time: 1.0000722 seconds
[2019-12-09T02:28:59.748+0000][1][safepoint    ] Entering safepoint region: Cleanup
[2019-12-09T02:28:59.748+0000][1][safepoint    ] Leaving safepoint region
[2019-12-09T02:28:59.748+0000][1][safepoint    ] Total time for which application threads were stopped: 0.0000850 seconds, Stopping threads took: 0.0000170 seconds
[2019-12-09T02:29:04.749+0000][1][safepoint    ] Application time: 5.0003407 seconds
[2019-12-09T02:29:04.749+0000][1][safepoint    ] Entering safepoint region: Cleanup
[2019-12-09T02:29:04.749+0000][1][safepoint    ] Leaving safepoint region
[2019-12-09T02:29:04.749+0000][1][safepoint    ] Total time for which application threads were stopped: 0.0000855 seconds, Stopping threads took: 0.0000239 seconds
[2019-12-09T02:29:09.749+0000][1][safepoint    ] Application time: 5.0003374 seconds
[2019-12-09T02:29:09.749+0000][1][safepoint    ] Entering safepoint region: Cleanup
[2019-12-09T02:29:09.749+0000][1][safepoint    ] Leaving safepoint region
[2019-12-09T02:29:09.749+0000][1][safepoint    ] Total time for which application threads were stopped: 0.0000784 seconds, Stopping threads took: 0.0000163 seconds
[2019-12-09T02:29:10.749+0000][1][safepoint    ] Application time: 1.0000766 seconds
[2019-12-09T02:29:10.749+0000][1][safepoint    ] Entering safepoint region: Cleanup
[2019-12-09T02:29:10.750+0000][1][safepoint    ] Leaving safepoint region
[2019-12-09T02:29:10.750+0000][1][safepoint    ] Total time for which application threads were stopped: 0.0000841 seconds, Stopping threads took: 0.0000166 seconds
[2019-12-09T02:29:11.750+0000][1][safepoint    ] Application time: 1.0000806 seconds
[2019-12-09T02:29:11.750+0000][1][safepoint    ] Entering safepoint region: Cleanup
[2019-12-09T02:29:11.750+0000][1][safepoint    ] Leaving safepoint region
[2019-12-09T02:29:11.750+0000][1][safepoint    ] Total time for which application threads were stopped: 0.0000825 seconds, Stopping threads took: 0.0000178 seconds
[2019-12-09T02:29:15.787+0000][1][safepoint    ] Application time: 4.0368427 seconds
[2019-12-09T02:29:15.787+0000][1][safepoint    ] Entering safepoint region: GenCollectForAllocation
[2019-12-09T02:29:15.787+0000][1][gc,start     ] GC(24) Pause Young (Allocation Failure)
[2019-12-09T02:29:15.787+0000][1][gc,task      ] GC(24) Using 2 workers of 2 for evacuation
[2019-12-09T02:29:15.803+0000][1][gc,age       ] GC(24) Desired survivor size 4456448 bytes, new threshold 6 (max threshold 6)
[2019-12-09T02:29:15.803+0000][1][gc,age       ] GC(24) Age table with threshold 6 (max threshold 6)
[2019-12-09T02:29:15.803+0000][1][gc,age       ] GC(24) - age   1:      28736 bytes,      28736 total
[2019-12-09T02:29:15.803+0000][1][gc,age       ] GC(24) - age   2:    1862000 bytes,    1890736 total
[2019-12-09T02:29:15.803+0000][1][gc,heap      ] GC(24) ParNew: 78656K->5756K(78656K)
[2019-12-09T02:29:15.803+0000][1][gc,heap      ] GC(24) CMS: 64766K->68430K(174784K)
[2019-12-09T02:29:15.803+0000][1][gc,metaspace ] GC(24) Metaspace: 68550K->68550K(1112064K)
[2019-12-09T02:29:15.803+0000][1][gc           ] GC(24) Pause Young (Allocation Failure) 140M->72M(247M) 16.422ms
[2019-12-09T02:29:15.803+0000][1][gc,cpu       ] GC(24) User=0.03s Sys=0.00s Real=0.01s
[2019-12-09T02:29:15.803+0000][1][safepoint    ] Leaving safepoint region
[2019-12-09T02:29:15.803+0000][1][safepoint    ] Total time for which application threads were stopped: 0.0165842 seconds, Stopping threads took: 0.0000156 seconds
[2019-12-09T02:29:17.803+0000][1][safepoint    ] Application time: 2.0001540 seconds
[2019-12-09T02:29:17.803+0000][1][safepoint    ] Entering safepoint region: Cleanup
[2019-12-09T02:29:17.804+0000][1][safepoint    ] Leaving safepoint region
[2019-12-09T02:29:17.804+0000][1][safepoint    ] Total time for which application threads were stopped: 0.0000800 seconds, Stopping threads took: 0.0000165 seconds
[2019-12-09T02:29:18.804+0000][1][safepoint    ] Application time: 1.0000771 seconds
[2019-12-09T02:29:18.804+0000][1][safepoint    ] Entering safepoint region: Cleanup
[2019-12-09T02:29:18.804+0000][1][safepoint    ] Leaving safepoint region
[2019-12-09T02:29:18.804+0000][1][safepoint    ] Total time for which application threads were stopped: 0.0000891 seconds, Stopping threads took: 0.0000157 seconds
[2019-12-09T02:29:19.804+0000][1][safepoint    ] Application time: 1.0000765 seconds
[2019-12-09T02:29:19.804+0000][1][safepoint    ] Entering safepoint region: Cleanup
[2019-12-09T02:29:19.804+0000][1][safepoint    ] Leaving safepoint region
[2019-12-09T02:29:19.804+0000][1][safepoint    ] Total time for which application threads were stopped: 0.0000842 seconds, Stopping threads took: 0.0000241 seconds
[2019-12-09T02:29:20.804+0000][1][safepoint    ] Application time: 1.0000768 seconds
[2019-12-09T02:29:20.804+0000][1][safepoint    ] Entering safepoint region: Cleanup
[2019-12-09T02:29:20.804+0000][1][safepoint    ] Leaving safepoint region
[2019-12-09T02:29:20.804+0000][1][safepoint    ] Total time for which application threads were stopped: 0.0000816 seconds, Stopping threads took: 0.0000171 seconds
[2019-12-09T02:29:21.804+0000][1][safepoint    ] Application time: 1.0000762 seconds
[2019-12-09T02:29:21.804+0000][1][safepoint    ] Entering safepoint region: Cleanup
[2019-12-09T02:29:21.804+0000][1][safepoint    ] Leaving safepoint region
[2019-12-09T02:29:21.804+0000][1][safepoint    ] Total time for which application threads were stopped: 0.0000771 seconds, Stopping threads took: 0.0000151 seconds
[2019-12-09T02:29:22.804+0000][1][safepoint    ] Application time: 1.0000861 seconds
[2019-12-09T02:29:22.804+0000][1][safepoint    ] Entering safepoint region: Cleanup
[2019-12-09T02:29:22.805+0000][1][safepoint    ] Leaving safepoint region
[2019-12-09T02:29:22.805+0000][1][safepoint    ] Total time for which application threads were stopped: 0.0001133 seconds, Stopping threads took: 0.0000224 seconds
[2019-12-09T02:29:23.805+0000][1][safepoint    ] Application time: 1.0000756 seconds
[2019-12-09T02:29:23.805+0000][1][safepoint    ] Entering safepoint region: Cleanup
[2019-12-09T02:29:23.805+0000][1][safepoint    ] Leaving safepoint region
[2019-12-09T02:29:23.805+0000][1][safepoint    ] Total time for which application threads were stopped: 0.0000886 seconds, Stopping threads took: 0.0000282 seconds
[2019-12-09T02:29:24.805+0000][1][safepoint    ] Application time: 1.0000760 seconds
[2019-12-09T02:29:24.805+0000][1][safepoint    ] Entering safepoint region: Cleanup
[2019-12-09T02:29:24.805+0000][1][safepoint    ] Leaving safepoint region
[2019-12-09T02:29:24.805+0000][1][safepoint    ] Total time for which application threads were stopped: 0.0000711 seconds, Stopping threads took: 0.0000157 seconds
[2019-12-09T02:29:25.805+0000][1][safepoint    ] Application time: 1.0000775 seconds
[2019-12-09T02:29:25.805+0000][1][safepoint    ] Entering safepoint region: Cleanup
[2019-12-09T02:29:25.805+0000][1][safepoint    ] Leaving safepoint region
[2019-12-09T02:29:25.805+0000][1][safepoint    ] Total time for which application threads were stopped: 0.0000812 seconds, Stopping threads took: 0.0000172 seconds
[2019-12-09T02:29:26.805+0000][1][safepoint    ] Application time: 1.0000763 seconds
[2019-12-09T02:29:26.805+0000][1][safepoint    ] Entering safepoint region: Cleanup
[2019-12-09T02:29:26.805+0000][1][safepoint    ] Leaving safepoint region
[2019-12-09T02:29:26.805+0000][1][safepoint    ] Total time for which application threads were stopped: 0.0000841 seconds, Stopping threads took: 0.0000205 seconds
[2019-12-09T02:29:27.805+0000][1][safepoint    ] Application time: 1.0000833 seconds
[2019-12-09T02:29:27.805+0000][1][safepoint    ] Entering safepoint region: Cleanup
[2019-12-09T02:29:27.806+0000][1][safepoint    ] Leaving safepoint region
[2019-12-09T02:29:27.806+0000][1][safepoint    ] Total time for which application threads were stopped: 0.0000826 seconds, Stopping threads took: 0.0000171 seconds
[2019-12-09T02:29:28.806+0000][1][safepoint    ] Application time: 1.0000760 seconds
[2019-12-09T02:29:28.806+0000][1][safepoint    ] Entering safepoint region: Cleanup
[2019-12-09T02:29:28.806+0000][1][safepoint    ] Leaving safepoint region
[2019-12-09T02:29:28.806+0000][1][safepoint    ] Total time for which application threads were stopped: 0.0000879 seconds, Stopping threads took: 0.0000287 seconds
[2019-12-09T02:29:29.806+0000][1][safepoint    ] Application time: 1.0000750 seconds
[2019-12-09T02:29:29.806+0000][1][safepoint    ] Entering safepoint region: Cleanup
[2019-12-09T02:29:29.806+0000][1][safepoint    ] Leaving safepoint region
[2019-12-09T02:29:29.806+0000][1][safepoint    ] Total time for which application threads were stopped: 0.0000853 seconds, Stopping threads took: 0.0000242 seconds
[2019-12-09T02:29:30.806+0000][1][safepoint    ] Application time: 1.0000740 seconds
[2019-12-09T02:29:30.806+0000][1][safepoint    ] Entering safepoint region: Cleanup
[2019-12-09T02:29:30.806+0000][1][safepoint    ] Leaving safepoint region
[2019-12-09T02:29:30.806+0000][1][safepoint    ] Total time for which application threads were stopped: 0.0000789 seconds, Stopping threads took: 0.0000154 seconds
[2019-12-09T02:29:31.806+0000][1][safepoint    ] Application time: 1.0000738 seconds
[2019-12-09T02:29:31.806+0000][1][safepoint    ] Entering safepoint region: Cleanup
[2019-12-09T02:29:31.806+0000][1][safepoint    ] Leaving safepoint region
[2019-12-09T02:29:31.806+0000][1][safepoint    ] Total time for which application threads were stopped: 0.0000816 seconds, Stopping threads took: 0.0000161 seconds
[2019-12-09T02:29:32.806+0000][1][safepoint    ] Application time: 1.0000761 seconds
[2019-12-09T02:29:32.806+0000][1][safepoint    ] Entering safepoint region: Cleanup
[2019-12-09T02:29:32.807+0000][1][safepoint    ] Leaving safepoint region
[2019-12-09T02:29:32.807+0000][1][safepoint    ] Total time for which application threads were stopped: 0.0000834 seconds, Stopping threads took: 0.0000176 seconds
[2019-12-09T02:29:33.807+0000][1][safepoint    ] Application time: 1.0000747 seconds
[2019-12-09T02:29:33.807+0000][1][safepoint    ] Entering safepoint region: Cleanup
[2019-12-09T02:29:33.807+0000][1][safepoint    ] Leaving safepoint region
[2019-12-09T02:29:33.807+0000][1][safepoint    ] Total time for which application threads were stopped: 0.0001090 seconds, Stopping threads took: 0.0000314 seconds
[2019-12-09T02:29:34.807+0000][1][safepoint    ] Application time: 1.0000751 seconds
[2019-12-09T02:29:34.807+0000][1][safepoint    ] Entering safepoint region: Cleanup
[2019-12-09T02:29:34.807+0000][1][safepoint    ] Leaving safepoint region
[2019-12-09T02:29:34.807+0000][1][safepoint    ] Total time for which application threads were stopped: 0.0000871 seconds, Stopping threads took: 0.0000281 seconds
[2019-12-09T02:29:35.807+0000][1][safepoint    ] Application time: 1.0000772 seconds
[2019-12-09T02:29:35.807+0000][1][safepoint    ] Entering safepoint region: Cleanup
[2019-12-09T02:29:35.807+0000][1][safepoint    ] Leaving safepoint region
[2019-12-09T02:29:35.807+0000][1][safepoint    ] Total time for which application threads were stopped: 0.0000759 seconds, Stopping threads took: 0.0000176 seconds
[2019-12-09T02:29:36.807+0000][1][safepoint    ] Application time: 1.0000745 seconds
[2019-12-09T02:29:36.807+0000][1][safepoint    ] Entering safepoint region: Cleanup
[2019-12-09T02:29:36.807+0000][1][safepoint    ] Leaving safepoint region
[2019-12-09T02:29:36.807+0000][1][safepoint    ] Total time for which application threads were stopped: 0.0000722 seconds, Stopping threads took: 0.0000157 seconds
[2019-12-09T02:29:37.807+0000][1][safepoint    ] Application time: 1.0000739 seconds
[2019-12-09T02:29:37.807+0000][1][safepoint    ] Entering safepoint region: Cleanup
[2019-12-09T02:29:37.808+0000][1][safepoint    ] Leaving safepoint region
[2019-12-09T02:29:37.808+0000][1][safepoint    ] Total time for which application threads were stopped: 0.0000758 seconds, Stopping threads took: 0.0000158 seconds
[2019-12-09T02:29:38.808+0000][1][safepoint    ] Application time: 1.0000743 seconds
[2019-12-09T02:29:38.808+0000][1][safepoint    ] Entering safepoint region: Cleanup
[2019-12-09T02:29:38.808+0000][1][safepoint    ] Leaving safepoint region
[2019-12-09T02:29:38.808+0000][1][safepoint    ] Total time for which application threads were stopped: 0.0000911 seconds, Stopping threads took: 0.0000163 seconds
[2019-12-09T02:29:39.808+0000][1][safepoint    ] Application time: 1.0000747 seconds
[2019-12-09T02:29:39.808+0000][1][safepoint    ] Entering safepoint region: Cleanup
[2019-12-09T02:29:39.808+0000][1][safepoint    ] Leaving safepoint region
[2019-12-09T02:29:39.808+0000][1][safepoint    ] Total time for which application threads were stopped: 0.0000832 seconds, Stopping threads took: 0.0000191 seconds
[2019-12-09T02:29:40.808+0000][1][safepoint    ] Application time: 1.0000755 seconds
[2019-12-09T02:29:40.808+0000][1][safepoint    ] Entering safepoint region: Cleanup
[2019-12-09T02:29:40.808+0000][1][safepoint    ] Leaving safepoint region
[2019-12-09T02:29:40.808+0000][1][safepoint    ] Total time for which application threads were stopped: 0.0000844 seconds, Stopping threads took: 0.0000183 seconds
[2019-12-09T02:29:41.808+0000][1][safepoint    ] Application time: 1.0000767 seconds
[2019-12-09T02:29:41.808+0000][1][safepoint    ] Entering safepoint region: Cleanup
[2019-12-09T02:29:41.808+0000][1][safepoint    ] Leaving safepoint region
[2019-12-09T02:29:41.808+0000][1][safepoint    ] Total time for which application threads were stopped: 0.0000790 seconds, Stopping threads took: 0.0000186 seconds
[2019-12-09T02:29:42.808+0000][1][safepoint    ] Application time: 1.0000756 seconds
[2019-12-09T02:29:42.808+0000][1][safepoint    ] Entering safepoint region: Cleanup
[2019-12-09T02:29:42.809+0000][1][safepoint    ] Leaving safepoint region
[2019-12-09T02:29:42.809+0000][1][safepoint    ] Total time for which application threads were stopped: 0.0000761 seconds, Stopping threads took: 0.0000182 seconds
[2019-12-09T02:29:43.809+0000][1][safepoint    ] Application time: 1.0000751 seconds
[2019-12-09T02:29:43.809+0000][1][safepoint    ] Entering safepoint region: Cleanup
[2019-12-09T02:29:43.809+0000][1][safepoint    ] Leaving safepoint region
[2019-12-09T02:29:43.809+0000][1][safepoint    ] Total time for which application threads were stopped: 0.0000994 seconds, Stopping threads took: 0.0000168 seconds
[2019-12-09T02:29:44.809+0000][1][safepoint    ] Application time: 1.0000753 seconds
[2019-12-09T02:29:44.809+0000][1][safepoint    ] Entering safepoint region: Cleanup
[2019-12-09T02:29:44.809+0000][1][safepoint    ] Leaving safepoint region
[2019-12-09T02:29:44.809+0000][1][safepoint    ] Total time for which application threads were stopped: 0.0000741 seconds, Stopping threads took: 0.0000163 seconds
[2019-12-09T02:29:45.809+0000][1][safepoint    ] Application time: 1.0000755 seconds
[2019-12-09T02:29:45.809+0000][1][safepoint    ] Entering safepoint region: Cleanup
[2019-12-09T02:29:45.809+0000][1][safepoint    ] Leaving safepoint region
[2019-12-09T02:29:45.809+0000][1][safepoint    ] Total time for which application threads were stopped: 0.0000760 seconds, Stopping threads took: 0.0000168 seconds
[2019-12-09T02:29:46.809+0000][1][safepoint    ] Application time: 1.0000756 seconds
[2019-12-09T02:29:46.809+0000][1][safepoint    ] Entering safepoint region: Cleanup
[2019-12-09T02:29:46.809+0000][1][safepoint    ] Leaving safepoint region
[2019-12-09T02:29:46.809+0000][1][safepoint    ] Total time for which application threads were stopped: 0.0000808 seconds, Stopping threads took: 0.0000201 seconds
[2019-12-09T02:29:47.809+0000][1][safepoint    ] Application time: 1.0000756 seconds
[2019-12-09T02:29:47.809+0000][1][safepoint    ] Entering safepoint region: Cleanup
[2019-12-09T02:29:47.810+0000][1][safepoint    ] Leaving safepoint region
[2019-12-09T02:29:47.810+0000][1][safepoint    ] Total time for which application threads were stopped: 0.0000744 seconds, Stopping threads took: 0.0000160 seconds
[2019-12-09T02:29:48.810+0000][1][safepoint    ] Application time: 1.0000772 seconds
[2019-12-09T02:29:48.810+0000][1][safepoint    ] Entering safepoint region: Cleanup
[2019-12-09T02:29:48.810+0000][1][safepoint    ] Leaving safepoint region
[2019-12-09T02:29:48.810+0000][1][safepoint    ] Total time for which application threads were stopped: 0.0000979 seconds, Stopping threads took: 0.0000177 seconds
[2019-12-09T02:29:49.810+0000][1][safepoint    ] Application time: 1.0000769 seconds
[2019-12-09T02:29:49.810+0000][1][safepoint    ] Entering safepoint region: Cleanup
[2019-12-09T02:29:49.810+0000][1][safepoint    ] Leaving safepoint region
[2019-12-09T02:29:49.810+0000][1][safepoint    ] Total time for which application threads were stopped: 0.0000873 seconds, Stopping threads took: 0.0000191 seconds
[2019-12-09T02:29:50.810+0000][1][safepoint    ] Application time: 1.0000759 seconds
[2019-12-09T02:29:50.810+0000][1][safepoint    ] Entering safepoint region: Cleanup
[2019-12-09T02:29:50.810+0000][1][safepoint    ] Leaving safepoint region
[2019-12-09T02:29:50.810+0000][1][safepoint    ] Total time for which application threads were stopped: 0.0000767 seconds, Stopping threads took: 0.0000170 seconds
[2019-12-09T02:29:51.810+0000][1][safepoint    ] Application time: 1.0000766 seconds
[2019-12-09T02:29:51.810+0000][1][safepoint    ] Entering safepoint region: Cleanup
[2019-12-09T02:29:51.810+0000][1][safepoint    ] Leaving safepoint region
[2019-12-09T02:29:51.810+0000][1][safepoint    ] Total time for which application threads were stopped: 0.0000731 seconds, Stopping threads took: 0.0000160 seconds
[2019-12-09T02:29:52.810+0000][1][safepoint    ] Application time: 1.0000759 seconds
[2019-12-09T02:29:52.810+0000][1][safepoint    ] Entering safepoint region: Cleanup
[2019-12-09T02:29:52.811+0000][1][safepoint    ] Leaving safepoint region
[2019-12-09T02:29:52.811+0000][1][safepoint    ] Total time for which application threads were stopped: 0.0000782 seconds, Stopping threads took: 0.0000155 seconds
[2019-12-09T02:29:53.811+0000][1][safepoint    ] Application time: 1.0000597 seconds
[2019-12-09T02:29:53.811+0000][1][safepoint    ] Entering safepoint region: Cleanup
[2019-12-09T02:29:53.811+0000][1][safepoint    ] Leaving safepoint region
[2019-12-09T02:29:53.811+0000][1][safepoint    ] Total time for which application threads were stopped: 0.0000877 seconds, Stopping threads took: 0.0000173 seconds
[2019-12-09T02:29:54.811+0000][1][safepoint    ] Application time: 1.0000746 seconds
[2019-12-09T02:29:54.811+0000][1][safepoint    ] Entering safepoint region: Cleanup
[2019-12-09T02:29:54.811+0000][1][safepoint    ] Leaving safepoint region
[2019-12-09T02:29:54.811+0000][1][safepoint    ] Total time for which application threads were stopped: 0.0000833 seconds, Stopping threads took: 0.0000156 seconds
[2019-12-09T02:29:55.811+0000][1][safepoint    ] Application time: 1.0000788 seconds
[2019-12-09T02:29:55.811+0000][1][safepoint    ] Entering safepoint region: Cleanup
[2019-12-09T02:29:55.811+0000][1][safepoint    ] Leaving safepoint region
[2019-12-09T02:29:55.811+0000][1][safepoint    ] Total time for which application threads were stopped: 0.0000772 seconds, Stopping threads took: 0.0000181 seconds
[2019-12-09T02:29:56.811+0000][1][safepoint    ] Application time: 1.0000812 seconds
[2019-12-09T02:29:56.811+0000][1][safepoint    ] Entering safepoint region: Cleanup
[2019-12-09T02:29:56.811+0000][1][safepoint    ] Leaving safepoint region
[2019-12-09T02:29:56.811+0000][1][safepoint    ] Total time for which application threads were stopped: 0.0000746 seconds, Stopping threads took: 0.0000165 seconds
[2019-12-09T02:29:57.811+0000][1][safepoint    ] Application time: 1.0000828 seconds
[2019-12-09T02:29:57.811+0000][1][safepoint    ] Entering safepoint region: Cleanup
[2019-12-09T02:29:57.811+0000][1][safepoint    ] Leaving safepoint region
[2019-12-09T02:29:57.811+0000][1][safepoint    ] Total time for which application threads were stopped: 0.0000733 seconds, Stopping threads took: 0.0000169 seconds
[2019-12-09T02:29:58.812+0000][1][safepoint    ] Application time: 1.0000777 seconds
[2019-12-09T02:29:58.812+0000][1][safepoint    ] Entering safepoint region: Cleanup
[2019-12-09T02:29:58.812+0000][1][safepoint    ] Leaving safepoint region
[2019-12-09T02:29:58.812+0000][1][safepoint    ] Total time for which application threads were stopped: 0.0000886 seconds, Stopping threads took: 0.0000177 seconds
[2019-12-09T02:29:59.812+0000][1][safepoint    ] Application time: 1.0000666 seconds
[2019-12-09T02:29:59.812+0000][1][safepoint    ] Entering safepoint region: Cleanup
[2019-12-09T02:29:59.812+0000][1][safepoint    ] Leaving safepoint region
[2019-12-09T02:29:59.812+0000][1][safepoint    ] Total time for which application threads were stopped: 0.0000876 seconds, Stopping threads took: 0.0000168 seconds
[2019-12-09T02:30:00.812+0000][1][safepoint    ] Application time: 1.0000761 seconds
[2019-12-09T02:30:00.812+0000][1][safepoint    ] Entering safepoint region: Cleanup
[2019-12-09T02:30:00.812+0000][1][safepoint    ] Leaving safepoint region
[2019-12-09T02:30:00.812+0000][1][safepoint    ] Total time for which application threads were stopped: 0.0000761 seconds, Stopping threads took: 0.0000172 seconds
[2019-12-09T02:30:01.812+0000][1][safepoint    ] Application time: 1.0000739 seconds
[2019-12-09T02:30:01.812+0000][1][safepoint    ] Entering safepoint region: Cleanup
[2019-12-09T02:30:01.812+0000][1][safepoint    ] Leaving safepoint region
[2019-12-09T02:30:01.812+0000][1][safepoint    ] Total time for which application threads were stopped: 0.0000795 seconds, Stopping threads took: 0.0000185 seconds
[2019-12-09T02:30:02.812+0000][1][safepoint    ] Application time: 1.0000883 seconds
[2019-12-09T02:30:02.812+0000][1][safepoint    ] Entering safepoint region: Cleanup
[2019-12-09T02:30:02.812+0000][1][safepoint    ] Leaving safepoint region
[2019-12-09T02:30:02.812+0000][1][safepoint    ] Total time for which application threads were stopped: 0.0000777 seconds, Stopping threads took: 0.0000187 seconds
[2019-12-09T02:30:03.813+0000][1][safepoint    ] Application time: 1.0000817 seconds
[2019-12-09T02:30:03.813+0000][1][safepoint    ] Entering safepoint region: Cleanup
[2019-12-09T02:30:03.813+0000][1][safepoint    ] Leaving safepoint region
[2019-12-09T02:30:03.813+0000][1][safepoint    ] Total time for which application threads were stopped: 0.0000907 seconds, Stopping threads took: 0.0000190 seconds
[2019-12-09T02:30:04.813+0000][1][safepoint    ] Application time: 1.0000808 seconds
[2019-12-09T02:30:04.813+0000][1][safepoint    ] Entering safepoint region: Cleanup
[2019-12-09T02:30:04.813+0000][1][safepoint    ] Leaving safepoint region
[2019-12-09T02:30:04.813+0000][1][safepoint    ] Total time for which application threads were stopped: 0.0000882 seconds, Stopping threads took: 0.0000269 seconds
[2019-12-09T02:30:05.813+0000][1][safepoint    ] Application time: 1.0000780 seconds
[2019-12-09T02:30:05.813+0000][1][safepoint    ] Entering safepoint region: Cleanup
[2019-12-09T02:30:05.813+0000][1][safepoint    ] Leaving safepoint region
[2019-12-09T02:30:05.813+0000][1][safepoint    ] Total time for which application threads were stopped: 0.0000808 seconds, Stopping threads took: 0.0000167 seconds
[2019-12-09T02:30:06.813+0000][1][safepoint    ] Application time: 1.0000768 seconds
[2019-12-09T02:30:06.813+0000][1][safepoint    ] Entering safepoint region: Cleanup
[2019-12-09T02:30:06.813+0000][1][safepoint    ] Leaving safepoint region
[2019-12-09T02:30:06.813+0000][1][safepoint    ] Total time for which application threads were stopped: 0.0000765 seconds, Stopping threads took: 0.0000180 seconds
[2019-12-09T02:30:07.813+0000][1][safepoint    ] Application time: 1.0000755 seconds
[2019-12-09T02:30:07.813+0000][1][safepoint    ] Entering safepoint region: Cleanup
[2019-12-09T02:30:07.814+0000][1][safepoint    ] Leaving safepoint region
[2019-12-09T02:30:07.814+0000][1][safepoint    ] Total time for which application threads were stopped: 0.0000766 seconds, Stopping threads took: 0.0000171 seconds
[2019-12-09T02:30:08.814+0000][1][safepoint    ] Application time: 1.0000759 seconds
[2019-12-09T02:30:08.814+0000][1][safepoint    ] Entering safepoint region: Cleanup
[2019-12-09T02:30:08.814+0000][1][safepoint    ] Leaving safepoint region
[2019-12-09T02:30:08.814+0000][1][safepoint    ] Total time for which application threads were stopped: 0.0000867 seconds, Stopping threads took: 0.0000170 seconds
[2019-12-09T02:30:09.814+0000][1][safepoint    ] Application time: 1.0000761 seconds
[2019-12-09T02:30:09.814+0000][1][safepoint    ] Entering safepoint region: Cleanup
[2019-12-09T02:30:09.814+0000][1][safepoint    ] Leaving safepoint region
[2019-12-09T02:30:09.814+0000][1][safepoint    ] Total time for which application threads were stopped: 0.0000745 seconds, Stopping threads took: 0.0000164 seconds
[2019-12-09T02:30:10.814+0000][1][safepoint    ] Application time: 1.0000777 seconds
[2019-12-09T02:30:10.814+0000][1][safepoint    ] Entering safepoint region: Cleanup
[2019-12-09T02:30:10.814+0000][1][safepoint    ] Leaving safepoint region
[2019-12-09T02:30:10.814+0000][1][safepoint    ] Total time for which application threads were stopped: 0.0000764 seconds, Stopping threads took: 0.0000191 seconds
[2019-12-09T02:30:11.814+0000][1][safepoint    ] Application time: 1.0000770 seconds
[2019-12-09T02:30:11.814+0000][1][safepoint    ] Entering safepoint region: Cleanup
[2019-12-09T02:30:11.814+0000][1][safepoint    ] Leaving safepoint region
[2019-12-09T02:30:11.814+0000][1][safepoint    ] Total time for which application threads were stopped: 0.0000779 seconds, Stopping threads took: 0.0000176 seconds
[2019-12-09T02:30:12.814+0000][1][safepoint    ] Application time: 1.0000757 seconds
[2019-12-09T02:30:12.814+0000][1][safepoint    ] Entering safepoint region: Cleanup
[2019-12-09T02:30:12.814+0000][1][safepoint    ] Leaving safepoint region
[2019-12-09T02:30:12.815+0000][1][safepoint    ] Total time for which application threads were stopped: 0.0000777 seconds, Stopping threads took: 0.0000186 seconds
[2019-12-09T02:30:13.815+0000][1][safepoint    ] Application time: 1.0000761 seconds
[2019-12-09T02:30:13.815+0000][1][safepoint    ] Entering safepoint region: Cleanup
[2019-12-09T02:30:13.815+0000][1][safepoint    ] Leaving safepoint region
[2019-12-09T02:30:13.815+0000][1][safepoint    ] Total time for which application threads were stopped: 0.0000882 seconds, Stopping threads took: 0.0000163 seconds
[2019-12-09T02:30:14.815+0000][1][safepoint    ] Application time: 1.0000745 seconds
[2019-12-09T02:30:14.815+0000][1][safepoint    ] Entering safepoint region: Cleanup
[2019-12-09T02:30:14.815+0000][1][safepoint    ] Leaving safepoint region
[2019-12-09T02:30:14.815+0000][1][safepoint    ] Total time for which application threads were stopped: 0.0000753 seconds, Stopping threads took: 0.0000158 seconds
[2019-12-09T02:30:15.815+0000][1][safepoint    ] Application time: 1.0000741 seconds
[2019-12-09T02:30:15.815+0000][1][safepoint    ] Entering safepoint region: Cleanup
[2019-12-09T02:30:15.815+0000][1][safepoint    ] Leaving safepoint region
[2019-12-09T02:30:15.815+0000][1][safepoint    ] Total time for which application threads were stopped: 0.0000788 seconds, Stopping threads took: 0.0000194 seconds
[2019-12-09T02:30:16.815+0000][1][safepoint    ] Application time: 1.0000758 seconds
[2019-12-09T02:30:16.815+0000][1][safepoint    ] Entering safepoint region: Cleanup
[2019-12-09T02:30:16.815+0000][1][safepoint    ] Leaving safepoint region
[2019-12-09T02:30:16.815+0000][1][safepoint    ] Total time for which application threads were stopped: 0.0000820 seconds, Stopping threads took: 0.0000192 seconds
[2019-12-09T02:30:17.815+0000][1][safepoint    ] Application time: 1.0000741 seconds
[2019-12-09T02:30:17.815+0000][1][safepoint    ] Entering safepoint region: Cleanup
[2019-12-09T02:30:17.815+0000][1][safepoint    ] Leaving safepoint region
[2019-12-09T02:30:17.815+0000][1][safepoint    ] Total time for which application threads were stopped: 0.0000757 seconds, Stopping threads took: 0.0000180 seconds
[2019-12-09T02:30:18.816+0000][1][safepoint    ] Application time: 1.0000741 seconds
[2019-12-09T02:30:18.816+0000][1][safepoint    ] Entering safepoint region: Cleanup
[2019-12-09T02:30:18.816+0000][1][safepoint    ] Leaving safepoint region
[2019-12-09T02:30:18.816+0000][1][safepoint    ] Total time for which application threads were stopped: 0.0000755 seconds, Stopping threads took: 0.0000155 seconds
[2019-12-09T02:30:19.816+0000][1][safepoint    ] Application time: 1.0000846 seconds
[2019-12-09T02:30:19.816+0000][1][safepoint    ] Entering safepoint region: Cleanup
[2019-12-09T02:30:19.816+0000][1][safepoint    ] Leaving safepoint region
[2019-12-09T02:30:19.816+0000][1][safepoint    ] Total time for which application threads were stopped: 0.0000741 seconds, Stopping threads took: 0.0000179 seconds
[2019-12-09T02:30:20.816+0000][1][safepoint    ] Application time: 1.0000779 seconds
[2019-12-09T02:30:20.816+0000][1][safepoint    ] Entering safepoint region: Cleanup
[2019-12-09T02:30:20.816+0000][1][safepoint    ] Leaving safepoint region
[2019-12-09T02:30:20.816+0000][1][safepoint    ] Total time for which application threads were stopped: 0.0000871 seconds, Stopping threads took: 0.0000169 seconds
[2019-12-09T02:30:21.816+0000][1][safepoint    ] Application time: 1.0000771 seconds
[2019-12-09T02:30:21.816+0000][1][safepoint    ] Entering safepoint region: Cleanup
[2019-12-09T02:30:21.816+0000][1][safepoint    ] Leaving safepoint region
[2019-12-09T02:30:21.816+0000][1][safepoint    ] Total time for which application threads were stopped: 0.0000761 seconds, Stopping threads took: 0.0000179 seconds
[2019-12-09T02:30:22.816+0000][1][safepoint    ] Application time: 1.0000760 seconds
[2019-12-09T02:30:22.816+0000][1][safepoint    ] Entering safepoint region: Cleanup
[2019-12-09T02:30:22.816+0000][1][safepoint    ] Leaving safepoint region
[2019-12-09T02:30:22.816+0000][1][safepoint    ] Total time for which application threads were stopped: 0.0000753 seconds, Stopping threads took: 0.0000169 seconds
[2019-12-09T02:30:23.817+0000][1][safepoint    ] Application time: 1.0000766 seconds
[2019-12-09T02:30:23.817+0000][1][safepoint    ] Entering safepoint region: Cleanup
[2019-12-09T02:30:23.817+0000][1][safepoint    ] Leaving safepoint region
[2019-12-09T02:30:23.817+0000][1][safepoint    ] Total time for which application threads were stopped: 0.0000781 seconds, Stopping threads took: 0.0000170 seconds
[2019-12-09T02:30:24.817+0000][1][safepoint    ] Application time: 1.0000856 seconds
[2019-12-09T02:30:24.817+0000][1][safepoint    ] Entering safepoint region: Cleanup
[2019-12-09T02:30:24.817+0000][1][safepoint    ] Leaving safepoint region
[2019-12-09T02:30:24.817+0000][1][safepoint    ] Total time for which application threads were stopped: 0.0000722 seconds, Stopping threads took: 0.0000160 seconds
[2019-12-09T02:30:25.817+0000][1][safepoint    ] Application time: 1.0000764 seconds
[2019-12-09T02:30:25.817+0000][1][safepoint    ] Entering safepoint region: Cleanup
[2019-12-09T02:30:25.817+0000][1][safepoint    ] Leaving safepoint region
[2019-12-09T02:30:25.817+0000][1][safepoint    ] Total time for which application threads were stopped: 0.0000763 seconds, Stopping threads took: 0.0000187 seconds
[2019-12-09T02:30:26.817+0000][1][safepoint    ] Application time: 1.0000791 seconds
[2019-12-09T02:30:26.817+0000][1][safepoint    ] Entering safepoint region: Cleanup
[2019-12-09T02:30:26.817+0000][1][safepoint    ] Leaving safepoint region
[2019-12-09T02:30:26.817+0000][1][safepoint    ] Total time for which application threads were stopped: 0.0000793 seconds, Stopping threads took: 0.0000195 seconds
[2019-12-09T02:30:27.817+0000][1][safepoint    ] Application time: 1.0000760 seconds
[2019-12-09T02:30:27.817+0000][1][safepoint    ] Entering safepoint region: Cleanup
[2019-12-09T02:30:27.817+0000][1][safepoint    ] Leaving safepoint region
[2019-12-09T02:30:27.817+0000][1][safepoint    ] Total time for which application threads were stopped: 0.0000783 seconds, Stopping threads took: 0.0000186 seconds
[2019-12-09T02:30:28.818+0000][1][safepoint    ] Application time: 1.0000873 seconds
[2019-12-09T02:30:28.818+0000][1][safepoint    ] Entering safepoint region: Cleanup
[2019-12-09T02:30:28.818+0000][1][safepoint    ] Leaving safepoint region
[2019-12-09T02:30:28.818+0000][1][safepoint    ] Total time for which application threads were stopped: 0.0000747 seconds, Stopping threads took: 0.0000175 seconds
[2019-12-09T02:30:29.818+0000][1][safepoint    ] Application time: 1.0000798 seconds
[2019-12-09T02:30:29.818+0000][1][safepoint    ] Entering safepoint region: Cleanup
[2019-12-09T02:30:29.818+0000][1][safepoint    ] Leaving safepoint region
[2019-12-09T02:30:29.818+0000][1][safepoint    ] Total time for which application threads were stopped: 0.0000816 seconds, Stopping threads took: 0.0000179 seconds
[2019-12-09T02:30:31.147+0000][1][safepoint    ] Application time: 1.3296218 seconds
[2019-12-09T02:30:31.148+0000][1][safepoint    ] Entering safepoint region: Cleanup
[2019-12-09T02:30:31.148+0000][1][safepoint    ] Leaving safepoint region
[2019-12-09T02:30:31.148+0000][1][safepoint    ] Total time for which application threads were stopped: 0.0002559 seconds, Stopping threads took: 0.0000183 seconds
[2019-12-09T02:30:32.148+0000][1][safepoint    ] Application time: 1.0000770 seconds
[2019-12-09T02:30:32.148+0000][1][safepoint    ] Entering safepoint region: Cleanup
[2019-12-09T02:30:32.148+0000][1][safepoint    ] Leaving safepoint region
[2019-12-09T02:30:32.148+0000][1][safepoint    ] Total time for which application threads were stopped: 0.0000831 seconds, Stopping threads took: 0.0000195 seconds
[2019-12-09T02:30:33.148+0000][1][safepoint    ] Application time: 1.0000767 seconds
[2019-12-09T02:30:33.148+0000][1][safepoint    ] Entering safepoint region: Cleanup
[2019-12-09T02:30:33.148+0000][1][safepoint    ] Leaving safepoint region
[2019-12-09T02:30:33.148+0000][1][safepoint    ] Total time for which application threads were stopped: 0.0000722 seconds, Stopping threads took: 0.0000160 seconds
[2019-12-09T02:30:34.148+0000][1][safepoint    ] Application time: 1.0000770 seconds
[2019-12-09T02:30:34.148+0000][1][safepoint    ] Entering safepoint region: Cleanup
[2019-12-09T02:30:34.148+0000][1][safepoint    ] Leaving safepoint region
[2019-12-09T02:30:34.148+0000][1][safepoint    ] Total time for which application threads were stopped: 0.0000838 seconds, Stopping threads took: 0.0000169 seconds
[2019-12-09T02:30:35.149+0000][1][safepoint    ] Application time: 1.0009566 seconds
[2019-12-09T02:30:35.149+0000][1][safepoint    ] Entering safepoint region: Cleanup
[2019-12-09T02:30:35.150+0000][1][safepoint    ] Leaving safepoint region
[2019-12-09T02:30:35.150+0000][1][safepoint    ] Total time for which application threads were stopped: 0.0001231 seconds, Stopping threads took: 0.0000435 seconds
[2019-12-09T02:30:36.150+0000][1][safepoint    ] Application time: 1.0000748 seconds
[2019-12-09T02:30:36.150+0000][1][safepoint    ] Entering safepoint region: Cleanup
[2019-12-09T02:30:36.150+0000][1][safepoint    ] Leaving safepoint region
[2019-12-09T02:30:36.150+0000][1][safepoint    ] Total time for which application threads were stopped: 0.0000951 seconds, Stopping threads took: 0.0000175 seconds
[2019-12-09T02:30:37.150+0000][1][safepoint    ] Application time: 1.0000765 seconds
[2019-12-09T02:30:37.150+0000][1][safepoint    ] Entering safepoint region: Cleanup
[2019-12-09T02:30:37.150+0000][1][safepoint    ] Leaving safepoint region
[2019-12-09T02:30:37.150+0000][1][safepoint    ] Total time for which application threads were stopped: 0.0000840 seconds, Stopping threads took: 0.0000196 seconds
[2019-12-09T02:30:38.150+0000][1][safepoint    ] Application time: 1.0000763 seconds
[2019-12-09T02:30:38.150+0000][1][safepoint    ] Entering safepoint region: Cleanup
[2019-12-09T02:30:38.150+0000][1][safepoint    ] Leaving safepoint region
[2019-12-09T02:30:38.150+0000][1][safepoint    ] Total time for which application threads were stopped: 0.0000775 seconds, Stopping threads took: 0.0000170 seconds
[2019-12-09T02:30:39.150+0000][1][safepoint    ] Application time: 1.0000777 seconds
[2019-12-09T02:30:39.150+0000][1][safepoint    ] Entering safepoint region: Cleanup
[2019-12-09T02:30:39.150+0000][1][safepoint    ] Leaving safepoint region
[2019-12-09T02:30:39.150+0000][1][safepoint    ] Total time for which application threads were stopped: 0.0000759 seconds, Stopping threads took: 0.0000178 seconds
[2019-12-09T02:30:40.154+0000][1][safepoint    ] Application time: 1.0037395 seconds
[2019-12-09T02:30:40.154+0000][1][safepoint    ] Entering safepoint region: Cleanup
[2019-12-09T02:30:40.154+0000][1][safepoint    ] Leaving safepoint region
[2019-12-09T02:30:40.154+0000][1][safepoint    ] Total time for which application threads were stopped: 0.0001209 seconds, Stopping threads took: 0.0000265 seconds
[2019-12-09T02:30:41.154+0000][1][safepoint    ] Application time: 1.0000788 seconds
[2019-12-09T02:30:41.154+0000][1][safepoint    ] Entering safepoint region: Cleanup
[2019-12-09T02:30:41.154+0000][1][safepoint    ] Leaving safepoint region
[2019-12-09T02:30:41.154+0000][1][safepoint    ] Total time for which application threads were stopped: 0.0000767 seconds, Stopping threads took: 0.0000167 seconds
[2019-12-09T02:30:42.155+0000][1][safepoint    ] Application time: 1.0000750 seconds
[2019-12-09T02:30:42.155+0000][1][safepoint    ] Entering safepoint region: Cleanup
[2019-12-09T02:30:42.155+0000][1][safepoint    ] Leaving safepoint region
[2019-12-09T02:30:42.155+0000][1][safepoint    ] Total time for which application threads were stopped: 0.0000741 seconds, Stopping threads took: 0.0000171 seconds
[2019-12-09T02:30:43.155+0000][1][safepoint    ] Application time: 1.0000540 seconds
[2019-12-09T02:30:43.155+0000][1][safepoint    ] Entering safepoint region: Cleanup
[2019-12-09T02:30:43.155+0000][1][safepoint    ] Leaving safepoint region
[2019-12-09T02:30:43.155+0000][1][safepoint    ] Total time for which application threads were stopped: 0.0000785 seconds, Stopping threads took: 0.0000172 seconds
[2019-12-09T02:30:44.155+0000][1][safepoint    ] Application time: 1.0000766 seconds
[2019-12-09T02:30:44.155+0000][1][safepoint    ] Entering safepoint region: Cleanup
[2019-12-09T02:30:44.155+0000][1][safepoint    ] Leaving safepoint region
[2019-12-09T02:30:44.155+0000][1][safepoint    ] Total time for which application threads were stopped: 0.0000809 seconds, Stopping threads took: 0.0000167 seconds
[2019-12-09T02:30:45.155+0000][1][safepoint    ] Application time: 1.0000782 seconds
[2019-12-09T02:30:45.155+0000][1][safepoint    ] Entering safepoint region: Cleanup
[2019-12-09T02:30:45.155+0000][1][safepoint    ] Leaving safepoint region
[2019-12-09T02:30:45.155+0000][1][safepoint    ] Total time for which application threads were stopped: 0.0000725 seconds, Stopping threads took: 0.0000168 seconds
[2019-12-09T02:30:46.155+0000][1][safepoint    ] Application time: 1.0000793 seconds
[2019-12-09T02:30:46.155+0000][1][safepoint    ] Entering safepoint region: Cleanup
[2019-12-09T02:30:46.155+0000][1][safepoint    ] Leaving safepoint region
[2019-12-09T02:30:46.155+0000][1][safepoint    ] Total time for which application threads were stopped: 0.0000777 seconds, Stopping threads took: 0.0000171 seconds
[2019-12-09T02:30:47.715+0000][1][safepoint    ] Application time: 1.5592771 seconds
[2019-12-09T02:30:47.715+0000][1][safepoint    ] Entering safepoint region: Cleanup
[2019-12-09T02:30:47.715+0000][1][safepoint    ] Leaving safepoint region
[2019-12-09T02:30:47.715+0000][1][safepoint    ] Total time for which application threads were stopped: 0.0000866 seconds, Stopping threads took: 0.0000171 seconds
[2019-12-09T02:30:48.715+0000][1][safepoint    ] Application time: 1.0000760 seconds
[2019-12-09T02:30:48.715+0000][1][safepoint    ] Entering safepoint region: Cleanup
[2019-12-09T02:30:48.715+0000][1][safepoint    ] Leaving safepoint region
[2019-12-09T02:30:48.715+0000][1][safepoint    ] Total time for which application threads were stopped: 0.0001202 seconds, Stopping threads took: 0.0000584 seconds
[2019-12-09T02:30:49.715+0000][1][safepoint    ] Application time: 1.0000772 seconds
[2019-12-09T02:30:49.715+0000][1][safepoint    ] Entering safepoint region: Cleanup
[2019-12-09T02:30:49.715+0000][1][safepoint    ] Leaving safepoint region
[2019-12-09T02:30:49.715+0000][1][safepoint    ] Total time for which application threads were stopped: 0.0000733 seconds, Stopping threads took: 0.0000172 seconds
[2019-12-09T02:30:50.715+0000][1][safepoint    ] Application time: 1.0000889 seconds
[2019-12-09T02:30:50.715+0000][1][safepoint    ] Entering safepoint region: Cleanup
[2019-12-09T02:30:50.716+0000][1][safepoint    ] Leaving safepoint region
[2019-12-09T02:30:50.716+0000][1][safepoint    ] Total time for which application threads were stopped: 0.0001093 seconds, Stopping threads took: 0.0000268 seconds
[2019-12-09T02:30:51.916+0000][1][safepoint    ] Application time: 1.2003522 seconds
[2019-12-09T02:30:51.916+0000][1][safepoint    ] Entering safepoint region: Cleanup
[2019-12-09T02:30:51.916+0000][1][safepoint    ] Leaving safepoint region
[2019-12-09T02:30:51.916+0000][1][safepoint    ] Total time for which application threads were stopped: 0.0000795 seconds, Stopping threads took: 0.0000189 seconds
[2019-12-09T02:30:52.916+0000][1][safepoint    ] Application time: 1.0000768 seconds
[2019-12-09T02:30:52.916+0000][1][safepoint    ] Entering safepoint region: Cleanup
[2019-12-09T02:30:52.916+0000][1][safepoint    ] Leaving safepoint region
[2019-12-09T02:30:52.916+0000][1][safepoint    ] Total time for which application threads were stopped: 0.0001025 seconds, Stopping threads took: 0.0000219 seconds
[2019-12-09T02:30:53.916+0000][1][safepoint    ] Application time: 1.0000765 seconds
[2019-12-09T02:30:53.916+0000][1][safepoint    ] Entering safepoint region: Cleanup
[2019-12-09T02:30:53.916+0000][1][safepoint    ] Leaving safepoint region
[2019-12-09T02:30:53.916+0000][1][safepoint    ] Total time for which application threads were stopped: 0.0000726 seconds, Stopping threads took: 0.0000166 seconds
[2019-12-09T02:30:54.917+0000][1][safepoint    ] Application time: 1.0000749 seconds
[2019-12-09T02:30:54.917+0000][1][safepoint    ] Entering safepoint region: Cleanup
[2019-12-09T02:30:54.917+0000][1][safepoint    ] Leaving safepoint region
[2019-12-09T02:30:54.917+0000][1][safepoint    ] Total time for which application threads were stopped: 0.0000719 seconds, Stopping threads took: 0.0000160 seconds
[2019-12-09T02:30:55.917+0000][1][safepoint    ] Application time: 1.0000739 seconds
[2019-12-09T02:30:55.917+0000][1][safepoint    ] Entering safepoint region: Cleanup
[2019-12-09T02:30:55.917+0000][1][safepoint    ] Leaving safepoint region
[2019-12-09T02:30:55.917+0000][1][safepoint    ] Total time for which application threads were stopped: 0.0000795 seconds, Stopping threads took: 0.0000165 seconds
[2019-12-09T02:30:56.917+0000][1][safepoint    ] Application time: 1.0000765 seconds
[2019-12-09T02:30:56.917+0000][1][safepoint    ] Entering safepoint region: Cleanup
[2019-12-09T02:30:56.917+0000][1][safepoint    ] Leaving safepoint region
[2019-12-09T02:30:56.917+0000][1][safepoint    ] Total time for which application threads were stopped: 0.0000686 seconds, Stopping threads took: 0.0000149 seconds
[2019-12-09T02:30:57.917+0000][1][safepoint    ] Application time: 1.0000785 seconds
[2019-12-09T02:30:57.917+0000][1][safepoint    ] Entering safepoint region: Cleanup
[2019-12-09T02:30:57.917+0000][1][safepoint    ] Leaving safepoint region
[2019-12-09T02:30:57.917+0000][1][safepoint    ] Total time for which application threads were stopped: 0.0000780 seconds, Stopping threads took: 0.0000190 seconds
[2019-12-09T02:30:58.917+0000][1][safepoint    ] Application time: 1.0000845 seconds
[2019-12-09T02:30:58.917+0000][1][safepoint    ] Entering safepoint region: Cleanup
[2019-12-09T02:30:58.917+0000][1][safepoint    ] Leaving safepoint region
[2019-12-09T02:30:58.917+0000][1][safepoint    ] Total time for which application threads were stopped: 0.0000788 seconds, Stopping threads took: 0.0000164 seconds
[2019-12-09T02:30:59.917+0000][1][safepoint    ] Application time: 1.0000772 seconds
[2019-12-09T02:30:59.918+0000][1][safepoint    ] Entering safepoint region: Cleanup
[2019-12-09T02:30:59.918+0000][1][safepoint    ] Leaving safepoint region
[2019-12-09T02:30:59.918+0000][1][safepoint    ] Total time for which application threads were stopped: 0.0000764 seconds, Stopping threads took: 0.0000181 seconds
[2019-12-09T02:31:00.918+0000][1][safepoint    ] Application time: 1.0001050 seconds
[2019-12-09T02:31:00.918+0000][1][safepoint    ] Entering safepoint region: Cleanup
[2019-12-09T02:31:00.918+0000][1][safepoint    ] Leaving safepoint region
[2019-12-09T02:31:00.918+0000][1][safepoint    ] Total time for which application threads were stopped: 0.0001141 seconds, Stopping threads took: 0.0000260 seconds
[2019-12-09T02:31:01.308+0000][1][safepoint    ] Application time: 0.3903569 seconds
[2019-12-09T02:31:01.308+0000][1][safepoint    ] Entering safepoint region: RevokeBias
[2019-12-09T02:31:01.308+0000][1][safepoint    ] Leaving safepoint region
[2019-12-09T02:31:01.308+0000][1][safepoint    ] Total time for which application threads were stopped: 0.0000990 seconds, Stopping threads took: 0.0000179 seconds
[2019-12-09T02:31:01.308+0000][1][safepoint    ] Application time: 0.0000971 seconds
[2019-12-09T02:31:01.308+0000][1][safepoint    ] Entering safepoint region: RevokeBias
[2019-12-09T02:31:01.309+0000][1][safepoint    ] Leaving safepoint region
[2019-12-09T02:31:01.309+0000][1][safepoint    ] Total time for which application threads were stopped: 0.0000745 seconds, Stopping threads took: 0.0000134 seconds
[2019-12-09T02:31:01.314+0000][1][safepoint    ] Application time: 0.0049817 seconds
[2019-12-09T02:31:01.327+0000][1][safepoint    ] Entering safepoint region: RevokeBias
[2019-12-09T02:31:01.328+0000][1][safepoint    ] Leaving safepoint region
[2019-12-09T02:31:01.328+0000][1][safepoint    ] Total time for which application threads were stopped: 0.0139944 seconds, Stopping threads took: 0.0139175 seconds
[2019-12-09T02:31:01.328+0000][1][safepoint    ] Application time: 0.0001723 seconds
[2019-12-09T02:31:01.328+0000][1][safepoint    ] Entering safepoint region: RevokeBias
[2019-12-09T02:31:01.328+0000][1][safepoint    ] Leaving safepoint region
[2019-12-09T02:31:01.328+0000][1][safepoint    ] Total time for which application threads were stopped: 0.0000680 seconds, Stopping threads took: 0.0000134 seconds
[2019-12-09T02:31:01.328+0000][1][safepoint    ] Application time: 0.0001481 seconds
[2019-12-09T02:31:01.328+0000][1][safepoint    ] Entering safepoint region: RevokeBias
[2019-12-09T02:31:01.328+0000][1][safepoint    ] Leaving safepoint region
[2019-12-09T02:31:01.328+0000][1][safepoint    ] Total time for which application threads were stopped: 0.0000484 seconds, Stopping threads took: 0.0000099 seconds
[2019-12-09T02:31:01.332+0000][1][safepoint    ] Application time: 0.0043656 seconds
[2019-12-09T02:31:01.332+0000][1][safepoint    ] Entering safepoint region: RevokeBias
[2019-12-09T02:31:01.332+0000][1][safepoint    ] Leaving safepoint region
[2019-12-09T02:31:01.332+0000][1][safepoint    ] Total time for which application threads were stopped: 0.0000774 seconds, Stopping threads took: 0.0000230 seconds
[2019-12-09T02:31:01.334+0000][1][safepoint    ] Application time: 0.0012049 seconds
[2019-12-09T02:31:01.334+0000][1][safepoint    ] Entering safepoint region: RevokeBias
[2019-12-09T02:31:01.334+0000][1][safepoint    ] Leaving safepoint region
[2019-12-09T02:31:01.334+0000][1][safepoint    ] Total time for which application threads were stopped: 0.0000561 seconds, Stopping threads took: 0.0000120 seconds
[2019-12-09T02:31:01.334+0000][1][safepoint    ] Application time: 0.0000544 seconds
[2019-12-09T02:31:01.334+0000][1][safepoint    ] Entering safepoint region: RevokeBias
[2019-12-09T02:31:01.334+0000][1][safepoint    ] Leaving safepoint region
[2019-12-09T02:31:01.334+0000][1][safepoint    ] Total time for which application threads were stopped: 0.0000421 seconds, Stopping threads took: 0.0000087 seconds
[2019-12-09T02:31:01.334+0000][1][safepoint    ] Application time: 0.0003602 seconds
[2019-12-09T02:31:01.334+0000][1][safepoint    ] Entering safepoint region: RevokeBias
[2019-12-09T02:31:01.334+0000][1][safepoint    ] Leaving safepoint region
[2019-12-09T02:31:01.334+0000][1][safepoint    ] Total time for which application threads were stopped: 0.0000662 seconds, Stopping threads took: 0.0000114 seconds
[2019-12-09T02:31:01.347+0000][1][safepoint    ] Application time: 0.0130673 seconds
[2019-12-09T02:31:01.362+0000][1][safepoint    ] Entering safepoint region: RevokeBias
[2019-12-09T02:31:01.362+0000][1][safepoint    ] Leaving safepoint region
[2019-12-09T02:31:01.362+0000][1][safepoint    ] Total time for which application threads were stopped: 0.0147988 seconds, Stopping threads took: 0.0147078 seconds
[2019-12-09T02:31:01.365+0000][1][safepoint    ] Application time: 0.0031985 seconds
[2019-12-09T02:31:01.365+0000][1][safepoint    ] Entering safepoint region: RevokeBias
[2019-12-09T02:31:01.366+0000][1][safepoint    ] Leaving safepoint region
[2019-12-09T02:31:01.366+0000][1][safepoint    ] Total time for which application threads were stopped: 0.0001300 seconds, Stopping threads took: 0.0000137 seconds
[2019-12-09T02:31:01.379+0000][1][safepoint    ] Application time: 0.0136658 seconds
[2019-12-09T02:31:01.379+0000][1][safepoint    ] Entering safepoint region: RevokeBias
[2019-12-09T02:31:01.379+0000][1][safepoint    ] Leaving safepoint region
[2019-12-09T02:31:01.379+0000][1][safepoint    ] Total time for which application threads were stopped: 0.0001120 seconds, Stopping threads took: 0.0000165 seconds
[2019-12-09T02:31:01.380+0000][1][safepoint    ] Application time: 0.0005226 seconds
[2019-12-09T02:31:01.381+0000][1][safepoint    ] Entering safepoint region: RevokeBias
[2019-12-09T02:31:01.381+0000][1][safepoint    ] Leaving safepoint region
[2019-12-09T02:31:01.381+0000][1][safepoint    ] Total time for which application threads were stopped: 0.0007655 seconds, Stopping threads took: 0.0006646 seconds
[2019-12-09T02:31:01.383+0000][1][safepoint    ] Application time: 0.0018024 seconds
[2019-12-09T02:31:01.383+0000][1][safepoint    ] Entering safepoint region: RevokeBias
[2019-12-09T02:31:01.383+0000][1][safepoint    ] Leaving safepoint region
[2019-12-09T02:31:01.383+0000][1][safepoint    ] Total time for which application threads were stopped: 0.0001041 seconds, Stopping threads took: 0.0000135 seconds
[2019-12-09T02:31:01.385+0000][1][safepoint    ] Application time: 0.0023004 seconds
[2019-12-09T02:31:01.385+0000][1][safepoint    ] Entering safepoint region: RevokeBias
[2019-12-09T02:31:01.385+0000][1][safepoint    ] Leaving safepoint region
[2019-12-09T02:31:01.385+0000][1][safepoint    ] Total time for which application threads were stopped: 0.0000842 seconds, Stopping threads took: 0.0000139 seconds
[2019-12-09T02:31:01.390+0000][1][safepoint    ] Application time: 0.0053059 seconds
[2019-12-09T02:31:01.391+0000][1][safepoint    ] Entering safepoint region: RevokeBias
[2019-12-09T02:31:01.391+0000][1][safepoint    ] Leaving safepoint region
[2019-12-09T02:31:01.391+0000][1][safepoint    ] Total time for which application threads were stopped: 0.0009928 seconds, Stopping threads took: 0.0004827 seconds
[2019-12-09T02:31:01.452+0000][1][safepoint    ] Application time: 0.0609737 seconds
[2019-12-09T02:31:01.456+0000][1][safepoint    ] Entering safepoint region: RevokeBias
[2019-12-09T02:31:01.456+0000][1][safepoint    ] Leaving safepoint region
[2019-12-09T02:31:01.456+0000][1][safepoint    ] Total time for which application threads were stopped: 0.0037778 seconds, Stopping threads took: 0.0036064 seconds
[2019-12-09T02:31:01.460+0000][1][safepoint    ] Application time: 0.0035517 seconds
[2019-12-09T02:31:01.463+0000][1][safepoint    ] Entering safepoint region: RevokeBias
[2019-12-09T02:31:01.463+0000][1][safepoint    ] Leaving safepoint region
[2019-12-09T02:31:01.463+0000][1][safepoint    ] Total time for which application threads were stopped: 0.0037069 seconds, Stopping threads took: 0.0035961 seconds
[2019-12-09T02:31:01.464+0000][1][safepoint    ] Application time: 0.0000871 seconds
[2019-12-09T02:31:01.464+0000][1][safepoint    ] Entering safepoint region: RevokeBias
[2019-12-09T02:31:01.464+0000][1][safepoint    ] Leaving safepoint region
[2019-12-09T02:31:01.464+0000][1][safepoint    ] Total time for which application threads were stopped: 0.0000692 seconds, Stopping threads took: 0.0000105 seconds
[2019-12-09T02:31:01.465+0000][1][safepoint    ] Application time: 0.0013644 seconds
[2019-12-09T02:31:01.465+0000][1][safepoint    ] Entering safepoint region: RevokeBias
[2019-12-09T02:31:01.465+0000][1][safepoint    ] Leaving safepoint region
[2019-12-09T02:31:01.465+0000][1][safepoint    ] Total time for which application threads were stopped: 0.0001601 seconds, Stopping threads took: 0.0000537 seconds
[2019-12-09T02:31:01.465+0000][1][safepoint    ] Application time: 0.0001210 seconds
[2019-12-09T02:31:01.465+0000][1][safepoint    ] Entering safepoint region: RevokeBias
[2019-12-09T02:31:01.465+0000][1][safepoint    ] Leaving safepoint region
[2019-12-09T02:31:01.465+0000][1][safepoint    ] Total time for which application threads were stopped: 0.0000845 seconds, Stopping threads took: 0.0000108 seconds
[2019-12-09T02:31:01.466+0000][1][safepoint    ] Application time: 0.0000762 seconds
[2019-12-09T02:31:01.466+0000][1][safepoint    ] Entering safepoint region: RevokeBias
[2019-12-09T02:31:01.466+0000][1][safepoint    ] Leaving safepoint region
[2019-12-09T02:31:01.466+0000][1][safepoint    ] Total time for which application threads were stopped: 0.0000740 seconds, Stopping threads took: 0.0000102 seconds
[2019-12-09T02:31:01.469+0000][1][safepoint    ] Application time: 0.0034760 seconds
[2019-12-09T02:31:01.469+0000][1][safepoint    ] Entering safepoint region: RevokeBias
[2019-12-09T02:31:01.469+0000][1][safepoint    ] Leaving safepoint region
[2019-12-09T02:31:01.469+0000][1][safepoint    ] Total time for which application threads were stopped: 0.0001251 seconds, Stopping threads took: 0.0000281 seconds
[2019-12-09T02:31:01.472+0000][1][safepoint    ] Application time: 0.0025022 seconds
[2019-12-09T02:31:01.472+0000][1][safepoint    ] Entering safepoint region: RevokeBias
[2019-12-09T02:31:01.472+0000][1][safepoint    ] Leaving safepoint region
[2019-12-09T02:31:01.472+0000][1][safepoint    ] Total time for which application threads were stopped: 0.0001125 seconds, Stopping threads took: 0.0000349 seconds
[2019-12-09T02:31:01.474+0000][1][safepoint    ] Application time: 0.0022530 seconds
[2019-12-09T02:31:01.474+0000][1][safepoint    ] Entering safepoint region: RevokeBias
[2019-12-09T02:31:01.474+0000][1][safepoint    ] Leaving safepoint region
[2019-12-09T02:31:01.474+0000][1][safepoint    ] Total time for which application threads were stopped: 0.0000908 seconds, Stopping threads took: 0.0000384 seconds
[2019-12-09T02:31:01.474+0000][1][safepoint    ] Application time: 0.0000754 seconds
[2019-12-09T02:31:01.474+0000][1][safepoint    ] Entering safepoint region: RevokeBias
[2019-12-09T02:31:01.474+0000][1][safepoint    ] Leaving safepoint region
[2019-12-09T02:31:01.474+0000][1][safepoint    ] Total time for which application threads were stopped: 0.0000433 seconds, Stopping threads took: 0.0000076 seconds
[2019-12-09T02:31:01.475+0000][1][safepoint    ] Application time: 0.0003470 seconds
[2019-12-09T02:31:01.475+0000][1][safepoint    ] Entering safepoint region: RevokeBias
[2019-12-09T02:31:01.475+0000][1][safepoint    ] Leaving safepoint region
[2019-12-09T02:31:01.475+0000][1][safepoint    ] Total time for which application threads were stopped: 0.0000662 seconds, Stopping threads took: 0.0000109 seconds
[2019-12-09T02:31:01.481+0000][1][safepoint    ] Application time: 0.0060024 seconds
[2019-12-09T02:31:01.481+0000][1][safepoint    ] Entering safepoint region: RevokeBias
[2019-12-09T02:31:01.481+0000][1][safepoint    ] Leaving safepoint region
[2019-12-09T02:31:01.481+0000][1][safepoint    ] Total time for which application threads were stopped: 0.0001356 seconds, Stopping threads took: 0.0000131 seconds
[2019-12-09T02:31:01.482+0000][1][safepoint    ] Application time: 0.0007117 seconds
[2019-12-09T02:31:01.482+0000][1][safepoint    ] Entering safepoint region: RevokeBias
[2019-12-09T02:31:01.482+0000][1][safepoint    ] Leaving safepoint region
[2019-12-09T02:31:01.482+0000][1][safepoint    ] Total time for which application threads were stopped: 0.0000861 seconds, Stopping threads took: 0.0000117 seconds
[2019-12-09T02:31:01.482+0000][1][safepoint    ] Application time: 0.0001356 seconds
[2019-12-09T02:31:01.482+0000][1][safepoint    ] Entering safepoint region: RevokeBias
[2019-12-09T02:31:01.482+0000][1][safepoint    ] Leaving safepoint region
[2019-12-09T02:31:01.482+0000][1][safepoint    ] Total time for which application threads were stopped: 0.0000710 seconds, Stopping threads took: 0.0000083 seconds
[2019-12-09T02:31:01.483+0000][1][safepoint    ] Application time: 0.0012710 seconds
[2019-12-09T02:31:01.483+0000][1][safepoint    ] Entering safepoint region: RevokeBias
[2019-12-09T02:31:01.483+0000][1][safepoint    ] Leaving safepoint region
[2019-12-09T02:31:01.483+0000][1][safepoint    ] Total time for which application threads were stopped: 0.0001040 seconds, Stopping threads took: 0.0000124 seconds
[2019-12-09T02:31:01.484+0000][1][safepoint    ] Application time: 0.0005999 seconds
[2019-12-09T02:31:01.484+0000][1][safepoint    ] Entering safepoint region: RevokeBias
[2019-12-09T02:31:01.484+0000][1][safepoint    ] Leaving safepoint region
[2019-12-09T02:31:01.484+0000][1][safepoint    ] Total time for which application threads were stopped: 0.0001484 seconds, Stopping threads took: 0.0000120 seconds
[2019-12-09T02:31:01.486+0000][1][safepoint    ] Application time: 0.0012562 seconds
[2019-12-09T02:31:01.486+0000][1][safepoint    ] Entering safepoint region: RevokeBias
[2019-12-09T02:31:01.486+0000][1][safepoint    ] Leaving safepoint region
[2019-12-09T02:31:01.486+0000][1][safepoint    ] Total time for which application threads were stopped: 0.0001038 seconds, Stopping threads took: 0.0000121 seconds
[2019-12-09T02:31:01.486+0000][1][safepoint    ] Application time: 0.0002633 seconds
[2019-12-09T02:31:01.486+0000][1][safepoint    ] Entering safepoint region: RevokeBias
[2019-12-09T02:31:01.486+0000][1][safepoint    ] Leaving safepoint region
[2019-12-09T02:31:01.486+0000][1][safepoint    ] Total time for which application threads were stopped: 0.0000722 seconds, Stopping threads took: 0.0000109 seconds
[2019-12-09T02:31:01.486+0000][1][safepoint    ] Application time: 0.0001035 seconds
[2019-12-09T02:31:01.486+0000][1][safepoint    ] Entering safepoint region: RevokeBias
[2019-12-09T02:31:01.486+0000][1][safepoint    ] Leaving safepoint region
[2019-12-09T02:31:01.486+0000][1][safepoint    ] Total time for which application threads were stopped: 0.0000557 seconds, Stopping threads took: 0.0000092 seconds
[2019-12-09T02:31:01.521+0000][1][safepoint    ] Application time: 0.0352313 seconds
[2019-12-09T02:31:01.521+0000][1][safepoint    ] Entering safepoint region: RevokeBias
[2019-12-09T02:31:01.522+0000][1][safepoint    ] Leaving safepoint region
[2019-12-09T02:31:01.522+0000][1][safepoint    ] Total time for which application threads were stopped: 0.0001251 seconds, Stopping threads took: 0.0000185 seconds
[2019-12-09T02:31:01.549+0000][1][safepoint    ] Application time: 0.0273684 seconds
[2019-12-09T02:31:01.564+0000][1][safepoint    ] Entering safepoint region: RevokeBias
[2019-12-09T02:31:01.564+0000][1][safepoint    ] Leaving safepoint region
[2019-12-09T02:31:01.564+0000][1][safepoint    ] Total time for which application threads were stopped: 0.0149801 seconds, Stopping threads took: 0.0148854 seconds
[2019-12-09T02:31:01.575+0000][1][safepoint    ] Application time: 0.0108178 seconds
[2019-12-09T02:31:01.575+0000][1][safepoint    ] Entering safepoint region: RevokeBias
[2019-12-09T02:31:01.575+0000][1][safepoint    ] Leaving safepoint region
[2019-12-09T02:31:01.575+0000][1][safepoint    ] Total time for which application threads were stopped: 0.0001765 seconds, Stopping threads took: 0.0000194 seconds
[2019-12-09T02:31:01.606+0000][1][safepoint    ] Application time: 0.0313431 seconds
[2019-12-09T02:31:01.606+0000][1][safepoint    ] Entering safepoint region: RevokeBias
[2019-12-09T02:31:01.606+0000][1][safepoint    ] Leaving safepoint region
[2019-12-09T02:31:01.606+0000][1][safepoint    ] Total time for which application threads were stopped: 0.0001121 seconds, Stopping threads took: 0.0000211 seconds
[2019-12-09T02:31:01.607+0000][1][safepoint    ] Application time: 0.0003708 seconds
[2019-12-09T02:31:01.607+0000][1][safepoint    ] Entering safepoint region: RevokeBias
[2019-12-09T02:31:01.607+0000][1][safepoint    ] Leaving safepoint region
[2019-12-09T02:31:01.607+0000][1][safepoint    ] Total time for which application threads were stopped: 0.0000741 seconds, Stopping threads took: 0.0000168 seconds
[2019-12-09T02:31:01.607+0000][1][safepoint    ] Application time: 0.0000476 seconds
[2019-12-09T02:31:01.607+0000][1][safepoint    ] Entering safepoint region: RevokeBias
[2019-12-09T02:31:01.607+0000][1][safepoint    ] Leaving safepoint region
[2019-12-09T02:31:01.607+0000][1][safepoint    ] Total time for which application threads were stopped: 0.0000476 seconds, Stopping threads took: 0.0000094 seconds
[2019-12-09T02:31:01.607+0000][1][safepoint    ] Application time: 0.0000438 seconds
[2019-12-09T02:31:01.607+0000][1][safepoint    ] Entering safepoint region: RevokeBias
[2019-12-09T02:31:01.607+0000][1][safepoint    ] Leaving safepoint region
[2019-12-09T02:31:01.607+0000][1][safepoint    ] Total time for which application threads were stopped: 0.0000469 seconds, Stopping threads took: 0.0000091 seconds
[2019-12-09T02:31:01.607+0000][1][safepoint    ] Application time: 0.0000949 seconds
[2019-12-09T02:31:01.607+0000][1][safepoint    ] Entering safepoint region: RevokeBias
[2019-12-09T02:31:01.607+0000][1][safepoint    ] Leaving safepoint region
[2019-12-09T02:31:01.607+0000][1][safepoint    ] Total time for which application threads were stopped: 0.0000463 seconds, Stopping threads took: 0.0000096 seconds
[2019-12-09T02:31:01.607+0000][1][safepoint    ] Application time: 0.0000391 seconds
[2019-12-09T02:31:01.607+0000][1][safepoint    ] Entering safepoint region: RevokeBias
[2019-12-09T02:31:01.607+0000][1][safepoint    ] Leaving safepoint region
[2019-12-09T02:31:01.607+0000][1][safepoint    ] Total time for which application threads were stopped: 0.0000439 seconds, Stopping threads took: 0.0000088 seconds
[2019-12-09T02:31:01.609+0000][1][safepoint    ] Application time: 0.0017882 seconds
[2019-12-09T02:31:01.609+0000][1][safepoint    ] Entering safepoint region: RevokeBias
[2019-12-09T02:31:01.609+0000][1][safepoint    ] Leaving safepoint region
[2019-12-09T02:31:01.609+0000][1][safepoint    ] Total time for which application threads were stopped: 0.0000578 seconds, Stopping threads took: 0.0000130 seconds
[2019-12-09T02:31:01.609+0000][1][safepoint    ] Application time: 0.0000457 seconds
[2019-12-09T02:31:01.609+0000][1][safepoint    ] Entering safepoint region: RevokeBias
[2019-12-09T02:31:01.609+0000][1][safepoint    ] Leaving safepoint region
[2019-12-09T02:31:01.609+0000][1][safepoint    ] Total time for which application threads were stopped: 0.0000424 seconds, Stopping threads took: 0.0000089 seconds
[2019-12-09T02:31:01.609+0000][1][safepoint    ] Application time: 0.0000382 seconds
[2019-12-09T02:31:01.609+0000][1][safepoint    ] Entering safepoint region: RevokeBias
[2019-12-09T02:31:01.609+0000][1][safepoint    ] Leaving safepoint region
[2019-12-09T02:31:01.610+0000][1][safepoint    ] Total time for which application threads were stopped: 0.0000422 seconds, Stopping threads took: 0.0000085 seconds
[2019-12-09T02:31:01.610+0000][1][safepoint    ] Application time: 0.0000514 seconds
[2019-12-09T02:31:01.610+0000][1][safepoint    ] Entering safepoint region: RevokeBias
[2019-12-09T02:31:01.610+0000][1][safepoint    ] Leaving safepoint region
[2019-12-09T02:31:01.610+0000][1][safepoint    ] Total time for which application threads were stopped: 0.0000427 seconds, Stopping threads took: 0.0000080 seconds
[2019-12-09T02:31:01.610+0000][1][safepoint    ] Application time: 0.0000900 seconds
[2019-12-09T02:31:01.610+0000][1][safepoint    ] Entering safepoint region: RevokeBias
[2019-12-09T02:31:01.610+0000][1][safepoint    ] Leaving safepoint region
[2019-12-09T02:31:01.610+0000][1][safepoint    ] Total time for which application threads were stopped: 0.0000426 seconds, Stopping threads took: 0.0000090 seconds
[2019-12-09T02:31:01.610+0000][1][safepoint    ] Application time: 0.0000713 seconds
[2019-12-09T02:31:01.610+0000][1][safepoint    ] Entering safepoint region: RevokeBias
[2019-12-09T02:31:01.610+0000][1][safepoint    ] Leaving safepoint region
[2019-12-09T02:31:01.610+0000][1][safepoint    ] Total time for which application threads were stopped: 0.0000401 seconds, Stopping threads took: 0.0000080 seconds
[2019-12-09T02:31:01.611+0000][1][safepoint    ] Application time: 0.0010327 seconds
[2019-12-09T02:31:01.611+0000][1][safepoint    ] Entering safepoint region: RevokeBias
[2019-12-09T02:31:01.611+0000][1][safepoint    ] Leaving safepoint region
[2019-12-09T02:31:01.611+0000][1][safepoint    ] Total time for which application threads were stopped: 0.0000682 seconds, Stopping threads took: 0.0000235 seconds
[2019-12-09T02:31:01.641+0000][1][safepoint    ] Application time: 0.0295398 seconds
[2019-12-09T02:31:01.641+0000][1][safepoint    ] Entering safepoint region: BulkRevokeBias
[2019-12-09T02:31:01.641+0000][1][safepoint    ] Leaving safepoint region
[2019-12-09T02:31:01.641+0000][1][safepoint    ] Total time for which application threads were stopped: 0.0004400 seconds, Stopping threads took: 0.0000209 seconds
[2019-12-09T02:31:01.666+0000][1][safepoint    ] Application time: 0.0250051 seconds
[2019-12-09T02:31:01.666+0000][1][safepoint    ] Entering safepoint region: RevokeBias
[2019-12-09T02:31:01.666+0000][1][safepoint    ] Leaving safepoint region
[2019-12-09T02:31:01.666+0000][1][safepoint    ] Total time for which application threads were stopped: 0.0000993 seconds, Stopping threads took: 0.0000162 seconds
[2019-12-09T02:31:01.668+0000][1][safepoint    ] Application time: 0.0015519 seconds
[2019-12-09T02:31:01.668+0000][1][safepoint    ] Entering safepoint region: RevokeBias
[2019-12-09T02:31:01.668+0000][1][safepoint    ] Leaving safepoint region
[2019-12-09T02:31:01.668+0000][1][safepoint    ] Total time for which application threads were stopped: 0.0000785 seconds, Stopping threads took: 0.0000148 seconds
[2019-12-09T02:31:01.668+0000][1][safepoint    ] Application time: 0.0000603 seconds
[2019-12-09T02:31:01.668+0000][1][safepoint    ] Entering safepoint region: RevokeBias
[2019-12-09T02:31:01.668+0000][1][safepoint    ] Leaving safepoint region
[2019-12-09T02:31:01.668+0000][1][safepoint    ] Total time for which application threads were stopped: 0.0000437 seconds, Stopping threads took: 0.0000083 seconds
[2019-12-09T02:31:01.669+0000][1][safepoint    ] Application time: 0.0009633 seconds
[2019-12-09T02:31:01.669+0000][1][safepoint    ] Entering safepoint region: RevokeBias
[2019-12-09T02:31:01.669+0000][1][safepoint    ] Leaving safepoint region
[2019-12-09T02:31:01.669+0000][1][safepoint    ] Total time for which application threads were stopped: 0.0000684 seconds, Stopping threads took: 0.0000144 seconds
[2019-12-09T02:31:01.817+0000][1][safepoint    ] Application time: 0.1479982 seconds
[2019-12-09T02:31:01.817+0000][1][safepoint    ] Entering safepoint region: GenCollectForAllocation
[2019-12-09T02:31:01.817+0000][1][gc,start     ] GC(25) Pause Young (Allocation Failure)
[2019-12-09T02:31:01.817+0000][1][gc,task      ] GC(25) Using 2 workers of 2 for evacuation
[2019-12-09T02:31:01.898+0000][1][gc,age       ] GC(25) Desired survivor size 4456448 bytes, new threshold 6 (max threshold 6)
[2019-12-09T02:31:01.898+0000][1][gc,age       ] GC(25) Age table with threshold 6 (max threshold 6)
[2019-12-09T02:31:01.898+0000][1][gc,age       ] GC(25) - age   1:     178392 bytes,     178392 total
[2019-12-09T02:31:01.898+0000][1][gc,age       ] GC(25) - age   2:      23984 bytes,     202376 total
[2019-12-09T02:31:01.898+0000][1][gc,age       ] GC(25) - age   3:    1470312 bytes,    1672688 total
[2019-12-09T02:31:01.898+0000][1][gc,heap      ] GC(25) ParNew: 75708K->1900K(78656K)
[2019-12-09T02:31:01.898+0000][1][gc,heap      ] GC(25) CMS: 68430K->68430K(174784K)
[2019-12-09T02:31:01.898+0000][1][gc,metaspace ] GC(25) Metaspace: 69050K->69050K(1112064K)
[2019-12-09T02:31:01.898+0000][1][gc           ] GC(25) Pause Young (Allocation Failure) 140M->68M(247M) 80.322ms
[2019-12-09T02:31:01.898+0000][1][gc,cpu       ] GC(25) User=0.01s Sys=0.00s Real=0.08s
[2019-12-09T02:31:01.898+0000][1][safepoint    ] Leaving safepoint region
[2019-12-09T02:31:01.898+0000][1][safepoint    ] Total time for which application threads were stopped: 0.0805623 seconds, Stopping threads took: 0.0000541 seconds
[2019-12-09T02:31:01.898+0000][1][safepoint    ] Application time: 0.0005041 seconds
[2019-12-09T02:31:01.898+0000][1][safepoint    ] Entering safepoint region: RevokeBias
[2019-12-09T02:31:01.898+0000][1][safepoint    ] Leaving safepoint region
[2019-12-09T02:31:01.898+0000][1][safepoint    ] Total time for which application threads were stopped: 0.0000842 seconds, Stopping threads took: 0.0000142 seconds
[2019-12-09T02:31:01.899+0000][1][safepoint    ] Application time: 0.0006370 seconds
[2019-12-09T02:31:01.899+0000][1][safepoint    ] Entering safepoint region: RevokeBias
[2019-12-09T02:31:01.899+0000][1][safepoint    ] Leaving safepoint region
[2019-12-09T02:31:01.899+0000][1][safepoint    ] Total time for which application threads were stopped: 0.0000778 seconds, Stopping threads took: 0.0000141 seconds
[2019-12-09T02:31:01.904+0000][1][safepoint    ] Application time: 0.0047088 seconds
[2019-12-09T02:31:01.904+0000][1][safepoint    ] Entering safepoint region: RevokeBias
[2019-12-09T02:31:01.904+0000][1][safepoint    ] Leaving safepoint region
[2019-12-09T02:31:01.904+0000][1][safepoint    ] Total time for which application threads were stopped: 0.0000652 seconds, Stopping threads took: 0.0000131 seconds
[2019-12-09T02:31:01.915+0000][1][safepoint    ] Application time: 0.0106513 seconds
[2019-12-09T02:31:01.915+0000][1][safepoint    ] Entering safepoint region: RevokeBias
[2019-12-09T02:31:01.915+0000][1][safepoint    ] Leaving safepoint region
[2019-12-09T02:31:01.915+0000][1][safepoint    ] Total time for which application threads were stopped: 0.0000629 seconds, Stopping threads took: 0.0000245 seconds
[2019-12-09T02:31:01.926+0000][1][safepoint    ] Application time: 0.0111452 seconds
[2019-12-09T02:31:01.926+0000][1][safepoint    ] Entering safepoint region: RevokeBias
[2019-12-09T02:31:01.926+0000][1][safepoint    ] Leaving safepoint region
[2019-12-09T02:31:01.926+0000][1][safepoint    ] Total time for which application threads were stopped: 0.0000440 seconds, Stopping threads took: 0.0000109 seconds
[2019-12-09T02:31:01.927+0000][1][safepoint    ] Application time: 0.0014138 seconds
[2019-12-09T02:31:01.927+0000][1][safepoint    ] Entering safepoint region: RevokeBias
[2019-12-09T02:31:01.927+0000][1][safepoint    ] Leaving safepoint region
[2019-12-09T02:31:01.927+0000][1][safepoint    ] Total time for which application threads were stopped: 0.0000486 seconds, Stopping threads took: 0.0000111 seconds
[2019-12-09T02:31:01.943+0000][1][gc,heap,exit ] Heap
[2019-12-09T02:31:01.943+0000][1][gc,heap,exit ]  par new generation   total 78656K, used 4457K [0x00000000f0000000, 0x00000000f5550000, 0x00000000f5550000)
[2019-12-09T02:31:01.943+0000][1][gc,heap,exit ]   eden space 69952K,   3% used [0x00000000f0000000, 0x00000000f027f2d0, 0x00000000f4450000)
[2019-12-09T02:31:01.943+0000][1][gc,heap,exit ]   from space 8704K,  21% used [0x00000000f4450000, 0x00000000f462b340, 0x00000000f4cd0000)
[2019-12-09T02:31:01.943+0000][1][gc,heap,exit ]   to   space 8704K,   0% used [0x00000000f4cd0000, 0x00000000f4cd0000, 0x00000000f5550000)
[2019-12-09T02:31:01.943+0000][1][gc,heap,exit ]  concurrent mark-sweep generation total 174784K, used 68430K [0x00000000f5550000, 0x0000000100000000, 0x0000000100000000)
[2019-12-09T02:31:01.943+0000][1][gc,heap,exit ]  Metaspace       used 69075K, capacity 74199K, committed 74288K, reserved 1112064K
[2019-12-09T02:31:01.943+0000][1][gc,heap,exit ]   class space    used 9340K, capacity 11526K, committed 11528K, reserved 1048576K
[2019-12-09T02:31:01.962+0000][1][safepoint    ] Application time: 0.0343828 seconds
[2019-12-09T02:31:01.962+0000][1][safepoint    ] Entering safepoint region: Exit
