[2019-12-09T03:49:18.581+0000][1][gc] Using Concurrent Mark Sweep
[2019-12-09T03:49:18.581+0000][1][gc,heap,coops] Heap address: 0x00000000f0000000, size: 256 MB, Compressed Oops mode: 32-bit
[2019-12-09T03:49:18.957+0000][1][safepoint    ] Entering safepoint region: EnableBiasedLocking
[2019-12-09T03:49:18.957+0000][1][safepoint    ] Leaving safepoint region
[2019-12-09T03:49:18.957+0000][1][safepoint    ] Total time for which application threads were stopped: 0.0739560 seconds, Stopping threads took: 0.0738504 seconds
[2019-12-09T03:49:18.985+0000][1][safepoint    ] Application time: 0.0247469 seconds
[2019-12-09T03:49:19.054+0000][1][safepoint    ] Entering safepoint region: RevokeBias
[2019-12-09T03:49:19.054+0000][1][safepoint    ] Leaving safepoint region
[2019-12-09T03:49:19.054+0000][1][safepoint    ] Total time for which application threads were stopped: 0.0686871 seconds, Stopping threads took: 0.0685980 seconds
[2019-12-09T03:49:19.104+0000][1][safepoint    ] Application time: 0.0501554 seconds
[2019-12-09T03:49:19.104+0000][1][safepoint    ] Entering safepoint region: Deoptimize
[2019-12-09T03:49:19.104+0000][1][safepoint    ] Leaving safepoint region
[2019-12-09T03:49:19.104+0000][1][safepoint    ] Total time for which application threads were stopped: 0.0000603 seconds, Stopping threads took: 0.0000112 seconds
[2019-12-09T03:49:19.884+0000][1][safepoint    ] Application time: 0.7796823 seconds
[2019-12-09T03:49:19.884+0000][1][safepoint    ] Entering safepoint region: Deoptimize
[2019-12-09T03:49:19.884+0000][1][safepoint    ] Leaving safepoint region
[2019-12-09T03:49:19.884+0000][1][safepoint    ] Total time for which application threads were stopped: 0.0001073 seconds, Stopping threads took: 0.0000104 seconds
[2019-12-09T03:49:20.887+0000][1][safepoint    ] Application time: 1.0027219 seconds
[2019-12-09T03:49:20.892+0000][1][safepoint    ] Entering safepoint region: Cleanup
[2019-12-09T03:49:20.892+0000][1][safepoint    ] Leaving safepoint region
[2019-12-09T03:49:20.892+0000][1][safepoint    ] Total time for which application threads were stopped: 0.0050540 seconds, Stopping threads took: 0.0050000 seconds
[2019-12-09T03:49:21.893+0000][1][safepoint    ] Application time: 1.0010188 seconds
[2019-12-09T03:49:21.931+0000][1][safepoint    ] Entering safepoint region: Cleanup
[2019-12-09T03:49:21.931+0000][1][safepoint    ] Leaving safepoint region
[2019-12-09T03:49:21.931+0000][1][safepoint    ] Total time for which application threads were stopped: 0.0380173 seconds, Stopping threads took: 0.0379497 seconds
[2019-12-09T03:49:22.690+0000][1][safepoint    ] Application time: 0.7589165 seconds
[2019-12-09T03:49:22.690+0000][1][safepoint    ] Entering safepoint region: Deoptimize
[2019-12-09T03:49:22.690+0000][1][safepoint    ] Leaving safepoint region
[2019-12-09T03:49:22.690+0000][1][safepoint    ] Total time for which application threads were stopped: 0.0001482 seconds, Stopping threads took: 0.0000110 seconds
[2019-12-09T03:49:23.003+0000][1][safepoint    ] Application time: 0.3125576 seconds
[2019-12-09T03:49:23.003+0000][1][safepoint    ] Entering safepoint region: Deoptimize
[2019-12-09T03:49:23.003+0000][1][safepoint    ] Leaving safepoint region
[2019-12-09T03:49:23.003+0000][1][safepoint    ] Total time for which application threads were stopped: 0.0001753 seconds, Stopping threads took: 0.0000115 seconds
[2019-12-09T03:49:23.075+0000][1][safepoint    ] Application time: 0.0718471 seconds
[2019-12-09T03:49:23.075+0000][1][safepoint    ] Entering safepoint region: Deoptimize
[2019-12-09T03:49:23.075+0000][1][safepoint    ] Leaving safepoint region
[2019-12-09T03:49:23.075+0000][1][safepoint    ] Total time for which application threads were stopped: 0.0001804 seconds, Stopping threads took: 0.0000118 seconds
[2019-12-09T03:49:24.077+0000][1][safepoint    ] Application time: 1.0018564 seconds
[2019-12-09T03:49:24.154+0000][1][safepoint    ] Entering safepoint region: Cleanup
[2019-12-09T03:49:24.154+0000][1][safepoint    ] Leaving safepoint region
[2019-12-09T03:49:24.154+0000][1][safepoint    ] Total time for which application threads were stopped: 0.0771315 seconds, Stopping threads took: 0.0770698 seconds
[2019-12-09T03:49:25.156+0000][1][safepoint    ] Application time: 1.0018159 seconds
[2019-12-09T03:49:25.227+0000][1][safepoint    ] Entering safepoint region: Cleanup
[2019-12-09T03:49:25.227+0000][1][safepoint    ] Leaving safepoint region
[2019-12-09T03:49:25.227+0000][1][safepoint    ] Total time for which application threads were stopped: 0.0711091 seconds, Stopping threads took: 0.0710491 seconds
[2019-12-09T03:49:26.228+0000][1][safepoint    ] Application time: 1.0008361 seconds
[2019-12-09T03:49:26.376+0000][1][safepoint    ] Entering safepoint region: Cleanup
[2019-12-09T03:49:26.376+0000][1][safepoint    ] Leaving safepoint region
[2019-12-09T03:49:26.376+0000][1][safepoint    ] Total time for which application threads were stopped: 0.1480606 seconds, Stopping threads took: 0.1479983 seconds
[2019-12-09T03:49:27.379+0000][1][safepoint    ] Application time: 1.0028954 seconds
[2019-12-09T03:49:27.379+0000][1][safepoint    ] Entering safepoint region: Cleanup
[2019-12-09T03:49:27.379+0000][1][safepoint    ] Leaving safepoint region
[2019-12-09T03:49:27.379+0000][1][safepoint    ] Total time for which application threads were stopped: 0.0000560 seconds, Stopping threads took: 0.0000149 seconds
[2019-12-09T03:49:27.569+0000][1][safepoint    ] Application time: 0.1904542 seconds
[2019-12-09T03:49:27.569+0000][1][safepoint    ] Entering safepoint region: Deoptimize
[2019-12-09T03:49:27.569+0000][1][safepoint    ] Leaving safepoint region
[2019-12-09T03:49:27.570+0000][1][safepoint    ] Total time for which application threads were stopped: 0.0002002 seconds, Stopping threads took: 0.0000120 seconds
[2019-12-09T03:49:28.634+0000][1][safepoint    ] Application time: 1.0642060 seconds
[2019-12-09T03:49:28.634+0000][1][safepoint    ] Entering safepoint region: Cleanup
[2019-12-09T03:49:28.634+0000][1][safepoint    ] Leaving safepoint region
[2019-12-09T03:49:28.634+0000][1][safepoint    ] Total time for which application threads were stopped: 0.0000595 seconds, Stopping threads took: 0.0000150 seconds
[2019-12-09T03:49:29.642+0000][1][safepoint    ] Application time: 1.0079177 seconds
[2019-12-09T03:49:29.642+0000][1][safepoint    ] Entering safepoint region: Cleanup
[2019-12-09T03:49:29.642+0000][1][safepoint    ] Leaving safepoint region
[2019-12-09T03:49:29.642+0000][1][safepoint    ] Total time for which application threads were stopped: 0.0000666 seconds, Stopping threads took: 0.0000132 seconds
[2019-12-09T03:49:30.103+0000][1][safepoint    ] Application time: 0.4611130 seconds
[2019-12-09T03:49:30.103+0000][1][safepoint    ] Entering safepoint region: Deoptimize
[2019-12-09T03:49:30.103+0000][1][safepoint    ] Leaving safepoint region
[2019-12-09T03:49:30.103+0000][1][safepoint    ] Total time for which application threads were stopped: 0.0002730 seconds, Stopping threads took: 0.0000128 seconds
[2019-12-09T03:49:31.104+0000][1][safepoint    ] Application time: 1.0004324 seconds
[2019-12-09T03:49:31.106+0000][1][safepoint    ] Entering safepoint region: Cleanup
[2019-12-09T03:49:31.106+0000][1][safepoint    ] Leaving safepoint region
[2019-12-09T03:49:31.106+0000][1][safepoint    ] Total time for which application threads were stopped: 0.0024750 seconds, Stopping threads took: 0.0024174 seconds
[2019-12-09T03:49:31.154+0000][1][safepoint    ] Application time: 0.0474874 seconds
[2019-12-09T03:49:31.154+0000][1][safepoint    ] Entering safepoint region: Deoptimize
[2019-12-09T03:49:31.154+0000][1][safepoint    ] Leaving safepoint region
[2019-12-09T03:49:31.154+0000][1][safepoint    ] Total time for which application threads were stopped: 0.0002370 seconds, Stopping threads took: 0.0000116 seconds
[2019-12-09T03:49:31.154+0000][1][safepoint    ] Application time: 0.0001586 seconds
[2019-12-09T03:49:31.154+0000][1][safepoint    ] Entering safepoint region: Deoptimize
[2019-12-09T03:49:31.154+0000][1][safepoint    ] Leaving safepoint region
[2019-12-09T03:49:31.154+0000][1][safepoint    ] Total time for which application threads were stopped: 0.0001820 seconds, Stopping threads took: 0.0000079 seconds
[2019-12-09T03:49:31.357+0000][1][safepoint    ] Application time: 0.2023671 seconds
[2019-12-09T03:49:31.357+0000][1][safepoint    ] Entering safepoint region: Deoptimize
[2019-12-09T03:49:31.357+0000][1][safepoint    ] Leaving safepoint region
[2019-12-09T03:49:31.357+0000][1][safepoint    ] Total time for which application threads were stopped: 0.0002724 seconds, Stopping threads took: 0.0000124 seconds
[2019-12-09T03:49:31.444+0000][1][safepoint    ] Application time: 0.0870430 seconds
[2019-12-09T03:49:31.444+0000][1][safepoint    ] Entering safepoint region: RevokeBias
[2019-12-09T03:49:31.444+0000][1][safepoint    ] Leaving safepoint region
[2019-12-09T03:49:31.444+0000][1][safepoint    ] Total time for which application threads were stopped: 0.0000834 seconds, Stopping threads took: 0.0000255 seconds
[2019-12-09T03:49:31.444+0000][1][safepoint    ] Application time: 0.0000688 seconds
[2019-12-09T03:49:31.444+0000][1][safepoint    ] Entering safepoint region: RevokeBias
[2019-12-09T03:49:31.444+0000][1][safepoint    ] Leaving safepoint region
[2019-12-09T03:49:31.444+0000][1][safepoint    ] Total time for which application threads were stopped: 0.0000325 seconds, Stopping threads took: 0.0000079 seconds
[2019-12-09T03:49:31.444+0000][1][safepoint    ] Application time: 0.0000784 seconds
[2019-12-09T03:49:31.444+0000][1][safepoint    ] Entering safepoint region: RevokeBias
[2019-12-09T03:49:31.444+0000][1][safepoint    ] Leaving safepoint region
[2019-12-09T03:49:31.444+0000][1][safepoint    ] Total time for which application threads were stopped: 0.0000320 seconds, Stopping threads took: 0.0000079 seconds
[2019-12-09T03:49:31.445+0000][1][safepoint    ] Application time: 0.0001472 seconds
[2019-12-09T03:49:31.445+0000][1][safepoint    ] Entering safepoint region: RevokeBias
[2019-12-09T03:49:31.445+0000][1][safepoint    ] Leaving safepoint region
[2019-12-09T03:49:31.445+0000][1][safepoint    ] Total time for which application threads were stopped: 0.0000361 seconds, Stopping threads took: 0.0000083 seconds
[2019-12-09T03:49:31.445+0000][1][safepoint    ] Application time: 0.0003270 seconds
[2019-12-09T03:49:31.445+0000][1][safepoint    ] Entering safepoint region: RevokeBias
[2019-12-09T03:49:31.445+0000][1][safepoint    ] Leaving safepoint region
[2019-12-09T03:49:31.445+0000][1][safepoint    ] Total time for which application threads were stopped: 0.0000494 seconds, Stopping threads took: 0.0000100 seconds
[2019-12-09T03:49:31.454+0000][1][safepoint    ] Application time: 0.0086880 seconds
[2019-12-09T03:49:31.454+0000][1][safepoint    ] Entering safepoint region: Deoptimize
[2019-12-09T03:49:31.454+0000][1][safepoint    ] Leaving safepoint region
[2019-12-09T03:49:31.454+0000][1][safepoint    ] Total time for which application threads were stopped: 0.0002545 seconds, Stopping threads took: 0.0000210 seconds
[2019-12-09T03:49:31.943+0000][1][safepoint    ] Application time: 0.4886849 seconds
[2019-12-09T03:49:31.943+0000][1][safepoint    ] Entering safepoint region: RevokeBias
[2019-12-09T03:49:31.943+0000][1][safepoint    ] Leaving safepoint region
[2019-12-09T03:49:31.943+0000][1][safepoint    ] Total time for which application threads were stopped: 0.0000803 seconds, Stopping threads took: 0.0000166 seconds
[2019-12-09T03:49:32.947+0000][1][safepoint    ] Application time: 1.0038724 seconds
[2019-12-09T03:49:33.025+0000][1][safepoint    ] Entering safepoint region: Cleanup
[2019-12-09T03:49:33.025+0000][1][safepoint    ] Leaving safepoint region
[2019-12-09T03:49:33.025+0000][1][safepoint    ] Total time for which application threads were stopped: 0.0781751 seconds, Stopping threads took: 0.0781138 seconds
[2019-12-09T03:49:33.612+0000][1][safepoint    ] Application time: 0.5871088 seconds
[2019-12-09T03:49:33.612+0000][1][safepoint    ] Entering safepoint region: GenCollectForAllocation
[2019-12-09T03:49:33.612+0000][1][gc,start     ] GC(0) Pause Young (Allocation Failure)
[2019-12-09T03:49:33.612+0000][1][gc,task      ] GC(0) Using 2 workers of 2 for evacuation
[2019-12-09T03:49:33.712+0000][1][gc,age       ] GC(0) Desired survivor size 4456448 bytes, new threshold 1 (max threshold 6)
[2019-12-09T03:49:33.712+0000][1][gc,age       ] GC(0) Age table with threshold 1 (max threshold 6)
[2019-12-09T03:49:33.712+0000][1][gc,age       ] GC(0) - age   1:    6694368 bytes,    6694368 total
[2019-12-09T03:49:33.712+0000][1][gc,heap      ] GC(0) ParNew: 69952K->6585K(78656K)
[2019-12-09T03:49:33.712+0000][1][gc,heap      ] GC(0) CMS: 0K->0K(174784K)
[2019-12-09T03:49:33.712+0000][1][gc,metaspace ] GC(0) Metaspace: 13011K->13011K(1060864K)
[2019-12-09T03:49:33.712+0000][1][gc           ] GC(0) Pause Young (Allocation Failure) 68M->6M(247M) 100.161ms
[2019-12-09T03:49:33.712+0000][1][gc,cpu       ] GC(0) User=0.02s Sys=0.00s Real=0.10s
[2019-12-09T03:49:33.712+0000][1][safepoint    ] Leaving safepoint region
[2019-12-09T03:49:33.712+0000][1][safepoint    ] Total time for which application threads were stopped: 0.1003045 seconds, Stopping threads took: 0.0000139 seconds
[2019-12-09T03:49:33.733+0000][1][safepoint    ] Application time: 0.0209544 seconds
[2019-12-09T03:49:33.788+0000][1][safepoint    ] Entering safepoint region: RevokeBias
[2019-12-09T03:49:33.788+0000][1][safepoint    ] Leaving safepoint region
[2019-12-09T03:49:33.788+0000][1][safepoint    ] Total time for which application threads were stopped: 0.0545751 seconds, Stopping threads took: 0.0544644 seconds
[2019-12-09T03:49:33.788+0000][1][safepoint    ] Application time: 0.0001728 seconds
[2019-12-09T03:49:33.788+0000][1][safepoint    ] Entering safepoint region: RevokeBias
[2019-12-09T03:49:33.788+0000][1][safepoint    ] Leaving safepoint region
[2019-12-09T03:49:33.788+0000][1][safepoint    ] Total time for which application threads were stopped: 0.0000745 seconds, Stopping threads took: 0.0000114 seconds
[2019-12-09T03:49:33.788+0000][1][safepoint    ] Application time: 0.0000756 seconds
[2019-12-09T03:49:33.788+0000][1][safepoint    ] Entering safepoint region: RevokeBias
[2019-12-09T03:49:33.788+0000][1][safepoint    ] Leaving safepoint region
[2019-12-09T03:49:33.788+0000][1][safepoint    ] Total time for which application threads were stopped: 0.0000630 seconds, Stopping threads took: 0.0000086 seconds
[2019-12-09T03:49:33.788+0000][1][safepoint    ] Application time: 0.0000558 seconds
[2019-12-09T03:49:33.788+0000][1][safepoint    ] Entering safepoint region: RevokeBias
[2019-12-09T03:49:33.789+0000][1][safepoint    ] Leaving safepoint region
[2019-12-09T03:49:33.789+0000][1][safepoint    ] Total time for which application threads were stopped: 0.0000563 seconds, Stopping threads took: 0.0000084 seconds
[2019-12-09T03:49:33.789+0000][1][safepoint    ] Application time: 0.0000643 seconds
[2019-12-09T03:49:33.789+0000][1][safepoint    ] Entering safepoint region: RevokeBias
[2019-12-09T03:49:33.789+0000][1][safepoint    ] Leaving safepoint region
[2019-12-09T03:49:33.789+0000][1][safepoint    ] Total time for which application threads were stopped: 0.0000579 seconds, Stopping threads took: 0.0000089 seconds
[2019-12-09T03:49:33.789+0000][1][safepoint    ] Application time: 0.0000759 seconds
[2019-12-09T03:49:33.789+0000][1][safepoint    ] Entering safepoint region: RevokeBias
[2019-12-09T03:49:33.789+0000][1][safepoint    ] Leaving safepoint region
[2019-12-09T03:49:33.789+0000][1][safepoint    ] Total time for which application threads were stopped: 0.0000539 seconds, Stopping threads took: 0.0000081 seconds
[2019-12-09T03:49:33.789+0000][1][safepoint    ] Application time: 0.0000606 seconds
[2019-12-09T03:49:33.789+0000][1][safepoint    ] Entering safepoint region: RevokeBias
[2019-12-09T03:49:33.789+0000][1][safepoint    ] Leaving safepoint region
[2019-12-09T03:49:33.789+0000][1][safepoint    ] Total time for which application threads were stopped: 0.0000495 seconds, Stopping threads took: 0.0000084 seconds
[2019-12-09T03:49:33.789+0000][1][safepoint    ] Application time: 0.0000514 seconds
[2019-12-09T03:49:33.789+0000][1][safepoint    ] Entering safepoint region: RevokeBias
[2019-12-09T03:49:33.789+0000][1][safepoint    ] Leaving safepoint region
[2019-12-09T03:49:33.789+0000][1][safepoint    ] Total time for which application threads were stopped: 0.0000623 seconds, Stopping threads took: 0.0000183 seconds
[2019-12-09T03:49:33.789+0000][1][safepoint    ] Application time: 0.0000596 seconds
[2019-12-09T03:49:33.789+0000][1][safepoint    ] Entering safepoint region: RevokeBias
[2019-12-09T03:49:33.789+0000][1][safepoint    ] Leaving safepoint region
[2019-12-09T03:49:33.789+0000][1][safepoint    ] Total time for which application threads were stopped: 0.0000529 seconds, Stopping threads took: 0.0000086 seconds
[2019-12-09T03:49:33.789+0000][1][safepoint    ] Application time: 0.0000527 seconds
[2019-12-09T03:49:33.789+0000][1][safepoint    ] Entering safepoint region: RevokeBias
[2019-12-09T03:49:33.789+0000][1][safepoint    ] Leaving safepoint region
[2019-12-09T03:49:33.789+0000][1][safepoint    ] Total time for which application threads were stopped: 0.0000520 seconds, Stopping threads took: 0.0000083 seconds
[2019-12-09T03:49:33.789+0000][1][safepoint    ] Application time: 0.0000614 seconds
[2019-12-09T03:49:33.789+0000][1][safepoint    ] Entering safepoint region: RevokeBias
[2019-12-09T03:49:33.789+0000][1][safepoint    ] Leaving safepoint region
[2019-12-09T03:49:33.789+0000][1][safepoint    ] Total time for which application threads were stopped: 0.0000457 seconds, Stopping threads took: 0.0000072 seconds
[2019-12-09T03:49:33.789+0000][1][safepoint    ] Application time: 0.0000446 seconds
[2019-12-09T03:49:33.789+0000][1][safepoint    ] Entering safepoint region: RevokeBias
[2019-12-09T03:49:33.790+0000][1][safepoint    ] Leaving safepoint region
[2019-12-09T03:49:33.790+0000][1][safepoint    ] Total time for which application threads were stopped: 0.0000461 seconds, Stopping threads took: 0.0000075 seconds
[2019-12-09T03:49:33.790+0000][1][safepoint    ] Application time: 0.0000488 seconds
[2019-12-09T03:49:33.790+0000][1][safepoint    ] Entering safepoint region: RevokeBias
[2019-12-09T03:49:33.790+0000][1][safepoint    ] Leaving safepoint region
[2019-12-09T03:49:33.790+0000][1][safepoint    ] Total time for which application threads were stopped: 0.0000434 seconds, Stopping threads took: 0.0000072 seconds
[2019-12-09T03:49:33.790+0000][1][safepoint    ] Application time: 0.0000545 seconds
[2019-12-09T03:49:33.790+0000][1][safepoint    ] Entering safepoint region: RevokeBias
[2019-12-09T03:49:33.790+0000][1][safepoint    ] Leaving safepoint region
[2019-12-09T03:49:33.790+0000][1][safepoint    ] Total time for which application threads were stopped: 0.0000437 seconds, Stopping threads took: 0.0000067 seconds
[2019-12-09T03:49:33.790+0000][1][safepoint    ] Application time: 0.0000488 seconds
[2019-12-09T03:49:33.790+0000][1][safepoint    ] Entering safepoint region: RevokeBias
[2019-12-09T03:49:33.790+0000][1][safepoint    ] Leaving safepoint region
[2019-12-09T03:49:33.790+0000][1][safepoint    ] Total time for which application threads were stopped: 0.0000431 seconds, Stopping threads took: 0.0000070 seconds
[2019-12-09T03:49:33.790+0000][1][safepoint    ] Application time: 0.0000438 seconds
[2019-12-09T03:49:33.790+0000][1][safepoint    ] Entering safepoint region: RevokeBias
[2019-12-09T03:49:33.790+0000][1][safepoint    ] Leaving safepoint region
[2019-12-09T03:49:33.790+0000][1][safepoint    ] Total time for which application threads were stopped: 0.0000426 seconds, Stopping threads took: 0.0000069 seconds
[2019-12-09T03:49:33.790+0000][1][safepoint    ] Application time: 0.0000510 seconds
[2019-12-09T03:49:33.790+0000][1][safepoint    ] Entering safepoint region: RevokeBias
[2019-12-09T03:49:33.790+0000][1][safepoint    ] Leaving safepoint region
[2019-12-09T03:49:33.790+0000][1][safepoint    ] Total time for which application threads were stopped: 0.0000436 seconds, Stopping threads took: 0.0000066 seconds
[2019-12-09T03:49:33.790+0000][1][safepoint    ] Application time: 0.0000442 seconds
[2019-12-09T03:49:33.790+0000][1][safepoint    ] Entering safepoint region: RevokeBias
[2019-12-09T03:49:33.790+0000][1][safepoint    ] Leaving safepoint region
[2019-12-09T03:49:33.790+0000][1][safepoint    ] Total time for which application threads were stopped: 0.0000484 seconds, Stopping threads took: 0.0000131 seconds
[2019-12-09T03:49:33.790+0000][1][safepoint    ] Application time: 0.0000693 seconds
[2019-12-09T03:49:33.790+0000][1][safepoint    ] Entering safepoint region: RevokeBias
[2019-12-09T03:49:33.790+0000][1][safepoint    ] Leaving safepoint region
[2019-12-09T03:49:33.790+0000][1][safepoint    ] Total time for which application threads were stopped: 0.0000440 seconds, Stopping threads took: 0.0000068 seconds
[2019-12-09T03:49:33.790+0000][1][safepoint    ] Application time: 0.0000561 seconds
[2019-12-09T03:49:33.790+0000][1][safepoint    ] Entering safepoint region: RevokeBias
[2019-12-09T03:49:33.790+0000][1][safepoint    ] Leaving safepoint region
[2019-12-09T03:49:33.790+0000][1][safepoint    ] Total time for which application threads were stopped: 0.0000435 seconds, Stopping threads took: 0.0000071 seconds
[2019-12-09T03:49:33.790+0000][1][safepoint    ] Application time: 0.0000485 seconds
[2019-12-09T03:49:33.790+0000][1][safepoint    ] Entering safepoint region: RevokeBias
[2019-12-09T03:49:33.791+0000][1][safepoint    ] Leaving safepoint region
[2019-12-09T03:49:33.791+0000][1][safepoint    ] Total time for which application threads were stopped: 0.0000444 seconds, Stopping threads took: 0.0000067 seconds
[2019-12-09T03:49:33.791+0000][1][safepoint    ] Application time: 0.0000440 seconds
[2019-12-09T03:49:33.791+0000][1][safepoint    ] Entering safepoint region: RevokeBias
[2019-12-09T03:49:33.791+0000][1][safepoint    ] Leaving safepoint region
[2019-12-09T03:49:33.791+0000][1][safepoint    ] Total time for which application threads were stopped: 0.0000446 seconds, Stopping threads took: 0.0000071 seconds
[2019-12-09T03:49:33.791+0000][1][safepoint    ] Application time: 0.0000578 seconds
[2019-12-09T03:49:33.791+0000][1][safepoint    ] Entering safepoint region: RevokeBias
[2019-12-09T03:49:33.791+0000][1][safepoint    ] Leaving safepoint region
[2019-12-09T03:49:33.791+0000][1][safepoint    ] Total time for which application threads were stopped: 0.0000453 seconds, Stopping threads took: 0.0000073 seconds
[2019-12-09T03:49:33.791+0000][1][safepoint    ] Application time: 0.0000515 seconds
[2019-12-09T03:49:33.791+0000][1][safepoint    ] Entering safepoint region: RevokeBias
[2019-12-09T03:49:33.791+0000][1][safepoint    ] Leaving safepoint region
[2019-12-09T03:49:33.791+0000][1][safepoint    ] Total time for which application threads were stopped: 0.0000444 seconds, Stopping threads took: 0.0000072 seconds
[2019-12-09T03:49:33.791+0000][1][safepoint    ] Application time: 0.0000657 seconds
[2019-12-09T03:49:33.791+0000][1][safepoint    ] Entering safepoint region: RevokeBias
[2019-12-09T03:49:33.791+0000][1][safepoint    ] Leaving safepoint region
[2019-12-09T03:49:33.791+0000][1][safepoint    ] Total time for which application threads were stopped: 0.0000448 seconds, Stopping threads took: 0.0000071 seconds
[2019-12-09T03:49:33.791+0000][1][safepoint    ] Application time: 0.0000440 seconds
[2019-12-09T03:49:33.791+0000][1][safepoint    ] Entering safepoint region: RevokeBias
[2019-12-09T03:49:33.791+0000][1][safepoint    ] Leaving safepoint region
[2019-12-09T03:49:33.791+0000][1][safepoint    ] Total time for which application threads were stopped: 0.0000439 seconds, Stopping threads took: 0.0000072 seconds
[2019-12-09T03:49:33.791+0000][1][safepoint    ] Application time: 0.0002885 seconds
[2019-12-09T03:49:33.791+0000][1][safepoint    ] Entering safepoint region: RevokeBias
[2019-12-09T03:49:33.791+0000][1][safepoint    ] Leaving safepoint region
[2019-12-09T03:49:33.791+0000][1][safepoint    ] Total time for which application threads were stopped: 0.0000534 seconds, Stopping threads took: 0.0000083 seconds
[2019-12-09T03:49:33.792+0000][1][safepoint    ] Application time: 0.0000524 seconds
[2019-12-09T03:49:33.792+0000][1][safepoint    ] Entering safepoint region: RevokeBias
[2019-12-09T03:49:33.792+0000][1][safepoint    ] Leaving safepoint region
[2019-12-09T03:49:33.792+0000][1][safepoint    ] Total time for which application threads were stopped: 0.0000572 seconds, Stopping threads took: 0.0000144 seconds
[2019-12-09T03:49:33.792+0000][1][safepoint    ] Application time: 0.0000594 seconds
[2019-12-09T03:49:33.792+0000][1][safepoint    ] Entering safepoint region: RevokeBias
[2019-12-09T03:49:33.792+0000][1][safepoint    ] Leaving safepoint region
[2019-12-09T03:49:33.792+0000][1][safepoint    ] Total time for which application threads were stopped: 0.0000716 seconds, Stopping threads took: 0.0000079 seconds
[2019-12-09T03:49:33.792+0000][1][safepoint    ] Application time: 0.0000526 seconds
[2019-12-09T03:49:33.792+0000][1][safepoint    ] Entering safepoint region: RevokeBias
[2019-12-09T03:49:33.792+0000][1][safepoint    ] Leaving safepoint region
[2019-12-09T03:49:33.792+0000][1][safepoint    ] Total time for which application threads were stopped: 0.0000512 seconds, Stopping threads took: 0.0000082 seconds
[2019-12-09T03:49:34.498+0000][1][safepoint    ] Application time: 0.7060836 seconds
[2019-12-09T03:49:34.498+0000][1][safepoint    ] Entering safepoint region: RevokeBias
[2019-12-09T03:49:34.498+0000][1][safepoint    ] Leaving safepoint region
[2019-12-09T03:49:34.498+0000][1][safepoint    ] Total time for which application threads were stopped: 0.0000688 seconds, Stopping threads took: 0.0000123 seconds
[2019-12-09T03:49:34.504+0000][1][safepoint    ] Application time: 0.0057355 seconds
[2019-12-09T03:49:34.504+0000][1][safepoint    ] Entering safepoint region: RevokeBias
[2019-12-09T03:49:34.504+0000][1][safepoint    ] Leaving safepoint region
[2019-12-09T03:49:34.504+0000][1][safepoint    ] Total time for which application threads were stopped: 0.0000488 seconds, Stopping threads took: 0.0000118 seconds
[2019-12-09T03:49:34.916+0000][1][safepoint    ] Application time: 0.4116898 seconds
[2019-12-09T03:49:34.916+0000][1][safepoint    ] Entering safepoint region: Deoptimize
[2019-12-09T03:49:34.916+0000][1][safepoint    ] Leaving safepoint region
[2019-12-09T03:49:34.916+0000][1][safepoint    ] Total time for which application threads were stopped: 0.0004418 seconds, Stopping threads took: 0.0000141 seconds
[2019-12-09T03:49:35.945+0000][1][safepoint    ] Application time: 1.0286803 seconds
[2019-12-09T03:49:36.023+0000][1][safepoint    ] Entering safepoint region: Cleanup
[2019-12-09T03:49:36.023+0000][1][safepoint    ] Leaving safepoint region
[2019-12-09T03:49:36.023+0000][1][safepoint    ] Total time for which application threads were stopped: 0.0781036 seconds, Stopping threads took: 0.0780201 seconds
[2019-12-09T03:49:36.220+0000][1][safepoint    ] Application time: 0.1973253 seconds
[2019-12-09T03:49:36.220+0000][1][safepoint    ] Entering safepoint region: RevokeBias
[2019-12-09T03:49:36.220+0000][1][safepoint    ] Leaving safepoint region
[2019-12-09T03:49:36.220+0000][1][safepoint    ] Total time for which application threads were stopped: 0.0001313 seconds, Stopping threads took: 0.0000449 seconds
[2019-12-09T03:49:37.229+0000][1][safepoint    ] Application time: 1.0083128 seconds
[2019-12-09T03:49:37.307+0000][1][safepoint    ] Entering safepoint region: Cleanup
[2019-12-09T03:49:37.307+0000][1][safepoint    ] Leaving safepoint region
[2019-12-09T03:49:37.307+0000][1][safepoint    ] Total time for which application threads were stopped: 0.0781312 seconds, Stopping threads took: 0.0780713 seconds
[2019-12-09T03:49:37.786+0000][1][safepoint    ] Application time: 0.4791369 seconds
[2019-12-09T03:49:37.786+0000][1][safepoint    ] Entering safepoint region: GenCollectForAllocation
[2019-12-09T03:49:37.786+0000][1][gc,start     ] GC(1) Pause Young (Allocation Failure)
[2019-12-09T03:49:37.786+0000][1][gc,task      ] GC(1) Using 2 workers of 2 for evacuation
[2019-12-09T03:49:38.064+0000][1][gc,age       ] GC(1) Desired survivor size 4456448 bytes, new threshold 6 (max threshold 6)
[2019-12-09T03:49:38.064+0000][1][gc,age       ] GC(1) Age table with threshold 6 (max threshold 6)
[2019-12-09T03:49:38.064+0000][1][gc,age       ] GC(1) - age   1:    1240840 bytes,    1240840 total
[2019-12-09T03:49:38.064+0000][1][gc,heap      ] GC(1) ParNew: 76537K->4264K(78656K)
[2019-12-09T03:49:38.064+0000][1][gc,heap      ] GC(1) CMS: 0K->7029K(174784K)
[2019-12-09T03:49:38.064+0000][1][gc,metaspace ] GC(1) Metaspace: 15041K->15041K(1062912K)
[2019-12-09T03:49:38.064+0000][1][gc           ] GC(1) Pause Young (Allocation Failure) 74M->11M(247M) 277.913ms
[2019-12-09T03:49:38.064+0000][1][gc,cpu       ] GC(1) User=0.06s Sys=0.00s Real=0.27s
[2019-12-09T03:49:38.064+0000][1][safepoint    ] Leaving safepoint region
[2019-12-09T03:49:38.064+0000][1][safepoint    ] Total time for which application threads were stopped: 0.2780536 seconds, Stopping threads took: 0.0000136 seconds
[2019-12-09T03:49:38.066+0000][1][safepoint    ] Application time: 0.0021278 seconds
[2019-12-09T03:49:38.117+0000][1][safepoint    ] Entering safepoint region: BulkRevokeBias
[2019-12-09T03:49:38.117+0000][1][safepoint    ] Leaving safepoint region
[2019-12-09T03:49:38.117+0000][1][safepoint    ] Total time for which application threads were stopped: 0.0506824 seconds, Stopping threads took: 0.0505569 seconds
[2019-12-09T03:49:38.117+0000][1][safepoint    ] Application time: 0.0001563 seconds
[2019-12-09T03:49:38.117+0000][1][safepoint    ] Entering safepoint region: RevokeBias
[2019-12-09T03:49:38.117+0000][1][safepoint    ] Leaving safepoint region
[2019-12-09T03:49:38.117+0000][1][safepoint    ] Total time for which application threads were stopped: 0.0000482 seconds, Stopping threads took: 0.0000098 seconds
[2019-12-09T03:49:38.117+0000][1][safepoint    ] Application time: 0.0000950 seconds
[2019-12-09T03:49:38.117+0000][1][safepoint    ] Entering safepoint region: RevokeBias
[2019-12-09T03:49:38.117+0000][1][safepoint    ] Leaving safepoint region
[2019-12-09T03:49:38.117+0000][1][safepoint    ] Total time for which application threads were stopped: 0.0000386 seconds, Stopping threads took: 0.0000078 seconds
[2019-12-09T03:49:38.117+0000][1][safepoint    ] Application time: 0.0000454 seconds
[2019-12-09T03:49:38.117+0000][1][safepoint    ] Entering safepoint region: RevokeBias
[2019-12-09T03:49:38.117+0000][1][safepoint    ] Leaving safepoint region
[2019-12-09T03:49:38.117+0000][1][safepoint    ] Total time for which application threads were stopped: 0.0000325 seconds, Stopping threads took: 0.0000073 seconds
[2019-12-09T03:49:38.117+0000][1][safepoint    ] Application time: 0.0000484 seconds
[2019-12-09T03:49:38.117+0000][1][safepoint    ] Entering safepoint region: RevokeBias
[2019-12-09T03:49:38.118+0000][1][safepoint    ] Leaving safepoint region
[2019-12-09T03:49:38.118+0000][1][safepoint    ] Total time for which application threads were stopped: 0.0000328 seconds, Stopping threads took: 0.0000073 seconds
[2019-12-09T03:49:38.118+0000][1][safepoint    ] Application time: 0.0000444 seconds
[2019-12-09T03:49:38.118+0000][1][safepoint    ] Entering safepoint region: RevokeBias
[2019-12-09T03:49:38.118+0000][1][safepoint    ] Leaving safepoint region
[2019-12-09T03:49:38.118+0000][1][safepoint    ] Total time for which application threads were stopped: 0.0000331 seconds, Stopping threads took: 0.0000074 seconds
[2019-12-09T03:49:38.118+0000][1][safepoint    ] Application time: 0.0000690 seconds
[2019-12-09T03:49:38.118+0000][1][safepoint    ] Entering safepoint region: BulkRevokeBias
[2019-12-09T03:49:38.118+0000][1][safepoint    ] Leaving safepoint region
[2019-12-09T03:49:38.118+0000][1][safepoint    ] Total time for which application threads were stopped: 0.0000668 seconds, Stopping threads took: 0.0000087 seconds
[2019-12-09T03:49:38.118+0000][1][safepoint    ] Application time: 0.0000496 seconds
[2019-12-09T03:49:38.118+0000][1][safepoint    ] Entering safepoint region: RevokeBias
[2019-12-09T03:49:38.118+0000][1][safepoint    ] Leaving safepoint region
[2019-12-09T03:49:38.118+0000][1][safepoint    ] Total time for which application threads were stopped: 0.0000361 seconds, Stopping threads took: 0.0000069 seconds
[2019-12-09T03:49:38.118+0000][1][safepoint    ] Application time: 0.0000536 seconds
[2019-12-09T03:49:38.118+0000][1][safepoint    ] Entering safepoint region: BulkRevokeBias
[2019-12-09T03:49:38.118+0000][1][safepoint    ] Leaving safepoint region
[2019-12-09T03:49:38.118+0000][1][safepoint    ] Total time for which application threads were stopped: 0.0000544 seconds, Stopping threads took: 0.0000073 seconds
[2019-12-09T03:49:39.159+0000][1][safepoint    ] Application time: 1.0406934 seconds
[2019-12-09T03:49:39.250+0000][1][safepoint    ] Entering safepoint region: Cleanup
[2019-12-09T03:49:39.250+0000][1][safepoint    ] Leaving safepoint region
[2019-12-09T03:49:39.250+0000][1][safepoint    ] Total time for which application threads were stopped: 0.0911077 seconds, Stopping threads took: 0.0910370 seconds
[2019-12-09T03:49:39.436+0000][1][safepoint    ] Application time: 0.1860482 seconds
[2019-12-09T03:49:39.436+0000][1][safepoint    ] Entering safepoint region: GenCollectForAllocation
[2019-12-09T03:49:39.436+0000][1][gc,start     ] GC(2) Pause Young (Allocation Failure)
[2019-12-09T03:49:39.436+0000][1][gc,task      ] GC(2) Using 2 workers of 2 for evacuation
[2019-12-09T03:49:39.542+0000][1][gc,age       ] GC(2) Desired survivor size 4456448 bytes, new threshold 6 (max threshold 6)
[2019-12-09T03:49:39.542+0000][1][gc,age       ] GC(2) Age table with threshold 6 (max threshold 6)
[2019-12-09T03:49:39.542+0000][1][gc,age       ] GC(2) - age   1:     551104 bytes,     551104 total
[2019-12-09T03:49:39.542+0000][1][gc,age       ] GC(2) - age   2:     981616 bytes,    1532720 total
[2019-12-09T03:49:39.542+0000][1][gc,heap      ] GC(2) ParNew: 74216K->2053K(78656K)
[2019-12-09T03:49:39.542+0000][1][gc,heap      ] GC(2) CMS: 7029K->7029K(174784K)
[2019-12-09T03:49:39.542+0000][1][gc,metaspace ] GC(2) Metaspace: 15136K->15136K(1062912K)
[2019-12-09T03:49:39.542+0000][1][gc           ] GC(2) Pause Young (Allocation Failure) 79M->8M(247M) 105.895ms
[2019-12-09T03:49:39.542+0000][1][gc,cpu       ] GC(2) User=0.02s Sys=0.00s Real=0.10s
[2019-12-09T03:49:39.542+0000][1][safepoint    ] Leaving safepoint region
[2019-12-09T03:49:39.542+0000][1][safepoint    ] Total time for which application threads were stopped: 0.1060287 seconds, Stopping threads took: 0.0000137 seconds
[2019-12-09T03:49:39.552+0000][1][safepoint    ] Application time: 0.0098298 seconds
[2019-12-09T03:49:39.624+0000][1][safepoint    ] Entering safepoint region: RevokeBias
[2019-12-09T03:49:39.624+0000][1][safepoint    ] Leaving safepoint region
[2019-12-09T03:49:39.624+0000][1][safepoint    ] Total time for which application threads were stopped: 0.0720678 seconds, Stopping threads took: 0.0719331 seconds
[2019-12-09T03:49:39.624+0000][1][safepoint    ] Application time: 0.0000744 seconds
[2019-12-09T03:49:39.624+0000][1][safepoint    ] Entering safepoint region: RevokeBias
[2019-12-09T03:49:39.624+0000][1][safepoint    ] Leaving safepoint region
[2019-12-09T03:49:39.624+0000][1][safepoint    ] Total time for which application threads were stopped: 0.0000918 seconds, Stopping threads took: 0.0000095 seconds
[2019-12-09T03:49:39.624+0000][1][safepoint    ] Application time: 0.0000691 seconds
[2019-12-09T03:49:39.624+0000][1][safepoint    ] Entering safepoint region: RevokeBias
[2019-12-09T03:49:39.624+0000][1][safepoint    ] Leaving safepoint region
[2019-12-09T03:49:39.624+0000][1][safepoint    ] Total time for which application threads were stopped: 0.0000742 seconds, Stopping threads took: 0.0000074 seconds
[2019-12-09T03:49:39.624+0000][1][safepoint    ] Application time: 0.0000457 seconds
[2019-12-09T03:49:39.624+0000][1][safepoint    ] Entering safepoint region: RevokeBias
[2019-12-09T03:49:39.624+0000][1][safepoint    ] Leaving safepoint region
[2019-12-09T03:49:39.624+0000][1][safepoint    ] Total time for which application threads were stopped: 0.0000696 seconds, Stopping threads took: 0.0000068 seconds
[2019-12-09T03:49:39.624+0000][1][safepoint    ] Application time: 0.0000523 seconds
[2019-12-09T03:49:39.624+0000][1][safepoint    ] Entering safepoint region: RevokeBias
[2019-12-09T03:49:39.625+0000][1][safepoint    ] Leaving safepoint region
[2019-12-09T03:49:39.625+0000][1][safepoint    ] Total time for which application threads were stopped: 0.0000787 seconds, Stopping threads took: 0.0000165 seconds
[2019-12-09T03:49:39.625+0000][1][safepoint    ] Application time: 0.0000456 seconds
[2019-12-09T03:49:39.625+0000][1][safepoint    ] Entering safepoint region: RevokeBias
[2019-12-09T03:49:39.625+0000][1][safepoint    ] Leaving safepoint region
[2019-12-09T03:49:39.625+0000][1][safepoint    ] Total time for which application threads were stopped: 0.0000702 seconds, Stopping threads took: 0.0000074 seconds
[2019-12-09T03:49:39.625+0000][1][safepoint    ] Application time: 0.0000548 seconds
[2019-12-09T03:49:39.625+0000][1][safepoint    ] Entering safepoint region: RevokeBias
[2019-12-09T03:49:39.625+0000][1][safepoint    ] Leaving safepoint region
[2019-12-09T03:49:39.625+0000][1][safepoint    ] Total time for which application threads were stopped: 0.0000718 seconds, Stopping threads took: 0.0000071 seconds
[2019-12-09T03:49:39.625+0000][1][safepoint    ] Application time: 0.0000454 seconds
[2019-12-09T03:49:39.625+0000][1][safepoint    ] Entering safepoint region: RevokeBias
[2019-12-09T03:49:39.625+0000][1][safepoint    ] Leaving safepoint region
[2019-12-09T03:49:39.625+0000][1][safepoint    ] Total time for which application threads were stopped: 0.0000715 seconds, Stopping threads took: 0.0000072 seconds
[2019-12-09T03:49:39.625+0000][1][safepoint    ] Application time: 0.0000518 seconds
[2019-12-09T03:49:39.625+0000][1][safepoint    ] Entering safepoint region: RevokeBias
[2019-12-09T03:49:39.625+0000][1][safepoint    ] Leaving safepoint region
[2019-12-09T03:49:39.625+0000][1][safepoint    ] Total time for which application threads were stopped: 0.0000700 seconds, Stopping threads took: 0.0000073 seconds
[2019-12-09T03:49:39.625+0000][1][safepoint    ] Application time: 0.0000455 seconds
[2019-12-09T03:49:39.625+0000][1][safepoint    ] Entering safepoint region: RevokeBias
[2019-12-09T03:49:39.625+0000][1][safepoint    ] Leaving safepoint region
[2019-12-09T03:49:39.625+0000][1][safepoint    ] Total time for which application threads were stopped: 0.0000706 seconds, Stopping threads took: 0.0000072 seconds
[2019-12-09T03:49:40.370+0000][1][safepoint    ] Application time: 0.7442862 seconds
[2019-12-09T03:49:40.370+0000][1][safepoint    ] Entering safepoint region: Deoptimize
[2019-12-09T03:49:40.370+0000][1][safepoint    ] Leaving safepoint region
[2019-12-09T03:49:40.370+0000][1][safepoint    ] Total time for which application threads were stopped: 0.0005461 seconds, Stopping threads took: 0.0001771 seconds
[2019-12-09T03:49:40.382+0000][1][safepoint    ] Application time: 0.0116177 seconds
[2019-12-09T03:49:40.382+0000][1][safepoint    ] Entering safepoint region: Deoptimize
[2019-12-09T03:49:40.382+0000][1][safepoint    ] Leaving safepoint region
[2019-12-09T03:49:40.382+0000][1][safepoint    ] Total time for which application threads were stopped: 0.0003522 seconds, Stopping threads took: 0.0000116 seconds
[2019-12-09T03:49:41.384+0000][1][safepoint    ] Application time: 1.0016075 seconds
[2019-12-09T03:49:41.427+0000][1][safepoint    ] Entering safepoint region: Cleanup
[2019-12-09T03:49:41.427+0000][1][safepoint    ] Leaving safepoint region
[2019-12-09T03:49:41.427+0000][1][safepoint    ] Total time for which application threads were stopped: 0.0432138 seconds, Stopping threads took: 0.0431447 seconds
[2019-12-09T03:49:42.359+0000][1][safepoint    ] Application time: 0.9324505 seconds
[2019-12-09T03:49:42.359+0000][1][safepoint    ] Entering safepoint region: GenCollectForAllocation
[2019-12-09T03:49:42.360+0000][1][gc,start     ] GC(3) Pause Young (Allocation Failure)
[2019-12-09T03:49:42.360+0000][1][gc,task      ] GC(3) Using 2 workers of 2 for evacuation
[2019-12-09T03:49:42.426+0000][1][gc,age       ] GC(3) Desired survivor size 4456448 bytes, new threshold 3 (max threshold 6)
[2019-12-09T03:49:42.427+0000][1][gc,age       ] GC(3) Age table with threshold 3 (max threshold 6)
[2019-12-09T03:49:42.427+0000][1][gc,age       ] GC(3) - age   1:    3650496 bytes,    3650496 total
[2019-12-09T03:49:42.427+0000][1][gc,age       ] GC(3) - age   2:     538336 bytes,    4188832 total
[2019-12-09T03:49:42.427+0000][1][gc,age       ] GC(3) - age   3:     979312 bytes,    5168144 total
[2019-12-09T03:49:42.427+0000][1][gc,heap      ] GC(3) ParNew: 72005K->5865K(78656K)
[2019-12-09T03:49:42.427+0000][1][gc,heap      ] GC(3) CMS: 7029K->7029K(174784K)
[2019-12-09T03:49:42.427+0000][1][gc,metaspace ] GC(3) Metaspace: 18563K->18563K(1067008K)
[2019-12-09T03:49:42.427+0000][1][gc           ] GC(3) Pause Young (Allocation Failure) 77M->12M(247M) 67.057ms
[2019-12-09T03:49:42.427+0000][1][gc,cpu       ] GC(3) User=0.02s Sys=0.00s Real=0.07s
[2019-12-09T03:49:42.427+0000][1][safepoint    ] Leaving safepoint region
[2019-12-09T03:49:42.427+0000][1][safepoint    ] Total time for which application threads were stopped: 0.0671928 seconds, Stopping threads took: 0.0000132 seconds
[2019-12-09T03:49:42.490+0000][1][safepoint    ] Application time: 0.0629889 seconds
[2019-12-09T03:49:42.541+0000][1][safepoint    ] Entering safepoint region: BulkRevokeBias
[2019-12-09T03:49:42.542+0000][1][safepoint    ] Leaving safepoint region
[2019-12-09T03:49:42.542+0000][1][safepoint    ] Total time for which application threads were stopped: 0.0518473 seconds, Stopping threads took: 0.0516433 seconds
[2019-12-09T03:49:42.548+0000][1][safepoint    ] Application time: 0.0069112 seconds
[2019-12-09T03:49:42.548+0000][1][safepoint    ] Entering safepoint region: RevokeBias
[2019-12-09T03:49:42.549+0000][1][safepoint    ] Leaving safepoint region
[2019-12-09T03:49:42.549+0000][1][safepoint    ] Total time for which application threads were stopped: 0.0000656 seconds, Stopping threads took: 0.0000108 seconds
[2019-12-09T03:49:42.549+0000][1][safepoint    ] Application time: 0.0000656 seconds
[2019-12-09T03:49:42.549+0000][1][safepoint    ] Entering safepoint region: RevokeBias
[2019-12-09T03:49:42.549+0000][1][safepoint    ] Leaving safepoint region
[2019-12-09T03:49:42.549+0000][1][safepoint    ] Total time for which application threads were stopped: 0.0000353 seconds, Stopping threads took: 0.0000071 seconds
[2019-12-09T03:49:42.549+0000][1][safepoint    ] Application time: 0.0000557 seconds
[2019-12-09T03:49:42.549+0000][1][safepoint    ] Entering safepoint region: RevokeBias
[2019-12-09T03:49:42.549+0000][1][safepoint    ] Leaving safepoint region
[2019-12-09T03:49:42.549+0000][1][safepoint    ] Total time for which application threads were stopped: 0.0000335 seconds, Stopping threads took: 0.0000067 seconds
[2019-12-09T03:49:42.549+0000][1][safepoint    ] Application time: 0.0000468 seconds
[2019-12-09T03:49:42.549+0000][1][safepoint    ] Entering safepoint region: RevokeBias
[2019-12-09T03:49:42.549+0000][1][safepoint    ] Leaving safepoint region
[2019-12-09T03:49:42.549+0000][1][safepoint    ] Total time for which application threads were stopped: 0.0000310 seconds, Stopping threads took: 0.0000070 seconds
[2019-12-09T03:49:42.549+0000][1][safepoint    ] Application time: 0.0000422 seconds
[2019-12-09T03:49:42.549+0000][1][safepoint    ] Entering safepoint region: RevokeBias
[2019-12-09T03:49:42.549+0000][1][safepoint    ] Leaving safepoint region
[2019-12-09T03:49:42.549+0000][1][safepoint    ] Total time for which application threads were stopped: 0.0000301 seconds, Stopping threads took: 0.0000065 seconds
[2019-12-09T03:49:42.549+0000][1][safepoint    ] Application time: 0.0000589 seconds
[2019-12-09T03:49:42.549+0000][1][safepoint    ] Entering safepoint region: RevokeBias
[2019-12-09T03:49:42.549+0000][1][safepoint    ] Leaving safepoint region
[2019-12-09T03:49:42.549+0000][1][safepoint    ] Total time for which application threads were stopped: 0.0000501 seconds, Stopping threads took: 0.0000074 seconds
[2019-12-09T03:49:42.549+0000][1][safepoint    ] Application time: 0.0000469 seconds
[2019-12-09T03:49:42.549+0000][1][safepoint    ] Entering safepoint region: RevokeBias
[2019-12-09T03:49:42.549+0000][1][safepoint    ] Leaving safepoint region
[2019-12-09T03:49:42.549+0000][1][safepoint    ] Total time for which application threads were stopped: 0.0000464 seconds, Stopping threads took: 0.0000072 seconds
[2019-12-09T03:49:42.549+0000][1][safepoint    ] Application time: 0.0000490 seconds
[2019-12-09T03:49:42.549+0000][1][safepoint    ] Entering safepoint region: RevokeBias
[2019-12-09T03:49:42.549+0000][1][safepoint    ] Leaving safepoint region
[2019-12-09T03:49:42.549+0000][1][safepoint    ] Total time for which application threads were stopped: 0.0000326 seconds, Stopping threads took: 0.0000067 seconds
[2019-12-09T03:49:42.549+0000][1][safepoint    ] Application time: 0.0000427 seconds
[2019-12-09T03:49:42.549+0000][1][safepoint    ] Entering safepoint region: RevokeBias
[2019-12-09T03:49:42.549+0000][1][safepoint    ] Leaving safepoint region
[2019-12-09T03:49:42.549+0000][1][safepoint    ] Total time for which application threads were stopped: 0.0000300 seconds, Stopping threads took: 0.0000066 seconds
[2019-12-09T03:49:42.549+0000][1][safepoint    ] Application time: 0.0000460 seconds
[2019-12-09T03:49:42.549+0000][1][safepoint    ] Entering safepoint region: RevokeBias
[2019-12-09T03:49:42.549+0000][1][safepoint    ] Leaving safepoint region
[2019-12-09T03:49:42.549+0000][1][safepoint    ] Total time for which application threads were stopped: 0.0000311 seconds, Stopping threads took: 0.0000069 seconds
[2019-12-09T03:49:42.551+0000][1][safepoint    ] Application time: 0.0012886 seconds
[2019-12-09T03:49:42.551+0000][1][safepoint    ] Entering safepoint region: RevokeBias
[2019-12-09T03:49:42.551+0000][1][safepoint    ] Leaving safepoint region
[2019-12-09T03:49:42.551+0000][1][safepoint    ] Total time for which application threads were stopped: 0.0000508 seconds, Stopping threads took: 0.0000107 seconds
[2019-12-09T03:49:42.551+0000][1][safepoint    ] Application time: 0.0000513 seconds
[2019-12-09T03:49:42.551+0000][1][safepoint    ] Entering safepoint region: RevokeBias
[2019-12-09T03:49:42.551+0000][1][safepoint    ] Leaving safepoint region
[2019-12-09T03:49:42.551+0000][1][safepoint    ] Total time for which application threads were stopped: 0.0000335 seconds, Stopping threads took: 0.0000071 seconds
[2019-12-09T03:49:42.551+0000][1][safepoint    ] Application time: 0.0000606 seconds
[2019-12-09T03:49:42.551+0000][1][safepoint    ] Entering safepoint region: RevokeBias
[2019-12-09T03:49:42.551+0000][1][safepoint    ] Leaving safepoint region
[2019-12-09T03:49:42.551+0000][1][safepoint    ] Total time for which application threads were stopped: 0.0000325 seconds, Stopping threads took: 0.0000071 seconds
[2019-12-09T03:49:42.551+0000][1][safepoint    ] Application time: 0.0000432 seconds
[2019-12-09T03:49:42.551+0000][1][safepoint    ] Entering safepoint region: RevokeBias
[2019-12-09T03:49:42.551+0000][1][safepoint    ] Leaving safepoint region
[2019-12-09T03:49:42.551+0000][1][safepoint    ] Total time for which application threads were stopped: 0.0000303 seconds, Stopping threads took: 0.0000067 seconds
[2019-12-09T03:49:43.560+0000][1][safepoint    ] Application time: 1.0086298 seconds
[2019-12-09T03:49:43.721+0000][1][safepoint    ] Entering safepoint region: Cleanup
[2019-12-09T03:49:43.721+0000][1][safepoint    ] Leaving safepoint region
[2019-12-09T03:49:43.721+0000][1][safepoint    ] Total time for which application threads were stopped: 0.1616443 seconds, Stopping threads took: 0.1615834 seconds
[2019-12-09T03:49:43.732+0000][1][safepoint    ] Application time: 0.0109806 seconds
[2019-12-09T03:49:43.732+0000][1][safepoint    ] Entering safepoint region: GenCollectForAllocation
[2019-12-09T03:49:43.733+0000][1][gc,start     ] GC(4) Pause Young (Allocation Failure)
[2019-12-09T03:49:43.733+0000][1][gc,task      ] GC(4) Using 2 workers of 2 for evacuation
[2019-12-09T03:49:43.843+0000][1][gc,age       ] GC(4) Desired survivor size 4456448 bytes, new threshold 2 (max threshold 6)
[2019-12-09T03:49:43.843+0000][1][gc,age       ] GC(4) Age table with threshold 2 (max threshold 6)
[2019-12-09T03:49:43.843+0000][1][gc,age       ] GC(4) - age   1:    1521320 bytes,    1521320 total
[2019-12-09T03:49:43.843+0000][1][gc,age       ] GC(4) - age   2:    3171584 bytes,    4692904 total
[2019-12-09T03:49:43.843+0000][1][gc,age       ] GC(4) - age   3:     538336 bytes,    5231240 total
[2019-12-09T03:49:43.843+0000][1][gc,heap      ] GC(4) ParNew: 75817K->6220K(78656K)
[2019-12-09T03:49:43.843+0000][1][gc,heap      ] GC(4) CMS: 7029K->7999K(174784K)
[2019-12-09T03:49:43.843+0000][1][gc,metaspace ] GC(4) Metaspace: 18789K->18789K(1067008K)
[2019-12-09T03:49:43.843+0000][1][gc           ] GC(4) Pause Young (Allocation Failure) 80M->13M(247M) 110.557ms
[2019-12-09T03:49:43.843+0000][1][gc,cpu       ] GC(4) User=0.02s Sys=0.00s Real=0.11s
[2019-12-09T03:49:43.843+0000][1][safepoint    ] Leaving safepoint region
[2019-12-09T03:49:43.843+0000][1][safepoint    ] Total time for which application threads were stopped: 0.1106754 seconds, Stopping threads took: 0.0000130 seconds
[2019-12-09T03:49:43.849+0000][1][safepoint    ] Application time: 0.0055915 seconds
[2019-12-09T03:49:43.936+0000][1][safepoint    ] Entering safepoint region: RevokeBias
[2019-12-09T03:49:43.936+0000][1][safepoint    ] Leaving safepoint region
[2019-12-09T03:49:43.936+0000][1][safepoint    ] Total time for which application threads were stopped: 0.0872016 seconds, Stopping threads took: 0.0870691 seconds
[2019-12-09T03:49:43.944+0000][1][safepoint    ] Application time: 0.0077371 seconds
[2019-12-09T03:49:43.978+0000][1][safepoint    ] Entering safepoint region: RevokeBias
[2019-12-09T03:49:43.978+0000][1][safepoint    ] Leaving safepoint region
[2019-12-09T03:49:43.978+0000][1][safepoint    ] Total time for which application threads were stopped: 0.0342940 seconds, Stopping threads took: 0.0340908 seconds
[2019-12-09T03:49:44.004+0000][1][safepoint    ] Application time: 0.0263446 seconds
[2019-12-09T03:49:44.004+0000][1][safepoint    ] Entering safepoint region: Deoptimize
[2019-12-09T03:49:44.005+0000][1][safepoint    ] Leaving safepoint region
[2019-12-09T03:49:44.005+0000][1][safepoint    ] Total time for which application threads were stopped: 0.0003951 seconds, Stopping threads took: 0.0000124 seconds
[2019-12-09T03:49:44.023+0000][1][safepoint    ] Application time: 0.0178920 seconds
[2019-12-09T03:49:44.023+0000][1][safepoint    ] Entering safepoint region: RevokeBias
[2019-12-09T03:49:44.023+0000][1][safepoint    ] Leaving safepoint region
[2019-12-09T03:49:44.023+0000][1][safepoint    ] Total time for which application threads were stopped: 0.0001941 seconds, Stopping threads took: 0.0000116 seconds
[2019-12-09T03:49:44.038+0000][1][safepoint    ] Application time: 0.0149115 seconds
[2019-12-09T03:49:44.092+0000][1][safepoint    ] Entering safepoint region: RevokeBias
[2019-12-09T03:49:44.092+0000][1][safepoint    ] Leaving safepoint region
[2019-12-09T03:49:44.092+0000][1][safepoint    ] Total time for which application threads were stopped: 0.0539884 seconds, Stopping threads took: 0.0538780 seconds
[2019-12-09T03:49:44.385+0000][1][safepoint    ] Application time: 0.2927320 seconds
[2019-12-09T03:49:44.385+0000][1][safepoint    ] Entering safepoint region: Deoptimize
[2019-12-09T03:49:44.385+0000][1][safepoint    ] Leaving safepoint region
[2019-12-09T03:49:44.385+0000][1][safepoint    ] Total time for which application threads were stopped: 0.0003754 seconds, Stopping threads took: 0.0000115 seconds
[2019-12-09T03:49:44.408+0000][1][safepoint    ] Application time: 0.0234056 seconds
[2019-12-09T03:49:44.408+0000][1][safepoint    ] Entering safepoint region: RevokeBias
[2019-12-09T03:49:44.409+0000][1][safepoint    ] Leaving safepoint region
[2019-12-09T03:49:44.409+0000][1][safepoint    ] Total time for which application threads were stopped: 0.0000677 seconds, Stopping threads took: 0.0000117 seconds
[2019-12-09T03:49:44.829+0000][1][safepoint    ] Application time: 0.4204748 seconds
[2019-12-09T03:49:44.829+0000][1][safepoint    ] Entering safepoint region: RevokeBias
[2019-12-09T03:49:44.829+0000][1][safepoint    ] Leaving safepoint region
[2019-12-09T03:49:44.829+0000][1][safepoint    ] Total time for which application threads were stopped: 0.0000894 seconds, Stopping threads took: 0.0000134 seconds
[2019-12-09T03:49:44.830+0000][1][safepoint    ] Application time: 0.0003956 seconds
[2019-12-09T03:49:44.830+0000][1][safepoint    ] Entering safepoint region: RevokeBias
[2019-12-09T03:49:44.830+0000][1][safepoint    ] Leaving safepoint region
[2019-12-09T03:49:44.830+0000][1][safepoint    ] Total time for which application threads were stopped: 0.0000545 seconds, Stopping threads took: 0.0000104 seconds
[2019-12-09T03:49:45.163+0000][1][safepoint    ] Application time: 0.3335003 seconds
[2019-12-09T03:49:45.163+0000][1][safepoint    ] Entering safepoint region: GenCollectForAllocation
[2019-12-09T03:49:45.163+0000][1][gc,start     ] GC(5) Pause Young (Allocation Failure)
[2019-12-09T03:49:45.163+0000][1][gc,task      ] GC(5) Using 2 workers of 2 for evacuation
[2019-12-09T03:49:45.291+0000][1][gc,age       ] GC(5) Desired survivor size 4456448 bytes, new threshold 6 (max threshold 6)
[2019-12-09T03:49:45.291+0000][1][gc,age       ] GC(5) Age table with threshold 6 (max threshold 6)
[2019-12-09T03:49:45.291+0000][1][gc,age       ] GC(5) - age   1:    2592752 bytes,    2592752 total
[2019-12-09T03:49:45.291+0000][1][gc,age       ] GC(5) - age   2:     442448 bytes,    3035200 total
[2019-12-09T03:49:45.291+0000][1][gc,heap      ] GC(5) ParNew: 76172K->4868K(78656K)
[2019-12-09T03:49:45.291+0000][1][gc,heap      ] GC(5) CMS: 7999K->11652K(174784K)
[2019-12-09T03:49:45.291+0000][1][gc,metaspace ] GC(5) Metaspace: 19125K->19125K(1067008K)
[2019-12-09T03:49:45.291+0000][1][gc           ] GC(5) Pause Young (Allocation Failure) 82M->16M(247M) 128.197ms
[2019-12-09T03:49:45.291+0000][1][gc,cpu       ] GC(5) User=0.02s Sys=0.00s Real=0.13s
[2019-12-09T03:49:45.291+0000][1][safepoint    ] Leaving safepoint region
[2019-12-09T03:49:45.291+0000][1][safepoint    ] Total time for which application threads were stopped: 0.1283398 seconds, Stopping threads took: 0.0000146 seconds
[2019-12-09T03:49:45.293+0000][1][safepoint    ] Application time: 0.0013330 seconds
[2019-12-09T03:49:45.293+0000][1][safepoint    ] Entering safepoint region: RevokeBias
[2019-12-09T03:49:45.293+0000][1][safepoint    ] Leaving safepoint region
[2019-12-09T03:49:45.293+0000][1][safepoint    ] Total time for which application threads were stopped: 0.0003178 seconds, Stopping threads took: 0.0002482 seconds
[2019-12-09T03:49:45.296+0000][1][safepoint    ] Application time: 0.0025229 seconds
[2019-12-09T03:49:45.296+0000][1][safepoint    ] Entering safepoint region: RevokeBias
[2019-12-09T03:49:45.296+0000][1][safepoint    ] Leaving safepoint region
[2019-12-09T03:49:45.296+0000][1][safepoint    ] Total time for which application threads were stopped: 0.0000641 seconds, Stopping threads took: 0.0000113 seconds
[2019-12-09T03:49:45.296+0000][1][safepoint    ] Application time: 0.0000616 seconds
[2019-12-09T03:49:45.296+0000][1][safepoint    ] Entering safepoint region: RevokeBias
[2019-12-09T03:49:45.296+0000][1][safepoint    ] Leaving safepoint region
[2019-12-09T03:49:45.296+0000][1][safepoint    ] Total time for which application threads were stopped: 0.0000451 seconds, Stopping threads took: 0.0000084 seconds
[2019-12-09T03:49:45.296+0000][1][safepoint    ] Application time: 0.0000463 seconds
[2019-12-09T03:49:45.296+0000][1][safepoint    ] Entering safepoint region: RevokeBias
[2019-12-09T03:49:45.296+0000][1][safepoint    ] Leaving safepoint region
[2019-12-09T03:49:45.296+0000][1][safepoint    ] Total time for which application threads were stopped: 0.0000410 seconds, Stopping threads took: 0.0000075 seconds
[2019-12-09T03:49:45.296+0000][1][safepoint    ] Application time: 0.0000480 seconds
[2019-12-09T03:49:45.296+0000][1][safepoint    ] Entering safepoint region: RevokeBias
[2019-12-09T03:49:45.296+0000][1][safepoint    ] Leaving safepoint region
[2019-12-09T03:49:45.296+0000][1][safepoint    ] Total time for which application threads were stopped: 0.0000395 seconds, Stopping threads took: 0.0000072 seconds
[2019-12-09T03:49:45.296+0000][1][safepoint    ] Application time: 0.0000460 seconds
[2019-12-09T03:49:45.296+0000][1][safepoint    ] Entering safepoint region: RevokeBias
[2019-12-09T03:49:45.296+0000][1][safepoint    ] Leaving safepoint region
[2019-12-09T03:49:45.296+0000][1][safepoint    ] Total time for which application threads were stopped: 0.0000416 seconds, Stopping threads took: 0.0000074 seconds
[2019-12-09T03:49:46.023+0000][1][safepoint    ] Application time: 0.7268650 seconds
[2019-12-09T03:49:46.023+0000][1][safepoint    ] Entering safepoint region: RevokeBias
[2019-12-09T03:49:46.023+0000][1][safepoint    ] Leaving safepoint region
[2019-12-09T03:49:46.023+0000][1][safepoint    ] Total time for which application threads were stopped: 0.0000629 seconds, Stopping threads took: 0.0000122 seconds
[2019-12-09T03:49:46.023+0000][1][safepoint    ] Application time: 0.0001986 seconds
[2019-12-09T03:49:46.023+0000][1][safepoint    ] Entering safepoint region: RevokeBias
[2019-12-09T03:49:46.023+0000][1][safepoint    ] Leaving safepoint region
[2019-12-09T03:49:46.023+0000][1][safepoint    ] Total time for which application threads were stopped: 0.0000428 seconds, Stopping threads took: 0.0000094 seconds
[2019-12-09T03:49:46.058+0000][1][safepoint    ] Application time: 0.0347338 seconds
[2019-12-09T03:49:46.058+0000][1][safepoint    ] Entering safepoint region: GenCollectForAllocation
[2019-12-09T03:49:46.058+0000][1][gc,start     ] GC(6) Pause Young (Allocation Failure)
[2019-12-09T03:49:46.058+0000][1][gc,task      ] GC(6) Using 2 workers of 2 for evacuation
[2019-12-09T03:49:46.100+0000][1][gc,age       ] GC(6) Desired survivor size 4456448 bytes, new threshold 3 (max threshold 6)
[2019-12-09T03:49:46.100+0000][1][gc,age       ] GC(6) Age table with threshold 3 (max threshold 6)
[2019-12-09T03:49:46.100+0000][1][gc,age       ] GC(6) - age   1:    2004000 bytes,    2004000 total
[2019-12-09T03:49:46.100+0000][1][gc,age       ] GC(6) - age   2:    2191176 bytes,    4195176 total
[2019-12-09T03:49:46.100+0000][1][gc,age       ] GC(6) - age   3:     442448 bytes,    4637624 total
[2019-12-09T03:49:46.100+0000][1][gc,heap      ] GC(6) ParNew: 74820K->5160K(78656K)
[2019-12-09T03:49:46.100+0000][1][gc,heap      ] GC(6) CMS: 11652K->11652K(174784K)
[2019-12-09T03:49:46.100+0000][1][gc,metaspace ] GC(6) Metaspace: 19427K->19427K(1067008K)
[2019-12-09T03:49:46.100+0000][1][gc           ] GC(6) Pause Young (Allocation Failure) 84M->16M(247M) 41.782ms
[2019-12-09T03:49:46.100+0000][1][gc,cpu       ] GC(6) User=0.02s Sys=0.00s Real=0.04s
[2019-12-09T03:49:46.100+0000][1][safepoint    ] Leaving safepoint region
[2019-12-09T03:49:46.100+0000][1][safepoint    ] Total time for which application threads were stopped: 0.0419062 seconds, Stopping threads took: 0.0000122 seconds
[2019-12-09T03:49:46.126+0000][1][safepoint    ] Application time: 0.0256593 seconds
[2019-12-09T03:49:46.126+0000][1][safepoint    ] Entering safepoint region: RevokeBias
[2019-12-09T03:49:46.126+0000][1][safepoint    ] Leaving safepoint region
[2019-12-09T03:49:46.126+0000][1][safepoint    ] Total time for which application threads were stopped: 0.0000875 seconds, Stopping threads took: 0.0000136 seconds
[2019-12-09T03:49:46.126+0000][1][safepoint    ] Application time: 0.0000483 seconds
[2019-12-09T03:49:46.126+0000][1][safepoint    ] Entering safepoint region: BulkRevokeBias
[2019-12-09T03:49:46.126+0000][1][safepoint    ] Leaving safepoint region
[2019-12-09T03:49:46.126+0000][1][safepoint    ] Total time for which application threads were stopped: 0.0000787 seconds, Stopping threads took: 0.0000075 seconds
[2019-12-09T03:49:46.126+0000][1][safepoint    ] Application time: 0.0000549 seconds
[2019-12-09T03:49:46.126+0000][1][safepoint    ] Entering safepoint region: BulkRevokeBias
[2019-12-09T03:49:46.126+0000][1][safepoint    ] Leaving safepoint region
[2019-12-09T03:49:46.126+0000][1][safepoint    ] Total time for which application threads were stopped: 0.0000680 seconds, Stopping threads took: 0.0000078 seconds
[2019-12-09T03:49:46.965+0000][1][safepoint    ] Application time: 0.8383333 seconds
[2019-12-09T03:49:46.965+0000][1][safepoint    ] Entering safepoint region: GenCollectForAllocation
[2019-12-09T03:49:46.965+0000][1][gc,start     ] GC(7) Pause Young (Allocation Failure)
[2019-12-09T03:49:46.965+0000][1][gc,task      ] GC(7) Using 2 workers of 2 for evacuation
[2019-12-09T03:49:47.096+0000][1][gc,age       ] GC(7) Desired survivor size 4456448 bytes, new threshold 3 (max threshold 6)
[2019-12-09T03:49:47.096+0000][1][gc,age       ] GC(7) Age table with threshold 3 (max threshold 6)
[2019-12-09T03:49:47.096+0000][1][gc,age       ] GC(7) - age   1:    2290808 bytes,    2290808 total
[2019-12-09T03:49:47.096+0000][1][gc,age       ] GC(7) - age   2:    1128768 bytes,    3419576 total
[2019-12-09T03:49:47.096+0000][1][gc,age       ] GC(7) - age   3:    2191096 bytes,    5610672 total
[2019-12-09T03:49:47.096+0000][1][gc,heap      ] GC(7) ParNew: 75112K->8513K(78656K)
[2019-12-09T03:49:47.096+0000][1][gc,heap      ] GC(7) CMS: 11652K->12088K(174784K)
[2019-12-09T03:49:47.096+0000][1][gc,metaspace ] GC(7) Metaspace: 19698K->19698K(1067008K)
[2019-12-09T03:49:47.096+0000][1][gc           ] GC(7) Pause Young (Allocation Failure) 84M->20M(247M) 131.348ms
[2019-12-09T03:49:47.096+0000][1][gc,cpu       ] GC(7) User=0.04s Sys=0.00s Real=0.13s
[2019-12-09T03:49:47.096+0000][1][safepoint    ] Leaving safepoint region
[2019-12-09T03:49:47.096+0000][1][safepoint    ] Total time for which application threads were stopped: 0.1315038 seconds, Stopping threads took: 0.0000126 seconds
[2019-12-09T03:49:47.835+0000][1][safepoint    ] Application time: 0.7386915 seconds
[2019-12-09T03:49:47.835+0000][1][safepoint    ] Entering safepoint region: CollectForMetadataAllocation
[2019-12-09T03:49:47.835+0000][1][safepoint    ] Leaving safepoint region
[2019-12-09T03:49:47.835+0000][1][safepoint    ] Total time for which application threads were stopped: 0.0002648 seconds, Stopping threads took: 0.0000146 seconds
[2019-12-09T03:49:48.071+0000][1][safepoint    ] Application time: 0.2356267 seconds
[2019-12-09T03:49:48.071+0000][1][safepoint    ] Entering safepoint region: CollectForMetadataAllocation
[2019-12-09T03:49:48.071+0000][1][safepoint    ] Leaving safepoint region
[2019-12-09T03:49:48.071+0000][1][safepoint    ] Total time for which application threads were stopped: 0.0002480 seconds, Stopping threads took: 0.0000134 seconds
[2019-12-09T03:49:48.853+0000][1][safepoint    ] Application time: 0.7821407 seconds
[2019-12-09T03:49:48.853+0000][1][safepoint    ] Entering safepoint region: GenCollectForAllocation
[2019-12-09T03:49:48.853+0000][1][gc,start     ] GC(8) Pause Young (Allocation Failure)
[2019-12-09T03:49:48.853+0000][1][gc,task      ] GC(8) Using 2 workers of 2 for evacuation
[2019-12-09T03:49:48.948+0000][1][gc,age       ] GC(8) Desired survivor size 4456448 bytes, new threshold 6 (max threshold 6)
[2019-12-09T03:49:48.948+0000][1][gc,age       ] GC(8) Age table with threshold 6 (max threshold 6)
[2019-12-09T03:49:48.948+0000][1][gc,age       ] GC(8) - age   1:    1388392 bytes,    1388392 total
[2019-12-09T03:49:48.948+0000][1][gc,age       ] GC(8) - age   2:     354448 bytes,    1742840 total
[2019-12-09T03:49:48.948+0000][1][gc,age       ] GC(8) - age   3:    1128624 bytes,    2871464 total
[2019-12-09T03:49:48.948+0000][1][gc,heap      ] GC(8) ParNew: 78465K->5173K(78656K)
[2019-12-09T03:49:48.948+0000][1][gc,heap      ] GC(8) CMS: 12088K->14240K(174784K)
[2019-12-09T03:49:48.948+0000][1][gc,metaspace ] GC(8) Metaspace: 20509K->20509K(1069056K)
[2019-12-09T03:49:48.948+0000][1][gc           ] GC(8) Pause Young (Allocation Failure) 88M->18M(247M) 94.643ms
[2019-12-09T03:49:48.948+0000][1][gc,cpu       ] GC(8) User=0.03s Sys=0.00s Real=0.10s
[2019-12-09T03:49:48.948+0000][1][safepoint    ] Leaving safepoint region
[2019-12-09T03:49:48.948+0000][1][safepoint    ] Total time for which application threads were stopped: 0.0947761 seconds, Stopping threads took: 0.0000146 seconds
[2019-12-09T03:49:48.954+0000][1][safepoint    ] Application time: 0.0057879 seconds
[2019-12-09T03:49:48.985+0000][1][safepoint    ] Entering safepoint region: CMS_Initial_Mark
[2019-12-09T03:49:48.985+0000][1][gc,start     ] GC(9) Pause Initial Mark
[2019-12-09T03:49:48.987+0000][1][gc           ] GC(9) Pause Initial Mark 20M->20M(247M) 2.039ms
[2019-12-09T03:49:48.987+0000][1][gc,cpu       ] GC(9) User=0.01s Sys=0.00s Real=0.00s
[2019-12-09T03:49:48.987+0000][1][safepoint    ] Leaving safepoint region
[2019-12-09T03:49:48.987+0000][1][safepoint    ] Total time for which application threads were stopped: 0.0330890 seconds, Stopping threads took: 0.0309590 seconds
[2019-12-09T03:49:48.987+0000][1][gc           ] GC(9) Concurrent Mark
[2019-12-09T03:49:49.021+0000][1][gc           ] GC(9) Concurrent Mark 33.989ms
[2019-12-09T03:49:49.021+0000][1][gc,cpu       ] GC(9) User=0.01s Sys=0.00s Real=0.03s
[2019-12-09T03:49:49.021+0000][1][gc           ] GC(9) Concurrent Preclean
[2019-12-09T03:49:49.022+0000][1][gc           ] GC(9) Concurrent Preclean 0.455ms
[2019-12-09T03:49:49.022+0000][1][gc,cpu       ] GC(9) User=0.01s Sys=0.00s Real=0.00s
[2019-12-09T03:49:49.022+0000][1][safepoint    ] Application time: 0.0346263 seconds
[2019-12-09T03:49:49.022+0000][1][safepoint    ] Entering safepoint region: CMS_Final_Remark
[2019-12-09T03:49:49.022+0000][1][gc,start     ] GC(9) Pause Remark
[2019-12-09T03:49:49.047+0000][1][gc           ] GC(9) Pause Remark 20M->20M(247M) 25.342ms
[2019-12-09T03:49:49.047+0000][1][gc,cpu       ] GC(9) User=0.00s Sys=0.00s Real=0.03s
[2019-12-09T03:49:49.047+0000][1][safepoint    ] Leaving safepoint region
[2019-12-09T03:49:49.047+0000][1][safepoint    ] Total time for which application threads were stopped: 0.0254670 seconds, Stopping threads took: 0.0000143 seconds
[2019-12-09T03:49:49.125+0000][1][gc           ] GC(9) Concurrent Sweep
[2019-12-09T03:49:49.135+0000][1][gc           ] GC(9) Concurrent Sweep 10.158ms
[2019-12-09T03:49:49.135+0000][1][gc,cpu       ] GC(9) User=0.01s Sys=0.00s Real=0.01s
[2019-12-09T03:49:49.136+0000][1][gc           ] GC(9) Concurrent Reset
[2019-12-09T03:49:49.138+0000][1][gc           ] GC(9) Concurrent Reset 2.380ms
[2019-12-09T03:49:49.138+0000][1][gc,cpu       ] GC(9) User=0.01s Sys=0.00s Real=0.00s
[2019-12-09T03:49:49.138+0000][1][gc,heap      ] GC(9) Old: 14240K->14229K(174784K)
[2019-12-09T03:49:49.828+0000][1][safepoint    ] Application time: 0.7806810 seconds
[2019-12-09T03:49:49.828+0000][1][safepoint    ] Entering safepoint region: GenCollectForAllocation
[2019-12-09T03:49:49.828+0000][1][gc,start     ] GC(10) Pause Young (Allocation Failure)
[2019-12-09T03:49:49.828+0000][1][gc,task      ] GC(10) Using 2 workers of 2 for evacuation
[2019-12-09T03:49:49.932+0000][1][gc,age       ] GC(10) Desired survivor size 4456448 bytes, new threshold 6 (max threshold 6)
[2019-12-09T03:49:49.932+0000][1][gc,age       ] GC(10) Age table with threshold 6 (max threshold 6)
[2019-12-09T03:49:49.932+0000][1][gc,age       ] GC(10) - age   1:     754720 bytes,     754720 total
[2019-12-09T03:49:49.932+0000][1][gc,age       ] GC(10) - age   2:     656568 bytes,    1411288 total
[2019-12-09T03:49:49.932+0000][1][gc,age       ] GC(10) - age   3:     354448 bytes,    1765736 total
[2019-12-09T03:49:49.932+0000][1][gc,age       ] GC(10) - age   4:    1128624 bytes,    2894360 total
[2019-12-09T03:49:49.932+0000][1][gc,heap      ] GC(10) ParNew: 75125K->3645K(78656K)
[2019-12-09T03:49:49.932+0000][1][gc,heap      ] GC(10) CMS: 14229K->14229K(174784K)
[2019-12-09T03:49:49.932+0000][1][gc,metaspace ] GC(10) Metaspace: 20617K->20617K(1069056K)
[2019-12-09T03:49:49.932+0000][1][gc           ] GC(10) Pause Young (Allocation Failure) 87M->17M(247M) 103.832ms
[2019-12-09T03:49:49.932+0000][1][gc,cpu       ] GC(10) User=0.01s Sys=0.00s Real=0.10s
[2019-12-09T03:49:49.932+0000][1][safepoint    ] Leaving safepoint region
[2019-12-09T03:49:49.932+0000][1][safepoint    ] Total time for which application threads were stopped: 0.1043890 seconds, Stopping threads took: 0.0000152 seconds
[2019-12-09T03:49:50.839+0000][1][safepoint    ] Application time: 0.9067944 seconds
[2019-12-09T03:49:50.839+0000][1][safepoint    ] Entering safepoint region: GenCollectForAllocation
[2019-12-09T03:49:50.839+0000][1][gc,start     ] GC(11) Pause Young (Allocation Failure)
[2019-12-09T03:49:50.839+0000][1][gc,task      ] GC(11) Using 2 workers of 2 for evacuation
[2019-12-09T03:49:50.945+0000][1][gc,age       ] GC(11) Desired survivor size 4456448 bytes, new threshold 6 (max threshold 6)
[2019-12-09T03:49:50.945+0000][1][gc,age       ] GC(11) Age table with threshold 6 (max threshold 6)
[2019-12-09T03:49:50.945+0000][1][gc,age       ] GC(11) - age   1:     657408 bytes,     657408 total
[2019-12-09T03:49:50.945+0000][1][gc,age       ] GC(11) - age   2:      97736 bytes,     755144 total
[2019-12-09T03:49:50.945+0000][1][gc,age       ] GC(11) - age   3:     656520 bytes,    1411664 total
[2019-12-09T03:49:50.945+0000][1][gc,age       ] GC(11) - age   4:     354344 bytes,    1766008 total
[2019-12-09T03:49:50.945+0000][1][gc,age       ] GC(11) - age   5:    1128336 bytes,    2894344 total
[2019-12-09T03:49:50.945+0000][1][gc,heap      ] GC(11) ParNew: 73597K->3915K(78656K)
[2019-12-09T03:49:50.945+0000][1][gc,heap      ] GC(11) CMS: 14229K->14229K(174784K)
[2019-12-09T03:49:50.945+0000][1][gc,metaspace ] GC(11) Metaspace: 20681K->20681K(1069056K)
[2019-12-09T03:49:50.945+0000][1][gc           ] GC(11) Pause Young (Allocation Failure) 85M->17M(247M) 105.885ms
[2019-12-09T03:49:50.945+0000][1][gc,cpu       ] GC(11) User=0.02s Sys=0.00s Real=0.11s
[2019-12-09T03:49:50.945+0000][1][safepoint    ] Leaving safepoint region
[2019-12-09T03:49:50.945+0000][1][safepoint    ] Total time for which application threads were stopped: 0.1060153 seconds, Stopping threads took: 0.0000144 seconds
[2019-12-09T03:49:52.091+0000][1][safepoint    ] Application time: 1.1455106 seconds
[2019-12-09T03:49:52.091+0000][1][safepoint    ] Entering safepoint region: Deoptimize
[2019-12-09T03:49:52.091+0000][1][safepoint    ] Leaving safepoint region
[2019-12-09T03:49:52.091+0000][1][safepoint    ] Total time for which application threads were stopped: 0.0004282 seconds, Stopping threads took: 0.0000131 seconds
[2019-12-09T03:49:53.094+0000][1][safepoint    ] Application time: 1.0026984 seconds
[2019-12-09T03:49:53.102+0000][1][safepoint    ] Entering safepoint region: Cleanup
[2019-12-09T03:49:53.102+0000][1][safepoint    ] Leaving safepoint region
[2019-12-09T03:49:53.102+0000][1][safepoint    ] Total time for which application threads were stopped: 0.0080507 seconds, Stopping threads took: 0.0079787 seconds
[2019-12-09T03:49:53.599+0000][1][safepoint    ] Application time: 0.4968966 seconds
[2019-12-09T03:49:53.599+0000][1][safepoint    ] Entering safepoint region: GenCollectForAllocation
[2019-12-09T03:49:53.599+0000][1][gc,start     ] GC(12) Pause Young (Allocation Failure)
[2019-12-09T03:49:53.599+0000][1][gc,task      ] GC(12) Using 2 workers of 2 for evacuation
[2019-12-09T03:49:53.726+0000][1][gc,age       ] GC(12) Desired survivor size 4456448 bytes, new threshold 6 (max threshold 6)
[2019-12-09T03:49:53.726+0000][1][gc,age       ] GC(12) Age table with threshold 6 (max threshold 6)
[2019-12-09T03:49:53.726+0000][1][gc,age       ] GC(12) - age   1:     861936 bytes,     861936 total
[2019-12-09T03:49:53.726+0000][1][gc,age       ] GC(12) - age   2:     305920 bytes,    1167856 total
[2019-12-09T03:49:53.726+0000][1][gc,age       ] GC(12) - age   3:      97736 bytes,    1265592 total
[2019-12-09T03:49:53.726+0000][1][gc,age       ] GC(12) - age   4:     656480 bytes,    1922072 total
[2019-12-09T03:49:53.726+0000][1][gc,age       ] GC(12) - age   5:     354344 bytes,    2276416 total
[2019-12-09T03:49:53.726+0000][1][gc,age       ] GC(12) - age   6:    1128336 bytes,    3404752 total
[2019-12-09T03:49:53.726+0000][1][gc,heap      ] GC(12) ParNew: 73867K->4158K(78656K)
[2019-12-09T03:49:53.726+0000][1][gc,heap      ] GC(12) CMS: 14229K->14229K(174784K)
[2019-12-09T03:49:53.726+0000][1][gc,metaspace ] GC(12) Metaspace: 22663K->22663K(1071104K)
[2019-12-09T03:49:53.726+0000][1][gc           ] GC(12) Pause Young (Allocation Failure) 86M->17M(247M) 127.203ms
[2019-12-09T03:49:53.726+0000][1][gc,cpu       ] GC(12) User=0.01s Sys=0.00s Real=0.13s
[2019-12-09T03:49:53.726+0000][1][safepoint    ] Leaving safepoint region
[2019-12-09T03:49:53.726+0000][1][safepoint    ] Total time for which application threads were stopped: 0.1273603 seconds, Stopping threads took: 0.0000137 seconds
[2019-12-09T03:49:54.752+0000][1][safepoint    ] Application time: 1.0255770 seconds
[2019-12-09T03:49:54.779+0000][1][safepoint    ] Entering safepoint region: Cleanup
[2019-12-09T03:49:54.779+0000][1][safepoint    ] Leaving safepoint region
[2019-12-09T03:49:54.779+0000][1][safepoint    ] Total time for which application threads were stopped: 0.0272538 seconds, Stopping threads took: 0.0270484 seconds
[2019-12-09T03:49:54.957+0000][1][safepoint    ] Application time: 0.1776737 seconds
[2019-12-09T03:49:54.957+0000][1][safepoint    ] Entering safepoint region: Deoptimize
[2019-12-09T03:49:54.957+0000][1][safepoint    ] Leaving safepoint region
[2019-12-09T03:49:54.957+0000][1][safepoint    ] Total time for which application threads were stopped: 0.0004004 seconds, Stopping threads took: 0.0000140 seconds
[2019-12-09T03:49:55.717+0000][1][safepoint    ] Application time: 0.7602514 seconds
[2019-12-09T03:49:55.717+0000][1][safepoint    ] Entering safepoint region: Deoptimize
[2019-12-09T03:49:55.718+0000][1][safepoint    ] Leaving safepoint region
[2019-12-09T03:49:55.718+0000][1][safepoint    ] Total time for which application threads were stopped: 0.0004177 seconds, Stopping threads took: 0.0000131 seconds
[2019-12-09T03:49:55.772+0000][1][safepoint    ] Application time: 0.0538502 seconds
[2019-12-09T03:49:55.772+0000][1][safepoint    ] Entering safepoint region: Deoptimize
[2019-12-09T03:49:55.827+0000][1][safepoint    ] Leaving safepoint region
[2019-12-09T03:49:55.827+0000][1][safepoint    ] Total time for which application threads were stopped: 0.0551424 seconds, Stopping threads took: 0.0000146 seconds
[2019-12-09T03:49:55.870+0000][1][safepoint    ] Application time: 0.0428494 seconds
[2019-12-09T03:49:55.870+0000][1][safepoint    ] Entering safepoint region: Deoptimize
[2019-12-09T03:49:55.870+0000][1][safepoint    ] Leaving safepoint region
[2019-12-09T03:49:55.870+0000][1][safepoint    ] Total time for which application threads were stopped: 0.0004145 seconds, Stopping threads took: 0.0000142 seconds
[2019-12-09T03:49:55.925+0000][1][safepoint    ] Application time: 0.0546292 seconds
[2019-12-09T03:49:55.925+0000][1][safepoint    ] Entering safepoint region: RevokeBias
[2019-12-09T03:49:55.925+0000][1][safepoint    ] Leaving safepoint region
[2019-12-09T03:49:55.925+0000][1][safepoint    ] Total time for which application threads were stopped: 0.0000604 seconds, Stopping threads took: 0.0000140 seconds
[2019-12-09T03:49:56.927+0000][1][safepoint    ] Application time: 1.0017658 seconds
[2019-12-09T03:49:56.974+0000][1][safepoint    ] Entering safepoint region: Cleanup
[2019-12-09T03:49:56.974+0000][1][safepoint    ] Leaving safepoint region
[2019-12-09T03:49:56.974+0000][1][safepoint    ] Total time for which application threads were stopped: 0.0471379 seconds, Stopping threads took: 0.0470926 seconds
[2019-12-09T03:49:58.010+0000][1][safepoint    ] Application time: 1.0358197 seconds
[2019-12-09T03:49:58.066+0000][1][safepoint    ] Entering safepoint region: Cleanup
[2019-12-09T03:49:58.066+0000][1][safepoint    ] Leaving safepoint region
[2019-12-09T03:49:58.066+0000][1][safepoint    ] Total time for which application threads were stopped: 0.0563599 seconds, Stopping threads took: 0.0560802 seconds
[2019-12-09T03:49:58.568+0000][1][safepoint    ] Application time: 0.5015835 seconds
[2019-12-09T03:49:58.568+0000][1][safepoint    ] Entering safepoint region: RevokeBias
[2019-12-09T03:49:58.568+0000][1][safepoint    ] Leaving safepoint region
[2019-12-09T03:49:58.568+0000][1][safepoint    ] Total time for which application threads were stopped: 0.0001059 seconds, Stopping threads took: 0.0000139 seconds
[2019-12-09T03:49:59.573+0000][1][safepoint    ] Application time: 1.0048606 seconds
[2019-12-09T03:49:59.597+0000][1][safepoint    ] Entering safepoint region: Cleanup
[2019-12-09T03:49:59.597+0000][1][safepoint    ] Leaving safepoint region
[2019-12-09T03:49:59.597+0000][1][safepoint    ] Total time for which application threads were stopped: 0.0240166 seconds, Stopping threads took: 0.0239645 seconds
[2019-12-09T03:50:00.609+0000][1][safepoint    ] Application time: 1.0119072 seconds
[2019-12-09T03:50:00.686+0000][1][safepoint    ] Entering safepoint region: Cleanup
[2019-12-09T03:50:00.686+0000][1][safepoint    ] Leaving safepoint region
[2019-12-09T03:50:00.686+0000][1][safepoint    ] Total time for which application threads were stopped: 0.0770796 seconds, Stopping threads took: 0.0770061 seconds
[2019-12-09T03:50:01.695+0000][1][safepoint    ] Application time: 1.0089197 seconds
[2019-12-09T03:50:01.762+0000][1][safepoint    ] Entering safepoint region: Cleanup
[2019-12-09T03:50:01.763+0000][1][safepoint    ] Leaving safepoint region
[2019-12-09T03:50:01.763+0000][1][safepoint    ] Total time for which application threads were stopped: 0.0677700 seconds, Stopping threads took: 0.0676941 seconds
[2019-12-09T03:50:02.306+0000][1][safepoint    ] Application time: 0.5431315 seconds
[2019-12-09T03:50:02.306+0000][1][safepoint    ] Entering safepoint region: GenCollectForAllocation
[2019-12-09T03:50:02.306+0000][1][gc,start     ] GC(13) Pause Young (Allocation Failure)
[2019-12-09T03:50:02.306+0000][1][gc,task      ] GC(13) Using 2 workers of 2 for evacuation
[2019-12-09T03:50:02.754+0000][1][gc,age       ] GC(13) Desired survivor size 4456448 bytes, new threshold 1 (max threshold 6)
[2019-12-09T03:50:02.754+0000][1][gc,age       ] GC(13) Age table with threshold 1 (max threshold 6)
[2019-12-09T03:50:02.754+0000][1][gc,age       ] GC(13) - age   1:    6893008 bytes,    6893008 total
[2019-12-09T03:50:02.754+0000][1][gc,age       ] GC(13) - age   2:     619608 bytes,    7512616 total
[2019-12-09T03:50:02.754+0000][1][gc,age       ] GC(13) - age   3:     304040 bytes,    7816656 total
[2019-12-09T03:50:02.754+0000][1][gc,age       ] GC(13) - age   4:      96576 bytes,    7913232 total
[2019-12-09T03:50:02.754+0000][1][gc,age       ] GC(13) - age   5:     648032 bytes,    8561264 total
[2019-12-09T03:50:02.754+0000][1][gc,age       ] GC(13) - age   6:     351432 bytes,    8912696 total
[2019-12-09T03:50:02.754+0000][1][gc,heap      ] GC(13) ParNew: 74110K->8704K(78656K)
[2019-12-09T03:50:02.754+0000][1][gc,heap      ] GC(13) CMS: 14229K->21609K(174784K)
[2019-12-09T03:50:02.754+0000][1][gc,metaspace ] GC(13) Metaspace: 27291K->27291K(1075200K)
[2019-12-09T03:50:02.754+0000][1][gc           ] GC(13) Pause Young (Allocation Failure) 86M->29M(247M) 448.537ms
[2019-12-09T03:50:02.754+0000][1][gc,cpu       ] GC(13) User=0.13s Sys=0.00s Real=0.44s
[2019-12-09T03:50:02.754+0000][1][safepoint    ] Leaving safepoint region
[2019-12-09T03:50:02.754+0000][1][safepoint    ] Total time for which application threads were stopped: 0.4486698 seconds, Stopping threads took: 0.0000146 seconds
[2019-12-09T03:50:03.756+0000][1][safepoint    ] Application time: 1.0012724 seconds
[2019-12-09T03:50:03.761+0000][1][safepoint    ] Entering safepoint region: Cleanup
[2019-12-09T03:50:03.761+0000][1][safepoint    ] Leaving safepoint region
[2019-12-09T03:50:03.761+0000][1][safepoint    ] Total time for which application threads were stopped: 0.0050462 seconds, Stopping threads took: 0.0049926 seconds
[2019-12-09T03:50:04.808+0000][1][safepoint    ] Application time: 1.0469015 seconds
[2019-12-09T03:50:04.808+0000][1][safepoint    ] Entering safepoint region: Cleanup
[2019-12-09T03:50:04.808+0000][1][safepoint    ] Leaving safepoint region
[2019-12-09T03:50:04.808+0000][1][safepoint    ] Total time for which application threads were stopped: 0.0001085 seconds, Stopping threads took: 0.0000647 seconds
[2019-12-09T03:50:06.811+0000][1][safepoint    ] Application time: 2.0028310 seconds
[2019-12-09T03:50:06.932+0000][1][safepoint    ] Entering safepoint region: Cleanup
[2019-12-09T03:50:06.932+0000][1][safepoint    ] Leaving safepoint region
[2019-12-09T03:50:06.932+0000][1][safepoint    ] Total time for which application threads were stopped: 0.1210620 seconds, Stopping threads took: 0.1209927 seconds
[2019-12-09T03:50:07.183+0000][1][safepoint    ] Application time: 0.2508901 seconds
[2019-12-09T03:50:07.183+0000][1][safepoint    ] Entering safepoint region: GenCollectForAllocation
[2019-12-09T03:50:07.183+0000][1][gc,start     ] GC(14) Pause Young (Allocation Failure)
[2019-12-09T03:50:07.183+0000][1][gc,task      ] GC(14) Using 2 workers of 2 for evacuation
[2019-12-09T03:50:07.672+0000][1][gc,age       ] GC(14) Desired survivor size 4456448 bytes, new threshold 1 (max threshold 6)
[2019-12-09T03:50:07.672+0000][1][gc,age       ] GC(14) Age table with threshold 1 (max threshold 6)
[2019-12-09T03:50:07.672+0000][1][gc,age       ] GC(14) - age   1:    8912776 bytes,    8912776 total
[2019-12-09T03:50:07.672+0000][1][gc,heap      ] GC(14) ParNew: 78656K->8704K(78656K)
[2019-12-09T03:50:07.672+0000][1][gc,heap      ] GC(14) CMS: 21609K->34613K(174784K)
[2019-12-09T03:50:07.672+0000][1][gc,metaspace ] GC(14) Metaspace: 27322K->27322K(1075200K)
[2019-12-09T03:50:07.672+0000][1][gc           ] GC(14) Pause Young (Allocation Failure) 97M->42M(247M) 488.833ms
[2019-12-09T03:50:07.672+0000][1][gc,cpu       ] GC(14) User=0.12s Sys=0.00s Real=0.49s
[2019-12-09T03:50:07.672+0000][1][safepoint    ] Leaving safepoint region
[2019-12-09T03:50:07.672+0000][1][safepoint    ] Total time for which application threads were stopped: 0.4889780 seconds, Stopping threads took: 0.0000145 seconds
[2019-12-09T03:50:09.675+0000][1][safepoint    ] Application time: 2.0029721 seconds
[2019-12-09T03:50:09.707+0000][1][safepoint    ] Entering safepoint region: Cleanup
[2019-12-09T03:50:09.707+0000][1][safepoint    ] Leaving safepoint region
[2019-12-09T03:50:09.707+0000][1][safepoint    ] Total time for which application threads were stopped: 0.0320654 seconds, Stopping threads took: 0.0320172 seconds
[2019-12-09T03:50:10.708+0000][1][safepoint    ] Application time: 1.0009372 seconds
[2019-12-09T03:50:10.748+0000][1][safepoint    ] Entering safepoint region: Cleanup
[2019-12-09T03:50:10.748+0000][1][safepoint    ] Leaving safepoint region
[2019-12-09T03:50:10.748+0000][1][safepoint    ] Total time for which application threads were stopped: 0.0401780 seconds, Stopping threads took: 0.0400856 seconds
[2019-12-09T03:50:11.782+0000][1][safepoint    ] Application time: 1.0337126 seconds
[2019-12-09T03:50:11.782+0000][1][safepoint    ] Entering safepoint region: Cleanup
[2019-12-09T03:50:11.782+0000][1][safepoint    ] Leaving safepoint region
[2019-12-09T03:50:11.782+0000][1][safepoint    ] Total time for which application threads were stopped: 0.0002122 seconds, Stopping threads took: 0.0001362 seconds
[2019-12-09T03:50:12.360+0000][1][safepoint    ] Application time: 0.5777389 seconds
[2019-12-09T03:50:12.360+0000][1][safepoint    ] Entering safepoint region: GenCollectForAllocation
[2019-12-09T03:50:12.360+0000][1][gc,start     ] GC(15) Pause Young (Allocation Failure)
[2019-12-09T03:50:12.360+0000][1][gc,task      ] GC(15) Using 2 workers of 2 for evacuation
[2019-12-09T03:50:12.752+0000][1][gc,age       ] GC(15) Desired survivor size 4456448 bytes, new threshold 1 (max threshold 6)
[2019-12-09T03:50:12.752+0000][1][gc,age       ] GC(15) Age table with threshold 1 (max threshold 6)
[2019-12-09T03:50:12.752+0000][1][gc,age       ] GC(15) - age   1:    6399984 bytes,    6399984 total
[2019-12-09T03:50:12.752+0000][1][gc,heap      ] GC(15) ParNew: 78656K->8704K(78656K)
[2019-12-09T03:50:12.752+0000][1][gc,heap      ] GC(15) CMS: 34613K->48899K(174784K)
[2019-12-09T03:50:12.752+0000][1][gc,metaspace ] GC(15) Metaspace: 29307K->29307K(1077248K)
[2019-12-09T03:50:12.752+0000][1][gc           ] GC(15) Pause Young (Allocation Failure) 110M->56M(247M) 392.237ms
[2019-12-09T03:50:12.752+0000][1][gc,cpu       ] GC(15) User=0.12s Sys=0.00s Real=0.39s
[2019-12-09T03:50:12.752+0000][1][safepoint    ] Leaving safepoint region
[2019-12-09T03:50:12.752+0000][1][safepoint    ] Total time for which application threads were stopped: 0.3923797 seconds, Stopping threads took: 0.0000135 seconds
[2019-12-09T03:50:13.763+0000][1][safepoint    ] Application time: 1.0105806 seconds
[2019-12-09T03:50:13.826+0000][1][safepoint    ] Entering safepoint region: Cleanup
[2019-12-09T03:50:13.826+0000][1][safepoint    ] Leaving safepoint region
[2019-12-09T03:50:13.826+0000][1][safepoint    ] Total time for which application threads were stopped: 0.0631209 seconds, Stopping threads took: 0.0630633 seconds
[2019-12-09T03:50:14.839+0000][1][safepoint    ] Application time: 1.0128149 seconds
[2019-12-09T03:50:14.840+0000][1][safepoint    ] Entering safepoint region: Cleanup
[2019-12-09T03:50:14.840+0000][1][safepoint    ] Leaving safepoint region
[2019-12-09T03:50:14.840+0000][1][safepoint    ] Total time for which application threads were stopped: 0.0011302 seconds, Stopping threads took: 0.0010917 seconds
[2019-12-09T03:50:15.841+0000][1][safepoint    ] Application time: 1.0008471 seconds
[2019-12-09T03:50:15.841+0000][1][safepoint    ] Entering safepoint region: Cleanup
[2019-12-09T03:50:15.841+0000][1][safepoint    ] Leaving safepoint region
[2019-12-09T03:50:15.841+0000][1][safepoint    ] Total time for which application threads were stopped: 0.0001028 seconds, Stopping threads took: 0.0000483 seconds
[2019-12-09T03:50:16.119+0000][1][safepoint    ] Application time: 0.2778220 seconds
[2019-12-09T03:50:16.119+0000][1][safepoint    ] Entering safepoint region: GenCollectForAllocation
[2019-12-09T03:50:16.119+0000][1][gc,start     ] GC(16) Pause Young (Allocation Failure)
[2019-12-09T03:50:16.119+0000][1][gc,task      ] GC(16) Using 2 workers of 2 for evacuation
[2019-12-09T03:50:16.350+0000][1][gc,age       ] GC(16) Desired survivor size 4456448 bytes, new threshold 6 (max threshold 6)
[2019-12-09T03:50:16.350+0000][1][gc,age       ] GC(16) Age table with threshold 6 (max threshold 6)
[2019-12-09T03:50:16.350+0000][1][gc,age       ] GC(16) - age   1:    1303232 bytes,    1303232 total
[2019-12-09T03:50:16.350+0000][1][gc,heap      ] GC(16) ParNew: 78656K->6777K(78656K)
[2019-12-09T03:50:16.350+0000][1][gc,heap      ] GC(16) CMS: 48899K->55199K(174784K)
[2019-12-09T03:50:16.350+0000][1][gc,metaspace ] GC(16) Metaspace: 33059K->33059K(1079296K)
[2019-12-09T03:50:16.350+0000][1][gc           ] GC(16) Pause Young (Allocation Failure) 124M->60M(247M) 231.463ms
[2019-12-09T03:50:16.350+0000][1][gc,cpu       ] GC(16) User=0.07s Sys=0.00s Real=0.23s
[2019-12-09T03:50:16.350+0000][1][safepoint    ] Leaving safepoint region
[2019-12-09T03:50:16.350+0000][1][safepoint    ] Total time for which application threads were stopped: 0.2316099 seconds, Stopping threads took: 0.0000151 seconds
[2019-12-09T03:50:17.353+0000][1][safepoint    ] Application time: 1.0023361 seconds
[2019-12-09T03:50:17.436+0000][1][safepoint    ] Entering safepoint region: Cleanup
[2019-12-09T03:50:17.436+0000][1][safepoint    ] Leaving safepoint region
[2019-12-09T03:50:17.436+0000][1][safepoint    ] Total time for which application threads were stopped: 0.0831561 seconds, Stopping threads took: 0.0830973 seconds
[2019-12-09T03:50:18.449+0000][1][safepoint    ] Application time: 1.0128057 seconds
[2019-12-09T03:50:18.490+0000][1][safepoint    ] Entering safepoint region: Cleanup
[2019-12-09T03:50:18.490+0000][1][safepoint    ] Leaving safepoint region
[2019-12-09T03:50:18.490+0000][1][safepoint    ] Total time for which application threads were stopped: 0.0415280 seconds, Stopping threads took: 0.0414671 seconds
[2019-12-09T03:50:18.553+0000][1][safepoint    ] Application time: 0.0630315 seconds
[2019-12-09T03:50:18.553+0000][1][safepoint    ] Entering safepoint region: CollectForMetadataAllocation
[2019-12-09T03:50:18.554+0000][1][safepoint    ] Leaving safepoint region
[2019-12-09T03:50:18.554+0000][1][safepoint    ] Total time for which application threads were stopped: 0.0002392 seconds, Stopping threads took: 0.0000141 seconds
[2019-12-09T03:50:18.936+0000][1][safepoint    ] Application time: 0.3823603 seconds
[2019-12-09T03:50:18.936+0000][1][safepoint    ] Entering safepoint region: CollectForMetadataAllocation
[2019-12-09T03:50:18.936+0000][1][safepoint    ] Leaving safepoint region
[2019-12-09T03:50:18.936+0000][1][safepoint    ] Total time for which application threads were stopped: 0.0002436 seconds, Stopping threads took: 0.0000201 seconds
[2019-12-09T03:50:19.164+0000][1][safepoint    ] Application time: 0.2277687 seconds
[2019-12-09T03:50:19.164+0000][1][safepoint    ] Entering safepoint region: CollectForMetadataAllocation
[2019-12-09T03:50:19.164+0000][1][safepoint    ] Leaving safepoint region
[2019-12-09T03:50:19.164+0000][1][safepoint    ] Total time for which application threads were stopped: 0.0002111 seconds, Stopping threads took: 0.0000128 seconds
[2019-12-09T03:50:19.534+0000][1][safepoint    ] Application time: 0.3694339 seconds
[2019-12-09T03:50:19.534+0000][1][safepoint    ] Entering safepoint region: CollectForMetadataAllocation
[2019-12-09T03:50:19.534+0000][1][safepoint    ] Leaving safepoint region
[2019-12-09T03:50:19.534+0000][1][safepoint    ] Total time for which application threads were stopped: 0.0002509 seconds, Stopping threads took: 0.0000151 seconds
[2019-12-09T03:50:19.602+0000][1][safepoint    ] Application time: 0.0677031 seconds
[2019-12-09T03:50:19.602+0000][1][safepoint    ] Entering safepoint region: CollectForMetadataAllocation
[2019-12-09T03:50:19.602+0000][1][safepoint    ] Leaving safepoint region
[2019-12-09T03:50:19.602+0000][1][safepoint    ] Total time for which application threads were stopped: 0.0002290 seconds, Stopping threads took: 0.0000132 seconds
[2019-12-09T03:50:19.707+0000][1][safepoint    ] Application time: 0.1053324 seconds
[2019-12-09T03:50:19.707+0000][1][safepoint    ] Entering safepoint region: GenCollectForAllocation
[2019-12-09T03:50:19.707+0000][1][gc,start     ] GC(17) Pause Young (Allocation Failure)
[2019-12-09T03:50:19.707+0000][1][gc,task      ] GC(17) Using 2 workers of 2 for evacuation
[2019-12-09T03:50:19.817+0000][1][gc,age       ] GC(17) Desired survivor size 4456448 bytes, new threshold 6 (max threshold 6)
[2019-12-09T03:50:19.817+0000][1][gc,age       ] GC(17) Age table with threshold 6 (max threshold 6)
[2019-12-09T03:50:19.818+0000][1][gc,age       ] GC(17) - age   1:    1896232 bytes,    1896232 total
[2019-12-09T03:50:19.818+0000][1][gc,age       ] GC(17) - age   2:    1235952 bytes,    3132184 total
[2019-12-09T03:50:19.818+0000][1][gc,heap      ] GC(17) ParNew: 76729K->3865K(78656K)
[2019-12-09T03:50:19.818+0000][1][gc,heap      ] GC(17) CMS: 55199K->55199K(174784K)
[2019-12-09T03:50:19.818+0000][1][gc,metaspace ] GC(17) Metaspace: 35017K->35017K(1081344K)
[2019-12-09T03:50:19.818+0000][1][gc           ] GC(17) Pause Young (Allocation Failure) 128M->57M(247M) 110.172ms
[2019-12-09T03:50:19.818+0000][1][gc,cpu       ] GC(17) User=0.02s Sys=0.00s Real=0.11s
[2019-12-09T03:50:19.818+0000][1][safepoint    ] Leaving safepoint region
[2019-12-09T03:50:19.818+0000][1][safepoint    ] Total time for which application threads were stopped: 0.1102981 seconds, Stopping threads took: 0.0000124 seconds
[2019-12-09T03:50:19.821+0000][1][safepoint    ] Application time: 0.0032197 seconds
[2019-12-09T03:50:19.821+0000][1][safepoint    ] Entering safepoint region: CMS_Initial_Mark
[2019-12-09T03:50:19.821+0000][1][gc,start     ] GC(18) Pause Initial Mark
[2019-12-09T03:50:19.826+0000][1][gc           ] GC(18) Pause Initial Mark 59M->59M(247M) 4.768ms
[2019-12-09T03:50:19.826+0000][1][gc,cpu       ] GC(18) User=0.00s Sys=0.00s Real=0.01s
[2019-12-09T03:50:19.826+0000][1][safepoint    ] Leaving safepoint region
[2019-12-09T03:50:19.826+0000][1][safepoint    ] Total time for which application threads were stopped: 0.0048949 seconds, Stopping threads took: 0.0000401 seconds
[2019-12-09T03:50:19.826+0000][1][gc           ] GC(18) Concurrent Mark
[2019-12-09T03:50:19.900+0000][1][safepoint    ] Application time: 0.0737397 seconds
[2019-12-09T03:50:19.900+0000][1][safepoint    ] Entering safepoint region: CollectForMetadataAllocation
[2019-12-09T03:50:19.900+0000][1][safepoint    ] Leaving safepoint region
[2019-12-09T03:50:19.900+0000][1][safepoint    ] Total time for which application threads were stopped: 0.0002613 seconds, Stopping threads took: 0.0000275 seconds
[2019-12-09T03:50:20.195+0000][1][safepoint    ] Application time: 0.2955008 seconds
[2019-12-09T03:50:20.195+0000][1][safepoint    ] Entering safepoint region: CollectForMetadataAllocation
[2019-12-09T03:50:20.196+0000][1][safepoint    ] Leaving safepoint region
[2019-12-09T03:50:20.196+0000][1][safepoint    ] Total time for which application threads were stopped: 0.0002314 seconds, Stopping threads took: 0.0000138 seconds
[2019-12-09T03:50:20.543+0000][1][safepoint    ] Application time: 0.3474760 seconds
[2019-12-09T03:50:20.543+0000][1][safepoint    ] Entering safepoint region: CollectForMetadataAllocation
[2019-12-09T03:50:20.543+0000][1][safepoint    ] Leaving safepoint region
[2019-12-09T03:50:20.543+0000][1][safepoint    ] Total time for which application threads were stopped: 0.0001583 seconds, Stopping threads took: 0.0000147 seconds
[2019-12-09T03:50:20.764+0000][1][gc           ] GC(18) Concurrent Mark 938.190ms
[2019-12-09T03:50:20.764+0000][1][gc,cpu       ] GC(18) User=0.26s Sys=0.01s Real=0.93s
[2019-12-09T03:50:20.764+0000][1][gc           ] GC(18) Concurrent Preclean
[2019-12-09T03:50:20.765+0000][1][gc           ] GC(18) Concurrent Preclean 1.097ms
[2019-12-09T03:50:20.765+0000][1][gc,cpu       ] GC(18) User=0.00s Sys=0.00s Real=0.01s
[2019-12-09T03:50:20.765+0000][1][gc           ] GC(18) Concurrent Abortable Preclean
[2019-12-09T03:50:20.866+0000][1][safepoint    ] Application time: 0.3230092 seconds
[2019-12-09T03:50:20.866+0000][1][safepoint    ] Entering safepoint region: CollectForMetadataAllocation
[2019-12-09T03:50:20.867+0000][1][safepoint    ] Leaving safepoint region
[2019-12-09T03:50:20.867+0000][1][safepoint    ] Total time for which application threads were stopped: 0.0002150 seconds, Stopping threads took: 0.0000122 seconds
[2019-12-09T03:50:21.250+0000][1][safepoint    ] Application time: 0.3838895 seconds
[2019-12-09T03:50:21.250+0000][1][safepoint    ] Entering safepoint region: CollectForMetadataAllocation
[2019-12-09T03:50:21.251+0000][1][safepoint    ] Leaving safepoint region
[2019-12-09T03:50:21.251+0000][1][safepoint    ] Total time for which application threads were stopped: 0.0002288 seconds, Stopping threads took: 0.0000140 seconds
[2019-12-09T03:50:21.669+0000][1][safepoint    ] Application time: 0.4183407 seconds
[2019-12-09T03:50:21.669+0000][1][safepoint    ] Entering safepoint region: CollectForMetadataAllocation
[2019-12-09T03:50:21.669+0000][1][safepoint    ] Leaving safepoint region
[2019-12-09T03:50:21.669+0000][1][safepoint    ] Total time for which application threads were stopped: 0.0002381 seconds, Stopping threads took: 0.0000140 seconds
[2019-12-09T03:50:21.755+0000][1][safepoint    ] Application time: 0.0854881 seconds
[2019-12-09T03:50:21.755+0000][1][safepoint    ] Entering safepoint region: RevokeBias
[2019-12-09T03:50:21.755+0000][1][safepoint    ] Leaving safepoint region
[2019-12-09T03:50:21.755+0000][1][safepoint    ] Total time for which application threads were stopped: 0.0001348 seconds, Stopping threads took: 0.0000132 seconds
[2019-12-09T03:50:22.064+0000][1][safepoint    ] Application time: 0.3087135 seconds
[2019-12-09T03:50:22.064+0000][1][safepoint    ] Entering safepoint region: CollectForMetadataAllocation
[2019-12-09T03:50:22.064+0000][1][safepoint    ] Leaving safepoint region
[2019-12-09T03:50:22.064+0000][1][safepoint    ] Total time for which application threads were stopped: 0.0002421 seconds, Stopping threads took: 0.0000237 seconds
[2019-12-09T03:50:22.092+0000][1][safepoint    ] Application time: 0.0277155 seconds
[2019-12-09T03:50:22.176+0000][1][safepoint    ] Entering safepoint region: CollectForMetadataAllocation
[2019-12-09T03:50:22.176+0000][1][safepoint    ] Leaving safepoint region
[2019-12-09T03:50:22.176+0000][1][safepoint    ] Total time for which application threads were stopped: 0.0841190 seconds, Stopping threads took: 0.0840618 seconds
[2019-12-09T03:50:22.242+0000][1][safepoint    ] Application time: 0.0665356 seconds
[2019-12-09T03:50:22.242+0000][1][safepoint    ] Entering safepoint region: CollectForMetadataAllocation
[2019-12-09T03:50:22.243+0000][1][safepoint    ] Leaving safepoint region
[2019-12-09T03:50:22.243+0000][1][safepoint    ] Total time for which application threads were stopped: 0.0001544 seconds, Stopping threads took: 0.0000136 seconds
[2019-12-09T03:50:22.733+0000][1][safepoint    ] Application time: 0.4900763 seconds
[2019-12-09T03:50:22.733+0000][1][safepoint    ] Entering safepoint region: CollectForMetadataAllocation
[2019-12-09T03:50:22.733+0000][1][safepoint    ] Leaving safepoint region
[2019-12-09T03:50:22.733+0000][1][safepoint    ] Total time for which application threads were stopped: 0.0002317 seconds, Stopping threads took: 0.0000147 seconds
[2019-12-09T03:50:22.929+0000][1][safepoint    ] Application time: 0.1957299 seconds
[2019-12-09T03:50:22.929+0000][1][safepoint    ] Entering safepoint region: CollectForMetadataAllocation
[2019-12-09T03:50:22.929+0000][1][safepoint    ] Leaving safepoint region
[2019-12-09T03:50:22.929+0000][1][safepoint    ] Total time for which application threads were stopped: 0.0002374 seconds, Stopping threads took: 0.0000129 seconds
[2019-12-09T03:50:23.113+0000][1][safepoint    ] Application time: 0.1838925 seconds
[2019-12-09T03:50:23.113+0000][1][safepoint    ] Entering safepoint region: CollectForMetadataAllocation
[2019-12-09T03:50:23.113+0000][1][safepoint    ] Leaving safepoint region
[2019-12-09T03:50:23.113+0000][1][safepoint    ] Total time for which application threads were stopped: 0.0002234 seconds, Stopping threads took: 0.0000130 seconds
[2019-12-09T03:50:23.381+0000][1][safepoint    ] Application time: 0.2675942 seconds
[2019-12-09T03:50:23.381+0000][1][safepoint    ] Entering safepoint region: CollectForMetadataAllocation
[2019-12-09T03:50:23.381+0000][1][safepoint    ] Leaving safepoint region
[2019-12-09T03:50:23.381+0000][1][safepoint    ] Total time for which application threads were stopped: 0.0002114 seconds, Stopping threads took: 0.0000139 seconds
[2019-12-09T03:50:23.630+0000][1][safepoint    ] Application time: 0.2490315 seconds
[2019-12-09T03:50:23.630+0000][1][safepoint    ] Entering safepoint region: CollectForMetadataAllocation
[2019-12-09T03:50:23.630+0000][1][safepoint    ] Leaving safepoint region
[2019-12-09T03:50:23.630+0000][1][safepoint    ] Total time for which application threads were stopped: 0.0002472 seconds, Stopping threads took: 0.0000147 seconds
[2019-12-09T03:50:23.886+0000][1][safepoint    ] Application time: 0.2554120 seconds
[2019-12-09T03:50:23.886+0000][1][safepoint    ] Entering safepoint region: CollectForMetadataAllocation
[2019-12-09T03:50:23.886+0000][1][safepoint    ] Leaving safepoint region
[2019-12-09T03:50:23.886+0000][1][safepoint    ] Total time for which application threads were stopped: 0.0002296 seconds, Stopping threads took: 0.0000133 seconds
[2019-12-09T03:50:24.143+0000][1][safepoint    ] Application time: 0.2573425 seconds
[2019-12-09T03:50:24.143+0000][1][safepoint    ] Entering safepoint region: CollectForMetadataAllocation
[2019-12-09T03:50:24.144+0000][1][safepoint    ] Leaving safepoint region
[2019-12-09T03:50:24.144+0000][1][safepoint    ] Total time for which application threads were stopped: 0.0002343 seconds, Stopping threads took: 0.0000139 seconds
[2019-12-09T03:50:24.333+0000][1][safepoint    ] Application time: 0.1890944 seconds
[2019-12-09T03:50:24.333+0000][1][safepoint    ] Entering safepoint region: CollectForMetadataAllocation
[2019-12-09T03:50:24.333+0000][1][safepoint    ] Leaving safepoint region
[2019-12-09T03:50:24.333+0000][1][safepoint    ] Total time for which application threads were stopped: 0.0001617 seconds, Stopping threads took: 0.0000160 seconds
[2019-12-09T03:50:24.756+0000][1][safepoint    ] Application time: 0.4227882 seconds
[2019-12-09T03:50:24.756+0000][1][safepoint    ] Entering safepoint region: CollectForMetadataAllocation
[2019-12-09T03:50:24.756+0000][1][safepoint    ] Leaving safepoint region
[2019-12-09T03:50:24.756+0000][1][safepoint    ] Total time for which application threads were stopped: 0.0001674 seconds, Stopping threads took: 0.0000140 seconds
[2019-12-09T03:50:24.947+0000][1][safepoint    ] Application time: 0.1908016 seconds
[2019-12-09T03:50:24.947+0000][1][safepoint    ] Entering safepoint region: CollectForMetadataAllocation
[2019-12-09T03:50:24.947+0000][1][safepoint    ] Leaving safepoint region
[2019-12-09T03:50:24.947+0000][1][safepoint    ] Total time for which application threads were stopped: 0.0001543 seconds, Stopping threads took: 0.0000141 seconds
[2019-12-09T03:50:25.239+0000][1][safepoint    ] Application time: 0.2917936 seconds
[2019-12-09T03:50:25.239+0000][1][safepoint    ] Entering safepoint region: CollectForMetadataAllocation
[2019-12-09T03:50:25.239+0000][1][safepoint    ] Leaving safepoint region
[2019-12-09T03:50:25.239+0000][1][safepoint    ] Total time for which application threads were stopped: 0.0002194 seconds, Stopping threads took: 0.0000137 seconds
[2019-12-09T03:50:25.553+0000][1][safepoint    ] Application time: 0.3137298 seconds
[2019-12-09T03:50:25.553+0000][1][safepoint    ] Entering safepoint region: CollectForMetadataAllocation
[2019-12-09T03:50:25.553+0000][1][safepoint    ] Leaving safepoint region
[2019-12-09T03:50:25.553+0000][1][safepoint    ] Total time for which application threads were stopped: 0.0002206 seconds, Stopping threads took: 0.0000136 seconds
[2019-12-09T03:50:25.891+0000][1][safepoint    ] Application time: 0.3376369 seconds
[2019-12-09T03:50:25.891+0000][1][safepoint    ] Entering safepoint region: CollectForMetadataAllocation
[2019-12-09T03:50:25.891+0000][1][safepoint    ] Leaving safepoint region
[2019-12-09T03:50:25.891+0000][1][safepoint    ] Total time for which application threads were stopped: 0.0002275 seconds, Stopping threads took: 0.0000124 seconds
[2019-12-09T03:50:25.926+0000][1][gc           ] GC(18) Concurrent Abortable Preclean 5161.093ms
[2019-12-09T03:50:25.926+0000][1][gc,cpu       ] GC(18) User=1.46s Sys=0.01s Real=5.16s
[2019-12-09T03:50:25.926+0000][1][safepoint    ] Application time: 0.0355129 seconds
[2019-12-09T03:50:25.957+0000][1][safepoint    ] Entering safepoint region: CMS_Final_Remark
[2019-12-09T03:50:25.957+0000][1][gc,start     ] GC(18) Pause Remark
[2019-12-09T03:50:26.077+0000][1][gc           ] GC(18) Pause Remark 86M->86M(247M) 120.233ms
[2019-12-09T03:50:26.077+0000][1][gc,cpu       ] GC(18) User=0.03s Sys=0.00s Real=0.12s
[2019-12-09T03:50:26.077+0000][1][safepoint    ] Leaving safepoint region
[2019-12-09T03:50:26.077+0000][1][safepoint    ] Total time for which application threads were stopped: 0.1507580 seconds, Stopping threads took: 0.0303855 seconds
[2019-12-09T03:50:26.079+0000][1][gc           ] GC(18) Concurrent Sweep
[2019-12-09T03:50:26.143+0000][1][safepoint    ] Application time: 0.0655863 seconds
[2019-12-09T03:50:26.143+0000][1][safepoint    ] Entering safepoint region: CollectForMetadataAllocation
[2019-12-09T03:50:26.144+0000][1][safepoint    ] Leaving safepoint region
[2019-12-09T03:50:26.144+0000][1][safepoint    ] Total time for which application threads were stopped: 0.0009617 seconds, Stopping threads took: 0.0000142 seconds
[2019-12-09T03:50:26.356+0000][1][safepoint    ] Application time: 0.2119458 seconds
[2019-12-09T03:50:26.356+0000][1][safepoint    ] Entering safepoint region: CollectForMetadataAllocation
[2019-12-09T03:50:26.356+0000][1][safepoint    ] Leaving safepoint region
[2019-12-09T03:50:26.356+0000][1][safepoint    ] Total time for which application threads were stopped: 0.0001538 seconds, Stopping threads took: 0.0000138 seconds
[2019-12-09T03:50:26.365+0000][1][gc           ] GC(18) Concurrent Sweep 286.647ms
[2019-12-09T03:50:26.365+0000][1][gc,cpu       ] GC(18) User=0.12s Sys=0.01s Real=0.29s
[2019-12-09T03:50:26.365+0000][1][gc           ] GC(18) Concurrent Reset
[2019-12-09T03:50:26.379+0000][1][gc           ] GC(18) Concurrent Reset 13.363ms
[2019-12-09T03:50:26.379+0000][1][gc,cpu       ] GC(18) User=0.00s Sys=0.00s Real=0.01s
[2019-12-09T03:50:26.379+0000][1][gc,heap      ] GC(18) Old: 55199K->55008K(174784K)
[2019-12-09T03:50:26.481+0000][1][safepoint    ] Application time: 0.1251026 seconds
[2019-12-09T03:50:26.481+0000][1][safepoint    ] Entering safepoint region: RevokeBias
[2019-12-09T03:50:26.482+0000][1][safepoint    ] Leaving safepoint region
[2019-12-09T03:50:26.482+0000][1][safepoint    ] Total time for which application threads were stopped: 0.0004995 seconds, Stopping threads took: 0.0004474 seconds
[2019-12-09T03:50:26.482+0000][1][safepoint    ] Application time: 0.0000992 seconds
[2019-12-09T03:50:26.482+0000][1][safepoint    ] Entering safepoint region: RevokeBias
[2019-12-09T03:50:26.482+0000][1][safepoint    ] Leaving safepoint region
[2019-12-09T03:50:26.482+0000][1][safepoint    ] Total time for which application threads were stopped: 0.0000394 seconds, Stopping threads took: 0.0000106 seconds
[2019-12-09T03:50:27.493+0000][1][safepoint    ] Application time: 1.0109552 seconds
[2019-12-09T03:50:27.493+0000][1][safepoint    ] Entering safepoint region: Cleanup
[2019-12-09T03:50:27.493+0000][1][safepoint    ] Leaving safepoint region
[2019-12-09T03:50:27.493+0000][1][safepoint    ] Total time for which application threads were stopped: 0.0001019 seconds, Stopping threads took: 0.0000499 seconds
[2019-12-09T03:50:28.495+0000][1][safepoint    ] Application time: 1.0018533 seconds
[2019-12-09T03:50:28.542+0000][1][safepoint    ] Entering safepoint region: Cleanup
[2019-12-09T03:50:28.542+0000][1][safepoint    ] Leaving safepoint region
[2019-12-09T03:50:28.542+0000][1][safepoint    ] Total time for which application threads were stopped: 0.0471229 seconds, Stopping threads took: 0.0470687 seconds
[2019-12-09T03:50:29.543+0000][1][safepoint    ] Application time: 1.0008409 seconds
[2019-12-09T03:50:29.598+0000][1][safepoint    ] Entering safepoint region: Cleanup
[2019-12-09T03:50:29.598+0000][1][safepoint    ] Leaving safepoint region
[2019-12-09T03:50:29.598+0000][1][safepoint    ] Total time for which application threads were stopped: 0.0550757 seconds, Stopping threads took: 0.0549985 seconds
[2019-12-09T03:50:30.599+0000][1][safepoint    ] Application time: 1.0008703 seconds
[2019-12-09T03:50:30.602+0000][1][safepoint    ] Entering safepoint region: Cleanup
[2019-12-09T03:50:30.602+0000][1][safepoint    ] Leaving safepoint region
[2019-12-09T03:50:30.602+0000][1][safepoint    ] Total time for which application threads were stopped: 0.0030663 seconds, Stopping threads took: 0.0029915 seconds
[2019-12-09T03:50:31.500+0000][1][safepoint    ] Application time: 0.8979140 seconds
[2019-12-09T03:50:31.529+0000][1][safepoint    ] Entering safepoint region: RevokeBias
[2019-12-09T03:50:31.529+0000][1][safepoint    ] Leaving safepoint region
[2019-12-09T03:50:31.529+0000][1][safepoint    ] Total time for which application threads were stopped: 0.0296489 seconds, Stopping threads took: 0.0295025 seconds
[2019-12-09T03:50:31.530+0000][1][safepoint    ] Application time: 0.0002139 seconds
[2019-12-09T03:50:31.530+0000][1][safepoint    ] Entering safepoint region: RevokeBias
[2019-12-09T03:50:31.530+0000][1][safepoint    ] Leaving safepoint region
[2019-12-09T03:50:31.530+0000][1][safepoint    ] Total time for which application threads were stopped: 0.0000859 seconds, Stopping threads took: 0.0000088 seconds
[2019-12-09T03:50:31.530+0000][1][safepoint    ] Application time: 0.0000597 seconds
[2019-12-09T03:50:31.530+0000][1][safepoint    ] Entering safepoint region: RevokeBias
[2019-12-09T03:50:31.530+0000][1][safepoint    ] Leaving safepoint region
[2019-12-09T03:50:31.530+0000][1][safepoint    ] Total time for which application threads were stopped: 0.0000499 seconds, Stopping threads took: 0.0000081 seconds
[2019-12-09T03:50:31.557+0000][1][safepoint    ] Application time: 0.0271848 seconds
[2019-12-09T03:50:31.649+0000][1][safepoint    ] Entering safepoint region: RevokeBias
[2019-12-09T03:50:31.649+0000][1][safepoint    ] Leaving safepoint region
[2019-12-09T03:50:31.649+0000][1][safepoint    ] Total time for which application threads were stopped: 0.0918438 seconds, Stopping threads took: 0.0917296 seconds
[2019-12-09T03:50:31.651+0000][1][safepoint    ] Application time: 0.0018340 seconds
[2019-12-09T03:50:31.651+0000][1][safepoint    ] Entering safepoint region: RevokeBias
[2019-12-09T03:50:31.651+0000][1][safepoint    ] Leaving safepoint region
[2019-12-09T03:50:31.651+0000][1][safepoint    ] Total time for which application threads were stopped: 0.0003320 seconds, Stopping threads took: 0.0002362 seconds
[2019-12-09T03:50:31.651+0000][1][safepoint    ] Application time: 0.0000649 seconds
[2019-12-09T03:50:31.651+0000][1][safepoint    ] Entering safepoint region: RevokeBias
[2019-12-09T03:50:31.651+0000][1][safepoint    ] Leaving safepoint region
[2019-12-09T03:50:31.651+0000][1][safepoint    ] Total time for which application threads were stopped: 0.0000699 seconds, Stopping threads took: 0.0000091 seconds
[2019-12-09T03:50:31.651+0000][1][safepoint    ] Application time: 0.0000953 seconds
[2019-12-09T03:50:31.651+0000][1][safepoint    ] Entering safepoint region: RevokeBias
[2019-12-09T03:50:31.651+0000][1][safepoint    ] Leaving safepoint region
[2019-12-09T03:50:31.651+0000][1][safepoint    ] Total time for which application threads were stopped: 0.0000723 seconds, Stopping threads took: 0.0000087 seconds
[2019-12-09T03:50:31.652+0000][1][safepoint    ] Application time: 0.0000630 seconds
[2019-12-09T03:50:31.652+0000][1][safepoint    ] Entering safepoint region: RevokeBias
[2019-12-09T03:50:31.652+0000][1][safepoint    ] Leaving safepoint region
[2019-12-09T03:50:31.652+0000][1][safepoint    ] Total time for which application threads were stopped: 0.0000678 seconds, Stopping threads took: 0.0000084 seconds
[2019-12-09T03:50:31.653+0000][1][safepoint    ] Application time: 0.0013821 seconds
[2019-12-09T03:50:31.653+0000][1][safepoint    ] Entering safepoint region: RevokeBias
[2019-12-09T03:50:31.653+0000][1][safepoint    ] Leaving safepoint region
[2019-12-09T03:50:31.653+0000][1][safepoint    ] Total time for which application threads were stopped: 0.0000880 seconds, Stopping threads took: 0.0000118 seconds
[2019-12-09T03:50:31.766+0000][1][safepoint    ] Application time: 0.1131752 seconds
[2019-12-09T03:50:31.766+0000][1][safepoint    ] Entering safepoint region: GenCollectForAllocation
[2019-12-09T03:50:31.766+0000][1][gc,start     ] GC(19) Pause Young (Allocation Failure)
[2019-12-09T03:50:31.766+0000][1][gc,task      ] GC(19) Using 2 workers of 2 for evacuation
[2019-12-09T03:50:31.980+0000][1][gc,age       ] GC(19) Desired survivor size 4456448 bytes, new threshold 3 (max threshold 6)
[2019-12-09T03:50:31.980+0000][1][gc,age       ] GC(19) Age table with threshold 3 (max threshold 6)
[2019-12-09T03:50:31.980+0000][1][gc,age       ] GC(19) - age   1:    2582560 bytes,    2582560 total
[2019-12-09T03:50:31.980+0000][1][gc,age       ] GC(19) - age   2:    1870368 bytes,    4452928 total
[2019-12-09T03:50:31.980+0000][1][gc,age       ] GC(19) - age   3:    1233488 bytes,    5686416 total
[2019-12-09T03:50:31.980+0000][1][gc,heap      ] GC(19) ParNew: 73817K->6942K(78656K)
[2019-12-09T03:50:31.980+0000][1][gc,heap      ] GC(19) CMS: 55008K->55008K(174784K)
[2019-12-09T03:50:31.980+0000][1][gc,metaspace ] GC(19) Metaspace: 43035K->43035K(1089536K)
[2019-12-09T03:50:31.980+0000][1][gc           ] GC(19) Pause Young (Allocation Failure) 125M->60M(247M) 213.907ms
[2019-12-09T03:50:31.980+0000][1][gc,cpu       ] GC(19) User=0.05s Sys=0.00s Real=0.21s
[2019-12-09T03:50:31.980+0000][1][safepoint    ] Leaving safepoint region
[2019-12-09T03:50:31.980+0000][1][safepoint    ] Total time for which application threads were stopped: 0.2140377 seconds, Stopping threads took: 0.0000141 seconds
[2019-12-09T03:50:32.137+0000][1][safepoint    ] Application time: 0.1566293 seconds
[2019-12-09T03:50:32.137+0000][1][safepoint    ] Entering safepoint region: RevokeBias
[2019-12-09T03:50:32.137+0000][1][safepoint    ] Leaving safepoint region
[2019-12-09T03:50:32.137+0000][1][safepoint    ] Total time for which application threads were stopped: 0.0000657 seconds, Stopping threads took: 0.0000140 seconds
[2019-12-09T03:50:32.137+0000][1][safepoint    ] Application time: 0.0000648 seconds
[2019-12-09T03:50:32.137+0000][1][safepoint    ] Entering safepoint region: RevokeBias
[2019-12-09T03:50:32.137+0000][1][safepoint    ] Leaving safepoint region
[2019-12-09T03:50:32.137+0000][1][safepoint    ] Total time for which application threads were stopped: 0.0000344 seconds, Stopping threads took: 0.0000079 seconds
[2019-12-09T03:50:32.137+0000][1][safepoint    ] Application time: 0.0000562 seconds
[2019-12-09T03:50:32.137+0000][1][safepoint    ] Entering safepoint region: RevokeBias
[2019-12-09T03:50:32.137+0000][1][safepoint    ] Leaving safepoint region
[2019-12-09T03:50:32.137+0000][1][safepoint    ] Total time for which application threads were stopped: 0.0000289 seconds, Stopping threads took: 0.0000079 seconds
[2019-12-09T03:50:33.721+0000][1][safepoint    ] Application time: 1.5833333 seconds
[2019-12-09T03:50:33.721+0000][1][safepoint    ] Entering safepoint region: Cleanup
[2019-12-09T03:50:33.721+0000][1][safepoint    ] Leaving safepoint region
[2019-12-09T03:50:33.721+0000][1][safepoint    ] Total time for which application threads were stopped: 0.0002867 seconds, Stopping threads took: 0.0001914 seconds
[2019-12-09T03:50:33.880+0000][1][safepoint    ] Application time: 0.1585620 seconds
[2019-12-09T03:50:33.880+0000][1][safepoint    ] Entering safepoint region: RevokeBias
[2019-12-09T03:50:33.880+0000][1][safepoint    ] Leaving safepoint region
[2019-12-09T03:50:33.880+0000][1][safepoint    ] Total time for which application threads were stopped: 0.0001099 seconds, Stopping threads took: 0.0000133 seconds
[2019-12-09T03:50:33.937+0000][1][safepoint    ] Application time: 0.0571514 seconds
[2019-12-09T03:50:33.937+0000][1][safepoint    ] Entering safepoint region: RevokeBias
[2019-12-09T03:50:33.937+0000][1][safepoint    ] Leaving safepoint region
[2019-12-09T03:50:33.937+0000][1][safepoint    ] Total time for which application threads were stopped: 0.0000874 seconds, Stopping threads took: 0.0000113 seconds
[2019-12-09T03:50:34.939+0000][1][safepoint    ] Application time: 1.0017312 seconds
[2019-12-09T03:50:34.949+0000][1][safepoint    ] Entering safepoint region: Cleanup
[2019-12-09T03:50:34.949+0000][1][safepoint    ] Leaving safepoint region
[2019-12-09T03:50:34.949+0000][1][safepoint    ] Total time for which application threads were stopped: 0.0100072 seconds, Stopping threads took: 0.0099589 seconds
[2019-12-09T03:50:35.411+0000][1][safepoint    ] Application time: 0.4619059 seconds
[2019-12-09T03:50:35.418+0000][1][safepoint    ] Entering safepoint region: RevokeBias
[2019-12-09T03:50:35.418+0000][1][safepoint    ] Leaving safepoint region
[2019-12-09T03:50:35.418+0000][1][safepoint    ] Total time for which application threads were stopped: 0.0074481 seconds, Stopping threads took: 0.0069906 seconds
[2019-12-09T03:50:35.418+0000][1][safepoint    ] Application time: 0.0002101 seconds
[2019-12-09T03:50:35.418+0000][1][safepoint    ] Entering safepoint region: RevokeBias
[2019-12-09T03:50:35.418+0000][1][safepoint    ] Leaving safepoint region
[2019-12-09T03:50:35.418+0000][1][safepoint    ] Total time for which application threads were stopped: 0.0000608 seconds, Stopping threads took: 0.0000097 seconds
[2019-12-09T03:50:35.419+0000][1][safepoint    ] Application time: 0.0000602 seconds
[2019-12-09T03:50:35.419+0000][1][safepoint    ] Entering safepoint region: RevokeBias
[2019-12-09T03:50:35.419+0000][1][safepoint    ] Leaving safepoint region
[2019-12-09T03:50:35.419+0000][1][safepoint    ] Total time for which application threads were stopped: 0.0000395 seconds, Stopping threads took: 0.0000080 seconds
[2019-12-09T03:50:35.893+0000][1][safepoint    ] Application time: 0.4740927 seconds
[2019-12-09T03:50:35.901+0000][1][safepoint    ] Entering safepoint region: RevokeBias
[2019-12-09T03:50:35.901+0000][1][safepoint    ] Leaving safepoint region
[2019-12-09T03:50:35.901+0000][1][safepoint    ] Total time for which application threads were stopped: 0.0081536 seconds, Stopping threads took: 0.0080397 seconds
[2019-12-09T03:50:35.903+0000][1][safepoint    ] Application time: 0.0017970 seconds
[2019-12-09T03:50:35.905+0000][1][safepoint    ] Entering safepoint region: RevokeBias
[2019-12-09T03:50:35.905+0000][1][safepoint    ] Leaving safepoint region
[2019-12-09T03:50:35.905+0000][1][safepoint    ] Total time for which application threads were stopped: 0.0020519 seconds, Stopping threads took: 0.0019937 seconds
[2019-12-09T03:50:35.918+0000][1][safepoint    ] Application time: 0.0129156 seconds
[2019-12-09T03:50:35.918+0000][1][safepoint    ] Entering safepoint region: RevokeBias
[2019-12-09T03:50:35.918+0000][1][safepoint    ] Leaving safepoint region
[2019-12-09T03:50:35.918+0000][1][safepoint    ] Total time for which application threads were stopped: 0.0000753 seconds, Stopping threads took: 0.0000108 seconds
[2019-12-09T03:50:35.928+0000][1][safepoint    ] Application time: 0.0098991 seconds
[2019-12-09T03:50:35.928+0000][1][safepoint    ] Entering safepoint region: RevokeBias
[2019-12-09T03:50:35.928+0000][1][safepoint    ] Leaving safepoint region
[2019-12-09T03:50:35.928+0000][1][safepoint    ] Total time for which application threads were stopped: 0.0000713 seconds, Stopping threads took: 0.0000101 seconds
[2019-12-09T03:50:35.944+0000][1][safepoint    ] Application time: 0.0159057 seconds
[2019-12-09T03:50:35.944+0000][1][safepoint    ] Entering safepoint region: RevokeBias
[2019-12-09T03:50:35.944+0000][1][safepoint    ] Leaving safepoint region
[2019-12-09T03:50:35.944+0000][1][safepoint    ] Total time for which application threads were stopped: 0.0000718 seconds, Stopping threads took: 0.0000113 seconds
[2019-12-09T03:50:35.944+0000][1][safepoint    ] Application time: 0.0001036 seconds
[2019-12-09T03:50:35.944+0000][1][safepoint    ] Entering safepoint region: RevokeBias
[2019-12-09T03:50:35.944+0000][1][safepoint    ] Leaving safepoint region
[2019-12-09T03:50:35.944+0000][1][safepoint    ] Total time for which application threads were stopped: 0.0000566 seconds, Stopping threads took: 0.0000082 seconds
[2019-12-09T03:50:35.944+0000][1][safepoint    ] Application time: 0.0000522 seconds
[2019-12-09T03:50:35.944+0000][1][safepoint    ] Entering safepoint region: RevokeBias
[2019-12-09T03:50:35.944+0000][1][safepoint    ] Leaving safepoint region
[2019-12-09T03:50:35.944+0000][1][safepoint    ] Total time for which application threads were stopped: 0.0000442 seconds, Stopping threads took: 0.0000066 seconds
[2019-12-09T03:50:35.944+0000][1][safepoint    ] Application time: 0.0000446 seconds
[2019-12-09T03:50:35.944+0000][1][safepoint    ] Entering safepoint region: BulkRevokeBias
[2019-12-09T03:50:35.944+0000][1][safepoint    ] Leaving safepoint region
[2019-12-09T03:50:35.944+0000][1][safepoint    ] Total time for which application threads were stopped: 0.0000948 seconds, Stopping threads took: 0.0000064 seconds
[2019-12-09T03:50:35.944+0000][1][safepoint    ] Application time: 0.0001310 seconds
[2019-12-09T03:50:35.944+0000][1][safepoint    ] Entering safepoint region: RevokeBias
[2019-12-09T03:50:35.944+0000][1][safepoint    ] Leaving safepoint region
[2019-12-09T03:50:35.944+0000][1][safepoint    ] Total time for which application threads were stopped: 0.0000449 seconds, Stopping threads took: 0.0000068 seconds
[2019-12-09T03:50:35.945+0000][1][safepoint    ] Application time: 0.0001849 seconds
[2019-12-09T03:50:35.945+0000][1][safepoint    ] Entering safepoint region: RevokeBias
[2019-12-09T03:50:35.945+0000][1][safepoint    ] Leaving safepoint region
[2019-12-09T03:50:35.945+0000][1][safepoint    ] Total time for which application threads were stopped: 0.0000783 seconds, Stopping threads took: 0.0000086 seconds
[2019-12-09T03:50:35.945+0000][1][safepoint    ] Application time: 0.0000560 seconds
[2019-12-09T03:50:35.945+0000][1][safepoint    ] Entering safepoint region: RevokeBias
[2019-12-09T03:50:35.945+0000][1][safepoint    ] Leaving safepoint region
[2019-12-09T03:50:35.945+0000][1][safepoint    ] Total time for which application threads were stopped: 0.0000542 seconds, Stopping threads took: 0.0000091 seconds
[2019-12-09T03:50:35.945+0000][1][safepoint    ] Application time: 0.0000565 seconds
[2019-12-09T03:50:35.945+0000][1][safepoint    ] Entering safepoint region: RevokeBias
[2019-12-09T03:50:35.945+0000][1][safepoint    ] Leaving safepoint region
[2019-12-09T03:50:35.945+0000][1][safepoint    ] Total time for which application threads were stopped: 0.0000514 seconds, Stopping threads took: 0.0000082 seconds
[2019-12-09T03:50:35.945+0000][1][safepoint    ] Application time: 0.0000517 seconds
[2019-12-09T03:50:35.945+0000][1][safepoint    ] Entering safepoint region: RevokeBias
[2019-12-09T03:50:35.945+0000][1][safepoint    ] Leaving safepoint region
[2019-12-09T03:50:35.945+0000][1][safepoint    ] Total time for which application threads were stopped: 0.0000472 seconds, Stopping threads took: 0.0000080 seconds
[2019-12-09T03:50:35.945+0000][1][safepoint    ] Application time: 0.0000519 seconds
[2019-12-09T03:50:35.945+0000][1][safepoint    ] Entering safepoint region: RevokeBias
[2019-12-09T03:50:35.945+0000][1][safepoint    ] Leaving safepoint region
[2019-12-09T03:50:35.945+0000][1][safepoint    ] Total time for which application threads were stopped: 0.0000456 seconds, Stopping threads took: 0.0000077 seconds
[2019-12-09T03:50:35.945+0000][1][safepoint    ] Application time: 0.0000526 seconds
[2019-12-09T03:50:35.945+0000][1][safepoint    ] Entering safepoint region: RevokeBias
[2019-12-09T03:50:35.945+0000][1][safepoint    ] Leaving safepoint region
[2019-12-09T03:50:35.945+0000][1][safepoint    ] Total time for which application threads were stopped: 0.0000470 seconds, Stopping threads took: 0.0000084 seconds
[2019-12-09T03:50:35.945+0000][1][safepoint    ] Application time: 0.0000522 seconds
[2019-12-09T03:50:35.945+0000][1][safepoint    ] Entering safepoint region: RevokeBias
[2019-12-09T03:50:35.945+0000][1][safepoint    ] Leaving safepoint region
[2019-12-09T03:50:35.945+0000][1][safepoint    ] Total time for which application threads were stopped: 0.0000468 seconds, Stopping threads took: 0.0000081 seconds
[2019-12-09T03:50:35.946+0000][1][safepoint    ] Application time: 0.0000527 seconds
[2019-12-09T03:50:35.946+0000][1][safepoint    ] Entering safepoint region: RevokeBias
[2019-12-09T03:50:35.946+0000][1][safepoint    ] Leaving safepoint region
[2019-12-09T03:50:35.946+0000][1][safepoint    ] Total time for which application threads were stopped: 0.0000468 seconds, Stopping threads took: 0.0000084 seconds
[2019-12-09T03:50:35.946+0000][1][safepoint    ] Application time: 0.0000515 seconds
[2019-12-09T03:50:35.946+0000][1][safepoint    ] Entering safepoint region: RevokeBias
[2019-12-09T03:50:35.946+0000][1][safepoint    ] Leaving safepoint region
[2019-12-09T03:50:35.946+0000][1][safepoint    ] Total time for which application threads were stopped: 0.0000631 seconds, Stopping threads took: 0.0000085 seconds
[2019-12-09T03:50:35.946+0000][1][safepoint    ] Application time: 0.0000525 seconds
[2019-12-09T03:50:35.946+0000][1][safepoint    ] Entering safepoint region: RevokeBias
[2019-12-09T03:50:35.946+0000][1][safepoint    ] Leaving safepoint region
[2019-12-09T03:50:35.946+0000][1][safepoint    ] Total time for which application threads were stopped: 0.0000471 seconds, Stopping threads took: 0.0000085 seconds
[2019-12-09T03:50:35.946+0000][1][safepoint    ] Application time: 0.0000508 seconds
[2019-12-09T03:50:35.946+0000][1][safepoint    ] Entering safepoint region: RevokeBias
[2019-12-09T03:50:35.946+0000][1][safepoint    ] Leaving safepoint region
[2019-12-09T03:50:35.946+0000][1][safepoint    ] Total time for which application threads were stopped: 0.0000455 seconds, Stopping threads took: 0.0000085 seconds
[2019-12-09T03:50:35.946+0000][1][safepoint    ] Application time: 0.0000505 seconds
[2019-12-09T03:50:35.946+0000][1][safepoint    ] Entering safepoint region: RevokeBias
[2019-12-09T03:50:35.946+0000][1][safepoint    ] Leaving safepoint region
[2019-12-09T03:50:35.946+0000][1][safepoint    ] Total time for which application threads were stopped: 0.0000448 seconds, Stopping threads took: 0.0000084 seconds
[2019-12-09T03:50:35.946+0000][1][safepoint    ] Application time: 0.0000510 seconds
[2019-12-09T03:50:35.946+0000][1][safepoint    ] Entering safepoint region: RevokeBias
[2019-12-09T03:50:35.946+0000][1][safepoint    ] Leaving safepoint region
[2019-12-09T03:50:35.946+0000][1][safepoint    ] Total time for which application threads were stopped: 0.0000451 seconds, Stopping threads took: 0.0000083 seconds
[2019-12-09T03:50:35.946+0000][1][safepoint    ] Application time: 0.0000532 seconds
[2019-12-09T03:50:35.946+0000][1][safepoint    ] Entering safepoint region: RevokeBias
[2019-12-09T03:50:35.946+0000][1][safepoint    ] Leaving safepoint region
[2019-12-09T03:50:35.946+0000][1][safepoint    ] Total time for which application threads were stopped: 0.0000468 seconds, Stopping threads took: 0.0000085 seconds
[2019-12-09T03:50:35.946+0000][1][safepoint    ] Application time: 0.0000518 seconds
[2019-12-09T03:50:35.946+0000][1][safepoint    ] Entering safepoint region: RevokeBias
[2019-12-09T03:50:35.946+0000][1][safepoint    ] Leaving safepoint region
[2019-12-09T03:50:35.946+0000][1][safepoint    ] Total time for which application threads were stopped: 0.0000469 seconds, Stopping threads took: 0.0000085 seconds
[2019-12-09T03:50:35.946+0000][1][safepoint    ] Application time: 0.0000511 seconds
[2019-12-09T03:50:35.946+0000][1][safepoint    ] Entering safepoint region: RevokeBias
[2019-12-09T03:50:35.946+0000][1][safepoint    ] Leaving safepoint region
[2019-12-09T03:50:35.947+0000][1][safepoint    ] Total time for which application threads were stopped: 0.0000479 seconds, Stopping threads took: 0.0000088 seconds
[2019-12-09T03:50:35.947+0000][1][safepoint    ] Application time: 0.0000528 seconds
[2019-12-09T03:50:35.947+0000][1][safepoint    ] Entering safepoint region: RevokeBias
[2019-12-09T03:50:35.947+0000][1][safepoint    ] Leaving safepoint region
[2019-12-09T03:50:35.947+0000][1][safepoint    ] Total time for which application threads were stopped: 0.0000467 seconds, Stopping threads took: 0.0000085 seconds
[2019-12-09T03:50:35.947+0000][1][safepoint    ] Application time: 0.0000665 seconds
[2019-12-09T03:50:35.947+0000][1][safepoint    ] Entering safepoint region: BulkRevokeBias
[2019-12-09T03:50:35.947+0000][1][safepoint    ] Leaving safepoint region
[2019-12-09T03:50:35.947+0000][1][safepoint    ] Total time for which application threads were stopped: 0.0001027 seconds, Stopping threads took: 0.0000082 seconds
[2019-12-09T03:50:35.947+0000][1][safepoint    ] Application time: 0.0001817 seconds
[2019-12-09T03:50:35.947+0000][1][safepoint    ] Entering safepoint region: RevokeBias
[2019-12-09T03:50:35.947+0000][1][safepoint    ] Leaving safepoint region
[2019-12-09T03:50:35.947+0000][1][safepoint    ] Total time for which application threads were stopped: 0.0000582 seconds, Stopping threads took: 0.0000093 seconds
[2019-12-09T03:50:35.947+0000][1][safepoint    ] Application time: 0.0001344 seconds
[2019-12-09T03:50:35.947+0000][1][safepoint    ] Entering safepoint region: RevokeBias
[2019-12-09T03:50:35.947+0000][1][safepoint    ] Leaving safepoint region
[2019-12-09T03:50:35.947+0000][1][safepoint    ] Total time for which application threads were stopped: 0.0000514 seconds, Stopping threads took: 0.0000087 seconds
[2019-12-09T03:50:35.947+0000][1][safepoint    ] Application time: 0.0000708 seconds
[2019-12-09T03:50:35.947+0000][1][safepoint    ] Entering safepoint region: RevokeBias
[2019-12-09T03:50:35.947+0000][1][safepoint    ] Leaving safepoint region
[2019-12-09T03:50:35.947+0000][1][safepoint    ] Total time for which application threads were stopped: 0.0000487 seconds, Stopping threads took: 0.0000089 seconds
[2019-12-09T03:50:35.948+0000][1][safepoint    ] Application time: 0.0000832 seconds
[2019-12-09T03:50:35.948+0000][1][safepoint    ] Entering safepoint region: RevokeBias
[2019-12-09T03:50:35.948+0000][1][safepoint    ] Leaving safepoint region
[2019-12-09T03:50:35.948+0000][1][safepoint    ] Total time for which application threads were stopped: 0.0000560 seconds, Stopping threads took: 0.0000097 seconds
[2019-12-09T03:50:35.948+0000][1][safepoint    ] Application time: 0.0000609 seconds
[2019-12-09T03:50:35.948+0000][1][safepoint    ] Entering safepoint region: RevokeBias
[2019-12-09T03:50:35.948+0000][1][safepoint    ] Leaving safepoint region
[2019-12-09T03:50:35.948+0000][1][safepoint    ] Total time for which application threads were stopped: 0.0000728 seconds, Stopping threads took: 0.0000089 seconds
[2019-12-09T03:50:35.948+0000][1][safepoint    ] Application time: 0.0001805 seconds
[2019-12-09T03:50:35.948+0000][1][safepoint    ] Entering safepoint region: RevokeBias
[2019-12-09T03:50:35.948+0000][1][safepoint    ] Leaving safepoint region
[2019-12-09T03:50:35.948+0000][1][safepoint    ] Total time for which application threads were stopped: 0.0000558 seconds, Stopping threads took: 0.0000091 seconds
[2019-12-09T03:50:35.948+0000][1][safepoint    ] Application time: 0.0002990 seconds
[2019-12-09T03:50:35.948+0000][1][safepoint    ] Entering safepoint region: RevokeBias
[2019-12-09T03:50:35.948+0000][1][safepoint    ] Leaving safepoint region
[2019-12-09T03:50:35.948+0000][1][safepoint    ] Total time for which application threads were stopped: 0.0000634 seconds, Stopping threads took: 0.0000109 seconds
[2019-12-09T03:50:35.948+0000][1][safepoint    ] Application time: 0.0000880 seconds
[2019-12-09T03:50:35.948+0000][1][safepoint    ] Entering safepoint region: RevokeBias
[2019-12-09T03:50:35.949+0000][1][safepoint    ] Leaving safepoint region
[2019-12-09T03:50:35.949+0000][1][safepoint    ] Total time for which application threads were stopped: 0.0000542 seconds, Stopping threads took: 0.0000092 seconds
[2019-12-09T03:50:35.949+0000][1][safepoint    ] Application time: 0.0002562 seconds
[2019-12-09T03:50:35.965+0000][1][safepoint    ] Entering safepoint region: RevokeBias
[2019-12-09T03:50:35.965+0000][1][safepoint    ] Leaving safepoint region
[2019-12-09T03:50:35.965+0000][1][safepoint    ] Total time for which application threads were stopped: 0.0159918 seconds, Stopping threads took: 0.0159278 seconds
[2019-12-09T03:50:35.965+0000][1][safepoint    ] Application time: 0.0000520 seconds
[2019-12-09T03:50:35.965+0000][1][safepoint    ] Entering safepoint region: RevokeBias
[2019-12-09T03:50:35.965+0000][1][safepoint    ] Leaving safepoint region
[2019-12-09T03:50:35.965+0000][1][safepoint    ] Total time for which application threads were stopped: 0.0000396 seconds, Stopping threads took: 0.0000079 seconds
[2019-12-09T03:50:35.965+0000][1][safepoint    ] Application time: 0.0000388 seconds
[2019-12-09T03:50:35.965+0000][1][safepoint    ] Entering safepoint region: RevokeBias
[2019-12-09T03:50:35.965+0000][1][safepoint    ] Leaving safepoint region
[2019-12-09T03:50:35.965+0000][1][safepoint    ] Total time for which application threads were stopped: 0.0000355 seconds, Stopping threads took: 0.0000074 seconds
[2019-12-09T03:50:35.965+0000][1][safepoint    ] Application time: 0.0000339 seconds
[2019-12-09T03:50:35.965+0000][1][safepoint    ] Entering safepoint region: RevokeBias
[2019-12-09T03:50:35.965+0000][1][safepoint    ] Leaving safepoint region
[2019-12-09T03:50:35.965+0000][1][safepoint    ] Total time for which application threads were stopped: 0.0000349 seconds, Stopping threads took: 0.0000072 seconds
[2019-12-09T03:50:35.965+0000][1][safepoint    ] Application time: 0.0000339 seconds
[2019-12-09T03:50:35.965+0000][1][safepoint    ] Entering safepoint region: RevokeBias
[2019-12-09T03:50:35.965+0000][1][safepoint    ] Leaving safepoint region
[2019-12-09T03:50:35.965+0000][1][safepoint    ] Total time for which application threads were stopped: 0.0000343 seconds, Stopping threads took: 0.0000072 seconds
[2019-12-09T03:50:35.965+0000][1][safepoint    ] Application time: 0.0000371 seconds
[2019-12-09T03:50:35.965+0000][1][safepoint    ] Entering safepoint region: RevokeBias
[2019-12-09T03:50:35.965+0000][1][safepoint    ] Leaving safepoint region
[2019-12-09T03:50:35.965+0000][1][safepoint    ] Total time for which application threads were stopped: 0.0000343 seconds, Stopping threads took: 0.0000072 seconds
[2019-12-09T03:50:35.965+0000][1][safepoint    ] Application time: 0.0000339 seconds
[2019-12-09T03:50:35.965+0000][1][safepoint    ] Entering safepoint region: RevokeBias
[2019-12-09T03:50:35.965+0000][1][safepoint    ] Leaving safepoint region
[2019-12-09T03:50:35.965+0000][1][safepoint    ] Total time for which application threads were stopped: 0.0000348 seconds, Stopping threads took: 0.0000072 seconds
[2019-12-09T03:50:35.965+0000][1][safepoint    ] Application time: 0.0000339 seconds
[2019-12-09T03:50:35.965+0000][1][safepoint    ] Entering safepoint region: RevokeBias
[2019-12-09T03:50:35.965+0000][1][safepoint    ] Leaving safepoint region
[2019-12-09T03:50:35.965+0000][1][safepoint    ] Total time for which application threads were stopped: 0.0000345 seconds, Stopping threads took: 0.0000071 seconds
[2019-12-09T03:50:35.965+0000][1][safepoint    ] Application time: 0.0000341 seconds
[2019-12-09T03:50:35.965+0000][1][safepoint    ] Entering safepoint region: RevokeBias
[2019-12-09T03:50:35.966+0000][1][safepoint    ] Leaving safepoint region
[2019-12-09T03:50:35.966+0000][1][safepoint    ] Total time for which application threads were stopped: 0.0000341 seconds, Stopping threads took: 0.0000072 seconds
[2019-12-09T03:50:35.966+0000][1][safepoint    ] Application time: 0.0000353 seconds
[2019-12-09T03:50:35.966+0000][1][safepoint    ] Entering safepoint region: RevokeBias
[2019-12-09T03:50:35.966+0000][1][safepoint    ] Leaving safepoint region
[2019-12-09T03:50:35.966+0000][1][safepoint    ] Total time for which application threads were stopped: 0.0000344 seconds, Stopping threads took: 0.0000071 seconds
[2019-12-09T03:50:35.966+0000][1][safepoint    ] Application time: 0.0000354 seconds
[2019-12-09T03:50:35.966+0000][1][safepoint    ] Entering safepoint region: RevokeBias
[2019-12-09T03:50:35.966+0000][1][safepoint    ] Leaving safepoint region
[2019-12-09T03:50:35.966+0000][1][safepoint    ] Total time for which application threads were stopped: 0.0000479 seconds, Stopping threads took: 0.0000072 seconds
[2019-12-09T03:50:35.966+0000][1][safepoint    ] Application time: 0.0000415 seconds
[2019-12-09T03:50:35.966+0000][1][safepoint    ] Entering safepoint region: RevokeBias
[2019-12-09T03:50:35.966+0000][1][safepoint    ] Leaving safepoint region
[2019-12-09T03:50:35.966+0000][1][safepoint    ] Total time for which application threads were stopped: 0.0000417 seconds, Stopping threads took: 0.0000084 seconds
[2019-12-09T03:50:35.966+0000][1][safepoint    ] Application time: 0.0000462 seconds
[2019-12-09T03:50:35.966+0000][1][safepoint    ] Entering safepoint region: RevokeBias
[2019-12-09T03:50:35.966+0000][1][safepoint    ] Leaving safepoint region
[2019-12-09T03:50:35.966+0000][1][safepoint    ] Total time for which application threads were stopped: 0.0000380 seconds, Stopping threads took: 0.0000078 seconds
[2019-12-09T03:50:35.966+0000][1][safepoint    ] Application time: 0.0000366 seconds
[2019-12-09T03:50:35.966+0000][1][safepoint    ] Entering safepoint region: RevokeBias
[2019-12-09T03:50:35.966+0000][1][safepoint    ] Leaving safepoint region
[2019-12-09T03:50:35.966+0000][1][safepoint    ] Total time for which application threads were stopped: 0.0000362 seconds, Stopping threads took: 0.0000077 seconds
[2019-12-09T03:50:35.966+0000][1][safepoint    ] Application time: 0.0000346 seconds
[2019-12-09T03:50:35.966+0000][1][safepoint    ] Entering safepoint region: RevokeBias
[2019-12-09T03:50:35.966+0000][1][safepoint    ] Leaving safepoint region
[2019-12-09T03:50:35.966+0000][1][safepoint    ] Total time for which application threads were stopped: 0.0000368 seconds, Stopping threads took: 0.0000077 seconds
[2019-12-09T03:50:35.966+0000][1][safepoint    ] Application time: 0.0000340 seconds
[2019-12-09T03:50:35.966+0000][1][safepoint    ] Entering safepoint region: RevokeBias
[2019-12-09T03:50:35.966+0000][1][safepoint    ] Leaving safepoint region
[2019-12-09T03:50:35.966+0000][1][safepoint    ] Total time for which application threads were stopped: 0.0000365 seconds, Stopping threads took: 0.0000080 seconds
[2019-12-09T03:50:35.966+0000][1][safepoint    ] Application time: 0.0000349 seconds
[2019-12-09T03:50:35.966+0000][1][safepoint    ] Entering safepoint region: RevokeBias
[2019-12-09T03:50:35.966+0000][1][safepoint    ] Leaving safepoint region
[2019-12-09T03:50:35.966+0000][1][safepoint    ] Total time for which application threads were stopped: 0.0000367 seconds, Stopping threads took: 0.0000077 seconds
[2019-12-09T03:50:35.966+0000][1][safepoint    ] Application time: 0.0000343 seconds
[2019-12-09T03:50:35.966+0000][1][safepoint    ] Entering safepoint region: RevokeBias
[2019-12-09T03:50:35.966+0000][1][safepoint    ] Leaving safepoint region
[2019-12-09T03:50:35.966+0000][1][safepoint    ] Total time for which application threads were stopped: 0.0000380 seconds, Stopping threads took: 0.0000082 seconds
[2019-12-09T03:50:35.966+0000][1][safepoint    ] Application time: 0.0000339 seconds
[2019-12-09T03:50:35.966+0000][1][safepoint    ] Entering safepoint region: RevokeBias
[2019-12-09T03:50:35.966+0000][1][safepoint    ] Leaving safepoint region
[2019-12-09T03:50:35.966+0000][1][safepoint    ] Total time for which application threads were stopped: 0.0000367 seconds, Stopping threads took: 0.0000078 seconds
[2019-12-09T03:50:35.966+0000][1][safepoint    ] Application time: 0.0000342 seconds
[2019-12-09T03:50:35.966+0000][1][safepoint    ] Entering safepoint region: BulkRevokeBias
[2019-12-09T03:50:35.967+0000][1][safepoint    ] Leaving safepoint region
[2019-12-09T03:50:35.967+0000][1][safepoint    ] Total time for which application threads were stopped: 0.0001032 seconds, Stopping threads took: 0.0000080 seconds
[2019-12-09T03:50:35.967+0000][1][safepoint    ] Application time: 0.0002558 seconds
[2019-12-09T03:50:35.967+0000][1][safepoint    ] Entering safepoint region: RevokeBias
[2019-12-09T03:50:35.967+0000][1][safepoint    ] Leaving safepoint region
[2019-12-09T03:50:35.967+0000][1][safepoint    ] Total time for which application threads were stopped: 0.0000501 seconds, Stopping threads took: 0.0000092 seconds
[2019-12-09T03:50:35.970+0000][1][safepoint    ] Application time: 0.0032448 seconds
[2019-12-09T03:50:35.976+0000][1][safepoint    ] Entering safepoint region: RevokeBias
[2019-12-09T03:50:35.976+0000][1][safepoint    ] Leaving safepoint region
[2019-12-09T03:50:35.976+0000][1][safepoint    ] Total time for which application threads were stopped: 0.0057302 seconds, Stopping threads took: 0.0056529 seconds
[2019-12-09T03:50:35.977+0000][1][safepoint    ] Application time: 0.0006279 seconds
[2019-12-09T03:50:35.977+0000][1][safepoint    ] Entering safepoint region: RevokeBias
[2019-12-09T03:50:35.977+0000][1][safepoint    ] Leaving safepoint region
[2019-12-09T03:50:35.977+0000][1][safepoint    ] Total time for which application threads were stopped: 0.0000940 seconds, Stopping threads took: 0.0000112 seconds
[2019-12-09T03:50:35.983+0000][1][safepoint    ] Application time: 0.0063785 seconds
[2019-12-09T03:50:35.983+0000][1][safepoint    ] Entering safepoint region: RevokeBias
[2019-12-09T03:50:35.983+0000][1][safepoint    ] Leaving safepoint region
[2019-12-09T03:50:35.983+0000][1][safepoint    ] Total time for which application threads were stopped: 0.0000756 seconds, Stopping threads took: 0.0000107 seconds
[2019-12-09T03:50:35.983+0000][1][safepoint    ] Application time: 0.0000634 seconds
[2019-12-09T03:50:35.983+0000][1][safepoint    ] Entering safepoint region: RevokeBias
[2019-12-09T03:50:35.983+0000][1][safepoint    ] Leaving safepoint region
[2019-12-09T03:50:35.983+0000][1][safepoint    ] Total time for which application threads were stopped: 0.0000475 seconds, Stopping threads took: 0.0000086 seconds
[2019-12-09T03:50:35.985+0000][1][safepoint    ] Application time: 0.0018183 seconds
[2019-12-09T03:50:35.985+0000][1][safepoint    ] Entering safepoint region: RevokeBias
[2019-12-09T03:50:35.985+0000][1][safepoint    ] Leaving safepoint region
[2019-12-09T03:50:35.985+0000][1][safepoint    ] Total time for which application threads were stopped: 0.0000757 seconds, Stopping threads took: 0.0000104 seconds
[2019-12-09T03:50:35.985+0000][1][safepoint    ] Application time: 0.0001485 seconds
[2019-12-09T03:50:35.985+0000][1][safepoint    ] Entering safepoint region: RevokeBias
[2019-12-09T03:50:35.985+0000][1][safepoint    ] Leaving safepoint region
[2019-12-09T03:50:35.985+0000][1][safepoint    ] Total time for which application threads were stopped: 0.0000488 seconds, Stopping threads took: 0.0000083 seconds
[2019-12-09T03:50:35.986+0000][1][safepoint    ] Application time: 0.0003269 seconds
[2019-12-09T03:50:35.986+0000][1][safepoint    ] Entering safepoint region: RevokeBias
[2019-12-09T03:50:35.986+0000][1][safepoint    ] Leaving safepoint region
[2019-12-09T03:50:35.986+0000][1][safepoint    ] Total time for which application threads were stopped: 0.0000597 seconds, Stopping threads took: 0.0000095 seconds
[2019-12-09T03:50:35.986+0000][1][safepoint    ] Application time: 0.0003626 seconds
[2019-12-09T03:50:35.986+0000][1][safepoint    ] Entering safepoint region: RevokeBias
[2019-12-09T03:50:35.986+0000][1][safepoint    ] Leaving safepoint region
[2019-12-09T03:50:35.986+0000][1][safepoint    ] Total time for which application threads were stopped: 0.0000596 seconds, Stopping threads took: 0.0000092 seconds
[2019-12-09T03:50:35.986+0000][1][safepoint    ] Application time: 0.0001285 seconds
[2019-12-09T03:50:35.986+0000][1][safepoint    ] Entering safepoint region: RevokeBias
[2019-12-09T03:50:35.986+0000][1][safepoint    ] Leaving safepoint region
[2019-12-09T03:50:35.986+0000][1][safepoint    ] Total time for which application threads were stopped: 0.0000505 seconds, Stopping threads took: 0.0000082 seconds
[2019-12-09T03:50:35.987+0000][1][safepoint    ] Application time: 0.0001893 seconds
[2019-12-09T03:50:35.987+0000][1][safepoint    ] Entering safepoint region: RevokeBias
[2019-12-09T03:50:35.987+0000][1][safepoint    ] Leaving safepoint region
[2019-12-09T03:50:35.987+0000][1][safepoint    ] Total time for which application threads were stopped: 0.0000599 seconds, Stopping threads took: 0.0000132 seconds
[2019-12-09T03:50:35.988+0000][1][safepoint    ] Application time: 0.0014839 seconds
[2019-12-09T03:50:35.988+0000][1][safepoint    ] Entering safepoint region: RevokeBias
[2019-12-09T03:50:35.988+0000][1][safepoint    ] Leaving safepoint region
[2019-12-09T03:50:35.988+0000][1][safepoint    ] Total time for which application threads were stopped: 0.0000715 seconds, Stopping threads took: 0.0000114 seconds
[2019-12-09T03:50:35.988+0000][1][safepoint    ] Application time: 0.0000635 seconds
[2019-12-09T03:50:35.988+0000][1][safepoint    ] Entering safepoint region: RevokeBias
[2019-12-09T03:50:35.988+0000][1][safepoint    ] Leaving safepoint region
[2019-12-09T03:50:35.988+0000][1][safepoint    ] Total time for which application threads were stopped: 0.0000567 seconds, Stopping threads took: 0.0000088 seconds
[2019-12-09T03:50:35.990+0000][1][safepoint    ] Application time: 0.0017968 seconds
[2019-12-09T03:50:35.990+0000][1][safepoint    ] Entering safepoint region: RevokeBias
[2019-12-09T03:50:35.990+0000][1][safepoint    ] Leaving safepoint region
[2019-12-09T03:50:35.990+0000][1][safepoint    ] Total time for which application threads were stopped: 0.0000756 seconds, Stopping threads took: 0.0000105 seconds
[2019-12-09T03:50:35.990+0000][1][safepoint    ] Application time: 0.0000624 seconds
[2019-12-09T03:50:35.990+0000][1][safepoint    ] Entering safepoint region: RevokeBias
[2019-12-09T03:50:35.991+0000][1][safepoint    ] Leaving safepoint region
[2019-12-09T03:50:35.991+0000][1][safepoint    ] Total time for which application threads were stopped: 0.0000573 seconds, Stopping threads took: 0.0000083 seconds
[2019-12-09T03:50:35.991+0000][1][safepoint    ] Application time: 0.0002406 seconds
[2019-12-09T03:50:35.991+0000][1][safepoint    ] Entering safepoint region: RevokeBias
[2019-12-09T03:50:35.991+0000][1][safepoint    ] Leaving safepoint region
[2019-12-09T03:50:35.991+0000][1][safepoint    ] Total time for which application threads were stopped: 0.0000607 seconds, Stopping threads took: 0.0000098 seconds
[2019-12-09T03:50:36.048+0000][1][safepoint    ] Application time: 0.0573456 seconds
[2019-12-09T03:50:36.048+0000][1][safepoint    ] Entering safepoint region: RevokeBias
[2019-12-09T03:50:36.048+0000][1][safepoint    ] Leaving safepoint region
[2019-12-09T03:50:36.048+0000][1][safepoint    ] Total time for which application threads were stopped: 0.0000601 seconds, Stopping threads took: 0.0000145 seconds
[2019-12-09T03:50:36.341+0000][1][safepoint    ] Application time: 0.2926151 seconds
[2019-12-09T03:50:36.381+0000][1][safepoint    ] Entering safepoint region: RevokeBias
[2019-12-09T03:50:36.381+0000][1][safepoint    ] Leaving safepoint region
[2019-12-09T03:50:36.381+0000][1][safepoint    ] Total time for which application threads were stopped: 0.0402736 seconds, Stopping threads took: 0.0401619 seconds
[2019-12-09T03:50:36.386+0000][1][safepoint    ] Application time: 0.0044550 seconds
[2019-12-09T03:50:36.433+0000][1][safepoint    ] Entering safepoint region: RevokeBias
[2019-12-09T03:50:36.433+0000][1][safepoint    ] Leaving safepoint region
[2019-12-09T03:50:36.433+0000][1][safepoint    ] Total time for which application threads were stopped: 0.0471252 seconds, Stopping threads took: 0.0470450 seconds
[2019-12-09T03:50:37.323+0000][1][safepoint    ] Application time: 0.8905054 seconds
[2019-12-09T03:50:37.323+0000][1][safepoint    ] Entering safepoint region: GenCollectForAllocation
[2019-12-09T03:50:37.324+0000][1][gc,start     ] GC(20) Pause Young (Allocation Failure)
[2019-12-09T03:50:37.324+0000][1][gc,task      ] GC(20) Using 2 workers of 2 for evacuation
[2019-12-09T03:50:37.590+0000][1][gc,age       ] GC(20) Desired survivor size 4456448 bytes, new threshold 2 (max threshold 6)
[2019-12-09T03:50:37.590+0000][1][gc,age       ] GC(20) Age table with threshold 2 (max threshold 6)
[2019-12-09T03:50:37.590+0000][1][gc,age       ] GC(20) - age   1:    2811000 bytes,    2811000 total
[2019-12-09T03:50:37.590+0000][1][gc,age       ] GC(20) - age   2:    2491712 bytes,    5302712 total
[2019-12-09T03:50:37.590+0000][1][gc,age       ] GC(20) - age   3:    1868928 bytes,    7171640 total
[2019-12-09T03:50:37.590+0000][1][gc,heap      ] GC(20) ParNew: 76894K->8704K(78656K)
[2019-12-09T03:50:37.590+0000][1][gc,heap      ] GC(20) CMS: 55008K->56237K(174784K)
[2019-12-09T03:50:37.590+0000][1][gc,metaspace ] GC(20) Metaspace: 48303K->48303K(1093632K)
[2019-12-09T03:50:37.590+0000][1][gc           ] GC(20) Pause Young (Allocation Failure) 128M->63M(247M) 266.302ms
[2019-12-09T03:50:37.590+0000][1][gc,cpu       ] GC(20) User=0.06s Sys=0.00s Real=0.27s
[2019-12-09T03:50:37.590+0000][1][safepoint    ] Leaving safepoint region
[2019-12-09T03:50:37.590+0000][1][safepoint    ] Total time for which application threads were stopped: 0.2664551 seconds, Stopping threads took: 0.0000158 seconds
[2019-12-09T03:50:37.592+0000][1][safepoint    ] Application time: 0.0017630 seconds
[2019-12-09T03:50:37.616+0000][1][safepoint    ] Entering safepoint region: RevokeBias
[2019-12-09T03:50:37.616+0000][1][safepoint    ] Leaving safepoint region
[2019-12-09T03:50:37.616+0000][1][safepoint    ] Total time for which application threads were stopped: 0.0241468 seconds, Stopping threads took: 0.0240835 seconds
[2019-12-09T03:50:37.647+0000][1][safepoint    ] Application time: 0.0310050 seconds
[2019-12-09T03:50:37.647+0000][1][safepoint    ] Entering safepoint region: RevokeBias
[2019-12-09T03:50:37.647+0000][1][safepoint    ] Leaving safepoint region
[2019-12-09T03:50:37.647+0000][1][safepoint    ] Total time for which application threads were stopped: 0.0000691 seconds, Stopping threads took: 0.0000154 seconds
[2019-12-09T03:50:38.523+0000][1][safepoint    ] Application time: 0.8764853 seconds
[2019-12-09T03:50:38.523+0000][1][safepoint    ] Entering safepoint region: RevokeBias
[2019-12-09T03:50:38.524+0000][1][safepoint    ] Leaving safepoint region
[2019-12-09T03:50:38.524+0000][1][safepoint    ] Total time for which application threads were stopped: 0.0005053 seconds, Stopping threads took: 0.0000155 seconds
[2019-12-09T03:50:38.666+0000][1][safepoint    ] Application time: 0.1420112 seconds
[2019-12-09T03:50:38.666+0000][1][safepoint    ] Entering safepoint region: RevokeBias
[2019-12-09T03:50:38.666+0000][1][safepoint    ] Leaving safepoint region
[2019-12-09T03:50:38.666+0000][1][safepoint    ] Total time for which application threads were stopped: 0.0000648 seconds, Stopping threads took: 0.0000129 seconds
[2019-12-09T03:50:39.336+0000][1][safepoint    ] Application time: 0.6698120 seconds
[2019-12-09T03:50:39.336+0000][1][safepoint    ] Entering safepoint region: RevokeBias
[2019-12-09T03:50:39.336+0000][1][safepoint    ] Leaving safepoint region
[2019-12-09T03:50:39.336+0000][1][safepoint    ] Total time for which application threads were stopped: 0.0000786 seconds, Stopping threads took: 0.0000239 seconds
[2019-12-09T03:50:39.337+0000][1][safepoint    ] Application time: 0.0009473 seconds
[2019-12-09T03:50:39.337+0000][1][safepoint    ] Entering safepoint region: RevokeBias
[2019-12-09T03:50:39.337+0000][1][safepoint    ] Leaving safepoint region
[2019-12-09T03:50:39.337+0000][1][safepoint    ] Total time for which application threads were stopped: 0.0000600 seconds, Stopping threads took: 0.0000127 seconds
[2019-12-09T03:50:39.345+0000][1][safepoint    ] Application time: 0.0076376 seconds
[2019-12-09T03:50:39.345+0000][1][safepoint    ] Entering safepoint region: RevokeBias
[2019-12-09T03:50:39.345+0000][1][safepoint    ] Leaving safepoint region
[2019-12-09T03:50:39.345+0000][1][safepoint    ] Total time for which application threads were stopped: 0.0000506 seconds, Stopping threads took: 0.0000112 seconds
[2019-12-09T03:50:39.348+0000][1][safepoint    ] Application time: 0.0030239 seconds
[2019-12-09T03:50:39.348+0000][1][safepoint    ] Entering safepoint region: RevokeBias
[2019-12-09T03:50:39.348+0000][1][safepoint    ] Leaving safepoint region
[2019-12-09T03:50:39.348+0000][1][safepoint    ] Total time for which application threads were stopped: 0.0000526 seconds, Stopping threads took: 0.0000121 seconds
[2019-12-09T03:50:39.466+0000][1][safepoint    ] Application time: 0.1180271 seconds
[2019-12-09T03:50:39.466+0000][1][safepoint    ] Entering safepoint region: RevokeBias
[2019-12-09T03:50:39.466+0000][1][safepoint    ] Leaving safepoint region
[2019-12-09T03:50:39.466+0000][1][safepoint    ] Total time for which application threads were stopped: 0.0000716 seconds, Stopping threads took: 0.0000165 seconds
[2019-12-09T03:50:39.524+0000][1][safepoint    ] Application time: 0.0575760 seconds
[2019-12-09T03:50:39.524+0000][1][safepoint    ] Entering safepoint region: RevokeBias
[2019-12-09T03:50:39.524+0000][1][safepoint    ] Leaving safepoint region
[2019-12-09T03:50:39.524+0000][1][safepoint    ] Total time for which application threads were stopped: 0.0000840 seconds, Stopping threads took: 0.0000139 seconds
[2019-12-09T03:50:39.608+0000][1][safepoint    ] Application time: 0.0839693 seconds
[2019-12-09T03:50:39.608+0000][1][safepoint    ] Entering safepoint region: RevokeBias
[2019-12-09T03:50:39.608+0000][1][safepoint    ] Leaving safepoint region
[2019-12-09T03:50:39.608+0000][1][safepoint    ] Total time for which application threads were stopped: 0.0000808 seconds, Stopping threads took: 0.0000159 seconds
[2019-12-09T03:50:39.672+0000][1][safepoint    ] Application time: 0.0639227 seconds
[2019-12-09T03:50:39.672+0000][1][safepoint    ] Entering safepoint region: RevokeBias
[2019-12-09T03:50:39.672+0000][1][safepoint    ] Leaving safepoint region
[2019-12-09T03:50:39.672+0000][1][safepoint    ] Total time for which application threads were stopped: 0.0000744 seconds, Stopping threads took: 0.0000176 seconds
[2019-12-09T03:50:39.690+0000][1][safepoint    ] Application time: 0.0184551 seconds
[2019-12-09T03:50:39.690+0000][1][safepoint    ] Entering safepoint region: RevokeBias
[2019-12-09T03:50:39.690+0000][1][safepoint    ] Leaving safepoint region
[2019-12-09T03:50:39.690+0000][1][safepoint    ] Total time for which application threads were stopped: 0.0001126 seconds, Stopping threads took: 0.0000536 seconds
[2019-12-09T03:50:40.697+0000][1][safepoint    ] Application time: 1.0062038 seconds
[2019-12-09T03:50:40.706+0000][1][safepoint    ] Entering safepoint region: Cleanup
[2019-12-09T03:50:40.706+0000][1][safepoint    ] Leaving safepoint region
[2019-12-09T03:50:40.706+0000][1][safepoint    ] Total time for which application threads were stopped: 0.0095686 seconds, Stopping threads took: 0.0090484 seconds
[2019-12-09T03:50:41.397+0000][1][safepoint    ] Application time: 0.6910199 seconds
[2019-12-09T03:50:41.397+0000][1][safepoint    ] Entering safepoint region: RevokeBias
[2019-12-09T03:50:41.397+0000][1][safepoint    ] Leaving safepoint region
[2019-12-09T03:50:41.397+0000][1][safepoint    ] Total time for which application threads were stopped: 0.0001012 seconds, Stopping threads took: 0.0000150 seconds
[2019-12-09T03:50:42.405+0000][1][safepoint    ] Application time: 1.0075864 seconds
[2019-12-09T03:50:42.405+0000][1][safepoint    ] Entering safepoint region: Cleanup
[2019-12-09T03:50:42.405+0000][1][safepoint    ] Leaving safepoint region
[2019-12-09T03:50:42.405+0000][1][safepoint    ] Total time for which application threads were stopped: 0.0000876 seconds, Stopping threads took: 0.0000144 seconds
[2019-12-09T03:50:43.430+0000][1][safepoint    ] Application time: 1.0245153 seconds
[2019-12-09T03:50:43.430+0000][1][safepoint    ] Entering safepoint region: Cleanup
[2019-12-09T03:50:43.430+0000][1][safepoint    ] Leaving safepoint region
[2019-12-09T03:50:43.430+0000][1][safepoint    ] Total time for which application threads were stopped: 0.0002048 seconds, Stopping threads took: 0.0001082 seconds
[2019-12-09T03:50:43.441+0000][1][safepoint    ] Application time: 0.0106421 seconds
[2019-12-09T03:50:43.441+0000][1][safepoint    ] Entering safepoint region: GenCollectForAllocation
[2019-12-09T03:50:43.441+0000][1][gc,start     ] GC(21) Pause Young (Allocation Failure)
[2019-12-09T03:50:43.441+0000][1][gc,task      ] GC(21) Using 2 workers of 2 for evacuation
[2019-12-09T03:50:43.718+0000][1][gc,age       ] GC(21) Desired survivor size 4456448 bytes, new threshold 6 (max threshold 6)
[2019-12-09T03:50:43.718+0000][1][gc,age       ] GC(21) Age table with threshold 6 (max threshold 6)
[2019-12-09T03:50:43.718+0000][1][gc,age       ] GC(21) - age   1:    1593552 bytes,    1593552 total
[2019-12-09T03:50:43.718+0000][1][gc,age       ] GC(21) - age   2:    2744520 bytes,    4338072 total
[2019-12-09T03:50:43.718+0000][1][gc,heap      ] GC(21) ParNew: 78656K->6467K(78656K)
[2019-12-09T03:50:43.718+0000][1][gc,heap      ] GC(21) CMS: 56237K->60619K(174784K)
[2019-12-09T03:50:43.718+0000][1][gc,metaspace ] GC(21) Metaspace: 55580K->55580K(1099776K)
[2019-12-09T03:50:43.718+0000][1][gc           ] GC(21) Pause Young (Allocation Failure) 131M->65M(247M) 277.680ms
[2019-12-09T03:50:43.718+0000][1][gc,cpu       ] GC(21) User=0.04s Sys=0.00s Real=0.28s
[2019-12-09T03:50:43.718+0000][1][safepoint    ] Leaving safepoint region
[2019-12-09T03:50:43.718+0000][1][safepoint    ] Total time for which application threads were stopped: 0.2778354 seconds, Stopping threads took: 0.0000139 seconds
[2019-12-09T03:50:43.737+0000][1][safepoint    ] Application time: 0.0182399 seconds
[2019-12-09T03:50:43.737+0000][1][safepoint    ] Entering safepoint region: RevokeBias
[2019-12-09T03:50:43.737+0000][1][safepoint    ] Leaving safepoint region
[2019-12-09T03:50:43.737+0000][1][safepoint    ] Total time for which application threads were stopped: 0.0000869 seconds, Stopping threads took: 0.0000264 seconds
[2019-12-09T03:50:43.761+0000][1][safepoint    ] Application time: 0.0237641 seconds
[2019-12-09T03:50:43.761+0000][1][safepoint    ] Entering safepoint region: RevokeBias
[2019-12-09T03:50:43.761+0000][1][safepoint    ] Leaving safepoint region
[2019-12-09T03:50:43.761+0000][1][safepoint    ] Total time for which application threads were stopped: 0.0000866 seconds, Stopping threads took: 0.0000171 seconds
[2019-12-09T03:50:44.396+0000][1][safepoint    ] Application time: 0.6350996 seconds
[2019-12-09T03:50:44.429+0000][1][safepoint    ] Entering safepoint region: RevokeBias
[2019-12-09T03:50:44.429+0000][1][safepoint    ] Leaving safepoint region
[2019-12-09T03:50:44.429+0000][1][safepoint    ] Total time for which application threads were stopped: 0.0330265 seconds, Stopping threads took: 0.0328877 seconds
[2019-12-09T03:50:44.429+0000][1][safepoint    ] Application time: 0.0002400 seconds
[2019-12-09T03:50:44.429+0000][1][safepoint    ] Entering safepoint region: RevokeBias
[2019-12-09T03:50:44.429+0000][1][safepoint    ] Leaving safepoint region
[2019-12-09T03:50:44.429+0000][1][safepoint    ] Total time for which application threads were stopped: 0.0000856 seconds, Stopping threads took: 0.0000121 seconds
[2019-12-09T03:50:44.429+0000][1][safepoint    ] Application time: 0.0000697 seconds
[2019-12-09T03:50:44.429+0000][1][safepoint    ] Entering safepoint region: RevokeBias
[2019-12-09T03:50:44.429+0000][1][safepoint    ] Leaving safepoint region
[2019-12-09T03:50:44.429+0000][1][safepoint    ] Total time for which application threads were stopped: 0.0000556 seconds, Stopping threads took: 0.0000087 seconds
[2019-12-09T03:50:44.430+0000][1][safepoint    ] Application time: 0.0001892 seconds
[2019-12-09T03:50:44.430+0000][1][safepoint    ] Entering safepoint region: RevokeBias
[2019-12-09T03:50:44.430+0000][1][safepoint    ] Leaving safepoint region
[2019-12-09T03:50:44.430+0000][1][safepoint    ] Total time for which application threads were stopped: 0.0000889 seconds, Stopping threads took: 0.0000110 seconds
[2019-12-09T03:50:45.413+0000][1][safepoint    ] Application time: 0.9832498 seconds
[2019-12-09T03:50:45.413+0000][1][safepoint    ] Entering safepoint region: Deoptimize
[2019-12-09T03:50:45.414+0000][1][safepoint    ] Leaving safepoint region
[2019-12-09T03:50:45.414+0000][1][safepoint    ] Total time for which application threads were stopped: 0.0006073 seconds, Stopping threads took: 0.0000154 seconds
[2019-12-09T03:50:45.453+0000][1][safepoint    ] Application time: 0.0396135 seconds
[2019-12-09T03:50:45.477+0000][1][safepoint    ] Entering safepoint region: RevokeBias
[2019-12-09T03:50:45.477+0000][1][safepoint    ] Leaving safepoint region
[2019-12-09T03:50:45.477+0000][1][safepoint    ] Total time for which application threads were stopped: 0.0235670 seconds, Stopping threads took: 0.0234731 seconds
[2019-12-09T03:50:45.479+0000][1][safepoint    ] Application time: 0.0021894 seconds
[2019-12-09T03:50:45.479+0000][1][safepoint    ] Entering safepoint region: BulkRevokeBias
[2019-12-09T03:50:45.479+0000][1][safepoint    ] Leaving safepoint region
[2019-12-09T03:50:45.479+0000][1][safepoint    ] Total time for which application threads were stopped: 0.0001945 seconds, Stopping threads took: 0.0000132 seconds
[2019-12-09T03:50:45.734+0000][1][safepoint    ] Application time: 0.2549479 seconds
[2019-12-09T03:50:45.734+0000][1][safepoint    ] Entering safepoint region: RevokeBias
[2019-12-09T03:50:45.734+0000][1][safepoint    ] Leaving safepoint region
[2019-12-09T03:50:45.734+0000][1][safepoint    ] Total time for which application threads were stopped: 0.0001161 seconds, Stopping threads took: 0.0000165 seconds
[2019-12-09T03:50:45.749+0000][1][safepoint    ] Application time: 0.0144218 seconds
[2019-12-09T03:50:45.749+0000][1][safepoint    ] Entering safepoint region: RevokeBias
[2019-12-09T03:50:45.749+0000][1][safepoint    ] Leaving safepoint region
[2019-12-09T03:50:45.749+0000][1][safepoint    ] Total time for which application threads were stopped: 0.0000793 seconds, Stopping threads took: 0.0000148 seconds
[2019-12-09T03:50:45.749+0000][1][safepoint    ] Application time: 0.0001439 seconds
[2019-12-09T03:50:45.749+0000][1][safepoint    ] Entering safepoint region: RevokeBias
[2019-12-09T03:50:45.749+0000][1][safepoint    ] Leaving safepoint region
[2019-12-09T03:50:45.749+0000][1][safepoint    ] Total time for which application threads were stopped: 0.0000620 seconds, Stopping threads took: 0.0000103 seconds
[2019-12-09T03:50:45.765+0000][1][safepoint    ] Application time: 0.0162007 seconds
[2019-12-09T03:50:45.765+0000][1][safepoint    ] Entering safepoint region: RevokeBias
[2019-12-09T03:50:45.765+0000][1][safepoint    ] Leaving safepoint region
[2019-12-09T03:50:45.765+0000][1][safepoint    ] Total time for which application threads were stopped: 0.0000796 seconds, Stopping threads took: 0.0000144 seconds
[2019-12-09T03:50:46.767+0000][1][safepoint    ] Application time: 1.0012358 seconds
[2019-12-09T03:50:46.768+0000][1][safepoint    ] Entering safepoint region: Cleanup
[2019-12-09T03:50:46.769+0000][1][safepoint    ] Leaving safepoint region
[2019-12-09T03:50:46.769+0000][1][safepoint    ] Total time for which application threads were stopped: 0.0025934 seconds, Stopping threads took: 0.0014240 seconds
[2019-12-09T03:50:47.713+0000][1][safepoint    ] Application time: 0.9438750 seconds
[2019-12-09T03:50:47.713+0000][1][safepoint    ] Entering safepoint region: Deoptimize
[2019-12-09T03:50:47.714+0000][1][safepoint    ] Leaving safepoint region
[2019-12-09T03:50:47.714+0000][1][safepoint    ] Total time for which application threads were stopped: 0.0006554 seconds, Stopping threads took: 0.0000166 seconds
[2019-12-09T03:50:48.718+0000][1][safepoint    ] Application time: 1.0037775 seconds
[2019-12-09T03:50:48.738+0000][1][safepoint    ] Entering safepoint region: Cleanup
[2019-12-09T03:50:48.738+0000][1][safepoint    ] Leaving safepoint region
[2019-12-09T03:50:48.738+0000][1][safepoint    ] Total time for which application threads were stopped: 0.0201776 seconds, Stopping threads took: 0.0200950 seconds
[2019-12-09T03:50:49.742+0000][1][safepoint    ] Application time: 1.0037847 seconds
[2019-12-09T03:50:49.791+0000][1][safepoint    ] Entering safepoint region: Cleanup
[2019-12-09T03:50:49.791+0000][1][safepoint    ] Leaving safepoint region
[2019-12-09T03:50:49.791+0000][1][safepoint    ] Total time for which application threads were stopped: 0.0491493 seconds, Stopping threads took: 0.0490562 seconds
[2019-12-09T03:50:50.285+0000][1][safepoint    ] Application time: 0.4941216 seconds
[2019-12-09T03:50:50.285+0000][1][safepoint    ] Entering safepoint region: GenCollectForAllocation
[2019-12-09T03:50:50.285+0000][1][gc,start     ] GC(22) Pause Young (Allocation Failure)
[2019-12-09T03:50:50.285+0000][1][gc,task      ] GC(22) Using 2 workers of 2 for evacuation
[2019-12-09T03:50:50.408+0000][1][gc,age       ] GC(22) Desired survivor size 4456448 bytes, new threshold 2 (max threshold 6)
[2019-12-09T03:50:50.408+0000][1][gc,age       ] GC(22) Age table with threshold 2 (max threshold 6)
[2019-12-09T03:50:50.408+0000][1][gc,age       ] GC(22) - age   1:    3597016 bytes,    3597016 total
[2019-12-09T03:50:50.408+0000][1][gc,age       ] GC(22) - age   2:    1505560 bytes,    5102576 total
[2019-12-09T03:50:50.408+0000][1][gc,age       ] GC(22) - age   3:    2722704 bytes,    7825280 total
[2019-12-09T03:50:50.408+0000][1][gc,heap      ] GC(22) ParNew: 76419K->8704K(78656K)
[2019-12-09T03:50:50.408+0000][1][gc,heap      ] GC(22) CMS: 60619K->60619K(174784K)
[2019-12-09T03:50:50.408+0000][1][gc,metaspace ] GC(22) Metaspace: 62476K->62476K(1105920K)
[2019-12-09T03:50:50.408+0000][1][gc           ] GC(22) Pause Young (Allocation Failure) 133M->67M(247M) 123.029ms
[2019-12-09T03:50:50.408+0000][1][gc,cpu       ] GC(22) User=0.05s Sys=0.00s Real=0.12s
[2019-12-09T03:50:50.408+0000][1][safepoint    ] Leaving safepoint region
[2019-12-09T03:50:50.408+0000][1][safepoint    ] Total time for which application threads were stopped: 0.1231699 seconds, Stopping threads took: 0.0000142 seconds
[2019-12-09T03:50:50.601+0000][1][safepoint    ] Application time: 0.1930591 seconds
[2019-12-09T03:50:50.601+0000][1][safepoint    ] Entering safepoint region: RevokeBias
[2019-12-09T03:50:50.601+0000][1][safepoint    ] Leaving safepoint region
[2019-12-09T03:50:50.601+0000][1][safepoint    ] Total time for which application threads were stopped: 0.0000925 seconds, Stopping threads took: 0.0000167 seconds
[2019-12-09T03:50:51.466+0000][1][safepoint    ] Application time: 0.8646819 seconds
[2019-12-09T03:50:51.466+0000][1][safepoint    ] Entering safepoint region: Deoptimize
[2019-12-09T03:50:51.467+0000][1][safepoint    ] Leaving safepoint region
[2019-12-09T03:50:51.467+0000][1][safepoint    ] Total time for which application threads were stopped: 0.0007534 seconds, Stopping threads took: 0.0000226 seconds
[2019-12-09T03:50:51.506+0000][1][safepoint    ] Application time: 0.0394239 seconds
[2019-12-09T03:50:51.506+0000][1][safepoint    ] Entering safepoint region: RevokeBias
[2019-12-09T03:50:51.507+0000][1][safepoint    ] Leaving safepoint region
[2019-12-09T03:50:51.507+0000][1][safepoint    ] Total time for which application threads were stopped: 0.0002362 seconds, Stopping threads took: 0.0001209 seconds
[2019-12-09T03:50:51.507+0000][1][safepoint    ] Application time: 0.0001008 seconds
[2019-12-09T03:50:51.507+0000][1][safepoint    ] Entering safepoint region: RevokeBias
[2019-12-09T03:50:51.507+0000][1][safepoint    ] Leaving safepoint region
[2019-12-09T03:50:51.507+0000][1][safepoint    ] Total time for which application threads were stopped: 0.0000749 seconds, Stopping threads took: 0.0000105 seconds
[2019-12-09T03:50:51.507+0000][1][safepoint    ] Application time: 0.0000606 seconds
[2019-12-09T03:50:51.507+0000][1][safepoint    ] Entering safepoint region: RevokeBias
[2019-12-09T03:50:51.507+0000][1][safepoint    ] Leaving safepoint region
[2019-12-09T03:50:51.507+0000][1][safepoint    ] Total time for which application threads were stopped: 0.0000606 seconds, Stopping threads took: 0.0000090 seconds
[2019-12-09T03:50:51.507+0000][1][safepoint    ] Application time: 0.0000593 seconds
[2019-12-09T03:50:51.507+0000][1][safepoint    ] Entering safepoint region: RevokeBias
[2019-12-09T03:50:51.507+0000][1][safepoint    ] Leaving safepoint region
[2019-12-09T03:50:51.507+0000][1][safepoint    ] Total time for which application threads were stopped: 0.0000579 seconds, Stopping threads took: 0.0000089 seconds
[2019-12-09T03:50:51.507+0000][1][safepoint    ] Application time: 0.0000583 seconds
[2019-12-09T03:50:51.507+0000][1][safepoint    ] Entering safepoint region: RevokeBias
[2019-12-09T03:50:51.507+0000][1][safepoint    ] Leaving safepoint region
[2019-12-09T03:50:51.507+0000][1][safepoint    ] Total time for which application threads were stopped: 0.0000571 seconds, Stopping threads took: 0.0000091 seconds
[2019-12-09T03:50:51.507+0000][1][safepoint    ] Application time: 0.0000634 seconds
[2019-12-09T03:50:51.507+0000][1][safepoint    ] Entering safepoint region: RevokeBias
[2019-12-09T03:50:51.507+0000][1][safepoint    ] Leaving safepoint region
[2019-12-09T03:50:51.507+0000][1][safepoint    ] Total time for which application threads were stopped: 0.0000596 seconds, Stopping threads took: 0.0000090 seconds
[2019-12-09T03:50:51.507+0000][1][safepoint    ] Application time: 0.0000525 seconds
[2019-12-09T03:50:51.507+0000][1][safepoint    ] Entering safepoint region: RevokeBias
[2019-12-09T03:50:51.507+0000][1][safepoint    ] Leaving safepoint region
[2019-12-09T03:50:51.507+0000][1][safepoint    ] Total time for which application threads were stopped: 0.0000503 seconds, Stopping threads took: 0.0000076 seconds
[2019-12-09T03:50:51.508+0000][1][safepoint    ] Application time: 0.0000536 seconds
[2019-12-09T03:50:51.508+0000][1][safepoint    ] Entering safepoint region: RevokeBias
[2019-12-09T03:50:51.508+0000][1][safepoint    ] Leaving safepoint region
[2019-12-09T03:50:51.508+0000][1][safepoint    ] Total time for which application threads were stopped: 0.0000510 seconds, Stopping threads took: 0.0000077 seconds
[2019-12-09T03:50:51.612+0000][1][safepoint    ] Application time: 0.1044066 seconds
[2019-12-09T03:50:51.612+0000][1][safepoint    ] Entering safepoint region: BulkRevokeBias
[2019-12-09T03:50:51.612+0000][1][safepoint    ] Leaving safepoint region
[2019-12-09T03:50:51.612+0000][1][safepoint    ] Total time for which application threads were stopped: 0.0001875 seconds, Stopping threads took: 0.0000146 seconds
[2019-12-09T03:50:51.614+0000][1][safepoint    ] Application time: 0.0012932 seconds
[2019-12-09T03:50:51.614+0000][1][safepoint    ] Entering safepoint region: RevokeBias
[2019-12-09T03:50:51.614+0000][1][safepoint    ] Leaving safepoint region
[2019-12-09T03:50:51.614+0000][1][safepoint    ] Total time for which application threads were stopped: 0.0000797 seconds, Stopping threads took: 0.0000200 seconds
[2019-12-09T03:50:51.614+0000][1][safepoint    ] Application time: 0.0004920 seconds
[2019-12-09T03:50:51.614+0000][1][safepoint    ] Entering safepoint region: RevokeBias
[2019-12-09T03:50:51.614+0000][1][safepoint    ] Leaving safepoint region
[2019-12-09T03:50:51.614+0000][1][safepoint    ] Total time for which application threads were stopped: 0.0000718 seconds, Stopping threads took: 0.0000122 seconds
[2019-12-09T03:50:51.622+0000][1][safepoint    ] Application time: 0.0075116 seconds
[2019-12-09T03:50:51.622+0000][1][safepoint    ] Entering safepoint region: RevokeBias
[2019-12-09T03:50:51.622+0000][1][safepoint    ] Leaving safepoint region
[2019-12-09T03:50:51.622+0000][1][safepoint    ] Total time for which application threads were stopped: 0.0000649 seconds, Stopping threads took: 0.0000109 seconds
[2019-12-09T03:50:51.622+0000][1][safepoint    ] Application time: 0.0003539 seconds
[2019-12-09T03:50:51.622+0000][1][safepoint    ] Entering safepoint region: RevokeBias
[2019-12-09T03:50:51.622+0000][1][safepoint    ] Leaving safepoint region
[2019-12-09T03:50:51.622+0000][1][safepoint    ] Total time for which application threads were stopped: 0.0000612 seconds, Stopping threads took: 0.0000105 seconds
[2019-12-09T03:50:51.622+0000][1][safepoint    ] Application time: 0.0001966 seconds
[2019-12-09T03:50:51.623+0000][1][safepoint    ] Entering safepoint region: RevokeBias
[2019-12-09T03:50:51.623+0000][1][safepoint    ] Leaving safepoint region
[2019-12-09T03:50:51.623+0000][1][safepoint    ] Total time for which application threads were stopped: 0.0000567 seconds, Stopping threads took: 0.0000089 seconds
[2019-12-09T03:50:51.623+0000][1][safepoint    ] Application time: 0.0000567 seconds
[2019-12-09T03:50:51.623+0000][1][safepoint    ] Entering safepoint region: RevokeBias
[2019-12-09T03:50:51.623+0000][1][safepoint    ] Leaving safepoint region
[2019-12-09T03:50:51.623+0000][1][safepoint    ] Total time for which application threads were stopped: 0.0000633 seconds, Stopping threads took: 0.0000089 seconds
[2019-12-09T03:50:51.624+0000][1][safepoint    ] Application time: 0.0017175 seconds
[2019-12-09T03:50:51.624+0000][1][safepoint    ] Entering safepoint region: RevokeBias
[2019-12-09T03:50:51.624+0000][1][safepoint    ] Leaving safepoint region
[2019-12-09T03:50:51.625+0000][1][safepoint    ] Total time for which application threads were stopped: 0.0000631 seconds, Stopping threads took: 0.0000110 seconds
[2019-12-09T03:50:51.625+0000][1][safepoint    ] Application time: 0.0000974 seconds
[2019-12-09T03:50:51.625+0000][1][safepoint    ] Entering safepoint region: RevokeBias
[2019-12-09T03:50:51.625+0000][1][safepoint    ] Leaving safepoint region
[2019-12-09T03:50:51.625+0000][1][safepoint    ] Total time for which application threads were stopped: 0.0000457 seconds, Stopping threads took: 0.0000086 seconds
[2019-12-09T03:50:51.647+0000][1][safepoint    ] Application time: 0.0221047 seconds
[2019-12-09T03:50:51.647+0000][1][safepoint    ] Entering safepoint region: Deoptimize
[2019-12-09T03:50:51.647+0000][1][safepoint    ] Leaving safepoint region
[2019-12-09T03:50:51.647+0000][1][safepoint    ] Total time for which application threads were stopped: 0.0006707 seconds, Stopping threads took: 0.0000109 seconds
[2019-12-09T03:50:51.648+0000][1][safepoint    ] Application time: 0.0005896 seconds
[2019-12-09T03:50:51.648+0000][1][safepoint    ] Entering safepoint region: RevokeBias
[2019-12-09T03:50:51.648+0000][1][safepoint    ] Leaving safepoint region
[2019-12-09T03:50:51.648+0000][1][safepoint    ] Total time for which application threads were stopped: 0.0000430 seconds, Stopping threads took: 0.0000113 seconds
[2019-12-09T03:50:52.250+0000][1][safepoint    ] Application time: 0.6015838 seconds
[2019-12-09T03:50:52.250+0000][1][safepoint    ] Entering safepoint region: RevokeBias
[2019-12-09T03:50:52.250+0000][1][safepoint    ] Leaving safepoint region
[2019-12-09T03:50:52.250+0000][1][safepoint    ] Total time for which application threads were stopped: 0.0001721 seconds, Stopping threads took: 0.0000349 seconds
[2019-12-09T03:50:52.252+0000][1][safepoint    ] Application time: 0.0019040 seconds
[2019-12-09T03:50:52.252+0000][1][safepoint    ] Entering safepoint region: RevokeBias
[2019-12-09T03:50:52.252+0000][1][safepoint    ] Leaving safepoint region
[2019-12-09T03:50:52.252+0000][1][safepoint    ] Total time for which application threads were stopped: 0.0000746 seconds, Stopping threads took: 0.0000159 seconds
[2019-12-09T03:50:52.252+0000][1][safepoint    ] Application time: 0.0000676 seconds
[2019-12-09T03:50:52.252+0000][1][safepoint    ] Entering safepoint region: RevokeBias
[2019-12-09T03:50:52.252+0000][1][safepoint    ] Leaving safepoint region
[2019-12-09T03:50:52.252+0000][1][safepoint    ] Total time for which application threads were stopped: 0.0000533 seconds, Stopping threads took: 0.0000095 seconds
[2019-12-09T03:50:52.252+0000][1][safepoint    ] Application time: 0.0003234 seconds
[2019-12-09T03:50:52.252+0000][1][safepoint    ] Entering safepoint region: RevokeBias
[2019-12-09T03:50:52.253+0000][1][safepoint    ] Leaving safepoint region
[2019-12-09T03:50:52.253+0000][1][safepoint    ] Total time for which application threads were stopped: 0.0000743 seconds, Stopping threads took: 0.0000141 seconds
[2019-12-09T03:50:52.253+0000][1][safepoint    ] Application time: 0.0000472 seconds
[2019-12-09T03:50:52.253+0000][1][safepoint    ] Entering safepoint region: RevokeBias
[2019-12-09T03:50:52.253+0000][1][safepoint    ] Leaving safepoint region
[2019-12-09T03:50:52.253+0000][1][safepoint    ] Total time for which application threads were stopped: 0.0000468 seconds, Stopping threads took: 0.0000094 seconds
[2019-12-09T03:50:52.284+0000][1][safepoint    ] Application time: 0.0309276 seconds
[2019-12-09T03:50:52.284+0000][1][safepoint    ] Entering safepoint region: RevokeBias
[2019-12-09T03:50:52.284+0000][1][safepoint    ] Leaving safepoint region
[2019-12-09T03:50:52.284+0000][1][safepoint    ] Total time for which application threads were stopped: 0.0001582 seconds, Stopping threads took: 0.0000917 seconds
[2019-12-09T03:50:52.292+0000][1][safepoint    ] Application time: 0.0082395 seconds
[2019-12-09T03:50:52.300+0000][1][safepoint    ] Entering safepoint region: RevokeBias
[2019-12-09T03:50:52.300+0000][1][safepoint    ] Leaving safepoint region
[2019-12-09T03:50:52.300+0000][1][safepoint    ] Total time for which application threads were stopped: 0.0077719 seconds, Stopping threads took: 0.0077063 seconds
[2019-12-09T03:50:52.322+0000][1][safepoint    ] Application time: 0.0219184 seconds
[2019-12-09T03:50:52.322+0000][1][safepoint    ] Entering safepoint region: RevokeBias
[2019-12-09T03:50:52.322+0000][1][safepoint    ] Leaving safepoint region
[2019-12-09T03:50:52.322+0000][1][safepoint    ] Total time for which application threads were stopped: 0.0000695 seconds, Stopping threads took: 0.0000137 seconds
[2019-12-09T03:50:52.322+0000][1][safepoint    ] Application time: 0.0003804 seconds
[2019-12-09T03:50:52.322+0000][1][safepoint    ] Entering safepoint region: RevokeBias
[2019-12-09T03:50:52.322+0000][1][safepoint    ] Leaving safepoint region
[2019-12-09T03:50:52.322+0000][1][safepoint    ] Total time for which application threads were stopped: 0.0000618 seconds, Stopping threads took: 0.0000131 seconds
[2019-12-09T03:50:52.323+0000][1][safepoint    ] Application time: 0.0004712 seconds
[2019-12-09T03:50:52.323+0000][1][safepoint    ] Entering safepoint region: RevokeBias
[2019-12-09T03:50:52.323+0000][1][safepoint    ] Leaving safepoint region
[2019-12-09T03:50:52.323+0000][1][safepoint    ] Total time for which application threads were stopped: 0.0000548 seconds, Stopping threads took: 0.0000123 seconds
[2019-12-09T03:50:52.370+0000][1][safepoint    ] Application time: 0.0470411 seconds
[2019-12-09T03:50:52.411+0000][1][safepoint    ] Entering safepoint region: RevokeBias
[2019-12-09T03:50:52.411+0000][1][safepoint    ] Leaving safepoint region
[2019-12-09T03:50:52.411+0000][1][safepoint    ] Total time for which application threads were stopped: 0.0408991 seconds, Stopping threads took: 0.0408185 seconds
[2019-12-09T03:50:52.411+0000][1][safepoint    ] Application time: 0.0004294 seconds
[2019-12-09T03:50:52.411+0000][1][safepoint    ] Entering safepoint region: RevokeBias
[2019-12-09T03:50:52.411+0000][1][safepoint    ] Leaving safepoint region
[2019-12-09T03:50:52.411+0000][1][safepoint    ] Total time for which application threads were stopped: 0.0001039 seconds, Stopping threads took: 0.0000133 seconds
[2019-12-09T03:50:52.412+0000][1][safepoint    ] Application time: 0.0001217 seconds
[2019-12-09T03:50:52.412+0000][1][safepoint    ] Entering safepoint region: RevokeBias
[2019-12-09T03:50:52.412+0000][1][safepoint    ] Leaving safepoint region
[2019-12-09T03:50:52.412+0000][1][safepoint    ] Total time for which application threads were stopped: 0.0000767 seconds, Stopping threads took: 0.0000094 seconds
[2019-12-09T03:50:52.412+0000][1][safepoint    ] Application time: 0.0004863 seconds
[2019-12-09T03:50:52.412+0000][1][safepoint    ] Entering safepoint region: RevokeBias
[2019-12-09T03:50:52.412+0000][1][safepoint    ] Leaving safepoint region
[2019-12-09T03:50:52.412+0000][1][safepoint    ] Total time for which application threads were stopped: 0.0000648 seconds, Stopping threads took: 0.0000114 seconds
[2019-12-09T03:50:52.412+0000][1][safepoint    ] Application time: 0.0000618 seconds
[2019-12-09T03:50:52.412+0000][1][safepoint    ] Entering safepoint region: RevokeBias
[2019-12-09T03:50:52.412+0000][1][safepoint    ] Leaving safepoint region
[2019-12-09T03:50:52.412+0000][1][safepoint    ] Total time for which application threads were stopped: 0.0000449 seconds, Stopping threads took: 0.0000084 seconds
[2019-12-09T03:50:52.444+0000][1][safepoint    ] Application time: 0.0315595 seconds
[2019-12-09T03:50:52.492+0000][1][safepoint    ] Entering safepoint region: RevokeBias
[2019-12-09T03:50:52.492+0000][1][safepoint    ] Leaving safepoint region
[2019-12-09T03:50:52.492+0000][1][safepoint    ] Total time for which application threads were stopped: 0.0479906 seconds, Stopping threads took: 0.0478346 seconds
[2019-12-09T03:50:52.494+0000][1][safepoint    ] Application time: 0.0019326 seconds
[2019-12-09T03:50:52.494+0000][1][safepoint    ] Entering safepoint region: RevokeBias
[2019-12-09T03:50:52.494+0000][1][safepoint    ] Leaving safepoint region
[2019-12-09T03:50:52.494+0000][1][safepoint    ] Total time for which application threads were stopped: 0.0000872 seconds, Stopping threads took: 0.0000152 seconds
[2019-12-09T03:50:52.494+0000][1][safepoint    ] Application time: 0.0002239 seconds
[2019-12-09T03:50:52.494+0000][1][safepoint    ] Entering safepoint region: RevokeBias
[2019-12-09T03:50:52.494+0000][1][safepoint    ] Leaving safepoint region
[2019-12-09T03:50:52.494+0000][1][safepoint    ] Total time for which application threads were stopped: 0.0000692 seconds, Stopping threads took: 0.0000094 seconds
[2019-12-09T03:50:52.494+0000][1][safepoint    ] Application time: 0.0001610 seconds
[2019-12-09T03:50:52.494+0000][1][safepoint    ] Entering safepoint region: RevokeBias
[2019-12-09T03:50:52.494+0000][1][safepoint    ] Leaving safepoint region
[2019-12-09T03:50:52.494+0000][1][safepoint    ] Total time for which application threads were stopped: 0.0000562 seconds, Stopping threads took: 0.0000087 seconds
[2019-12-09T03:50:52.497+0000][1][safepoint    ] Application time: 0.0025339 seconds
[2019-12-09T03:50:52.497+0000][1][safepoint    ] Entering safepoint region: RevokeBias
[2019-12-09T03:50:52.497+0000][1][safepoint    ] Leaving safepoint region
[2019-12-09T03:50:52.497+0000][1][safepoint    ] Total time for which application threads were stopped: 0.0000667 seconds, Stopping threads took: 0.0000138 seconds
[2019-12-09T03:50:52.498+0000][1][safepoint    ] Application time: 0.0013352 seconds
[2019-12-09T03:50:52.498+0000][1][safepoint    ] Entering safepoint region: RevokeBias
[2019-12-09T03:50:52.499+0000][1][safepoint    ] Leaving safepoint region
[2019-12-09T03:50:52.499+0000][1][safepoint    ] Total time for which application threads were stopped: 0.0000638 seconds, Stopping threads took: 0.0000163 seconds
[2019-12-09T03:50:52.499+0000][1][safepoint    ] Application time: 0.0005115 seconds
[2019-12-09T03:50:52.499+0000][1][safepoint    ] Entering safepoint region: RevokeBias
[2019-12-09T03:50:52.499+0000][1][safepoint    ] Leaving safepoint region
[2019-12-09T03:50:52.499+0000][1][safepoint    ] Total time for which application threads were stopped: 0.0000669 seconds, Stopping threads took: 0.0000124 seconds
[2019-12-09T03:50:52.499+0000][1][safepoint    ] Application time: 0.0000889 seconds
[2019-12-09T03:50:52.499+0000][1][safepoint    ] Entering safepoint region: RevokeBias
[2019-12-09T03:50:52.499+0000][1][safepoint    ] Leaving safepoint region
[2019-12-09T03:50:52.499+0000][1][safepoint    ] Total time for which application threads were stopped: 0.0000889 seconds, Stopping threads took: 0.0000096 seconds
[2019-12-09T03:50:52.499+0000][1][safepoint    ] Application time: 0.0000569 seconds
[2019-12-09T03:50:52.499+0000][1][safepoint    ] Entering safepoint region: RevokeBias
[2019-12-09T03:50:52.499+0000][1][safepoint    ] Leaving safepoint region
[2019-12-09T03:50:52.499+0000][1][safepoint    ] Total time for which application threads were stopped: 0.0000530 seconds, Stopping threads took: 0.0000100 seconds
[2019-12-09T03:50:52.500+0000][1][safepoint    ] Application time: 0.0000710 seconds
[2019-12-09T03:50:52.500+0000][1][safepoint    ] Entering safepoint region: RevokeBias
[2019-12-09T03:50:52.500+0000][1][safepoint    ] Leaving safepoint region
[2019-12-09T03:50:52.500+0000][1][safepoint    ] Total time for which application threads were stopped: 0.0000520 seconds, Stopping threads took: 0.0000094 seconds
[2019-12-09T03:50:52.503+0000][1][safepoint    ] Application time: 0.0029262 seconds
[2019-12-09T03:50:52.503+0000][1][safepoint    ] Entering safepoint region: RevokeBias
[2019-12-09T03:50:52.503+0000][1][safepoint    ] Leaving safepoint region
[2019-12-09T03:50:52.503+0000][1][safepoint    ] Total time for which application threads were stopped: 0.0000720 seconds, Stopping threads took: 0.0000125 seconds
[2019-12-09T03:50:52.503+0000][1][safepoint    ] Application time: 0.0003013 seconds
[2019-12-09T03:50:52.503+0000][1][safepoint    ] Entering safepoint region: RevokeBias
[2019-12-09T03:50:52.503+0000][1][safepoint    ] Leaving safepoint region
[2019-12-09T03:50:52.503+0000][1][safepoint    ] Total time for which application threads were stopped: 0.0000962 seconds, Stopping threads took: 0.0000116 seconds
[2019-12-09T03:50:52.504+0000][1][safepoint    ] Application time: 0.0009445 seconds
[2019-12-09T03:50:52.504+0000][1][safepoint    ] Entering safepoint region: RevokeBias
[2019-12-09T03:50:52.504+0000][1][safepoint    ] Leaving safepoint region
[2019-12-09T03:50:52.504+0000][1][safepoint    ] Total time for which application threads were stopped: 0.0000831 seconds, Stopping threads took: 0.0000113 seconds
[2019-12-09T03:50:52.505+0000][1][safepoint    ] Application time: 0.0010748 seconds
[2019-12-09T03:50:52.505+0000][1][safepoint    ] Entering safepoint region: RevokeBias
[2019-12-09T03:50:52.505+0000][1][safepoint    ] Leaving safepoint region
[2019-12-09T03:50:52.505+0000][1][safepoint    ] Total time for which application threads were stopped: 0.0000669 seconds, Stopping threads took: 0.0000108 seconds
[2019-12-09T03:50:52.505+0000][1][safepoint    ] Application time: 0.0000916 seconds
[2019-12-09T03:50:52.505+0000][1][safepoint    ] Entering safepoint region: RevokeBias
[2019-12-09T03:50:52.505+0000][1][safepoint    ] Leaving safepoint region
[2019-12-09T03:50:52.505+0000][1][safepoint    ] Total time for which application threads were stopped: 0.0000530 seconds, Stopping threads took: 0.0000082 seconds
[2019-12-09T03:50:52.506+0000][1][safepoint    ] Application time: 0.0000840 seconds
[2019-12-09T03:50:52.506+0000][1][safepoint    ] Entering safepoint region: RevokeBias
[2019-12-09T03:50:52.506+0000][1][safepoint    ] Leaving safepoint region
[2019-12-09T03:50:52.506+0000][1][safepoint    ] Total time for which application threads were stopped: 0.0000601 seconds, Stopping threads took: 0.0000116 seconds
[2019-12-09T03:50:52.569+0000][1][safepoint    ] Application time: 0.0638348 seconds
[2019-12-09T03:50:52.570+0000][1][safepoint    ] Entering safepoint region: RevokeBias
[2019-12-09T03:50:52.570+0000][1][safepoint    ] Leaving safepoint region
[2019-12-09T03:50:52.570+0000][1][safepoint    ] Total time for which application threads were stopped: 0.0001872 seconds, Stopping threads took: 0.0001087 seconds
[2019-12-09T03:50:52.590+0000][1][safepoint    ] Application time: 0.0207391 seconds
[2019-12-09T03:50:52.590+0000][1][safepoint    ] Entering safepoint region: RevokeBias
[2019-12-09T03:50:52.591+0000][1][safepoint    ] Leaving safepoint region
[2019-12-09T03:50:52.591+0000][1][safepoint    ] Total time for which application threads were stopped: 0.0001384 seconds, Stopping threads took: 0.0000714 seconds
[2019-12-09T03:50:52.593+0000][1][safepoint    ] Application time: 0.0021632 seconds
[2019-12-09T03:50:52.593+0000][1][safepoint    ] Entering safepoint region: RevokeBias
[2019-12-09T03:50:52.593+0000][1][safepoint    ] Leaving safepoint region
[2019-12-09T03:50:52.593+0000][1][safepoint    ] Total time for which application threads were stopped: 0.0000691 seconds, Stopping threads took: 0.0000137 seconds
[2019-12-09T03:50:52.593+0000][1][safepoint    ] Application time: 0.0001882 seconds
[2019-12-09T03:50:52.593+0000][1][safepoint    ] Entering safepoint region: RevokeBias
[2019-12-09T03:50:52.593+0000][1][safepoint    ] Leaving safepoint region
[2019-12-09T03:50:52.593+0000][1][safepoint    ] Total time for which application threads were stopped: 0.0000556 seconds, Stopping threads took: 0.0000104 seconds
[2019-12-09T03:50:52.593+0000][1][safepoint    ] Application time: 0.0001760 seconds
[2019-12-09T03:50:52.593+0000][1][safepoint    ] Entering safepoint region: RevokeBias
[2019-12-09T03:50:52.593+0000][1][safepoint    ] Leaving safepoint region
[2019-12-09T03:50:52.593+0000][1][safepoint    ] Total time for which application threads were stopped: 0.0000532 seconds, Stopping threads took: 0.0000103 seconds
[2019-12-09T03:50:52.594+0000][1][safepoint    ] Application time: 0.0001525 seconds
[2019-12-09T03:50:52.594+0000][1][safepoint    ] Entering safepoint region: RevokeBias
[2019-12-09T03:50:52.594+0000][1][safepoint    ] Leaving safepoint region
[2019-12-09T03:50:52.594+0000][1][safepoint    ] Total time for which application threads were stopped: 0.0000525 seconds, Stopping threads took: 0.0000098 seconds
[2019-12-09T03:50:52.594+0000][1][safepoint    ] Application time: 0.0002550 seconds
[2019-12-09T03:50:52.594+0000][1][safepoint    ] Entering safepoint region: RevokeBias
[2019-12-09T03:50:52.594+0000][1][safepoint    ] Leaving safepoint region
[2019-12-09T03:50:52.594+0000][1][safepoint    ] Total time for which application threads were stopped: 0.0000642 seconds, Stopping threads took: 0.0000116 seconds
[2019-12-09T03:50:52.594+0000][1][safepoint    ] Application time: 0.0000939 seconds
[2019-12-09T03:50:52.594+0000][1][safepoint    ] Entering safepoint region: RevokeBias
[2019-12-09T03:50:52.594+0000][1][safepoint    ] Leaving safepoint region
[2019-12-09T03:50:52.594+0000][1][safepoint    ] Total time for which application threads were stopped: 0.0000790 seconds, Stopping threads took: 0.0000091 seconds
[2019-12-09T03:50:52.594+0000][1][safepoint    ] Application time: 0.0001169 seconds
[2019-12-09T03:50:52.594+0000][1][safepoint    ] Entering safepoint region: RevokeBias
[2019-12-09T03:50:52.594+0000][1][safepoint    ] Leaving safepoint region
[2019-12-09T03:50:52.594+0000][1][safepoint    ] Total time for which application threads were stopped: 0.0000572 seconds, Stopping threads took: 0.0000093 seconds
[2019-12-09T03:50:52.633+0000][1][safepoint    ] Application time: 0.0389570 seconds
[2019-12-09T03:50:52.633+0000][1][safepoint    ] Entering safepoint region: RevokeBias
[2019-12-09T03:50:52.633+0000][1][safepoint    ] Leaving safepoint region
[2019-12-09T03:50:52.633+0000][1][safepoint    ] Total time for which application threads were stopped: 0.0000847 seconds, Stopping threads took: 0.0000222 seconds
[2019-12-09T03:50:52.634+0000][1][safepoint    ] Application time: 0.0008740 seconds
[2019-12-09T03:50:52.634+0000][1][safepoint    ] Entering safepoint region: RevokeBias
[2019-12-09T03:50:52.634+0000][1][safepoint    ] Leaving safepoint region
[2019-12-09T03:50:52.634+0000][1][safepoint    ] Total time for which application threads were stopped: 0.0000737 seconds, Stopping threads took: 0.0000136 seconds
[2019-12-09T03:50:52.634+0000][1][safepoint    ] Application time: 0.0000653 seconds
[2019-12-09T03:50:52.634+0000][1][safepoint    ] Entering safepoint region: RevokeBias
[2019-12-09T03:50:52.634+0000][1][safepoint    ] Leaving safepoint region
[2019-12-09T03:50:52.634+0000][1][safepoint    ] Total time for which application threads were stopped: 0.0000502 seconds, Stopping threads took: 0.0000094 seconds
[2019-12-09T03:50:52.636+0000][1][safepoint    ] Application time: 0.0011175 seconds
[2019-12-09T03:50:52.636+0000][1][safepoint    ] Entering safepoint region: RevokeBias
[2019-12-09T03:50:52.636+0000][1][safepoint    ] Leaving safepoint region
[2019-12-09T03:50:52.636+0000][1][safepoint    ] Total time for which application threads were stopped: 0.0000861 seconds, Stopping threads took: 0.0000131 seconds
[2019-12-09T03:50:52.636+0000][1][safepoint    ] Application time: 0.0000929 seconds
[2019-12-09T03:50:52.636+0000][1][safepoint    ] Entering safepoint region: RevokeBias
[2019-12-09T03:50:52.636+0000][1][safepoint    ] Leaving safepoint region
[2019-12-09T03:50:52.636+0000][1][safepoint    ] Total time for which application threads were stopped: 0.0000618 seconds, Stopping threads took: 0.0000103 seconds
[2019-12-09T03:50:52.636+0000][1][safepoint    ] Application time: 0.0000431 seconds
[2019-12-09T03:50:52.636+0000][1][safepoint    ] Entering safepoint region: RevokeBias
[2019-12-09T03:50:52.636+0000][1][safepoint    ] Leaving safepoint region
[2019-12-09T03:50:52.636+0000][1][safepoint    ] Total time for which application threads were stopped: 0.0000522 seconds, Stopping threads took: 0.0000089 seconds
[2019-12-09T03:50:52.637+0000][1][safepoint    ] Application time: 0.0005272 seconds
[2019-12-09T03:50:52.637+0000][1][safepoint    ] Entering safepoint region: RevokeBias
[2019-12-09T03:50:52.637+0000][1][safepoint    ] Leaving safepoint region
[2019-12-09T03:50:52.637+0000][1][safepoint    ] Total time for which application threads were stopped: 0.0000630 seconds, Stopping threads took: 0.0000118 seconds
[2019-12-09T03:50:52.637+0000][1][safepoint    ] Application time: 0.0002498 seconds
[2019-12-09T03:50:52.637+0000][1][safepoint    ] Entering safepoint region: RevokeBias
[2019-12-09T03:50:52.637+0000][1][safepoint    ] Leaving safepoint region
[2019-12-09T03:50:52.637+0000][1][safepoint    ] Total time for which application threads were stopped: 0.0000942 seconds, Stopping threads took: 0.0000392 seconds
[2019-12-09T03:50:52.638+0000][1][safepoint    ] Application time: 0.0006175 seconds
[2019-12-09T03:50:52.638+0000][1][safepoint    ] Entering safepoint region: RevokeBias
[2019-12-09T03:50:52.638+0000][1][safepoint    ] Leaving safepoint region
[2019-12-09T03:50:52.638+0000][1][safepoint    ] Total time for which application threads were stopped: 0.0000941 seconds, Stopping threads took: 0.0000119 seconds
[2019-12-09T03:50:52.646+0000][1][safepoint    ] Application time: 0.0080215 seconds
[2019-12-09T03:50:52.646+0000][1][safepoint    ] Entering safepoint region: RevokeBias
[2019-12-09T03:50:52.646+0000][1][safepoint    ] Leaving safepoint region
[2019-12-09T03:50:52.646+0000][1][safepoint    ] Total time for which application threads were stopped: 0.0001089 seconds, Stopping threads took: 0.0000510 seconds
[2019-12-09T03:50:52.646+0000][1][safepoint    ] Application time: 0.0001607 seconds
[2019-12-09T03:50:52.646+0000][1][safepoint    ] Entering safepoint region: RevokeBias
[2019-12-09T03:50:52.646+0000][1][safepoint    ] Leaving safepoint region
[2019-12-09T03:50:52.646+0000][1][safepoint    ] Total time for which application threads were stopped: 0.0000679 seconds, Stopping threads took: 0.0000101 seconds
[2019-12-09T03:50:52.646+0000][1][safepoint    ] Application time: 0.0001329 seconds
[2019-12-09T03:50:52.646+0000][1][safepoint    ] Entering safepoint region: BulkRevokeBias
[2019-12-09T03:50:52.647+0000][1][safepoint    ] Leaving safepoint region
[2019-12-09T03:50:52.647+0000][1][safepoint    ] Total time for which application threads were stopped: 0.0008157 seconds, Stopping threads took: 0.0000096 seconds
[2019-12-09T03:50:52.654+0000][1][safepoint    ] Application time: 0.0066340 seconds
[2019-12-09T03:50:52.654+0000][1][safepoint    ] Entering safepoint region: RevokeBias
[2019-12-09T03:50:52.654+0000][1][safepoint    ] Leaving safepoint region
[2019-12-09T03:50:52.654+0000][1][safepoint    ] Total time for which application threads were stopped: 0.0000947 seconds, Stopping threads took: 0.0000122 seconds
[2019-12-09T03:50:52.660+0000][1][safepoint    ] Application time: 0.0061306 seconds
[2019-12-09T03:50:52.660+0000][1][safepoint    ] Entering safepoint region: RevokeBias
[2019-12-09T03:50:52.660+0000][1][safepoint    ] Leaving safepoint region
[2019-12-09T03:50:52.660+0000][1][safepoint    ] Total time for which application threads were stopped: 0.0000867 seconds, Stopping threads took: 0.0000121 seconds
[2019-12-09T03:50:52.660+0000][1][safepoint    ] Application time: 0.0002907 seconds
[2019-12-09T03:50:52.660+0000][1][safepoint    ] Entering safepoint region: RevokeBias
[2019-12-09T03:50:52.661+0000][1][safepoint    ] Leaving safepoint region
[2019-12-09T03:50:52.661+0000][1][safepoint    ] Total time for which application threads were stopped: 0.0000693 seconds, Stopping threads took: 0.0000117 seconds
[2019-12-09T03:50:52.694+0000][1][safepoint    ] Application time: 0.0331765 seconds
[2019-12-09T03:50:52.694+0000][1][safepoint    ] Entering safepoint region: RevokeBias
[2019-12-09T03:50:52.694+0000][1][safepoint    ] Leaving safepoint region
[2019-12-09T03:50:52.694+0000][1][safepoint    ] Total time for which application threads were stopped: 0.0004443 seconds, Stopping threads took: 0.0003765 seconds
[2019-12-09T03:50:52.725+0000][1][safepoint    ] Application time: 0.0304109 seconds
[2019-12-09T03:50:52.725+0000][1][safepoint    ] Entering safepoint region: RevokeBias
[2019-12-09T03:50:52.725+0000][1][safepoint    ] Leaving safepoint region
[2019-12-09T03:50:52.725+0000][1][safepoint    ] Total time for which application threads were stopped: 0.0001283 seconds, Stopping threads took: 0.0000339 seconds
[2019-12-09T03:50:52.726+0000][1][safepoint    ] Application time: 0.0010876 seconds
[2019-12-09T03:50:52.726+0000][1][safepoint    ] Entering safepoint region: RevokeBias
[2019-12-09T03:50:52.726+0000][1][safepoint    ] Leaving safepoint region
[2019-12-09T03:50:52.726+0000][1][safepoint    ] Total time for which application threads were stopped: 0.0000835 seconds, Stopping threads took: 0.0000131 seconds
[2019-12-09T03:50:52.732+0000][1][safepoint    ] Application time: 0.0058855 seconds
[2019-12-09T03:50:52.732+0000][1][safepoint    ] Entering safepoint region: RevokeBias
[2019-12-09T03:50:52.732+0000][1][safepoint    ] Leaving safepoint region
[2019-12-09T03:50:52.732+0000][1][safepoint    ] Total time for which application threads were stopped: 0.0000889 seconds, Stopping threads took: 0.0000137 seconds
[2019-12-09T03:50:52.821+0000][1][safepoint    ] Application time: 0.0890732 seconds
[2019-12-09T03:50:52.821+0000][1][safepoint    ] Entering safepoint region: RevokeBias
[2019-12-09T03:50:52.821+0000][1][safepoint    ] Leaving safepoint region
[2019-12-09T03:50:52.821+0000][1][safepoint    ] Total time for which application threads were stopped: 0.0002237 seconds, Stopping threads took: 0.0001388 seconds
[2019-12-09T03:50:52.945+0000][1][safepoint    ] Application time: 0.1236567 seconds
[2019-12-09T03:50:52.945+0000][1][safepoint    ] Entering safepoint region: RevokeBias
[2019-12-09T03:50:52.945+0000][1][safepoint    ] Leaving safepoint region
[2019-12-09T03:50:52.945+0000][1][safepoint    ] Total time for which application threads were stopped: 0.0001058 seconds, Stopping threads took: 0.0000188 seconds
[2019-12-09T03:50:53.133+0000][1][safepoint    ] Application time: 0.1876997 seconds
[2019-12-09T03:50:53.212+0000][1][safepoint    ] Entering safepoint region: RevokeBias
[2019-12-09T03:50:53.212+0000][1][safepoint    ] Leaving safepoint region
[2019-12-09T03:50:53.212+0000][1][safepoint    ] Total time for which application threads were stopped: 0.0790495 seconds, Stopping threads took: 0.0789166 seconds
[2019-12-09T03:50:53.237+0000][1][safepoint    ] Application time: 0.0248240 seconds
[2019-12-09T03:50:53.274+0000][1][safepoint    ] Entering safepoint region: RevokeBias
[2019-12-09T03:50:53.274+0000][1][safepoint    ] Leaving safepoint region
[2019-12-09T03:50:53.274+0000][1][safepoint    ] Total time for which application threads were stopped: 0.0371180 seconds, Stopping threads took: 0.0370290 seconds
[2019-12-09T03:50:53.361+0000][1][safepoint    ] Application time: 0.0870075 seconds
[2019-12-09T03:50:53.425+0000][1][safepoint    ] Entering safepoint region: RevokeBias
[2019-12-09T03:50:53.425+0000][1][safepoint    ] Leaving safepoint region
[2019-12-09T03:50:53.425+0000][1][safepoint    ] Total time for which application threads were stopped: 0.0640066 seconds, Stopping threads took: 0.0639015 seconds
[2019-12-09T03:50:53.438+0000][1][safepoint    ] Application time: 0.0131835 seconds
[2019-12-09T03:50:53.438+0000][1][safepoint    ] Entering safepoint region: RevokeBias
[2019-12-09T03:50:53.438+0000][1][safepoint    ] Leaving safepoint region
[2019-12-09T03:50:53.438+0000][1][safepoint    ] Total time for which application threads were stopped: 0.0002942 seconds, Stopping threads took: 0.0002184 seconds
[2019-12-09T03:50:53.439+0000][1][safepoint    ] Application time: 0.0003598 seconds
[2019-12-09T03:50:53.439+0000][1][safepoint    ] Entering safepoint region: RevokeBias
[2019-12-09T03:50:53.439+0000][1][safepoint    ] Leaving safepoint region
[2019-12-09T03:50:53.439+0000][1][safepoint    ] Total time for which application threads were stopped: 0.0000711 seconds, Stopping threads took: 0.0000128 seconds
[2019-12-09T03:50:53.439+0000][1][safepoint    ] Application time: 0.0005619 seconds
[2019-12-09T03:50:53.439+0000][1][safepoint    ] Entering safepoint region: RevokeBias
[2019-12-09T03:50:53.440+0000][1][safepoint    ] Leaving safepoint region
[2019-12-09T03:50:53.440+0000][1][safepoint    ] Total time for which application threads were stopped: 0.0000642 seconds, Stopping threads took: 0.0000116 seconds
[2019-12-09T03:50:53.440+0000][1][safepoint    ] Application time: 0.0006959 seconds
[2019-12-09T03:50:53.440+0000][1][safepoint    ] Entering safepoint region: RevokeBias
[2019-12-09T03:50:53.440+0000][1][safepoint    ] Leaving safepoint region
[2019-12-09T03:50:53.440+0000][1][safepoint    ] Total time for which application threads were stopped: 0.0000550 seconds, Stopping threads took: 0.0000124 seconds
[2019-12-09T03:50:53.440+0000][1][safepoint    ] Application time: 0.0000704 seconds
[2019-12-09T03:50:53.440+0000][1][safepoint    ] Entering safepoint region: RevokeBias
[2019-12-09T03:50:53.440+0000][1][safepoint    ] Leaving safepoint region
[2019-12-09T03:50:53.440+0000][1][safepoint    ] Total time for which application threads were stopped: 0.0000459 seconds, Stopping threads took: 0.0000089 seconds
[2019-12-09T03:50:53.441+0000][1][safepoint    ] Application time: 0.0000559 seconds
[2019-12-09T03:50:53.441+0000][1][safepoint    ] Entering safepoint region: RevokeBias
[2019-12-09T03:50:53.441+0000][1][safepoint    ] Leaving safepoint region
[2019-12-09T03:50:53.441+0000][1][safepoint    ] Total time for which application threads were stopped: 0.0000479 seconds, Stopping threads took: 0.0000101 seconds
[2019-12-09T03:50:53.457+0000][1][safepoint    ] Application time: 0.0163463 seconds
[2019-12-09T03:50:53.457+0000][1][safepoint    ] Entering safepoint region: RevokeBias
[2019-12-09T03:50:53.457+0000][1][safepoint    ] Leaving safepoint region
[2019-12-09T03:50:53.457+0000][1][safepoint    ] Total time for which application threads were stopped: 0.0000781 seconds, Stopping threads took: 0.0000160 seconds
[2019-12-09T03:50:53.458+0000][1][safepoint    ] Application time: 0.0012043 seconds
[2019-12-09T03:50:53.458+0000][1][safepoint    ] Entering safepoint region: RevokeBias
[2019-12-09T03:50:53.458+0000][1][safepoint    ] Leaving safepoint region
[2019-12-09T03:50:53.458+0000][1][safepoint    ] Total time for which application threads were stopped: 0.0000654 seconds, Stopping threads took: 0.0000140 seconds
[2019-12-09T03:50:53.459+0000][1][safepoint    ] Application time: 0.0007984 seconds
[2019-12-09T03:50:53.459+0000][1][safepoint    ] Entering safepoint region: RevokeBias
[2019-12-09T03:50:53.459+0000][1][safepoint    ] Leaving safepoint region
[2019-12-09T03:50:53.459+0000][1][safepoint    ] Total time for which application threads were stopped: 0.0000598 seconds, Stopping threads took: 0.0000125 seconds
[2019-12-09T03:50:53.494+0000][1][safepoint    ] Application time: 0.0344072 seconds
[2019-12-09T03:50:53.494+0000][1][safepoint    ] Entering safepoint region: RevokeBias
[2019-12-09T03:50:53.494+0000][1][safepoint    ] Leaving safepoint region
[2019-12-09T03:50:53.494+0000][1][safepoint    ] Total time for which application threads were stopped: 0.0001919 seconds, Stopping threads took: 0.0001040 seconds
[2019-12-09T03:50:53.509+0000][1][safepoint    ] Application time: 0.0150089 seconds
[2019-12-09T03:50:53.549+0000][1][safepoint    ] Entering safepoint region: RevokeBias
[2019-12-09T03:50:53.549+0000][1][safepoint    ] Leaving safepoint region
[2019-12-09T03:50:53.549+0000][1][safepoint    ] Total time for which application threads were stopped: 0.0401911 seconds, Stopping threads took: 0.0400868 seconds
[2019-12-09T03:50:53.553+0000][1][safepoint    ] Application time: 0.0036426 seconds
[2019-12-09T03:50:53.553+0000][1][safepoint    ] Entering safepoint region: RevokeBias
[2019-12-09T03:50:53.553+0000][1][safepoint    ] Leaving safepoint region
[2019-12-09T03:50:53.553+0000][1][safepoint    ] Total time for which application threads were stopped: 0.0000799 seconds, Stopping threads took: 0.0000154 seconds
[2019-12-09T03:50:53.553+0000][1][safepoint    ] Application time: 0.0006476 seconds
[2019-12-09T03:50:53.554+0000][1][safepoint    ] Entering safepoint region: RevokeBias
[2019-12-09T03:50:53.554+0000][1][safepoint    ] Leaving safepoint region
[2019-12-09T03:50:53.554+0000][1][safepoint    ] Total time for which application threads were stopped: 0.0000828 seconds, Stopping threads took: 0.0000135 seconds
[2019-12-09T03:50:53.554+0000][1][safepoint    ] Application time: 0.0005178 seconds
[2019-12-09T03:50:53.554+0000][1][safepoint    ] Entering safepoint region: RevokeBias
[2019-12-09T03:50:53.554+0000][1][safepoint    ] Leaving safepoint region
[2019-12-09T03:50:53.554+0000][1][safepoint    ] Total time for which application threads were stopped: 0.0000822 seconds, Stopping threads took: 0.0000117 seconds
[2019-12-09T03:50:53.555+0000][1][safepoint    ] Application time: 0.0004958 seconds
[2019-12-09T03:50:53.555+0000][1][safepoint    ] Entering safepoint region: RevokeBias
[2019-12-09T03:50:53.555+0000][1][safepoint    ] Leaving safepoint region
[2019-12-09T03:50:53.555+0000][1][safepoint    ] Total time for which application threads were stopped: 0.0000763 seconds, Stopping threads took: 0.0000111 seconds
[2019-12-09T03:50:53.555+0000][1][safepoint    ] Application time: 0.0004368 seconds
[2019-12-09T03:50:53.555+0000][1][safepoint    ] Entering safepoint region: RevokeBias
[2019-12-09T03:50:53.555+0000][1][safepoint    ] Leaving safepoint region
[2019-12-09T03:50:53.555+0000][1][safepoint    ] Total time for which application threads were stopped: 0.0000682 seconds, Stopping threads took: 0.0000099 seconds
[2019-12-09T03:50:53.556+0000][1][safepoint    ] Application time: 0.0004002 seconds
[2019-12-09T03:50:53.556+0000][1][safepoint    ] Entering safepoint region: RevokeBias
[2019-12-09T03:50:53.556+0000][1][safepoint    ] Leaving safepoint region
[2019-12-09T03:50:53.556+0000][1][safepoint    ] Total time for which application threads were stopped: 0.0004330 seconds, Stopping threads took: 0.0000109 seconds
[2019-12-09T03:50:53.557+0000][1][safepoint    ] Application time: 0.0011579 seconds
[2019-12-09T03:50:53.557+0000][1][safepoint    ] Entering safepoint region: RevokeBias
[2019-12-09T03:50:53.557+0000][1][safepoint    ] Leaving safepoint region
[2019-12-09T03:50:53.557+0000][1][safepoint    ] Total time for which application threads were stopped: 0.0000766 seconds, Stopping threads took: 0.0000120 seconds
[2019-12-09T03:50:53.567+0000][1][safepoint    ] Application time: 0.0092203 seconds
[2019-12-09T03:50:53.567+0000][1][safepoint    ] Entering safepoint region: RevokeBias
[2019-12-09T03:50:53.567+0000][1][safepoint    ] Leaving safepoint region
[2019-12-09T03:50:53.567+0000][1][safepoint    ] Total time for which application threads were stopped: 0.0001450 seconds, Stopping threads took: 0.0000679 seconds
[2019-12-09T03:50:53.568+0000][1][safepoint    ] Application time: 0.0014948 seconds
[2019-12-09T03:50:53.568+0000][1][safepoint    ] Entering safepoint region: RevokeBias
[2019-12-09T03:50:53.568+0000][1][safepoint    ] Leaving safepoint region
[2019-12-09T03:50:53.568+0000][1][safepoint    ] Total time for which application threads were stopped: 0.0000901 seconds, Stopping threads took: 0.0000123 seconds
[2019-12-09T03:50:53.571+0000][1][safepoint    ] Application time: 0.0022396 seconds
[2019-12-09T03:50:53.571+0000][1][safepoint    ] Entering safepoint region: RevokeBias
[2019-12-09T03:50:53.571+0000][1][safepoint    ] Leaving safepoint region
[2019-12-09T03:50:53.571+0000][1][safepoint    ] Total time for which application threads were stopped: 0.0000593 seconds, Stopping threads took: 0.0000115 seconds
[2019-12-09T03:50:53.571+0000][1][safepoint    ] Application time: 0.0004067 seconds
[2019-12-09T03:50:53.571+0000][1][safepoint    ] Entering safepoint region: RevokeBias
[2019-12-09T03:50:53.571+0000][1][safepoint    ] Leaving safepoint region
[2019-12-09T03:50:53.571+0000][1][safepoint    ] Total time for which application threads were stopped: 0.0000507 seconds, Stopping threads took: 0.0000117 seconds
[2019-12-09T03:50:53.572+0000][1][safepoint    ] Application time: 0.0010599 seconds
[2019-12-09T03:50:53.572+0000][1][safepoint    ] Entering safepoint region: RevokeBias
[2019-12-09T03:50:53.572+0000][1][safepoint    ] Leaving safepoint region
[2019-12-09T03:50:53.572+0000][1][safepoint    ] Total time for which application threads were stopped: 0.0000560 seconds, Stopping threads took: 0.0000121 seconds
[2019-12-09T03:50:53.657+0000][1][safepoint    ] Application time: 0.0846330 seconds
[2019-12-09T03:50:53.657+0000][1][safepoint    ] Entering safepoint region: RevokeBias
[2019-12-09T03:50:53.657+0000][1][safepoint    ] Leaving safepoint region
[2019-12-09T03:50:53.657+0000][1][safepoint    ] Total time for which application threads were stopped: 0.0000949 seconds, Stopping threads took: 0.0000200 seconds
[2019-12-09T03:50:53.686+0000][1][safepoint    ] Application time: 0.0286142 seconds
[2019-12-09T03:50:53.686+0000][1][safepoint    ] Entering safepoint region: RevokeBias
[2019-12-09T03:50:53.686+0000][1][safepoint    ] Leaving safepoint region
[2019-12-09T03:50:53.686+0000][1][safepoint    ] Total time for which application threads were stopped: 0.0000866 seconds, Stopping threads took: 0.0000155 seconds
[2019-12-09T03:50:53.778+0000][1][safepoint    ] Application time: 0.0920623 seconds
[2019-12-09T03:50:53.778+0000][1][safepoint    ] Entering safepoint region: RevokeBias
[2019-12-09T03:50:53.778+0000][1][safepoint    ] Leaving safepoint region
[2019-12-09T03:50:53.778+0000][1][safepoint    ] Total time for which application threads were stopped: 0.0000801 seconds, Stopping threads took: 0.0000188 seconds
[2019-12-09T03:50:53.965+0000][1][safepoint    ] Application time: 0.1867464 seconds
[2019-12-09T03:50:53.965+0000][1][safepoint    ] Entering safepoint region: RevokeBias
[2019-12-09T03:50:53.965+0000][1][safepoint    ] Leaving safepoint region
[2019-12-09T03:50:53.965+0000][1][safepoint    ] Total time for which application threads were stopped: 0.0001123 seconds, Stopping threads took: 0.0000187 seconds
[2019-12-09T03:50:53.965+0000][1][safepoint    ] Application time: 0.0003970 seconds
[2019-12-09T03:50:53.965+0000][1][safepoint    ] Entering safepoint region: RevokeBias
[2019-12-09T03:50:53.966+0000][1][safepoint    ] Leaving safepoint region
[2019-12-09T03:50:53.966+0000][1][safepoint    ] Total time for which application threads were stopped: 0.0000697 seconds, Stopping threads took: 0.0000154 seconds
[2019-12-09T03:50:54.218+0000][1][safepoint    ] Application time: 0.2522114 seconds
[2019-12-09T03:50:54.218+0000][1][safepoint    ] Entering safepoint region: RevokeBias
[2019-12-09T03:50:54.218+0000][1][safepoint    ] Leaving safepoint region
[2019-12-09T03:50:54.218+0000][1][safepoint    ] Total time for which application threads were stopped: 0.0000804 seconds, Stopping threads took: 0.0000167 seconds
[2019-12-09T03:50:54.225+0000][1][safepoint    ] Application time: 0.0070281 seconds
[2019-12-09T03:50:54.225+0000][1][safepoint    ] Entering safepoint region: RevokeBias
[2019-12-09T03:50:54.225+0000][1][safepoint    ] Leaving safepoint region
[2019-12-09T03:50:54.225+0000][1][safepoint    ] Total time for which application threads were stopped: 0.0000724 seconds, Stopping threads took: 0.0000154 seconds
[2019-12-09T03:50:54.301+0000][1][safepoint    ] Application time: 0.0761591 seconds
[2019-12-09T03:50:54.309+0000][1][safepoint    ] Entering safepoint region: RevokeBias
[2019-12-09T03:50:54.309+0000][1][safepoint    ] Leaving safepoint region
[2019-12-09T03:50:54.309+0000][1][safepoint    ] Total time for which application threads were stopped: 0.0077350 seconds, Stopping threads took: 0.0075641 seconds
[2019-12-09T03:50:54.309+0000][1][safepoint    ] Application time: 0.0003053 seconds
[2019-12-09T03:50:54.309+0000][1][safepoint    ] Entering safepoint region: RevokeBias
[2019-12-09T03:50:54.309+0000][1][safepoint    ] Leaving safepoint region
[2019-12-09T03:50:54.309+0000][1][safepoint    ] Total time for which application threads were stopped: 0.0000780 seconds, Stopping threads took: 0.0000130 seconds
[2019-12-09T03:50:54.313+0000][1][safepoint    ] Application time: 0.0037025 seconds
[2019-12-09T03:50:54.313+0000][1][safepoint    ] Entering safepoint region: RevokeBias
[2019-12-09T03:50:54.313+0000][1][safepoint    ] Leaving safepoint region
[2019-12-09T03:50:54.313+0000][1][safepoint    ] Total time for which application threads were stopped: 0.0001585 seconds, Stopping threads took: 0.0000108 seconds
[2019-12-09T03:50:54.313+0000][1][safepoint    ] Application time: 0.0001746 seconds
[2019-12-09T03:50:54.313+0000][1][safepoint    ] Entering safepoint region: RevokeBias
[2019-12-09T03:50:54.313+0000][1][safepoint    ] Leaving safepoint region
[2019-12-09T03:50:54.313+0000][1][safepoint    ] Total time for which application threads were stopped: 0.0000527 seconds, Stopping threads took: 0.0000090 seconds
[2019-12-09T03:50:54.354+0000][1][safepoint    ] Application time: 0.0404426 seconds
[2019-12-09T03:50:54.354+0000][1][safepoint    ] Entering safepoint region: RevokeBias
[2019-12-09T03:50:54.355+0000][1][safepoint    ] Leaving safepoint region
[2019-12-09T03:50:54.355+0000][1][safepoint    ] Total time for which application threads were stopped: 0.0008750 seconds, Stopping threads took: 0.0000610 seconds
[2019-12-09T03:50:54.357+0000][1][safepoint    ] Application time: 0.0017988 seconds
[2019-12-09T03:50:54.357+0000][1][safepoint    ] Entering safepoint region: RevokeBias
[2019-12-09T03:50:54.357+0000][1][safepoint    ] Leaving safepoint region
[2019-12-09T03:50:54.357+0000][1][safepoint    ] Total time for which application threads were stopped: 0.0000970 seconds, Stopping threads took: 0.0000137 seconds
[2019-12-09T03:50:54.365+0000][1][safepoint    ] Application time: 0.0079731 seconds
[2019-12-09T03:50:54.437+0000][1][safepoint    ] Entering safepoint region: RevokeBias
[2019-12-09T03:50:54.437+0000][1][safepoint    ] Leaving safepoint region
[2019-12-09T03:50:54.437+0000][1][safepoint    ] Total time for which application threads were stopped: 0.0721354 seconds, Stopping threads took: 0.0720429 seconds
[2019-12-09T03:50:54.437+0000][1][safepoint    ] Application time: 0.0000960 seconds
[2019-12-09T03:50:54.437+0000][1][safepoint    ] Entering safepoint region: RevokeBias
[2019-12-09T03:50:54.437+0000][1][safepoint    ] Leaving safepoint region
[2019-12-09T03:50:54.437+0000][1][safepoint    ] Total time for which application threads were stopped: 0.0000464 seconds, Stopping threads took: 0.0000109 seconds
[2019-12-09T03:50:54.439+0000][1][safepoint    ] Application time: 0.0018760 seconds
[2019-12-09T03:50:54.439+0000][1][safepoint    ] Entering safepoint region: RevokeBias
[2019-12-09T03:50:54.439+0000][1][safepoint    ] Leaving safepoint region
[2019-12-09T03:50:54.439+0000][1][safepoint    ] Total time for which application threads were stopped: 0.0000719 seconds, Stopping threads took: 0.0000148 seconds
[2019-12-09T03:50:54.440+0000][1][safepoint    ] Application time: 0.0011709 seconds
[2019-12-09T03:50:54.440+0000][1][safepoint    ] Entering safepoint region: RevokeBias
[2019-12-09T03:50:54.440+0000][1][safepoint    ] Leaving safepoint region
[2019-12-09T03:50:54.440+0000][1][safepoint    ] Total time for which application threads were stopped: 0.0000851 seconds, Stopping threads took: 0.0000155 seconds
[2019-12-09T03:50:54.441+0000][1][safepoint    ] Application time: 0.0003128 seconds
[2019-12-09T03:50:54.443+0000][1][safepoint    ] Entering safepoint region: RevokeBias
[2019-12-09T03:50:54.443+0000][1][safepoint    ] Leaving safepoint region
[2019-12-09T03:50:54.443+0000][1][safepoint    ] Total time for which application threads were stopped: 0.0021819 seconds, Stopping threads took: 0.0021196 seconds
[2019-12-09T03:50:54.443+0000][1][safepoint    ] Application time: 0.0004389 seconds
[2019-12-09T03:50:54.443+0000][1][safepoint    ] Entering safepoint region: RevokeBias
[2019-12-09T03:50:54.443+0000][1][safepoint    ] Leaving safepoint region
[2019-12-09T03:50:54.443+0000][1][safepoint    ] Total time for which application threads were stopped: 0.0000570 seconds, Stopping threads took: 0.0000102 seconds
[2019-12-09T03:50:54.444+0000][1][safepoint    ] Application time: 0.0003106 seconds
[2019-12-09T03:50:54.444+0000][1][safepoint    ] Entering safepoint region: RevokeBias
[2019-12-09T03:50:54.444+0000][1][safepoint    ] Leaving safepoint region
[2019-12-09T03:50:54.444+0000][1][safepoint    ] Total time for which application threads were stopped: 0.0000535 seconds, Stopping threads took: 0.0000112 seconds
[2019-12-09T03:50:54.444+0000][1][safepoint    ] Application time: 0.0003825 seconds
[2019-12-09T03:50:54.444+0000][1][safepoint    ] Entering safepoint region: RevokeBias
[2019-12-09T03:50:54.444+0000][1][safepoint    ] Leaving safepoint region
[2019-12-09T03:50:54.444+0000][1][safepoint    ] Total time for which application threads were stopped: 0.0000516 seconds, Stopping threads took: 0.0000095 seconds
[2019-12-09T03:50:54.445+0000][1][safepoint    ] Application time: 0.0005673 seconds
[2019-12-09T03:50:54.445+0000][1][safepoint    ] Entering safepoint region: RevokeBias
[2019-12-09T03:50:54.445+0000][1][safepoint    ] Leaving safepoint region
[2019-12-09T03:50:54.445+0000][1][safepoint    ] Total time for which application threads were stopped: 0.0000646 seconds, Stopping threads took: 0.0000123 seconds
[2019-12-09T03:50:54.462+0000][1][safepoint    ] Application time: 0.0175644 seconds
[2019-12-09T03:50:54.462+0000][1][safepoint    ] Entering safepoint region: RevokeBias
[2019-12-09T03:50:54.463+0000][1][safepoint    ] Leaving safepoint region
[2019-12-09T03:50:54.463+0000][1][safepoint    ] Total time for which application threads were stopped: 0.0000715 seconds, Stopping threads took: 0.0000138 seconds
[2019-12-09T03:50:54.478+0000][1][safepoint    ] Application time: 0.0158732 seconds
[2019-12-09T03:50:54.478+0000][1][safepoint    ] Entering safepoint region: BulkRevokeBias
[2019-12-09T03:50:54.479+0000][1][safepoint    ] Leaving safepoint region
[2019-12-09T03:50:54.479+0000][1][safepoint    ] Total time for which application threads were stopped: 0.0005031 seconds, Stopping threads took: 0.0000153 seconds
[2019-12-09T03:50:54.503+0000][1][safepoint    ] Application time: 0.0241114 seconds
[2019-12-09T03:50:54.503+0000][1][safepoint    ] Entering safepoint region: RevokeBias
[2019-12-09T03:50:54.503+0000][1][safepoint    ] Leaving safepoint region
[2019-12-09T03:50:54.503+0000][1][safepoint    ] Total time for which application threads were stopped: 0.0001128 seconds, Stopping threads took: 0.0000470 seconds
[2019-12-09T03:50:54.631+0000][1][safepoint    ] Application time: 0.1278952 seconds
[2019-12-09T03:50:54.631+0000][1][safepoint    ] Entering safepoint region: RevokeBias
[2019-12-09T03:50:54.631+0000][1][safepoint    ] Leaving safepoint region
[2019-12-09T03:50:54.631+0000][1][safepoint    ] Total time for which application threads were stopped: 0.0001025 seconds, Stopping threads took: 0.0000189 seconds
[2019-12-09T03:50:54.631+0000][1][safepoint    ] Application time: 0.0000550 seconds
[2019-12-09T03:50:54.631+0000][1][safepoint    ] Entering safepoint region: RevokeBias
[2019-12-09T03:50:54.631+0000][1][safepoint    ] Leaving safepoint region
[2019-12-09T03:50:54.631+0000][1][safepoint    ] Total time for which application threads were stopped: 0.0000539 seconds, Stopping threads took: 0.0000100 seconds
[2019-12-09T03:50:55.273+0000][1][safepoint    ] Application time: 0.6414839 seconds
[2019-12-09T03:50:55.318+0000][1][safepoint    ] Entering safepoint region: RevokeBias
[2019-12-09T03:50:55.318+0000][1][safepoint    ] Leaving safepoint region
[2019-12-09T03:50:55.318+0000][1][safepoint    ] Total time for which application threads were stopped: 0.0449286 seconds, Stopping threads took: 0.0448088 seconds
[2019-12-09T03:50:55.318+0000][1][safepoint    ] Application time: 0.0005745 seconds
[2019-12-09T03:50:55.318+0000][1][safepoint    ] Entering safepoint region: RevokeBias
[2019-12-09T03:50:55.319+0000][1][safepoint    ] Leaving safepoint region
[2019-12-09T03:50:55.319+0000][1][safepoint    ] Total time for which application threads were stopped: 0.0000888 seconds, Stopping threads took: 0.0000165 seconds
[2019-12-09T03:50:55.319+0000][1][safepoint    ] Application time: 0.0003080 seconds
[2019-12-09T03:50:55.319+0000][1][safepoint    ] Entering safepoint region: RevokeBias
[2019-12-09T03:50:55.319+0000][1][safepoint    ] Leaving safepoint region
[2019-12-09T03:50:55.319+0000][1][safepoint    ] Total time for which application threads were stopped: 0.0000662 seconds, Stopping threads took: 0.0000119 seconds
[2019-12-09T03:50:55.319+0000][1][safepoint    ] Application time: 0.0004285 seconds
[2019-12-09T03:50:55.319+0000][1][safepoint    ] Entering safepoint region: RevokeBias
[2019-12-09T03:50:55.319+0000][1][safepoint    ] Leaving safepoint region
[2019-12-09T03:50:55.319+0000][1][safepoint    ] Total time for which application threads were stopped: 0.0000677 seconds, Stopping threads took: 0.0000132 seconds
[2019-12-09T03:50:55.367+0000][1][safepoint    ] Application time: 0.0473527 seconds
[2019-12-09T03:50:55.370+0000][1][safepoint    ] Entering safepoint region: RevokeBias
[2019-12-09T03:50:55.370+0000][1][safepoint    ] Leaving safepoint region
[2019-12-09T03:50:55.370+0000][1][safepoint    ] Total time for which application threads were stopped: 0.0031199 seconds, Stopping threads took: 0.0029797 seconds
[2019-12-09T03:50:55.374+0000][1][safepoint    ] Application time: 0.0042462 seconds
[2019-12-09T03:50:55.378+0000][1][safepoint    ] Entering safepoint region: RevokeBias
[2019-12-09T03:50:55.378+0000][1][safepoint    ] Leaving safepoint region
[2019-12-09T03:50:55.378+0000][1][safepoint    ] Total time for which application threads were stopped: 0.0035636 seconds, Stopping threads took: 0.0034850 seconds
[2019-12-09T03:50:55.382+0000][1][safepoint    ] Application time: 0.0041750 seconds
[2019-12-09T03:50:55.382+0000][1][safepoint    ] Entering safepoint region: RevokeBias
[2019-12-09T03:50:55.382+0000][1][safepoint    ] Leaving safepoint region
[2019-12-09T03:50:55.382+0000][1][safepoint    ] Total time for which application threads were stopped: 0.0000961 seconds, Stopping threads took: 0.0000130 seconds
[2019-12-09T03:50:55.386+0000][1][safepoint    ] Application time: 0.0035604 seconds
[2019-12-09T03:50:55.386+0000][1][safepoint    ] Entering safepoint region: RevokeBias
[2019-12-09T03:50:55.386+0000][1][safepoint    ] Leaving safepoint region
[2019-12-09T03:50:55.386+0000][1][safepoint    ] Total time for which application threads were stopped: 0.0004614 seconds, Stopping threads took: 0.0000150 seconds
[2019-12-09T03:50:55.390+0000][1][safepoint    ] Application time: 0.0037711 seconds
[2019-12-09T03:50:55.390+0000][1][safepoint    ] Entering safepoint region: RevokeBias
[2019-12-09T03:50:55.390+0000][1][safepoint    ] Leaving safepoint region
[2019-12-09T03:50:55.390+0000][1][safepoint    ] Total time for which application threads were stopped: 0.0001138 seconds, Stopping threads took: 0.0000275 seconds
[2019-12-09T03:50:55.391+0000][1][safepoint    ] Application time: 0.0005356 seconds
[2019-12-09T03:50:55.391+0000][1][safepoint    ] Entering safepoint region: RevokeBias
[2019-12-09T03:50:55.391+0000][1][safepoint    ] Leaving safepoint region
[2019-12-09T03:50:55.391+0000][1][safepoint    ] Total time for which application threads were stopped: 0.0000936 seconds, Stopping threads took: 0.0000171 seconds
[2019-12-09T03:50:55.391+0000][1][safepoint    ] Application time: 0.0006287 seconds
[2019-12-09T03:50:55.391+0000][1][safepoint    ] Entering safepoint region: RevokeBias
[2019-12-09T03:50:55.392+0000][1][safepoint    ] Leaving safepoint region
[2019-12-09T03:50:55.392+0000][1][safepoint    ] Total time for which application threads were stopped: 0.0000943 seconds, Stopping threads took: 0.0000131 seconds
[2019-12-09T03:50:55.392+0000][1][safepoint    ] Application time: 0.0006234 seconds
[2019-12-09T03:50:55.392+0000][1][safepoint    ] Entering safepoint region: RevokeBias
[2019-12-09T03:50:55.392+0000][1][safepoint    ] Leaving safepoint region
[2019-12-09T03:50:55.392+0000][1][safepoint    ] Total time for which application threads were stopped: 0.0001178 seconds, Stopping threads took: 0.0000130 seconds
[2019-12-09T03:50:55.393+0000][1][safepoint    ] Application time: 0.0006205 seconds
[2019-12-09T03:50:55.393+0000][1][safepoint    ] Entering safepoint region: RevokeBias
[2019-12-09T03:50:55.393+0000][1][safepoint    ] Leaving safepoint region
[2019-12-09T03:50:55.393+0000][1][safepoint    ] Total time for which application threads were stopped: 0.0004882 seconds, Stopping threads took: 0.0000123 seconds
[2019-12-09T03:50:55.524+0000][1][safepoint    ] Application time: 0.1305650 seconds
[2019-12-09T03:50:55.524+0000][1][safepoint    ] Entering safepoint region: RevokeBias
[2019-12-09T03:50:55.524+0000][1][safepoint    ] Leaving safepoint region
[2019-12-09T03:50:55.524+0000][1][safepoint    ] Total time for which application threads were stopped: 0.0002210 seconds, Stopping threads took: 0.0001305 seconds
[2019-12-09T03:50:55.623+0000][1][safepoint    ] Application time: 0.0985349 seconds
[2019-12-09T03:50:55.623+0000][1][safepoint    ] Entering safepoint region: RevokeBias
[2019-12-09T03:50:55.623+0000][1][safepoint    ] Leaving safepoint region
[2019-12-09T03:50:55.623+0000][1][safepoint    ] Total time for which application threads were stopped: 0.0001001 seconds, Stopping threads took: 0.0000176 seconds
[2019-12-09T03:50:55.712+0000][1][safepoint    ] Application time: 0.0890279 seconds
[2019-12-09T03:50:55.712+0000][1][safepoint    ] Entering safepoint region: RevokeBias
[2019-12-09T03:50:55.712+0000][1][safepoint    ] Leaving safepoint region
[2019-12-09T03:50:55.712+0000][1][safepoint    ] Total time for which application threads were stopped: 0.0001237 seconds, Stopping threads took: 0.0000176 seconds
[2019-12-09T03:50:55.712+0000][1][safepoint    ] Application time: 0.0000633 seconds
[2019-12-09T03:50:55.712+0000][1][safepoint    ] Entering safepoint region: RevokeBias
[2019-12-09T03:50:55.712+0000][1][safepoint    ] Leaving safepoint region
[2019-12-09T03:50:55.712+0000][1][safepoint    ] Total time for which application threads were stopped: 0.0000691 seconds, Stopping threads took: 0.0000119 seconds
[2019-12-09T03:50:55.712+0000][1][safepoint    ] Application time: 0.0000532 seconds
[2019-12-09T03:50:55.712+0000][1][safepoint    ] Entering safepoint region: RevokeBias
[2019-12-09T03:50:55.712+0000][1][safepoint    ] Leaving safepoint region
[2019-12-09T03:50:55.712+0000][1][safepoint    ] Total time for which application threads were stopped: 0.0000476 seconds, Stopping threads took: 0.0000080 seconds
[2019-12-09T03:50:55.714+0000][1][safepoint    ] Application time: 0.0011318 seconds
[2019-12-09T03:50:55.714+0000][1][safepoint    ] Entering safepoint region: RevokeBias
[2019-12-09T03:50:55.714+0000][1][safepoint    ] Leaving safepoint region
[2019-12-09T03:50:55.714+0000][1][safepoint    ] Total time for which application threads were stopped: 0.0000849 seconds, Stopping threads took: 0.0000164 seconds
[2019-12-09T03:50:55.714+0000][1][safepoint    ] Application time: 0.0001732 seconds
[2019-12-09T03:50:55.714+0000][1][safepoint    ] Entering safepoint region: RevokeBias
[2019-12-09T03:50:55.714+0000][1][safepoint    ] Leaving safepoint region
[2019-12-09T03:50:55.714+0000][1][safepoint    ] Total time for which application threads were stopped: 0.0000643 seconds, Stopping threads took: 0.0000117 seconds
[2019-12-09T03:50:55.714+0000][1][safepoint    ] Application time: 0.0000604 seconds
[2019-12-09T03:50:55.714+0000][1][safepoint    ] Entering safepoint region: RevokeBias
[2019-12-09T03:50:55.714+0000][1][safepoint    ] Leaving safepoint region
[2019-12-09T03:50:55.714+0000][1][safepoint    ] Total time for which application threads were stopped: 0.0000509 seconds, Stopping threads took: 0.0000104 seconds
[2019-12-09T03:50:56.007+0000][1][safepoint    ] Application time: 0.2931054 seconds
[2019-12-09T03:50:56.007+0000][1][safepoint    ] Entering safepoint region: RevokeBias
[2019-12-09T03:50:56.007+0000][1][safepoint    ] Leaving safepoint region
[2019-12-09T03:50:56.007+0000][1][safepoint    ] Total time for which application threads were stopped: 0.0000853 seconds, Stopping threads took: 0.0000170 seconds
[2019-12-09T03:50:56.007+0000][1][safepoint    ] Application time: 0.0000632 seconds
[2019-12-09T03:50:56.007+0000][1][safepoint    ] Entering safepoint region: RevokeBias
[2019-12-09T03:50:56.007+0000][1][safepoint    ] Leaving safepoint region
[2019-12-09T03:50:56.007+0000][1][safepoint    ] Total time for which application threads were stopped: 0.0000361 seconds, Stopping threads took: 0.0000080 seconds
[2019-12-09T03:50:56.174+0000][1][safepoint    ] Application time: 0.1669123 seconds
[2019-12-09T03:50:56.174+0000][1][safepoint    ] Entering safepoint region: BulkRevokeBias
[2019-12-09T03:50:56.175+0000][1][safepoint    ] Leaving safepoint region
[2019-12-09T03:50:56.175+0000][1][safepoint    ] Total time for which application threads were stopped: 0.0003976 seconds, Stopping threads took: 0.0000201 seconds
[2019-12-09T03:50:56.250+0000][1][safepoint    ] Application time: 0.0755103 seconds
[2019-12-09T03:50:56.250+0000][1][safepoint    ] Entering safepoint region: RevokeBias
[2019-12-09T03:50:56.250+0000][1][safepoint    ] Leaving safepoint region
[2019-12-09T03:50:56.250+0000][1][safepoint    ] Total time for which application threads were stopped: 0.0000979 seconds, Stopping threads took: 0.0000207 seconds
[2019-12-09T03:50:56.277+0000][1][safepoint    ] Application time: 0.0266252 seconds
[2019-12-09T03:50:56.290+0000][1][safepoint    ] Entering safepoint region: RevokeBias
[2019-12-09T03:50:56.290+0000][1][safepoint    ] Leaving safepoint region
[2019-12-09T03:50:56.290+0000][1][safepoint    ] Total time for which application threads were stopped: 0.0130993 seconds, Stopping threads took: 0.0130020 seconds
[2019-12-09T03:50:56.309+0000][1][safepoint    ] Application time: 0.0188989 seconds
[2019-12-09T03:50:56.365+0000][1][safepoint    ] Entering safepoint region: RevokeBias
[2019-12-09T03:50:56.365+0000][1][safepoint    ] Leaving safepoint region
[2019-12-09T03:50:56.365+0000][1][safepoint    ] Total time for which application threads were stopped: 0.0558181 seconds, Stopping threads took: 0.0557282 seconds
[2019-12-09T03:50:56.418+0000][1][safepoint    ] Application time: 0.0528674 seconds
[2019-12-09T03:50:56.427+0000][1][safepoint    ] Entering safepoint region: RevokeBias
[2019-12-09T03:50:56.427+0000][1][safepoint    ] Leaving safepoint region
[2019-12-09T03:50:56.427+0000][1][safepoint    ] Total time for which application threads were stopped: 0.0090262 seconds, Stopping threads took: 0.0089295 seconds
[2019-12-09T03:50:56.441+0000][1][safepoint    ] Application time: 0.0145383 seconds
[2019-12-09T03:50:56.492+0000][1][safepoint    ] Entering safepoint region: RevokeBias
[2019-12-09T03:50:56.492+0000][1][safepoint    ] Leaving safepoint region
[2019-12-09T03:50:56.492+0000][1][safepoint    ] Total time for which application threads were stopped: 0.0504363 seconds, Stopping threads took: 0.0503496 seconds
[2019-12-09T03:50:56.612+0000][1][safepoint    ] Application time: 0.1198653 seconds
[2019-12-09T03:50:56.613+0000][1][safepoint    ] Entering safepoint region: RevokeBias
[2019-12-09T03:50:56.613+0000][1][safepoint    ] Leaving safepoint region
[2019-12-09T03:50:56.613+0000][1][safepoint    ] Total time for which application threads were stopped: 0.0013502 seconds, Stopping threads took: 0.0012634 seconds
[2019-12-09T03:50:56.691+0000][1][safepoint    ] Application time: 0.0776794 seconds
[2019-12-09T03:50:56.691+0000][1][safepoint    ] Entering safepoint region: RevokeBias
[2019-12-09T03:50:56.691+0000][1][safepoint    ] Leaving safepoint region
[2019-12-09T03:50:56.691+0000][1][safepoint    ] Total time for which application threads were stopped: 0.0002419 seconds, Stopping threads took: 0.0001610 seconds
[2019-12-09T03:50:56.691+0000][1][safepoint    ] Application time: 0.0000600 seconds
[2019-12-09T03:50:56.691+0000][1][safepoint    ] Entering safepoint region: RevokeBias
[2019-12-09T03:50:56.691+0000][1][safepoint    ] Leaving safepoint region
[2019-12-09T03:50:56.691+0000][1][safepoint    ] Total time for which application threads were stopped: 0.0000651 seconds, Stopping threads took: 0.0000126 seconds
[2019-12-09T03:50:56.691+0000][1][safepoint    ] Application time: 0.0001966 seconds
[2019-12-09T03:50:56.691+0000][1][safepoint    ] Entering safepoint region: RevokeBias
[2019-12-09T03:50:56.691+0000][1][safepoint    ] Leaving safepoint region
[2019-12-09T03:50:56.691+0000][1][safepoint    ] Total time for which application threads were stopped: 0.0000679 seconds, Stopping threads took: 0.0000146 seconds
[2019-12-09T03:50:56.711+0000][1][safepoint    ] Application time: 0.0193668 seconds
[2019-12-09T03:50:56.711+0000][1][safepoint    ] Entering safepoint region: RevokeBias
[2019-12-09T03:50:56.711+0000][1][safepoint    ] Leaving safepoint region
[2019-12-09T03:50:56.711+0000][1][safepoint    ] Total time for which application threads were stopped: 0.0000761 seconds, Stopping threads took: 0.0000159 seconds
[2019-12-09T03:50:56.711+0000][1][safepoint    ] Application time: 0.0002729 seconds
[2019-12-09T03:50:56.711+0000][1][safepoint    ] Entering safepoint region: RevokeBias
[2019-12-09T03:50:56.711+0000][1][safepoint    ] Leaving safepoint region
[2019-12-09T03:50:56.711+0000][1][safepoint    ] Total time for which application threads were stopped: 0.0000616 seconds, Stopping threads took: 0.0000127 seconds
[2019-12-09T03:50:56.801+0000][1][safepoint    ] Application time: 0.0892768 seconds
[2019-12-09T03:50:56.801+0000][1][safepoint    ] Entering safepoint region: RevokeBias
[2019-12-09T03:50:56.801+0000][1][safepoint    ] Leaving safepoint region
[2019-12-09T03:50:56.801+0000][1][safepoint    ] Total time for which application threads were stopped: 0.0001497 seconds, Stopping threads took: 0.0000695 seconds
[2019-12-09T03:50:56.801+0000][1][safepoint    ] Application time: 0.0000606 seconds
[2019-12-09T03:50:56.801+0000][1][safepoint    ] Entering safepoint region: RevokeBias
[2019-12-09T03:50:56.801+0000][1][safepoint    ] Leaving safepoint region
[2019-12-09T03:50:56.801+0000][1][safepoint    ] Total time for which application threads were stopped: 0.0000556 seconds, Stopping threads took: 0.0000100 seconds
[2019-12-09T03:50:57.220+0000][1][safepoint    ] Application time: 0.4192615 seconds
[2019-12-09T03:50:57.220+0000][1][safepoint    ] Entering safepoint region: Deoptimize
[2019-12-09T03:50:57.221+0000][1][safepoint    ] Leaving safepoint region
[2019-12-09T03:50:57.221+0000][1][safepoint    ] Total time for which application threads were stopped: 0.0007451 seconds, Stopping threads took: 0.0000185 seconds
[2019-12-09T03:50:57.760+0000][1][safepoint    ] Application time: 0.5386338 seconds
[2019-12-09T03:50:57.760+0000][1][safepoint    ] Entering safepoint region: BulkRevokeBias
[2019-12-09T03:50:57.760+0000][1][safepoint    ] Leaving safepoint region
[2019-12-09T03:50:57.760+0000][1][safepoint    ] Total time for which application threads were stopped: 0.0005120 seconds, Stopping threads took: 0.0000203 seconds
[2019-12-09T03:50:57.760+0000][1][safepoint    ] Application time: 0.0000674 seconds
[2019-12-09T03:50:57.760+0000][1][safepoint    ] Entering safepoint region: RevokeBias
[2019-12-09T03:50:57.760+0000][1][safepoint    ] Leaving safepoint region
[2019-12-09T03:50:57.760+0000][1][safepoint    ] Total time for which application threads were stopped: 0.0000636 seconds, Stopping threads took: 0.0000118 seconds
[2019-12-09T03:50:57.861+0000][1][safepoint    ] Application time: 0.1011542 seconds
[2019-12-09T03:50:57.861+0000][1][safepoint    ] Entering safepoint region: RevokeBias
[2019-12-09T03:50:57.862+0000][1][safepoint    ] Leaving safepoint region
[2019-12-09T03:50:57.862+0000][1][safepoint    ] Total time for which application threads were stopped: 0.0000925 seconds, Stopping threads took: 0.0000186 seconds
[2019-12-09T03:50:57.862+0000][1][safepoint    ] Application time: 0.0000659 seconds
[2019-12-09T03:50:57.862+0000][1][safepoint    ] Entering safepoint region: BulkRevokeBias
[2019-12-09T03:50:57.862+0000][1][safepoint    ] Leaving safepoint region
[2019-12-09T03:50:57.862+0000][1][safepoint    ] Total time for which application threads were stopped: 0.0003571 seconds, Stopping threads took: 0.0000095 seconds
[2019-12-09T03:50:57.862+0000][1][safepoint    ] Application time: 0.0002483 seconds
[2019-12-09T03:50:57.862+0000][1][safepoint    ] Entering safepoint region: RevokeBias
[2019-12-09T03:50:57.862+0000][1][safepoint    ] Leaving safepoint region
[2019-12-09T03:50:57.862+0000][1][safepoint    ] Total time for which application threads were stopped: 0.0000620 seconds, Stopping threads took: 0.0000129 seconds
[2019-12-09T03:50:58.078+0000][1][safepoint    ] Application time: 0.2157554 seconds
[2019-12-09T03:50:58.078+0000][1][safepoint    ] Entering safepoint region: RevokeBias
[2019-12-09T03:50:58.078+0000][1][safepoint    ] Leaving safepoint region
[2019-12-09T03:50:58.078+0000][1][safepoint    ] Total time for which application threads were stopped: 0.0001239 seconds, Stopping threads took: 0.0000204 seconds
[2019-12-09T03:50:58.079+0000][1][safepoint    ] Application time: 0.0004653 seconds
[2019-12-09T03:50:58.079+0000][1][safepoint    ] Entering safepoint region: RevokeBias
[2019-12-09T03:50:58.079+0000][1][safepoint    ] Leaving safepoint region
[2019-12-09T03:50:58.079+0000][1][safepoint    ] Total time for which application threads were stopped: 0.0000805 seconds, Stopping threads took: 0.0000166 seconds
[2019-12-09T03:50:58.081+0000][1][safepoint    ] Application time: 0.0018579 seconds
[2019-12-09T03:50:58.081+0000][1][safepoint    ] Entering safepoint region: RevokeBias
[2019-12-09T03:50:58.081+0000][1][safepoint    ] Leaving safepoint region
[2019-12-09T03:50:58.081+0000][1][safepoint    ] Total time for which application threads were stopped: 0.0000631 seconds, Stopping threads took: 0.0000148 seconds
[2019-12-09T03:50:58.081+0000][1][safepoint    ] Application time: 0.0000456 seconds
[2019-12-09T03:50:58.081+0000][1][safepoint    ] Entering safepoint region: RevokeBias
[2019-12-09T03:50:58.081+0000][1][safepoint    ] Leaving safepoint region
[2019-12-09T03:50:58.081+0000][1][safepoint    ] Total time for which application threads were stopped: 0.0000421 seconds, Stopping threads took: 0.0000089 seconds
[2019-12-09T03:50:58.081+0000][1][safepoint    ] Application time: 0.0000399 seconds
[2019-12-09T03:50:58.081+0000][1][safepoint    ] Entering safepoint region: RevokeBias
[2019-12-09T03:50:58.081+0000][1][safepoint    ] Leaving safepoint region
[2019-12-09T03:50:58.081+0000][1][safepoint    ] Total time for which application threads were stopped: 0.0000424 seconds, Stopping threads took: 0.0000094 seconds
[2019-12-09T03:50:58.081+0000][1][safepoint    ] Application time: 0.0000382 seconds
[2019-12-09T03:50:58.081+0000][1][safepoint    ] Entering safepoint region: RevokeBias
[2019-12-09T03:50:58.081+0000][1][safepoint    ] Leaving safepoint region
[2019-12-09T03:50:58.081+0000][1][safepoint    ] Total time for which application threads were stopped: 0.0000411 seconds, Stopping threads took: 0.0000089 seconds
[2019-12-09T03:50:58.081+0000][1][safepoint    ] Application time: 0.0000371 seconds
[2019-12-09T03:50:58.081+0000][1][safepoint    ] Entering safepoint region: RevokeBias
[2019-12-09T03:50:58.081+0000][1][safepoint    ] Leaving safepoint region
[2019-12-09T03:50:58.081+0000][1][safepoint    ] Total time for which application threads were stopped: 0.0000405 seconds, Stopping threads took: 0.0000090 seconds
[2019-12-09T03:50:58.081+0000][1][safepoint    ] Application time: 0.0000396 seconds
[2019-12-09T03:50:58.081+0000][1][safepoint    ] Entering safepoint region: RevokeBias
[2019-12-09T03:50:58.081+0000][1][safepoint    ] Leaving safepoint region
[2019-12-09T03:50:58.081+0000][1][safepoint    ] Total time for which application threads were stopped: 0.0000500 seconds, Stopping threads took: 0.0000091 seconds
[2019-12-09T03:50:58.081+0000][1][safepoint    ] Application time: 0.0000324 seconds
[2019-12-09T03:50:58.081+0000][1][safepoint    ] Entering safepoint region: RevokeBias
[2019-12-09T03:50:58.081+0000][1][safepoint    ] Leaving safepoint region
[2019-12-09T03:50:58.081+0000][1][safepoint    ] Total time for which application threads were stopped: 0.0000356 seconds, Stopping threads took: 0.0000083 seconds
[2019-12-09T03:50:58.081+0000][1][safepoint    ] Application time: 0.0000332 seconds
[2019-12-09T03:50:58.081+0000][1][safepoint    ] Entering safepoint region: RevokeBias
[2019-12-09T03:50:58.081+0000][1][safepoint    ] Leaving safepoint region
[2019-12-09T03:50:58.081+0000][1][safepoint    ] Total time for which application threads were stopped: 0.0000358 seconds, Stopping threads took: 0.0000078 seconds
[2019-12-09T03:50:58.417+0000][1][safepoint    ] Application time: 0.3353361 seconds
[2019-12-09T03:50:58.417+0000][1][safepoint    ] Entering safepoint region: RevokeBias
[2019-12-09T03:50:58.417+0000][1][safepoint    ] Leaving safepoint region
[2019-12-09T03:50:58.417+0000][1][safepoint    ] Total time for which application threads were stopped: 0.0001060 seconds, Stopping threads took: 0.0000203 seconds
[2019-12-09T03:50:58.443+0000][1][safepoint    ] Application time: 0.0258282 seconds
[2019-12-09T03:50:58.443+0000][1][safepoint    ] Entering safepoint region: RevokeBias
[2019-12-09T03:50:58.443+0000][1][safepoint    ] Leaving safepoint region
[2019-12-09T03:50:58.443+0000][1][safepoint    ] Total time for which application threads were stopped: 0.0001125 seconds, Stopping threads took: 0.0000320 seconds
[2019-12-09T03:50:58.458+0000][1][safepoint    ] Application time: 0.0151785 seconds
[2019-12-09T03:50:58.458+0000][1][safepoint    ] Entering safepoint region: RevokeBias
[2019-12-09T03:50:58.458+0000][1][safepoint    ] Leaving safepoint region
[2019-12-09T03:50:58.458+0000][1][safepoint    ] Total time for which application threads were stopped: 0.0000946 seconds, Stopping threads took: 0.0000202 seconds
[2019-12-09T03:50:59.513+0000][1][safepoint    ] Application time: 1.0545084 seconds
[2019-12-09T03:50:59.513+0000][1][safepoint    ] Entering safepoint region: Cleanup
[2019-12-09T03:50:59.513+0000][1][safepoint    ] Leaving safepoint region
[2019-12-09T03:50:59.513+0000][1][safepoint    ] Total time for which application threads were stopped: 0.0001097 seconds, Stopping threads took: 0.0000288 seconds
[2019-12-09T03:50:59.989+0000][1][safepoint    ] Application time: 0.4756664 seconds
[2019-12-09T03:50:59.989+0000][1][safepoint    ] Entering safepoint region: RevokeBias
[2019-12-09T03:50:59.989+0000][1][safepoint    ] Leaving safepoint region
[2019-12-09T03:50:59.989+0000][1][safepoint    ] Total time for which application threads were stopped: 0.0001219 seconds, Stopping threads took: 0.0000219 seconds
[2019-12-09T03:50:59.989+0000][1][safepoint    ] Application time: 0.0001379 seconds
[2019-12-09T03:50:59.989+0000][1][safepoint    ] Entering safepoint region: RevokeBias
[2019-12-09T03:50:59.989+0000][1][safepoint    ] Leaving safepoint region
[2019-12-09T03:50:59.989+0000][1][safepoint    ] Total time for which application threads were stopped: 0.0000582 seconds, Stopping threads took: 0.0000119 seconds
[2019-12-09T03:50:59.990+0000][1][safepoint    ] Application time: 0.0005462 seconds
[2019-12-09T03:50:59.990+0000][1][safepoint    ] Entering safepoint region: RevokeBias
[2019-12-09T03:50:59.990+0000][1][safepoint    ] Leaving safepoint region
[2019-12-09T03:50:59.990+0000][1][safepoint    ] Total time for which application threads were stopped: 0.0000585 seconds, Stopping threads took: 0.0000136 seconds
[2019-12-09T03:51:00.497+0000][1][safepoint    ] Application time: 0.5078436 seconds
[2019-12-09T03:51:00.547+0000][1][safepoint    ] Entering safepoint region: GenCollectForAllocation
[2019-12-09T03:51:00.547+0000][1][gc,start     ] GC(23) Pause Young (Allocation Failure)
[2019-12-09T03:51:00.547+0000][1][gc,task      ] GC(23) Using 2 workers of 2 for evacuation
[2019-12-09T03:51:00.724+0000][1][gc,age       ] GC(23) Desired survivor size 4456448 bytes, new threshold 2 (max threshold 6)
[2019-12-09T03:51:00.724+0000][1][gc,age       ] GC(23) Age table with threshold 2 (max threshold 6)
[2019-12-09T03:51:00.724+0000][1][gc,age       ] GC(23) - age   1:    2242104 bytes,    2242104 total
[2019-12-09T03:51:00.724+0000][1][gc,age       ] GC(23) - age   2:    3542040 bytes,    5784144 total
[2019-12-09T03:51:00.724+0000][1][gc,heap      ] GC(23) ParNew: 78656K->8704K(78656K)
[2019-12-09T03:51:00.724+0000][1][gc,heap      ] GC(23) CMS: 60619K->64667K(174784K)
[2019-12-09T03:51:00.724+0000][1][gc,metaspace ] GC(23) Metaspace: 68961K->68961K(1112064K)
[2019-12-09T03:51:00.724+0000][1][gc           ] GC(23) Pause Young (Allocation Failure) 136M->71M(247M) 177.279ms
[2019-12-09T03:51:00.724+0000][1][gc,cpu       ] GC(23) User=0.07s Sys=0.00s Real=0.17s
[2019-12-09T03:51:00.724+0000][1][safepoint    ] Leaving safepoint region
[2019-12-09T03:51:00.724+0000][1][safepoint    ] Total time for which application threads were stopped: 0.2267425 seconds, Stopping threads took: 0.0492912 seconds
[2019-12-09T03:51:01.734+0000][1][safepoint    ] Application time: 1.0095254 seconds
[2019-12-09T03:51:01.734+0000][1][safepoint    ] Entering safepoint region: Cleanup
[2019-12-09T03:51:01.734+0000][1][safepoint    ] Leaving safepoint region
[2019-12-09T03:51:01.734+0000][1][safepoint    ] Total time for which application threads were stopped: 0.0001055 seconds, Stopping threads took: 0.0000230 seconds
[2019-12-09T03:51:02.484+0000][1][safepoint    ] Application time: 0.7500276 seconds
[2019-12-09T03:51:02.484+0000][1][safepoint    ] Entering safepoint region: RevokeBias
[2019-12-09T03:51:02.484+0000][1][safepoint    ] Leaving safepoint region
[2019-12-09T03:51:02.484+0000][1][safepoint    ] Total time for which application threads were stopped: 0.0002113 seconds, Stopping threads took: 0.0001115 seconds
[2019-12-09T03:51:02.644+0000][1][safepoint    ] Application time: 0.1594787 seconds
[2019-12-09T03:51:02.644+0000][1][safepoint    ] Entering safepoint region: RevokeBias
[2019-12-09T03:51:02.644+0000][1][safepoint    ] Leaving safepoint region
[2019-12-09T03:51:02.644+0000][1][safepoint    ] Total time for which application threads were stopped: 0.0001482 seconds, Stopping threads took: 0.0000547 seconds
[2019-12-09T03:51:02.646+0000][1][safepoint    ] Application time: 0.0025986 seconds
[2019-12-09T03:51:02.646+0000][1][safepoint    ] Entering safepoint region: RevokeBias
[2019-12-09T03:51:02.647+0000][1][safepoint    ] Leaving safepoint region
[2019-12-09T03:51:02.647+0000][1][safepoint    ] Total time for which application threads were stopped: 0.0000873 seconds, Stopping threads took: 0.0000166 seconds
[2019-12-09T03:51:02.647+0000][1][safepoint    ] Application time: 0.0001247 seconds
[2019-12-09T03:51:02.647+0000][1][safepoint    ] Entering safepoint region: RevokeBias
[2019-12-09T03:51:02.647+0000][1][safepoint    ] Leaving safepoint region
[2019-12-09T03:51:02.647+0000][1][safepoint    ] Total time for which application threads were stopped: 0.0000671 seconds, Stopping threads took: 0.0000110 seconds
[2019-12-09T03:51:02.728+0000][1][safepoint    ] Application time: 0.0808211 seconds
[2019-12-09T03:51:02.728+0000][1][safepoint    ] Entering safepoint region: RevokeBias
[2019-12-09T03:51:02.728+0000][1][safepoint    ] Leaving safepoint region
[2019-12-09T03:51:02.728+0000][1][safepoint    ] Total time for which application threads were stopped: 0.0001203 seconds, Stopping threads took: 0.0000188 seconds
[2019-12-09T03:51:02.949+0000][1][safepoint    ] Application time: 0.2211097 seconds
[2019-12-09T03:51:02.949+0000][1][safepoint    ] Entering safepoint region: RevokeBias
[2019-12-09T03:51:02.949+0000][1][safepoint    ] Leaving safepoint region
[2019-12-09T03:51:02.949+0000][1][safepoint    ] Total time for which application threads were stopped: 0.0001128 seconds, Stopping threads took: 0.0000213 seconds
[2019-12-09T03:51:02.949+0000][1][safepoint    ] Application time: 0.0001927 seconds
[2019-12-09T03:51:02.949+0000][1][safepoint    ] Entering safepoint region: RevokeBias
[2019-12-09T03:51:02.949+0000][1][safepoint    ] Leaving safepoint region
[2019-12-09T03:51:02.949+0000][1][safepoint    ] Total time for which application threads were stopped: 0.0000731 seconds, Stopping threads took: 0.0000128 seconds
[2019-12-09T03:51:03.002+0000][1][safepoint    ] Application time: 0.0528198 seconds
[2019-12-09T03:51:03.002+0000][1][safepoint    ] Entering safepoint region: CollectForMetadataAllocation
[2019-12-09T03:51:03.002+0000][1][safepoint    ] Leaving safepoint region
[2019-12-09T03:51:03.002+0000][1][safepoint    ] Total time for which application threads were stopped: 0.0002804 seconds, Stopping threads took: 0.0000196 seconds
[2019-12-09T03:51:03.106+0000][1][safepoint    ] Application time: 0.1034956 seconds
[2019-12-09T03:51:03.106+0000][1][safepoint    ] Entering safepoint region: CollectForMetadataAllocation
[2019-12-09T03:51:03.106+0000][1][safepoint    ] Leaving safepoint region
[2019-12-09T03:51:03.106+0000][1][safepoint    ] Total time for which application threads were stopped: 0.0002983 seconds, Stopping threads took: 0.0000190 seconds
[2019-12-09T03:51:03.182+0000][1][safepoint    ] Application time: 0.0758309 seconds
[2019-12-09T03:51:03.182+0000][1][safepoint    ] Entering safepoint region: RevokeBias
[2019-12-09T03:51:03.182+0000][1][safepoint    ] Leaving safepoint region
[2019-12-09T03:51:03.182+0000][1][safepoint    ] Total time for which application threads were stopped: 0.0001977 seconds, Stopping threads took: 0.0000739 seconds
[2019-12-09T03:51:03.182+0000][1][safepoint    ] Application time: 0.0000748 seconds
[2019-12-09T03:51:03.182+0000][1][safepoint    ] Entering safepoint region: RevokeBias
[2019-12-09T03:51:03.183+0000][1][safepoint    ] Leaving safepoint region
[2019-12-09T03:51:03.183+0000][1][safepoint    ] Total time for which application threads were stopped: 0.0000751 seconds, Stopping threads took: 0.0000111 seconds
[2019-12-09T03:51:03.203+0000][1][safepoint    ] Application time: 0.0206174 seconds
[2019-12-09T03:51:03.223+0000][1][safepoint    ] Entering safepoint region: RevokeBias
[2019-12-09T03:51:03.223+0000][1][safepoint    ] Leaving safepoint region
[2019-12-09T03:51:03.223+0000][1][safepoint    ] Total time for which application threads were stopped: 0.0196566 seconds, Stopping threads took: 0.0195419 seconds
[2019-12-09T03:51:03.271+0000][1][safepoint    ] Application time: 0.0483710 seconds
[2019-12-09T03:51:03.271+0000][1][safepoint    ] Entering safepoint region: RevokeBias
[2019-12-09T03:51:03.271+0000][1][safepoint    ] Leaving safepoint region
[2019-12-09T03:51:03.271+0000][1][safepoint    ] Total time for which application threads were stopped: 0.0001684 seconds, Stopping threads took: 0.0000803 seconds
[2019-12-09T03:51:03.272+0000][1][safepoint    ] Application time: 0.0005569 seconds
[2019-12-09T03:51:03.272+0000][1][safepoint    ] Entering safepoint region: RevokeBias
[2019-12-09T03:51:03.272+0000][1][safepoint    ] Leaving safepoint region
[2019-12-09T03:51:03.272+0000][1][safepoint    ] Total time for which application threads were stopped: 0.0000775 seconds, Stopping threads took: 0.0000160 seconds
[2019-12-09T03:51:03.275+0000][1][safepoint    ] Application time: 0.0027744 seconds
[2019-12-09T03:51:03.275+0000][1][safepoint    ] Entering safepoint region: RevokeBias
[2019-12-09T03:51:03.275+0000][1][safepoint    ] Leaving safepoint region
[2019-12-09T03:51:03.275+0000][1][safepoint    ] Total time for which application threads were stopped: 0.0000705 seconds, Stopping threads took: 0.0000159 seconds
[2019-12-09T03:51:03.420+0000][1][safepoint    ] Application time: 0.1445525 seconds
[2019-12-09T03:51:03.420+0000][1][safepoint    ] Entering safepoint region: CollectForMetadataAllocation
[2019-12-09T03:51:03.420+0000][1][safepoint    ] Leaving safepoint region
[2019-12-09T03:51:03.420+0000][1][safepoint    ] Total time for which application threads were stopped: 0.0002453 seconds, Stopping threads took: 0.0000213 seconds
[2019-12-09T03:51:03.746+0000][1][safepoint    ] Application time: 0.3259828 seconds
[2019-12-09T03:51:03.746+0000][1][safepoint    ] Entering safepoint region: CollectForMetadataAllocation
[2019-12-09T03:51:03.746+0000][1][safepoint    ] Leaving safepoint region
[2019-12-09T03:51:03.746+0000][1][safepoint    ] Total time for which application threads were stopped: 0.0002831 seconds, Stopping threads took: 0.0000293 seconds
[2019-12-09T03:51:03.795+0000][1][safepoint    ] Application time: 0.0486648 seconds
[2019-12-09T03:51:03.795+0000][1][safepoint    ] Entering safepoint region: CollectForMetadataAllocation
[2019-12-09T03:51:03.795+0000][1][safepoint    ] Leaving safepoint region
[2019-12-09T03:51:03.795+0000][1][safepoint    ] Total time for which application threads were stopped: 0.0001366 seconds, Stopping threads took: 0.0000544 seconds
[2019-12-09T03:51:03.799+0000][1][safepoint    ] Application time: 0.0039417 seconds
[2019-12-09T03:51:03.799+0000][1][safepoint    ] Entering safepoint region: RevokeBias
[2019-12-09T03:51:03.799+0000][1][safepoint    ] Leaving safepoint region
[2019-12-09T03:51:03.799+0000][1][safepoint    ] Total time for which application threads were stopped: 0.0000816 seconds, Stopping threads took: 0.0000167 seconds
[2019-12-09T03:51:03.823+0000][1][safepoint    ] Application time: 0.0241733 seconds
[2019-12-09T03:51:03.845+0000][1][safepoint    ] Entering safepoint region: RevokeBias
[2019-12-09T03:51:03.845+0000][1][safepoint    ] Leaving safepoint region
[2019-12-09T03:51:03.845+0000][1][safepoint    ] Total time for which application threads were stopped: 0.0219479 seconds, Stopping threads took: 0.0218468 seconds
[2019-12-09T03:51:03.845+0000][1][safepoint    ] Application time: 0.0002037 seconds
[2019-12-09T03:51:03.845+0000][1][safepoint    ] Entering safepoint region: RevokeBias
[2019-12-09T03:51:03.846+0000][1][safepoint    ] Leaving safepoint region
[2019-12-09T03:51:03.846+0000][1][safepoint    ] Total time for which application threads were stopped: 0.0000832 seconds, Stopping threads took: 0.0000155 seconds
[2019-12-09T03:51:03.889+0000][1][safepoint    ] Application time: 0.0435150 seconds
[2019-12-09T03:51:03.889+0000][1][safepoint    ] Entering safepoint region: CollectForMetadataAllocation
[2019-12-09T03:51:03.889+0000][1][safepoint    ] Leaving safepoint region
[2019-12-09T03:51:03.889+0000][1][safepoint    ] Total time for which application threads were stopped: 0.0002901 seconds, Stopping threads took: 0.0000205 seconds
[2019-12-09T03:51:03.928+0000][1][safepoint    ] Application time: 0.0390868 seconds
[2019-12-09T03:51:03.929+0000][1][safepoint    ] Entering safepoint region: Deoptimize
[2019-12-09T03:51:03.929+0000][1][safepoint    ] Leaving safepoint region
[2019-12-09T03:51:03.929+0000][1][safepoint    ] Total time for which application threads were stopped: 0.0007754 seconds, Stopping threads took: 0.0000198 seconds
[2019-12-09T03:51:04.049+0000][1][safepoint    ] Application time: 0.1197431 seconds
[2019-12-09T03:51:04.049+0000][1][safepoint    ] Entering safepoint region: CollectForMetadataAllocation
[2019-12-09T03:51:04.049+0000][1][safepoint    ] Leaving safepoint region
[2019-12-09T03:51:04.049+0000][1][safepoint    ] Total time for which application threads were stopped: 0.0002110 seconds, Stopping threads took: 0.0000218 seconds
[2019-12-09T03:51:04.147+0000][1][safepoint    ] Application time: 0.0975124 seconds
[2019-12-09T03:51:04.154+0000][1][safepoint    ] Entering safepoint region: CollectForMetadataAllocation
[2019-12-09T03:51:04.154+0000][1][safepoint    ] Leaving safepoint region
[2019-12-09T03:51:04.154+0000][1][safepoint    ] Total time for which application threads were stopped: 0.0071588 seconds, Stopping threads took: 0.0068941 seconds
[2019-12-09T03:51:04.162+0000][1][safepoint    ] Application time: 0.0084126 seconds
[2019-12-09T03:51:04.162+0000][1][safepoint    ] Entering safepoint region: RevokeBias
[2019-12-09T03:51:04.163+0000][1][safepoint    ] Leaving safepoint region
[2019-12-09T03:51:04.163+0000][1][safepoint    ] Total time for which application threads were stopped: 0.0000900 seconds, Stopping threads took: 0.0000179 seconds
[2019-12-09T03:51:04.196+0000][1][safepoint    ] Application time: 0.0331673 seconds
[2019-12-09T03:51:04.196+0000][1][safepoint    ] Entering safepoint region: RevokeBias
[2019-12-09T03:51:04.196+0000][1][safepoint    ] Leaving safepoint region
[2019-12-09T03:51:04.196+0000][1][safepoint    ] Total time for which application threads were stopped: 0.0000960 seconds, Stopping threads took: 0.0000201 seconds
[2019-12-09T03:51:04.197+0000][1][safepoint    ] Application time: 0.0008691 seconds
[2019-12-09T03:51:04.197+0000][1][safepoint    ] Entering safepoint region: RevokeBias
[2019-12-09T03:51:04.197+0000][1][safepoint    ] Leaving safepoint region
[2019-12-09T03:51:04.197+0000][1][safepoint    ] Total time for which application threads were stopped: 0.0000811 seconds, Stopping threads took: 0.0000170 seconds
[2019-12-09T03:51:04.750+0000][1][safepoint    ] Application time: 0.5529611 seconds
[2019-12-09T03:51:04.750+0000][1][safepoint    ] Entering safepoint region: CMS_Initial_Mark
[2019-12-09T03:51:04.750+0000][1][gc,start     ] GC(24) Pause Initial Mark
[2019-12-09T03:51:04.790+0000][1][gc           ] GC(24) Pause Initial Mark 104M->104M(247M) 39.781ms
[2019-12-09T03:51:04.790+0000][1][gc,cpu       ] GC(24) User=0.02s Sys=0.00s Real=0.04s
[2019-12-09T03:51:04.790+0000][1][safepoint    ] Leaving safepoint region
[2019-12-09T03:51:04.790+0000][1][safepoint    ] Total time for which application threads were stopped: 0.0399908 seconds, Stopping threads took: 0.0000230 seconds
[2019-12-09T03:51:04.790+0000][1][gc           ] GC(24) Concurrent Mark
[2019-12-09T03:51:04.853+0000][1][safepoint    ] Application time: 0.0629348 seconds
[2019-12-09T03:51:04.853+0000][1][safepoint    ] Entering safepoint region: RevokeBias
[2019-12-09T03:51:04.853+0000][1][safepoint    ] Leaving safepoint region
[2019-12-09T03:51:04.853+0000][1][safepoint    ] Total time for which application threads were stopped: 0.0001179 seconds, Stopping threads took: 0.0000252 seconds
[2019-12-09T03:51:04.862+0000][1][safepoint    ] Application time: 0.0089333 seconds
[2019-12-09T03:51:04.862+0000][1][safepoint    ] Entering safepoint region: RevokeBias
[2019-12-09T03:51:04.862+0000][1][safepoint    ] Leaving safepoint region
[2019-12-09T03:51:04.862+0000][1][safepoint    ] Total time for which application threads were stopped: 0.0001018 seconds, Stopping threads took: 0.0000218 seconds
[2019-12-09T03:51:04.875+0000][1][safepoint    ] Application time: 0.0127547 seconds
[2019-12-09T03:51:04.875+0000][1][safepoint    ] Entering safepoint region: RevokeBias
[2019-12-09T03:51:04.875+0000][1][safepoint    ] Leaving safepoint region
[2019-12-09T03:51:04.875+0000][1][safepoint    ] Total time for which application threads were stopped: 0.0000995 seconds, Stopping threads took: 0.0000214 seconds
[2019-12-09T03:51:04.882+0000][1][safepoint    ] Application time: 0.0068263 seconds
[2019-12-09T03:51:04.882+0000][1][safepoint    ] Entering safepoint region: RevokeBias
[2019-12-09T03:51:04.882+0000][1][safepoint    ] Leaving safepoint region
[2019-12-09T03:51:04.882+0000][1][safepoint    ] Total time for which application threads were stopped: 0.0000782 seconds, Stopping threads took: 0.0000167 seconds
[2019-12-09T03:51:05.071+0000][1][gc           ] GC(24) Concurrent Mark 280.981ms
[2019-12-09T03:51:05.071+0000][1][gc,cpu       ] GC(24) User=0.11s Sys=0.00s Real=0.28s
[2019-12-09T03:51:05.071+0000][1][gc           ] GC(24) Concurrent Preclean
[2019-12-09T03:51:05.073+0000][1][gc           ] GC(24) Concurrent Preclean 2.466ms
[2019-12-09T03:51:05.073+0000][1][gc,cpu       ] GC(24) User=0.00s Sys=0.00s Real=0.00s
[2019-12-09T03:51:05.073+0000][1][gc           ] GC(24) Concurrent Abortable Preclean
[2019-12-09T03:51:05.805+0000][1][safepoint    ] Application time: 0.9235370 seconds
[2019-12-09T03:51:05.805+0000][1][safepoint    ] Entering safepoint region: RevokeBias
[2019-12-09T03:51:05.806+0000][1][safepoint    ] Leaving safepoint region
[2019-12-09T03:51:05.806+0000][1][safepoint    ] Total time for which application threads were stopped: 0.0001152 seconds, Stopping threads took: 0.0000197 seconds
[2019-12-09T03:51:05.813+0000][1][safepoint    ] Application time: 0.0074683 seconds
[2019-12-09T03:51:05.813+0000][1][safepoint    ] Entering safepoint region: RevokeBias
[2019-12-09T03:51:05.813+0000][1][safepoint    ] Leaving safepoint region
[2019-12-09T03:51:05.813+0000][1][safepoint    ] Total time for which application threads were stopped: 0.0000905 seconds, Stopping threads took: 0.0000183 seconds
[2019-12-09T03:51:05.873+0000][1][safepoint    ] Application time: 0.0595335 seconds
[2019-12-09T03:51:05.879+0000][1][safepoint    ] Entering safepoint region: RevokeBias
[2019-12-09T03:51:05.879+0000][1][safepoint    ] Leaving safepoint region
[2019-12-09T03:51:05.879+0000][1][safepoint    ] Total time for which application threads were stopped: 0.0067025 seconds, Stopping threads took: 0.0065609 seconds
[2019-12-09T03:51:05.977+0000][1][safepoint    ] Application time: 0.0971803 seconds
[2019-12-09T03:51:05.977+0000][1][safepoint    ] Entering safepoint region: RevokeBias
[2019-12-09T03:51:05.977+0000][1][safepoint    ] Leaving safepoint region
[2019-12-09T03:51:05.977+0000][1][safepoint    ] Total time for which application threads were stopped: 0.0001948 seconds, Stopping threads took: 0.0000890 seconds
[2019-12-09T03:51:06.227+0000][1][safepoint    ] Application time: 0.2499276 seconds
[2019-12-09T03:51:06.236+0000][1][safepoint    ] Entering safepoint region: RevokeBias
[2019-12-09T03:51:06.236+0000][1][safepoint    ] Leaving safepoint region
[2019-12-09T03:51:06.236+0000][1][safepoint    ] Total time for which application threads were stopped: 0.0090949 seconds, Stopping threads took: 0.0089756 seconds
[2019-12-09T03:51:06.558+0000][1][safepoint    ] Application time: 0.3219701 seconds
[2019-12-09T03:51:06.558+0000][1][safepoint    ] Entering safepoint region: CollectForMetadataAllocation
[2019-12-09T03:51:06.558+0000][1][safepoint    ] Leaving safepoint region
[2019-12-09T03:51:06.558+0000][1][safepoint    ] Total time for which application threads were stopped: 0.0003130 seconds, Stopping threads took: 0.0000681 seconds
[2019-12-09T03:51:06.761+0000][1][safepoint    ] Application time: 0.2027703 seconds
[2019-12-09T03:51:06.800+0000][1][safepoint    ] Entering safepoint region: RevokeBias
[2019-12-09T03:51:06.800+0000][1][safepoint    ] Leaving safepoint region
[2019-12-09T03:51:06.800+0000][1][safepoint    ] Total time for which application threads were stopped: 0.0387291 seconds, Stopping threads took: 0.0385656 seconds
[2019-12-09T03:51:06.907+0000][1][safepoint    ] Application time: 0.1071085 seconds
[2019-12-09T03:51:06.908+0000][1][safepoint    ] Entering safepoint region: RevokeBias
[2019-12-09T03:51:06.908+0000][1][safepoint    ] Leaving safepoint region
[2019-12-09T03:51:06.908+0000][1][safepoint    ] Total time for which application threads were stopped: 0.0009927 seconds, Stopping threads took: 0.0008839 seconds
[2019-12-09T03:51:06.916+0000][1][safepoint    ] Application time: 0.0078565 seconds
[2019-12-09T03:51:06.916+0000][1][safepoint    ] Entering safepoint region: RevokeBias
[2019-12-09T03:51:06.916+0000][1][safepoint    ] Leaving safepoint region
[2019-12-09T03:51:06.916+0000][1][safepoint    ] Total time for which application threads were stopped: 0.0000973 seconds, Stopping threads took: 0.0000186 seconds
[2019-12-09T03:51:07.061+0000][1][safepoint    ] Application time: 0.1453146 seconds
[2019-12-09T03:51:07.061+0000][1][safepoint    ] Entering safepoint region: RevokeBias
[2019-12-09T03:51:07.061+0000][1][safepoint    ] Leaving safepoint region
[2019-12-09T03:51:07.061+0000][1][safepoint    ] Total time for which application threads were stopped: 0.0001221 seconds, Stopping threads took: 0.0000205 seconds
[2019-12-09T03:51:07.104+0000][1][safepoint    ] Application time: 0.0423890 seconds
[2019-12-09T03:51:07.143+0000][1][safepoint    ] Entering safepoint region: RevokeBias
[2019-12-09T03:51:07.143+0000][1][safepoint    ] Leaving safepoint region
[2019-12-09T03:51:07.143+0000][1][safepoint    ] Total time for which application threads were stopped: 0.0390961 seconds, Stopping threads took: 0.0389737 seconds
[2019-12-09T03:51:07.148+0000][1][safepoint    ] Application time: 0.0051443 seconds
[2019-12-09T03:51:07.148+0000][1][safepoint    ] Entering safepoint region: RevokeBias
[2019-12-09T03:51:07.148+0000][1][safepoint    ] Leaving safepoint region
[2019-12-09T03:51:07.148+0000][1][safepoint    ] Total time for which application threads were stopped: 0.0001027 seconds, Stopping threads took: 0.0000197 seconds
[2019-12-09T03:51:07.150+0000][1][safepoint    ] Application time: 0.0018007 seconds
[2019-12-09T03:51:07.150+0000][1][safepoint    ] Entering safepoint region: RevokeBias
[2019-12-09T03:51:07.150+0000][1][safepoint    ] Leaving safepoint region
[2019-12-09T03:51:07.150+0000][1][safepoint    ] Total time for which application threads were stopped: 0.0000811 seconds, Stopping threads took: 0.0000161 seconds
[2019-12-09T03:51:07.163+0000][1][safepoint    ] Application time: 0.0134063 seconds
[2019-12-09T03:51:07.164+0000][1][safepoint    ] Entering safepoint region: RevokeBias
[2019-12-09T03:51:07.164+0000][1][safepoint    ] Leaving safepoint region
[2019-12-09T03:51:07.164+0000][1][safepoint    ] Total time for which application threads were stopped: 0.0000752 seconds, Stopping threads took: 0.0000167 seconds
[2019-12-09T03:51:07.243+0000][1][safepoint    ] Application time: 0.0796851 seconds
[2019-12-09T03:51:07.243+0000][1][safepoint    ] Entering safepoint region: RevokeBias
[2019-12-09T03:51:07.243+0000][1][safepoint    ] Leaving safepoint region
[2019-12-09T03:51:07.243+0000][1][safepoint    ] Total time for which application threads were stopped: 0.0001323 seconds, Stopping threads took: 0.0000199 seconds
[2019-12-09T03:51:07.255+0000][1][safepoint    ] Application time: 0.0113044 seconds
[2019-12-09T03:51:07.262+0000][1][safepoint    ] Entering safepoint region: RevokeBias
[2019-12-09T03:51:07.262+0000][1][safepoint    ] Leaving safepoint region
[2019-12-09T03:51:07.262+0000][1][safepoint    ] Total time for which application threads were stopped: 0.0070569 seconds, Stopping threads took: 0.0069464 seconds
[2019-12-09T03:51:07.264+0000][1][safepoint    ] Application time: 0.0019848 seconds
[2019-12-09T03:51:07.264+0000][1][safepoint    ] Entering safepoint region: CollectForMetadataAllocation
[2019-12-09T03:51:07.264+0000][1][safepoint    ] Leaving safepoint region
[2019-12-09T03:51:07.264+0000][1][safepoint    ] Total time for which application threads were stopped: 0.0002576 seconds, Stopping threads took: 0.0000156 seconds
[2019-12-09T03:51:07.273+0000][1][safepoint    ] Application time: 0.0092889 seconds
[2019-12-09T03:51:07.273+0000][1][safepoint    ] Entering safepoint region: RevokeBias
[2019-12-09T03:51:07.274+0000][1][safepoint    ] Leaving safepoint region
[2019-12-09T03:51:07.274+0000][1][safepoint    ] Total time for which application threads were stopped: 0.0000960 seconds, Stopping threads took: 0.0000141 seconds
[2019-12-09T03:51:07.274+0000][1][safepoint    ] Application time: 0.0004371 seconds
[2019-12-09T03:51:07.274+0000][1][safepoint    ] Entering safepoint region: RevokeBias
[2019-12-09T03:51:07.274+0000][1][safepoint    ] Leaving safepoint region
[2019-12-09T03:51:07.274+0000][1][safepoint    ] Total time for which application threads were stopped: 0.0001285 seconds, Stopping threads took: 0.0000555 seconds
[2019-12-09T03:51:07.361+0000][1][safepoint    ] Application time: 0.0866788 seconds
[2019-12-09T03:51:07.361+0000][1][safepoint    ] Entering safepoint region: RevokeBias
[2019-12-09T03:51:07.361+0000][1][safepoint    ] Leaving safepoint region
[2019-12-09T03:51:07.361+0000][1][safepoint    ] Total time for which application threads were stopped: 0.0001208 seconds, Stopping threads took: 0.0000231 seconds
[2019-12-09T03:51:07.377+0000][1][safepoint    ] Application time: 0.0157872 seconds
[2019-12-09T03:51:07.377+0000][1][safepoint    ] Entering safepoint region: RevokeBias
[2019-12-09T03:51:07.377+0000][1][safepoint    ] Leaving safepoint region
[2019-12-09T03:51:07.377+0000][1][safepoint    ] Total time for which application threads were stopped: 0.0001093 seconds, Stopping threads took: 0.0000199 seconds
[2019-12-09T03:51:07.380+0000][1][safepoint    ] Application time: 0.0030759 seconds
[2019-12-09T03:51:07.380+0000][1][safepoint    ] Entering safepoint region: RevokeBias
[2019-12-09T03:51:07.380+0000][1][safepoint    ] Leaving safepoint region
[2019-12-09T03:51:07.380+0000][1][safepoint    ] Total time for which application threads were stopped: 0.0000908 seconds, Stopping threads took: 0.0000171 seconds
[2019-12-09T03:51:07.467+0000][1][safepoint    ] Application time: 0.0864960 seconds
[2019-12-09T03:51:07.467+0000][1][safepoint    ] Entering safepoint region: RevokeBias
[2019-12-09T03:51:07.467+0000][1][safepoint    ] Leaving safepoint region
[2019-12-09T03:51:07.467+0000][1][safepoint    ] Total time for which application threads were stopped: 0.0001334 seconds, Stopping threads took: 0.0000204 seconds
[2019-12-09T03:51:07.467+0000][1][safepoint    ] Application time: 0.0001402 seconds
[2019-12-09T03:51:07.467+0000][1][safepoint    ] Entering safepoint region: RevokeBias
[2019-12-09T03:51:07.467+0000][1][safepoint    ] Leaving safepoint region
[2019-12-09T03:51:07.467+0000][1][safepoint    ] Total time for which application threads were stopped: 0.0000654 seconds, Stopping threads took: 0.0000108 seconds
[2019-12-09T03:51:07.467+0000][1][safepoint    ] Application time: 0.0000527 seconds
[2019-12-09T03:51:07.467+0000][1][safepoint    ] Entering safepoint region: RevokeBias
[2019-12-09T03:51:07.467+0000][1][safepoint    ] Leaving safepoint region
[2019-12-09T03:51:07.467+0000][1][safepoint    ] Total time for which application threads were stopped: 0.0000482 seconds, Stopping threads took: 0.0000086 seconds
[2019-12-09T03:51:07.467+0000][1][safepoint    ] Application time: 0.0000328 seconds
[2019-12-09T03:51:07.467+0000][1][safepoint    ] Entering safepoint region: RevokeBias
[2019-12-09T03:51:07.467+0000][1][safepoint    ] Leaving safepoint region
[2019-12-09T03:51:07.467+0000][1][safepoint    ] Total time for which application threads were stopped: 0.0000456 seconds, Stopping threads took: 0.0000077 seconds
[2019-12-09T03:51:07.467+0000][1][safepoint    ] Application time: 0.0000318 seconds
[2019-12-09T03:51:07.467+0000][1][safepoint    ] Entering safepoint region: RevokeBias
[2019-12-09T03:51:07.467+0000][1][safepoint    ] Leaving safepoint region
[2019-12-09T03:51:07.467+0000][1][safepoint    ] Total time for which application threads were stopped: 0.0000463 seconds, Stopping threads took: 0.0000083 seconds
[2019-12-09T03:51:07.467+0000][1][safepoint    ] Application time: 0.0000307 seconds
[2019-12-09T03:51:07.467+0000][1][safepoint    ] Entering safepoint region: RevokeBias
[2019-12-09T03:51:07.467+0000][1][safepoint    ] Leaving safepoint region
[2019-12-09T03:51:07.467+0000][1][safepoint    ] Total time for which application threads were stopped: 0.0000468 seconds, Stopping threads took: 0.0000082 seconds
[2019-12-09T03:51:07.467+0000][1][safepoint    ] Application time: 0.0000685 seconds
[2019-12-09T03:51:07.467+0000][1][safepoint    ] Entering safepoint region: RevokeBias
[2019-12-09T03:51:07.468+0000][1][safepoint    ] Leaving safepoint region
[2019-12-09T03:51:07.468+0000][1][safepoint    ] Total time for which application threads were stopped: 0.0000466 seconds, Stopping threads took: 0.0000083 seconds
[2019-12-09T03:51:07.485+0000][1][safepoint    ] Application time: 0.0173091 seconds
[2019-12-09T03:51:07.485+0000][1][safepoint    ] Entering safepoint region: RevokeBias
[2019-12-09T03:51:07.485+0000][1][safepoint    ] Leaving safepoint region
[2019-12-09T03:51:07.485+0000][1][safepoint    ] Total time for which application threads were stopped: 0.0000946 seconds, Stopping threads took: 0.0000184 seconds
[2019-12-09T03:51:07.489+0000][1][safepoint    ] Application time: 0.0039503 seconds
[2019-12-09T03:51:07.489+0000][1][safepoint    ] Entering safepoint region: RevokeBias
[2019-12-09T03:51:07.489+0000][1][safepoint    ] Leaving safepoint region
[2019-12-09T03:51:07.489+0000][1][safepoint    ] Total time for which application threads were stopped: 0.0000881 seconds, Stopping threads took: 0.0000171 seconds
[2019-12-09T03:51:07.976+0000][1][safepoint    ] Application time: 0.4866845 seconds
[2019-12-09T03:51:07.976+0000][1][safepoint    ] Entering safepoint region: RevokeBias
[2019-12-09T03:51:07.976+0000][1][safepoint    ] Leaving safepoint region
[2019-12-09T03:51:07.976+0000][1][safepoint    ] Total time for which application threads were stopped: 0.0001470 seconds, Stopping threads took: 0.0000239 seconds
[2019-12-09T03:51:07.977+0000][1][safepoint    ] Application time: 0.0009290 seconds
[2019-12-09T03:51:07.977+0000][1][safepoint    ] Entering safepoint region: RevokeBias
[2019-12-09T03:51:07.977+0000][1][safepoint    ] Leaving safepoint region
[2019-12-09T03:51:07.977+0000][1][safepoint    ] Total time for which application threads were stopped: 0.0001142 seconds, Stopping threads took: 0.0000205 seconds
[2019-12-09T03:51:07.977+0000][1][safepoint    ] Application time: 0.0000594 seconds
[2019-12-09T03:51:07.977+0000][1][safepoint    ] Entering safepoint region: RevokeBias
[2019-12-09T03:51:07.977+0000][1][safepoint    ] Leaving safepoint region
[2019-12-09T03:51:07.977+0000][1][safepoint    ] Total time for which application threads were stopped: 0.0000607 seconds, Stopping threads took: 0.0000100 seconds
[2019-12-09T03:51:08.007+0000][1][safepoint    ] Application time: 0.0296985 seconds
[2019-12-09T03:51:08.007+0000][1][safepoint    ] Entering safepoint region: RevokeBias
[2019-12-09T03:51:08.007+0000][1][safepoint    ] Leaving safepoint region
[2019-12-09T03:51:08.007+0000][1][safepoint    ] Total time for which application threads were stopped: 0.0001349 seconds, Stopping threads took: 0.0000218 seconds
[2019-12-09T03:51:08.074+0000][1][safepoint    ] Application time: 0.0667190 seconds
[2019-12-09T03:51:08.074+0000][1][safepoint    ] Entering safepoint region: RevokeBias
[2019-12-09T03:51:08.074+0000][1][safepoint    ] Leaving safepoint region
[2019-12-09T03:51:08.074+0000][1][safepoint    ] Total time for which application threads were stopped: 0.0001132 seconds, Stopping threads took: 0.0000197 seconds
[2019-12-09T03:51:08.085+0000][1][safepoint    ] Application time: 0.0110491 seconds
[2019-12-09T03:51:08.085+0000][1][safepoint    ] Entering safepoint region: RevokeBias
[2019-12-09T03:51:08.085+0000][1][safepoint    ] Leaving safepoint region
[2019-12-09T03:51:08.085+0000][1][safepoint    ] Total time for which application threads were stopped: 0.0001241 seconds, Stopping threads took: 0.0000212 seconds
[2019-12-09T03:51:08.153+0000][1][safepoint    ] Application time: 0.0676722 seconds
[2019-12-09T03:51:08.153+0000][1][safepoint    ] Entering safepoint region: RevokeBias
[2019-12-09T03:51:08.153+0000][1][safepoint    ] Leaving safepoint region
[2019-12-09T03:51:08.153+0000][1][safepoint    ] Total time for which application threads were stopped: 0.0001319 seconds, Stopping threads took: 0.0000227 seconds
[2019-12-09T03:51:08.171+0000][1][safepoint    ] Application time: 0.0177988 seconds
[2019-12-09T03:51:08.171+0000][1][safepoint    ] Entering safepoint region: RevokeBias
[2019-12-09T03:51:08.171+0000][1][safepoint    ] Leaving safepoint region
[2019-12-09T03:51:08.171+0000][1][safepoint    ] Total time for which application threads were stopped: 0.0001121 seconds, Stopping threads took: 0.0000197 seconds
[2019-12-09T03:51:08.207+0000][1][safepoint    ] Application time: 0.0358238 seconds
[2019-12-09T03:51:08.207+0000][1][safepoint    ] Entering safepoint region: RevokeBias
[2019-12-09T03:51:08.207+0000][1][safepoint    ] Leaving safepoint region
[2019-12-09T03:51:08.207+0000][1][safepoint    ] Total time for which application threads were stopped: 0.0001158 seconds, Stopping threads took: 0.0000217 seconds
[2019-12-09T03:51:09.208+0000][1][safepoint    ] Application time: 1.0008553 seconds
[2019-12-09T03:51:09.208+0000][1][safepoint    ] Entering safepoint region: Cleanup
[2019-12-09T03:51:09.208+0000][1][safepoint    ] Leaving safepoint region
[2019-12-09T03:51:09.208+0000][1][safepoint    ] Total time for which application threads were stopped: 0.0001371 seconds, Stopping threads took: 0.0000286 seconds
[2019-12-09T03:51:10.077+0000][1][gc           ] GC(24) Concurrent Abortable Preclean 5003.311ms
[2019-12-09T03:51:10.077+0000][1][gc,cpu       ] GC(24) User=1.49s Sys=0.03s Real=5.01s
[2019-12-09T03:51:10.077+0000][1][safepoint    ] Application time: 0.8689227 seconds
[2019-12-09T03:51:10.077+0000][1][safepoint    ] Entering safepoint region: CMS_Final_Remark
[2019-12-09T03:51:10.077+0000][1][gc,start     ] GC(24) Pause Remark
[2019-12-09T03:51:10.225+0000][1][gc           ] GC(24) Pause Remark 136M->136M(247M) 148.316ms
[2019-12-09T03:51:10.225+0000][1][gc,cpu       ] GC(24) User=0.07s Sys=0.00s Real=0.15s
[2019-12-09T03:51:10.225+0000][1][safepoint    ] Leaving safepoint region
[2019-12-09T03:51:10.225+0000][1][safepoint    ] Total time for which application threads were stopped: 0.1485281 seconds, Stopping threads took: 0.0000214 seconds
[2019-12-09T03:51:10.226+0000][1][gc           ] GC(24) Concurrent Sweep
[2019-12-09T03:51:10.324+0000][1][gc           ] GC(24) Concurrent Sweep 98.429ms
[2019-12-09T03:51:10.324+0000][1][gc,cpu       ] GC(24) User=0.06s Sys=0.00s Real=0.09s
[2019-12-09T03:51:10.324+0000][1][gc           ] GC(24) Concurrent Reset
[2019-12-09T03:51:10.325+0000][1][gc           ] GC(24) Concurrent Reset 0.315ms
[2019-12-09T03:51:10.325+0000][1][gc,cpu       ] GC(24) User=0.00s Sys=0.00s Real=0.00s
[2019-12-09T03:51:10.325+0000][1][gc,heap      ] GC(24) Old: 64667K->64099K(174784K)
[2019-12-09T03:51:11.228+0000][1][safepoint    ] Application time: 1.0023476 seconds
[2019-12-09T03:51:11.228+0000][1][safepoint    ] Entering safepoint region: Cleanup
[2019-12-09T03:51:11.229+0000][1][safepoint    ] Leaving safepoint region
[2019-12-09T03:51:11.229+0000][1][safepoint    ] Total time for which application threads were stopped: 0.0008803 seconds, Stopping threads took: 0.0000247 seconds
[2019-12-09T03:51:11.803+0000][1][safepoint    ] Application time: 0.5743046 seconds
[2019-12-09T03:51:11.803+0000][1][safepoint    ] Entering safepoint region: RevokeBias
[2019-12-09T03:51:11.803+0000][1][safepoint    ] Leaving safepoint region
[2019-12-09T03:51:11.803+0000][1][safepoint    ] Total time for which application threads were stopped: 0.0001372 seconds, Stopping threads took: 0.0000295 seconds
[2019-12-09T03:51:15.757+0000][1][safepoint    ] Application time: 3.9538210 seconds
[2019-12-09T03:51:15.757+0000][1][safepoint    ] Entering safepoint region: GenCollectForAllocation
[2019-12-09T03:51:15.757+0000][1][gc,start     ] GC(25) Pause Young (Allocation Failure)
[2019-12-09T03:51:15.757+0000][1][gc,task      ] GC(25) Using 2 workers of 2 for evacuation
[2019-12-09T03:51:15.799+0000][1][gc,age       ] GC(25) Desired survivor size 4456448 bytes, new threshold 6 (max threshold 6)
[2019-12-09T03:51:15.799+0000][1][gc,age       ] GC(25) Age table with threshold 6 (max threshold 6)
[2019-12-09T03:51:15.799+0000][1][gc,age       ] GC(25) - age   1:    1957480 bytes,    1957480 total
[2019-12-09T03:51:15.799+0000][1][gc,age       ] GC(25) - age   2:    2131160 bytes,    4088640 total
[2019-12-09T03:51:15.799+0000][1][gc,heap      ] GC(25) ParNew: 78656K->5968K(78656K)
[2019-12-09T03:51:15.799+0000][1][gc,heap      ] GC(25) CMS: 64099K->67663K(174784K)
[2019-12-09T03:51:15.799+0000][1][gc,metaspace ] GC(25) Metaspace: 73000K->73000K(1116160K)
[2019-12-09T03:51:15.799+0000][1][gc           ] GC(25) Pause Young (Allocation Failure) 139M->71M(247M) 41.482ms
[2019-12-09T03:51:15.799+0000][1][gc,cpu       ] GC(25) User=0.04s Sys=0.00s Real=0.04s
[2019-12-09T03:51:15.799+0000][1][safepoint    ] Leaving safepoint region
[2019-12-09T03:51:15.799+0000][1][safepoint    ] Total time for which application threads were stopped: 0.0417136 seconds, Stopping threads took: 0.0000249 seconds
[2019-12-09T03:51:16.802+0000][1][safepoint    ] Application time: 1.0030459 seconds
[2019-12-09T03:51:16.802+0000][1][safepoint    ] Entering safepoint region: Cleanup
[2019-12-09T03:51:16.802+0000][1][safepoint    ] Leaving safepoint region
[2019-12-09T03:51:16.802+0000][1][safepoint    ] Total time for which application threads were stopped: 0.0001231 seconds, Stopping threads took: 0.0000266 seconds
[2019-12-09T03:51:18.804+0000][1][safepoint    ] Application time: 2.0020161 seconds
[2019-12-09T03:51:18.804+0000][1][safepoint    ] Entering safepoint region: Cleanup
[2019-12-09T03:51:18.804+0000][1][safepoint    ] Leaving safepoint region
[2019-12-09T03:51:18.804+0000][1][safepoint    ] Total time for which application threads were stopped: 0.0001268 seconds, Stopping threads took: 0.0000349 seconds
[2019-12-09T03:51:19.805+0000][1][safepoint    ] Application time: 1.0005567 seconds
[2019-12-09T03:51:19.805+0000][1][safepoint    ] Entering safepoint region: Cleanup
[2019-12-09T03:51:19.805+0000][1][safepoint    ] Leaving safepoint region
[2019-12-09T03:51:19.805+0000][1][safepoint    ] Total time for which application threads were stopped: 0.0001421 seconds, Stopping threads took: 0.0000285 seconds
[2019-12-09T03:51:20.805+0000][1][safepoint    ] Application time: 1.0005275 seconds
[2019-12-09T03:51:20.805+0000][1][safepoint    ] Entering safepoint region: Cleanup
[2019-12-09T03:51:20.806+0000][1][safepoint    ] Leaving safepoint region
[2019-12-09T03:51:20.806+0000][1][safepoint    ] Total time for which application threads were stopped: 0.0001133 seconds, Stopping threads took: 0.0000209 seconds
[2019-12-09T03:51:20.879+0000][1][safepoint    ] Application time: 0.0738868 seconds
[2019-12-09T03:51:20.880+0000][1][safepoint    ] Entering safepoint region: RevokeBias
[2019-12-09T03:51:20.880+0000][1][safepoint    ] Leaving safepoint region
[2019-12-09T03:51:20.880+0000][1][safepoint    ] Total time for which application threads were stopped: 0.0001298 seconds, Stopping threads took: 0.0000229 seconds
[2019-12-09T03:51:21.882+0000][1][safepoint    ] Application time: 1.0020556 seconds
[2019-12-09T03:51:21.882+0000][1][safepoint    ] Entering safepoint region: Cleanup
[2019-12-09T03:51:21.882+0000][1][safepoint    ] Leaving safepoint region
[2019-12-09T03:51:21.882+0000][1][safepoint    ] Total time for which application threads were stopped: 0.0001154 seconds, Stopping threads took: 0.0000258 seconds
[2019-12-09T03:51:22.884+0000][1][safepoint    ] Application time: 1.0018406 seconds
[2019-12-09T03:51:22.884+0000][1][safepoint    ] Entering safepoint region: Cleanup
[2019-12-09T03:51:22.884+0000][1][safepoint    ] Leaving safepoint region
[2019-12-09T03:51:22.884+0000][1][safepoint    ] Total time for which application threads were stopped: 0.0001287 seconds, Stopping threads took: 0.0000222 seconds
[2019-12-09T03:51:23.886+0000][1][safepoint    ] Application time: 1.0018407 seconds
[2019-12-09T03:51:23.886+0000][1][safepoint    ] Entering safepoint region: Cleanup
[2019-12-09T03:51:23.886+0000][1][safepoint    ] Leaving safepoint region
[2019-12-09T03:51:23.886+0000][1][safepoint    ] Total time for which application threads were stopped: 0.0001126 seconds, Stopping threads took: 0.0000226 seconds
[2019-12-09T03:51:24.887+0000][1][safepoint    ] Application time: 1.0008772 seconds
[2019-12-09T03:51:24.887+0000][1][safepoint    ] Entering safepoint region: Cleanup
[2019-12-09T03:51:24.887+0000][1][safepoint    ] Leaving safepoint region
[2019-12-09T03:51:24.887+0000][1][safepoint    ] Total time for which application threads were stopped: 0.0001220 seconds, Stopping threads took: 0.0000239 seconds
[2019-12-09T03:51:25.888+0000][1][safepoint    ] Application time: 1.0008228 seconds
[2019-12-09T03:51:25.888+0000][1][safepoint    ] Entering safepoint region: Cleanup
[2019-12-09T03:51:25.888+0000][1][safepoint    ] Leaving safepoint region
[2019-12-09T03:51:25.888+0000][1][safepoint    ] Total time for which application threads were stopped: 0.0001246 seconds, Stopping threads took: 0.0000237 seconds
[2019-12-09T03:51:26.518+0000][1][safepoint    ] Application time: 0.6301084 seconds
[2019-12-09T03:51:26.518+0000][1][safepoint    ] Entering safepoint region: RevokeBias
[2019-12-09T03:51:26.518+0000][1][safepoint    ] Leaving safepoint region
[2019-12-09T03:51:26.518+0000][1][safepoint    ] Total time for which application threads were stopped: 0.0001420 seconds, Stopping threads took: 0.0000294 seconds
[2019-12-09T03:51:26.583+0000][1][safepoint    ] Application time: 0.0643890 seconds
[2019-12-09T03:51:26.583+0000][1][safepoint    ] Entering safepoint region: RevokeBias
[2019-12-09T03:51:26.583+0000][1][safepoint    ] Leaving safepoint region
[2019-12-09T03:51:26.583+0000][1][safepoint    ] Total time for which application threads were stopped: 0.0001490 seconds, Stopping threads took: 0.0000201 seconds
[2019-12-09T03:51:26.585+0000][1][safepoint    ] Application time: 0.0018754 seconds
[2019-12-09T03:51:26.585+0000][1][safepoint    ] Entering safepoint region: RevokeBias
[2019-12-09T03:51:26.585+0000][1][safepoint    ] Leaving safepoint region
[2019-12-09T03:51:26.585+0000][1][safepoint    ] Total time for which application threads were stopped: 0.0001015 seconds, Stopping threads took: 0.0000209 seconds
[2019-12-09T03:51:26.606+0000][1][safepoint    ] Application time: 0.0210747 seconds
[2019-12-09T03:51:26.606+0000][1][safepoint    ] Entering safepoint region: RevokeBias
[2019-12-09T03:51:26.606+0000][1][safepoint    ] Leaving safepoint region
[2019-12-09T03:51:26.606+0000][1][safepoint    ] Total time for which application threads were stopped: 0.0001128 seconds, Stopping threads took: 0.0000189 seconds
[2019-12-09T03:51:26.607+0000][1][safepoint    ] Application time: 0.0006150 seconds
[2019-12-09T03:51:26.607+0000][1][safepoint    ] Entering safepoint region: RevokeBias
[2019-12-09T03:51:26.607+0000][1][safepoint    ] Leaving safepoint region
[2019-12-09T03:51:26.607+0000][1][safepoint    ] Total time for which application threads were stopped: 0.0001039 seconds, Stopping threads took: 0.0000283 seconds
[2019-12-09T03:51:26.641+0000][1][safepoint    ] Application time: 0.0338341 seconds
[2019-12-09T03:51:26.641+0000][1][safepoint    ] Entering safepoint region: RevokeBias
[2019-12-09T03:51:26.641+0000][1][safepoint    ] Leaving safepoint region
[2019-12-09T03:51:26.641+0000][1][safepoint    ] Total time for which application threads were stopped: 0.0001162 seconds, Stopping threads took: 0.0000188 seconds
[2019-12-09T03:51:26.823+0000][1][safepoint    ] Application time: 0.1817650 seconds
[2019-12-09T03:51:26.833+0000][1][safepoint    ] Entering safepoint region: RevokeBias
[2019-12-09T03:51:26.833+0000][1][safepoint    ] Leaving safepoint region
[2019-12-09T03:51:26.833+0000][1][safepoint    ] Total time for which application threads were stopped: 0.0103200 seconds, Stopping threads took: 0.0101728 seconds
[2019-12-09T03:51:26.900+0000][1][safepoint    ] Application time: 0.0668047 seconds
[2019-12-09T03:51:26.900+0000][1][safepoint    ] Entering safepoint region: RevokeBias
[2019-12-09T03:51:26.900+0000][1][safepoint    ] Leaving safepoint region
[2019-12-09T03:51:26.900+0000][1][safepoint    ] Total time for which application threads were stopped: 0.0001998 seconds, Stopping threads took: 0.0000801 seconds
[2019-12-09T03:51:26.900+0000][1][safepoint    ] Application time: 0.0001923 seconds
[2019-12-09T03:51:26.900+0000][1][safepoint    ] Entering safepoint region: RevokeBias
[2019-12-09T03:51:26.900+0000][1][safepoint    ] Leaving safepoint region
[2019-12-09T03:51:26.900+0000][1][safepoint    ] Total time for which application threads were stopped: 0.0000800 seconds, Stopping threads took: 0.0000109 seconds
[2019-12-09T03:51:26.972+0000][1][safepoint    ] Application time: 0.0717744 seconds
[2019-12-09T03:51:26.983+0000][1][safepoint    ] Entering safepoint region: RevokeBias
[2019-12-09T03:51:26.983+0000][1][safepoint    ] Leaving safepoint region
[2019-12-09T03:51:26.983+0000][1][safepoint    ] Total time for which application threads were stopped: 0.0114189 seconds, Stopping threads took: 0.0112965 seconds
[2019-12-09T03:51:27.046+0000][1][safepoint    ] Application time: 0.0623414 seconds
[2019-12-09T03:51:27.046+0000][1][safepoint    ] Entering safepoint region: RevokeBias
[2019-12-09T03:51:27.046+0000][1][safepoint    ] Leaving safepoint region
[2019-12-09T03:51:27.046+0000][1][safepoint    ] Total time for which application threads were stopped: 0.0001875 seconds, Stopping threads took: 0.0000817 seconds
[2019-12-09T03:51:27.047+0000][1][safepoint    ] Application time: 0.0010547 seconds
[2019-12-09T03:51:27.047+0000][1][safepoint    ] Entering safepoint region: RevokeBias
[2019-12-09T03:51:27.047+0000][1][safepoint    ] Leaving safepoint region
[2019-12-09T03:51:27.047+0000][1][safepoint    ] Total time for which application threads were stopped: 0.0001141 seconds, Stopping threads took: 0.0000189 seconds
[2019-12-09T03:51:27.047+0000][1][safepoint    ] Application time: 0.0000661 seconds
[2019-12-09T03:51:27.047+0000][1][safepoint    ] Entering safepoint region: RevokeBias
[2019-12-09T03:51:27.047+0000][1][safepoint    ] Leaving safepoint region
[2019-12-09T03:51:27.047+0000][1][safepoint    ] Total time for which application threads were stopped: 0.0000695 seconds, Stopping threads took: 0.0000107 seconds
[2019-12-09T03:51:27.050+0000][1][safepoint    ] Application time: 0.0021369 seconds
[2019-12-09T03:51:27.050+0000][1][safepoint    ] Entering safepoint region: Deoptimize
[2019-12-09T03:51:27.050+0000][1][safepoint    ] Leaving safepoint region
[2019-12-09T03:51:27.050+0000][1][safepoint    ] Total time for which application threads were stopped: 0.0008736 seconds, Stopping threads took: 0.0000181 seconds
[2019-12-09T03:51:27.131+0000][1][safepoint    ] Application time: 0.0806188 seconds
[2019-12-09T03:51:27.132+0000][1][safepoint    ] Entering safepoint region: Deoptimize
[2019-12-09T03:51:27.133+0000][1][safepoint    ] Leaving safepoint region
[2019-12-09T03:51:27.133+0000][1][safepoint    ] Total time for which application threads were stopped: 0.0014659 seconds, Stopping threads took: 0.0006026 seconds
[2019-12-09T03:51:27.206+0000][1][safepoint    ] Application time: 0.0730498 seconds
[2019-12-09T03:51:27.206+0000][1][safepoint    ] Entering safepoint region: RevokeBias
[2019-12-09T03:51:27.206+0000][1][safepoint    ] Leaving safepoint region
[2019-12-09T03:51:27.206+0000][1][safepoint    ] Total time for which application threads were stopped: 0.0002049 seconds, Stopping threads took: 0.0000911 seconds
[2019-12-09T03:51:27.272+0000][1][safepoint    ] Application time: 0.0657052 seconds
[2019-12-09T03:51:27.278+0000][1][safepoint    ] Entering safepoint region: RevokeBias
[2019-12-09T03:51:27.278+0000][1][safepoint    ] Leaving safepoint region
[2019-12-09T03:51:27.278+0000][1][safepoint    ] Total time for which application threads were stopped: 0.0062639 seconds, Stopping threads took: 0.0061448 seconds
[2019-12-09T03:51:27.300+0000][1][safepoint    ] Application time: 0.0224955 seconds
[2019-12-09T03:51:27.304+0000][1][safepoint    ] Entering safepoint region: RevokeBias
[2019-12-09T03:51:27.304+0000][1][safepoint    ] Leaving safepoint region
[2019-12-09T03:51:27.304+0000][1][safepoint    ] Total time for which application threads were stopped: 0.0035284 seconds, Stopping threads took: 0.0034079 seconds
[2019-12-09T03:51:27.313+0000][1][safepoint    ] Application time: 0.0091991 seconds
[2019-12-09T03:51:27.313+0000][1][safepoint    ] Entering safepoint region: RevokeBias
[2019-12-09T03:51:27.313+0000][1][safepoint    ] Leaving safepoint region
[2019-12-09T03:51:27.313+0000][1][safepoint    ] Total time for which application threads were stopped: 0.0002978 seconds, Stopping threads took: 0.0001920 seconds
[2019-12-09T03:51:27.329+0000][1][safepoint    ] Application time: 0.0160256 seconds
[2019-12-09T03:51:27.331+0000][1][safepoint    ] Entering safepoint region: RevokeBias
[2019-12-09T03:51:27.331+0000][1][safepoint    ] Leaving safepoint region
[2019-12-09T03:51:27.331+0000][1][safepoint    ] Total time for which application threads were stopped: 0.0018376 seconds, Stopping threads took: 0.0017388 seconds
[2019-12-09T03:51:27.349+0000][1][safepoint    ] Application time: 0.0177551 seconds
[2019-12-09T03:51:27.349+0000][1][safepoint    ] Entering safepoint region: RevokeBias
[2019-12-09T03:51:27.349+0000][1][safepoint    ] Leaving safepoint region
[2019-12-09T03:51:27.349+0000][1][safepoint    ] Total time for which application threads were stopped: 0.0001162 seconds, Stopping threads took: 0.0000154 seconds
[2019-12-09T03:51:27.379+0000][1][safepoint    ] Application time: 0.0300589 seconds
[2019-12-09T03:51:27.379+0000][1][safepoint    ] Entering safepoint region: RevokeBias
[2019-12-09T03:51:27.379+0000][1][safepoint    ] Leaving safepoint region
[2019-12-09T03:51:27.379+0000][1][safepoint    ] Total time for which application threads were stopped: 0.0001218 seconds, Stopping threads took: 0.0000176 seconds
[2019-12-09T03:51:27.403+0000][1][safepoint    ] Application time: 0.0237038 seconds
[2019-12-09T03:51:27.403+0000][1][safepoint    ] Entering safepoint region: RevokeBias
[2019-12-09T03:51:27.403+0000][1][safepoint    ] Leaving safepoint region
[2019-12-09T03:51:27.403+0000][1][safepoint    ] Total time for which application threads were stopped: 0.0001229 seconds, Stopping threads took: 0.0000184 seconds
[2019-12-09T03:51:27.403+0000][1][safepoint    ] Application time: 0.0001436 seconds
[2019-12-09T03:51:27.403+0000][1][safepoint    ] Entering safepoint region: RevokeBias
[2019-12-09T03:51:27.404+0000][1][safepoint    ] Leaving safepoint region
[2019-12-09T03:51:27.404+0000][1][safepoint    ] Total time for which application threads were stopped: 0.0000835 seconds, Stopping threads took: 0.0000107 seconds
[2019-12-09T03:51:27.404+0000][1][safepoint    ] Application time: 0.0004313 seconds
[2019-12-09T03:51:27.404+0000][1][safepoint    ] Entering safepoint region: RevokeBias
[2019-12-09T03:51:27.404+0000][1][safepoint    ] Leaving safepoint region
[2019-12-09T03:51:27.404+0000][1][safepoint    ] Total time for which application threads were stopped: 0.0000901 seconds, Stopping threads took: 0.0000148 seconds
[2019-12-09T03:51:27.405+0000][1][safepoint    ] Application time: 0.0010334 seconds
[2019-12-09T03:51:27.405+0000][1][safepoint    ] Entering safepoint region: RevokeBias
[2019-12-09T03:51:27.405+0000][1][safepoint    ] Leaving safepoint region
[2019-12-09T03:51:27.405+0000][1][safepoint    ] Total time for which application threads were stopped: 0.0000905 seconds, Stopping threads took: 0.0000156 seconds
[2019-12-09T03:51:27.894+0000][1][safepoint    ] Application time: 0.4884379 seconds
[2019-12-09T03:51:27.894+0000][1][safepoint    ] Entering safepoint region: RevokeBias
[2019-12-09T03:51:27.894+0000][1][safepoint    ] Leaving safepoint region
[2019-12-09T03:51:27.894+0000][1][safepoint    ] Total time for which application threads were stopped: 0.0001397 seconds, Stopping threads took: 0.0000202 seconds
[2019-12-09T03:51:27.894+0000][1][safepoint    ] Application time: 0.0001774 seconds
[2019-12-09T03:51:27.894+0000][1][safepoint    ] Entering safepoint region: RevokeBias
[2019-12-09T03:51:27.894+0000][1][safepoint    ] Leaving safepoint region
[2019-12-09T03:51:27.894+0000][1][safepoint    ] Total time for which application threads were stopped: 0.0000745 seconds, Stopping threads took: 0.0000106 seconds
[2019-12-09T03:51:27.900+0000][1][safepoint    ] Application time: 0.0060395 seconds
[2019-12-09T03:51:27.900+0000][1][safepoint    ] Entering safepoint region: RevokeBias
[2019-12-09T03:51:27.900+0000][1][safepoint    ] Leaving safepoint region
[2019-12-09T03:51:27.900+0000][1][safepoint    ] Total time for which application threads were stopped: 0.0000996 seconds, Stopping threads took: 0.0000177 seconds
[2019-12-09T03:51:27.946+0000][1][safepoint    ] Application time: 0.0454523 seconds
[2019-12-09T03:51:27.946+0000][1][safepoint    ] Entering safepoint region: RevokeBias
[2019-12-09T03:51:27.946+0000][1][safepoint    ] Leaving safepoint region
[2019-12-09T03:51:27.946+0000][1][safepoint    ] Total time for which application threads were stopped: 0.0003409 seconds, Stopping threads took: 0.0002392 seconds
[2019-12-09T03:51:27.948+0000][1][safepoint    ] Application time: 0.0015462 seconds
[2019-12-09T03:51:27.948+0000][1][safepoint    ] Entering safepoint region: RevokeBias
[2019-12-09T03:51:27.948+0000][1][safepoint    ] Leaving safepoint region
[2019-12-09T03:51:27.948+0000][1][safepoint    ] Total time for which application threads were stopped: 0.0001162 seconds, Stopping threads took: 0.0000303 seconds
[2019-12-09T03:51:27.949+0000][1][safepoint    ] Application time: 0.0009596 seconds
[2019-12-09T03:51:27.949+0000][1][safepoint    ] Entering safepoint region: RevokeBias
[2019-12-09T03:51:27.949+0000][1][safepoint    ] Leaving safepoint region
[2019-12-09T03:51:27.949+0000][1][safepoint    ] Total time for which application threads were stopped: 0.0001010 seconds, Stopping threads took: 0.0000241 seconds
[2019-12-09T03:51:27.949+0000][1][safepoint    ] Application time: 0.0003469 seconds
[2019-12-09T03:51:27.949+0000][1][safepoint    ] Entering safepoint region: RevokeBias
[2019-12-09T03:51:27.949+0000][1][safepoint    ] Leaving safepoint region
[2019-12-09T03:51:27.949+0000][1][safepoint    ] Total time for which application threads were stopped: 0.0000898 seconds, Stopping threads took: 0.0000136 seconds
[2019-12-09T03:51:27.950+0000][1][safepoint    ] Application time: 0.0000813 seconds
[2019-12-09T03:51:27.950+0000][1][safepoint    ] Entering safepoint region: RevokeBias
[2019-12-09T03:51:27.950+0000][1][safepoint    ] Leaving safepoint region
[2019-12-09T03:51:27.950+0000][1][safepoint    ] Total time for which application threads were stopped: 0.0000731 seconds, Stopping threads took: 0.0000104 seconds
[2019-12-09T03:51:27.952+0000][1][safepoint    ] Application time: 0.0028212 seconds
[2019-12-09T03:51:27.952+0000][1][safepoint    ] Entering safepoint region: RevokeBias
[2019-12-09T03:51:27.953+0000][1][safepoint    ] Leaving safepoint region
[2019-12-09T03:51:27.953+0000][1][safepoint    ] Total time for which application threads were stopped: 0.0000889 seconds, Stopping threads took: 0.0000150 seconds
[2019-12-09T03:51:27.961+0000][1][safepoint    ] Application time: 0.0085134 seconds
[2019-12-09T03:51:27.982+0000][1][safepoint    ] Entering safepoint region: RevokeBias
[2019-12-09T03:51:27.982+0000][1][safepoint    ] Leaving safepoint region
[2019-12-09T03:51:27.982+0000][1][safepoint    ] Total time for which application threads were stopped: 0.0208442 seconds, Stopping threads took: 0.0207109 seconds
[2019-12-09T03:51:27.988+0000][1][safepoint    ] Application time: 0.0057647 seconds
[2019-12-09T03:51:28.027+0000][1][safepoint    ] Entering safepoint region: RevokeBias
[2019-12-09T03:51:28.027+0000][1][safepoint    ] Leaving safepoint region
[2019-12-09T03:51:28.027+0000][1][safepoint    ] Total time for which application threads were stopped: 0.0391738 seconds, Stopping threads took: 0.0390307 seconds
[2019-12-09T03:51:28.031+0000][1][safepoint    ] Application time: 0.0039476 seconds
[2019-12-09T03:51:28.031+0000][1][safepoint    ] Entering safepoint region: RevokeBias
[2019-12-09T03:51:28.031+0000][1][safepoint    ] Leaving safepoint region
[2019-12-09T03:51:28.031+0000][1][safepoint    ] Total time for which application threads were stopped: 0.0001263 seconds, Stopping threads took: 0.0000183 seconds
[2019-12-09T03:51:28.040+0000][1][safepoint    ] Application time: 0.0088234 seconds
[2019-12-09T03:51:28.056+0000][1][safepoint    ] Entering safepoint region: RevokeBias
[2019-12-09T03:51:28.056+0000][1][safepoint    ] Leaving safepoint region
[2019-12-09T03:51:28.056+0000][1][safepoint    ] Total time for which application threads were stopped: 0.0160081 seconds, Stopping threads took: 0.0159014 seconds
[2019-12-09T03:51:28.093+0000][1][safepoint    ] Application time: 0.0368268 seconds
[2019-12-09T03:51:28.093+0000][1][safepoint    ] Entering safepoint region: RevokeBias
[2019-12-09T03:51:28.093+0000][1][safepoint    ] Leaving safepoint region
[2019-12-09T03:51:28.093+0000][1][safepoint    ] Total time for which application threads were stopped: 0.0001436 seconds, Stopping threads took: 0.0000317 seconds
[2019-12-09T03:51:28.100+0000][1][safepoint    ] Application time: 0.0067292 seconds
[2019-12-09T03:51:28.100+0000][1][safepoint    ] Entering safepoint region: RevokeBias
[2019-12-09T03:51:28.100+0000][1][safepoint    ] Leaving safepoint region
[2019-12-09T03:51:28.100+0000][1][safepoint    ] Total time for which application threads were stopped: 0.0001280 seconds, Stopping threads took: 0.0000180 seconds
[2019-12-09T03:51:28.103+0000][1][safepoint    ] Application time: 0.0034085 seconds
[2019-12-09T03:51:28.103+0000][1][safepoint    ] Entering safepoint region: RevokeBias
[2019-12-09T03:51:28.103+0000][1][safepoint    ] Leaving safepoint region
[2019-12-09T03:51:28.103+0000][1][safepoint    ] Total time for which application threads were stopped: 0.0001146 seconds, Stopping threads took: 0.0000169 seconds
[2019-12-09T03:51:28.110+0000][1][safepoint    ] Application time: 0.0071659 seconds
[2019-12-09T03:51:28.111+0000][1][safepoint    ] Entering safepoint region: RevokeBias
[2019-12-09T03:51:28.111+0000][1][safepoint    ] Leaving safepoint region
[2019-12-09T03:51:28.111+0000][1][safepoint    ] Total time for which application threads were stopped: 0.0000991 seconds, Stopping threads took: 0.0000163 seconds
[2019-12-09T03:51:28.128+0000][1][safepoint    ] Application time: 0.0178322 seconds
[2019-12-09T03:51:28.128+0000][1][safepoint    ] Entering safepoint region: RevokeBias
[2019-12-09T03:51:28.129+0000][1][safepoint    ] Leaving safepoint region
[2019-12-09T03:51:28.129+0000][1][safepoint    ] Total time for which application threads were stopped: 0.0001244 seconds, Stopping threads took: 0.0000219 seconds
[2019-12-09T03:51:28.129+0000][1][safepoint    ] Application time: 0.0002109 seconds
[2019-12-09T03:51:28.129+0000][1][safepoint    ] Entering safepoint region: RevokeBias
[2019-12-09T03:51:28.129+0000][1][safepoint    ] Leaving safepoint region
[2019-12-09T03:51:28.129+0000][1][safepoint    ] Total time for which application threads were stopped: 0.0000937 seconds, Stopping threads took: 0.0000146 seconds
[2019-12-09T03:51:28.138+0000][1][safepoint    ] Application time: 0.0090734 seconds
[2019-12-09T03:51:28.138+0000][1][safepoint    ] Entering safepoint region: RevokeBias
[2019-12-09T03:51:28.138+0000][1][safepoint    ] Leaving safepoint region
[2019-12-09T03:51:28.138+0000][1][safepoint    ] Total time for which application threads were stopped: 0.0000957 seconds, Stopping threads took: 0.0000155 seconds
[2019-12-09T03:51:28.139+0000][1][safepoint    ] Application time: 0.0005757 seconds
[2019-12-09T03:51:28.139+0000][1][safepoint    ] Entering safepoint region: RevokeBias
[2019-12-09T03:51:28.139+0000][1][safepoint    ] Leaving safepoint region
[2019-12-09T03:51:28.139+0000][1][safepoint    ] Total time for which application threads were stopped: 0.0000860 seconds, Stopping threads took: 0.0000144 seconds
[2019-12-09T03:51:28.139+0000][1][safepoint    ] Application time: 0.0000546 seconds
[2019-12-09T03:51:28.139+0000][1][safepoint    ] Entering safepoint region: RevokeBias
[2019-12-09T03:51:28.139+0000][1][safepoint    ] Leaving safepoint region
[2019-12-09T03:51:28.139+0000][1][safepoint    ] Total time for which application threads were stopped: 0.0000625 seconds, Stopping threads took: 0.0000085 seconds
[2019-12-09T03:51:28.139+0000][1][safepoint    ] Application time: 0.0003316 seconds
[2019-12-09T03:51:28.139+0000][1][safepoint    ] Entering safepoint region: RevokeBias
[2019-12-09T03:51:28.139+0000][1][safepoint    ] Leaving safepoint region
[2019-12-09T03:51:28.139+0000][1][safepoint    ] Total time for which application threads were stopped: 0.0000817 seconds, Stopping threads took: 0.0000140 seconds
[2019-12-09T03:51:28.155+0000][1][safepoint    ] Application time: 0.0154890 seconds
[2019-12-09T03:51:28.155+0000][1][safepoint    ] Entering safepoint region: RevokeBias
[2019-12-09T03:51:28.155+0000][1][safepoint    ] Leaving safepoint region
[2019-12-09T03:51:28.155+0000][1][safepoint    ] Total time for which application threads were stopped: 0.0001331 seconds, Stopping threads took: 0.0000550 seconds
[2019-12-09T03:51:28.162+0000][1][safepoint    ] Application time: 0.0066337 seconds
[2019-12-09T03:51:28.162+0000][1][safepoint    ] Entering safepoint region: BulkRevokeBias
[2019-12-09T03:51:28.162+0000][1][safepoint    ] Leaving safepoint region
[2019-12-09T03:51:28.162+0000][1][safepoint    ] Total time for which application threads were stopped: 0.0005190 seconds, Stopping threads took: 0.0000738 seconds
[2019-12-09T03:51:28.171+0000][1][safepoint    ] Application time: 0.0083480 seconds
[2019-12-09T03:51:28.171+0000][1][safepoint    ] Entering safepoint region: RevokeBias
[2019-12-09T03:51:28.171+0000][1][safepoint    ] Leaving safepoint region
[2019-12-09T03:51:28.171+0000][1][safepoint    ] Total time for which application threads were stopped: 0.0001440 seconds, Stopping threads took: 0.0000746 seconds
[2019-12-09T03:51:28.194+0000][1][safepoint    ] Application time: 0.0227508 seconds
[2019-12-09T03:51:28.194+0000][1][safepoint    ] Entering safepoint region: RevokeBias
[2019-12-09T03:51:28.194+0000][1][safepoint    ] Leaving safepoint region
[2019-12-09T03:51:28.194+0000][1][safepoint    ] Total time for which application threads were stopped: 0.0009170 seconds, Stopping threads took: 0.0008156 seconds
[2019-12-09T03:51:28.211+0000][1][safepoint    ] Application time: 0.0164402 seconds
[2019-12-09T03:51:28.242+0000][1][safepoint    ] Entering safepoint region: GenCollectForAllocation
[2019-12-09T03:51:28.243+0000][1][gc,start     ] GC(26) Pause Young (Allocation Failure)
[2019-12-09T03:51:28.243+0000][1][gc,task      ] GC(26) Using 2 workers of 2 for evacuation
[2019-12-09T03:51:28.298+0000][1][gc,age       ] GC(26) Desired survivor size 4456448 bytes, new threshold 2 (max threshold 6)
[2019-12-09T03:51:28.298+0000][1][gc,age       ] GC(26) Age table with threshold 2 (max threshold 6)
[2019-12-09T03:51:28.298+0000][1][gc,age       ] GC(26) - age   1:    4170048 bytes,    4170048 total
[2019-12-09T03:51:28.298+0000][1][gc,age       ] GC(26) - age   2:    1866880 bytes,    6036928 total
[2019-12-09T03:51:28.298+0000][1][gc,age       ] GC(26) - age   3:    2129264 bytes,    8166192 total
[2019-12-09T03:51:28.298+0000][1][gc,heap      ] GC(26) ParNew: 75687K->8704K(78656K)
[2019-12-09T03:51:28.298+0000][1][gc,heap      ] GC(26) CMS: 67663K->67663K(174784K)
[2019-12-09T03:51:28.298+0000][1][gc,metaspace ] GC(26) Metaspace: 76498K->76498K(1118208K)
[2019-12-09T03:51:28.298+0000][1][gc           ] GC(26) Pause Young (Allocation Failure) 139M->74M(247M) 55.857ms
[2019-12-09T03:51:28.298+0000][1][gc,cpu       ] GC(26) User=0.03s Sys=0.00s Real=0.06s
[2019-12-09T03:51:28.298+0000][1][safepoint    ] Leaving safepoint region
[2019-12-09T03:51:28.298+0000][1][safepoint    ] Total time for which application threads were stopped: 0.0875058 seconds, Stopping threads took: 0.0314331 seconds
[2019-12-09T03:51:28.325+0000][1][safepoint    ] Application time: 0.0260784 seconds
[2019-12-09T03:51:28.325+0000][1][safepoint    ] Entering safepoint region: RevokeBias
[2019-12-09T03:51:28.325+0000][1][safepoint    ] Leaving safepoint region
[2019-12-09T03:51:28.325+0000][1][safepoint    ] Total time for which application threads were stopped: 0.0001680 seconds, Stopping threads took: 0.0000220 seconds
[2019-12-09T03:51:28.385+0000][1][safepoint    ] Application time: 0.0604265 seconds
[2019-12-09T03:51:28.385+0000][1][safepoint    ] Entering safepoint region: RevokeBias
[2019-12-09T03:51:28.385+0000][1][safepoint    ] Leaving safepoint region
[2019-12-09T03:51:28.385+0000][1][safepoint    ] Total time for which application threads were stopped: 0.0001518 seconds, Stopping threads took: 0.0000223 seconds
[2019-12-09T03:51:28.513+0000][1][safepoint    ] Application time: 0.1274591 seconds
[2019-12-09T03:51:28.513+0000][1][safepoint    ] Entering safepoint region: RevokeBias
[2019-12-09T03:51:28.513+0000][1][safepoint    ] Leaving safepoint region
[2019-12-09T03:51:28.513+0000][1][safepoint    ] Total time for which application threads were stopped: 0.0001541 seconds, Stopping threads took: 0.0000249 seconds
[2019-12-09T03:51:28.561+0000][1][safepoint    ] Application time: 0.0478030 seconds
[2019-12-09T03:51:28.561+0000][1][safepoint    ] Entering safepoint region: RevokeBias
[2019-12-09T03:51:28.561+0000][1][safepoint    ] Leaving safepoint region
[2019-12-09T03:51:28.561+0000][1][safepoint    ] Total time for which application threads were stopped: 0.0001426 seconds, Stopping threads took: 0.0000242 seconds
[2019-12-09T03:51:28.565+0000][1][safepoint    ] Application time: 0.0038523 seconds
[2019-12-09T03:51:28.565+0000][1][safepoint    ] Entering safepoint region: RevokeBias
[2019-12-09T03:51:28.565+0000][1][safepoint    ] Leaving safepoint region
[2019-12-09T03:51:28.565+0000][1][safepoint    ] Total time for which application threads were stopped: 0.0001273 seconds, Stopping threads took: 0.0000218 seconds
[2019-12-09T03:51:28.565+0000][1][safepoint    ] Application time: 0.0000728 seconds
[2019-12-09T03:51:28.565+0000][1][safepoint    ] Entering safepoint region: RevokeBias
[2019-12-09T03:51:28.565+0000][1][safepoint    ] Leaving safepoint region
[2019-12-09T03:51:28.565+0000][1][safepoint    ] Total time for which application threads were stopped: 0.0000815 seconds, Stopping threads took: 0.0000119 seconds
[2019-12-09T03:51:28.565+0000][1][safepoint    ] Application time: 0.0000623 seconds
[2019-12-09T03:51:28.565+0000][1][safepoint    ] Entering safepoint region: RevokeBias
[2019-12-09T03:51:28.565+0000][1][safepoint    ] Leaving safepoint region
[2019-12-09T03:51:28.565+0000][1][safepoint    ] Total time for which application threads were stopped: 0.0000744 seconds, Stopping threads took: 0.0000105 seconds
[2019-12-09T03:51:28.569+0000][1][safepoint    ] Application time: 0.0032835 seconds
[2019-12-09T03:51:28.569+0000][1][safepoint    ] Entering safepoint region: RevokeBias
[2019-12-09T03:51:28.569+0000][1][safepoint    ] Leaving safepoint region
[2019-12-09T03:51:28.569+0000][1][safepoint    ] Total time for which application threads were stopped: 0.0001393 seconds, Stopping threads took: 0.0000635 seconds
[2019-12-09T03:51:28.571+0000][1][safepoint    ] Application time: 0.0017181 seconds
[2019-12-09T03:51:28.571+0000][1][safepoint    ] Entering safepoint region: RevokeBias
[2019-12-09T03:51:28.571+0000][1][safepoint    ] Leaving safepoint region
[2019-12-09T03:51:28.571+0000][1][safepoint    ] Total time for which application threads were stopped: 0.0000931 seconds, Stopping threads took: 0.0000153 seconds
[2019-12-09T03:51:29.031+0000][1][safepoint    ] Application time: 0.4602001 seconds
[2019-12-09T03:51:29.031+0000][1][safepoint    ] Entering safepoint region: RevokeBias
[2019-12-09T03:51:29.031+0000][1][safepoint    ] Leaving safepoint region
[2019-12-09T03:51:29.031+0000][1][safepoint    ] Total time for which application threads were stopped: 0.0001687 seconds, Stopping threads took: 0.0000281 seconds
[2019-12-09T03:51:29.033+0000][1][safepoint    ] Application time: 0.0019289 seconds
[2019-12-09T03:51:29.046+0000][1][safepoint    ] Entering safepoint region: RevokeBias
[2019-12-09T03:51:29.046+0000][1][safepoint    ] Leaving safepoint region
[2019-12-09T03:51:29.046+0000][1][safepoint    ] Total time for which application threads were stopped: 0.0130013 seconds, Stopping threads took: 0.0128705 seconds
[2019-12-09T03:51:29.048+0000][1][safepoint    ] Application time: 0.0018327 seconds
[2019-12-09T03:51:29.048+0000][1][safepoint    ] Entering safepoint region: RevokeBias
[2019-12-09T03:51:29.048+0000][1][safepoint    ] Leaving safepoint region
[2019-12-09T03:51:29.048+0000][1][safepoint    ] Total time for which application threads were stopped: 0.0001179 seconds, Stopping threads took: 0.0000175 seconds
[2019-12-09T03:51:29.367+0000][1][safepoint    ] Application time: 0.3187054 seconds
[2019-12-09T03:51:29.367+0000][1][safepoint    ] Entering safepoint region: RevokeBias
[2019-12-09T03:51:29.367+0000][1][safepoint    ] Leaving safepoint region
[2019-12-09T03:51:29.367+0000][1][safepoint    ] Total time for which application threads were stopped: 0.0001423 seconds, Stopping threads took: 0.0000234 seconds
[2019-12-09T03:51:29.370+0000][1][safepoint    ] Application time: 0.0026629 seconds
[2019-12-09T03:51:29.370+0000][1][safepoint    ] Entering safepoint region: RevokeBias
[2019-12-09T03:51:29.370+0000][1][safepoint    ] Leaving safepoint region
[2019-12-09T03:51:29.370+0000][1][safepoint    ] Total time for which application threads were stopped: 0.0001304 seconds, Stopping threads took: 0.0000200 seconds
[2019-12-09T03:51:29.370+0000][1][safepoint    ] Application time: 0.0004126 seconds
[2019-12-09T03:51:29.370+0000][1][safepoint    ] Entering safepoint region: RevokeBias
[2019-12-09T03:51:29.370+0000][1][safepoint    ] Leaving safepoint region
[2019-12-09T03:51:29.370+0000][1][safepoint    ] Total time for which application threads were stopped: 0.0001148 seconds, Stopping threads took: 0.0000196 seconds
[2019-12-09T03:51:29.371+0000][1][safepoint    ] Application time: 0.0007072 seconds
[2019-12-09T03:51:29.371+0000][1][safepoint    ] Entering safepoint region: RevokeBias
[2019-12-09T03:51:29.371+0000][1][safepoint    ] Leaving safepoint region
[2019-12-09T03:51:29.371+0000][1][safepoint    ] Total time for which application threads were stopped: 0.0000907 seconds, Stopping threads took: 0.0000156 seconds
[2019-12-09T03:51:29.371+0000][1][safepoint    ] Application time: 0.0000824 seconds
[2019-12-09T03:51:29.371+0000][1][safepoint    ] Entering safepoint region: RevokeBias
[2019-12-09T03:51:29.371+0000][1][safepoint    ] Leaving safepoint region
[2019-12-09T03:51:29.371+0000][1][safepoint    ] Total time for which application threads were stopped: 0.0000754 seconds, Stopping threads took: 0.0000112 seconds
[2019-12-09T03:51:29.372+0000][1][safepoint    ] Application time: 0.0002953 seconds
[2019-12-09T03:51:29.372+0000][1][safepoint    ] Entering safepoint region: RevokeBias
[2019-12-09T03:51:29.372+0000][1][safepoint    ] Leaving safepoint region
[2019-12-09T03:51:29.372+0000][1][safepoint    ] Total time for which application threads were stopped: 0.0001102 seconds, Stopping threads took: 0.0000131 seconds
[2019-12-09T03:51:29.372+0000][1][safepoint    ] Application time: 0.0004843 seconds
[2019-12-09T03:51:29.372+0000][1][safepoint    ] Entering safepoint region: RevokeBias
[2019-12-09T03:51:29.372+0000][1][safepoint    ] Leaving safepoint region
[2019-12-09T03:51:29.372+0000][1][safepoint    ] Total time for which application threads were stopped: 0.0000911 seconds, Stopping threads took: 0.0000147 seconds
[2019-12-09T03:51:29.374+0000][1][safepoint    ] Application time: 0.0013200 seconds
[2019-12-09T03:51:29.374+0000][1][safepoint    ] Entering safepoint region: RevokeBias
[2019-12-09T03:51:29.374+0000][1][safepoint    ] Leaving safepoint region
[2019-12-09T03:51:29.374+0000][1][safepoint    ] Total time for which application threads were stopped: 0.0001124 seconds, Stopping threads took: 0.0000161 seconds
[2019-12-09T03:51:29.375+0000][1][safepoint    ] Application time: 0.0011371 seconds
[2019-12-09T03:51:29.375+0000][1][safepoint    ] Entering safepoint region: RevokeBias
[2019-12-09T03:51:29.375+0000][1][safepoint    ] Leaving safepoint region
[2019-12-09T03:51:29.375+0000][1][safepoint    ] Total time for which application threads were stopped: 0.0000897 seconds, Stopping threads took: 0.0000140 seconds
[2019-12-09T03:51:30.208+0000][1][safepoint    ] Application time: 0.8330019 seconds
[2019-12-09T03:51:30.208+0000][1][safepoint    ] Entering safepoint region: RevokeBias
[2019-12-09T03:51:30.208+0000][1][safepoint    ] Leaving safepoint region
[2019-12-09T03:51:30.208+0000][1][safepoint    ] Total time for which application threads were stopped: 0.0001728 seconds, Stopping threads took: 0.0000219 seconds
[2019-12-09T03:51:30.355+0000][1][safepoint    ] Application time: 0.1467087 seconds
[2019-12-09T03:51:30.355+0000][1][safepoint    ] Entering safepoint region: RevokeBias
[2019-12-09T03:51:30.355+0000][1][safepoint    ] Leaving safepoint region
[2019-12-09T03:51:30.355+0000][1][safepoint    ] Total time for which application threads were stopped: 0.0001579 seconds, Stopping threads took: 0.0000253 seconds
[2019-12-09T03:51:30.355+0000][1][safepoint    ] Application time: 0.0001209 seconds
[2019-12-09T03:51:30.355+0000][1][safepoint    ] Entering safepoint region: RevokeBias
[2019-12-09T03:51:30.355+0000][1][safepoint    ] Leaving safepoint region
[2019-12-09T03:51:30.355+0000][1][safepoint    ] Total time for which application threads were stopped: 0.0000745 seconds, Stopping threads took: 0.0000191 seconds
[2019-12-09T03:51:30.356+0000][1][safepoint    ] Application time: 0.0008820 seconds
[2019-12-09T03:51:30.356+0000][1][safepoint    ] Entering safepoint region: RevokeBias
[2019-12-09T03:51:30.356+0000][1][safepoint    ] Leaving safepoint region
[2019-12-09T03:51:30.356+0000][1][safepoint    ] Total time for which application threads were stopped: 0.0001131 seconds, Stopping threads took: 0.0000181 seconds
[2019-12-09T03:51:30.359+0000][1][safepoint    ] Application time: 0.0024591 seconds
[2019-12-09T03:51:30.359+0000][1][safepoint    ] Entering safepoint region: RevokeBias
[2019-12-09T03:51:30.359+0000][1][safepoint    ] Leaving safepoint region
[2019-12-09T03:51:30.359+0000][1][safepoint    ] Total time for which application threads were stopped: 0.0000950 seconds, Stopping threads took: 0.0000152 seconds
[2019-12-09T03:51:30.359+0000][1][safepoint    ] Application time: 0.0002372 seconds
[2019-12-09T03:51:30.359+0000][1][safepoint    ] Entering safepoint region: RevokeBias
[2019-12-09T03:51:30.359+0000][1][safepoint    ] Leaving safepoint region
[2019-12-09T03:51:30.359+0000][1][safepoint    ] Total time for which application threads were stopped: 0.0000859 seconds, Stopping threads took: 0.0000129 seconds
[2019-12-09T03:51:30.359+0000][1][safepoint    ] Application time: 0.0001563 seconds
[2019-12-09T03:51:30.360+0000][1][safepoint    ] Entering safepoint region: RevokeBias
[2019-12-09T03:51:30.360+0000][1][safepoint    ] Leaving safepoint region
[2019-12-09T03:51:30.360+0000][1][safepoint    ] Total time for which application threads were stopped: 0.0000901 seconds, Stopping threads took: 0.0000128 seconds
[2019-12-09T03:51:30.360+0000][1][safepoint    ] Application time: 0.0001117 seconds
[2019-12-09T03:51:30.360+0000][1][safepoint    ] Entering safepoint region: RevokeBias
[2019-12-09T03:51:30.360+0000][1][safepoint    ] Leaving safepoint region
[2019-12-09T03:51:30.360+0000][1][safepoint    ] Total time for which application threads were stopped: 0.0000856 seconds, Stopping threads took: 0.0000121 seconds
[2019-12-09T03:51:30.376+0000][1][safepoint    ] Application time: 0.0164348 seconds
[2019-12-09T03:51:30.376+0000][1][safepoint    ] Entering safepoint region: RevokeBias
[2019-12-09T03:51:30.376+0000][1][safepoint    ] Leaving safepoint region
[2019-12-09T03:51:30.376+0000][1][safepoint    ] Total time for which application threads were stopped: 0.0000921 seconds, Stopping threads took: 0.0000144 seconds
[2019-12-09T03:51:30.383+0000][1][safepoint    ] Application time: 0.0065124 seconds
[2019-12-09T03:51:30.383+0000][1][safepoint    ] Entering safepoint region: RevokeBias
[2019-12-09T03:51:30.383+0000][1][safepoint    ] Leaving safepoint region
[2019-12-09T03:51:30.383+0000][1][safepoint    ] Total time for which application threads were stopped: 0.0000987 seconds, Stopping threads took: 0.0000157 seconds
[2019-12-09T03:51:30.410+0000][1][safepoint    ] Application time: 0.0266780 seconds
[2019-12-09T03:51:30.410+0000][1][safepoint    ] Entering safepoint region: RevokeBias
[2019-12-09T03:51:30.410+0000][1][safepoint    ] Leaving safepoint region
[2019-12-09T03:51:30.410+0000][1][safepoint    ] Total time for which application threads were stopped: 0.0001285 seconds, Stopping threads took: 0.0000483 seconds
[2019-12-09T03:51:30.431+0000][1][safepoint    ] Application time: 0.0212921 seconds
[2019-12-09T03:51:30.431+0000][1][safepoint    ] Entering safepoint region: RevokeBias
[2019-12-09T03:51:30.431+0000][1][safepoint    ] Leaving safepoint region
[2019-12-09T03:51:30.431+0000][1][safepoint    ] Total time for which application threads were stopped: 0.0001137 seconds, Stopping threads took: 0.0000171 seconds
[2019-12-09T03:51:30.441+0000][1][safepoint    ] Application time: 0.0098112 seconds
[2019-12-09T03:51:30.445+0000][1][safepoint    ] Entering safepoint region: RevokeBias
[2019-12-09T03:51:30.445+0000][1][safepoint    ] Leaving safepoint region
[2019-12-09T03:51:30.445+0000][1][safepoint    ] Total time for which application threads were stopped: 0.0043354 seconds, Stopping threads took: 0.0042395 seconds
[2019-12-09T03:51:30.457+0000][1][safepoint    ] Application time: 0.0113657 seconds
[2019-12-09T03:51:30.474+0000][1][safepoint    ] Entering safepoint region: RevokeBias
[2019-12-09T03:51:30.474+0000][1][safepoint    ] Leaving safepoint region
[2019-12-09T03:51:30.474+0000][1][safepoint    ] Total time for which application threads were stopped: 0.0169747 seconds, Stopping threads took: 0.0168846 seconds
[2019-12-09T03:51:30.474+0000][1][safepoint    ] Application time: 0.0001239 seconds
[2019-12-09T03:51:30.474+0000][1][safepoint    ] Entering safepoint region: RevokeBias
[2019-12-09T03:51:30.474+0000][1][safepoint    ] Leaving safepoint region
[2019-12-09T03:51:30.474+0000][1][safepoint    ] Total time for which application threads were stopped: 0.0000648 seconds, Stopping threads took: 0.0000099 seconds
[2019-12-09T03:51:30.561+0000][1][safepoint    ] Application time: 0.0874089 seconds
[2019-12-09T03:51:30.562+0000][1][safepoint    ] Entering safepoint region: RevokeBias
[2019-12-09T03:51:30.562+0000][1][safepoint    ] Leaving safepoint region
[2019-12-09T03:51:30.562+0000][1][safepoint    ] Total time for which application threads were stopped: 0.0001633 seconds, Stopping threads took: 0.0000260 seconds
[2019-12-09T03:51:30.562+0000][1][safepoint    ] Application time: 0.0001327 seconds
[2019-12-09T03:51:30.562+0000][1][safepoint    ] Entering safepoint region: RevokeBias
[2019-12-09T03:51:30.562+0000][1][safepoint    ] Leaving safepoint region
[2019-12-09T03:51:30.562+0000][1][safepoint    ] Total time for which application threads were stopped: 0.0001153 seconds, Stopping threads took: 0.0000159 seconds
[2019-12-09T03:51:30.562+0000][1][safepoint    ] Application time: 0.0001581 seconds
[2019-12-09T03:51:30.562+0000][1][safepoint    ] Entering safepoint region: RevokeBias
[2019-12-09T03:51:30.562+0000][1][safepoint    ] Leaving safepoint region
[2019-12-09T03:51:30.562+0000][1][safepoint    ] Total time for which application threads were stopped: 0.0000938 seconds, Stopping threads took: 0.0000135 seconds
[2019-12-09T03:51:30.578+0000][1][safepoint    ] Application time: 0.0158425 seconds
[2019-12-09T03:51:30.578+0000][1][safepoint    ] Entering safepoint region: RevokeBias
[2019-12-09T03:51:30.578+0000][1][safepoint    ] Leaving safepoint region
[2019-12-09T03:51:30.578+0000][1][safepoint    ] Total time for which application threads were stopped: 0.0002095 seconds, Stopping threads took: 0.0000907 seconds
[2019-12-09T03:51:30.648+0000][1][safepoint    ] Application time: 0.0693464 seconds
[2019-12-09T03:51:30.648+0000][1][safepoint    ] Entering safepoint region: RevokeBias
[2019-12-09T03:51:30.648+0000][1][safepoint    ] Leaving safepoint region
[2019-12-09T03:51:30.648+0000][1][safepoint    ] Total time for which application threads were stopped: 0.0001656 seconds, Stopping threads took: 0.0000277 seconds
[2019-12-09T03:51:30.657+0000][1][safepoint    ] Application time: 0.0089997 seconds
[2019-12-09T03:51:30.657+0000][1][safepoint    ] Entering safepoint region: RevokeBias
[2019-12-09T03:51:30.657+0000][1][safepoint    ] Leaving safepoint region
[2019-12-09T03:51:30.657+0000][1][safepoint    ] Total time for which application threads were stopped: 0.0001295 seconds, Stopping threads took: 0.0000209 seconds
[2019-12-09T03:51:30.660+0000][1][safepoint    ] Application time: 0.0031975 seconds
[2019-12-09T03:51:30.660+0000][1][safepoint    ] Entering safepoint region: RevokeBias
[2019-12-09T03:51:30.660+0000][1][safepoint    ] Leaving safepoint region
[2019-12-09T03:51:30.660+0000][1][safepoint    ] Total time for which application threads were stopped: 0.0001252 seconds, Stopping threads took: 0.0000199 seconds
[2019-12-09T03:51:30.663+0000][1][safepoint    ] Application time: 0.0023944 seconds
[2019-12-09T03:51:30.663+0000][1][safepoint    ] Entering safepoint region: RevokeBias
[2019-12-09T03:51:30.663+0000][1][safepoint    ] Leaving safepoint region
[2019-12-09T03:51:30.663+0000][1][safepoint    ] Total time for which application threads were stopped: 0.0000993 seconds, Stopping threads took: 0.0000172 seconds
[2019-12-09T03:51:30.919+0000][1][safepoint    ] Application time: 0.2562553 seconds
[2019-12-09T03:51:30.919+0000][1][safepoint    ] Entering safepoint region: RevokeBias
[2019-12-09T03:51:30.919+0000][1][safepoint    ] Leaving safepoint region
[2019-12-09T03:51:30.919+0000][1][safepoint    ] Total time for which application threads were stopped: 0.0001738 seconds, Stopping threads took: 0.0000238 seconds
[2019-12-09T03:51:31.048+0000][1][safepoint    ] Application time: 0.1287261 seconds
[2019-12-09T03:51:31.048+0000][1][safepoint    ] Entering safepoint region: RevokeBias
[2019-12-09T03:51:31.048+0000][1][safepoint    ] Leaving safepoint region
[2019-12-09T03:51:31.048+0000][1][safepoint    ] Total time for which application threads were stopped: 0.0001460 seconds, Stopping threads took: 0.0000221 seconds
[2019-12-09T03:51:31.320+0000][1][safepoint    ] Application time: 0.2715018 seconds
[2019-12-09T03:51:31.320+0000][1][safepoint    ] Entering safepoint region: RevokeBias
[2019-12-09T03:51:31.320+0000][1][safepoint    ] Leaving safepoint region
[2019-12-09T03:51:31.320+0000][1][safepoint    ] Total time for which application threads were stopped: 0.0001502 seconds, Stopping threads took: 0.0000214 seconds
[2019-12-09T03:51:31.320+0000][1][safepoint    ] Application time: 0.0000786 seconds
[2019-12-09T03:51:31.320+0000][1][safepoint    ] Entering safepoint region: RevokeBias
[2019-12-09T03:51:31.320+0000][1][safepoint    ] Leaving safepoint region
[2019-12-09T03:51:31.320+0000][1][safepoint    ] Total time for which application threads were stopped: 0.0000643 seconds, Stopping threads took: 0.0000085 seconds
[2019-12-09T03:51:31.320+0000][1][safepoint    ] Application time: 0.0000600 seconds
[2019-12-09T03:51:31.320+0000][1][safepoint    ] Entering safepoint region: RevokeBias
[2019-12-09T03:51:31.320+0000][1][safepoint    ] Leaving safepoint region
[2019-12-09T03:51:31.320+0000][1][safepoint    ] Total time for which application threads were stopped: 0.0000566 seconds, Stopping threads took: 0.0000079 seconds
[2019-12-09T03:51:31.320+0000][1][safepoint    ] Application time: 0.0000588 seconds
[2019-12-09T03:51:31.320+0000][1][safepoint    ] Entering safepoint region: RevokeBias
[2019-12-09T03:51:31.320+0000][1][safepoint    ] Leaving safepoint region
[2019-12-09T03:51:31.320+0000][1][safepoint    ] Total time for which application threads were stopped: 0.0000566 seconds, Stopping threads took: 0.0000077 seconds
[2019-12-09T03:51:31.325+0000][1][safepoint    ] Application time: 0.0049056 seconds
[2019-12-09T03:51:31.325+0000][1][safepoint    ] Entering safepoint region: RevokeBias
[2019-12-09T03:51:31.325+0000][1][safepoint    ] Leaving safepoint region
[2019-12-09T03:51:31.325+0000][1][safepoint    ] Total time for which application threads were stopped: 0.0001231 seconds, Stopping threads took: 0.0000197 seconds
[2019-12-09T03:51:31.363+0000][1][safepoint    ] Application time: 0.0371267 seconds
[2019-12-09T03:51:31.363+0000][1][safepoint    ] Entering safepoint region: RevokeBias
[2019-12-09T03:51:31.363+0000][1][safepoint    ] Leaving safepoint region
[2019-12-09T03:51:31.363+0000][1][safepoint    ] Total time for which application threads were stopped: 0.0003034 seconds, Stopping threads took: 0.0001915 seconds
[2019-12-09T03:51:31.363+0000][1][safepoint    ] Application time: 0.0000628 seconds
[2019-12-09T03:51:31.363+0000][1][safepoint    ] Entering safepoint region: BulkRevokeBias
[2019-12-09T03:51:31.364+0000][1][safepoint    ] Leaving safepoint region
[2019-12-09T03:51:31.364+0000][1][safepoint    ] Total time for which application threads were stopped: 0.0005365 seconds, Stopping threads took: 0.0000088 seconds
[2019-12-09T03:51:31.381+0000][1][safepoint    ] Application time: 0.0174217 seconds
[2019-12-09T03:51:31.381+0000][1][safepoint    ] Entering safepoint region: RevokeBias
[2019-12-09T03:51:31.381+0000][1][safepoint    ] Leaving safepoint region
[2019-12-09T03:51:31.381+0000][1][safepoint    ] Total time for which application threads were stopped: 0.0003088 seconds, Stopping threads took: 0.0001153 seconds
[2019-12-09T03:51:31.446+0000][1][safepoint    ] Application time: 0.0643989 seconds
[2019-12-09T03:51:31.458+0000][1][safepoint    ] Entering safepoint region: RevokeBias
[2019-12-09T03:51:31.458+0000][1][safepoint    ] Leaving safepoint region
[2019-12-09T03:51:31.458+0000][1][safepoint    ] Total time for which application threads were stopped: 0.0121693 seconds, Stopping threads took: 0.0120118 seconds
[2019-12-09T03:51:32.459+0000][1][safepoint    ] Application time: 1.0007915 seconds
[2019-12-09T03:51:32.459+0000][1][safepoint    ] Entering safepoint region: Cleanup
[2019-12-09T03:51:32.459+0000][1][safepoint    ] Leaving safepoint region
[2019-12-09T03:51:32.459+0000][1][safepoint    ] Total time for which application threads were stopped: 0.0001706 seconds, Stopping threads took: 0.0000269 seconds
[2019-12-09T03:51:32.834+0000][1][safepoint    ] Application time: 0.3749956 seconds
[2019-12-09T03:51:32.834+0000][1][safepoint    ] Entering safepoint region: RevokeBias
[2019-12-09T03:51:32.834+0000][1][safepoint    ] Leaving safepoint region
[2019-12-09T03:51:32.834+0000][1][safepoint    ] Total time for which application threads were stopped: 0.0001717 seconds, Stopping threads took: 0.0000275 seconds
[2019-12-09T03:51:33.301+0000][1][safepoint    ] Application time: 0.4667351 seconds
[2019-12-09T03:51:33.301+0000][1][safepoint    ] Entering safepoint region: RevokeBias
[2019-12-09T03:51:33.301+0000][1][safepoint    ] Leaving safepoint region
[2019-12-09T03:51:33.301+0000][1][safepoint    ] Total time for which application threads were stopped: 0.0002951 seconds, Stopping threads took: 0.0001103 seconds
[2019-12-09T03:51:33.475+0000][1][safepoint    ] Application time: 0.1734954 seconds
[2019-12-09T03:51:33.475+0000][1][safepoint    ] Entering safepoint region: GenCollectForAllocation
[2019-12-09T03:51:33.475+0000][1][gc,start     ] GC(27) Pause Young (Allocation Failure)
[2019-12-09T03:51:33.475+0000][1][gc,task      ] GC(27) Using 2 workers of 2 for evacuation
[2019-12-09T03:51:33.503+0000][1][gc,age       ] GC(27) Desired survivor size 4456448 bytes, new threshold 6 (max threshold 6)
[2019-12-09T03:51:33.503+0000][1][gc,age       ] GC(27) Age table with threshold 6 (max threshold 6)
[2019-12-09T03:51:33.503+0000][1][gc,age       ] GC(27) - age   1:     605512 bytes,     605512 total
[2019-12-09T03:51:33.503+0000][1][gc,age       ] GC(27) - age   2:    2903504 bytes,    3509016 total
[2019-12-09T03:51:33.503+0000][1][gc,heap      ] GC(27) ParNew: 78656K->8206K(78656K)
[2019-12-09T03:51:33.503+0000][1][gc,heap      ] GC(27) CMS: 67663K->71630K(174784K)
[2019-12-09T03:51:33.503+0000][1][gc,metaspace ] GC(27) Metaspace: 77292K->77292K(1120256K)
[2019-12-09T03:51:33.503+0000][1][gc           ] GC(27) Pause Young (Allocation Failure) 142M->77M(247M) 28.098ms
[2019-12-09T03:51:33.503+0000][1][gc,cpu       ] GC(27) User=0.04s Sys=0.00s Real=0.02s
[2019-12-09T03:51:33.503+0000][1][safepoint    ] Leaving safepoint region
[2019-12-09T03:51:33.503+0000][1][safepoint    ] Total time for which application threads were stopped: 0.0283509 seconds, Stopping threads took: 0.0000266 seconds
[2019-12-09T03:51:33.525+0000][1][safepoint    ] Application time: 0.0220732 seconds
[2019-12-09T03:51:33.525+0000][1][safepoint    ] Entering safepoint region: RevokeBias
[2019-12-09T03:51:33.525+0000][1][safepoint    ] Leaving safepoint region
[2019-12-09T03:51:33.525+0000][1][safepoint    ] Total time for which application threads were stopped: 0.0001566 seconds, Stopping threads took: 0.0000225 seconds
[2019-12-09T03:51:33.721+0000][1][safepoint    ] Application time: 0.1957991 seconds
[2019-12-09T03:51:33.721+0000][1][safepoint    ] Entering safepoint region: RevokeBias
[2019-12-09T03:51:33.721+0000][1][safepoint    ] Leaving safepoint region
[2019-12-09T03:51:33.721+0000][1][safepoint    ] Total time for which application threads were stopped: 0.0001699 seconds, Stopping threads took: 0.0000245 seconds
[2019-12-09T03:51:33.763+0000][1][safepoint    ] Application time: 0.0418315 seconds
[2019-12-09T03:51:33.763+0000][1][safepoint    ] Entering safepoint region: RevokeBias
[2019-12-09T03:51:33.763+0000][1][safepoint    ] Leaving safepoint region
[2019-12-09T03:51:33.763+0000][1][safepoint    ] Total time for which application threads were stopped: 0.0001699 seconds, Stopping threads took: 0.0000278 seconds
[2019-12-09T03:51:33.766+0000][1][safepoint    ] Application time: 0.0021606 seconds
[2019-12-09T03:51:33.779+0000][1][safepoint    ] Entering safepoint region: RevokeBias
[2019-12-09T03:51:33.779+0000][1][safepoint    ] Leaving safepoint region
[2019-12-09T03:51:33.779+0000][1][safepoint    ] Total time for which application threads were stopped: 0.0132661 seconds, Stopping threads took: 0.0131352 seconds
[2019-12-09T03:51:34.009+0000][1][safepoint    ] Application time: 0.2299505 seconds
[2019-12-09T03:51:34.009+0000][1][safepoint    ] Entering safepoint region: RevokeBias
[2019-12-09T03:51:34.009+0000][1][safepoint    ] Leaving safepoint region
[2019-12-09T03:51:34.009+0000][1][safepoint    ] Total time for which application threads were stopped: 0.0001873 seconds, Stopping threads took: 0.0000257 seconds
[2019-12-09T03:51:34.055+0000][1][safepoint    ] Application time: 0.0463184 seconds
[2019-12-09T03:51:34.055+0000][1][safepoint    ] Entering safepoint region: RevokeBias
[2019-12-09T03:51:34.056+0000][1][safepoint    ] Leaving safepoint region
[2019-12-09T03:51:34.056+0000][1][safepoint    ] Total time for which application threads were stopped: 0.0001465 seconds, Stopping threads took: 0.0000238 seconds
[2019-12-09T03:51:35.056+0000][1][safepoint    ] Application time: 1.0000887 seconds
[2019-12-09T03:51:35.056+0000][1][safepoint    ] Entering safepoint region: Cleanup
[2019-12-09T03:51:35.056+0000][1][safepoint    ] Leaving safepoint region
[2019-12-09T03:51:35.056+0000][1][safepoint    ] Total time for which application threads were stopped: 0.0001550 seconds, Stopping threads took: 0.0000380 seconds
[2019-12-09T03:51:36.056+0000][1][safepoint    ] Application time: 1.0000686 seconds
[2019-12-09T03:51:36.056+0000][1][safepoint    ] Entering safepoint region: Cleanup
[2019-12-09T03:51:36.056+0000][1][safepoint    ] Leaving safepoint region
[2019-12-09T03:51:36.056+0000][1][safepoint    ] Total time for which application threads were stopped: 0.0001559 seconds, Stopping threads took: 0.0000284 seconds
[2019-12-09T03:51:36.248+0000][1][safepoint    ] Application time: 0.1915391 seconds
[2019-12-09T03:51:36.248+0000][1][safepoint    ] Entering safepoint region: RevokeBias
[2019-12-09T03:51:36.248+0000][1][safepoint    ] Leaving safepoint region
[2019-12-09T03:51:36.248+0000][1][safepoint    ] Total time for which application threads were stopped: 0.0001868 seconds, Stopping threads took: 0.0000268 seconds
[2019-12-09T03:51:37.248+0000][1][safepoint    ] Application time: 1.0000999 seconds
[2019-12-09T03:51:37.248+0000][1][safepoint    ] Entering safepoint region: Cleanup
[2019-12-09T03:51:37.248+0000][1][safepoint    ] Leaving safepoint region
[2019-12-09T03:51:37.248+0000][1][safepoint    ] Total time for which application threads were stopped: 0.0001471 seconds, Stopping threads took: 0.0000284 seconds
[2019-12-09T03:51:38.248+0000][1][safepoint    ] Application time: 1.0000783 seconds
[2019-12-09T03:51:38.248+0000][1][safepoint    ] Entering safepoint region: Cleanup
[2019-12-09T03:51:38.248+0000][1][safepoint    ] Leaving safepoint region
[2019-12-09T03:51:38.248+0000][1][safepoint    ] Total time for which application threads were stopped: 0.0001032 seconds, Stopping threads took: 0.0000202 seconds
[2019-12-09T03:51:39.249+0000][1][safepoint    ] Application time: 1.0000754 seconds
[2019-12-09T03:51:39.249+0000][1][safepoint    ] Entering safepoint region: Cleanup
[2019-12-09T03:51:39.249+0000][1][safepoint    ] Leaving safepoint region
[2019-12-09T03:51:39.249+0000][1][safepoint    ] Total time for which application threads were stopped: 0.0001299 seconds, Stopping threads took: 0.0000196 seconds
[2019-12-09T03:51:40.249+0000][1][safepoint    ] Application time: 1.0000767 seconds
[2019-12-09T03:51:40.249+0000][1][safepoint    ] Entering safepoint region: Cleanup
[2019-12-09T03:51:40.249+0000][1][safepoint    ] Leaving safepoint region
[2019-12-09T03:51:40.249+0000][1][safepoint    ] Total time for which application threads were stopped: 0.0001069 seconds, Stopping threads took: 0.0000193 seconds
[2019-12-09T03:51:41.249+0000][1][safepoint    ] Application time: 1.0000777 seconds
[2019-12-09T03:51:41.249+0000][1][safepoint    ] Entering safepoint region: Cleanup
[2019-12-09T03:51:41.249+0000][1][safepoint    ] Leaving safepoint region
[2019-12-09T03:51:41.249+0000][1][safepoint    ] Total time for which application threads were stopped: 0.0001028 seconds, Stopping threads took: 0.0000205 seconds
[2019-12-09T03:51:42.249+0000][1][safepoint    ] Application time: 1.0000801 seconds
[2019-12-09T03:51:42.249+0000][1][safepoint    ] Entering safepoint region: Cleanup
[2019-12-09T03:51:42.249+0000][1][safepoint    ] Leaving safepoint region
[2019-12-09T03:51:42.249+0000][1][safepoint    ] Total time for which application threads were stopped: 0.0001100 seconds, Stopping threads took: 0.0000201 seconds
[2019-12-09T03:51:43.249+0000][1][safepoint    ] Application time: 1.0000786 seconds
[2019-12-09T03:51:43.250+0000][1][safepoint    ] Entering safepoint region: Cleanup
[2019-12-09T03:51:43.250+0000][1][safepoint    ] Leaving safepoint region
[2019-12-09T03:51:43.250+0000][1][safepoint    ] Total time for which application threads were stopped: 0.0001141 seconds, Stopping threads took: 0.0000198 seconds
[2019-12-09T03:51:44.250+0000][1][safepoint    ] Application time: 1.0000797 seconds
[2019-12-09T03:51:44.250+0000][1][safepoint    ] Entering safepoint region: Cleanup
[2019-12-09T03:51:44.250+0000][1][safepoint    ] Leaving safepoint region
[2019-12-09T03:51:44.250+0000][1][safepoint    ] Total time for which application threads were stopped: 0.0001154 seconds, Stopping threads took: 0.0000211 seconds
[2019-12-09T03:51:44.999+0000][1][safepoint    ] Application time: 0.7493178 seconds
[2019-12-09T03:51:44.999+0000][1][safepoint    ] Entering safepoint region: RevokeBias
[2019-12-09T03:51:44.999+0000][1][safepoint    ] Leaving safepoint region
[2019-12-09T03:51:44.999+0000][1][safepoint    ] Total time for which application threads were stopped: 0.0001687 seconds, Stopping threads took: 0.0000246 seconds
[2019-12-09T03:51:45.026+0000][1][safepoint    ] Application time: 0.0264107 seconds
[2019-12-09T03:51:45.026+0000][1][safepoint    ] Entering safepoint region: RevokeBias
[2019-12-09T03:51:45.026+0000][1][safepoint    ] Leaving safepoint region
[2019-12-09T03:51:45.026+0000][1][safepoint    ] Total time for which application threads were stopped: 0.0001414 seconds, Stopping threads took: 0.0000238 seconds
[2019-12-09T03:51:46.026+0000][1][safepoint    ] Application time: 1.0000919 seconds
[2019-12-09T03:51:46.026+0000][1][safepoint    ] Entering safepoint region: Cleanup
[2019-12-09T03:51:46.026+0000][1][safepoint    ] Leaving safepoint region
[2019-12-09T03:51:46.026+0000][1][safepoint    ] Total time for which application threads were stopped: 0.0001134 seconds, Stopping threads took: 0.0000212 seconds
[2019-12-09T03:51:47.026+0000][1][safepoint    ] Application time: 1.0000943 seconds
[2019-12-09T03:51:47.026+0000][1][safepoint    ] Entering safepoint region: Cleanup
[2019-12-09T03:51:47.027+0000][1][safepoint    ] Leaving safepoint region
[2019-12-09T03:51:47.027+0000][1][safepoint    ] Total time for which application threads were stopped: 0.0001525 seconds, Stopping threads took: 0.0000302 seconds
[2019-12-09T03:51:48.027+0000][1][safepoint    ] Application time: 1.0000826 seconds
[2019-12-09T03:51:48.027+0000][1][safepoint    ] Entering safepoint region: Cleanup
[2019-12-09T03:51:48.027+0000][1][safepoint    ] Leaving safepoint region
[2019-12-09T03:51:48.027+0000][1][safepoint    ] Total time for which application threads were stopped: 0.0001149 seconds, Stopping threads took: 0.0000240 seconds
[2019-12-09T03:51:49.027+0000][1][safepoint    ] Application time: 1.0000795 seconds
[2019-12-09T03:51:49.027+0000][1][safepoint    ] Entering safepoint region: Cleanup
[2019-12-09T03:51:49.027+0000][1][safepoint    ] Leaving safepoint region
[2019-12-09T03:51:49.027+0000][1][safepoint    ] Total time for which application threads were stopped: 0.0001119 seconds, Stopping threads took: 0.0000183 seconds
[2019-12-09T03:51:50.027+0000][1][safepoint    ] Application time: 1.0000836 seconds
[2019-12-09T03:51:50.027+0000][1][safepoint    ] Entering safepoint region: Cleanup
[2019-12-09T03:51:50.027+0000][1][safepoint    ] Leaving safepoint region
[2019-12-09T03:51:50.027+0000][1][safepoint    ] Total time for which application threads were stopped: 0.0001448 seconds, Stopping threads took: 0.0000285 seconds
[2019-12-09T03:51:50.238+0000][1][safepoint    ] Application time: 0.2109414 seconds
[2019-12-09T03:51:50.238+0000][1][safepoint    ] Entering safepoint region: RevokeBias
[2019-12-09T03:51:50.238+0000][1][safepoint    ] Leaving safepoint region
[2019-12-09T03:51:50.238+0000][1][safepoint    ] Total time for which application threads were stopped: 0.0001620 seconds, Stopping threads took: 0.0000659 seconds
[2019-12-09T03:51:50.240+0000][1][safepoint    ] Application time: 0.0016313 seconds
[2019-12-09T03:51:50.240+0000][1][safepoint    ] Entering safepoint region: RevokeBias
[2019-12-09T03:51:50.240+0000][1][safepoint    ] Leaving safepoint region
[2019-12-09T03:51:50.240+0000][1][safepoint    ] Total time for which application threads were stopped: 0.0001410 seconds, Stopping threads took: 0.0000587 seconds
[2019-12-09T03:51:50.355+0000][1][safepoint    ] Application time: 0.1152332 seconds
[2019-12-09T03:51:50.356+0000][1][safepoint    ] Entering safepoint region: RevokeBias
[2019-12-09T03:51:50.356+0000][1][safepoint    ] Leaving safepoint region
[2019-12-09T03:51:50.356+0000][1][safepoint    ] Total time for which application threads were stopped: 0.0001238 seconds, Stopping threads took: 0.0000179 seconds
[2019-12-09T03:51:50.356+0000][1][safepoint    ] Application time: 0.0000674 seconds
[2019-12-09T03:51:50.356+0000][1][safepoint    ] Entering safepoint region: RevokeBias
[2019-12-09T03:51:50.356+0000][1][safepoint    ] Leaving safepoint region
[2019-12-09T03:51:50.356+0000][1][safepoint    ] Total time for which application threads were stopped: 0.0000610 seconds, Stopping threads took: 0.0000081 seconds
[2019-12-09T03:51:51.356+0000][1][safepoint    ] Application time: 1.0000832 seconds
[2019-12-09T03:51:51.356+0000][1][safepoint    ] Entering safepoint region: Cleanup
[2019-12-09T03:51:51.356+0000][1][safepoint    ] Leaving safepoint region
[2019-12-09T03:51:51.356+0000][1][safepoint    ] Total time for which application threads were stopped: 0.0001092 seconds, Stopping threads took: 0.0000180 seconds
[2019-12-09T03:51:52.356+0000][1][safepoint    ] Application time: 1.0000794 seconds
[2019-12-09T03:51:52.356+0000][1][safepoint    ] Entering safepoint region: Cleanup
[2019-12-09T03:51:52.356+0000][1][safepoint    ] Leaving safepoint region
[2019-12-09T03:51:52.356+0000][1][safepoint    ] Total time for which application threads were stopped: 0.0001076 seconds, Stopping threads took: 0.0000194 seconds
[2019-12-09T03:51:53.357+0000][1][safepoint    ] Application time: 1.0004590 seconds
[2019-12-09T03:51:53.357+0000][1][safepoint    ] Entering safepoint region: Cleanup
[2019-12-09T03:51:53.357+0000][1][safepoint    ] Leaving safepoint region
[2019-12-09T03:51:53.357+0000][1][safepoint    ] Total time for which application threads were stopped: 0.0001391 seconds, Stopping threads took: 0.0000275 seconds
[2019-12-09T03:51:54.357+0000][1][safepoint    ] Application time: 1.0000784 seconds
[2019-12-09T03:51:54.357+0000][1][safepoint    ] Entering safepoint region: Cleanup
[2019-12-09T03:51:54.357+0000][1][safepoint    ] Leaving safepoint region
[2019-12-09T03:51:54.357+0000][1][safepoint    ] Total time for which application threads were stopped: 0.0000952 seconds, Stopping threads took: 0.0000178 seconds
[2019-12-09T03:51:55.357+0000][1][safepoint    ] Application time: 1.0000764 seconds
[2019-12-09T03:51:55.357+0000][1][safepoint    ] Entering safepoint region: Cleanup
[2019-12-09T03:51:55.357+0000][1][safepoint    ] Leaving safepoint region
[2019-12-09T03:51:55.357+0000][1][safepoint    ] Total time for which application threads were stopped: 0.0001056 seconds, Stopping threads took: 0.0000199 seconds
[2019-12-09T03:51:56.357+0000][1][safepoint    ] Application time: 1.0000790 seconds
[2019-12-09T03:51:56.357+0000][1][safepoint    ] Entering safepoint region: Cleanup
[2019-12-09T03:51:56.358+0000][1][safepoint    ] Leaving safepoint region
[2019-12-09T03:51:56.358+0000][1][safepoint    ] Total time for which application threads were stopped: 0.0001025 seconds, Stopping threads took: 0.0000202 seconds
[2019-12-09T03:51:57.358+0000][1][safepoint    ] Application time: 1.0000788 seconds
[2019-12-09T03:51:57.358+0000][1][safepoint    ] Entering safepoint region: Cleanup
[2019-12-09T03:51:57.358+0000][1][safepoint    ] Leaving safepoint region
[2019-12-09T03:51:57.358+0000][1][safepoint    ] Total time for which application threads were stopped: 0.0001064 seconds, Stopping threads took: 0.0000206 seconds
[2019-12-09T03:51:58.358+0000][1][safepoint    ] Application time: 1.0000783 seconds
[2019-12-09T03:51:58.358+0000][1][safepoint    ] Entering safepoint region: Cleanup
[2019-12-09T03:51:58.358+0000][1][safepoint    ] Leaving safepoint region
[2019-12-09T03:51:58.358+0000][1][safepoint    ] Total time for which application threads were stopped: 0.0001103 seconds, Stopping threads took: 0.0000221 seconds
[2019-12-09T03:51:59.358+0000][1][safepoint    ] Application time: 1.0000788 seconds
[2019-12-09T03:51:59.358+0000][1][safepoint    ] Entering safepoint region: Cleanup
[2019-12-09T03:51:59.358+0000][1][safepoint    ] Leaving safepoint region
[2019-12-09T03:51:59.358+0000][1][safepoint    ] Total time for which application threads were stopped: 0.0000884 seconds, Stopping threads took: 0.0000174 seconds
[2019-12-09T03:52:00.360+0000][1][safepoint    ] Application time: 1.0014543 seconds
[2019-12-09T03:52:00.360+0000][1][safepoint    ] Entering safepoint region: Cleanup
[2019-12-09T03:52:00.360+0000][1][safepoint    ] Leaving safepoint region
[2019-12-09T03:52:00.360+0000][1][safepoint    ] Total time for which application threads were stopped: 0.0001631 seconds, Stopping threads took: 0.0000315 seconds
[2019-12-09T03:52:00.767+0000][1][safepoint    ] Application time: 0.4073800 seconds
[2019-12-09T03:52:00.767+0000][1][safepoint    ] Entering safepoint region: RevokeBias
[2019-12-09T03:52:00.767+0000][1][safepoint    ] Leaving safepoint region
[2019-12-09T03:52:00.767+0000][1][safepoint    ] Total time for which application threads were stopped: 0.0001535 seconds, Stopping threads took: 0.0000239 seconds
[2019-12-09T03:52:01.771+0000][1][safepoint    ] Application time: 1.0039542 seconds
[2019-12-09T03:52:01.771+0000][1][safepoint    ] Entering safepoint region: Cleanup
[2019-12-09T03:52:01.772+0000][1][safepoint    ] Leaving safepoint region
[2019-12-09T03:52:01.772+0000][1][safepoint    ] Total time for which application threads were stopped: 0.0001539 seconds, Stopping threads took: 0.0000260 seconds
[2019-12-09T03:52:02.772+0000][1][safepoint    ] Application time: 1.0001984 seconds
[2019-12-09T03:52:02.772+0000][1][safepoint    ] Entering safepoint region: Cleanup
[2019-12-09T03:52:02.772+0000][1][safepoint    ] Leaving safepoint region
[2019-12-09T03:52:02.772+0000][1][safepoint    ] Total time for which application threads were stopped: 0.0001426 seconds, Stopping threads took: 0.0000276 seconds
[2019-12-09T03:52:03.774+0000][1][safepoint    ] Application time: 1.0020190 seconds
[2019-12-09T03:52:03.774+0000][1][safepoint    ] Entering safepoint region: Cleanup
[2019-12-09T03:52:03.774+0000][1][safepoint    ] Leaving safepoint region
[2019-12-09T03:52:03.774+0000][1][safepoint    ] Total time for which application threads were stopped: 0.0001281 seconds, Stopping threads took: 0.0000270 seconds
[2019-12-09T03:52:04.776+0000][1][safepoint    ] Application time: 1.0020350 seconds
[2019-12-09T03:52:04.776+0000][1][safepoint    ] Entering safepoint region: Cleanup
[2019-12-09T03:52:04.776+0000][1][safepoint    ] Leaving safepoint region
[2019-12-09T03:52:04.776+0000][1][safepoint    ] Total time for which application threads were stopped: 0.0001513 seconds, Stopping threads took: 0.0000339 seconds
[2019-12-09T03:52:05.777+0000][1][safepoint    ] Application time: 1.0009161 seconds
[2019-12-09T03:52:05.777+0000][1][safepoint    ] Entering safepoint region: Cleanup
[2019-12-09T03:52:05.778+0000][1][safepoint    ] Leaving safepoint region
[2019-12-09T03:52:05.778+0000][1][safepoint    ] Total time for which application threads were stopped: 0.0001358 seconds, Stopping threads took: 0.0000272 seconds
[2019-12-09T03:52:06.780+0000][1][safepoint    ] Application time: 1.0021662 seconds
[2019-12-09T03:52:06.780+0000][1][safepoint    ] Entering safepoint region: Cleanup
[2019-12-09T03:52:06.780+0000][1][safepoint    ] Leaving safepoint region
[2019-12-09T03:52:06.780+0000][1][safepoint    ] Total time for which application threads were stopped: 0.0001359 seconds, Stopping threads took: 0.0000263 seconds
[2019-12-09T03:52:07.780+0000][1][safepoint    ] Application time: 1.0000940 seconds
[2019-12-09T03:52:07.780+0000][1][safepoint    ] Entering safepoint region: Cleanup
[2019-12-09T03:52:07.780+0000][1][safepoint    ] Leaving safepoint region
[2019-12-09T03:52:07.780+0000][1][safepoint    ] Total time for which application threads were stopped: 0.0001358 seconds, Stopping threads took: 0.0000279 seconds
[2019-12-09T03:52:08.782+0000][1][safepoint    ] Application time: 1.0015269 seconds
[2019-12-09T03:52:08.782+0000][1][safepoint    ] Entering safepoint region: Cleanup
[2019-12-09T03:52:08.782+0000][1][safepoint    ] Leaving safepoint region
[2019-12-09T03:52:08.782+0000][1][safepoint    ] Total time for which application threads were stopped: 0.0001402 seconds, Stopping threads took: 0.0000270 seconds
[2019-12-09T03:52:09.782+0000][1][safepoint    ] Application time: 1.0000871 seconds
[2019-12-09T03:52:09.782+0000][1][safepoint    ] Entering safepoint region: Cleanup
[2019-12-09T03:52:09.782+0000][1][safepoint    ] Leaving safepoint region
[2019-12-09T03:52:09.782+0000][1][safepoint    ] Total time for which application threads were stopped: 0.0001356 seconds, Stopping threads took: 0.0000320 seconds
[2019-12-09T03:52:10.788+0000][1][safepoint    ] Application time: 1.0055580 seconds
[2019-12-09T03:52:10.788+0000][1][safepoint    ] Entering safepoint region: Cleanup
[2019-12-09T03:52:10.788+0000][1][safepoint    ] Leaving safepoint region
[2019-12-09T03:52:10.788+0000][1][safepoint    ] Total time for which application threads were stopped: 0.0001495 seconds, Stopping threads took: 0.0000253 seconds
[2019-12-09T03:52:11.789+0000][1][safepoint    ] Application time: 1.0008023 seconds
[2019-12-09T03:52:11.789+0000][1][safepoint    ] Entering safepoint region: Cleanup
[2019-12-09T03:52:11.789+0000][1][safepoint    ] Leaving safepoint region
[2019-12-09T03:52:11.789+0000][1][safepoint    ] Total time for which application threads were stopped: 0.0001592 seconds, Stopping threads took: 0.0000403 seconds
[2019-12-09T03:52:12.792+0000][1][safepoint    ] Application time: 1.0032587 seconds
[2019-12-09T03:52:12.792+0000][1][safepoint    ] Entering safepoint region: Cleanup
[2019-12-09T03:52:12.792+0000][1][safepoint    ] Leaving safepoint region
[2019-12-09T03:52:12.792+0000][1][safepoint    ] Total time for which application threads were stopped: 0.0001322 seconds, Stopping threads took: 0.0000263 seconds
[2019-12-09T03:52:13.801+0000][1][safepoint    ] Application time: 1.0087358 seconds
[2019-12-09T03:52:13.801+0000][1][safepoint    ] Entering safepoint region: Cleanup
[2019-12-09T03:52:13.801+0000][1][safepoint    ] Leaving safepoint region
[2019-12-09T03:52:13.801+0000][1][safepoint    ] Total time for which application threads were stopped: 0.0001336 seconds, Stopping threads took: 0.0000258 seconds
[2019-12-09T03:52:14.804+0000][1][safepoint    ] Application time: 1.0024606 seconds
[2019-12-09T03:52:14.804+0000][1][safepoint    ] Entering safepoint region: Cleanup
[2019-12-09T03:52:14.804+0000][1][safepoint    ] Leaving safepoint region
[2019-12-09T03:52:14.804+0000][1][safepoint    ] Total time for which application threads were stopped: 0.0001422 seconds, Stopping threads took: 0.0000286 seconds
[2019-12-09T03:52:15.812+0000][1][safepoint    ] Application time: 1.0078074 seconds
[2019-12-09T03:52:15.812+0000][1][safepoint    ] Entering safepoint region: Cleanup
[2019-12-09T03:52:15.812+0000][1][safepoint    ] Leaving safepoint region
[2019-12-09T03:52:15.812+0000][1][safepoint    ] Total time for which application threads were stopped: 0.0001385 seconds, Stopping threads took: 0.0000268 seconds
[2019-12-09T03:52:16.814+0000][1][safepoint    ] Application time: 1.0018305 seconds
[2019-12-09T03:52:16.814+0000][1][safepoint    ] Entering safepoint region: Cleanup
[2019-12-09T03:52:16.814+0000][1][safepoint    ] Leaving safepoint region
[2019-12-09T03:52:16.814+0000][1][safepoint    ] Total time for which application threads were stopped: 0.0001488 seconds, Stopping threads took: 0.0000357 seconds
[2019-12-09T03:52:17.815+0000][1][safepoint    ] Application time: 1.0008040 seconds
[2019-12-09T03:52:17.815+0000][1][safepoint    ] Entering safepoint region: Cleanup
[2019-12-09T03:52:17.815+0000][1][safepoint    ] Leaving safepoint region
[2019-12-09T03:52:17.815+0000][1][safepoint    ] Total time for which application threads were stopped: 0.0001398 seconds, Stopping threads took: 0.0000281 seconds
[2019-12-09T03:52:18.818+0000][1][safepoint    ] Application time: 1.0030065 seconds
[2019-12-09T03:52:18.818+0000][1][safepoint    ] Entering safepoint region: Cleanup
[2019-12-09T03:52:18.818+0000][1][safepoint    ] Leaving safepoint region
[2019-12-09T03:52:18.818+0000][1][safepoint    ] Total time for which application threads were stopped: 0.0001407 seconds, Stopping threads took: 0.0000275 seconds
[2019-12-09T03:52:19.826+0000][1][safepoint    ] Application time: 1.0076534 seconds
[2019-12-09T03:52:19.826+0000][1][safepoint    ] Entering safepoint region: Cleanup
[2019-12-09T03:52:19.826+0000][1][safepoint    ] Leaving safepoint region
[2019-12-09T03:52:19.826+0000][1][safepoint    ] Total time for which application threads were stopped: 0.0001436 seconds, Stopping threads took: 0.0000322 seconds
[2019-12-09T03:52:20.827+0000][1][safepoint    ] Application time: 1.0007999 seconds
[2019-12-09T03:52:20.827+0000][1][safepoint    ] Entering safepoint region: Cleanup
[2019-12-09T03:52:20.827+0000][1][safepoint    ] Leaving safepoint region
[2019-12-09T03:52:20.827+0000][1][safepoint    ] Total time for which application threads were stopped: 0.0001404 seconds, Stopping threads took: 0.0000263 seconds
[2019-12-09T03:52:20.858+0000][1][safepoint    ] Application time: 0.0311582 seconds
[2019-12-09T03:52:20.858+0000][1][safepoint    ] Entering safepoint region: GenCollectForAllocation
[2019-12-09T03:52:20.858+0000][1][gc,start     ] GC(28) Pause Young (Allocation Failure)
[2019-12-09T03:52:20.858+0000][1][gc,task      ] GC(28) Using 2 workers of 2 for evacuation
[2019-12-09T03:52:20.869+0000][1][gc,age       ] GC(28) Desired survivor size 4456448 bytes, new threshold 6 (max threshold 6)
[2019-12-09T03:52:20.869+0000][1][gc,age       ] GC(28) Age table with threshold 6 (max threshold 6)
[2019-12-09T03:52:20.869+0000][1][gc,age       ] GC(28) - age   1:     203128 bytes,     203128 total
[2019-12-09T03:52:20.869+0000][1][gc,age       ] GC(28) - age   2:     485072 bytes,     688200 total
[2019-12-09T03:52:20.869+0000][1][gc,age       ] GC(28) - age   3:    2897448 bytes,    3585648 total
[2019-12-09T03:52:20.869+0000][1][gc,heap      ] GC(28) ParNew: 78158K->4828K(78656K)
[2019-12-09T03:52:20.869+0000][1][gc,heap      ] GC(28) CMS: 71630K->71630K(174784K)
[2019-12-09T03:52:20.869+0000][1][gc,metaspace ] GC(28) Metaspace: 77842K->77842K(1120256K)
[2019-12-09T03:52:20.869+0000][1][gc           ] GC(28) Pause Young (Allocation Failure) 146M->74M(247M) 10.571ms
[2019-12-09T03:52:20.869+0000][1][gc,cpu       ] GC(28) User=0.01s Sys=0.00s Real=0.01s
[2019-12-09T03:52:20.869+0000][1][safepoint    ] Leaving safepoint region
[2019-12-09T03:52:20.869+0000][1][safepoint    ] Total time for which application threads were stopped: 0.0108012 seconds, Stopping threads took: 0.0000249 seconds
[2019-12-09T03:52:21.283+0000][1][safepoint    ] Application time: 0.4144608 seconds
[2019-12-09T03:52:21.283+0000][1][safepoint    ] Entering safepoint region: RevokeBias
[2019-12-09T03:52:21.284+0000][1][safepoint    ] Leaving safepoint region
[2019-12-09T03:52:21.284+0000][1][safepoint    ] Total time for which application threads were stopped: 0.0001527 seconds, Stopping threads took: 0.0000224 seconds
[2019-12-09T03:52:21.284+0000][1][safepoint    ] Application time: 0.0000648 seconds
[2019-12-09T03:52:21.284+0000][1][safepoint    ] Entering safepoint region: RevokeBias
[2019-12-09T03:52:21.284+0000][1][safepoint    ] Leaving safepoint region
[2019-12-09T03:52:21.284+0000][1][safepoint    ] Total time for which application threads were stopped: 0.0000948 seconds, Stopping threads took: 0.0000097 seconds
[2019-12-09T03:52:21.284+0000][1][safepoint    ] Application time: 0.0000563 seconds
[2019-12-09T03:52:21.284+0000][1][safepoint    ] Entering safepoint region: RevokeBias
[2019-12-09T03:52:21.284+0000][1][safepoint    ] Leaving safepoint region
[2019-12-09T03:52:21.284+0000][1][safepoint    ] Total time for which application threads were stopped: 0.0000682 seconds, Stopping threads took: 0.0000103 seconds
[2019-12-09T03:52:21.284+0000][1][safepoint    ] Application time: 0.0000536 seconds
[2019-12-09T03:52:21.284+0000][1][safepoint    ] Entering safepoint region: RevokeBias
[2019-12-09T03:52:21.284+0000][1][safepoint    ] Leaving safepoint region
[2019-12-09T03:52:21.284+0000][1][safepoint    ] Total time for which application threads were stopped: 0.0000689 seconds, Stopping threads took: 0.0000097 seconds
[2019-12-09T03:52:22.291+0000][1][safepoint    ] Application time: 1.0067384 seconds
[2019-12-09T03:52:22.313+0000][1][safepoint    ] Entering safepoint region: Cleanup
[2019-12-09T03:52:22.313+0000][1][safepoint    ] Leaving safepoint region
[2019-12-09T03:52:22.313+0000][1][safepoint    ] Total time for which application threads were stopped: 0.0221612 seconds, Stopping threads took: 0.0219762 seconds
[2019-12-09T03:52:23.188+0000][1][safepoint    ] Application time: 0.8748545 seconds
[2019-12-09T03:52:23.188+0000][1][safepoint    ] Entering safepoint region: RevokeBias
[2019-12-09T03:52:23.188+0000][1][safepoint    ] Leaving safepoint region
[2019-12-09T03:52:23.188+0000][1][safepoint    ] Total time for which application threads were stopped: 0.0002198 seconds, Stopping threads took: 0.0000202 seconds
[2019-12-09T03:52:23.191+0000][1][safepoint    ] Application time: 0.0030142 seconds
[2019-12-09T03:52:23.191+0000][1][safepoint    ] Entering safepoint region: Deoptimize
[2019-12-09T03:52:23.192+0000][1][safepoint    ] Leaving safepoint region
[2019-12-09T03:52:23.192+0000][1][safepoint    ] Total time for which application threads were stopped: 0.0010302 seconds, Stopping threads took: 0.0000195 seconds
[2019-12-09T03:52:23.231+0000][1][safepoint    ] Application time: 0.0389249 seconds
[2019-12-09T03:52:23.231+0000][1][safepoint    ] Entering safepoint region: RevokeBias
[2019-12-09T03:52:23.231+0000][1][safepoint    ] Leaving safepoint region
[2019-12-09T03:52:23.231+0000][1][safepoint    ] Total time for which application threads were stopped: 0.0001635 seconds, Stopping threads took: 0.0000386 seconds
[2019-12-09T03:52:23.333+0000][1][safepoint    ] Application time: 0.1019185 seconds
[2019-12-09T03:52:23.333+0000][1][safepoint    ] Entering safepoint region: RevokeBias
[2019-12-09T03:52:23.333+0000][1][safepoint    ] Leaving safepoint region
[2019-12-09T03:52:23.333+0000][1][safepoint    ] Total time for which application threads were stopped: 0.0002006 seconds, Stopping threads took: 0.0000229 seconds
[2019-12-09T03:52:23.608+0000][1][safepoint    ] Application time: 0.2747507 seconds
[2019-12-09T03:52:23.608+0000][1][safepoint    ] Entering safepoint region: RevokeBias
[2019-12-09T03:52:23.608+0000][1][safepoint    ] Leaving safepoint region
[2019-12-09T03:52:23.608+0000][1][safepoint    ] Total time for which application threads were stopped: 0.0002013 seconds, Stopping threads took: 0.0000230 seconds
[2019-12-09T03:52:23.610+0000][1][safepoint    ] Application time: 0.0015562 seconds
[2019-12-09T03:52:23.610+0000][1][safepoint    ] Entering safepoint region: RevokeBias
[2019-12-09T03:52:23.610+0000][1][safepoint    ] Leaving safepoint region
[2019-12-09T03:52:23.610+0000][1][safepoint    ] Total time for which application threads were stopped: 0.0001243 seconds, Stopping threads took: 0.0000187 seconds
[2019-12-09T03:52:23.610+0000][1][safepoint    ] Application time: 0.0000619 seconds
[2019-12-09T03:52:23.610+0000][1][safepoint    ] Entering safepoint region: RevokeBias
[2019-12-09T03:52:23.610+0000][1][safepoint    ] Leaving safepoint region
[2019-12-09T03:52:23.610+0000][1][safepoint    ] Total time for which application threads were stopped: 0.0000752 seconds, Stopping threads took: 0.0000097 seconds
[2019-12-09T03:52:23.610+0000][1][safepoint    ] Application time: 0.0001283 seconds
[2019-12-09T03:52:23.610+0000][1][safepoint    ] Entering safepoint region: RevokeBias
[2019-12-09T03:52:23.610+0000][1][safepoint    ] Leaving safepoint region
[2019-12-09T03:52:23.610+0000][1][safepoint    ] Total time for which application threads were stopped: 0.0000876 seconds, Stopping threads took: 0.0000115 seconds
[2019-12-09T03:52:23.611+0000][1][safepoint    ] Application time: 0.0000878 seconds
[2019-12-09T03:52:23.611+0000][1][safepoint    ] Entering safepoint region: RevokeBias
[2019-12-09T03:52:23.611+0000][1][safepoint    ] Leaving safepoint region
[2019-12-09T03:52:23.611+0000][1][safepoint    ] Total time for which application threads were stopped: 0.0000717 seconds, Stopping threads took: 0.0000093 seconds
[2019-12-09T03:52:23.735+0000][1][safepoint    ] Application time: 0.1239471 seconds
[2019-12-09T03:52:23.735+0000][1][safepoint    ] Entering safepoint region: RevokeBias
[2019-12-09T03:52:23.735+0000][1][safepoint    ] Leaving safepoint region
[2019-12-09T03:52:23.735+0000][1][safepoint    ] Total time for which application threads were stopped: 0.0002144 seconds, Stopping threads took: 0.0000893 seconds
[2019-12-09T03:52:24.133+0000][1][safepoint    ] Application time: 0.3978239 seconds
[2019-12-09T03:52:24.133+0000][1][safepoint    ] Entering safepoint region: RevokeBias
[2019-12-09T03:52:24.133+0000][1][safepoint    ] Leaving safepoint region
[2019-12-09T03:52:24.133+0000][1][safepoint    ] Total time for which application threads were stopped: 0.0001770 seconds, Stopping threads took: 0.0000235 seconds
[2019-12-09T03:52:24.134+0000][1][safepoint    ] Application time: 0.0015668 seconds
[2019-12-09T03:52:24.135+0000][1][safepoint    ] Entering safepoint region: RevokeBias
[2019-12-09T03:52:24.135+0000][1][safepoint    ] Leaving safepoint region
[2019-12-09T03:52:24.135+0000][1][safepoint    ] Total time for which application threads were stopped: 0.0001354 seconds, Stopping threads took: 0.0000203 seconds
[2019-12-09T03:52:24.738+0000][1][safepoint    ] Application time: 0.6033857 seconds
[2019-12-09T03:52:24.738+0000][1][safepoint    ] Entering safepoint region: RevokeBias
[2019-12-09T03:52:24.738+0000][1][safepoint    ] Leaving safepoint region
[2019-12-09T03:52:24.738+0000][1][safepoint    ] Total time for which application threads were stopped: 0.0001576 seconds, Stopping threads took: 0.0000233 seconds
[2019-12-09T03:52:24.739+0000][1][safepoint    ] Application time: 0.0002626 seconds
[2019-12-09T03:52:24.739+0000][1][safepoint    ] Entering safepoint region: RevokeBias
[2019-12-09T03:52:24.739+0000][1][safepoint    ] Leaving safepoint region
[2019-12-09T03:52:24.739+0000][1][safepoint    ] Total time for which application threads were stopped: 0.0001066 seconds, Stopping threads took: 0.0000140 seconds
[2019-12-09T03:52:24.739+0000][1][safepoint    ] Application time: 0.0001539 seconds
[2019-12-09T03:52:24.739+0000][1][safepoint    ] Entering safepoint region: RevokeBias
[2019-12-09T03:52:24.739+0000][1][safepoint    ] Leaving safepoint region
[2019-12-09T03:52:24.739+0000][1][safepoint    ] Total time for which application threads were stopped: 0.0001088 seconds, Stopping threads took: 0.0000145 seconds
[2019-12-09T03:52:24.739+0000][1][safepoint    ] Application time: 0.0000809 seconds
[2019-12-09T03:52:24.739+0000][1][safepoint    ] Entering safepoint region: RevokeBias
[2019-12-09T03:52:24.739+0000][1][safepoint    ] Leaving safepoint region
[2019-12-09T03:52:24.739+0000][1][safepoint    ] Total time for which application threads were stopped: 0.0000821 seconds, Stopping threads took: 0.0000107 seconds
[2019-12-09T03:52:24.751+0000][1][safepoint    ] Application time: 0.0117101 seconds
[2019-12-09T03:52:24.751+0000][1][safepoint    ] Entering safepoint region: RevokeBias
[2019-12-09T03:52:24.751+0000][1][safepoint    ] Leaving safepoint region
[2019-12-09T03:52:24.751+0000][1][safepoint    ] Total time for which application threads were stopped: 0.0001218 seconds, Stopping threads took: 0.0000180 seconds
[2019-12-09T03:52:24.756+0000][1][safepoint    ] Application time: 0.0053760 seconds
[2019-12-09T03:52:24.756+0000][1][safepoint    ] Entering safepoint region: RevokeBias
[2019-12-09T03:52:24.756+0000][1][safepoint    ] Leaving safepoint region
[2019-12-09T03:52:24.756+0000][1][safepoint    ] Total time for which application threads were stopped: 0.0001179 seconds, Stopping threads took: 0.0000338 seconds
[2019-12-09T03:52:24.757+0000][1][safepoint    ] Application time: 0.0005259 seconds
[2019-12-09T03:52:24.757+0000][1][safepoint    ] Entering safepoint region: RevokeBias
[2019-12-09T03:52:24.757+0000][1][safepoint    ] Leaving safepoint region
[2019-12-09T03:52:24.757+0000][1][safepoint    ] Total time for which application threads were stopped: 0.0000810 seconds, Stopping threads took: 0.0000134 seconds
[2019-12-09T03:52:25.757+0000][1][safepoint    ] Application time: 1.0000807 seconds
[2019-12-09T03:52:25.757+0000][1][safepoint    ] Entering safepoint region: Cleanup
[2019-12-09T03:52:25.757+0000][1][safepoint    ] Leaving safepoint region
[2019-12-09T03:52:25.757+0000][1][safepoint    ] Total time for which application threads were stopped: 0.0001108 seconds, Stopping threads took: 0.0000238 seconds
[2019-12-09T03:52:26.757+0000][1][safepoint    ] Application time: 1.0000776 seconds
[2019-12-09T03:52:26.757+0000][1][safepoint    ] Entering safepoint region: Cleanup
[2019-12-09T03:52:26.758+0000][1][safepoint    ] Leaving safepoint region
[2019-12-09T03:52:26.758+0000][1][safepoint    ] Total time for which application threads were stopped: 0.0000973 seconds, Stopping threads took: 0.0000171 seconds
[2019-12-09T03:52:27.758+0000][1][safepoint    ] Application time: 1.0000741 seconds
[2019-12-09T03:52:27.758+0000][1][safepoint    ] Entering safepoint region: Cleanup
[2019-12-09T03:52:27.758+0000][1][safepoint    ] Leaving safepoint region
[2019-12-09T03:52:27.758+0000][1][safepoint    ] Total time for which application threads were stopped: 0.0001032 seconds, Stopping threads took: 0.0000187 seconds
[2019-12-09T03:52:28.758+0000][1][safepoint    ] Application time: 1.0000823 seconds
[2019-12-09T03:52:28.758+0000][1][safepoint    ] Entering safepoint region: Cleanup
[2019-12-09T03:52:28.758+0000][1][safepoint    ] Leaving safepoint region
[2019-12-09T03:52:28.758+0000][1][safepoint    ] Total time for which application threads were stopped: 0.0001120 seconds, Stopping threads took: 0.0000229 seconds
[2019-12-09T03:52:29.347+0000][1][safepoint    ] Application time: 0.5889959 seconds
[2019-12-09T03:52:29.347+0000][1][safepoint    ] Entering safepoint region: BulkRevokeBias
[2019-12-09T03:52:29.348+0000][1][safepoint    ] Leaving safepoint region
[2019-12-09T03:52:29.348+0000][1][safepoint    ] Total time for which application threads were stopped: 0.0005675 seconds, Stopping threads took: 0.0000231 seconds
[2019-12-09T03:52:30.348+0000][1][safepoint    ] Application time: 1.0001036 seconds
[2019-12-09T03:52:30.348+0000][1][safepoint    ] Entering safepoint region: Cleanup
[2019-12-09T03:52:30.348+0000][1][safepoint    ] Leaving safepoint region
[2019-12-09T03:52:30.348+0000][1][safepoint    ] Total time for which application threads were stopped: 0.0000967 seconds, Stopping threads took: 0.0000187 seconds
[2019-12-09T03:52:30.468+0000][1][safepoint    ] Application time: 0.1197018 seconds
[2019-12-09T03:52:30.468+0000][1][safepoint    ] Entering safepoint region: RevokeBias
[2019-12-09T03:52:30.468+0000][1][safepoint    ] Leaving safepoint region
[2019-12-09T03:52:30.468+0000][1][safepoint    ] Total time for which application threads were stopped: 0.0001790 seconds, Stopping threads took: 0.0000235 seconds
[2019-12-09T03:52:30.879+0000][1][safepoint    ] Application time: 0.4109729 seconds
[2019-12-09T03:52:30.879+0000][1][safepoint    ] Entering safepoint region: GenCollectForAllocation
[2019-12-09T03:52:30.879+0000][1][gc,start     ] GC(29) Pause Young (Allocation Failure)
[2019-12-09T03:52:30.879+0000][1][gc,task      ] GC(29) Using 2 workers of 2 for evacuation
[2019-12-09T03:52:30.886+0000][1][gc,age       ] GC(29) Desired survivor size 4456448 bytes, new threshold 6 (max threshold 6)
[2019-12-09T03:52:30.886+0000][1][gc,age       ] GC(29) Age table with threshold 6 (max threshold 6)
[2019-12-09T03:52:30.886+0000][1][gc,age       ] GC(29) - age   1:     879616 bytes,     879616 total
[2019-12-09T03:52:30.886+0000][1][gc,age       ] GC(29) - age   2:     159384 bytes,    1039000 total
[2019-12-09T03:52:30.886+0000][1][gc,age       ] GC(29) - age   3:     393360 bytes,    1432360 total
[2019-12-09T03:52:30.886+0000][1][gc,age       ] GC(29) - age   4:    2897312 bytes,    4329672 total
[2019-12-09T03:52:30.886+0000][1][gc,heap      ] GC(29) ParNew: 74780K->5076K(78656K)
[2019-12-09T03:52:30.886+0000][1][gc,heap      ] GC(29) CMS: 71630K->71630K(174784K)
[2019-12-09T03:52:30.886+0000][1][gc,metaspace ] GC(29) Metaspace: 78557K->78557K(1120256K)
[2019-12-09T03:52:30.886+0000][1][gc           ] GC(29) Pause Young (Allocation Failure) 142M->74M(247M) 7.308ms
[2019-12-09T03:52:30.886+0000][1][gc,cpu       ] GC(29) User=0.01s Sys=0.00s Real=0.01s
[2019-12-09T03:52:30.886+0000][1][safepoint    ] Leaving safepoint region
[2019-12-09T03:52:30.886+0000][1][safepoint    ] Total time for which application threads were stopped: 0.0075402 seconds, Stopping threads took: 0.0000218 seconds
[2019-12-09T03:52:30.914+0000][1][safepoint    ] Application time: 0.0280422 seconds
[2019-12-09T03:52:30.914+0000][1][safepoint    ] Entering safepoint region: RevokeBias
[2019-12-09T03:52:30.915+0000][1][safepoint    ] Leaving safepoint region
[2019-12-09T03:52:30.915+0000][1][safepoint    ] Total time for which application threads were stopped: 0.0001432 seconds, Stopping threads took: 0.0000201 seconds
[2019-12-09T03:52:30.915+0000][1][safepoint    ] Application time: 0.0001994 seconds
[2019-12-09T03:52:30.915+0000][1][safepoint    ] Entering safepoint region: RevokeBias
[2019-12-09T03:52:30.915+0000][1][safepoint    ] Leaving safepoint region
[2019-12-09T03:52:30.915+0000][1][safepoint    ] Total time for which application threads were stopped: 0.0001081 seconds, Stopping threads took: 0.0000149 seconds
[2019-12-09T03:52:31.112+0000][1][safepoint    ] Application time: 0.1972489 seconds
[2019-12-09T03:52:31.115+0000][1][safepoint    ] Entering safepoint region: RevokeBias
[2019-12-09T03:52:31.116+0000][1][safepoint    ] Leaving safepoint region
[2019-12-09T03:52:31.116+0000][1][safepoint    ] Total time for which application threads were stopped: 0.0034377 seconds, Stopping threads took: 0.0032764 seconds
[2019-12-09T03:52:31.116+0000][1][safepoint    ] Application time: 0.0001013 seconds
[2019-12-09T03:52:31.116+0000][1][safepoint    ] Entering safepoint region: RevokeBias
[2019-12-09T03:52:31.116+0000][1][safepoint    ] Leaving safepoint region
[2019-12-09T03:52:31.116+0000][1][safepoint    ] Total time for which application threads were stopped: 0.0000783 seconds, Stopping threads took: 0.0000114 seconds
[2019-12-09T03:52:31.116+0000][1][safepoint    ] Application time: 0.0000477 seconds
[2019-12-09T03:52:31.116+0000][1][safepoint    ] Entering safepoint region: RevokeBias
[2019-12-09T03:52:31.116+0000][1][safepoint    ] Leaving safepoint region
[2019-12-09T03:52:31.116+0000][1][safepoint    ] Total time for which application threads were stopped: 0.0000592 seconds, Stopping threads took: 0.0000087 seconds
[2019-12-09T03:52:31.116+0000][1][safepoint    ] Application time: 0.0000453 seconds
[2019-12-09T03:52:31.116+0000][1][safepoint    ] Entering safepoint region: RevokeBias
[2019-12-09T03:52:31.116+0000][1][safepoint    ] Leaving safepoint region
[2019-12-09T03:52:31.116+0000][1][safepoint    ] Total time for which application threads were stopped: 0.0000638 seconds, Stopping threads took: 0.0000086 seconds
[2019-12-09T03:52:31.116+0000][1][safepoint    ] Application time: 0.0000469 seconds
[2019-12-09T03:52:31.116+0000][1][safepoint    ] Entering safepoint region: RevokeBias
[2019-12-09T03:52:31.116+0000][1][safepoint    ] Leaving safepoint region
[2019-12-09T03:52:31.116+0000][1][safepoint    ] Total time for which application threads were stopped: 0.0000631 seconds, Stopping threads took: 0.0000088 seconds
[2019-12-09T03:52:31.116+0000][1][safepoint    ] Application time: 0.0000487 seconds
[2019-12-09T03:52:31.116+0000][1][safepoint    ] Entering safepoint region: RevokeBias
[2019-12-09T03:52:31.116+0000][1][safepoint    ] Leaving safepoint region
[2019-12-09T03:52:31.116+0000][1][safepoint    ] Total time for which application threads were stopped: 0.0000683 seconds, Stopping threads took: 0.0000104 seconds
[2019-12-09T03:52:32.117+0000][1][safepoint    ] Application time: 1.0003419 seconds
[2019-12-09T03:52:32.117+0000][1][safepoint    ] Entering safepoint region: Cleanup
[2019-12-09T03:52:32.117+0000][1][safepoint    ] Leaving safepoint region
[2019-12-09T03:52:32.117+0000][1][safepoint    ] Total time for which application threads were stopped: 0.0001553 seconds, Stopping threads took: 0.0000368 seconds
[2019-12-09T03:52:33.121+0000][1][safepoint    ] Application time: 1.0040142 seconds
[2019-12-09T03:52:33.121+0000][1][safepoint    ] Entering safepoint region: Cleanup
[2019-12-09T03:52:33.121+0000][1][safepoint    ] Leaving safepoint region
[2019-12-09T03:52:33.121+0000][1][safepoint    ] Total time for which application threads were stopped: 0.0001667 seconds, Stopping threads took: 0.0000352 seconds
[2019-12-09T03:52:34.121+0000][1][safepoint    ] Application time: 1.0000785 seconds
[2019-12-09T03:52:34.121+0000][1][safepoint    ] Entering safepoint region: Cleanup
[2019-12-09T03:52:34.121+0000][1][safepoint    ] Leaving safepoint region
[2019-12-09T03:52:34.121+0000][1][safepoint    ] Total time for which application threads were stopped: 0.0001075 seconds, Stopping threads took: 0.0000198 seconds
[2019-12-09T03:52:35.121+0000][1][safepoint    ] Application time: 1.0000772 seconds
[2019-12-09T03:52:35.122+0000][1][safepoint    ] Entering safepoint region: Cleanup
[2019-12-09T03:52:35.122+0000][1][safepoint    ] Leaving safepoint region
[2019-12-09T03:52:35.122+0000][1][safepoint    ] Total time for which application threads were stopped: 0.0001422 seconds, Stopping threads took: 0.0000269 seconds
[2019-12-09T03:52:36.122+0000][1][safepoint    ] Application time: 1.0000789 seconds
[2019-12-09T03:52:36.122+0000][1][safepoint    ] Entering safepoint region: Cleanup
[2019-12-09T03:52:36.122+0000][1][safepoint    ] Leaving safepoint region
[2019-12-09T03:52:36.122+0000][1][safepoint    ] Total time for which application threads were stopped: 0.0001130 seconds, Stopping threads took: 0.0000188 seconds
[2019-12-09T03:52:37.122+0000][1][safepoint    ] Application time: 1.0000792 seconds
[2019-12-09T03:52:37.122+0000][1][safepoint    ] Entering safepoint region: Cleanup
[2019-12-09T03:52:37.122+0000][1][safepoint    ] Leaving safepoint region
[2019-12-09T03:52:37.122+0000][1][safepoint    ] Total time for which application threads were stopped: 0.0001092 seconds, Stopping threads took: 0.0000169 seconds
[2019-12-09T03:52:38.122+0000][1][safepoint    ] Application time: 1.0000767 seconds
[2019-12-09T03:52:38.122+0000][1][safepoint    ] Entering safepoint region: Cleanup
[2019-12-09T03:52:38.122+0000][1][safepoint    ] Leaving safepoint region
[2019-12-09T03:52:38.122+0000][1][safepoint    ] Total time for which application threads were stopped: 0.0001224 seconds, Stopping threads took: 0.0000256 seconds
[2019-12-09T03:52:39.122+0000][1][safepoint    ] Application time: 1.0000809 seconds
[2019-12-09T03:52:39.122+0000][1][safepoint    ] Entering safepoint region: Cleanup
[2019-12-09T03:52:39.123+0000][1][safepoint    ] Leaving safepoint region
[2019-12-09T03:52:39.123+0000][1][safepoint    ] Total time for which application threads were stopped: 0.0000995 seconds, Stopping threads took: 0.0000200 seconds
[2019-12-09T03:52:40.123+0000][1][safepoint    ] Application time: 1.0000833 seconds
[2019-12-09T03:52:40.123+0000][1][safepoint    ] Entering safepoint region: Cleanup
[2019-12-09T03:52:40.123+0000][1][safepoint    ] Leaving safepoint region
[2019-12-09T03:52:40.123+0000][1][safepoint    ] Total time for which application threads were stopped: 0.0000992 seconds, Stopping threads took: 0.0000199 seconds
[2019-12-09T03:52:41.123+0000][1][safepoint    ] Application time: 1.0000810 seconds
[2019-12-09T03:52:41.123+0000][1][safepoint    ] Entering safepoint region: Cleanup
[2019-12-09T03:52:41.123+0000][1][safepoint    ] Leaving safepoint region
[2019-12-09T03:52:41.123+0000][1][safepoint    ] Total time for which application threads were stopped: 0.0001386 seconds, Stopping threads took: 0.0000246 seconds
[2019-12-09T03:52:42.123+0000][1][safepoint    ] Application time: 1.0000795 seconds
[2019-12-09T03:52:42.123+0000][1][safepoint    ] Entering safepoint region: Cleanup
[2019-12-09T03:52:42.123+0000][1][safepoint    ] Leaving safepoint region
[2019-12-09T03:52:42.123+0000][1][safepoint    ] Total time for which application threads were stopped: 0.0001002 seconds, Stopping threads took: 0.0000195 seconds
[2019-12-09T03:52:43.123+0000][1][safepoint    ] Application time: 1.0000790 seconds
[2019-12-09T03:52:43.123+0000][1][safepoint    ] Entering safepoint region: Cleanup
[2019-12-09T03:52:43.124+0000][1][safepoint    ] Leaving safepoint region
[2019-12-09T03:52:43.124+0000][1][safepoint    ] Total time for which application threads were stopped: 0.0001061 seconds, Stopping threads took: 0.0000277 seconds
[2019-12-09T03:52:44.124+0000][1][safepoint    ] Application time: 1.0000802 seconds
[2019-12-09T03:52:44.124+0000][1][safepoint    ] Entering safepoint region: Cleanup
[2019-12-09T03:52:44.124+0000][1][safepoint    ] Leaving safepoint region
[2019-12-09T03:52:44.124+0000][1][safepoint    ] Total time for which application threads were stopped: 0.0001069 seconds, Stopping threads took: 0.0000305 seconds
[2019-12-09T03:52:45.124+0000][1][safepoint    ] Application time: 1.0000807 seconds
[2019-12-09T03:52:45.124+0000][1][safepoint    ] Entering safepoint region: Cleanup
[2019-12-09T03:52:45.124+0000][1][safepoint    ] Leaving safepoint region
[2019-12-09T03:52:45.124+0000][1][safepoint    ] Total time for which application threads were stopped: 0.0001075 seconds, Stopping threads took: 0.0000197 seconds
[2019-12-09T03:52:46.124+0000][1][safepoint    ] Application time: 1.0000856 seconds
[2019-12-09T03:52:46.124+0000][1][safepoint    ] Entering safepoint region: Cleanup
[2019-12-09T03:52:46.124+0000][1][safepoint    ] Leaving safepoint region
[2019-12-09T03:52:46.124+0000][1][safepoint    ] Total time for which application threads were stopped: 0.0001610 seconds, Stopping threads took: 0.0000261 seconds
[2019-12-09T03:52:47.124+0000][1][safepoint    ] Application time: 1.0000780 seconds
[2019-12-09T03:52:47.124+0000][1][safepoint    ] Entering safepoint region: Cleanup
[2019-12-09T03:52:47.125+0000][1][safepoint    ] Leaving safepoint region
[2019-12-09T03:52:47.125+0000][1][safepoint    ] Total time for which application threads were stopped: 0.0001001 seconds, Stopping threads took: 0.0000181 seconds
[2019-12-09T03:52:48.125+0000][1][safepoint    ] Application time: 1.0000786 seconds
[2019-12-09T03:52:48.125+0000][1][safepoint    ] Entering safepoint region: Cleanup
[2019-12-09T03:52:48.125+0000][1][safepoint    ] Leaving safepoint region
[2019-12-09T03:52:48.125+0000][1][safepoint    ] Total time for which application threads were stopped: 0.0001144 seconds, Stopping threads took: 0.0000191 seconds
[2019-12-09T03:52:49.125+0000][1][safepoint    ] Application time: 1.0000787 seconds
[2019-12-09T03:52:49.125+0000][1][safepoint    ] Entering safepoint region: Cleanup
[2019-12-09T03:52:49.125+0000][1][safepoint    ] Leaving safepoint region
[2019-12-09T03:52:49.125+0000][1][safepoint    ] Total time for which application threads were stopped: 0.0001006 seconds, Stopping threads took: 0.0000199 seconds
[2019-12-09T03:52:50.125+0000][1][safepoint    ] Application time: 1.0000788 seconds
[2019-12-09T03:52:50.125+0000][1][safepoint    ] Entering safepoint region: Cleanup
[2019-12-09T03:52:50.125+0000][1][safepoint    ] Leaving safepoint region
[2019-12-09T03:52:50.125+0000][1][safepoint    ] Total time for which application threads were stopped: 0.0000971 seconds, Stopping threads took: 0.0000185 seconds
[2019-12-09T03:52:51.131+0000][1][safepoint    ] Application time: 1.0055066 seconds
[2019-12-09T03:52:51.131+0000][1][safepoint    ] Entering safepoint region: Cleanup
[2019-12-09T03:52:51.131+0000][1][safepoint    ] Leaving safepoint region
[2019-12-09T03:52:51.131+0000][1][safepoint    ] Total time for which application threads were stopped: 0.0001897 seconds, Stopping threads took: 0.0000345 seconds
[2019-12-09T03:52:52.131+0000][1][safepoint    ] Application time: 1.0000795 seconds
[2019-12-09T03:52:52.131+0000][1][safepoint    ] Entering safepoint region: Cleanup
[2019-12-09T03:52:52.131+0000][1][safepoint    ] Leaving safepoint region
[2019-12-09T03:52:52.131+0000][1][safepoint    ] Total time for which application threads were stopped: 0.0001170 seconds, Stopping threads took: 0.0000178 seconds
[2019-12-09T03:52:53.131+0000][1][safepoint    ] Application time: 1.0000762 seconds
[2019-12-09T03:52:53.131+0000][1][safepoint    ] Entering safepoint region: Cleanup
[2019-12-09T03:52:53.131+0000][1][safepoint    ] Leaving safepoint region
[2019-12-09T03:52:53.131+0000][1][safepoint    ] Total time for which application threads were stopped: 0.0001219 seconds, Stopping threads took: 0.0000250 seconds
[2019-12-09T03:52:54.132+0000][1][safepoint    ] Application time: 1.0000779 seconds
[2019-12-09T03:52:54.132+0000][1][safepoint    ] Entering safepoint region: Cleanup
[2019-12-09T03:52:54.132+0000][1][safepoint    ] Leaving safepoint region
[2019-12-09T03:52:54.132+0000][1][safepoint    ] Total time for which application threads were stopped: 0.0001142 seconds, Stopping threads took: 0.0000168 seconds
[2019-12-09T03:52:55.132+0000][1][safepoint    ] Application time: 1.0000469 seconds
[2019-12-09T03:52:55.132+0000][1][safepoint    ] Entering safepoint region: Cleanup
[2019-12-09T03:52:55.132+0000][1][safepoint    ] Leaving safepoint region
[2019-12-09T03:52:55.132+0000][1][safepoint    ] Total time for which application threads were stopped: 0.0001004 seconds, Stopping threads took: 0.0000180 seconds
[2019-12-09T03:52:56.132+0000][1][safepoint    ] Application time: 1.0000741 seconds
[2019-12-09T03:52:56.132+0000][1][safepoint    ] Entering safepoint region: Cleanup
[2019-12-09T03:52:56.132+0000][1][safepoint    ] Leaving safepoint region
[2019-12-09T03:52:56.132+0000][1][safepoint    ] Total time for which application threads were stopped: 0.0000989 seconds, Stopping threads took: 0.0000186 seconds
[2019-12-09T03:52:57.132+0000][1][safepoint    ] Application time: 1.0000761 seconds
[2019-12-09T03:52:57.132+0000][1][safepoint    ] Entering safepoint region: Cleanup
[2019-12-09T03:52:57.132+0000][1][safepoint    ] Leaving safepoint region
[2019-12-09T03:52:57.132+0000][1][safepoint    ] Total time for which application threads were stopped: 0.0000977 seconds, Stopping threads took: 0.0000189 seconds
[2019-12-09T03:52:58.132+0000][1][safepoint    ] Application time: 1.0000767 seconds
[2019-12-09T03:52:58.132+0000][1][safepoint    ] Entering safepoint region: Cleanup
[2019-12-09T03:52:58.132+0000][1][safepoint    ] Leaving safepoint region
[2019-12-09T03:52:58.132+0000][1][safepoint    ] Total time for which application threads were stopped: 0.0001061 seconds, Stopping threads took: 0.0000179 seconds
[2019-12-09T03:52:59.133+0000][1][safepoint    ] Application time: 1.0000758 seconds
[2019-12-09T03:52:59.133+0000][1][safepoint    ] Entering safepoint region: Cleanup
[2019-12-09T03:52:59.133+0000][1][safepoint    ] Leaving safepoint region
[2019-12-09T03:52:59.133+0000][1][safepoint    ] Total time for which application threads were stopped: 0.0001070 seconds, Stopping threads took: 0.0000163 seconds
[2019-12-09T03:53:00.136+0000][1][safepoint    ] Application time: 1.0029881 seconds
[2019-12-09T03:53:00.136+0000][1][safepoint    ] Entering safepoint region: Cleanup
[2019-12-09T03:53:00.136+0000][1][safepoint    ] Leaving safepoint region
[2019-12-09T03:53:00.136+0000][1][safepoint    ] Total time for which application threads were stopped: 0.0001680 seconds, Stopping threads took: 0.0000238 seconds
[2019-12-09T03:53:01.136+0000][1][safepoint    ] Application time: 1.0000379 seconds
[2019-12-09T03:53:01.136+0000][1][safepoint    ] Entering safepoint region: Cleanup
[2019-12-09T03:53:01.136+0000][1][safepoint    ] Leaving safepoint region
[2019-12-09T03:53:01.136+0000][1][safepoint    ] Total time for which application threads were stopped: 0.0001056 seconds, Stopping threads took: 0.0000220 seconds
[2019-12-09T03:53:02.136+0000][1][safepoint    ] Application time: 1.0000752 seconds
[2019-12-09T03:53:02.136+0000][1][safepoint    ] Entering safepoint region: Cleanup
[2019-12-09T03:53:02.136+0000][1][safepoint    ] Leaving safepoint region
[2019-12-09T03:53:02.136+0000][1][safepoint    ] Total time for which application threads were stopped: 0.0001063 seconds, Stopping threads took: 0.0000189 seconds
[2019-12-09T03:53:03.136+0000][1][safepoint    ] Application time: 1.0000770 seconds
[2019-12-09T03:53:03.136+0000][1][safepoint    ] Entering safepoint region: Cleanup
[2019-12-09T03:53:03.137+0000][1][safepoint    ] Leaving safepoint region
[2019-12-09T03:53:03.137+0000][1][safepoint    ] Total time for which application threads were stopped: 0.0001075 seconds, Stopping threads took: 0.0000170 seconds
[2019-12-09T03:53:04.137+0000][1][safepoint    ] Application time: 1.0000856 seconds
[2019-12-09T03:53:04.137+0000][1][safepoint    ] Entering safepoint region: Cleanup
[2019-12-09T03:53:04.137+0000][1][safepoint    ] Leaving safepoint region
[2019-12-09T03:53:04.137+0000][1][safepoint    ] Total time for which application threads were stopped: 0.0001224 seconds, Stopping threads took: 0.0000179 seconds
[2019-12-09T03:53:05.137+0000][1][safepoint    ] Application time: 1.0000776 seconds
[2019-12-09T03:53:05.137+0000][1][safepoint    ] Entering safepoint region: Cleanup
[2019-12-09T03:53:05.137+0000][1][safepoint    ] Leaving safepoint region
[2019-12-09T03:53:05.137+0000][1][safepoint    ] Total time for which application threads were stopped: 0.0001335 seconds, Stopping threads took: 0.0000335 seconds
[2019-12-09T03:53:06.137+0000][1][safepoint    ] Application time: 1.0000814 seconds
[2019-12-09T03:53:06.137+0000][1][safepoint    ] Entering safepoint region: Cleanup
[2019-12-09T03:53:06.137+0000][1][safepoint    ] Leaving safepoint region
[2019-12-09T03:53:06.137+0000][1][safepoint    ] Total time for which application threads were stopped: 0.0001008 seconds, Stopping threads took: 0.0000203 seconds
[2019-12-09T03:53:07.137+0000][1][safepoint    ] Application time: 1.0000775 seconds
[2019-12-09T03:53:07.137+0000][1][safepoint    ] Entering safepoint region: Cleanup
[2019-12-09T03:53:07.138+0000][1][safepoint    ] Leaving safepoint region
[2019-12-09T03:53:07.138+0000][1][safepoint    ] Total time for which application threads were stopped: 0.0001053 seconds, Stopping threads took: 0.0000174 seconds
[2019-12-09T03:53:08.138+0000][1][safepoint    ] Application time: 1.0000787 seconds
[2019-12-09T03:53:08.138+0000][1][safepoint    ] Entering safepoint region: Cleanup
[2019-12-09T03:53:08.138+0000][1][safepoint    ] Leaving safepoint region
[2019-12-09T03:53:08.138+0000][1][safepoint    ] Total time for which application threads were stopped: 0.0001079 seconds, Stopping threads took: 0.0000191 seconds
[2019-12-09T03:53:09.138+0000][1][safepoint    ] Application time: 1.0000770 seconds
[2019-12-09T03:53:09.138+0000][1][safepoint    ] Entering safepoint region: Cleanup
[2019-12-09T03:53:09.138+0000][1][safepoint    ] Leaving safepoint region
[2019-12-09T03:53:09.138+0000][1][safepoint    ] Total time for which application threads were stopped: 0.0001102 seconds, Stopping threads took: 0.0000182 seconds
[2019-12-09T03:53:10.138+0000][1][safepoint    ] Application time: 1.0000785 seconds
[2019-12-09T03:53:10.138+0000][1][safepoint    ] Entering safepoint region: Cleanup
[2019-12-09T03:53:10.138+0000][1][safepoint    ] Leaving safepoint region
[2019-12-09T03:53:10.138+0000][1][safepoint    ] Total time for which application threads were stopped: 0.0001014 seconds, Stopping threads took: 0.0000188 seconds
[2019-12-09T03:53:11.138+0000][1][safepoint    ] Application time: 1.0000768 seconds
[2019-12-09T03:53:11.138+0000][1][safepoint    ] Entering safepoint region: Cleanup
[2019-12-09T03:53:11.138+0000][1][safepoint    ] Leaving safepoint region
[2019-12-09T03:53:11.138+0000][1][safepoint    ] Total time for which application threads were stopped: 0.0001034 seconds, Stopping threads took: 0.0000162 seconds
[2019-12-09T03:53:12.142+0000][1][safepoint    ] Application time: 1.0033057 seconds
[2019-12-09T03:53:12.142+0000][1][safepoint    ] Entering safepoint region: Cleanup
[2019-12-09T03:53:12.142+0000][1][safepoint    ] Leaving safepoint region
[2019-12-09T03:53:12.142+0000][1][safepoint    ] Total time for which application threads were stopped: 0.0001363 seconds, Stopping threads took: 0.0000241 seconds
[2019-12-09T03:53:13.142+0000][1][safepoint    ] Application time: 1.0000778 seconds
[2019-12-09T03:53:13.142+0000][1][safepoint    ] Entering safepoint region: Cleanup
[2019-12-09T03:53:13.142+0000][1][safepoint    ] Leaving safepoint region
[2019-12-09T03:53:13.142+0000][1][safepoint    ] Total time for which application threads were stopped: 0.0001106 seconds, Stopping threads took: 0.0000168 seconds
[2019-12-09T03:53:14.142+0000][1][safepoint    ] Application time: 1.0000751 seconds
[2019-12-09T03:53:14.142+0000][1][safepoint    ] Entering safepoint region: Cleanup
[2019-12-09T03:53:14.142+0000][1][safepoint    ] Leaving safepoint region
[2019-12-09T03:53:14.142+0000][1][safepoint    ] Total time for which application threads were stopped: 0.0000962 seconds, Stopping threads took: 0.0000172 seconds
[2019-12-09T03:53:17.143+0000][1][safepoint    ] Application time: 3.0002092 seconds
[2019-12-09T03:53:17.143+0000][1][safepoint    ] Entering safepoint region: Cleanup
[2019-12-09T03:53:17.143+0000][1][safepoint    ] Leaving safepoint region
[2019-12-09T03:53:17.143+0000][1][safepoint    ] Total time for which application threads were stopped: 0.0001064 seconds, Stopping threads took: 0.0000165 seconds
[2019-12-09T03:53:20.143+0000][1][safepoint    ] Application time: 3.0002053 seconds
[2019-12-09T03:53:20.143+0000][1][safepoint    ] Entering safepoint region: Cleanup
[2019-12-09T03:53:20.143+0000][1][safepoint    ] Leaving safepoint region
[2019-12-09T03:53:20.143+0000][1][safepoint    ] Total time for which application threads were stopped: 0.0000984 seconds, Stopping threads took: 0.0000173 seconds
[2019-12-09T03:53:21.143+0000][1][safepoint    ] Application time: 1.0000756 seconds
[2019-12-09T03:53:21.143+0000][1][safepoint    ] Entering safepoint region: Cleanup
[2019-12-09T03:53:21.143+0000][1][safepoint    ] Leaving safepoint region
[2019-12-09T03:53:21.143+0000][1][safepoint    ] Total time for which application threads were stopped: 0.0000956 seconds, Stopping threads took: 0.0000168 seconds
[2019-12-09T03:53:25.143+0000][1][safepoint    ] Application time: 4.0002717 seconds
[2019-12-09T03:53:25.143+0000][1][safepoint    ] Entering safepoint region: Cleanup
[2019-12-09T03:53:25.144+0000][1][safepoint    ] Leaving safepoint region
[2019-12-09T03:53:25.144+0000][1][safepoint    ] Total time for which application threads were stopped: 0.0000960 seconds, Stopping threads took: 0.0000174 seconds
[2019-12-09T03:53:26.144+0000][1][safepoint    ] Application time: 1.0000769 seconds
[2019-12-09T03:53:26.144+0000][1][safepoint    ] Entering safepoint region: Cleanup
[2019-12-09T03:53:26.144+0000][1][safepoint    ] Leaving safepoint region
[2019-12-09T03:53:26.144+0000][1][safepoint    ] Total time for which application threads were stopped: 0.0001078 seconds, Stopping threads took: 0.0000295 seconds
[2019-12-09T03:53:27.144+0000][1][safepoint    ] Application time: 1.0000768 seconds
[2019-12-09T03:53:27.144+0000][1][safepoint    ] Entering safepoint region: Cleanup
[2019-12-09T03:53:27.144+0000][1][safepoint    ] Leaving safepoint region
[2019-12-09T03:53:27.144+0000][1][safepoint    ] Total time for which application threads were stopped: 0.0000920 seconds, Stopping threads took: 0.0000162 seconds
[2019-12-09T03:53:28.144+0000][1][safepoint    ] Application time: 1.0000765 seconds
[2019-12-09T03:53:28.144+0000][1][safepoint    ] Entering safepoint region: Cleanup
[2019-12-09T03:53:28.144+0000][1][safepoint    ] Leaving safepoint region
[2019-12-09T03:53:28.144+0000][1][safepoint    ] Total time for which application threads were stopped: 0.0001036 seconds, Stopping threads took: 0.0000170 seconds
[2019-12-09T03:53:29.144+0000][1][safepoint    ] Application time: 1.0000758 seconds
[2019-12-09T03:53:29.144+0000][1][safepoint    ] Entering safepoint region: Cleanup
[2019-12-09T03:53:29.144+0000][1][safepoint    ] Leaving safepoint region
[2019-12-09T03:53:29.144+0000][1][safepoint    ] Total time for which application threads were stopped: 0.0000993 seconds, Stopping threads took: 0.0000165 seconds
[2019-12-09T03:53:29.529+0000][1][safepoint    ] Application time: 0.3841567 seconds
[2019-12-09T03:53:29.529+0000][1][safepoint    ] Entering safepoint region: GenCollectForAllocation
[2019-12-09T03:53:29.529+0000][1][gc,start     ] GC(30) Pause Young (Allocation Failure)
[2019-12-09T03:53:29.529+0000][1][gc,task      ] GC(30) Using 2 workers of 2 for evacuation
[2019-12-09T03:53:29.536+0000][1][gc,age       ] GC(30) Desired survivor size 4456448 bytes, new threshold 5 (max threshold 6)
[2019-12-09T03:53:29.536+0000][1][gc,age       ] GC(30) Age table with threshold 5 (max threshold 6)
[2019-12-09T03:53:29.536+0000][1][gc,age       ] GC(30) - age   1:     206128 bytes,     206128 total
[2019-12-09T03:53:29.536+0000][1][gc,age       ] GC(30) - age   2:     856760 bytes,    1062888 total
[2019-12-09T03:53:29.536+0000][1][gc,age       ] GC(30) - age   3:     158360 bytes,    1221248 total
[2019-12-09T03:53:29.536+0000][1][gc,age       ] GC(30) - age   4:     390432 bytes,    1611680 total
[2019-12-09T03:53:29.536+0000][1][gc,age       ] GC(30) - age   5:    5125256 bytes,    6736936 total
[2019-12-09T03:53:29.536+0000][1][gc,heap      ] GC(30) ParNew: 75028K->8010K(78656K)
[2019-12-09T03:53:29.536+0000][1][gc,heap      ] GC(30) CMS: 71630K->71630K(174784K)
[2019-12-09T03:53:29.536+0000][1][gc,metaspace ] GC(30) Metaspace: 79129K->79129K(1122304K)
[2019-12-09T03:53:29.536+0000][1][gc           ] GC(30) Pause Young (Allocation Failure) 143M->77M(247M) 7.247ms
[2019-12-09T03:53:29.536+0000][1][gc,cpu       ] GC(30) User=0.02s Sys=0.00s Real=0.01s
[2019-12-09T03:53:29.536+0000][1][safepoint    ] Leaving safepoint region
[2019-12-09T03:53:29.536+0000][1][safepoint    ] Total time for which application threads were stopped: 0.0074897 seconds, Stopping threads took: 0.0000641 seconds
[2019-12-09T03:53:30.540+0000][1][safepoint    ] Application time: 1.0036281 seconds
[2019-12-09T03:53:30.540+0000][1][safepoint    ] Entering safepoint region: Cleanup
[2019-12-09T03:53:30.540+0000][1][safepoint    ] Leaving safepoint region
[2019-12-09T03:53:30.540+0000][1][safepoint    ] Total time for which application threads were stopped: 0.0001514 seconds, Stopping threads took: 0.0000276 seconds
[2019-12-09T03:53:31.540+0000][1][safepoint    ] Application time: 1.0000765 seconds
[2019-12-09T03:53:31.540+0000][1][safepoint    ] Entering safepoint region: Cleanup
[2019-12-09T03:53:31.540+0000][1][safepoint    ] Leaving safepoint region
[2019-12-09T03:53:31.540+0000][1][safepoint    ] Total time for which application threads were stopped: 0.0001103 seconds, Stopping threads took: 0.0000191 seconds
[2019-12-09T03:53:33.540+0000][1][safepoint    ] Application time: 2.0001433 seconds
[2019-12-09T03:53:33.540+0000][1][safepoint    ] Entering safepoint region: Cleanup
[2019-12-09T03:53:33.540+0000][1][safepoint    ] Leaving safepoint region
[2019-12-09T03:53:33.540+0000][1][safepoint    ] Total time for which application threads were stopped: 0.0001004 seconds, Stopping threads took: 0.0000191 seconds
[2019-12-09T03:53:34.540+0000][1][safepoint    ] Application time: 1.0000752 seconds
[2019-12-09T03:53:34.541+0000][1][safepoint    ] Entering safepoint region: Cleanup
[2019-12-09T03:53:34.541+0000][1][safepoint    ] Leaving safepoint region
[2019-12-09T03:53:34.541+0000][1][safepoint    ] Total time for which application threads were stopped: 0.0001009 seconds, Stopping threads took: 0.0000183 seconds
[2019-12-09T03:53:35.541+0000][1][safepoint    ] Application time: 1.0000862 seconds
[2019-12-09T03:53:35.541+0000][1][safepoint    ] Entering safepoint region: Cleanup
[2019-12-09T03:53:35.541+0000][1][safepoint    ] Leaving safepoint region
[2019-12-09T03:53:35.541+0000][1][safepoint    ] Total time for which application threads were stopped: 0.0001086 seconds, Stopping threads took: 0.0000257 seconds
[2019-12-09T03:53:36.541+0000][1][safepoint    ] Application time: 1.0000775 seconds
[2019-12-09T03:53:36.541+0000][1][safepoint    ] Entering safepoint region: Cleanup
[2019-12-09T03:53:36.541+0000][1][safepoint    ] Leaving safepoint region
[2019-12-09T03:53:36.541+0000][1][safepoint    ] Total time for which application threads were stopped: 0.0001102 seconds, Stopping threads took: 0.0000188 seconds
[2019-12-09T03:53:37.541+0000][1][safepoint    ] Application time: 1.0000775 seconds
[2019-12-09T03:53:37.541+0000][1][safepoint    ] Entering safepoint region: Cleanup
[2019-12-09T03:53:37.541+0000][1][safepoint    ] Leaving safepoint region
[2019-12-09T03:53:37.541+0000][1][safepoint    ] Total time for which application threads were stopped: 0.0000990 seconds, Stopping threads took: 0.0000182 seconds
[2019-12-09T03:53:38.541+0000][1][safepoint    ] Application time: 1.0000834 seconds
[2019-12-09T03:53:38.541+0000][1][safepoint    ] Entering safepoint region: Cleanup
[2019-12-09T03:53:38.541+0000][1][safepoint    ] Leaving safepoint region
[2019-12-09T03:53:38.541+0000][1][safepoint    ] Total time for which application threads were stopped: 0.0001115 seconds, Stopping threads took: 0.0000198 seconds
[2019-12-09T03:53:40.542+0000][1][safepoint    ] Application time: 2.0001010 seconds
[2019-12-09T03:53:40.542+0000][1][safepoint    ] Entering safepoint region: Cleanup
[2019-12-09T03:53:40.542+0000][1][safepoint    ] Leaving safepoint region
[2019-12-09T03:53:40.542+0000][1][safepoint    ] Total time for which application threads were stopped: 0.0001129 seconds, Stopping threads took: 0.0000175 seconds
[2019-12-09T03:53:41.288+0000][1][safepoint    ] Application time: 0.7465563 seconds
[2019-12-09T03:53:41.288+0000][1][safepoint    ] Entering safepoint region: RevokeBias
[2019-12-09T03:53:41.289+0000][1][safepoint    ] Leaving safepoint region
[2019-12-09T03:53:41.289+0000][1][safepoint    ] Total time for which application threads were stopped: 0.0001815 seconds, Stopping threads took: 0.0000257 seconds
[2019-12-09T03:53:41.289+0000][1][safepoint    ] Application time: 0.0000636 seconds
[2019-12-09T03:53:41.289+0000][1][safepoint    ] Entering safepoint region: RevokeBias
[2019-12-09T03:53:41.289+0000][1][safepoint    ] Leaving safepoint region
[2019-12-09T03:53:41.289+0000][1][safepoint    ] Total time for which application threads were stopped: 0.0001117 seconds, Stopping threads took: 0.0000121 seconds
[2019-12-09T03:53:41.289+0000][1][safepoint    ] Application time: 0.0000433 seconds
[2019-12-09T03:53:41.289+0000][1][safepoint    ] Entering safepoint region: RevokeBias
[2019-12-09T03:53:41.289+0000][1][safepoint    ] Leaving safepoint region
[2019-12-09T03:53:41.289+0000][1][safepoint    ] Total time for which application threads were stopped: 0.0000690 seconds, Stopping threads took: 0.0000097 seconds
[2019-12-09T03:53:41.289+0000][1][safepoint    ] Application time: 0.0000397 seconds
[2019-12-09T03:53:41.289+0000][1][safepoint    ] Entering safepoint region: RevokeBias
[2019-12-09T03:53:41.289+0000][1][safepoint    ] Leaving safepoint region
[2019-12-09T03:53:41.289+0000][1][safepoint    ] Total time for which application threads were stopped: 0.0000630 seconds, Stopping threads took: 0.0000091 seconds
[2019-12-09T03:53:41.289+0000][1][safepoint    ] Application time: 0.0000388 seconds
[2019-12-09T03:53:41.289+0000][1][safepoint    ] Entering safepoint region: RevokeBias
[2019-12-09T03:53:41.289+0000][1][safepoint    ] Leaving safepoint region
[2019-12-09T03:53:41.289+0000][1][safepoint    ] Total time for which application threads were stopped: 0.0000639 seconds, Stopping threads took: 0.0000091 seconds
[2019-12-09T03:53:43.289+0000][1][safepoint    ] Application time: 2.0001385 seconds
[2019-12-09T03:53:43.289+0000][1][safepoint    ] Entering safepoint region: Cleanup
[2019-12-09T03:53:43.289+0000][1][safepoint    ] Leaving safepoint region
[2019-12-09T03:53:43.289+0000][1][safepoint    ] Total time for which application threads were stopped: 0.0001051 seconds, Stopping threads took: 0.0000191 seconds
[2019-12-09T03:53:44.289+0000][1][safepoint    ] Application time: 1.0000773 seconds
[2019-12-09T03:53:44.290+0000][1][safepoint    ] Entering safepoint region: Cleanup
[2019-12-09T03:53:44.290+0000][1][safepoint    ] Leaving safepoint region
[2019-12-09T03:53:44.290+0000][1][safepoint    ] Total time for which application threads were stopped: 0.0001032 seconds, Stopping threads took: 0.0000180 seconds
[2019-12-09T03:53:47.290+0000][1][safepoint    ] Application time: 3.0002109 seconds
[2019-12-09T03:53:47.290+0000][1][safepoint    ] Entering safepoint region: Cleanup
[2019-12-09T03:53:47.290+0000][1][safepoint    ] Leaving safepoint region
[2019-12-09T03:53:47.290+0000][1][safepoint    ] Total time for which application threads were stopped: 0.0000995 seconds, Stopping threads took: 0.0000180 seconds
[2019-12-09T03:53:50.290+0000][1][safepoint    ] Application time: 3.0002084 seconds
[2019-12-09T03:53:50.290+0000][1][safepoint    ] Entering safepoint region: Cleanup
[2019-12-09T03:53:50.290+0000][1][safepoint    ] Leaving safepoint region
[2019-12-09T03:53:50.290+0000][1][safepoint    ] Total time for which application threads were stopped: 0.0000979 seconds, Stopping threads took: 0.0000175 seconds
[2019-12-09T03:53:51.290+0000][1][safepoint    ] Application time: 1.0000792 seconds
[2019-12-09T03:53:51.290+0000][1][safepoint    ] Entering safepoint region: Cleanup
[2019-12-09T03:53:51.291+0000][1][safepoint    ] Leaving safepoint region
[2019-12-09T03:53:51.291+0000][1][safepoint    ] Total time for which application threads were stopped: 0.0001317 seconds, Stopping threads took: 0.0000242 seconds
[2019-12-09T03:53:52.291+0000][1][safepoint    ] Application time: 1.0000758 seconds
[2019-12-09T03:53:52.291+0000][1][safepoint    ] Entering safepoint region: Cleanup
[2019-12-09T03:53:52.291+0000][1][safepoint    ] Leaving safepoint region
[2019-12-09T03:53:52.291+0000][1][safepoint    ] Total time for which application threads were stopped: 0.0001195 seconds, Stopping threads took: 0.0000348 seconds
[2019-12-09T03:53:59.291+0000][1][safepoint    ] Application time: 7.0005519 seconds
[2019-12-09T03:53:59.291+0000][1][safepoint    ] Entering safepoint region: Cleanup
[2019-12-09T03:53:59.291+0000][1][safepoint    ] Leaving safepoint region
[2019-12-09T03:53:59.291+0000][1][safepoint    ] Total time for which application threads were stopped: 0.0001011 seconds, Stopping threads took: 0.0000170 seconds
[2019-12-09T03:54:00.292+0000][1][safepoint    ] Application time: 1.0000756 seconds
[2019-12-09T03:54:00.292+0000][1][safepoint    ] Entering safepoint region: Cleanup
[2019-12-09T03:54:00.292+0000][1][safepoint    ] Leaving safepoint region
[2019-12-09T03:54:00.292+0000][1][safepoint    ] Total time for which application threads were stopped: 0.0001126 seconds, Stopping threads took: 0.0000167 seconds
[2019-12-09T03:54:01.292+0000][1][safepoint    ] Application time: 1.0000837 seconds
[2019-12-09T03:54:01.292+0000][1][safepoint    ] Entering safepoint region: Cleanup
[2019-12-09T03:54:01.292+0000][1][safepoint    ] Leaving safepoint region
[2019-12-09T03:54:01.292+0000][1][safepoint    ] Total time for which application threads were stopped: 0.0001387 seconds, Stopping threads took: 0.0000271 seconds
[2019-12-09T03:54:02.292+0000][1][safepoint    ] Application time: 1.0000778 seconds
[2019-12-09T03:54:02.292+0000][1][safepoint    ] Entering safepoint region: Cleanup
[2019-12-09T03:54:02.292+0000][1][safepoint    ] Leaving safepoint region
[2019-12-09T03:54:02.292+0000][1][safepoint    ] Total time for which application threads were stopped: 0.0001073 seconds, Stopping threads took: 0.0000190 seconds
[2019-12-09T03:54:05.292+0000][1][safepoint    ] Application time: 3.0002067 seconds
[2019-12-09T03:54:05.292+0000][1][safepoint    ] Entering safepoint region: Cleanup
[2019-12-09T03:54:05.293+0000][1][safepoint    ] Leaving safepoint region
[2019-12-09T03:54:05.293+0000][1][safepoint    ] Total time for which application threads were stopped: 0.0001053 seconds, Stopping threads took: 0.0000246 seconds
[2019-12-09T03:54:06.293+0000][1][safepoint    ] Application time: 1.0000749 seconds
[2019-12-09T03:54:06.293+0000][1][safepoint    ] Entering safepoint region: Cleanup
[2019-12-09T03:54:06.293+0000][1][safepoint    ] Leaving safepoint region
[2019-12-09T03:54:06.293+0000][1][safepoint    ] Total time for which application threads were stopped: 0.0001032 seconds, Stopping threads took: 0.0000182 seconds
[2019-12-09T03:54:08.293+0000][1][safepoint    ] Application time: 2.0001421 seconds
[2019-12-09T03:54:08.293+0000][1][safepoint    ] Entering safepoint region: Cleanup
[2019-12-09T03:54:08.293+0000][1][safepoint    ] Leaving safepoint region
[2019-12-09T03:54:08.293+0000][1][safepoint    ] Total time for which application threads were stopped: 0.0001381 seconds, Stopping threads took: 0.0000259 seconds
[2019-12-09T03:54:11.299+0000][1][safepoint    ] Application time: 3.0056946 seconds
[2019-12-09T03:54:11.299+0000][1][safepoint    ] Entering safepoint region: Cleanup
[2019-12-09T03:54:11.299+0000][1][safepoint    ] Leaving safepoint region
[2019-12-09T03:54:11.299+0000][1][safepoint    ] Total time for which application threads were stopped: 0.0001447 seconds, Stopping threads took: 0.0000257 seconds
[2019-12-09T03:54:14.299+0000][1][safepoint    ] Application time: 3.0002098 seconds
[2019-12-09T03:54:14.299+0000][1][safepoint    ] Entering safepoint region: Cleanup
[2019-12-09T03:54:14.299+0000][1][safepoint    ] Leaving safepoint region
[2019-12-09T03:54:14.299+0000][1][safepoint    ] Total time for which application threads were stopped: 0.0001051 seconds, Stopping threads took: 0.0000184 seconds
[2019-12-09T03:54:15.299+0000][1][safepoint    ] Application time: 1.0000771 seconds
[2019-12-09T03:54:15.299+0000][1][safepoint    ] Entering safepoint region: Cleanup
[2019-12-09T03:54:15.300+0000][1][safepoint    ] Leaving safepoint region
[2019-12-09T03:54:15.300+0000][1][safepoint    ] Total time for which application threads were stopped: 0.0000974 seconds, Stopping threads took: 0.0000164 seconds
[2019-12-09T03:54:17.300+0000][1][safepoint    ] Application time: 2.0001436 seconds
[2019-12-09T03:54:17.300+0000][1][safepoint    ] Entering safepoint region: Cleanup
[2019-12-09T03:54:17.300+0000][1][safepoint    ] Leaving safepoint region
[2019-12-09T03:54:17.300+0000][1][safepoint    ] Total time for which application threads were stopped: 0.0000988 seconds, Stopping threads took: 0.0000173 seconds
[2019-12-09T03:54:20.300+0000][1][safepoint    ] Application time: 3.0002067 seconds
[2019-12-09T03:54:20.300+0000][1][safepoint    ] Entering safepoint region: Cleanup
[2019-12-09T03:54:20.300+0000][1][safepoint    ] Leaving safepoint region
[2019-12-09T03:54:20.300+0000][1][safepoint    ] Total time for which application threads were stopped: 0.0001059 seconds, Stopping threads took: 0.0000177 seconds
[2019-12-09T03:54:23.300+0000][1][safepoint    ] Application time: 3.0002121 seconds
[2019-12-09T03:54:23.300+0000][1][safepoint    ] Entering safepoint region: Cleanup
[2019-12-09T03:54:23.301+0000][1][safepoint    ] Leaving safepoint region
[2019-12-09T03:54:23.301+0000][1][safepoint    ] Total time for which application threads were stopped: 0.0001019 seconds, Stopping threads took: 0.0000177 seconds
[2019-12-09T03:54:29.301+0000][1][safepoint    ] Application time: 6.0004105 seconds
[2019-12-09T03:54:29.301+0000][1][safepoint    ] Entering safepoint region: Cleanup
[2019-12-09T03:54:29.301+0000][1][safepoint    ] Leaving safepoint region
[2019-12-09T03:54:29.301+0000][1][safepoint    ] Total time for which application threads were stopped: 0.0001006 seconds, Stopping threads took: 0.0000181 seconds
[2019-12-09T03:54:32.301+0000][1][safepoint    ] Application time: 3.0002140 seconds
[2019-12-09T03:54:32.301+0000][1][safepoint    ] Entering safepoint region: Cleanup
[2019-12-09T03:54:32.301+0000][1][safepoint    ] Leaving safepoint region
[2019-12-09T03:54:32.301+0000][1][safepoint    ] Total time for which application threads were stopped: 0.0001015 seconds, Stopping threads took: 0.0000183 seconds
[2019-12-09T03:54:33.302+0000][1][safepoint    ] Application time: 1.0000774 seconds
[2019-12-09T03:54:33.302+0000][1][safepoint    ] Entering safepoint region: Cleanup
[2019-12-09T03:54:33.302+0000][1][safepoint    ] Leaving safepoint region
[2019-12-09T03:54:33.302+0000][1][safepoint    ] Total time for which application threads were stopped: 0.0001161 seconds, Stopping threads took: 0.0000183 seconds
[2019-12-09T03:54:34.302+0000][1][safepoint    ] Application time: 1.0000767 seconds
[2019-12-09T03:54:34.302+0000][1][safepoint    ] Entering safepoint region: Cleanup
[2019-12-09T03:54:34.302+0000][1][safepoint    ] Leaving safepoint region
[2019-12-09T03:54:34.302+0000][1][safepoint    ] Total time for which application threads were stopped: 0.0001118 seconds, Stopping threads took: 0.0000282 seconds
[2019-12-09T03:54:35.302+0000][1][safepoint    ] Application time: 1.0000763 seconds
[2019-12-09T03:54:35.302+0000][1][safepoint    ] Entering safepoint region: Cleanup
[2019-12-09T03:54:35.302+0000][1][safepoint    ] Leaving safepoint region
[2019-12-09T03:54:35.302+0000][1][safepoint    ] Total time for which application threads were stopped: 0.0001108 seconds, Stopping threads took: 0.0000260 seconds
[2019-12-09T03:54:38.302+0000][1][safepoint    ] Application time: 3.0002075 seconds
[2019-12-09T03:54:38.302+0000][1][safepoint    ] Entering safepoint region: Cleanup
[2019-12-09T03:54:38.303+0000][1][safepoint    ] Leaving safepoint region
[2019-12-09T03:54:38.303+0000][1][safepoint    ] Total time for which application threads were stopped: 0.0001033 seconds, Stopping threads took: 0.0000194 seconds
[2019-12-09T03:54:41.303+0000][1][safepoint    ] Application time: 3.0002153 seconds
[2019-12-09T03:54:41.303+0000][1][safepoint    ] Entering safepoint region: Cleanup
[2019-12-09T03:54:41.303+0000][1][safepoint    ] Leaving safepoint region
[2019-12-09T03:54:41.303+0000][1][safepoint    ] Total time for which application threads were stopped: 0.0000997 seconds, Stopping threads took: 0.0000167 seconds
[2019-12-09T03:54:44.303+0000][1][safepoint    ] Application time: 3.0002111 seconds
[2019-12-09T03:54:44.303+0000][1][safepoint    ] Entering safepoint region: Cleanup
[2019-12-09T03:54:44.303+0000][1][safepoint    ] Leaving safepoint region
[2019-12-09T03:54:44.303+0000][1][safepoint    ] Total time for which application threads were stopped: 0.0001022 seconds, Stopping threads took: 0.0000180 seconds
[2019-12-09T03:54:48.304+0000][1][safepoint    ] Application time: 4.0002793 seconds
[2019-12-09T03:54:48.304+0000][1][safepoint    ] Entering safepoint region: Cleanup
[2019-12-09T03:54:48.304+0000][1][safepoint    ] Leaving safepoint region
[2019-12-09T03:54:48.304+0000][1][safepoint    ] Total time for which application threads were stopped: 0.0001147 seconds, Stopping threads took: 0.0000179 seconds
[2019-12-09T03:54:51.304+0000][1][safepoint    ] Application time: 3.0002143 seconds
[2019-12-09T03:54:51.304+0000][1][safepoint    ] Entering safepoint region: Cleanup
[2019-12-09T03:54:51.304+0000][1][safepoint    ] Leaving safepoint region
[2019-12-09T03:54:51.304+0000][1][safepoint    ] Total time for which application threads were stopped: 0.0001017 seconds, Stopping threads took: 0.0000193 seconds
[2019-12-09T03:54:53.304+0000][1][safepoint    ] Application time: 2.0001436 seconds
[2019-12-09T03:54:53.304+0000][1][safepoint    ] Entering safepoint region: Cleanup
[2019-12-09T03:54:53.304+0000][1][safepoint    ] Leaving safepoint region
[2019-12-09T03:54:53.304+0000][1][safepoint    ] Total time for which application threads were stopped: 0.0001041 seconds, Stopping threads took: 0.0000198 seconds
[2019-12-09T03:54:56.305+0000][1][safepoint    ] Application time: 3.0001828 seconds
[2019-12-09T03:54:56.305+0000][1][safepoint    ] Entering safepoint region: Cleanup
[2019-12-09T03:54:56.305+0000][1][safepoint    ] Leaving safepoint region
[2019-12-09T03:54:56.305+0000][1][safepoint    ] Total time for which application threads were stopped: 0.0001014 seconds, Stopping threads took: 0.0000181 seconds
[2019-12-09T03:54:59.305+0000][1][safepoint    ] Application time: 3.0002138 seconds
[2019-12-09T03:54:59.305+0000][1][safepoint    ] Entering safepoint region: Cleanup
[2019-12-09T03:54:59.305+0000][1][safepoint    ] Leaving safepoint region
[2019-12-09T03:54:59.305+0000][1][safepoint    ] Total time for which application threads were stopped: 0.0001224 seconds, Stopping threads took: 0.0000179 seconds
[2019-12-09T03:55:03.305+0000][1][safepoint    ] Application time: 4.0002892 seconds
[2019-12-09T03:55:03.305+0000][1][safepoint    ] Entering safepoint region: Cleanup
[2019-12-09T03:55:03.305+0000][1][safepoint    ] Leaving safepoint region
[2019-12-09T03:55:03.305+0000][1][safepoint    ] Total time for which application threads were stopped: 0.0001029 seconds, Stopping threads took: 0.0000224 seconds
[2019-12-09T03:55:05.952+0000][1][safepoint    ] Application time: 2.6462939 seconds
[2019-12-09T03:55:05.952+0000][1][safepoint    ] Entering safepoint region: GenCollectForAllocation
[2019-12-09T03:55:05.952+0000][1][gc,start     ] GC(31) Pause Young (Allocation Failure)
[2019-12-09T03:55:05.952+0000][1][gc,task      ] GC(31) Using 2 workers of 2 for evacuation
[2019-12-09T03:55:05.960+0000][1][gc,age       ] GC(31) Desired survivor size 4456448 bytes, new threshold 6 (max threshold 6)
[2019-12-09T03:55:05.960+0000][1][gc,age       ] GC(31) Age table with threshold 6 (max threshold 6)
[2019-12-09T03:55:05.960+0000][1][gc,age       ] GC(31) - age   1:      27552 bytes,      27552 total
[2019-12-09T03:55:05.960+0000][1][gc,age       ] GC(31) - age   2:     178632 bytes,     206184 total
[2019-12-09T03:55:05.960+0000][1][gc,age       ] GC(31) - age   3:     856640 bytes,    1062824 total
[2019-12-09T03:55:05.960+0000][1][gc,age       ] GC(31) - age   4:     157496 bytes,    1220320 total
[2019-12-09T03:55:05.960+0000][1][gc,age       ] GC(31) - age   5:     376360 bytes,    1596680 total
[2019-12-09T03:55:05.960+0000][1][gc,heap      ] GC(31) ParNew: 77962K->2127K(78656K)
[2019-12-09T03:55:05.960+0000][1][gc,heap      ] GC(31) CMS: 71630K->74473K(174784K)
[2019-12-09T03:55:05.960+0000][1][gc,metaspace ] GC(31) Metaspace: 79329K->79329K(1122304K)
[2019-12-09T03:55:05.960+0000][1][gc           ] GC(31) Pause Young (Allocation Failure) 146M->74M(247M) 7.838ms
[2019-12-09T03:55:05.960+0000][1][gc,cpu       ] GC(31) User=0.01s Sys=0.00s Real=0.01s
[2019-12-09T03:55:05.960+0000][1][safepoint    ] Leaving safepoint region
[2019-12-09T03:55:05.960+0000][1][safepoint    ] Total time for which application threads were stopped: 0.0080191 seconds, Stopping threads took: 0.0000251 seconds
[2019-12-09T03:55:11.961+0000][1][safepoint    ] Application time: 6.0009391 seconds
[2019-12-09T03:55:11.961+0000][1][safepoint    ] Entering safepoint region: Cleanup
[2019-12-09T03:55:11.961+0000][1][safepoint    ] Leaving safepoint region
[2019-12-09T03:55:11.961+0000][1][safepoint    ] Total time for which application threads were stopped: 0.0001040 seconds, Stopping threads took: 0.0000190 seconds
[2019-12-09T03:55:12.961+0000][1][safepoint    ] Application time: 1.0000759 seconds
[2019-12-09T03:55:12.961+0000][1][safepoint    ] Entering safepoint region: Cleanup
[2019-12-09T03:55:12.961+0000][1][safepoint    ] Leaving safepoint region
[2019-12-09T03:55:12.961+0000][1][safepoint    ] Total time for which application threads were stopped: 0.0001052 seconds, Stopping threads took: 0.0000187 seconds
[2019-12-09T03:55:16.961+0000][1][safepoint    ] Application time: 4.0002330 seconds
[2019-12-09T03:55:16.961+0000][1][safepoint    ] Entering safepoint region: Cleanup
[2019-12-09T03:55:16.962+0000][1][safepoint    ] Leaving safepoint region
[2019-12-09T03:55:16.962+0000][1][safepoint    ] Total time for which application threads were stopped: 0.0001079 seconds, Stopping threads took: 0.0000205 seconds
[2019-12-09T03:55:21.962+0000][1][safepoint    ] Application time: 5.0003501 seconds
[2019-12-09T03:55:21.962+0000][1][safepoint    ] Entering safepoint region: Cleanup
[2019-12-09T03:55:21.962+0000][1][safepoint    ] Leaving safepoint region
[2019-12-09T03:55:21.962+0000][1][safepoint    ] Total time for which application threads were stopped: 0.0001067 seconds, Stopping threads took: 0.0000191 seconds
[2019-12-09T03:55:29.963+0000][1][safepoint    ] Application time: 8.0005562 seconds
[2019-12-09T03:55:29.963+0000][1][safepoint    ] Entering safepoint region: Cleanup
[2019-12-09T03:55:29.963+0000][1][safepoint    ] Leaving safepoint region
[2019-12-09T03:55:29.963+0000][1][safepoint    ] Total time for which application threads were stopped: 0.0001221 seconds, Stopping threads took: 0.0000193 seconds
[2019-12-09T03:55:31.963+0000][1][safepoint    ] Application time: 2.0001430 seconds
[2019-12-09T03:55:31.963+0000][1][safepoint    ] Entering safepoint region: Cleanup
[2019-12-09T03:55:31.963+0000][1][safepoint    ] Leaving safepoint region
[2019-12-09T03:55:31.963+0000][1][safepoint    ] Total time for which application threads were stopped: 0.0001052 seconds, Stopping threads took: 0.0000186 seconds
[2019-12-09T03:55:37.963+0000][1][safepoint    ] Application time: 6.0004098 seconds
[2019-12-09T03:55:37.964+0000][1][safepoint    ] Entering safepoint region: Cleanup
[2019-12-09T03:55:37.964+0000][1][safepoint    ] Leaving safepoint region
[2019-12-09T03:55:37.964+0000][1][safepoint    ] Total time for which application threads were stopped: 0.0001014 seconds, Stopping threads took: 0.0000186 seconds
[2019-12-09T03:55:39.964+0000][1][safepoint    ] Application time: 2.0001511 seconds
[2019-12-09T03:55:39.964+0000][1][safepoint    ] Entering safepoint region: Cleanup
[2019-12-09T03:55:39.964+0000][1][safepoint    ] Leaving safepoint region
[2019-12-09T03:55:39.964+0000][1][safepoint    ] Total time for which application threads were stopped: 0.0001047 seconds, Stopping threads took: 0.0000187 seconds
[2019-12-09T03:55:43.964+0000][1][safepoint    ] Application time: 4.0003014 seconds
[2019-12-09T03:55:43.964+0000][1][safepoint    ] Entering safepoint region: Cleanup
[2019-12-09T03:55:43.964+0000][1][safepoint    ] Leaving safepoint region
[2019-12-09T03:55:43.964+0000][1][safepoint    ] Total time for which application threads were stopped: 0.0000969 seconds, Stopping threads took: 0.0000166 seconds
[2019-12-09T03:55:46.965+0000][1][safepoint    ] Application time: 3.0002063 seconds
[2019-12-09T03:55:46.965+0000][1][safepoint    ] Entering safepoint region: Cleanup
[2019-12-09T03:55:46.965+0000][1][safepoint    ] Leaving safepoint region
[2019-12-09T03:55:46.965+0000][1][safepoint    ] Total time for which application threads were stopped: 0.0001164 seconds, Stopping threads took: 0.0000191 seconds
[2019-12-09T03:55:48.965+0000][1][safepoint    ] Application time: 2.0001428 seconds
[2019-12-09T03:55:48.965+0000][1][safepoint    ] Entering safepoint region: Cleanup
[2019-12-09T03:55:48.965+0000][1][safepoint    ] Leaving safepoint region
[2019-12-09T03:55:48.965+0000][1][safepoint    ] Total time for which application threads were stopped: 0.0001041 seconds, Stopping threads took: 0.0000180 seconds
[2019-12-09T03:55:50.965+0000][1][safepoint    ] Application time: 2.0001432 seconds
[2019-12-09T03:55:50.965+0000][1][safepoint    ] Entering safepoint region: Cleanup
[2019-12-09T03:55:50.965+0000][1][safepoint    ] Leaving safepoint region
[2019-12-09T03:55:50.965+0000][1][safepoint    ] Total time for which application threads were stopped: 0.0001048 seconds, Stopping threads took: 0.0000192 seconds
[2019-12-09T03:55:51.965+0000][1][safepoint    ] Application time: 1.0000761 seconds
[2019-12-09T03:55:51.965+0000][1][safepoint    ] Entering safepoint region: Cleanup
[2019-12-09T03:55:51.965+0000][1][safepoint    ] Leaving safepoint region
[2019-12-09T03:55:51.965+0000][1][safepoint    ] Total time for which application threads were stopped: 0.0001018 seconds, Stopping threads took: 0.0000180 seconds
[2019-12-09T03:55:54.966+0000][1][safepoint    ] Application time: 3.0002121 seconds
[2019-12-09T03:55:54.966+0000][1][safepoint    ] Entering safepoint region: Cleanup
[2019-12-09T03:55:54.966+0000][1][safepoint    ] Leaving safepoint region
[2019-12-09T03:55:54.966+0000][1][safepoint    ] Total time for which application threads were stopped: 0.0001026 seconds, Stopping threads took: 0.0000193 seconds
[2019-12-09T03:55:58.966+0000][1][safepoint    ] Application time: 4.0002770 seconds
[2019-12-09T03:55:58.966+0000][1][safepoint    ] Entering safepoint region: Cleanup
[2019-12-09T03:55:58.966+0000][1][safepoint    ] Leaving safepoint region
[2019-12-09T03:55:58.966+0000][1][safepoint    ] Total time for which application threads were stopped: 0.0001001 seconds, Stopping threads took: 0.0000181 seconds
[2019-12-09T03:55:59.966+0000][1][safepoint    ] Application time: 1.0000768 seconds
[2019-12-09T03:55:59.966+0000][1][safepoint    ] Entering safepoint region: Cleanup
[2019-12-09T03:55:59.966+0000][1][safepoint    ] Leaving safepoint region
[2019-12-09T03:55:59.966+0000][1][safepoint    ] Total time for which application threads were stopped: 0.0001031 seconds, Stopping threads took: 0.0000220 seconds
[2019-12-09T03:56:16.968+0000][1][safepoint    ] Application time: 17.0011589 seconds
[2019-12-09T03:56:16.968+0000][1][safepoint    ] Entering safepoint region: Cleanup
[2019-12-09T03:56:16.968+0000][1][safepoint    ] Leaving safepoint region
[2019-12-09T03:56:16.968+0000][1][safepoint    ] Total time for which application threads were stopped: 0.0001042 seconds, Stopping threads took: 0.0000199 seconds
[2019-12-09T03:56:20.968+0000][1][safepoint    ] Application time: 4.0002771 seconds
[2019-12-09T03:56:20.968+0000][1][safepoint    ] Entering safepoint region: Cleanup
[2019-12-09T03:56:20.968+0000][1][safepoint    ] Leaving safepoint region
[2019-12-09T03:56:20.968+0000][1][safepoint    ] Total time for which application threads were stopped: 0.0001009 seconds, Stopping threads took: 0.0000188 seconds
[2019-12-09T03:56:23.968+0000][1][safepoint    ] Application time: 3.0002074 seconds
[2019-12-09T03:56:23.968+0000][1][safepoint    ] Entering safepoint region: Cleanup
[2019-12-09T03:56:23.969+0000][1][safepoint    ] Leaving safepoint region
[2019-12-09T03:56:23.969+0000][1][safepoint    ] Total time for which application threads were stopped: 0.0001056 seconds, Stopping threads took: 0.0000178 seconds
[2019-12-09T03:56:32.969+0000][1][safepoint    ] Application time: 9.0006052 seconds
[2019-12-09T03:56:32.969+0000][1][safepoint    ] Entering safepoint region: Cleanup
[2019-12-09T03:56:32.969+0000][1][safepoint    ] Leaving safepoint region
[2019-12-09T03:56:32.969+0000][1][safepoint    ] Total time for which application threads were stopped: 0.0000998 seconds, Stopping threads took: 0.0000193 seconds
[2019-12-09T03:56:36.843+0000][1][safepoint    ] Application time: 3.8738471 seconds
[2019-12-09T03:56:36.843+0000][1][safepoint    ] Entering safepoint region: RevokeBias
[2019-12-09T03:56:36.843+0000][1][safepoint    ] Leaving safepoint region
[2019-12-09T03:56:36.843+0000][1][safepoint    ] Total time for which application threads were stopped: 0.0002067 seconds, Stopping threads took: 0.0000647 seconds
[2019-12-09T03:56:36.875+0000][1][safepoint    ] Application time: 0.0314325 seconds
[2019-12-09T03:56:36.876+0000][1][safepoint    ] Entering safepoint region: RevokeBias
[2019-12-09T03:56:36.876+0000][1][safepoint    ] Leaving safepoint region
[2019-12-09T03:56:36.876+0000][1][safepoint    ] Total time for which application threads were stopped: 0.0010481 seconds, Stopping threads took: 0.0008913 seconds
[2019-12-09T03:56:36.882+0000][1][safepoint    ] Application time: 0.0059247 seconds
[2019-12-09T03:56:36.882+0000][1][safepoint    ] Entering safepoint region: RevokeBias
[2019-12-09T03:56:36.882+0000][1][safepoint    ] Leaving safepoint region
[2019-12-09T03:56:36.882+0000][1][safepoint    ] Total time for which application threads were stopped: 0.0001450 seconds, Stopping threads took: 0.0000181 seconds
[2019-12-09T03:56:36.883+0000][1][safepoint    ] Application time: 0.0006308 seconds
[2019-12-09T03:56:36.883+0000][1][safepoint    ] Entering safepoint region: RevokeBias
[2019-12-09T03:56:36.883+0000][1][safepoint    ] Leaving safepoint region
[2019-12-09T03:56:36.883+0000][1][safepoint    ] Total time for which application threads were stopped: 0.0001378 seconds, Stopping threads took: 0.0000352 seconds
[2019-12-09T03:56:37.883+0000][1][safepoint    ] Application time: 1.0000766 seconds
[2019-12-09T03:56:37.883+0000][1][safepoint    ] Entering safepoint region: Cleanup
[2019-12-09T03:56:37.883+0000][1][safepoint    ] Leaving safepoint region
[2019-12-09T03:56:37.883+0000][1][safepoint    ] Total time for which application threads were stopped: 0.0001082 seconds, Stopping threads took: 0.0000201 seconds
[2019-12-09T03:56:40.883+0000][1][safepoint    ] Application time: 3.0002245 seconds
[2019-12-09T03:56:40.883+0000][1][safepoint    ] Entering safepoint region: Cleanup
[2019-12-09T03:56:40.883+0000][1][safepoint    ] Leaving safepoint region
[2019-12-09T03:56:40.883+0000][1][safepoint    ] Total time for which application threads were stopped: 0.0001000 seconds, Stopping threads took: 0.0000178 seconds
[2019-12-09T03:56:51.006+0000][1][safepoint    ] Application time: 10.1229863 seconds
[2019-12-09T03:56:51.006+0000][1][safepoint    ] Entering safepoint region: GenCollectForAllocation
[2019-12-09T03:56:51.007+0000][1][gc,start     ] GC(32) Pause Young (Allocation Failure)
[2019-12-09T03:56:51.007+0000][1][gc,task      ] GC(32) Using 2 workers of 2 for evacuation
[2019-12-09T03:56:51.011+0000][1][gc,age       ] GC(32) Desired survivor size 4456448 bytes, new threshold 6 (max threshold 6)
[2019-12-09T03:56:51.011+0000][1][gc,age       ] GC(32) Age table with threshold 6 (max threshold 6)
[2019-12-09T03:56:51.011+0000][1][gc,age       ] GC(32) - age   1:      83144 bytes,      83144 total
[2019-12-09T03:56:51.011+0000][1][gc,age       ] GC(32) - age   2:      11040 bytes,      94184 total
[2019-12-09T03:56:51.011+0000][1][gc,age       ] GC(32) - age   3:     108176 bytes,     202360 total
[2019-12-09T03:56:51.011+0000][1][gc,age       ] GC(32) - age   4:     808320 bytes,    1010680 total
[2019-12-09T03:56:51.011+0000][1][gc,age       ] GC(32) - age   5:      65264 bytes,    1075944 total
[2019-12-09T03:56:51.011+0000][1][gc,age       ] GC(32) - age   6:     329544 bytes,    1405488 total
[2019-12-09T03:56:51.011+0000][1][gc,heap      ] GC(32) ParNew: 72079K->1701K(78656K)
[2019-12-09T03:56:51.011+0000][1][gc,heap      ] GC(32) CMS: 74473K->74473K(174784K)
[2019-12-09T03:56:51.011+0000][1][gc,metaspace ] GC(32) Metaspace: 79521K->79521K(1122304K)
[2019-12-09T03:56:51.011+0000][1][gc           ] GC(32) Pause Young (Allocation Failure) 143M->74M(247M) 4.734ms
[2019-12-09T03:56:51.011+0000][1][gc,cpu       ] GC(32) User=0.00s Sys=0.00s Real=0.00s
[2019-12-09T03:56:51.011+0000][1][safepoint    ] Leaving safepoint region
[2019-12-09T03:56:51.011+0000][1][safepoint    ] Total time for which application threads were stopped: 0.0049066 seconds, Stopping threads took: 0.0000175 seconds
[2019-12-09T03:57:00.012+0000][1][safepoint    ] Application time: 9.0006411 seconds
[2019-12-09T03:57:00.012+0000][1][safepoint    ] Entering safepoint region: Cleanup
[2019-12-09T03:57:00.012+0000][1][safepoint    ] Leaving safepoint region
[2019-12-09T03:57:00.012+0000][1][safepoint    ] Total time for which application threads were stopped: 0.0001078 seconds, Stopping threads took: 0.0000203 seconds
[2019-12-09T03:57:05.013+0000][1][safepoint    ] Application time: 5.0003550 seconds
[2019-12-09T03:57:05.013+0000][1][safepoint    ] Entering safepoint region: Cleanup
[2019-12-09T03:57:05.013+0000][1][safepoint    ] Leaving safepoint region
[2019-12-09T03:57:05.013+0000][1][safepoint    ] Total time for which application threads were stopped: 0.0001053 seconds, Stopping threads took: 0.0000209 seconds
[2019-12-09T03:57:09.013+0000][1][safepoint    ] Application time: 4.0002839 seconds
[2019-12-09T03:57:09.013+0000][1][safepoint    ] Entering safepoint region: Cleanup
[2019-12-09T03:57:09.013+0000][1][safepoint    ] Leaving safepoint region
[2019-12-09T03:57:09.013+0000][1][safepoint    ] Total time for which application threads were stopped: 0.0001141 seconds, Stopping threads took: 0.0000298 seconds
[2019-12-09T03:57:12.013+0000][1][safepoint    ] Application time: 3.0002107 seconds
[2019-12-09T03:57:12.013+0000][1][safepoint    ] Entering safepoint region: Cleanup
[2019-12-09T03:57:12.013+0000][1][safepoint    ] Leaving safepoint region
[2019-12-09T03:57:12.013+0000][1][safepoint    ] Total time for which application threads were stopped: 0.0001064 seconds, Stopping threads took: 0.0000190 seconds
[2019-12-09T03:57:14.014+0000][1][safepoint    ] Application time: 2.0001444 seconds
[2019-12-09T03:57:14.014+0000][1][safepoint    ] Entering safepoint region: Cleanup
[2019-12-09T03:57:14.014+0000][1][safepoint    ] Leaving safepoint region
[2019-12-09T03:57:14.014+0000][1][safepoint    ] Total time for which application threads were stopped: 0.0001218 seconds, Stopping threads took: 0.0000207 seconds
[2019-12-09T03:57:24.014+0000][1][safepoint    ] Application time: 10.0006703 seconds
[2019-12-09T03:57:24.014+0000][1][safepoint    ] Entering safepoint region: Cleanup
[2019-12-09T03:57:24.015+0000][1][safepoint    ] Leaving safepoint region
[2019-12-09T03:57:24.015+0000][1][safepoint    ] Total time for which application threads were stopped: 0.0001433 seconds, Stopping threads took: 0.0000285 seconds
[2019-12-09T03:57:25.015+0000][1][safepoint    ] Application time: 1.0000814 seconds
[2019-12-09T03:57:25.015+0000][1][safepoint    ] Entering safepoint region: Cleanup
[2019-12-09T03:57:25.015+0000][1][safepoint    ] Leaving safepoint region
[2019-12-09T03:57:25.015+0000][1][safepoint    ] Total time for which application threads were stopped: 0.0001035 seconds, Stopping threads took: 0.0000196 seconds
[2019-12-09T03:57:26.053+0000][1][safepoint    ] Application time: 1.0381421 seconds
[2019-12-09T03:57:26.053+0000][1][safepoint    ] Entering safepoint region: RevokeBias
[2019-12-09T03:57:26.053+0000][1][safepoint    ] Leaving safepoint region
[2019-12-09T03:57:26.053+0000][1][safepoint    ] Total time for which application threads were stopped: 0.0001524 seconds, Stopping threads took: 0.0000223 seconds
[2019-12-09T03:57:26.063+0000][1][safepoint    ] Application time: 0.0095647 seconds
[2019-12-09T03:57:26.063+0000][1][safepoint    ] Entering safepoint region: RevokeBias
[2019-12-09T03:57:26.063+0000][1][safepoint    ] Leaving safepoint region
[2019-12-09T03:57:26.063+0000][1][safepoint    ] Total time for which application threads were stopped: 0.0001404 seconds, Stopping threads took: 0.0000195 seconds
[2019-12-09T03:57:26.063+0000][1][safepoint    ] Application time: 0.0003057 seconds
[2019-12-09T03:57:26.063+0000][1][safepoint    ] Entering safepoint region: RevokeBias
[2019-12-09T03:57:26.063+0000][1][safepoint    ] Leaving safepoint region
[2019-12-09T03:57:26.063+0000][1][safepoint    ] Total time for which application threads were stopped: 0.0001025 seconds, Stopping threads took: 0.0000139 seconds
[2019-12-09T03:57:26.065+0000][1][safepoint    ] Application time: 0.0018623 seconds
[2019-12-09T03:57:26.065+0000][1][safepoint    ] Entering safepoint region: RevokeBias
[2019-12-09T03:57:26.065+0000][1][safepoint    ] Leaving safepoint region
[2019-12-09T03:57:26.065+0000][1][safepoint    ] Total time for which application threads were stopped: 0.0001038 seconds, Stopping threads took: 0.0000152 seconds
[2019-12-09T03:57:27.065+0000][1][safepoint    ] Application time: 1.0000911 seconds
[2019-12-09T03:57:27.066+0000][1][safepoint    ] Entering safepoint region: Cleanup
[2019-12-09T03:57:27.066+0000][1][safepoint    ] Leaving safepoint region
[2019-12-09T03:57:27.066+0000][1][safepoint    ] Total time for which application threads were stopped: 0.0001073 seconds, Stopping threads took: 0.0000203 seconds
[2019-12-09T03:57:28.066+0000][1][safepoint    ] Application time: 1.0000876 seconds
[2019-12-09T03:57:28.066+0000][1][safepoint    ] Entering safepoint region: Cleanup
[2019-12-09T03:57:28.066+0000][1][safepoint    ] Leaving safepoint region
[2019-12-09T03:57:28.066+0000][1][safepoint    ] Total time for which application threads were stopped: 0.0001056 seconds, Stopping threads took: 0.0000201 seconds
[2019-12-09T03:57:37.066+0000][1][safepoint    ] Application time: 9.0006242 seconds
[2019-12-09T03:57:37.067+0000][1][safepoint    ] Entering safepoint region: Cleanup
[2019-12-09T03:57:37.067+0000][1][safepoint    ] Leaving safepoint region
[2019-12-09T03:57:37.067+0000][1][safepoint    ] Total time for which application threads were stopped: 0.0001218 seconds, Stopping threads took: 0.0000288 seconds
[2019-12-09T03:57:38.067+0000][1][safepoint    ] Application time: 1.0000902 seconds
[2019-12-09T03:57:38.067+0000][1][safepoint    ] Entering safepoint region: Cleanup
[2019-12-09T03:57:38.067+0000][1][safepoint    ] Leaving safepoint region
[2019-12-09T03:57:38.067+0000][1][safepoint    ] Total time for which application threads were stopped: 0.0001606 seconds, Stopping threads took: 0.0000263 seconds
[2019-12-09T03:57:41.067+0000][1][safepoint    ] Application time: 3.0002108 seconds
[2019-12-09T03:57:41.067+0000][1][safepoint    ] Entering safepoint region: Cleanup
[2019-12-09T03:57:41.067+0000][1][safepoint    ] Leaving safepoint region
[2019-12-09T03:57:41.067+0000][1][safepoint    ] Total time for which application threads were stopped: 0.0001080 seconds, Stopping threads took: 0.0000193 seconds
[2019-12-09T03:57:42.067+0000][1][safepoint    ] Application time: 1.0000771 seconds
[2019-12-09T03:57:42.067+0000][1][safepoint    ] Entering safepoint region: Cleanup
[2019-12-09T03:57:42.068+0000][1][safepoint    ] Leaving safepoint region
[2019-12-09T03:57:42.068+0000][1][safepoint    ] Total time for which application threads were stopped: 0.0001052 seconds, Stopping threads took: 0.0000195 seconds
[2019-12-09T03:57:48.068+0000][1][safepoint    ] Application time: 6.0004013 seconds
[2019-12-09T03:57:48.068+0000][1][safepoint    ] Entering safepoint region: Cleanup
[2019-12-09T03:57:48.068+0000][1][safepoint    ] Leaving safepoint region
[2019-12-09T03:57:48.068+0000][1][safepoint    ] Total time for which application threads were stopped: 0.0001074 seconds, Stopping threads took: 0.0000203 seconds
[2019-12-09T03:57:56.069+0000][1][safepoint    ] Application time: 8.0005549 seconds
[2019-12-09T03:57:56.069+0000][1][safepoint    ] Entering safepoint region: Cleanup
[2019-12-09T03:57:56.069+0000][1][safepoint    ] Leaving safepoint region
[2019-12-09T03:57:56.069+0000][1][safepoint    ] Total time for which application threads were stopped: 0.0001192 seconds, Stopping threads took: 0.0000324 seconds
[2019-12-09T03:58:01.069+0000][1][safepoint    ] Application time: 5.0003699 seconds
[2019-12-09T03:58:01.069+0000][1][safepoint    ] Entering safepoint region: Cleanup
[2019-12-09T03:58:01.069+0000][1][safepoint    ] Leaving safepoint region
[2019-12-09T03:58:01.069+0000][1][safepoint    ] Total time for which application threads were stopped: 0.0001171 seconds, Stopping threads took: 0.0000203 seconds
[2019-12-09T03:58:11.299+0000][1][safepoint    ] Application time: 10.2299395 seconds
[2019-12-09T03:58:11.299+0000][1][safepoint    ] Entering safepoint region: RevokeBias
[2019-12-09T03:58:11.299+0000][1][safepoint    ] Leaving safepoint region
[2019-12-09T03:58:11.299+0000][1][safepoint    ] Total time for which application threads were stopped: 0.0001271 seconds, Stopping threads took: 0.0000267 seconds
[2019-12-09T03:58:17.300+0000][1][safepoint    ] Application time: 6.0004309 seconds
[2019-12-09T03:58:17.300+0000][1][safepoint    ] Entering safepoint region: Cleanup
[2019-12-09T03:58:17.300+0000][1][safepoint    ] Leaving safepoint region
[2019-12-09T03:58:17.300+0000][1][safepoint    ] Total time for which application threads were stopped: 0.0001000 seconds, Stopping threads took: 0.0000184 seconds
[2019-12-09T03:58:31.054+0000][1][safepoint    ] Application time: 13.7543860 seconds
[2019-12-09T03:58:31.054+0000][1][safepoint    ] Entering safepoint region: GenCollectForAllocation
[2019-12-09T03:58:31.055+0000][1][gc,start     ] GC(33) Pause Young (Allocation Failure)
[2019-12-09T03:58:31.055+0000][1][gc,task      ] GC(33) Using 2 workers of 2 for evacuation
[2019-12-09T03:58:31.060+0000][1][gc,age       ] GC(33) Desired survivor size 4456448 bytes, new threshold 6 (max threshold 6)
[2019-12-09T03:58:31.060+0000][1][gc,age       ] GC(33) Age table with threshold 6 (max threshold 6)
[2019-12-09T03:58:31.060+0000][1][gc,age       ] GC(33) - age   1:      83616 bytes,      83616 total
[2019-12-09T03:58:31.060+0000][1][gc,age       ] GC(33) - age   2:      73288 bytes,     156904 total
[2019-12-09T03:58:31.060+0000][1][gc,age       ] GC(33) - age   3:      10920 bytes,     167824 total
[2019-12-09T03:58:31.060+0000][1][gc,age       ] GC(33) - age   4:      55784 bytes,     223608 total
[2019-12-09T03:58:31.060+0000][1][gc,age       ] GC(33) - age   5:     778096 bytes,    1001704 total
[2019-12-09T03:58:31.060+0000][1][gc,age       ] GC(33) - age   6:      65168 bytes,    1066872 total
[2019-12-09T03:58:31.060+0000][1][gc,heap      ] GC(33) ParNew: 71653K->1454K(78656K)
[2019-12-09T03:58:31.060+0000][1][gc,heap      ] GC(33) CMS: 74473K->74805K(174784K)
[2019-12-09T03:58:31.060+0000][1][gc,metaspace ] GC(33) Metaspace: 79598K->79598K(1122304K)
[2019-12-09T03:58:31.060+0000][1][gc           ] GC(33) Pause Young (Allocation Failure) 142M->74M(247M) 5.326ms
[2019-12-09T03:58:31.060+0000][1][gc,cpu       ] GC(33) User=0.01s Sys=0.00s Real=0.01s
[2019-12-09T03:58:31.060+0000][1][safepoint    ] Leaving safepoint region
[2019-12-09T03:58:31.060+0000][1][safepoint    ] Total time for which application threads were stopped: 0.0055010 seconds, Stopping threads took: 0.0000178 seconds
[2019-12-09T03:58:32.032+0000][1][safepoint    ] Application time: 0.9719988 seconds
[2019-12-09T03:58:32.032+0000][1][safepoint    ] Entering safepoint region: RevokeBias
[2019-12-09T03:58:32.032+0000][1][safepoint    ] Leaving safepoint region
[2019-12-09T03:58:32.032+0000][1][safepoint    ] Total time for which application threads were stopped: 0.0001669 seconds, Stopping threads took: 0.0000692 seconds
[2019-12-09T03:58:32.032+0000][1][safepoint    ] Application time: 0.0000533 seconds
[2019-12-09T03:58:32.032+0000][1][safepoint    ] Entering safepoint region: RevokeBias
[2019-12-09T03:58:32.032+0000][1][safepoint    ] Leaving safepoint region
[2019-12-09T03:58:32.032+0000][1][safepoint    ] Total time for which application threads were stopped: 0.0000658 seconds, Stopping threads took: 0.0000097 seconds
[2019-12-09T03:58:33.032+0000][1][safepoint    ] Application time: 1.0000836 seconds
[2019-12-09T03:58:33.032+0000][1][safepoint    ] Entering safepoint region: Cleanup
[2019-12-09T03:58:33.033+0000][1][safepoint    ] Leaving safepoint region
[2019-12-09T03:58:33.033+0000][1][safepoint    ] Total time for which application threads were stopped: 0.0001195 seconds, Stopping threads took: 0.0000189 seconds
[2019-12-09T03:58:34.033+0000][1][safepoint    ] Application time: 1.0000818 seconds
[2019-12-09T03:58:34.033+0000][1][safepoint    ] Entering safepoint region: Cleanup
[2019-12-09T03:58:34.033+0000][1][safepoint    ] Leaving safepoint region
[2019-12-09T03:58:34.033+0000][1][safepoint    ] Total time for which application threads were stopped: 0.0001204 seconds, Stopping threads took: 0.0000333 seconds
[2019-12-09T03:58:40.033+0000][1][safepoint    ] Application time: 6.0004446 seconds
[2019-12-09T03:58:40.033+0000][1][safepoint    ] Entering safepoint region: Cleanup
[2019-12-09T03:58:40.033+0000][1][safepoint    ] Leaving safepoint region
[2019-12-09T03:58:40.033+0000][1][safepoint    ] Total time for which application threads were stopped: 0.0001571 seconds, Stopping threads took: 0.0000378 seconds
[2019-12-09T03:58:42.034+0000][1][safepoint    ] Application time: 2.0001506 seconds
[2019-12-09T03:58:42.034+0000][1][safepoint    ] Entering safepoint region: Cleanup
[2019-12-09T03:58:42.034+0000][1][safepoint    ] Leaving safepoint region
[2019-12-09T03:58:42.034+0000][1][safepoint    ] Total time for which application threads were stopped: 0.0001169 seconds, Stopping threads took: 0.0000209 seconds
[2019-12-09T03:58:45.034+0000][1][safepoint    ] Application time: 3.0002134 seconds
[2019-12-09T03:58:45.034+0000][1][safepoint    ] Entering safepoint region: Cleanup
[2019-12-09T03:58:45.034+0000][1][safepoint    ] Leaving safepoint region
[2019-12-09T03:58:45.034+0000][1][safepoint    ] Total time for which application threads were stopped: 0.0001111 seconds, Stopping threads took: 0.0000208 seconds
[2019-12-09T03:58:51.035+0000][1][safepoint    ] Application time: 6.0006993 seconds
[2019-12-09T03:58:51.035+0000][1][safepoint    ] Entering safepoint region: Cleanup
[2019-12-09T03:58:51.035+0000][1][safepoint    ] Leaving safepoint region
[2019-12-09T03:58:51.035+0000][1][safepoint    ] Total time for which application threads were stopped: 0.0001066 seconds, Stopping threads took: 0.0000195 seconds
[2019-12-09T03:58:52.035+0000][1][safepoint    ] Application time: 1.0000766 seconds
[2019-12-09T03:58:52.035+0000][1][safepoint    ] Entering safepoint region: Cleanup
[2019-12-09T03:58:52.035+0000][1][safepoint    ] Leaving safepoint region
[2019-12-09T03:58:52.035+0000][1][safepoint    ] Total time for which application threads were stopped: 0.0001027 seconds, Stopping threads took: 0.0000198 seconds
[2019-12-09T03:58:55.035+0000][1][safepoint    ] Application time: 3.0002144 seconds
[2019-12-09T03:58:55.035+0000][1][safepoint    ] Entering safepoint region: Cleanup
[2019-12-09T03:58:55.036+0000][1][safepoint    ] Leaving safepoint region
[2019-12-09T03:58:55.036+0000][1][safepoint    ] Total time for which application threads were stopped: 0.0001065 seconds, Stopping threads took: 0.0000199 seconds
[2019-12-09T03:58:57.036+0000][1][safepoint    ] Application time: 2.0001428 seconds
[2019-12-09T03:58:57.036+0000][1][safepoint    ] Entering safepoint region: Cleanup
[2019-12-09T03:58:57.036+0000][1][safepoint    ] Leaving safepoint region
[2019-12-09T03:58:57.036+0000][1][safepoint    ] Total time for which application threads were stopped: 0.0001159 seconds, Stopping threads took: 0.0000216 seconds
[2019-12-09T03:59:00.036+0000][1][safepoint    ] Application time: 3.0002101 seconds
[2019-12-09T03:59:00.036+0000][1][safepoint    ] Entering safepoint region: Cleanup
[2019-12-09T03:59:00.036+0000][1][safepoint    ] Leaving safepoint region
[2019-12-09T03:59:00.036+0000][1][safepoint    ] Total time for which application threads were stopped: 0.0001057 seconds, Stopping threads took: 0.0000203 seconds
[2019-12-09T03:59:04.037+0000][1][safepoint    ] Application time: 4.0002785 seconds
[2019-12-09T03:59:04.037+0000][1][safepoint    ] Entering safepoint region: Cleanup
[2019-12-09T03:59:04.037+0000][1][safepoint    ] Leaving safepoint region
[2019-12-09T03:59:04.037+0000][1][safepoint    ] Total time for which application threads were stopped: 0.0001047 seconds, Stopping threads took: 0.0000199 seconds
[2019-12-09T03:59:10.037+0000][1][safepoint    ] Application time: 6.0004371 seconds
[2019-12-09T03:59:10.037+0000][1][safepoint    ] Entering safepoint region: Cleanup
[2019-12-09T03:59:10.037+0000][1][safepoint    ] Leaving safepoint region
[2019-12-09T03:59:10.037+0000][1][safepoint    ] Total time for which application threads were stopped: 0.0001474 seconds, Stopping threads took: 0.0000367 seconds
[2019-12-09T03:59:17.038+0000][1][safepoint    ] Application time: 7.0004811 seconds
[2019-12-09T03:59:17.038+0000][1][safepoint    ] Entering safepoint region: Cleanup
[2019-12-09T03:59:17.038+0000][1][safepoint    ] Leaving safepoint region
[2019-12-09T03:59:17.038+0000][1][safepoint    ] Total time for which application threads were stopped: 0.0001029 seconds, Stopping threads took: 0.0000216 seconds
[2019-12-09T03:59:22.038+0000][1][safepoint    ] Application time: 5.0003572 seconds
[2019-12-09T03:59:22.038+0000][1][safepoint    ] Entering safepoint region: Cleanup
[2019-12-09T03:59:22.038+0000][1][safepoint    ] Leaving safepoint region
[2019-12-09T03:59:22.038+0000][1][safepoint    ] Total time for which application threads were stopped: 0.0001068 seconds, Stopping threads took: 0.0000219 seconds
[2019-12-09T03:59:28.039+0000][1][safepoint    ] Application time: 6.0004176 seconds
[2019-12-09T03:59:28.039+0000][1][safepoint    ] Entering safepoint region: Cleanup
[2019-12-09T03:59:28.039+0000][1][safepoint    ] Leaving safepoint region
[2019-12-09T03:59:28.039+0000][1][safepoint    ] Total time for which application threads were stopped: 0.0001016 seconds, Stopping threads took: 0.0000217 seconds
[2019-12-09T03:59:30.039+0000][1][safepoint    ] Application time: 2.0001485 seconds
[2019-12-09T03:59:30.039+0000][1][safepoint    ] Entering safepoint region: Cleanup
[2019-12-09T03:59:30.039+0000][1][safepoint    ] Leaving safepoint region
[2019-12-09T03:59:30.039+0000][1][safepoint    ] Total time for which application threads were stopped: 0.0001114 seconds, Stopping threads took: 0.0000207 seconds
[2019-12-09T03:59:47.040+0000][1][safepoint    ] Application time: 17.0011358 seconds
[2019-12-09T03:59:47.041+0000][1][safepoint    ] Entering safepoint region: Cleanup
[2019-12-09T03:59:47.041+0000][1][safepoint    ] Leaving safepoint region
[2019-12-09T03:59:47.041+0000][1][safepoint    ] Total time for which application threads were stopped: 0.0001102 seconds, Stopping threads took: 0.0000277 seconds
[2019-12-09T03:59:50.043+0000][1][safepoint    ] Application time: 3.0018787 seconds
[2019-12-09T03:59:50.043+0000][1][safepoint    ] Entering safepoint region: Cleanup
[2019-12-09T03:59:50.043+0000][1][safepoint    ] Leaving safepoint region
[2019-12-09T03:59:50.043+0000][1][safepoint    ] Total time for which application threads were stopped: 0.0001313 seconds, Stopping threads took: 0.0000271 seconds
[2019-12-09T03:59:52.043+0000][1][safepoint    ] Application time: 2.0001450 seconds
[2019-12-09T03:59:52.043+0000][1][safepoint    ] Entering safepoint region: Cleanup
[2019-12-09T03:59:52.043+0000][1][safepoint    ] Leaving safepoint region
[2019-12-09T03:59:52.043+0000][1][safepoint    ] Total time for which application threads were stopped: 0.0001068 seconds, Stopping threads took: 0.0000200 seconds
[2019-12-09T03:59:53.043+0000][1][safepoint    ] Application time: 1.0000768 seconds
[2019-12-09T03:59:53.043+0000][1][safepoint    ] Entering safepoint region: Cleanup
[2019-12-09T03:59:53.043+0000][1][safepoint    ] Leaving safepoint region
[2019-12-09T03:59:53.043+0000][1][safepoint    ] Total time for which application threads were stopped: 0.0001005 seconds, Stopping threads took: 0.0000207 seconds
[2019-12-09T03:59:54.043+0000][1][safepoint    ] Application time: 1.0000789 seconds
[2019-12-09T03:59:54.043+0000][1][safepoint    ] Entering safepoint region: Cleanup
[2019-12-09T03:59:54.043+0000][1][safepoint    ] Leaving safepoint region
[2019-12-09T03:59:54.043+0000][1][safepoint    ] Total time for which application threads were stopped: 0.0001051 seconds, Stopping threads took: 0.0000214 seconds
[2019-12-09T03:59:57.046+0000][1][safepoint    ] Application time: 3.0025018 seconds
[2019-12-09T03:59:57.046+0000][1][safepoint    ] Entering safepoint region: Cleanup
[2019-12-09T03:59:57.046+0000][1][safepoint    ] Leaving safepoint region
[2019-12-09T03:59:57.046+0000][1][safepoint    ] Total time for which application threads were stopped: 0.0001071 seconds, Stopping threads took: 0.0000198 seconds
[2019-12-09T04:00:02.046+0000][1][safepoint    ] Application time: 5.0003632 seconds
[2019-12-09T04:00:02.047+0000][1][safepoint    ] Entering safepoint region: Cleanup
[2019-12-09T04:00:02.047+0000][1][safepoint    ] Leaving safepoint region
[2019-12-09T04:00:02.047+0000][1][safepoint    ] Total time for which application threads were stopped: 0.0000993 seconds, Stopping threads took: 0.0000205 seconds
[2019-12-09T04:00:03.047+0000][1][safepoint    ] Application time: 1.0000862 seconds
[2019-12-09T04:00:03.047+0000][1][safepoint    ] Entering safepoint region: Cleanup
[2019-12-09T04:00:03.047+0000][1][safepoint    ] Leaving safepoint region
[2019-12-09T04:00:03.047+0000][1][safepoint    ] Total time for which application threads were stopped: 0.0001012 seconds, Stopping threads took: 0.0000190 seconds
[2019-12-09T04:00:04.047+0000][1][safepoint    ] Application time: 1.0000759 seconds
[2019-12-09T04:00:04.047+0000][1][safepoint    ] Entering safepoint region: Cleanup
[2019-12-09T04:00:04.047+0000][1][safepoint    ] Leaving safepoint region
[2019-12-09T04:00:04.047+0000][1][safepoint    ] Total time for which application threads were stopped: 0.0000982 seconds, Stopping threads took: 0.0000189 seconds
[2019-12-09T04:00:07.047+0000][1][safepoint    ] Application time: 3.0002113 seconds
[2019-12-09T04:00:07.047+0000][1][safepoint    ] Entering safepoint region: Cleanup
[2019-12-09T04:00:07.047+0000][1][safepoint    ] Leaving safepoint region
[2019-12-09T04:00:07.047+0000][1][safepoint    ] Total time for which application threads were stopped: 0.0000909 seconds, Stopping threads took: 0.0000186 seconds
[2019-12-09T04:00:08.047+0000][1][safepoint    ] Application time: 1.0000773 seconds
[2019-12-09T04:00:08.048+0000][1][safepoint    ] Entering safepoint region: Cleanup
[2019-12-09T04:00:08.048+0000][1][safepoint    ] Leaving safepoint region
[2019-12-09T04:00:08.048+0000][1][safepoint    ] Total time for which application threads were stopped: 0.0000932 seconds, Stopping threads took: 0.0000200 seconds
[2019-12-09T04:00:09.048+0000][1][safepoint    ] Application time: 1.0000757 seconds
[2019-12-09T04:00:09.048+0000][1][safepoint    ] Entering safepoint region: Cleanup
[2019-12-09T04:00:09.048+0000][1][safepoint    ] Leaving safepoint region
[2019-12-09T04:00:09.048+0000][1][safepoint    ] Total time for which application threads were stopped: 0.0000971 seconds, Stopping threads took: 0.0000192 seconds
[2019-12-09T04:00:10.048+0000][1][safepoint    ] Application time: 1.0000769 seconds
[2019-12-09T04:00:10.048+0000][1][safepoint    ] Entering safepoint region: Cleanup
[2019-12-09T04:00:10.048+0000][1][safepoint    ] Leaving safepoint region
[2019-12-09T04:00:10.048+0000][1][safepoint    ] Total time for which application threads were stopped: 0.0000975 seconds, Stopping threads took: 0.0000210 seconds
[2019-12-09T04:00:11.048+0000][1][safepoint    ] Application time: 1.0000773 seconds
[2019-12-09T04:00:11.048+0000][1][safepoint    ] Entering safepoint region: Cleanup
[2019-12-09T04:00:11.048+0000][1][safepoint    ] Leaving safepoint region
[2019-12-09T04:00:11.048+0000][1][safepoint    ] Total time for which application threads were stopped: 0.0000920 seconds, Stopping threads took: 0.0000184 seconds
[2019-12-09T04:00:12.049+0000][1][safepoint    ] Application time: 1.0003045 seconds
[2019-12-09T04:00:12.049+0000][1][safepoint    ] Entering safepoint region: Cleanup
[2019-12-09T04:00:12.049+0000][1][safepoint    ] Leaving safepoint region
[2019-12-09T04:00:12.049+0000][1][safepoint    ] Total time for which application threads were stopped: 0.0001389 seconds, Stopping threads took: 0.0000243 seconds
[2019-12-09T04:00:13.049+0000][1][safepoint    ] Application time: 1.0000824 seconds
[2019-12-09T04:00:13.049+0000][1][safepoint    ] Entering safepoint region: Cleanup
[2019-12-09T04:00:13.049+0000][1][safepoint    ] Leaving safepoint region
[2019-12-09T04:00:13.049+0000][1][safepoint    ] Total time for which application threads were stopped: 0.0000943 seconds, Stopping threads took: 0.0000190 seconds
[2019-12-09T04:00:14.049+0000][1][safepoint    ] Application time: 1.0000785 seconds
[2019-12-09T04:00:14.049+0000][1][safepoint    ] Entering safepoint region: Cleanup
[2019-12-09T04:00:14.049+0000][1][safepoint    ] Leaving safepoint region
[2019-12-09T04:00:14.049+0000][1][safepoint    ] Total time for which application threads were stopped: 0.0000938 seconds, Stopping threads took: 0.0000180 seconds
[2019-12-09T04:00:15.049+0000][1][safepoint    ] Application time: 1.0000778 seconds
[2019-12-09T04:00:15.049+0000][1][safepoint    ] Entering safepoint region: Cleanup
[2019-12-09T04:00:15.049+0000][1][safepoint    ] Leaving safepoint region
[2019-12-09T04:00:15.049+0000][1][safepoint    ] Total time for which application threads were stopped: 0.0000962 seconds, Stopping threads took: 0.0000201 seconds
[2019-12-09T04:00:16.050+0000][1][safepoint    ] Application time: 1.0000775 seconds
[2019-12-09T04:00:16.050+0000][1][safepoint    ] Entering safepoint region: Cleanup
[2019-12-09T04:00:16.050+0000][1][safepoint    ] Leaving safepoint region
[2019-12-09T04:00:16.050+0000][1][safepoint    ] Total time for which application threads were stopped: 0.0000917 seconds, Stopping threads took: 0.0000196 seconds
[2019-12-09T04:00:17.050+0000][1][safepoint    ] Application time: 1.0000782 seconds
[2019-12-09T04:00:17.050+0000][1][safepoint    ] Entering safepoint region: Cleanup
[2019-12-09T04:00:17.050+0000][1][safepoint    ] Leaving safepoint region
[2019-12-09T04:00:17.050+0000][1][safepoint    ] Total time for which application threads were stopped: 0.0000955 seconds, Stopping threads took: 0.0000192 seconds
[2019-12-09T04:00:18.050+0000][1][safepoint    ] Application time: 1.0000764 seconds
[2019-12-09T04:00:18.050+0000][1][safepoint    ] Entering safepoint region: Cleanup
[2019-12-09T04:00:18.050+0000][1][safepoint    ] Leaving safepoint region
[2019-12-09T04:00:18.050+0000][1][safepoint    ] Total time for which application threads were stopped: 0.0000932 seconds, Stopping threads took: 0.0000193 seconds
[2019-12-09T04:00:19.050+0000][1][safepoint    ] Application time: 1.0000782 seconds
[2019-12-09T04:00:19.050+0000][1][safepoint    ] Entering safepoint region: Cleanup
[2019-12-09T04:00:19.050+0000][1][safepoint    ] Leaving safepoint region
[2019-12-09T04:00:19.050+0000][1][safepoint    ] Total time for which application threads were stopped: 0.0000940 seconds, Stopping threads took: 0.0000197 seconds
[2019-12-09T04:00:20.050+0000][1][safepoint    ] Application time: 1.0000776 seconds
[2019-12-09T04:00:20.050+0000][1][safepoint    ] Entering safepoint region: Cleanup
[2019-12-09T04:00:20.051+0000][1][safepoint    ] Leaving safepoint region
[2019-12-09T04:00:20.051+0000][1][safepoint    ] Total time for which application threads were stopped: 0.0000963 seconds, Stopping threads took: 0.0000206 seconds
[2019-12-09T04:00:21.051+0000][1][safepoint    ] Application time: 1.0000767 seconds
[2019-12-09T04:00:21.051+0000][1][safepoint    ] Entering safepoint region: Cleanup
[2019-12-09T04:00:21.051+0000][1][safepoint    ] Leaving safepoint region
[2019-12-09T04:00:21.051+0000][1][safepoint    ] Total time for which application threads were stopped: 0.0001128 seconds, Stopping threads took: 0.0000207 seconds
[2019-12-09T04:00:22.051+0000][1][safepoint    ] Application time: 1.0000780 seconds
[2019-12-09T04:00:22.051+0000][1][safepoint    ] Entering safepoint region: Cleanup
[2019-12-09T04:00:22.051+0000][1][safepoint    ] Leaving safepoint region
[2019-12-09T04:00:22.051+0000][1][safepoint    ] Total time for which application threads were stopped: 0.0000918 seconds, Stopping threads took: 0.0000196 seconds
[2019-12-09T04:00:22.082+0000][1][safepoint    ] Application time: 0.0309692 seconds
[2019-12-09T04:00:22.082+0000][1][safepoint    ] Entering safepoint region: GenCollectForAllocation
[2019-12-09T04:00:22.082+0000][1][gc,start     ] GC(34) Pause Young (Allocation Failure)
[2019-12-09T04:00:22.082+0000][1][gc,task      ] GC(34) Using 2 workers of 2 for evacuation
[2019-12-09T04:00:22.087+0000][1][gc,age       ] GC(34) Desired survivor size 4456448 bytes, new threshold 6 (max threshold 6)
[2019-12-09T04:00:22.087+0000][1][gc,age       ] GC(34) Age table with threshold 6 (max threshold 6)
[2019-12-09T04:00:22.087+0000][1][gc,age       ] GC(34) - age   1:      21064 bytes,      21064 total
[2019-12-09T04:00:22.087+0000][1][gc,age       ] GC(34) - age   2:      76624 bytes,      97688 total
[2019-12-09T04:00:22.087+0000][1][gc,age       ] GC(34) - age   3:      73288 bytes,     170976 total
[2019-12-09T04:00:22.087+0000][1][gc,age       ] GC(34) - age   4:      10800 bytes,     181776 total
[2019-12-09T04:00:22.087+0000][1][gc,age       ] GC(34) - age   5:      55784 bytes,     237560 total
[2019-12-09T04:00:22.087+0000][1][gc,age       ] GC(34) - age   6:     778096 bytes,    1015656 total
[2019-12-09T04:00:22.087+0000][1][gc,heap      ] GC(34) ParNew: 71406K->1717K(78656K)
[2019-12-09T04:00:22.087+0000][1][gc,heap      ] GC(34) CMS: 74805K->74869K(174784K)
[2019-12-09T04:00:22.087+0000][1][gc,metaspace ] GC(34) Metaspace: 79629K->79629K(1122304K)
[2019-12-09T04:00:22.087+0000][1][gc           ] GC(34) Pause Young (Allocation Failure) 142M->74M(247M) 5.084ms
[2019-12-09T04:00:22.087+0000][1][gc,cpu       ] GC(34) User=0.01s Sys=0.00s Real=0.01s
[2019-12-09T04:00:22.087+0000][1][safepoint    ] Leaving safepoint region
[2019-12-09T04:00:22.087+0000][1][safepoint    ] Total time for which application threads were stopped: 0.0052830 seconds, Stopping threads took: 0.0000239 seconds
[2019-12-09T04:00:23.087+0000][1][safepoint    ] Application time: 1.0000877 seconds
[2019-12-09T04:00:23.087+0000][1][safepoint    ] Entering safepoint region: Cleanup
[2019-12-09T04:00:23.087+0000][1][safepoint    ] Leaving safepoint region
[2019-12-09T04:00:23.087+0000][1][safepoint    ] Total time for which application threads were stopped: 0.0001004 seconds, Stopping threads took: 0.0000187 seconds
[2019-12-09T04:00:24.088+0000][1][safepoint    ] Application time: 1.0000783 seconds
[2019-12-09T04:00:24.088+0000][1][safepoint    ] Entering safepoint region: Cleanup
[2019-12-09T04:00:24.088+0000][1][safepoint    ] Leaving safepoint region
[2019-12-09T04:00:24.088+0000][1][safepoint    ] Total time for which application threads were stopped: 0.0001097 seconds, Stopping threads took: 0.0000200 seconds
[2019-12-09T04:00:25.088+0000][1][safepoint    ] Application time: 1.0000773 seconds
[2019-12-09T04:00:25.088+0000][1][safepoint    ] Entering safepoint region: Cleanup
[2019-12-09T04:00:25.088+0000][1][safepoint    ] Leaving safepoint region
[2019-12-09T04:00:25.088+0000][1][safepoint    ] Total time for which application threads were stopped: 0.0000957 seconds, Stopping threads took: 0.0000208 seconds
[2019-12-09T04:00:26.088+0000][1][safepoint    ] Application time: 1.0000765 seconds
[2019-12-09T04:00:26.088+0000][1][safepoint    ] Entering safepoint region: Cleanup
[2019-12-09T04:00:26.088+0000][1][safepoint    ] Leaving safepoint region
[2019-12-09T04:00:26.088+0000][1][safepoint    ] Total time for which application threads were stopped: 0.0000944 seconds, Stopping threads took: 0.0000193 seconds
[2019-12-09T04:00:27.088+0000][1][safepoint    ] Application time: 1.0000772 seconds
[2019-12-09T04:00:27.088+0000][1][safepoint    ] Entering safepoint region: Cleanup
[2019-12-09T04:00:27.088+0000][1][safepoint    ] Leaving safepoint region
[2019-12-09T04:00:27.088+0000][1][safepoint    ] Total time for which application threads were stopped: 0.0000939 seconds, Stopping threads took: 0.0000195 seconds
[2019-12-09T04:00:28.088+0000][1][safepoint    ] Application time: 1.0000759 seconds
[2019-12-09T04:00:28.089+0000][1][safepoint    ] Entering safepoint region: Cleanup
[2019-12-09T04:00:28.089+0000][1][safepoint    ] Leaving safepoint region
[2019-12-09T04:00:28.089+0000][1][safepoint    ] Total time for which application threads were stopped: 0.0000936 seconds, Stopping threads took: 0.0000196 seconds
[2019-12-09T04:00:29.089+0000][1][safepoint    ] Application time: 1.0000867 seconds
[2019-12-09T04:00:29.089+0000][1][safepoint    ] Entering safepoint region: Cleanup
[2019-12-09T04:00:29.089+0000][1][safepoint    ] Leaving safepoint region
[2019-12-09T04:00:29.089+0000][1][safepoint    ] Total time for which application threads were stopped: 0.0001062 seconds, Stopping threads took: 0.0000205 seconds
[2019-12-09T04:00:30.089+0000][1][safepoint    ] Application time: 1.0000762 seconds
[2019-12-09T04:00:30.089+0000][1][safepoint    ] Entering safepoint region: Cleanup
[2019-12-09T04:00:30.089+0000][1][safepoint    ] Leaving safepoint region
[2019-12-09T04:00:30.089+0000][1][safepoint    ] Total time for which application threads were stopped: 0.0001094 seconds, Stopping threads took: 0.0000201 seconds
[2019-12-09T04:00:31.089+0000][1][safepoint    ] Application time: 1.0000761 seconds
[2019-12-09T04:00:31.089+0000][1][safepoint    ] Entering safepoint region: Cleanup
[2019-12-09T04:00:31.089+0000][1][safepoint    ] Leaving safepoint region
[2019-12-09T04:00:31.089+0000][1][safepoint    ] Total time for which application threads were stopped: 0.0000949 seconds, Stopping threads took: 0.0000202 seconds
[2019-12-09T04:00:32.089+0000][1][safepoint    ] Application time: 1.0000744 seconds
[2019-12-09T04:00:32.089+0000][1][safepoint    ] Entering safepoint region: Cleanup
[2019-12-09T04:00:32.089+0000][1][safepoint    ] Leaving safepoint region
[2019-12-09T04:00:32.090+0000][1][safepoint    ] Total time for which application threads were stopped: 0.0001033 seconds, Stopping threads took: 0.0000195 seconds
[2019-12-09T04:00:33.090+0000][1][safepoint    ] Application time: 1.0000757 seconds
[2019-12-09T04:00:33.090+0000][1][safepoint    ] Entering safepoint region: Cleanup
[2019-12-09T04:00:33.090+0000][1][safepoint    ] Leaving safepoint region
[2019-12-09T04:00:33.090+0000][1][safepoint    ] Total time for which application threads were stopped: 0.0001220 seconds, Stopping threads took: 0.0000194 seconds
[2019-12-09T04:00:34.090+0000][1][safepoint    ] Application time: 1.0000758 seconds
[2019-12-09T04:00:34.090+0000][1][safepoint    ] Entering safepoint region: Cleanup
[2019-12-09T04:00:34.090+0000][1][safepoint    ] Leaving safepoint region
[2019-12-09T04:00:34.090+0000][1][safepoint    ] Total time for which application threads were stopped: 0.0001050 seconds, Stopping threads took: 0.0000196 seconds
[2019-12-09T04:00:35.090+0000][1][safepoint    ] Application time: 1.0000768 seconds
[2019-12-09T04:00:35.090+0000][1][safepoint    ] Entering safepoint region: Cleanup
[2019-12-09T04:00:35.090+0000][1][safepoint    ] Leaving safepoint region
[2019-12-09T04:00:35.090+0000][1][safepoint    ] Total time for which application threads were stopped: 0.0000967 seconds, Stopping threads took: 0.0000204 seconds
[2019-12-09T04:00:36.090+0000][1][safepoint    ] Application time: 1.0000754 seconds
[2019-12-09T04:00:36.090+0000][1][safepoint    ] Entering safepoint region: Cleanup
[2019-12-09T04:00:36.090+0000][1][safepoint    ] Leaving safepoint region
[2019-12-09T04:00:36.090+0000][1][safepoint    ] Total time for which application threads were stopped: 0.0001053 seconds, Stopping threads took: 0.0000291 seconds
[2019-12-09T04:00:37.091+0000][1][safepoint    ] Application time: 1.0000755 seconds
[2019-12-09T04:00:37.091+0000][1][safepoint    ] Entering safepoint region: Cleanup
[2019-12-09T04:00:37.091+0000][1][safepoint    ] Leaving safepoint region
[2019-12-09T04:00:37.091+0000][1][safepoint    ] Total time for which application threads were stopped: 0.0000944 seconds, Stopping threads took: 0.0000192 seconds
[2019-12-09T04:00:38.091+0000][1][safepoint    ] Application time: 1.0000768 seconds
[2019-12-09T04:00:38.091+0000][1][safepoint    ] Entering safepoint region: Cleanup
[2019-12-09T04:00:38.091+0000][1][safepoint    ] Leaving safepoint region
[2019-12-09T04:00:38.091+0000][1][safepoint    ] Total time for which application threads were stopped: 0.0001009 seconds, Stopping threads took: 0.0000202 seconds
[2019-12-09T04:00:39.091+0000][1][safepoint    ] Application time: 1.0000786 seconds
[2019-12-09T04:00:39.091+0000][1][safepoint    ] Entering safepoint region: Cleanup
[2019-12-09T04:00:39.091+0000][1][safepoint    ] Leaving safepoint region
[2019-12-09T04:00:39.091+0000][1][safepoint    ] Total time for which application threads were stopped: 0.0000979 seconds, Stopping threads took: 0.0000206 seconds
[2019-12-09T04:00:40.091+0000][1][safepoint    ] Application time: 1.0000766 seconds
[2019-12-09T04:00:40.091+0000][1][safepoint    ] Entering safepoint region: Cleanup
[2019-12-09T04:00:40.091+0000][1][safepoint    ] Leaving safepoint region
[2019-12-09T04:00:40.091+0000][1][safepoint    ] Total time for which application threads were stopped: 0.0001083 seconds, Stopping threads took: 0.0000211 seconds
[2019-12-09T04:00:41.091+0000][1][safepoint    ] Application time: 1.0000779 seconds
[2019-12-09T04:00:41.091+0000][1][safepoint    ] Entering safepoint region: Cleanup
[2019-12-09T04:00:41.092+0000][1][safepoint    ] Leaving safepoint region
[2019-12-09T04:00:41.092+0000][1][safepoint    ] Total time for which application threads were stopped: 0.0000930 seconds, Stopping threads took: 0.0000193 seconds
[2019-12-09T04:00:42.092+0000][1][safepoint    ] Application time: 1.0000757 seconds
[2019-12-09T04:00:42.092+0000][1][safepoint    ] Entering safepoint region: Cleanup
[2019-12-09T04:00:42.092+0000][1][safepoint    ] Leaving safepoint region
[2019-12-09T04:00:42.092+0000][1][safepoint    ] Total time for which application threads were stopped: 0.0001059 seconds, Stopping threads took: 0.0000189 seconds
[2019-12-09T04:00:43.092+0000][1][safepoint    ] Application time: 1.0000776 seconds
[2019-12-09T04:00:43.092+0000][1][safepoint    ] Entering safepoint region: Cleanup
[2019-12-09T04:00:43.092+0000][1][safepoint    ] Leaving safepoint region
[2019-12-09T04:00:43.092+0000][1][safepoint    ] Total time for which application threads were stopped: 0.0000894 seconds, Stopping threads took: 0.0000191 seconds
[2019-12-09T04:00:44.092+0000][1][safepoint    ] Application time: 1.0000764 seconds
[2019-12-09T04:00:44.092+0000][1][safepoint    ] Entering safepoint region: Cleanup
[2019-12-09T04:00:44.092+0000][1][safepoint    ] Leaving safepoint region
[2019-12-09T04:00:44.092+0000][1][safepoint    ] Total time for which application threads were stopped: 0.0000934 seconds, Stopping threads took: 0.0000197 seconds
[2019-12-09T04:00:45.092+0000][1][safepoint    ] Application time: 1.0000783 seconds
[2019-12-09T04:00:45.092+0000][1][safepoint    ] Entering safepoint region: Cleanup
[2019-12-09T04:00:45.092+0000][1][safepoint    ] Leaving safepoint region
[2019-12-09T04:00:45.092+0000][1][safepoint    ] Total time for which application threads were stopped: 0.0000971 seconds, Stopping threads took: 0.0000202 seconds
[2019-12-09T04:00:46.092+0000][1][safepoint    ] Application time: 1.0000769 seconds
[2019-12-09T04:00:46.093+0000][1][safepoint    ] Entering safepoint region: Cleanup
[2019-12-09T04:00:46.093+0000][1][safepoint    ] Leaving safepoint region
[2019-12-09T04:00:46.093+0000][1][safepoint    ] Total time for which application threads were stopped: 0.0000970 seconds, Stopping threads took: 0.0000190 seconds
[2019-12-09T04:00:47.093+0000][1][safepoint    ] Application time: 1.0000771 seconds
[2019-12-09T04:00:47.093+0000][1][safepoint    ] Entering safepoint region: Cleanup
[2019-12-09T04:00:47.093+0000][1][safepoint    ] Leaving safepoint region
[2019-12-09T04:00:47.093+0000][1][safepoint    ] Total time for which application threads were stopped: 0.0000950 seconds, Stopping threads took: 0.0000185 seconds
[2019-12-09T04:00:48.093+0000][1][safepoint    ] Application time: 1.0000760 seconds
[2019-12-09T04:00:48.093+0000][1][safepoint    ] Entering safepoint region: Cleanup
[2019-12-09T04:00:48.093+0000][1][safepoint    ] Leaving safepoint region
[2019-12-09T04:00:48.093+0000][1][safepoint    ] Total time for which application threads were stopped: 0.0000974 seconds, Stopping threads took: 0.0000190 seconds
[2019-12-09T04:00:49.093+0000][1][safepoint    ] Application time: 1.0000785 seconds
[2019-12-09T04:00:49.093+0000][1][safepoint    ] Entering safepoint region: Cleanup
[2019-12-09T04:00:49.093+0000][1][safepoint    ] Leaving safepoint region
[2019-12-09T04:00:49.093+0000][1][safepoint    ] Total time for which application threads were stopped: 0.0000935 seconds, Stopping threads took: 0.0000190 seconds
[2019-12-09T04:00:50.093+0000][1][safepoint    ] Application time: 1.0000733 seconds
[2019-12-09T04:00:50.093+0000][1][safepoint    ] Entering safepoint region: Cleanup
[2019-12-09T04:00:50.093+0000][1][safepoint    ] Leaving safepoint region
[2019-12-09T04:00:50.093+0000][1][safepoint    ] Total time for which application threads were stopped: 0.0000948 seconds, Stopping threads took: 0.0000215 seconds
[2019-12-09T04:00:51.094+0000][1][safepoint    ] Application time: 1.0000769 seconds
[2019-12-09T04:00:51.094+0000][1][safepoint    ] Entering safepoint region: Cleanup
[2019-12-09T04:00:51.094+0000][1][safepoint    ] Leaving safepoint region
[2019-12-09T04:00:51.094+0000][1][safepoint    ] Total time for which application threads were stopped: 0.0000927 seconds, Stopping threads took: 0.0000195 seconds
[2019-12-09T04:00:52.094+0000][1][safepoint    ] Application time: 1.0000759 seconds
[2019-12-09T04:00:52.094+0000][1][safepoint    ] Entering safepoint region: Cleanup
[2019-12-09T04:00:52.094+0000][1][safepoint    ] Leaving safepoint region
[2019-12-09T04:00:52.094+0000][1][safepoint    ] Total time for which application threads were stopped: 0.0000923 seconds, Stopping threads took: 0.0000183 seconds
[2019-12-09T04:00:53.094+0000][1][safepoint    ] Application time: 1.0000763 seconds
[2019-12-09T04:00:53.094+0000][1][safepoint    ] Entering safepoint region: Cleanup
[2019-12-09T04:00:53.094+0000][1][safepoint    ] Leaving safepoint region
[2019-12-09T04:00:53.094+0000][1][safepoint    ] Total time for which application threads were stopped: 0.0000947 seconds, Stopping threads took: 0.0000197 seconds
[2019-12-09T04:00:54.094+0000][1][safepoint    ] Application time: 1.0000765 seconds
[2019-12-09T04:00:54.094+0000][1][safepoint    ] Entering safepoint region: Cleanup
[2019-12-09T04:00:54.094+0000][1][safepoint    ] Leaving safepoint region
[2019-12-09T04:00:54.094+0000][1][safepoint    ] Total time for which application threads were stopped: 0.0000937 seconds, Stopping threads took: 0.0000201 seconds
[2019-12-09T04:00:55.094+0000][1][safepoint    ] Application time: 1.0000807 seconds
[2019-12-09T04:00:55.094+0000][1][safepoint    ] Entering safepoint region: Cleanup
[2019-12-09T04:00:55.094+0000][1][safepoint    ] Leaving safepoint region
[2019-12-09T04:00:55.094+0000][1][safepoint    ] Total time for which application threads were stopped: 0.0000944 seconds, Stopping threads took: 0.0000188 seconds
[2019-12-09T04:00:56.095+0000][1][safepoint    ] Application time: 1.0000783 seconds
[2019-12-09T04:00:56.095+0000][1][safepoint    ] Entering safepoint region: Cleanup
[2019-12-09T04:00:56.095+0000][1][safepoint    ] Leaving safepoint region
[2019-12-09T04:00:56.095+0000][1][safepoint    ] Total time for which application threads were stopped: 0.0001085 seconds, Stopping threads took: 0.0000202 seconds
[2019-12-09T04:00:57.095+0000][1][safepoint    ] Application time: 1.0000747 seconds
[2019-12-09T04:00:57.095+0000][1][safepoint    ] Entering safepoint region: Cleanup
[2019-12-09T04:00:57.095+0000][1][safepoint    ] Leaving safepoint region
[2019-12-09T04:00:57.095+0000][1][safepoint    ] Total time for which application threads were stopped: 0.0001060 seconds, Stopping threads took: 0.0000198 seconds
[2019-12-09T04:00:58.095+0000][1][safepoint    ] Application time: 1.0000764 seconds
[2019-12-09T04:00:58.095+0000][1][safepoint    ] Entering safepoint region: Cleanup
[2019-12-09T04:00:58.095+0000][1][safepoint    ] Leaving safepoint region
[2019-12-09T04:00:58.095+0000][1][safepoint    ] Total time for which application threads were stopped: 0.0000949 seconds, Stopping threads took: 0.0000209 seconds
[2019-12-09T04:00:59.095+0000][1][safepoint    ] Application time: 1.0000779 seconds
[2019-12-09T04:00:59.095+0000][1][safepoint    ] Entering safepoint region: Cleanup
[2019-12-09T04:00:59.095+0000][1][safepoint    ] Leaving safepoint region
[2019-12-09T04:00:59.095+0000][1][safepoint    ] Total time for which application threads were stopped: 0.0000919 seconds, Stopping threads took: 0.0000190 seconds
[2019-12-09T04:01:00.095+0000][1][safepoint    ] Application time: 1.0000809 seconds
[2019-12-09T04:01:00.095+0000][1][safepoint    ] Entering safepoint region: Cleanup
[2019-12-09T04:01:00.096+0000][1][safepoint    ] Leaving safepoint region
[2019-12-09T04:01:00.096+0000][1][safepoint    ] Total time for which application threads were stopped: 0.0000937 seconds, Stopping threads took: 0.0000203 seconds
[2019-12-09T04:01:01.096+0000][1][safepoint    ] Application time: 1.0000793 seconds
[2019-12-09T04:01:01.096+0000][1][safepoint    ] Entering safepoint region: Cleanup
[2019-12-09T04:01:01.096+0000][1][safepoint    ] Leaving safepoint region
[2019-12-09T04:01:01.096+0000][1][safepoint    ] Total time for which application threads were stopped: 0.0000950 seconds, Stopping threads took: 0.0000195 seconds
[2019-12-09T04:01:02.096+0000][1][safepoint    ] Application time: 1.0000770 seconds
[2019-12-09T04:01:02.096+0000][1][safepoint    ] Entering safepoint region: Cleanup
[2019-12-09T04:01:02.096+0000][1][safepoint    ] Leaving safepoint region
[2019-12-09T04:01:02.096+0000][1][safepoint    ] Total time for which application threads were stopped: 0.0000950 seconds, Stopping threads took: 0.0000189 seconds
[2019-12-09T04:01:02.821+0000][1][safepoint    ] Application time: 0.7247759 seconds
[2019-12-09T04:01:02.821+0000][1][safepoint    ] Entering safepoint region: RevokeBias
[2019-12-09T04:01:02.821+0000][1][safepoint    ] Leaving safepoint region
[2019-12-09T04:01:02.821+0000][1][safepoint    ] Total time for which application threads were stopped: 0.0001085 seconds, Stopping threads took: 0.0000174 seconds
[2019-12-09T04:01:03.821+0000][1][safepoint    ] Application time: 1.0000849 seconds
[2019-12-09T04:01:03.821+0000][1][safepoint    ] Entering safepoint region: Cleanup
[2019-12-09T04:01:03.821+0000][1][safepoint    ] Leaving safepoint region
[2019-12-09T04:01:03.821+0000][1][safepoint    ] Total time for which application threads were stopped: 0.0001024 seconds, Stopping threads took: 0.0000194 seconds
[2019-12-09T04:01:04.821+0000][1][safepoint    ] Application time: 1.0000780 seconds
[2019-12-09T04:01:04.821+0000][1][safepoint    ] Entering safepoint region: Cleanup
[2019-12-09T04:01:04.821+0000][1][safepoint    ] Leaving safepoint region
[2019-12-09T04:01:04.821+0000][1][safepoint    ] Total time for which application threads were stopped: 0.0000918 seconds, Stopping threads took: 0.0000196 seconds
[2019-12-09T04:01:05.821+0000][1][safepoint    ] Application time: 1.0000794 seconds
[2019-12-09T04:01:05.822+0000][1][safepoint    ] Entering safepoint region: Cleanup
[2019-12-09T04:01:05.822+0000][1][safepoint    ] Leaving safepoint region
[2019-12-09T04:01:05.822+0000][1][safepoint    ] Total time for which application threads were stopped: 0.0001021 seconds, Stopping threads took: 0.0000276 seconds
[2019-12-09T04:01:06.247+0000][1][safepoint    ] Application time: 0.4250851 seconds
[2019-12-09T04:01:06.247+0000][1][safepoint    ] Entering safepoint region: RevokeBias
[2019-12-09T04:01:06.247+0000][1][safepoint    ] Leaving safepoint region
[2019-12-09T04:01:06.247+0000][1][safepoint    ] Total time for which application threads were stopped: 0.0001130 seconds, Stopping threads took: 0.0000183 seconds
[2019-12-09T04:01:07.247+0000][1][safepoint    ] Application time: 1.0000823 seconds
[2019-12-09T04:01:07.247+0000][1][safepoint    ] Entering safepoint region: Cleanup
[2019-12-09T04:01:07.247+0000][1][safepoint    ] Leaving safepoint region
[2019-12-09T04:01:07.247+0000][1][safepoint    ] Total time for which application threads were stopped: 0.0000901 seconds, Stopping threads took: 0.0000186 seconds
[2019-12-09T04:01:08.247+0000][1][safepoint    ] Application time: 1.0000759 seconds
[2019-12-09T04:01:08.247+0000][1][safepoint    ] Entering safepoint region: Cleanup
[2019-12-09T04:01:08.247+0000][1][safepoint    ] Leaving safepoint region
[2019-12-09T04:01:08.247+0000][1][safepoint    ] Total time for which application threads were stopped: 0.0000920 seconds, Stopping threads took: 0.0000177 seconds
[2019-12-09T04:01:09.247+0000][1][safepoint    ] Application time: 1.0000772 seconds
[2019-12-09T04:01:09.247+0000][1][safepoint    ] Entering safepoint region: Cleanup
[2019-12-09T04:01:09.247+0000][1][safepoint    ] Leaving safepoint region
[2019-12-09T04:01:09.247+0000][1][safepoint    ] Total time for which application threads were stopped: 0.0000917 seconds, Stopping threads took: 0.0000201 seconds
[2019-12-09T04:01:10.248+0000][1][safepoint    ] Application time: 1.0000823 seconds
[2019-12-09T04:01:10.248+0000][1][safepoint    ] Entering safepoint region: Cleanup
[2019-12-09T04:01:10.248+0000][1][safepoint    ] Leaving safepoint region
[2019-12-09T04:01:10.248+0000][1][safepoint    ] Total time for which application threads were stopped: 0.0001388 seconds, Stopping threads took: 0.0000256 seconds
[2019-12-09T04:01:11.248+0000][1][safepoint    ] Application time: 1.0000752 seconds
[2019-12-09T04:01:11.248+0000][1][safepoint    ] Entering safepoint region: Cleanup
[2019-12-09T04:01:11.248+0000][1][safepoint    ] Leaving safepoint region
[2019-12-09T04:01:11.248+0000][1][safepoint    ] Total time for which application threads were stopped: 0.0000857 seconds, Stopping threads took: 0.0000164 seconds
[2019-12-09T04:01:12.248+0000][1][safepoint    ] Application time: 1.0000753 seconds
[2019-12-09T04:01:12.248+0000][1][safepoint    ] Entering safepoint region: Cleanup
[2019-12-09T04:01:12.248+0000][1][safepoint    ] Leaving safepoint region
[2019-12-09T04:01:12.248+0000][1][safepoint    ] Total time for which application threads were stopped: 0.0000876 seconds, Stopping threads took: 0.0000177 seconds
[2019-12-09T04:01:13.248+0000][1][safepoint    ] Application time: 1.0000759 seconds
[2019-12-09T04:01:13.248+0000][1][safepoint    ] Entering safepoint region: Cleanup
[2019-12-09T04:01:13.248+0000][1][safepoint    ] Leaving safepoint region
[2019-12-09T04:01:13.248+0000][1][safepoint    ] Total time for which application threads were stopped: 0.0000871 seconds, Stopping threads took: 0.0000171 seconds
[2019-12-09T04:01:14.248+0000][1][safepoint    ] Application time: 1.0000767 seconds
[2019-12-09T04:01:14.249+0000][1][safepoint    ] Entering safepoint region: Cleanup
[2019-12-09T04:01:14.249+0000][1][safepoint    ] Leaving safepoint region
[2019-12-09T04:01:14.249+0000][1][safepoint    ] Total time for which application threads were stopped: 0.0000904 seconds, Stopping threads took: 0.0000195 seconds
[2019-12-09T04:01:15.249+0000][1][safepoint    ] Application time: 1.0000763 seconds
[2019-12-09T04:01:15.249+0000][1][safepoint    ] Entering safepoint region: Cleanup
[2019-12-09T04:01:15.249+0000][1][safepoint    ] Leaving safepoint region
[2019-12-09T04:01:15.249+0000][1][safepoint    ] Total time for which application threads were stopped: 0.0000915 seconds, Stopping threads took: 0.0000200 seconds
[2019-12-09T04:01:16.249+0000][1][safepoint    ] Application time: 1.0000766 seconds
[2019-12-09T04:01:16.249+0000][1][safepoint    ] Entering safepoint region: Cleanup
[2019-12-09T04:01:16.249+0000][1][safepoint    ] Leaving safepoint region
[2019-12-09T04:01:16.249+0000][1][safepoint    ] Total time for which application threads were stopped: 0.0000907 seconds, Stopping threads took: 0.0000170 seconds
[2019-12-09T04:01:17.249+0000][1][safepoint    ] Application time: 1.0000778 seconds
[2019-12-09T04:01:17.249+0000][1][safepoint    ] Entering safepoint region: Cleanup
[2019-12-09T04:01:17.249+0000][1][safepoint    ] Leaving safepoint region
[2019-12-09T04:01:17.249+0000][1][safepoint    ] Total time for which application threads were stopped: 0.0000885 seconds, Stopping threads took: 0.0000174 seconds
[2019-12-09T04:01:18.249+0000][1][safepoint    ] Application time: 1.0000767 seconds
[2019-12-09T04:01:18.249+0000][1][safepoint    ] Entering safepoint region: Cleanup
[2019-12-09T04:01:18.249+0000][1][safepoint    ] Leaving safepoint region
[2019-12-09T04:01:18.249+0000][1][safepoint    ] Total time for which application threads were stopped: 0.0001033 seconds, Stopping threads took: 0.0000208 seconds
[2019-12-09T04:01:19.250+0000][1][safepoint    ] Application time: 1.0000766 seconds
[2019-12-09T04:01:19.250+0000][1][safepoint    ] Entering safepoint region: Cleanup
[2019-12-09T04:01:19.250+0000][1][safepoint    ] Leaving safepoint region
[2019-12-09T04:01:19.250+0000][1][safepoint    ] Total time for which application threads were stopped: 0.0000905 seconds, Stopping threads took: 0.0000177 seconds
[2019-12-09T04:01:20.250+0000][1][safepoint    ] Application time: 1.0000865 seconds
[2019-12-09T04:01:20.250+0000][1][safepoint    ] Entering safepoint region: Cleanup
[2019-12-09T04:01:20.250+0000][1][safepoint    ] Leaving safepoint region
[2019-12-09T04:01:20.250+0000][1][safepoint    ] Total time for which application threads were stopped: 0.0000913 seconds, Stopping threads took: 0.0000186 seconds
[2019-12-09T04:01:21.250+0000][1][safepoint    ] Application time: 1.0000744 seconds
[2019-12-09T04:01:21.250+0000][1][safepoint    ] Entering safepoint region: Cleanup
[2019-12-09T04:01:21.250+0000][1][safepoint    ] Leaving safepoint region
[2019-12-09T04:01:21.250+0000][1][safepoint    ] Total time for which application threads were stopped: 0.0000845 seconds, Stopping threads took: 0.0000152 seconds
[2019-12-09T04:01:22.250+0000][1][safepoint    ] Application time: 1.0000757 seconds
[2019-12-09T04:01:22.250+0000][1][safepoint    ] Entering safepoint region: Cleanup
[2019-12-09T04:01:22.250+0000][1][safepoint    ] Leaving safepoint region
[2019-12-09T04:01:22.250+0000][1][safepoint    ] Total time for which application threads were stopped: 0.0000870 seconds, Stopping threads took: 0.0000174 seconds
[2019-12-09T04:01:23.250+0000][1][safepoint    ] Application time: 1.0000758 seconds
[2019-12-09T04:01:23.250+0000][1][safepoint    ] Entering safepoint region: Cleanup
[2019-12-09T04:01:23.250+0000][1][safepoint    ] Leaving safepoint region
[2019-12-09T04:01:23.250+0000][1][safepoint    ] Total time for which application threads were stopped: 0.0000876 seconds, Stopping threads took: 0.0000190 seconds
[2019-12-09T04:01:24.251+0000][1][safepoint    ] Application time: 1.0000759 seconds
[2019-12-09T04:01:24.251+0000][1][safepoint    ] Entering safepoint region: Cleanup
[2019-12-09T04:01:24.251+0000][1][safepoint    ] Leaving safepoint region
[2019-12-09T04:01:24.251+0000][1][safepoint    ] Total time for which application threads were stopped: 0.0000884 seconds, Stopping threads took: 0.0000172 seconds
[2019-12-09T04:01:25.251+0000][1][safepoint    ] Application time: 1.0000759 seconds
[2019-12-09T04:01:25.251+0000][1][safepoint    ] Entering safepoint region: Cleanup
[2019-12-09T04:01:25.251+0000][1][safepoint    ] Leaving safepoint region
[2019-12-09T04:01:25.251+0000][1][safepoint    ] Total time for which application threads were stopped: 0.0000904 seconds, Stopping threads took: 0.0000190 seconds
[2019-12-09T04:01:26.251+0000][1][safepoint    ] Application time: 1.0000746 seconds
[2019-12-09T04:01:26.251+0000][1][safepoint    ] Entering safepoint region: Cleanup
[2019-12-09T04:01:26.251+0000][1][safepoint    ] Leaving safepoint region
[2019-12-09T04:01:26.251+0000][1][safepoint    ] Total time for which application threads were stopped: 0.0000983 seconds, Stopping threads took: 0.0000187 seconds
[2019-12-09T04:01:27.251+0000][1][safepoint    ] Application time: 1.0000766 seconds
[2019-12-09T04:01:27.251+0000][1][safepoint    ] Entering safepoint region: Cleanup
[2019-12-09T04:01:27.251+0000][1][safepoint    ] Leaving safepoint region
[2019-12-09T04:01:27.251+0000][1][safepoint    ] Total time for which application threads were stopped: 0.0000906 seconds, Stopping threads took: 0.0000177 seconds
[2019-12-09T04:01:28.251+0000][1][safepoint    ] Application time: 1.0000774 seconds
[2019-12-09T04:01:28.251+0000][1][safepoint    ] Entering safepoint region: Cleanup
[2019-12-09T04:01:28.252+0000][1][safepoint    ] Leaving safepoint region
[2019-12-09T04:01:28.252+0000][1][safepoint    ] Total time for which application threads were stopped: 0.0000957 seconds, Stopping threads took: 0.0000205 seconds
[2019-12-09T04:01:29.252+0000][1][safepoint    ] Application time: 1.0000793 seconds
[2019-12-09T04:01:29.252+0000][1][safepoint    ] Entering safepoint region: Cleanup
[2019-12-09T04:01:29.252+0000][1][safepoint    ] Leaving safepoint region
[2019-12-09T04:01:29.252+0000][1][safepoint    ] Total time for which application threads were stopped: 0.0001017 seconds, Stopping threads took: 0.0000172 seconds
[2019-12-09T04:01:30.252+0000][1][safepoint    ] Application time: 1.0000763 seconds
[2019-12-09T04:01:30.252+0000][1][safepoint    ] Entering safepoint region: Cleanup
[2019-12-09T04:01:30.252+0000][1][safepoint    ] Leaving safepoint region
[2019-12-09T04:01:30.252+0000][1][safepoint    ] Total time for which application threads were stopped: 0.0000980 seconds, Stopping threads took: 0.0000186 seconds
[2019-12-09T04:01:31.252+0000][1][safepoint    ] Application time: 1.0000762 seconds
[2019-12-09T04:01:31.252+0000][1][safepoint    ] Entering safepoint region: Cleanup
[2019-12-09T04:01:31.252+0000][1][safepoint    ] Leaving safepoint region
[2019-12-09T04:01:31.252+0000][1][safepoint    ] Total time for which application threads were stopped: 0.0000945 seconds, Stopping threads took: 0.0000182 seconds
[2019-12-09T04:01:32.252+0000][1][safepoint    ] Application time: 1.0000756 seconds
[2019-12-09T04:01:32.252+0000][1][safepoint    ] Entering safepoint region: Cleanup
[2019-12-09T04:01:32.252+0000][1][safepoint    ] Leaving safepoint region
[2019-12-09T04:01:32.252+0000][1][safepoint    ] Total time for which application threads were stopped: 0.0000966 seconds, Stopping threads took: 0.0000190 seconds
[2019-12-09T04:01:33.252+0000][1][safepoint    ] Application time: 1.0000776 seconds
[2019-12-09T04:01:33.253+0000][1][safepoint    ] Entering safepoint region: Cleanup
[2019-12-09T04:01:33.253+0000][1][safepoint    ] Leaving safepoint region
[2019-12-09T04:01:33.253+0000][1][safepoint    ] Total time for which application threads were stopped: 0.0000966 seconds, Stopping threads took: 0.0000184 seconds
[2019-12-09T04:01:34.253+0000][1][safepoint    ] Application time: 1.0000835 seconds
[2019-12-09T04:01:34.253+0000][1][safepoint    ] Entering safepoint region: Cleanup
[2019-12-09T04:01:34.253+0000][1][safepoint    ] Leaving safepoint region
[2019-12-09T04:01:34.253+0000][1][safepoint    ] Total time for which application threads were stopped: 0.0000899 seconds, Stopping threads took: 0.0000161 seconds
[2019-12-09T04:01:35.253+0000][1][safepoint    ] Application time: 1.0000771 seconds
[2019-12-09T04:01:35.253+0000][1][safepoint    ] Entering safepoint region: Cleanup
[2019-12-09T04:01:35.253+0000][1][safepoint    ] Leaving safepoint region
[2019-12-09T04:01:35.253+0000][1][safepoint    ] Total time for which application threads were stopped: 0.0000886 seconds, Stopping threads took: 0.0000175 seconds
[2019-12-09T04:01:36.253+0000][1][safepoint    ] Application time: 1.0000768 seconds
[2019-12-09T04:01:36.253+0000][1][safepoint    ] Entering safepoint region: Cleanup
[2019-12-09T04:01:36.253+0000][1][safepoint    ] Leaving safepoint region
[2019-12-09T04:01:36.253+0000][1][safepoint    ] Total time for which application threads were stopped: 0.0000979 seconds, Stopping threads took: 0.0000254 seconds
[2019-12-09T04:01:37.253+0000][1][safepoint    ] Application time: 1.0000778 seconds
[2019-12-09T04:01:37.253+0000][1][safepoint    ] Entering safepoint region: Cleanup
[2019-12-09T04:01:37.253+0000][1][safepoint    ] Leaving safepoint region
[2019-12-09T04:01:37.253+0000][1][safepoint    ] Total time for which application threads were stopped: 0.0000927 seconds, Stopping threads took: 0.0000167 seconds
[2019-12-09T04:01:38.254+0000][1][safepoint    ] Application time: 1.0000786 seconds
[2019-12-09T04:01:38.254+0000][1][safepoint    ] Entering safepoint region: Cleanup
[2019-12-09T04:01:38.254+0000][1][safepoint    ] Leaving safepoint region
[2019-12-09T04:01:38.254+0000][1][safepoint    ] Total time for which application threads were stopped: 0.0000942 seconds, Stopping threads took: 0.0000198 seconds
[2019-12-09T04:01:39.254+0000][1][safepoint    ] Application time: 1.0000880 seconds
[2019-12-09T04:01:39.254+0000][1][safepoint    ] Entering safepoint region: Cleanup
[2019-12-09T04:01:39.254+0000][1][safepoint    ] Leaving safepoint region
[2019-12-09T04:01:39.254+0000][1][safepoint    ] Total time for which application threads were stopped: 0.0000929 seconds, Stopping threads took: 0.0000179 seconds
[2019-12-09T04:01:40.254+0000][1][safepoint    ] Application time: 1.0000777 seconds
[2019-12-09T04:01:40.254+0000][1][safepoint    ] Entering safepoint region: Cleanup
[2019-12-09T04:01:40.254+0000][1][safepoint    ] Leaving safepoint region
[2019-12-09T04:01:40.254+0000][1][safepoint    ] Total time for which application threads were stopped: 0.0000914 seconds, Stopping threads took: 0.0000184 seconds
[2019-12-09T04:01:41.254+0000][1][safepoint    ] Application time: 1.0000764 seconds
[2019-12-09T04:01:41.254+0000][1][safepoint    ] Entering safepoint region: Cleanup
[2019-12-09T04:01:41.254+0000][1][safepoint    ] Leaving safepoint region
[2019-12-09T04:01:41.254+0000][1][safepoint    ] Total time for which application threads were stopped: 0.0000891 seconds, Stopping threads took: 0.0000172 seconds
[2019-12-09T04:01:42.254+0000][1][safepoint    ] Application time: 1.0000825 seconds
[2019-12-09T04:01:42.254+0000][1][safepoint    ] Entering safepoint region: Cleanup
[2019-12-09T04:01:42.255+0000][1][safepoint    ] Leaving safepoint region
[2019-12-09T04:01:42.255+0000][1][safepoint    ] Total time for which application threads were stopped: 0.0000896 seconds, Stopping threads took: 0.0000187 seconds
[2019-12-09T04:01:43.255+0000][1][safepoint    ] Application time: 1.0000770 seconds
[2019-12-09T04:01:43.255+0000][1][safepoint    ] Entering safepoint region: Cleanup
[2019-12-09T04:01:43.255+0000][1][safepoint    ] Leaving safepoint region
[2019-12-09T04:01:43.255+0000][1][safepoint    ] Total time for which application threads were stopped: 0.0001027 seconds, Stopping threads took: 0.0000175 seconds
[2019-12-09T04:01:44.255+0000][1][safepoint    ] Application time: 1.0000772 seconds
[2019-12-09T04:01:44.255+0000][1][safepoint    ] Entering safepoint region: Cleanup
[2019-12-09T04:01:44.255+0000][1][safepoint    ] Leaving safepoint region
[2019-12-09T04:01:44.255+0000][1][safepoint    ] Total time for which application threads were stopped: 0.0000977 seconds, Stopping threads took: 0.0000205 seconds
[2019-12-09T04:01:45.255+0000][1][safepoint    ] Application time: 1.0000763 seconds
[2019-12-09T04:01:45.255+0000][1][safepoint    ] Entering safepoint region: Cleanup
[2019-12-09T04:01:45.255+0000][1][safepoint    ] Leaving safepoint region
[2019-12-09T04:01:45.255+0000][1][safepoint    ] Total time for which application threads were stopped: 0.0000927 seconds, Stopping threads took: 0.0000180 seconds
[2019-12-09T04:01:46.255+0000][1][safepoint    ] Application time: 1.0000753 seconds
[2019-12-09T04:01:46.255+0000][1][safepoint    ] Entering safepoint region: Cleanup
[2019-12-09T04:01:46.255+0000][1][safepoint    ] Leaving safepoint region
[2019-12-09T04:01:46.255+0000][1][safepoint    ] Total time for which application threads were stopped: 0.0000953 seconds, Stopping threads took: 0.0000191 seconds
[2019-12-09T04:01:47.255+0000][1][safepoint    ] Application time: 1.0000759 seconds
[2019-12-09T04:01:47.256+0000][1][safepoint    ] Entering safepoint region: Cleanup
[2019-12-09T04:01:47.256+0000][1][safepoint    ] Leaving safepoint region
[2019-12-09T04:01:47.256+0000][1][safepoint    ] Total time for which application threads were stopped: 0.0000928 seconds, Stopping threads took: 0.0000186 seconds
[2019-12-09T04:01:48.256+0000][1][safepoint    ] Application time: 1.0000834 seconds
[2019-12-09T04:01:48.256+0000][1][safepoint    ] Entering safepoint region: Cleanup
[2019-12-09T04:01:48.256+0000][1][safepoint    ] Leaving safepoint region
[2019-12-09T04:01:48.256+0000][1][safepoint    ] Total time for which application threads were stopped: 0.0001097 seconds, Stopping threads took: 0.0000184 seconds
[2019-12-09T04:01:49.256+0000][1][safepoint    ] Application time: 1.0000745 seconds
[2019-12-09T04:01:49.256+0000][1][safepoint    ] Entering safepoint region: Cleanup
[2019-12-09T04:01:49.256+0000][1][safepoint    ] Leaving safepoint region
[2019-12-09T04:01:49.256+0000][1][safepoint    ] Total time for which application threads were stopped: 0.0000926 seconds, Stopping threads took: 0.0000204 seconds
[2019-12-09T04:01:50.256+0000][1][safepoint    ] Application time: 1.0000758 seconds
[2019-12-09T04:01:50.256+0000][1][safepoint    ] Entering safepoint region: Cleanup
[2019-12-09T04:01:50.256+0000][1][safepoint    ] Leaving safepoint region
[2019-12-09T04:01:50.256+0000][1][safepoint    ] Total time for which application threads were stopped: 0.0000939 seconds, Stopping threads took: 0.0000196 seconds
[2019-12-09T04:01:51.256+0000][1][safepoint    ] Application time: 1.0000797 seconds
[2019-12-09T04:01:51.256+0000][1][safepoint    ] Entering safepoint region: Cleanup
[2019-12-09T04:01:51.256+0000][1][safepoint    ] Leaving safepoint region
[2019-12-09T04:01:51.256+0000][1][safepoint    ] Total time for which application threads were stopped: 0.0000907 seconds, Stopping threads took: 0.0000173 seconds
[2019-12-09T04:01:52.257+0000][1][safepoint    ] Application time: 1.0000758 seconds
[2019-12-09T04:01:52.257+0000][1][safepoint    ] Entering safepoint region: Cleanup
[2019-12-09T04:01:52.257+0000][1][safepoint    ] Leaving safepoint region
[2019-12-09T04:01:52.257+0000][1][safepoint    ] Total time for which application threads were stopped: 0.0000902 seconds, Stopping threads took: 0.0000192 seconds
[2019-12-09T04:01:53.257+0000][1][safepoint    ] Application time: 1.0000877 seconds
[2019-12-09T04:01:53.257+0000][1][safepoint    ] Entering safepoint region: Cleanup
[2019-12-09T04:01:53.257+0000][1][safepoint    ] Leaving safepoint region
[2019-12-09T04:01:53.257+0000][1][safepoint    ] Total time for which application threads were stopped: 0.0000984 seconds, Stopping threads took: 0.0000192 seconds
[2019-12-09T04:01:54.257+0000][1][safepoint    ] Application time: 1.0000759 seconds
[2019-12-09T04:01:54.257+0000][1][safepoint    ] Entering safepoint region: Cleanup
[2019-12-09T04:01:54.257+0000][1][safepoint    ] Leaving safepoint region
[2019-12-09T04:01:54.257+0000][1][safepoint    ] Total time for which application threads were stopped: 0.0000946 seconds, Stopping threads took: 0.0000224 seconds
[2019-12-09T04:01:55.257+0000][1][safepoint    ] Application time: 1.0000777 seconds
[2019-12-09T04:01:55.257+0000][1][safepoint    ] Entering safepoint region: Cleanup
[2019-12-09T04:01:55.257+0000][1][safepoint    ] Leaving safepoint region
[2019-12-09T04:01:55.257+0000][1][safepoint    ] Total time for which application threads were stopped: 0.0000934 seconds, Stopping threads took: 0.0000190 seconds
[2019-12-09T04:01:56.257+0000][1][safepoint    ] Application time: 1.0000766 seconds
[2019-12-09T04:01:56.257+0000][1][safepoint    ] Entering safepoint region: Cleanup
[2019-12-09T04:01:56.258+0000][1][safepoint    ] Leaving safepoint region
[2019-12-09T04:01:56.258+0000][1][safepoint    ] Total time for which application threads were stopped: 0.0000949 seconds, Stopping threads took: 0.0000210 seconds
[2019-12-09T04:01:57.258+0000][1][safepoint    ] Application time: 1.0000837 seconds
[2019-12-09T04:01:57.258+0000][1][safepoint    ] Entering safepoint region: Cleanup
[2019-12-09T04:01:57.258+0000][1][safepoint    ] Leaving safepoint region
[2019-12-09T04:01:57.258+0000][1][safepoint    ] Total time for which application threads were stopped: 0.0001025 seconds, Stopping threads took: 0.0000289 seconds
[2019-12-09T04:01:58.258+0000][1][safepoint    ] Application time: 1.0000766 seconds
[2019-12-09T04:01:58.258+0000][1][safepoint    ] Entering safepoint region: Cleanup
[2019-12-09T04:01:58.258+0000][1][safepoint    ] Leaving safepoint region
[2019-12-09T04:01:58.258+0000][1][safepoint    ] Total time for which application threads were stopped: 0.0000926 seconds, Stopping threads took: 0.0000197 seconds
[2019-12-09T04:01:59.258+0000][1][safepoint    ] Application time: 1.0000770 seconds
[2019-12-09T04:01:59.258+0000][1][safepoint    ] Entering safepoint region: Cleanup
[2019-12-09T04:01:59.258+0000][1][safepoint    ] Leaving safepoint region
[2019-12-09T04:01:59.258+0000][1][safepoint    ] Total time for which application threads were stopped: 0.0000920 seconds, Stopping threads took: 0.0000177 seconds
[2019-12-09T04:02:00.258+0000][1][safepoint    ] Application time: 1.0000752 seconds
[2019-12-09T04:02:00.258+0000][1][safepoint    ] Entering safepoint region: Cleanup
[2019-12-09T04:02:00.258+0000][1][safepoint    ] Leaving safepoint region
[2019-12-09T04:02:00.258+0000][1][safepoint    ] Total time for which application threads were stopped: 0.0000885 seconds, Stopping threads took: 0.0000175 seconds
[2019-12-09T04:02:01.258+0000][1][safepoint    ] Application time: 1.0000794 seconds
[2019-12-09T04:02:01.259+0000][1][safepoint    ] Entering safepoint region: Cleanup
[2019-12-09T04:02:01.259+0000][1][safepoint    ] Leaving safepoint region
[2019-12-09T04:02:01.259+0000][1][safepoint    ] Total time for which application threads were stopped: 0.0000979 seconds, Stopping threads took: 0.0000203 seconds
[2019-12-09T04:02:02.259+0000][1][safepoint    ] Application time: 1.0000790 seconds
[2019-12-09T04:02:02.259+0000][1][safepoint    ] Entering safepoint region: Cleanup
[2019-12-09T04:02:02.259+0000][1][safepoint    ] Leaving safepoint region
[2019-12-09T04:02:02.259+0000][1][safepoint    ] Total time for which application threads were stopped: 0.0000914 seconds, Stopping threads took: 0.0000187 seconds
[2019-12-09T04:02:03.259+0000][1][safepoint    ] Application time: 1.0000761 seconds
[2019-12-09T04:02:03.259+0000][1][safepoint    ] Entering safepoint region: Cleanup
[2019-12-09T04:02:03.259+0000][1][safepoint    ] Leaving safepoint region
[2019-12-09T04:02:03.259+0000][1][safepoint    ] Total time for which application threads were stopped: 0.0000910 seconds, Stopping threads took: 0.0000174 seconds
[2019-12-09T04:02:04.259+0000][1][safepoint    ] Application time: 1.0000760 seconds
[2019-12-09T04:02:04.259+0000][1][safepoint    ] Entering safepoint region: Cleanup
[2019-12-09T04:02:04.259+0000][1][safepoint    ] Leaving safepoint region
[2019-12-09T04:02:04.259+0000][1][safepoint    ] Total time for which application threads were stopped: 0.0000907 seconds, Stopping threads took: 0.0000186 seconds
[2019-12-09T04:02:05.259+0000][1][safepoint    ] Application time: 1.0000764 seconds
[2019-12-09T04:02:05.259+0000][1][safepoint    ] Entering safepoint region: Cleanup
[2019-12-09T04:02:05.259+0000][1][safepoint    ] Leaving safepoint region
[2019-12-09T04:02:05.259+0000][1][safepoint    ] Total time for which application threads were stopped: 0.0000938 seconds, Stopping threads took: 0.0000181 seconds
[2019-12-09T04:02:06.260+0000][1][safepoint    ] Application time: 1.0000834 seconds
[2019-12-09T04:02:06.260+0000][1][safepoint    ] Entering safepoint region: Cleanup
[2019-12-09T04:02:06.260+0000][1][safepoint    ] Leaving safepoint region
[2019-12-09T04:02:06.260+0000][1][safepoint    ] Total time for which application threads were stopped: 0.0001363 seconds, Stopping threads took: 0.0000476 seconds
[2019-12-09T04:02:07.260+0000][1][safepoint    ] Application time: 1.0000765 seconds
[2019-12-09T04:02:07.260+0000][1][safepoint    ] Entering safepoint region: Cleanup
[2019-12-09T04:02:07.260+0000][1][safepoint    ] Leaving safepoint region
[2019-12-09T04:02:07.260+0000][1][safepoint    ] Total time for which application threads were stopped: 0.0000896 seconds, Stopping threads took: 0.0000171 seconds
[2019-12-09T04:02:08.260+0000][1][safepoint    ] Application time: 1.0000772 seconds
[2019-12-09T04:02:08.260+0000][1][safepoint    ] Entering safepoint region: Cleanup
[2019-12-09T04:02:08.260+0000][1][safepoint    ] Leaving safepoint region
[2019-12-09T04:02:08.260+0000][1][safepoint    ] Total time for which application threads were stopped: 0.0000915 seconds, Stopping threads took: 0.0000192 seconds
[2019-12-09T04:02:09.260+0000][1][safepoint    ] Application time: 1.0000757 seconds
[2019-12-09T04:02:09.260+0000][1][safepoint    ] Entering safepoint region: Cleanup
[2019-12-09T04:02:09.260+0000][1][safepoint    ] Leaving safepoint region
[2019-12-09T04:02:09.260+0000][1][safepoint    ] Total time for which application threads were stopped: 0.0000991 seconds, Stopping threads took: 0.0000219 seconds
[2019-12-09T04:02:10.260+0000][1][safepoint    ] Application time: 1.0000760 seconds
[2019-12-09T04:02:10.261+0000][1][safepoint    ] Entering safepoint region: Cleanup
[2019-12-09T04:02:10.261+0000][1][safepoint    ] Leaving safepoint region
[2019-12-09T04:02:10.261+0000][1][safepoint    ] Total time for which application threads were stopped: 0.0000915 seconds, Stopping threads took: 0.0000181 seconds
[2019-12-09T04:02:11.261+0000][1][safepoint    ] Application time: 1.0000770 seconds
[2019-12-09T04:02:11.261+0000][1][safepoint    ] Entering safepoint region: Cleanup
[2019-12-09T04:02:11.261+0000][1][safepoint    ] Leaving safepoint region
[2019-12-09T04:02:11.261+0000][1][safepoint    ] Total time for which application threads were stopped: 0.0000911 seconds, Stopping threads took: 0.0000179 seconds
[2019-12-09T04:02:12.261+0000][1][safepoint    ] Application time: 1.0000771 seconds
[2019-12-09T04:02:12.261+0000][1][safepoint    ] Entering safepoint region: Cleanup
[2019-12-09T04:02:12.261+0000][1][safepoint    ] Leaving safepoint region
[2019-12-09T04:02:12.261+0000][1][safepoint    ] Total time for which application threads were stopped: 0.0000974 seconds, Stopping threads took: 0.0000194 seconds
[2019-12-09T04:02:13.261+0000][1][safepoint    ] Application time: 1.0000774 seconds
[2019-12-09T04:02:13.261+0000][1][safepoint    ] Entering safepoint region: Cleanup
[2019-12-09T04:02:13.261+0000][1][safepoint    ] Leaving safepoint region
[2019-12-09T04:02:13.261+0000][1][safepoint    ] Total time for which application threads were stopped: 0.0000935 seconds, Stopping threads took: 0.0000184 seconds
[2019-12-09T04:02:14.261+0000][1][safepoint    ] Application time: 1.0000765 seconds
[2019-12-09T04:02:14.261+0000][1][safepoint    ] Entering safepoint region: Cleanup
[2019-12-09T04:02:14.261+0000][1][safepoint    ] Leaving safepoint region
[2019-12-09T04:02:14.261+0000][1][safepoint    ] Total time for which application threads were stopped: 0.0000939 seconds, Stopping threads took: 0.0000194 seconds
[2019-12-09T04:02:15.262+0000][1][safepoint    ] Application time: 1.0000763 seconds
[2019-12-09T04:02:15.262+0000][1][safepoint    ] Entering safepoint region: Cleanup
[2019-12-09T04:02:15.262+0000][1][safepoint    ] Leaving safepoint region
[2019-12-09T04:02:15.262+0000][1][safepoint    ] Total time for which application threads were stopped: 0.0000963 seconds, Stopping threads took: 0.0000208 seconds
[2019-12-09T04:02:16.143+0000][1][safepoint    ] Application time: 0.8813732 seconds
[2019-12-09T04:02:16.143+0000][1][safepoint    ] Entering safepoint region: GenCollectForAllocation
[2019-12-09T04:02:16.143+0000][1][gc,start     ] GC(35) Pause Young (Allocation Failure)
[2019-12-09T04:02:16.143+0000][1][gc,task      ] GC(35) Using 2 workers of 2 for evacuation
[2019-12-09T04:02:16.148+0000][1][gc,age       ] GC(35) Desired survivor size 4456448 bytes, new threshold 6 (max threshold 6)
[2019-12-09T04:02:16.148+0000][1][gc,age       ] GC(35) Age table with threshold 6 (max threshold 6)
[2019-12-09T04:02:16.148+0000][1][gc,age       ] GC(35) - age   1:      11056 bytes,      11056 total
[2019-12-09T04:02:16.148+0000][1][gc,age       ] GC(35) - age   2:       3792 bytes,      14848 total
[2019-12-09T04:02:16.148+0000][1][gc,age       ] GC(35) - age   3:      76264 bytes,      91112 total
[2019-12-09T04:02:16.148+0000][1][gc,age       ] GC(35) - age   4:      73192 bytes,     164304 total
[2019-12-09T04:02:16.148+0000][1][gc,age       ] GC(35) - age   5:      10800 bytes,     175104 total
[2019-12-09T04:02:16.148+0000][1][gc,age       ] GC(35) - age   6:      55784 bytes,     230888 total
[2019-12-09T04:02:16.148+0000][1][gc,heap      ] GC(35) ParNew: 71669K->658K(78656K)
[2019-12-09T04:02:16.148+0000][1][gc,heap      ] GC(35) CMS: 74869K->75648K(174784K)
[2019-12-09T04:02:16.148+0000][1][gc,metaspace ] GC(35) Metaspace: 79651K->79651K(1122304K)
[2019-12-09T04:02:16.148+0000][1][gc           ] GC(35) Pause Young (Allocation Failure) 143M->74M(247M) 4.684ms
[2019-12-09T04:02:16.148+0000][1][gc,cpu       ] GC(35) User=0.01s Sys=0.00s Real=0.01s
[2019-12-09T04:02:16.148+0000][1][safepoint    ] Leaving safepoint region
[2019-12-09T04:02:16.148+0000][1][safepoint    ] Total time for which application threads were stopped: 0.0048531 seconds, Stopping threads took: 0.0000184 seconds
[2019-12-09T04:02:17.148+0000][1][safepoint    ] Application time: 1.0000872 seconds
[2019-12-09T04:02:17.148+0000][1][safepoint    ] Entering safepoint region: Cleanup
[2019-12-09T04:02:17.148+0000][1][safepoint    ] Leaving safepoint region
[2019-12-09T04:02:17.148+0000][1][safepoint    ] Total time for which application threads were stopped: 0.0001052 seconds, Stopping threads took: 0.0000210 seconds
[2019-12-09T04:02:18.148+0000][1][safepoint    ] Application time: 1.0000808 seconds
[2019-12-09T04:02:18.148+0000][1][safepoint    ] Entering safepoint region: Cleanup
[2019-12-09T04:02:18.148+0000][1][safepoint    ] Leaving safepoint region
[2019-12-09T04:02:18.148+0000][1][safepoint    ] Total time for which application threads were stopped: 0.0001000 seconds, Stopping threads took: 0.0000205 seconds
[2019-12-09T04:02:19.148+0000][1][safepoint    ] Application time: 1.0000776 seconds
[2019-12-09T04:02:19.149+0000][1][safepoint    ] Entering safepoint region: Cleanup
[2019-12-09T04:02:19.149+0000][1][safepoint    ] Leaving safepoint region
[2019-12-09T04:02:19.149+0000][1][safepoint    ] Total time for which application threads were stopped: 0.0001044 seconds, Stopping threads took: 0.0000203 seconds
[2019-12-09T04:02:20.150+0000][1][safepoint    ] Application time: 1.0010661 seconds
[2019-12-09T04:02:20.150+0000][1][safepoint    ] Entering safepoint region: Cleanup
[2019-12-09T04:02:20.150+0000][1][safepoint    ] Leaving safepoint region
[2019-12-09T04:02:20.150+0000][1][safepoint    ] Total time for which application threads were stopped: 0.0001330 seconds, Stopping threads took: 0.0000274 seconds
[2019-12-09T04:02:21.150+0000][1][safepoint    ] Application time: 1.0000836 seconds
[2019-12-09T04:02:21.150+0000][1][safepoint    ] Entering safepoint region: Cleanup
[2019-12-09T04:02:21.150+0000][1][safepoint    ] Leaving safepoint region
[2019-12-09T04:02:21.150+0000][1][safepoint    ] Total time for which application threads were stopped: 0.0001299 seconds, Stopping threads took: 0.0000466 seconds
[2019-12-09T04:02:22.150+0000][1][safepoint    ] Application time: 1.0000847 seconds
[2019-12-09T04:02:22.150+0000][1][safepoint    ] Entering safepoint region: Cleanup
[2019-12-09T04:02:22.150+0000][1][safepoint    ] Leaving safepoint region
[2019-12-09T04:02:22.150+0000][1][safepoint    ] Total time for which application threads were stopped: 0.0000948 seconds, Stopping threads took: 0.0000216 seconds
[2019-12-09T04:02:23.150+0000][1][safepoint    ] Application time: 1.0000757 seconds
[2019-12-09T04:02:23.151+0000][1][safepoint    ] Entering safepoint region: Cleanup
[2019-12-09T04:02:23.151+0000][1][safepoint    ] Leaving safepoint region
[2019-12-09T04:02:23.151+0000][1][safepoint    ] Total time for which application threads were stopped: 0.0000959 seconds, Stopping threads took: 0.0000200 seconds
[2019-12-09T04:02:24.151+0000][1][safepoint    ] Application time: 1.0000850 seconds
[2019-12-09T04:02:24.151+0000][1][safepoint    ] Entering safepoint region: Cleanup
[2019-12-09T04:02:24.151+0000][1][safepoint    ] Leaving safepoint region
[2019-12-09T04:02:24.151+0000][1][safepoint    ] Total time for which application threads were stopped: 0.0000941 seconds, Stopping threads took: 0.0000202 seconds
[2019-12-09T04:02:25.151+0000][1][safepoint    ] Application time: 1.0000752 seconds
[2019-12-09T04:02:25.151+0000][1][safepoint    ] Entering safepoint region: Cleanup
[2019-12-09T04:02:25.151+0000][1][safepoint    ] Leaving safepoint region
[2019-12-09T04:02:25.151+0000][1][safepoint    ] Total time for which application threads were stopped: 0.0000966 seconds, Stopping threads took: 0.0000202 seconds
[2019-12-09T04:02:26.151+0000][1][safepoint    ] Application time: 1.0000829 seconds
[2019-12-09T04:02:26.151+0000][1][safepoint    ] Entering safepoint region: Cleanup
[2019-12-09T04:02:26.151+0000][1][safepoint    ] Leaving safepoint region
[2019-12-09T04:02:26.151+0000][1][safepoint    ] Total time for which application threads were stopped: 0.0001111 seconds, Stopping threads took: 0.0000248 seconds
[2019-12-09T04:02:27.151+0000][1][safepoint    ] Application time: 1.0000858 seconds
[2019-12-09T04:02:27.151+0000][1][safepoint    ] Entering safepoint region: Cleanup
[2019-12-09T04:02:27.152+0000][1][safepoint    ] Leaving safepoint region
[2019-12-09T04:02:27.152+0000][1][safepoint    ] Total time for which application threads were stopped: 0.0000964 seconds, Stopping threads took: 0.0000202 seconds
[2019-12-09T04:02:28.152+0000][1][safepoint    ] Application time: 1.0000744 seconds
[2019-12-09T04:02:28.152+0000][1][safepoint    ] Entering safepoint region: Cleanup
[2019-12-09T04:02:28.152+0000][1][safepoint    ] Leaving safepoint region
[2019-12-09T04:02:28.152+0000][1][safepoint    ] Total time for which application threads were stopped: 0.0001113 seconds, Stopping threads took: 0.0000197 seconds
[2019-12-09T04:02:29.152+0000][1][safepoint    ] Application time: 1.0000764 seconds
[2019-12-09T04:02:29.152+0000][1][safepoint    ] Entering safepoint region: Cleanup
[2019-12-09T04:02:29.152+0000][1][safepoint    ] Leaving safepoint region
[2019-12-09T04:02:29.152+0000][1][safepoint    ] Total time for which application threads were stopped: 0.0000946 seconds, Stopping threads took: 0.0000198 seconds
[2019-12-09T04:02:30.152+0000][1][safepoint    ] Application time: 1.0000772 seconds
[2019-12-09T04:02:30.152+0000][1][safepoint    ] Entering safepoint region: Cleanup
[2019-12-09T04:02:30.152+0000][1][safepoint    ] Leaving safepoint region
[2019-12-09T04:02:30.152+0000][1][safepoint    ] Total time for which application threads were stopped: 0.0000950 seconds, Stopping threads took: 0.0000196 seconds
[2019-12-09T04:02:31.152+0000][1][safepoint    ] Application time: 1.0000759 seconds
[2019-12-09T04:02:31.152+0000][1][safepoint    ] Entering safepoint region: Cleanup
[2019-12-09T04:02:31.152+0000][1][safepoint    ] Leaving safepoint region
[2019-12-09T04:02:31.152+0000][1][safepoint    ] Total time for which application threads were stopped: 0.0000965 seconds, Stopping threads took: 0.0000192 seconds
[2019-12-09T04:02:32.152+0000][1][safepoint    ] Application time: 1.0000750 seconds
[2019-12-09T04:02:32.153+0000][1][safepoint    ] Entering safepoint region: Cleanup
[2019-12-09T04:02:32.153+0000][1][safepoint    ] Leaving safepoint region
[2019-12-09T04:02:32.153+0000][1][safepoint    ] Total time for which application threads were stopped: 0.0000959 seconds, Stopping threads took: 0.0000191 seconds
[2019-12-09T04:02:33.153+0000][1][safepoint    ] Application time: 1.0000759 seconds
[2019-12-09T04:02:33.153+0000][1][safepoint    ] Entering safepoint region: Cleanup
[2019-12-09T04:02:33.153+0000][1][safepoint    ] Leaving safepoint region
[2019-12-09T04:02:33.153+0000][1][safepoint    ] Total time for which application threads were stopped: 0.0000955 seconds, Stopping threads took: 0.0000195 seconds
[2019-12-09T04:02:34.153+0000][1][safepoint    ] Application time: 1.0000755 seconds
[2019-12-09T04:02:34.153+0000][1][safepoint    ] Entering safepoint region: Cleanup
[2019-12-09T04:02:34.153+0000][1][safepoint    ] Leaving safepoint region
[2019-12-09T04:02:34.153+0000][1][safepoint    ] Total time for which application threads were stopped: 0.0000933 seconds, Stopping threads took: 0.0000186 seconds
[2019-12-09T04:02:35.153+0000][1][safepoint    ] Application time: 1.0000767 seconds
[2019-12-09T04:02:35.153+0000][1][safepoint    ] Entering safepoint region: Cleanup
[2019-12-09T04:02:35.153+0000][1][safepoint    ] Leaving safepoint region
[2019-12-09T04:02:35.153+0000][1][safepoint    ] Total time for which application threads were stopped: 0.0000916 seconds, Stopping threads took: 0.0000197 seconds
[2019-12-09T04:02:36.153+0000][1][safepoint    ] Application time: 1.0000760 seconds
[2019-12-09T04:02:36.153+0000][1][safepoint    ] Entering safepoint region: Cleanup
[2019-12-09T04:02:36.153+0000][1][safepoint    ] Leaving safepoint region
[2019-12-09T04:02:36.153+0000][1][safepoint    ] Total time for which application threads were stopped: 0.0001046 seconds, Stopping threads took: 0.0000278 seconds
[2019-12-09T04:02:37.154+0000][1][safepoint    ] Application time: 1.0000782 seconds
[2019-12-09T04:02:37.154+0000][1][safepoint    ] Entering safepoint region: Cleanup
[2019-12-09T04:02:37.154+0000][1][safepoint    ] Leaving safepoint region
[2019-12-09T04:02:37.154+0000][1][safepoint    ] Total time for which application threads were stopped: 0.0001085 seconds, Stopping threads took: 0.0000210 seconds
[2019-12-09T04:02:38.154+0000][1][safepoint    ] Application time: 1.0000787 seconds
[2019-12-09T04:02:38.154+0000][1][safepoint    ] Entering safepoint region: Cleanup
[2019-12-09T04:02:38.154+0000][1][safepoint    ] Leaving safepoint region
[2019-12-09T04:02:38.154+0000][1][safepoint    ] Total time for which application threads were stopped: 0.0000944 seconds, Stopping threads took: 0.0000197 seconds
[2019-12-09T04:02:39.154+0000][1][safepoint    ] Application time: 1.0000771 seconds
[2019-12-09T04:02:39.154+0000][1][safepoint    ] Entering safepoint region: Cleanup
[2019-12-09T04:02:39.154+0000][1][safepoint    ] Leaving safepoint region
[2019-12-09T04:02:39.154+0000][1][safepoint    ] Total time for which application threads were stopped: 0.0000943 seconds, Stopping threads took: 0.0000203 seconds
[2019-12-09T04:02:40.154+0000][1][safepoint    ] Application time: 1.0000750 seconds
[2019-12-09T04:02:40.154+0000][1][safepoint    ] Entering safepoint region: Cleanup
[2019-12-09T04:02:40.154+0000][1][safepoint    ] Leaving safepoint region
[2019-12-09T04:02:40.154+0000][1][safepoint    ] Total time for which application threads were stopped: 0.0000937 seconds, Stopping threads took: 0.0000186 seconds
[2019-12-09T04:02:41.154+0000][1][safepoint    ] Application time: 1.0000759 seconds
[2019-12-09T04:02:41.154+0000][1][safepoint    ] Entering safepoint region: Cleanup
[2019-12-09T04:02:41.155+0000][1][safepoint    ] Leaving safepoint region
[2019-12-09T04:02:41.155+0000][1][safepoint    ] Total time for which application threads were stopped: 0.0000980 seconds, Stopping threads took: 0.0000197 seconds
[2019-12-09T04:02:42.155+0000][1][safepoint    ] Application time: 1.0000764 seconds
[2019-12-09T04:02:42.155+0000][1][safepoint    ] Entering safepoint region: Cleanup
[2019-12-09T04:02:42.155+0000][1][safepoint    ] Leaving safepoint region
[2019-12-09T04:02:42.155+0000][1][safepoint    ] Total time for which application threads were stopped: 0.0001015 seconds, Stopping threads took: 0.0000202 seconds
[2019-12-09T04:02:43.155+0000][1][safepoint    ] Application time: 1.0000768 seconds
[2019-12-09T04:02:43.155+0000][1][safepoint    ] Entering safepoint region: Cleanup
[2019-12-09T04:02:43.155+0000][1][safepoint    ] Leaving safepoint region
[2019-12-09T04:02:43.155+0000][1][safepoint    ] Total time for which application threads were stopped: 0.0000951 seconds, Stopping threads took: 0.0000202 seconds
[2019-12-09T04:02:44.155+0000][1][safepoint    ] Application time: 1.0000742 seconds
[2019-12-09T04:02:44.155+0000][1][safepoint    ] Entering safepoint region: Cleanup
[2019-12-09T04:02:44.155+0000][1][safepoint    ] Leaving safepoint region
[2019-12-09T04:02:44.155+0000][1][safepoint    ] Total time for which application threads were stopped: 0.0000928 seconds, Stopping threads took: 0.0000182 seconds
[2019-12-09T04:02:45.155+0000][1][safepoint    ] Application time: 1.0000752 seconds
[2019-12-09T04:02:45.155+0000][1][safepoint    ] Entering safepoint region: Cleanup
[2019-12-09T04:02:45.155+0000][1][safepoint    ] Leaving safepoint region
[2019-12-09T04:02:45.155+0000][1][safepoint    ] Total time for which application threads were stopped: 0.0000923 seconds, Stopping threads took: 0.0000179 seconds
[2019-12-09T04:02:46.156+0000][1][safepoint    ] Application time: 1.0000754 seconds
[2019-12-09T04:02:46.156+0000][1][safepoint    ] Entering safepoint region: Cleanup
[2019-12-09T04:02:46.156+0000][1][safepoint    ] Leaving safepoint region
[2019-12-09T04:02:46.156+0000][1][safepoint    ] Total time for which application threads were stopped: 0.0000962 seconds, Stopping threads took: 0.0000206 seconds
[2019-12-09T04:02:47.156+0000][1][safepoint    ] Application time: 1.0000763 seconds
[2019-12-09T04:02:47.156+0000][1][safepoint    ] Entering safepoint region: Cleanup
[2019-12-09T04:02:47.156+0000][1][safepoint    ] Leaving safepoint region
[2019-12-09T04:02:47.156+0000][1][safepoint    ] Total time for which application threads were stopped: 0.0000928 seconds, Stopping threads took: 0.0000205 seconds
[2019-12-09T04:02:48.156+0000][1][safepoint    ] Application time: 1.0000769 seconds
[2019-12-09T04:02:48.156+0000][1][safepoint    ] Entering safepoint region: Cleanup
[2019-12-09T04:02:48.156+0000][1][safepoint    ] Leaving safepoint region
[2019-12-09T04:02:48.156+0000][1][safepoint    ] Total time for which application threads were stopped: 0.0000977 seconds, Stopping threads took: 0.0000197 seconds
[2019-12-09T04:02:49.156+0000][1][safepoint    ] Application time: 1.0000760 seconds
[2019-12-09T04:02:49.156+0000][1][safepoint    ] Entering safepoint region: Cleanup
[2019-12-09T04:02:49.156+0000][1][safepoint    ] Leaving safepoint region
[2019-12-09T04:02:49.156+0000][1][safepoint    ] Total time for which application threads were stopped: 0.0000968 seconds, Stopping threads took: 0.0000203 seconds
[2019-12-09T04:02:50.156+0000][1][safepoint    ] Application time: 1.0000761 seconds
[2019-12-09T04:02:50.156+0000][1][safepoint    ] Entering safepoint region: Cleanup
[2019-12-09T04:02:50.157+0000][1][safepoint    ] Leaving safepoint region
[2019-12-09T04:02:50.157+0000][1][safepoint    ] Total time for which application threads were stopped: 0.0000915 seconds, Stopping threads took: 0.0000188 seconds
[2019-12-09T04:02:51.157+0000][1][safepoint    ] Application time: 1.0000765 seconds
[2019-12-09T04:02:51.157+0000][1][safepoint    ] Entering safepoint region: Cleanup
[2019-12-09T04:02:51.157+0000][1][safepoint    ] Leaving safepoint region
[2019-12-09T04:02:51.157+0000][1][safepoint    ] Total time for which application threads were stopped: 0.0001077 seconds, Stopping threads took: 0.0000209 seconds
[2019-12-09T04:02:52.157+0000][1][safepoint    ] Application time: 1.0000753 seconds
[2019-12-09T04:02:52.157+0000][1][safepoint    ] Entering safepoint region: Cleanup
[2019-12-09T04:02:52.157+0000][1][safepoint    ] Leaving safepoint region
[2019-12-09T04:02:52.157+0000][1][safepoint    ] Total time for which application threads were stopped: 0.0000973 seconds, Stopping threads took: 0.0000206 seconds
[2019-12-09T04:02:53.157+0000][1][safepoint    ] Application time: 1.0000758 seconds
[2019-12-09T04:02:53.157+0000][1][safepoint    ] Entering safepoint region: Cleanup
[2019-12-09T04:02:53.157+0000][1][safepoint    ] Leaving safepoint region
[2019-12-09T04:02:53.157+0000][1][safepoint    ] Total time for which application threads were stopped: 0.0000956 seconds, Stopping threads took: 0.0000187 seconds
[2019-12-09T04:02:54.157+0000][1][safepoint    ] Application time: 1.0000762 seconds
[2019-12-09T04:02:54.157+0000][1][safepoint    ] Entering safepoint region: Cleanup
[2019-12-09T04:02:54.157+0000][1][safepoint    ] Leaving safepoint region
[2019-12-09T04:02:54.157+0000][1][safepoint    ] Total time for which application threads were stopped: 0.0000952 seconds, Stopping threads took: 0.0000205 seconds
[2019-12-09T04:02:55.157+0000][1][safepoint    ] Application time: 1.0000753 seconds
[2019-12-09T04:02:55.158+0000][1][safepoint    ] Entering safepoint region: Cleanup
[2019-12-09T04:02:55.158+0000][1][safepoint    ] Leaving safepoint region
[2019-12-09T04:02:55.158+0000][1][safepoint    ] Total time for which application threads were stopped: 0.0000916 seconds, Stopping threads took: 0.0000177 seconds
[2019-12-09T04:02:56.158+0000][1][safepoint    ] Application time: 1.0000782 seconds
[2019-12-09T04:02:56.158+0000][1][safepoint    ] Entering safepoint region: Cleanup
[2019-12-09T04:02:56.158+0000][1][safepoint    ] Leaving safepoint region
[2019-12-09T04:02:56.158+0000][1][safepoint    ] Total time for which application threads were stopped: 0.0001044 seconds, Stopping threads took: 0.0000205 seconds
[2019-12-09T04:02:57.158+0000][1][safepoint    ] Application time: 1.0000790 seconds
[2019-12-09T04:02:57.158+0000][1][safepoint    ] Entering safepoint region: Cleanup
[2019-12-09T04:02:57.158+0000][1][safepoint    ] Leaving safepoint region
[2019-12-09T04:02:57.158+0000][1][safepoint    ] Total time for which application threads were stopped: 0.0000976 seconds, Stopping threads took: 0.0000209 seconds
[2019-12-09T04:02:58.158+0000][1][safepoint    ] Application time: 1.0000785 seconds
[2019-12-09T04:02:58.158+0000][1][safepoint    ] Entering safepoint region: Cleanup
[2019-12-09T04:02:58.158+0000][1][safepoint    ] Leaving safepoint region
[2019-12-09T04:02:58.158+0000][1][safepoint    ] Total time for which application threads were stopped: 0.0001027 seconds, Stopping threads took: 0.0000200 seconds
[2019-12-09T04:02:59.158+0000][1][safepoint    ] Application time: 1.0000771 seconds
[2019-12-09T04:02:59.158+0000][1][safepoint    ] Entering safepoint region: Cleanup
[2019-12-09T04:02:59.158+0000][1][safepoint    ] Leaving safepoint region
[2019-12-09T04:02:59.158+0000][1][safepoint    ] Total time for which application threads were stopped: 0.0000937 seconds, Stopping threads took: 0.0000183 seconds
[2019-12-09T04:03:00.159+0000][1][safepoint    ] Application time: 1.0000777 seconds
[2019-12-09T04:03:00.159+0000][1][safepoint    ] Entering safepoint region: Cleanup
[2019-12-09T04:03:00.159+0000][1][safepoint    ] Leaving safepoint region
[2019-12-09T04:03:00.159+0000][1][safepoint    ] Total time for which application threads were stopped: 0.0001024 seconds, Stopping threads took: 0.0000186 seconds
[2019-12-09T04:03:01.159+0000][1][safepoint    ] Application time: 1.0000794 seconds
[2019-12-09T04:03:01.159+0000][1][safepoint    ] Entering safepoint region: Cleanup
[2019-12-09T04:03:01.159+0000][1][safepoint    ] Leaving safepoint region
[2019-12-09T04:03:01.159+0000][1][safepoint    ] Total time for which application threads were stopped: 0.0001036 seconds, Stopping threads took: 0.0000208 seconds
[2019-12-09T04:03:02.159+0000][1][safepoint    ] Application time: 1.0000785 seconds
[2019-12-09T04:03:02.159+0000][1][safepoint    ] Entering safepoint region: Cleanup
[2019-12-09T04:03:02.159+0000][1][safepoint    ] Leaving safepoint region
[2019-12-09T04:03:02.159+0000][1][safepoint    ] Total time for which application threads were stopped: 0.0000986 seconds, Stopping threads took: 0.0000207 seconds
[2019-12-09T04:03:03.159+0000][1][safepoint    ] Application time: 1.0000788 seconds
[2019-12-09T04:03:03.159+0000][1][safepoint    ] Entering safepoint region: Cleanup
[2019-12-09T04:03:03.159+0000][1][safepoint    ] Leaving safepoint region
[2019-12-09T04:03:03.159+0000][1][safepoint    ] Total time for which application threads were stopped: 0.0000956 seconds, Stopping threads took: 0.0000202 seconds
[2019-12-09T04:03:04.159+0000][1][safepoint    ] Application time: 1.0000776 seconds
[2019-12-09T04:03:04.160+0000][1][safepoint    ] Entering safepoint region: Cleanup
[2019-12-09T04:03:04.160+0000][1][safepoint    ] Leaving safepoint region
[2019-12-09T04:03:04.160+0000][1][safepoint    ] Total time for which application threads were stopped: 0.0000959 seconds, Stopping threads took: 0.0000212 seconds
[2019-12-09T04:03:05.160+0000][1][safepoint    ] Application time: 1.0000992 seconds
[2019-12-09T04:03:05.160+0000][1][safepoint    ] Entering safepoint region: Cleanup
[2019-12-09T04:03:05.160+0000][1][safepoint    ] Leaving safepoint region
[2019-12-09T04:03:05.160+0000][1][safepoint    ] Total time for which application threads were stopped: 0.0001251 seconds, Stopping threads took: 0.0000260 seconds
[2019-12-09T04:03:06.160+0000][1][safepoint    ] Application time: 1.0000798 seconds
[2019-12-09T04:03:06.160+0000][1][safepoint    ] Entering safepoint region: Cleanup
[2019-12-09T04:03:06.160+0000][1][safepoint    ] Leaving safepoint region
[2019-12-09T04:03:06.160+0000][1][safepoint    ] Total time for which application threads were stopped: 0.0001070 seconds, Stopping threads took: 0.0000291 seconds
[2019-12-09T04:03:07.160+0000][1][safepoint    ] Application time: 1.0000778 seconds
[2019-12-09T04:03:07.160+0000][1][safepoint    ] Entering safepoint region: Cleanup
[2019-12-09T04:03:07.160+0000][1][safepoint    ] Leaving safepoint region
[2019-12-09T04:03:07.160+0000][1][safepoint    ] Total time for which application threads were stopped: 0.0000993 seconds, Stopping threads took: 0.0000206 seconds
[2019-12-09T04:03:08.160+0000][1][safepoint    ] Application time: 1.0000781 seconds
[2019-12-09T04:03:08.160+0000][1][safepoint    ] Entering safepoint region: Cleanup
[2019-12-09T04:03:08.161+0000][1][safepoint    ] Leaving safepoint region
[2019-12-09T04:03:08.161+0000][1][safepoint    ] Total time for which application threads were stopped: 0.0000960 seconds, Stopping threads took: 0.0000191 seconds
[2019-12-09T04:03:09.161+0000][1][safepoint    ] Application time: 1.0000779 seconds
[2019-12-09T04:03:09.161+0000][1][safepoint    ] Entering safepoint region: Cleanup
[2019-12-09T04:03:09.161+0000][1][safepoint    ] Leaving safepoint region
[2019-12-09T04:03:09.161+0000][1][safepoint    ] Total time for which application threads were stopped: 0.0001073 seconds, Stopping threads took: 0.0000325 seconds
[2019-12-09T04:03:10.161+0000][1][safepoint    ] Application time: 1.0000779 seconds
[2019-12-09T04:03:10.161+0000][1][safepoint    ] Entering safepoint region: Cleanup
[2019-12-09T04:03:10.161+0000][1][safepoint    ] Leaving safepoint region
[2019-12-09T04:03:10.161+0000][1][safepoint    ] Total time for which application threads were stopped: 0.0000972 seconds, Stopping threads took: 0.0000206 seconds
[2019-12-09T04:03:11.161+0000][1][safepoint    ] Application time: 1.0000776 seconds
[2019-12-09T04:03:11.161+0000][1][safepoint    ] Entering safepoint region: Cleanup
[2019-12-09T04:03:11.161+0000][1][safepoint    ] Leaving safepoint region
[2019-12-09T04:03:11.161+0000][1][safepoint    ] Total time for which application threads were stopped: 0.0000956 seconds, Stopping threads took: 0.0000195 seconds
[2019-12-09T04:03:12.161+0000][1][safepoint    ] Application time: 1.0000779 seconds
[2019-12-09T04:03:12.161+0000][1][safepoint    ] Entering safepoint region: Cleanup
[2019-12-09T04:03:12.161+0000][1][safepoint    ] Leaving safepoint region
[2019-12-09T04:03:12.161+0000][1][safepoint    ] Total time for which application threads were stopped: 0.0001047 seconds, Stopping threads took: 0.0000198 seconds
[2019-12-09T04:03:13.162+0000][1][safepoint    ] Application time: 1.0000774 seconds
[2019-12-09T04:03:13.162+0000][1][safepoint    ] Entering safepoint region: Cleanup
[2019-12-09T04:03:13.162+0000][1][safepoint    ] Leaving safepoint region
[2019-12-09T04:03:13.162+0000][1][safepoint    ] Total time for which application threads were stopped: 0.0000992 seconds, Stopping threads took: 0.0000217 seconds
[2019-12-09T04:03:14.162+0000][1][safepoint    ] Application time: 1.0000853 seconds
[2019-12-09T04:03:14.162+0000][1][safepoint    ] Entering safepoint region: Cleanup
[2019-12-09T04:03:14.162+0000][1][safepoint    ] Leaving safepoint region
[2019-12-09T04:03:14.162+0000][1][safepoint    ] Total time for which application threads were stopped: 0.0000939 seconds, Stopping threads took: 0.0000189 seconds
[2019-12-09T04:03:15.162+0000][1][safepoint    ] Application time: 1.0000765 seconds
[2019-12-09T04:03:15.162+0000][1][safepoint    ] Entering safepoint region: Cleanup
[2019-12-09T04:03:15.162+0000][1][safepoint    ] Leaving safepoint region
[2019-12-09T04:03:15.162+0000][1][safepoint    ] Total time for which application threads were stopped: 0.0000991 seconds, Stopping threads took: 0.0000189 seconds
[2019-12-09T04:03:16.162+0000][1][safepoint    ] Application time: 1.0000778 seconds
[2019-12-09T04:03:16.162+0000][1][safepoint    ] Entering safepoint region: Cleanup
[2019-12-09T04:03:16.162+0000][1][safepoint    ] Leaving safepoint region
[2019-12-09T04:03:16.162+0000][1][safepoint    ] Total time for which application threads were stopped: 0.0000967 seconds, Stopping threads took: 0.0000201 seconds
[2019-12-09T04:03:17.162+0000][1][safepoint    ] Application time: 1.0000776 seconds
[2019-12-09T04:03:17.162+0000][1][safepoint    ] Entering safepoint region: Cleanup
[2019-12-09T04:03:17.163+0000][1][safepoint    ] Leaving safepoint region
[2019-12-09T04:03:17.163+0000][1][safepoint    ] Total time for which application threads were stopped: 0.0000987 seconds, Stopping threads took: 0.0000208 seconds
[2019-12-09T04:03:18.163+0000][1][safepoint    ] Application time: 1.0000771 seconds
[2019-12-09T04:03:18.163+0000][1][safepoint    ] Entering safepoint region: Cleanup
[2019-12-09T04:03:18.163+0000][1][safepoint    ] Leaving safepoint region
[2019-12-09T04:03:18.163+0000][1][safepoint    ] Total time for which application threads were stopped: 0.0001067 seconds, Stopping threads took: 0.0000304 seconds
[2019-12-09T04:03:19.163+0000][1][safepoint    ] Application time: 1.0000759 seconds
[2019-12-09T04:03:19.163+0000][1][safepoint    ] Entering safepoint region: Cleanup
[2019-12-09T04:03:19.163+0000][1][safepoint    ] Leaving safepoint region
[2019-12-09T04:03:19.163+0000][1][safepoint    ] Total time for which application threads were stopped: 0.0000977 seconds, Stopping threads took: 0.0000200 seconds
[2019-12-09T04:03:20.163+0000][1][safepoint    ] Application time: 1.0000771 seconds
[2019-12-09T04:03:20.163+0000][1][safepoint    ] Entering safepoint region: Cleanup
[2019-12-09T04:03:20.163+0000][1][safepoint    ] Leaving safepoint region
[2019-12-09T04:03:20.163+0000][1][safepoint    ] Total time for which application threads were stopped: 0.0000964 seconds, Stopping threads took: 0.0000209 seconds
[2019-12-09T04:03:21.163+0000][1][safepoint    ] Application time: 1.0000773 seconds
[2019-12-09T04:03:21.163+0000][1][safepoint    ] Entering safepoint region: Cleanup
[2019-12-09T04:03:21.163+0000][1][safepoint    ] Leaving safepoint region
[2019-12-09T04:03:21.163+0000][1][safepoint    ] Total time for which application threads were stopped: 0.0000976 seconds, Stopping threads took: 0.0000208 seconds
[2019-12-09T04:03:22.164+0000][1][safepoint    ] Application time: 1.0000776 seconds
[2019-12-09T04:03:22.164+0000][1][safepoint    ] Entering safepoint region: Cleanup
[2019-12-09T04:03:22.164+0000][1][safepoint    ] Leaving safepoint region
[2019-12-09T04:03:22.164+0000][1][safepoint    ] Total time for which application threads were stopped: 0.0000986 seconds, Stopping threads took: 0.0000211 seconds
[2019-12-09T04:03:23.164+0000][1][safepoint    ] Application time: 1.0000772 seconds
[2019-12-09T04:03:23.164+0000][1][safepoint    ] Entering safepoint region: Cleanup
[2019-12-09T04:03:23.164+0000][1][safepoint    ] Leaving safepoint region
[2019-12-09T04:03:23.164+0000][1][safepoint    ] Total time for which application threads were stopped: 0.0000963 seconds, Stopping threads took: 0.0000196 seconds
[2019-12-09T04:03:24.164+0000][1][safepoint    ] Application time: 1.0000757 seconds
[2019-12-09T04:03:24.164+0000][1][safepoint    ] Entering safepoint region: Cleanup
[2019-12-09T04:03:24.164+0000][1][safepoint    ] Leaving safepoint region
[2019-12-09T04:03:24.164+0000][1][safepoint    ] Total time for which application threads were stopped: 0.0000960 seconds, Stopping threads took: 0.0000212 seconds
[2019-12-09T04:03:25.164+0000][1][safepoint    ] Application time: 1.0000764 seconds
[2019-12-09T04:03:25.164+0000][1][safepoint    ] Entering safepoint region: Cleanup
[2019-12-09T04:03:25.164+0000][1][safepoint    ] Leaving safepoint region
[2019-12-09T04:03:25.164+0000][1][safepoint    ] Total time for which application threads were stopped: 0.0000943 seconds, Stopping threads took: 0.0000191 seconds
[2019-12-09T04:03:26.164+0000][1][safepoint    ] Application time: 1.0000769 seconds
[2019-12-09T04:03:26.164+0000][1][safepoint    ] Entering safepoint region: Cleanup
[2019-12-09T04:03:26.165+0000][1][safepoint    ] Leaving safepoint region
[2019-12-09T04:03:26.165+0000][1][safepoint    ] Total time for which application threads were stopped: 0.0000966 seconds, Stopping threads took: 0.0000194 seconds
[2019-12-09T04:03:27.165+0000][1][safepoint    ] Application time: 1.0000762 seconds
[2019-12-09T04:03:27.165+0000][1][safepoint    ] Entering safepoint region: Cleanup
[2019-12-09T04:03:27.165+0000][1][safepoint    ] Leaving safepoint region
[2019-12-09T04:03:27.165+0000][1][safepoint    ] Total time for which application threads were stopped: 0.0001071 seconds, Stopping threads took: 0.0000204 seconds
[2019-12-09T04:03:28.165+0000][1][safepoint    ] Application time: 1.0000758 seconds
[2019-12-09T04:03:28.165+0000][1][safepoint    ] Entering safepoint region: Cleanup
[2019-12-09T04:03:28.165+0000][1][safepoint    ] Leaving safepoint region
[2019-12-09T04:03:28.165+0000][1][safepoint    ] Total time for which application threads were stopped: 0.0000950 seconds, Stopping threads took: 0.0000197 seconds
[2019-12-09T04:03:29.165+0000][1][safepoint    ] Application time: 1.0000765 seconds
[2019-12-09T04:03:29.165+0000][1][safepoint    ] Entering safepoint region: Cleanup
[2019-12-09T04:03:29.165+0000][1][safepoint    ] Leaving safepoint region
[2019-12-09T04:03:29.165+0000][1][safepoint    ] Total time for which application threads were stopped: 0.0000968 seconds, Stopping threads took: 0.0000202 seconds
[2019-12-09T04:03:30.165+0000][1][safepoint    ] Application time: 1.0000776 seconds
[2019-12-09T04:03:30.165+0000][1][safepoint    ] Entering safepoint region: Cleanup
[2019-12-09T04:03:30.165+0000][1][safepoint    ] Leaving safepoint region
[2019-12-09T04:03:30.165+0000][1][safepoint    ] Total time for which application threads were stopped: 0.0000958 seconds, Stopping threads took: 0.0000200 seconds
[2019-12-09T04:03:31.165+0000][1][safepoint    ] Application time: 1.0000765 seconds
[2019-12-09T04:03:31.166+0000][1][safepoint    ] Entering safepoint region: Cleanup
[2019-12-09T04:03:31.166+0000][1][safepoint    ] Leaving safepoint region
[2019-12-09T04:03:31.166+0000][1][safepoint    ] Total time for which application threads were stopped: 0.0000957 seconds, Stopping threads took: 0.0000197 seconds
[2019-12-09T04:03:32.166+0000][1][safepoint    ] Application time: 1.0000759 seconds
[2019-12-09T04:03:32.166+0000][1][safepoint    ] Entering safepoint region: Cleanup
[2019-12-09T04:03:32.166+0000][1][safepoint    ] Leaving safepoint region
[2019-12-09T04:03:32.166+0000][1][safepoint    ] Total time for which application threads were stopped: 0.0000966 seconds, Stopping threads took: 0.0000207 seconds
[2019-12-09T04:03:33.166+0000][1][safepoint    ] Application time: 1.0000744 seconds
[2019-12-09T04:03:33.166+0000][1][safepoint    ] Entering safepoint region: Cleanup
[2019-12-09T04:03:33.166+0000][1][safepoint    ] Leaving safepoint region
[2019-12-09T04:03:33.166+0000][1][safepoint    ] Total time for which application threads were stopped: 0.0000950 seconds, Stopping threads took: 0.0000196 seconds
[2019-12-09T04:03:34.166+0000][1][safepoint    ] Application time: 1.0000753 seconds
[2019-12-09T04:03:34.166+0000][1][safepoint    ] Entering safepoint region: Cleanup
[2019-12-09T04:03:34.166+0000][1][safepoint    ] Leaving safepoint region
[2019-12-09T04:03:34.166+0000][1][safepoint    ] Total time for which application threads were stopped: 0.0000961 seconds, Stopping threads took: 0.0000189 seconds
[2019-12-09T04:03:35.166+0000][1][safepoint    ] Application time: 1.0000785 seconds
[2019-12-09T04:03:35.166+0000][1][safepoint    ] Entering safepoint region: Cleanup
[2019-12-09T04:03:35.166+0000][1][safepoint    ] Leaving safepoint region
[2019-12-09T04:03:35.166+0000][1][safepoint    ] Total time for which application threads were stopped: 0.0001030 seconds, Stopping threads took: 0.0000212 seconds
[2019-12-09T04:03:36.167+0000][1][safepoint    ] Application time: 1.0000814 seconds
[2019-12-09T04:03:36.167+0000][1][safepoint    ] Entering safepoint region: Cleanup
[2019-12-09T04:03:36.167+0000][1][safepoint    ] Leaving safepoint region
[2019-12-09T04:03:36.167+0000][1][safepoint    ] Total time for which application threads were stopped: 0.0001349 seconds, Stopping threads took: 0.0000307 seconds
[2019-12-09T04:03:37.167+0000][1][safepoint    ] Application time: 1.0000795 seconds
[2019-12-09T04:03:37.167+0000][1][safepoint    ] Entering safepoint region: Cleanup
[2019-12-09T04:03:37.167+0000][1][safepoint    ] Leaving safepoint region
[2019-12-09T04:03:37.167+0000][1][safepoint    ] Total time for which application threads were stopped: 0.0000971 seconds, Stopping threads took: 0.0000205 seconds
[2019-12-09T04:03:38.167+0000][1][safepoint    ] Application time: 1.0000781 seconds
[2019-12-09T04:03:38.167+0000][1][safepoint    ] Entering safepoint region: Cleanup
[2019-12-09T04:03:38.167+0000][1][safepoint    ] Leaving safepoint region
[2019-12-09T04:03:38.167+0000][1][safepoint    ] Total time for which application threads were stopped: 0.0000994 seconds, Stopping threads took: 0.0000199 seconds
[2019-12-09T04:03:39.167+0000][1][safepoint    ] Application time: 1.0000784 seconds
[2019-12-09T04:03:39.167+0000][1][safepoint    ] Entering safepoint region: Cleanup
[2019-12-09T04:03:39.167+0000][1][safepoint    ] Leaving safepoint region
[2019-12-09T04:03:39.167+0000][1][safepoint    ] Total time for which application threads were stopped: 0.0000953 seconds, Stopping threads took: 0.0000207 seconds
[2019-12-09T04:03:40.168+0000][1][safepoint    ] Application time: 1.0000776 seconds
[2019-12-09T04:03:40.168+0000][1][safepoint    ] Entering safepoint region: Cleanup
[2019-12-09T04:03:40.168+0000][1][safepoint    ] Leaving safepoint region
[2019-12-09T04:03:40.168+0000][1][safepoint    ] Total time for which application threads were stopped: 0.0000952 seconds, Stopping threads took: 0.0000199 seconds
[2019-12-09T04:03:41.168+0000][1][safepoint    ] Application time: 1.0000778 seconds
[2019-12-09T04:03:41.168+0000][1][safepoint    ] Entering safepoint region: Cleanup
[2019-12-09T04:03:41.168+0000][1][safepoint    ] Leaving safepoint region
[2019-12-09T04:03:41.168+0000][1][safepoint    ] Total time for which application threads were stopped: 0.0000971 seconds, Stopping threads took: 0.0000196 seconds
[2019-12-09T04:03:42.168+0000][1][safepoint    ] Application time: 1.0000774 seconds
[2019-12-09T04:03:42.168+0000][1][safepoint    ] Entering safepoint region: Cleanup
[2019-12-09T04:03:42.168+0000][1][safepoint    ] Leaving safepoint region
[2019-12-09T04:03:42.168+0000][1][safepoint    ] Total time for which application threads were stopped: 0.0001010 seconds, Stopping threads took: 0.0000191 seconds
[2019-12-09T04:03:43.168+0000][1][safepoint    ] Application time: 1.0000761 seconds
[2019-12-09T04:03:43.168+0000][1][safepoint    ] Entering safepoint region: Cleanup
[2019-12-09T04:03:43.168+0000][1][safepoint    ] Leaving safepoint region
[2019-12-09T04:03:43.168+0000][1][safepoint    ] Total time for which application threads were stopped: 0.0000966 seconds, Stopping threads took: 0.0000201 seconds
[2019-12-09T04:03:44.168+0000][1][safepoint    ] Application time: 1.0000765 seconds
[2019-12-09T04:03:44.168+0000][1][safepoint    ] Entering safepoint region: Cleanup
[2019-12-09T04:03:44.169+0000][1][safepoint    ] Leaving safepoint region
[2019-12-09T04:03:44.169+0000][1][safepoint    ] Total time for which application threads were stopped: 0.0000941 seconds, Stopping threads took: 0.0000189 seconds
[2019-12-09T04:03:45.169+0000][1][safepoint    ] Application time: 1.0000842 seconds
[2019-12-09T04:03:45.169+0000][1][safepoint    ] Entering safepoint region: Cleanup
[2019-12-09T04:03:45.169+0000][1][safepoint    ] Leaving safepoint region
[2019-12-09T04:03:45.169+0000][1][safepoint    ] Total time for which application threads were stopped: 0.0001041 seconds, Stopping threads took: 0.0000189 seconds
[2019-12-09T04:03:46.169+0000][1][safepoint    ] Application time: 1.0000784 seconds
[2019-12-09T04:03:46.169+0000][1][safepoint    ] Entering safepoint region: Cleanup
[2019-12-09T04:03:46.169+0000][1][safepoint    ] Leaving safepoint region
[2019-12-09T04:03:46.169+0000][1][safepoint    ] Total time for which application threads were stopped: 0.0001022 seconds, Stopping threads took: 0.0000254 seconds
[2019-12-09T04:03:47.169+0000][1][safepoint    ] Application time: 1.0000776 seconds
[2019-12-09T04:03:47.169+0000][1][safepoint    ] Entering safepoint region: Cleanup
[2019-12-09T04:03:47.169+0000][1][safepoint    ] Leaving safepoint region
[2019-12-09T04:03:47.169+0000][1][safepoint    ] Total time for which application threads were stopped: 0.0000966 seconds, Stopping threads took: 0.0000196 seconds
[2019-12-09T04:03:48.169+0000][1][safepoint    ] Application time: 1.0000791 seconds
[2019-12-09T04:03:48.169+0000][1][safepoint    ] Entering safepoint region: Cleanup
[2019-12-09T04:03:48.169+0000][1][safepoint    ] Leaving safepoint region
[2019-12-09T04:03:48.169+0000][1][safepoint    ] Total time for which application threads were stopped: 0.0000966 seconds, Stopping threads took: 0.0000201 seconds
[2019-12-09T04:03:49.170+0000][1][safepoint    ] Application time: 1.0000792 seconds
[2019-12-09T04:03:49.170+0000][1][safepoint    ] Entering safepoint region: Cleanup
[2019-12-09T04:03:49.170+0000][1][safepoint    ] Leaving safepoint region
[2019-12-09T04:03:49.170+0000][1][safepoint    ] Total time for which application threads were stopped: 0.0000947 seconds, Stopping threads took: 0.0000199 seconds
[2019-12-09T04:03:50.170+0000][1][safepoint    ] Application time: 1.0000778 seconds
[2019-12-09T04:03:50.170+0000][1][safepoint    ] Entering safepoint region: Cleanup
[2019-12-09T04:03:50.170+0000][1][safepoint    ] Leaving safepoint region
[2019-12-09T04:03:50.170+0000][1][safepoint    ] Total time for which application threads were stopped: 0.0000965 seconds, Stopping threads took: 0.0000207 seconds
[2019-12-09T04:03:51.170+0000][1][safepoint    ] Application time: 1.0000790 seconds
[2019-12-09T04:03:51.170+0000][1][safepoint    ] Entering safepoint region: Cleanup
[2019-12-09T04:03:51.170+0000][1][safepoint    ] Leaving safepoint region
[2019-12-09T04:03:51.170+0000][1][safepoint    ] Total time for which application threads were stopped: 0.0000944 seconds, Stopping threads took: 0.0000202 seconds
[2019-12-09T04:03:52.170+0000][1][safepoint    ] Application time: 1.0000779 seconds
[2019-12-09T04:03:52.170+0000][1][safepoint    ] Entering safepoint region: Cleanup
[2019-12-09T04:03:52.170+0000][1][safepoint    ] Leaving safepoint region
[2019-12-09T04:03:52.170+0000][1][safepoint    ] Total time for which application threads were stopped: 0.0000967 seconds, Stopping threads took: 0.0000204 seconds
[2019-12-09T04:03:53.170+0000][1][safepoint    ] Application time: 1.0000781 seconds
[2019-12-09T04:03:53.170+0000][1][safepoint    ] Entering safepoint region: Cleanup
[2019-12-09T04:03:53.171+0000][1][safepoint    ] Leaving safepoint region
[2019-12-09T04:03:53.171+0000][1][safepoint    ] Total time for which application threads were stopped: 0.0000960 seconds, Stopping threads took: 0.0000204 seconds
[2019-12-09T04:03:54.171+0000][1][safepoint    ] Application time: 1.0000814 seconds
[2019-12-09T04:03:54.171+0000][1][safepoint    ] Entering safepoint region: Cleanup
[2019-12-09T04:03:54.171+0000][1][safepoint    ] Leaving safepoint region
[2019-12-09T04:03:54.171+0000][1][safepoint    ] Total time for which application threads were stopped: 0.0001112 seconds, Stopping threads took: 0.0000341 seconds
[2019-12-09T04:03:55.171+0000][1][safepoint    ] Application time: 1.0000811 seconds
[2019-12-09T04:03:55.171+0000][1][safepoint    ] Entering safepoint region: Cleanup
[2019-12-09T04:03:55.171+0000][1][safepoint    ] Leaving safepoint region
[2019-12-09T04:03:55.171+0000][1][safepoint    ] Total time for which application threads were stopped: 0.0000972 seconds, Stopping threads took: 0.0000204 seconds
[2019-12-09T04:03:56.171+0000][1][safepoint    ] Application time: 1.0000835 seconds
[2019-12-09T04:03:56.171+0000][1][safepoint    ] Entering safepoint region: Cleanup
[2019-12-09T04:03:56.171+0000][1][safepoint    ] Leaving safepoint region
[2019-12-09T04:03:56.171+0000][1][safepoint    ] Total time for which application threads were stopped: 0.0000954 seconds, Stopping threads took: 0.0000204 seconds
[2019-12-09T04:03:57.604+0000][1][safepoint    ] Application time: 1.4327622 seconds
[2019-12-09T04:03:57.604+0000][1][safepoint    ] Entering safepoint region: Cleanup
[2019-12-09T04:03:57.604+0000][1][safepoint    ] Leaving safepoint region
[2019-12-09T04:03:57.604+0000][1][safepoint    ] Total time for which application threads were stopped: 0.0002498 seconds, Stopping threads took: 0.0000180 seconds
[2019-12-09T04:03:58.604+0000][1][safepoint    ] Application time: 1.0000773 seconds
[2019-12-09T04:03:58.604+0000][1][safepoint    ] Entering safepoint region: Cleanup
[2019-12-09T04:03:58.604+0000][1][safepoint    ] Leaving safepoint region
[2019-12-09T04:03:58.604+0000][1][safepoint    ] Total time for which application threads were stopped: 0.0000973 seconds, Stopping threads took: 0.0000193 seconds
[2019-12-09T04:03:59.605+0000][1][safepoint    ] Application time: 1.0000756 seconds
[2019-12-09T04:03:59.605+0000][1][safepoint    ] Entering safepoint region: Cleanup
[2019-12-09T04:03:59.605+0000][1][safepoint    ] Leaving safepoint region
[2019-12-09T04:03:59.605+0000][1][safepoint    ] Total time for which application threads were stopped: 0.0001158 seconds, Stopping threads took: 0.0000169 seconds
[2019-12-09T04:04:00.605+0000][1][safepoint    ] Application time: 1.0000754 seconds
[2019-12-09T04:04:00.605+0000][1][safepoint    ] Entering safepoint region: Cleanup
[2019-12-09T04:04:00.605+0000][1][safepoint    ] Leaving safepoint region
[2019-12-09T04:04:00.605+0000][1][safepoint    ] Total time for which application threads were stopped: 0.0000907 seconds, Stopping threads took: 0.0000168 seconds
[2019-12-09T04:04:01.605+0000][1][safepoint    ] Application time: 1.0000938 seconds
[2019-12-09T04:04:01.605+0000][1][safepoint    ] Entering safepoint region: Cleanup
[2019-12-09T04:04:01.605+0000][1][safepoint    ] Leaving safepoint region
[2019-12-09T04:04:01.605+0000][1][safepoint    ] Total time for which application threads were stopped: 0.0001479 seconds, Stopping threads took: 0.0000290 seconds
[2019-12-09T04:04:02.605+0000][1][safepoint    ] Application time: 1.0000796 seconds
[2019-12-09T04:04:02.605+0000][1][safepoint    ] Entering safepoint region: Cleanup
[2019-12-09T04:04:02.605+0000][1][safepoint    ] Leaving safepoint region
[2019-12-09T04:04:02.605+0000][1][safepoint    ] Total time for which application threads were stopped: 0.0000911 seconds, Stopping threads took: 0.0000176 seconds
[2019-12-09T04:04:03.606+0000][1][safepoint    ] Application time: 1.0000786 seconds
[2019-12-09T04:04:03.606+0000][1][safepoint    ] Entering safepoint region: Cleanup
[2019-12-09T04:04:03.606+0000][1][safepoint    ] Leaving safepoint region
[2019-12-09T04:04:03.606+0000][1][safepoint    ] Total time for which application threads were stopped: 0.0001115 seconds, Stopping threads took: 0.0000159 seconds
[2019-12-09T04:04:04.606+0000][1][safepoint    ] Application time: 1.0000770 seconds
[2019-12-09T04:04:04.606+0000][1][safepoint    ] Entering safepoint region: Cleanup
[2019-12-09T04:04:04.606+0000][1][safepoint    ] Leaving safepoint region
[2019-12-09T04:04:04.606+0000][1][safepoint    ] Total time for which application threads were stopped: 0.0001047 seconds, Stopping threads took: 0.0000190 seconds
[2019-12-09T04:04:05.606+0000][1][safepoint    ] Application time: 1.0000785 seconds
[2019-12-09T04:04:05.606+0000][1][safepoint    ] Entering safepoint region: Cleanup
[2019-12-09T04:04:05.606+0000][1][safepoint    ] Leaving safepoint region
[2019-12-09T04:04:05.606+0000][1][safepoint    ] Total time for which application threads were stopped: 0.0000963 seconds, Stopping threads took: 0.0000186 seconds
[2019-12-09T04:04:06.606+0000][1][safepoint    ] Application time: 1.0000849 seconds
[2019-12-09T04:04:06.606+0000][1][safepoint    ] Entering safepoint region: Cleanup
[2019-12-09T04:04:06.606+0000][1][safepoint    ] Leaving safepoint region
[2019-12-09T04:04:06.606+0000][1][safepoint    ] Total time for which application threads were stopped: 0.0000993 seconds, Stopping threads took: 0.0000209 seconds
[2019-12-09T04:04:07.452+0000][1][safepoint    ] Application time: 0.8453217 seconds
[2019-12-09T04:04:07.452+0000][1][safepoint    ] Entering safepoint region: GenCollectForAllocation
[2019-12-09T04:04:07.452+0000][1][gc,start     ] GC(36) Pause Young (Allocation Failure)
[2019-12-09T04:04:07.452+0000][1][gc,task      ] GC(36) Using 2 workers of 2 for evacuation
[2019-12-09T04:04:07.455+0000][1][gc,age       ] GC(36) Desired survivor size 4456448 bytes, new threshold 6 (max threshold 6)
[2019-12-09T04:04:07.455+0000][1][gc,age       ] GC(36) Age table with threshold 6 (max threshold 6)
[2019-12-09T04:04:07.455+0000][1][gc,age       ] GC(36) - age   1:      10120 bytes,      10120 total
[2019-12-09T04:04:07.455+0000][1][gc,age       ] GC(36) - age   2:       2384 bytes,      12504 total
[2019-12-09T04:04:07.455+0000][1][gc,age       ] GC(36) - age   3:       3792 bytes,      16296 total
[2019-12-09T04:04:07.455+0000][1][gc,age       ] GC(36) - age   4:      76264 bytes,      92560 total
[2019-12-09T04:04:07.455+0000][1][gc,age       ] GC(36) - age   5:      73192 bytes,     165752 total
[2019-12-09T04:04:07.455+0000][1][gc,age       ] GC(36) - age   6:      10800 bytes,     176552 total
[2019-12-09T04:04:07.455+0000][1][gc,heap      ] GC(36) ParNew: 70592K->220K(78656K)
[2019-12-09T04:04:07.455+0000][1][gc,heap      ] GC(36) CMS: 75648K->75702K(174784K)
[2019-12-09T04:04:07.455+0000][1][gc,metaspace ] GC(36) Metaspace: 79671K->79671K(1122304K)
[2019-12-09T04:04:07.455+0000][1][gc           ] GC(36) Pause Young (Allocation Failure) 142M->74M(247M) 2.752ms
[2019-12-09T04:04:07.455+0000][1][gc,cpu       ] GC(36) User=0.00s Sys=0.00s Real=0.00s
[2019-12-09T04:04:07.455+0000][1][safepoint    ] Leaving safepoint region
[2019-12-09T04:04:07.455+0000][1][safepoint    ] Total time for which application threads were stopped: 0.0029192 seconds, Stopping threads took: 0.0000190 seconds
[2019-12-09T04:04:08.455+0000][1][safepoint    ] Application time: 1.0000903 seconds
[2019-12-09T04:04:08.455+0000][1][safepoint    ] Entering safepoint region: Cleanup
[2019-12-09T04:04:08.455+0000][1][safepoint    ] Leaving safepoint region
[2019-12-09T04:04:08.455+0000][1][safepoint    ] Total time for which application threads were stopped: 0.0001132 seconds, Stopping threads took: 0.0000202 seconds
[2019-12-09T04:04:09.455+0000][1][safepoint    ] Application time: 1.0000791 seconds
[2019-12-09T04:04:09.455+0000][1][safepoint    ] Entering safepoint region: Cleanup
[2019-12-09T04:04:09.455+0000][1][safepoint    ] Leaving safepoint region
[2019-12-09T04:04:09.455+0000][1][safepoint    ] Total time for which application threads were stopped: 0.0000994 seconds, Stopping threads took: 0.0000246 seconds
[2019-12-09T04:04:10.455+0000][1][safepoint    ] Application time: 1.0000788 seconds
[2019-12-09T04:04:10.455+0000][1][safepoint    ] Entering safepoint region: Cleanup
[2019-12-09T04:04:10.455+0000][1][safepoint    ] Leaving safepoint region
[2019-12-09T04:04:10.455+0000][1][safepoint    ] Total time for which application threads were stopped: 0.0000967 seconds, Stopping threads took: 0.0000180 seconds
[2019-12-09T04:04:11.318+0000][1][safepoint    ] Application time: 0.8625423 seconds
[2019-12-09T04:04:11.318+0000][1][safepoint    ] Entering safepoint region: BulkRevokeBias
[2019-12-09T04:04:11.318+0000][1][safepoint    ] Leaving safepoint region
[2019-12-09T04:04:11.318+0000][1][safepoint    ] Total time for which application threads were stopped: 0.0004330 seconds, Stopping threads took: 0.0000231 seconds
[2019-12-09T04:04:12.318+0000][1][safepoint    ] Application time: 1.0001047 seconds
[2019-12-09T04:04:12.319+0000][1][safepoint    ] Entering safepoint region: Cleanup
[2019-12-09T04:04:12.319+0000][1][safepoint    ] Leaving safepoint region
[2019-12-09T04:04:12.319+0000][1][safepoint    ] Total time for which application threads were stopped: 0.0000934 seconds, Stopping threads took: 0.0000175 seconds
[2019-12-09T04:04:13.319+0000][1][safepoint    ] Application time: 1.0000833 seconds
[2019-12-09T04:04:13.319+0000][1][safepoint    ] Entering safepoint region: Cleanup
[2019-12-09T04:04:13.319+0000][1][safepoint    ] Leaving safepoint region
[2019-12-09T04:04:13.319+0000][1][safepoint    ] Total time for which application threads were stopped: 0.0000936 seconds, Stopping threads took: 0.0000177 seconds
[2019-12-09T04:04:14.319+0000][1][safepoint    ] Application time: 1.0000758 seconds
[2019-12-09T04:04:14.319+0000][1][safepoint    ] Entering safepoint region: Cleanup
[2019-12-09T04:04:14.319+0000][1][safepoint    ] Leaving safepoint region
[2019-12-09T04:04:14.319+0000][1][safepoint    ] Total time for which application threads were stopped: 0.0001120 seconds, Stopping threads took: 0.0000326 seconds
[2019-12-09T04:04:15.319+0000][1][safepoint    ] Application time: 1.0000769 seconds
[2019-12-09T04:04:15.319+0000][1][safepoint    ] Entering safepoint region: Cleanup
[2019-12-09T04:04:15.319+0000][1][safepoint    ] Leaving safepoint region
[2019-12-09T04:04:15.319+0000][1][safepoint    ] Total time for which application threads were stopped: 0.0000871 seconds, Stopping threads took: 0.0000169 seconds
[2019-12-09T04:04:16.319+0000][1][safepoint    ] Application time: 1.0000784 seconds
[2019-12-09T04:04:16.319+0000][1][safepoint    ] Entering safepoint region: Cleanup
[2019-12-09T04:04:16.319+0000][1][safepoint    ] Leaving safepoint region
[2019-12-09T04:04:16.319+0000][1][safepoint    ] Total time for which application threads were stopped: 0.0000937 seconds, Stopping threads took: 0.0000235 seconds
[2019-12-09T04:04:17.320+0000][1][safepoint    ] Application time: 1.0000774 seconds
[2019-12-09T04:04:17.320+0000][1][safepoint    ] Entering safepoint region: Cleanup
[2019-12-09T04:04:17.320+0000][1][safepoint    ] Leaving safepoint region
[2019-12-09T04:04:17.320+0000][1][safepoint    ] Total time for which application threads were stopped: 0.0000897 seconds, Stopping threads took: 0.0000189 seconds
[2019-12-09T04:04:18.320+0000][1][safepoint    ] Application time: 1.0000768 seconds
[2019-12-09T04:04:18.320+0000][1][safepoint    ] Entering safepoint region: Cleanup
[2019-12-09T04:04:18.320+0000][1][safepoint    ] Leaving safepoint region
[2019-12-09T04:04:18.320+0000][1][safepoint    ] Total time for which application threads were stopped: 0.0000891 seconds, Stopping threads took: 0.0000175 seconds
[2019-12-09T04:04:19.320+0000][1][safepoint    ] Application time: 1.0000776 seconds
[2019-12-09T04:04:19.320+0000][1][safepoint    ] Entering safepoint region: Cleanup
[2019-12-09T04:04:19.320+0000][1][safepoint    ] Leaving safepoint region
[2019-12-09T04:04:19.320+0000][1][safepoint    ] Total time for which application threads were stopped: 0.0000883 seconds, Stopping threads took: 0.0000181 seconds
[2019-12-09T04:04:20.320+0000][1][safepoint    ] Application time: 1.0000779 seconds
[2019-12-09T04:04:20.320+0000][1][safepoint    ] Entering safepoint region: Cleanup
[2019-12-09T04:04:20.320+0000][1][safepoint    ] Leaving safepoint region
[2019-12-09T04:04:20.320+0000][1][safepoint    ] Total time for which application threads were stopped: 0.0000887 seconds, Stopping threads took: 0.0000182 seconds
[2019-12-09T04:04:21.320+0000][1][safepoint    ] Application time: 1.0000822 seconds
[2019-12-09T04:04:21.320+0000][1][safepoint    ] Entering safepoint region: Cleanup
[2019-12-09T04:04:21.320+0000][1][safepoint    ] Leaving safepoint region
[2019-12-09T04:04:21.320+0000][1][safepoint    ] Total time for which application threads were stopped: 0.0001200 seconds, Stopping threads took: 0.0000239 seconds
[2019-12-09T04:04:22.321+0000][1][safepoint    ] Application time: 1.0000774 seconds
[2019-12-09T04:04:22.321+0000][1][safepoint    ] Entering safepoint region: Cleanup
[2019-12-09T04:04:22.321+0000][1][safepoint    ] Leaving safepoint region
[2019-12-09T04:04:22.321+0000][1][safepoint    ] Total time for which application threads were stopped: 0.0001060 seconds, Stopping threads took: 0.0000176 seconds
[2019-12-09T04:04:23.321+0000][1][safepoint    ] Application time: 1.0000769 seconds
[2019-12-09T04:04:23.321+0000][1][safepoint    ] Entering safepoint region: Cleanup
[2019-12-09T04:04:23.321+0000][1][safepoint    ] Leaving safepoint region
[2019-12-09T04:04:23.321+0000][1][safepoint    ] Total time for which application threads were stopped: 0.0000875 seconds, Stopping threads took: 0.0000183 seconds
[2019-12-09T04:04:24.321+0000][1][safepoint    ] Application time: 1.0000766 seconds
[2019-12-09T04:04:24.321+0000][1][safepoint    ] Entering safepoint region: Cleanup
[2019-12-09T04:04:24.321+0000][1][safepoint    ] Leaving safepoint region
[2019-12-09T04:04:24.321+0000][1][safepoint    ] Total time for which application threads were stopped: 0.0000883 seconds, Stopping threads took: 0.0000184 seconds
[2019-12-09T04:04:25.321+0000][1][safepoint    ] Application time: 1.0000773 seconds
[2019-12-09T04:04:25.321+0000][1][safepoint    ] Entering safepoint region: Cleanup
[2019-12-09T04:04:25.321+0000][1][safepoint    ] Leaving safepoint region
[2019-12-09T04:04:25.321+0000][1][safepoint    ] Total time for which application threads were stopped: 0.0000881 seconds, Stopping threads took: 0.0000170 seconds
[2019-12-09T04:04:26.321+0000][1][safepoint    ] Application time: 1.0000788 seconds
[2019-12-09T04:04:26.321+0000][1][safepoint    ] Entering safepoint region: Cleanup
[2019-12-09T04:04:26.321+0000][1][safepoint    ] Leaving safepoint region
[2019-12-09T04:04:26.321+0000][1][safepoint    ] Total time for which application threads were stopped: 0.0000919 seconds, Stopping threads took: 0.0000196 seconds
[2019-12-09T04:04:27.322+0000][1][safepoint    ] Application time: 1.0000809 seconds
[2019-12-09T04:04:27.322+0000][1][safepoint    ] Entering safepoint region: Cleanup
[2019-12-09T04:04:27.322+0000][1][safepoint    ] Leaving safepoint region
[2019-12-09T04:04:27.322+0000][1][safepoint    ] Total time for which application threads were stopped: 0.0000986 seconds, Stopping threads took: 0.0000178 seconds
[2019-12-09T04:04:28.322+0000][1][safepoint    ] Application time: 1.0000796 seconds
[2019-12-09T04:04:28.322+0000][1][safepoint    ] Entering safepoint region: Cleanup
[2019-12-09T04:04:28.322+0000][1][safepoint    ] Leaving safepoint region
[2019-12-09T04:04:28.322+0000][1][safepoint    ] Total time for which application threads were stopped: 0.0000899 seconds, Stopping threads took: 0.0000180 seconds
[2019-12-09T04:04:29.322+0000][1][safepoint    ] Application time: 1.0000750 seconds
[2019-12-09T04:04:29.322+0000][1][safepoint    ] Entering safepoint region: Cleanup
[2019-12-09T04:04:29.322+0000][1][safepoint    ] Leaving safepoint region
[2019-12-09T04:04:29.322+0000][1][safepoint    ] Total time for which application threads were stopped: 0.0000922 seconds, Stopping threads took: 0.0000179 seconds
[2019-12-09T04:04:30.322+0000][1][safepoint    ] Application time: 1.0000794 seconds
[2019-12-09T04:04:30.322+0000][1][safepoint    ] Entering safepoint region: Cleanup
[2019-12-09T04:04:30.322+0000][1][safepoint    ] Leaving safepoint region
[2019-12-09T04:04:30.322+0000][1][safepoint    ] Total time for which application threads were stopped: 0.0000892 seconds, Stopping threads took: 0.0000191 seconds
[2019-12-09T04:04:31.322+0000][1][safepoint    ] Application time: 1.0000840 seconds
[2019-12-09T04:04:31.322+0000][1][safepoint    ] Entering safepoint region: Cleanup
[2019-12-09T04:04:31.323+0000][1][safepoint    ] Leaving safepoint region
[2019-12-09T04:04:31.323+0000][1][safepoint    ] Total time for which application threads were stopped: 0.0001168 seconds, Stopping threads took: 0.0000234 seconds
[2019-12-09T04:04:32.323+0000][1][safepoint    ] Application time: 1.0000755 seconds
[2019-12-09T04:04:32.323+0000][1][safepoint    ] Entering safepoint region: Cleanup
[2019-12-09T04:04:32.323+0000][1][safepoint    ] Leaving safepoint region
[2019-12-09T04:04:32.323+0000][1][safepoint    ] Total time for which application threads were stopped: 0.0001076 seconds, Stopping threads took: 0.0000329 seconds
[2019-12-09T04:04:33.323+0000][1][safepoint    ] Application time: 1.0000778 seconds
[2019-12-09T04:04:33.323+0000][1][safepoint    ] Entering safepoint region: Cleanup
[2019-12-09T04:04:33.323+0000][1][safepoint    ] Leaving safepoint region
[2019-12-09T04:04:33.323+0000][1][safepoint    ] Total time for which application threads were stopped: 0.0000898 seconds, Stopping threads took: 0.0000178 seconds
[2019-12-09T04:04:34.323+0000][1][safepoint    ] Application time: 1.0000758 seconds
[2019-12-09T04:04:34.323+0000][1][safepoint    ] Entering safepoint region: Cleanup
[2019-12-09T04:04:34.323+0000][1][safepoint    ] Leaving safepoint region
[2019-12-09T04:04:34.323+0000][1][safepoint    ] Total time for which application threads were stopped: 0.0000868 seconds, Stopping threads took: 0.0000161 seconds
[2019-12-09T04:04:35.323+0000][1][safepoint    ] Application time: 1.0000759 seconds
[2019-12-09T04:04:35.323+0000][1][safepoint    ] Entering safepoint region: Cleanup
[2019-12-09T04:04:35.323+0000][1][safepoint    ] Leaving safepoint region
[2019-12-09T04:04:35.323+0000][1][safepoint    ] Total time for which application threads were stopped: 0.0000876 seconds, Stopping threads took: 0.0000171 seconds
[2019-12-09T04:04:36.323+0000][1][safepoint    ] Application time: 1.0000787 seconds
[2019-12-09T04:04:36.323+0000][1][safepoint    ] Entering safepoint region: Cleanup
[2019-12-09T04:04:36.324+0000][1][safepoint    ] Leaving safepoint region
[2019-12-09T04:04:36.324+0000][1][safepoint    ] Total time for which application threads were stopped: 0.0000886 seconds, Stopping threads took: 0.0000181 seconds
[2019-12-09T04:04:37.324+0000][1][safepoint    ] Application time: 1.0000761 seconds
[2019-12-09T04:04:37.324+0000][1][safepoint    ] Entering safepoint region: Cleanup
[2019-12-09T04:04:37.324+0000][1][safepoint    ] Leaving safepoint region
[2019-12-09T04:04:37.324+0000][1][safepoint    ] Total time for which application threads were stopped: 0.0000998 seconds, Stopping threads took: 0.0000176 seconds
[2019-12-09T04:04:38.324+0000][1][safepoint    ] Application time: 1.0000768 seconds
[2019-12-09T04:04:38.324+0000][1][safepoint    ] Entering safepoint region: Cleanup
[2019-12-09T04:04:38.324+0000][1][safepoint    ] Leaving safepoint region
[2019-12-09T04:04:38.324+0000][1][safepoint    ] Total time for which application threads were stopped: 0.0000855 seconds, Stopping threads took: 0.0000172 seconds
[2019-12-09T04:04:39.324+0000][1][safepoint    ] Application time: 1.0000737 seconds
[2019-12-09T04:04:39.324+0000][1][safepoint    ] Entering safepoint region: Cleanup
[2019-12-09T04:04:39.324+0000][1][safepoint    ] Leaving safepoint region
[2019-12-09T04:04:39.324+0000][1][safepoint    ] Total time for which application threads were stopped: 0.0000875 seconds, Stopping threads took: 0.0000176 seconds
[2019-12-09T04:04:40.324+0000][1][safepoint    ] Application time: 1.0000785 seconds
[2019-12-09T04:04:40.324+0000][1][safepoint    ] Entering safepoint region: Cleanup
[2019-12-09T04:04:40.324+0000][1][safepoint    ] Leaving safepoint region
[2019-12-09T04:04:40.324+0000][1][safepoint    ] Total time for which application threads were stopped: 0.0000878 seconds, Stopping threads took: 0.0000180 seconds
[2019-12-09T04:04:41.324+0000][1][safepoint    ] Application time: 1.0000810 seconds
[2019-12-09T04:04:41.324+0000][1][safepoint    ] Entering safepoint region: Cleanup
[2019-12-09T04:04:41.325+0000][1][safepoint    ] Leaving safepoint region
[2019-12-09T04:04:41.325+0000][1][safepoint    ] Total time for which application threads were stopped: 0.0001179 seconds, Stopping threads took: 0.0000228 seconds
[2019-12-09T04:04:42.325+0000][1][safepoint    ] Application time: 1.0000781 seconds
[2019-12-09T04:04:42.325+0000][1][safepoint    ] Entering safepoint region: Cleanup
[2019-12-09T04:04:42.325+0000][1][safepoint    ] Leaving safepoint region
[2019-12-09T04:04:42.325+0000][1][safepoint    ] Total time for which application threads were stopped: 0.0000983 seconds, Stopping threads took: 0.0000172 seconds
[2019-12-09T04:04:43.325+0000][1][safepoint    ] Application time: 1.0000781 seconds
[2019-12-09T04:04:43.325+0000][1][safepoint    ] Entering safepoint region: Cleanup
[2019-12-09T04:04:43.325+0000][1][safepoint    ] Leaving safepoint region
[2019-12-09T04:04:43.325+0000][1][safepoint    ] Total time for which application threads were stopped: 0.0000910 seconds, Stopping threads took: 0.0000189 seconds
[2019-12-09T04:04:44.325+0000][1][safepoint    ] Application time: 1.0000764 seconds
[2019-12-09T04:04:44.325+0000][1][safepoint    ] Entering safepoint region: Cleanup
[2019-12-09T04:04:44.325+0000][1][safepoint    ] Leaving safepoint region
[2019-12-09T04:04:44.325+0000][1][safepoint    ] Total time for which application threads were stopped: 0.0000883 seconds, Stopping threads took: 0.0000179 seconds
[2019-12-09T04:04:45.325+0000][1][safepoint    ] Application time: 1.0000756 seconds
[2019-12-09T04:04:45.325+0000][1][safepoint    ] Entering safepoint region: Cleanup
[2019-12-09T04:04:45.325+0000][1][safepoint    ] Leaving safepoint region
[2019-12-09T04:04:45.325+0000][1][safepoint    ] Total time for which application threads were stopped: 0.0000906 seconds, Stopping threads took: 0.0000198 seconds
[2019-12-09T04:04:46.325+0000][1][safepoint    ] Application time: 1.0000790 seconds
[2019-12-09T04:04:46.325+0000][1][safepoint    ] Entering safepoint region: Cleanup
[2019-12-09T04:04:46.326+0000][1][safepoint    ] Leaving safepoint region
[2019-12-09T04:04:46.326+0000][1][safepoint    ] Total time for which application threads were stopped: 0.0000983 seconds, Stopping threads took: 0.0000248 seconds
[2019-12-09T04:04:47.326+0000][1][safepoint    ] Application time: 1.0000845 seconds
[2019-12-09T04:04:47.326+0000][1][safepoint    ] Entering safepoint region: Cleanup
[2019-12-09T04:04:47.326+0000][1][safepoint    ] Leaving safepoint region
[2019-12-09T04:04:47.326+0000][1][safepoint    ] Total time for which application threads were stopped: 0.0001307 seconds, Stopping threads took: 0.0000265 seconds
[2019-12-09T04:04:48.326+0000][1][safepoint    ] Application time: 1.0000767 seconds
[2019-12-09T04:04:48.326+0000][1][safepoint    ] Entering safepoint region: Cleanup
[2019-12-09T04:04:48.326+0000][1][safepoint    ] Leaving safepoint region
[2019-12-09T04:04:48.326+0000][1][safepoint    ] Total time for which application threads were stopped: 0.0001289 seconds, Stopping threads took: 0.0000222 seconds
[2019-12-09T04:04:49.326+0000][1][safepoint    ] Application time: 1.0000770 seconds
[2019-12-09T04:04:49.326+0000][1][safepoint    ] Entering safepoint region: Cleanup
[2019-12-09T04:04:49.326+0000][1][safepoint    ] Leaving safepoint region
[2019-12-09T04:04:49.326+0000][1][safepoint    ] Total time for which application threads were stopped: 0.0000849 seconds, Stopping threads took: 0.0000167 seconds
[2019-12-09T04:04:50.326+0000][1][safepoint    ] Application time: 1.0000752 seconds
[2019-12-09T04:04:50.326+0000][1][safepoint    ] Entering safepoint region: Cleanup
[2019-12-09T04:04:50.326+0000][1][safepoint    ] Leaving safepoint region
[2019-12-09T04:04:50.326+0000][1][safepoint    ] Total time for which application threads were stopped: 0.0000855 seconds, Stopping threads took: 0.0000173 seconds
[2019-12-09T04:04:51.327+0000][1][safepoint    ] Application time: 1.0000876 seconds
[2019-12-09T04:04:51.327+0000][1][safepoint    ] Entering safepoint region: Cleanup
[2019-12-09T04:04:51.327+0000][1][safepoint    ] Leaving safepoint region
[2019-12-09T04:04:51.327+0000][1][safepoint    ] Total time for which application threads were stopped: 0.0001203 seconds, Stopping threads took: 0.0000224 seconds
[2019-12-09T04:04:52.327+0000][1][safepoint    ] Application time: 1.0000777 seconds
[2019-12-09T04:04:52.327+0000][1][safepoint    ] Entering safepoint region: Cleanup
[2019-12-09T04:04:52.327+0000][1][safepoint    ] Leaving safepoint region
[2019-12-09T04:04:52.327+0000][1][safepoint    ] Total time for which application threads were stopped: 0.0000849 seconds, Stopping threads took: 0.0000167 seconds
[2019-12-09T04:04:53.327+0000][1][safepoint    ] Application time: 1.0000758 seconds
[2019-12-09T04:04:53.327+0000][1][safepoint    ] Entering safepoint region: Cleanup
[2019-12-09T04:04:53.327+0000][1][safepoint    ] Leaving safepoint region
[2019-12-09T04:04:53.327+0000][1][safepoint    ] Total time for which application threads were stopped: 0.0000856 seconds, Stopping threads took: 0.0000167 seconds
[2019-12-09T04:04:54.327+0000][1][safepoint    ] Application time: 1.0000755 seconds
[2019-12-09T04:04:54.327+0000][1][safepoint    ] Entering safepoint region: Cleanup
[2019-12-09T04:04:54.327+0000][1][safepoint    ] Leaving safepoint region
[2019-12-09T04:04:54.327+0000][1][safepoint    ] Total time for which application threads were stopped: 0.0000883 seconds, Stopping threads took: 0.0000179 seconds
[2019-12-09T04:04:55.327+0000][1][safepoint    ] Application time: 1.0000739 seconds
[2019-12-09T04:04:55.327+0000][1][safepoint    ] Entering safepoint region: Cleanup
[2019-12-09T04:04:55.327+0000][1][safepoint    ] Leaving safepoint region
[2019-12-09T04:04:55.327+0000][1][safepoint    ] Total time for which application threads were stopped: 0.0000855 seconds, Stopping threads took: 0.0000171 seconds
[2019-12-09T04:04:56.328+0000][1][safepoint    ] Application time: 1.0000760 seconds
[2019-12-09T04:04:56.328+0000][1][safepoint    ] Entering safepoint region: Cleanup
[2019-12-09T04:04:56.328+0000][1][safepoint    ] Leaving safepoint region
[2019-12-09T04:04:56.328+0000][1][safepoint    ] Total time for which application threads were stopped: 0.0000905 seconds, Stopping threads took: 0.0000189 seconds
[2019-12-09T04:04:57.328+0000][1][safepoint    ] Application time: 1.0000640 seconds
[2019-12-09T04:04:57.328+0000][1][safepoint    ] Entering safepoint region: Cleanup
[2019-12-09T04:04:57.328+0000][1][safepoint    ] Leaving safepoint region
[2019-12-09T04:04:57.328+0000][1][safepoint    ] Total time for which application threads were stopped: 0.0000947 seconds, Stopping threads took: 0.0000191 seconds
[2019-12-09T04:04:58.328+0000][1][safepoint    ] Application time: 1.0000764 seconds
[2019-12-09T04:04:58.328+0000][1][safepoint    ] Entering safepoint region: Cleanup
[2019-12-09T04:04:58.328+0000][1][safepoint    ] Leaving safepoint region
[2019-12-09T04:04:58.328+0000][1][safepoint    ] Total time for which application threads were stopped: 0.0000879 seconds, Stopping threads took: 0.0000182 seconds
[2019-12-09T04:04:59.328+0000][1][safepoint    ] Application time: 1.0000770 seconds
[2019-12-09T04:04:59.328+0000][1][safepoint    ] Entering safepoint region: Cleanup
[2019-12-09T04:04:59.328+0000][1][safepoint    ] Leaving safepoint region
[2019-12-09T04:04:59.328+0000][1][safepoint    ] Total time for which application threads were stopped: 0.0000881 seconds, Stopping threads took: 0.0000184 seconds
[2019-12-09T04:05:00.328+0000][1][safepoint    ] Application time: 1.0000766 seconds
[2019-12-09T04:05:00.328+0000][1][safepoint    ] Entering safepoint region: Cleanup
[2019-12-09T04:05:00.328+0000][1][safepoint    ] Leaving safepoint region
[2019-12-09T04:05:00.328+0000][1][safepoint    ] Total time for which application threads were stopped: 0.0000885 seconds, Stopping threads took: 0.0000187 seconds
[2019-12-09T04:05:01.328+0000][1][safepoint    ] Application time: 1.0000859 seconds
[2019-12-09T04:05:01.329+0000][1][safepoint    ] Entering safepoint region: Cleanup
[2019-12-09T04:05:01.329+0000][1][safepoint    ] Leaving safepoint region
[2019-12-09T04:05:01.329+0000][1][safepoint    ] Total time for which application threads were stopped: 0.0001260 seconds, Stopping threads took: 0.0000276 seconds
[2019-12-09T04:05:02.329+0000][1][safepoint    ] Application time: 1.0000802 seconds
[2019-12-09T04:05:02.329+0000][1][safepoint    ] Entering safepoint region: Cleanup
[2019-12-09T04:05:02.329+0000][1][safepoint    ] Leaving safepoint region
[2019-12-09T04:05:02.329+0000][1][safepoint    ] Total time for which application threads were stopped: 0.0000906 seconds, Stopping threads took: 0.0000182 seconds
[2019-12-09T04:05:03.329+0000][1][safepoint    ] Application time: 1.0000784 seconds
[2019-12-09T04:05:03.329+0000][1][safepoint    ] Entering safepoint region: Cleanup
[2019-12-09T04:05:03.329+0000][1][safepoint    ] Leaving safepoint region
[2019-12-09T04:05:03.329+0000][1][safepoint    ] Total time for which application threads were stopped: 0.0000878 seconds, Stopping threads took: 0.0000183 seconds
[2019-12-09T04:05:04.329+0000][1][safepoint    ] Application time: 1.0000785 seconds
[2019-12-09T04:05:04.329+0000][1][safepoint    ] Entering safepoint region: Cleanup
[2019-12-09T04:05:04.329+0000][1][safepoint    ] Leaving safepoint region
[2019-12-09T04:05:04.329+0000][1][safepoint    ] Total time for which application threads were stopped: 0.0001006 seconds, Stopping threads took: 0.0000195 seconds
[2019-12-09T04:05:05.329+0000][1][safepoint    ] Application time: 1.0000775 seconds
[2019-12-09T04:05:05.329+0000][1][safepoint    ] Entering safepoint region: Cleanup
[2019-12-09T04:05:05.329+0000][1][safepoint    ] Leaving safepoint region
[2019-12-09T04:05:05.329+0000][1][safepoint    ] Total time for which application threads were stopped: 0.0000900 seconds, Stopping threads took: 0.0000186 seconds
[2019-12-09T04:05:06.330+0000][1][safepoint    ] Application time: 1.0000797 seconds
[2019-12-09T04:05:06.330+0000][1][safepoint    ] Entering safepoint region: Cleanup
[2019-12-09T04:05:06.330+0000][1][safepoint    ] Leaving safepoint region
[2019-12-09T04:05:06.330+0000][1][safepoint    ] Total time for which application threads were stopped: 0.0000894 seconds, Stopping threads took: 0.0000183 seconds
[2019-12-09T04:05:07.331+0000][1][safepoint    ] Application time: 1.0017924 seconds
[2019-12-09T04:05:07.331+0000][1][safepoint    ] Entering safepoint region: Cleanup
[2019-12-09T04:05:07.332+0000][1][safepoint    ] Leaving safepoint region
[2019-12-09T04:05:07.332+0000][1][safepoint    ] Total time for which application threads were stopped: 0.0001245 seconds, Stopping threads took: 0.0000255 seconds
[2019-12-09T04:05:08.332+0000][1][safepoint    ] Application time: 1.0000900 seconds
[2019-12-09T04:05:08.332+0000][1][safepoint    ] Entering safepoint region: Cleanup
[2019-12-09T04:05:08.332+0000][1][safepoint    ] Leaving safepoint region
[2019-12-09T04:05:08.332+0000][1][safepoint    ] Total time for which application threads were stopped: 0.0000872 seconds, Stopping threads took: 0.0000177 seconds
[2019-12-09T04:05:09.332+0000][1][safepoint    ] Application time: 1.0000766 seconds
[2019-12-09T04:05:09.332+0000][1][safepoint    ] Entering safepoint region: Cleanup
[2019-12-09T04:05:09.332+0000][1][safepoint    ] Leaving safepoint region
[2019-12-09T04:05:09.332+0000][1][safepoint    ] Total time for which application threads were stopped: 0.0000847 seconds, Stopping threads took: 0.0000164 seconds
[2019-12-09T04:05:10.332+0000][1][safepoint    ] Application time: 1.0000764 seconds
[2019-12-09T04:05:10.332+0000][1][safepoint    ] Entering safepoint region: Cleanup
[2019-12-09T04:05:10.332+0000][1][safepoint    ] Leaving safepoint region
[2019-12-09T04:05:10.332+0000][1][safepoint    ] Total time for which application threads were stopped: 0.0000852 seconds, Stopping threads took: 0.0000174 seconds
[2019-12-09T04:05:11.332+0000][1][safepoint    ] Application time: 1.0000787 seconds
[2019-12-09T04:05:11.332+0000][1][safepoint    ] Entering safepoint region: Cleanup
[2019-12-09T04:05:11.332+0000][1][safepoint    ] Leaving safepoint region
[2019-12-09T04:05:11.332+0000][1][safepoint    ] Total time for which application threads were stopped: 0.0000862 seconds, Stopping threads took: 0.0000171 seconds
[2019-12-09T04:05:12.332+0000][1][safepoint    ] Application time: 1.0000764 seconds
[2019-12-09T04:05:12.332+0000][1][safepoint    ] Entering safepoint region: Cleanup
[2019-12-09T04:05:12.333+0000][1][safepoint    ] Leaving safepoint region
[2019-12-09T04:05:12.333+0000][1][safepoint    ] Total time for which application threads were stopped: 0.0000876 seconds, Stopping threads took: 0.0000186 seconds
[2019-12-09T04:05:13.333+0000][1][safepoint    ] Application time: 1.0000767 seconds
[2019-12-09T04:05:13.333+0000][1][safepoint    ] Entering safepoint region: Cleanup
[2019-12-09T04:05:13.333+0000][1][safepoint    ] Leaving safepoint region
[2019-12-09T04:05:13.333+0000][1][safepoint    ] Total time for which application threads were stopped: 0.0000908 seconds, Stopping threads took: 0.0000189 seconds
[2019-12-09T04:05:14.333+0000][1][safepoint    ] Application time: 1.0000755 seconds
[2019-12-09T04:05:14.333+0000][1][safepoint    ] Entering safepoint region: Cleanup
[2019-12-09T04:05:14.333+0000][1][safepoint    ] Leaving safepoint region
[2019-12-09T04:05:14.333+0000][1][safepoint    ] Total time for which application threads were stopped: 0.0000915 seconds, Stopping threads took: 0.0000187 seconds
[2019-12-09T04:05:15.333+0000][1][safepoint    ] Application time: 1.0000774 seconds
[2019-12-09T04:05:15.333+0000][1][safepoint    ] Entering safepoint region: Cleanup
[2019-12-09T04:05:15.333+0000][1][safepoint    ] Leaving safepoint region
[2019-12-09T04:05:15.333+0000][1][safepoint    ] Total time for which application threads were stopped: 0.0000922 seconds, Stopping threads took: 0.0000189 seconds
[2019-12-09T04:05:16.333+0000][1][safepoint    ] Application time: 1.0000742 seconds
[2019-12-09T04:05:16.333+0000][1][safepoint    ] Entering safepoint region: Cleanup
[2019-12-09T04:05:16.333+0000][1][safepoint    ] Leaving safepoint region
[2019-12-09T04:05:16.333+0000][1][safepoint    ] Total time for which application threads were stopped: 0.0000983 seconds, Stopping threads took: 0.0000262 seconds
[2019-12-09T04:05:17.333+0000][1][safepoint    ] Application time: 1.0000776 seconds
[2019-12-09T04:05:17.334+0000][1][safepoint    ] Entering safepoint region: Cleanup
[2019-12-09T04:05:17.334+0000][1][safepoint    ] Leaving safepoint region
[2019-12-09T04:05:17.334+0000][1][safepoint    ] Total time for which application threads were stopped: 0.0000904 seconds, Stopping threads took: 0.0000187 seconds
[2019-12-09T04:05:18.334+0000][1][safepoint    ] Application time: 1.0000863 seconds
[2019-12-09T04:05:18.334+0000][1][safepoint    ] Entering safepoint region: Cleanup
[2019-12-09T04:05:18.334+0000][1][safepoint    ] Leaving safepoint region
[2019-12-09T04:05:18.334+0000][1][safepoint    ] Total time for which application threads were stopped: 0.0000944 seconds, Stopping threads took: 0.0000184 seconds
[2019-12-09T04:05:19.334+0000][1][safepoint    ] Application time: 1.0000769 seconds
[2019-12-09T04:05:19.334+0000][1][safepoint    ] Entering safepoint region: Cleanup
[2019-12-09T04:05:19.334+0000][1][safepoint    ] Leaving safepoint region
[2019-12-09T04:05:19.334+0000][1][safepoint    ] Total time for which application threads were stopped: 0.0000887 seconds, Stopping threads took: 0.0000176 seconds
[2019-12-09T04:05:20.334+0000][1][safepoint    ] Application time: 1.0000761 seconds
[2019-12-09T04:05:20.334+0000][1][safepoint    ] Entering safepoint region: Cleanup
[2019-12-09T04:05:20.334+0000][1][safepoint    ] Leaving safepoint region
[2019-12-09T04:05:20.334+0000][1][safepoint    ] Total time for which application threads were stopped: 0.0000864 seconds, Stopping threads took: 0.0000171 seconds
[2019-12-09T04:05:21.650+0000][1][safepoint    ] Application time: 1.3156415 seconds
[2019-12-09T04:05:21.650+0000][1][safepoint    ] Entering safepoint region: Cleanup
[2019-12-09T04:05:21.650+0000][1][safepoint    ] Leaving safepoint region
[2019-12-09T04:05:21.650+0000][1][safepoint    ] Total time for which application threads were stopped: 0.0001074 seconds, Stopping threads took: 0.0000175 seconds
[2019-12-09T04:05:22.650+0000][1][safepoint    ] Application time: 1.0000838 seconds
[2019-12-09T04:05:22.650+0000][1][safepoint    ] Entering safepoint region: Cleanup
[2019-12-09T04:05:22.650+0000][1][safepoint    ] Leaving safepoint region
[2019-12-09T04:05:22.650+0000][1][safepoint    ] Total time for which application threads were stopped: 0.0000914 seconds, Stopping threads took: 0.0000180 seconds
[2019-12-09T04:05:23.650+0000][1][safepoint    ] Application time: 1.0001215 seconds
[2019-12-09T04:05:23.650+0000][1][safepoint    ] Entering safepoint region: Cleanup
[2019-12-09T04:05:23.651+0000][1][safepoint    ] Leaving safepoint region
[2019-12-09T04:05:23.651+0000][1][safepoint    ] Total time for which application threads were stopped: 0.0001303 seconds, Stopping threads took: 0.0000230 seconds
[2019-12-09T04:05:24.691+0000][1][safepoint    ] Application time: 1.0401043 seconds
[2019-12-09T04:05:24.691+0000][1][safepoint    ] Entering safepoint region: Cleanup
[2019-12-09T04:05:24.691+0000][1][safepoint    ] Leaving safepoint region
[2019-12-09T04:05:24.691+0000][1][safepoint    ] Total time for which application threads were stopped: 0.0000989 seconds, Stopping threads took: 0.0000254 seconds
[2019-12-09T04:05:25.691+0000][1][safepoint    ] Application time: 1.0000754 seconds
[2019-12-09T04:05:25.691+0000][1][safepoint    ] Entering safepoint region: Cleanup
[2019-12-09T04:05:25.691+0000][1][safepoint    ] Leaving safepoint region
[2019-12-09T04:05:25.691+0000][1][safepoint    ] Total time for which application threads were stopped: 0.0000866 seconds, Stopping threads took: 0.0000172 seconds
[2019-12-09T04:05:26.691+0000][1][safepoint    ] Application time: 1.0000749 seconds
[2019-12-09T04:05:26.691+0000][1][safepoint    ] Entering safepoint region: Cleanup
[2019-12-09T04:05:26.691+0000][1][safepoint    ] Leaving safepoint region
[2019-12-09T04:05:26.691+0000][1][safepoint    ] Total time for which application threads were stopped: 0.0000913 seconds, Stopping threads took: 0.0000180 seconds
[2019-12-09T04:05:27.691+0000][1][safepoint    ] Application time: 1.0000796 seconds
[2019-12-09T04:05:27.691+0000][1][safepoint    ] Entering safepoint region: Cleanup
[2019-12-09T04:05:27.691+0000][1][safepoint    ] Leaving safepoint region
[2019-12-09T04:05:27.691+0000][1][safepoint    ] Total time for which application threads were stopped: 0.0000991 seconds, Stopping threads took: 0.0000191 seconds
[2019-12-09T04:05:28.691+0000][1][safepoint    ] Application time: 1.0000781 seconds
[2019-12-09T04:05:28.692+0000][1][safepoint    ] Entering safepoint region: Cleanup
[2019-12-09T04:05:28.692+0000][1][safepoint    ] Leaving safepoint region
[2019-12-09T04:05:28.692+0000][1][safepoint    ] Total time for which application threads were stopped: 0.0000895 seconds, Stopping threads took: 0.0000176 seconds
[2019-12-09T04:05:29.692+0000][1][safepoint    ] Application time: 1.0000872 seconds
[2019-12-09T04:05:29.692+0000][1][safepoint    ] Entering safepoint region: Cleanup
[2019-12-09T04:05:29.692+0000][1][safepoint    ] Leaving safepoint region
[2019-12-09T04:05:29.692+0000][1][safepoint    ] Total time for which application threads were stopped: 0.0000895 seconds, Stopping threads took: 0.0000174 seconds
[2019-12-09T04:05:30.692+0000][1][safepoint    ] Application time: 1.0000776 seconds
[2019-12-09T04:05:30.692+0000][1][safepoint    ] Entering safepoint region: Cleanup
[2019-12-09T04:05:30.692+0000][1][safepoint    ] Leaving safepoint region
[2019-12-09T04:05:30.692+0000][1][safepoint    ] Total time for which application threads were stopped: 0.0000845 seconds, Stopping threads took: 0.0000164 seconds
[2019-12-09T04:05:31.692+0000][1][safepoint    ] Application time: 1.0000792 seconds
[2019-12-09T04:05:31.692+0000][1][safepoint    ] Entering safepoint region: Cleanup
[2019-12-09T04:05:31.692+0000][1][safepoint    ] Leaving safepoint region
[2019-12-09T04:05:31.692+0000][1][safepoint    ] Total time for which application threads were stopped: 0.0000926 seconds, Stopping threads took: 0.0000187 seconds
[2019-12-09T04:05:32.692+0000][1][safepoint    ] Application time: 1.0000787 seconds
[2019-12-09T04:05:32.692+0000][1][safepoint    ] Entering safepoint region: Cleanup
[2019-12-09T04:05:32.692+0000][1][safepoint    ] Leaving safepoint region
[2019-12-09T04:05:32.692+0000][1][safepoint    ] Total time for which application threads were stopped: 0.0000914 seconds, Stopping threads took: 0.0000185 seconds
[2019-12-09T04:05:33.693+0000][1][safepoint    ] Application time: 1.0000782 seconds
[2019-12-09T04:05:33.693+0000][1][safepoint    ] Entering safepoint region: Cleanup
[2019-12-09T04:05:33.693+0000][1][safepoint    ] Leaving safepoint region
[2019-12-09T04:05:33.693+0000][1][safepoint    ] Total time for which application threads were stopped: 0.0000939 seconds, Stopping threads took: 0.0000188 seconds
[2019-12-09T04:05:34.693+0000][1][safepoint    ] Application time: 1.0000873 seconds
[2019-12-09T04:05:34.693+0000][1][safepoint    ] Entering safepoint region: Cleanup
[2019-12-09T04:05:34.693+0000][1][safepoint    ] Leaving safepoint region
[2019-12-09T04:05:34.693+0000][1][safepoint    ] Total time for which application threads were stopped: 0.0000900 seconds, Stopping threads took: 0.0000177 seconds
[2019-12-09T04:05:35.693+0000][1][safepoint    ] Application time: 1.0000794 seconds
[2019-12-09T04:05:35.693+0000][1][safepoint    ] Entering safepoint region: Cleanup
[2019-12-09T04:05:35.693+0000][1][safepoint    ] Leaving safepoint region
[2019-12-09T04:05:35.693+0000][1][safepoint    ] Total time for which application threads were stopped: 0.0000884 seconds, Stopping threads took: 0.0000164 seconds
[2019-12-09T04:05:36.693+0000][1][safepoint    ] Application time: 1.0000794 seconds
[2019-12-09T04:05:36.693+0000][1][safepoint    ] Entering safepoint region: Cleanup
[2019-12-09T04:05:36.693+0000][1][safepoint    ] Leaving safepoint region
[2019-12-09T04:05:36.693+0000][1][safepoint    ] Total time for which application threads were stopped: 0.0000959 seconds, Stopping threads took: 0.0000200 seconds
[2019-12-09T04:05:37.693+0000][1][safepoint    ] Application time: 1.0000770 seconds
[2019-12-09T04:05:37.693+0000][1][safepoint    ] Entering safepoint region: Cleanup
[2019-12-09T04:05:37.694+0000][1][safepoint    ] Leaving safepoint region
[2019-12-09T04:05:37.694+0000][1][safepoint    ] Total time for which application threads were stopped: 0.0000910 seconds, Stopping threads took: 0.0000190 seconds
[2019-12-09T04:05:38.694+0000][1][safepoint    ] Application time: 1.0000788 seconds
[2019-12-09T04:05:38.694+0000][1][safepoint    ] Entering safepoint region: Cleanup
[2019-12-09T04:05:38.694+0000][1][safepoint    ] Leaving safepoint region
[2019-12-09T04:05:38.694+0000][1][safepoint    ] Total time for which application threads were stopped: 0.0001031 seconds, Stopping threads took: 0.0000164 seconds
[2019-12-09T04:05:39.694+0000][1][safepoint    ] Application time: 1.0000763 seconds
[2019-12-09T04:05:39.694+0000][1][safepoint    ] Entering safepoint region: Cleanup
[2019-12-09T04:05:39.694+0000][1][safepoint    ] Leaving safepoint region
[2019-12-09T04:05:39.694+0000][1][safepoint    ] Total time for which application threads were stopped: 0.0000930 seconds, Stopping threads took: 0.0000189 seconds
[2019-12-09T04:05:40.694+0000][1][safepoint    ] Application time: 1.0000764 seconds
[2019-12-09T04:05:40.694+0000][1][safepoint    ] Entering safepoint region: Cleanup
[2019-12-09T04:05:40.694+0000][1][safepoint    ] Leaving safepoint region
[2019-12-09T04:05:40.694+0000][1][safepoint    ] Total time for which application threads were stopped: 0.0000906 seconds, Stopping threads took: 0.0000172 seconds
[2019-12-09T04:05:41.694+0000][1][safepoint    ] Application time: 1.0000776 seconds
[2019-12-09T04:05:41.694+0000][1][safepoint    ] Entering safepoint region: Cleanup
[2019-12-09T04:05:41.694+0000][1][safepoint    ] Leaving safepoint region
[2019-12-09T04:05:41.694+0000][1][safepoint    ] Total time for which application threads were stopped: 0.0000903 seconds, Stopping threads took: 0.0000173 seconds
[2019-12-09T04:05:42.694+0000][1][safepoint    ] Application time: 1.0000762 seconds
[2019-12-09T04:05:42.695+0000][1][safepoint    ] Entering safepoint region: Cleanup
[2019-12-09T04:05:42.695+0000][1][safepoint    ] Leaving safepoint region
[2019-12-09T04:05:42.695+0000][1][safepoint    ] Total time for which application threads were stopped: 0.0000924 seconds, Stopping threads took: 0.0000183 seconds
[2019-12-09T04:05:43.695+0000][1][safepoint    ] Application time: 1.0000892 seconds
[2019-12-09T04:05:43.695+0000][1][safepoint    ] Entering safepoint region: Cleanup
[2019-12-09T04:05:43.695+0000][1][safepoint    ] Leaving safepoint region
[2019-12-09T04:05:43.695+0000][1][safepoint    ] Total time for which application threads were stopped: 0.0000910 seconds, Stopping threads took: 0.0000180 seconds
[2019-12-09T04:05:44.695+0000][1][safepoint    ] Application time: 1.0000747 seconds
[2019-12-09T04:05:44.695+0000][1][safepoint    ] Entering safepoint region: Cleanup
[2019-12-09T04:05:44.695+0000][1][safepoint    ] Leaving safepoint region
[2019-12-09T04:05:44.695+0000][1][safepoint    ] Total time for which application threads were stopped: 0.0000905 seconds, Stopping threads took: 0.0000176 seconds
[2019-12-09T04:05:45.695+0000][1][safepoint    ] Application time: 1.0000783 seconds
[2019-12-09T04:05:45.695+0000][1][safepoint    ] Entering safepoint region: Cleanup
[2019-12-09T04:05:45.695+0000][1][safepoint    ] Leaving safepoint region
[2019-12-09T04:05:45.695+0000][1][safepoint    ] Total time for which application threads were stopped: 0.0000937 seconds, Stopping threads took: 0.0000206 seconds
[2019-12-09T04:05:46.695+0000][1][safepoint    ] Application time: 1.0000768 seconds
[2019-12-09T04:05:46.695+0000][1][safepoint    ] Entering safepoint region: Cleanup
[2019-12-09T04:05:46.695+0000][1][safepoint    ] Leaving safepoint region
[2019-12-09T04:05:46.695+0000][1][safepoint    ] Total time for which application threads were stopped: 0.0000987 seconds, Stopping threads took: 0.0000265 seconds
[2019-12-09T04:05:47.696+0000][1][safepoint    ] Application time: 1.0000918 seconds
[2019-12-09T04:05:47.696+0000][1][safepoint    ] Entering safepoint region: Cleanup
[2019-12-09T04:05:47.696+0000][1][safepoint    ] Leaving safepoint region
[2019-12-09T04:05:47.696+0000][1][safepoint    ] Total time for which application threads were stopped: 0.0001411 seconds, Stopping threads took: 0.0000253 seconds
[2019-12-09T04:05:48.696+0000][1][safepoint    ] Application time: 1.0000789 seconds
[2019-12-09T04:05:48.696+0000][1][safepoint    ] Entering safepoint region: Cleanup
[2019-12-09T04:05:48.696+0000][1][safepoint    ] Leaving safepoint region
[2019-12-09T04:05:48.696+0000][1][safepoint    ] Total time for which application threads were stopped: 0.0000972 seconds, Stopping threads took: 0.0000199 seconds
[2019-12-09T04:05:49.696+0000][1][safepoint    ] Application time: 1.0000777 seconds
[2019-12-09T04:05:49.696+0000][1][safepoint    ] Entering safepoint region: Cleanup
[2019-12-09T04:05:49.696+0000][1][safepoint    ] Leaving safepoint region
[2019-12-09T04:05:49.696+0000][1][safepoint    ] Total time for which application threads were stopped: 0.0000966 seconds, Stopping threads took: 0.0000176 seconds
[2019-12-09T04:05:50.696+0000][1][safepoint    ] Application time: 1.0000777 seconds
[2019-12-09T04:05:50.696+0000][1][safepoint    ] Entering safepoint region: Cleanup
[2019-12-09T04:05:50.696+0000][1][safepoint    ] Leaving safepoint region
[2019-12-09T04:05:50.696+0000][1][safepoint    ] Total time for which application threads were stopped: 0.0000933 seconds, Stopping threads took: 0.0000191 seconds
[2019-12-09T04:05:51.696+0000][1][safepoint    ] Application time: 1.0000787 seconds
[2019-12-09T04:05:51.697+0000][1][safepoint    ] Entering safepoint region: Cleanup
[2019-12-09T04:05:51.697+0000][1][safepoint    ] Leaving safepoint region
[2019-12-09T04:05:51.697+0000][1][safepoint    ] Total time for which application threads were stopped: 0.0000985 seconds, Stopping threads took: 0.0000184 seconds
[2019-12-09T04:05:52.697+0000][1][safepoint    ] Application time: 1.0000814 seconds
[2019-12-09T04:05:52.697+0000][1][safepoint    ] Entering safepoint region: Cleanup
[2019-12-09T04:05:52.697+0000][1][safepoint    ] Leaving safepoint region
[2019-12-09T04:05:52.697+0000][1][safepoint    ] Total time for which application threads were stopped: 0.0000911 seconds, Stopping threads took: 0.0000182 seconds
[2019-12-09T04:05:53.697+0000][1][safepoint    ] Application time: 1.0000760 seconds
[2019-12-09T04:05:53.697+0000][1][safepoint    ] Entering safepoint region: Cleanup
[2019-12-09T04:05:53.697+0000][1][safepoint    ] Leaving safepoint region
[2019-12-09T04:05:53.697+0000][1][safepoint    ] Total time for which application threads were stopped: 0.0000928 seconds, Stopping threads took: 0.0000188 seconds
[2019-12-09T04:05:54.697+0000][1][safepoint    ] Application time: 1.0000767 seconds
[2019-12-09T04:05:54.697+0000][1][safepoint    ] Entering safepoint region: Cleanup
[2019-12-09T04:05:54.697+0000][1][safepoint    ] Leaving safepoint region
[2019-12-09T04:05:54.697+0000][1][safepoint    ] Total time for which application threads were stopped: 0.0000920 seconds, Stopping threads took: 0.0000178 seconds
[2019-12-09T04:05:55.697+0000][1][safepoint    ] Application time: 1.0000830 seconds
[2019-12-09T04:05:55.697+0000][1][safepoint    ] Entering safepoint region: Cleanup
[2019-12-09T04:05:55.697+0000][1][safepoint    ] Leaving safepoint region
[2019-12-09T04:05:55.697+0000][1][safepoint    ] Total time for which application threads were stopped: 0.0000937 seconds, Stopping threads took: 0.0000209 seconds
[2019-12-09T04:05:56.698+0000][1][safepoint    ] Application time: 1.0000796 seconds
[2019-12-09T04:05:56.698+0000][1][safepoint    ] Entering safepoint region: Cleanup
[2019-12-09T04:05:56.698+0000][1][safepoint    ] Leaving safepoint region
[2019-12-09T04:05:56.698+0000][1][safepoint    ] Total time for which application threads were stopped: 0.0001090 seconds, Stopping threads took: 0.0000184 seconds
[2019-12-09T04:05:57.698+0000][1][safepoint    ] Application time: 1.0000742 seconds
[2019-12-09T04:05:57.698+0000][1][safepoint    ] Entering safepoint region: Cleanup
[2019-12-09T04:05:57.698+0000][1][safepoint    ] Leaving safepoint region
[2019-12-09T04:05:57.698+0000][1][safepoint    ] Total time for which application threads were stopped: 0.0000959 seconds, Stopping threads took: 0.0000233 seconds
[2019-12-09T04:05:58.698+0000][1][safepoint    ] Application time: 1.0000755 seconds
[2019-12-09T04:05:58.698+0000][1][safepoint    ] Entering safepoint region: Cleanup
[2019-12-09T04:05:58.698+0000][1][safepoint    ] Leaving safepoint region
[2019-12-09T04:05:58.698+0000][1][safepoint    ] Total time for which application threads were stopped: 0.0000971 seconds, Stopping threads took: 0.0000181 seconds
[2019-12-09T04:05:59.698+0000][1][safepoint    ] Application time: 1.0000787 seconds
[2019-12-09T04:05:59.698+0000][1][safepoint    ] Entering safepoint region: Cleanup
[2019-12-09T04:05:59.698+0000][1][safepoint    ] Leaving safepoint region
[2019-12-09T04:05:59.698+0000][1][safepoint    ] Total time for which application threads were stopped: 0.0000934 seconds, Stopping threads took: 0.0000187 seconds
[2019-12-09T04:06:00.698+0000][1][safepoint    ] Application time: 1.0000839 seconds
[2019-12-09T04:06:00.698+0000][1][safepoint    ] Entering safepoint region: Cleanup
[2019-12-09T04:06:00.699+0000][1][safepoint    ] Leaving safepoint region
[2019-12-09T04:06:00.699+0000][1][safepoint    ] Total time for which application threads were stopped: 0.0001288 seconds, Stopping threads took: 0.0000255 seconds
[2019-12-09T04:06:01.227+0000][1][safepoint    ] Application time: 0.5286090 seconds
[2019-12-09T04:06:01.227+0000][1][safepoint    ] Entering safepoint region: GenCollectForAllocation
[2019-12-09T04:06:01.227+0000][1][gc,start     ] GC(37) Pause Young (Allocation Failure)
[2019-12-09T04:06:01.227+0000][1][gc,task      ] GC(37) Using 2 workers of 2 for evacuation
[2019-12-09T04:06:01.230+0000][1][gc,age       ] GC(37) Desired survivor size 4456448 bytes, new threshold 6 (max threshold 6)
[2019-12-09T04:06:01.230+0000][1][gc,age       ] GC(37) Age table with threshold 6 (max threshold 6)
[2019-12-09T04:06:01.230+0000][1][gc,age       ] GC(37) - age   1:       9104 bytes,       9104 total
[2019-12-09T04:06:01.230+0000][1][gc,age       ] GC(37) - age   2:       2848 bytes,      11952 total
[2019-12-09T04:06:01.230+0000][1][gc,age       ] GC(37) - age   3:       2384 bytes,      14336 total
[2019-12-09T04:06:01.230+0000][1][gc,age       ] GC(37) - age   4:       3792 bytes,      18128 total
[2019-12-09T04:06:01.230+0000][1][gc,age       ] GC(37) - age   5:      76016 bytes,      94144 total
[2019-12-09T04:06:01.230+0000][1][gc,age       ] GC(37) - age   6:      73192 bytes,     167336 total
[2019-12-09T04:06:01.230+0000][1][gc,heap      ] GC(37) ParNew: 70172K->276K(78656K)
[2019-12-09T04:06:01.230+0000][1][gc,heap      ] GC(37) CMS: 75702K->75713K(174784K)
[2019-12-09T04:06:01.230+0000][1][gc,metaspace ] GC(37) Metaspace: 79677K->79677K(1122304K)
[2019-12-09T04:06:01.230+0000][1][gc           ] GC(37) Pause Young (Allocation Failure) 142M->74M(247M) 2.425ms
[2019-12-09T04:06:01.230+0000][1][gc,cpu       ] GC(37) User=0.01s Sys=0.00s Real=0.00s
[2019-12-09T04:06:01.230+0000][1][safepoint    ] Leaving safepoint region
[2019-12-09T04:06:01.230+0000][1][safepoint    ] Total time for which application threads were stopped: 0.0025942 seconds, Stopping threads took: 0.0000193 seconds
[2019-12-09T04:06:02.230+0000][1][safepoint    ] Application time: 1.0000890 seconds
[2019-12-09T04:06:02.230+0000][1][safepoint    ] Entering safepoint region: Cleanup
[2019-12-09T04:06:02.230+0000][1][safepoint    ] Leaving safepoint region
[2019-12-09T04:06:02.230+0000][1][safepoint    ] Total time for which application threads were stopped: 0.0000938 seconds, Stopping threads took: 0.0000194 seconds
[2019-12-09T04:06:03.230+0000][1][safepoint    ] Application time: 1.0000788 seconds
[2019-12-09T04:06:03.230+0000][1][safepoint    ] Entering safepoint region: Cleanup
[2019-12-09T04:06:03.230+0000][1][safepoint    ] Leaving safepoint region
[2019-12-09T04:06:03.230+0000][1][safepoint    ] Total time for which application threads were stopped: 0.0000915 seconds, Stopping threads took: 0.0000199 seconds
[2019-12-09T04:06:04.230+0000][1][safepoint    ] Application time: 1.0000788 seconds
[2019-12-09T04:06:04.230+0000][1][safepoint    ] Entering safepoint region: Cleanup
[2019-12-09T04:06:04.231+0000][1][safepoint    ] Leaving safepoint region
[2019-12-09T04:06:04.231+0000][1][safepoint    ] Total time for which application threads were stopped: 0.0000957 seconds, Stopping threads took: 0.0000195 seconds
[2019-12-09T04:06:05.231+0000][1][safepoint    ] Application time: 1.0000784 seconds
[2019-12-09T04:06:05.231+0000][1][safepoint    ] Entering safepoint region: Cleanup
[2019-12-09T04:06:05.231+0000][1][safepoint    ] Leaving safepoint region
[2019-12-09T04:06:05.231+0000][1][safepoint    ] Total time for which application threads were stopped: 0.0001177 seconds, Stopping threads took: 0.0000201 seconds
[2019-12-09T04:06:06.231+0000][1][safepoint    ] Application time: 1.0000762 seconds
[2019-12-09T04:06:06.231+0000][1][safepoint    ] Entering safepoint region: Cleanup
[2019-12-09T04:06:06.231+0000][1][safepoint    ] Leaving safepoint region
[2019-12-09T04:06:06.231+0000][1][safepoint    ] Total time for which application threads were stopped: 0.0001234 seconds, Stopping threads took: 0.0000478 seconds
[2019-12-09T04:06:07.231+0000][1][safepoint    ] Application time: 1.0000826 seconds
[2019-12-09T04:06:07.231+0000][1][safepoint    ] Entering safepoint region: Cleanup
[2019-12-09T04:06:07.231+0000][1][safepoint    ] Leaving safepoint region
[2019-12-09T04:06:07.231+0000][1][safepoint    ] Total time for which application threads were stopped: 0.0000934 seconds, Stopping threads took: 0.0000192 seconds
[2019-12-09T04:06:08.231+0000][1][safepoint    ] Application time: 1.0000789 seconds
[2019-12-09T04:06:08.231+0000][1][safepoint    ] Entering safepoint region: Cleanup
[2019-12-09T04:06:08.231+0000][1][safepoint    ] Leaving safepoint region
[2019-12-09T04:06:08.231+0000][1][safepoint    ] Total time for which application threads were stopped: 0.0000972 seconds, Stopping threads took: 0.0000207 seconds
[2019-12-09T04:06:09.232+0000][1][safepoint    ] Application time: 1.0000757 seconds
[2019-12-09T04:06:09.232+0000][1][safepoint    ] Entering safepoint region: Cleanup
[2019-12-09T04:06:09.232+0000][1][safepoint    ] Leaving safepoint region
[2019-12-09T04:06:09.232+0000][1][safepoint    ] Total time for which application threads were stopped: 0.0000997 seconds, Stopping threads took: 0.0000185 seconds
[2019-12-09T04:06:10.232+0000][1][safepoint    ] Application time: 1.0000779 seconds
[2019-12-09T04:06:10.232+0000][1][safepoint    ] Entering safepoint region: Cleanup
[2019-12-09T04:06:10.232+0000][1][safepoint    ] Leaving safepoint region
[2019-12-09T04:06:10.232+0000][1][safepoint    ] Total time for which application threads were stopped: 0.0000939 seconds, Stopping threads took: 0.0000212 seconds
[2019-12-09T04:06:11.232+0000][1][safepoint    ] Application time: 1.0000781 seconds
[2019-12-09T04:06:11.232+0000][1][safepoint    ] Entering safepoint region: Cleanup
[2019-12-09T04:06:11.232+0000][1][safepoint    ] Leaving safepoint region
[2019-12-09T04:06:11.232+0000][1][safepoint    ] Total time for which application threads were stopped: 0.0000932 seconds, Stopping threads took: 0.0000197 seconds
[2019-12-09T04:06:12.232+0000][1][safepoint    ] Application time: 1.0000777 seconds
[2019-12-09T04:06:12.232+0000][1][safepoint    ] Entering safepoint region: Cleanup
[2019-12-09T04:06:12.232+0000][1][safepoint    ] Leaving safepoint region
[2019-12-09T04:06:12.232+0000][1][safepoint    ] Total time for which application threads were stopped: 0.0000950 seconds, Stopping threads took: 0.0000202 seconds
[2019-12-09T04:06:13.232+0000][1][safepoint    ] Application time: 1.0000767 seconds
[2019-12-09T04:06:13.232+0000][1][safepoint    ] Entering safepoint region: Cleanup
[2019-12-09T04:06:13.233+0000][1][safepoint    ] Leaving safepoint region
[2019-12-09T04:06:13.233+0000][1][safepoint    ] Total time for which application threads were stopped: 0.0000937 seconds, Stopping threads took: 0.0000206 seconds
[2019-12-09T04:06:14.233+0000][1][safepoint    ] Application time: 1.0000782 seconds
[2019-12-09T04:06:14.233+0000][1][safepoint    ] Entering safepoint region: Cleanup
[2019-12-09T04:06:14.233+0000][1][safepoint    ] Leaving safepoint region
[2019-12-09T04:06:14.233+0000][1][safepoint    ] Total time for which application threads were stopped: 0.0001043 seconds, Stopping threads took: 0.0000281 seconds
[2019-12-09T04:06:15.233+0000][1][safepoint    ] Application time: 1.0000761 seconds
[2019-12-09T04:06:15.233+0000][1][safepoint    ] Entering safepoint region: Cleanup
[2019-12-09T04:06:15.233+0000][1][safepoint    ] Leaving safepoint region
[2019-12-09T04:06:15.233+0000][1][safepoint    ] Total time for which application threads were stopped: 0.0000943 seconds, Stopping threads took: 0.0000205 seconds
[2019-12-09T04:06:16.233+0000][1][safepoint    ] Application time: 1.0000785 seconds
[2019-12-09T04:06:16.233+0000][1][safepoint    ] Entering safepoint region: Cleanup
[2019-12-09T04:06:16.233+0000][1][safepoint    ] Leaving safepoint region
[2019-12-09T04:06:16.233+0000][1][safepoint    ] Total time for which application threads were stopped: 0.0000978 seconds, Stopping threads took: 0.0000251 seconds
[2019-12-09T04:06:17.233+0000][1][safepoint    ] Application time: 1.0000764 seconds
[2019-12-09T04:06:17.233+0000][1][safepoint    ] Entering safepoint region: Cleanup
[2019-12-09T04:06:17.233+0000][1][safepoint    ] Leaving safepoint region
[2019-12-09T04:06:17.233+0000][1][safepoint    ] Total time for which application threads were stopped: 0.0000969 seconds, Stopping threads took: 0.0000204 seconds
[2019-12-09T04:06:18.233+0000][1][safepoint    ] Application time: 1.0000782 seconds
[2019-12-09T04:06:18.234+0000][1][safepoint    ] Entering safepoint region: Cleanup
[2019-12-09T04:06:18.234+0000][1][safepoint    ] Leaving safepoint region
[2019-12-09T04:06:18.234+0000][1][safepoint    ] Total time for which application threads were stopped: 0.0000976 seconds, Stopping threads took: 0.0000207 seconds
[2019-12-09T04:06:19.234+0000][1][safepoint    ] Application time: 1.0000764 seconds
[2019-12-09T04:06:19.234+0000][1][safepoint    ] Entering safepoint region: Cleanup
[2019-12-09T04:06:19.234+0000][1][safepoint    ] Leaving safepoint region
[2019-12-09T04:06:19.234+0000][1][safepoint    ] Total time for which application threads were stopped: 0.0000917 seconds, Stopping threads took: 0.0000187 seconds
[2019-12-09T04:06:20.234+0000][1][safepoint    ] Application time: 1.0000749 seconds
[2019-12-09T04:06:20.234+0000][1][safepoint    ] Entering safepoint region: Cleanup
[2019-12-09T04:06:20.234+0000][1][safepoint    ] Leaving safepoint region
[2019-12-09T04:06:20.234+0000][1][safepoint    ] Total time for which application threads were stopped: 0.0000972 seconds, Stopping threads took: 0.0000203 seconds
[2019-12-09T04:06:21.234+0000][1][safepoint    ] Application time: 1.0000768 seconds
[2019-12-09T04:06:21.234+0000][1][safepoint    ] Entering safepoint region: Cleanup
[2019-12-09T04:06:21.234+0000][1][safepoint    ] Leaving safepoint region
[2019-12-09T04:06:21.234+0000][1][safepoint    ] Total time for which application threads were stopped: 0.0000983 seconds, Stopping threads took: 0.0000207 seconds
[2019-12-09T04:06:22.234+0000][1][safepoint    ] Application time: 1.0000762 seconds
[2019-12-09T04:06:22.234+0000][1][safepoint    ] Entering safepoint region: Cleanup
[2019-12-09T04:06:22.234+0000][1][safepoint    ] Leaving safepoint region
[2019-12-09T04:06:22.234+0000][1][safepoint    ] Total time for which application threads were stopped: 0.0001017 seconds, Stopping threads took: 0.0000186 seconds
[2019-12-09T04:06:23.235+0000][1][safepoint    ] Application time: 1.0000771 seconds
[2019-12-09T04:06:23.235+0000][1][safepoint    ] Entering safepoint region: Cleanup
[2019-12-09T04:06:23.235+0000][1][safepoint    ] Leaving safepoint region
[2019-12-09T04:06:23.235+0000][1][safepoint    ] Total time for which application threads were stopped: 0.0001075 seconds, Stopping threads took: 0.0000204 seconds
[2019-12-09T04:06:24.235+0000][1][safepoint    ] Application time: 1.0000769 seconds
[2019-12-09T04:06:24.235+0000][1][safepoint    ] Entering safepoint region: Cleanup
[2019-12-09T04:06:24.235+0000][1][safepoint    ] Leaving safepoint region
[2019-12-09T04:06:24.235+0000][1][safepoint    ] Total time for which application threads were stopped: 0.0000974 seconds, Stopping threads took: 0.0000213 seconds
[2019-12-09T04:06:25.235+0000][1][safepoint    ] Application time: 1.0000764 seconds
[2019-12-09T04:06:25.235+0000][1][safepoint    ] Entering safepoint region: Cleanup
[2019-12-09T04:06:25.235+0000][1][safepoint    ] Leaving safepoint region
[2019-12-09T04:06:25.235+0000][1][safepoint    ] Total time for which application threads were stopped: 0.0001045 seconds, Stopping threads took: 0.0000274 seconds
[2019-12-09T04:06:26.235+0000][1][safepoint    ] Application time: 1.0000372 seconds
[2019-12-09T04:06:26.235+0000][1][safepoint    ] Entering safepoint region: Cleanup
[2019-12-09T04:06:26.235+0000][1][safepoint    ] Leaving safepoint region
[2019-12-09T04:06:26.235+0000][1][safepoint    ] Total time for which application threads were stopped: 0.0001059 seconds, Stopping threads took: 0.0000236 seconds
[2019-12-09T04:06:27.235+0000][1][safepoint    ] Application time: 1.0000772 seconds
[2019-12-09T04:06:27.236+0000][1][safepoint    ] Entering safepoint region: Cleanup
[2019-12-09T04:06:27.236+0000][1][safepoint    ] Leaving safepoint region
[2019-12-09T04:06:27.236+0000][1][safepoint    ] Total time for which application threads were stopped: 0.0001021 seconds, Stopping threads took: 0.0000202 seconds
[2019-12-09T04:06:28.236+0000][1][safepoint    ] Application time: 1.0000765 seconds
[2019-12-09T04:06:28.236+0000][1][safepoint    ] Entering safepoint region: Cleanup
[2019-12-09T04:06:28.236+0000][1][safepoint    ] Leaving safepoint region
[2019-12-09T04:06:28.236+0000][1][safepoint    ] Total time for which application threads were stopped: 0.0000952 seconds, Stopping threads took: 0.0000187 seconds
[2019-12-09T04:06:29.236+0000][1][safepoint    ] Application time: 1.0000742 seconds
[2019-12-09T04:06:29.236+0000][1][safepoint    ] Entering safepoint region: Cleanup
[2019-12-09T04:06:29.236+0000][1][safepoint    ] Leaving safepoint region
[2019-12-09T04:06:29.236+0000][1][safepoint    ] Total time for which application threads were stopped: 0.0000959 seconds, Stopping threads took: 0.0000208 seconds
[2019-12-09T04:06:30.236+0000][1][safepoint    ] Application time: 1.0000753 seconds
[2019-12-09T04:06:30.236+0000][1][safepoint    ] Entering safepoint region: Cleanup
[2019-12-09T04:06:30.236+0000][1][safepoint    ] Leaving safepoint region
[2019-12-09T04:06:30.236+0000][1][safepoint    ] Total time for which application threads were stopped: 0.0000925 seconds, Stopping threads took: 0.0000182 seconds
[2019-12-09T04:06:31.236+0000][1][safepoint    ] Application time: 1.0000782 seconds
[2019-12-09T04:06:31.236+0000][1][safepoint    ] Entering safepoint region: Cleanup
[2019-12-09T04:06:31.236+0000][1][safepoint    ] Leaving safepoint region
[2019-12-09T04:06:31.236+0000][1][safepoint    ] Total time for which application threads were stopped: 0.0000967 seconds, Stopping threads took: 0.0000200 seconds
[2019-12-09T04:06:32.237+0000][1][safepoint    ] Application time: 1.0000762 seconds
[2019-12-09T04:06:32.237+0000][1][safepoint    ] Entering safepoint region: Cleanup
[2019-12-09T04:06:32.237+0000][1][safepoint    ] Leaving safepoint region
[2019-12-09T04:06:32.237+0000][1][safepoint    ] Total time for which application threads were stopped: 0.0000952 seconds, Stopping threads took: 0.0000190 seconds
[2019-12-09T04:06:33.237+0000][1][safepoint    ] Application time: 1.0000746 seconds
[2019-12-09T04:06:33.237+0000][1][safepoint    ] Entering safepoint region: Cleanup
[2019-12-09T04:06:33.237+0000][1][safepoint    ] Leaving safepoint region
[2019-12-09T04:06:33.237+0000][1][safepoint    ] Total time for which application threads were stopped: 0.0000984 seconds, Stopping threads took: 0.0000191 seconds
[2019-12-09T04:06:34.237+0000][1][safepoint    ] Application time: 1.0000759 seconds
[2019-12-09T04:06:34.237+0000][1][safepoint    ] Entering safepoint region: Cleanup
[2019-12-09T04:06:34.237+0000][1][safepoint    ] Leaving safepoint region
[2019-12-09T04:06:34.237+0000][1][safepoint    ] Total time for which application threads were stopped: 0.0000968 seconds, Stopping threads took: 0.0000207 seconds
[2019-12-09T04:06:35.237+0000][1][safepoint    ] Application time: 1.0000772 seconds
[2019-12-09T04:06:35.237+0000][1][safepoint    ] Entering safepoint region: Cleanup
[2019-12-09T04:06:35.237+0000][1][safepoint    ] Leaving safepoint region
[2019-12-09T04:06:35.237+0000][1][safepoint    ] Total time for which application threads were stopped: 0.0001026 seconds, Stopping threads took: 0.0000254 seconds
[2019-12-09T04:06:36.237+0000][1][safepoint    ] Application time: 1.0000778 seconds
[2019-12-09T04:06:36.237+0000][1][safepoint    ] Entering safepoint region: Cleanup
[2019-12-09T04:06:36.238+0000][1][safepoint    ] Leaving safepoint region
[2019-12-09T04:06:36.238+0000][1][safepoint    ] Total time for which application threads were stopped: 0.0000948 seconds, Stopping threads took: 0.0000186 seconds
[2019-12-09T04:06:37.238+0000][1][safepoint    ] Application time: 1.0000792 seconds
[2019-12-09T04:06:37.238+0000][1][safepoint    ] Entering safepoint region: Cleanup
[2019-12-09T04:06:37.238+0000][1][safepoint    ] Leaving safepoint region
[2019-12-09T04:06:37.238+0000][1][safepoint    ] Total time for which application threads were stopped: 0.0000962 seconds, Stopping threads took: 0.0000204 seconds
[2019-12-09T04:06:38.238+0000][1][safepoint    ] Application time: 1.0000788 seconds
[2019-12-09T04:06:38.238+0000][1][safepoint    ] Entering safepoint region: Cleanup
[2019-12-09T04:06:38.238+0000][1][safepoint    ] Leaving safepoint region
[2019-12-09T04:06:38.238+0000][1][safepoint    ] Total time for which application threads were stopped: 0.0000972 seconds, Stopping threads took: 0.0000200 seconds
[2019-12-09T04:06:39.238+0000][1][safepoint    ] Application time: 1.0000768 seconds
[2019-12-09T04:06:39.238+0000][1][safepoint    ] Entering safepoint region: Cleanup
[2019-12-09T04:06:39.238+0000][1][safepoint    ] Leaving safepoint region
[2019-12-09T04:06:39.238+0000][1][safepoint    ] Total time for which application threads were stopped: 0.0000943 seconds, Stopping threads took: 0.0000193 seconds
[2019-12-09T04:06:40.238+0000][1][safepoint    ] Application time: 1.0000785 seconds
[2019-12-09T04:06:40.238+0000][1][safepoint    ] Entering safepoint region: Cleanup
[2019-12-09T04:06:40.238+0000][1][safepoint    ] Leaving safepoint region
[2019-12-09T04:06:40.238+0000][1][safepoint    ] Total time for which application threads were stopped: 0.0000982 seconds, Stopping threads took: 0.0000213 seconds
[2019-12-09T04:06:41.239+0000][1][safepoint    ] Application time: 1.0000762 seconds
[2019-12-09T04:06:41.239+0000][1][safepoint    ] Entering safepoint region: Cleanup
[2019-12-09T04:06:41.239+0000][1][safepoint    ] Leaving safepoint region
[2019-12-09T04:06:41.239+0000][1][safepoint    ] Total time for which application threads were stopped: 0.0000951 seconds, Stopping threads took: 0.0000203 seconds
[2019-12-09T04:06:42.239+0000][1][safepoint    ] Application time: 1.0000782 seconds
[2019-12-09T04:06:42.239+0000][1][safepoint    ] Entering safepoint region: Cleanup
[2019-12-09T04:06:42.239+0000][1][safepoint    ] Leaving safepoint region
[2019-12-09T04:06:42.239+0000][1][safepoint    ] Total time for which application threads were stopped: 0.0000999 seconds, Stopping threads took: 0.0000198 seconds
[2019-12-09T04:06:43.239+0000][1][safepoint    ] Application time: 1.0000764 seconds
[2019-12-09T04:06:43.239+0000][1][safepoint    ] Entering safepoint region: Cleanup
[2019-12-09T04:06:43.239+0000][1][safepoint    ] Leaving safepoint region
[2019-12-09T04:06:43.239+0000][1][safepoint    ] Total time for which application threads were stopped: 0.0000959 seconds, Stopping threads took: 0.0000205 seconds
[2019-12-09T04:06:44.239+0000][1][safepoint    ] Application time: 1.0000771 seconds
[2019-12-09T04:06:44.239+0000][1][safepoint    ] Entering safepoint region: Cleanup
[2019-12-09T04:06:44.239+0000][1][safepoint    ] Leaving safepoint region
[2019-12-09T04:06:44.239+0000][1][safepoint    ] Total time for which application threads were stopped: 0.0000949 seconds, Stopping threads took: 0.0000199 seconds
[2019-12-09T04:06:45.239+0000][1][safepoint    ] Application time: 1.0000767 seconds
[2019-12-09T04:06:45.239+0000][1][safepoint    ] Entering safepoint region: Cleanup
[2019-12-09T04:06:45.240+0000][1][safepoint    ] Leaving safepoint region
[2019-12-09T04:06:45.240+0000][1][safepoint    ] Total time for which application threads were stopped: 0.0000949 seconds, Stopping threads took: 0.0000205 seconds
[2019-12-09T04:06:46.240+0000][1][safepoint    ] Application time: 1.0000795 seconds
[2019-12-09T04:06:46.240+0000][1][safepoint    ] Entering safepoint region: Cleanup
[2019-12-09T04:06:46.240+0000][1][safepoint    ] Leaving safepoint region
[2019-12-09T04:06:46.240+0000][1][safepoint    ] Total time for which application threads were stopped: 0.0001123 seconds, Stopping threads took: 0.0000249 seconds
[2019-12-09T04:06:47.240+0000][1][safepoint    ] Application time: 1.0000763 seconds
[2019-12-09T04:06:47.240+0000][1][safepoint    ] Entering safepoint region: Cleanup
[2019-12-09T04:06:47.240+0000][1][safepoint    ] Leaving safepoint region
[2019-12-09T04:06:47.240+0000][1][safepoint    ] Total time for which application threads were stopped: 0.0000954 seconds, Stopping threads took: 0.0000188 seconds
[2019-12-09T04:06:48.240+0000][1][safepoint    ] Application time: 1.0000769 seconds
[2019-12-09T04:06:48.240+0000][1][safepoint    ] Entering safepoint region: Cleanup
[2019-12-09T04:06:48.240+0000][1][safepoint    ] Leaving safepoint region
[2019-12-09T04:06:48.240+0000][1][safepoint    ] Total time for which application threads were stopped: 0.0000939 seconds, Stopping threads took: 0.0000184 seconds
[2019-12-09T04:06:49.240+0000][1][safepoint    ] Application time: 1.0000768 seconds
[2019-12-09T04:06:49.240+0000][1][safepoint    ] Entering safepoint region: Cleanup
[2019-12-09T04:06:49.240+0000][1][safepoint    ] Leaving safepoint region
[2019-12-09T04:06:49.240+0000][1][safepoint    ] Total time for which application threads were stopped: 0.0000935 seconds, Stopping threads took: 0.0000190 seconds
[2019-12-09T04:06:50.240+0000][1][safepoint    ] Application time: 1.0000755 seconds
[2019-12-09T04:06:50.241+0000][1][safepoint    ] Entering safepoint region: Cleanup
[2019-12-09T04:06:50.241+0000][1][safepoint    ] Leaving safepoint region
[2019-12-09T04:06:50.241+0000][1][safepoint    ] Total time for which application threads were stopped: 0.0001117 seconds, Stopping threads took: 0.0000200 seconds
[2019-12-09T04:06:51.241+0000][1][safepoint    ] Application time: 1.0000761 seconds
[2019-12-09T04:06:51.241+0000][1][safepoint    ] Entering safepoint region: Cleanup
[2019-12-09T04:06:51.241+0000][1][safepoint    ] Leaving safepoint region
[2019-12-09T04:06:51.241+0000][1][safepoint    ] Total time for which application threads were stopped: 0.0000969 seconds, Stopping threads took: 0.0000200 seconds
[2019-12-09T04:06:52.241+0000][1][safepoint    ] Application time: 1.0000774 seconds
[2019-12-09T04:06:52.241+0000][1][safepoint    ] Entering safepoint region: Cleanup
[2019-12-09T04:06:52.241+0000][1][safepoint    ] Leaving safepoint region
[2019-12-09T04:06:52.241+0000][1][safepoint    ] Total time for which application threads were stopped: 0.0001070 seconds, Stopping threads took: 0.0000197 seconds
[2019-12-09T04:06:53.241+0000][1][safepoint    ] Application time: 1.0000771 seconds
[2019-12-09T04:06:53.241+0000][1][safepoint    ] Entering safepoint region: Cleanup
[2019-12-09T04:06:53.241+0000][1][safepoint    ] Leaving safepoint region
[2019-12-09T04:06:53.241+0000][1][safepoint    ] Total time for which application threads were stopped: 0.0000973 seconds, Stopping threads took: 0.0000202 seconds
[2019-12-09T04:06:54.241+0000][1][safepoint    ] Application time: 1.0000765 seconds
[2019-12-09T04:06:54.241+0000][1][safepoint    ] Entering safepoint region: Cleanup
[2019-12-09T04:06:54.242+0000][1][safepoint    ] Leaving safepoint region
[2019-12-09T04:06:54.242+0000][1][safepoint    ] Total time for which application threads were stopped: 0.0000977 seconds, Stopping threads took: 0.0000205 seconds
[2019-12-09T04:06:55.242+0000][1][safepoint    ] Application time: 1.0000761 seconds
[2019-12-09T04:06:55.242+0000][1][safepoint    ] Entering safepoint region: Cleanup
[2019-12-09T04:06:55.242+0000][1][safepoint    ] Leaving safepoint region
[2019-12-09T04:06:55.242+0000][1][safepoint    ] Total time for which application threads were stopped: 0.0001082 seconds, Stopping threads took: 0.0000208 seconds
[2019-12-09T04:06:56.242+0000][1][safepoint    ] Application time: 1.0000751 seconds
[2019-12-09T04:06:56.242+0000][1][safepoint    ] Entering safepoint region: Cleanup
[2019-12-09T04:06:56.242+0000][1][safepoint    ] Leaving safepoint region
[2019-12-09T04:06:56.242+0000][1][safepoint    ] Total time for which application threads were stopped: 0.0001058 seconds, Stopping threads took: 0.0000234 seconds
[2019-12-09T04:06:57.242+0000][1][safepoint    ] Application time: 1.0000754 seconds
[2019-12-09T04:06:57.242+0000][1][safepoint    ] Entering safepoint region: Cleanup
[2019-12-09T04:06:57.242+0000][1][safepoint    ] Leaving safepoint region
[2019-12-09T04:06:57.242+0000][1][safepoint    ] Total time for which application threads were stopped: 0.0001017 seconds, Stopping threads took: 0.0000195 seconds
[2019-12-09T04:06:58.242+0000][1][safepoint    ] Application time: 1.0000758 seconds
[2019-12-09T04:06:58.242+0000][1][safepoint    ] Entering safepoint region: Cleanup
[2019-12-09T04:06:58.242+0000][1][safepoint    ] Leaving safepoint region
[2019-12-09T04:06:58.242+0000][1][safepoint    ] Total time for which application threads were stopped: 0.0000980 seconds, Stopping threads took: 0.0000203 seconds
[2019-12-09T04:06:59.242+0000][1][safepoint    ] Application time: 1.0000747 seconds
[2019-12-09T04:06:59.243+0000][1][safepoint    ] Entering safepoint region: Cleanup
[2019-12-09T04:06:59.243+0000][1][safepoint    ] Leaving safepoint region
[2019-12-09T04:06:59.243+0000][1][safepoint    ] Total time for which application threads were stopped: 0.0000979 seconds, Stopping threads took: 0.0000201 seconds
[2019-12-09T04:07:00.243+0000][1][safepoint    ] Application time: 1.0000767 seconds
[2019-12-09T04:07:00.243+0000][1][safepoint    ] Entering safepoint region: Cleanup
[2019-12-09T04:07:00.243+0000][1][safepoint    ] Leaving safepoint region
[2019-12-09T04:07:00.243+0000][1][safepoint    ] Total time for which application threads were stopped: 0.0000984 seconds, Stopping threads took: 0.0000194 seconds
[2019-12-09T04:07:01.243+0000][1][safepoint    ] Application time: 1.0000774 seconds
[2019-12-09T04:07:01.243+0000][1][safepoint    ] Entering safepoint region: Cleanup
[2019-12-09T04:07:01.243+0000][1][safepoint    ] Leaving safepoint region
[2019-12-09T04:07:01.243+0000][1][safepoint    ] Total time for which application threads were stopped: 0.0001045 seconds, Stopping threads took: 0.0000235 seconds
[2019-12-09T04:07:02.243+0000][1][safepoint    ] Application time: 1.0000755 seconds
[2019-12-09T04:07:02.243+0000][1][safepoint    ] Entering safepoint region: Cleanup
[2019-12-09T04:07:02.243+0000][1][safepoint    ] Leaving safepoint region
[2019-12-09T04:07:02.243+0000][1][safepoint    ] Total time for which application threads were stopped: 0.0000995 seconds, Stopping threads took: 0.0000208 seconds
[2019-12-09T04:07:03.243+0000][1][safepoint    ] Application time: 1.0000758 seconds
[2019-12-09T04:07:03.243+0000][1][safepoint    ] Entering safepoint region: Cleanup
[2019-12-09T04:07:03.243+0000][1][safepoint    ] Leaving safepoint region
[2019-12-09T04:07:03.243+0000][1][safepoint    ] Total time for which application threads were stopped: 0.0001020 seconds, Stopping threads took: 0.0000192 seconds
[2019-12-09T04:07:04.244+0000][1][safepoint    ] Application time: 1.0000755 seconds
[2019-12-09T04:07:04.244+0000][1][safepoint    ] Entering safepoint region: Cleanup
[2019-12-09T04:07:04.244+0000][1][safepoint    ] Leaving safepoint region
[2019-12-09T04:07:04.244+0000][1][safepoint    ] Total time for which application threads were stopped: 0.0001142 seconds, Stopping threads took: 0.0000206 seconds
[2019-12-09T04:07:05.244+0000][1][safepoint    ] Application time: 1.0000771 seconds
[2019-12-09T04:07:05.244+0000][1][safepoint    ] Entering safepoint region: Cleanup
[2019-12-09T04:07:05.244+0000][1][safepoint    ] Leaving safepoint region
[2019-12-09T04:07:05.244+0000][1][safepoint    ] Total time for which application threads were stopped: 0.0001017 seconds, Stopping threads took: 0.0000219 seconds
[2019-12-09T04:07:06.244+0000][1][safepoint    ] Application time: 1.0000772 seconds
[2019-12-09T04:07:06.244+0000][1][safepoint    ] Entering safepoint region: Cleanup
[2019-12-09T04:07:06.244+0000][1][safepoint    ] Leaving safepoint region
[2019-12-09T04:07:06.244+0000][1][safepoint    ] Total time for which application threads were stopped: 0.0000999 seconds, Stopping threads took: 0.0000206 seconds
[2019-12-09T04:07:07.244+0000][1][safepoint    ] Application time: 1.0000802 seconds
[2019-12-09T04:07:07.244+0000][1][safepoint    ] Entering safepoint region: Cleanup
[2019-12-09T04:07:07.244+0000][1][safepoint    ] Leaving safepoint region
[2019-12-09T04:07:07.244+0000][1][safepoint    ] Total time for which application threads were stopped: 0.0001002 seconds, Stopping threads took: 0.0000196 seconds
[2019-12-09T04:07:08.245+0000][1][safepoint    ] Application time: 1.0000783 seconds
[2019-12-09T04:07:08.245+0000][1][safepoint    ] Entering safepoint region: Cleanup
[2019-12-09T04:07:08.245+0000][1][safepoint    ] Leaving safepoint region
[2019-12-09T04:07:08.245+0000][1][safepoint    ] Total time for which application threads were stopped: 0.0000971 seconds, Stopping threads took: 0.0000197 seconds
[2019-12-09T04:07:09.245+0000][1][safepoint    ] Application time: 1.0000773 seconds
[2019-12-09T04:07:09.245+0000][1][safepoint    ] Entering safepoint region: Cleanup
[2019-12-09T04:07:09.245+0000][1][safepoint    ] Leaving safepoint region
[2019-12-09T04:07:09.245+0000][1][safepoint    ] Total time for which application threads were stopped: 0.0001057 seconds, Stopping threads took: 0.0000208 seconds
[2019-12-09T04:07:10.245+0000][1][safepoint    ] Application time: 1.0000784 seconds
[2019-12-09T04:07:10.245+0000][1][safepoint    ] Entering safepoint region: Cleanup
[2019-12-09T04:07:10.245+0000][1][safepoint    ] Leaving safepoint region
[2019-12-09T04:07:10.245+0000][1][safepoint    ] Total time for which application threads were stopped: 0.0001001 seconds, Stopping threads took: 0.0000200 seconds
[2019-12-09T04:07:11.245+0000][1][safepoint    ] Application time: 1.0000803 seconds
[2019-12-09T04:07:11.245+0000][1][safepoint    ] Entering safepoint region: Cleanup
[2019-12-09T04:07:11.245+0000][1][safepoint    ] Leaving safepoint region
[2019-12-09T04:07:11.245+0000][1][safepoint    ] Total time for which application threads were stopped: 0.0001031 seconds, Stopping threads took: 0.0000267 seconds
[2019-12-09T04:07:12.245+0000][1][safepoint    ] Application time: 1.0000772 seconds
[2019-12-09T04:07:12.245+0000][1][safepoint    ] Entering safepoint region: Cleanup
[2019-12-09T04:07:12.246+0000][1][safepoint    ] Leaving safepoint region
[2019-12-09T04:07:12.246+0000][1][safepoint    ] Total time for which application threads were stopped: 0.0001010 seconds, Stopping threads took: 0.0000190 seconds
[2019-12-09T04:07:13.246+0000][1][safepoint    ] Application time: 1.0000770 seconds
[2019-12-09T04:07:13.246+0000][1][safepoint    ] Entering safepoint region: Cleanup
[2019-12-09T04:07:13.246+0000][1][safepoint    ] Leaving safepoint region
[2019-12-09T04:07:13.246+0000][1][safepoint    ] Total time for which application threads were stopped: 0.0001080 seconds, Stopping threads took: 0.0000190 seconds
[2019-12-09T04:07:14.246+0000][1][safepoint    ] Application time: 1.0000758 seconds
[2019-12-09T04:07:14.246+0000][1][safepoint    ] Entering safepoint region: Cleanup
[2019-12-09T04:07:14.246+0000][1][safepoint    ] Leaving safepoint region
[2019-12-09T04:07:14.246+0000][1][safepoint    ] Total time for which application threads were stopped: 0.0000997 seconds, Stopping threads took: 0.0000200 seconds
[2019-12-09T04:07:15.246+0000][1][safepoint    ] Application time: 1.0000781 seconds
[2019-12-09T04:07:15.246+0000][1][safepoint    ] Entering safepoint region: Cleanup
[2019-12-09T04:07:15.246+0000][1][safepoint    ] Leaving safepoint region
[2019-12-09T04:07:15.246+0000][1][safepoint    ] Total time for which application threads were stopped: 0.0000969 seconds, Stopping threads took: 0.0000204 seconds
[2019-12-09T04:07:16.246+0000][1][safepoint    ] Application time: 1.0000765 seconds
[2019-12-09T04:07:16.246+0000][1][safepoint    ] Entering safepoint region: Cleanup
[2019-12-09T04:07:16.246+0000][1][safepoint    ] Leaving safepoint region
[2019-12-09T04:07:16.246+0000][1][safepoint    ] Total time for which application threads were stopped: 0.0000995 seconds, Stopping threads took: 0.0000203 seconds
[2019-12-09T04:07:17.247+0000][1][safepoint    ] Application time: 1.0000774 seconds
[2019-12-09T04:07:17.247+0000][1][safepoint    ] Entering safepoint region: Cleanup
[2019-12-09T04:07:17.247+0000][1][safepoint    ] Leaving safepoint region
[2019-12-09T04:07:17.247+0000][1][safepoint    ] Total time for which application threads were stopped: 0.0001020 seconds, Stopping threads took: 0.0000251 seconds
[2019-12-09T04:07:18.247+0000][1][safepoint    ] Application time: 1.0000768 seconds
[2019-12-09T04:07:18.247+0000][1][safepoint    ] Entering safepoint region: Cleanup
[2019-12-09T04:07:18.247+0000][1][safepoint    ] Leaving safepoint region
[2019-12-09T04:07:18.247+0000][1][safepoint    ] Total time for which application threads were stopped: 0.0001024 seconds, Stopping threads took: 0.0000207 seconds
[2019-12-09T04:07:19.247+0000][1][safepoint    ] Application time: 1.0000758 seconds
[2019-12-09T04:07:19.247+0000][1][safepoint    ] Entering safepoint region: Cleanup
[2019-12-09T04:07:19.247+0000][1][safepoint    ] Leaving safepoint region
[2019-12-09T04:07:19.247+0000][1][safepoint    ] Total time for which application threads were stopped: 0.0001010 seconds, Stopping threads took: 0.0000220 seconds
[2019-12-09T04:07:20.247+0000][1][safepoint    ] Application time: 1.0000786 seconds
[2019-12-09T04:07:20.247+0000][1][safepoint    ] Entering safepoint region: Cleanup
[2019-12-09T04:07:20.247+0000][1][safepoint    ] Leaving safepoint region
[2019-12-09T04:07:20.247+0000][1][safepoint    ] Total time for which application threads were stopped: 0.0000965 seconds, Stopping threads took: 0.0000196 seconds
[2019-12-09T04:07:21.247+0000][1][safepoint    ] Application time: 1.0000763 seconds
[2019-12-09T04:07:21.247+0000][1][safepoint    ] Entering safepoint region: Cleanup
[2019-12-09T04:07:21.248+0000][1][safepoint    ] Leaving safepoint region
[2019-12-09T04:07:21.248+0000][1][safepoint    ] Total time for which application threads were stopped: 0.0000961 seconds, Stopping threads took: 0.0000187 seconds
[2019-12-09T04:07:22.248+0000][1][safepoint    ] Application time: 1.0000757 seconds
[2019-12-09T04:07:22.248+0000][1][safepoint    ] Entering safepoint region: Cleanup
[2019-12-09T04:07:22.248+0000][1][safepoint    ] Leaving safepoint region
[2019-12-09T04:07:22.248+0000][1][safepoint    ] Total time for which application threads were stopped: 0.0001101 seconds, Stopping threads took: 0.0000204 seconds
[2019-12-09T04:07:23.248+0000][1][safepoint    ] Application time: 1.0000759 seconds
[2019-12-09T04:07:23.248+0000][1][safepoint    ] Entering safepoint region: Cleanup
[2019-12-09T04:07:23.248+0000][1][safepoint    ] Leaving safepoint region
[2019-12-09T04:07:23.248+0000][1][safepoint    ] Total time for which application threads were stopped: 0.0000996 seconds, Stopping threads took: 0.0000205 seconds
[2019-12-09T04:07:24.248+0000][1][safepoint    ] Application time: 1.0000762 seconds
[2019-12-09T04:07:24.248+0000][1][safepoint    ] Entering safepoint region: Cleanup
[2019-12-09T04:07:24.248+0000][1][safepoint    ] Leaving safepoint region
[2019-12-09T04:07:24.248+0000][1][safepoint    ] Total time for which application threads were stopped: 0.0000995 seconds, Stopping threads took: 0.0000207 seconds
[2019-12-09T04:07:25.248+0000][1][safepoint    ] Application time: 1.0000767 seconds
[2019-12-09T04:07:25.248+0000][1][safepoint    ] Entering safepoint region: Cleanup
[2019-12-09T04:07:25.248+0000][1][safepoint    ] Leaving safepoint region
[2019-12-09T04:07:25.248+0000][1][safepoint    ] Total time for which application threads were stopped: 0.0000994 seconds, Stopping threads took: 0.0000212 seconds
[2019-12-09T04:07:26.248+0000][1][safepoint    ] Application time: 1.0000757 seconds
[2019-12-09T04:07:26.249+0000][1][safepoint    ] Entering safepoint region: Cleanup
[2019-12-09T04:07:26.249+0000][1][safepoint    ] Leaving safepoint region
[2019-12-09T04:07:26.249+0000][1][safepoint    ] Total time for which application threads were stopped: 0.0001003 seconds, Stopping threads took: 0.0000213 seconds
[2019-12-09T04:07:27.250+0000][1][safepoint    ] Application time: 1.0011284 seconds
[2019-12-09T04:07:27.250+0000][1][safepoint    ] Entering safepoint region: Cleanup
[2019-12-09T04:07:27.250+0000][1][safepoint    ] Leaving safepoint region
[2019-12-09T04:07:27.250+0000][1][safepoint    ] Total time for which application threads were stopped: 0.0001478 seconds, Stopping threads took: 0.0000360 seconds
[2019-12-09T04:07:28.250+0000][1][safepoint    ] Application time: 1.0000857 seconds
[2019-12-09T04:07:28.250+0000][1][safepoint    ] Entering safepoint region: Cleanup
[2019-12-09T04:07:28.250+0000][1][safepoint    ] Leaving safepoint region
[2019-12-09T04:07:28.250+0000][1][safepoint    ] Total time for which application threads were stopped: 0.0001264 seconds, Stopping threads took: 0.0000275 seconds
[2019-12-09T04:07:29.250+0000][1][safepoint    ] Application time: 1.0000752 seconds
[2019-12-09T04:07:29.250+0000][1][safepoint    ] Entering safepoint region: Cleanup
[2019-12-09T04:07:29.250+0000][1][safepoint    ] Leaving safepoint region
[2019-12-09T04:07:29.250+0000][1][safepoint    ] Total time for which application threads were stopped: 0.0001001 seconds, Stopping threads took: 0.0000209 seconds
[2019-12-09T04:07:30.251+0000][1][safepoint    ] Application time: 1.0000760 seconds
[2019-12-09T04:07:30.251+0000][1][safepoint    ] Entering safepoint region: Cleanup
[2019-12-09T04:07:30.251+0000][1][safepoint    ] Leaving safepoint region
[2019-12-09T04:07:30.251+0000][1][safepoint    ] Total time for which application threads were stopped: 0.0000939 seconds, Stopping threads took: 0.0000177 seconds
[2019-12-09T04:07:31.251+0000][1][safepoint    ] Application time: 1.0000561 seconds
[2019-12-09T04:07:31.251+0000][1][safepoint    ] Entering safepoint region: Cleanup
[2019-12-09T04:07:31.251+0000][1][safepoint    ] Leaving safepoint region
[2019-12-09T04:07:31.251+0000][1][safepoint    ] Total time for which application threads were stopped: 0.0001304 seconds, Stopping threads took: 0.0000268 seconds
[2019-12-09T04:07:32.251+0000][1][safepoint    ] Application time: 1.0000772 seconds
[2019-12-09T04:07:32.251+0000][1][safepoint    ] Entering safepoint region: Cleanup
[2019-12-09T04:07:32.251+0000][1][safepoint    ] Leaving safepoint region
[2019-12-09T04:07:32.251+0000][1][safepoint    ] Total time for which application threads were stopped: 0.0000970 seconds, Stopping threads took: 0.0000186 seconds
[2019-12-09T04:07:33.251+0000][1][safepoint    ] Application time: 1.0000758 seconds
[2019-12-09T04:07:33.251+0000][1][safepoint    ] Entering safepoint region: Cleanup
[2019-12-09T04:07:33.251+0000][1][safepoint    ] Leaving safepoint region
[2019-12-09T04:07:33.251+0000][1][safepoint    ] Total time for which application threads were stopped: 0.0000951 seconds, Stopping threads took: 0.0000184 seconds
[2019-12-09T04:07:34.251+0000][1][safepoint    ] Application time: 1.0000742 seconds
[2019-12-09T04:07:34.251+0000][1][safepoint    ] Entering safepoint region: Cleanup
[2019-12-09T04:07:34.252+0000][1][safepoint    ] Leaving safepoint region
[2019-12-09T04:07:34.252+0000][1][safepoint    ] Total time for which application threads were stopped: 0.0001042 seconds, Stopping threads took: 0.0000256 seconds
[2019-12-09T04:07:35.252+0000][1][safepoint    ] Application time: 1.0000764 seconds
[2019-12-09T04:07:35.252+0000][1][safepoint    ] Entering safepoint region: Cleanup
[2019-12-09T04:07:35.252+0000][1][safepoint    ] Leaving safepoint region
[2019-12-09T04:07:35.252+0000][1][safepoint    ] Total time for which application threads were stopped: 0.0001054 seconds, Stopping threads took: 0.0000291 seconds
[2019-12-09T04:07:36.252+0000][1][safepoint    ] Application time: 1.0000758 seconds
[2019-12-09T04:07:36.252+0000][1][safepoint    ] Entering safepoint region: Cleanup
[2019-12-09T04:07:36.252+0000][1][safepoint    ] Leaving safepoint region
[2019-12-09T04:07:36.252+0000][1][safepoint    ] Total time for which application threads were stopped: 0.0000989 seconds, Stopping threads took: 0.0000211 seconds
[2019-12-09T04:07:37.253+0000][1][safepoint    ] Application time: 1.0008069 seconds
[2019-12-09T04:07:37.253+0000][1][safepoint    ] Entering safepoint region: Cleanup
[2019-12-09T04:07:37.253+0000][1][safepoint    ] Leaving safepoint region
[2019-12-09T04:07:37.253+0000][1][safepoint    ] Total time for which application threads were stopped: 0.0001535 seconds, Stopping threads took: 0.0000373 seconds
[2019-12-09T04:07:38.253+0000][1][safepoint    ] Application time: 1.0000770 seconds
[2019-12-09T04:07:38.253+0000][1][safepoint    ] Entering safepoint region: Cleanup
[2019-12-09T04:07:38.253+0000][1][safepoint    ] Leaving safepoint region
[2019-12-09T04:07:38.253+0000][1][safepoint    ] Total time for which application threads were stopped: 0.0000987 seconds, Stopping threads took: 0.0000188 seconds
[2019-12-09T04:07:39.253+0000][1][safepoint    ] Application time: 1.0000759 seconds
[2019-12-09T04:07:39.253+0000][1][safepoint    ] Entering safepoint region: Cleanup
[2019-12-09T04:07:39.253+0000][1][safepoint    ] Leaving safepoint region
[2019-12-09T04:07:39.253+0000][1][safepoint    ] Total time for which application threads were stopped: 0.0000984 seconds, Stopping threads took: 0.0000196 seconds
[2019-12-09T04:07:40.254+0000][1][safepoint    ] Application time: 1.0000760 seconds
[2019-12-09T04:07:40.254+0000][1][safepoint    ] Entering safepoint region: Cleanup
[2019-12-09T04:07:40.254+0000][1][safepoint    ] Leaving safepoint region
[2019-12-09T04:07:40.254+0000][1][safepoint    ] Total time for which application threads were stopped: 0.0000958 seconds, Stopping threads took: 0.0000180 seconds
[2019-12-09T04:07:41.254+0000][1][safepoint    ] Application time: 1.0000779 seconds
[2019-12-09T04:07:41.254+0000][1][safepoint    ] Entering safepoint region: Cleanup
[2019-12-09T04:07:41.254+0000][1][safepoint    ] Leaving safepoint region
[2019-12-09T04:07:41.254+0000][1][safepoint    ] Total time for which application threads were stopped: 0.0000987 seconds, Stopping threads took: 0.0000199 seconds
[2019-12-09T04:07:42.254+0000][1][safepoint    ] Application time: 1.0000763 seconds
[2019-12-09T04:07:42.254+0000][1][safepoint    ] Entering safepoint region: Cleanup
[2019-12-09T04:07:42.254+0000][1][safepoint    ] Leaving safepoint region
[2019-12-09T04:07:42.254+0000][1][safepoint    ] Total time for which application threads were stopped: 0.0000994 seconds, Stopping threads took: 0.0000202 seconds
[2019-12-09T04:07:43.254+0000][1][safepoint    ] Application time: 1.0000751 seconds
[2019-12-09T04:07:43.254+0000][1][safepoint    ] Entering safepoint region: Cleanup
[2019-12-09T04:07:43.254+0000][1][safepoint    ] Leaving safepoint region
[2019-12-09T04:07:43.254+0000][1][safepoint    ] Total time for which application threads were stopped: 0.0001050 seconds, Stopping threads took: 0.0000212 seconds
[2019-12-09T04:07:44.254+0000][1][safepoint    ] Application time: 1.0000760 seconds
[2019-12-09T04:07:44.254+0000][1][safepoint    ] Entering safepoint region: Cleanup
[2019-12-09T04:07:44.255+0000][1][safepoint    ] Leaving safepoint region
[2019-12-09T04:07:44.255+0000][1][safepoint    ] Total time for which application threads were stopped: 0.0001095 seconds, Stopping threads took: 0.0000281 seconds
[2019-12-09T04:07:45.255+0000][1][safepoint    ] Application time: 1.0000777 seconds
[2019-12-09T04:07:45.255+0000][1][safepoint    ] Entering safepoint region: Cleanup
[2019-12-09T04:07:45.255+0000][1][safepoint    ] Leaving safepoint region
[2019-12-09T04:07:45.255+0000][1][safepoint    ] Total time for which application threads were stopped: 0.0001173 seconds, Stopping threads took: 0.0000311 seconds
[2019-12-09T04:07:46.255+0000][1][safepoint    ] Application time: 1.0000768 seconds
[2019-12-09T04:07:46.255+0000][1][safepoint    ] Entering safepoint region: Cleanup
[2019-12-09T04:07:46.255+0000][1][safepoint    ] Leaving safepoint region
[2019-12-09T04:07:46.255+0000][1][safepoint    ] Total time for which application threads were stopped: 0.0000960 seconds, Stopping threads took: 0.0000186 seconds
[2019-12-09T04:07:47.256+0000][1][safepoint    ] Application time: 1.0013831 seconds
[2019-12-09T04:07:47.256+0000][1][safepoint    ] Entering safepoint region: Cleanup
[2019-12-09T04:07:47.257+0000][1][safepoint    ] Leaving safepoint region
[2019-12-09T04:07:47.257+0000][1][safepoint    ] Total time for which application threads were stopped: 0.0001500 seconds, Stopping threads took: 0.0000374 seconds
[2019-12-09T04:07:48.257+0000][1][safepoint    ] Application time: 1.0000865 seconds
[2019-12-09T04:07:48.257+0000][1][safepoint    ] Entering safepoint region: Cleanup
[2019-12-09T04:07:48.257+0000][1][safepoint    ] Leaving safepoint region
[2019-12-09T04:07:48.257+0000][1][safepoint    ] Total time for which application threads were stopped: 0.0000992 seconds, Stopping threads took: 0.0000193 seconds
[2019-12-09T04:07:49.257+0000][1][safepoint    ] Application time: 1.0000739 seconds
[2019-12-09T04:07:49.257+0000][1][safepoint    ] Entering safepoint region: Cleanup
[2019-12-09T04:07:49.257+0000][1][safepoint    ] Leaving safepoint region
[2019-12-09T04:07:49.257+0000][1][safepoint    ] Total time for which application threads were stopped: 0.0000987 seconds, Stopping threads took: 0.0000199 seconds
[2019-12-09T04:07:50.257+0000][1][safepoint    ] Application time: 1.0000756 seconds
[2019-12-09T04:07:50.257+0000][1][safepoint    ] Entering safepoint region: Cleanup
[2019-12-09T04:07:50.257+0000][1][safepoint    ] Leaving safepoint region
[2019-12-09T04:07:50.257+0000][1][safepoint    ] Total time for which application threads were stopped: 0.0001013 seconds, Stopping threads took: 0.0000207 seconds
[2019-12-09T04:07:51.258+0000][1][safepoint    ] Application time: 1.0006138 seconds
[2019-12-09T04:07:51.258+0000][1][safepoint    ] Entering safepoint region: Cleanup
[2019-12-09T04:07:51.258+0000][1][safepoint    ] Leaving safepoint region
[2019-12-09T04:07:51.258+0000][1][safepoint    ] Total time for which application threads were stopped: 0.0002177 seconds, Stopping threads took: 0.0000876 seconds
[2019-12-09T04:07:52.258+0000][1][safepoint    ] Application time: 1.0000817 seconds
[2019-12-09T04:07:52.258+0000][1][safepoint    ] Entering safepoint region: Cleanup
[2019-12-09T04:07:52.258+0000][1][safepoint    ] Leaving safepoint region
[2019-12-09T04:07:52.258+0000][1][safepoint    ] Total time for which application threads were stopped: 0.0001018 seconds, Stopping threads took: 0.0000207 seconds
[2019-12-09T04:07:53.258+0000][1][safepoint    ] Application time: 1.0000763 seconds
[2019-12-09T04:07:53.259+0000][1][safepoint    ] Entering safepoint region: Cleanup
[2019-12-09T04:07:53.259+0000][1][safepoint    ] Leaving safepoint region
[2019-12-09T04:07:53.259+0000][1][safepoint    ] Total time for which application threads were stopped: 0.0001003 seconds, Stopping threads took: 0.0000194 seconds
[2019-12-09T04:07:53.582+0000][1][safepoint    ] Application time: 0.3230398 seconds
[2019-12-09T04:07:53.582+0000][1][safepoint    ] Entering safepoint region: GenCollectForAllocation
[2019-12-09T04:07:53.582+0000][1][gc,start     ] GC(38) Pause Young (Allocation Failure)
[2019-12-09T04:07:53.582+0000][1][gc,task      ] GC(38) Using 2 workers of 2 for evacuation
[2019-12-09T04:07:53.584+0000][1][gc,age       ] GC(38) Desired survivor size 4456448 bytes, new threshold 6 (max threshold 6)
[2019-12-09T04:07:53.584+0000][1][gc,age       ] GC(38) Age table with threshold 6 (max threshold 6)
[2019-12-09T04:07:53.584+0000][1][gc,age       ] GC(38) - age   1:       8328 bytes,       8328 total
[2019-12-09T04:07:53.584+0000][1][gc,age       ] GC(38) - age   2:        608 bytes,       8936 total
[2019-12-09T04:07:53.584+0000][1][gc,age       ] GC(38) - age   3:       2848 bytes,      11784 total
[2019-12-09T04:07:53.584+0000][1][gc,age       ] GC(38) - age   4:       2384 bytes,      14168 total
[2019-12-09T04:07:53.584+0000][1][gc,age       ] GC(38) - age   5:       3672 bytes,      17840 total
[2019-12-09T04:07:53.584+0000][1][gc,age       ] GC(38) - age   6:      76016 bytes,      93856 total
[2019-12-09T04:07:53.584+0000][1][gc,heap      ] GC(38) ParNew: 70189K->107K(78656K)
[2019-12-09T04:07:53.584+0000][1][gc,heap      ] GC(38) CMS: 75713K->75785K(174784K)
[2019-12-09T04:07:53.584+0000][1][gc,metaspace ] GC(38) Metaspace: 79698K->79698K(1122304K)
[2019-12-09T04:07:53.584+0000][1][gc           ] GC(38) Pause Young (Allocation Failure) 142M->74M(247M) 2.430ms
[2019-12-09T04:07:53.584+0000][1][gc,cpu       ] GC(38) User=0.01s Sys=0.00s Real=0.00s
[2019-12-09T04:07:53.584+0000][1][safepoint    ] Leaving safepoint region
[2019-12-09T04:07:53.584+0000][1][safepoint    ] Total time for which application threads were stopped: 0.0026146 seconds, Stopping threads took: 0.0000399 seconds
[2019-12-09T04:07:54.584+0000][1][safepoint    ] Application time: 1.0000855 seconds
[2019-12-09T04:07:54.584+0000][1][safepoint    ] Entering safepoint region: Cleanup
[2019-12-09T04:07:54.584+0000][1][safepoint    ] Leaving safepoint region
[2019-12-09T04:07:54.584+0000][1][safepoint    ] Total time for which application threads were stopped: 0.0000902 seconds, Stopping threads took: 0.0000178 seconds
[2019-12-09T04:07:55.585+0000][1][safepoint    ] Application time: 1.0000746 seconds
[2019-12-09T04:07:55.585+0000][1][safepoint    ] Entering safepoint region: Cleanup
[2019-12-09T04:07:55.585+0000][1][safepoint    ] Leaving safepoint region
[2019-12-09T04:07:55.585+0000][1][safepoint    ] Total time for which application threads were stopped: 0.0000915 seconds, Stopping threads took: 0.0000191 seconds
[2019-12-09T04:07:56.585+0000][1][safepoint    ] Application time: 1.0000744 seconds
[2019-12-09T04:07:56.585+0000][1][safepoint    ] Entering safepoint region: Cleanup
[2019-12-09T04:07:56.585+0000][1][safepoint    ] Leaving safepoint region
[2019-12-09T04:07:56.585+0000][1][safepoint    ] Total time for which application threads were stopped: 0.0000922 seconds, Stopping threads took: 0.0000185 seconds
[2019-12-09T04:07:57.585+0000][1][safepoint    ] Application time: 1.0000740 seconds
[2019-12-09T04:07:57.585+0000][1][safepoint    ] Entering safepoint region: Cleanup
[2019-12-09T04:07:57.585+0000][1][safepoint    ] Leaving safepoint region
[2019-12-09T04:07:57.585+0000][1][safepoint    ] Total time for which application threads were stopped: 0.0000920 seconds, Stopping threads took: 0.0000184 seconds
[2019-12-09T04:07:58.585+0000][1][safepoint    ] Application time: 1.0000762 seconds
[2019-12-09T04:07:58.585+0000][1][safepoint    ] Entering safepoint region: Cleanup
[2019-12-09T04:07:58.585+0000][1][safepoint    ] Leaving safepoint region
[2019-12-09T04:07:58.585+0000][1][safepoint    ] Total time for which application threads were stopped: 0.0000945 seconds, Stopping threads took: 0.0000203 seconds
[2019-12-09T04:07:59.585+0000][1][safepoint    ] Application time: 1.0000752 seconds
[2019-12-09T04:07:59.585+0000][1][safepoint    ] Entering safepoint region: Cleanup
[2019-12-09T04:07:59.585+0000][1][safepoint    ] Leaving safepoint region
[2019-12-09T04:07:59.585+0000][1][safepoint    ] Total time for which application threads were stopped: 0.0000916 seconds, Stopping threads took: 0.0000184 seconds
[2019-12-09T04:08:00.586+0000][1][safepoint    ] Application time: 1.0000753 seconds
[2019-12-09T04:08:00.586+0000][1][safepoint    ] Entering safepoint region: Cleanup
[2019-12-09T04:08:00.586+0000][1][safepoint    ] Leaving safepoint region
[2019-12-09T04:08:00.586+0000][1][safepoint    ] Total time for which application threads were stopped: 0.0000910 seconds, Stopping threads took: 0.0000177 seconds
[2019-12-09T04:08:01.586+0000][1][safepoint    ] Application time: 1.0000750 seconds
[2019-12-09T04:08:01.586+0000][1][safepoint    ] Entering safepoint region: Cleanup
[2019-12-09T04:08:01.586+0000][1][safepoint    ] Leaving safepoint region
[2019-12-09T04:08:01.586+0000][1][safepoint    ] Total time for which application threads were stopped: 0.0001004 seconds, Stopping threads took: 0.0000237 seconds
[2019-12-09T04:08:02.586+0000][1][safepoint    ] Application time: 1.0000776 seconds
[2019-12-09T04:08:02.586+0000][1][safepoint    ] Entering safepoint region: Cleanup
[2019-12-09T04:08:02.586+0000][1][safepoint    ] Leaving safepoint region
[2019-12-09T04:08:02.586+0000][1][safepoint    ] Total time for which application threads were stopped: 0.0000929 seconds, Stopping threads took: 0.0000183 seconds
[2019-12-09T04:08:03.586+0000][1][safepoint    ] Application time: 1.0000729 seconds
[2019-12-09T04:08:03.586+0000][1][safepoint    ] Entering safepoint region: Cleanup
[2019-12-09T04:08:03.586+0000][1][safepoint    ] Leaving safepoint region
[2019-12-09T04:08:03.586+0000][1][safepoint    ] Total time for which application threads were stopped: 0.0001103 seconds, Stopping threads took: 0.0000181 seconds
[2019-12-09T04:08:04.586+0000][1][safepoint    ] Application time: 1.0000759 seconds
[2019-12-09T04:08:04.586+0000][1][safepoint    ] Entering safepoint region: Cleanup
[2019-12-09T04:08:04.586+0000][1][safepoint    ] Leaving safepoint region
[2019-12-09T04:08:04.586+0000][1][safepoint    ] Total time for which application threads were stopped: 0.0000905 seconds, Stopping threads took: 0.0000180 seconds
[2019-12-09T04:08:05.587+0000][1][safepoint    ] Application time: 1.0000752 seconds
[2019-12-09T04:08:05.587+0000][1][safepoint    ] Entering safepoint region: Cleanup
[2019-12-09T04:08:05.587+0000][1][safepoint    ] Leaving safepoint region
[2019-12-09T04:08:05.587+0000][1][safepoint    ] Total time for which application threads were stopped: 0.0000909 seconds, Stopping threads took: 0.0000185 seconds
[2019-12-09T04:08:06.587+0000][1][safepoint    ] Application time: 1.0000749 seconds
[2019-12-09T04:08:06.587+0000][1][safepoint    ] Entering safepoint region: Cleanup
[2019-12-09T04:08:06.587+0000][1][safepoint    ] Leaving safepoint region
[2019-12-09T04:08:06.587+0000][1][safepoint    ] Total time for which application threads were stopped: 0.0000929 seconds, Stopping threads took: 0.0000179 seconds
[2019-12-09T04:08:07.587+0000][1][safepoint    ] Application time: 1.0000764 seconds
[2019-12-09T04:08:07.587+0000][1][safepoint    ] Entering safepoint region: Cleanup
[2019-12-09T04:08:07.587+0000][1][safepoint    ] Leaving safepoint region
[2019-12-09T04:08:07.587+0000][1][safepoint    ] Total time for which application threads were stopped: 0.0000924 seconds, Stopping threads took: 0.0000184 seconds
[2019-12-09T04:08:08.587+0000][1][safepoint    ] Application time: 1.0000765 seconds
[2019-12-09T04:08:08.587+0000][1][safepoint    ] Entering safepoint region: Cleanup
[2019-12-09T04:08:08.587+0000][1][safepoint    ] Leaving safepoint region
[2019-12-09T04:08:08.587+0000][1][safepoint    ] Total time for which application threads were stopped: 0.0000924 seconds, Stopping threads took: 0.0000179 seconds
[2019-12-09T04:08:09.587+0000][1][safepoint    ] Application time: 1.0000745 seconds
[2019-12-09T04:08:09.587+0000][1][safepoint    ] Entering safepoint region: Cleanup
[2019-12-09T04:08:09.587+0000][1][safepoint    ] Leaving safepoint region
[2019-12-09T04:08:09.587+0000][1][safepoint    ] Total time for which application threads were stopped: 0.0000976 seconds, Stopping threads took: 0.0000181 seconds
[2019-12-09T04:08:10.588+0000][1][safepoint    ] Application time: 1.0000748 seconds
[2019-12-09T04:08:10.588+0000][1][safepoint    ] Entering safepoint region: Cleanup
[2019-12-09T04:08:10.588+0000][1][safepoint    ] Leaving safepoint region
[2019-12-09T04:08:10.588+0000][1][safepoint    ] Total time for which application threads were stopped: 0.0000905 seconds, Stopping threads took: 0.0000172 seconds
[2019-12-09T04:08:11.588+0000][1][safepoint    ] Application time: 1.0000727 seconds
[2019-12-09T04:08:11.588+0000][1][safepoint    ] Entering safepoint region: Cleanup
[2019-12-09T04:08:11.588+0000][1][safepoint    ] Leaving safepoint region
[2019-12-09T04:08:11.588+0000][1][safepoint    ] Total time for which application threads were stopped: 0.0000956 seconds, Stopping threads took: 0.0000172 seconds
[2019-12-09T04:08:12.588+0000][1][safepoint    ] Application time: 1.0000743 seconds
[2019-12-09T04:08:12.588+0000][1][safepoint    ] Entering safepoint region: Cleanup
[2019-12-09T04:08:12.588+0000][1][safepoint    ] Leaving safepoint region
[2019-12-09T04:08:12.588+0000][1][safepoint    ] Total time for which application threads were stopped: 0.0000922 seconds, Stopping threads took: 0.0000186 seconds
[2019-12-09T04:08:13.588+0000][1][safepoint    ] Application time: 1.0000738 seconds
[2019-12-09T04:08:13.588+0000][1][safepoint    ] Entering safepoint region: Cleanup
[2019-12-09T04:08:13.588+0000][1][safepoint    ] Leaving safepoint region
[2019-12-09T04:08:13.588+0000][1][safepoint    ] Total time for which application threads were stopped: 0.0000922 seconds, Stopping threads took: 0.0000189 seconds
[2019-12-09T04:08:14.588+0000][1][safepoint    ] Application time: 1.0000756 seconds
[2019-12-09T04:08:14.588+0000][1][safepoint    ] Entering safepoint region: Cleanup
[2019-12-09T04:08:14.588+0000][1][safepoint    ] Leaving safepoint region
[2019-12-09T04:08:14.588+0000][1][safepoint    ] Total time for which application threads were stopped: 0.0000930 seconds, Stopping threads took: 0.0000172 seconds
[2019-12-09T04:08:15.588+0000][1][safepoint    ] Application time: 1.0000745 seconds
[2019-12-09T04:08:15.589+0000][1][safepoint    ] Entering safepoint region: Cleanup
[2019-12-09T04:08:15.589+0000][1][safepoint    ] Leaving safepoint region
[2019-12-09T04:08:15.589+0000][1][safepoint    ] Total time for which application threads were stopped: 0.0000895 seconds, Stopping threads took: 0.0000176 seconds
[2019-12-09T04:08:16.589+0000][1][safepoint    ] Application time: 1.0000752 seconds
[2019-12-09T04:08:16.589+0000][1][safepoint    ] Entering safepoint region: Cleanup
[2019-12-09T04:08:16.589+0000][1][safepoint    ] Leaving safepoint region
[2019-12-09T04:08:16.589+0000][1][safepoint    ] Total time for which application threads were stopped: 0.0000924 seconds, Stopping threads took: 0.0000187 seconds
[2019-12-09T04:08:17.589+0000][1][safepoint    ] Application time: 1.0000739 seconds
[2019-12-09T04:08:17.589+0000][1][safepoint    ] Entering safepoint region: Cleanup
[2019-12-09T04:08:17.589+0000][1][safepoint    ] Leaving safepoint region
[2019-12-09T04:08:17.589+0000][1][safepoint    ] Total time for which application threads were stopped: 0.0000904 seconds, Stopping threads took: 0.0000183 seconds
[2019-12-09T04:08:18.589+0000][1][safepoint    ] Application time: 1.0000759 seconds
[2019-12-09T04:08:18.589+0000][1][safepoint    ] Entering safepoint region: Cleanup
[2019-12-09T04:08:18.589+0000][1][safepoint    ] Leaving safepoint region
[2019-12-09T04:08:18.589+0000][1][safepoint    ] Total time for which application threads were stopped: 0.0000939 seconds, Stopping threads took: 0.0000189 seconds
[2019-12-09T04:08:19.589+0000][1][safepoint    ] Application time: 1.0000753 seconds
[2019-12-09T04:08:19.589+0000][1][safepoint    ] Entering safepoint region: Cleanup
[2019-12-09T04:08:19.589+0000][1][safepoint    ] Leaving safepoint region
[2019-12-09T04:08:19.589+0000][1][safepoint    ] Total time for which application threads were stopped: 0.0000922 seconds, Stopping threads took: 0.0000188 seconds
[2019-12-09T04:08:20.589+0000][1][safepoint    ] Application time: 1.0000758 seconds
[2019-12-09T04:08:20.589+0000][1][safepoint    ] Entering safepoint region: Cleanup
[2019-12-09T04:08:20.590+0000][1][safepoint    ] Leaving safepoint region
[2019-12-09T04:08:20.590+0000][1][safepoint    ] Total time for which application threads were stopped: 0.0000910 seconds, Stopping threads took: 0.0000169 seconds
[2019-12-09T04:08:21.590+0000][1][safepoint    ] Application time: 1.0000759 seconds
[2019-12-09T04:08:21.590+0000][1][safepoint    ] Entering safepoint region: Cleanup
[2019-12-09T04:08:21.590+0000][1][safepoint    ] Leaving safepoint region
[2019-12-09T04:08:21.590+0000][1][safepoint    ] Total time for which application threads were stopped: 0.0001016 seconds, Stopping threads took: 0.0000268 seconds
[2019-12-09T04:08:22.590+0000][1][safepoint    ] Application time: 1.0000759 seconds
[2019-12-09T04:08:22.590+0000][1][safepoint    ] Entering safepoint region: Cleanup
[2019-12-09T04:08:22.590+0000][1][safepoint    ] Leaving safepoint region
[2019-12-09T04:08:22.590+0000][1][safepoint    ] Total time for which application threads were stopped: 0.0000943 seconds, Stopping threads took: 0.0000183 seconds
[2019-12-09T04:08:23.590+0000][1][safepoint    ] Application time: 1.0000753 seconds
[2019-12-09T04:08:23.590+0000][1][safepoint    ] Entering safepoint region: Cleanup
[2019-12-09T04:08:23.590+0000][1][safepoint    ] Leaving safepoint region
[2019-12-09T04:08:23.590+0000][1][safepoint    ] Total time for which application threads were stopped: 0.0000907 seconds, Stopping threads took: 0.0000182 seconds
[2019-12-09T04:08:24.590+0000][1][safepoint    ] Application time: 1.0000749 seconds
[2019-12-09T04:08:24.590+0000][1][safepoint    ] Entering safepoint region: Cleanup
[2019-12-09T04:08:24.590+0000][1][safepoint    ] Leaving safepoint region
[2019-12-09T04:08:24.590+0000][1][safepoint    ] Total time for which application threads were stopped: 0.0000920 seconds, Stopping threads took: 0.0000183 seconds
[2019-12-09T04:08:25.590+0000][1][safepoint    ] Application time: 1.0000761 seconds
[2019-12-09T04:08:25.590+0000][1][safepoint    ] Entering safepoint region: Cleanup
[2019-12-09T04:08:25.591+0000][1][safepoint    ] Leaving safepoint region
[2019-12-09T04:08:25.591+0000][1][safepoint    ] Total time for which application threads were stopped: 0.0000944 seconds, Stopping threads took: 0.0000182 seconds
[2019-12-09T04:08:26.591+0000][1][safepoint    ] Application time: 1.0000761 seconds
[2019-12-09T04:08:26.591+0000][1][safepoint    ] Entering safepoint region: Cleanup
[2019-12-09T04:08:26.591+0000][1][safepoint    ] Leaving safepoint region
[2019-12-09T04:08:26.591+0000][1][safepoint    ] Total time for which application threads were stopped: 0.0001021 seconds, Stopping threads took: 0.0000175 seconds
[2019-12-09T04:08:27.591+0000][1][safepoint    ] Application time: 1.0000730 seconds
[2019-12-09T04:08:27.591+0000][1][safepoint    ] Entering safepoint region: Cleanup
[2019-12-09T04:08:27.591+0000][1][safepoint    ] Leaving safepoint region
[2019-12-09T04:08:27.591+0000][1][safepoint    ] Total time for which application threads were stopped: 0.0001046 seconds, Stopping threads took: 0.0000189 seconds
[2019-12-09T04:08:28.591+0000][1][safepoint    ] Application time: 1.0000763 seconds
[2019-12-09T04:08:28.591+0000][1][safepoint    ] Entering safepoint region: Cleanup
[2019-12-09T04:08:28.591+0000][1][safepoint    ] Leaving safepoint region
[2019-12-09T04:08:28.591+0000][1][safepoint    ] Total time for which application threads were stopped: 0.0000909 seconds, Stopping threads took: 0.0000166 seconds
[2019-12-09T04:08:29.591+0000][1][safepoint    ] Application time: 1.0000747 seconds
[2019-12-09T04:08:29.591+0000][1][safepoint    ] Entering safepoint region: Cleanup
[2019-12-09T04:08:29.591+0000][1][safepoint    ] Leaving safepoint region
[2019-12-09T04:08:29.591+0000][1][safepoint    ] Total time for which application threads were stopped: 0.0000985 seconds, Stopping threads took: 0.0000248 seconds
[2019-12-09T04:08:30.591+0000][1][safepoint    ] Application time: 1.0000764 seconds
[2019-12-09T04:08:30.591+0000][1][safepoint    ] Entering safepoint region: Cleanup
[2019-12-09T04:08:30.592+0000][1][safepoint    ] Leaving safepoint region
[2019-12-09T04:08:30.592+0000][1][safepoint    ] Total time for which application threads were stopped: 0.0000909 seconds, Stopping threads took: 0.0000189 seconds
[2019-12-09T04:08:31.592+0000][1][safepoint    ] Application time: 1.0000765 seconds
[2019-12-09T04:08:31.592+0000][1][safepoint    ] Entering safepoint region: Cleanup
[2019-12-09T04:08:31.592+0000][1][safepoint    ] Leaving safepoint region
[2019-12-09T04:08:31.592+0000][1][safepoint    ] Total time for which application threads were stopped: 0.0001090 seconds, Stopping threads took: 0.0000352 seconds
[2019-12-09T04:08:32.592+0000][1][safepoint    ] Application time: 1.0000738 seconds
[2019-12-09T04:08:32.592+0000][1][safepoint    ] Entering safepoint region: Cleanup
[2019-12-09T04:08:32.592+0000][1][safepoint    ] Leaving safepoint region
[2019-12-09T04:08:32.592+0000][1][safepoint    ] Total time for which application threads were stopped: 0.0000909 seconds, Stopping threads took: 0.0000192 seconds
[2019-12-09T04:08:33.592+0000][1][safepoint    ] Application time: 1.0000753 seconds
[2019-12-09T04:08:33.592+0000][1][safepoint    ] Entering safepoint region: Cleanup
[2019-12-09T04:08:33.592+0000][1][safepoint    ] Leaving safepoint region
[2019-12-09T04:08:33.592+0000][1][safepoint    ] Total time for which application threads were stopped: 0.0000895 seconds, Stopping threads took: 0.0000182 seconds
[2019-12-09T04:08:34.592+0000][1][safepoint    ] Application time: 1.0000743 seconds
[2019-12-09T04:08:34.592+0000][1][safepoint    ] Entering safepoint region: Cleanup
[2019-12-09T04:08:34.592+0000][1][safepoint    ] Leaving safepoint region
[2019-12-09T04:08:34.592+0000][1][safepoint    ] Total time for which application threads were stopped: 0.0000923 seconds, Stopping threads took: 0.0000185 seconds
[2019-12-09T04:08:35.592+0000][1][safepoint    ] Application time: 1.0000758 seconds
[2019-12-09T04:08:35.592+0000][1][safepoint    ] Entering safepoint region: Cleanup
[2019-12-09T04:08:35.593+0000][1][safepoint    ] Leaving safepoint region
[2019-12-09T04:08:35.593+0000][1][safepoint    ] Total time for which application threads were stopped: 0.0000925 seconds, Stopping threads took: 0.0000176 seconds
[2019-12-09T04:08:36.593+0000][1][safepoint    ] Application time: 1.0000747 seconds
[2019-12-09T04:08:36.593+0000][1][safepoint    ] Entering safepoint region: Cleanup
[2019-12-09T04:08:36.593+0000][1][safepoint    ] Leaving safepoint region
[2019-12-09T04:08:36.593+0000][1][safepoint    ] Total time for which application threads were stopped: 0.0001225 seconds, Stopping threads took: 0.0000396 seconds
[2019-12-09T04:08:37.593+0000][1][safepoint    ] Application time: 1.0000744 seconds
[2019-12-09T04:08:37.593+0000][1][safepoint    ] Entering safepoint region: Cleanup
[2019-12-09T04:08:37.593+0000][1][safepoint    ] Leaving safepoint region
[2019-12-09T04:08:37.593+0000][1][safepoint    ] Total time for which application threads were stopped: 0.0000947 seconds, Stopping threads took: 0.0000182 seconds
[2019-12-09T04:08:38.593+0000][1][safepoint    ] Application time: 1.0000901 seconds
[2019-12-09T04:08:38.593+0000][1][safepoint    ] Entering safepoint region: Cleanup
[2019-12-09T04:08:38.593+0000][1][safepoint    ] Leaving safepoint region
[2019-12-09T04:08:38.593+0000][1][safepoint    ] Total time for which application threads were stopped: 0.0001647 seconds, Stopping threads took: 0.0000274 seconds
[2019-12-09T04:08:39.593+0000][1][safepoint    ] Application time: 1.0000788 seconds
[2019-12-09T04:08:39.593+0000][1][safepoint    ] Entering safepoint region: Cleanup
[2019-12-09T04:08:39.594+0000][1][safepoint    ] Leaving safepoint region
[2019-12-09T04:08:39.594+0000][1][safepoint    ] Total time for which application threads were stopped: 0.0000963 seconds, Stopping threads took: 0.0000195 seconds
[2019-12-09T04:08:40.594+0000][1][safepoint    ] Application time: 1.0000757 seconds
[2019-12-09T04:08:40.594+0000][1][safepoint    ] Entering safepoint region: Cleanup
[2019-12-09T04:08:40.594+0000][1][safepoint    ] Leaving safepoint region
[2019-12-09T04:08:40.594+0000][1][safepoint    ] Total time for which application threads were stopped: 0.0001066 seconds, Stopping threads took: 0.0000183 seconds
[2019-12-09T04:08:41.594+0000][1][safepoint    ] Application time: 1.0000762 seconds
[2019-12-09T04:08:41.594+0000][1][safepoint    ] Entering safepoint region: Cleanup
[2019-12-09T04:08:41.594+0000][1][safepoint    ] Leaving safepoint region
[2019-12-09T04:08:41.594+0000][1][safepoint    ] Total time for which application threads were stopped: 0.0000953 seconds, Stopping threads took: 0.0000185 seconds
[2019-12-09T04:08:42.594+0000][1][safepoint    ] Application time: 1.0000758 seconds
[2019-12-09T04:08:42.594+0000][1][safepoint    ] Entering safepoint region: Cleanup
[2019-12-09T04:08:42.594+0000][1][safepoint    ] Leaving safepoint region
[2019-12-09T04:08:42.594+0000][1][safepoint    ] Total time for which application threads were stopped: 0.0000909 seconds, Stopping threads took: 0.0000185 seconds
[2019-12-09T04:08:43.594+0000][1][safepoint    ] Application time: 1.0000746 seconds
[2019-12-09T04:08:43.594+0000][1][safepoint    ] Entering safepoint region: Cleanup
[2019-12-09T04:08:43.594+0000][1][safepoint    ] Leaving safepoint region
[2019-12-09T04:08:43.594+0000][1][safepoint    ] Total time for which application threads were stopped: 0.0000962 seconds, Stopping threads took: 0.0000187 seconds
[2019-12-09T04:08:44.594+0000][1][safepoint    ] Application time: 1.0000767 seconds
[2019-12-09T04:08:44.595+0000][1][safepoint    ] Entering safepoint region: Cleanup
[2019-12-09T04:08:44.595+0000][1][safepoint    ] Leaving safepoint region
[2019-12-09T04:08:44.595+0000][1][safepoint    ] Total time for which application threads were stopped: 0.0000966 seconds, Stopping threads took: 0.0000203 seconds
[2019-12-09T04:08:45.595+0000][1][safepoint    ] Application time: 1.0000861 seconds
[2019-12-09T04:08:45.595+0000][1][safepoint    ] Entering safepoint region: Cleanup
[2019-12-09T04:08:45.595+0000][1][safepoint    ] Leaving safepoint region
[2019-12-09T04:08:45.595+0000][1][safepoint    ] Total time for which application threads were stopped: 0.0000989 seconds, Stopping threads took: 0.0000198 seconds
[2019-12-09T04:08:46.595+0000][1][safepoint    ] Application time: 1.0000770 seconds
[2019-12-09T04:08:46.595+0000][1][safepoint    ] Entering safepoint region: Cleanup
[2019-12-09T04:08:46.595+0000][1][safepoint    ] Leaving safepoint region
[2019-12-09T04:08:46.595+0000][1][safepoint    ] Total time for which application threads were stopped: 0.0001054 seconds, Stopping threads took: 0.0000253 seconds
[2019-12-09T04:08:47.595+0000][1][safepoint    ] Application time: 1.0000763 seconds
[2019-12-09T04:08:47.595+0000][1][safepoint    ] Entering safepoint region: Cleanup
[2019-12-09T04:08:47.595+0000][1][safepoint    ] Leaving safepoint region
[2019-12-09T04:08:47.595+0000][1][safepoint    ] Total time for which application threads were stopped: 0.0001005 seconds, Stopping threads took: 0.0000196 seconds
[2019-12-09T04:08:48.595+0000][1][safepoint    ] Application time: 1.0000760 seconds
[2019-12-09T04:08:48.595+0000][1][safepoint    ] Entering safepoint region: Cleanup
[2019-12-09T04:08:48.595+0000][1][safepoint    ] Leaving safepoint region
[2019-12-09T04:08:48.595+0000][1][safepoint    ] Total time for which application threads were stopped: 0.0000989 seconds, Stopping threads took: 0.0000201 seconds
[2019-12-09T04:08:49.596+0000][1][safepoint    ] Application time: 1.0000762 seconds
[2019-12-09T04:08:49.596+0000][1][safepoint    ] Entering safepoint region: Cleanup
[2019-12-09T04:08:49.596+0000][1][safepoint    ] Leaving safepoint region
[2019-12-09T04:08:49.596+0000][1][safepoint    ] Total time for which application threads were stopped: 0.0001134 seconds, Stopping threads took: 0.0000202 seconds
[2019-12-09T04:08:50.596+0000][1][safepoint    ] Application time: 1.0000752 seconds
[2019-12-09T04:08:50.596+0000][1][safepoint    ] Entering safepoint region: Cleanup
[2019-12-09T04:08:50.596+0000][1][safepoint    ] Leaving safepoint region
[2019-12-09T04:08:50.596+0000][1][safepoint    ] Total time for which application threads were stopped: 0.0000938 seconds, Stopping threads took: 0.0000186 seconds
[2019-12-09T04:08:51.596+0000][1][safepoint    ] Application time: 1.0000757 seconds
[2019-12-09T04:08:51.596+0000][1][safepoint    ] Entering safepoint region: Cleanup
[2019-12-09T04:08:51.596+0000][1][safepoint    ] Leaving safepoint region
[2019-12-09T04:08:51.596+0000][1][safepoint    ] Total time for which application threads were stopped: 0.0000943 seconds, Stopping threads took: 0.0000192 seconds
[2019-12-09T04:08:52.596+0000][1][safepoint    ] Application time: 1.0000765 seconds
[2019-12-09T04:08:52.596+0000][1][safepoint    ] Entering safepoint region: Cleanup
[2019-12-09T04:08:52.596+0000][1][safepoint    ] Leaving safepoint region
[2019-12-09T04:08:52.596+0000][1][safepoint    ] Total time for which application threads were stopped: 0.0001022 seconds, Stopping threads took: 0.0000199 seconds
[2019-12-09T04:08:53.596+0000][1][safepoint    ] Application time: 1.0000763 seconds
[2019-12-09T04:08:53.597+0000][1][safepoint    ] Entering safepoint region: Cleanup
[2019-12-09T04:08:53.597+0000][1][safepoint    ] Leaving safepoint region
[2019-12-09T04:08:53.597+0000][1][safepoint    ] Total time for which application threads were stopped: 0.0000953 seconds, Stopping threads took: 0.0000191 seconds
[2019-12-09T04:08:54.597+0000][1][safepoint    ] Application time: 1.0000855 seconds
[2019-12-09T04:08:54.597+0000][1][safepoint    ] Entering safepoint region: Cleanup
[2019-12-09T04:08:54.597+0000][1][safepoint    ] Leaving safepoint region
[2019-12-09T04:08:54.597+0000][1][safepoint    ] Total time for which application threads were stopped: 0.0001010 seconds, Stopping threads took: 0.0000193 seconds
[2019-12-09T04:08:55.597+0000][1][safepoint    ] Application time: 1.0000749 seconds
[2019-12-09T04:08:55.597+0000][1][safepoint    ] Entering safepoint region: Cleanup
[2019-12-09T04:08:55.597+0000][1][safepoint    ] Leaving safepoint region
[2019-12-09T04:08:55.597+0000][1][safepoint    ] Total time for which application threads were stopped: 0.0001131 seconds, Stopping threads took: 0.0000244 seconds
[2019-12-09T04:08:56.597+0000][1][safepoint    ] Application time: 1.0000772 seconds
[2019-12-09T04:08:56.597+0000][1][safepoint    ] Entering safepoint region: Cleanup
[2019-12-09T04:08:56.597+0000][1][safepoint    ] Leaving safepoint region
[2019-12-09T04:08:56.597+0000][1][safepoint    ] Total time for which application threads were stopped: 0.0000988 seconds, Stopping threads took: 0.0000199 seconds
[2019-12-09T04:08:57.597+0000][1][safepoint    ] Application time: 1.0000577 seconds
[2019-12-09T04:08:57.597+0000][1][safepoint    ] Entering safepoint region: Cleanup
[2019-12-09T04:08:57.598+0000][1][safepoint    ] Leaving safepoint region
[2019-12-09T04:08:57.598+0000][1][safepoint    ] Total time for which application threads were stopped: 0.0001052 seconds, Stopping threads took: 0.0000200 seconds
[2019-12-09T04:08:58.598+0000][1][safepoint    ] Application time: 1.0000475 seconds
[2019-12-09T04:08:58.598+0000][1][safepoint    ] Entering safepoint region: Cleanup
[2019-12-09T04:08:58.598+0000][1][safepoint    ] Leaving safepoint region
[2019-12-09T04:08:58.598+0000][1][safepoint    ] Total time for which application threads were stopped: 0.0001163 seconds, Stopping threads took: 0.0000270 seconds
[2019-12-09T04:08:59.598+0000][1][safepoint    ] Application time: 1.0000771 seconds
[2019-12-09T04:08:59.598+0000][1][safepoint    ] Entering safepoint region: Cleanup
[2019-12-09T04:08:59.598+0000][1][safepoint    ] Leaving safepoint region
[2019-12-09T04:08:59.598+0000][1][safepoint    ] Total time for which application threads were stopped: 0.0000995 seconds, Stopping threads took: 0.0000194 seconds
[2019-12-09T04:09:00.598+0000][1][safepoint    ] Application time: 1.0000768 seconds
[2019-12-09T04:09:00.598+0000][1][safepoint    ] Entering safepoint region: Cleanup
[2019-12-09T04:09:00.598+0000][1][safepoint    ] Leaving safepoint region
[2019-12-09T04:09:00.598+0000][1][safepoint    ] Total time for which application threads were stopped: 0.0000965 seconds, Stopping threads took: 0.0000192 seconds
[2019-12-09T04:09:01.598+0000][1][safepoint    ] Application time: 1.0000826 seconds
[2019-12-09T04:09:01.598+0000][1][safepoint    ] Entering safepoint region: Cleanup
[2019-12-09T04:09:01.598+0000][1][safepoint    ] Leaving safepoint region
[2019-12-09T04:09:01.598+0000][1][safepoint    ] Total time for which application threads were stopped: 0.0001288 seconds, Stopping threads took: 0.0000253 seconds
[2019-12-09T04:09:02.599+0000][1][safepoint    ] Application time: 1.0000773 seconds
[2019-12-09T04:09:02.599+0000][1][safepoint    ] Entering safepoint region: Cleanup
[2019-12-09T04:09:02.599+0000][1][safepoint    ] Leaving safepoint region
[2019-12-09T04:09:02.599+0000][1][safepoint    ] Total time for which application threads were stopped: 0.0001028 seconds, Stopping threads took: 0.0000196 seconds
[2019-12-09T04:09:03.599+0000][1][safepoint    ] Application time: 1.0000748 seconds
[2019-12-09T04:09:03.599+0000][1][safepoint    ] Entering safepoint region: Cleanup
[2019-12-09T04:09:03.599+0000][1][safepoint    ] Leaving safepoint region
[2019-12-09T04:09:03.599+0000][1][safepoint    ] Total time for which application threads were stopped: 0.0000975 seconds, Stopping threads took: 0.0000203 seconds
[2019-12-09T04:09:04.599+0000][1][safepoint    ] Application time: 1.0000755 seconds
[2019-12-09T04:09:04.599+0000][1][safepoint    ] Entering safepoint region: Cleanup
[2019-12-09T04:09:04.599+0000][1][safepoint    ] Leaving safepoint region
[2019-12-09T04:09:04.599+0000][1][safepoint    ] Total time for which application threads were stopped: 0.0000976 seconds, Stopping threads took: 0.0000200 seconds
[2019-12-09T04:09:05.599+0000][1][safepoint    ] Application time: 1.0000760 seconds
[2019-12-09T04:09:05.599+0000][1][safepoint    ] Entering safepoint region: Cleanup
[2019-12-09T04:09:05.599+0000][1][safepoint    ] Leaving safepoint region
[2019-12-09T04:09:05.599+0000][1][safepoint    ] Total time for which application threads were stopped: 0.0000931 seconds, Stopping threads took: 0.0000194 seconds
[2019-12-09T04:09:06.599+0000][1][safepoint    ] Application time: 1.0000760 seconds
[2019-12-09T04:09:06.599+0000][1][safepoint    ] Entering safepoint region: Cleanup
[2019-12-09T04:09:06.600+0000][1][safepoint    ] Leaving safepoint region
[2019-12-09T04:09:06.600+0000][1][safepoint    ] Total time for which application threads were stopped: 0.0001041 seconds, Stopping threads took: 0.0000199 seconds
[2019-12-09T04:09:07.600+0000][1][safepoint    ] Application time: 1.0000753 seconds
[2019-12-09T04:09:07.600+0000][1][safepoint    ] Entering safepoint region: Cleanup
[2019-12-09T04:09:07.600+0000][1][safepoint    ] Leaving safepoint region
[2019-12-09T04:09:07.600+0000][1][safepoint    ] Total time for which application threads were stopped: 0.0001157 seconds, Stopping threads took: 0.0000194 seconds
[2019-12-09T04:09:08.600+0000][1][safepoint    ] Application time: 1.0000769 seconds
[2019-12-09T04:09:08.600+0000][1][safepoint    ] Entering safepoint region: Cleanup
[2019-12-09T04:09:08.600+0000][1][safepoint    ] Leaving safepoint region
[2019-12-09T04:09:08.600+0000][1][safepoint    ] Total time for which application threads were stopped: 0.0000983 seconds, Stopping threads took: 0.0000200 seconds
[2019-12-09T04:09:09.600+0000][1][safepoint    ] Application time: 1.0000841 seconds
[2019-12-09T04:09:09.600+0000][1][safepoint    ] Entering safepoint region: Cleanup
[2019-12-09T04:09:09.600+0000][1][safepoint    ] Leaving safepoint region
[2019-12-09T04:09:09.600+0000][1][safepoint    ] Total time for which application threads were stopped: 0.0001044 seconds, Stopping threads took: 0.0000201 seconds
[2019-12-09T04:09:10.600+0000][1][safepoint    ] Application time: 1.0000777 seconds
[2019-12-09T04:09:10.600+0000][1][safepoint    ] Entering safepoint region: Cleanup
[2019-12-09T04:09:10.600+0000][1][safepoint    ] Leaving safepoint region
[2019-12-09T04:09:10.600+0000][1][safepoint    ] Total time for which application threads were stopped: 0.0001010 seconds, Stopping threads took: 0.0000205 seconds
[2019-12-09T04:09:11.601+0000][1][safepoint    ] Application time: 1.0000798 seconds
[2019-12-09T04:09:11.601+0000][1][safepoint    ] Entering safepoint region: Cleanup
[2019-12-09T04:09:11.601+0000][1][safepoint    ] Leaving safepoint region
[2019-12-09T04:09:11.601+0000][1][safepoint    ] Total time for which application threads were stopped: 0.0001025 seconds, Stopping threads took: 0.0000219 seconds
[2019-12-09T04:09:12.601+0000][1][safepoint    ] Application time: 1.0000775 seconds
[2019-12-09T04:09:12.601+0000][1][safepoint    ] Entering safepoint region: Cleanup
[2019-12-09T04:09:12.601+0000][1][safepoint    ] Leaving safepoint region
[2019-12-09T04:09:12.601+0000][1][safepoint    ] Total time for which application threads were stopped: 0.0001064 seconds, Stopping threads took: 0.0000208 seconds
[2019-12-09T04:09:13.601+0000][1][safepoint    ] Application time: 1.0000765 seconds
[2019-12-09T04:09:13.601+0000][1][safepoint    ] Entering safepoint region: Cleanup
[2019-12-09T04:09:13.601+0000][1][safepoint    ] Leaving safepoint region
[2019-12-09T04:09:13.601+0000][1][safepoint    ] Total time for which application threads were stopped: 0.0001006 seconds, Stopping threads took: 0.0000208 seconds
[2019-12-09T04:09:14.601+0000][1][safepoint    ] Application time: 1.0000760 seconds
[2019-12-09T04:09:14.601+0000][1][safepoint    ] Entering safepoint region: Cleanup
[2019-12-09T04:09:14.601+0000][1][safepoint    ] Leaving safepoint region
[2019-12-09T04:09:14.601+0000][1][safepoint    ] Total time for which application threads were stopped: 0.0000976 seconds, Stopping threads took: 0.0000206 seconds
[2019-12-09T04:09:15.601+0000][1][safepoint    ] Application time: 1.0000750 seconds
[2019-12-09T04:09:15.601+0000][1][safepoint    ] Entering safepoint region: Cleanup
[2019-12-09T04:09:15.602+0000][1][safepoint    ] Leaving safepoint region
[2019-12-09T04:09:15.602+0000][1][safepoint    ] Total time for which application threads were stopped: 0.0000964 seconds, Stopping threads took: 0.0000185 seconds
[2019-12-09T04:09:16.602+0000][1][safepoint    ] Application time: 1.0000772 seconds
[2019-12-09T04:09:16.602+0000][1][safepoint    ] Entering safepoint region: Cleanup
[2019-12-09T04:09:16.602+0000][1][safepoint    ] Leaving safepoint region
[2019-12-09T04:09:16.602+0000][1][safepoint    ] Total time for which application threads were stopped: 0.0001036 seconds, Stopping threads took: 0.0000264 seconds
[2019-12-09T04:09:17.602+0000][1][safepoint    ] Application time: 1.0000740 seconds
[2019-12-09T04:09:17.602+0000][1][safepoint    ] Entering safepoint region: Cleanup
[2019-12-09T04:09:17.602+0000][1][safepoint    ] Leaving safepoint region
[2019-12-09T04:09:17.602+0000][1][safepoint    ] Total time for which application threads were stopped: 0.0000935 seconds, Stopping threads took: 0.0000176 seconds
[2019-12-09T04:09:18.602+0000][1][safepoint    ] Application time: 1.0000744 seconds
[2019-12-09T04:09:18.602+0000][1][safepoint    ] Entering safepoint region: Cleanup
[2019-12-09T04:09:18.602+0000][1][safepoint    ] Leaving safepoint region
[2019-12-09T04:09:18.602+0000][1][safepoint    ] Total time for which application threads were stopped: 0.0000961 seconds, Stopping threads took: 0.0000183 seconds
[2019-12-09T04:09:19.602+0000][1][safepoint    ] Application time: 1.0000746 seconds
[2019-12-09T04:09:19.602+0000][1][safepoint    ] Entering safepoint region: Cleanup
[2019-12-09T04:09:19.602+0000][1][safepoint    ] Leaving safepoint region
[2019-12-09T04:09:19.602+0000][1][safepoint    ] Total time for which application threads were stopped: 0.0000993 seconds, Stopping threads took: 0.0000171 seconds
[2019-12-09T04:09:20.603+0000][1][safepoint    ] Application time: 1.0000753 seconds
[2019-12-09T04:09:20.603+0000][1][safepoint    ] Entering safepoint region: Cleanup
[2019-12-09T04:09:20.603+0000][1][safepoint    ] Leaving safepoint region
[2019-12-09T04:09:20.603+0000][1][safepoint    ] Total time for which application threads were stopped: 0.0001064 seconds, Stopping threads took: 0.0000273 seconds
[2019-12-09T04:09:21.603+0000][1][safepoint    ] Application time: 1.0000900 seconds
[2019-12-09T04:09:21.603+0000][1][safepoint    ] Entering safepoint region: Cleanup
[2019-12-09T04:09:21.603+0000][1][safepoint    ] Leaving safepoint region
[2019-12-09T04:09:21.603+0000][1][safepoint    ] Total time for which application threads were stopped: 0.0000955 seconds, Stopping threads took: 0.0000189 seconds
[2019-12-09T04:09:22.603+0000][1][safepoint    ] Application time: 1.0000780 seconds
[2019-12-09T04:09:22.603+0000][1][safepoint    ] Entering safepoint region: Cleanup
[2019-12-09T04:09:22.603+0000][1][safepoint    ] Leaving safepoint region
[2019-12-09T04:09:22.603+0000][1][safepoint    ] Total time for which application threads were stopped: 0.0000948 seconds, Stopping threads took: 0.0000197 seconds
[2019-12-09T04:09:23.603+0000][1][safepoint    ] Application time: 1.0000748 seconds
[2019-12-09T04:09:23.603+0000][1][safepoint    ] Entering safepoint region: Cleanup
[2019-12-09T04:09:23.603+0000][1][safepoint    ] Leaving safepoint region
[2019-12-09T04:09:23.603+0000][1][safepoint    ] Total time for which application threads were stopped: 0.0000982 seconds, Stopping threads took: 0.0000193 seconds
[2019-12-09T04:09:24.603+0000][1][safepoint    ] Application time: 1.0000758 seconds
[2019-12-09T04:09:24.603+0000][1][safepoint    ] Entering safepoint region: Cleanup
[2019-12-09T04:09:24.604+0000][1][safepoint    ] Leaving safepoint region
[2019-12-09T04:09:24.604+0000][1][safepoint    ] Total time for which application threads were stopped: 0.0000993 seconds, Stopping threads took: 0.0000201 seconds
[2019-12-09T04:09:25.604+0000][1][safepoint    ] Application time: 1.0000760 seconds
[2019-12-09T04:09:25.604+0000][1][safepoint    ] Entering safepoint region: Cleanup
[2019-12-09T04:09:25.604+0000][1][safepoint    ] Leaving safepoint region
[2019-12-09T04:09:25.604+0000][1][safepoint    ] Total time for which application threads were stopped: 0.0001150 seconds, Stopping threads took: 0.0000308 seconds
[2019-12-09T04:09:26.604+0000][1][safepoint    ] Application time: 1.0000791 seconds
[2019-12-09T04:09:26.604+0000][1][safepoint    ] Entering safepoint region: Cleanup
[2019-12-09T04:09:26.604+0000][1][safepoint    ] Leaving safepoint region
[2019-12-09T04:09:26.604+0000][1][safepoint    ] Total time for which application threads were stopped: 0.0001005 seconds, Stopping threads took: 0.0000241 seconds
[2019-12-09T04:09:27.604+0000][1][safepoint    ] Application time: 1.0000797 seconds
[2019-12-09T04:09:27.604+0000][1][safepoint    ] Entering safepoint region: Cleanup
[2019-12-09T04:09:27.604+0000][1][safepoint    ] Leaving safepoint region
[2019-12-09T04:09:27.604+0000][1][safepoint    ] Total time for which application threads were stopped: 0.0000984 seconds, Stopping threads took: 0.0000195 seconds
[2019-12-09T04:09:28.604+0000][1][safepoint    ] Application time: 1.0000777 seconds
[2019-12-09T04:09:28.604+0000][1][safepoint    ] Entering safepoint region: Cleanup
[2019-12-09T04:09:28.604+0000][1][safepoint    ] Leaving safepoint region
[2019-12-09T04:09:28.604+0000][1][safepoint    ] Total time for which application threads were stopped: 0.0000978 seconds, Stopping threads took: 0.0000200 seconds
[2019-12-09T04:09:29.605+0000][1][safepoint    ] Application time: 1.0000727 seconds
[2019-12-09T04:09:29.605+0000][1][safepoint    ] Entering safepoint region: Cleanup
[2019-12-09T04:09:29.605+0000][1][safepoint    ] Leaving safepoint region
[2019-12-09T04:09:29.605+0000][1][safepoint    ] Total time for which application threads were stopped: 0.0000935 seconds, Stopping threads took: 0.0000184 seconds
[2019-12-09T04:09:30.605+0000][1][safepoint    ] Application time: 1.0000736 seconds
[2019-12-09T04:09:30.605+0000][1][safepoint    ] Entering safepoint region: Cleanup
[2019-12-09T04:09:30.605+0000][1][safepoint    ] Leaving safepoint region
[2019-12-09T04:09:30.605+0000][1][safepoint    ] Total time for which application threads were stopped: 0.0001029 seconds, Stopping threads took: 0.0000266 seconds
[2019-12-09T04:09:31.605+0000][1][safepoint    ] Application time: 1.0000774 seconds
[2019-12-09T04:09:31.605+0000][1][safepoint    ] Entering safepoint region: Cleanup
[2019-12-09T04:09:31.605+0000][1][safepoint    ] Leaving safepoint region
[2019-12-09T04:09:31.605+0000][1][safepoint    ] Total time for which application threads were stopped: 0.0000938 seconds, Stopping threads took: 0.0000175 seconds
[2019-12-09T04:09:32.605+0000][1][safepoint    ] Application time: 1.0000754 seconds
[2019-12-09T04:09:32.605+0000][1][safepoint    ] Entering safepoint region: Cleanup
[2019-12-09T04:09:32.605+0000][1][safepoint    ] Leaving safepoint region
[2019-12-09T04:09:32.605+0000][1][safepoint    ] Total time for which application threads were stopped: 0.0000947 seconds, Stopping threads took: 0.0000181 seconds
[2019-12-09T04:09:33.605+0000][1][safepoint    ] Application time: 1.0000756 seconds
[2019-12-09T04:09:33.605+0000][1][safepoint    ] Entering safepoint region: Cleanup
[2019-12-09T04:09:33.605+0000][1][safepoint    ] Leaving safepoint region
[2019-12-09T04:09:33.605+0000][1][safepoint    ] Total time for which application threads were stopped: 0.0000912 seconds, Stopping threads took: 0.0000179 seconds
[2019-12-09T04:09:34.606+0000][1][safepoint    ] Application time: 1.0000757 seconds
[2019-12-09T04:09:34.606+0000][1][safepoint    ] Entering safepoint region: Cleanup
[2019-12-09T04:09:34.606+0000][1][safepoint    ] Leaving safepoint region
[2019-12-09T04:09:34.606+0000][1][safepoint    ] Total time for which application threads were stopped: 0.0001085 seconds, Stopping threads took: 0.0000210 seconds
[2019-12-09T04:09:35.606+0000][1][safepoint    ] Application time: 1.0000743 seconds
[2019-12-09T04:09:35.606+0000][1][safepoint    ] Entering safepoint region: Cleanup
[2019-12-09T04:09:35.606+0000][1][safepoint    ] Leaving safepoint region
[2019-12-09T04:09:35.606+0000][1][safepoint    ] Total time for which application threads were stopped: 0.0001007 seconds, Stopping threads took: 0.0000185 seconds
[2019-12-09T04:09:36.606+0000][1][safepoint    ] Application time: 1.0000775 seconds
[2019-12-09T04:09:36.606+0000][1][safepoint    ] Entering safepoint region: Cleanup
[2019-12-09T04:09:36.606+0000][1][safepoint    ] Leaving safepoint region
[2019-12-09T04:09:36.606+0000][1][safepoint    ] Total time for which application threads were stopped: 0.0000984 seconds, Stopping threads took: 0.0000186 seconds
[2019-12-09T04:09:37.606+0000][1][safepoint    ] Application time: 1.0000759 seconds
[2019-12-09T04:09:37.606+0000][1][safepoint    ] Entering safepoint region: Cleanup
[2019-12-09T04:09:37.606+0000][1][safepoint    ] Leaving safepoint region
[2019-12-09T04:09:37.606+0000][1][safepoint    ] Total time for which application threads were stopped: 0.0000924 seconds, Stopping threads took: 0.0000188 seconds
[2019-12-09T04:09:38.606+0000][1][safepoint    ] Application time: 1.0000745 seconds
[2019-12-09T04:09:38.606+0000][1][safepoint    ] Entering safepoint region: Cleanup
[2019-12-09T04:09:38.607+0000][1][safepoint    ] Leaving safepoint region
[2019-12-09T04:09:38.607+0000][1][safepoint    ] Total time for which application threads were stopped: 0.0000977 seconds, Stopping threads took: 0.0000200 seconds
[2019-12-09T04:09:39.607+0000][1][safepoint    ] Application time: 1.0000753 seconds
[2019-12-09T04:09:39.607+0000][1][safepoint    ] Entering safepoint region: Cleanup
[2019-12-09T04:09:39.607+0000][1][safepoint    ] Leaving safepoint region
[2019-12-09T04:09:39.607+0000][1][safepoint    ] Total time for which application threads were stopped: 0.0001098 seconds, Stopping threads took: 0.0000308 seconds
[2019-12-09T04:09:40.607+0000][1][safepoint    ] Application time: 1.0000753 seconds
[2019-12-09T04:09:40.607+0000][1][safepoint    ] Entering safepoint region: Cleanup
[2019-12-09T04:09:40.607+0000][1][safepoint    ] Leaving safepoint region
[2019-12-09T04:09:40.607+0000][1][safepoint    ] Total time for which application threads were stopped: 0.0001000 seconds, Stopping threads took: 0.0000263 seconds
[2019-12-09T04:09:41.607+0000][1][safepoint    ] Application time: 1.0000745 seconds
[2019-12-09T04:09:41.607+0000][1][safepoint    ] Entering safepoint region: Cleanup
[2019-12-09T04:09:41.607+0000][1][safepoint    ] Leaving safepoint region
[2019-12-09T04:09:41.607+0000][1][safepoint    ] Total time for which application threads were stopped: 0.0000933 seconds, Stopping threads took: 0.0000173 seconds
[2019-12-09T04:09:42.607+0000][1][safepoint    ] Application time: 1.0000759 seconds
[2019-12-09T04:09:42.607+0000][1][safepoint    ] Entering safepoint region: Cleanup
[2019-12-09T04:09:42.607+0000][1][safepoint    ] Leaving safepoint region
[2019-12-09T04:09:42.607+0000][1][safepoint    ] Total time for which application threads were stopped: 0.0000940 seconds, Stopping threads took: 0.0000190 seconds
[2019-12-09T04:09:43.607+0000][1][safepoint    ] Application time: 1.0000757 seconds
[2019-12-09T04:09:43.608+0000][1][safepoint    ] Entering safepoint region: Cleanup
[2019-12-09T04:09:43.608+0000][1][safepoint    ] Leaving safepoint region
[2019-12-09T04:09:43.608+0000][1][safepoint    ] Total time for which application threads were stopped: 0.0000946 seconds, Stopping threads took: 0.0000194 seconds
[2019-12-09T04:09:44.608+0000][1][safepoint    ] Application time: 1.0000741 seconds
[2019-12-09T04:09:44.608+0000][1][safepoint    ] Entering safepoint region: Cleanup
[2019-12-09T04:09:44.608+0000][1][safepoint    ] Leaving safepoint region
[2019-12-09T04:09:44.608+0000][1][safepoint    ] Total time for which application threads were stopped: 0.0000953 seconds, Stopping threads took: 0.0000191 seconds
[2019-12-09T04:09:45.608+0000][1][safepoint    ] Application time: 1.0000743 seconds
[2019-12-09T04:09:45.608+0000][1][safepoint    ] Entering safepoint region: Cleanup
[2019-12-09T04:09:45.608+0000][1][safepoint    ] Leaving safepoint region
[2019-12-09T04:09:45.608+0000][1][safepoint    ] Total time for which application threads were stopped: 0.0000976 seconds, Stopping threads took: 0.0000197 seconds
[2019-12-09T04:09:46.321+0000][1][safepoint    ] Application time: 0.7133545 seconds
[2019-12-09T04:09:46.321+0000][1][safepoint    ] Entering safepoint region: GenCollectForAllocation
[2019-12-09T04:09:46.322+0000][1][gc,start     ] GC(39) Pause Young (Allocation Failure)
[2019-12-09T04:09:46.322+0000][1][gc,task      ] GC(39) Using 2 workers of 2 for evacuation
[2019-12-09T04:09:46.324+0000][1][gc,age       ] GC(39) Desired survivor size 4456448 bytes, new threshold 6 (max threshold 6)
[2019-12-09T04:09:46.324+0000][1][gc,age       ] GC(39) Age table with threshold 6 (max threshold 6)
[2019-12-09T04:09:46.324+0000][1][gc,age       ] GC(39) - age   1:      13584 bytes,      13584 total
[2019-12-09T04:09:46.324+0000][1][gc,age       ] GC(39) - age   2:       1016 bytes,      14600 total
[2019-12-09T04:09:46.324+0000][1][gc,age       ] GC(39) - age   3:        608 bytes,      15208 total
[2019-12-09T04:09:46.324+0000][1][gc,age       ] GC(39) - age   4:       2728 bytes,      17936 total
[2019-12-09T04:09:46.324+0000][1][gc,age       ] GC(39) - age   5:       2384 bytes,      20320 total
[2019-12-09T04:09:46.324+0000][1][gc,age       ] GC(39) - age   6:       3672 bytes,      23992 total
[2019-12-09T04:09:46.324+0000][1][gc,heap      ] GC(39) ParNew: 70059K->95K(78656K)
[2019-12-09T04:09:46.324+0000][1][gc,heap      ] GC(39) CMS: 75785K->75860K(174784K)
[2019-12-09T04:09:46.324+0000][1][gc,metaspace ] GC(39) Metaspace: 79754K->79754K(1122304K)
[2019-12-09T04:09:46.324+0000][1][gc           ] GC(39) Pause Young (Allocation Failure) 142M->74M(247M) 2.236ms
[2019-12-09T04:09:46.324+0000][1][gc,cpu       ] GC(39) User=0.00s Sys=0.00s Real=0.00s
[2019-12-09T04:09:46.324+0000][1][safepoint    ] Leaving safepoint region
[2019-12-09T04:09:46.324+0000][1][safepoint    ] Total time for which application threads were stopped: 0.0024049 seconds, Stopping threads took: 0.0000178 seconds
[2019-12-09T04:09:47.325+0000][1][safepoint    ] Application time: 1.0008406 seconds
[2019-12-09T04:09:47.325+0000][1][safepoint    ] Entering safepoint region: Cleanup
[2019-12-09T04:09:47.325+0000][1][safepoint    ] Leaving safepoint region
[2019-12-09T04:09:47.325+0000][1][safepoint    ] Total time for which application threads were stopped: 0.0001340 seconds, Stopping threads took: 0.0000250 seconds
[2019-12-09T04:09:48.325+0000][1][safepoint    ] Application time: 1.0000753 seconds
[2019-12-09T04:09:48.325+0000][1][safepoint    ] Entering safepoint region: Cleanup
[2019-12-09T04:09:48.325+0000][1][safepoint    ] Leaving safepoint region
[2019-12-09T04:09:48.325+0000][1][safepoint    ] Total time for which application threads were stopped: 0.0000987 seconds, Stopping threads took: 0.0000197 seconds
[2019-12-09T04:09:49.325+0000][1][safepoint    ] Application time: 1.0000783 seconds
[2019-12-09T04:09:49.325+0000][1][safepoint    ] Entering safepoint region: Cleanup
[2019-12-09T04:09:49.325+0000][1][safepoint    ] Leaving safepoint region
[2019-12-09T04:09:49.325+0000][1][safepoint    ] Total time for which application threads were stopped: 0.0000958 seconds, Stopping threads took: 0.0000201 seconds
[2019-12-09T04:09:50.325+0000][1][safepoint    ] Application time: 1.0000759 seconds
[2019-12-09T04:09:50.325+0000][1][safepoint    ] Entering safepoint region: Cleanup
[2019-12-09T04:09:50.326+0000][1][safepoint    ] Leaving safepoint region
[2019-12-09T04:09:50.326+0000][1][safepoint    ] Total time for which application threads were stopped: 0.0000990 seconds, Stopping threads took: 0.0000202 seconds
[2019-12-09T04:09:51.326+0000][1][safepoint    ] Application time: 1.0001195 seconds
[2019-12-09T04:09:51.326+0000][1][safepoint    ] Entering safepoint region: Cleanup
[2019-12-09T04:09:51.326+0000][1][safepoint    ] Leaving safepoint region
[2019-12-09T04:09:51.326+0000][1][safepoint    ] Total time for which application threads were stopped: 0.0001189 seconds, Stopping threads took: 0.0000261 seconds
[2019-12-09T04:09:52.326+0000][1][safepoint    ] Application time: 1.0000840 seconds
[2019-12-09T04:09:52.326+0000][1][safepoint    ] Entering safepoint region: Cleanup
[2019-12-09T04:09:52.326+0000][1][safepoint    ] Leaving safepoint region
[2019-12-09T04:09:52.326+0000][1][safepoint    ] Total time for which application threads were stopped: 0.0000938 seconds, Stopping threads took: 0.0000184 seconds
[2019-12-09T04:09:53.326+0000][1][safepoint    ] Application time: 1.0000772 seconds
[2019-12-09T04:09:53.326+0000][1][safepoint    ] Entering safepoint region: Cleanup
[2019-12-09T04:09:53.326+0000][1][safepoint    ] Leaving safepoint region
[2019-12-09T04:09:53.326+0000][1][safepoint    ] Total time for which application threads were stopped: 0.0000990 seconds, Stopping threads took: 0.0000210 seconds
[2019-12-09T04:09:54.326+0000][1][safepoint    ] Application time: 1.0000784 seconds
[2019-12-09T04:09:54.326+0000][1][safepoint    ] Entering safepoint region: Cleanup
[2019-12-09T04:09:54.326+0000][1][safepoint    ] Leaving safepoint region
[2019-12-09T04:09:54.326+0000][1][safepoint    ] Total time for which application threads were stopped: 0.0000944 seconds, Stopping threads took: 0.0000184 seconds
[2019-12-09T04:09:55.327+0000][1][safepoint    ] Application time: 1.0000771 seconds
[2019-12-09T04:09:55.327+0000][1][safepoint    ] Entering safepoint region: Cleanup
[2019-12-09T04:09:55.327+0000][1][safepoint    ] Leaving safepoint region
[2019-12-09T04:09:55.327+0000][1][safepoint    ] Total time for which application threads were stopped: 0.0001044 seconds, Stopping threads took: 0.0000191 seconds
[2019-12-09T04:09:56.327+0000][1][safepoint    ] Application time: 1.0000762 seconds
[2019-12-09T04:09:56.327+0000][1][safepoint    ] Entering safepoint region: Cleanup
[2019-12-09T04:09:56.327+0000][1][safepoint    ] Leaving safepoint region
[2019-12-09T04:09:56.327+0000][1][safepoint    ] Total time for which application threads were stopped: 0.0001159 seconds, Stopping threads took: 0.0000201 seconds
[2019-12-09T04:09:57.327+0000][1][safepoint    ] Application time: 1.0000814 seconds
[2019-12-09T04:09:57.327+0000][1][safepoint    ] Entering safepoint region: Cleanup
[2019-12-09T04:09:57.327+0000][1][safepoint    ] Leaving safepoint region
[2019-12-09T04:09:57.327+0000][1][safepoint    ] Total time for which application threads were stopped: 0.0001062 seconds, Stopping threads took: 0.0000273 seconds
[2019-12-09T04:09:58.327+0000][1][safepoint    ] Application time: 1.0000838 seconds
[2019-12-09T04:09:58.327+0000][1][safepoint    ] Entering safepoint region: Cleanup
[2019-12-09T04:09:58.327+0000][1][safepoint    ] Leaving safepoint region
[2019-12-09T04:09:58.327+0000][1][safepoint    ] Total time for which application threads were stopped: 0.0000947 seconds, Stopping threads took: 0.0000204 seconds
[2019-12-09T04:09:59.327+0000][1][safepoint    ] Application time: 1.0000855 seconds
[2019-12-09T04:09:59.328+0000][1][safepoint    ] Entering safepoint region: Cleanup
[2019-12-09T04:09:59.328+0000][1][safepoint    ] Leaving safepoint region
[2019-12-09T04:09:59.328+0000][1][safepoint    ] Total time for which application threads were stopped: 0.0000963 seconds, Stopping threads took: 0.0000188 seconds
[2019-12-09T04:10:00.328+0000][1][safepoint    ] Application time: 1.0000783 seconds
[2019-12-09T04:10:00.328+0000][1][safepoint    ] Entering safepoint region: Cleanup
[2019-12-09T04:10:00.328+0000][1][safepoint    ] Leaving safepoint region
[2019-12-09T04:10:00.328+0000][1][safepoint    ] Total time for which application threads were stopped: 0.0000934 seconds, Stopping threads took: 0.0000194 seconds
[2019-12-09T04:10:01.328+0000][1][safepoint    ] Application time: 1.0000785 seconds
[2019-12-09T04:10:01.328+0000][1][safepoint    ] Entering safepoint region: Cleanup
[2019-12-09T04:10:01.328+0000][1][safepoint    ] Leaving safepoint region
[2019-12-09T04:10:01.328+0000][1][safepoint    ] Total time for which application threads were stopped: 0.0000966 seconds, Stopping threads took: 0.0000183 seconds
[2019-12-09T04:10:02.328+0000][1][safepoint    ] Application time: 1.0000761 seconds
[2019-12-09T04:10:02.328+0000][1][safepoint    ] Entering safepoint region: Cleanup
[2019-12-09T04:10:02.328+0000][1][safepoint    ] Leaving safepoint region
[2019-12-09T04:10:02.328+0000][1][safepoint    ] Total time for which application threads were stopped: 0.0001008 seconds, Stopping threads took: 0.0000213 seconds
[2019-12-09T04:10:03.328+0000][1][safepoint    ] Application time: 1.0000760 seconds
[2019-12-09T04:10:03.328+0000][1][safepoint    ] Entering safepoint region: Cleanup
[2019-12-09T04:10:03.328+0000][1][safepoint    ] Leaving safepoint region
[2019-12-09T04:10:03.328+0000][1][safepoint    ] Total time for which application threads were stopped: 0.0000953 seconds, Stopping threads took: 0.0000198 seconds
[2019-12-09T04:10:04.329+0000][1][safepoint    ] Application time: 1.0000760 seconds
[2019-12-09T04:10:04.329+0000][1][safepoint    ] Entering safepoint region: Cleanup
[2019-12-09T04:10:04.329+0000][1][safepoint    ] Leaving safepoint region
[2019-12-09T04:10:04.329+0000][1][safepoint    ] Total time for which application threads were stopped: 0.0000934 seconds, Stopping threads took: 0.0000187 seconds
[2019-12-09T04:10:05.329+0000][1][safepoint    ] Application time: 1.0000766 seconds
[2019-12-09T04:10:05.329+0000][1][safepoint    ] Entering safepoint region: Cleanup
[2019-12-09T04:10:05.329+0000][1][safepoint    ] Leaving safepoint region
[2019-12-09T04:10:05.329+0000][1][safepoint    ] Total time for which application threads were stopped: 0.0000921 seconds, Stopping threads took: 0.0000191 seconds
[2019-12-09T04:10:06.329+0000][1][safepoint    ] Application time: 1.0000757 seconds
[2019-12-09T04:10:06.329+0000][1][safepoint    ] Entering safepoint region: Cleanup
[2019-12-09T04:10:06.329+0000][1][safepoint    ] Leaving safepoint region
[2019-12-09T04:10:06.329+0000][1][safepoint    ] Total time for which application threads were stopped: 0.0000980 seconds, Stopping threads took: 0.0000201 seconds
[2019-12-09T04:10:07.329+0000][1][safepoint    ] Application time: 1.0000740 seconds
[2019-12-09T04:10:07.329+0000][1][safepoint    ] Entering safepoint region: Cleanup
[2019-12-09T04:10:07.329+0000][1][safepoint    ] Leaving safepoint region
[2019-12-09T04:10:07.329+0000][1][safepoint    ] Total time for which application threads were stopped: 0.0001068 seconds, Stopping threads took: 0.0000257 seconds
[2019-12-09T04:10:08.329+0000][1][safepoint    ] Application time: 1.0000764 seconds
[2019-12-09T04:10:08.329+0000][1][safepoint    ] Entering safepoint region: Cleanup
[2019-12-09T04:10:08.330+0000][1][safepoint    ] Leaving safepoint region
[2019-12-09T04:10:08.330+0000][1][safepoint    ] Total time for which application threads were stopped: 0.0000988 seconds, Stopping threads took: 0.0000193 seconds
[2019-12-09T04:10:09.330+0000][1][safepoint    ] Application time: 1.0000758 seconds
[2019-12-09T04:10:09.330+0000][1][safepoint    ] Entering safepoint region: Cleanup
[2019-12-09T04:10:09.330+0000][1][safepoint    ] Leaving safepoint region
[2019-12-09T04:10:09.330+0000][1][safepoint    ] Total time for which application threads were stopped: 0.0000960 seconds, Stopping threads took: 0.0000192 seconds
[2019-12-09T04:10:10.330+0000][1][safepoint    ] Application time: 1.0000764 seconds
[2019-12-09T04:10:10.330+0000][1][safepoint    ] Entering safepoint region: Cleanup
[2019-12-09T04:10:10.330+0000][1][safepoint    ] Leaving safepoint region
[2019-12-09T04:10:10.330+0000][1][safepoint    ] Total time for which application threads were stopped: 0.0000952 seconds, Stopping threads took: 0.0000177 seconds
[2019-12-09T04:10:11.330+0000][1][safepoint    ] Application time: 1.0000747 seconds
[2019-12-09T04:10:11.330+0000][1][safepoint    ] Entering safepoint region: Cleanup
[2019-12-09T04:10:11.330+0000][1][safepoint    ] Leaving safepoint region
[2019-12-09T04:10:11.330+0000][1][safepoint    ] Total time for which application threads were stopped: 0.0000939 seconds, Stopping threads took: 0.0000180 seconds
[2019-12-09T04:10:12.330+0000][1][safepoint    ] Application time: 1.0000763 seconds
[2019-12-09T04:10:12.330+0000][1][safepoint    ] Entering safepoint region: Cleanup
[2019-12-09T04:10:12.330+0000][1][safepoint    ] Leaving safepoint region
[2019-12-09T04:10:12.330+0000][1][safepoint    ] Total time for which application threads were stopped: 0.0000972 seconds, Stopping threads took: 0.0000194 seconds
[2019-12-09T04:10:13.331+0000][1][safepoint    ] Application time: 1.0000759 seconds
[2019-12-09T04:10:13.331+0000][1][safepoint    ] Entering safepoint region: Cleanup
[2019-12-09T04:10:13.331+0000][1][safepoint    ] Leaving safepoint region
[2019-12-09T04:10:13.331+0000][1][safepoint    ] Total time for which application threads were stopped: 0.0000989 seconds, Stopping threads took: 0.0000205 seconds
[2019-12-09T04:10:14.331+0000][1][safepoint    ] Application time: 1.0000758 seconds
[2019-12-09T04:10:14.331+0000][1][safepoint    ] Entering safepoint region: Cleanup
[2019-12-09T04:10:14.331+0000][1][safepoint    ] Leaving safepoint region
[2019-12-09T04:10:14.331+0000][1][safepoint    ] Total time for which application threads were stopped: 0.0000952 seconds, Stopping threads took: 0.0000190 seconds
[2019-12-09T04:10:15.331+0000][1][safepoint    ] Application time: 1.0000744 seconds
[2019-12-09T04:10:15.331+0000][1][safepoint    ] Entering safepoint region: Cleanup
[2019-12-09T04:10:15.331+0000][1][safepoint    ] Leaving safepoint region
[2019-12-09T04:10:15.331+0000][1][safepoint    ] Total time for which application threads were stopped: 0.0001058 seconds, Stopping threads took: 0.0000186 seconds
[2019-12-09T04:10:16.331+0000][1][safepoint    ] Application time: 1.0000752 seconds
[2019-12-09T04:10:16.331+0000][1][safepoint    ] Entering safepoint region: Cleanup
[2019-12-09T04:10:16.331+0000][1][safepoint    ] Leaving safepoint region
[2019-12-09T04:10:16.331+0000][1][safepoint    ] Total time for which application threads were stopped: 0.0000956 seconds, Stopping threads took: 0.0000191 seconds
[2019-12-09T04:10:17.331+0000][1][safepoint    ] Application time: 1.0000771 seconds
[2019-12-09T04:10:17.331+0000][1][safepoint    ] Entering safepoint region: Cleanup
[2019-12-09T04:10:17.331+0000][1][safepoint    ] Leaving safepoint region
[2019-12-09T04:10:17.331+0000][1][safepoint    ] Total time for which application threads were stopped: 0.0000966 seconds, Stopping threads took: 0.0000194 seconds
[2019-12-09T04:10:18.332+0000][1][safepoint    ] Application time: 1.0000758 seconds
[2019-12-09T04:10:18.332+0000][1][safepoint    ] Entering safepoint region: Cleanup
[2019-12-09T04:10:18.332+0000][1][safepoint    ] Leaving safepoint region
[2019-12-09T04:10:18.332+0000][1][safepoint    ] Total time for which application threads were stopped: 0.0001098 seconds, Stopping threads took: 0.0000190 seconds
[2019-12-09T04:10:19.332+0000][1][safepoint    ] Application time: 1.0000780 seconds
[2019-12-09T04:10:19.332+0000][1][safepoint    ] Entering safepoint region: Cleanup
[2019-12-09T04:10:19.332+0000][1][safepoint    ] Leaving safepoint region
[2019-12-09T04:10:19.332+0000][1][safepoint    ] Total time for which application threads were stopped: 0.0000994 seconds, Stopping threads took: 0.0000197 seconds
[2019-12-09T04:10:20.332+0000][1][safepoint    ] Application time: 1.0000764 seconds
[2019-12-09T04:10:20.332+0000][1][safepoint    ] Entering safepoint region: Cleanup
[2019-12-09T04:10:20.332+0000][1][safepoint    ] Leaving safepoint region
[2019-12-09T04:10:20.332+0000][1][safepoint    ] Total time for which application threads were stopped: 0.0000959 seconds, Stopping threads took: 0.0000200 seconds
[2019-12-09T04:10:21.332+0000][1][safepoint    ] Application time: 1.0000771 seconds
[2019-12-09T04:10:21.332+0000][1][safepoint    ] Entering safepoint region: Cleanup
[2019-12-09T04:10:21.332+0000][1][safepoint    ] Leaving safepoint region
[2019-12-09T04:10:21.332+0000][1][safepoint    ] Total time for which application threads were stopped: 0.0000919 seconds, Stopping threads took: 0.0000163 seconds
[2019-12-09T04:10:22.332+0000][1][safepoint    ] Application time: 1.0000768 seconds
[2019-12-09T04:10:22.332+0000][1][safepoint    ] Entering safepoint region: Cleanup
[2019-12-09T04:10:22.333+0000][1][safepoint    ] Leaving safepoint region
[2019-12-09T04:10:22.333+0000][1][safepoint    ] Total time for which application threads were stopped: 0.0000964 seconds, Stopping threads took: 0.0000198 seconds
[2019-12-09T04:10:23.333+0000][1][safepoint    ] Application time: 1.0000770 seconds
[2019-12-09T04:10:23.333+0000][1][safepoint    ] Entering safepoint region: Cleanup
[2019-12-09T04:10:23.333+0000][1][safepoint    ] Leaving safepoint region
[2019-12-09T04:10:23.333+0000][1][safepoint    ] Total time for which application threads were stopped: 0.0000953 seconds, Stopping threads took: 0.0000195 seconds
[2019-12-09T04:10:24.333+0000][1][safepoint    ] Application time: 1.0000776 seconds
[2019-12-09T04:10:24.333+0000][1][safepoint    ] Entering safepoint region: Cleanup
[2019-12-09T04:10:24.333+0000][1][safepoint    ] Leaving safepoint region
[2019-12-09T04:10:24.333+0000][1][safepoint    ] Total time for which application threads were stopped: 0.0000955 seconds, Stopping threads took: 0.0000178 seconds
[2019-12-09T04:10:25.333+0000][1][safepoint    ] Application time: 1.0000752 seconds
[2019-12-09T04:10:25.333+0000][1][safepoint    ] Entering safepoint region: Cleanup
[2019-12-09T04:10:25.333+0000][1][safepoint    ] Leaving safepoint region
[2019-12-09T04:10:25.333+0000][1][safepoint    ] Total time for which application threads were stopped: 0.0000932 seconds, Stopping threads took: 0.0000181 seconds
[2019-12-09T04:10:26.333+0000][1][safepoint    ] Application time: 1.0000780 seconds
[2019-12-09T04:10:26.333+0000][1][safepoint    ] Entering safepoint region: Cleanup
[2019-12-09T04:10:26.333+0000][1][safepoint    ] Leaving safepoint region
[2019-12-09T04:10:26.333+0000][1][safepoint    ] Total time for which application threads were stopped: 0.0000988 seconds, Stopping threads took: 0.0000206 seconds
[2019-12-09T04:10:27.334+0000][1][safepoint    ] Application time: 1.0000849 seconds
[2019-12-09T04:10:27.334+0000][1][safepoint    ] Entering safepoint region: Cleanup
[2019-12-09T04:10:27.334+0000][1][safepoint    ] Leaving safepoint region
[2019-12-09T04:10:27.334+0000][1][safepoint    ] Total time for which application threads were stopped: 0.0001541 seconds, Stopping threads took: 0.0000334 seconds
[2019-12-09T04:10:28.334+0000][1][safepoint    ] Application time: 1.0000782 seconds
[2019-12-09T04:10:28.334+0000][1][safepoint    ] Entering safepoint region: Cleanup
[2019-12-09T04:10:28.334+0000][1][safepoint    ] Leaving safepoint region
[2019-12-09T04:10:28.334+0000][1][safepoint    ] Total time for which application threads were stopped: 0.0000961 seconds, Stopping threads took: 0.0000190 seconds
[2019-12-09T04:10:29.334+0000][1][safepoint    ] Application time: 1.0000756 seconds
[2019-12-09T04:10:29.334+0000][1][safepoint    ] Entering safepoint region: Cleanup
[2019-12-09T04:10:29.334+0000][1][safepoint    ] Leaving safepoint region
[2019-12-09T04:10:29.334+0000][1][safepoint    ] Total time for which application threads were stopped: 0.0000965 seconds, Stopping threads took: 0.0000184 seconds
[2019-12-09T04:10:30.384+0000][1][safepoint    ] Application time: 1.0501071 seconds
[2019-12-09T04:10:30.384+0000][1][safepoint    ] Entering safepoint region: Cleanup
[2019-12-09T04:10:30.384+0000][1][safepoint    ] Leaving safepoint region
[2019-12-09T04:10:30.384+0000][1][safepoint    ] Total time for which application threads were stopped: 0.0001248 seconds, Stopping threads took: 0.0000194 seconds
[2019-12-09T04:10:31.384+0000][1][safepoint    ] Application time: 1.0000741 seconds
[2019-12-09T04:10:31.385+0000][1][safepoint    ] Entering safepoint region: Cleanup
[2019-12-09T04:10:31.385+0000][1][safepoint    ] Leaving safepoint region
[2019-12-09T04:10:31.385+0000][1][safepoint    ] Total time for which application threads were stopped: 0.0000892 seconds, Stopping threads took: 0.0000168 seconds
[2019-12-09T04:10:32.385+0000][1][safepoint    ] Application time: 1.0000825 seconds
[2019-12-09T04:10:32.385+0000][1][safepoint    ] Entering safepoint region: Cleanup
[2019-12-09T04:10:32.385+0000][1][safepoint    ] Leaving safepoint region
[2019-12-09T04:10:32.385+0000][1][safepoint    ] Total time for which application threads were stopped: 0.0000882 seconds, Stopping threads took: 0.0000165 seconds
[2019-12-09T04:10:33.385+0000][1][safepoint    ] Application time: 1.0000759 seconds
[2019-12-09T04:10:33.385+0000][1][safepoint    ] Entering safepoint region: Cleanup
[2019-12-09T04:10:33.385+0000][1][safepoint    ] Leaving safepoint region
[2019-12-09T04:10:33.385+0000][1][safepoint    ] Total time for which application threads were stopped: 0.0000906 seconds, Stopping threads took: 0.0000178 seconds
[2019-12-09T04:10:34.385+0000][1][safepoint    ] Application time: 1.0000739 seconds
[2019-12-09T04:10:34.385+0000][1][safepoint    ] Entering safepoint region: Cleanup
[2019-12-09T04:10:34.385+0000][1][safepoint    ] Leaving safepoint region
[2019-12-09T04:10:34.385+0000][1][safepoint    ] Total time for which application threads were stopped: 0.0000917 seconds, Stopping threads took: 0.0000185 seconds
[2019-12-09T04:10:35.385+0000][1][safepoint    ] Application time: 1.0000765 seconds
[2019-12-09T04:10:35.385+0000][1][safepoint    ] Entering safepoint region: Cleanup
[2019-12-09T04:10:35.385+0000][1][safepoint    ] Leaving safepoint region
[2019-12-09T04:10:35.385+0000][1][safepoint    ] Total time for which application threads were stopped: 0.0000877 seconds, Stopping threads took: 0.0000166 seconds
[2019-12-09T04:10:36.385+0000][1][safepoint    ] Application time: 1.0000768 seconds
[2019-12-09T04:10:36.386+0000][1][safepoint    ] Entering safepoint region: Cleanup
[2019-12-09T04:10:36.386+0000][1][safepoint    ] Leaving safepoint region
[2019-12-09T04:10:36.386+0000][1][safepoint    ] Total time for which application threads were stopped: 0.0000909 seconds, Stopping threads took: 0.0000185 seconds
[2019-12-09T04:10:37.386+0000][1][safepoint    ] Application time: 1.0000844 seconds
[2019-12-09T04:10:37.386+0000][1][safepoint    ] Entering safepoint region: Cleanup
[2019-12-09T04:10:37.386+0000][1][safepoint    ] Leaving safepoint region
[2019-12-09T04:10:37.386+0000][1][safepoint    ] Total time for which application threads were stopped: 0.0000926 seconds, Stopping threads took: 0.0000181 seconds
[2019-12-09T04:10:38.386+0000][1][safepoint    ] Application time: 1.0000776 seconds
[2019-12-09T04:10:38.386+0000][1][safepoint    ] Entering safepoint region: Cleanup
[2019-12-09T04:10:38.386+0000][1][safepoint    ] Leaving safepoint region
[2019-12-09T04:10:38.386+0000][1][safepoint    ] Total time for which application threads were stopped: 0.0000990 seconds, Stopping threads took: 0.0000206 seconds
[2019-12-09T04:10:39.386+0000][1][safepoint    ] Application time: 1.0000760 seconds
[2019-12-09T04:10:39.386+0000][1][safepoint    ] Entering safepoint region: Cleanup
[2019-12-09T04:10:39.386+0000][1][safepoint    ] Leaving safepoint region
[2019-12-09T04:10:39.386+0000][1][safepoint    ] Total time for which application threads were stopped: 0.0000928 seconds, Stopping threads took: 0.0000179 seconds
[2019-12-09T04:10:40.386+0000][1][safepoint    ] Application time: 1.0000772 seconds
[2019-12-09T04:10:40.386+0000][1][safepoint    ] Entering safepoint region: Cleanup
[2019-12-09T04:10:40.386+0000][1][safepoint    ] Leaving safepoint region
[2019-12-09T04:10:40.386+0000][1][safepoint    ] Total time for which application threads were stopped: 0.0000974 seconds, Stopping threads took: 0.0000201 seconds
[2019-12-09T04:10:41.387+0000][1][safepoint    ] Application time: 1.0000800 seconds
[2019-12-09T04:10:41.387+0000][1][safepoint    ] Entering safepoint region: Cleanup
[2019-12-09T04:10:41.387+0000][1][safepoint    ] Leaving safepoint region
[2019-12-09T04:10:41.387+0000][1][safepoint    ] Total time for which application threads were stopped: 0.0001009 seconds, Stopping threads took: 0.0000178 seconds
[2019-12-09T04:10:42.387+0000][1][safepoint    ] Application time: 1.0000754 seconds
[2019-12-09T04:10:42.387+0000][1][safepoint    ] Entering safepoint region: Cleanup
[2019-12-09T04:10:42.387+0000][1][safepoint    ] Leaving safepoint region
[2019-12-09T04:10:42.387+0000][1][safepoint    ] Total time for which application threads were stopped: 0.0000993 seconds, Stopping threads took: 0.0000196 seconds
[2019-12-09T04:10:43.387+0000][1][safepoint    ] Application time: 1.0000762 seconds
[2019-12-09T04:10:43.387+0000][1][safepoint    ] Entering safepoint region: Cleanup
[2019-12-09T04:10:43.387+0000][1][safepoint    ] Leaving safepoint region
[2019-12-09T04:10:43.387+0000][1][safepoint    ] Total time for which application threads were stopped: 0.0000925 seconds, Stopping threads took: 0.0000178 seconds
[2019-12-09T04:10:44.387+0000][1][safepoint    ] Application time: 1.0000787 seconds
[2019-12-09T04:10:44.387+0000][1][safepoint    ] Entering safepoint region: Cleanup
[2019-12-09T04:10:44.387+0000][1][safepoint    ] Leaving safepoint region
[2019-12-09T04:10:44.387+0000][1][safepoint    ] Total time for which application threads were stopped: 0.0000926 seconds, Stopping threads took: 0.0000174 seconds
[2019-12-09T04:10:45.387+0000][1][safepoint    ] Application time: 1.0000757 seconds
[2019-12-09T04:10:45.387+0000][1][safepoint    ] Entering safepoint region: Cleanup
[2019-12-09T04:10:45.388+0000][1][safepoint    ] Leaving safepoint region
[2019-12-09T04:10:45.388+0000][1][safepoint    ] Total time for which application threads were stopped: 0.0000988 seconds, Stopping threads took: 0.0000185 seconds
[2019-12-09T04:10:46.388+0000][1][safepoint    ] Application time: 1.0000771 seconds
[2019-12-09T04:10:46.388+0000][1][safepoint    ] Entering safepoint region: Cleanup
[2019-12-09T04:10:46.388+0000][1][safepoint    ] Leaving safepoint region
[2019-12-09T04:10:46.388+0000][1][safepoint    ] Total time for which application threads were stopped: 0.0000956 seconds, Stopping threads took: 0.0000203 seconds
[2019-12-09T04:10:47.388+0000][1][safepoint    ] Application time: 1.0000774 seconds
[2019-12-09T04:10:47.388+0000][1][safepoint    ] Entering safepoint region: Cleanup
[2019-12-09T04:10:47.388+0000][1][safepoint    ] Leaving safepoint region
[2019-12-09T04:10:47.388+0000][1][safepoint    ] Total time for which application threads were stopped: 0.0000963 seconds, Stopping threads took: 0.0000192 seconds
[2019-12-09T04:10:48.388+0000][1][safepoint    ] Application time: 1.0000770 seconds
[2019-12-09T04:10:48.388+0000][1][safepoint    ] Entering safepoint region: Cleanup
[2019-12-09T04:10:48.388+0000][1][safepoint    ] Leaving safepoint region
[2019-12-09T04:10:48.388+0000][1][safepoint    ] Total time for which application threads were stopped: 0.0000930 seconds, Stopping threads took: 0.0000185 seconds
[2019-12-09T04:10:49.388+0000][1][safepoint    ] Application time: 1.0000755 seconds
[2019-12-09T04:10:49.388+0000][1][safepoint    ] Entering safepoint region: Cleanup
[2019-12-09T04:10:49.388+0000][1][safepoint    ] Leaving safepoint region
[2019-12-09T04:10:49.388+0000][1][safepoint    ] Total time for which application threads were stopped: 0.0001094 seconds, Stopping threads took: 0.0000195 seconds
[2019-12-09T04:10:50.389+0000][1][safepoint    ] Application time: 1.0000804 seconds
[2019-12-09T04:10:50.389+0000][1][safepoint    ] Entering safepoint region: Cleanup
[2019-12-09T04:10:50.389+0000][1][safepoint    ] Leaving safepoint region
[2019-12-09T04:10:50.389+0000][1][safepoint    ] Total time for which application threads were stopped: 0.0001091 seconds, Stopping threads took: 0.0000187 seconds
[2019-12-09T04:10:51.389+0000][1][safepoint    ] Application time: 1.0000773 seconds
[2019-12-09T04:10:51.389+0000][1][safepoint    ] Entering safepoint region: Cleanup
[2019-12-09T04:10:51.389+0000][1][safepoint    ] Leaving safepoint region
[2019-12-09T04:10:51.389+0000][1][safepoint    ] Total time for which application threads were stopped: 0.0000929 seconds, Stopping threads took: 0.0000186 seconds
[2019-12-09T04:10:52.389+0000][1][safepoint    ] Application time: 1.0000772 seconds
[2019-12-09T04:10:52.389+0000][1][safepoint    ] Entering safepoint region: Cleanup
[2019-12-09T04:10:52.389+0000][1][safepoint    ] Leaving safepoint region
[2019-12-09T04:10:52.389+0000][1][safepoint    ] Total time for which application threads were stopped: 0.0001031 seconds, Stopping threads took: 0.0000265 seconds
[2019-12-09T04:10:53.389+0000][1][safepoint    ] Application time: 1.0000774 seconds
[2019-12-09T04:10:53.389+0000][1][safepoint    ] Entering safepoint region: Cleanup
[2019-12-09T04:10:53.389+0000][1][safepoint    ] Leaving safepoint region
[2019-12-09T04:10:53.389+0000][1][safepoint    ] Total time for which application threads were stopped: 0.0000969 seconds, Stopping threads took: 0.0000189 seconds
[2019-12-09T04:10:54.389+0000][1][safepoint    ] Application time: 1.0000770 seconds
[2019-12-09T04:10:54.389+0000][1][safepoint    ] Entering safepoint region: Cleanup
[2019-12-09T04:10:54.390+0000][1][safepoint    ] Leaving safepoint region
[2019-12-09T04:10:54.390+0000][1][safepoint    ] Total time for which application threads were stopped: 0.0000999 seconds, Stopping threads took: 0.0000195 seconds
[2019-12-09T04:10:55.390+0000][1][safepoint    ] Application time: 1.0000786 seconds
[2019-12-09T04:10:55.390+0000][1][safepoint    ] Entering safepoint region: Cleanup
[2019-12-09T04:10:55.390+0000][1][safepoint    ] Leaving safepoint region
[2019-12-09T04:10:55.390+0000][1][safepoint    ] Total time for which application threads were stopped: 0.0000989 seconds, Stopping threads took: 0.0000224 seconds
[2019-12-09T04:10:56.390+0000][1][safepoint    ] Application time: 1.0000781 seconds
[2019-12-09T04:10:56.390+0000][1][safepoint    ] Entering safepoint region: Cleanup
[2019-12-09T04:10:56.390+0000][1][safepoint    ] Leaving safepoint region
[2019-12-09T04:10:56.390+0000][1][safepoint    ] Total time for which application threads were stopped: 0.0000970 seconds, Stopping threads took: 0.0000192 seconds
[2019-12-09T04:10:57.390+0000][1][safepoint    ] Application time: 1.0000794 seconds
[2019-12-09T04:10:57.390+0000][1][safepoint    ] Entering safepoint region: Cleanup
[2019-12-09T04:10:57.390+0000][1][safepoint    ] Leaving safepoint region
[2019-12-09T04:10:57.390+0000][1][safepoint    ] Total time for which application threads were stopped: 0.0000960 seconds, Stopping threads took: 0.0000202 seconds
[2019-12-09T04:10:58.390+0000][1][safepoint    ] Application time: 1.0000798 seconds
[2019-12-09T04:10:58.390+0000][1][safepoint    ] Entering safepoint region: Cleanup
[2019-12-09T04:10:58.390+0000][1][safepoint    ] Leaving safepoint region
[2019-12-09T04:10:58.390+0000][1][safepoint    ] Total time for which application threads were stopped: 0.0000957 seconds, Stopping threads took: 0.0000204 seconds
[2019-12-09T04:10:59.391+0000][1][safepoint    ] Application time: 1.0000807 seconds
[2019-12-09T04:10:59.391+0000][1][safepoint    ] Entering safepoint region: Cleanup
[2019-12-09T04:10:59.391+0000][1][safepoint    ] Leaving safepoint region
[2019-12-09T04:10:59.391+0000][1][safepoint    ] Total time for which application threads were stopped: 0.0001117 seconds, Stopping threads took: 0.0000202 seconds
[2019-12-09T04:11:00.391+0000][1][safepoint    ] Application time: 1.0000817 seconds
[2019-12-09T04:11:00.391+0000][1][safepoint    ] Entering safepoint region: Cleanup
[2019-12-09T04:11:00.391+0000][1][safepoint    ] Leaving safepoint region
[2019-12-09T04:11:00.391+0000][1][safepoint    ] Total time for which application threads were stopped: 0.0000938 seconds, Stopping threads took: 0.0000182 seconds
[2019-12-09T04:11:01.391+0000][1][safepoint    ] Application time: 1.0000815 seconds
[2019-12-09T04:11:01.391+0000][1][safepoint    ] Entering safepoint region: Cleanup
[2019-12-09T04:11:01.391+0000][1][safepoint    ] Leaving safepoint region
[2019-12-09T04:11:01.391+0000][1][safepoint    ] Total time for which application threads were stopped: 0.0000960 seconds, Stopping threads took: 0.0000190 seconds
[2019-12-09T04:11:02.391+0000][1][safepoint    ] Application time: 1.0000781 seconds
[2019-12-09T04:11:02.391+0000][1][safepoint    ] Entering safepoint region: Cleanup
[2019-12-09T04:11:02.391+0000][1][safepoint    ] Leaving safepoint region
[2019-12-09T04:11:02.391+0000][1][safepoint    ] Total time for which application threads were stopped: 0.0000933 seconds, Stopping threads took: 0.0000182 seconds
[2019-12-09T04:11:03.391+0000][1][safepoint    ] Application time: 1.0000776 seconds
[2019-12-09T04:11:03.392+0000][1][safepoint    ] Entering safepoint region: Cleanup
[2019-12-09T04:11:03.392+0000][1][safepoint    ] Leaving safepoint region
[2019-12-09T04:11:03.392+0000][1][safepoint    ] Total time for which application threads were stopped: 0.0001019 seconds, Stopping threads took: 0.0000194 seconds
[2019-12-09T04:11:04.392+0000][1][safepoint    ] Application time: 1.0000878 seconds
[2019-12-09T04:11:04.392+0000][1][safepoint    ] Entering safepoint region: Cleanup
[2019-12-09T04:11:04.392+0000][1][safepoint    ] Leaving safepoint region
[2019-12-09T04:11:04.392+0000][1][safepoint    ] Total time for which application threads were stopped: 0.0000932 seconds, Stopping threads took: 0.0000191 seconds
[2019-12-09T04:11:05.392+0000][1][safepoint    ] Application time: 1.0000797 seconds
[2019-12-09T04:11:05.392+0000][1][safepoint    ] Entering safepoint region: Cleanup
[2019-12-09T04:11:05.392+0000][1][safepoint    ] Leaving safepoint region
[2019-12-09T04:11:05.392+0000][1][safepoint    ] Total time for which application threads were stopped: 0.0000990 seconds, Stopping threads took: 0.0000212 seconds
[2019-12-09T04:11:06.392+0000][1][safepoint    ] Application time: 1.0000775 seconds
[2019-12-09T04:11:06.392+0000][1][safepoint    ] Entering safepoint region: Cleanup
[2019-12-09T04:11:06.392+0000][1][safepoint    ] Leaving safepoint region
[2019-12-09T04:11:06.392+0000][1][safepoint    ] Total time for which application threads were stopped: 0.0000970 seconds, Stopping threads took: 0.0000177 seconds
[2019-12-09T04:11:07.392+0000][1][safepoint    ] Application time: 1.0000778 seconds
[2019-12-09T04:11:07.392+0000][1][safepoint    ] Entering safepoint region: Cleanup
[2019-12-09T04:11:07.392+0000][1][safepoint    ] Leaving safepoint region
[2019-12-09T04:11:07.392+0000][1][safepoint    ] Total time for which application threads were stopped: 0.0001011 seconds, Stopping threads took: 0.0000227 seconds
[2019-12-09T04:11:08.393+0000][1][safepoint    ] Application time: 1.0000762 seconds
[2019-12-09T04:11:08.393+0000][1][safepoint    ] Entering safepoint region: Cleanup
[2019-12-09T04:11:08.393+0000][1][safepoint    ] Leaving safepoint region
[2019-12-09T04:11:08.393+0000][1][safepoint    ] Total time for which application threads were stopped: 0.0001076 seconds, Stopping threads took: 0.0000196 seconds
[2019-12-09T04:11:09.393+0000][1][safepoint    ] Application time: 1.0000771 seconds
[2019-12-09T04:11:09.393+0000][1][safepoint    ] Entering safepoint region: Cleanup
[2019-12-09T04:11:09.393+0000][1][safepoint    ] Leaving safepoint region
[2019-12-09T04:11:09.393+0000][1][safepoint    ] Total time for which application threads were stopped: 0.0001033 seconds, Stopping threads took: 0.0000182 seconds
[2019-12-09T04:11:10.393+0000][1][safepoint    ] Application time: 1.0000770 seconds
[2019-12-09T04:11:10.393+0000][1][safepoint    ] Entering safepoint region: Cleanup
[2019-12-09T04:11:10.393+0000][1][safepoint    ] Leaving safepoint region
[2019-12-09T04:11:10.393+0000][1][safepoint    ] Total time for which application threads were stopped: 0.0000938 seconds, Stopping threads took: 0.0000188 seconds
[2019-12-09T04:11:11.393+0000][1][safepoint    ] Application time: 1.0000766 seconds
[2019-12-09T04:11:11.393+0000][1][safepoint    ] Entering safepoint region: Cleanup
[2019-12-09T04:11:11.393+0000][1][safepoint    ] Leaving safepoint region
[2019-12-09T04:11:11.393+0000][1][safepoint    ] Total time for which application threads were stopped: 0.0000896 seconds, Stopping threads took: 0.0000178 seconds
[2019-12-09T04:11:12.393+0000][1][safepoint    ] Application time: 1.0000766 seconds
[2019-12-09T04:11:12.393+0000][1][safepoint    ] Entering safepoint region: Cleanup
[2019-12-09T04:11:12.394+0000][1][safepoint    ] Leaving safepoint region
[2019-12-09T04:11:12.394+0000][1][safepoint    ] Total time for which application threads were stopped: 0.0000967 seconds, Stopping threads took: 0.0000200 seconds
[2019-12-09T04:11:13.394+0000][1][safepoint    ] Application time: 1.0000300 seconds
[2019-12-09T04:11:13.394+0000][1][safepoint    ] Entering safepoint region: Cleanup
[2019-12-09T04:11:13.394+0000][1][safepoint    ] Leaving safepoint region
[2019-12-09T04:11:13.394+0000][1][safepoint    ] Total time for which application threads were stopped: 0.0001106 seconds, Stopping threads took: 0.0000201 seconds
[2019-12-09T04:11:14.394+0000][1][safepoint    ] Application time: 1.0000774 seconds
[2019-12-09T04:11:14.394+0000][1][safepoint    ] Entering safepoint region: Cleanup
[2019-12-09T04:11:14.394+0000][1][safepoint    ] Leaving safepoint region
[2019-12-09T04:11:14.394+0000][1][safepoint    ] Total time for which application threads were stopped: 0.0000928 seconds, Stopping threads took: 0.0000185 seconds
[2019-12-09T04:11:15.394+0000][1][safepoint    ] Application time: 1.0000778 seconds
[2019-12-09T04:11:15.394+0000][1][safepoint    ] Entering safepoint region: Cleanup
[2019-12-09T04:11:15.394+0000][1][safepoint    ] Leaving safepoint region
[2019-12-09T04:11:15.394+0000][1][safepoint    ] Total time for which application threads were stopped: 0.0000947 seconds, Stopping threads took: 0.0000192 seconds
[2019-12-09T04:11:16.394+0000][1][safepoint    ] Application time: 1.0000780 seconds
[2019-12-09T04:11:16.394+0000][1][safepoint    ] Entering safepoint region: Cleanup
[2019-12-09T04:11:16.394+0000][1][safepoint    ] Leaving safepoint region
[2019-12-09T04:11:16.394+0000][1][safepoint    ] Total time for which application threads were stopped: 0.0000945 seconds, Stopping threads took: 0.0000167 seconds
[2019-12-09T04:11:17.395+0000][1][safepoint    ] Application time: 1.0000788 seconds
[2019-12-09T04:11:17.395+0000][1][safepoint    ] Entering safepoint region: Cleanup
[2019-12-09T04:11:17.395+0000][1][safepoint    ] Leaving safepoint region
[2019-12-09T04:11:17.395+0000][1][safepoint    ] Total time for which application threads were stopped: 0.0001070 seconds, Stopping threads took: 0.0000266 seconds
[2019-12-09T04:11:18.395+0000][1][safepoint    ] Application time: 1.0000762 seconds
[2019-12-09T04:11:18.395+0000][1][safepoint    ] Entering safepoint region: Cleanup
[2019-12-09T04:11:18.395+0000][1][safepoint    ] Leaving safepoint region
[2019-12-09T04:11:18.395+0000][1][safepoint    ] Total time for which application threads were stopped: 0.0000936 seconds, Stopping threads took: 0.0000185 seconds
[2019-12-09T04:11:19.395+0000][1][safepoint    ] Application time: 1.0000764 seconds
[2019-12-09T04:11:19.395+0000][1][safepoint    ] Entering safepoint region: Cleanup
[2019-12-09T04:11:19.395+0000][1][safepoint    ] Leaving safepoint region
[2019-12-09T04:11:19.395+0000][1][safepoint    ] Total time for which application threads were stopped: 0.0000912 seconds, Stopping threads took: 0.0000175 seconds
[2019-12-09T04:11:20.395+0000][1][safepoint    ] Application time: 1.0000865 seconds
[2019-12-09T04:11:20.395+0000][1][safepoint    ] Entering safepoint region: Cleanup
[2019-12-09T04:11:20.395+0000][1][safepoint    ] Leaving safepoint region
[2019-12-09T04:11:20.395+0000][1][safepoint    ] Total time for which application threads were stopped: 0.0001322 seconds, Stopping threads took: 0.0000274 seconds
[2019-12-09T04:11:21.395+0000][1][safepoint    ] Application time: 1.0000767 seconds
[2019-12-09T04:11:21.395+0000][1][safepoint    ] Entering safepoint region: Cleanup
[2019-12-09T04:11:21.396+0000][1][safepoint    ] Leaving safepoint region
[2019-12-09T04:11:21.396+0000][1][safepoint    ] Total time for which application threads were stopped: 0.0000968 seconds, Stopping threads took: 0.0000155 seconds
[2019-12-09T04:11:22.396+0000][1][safepoint    ] Application time: 1.0000778 seconds
[2019-12-09T04:11:22.396+0000][1][safepoint    ] Entering safepoint region: Cleanup
[2019-12-09T04:11:22.396+0000][1][safepoint    ] Leaving safepoint region
[2019-12-09T04:11:22.396+0000][1][safepoint    ] Total time for which application threads were stopped: 0.0001072 seconds, Stopping threads took: 0.0000297 seconds
[2019-12-09T04:11:23.396+0000][1][safepoint    ] Application time: 1.0000777 seconds
[2019-12-09T04:11:23.396+0000][1][safepoint    ] Entering safepoint region: Cleanup
[2019-12-09T04:11:23.396+0000][1][safepoint    ] Leaving safepoint region
[2019-12-09T04:11:23.396+0000][1][safepoint    ] Total time for which application threads were stopped: 0.0000975 seconds, Stopping threads took: 0.0000192 seconds
[2019-12-09T04:11:24.396+0000][1][safepoint    ] Application time: 1.0000760 seconds
[2019-12-09T04:11:24.396+0000][1][safepoint    ] Entering safepoint region: Cleanup
[2019-12-09T04:11:24.396+0000][1][safepoint    ] Leaving safepoint region
[2019-12-09T04:11:24.396+0000][1][safepoint    ] Total time for which application threads were stopped: 0.0000925 seconds, Stopping threads took: 0.0000180 seconds
[2019-12-09T04:11:25.396+0000][1][safepoint    ] Application time: 1.0000802 seconds
[2019-12-09T04:11:25.396+0000][1][safepoint    ] Entering safepoint region: Cleanup
[2019-12-09T04:11:25.396+0000][1][safepoint    ] Leaving safepoint region
[2019-12-09T04:11:25.397+0000][1][safepoint    ] Total time for which application threads were stopped: 0.0001372 seconds, Stopping threads took: 0.0000263 seconds
[2019-12-09T04:11:26.397+0000][1][safepoint    ] Application time: 1.0000762 seconds
[2019-12-09T04:11:26.397+0000][1][safepoint    ] Entering safepoint region: Cleanup
[2019-12-09T04:11:26.397+0000][1][safepoint    ] Leaving safepoint region
[2019-12-09T04:11:26.397+0000][1][safepoint    ] Total time for which application threads were stopped: 0.0001046 seconds, Stopping threads took: 0.0000181 seconds
[2019-12-09T04:11:27.397+0000][1][safepoint    ] Application time: 1.0000754 seconds
[2019-12-09T04:11:27.397+0000][1][safepoint    ] Entering safepoint region: Cleanup
[2019-12-09T04:11:27.397+0000][1][safepoint    ] Leaving safepoint region
[2019-12-09T04:11:27.397+0000][1][safepoint    ] Total time for which application threads were stopped: 0.0001073 seconds, Stopping threads took: 0.0000254 seconds
[2019-12-09T04:11:28.397+0000][1][safepoint    ] Application time: 1.0000760 seconds
[2019-12-09T04:11:28.397+0000][1][safepoint    ] Entering safepoint region: Cleanup
[2019-12-09T04:11:28.397+0000][1][safepoint    ] Leaving safepoint region
[2019-12-09T04:11:28.397+0000][1][safepoint    ] Total time for which application threads were stopped: 0.0000938 seconds, Stopping threads took: 0.0000176 seconds
[2019-12-09T04:11:29.397+0000][1][safepoint    ] Application time: 1.0000762 seconds
[2019-12-09T04:11:29.397+0000][1][safepoint    ] Entering safepoint region: Cleanup
[2019-12-09T04:11:29.397+0000][1][safepoint    ] Leaving safepoint region
[2019-12-09T04:11:29.397+0000][1][safepoint    ] Total time for which application threads were stopped: 0.0000948 seconds, Stopping threads took: 0.0000183 seconds
[2019-12-09T04:11:30.397+0000][1][safepoint    ] Application time: 1.0000800 seconds
[2019-12-09T04:11:30.398+0000][1][safepoint    ] Entering safepoint region: Cleanup
[2019-12-09T04:11:30.398+0000][1][safepoint    ] Leaving safepoint region
[2019-12-09T04:11:30.398+0000][1][safepoint    ] Total time for which application threads were stopped: 0.0000952 seconds, Stopping threads took: 0.0000173 seconds
[2019-12-09T04:11:31.398+0000][1][safepoint    ] Application time: 1.0000875 seconds
[2019-12-09T04:11:31.398+0000][1][safepoint    ] Entering safepoint region: Cleanup
[2019-12-09T04:11:31.398+0000][1][safepoint    ] Leaving safepoint region
[2019-12-09T04:11:31.398+0000][1][safepoint    ] Total time for which application threads were stopped: 0.0000915 seconds, Stopping threads took: 0.0000170 seconds
[2019-12-09T04:11:32.398+0000][1][safepoint    ] Application time: 1.0000775 seconds
[2019-12-09T04:11:32.398+0000][1][safepoint    ] Entering safepoint region: Cleanup
[2019-12-09T04:11:32.398+0000][1][safepoint    ] Leaving safepoint region
[2019-12-09T04:11:32.398+0000][1][safepoint    ] Total time for which application threads were stopped: 0.0000953 seconds, Stopping threads took: 0.0000185 seconds
[2019-12-09T04:11:33.398+0000][1][safepoint    ] Application time: 1.0000777 seconds
[2019-12-09T04:11:33.398+0000][1][safepoint    ] Entering safepoint region: Cleanup
[2019-12-09T04:11:33.398+0000][1][safepoint    ] Leaving safepoint region
[2019-12-09T04:11:33.398+0000][1][safepoint    ] Total time for which application threads were stopped: 0.0000934 seconds, Stopping threads took: 0.0000186 seconds
[2019-12-09T04:11:34.398+0000][1][safepoint    ] Application time: 1.0000769 seconds
[2019-12-09T04:11:34.398+0000][1][safepoint    ] Entering safepoint region: Cleanup
[2019-12-09T04:11:34.398+0000][1][safepoint    ] Leaving safepoint region
[2019-12-09T04:11:34.398+0000][1][safepoint    ] Total time for which application threads were stopped: 0.0000877 seconds, Stopping threads took: 0.0000164 seconds
[2019-12-09T04:11:35.399+0000][1][safepoint    ] Application time: 1.0000757 seconds
[2019-12-09T04:11:35.399+0000][1][safepoint    ] Entering safepoint region: Cleanup
[2019-12-09T04:11:35.399+0000][1][safepoint    ] Leaving safepoint region
[2019-12-09T04:11:35.399+0000][1][safepoint    ] Total time for which application threads were stopped: 0.0000919 seconds, Stopping threads took: 0.0000178 seconds
[2019-12-09T04:11:36.364+0000][1][safepoint    ] Application time: 0.9654617 seconds
[2019-12-09T04:11:36.364+0000][1][safepoint    ] Entering safepoint region: GenCollectForAllocation
[2019-12-09T04:11:36.364+0000][1][gc,start     ] GC(40) Pause Young (Allocation Failure)
[2019-12-09T04:11:36.364+0000][1][gc,task      ] GC(40) Using 2 workers of 2 for evacuation
[2019-12-09T04:11:36.366+0000][1][gc,age       ] GC(40) Desired survivor size 4456448 bytes, new threshold 6 (max threshold 6)
[2019-12-09T04:11:36.366+0000][1][gc,age       ] GC(40) Age table with threshold 6 (max threshold 6)
[2019-12-09T04:11:36.366+0000][1][gc,age       ] GC(40) - age   1:       9760 bytes,       9760 total
[2019-12-09T04:11:36.366+0000][1][gc,age       ] GC(40) - age   2:       4464 bytes,      14224 total
[2019-12-09T04:11:36.366+0000][1][gc,age       ] GC(40) - age   3:        840 bytes,      15064 total
[2019-12-09T04:11:36.366+0000][1][gc,age       ] GC(40) - age   4:        488 bytes,      15552 total
[2019-12-09T04:11:36.366+0000][1][gc,age       ] GC(40) - age   5:       2728 bytes,      18280 total
[2019-12-09T04:11:36.366+0000][1][gc,age       ] GC(40) - age   6:       2112 bytes,      20392 total
[2019-12-09T04:11:36.366+0000][1][gc,heap      ] GC(40) ParNew: 70047K->29K(78656K)
[2019-12-09T04:11:36.366+0000][1][gc,heap      ] GC(40) CMS: 75860K->75864K(174784K)
[2019-12-09T04:11:36.366+0000][1][gc,metaspace ] GC(40) Metaspace: 79769K->79769K(1122304K)
[2019-12-09T04:11:36.366+0000][1][gc           ] GC(40) Pause Young (Allocation Failure) 142M->74M(247M) 1.800ms
[2019-12-09T04:11:36.366+0000][1][gc,cpu       ] GC(40) User=0.00s Sys=0.00s Real=0.01s
[2019-12-09T04:11:36.366+0000][1][safepoint    ] Leaving safepoint region
[2019-12-09T04:11:36.366+0000][1][safepoint    ] Total time for which application threads were stopped: 0.0019694 seconds, Stopping threads took: 0.0000182 seconds
[2019-12-09T04:11:37.366+0000][1][safepoint    ] Application time: 1.0000913 seconds
[2019-12-09T04:11:37.366+0000][1][safepoint    ] Entering safepoint region: Cleanup
[2019-12-09T04:11:37.366+0000][1][safepoint    ] Leaving safepoint region
[2019-12-09T04:11:37.366+0000][1][safepoint    ] Total time for which application threads were stopped: 0.0001006 seconds, Stopping threads took: 0.0000253 seconds
[2019-12-09T04:11:38.366+0000][1][safepoint    ] Application time: 1.0000751 seconds
[2019-12-09T04:11:38.367+0000][1][safepoint    ] Entering safepoint region: Cleanup
[2019-12-09T04:11:38.367+0000][1][safepoint    ] Leaving safepoint region
[2019-12-09T04:11:38.367+0000][1][safepoint    ] Total time for which application threads were stopped: 0.0000928 seconds, Stopping threads took: 0.0000163 seconds
[2019-12-09T04:11:39.367+0000][1][safepoint    ] Application time: 1.0000832 seconds
[2019-12-09T04:11:39.367+0000][1][safepoint    ] Entering safepoint region: Cleanup
[2019-12-09T04:11:39.367+0000][1][safepoint    ] Leaving safepoint region
[2019-12-09T04:11:39.367+0000][1][safepoint    ] Total time for which application threads were stopped: 0.0000909 seconds, Stopping threads took: 0.0000175 seconds
[2019-12-09T04:11:40.367+0000][1][safepoint    ] Application time: 1.0000745 seconds
[2019-12-09T04:11:40.367+0000][1][safepoint    ] Entering safepoint region: Cleanup
[2019-12-09T04:11:40.367+0000][1][safepoint    ] Leaving safepoint region
[2019-12-09T04:11:40.367+0000][1][safepoint    ] Total time for which application threads were stopped: 0.0000927 seconds, Stopping threads took: 0.0000166 seconds
[2019-12-09T04:11:41.347+0000][1][safepoint    ] Application time: 0.9794789 seconds
[2019-12-09T04:11:41.347+0000][1][safepoint    ] Entering safepoint region: RevokeBias
[2019-12-09T04:11:41.347+0000][1][safepoint    ] Leaving safepoint region
[2019-12-09T04:11:41.347+0000][1][safepoint    ] Total time for which application threads were stopped: 0.0001287 seconds, Stopping threads took: 0.0000188 seconds
[2019-12-09T04:11:41.347+0000][1][safepoint    ] Application time: 0.0000717 seconds
[2019-12-09T04:11:41.347+0000][1][safepoint    ] Entering safepoint region: RevokeBias
[2019-12-09T04:11:41.347+0000][1][safepoint    ] Leaving safepoint region
[2019-12-09T04:11:41.347+0000][1][safepoint    ] Total time for which application threads were stopped: 0.0000503 seconds, Stopping threads took: 0.0000076 seconds
[2019-12-09T04:11:41.347+0000][1][safepoint    ] Application time: 0.0000499 seconds
[2019-12-09T04:11:41.347+0000][1][safepoint    ] Entering safepoint region: RevokeBias
[2019-12-09T04:11:41.347+0000][1][safepoint    ] Leaving safepoint region
[2019-12-09T04:11:41.347+0000][1][safepoint    ] Total time for which application threads were stopped: 0.0000442 seconds, Stopping threads took: 0.0000069 seconds
[2019-12-09T04:11:41.347+0000][1][safepoint    ] Application time: 0.0000422 seconds
[2019-12-09T04:11:41.347+0000][1][safepoint    ] Entering safepoint region: RevokeBias
[2019-12-09T04:11:41.347+0000][1][safepoint    ] Leaving safepoint region
[2019-12-09T04:11:41.347+0000][1][safepoint    ] Total time for which application threads were stopped: 0.0000381 seconds, Stopping threads took: 0.0000059 seconds
[2019-12-09T04:11:41.347+0000][1][safepoint    ] Application time: 0.0000422 seconds
[2019-12-09T04:11:41.347+0000][1][safepoint    ] Entering safepoint region: RevokeBias
[2019-12-09T04:11:41.347+0000][1][safepoint    ] Leaving safepoint region
[2019-12-09T04:11:41.347+0000][1][safepoint    ] Total time for which application threads were stopped: 0.0000376 seconds, Stopping threads took: 0.0000057 seconds
[2019-12-09T04:11:42.347+0000][1][safepoint    ] Application time: 1.0000831 seconds
[2019-12-09T04:11:42.347+0000][1][safepoint    ] Entering safepoint region: Cleanup
[2019-12-09T04:11:42.347+0000][1][safepoint    ] Leaving safepoint region
[2019-12-09T04:11:42.347+0000][1][safepoint    ] Total time for which application threads were stopped: 0.0001048 seconds, Stopping threads took: 0.0000197 seconds
[2019-12-09T04:11:43.347+0000][1][safepoint    ] Application time: 1.0000764 seconds
[2019-12-09T04:11:43.347+0000][1][safepoint    ] Entering safepoint region: Cleanup
[2019-12-09T04:11:43.348+0000][1][safepoint    ] Leaving safepoint region
[2019-12-09T04:11:43.348+0000][1][safepoint    ] Total time for which application threads were stopped: 0.0000960 seconds, Stopping threads took: 0.0000196 seconds
[2019-12-09T04:11:44.348+0000][1][safepoint    ] Application time: 1.0000783 seconds
[2019-12-09T04:11:44.348+0000][1][safepoint    ] Entering safepoint region: Cleanup
[2019-12-09T04:11:44.348+0000][1][safepoint    ] Leaving safepoint region
[2019-12-09T04:11:44.348+0000][1][safepoint    ] Total time for which application threads were stopped: 0.0001010 seconds, Stopping threads took: 0.0000207 seconds
[2019-12-09T04:11:45.348+0000][1][safepoint    ] Application time: 1.0000777 seconds
[2019-12-09T04:11:45.348+0000][1][safepoint    ] Entering safepoint region: Cleanup
[2019-12-09T04:11:45.348+0000][1][safepoint    ] Leaving safepoint region
[2019-12-09T04:11:45.348+0000][1][safepoint    ] Total time for which application threads were stopped: 0.0000975 seconds, Stopping threads took: 0.0000192 seconds
[2019-12-09T04:11:46.348+0000][1][safepoint    ] Application time: 1.0000795 seconds
[2019-12-09T04:11:46.348+0000][1][safepoint    ] Entering safepoint region: Cleanup
[2019-12-09T04:11:46.348+0000][1][safepoint    ] Leaving safepoint region
[2019-12-09T04:11:46.348+0000][1][safepoint    ] Total time for which application threads were stopped: 0.0000997 seconds, Stopping threads took: 0.0000197 seconds
[2019-12-09T04:11:47.883+0000][1][safepoint    ] Application time: 1.5347312 seconds
[2019-12-09T04:11:47.883+0000][1][safepoint    ] Entering safepoint region: Cleanup
[2019-12-09T04:11:47.883+0000][1][safepoint    ] Leaving safepoint region
[2019-12-09T04:11:47.883+0000][1][safepoint    ] Total time for which application threads were stopped: 0.0000980 seconds, Stopping threads took: 0.0000198 seconds
[2019-12-09T04:11:48.883+0000][1][safepoint    ] Application time: 1.0000766 seconds
[2019-12-09T04:11:48.883+0000][1][safepoint    ] Entering safepoint region: Cleanup
[2019-12-09T04:11:48.883+0000][1][safepoint    ] Leaving safepoint region
[2019-12-09T04:11:48.883+0000][1][safepoint    ] Total time for which application threads were stopped: 0.0000946 seconds, Stopping threads took: 0.0000191 seconds
[2019-12-09T04:11:49.883+0000][1][safepoint    ] Application time: 1.0000769 seconds
[2019-12-09T04:11:49.883+0000][1][safepoint    ] Entering safepoint region: Cleanup
[2019-12-09T04:11:49.884+0000][1][safepoint    ] Leaving safepoint region
[2019-12-09T04:11:49.884+0000][1][safepoint    ] Total time for which application threads were stopped: 0.0000964 seconds, Stopping threads took: 0.0000179 seconds
[2019-12-09T04:11:50.884+0000][1][safepoint    ] Application time: 1.0000756 seconds
[2019-12-09T04:11:50.884+0000][1][safepoint    ] Entering safepoint region: Cleanup
[2019-12-09T04:11:50.884+0000][1][safepoint    ] Leaving safepoint region
[2019-12-09T04:11:50.884+0000][1][safepoint    ] Total time for which application threads were stopped: 0.0001053 seconds, Stopping threads took: 0.0000272 seconds
[2019-12-09T04:11:51.884+0000][1][safepoint    ] Application time: 1.0000751 seconds
[2019-12-09T04:11:51.884+0000][1][safepoint    ] Entering safepoint region: Cleanup
[2019-12-09T04:11:51.884+0000][1][safepoint    ] Leaving safepoint region
[2019-12-09T04:11:51.884+0000][1][safepoint    ] Total time for which application threads were stopped: 0.0000966 seconds, Stopping threads took: 0.0000219 seconds
[2019-12-09T04:11:52.884+0000][1][safepoint    ] Application time: 1.0000754 seconds
[2019-12-09T04:11:52.884+0000][1][safepoint    ] Entering safepoint region: Cleanup
[2019-12-09T04:11:52.884+0000][1][safepoint    ] Leaving safepoint region
[2019-12-09T04:11:52.884+0000][1][safepoint    ] Total time for which application threads were stopped: 0.0000934 seconds, Stopping threads took: 0.0000187 seconds
[2019-12-09T04:11:53.884+0000][1][safepoint    ] Application time: 1.0000768 seconds
[2019-12-09T04:11:53.884+0000][1][safepoint    ] Entering safepoint region: Cleanup
[2019-12-09T04:11:53.884+0000][1][safepoint    ] Leaving safepoint region
[2019-12-09T04:11:53.884+0000][1][safepoint    ] Total time for which application threads were stopped: 0.0000946 seconds, Stopping threads took: 0.0000191 seconds
[2019-12-09T04:11:54.884+0000][1][safepoint    ] Application time: 1.0000754 seconds
[2019-12-09T04:11:54.885+0000][1][safepoint    ] Entering safepoint region: Cleanup
[2019-12-09T04:11:54.885+0000][1][safepoint    ] Leaving safepoint region
[2019-12-09T04:11:54.885+0000][1][safepoint    ] Total time for which application threads were stopped: 0.0000980 seconds, Stopping threads took: 0.0000188 seconds
[2019-12-09T04:11:55.885+0000][1][safepoint    ] Application time: 1.0000757 seconds
[2019-12-09T04:11:55.885+0000][1][safepoint    ] Entering safepoint region: Cleanup
[2019-12-09T04:11:55.885+0000][1][safepoint    ] Leaving safepoint region
[2019-12-09T04:11:55.885+0000][1][safepoint    ] Total time for which application threads were stopped: 0.0001122 seconds, Stopping threads took: 0.0000202 seconds
[2019-12-09T04:11:56.885+0000][1][safepoint    ] Application time: 1.0000760 seconds
[2019-12-09T04:11:56.885+0000][1][safepoint    ] Entering safepoint region: Cleanup
[2019-12-09T04:11:56.885+0000][1][safepoint    ] Leaving safepoint region
[2019-12-09T04:11:56.885+0000][1][safepoint    ] Total time for which application threads were stopped: 0.0000964 seconds, Stopping threads took: 0.0000191 seconds
[2019-12-09T04:11:57.885+0000][1][safepoint    ] Application time: 1.0000760 seconds
[2019-12-09T04:11:57.885+0000][1][safepoint    ] Entering safepoint region: Cleanup
[2019-12-09T04:11:57.885+0000][1][safepoint    ] Leaving safepoint region
[2019-12-09T04:11:57.885+0000][1][safepoint    ] Total time for which application threads were stopped: 0.0000926 seconds, Stopping threads took: 0.0000165 seconds
[2019-12-09T04:11:58.885+0000][1][safepoint    ] Application time: 1.0000767 seconds
[2019-12-09T04:11:58.885+0000][1][safepoint    ] Entering safepoint region: Cleanup
[2019-12-09T04:11:58.885+0000][1][safepoint    ] Leaving safepoint region
[2019-12-09T04:11:58.885+0000][1][safepoint    ] Total time for which application threads were stopped: 0.0000959 seconds, Stopping threads took: 0.0000177 seconds
[2019-12-09T04:11:59.886+0000][1][safepoint    ] Application time: 1.0000773 seconds
[2019-12-09T04:11:59.886+0000][1][safepoint    ] Entering safepoint region: Cleanup
[2019-12-09T04:11:59.886+0000][1][safepoint    ] Leaving safepoint region
[2019-12-09T04:11:59.886+0000][1][safepoint    ] Total time for which application threads were stopped: 0.0001038 seconds, Stopping threads took: 0.0000173 seconds
[2019-12-09T04:12:00.886+0000][1][safepoint    ] Application time: 1.0000757 seconds
[2019-12-09T04:12:00.886+0000][1][safepoint    ] Entering safepoint region: Cleanup
[2019-12-09T04:12:00.886+0000][1][safepoint    ] Leaving safepoint region
[2019-12-09T04:12:00.886+0000][1][safepoint    ] Total time for which application threads were stopped: 0.0000996 seconds, Stopping threads took: 0.0000193 seconds
[2019-12-09T04:12:01.886+0000][1][safepoint    ] Application time: 1.0000771 seconds
[2019-12-09T04:12:01.886+0000][1][safepoint    ] Entering safepoint region: Cleanup
[2019-12-09T04:12:01.886+0000][1][safepoint    ] Leaving safepoint region
[2019-12-09T04:12:01.886+0000][1][safepoint    ] Total time for which application threads were stopped: 0.0001052 seconds, Stopping threads took: 0.0000268 seconds
[2019-12-09T04:12:02.886+0000][1][safepoint    ] Application time: 1.0000780 seconds
[2019-12-09T04:12:02.886+0000][1][safepoint    ] Entering safepoint region: Cleanup
[2019-12-09T04:12:02.886+0000][1][safepoint    ] Leaving safepoint region
[2019-12-09T04:12:02.886+0000][1][safepoint    ] Total time for which application threads were stopped: 0.0000982 seconds, Stopping threads took: 0.0000203 seconds
[2019-12-09T04:12:03.886+0000][1][safepoint    ] Application time: 1.0000782 seconds
[2019-12-09T04:12:03.887+0000][1][safepoint    ] Entering safepoint region: Cleanup
[2019-12-09T04:12:03.887+0000][1][safepoint    ] Leaving safepoint region
[2019-12-09T04:12:03.887+0000][1][safepoint    ] Total time for which application threads were stopped: 0.0000995 seconds, Stopping threads took: 0.0000197 seconds
[2019-12-09T04:12:04.887+0000][1][safepoint    ] Application time: 1.0000810 seconds
[2019-12-09T04:12:04.887+0000][1][safepoint    ] Entering safepoint region: Cleanup
[2019-12-09T04:12:04.887+0000][1][safepoint    ] Leaving safepoint region
[2019-12-09T04:12:04.887+0000][1][safepoint    ] Total time for which application threads were stopped: 0.0001022 seconds, Stopping threads took: 0.0000208 seconds
[2019-12-09T04:12:05.887+0000][1][safepoint    ] Application time: 1.0000783 seconds
[2019-12-09T04:12:05.887+0000][1][safepoint    ] Entering safepoint region: Cleanup
[2019-12-09T04:12:05.887+0000][1][safepoint    ] Leaving safepoint region
[2019-12-09T04:12:05.887+0000][1][safepoint    ] Total time for which application threads were stopped: 0.0001005 seconds, Stopping threads took: 0.0000216 seconds
[2019-12-09T04:12:06.887+0000][1][safepoint    ] Application time: 1.0000779 seconds
[2019-12-09T04:12:06.887+0000][1][safepoint    ] Entering safepoint region: Cleanup
[2019-12-09T04:12:06.887+0000][1][safepoint    ] Leaving safepoint region
[2019-12-09T04:12:06.887+0000][1][safepoint    ] Total time for which application threads were stopped: 0.0000953 seconds, Stopping threads took: 0.0000173 seconds
[2019-12-09T04:12:07.887+0000][1][safepoint    ] Application time: 1.0000768 seconds
[2019-12-09T04:12:07.887+0000][1][safepoint    ] Entering safepoint region: Cleanup
[2019-12-09T04:12:07.887+0000][1][safepoint    ] Leaving safepoint region
[2019-12-09T04:12:07.887+0000][1][safepoint    ] Total time for which application threads were stopped: 0.0000953 seconds, Stopping threads took: 0.0000187 seconds
[2019-12-09T04:12:08.888+0000][1][safepoint    ] Application time: 1.0000774 seconds
[2019-12-09T04:12:08.888+0000][1][safepoint    ] Entering safepoint region: Cleanup
[2019-12-09T04:12:08.888+0000][1][safepoint    ] Leaving safepoint region
[2019-12-09T04:12:08.888+0000][1][safepoint    ] Total time for which application threads were stopped: 0.0001056 seconds, Stopping threads took: 0.0000181 seconds
[2019-12-09T04:12:09.888+0000][1][safepoint    ] Application time: 1.0000774 seconds
[2019-12-09T04:12:09.888+0000][1][safepoint    ] Entering safepoint region: Cleanup
[2019-12-09T04:12:09.888+0000][1][safepoint    ] Leaving safepoint region
[2019-12-09T04:12:09.888+0000][1][safepoint    ] Total time for which application threads were stopped: 0.0000980 seconds, Stopping threads took: 0.0000192 seconds
[2019-12-09T04:12:10.888+0000][1][safepoint    ] Application time: 1.0000761 seconds
[2019-12-09T04:12:10.888+0000][1][safepoint    ] Entering safepoint region: Cleanup
[2019-12-09T04:12:10.888+0000][1][safepoint    ] Leaving safepoint region
[2019-12-09T04:12:10.888+0000][1][safepoint    ] Total time for which application threads were stopped: 0.0000958 seconds, Stopping threads took: 0.0000187 seconds
[2019-12-09T04:12:11.888+0000][1][safepoint    ] Application time: 1.0000770 seconds
[2019-12-09T04:12:11.888+0000][1][safepoint    ] Entering safepoint region: Cleanup
[2019-12-09T04:12:11.888+0000][1][safepoint    ] Leaving safepoint region
[2019-12-09T04:12:11.888+0000][1][safepoint    ] Total time for which application threads were stopped: 0.0000965 seconds, Stopping threads took: 0.0000181 seconds
[2019-12-09T04:12:12.888+0000][1][safepoint    ] Application time: 1.0000767 seconds
[2019-12-09T04:12:12.889+0000][1][safepoint    ] Entering safepoint region: Cleanup
[2019-12-09T04:12:12.889+0000][1][safepoint    ] Leaving safepoint region
[2019-12-09T04:12:12.889+0000][1][safepoint    ] Total time for which application threads were stopped: 0.0000995 seconds, Stopping threads took: 0.0000193 seconds
[2019-12-09T04:12:13.889+0000][1][safepoint    ] Application time: 1.0000767 seconds
[2019-12-09T04:12:13.889+0000][1][safepoint    ] Entering safepoint region: Cleanup
[2019-12-09T04:12:13.889+0000][1][safepoint    ] Leaving safepoint region
[2019-12-09T04:12:13.889+0000][1][safepoint    ] Total time for which application threads were stopped: 0.0000931 seconds, Stopping threads took: 0.0000175 seconds
[2019-12-09T04:12:14.889+0000][1][safepoint    ] Application time: 1.0000746 seconds
[2019-12-09T04:12:14.889+0000][1][safepoint    ] Entering safepoint region: Cleanup
[2019-12-09T04:12:14.889+0000][1][safepoint    ] Leaving safepoint region
[2019-12-09T04:12:14.889+0000][1][safepoint    ] Total time for which application threads were stopped: 0.0001039 seconds, Stopping threads took: 0.0000259 seconds
[2019-12-09T04:12:15.889+0000][1][safepoint    ] Application time: 1.0000775 seconds
[2019-12-09T04:12:15.889+0000][1][safepoint    ] Entering safepoint region: Cleanup
[2019-12-09T04:12:15.889+0000][1][safepoint    ] Leaving safepoint region
[2019-12-09T04:12:15.889+0000][1][safepoint    ] Total time for which application threads were stopped: 0.0000951 seconds, Stopping threads took: 0.0000175 seconds
[2019-12-09T04:12:16.889+0000][1][safepoint    ] Application time: 1.0000760 seconds
[2019-12-09T04:12:16.889+0000][1][safepoint    ] Entering safepoint region: Cleanup
[2019-12-09T04:12:16.889+0000][1][safepoint    ] Leaving safepoint region
[2019-12-09T04:12:16.889+0000][1][safepoint    ] Total time for which application threads were stopped: 0.0000925 seconds, Stopping threads took: 0.0000162 seconds
[2019-12-09T04:12:17.890+0000][1][safepoint    ] Application time: 1.0000769 seconds
[2019-12-09T04:12:17.890+0000][1][safepoint    ] Entering safepoint region: Cleanup
[2019-12-09T04:12:17.890+0000][1][safepoint    ] Leaving safepoint region
[2019-12-09T04:12:17.890+0000][1][safepoint    ] Total time for which application threads were stopped: 0.0001102 seconds, Stopping threads took: 0.0000205 seconds
[2019-12-09T04:12:18.890+0000][1][safepoint    ] Application time: 1.0000787 seconds
[2019-12-09T04:12:18.890+0000][1][safepoint    ] Entering safepoint region: Cleanup
[2019-12-09T04:12:18.890+0000][1][safepoint    ] Leaving safepoint region
[2019-12-09T04:12:18.890+0000][1][safepoint    ] Total time for which application threads were stopped: 0.0000959 seconds, Stopping threads took: 0.0000193 seconds
[2019-12-09T04:12:19.890+0000][1][safepoint    ] Application time: 1.0000772 seconds
[2019-12-09T04:12:19.890+0000][1][safepoint    ] Entering safepoint region: Cleanup
[2019-12-09T04:12:19.890+0000][1][safepoint    ] Leaving safepoint region
[2019-12-09T04:12:19.890+0000][1][safepoint    ] Total time for which application threads were stopped: 0.0000917 seconds, Stopping threads took: 0.0000174 seconds
[2019-12-09T04:12:20.890+0000][1][safepoint    ] Application time: 1.0000820 seconds
[2019-12-09T04:12:20.890+0000][1][safepoint    ] Entering safepoint region: Cleanup
[2019-12-09T04:12:20.890+0000][1][safepoint    ] Leaving safepoint region
[2019-12-09T04:12:20.890+0000][1][safepoint    ] Total time for which application threads were stopped: 0.0001126 seconds, Stopping threads took: 0.0000188 seconds
[2019-12-09T04:12:21.890+0000][1][safepoint    ] Application time: 1.0000765 seconds
[2019-12-09T04:12:21.891+0000][1][safepoint    ] Entering safepoint region: Cleanup
[2019-12-09T04:12:21.891+0000][1][safepoint    ] Leaving safepoint region
[2019-12-09T04:12:21.891+0000][1][safepoint    ] Total time for which application threads were stopped: 0.0000956 seconds, Stopping threads took: 0.0000175 seconds
[2019-12-09T04:12:22.891+0000][1][safepoint    ] Application time: 1.0000826 seconds
[2019-12-09T04:12:22.891+0000][1][safepoint    ] Entering safepoint region: Cleanup
[2019-12-09T04:12:22.891+0000][1][safepoint    ] Leaving safepoint region
[2019-12-09T04:12:22.891+0000][1][safepoint    ] Total time for which application threads were stopped: 0.0000938 seconds, Stopping threads took: 0.0000180 seconds
[2019-12-09T04:12:23.891+0000][1][safepoint    ] Application time: 1.0000751 seconds
[2019-12-09T04:12:23.891+0000][1][safepoint    ] Entering safepoint region: Cleanup
[2019-12-09T04:12:23.891+0000][1][safepoint    ] Leaving safepoint region
[2019-12-09T04:12:23.891+0000][1][safepoint    ] Total time for which application threads were stopped: 0.0000943 seconds, Stopping threads took: 0.0000180 seconds
[2019-12-09T04:12:24.891+0000][1][safepoint    ] Application time: 1.0000758 seconds
[2019-12-09T04:12:24.891+0000][1][safepoint    ] Entering safepoint region: Cleanup
[2019-12-09T04:12:24.891+0000][1][safepoint    ] Leaving safepoint region
[2019-12-09T04:12:24.891+0000][1][safepoint    ] Total time for which application threads were stopped: 0.0000929 seconds, Stopping threads took: 0.0000166 seconds
[2019-12-09T04:12:25.891+0000][1][safepoint    ] Application time: 1.0000749 seconds
[2019-12-09T04:12:25.891+0000][1][safepoint    ] Entering safepoint region: Cleanup
[2019-12-09T04:12:25.891+0000][1][safepoint    ] Leaving safepoint region
[2019-12-09T04:12:25.891+0000][1][safepoint    ] Total time for which application threads were stopped: 0.0000967 seconds, Stopping threads took: 0.0000182 seconds
[2019-12-09T04:12:26.892+0000][1][safepoint    ] Application time: 1.0000817 seconds
[2019-12-09T04:12:26.892+0000][1][safepoint    ] Entering safepoint region: Cleanup
[2019-12-09T04:12:26.892+0000][1][safepoint    ] Leaving safepoint region
[2019-12-09T04:12:26.892+0000][1][safepoint    ] Total time for which application threads were stopped: 0.0001118 seconds, Stopping threads took: 0.0000193 seconds
[2019-12-09T04:12:27.892+0000][1][safepoint    ] Application time: 1.0000768 seconds
[2019-12-09T04:12:27.892+0000][1][safepoint    ] Entering safepoint region: Cleanup
[2019-12-09T04:12:27.892+0000][1][safepoint    ] Leaving safepoint region
[2019-12-09T04:12:27.892+0000][1][safepoint    ] Total time for which application threads were stopped: 0.0000963 seconds, Stopping threads took: 0.0000187 seconds
[2019-12-09T04:12:28.892+0000][1][safepoint    ] Application time: 1.0000755 seconds
[2019-12-09T04:12:28.892+0000][1][safepoint    ] Entering safepoint region: Cleanup
[2019-12-09T04:12:28.892+0000][1][safepoint    ] Leaving safepoint region
[2019-12-09T04:12:28.892+0000][1][safepoint    ] Total time for which application threads were stopped: 0.0000978 seconds, Stopping threads took: 0.0000184 seconds
[2019-12-09T04:12:29.892+0000][1][safepoint    ] Application time: 1.0000746 seconds
[2019-12-09T04:12:29.892+0000][1][safepoint    ] Entering safepoint region: Cleanup
[2019-12-09T04:12:29.892+0000][1][safepoint    ] Leaving safepoint region
[2019-12-09T04:12:29.892+0000][1][safepoint    ] Total time for which application threads were stopped: 0.0000961 seconds, Stopping threads took: 0.0000189 seconds
[2019-12-09T04:12:30.892+0000][1][safepoint    ] Application time: 1.0000788 seconds
[2019-12-09T04:12:30.892+0000][1][safepoint    ] Entering safepoint region: Cleanup
[2019-12-09T04:12:30.893+0000][1][safepoint    ] Leaving safepoint region
[2019-12-09T04:12:30.893+0000][1][safepoint    ] Total time for which application threads were stopped: 0.0001037 seconds, Stopping threads took: 0.0000194 seconds
[2019-12-09T04:12:31.893+0000][1][safepoint    ] Application time: 1.0000782 seconds
[2019-12-09T04:12:31.893+0000][1][safepoint    ] Entering safepoint region: Cleanup
[2019-12-09T04:12:31.893+0000][1][safepoint    ] Leaving safepoint region
[2019-12-09T04:12:31.893+0000][1][safepoint    ] Total time for which application threads were stopped: 0.0001044 seconds, Stopping threads took: 0.0000260 seconds
[2019-12-09T04:12:32.893+0000][1][safepoint    ] Application time: 1.0000779 seconds
[2019-12-09T04:12:32.893+0000][1][safepoint    ] Entering safepoint region: Cleanup
[2019-12-09T04:12:32.893+0000][1][safepoint    ] Leaving safepoint region
[2019-12-09T04:12:32.893+0000][1][safepoint    ] Total time for which application threads were stopped: 0.0000924 seconds, Stopping threads took: 0.0000168 seconds
[2019-12-09T04:12:33.893+0000][1][safepoint    ] Application time: 1.0000756 seconds
[2019-12-09T04:12:33.893+0000][1][safepoint    ] Entering safepoint region: Cleanup
[2019-12-09T04:12:33.893+0000][1][safepoint    ] Leaving safepoint region
[2019-12-09T04:12:33.893+0000][1][safepoint    ] Total time for which application threads were stopped: 0.0000951 seconds, Stopping threads took: 0.0000184 seconds
[2019-12-09T04:12:34.893+0000][1][safepoint    ] Application time: 1.0000770 seconds
[2019-12-09T04:12:34.893+0000][1][safepoint    ] Entering safepoint region: Cleanup
[2019-12-09T04:12:34.893+0000][1][safepoint    ] Leaving safepoint region
[2019-12-09T04:12:34.893+0000][1][safepoint    ] Total time for which application threads were stopped: 0.0000947 seconds, Stopping threads took: 0.0000185 seconds
[2019-12-09T04:12:35.895+0000][1][safepoint    ] Application time: 1.0016601 seconds
[2019-12-09T04:12:35.895+0000][1][safepoint    ] Entering safepoint region: Cleanup
[2019-12-09T04:12:35.895+0000][1][safepoint    ] Leaving safepoint region
[2019-12-09T04:12:35.895+0000][1][safepoint    ] Total time for which application threads were stopped: 0.0001437 seconds, Stopping threads took: 0.0000295 seconds
[2019-12-09T04:12:36.895+0000][1][safepoint    ] Application time: 1.0000760 seconds
[2019-12-09T04:12:36.895+0000][1][safepoint    ] Entering safepoint region: Cleanup
[2019-12-09T04:12:36.896+0000][1][safepoint    ] Leaving safepoint region
[2019-12-09T04:12:36.896+0000][1][safepoint    ] Total time for which application threads were stopped: 0.0000935 seconds, Stopping threads took: 0.0000186 seconds
[2019-12-09T04:12:37.896+0000][1][safepoint    ] Application time: 1.0000770 seconds
[2019-12-09T04:12:37.896+0000][1][safepoint    ] Entering safepoint region: Cleanup
[2019-12-09T04:12:37.896+0000][1][safepoint    ] Leaving safepoint region
[2019-12-09T04:12:37.896+0000][1][safepoint    ] Total time for which application threads were stopped: 0.0001084 seconds, Stopping threads took: 0.0000193 seconds
[2019-12-09T04:12:38.896+0000][1][safepoint    ] Application time: 1.0000773 seconds
[2019-12-09T04:12:38.896+0000][1][safepoint    ] Entering safepoint region: Cleanup
[2019-12-09T04:12:38.896+0000][1][safepoint    ] Leaving safepoint region
[2019-12-09T04:12:38.896+0000][1][safepoint    ] Total time for which application threads were stopped: 0.0000933 seconds, Stopping threads took: 0.0000185 seconds
[2019-12-09T04:12:39.896+0000][1][safepoint    ] Application time: 1.0000769 seconds
[2019-12-09T04:12:39.896+0000][1][safepoint    ] Entering safepoint region: Cleanup
[2019-12-09T04:12:39.896+0000][1][safepoint    ] Leaving safepoint region
[2019-12-09T04:12:39.896+0000][1][safepoint    ] Total time for which application threads were stopped: 0.0001064 seconds, Stopping threads took: 0.0000183 seconds
[2019-12-09T04:12:40.898+0000][1][safepoint    ] Application time: 1.0019309 seconds
[2019-12-09T04:12:40.898+0000][1][safepoint    ] Entering safepoint region: Cleanup
[2019-12-09T04:12:40.898+0000][1][safepoint    ] Leaving safepoint region
[2019-12-09T04:12:40.898+0000][1][safepoint    ] Total time for which application threads were stopped: 0.0001381 seconds, Stopping threads took: 0.0000270 seconds
[2019-12-09T04:12:41.898+0000][1][safepoint    ] Application time: 1.0000770 seconds
[2019-12-09T04:12:41.898+0000][1][safepoint    ] Entering safepoint region: Cleanup
[2019-12-09T04:12:41.899+0000][1][safepoint    ] Leaving safepoint region
[2019-12-09T04:12:41.899+0000][1][safepoint    ] Total time for which application threads were stopped: 0.0001023 seconds, Stopping threads took: 0.0000241 seconds
[2019-12-09T04:12:42.899+0000][1][safepoint    ] Application time: 1.0000775 seconds
[2019-12-09T04:12:42.899+0000][1][safepoint    ] Entering safepoint region: Cleanup
[2019-12-09T04:12:42.899+0000][1][safepoint    ] Leaving safepoint region
[2019-12-09T04:12:42.899+0000][1][safepoint    ] Total time for which application threads were stopped: 0.0001082 seconds, Stopping threads took: 0.0000305 seconds
[2019-12-09T04:12:43.899+0000][1][safepoint    ] Application time: 1.0000768 seconds
[2019-12-09T04:12:43.899+0000][1][safepoint    ] Entering safepoint region: Cleanup
[2019-12-09T04:12:43.899+0000][1][safepoint    ] Leaving safepoint region
[2019-12-09T04:12:43.899+0000][1][safepoint    ] Total time for which application threads were stopped: 0.0000926 seconds, Stopping threads took: 0.0000169 seconds
[2019-12-09T04:12:44.899+0000][1][safepoint    ] Application time: 1.0000769 seconds
[2019-12-09T04:12:44.899+0000][1][safepoint    ] Entering safepoint region: Cleanup
[2019-12-09T04:12:44.899+0000][1][safepoint    ] Leaving safepoint region
[2019-12-09T04:12:44.899+0000][1][safepoint    ] Total time for which application threads were stopped: 0.0000945 seconds, Stopping threads took: 0.0000181 seconds
[2019-12-09T04:12:45.899+0000][1][safepoint    ] Application time: 1.0000856 seconds
[2019-12-09T04:12:45.899+0000][1][safepoint    ] Entering safepoint region: Cleanup
[2019-12-09T04:12:45.899+0000][1][safepoint    ] Leaving safepoint region
[2019-12-09T04:12:45.899+0000][1][safepoint    ] Total time for which application threads were stopped: 0.0001404 seconds, Stopping threads took: 0.0000254 seconds
[2019-12-09T04:12:46.900+0000][1][safepoint    ] Application time: 1.0000786 seconds
[2019-12-09T04:12:46.900+0000][1][safepoint    ] Entering safepoint region: Cleanup
[2019-12-09T04:12:46.900+0000][1][safepoint    ] Leaving safepoint region
[2019-12-09T04:12:46.900+0000][1][safepoint    ] Total time for which application threads were stopped: 0.0001041 seconds, Stopping threads took: 0.0000175 seconds
[2019-12-09T04:12:47.900+0000][1][safepoint    ] Application time: 1.0000782 seconds
[2019-12-09T04:12:47.900+0000][1][safepoint    ] Entering safepoint region: Cleanup
[2019-12-09T04:12:47.900+0000][1][safepoint    ] Leaving safepoint region
[2019-12-09T04:12:47.900+0000][1][safepoint    ] Total time for which application threads were stopped: 0.0000991 seconds, Stopping threads took: 0.0000188 seconds
[2019-12-09T04:12:48.900+0000][1][safepoint    ] Application time: 1.0000749 seconds
[2019-12-09T04:12:48.900+0000][1][safepoint    ] Entering safepoint region: Cleanup
[2019-12-09T04:12:48.900+0000][1][safepoint    ] Leaving safepoint region
[2019-12-09T04:12:48.900+0000][1][safepoint    ] Total time for which application threads were stopped: 0.0000950 seconds, Stopping threads took: 0.0000192 seconds
[2019-12-09T04:12:49.900+0000][1][safepoint    ] Application time: 1.0000768 seconds
[2019-12-09T04:12:49.900+0000][1][safepoint    ] Entering safepoint region: Cleanup
[2019-12-09T04:12:49.900+0000][1][safepoint    ] Leaving safepoint region
[2019-12-09T04:12:49.900+0000][1][safepoint    ] Total time for which application threads were stopped: 0.0000951 seconds, Stopping threads took: 0.0000192 seconds
[2019-12-09T04:12:50.900+0000][1][safepoint    ] Application time: 1.0000772 seconds
[2019-12-09T04:12:50.900+0000][1][safepoint    ] Entering safepoint region: Cleanup
[2019-12-09T04:12:50.901+0000][1][safepoint    ] Leaving safepoint region
[2019-12-09T04:12:50.901+0000][1][safepoint    ] Total time for which application threads were stopped: 0.0001055 seconds, Stopping threads took: 0.0000272 seconds
[2019-12-09T04:12:51.901+0000][1][safepoint    ] Application time: 1.0000788 seconds
[2019-12-09T04:12:51.901+0000][1][safepoint    ] Entering safepoint region: Cleanup
[2019-12-09T04:12:51.901+0000][1][safepoint    ] Leaving safepoint region
[2019-12-09T04:12:51.901+0000][1][safepoint    ] Total time for which application threads were stopped: 0.0001027 seconds, Stopping threads took: 0.0000199 seconds
[2019-12-09T04:12:52.901+0000][1][safepoint    ] Application time: 1.0000753 seconds
[2019-12-09T04:12:52.901+0000][1][safepoint    ] Entering safepoint region: Cleanup
[2019-12-09T04:12:52.901+0000][1][safepoint    ] Leaving safepoint region
[2019-12-09T04:12:52.901+0000][1][safepoint    ] Total time for which application threads were stopped: 0.0000947 seconds, Stopping threads took: 0.0000185 seconds
[2019-12-09T04:12:53.901+0000][1][safepoint    ] Application time: 1.0000855 seconds
[2019-12-09T04:12:53.901+0000][1][safepoint    ] Entering safepoint region: Cleanup
[2019-12-09T04:12:53.901+0000][1][safepoint    ] Leaving safepoint region
[2019-12-09T04:12:53.901+0000][1][safepoint    ] Total time for which application threads were stopped: 0.0001254 seconds, Stopping threads took: 0.0000255 seconds
[2019-12-09T04:12:54.901+0000][1][safepoint    ] Application time: 1.0000782 seconds
[2019-12-09T04:12:54.901+0000][1][safepoint    ] Entering safepoint region: Cleanup
[2019-12-09T04:12:54.901+0000][1][safepoint    ] Leaving safepoint region
[2019-12-09T04:12:54.901+0000][1][safepoint    ] Total time for which application threads were stopped: 0.0000920 seconds, Stopping threads took: 0.0000158 seconds
[2019-12-09T04:12:55.902+0000][1][safepoint    ] Application time: 1.0000773 seconds
[2019-12-09T04:12:55.902+0000][1][safepoint    ] Entering safepoint region: Cleanup
[2019-12-09T04:12:55.902+0000][1][safepoint    ] Leaving safepoint region
[2019-12-09T04:12:55.902+0000][1][safepoint    ] Total time for which application threads were stopped: 0.0001137 seconds, Stopping threads took: 0.0000181 seconds
[2019-12-09T04:12:56.902+0000][1][safepoint    ] Application time: 1.0000775 seconds
[2019-12-09T04:12:56.902+0000][1][safepoint    ] Entering safepoint region: Cleanup
[2019-12-09T04:12:56.902+0000][1][safepoint    ] Leaving safepoint region
[2019-12-09T04:12:56.902+0000][1][safepoint    ] Total time for which application threads were stopped: 0.0000940 seconds, Stopping threads took: 0.0000189 seconds
[2019-12-09T04:12:57.902+0000][1][safepoint    ] Application time: 1.0000759 seconds
[2019-12-09T04:12:57.902+0000][1][safepoint    ] Entering safepoint region: Cleanup
[2019-12-09T04:12:57.902+0000][1][safepoint    ] Leaving safepoint region
[2019-12-09T04:12:57.902+0000][1][safepoint    ] Total time for which application threads were stopped: 0.0000929 seconds, Stopping threads took: 0.0000175 seconds
[2019-12-09T04:12:58.902+0000][1][safepoint    ] Application time: 1.0000758 seconds
[2019-12-09T04:12:58.902+0000][1][safepoint    ] Entering safepoint region: Cleanup
[2019-12-09T04:12:58.902+0000][1][safepoint    ] Leaving safepoint region
[2019-12-09T04:12:58.902+0000][1][safepoint    ] Total time for which application threads were stopped: 0.0000932 seconds, Stopping threads took: 0.0000176 seconds
[2019-12-09T04:12:59.902+0000][1][safepoint    ] Application time: 1.0000758 seconds
[2019-12-09T04:12:59.903+0000][1][safepoint    ] Entering safepoint region: Cleanup
[2019-12-09T04:12:59.903+0000][1][safepoint    ] Leaving safepoint region
[2019-12-09T04:12:59.903+0000][1][safepoint    ] Total time for which application threads were stopped: 0.0000987 seconds, Stopping threads took: 0.0000204 seconds
[2019-12-09T04:13:00.903+0000][1][safepoint    ] Application time: 1.0000748 seconds
[2019-12-09T04:13:00.903+0000][1][safepoint    ] Entering safepoint region: Cleanup
[2019-12-09T04:13:00.903+0000][1][safepoint    ] Leaving safepoint region
[2019-12-09T04:13:00.903+0000][1][safepoint    ] Total time for which application threads were stopped: 0.0001048 seconds, Stopping threads took: 0.0000256 seconds
[2019-12-09T04:13:01.903+0000][1][safepoint    ] Application time: 1.0000734 seconds
[2019-12-09T04:13:01.903+0000][1][safepoint    ] Entering safepoint region: Cleanup
[2019-12-09T04:13:01.903+0000][1][safepoint    ] Leaving safepoint region
[2019-12-09T04:13:01.903+0000][1][safepoint    ] Total time for which application threads were stopped: 0.0000950 seconds, Stopping threads took: 0.0000181 seconds
[2019-12-09T04:13:02.903+0000][1][safepoint    ] Application time: 1.0000759 seconds
[2019-12-09T04:13:02.903+0000][1][safepoint    ] Entering safepoint region: Cleanup
[2019-12-09T04:13:02.903+0000][1][safepoint    ] Leaving safepoint region
[2019-12-09T04:13:02.903+0000][1][safepoint    ] Total time for which application threads were stopped: 0.0000971 seconds, Stopping threads took: 0.0000202 seconds
[2019-12-09T04:13:03.903+0000][1][safepoint    ] Application time: 1.0000750 seconds
[2019-12-09T04:13:03.903+0000][1][safepoint    ] Entering safepoint region: Cleanup
[2019-12-09T04:13:03.903+0000][1][safepoint    ] Leaving safepoint region
[2019-12-09T04:13:03.903+0000][1][safepoint    ] Total time for which application threads were stopped: 0.0000925 seconds, Stopping threads took: 0.0000181 seconds
[2019-12-09T04:13:04.904+0000][1][safepoint    ] Application time: 1.0000732 seconds
[2019-12-09T04:13:04.904+0000][1][safepoint    ] Entering safepoint region: Cleanup
[2019-12-09T04:13:04.904+0000][1][safepoint    ] Leaving safepoint region
[2019-12-09T04:13:04.904+0000][1][safepoint    ] Total time for which application threads were stopped: 0.0001018 seconds, Stopping threads took: 0.0000167 seconds
[2019-12-09T04:13:05.904+0000][1][safepoint    ] Application time: 1.0000756 seconds
[2019-12-09T04:13:05.904+0000][1][safepoint    ] Entering safepoint region: Cleanup
[2019-12-09T04:13:05.904+0000][1][safepoint    ] Leaving safepoint region
[2019-12-09T04:13:05.904+0000][1][safepoint    ] Total time for which application threads were stopped: 0.0000924 seconds, Stopping threads took: 0.0000179 seconds
[2019-12-09T04:13:06.904+0000][1][safepoint    ] Application time: 1.0000778 seconds
[2019-12-09T04:13:06.904+0000][1][safepoint    ] Entering safepoint region: Cleanup
[2019-12-09T04:13:06.904+0000][1][safepoint    ] Leaving safepoint region
[2019-12-09T04:13:06.904+0000][1][safepoint    ] Total time for which application threads were stopped: 0.0000991 seconds, Stopping threads took: 0.0000199 seconds
[2019-12-09T04:13:07.904+0000][1][safepoint    ] Application time: 1.0000758 seconds
[2019-12-09T04:13:07.904+0000][1][safepoint    ] Entering safepoint region: Cleanup
[2019-12-09T04:13:07.904+0000][1][safepoint    ] Leaving safepoint region
[2019-12-09T04:13:07.904+0000][1][safepoint    ] Total time for which application threads were stopped: 0.0000942 seconds, Stopping threads took: 0.0000191 seconds
[2019-12-09T04:13:08.904+0000][1][safepoint    ] Application time: 1.0000791 seconds
[2019-12-09T04:13:08.904+0000][1][safepoint    ] Entering safepoint region: Cleanup
[2019-12-09T04:13:08.905+0000][1][safepoint    ] Leaving safepoint region
[2019-12-09T04:13:08.905+0000][1][safepoint    ] Total time for which application threads were stopped: 0.0000948 seconds, Stopping threads took: 0.0000188 seconds
[2019-12-09T04:13:09.905+0000][1][safepoint    ] Application time: 1.0000774 seconds
[2019-12-09T04:13:09.905+0000][1][safepoint    ] Entering safepoint region: Cleanup
[2019-12-09T04:13:09.905+0000][1][safepoint    ] Leaving safepoint region
[2019-12-09T04:13:09.905+0000][1][safepoint    ] Total time for which application threads were stopped: 0.0001095 seconds, Stopping threads took: 0.0000311 seconds
[2019-12-09T04:13:10.905+0000][1][safepoint    ] Application time: 1.0000748 seconds
[2019-12-09T04:13:10.905+0000][1][safepoint    ] Entering safepoint region: Cleanup
[2019-12-09T04:13:10.905+0000][1][safepoint    ] Leaving safepoint region
[2019-12-09T04:13:10.905+0000][1][safepoint    ] Total time for which application threads were stopped: 0.0001021 seconds, Stopping threads took: 0.0000269 seconds
[2019-12-09T04:13:11.905+0000][1][safepoint    ] Application time: 1.0000759 seconds
[2019-12-09T04:13:11.905+0000][1][safepoint    ] Entering safepoint region: Cleanup
[2019-12-09T04:13:11.905+0000][1][safepoint    ] Leaving safepoint region
[2019-12-09T04:13:11.905+0000][1][safepoint    ] Total time for which application threads were stopped: 0.0001030 seconds, Stopping threads took: 0.0000277 seconds
[2019-12-09T04:13:12.905+0000][1][safepoint    ] Application time: 1.0000777 seconds
[2019-12-09T04:13:12.905+0000][1][safepoint    ] Entering safepoint region: Cleanup
[2019-12-09T04:13:12.905+0000][1][safepoint    ] Leaving safepoint region
[2019-12-09T04:13:12.905+0000][1][safepoint    ] Total time for which application threads were stopped: 0.0000972 seconds, Stopping threads took: 0.0000197 seconds
[2019-12-09T04:13:13.906+0000][1][safepoint    ] Application time: 1.0000783 seconds
[2019-12-09T04:13:13.906+0000][1][safepoint    ] Entering safepoint region: Cleanup
[2019-12-09T04:13:13.906+0000][1][safepoint    ] Leaving safepoint region
[2019-12-09T04:13:13.906+0000][1][safepoint    ] Total time for which application threads were stopped: 0.0000989 seconds, Stopping threads took: 0.0000200 seconds
[2019-12-09T04:13:14.906+0000][1][safepoint    ] Application time: 1.0000866 seconds
[2019-12-09T04:13:14.906+0000][1][safepoint    ] Entering safepoint region: Cleanup
[2019-12-09T04:13:14.906+0000][1][safepoint    ] Leaving safepoint region
[2019-12-09T04:13:14.906+0000][1][safepoint    ] Total time for which application threads were stopped: 0.0000924 seconds, Stopping threads took: 0.0000180 seconds
[2019-12-09T04:13:15.906+0000][1][safepoint    ] Application time: 1.0000781 seconds
[2019-12-09T04:13:15.906+0000][1][safepoint    ] Entering safepoint region: Cleanup
[2019-12-09T04:13:15.906+0000][1][safepoint    ] Leaving safepoint region
[2019-12-09T04:13:15.906+0000][1][safepoint    ] Total time for which application threads were stopped: 0.0000955 seconds, Stopping threads took: 0.0000180 seconds
[2019-12-09T04:13:16.906+0000][1][safepoint    ] Application time: 1.0000773 seconds
[2019-12-09T04:13:16.906+0000][1][safepoint    ] Entering safepoint region: Cleanup
[2019-12-09T04:13:16.906+0000][1][safepoint    ] Leaving safepoint region
[2019-12-09T04:13:16.906+0000][1][safepoint    ] Total time for which application threads were stopped: 0.0000962 seconds, Stopping threads took: 0.0000184 seconds
[2019-12-09T04:13:17.906+0000][1][safepoint    ] Application time: 1.0000759 seconds
[2019-12-09T04:13:17.906+0000][1][safepoint    ] Entering safepoint region: Cleanup
[2019-12-09T04:13:17.907+0000][1][safepoint    ] Leaving safepoint region
[2019-12-09T04:13:17.907+0000][1][safepoint    ] Total time for which application threads were stopped: 0.0000929 seconds, Stopping threads took: 0.0000177 seconds
[2019-12-09T04:13:18.907+0000][1][safepoint    ] Application time: 1.0000763 seconds
[2019-12-09T04:13:18.907+0000][1][safepoint    ] Entering safepoint region: Cleanup
[2019-12-09T04:13:18.907+0000][1][safepoint    ] Leaving safepoint region
[2019-12-09T04:13:18.907+0000][1][safepoint    ] Total time for which application threads were stopped: 0.0001042 seconds, Stopping threads took: 0.0000192 seconds
[2019-12-09T04:13:19.907+0000][1][safepoint    ] Application time: 1.0000771 seconds
[2019-12-09T04:13:19.907+0000][1][safepoint    ] Entering safepoint region: Cleanup
[2019-12-09T04:13:19.907+0000][1][safepoint    ] Leaving safepoint region
[2019-12-09T04:13:19.907+0000][1][safepoint    ] Total time for which application threads were stopped: 0.0000970 seconds, Stopping threads took: 0.0000180 seconds
[2019-12-09T04:13:20.907+0000][1][safepoint    ] Application time: 1.0000769 seconds
[2019-12-09T04:13:20.907+0000][1][safepoint    ] Entering safepoint region: Cleanup
[2019-12-09T04:13:20.907+0000][1][safepoint    ] Leaving safepoint region
[2019-12-09T04:13:20.907+0000][1][safepoint    ] Total time for which application threads were stopped: 0.0001018 seconds, Stopping threads took: 0.0000180 seconds
[2019-12-09T04:13:22.203+0000][1][safepoint    ] Application time: 1.2953315 seconds
[2019-12-09T04:13:22.203+0000][1][safepoint    ] Entering safepoint region: Cleanup
[2019-12-09T04:13:22.203+0000][1][safepoint    ] Leaving safepoint region
[2019-12-09T04:13:22.203+0000][1][safepoint    ] Total time for which application threads were stopped: 0.0000929 seconds, Stopping threads took: 0.0000170 seconds
[2019-12-09T04:13:23.203+0000][1][safepoint    ] Application time: 1.0000831 seconds
[2019-12-09T04:13:23.203+0000][1][safepoint    ] Entering safepoint region: Cleanup
[2019-12-09T04:13:23.203+0000][1][safepoint    ] Leaving safepoint region
[2019-12-09T04:13:23.203+0000][1][safepoint    ] Total time for which application threads were stopped: 0.0000949 seconds, Stopping threads took: 0.0000184 seconds
[2019-12-09T04:13:24.203+0000][1][safepoint    ] Application time: 1.0000836 seconds
[2019-12-09T04:13:24.203+0000][1][safepoint    ] Entering safepoint region: Cleanup
[2019-12-09T04:13:24.203+0000][1][safepoint    ] Leaving safepoint region
[2019-12-09T04:13:24.203+0000][1][safepoint    ] Total time for which application threads were stopped: 0.0001278 seconds, Stopping threads took: 0.0000260 seconds
[2019-12-09T04:13:25.203+0000][1][safepoint    ] Application time: 1.0000772 seconds
[2019-12-09T04:13:25.203+0000][1][safepoint    ] Entering safepoint region: Cleanup
[2019-12-09T04:13:25.203+0000][1][safepoint    ] Leaving safepoint region
[2019-12-09T04:13:25.203+0000][1][safepoint    ] Total time for which application threads were stopped: 0.0000980 seconds, Stopping threads took: 0.0000197 seconds
[2019-12-09T04:13:26.203+0000][1][safepoint    ] Application time: 1.0000767 seconds
[2019-12-09T04:13:26.203+0000][1][safepoint    ] Entering safepoint region: Cleanup
[2019-12-09T04:13:26.204+0000][1][safepoint    ] Leaving safepoint region
[2019-12-09T04:13:26.204+0000][1][safepoint    ] Total time for which application threads were stopped: 0.0000989 seconds, Stopping threads took: 0.0000194 seconds
[2019-12-09T04:13:27.204+0000][1][safepoint    ] Application time: 1.0000792 seconds
[2019-12-09T04:13:27.204+0000][1][safepoint    ] Entering safepoint region: Cleanup
[2019-12-09T04:13:27.204+0000][1][safepoint    ] Leaving safepoint region
[2019-12-09T04:13:27.204+0000][1][safepoint    ] Total time for which application threads were stopped: 0.0000953 seconds, Stopping threads took: 0.0000185 seconds
[2019-12-09T04:13:28.204+0000][1][safepoint    ] Application time: 1.0000769 seconds
[2019-12-09T04:13:28.204+0000][1][safepoint    ] Entering safepoint region: Cleanup
[2019-12-09T04:13:28.204+0000][1][safepoint    ] Leaving safepoint region
[2019-12-09T04:13:28.204+0000][1][safepoint    ] Total time for which application threads were stopped: 0.0000938 seconds, Stopping threads took: 0.0000171 seconds
[2019-12-09T04:13:29.204+0000][1][safepoint    ] Application time: 1.0000765 seconds
[2019-12-09T04:13:29.204+0000][1][safepoint    ] Entering safepoint region: Cleanup
[2019-12-09T04:13:29.204+0000][1][safepoint    ] Leaving safepoint region
[2019-12-09T04:13:29.204+0000][1][safepoint    ] Total time for which application threads were stopped: 0.0000937 seconds, Stopping threads took: 0.0000180 seconds
[2019-12-09T04:13:30.204+0000][1][safepoint    ] Application time: 1.0000763 seconds
[2019-12-09T04:13:30.204+0000][1][safepoint    ] Entering safepoint region: Cleanup
[2019-12-09T04:13:30.204+0000][1][safepoint    ] Leaving safepoint region
[2019-12-09T04:13:30.204+0000][1][safepoint    ] Total time for which application threads were stopped: 0.0000938 seconds, Stopping threads took: 0.0000181 seconds
[2019-12-09T04:13:30.211+0000][1][safepoint    ] Application time: 0.0067878 seconds
[2019-12-09T04:13:30.211+0000][1][safepoint    ] Entering safepoint region: GenCollectForAllocation
[2019-12-09T04:13:30.211+0000][1][gc,start     ] GC(41) Pause Young (Allocation Failure)
[2019-12-09T04:13:30.211+0000][1][gc,task      ] GC(41) Using 2 workers of 2 for evacuation
[2019-12-09T04:13:30.213+0000][1][gc,age       ] GC(41) Desired survivor size 4456448 bytes, new threshold 6 (max threshold 6)
[2019-12-09T04:13:30.213+0000][1][gc,age       ] GC(41) Age table with threshold 6 (max threshold 6)
[2019-12-09T04:13:30.213+0000][1][gc,age       ] GC(41) - age   1:      15048 bytes,      15048 total
[2019-12-09T04:13:30.213+0000][1][gc,age       ] GC(41) - age   2:       2608 bytes,      17656 total
[2019-12-09T04:13:30.213+0000][1][gc,age       ] GC(41) - age   3:       4344 bytes,      22000 total
[2019-12-09T04:13:30.213+0000][1][gc,age       ] GC(41) - age   4:        840 bytes,      22840 total
[2019-12-09T04:13:30.213+0000][1][gc,age       ] GC(41) - age   5:        488 bytes,      23328 total
[2019-12-09T04:13:30.213+0000][1][gc,age       ] GC(41) - age   6:       2728 bytes,      26056 total
[2019-12-09T04:13:30.213+0000][1][gc,heap      ] GC(41) ParNew: 69981K->44K(78656K)
[2019-12-09T04:13:30.213+0000][1][gc,heap      ] GC(41) CMS: 75864K->75866K(174784K)
[2019-12-09T04:13:30.213+0000][1][gc,metaspace ] GC(41) Metaspace: 79830K->79830K(1122304K)
[2019-12-09T04:13:30.213+0000][1][gc           ] GC(41) Pause Young (Allocation Failure) 142M->74M(247M) 1.866ms
[2019-12-09T04:13:30.213+0000][1][gc,cpu       ] GC(41) User=0.00s Sys=0.00s Real=0.00s
[2019-12-09T04:13:30.213+0000][1][safepoint    ] Leaving safepoint region
[2019-12-09T04:13:30.213+0000][1][safepoint    ] Total time for which application threads were stopped: 0.0020173 seconds, Stopping threads took: 0.0000149 seconds
[2019-12-09T04:13:31.213+0000][1][safepoint    ] Application time: 1.0000859 seconds
[2019-12-09T04:13:31.213+0000][1][safepoint    ] Entering safepoint region: Cleanup
[2019-12-09T04:13:31.213+0000][1][safepoint    ] Leaving safepoint region
[2019-12-09T04:13:31.213+0000][1][safepoint    ] Total time for which application threads were stopped: 0.0000954 seconds, Stopping threads took: 0.0000197 seconds
[2019-12-09T04:13:32.214+0000][1][safepoint    ] Application time: 1.0000801 seconds
[2019-12-09T04:13:32.214+0000][1][safepoint    ] Entering safepoint region: Cleanup
[2019-12-09T04:13:32.214+0000][1][safepoint    ] Leaving safepoint region
[2019-12-09T04:13:32.214+0000][1][safepoint    ] Total time for which application threads were stopped: 0.0001349 seconds, Stopping threads took: 0.0000175 seconds
[2019-12-09T04:13:33.214+0000][1][safepoint    ] Application time: 1.0000756 seconds
[2019-12-09T04:13:33.214+0000][1][safepoint    ] Entering safepoint region: Cleanup
[2019-12-09T04:13:33.214+0000][1][safepoint    ] Leaving safepoint region
[2019-12-09T04:13:33.214+0000][1][safepoint    ] Total time for which application threads were stopped: 0.0000913 seconds, Stopping threads took: 0.0000185 seconds
[2019-12-09T04:13:34.214+0000][1][safepoint    ] Application time: 1.0000744 seconds
[2019-12-09T04:13:34.214+0000][1][safepoint    ] Entering safepoint region: Cleanup
[2019-12-09T04:13:34.214+0000][1][safepoint    ] Leaving safepoint region
[2019-12-09T04:13:34.214+0000][1][safepoint    ] Total time for which application threads were stopped: 0.0000951 seconds, Stopping threads took: 0.0000183 seconds
[2019-12-09T04:13:35.214+0000][1][safepoint    ] Application time: 1.0000763 seconds
[2019-12-09T04:13:35.214+0000][1][safepoint    ] Entering safepoint region: Cleanup
[2019-12-09T04:13:35.214+0000][1][safepoint    ] Leaving safepoint region
[2019-12-09T04:13:35.214+0000][1][safepoint    ] Total time for which application threads were stopped: 0.0000970 seconds, Stopping threads took: 0.0000191 seconds
[2019-12-09T04:13:36.214+0000][1][safepoint    ] Application time: 1.0000754 seconds
[2019-12-09T04:13:36.214+0000][1][safepoint    ] Entering safepoint region: Cleanup
[2019-12-09T04:13:36.215+0000][1][safepoint    ] Leaving safepoint region
[2019-12-09T04:13:36.215+0000][1][safepoint    ] Total time for which application threads were stopped: 0.0000949 seconds, Stopping threads took: 0.0000192 seconds
[2019-12-09T04:13:37.215+0000][1][safepoint    ] Application time: 1.0000762 seconds
[2019-12-09T04:13:37.215+0000][1][safepoint    ] Entering safepoint region: Cleanup
[2019-12-09T04:13:37.215+0000][1][safepoint    ] Leaving safepoint region
[2019-12-09T04:13:37.215+0000][1][safepoint    ] Total time for which application threads were stopped: 0.0001090 seconds, Stopping threads took: 0.0000314 seconds
[2019-12-09T04:13:38.215+0000][1][safepoint    ] Application time: 1.0000761 seconds
[2019-12-09T04:13:38.215+0000][1][safepoint    ] Entering safepoint region: Cleanup
[2019-12-09T04:13:38.215+0000][1][safepoint    ] Leaving safepoint region
[2019-12-09T04:13:38.215+0000][1][safepoint    ] Total time for which application threads were stopped: 0.0001030 seconds, Stopping threads took: 0.0000184 seconds
[2019-12-09T04:13:39.215+0000][1][safepoint    ] Application time: 1.0000755 seconds
[2019-12-09T04:13:39.215+0000][1][safepoint    ] Entering safepoint region: Cleanup
[2019-12-09T04:13:39.215+0000][1][safepoint    ] Leaving safepoint region
[2019-12-09T04:13:39.215+0000][1][safepoint    ] Total time for which application threads were stopped: 0.0000952 seconds, Stopping threads took: 0.0000192 seconds
[2019-12-09T04:13:40.215+0000][1][safepoint    ] Application time: 1.0000757 seconds
[2019-12-09T04:13:40.215+0000][1][safepoint    ] Entering safepoint region: Cleanup
[2019-12-09T04:13:40.215+0000][1][safepoint    ] Leaving safepoint region
[2019-12-09T04:13:40.215+0000][1][safepoint    ] Total time for which application threads were stopped: 0.0000978 seconds, Stopping threads took: 0.0000200 seconds
[2019-12-09T04:13:41.216+0000][1][safepoint    ] Application time: 1.0000764 seconds
[2019-12-09T04:13:41.216+0000][1][safepoint    ] Entering safepoint region: Cleanup
[2019-12-09T04:13:41.216+0000][1][safepoint    ] Leaving safepoint region
[2019-12-09T04:13:41.216+0000][1][safepoint    ] Total time for which application threads were stopped: 0.0000950 seconds, Stopping threads took: 0.0000185 seconds
[2019-12-09T04:13:42.216+0000][1][safepoint    ] Application time: 1.0000763 seconds
[2019-12-09T04:13:42.216+0000][1][safepoint    ] Entering safepoint region: Cleanup
[2019-12-09T04:13:42.216+0000][1][safepoint    ] Leaving safepoint region
[2019-12-09T04:13:42.216+0000][1][safepoint    ] Total time for which application threads were stopped: 0.0001042 seconds, Stopping threads took: 0.0000264 seconds
[2019-12-09T04:13:43.216+0000][1][safepoint    ] Application time: 1.0000772 seconds
[2019-12-09T04:13:43.216+0000][1][safepoint    ] Entering safepoint region: Cleanup
[2019-12-09T04:13:43.216+0000][1][safepoint    ] Leaving safepoint region
[2019-12-09T04:13:43.216+0000][1][safepoint    ] Total time for which application threads were stopped: 0.0000986 seconds, Stopping threads took: 0.0000198 seconds
[2019-12-09T04:13:44.216+0000][1][safepoint    ] Application time: 1.0000767 seconds
[2019-12-09T04:13:44.216+0000][1][safepoint    ] Entering safepoint region: Cleanup
[2019-12-09T04:13:44.216+0000][1][safepoint    ] Leaving safepoint region
[2019-12-09T04:13:44.216+0000][1][safepoint    ] Total time for which application threads were stopped: 0.0000985 seconds, Stopping threads took: 0.0000199 seconds
[2019-12-09T04:13:45.216+0000][1][safepoint    ] Application time: 1.0000770 seconds
[2019-12-09T04:13:45.216+0000][1][safepoint    ] Entering safepoint region: Cleanup
[2019-12-09T04:13:45.216+0000][1][safepoint    ] Leaving safepoint region
[2019-12-09T04:13:45.216+0000][1][safepoint    ] Total time for which application threads were stopped: 0.0000955 seconds, Stopping threads took: 0.0000202 seconds
[2019-12-09T04:13:46.217+0000][1][safepoint    ] Application time: 1.0000766 seconds
[2019-12-09T04:13:46.217+0000][1][safepoint    ] Entering safepoint region: Cleanup
[2019-12-09T04:13:46.217+0000][1][safepoint    ] Leaving safepoint region
[2019-12-09T04:13:46.217+0000][1][safepoint    ] Total time for which application threads were stopped: 0.0001202 seconds, Stopping threads took: 0.0000209 seconds
[2019-12-09T04:13:47.217+0000][1][safepoint    ] Application time: 1.0000770 seconds
[2019-12-09T04:13:47.217+0000][1][safepoint    ] Entering safepoint region: Cleanup
[2019-12-09T04:13:47.217+0000][1][safepoint    ] Leaving safepoint region
[2019-12-09T04:13:47.217+0000][1][safepoint    ] Total time for which application threads were stopped: 0.0000955 seconds, Stopping threads took: 0.0000188 seconds
[2019-12-09T04:13:48.217+0000][1][safepoint    ] Application time: 1.0000759 seconds
[2019-12-09T04:13:48.217+0000][1][safepoint    ] Entering safepoint region: Cleanup
[2019-12-09T04:13:48.217+0000][1][safepoint    ] Leaving safepoint region
[2019-12-09T04:13:48.217+0000][1][safepoint    ] Total time for which application threads were stopped: 0.0000933 seconds, Stopping threads took: 0.0000181 seconds
[2019-12-09T04:13:49.217+0000][1][safepoint    ] Application time: 1.0000764 seconds
[2019-12-09T04:13:49.217+0000][1][safepoint    ] Entering safepoint region: Cleanup
[2019-12-09T04:13:49.217+0000][1][safepoint    ] Leaving safepoint region
[2019-12-09T04:13:49.217+0000][1][safepoint    ] Total time for which application threads were stopped: 0.0000946 seconds, Stopping threads took: 0.0000187 seconds
[2019-12-09T04:13:50.217+0000][1][safepoint    ] Application time: 1.0000770 seconds
[2019-12-09T04:13:50.217+0000][1][safepoint    ] Entering safepoint region: Cleanup
[2019-12-09T04:13:50.218+0000][1][safepoint    ] Leaving safepoint region
[2019-12-09T04:13:50.218+0000][1][safepoint    ] Total time for which application threads were stopped: 0.0000989 seconds, Stopping threads took: 0.0000209 seconds
[2019-12-09T04:13:51.218+0000][1][safepoint    ] Application time: 1.0000763 seconds
[2019-12-09T04:13:51.218+0000][1][safepoint    ] Entering safepoint region: Cleanup
[2019-12-09T04:13:51.218+0000][1][safepoint    ] Leaving safepoint region
[2019-12-09T04:13:51.218+0000][1][safepoint    ] Total time for which application threads were stopped: 0.0001107 seconds, Stopping threads took: 0.0000307 seconds
[2019-12-09T04:13:52.218+0000][1][safepoint    ] Application time: 1.0000751 seconds
[2019-12-09T04:13:52.218+0000][1][safepoint    ] Entering safepoint region: Cleanup
[2019-12-09T04:13:52.218+0000][1][safepoint    ] Leaving safepoint region
[2019-12-09T04:13:52.218+0000][1][safepoint    ] Total time for which application threads were stopped: 0.0000936 seconds, Stopping threads took: 0.0000178 seconds
[2019-12-09T04:13:53.218+0000][1][safepoint    ] Application time: 1.0000777 seconds
[2019-12-09T04:13:53.218+0000][1][safepoint    ] Entering safepoint region: Cleanup
[2019-12-09T04:13:53.218+0000][1][safepoint    ] Leaving safepoint region
[2019-12-09T04:13:53.218+0000][1][safepoint    ] Total time for which application threads were stopped: 0.0000986 seconds, Stopping threads took: 0.0000210 seconds
[2019-12-09T04:13:54.218+0000][1][safepoint    ] Application time: 1.0000766 seconds
[2019-12-09T04:13:54.218+0000][1][safepoint    ] Entering safepoint region: Cleanup
[2019-12-09T04:13:54.218+0000][1][safepoint    ] Leaving safepoint region
[2019-12-09T04:13:54.218+0000][1][safepoint    ] Total time for which application threads were stopped: 0.0000962 seconds, Stopping threads took: 0.0000194 seconds
[2019-12-09T04:13:55.218+0000][1][safepoint    ] Application time: 1.0000770 seconds
[2019-12-09T04:13:55.219+0000][1][safepoint    ] Entering safepoint region: Cleanup
[2019-12-09T04:13:55.219+0000][1][safepoint    ] Leaving safepoint region
[2019-12-09T04:13:55.219+0000][1][safepoint    ] Total time for which application threads were stopped: 0.0000951 seconds, Stopping threads took: 0.0000194 seconds
[2019-12-09T04:13:56.219+0000][1][safepoint    ] Application time: 1.0000763 seconds
[2019-12-09T04:13:56.219+0000][1][safepoint    ] Entering safepoint region: Cleanup
[2019-12-09T04:13:56.219+0000][1][safepoint    ] Leaving safepoint region
[2019-12-09T04:13:56.219+0000][1][safepoint    ] Total time for which application threads were stopped: 0.0000962 seconds, Stopping threads took: 0.0000186 seconds
[2019-12-09T04:13:57.219+0000][1][safepoint    ] Application time: 1.0000777 seconds
[2019-12-09T04:13:57.219+0000][1][safepoint    ] Entering safepoint region: Cleanup
[2019-12-09T04:13:57.219+0000][1][safepoint    ] Leaving safepoint region
[2019-12-09T04:13:57.219+0000][1][safepoint    ] Total time for which application threads were stopped: 0.0000955 seconds, Stopping threads took: 0.0000188 seconds
[2019-12-09T04:13:58.219+0000][1][safepoint    ] Application time: 1.0000856 seconds
[2019-12-09T04:13:58.219+0000][1][safepoint    ] Entering safepoint region: Cleanup
[2019-12-09T04:13:58.219+0000][1][safepoint    ] Leaving safepoint region
[2019-12-09T04:13:58.219+0000][1][safepoint    ] Total time for which application threads were stopped: 0.0001329 seconds, Stopping threads took: 0.0000262 seconds
[2019-12-09T04:13:59.219+0000][1][safepoint    ] Application time: 1.0000768 seconds
[2019-12-09T04:13:59.219+0000][1][safepoint    ] Entering safepoint region: Cleanup
[2019-12-09T04:13:59.220+0000][1][safepoint    ] Leaving safepoint region
[2019-12-09T04:13:59.220+0000][1][safepoint    ] Total time for which application threads were stopped: 0.0000940 seconds, Stopping threads took: 0.0000194 seconds
[2019-12-09T04:14:00.220+0000][1][safepoint    ] Application time: 1.0000770 seconds
[2019-12-09T04:14:00.220+0000][1][safepoint    ] Entering safepoint region: Cleanup
[2019-12-09T04:14:00.220+0000][1][safepoint    ] Leaving safepoint region
[2019-12-09T04:14:00.220+0000][1][safepoint    ] Total time for which application threads were stopped: 0.0001080 seconds, Stopping threads took: 0.0000196 seconds
[2019-12-09T04:14:01.245+0000][1][safepoint    ] Application time: 1.0247467 seconds
[2019-12-09T04:14:01.245+0000][1][safepoint    ] Entering safepoint region: Cleanup
[2019-12-09T04:14:01.245+0000][1][safepoint    ] Leaving safepoint region
[2019-12-09T04:14:01.245+0000][1][safepoint    ] Total time for which application threads were stopped: 0.0000998 seconds, Stopping threads took: 0.0000214 seconds
[2019-12-09T04:14:02.245+0000][1][safepoint    ] Application time: 1.0000763 seconds
[2019-12-09T04:14:02.245+0000][1][safepoint    ] Entering safepoint region: Cleanup
[2019-12-09T04:14:02.245+0000][1][safepoint    ] Leaving safepoint region
[2019-12-09T04:14:02.245+0000][1][safepoint    ] Total time for which application threads were stopped: 0.0000922 seconds, Stopping threads took: 0.0000182 seconds
[2019-12-09T04:14:03.245+0000][1][safepoint    ] Application time: 1.0000746 seconds
[2019-12-09T04:14:03.245+0000][1][safepoint    ] Entering safepoint region: Cleanup
[2019-12-09T04:14:03.245+0000][1][safepoint    ] Leaving safepoint region
[2019-12-09T04:14:03.245+0000][1][safepoint    ] Total time for which application threads were stopped: 0.0001001 seconds, Stopping threads took: 0.0000211 seconds
[2019-12-09T04:14:04.245+0000][1][safepoint    ] Application time: 1.0000753 seconds
[2019-12-09T04:14:04.245+0000][1][safepoint    ] Entering safepoint region: Cleanup
[2019-12-09T04:14:04.245+0000][1][safepoint    ] Leaving safepoint region
[2019-12-09T04:14:04.245+0000][1][safepoint    ] Total time for which application threads were stopped: 0.0000964 seconds, Stopping threads took: 0.0000200 seconds
[2019-12-09T04:14:05.245+0000][1][safepoint    ] Application time: 1.0000753 seconds
[2019-12-09T04:14:05.245+0000][1][safepoint    ] Entering safepoint region: Cleanup
[2019-12-09T04:14:05.245+0000][1][safepoint    ] Leaving safepoint region
[2019-12-09T04:14:05.245+0000][1][safepoint    ] Total time for which application threads were stopped: 0.0000969 seconds, Stopping threads took: 0.0000201 seconds
[2019-12-09T04:14:06.246+0000][1][safepoint    ] Application time: 1.0000760 seconds
[2019-12-09T04:14:06.246+0000][1][safepoint    ] Entering safepoint region: Cleanup
[2019-12-09T04:14:06.246+0000][1][safepoint    ] Leaving safepoint region
[2019-12-09T04:14:06.246+0000][1][safepoint    ] Total time for which application threads were stopped: 0.0001083 seconds, Stopping threads took: 0.0000202 seconds
[2019-12-09T04:14:07.246+0000][1][safepoint    ] Application time: 1.0000774 seconds
[2019-12-09T04:14:07.246+0000][1][safepoint    ] Entering safepoint region: Cleanup
[2019-12-09T04:14:07.246+0000][1][safepoint    ] Leaving safepoint region
[2019-12-09T04:14:07.246+0000][1][safepoint    ] Total time for which application threads were stopped: 0.0000957 seconds, Stopping threads took: 0.0000189 seconds
[2019-12-09T04:14:08.246+0000][1][safepoint    ] Application time: 1.0000759 seconds
[2019-12-09T04:14:08.246+0000][1][safepoint    ] Entering safepoint region: Cleanup
[2019-12-09T04:14:08.246+0000][1][safepoint    ] Leaving safepoint region
[2019-12-09T04:14:08.246+0000][1][safepoint    ] Total time for which application threads were stopped: 0.0000996 seconds, Stopping threads took: 0.0000205 seconds
[2019-12-09T04:14:09.246+0000][1][safepoint    ] Application time: 1.0000759 seconds
[2019-12-09T04:14:09.246+0000][1][safepoint    ] Entering safepoint region: Cleanup
[2019-12-09T04:14:09.246+0000][1][safepoint    ] Leaving safepoint region
[2019-12-09T04:14:09.246+0000][1][safepoint    ] Total time for which application threads were stopped: 0.0000951 seconds, Stopping threads took: 0.0000189 seconds
[2019-12-09T04:14:10.246+0000][1][safepoint    ] Application time: 1.0000771 seconds
[2019-12-09T04:14:10.246+0000][1][safepoint    ] Entering safepoint region: Cleanup
[2019-12-09T04:14:10.247+0000][1][safepoint    ] Leaving safepoint region
[2019-12-09T04:14:10.247+0000][1][safepoint    ] Total time for which application threads were stopped: 0.0000955 seconds, Stopping threads took: 0.0000185 seconds
[2019-12-09T04:14:11.247+0000][1][safepoint    ] Application time: 1.0000758 seconds
[2019-12-09T04:14:11.247+0000][1][safepoint    ] Entering safepoint region: Cleanup
[2019-12-09T04:14:11.247+0000][1][safepoint    ] Leaving safepoint region
[2019-12-09T04:14:11.247+0000][1][safepoint    ] Total time for which application threads were stopped: 0.0000950 seconds, Stopping threads took: 0.0000187 seconds
[2019-12-09T04:14:12.247+0000][1][safepoint    ] Application time: 1.0000761 seconds
[2019-12-09T04:14:12.247+0000][1][safepoint    ] Entering safepoint region: Cleanup
[2019-12-09T04:14:12.247+0000][1][safepoint    ] Leaving safepoint region
[2019-12-09T04:14:12.247+0000][1][safepoint    ] Total time for which application threads were stopped: 0.0001084 seconds, Stopping threads took: 0.0000259 seconds
[2019-12-09T04:14:13.247+0000][1][safepoint    ] Application time: 1.0000766 seconds
[2019-12-09T04:14:13.247+0000][1][safepoint    ] Entering safepoint region: Cleanup
[2019-12-09T04:14:13.247+0000][1][safepoint    ] Leaving safepoint region
[2019-12-09T04:14:13.247+0000][1][safepoint    ] Total time for which application threads were stopped: 0.0000959 seconds, Stopping threads took: 0.0000189 seconds
[2019-12-09T04:14:14.247+0000][1][safepoint    ] Application time: 1.0000754 seconds
[2019-12-09T04:14:14.247+0000][1][safepoint    ] Entering safepoint region: Cleanup
[2019-12-09T04:14:14.247+0000][1][safepoint    ] Leaving safepoint region
[2019-12-09T04:14:14.247+0000][1][safepoint    ] Total time for which application threads were stopped: 0.0000948 seconds, Stopping threads took: 0.0000193 seconds
[2019-12-09T04:14:15.248+0000][1][safepoint    ] Application time: 1.0000778 seconds
[2019-12-09T04:14:15.248+0000][1][safepoint    ] Entering safepoint region: Cleanup
[2019-12-09T04:14:15.248+0000][1][safepoint    ] Leaving safepoint region
[2019-12-09T04:14:15.248+0000][1][safepoint    ] Total time for which application threads were stopped: 0.0000966 seconds, Stopping threads took: 0.0000194 seconds
[2019-12-09T04:14:16.248+0000][1][safepoint    ] Application time: 1.0000777 seconds
[2019-12-09T04:14:16.248+0000][1][safepoint    ] Entering safepoint region: Cleanup
[2019-12-09T04:14:16.248+0000][1][safepoint    ] Leaving safepoint region
[2019-12-09T04:14:16.248+0000][1][safepoint    ] Total time for which application threads were stopped: 0.0000971 seconds, Stopping threads took: 0.0000180 seconds
[2019-12-09T04:14:17.248+0000][1][safepoint    ] Application time: 1.0000756 seconds
[2019-12-09T04:14:17.248+0000][1][safepoint    ] Entering safepoint region: Cleanup
[2019-12-09T04:14:17.248+0000][1][safepoint    ] Leaving safepoint region
[2019-12-09T04:14:17.248+0000][1][safepoint    ] Total time for which application threads were stopped: 0.0000966 seconds, Stopping threads took: 0.0000190 seconds
[2019-12-09T04:14:18.248+0000][1][safepoint    ] Application time: 1.0000772 seconds
[2019-12-09T04:14:18.248+0000][1][safepoint    ] Entering safepoint region: Cleanup
[2019-12-09T04:14:18.248+0000][1][safepoint    ] Leaving safepoint region
[2019-12-09T04:14:18.248+0000][1][safepoint    ] Total time for which application threads were stopped: 0.0000983 seconds, Stopping threads took: 0.0000187 seconds
[2019-12-09T04:14:19.248+0000][1][safepoint    ] Application time: 1.0000772 seconds
[2019-12-09T04:14:19.248+0000][1][safepoint    ] Entering safepoint region: Cleanup
[2019-12-09T04:14:19.249+0000][1][safepoint    ] Leaving safepoint region
[2019-12-09T04:14:19.249+0000][1][safepoint    ] Total time for which application threads were stopped: 0.0001013 seconds, Stopping threads took: 0.0000191 seconds
[2019-12-09T04:14:20.249+0000][1][safepoint    ] Application time: 1.0000767 seconds
[2019-12-09T04:14:20.249+0000][1][safepoint    ] Entering safepoint region: Cleanup
[2019-12-09T04:14:20.249+0000][1][safepoint    ] Leaving safepoint region
[2019-12-09T04:14:20.249+0000][1][safepoint    ] Total time for which application threads were stopped: 0.0001098 seconds, Stopping threads took: 0.0000190 seconds
[2019-12-09T04:14:21.249+0000][1][safepoint    ] Application time: 1.0000758 seconds
[2019-12-09T04:14:21.249+0000][1][safepoint    ] Entering safepoint region: Cleanup
[2019-12-09T04:14:21.249+0000][1][safepoint    ] Leaving safepoint region
[2019-12-09T04:14:21.249+0000][1][safepoint    ] Total time for which application threads were stopped: 0.0001020 seconds, Stopping threads took: 0.0000193 seconds
[2019-12-09T04:14:22.249+0000][1][safepoint    ] Application time: 1.0000764 seconds
[2019-12-09T04:14:22.249+0000][1][safepoint    ] Entering safepoint region: Cleanup
[2019-12-09T04:14:22.249+0000][1][safepoint    ] Leaving safepoint region
[2019-12-09T04:14:22.249+0000][1][safepoint    ] Total time for which application threads were stopped: 0.0001029 seconds, Stopping threads took: 0.0000265 seconds
[2019-12-09T04:14:23.249+0000][1][safepoint    ] Application time: 1.0000768 seconds
[2019-12-09T04:14:23.249+0000][1][safepoint    ] Entering safepoint region: Cleanup
[2019-12-09T04:14:23.249+0000][1][safepoint    ] Leaving safepoint region
[2019-12-09T04:14:23.249+0000][1][safepoint    ] Total time for which application threads were stopped: 0.0000965 seconds, Stopping threads took: 0.0000192 seconds
[2019-12-09T04:14:24.249+0000][1][safepoint    ] Application time: 1.0000769 seconds
[2019-12-09T04:14:24.250+0000][1][safepoint    ] Entering safepoint region: Cleanup
[2019-12-09T04:14:24.250+0000][1][safepoint    ] Leaving safepoint region
[2019-12-09T04:14:24.250+0000][1][safepoint    ] Total time for which application threads were stopped: 0.0000977 seconds, Stopping threads took: 0.0000200 seconds
[2019-12-09T04:14:25.250+0000][1][safepoint    ] Application time: 1.0000777 seconds
[2019-12-09T04:14:25.250+0000][1][safepoint    ] Entering safepoint region: Cleanup
[2019-12-09T04:14:25.250+0000][1][safepoint    ] Leaving safepoint region
[2019-12-09T04:14:25.250+0000][1][safepoint    ] Total time for which application threads were stopped: 0.0000966 seconds, Stopping threads took: 0.0000194 seconds
[2019-12-09T04:14:26.250+0000][1][safepoint    ] Application time: 1.0000743 seconds
[2019-12-09T04:14:26.250+0000][1][safepoint    ] Entering safepoint region: Cleanup
[2019-12-09T04:14:26.250+0000][1][safepoint    ] Leaving safepoint region
[2019-12-09T04:14:26.250+0000][1][safepoint    ] Total time for which application threads were stopped: 0.0000981 seconds, Stopping threads took: 0.0000208 seconds
[2019-12-09T04:14:27.250+0000][1][safepoint    ] Application time: 1.0000752 seconds
[2019-12-09T04:14:27.250+0000][1][safepoint    ] Entering safepoint region: Cleanup
[2019-12-09T04:14:27.250+0000][1][safepoint    ] Leaving safepoint region
[2019-12-09T04:14:27.250+0000][1][safepoint    ] Total time for which application threads were stopped: 0.0001104 seconds, Stopping threads took: 0.0000254 seconds
[2019-12-09T04:14:28.250+0000][1][safepoint    ] Application time: 1.0000772 seconds
[2019-12-09T04:14:28.250+0000][1][safepoint    ] Entering safepoint region: Cleanup
[2019-12-09T04:14:28.251+0000][1][safepoint    ] Leaving safepoint region
[2019-12-09T04:14:28.251+0000][1][safepoint    ] Total time for which application threads were stopped: 0.0000984 seconds, Stopping threads took: 0.0000202 seconds
[2019-12-09T04:14:29.251+0000][1][safepoint    ] Application time: 1.0000773 seconds
[2019-12-09T04:14:29.251+0000][1][safepoint    ] Entering safepoint region: Cleanup
[2019-12-09T04:14:29.251+0000][1][safepoint    ] Leaving safepoint region
[2019-12-09T04:14:29.251+0000][1][safepoint    ] Total time for which application threads were stopped: 0.0001143 seconds, Stopping threads took: 0.0000197 seconds
[2019-12-09T04:14:30.251+0000][1][safepoint    ] Application time: 1.0000785 seconds
[2019-12-09T04:14:30.251+0000][1][safepoint    ] Entering safepoint region: Cleanup
[2019-12-09T04:14:30.251+0000][1][safepoint    ] Leaving safepoint region
[2019-12-09T04:14:30.251+0000][1][safepoint    ] Total time for which application threads were stopped: 0.0000981 seconds, Stopping threads took: 0.0000187 seconds
[2019-12-09T04:14:31.251+0000][1][safepoint    ] Application time: 1.0000769 seconds
[2019-12-09T04:14:31.251+0000][1][safepoint    ] Entering safepoint region: Cleanup
[2019-12-09T04:14:31.251+0000][1][safepoint    ] Leaving safepoint region
[2019-12-09T04:14:31.251+0000][1][safepoint    ] Total time for which application threads were stopped: 0.0001049 seconds, Stopping threads took: 0.0000194 seconds
[2019-12-09T04:14:32.251+0000][1][safepoint    ] Application time: 1.0000767 seconds
[2019-12-09T04:14:32.251+0000][1][safepoint    ] Entering safepoint region: Cleanup
[2019-12-09T04:14:32.251+0000][1][safepoint    ] Leaving safepoint region
[2019-12-09T04:14:32.251+0000][1][safepoint    ] Total time for which application threads were stopped: 0.0000989 seconds, Stopping threads took: 0.0000200 seconds
[2019-12-09T04:14:33.251+0000][1][safepoint    ] Application time: 1.0000754 seconds
[2019-12-09T04:14:33.252+0000][1][safepoint    ] Entering safepoint region: Cleanup
[2019-12-09T04:14:33.252+0000][1][safepoint    ] Leaving safepoint region
[2019-12-09T04:14:33.252+0000][1][safepoint    ] Total time for which application threads were stopped: 0.0000964 seconds, Stopping threads took: 0.0000207 seconds
[2019-12-09T04:14:34.252+0000][1][safepoint    ] Application time: 1.0000767 seconds
[2019-12-09T04:14:34.252+0000][1][safepoint    ] Entering safepoint region: Cleanup
[2019-12-09T04:14:34.252+0000][1][safepoint    ] Leaving safepoint region
[2019-12-09T04:14:34.252+0000][1][safepoint    ] Total time for which application threads were stopped: 0.0001099 seconds, Stopping threads took: 0.0000265 seconds
[2019-12-09T04:14:35.252+0000][1][safepoint    ] Application time: 1.0000780 seconds
[2019-12-09T04:14:35.252+0000][1][safepoint    ] Entering safepoint region: Cleanup
[2019-12-09T04:14:35.252+0000][1][safepoint    ] Leaving safepoint region
[2019-12-09T04:14:35.252+0000][1][safepoint    ] Total time for which application threads were stopped: 0.0000951 seconds, Stopping threads took: 0.0000187 seconds
[2019-12-09T04:14:36.252+0000][1][safepoint    ] Application time: 1.0000785 seconds
[2019-12-09T04:14:36.252+0000][1][safepoint    ] Entering safepoint region: Cleanup
[2019-12-09T04:14:36.252+0000][1][safepoint    ] Leaving safepoint region
[2019-12-09T04:14:36.252+0000][1][safepoint    ] Total time for which application threads were stopped: 0.0000961 seconds, Stopping threads took: 0.0000184 seconds
[2019-12-09T04:14:37.252+0000][1][safepoint    ] Application time: 1.0000768 seconds
[2019-12-09T04:14:37.252+0000][1][safepoint    ] Entering safepoint region: Cleanup
[2019-12-09T04:14:37.253+0000][1][safepoint    ] Leaving safepoint region
[2019-12-09T04:14:37.253+0000][1][safepoint    ] Total time for which application threads were stopped: 0.0001089 seconds, Stopping threads took: 0.0000275 seconds
[2019-12-09T04:14:38.253+0000][1][safepoint    ] Application time: 1.0000758 seconds
[2019-12-09T04:14:38.253+0000][1][safepoint    ] Entering safepoint region: Cleanup
[2019-12-09T04:14:38.253+0000][1][safepoint    ] Leaving safepoint region
[2019-12-09T04:14:38.253+0000][1][safepoint    ] Total time for which application threads were stopped: 0.0001088 seconds, Stopping threads took: 0.0000196 seconds
[2019-12-09T04:14:39.253+0000][1][safepoint    ] Application time: 1.0000754 seconds
[2019-12-09T04:14:39.253+0000][1][safepoint    ] Entering safepoint region: Cleanup
[2019-12-09T04:14:39.253+0000][1][safepoint    ] Leaving safepoint region
[2019-12-09T04:14:39.253+0000][1][safepoint    ] Total time for which application threads were stopped: 0.0000965 seconds, Stopping threads took: 0.0000199 seconds
[2019-12-09T04:14:40.253+0000][1][safepoint    ] Application time: 1.0000770 seconds
[2019-12-09T04:14:40.253+0000][1][safepoint    ] Entering safepoint region: Cleanup
[2019-12-09T04:14:40.253+0000][1][safepoint    ] Leaving safepoint region
[2019-12-09T04:14:40.253+0000][1][safepoint    ] Total time for which application threads were stopped: 0.0000987 seconds, Stopping threads took: 0.0000202 seconds
[2019-12-09T04:14:41.253+0000][1][safepoint    ] Application time: 1.0000760 seconds
[2019-12-09T04:14:41.253+0000][1][safepoint    ] Entering safepoint region: Cleanup
[2019-12-09T04:14:41.253+0000][1][safepoint    ] Leaving safepoint region
[2019-12-09T04:14:41.253+0000][1][safepoint    ] Total time for which application threads were stopped: 0.0000952 seconds, Stopping threads took: 0.0000195 seconds
[2019-12-09T04:14:42.253+0000][1][safepoint    ] Application time: 1.0000769 seconds
[2019-12-09T04:14:42.254+0000][1][safepoint    ] Entering safepoint region: Cleanup
[2019-12-09T04:14:42.254+0000][1][safepoint    ] Leaving safepoint region
[2019-12-09T04:14:42.254+0000][1][safepoint    ] Total time for which application threads were stopped: 0.0001003 seconds, Stopping threads took: 0.0000199 seconds
[2019-12-09T04:14:43.254+0000][1][safepoint    ] Application time: 1.0000759 seconds
[2019-12-09T04:14:43.254+0000][1][safepoint    ] Entering safepoint region: Cleanup
[2019-12-09T04:14:43.254+0000][1][safepoint    ] Leaving safepoint region
[2019-12-09T04:14:43.254+0000][1][safepoint    ] Total time for which application threads were stopped: 0.0001017 seconds, Stopping threads took: 0.0000197 seconds
[2019-12-09T04:14:44.254+0000][1][safepoint    ] Application time: 1.0000758 seconds
[2019-12-09T04:14:44.254+0000][1][safepoint    ] Entering safepoint region: Cleanup
[2019-12-09T04:14:44.254+0000][1][safepoint    ] Leaving safepoint region
[2019-12-09T04:14:44.254+0000][1][safepoint    ] Total time for which application threads were stopped: 0.0000985 seconds, Stopping threads took: 0.0000206 seconds
[2019-12-09T04:14:45.254+0000][1][safepoint    ] Application time: 1.0000761 seconds
[2019-12-09T04:14:45.254+0000][1][safepoint    ] Entering safepoint region: Cleanup
[2019-12-09T04:14:45.254+0000][1][safepoint    ] Leaving safepoint region
[2019-12-09T04:14:45.254+0000][1][safepoint    ] Total time for which application threads were stopped: 0.0001068 seconds, Stopping threads took: 0.0000228 seconds
[2019-12-09T04:14:46.254+0000][1][safepoint    ] Application time: 1.0000770 seconds
[2019-12-09T04:14:46.254+0000][1][safepoint    ] Entering safepoint region: Cleanup
[2019-12-09T04:14:46.254+0000][1][safepoint    ] Leaving safepoint region
[2019-12-09T04:14:46.254+0000][1][safepoint    ] Total time for which application threads were stopped: 0.0000983 seconds, Stopping threads took: 0.0000194 seconds
[2019-12-09T04:14:47.255+0000][1][safepoint    ] Application time: 1.0000761 seconds
[2019-12-09T04:14:47.255+0000][1][safepoint    ] Entering safepoint region: Cleanup
[2019-12-09T04:14:47.255+0000][1][safepoint    ] Leaving safepoint region
[2019-12-09T04:14:47.255+0000][1][safepoint    ] Total time for which application threads were stopped: 0.0001132 seconds, Stopping threads took: 0.0000276 seconds
[2019-12-09T04:14:48.255+0000][1][safepoint    ] Application time: 1.0000778 seconds
[2019-12-09T04:14:48.255+0000][1][safepoint    ] Entering safepoint region: Cleanup
[2019-12-09T04:14:48.255+0000][1][safepoint    ] Leaving safepoint region
[2019-12-09T04:14:48.255+0000][1][safepoint    ] Total time for which application threads were stopped: 0.0000949 seconds, Stopping threads took: 0.0000194 seconds
[2019-12-09T04:14:49.255+0000][1][safepoint    ] Application time: 1.0000766 seconds
[2019-12-09T04:14:49.255+0000][1][safepoint    ] Entering safepoint region: Cleanup
[2019-12-09T04:14:49.255+0000][1][safepoint    ] Leaving safepoint region
[2019-12-09T04:14:49.255+0000][1][safepoint    ] Total time for which application threads were stopped: 0.0000986 seconds, Stopping threads took: 0.0000204 seconds
[2019-12-09T04:14:50.255+0000][1][safepoint    ] Application time: 1.0000770 seconds
[2019-12-09T04:14:50.255+0000][1][safepoint    ] Entering safepoint region: Cleanup
[2019-12-09T04:14:50.255+0000][1][safepoint    ] Leaving safepoint region
[2019-12-09T04:14:50.255+0000][1][safepoint    ] Total time for which application threads were stopped: 0.0000961 seconds, Stopping threads took: 0.0000197 seconds
[2019-12-09T04:14:51.255+0000][1][safepoint    ] Application time: 1.0000748 seconds
[2019-12-09T04:14:51.255+0000][1][safepoint    ] Entering safepoint region: Cleanup
[2019-12-09T04:14:51.256+0000][1][safepoint    ] Leaving safepoint region
[2019-12-09T04:14:51.256+0000][1][safepoint    ] Total time for which application threads were stopped: 0.0000953 seconds, Stopping threads took: 0.0000186 seconds
[2019-12-09T04:14:52.256+0000][1][safepoint    ] Application time: 1.0000810 seconds
[2019-12-09T04:14:52.256+0000][1][safepoint    ] Entering safepoint region: Cleanup
[2019-12-09T04:14:52.256+0000][1][safepoint    ] Leaving safepoint region
[2019-12-09T04:14:52.256+0000][1][safepoint    ] Total time for which application threads were stopped: 0.0000986 seconds, Stopping threads took: 0.0000214 seconds
[2019-12-09T04:14:53.256+0000][1][safepoint    ] Application time: 1.0000760 seconds
[2019-12-09T04:14:53.256+0000][1][safepoint    ] Entering safepoint region: Cleanup
[2019-12-09T04:14:53.256+0000][1][safepoint    ] Leaving safepoint region
[2019-12-09T04:14:53.256+0000][1][safepoint    ] Total time for which application threads were stopped: 0.0000953 seconds, Stopping threads took: 0.0000194 seconds
[2019-12-09T04:14:54.256+0000][1][safepoint    ] Application time: 1.0000745 seconds
[2019-12-09T04:14:54.256+0000][1][safepoint    ] Entering safepoint region: Cleanup
[2019-12-09T04:14:54.256+0000][1][safepoint    ] Leaving safepoint region
[2019-12-09T04:14:54.256+0000][1][safepoint    ] Total time for which application threads were stopped: 0.0000957 seconds, Stopping threads took: 0.0000182 seconds
[2019-12-09T04:14:55.256+0000][1][safepoint    ] Application time: 1.0000761 seconds
[2019-12-09T04:14:55.256+0000][1][safepoint    ] Entering safepoint region: Cleanup
[2019-12-09T04:14:55.256+0000][1][safepoint    ] Leaving safepoint region
[2019-12-09T04:14:55.256+0000][1][safepoint    ] Total time for which application threads were stopped: 0.0000982 seconds, Stopping threads took: 0.0000205 seconds
[2019-12-09T04:14:56.257+0000][1][safepoint    ] Application time: 1.0000756 seconds
[2019-12-09T04:14:56.257+0000][1][safepoint    ] Entering safepoint region: Cleanup
[2019-12-09T04:14:56.257+0000][1][safepoint    ] Leaving safepoint region
[2019-12-09T04:14:56.257+0000][1][safepoint    ] Total time for which application threads were stopped: 0.0001011 seconds, Stopping threads took: 0.0000208 seconds
[2019-12-09T04:14:57.257+0000][1][safepoint    ] Application time: 1.0000748 seconds
[2019-12-09T04:14:57.257+0000][1][safepoint    ] Entering safepoint region: Cleanup
[2019-12-09T04:14:57.257+0000][1][safepoint    ] Leaving safepoint region
[2019-12-09T04:14:57.257+0000][1][safepoint    ] Total time for which application threads were stopped: 0.0001109 seconds, Stopping threads took: 0.0000331 seconds
[2019-12-09T04:14:58.257+0000][1][safepoint    ] Application time: 1.0000777 seconds
[2019-12-09T04:14:58.257+0000][1][safepoint    ] Entering safepoint region: Cleanup
[2019-12-09T04:14:58.257+0000][1][safepoint    ] Leaving safepoint region
[2019-12-09T04:14:58.257+0000][1][safepoint    ] Total time for which application threads were stopped: 0.0000992 seconds, Stopping threads took: 0.0000188 seconds
[2019-12-09T04:14:59.257+0000][1][safepoint    ] Application time: 1.0000767 seconds
[2019-12-09T04:14:59.257+0000][1][safepoint    ] Entering safepoint region: Cleanup
[2019-12-09T04:14:59.257+0000][1][safepoint    ] Leaving safepoint region
[2019-12-09T04:14:59.257+0000][1][safepoint    ] Total time for which application threads were stopped: 0.0000982 seconds, Stopping threads took: 0.0000203 seconds
[2019-12-09T04:15:00.257+0000][1][safepoint    ] Application time: 1.0000805 seconds
[2019-12-09T04:15:00.257+0000][1][safepoint    ] Entering safepoint region: Cleanup
[2019-12-09T04:15:00.258+0000][1][safepoint    ] Leaving safepoint region
[2019-12-09T04:15:00.258+0000][1][safepoint    ] Total time for which application threads were stopped: 0.0001004 seconds, Stopping threads took: 0.0000199 seconds
[2019-12-09T04:15:01.258+0000][1][safepoint    ] Application time: 1.0000768 seconds
[2019-12-09T04:15:01.258+0000][1][safepoint    ] Entering safepoint region: Cleanup
[2019-12-09T04:15:01.258+0000][1][safepoint    ] Leaving safepoint region
[2019-12-09T04:15:01.258+0000][1][safepoint    ] Total time for which application threads were stopped: 0.0001055 seconds, Stopping threads took: 0.0000187 seconds
[2019-12-09T04:15:02.258+0000][1][safepoint    ] Application time: 1.0000775 seconds
[2019-12-09T04:15:02.258+0000][1][safepoint    ] Entering safepoint region: Cleanup
[2019-12-09T04:15:02.258+0000][1][safepoint    ] Leaving safepoint region
[2019-12-09T04:15:02.258+0000][1][safepoint    ] Total time for which application threads were stopped: 0.0000975 seconds, Stopping threads took: 0.0000194 seconds
[2019-12-09T04:15:03.258+0000][1][safepoint    ] Application time: 1.0000762 seconds
[2019-12-09T04:15:03.258+0000][1][safepoint    ] Entering safepoint region: Cleanup
[2019-12-09T04:15:03.258+0000][1][safepoint    ] Leaving safepoint region
[2019-12-09T04:15:03.258+0000][1][safepoint    ] Total time for which application threads were stopped: 0.0000936 seconds, Stopping threads took: 0.0000188 seconds
[2019-12-09T04:15:04.258+0000][1][safepoint    ] Application time: 1.0000778 seconds
[2019-12-09T04:15:04.258+0000][1][safepoint    ] Entering safepoint region: Cleanup
[2019-12-09T04:15:04.258+0000][1][safepoint    ] Leaving safepoint region
[2019-12-09T04:15:04.258+0000][1][safepoint    ] Total time for which application threads were stopped: 0.0000964 seconds, Stopping threads took: 0.0000193 seconds
[2019-12-09T04:15:05.259+0000][1][safepoint    ] Application time: 1.0000761 seconds
[2019-12-09T04:15:05.259+0000][1][safepoint    ] Entering safepoint region: Cleanup
[2019-12-09T04:15:05.259+0000][1][safepoint    ] Leaving safepoint region
[2019-12-09T04:15:05.259+0000][1][safepoint    ] Total time for which application threads were stopped: 0.0000955 seconds, Stopping threads took: 0.0000194 seconds
[2019-12-09T04:15:06.259+0000][1][safepoint    ] Application time: 1.0000765 seconds
[2019-12-09T04:15:06.259+0000][1][safepoint    ] Entering safepoint region: Cleanup
[2019-12-09T04:15:06.259+0000][1][safepoint    ] Leaving safepoint region
[2019-12-09T04:15:06.259+0000][1][safepoint    ] Total time for which application threads were stopped: 0.0000947 seconds, Stopping threads took: 0.0000168 seconds
[2019-12-09T04:15:07.259+0000][1][safepoint    ] Application time: 1.0000747 seconds
[2019-12-09T04:15:07.259+0000][1][safepoint    ] Entering safepoint region: Cleanup
[2019-12-09T04:15:07.259+0000][1][safepoint    ] Leaving safepoint region
[2019-12-09T04:15:07.259+0000][1][safepoint    ] Total time for which application threads were stopped: 0.0001063 seconds, Stopping threads took: 0.0000192 seconds
[2019-12-09T04:15:08.259+0000][1][safepoint    ] Application time: 1.0000760 seconds
[2019-12-09T04:15:08.259+0000][1][safepoint    ] Entering safepoint region: Cleanup
[2019-12-09T04:15:08.259+0000][1][safepoint    ] Leaving safepoint region
[2019-12-09T04:15:08.259+0000][1][safepoint    ] Total time for which application threads were stopped: 0.0000940 seconds, Stopping threads took: 0.0000190 seconds
[2019-12-09T04:15:09.259+0000][1][safepoint    ] Application time: 1.0000746 seconds
[2019-12-09T04:15:09.259+0000][1][safepoint    ] Entering safepoint region: Cleanup
[2019-12-09T04:15:09.259+0000][1][safepoint    ] Leaving safepoint region
[2019-12-09T04:15:09.259+0000][1][safepoint    ] Total time for which application threads were stopped: 0.0000970 seconds, Stopping threads took: 0.0000205 seconds
[2019-12-09T04:15:10.260+0000][1][safepoint    ] Application time: 1.0000760 seconds
[2019-12-09T04:15:10.260+0000][1][safepoint    ] Entering safepoint region: Cleanup
[2019-12-09T04:15:10.260+0000][1][safepoint    ] Leaving safepoint region
[2019-12-09T04:15:10.260+0000][1][safepoint    ] Total time for which application threads were stopped: 0.0001082 seconds, Stopping threads took: 0.0000195 seconds
[2019-12-09T04:15:11.260+0000][1][safepoint    ] Application time: 1.0000766 seconds
[2019-12-09T04:15:11.260+0000][1][safepoint    ] Entering safepoint region: Cleanup
[2019-12-09T04:15:11.260+0000][1][safepoint    ] Leaving safepoint region
[2019-12-09T04:15:11.260+0000][1][safepoint    ] Total time for which application threads were stopped: 0.0000964 seconds, Stopping threads took: 0.0000207 seconds
[2019-12-09T04:15:12.260+0000][1][safepoint    ] Application time: 1.0000759 seconds
[2019-12-09T04:15:12.260+0000][1][safepoint    ] Entering safepoint region: Cleanup
[2019-12-09T04:15:12.260+0000][1][safepoint    ] Leaving safepoint region
[2019-12-09T04:15:12.260+0000][1][safepoint    ] Total time for which application threads were stopped: 0.0000950 seconds, Stopping threads took: 0.0000181 seconds
[2019-12-09T04:15:13.260+0000][1][safepoint    ] Application time: 1.0000765 seconds
[2019-12-09T04:15:13.260+0000][1][safepoint    ] Entering safepoint region: Cleanup
[2019-12-09T04:15:13.260+0000][1][safepoint    ] Leaving safepoint region
[2019-12-09T04:15:13.260+0000][1][safepoint    ] Total time for which application threads were stopped: 0.0000986 seconds, Stopping threads took: 0.0000200 seconds
[2019-12-09T04:15:14.260+0000][1][safepoint    ] Application time: 1.0000760 seconds
[2019-12-09T04:15:14.261+0000][1][safepoint    ] Entering safepoint region: Cleanup
[2019-12-09T04:15:14.261+0000][1][safepoint    ] Leaving safepoint region
[2019-12-09T04:15:14.261+0000][1][safepoint    ] Total time for which application threads were stopped: 0.0000997 seconds, Stopping threads took: 0.0000197 seconds
[2019-12-09T04:15:15.261+0000][1][safepoint    ] Application time: 1.0000876 seconds
[2019-12-09T04:15:15.261+0000][1][safepoint    ] Entering safepoint region: Cleanup
[2019-12-09T04:15:15.261+0000][1][safepoint    ] Leaving safepoint region
[2019-12-09T04:15:15.261+0000][1][safepoint    ] Total time for which application threads were stopped: 0.0000972 seconds, Stopping threads took: 0.0000190 seconds
[2019-12-09T04:15:16.261+0000][1][safepoint    ] Application time: 1.0000765 seconds
[2019-12-09T04:15:16.261+0000][1][safepoint    ] Entering safepoint region: Cleanup
[2019-12-09T04:15:16.261+0000][1][safepoint    ] Leaving safepoint region
[2019-12-09T04:15:16.261+0000][1][safepoint    ] Total time for which application threads were stopped: 0.0000968 seconds, Stopping threads took: 0.0000198 seconds
[2019-12-09T04:15:17.261+0000][1][safepoint    ] Application time: 1.0000766 seconds
[2019-12-09T04:15:17.261+0000][1][safepoint    ] Entering safepoint region: Cleanup
[2019-12-09T04:15:17.261+0000][1][safepoint    ] Leaving safepoint region
[2019-12-09T04:15:17.261+0000][1][safepoint    ] Total time for which application threads were stopped: 0.0001046 seconds, Stopping threads took: 0.0000196 seconds
[2019-12-09T04:15:18.261+0000][1][safepoint    ] Application time: 1.0000743 seconds
[2019-12-09T04:15:18.261+0000][1][safepoint    ] Entering safepoint region: Cleanup
[2019-12-09T04:15:18.261+0000][1][safepoint    ] Leaving safepoint region
[2019-12-09T04:15:18.261+0000][1][safepoint    ] Total time for which application threads were stopped: 0.0000972 seconds, Stopping threads took: 0.0000197 seconds
[2019-12-09T04:15:19.262+0000][1][safepoint    ] Application time: 1.0000771 seconds
[2019-12-09T04:15:19.262+0000][1][safepoint    ] Entering safepoint region: Cleanup
[2019-12-09T04:15:19.262+0000][1][safepoint    ] Leaving safepoint region
[2019-12-09T04:15:19.262+0000][1][safepoint    ] Total time for which application threads were stopped: 0.0001101 seconds, Stopping threads took: 0.0000201 seconds
[2019-12-09T04:15:20.262+0000][1][safepoint    ] Application time: 1.0000751 seconds
[2019-12-09T04:15:20.262+0000][1][safepoint    ] Entering safepoint region: Cleanup
[2019-12-09T04:15:20.262+0000][1][safepoint    ] Leaving safepoint region
[2019-12-09T04:15:20.262+0000][1][safepoint    ] Total time for which application threads were stopped: 0.0000963 seconds, Stopping threads took: 0.0000192 seconds
[2019-12-09T04:15:21.263+0000][1][safepoint    ] Application time: 1.0007604 seconds
[2019-12-09T04:15:21.263+0000][1][safepoint    ] Entering safepoint region: Cleanup
[2019-12-09T04:15:21.263+0000][1][safepoint    ] Leaving safepoint region
[2019-12-09T04:15:21.263+0000][1][safepoint    ] Total time for which application threads were stopped: 0.0001344 seconds, Stopping threads took: 0.0000262 seconds
[2019-12-09T04:15:21.439+0000][1][safepoint    ] Application time: 0.1762231 seconds
[2019-12-09T04:15:21.439+0000][1][safepoint    ] Entering safepoint region: GenCollectForAllocation
[2019-12-09T04:15:21.439+0000][1][gc,start     ] GC(42) Pause Young (Allocation Failure)
[2019-12-09T04:15:21.439+0000][1][gc,task      ] GC(42) Using 2 workers of 2 for evacuation
[2019-12-09T04:15:21.441+0000][1][gc,age       ] GC(42) Desired survivor size 4456448 bytes, new threshold 6 (max threshold 6)
[2019-12-09T04:15:21.441+0000][1][gc,age       ] GC(42) Age table with threshold 6 (max threshold 6)
[2019-12-09T04:15:21.441+0000][1][gc,age       ] GC(42) - age   1:       9536 bytes,       9536 total
[2019-12-09T04:15:21.441+0000][1][gc,age       ] GC(42) - age   2:       3296 bytes,      12832 total
[2019-12-09T04:15:21.441+0000][1][gc,age       ] GC(42) - age   3:       2488 bytes,      15320 total
[2019-12-09T04:15:21.441+0000][1][gc,age       ] GC(42) - age   4:       4224 bytes,      19544 total
[2019-12-09T04:15:21.441+0000][1][gc,age       ] GC(42) - age   5:        840 bytes,      20384 total
[2019-12-09T04:15:21.441+0000][1][gc,age       ] GC(42) - age   6:        488 bytes,      20872 total
[2019-12-09T04:15:21.441+0000][1][gc,heap      ] GC(42) ParNew: 69996K->22K(78656K)
[2019-12-09T04:15:21.441+0000][1][gc,heap      ] GC(42) CMS: 75866K->75869K(174784K)
[2019-12-09T04:15:21.441+0000][1][gc,metaspace ] GC(42) Metaspace: 79831K->79831K(1122304K)
[2019-12-09T04:15:21.441+0000][1][gc           ] GC(42) Pause Young (Allocation Failure) 142M->74M(247M) 1.804ms
[2019-12-09T04:15:21.441+0000][1][gc,cpu       ] GC(42) User=0.00s Sys=0.00s Real=0.00s
[2019-12-09T04:15:21.441+0000][1][safepoint    ] Leaving safepoint region
[2019-12-09T04:15:21.441+0000][1][safepoint    ] Total time for which application threads were stopped: 0.0019634 seconds, Stopping threads took: 0.0000168 seconds
[2019-12-09T04:15:22.441+0000][1][safepoint    ] Application time: 1.0000866 seconds
[2019-12-09T04:15:22.441+0000][1][safepoint    ] Entering safepoint region: Cleanup
[2019-12-09T04:15:22.441+0000][1][safepoint    ] Leaving safepoint region
[2019-12-09T04:15:22.441+0000][1][safepoint    ] Total time for which application threads were stopped: 0.0000956 seconds, Stopping threads took: 0.0000200 seconds
[2019-12-09T04:15:23.441+0000][1][safepoint    ] Application time: 1.0000762 seconds
[2019-12-09T04:15:23.441+0000][1][safepoint    ] Entering safepoint region: Cleanup
[2019-12-09T04:15:23.442+0000][1][safepoint    ] Leaving safepoint region
[2019-12-09T04:15:23.442+0000][1][safepoint    ] Total time for which application threads were stopped: 0.0000952 seconds, Stopping threads took: 0.0000191 seconds
[2019-12-09T04:15:24.442+0000][1][safepoint    ] Application time: 1.0000769 seconds
[2019-12-09T04:15:24.442+0000][1][safepoint    ] Entering safepoint region: Cleanup
[2019-12-09T04:15:24.442+0000][1][safepoint    ] Leaving safepoint region
[2019-12-09T04:15:24.442+0000][1][safepoint    ] Total time for which application threads were stopped: 0.0001046 seconds, Stopping threads took: 0.0000295 seconds
[2019-12-09T04:15:25.442+0000][1][safepoint    ] Application time: 1.0000749 seconds
[2019-12-09T04:15:25.442+0000][1][safepoint    ] Entering safepoint region: Cleanup
[2019-12-09T04:15:25.442+0000][1][safepoint    ] Leaving safepoint region
[2019-12-09T04:15:25.442+0000][1][safepoint    ] Total time for which application threads were stopped: 0.0000939 seconds, Stopping threads took: 0.0000199 seconds
[2019-12-09T04:15:26.442+0000][1][safepoint    ] Application time: 1.0000853 seconds
[2019-12-09T04:15:26.442+0000][1][safepoint    ] Entering safepoint region: Cleanup
[2019-12-09T04:15:26.442+0000][1][safepoint    ] Leaving safepoint region
[2019-12-09T04:15:26.442+0000][1][safepoint    ] Total time for which application threads were stopped: 0.0001506 seconds, Stopping threads took: 0.0000663 seconds
[2019-12-09T04:15:27.442+0000][1][safepoint    ] Application time: 1.0000935 seconds
[2019-12-09T04:15:27.442+0000][1][safepoint    ] Entering safepoint region: Cleanup
[2019-12-09T04:15:27.443+0000][1][safepoint    ] Leaving safepoint region
[2019-12-09T04:15:27.443+0000][1][safepoint    ] Total time for which application threads were stopped: 0.0001452 seconds, Stopping threads took: 0.0000371 seconds
[2019-12-09T04:15:28.443+0000][1][safepoint    ] Application time: 1.0000780 seconds
[2019-12-09T04:15:28.443+0000][1][safepoint    ] Entering safepoint region: Cleanup
[2019-12-09T04:15:28.443+0000][1][safepoint    ] Leaving safepoint region
[2019-12-09T04:15:28.443+0000][1][safepoint    ] Total time for which application threads were stopped: 0.0001028 seconds, Stopping threads took: 0.0000202 seconds
[2019-12-09T04:15:29.443+0000][1][safepoint    ] Application time: 1.0000764 seconds
[2019-12-09T04:15:29.443+0000][1][safepoint    ] Entering safepoint region: Cleanup
[2019-12-09T04:15:29.443+0000][1][safepoint    ] Leaving safepoint region
[2019-12-09T04:15:29.443+0000][1][safepoint    ] Total time for which application threads were stopped: 0.0000976 seconds, Stopping threads took: 0.0000198 seconds
[2019-12-09T04:15:30.443+0000][1][safepoint    ] Application time: 1.0000809 seconds
[2019-12-09T04:15:30.443+0000][1][safepoint    ] Entering safepoint region: Cleanup
[2019-12-09T04:15:30.443+0000][1][safepoint    ] Leaving safepoint region
[2019-12-09T04:15:30.443+0000][1][safepoint    ] Total time for which application threads were stopped: 0.0000957 seconds, Stopping threads took: 0.0000185 seconds
[2019-12-09T04:15:31.443+0000][1][safepoint    ] Application time: 1.0000772 seconds
[2019-12-09T04:15:31.443+0000][1][safepoint    ] Entering safepoint region: Cleanup
[2019-12-09T04:15:31.443+0000][1][safepoint    ] Leaving safepoint region
[2019-12-09T04:15:31.443+0000][1][safepoint    ] Total time for which application threads were stopped: 0.0001138 seconds, Stopping threads took: 0.0000202 seconds
[2019-12-09T04:15:32.444+0000][1][safepoint    ] Application time: 1.0000853 seconds
[2019-12-09T04:15:32.444+0000][1][safepoint    ] Entering safepoint region: Cleanup
[2019-12-09T04:15:32.444+0000][1][safepoint    ] Leaving safepoint region
[2019-12-09T04:15:32.444+0000][1][safepoint    ] Total time for which application threads were stopped: 0.0001091 seconds, Stopping threads took: 0.0000206 seconds
[2019-12-09T04:15:33.444+0000][1][safepoint    ] Application time: 1.0000785 seconds
[2019-12-09T04:15:33.444+0000][1][safepoint    ] Entering safepoint region: Cleanup
[2019-12-09T04:15:33.444+0000][1][safepoint    ] Leaving safepoint region
[2019-12-09T04:15:33.444+0000][1][safepoint    ] Total time for which application threads were stopped: 0.0000998 seconds, Stopping threads took: 0.0000199 seconds
[2019-12-09T04:15:34.444+0000][1][safepoint    ] Application time: 1.0000802 seconds
[2019-12-09T04:15:34.444+0000][1][safepoint    ] Entering safepoint region: Cleanup
[2019-12-09T04:15:34.444+0000][1][safepoint    ] Leaving safepoint region
[2019-12-09T04:15:34.444+0000][1][safepoint    ] Total time for which application threads were stopped: 0.0000989 seconds, Stopping threads took: 0.0000204 seconds
[2019-12-09T04:15:35.444+0000][1][safepoint    ] Application time: 1.0000781 seconds
[2019-12-09T04:15:35.444+0000][1][safepoint    ] Entering safepoint region: Cleanup
[2019-12-09T04:15:35.444+0000][1][safepoint    ] Leaving safepoint region
[2019-12-09T04:15:35.444+0000][1][safepoint    ] Total time for which application threads were stopped: 0.0000964 seconds, Stopping threads took: 0.0000196 seconds
[2019-12-09T04:15:36.444+0000][1][safepoint    ] Application time: 1.0000761 seconds
[2019-12-09T04:15:36.444+0000][1][safepoint    ] Entering safepoint region: Cleanup
[2019-12-09T04:15:36.445+0000][1][safepoint    ] Leaving safepoint region
[2019-12-09T04:15:36.445+0000][1][safepoint    ] Total time for which application threads were stopped: 0.0000927 seconds, Stopping threads took: 0.0000173 seconds
[2019-12-09T04:15:37.445+0000][1][safepoint    ] Application time: 1.0000822 seconds
[2019-12-09T04:15:37.445+0000][1][safepoint    ] Entering safepoint region: Cleanup
[2019-12-09T04:15:37.445+0000][1][safepoint    ] Leaving safepoint region
[2019-12-09T04:15:37.445+0000][1][safepoint    ] Total time for which application threads were stopped: 0.0000979 seconds, Stopping threads took: 0.0000218 seconds
[2019-12-09T04:15:38.445+0000][1][safepoint    ] Application time: 1.0000772 seconds
[2019-12-09T04:15:38.445+0000][1][safepoint    ] Entering safepoint region: Cleanup
[2019-12-09T04:15:38.445+0000][1][safepoint    ] Leaving safepoint region
[2019-12-09T04:15:38.445+0000][1][safepoint    ] Total time for which application threads were stopped: 0.0000947 seconds, Stopping threads took: 0.0000193 seconds
[2019-12-09T04:15:39.445+0000][1][safepoint    ] Application time: 1.0000777 seconds
[2019-12-09T04:15:39.445+0000][1][safepoint    ] Entering safepoint region: Cleanup
[2019-12-09T04:15:39.445+0000][1][safepoint    ] Leaving safepoint region
[2019-12-09T04:15:39.445+0000][1][safepoint    ] Total time for which application threads were stopped: 0.0000979 seconds, Stopping threads took: 0.0000195 seconds
[2019-12-09T04:15:40.445+0000][1][safepoint    ] Application time: 1.0000781 seconds
[2019-12-09T04:15:40.445+0000][1][safepoint    ] Entering safepoint region: Cleanup
[2019-12-09T04:15:40.445+0000][1][safepoint    ] Leaving safepoint region
[2019-12-09T04:15:40.445+0000][1][safepoint    ] Total time for which application threads were stopped: 0.0001114 seconds, Stopping threads took: 0.0000310 seconds
[2019-12-09T04:15:41.446+0000][1][safepoint    ] Application time: 1.0000788 seconds
[2019-12-09T04:15:41.446+0000][1][safepoint    ] Entering safepoint region: Cleanup
[2019-12-09T04:15:41.446+0000][1][safepoint    ] Leaving safepoint region
[2019-12-09T04:15:41.446+0000][1][safepoint    ] Total time for which application threads were stopped: 0.0001084 seconds, Stopping threads took: 0.0000183 seconds
[2019-12-09T04:15:42.446+0000][1][safepoint    ] Application time: 1.0000757 seconds
[2019-12-09T04:15:42.446+0000][1][safepoint    ] Entering safepoint region: Cleanup
[2019-12-09T04:15:42.446+0000][1][safepoint    ] Leaving safepoint region
[2019-12-09T04:15:42.446+0000][1][safepoint    ] Total time for which application threads were stopped: 0.0000904 seconds, Stopping threads took: 0.0000161 seconds
[2019-12-09T04:15:43.446+0000][1][safepoint    ] Application time: 1.0000848 seconds
[2019-12-09T04:15:43.446+0000][1][safepoint    ] Entering safepoint region: Cleanup
[2019-12-09T04:15:43.446+0000][1][safepoint    ] Leaving safepoint region
[2019-12-09T04:15:43.446+0000][1][safepoint    ] Total time for which application threads were stopped: 0.0001241 seconds, Stopping threads took: 0.0000343 seconds
[2019-12-09T04:15:44.446+0000][1][safepoint    ] Application time: 1.0000795 seconds
[2019-12-09T04:15:44.446+0000][1][safepoint    ] Entering safepoint region: Cleanup
[2019-12-09T04:15:44.446+0000][1][safepoint    ] Leaving safepoint region
[2019-12-09T04:15:44.446+0000][1][safepoint    ] Total time for which application threads were stopped: 0.0000974 seconds, Stopping threads took: 0.0000201 seconds
[2019-12-09T04:15:45.446+0000][1][safepoint    ] Application time: 1.0000891 seconds
[2019-12-09T04:15:45.447+0000][1][safepoint    ] Entering safepoint region: Cleanup
[2019-12-09T04:15:45.447+0000][1][safepoint    ] Leaving safepoint region
[2019-12-09T04:15:45.447+0000][1][safepoint    ] Total time for which application threads were stopped: 0.0000873 seconds, Stopping threads took: 0.0000167 seconds
[2019-12-09T04:15:46.447+0000][1][safepoint    ] Application time: 1.0000940 seconds
[2019-12-09T04:15:46.447+0000][1][safepoint    ] Entering safepoint region: Cleanup
[2019-12-09T04:15:46.447+0000][1][safepoint    ] Leaving safepoint region
[2019-12-09T04:15:46.447+0000][1][safepoint    ] Total time for which application threads were stopped: 0.0001034 seconds, Stopping threads took: 0.0000202 seconds
[2019-12-09T04:15:47.447+0000][1][safepoint    ] Application time: 1.0000812 seconds
[2019-12-09T04:15:47.447+0000][1][safepoint    ] Entering safepoint region: Cleanup
[2019-12-09T04:15:47.447+0000][1][safepoint    ] Leaving safepoint region
[2019-12-09T04:15:47.447+0000][1][safepoint    ] Total time for which application threads were stopped: 0.0001017 seconds, Stopping threads took: 0.0000223 seconds
[2019-12-09T04:15:48.447+0000][1][safepoint    ] Application time: 1.0000811 seconds
[2019-12-09T04:15:48.447+0000][1][safepoint    ] Entering safepoint region: Cleanup
[2019-12-09T04:15:48.447+0000][1][safepoint    ] Leaving safepoint region
[2019-12-09T04:15:48.447+0000][1][safepoint    ] Total time for which application threads were stopped: 0.0001310 seconds, Stopping threads took: 0.0000259 seconds
[2019-12-09T04:15:49.447+0000][1][safepoint    ] Application time: 1.0000793 seconds
[2019-12-09T04:15:49.447+0000][1][safepoint    ] Entering safepoint region: Cleanup
[2019-12-09T04:15:49.448+0000][1][safepoint    ] Leaving safepoint region
[2019-12-09T04:15:49.448+0000][1][safepoint    ] Total time for which application threads were stopped: 0.0001226 seconds, Stopping threads took: 0.0000247 seconds
[2019-12-09T04:15:50.448+0000][1][safepoint    ] Application time: 1.0000777 seconds
[2019-12-09T04:15:50.448+0000][1][safepoint    ] Entering safepoint region: Cleanup
[2019-12-09T04:15:50.448+0000][1][safepoint    ] Leaving safepoint region
[2019-12-09T04:15:50.448+0000][1][safepoint    ] Total time for which application threads were stopped: 0.0000952 seconds, Stopping threads took: 0.0000205 seconds
[2019-12-09T04:15:51.448+0000][1][safepoint    ] Application time: 1.0000755 seconds
[2019-12-09T04:15:51.448+0000][1][safepoint    ] Entering safepoint region: Cleanup
[2019-12-09T04:15:51.448+0000][1][safepoint    ] Leaving safepoint region
[2019-12-09T04:15:51.448+0000][1][safepoint    ] Total time for which application threads were stopped: 0.0000949 seconds, Stopping threads took: 0.0000180 seconds
[2019-12-09T04:15:52.448+0000][1][safepoint    ] Application time: 1.0000757 seconds
[2019-12-09T04:15:52.448+0000][1][safepoint    ] Entering safepoint region: Cleanup
[2019-12-09T04:15:52.448+0000][1][safepoint    ] Leaving safepoint region
[2019-12-09T04:15:52.448+0000][1][safepoint    ] Total time for which application threads were stopped: 0.0000954 seconds, Stopping threads took: 0.0000207 seconds
[2019-12-09T04:15:53.448+0000][1][safepoint    ] Application time: 1.0000767 seconds
[2019-12-09T04:15:53.448+0000][1][safepoint    ] Entering safepoint region: Cleanup
[2019-12-09T04:15:53.448+0000][1][safepoint    ] Leaving safepoint region
[2019-12-09T04:15:53.448+0000][1][safepoint    ] Total time for which application threads were stopped: 0.0000942 seconds, Stopping threads took: 0.0000189 seconds
[2019-12-09T04:15:54.449+0000][1][safepoint    ] Application time: 1.0000787 seconds
[2019-12-09T04:15:54.449+0000][1][safepoint    ] Entering safepoint region: Cleanup
[2019-12-09T04:15:54.449+0000][1][safepoint    ] Leaving safepoint region
[2019-12-09T04:15:54.449+0000][1][safepoint    ] Total time for which application threads were stopped: 0.0000960 seconds, Stopping threads took: 0.0000202 seconds
[2019-12-09T04:15:55.449+0000][1][safepoint    ] Application time: 1.0000502 seconds
[2019-12-09T04:15:55.449+0000][1][safepoint    ] Entering safepoint region: Cleanup
[2019-12-09T04:15:55.449+0000][1][safepoint    ] Leaving safepoint region
[2019-12-09T04:15:55.449+0000][1][safepoint    ] Total time for which application threads were stopped: 0.0000939 seconds, Stopping threads took: 0.0000183 seconds
[2019-12-09T04:15:56.449+0000][1][safepoint    ] Application time: 1.0000758 seconds
[2019-12-09T04:15:56.449+0000][1][safepoint    ] Entering safepoint region: Cleanup
[2019-12-09T04:15:56.449+0000][1][safepoint    ] Leaving safepoint region
[2019-12-09T04:15:56.449+0000][1][safepoint    ] Total time for which application threads were stopped: 0.0000968 seconds, Stopping threads took: 0.0000203 seconds
[2019-12-09T04:15:57.449+0000][1][safepoint    ] Application time: 1.0000765 seconds
[2019-12-09T04:15:57.449+0000][1][safepoint    ] Entering safepoint region: Cleanup
[2019-12-09T04:15:57.449+0000][1][safepoint    ] Leaving safepoint region
[2019-12-09T04:15:57.449+0000][1][safepoint    ] Total time for which application threads were stopped: 0.0000979 seconds, Stopping threads took: 0.0000247 seconds
[2019-12-09T04:15:58.449+0000][1][safepoint    ] Application time: 1.0000755 seconds
[2019-12-09T04:15:58.449+0000][1][safepoint    ] Entering safepoint region: Cleanup
[2019-12-09T04:15:58.449+0000][1][safepoint    ] Leaving safepoint region
[2019-12-09T04:15:58.449+0000][1][safepoint    ] Total time for which application threads were stopped: 0.0000957 seconds, Stopping threads took: 0.0000190 seconds
[2019-12-09T04:15:59.450+0000][1][safepoint    ] Application time: 1.0000764 seconds
[2019-12-09T04:15:59.450+0000][1][safepoint    ] Entering safepoint region: Cleanup
[2019-12-09T04:15:59.450+0000][1][safepoint    ] Leaving safepoint region
[2019-12-09T04:15:59.450+0000][1][safepoint    ] Total time for which application threads were stopped: 0.0000977 seconds, Stopping threads took: 0.0000194 seconds
[2019-12-09T04:16:00.450+0000][1][safepoint    ] Application time: 1.0000789 seconds
[2019-12-09T04:16:00.450+0000][1][safepoint    ] Entering safepoint region: Cleanup
[2019-12-09T04:16:00.450+0000][1][safepoint    ] Leaving safepoint region
[2019-12-09T04:16:00.450+0000][1][safepoint    ] Total time for which application threads were stopped: 0.0000916 seconds, Stopping threads took: 0.0000179 seconds
[2019-12-09T04:16:01.450+0000][1][safepoint    ] Application time: 1.0000777 seconds
[2019-12-09T04:16:01.450+0000][1][safepoint    ] Entering safepoint region: Cleanup
[2019-12-09T04:16:01.450+0000][1][safepoint    ] Leaving safepoint region
[2019-12-09T04:16:01.450+0000][1][safepoint    ] Total time for which application threads were stopped: 0.0000998 seconds, Stopping threads took: 0.0000205 seconds
[2019-12-09T04:16:02.450+0000][1][safepoint    ] Application time: 1.0000779 seconds
[2019-12-09T04:16:02.450+0000][1][safepoint    ] Entering safepoint region: Cleanup
[2019-12-09T04:16:02.450+0000][1][safepoint    ] Leaving safepoint region
[2019-12-09T04:16:02.450+0000][1][safepoint    ] Total time for which application threads were stopped: 0.0000959 seconds, Stopping threads took: 0.0000195 seconds
[2019-12-09T04:16:03.450+0000][1][safepoint    ] Application time: 1.0000770 seconds
[2019-12-09T04:16:03.450+0000][1][safepoint    ] Entering safepoint region: Cleanup
[2019-12-09T04:16:03.451+0000][1][safepoint    ] Leaving safepoint region
[2019-12-09T04:16:03.451+0000][1][safepoint    ] Total time for which application threads were stopped: 0.0000988 seconds, Stopping threads took: 0.0000200 seconds
[2019-12-09T04:16:04.451+0000][1][safepoint    ] Application time: 1.0000772 seconds
[2019-12-09T04:16:04.451+0000][1][safepoint    ] Entering safepoint region: Cleanup
[2019-12-09T04:16:04.451+0000][1][safepoint    ] Leaving safepoint region
[2019-12-09T04:16:04.451+0000][1][safepoint    ] Total time for which application threads were stopped: 0.0000980 seconds, Stopping threads took: 0.0000210 seconds
[2019-12-09T04:16:05.852+0000][1][safepoint    ] Application time: 1.4007286 seconds
[2019-12-09T04:16:05.852+0000][1][safepoint    ] Entering safepoint region: Cleanup
[2019-12-09T04:16:05.852+0000][1][safepoint    ] Leaving safepoint region
[2019-12-09T04:16:05.852+0000][1][safepoint    ] Total time for which application threads were stopped: 0.0000990 seconds, Stopping threads took: 0.0000171 seconds
[2019-12-09T04:16:06.852+0000][1][safepoint    ] Application time: 1.0000875 seconds
[2019-12-09T04:16:06.852+0000][1][safepoint    ] Entering safepoint region: Cleanup
[2019-12-09T04:16:06.852+0000][1][safepoint    ] Leaving safepoint region
[2019-12-09T04:16:06.852+0000][1][safepoint    ] Total time for which application threads were stopped: 0.0000972 seconds, Stopping threads took: 0.0000191 seconds
[2019-12-09T04:16:07.852+0000][1][safepoint    ] Application time: 1.0000790 seconds
[2019-12-09T04:16:07.852+0000][1][safepoint    ] Entering safepoint region: Cleanup
[2019-12-09T04:16:07.852+0000][1][safepoint    ] Leaving safepoint region
[2019-12-09T04:16:07.852+0000][1][safepoint    ] Total time for which application threads were stopped: 0.0000958 seconds, Stopping threads took: 0.0000194 seconds
[2019-12-09T04:16:08.852+0000][1][safepoint    ] Application time: 1.0000792 seconds
[2019-12-09T04:16:08.852+0000][1][safepoint    ] Entering safepoint region: Cleanup
[2019-12-09T04:16:08.852+0000][1][safepoint    ] Leaving safepoint region
[2019-12-09T04:16:08.852+0000][1][safepoint    ] Total time for which application threads were stopped: 0.0000959 seconds, Stopping threads took: 0.0000193 seconds
[2019-12-09T04:16:09.852+0000][1][safepoint    ] Application time: 1.0000789 seconds
[2019-12-09T04:16:09.852+0000][1][safepoint    ] Entering safepoint region: Cleanup
[2019-12-09T04:16:09.853+0000][1][safepoint    ] Leaving safepoint region
[2019-12-09T04:16:09.853+0000][1][safepoint    ] Total time for which application threads were stopped: 0.0000922 seconds, Stopping threads took: 0.0000182 seconds
[2019-12-09T04:16:10.853+0000][1][safepoint    ] Application time: 1.0000817 seconds
[2019-12-09T04:16:10.853+0000][1][safepoint    ] Entering safepoint region: Cleanup
[2019-12-09T04:16:10.853+0000][1][safepoint    ] Leaving safepoint region
[2019-12-09T04:16:10.853+0000][1][safepoint    ] Total time for which application threads were stopped: 0.0001111 seconds, Stopping threads took: 0.0000209 seconds
[2019-12-09T04:16:11.853+0000][1][safepoint    ] Application time: 1.0000806 seconds
[2019-12-09T04:16:11.853+0000][1][safepoint    ] Entering safepoint region: Cleanup
[2019-12-09T04:16:11.853+0000][1][safepoint    ] Leaving safepoint region
[2019-12-09T04:16:11.853+0000][1][safepoint    ] Total time for which application threads were stopped: 0.0000976 seconds, Stopping threads took: 0.0000180 seconds
[2019-12-09T04:16:12.853+0000][1][safepoint    ] Application time: 1.0000808 seconds
[2019-12-09T04:16:12.853+0000][1][safepoint    ] Entering safepoint region: Cleanup
[2019-12-09T04:16:12.853+0000][1][safepoint    ] Leaving safepoint region
[2019-12-09T04:16:12.853+0000][1][safepoint    ] Total time for which application threads were stopped: 0.0001049 seconds, Stopping threads took: 0.0000201 seconds
[2019-12-09T04:16:13.853+0000][1][safepoint    ] Application time: 1.0001557 seconds
[2019-12-09T04:16:13.853+0000][1][safepoint    ] Entering safepoint region: Cleanup
[2019-12-09T04:16:13.854+0000][1][safepoint    ] Leaving safepoint region
[2019-12-09T04:16:13.854+0000][1][safepoint    ] Total time for which application threads were stopped: 0.0001403 seconds, Stopping threads took: 0.0000334 seconds
[2019-12-09T04:16:14.854+0000][1][safepoint    ] Application time: 1.0000820 seconds
[2019-12-09T04:16:14.854+0000][1][safepoint    ] Entering safepoint region: Cleanup
[2019-12-09T04:16:14.854+0000][1][safepoint    ] Leaving safepoint region
[2019-12-09T04:16:14.854+0000][1][safepoint    ] Total time for which application threads were stopped: 0.0001326 seconds, Stopping threads took: 0.0000200 seconds
[2019-12-09T04:16:15.854+0000][1][safepoint    ] Application time: 1.0000808 seconds
[2019-12-09T04:16:15.854+0000][1][safepoint    ] Entering safepoint region: Cleanup
[2019-12-09T04:16:15.854+0000][1][safepoint    ] Leaving safepoint region
[2019-12-09T04:16:15.854+0000][1][safepoint    ] Total time for which application threads were stopped: 0.0001076 seconds, Stopping threads took: 0.0000203 seconds
[2019-12-09T04:16:16.854+0000][1][safepoint    ] Application time: 1.0001077 seconds
[2019-12-09T04:16:16.854+0000][1][safepoint    ] Entering safepoint region: Cleanup
[2019-12-09T04:16:16.854+0000][1][safepoint    ] Leaving safepoint region
[2019-12-09T04:16:16.854+0000][1][safepoint    ] Total time for which application threads were stopped: 0.0001385 seconds, Stopping threads took: 0.0000281 seconds
[2019-12-09T04:16:17.855+0000][1][safepoint    ] Application time: 1.0000809 seconds
[2019-12-09T04:16:17.855+0000][1][safepoint    ] Entering safepoint region: Cleanup
[2019-12-09T04:16:17.855+0000][1][safepoint    ] Leaving safepoint region
[2019-12-09T04:16:17.855+0000][1][safepoint    ] Total time for which application threads were stopped: 0.0001440 seconds, Stopping threads took: 0.0000266 seconds
[2019-12-09T04:16:18.855+0000][1][safepoint    ] Application time: 1.0000753 seconds
[2019-12-09T04:16:18.855+0000][1][safepoint    ] Entering safepoint region: Cleanup
[2019-12-09T04:16:18.855+0000][1][safepoint    ] Leaving safepoint region
[2019-12-09T04:16:18.855+0000][1][safepoint    ] Total time for which application threads were stopped: 0.0000989 seconds, Stopping threads took: 0.0000202 seconds
[2019-12-09T04:16:19.855+0000][1][safepoint    ] Application time: 1.0000767 seconds
[2019-12-09T04:16:19.855+0000][1][safepoint    ] Entering safepoint region: Cleanup
[2019-12-09T04:16:19.855+0000][1][safepoint    ] Leaving safepoint region
[2019-12-09T04:16:19.855+0000][1][safepoint    ] Total time for which application threads were stopped: 0.0000947 seconds, Stopping threads took: 0.0000176 seconds
[2019-12-09T04:16:20.855+0000][1][safepoint    ] Application time: 1.0000779 seconds
[2019-12-09T04:16:20.855+0000][1][safepoint    ] Entering safepoint region: Cleanup
[2019-12-09T04:16:20.855+0000][1][safepoint    ] Leaving safepoint region
[2019-12-09T04:16:20.855+0000][1][safepoint    ] Total time for which application threads were stopped: 0.0000928 seconds, Stopping threads took: 0.0000186 seconds
[2019-12-09T04:16:21.855+0000][1][safepoint    ] Application time: 1.0000762 seconds
[2019-12-09T04:16:21.855+0000][1][safepoint    ] Entering safepoint region: Cleanup
[2019-12-09T04:16:21.856+0000][1][safepoint    ] Leaving safepoint region
[2019-12-09T04:16:21.856+0000][1][safepoint    ] Total time for which application threads were stopped: 0.0000938 seconds, Stopping threads took: 0.0000190 seconds
[2019-12-09T04:16:22.856+0000][1][safepoint    ] Application time: 1.0000760 seconds
[2019-12-09T04:16:22.856+0000][1][safepoint    ] Entering safepoint region: Cleanup
[2019-12-09T04:16:22.856+0000][1][safepoint    ] Leaving safepoint region
[2019-12-09T04:16:22.856+0000][1][safepoint    ] Total time for which application threads were stopped: 0.0001104 seconds, Stopping threads took: 0.0000199 seconds
[2019-12-09T04:16:23.856+0000][1][safepoint    ] Application time: 1.0000765 seconds
[2019-12-09T04:16:23.856+0000][1][safepoint    ] Entering safepoint region: Cleanup
[2019-12-09T04:16:23.856+0000][1][safepoint    ] Leaving safepoint region
[2019-12-09T04:16:23.856+0000][1][safepoint    ] Total time for which application threads were stopped: 0.0001014 seconds, Stopping threads took: 0.0000277 seconds
[2019-12-09T04:16:24.856+0000][1][safepoint    ] Application time: 1.0000750 seconds
[2019-12-09T04:16:24.856+0000][1][safepoint    ] Entering safepoint region: Cleanup
[2019-12-09T04:16:24.856+0000][1][safepoint    ] Leaving safepoint region
[2019-12-09T04:16:24.856+0000][1][safepoint    ] Total time for which application threads were stopped: 0.0000932 seconds, Stopping threads took: 0.0000188 seconds
[2019-12-09T04:16:25.856+0000][1][safepoint    ] Application time: 1.0000749 seconds
[2019-12-09T04:16:25.856+0000][1][safepoint    ] Entering safepoint region: Cleanup
[2019-12-09T04:16:25.856+0000][1][safepoint    ] Leaving safepoint region
[2019-12-09T04:16:25.856+0000][1][safepoint    ] Total time for which application threads were stopped: 0.0000945 seconds, Stopping threads took: 0.0000187 seconds
[2019-12-09T04:16:26.856+0000][1][safepoint    ] Application time: 1.0000866 seconds
[2019-12-09T04:16:26.857+0000][1][safepoint    ] Entering safepoint region: Cleanup
[2019-12-09T04:16:26.857+0000][1][safepoint    ] Leaving safepoint region
[2019-12-09T04:16:26.857+0000][1][safepoint    ] Total time for which application threads were stopped: 0.0001257 seconds, Stopping threads took: 0.0000247 seconds
[2019-12-09T04:16:27.857+0000][1][safepoint    ] Application time: 1.0000770 seconds
[2019-12-09T04:16:27.857+0000][1][safepoint    ] Entering safepoint region: Cleanup
[2019-12-09T04:16:27.857+0000][1][safepoint    ] Leaving safepoint region
[2019-12-09T04:16:27.857+0000][1][safepoint    ] Total time for which application threads were stopped: 0.0001031 seconds, Stopping threads took: 0.0000262 seconds
[2019-12-09T04:16:28.857+0000][1][safepoint    ] Application time: 1.0000770 seconds
[2019-12-09T04:16:28.857+0000][1][safepoint    ] Entering safepoint region: Cleanup
[2019-12-09T04:16:28.857+0000][1][safepoint    ] Leaving safepoint region
[2019-12-09T04:16:28.857+0000][1][safepoint    ] Total time for which application threads were stopped: 0.0000974 seconds, Stopping threads took: 0.0000190 seconds
[2019-12-09T04:16:29.857+0000][1][safepoint    ] Application time: 1.0000762 seconds
[2019-12-09T04:16:29.857+0000][1][safepoint    ] Entering safepoint region: Cleanup
[2019-12-09T04:16:29.857+0000][1][safepoint    ] Leaving safepoint region
[2019-12-09T04:16:29.857+0000][1][safepoint    ] Total time for which application threads were stopped: 0.0000940 seconds, Stopping threads took: 0.0000183 seconds
[2019-12-09T04:16:30.857+0000][1][safepoint    ] Application time: 1.0000814 seconds
[2019-12-09T04:16:30.857+0000][1][safepoint    ] Entering safepoint region: Cleanup
[2019-12-09T04:16:30.857+0000][1][safepoint    ] Leaving safepoint region
[2019-12-09T04:16:30.857+0000][1][safepoint    ] Total time for which application threads were stopped: 0.0000946 seconds, Stopping threads took: 0.0000184 seconds
[2019-12-09T04:16:31.858+0000][1][safepoint    ] Application time: 1.0000901 seconds
[2019-12-09T04:16:31.858+0000][1][safepoint    ] Entering safepoint region: Cleanup
[2019-12-09T04:16:31.858+0000][1][safepoint    ] Leaving safepoint region
[2019-12-09T04:16:31.858+0000][1][safepoint    ] Total time for which application threads were stopped: 0.0001396 seconds, Stopping threads took: 0.0000253 seconds
[2019-12-09T04:16:32.858+0000][1][safepoint    ] Application time: 1.0000771 seconds
[2019-12-09T04:16:32.858+0000][1][safepoint    ] Entering safepoint region: Cleanup
[2019-12-09T04:16:32.858+0000][1][safepoint    ] Leaving safepoint region
[2019-12-09T04:16:32.858+0000][1][safepoint    ] Total time for which application threads were stopped: 0.0000885 seconds, Stopping threads took: 0.0000160 seconds
[2019-12-09T04:16:33.858+0000][1][safepoint    ] Application time: 1.0000770 seconds
[2019-12-09T04:16:33.858+0000][1][safepoint    ] Entering safepoint region: Cleanup
[2019-12-09T04:16:33.858+0000][1][safepoint    ] Leaving safepoint region
[2019-12-09T04:16:33.858+0000][1][safepoint    ] Total time for which application threads were stopped: 0.0001060 seconds, Stopping threads took: 0.0000289 seconds
[2019-12-09T04:16:34.858+0000][1][safepoint    ] Application time: 1.0000760 seconds
[2019-12-09T04:16:34.858+0000][1][safepoint    ] Entering safepoint region: Cleanup
[2019-12-09T04:16:34.858+0000][1][safepoint    ] Leaving safepoint region
[2019-12-09T04:16:34.858+0000][1][safepoint    ] Total time for which application threads were stopped: 0.0000939 seconds, Stopping threads took: 0.0000194 seconds
[2019-12-09T04:16:35.858+0000][1][safepoint    ] Application time: 1.0000781 seconds
[2019-12-09T04:16:35.859+0000][1][safepoint    ] Entering safepoint region: Cleanup
[2019-12-09T04:16:35.859+0000][1][safepoint    ] Leaving safepoint region
[2019-12-09T04:16:35.859+0000][1][safepoint    ] Total time for which application threads were stopped: 0.0000945 seconds, Stopping threads took: 0.0000187 seconds
[2019-12-09T04:16:36.859+0000][1][safepoint    ] Application time: 1.0000859 seconds
[2019-12-09T04:16:36.859+0000][1][safepoint    ] Entering safepoint region: Cleanup
[2019-12-09T04:16:36.859+0000][1][safepoint    ] Leaving safepoint region
[2019-12-09T04:16:36.859+0000][1][safepoint    ] Total time for which application threads were stopped: 0.0000958 seconds, Stopping threads took: 0.0000190 seconds
[2019-12-09T04:16:37.859+0000][1][safepoint    ] Application time: 1.0000784 seconds
[2019-12-09T04:16:37.859+0000][1][safepoint    ] Entering safepoint region: Cleanup
[2019-12-09T04:16:37.859+0000][1][safepoint    ] Leaving safepoint region
[2019-12-09T04:16:37.859+0000][1][safepoint    ] Total time for which application threads were stopped: 0.0000945 seconds, Stopping threads took: 0.0000192 seconds
[2019-12-09T04:16:38.859+0000][1][safepoint    ] Application time: 1.0000794 seconds
[2019-12-09T04:16:38.859+0000][1][safepoint    ] Entering safepoint region: Cleanup
[2019-12-09T04:16:38.859+0000][1][safepoint    ] Leaving safepoint region
[2019-12-09T04:16:38.859+0000][1][safepoint    ] Total time for which application threads were stopped: 0.0001014 seconds, Stopping threads took: 0.0000193 seconds
[2019-12-09T04:16:39.859+0000][1][safepoint    ] Application time: 1.0000777 seconds
[2019-12-09T04:16:39.859+0000][1][safepoint    ] Entering safepoint region: Cleanup
[2019-12-09T04:16:39.859+0000][1][safepoint    ] Leaving safepoint region
[2019-12-09T04:16:39.859+0000][1][safepoint    ] Total time for which application threads were stopped: 0.0000922 seconds, Stopping threads took: 0.0000178 seconds
[2019-12-09T04:16:40.860+0000][1][safepoint    ] Application time: 1.0000769 seconds
[2019-12-09T04:16:40.860+0000][1][safepoint    ] Entering safepoint region: Cleanup
[2019-12-09T04:16:40.860+0000][1][safepoint    ] Leaving safepoint region
[2019-12-09T04:16:40.860+0000][1][safepoint    ] Total time for which application threads were stopped: 0.0000953 seconds, Stopping threads took: 0.0000192 seconds
[2019-12-09T04:16:41.860+0000][1][safepoint    ] Application time: 1.0000760 seconds
[2019-12-09T04:16:41.860+0000][1][safepoint    ] Entering safepoint region: Cleanup
[2019-12-09T04:16:41.860+0000][1][safepoint    ] Leaving safepoint region
[2019-12-09T04:16:41.860+0000][1][safepoint    ] Total time for which application threads were stopped: 0.0000921 seconds, Stopping threads took: 0.0000177 seconds
[2019-12-09T04:16:42.860+0000][1][safepoint    ] Application time: 1.0000760 seconds
[2019-12-09T04:16:42.860+0000][1][safepoint    ] Entering safepoint region: Cleanup
[2019-12-09T04:16:42.860+0000][1][safepoint    ] Leaving safepoint region
[2019-12-09T04:16:42.860+0000][1][safepoint    ] Total time for which application threads were stopped: 0.0000923 seconds, Stopping threads took: 0.0000180 seconds
[2019-12-09T04:16:43.860+0000][1][safepoint    ] Application time: 1.0000771 seconds
[2019-12-09T04:16:43.860+0000][1][safepoint    ] Entering safepoint region: Cleanup
[2019-12-09T04:16:43.860+0000][1][safepoint    ] Leaving safepoint region
[2019-12-09T04:16:43.860+0000][1][safepoint    ] Total time for which application threads were stopped: 0.0001028 seconds, Stopping threads took: 0.0000265 seconds
[2019-12-09T04:16:44.860+0000][1][safepoint    ] Application time: 1.0000768 seconds
[2019-12-09T04:16:44.860+0000][1][safepoint    ] Entering safepoint region: Cleanup
[2019-12-09T04:16:44.861+0000][1][safepoint    ] Leaving safepoint region
[2019-12-09T04:16:44.861+0000][1][safepoint    ] Total time for which application threads were stopped: 0.0001038 seconds, Stopping threads took: 0.0000264 seconds
[2019-12-09T04:16:45.861+0000][1][safepoint    ] Application time: 1.0000769 seconds
[2019-12-09T04:16:45.861+0000][1][safepoint    ] Entering safepoint region: Cleanup
[2019-12-09T04:16:45.861+0000][1][safepoint    ] Leaving safepoint region
[2019-12-09T04:16:45.861+0000][1][safepoint    ] Total time for which application threads were stopped: 0.0001038 seconds, Stopping threads took: 0.0000197 seconds
[2019-12-09T04:16:46.861+0000][1][safepoint    ] Application time: 1.0000773 seconds
[2019-12-09T04:16:46.861+0000][1][safepoint    ] Entering safepoint region: Cleanup
[2019-12-09T04:16:46.861+0000][1][safepoint    ] Leaving safepoint region
[2019-12-09T04:16:46.861+0000][1][safepoint    ] Total time for which application threads were stopped: 0.0000953 seconds, Stopping threads took: 0.0000201 seconds
[2019-12-09T04:16:47.861+0000][1][safepoint    ] Application time: 1.0000738 seconds
[2019-12-09T04:16:47.861+0000][1][safepoint    ] Entering safepoint region: Cleanup
[2019-12-09T04:16:47.861+0000][1][safepoint    ] Leaving safepoint region
[2019-12-09T04:16:47.861+0000][1][safepoint    ] Total time for which application threads were stopped: 0.0001031 seconds, Stopping threads took: 0.0000190 seconds
[2019-12-09T04:16:48.861+0000][1][safepoint    ] Application time: 1.0000762 seconds
[2019-12-09T04:16:48.861+0000][1][safepoint    ] Entering safepoint region: Cleanup
[2019-12-09T04:16:48.861+0000][1][safepoint    ] Leaving safepoint region
[2019-12-09T04:16:48.861+0000][1][safepoint    ] Total time for which application threads were stopped: 0.0001086 seconds, Stopping threads took: 0.0000176 seconds
[2019-12-09T04:16:49.861+0000][1][safepoint    ] Application time: 1.0000753 seconds
[2019-12-09T04:16:49.862+0000][1][safepoint    ] Entering safepoint region: Cleanup
[2019-12-09T04:16:49.862+0000][1][safepoint    ] Leaving safepoint region
[2019-12-09T04:16:49.862+0000][1][safepoint    ] Total time for which application threads were stopped: 0.0000946 seconds, Stopping threads took: 0.0000180 seconds
[2019-12-09T04:16:50.862+0000][1][safepoint    ] Application time: 1.0000768 seconds
[2019-12-09T04:16:50.862+0000][1][safepoint    ] Entering safepoint region: Cleanup
[2019-12-09T04:16:50.862+0000][1][safepoint    ] Leaving safepoint region
[2019-12-09T04:16:50.862+0000][1][safepoint    ] Total time for which application threads were stopped: 0.0000963 seconds, Stopping threads took: 0.0000193 seconds
[2019-12-09T04:16:51.862+0000][1][safepoint    ] Application time: 1.0000751 seconds
[2019-12-09T04:16:51.862+0000][1][safepoint    ] Entering safepoint region: Cleanup
[2019-12-09T04:16:51.862+0000][1][safepoint    ] Leaving safepoint region
[2019-12-09T04:16:51.862+0000][1][safepoint    ] Total time for which application threads were stopped: 0.0000938 seconds, Stopping threads took: 0.0000183 seconds
[2019-12-09T04:16:52.862+0000][1][safepoint    ] Application time: 1.0000886 seconds
[2019-12-09T04:16:52.862+0000][1][safepoint    ] Entering safepoint region: Cleanup
[2019-12-09T04:16:52.862+0000][1][safepoint    ] Leaving safepoint region
[2019-12-09T04:16:52.862+0000][1][safepoint    ] Total time for which application threads were stopped: 0.0001263 seconds, Stopping threads took: 0.0000244 seconds
[2019-12-09T04:16:53.862+0000][1][safepoint    ] Application time: 1.0000757 seconds
[2019-12-09T04:16:53.862+0000][1][safepoint    ] Entering safepoint region: Cleanup
[2019-12-09T04:16:53.862+0000][1][safepoint    ] Leaving safepoint region
[2019-12-09T04:16:53.862+0000][1][safepoint    ] Total time for which application threads were stopped: 0.0001023 seconds, Stopping threads took: 0.0000201 seconds
[2019-12-09T04:16:54.863+0000][1][safepoint    ] Application time: 1.0000768 seconds
[2019-12-09T04:16:54.863+0000][1][safepoint    ] Entering safepoint region: Cleanup
[2019-12-09T04:16:54.863+0000][1][safepoint    ] Leaving safepoint region
[2019-12-09T04:16:54.863+0000][1][safepoint    ] Total time for which application threads were stopped: 0.0001103 seconds, Stopping threads took: 0.0000197 seconds
[2019-12-09T04:16:55.863+0000][1][safepoint    ] Application time: 1.0000754 seconds
[2019-12-09T04:16:55.863+0000][1][safepoint    ] Entering safepoint region: Cleanup
[2019-12-09T04:16:55.863+0000][1][safepoint    ] Leaving safepoint region
[2019-12-09T04:16:55.863+0000][1][safepoint    ] Total time for which application threads were stopped: 0.0000960 seconds, Stopping threads took: 0.0000204 seconds
[2019-12-09T04:16:56.863+0000][1][safepoint    ] Application time: 1.0000767 seconds
[2019-12-09T04:16:56.863+0000][1][safepoint    ] Entering safepoint region: Cleanup
[2019-12-09T04:16:56.863+0000][1][safepoint    ] Leaving safepoint region
[2019-12-09T04:16:56.863+0000][1][safepoint    ] Total time for which application threads were stopped: 0.0000936 seconds, Stopping threads took: 0.0000193 seconds
[2019-12-09T04:16:57.863+0000][1][safepoint    ] Application time: 1.0000766 seconds
[2019-12-09T04:16:57.863+0000][1][safepoint    ] Entering safepoint region: Cleanup
[2019-12-09T04:16:57.863+0000][1][safepoint    ] Leaving safepoint region
[2019-12-09T04:16:57.863+0000][1][safepoint    ] Total time for which application threads were stopped: 0.0000935 seconds, Stopping threads took: 0.0000191 seconds
[2019-12-09T04:16:58.863+0000][1][safepoint    ] Application time: 1.0000780 seconds
[2019-12-09T04:16:58.863+0000][1][safepoint    ] Entering safepoint region: Cleanup
[2019-12-09T04:16:58.864+0000][1][safepoint    ] Leaving safepoint region
[2019-12-09T04:16:58.864+0000][1][safepoint    ] Total time for which application threads were stopped: 0.0000982 seconds, Stopping threads took: 0.0000200 seconds
[2019-12-09T04:16:59.864+0000][1][safepoint    ] Application time: 1.0000774 seconds
[2019-12-09T04:16:59.864+0000][1][safepoint    ] Entering safepoint region: Cleanup
[2019-12-09T04:16:59.864+0000][1][safepoint    ] Leaving safepoint region
[2019-12-09T04:16:59.864+0000][1][safepoint    ] Total time for which application threads were stopped: 0.0000987 seconds, Stopping threads took: 0.0000204 seconds
[2019-12-09T04:17:00.864+0000][1][safepoint    ] Application time: 1.0000768 seconds
[2019-12-09T04:17:00.864+0000][1][safepoint    ] Entering safepoint region: Cleanup
[2019-12-09T04:17:00.864+0000][1][safepoint    ] Leaving safepoint region
[2019-12-09T04:17:00.864+0000][1][safepoint    ] Total time for which application threads were stopped: 0.0000975 seconds, Stopping threads took: 0.0000190 seconds
[2019-12-09T04:17:01.864+0000][1][safepoint    ] Application time: 1.0000797 seconds
[2019-12-09T04:17:01.864+0000][1][safepoint    ] Entering safepoint region: Cleanup
[2019-12-09T04:17:01.864+0000][1][safepoint    ] Leaving safepoint region
[2019-12-09T04:17:01.864+0000][1][safepoint    ] Total time for which application threads were stopped: 0.0000985 seconds, Stopping threads took: 0.0000207 seconds
[2019-12-09T04:17:02.866+0000][1][safepoint    ] Application time: 1.0014149 seconds
[2019-12-09T04:17:02.866+0000][1][safepoint    ] Entering safepoint region: Cleanup
[2019-12-09T04:17:02.866+0000][1][safepoint    ] Leaving safepoint region
[2019-12-09T04:17:02.866+0000][1][safepoint    ] Total time for which application threads were stopped: 0.0001925 seconds, Stopping threads took: 0.0000715 seconds
[2019-12-09T04:17:03.866+0000][1][safepoint    ] Application time: 1.0000844 seconds
[2019-12-09T04:17:03.866+0000][1][safepoint    ] Entering safepoint region: Cleanup
[2019-12-09T04:17:03.866+0000][1][safepoint    ] Leaving safepoint region
[2019-12-09T04:17:03.866+0000][1][safepoint    ] Total time for which application threads were stopped: 0.0001292 seconds, Stopping threads took: 0.0000180 seconds
[2019-12-09T04:17:04.866+0000][1][safepoint    ] Application time: 1.0000852 seconds
[2019-12-09T04:17:04.866+0000][1][safepoint    ] Entering safepoint region: Cleanup
[2019-12-09T04:17:04.866+0000][1][safepoint    ] Leaving safepoint region
[2019-12-09T04:17:04.866+0000][1][safepoint    ] Total time for which application threads were stopped: 0.0000996 seconds, Stopping threads took: 0.0000201 seconds
[2019-12-09T04:17:05.866+0000][1][safepoint    ] Application time: 1.0000783 seconds
[2019-12-09T04:17:05.867+0000][1][safepoint    ] Entering safepoint region: Cleanup
[2019-12-09T04:17:05.867+0000][1][safepoint    ] Leaving safepoint region
[2019-12-09T04:17:05.867+0000][1][safepoint    ] Total time for which application threads were stopped: 0.0001054 seconds, Stopping threads took: 0.0000203 seconds
[2019-12-09T04:17:07.480+0000][1][safepoint    ] Application time: 1.6130260 seconds
[2019-12-09T04:17:07.480+0000][1][safepoint    ] Entering safepoint region: Cleanup
[2019-12-09T04:17:07.480+0000][1][safepoint    ] Leaving safepoint region
[2019-12-09T04:17:07.480+0000][1][safepoint    ] Total time for which application threads were stopped: 0.0001475 seconds, Stopping threads took: 0.0000293 seconds
[2019-12-09T04:17:08.480+0000][1][safepoint    ] Application time: 1.0000752 seconds
[2019-12-09T04:17:08.480+0000][1][safepoint    ] Entering safepoint region: Cleanup
[2019-12-09T04:17:08.480+0000][1][safepoint    ] Leaving safepoint region
[2019-12-09T04:17:08.480+0000][1][safepoint    ] Total time for which application threads were stopped: 0.0000988 seconds, Stopping threads took: 0.0000210 seconds
[2019-12-09T04:17:09.485+0000][1][safepoint    ] Application time: 1.0046148 seconds
[2019-12-09T04:17:09.485+0000][1][safepoint    ] Entering safepoint region: Cleanup
[2019-12-09T04:17:09.485+0000][1][safepoint    ] Leaving safepoint region
[2019-12-09T04:17:09.485+0000][1][safepoint    ] Total time for which application threads were stopped: 0.0001848 seconds, Stopping threads took: 0.0000803 seconds
[2019-12-09T04:17:10.485+0000][1][safepoint    ] Application time: 1.0000785 seconds
[2019-12-09T04:17:10.485+0000][1][safepoint    ] Entering safepoint region: Cleanup
[2019-12-09T04:17:10.485+0000][1][safepoint    ] Leaving safepoint region
[2019-12-09T04:17:10.485+0000][1][safepoint    ] Total time for which application threads were stopped: 0.0000963 seconds, Stopping threads took: 0.0000165 seconds
[2019-12-09T04:17:11.485+0000][1][safepoint    ] Application time: 1.0000773 seconds
[2019-12-09T04:17:11.485+0000][1][safepoint    ] Entering safepoint region: Cleanup
[2019-12-09T04:17:11.485+0000][1][safepoint    ] Leaving safepoint region
[2019-12-09T04:17:11.485+0000][1][safepoint    ] Total time for which application threads were stopped: 0.0000870 seconds, Stopping threads took: 0.0000151 seconds
[2019-12-09T04:17:12.485+0000][1][safepoint    ] Application time: 1.0000744 seconds
[2019-12-09T04:17:12.485+0000][1][safepoint    ] Entering safepoint region: Cleanup
[2019-12-09T04:17:12.486+0000][1][safepoint    ] Leaving safepoint region
[2019-12-09T04:17:12.486+0000][1][safepoint    ] Total time for which application threads were stopped: 0.0000836 seconds, Stopping threads took: 0.0000161 seconds
[2019-12-09T04:17:13.486+0000][1][safepoint    ] Application time: 1.0000750 seconds
[2019-12-09T04:17:13.486+0000][1][safepoint    ] Entering safepoint region: Cleanup
[2019-12-09T04:17:13.486+0000][1][safepoint    ] Leaving safepoint region
[2019-12-09T04:17:13.486+0000][1][safepoint    ] Total time for which application threads were stopped: 0.0001010 seconds, Stopping threads took: 0.0000166 seconds
[2019-12-09T04:17:14.486+0000][1][safepoint    ] Application time: 1.0000787 seconds
[2019-12-09T04:17:14.486+0000][1][safepoint    ] Entering safepoint region: Cleanup
[2019-12-09T04:17:14.486+0000][1][safepoint    ] Leaving safepoint region
[2019-12-09T04:17:14.486+0000][1][safepoint    ] Total time for which application threads were stopped: 0.0000883 seconds, Stopping threads took: 0.0000169 seconds
[2019-12-09T04:17:15.005+0000][1][safepoint    ] Application time: 0.5190069 seconds
[2019-12-09T04:17:15.005+0000][1][safepoint    ] Entering safepoint region: GenCollectForAllocation
[2019-12-09T04:17:15.005+0000][1][gc,start     ] GC(43) Pause Young (Allocation Failure)
[2019-12-09T04:17:15.005+0000][1][gc,task      ] GC(43) Using 2 workers of 2 for evacuation
[2019-12-09T04:17:15.007+0000][1][gc,age       ] GC(43) Desired survivor size 4456448 bytes, new threshold 6 (max threshold 6)
[2019-12-09T04:17:15.007+0000][1][gc,age       ] GC(43) Age table with threshold 6 (max threshold 6)
[2019-12-09T04:17:15.007+0000][1][gc,age       ] GC(43) - age   1:      10296 bytes,      10296 total
[2019-12-09T04:17:15.007+0000][1][gc,age       ] GC(43) - age   2:       1144 bytes,      11440 total
[2019-12-09T04:17:15.007+0000][1][gc,age       ] GC(43) - age   3:       3056 bytes,      14496 total
[2019-12-09T04:17:15.007+0000][1][gc,age       ] GC(43) - age   4:       2488 bytes,      16984 total
[2019-12-09T04:17:15.007+0000][1][gc,age       ] GC(43) - age   5:       4224 bytes,      21208 total
[2019-12-09T04:17:15.007+0000][1][gc,age       ] GC(43) - age   6:        840 bytes,      22048 total
[2019-12-09T04:17:15.007+0000][1][gc,heap      ] GC(43) ParNew: 69949K->28K(78656K)
[2019-12-09T04:17:15.007+0000][1][gc,heap      ] GC(43) CMS: 75869K->75869K(174784K)
[2019-12-09T04:17:15.007+0000][1][gc,metaspace ] GC(43) Metaspace: 79835K->79835K(1122304K)
[2019-12-09T04:17:15.007+0000][1][gc           ] GC(43) Pause Young (Allocation Failure) 142M->74M(247M) 1.801ms
[2019-12-09T04:17:15.007+0000][1][gc,cpu       ] GC(43) User=0.00s Sys=0.00s Real=0.00s
[2019-12-09T04:17:15.007+0000][1][safepoint    ] Leaving safepoint region
[2019-12-09T04:17:15.007+0000][1][safepoint    ] Total time for which application threads were stopped: 0.0019698 seconds, Stopping threads took: 0.0000200 seconds
[2019-12-09T04:17:16.007+0000][1][safepoint    ] Application time: 1.0000864 seconds
[2019-12-09T04:17:16.007+0000][1][safepoint    ] Entering safepoint region: Cleanup
[2019-12-09T04:17:16.007+0000][1][safepoint    ] Leaving safepoint region
[2019-12-09T04:17:16.007+0000][1][safepoint    ] Total time for which application threads were stopped: 0.0001137 seconds, Stopping threads took: 0.0000199 seconds
[2019-12-09T04:17:17.007+0000][1][safepoint    ] Application time: 1.0000793 seconds
[2019-12-09T04:17:17.007+0000][1][safepoint    ] Entering safepoint region: Cleanup
[2019-12-09T04:17:17.007+0000][1][safepoint    ] Leaving safepoint region
[2019-12-09T04:17:17.007+0000][1][safepoint    ] Total time for which application threads were stopped: 0.0000960 seconds, Stopping threads took: 0.0000193 seconds
[2019-12-09T04:17:18.007+0000][1][safepoint    ] Application time: 1.0000785 seconds
[2019-12-09T04:17:18.008+0000][1][safepoint    ] Entering safepoint region: Cleanup
[2019-12-09T04:17:18.008+0000][1][safepoint    ] Leaving safepoint region
[2019-12-09T04:17:18.008+0000][1][safepoint    ] Total time for which application threads were stopped: 0.0000981 seconds, Stopping threads took: 0.0000210 seconds
[2019-12-09T04:17:19.008+0000][1][safepoint    ] Application time: 1.0000780 seconds
[2019-12-09T04:17:19.008+0000][1][safepoint    ] Entering safepoint region: Cleanup
[2019-12-09T04:17:19.008+0000][1][safepoint    ] Leaving safepoint region
[2019-12-09T04:17:19.008+0000][1][safepoint    ] Total time for which application threads were stopped: 0.0000967 seconds, Stopping threads took: 0.0000203 seconds
[2019-12-09T04:17:20.008+0000][1][safepoint    ] Application time: 1.0000800 seconds
[2019-12-09T04:17:20.008+0000][1][safepoint    ] Entering safepoint region: Cleanup
[2019-12-09T04:17:20.008+0000][1][safepoint    ] Leaving safepoint region
[2019-12-09T04:17:20.008+0000][1][safepoint    ] Total time for which application threads were stopped: 0.0000992 seconds, Stopping threads took: 0.0000209 seconds
[2019-12-09T04:17:21.008+0000][1][safepoint    ] Application time: 1.0000760 seconds
[2019-12-09T04:17:21.008+0000][1][safepoint    ] Entering safepoint region: Cleanup
[2019-12-09T04:17:21.008+0000][1][safepoint    ] Leaving safepoint region
[2019-12-09T04:17:21.008+0000][1][safepoint    ] Total time for which application threads were stopped: 0.0001007 seconds, Stopping threads took: 0.0000204 seconds
[2019-12-09T04:17:22.008+0000][1][safepoint    ] Application time: 1.0000749 seconds
[2019-12-09T04:17:22.008+0000][1][safepoint    ] Entering safepoint region: Cleanup
[2019-12-09T04:17:22.009+0000][1][safepoint    ] Leaving safepoint region
[2019-12-09T04:17:22.009+0000][1][safepoint    ] Total time for which application threads were stopped: 0.0000980 seconds, Stopping threads took: 0.0000206 seconds
[2019-12-09T04:17:23.009+0000][1][safepoint    ] Application time: 1.0000735 seconds
[2019-12-09T04:17:23.009+0000][1][safepoint    ] Entering safepoint region: Cleanup
[2019-12-09T04:17:23.009+0000][1][safepoint    ] Leaving safepoint region
[2019-12-09T04:17:23.009+0000][1][safepoint    ] Total time for which application threads were stopped: 0.0001122 seconds, Stopping threads took: 0.0000202 seconds
[2019-12-09T04:17:24.009+0000][1][safepoint    ] Application time: 1.0000749 seconds
[2019-12-09T04:17:24.009+0000][1][safepoint    ] Entering safepoint region: Cleanup
[2019-12-09T04:17:24.009+0000][1][safepoint    ] Leaving safepoint region
[2019-12-09T04:17:24.009+0000][1][safepoint    ] Total time for which application threads were stopped: 0.0000978 seconds, Stopping threads took: 0.0000194 seconds
[2019-12-09T04:17:25.009+0000][1][safepoint    ] Application time: 1.0000745 seconds
[2019-12-09T04:17:25.009+0000][1][safepoint    ] Entering safepoint region: Cleanup
[2019-12-09T04:17:25.009+0000][1][safepoint    ] Leaving safepoint region
[2019-12-09T04:17:25.009+0000][1][safepoint    ] Total time for which application threads were stopped: 0.0001049 seconds, Stopping threads took: 0.0000199 seconds
[2019-12-09T04:17:26.009+0000][1][safepoint    ] Application time: 1.0000764 seconds
[2019-12-09T04:17:26.009+0000][1][safepoint    ] Entering safepoint region: Cleanup
[2019-12-09T04:17:26.009+0000][1][safepoint    ] Leaving safepoint region
[2019-12-09T04:17:26.009+0000][1][safepoint    ] Total time for which application threads were stopped: 0.0000969 seconds, Stopping threads took: 0.0000195 seconds
[2019-12-09T04:17:27.009+0000][1][safepoint    ] Application time: 1.0000532 seconds
[2019-12-09T04:17:27.010+0000][1][safepoint    ] Entering safepoint region: Cleanup
[2019-12-09T04:17:27.010+0000][1][safepoint    ] Leaving safepoint region
[2019-12-09T04:17:27.010+0000][1][safepoint    ] Total time for which application threads were stopped: 0.0001132 seconds, Stopping threads took: 0.0000199 seconds
[2019-12-09T04:17:28.010+0000][1][safepoint    ] Application time: 1.0000879 seconds
[2019-12-09T04:17:28.010+0000][1][safepoint    ] Entering safepoint region: Cleanup
[2019-12-09T04:17:28.010+0000][1][safepoint    ] Leaving safepoint region
[2019-12-09T04:17:28.010+0000][1][safepoint    ] Total time for which application threads were stopped: 0.0000967 seconds, Stopping threads took: 0.0000192 seconds
[2019-12-09T04:17:29.010+0000][1][safepoint    ] Application time: 1.0000760 seconds
[2019-12-09T04:17:29.010+0000][1][safepoint    ] Entering safepoint region: Cleanup
[2019-12-09T04:17:29.010+0000][1][safepoint    ] Leaving safepoint region
[2019-12-09T04:17:29.010+0000][1][safepoint    ] Total time for which application threads were stopped: 0.0000968 seconds, Stopping threads took: 0.0000192 seconds
[2019-12-09T04:17:30.010+0000][1][safepoint    ] Application time: 1.0000811 seconds
[2019-12-09T04:17:30.010+0000][1][safepoint    ] Entering safepoint region: Cleanup
[2019-12-09T04:17:30.010+0000][1][safepoint    ] Leaving safepoint region
[2019-12-09T04:17:30.010+0000][1][safepoint    ] Total time for which application threads were stopped: 0.0001108 seconds, Stopping threads took: 0.0000204 seconds
[2019-12-09T04:17:31.010+0000][1][safepoint    ] Application time: 1.0000787 seconds
[2019-12-09T04:17:31.010+0000][1][safepoint    ] Entering safepoint region: Cleanup
[2019-12-09T04:17:31.011+0000][1][safepoint    ] Leaving safepoint region
[2019-12-09T04:17:31.011+0000][1][safepoint    ] Total time for which application threads were stopped: 0.0001020 seconds, Stopping threads took: 0.0000208 seconds
[2019-12-09T04:17:32.011+0000][1][safepoint    ] Application time: 1.0000792 seconds
[2019-12-09T04:17:32.011+0000][1][safepoint    ] Entering safepoint region: Cleanup
[2019-12-09T04:17:32.011+0000][1][safepoint    ] Leaving safepoint region
[2019-12-09T04:17:32.011+0000][1][safepoint    ] Total time for which application threads were stopped: 0.0001105 seconds, Stopping threads took: 0.0000204 seconds
[2019-12-09T04:17:33.011+0000][1][safepoint    ] Application time: 1.0000763 seconds
[2019-12-09T04:17:33.011+0000][1][safepoint    ] Entering safepoint region: Cleanup
[2019-12-09T04:17:33.011+0000][1][safepoint    ] Leaving safepoint region
[2019-12-09T04:17:33.011+0000][1][safepoint    ] Total time for which application threads were stopped: 0.0001038 seconds, Stopping threads took: 0.0000272 seconds
[2019-12-09T04:17:34.011+0000][1][safepoint    ] Application time: 1.0000793 seconds
[2019-12-09T04:17:34.011+0000][1][safepoint    ] Entering safepoint region: Cleanup
[2019-12-09T04:17:34.011+0000][1][safepoint    ] Leaving safepoint region
[2019-12-09T04:17:34.011+0000][1][safepoint    ] Total time for which application threads were stopped: 0.0000973 seconds, Stopping threads took: 0.0000194 seconds
[2019-12-09T04:17:35.011+0000][1][safepoint    ] Application time: 1.0000787 seconds
[2019-12-09T04:17:35.011+0000][1][safepoint    ] Entering safepoint region: Cleanup
[2019-12-09T04:17:35.011+0000][1][safepoint    ] Leaving safepoint region
[2019-12-09T04:17:35.011+0000][1][safepoint    ] Total time for which application threads were stopped: 0.0001014 seconds, Stopping threads took: 0.0000211 seconds
[2019-12-09T04:17:36.012+0000][1][safepoint    ] Application time: 1.0000813 seconds
[2019-12-09T04:17:36.012+0000][1][safepoint    ] Entering safepoint region: Cleanup
[2019-12-09T04:17:36.012+0000][1][safepoint    ] Leaving safepoint region
[2019-12-09T04:17:36.012+0000][1][safepoint    ] Total time for which application threads were stopped: 0.0001015 seconds, Stopping threads took: 0.0000197 seconds
[2019-12-09T04:17:37.012+0000][1][safepoint    ] Application time: 1.0000767 seconds
[2019-12-09T04:17:37.012+0000][1][safepoint    ] Entering safepoint region: Cleanup
[2019-12-09T04:17:37.012+0000][1][safepoint    ] Leaving safepoint region
[2019-12-09T04:17:37.012+0000][1][safepoint    ] Total time for which application threads were stopped: 0.0000965 seconds, Stopping threads took: 0.0000198 seconds
[2019-12-09T04:17:38.012+0000][1][safepoint    ] Application time: 1.0000847 seconds
[2019-12-09T04:17:38.012+0000][1][safepoint    ] Entering safepoint region: Cleanup
[2019-12-09T04:17:38.012+0000][1][safepoint    ] Leaving safepoint region
[2019-12-09T04:17:38.012+0000][1][safepoint    ] Total time for which application threads were stopped: 0.0001000 seconds, Stopping threads took: 0.0000203 seconds
[2019-12-09T04:17:39.012+0000][1][safepoint    ] Application time: 1.0000821 seconds
[2019-12-09T04:17:39.012+0000][1][safepoint    ] Entering safepoint region: Cleanup
[2019-12-09T04:17:39.012+0000][1][safepoint    ] Leaving safepoint region
[2019-12-09T04:17:39.012+0000][1][safepoint    ] Total time for which application threads were stopped: 0.0000968 seconds, Stopping threads took: 0.0000200 seconds
[2019-12-09T04:17:40.012+0000][1][safepoint    ] Application time: 1.0000787 seconds
[2019-12-09T04:17:40.012+0000][1][safepoint    ] Entering safepoint region: Cleanup
[2019-12-09T04:17:40.013+0000][1][safepoint    ] Leaving safepoint region
[2019-12-09T04:17:40.013+0000][1][safepoint    ] Total time for which application threads were stopped: 0.0000983 seconds, Stopping threads took: 0.0000213 seconds
[2019-12-09T04:17:41.013+0000][1][safepoint    ] Application time: 1.0000788 seconds
[2019-12-09T04:17:41.013+0000][1][safepoint    ] Entering safepoint region: Cleanup
[2019-12-09T04:17:41.013+0000][1][safepoint    ] Leaving safepoint region
[2019-12-09T04:17:41.013+0000][1][safepoint    ] Total time for which application threads were stopped: 0.0001127 seconds, Stopping threads took: 0.0000331 seconds
[2019-12-09T04:17:42.013+0000][1][safepoint    ] Application time: 1.0000786 seconds
[2019-12-09T04:17:42.013+0000][1][safepoint    ] Entering safepoint region: Cleanup
[2019-12-09T04:17:42.013+0000][1][safepoint    ] Leaving safepoint region
[2019-12-09T04:17:42.013+0000][1][safepoint    ] Total time for which application threads were stopped: 0.0001043 seconds, Stopping threads took: 0.0000205 seconds
[2019-12-09T04:17:43.013+0000][1][safepoint    ] Application time: 1.0000798 seconds
[2019-12-09T04:17:43.013+0000][1][safepoint    ] Entering safepoint region: Cleanup
[2019-12-09T04:17:43.013+0000][1][safepoint    ] Leaving safepoint region
[2019-12-09T04:17:43.013+0000][1][safepoint    ] Total time for which application threads were stopped: 0.0000987 seconds, Stopping threads took: 0.0000206 seconds
[2019-12-09T04:17:44.013+0000][1][safepoint    ] Application time: 1.0000834 seconds
[2019-12-09T04:17:44.013+0000][1][safepoint    ] Entering safepoint region: Cleanup
[2019-12-09T04:17:44.013+0000][1][safepoint    ] Leaving safepoint region
[2019-12-09T04:17:44.013+0000][1][safepoint    ] Total time for which application threads were stopped: 0.0000980 seconds, Stopping threads took: 0.0000203 seconds
[2019-12-09T04:17:45.014+0000][1][safepoint    ] Application time: 1.0000855 seconds
[2019-12-09T04:17:45.014+0000][1][safepoint    ] Entering safepoint region: Cleanup
[2019-12-09T04:17:45.014+0000][1][safepoint    ] Leaving safepoint region
[2019-12-09T04:17:45.014+0000][1][safepoint    ] Total time for which application threads were stopped: 0.0001110 seconds, Stopping threads took: 0.0000198 seconds
[2019-12-09T04:17:46.014+0000][1][safepoint    ] Application time: 1.0000807 seconds
[2019-12-09T04:17:46.014+0000][1][safepoint    ] Entering safepoint region: Cleanup
[2019-12-09T04:17:46.014+0000][1][safepoint    ] Leaving safepoint region
[2019-12-09T04:17:46.014+0000][1][safepoint    ] Total time for which application threads were stopped: 0.0000988 seconds, Stopping threads took: 0.0000195 seconds
[2019-12-09T04:17:47.014+0000][1][safepoint    ] Application time: 1.0000792 seconds
[2019-12-09T04:17:47.014+0000][1][safepoint    ] Entering safepoint region: Cleanup
[2019-12-09T04:17:47.014+0000][1][safepoint    ] Leaving safepoint region
[2019-12-09T04:17:47.014+0000][1][safepoint    ] Total time for which application threads were stopped: 0.0000972 seconds, Stopping threads took: 0.0000202 seconds
[2019-12-09T04:17:48.014+0000][1][safepoint    ] Application time: 1.0000822 seconds
[2019-12-09T04:17:48.014+0000][1][safepoint    ] Entering safepoint region: Cleanup
[2019-12-09T04:17:48.014+0000][1][safepoint    ] Leaving safepoint region
[2019-12-09T04:17:48.014+0000][1][safepoint    ] Total time for which application threads were stopped: 0.0000997 seconds, Stopping threads took: 0.0000211 seconds
[2019-12-09T04:17:49.014+0000][1][safepoint    ] Application time: 1.0000807 seconds
[2019-12-09T04:17:49.015+0000][1][safepoint    ] Entering safepoint region: Cleanup
[2019-12-09T04:17:49.015+0000][1][safepoint    ] Leaving safepoint region
[2019-12-09T04:17:49.015+0000][1][safepoint    ] Total time for which application threads were stopped: 0.0000991 seconds, Stopping threads took: 0.0000209 seconds
[2019-12-09T04:17:50.015+0000][1][safepoint    ] Application time: 1.0000886 seconds
[2019-12-09T04:17:50.015+0000][1][safepoint    ] Entering safepoint region: Cleanup
[2019-12-09T04:17:50.015+0000][1][safepoint    ] Leaving safepoint region
[2019-12-09T04:17:50.015+0000][1][safepoint    ] Total time for which application threads were stopped: 0.0000976 seconds, Stopping threads took: 0.0000201 seconds
[2019-12-09T04:17:51.509+0000][1][safepoint    ] Application time: 1.4938473 seconds
[2019-12-09T04:17:51.509+0000][1][safepoint    ] Entering safepoint region: Cleanup
[2019-12-09T04:17:51.509+0000][1][safepoint    ] Leaving safepoint region
[2019-12-09T04:17:51.509+0000][1][safepoint    ] Total time for which application threads were stopped: 0.0001045 seconds, Stopping threads took: 0.0000190 seconds
[2019-12-09T04:17:52.509+0000][1][safepoint    ] Application time: 1.0000825 seconds
[2019-12-09T04:17:52.509+0000][1][safepoint    ] Entering safepoint region: Cleanup
[2019-12-09T04:17:52.509+0000][1][safepoint    ] Leaving safepoint region
[2019-12-09T04:17:52.509+0000][1][safepoint    ] Total time for which application threads were stopped: 0.0000954 seconds, Stopping threads took: 0.0000188 seconds
[2019-12-09T04:17:53.509+0000][1][safepoint    ] Application time: 1.0000841 seconds
[2019-12-09T04:17:53.509+0000][1][safepoint    ] Entering safepoint region: Cleanup
[2019-12-09T04:17:53.509+0000][1][safepoint    ] Leaving safepoint region
[2019-12-09T04:17:53.509+0000][1][safepoint    ] Total time for which application threads were stopped: 0.0001324 seconds, Stopping threads took: 0.0000249 seconds
[2019-12-09T04:17:54.509+0000][1][safepoint    ] Application time: 1.0000778 seconds
[2019-12-09T04:17:54.509+0000][1][safepoint    ] Entering safepoint region: Cleanup
[2019-12-09T04:17:54.510+0000][1][safepoint    ] Leaving safepoint region
[2019-12-09T04:17:54.510+0000][1][safepoint    ] Total time for which application threads were stopped: 0.0001327 seconds, Stopping threads took: 0.0000225 seconds
[2019-12-09T04:17:55.510+0000][1][safepoint    ] Application time: 1.0000409 seconds
[2019-12-09T04:17:55.510+0000][1][safepoint    ] Entering safepoint region: Cleanup
[2019-12-09T04:17:55.510+0000][1][safepoint    ] Leaving safepoint region
[2019-12-09T04:17:55.510+0000][1][safepoint    ] Total time for which application threads were stopped: 0.0001144 seconds, Stopping threads took: 0.0000213 seconds
[2019-12-09T04:17:56.510+0000][1][safepoint    ] Application time: 1.0000768 seconds
[2019-12-09T04:17:56.510+0000][1][safepoint    ] Entering safepoint region: Cleanup
[2019-12-09T04:17:56.510+0000][1][safepoint    ] Leaving safepoint region
[2019-12-09T04:17:56.510+0000][1][safepoint    ] Total time for which application threads were stopped: 0.0000887 seconds, Stopping threads took: 0.0000166 seconds
[2019-12-09T04:17:57.510+0000][1][safepoint    ] Application time: 1.0000744 seconds
[2019-12-09T04:17:57.510+0000][1][safepoint    ] Entering safepoint region: Cleanup
[2019-12-09T04:17:57.510+0000][1][safepoint    ] Leaving safepoint region
[2019-12-09T04:17:57.510+0000][1][safepoint    ] Total time for which application threads were stopped: 0.0000900 seconds, Stopping threads took: 0.0000172 seconds
[2019-12-09T04:17:58.510+0000][1][safepoint    ] Application time: 1.0000765 seconds
[2019-12-09T04:17:58.510+0000][1][safepoint    ] Entering safepoint region: Cleanup
[2019-12-09T04:17:58.510+0000][1][safepoint    ] Leaving safepoint region
[2019-12-09T04:17:58.510+0000][1][safepoint    ] Total time for which application threads were stopped: 0.0000909 seconds, Stopping threads took: 0.0000174 seconds
[2019-12-09T04:17:59.510+0000][1][safepoint    ] Application time: 1.0000757 seconds
[2019-12-09T04:17:59.510+0000][1][safepoint    ] Entering safepoint region: Cleanup
[2019-12-09T04:17:59.511+0000][1][safepoint    ] Leaving safepoint region
[2019-12-09T04:17:59.511+0000][1][safepoint    ] Total time for which application threads were stopped: 0.0000872 seconds, Stopping threads took: 0.0000174 seconds
[2019-12-09T04:18:00.511+0000][1][safepoint    ] Application time: 1.0000752 seconds
[2019-12-09T04:18:00.511+0000][1][safepoint    ] Entering safepoint region: Cleanup
[2019-12-09T04:18:00.511+0000][1][safepoint    ] Leaving safepoint region
[2019-12-09T04:18:00.511+0000][1][safepoint    ] Total time for which application threads were stopped: 0.0001044 seconds, Stopping threads took: 0.0000299 seconds
[2019-12-09T04:18:01.511+0000][1][safepoint    ] Application time: 1.0000745 seconds
[2019-12-09T04:18:01.511+0000][1][safepoint    ] Entering safepoint region: Cleanup
[2019-12-09T04:18:01.511+0000][1][safepoint    ] Leaving safepoint region
[2019-12-09T04:18:01.511+0000][1][safepoint    ] Total time for which application threads were stopped: 0.0000958 seconds, Stopping threads took: 0.0000227 seconds
[2019-12-09T04:18:02.511+0000][1][safepoint    ] Application time: 1.0000723 seconds
[2019-12-09T04:18:02.511+0000][1][safepoint    ] Entering safepoint region: Cleanup
[2019-12-09T04:18:02.511+0000][1][safepoint    ] Leaving safepoint region
[2019-12-09T04:18:02.511+0000][1][safepoint    ] Total time for which application threads were stopped: 0.0000973 seconds, Stopping threads took: 0.0000251 seconds
[2019-12-09T04:18:03.511+0000][1][safepoint    ] Application time: 1.0000795 seconds
[2019-12-09T04:18:03.511+0000][1][safepoint    ] Entering safepoint region: Cleanup
[2019-12-09T04:18:03.511+0000][1][safepoint    ] Leaving safepoint region
[2019-12-09T04:18:03.511+0000][1][safepoint    ] Total time for which application threads were stopped: 0.0000895 seconds, Stopping threads took: 0.0000174 seconds
[2019-12-09T04:18:04.511+0000][1][safepoint    ] Application time: 1.0000768 seconds
[2019-12-09T04:18:04.512+0000][1][safepoint    ] Entering safepoint region: Cleanup
[2019-12-09T04:18:04.512+0000][1][safepoint    ] Leaving safepoint region
[2019-12-09T04:18:04.512+0000][1][safepoint    ] Total time for which application threads were stopped: 0.0000937 seconds, Stopping threads took: 0.0000177 seconds
[2019-12-09T04:18:05.512+0000][1][safepoint    ] Application time: 1.0000876 seconds
[2019-12-09T04:18:05.512+0000][1][safepoint    ] Entering safepoint region: Cleanup
[2019-12-09T04:18:05.512+0000][1][safepoint    ] Leaving safepoint region
[2019-12-09T04:18:05.512+0000][1][safepoint    ] Total time for which application threads were stopped: 0.0000935 seconds, Stopping threads took: 0.0000182 seconds
[2019-12-09T04:18:06.512+0000][1][safepoint    ] Application time: 1.0000787 seconds
[2019-12-09T04:18:06.512+0000][1][safepoint    ] Entering safepoint region: Cleanup
[2019-12-09T04:18:06.512+0000][1][safepoint    ] Leaving safepoint region
[2019-12-09T04:18:06.512+0000][1][safepoint    ] Total time for which application threads were stopped: 0.0000910 seconds, Stopping threads took: 0.0000173 seconds
[2019-12-09T04:18:07.512+0000][1][safepoint    ] Application time: 1.0000807 seconds
[2019-12-09T04:18:07.512+0000][1][safepoint    ] Entering safepoint region: Cleanup
[2019-12-09T04:18:07.512+0000][1][safepoint    ] Leaving safepoint region
[2019-12-09T04:18:07.512+0000][1][safepoint    ] Total time for which application threads were stopped: 0.0000901 seconds, Stopping threads took: 0.0000175 seconds
[2019-12-09T04:18:08.512+0000][1][safepoint    ] Application time: 1.0000780 seconds
[2019-12-09T04:18:08.512+0000][1][safepoint    ] Entering safepoint region: Cleanup
[2019-12-09T04:18:08.512+0000][1][safepoint    ] Leaving safepoint region
[2019-12-09T04:18:08.512+0000][1][safepoint    ] Total time for which application threads were stopped: 0.0000932 seconds, Stopping threads took: 0.0000178 seconds
[2019-12-09T04:18:09.513+0000][1][safepoint    ] Application time: 1.0000797 seconds
[2019-12-09T04:18:09.513+0000][1][safepoint    ] Entering safepoint region: Cleanup
[2019-12-09T04:18:09.513+0000][1][safepoint    ] Leaving safepoint region
[2019-12-09T04:18:09.513+0000][1][safepoint    ] Total time for which application threads were stopped: 0.0000900 seconds, Stopping threads took: 0.0000176 seconds
[2019-12-09T04:18:10.513+0000][1][safepoint    ] Application time: 1.0000753 seconds
[2019-12-09T04:18:10.513+0000][1][safepoint    ] Entering safepoint region: Cleanup
[2019-12-09T04:18:10.513+0000][1][safepoint    ] Leaving safepoint region
[2019-12-09T04:18:10.513+0000][1][safepoint    ] Total time for which application threads were stopped: 0.0000912 seconds, Stopping threads took: 0.0000174 seconds
[2019-12-09T04:18:12.372+0000][1][safepoint    ] Application time: 1.8596341 seconds
[2019-12-09T04:18:12.373+0000][1][safepoint    ] Entering safepoint region: Cleanup
[2019-12-09T04:18:12.373+0000][1][safepoint    ] Leaving safepoint region
[2019-12-09T04:18:12.373+0000][1][safepoint    ] Total time for which application threads were stopped: 0.0001051 seconds, Stopping threads took: 0.0000281 seconds
[2019-12-09T04:18:13.373+0000][1][safepoint    ] Application time: 1.0000773 seconds
[2019-12-09T04:18:13.373+0000][1][safepoint    ] Entering safepoint region: Cleanup
[2019-12-09T04:18:13.373+0000][1][safepoint    ] Leaving safepoint region
[2019-12-09T04:18:13.373+0000][1][safepoint    ] Total time for which application threads were stopped: 0.0000956 seconds, Stopping threads took: 0.0000190 seconds
[2019-12-09T04:18:14.373+0000][1][safepoint    ] Application time: 1.0000837 seconds
[2019-12-09T04:18:14.373+0000][1][safepoint    ] Entering safepoint region: Cleanup
[2019-12-09T04:18:14.373+0000][1][safepoint    ] Leaving safepoint region
[2019-12-09T04:18:14.373+0000][1][safepoint    ] Total time for which application threads were stopped: 0.0000962 seconds, Stopping threads took: 0.0000206 seconds
[2019-12-09T04:18:15.373+0000][1][safepoint    ] Application time: 1.0000779 seconds
[2019-12-09T04:18:15.373+0000][1][safepoint    ] Entering safepoint region: Cleanup
[2019-12-09T04:18:15.373+0000][1][safepoint    ] Leaving safepoint region
[2019-12-09T04:18:15.373+0000][1][safepoint    ] Total time for which application threads were stopped: 0.0000950 seconds, Stopping threads took: 0.0000191 seconds
[2019-12-09T04:18:16.373+0000][1][safepoint    ] Application time: 1.0000751 seconds
[2019-12-09T04:18:16.373+0000][1][safepoint    ] Entering safepoint region: Cleanup
[2019-12-09T04:18:16.373+0000][1][safepoint    ] Leaving safepoint region
[2019-12-09T04:18:16.374+0000][1][safepoint    ] Total time for which application threads were stopped: 0.0000993 seconds, Stopping threads took: 0.0000215 seconds
[2019-12-09T04:18:17.374+0000][1][safepoint    ] Application time: 1.0000784 seconds
[2019-12-09T04:18:17.374+0000][1][safepoint    ] Entering safepoint region: Cleanup
[2019-12-09T04:18:17.374+0000][1][safepoint    ] Leaving safepoint region
[2019-12-09T04:18:17.374+0000][1][safepoint    ] Total time for which application threads were stopped: 0.0001106 seconds, Stopping threads took: 0.0000221 seconds
[2019-12-09T04:18:18.374+0000][1][safepoint    ] Application time: 1.0000816 seconds
[2019-12-09T04:18:18.374+0000][1][safepoint    ] Entering safepoint region: Cleanup
[2019-12-09T04:18:18.374+0000][1][safepoint    ] Leaving safepoint region
[2019-12-09T04:18:18.374+0000][1][safepoint    ] Total time for which application threads were stopped: 0.0001005 seconds, Stopping threads took: 0.0000204 seconds
[2019-12-09T04:18:19.374+0000][1][safepoint    ] Application time: 1.0000765 seconds
[2019-12-09T04:18:19.374+0000][1][safepoint    ] Entering safepoint region: Cleanup
[2019-12-09T04:18:19.374+0000][1][safepoint    ] Leaving safepoint region
[2019-12-09T04:18:19.374+0000][1][safepoint    ] Total time for which application threads were stopped: 0.0000947 seconds, Stopping threads took: 0.0000189 seconds
[2019-12-09T04:18:20.374+0000][1][safepoint    ] Application time: 1.0000767 seconds
[2019-12-09T04:18:20.374+0000][1][safepoint    ] Entering safepoint region: Cleanup
[2019-12-09T04:18:20.374+0000][1][safepoint    ] Leaving safepoint region
[2019-12-09T04:18:20.374+0000][1][safepoint    ] Total time for which application threads were stopped: 0.0000954 seconds, Stopping threads took: 0.0000197 seconds
[2019-12-09T04:18:21.376+0000][1][safepoint    ] Application time: 1.0011912 seconds
[2019-12-09T04:18:21.376+0000][1][safepoint    ] Entering safepoint region: Cleanup
[2019-12-09T04:18:21.376+0000][1][safepoint    ] Leaving safepoint region
[2019-12-09T04:18:21.376+0000][1][safepoint    ] Total time for which application threads were stopped: 0.0001369 seconds, Stopping threads took: 0.0000256 seconds
[2019-12-09T04:18:22.376+0000][1][safepoint    ] Application time: 1.0000768 seconds
[2019-12-09T04:18:22.376+0000][1][safepoint    ] Entering safepoint region: Cleanup
[2019-12-09T04:18:22.376+0000][1][safepoint    ] Leaving safepoint region
[2019-12-09T04:18:22.376+0000][1][safepoint    ] Total time for which application threads were stopped: 0.0000993 seconds, Stopping threads took: 0.0000265 seconds
[2019-12-09T04:18:23.376+0000][1][safepoint    ] Application time: 1.0000740 seconds
[2019-12-09T04:18:23.376+0000][1][safepoint    ] Entering safepoint region: Cleanup
[2019-12-09T04:18:23.376+0000][1][safepoint    ] Leaving safepoint region
[2019-12-09T04:18:23.376+0000][1][safepoint    ] Total time for which application threads were stopped: 0.0000923 seconds, Stopping threads took: 0.0000193 seconds
[2019-12-09T04:18:24.376+0000][1][safepoint    ] Application time: 1.0000773 seconds
[2019-12-09T04:18:24.376+0000][1][safepoint    ] Entering safepoint region: Cleanup
[2019-12-09T04:18:24.376+0000][1][safepoint    ] Leaving safepoint region
[2019-12-09T04:18:24.376+0000][1][safepoint    ] Total time for which application threads were stopped: 0.0000912 seconds, Stopping threads took: 0.0000182 seconds
[2019-12-09T04:18:25.376+0000][1][safepoint    ] Application time: 1.0000764 seconds
[2019-12-09T04:18:25.376+0000][1][safepoint    ] Entering safepoint region: Cleanup
[2019-12-09T04:18:25.377+0000][1][safepoint    ] Leaving safepoint region
[2019-12-09T04:18:25.377+0000][1][safepoint    ] Total time for which application threads were stopped: 0.0000887 seconds, Stopping threads took: 0.0000170 seconds
[2019-12-09T04:18:26.377+0000][1][safepoint    ] Application time: 1.0000760 seconds
[2019-12-09T04:18:26.377+0000][1][safepoint    ] Entering safepoint region: Cleanup
[2019-12-09T04:18:26.377+0000][1][safepoint    ] Leaving safepoint region
[2019-12-09T04:18:26.377+0000][1][safepoint    ] Total time for which application threads were stopped: 0.0001077 seconds, Stopping threads took: 0.0000336 seconds
[2019-12-09T04:18:27.377+0000][1][safepoint    ] Application time: 1.0000758 seconds
[2019-12-09T04:18:27.377+0000][1][safepoint    ] Entering safepoint region: Cleanup
[2019-12-09T04:18:27.377+0000][1][safepoint    ] Leaving safepoint region
[2019-12-09T04:18:27.377+0000][1][safepoint    ] Total time for which application threads were stopped: 0.0000920 seconds, Stopping threads took: 0.0000182 seconds
[2019-12-09T04:18:28.377+0000][1][safepoint    ] Application time: 1.0000770 seconds
[2019-12-09T04:18:28.377+0000][1][safepoint    ] Entering safepoint region: Cleanup
[2019-12-09T04:18:28.377+0000][1][safepoint    ] Leaving safepoint region
[2019-12-09T04:18:28.377+0000][1][safepoint    ] Total time for which application threads were stopped: 0.0000941 seconds, Stopping threads took: 0.0000172 seconds
[2019-12-09T04:18:29.377+0000][1][safepoint    ] Application time: 1.0000761 seconds
[2019-12-09T04:18:29.377+0000][1][safepoint    ] Entering safepoint region: Cleanup
[2019-12-09T04:18:29.377+0000][1][safepoint    ] Leaving safepoint region
[2019-12-09T04:18:29.377+0000][1][safepoint    ] Total time for which application threads were stopped: 0.0000921 seconds, Stopping threads took: 0.0000183 seconds
[2019-12-09T04:18:30.377+0000][1][safepoint    ] Application time: 1.0000766 seconds
[2019-12-09T04:18:30.377+0000][1][safepoint    ] Entering safepoint region: Cleanup
[2019-12-09T04:18:30.378+0000][1][safepoint    ] Leaving safepoint region
[2019-12-09T04:18:30.378+0000][1][safepoint    ] Total time for which application threads were stopped: 0.0000916 seconds, Stopping threads took: 0.0000179 seconds
[2019-12-09T04:18:31.378+0000][1][safepoint    ] Application time: 1.0000861 seconds
[2019-12-09T04:18:31.378+0000][1][safepoint    ] Entering safepoint region: Cleanup
[2019-12-09T04:18:31.378+0000][1][safepoint    ] Leaving safepoint region
[2019-12-09T04:18:31.378+0000][1][safepoint    ] Total time for which application threads were stopped: 0.0001580 seconds, Stopping threads took: 0.0000464 seconds
[2019-12-09T04:18:32.378+0000][1][safepoint    ] Application time: 1.0000830 seconds
[2019-12-09T04:18:32.378+0000][1][safepoint    ] Entering safepoint region: Cleanup
[2019-12-09T04:18:32.378+0000][1][safepoint    ] Leaving safepoint region
[2019-12-09T04:18:32.378+0000][1][safepoint    ] Total time for which application threads were stopped: 0.0000999 seconds, Stopping threads took: 0.0000182 seconds
[2019-12-09T04:18:33.862+0000][1][safepoint    ] Application time: 1.4841019 seconds
[2019-12-09T04:18:33.862+0000][1][safepoint    ] Entering safepoint region: Cleanup
[2019-12-09T04:18:33.862+0000][1][safepoint    ] Leaving safepoint region
[2019-12-09T04:18:33.862+0000][1][safepoint    ] Total time for which application threads were stopped: 0.0001112 seconds, Stopping threads took: 0.0000291 seconds
[2019-12-09T04:18:34.862+0000][1][safepoint    ] Application time: 1.0000749 seconds
[2019-12-09T04:18:34.862+0000][1][safepoint    ] Entering safepoint region: Cleanup
[2019-12-09T04:18:34.863+0000][1][safepoint    ] Leaving safepoint region
[2019-12-09T04:18:34.863+0000][1][safepoint    ] Total time for which application threads were stopped: 0.0000960 seconds, Stopping threads took: 0.0000184 seconds
[2019-12-09T04:18:35.863+0000][1][safepoint    ] Application time: 1.0000770 seconds
[2019-12-09T04:18:35.863+0000][1][safepoint    ] Entering safepoint region: Cleanup
[2019-12-09T04:18:35.863+0000][1][safepoint    ] Leaving safepoint region
[2019-12-09T04:18:35.863+0000][1][safepoint    ] Total time for which application threads were stopped: 0.0001169 seconds, Stopping threads took: 0.0000203 seconds
[2019-12-09T04:18:36.863+0000][1][safepoint    ] Application time: 1.0000777 seconds
[2019-12-09T04:18:36.863+0000][1][safepoint    ] Entering safepoint region: Cleanup
[2019-12-09T04:18:36.863+0000][1][safepoint    ] Leaving safepoint region
[2019-12-09T04:18:36.863+0000][1][safepoint    ] Total time for which application threads were stopped: 0.0000971 seconds, Stopping threads took: 0.0000200 seconds
[2019-12-09T04:18:37.863+0000][1][safepoint    ] Application time: 1.0000771 seconds
[2019-12-09T04:18:37.863+0000][1][safepoint    ] Entering safepoint region: Cleanup
[2019-12-09T04:18:37.863+0000][1][safepoint    ] Leaving safepoint region
[2019-12-09T04:18:37.863+0000][1][safepoint    ] Total time for which application threads were stopped: 0.0000966 seconds, Stopping threads took: 0.0000203 seconds
[2019-12-09T04:18:38.863+0000][1][safepoint    ] Application time: 1.0000776 seconds
[2019-12-09T04:18:38.863+0000][1][safepoint    ] Entering safepoint region: Cleanup
[2019-12-09T04:18:38.863+0000][1][safepoint    ] Leaving safepoint region
[2019-12-09T04:18:38.863+0000][1][safepoint    ] Total time for which application threads were stopped: 0.0000973 seconds, Stopping threads took: 0.0000193 seconds
[2019-12-09T04:18:39.864+0000][1][safepoint    ] Application time: 1.0000769 seconds
[2019-12-09T04:18:39.864+0000][1][safepoint    ] Entering safepoint region: Cleanup
[2019-12-09T04:18:39.864+0000][1][safepoint    ] Leaving safepoint region
[2019-12-09T04:18:39.864+0000][1][safepoint    ] Total time for which application threads were stopped: 0.0000990 seconds, Stopping threads took: 0.0000202 seconds
[2019-12-09T04:18:40.864+0000][1][safepoint    ] Application time: 1.0000768 seconds
[2019-12-09T04:18:40.864+0000][1][safepoint    ] Entering safepoint region: Cleanup
[2019-12-09T04:18:40.864+0000][1][safepoint    ] Leaving safepoint region
[2019-12-09T04:18:40.864+0000][1][safepoint    ] Total time for which application threads were stopped: 0.0000974 seconds, Stopping threads took: 0.0000207 seconds
[2019-12-09T04:18:41.864+0000][1][safepoint    ] Application time: 1.0000772 seconds
[2019-12-09T04:18:41.864+0000][1][safepoint    ] Entering safepoint region: Cleanup
[2019-12-09T04:18:41.864+0000][1][safepoint    ] Leaving safepoint region
[2019-12-09T04:18:41.864+0000][1][safepoint    ] Total time for which application threads were stopped: 0.0001022 seconds, Stopping threads took: 0.0000196 seconds
[2019-12-09T04:18:42.864+0000][1][safepoint    ] Application time: 1.0000780 seconds
[2019-12-09T04:18:42.864+0000][1][safepoint    ] Entering safepoint region: Cleanup
[2019-12-09T04:18:42.864+0000][1][safepoint    ] Leaving safepoint region
[2019-12-09T04:18:42.864+0000][1][safepoint    ] Total time for which application threads were stopped: 0.0001115 seconds, Stopping threads took: 0.0000272 seconds
[2019-12-09T04:18:43.864+0000][1][safepoint    ] Application time: 1.0000804 seconds
[2019-12-09T04:18:43.864+0000][1][safepoint    ] Entering safepoint region: Cleanup
[2019-12-09T04:18:43.865+0000][1][safepoint    ] Leaving safepoint region
[2019-12-09T04:18:43.865+0000][1][safepoint    ] Total time for which application threads were stopped: 0.0000993 seconds, Stopping threads took: 0.0000203 seconds
[2019-12-09T04:18:44.865+0000][1][safepoint    ] Application time: 1.0000774 seconds
[2019-12-09T04:18:44.865+0000][1][safepoint    ] Entering safepoint region: Cleanup
[2019-12-09T04:18:44.865+0000][1][safepoint    ] Leaving safepoint region
[2019-12-09T04:18:44.865+0000][1][safepoint    ] Total time for which application threads were stopped: 0.0001076 seconds, Stopping threads took: 0.0000309 seconds
[2019-12-09T04:18:45.865+0000][1][safepoint    ] Application time: 1.0000751 seconds
[2019-12-09T04:18:45.865+0000][1][safepoint    ] Entering safepoint region: Cleanup
[2019-12-09T04:18:45.865+0000][1][safepoint    ] Leaving safepoint region
[2019-12-09T04:18:45.865+0000][1][safepoint    ] Total time for which application threads were stopped: 0.0000980 seconds, Stopping threads took: 0.0000179 seconds
[2019-12-09T04:18:46.865+0000][1][safepoint    ] Application time: 1.0000784 seconds
[2019-12-09T04:18:46.865+0000][1][safepoint    ] Entering safepoint region: Cleanup
[2019-12-09T04:18:46.865+0000][1][safepoint    ] Leaving safepoint region
[2019-12-09T04:18:46.865+0000][1][safepoint    ] Total time for which application threads were stopped: 0.0000988 seconds, Stopping threads took: 0.0000201 seconds
[2019-12-09T04:18:47.865+0000][1][safepoint    ] Application time: 1.0000781 seconds
[2019-12-09T04:18:47.865+0000][1][safepoint    ] Entering safepoint region: Cleanup
[2019-12-09T04:18:47.865+0000][1][safepoint    ] Leaving safepoint region
[2019-12-09T04:18:47.865+0000][1][safepoint    ] Total time for which application threads were stopped: 0.0000987 seconds, Stopping threads took: 0.0000203 seconds
[2019-12-09T04:18:48.866+0000][1][safepoint    ] Application time: 1.0000764 seconds
[2019-12-09T04:18:48.866+0000][1][safepoint    ] Entering safepoint region: Cleanup
[2019-12-09T04:18:48.866+0000][1][safepoint    ] Leaving safepoint region
[2019-12-09T04:18:48.866+0000][1][safepoint    ] Total time for which application threads were stopped: 0.0000961 seconds, Stopping threads took: 0.0000206 seconds
[2019-12-09T04:18:49.866+0000][1][safepoint    ] Application time: 1.0000794 seconds
[2019-12-09T04:18:49.866+0000][1][safepoint    ] Entering safepoint region: Cleanup
[2019-12-09T04:18:49.866+0000][1][safepoint    ] Leaving safepoint region
[2019-12-09T04:18:49.866+0000][1][safepoint    ] Total time for which application threads were stopped: 0.0000977 seconds, Stopping threads took: 0.0000211 seconds
[2019-12-09T04:18:50.866+0000][1][safepoint    ] Application time: 1.0000768 seconds
[2019-12-09T04:18:50.866+0000][1][safepoint    ] Entering safepoint region: Cleanup
[2019-12-09T04:18:50.866+0000][1][safepoint    ] Leaving safepoint region
[2019-12-09T04:18:50.866+0000][1][safepoint    ] Total time for which application threads were stopped: 0.0000955 seconds, Stopping threads took: 0.0000190 seconds
[2019-12-09T04:18:52.385+0000][1][safepoint    ] Application time: 1.5189379 seconds
[2019-12-09T04:18:52.385+0000][1][safepoint    ] Entering safepoint region: Cleanup
[2019-12-09T04:18:52.385+0000][1][safepoint    ] Leaving safepoint region
[2019-12-09T04:18:52.385+0000][1][safepoint    ] Total time for which application threads were stopped: 0.0000921 seconds, Stopping threads took: 0.0000173 seconds
[2019-12-09T04:18:53.385+0000][1][safepoint    ] Application time: 1.0000735 seconds
[2019-12-09T04:18:53.385+0000][1][safepoint    ] Entering safepoint region: Cleanup
[2019-12-09T04:18:53.385+0000][1][safepoint    ] Leaving safepoint region
[2019-12-09T04:18:53.385+0000][1][safepoint    ] Total time for which application threads were stopped: 0.0001014 seconds, Stopping threads took: 0.0000186 seconds
[2019-12-09T04:18:54.385+0000][1][safepoint    ] Application time: 1.0000757 seconds
[2019-12-09T04:18:54.385+0000][1][safepoint    ] Entering safepoint region: Cleanup
[2019-12-09T04:18:54.386+0000][1][safepoint    ] Leaving safepoint region
[2019-12-09T04:18:54.386+0000][1][safepoint    ] Total time for which application threads were stopped: 0.0000899 seconds, Stopping threads took: 0.0000173 seconds
[2019-12-09T04:18:55.386+0000][1][safepoint    ] Application time: 1.0000769 seconds
[2019-12-09T04:18:55.386+0000][1][safepoint    ] Entering safepoint region: Cleanup
[2019-12-09T04:18:55.386+0000][1][safepoint    ] Leaving safepoint region
[2019-12-09T04:18:55.386+0000][1][safepoint    ] Total time for which application threads were stopped: 0.0001050 seconds, Stopping threads took: 0.0000204 seconds
[2019-12-09T04:18:56.386+0000][1][safepoint    ] Application time: 1.0000776 seconds
[2019-12-09T04:18:56.386+0000][1][safepoint    ] Entering safepoint region: Cleanup
[2019-12-09T04:18:56.386+0000][1][safepoint    ] Leaving safepoint region
[2019-12-09T04:18:56.386+0000][1][safepoint    ] Total time for which application threads were stopped: 0.0000959 seconds, Stopping threads took: 0.0000183 seconds
[2019-12-09T04:18:58.386+0000][1][safepoint    ] Application time: 2.0001470 seconds
[2019-12-09T04:18:58.386+0000][1][safepoint    ] Entering safepoint region: Cleanup
[2019-12-09T04:18:58.386+0000][1][safepoint    ] Leaving safepoint region
[2019-12-09T04:18:58.386+0000][1][safepoint    ] Total time for which application threads were stopped: 0.0001018 seconds, Stopping threads took: 0.0000195 seconds
[2019-12-09T04:19:06.387+0000][1][safepoint    ] Application time: 8.0005582 seconds
[2019-12-09T04:19:06.387+0000][1][safepoint    ] Entering safepoint region: Cleanup
[2019-12-09T04:19:06.387+0000][1][safepoint    ] Leaving safepoint region
[2019-12-09T04:19:06.387+0000][1][safepoint    ] Total time for which application threads were stopped: 0.0000957 seconds, Stopping threads took: 0.0000188 seconds
[2019-12-09T04:19:06.519+0000][1][safepoint    ] Application time: 0.1316204 seconds
[2019-12-09T04:19:06.519+0000][1][safepoint    ] Entering safepoint region: GenCollectForAllocation
[2019-12-09T04:19:06.519+0000][1][gc,start     ] GC(44) Pause Young (Allocation Failure)
[2019-12-09T04:19:06.519+0000][1][gc,task      ] GC(44) Using 2 workers of 2 for evacuation
[2019-12-09T04:19:06.520+0000][1][gc,age       ] GC(44) Desired survivor size 4456448 bytes, new threshold 6 (max threshold 6)
[2019-12-09T04:19:06.520+0000][1][gc,age       ] GC(44) Age table with threshold 6 (max threshold 6)
[2019-12-09T04:19:06.520+0000][1][gc,age       ] GC(44) - age   1:       7416 bytes,       7416 total
[2019-12-09T04:19:06.520+0000][1][gc,age       ] GC(44) - age   2:       2264 bytes,       9680 total
[2019-12-09T04:19:06.520+0000][1][gc,age       ] GC(44) - age   3:       1024 bytes,      10704 total
[2019-12-09T04:19:06.520+0000][1][gc,age       ] GC(44) - age   4:       3056 bytes,      13760 total
[2019-12-09T04:19:06.520+0000][1][gc,age       ] GC(44) - age   5:       2488 bytes,      16248 total
[2019-12-09T04:19:06.520+0000][1][gc,age       ] GC(44) - age   6:       4224 bytes,      20472 total
[2019-12-09T04:19:06.520+0000][1][gc,heap      ] GC(44) ParNew: 69980K->31K(78656K)
[2019-12-09T04:19:06.520+0000][1][gc,heap      ] GC(44) CMS: 75869K->75870K(174784K)
[2019-12-09T04:19:06.520+0000][1][gc,metaspace ] GC(44) Metaspace: 79841K->79841K(1122304K)
[2019-12-09T04:19:06.520+0000][1][gc           ] GC(44) Pause Young (Allocation Failure) 142M->74M(247M) 1.772ms
[2019-12-09T04:19:06.520+0000][1][gc,cpu       ] GC(44) User=0.01s Sys=0.00s Real=0.00s
[2019-12-09T04:19:06.521+0000][1][safepoint    ] Leaving safepoint region
[2019-12-09T04:19:06.521+0000][1][safepoint    ] Total time for which application threads were stopped: 0.0019508 seconds, Stopping threads took: 0.0000171 seconds
[2019-12-09T04:19:08.521+0000][1][safepoint    ] Application time: 2.0001534 seconds
[2019-12-09T04:19:08.521+0000][1][safepoint    ] Entering safepoint region: Cleanup
[2019-12-09T04:19:08.521+0000][1][safepoint    ] Leaving safepoint region
[2019-12-09T04:19:08.521+0000][1][safepoint    ] Total time for which application threads were stopped: 0.0001025 seconds, Stopping threads took: 0.0000202 seconds
[2019-12-09T04:19:12.521+0000][1][safepoint    ] Application time: 4.0002731 seconds
[2019-12-09T04:19:12.521+0000][1][safepoint    ] Entering safepoint region: Cleanup
[2019-12-09T04:19:12.521+0000][1][safepoint    ] Leaving safepoint region
[2019-12-09T04:19:12.521+0000][1][safepoint    ] Total time for which application threads were stopped: 0.0001054 seconds, Stopping threads took: 0.0000232 seconds
[2019-12-09T04:19:31.523+0000][1][safepoint    ] Application time: 19.0012753 seconds
[2019-12-09T04:19:31.523+0000][1][safepoint    ] Entering safepoint region: Cleanup
[2019-12-09T04:19:31.523+0000][1][safepoint    ] Leaving safepoint region
[2019-12-09T04:19:31.523+0000][1][safepoint    ] Total time for which application threads were stopped: 0.0001109 seconds, Stopping threads took: 0.0000278 seconds
[2019-12-09T04:20:01.525+0000][1][safepoint    ] Application time: 30.0020248 seconds
[2019-12-09T04:20:01.525+0000][1][safepoint    ] Entering safepoint region: Cleanup
[2019-12-09T04:20:01.525+0000][1][safepoint    ] Leaving safepoint region
[2019-12-09T04:20:01.525+0000][1][safepoint    ] Total time for which application threads were stopped: 0.0001150 seconds, Stopping threads took: 0.0000305 seconds
[2019-12-09T04:20:16.526+0000][1][safepoint    ] Application time: 15.0010358 seconds
[2019-12-09T04:20:16.526+0000][1][safepoint    ] Entering safepoint region: Cleanup
[2019-12-09T04:20:16.526+0000][1][safepoint    ] Leaving safepoint region
[2019-12-09T04:20:16.526+0000][1][safepoint    ] Total time for which application threads were stopped: 0.0001032 seconds, Stopping threads took: 0.0000198 seconds
[2019-12-09T04:20:41.528+0000][1][safepoint    ] Application time: 25.0016739 seconds
[2019-12-09T04:20:41.528+0000][1][safepoint    ] Entering safepoint region: Cleanup
[2019-12-09T04:20:41.528+0000][1][safepoint    ] Leaving safepoint region
[2019-12-09T04:20:41.528+0000][1][safepoint    ] Total time for which application threads were stopped: 0.0001063 seconds, Stopping threads took: 0.0000268 seconds
[2019-12-09T04:20:42.528+0000][1][safepoint    ] Application time: 1.0000767 seconds
[2019-12-09T04:20:42.528+0000][1][safepoint    ] Entering safepoint region: Cleanup
[2019-12-09T04:20:42.528+0000][1][safepoint    ] Leaving safepoint region
[2019-12-09T04:20:42.528+0000][1][safepoint    ] Total time for which application threads were stopped: 0.0000976 seconds, Stopping threads took: 0.0000185 seconds
[2019-12-09T04:20:54.529+0000][1][safepoint    ] Application time: 12.0008129 seconds
[2019-12-09T04:20:54.529+0000][1][safepoint    ] Entering safepoint region: Cleanup
[2019-12-09T04:20:54.529+0000][1][safepoint    ] Leaving safepoint region
[2019-12-09T04:20:54.529+0000][1][safepoint    ] Total time for which application threads were stopped: 0.0001002 seconds, Stopping threads took: 0.0000192 seconds
[2019-12-09T04:20:56.529+0000][1][safepoint    ] Application time: 2.0001441 seconds
[2019-12-09T04:20:56.529+0000][1][safepoint    ] Entering safepoint region: Cleanup
[2019-12-09T04:20:56.529+0000][1][safepoint    ] Leaving safepoint region
[2019-12-09T04:20:56.529+0000][1][safepoint    ] Total time for which application threads were stopped: 0.0001016 seconds, Stopping threads took: 0.0000201 seconds
[2019-12-09T04:21:01.558+0000][1][safepoint    ] Application time: 5.0284542 seconds
[2019-12-09T04:21:01.558+0000][1][safepoint    ] Entering safepoint region: GenCollectForAllocation
[2019-12-09T04:21:01.558+0000][1][gc,start     ] GC(45) Pause Young (Allocation Failure)
[2019-12-09T04:21:01.558+0000][1][gc,task      ] GC(45) Using 2 workers of 2 for evacuation
[2019-12-09T04:21:01.560+0000][1][gc,age       ] GC(45) Desired survivor size 4456448 bytes, new threshold 6 (max threshold 6)
[2019-12-09T04:21:01.560+0000][1][gc,age       ] GC(45) Age table with threshold 6 (max threshold 6)
[2019-12-09T04:21:01.560+0000][1][gc,age       ] GC(45) - age   1:      34320 bytes,      34320 total
[2019-12-09T04:21:01.560+0000][1][gc,age       ] GC(45) - age   2:        312 bytes,      34632 total
[2019-12-09T04:21:01.560+0000][1][gc,age       ] GC(45) - age   3:       2144 bytes,      36776 total
[2019-12-09T04:21:01.560+0000][1][gc,age       ] GC(45) - age   4:        904 bytes,      37680 total
[2019-12-09T04:21:01.560+0000][1][gc,age       ] GC(45) - age   5:       3056 bytes,      40736 total
[2019-12-09T04:21:01.560+0000][1][gc,age       ] GC(45) - age   6:       2488 bytes,      43224 total
[2019-12-09T04:21:01.560+0000][1][gc,heap      ] GC(45) ParNew: 69983K->50K(78656K)
[2019-12-09T04:21:01.560+0000][1][gc,heap      ] GC(45) CMS: 75870K->75874K(174784K)
[2019-12-09T04:21:01.560+0000][1][gc,metaspace ] GC(45) Metaspace: 79848K->79848K(1122304K)
[2019-12-09T04:21:01.560+0000][1][gc           ] GC(45) Pause Young (Allocation Failure) 142M->74M(247M) 1.912ms
[2019-12-09T04:21:01.560+0000][1][gc,cpu       ] GC(45) User=0.00s Sys=0.00s Real=0.00s
[2019-12-09T04:21:01.560+0000][1][safepoint    ] Leaving safepoint region
[2019-12-09T04:21:01.560+0000][1][safepoint    ] Total time for which application threads were stopped: 0.0020914 seconds, Stopping threads took: 0.0000278 seconds
[2019-12-09T04:21:04.560+0000][1][safepoint    ] Application time: 3.0002215 seconds
[2019-12-09T04:21:04.560+0000][1][safepoint    ] Entering safepoint region: Cleanup
[2019-12-09T04:21:04.560+0000][1][safepoint    ] Leaving safepoint region
[2019-12-09T04:21:04.560+0000][1][safepoint    ] Total time for which application threads were stopped: 0.0001028 seconds, Stopping threads took: 0.0000200 seconds
[2019-12-09T04:21:07.560+0000][1][safepoint    ] Application time: 3.0002075 seconds
[2019-12-09T04:21:07.561+0000][1][safepoint    ] Entering safepoint region: Cleanup
[2019-12-09T04:21:07.561+0000][1][safepoint    ] Leaving safepoint region
[2019-12-09T04:21:07.561+0000][1][safepoint    ] Total time for which application threads were stopped: 0.0001171 seconds, Stopping threads took: 0.0000197 seconds
[2019-12-09T04:21:09.561+0000][1][safepoint    ] Application time: 2.0001436 seconds
[2019-12-09T04:21:09.561+0000][1][safepoint    ] Entering safepoint region: Cleanup
[2019-12-09T04:21:09.561+0000][1][safepoint    ] Leaving safepoint region
[2019-12-09T04:21:09.561+0000][1][safepoint    ] Total time for which application threads were stopped: 0.0000982 seconds, Stopping threads took: 0.0000184 seconds
[2019-12-09T04:21:11.561+0000][1][safepoint    ] Application time: 2.0001434 seconds
[2019-12-09T04:21:11.561+0000][1][safepoint    ] Entering safepoint region: Cleanup
[2019-12-09T04:21:11.561+0000][1][safepoint    ] Leaving safepoint region
[2019-12-09T04:21:11.561+0000][1][safepoint    ] Total time for which application threads were stopped: 0.0001040 seconds, Stopping threads took: 0.0000206 seconds
[2019-12-09T04:21:28.562+0000][1][safepoint    ] Application time: 17.0011448 seconds
[2019-12-09T04:21:28.562+0000][1][safepoint    ] Entering safepoint region: Cleanup
[2019-12-09T04:21:28.562+0000][1][safepoint    ] Leaving safepoint region
[2019-12-09T04:21:28.563+0000][1][safepoint    ] Total time for which application threads were stopped: 0.0001092 seconds, Stopping threads took: 0.0000251 seconds
[2019-12-09T04:21:37.563+0000][1][safepoint    ] Application time: 9.0006321 seconds
[2019-12-09T04:21:37.563+0000][1][safepoint    ] Entering safepoint region: Cleanup
[2019-12-09T04:21:37.563+0000][1][safepoint    ] Leaving safepoint region
[2019-12-09T04:21:37.563+0000][1][safepoint    ] Total time for which application threads were stopped: 0.0000997 seconds, Stopping threads took: 0.0000185 seconds
[2019-12-09T04:21:55.564+0000][1][safepoint    ] Application time: 18.0012094 seconds
[2019-12-09T04:21:55.565+0000][1][safepoint    ] Entering safepoint region: Cleanup
[2019-12-09T04:21:55.565+0000][1][safepoint    ] Leaving safepoint region
[2019-12-09T04:21:55.565+0000][1][safepoint    ] Total time for which application threads were stopped: 0.0001125 seconds, Stopping threads took: 0.0000292 seconds
[2019-12-09T04:21:58.565+0000][1][safepoint    ] Application time: 3.0002116 seconds
[2019-12-09T04:21:58.565+0000][1][safepoint    ] Entering safepoint region: Cleanup
[2019-12-09T04:21:58.565+0000][1][safepoint    ] Leaving safepoint region
[2019-12-09T04:21:58.565+0000][1][safepoint    ] Total time for which application threads were stopped: 0.0001100 seconds, Stopping threads took: 0.0000265 seconds
[2019-12-09T04:22:03.565+0000][1][safepoint    ] Application time: 5.0003423 seconds
[2019-12-09T04:22:03.565+0000][1][safepoint    ] Entering safepoint region: Cleanup
[2019-12-09T04:22:03.565+0000][1][safepoint    ] Leaving safepoint region
[2019-12-09T04:22:03.565+0000][1][safepoint    ] Total time for which application threads were stopped: 0.0001029 seconds, Stopping threads took: 0.0000205 seconds
[2019-12-09T04:22:10.566+0000][1][safepoint    ] Application time: 7.0004798 seconds
[2019-12-09T04:22:10.566+0000][1][safepoint    ] Entering safepoint region: Cleanup
[2019-12-09T04:22:10.566+0000][1][safepoint    ] Leaving safepoint region
[2019-12-09T04:22:10.566+0000][1][safepoint    ] Total time for which application threads were stopped: 0.0000987 seconds, Stopping threads took: 0.0000170 seconds
[2019-12-09T04:22:14.566+0000][1][safepoint    ] Application time: 4.0002757 seconds
[2019-12-09T04:22:14.566+0000][1][safepoint    ] Entering safepoint region: Cleanup
[2019-12-09T04:22:14.567+0000][1][safepoint    ] Leaving safepoint region
[2019-12-09T04:22:14.567+0000][1][safepoint    ] Total time for which application threads were stopped: 0.0001017 seconds, Stopping threads took: 0.0000191 seconds
[2019-12-09T04:22:40.568+0000][1][safepoint    ] Application time: 26.0017519 seconds
[2019-12-09T04:22:40.568+0000][1][safepoint    ] Entering safepoint region: Cleanup
[2019-12-09T04:22:40.568+0000][1][safepoint    ] Leaving safepoint region
[2019-12-09T04:22:40.568+0000][1][safepoint    ] Total time for which application threads were stopped: 0.0001065 seconds, Stopping threads took: 0.0000254 seconds
[2019-12-09T04:22:41.569+0000][1][safepoint    ] Application time: 1.0000770 seconds
[2019-12-09T04:22:41.569+0000][1][safepoint    ] Entering safepoint region: Cleanup
[2019-12-09T04:22:41.569+0000][1][safepoint    ] Leaving safepoint region
[2019-12-09T04:22:41.569+0000][1][safepoint    ] Total time for which application threads were stopped: 0.0000990 seconds, Stopping threads took: 0.0000182 seconds
[2019-12-09T04:22:44.569+0000][1][safepoint    ] Application time: 3.0002136 seconds
[2019-12-09T04:22:44.569+0000][1][safepoint    ] Entering safepoint region: Cleanup
[2019-12-09T04:22:44.569+0000][1][safepoint    ] Leaving safepoint region
[2019-12-09T04:22:44.569+0000][1][safepoint    ] Total time for which application threads were stopped: 0.0001048 seconds, Stopping threads took: 0.0000211 seconds
[2019-12-09T04:22:51.570+0000][1][safepoint    ] Application time: 7.0004916 seconds
[2019-12-09T04:22:51.570+0000][1][safepoint    ] Entering safepoint region: Cleanup
[2019-12-09T04:22:51.570+0000][1][safepoint    ] Leaving safepoint region
[2019-12-09T04:22:51.570+0000][1][safepoint    ] Total time for which application threads were stopped: 0.0001061 seconds, Stopping threads took: 0.0000186 seconds
[2019-12-09T04:22:51.852+0000][1][safepoint    ] Application time: 0.2821177 seconds
[2019-12-09T04:22:51.852+0000][1][safepoint    ] Entering safepoint region: GenCollectForAllocation
[2019-12-09T04:22:51.852+0000][1][gc,start     ] GC(46) Pause Young (Allocation Failure)
[2019-12-09T04:22:51.852+0000][1][gc,task      ] GC(46) Using 2 workers of 2 for evacuation
[2019-12-09T04:22:51.854+0000][1][gc,age       ] GC(46) Desired survivor size 4456448 bytes, new threshold 6 (max threshold 6)
[2019-12-09T04:22:51.854+0000][1][gc,age       ] GC(46) Age table with threshold 6 (max threshold 6)
[2019-12-09T04:22:51.854+0000][1][gc,age       ] GC(46) - age   1:      12184 bytes,      12184 total
[2019-12-09T04:22:51.854+0000][1][gc,age       ] GC(46) - age   2:      26256 bytes,      38440 total
[2019-12-09T04:22:51.854+0000][1][gc,age       ] GC(46) - age   3:         72 bytes,      38512 total
[2019-12-09T04:22:51.854+0000][1][gc,age       ] GC(46) - age   4:       2144 bytes,      40656 total
[2019-12-09T04:22:51.854+0000][1][gc,age       ] GC(46) - age   5:        904 bytes,      41560 total
[2019-12-09T04:22:51.854+0000][1][gc,age       ] GC(46) - age   6:       3056 bytes,      44616 total
[2019-12-09T04:22:51.854+0000][1][gc,heap      ] GC(46) ParNew: 70002K->55K(78656K)
[2019-12-09T04:22:51.854+0000][1][gc,heap      ] GC(46) CMS: 75874K->75876K(174784K)
[2019-12-09T04:22:51.854+0000][1][gc,metaspace ] GC(46) Metaspace: 79881K->79881K(1122304K)
[2019-12-09T04:22:51.854+0000][1][gc           ] GC(46) Pause Young (Allocation Failure) 142M->74M(247M) 1.900ms
[2019-12-09T04:22:51.854+0000][1][gc,cpu       ] GC(46) User=0.00s Sys=0.00s Real=0.00s
[2019-12-09T04:22:51.854+0000][1][safepoint    ] Leaving safepoint region
[2019-12-09T04:22:51.854+0000][1][safepoint    ] Total time for which application threads were stopped: 0.0020628 seconds, Stopping threads took: 0.0000180 seconds
[2019-12-09T04:23:03.855+0000][1][safepoint    ] Application time: 12.0008184 seconds
[2019-12-09T04:23:03.855+0000][1][safepoint    ] Entering safepoint region: Cleanup
[2019-12-09T04:23:03.855+0000][1][safepoint    ] Leaving safepoint region
[2019-12-09T04:23:03.855+0000][1][safepoint    ] Total time for which application threads were stopped: 0.0001066 seconds, Stopping threads took: 0.0000263 seconds
[2019-12-09T04:23:15.856+0000][1][safepoint    ] Application time: 12.0008063 seconds
[2019-12-09T04:23:15.856+0000][1][safepoint    ] Entering safepoint region: Cleanup
[2019-12-09T04:23:15.856+0000][1][safepoint    ] Leaving safepoint region
[2019-12-09T04:23:15.856+0000][1][safepoint    ] Total time for which application threads were stopped: 0.0001008 seconds, Stopping threads took: 0.0000189 seconds
[2019-12-09T04:23:16.856+0000][1][safepoint    ] Application time: 1.0000740 seconds
[2019-12-09T04:23:16.856+0000][1][safepoint    ] Entering safepoint region: Cleanup
[2019-12-09T04:23:16.856+0000][1][safepoint    ] Leaving safepoint region
[2019-12-09T04:23:16.856+0000][1][safepoint    ] Total time for which application threads were stopped: 0.0000966 seconds, Stopping threads took: 0.0000192 seconds
[2019-12-09T04:23:22.856+0000][1][safepoint    ] Application time: 6.0004045 seconds
[2019-12-09T04:23:22.856+0000][1][safepoint    ] Entering safepoint region: Cleanup
[2019-12-09T04:23:22.857+0000][1][safepoint    ] Leaving safepoint region
[2019-12-09T04:23:22.857+0000][1][safepoint    ] Total time for which application threads were stopped: 0.0001025 seconds, Stopping threads took: 0.0000194 seconds
[2019-12-09T04:23:25.857+0000][1][safepoint    ] Application time: 3.0002071 seconds
[2019-12-09T04:23:25.857+0000][1][safepoint    ] Entering safepoint region: Cleanup
[2019-12-09T04:23:25.857+0000][1][safepoint    ] Leaving safepoint region
[2019-12-09T04:23:25.857+0000][1][safepoint    ] Total time for which application threads were stopped: 0.0001063 seconds, Stopping threads took: 0.0000201 seconds
[2019-12-09T04:23:41.858+0000][1][safepoint    ] Application time: 16.0010353 seconds
[2019-12-09T04:23:41.858+0000][1][safepoint    ] Entering safepoint region: Cleanup
[2019-12-09T04:23:41.858+0000][1][safepoint    ] Leaving safepoint region
[2019-12-09T04:23:41.858+0000][1][safepoint    ] Total time for which application threads were stopped: 0.0001139 seconds, Stopping threads took: 0.0000303 seconds
[2019-12-09T04:23:47.859+0000][1][safepoint    ] Application time: 6.0003994 seconds
[2019-12-09T04:23:47.859+0000][1][safepoint    ] Entering safepoint region: Cleanup
[2019-12-09T04:23:47.859+0000][1][safepoint    ] Leaving safepoint region
[2019-12-09T04:23:47.859+0000][1][safepoint    ] Total time for which application threads were stopped: 0.0001274 seconds, Stopping threads took: 0.0000339 seconds
[2019-12-09T04:23:51.859+0000][1][safepoint    ] Application time: 4.0002808 seconds
[2019-12-09T04:23:51.859+0000][1][safepoint    ] Entering safepoint region: Cleanup
[2019-12-09T04:23:51.859+0000][1][safepoint    ] Leaving safepoint region
[2019-12-09T04:23:51.859+0000][1][safepoint    ] Total time for which application threads were stopped: 0.0001069 seconds, Stopping threads took: 0.0000205 seconds
[2019-12-09T04:23:52.859+0000][1][safepoint    ] Application time: 1.0000759 seconds
[2019-12-09T04:23:52.859+0000][1][safepoint    ] Entering safepoint region: Cleanup
[2019-12-09T04:23:52.859+0000][1][safepoint    ] Leaving safepoint region
[2019-12-09T04:23:52.859+0000][1][safepoint    ] Total time for which application threads were stopped: 0.0000989 seconds, Stopping threads took: 0.0000182 seconds
[2019-12-09T04:24:32.862+0000][1][safepoint    ] Application time: 40.0026442 seconds
[2019-12-09T04:24:32.862+0000][1][safepoint    ] Entering safepoint region: Cleanup
[2019-12-09T04:24:32.862+0000][1][safepoint    ] Leaving safepoint region
[2019-12-09T04:24:32.862+0000][1][safepoint    ] Total time for which application threads were stopped: 0.0001059 seconds, Stopping threads took: 0.0000263 seconds
[2019-12-09T04:24:37.863+0000][1][safepoint    ] Application time: 5.0003435 seconds
[2019-12-09T04:24:37.863+0000][1][safepoint    ] Entering safepoint region: Cleanup
[2019-12-09T04:24:37.863+0000][1][safepoint    ] Leaving safepoint region
[2019-12-09T04:24:37.863+0000][1][safepoint    ] Total time for which application threads were stopped: 0.0001056 seconds, Stopping threads took: 0.0000206 seconds
[2019-12-09T04:24:46.637+0000][1][safepoint    ] Application time: 8.7746375 seconds
[2019-12-09T04:24:46.637+0000][1][safepoint    ] Entering safepoint region: GenCollectForAllocation
[2019-12-09T04:24:46.638+0000][1][gc,start     ] GC(47) Pause Young (Allocation Failure)
[2019-12-09T04:24:46.638+0000][1][gc,task      ] GC(47) Using 2 workers of 2 for evacuation
[2019-12-09T04:24:46.639+0000][1][gc,age       ] GC(47) Desired survivor size 4456448 bytes, new threshold 6 (max threshold 6)
[2019-12-09T04:24:46.639+0000][1][gc,age       ] GC(47) Age table with threshold 6 (max threshold 6)
[2019-12-09T04:24:46.639+0000][1][gc,age       ] GC(47) - age   1:      11160 bytes,      11160 total
[2019-12-09T04:24:46.639+0000][1][gc,age       ] GC(47) - age   2:       4352 bytes,      15512 total
[2019-12-09T04:24:46.639+0000][1][gc,age       ] GC(47) - age   3:      26256 bytes,      41768 total
[2019-12-09T04:24:46.639+0000][1][gc,age       ] GC(47) - age   4:         72 bytes,      41840 total
[2019-12-09T04:24:46.639+0000][1][gc,age       ] GC(47) - age   5:       2144 bytes,      43984 total
[2019-12-09T04:24:46.639+0000][1][gc,age       ] GC(47) - age   6:        904 bytes,      44888 total
[2019-12-09T04:24:46.639+0000][1][gc,heap      ] GC(47) ParNew: 70007K->62K(78656K)
[2019-12-09T04:24:46.639+0000][1][gc,heap      ] GC(47) CMS: 75876K->75879K(174784K)
[2019-12-09T04:24:46.639+0000][1][gc,metaspace ] GC(47) Metaspace: 79909K->79909K(1122304K)
[2019-12-09T04:24:46.639+0000][1][gc           ] GC(47) Pause Young (Allocation Failure) 142M->74M(247M) 1.921ms
[2019-12-09T04:24:46.639+0000][1][gc,cpu       ] GC(47) User=0.00s Sys=0.00s Real=0.00s
[2019-12-09T04:24:46.639+0000][1][safepoint    ] Leaving safepoint region
[2019-12-09T04:24:46.639+0000][1][safepoint    ] Total time for which application threads were stopped: 0.0021211 seconds, Stopping threads took: 0.0000280 seconds
[2019-12-09T04:24:51.640+0000][1][safepoint    ] Application time: 5.0003546 seconds
[2019-12-09T04:24:51.640+0000][1][safepoint    ] Entering safepoint region: Cleanup
[2019-12-09T04:24:51.640+0000][1][safepoint    ] Leaving safepoint region
[2019-12-09T04:24:51.640+0000][1][safepoint    ] Total time for which application threads were stopped: 0.0000979 seconds, Stopping threads took: 0.0000178 seconds
[2019-12-09T04:24:55.640+0000][1][safepoint    ] Application time: 4.0002827 seconds
[2019-12-09T04:24:55.640+0000][1][safepoint    ] Entering safepoint region: Cleanup
[2019-12-09T04:24:55.640+0000][1][safepoint    ] Leaving safepoint region
[2019-12-09T04:24:55.640+0000][1][safepoint    ] Total time for which application threads were stopped: 0.0001109 seconds, Stopping threads took: 0.0000286 seconds
[2019-12-09T04:24:59.641+0000][1][safepoint    ] Application time: 4.0002779 seconds
[2019-12-09T04:24:59.641+0000][1][safepoint    ] Entering safepoint region: Cleanup
[2019-12-09T04:24:59.641+0000][1][safepoint    ] Leaving safepoint region
[2019-12-09T04:24:59.641+0000][1][safepoint    ] Total time for which application threads were stopped: 0.0001129 seconds, Stopping threads took: 0.0000285 seconds
[2019-12-09T04:25:28.643+0000][1][safepoint    ] Application time: 29.0019106 seconds
[2019-12-09T04:25:28.643+0000][1][safepoint    ] Entering safepoint region: Cleanup
[2019-12-09T04:25:28.643+0000][1][safepoint    ] Leaving safepoint region
[2019-12-09T04:25:28.643+0000][1][safepoint    ] Total time for which application threads were stopped: 0.0001274 seconds, Stopping threads took: 0.0000281 seconds
[2019-12-09T04:25:51.645+0000][1][safepoint    ] Application time: 23.0015540 seconds
[2019-12-09T04:25:51.645+0000][1][safepoint    ] Entering safepoint region: Cleanup
[2019-12-09T04:25:51.645+0000][1][safepoint    ] Leaving safepoint region
[2019-12-09T04:25:51.645+0000][1][safepoint    ] Total time for which application threads were stopped: 0.0000989 seconds, Stopping threads took: 0.0000181 seconds
[2019-12-09T04:26:02.645+0000][1][safepoint    ] Application time: 11.0007448 seconds
[2019-12-09T04:26:02.645+0000][1][safepoint    ] Entering safepoint region: Cleanup
[2019-12-09T04:26:02.646+0000][1][safepoint    ] Leaving safepoint region
[2019-12-09T04:26:02.646+0000][1][safepoint    ] Total time for which application threads were stopped: 0.0001106 seconds, Stopping threads took: 0.0000284 seconds
[2019-12-09T04:26:23.647+0000][1][safepoint    ] Application time: 21.0013847 seconds
[2019-12-09T04:26:23.647+0000][1][safepoint    ] Entering safepoint region: Cleanup
[2019-12-09T04:26:23.647+0000][1][safepoint    ] Leaving safepoint region
[2019-12-09T04:26:23.647+0000][1][safepoint    ] Total time for which application threads were stopped: 0.0001048 seconds, Stopping threads took: 0.0000277 seconds
[2019-12-09T04:26:24.647+0000][1][safepoint    ] Application time: 1.0000775 seconds
[2019-12-09T04:26:24.647+0000][1][safepoint    ] Entering safepoint region: Cleanup
[2019-12-09T04:26:24.647+0000][1][safepoint    ] Leaving safepoint region
[2019-12-09T04:26:24.647+0000][1][safepoint    ] Total time for which application threads were stopped: 0.0000963 seconds, Stopping threads took: 0.0000199 seconds
[2019-12-09T04:26:25.647+0000][1][safepoint    ] Application time: 1.0000773 seconds
[2019-12-09T04:26:25.647+0000][1][safepoint    ] Entering safepoint region: Cleanup
[2019-12-09T04:26:25.647+0000][1][safepoint    ] Leaving safepoint region
[2019-12-09T04:26:25.648+0000][1][safepoint    ] Total time for which application threads were stopped: 0.0000948 seconds, Stopping threads took: 0.0000192 seconds
[2019-12-09T04:26:26.648+0000][1][safepoint    ] Application time: 1.0000765 seconds
[2019-12-09T04:26:26.648+0000][1][safepoint    ] Entering safepoint region: Cleanup
[2019-12-09T04:26:26.648+0000][1][safepoint    ] Leaving safepoint region
[2019-12-09T04:26:26.648+0000][1][safepoint    ] Total time for which application threads were stopped: 0.0001070 seconds, Stopping threads took: 0.0000175 seconds
[2019-12-09T04:26:27.648+0000][1][safepoint    ] Application time: 1.0000771 seconds
[2019-12-09T04:26:27.648+0000][1][safepoint    ] Entering safepoint region: Cleanup
[2019-12-09T04:26:27.648+0000][1][safepoint    ] Leaving safepoint region
[2019-12-09T04:26:27.648+0000][1][safepoint    ] Total time for which application threads were stopped: 0.0000956 seconds, Stopping threads took: 0.0000180 seconds
[2019-12-09T04:26:28.648+0000][1][safepoint    ] Application time: 1.0000770 seconds
[2019-12-09T04:26:28.648+0000][1][safepoint    ] Entering safepoint region: Cleanup
[2019-12-09T04:26:28.648+0000][1][safepoint    ] Leaving safepoint region
[2019-12-09T04:26:28.648+0000][1][safepoint    ] Total time for which application threads were stopped: 0.0001087 seconds, Stopping threads took: 0.0000277 seconds
[2019-12-09T04:26:29.648+0000][1][safepoint    ] Application time: 1.0000766 seconds
[2019-12-09T04:26:29.648+0000][1][safepoint    ] Entering safepoint region: Cleanup
[2019-12-09T04:26:29.648+0000][1][safepoint    ] Leaving safepoint region
[2019-12-09T04:26:29.648+0000][1][safepoint    ] Total time for which application threads were stopped: 0.0000986 seconds, Stopping threads took: 0.0000196 seconds
[2019-12-09T04:26:30.648+0000][1][safepoint    ] Application time: 1.0000778 seconds
[2019-12-09T04:26:30.649+0000][1][safepoint    ] Entering safepoint region: Cleanup
[2019-12-09T04:26:30.649+0000][1][safepoint    ] Leaving safepoint region
[2019-12-09T04:26:30.649+0000][1][safepoint    ] Total time for which application threads were stopped: 0.0000995 seconds, Stopping threads took: 0.0000209 seconds
[2019-12-09T04:26:31.649+0000][1][safepoint    ] Application time: 1.0000762 seconds
[2019-12-09T04:26:31.649+0000][1][safepoint    ] Entering safepoint region: Cleanup
[2019-12-09T04:26:31.649+0000][1][safepoint    ] Leaving safepoint region
[2019-12-09T04:26:31.649+0000][1][safepoint    ] Total time for which application threads were stopped: 0.0000970 seconds, Stopping threads took: 0.0000180 seconds
[2019-12-09T04:26:32.649+0000][1][safepoint    ] Application time: 1.0000773 seconds
[2019-12-09T04:26:32.649+0000][1][safepoint    ] Entering safepoint region: Cleanup
[2019-12-09T04:26:32.649+0000][1][safepoint    ] Leaving safepoint region
[2019-12-09T04:26:32.649+0000][1][safepoint    ] Total time for which application threads were stopped: 0.0000971 seconds, Stopping threads took: 0.0000199 seconds
[2019-12-09T04:26:33.649+0000][1][safepoint    ] Application time: 1.0000763 seconds
[2019-12-09T04:26:33.649+0000][1][safepoint    ] Entering safepoint region: Cleanup
[2019-12-09T04:26:33.649+0000][1][safepoint    ] Leaving safepoint region
[2019-12-09T04:26:33.649+0000][1][safepoint    ] Total time for which application threads were stopped: 0.0000947 seconds, Stopping threads took: 0.0000198 seconds
[2019-12-09T04:26:34.649+0000][1][safepoint    ] Application time: 1.0000765 seconds
[2019-12-09T04:26:34.649+0000][1][safepoint    ] Entering safepoint region: Cleanup
[2019-12-09T04:26:34.649+0000][1][safepoint    ] Leaving safepoint region
[2019-12-09T04:26:34.649+0000][1][safepoint    ] Total time for which application threads were stopped: 0.0000949 seconds, Stopping threads took: 0.0000198 seconds
[2019-12-09T04:26:35.650+0000][1][safepoint    ] Application time: 1.0000759 seconds
[2019-12-09T04:26:35.650+0000][1][safepoint    ] Entering safepoint region: Cleanup
[2019-12-09T04:26:35.650+0000][1][safepoint    ] Leaving safepoint region
[2019-12-09T04:26:35.650+0000][1][safepoint    ] Total time for which application threads were stopped: 0.0001106 seconds, Stopping threads took: 0.0000203 seconds
[2019-12-09T04:26:36.650+0000][1][safepoint    ] Application time: 1.0000758 seconds
[2019-12-09T04:26:36.650+0000][1][safepoint    ] Entering safepoint region: Cleanup
[2019-12-09T04:26:36.650+0000][1][safepoint    ] Leaving safepoint region
[2019-12-09T04:26:36.650+0000][1][safepoint    ] Total time for which application threads were stopped: 0.0000985 seconds, Stopping threads took: 0.0000201 seconds
[2019-12-09T04:26:37.650+0000][1][safepoint    ] Application time: 1.0000768 seconds
[2019-12-09T04:26:37.650+0000][1][safepoint    ] Entering safepoint region: Cleanup
[2019-12-09T04:26:37.650+0000][1][safepoint    ] Leaving safepoint region
[2019-12-09T04:26:37.650+0000][1][safepoint    ] Total time for which application threads were stopped: 0.0000985 seconds, Stopping threads took: 0.0000202 seconds
[2019-12-09T04:26:38.650+0000][1][safepoint    ] Application time: 1.0000773 seconds
[2019-12-09T04:26:38.650+0000][1][safepoint    ] Entering safepoint region: Cleanup
[2019-12-09T04:26:38.650+0000][1][safepoint    ] Leaving safepoint region
[2019-12-09T04:26:38.650+0000][1][safepoint    ] Total time for which application threads were stopped: 0.0001033 seconds, Stopping threads took: 0.0000260 seconds
[2019-12-09T04:26:39.560+0000][1][safepoint    ] Application time: 0.9098155 seconds
[2019-12-09T04:26:39.560+0000][1][safepoint    ] Entering safepoint region: GenCollectForAllocation
[2019-12-09T04:26:39.560+0000][1][gc,start     ] GC(48) Pause Young (Allocation Failure)
[2019-12-09T04:26:39.560+0000][1][gc,task      ] GC(48) Using 2 workers of 2 for evacuation
[2019-12-09T04:26:39.563+0000][1][gc,age       ] GC(48) Desired survivor size 4456448 bytes, new threshold 6 (max threshold 6)
[2019-12-09T04:26:39.563+0000][1][gc,age       ] GC(48) Age table with threshold 6 (max threshold 6)
[2019-12-09T04:26:39.563+0000][1][gc,age       ] GC(48) - age   1:       7784 bytes,       7784 total
[2019-12-09T04:26:39.563+0000][1][gc,age       ] GC(48) - age   2:       2576 bytes,      10360 total
[2019-12-09T04:26:39.563+0000][1][gc,age       ] GC(48) - age   3:       4352 bytes,      14712 total
[2019-12-09T04:26:39.563+0000][1][gc,age       ] GC(48) - age   4:      26136 bytes,      40848 total
[2019-12-09T04:26:39.563+0000][1][gc,age       ] GC(48) - age   5:         72 bytes,      40920 total
[2019-12-09T04:26:39.563+0000][1][gc,age       ] GC(48) - age   6:       2144 bytes,      43064 total
[2019-12-09T04:26:39.563+0000][1][gc,heap      ] GC(48) ParNew: 70005K->64K(78656K)
[2019-12-09T04:26:39.563+0000][1][gc,heap      ] GC(48) CMS: 75879K->75880K(174784K)
[2019-12-09T04:26:39.563+0000][1][gc,metaspace ] GC(48) Metaspace: 79920K->79920K(1122304K)
[2019-12-09T04:26:39.563+0000][1][gc           ] GC(48) Pause Young (Allocation Failure) 142M->74M(247M) 2.342ms
[2019-12-09T04:26:39.563+0000][1][gc,cpu       ] GC(48) User=0.00s Sys=0.00s Real=0.00s
[2019-12-09T04:26:39.563+0000][1][safepoint    ] Leaving safepoint region
[2019-12-09T04:26:39.563+0000][1][safepoint    ] Total time for which application threads were stopped: 0.0025681 seconds, Stopping threads took: 0.0000236 seconds
[2019-12-09T04:26:40.773+0000][1][safepoint    ] Application time: 1.2102417 seconds
[2019-12-09T04:26:40.773+0000][1][safepoint    ] Entering safepoint region: Cleanup
[2019-12-09T04:26:40.773+0000][1][safepoint    ] Leaving safepoint region
[2019-12-09T04:26:40.773+0000][1][safepoint    ] Total time for which application threads were stopped: 0.0000987 seconds, Stopping threads took: 0.0000176 seconds
[2019-12-09T04:26:41.773+0000][1][safepoint    ] Application time: 1.0000754 seconds
[2019-12-09T04:26:41.773+0000][1][safepoint    ] Entering safepoint region: Cleanup
[2019-12-09T04:26:41.773+0000][1][safepoint    ] Leaving safepoint region
[2019-12-09T04:26:41.773+0000][1][safepoint    ] Total time for which application threads were stopped: 0.0000947 seconds, Stopping threads took: 0.0000178 seconds
[2019-12-09T04:26:42.773+0000][1][safepoint    ] Application time: 1.0000759 seconds
[2019-12-09T04:26:42.774+0000][1][safepoint    ] Entering safepoint region: Cleanup
[2019-12-09T04:26:42.774+0000][1][safepoint    ] Leaving safepoint region
[2019-12-09T04:26:42.774+0000][1][safepoint    ] Total time for which application threads were stopped: 0.0000903 seconds, Stopping threads took: 0.0000172 seconds
[2019-12-09T04:26:43.774+0000][1][safepoint    ] Application time: 1.0000873 seconds
[2019-12-09T04:26:43.774+0000][1][safepoint    ] Entering safepoint region: Cleanup
[2019-12-09T04:26:43.774+0000][1][safepoint    ] Leaving safepoint region
[2019-12-09T04:26:43.774+0000][1][safepoint    ] Total time for which application threads were stopped: 0.0001008 seconds, Stopping threads took: 0.0000238 seconds
[2019-12-09T04:26:44.774+0000][1][safepoint    ] Application time: 1.0000772 seconds
[2019-12-09T04:26:44.774+0000][1][safepoint    ] Entering safepoint region: Cleanup
[2019-12-09T04:26:44.774+0000][1][safepoint    ] Leaving safepoint region
[2019-12-09T04:26:44.774+0000][1][safepoint    ] Total time for which application threads were stopped: 0.0000911 seconds, Stopping threads took: 0.0000178 seconds
[2019-12-09T04:26:45.774+0000][1][safepoint    ] Application time: 1.0000757 seconds
[2019-12-09T04:26:45.774+0000][1][safepoint    ] Entering safepoint region: Cleanup
[2019-12-09T04:26:45.774+0000][1][safepoint    ] Leaving safepoint region
[2019-12-09T04:26:45.774+0000][1][safepoint    ] Total time for which application threads were stopped: 0.0000929 seconds, Stopping threads took: 0.0000175 seconds
[2019-12-09T04:26:46.774+0000][1][safepoint    ] Application time: 1.0000753 seconds
[2019-12-09T04:26:46.774+0000][1][safepoint    ] Entering safepoint region: Cleanup
[2019-12-09T04:26:46.774+0000][1][safepoint    ] Leaving safepoint region
[2019-12-09T04:26:46.774+0000][1][safepoint    ] Total time for which application threads were stopped: 0.0000934 seconds, Stopping threads took: 0.0000182 seconds
[2019-12-09T04:26:47.775+0000][1][safepoint    ] Application time: 1.0000760 seconds
[2019-12-09T04:26:47.775+0000][1][safepoint    ] Entering safepoint region: Cleanup
[2019-12-09T04:26:47.775+0000][1][safepoint    ] Leaving safepoint region
[2019-12-09T04:26:47.775+0000][1][safepoint    ] Total time for which application threads were stopped: 0.0001041 seconds, Stopping threads took: 0.0000169 seconds
[2019-12-09T04:26:48.775+0000][1][safepoint    ] Application time: 1.0000771 seconds
[2019-12-09T04:26:48.775+0000][1][safepoint    ] Entering safepoint region: Cleanup
[2019-12-09T04:26:48.775+0000][1][safepoint    ] Leaving safepoint region
[2019-12-09T04:26:48.775+0000][1][safepoint    ] Total time for which application threads were stopped: 0.0000935 seconds, Stopping threads took: 0.0000167 seconds
[2019-12-09T04:26:49.775+0000][1][safepoint    ] Application time: 1.0000759 seconds
[2019-12-09T04:26:49.775+0000][1][safepoint    ] Entering safepoint region: Cleanup
[2019-12-09T04:26:49.775+0000][1][safepoint    ] Leaving safepoint region
[2019-12-09T04:26:49.775+0000][1][safepoint    ] Total time for which application threads were stopped: 0.0000940 seconds, Stopping threads took: 0.0000190 seconds
[2019-12-09T04:26:50.775+0000][1][safepoint    ] Application time: 1.0000742 seconds
[2019-12-09T04:26:50.775+0000][1][safepoint    ] Entering safepoint region: Cleanup
[2019-12-09T04:26:50.775+0000][1][safepoint    ] Leaving safepoint region
[2019-12-09T04:26:50.775+0000][1][safepoint    ] Total time for which application threads were stopped: 0.0000933 seconds, Stopping threads took: 0.0000172 seconds
[2019-12-09T04:26:51.775+0000][1][safepoint    ] Application time: 1.0000743 seconds
[2019-12-09T04:26:51.775+0000][1][safepoint    ] Entering safepoint region: Cleanup
[2019-12-09T04:26:51.776+0000][1][safepoint    ] Leaving safepoint region
[2019-12-09T04:26:51.776+0000][1][safepoint    ] Total time for which application threads were stopped: 0.0000903 seconds, Stopping threads took: 0.0000169 seconds
[2019-12-09T04:26:52.776+0000][1][safepoint    ] Application time: 1.0000748 seconds
[2019-12-09T04:26:52.776+0000][1][safepoint    ] Entering safepoint region: Cleanup
[2019-12-09T04:26:52.776+0000][1][safepoint    ] Leaving safepoint region
[2019-12-09T04:26:52.776+0000][1][safepoint    ] Total time for which application threads were stopped: 0.0001031 seconds, Stopping threads took: 0.0000170 seconds
[2019-12-09T04:26:53.776+0000][1][safepoint    ] Application time: 1.0000762 seconds
[2019-12-09T04:26:53.776+0000][1][safepoint    ] Entering safepoint region: Cleanup
[2019-12-09T04:26:53.776+0000][1][safepoint    ] Leaving safepoint region
[2019-12-09T04:26:53.776+0000][1][safepoint    ] Total time for which application threads were stopped: 0.0000925 seconds, Stopping threads took: 0.0000183 seconds
[2019-12-09T04:26:54.776+0000][1][safepoint    ] Application time: 1.0000749 seconds
[2019-12-09T04:26:54.776+0000][1][safepoint    ] Entering safepoint region: Cleanup
[2019-12-09T04:26:54.776+0000][1][safepoint    ] Leaving safepoint region
[2019-12-09T04:26:54.776+0000][1][safepoint    ] Total time for which application threads were stopped: 0.0000934 seconds, Stopping threads took: 0.0000166 seconds
[2019-12-09T04:26:55.776+0000][1][safepoint    ] Application time: 1.0000755 seconds
[2019-12-09T04:26:55.776+0000][1][safepoint    ] Entering safepoint region: Cleanup
[2019-12-09T04:26:55.776+0000][1][safepoint    ] Leaving safepoint region
[2019-12-09T04:26:55.776+0000][1][safepoint    ] Total time for which application threads were stopped: 0.0000903 seconds, Stopping threads took: 0.0000165 seconds
[2019-12-09T04:26:56.776+0000][1][safepoint    ] Application time: 1.0000757 seconds
[2019-12-09T04:26:56.777+0000][1][safepoint    ] Entering safepoint region: Cleanup
[2019-12-09T04:26:56.777+0000][1][safepoint    ] Leaving safepoint region
[2019-12-09T04:26:56.777+0000][1][safepoint    ] Total time for which application threads were stopped: 0.0000979 seconds, Stopping threads took: 0.0000183 seconds
[2019-12-09T04:26:57.777+0000][1][safepoint    ] Application time: 1.0000800 seconds
[2019-12-09T04:26:57.777+0000][1][safepoint    ] Entering safepoint region: Cleanup
[2019-12-09T04:26:57.777+0000][1][safepoint    ] Leaving safepoint region
[2019-12-09T04:26:57.777+0000][1][safepoint    ] Total time for which application threads were stopped: 0.0000946 seconds, Stopping threads took: 0.0000192 seconds
[2019-12-09T04:26:58.777+0000][1][safepoint    ] Application time: 1.0000748 seconds
[2019-12-09T04:26:58.777+0000][1][safepoint    ] Entering safepoint region: Cleanup
[2019-12-09T04:26:58.777+0000][1][safepoint    ] Leaving safepoint region
[2019-12-09T04:26:58.777+0000][1][safepoint    ] Total time for which application threads were stopped: 0.0000918 seconds, Stopping threads took: 0.0000174 seconds
[2019-12-09T04:26:59.777+0000][1][safepoint    ] Application time: 1.0000756 seconds
[2019-12-09T04:26:59.777+0000][1][safepoint    ] Entering safepoint region: Cleanup
[2019-12-09T04:26:59.777+0000][1][safepoint    ] Leaving safepoint region
[2019-12-09T04:26:59.777+0000][1][safepoint    ] Total time for which application threads were stopped: 0.0000924 seconds, Stopping threads took: 0.0000181 seconds
[2019-12-09T04:27:00.777+0000][1][safepoint    ] Application time: 1.0000747 seconds
[2019-12-09T04:27:00.777+0000][1][safepoint    ] Entering safepoint region: Cleanup
[2019-12-09T04:27:00.777+0000][1][safepoint    ] Leaving safepoint region
[2019-12-09T04:27:00.777+0000][1][safepoint    ] Total time for which application threads were stopped: 0.0000927 seconds, Stopping threads took: 0.0000174 seconds
[2019-12-09T04:27:01.778+0000][1][safepoint    ] Application time: 1.0000754 seconds
[2019-12-09T04:27:01.778+0000][1][safepoint    ] Entering safepoint region: Cleanup
[2019-12-09T04:27:01.778+0000][1][safepoint    ] Leaving safepoint region
[2019-12-09T04:27:01.778+0000][1][safepoint    ] Total time for which application threads were stopped: 0.0000939 seconds, Stopping threads took: 0.0000188 seconds
[2019-12-09T04:27:02.778+0000][1][safepoint    ] Application time: 1.0000889 seconds
[2019-12-09T04:27:02.778+0000][1][safepoint    ] Entering safepoint region: Cleanup
[2019-12-09T04:27:02.778+0000][1][safepoint    ] Leaving safepoint region
[2019-12-09T04:27:02.778+0000][1][safepoint    ] Total time for which application threads were stopped: 0.0000937 seconds, Stopping threads took: 0.0000187 seconds
[2019-12-09T04:27:03.778+0000][1][safepoint    ] Application time: 1.0000751 seconds
[2019-12-09T04:27:03.778+0000][1][safepoint    ] Entering safepoint region: Cleanup
[2019-12-09T04:27:03.778+0000][1][safepoint    ] Leaving safepoint region
[2019-12-09T04:27:03.778+0000][1][safepoint    ] Total time for which application threads were stopped: 0.0000936 seconds, Stopping threads took: 0.0000190 seconds
[2019-12-09T04:27:04.778+0000][1][safepoint    ] Application time: 1.0000775 seconds
[2019-12-09T04:27:04.778+0000][1][safepoint    ] Entering safepoint region: Cleanup
[2019-12-09T04:27:04.778+0000][1][safepoint    ] Leaving safepoint region
[2019-12-09T04:27:04.778+0000][1][safepoint    ] Total time for which application threads were stopped: 0.0000963 seconds, Stopping threads took: 0.0000196 seconds
[2019-12-09T04:27:05.778+0000][1][safepoint    ] Application time: 1.0000786 seconds
[2019-12-09T04:27:05.778+0000][1][safepoint    ] Entering safepoint region: Cleanup
[2019-12-09T04:27:05.779+0000][1][safepoint    ] Leaving safepoint region
[2019-12-09T04:27:05.779+0000][1][safepoint    ] Total time for which application threads were stopped: 0.0000991 seconds, Stopping threads took: 0.0000197 seconds
[2019-12-09T04:27:06.779+0000][1][safepoint    ] Application time: 1.0000765 seconds
[2019-12-09T04:27:06.779+0000][1][safepoint    ] Entering safepoint region: Cleanup
[2019-12-09T04:27:06.779+0000][1][safepoint    ] Leaving safepoint region
[2019-12-09T04:27:06.779+0000][1][safepoint    ] Total time for which application threads were stopped: 0.0001068 seconds, Stopping threads took: 0.0000301 seconds
[2019-12-09T04:27:07.779+0000][1][safepoint    ] Application time: 1.0000788 seconds
[2019-12-09T04:27:07.779+0000][1][safepoint    ] Entering safepoint region: Cleanup
[2019-12-09T04:27:07.779+0000][1][safepoint    ] Leaving safepoint region
[2019-12-09T04:27:07.779+0000][1][safepoint    ] Total time for which application threads were stopped: 0.0001033 seconds, Stopping threads took: 0.0000195 seconds
[2019-12-09T04:27:08.779+0000][1][safepoint    ] Application time: 1.0000793 seconds
[2019-12-09T04:27:08.779+0000][1][safepoint    ] Entering safepoint region: Cleanup
[2019-12-09T04:27:08.779+0000][1][safepoint    ] Leaving safepoint region
[2019-12-09T04:27:08.779+0000][1][safepoint    ] Total time for which application threads were stopped: 0.0000962 seconds, Stopping threads took: 0.0000196 seconds
[2019-12-09T04:27:09.779+0000][1][safepoint    ] Application time: 1.0000798 seconds
[2019-12-09T04:27:09.779+0000][1][safepoint    ] Entering safepoint region: Cleanup
[2019-12-09T04:27:09.779+0000][1][safepoint    ] Leaving safepoint region
[2019-12-09T04:27:09.779+0000][1][safepoint    ] Total time for which application threads were stopped: 0.0000955 seconds, Stopping threads took: 0.0000191 seconds
[2019-12-09T04:27:10.780+0000][1][safepoint    ] Application time: 1.0000794 seconds
[2019-12-09T04:27:10.780+0000][1][safepoint    ] Entering safepoint region: Cleanup
[2019-12-09T04:27:10.780+0000][1][safepoint    ] Leaving safepoint region
[2019-12-09T04:27:10.780+0000][1][safepoint    ] Total time for which application threads were stopped: 0.0000937 seconds, Stopping threads took: 0.0000179 seconds
[2019-12-09T04:27:11.780+0000][1][safepoint    ] Application time: 1.0000900 seconds
[2019-12-09T04:27:11.780+0000][1][safepoint    ] Entering safepoint region: Cleanup
[2019-12-09T04:27:11.780+0000][1][safepoint    ] Leaving safepoint region
[2019-12-09T04:27:11.780+0000][1][safepoint    ] Total time for which application threads were stopped: 0.0000951 seconds, Stopping threads took: 0.0000188 seconds
[2019-12-09T04:27:12.780+0000][1][safepoint    ] Application time: 1.0000793 seconds
[2019-12-09T04:27:12.780+0000][1][safepoint    ] Entering safepoint region: Cleanup
[2019-12-09T04:27:12.780+0000][1][safepoint    ] Leaving safepoint region
[2019-12-09T04:27:12.780+0000][1][safepoint    ] Total time for which application threads were stopped: 0.0000926 seconds, Stopping threads took: 0.0000185 seconds
[2019-12-09T04:27:13.780+0000][1][safepoint    ] Application time: 1.0000775 seconds
[2019-12-09T04:27:13.780+0000][1][safepoint    ] Entering safepoint region: Cleanup
[2019-12-09T04:27:13.780+0000][1][safepoint    ] Leaving safepoint region
[2019-12-09T04:27:13.780+0000][1][safepoint    ] Total time for which application threads were stopped: 0.0000966 seconds, Stopping threads took: 0.0000200 seconds
[2019-12-09T04:27:14.780+0000][1][safepoint    ] Application time: 1.0000797 seconds
[2019-12-09T04:27:14.780+0000][1][safepoint    ] Entering safepoint region: Cleanup
[2019-12-09T04:27:14.781+0000][1][safepoint    ] Leaving safepoint region
[2019-12-09T04:27:14.781+0000][1][safepoint    ] Total time for which application threads were stopped: 0.0000973 seconds, Stopping threads took: 0.0000192 seconds
[2019-12-09T04:27:15.781+0000][1][safepoint    ] Application time: 1.0000747 seconds
[2019-12-09T04:27:15.781+0000][1][safepoint    ] Entering safepoint region: Cleanup
[2019-12-09T04:27:15.781+0000][1][safepoint    ] Leaving safepoint region
[2019-12-09T04:27:15.781+0000][1][safepoint    ] Total time for which application threads were stopped: 0.0001109 seconds, Stopping threads took: 0.0000332 seconds
[2019-12-09T04:27:16.781+0000][1][safepoint    ] Application time: 1.0000767 seconds
[2019-12-09T04:27:16.781+0000][1][safepoint    ] Entering safepoint region: Cleanup
[2019-12-09T04:27:16.781+0000][1][safepoint    ] Leaving safepoint region
[2019-12-09T04:27:16.781+0000][1][safepoint    ] Total time for which application threads were stopped: 0.0000934 seconds, Stopping threads took: 0.0000187 seconds
[2019-12-09T04:27:17.781+0000][1][safepoint    ] Application time: 1.0000788 seconds
[2019-12-09T04:27:17.781+0000][1][safepoint    ] Entering safepoint region: Cleanup
[2019-12-09T04:27:17.781+0000][1][safepoint    ] Leaving safepoint region
[2019-12-09T04:27:17.781+0000][1][safepoint    ] Total time for which application threads were stopped: 0.0000927 seconds, Stopping threads took: 0.0000182 seconds
[2019-12-09T04:27:18.781+0000][1][safepoint    ] Application time: 1.0000810 seconds
[2019-12-09T04:27:18.781+0000][1][safepoint    ] Entering safepoint region: Cleanup
[2019-12-09T04:27:18.781+0000][1][safepoint    ] Leaving safepoint region
[2019-12-09T04:27:18.781+0000][1][safepoint    ] Total time for which application threads were stopped: 0.0001058 seconds, Stopping threads took: 0.0000260 seconds
[2019-12-09T04:27:19.782+0000][1][safepoint    ] Application time: 1.0000803 seconds
[2019-12-09T04:27:19.782+0000][1][safepoint    ] Entering safepoint region: Cleanup
[2019-12-09T04:27:19.782+0000][1][safepoint    ] Leaving safepoint region
[2019-12-09T04:27:19.782+0000][1][safepoint    ] Total time for which application threads were stopped: 0.0000957 seconds, Stopping threads took: 0.0000180 seconds
[2019-12-09T04:27:20.782+0000][1][safepoint    ] Application time: 1.0000972 seconds
[2019-12-09T04:27:20.782+0000][1][safepoint    ] Entering safepoint region: Cleanup
[2019-12-09T04:27:20.782+0000][1][safepoint    ] Leaving safepoint region
[2019-12-09T04:27:20.782+0000][1][safepoint    ] Total time for which application threads were stopped: 0.0000969 seconds, Stopping threads took: 0.0000191 seconds
[2019-12-09T04:27:21.782+0000][1][safepoint    ] Application time: 1.0000812 seconds
[2019-12-09T04:27:21.782+0000][1][safepoint    ] Entering safepoint region: Cleanup
[2019-12-09T04:27:21.782+0000][1][safepoint    ] Leaving safepoint region
[2019-12-09T04:27:21.782+0000][1][safepoint    ] Total time for which application threads were stopped: 0.0001305 seconds, Stopping threads took: 0.0000247 seconds
[2019-12-09T04:27:22.782+0000][1][safepoint    ] Application time: 1.0000802 seconds
[2019-12-09T04:27:22.782+0000][1][safepoint    ] Entering safepoint region: Cleanup
[2019-12-09T04:27:22.782+0000][1][safepoint    ] Leaving safepoint region
[2019-12-09T04:27:22.782+0000][1][safepoint    ] Total time for which application threads were stopped: 0.0001153 seconds, Stopping threads took: 0.0000234 seconds
[2019-12-09T04:27:23.782+0000][1][safepoint    ] Application time: 1.0000761 seconds
[2019-12-09T04:27:23.783+0000][1][safepoint    ] Entering safepoint region: Cleanup
[2019-12-09T04:27:23.783+0000][1][safepoint    ] Leaving safepoint region
[2019-12-09T04:27:23.783+0000][1][safepoint    ] Total time for which application threads were stopped: 0.0001031 seconds, Stopping threads took: 0.0000186 seconds
[2019-12-09T04:27:24.783+0000][1][safepoint    ] Application time: 1.0000725 seconds
[2019-12-09T04:27:24.783+0000][1][safepoint    ] Entering safepoint region: Cleanup
[2019-12-09T04:27:24.783+0000][1][safepoint    ] Leaving safepoint region
[2019-12-09T04:27:24.783+0000][1][safepoint    ] Total time for which application threads were stopped: 0.0000925 seconds, Stopping threads took: 0.0000184 seconds
[2019-12-09T04:27:26.162+0000][1][safepoint    ] Application time: 1.3794520 seconds
[2019-12-09T04:27:26.162+0000][1][safepoint    ] Entering safepoint region: Cleanup
[2019-12-09T04:27:26.162+0000][1][safepoint    ] Leaving safepoint region
[2019-12-09T04:27:26.162+0000][1][safepoint    ] Total time for which application threads were stopped: 0.0001033 seconds, Stopping threads took: 0.0000177 seconds
[2019-12-09T04:27:27.162+0000][1][safepoint    ] Application time: 1.0000746 seconds
[2019-12-09T04:27:27.163+0000][1][safepoint    ] Entering safepoint region: Cleanup
[2019-12-09T04:27:27.163+0000][1][safepoint    ] Leaving safepoint region
[2019-12-09T04:27:27.163+0000][1][safepoint    ] Total time for which application threads were stopped: 0.0001115 seconds, Stopping threads took: 0.0000184 seconds
[2019-12-09T04:27:28.163+0000][1][safepoint    ] Application time: 1.0000793 seconds
[2019-12-09T04:27:28.163+0000][1][safepoint    ] Entering safepoint region: Cleanup
[2019-12-09T04:27:28.163+0000][1][safepoint    ] Leaving safepoint region
[2019-12-09T04:27:28.163+0000][1][safepoint    ] Total time for which application threads were stopped: 0.0001156 seconds, Stopping threads took: 0.0000234 seconds
[2019-12-09T04:27:29.163+0000][1][safepoint    ] Application time: 1.0000735 seconds
[2019-12-09T04:27:29.163+0000][1][safepoint    ] Entering safepoint region: Cleanup
[2019-12-09T04:27:29.163+0000][1][safepoint    ] Leaving safepoint region
[2019-12-09T04:27:29.163+0000][1][safepoint    ] Total time for which application threads were stopped: 0.0000880 seconds, Stopping threads took: 0.0000179 seconds
[2019-12-09T04:27:30.163+0000][1][safepoint    ] Application time: 1.0000742 seconds
[2019-12-09T04:27:30.163+0000][1][safepoint    ] Entering safepoint region: Cleanup
[2019-12-09T04:27:30.163+0000][1][safepoint    ] Leaving safepoint region
[2019-12-09T04:27:30.163+0000][1][safepoint    ] Total time for which application threads were stopped: 0.0000883 seconds, Stopping threads took: 0.0000184 seconds
[2019-12-09T04:27:31.163+0000][1][safepoint    ] Application time: 1.0000730 seconds
[2019-12-09T04:27:31.163+0000][1][safepoint    ] Entering safepoint region: Cleanup
[2019-12-09T04:27:31.163+0000][1][safepoint    ] Leaving safepoint region
[2019-12-09T04:27:31.163+0000][1][safepoint    ] Total time for which application threads were stopped: 0.0000880 seconds, Stopping threads took: 0.0000164 seconds
[2019-12-09T04:27:32.163+0000][1][safepoint    ] Application time: 1.0000800 seconds
[2019-12-09T04:27:32.164+0000][1][safepoint    ] Entering safepoint region: Cleanup
[2019-12-09T04:27:32.164+0000][1][safepoint    ] Leaving safepoint region
[2019-12-09T04:27:32.164+0000][1][safepoint    ] Total time for which application threads were stopped: 0.0000900 seconds, Stopping threads took: 0.0000182 seconds
[2019-12-09T04:27:33.164+0000][1][safepoint    ] Application time: 1.0000855 seconds
[2019-12-09T04:27:33.164+0000][1][safepoint    ] Entering safepoint region: Cleanup
[2019-12-09T04:27:33.164+0000][1][safepoint    ] Leaving safepoint region
[2019-12-09T04:27:33.164+0000][1][safepoint    ] Total time for which application threads were stopped: 0.0000950 seconds, Stopping threads took: 0.0000176 seconds
[2019-12-09T04:27:34.164+0000][1][safepoint    ] Application time: 1.0000763 seconds
[2019-12-09T04:27:34.164+0000][1][safepoint    ] Entering safepoint region: Cleanup
[2019-12-09T04:27:34.164+0000][1][safepoint    ] Leaving safepoint region
[2019-12-09T04:27:34.164+0000][1][safepoint    ] Total time for which application threads were stopped: 0.0000883 seconds, Stopping threads took: 0.0000183 seconds
[2019-12-09T04:27:35.164+0000][1][safepoint    ] Application time: 1.0000785 seconds
[2019-12-09T04:27:35.164+0000][1][safepoint    ] Entering safepoint region: Cleanup
[2019-12-09T04:27:35.164+0000][1][safepoint    ] Leaving safepoint region
[2019-12-09T04:27:35.164+0000][1][safepoint    ] Total time for which application threads were stopped: 0.0000915 seconds, Stopping threads took: 0.0000185 seconds
[2019-12-09T04:27:36.164+0000][1][safepoint    ] Application time: 1.0000740 seconds
[2019-12-09T04:27:36.164+0000][1][safepoint    ] Entering safepoint region: Cleanup
[2019-12-09T04:27:36.164+0000][1][safepoint    ] Leaving safepoint region
[2019-12-09T04:27:36.164+0000][1][safepoint    ] Total time for which application threads were stopped: 0.0001034 seconds, Stopping threads took: 0.0000178 seconds
[2019-12-09T04:27:37.164+0000][1][safepoint    ] Application time: 1.0000753 seconds
[2019-12-09T04:27:37.165+0000][1][safepoint    ] Entering safepoint region: Cleanup
[2019-12-09T04:27:37.165+0000][1][safepoint    ] Leaving safepoint region
[2019-12-09T04:27:37.165+0000][1][safepoint    ] Total time for which application threads were stopped: 0.0000920 seconds, Stopping threads took: 0.0000186 seconds
[2019-12-09T04:27:38.165+0000][1][safepoint    ] Application time: 1.0000826 seconds
[2019-12-09T04:27:38.165+0000][1][safepoint    ] Entering safepoint region: Cleanup
[2019-12-09T04:27:38.165+0000][1][safepoint    ] Leaving safepoint region
[2019-12-09T04:27:38.165+0000][1][safepoint    ] Total time for which application threads were stopped: 0.0000914 seconds, Stopping threads took: 0.0000176 seconds
[2019-12-09T04:27:39.165+0000][1][safepoint    ] Application time: 1.0000741 seconds
[2019-12-09T04:27:39.165+0000][1][safepoint    ] Entering safepoint region: Cleanup
[2019-12-09T04:27:39.165+0000][1][safepoint    ] Leaving safepoint region
[2019-12-09T04:27:39.165+0000][1][safepoint    ] Total time for which application threads were stopped: 0.0000890 seconds, Stopping threads took: 0.0000184 seconds
[2019-12-09T04:27:40.165+0000][1][safepoint    ] Application time: 1.0000725 seconds
[2019-12-09T04:27:40.165+0000][1][safepoint    ] Entering safepoint region: Cleanup
[2019-12-09T04:27:40.165+0000][1][safepoint    ] Leaving safepoint region
[2019-12-09T04:27:40.165+0000][1][safepoint    ] Total time for which application threads were stopped: 0.0000922 seconds, Stopping threads took: 0.0000194 seconds
[2019-12-09T04:27:41.165+0000][1][safepoint    ] Application time: 1.0000753 seconds
[2019-12-09T04:27:41.165+0000][1][safepoint    ] Entering safepoint region: Cleanup
[2019-12-09T04:27:41.165+0000][1][safepoint    ] Leaving safepoint region
[2019-12-09T04:27:41.165+0000][1][safepoint    ] Total time for which application threads were stopped: 0.0000904 seconds, Stopping threads took: 0.0000175 seconds
[2019-12-09T04:27:42.165+0000][1][safepoint    ] Application time: 1.0000752 seconds
[2019-12-09T04:27:42.165+0000][1][safepoint    ] Entering safepoint region: Cleanup
[2019-12-09T04:27:42.166+0000][1][safepoint    ] Leaving safepoint region
[2019-12-09T04:27:42.166+0000][1][safepoint    ] Total time for which application threads were stopped: 0.0000918 seconds, Stopping threads took: 0.0000178 seconds
[2019-12-09T04:27:43.166+0000][1][safepoint    ] Application time: 1.0000739 seconds
[2019-12-09T04:27:43.166+0000][1][safepoint    ] Entering safepoint region: Cleanup
[2019-12-09T04:27:43.166+0000][1][safepoint    ] Leaving safepoint region
[2019-12-09T04:27:43.166+0000][1][safepoint    ] Total time for which application threads were stopped: 0.0000950 seconds, Stopping threads took: 0.0000219 seconds
[2019-12-09T04:27:44.166+0000][1][safepoint    ] Application time: 1.0000758 seconds
[2019-12-09T04:27:44.166+0000][1][safepoint    ] Entering safepoint region: Cleanup
[2019-12-09T04:27:44.166+0000][1][safepoint    ] Leaving safepoint region
[2019-12-09T04:27:44.166+0000][1][safepoint    ] Total time for which application threads were stopped: 0.0000938 seconds, Stopping threads took: 0.0000182 seconds
[2019-12-09T04:27:45.166+0000][1][safepoint    ] Application time: 1.0000753 seconds
[2019-12-09T04:27:45.166+0000][1][safepoint    ] Entering safepoint region: Cleanup
[2019-12-09T04:27:45.166+0000][1][safepoint    ] Leaving safepoint region
[2019-12-09T04:27:45.166+0000][1][safepoint    ] Total time for which application threads were stopped: 0.0000887 seconds, Stopping threads took: 0.0000180 seconds
[2019-12-09T04:27:46.166+0000][1][safepoint    ] Application time: 1.0000749 seconds
[2019-12-09T04:27:46.166+0000][1][safepoint    ] Entering safepoint region: Cleanup
[2019-12-09T04:27:46.166+0000][1][safepoint    ] Leaving safepoint region
[2019-12-09T04:27:46.166+0000][1][safepoint    ] Total time for which application threads were stopped: 0.0000896 seconds, Stopping threads took: 0.0000180 seconds
[2019-12-09T04:27:47.166+0000][1][safepoint    ] Application time: 1.0000759 seconds
[2019-12-09T04:27:47.166+0000][1][safepoint    ] Entering safepoint region: Cleanup
[2019-12-09T04:27:47.167+0000][1][safepoint    ] Leaving safepoint region
[2019-12-09T04:27:47.167+0000][1][safepoint    ] Total time for which application threads were stopped: 0.0000886 seconds, Stopping threads took: 0.0000169 seconds
[2019-12-09T04:27:48.167+0000][1][safepoint    ] Application time: 1.0000777 seconds
[2019-12-09T04:27:48.167+0000][1][safepoint    ] Entering safepoint region: Cleanup
[2019-12-09T04:27:48.167+0000][1][safepoint    ] Leaving safepoint region
[2019-12-09T04:27:48.167+0000][1][safepoint    ] Total time for which application threads were stopped: 0.0001033 seconds, Stopping threads took: 0.0000217 seconds
[2019-12-09T04:27:49.167+0000][1][safepoint    ] Application time: 1.0000842 seconds
[2019-12-09T04:27:49.167+0000][1][safepoint    ] Entering safepoint region: Cleanup
[2019-12-09T04:27:49.167+0000][1][safepoint    ] Leaving safepoint region
[2019-12-09T04:27:49.167+0000][1][safepoint    ] Total time for which application threads were stopped: 0.0000985 seconds, Stopping threads took: 0.0000270 seconds
[2019-12-09T04:27:50.167+0000][1][safepoint    ] Application time: 1.0000779 seconds
[2019-12-09T04:27:50.167+0000][1][safepoint    ] Entering safepoint region: Cleanup
[2019-12-09T04:27:50.167+0000][1][safepoint    ] Leaving safepoint region
[2019-12-09T04:27:50.167+0000][1][safepoint    ] Total time for which application threads were stopped: 0.0000902 seconds, Stopping threads took: 0.0000190 seconds
[2019-12-09T04:27:51.224+0000][1][safepoint    ] Application time: 1.0567983 seconds
[2019-12-09T04:27:51.224+0000][1][safepoint    ] Entering safepoint region: Cleanup
[2019-12-09T04:27:51.224+0000][1][safepoint    ] Leaving safepoint region
[2019-12-09T04:27:51.224+0000][1][safepoint    ] Total time for which application threads were stopped: 0.0001348 seconds, Stopping threads took: 0.0000279 seconds
[2019-12-09T04:27:52.224+0000][1][safepoint    ] Application time: 1.0000887 seconds
[2019-12-09T04:27:52.224+0000][1][safepoint    ] Entering safepoint region: Cleanup
[2019-12-09T04:27:52.225+0000][1][safepoint    ] Leaving safepoint region
[2019-12-09T04:27:52.225+0000][1][safepoint    ] Total time for which application threads were stopped: 0.0002020 seconds, Stopping threads took: 0.0000940 seconds
[2019-12-09T04:27:53.225+0000][1][safepoint    ] Application time: 1.0000848 seconds
[2019-12-09T04:27:53.225+0000][1][safepoint    ] Entering safepoint region: Cleanup
[2019-12-09T04:27:53.225+0000][1][safepoint    ] Leaving safepoint region
[2019-12-09T04:27:53.225+0000][1][safepoint    ] Total time for which application threads were stopped: 0.0001089 seconds, Stopping threads took: 0.0000204 seconds
[2019-12-09T04:27:54.225+0000][1][safepoint    ] Application time: 1.0000775 seconds
[2019-12-09T04:27:54.225+0000][1][safepoint    ] Entering safepoint region: Cleanup
[2019-12-09T04:27:54.225+0000][1][safepoint    ] Leaving safepoint region
[2019-12-09T04:27:54.225+0000][1][safepoint    ] Total time for which application threads were stopped: 0.0000967 seconds, Stopping threads took: 0.0000194 seconds
[2019-12-09T04:27:55.225+0000][1][safepoint    ] Application time: 1.0000791 seconds
[2019-12-09T04:27:55.225+0000][1][safepoint    ] Entering safepoint region: Cleanup
[2019-12-09T04:27:55.225+0000][1][safepoint    ] Leaving safepoint region
[2019-12-09T04:27:55.225+0000][1][safepoint    ] Total time for which application threads were stopped: 0.0000940 seconds, Stopping threads took: 0.0000182 seconds
[2019-12-09T04:27:56.225+0000][1][safepoint    ] Application time: 1.0000776 seconds
[2019-12-09T04:27:56.225+0000][1][safepoint    ] Entering safepoint region: Cleanup
[2019-12-09T04:27:56.225+0000][1][safepoint    ] Leaving safepoint region
[2019-12-09T04:27:56.225+0000][1][safepoint    ] Total time for which application threads were stopped: 0.0000956 seconds, Stopping threads took: 0.0000191 seconds
[2019-12-09T04:27:57.225+0000][1][safepoint    ] Application time: 1.0000769 seconds
[2019-12-09T04:27:57.226+0000][1][safepoint    ] Entering safepoint region: Cleanup
[2019-12-09T04:27:57.226+0000][1][safepoint    ] Leaving safepoint region
[2019-12-09T04:27:57.226+0000][1][safepoint    ] Total time for which application threads were stopped: 0.0000916 seconds, Stopping threads took: 0.0000176 seconds
[2019-12-09T04:27:58.226+0000][1][safepoint    ] Application time: 1.0004312 seconds
[2019-12-09T04:27:58.226+0000][1][safepoint    ] Entering safepoint region: Cleanup
[2019-12-09T04:27:58.226+0000][1][safepoint    ] Leaving safepoint region
[2019-12-09T04:27:58.226+0000][1][safepoint    ] Total time for which application threads were stopped: 0.0001341 seconds, Stopping threads took: 0.0000284 seconds
[2019-12-09T04:27:59.226+0000][1][safepoint    ] Application time: 1.0000790 seconds
[2019-12-09T04:27:59.226+0000][1][safepoint    ] Entering safepoint region: Cleanup
[2019-12-09T04:27:59.226+0000][1][safepoint    ] Leaving safepoint region
[2019-12-09T04:27:59.226+0000][1][safepoint    ] Total time for which application threads were stopped: 0.0000965 seconds, Stopping threads took: 0.0000194 seconds
[2019-12-09T04:28:00.227+0000][1][safepoint    ] Application time: 1.0000810 seconds
[2019-12-09T04:28:00.227+0000][1][safepoint    ] Entering safepoint region: Cleanup
[2019-12-09T04:28:00.227+0000][1][safepoint    ] Leaving safepoint region
[2019-12-09T04:28:00.227+0000][1][safepoint    ] Total time for which application threads were stopped: 0.0000950 seconds, Stopping threads took: 0.0000190 seconds
[2019-12-09T04:28:01.227+0000][1][safepoint    ] Application time: 1.0000877 seconds
[2019-12-09T04:28:01.227+0000][1][safepoint    ] Entering safepoint region: Cleanup
[2019-12-09T04:28:01.227+0000][1][safepoint    ] Leaving safepoint region
[2019-12-09T04:28:01.227+0000][1][safepoint    ] Total time for which application threads were stopped: 0.0000925 seconds, Stopping threads took: 0.0000178 seconds
[2019-12-09T04:28:02.227+0000][1][safepoint    ] Application time: 1.0000833 seconds
[2019-12-09T04:28:02.227+0000][1][safepoint    ] Entering safepoint region: Cleanup
[2019-12-09T04:28:02.227+0000][1][safepoint    ] Leaving safepoint region
[2019-12-09T04:28:02.227+0000][1][safepoint    ] Total time for which application threads were stopped: 0.0000988 seconds, Stopping threads took: 0.0000208 seconds
[2019-12-09T04:28:03.227+0000][1][safepoint    ] Application time: 1.0000803 seconds
[2019-12-09T04:28:03.227+0000][1][safepoint    ] Entering safepoint region: Cleanup
[2019-12-09T04:28:03.227+0000][1][safepoint    ] Leaving safepoint region
[2019-12-09T04:28:03.227+0000][1][safepoint    ] Total time for which application threads were stopped: 0.0000979 seconds, Stopping threads took: 0.0000208 seconds
[2019-12-09T04:28:04.227+0000][1][safepoint    ] Application time: 1.0000776 seconds
[2019-12-09T04:28:04.227+0000][1][safepoint    ] Entering safepoint region: Cleanup
[2019-12-09T04:28:04.228+0000][1][safepoint    ] Leaving safepoint region
[2019-12-09T04:28:04.228+0000][1][safepoint    ] Total time for which application threads were stopped: 0.0000950 seconds, Stopping threads took: 0.0000192 seconds
[2019-12-09T04:28:05.228+0000][1][safepoint    ] Application time: 1.0000778 seconds
[2019-12-09T04:28:05.228+0000][1][safepoint    ] Entering safepoint region: Cleanup
[2019-12-09T04:28:05.228+0000][1][safepoint    ] Leaving safepoint region
[2019-12-09T04:28:05.228+0000][1][safepoint    ] Total time for which application threads were stopped: 0.0001005 seconds, Stopping threads took: 0.0000175 seconds
[2019-12-09T04:28:06.228+0000][1][safepoint    ] Application time: 1.0000768 seconds
[2019-12-09T04:28:06.228+0000][1][safepoint    ] Entering safepoint region: Cleanup
[2019-12-09T04:28:06.228+0000][1][safepoint    ] Leaving safepoint region
[2019-12-09T04:28:06.228+0000][1][safepoint    ] Total time for which application threads were stopped: 0.0000984 seconds, Stopping threads took: 0.0000198 seconds
[2019-12-09T04:28:07.228+0000][1][safepoint    ] Application time: 1.0000782 seconds
[2019-12-09T04:28:07.228+0000][1][safepoint    ] Entering safepoint region: Cleanup
[2019-12-09T04:28:07.228+0000][1][safepoint    ] Leaving safepoint region
[2019-12-09T04:28:07.228+0000][1][safepoint    ] Total time for which application threads were stopped: 0.0000917 seconds, Stopping threads took: 0.0000177 seconds
[2019-12-09T04:28:08.228+0000][1][safepoint    ] Application time: 1.0000779 seconds
[2019-12-09T04:28:08.228+0000][1][safepoint    ] Entering safepoint region: Cleanup
[2019-12-09T04:28:08.228+0000][1][safepoint    ] Leaving safepoint region
[2019-12-09T04:28:08.228+0000][1][safepoint    ] Total time for which application threads were stopped: 0.0001047 seconds, Stopping threads took: 0.0000192 seconds
[2019-12-09T04:28:09.228+0000][1][safepoint    ] Application time: 1.0000774 seconds
[2019-12-09T04:28:09.229+0000][1][safepoint    ] Entering safepoint region: Cleanup
[2019-12-09T04:28:09.229+0000][1][safepoint    ] Leaving safepoint region
[2019-12-09T04:28:09.229+0000][1][safepoint    ] Total time for which application threads were stopped: 0.0000914 seconds, Stopping threads took: 0.0000184 seconds
[2019-12-09T04:28:10.229+0000][1][safepoint    ] Application time: 1.0000780 seconds
[2019-12-09T04:28:10.229+0000][1][safepoint    ] Entering safepoint region: Cleanup
[2019-12-09T04:28:10.229+0000][1][safepoint    ] Leaving safepoint region
[2019-12-09T04:28:10.229+0000][1][safepoint    ] Total time for which application threads were stopped: 0.0000953 seconds, Stopping threads took: 0.0000196 seconds
[2019-12-09T04:28:11.229+0000][1][safepoint    ] Application time: 1.0000751 seconds
[2019-12-09T04:28:11.229+0000][1][safepoint    ] Entering safepoint region: Cleanup
[2019-12-09T04:28:11.229+0000][1][safepoint    ] Leaving safepoint region
[2019-12-09T04:28:11.229+0000][1][safepoint    ] Total time for which application threads were stopped: 0.0000956 seconds, Stopping threads took: 0.0000190 seconds
[2019-12-09T04:28:12.229+0000][1][safepoint    ] Application time: 1.0000766 seconds
[2019-12-09T04:28:12.229+0000][1][safepoint    ] Entering safepoint region: Cleanup
[2019-12-09T04:28:12.229+0000][1][safepoint    ] Leaving safepoint region
[2019-12-09T04:28:12.229+0000][1][safepoint    ] Total time for which application threads were stopped: 0.0001020 seconds, Stopping threads took: 0.0000191 seconds
[2019-12-09T04:28:13.229+0000][1][safepoint    ] Application time: 1.0000787 seconds
[2019-12-09T04:28:13.229+0000][1][safepoint    ] Entering safepoint region: Cleanup
[2019-12-09T04:28:13.229+0000][1][safepoint    ] Leaving safepoint region
[2019-12-09T04:28:13.229+0000][1][safepoint    ] Total time for which application threads were stopped: 0.0000900 seconds, Stopping threads took: 0.0000172 seconds
[2019-12-09T04:28:14.230+0000][1][safepoint    ] Application time: 1.0000764 seconds
[2019-12-09T04:28:14.230+0000][1][safepoint    ] Entering safepoint region: Cleanup
[2019-12-09T04:28:14.230+0000][1][safepoint    ] Leaving safepoint region
[2019-12-09T04:28:14.230+0000][1][safepoint    ] Total time for which application threads were stopped: 0.0000890 seconds, Stopping threads took: 0.0000171 seconds
[2019-12-09T04:28:15.230+0000][1][safepoint    ] Application time: 1.0000839 seconds
[2019-12-09T04:28:15.230+0000][1][safepoint    ] Entering safepoint region: Cleanup
[2019-12-09T04:28:15.230+0000][1][safepoint    ] Leaving safepoint region
[2019-12-09T04:28:15.230+0000][1][safepoint    ] Total time for which application threads were stopped: 0.0000893 seconds, Stopping threads took: 0.0000174 seconds
[2019-12-09T04:28:16.230+0000][1][safepoint    ] Application time: 1.0000776 seconds
[2019-12-09T04:28:16.230+0000][1][safepoint    ] Entering safepoint region: Cleanup
[2019-12-09T04:28:16.230+0000][1][safepoint    ] Leaving safepoint region
[2019-12-09T04:28:16.230+0000][1][safepoint    ] Total time for which application threads were stopped: 0.0001021 seconds, Stopping threads took: 0.0000282 seconds
[2019-12-09T04:28:17.230+0000][1][safepoint    ] Application time: 1.0000763 seconds
[2019-12-09T04:28:17.230+0000][1][safepoint    ] Entering safepoint region: Cleanup
[2019-12-09T04:28:17.230+0000][1][safepoint    ] Leaving safepoint region
[2019-12-09T04:28:17.230+0000][1][safepoint    ] Total time for which application threads were stopped: 0.0000911 seconds, Stopping threads took: 0.0000177 seconds
[2019-12-09T04:28:18.230+0000][1][safepoint    ] Application time: 1.0000749 seconds
[2019-12-09T04:28:18.230+0000][1][safepoint    ] Entering safepoint region: Cleanup
[2019-12-09T04:28:18.230+0000][1][safepoint    ] Leaving safepoint region
[2019-12-09T04:28:18.230+0000][1][safepoint    ] Total time for which application threads were stopped: 0.0000912 seconds, Stopping threads took: 0.0000177 seconds
[2019-12-09T04:28:19.231+0000][1][safepoint    ] Application time: 1.0000772 seconds
[2019-12-09T04:28:19.231+0000][1][safepoint    ] Entering safepoint region: Cleanup
[2019-12-09T04:28:19.231+0000][1][safepoint    ] Leaving safepoint region
[2019-12-09T04:28:19.231+0000][1][safepoint    ] Total time for which application threads were stopped: 0.0001136 seconds, Stopping threads took: 0.0000251 seconds
[2019-12-09T04:28:20.231+0000][1][safepoint    ] Application time: 1.0000748 seconds
[2019-12-09T04:28:20.231+0000][1][safepoint    ] Entering safepoint region: Cleanup
[2019-12-09T04:28:20.231+0000][1][safepoint    ] Leaving safepoint region
[2019-12-09T04:28:20.231+0000][1][safepoint    ] Total time for which application threads were stopped: 0.0000893 seconds, Stopping threads took: 0.0000172 seconds
[2019-12-09T04:28:21.231+0000][1][safepoint    ] Application time: 1.0000768 seconds
[2019-12-09T04:28:21.231+0000][1][safepoint    ] Entering safepoint region: Cleanup
[2019-12-09T04:28:21.231+0000][1][safepoint    ] Leaving safepoint region
[2019-12-09T04:28:21.231+0000][1][safepoint    ] Total time for which application threads were stopped: 0.0000866 seconds, Stopping threads took: 0.0000161 seconds
[2019-12-09T04:28:22.231+0000][1][safepoint    ] Application time: 1.0000757 seconds
[2019-12-09T04:28:22.231+0000][1][safepoint    ] Entering safepoint region: Cleanup
[2019-12-09T04:28:22.231+0000][1][safepoint    ] Leaving safepoint region
[2019-12-09T04:28:22.231+0000][1][safepoint    ] Total time for which application threads were stopped: 0.0000941 seconds, Stopping threads took: 0.0000181 seconds
[2019-12-09T04:28:23.231+0000][1][safepoint    ] Application time: 1.0000746 seconds
[2019-12-09T04:28:23.231+0000][1][safepoint    ] Entering safepoint region: Cleanup
[2019-12-09T04:28:23.231+0000][1][safepoint    ] Leaving safepoint region
[2019-12-09T04:28:23.231+0000][1][safepoint    ] Total time for which application threads were stopped: 0.0000909 seconds, Stopping threads took: 0.0000198 seconds
[2019-12-09T04:28:24.232+0000][1][safepoint    ] Application time: 1.0000745 seconds
[2019-12-09T04:28:24.232+0000][1][safepoint    ] Entering safepoint region: Cleanup
[2019-12-09T04:28:24.232+0000][1][safepoint    ] Leaving safepoint region
[2019-12-09T04:28:24.232+0000][1][safepoint    ] Total time for which application threads were stopped: 0.0001013 seconds, Stopping threads took: 0.0000186 seconds
[2019-12-09T04:28:25.232+0000][1][safepoint    ] Application time: 1.0000761 seconds
[2019-12-09T04:28:25.232+0000][1][safepoint    ] Entering safepoint region: Cleanup
[2019-12-09T04:28:25.232+0000][1][safepoint    ] Leaving safepoint region
[2019-12-09T04:28:25.232+0000][1][safepoint    ] Total time for which application threads were stopped: 0.0000946 seconds, Stopping threads took: 0.0000194 seconds
[2019-12-09T04:28:26.232+0000][1][safepoint    ] Application time: 1.0000756 seconds
[2019-12-09T04:28:26.232+0000][1][safepoint    ] Entering safepoint region: Cleanup
[2019-12-09T04:28:26.232+0000][1][safepoint    ] Leaving safepoint region
[2019-12-09T04:28:26.232+0000][1][safepoint    ] Total time for which application threads were stopped: 0.0000971 seconds, Stopping threads took: 0.0000245 seconds
[2019-12-09T04:28:27.232+0000][1][safepoint    ] Application time: 1.0000807 seconds
[2019-12-09T04:28:27.232+0000][1][safepoint    ] Entering safepoint region: Cleanup
[2019-12-09T04:28:27.232+0000][1][safepoint    ] Leaving safepoint region
[2019-12-09T04:28:27.232+0000][1][safepoint    ] Total time for which application threads were stopped: 0.0000912 seconds, Stopping threads took: 0.0000186 seconds
[2019-12-09T04:28:28.232+0000][1][safepoint    ] Application time: 1.0000765 seconds
[2019-12-09T04:28:28.232+0000][1][safepoint    ] Entering safepoint region: Cleanup
[2019-12-09T04:28:28.233+0000][1][safepoint    ] Leaving safepoint region
[2019-12-09T04:28:28.233+0000][1][safepoint    ] Total time for which application threads were stopped: 0.0000929 seconds, Stopping threads took: 0.0000186 seconds
[2019-12-09T04:28:29.233+0000][1][safepoint    ] Application time: 1.0000761 seconds
[2019-12-09T04:28:29.233+0000][1][safepoint    ] Entering safepoint region: Cleanup
[2019-12-09T04:28:29.233+0000][1][safepoint    ] Leaving safepoint region
[2019-12-09T04:28:29.233+0000][1][safepoint    ] Total time for which application threads were stopped: 0.0000973 seconds, Stopping threads took: 0.0000173 seconds
[2019-12-09T04:28:30.896+0000][1][safepoint    ] Application time: 1.6635849 seconds
[2019-12-09T04:28:30.896+0000][1][safepoint    ] Entering safepoint region: Cleanup
[2019-12-09T04:28:30.896+0000][1][safepoint    ] Leaving safepoint region
[2019-12-09T04:28:30.896+0000][1][safepoint    ] Total time for which application threads were stopped: 0.0000992 seconds, Stopping threads took: 0.0000197 seconds
[2019-12-09T04:28:31.714+0000][1][safepoint    ] Application time: 0.8176942 seconds
[2019-12-09T04:28:31.714+0000][1][safepoint    ] Entering safepoint region: GenCollectForAllocation
[2019-12-09T04:28:31.714+0000][1][gc,start     ] GC(49) Pause Young (Allocation Failure)
[2019-12-09T04:28:31.714+0000][1][gc,task      ] GC(49) Using 2 workers of 2 for evacuation
[2019-12-09T04:28:31.716+0000][1][gc,age       ] GC(49) Desired survivor size 4456448 bytes, new threshold 6 (max threshold 6)
[2019-12-09T04:28:31.716+0000][1][gc,age       ] GC(49) Age table with threshold 6 (max threshold 6)
[2019-12-09T04:28:31.716+0000][1][gc,age       ] GC(49) - age   1:      10928 bytes,      10928 total
[2019-12-09T04:28:31.716+0000][1][gc,age       ] GC(49) - age   2:        272 bytes,      11200 total
[2019-12-09T04:28:31.716+0000][1][gc,age       ] GC(49) - age   3:       2576 bytes,      13776 total
[2019-12-09T04:28:31.716+0000][1][gc,age       ] GC(49) - age   4:       4352 bytes,      18128 total
[2019-12-09T04:28:31.716+0000][1][gc,age       ] GC(49) - age   5:      26136 bytes,      44264 total
[2019-12-09T04:28:31.716+0000][1][gc,age       ] GC(49) - age   6:         72 bytes,      44336 total
[2019-12-09T04:28:31.716+0000][1][gc,heap      ] GC(49) ParNew: 70016K->63K(78656K)
[2019-12-09T04:28:31.716+0000][1][gc,heap      ] GC(49) CMS: 75880K->75882K(174784K)
[2019-12-09T04:28:31.716+0000][1][gc,metaspace ] GC(49) Metaspace: 79923K->79923K(1122304K)
[2019-12-09T04:28:31.716+0000][1][gc           ] GC(49) Pause Young (Allocation Failure) 142M->74M(247M) 1.843ms
[2019-12-09T04:28:31.716+0000][1][gc,cpu       ] GC(49) User=0.00s Sys=0.00s Real=0.01s
[2019-12-09T04:28:31.716+0000][1][safepoint    ] Leaving safepoint region
[2019-12-09T04:28:31.716+0000][1][safepoint    ] Total time for which application threads were stopped: 0.0020224 seconds, Stopping threads took: 0.0000170 seconds
[2019-12-09T04:28:32.716+0000][1][safepoint    ] Application time: 1.0000880 seconds
[2019-12-09T04:28:32.716+0000][1][safepoint    ] Entering safepoint region: Cleanup
[2019-12-09T04:28:32.716+0000][1][safepoint    ] Leaving safepoint region
[2019-12-09T04:28:32.716+0000][1][safepoint    ] Total time for which application threads were stopped: 0.0000954 seconds, Stopping threads took: 0.0000197 seconds
[2019-12-09T04:28:33.717+0000][1][safepoint    ] Application time: 1.0000772 seconds
[2019-12-09T04:28:33.717+0000][1][safepoint    ] Entering safepoint region: Cleanup
[2019-12-09T04:28:33.717+0000][1][safepoint    ] Leaving safepoint region
[2019-12-09T04:28:33.717+0000][1][safepoint    ] Total time for which application threads were stopped: 0.0000950 seconds, Stopping threads took: 0.0000201 seconds
[2019-12-09T04:28:34.717+0000][1][safepoint    ] Application time: 1.0000756 seconds
[2019-12-09T04:28:34.717+0000][1][safepoint    ] Entering safepoint region: Cleanup
[2019-12-09T04:28:34.717+0000][1][safepoint    ] Leaving safepoint region
[2019-12-09T04:28:34.717+0000][1][safepoint    ] Total time for which application threads were stopped: 0.0000982 seconds, Stopping threads took: 0.0000196 seconds
[2019-12-09T04:28:35.717+0000][1][safepoint    ] Application time: 1.0000763 seconds
[2019-12-09T04:28:35.717+0000][1][safepoint    ] Entering safepoint region: Cleanup
[2019-12-09T04:28:35.717+0000][1][safepoint    ] Leaving safepoint region
[2019-12-09T04:28:35.717+0000][1][safepoint    ] Total time for which application threads were stopped: 0.0000946 seconds, Stopping threads took: 0.0000180 seconds
[2019-12-09T04:28:36.717+0000][1][safepoint    ] Application time: 1.0000862 seconds
[2019-12-09T04:28:36.717+0000][1][safepoint    ] Entering safepoint region: Cleanup
[2019-12-09T04:28:36.717+0000][1][safepoint    ] Leaving safepoint region
[2019-12-09T04:28:36.717+0000][1][safepoint    ] Total time for which application threads were stopped: 0.0001348 seconds, Stopping threads took: 0.0000503 seconds
[2019-12-09T04:28:37.717+0000][1][safepoint    ] Application time: 1.0000815 seconds
[2019-12-09T04:28:37.717+0000][1][safepoint    ] Entering safepoint region: Cleanup
[2019-12-09T04:28:37.718+0000][1][safepoint    ] Leaving safepoint region
[2019-12-09T04:28:37.718+0000][1][safepoint    ] Total time for which application threads were stopped: 0.0000956 seconds, Stopping threads took: 0.0000191 seconds
[2019-12-09T04:28:38.718+0000][1][safepoint    ] Application time: 1.0000761 seconds
[2019-12-09T04:28:38.718+0000][1][safepoint    ] Entering safepoint region: Cleanup
[2019-12-09T04:28:38.718+0000][1][safepoint    ] Leaving safepoint region
[2019-12-09T04:28:38.718+0000][1][safepoint    ] Total time for which application threads were stopped: 0.0001014 seconds, Stopping threads took: 0.0000204 seconds
[2019-12-09T04:28:39.718+0000][1][safepoint    ] Application time: 1.0000763 seconds
[2019-12-09T04:28:39.718+0000][1][safepoint    ] Entering safepoint region: Cleanup
[2019-12-09T04:28:39.718+0000][1][safepoint    ] Leaving safepoint region
[2019-12-09T04:28:39.718+0000][1][safepoint    ] Total time for which application threads were stopped: 0.0001002 seconds, Stopping threads took: 0.0000199 seconds
[2019-12-09T04:28:40.718+0000][1][safepoint    ] Application time: 1.0000748 seconds
[2019-12-09T04:28:40.718+0000][1][safepoint    ] Entering safepoint region: Cleanup
[2019-12-09T04:28:40.718+0000][1][safepoint    ] Leaving safepoint region
[2019-12-09T04:28:40.718+0000][1][safepoint    ] Total time for which application threads were stopped: 0.0000934 seconds, Stopping threads took: 0.0000196 seconds
[2019-12-09T04:28:41.718+0000][1][safepoint    ] Application time: 1.0000764 seconds
[2019-12-09T04:28:41.718+0000][1][safepoint    ] Entering safepoint region: Cleanup
[2019-12-09T04:28:41.718+0000][1][safepoint    ] Leaving safepoint region
[2019-12-09T04:28:41.718+0000][1][safepoint    ] Total time for which application threads were stopped: 0.0000964 seconds, Stopping threads took: 0.0000194 seconds
[2019-12-09T04:28:42.719+0000][1][safepoint    ] Application time: 1.0000761 seconds
[2019-12-09T04:28:42.719+0000][1][safepoint    ] Entering safepoint region: Cleanup
[2019-12-09T04:28:42.719+0000][1][safepoint    ] Leaving safepoint region
[2019-12-09T04:28:42.719+0000][1][safepoint    ] Total time for which application threads were stopped: 0.0000970 seconds, Stopping threads took: 0.0000200 seconds
[2019-12-09T04:28:43.719+0000][1][safepoint    ] Application time: 1.0000635 seconds
[2019-12-09T04:28:43.719+0000][1][safepoint    ] Entering safepoint region: Cleanup
[2019-12-09T04:28:43.719+0000][1][safepoint    ] Leaving safepoint region
[2019-12-09T04:28:43.719+0000][1][safepoint    ] Total time for which application threads were stopped: 0.0000927 seconds, Stopping threads took: 0.0000189 seconds
[2019-12-09T04:28:44.719+0000][1][safepoint    ] Application time: 1.0000764 seconds
[2019-12-09T04:28:44.719+0000][1][safepoint    ] Entering safepoint region: Cleanup
[2019-12-09T04:28:44.719+0000][1][safepoint    ] Leaving safepoint region
[2019-12-09T04:28:44.719+0000][1][safepoint    ] Total time for which application threads were stopped: 0.0000948 seconds, Stopping threads took: 0.0000183 seconds
[2019-12-09T04:28:45.719+0000][1][safepoint    ] Application time: 1.0000766 seconds
[2019-12-09T04:28:45.719+0000][1][safepoint    ] Entering safepoint region: Cleanup
[2019-12-09T04:28:45.719+0000][1][safepoint    ] Leaving safepoint region
[2019-12-09T04:28:45.719+0000][1][safepoint    ] Total time for which application threads were stopped: 0.0000933 seconds, Stopping threads took: 0.0000188 seconds
[2019-12-09T04:28:46.719+0000][1][safepoint    ] Application time: 1.0000770 seconds
[2019-12-09T04:28:46.719+0000][1][safepoint    ] Entering safepoint region: Cleanup
[2019-12-09T04:28:46.719+0000][1][safepoint    ] Leaving safepoint region
[2019-12-09T04:28:46.719+0000][1][safepoint    ] Total time for which application threads were stopped: 0.0000951 seconds, Stopping threads took: 0.0000185 seconds
[2019-12-09T04:28:47.720+0000][1][safepoint    ] Application time: 1.0000757 seconds
[2019-12-09T04:28:47.720+0000][1][safepoint    ] Entering safepoint region: Cleanup
[2019-12-09T04:28:47.720+0000][1][safepoint    ] Leaving safepoint region
[2019-12-09T04:28:47.720+0000][1][safepoint    ] Total time for which application threads were stopped: 0.0001033 seconds, Stopping threads took: 0.0000184 seconds
[2019-12-09T04:28:48.720+0000][1][safepoint    ] Application time: 1.0000756 seconds
[2019-12-09T04:28:48.720+0000][1][safepoint    ] Entering safepoint region: Cleanup
[2019-12-09T04:28:48.720+0000][1][safepoint    ] Leaving safepoint region
[2019-12-09T04:28:48.720+0000][1][safepoint    ] Total time for which application threads were stopped: 0.0001025 seconds, Stopping threads took: 0.0000268 seconds
[2019-12-09T04:28:49.720+0000][1][safepoint    ] Application time: 1.0000769 seconds
[2019-12-09T04:28:49.720+0000][1][safepoint    ] Entering safepoint region: Cleanup
[2019-12-09T04:28:49.720+0000][1][safepoint    ] Leaving safepoint region
[2019-12-09T04:28:49.720+0000][1][safepoint    ] Total time for which application threads were stopped: 0.0000939 seconds, Stopping threads took: 0.0000173 seconds
[2019-12-09T04:28:50.720+0000][1][safepoint    ] Application time: 1.0000746 seconds
[2019-12-09T04:28:50.720+0000][1][safepoint    ] Entering safepoint region: Cleanup
[2019-12-09T04:28:50.720+0000][1][safepoint    ] Leaving safepoint region
[2019-12-09T04:28:50.720+0000][1][safepoint    ] Total time for which application threads were stopped: 0.0000953 seconds, Stopping threads took: 0.0000191 seconds
[2019-12-09T04:28:51.720+0000][1][safepoint    ] Application time: 1.0000756 seconds
[2019-12-09T04:28:51.720+0000][1][safepoint    ] Entering safepoint region: Cleanup
[2019-12-09T04:28:51.721+0000][1][safepoint    ] Leaving safepoint region
[2019-12-09T04:28:51.721+0000][1][safepoint    ] Total time for which application threads were stopped: 0.0000929 seconds, Stopping threads took: 0.0000189 seconds
[2019-12-09T04:28:52.721+0000][1][safepoint    ] Application time: 1.0000744 seconds
[2019-12-09T04:28:52.721+0000][1][safepoint    ] Entering safepoint region: Cleanup
[2019-12-09T04:28:52.721+0000][1][safepoint    ] Leaving safepoint region
[2019-12-09T04:28:52.721+0000][1][safepoint    ] Total time for which application threads were stopped: 0.0001074 seconds, Stopping threads took: 0.0000192 seconds
[2019-12-09T04:28:53.721+0000][1][safepoint    ] Application time: 1.0000738 seconds
[2019-12-09T04:28:53.721+0000][1][safepoint    ] Entering safepoint region: Cleanup
[2019-12-09T04:28:53.721+0000][1][safepoint    ] Leaving safepoint region
[2019-12-09T04:28:53.721+0000][1][safepoint    ] Total time for which application threads were stopped: 0.0001086 seconds, Stopping threads took: 0.0000193 seconds
[2019-12-09T04:28:54.721+0000][1][safepoint    ] Application time: 1.0000778 seconds
[2019-12-09T04:28:54.721+0000][1][safepoint    ] Entering safepoint region: Cleanup
[2019-12-09T04:28:54.721+0000][1][safepoint    ] Leaving safepoint region
[2019-12-09T04:28:54.721+0000][1][safepoint    ] Total time for which application threads were stopped: 0.0000933 seconds, Stopping threads took: 0.0000184 seconds
[2019-12-09T04:28:55.721+0000][1][safepoint    ] Application time: 1.0000757 seconds
[2019-12-09T04:28:55.721+0000][1][safepoint    ] Entering safepoint region: Cleanup
[2019-12-09T04:28:55.721+0000][1][safepoint    ] Leaving safepoint region
[2019-12-09T04:28:55.721+0000][1][safepoint    ] Total time for which application threads were stopped: 0.0000959 seconds, Stopping threads took: 0.0000177 seconds
[2019-12-09T04:28:56.721+0000][1][safepoint    ] Application time: 1.0000767 seconds
[2019-12-09T04:28:56.721+0000][1][safepoint    ] Entering safepoint region: Cleanup
[2019-12-09T04:28:56.722+0000][1][safepoint    ] Leaving safepoint region
[2019-12-09T04:28:56.722+0000][1][safepoint    ] Total time for which application threads were stopped: 0.0000908 seconds, Stopping threads took: 0.0000190 seconds
[2019-12-09T04:28:57.722+0000][1][safepoint    ] Application time: 1.0000750 seconds
[2019-12-09T04:28:57.722+0000][1][safepoint    ] Entering safepoint region: Cleanup
[2019-12-09T04:28:57.722+0000][1][safepoint    ] Leaving safepoint region
[2019-12-09T04:28:57.722+0000][1][safepoint    ] Total time for which application threads were stopped: 0.0001088 seconds, Stopping threads took: 0.0000314 seconds
[2019-12-09T04:28:58.722+0000][1][safepoint    ] Application time: 1.0000745 seconds
[2019-12-09T04:28:58.722+0000][1][safepoint    ] Entering safepoint region: Cleanup
[2019-12-09T04:28:58.722+0000][1][safepoint    ] Leaving safepoint region
[2019-12-09T04:28:58.722+0000][1][safepoint    ] Total time for which application threads were stopped: 0.0000957 seconds, Stopping threads took: 0.0000195 seconds
[2019-12-09T04:28:59.722+0000][1][safepoint    ] Application time: 1.0000731 seconds
[2019-12-09T04:28:59.722+0000][1][safepoint    ] Entering safepoint region: Cleanup
[2019-12-09T04:28:59.722+0000][1][safepoint    ] Leaving safepoint region
[2019-12-09T04:28:59.722+0000][1][safepoint    ] Total time for which application threads were stopped: 0.0000929 seconds, Stopping threads took: 0.0000177 seconds
[2019-12-09T04:29:00.722+0000][1][safepoint    ] Application time: 1.0000767 seconds
[2019-12-09T04:29:00.722+0000][1][safepoint    ] Entering safepoint region: Cleanup
[2019-12-09T04:29:00.722+0000][1][safepoint    ] Leaving safepoint region
[2019-12-09T04:29:00.722+0000][1][safepoint    ] Total time for which application threads were stopped: 0.0001321 seconds, Stopping threads took: 0.0000249 seconds
[2019-12-09T04:29:01.723+0000][1][safepoint    ] Application time: 1.0001364 seconds
[2019-12-09T04:29:01.723+0000][1][safepoint    ] Entering safepoint region: Cleanup
[2019-12-09T04:29:01.723+0000][1][safepoint    ] Leaving safepoint region
[2019-12-09T04:29:01.723+0000][1][safepoint    ] Total time for which application threads were stopped: 0.0001606 seconds, Stopping threads took: 0.0000277 seconds
[2019-12-09T04:29:02.723+0000][1][safepoint    ] Application time: 1.0000774 seconds
[2019-12-09T04:29:02.723+0000][1][safepoint    ] Entering safepoint region: Cleanup
[2019-12-09T04:29:02.723+0000][1][safepoint    ] Leaving safepoint region
[2019-12-09T04:29:02.723+0000][1][safepoint    ] Total time for which application threads were stopped: 0.0000986 seconds, Stopping threads took: 0.0000199 seconds
[2019-12-09T04:29:03.723+0000][1][safepoint    ] Application time: 1.0000765 seconds
[2019-12-09T04:29:03.723+0000][1][safepoint    ] Entering safepoint region: Cleanup
[2019-12-09T04:29:03.723+0000][1][safepoint    ] Leaving safepoint region
[2019-12-09T04:29:03.723+0000][1][safepoint    ] Total time for which application threads were stopped: 0.0000985 seconds, Stopping threads took: 0.0000192 seconds
[2019-12-09T04:29:04.723+0000][1][safepoint    ] Application time: 1.0000779 seconds
[2019-12-09T04:29:04.723+0000][1][safepoint    ] Entering safepoint region: Cleanup
[2019-12-09T04:29:04.723+0000][1][safepoint    ] Leaving safepoint region
[2019-12-09T04:29:04.723+0000][1][safepoint    ] Total time for which application threads were stopped: 0.0000979 seconds, Stopping threads took: 0.0000198 seconds
[2019-12-09T04:29:05.724+0000][1][safepoint    ] Application time: 1.0000744 seconds
[2019-12-09T04:29:05.724+0000][1][safepoint    ] Entering safepoint region: Cleanup
[2019-12-09T04:29:05.724+0000][1][safepoint    ] Leaving safepoint region
[2019-12-09T04:29:05.724+0000][1][safepoint    ] Total time for which application threads were stopped: 0.0000963 seconds, Stopping threads took: 0.0000187 seconds
[2019-12-09T04:29:06.724+0000][1][safepoint    ] Application time: 1.0000777 seconds
[2019-12-09T04:29:06.724+0000][1][safepoint    ] Entering safepoint region: Cleanup
[2019-12-09T04:29:06.724+0000][1][safepoint    ] Leaving safepoint region
[2019-12-09T04:29:06.724+0000][1][safepoint    ] Total time for which application threads were stopped: 0.0000962 seconds, Stopping threads took: 0.0000192 seconds
[2019-12-09T04:29:07.724+0000][1][safepoint    ] Application time: 1.0000766 seconds
[2019-12-09T04:29:07.724+0000][1][safepoint    ] Entering safepoint region: Cleanup
[2019-12-09T04:29:07.724+0000][1][safepoint    ] Leaving safepoint region
[2019-12-09T04:29:07.724+0000][1][safepoint    ] Total time for which application threads were stopped: 0.0000938 seconds, Stopping threads took: 0.0000181 seconds
[2019-12-09T04:29:08.724+0000][1][safepoint    ] Application time: 1.0000763 seconds
[2019-12-09T04:29:08.724+0000][1][safepoint    ] Entering safepoint region: Cleanup
[2019-12-09T04:29:08.724+0000][1][safepoint    ] Leaving safepoint region
[2019-12-09T04:29:08.724+0000][1][safepoint    ] Total time for which application threads were stopped: 0.0000956 seconds, Stopping threads took: 0.0000191 seconds
[2019-12-09T04:29:09.724+0000][1][safepoint    ] Application time: 1.0000802 seconds
[2019-12-09T04:29:09.724+0000][1][safepoint    ] Entering safepoint region: Cleanup
[2019-12-09T04:29:09.724+0000][1][safepoint    ] Leaving safepoint region
[2019-12-09T04:29:09.724+0000][1][safepoint    ] Total time for which application threads were stopped: 0.0000944 seconds, Stopping threads took: 0.0000189 seconds
[2019-12-09T04:29:10.725+0000][1][safepoint    ] Application time: 1.0000776 seconds
[2019-12-09T04:29:10.725+0000][1][safepoint    ] Entering safepoint region: Cleanup
[2019-12-09T04:29:10.725+0000][1][safepoint    ] Leaving safepoint region
[2019-12-09T04:29:10.725+0000][1][safepoint    ] Total time for which application threads were stopped: 0.0001052 seconds, Stopping threads took: 0.0000185 seconds
[2019-12-09T04:29:11.725+0000][1][safepoint    ] Application time: 1.0000755 seconds
[2019-12-09T04:29:11.725+0000][1][safepoint    ] Entering safepoint region: Cleanup
[2019-12-09T04:29:11.725+0000][1][safepoint    ] Leaving safepoint region
[2019-12-09T04:29:11.725+0000][1][safepoint    ] Total time for which application threads were stopped: 0.0000963 seconds, Stopping threads took: 0.0000189 seconds
[2019-12-09T04:29:12.725+0000][1][safepoint    ] Application time: 1.0000769 seconds
[2019-12-09T04:29:12.725+0000][1][safepoint    ] Entering safepoint region: Cleanup
[2019-12-09T04:29:12.725+0000][1][safepoint    ] Leaving safepoint region
[2019-12-09T04:29:12.725+0000][1][safepoint    ] Total time for which application threads were stopped: 0.0000943 seconds, Stopping threads took: 0.0000184 seconds
[2019-12-09T04:29:13.725+0000][1][safepoint    ] Application time: 1.0000787 seconds
[2019-12-09T04:29:13.725+0000][1][safepoint    ] Entering safepoint region: Cleanup
[2019-12-09T04:29:13.725+0000][1][safepoint    ] Leaving safepoint region
[2019-12-09T04:29:13.725+0000][1][safepoint    ] Total time for which application threads were stopped: 0.0001032 seconds, Stopping threads took: 0.0000244 seconds
[2019-12-09T04:29:14.725+0000][1][safepoint    ] Application time: 1.0000754 seconds
[2019-12-09T04:29:14.725+0000][1][safepoint    ] Entering safepoint region: Cleanup
[2019-12-09T04:29:14.726+0000][1][safepoint    ] Leaving safepoint region
[2019-12-09T04:29:14.726+0000][1][safepoint    ] Total time for which application threads were stopped: 0.0001025 seconds, Stopping threads took: 0.0000240 seconds
[2019-12-09T04:29:15.726+0000][1][safepoint    ] Application time: 1.0000781 seconds
[2019-12-09T04:29:15.726+0000][1][safepoint    ] Entering safepoint region: Cleanup
[2019-12-09T04:29:15.726+0000][1][safepoint    ] Leaving safepoint region
[2019-12-09T04:29:15.726+0000][1][safepoint    ] Total time for which application threads were stopped: 0.0001052 seconds, Stopping threads took: 0.0000194 seconds
[2019-12-09T04:29:16.726+0000][1][safepoint    ] Application time: 1.0000753 seconds
[2019-12-09T04:29:16.726+0000][1][safepoint    ] Entering safepoint region: Cleanup
[2019-12-09T04:29:16.726+0000][1][safepoint    ] Leaving safepoint region
[2019-12-09T04:29:16.726+0000][1][safepoint    ] Total time for which application threads were stopped: 0.0000941 seconds, Stopping threads took: 0.0000183 seconds
[2019-12-09T04:29:17.726+0000][1][safepoint    ] Application time: 1.0000762 seconds
[2019-12-09T04:29:17.726+0000][1][safepoint    ] Entering safepoint region: Cleanup
[2019-12-09T04:29:17.726+0000][1][safepoint    ] Leaving safepoint region
[2019-12-09T04:29:17.726+0000][1][safepoint    ] Total time for which application threads were stopped: 0.0000915 seconds, Stopping threads took: 0.0000181 seconds
[2019-12-09T04:29:18.726+0000][1][safepoint    ] Application time: 1.0000786 seconds
[2019-12-09T04:29:18.726+0000][1][safepoint    ] Entering safepoint region: Cleanup
[2019-12-09T04:29:18.726+0000][1][safepoint    ] Leaving safepoint region
[2019-12-09T04:29:18.726+0000][1][safepoint    ] Total time for which application threads were stopped: 0.0001009 seconds, Stopping threads took: 0.0000244 seconds
[2019-12-09T04:29:19.726+0000][1][safepoint    ] Application time: 1.0000776 seconds
[2019-12-09T04:29:19.727+0000][1][safepoint    ] Entering safepoint region: Cleanup
[2019-12-09T04:29:19.727+0000][1][safepoint    ] Leaving safepoint region
[2019-12-09T04:29:19.727+0000][1][safepoint    ] Total time for which application threads were stopped: 0.0000940 seconds, Stopping threads took: 0.0000182 seconds
[2019-12-09T04:29:20.727+0000][1][safepoint    ] Application time: 1.0000764 seconds
[2019-12-09T04:29:20.727+0000][1][safepoint    ] Entering safepoint region: Cleanup
[2019-12-09T04:29:20.727+0000][1][safepoint    ] Leaving safepoint region
[2019-12-09T04:29:20.727+0000][1][safepoint    ] Total time for which application threads were stopped: 0.0000946 seconds, Stopping threads took: 0.0000181 seconds
[2019-12-09T04:29:21.727+0000][1][safepoint    ] Application time: 1.0000792 seconds
[2019-12-09T04:29:21.727+0000][1][safepoint    ] Entering safepoint region: Cleanup
[2019-12-09T04:29:21.727+0000][1][safepoint    ] Leaving safepoint region
[2019-12-09T04:29:21.727+0000][1][safepoint    ] Total time for which application threads were stopped: 0.0000962 seconds, Stopping threads took: 0.0000192 seconds
[2019-12-09T04:29:22.727+0000][1][safepoint    ] Application time: 1.0000778 seconds
[2019-12-09T04:29:22.727+0000][1][safepoint    ] Entering safepoint region: Cleanup
[2019-12-09T04:29:22.727+0000][1][safepoint    ] Leaving safepoint region
[2019-12-09T04:29:22.727+0000][1][safepoint    ] Total time for which application threads were stopped: 0.0000969 seconds, Stopping threads took: 0.0000179 seconds
[2019-12-09T04:29:23.727+0000][1][safepoint    ] Application time: 1.0000767 seconds
[2019-12-09T04:29:23.727+0000][1][safepoint    ] Entering safepoint region: Cleanup
[2019-12-09T04:29:23.727+0000][1][safepoint    ] Leaving safepoint region
[2019-12-09T04:29:23.727+0000][1][safepoint    ] Total time for which application threads were stopped: 0.0000928 seconds, Stopping threads took: 0.0000189 seconds
[2019-12-09T04:29:24.728+0000][1][safepoint    ] Application time: 1.0000764 seconds
[2019-12-09T04:29:24.728+0000][1][safepoint    ] Entering safepoint region: Cleanup
[2019-12-09T04:29:24.728+0000][1][safepoint    ] Leaving safepoint region
[2019-12-09T04:29:24.728+0000][1][safepoint    ] Total time for which application threads were stopped: 0.0000925 seconds, Stopping threads took: 0.0000183 seconds
[2019-12-09T04:29:25.728+0000][1][safepoint    ] Application time: 1.0000783 seconds
[2019-12-09T04:29:25.728+0000][1][safepoint    ] Entering safepoint region: Cleanup
[2019-12-09T04:29:25.728+0000][1][safepoint    ] Leaving safepoint region
[2019-12-09T04:29:25.728+0000][1][safepoint    ] Total time for which application threads were stopped: 0.0000953 seconds, Stopping threads took: 0.0000180 seconds
[2019-12-09T04:29:26.728+0000][1][safepoint    ] Application time: 1.0000756 seconds
[2019-12-09T04:29:26.728+0000][1][safepoint    ] Entering safepoint region: Cleanup
[2019-12-09T04:29:26.728+0000][1][safepoint    ] Leaving safepoint region
[2019-12-09T04:29:26.728+0000][1][safepoint    ] Total time for which application threads were stopped: 0.0000969 seconds, Stopping threads took: 0.0000191 seconds
[2019-12-09T04:29:27.728+0000][1][safepoint    ] Application time: 1.0000808 seconds
[2019-12-09T04:29:27.728+0000][1][safepoint    ] Entering safepoint region: Cleanup
[2019-12-09T04:29:27.728+0000][1][safepoint    ] Leaving safepoint region
[2019-12-09T04:29:27.728+0000][1][safepoint    ] Total time for which application threads were stopped: 0.0000947 seconds, Stopping threads took: 0.0000184 seconds
[2019-12-09T04:29:28.728+0000][1][safepoint    ] Application time: 1.0000769 seconds
[2019-12-09T04:29:28.728+0000][1][safepoint    ] Entering safepoint region: Cleanup
[2019-12-09T04:29:28.728+0000][1][safepoint    ] Leaving safepoint region
[2019-12-09T04:29:28.728+0000][1][safepoint    ] Total time for which application threads were stopped: 0.0000935 seconds, Stopping threads took: 0.0000182 seconds
[2019-12-09T04:29:29.729+0000][1][safepoint    ] Application time: 1.0000765 seconds
[2019-12-09T04:29:29.729+0000][1][safepoint    ] Entering safepoint region: Cleanup
[2019-12-09T04:29:29.729+0000][1][safepoint    ] Leaving safepoint region
[2019-12-09T04:29:29.729+0000][1][safepoint    ] Total time for which application threads were stopped: 0.0001040 seconds, Stopping threads took: 0.0000180 seconds
[2019-12-09T04:29:31.202+0000][1][safepoint    ] Application time: 1.4729397 seconds
[2019-12-09T04:29:31.202+0000][1][safepoint    ] Entering safepoint region: Cleanup
[2019-12-09T04:29:31.202+0000][1][safepoint    ] Leaving safepoint region
[2019-12-09T04:29:31.202+0000][1][safepoint    ] Total time for which application threads were stopped: 0.0001066 seconds, Stopping threads took: 0.0000205 seconds
[2019-12-09T04:29:32.202+0000][1][safepoint    ] Application time: 1.0000768 seconds
[2019-12-09T04:29:32.202+0000][1][safepoint    ] Entering safepoint region: Cleanup
[2019-12-09T04:29:32.202+0000][1][safepoint    ] Leaving safepoint region
[2019-12-09T04:29:32.202+0000][1][safepoint    ] Total time for which application threads were stopped: 0.0000946 seconds, Stopping threads took: 0.0000183 seconds
[2019-12-09T04:29:33.202+0000][1][safepoint    ] Application time: 1.0000761 seconds
[2019-12-09T04:29:33.202+0000][1][safepoint    ] Entering safepoint region: Cleanup
[2019-12-09T04:29:33.202+0000][1][safepoint    ] Leaving safepoint region
[2019-12-09T04:29:33.202+0000][1][safepoint    ] Total time for which application threads were stopped: 0.0000897 seconds, Stopping threads took: 0.0000170 seconds
[2019-12-09T04:29:34.202+0000][1][safepoint    ] Application time: 1.0000777 seconds
[2019-12-09T04:29:34.202+0000][1][safepoint    ] Entering safepoint region: Cleanup
[2019-12-09T04:29:34.202+0000][1][safepoint    ] Leaving safepoint region
[2019-12-09T04:29:34.202+0000][1][safepoint    ] Total time for which application threads were stopped: 0.0000943 seconds, Stopping threads took: 0.0000188 seconds
[2019-12-09T04:29:35.203+0000][1][safepoint    ] Application time: 1.0000756 seconds
[2019-12-09T04:29:35.203+0000][1][safepoint    ] Entering safepoint region: Cleanup
[2019-12-09T04:29:35.203+0000][1][safepoint    ] Leaving safepoint region
[2019-12-09T04:29:35.203+0000][1][safepoint    ] Total time for which application threads were stopped: 0.0000971 seconds, Stopping threads took: 0.0000200 seconds
[2019-12-09T04:29:36.203+0000][1][safepoint    ] Application time: 1.0000873 seconds
[2019-12-09T04:29:36.203+0000][1][safepoint    ] Entering safepoint region: Cleanup
[2019-12-09T04:29:36.203+0000][1][safepoint    ] Leaving safepoint region
[2019-12-09T04:29:36.203+0000][1][safepoint    ] Total time for which application threads were stopped: 0.0000976 seconds, Stopping threads took: 0.0000189 seconds
[2019-12-09T04:29:37.203+0000][1][safepoint    ] Application time: 1.0000764 seconds
[2019-12-09T04:29:37.203+0000][1][safepoint    ] Entering safepoint region: Cleanup
[2019-12-09T04:29:37.203+0000][1][safepoint    ] Leaving safepoint region
[2019-12-09T04:29:37.203+0000][1][safepoint    ] Total time for which application threads were stopped: 0.0000923 seconds, Stopping threads took: 0.0000183 seconds
[2019-12-09T04:29:38.203+0000][1][safepoint    ] Application time: 1.0000751 seconds
[2019-12-09T04:29:38.203+0000][1][safepoint    ] Entering safepoint region: Cleanup
[2019-12-09T04:29:38.203+0000][1][safepoint    ] Leaving safepoint region
[2019-12-09T04:29:38.203+0000][1][safepoint    ] Total time for which application threads were stopped: 0.0001103 seconds, Stopping threads took: 0.0000174 seconds
[2019-12-09T04:29:39.203+0000][1][safepoint    ] Application time: 1.0000757 seconds
[2019-12-09T04:29:39.203+0000][1][safepoint    ] Entering safepoint region: Cleanup
[2019-12-09T04:29:39.204+0000][1][safepoint    ] Leaving safepoint region
[2019-12-09T04:29:39.204+0000][1][safepoint    ] Total time for which application threads were stopped: 0.0000952 seconds, Stopping threads took: 0.0000188 seconds
[2019-12-09T04:29:40.204+0000][1][safepoint    ] Application time: 1.0000768 seconds
[2019-12-09T04:29:40.204+0000][1][safepoint    ] Entering safepoint region: Cleanup
[2019-12-09T04:29:40.204+0000][1][safepoint    ] Leaving safepoint region
[2019-12-09T04:29:40.204+0000][1][safepoint    ] Total time for which application threads were stopped: 0.0001078 seconds, Stopping threads took: 0.0000297 seconds
[2019-12-09T04:29:41.204+0000][1][safepoint    ] Application time: 1.0000759 seconds
[2019-12-09T04:29:41.204+0000][1][safepoint    ] Entering safepoint region: Cleanup
[2019-12-09T04:29:41.204+0000][1][safepoint    ] Leaving safepoint region
[2019-12-09T04:29:41.204+0000][1][safepoint    ] Total time for which application threads were stopped: 0.0000983 seconds, Stopping threads took: 0.0000182 seconds
[2019-12-09T04:29:42.204+0000][1][safepoint    ] Application time: 1.0000767 seconds
[2019-12-09T04:29:42.204+0000][1][safepoint    ] Entering safepoint region: Cleanup
[2019-12-09T04:29:42.204+0000][1][safepoint    ] Leaving safepoint region
[2019-12-09T04:29:42.204+0000][1][safepoint    ] Total time for which application threads were stopped: 0.0000983 seconds, Stopping threads took: 0.0000185 seconds
[2019-12-09T04:29:43.204+0000][1][safepoint    ] Application time: 1.0000760 seconds
[2019-12-09T04:29:43.204+0000][1][safepoint    ] Entering safepoint region: Cleanup
[2019-12-09T04:29:43.204+0000][1][safepoint    ] Leaving safepoint region
[2019-12-09T04:29:43.204+0000][1][safepoint    ] Total time for which application threads were stopped: 0.0000934 seconds, Stopping threads took: 0.0000175 seconds
[2019-12-09T04:29:44.205+0000][1][safepoint    ] Application time: 1.0000773 seconds
[2019-12-09T04:29:44.205+0000][1][safepoint    ] Entering safepoint region: Cleanup
[2019-12-09T04:29:44.205+0000][1][safepoint    ] Leaving safepoint region
[2019-12-09T04:29:44.205+0000][1][safepoint    ] Total time for which application threads were stopped: 0.0000945 seconds, Stopping threads took: 0.0000192 seconds
[2019-12-09T04:29:45.205+0000][1][safepoint    ] Application time: 1.0000749 seconds
[2019-12-09T04:29:45.205+0000][1][safepoint    ] Entering safepoint region: Cleanup
[2019-12-09T04:29:45.205+0000][1][safepoint    ] Leaving safepoint region
[2019-12-09T04:29:45.205+0000][1][safepoint    ] Total time for which application threads were stopped: 0.0000981 seconds, Stopping threads took: 0.0000188 seconds
[2019-12-09T04:29:46.205+0000][1][safepoint    ] Application time: 1.0000757 seconds
[2019-12-09T04:29:46.205+0000][1][safepoint    ] Entering safepoint region: Cleanup
[2019-12-09T04:29:46.205+0000][1][safepoint    ] Leaving safepoint region
[2019-12-09T04:29:46.205+0000][1][safepoint    ] Total time for which application threads were stopped: 0.0000991 seconds, Stopping threads took: 0.0000201 seconds
[2019-12-09T04:29:47.205+0000][1][safepoint    ] Application time: 1.0000744 seconds
[2019-12-09T04:29:47.205+0000][1][safepoint    ] Entering safepoint region: Cleanup
[2019-12-09T04:29:47.205+0000][1][safepoint    ] Leaving safepoint region
[2019-12-09T04:29:47.205+0000][1][safepoint    ] Total time for which application threads were stopped: 0.0000937 seconds, Stopping threads took: 0.0000190 seconds
[2019-12-09T04:29:48.205+0000][1][safepoint    ] Application time: 1.0000761 seconds
[2019-12-09T04:29:48.205+0000][1][safepoint    ] Entering safepoint region: Cleanup
[2019-12-09T04:29:48.206+0000][1][safepoint    ] Leaving safepoint region
[2019-12-09T04:29:48.206+0000][1][safepoint    ] Total time for which application threads were stopped: 0.0000976 seconds, Stopping threads took: 0.0000190 seconds
[2019-12-09T04:29:49.206+0000][1][safepoint    ] Application time: 1.0000756 seconds
[2019-12-09T04:29:49.206+0000][1][safepoint    ] Entering safepoint region: Cleanup
[2019-12-09T04:29:49.206+0000][1][safepoint    ] Leaving safepoint region
[2019-12-09T04:29:49.206+0000][1][safepoint    ] Total time for which application threads were stopped: 0.0001123 seconds, Stopping threads took: 0.0000266 seconds
[2019-12-09T04:29:50.206+0000][1][safepoint    ] Application time: 1.0000753 seconds
[2019-12-09T04:29:50.206+0000][1][safepoint    ] Entering safepoint region: Cleanup
[2019-12-09T04:29:50.206+0000][1][safepoint    ] Leaving safepoint region
[2019-12-09T04:29:50.206+0000][1][safepoint    ] Total time for which application threads were stopped: 0.0000948 seconds, Stopping threads took: 0.0000189 seconds
[2019-12-09T04:29:51.206+0000][1][safepoint    ] Application time: 1.0000757 seconds
[2019-12-09T04:29:51.206+0000][1][safepoint    ] Entering safepoint region: Cleanup
[2019-12-09T04:29:51.206+0000][1][safepoint    ] Leaving safepoint region
[2019-12-09T04:29:51.206+0000][1][safepoint    ] Total time for which application threads were stopped: 0.0000957 seconds, Stopping threads took: 0.0000187 seconds
[2019-12-09T04:29:52.206+0000][1][safepoint    ] Application time: 1.0000765 seconds
[2019-12-09T04:29:52.206+0000][1][safepoint    ] Entering safepoint region: Cleanup
[2019-12-09T04:29:52.206+0000][1][safepoint    ] Leaving safepoint region
[2019-12-09T04:29:52.206+0000][1][safepoint    ] Total time for which application threads were stopped: 0.0000981 seconds, Stopping threads took: 0.0000196 seconds
[2019-12-09T04:29:53.206+0000][1][safepoint    ] Application time: 1.0000746 seconds
[2019-12-09T04:29:53.207+0000][1][safepoint    ] Entering safepoint region: Cleanup
[2019-12-09T04:29:53.207+0000][1][safepoint    ] Leaving safepoint region
[2019-12-09T04:29:53.207+0000][1][safepoint    ] Total time for which application threads were stopped: 0.0001028 seconds, Stopping threads took: 0.0000181 seconds
[2019-12-09T04:29:54.207+0000][1][safepoint    ] Application time: 1.0000764 seconds
[2019-12-09T04:29:54.207+0000][1][safepoint    ] Entering safepoint region: Cleanup
[2019-12-09T04:29:54.207+0000][1][safepoint    ] Leaving safepoint region
[2019-12-09T04:29:54.207+0000][1][safepoint    ] Total time for which application threads were stopped: 0.0001066 seconds, Stopping threads took: 0.0000276 seconds
[2019-12-09T04:29:56.151+0000][1][safepoint    ] Application time: 1.9440698 seconds
[2019-12-09T04:29:56.151+0000][1][safepoint    ] Entering safepoint region: Cleanup
[2019-12-09T04:29:56.151+0000][1][safepoint    ] Leaving safepoint region
[2019-12-09T04:29:56.151+0000][1][safepoint    ] Total time for which application threads were stopped: 0.0000969 seconds, Stopping threads took: 0.0000198 seconds
[2019-12-09T04:29:57.151+0000][1][safepoint    ] Application time: 1.0000789 seconds
[2019-12-09T04:29:57.151+0000][1][safepoint    ] Entering safepoint region: Cleanup
[2019-12-09T04:29:57.151+0000][1][safepoint    ] Leaving safepoint region
[2019-12-09T04:29:57.151+0000][1][safepoint    ] Total time for which application threads were stopped: 0.0001005 seconds, Stopping threads took: 0.0000202 seconds
[2019-12-09T04:29:58.151+0000][1][safepoint    ] Application time: 1.0000780 seconds
[2019-12-09T04:29:58.151+0000][1][safepoint    ] Entering safepoint region: Cleanup
[2019-12-09T04:29:58.151+0000][1][safepoint    ] Leaving safepoint region
[2019-12-09T04:29:58.152+0000][1][safepoint    ] Total time for which application threads were stopped: 0.0001024 seconds, Stopping threads took: 0.0000205 seconds
[2019-12-09T04:29:59.152+0000][1][safepoint    ] Application time: 1.0000777 seconds
[2019-12-09T04:29:59.152+0000][1][safepoint    ] Entering safepoint region: Cleanup
[2019-12-09T04:29:59.152+0000][1][safepoint    ] Leaving safepoint region
[2019-12-09T04:29:59.152+0000][1][safepoint    ] Total time for which application threads were stopped: 0.0001049 seconds, Stopping threads took: 0.0000192 seconds
[2019-12-09T04:30:00.152+0000][1][safepoint    ] Application time: 1.0000788 seconds
[2019-12-09T04:30:00.152+0000][1][safepoint    ] Entering safepoint region: Cleanup
[2019-12-09T04:30:00.152+0000][1][safepoint    ] Leaving safepoint region
[2019-12-09T04:30:00.152+0000][1][safepoint    ] Total time for which application threads were stopped: 0.0000961 seconds, Stopping threads took: 0.0000183 seconds
[2019-12-09T04:30:01.152+0000][1][safepoint    ] Application time: 1.0000798 seconds
[2019-12-09T04:30:01.152+0000][1][safepoint    ] Entering safepoint region: Cleanup
[2019-12-09T04:30:01.152+0000][1][safepoint    ] Leaving safepoint region
[2019-12-09T04:30:01.152+0000][1][safepoint    ] Total time for which application threads were stopped: 0.0000977 seconds, Stopping threads took: 0.0000201 seconds
[2019-12-09T04:30:02.152+0000][1][safepoint    ] Application time: 1.0000767 seconds
[2019-12-09T04:30:02.152+0000][1][safepoint    ] Entering safepoint region: Cleanup
[2019-12-09T04:30:02.152+0000][1][safepoint    ] Leaving safepoint region
[2019-12-09T04:30:02.152+0000][1][safepoint    ] Total time for which application threads were stopped: 0.0000994 seconds, Stopping threads took: 0.0000209 seconds
[2019-12-09T04:30:03.152+0000][1][safepoint    ] Application time: 1.0000769 seconds
[2019-12-09T04:30:03.153+0000][1][safepoint    ] Entering safepoint region: Cleanup
[2019-12-09T04:30:03.153+0000][1][safepoint    ] Leaving safepoint region
[2019-12-09T04:30:03.153+0000][1][safepoint    ] Total time for which application threads were stopped: 0.0001048 seconds, Stopping threads took: 0.0000198 seconds
[2019-12-09T04:30:04.153+0000][1][safepoint    ] Application time: 1.0000761 seconds
[2019-12-09T04:30:04.153+0000][1][safepoint    ] Entering safepoint region: Cleanup
[2019-12-09T04:30:04.153+0000][1][safepoint    ] Leaving safepoint region
[2019-12-09T04:30:04.153+0000][1][safepoint    ] Total time for which application threads were stopped: 0.0000956 seconds, Stopping threads took: 0.0000199 seconds
[2019-12-09T04:30:05.153+0000][1][safepoint    ] Application time: 1.0000763 seconds
[2019-12-09T04:30:05.153+0000][1][safepoint    ] Entering safepoint region: Cleanup
[2019-12-09T04:30:05.153+0000][1][safepoint    ] Leaving safepoint region
[2019-12-09T04:30:05.153+0000][1][safepoint    ] Total time for which application threads were stopped: 0.0001176 seconds, Stopping threads took: 0.0000261 seconds
[2019-12-09T04:30:06.153+0000][1][safepoint    ] Application time: 1.0000824 seconds
[2019-12-09T04:30:06.153+0000][1][safepoint    ] Entering safepoint region: Cleanup
[2019-12-09T04:30:06.153+0000][1][safepoint    ] Leaving safepoint region
[2019-12-09T04:30:06.153+0000][1][safepoint    ] Total time for which application threads were stopped: 0.0001059 seconds, Stopping threads took: 0.0000263 seconds
[2019-12-09T04:30:07.153+0000][1][safepoint    ] Application time: 1.0000813 seconds
[2019-12-09T04:30:07.153+0000][1][safepoint    ] Entering safepoint region: Cleanup
[2019-12-09T04:30:07.154+0000][1][safepoint    ] Leaving safepoint region
[2019-12-09T04:30:07.154+0000][1][safepoint    ] Total time for which application threads were stopped: 0.0001037 seconds, Stopping threads took: 0.0000216 seconds
[2019-12-09T04:30:08.154+0000][1][safepoint    ] Application time: 1.0000837 seconds
[2019-12-09T04:30:08.154+0000][1][safepoint    ] Entering safepoint region: Cleanup
[2019-12-09T04:30:08.154+0000][1][safepoint    ] Leaving safepoint region
[2019-12-09T04:30:08.154+0000][1][safepoint    ] Total time for which application threads were stopped: 0.0001164 seconds, Stopping threads took: 0.0000373 seconds
[2019-12-09T04:30:09.154+0000][1][safepoint    ] Application time: 1.0000819 seconds
[2019-12-09T04:30:09.154+0000][1][safepoint    ] Entering safepoint region: Cleanup
[2019-12-09T04:30:09.154+0000][1][safepoint    ] Leaving safepoint region
[2019-12-09T04:30:09.154+0000][1][safepoint    ] Total time for which application threads were stopped: 0.0001043 seconds, Stopping threads took: 0.0000253 seconds
[2019-12-09T04:30:10.154+0000][1][safepoint    ] Application time: 1.0000815 seconds
[2019-12-09T04:30:10.154+0000][1][safepoint    ] Entering safepoint region: Cleanup
[2019-12-09T04:30:10.154+0000][1][safepoint    ] Leaving safepoint region
[2019-12-09T04:30:10.154+0000][1][safepoint    ] Total time for which application threads were stopped: 0.0001055 seconds, Stopping threads took: 0.0000240 seconds
[2019-12-09T04:30:11.154+0000][1][safepoint    ] Application time: 1.0000813 seconds
[2019-12-09T04:30:11.154+0000][1][safepoint    ] Entering safepoint region: Cleanup
[2019-12-09T04:30:11.154+0000][1][safepoint    ] Leaving safepoint region
[2019-12-09T04:30:11.154+0000][1][safepoint    ] Total time for which application threads were stopped: 0.0001107 seconds, Stopping threads took: 0.0000339 seconds
[2019-12-09T04:30:12.155+0000][1][safepoint    ] Application time: 1.0000823 seconds
[2019-12-09T04:30:12.155+0000][1][safepoint    ] Entering safepoint region: Cleanup
[2019-12-09T04:30:12.155+0000][1][safepoint    ] Leaving safepoint region
[2019-12-09T04:30:12.155+0000][1][safepoint    ] Total time for which application threads were stopped: 0.0001189 seconds, Stopping threads took: 0.0000236 seconds
[2019-12-09T04:30:13.155+0000][1][safepoint    ] Application time: 1.0000808 seconds
[2019-12-09T04:30:13.155+0000][1][safepoint    ] Entering safepoint region: Cleanup
[2019-12-09T04:30:13.155+0000][1][safepoint    ] Leaving safepoint region
[2019-12-09T04:30:13.155+0000][1][safepoint    ] Total time for which application threads were stopped: 0.0001013 seconds, Stopping threads took: 0.0000204 seconds
[2019-12-09T04:30:14.155+0000][1][safepoint    ] Application time: 1.0000830 seconds
[2019-12-09T04:30:14.155+0000][1][safepoint    ] Entering safepoint region: Cleanup
[2019-12-09T04:30:14.155+0000][1][safepoint    ] Leaving safepoint region
[2019-12-09T04:30:14.155+0000][1][safepoint    ] Total time for which application threads were stopped: 0.0001031 seconds, Stopping threads took: 0.0000256 seconds
[2019-12-09T04:30:15.155+0000][1][safepoint    ] Application time: 1.0000843 seconds
[2019-12-09T04:30:15.155+0000][1][safepoint    ] Entering safepoint region: Cleanup
[2019-12-09T04:30:15.155+0000][1][safepoint    ] Leaving safepoint region
[2019-12-09T04:30:15.155+0000][1][safepoint    ] Total time for which application threads were stopped: 0.0001202 seconds, Stopping threads took: 0.0000256 seconds
[2019-12-09T04:30:16.156+0000][1][safepoint    ] Application time: 1.0000838 seconds
[2019-12-09T04:30:16.156+0000][1][safepoint    ] Entering safepoint region: Cleanup
[2019-12-09T04:30:16.156+0000][1][safepoint    ] Leaving safepoint region
[2019-12-09T04:30:16.156+0000][1][safepoint    ] Total time for which application threads were stopped: 0.0001066 seconds, Stopping threads took: 0.0000208 seconds
[2019-12-09T04:30:17.156+0000][1][safepoint    ] Application time: 1.0001031 seconds
[2019-12-09T04:30:17.156+0000][1][safepoint    ] Entering safepoint region: Cleanup
[2019-12-09T04:30:17.156+0000][1][safepoint    ] Leaving safepoint region
[2019-12-09T04:30:17.156+0000][1][safepoint    ] Total time for which application threads were stopped: 0.0001038 seconds, Stopping threads took: 0.0000266 seconds
[2019-12-09T04:30:18.156+0000][1][safepoint    ] Application time: 1.0000833 seconds
[2019-12-09T04:30:18.156+0000][1][safepoint    ] Entering safepoint region: Cleanup
[2019-12-09T04:30:18.156+0000][1][safepoint    ] Leaving safepoint region
[2019-12-09T04:30:18.156+0000][1][safepoint    ] Total time for which application threads were stopped: 0.0001122 seconds, Stopping threads took: 0.0000329 seconds
[2019-12-09T04:30:19.156+0000][1][safepoint    ] Application time: 1.0000832 seconds
[2019-12-09T04:30:19.156+0000][1][safepoint    ] Entering safepoint region: Cleanup
[2019-12-09T04:30:19.156+0000][1][safepoint    ] Leaving safepoint region
[2019-12-09T04:30:19.156+0000][1][safepoint    ] Total time for which application threads were stopped: 0.0001107 seconds, Stopping threads took: 0.0000341 seconds
[2019-12-09T04:30:20.156+0000][1][safepoint    ] Application time: 1.0000826 seconds
[2019-12-09T04:30:20.157+0000][1][safepoint    ] Entering safepoint region: Cleanup
[2019-12-09T04:30:20.157+0000][1][safepoint    ] Leaving safepoint region
[2019-12-09T04:30:20.157+0000][1][safepoint    ] Total time for which application threads were stopped: 0.0001041 seconds, Stopping threads took: 0.0000230 seconds
[2019-12-09T04:30:21.157+0000][1][safepoint    ] Application time: 1.0000851 seconds
[2019-12-09T04:30:21.157+0000][1][safepoint    ] Entering safepoint region: Cleanup
[2019-12-09T04:30:21.157+0000][1][safepoint    ] Leaving safepoint region
[2019-12-09T04:30:21.157+0000][1][safepoint    ] Total time for which application threads were stopped: 0.0001045 seconds, Stopping threads took: 0.0000208 seconds
[2019-12-09T04:30:22.157+0000][1][safepoint    ] Application time: 1.0000816 seconds
[2019-12-09T04:30:22.157+0000][1][safepoint    ] Entering safepoint region: Cleanup
[2019-12-09T04:30:22.157+0000][1][safepoint    ] Leaving safepoint region
[2019-12-09T04:30:22.157+0000][1][safepoint    ] Total time for which application threads were stopped: 0.0001025 seconds, Stopping threads took: 0.0000202 seconds
[2019-12-09T04:30:22.341+0000][1][safepoint    ] Application time: 0.1836864 seconds
[2019-12-09T04:30:22.341+0000][1][safepoint    ] Entering safepoint region: GenCollectForAllocation
[2019-12-09T04:30:22.341+0000][1][gc,start     ] GC(50) Pause Young (Allocation Failure)
[2019-12-09T04:30:22.341+0000][1][gc,task      ] GC(50) Using 2 workers of 2 for evacuation
[2019-12-09T04:30:22.343+0000][1][gc,age       ] GC(50) Desired survivor size 4456448 bytes, new threshold 6 (max threshold 6)
[2019-12-09T04:30:22.343+0000][1][gc,age       ] GC(50) Age table with threshold 6 (max threshold 6)
[2019-12-09T04:30:22.343+0000][1][gc,age       ] GC(50) - age   1:      11464 bytes,      11464 total
[2019-12-09T04:30:22.343+0000][1][gc,age       ] GC(50) - age   2:       1992 bytes,      13456 total
[2019-12-09T04:30:22.343+0000][1][gc,age       ] GC(50) - age   3:        152 bytes,      13608 total
[2019-12-09T04:30:22.343+0000][1][gc,age       ] GC(50) - age   4:       2576 bytes,      16184 total
[2019-12-09T04:30:22.343+0000][1][gc,age       ] GC(50) - age   5:       4352 bytes,      20536 total
[2019-12-09T04:30:22.343+0000][1][gc,age       ] GC(50) - age   6:      26016 bytes,      46552 total
[2019-12-09T04:30:22.343+0000][1][gc,heap      ] GC(50) ParNew: 70015K->64K(78656K)
[2019-12-09T04:30:22.343+0000][1][gc,heap      ] GC(50) CMS: 75882K->75882K(174784K)
[2019-12-09T04:30:22.343+0000][1][gc,metaspace ] GC(50) Metaspace: 79934K->79934K(1122304K)
[2019-12-09T04:30:22.343+0000][1][gc           ] GC(50) Pause Young (Allocation Failure) 142M->74M(247M) 1.844ms
[2019-12-09T04:30:22.343+0000][1][gc,cpu       ] GC(50) User=0.00s Sys=0.00s Real=0.00s
[2019-12-09T04:30:22.343+0000][1][safepoint    ] Leaving safepoint region
[2019-12-09T04:30:22.343+0000][1][safepoint    ] Total time for which application threads were stopped: 0.0020028 seconds, Stopping threads took: 0.0000169 seconds
[2019-12-09T04:30:23.343+0000][1][safepoint    ] Application time: 1.0000830 seconds
[2019-12-09T04:30:23.343+0000][1][safepoint    ] Entering safepoint region: Cleanup
[2019-12-09T04:30:23.343+0000][1][safepoint    ] Leaving safepoint region
[2019-12-09T04:30:23.343+0000][1][safepoint    ] Total time for which application threads were stopped: 0.0001111 seconds, Stopping threads took: 0.0000177 seconds
[2019-12-09T04:30:24.343+0000][1][safepoint    ] Application time: 1.0000788 seconds
[2019-12-09T04:30:24.343+0000][1][safepoint    ] Entering safepoint region: Cleanup
[2019-12-09T04:30:24.343+0000][1][safepoint    ] Leaving safepoint region
[2019-12-09T04:30:24.343+0000][1][safepoint    ] Total time for which application threads were stopped: 0.0000880 seconds, Stopping threads took: 0.0000170 seconds
[2019-12-09T04:30:25.343+0000][1][safepoint    ] Application time: 1.0000762 seconds
[2019-12-09T04:30:25.343+0000][1][safepoint    ] Entering safepoint region: Cleanup
[2019-12-09T04:30:25.343+0000][1][safepoint    ] Leaving safepoint region
[2019-12-09T04:30:25.343+0000][1][safepoint    ] Total time for which application threads were stopped: 0.0000906 seconds, Stopping threads took: 0.0000178 seconds
[2019-12-09T04:30:26.343+0000][1][safepoint    ] Application time: 1.0000762 seconds
[2019-12-09T04:30:26.344+0000][1][safepoint    ] Entering safepoint region: Cleanup
[2019-12-09T04:30:26.344+0000][1][safepoint    ] Leaving safepoint region
[2019-12-09T04:30:26.344+0000][1][safepoint    ] Total time for which application threads were stopped: 0.0000866 seconds, Stopping threads took: 0.0000170 seconds
[2019-12-09T04:30:27.344+0000][1][safepoint    ] Application time: 1.0000758 seconds
[2019-12-09T04:30:27.344+0000][1][safepoint    ] Entering safepoint region: Cleanup
[2019-12-09T04:30:27.344+0000][1][safepoint    ] Leaving safepoint region
[2019-12-09T04:30:27.344+0000][1][safepoint    ] Total time for which application threads were stopped: 0.0000881 seconds, Stopping threads took: 0.0000172 seconds
[2019-12-09T04:30:28.344+0000][1][safepoint    ] Application time: 1.0000773 seconds
[2019-12-09T04:30:28.344+0000][1][safepoint    ] Entering safepoint region: Cleanup
[2019-12-09T04:30:28.344+0000][1][safepoint    ] Leaving safepoint region
[2019-12-09T04:30:28.344+0000][1][safepoint    ] Total time for which application threads were stopped: 0.0000901 seconds, Stopping threads took: 0.0000174 seconds
[2019-12-09T04:30:29.344+0000][1][safepoint    ] Application time: 1.0000765 seconds
[2019-12-09T04:30:29.344+0000][1][safepoint    ] Entering safepoint region: Cleanup
[2019-12-09T04:30:29.344+0000][1][safepoint    ] Leaving safepoint region
[2019-12-09T04:30:29.344+0000][1][safepoint    ] Total time for which application threads were stopped: 0.0000898 seconds, Stopping threads took: 0.0000169 seconds
[2019-12-09T04:30:30.344+0000][1][safepoint    ] Application time: 1.0000754 seconds
[2019-12-09T04:30:30.344+0000][1][safepoint    ] Entering safepoint region: Cleanup
[2019-12-09T04:30:30.344+0000][1][safepoint    ] Leaving safepoint region
[2019-12-09T04:30:30.344+0000][1][safepoint    ] Total time for which application threads were stopped: 0.0000895 seconds, Stopping threads took: 0.0000171 seconds
[2019-12-09T04:30:31.344+0000][1][safepoint    ] Application time: 1.0000752 seconds
[2019-12-09T04:30:31.344+0000][1][safepoint    ] Entering safepoint region: Cleanup
[2019-12-09T04:30:31.345+0000][1][safepoint    ] Leaving safepoint region
[2019-12-09T04:30:31.345+0000][1][safepoint    ] Total time for which application threads were stopped: 0.0000882 seconds, Stopping threads took: 0.0000174 seconds
[2019-12-09T04:30:32.345+0000][1][safepoint    ] Application time: 1.0000771 seconds
[2019-12-09T04:30:32.345+0000][1][safepoint    ] Entering safepoint region: Cleanup
[2019-12-09T04:30:32.345+0000][1][safepoint    ] Leaving safepoint region
[2019-12-09T04:30:32.345+0000][1][safepoint    ] Total time for which application threads were stopped: 0.0000975 seconds, Stopping threads took: 0.0000275 seconds
[2019-12-09T04:30:33.345+0000][1][safepoint    ] Application time: 1.0000768 seconds
[2019-12-09T04:30:33.345+0000][1][safepoint    ] Entering safepoint region: Cleanup
[2019-12-09T04:30:33.345+0000][1][safepoint    ] Leaving safepoint region
[2019-12-09T04:30:33.345+0000][1][safepoint    ] Total time for which application threads were stopped: 0.0000877 seconds, Stopping threads took: 0.0000163 seconds
[2019-12-09T04:30:34.345+0000][1][safepoint    ] Application time: 1.0000752 seconds
[2019-12-09T04:30:34.345+0000][1][safepoint    ] Entering safepoint region: Cleanup
[2019-12-09T04:30:34.345+0000][1][safepoint    ] Leaving safepoint region
[2019-12-09T04:30:34.345+0000][1][safepoint    ] Total time for which application threads were stopped: 0.0000856 seconds, Stopping threads took: 0.0000159 seconds
[2019-12-09T04:30:35.345+0000][1][safepoint    ] Application time: 1.0000747 seconds
[2019-12-09T04:30:35.345+0000][1][safepoint    ] Entering safepoint region: Cleanup
[2019-12-09T04:30:35.345+0000][1][safepoint    ] Leaving safepoint region
[2019-12-09T04:30:35.345+0000][1][safepoint    ] Total time for which application threads were stopped: 0.0000848 seconds, Stopping threads took: 0.0000153 seconds
[2019-12-09T04:30:36.345+0000][1][safepoint    ] Application time: 1.0000747 seconds
[2019-12-09T04:30:36.345+0000][1][safepoint    ] Entering safepoint region: Cleanup
[2019-12-09T04:30:36.346+0000][1][safepoint    ] Leaving safepoint region
[2019-12-09T04:30:36.346+0000][1][safepoint    ] Total time for which application threads were stopped: 0.0000852 seconds, Stopping threads took: 0.0000155 seconds
[2019-12-09T04:30:37.346+0000][1][safepoint    ] Application time: 1.0000751 seconds
[2019-12-09T04:30:37.346+0000][1][safepoint    ] Entering safepoint region: Cleanup
[2019-12-09T04:30:37.346+0000][1][safepoint    ] Leaving safepoint region
[2019-12-09T04:30:37.346+0000][1][safepoint    ] Total time for which application threads were stopped: 0.0000957 seconds, Stopping threads took: 0.0000160 seconds
[2019-12-09T04:30:38.346+0000][1][safepoint    ] Application time: 1.0000739 seconds
[2019-12-09T04:30:38.346+0000][1][safepoint    ] Entering safepoint region: Cleanup
[2019-12-09T04:30:38.346+0000][1][safepoint    ] Leaving safepoint region
[2019-12-09T04:30:38.346+0000][1][safepoint    ] Total time for which application threads were stopped: 0.0000997 seconds, Stopping threads took: 0.0000183 seconds
[2019-12-09T04:30:39.346+0000][1][safepoint    ] Application time: 1.0000760 seconds
[2019-12-09T04:30:39.346+0000][1][safepoint    ] Entering safepoint region: Cleanup
[2019-12-09T04:30:39.346+0000][1][safepoint    ] Leaving safepoint region
[2019-12-09T04:30:39.346+0000][1][safepoint    ] Total time for which application threads were stopped: 0.0000922 seconds, Stopping threads took: 0.0000181 seconds
[2019-12-09T04:30:40.346+0000][1][safepoint    ] Application time: 1.0000742 seconds
[2019-12-09T04:30:40.346+0000][1][safepoint    ] Entering safepoint region: Cleanup
[2019-12-09T04:30:40.346+0000][1][safepoint    ] Leaving safepoint region
[2019-12-09T04:30:40.346+0000][1][safepoint    ] Total time for which application threads were stopped: 0.0000927 seconds, Stopping threads took: 0.0000179 seconds
[2019-12-09T04:30:41.346+0000][1][safepoint    ] Application time: 1.0000744 seconds
[2019-12-09T04:30:41.346+0000][1][safepoint    ] Entering safepoint region: Cleanup
[2019-12-09T04:30:41.347+0000][1][safepoint    ] Leaving safepoint region
[2019-12-09T04:30:41.347+0000][1][safepoint    ] Total time for which application threads were stopped: 0.0000911 seconds, Stopping threads took: 0.0000174 seconds
[2019-12-09T04:30:42.347+0000][1][safepoint    ] Application time: 1.0000747 seconds
[2019-12-09T04:30:42.347+0000][1][safepoint    ] Entering safepoint region: Cleanup
[2019-12-09T04:30:42.347+0000][1][safepoint    ] Leaving safepoint region
[2019-12-09T04:30:42.347+0000][1][safepoint    ] Total time for which application threads were stopped: 0.0001000 seconds, Stopping threads took: 0.0000195 seconds
[2019-12-09T04:30:43.347+0000][1][safepoint    ] Application time: 1.0000738 seconds
[2019-12-09T04:30:43.347+0000][1][safepoint    ] Entering safepoint region: Cleanup
[2019-12-09T04:30:43.347+0000][1][safepoint    ] Leaving safepoint region
[2019-12-09T04:30:43.347+0000][1][safepoint    ] Total time for which application threads were stopped: 0.0000891 seconds, Stopping threads took: 0.0000173 seconds
[2019-12-09T04:30:44.347+0000][1][safepoint    ] Application time: 1.0000745 seconds
[2019-12-09T04:30:44.347+0000][1][safepoint    ] Entering safepoint region: Cleanup
[2019-12-09T04:30:44.347+0000][1][safepoint    ] Leaving safepoint region
[2019-12-09T04:30:44.347+0000][1][safepoint    ] Total time for which application threads were stopped: 0.0001077 seconds, Stopping threads took: 0.0000191 seconds
[2019-12-09T04:30:45.347+0000][1][safepoint    ] Application time: 1.0000748 seconds
[2019-12-09T04:30:45.347+0000][1][safepoint    ] Entering safepoint region: Cleanup
[2019-12-09T04:30:45.347+0000][1][safepoint    ] Leaving safepoint region
[2019-12-09T04:30:45.347+0000][1][safepoint    ] Total time for which application threads were stopped: 0.0000909 seconds, Stopping threads took: 0.0000178 seconds
[2019-12-09T04:30:46.348+0000][1][safepoint    ] Application time: 1.0000755 seconds
[2019-12-09T04:30:46.348+0000][1][safepoint    ] Entering safepoint region: Cleanup
[2019-12-09T04:30:46.348+0000][1][safepoint    ] Leaving safepoint region
[2019-12-09T04:30:46.348+0000][1][safepoint    ] Total time for which application threads were stopped: 0.0001044 seconds, Stopping threads took: 0.0000276 seconds
[2019-12-09T04:30:47.348+0000][1][safepoint    ] Application time: 1.0000735 seconds
[2019-12-09T04:30:47.348+0000][1][safepoint    ] Entering safepoint region: Cleanup
[2019-12-09T04:30:47.348+0000][1][safepoint    ] Leaving safepoint region
[2019-12-09T04:30:47.348+0000][1][safepoint    ] Total time for which application threads were stopped: 0.0000911 seconds, Stopping threads took: 0.0000176 seconds
[2019-12-09T04:30:48.348+0000][1][safepoint    ] Application time: 1.0000783 seconds
[2019-12-09T04:30:48.348+0000][1][safepoint    ] Entering safepoint region: Cleanup
[2019-12-09T04:30:48.348+0000][1][safepoint    ] Leaving safepoint region
[2019-12-09T04:30:48.348+0000][1][safepoint    ] Total time for which application threads were stopped: 0.0000928 seconds, Stopping threads took: 0.0000197 seconds
[2019-12-09T04:30:49.348+0000][1][safepoint    ] Application time: 1.0000747 seconds
[2019-12-09T04:30:49.348+0000][1][safepoint    ] Entering safepoint region: Cleanup
[2019-12-09T04:30:49.348+0000][1][safepoint    ] Leaving safepoint region
[2019-12-09T04:30:49.348+0000][1][safepoint    ] Total time for which application threads were stopped: 0.0000998 seconds, Stopping threads took: 0.0000268 seconds
[2019-12-09T04:30:50.348+0000][1][safepoint    ] Application time: 1.0000765 seconds
[2019-12-09T04:30:50.348+0000][1][safepoint    ] Entering safepoint region: Cleanup
[2019-12-09T04:30:50.348+0000][1][safepoint    ] Leaving safepoint region
[2019-12-09T04:30:50.348+0000][1][safepoint    ] Total time for which application threads were stopped: 0.0000883 seconds, Stopping threads took: 0.0000169 seconds
[2019-12-09T04:30:51.349+0000][1][safepoint    ] Application time: 1.0000749 seconds
[2019-12-09T04:30:51.349+0000][1][safepoint    ] Entering safepoint region: Cleanup
[2019-12-09T04:30:51.349+0000][1][safepoint    ] Leaving safepoint region
[2019-12-09T04:30:51.349+0000][1][safepoint    ] Total time for which application threads were stopped: 0.0001010 seconds, Stopping threads took: 0.0000179 seconds
[2019-12-09T04:30:52.349+0000][1][safepoint    ] Application time: 1.0000813 seconds
[2019-12-09T04:30:52.349+0000][1][safepoint    ] Entering safepoint region: Cleanup
[2019-12-09T04:30:52.349+0000][1][safepoint    ] Leaving safepoint region
[2019-12-09T04:30:52.349+0000][1][safepoint    ] Total time for which application threads were stopped: 0.0000927 seconds, Stopping threads took: 0.0000196 seconds
[2019-12-09T04:30:53.349+0000][1][safepoint    ] Application time: 1.0000773 seconds
[2019-12-09T04:30:53.349+0000][1][safepoint    ] Entering safepoint region: Cleanup
[2019-12-09T04:30:53.349+0000][1][safepoint    ] Leaving safepoint region
[2019-12-09T04:30:53.349+0000][1][safepoint    ] Total time for which application threads were stopped: 0.0000949 seconds, Stopping threads took: 0.0000192 seconds
[2019-12-09T04:30:54.349+0000][1][safepoint    ] Application time: 1.0000755 seconds
[2019-12-09T04:30:54.349+0000][1][safepoint    ] Entering safepoint region: Cleanup
[2019-12-09T04:30:54.349+0000][1][safepoint    ] Leaving safepoint region
[2019-12-09T04:30:54.349+0000][1][safepoint    ] Total time for which application threads were stopped: 0.0000914 seconds, Stopping threads took: 0.0000182 seconds
[2019-12-09T04:30:55.349+0000][1][safepoint    ] Application time: 1.0000777 seconds
[2019-12-09T04:30:55.349+0000][1][safepoint    ] Entering safepoint region: Cleanup
[2019-12-09T04:30:55.350+0000][1][safepoint    ] Leaving safepoint region
[2019-12-09T04:30:55.350+0000][1][safepoint    ] Total time for which application threads were stopped: 0.0000922 seconds, Stopping threads took: 0.0000190 seconds
[2019-12-09T04:30:56.350+0000][1][safepoint    ] Application time: 1.0000741 seconds
[2019-12-09T04:30:56.350+0000][1][safepoint    ] Entering safepoint region: Cleanup
[2019-12-09T04:30:56.350+0000][1][safepoint    ] Leaving safepoint region
[2019-12-09T04:30:56.350+0000][1][safepoint    ] Total time for which application threads were stopped: 0.0000906 seconds, Stopping threads took: 0.0000181 seconds
[2019-12-09T04:30:57.350+0000][1][safepoint    ] Application time: 1.0000755 seconds
[2019-12-09T04:30:57.350+0000][1][safepoint    ] Entering safepoint region: Cleanup
[2019-12-09T04:30:57.350+0000][1][safepoint    ] Leaving safepoint region
[2019-12-09T04:30:57.350+0000][1][safepoint    ] Total time for which application threads were stopped: 0.0000913 seconds, Stopping threads took: 0.0000182 seconds
[2019-12-09T04:30:58.350+0000][1][safepoint    ] Application time: 1.0000772 seconds
[2019-12-09T04:30:58.350+0000][1][safepoint    ] Entering safepoint region: Cleanup
[2019-12-09T04:30:58.350+0000][1][safepoint    ] Leaving safepoint region
[2019-12-09T04:30:58.350+0000][1][safepoint    ] Total time for which application threads were stopped: 0.0000967 seconds, Stopping threads took: 0.0000209 seconds
[2019-12-09T04:30:59.350+0000][1][safepoint    ] Application time: 1.0000761 seconds
[2019-12-09T04:30:59.350+0000][1][safepoint    ] Entering safepoint region: Cleanup
[2019-12-09T04:30:59.350+0000][1][safepoint    ] Leaving safepoint region
[2019-12-09T04:30:59.350+0000][1][safepoint    ] Total time for which application threads were stopped: 0.0001016 seconds, Stopping threads took: 0.0000277 seconds
[2019-12-09T04:31:00.351+0000][1][safepoint    ] Application time: 1.0000750 seconds
[2019-12-09T04:31:00.351+0000][1][safepoint    ] Entering safepoint region: Cleanup
[2019-12-09T04:31:00.351+0000][1][safepoint    ] Leaving safepoint region
[2019-12-09T04:31:00.351+0000][1][safepoint    ] Total time for which application threads were stopped: 0.0000904 seconds, Stopping threads took: 0.0000170 seconds
[2019-12-09T04:31:01.351+0000][1][safepoint    ] Application time: 1.0000765 seconds
[2019-12-09T04:31:01.351+0000][1][safepoint    ] Entering safepoint region: Cleanup
[2019-12-09T04:31:01.351+0000][1][safepoint    ] Leaving safepoint region
[2019-12-09T04:31:01.351+0000][1][safepoint    ] Total time for which application threads were stopped: 0.0000959 seconds, Stopping threads took: 0.0000195 seconds
[2019-12-09T04:31:02.773+0000][1][safepoint    ] Application time: 1.4225036 seconds
[2019-12-09T04:31:02.773+0000][1][safepoint    ] Entering safepoint region: Cleanup
[2019-12-09T04:31:02.774+0000][1][safepoint    ] Leaving safepoint region
[2019-12-09T04:31:02.774+0000][1][safepoint    ] Total time for which application threads were stopped: 0.0000897 seconds, Stopping threads took: 0.0000175 seconds
[2019-12-09T04:31:03.774+0000][1][safepoint    ] Application time: 1.0000763 seconds
[2019-12-09T04:31:03.774+0000][1][safepoint    ] Entering safepoint region: Cleanup
[2019-12-09T04:31:03.774+0000][1][safepoint    ] Leaving safepoint region
[2019-12-09T04:31:03.774+0000][1][safepoint    ] Total time for which application threads were stopped: 0.0001006 seconds, Stopping threads took: 0.0000178 seconds
[2019-12-09T04:31:04.774+0000][1][safepoint    ] Application time: 1.0000770 seconds
[2019-12-09T04:31:04.774+0000][1][safepoint    ] Entering safepoint region: Cleanup
[2019-12-09T04:31:04.774+0000][1][safepoint    ] Leaving safepoint region
[2019-12-09T04:31:04.774+0000][1][safepoint    ] Total time for which application threads were stopped: 0.0000945 seconds, Stopping threads took: 0.0000177 seconds
[2019-12-09T04:31:05.774+0000][1][safepoint    ] Application time: 1.0000746 seconds
[2019-12-09T04:31:05.774+0000][1][safepoint    ] Entering safepoint region: Cleanup
[2019-12-09T04:31:05.774+0000][1][safepoint    ] Leaving safepoint region
[2019-12-09T04:31:05.774+0000][1][safepoint    ] Total time for which application threads were stopped: 0.0000883 seconds, Stopping threads took: 0.0000163 seconds
[2019-12-09T04:31:06.774+0000][1][safepoint    ] Application time: 1.0000736 seconds
[2019-12-09T04:31:06.774+0000][1][safepoint    ] Entering safepoint region: Cleanup
[2019-12-09T04:31:06.774+0000][1][safepoint    ] Leaving safepoint region
[2019-12-09T04:31:06.774+0000][1][safepoint    ] Total time for which application threads were stopped: 0.0000872 seconds, Stopping threads took: 0.0000155 seconds
[2019-12-09T04:31:07.774+0000][1][safepoint    ] Application time: 1.0000749 seconds
[2019-12-09T04:31:07.774+0000][1][safepoint    ] Entering safepoint region: Cleanup
[2019-12-09T04:31:07.775+0000][1][safepoint    ] Leaving safepoint region
[2019-12-09T04:31:07.775+0000][1][safepoint    ] Total time for which application threads were stopped: 0.0000896 seconds, Stopping threads took: 0.0000169 seconds
[2019-12-09T04:31:08.775+0000][1][safepoint    ] Application time: 1.0000399 seconds
[2019-12-09T04:31:08.775+0000][1][safepoint    ] Entering safepoint region: Cleanup
[2019-12-09T04:31:08.775+0000][1][safepoint    ] Leaving safepoint region
[2019-12-09T04:31:08.775+0000][1][safepoint    ] Total time for which application threads were stopped: 0.0001122 seconds, Stopping threads took: 0.0000185 seconds
[2019-12-09T04:31:09.775+0000][1][safepoint    ] Application time: 1.0000757 seconds
[2019-12-09T04:31:09.775+0000][1][safepoint    ] Entering safepoint region: Cleanup
[2019-12-09T04:31:09.775+0000][1][safepoint    ] Leaving safepoint region
[2019-12-09T04:31:09.775+0000][1][safepoint    ] Total time for which application threads were stopped: 0.0000865 seconds, Stopping threads took: 0.0000162 seconds
[2019-12-09T04:31:10.775+0000][1][safepoint    ] Application time: 1.0000783 seconds
[2019-12-09T04:31:10.775+0000][1][safepoint    ] Entering safepoint region: Cleanup
[2019-12-09T04:31:10.775+0000][1][safepoint    ] Leaving safepoint region
[2019-12-09T04:31:10.775+0000][1][safepoint    ] Total time for which application threads were stopped: 0.0000903 seconds, Stopping threads took: 0.0000173 seconds
[2019-12-09T04:31:11.775+0000][1][safepoint    ] Application time: 1.0000823 seconds
[2019-12-09T04:31:11.775+0000][1][safepoint    ] Entering safepoint region: Cleanup
[2019-12-09T04:31:11.775+0000][1][safepoint    ] Leaving safepoint region
[2019-12-09T04:31:11.775+0000][1][safepoint    ] Total time for which application threads were stopped: 0.0000910 seconds, Stopping threads took: 0.0000161 seconds
[2019-12-09T04:31:12.776+0000][1][safepoint    ] Application time: 1.0000771 seconds
[2019-12-09T04:31:12.776+0000][1][safepoint    ] Entering safepoint region: Cleanup
[2019-12-09T04:31:12.776+0000][1][safepoint    ] Leaving safepoint region
[2019-12-09T04:31:12.776+0000][1][safepoint    ] Total time for which application threads were stopped: 0.0000895 seconds, Stopping threads took: 0.0000159 seconds
[2019-12-09T04:31:13.776+0000][1][safepoint    ] Application time: 1.0000707 seconds
[2019-12-09T04:31:13.776+0000][1][safepoint    ] Entering safepoint region: Cleanup
[2019-12-09T04:31:13.776+0000][1][safepoint    ] Leaving safepoint region
[2019-12-09T04:31:13.776+0000][1][safepoint    ] Total time for which application threads were stopped: 0.0000966 seconds, Stopping threads took: 0.0000241 seconds
[2019-12-09T04:31:14.776+0000][1][safepoint    ] Application time: 1.0000748 seconds
[2019-12-09T04:31:14.776+0000][1][safepoint    ] Entering safepoint region: Cleanup
[2019-12-09T04:31:14.776+0000][1][safepoint    ] Leaving safepoint region
[2019-12-09T04:31:14.776+0000][1][safepoint    ] Total time for which application threads were stopped: 0.0000905 seconds, Stopping threads took: 0.0000167 seconds
[2019-12-09T04:31:15.776+0000][1][safepoint    ] Application time: 1.0000748 seconds
[2019-12-09T04:31:15.776+0000][1][safepoint    ] Entering safepoint region: Cleanup
[2019-12-09T04:31:15.776+0000][1][safepoint    ] Leaving safepoint region
[2019-12-09T04:31:15.776+0000][1][safepoint    ] Total time for which application threads were stopped: 0.0000908 seconds, Stopping threads took: 0.0000169 seconds
[2019-12-09T04:31:16.776+0000][1][safepoint    ] Application time: 1.0000765 seconds
[2019-12-09T04:31:16.776+0000][1][safepoint    ] Entering safepoint region: Cleanup
[2019-12-09T04:31:16.776+0000][1][safepoint    ] Leaving safepoint region
[2019-12-09T04:31:16.776+0000][1][safepoint    ] Total time for which application threads were stopped: 0.0000880 seconds, Stopping threads took: 0.0000171 seconds
[2019-12-09T04:31:17.777+0000][1][safepoint    ] Application time: 1.0000830 seconds
[2019-12-09T04:31:17.777+0000][1][safepoint    ] Entering safepoint region: Cleanup
[2019-12-09T04:31:17.777+0000][1][safepoint    ] Leaving safepoint region
[2019-12-09T04:31:17.777+0000][1][safepoint    ] Total time for which application threads were stopped: 0.0001352 seconds, Stopping threads took: 0.0000232 seconds
[2019-12-09T04:31:18.777+0000][1][safepoint    ] Application time: 1.0000733 seconds
[2019-12-09T04:31:18.777+0000][1][safepoint    ] Entering safepoint region: Cleanup
[2019-12-09T04:31:18.777+0000][1][safepoint    ] Leaving safepoint region
[2019-12-09T04:31:18.777+0000][1][safepoint    ] Total time for which application threads were stopped: 0.0000875 seconds, Stopping threads took: 0.0000173 seconds
[2019-12-09T04:31:19.777+0000][1][safepoint    ] Application time: 1.0000752 seconds
[2019-12-09T04:31:19.777+0000][1][safepoint    ] Entering safepoint region: Cleanup
[2019-12-09T04:31:19.777+0000][1][safepoint    ] Leaving safepoint region
[2019-12-09T04:31:19.777+0000][1][safepoint    ] Total time for which application threads were stopped: 0.0000893 seconds, Stopping threads took: 0.0000169 seconds
[2019-12-09T04:31:21.378+0000][1][safepoint    ] Application time: 1.6005472 seconds
[2019-12-09T04:31:21.378+0000][1][safepoint    ] Entering safepoint region: Cleanup
[2019-12-09T04:31:21.378+0000][1][safepoint    ] Leaving safepoint region
[2019-12-09T04:31:21.378+0000][1][safepoint    ] Total time for which application threads were stopped: 0.0000910 seconds, Stopping threads took: 0.0000181 seconds
[2019-12-09T04:31:22.378+0000][1][safepoint    ] Application time: 1.0000744 seconds
[2019-12-09T04:31:22.378+0000][1][safepoint    ] Entering safepoint region: Cleanup
[2019-12-09T04:31:22.378+0000][1][safepoint    ] Leaving safepoint region
[2019-12-09T04:31:22.378+0000][1][safepoint    ] Total time for which application threads were stopped: 0.0000854 seconds, Stopping threads took: 0.0000164 seconds
[2019-12-09T04:31:23.378+0000][1][safepoint    ] Application time: 1.0000737 seconds
[2019-12-09T04:31:23.378+0000][1][safepoint    ] Entering safepoint region: Cleanup
[2019-12-09T04:31:23.378+0000][1][safepoint    ] Leaving safepoint region
[2019-12-09T04:31:23.378+0000][1][safepoint    ] Total time for which application threads were stopped: 0.0000854 seconds, Stopping threads took: 0.0000152 seconds
[2019-12-09T04:31:24.378+0000][1][safepoint    ] Application time: 1.0000755 seconds
[2019-12-09T04:31:24.378+0000][1][safepoint    ] Entering safepoint region: Cleanup
[2019-12-09T04:31:24.378+0000][1][safepoint    ] Leaving safepoint region
[2019-12-09T04:31:24.378+0000][1][safepoint    ] Total time for which application threads were stopped: 0.0000872 seconds, Stopping threads took: 0.0000153 seconds
[2019-12-09T04:31:25.379+0000][1][safepoint    ] Application time: 1.0000809 seconds
[2019-12-09T04:31:25.379+0000][1][safepoint    ] Entering safepoint region: Cleanup
[2019-12-09T04:31:25.379+0000][1][safepoint    ] Leaving safepoint region
[2019-12-09T04:31:25.379+0000][1][safepoint    ] Total time for which application threads were stopped: 0.0000862 seconds, Stopping threads took: 0.0000175 seconds
[2019-12-09T04:31:26.379+0000][1][safepoint    ] Application time: 1.0000764 seconds
[2019-12-09T04:31:26.379+0000][1][safepoint    ] Entering safepoint region: Cleanup
[2019-12-09T04:31:26.379+0000][1][safepoint    ] Leaving safepoint region
[2019-12-09T04:31:26.379+0000][1][safepoint    ] Total time for which application threads were stopped: 0.0000907 seconds, Stopping threads took: 0.0000173 seconds
[2019-12-09T04:31:27.379+0000][1][safepoint    ] Application time: 1.0000749 seconds
[2019-12-09T04:31:27.379+0000][1][safepoint    ] Entering safepoint region: Cleanup
[2019-12-09T04:31:27.379+0000][1][safepoint    ] Leaving safepoint region
[2019-12-09T04:31:27.379+0000][1][safepoint    ] Total time for which application threads were stopped: 0.0000909 seconds, Stopping threads took: 0.0000180 seconds
[2019-12-09T04:31:28.379+0000][1][safepoint    ] Application time: 1.0000752 seconds
[2019-12-09T04:31:28.379+0000][1][safepoint    ] Entering safepoint region: Cleanup
[2019-12-09T04:31:28.379+0000][1][safepoint    ] Leaving safepoint region
[2019-12-09T04:31:28.379+0000][1][safepoint    ] Total time for which application threads were stopped: 0.0000863 seconds, Stopping threads took: 0.0000163 seconds
[2019-12-09T04:31:29.379+0000][1][safepoint    ] Application time: 1.0000752 seconds
[2019-12-09T04:31:29.379+0000][1][safepoint    ] Entering safepoint region: Cleanup
[2019-12-09T04:31:29.379+0000][1][safepoint    ] Leaving safepoint region
[2019-12-09T04:31:29.379+0000][1][safepoint    ] Total time for which application threads were stopped: 0.0000943 seconds, Stopping threads took: 0.0000252 seconds
[2019-12-09T04:31:30.380+0000][1][safepoint    ] Application time: 1.0000743 seconds
[2019-12-09T04:31:30.380+0000][1][safepoint    ] Entering safepoint region: Cleanup
[2019-12-09T04:31:30.380+0000][1][safepoint    ] Leaving safepoint region
[2019-12-09T04:31:30.380+0000][1][safepoint    ] Total time for which application threads were stopped: 0.0000958 seconds, Stopping threads took: 0.0000156 seconds
[2019-12-09T04:31:31.380+0000][1][safepoint    ] Application time: 1.0000747 seconds
[2019-12-09T04:31:31.380+0000][1][safepoint    ] Entering safepoint region: Cleanup
[2019-12-09T04:31:31.380+0000][1][safepoint    ] Leaving safepoint region
[2019-12-09T04:31:31.380+0000][1][safepoint    ] Total time for which application threads were stopped: 0.0000898 seconds, Stopping threads took: 0.0000175 seconds
[2019-12-09T04:31:32.380+0000][1][safepoint    ] Application time: 1.0000836 seconds
[2019-12-09T04:31:32.380+0000][1][safepoint    ] Entering safepoint region: Cleanup
[2019-12-09T04:31:32.380+0000][1][safepoint    ] Leaving safepoint region
[2019-12-09T04:31:32.380+0000][1][safepoint    ] Total time for which application threads were stopped: 0.0000888 seconds, Stopping threads took: 0.0000173 seconds
[2019-12-09T04:31:33.380+0000][1][safepoint    ] Application time: 1.0000767 seconds
[2019-12-09T04:31:33.380+0000][1][safepoint    ] Entering safepoint region: Cleanup
[2019-12-09T04:31:33.380+0000][1][safepoint    ] Leaving safepoint region
[2019-12-09T04:31:33.380+0000][1][safepoint    ] Total time for which application threads were stopped: 0.0000900 seconds, Stopping threads took: 0.0000174 seconds
[2019-12-09T04:31:34.380+0000][1][safepoint    ] Application time: 1.0000766 seconds
[2019-12-09T04:31:34.380+0000][1][safepoint    ] Entering safepoint region: Cleanup
[2019-12-09T04:31:34.381+0000][1][safepoint    ] Leaving safepoint region
[2019-12-09T04:31:34.381+0000][1][safepoint    ] Total time for which application threads were stopped: 0.0000934 seconds, Stopping threads took: 0.0000195 seconds
[2019-12-09T04:31:35.381+0000][1][safepoint    ] Application time: 1.0000759 seconds
[2019-12-09T04:31:35.381+0000][1][safepoint    ] Entering safepoint region: Cleanup
[2019-12-09T04:31:35.381+0000][1][safepoint    ] Leaving safepoint region
[2019-12-09T04:31:35.381+0000][1][safepoint    ] Total time for which application threads were stopped: 0.0000990 seconds, Stopping threads took: 0.0000259 seconds
[2019-12-09T04:31:36.381+0000][1][safepoint    ] Application time: 1.0000743 seconds
[2019-12-09T04:31:36.381+0000][1][safepoint    ] Entering safepoint region: Cleanup
[2019-12-09T04:31:36.381+0000][1][safepoint    ] Leaving safepoint region
[2019-12-09T04:31:36.381+0000][1][safepoint    ] Total time for which application threads were stopped: 0.0000909 seconds, Stopping threads took: 0.0000177 seconds
[2019-12-09T04:31:37.381+0000][1][safepoint    ] Application time: 1.0000763 seconds
[2019-12-09T04:31:37.381+0000][1][safepoint    ] Entering safepoint region: Cleanup
[2019-12-09T04:31:37.381+0000][1][safepoint    ] Leaving safepoint region
[2019-12-09T04:31:37.381+0000][1][safepoint    ] Total time for which application threads were stopped: 0.0000906 seconds, Stopping threads took: 0.0000187 seconds
[2019-12-09T04:31:38.381+0000][1][safepoint    ] Application time: 1.0000761 seconds
[2019-12-09T04:31:38.381+0000][1][safepoint    ] Entering safepoint region: Cleanup
[2019-12-09T04:31:38.381+0000][1][safepoint    ] Leaving safepoint region
[2019-12-09T04:31:38.381+0000][1][safepoint    ] Total time for which application threads were stopped: 0.0000926 seconds, Stopping threads took: 0.0000174 seconds
[2019-12-09T04:31:39.381+0000][1][safepoint    ] Application time: 1.0000770 seconds
[2019-12-09T04:31:39.382+0000][1][safepoint    ] Entering safepoint region: Cleanup
[2019-12-09T04:31:39.382+0000][1][safepoint    ] Leaving safepoint region
[2019-12-09T04:31:39.382+0000][1][safepoint    ] Total time for which application threads were stopped: 0.0000936 seconds, Stopping threads took: 0.0000187 seconds
[2019-12-09T04:31:40.382+0000][1][safepoint    ] Application time: 1.0000798 seconds
[2019-12-09T04:31:40.382+0000][1][safepoint    ] Entering safepoint region: Cleanup
[2019-12-09T04:31:40.382+0000][1][safepoint    ] Leaving safepoint region
[2019-12-09T04:31:40.382+0000][1][safepoint    ] Total time for which application threads were stopped: 0.0000877 seconds, Stopping threads took: 0.0000163 seconds
[2019-12-09T04:31:41.382+0000][1][safepoint    ] Application time: 1.0000766 seconds
[2019-12-09T04:31:41.382+0000][1][safepoint    ] Entering safepoint region: Cleanup
[2019-12-09T04:31:41.382+0000][1][safepoint    ] Leaving safepoint region
[2019-12-09T04:31:41.382+0000][1][safepoint    ] Total time for which application threads were stopped: 0.0000893 seconds, Stopping threads took: 0.0000169 seconds
[2019-12-09T04:31:42.382+0000][1][safepoint    ] Application time: 1.0000754 seconds
[2019-12-09T04:31:42.382+0000][1][safepoint    ] Entering safepoint region: Cleanup
[2019-12-09T04:31:42.382+0000][1][safepoint    ] Leaving safepoint region
[2019-12-09T04:31:42.382+0000][1][safepoint    ] Total time for which application threads were stopped: 0.0000963 seconds, Stopping threads took: 0.0000260 seconds
[2019-12-09T04:31:43.382+0000][1][safepoint    ] Application time: 1.0000762 seconds
[2019-12-09T04:31:43.382+0000][1][safepoint    ] Entering safepoint region: Cleanup
[2019-12-09T04:31:43.382+0000][1][safepoint    ] Leaving safepoint region
[2019-12-09T04:31:43.382+0000][1][safepoint    ] Total time for which application threads were stopped: 0.0000899 seconds, Stopping threads took: 0.0000169 seconds
[2019-12-09T04:31:44.383+0000][1][safepoint    ] Application time: 1.0000780 seconds
[2019-12-09T04:31:44.383+0000][1][safepoint    ] Entering safepoint region: Cleanup
[2019-12-09T04:31:44.383+0000][1][safepoint    ] Leaving safepoint region
[2019-12-09T04:31:44.383+0000][1][safepoint    ] Total time for which application threads were stopped: 0.0000878 seconds, Stopping threads took: 0.0000163 seconds
[2019-12-09T04:31:45.383+0000][1][safepoint    ] Application time: 1.0000397 seconds
[2019-12-09T04:31:45.383+0000][1][safepoint    ] Entering safepoint region: Cleanup
[2019-12-09T04:31:45.383+0000][1][safepoint    ] Leaving safepoint region
[2019-12-09T04:31:45.383+0000][1][safepoint    ] Total time for which application threads were stopped: 0.0000878 seconds, Stopping threads took: 0.0000168 seconds
[2019-12-09T04:31:46.383+0000][1][safepoint    ] Application time: 1.0000774 seconds
[2019-12-09T04:31:46.383+0000][1][safepoint    ] Entering safepoint region: Cleanup
[2019-12-09T04:31:46.383+0000][1][safepoint    ] Leaving safepoint region
[2019-12-09T04:31:46.383+0000][1][safepoint    ] Total time for which application threads were stopped: 0.0000908 seconds, Stopping threads took: 0.0000176 seconds
[2019-12-09T04:31:47.383+0000][1][safepoint    ] Application time: 1.0000787 seconds
[2019-12-09T04:31:47.383+0000][1][safepoint    ] Entering safepoint region: Cleanup
[2019-12-09T04:31:47.383+0000][1][safepoint    ] Leaving safepoint region
[2019-12-09T04:31:47.383+0000][1][safepoint    ] Total time for which application threads were stopped: 0.0000905 seconds, Stopping threads took: 0.0000184 seconds
[2019-12-09T04:31:48.383+0000][1][safepoint    ] Application time: 1.0000744 seconds
[2019-12-09T04:31:48.383+0000][1][safepoint    ] Entering safepoint region: Cleanup
[2019-12-09T04:31:48.383+0000][1][safepoint    ] Leaving safepoint region
[2019-12-09T04:31:48.383+0000][1][safepoint    ] Total time for which application threads were stopped: 0.0000886 seconds, Stopping threads took: 0.0000170 seconds
[2019-12-09T04:31:49.384+0000][1][safepoint    ] Application time: 1.0000789 seconds
[2019-12-09T04:31:49.384+0000][1][safepoint    ] Entering safepoint region: Cleanup
[2019-12-09T04:31:49.384+0000][1][safepoint    ] Leaving safepoint region
[2019-12-09T04:31:49.384+0000][1][safepoint    ] Total time for which application threads were stopped: 0.0000894 seconds, Stopping threads took: 0.0000176 seconds
[2019-12-09T04:31:50.837+0000][1][safepoint    ] Application time: 1.4531742 seconds
[2019-12-09T04:31:50.837+0000][1][safepoint    ] Entering safepoint region: Cleanup
[2019-12-09T04:31:50.837+0000][1][safepoint    ] Leaving safepoint region
[2019-12-09T04:31:50.837+0000][1][safepoint    ] Total time for which application threads were stopped: 0.0000887 seconds, Stopping threads took: 0.0000178 seconds
[2019-12-09T04:31:51.837+0000][1][safepoint    ] Application time: 1.0000760 seconds
[2019-12-09T04:31:51.837+0000][1][safepoint    ] Entering safepoint region: Cleanup
[2019-12-09T04:31:51.837+0000][1][safepoint    ] Leaving safepoint region
[2019-12-09T04:31:51.837+0000][1][safepoint    ] Total time for which application threads were stopped: 0.0000876 seconds, Stopping threads took: 0.0000169 seconds
[2019-12-09T04:31:52.837+0000][1][safepoint    ] Application time: 1.0000816 seconds
[2019-12-09T04:31:52.837+0000][1][safepoint    ] Entering safepoint region: Cleanup
[2019-12-09T04:31:52.837+0000][1][safepoint    ] Leaving safepoint region
[2019-12-09T04:31:52.837+0000][1][safepoint    ] Total time for which application threads were stopped: 0.0000998 seconds, Stopping threads took: 0.0000256 seconds
[2019-12-09T04:31:53.838+0000][1][safepoint    ] Application time: 1.0000774 seconds
[2019-12-09T04:31:53.838+0000][1][safepoint    ] Entering safepoint region: Cleanup
[2019-12-09T04:31:53.838+0000][1][safepoint    ] Leaving safepoint region
[2019-12-09T04:31:53.838+0000][1][safepoint    ] Total time for which application threads were stopped: 0.0000892 seconds, Stopping threads took: 0.0000166 seconds
[2019-12-09T04:31:54.838+0000][1][safepoint    ] Application time: 1.0000770 seconds
[2019-12-09T04:31:54.838+0000][1][safepoint    ] Entering safepoint region: Cleanup
[2019-12-09T04:31:54.838+0000][1][safepoint    ] Leaving safepoint region
[2019-12-09T04:31:54.838+0000][1][safepoint    ] Total time for which application threads were stopped: 0.0000931 seconds, Stopping threads took: 0.0000183 seconds
[2019-12-09T04:31:55.838+0000][1][safepoint    ] Application time: 1.0000760 seconds
[2019-12-09T04:31:55.838+0000][1][safepoint    ] Entering safepoint region: Cleanup
[2019-12-09T04:31:55.838+0000][1][safepoint    ] Leaving safepoint region
[2019-12-09T04:31:55.838+0000][1][safepoint    ] Total time for which application threads were stopped: 0.0000975 seconds, Stopping threads took: 0.0000188 seconds
[2019-12-09T04:31:56.838+0000][1][safepoint    ] Application time: 1.0000732 seconds
[2019-12-09T04:31:56.838+0000][1][safepoint    ] Entering safepoint region: Cleanup
[2019-12-09T04:31:56.838+0000][1][safepoint    ] Leaving safepoint region
[2019-12-09T04:31:56.838+0000][1][safepoint    ] Total time for which application threads were stopped: 0.0000873 seconds, Stopping threads took: 0.0000174 seconds
[2019-12-09T04:31:57.838+0000][1][safepoint    ] Application time: 1.0001334 seconds
[2019-12-09T04:31:57.838+0000][1][safepoint    ] Entering safepoint region: Cleanup
[2019-12-09T04:31:57.839+0000][1][safepoint    ] Leaving safepoint region
[2019-12-09T04:31:57.839+0000][1][safepoint    ] Total time for which application threads were stopped: 0.0001298 seconds, Stopping threads took: 0.0000255 seconds
[2019-12-09T04:31:58.839+0000][1][safepoint    ] Application time: 1.0000779 seconds
[2019-12-09T04:31:58.839+0000][1][safepoint    ] Entering safepoint region: Cleanup
[2019-12-09T04:31:58.839+0000][1][safepoint    ] Leaving safepoint region
[2019-12-09T04:31:58.839+0000][1][safepoint    ] Total time for which application threads were stopped: 0.0000916 seconds, Stopping threads took: 0.0000204 seconds
[2019-12-09T04:31:59.839+0000][1][safepoint    ] Application time: 1.0000768 seconds
[2019-12-09T04:31:59.839+0000][1][safepoint    ] Entering safepoint region: Cleanup
[2019-12-09T04:31:59.839+0000][1][safepoint    ] Leaving safepoint region
[2019-12-09T04:31:59.839+0000][1][safepoint    ] Total time for which application threads were stopped: 0.0000871 seconds, Stopping threads took: 0.0000163 seconds
[2019-12-09T04:32:00.839+0000][1][safepoint    ] Application time: 1.0000764 seconds
[2019-12-09T04:32:00.839+0000][1][safepoint    ] Entering safepoint region: Cleanup
[2019-12-09T04:32:00.839+0000][1][safepoint    ] Leaving safepoint region
[2019-12-09T04:32:00.839+0000][1][safepoint    ] Total time for which application threads were stopped: 0.0000884 seconds, Stopping threads took: 0.0000175 seconds
[2019-12-09T04:32:01.839+0000][1][safepoint    ] Application time: 1.0000762 seconds
[2019-12-09T04:32:01.839+0000][1][safepoint    ] Entering safepoint region: Cleanup
[2019-12-09T04:32:01.839+0000][1][safepoint    ] Leaving safepoint region
[2019-12-09T04:32:01.839+0000][1][safepoint    ] Total time for which application threads were stopped: 0.0000902 seconds, Stopping threads took: 0.0000182 seconds
[2019-12-09T04:32:02.840+0000][1][safepoint    ] Application time: 1.0000825 seconds
[2019-12-09T04:32:02.840+0000][1][safepoint    ] Entering safepoint region: Cleanup
[2019-12-09T04:32:02.840+0000][1][safepoint    ] Leaving safepoint region
[2019-12-09T04:32:02.840+0000][1][safepoint    ] Total time for which application threads were stopped: 0.0001623 seconds, Stopping threads took: 0.0000348 seconds
[2019-12-09T04:32:03.840+0000][1][safepoint    ] Application time: 1.0000880 seconds
[2019-12-09T04:32:03.840+0000][1][safepoint    ] Entering safepoint region: Cleanup
[2019-12-09T04:32:03.840+0000][1][safepoint    ] Leaving safepoint region
[2019-12-09T04:32:03.840+0000][1][safepoint    ] Total time for which application threads were stopped: 0.0001270 seconds, Stopping threads took: 0.0000237 seconds
[2019-12-09T04:32:04.840+0000][1][safepoint    ] Application time: 1.0000765 seconds
[2019-12-09T04:32:04.840+0000][1][safepoint    ] Entering safepoint region: Cleanup
[2019-12-09T04:32:04.840+0000][1][safepoint    ] Leaving safepoint region
[2019-12-09T04:32:04.840+0000][1][safepoint    ] Total time for which application threads were stopped: 0.0000904 seconds, Stopping threads took: 0.0000171 seconds
[2019-12-09T04:32:05.840+0000][1][safepoint    ] Application time: 1.0000756 seconds
[2019-12-09T04:32:05.840+0000][1][safepoint    ] Entering safepoint region: Cleanup
[2019-12-09T04:32:05.840+0000][1][safepoint    ] Leaving safepoint region
[2019-12-09T04:32:05.840+0000][1][safepoint    ] Total time for which application threads were stopped: 0.0000910 seconds, Stopping threads took: 0.0000177 seconds
[2019-12-09T04:32:06.841+0000][1][safepoint    ] Application time: 1.0000751 seconds
[2019-12-09T04:32:06.841+0000][1][safepoint    ] Entering safepoint region: Cleanup
[2019-12-09T04:32:06.841+0000][1][safepoint    ] Leaving safepoint region
[2019-12-09T04:32:06.841+0000][1][safepoint    ] Total time for which application threads were stopped: 0.0000895 seconds, Stopping threads took: 0.0000179 seconds
[2019-12-09T04:32:07.842+0000][1][safepoint    ] Application time: 1.0009505 seconds
[2019-12-09T04:32:07.842+0000][1][safepoint    ] Entering safepoint region: Cleanup
[2019-12-09T04:32:07.842+0000][1][safepoint    ] Leaving safepoint region
[2019-12-09T04:32:07.842+0000][1][safepoint    ] Total time for which application threads were stopped: 0.0001491 seconds, Stopping threads took: 0.0000253 seconds
[2019-12-09T04:32:08.842+0000][1][safepoint    ] Application time: 1.0000782 seconds
[2019-12-09T04:32:08.842+0000][1][safepoint    ] Entering safepoint region: Cleanup
[2019-12-09T04:32:08.842+0000][1][safepoint    ] Leaving safepoint region
[2019-12-09T04:32:08.842+0000][1][safepoint    ] Total time for which application threads were stopped: 0.0000891 seconds, Stopping threads took: 0.0000177 seconds
[2019-12-09T04:32:09.842+0000][1][safepoint    ] Application time: 1.0000776 seconds
[2019-12-09T04:32:09.842+0000][1][safepoint    ] Entering safepoint region: Cleanup
[2019-12-09T04:32:09.842+0000][1][safepoint    ] Leaving safepoint region
[2019-12-09T04:32:09.842+0000][1][safepoint    ] Total time for which application threads were stopped: 0.0000887 seconds, Stopping threads took: 0.0000175 seconds
[2019-12-09T04:32:10.842+0000][1][safepoint    ] Application time: 1.0000746 seconds
[2019-12-09T04:32:10.842+0000][1][safepoint    ] Entering safepoint region: Cleanup
[2019-12-09T04:32:10.842+0000][1][safepoint    ] Leaving safepoint region
[2019-12-09T04:32:10.842+0000][1][safepoint    ] Total time for which application threads were stopped: 0.0000869 seconds, Stopping threads took: 0.0000167 seconds
[2019-12-09T04:32:11.842+0000][1][safepoint    ] Application time: 1.0000756 seconds
[2019-12-09T04:32:11.843+0000][1][safepoint    ] Entering safepoint region: Cleanup
[2019-12-09T04:32:11.843+0000][1][safepoint    ] Leaving safepoint region
[2019-12-09T04:32:11.843+0000][1][safepoint    ] Total time for which application threads were stopped: 0.0000877 seconds, Stopping threads took: 0.0000177 seconds
[2019-12-09T04:32:12.843+0000][1][safepoint    ] Application time: 1.0000750 seconds
[2019-12-09T04:32:12.843+0000][1][safepoint    ] Entering safepoint region: Cleanup
[2019-12-09T04:32:12.843+0000][1][safepoint    ] Leaving safepoint region
[2019-12-09T04:32:12.843+0000][1][safepoint    ] Total time for which application threads were stopped: 0.0000947 seconds, Stopping threads took: 0.0000173 seconds
[2019-12-09T04:32:13.843+0000][1][safepoint    ] Application time: 1.0000745 seconds
[2019-12-09T04:32:13.843+0000][1][safepoint    ] Entering safepoint region: Cleanup
[2019-12-09T04:32:13.843+0000][1][safepoint    ] Leaving safepoint region
[2019-12-09T04:32:13.843+0000][1][safepoint    ] Total time for which application threads were stopped: 0.0001030 seconds, Stopping threads took: 0.0000172 seconds
[2019-12-09T04:32:14.843+0000][1][safepoint    ] Application time: 1.0000737 seconds
[2019-12-09T04:32:14.843+0000][1][safepoint    ] Entering safepoint region: Cleanup
[2019-12-09T04:32:14.843+0000][1][safepoint    ] Leaving safepoint region
[2019-12-09T04:32:14.843+0000][1][safepoint    ] Total time for which application threads were stopped: 0.0000885 seconds, Stopping threads took: 0.0000173 seconds
[2019-12-09T04:32:15.843+0000][1][safepoint    ] Application time: 1.0000745 seconds
[2019-12-09T04:32:15.843+0000][1][safepoint    ] Entering safepoint region: Cleanup
[2019-12-09T04:32:15.843+0000][1][safepoint    ] Leaving safepoint region
[2019-12-09T04:32:15.843+0000][1][safepoint    ] Total time for which application threads were stopped: 0.0000917 seconds, Stopping threads took: 0.0000202 seconds
[2019-12-09T04:32:16.463+0000][1][safepoint    ] Application time: 0.6192461 seconds
[2019-12-09T04:32:16.463+0000][1][safepoint    ] Entering safepoint region: GenCollectForAllocation
[2019-12-09T04:32:16.463+0000][1][gc,start     ] GC(51) Pause Young (Allocation Failure)
[2019-12-09T04:32:16.463+0000][1][gc,task      ] GC(51) Using 2 workers of 2 for evacuation
[2019-12-09T04:32:16.465+0000][1][gc,age       ] GC(51) Desired survivor size 4456448 bytes, new threshold 6 (max threshold 6)
[2019-12-09T04:32:16.465+0000][1][gc,age       ] GC(51) Age table with threshold 6 (max threshold 6)
[2019-12-09T04:32:16.465+0000][1][gc,age       ] GC(51) - age   1:      19176 bytes,      19176 total
[2019-12-09T04:32:16.465+0000][1][gc,age       ] GC(51) - age   2:       3272 bytes,      22448 total
[2019-12-09T04:32:16.465+0000][1][gc,age       ] GC(51) - age   3:       1872 bytes,      24320 total
[2019-12-09T04:32:16.465+0000][1][gc,age       ] GC(51) - age   4:        152 bytes,      24472 total
[2019-12-09T04:32:16.465+0000][1][gc,age       ] GC(51) - age   5:       2576 bytes,      27048 total
[2019-12-09T04:32:16.465+0000][1][gc,age       ] GC(51) - age   6:       4080 bytes,      31128 total
[2019-12-09T04:32:16.465+0000][1][gc,heap      ] GC(51) ParNew: 69961K->67K(78656K)
[2019-12-09T04:32:16.465+0000][1][gc,heap      ] GC(51) CMS: 75882K->75908K(174784K)
[2019-12-09T04:32:16.465+0000][1][gc,metaspace ] GC(51) Metaspace: 80097K->80097K(1122304K)
[2019-12-09T04:32:16.465+0000][1][gc           ] GC(51) Pause Young (Allocation Failure) 142M->74M(247M) 1.870ms
[2019-12-09T04:32:16.465+0000][1][gc,cpu       ] GC(51) User=0.01s Sys=0.00s Real=0.01s
[2019-12-09T04:32:16.465+0000][1][safepoint    ] Leaving safepoint region
[2019-12-09T04:32:16.465+0000][1][safepoint    ] Total time for which application threads were stopped: 0.0020257 seconds, Stopping threads took: 0.0000162 seconds
[2019-12-09T04:32:17.465+0000][1][safepoint    ] Application time: 1.0000916 seconds
[2019-12-09T04:32:17.465+0000][1][safepoint    ] Entering safepoint region: Cleanup
[2019-12-09T04:32:17.465+0000][1][safepoint    ] Leaving safepoint region
[2019-12-09T04:32:17.465+0000][1][safepoint    ] Total time for which application threads were stopped: 0.0001003 seconds, Stopping threads took: 0.0000191 seconds
[2019-12-09T04:32:18.465+0000][1][safepoint    ] Application time: 1.0000747 seconds
[2019-12-09T04:32:18.465+0000][1][safepoint    ] Entering safepoint region: Cleanup
[2019-12-09T04:32:18.465+0000][1][safepoint    ] Leaving safepoint region
[2019-12-09T04:32:18.465+0000][1][safepoint    ] Total time for which application threads were stopped: 0.0000865 seconds, Stopping threads took: 0.0000174 seconds
[2019-12-09T04:32:19.465+0000][1][safepoint    ] Application time: 1.0000770 seconds
[2019-12-09T04:32:19.465+0000][1][safepoint    ] Entering safepoint region: Cleanup
[2019-12-09T04:32:19.465+0000][1][safepoint    ] Leaving safepoint region
[2019-12-09T04:32:19.465+0000][1][safepoint    ] Total time for which application threads were stopped: 0.0000921 seconds, Stopping threads took: 0.0000179 seconds
[2019-12-09T04:32:20.465+0000][1][safepoint    ] Application time: 1.0000769 seconds
[2019-12-09T04:32:20.466+0000][1][safepoint    ] Entering safepoint region: Cleanup
[2019-12-09T04:32:20.466+0000][1][safepoint    ] Leaving safepoint region
[2019-12-09T04:32:20.466+0000][1][safepoint    ] Total time for which application threads were stopped: 0.0000874 seconds, Stopping threads took: 0.0000170 seconds
[2019-12-09T04:32:21.466+0000][1][safepoint    ] Application time: 1.0000837 seconds
[2019-12-09T04:32:21.466+0000][1][safepoint    ] Entering safepoint region: Cleanup
[2019-12-09T04:32:21.466+0000][1][safepoint    ] Leaving safepoint region
[2019-12-09T04:32:21.466+0000][1][safepoint    ] Total time for which application threads were stopped: 0.0000867 seconds, Stopping threads took: 0.0000163 seconds
[2019-12-09T04:32:22.466+0000][1][safepoint    ] Application time: 1.0000744 seconds
[2019-12-09T04:32:22.466+0000][1][safepoint    ] Entering safepoint region: Cleanup
[2019-12-09T04:32:22.466+0000][1][safepoint    ] Leaving safepoint region
[2019-12-09T04:32:22.466+0000][1][safepoint    ] Total time for which application threads were stopped: 0.0000839 seconds, Stopping threads took: 0.0000169 seconds
[2019-12-09T04:32:23.466+0000][1][safepoint    ] Application time: 1.0000758 seconds
[2019-12-09T04:32:23.466+0000][1][safepoint    ] Entering safepoint region: Cleanup
[2019-12-09T04:32:23.466+0000][1][safepoint    ] Leaving safepoint region
[2019-12-09T04:32:23.466+0000][1][safepoint    ] Total time for which application threads were stopped: 0.0000945 seconds, Stopping threads took: 0.0000167 seconds
[2019-12-09T04:32:24.466+0000][1][safepoint    ] Application time: 1.0000745 seconds
[2019-12-09T04:32:24.466+0000][1][safepoint    ] Entering safepoint region: Cleanup
[2019-12-09T04:32:24.466+0000][1][safepoint    ] Leaving safepoint region
[2019-12-09T04:32:24.466+0000][1][safepoint    ] Total time for which application threads were stopped: 0.0000886 seconds, Stopping threads took: 0.0000179 seconds
[2019-12-09T04:32:25.466+0000][1][safepoint    ] Application time: 1.0000757 seconds
[2019-12-09T04:32:25.467+0000][1][safepoint    ] Entering safepoint region: Cleanup
[2019-12-09T04:32:25.467+0000][1][safepoint    ] Leaving safepoint region
[2019-12-09T04:32:25.467+0000][1][safepoint    ] Total time for which application threads were stopped: 0.0000871 seconds, Stopping threads took: 0.0000170 seconds
[2019-12-09T04:32:26.467+0000][1][safepoint    ] Application time: 1.0000753 seconds
[2019-12-09T04:32:26.467+0000][1][safepoint    ] Entering safepoint region: Cleanup
[2019-12-09T04:32:26.467+0000][1][safepoint    ] Leaving safepoint region
[2019-12-09T04:32:26.467+0000][1][safepoint    ] Total time for which application threads were stopped: 0.0000865 seconds, Stopping threads took: 0.0000167 seconds
[2019-12-09T04:32:27.467+0000][1][safepoint    ] Application time: 1.0000750 seconds
[2019-12-09T04:32:27.467+0000][1][safepoint    ] Entering safepoint region: Cleanup
[2019-12-09T04:32:27.467+0000][1][safepoint    ] Leaving safepoint region
[2019-12-09T04:32:27.467+0000][1][safepoint    ] Total time for which application threads were stopped: 0.0000884 seconds, Stopping threads took: 0.0000179 seconds
[2019-12-09T04:32:28.467+0000][1][safepoint    ] Application time: 1.0000729 seconds
[2019-12-09T04:32:28.467+0000][1][safepoint    ] Entering safepoint region: Cleanup
[2019-12-09T04:32:28.467+0000][1][safepoint    ] Leaving safepoint region
[2019-12-09T04:32:28.467+0000][1][safepoint    ] Total time for which application threads were stopped: 0.0000864 seconds, Stopping threads took: 0.0000158 seconds
[2019-12-09T04:32:29.467+0000][1][safepoint    ] Application time: 1.0000752 seconds
[2019-12-09T04:32:29.467+0000][1][safepoint    ] Entering safepoint region: Cleanup
[2019-12-09T04:32:29.467+0000][1][safepoint    ] Leaving safepoint region
[2019-12-09T04:32:29.467+0000][1][safepoint    ] Total time for which application threads were stopped: 0.0000921 seconds, Stopping threads took: 0.0000237 seconds
[2019-12-09T04:32:30.467+0000][1][safepoint    ] Application time: 1.0000745 seconds
[2019-12-09T04:32:30.467+0000][1][safepoint    ] Entering safepoint region: Cleanup
[2019-12-09T04:32:30.468+0000][1][safepoint    ] Leaving safepoint region
[2019-12-09T04:32:30.468+0000][1][safepoint    ] Total time for which application threads were stopped: 0.0000878 seconds, Stopping threads took: 0.0000179 seconds
[2019-12-09T04:32:31.468+0000][1][safepoint    ] Application time: 1.0000745 seconds
[2019-12-09T04:32:31.468+0000][1][safepoint    ] Entering safepoint region: Cleanup
[2019-12-09T04:32:31.468+0000][1][safepoint    ] Leaving safepoint region
[2019-12-09T04:32:31.468+0000][1][safepoint    ] Total time for which application threads were stopped: 0.0000864 seconds, Stopping threads took: 0.0000161 seconds
[2019-12-09T04:32:32.468+0000][1][safepoint    ] Application time: 1.0000758 seconds
[2019-12-09T04:32:32.468+0000][1][safepoint    ] Entering safepoint region: Cleanup
[2019-12-09T04:32:32.468+0000][1][safepoint    ] Leaving safepoint region
[2019-12-09T04:32:32.468+0000][1][safepoint    ] Total time for which application threads were stopped: 0.0000886 seconds, Stopping threads took: 0.0000167 seconds
[2019-12-09T04:32:33.468+0000][1][safepoint    ] Application time: 1.0000800 seconds
[2019-12-09T04:32:33.468+0000][1][safepoint    ] Entering safepoint region: Cleanup
[2019-12-09T04:32:33.468+0000][1][safepoint    ] Leaving safepoint region
[2019-12-09T04:32:33.468+0000][1][safepoint    ] Total time for which application threads were stopped: 0.0001109 seconds, Stopping threads took: 0.0000230 seconds
[2019-12-09T04:32:34.468+0000][1][safepoint    ] Application time: 1.0000758 seconds
[2019-12-09T04:32:34.468+0000][1][safepoint    ] Entering safepoint region: Cleanup
[2019-12-09T04:32:34.468+0000][1][safepoint    ] Leaving safepoint region
[2019-12-09T04:32:34.468+0000][1][safepoint    ] Total time for which application threads were stopped: 0.0000854 seconds, Stopping threads took: 0.0000171 seconds
[2019-12-09T04:32:35.468+0000][1][safepoint    ] Application time: 1.0000745 seconds
[2019-12-09T04:32:35.469+0000][1][safepoint    ] Entering safepoint region: Cleanup
[2019-12-09T04:32:35.469+0000][1][safepoint    ] Leaving safepoint region
[2019-12-09T04:32:35.469+0000][1][safepoint    ] Total time for which application threads were stopped: 0.0000846 seconds, Stopping threads took: 0.0000165 seconds
[2019-12-09T04:32:36.469+0000][1][safepoint    ] Application time: 1.0000742 seconds
[2019-12-09T04:32:36.469+0000][1][safepoint    ] Entering safepoint region: Cleanup
[2019-12-09T04:32:36.469+0000][1][safepoint    ] Leaving safepoint region
[2019-12-09T04:32:36.469+0000][1][safepoint    ] Total time for which application threads were stopped: 0.0000875 seconds, Stopping threads took: 0.0000184 seconds
[2019-12-09T04:32:37.469+0000][1][safepoint    ] Application time: 1.0000756 seconds
[2019-12-09T04:32:37.469+0000][1][safepoint    ] Entering safepoint region: Cleanup
[2019-12-09T04:32:37.469+0000][1][safepoint    ] Leaving safepoint region
[2019-12-09T04:32:37.469+0000][1][safepoint    ] Total time for which application threads were stopped: 0.0000850 seconds, Stopping threads took: 0.0000165 seconds
[2019-12-09T04:32:38.469+0000][1][safepoint    ] Application time: 1.0000746 seconds
[2019-12-09T04:32:38.469+0000][1][safepoint    ] Entering safepoint region: Cleanup
[2019-12-09T04:32:38.469+0000][1][safepoint    ] Leaving safepoint region
[2019-12-09T04:32:38.469+0000][1][safepoint    ] Total time for which application threads were stopped: 0.0000922 seconds, Stopping threads took: 0.0000166 seconds
[2019-12-09T04:32:39.469+0000][1][safepoint    ] Application time: 1.0000756 seconds
[2019-12-09T04:32:39.469+0000][1][safepoint    ] Entering safepoint region: Cleanup
[2019-12-09T04:32:39.469+0000][1][safepoint    ] Leaving safepoint region
[2019-12-09T04:32:39.469+0000][1][safepoint    ] Total time for which application threads were stopped: 0.0000874 seconds, Stopping threads took: 0.0000170 seconds
[2019-12-09T04:32:40.469+0000][1][safepoint    ] Application time: 1.0000751 seconds
[2019-12-09T04:32:40.469+0000][1][safepoint    ] Entering safepoint region: Cleanup
[2019-12-09T04:32:40.470+0000][1][safepoint    ] Leaving safepoint region
[2019-12-09T04:32:40.470+0000][1][safepoint    ] Total time for which application threads were stopped: 0.0000863 seconds, Stopping threads took: 0.0000165 seconds
[2019-12-09T04:32:41.470+0000][1][safepoint    ] Application time: 1.0000756 seconds
[2019-12-09T04:32:41.470+0000][1][safepoint    ] Entering safepoint region: Cleanup
[2019-12-09T04:32:41.470+0000][1][safepoint    ] Leaving safepoint region
[2019-12-09T04:32:41.470+0000][1][safepoint    ] Total time for which application threads were stopped: 0.0000965 seconds, Stopping threads took: 0.0000159 seconds
[2019-12-09T04:32:42.470+0000][1][safepoint    ] Application time: 1.0000763 seconds
[2019-12-09T04:32:42.470+0000][1][safepoint    ] Entering safepoint region: Cleanup
[2019-12-09T04:32:42.470+0000][1][safepoint    ] Leaving safepoint region
[2019-12-09T04:32:42.470+0000][1][safepoint    ] Total time for which application threads were stopped: 0.0000864 seconds, Stopping threads took: 0.0000170 seconds
[2019-12-09T04:32:43.470+0000][1][safepoint    ] Application time: 1.0000758 seconds
[2019-12-09T04:32:43.470+0000][1][safepoint    ] Entering safepoint region: Cleanup
[2019-12-09T04:32:43.470+0000][1][safepoint    ] Leaving safepoint region
[2019-12-09T04:32:43.470+0000][1][safepoint    ] Total time for which application threads were stopped: 0.0000875 seconds, Stopping threads took: 0.0000174 seconds
[2019-12-09T04:32:44.470+0000][1][safepoint    ] Application time: 1.0000748 seconds
[2019-12-09T04:32:44.470+0000][1][safepoint    ] Entering safepoint region: Cleanup
[2019-12-09T04:32:44.470+0000][1][safepoint    ] Leaving safepoint region
[2019-12-09T04:32:44.470+0000][1][safepoint    ] Total time for which application threads were stopped: 0.0000839 seconds, Stopping threads took: 0.0000163 seconds
[2019-12-09T04:32:45.470+0000][1][safepoint    ] Application time: 1.0000765 seconds
[2019-12-09T04:32:45.470+0000][1][safepoint    ] Entering safepoint region: Cleanup
[2019-12-09T04:32:45.471+0000][1][safepoint    ] Leaving safepoint region
[2019-12-09T04:32:45.471+0000][1][safepoint    ] Total time for which application threads were stopped: 0.0000857 seconds, Stopping threads took: 0.0000175 seconds
[2019-12-09T04:32:46.471+0000][1][safepoint    ] Application time: 1.0000770 seconds
[2019-12-09T04:32:46.471+0000][1][safepoint    ] Entering safepoint region: Cleanup
[2019-12-09T04:32:46.471+0000][1][safepoint    ] Leaving safepoint region
[2019-12-09T04:32:46.471+0000][1][safepoint    ] Total time for which application threads were stopped: 0.0000995 seconds, Stopping threads took: 0.0000173 seconds
[2019-12-09T04:32:47.471+0000][1][safepoint    ] Application time: 1.0000740 seconds
[2019-12-09T04:32:47.471+0000][1][safepoint    ] Entering safepoint region: Cleanup
[2019-12-09T04:32:47.471+0000][1][safepoint    ] Leaving safepoint region
[2019-12-09T04:32:47.471+0000][1][safepoint    ] Total time for which application threads were stopped: 0.0001088 seconds, Stopping threads took: 0.0000160 seconds
[2019-12-09T04:32:48.471+0000][1][safepoint    ] Application time: 1.0000739 seconds
[2019-12-09T04:32:48.471+0000][1][safepoint    ] Entering safepoint region: Cleanup
[2019-12-09T04:32:48.471+0000][1][safepoint    ] Leaving safepoint region
[2019-12-09T04:32:48.471+0000][1][safepoint    ] Total time for which application threads were stopped: 0.0000859 seconds, Stopping threads took: 0.0000165 seconds
[2019-12-09T04:32:49.471+0000][1][safepoint    ] Application time: 1.0000737 seconds
[2019-12-09T04:32:49.471+0000][1][safepoint    ] Entering safepoint region: Cleanup
[2019-12-09T04:32:49.471+0000][1][safepoint    ] Leaving safepoint region
[2019-12-09T04:32:49.471+0000][1][safepoint    ] Total time for which application threads were stopped: 0.0000866 seconds, Stopping threads took: 0.0000178 seconds
[2019-12-09T04:32:50.471+0000][1][safepoint    ] Application time: 1.0000746 seconds
[2019-12-09T04:32:50.471+0000][1][safepoint    ] Entering safepoint region: Cleanup
[2019-12-09T04:32:50.472+0000][1][safepoint    ] Leaving safepoint region
[2019-12-09T04:32:50.472+0000][1][safepoint    ] Total time for which application threads were stopped: 0.0000842 seconds, Stopping threads took: 0.0000168 seconds
[2019-12-09T04:32:51.472+0000][1][safepoint    ] Application time: 1.0000768 seconds
[2019-12-09T04:32:51.472+0000][1][safepoint    ] Entering safepoint region: Cleanup
[2019-12-09T04:32:51.472+0000][1][safepoint    ] Leaving safepoint region
[2019-12-09T04:32:51.472+0000][1][safepoint    ] Total time for which application threads were stopped: 0.0000987 seconds, Stopping threads took: 0.0000173 seconds
[2019-12-09T04:32:52.472+0000][1][safepoint    ] Application time: 1.0000757 seconds
[2019-12-09T04:32:52.472+0000][1][safepoint    ] Entering safepoint region: Cleanup
[2019-12-09T04:32:52.472+0000][1][safepoint    ] Leaving safepoint region
[2019-12-09T04:32:52.472+0000][1][safepoint    ] Total time for which application threads were stopped: 0.0000841 seconds, Stopping threads took: 0.0000161 seconds
[2019-12-09T04:32:53.472+0000][1][safepoint    ] Application time: 1.0000754 seconds
[2019-12-09T04:32:53.472+0000][1][safepoint    ] Entering safepoint region: Cleanup
[2019-12-09T04:32:53.472+0000][1][safepoint    ] Leaving safepoint region
[2019-12-09T04:32:53.472+0000][1][safepoint    ] Total time for which application threads were stopped: 0.0000849 seconds, Stopping threads took: 0.0000168 seconds
[2019-12-09T04:32:54.472+0000][1][safepoint    ] Application time: 1.0000756 seconds
[2019-12-09T04:32:54.472+0000][1][safepoint    ] Entering safepoint region: Cleanup
[2019-12-09T04:32:54.472+0000][1][safepoint    ] Leaving safepoint region
[2019-12-09T04:32:54.472+0000][1][safepoint    ] Total time for which application threads were stopped: 0.0000863 seconds, Stopping threads took: 0.0000169 seconds
[2019-12-09T04:32:55.472+0000][1][safepoint    ] Application time: 1.0000757 seconds
[2019-12-09T04:32:55.472+0000][1][safepoint    ] Entering safepoint region: Cleanup
[2019-12-09T04:32:55.472+0000][1][safepoint    ] Leaving safepoint region
[2019-12-09T04:32:55.473+0000][1][safepoint    ] Total time for which application threads were stopped: 0.0000850 seconds, Stopping threads took: 0.0000170 seconds
[2019-12-09T04:32:56.473+0000][1][safepoint    ] Application time: 1.0000767 seconds
[2019-12-09T04:32:56.473+0000][1][safepoint    ] Entering safepoint region: Cleanup
[2019-12-09T04:32:56.473+0000][1][safepoint    ] Leaving safepoint region
[2019-12-09T04:32:56.473+0000][1][safepoint    ] Total time for which application threads were stopped: 0.0000976 seconds, Stopping threads took: 0.0000160 seconds
[2019-12-09T04:32:57.473+0000][1][safepoint    ] Application time: 1.0000758 seconds
[2019-12-09T04:32:57.473+0000][1][safepoint    ] Entering safepoint region: Cleanup
[2019-12-09T04:32:57.473+0000][1][safepoint    ] Leaving safepoint region
[2019-12-09T04:32:57.473+0000][1][safepoint    ] Total time for which application threads were stopped: 0.0000850 seconds, Stopping threads took: 0.0000161 seconds
[2019-12-09T04:32:58.473+0000][1][safepoint    ] Application time: 1.0000749 seconds
[2019-12-09T04:32:58.473+0000][1][safepoint    ] Entering safepoint region: Cleanup
[2019-12-09T04:32:58.473+0000][1][safepoint    ] Leaving safepoint region
[2019-12-09T04:32:58.473+0000][1][safepoint    ] Total time for which application threads were stopped: 0.0000870 seconds, Stopping threads took: 0.0000165 seconds
[2019-12-09T04:32:59.473+0000][1][safepoint    ] Application time: 1.0000764 seconds
[2019-12-09T04:32:59.473+0000][1][safepoint    ] Entering safepoint region: Cleanup
[2019-12-09T04:32:59.473+0000][1][safepoint    ] Leaving safepoint region
[2019-12-09T04:32:59.473+0000][1][safepoint    ] Total time for which application threads were stopped: 0.0000928 seconds, Stopping threads took: 0.0000224 seconds
[2019-12-09T04:33:00.473+0000][1][safepoint    ] Application time: 1.0000755 seconds
[2019-12-09T04:33:00.473+0000][1][safepoint    ] Entering safepoint region: Cleanup
[2019-12-09T04:33:00.474+0000][1][safepoint    ] Leaving safepoint region
[2019-12-09T04:33:00.474+0000][1][safepoint    ] Total time for which application threads were stopped: 0.0000882 seconds, Stopping threads took: 0.0000173 seconds
[2019-12-09T04:33:01.474+0000][1][safepoint    ] Application time: 1.0000846 seconds
[2019-12-09T04:33:01.474+0000][1][safepoint    ] Entering safepoint region: Cleanup
[2019-12-09T04:33:01.474+0000][1][safepoint    ] Leaving safepoint region
[2019-12-09T04:33:01.474+0000][1][safepoint    ] Total time for which application threads were stopped: 0.0001332 seconds, Stopping threads took: 0.0000238 seconds
[2019-12-09T04:33:02.813+0000][1][safepoint    ] Application time: 1.3396036 seconds
[2019-12-09T04:33:02.813+0000][1][safepoint    ] Entering safepoint region: Cleanup
[2019-12-09T04:33:02.814+0000][1][safepoint    ] Leaving safepoint region
[2019-12-09T04:33:02.814+0000][1][safepoint    ] Total time for which application threads were stopped: 0.0000871 seconds, Stopping threads took: 0.0000157 seconds
[2019-12-09T04:33:03.814+0000][1][safepoint    ] Application time: 1.0000754 seconds
[2019-12-09T04:33:03.814+0000][1][safepoint    ] Entering safepoint region: Cleanup
[2019-12-09T04:33:03.814+0000][1][safepoint    ] Leaving safepoint region
[2019-12-09T04:33:03.814+0000][1][safepoint    ] Total time for which application threads were stopped: 0.0001041 seconds, Stopping threads took: 0.0000166 seconds
[2019-12-09T04:33:04.814+0000][1][safepoint    ] Application time: 1.0000825 seconds
[2019-12-09T04:33:04.814+0000][1][safepoint    ] Entering safepoint region: Cleanup
[2019-12-09T04:33:04.814+0000][1][safepoint    ] Leaving safepoint region
[2019-12-09T04:33:04.814+0000][1][safepoint    ] Total time for which application threads were stopped: 0.0000861 seconds, Stopping threads took: 0.0000170 seconds
[2019-12-09T04:33:05.814+0000][1][safepoint    ] Application time: 1.0000740 seconds
[2019-12-09T04:33:05.814+0000][1][safepoint    ] Entering safepoint region: Cleanup
[2019-12-09T04:33:05.814+0000][1][safepoint    ] Leaving safepoint region
[2019-12-09T04:33:05.814+0000][1][safepoint    ] Total time for which application threads were stopped: 0.0000839 seconds, Stopping threads took: 0.0000145 seconds
[2019-12-09T04:33:06.814+0000][1][safepoint    ] Application time: 1.0000716 seconds
[2019-12-09T04:33:06.814+0000][1][safepoint    ] Entering safepoint region: Cleanup
[2019-12-09T04:33:06.814+0000][1][safepoint    ] Leaving safepoint region
[2019-12-09T04:33:06.814+0000][1][safepoint    ] Total time for which application threads were stopped: 0.0000888 seconds, Stopping threads took: 0.0000145 seconds
[2019-12-09T04:33:07.814+0000][1][safepoint    ] Application time: 1.0000725 seconds
[2019-12-09T04:33:07.814+0000][1][safepoint    ] Entering safepoint region: Cleanup
[2019-12-09T04:33:07.815+0000][1][safepoint    ] Leaving safepoint region
[2019-12-09T04:33:07.815+0000][1][safepoint    ] Total time for which application threads were stopped: 0.0000886 seconds, Stopping threads took: 0.0000156 seconds
[2019-12-09T04:33:08.815+0000][1][safepoint    ] Application time: 1.0000759 seconds
[2019-12-09T04:33:08.815+0000][1][safepoint    ] Entering safepoint region: Cleanup
[2019-12-09T04:33:08.815+0000][1][safepoint    ] Leaving safepoint region
[2019-12-09T04:33:08.815+0000][1][safepoint    ] Total time for which application threads were stopped: 0.0000869 seconds, Stopping threads took: 0.0000167 seconds
[2019-12-09T04:33:09.815+0000][1][safepoint    ] Application time: 1.0000751 seconds
[2019-12-09T04:33:09.815+0000][1][safepoint    ] Entering safepoint region: Cleanup
[2019-12-09T04:33:09.815+0000][1][safepoint    ] Leaving safepoint region
[2019-12-09T04:33:09.815+0000][1][safepoint    ] Total time for which application threads were stopped: 0.0000939 seconds, Stopping threads took: 0.0000240 seconds
[2019-12-09T04:33:10.815+0000][1][safepoint    ] Application time: 1.0000770 seconds
[2019-12-09T04:33:10.815+0000][1][safepoint    ] Entering safepoint region: Cleanup
[2019-12-09T04:33:10.815+0000][1][safepoint    ] Leaving safepoint region
[2019-12-09T04:33:10.815+0000][1][safepoint    ] Total time for which application threads were stopped: 0.0000863 seconds, Stopping threads took: 0.0000163 seconds
[2019-12-09T04:33:11.815+0000][1][safepoint    ] Application time: 1.0000776 seconds
[2019-12-09T04:33:11.815+0000][1][safepoint    ] Entering safepoint region: Cleanup
[2019-12-09T04:33:11.815+0000][1][safepoint    ] Leaving safepoint region
[2019-12-09T04:33:11.815+0000][1][safepoint    ] Total time for which application threads were stopped: 0.0000842 seconds, Stopping threads took: 0.0000156 seconds
[2019-12-09T04:33:12.815+0000][1][safepoint    ] Application time: 1.0000765 seconds
[2019-12-09T04:33:12.816+0000][1][safepoint    ] Entering safepoint region: Cleanup
[2019-12-09T04:33:12.816+0000][1][safepoint    ] Leaving safepoint region
[2019-12-09T04:33:12.816+0000][1][safepoint    ] Total time for which application threads were stopped: 0.0000895 seconds, Stopping threads took: 0.0000163 seconds
[2019-12-09T04:33:13.816+0000][1][safepoint    ] Application time: 1.0000753 seconds
[2019-12-09T04:33:13.816+0000][1][safepoint    ] Entering safepoint region: Cleanup
[2019-12-09T04:33:13.816+0000][1][safepoint    ] Leaving safepoint region
[2019-12-09T04:33:13.816+0000][1][safepoint    ] Total time for which application threads were stopped: 0.0000881 seconds, Stopping threads took: 0.0000168 seconds
[2019-12-09T04:33:14.816+0000][1][safepoint    ] Application time: 1.0000763 seconds
[2019-12-09T04:33:14.816+0000][1][safepoint    ] Entering safepoint region: Cleanup
[2019-12-09T04:33:14.816+0000][1][safepoint    ] Leaving safepoint region
[2019-12-09T04:33:14.816+0000][1][safepoint    ] Total time for which application threads were stopped: 0.0000879 seconds, Stopping threads took: 0.0000165 seconds
[2019-12-09T04:33:15.816+0000][1][safepoint    ] Application time: 1.0000744 seconds
[2019-12-09T04:33:15.816+0000][1][safepoint    ] Entering safepoint region: Cleanup
[2019-12-09T04:33:15.816+0000][1][safepoint    ] Leaving safepoint region
[2019-12-09T04:33:15.816+0000][1][safepoint    ] Total time for which application threads were stopped: 0.0000864 seconds, Stopping threads took: 0.0000162 seconds
[2019-12-09T04:33:16.816+0000][1][safepoint    ] Application time: 1.0000772 seconds
[2019-12-09T04:33:16.816+0000][1][safepoint    ] Entering safepoint region: Cleanup
[2019-12-09T04:33:16.816+0000][1][safepoint    ] Leaving safepoint region
[2019-12-09T04:33:16.816+0000][1][safepoint    ] Total time for which application threads were stopped: 0.0000866 seconds, Stopping threads took: 0.0000160 seconds
[2019-12-09T04:33:17.817+0000][1][safepoint    ] Application time: 1.0000766 seconds
[2019-12-09T04:33:17.817+0000][1][safepoint    ] Entering safepoint region: Cleanup
[2019-12-09T04:33:17.817+0000][1][safepoint    ] Leaving safepoint region
[2019-12-09T04:33:17.817+0000][1][safepoint    ] Total time for which application threads were stopped: 0.0000866 seconds, Stopping threads took: 0.0000163 seconds
[2019-12-09T04:33:18.817+0000][1][safepoint    ] Application time: 1.0000762 seconds
[2019-12-09T04:33:18.817+0000][1][safepoint    ] Entering safepoint region: Cleanup
[2019-12-09T04:33:18.817+0000][1][safepoint    ] Leaving safepoint region
[2019-12-09T04:33:18.817+0000][1][safepoint    ] Total time for which application threads were stopped: 0.0000847 seconds, Stopping threads took: 0.0000162 seconds
[2019-12-09T04:33:19.817+0000][1][safepoint    ] Application time: 1.0000762 seconds
[2019-12-09T04:33:19.817+0000][1][safepoint    ] Entering safepoint region: Cleanup
[2019-12-09T04:33:19.817+0000][1][safepoint    ] Leaving safepoint region
[2019-12-09T04:33:19.817+0000][1][safepoint    ] Total time for which application threads were stopped: 0.0000851 seconds, Stopping threads took: 0.0000165 seconds
[2019-12-09T04:33:20.817+0000][1][safepoint    ] Application time: 1.0000764 seconds
[2019-12-09T04:33:20.817+0000][1][safepoint    ] Entering safepoint region: Cleanup
[2019-12-09T04:33:20.817+0000][1][safepoint    ] Leaving safepoint region
[2019-12-09T04:33:20.817+0000][1][safepoint    ] Total time for which application threads were stopped: 0.0000854 seconds, Stopping threads took: 0.0000156 seconds
[2019-12-09T04:33:21.817+0000][1][safepoint    ] Application time: 1.0000728 seconds
[2019-12-09T04:33:21.817+0000][1][safepoint    ] Entering safepoint region: Cleanup
[2019-12-09T04:33:21.817+0000][1][safepoint    ] Leaving safepoint region
[2019-12-09T04:33:21.817+0000][1][safepoint    ] Total time for which application threads were stopped: 0.0000918 seconds, Stopping threads took: 0.0000157 seconds
[2019-12-09T04:33:22.818+0000][1][safepoint    ] Application time: 1.0000750 seconds
[2019-12-09T04:33:22.818+0000][1][safepoint    ] Entering safepoint region: Cleanup
[2019-12-09T04:33:22.818+0000][1][safepoint    ] Leaving safepoint region
[2019-12-09T04:33:22.818+0000][1][safepoint    ] Total time for which application threads were stopped: 0.0000993 seconds, Stopping threads took: 0.0000154 seconds
[2019-12-09T04:33:23.818+0000][1][safepoint    ] Application time: 1.0000759 seconds
[2019-12-09T04:33:23.818+0000][1][safepoint    ] Entering safepoint region: Cleanup
[2019-12-09T04:33:23.818+0000][1][safepoint    ] Leaving safepoint region
[2019-12-09T04:33:23.818+0000][1][safepoint    ] Total time for which application threads were stopped: 0.0000867 seconds, Stopping threads took: 0.0000161 seconds
[2019-12-09T04:33:24.818+0000][1][safepoint    ] Application time: 1.0000754 seconds
[2019-12-09T04:33:24.818+0000][1][safepoint    ] Entering safepoint region: Cleanup
[2019-12-09T04:33:24.818+0000][1][safepoint    ] Leaving safepoint region
[2019-12-09T04:33:24.818+0000][1][safepoint    ] Total time for which application threads were stopped: 0.0000881 seconds, Stopping threads took: 0.0000161 seconds
[2019-12-09T04:33:25.818+0000][1][safepoint    ] Application time: 1.0000747 seconds
[2019-12-09T04:33:25.818+0000][1][safepoint    ] Entering safepoint region: Cleanup
[2019-12-09T04:33:25.818+0000][1][safepoint    ] Leaving safepoint region
[2019-12-09T04:33:25.818+0000][1][safepoint    ] Total time for which application threads were stopped: 0.0000864 seconds, Stopping threads took: 0.0000166 seconds
[2019-12-09T04:33:26.818+0000][1][safepoint    ] Application time: 1.0000728 seconds
[2019-12-09T04:33:26.818+0000][1][safepoint    ] Entering safepoint region: Cleanup
[2019-12-09T04:33:26.819+0000][1][safepoint    ] Leaving safepoint region
[2019-12-09T04:33:26.819+0000][1][safepoint    ] Total time for which application threads were stopped: 0.0000842 seconds, Stopping threads took: 0.0000154 seconds
[2019-12-09T04:33:27.819+0000][1][safepoint    ] Application time: 1.0000741 seconds
[2019-12-09T04:33:27.819+0000][1][safepoint    ] Entering safepoint region: Cleanup
[2019-12-09T04:33:27.819+0000][1][safepoint    ] Leaving safepoint region
[2019-12-09T04:33:27.819+0000][1][safepoint    ] Total time for which application threads were stopped: 0.0001027 seconds, Stopping threads took: 0.0000161 seconds
[2019-12-09T04:33:28.819+0000][1][safepoint    ] Application time: 1.0000726 seconds
[2019-12-09T04:33:28.819+0000][1][safepoint    ] Entering safepoint region: Cleanup
[2019-12-09T04:33:28.819+0000][1][safepoint    ] Leaving safepoint region
[2019-12-09T04:33:28.819+0000][1][safepoint    ] Total time for which application threads were stopped: 0.0000850 seconds, Stopping threads took: 0.0000160 seconds
[2019-12-09T04:33:29.819+0000][1][safepoint    ] Application time: 1.0000756 seconds
[2019-12-09T04:33:29.819+0000][1][safepoint    ] Entering safepoint region: Cleanup
[2019-12-09T04:33:29.819+0000][1][safepoint    ] Leaving safepoint region
[2019-12-09T04:33:29.819+0000][1][safepoint    ] Total time for which application threads were stopped: 0.0000935 seconds, Stopping threads took: 0.0000250 seconds
[2019-12-09T04:33:30.819+0000][1][safepoint    ] Application time: 1.0000749 seconds
[2019-12-09T04:33:30.819+0000][1][safepoint    ] Entering safepoint region: Cleanup
[2019-12-09T04:33:30.819+0000][1][safepoint    ] Leaving safepoint region
[2019-12-09T04:33:30.819+0000][1][safepoint    ] Total time for which application threads were stopped: 0.0000865 seconds, Stopping threads took: 0.0000166 seconds
[2019-12-09T04:33:31.819+0000][1][safepoint    ] Application time: 1.0000722 seconds
[2019-12-09T04:33:31.819+0000][1][safepoint    ] Entering safepoint region: Cleanup
[2019-12-09T04:33:31.820+0000][1][safepoint    ] Leaving safepoint region
[2019-12-09T04:33:31.820+0000][1][safepoint    ] Total time for which application threads were stopped: 0.0000832 seconds, Stopping threads took: 0.0000148 seconds
[2019-12-09T04:33:32.820+0000][1][safepoint    ] Application time: 1.0000746 seconds
[2019-12-09T04:33:32.820+0000][1][safepoint    ] Entering safepoint region: Cleanup
[2019-12-09T04:33:32.820+0000][1][safepoint    ] Leaving safepoint region
[2019-12-09T04:33:32.820+0000][1][safepoint    ] Total time for which application threads were stopped: 0.0001023 seconds, Stopping threads took: 0.0000322 seconds
[2019-12-09T04:33:33.820+0000][1][safepoint    ] Application time: 1.0000827 seconds
[2019-12-09T04:33:33.820+0000][1][safepoint    ] Entering safepoint region: Cleanup
[2019-12-09T04:33:33.820+0000][1][safepoint    ] Leaving safepoint region
[2019-12-09T04:33:33.820+0000][1][safepoint    ] Total time for which application threads were stopped: 0.0001381 seconds, Stopping threads took: 0.0000243 seconds
[2019-12-09T04:33:34.820+0000][1][safepoint    ] Application time: 1.0000761 seconds
[2019-12-09T04:33:34.820+0000][1][safepoint    ] Entering safepoint region: Cleanup
[2019-12-09T04:33:34.820+0000][1][safepoint    ] Leaving safepoint region
[2019-12-09T04:33:34.820+0000][1][safepoint    ] Total time for which application threads were stopped: 0.0000907 seconds, Stopping threads took: 0.0000173 seconds
[2019-12-09T04:33:35.820+0000][1][safepoint    ] Application time: 1.0000831 seconds
[2019-12-09T04:33:35.820+0000][1][safepoint    ] Entering safepoint region: Cleanup
[2019-12-09T04:33:35.820+0000][1][safepoint    ] Leaving safepoint region
[2019-12-09T04:33:35.820+0000][1][safepoint    ] Total time for which application threads were stopped: 0.0000937 seconds, Stopping threads took: 0.0000219 seconds
[2019-12-09T04:33:36.821+0000][1][safepoint    ] Application time: 1.0000849 seconds
[2019-12-09T04:33:36.821+0000][1][safepoint    ] Entering safepoint region: Cleanup
[2019-12-09T04:33:36.821+0000][1][safepoint    ] Leaving safepoint region
[2019-12-09T04:33:36.821+0000][1][safepoint    ] Total time for which application threads were stopped: 0.0001148 seconds, Stopping threads took: 0.0000158 seconds
[2019-12-09T04:33:37.821+0000][1][safepoint    ] Application time: 1.0000723 seconds
[2019-12-09T04:33:37.821+0000][1][safepoint    ] Entering safepoint region: Cleanup
[2019-12-09T04:33:37.821+0000][1][safepoint    ] Leaving safepoint region
[2019-12-09T04:33:37.821+0000][1][safepoint    ] Total time for which application threads were stopped: 0.0000866 seconds, Stopping threads took: 0.0000159 seconds
[2019-12-09T04:33:38.821+0000][1][safepoint    ] Application time: 1.0000750 seconds
[2019-12-09T04:33:38.821+0000][1][safepoint    ] Entering safepoint region: Cleanup
[2019-12-09T04:33:38.821+0000][1][safepoint    ] Leaving safepoint region
[2019-12-09T04:33:38.821+0000][1][safepoint    ] Total time for which application threads were stopped: 0.0000854 seconds, Stopping threads took: 0.0000162 seconds
[2019-12-09T04:33:39.821+0000][1][safepoint    ] Application time: 1.0000749 seconds
[2019-12-09T04:33:39.821+0000][1][safepoint    ] Entering safepoint region: Cleanup
[2019-12-09T04:33:39.821+0000][1][safepoint    ] Leaving safepoint region
[2019-12-09T04:33:39.821+0000][1][safepoint    ] Total time for which application threads were stopped: 0.0001040 seconds, Stopping threads took: 0.0000325 seconds
[2019-12-09T04:33:40.821+0000][1][safepoint    ] Application time: 1.0000738 seconds
[2019-12-09T04:33:40.821+0000][1][safepoint    ] Entering safepoint region: Cleanup
[2019-12-09T04:33:40.822+0000][1][safepoint    ] Leaving safepoint region
[2019-12-09T04:33:40.822+0000][1][safepoint    ] Total time for which application threads were stopped: 0.0000830 seconds, Stopping threads took: 0.0000151 seconds
[2019-12-09T04:33:41.822+0000][1][safepoint    ] Application time: 1.0000736 seconds
[2019-12-09T04:33:41.822+0000][1][safepoint    ] Entering safepoint region: Cleanup
[2019-12-09T04:33:41.822+0000][1][safepoint    ] Leaving safepoint region
[2019-12-09T04:33:41.822+0000][1][safepoint    ] Total time for which application threads were stopped: 0.0001051 seconds, Stopping threads took: 0.0000286 seconds
[2019-12-09T04:33:42.822+0000][1][safepoint    ] Application time: 1.0000769 seconds
[2019-12-09T04:33:42.822+0000][1][safepoint    ] Entering safepoint region: Cleanup
[2019-12-09T04:33:42.822+0000][1][safepoint    ] Leaving safepoint region
[2019-12-09T04:33:42.822+0000][1][safepoint    ] Total time for which application threads were stopped: 0.0000861 seconds, Stopping threads took: 0.0000172 seconds
[2019-12-09T04:33:43.822+0000][1][safepoint    ] Application time: 1.0000754 seconds
[2019-12-09T04:33:43.822+0000][1][safepoint    ] Entering safepoint region: Cleanup
[2019-12-09T04:33:43.822+0000][1][safepoint    ] Leaving safepoint region
[2019-12-09T04:33:43.822+0000][1][safepoint    ] Total time for which application threads were stopped: 0.0000858 seconds, Stopping threads took: 0.0000163 seconds
[2019-12-09T04:33:44.822+0000][1][safepoint    ] Application time: 1.0000733 seconds
[2019-12-09T04:33:44.822+0000][1][safepoint    ] Entering safepoint region: Cleanup
[2019-12-09T04:33:44.822+0000][1][safepoint    ] Leaving safepoint region
[2019-12-09T04:33:44.822+0000][1][safepoint    ] Total time for which application threads were stopped: 0.0000828 seconds, Stopping threads took: 0.0000151 seconds
[2019-12-09T04:33:45.822+0000][1][safepoint    ] Application time: 1.0000741 seconds
[2019-12-09T04:33:45.823+0000][1][safepoint    ] Entering safepoint region: Cleanup
[2019-12-09T04:33:45.823+0000][1][safepoint    ] Leaving safepoint region
[2019-12-09T04:33:45.823+0000][1][safepoint    ] Total time for which application threads were stopped: 0.0000866 seconds, Stopping threads took: 0.0000156 seconds
[2019-12-09T04:33:46.823+0000][1][safepoint    ] Application time: 1.0000728 seconds
[2019-12-09T04:33:46.823+0000][1][safepoint    ] Entering safepoint region: Cleanup
[2019-12-09T04:33:46.823+0000][1][safepoint    ] Leaving safepoint region
[2019-12-09T04:33:46.823+0000][1][safepoint    ] Total time for which application threads were stopped: 0.0000848 seconds, Stopping threads took: 0.0000163 seconds
[2019-12-09T04:33:47.823+0000][1][safepoint    ] Application time: 1.0000760 seconds
[2019-12-09T04:33:47.823+0000][1][safepoint    ] Entering safepoint region: Cleanup
[2019-12-09T04:33:47.823+0000][1][safepoint    ] Leaving safepoint region
[2019-12-09T04:33:47.823+0000][1][safepoint    ] Total time for which application threads were stopped: 0.0000834 seconds, Stopping threads took: 0.0000165 seconds
[2019-12-09T04:33:48.823+0000][1][safepoint    ] Application time: 1.0000749 seconds
[2019-12-09T04:33:48.823+0000][1][safepoint    ] Entering safepoint region: Cleanup
[2019-12-09T04:33:48.823+0000][1][safepoint    ] Leaving safepoint region
[2019-12-09T04:33:48.823+0000][1][safepoint    ] Total time for which application threads were stopped: 0.0000887 seconds, Stopping threads took: 0.0000177 seconds
[2019-12-09T04:33:49.823+0000][1][safepoint    ] Application time: 1.0000738 seconds
[2019-12-09T04:33:49.823+0000][1][safepoint    ] Entering safepoint region: Cleanup
[2019-12-09T04:33:49.823+0000][1][safepoint    ] Leaving safepoint region
[2019-12-09T04:33:49.823+0000][1][safepoint    ] Total time for which application threads were stopped: 0.0000980 seconds, Stopping threads took: 0.0000252 seconds
[2019-12-09T04:33:50.823+0000][1][safepoint    ] Application time: 1.0000741 seconds
[2019-12-09T04:33:50.824+0000][1][safepoint    ] Entering safepoint region: Cleanup
[2019-12-09T04:33:50.824+0000][1][safepoint    ] Leaving safepoint region
[2019-12-09T04:33:50.824+0000][1][safepoint    ] Total time for which application threads were stopped: 0.0000869 seconds, Stopping threads took: 0.0000159 seconds
[2019-12-09T04:33:51.824+0000][1][safepoint    ] Application time: 1.0000801 seconds
[2019-12-09T04:33:51.824+0000][1][safepoint    ] Entering safepoint region: Cleanup
[2019-12-09T04:33:51.824+0000][1][safepoint    ] Leaving safepoint region
[2019-12-09T04:33:51.824+0000][1][safepoint    ] Total time for which application threads were stopped: 0.0000944 seconds, Stopping threads took: 0.0000150 seconds
[2019-12-09T04:33:52.824+0000][1][safepoint    ] Application time: 1.0000773 seconds
[2019-12-09T04:33:52.824+0000][1][safepoint    ] Entering safepoint region: Cleanup
[2019-12-09T04:33:52.824+0000][1][safepoint    ] Leaving safepoint region
[2019-12-09T04:33:52.824+0000][1][safepoint    ] Total time for which application threads were stopped: 0.0000914 seconds, Stopping threads took: 0.0000182 seconds
[2019-12-09T04:33:53.824+0000][1][safepoint    ] Application time: 1.0000758 seconds
[2019-12-09T04:33:53.824+0000][1][safepoint    ] Entering safepoint region: Cleanup
[2019-12-09T04:33:53.824+0000][1][safepoint    ] Leaving safepoint region
[2019-12-09T04:33:53.824+0000][1][safepoint    ] Total time for which application threads were stopped: 0.0000958 seconds, Stopping threads took: 0.0000177 seconds
[2019-12-09T04:33:54.824+0000][1][safepoint    ] Application time: 1.0000761 seconds
[2019-12-09T04:33:54.824+0000][1][safepoint    ] Entering safepoint region: Cleanup
[2019-12-09T04:33:54.824+0000][1][safepoint    ] Leaving safepoint region
[2019-12-09T04:33:54.824+0000][1][safepoint    ] Total time for which application threads were stopped: 0.0000899 seconds, Stopping threads took: 0.0000177 seconds
[2019-12-09T04:33:55.825+0000][1][safepoint    ] Application time: 1.0000800 seconds
[2019-12-09T04:33:55.825+0000][1][safepoint    ] Entering safepoint region: Cleanup
[2019-12-09T04:33:55.825+0000][1][safepoint    ] Leaving safepoint region
[2019-12-09T04:33:55.825+0000][1][safepoint    ] Total time for which application threads were stopped: 0.0001003 seconds, Stopping threads took: 0.0000161 seconds
[2019-12-09T04:33:56.825+0000][1][safepoint    ] Application time: 1.0000801 seconds
[2019-12-09T04:33:56.825+0000][1][safepoint    ] Entering safepoint region: Cleanup
[2019-12-09T04:33:56.825+0000][1][safepoint    ] Leaving safepoint region
[2019-12-09T04:33:56.825+0000][1][safepoint    ] Total time for which application threads were stopped: 0.0001490 seconds, Stopping threads took: 0.0000611 seconds
[2019-12-09T04:33:57.825+0000][1][safepoint    ] Application time: 1.0000843 seconds
[2019-12-09T04:33:57.825+0000][1][safepoint    ] Entering safepoint region: Cleanup
[2019-12-09T04:33:57.825+0000][1][safepoint    ] Leaving safepoint region
[2019-12-09T04:33:57.825+0000][1][safepoint    ] Total time for which application threads were stopped: 0.0000905 seconds, Stopping threads took: 0.0000188 seconds
[2019-12-09T04:33:58.825+0000][1][safepoint    ] Application time: 1.0000781 seconds
[2019-12-09T04:33:58.825+0000][1][safepoint    ] Entering safepoint region: Cleanup
[2019-12-09T04:33:58.825+0000][1][safepoint    ] Leaving safepoint region
[2019-12-09T04:33:58.825+0000][1][safepoint    ] Total time for which application threads were stopped: 0.0000910 seconds, Stopping threads took: 0.0000175 seconds
[2019-12-09T04:33:59.826+0000][1][safepoint    ] Application time: 1.0000782 seconds
[2019-12-09T04:33:59.826+0000][1][safepoint    ] Entering safepoint region: Cleanup
[2019-12-09T04:33:59.826+0000][1][safepoint    ] Leaving safepoint region
[2019-12-09T04:33:59.826+0000][1][safepoint    ] Total time for which application threads were stopped: 0.0000994 seconds, Stopping threads took: 0.0000179 seconds
[2019-12-09T04:34:00.826+0000][1][safepoint    ] Application time: 1.0000780 seconds
[2019-12-09T04:34:00.826+0000][1][safepoint    ] Entering safepoint region: Cleanup
[2019-12-09T04:34:00.826+0000][1][safepoint    ] Leaving safepoint region
[2019-12-09T04:34:00.826+0000][1][safepoint    ] Total time for which application threads were stopped: 0.0000873 seconds, Stopping threads took: 0.0000168 seconds
[2019-12-09T04:34:01.826+0000][1][safepoint    ] Application time: 1.0000892 seconds
[2019-12-09T04:34:01.826+0000][1][safepoint    ] Entering safepoint region: Cleanup
[2019-12-09T04:34:01.826+0000][1][safepoint    ] Leaving safepoint region
[2019-12-09T04:34:01.826+0000][1][safepoint    ] Total time for which application threads were stopped: 0.0001297 seconds, Stopping threads took: 0.0000486 seconds
[2019-12-09T04:34:02.826+0000][1][safepoint    ] Application time: 1.0000876 seconds
[2019-12-09T04:34:02.826+0000][1][safepoint    ] Entering safepoint region: Cleanup
[2019-12-09T04:34:02.826+0000][1][safepoint    ] Leaving safepoint region
[2019-12-09T04:34:02.826+0000][1][safepoint    ] Total time for which application threads were stopped: 0.0000904 seconds, Stopping threads took: 0.0000179 seconds
[2019-12-09T04:34:03.826+0000][1][safepoint    ] Application time: 1.0000772 seconds
[2019-12-09T04:34:03.826+0000][1][safepoint    ] Entering safepoint region: Cleanup
[2019-12-09T04:34:03.827+0000][1][safepoint    ] Leaving safepoint region
[2019-12-09T04:34:03.827+0000][1][safepoint    ] Total time for which application threads were stopped: 0.0000968 seconds, Stopping threads took: 0.0000178 seconds
[2019-12-09T04:34:04.827+0000][1][safepoint    ] Application time: 1.0000759 seconds
[2019-12-09T04:34:04.827+0000][1][safepoint    ] Entering safepoint region: Cleanup
[2019-12-09T04:34:04.827+0000][1][safepoint    ] Leaving safepoint region
[2019-12-09T04:34:04.827+0000][1][safepoint    ] Total time for which application threads were stopped: 0.0000927 seconds, Stopping threads took: 0.0000190 seconds
[2019-12-09T04:34:05.827+0000][1][safepoint    ] Application time: 1.0000885 seconds
[2019-12-09T04:34:05.827+0000][1][safepoint    ] Entering safepoint region: Cleanup
[2019-12-09T04:34:05.827+0000][1][safepoint    ] Leaving safepoint region
[2019-12-09T04:34:05.827+0000][1][safepoint    ] Total time for which application threads were stopped: 0.0001187 seconds, Stopping threads took: 0.0000249 seconds
[2019-12-09T04:34:06.827+0000][1][safepoint    ] Application time: 1.0000826 seconds
[2019-12-09T04:34:06.827+0000][1][safepoint    ] Entering safepoint region: Cleanup
[2019-12-09T04:34:06.827+0000][1][safepoint    ] Leaving safepoint region
[2019-12-09T04:34:06.827+0000][1][safepoint    ] Total time for which application threads were stopped: 0.0001449 seconds, Stopping threads took: 0.0000642 seconds
[2019-12-09T04:34:06.829+0000][1][safepoint    ] Application time: 0.0013500 seconds
[2019-12-09T04:34:06.829+0000][1][safepoint    ] Entering safepoint region: GenCollectForAllocation
[2019-12-09T04:34:06.829+0000][1][gc,start     ] GC(52) Pause Young (Allocation Failure)
[2019-12-09T04:34:06.829+0000][1][gc,task      ] GC(52) Using 2 workers of 2 for evacuation
[2019-12-09T04:34:06.831+0000][1][gc,age       ] GC(52) Desired survivor size 4456448 bytes, new threshold 6 (max threshold 6)
[2019-12-09T04:34:06.831+0000][1][gc,age       ] GC(52) Age table with threshold 6 (max threshold 6)
[2019-12-09T04:34:06.831+0000][1][gc,age       ] GC(52) - age   1:       9592 bytes,       9592 total
[2019-12-09T04:34:06.831+0000][1][gc,age       ] GC(52) - age   2:      11544 bytes,      21136 total
[2019-12-09T04:34:06.831+0000][1][gc,age       ] GC(52) - age   3:       3152 bytes,      24288 total
[2019-12-09T04:34:06.831+0000][1][gc,age       ] GC(52) - age   4:       1872 bytes,      26160 total
[2019-12-09T04:34:06.831+0000][1][gc,age       ] GC(52) - age   5:        152 bytes,      26312 total
[2019-12-09T04:34:06.831+0000][1][gc,age       ] GC(52) - age   6:       2576 bytes,      28888 total
[2019-12-09T04:34:06.831+0000][1][gc,heap      ] GC(52) ParNew: 70019K->45K(78656K)
[2019-12-09T04:34:06.831+0000][1][gc,heap      ] GC(52) CMS: 75908K->75912K(174784K)
[2019-12-09T04:34:06.831+0000][1][gc,metaspace ] GC(52) Metaspace: 80146K->80146K(1122304K)
[2019-12-09T04:34:06.831+0000][1][gc           ] GC(52) Pause Young (Allocation Failure) 142M->74M(247M) 1.796ms
[2019-12-09T04:34:06.831+0000][1][gc,cpu       ] GC(52) User=0.00s Sys=0.00s Real=0.00s
[2019-12-09T04:34:06.831+0000][1][safepoint    ] Leaving safepoint region
[2019-12-09T04:34:06.831+0000][1][safepoint    ] Total time for which application threads were stopped: 0.0019373 seconds, Stopping threads took: 0.0000146 seconds
[2019-12-09T04:34:07.831+0000][1][safepoint    ] Application time: 1.0000866 seconds
[2019-12-09T04:34:07.831+0000][1][safepoint    ] Entering safepoint region: Cleanup
[2019-12-09T04:34:07.831+0000][1][safepoint    ] Leaving safepoint region
[2019-12-09T04:34:07.831+0000][1][safepoint    ] Total time for which application threads were stopped: 0.0000922 seconds, Stopping threads took: 0.0000187 seconds
[2019-12-09T04:34:08.831+0000][1][safepoint    ] Application time: 1.0000752 seconds
[2019-12-09T04:34:08.831+0000][1][safepoint    ] Entering safepoint region: Cleanup
[2019-12-09T04:34:08.831+0000][1][safepoint    ] Leaving safepoint region
[2019-12-09T04:34:08.831+0000][1][safepoint    ] Total time for which application threads were stopped: 0.0000898 seconds, Stopping threads took: 0.0000178 seconds
[2019-12-09T04:34:09.831+0000][1][safepoint    ] Application time: 1.0000739 seconds
[2019-12-09T04:34:09.831+0000][1][safepoint    ] Entering safepoint region: Cleanup
[2019-12-09T04:34:09.831+0000][1][safepoint    ] Leaving safepoint region
[2019-12-09T04:34:09.831+0000][1][safepoint    ] Total time for which application threads were stopped: 0.0001003 seconds, Stopping threads took: 0.0000273 seconds
[2019-12-09T04:34:10.831+0000][1][safepoint    ] Application time: 1.0000762 seconds
[2019-12-09T04:34:10.831+0000][1][safepoint    ] Entering safepoint region: Cleanup
[2019-12-09T04:34:10.832+0000][1][safepoint    ] Leaving safepoint region
[2019-12-09T04:34:10.832+0000][1][safepoint    ] Total time for which application threads were stopped: 0.0000927 seconds, Stopping threads took: 0.0000170 seconds
[2019-12-09T04:34:11.832+0000][1][safepoint    ] Application time: 1.0000867 seconds
[2019-12-09T04:34:11.832+0000][1][safepoint    ] Entering safepoint region: Cleanup
[2019-12-09T04:34:11.832+0000][1][safepoint    ] Leaving safepoint region
[2019-12-09T04:34:11.832+0000][1][safepoint    ] Total time for which application threads were stopped: 0.0001555 seconds, Stopping threads took: 0.0000779 seconds
[2019-12-09T04:34:12.832+0000][1][safepoint    ] Application time: 1.0000806 seconds
[2019-12-09T04:34:12.832+0000][1][safepoint    ] Entering safepoint region: Cleanup
[2019-12-09T04:34:12.832+0000][1][safepoint    ] Leaving safepoint region
[2019-12-09T04:34:12.832+0000][1][safepoint    ] Total time for which application threads were stopped: 0.0000951 seconds, Stopping threads took: 0.0000199 seconds
[2019-12-09T04:34:13.832+0000][1][safepoint    ] Application time: 1.0000750 seconds
[2019-12-09T04:34:13.832+0000][1][safepoint    ] Entering safepoint region: Cleanup
[2019-12-09T04:34:13.832+0000][1][safepoint    ] Leaving safepoint region
[2019-12-09T04:34:13.832+0000][1][safepoint    ] Total time for which application threads were stopped: 0.0000878 seconds, Stopping threads took: 0.0000172 seconds
[2019-12-09T04:34:14.832+0000][1][safepoint    ] Application time: 1.0000751 seconds
[2019-12-09T04:34:14.832+0000][1][safepoint    ] Entering safepoint region: Cleanup
[2019-12-09T04:34:14.832+0000][1][safepoint    ] Leaving safepoint region
[2019-12-09T04:34:14.832+0000][1][safepoint    ] Total time for which application threads were stopped: 0.0000895 seconds, Stopping threads took: 0.0000180 seconds
[2019-12-09T04:34:15.833+0000][1][safepoint    ] Application time: 1.0000824 seconds
[2019-12-09T04:34:15.833+0000][1][safepoint    ] Entering safepoint region: Cleanup
[2019-12-09T04:34:15.833+0000][1][safepoint    ] Leaving safepoint region
[2019-12-09T04:34:15.833+0000][1][safepoint    ] Total time for which application threads were stopped: 0.0001393 seconds, Stopping threads took: 0.0000249 seconds
[2019-12-09T04:34:16.833+0000][1][safepoint    ] Application time: 1.0000732 seconds
[2019-12-09T04:34:16.833+0000][1][safepoint    ] Entering safepoint region: Cleanup
[2019-12-09T04:34:16.833+0000][1][safepoint    ] Leaving safepoint region
[2019-12-09T04:34:16.833+0000][1][safepoint    ] Total time for which application threads were stopped: 0.0001211 seconds, Stopping threads took: 0.0000192 seconds
[2019-12-09T04:34:17.833+0000][1][safepoint    ] Application time: 1.0000813 seconds
[2019-12-09T04:34:17.833+0000][1][safepoint    ] Entering safepoint region: Cleanup
[2019-12-09T04:34:17.833+0000][1][safepoint    ] Leaving safepoint region
[2019-12-09T04:34:17.833+0000][1][safepoint    ] Total time for which application threads were stopped: 0.0000939 seconds, Stopping threads took: 0.0000183 seconds
[2019-12-09T04:34:18.833+0000][1][safepoint    ] Application time: 1.0000741 seconds
[2019-12-09T04:34:18.833+0000][1][safepoint    ] Entering safepoint region: Cleanup
[2019-12-09T04:34:18.833+0000][1][safepoint    ] Leaving safepoint region
[2019-12-09T04:34:18.833+0000][1][safepoint    ] Total time for which application threads were stopped: 0.0000904 seconds, Stopping threads took: 0.0000171 seconds
[2019-12-09T04:34:19.833+0000][1][safepoint    ] Application time: 1.0000851 seconds
[2019-12-09T04:34:19.834+0000][1][safepoint    ] Entering safepoint region: Cleanup
[2019-12-09T04:34:19.834+0000][1][safepoint    ] Leaving safepoint region
[2019-12-09T04:34:19.834+0000][1][safepoint    ] Total time for which application threads were stopped: 0.0000994 seconds, Stopping threads took: 0.0000250 seconds
[2019-12-09T04:34:20.834+0000][1][safepoint    ] Application time: 1.0000755 seconds
[2019-12-09T04:34:20.834+0000][1][safepoint    ] Entering safepoint region: Cleanup
[2019-12-09T04:34:20.834+0000][1][safepoint    ] Leaving safepoint region
[2019-12-09T04:34:20.834+0000][1][safepoint    ] Total time for which application threads were stopped: 0.0000938 seconds, Stopping threads took: 0.0000192 seconds
[2019-12-09T04:34:21.834+0000][1][safepoint    ] Application time: 1.0000755 seconds
[2019-12-09T04:34:21.834+0000][1][safepoint    ] Entering safepoint region: Cleanup
[2019-12-09T04:34:21.834+0000][1][safepoint    ] Leaving safepoint region
[2019-12-09T04:34:21.834+0000][1][safepoint    ] Total time for which application threads were stopped: 0.0000902 seconds, Stopping threads took: 0.0000174 seconds
[2019-12-09T04:34:22.834+0000][1][safepoint    ] Application time: 1.0000755 seconds
[2019-12-09T04:34:22.834+0000][1][safepoint    ] Entering safepoint region: Cleanup
[2019-12-09T04:34:22.834+0000][1][safepoint    ] Leaving safepoint region
[2019-12-09T04:34:22.834+0000][1][safepoint    ] Total time for which application threads were stopped: 0.0000911 seconds, Stopping threads took: 0.0000178 seconds
[2019-12-09T04:34:23.834+0000][1][safepoint    ] Application time: 1.0000739 seconds
[2019-12-09T04:34:23.834+0000][1][safepoint    ] Entering safepoint region: Cleanup
[2019-12-09T04:34:23.834+0000][1][safepoint    ] Leaving safepoint region
[2019-12-09T04:34:23.834+0000][1][safepoint    ] Total time for which application threads were stopped: 0.0000921 seconds, Stopping threads took: 0.0000188 seconds
[2019-12-09T04:34:24.835+0000][1][safepoint    ] Application time: 1.0000738 seconds
[2019-12-09T04:34:24.835+0000][1][safepoint    ] Entering safepoint region: Cleanup
[2019-12-09T04:34:24.835+0000][1][safepoint    ] Leaving safepoint region
[2019-12-09T04:34:24.835+0000][1][safepoint    ] Total time for which application threads were stopped: 0.0000988 seconds, Stopping threads took: 0.0000252 seconds
[2019-12-09T04:34:25.835+0000][1][safepoint    ] Application time: 1.0000747 seconds
[2019-12-09T04:34:25.835+0000][1][safepoint    ] Entering safepoint region: Cleanup
[2019-12-09T04:34:25.835+0000][1][safepoint    ] Leaving safepoint region
[2019-12-09T04:34:25.835+0000][1][safepoint    ] Total time for which application threads were stopped: 0.0000903 seconds, Stopping threads took: 0.0000185 seconds
[2019-12-09T04:34:26.835+0000][1][safepoint    ] Application time: 1.0000746 seconds
[2019-12-09T04:34:26.835+0000][1][safepoint    ] Entering safepoint region: Cleanup
[2019-12-09T04:34:26.835+0000][1][safepoint    ] Leaving safepoint region
[2019-12-09T04:34:26.835+0000][1][safepoint    ] Total time for which application threads were stopped: 0.0000902 seconds, Stopping threads took: 0.0000182 seconds
[2019-12-09T04:34:27.835+0000][1][safepoint    ] Application time: 1.0000754 seconds
[2019-12-09T04:34:27.835+0000][1][safepoint    ] Entering safepoint region: Cleanup
[2019-12-09T04:34:27.835+0000][1][safepoint    ] Leaving safepoint region
[2019-12-09T04:34:27.835+0000][1][safepoint    ] Total time for which application threads were stopped: 0.0000908 seconds, Stopping threads took: 0.0000175 seconds
[2019-12-09T04:34:28.835+0000][1][safepoint    ] Application time: 1.0000748 seconds
[2019-12-09T04:34:28.835+0000][1][safepoint    ] Entering safepoint region: Cleanup
[2019-12-09T04:34:28.836+0000][1][safepoint    ] Leaving safepoint region
[2019-12-09T04:34:28.836+0000][1][safepoint    ] Total time for which application threads were stopped: 0.0000895 seconds, Stopping threads took: 0.0000175 seconds
[2019-12-09T04:34:29.836+0000][1][safepoint    ] Application time: 1.0000744 seconds
[2019-12-09T04:34:29.836+0000][1][safepoint    ] Entering safepoint region: Cleanup
[2019-12-09T04:34:29.836+0000][1][safepoint    ] Leaving safepoint region
[2019-12-09T04:34:29.836+0000][1][safepoint    ] Total time for which application threads were stopped: 0.0001054 seconds, Stopping threads took: 0.0000314 seconds
[2019-12-09T04:34:30.836+0000][1][safepoint    ] Application time: 1.0000751 seconds
[2019-12-09T04:34:30.836+0000][1][safepoint    ] Entering safepoint region: Cleanup
[2019-12-09T04:34:30.836+0000][1][safepoint    ] Leaving safepoint region
[2019-12-09T04:34:30.836+0000][1][safepoint    ] Total time for which application threads were stopped: 0.0000944 seconds, Stopping threads took: 0.0000200 seconds
[2019-12-09T04:34:31.836+0000][1][safepoint    ] Application time: 1.0000756 seconds
[2019-12-09T04:34:31.836+0000][1][safepoint    ] Entering safepoint region: Cleanup
[2019-12-09T04:34:31.836+0000][1][safepoint    ] Leaving safepoint region
[2019-12-09T04:34:31.836+0000][1][safepoint    ] Total time for which application threads were stopped: 0.0000900 seconds, Stopping threads took: 0.0000168 seconds
[2019-12-09T04:34:32.836+0000][1][safepoint    ] Application time: 1.0000780 seconds
[2019-12-09T04:34:32.836+0000][1][safepoint    ] Entering safepoint region: Cleanup
[2019-12-09T04:34:32.836+0000][1][safepoint    ] Leaving safepoint region
[2019-12-09T04:34:32.836+0000][1][safepoint    ] Total time for which application threads were stopped: 0.0000894 seconds, Stopping threads took: 0.0000171 seconds
[2019-12-09T04:34:33.874+0000][1][safepoint    ] Application time: 1.0377156 seconds
[2019-12-09T04:34:33.874+0000][1][safepoint    ] Entering safepoint region: Cleanup
[2019-12-09T04:34:33.874+0000][1][safepoint    ] Leaving safepoint region
[2019-12-09T04:34:33.874+0000][1][safepoint    ] Total time for which application threads were stopped: 0.0000999 seconds, Stopping threads took: 0.0000202 seconds
[2019-12-09T04:34:34.874+0000][1][safepoint    ] Application time: 1.0000766 seconds
[2019-12-09T04:34:34.874+0000][1][safepoint    ] Entering safepoint region: Cleanup
[2019-12-09T04:34:34.874+0000][1][safepoint    ] Leaving safepoint region
[2019-12-09T04:34:34.874+0000][1][safepoint    ] Total time for which application threads were stopped: 0.0000894 seconds, Stopping threads took: 0.0000180 seconds
[2019-12-09T04:34:35.875+0000][1][safepoint    ] Application time: 1.0000803 seconds
[2019-12-09T04:34:35.875+0000][1][safepoint    ] Entering safepoint region: Cleanup
[2019-12-09T04:34:35.875+0000][1][safepoint    ] Leaving safepoint region
[2019-12-09T04:34:35.875+0000][1][safepoint    ] Total time for which application threads were stopped: 0.0001051 seconds, Stopping threads took: 0.0000189 seconds
[2019-12-09T04:34:36.875+0000][1][safepoint    ] Application time: 1.0000741 seconds
[2019-12-09T04:34:36.875+0000][1][safepoint    ] Entering safepoint region: Cleanup
[2019-12-09T04:34:36.875+0000][1][safepoint    ] Leaving safepoint region
[2019-12-09T04:34:36.875+0000][1][safepoint    ] Total time for which application threads were stopped: 0.0000864 seconds, Stopping threads took: 0.0000167 seconds
[2019-12-09T04:34:37.875+0000][1][safepoint    ] Application time: 1.0000758 seconds
[2019-12-09T04:34:37.875+0000][1][safepoint    ] Entering safepoint region: Cleanup
[2019-12-09T04:34:37.875+0000][1][safepoint    ] Leaving safepoint region
[2019-12-09T04:34:37.875+0000][1][safepoint    ] Total time for which application threads were stopped: 0.0000880 seconds, Stopping threads took: 0.0000172 seconds
[2019-12-09T04:34:38.875+0000][1][safepoint    ] Application time: 1.0000779 seconds
[2019-12-09T04:34:38.875+0000][1][safepoint    ] Entering safepoint region: Cleanup
[2019-12-09T04:34:38.875+0000][1][safepoint    ] Leaving safepoint region
[2019-12-09T04:34:38.875+0000][1][safepoint    ] Total time for which application threads were stopped: 0.0000891 seconds, Stopping threads took: 0.0000178 seconds
[2019-12-09T04:34:39.875+0000][1][safepoint    ] Application time: 1.0000776 seconds
[2019-12-09T04:34:39.875+0000][1][safepoint    ] Entering safepoint region: Cleanup
[2019-12-09T04:34:39.876+0000][1][safepoint    ] Leaving safepoint region
[2019-12-09T04:34:39.876+0000][1][safepoint    ] Total time for which application threads were stopped: 0.0001002 seconds, Stopping threads took: 0.0000259 seconds
[2019-12-09T04:34:40.876+0000][1][safepoint    ] Application time: 1.0000760 seconds
[2019-12-09T04:34:40.876+0000][1][safepoint    ] Entering safepoint region: Cleanup
[2019-12-09T04:34:40.876+0000][1][safepoint    ] Leaving safepoint region
[2019-12-09T04:34:40.876+0000][1][safepoint    ] Total time for which application threads were stopped: 0.0001013 seconds, Stopping threads took: 0.0000284 seconds
[2019-12-09T04:34:41.876+0000][1][safepoint    ] Application time: 1.0000759 seconds
[2019-12-09T04:34:41.876+0000][1][safepoint    ] Entering safepoint region: Cleanup
[2019-12-09T04:34:41.876+0000][1][safepoint    ] Leaving safepoint region
[2019-12-09T04:34:41.876+0000][1][safepoint    ] Total time for which application threads were stopped: 0.0000895 seconds, Stopping threads took: 0.0000163 seconds
[2019-12-09T04:34:42.876+0000][1][safepoint    ] Application time: 1.0000759 seconds
[2019-12-09T04:34:42.876+0000][1][safepoint    ] Entering safepoint region: Cleanup
[2019-12-09T04:34:42.876+0000][1][safepoint    ] Leaving safepoint region
[2019-12-09T04:34:42.876+0000][1][safepoint    ] Total time for which application threads were stopped: 0.0000911 seconds, Stopping threads took: 0.0000188 seconds
[2019-12-09T04:34:43.876+0000][1][safepoint    ] Application time: 1.0000770 seconds
[2019-12-09T04:34:43.876+0000][1][safepoint    ] Entering safepoint region: Cleanup
[2019-12-09T04:34:43.876+0000][1][safepoint    ] Leaving safepoint region
[2019-12-09T04:34:43.876+0000][1][safepoint    ] Total time for which application threads were stopped: 0.0000889 seconds, Stopping threads took: 0.0000165 seconds
[2019-12-09T04:34:44.876+0000][1][safepoint    ] Application time: 1.0000757 seconds
[2019-12-09T04:34:44.877+0000][1][safepoint    ] Entering safepoint region: Cleanup
[2019-12-09T04:34:44.877+0000][1][safepoint    ] Leaving safepoint region
[2019-12-09T04:34:44.877+0000][1][safepoint    ] Total time for which application threads were stopped: 0.0000919 seconds, Stopping threads took: 0.0000181 seconds
[2019-12-09T04:34:45.877+0000][1][safepoint    ] Application time: 1.0000865 seconds
[2019-12-09T04:34:45.877+0000][1][safepoint    ] Entering safepoint region: Cleanup
[2019-12-09T04:34:45.877+0000][1][safepoint    ] Leaving safepoint region
[2019-12-09T04:34:45.877+0000][1][safepoint    ] Total time for which application threads were stopped: 0.0000915 seconds, Stopping threads took: 0.0000186 seconds
[2019-12-09T04:34:46.877+0000][1][safepoint    ] Application time: 1.0000752 seconds
[2019-12-09T04:34:46.877+0000][1][safepoint    ] Entering safepoint region: Cleanup
[2019-12-09T04:34:46.877+0000][1][safepoint    ] Leaving safepoint region
[2019-12-09T04:34:46.877+0000][1][safepoint    ] Total time for which application threads were stopped: 0.0000864 seconds, Stopping threads took: 0.0000157 seconds
[2019-12-09T04:34:47.877+0000][1][safepoint    ] Application time: 1.0000757 seconds
[2019-12-09T04:34:47.877+0000][1][safepoint    ] Entering safepoint region: Cleanup
[2019-12-09T04:34:47.877+0000][1][safepoint    ] Leaving safepoint region
[2019-12-09T04:34:47.877+0000][1][safepoint    ] Total time for which application threads were stopped: 0.0000910 seconds, Stopping threads took: 0.0000193 seconds
[2019-12-09T04:34:48.877+0000][1][safepoint    ] Application time: 1.0000786 seconds
[2019-12-09T04:34:48.877+0000][1][safepoint    ] Entering safepoint region: Cleanup
[2019-12-09T04:34:48.877+0000][1][safepoint    ] Leaving safepoint region
[2019-12-09T04:34:48.877+0000][1][safepoint    ] Total time for which application threads were stopped: 0.0000878 seconds, Stopping threads took: 0.0000180 seconds
[2019-12-09T04:34:49.878+0000][1][safepoint    ] Application time: 1.0000776 seconds
[2019-12-09T04:34:49.878+0000][1][safepoint    ] Entering safepoint region: Cleanup
[2019-12-09T04:34:49.878+0000][1][safepoint    ] Leaving safepoint region
[2019-12-09T04:34:49.878+0000][1][safepoint    ] Total time for which application threads were stopped: 0.0000899 seconds, Stopping threads took: 0.0000181 seconds
[2019-12-09T04:34:50.878+0000][1][safepoint    ] Application time: 1.0000768 seconds
[2019-12-09T04:34:50.878+0000][1][safepoint    ] Entering safepoint region: Cleanup
[2019-12-09T04:34:50.878+0000][1][safepoint    ] Leaving safepoint region
[2019-12-09T04:34:50.878+0000][1][safepoint    ] Total time for which application threads were stopped: 0.0000885 seconds, Stopping threads took: 0.0000170 seconds
[2019-12-09T04:34:52.577+0000][1][safepoint    ] Application time: 1.6991857 seconds
[2019-12-09T04:34:52.577+0000][1][safepoint    ] Entering safepoint region: Cleanup
[2019-12-09T04:34:52.577+0000][1][safepoint    ] Leaving safepoint region
[2019-12-09T04:34:52.577+0000][1][safepoint    ] Total time for which application threads were stopped: 0.0000896 seconds, Stopping threads took: 0.0000182 seconds
[2019-12-09T04:34:53.577+0000][1][safepoint    ] Application time: 1.0000798 seconds
[2019-12-09T04:34:53.577+0000][1][safepoint    ] Entering safepoint region: Cleanup
[2019-12-09T04:34:53.577+0000][1][safepoint    ] Leaving safepoint region
[2019-12-09T04:34:53.577+0000][1][safepoint    ] Total time for which application threads were stopped: 0.0000902 seconds, Stopping threads took: 0.0000182 seconds
[2019-12-09T04:34:54.577+0000][1][safepoint    ] Application time: 1.0000741 seconds
[2019-12-09T04:34:54.577+0000][1][safepoint    ] Entering safepoint region: Cleanup
[2019-12-09T04:34:54.578+0000][1][safepoint    ] Leaving safepoint region
[2019-12-09T04:34:54.578+0000][1][safepoint    ] Total time for which application threads were stopped: 0.0000908 seconds, Stopping threads took: 0.0000175 seconds
[2019-12-09T04:34:55.578+0000][1][safepoint    ] Application time: 1.0000799 seconds
[2019-12-09T04:34:55.578+0000][1][safepoint    ] Entering safepoint region: Cleanup
[2019-12-09T04:34:55.578+0000][1][safepoint    ] Leaving safepoint region
[2019-12-09T04:34:55.578+0000][1][safepoint    ] Total time for which application threads were stopped: 0.0000912 seconds, Stopping threads took: 0.0000193 seconds
[2019-12-09T04:34:56.578+0000][1][safepoint    ] Application time: 1.0000758 seconds
[2019-12-09T04:34:56.578+0000][1][safepoint    ] Entering safepoint region: Cleanup
[2019-12-09T04:34:56.578+0000][1][safepoint    ] Leaving safepoint region
[2019-12-09T04:34:56.578+0000][1][safepoint    ] Total time for which application threads were stopped: 0.0000921 seconds, Stopping threads took: 0.0000184 seconds
[2019-12-09T04:34:57.578+0000][1][safepoint    ] Application time: 1.0000755 seconds
[2019-12-09T04:34:57.578+0000][1][safepoint    ] Entering safepoint region: Cleanup
[2019-12-09T04:34:57.578+0000][1][safepoint    ] Leaving safepoint region
[2019-12-09T04:34:57.578+0000][1][safepoint    ] Total time for which application threads were stopped: 0.0000910 seconds, Stopping threads took: 0.0000173 seconds
[2019-12-09T04:34:58.578+0000][1][safepoint    ] Application time: 1.0000741 seconds
[2019-12-09T04:34:58.578+0000][1][safepoint    ] Entering safepoint region: Cleanup
[2019-12-09T04:34:58.578+0000][1][safepoint    ] Leaving safepoint region
[2019-12-09T04:34:58.578+0000][1][safepoint    ] Total time for which application threads were stopped: 0.0000892 seconds, Stopping threads took: 0.0000173 seconds
[2019-12-09T04:34:59.579+0000][1][safepoint    ] Application time: 1.0000746 seconds
[2019-12-09T04:34:59.579+0000][1][safepoint    ] Entering safepoint region: Cleanup
[2019-12-09T04:34:59.579+0000][1][safepoint    ] Leaving safepoint region
[2019-12-09T04:34:59.579+0000][1][safepoint    ] Total time for which application threads were stopped: 0.0000890 seconds, Stopping threads took: 0.0000183 seconds
[2019-12-09T04:35:00.579+0000][1][safepoint    ] Application time: 1.0000746 seconds
[2019-12-09T04:35:00.579+0000][1][safepoint    ] Entering safepoint region: Cleanup
[2019-12-09T04:35:00.579+0000][1][safepoint    ] Leaving safepoint region
[2019-12-09T04:35:00.579+0000][1][safepoint    ] Total time for which application threads were stopped: 0.0000887 seconds, Stopping threads took: 0.0000163 seconds
[2019-12-09T04:35:01.579+0000][1][safepoint    ] Application time: 1.0000739 seconds
[2019-12-09T04:35:01.579+0000][1][safepoint    ] Entering safepoint region: Cleanup
[2019-12-09T04:35:01.579+0000][1][safepoint    ] Leaving safepoint region
[2019-12-09T04:35:01.579+0000][1][safepoint    ] Total time for which application threads were stopped: 0.0000936 seconds, Stopping threads took: 0.0000184 seconds
[2019-12-09T04:35:02.579+0000][1][safepoint    ] Application time: 1.0000771 seconds
[2019-12-09T04:35:02.579+0000][1][safepoint    ] Entering safepoint region: Cleanup
[2019-12-09T04:35:02.579+0000][1][safepoint    ] Leaving safepoint region
[2019-12-09T04:35:02.579+0000][1][safepoint    ] Total time for which application threads were stopped: 0.0000913 seconds, Stopping threads took: 0.0000186 seconds
[2019-12-09T04:35:03.579+0000][1][safepoint    ] Application time: 1.0000759 seconds
[2019-12-09T04:35:03.579+0000][1][safepoint    ] Entering safepoint region: Cleanup
[2019-12-09T04:35:03.579+0000][1][safepoint    ] Leaving safepoint region
[2019-12-09T04:35:03.579+0000][1][safepoint    ] Total time for which application threads were stopped: 0.0000911 seconds, Stopping threads took: 0.0000186 seconds
[2019-12-09T04:35:04.580+0000][1][safepoint    ] Application time: 1.0000783 seconds
[2019-12-09T04:35:04.580+0000][1][safepoint    ] Entering safepoint region: Cleanup
[2019-12-09T04:35:04.580+0000][1][safepoint    ] Leaving safepoint region
[2019-12-09T04:35:04.580+0000][1][safepoint    ] Total time for which application threads were stopped: 0.0001051 seconds, Stopping threads took: 0.0000193 seconds
[2019-12-09T04:35:05.580+0000][1][safepoint    ] Application time: 1.0000759 seconds
[2019-12-09T04:35:05.580+0000][1][safepoint    ] Entering safepoint region: Cleanup
[2019-12-09T04:35:05.580+0000][1][safepoint    ] Leaving safepoint region
[2019-12-09T04:35:05.580+0000][1][safepoint    ] Total time for which application threads were stopped: 0.0000920 seconds, Stopping threads took: 0.0000182 seconds
[2019-12-09T04:35:06.580+0000][1][safepoint    ] Application time: 1.0000768 seconds
[2019-12-09T04:35:06.580+0000][1][safepoint    ] Entering safepoint region: Cleanup
[2019-12-09T04:35:06.580+0000][1][safepoint    ] Leaving safepoint region
[2019-12-09T04:35:06.580+0000][1][safepoint    ] Total time for which application threads were stopped: 0.0000923 seconds, Stopping threads took: 0.0000188 seconds
[2019-12-09T04:35:07.580+0000][1][safepoint    ] Application time: 1.0000757 seconds
[2019-12-09T04:35:07.580+0000][1][safepoint    ] Entering safepoint region: Cleanup
[2019-12-09T04:35:07.580+0000][1][safepoint    ] Leaving safepoint region
[2019-12-09T04:35:07.580+0000][1][safepoint    ] Total time for which application threads were stopped: 0.0000918 seconds, Stopping threads took: 0.0000185 seconds
[2019-12-09T04:35:08.580+0000][1][safepoint    ] Application time: 1.0000753 seconds
[2019-12-09T04:35:08.580+0000][1][safepoint    ] Entering safepoint region: Cleanup
[2019-12-09T04:35:08.581+0000][1][safepoint    ] Leaving safepoint region
[2019-12-09T04:35:08.581+0000][1][safepoint    ] Total time for which application threads were stopped: 0.0000944 seconds, Stopping threads took: 0.0000200 seconds
[2019-12-09T04:35:09.581+0000][1][safepoint    ] Application time: 1.0000758 seconds
[2019-12-09T04:35:09.581+0000][1][safepoint    ] Entering safepoint region: Cleanup
[2019-12-09T04:35:09.581+0000][1][safepoint    ] Leaving safepoint region
[2019-12-09T04:35:09.581+0000][1][safepoint    ] Total time for which application threads were stopped: 0.0000972 seconds, Stopping threads took: 0.0000251 seconds
[2019-12-09T04:35:10.581+0000][1][safepoint    ] Application time: 1.0000735 seconds
[2019-12-09T04:35:10.581+0000][1][safepoint    ] Entering safepoint region: Cleanup
[2019-12-09T04:35:10.581+0000][1][safepoint    ] Leaving safepoint region
[2019-12-09T04:35:10.581+0000][1][safepoint    ] Total time for which application threads were stopped: 0.0000906 seconds, Stopping threads took: 0.0000169 seconds
[2019-12-09T04:35:11.581+0000][1][safepoint    ] Application time: 1.0000810 seconds
[2019-12-09T04:35:11.581+0000][1][safepoint    ] Entering safepoint region: Cleanup
[2019-12-09T04:35:11.581+0000][1][safepoint    ] Leaving safepoint region
[2019-12-09T04:35:11.581+0000][1][safepoint    ] Total time for which application threads were stopped: 0.0000911 seconds, Stopping threads took: 0.0000171 seconds
[2019-12-09T04:35:12.581+0000][1][safepoint    ] Application time: 1.0000770 seconds
[2019-12-09T04:35:12.581+0000][1][safepoint    ] Entering safepoint region: Cleanup
[2019-12-09T04:35:12.581+0000][1][safepoint    ] Leaving safepoint region
[2019-12-09T04:35:12.581+0000][1][safepoint    ] Total time for which application threads were stopped: 0.0000903 seconds, Stopping threads took: 0.0000190 seconds
[2019-12-09T04:35:13.582+0000][1][safepoint    ] Application time: 1.0000771 seconds
[2019-12-09T04:35:13.582+0000][1][safepoint    ] Entering safepoint region: Cleanup
[2019-12-09T04:35:13.582+0000][1][safepoint    ] Leaving safepoint region
[2019-12-09T04:35:13.582+0000][1][safepoint    ] Total time for which application threads were stopped: 0.0000949 seconds, Stopping threads took: 0.0000195 seconds
[2019-12-09T04:35:14.582+0000][1][safepoint    ] Application time: 1.0000758 seconds
[2019-12-09T04:35:14.582+0000][1][safepoint    ] Entering safepoint region: Cleanup
[2019-12-09T04:35:14.582+0000][1][safepoint    ] Leaving safepoint region
[2019-12-09T04:35:14.582+0000][1][safepoint    ] Total time for which application threads were stopped: 0.0000904 seconds, Stopping threads took: 0.0000177 seconds
[2019-12-09T04:35:15.586+0000][1][safepoint    ] Application time: 1.0043279 seconds
[2019-12-09T04:35:15.586+0000][1][safepoint    ] Entering safepoint region: Cleanup
[2019-12-09T04:35:15.586+0000][1][safepoint    ] Leaving safepoint region
[2019-12-09T04:35:15.586+0000][1][safepoint    ] Total time for which application threads were stopped: 0.0001223 seconds, Stopping threads took: 0.0000233 seconds
[2019-12-09T04:35:16.586+0000][1][safepoint    ] Application time: 1.0000776 seconds
[2019-12-09T04:35:16.586+0000][1][safepoint    ] Entering safepoint region: Cleanup
[2019-12-09T04:35:16.587+0000][1][safepoint    ] Leaving safepoint region
[2019-12-09T04:35:16.587+0000][1][safepoint    ] Total time for which application threads were stopped: 0.0001001 seconds, Stopping threads took: 0.0000253 seconds
[2019-12-09T04:35:17.587+0000][1][safepoint    ] Application time: 1.0000765 seconds
[2019-12-09T04:35:17.587+0000][1][safepoint    ] Entering safepoint region: Cleanup
[2019-12-09T04:35:17.587+0000][1][safepoint    ] Leaving safepoint region
[2019-12-09T04:35:17.587+0000][1][safepoint    ] Total time for which application threads were stopped: 0.0000971 seconds, Stopping threads took: 0.0000178 seconds
[2019-12-09T04:35:18.587+0000][1][safepoint    ] Application time: 1.0000824 seconds
[2019-12-09T04:35:18.587+0000][1][safepoint    ] Entering safepoint region: Cleanup
[2019-12-09T04:35:18.587+0000][1][safepoint    ] Leaving safepoint region
[2019-12-09T04:35:18.587+0000][1][safepoint    ] Total time for which application threads were stopped: 0.0000906 seconds, Stopping threads took: 0.0000189 seconds
[2019-12-09T04:35:19.587+0000][1][safepoint    ] Application time: 1.0000766 seconds
[2019-12-09T04:35:19.587+0000][1][safepoint    ] Entering safepoint region: Cleanup
[2019-12-09T04:35:19.587+0000][1][safepoint    ] Leaving safepoint region
[2019-12-09T04:35:19.587+0000][1][safepoint    ] Total time for which application threads were stopped: 0.0000960 seconds, Stopping threads took: 0.0000249 seconds
[2019-12-09T04:35:20.587+0000][1][safepoint    ] Application time: 1.0000786 seconds
[2019-12-09T04:35:20.587+0000][1][safepoint    ] Entering safepoint region: Cleanup
[2019-12-09T04:35:20.587+0000][1][safepoint    ] Leaving safepoint region
[2019-12-09T04:35:20.587+0000][1][safepoint    ] Total time for which application threads were stopped: 0.0000933 seconds, Stopping threads took: 0.0000183 seconds
[2019-12-09T04:35:21.588+0000][1][safepoint    ] Application time: 1.0000904 seconds
[2019-12-09T04:35:21.588+0000][1][safepoint    ] Entering safepoint region: Cleanup
[2019-12-09T04:35:21.588+0000][1][safepoint    ] Leaving safepoint region
[2019-12-09T04:35:21.588+0000][1][safepoint    ] Total time for which application threads were stopped: 0.0001138 seconds, Stopping threads took: 0.0000220 seconds
[2019-12-09T04:35:22.611+0000][1][safepoint    ] Application time: 1.0230754 seconds
[2019-12-09T04:35:22.611+0000][1][safepoint    ] Entering safepoint region: Cleanup
[2019-12-09T04:35:22.611+0000][1][safepoint    ] Leaving safepoint region
[2019-12-09T04:35:22.611+0000][1][safepoint    ] Total time for which application threads were stopped: 0.0000946 seconds, Stopping threads took: 0.0000192 seconds
[2019-12-09T04:35:23.611+0000][1][safepoint    ] Application time: 1.0000763 seconds
[2019-12-09T04:35:23.611+0000][1][safepoint    ] Entering safepoint region: Cleanup
[2019-12-09T04:35:23.611+0000][1][safepoint    ] Leaving safepoint region
[2019-12-09T04:35:23.611+0000][1][safepoint    ] Total time for which application threads were stopped: 0.0000943 seconds, Stopping threads took: 0.0000166 seconds
[2019-12-09T04:35:24.611+0000][1][safepoint    ] Application time: 1.0000745 seconds
[2019-12-09T04:35:24.611+0000][1][safepoint    ] Entering safepoint region: Cleanup
[2019-12-09T04:35:24.611+0000][1][safepoint    ] Leaving safepoint region
[2019-12-09T04:35:24.611+0000][1][safepoint    ] Total time for which application threads were stopped: 0.0000971 seconds, Stopping threads took: 0.0000238 seconds
[2019-12-09T04:35:25.611+0000][1][safepoint    ] Application time: 1.0000766 seconds
[2019-12-09T04:35:25.611+0000][1][safepoint    ] Entering safepoint region: Cleanup
[2019-12-09T04:35:25.612+0000][1][safepoint    ] Leaving safepoint region
[2019-12-09T04:35:25.612+0000][1][safepoint    ] Total time for which application threads were stopped: 0.0000932 seconds, Stopping threads took: 0.0000184 seconds
[2019-12-09T04:35:26.612+0000][1][safepoint    ] Application time: 1.0000758 seconds
[2019-12-09T04:35:26.612+0000][1][safepoint    ] Entering safepoint region: Cleanup
[2019-12-09T04:35:26.612+0000][1][safepoint    ] Leaving safepoint region
[2019-12-09T04:35:26.612+0000][1][safepoint    ] Total time for which application threads were stopped: 0.0001073 seconds, Stopping threads took: 0.0000342 seconds
[2019-12-09T04:35:27.612+0000][1][safepoint    ] Application time: 1.0000746 seconds
[2019-12-09T04:35:27.612+0000][1][safepoint    ] Entering safepoint region: Cleanup
[2019-12-09T04:35:27.612+0000][1][safepoint    ] Leaving safepoint region
[2019-12-09T04:35:27.612+0000][1][safepoint    ] Total time for which application threads were stopped: 0.0000865 seconds, Stopping threads took: 0.0000166 seconds
[2019-12-09T04:35:28.612+0000][1][safepoint    ] Application time: 1.0000769 seconds
[2019-12-09T04:35:28.612+0000][1][safepoint    ] Entering safepoint region: Cleanup
[2019-12-09T04:35:28.612+0000][1][safepoint    ] Leaving safepoint region
[2019-12-09T04:35:28.612+0000][1][safepoint    ] Total time for which application threads were stopped: 0.0000891 seconds, Stopping threads took: 0.0000179 seconds
[2019-12-09T04:35:29.612+0000][1][safepoint    ] Application time: 1.0000783 seconds
[2019-12-09T04:35:29.612+0000][1][safepoint    ] Entering safepoint region: Cleanup
[2019-12-09T04:35:29.612+0000][1][safepoint    ] Leaving safepoint region
[2019-12-09T04:35:29.612+0000][1][safepoint    ] Total time for which application threads were stopped: 0.0000912 seconds, Stopping threads took: 0.0000164 seconds
[2019-12-09T04:35:30.612+0000][1][safepoint    ] Application time: 1.0000774 seconds
[2019-12-09T04:35:30.613+0000][1][safepoint    ] Entering safepoint region: Cleanup
[2019-12-09T04:35:30.613+0000][1][safepoint    ] Leaving safepoint region
[2019-12-09T04:35:30.613+0000][1][safepoint    ] Total time for which application threads were stopped: 0.0000889 seconds, Stopping threads took: 0.0000180 seconds
[2019-12-09T04:35:31.613+0000][1][safepoint    ] Application time: 1.0000784 seconds
[2019-12-09T04:35:31.613+0000][1][safepoint    ] Entering safepoint region: Cleanup
[2019-12-09T04:35:31.613+0000][1][safepoint    ] Leaving safepoint region
[2019-12-09T04:35:31.613+0000][1][safepoint    ] Total time for which application threads were stopped: 0.0000909 seconds, Stopping threads took: 0.0000192 seconds
[2019-12-09T04:35:32.613+0000][1][safepoint    ] Application time: 1.0000771 seconds
[2019-12-09T04:35:32.613+0000][1][safepoint    ] Entering safepoint region: Cleanup
[2019-12-09T04:35:32.613+0000][1][safepoint    ] Leaving safepoint region
[2019-12-09T04:35:32.613+0000][1][safepoint    ] Total time for which application threads were stopped: 0.0000899 seconds, Stopping threads took: 0.0000170 seconds
[2019-12-09T04:35:33.613+0000][1][safepoint    ] Application time: 1.0000739 seconds
[2019-12-09T04:35:33.613+0000][1][safepoint    ] Entering safepoint region: Cleanup
[2019-12-09T04:35:33.613+0000][1][safepoint    ] Leaving safepoint region
[2019-12-09T04:35:33.613+0000][1][safepoint    ] Total time for which application threads were stopped: 0.0000954 seconds, Stopping threads took: 0.0000166 seconds
[2019-12-09T04:35:34.613+0000][1][safepoint    ] Application time: 1.0000754 seconds
[2019-12-09T04:35:34.613+0000][1][safepoint    ] Entering safepoint region: Cleanup
[2019-12-09T04:35:34.613+0000][1][safepoint    ] Leaving safepoint region
[2019-12-09T04:35:34.613+0000][1][safepoint    ] Total time for which application threads were stopped: 0.0001003 seconds, Stopping threads took: 0.0000241 seconds
[2019-12-09T04:35:35.614+0000][1][safepoint    ] Application time: 1.0000758 seconds
[2019-12-09T04:35:35.614+0000][1][safepoint    ] Entering safepoint region: Cleanup
[2019-12-09T04:35:35.614+0000][1][safepoint    ] Leaving safepoint region
[2019-12-09T04:35:35.614+0000][1][safepoint    ] Total time for which application threads were stopped: 0.0000912 seconds, Stopping threads took: 0.0000177 seconds
[2019-12-09T04:35:36.614+0000][1][safepoint    ] Application time: 1.0000795 seconds
[2019-12-09T04:35:36.614+0000][1][safepoint    ] Entering safepoint region: Cleanup
[2019-12-09T04:35:36.614+0000][1][safepoint    ] Leaving safepoint region
[2019-12-09T04:35:36.614+0000][1][safepoint    ] Total time for which application threads were stopped: 0.0000971 seconds, Stopping threads took: 0.0000237 seconds
[2019-12-09T04:35:37.614+0000][1][safepoint    ] Application time: 1.0000784 seconds
[2019-12-09T04:35:37.614+0000][1][safepoint    ] Entering safepoint region: Cleanup
[2019-12-09T04:35:37.614+0000][1][safepoint    ] Leaving safepoint region
[2019-12-09T04:35:37.614+0000][1][safepoint    ] Total time for which application threads were stopped: 0.0000902 seconds, Stopping threads took: 0.0000172 seconds
[2019-12-09T04:35:38.614+0000][1][safepoint    ] Application time: 1.0000777 seconds
[2019-12-09T04:35:38.614+0000][1][safepoint    ] Entering safepoint region: Cleanup
[2019-12-09T04:35:38.614+0000][1][safepoint    ] Leaving safepoint region
[2019-12-09T04:35:38.614+0000][1][safepoint    ] Total time for which application threads were stopped: 0.0000906 seconds, Stopping threads took: 0.0000172 seconds
[2019-12-09T04:35:39.614+0000][1][safepoint    ] Application time: 1.0000776 seconds
[2019-12-09T04:35:39.614+0000][1][safepoint    ] Entering safepoint region: Cleanup
[2019-12-09T04:35:39.614+0000][1][safepoint    ] Leaving safepoint region
[2019-12-09T04:35:39.614+0000][1][safepoint    ] Total time for which application threads were stopped: 0.0000908 seconds, Stopping threads took: 0.0000181 seconds
[2019-12-09T04:35:40.615+0000][1][safepoint    ] Application time: 1.0000765 seconds
[2019-12-09T04:35:40.615+0000][1][safepoint    ] Entering safepoint region: Cleanup
[2019-12-09T04:35:40.615+0000][1][safepoint    ] Leaving safepoint region
[2019-12-09T04:35:40.615+0000][1][safepoint    ] Total time for which application threads were stopped: 0.0001002 seconds, Stopping threads took: 0.0000192 seconds
[2019-12-09T04:35:41.615+0000][1][safepoint    ] Application time: 1.0000759 seconds
[2019-12-09T04:35:41.615+0000][1][safepoint    ] Entering safepoint region: Cleanup
[2019-12-09T04:35:41.615+0000][1][safepoint    ] Leaving safepoint region
[2019-12-09T04:35:41.615+0000][1][safepoint    ] Total time for which application threads were stopped: 0.0000909 seconds, Stopping threads took: 0.0000176 seconds
[2019-12-09T04:35:42.615+0000][1][safepoint    ] Application time: 1.0000764 seconds
[2019-12-09T04:35:42.615+0000][1][safepoint    ] Entering safepoint region: Cleanup
[2019-12-09T04:35:42.615+0000][1][safepoint    ] Leaving safepoint region
[2019-12-09T04:35:42.615+0000][1][safepoint    ] Total time for which application threads were stopped: 0.0000861 seconds, Stopping threads took: 0.0000171 seconds
[2019-12-09T04:35:43.615+0000][1][safepoint    ] Application time: 1.0000771 seconds
[2019-12-09T04:35:43.615+0000][1][safepoint    ] Entering safepoint region: Cleanup
[2019-12-09T04:35:43.615+0000][1][safepoint    ] Leaving safepoint region
[2019-12-09T04:35:43.615+0000][1][safepoint    ] Total time for which application threads were stopped: 0.0000889 seconds, Stopping threads took: 0.0000176 seconds
[2019-12-09T04:35:44.615+0000][1][safepoint    ] Application time: 1.0000749 seconds
[2019-12-09T04:35:44.615+0000][1][safepoint    ] Entering safepoint region: Cleanup
[2019-12-09T04:35:44.616+0000][1][safepoint    ] Leaving safepoint region
[2019-12-09T04:35:44.616+0000][1][safepoint    ] Total time for which application threads were stopped: 0.0000873 seconds, Stopping threads took: 0.0000184 seconds
[2019-12-09T04:35:45.616+0000][1][safepoint    ] Application time: 1.0000752 seconds
[2019-12-09T04:35:45.616+0000][1][safepoint    ] Entering safepoint region: Cleanup
[2019-12-09T04:35:45.616+0000][1][safepoint    ] Leaving safepoint region
[2019-12-09T04:35:45.616+0000][1][safepoint    ] Total time for which application threads were stopped: 0.0000998 seconds, Stopping threads took: 0.0000183 seconds
[2019-12-09T04:35:46.616+0000][1][safepoint    ] Application time: 1.0000740 seconds
[2019-12-09T04:35:46.616+0000][1][safepoint    ] Entering safepoint region: Cleanup
[2019-12-09T04:35:46.616+0000][1][safepoint    ] Leaving safepoint region
[2019-12-09T04:35:46.616+0000][1][safepoint    ] Total time for which application threads were stopped: 0.0000939 seconds, Stopping threads took: 0.0000172 seconds
[2019-12-09T04:35:47.616+0000][1][safepoint    ] Application time: 1.0000759 seconds
[2019-12-09T04:35:47.616+0000][1][safepoint    ] Entering safepoint region: Cleanup
[2019-12-09T04:35:47.616+0000][1][safepoint    ] Leaving safepoint region
[2019-12-09T04:35:47.616+0000][1][safepoint    ] Total time for which application threads were stopped: 0.0000904 seconds, Stopping threads took: 0.0000173 seconds
[2019-12-09T04:35:48.616+0000][1][safepoint    ] Application time: 1.0000771 seconds
[2019-12-09T04:35:48.616+0000][1][safepoint    ] Entering safepoint region: Cleanup
[2019-12-09T04:35:48.616+0000][1][safepoint    ] Leaving safepoint region
[2019-12-09T04:35:48.616+0000][1][safepoint    ] Total time for which application threads were stopped: 0.0000921 seconds, Stopping threads took: 0.0000183 seconds
[2019-12-09T04:35:49.616+0000][1][safepoint    ] Application time: 1.0000781 seconds
[2019-12-09T04:35:49.617+0000][1][safepoint    ] Entering safepoint region: Cleanup
[2019-12-09T04:35:49.617+0000][1][safepoint    ] Leaving safepoint region
[2019-12-09T04:35:49.617+0000][1][safepoint    ] Total time for which application threads were stopped: 0.0000898 seconds, Stopping threads took: 0.0000193 seconds
[2019-12-09T04:35:50.617+0000][1][safepoint    ] Application time: 1.0000766 seconds
[2019-12-09T04:35:50.617+0000][1][safepoint    ] Entering safepoint region: Cleanup
[2019-12-09T04:35:50.617+0000][1][safepoint    ] Leaving safepoint region
[2019-12-09T04:35:50.617+0000][1][safepoint    ] Total time for which application threads were stopped: 0.0000936 seconds, Stopping threads took: 0.0000192 seconds
[2019-12-09T04:35:51.617+0000][1][safepoint    ] Application time: 1.0000877 seconds
[2019-12-09T04:35:51.617+0000][1][safepoint    ] Entering safepoint region: Cleanup
[2019-12-09T04:35:51.617+0000][1][safepoint    ] Leaving safepoint region
[2019-12-09T04:35:51.617+0000][1][safepoint    ] Total time for which application threads were stopped: 0.0000872 seconds, Stopping threads took: 0.0000170 seconds
[2019-12-09T04:35:52.617+0000][1][safepoint    ] Application time: 1.0000768 seconds
[2019-12-09T04:35:52.617+0000][1][safepoint    ] Entering safepoint region: Cleanup
[2019-12-09T04:35:52.617+0000][1][safepoint    ] Leaving safepoint region
[2019-12-09T04:35:52.617+0000][1][safepoint    ] Total time for which application threads were stopped: 0.0000929 seconds, Stopping threads took: 0.0000188 seconds
[2019-12-09T04:35:53.617+0000][1][safepoint    ] Application time: 1.0000763 seconds
[2019-12-09T04:35:53.617+0000][1][safepoint    ] Entering safepoint region: Cleanup
[2019-12-09T04:35:53.617+0000][1][safepoint    ] Leaving safepoint region
[2019-12-09T04:35:53.617+0000][1][safepoint    ] Total time for which application threads were stopped: 0.0000896 seconds, Stopping threads took: 0.0000177 seconds
[2019-12-09T04:35:54.618+0000][1][safepoint    ] Application time: 1.0000768 seconds
[2019-12-09T04:35:54.618+0000][1][safepoint    ] Entering safepoint region: Cleanup
[2019-12-09T04:35:54.618+0000][1][safepoint    ] Leaving safepoint region
[2019-12-09T04:35:54.618+0000][1][safepoint    ] Total time for which application threads were stopped: 0.0000925 seconds, Stopping threads took: 0.0000184 seconds
[2019-12-09T04:35:55.618+0000][1][safepoint    ] Application time: 1.0000776 seconds
[2019-12-09T04:35:55.618+0000][1][safepoint    ] Entering safepoint region: Cleanup
[2019-12-09T04:35:55.618+0000][1][safepoint    ] Leaving safepoint region
[2019-12-09T04:35:55.618+0000][1][safepoint    ] Total time for which application threads were stopped: 0.0000907 seconds, Stopping threads took: 0.0000188 seconds
[2019-12-09T04:35:56.618+0000][1][safepoint    ] Application time: 1.0000881 seconds
[2019-12-09T04:35:56.618+0000][1][safepoint    ] Entering safepoint region: Cleanup
[2019-12-09T04:35:56.618+0000][1][safepoint    ] Leaving safepoint region
[2019-12-09T04:35:56.618+0000][1][safepoint    ] Total time for which application threads were stopped: 0.0001562 seconds, Stopping threads took: 0.0000275 seconds
[2019-12-09T04:35:57.618+0000][1][safepoint    ] Application time: 1.0000767 seconds
[2019-12-09T04:35:57.618+0000][1][safepoint    ] Entering safepoint region: Cleanup
[2019-12-09T04:35:57.618+0000][1][safepoint    ] Leaving safepoint region
[2019-12-09T04:35:57.618+0000][1][safepoint    ] Total time for which application threads were stopped: 0.0000867 seconds, Stopping threads took: 0.0000155 seconds
[2019-12-09T04:35:58.618+0000][1][safepoint    ] Application time: 1.0000771 seconds
[2019-12-09T04:35:58.618+0000][1][safepoint    ] Entering safepoint region: Cleanup
[2019-12-09T04:35:58.619+0000][1][safepoint    ] Leaving safepoint region
[2019-12-09T04:35:58.619+0000][1][safepoint    ] Total time for which application threads were stopped: 0.0000876 seconds, Stopping threads took: 0.0000161 seconds
[2019-12-09T04:35:59.619+0000][1][safepoint    ] Application time: 1.0000747 seconds
[2019-12-09T04:35:59.619+0000][1][safepoint    ] Entering safepoint region: Cleanup
[2019-12-09T04:35:59.619+0000][1][safepoint    ] Leaving safepoint region
[2019-12-09T04:35:59.619+0000][1][safepoint    ] Total time for which application threads were stopped: 0.0000908 seconds, Stopping threads took: 0.0000194 seconds
[2019-12-09T04:36:00.619+0000][1][safepoint    ] Application time: 1.0000777 seconds
[2019-12-09T04:36:00.619+0000][1][safepoint    ] Entering safepoint region: Cleanup
[2019-12-09T04:36:00.619+0000][1][safepoint    ] Leaving safepoint region
[2019-12-09T04:36:00.619+0000][1][safepoint    ] Total time for which application threads were stopped: 0.0000910 seconds, Stopping threads took: 0.0000178 seconds
[2019-12-09T04:36:01.457+0000][1][safepoint    ] Application time: 0.8379997 seconds
[2019-12-09T04:36:01.457+0000][1][safepoint    ] Entering safepoint region: GenCollectForAllocation
[2019-12-09T04:36:01.457+0000][1][gc,start     ] GC(53) Pause Young (Allocation Failure)
[2019-12-09T04:36:01.457+0000][1][gc,task      ] GC(53) Using 2 workers of 2 for evacuation
[2019-12-09T04:36:01.459+0000][1][gc,age       ] GC(53) Desired survivor size 4456448 bytes, new threshold 6 (max threshold 6)
[2019-12-09T04:36:01.459+0000][1][gc,age       ] GC(53) Age table with threshold 6 (max threshold 6)
[2019-12-09T04:36:01.459+0000][1][gc,age       ] GC(53) - age   1:      10760 bytes,      10760 total
[2019-12-09T04:36:01.459+0000][1][gc,age       ] GC(53) - age   2:        960 bytes,      11720 total
[2019-12-09T04:36:01.459+0000][1][gc,age       ] GC(53) - age   3:      11424 bytes,      23144 total
[2019-12-09T04:36:01.459+0000][1][gc,age       ] GC(53) - age   4:       3152 bytes,      26296 total
[2019-12-09T04:36:01.459+0000][1][gc,age       ] GC(53) - age   5:       1872 bytes,      28168 total
[2019-12-09T04:36:01.459+0000][1][gc,age       ] GC(53) - age   6:        152 bytes,      28320 total
[2019-12-09T04:36:01.459+0000][1][gc,heap      ] GC(53) ParNew: 69961K->40K(78656K)
[2019-12-09T04:36:01.459+0000][1][gc,heap      ] GC(53) CMS: 75912K->75914K(174784K)
[2019-12-09T04:36:01.459+0000][1][gc,metaspace ] GC(53) Metaspace: 80151K->80151K(1122304K)
[2019-12-09T04:36:01.459+0000][1][gc           ] GC(53) Pause Young (Allocation Failure) 142M->74M(247M) 1.763ms
[2019-12-09T04:36:01.459+0000][1][gc,cpu       ] GC(53) User=0.00s Sys=0.00s Real=0.00s
[2019-12-09T04:36:01.459+0000][1][safepoint    ] Leaving safepoint region
[2019-12-09T04:36:01.459+0000][1][safepoint    ] Total time for which application threads were stopped: 0.0019299 seconds, Stopping threads took: 0.0000194 seconds
[2019-12-09T04:36:02.459+0000][1][safepoint    ] Application time: 1.0000863 seconds
[2019-12-09T04:36:02.459+0000][1][safepoint    ] Entering safepoint region: Cleanup
[2019-12-09T04:36:02.459+0000][1][safepoint    ] Leaving safepoint region
[2019-12-09T04:36:02.459+0000][1][safepoint    ] Total time for which application threads were stopped: 0.0001042 seconds, Stopping threads took: 0.0000285 seconds
[2019-12-09T04:36:03.459+0000][1][safepoint    ] Application time: 1.0000803 seconds
[2019-12-09T04:36:03.459+0000][1][safepoint    ] Entering safepoint region: Cleanup
[2019-12-09T04:36:03.459+0000][1][safepoint    ] Leaving safepoint region
[2019-12-09T04:36:03.459+0000][1][safepoint    ] Total time for which application threads were stopped: 0.0000885 seconds, Stopping threads took: 0.0000184 seconds
[2019-12-09T04:36:04.460+0000][1][safepoint    ] Application time: 1.0000770 seconds
[2019-12-09T04:36:04.460+0000][1][safepoint    ] Entering safepoint region: Cleanup
[2019-12-09T04:36:04.460+0000][1][safepoint    ] Leaving safepoint region
[2019-12-09T04:36:04.460+0000][1][safepoint    ] Total time for which application threads were stopped: 0.0000930 seconds, Stopping threads took: 0.0000236 seconds
[2019-12-09T04:36:05.460+0000][1][safepoint    ] Application time: 1.0000750 seconds
[2019-12-09T04:36:05.460+0000][1][safepoint    ] Entering safepoint region: Cleanup
[2019-12-09T04:36:05.460+0000][1][safepoint    ] Leaving safepoint region
[2019-12-09T04:36:05.460+0000][1][safepoint    ] Total time for which application threads were stopped: 0.0000976 seconds, Stopping threads took: 0.0000176 seconds
[2019-12-09T04:36:06.460+0000][1][safepoint    ] Application time: 1.0000774 seconds
[2019-12-09T04:36:06.460+0000][1][safepoint    ] Entering safepoint region: Cleanup
[2019-12-09T04:36:06.460+0000][1][safepoint    ] Leaving safepoint region
[2019-12-09T04:36:06.460+0000][1][safepoint    ] Total time for which application threads were stopped: 0.0000869 seconds, Stopping threads took: 0.0000169 seconds
[2019-12-09T04:36:07.460+0000][1][safepoint    ] Application time: 1.0000742 seconds
[2019-12-09T04:36:07.460+0000][1][safepoint    ] Entering safepoint region: Cleanup
[2019-12-09T04:36:07.460+0000][1][safepoint    ] Leaving safepoint region
[2019-12-09T04:36:07.460+0000][1][safepoint    ] Total time for which application threads were stopped: 0.0000844 seconds, Stopping threads took: 0.0000165 seconds
[2019-12-09T04:36:08.460+0000][1][safepoint    ] Application time: 1.0000784 seconds
[2019-12-09T04:36:08.460+0000][1][safepoint    ] Entering safepoint region: Cleanup
[2019-12-09T04:36:08.460+0000][1][safepoint    ] Leaving safepoint region
[2019-12-09T04:36:08.460+0000][1][safepoint    ] Total time for which application threads were stopped: 0.0000972 seconds, Stopping threads took: 0.0000176 seconds
[2019-12-09T04:36:09.461+0000][1][safepoint    ] Application time: 1.0000773 seconds
[2019-12-09T04:36:09.461+0000][1][safepoint    ] Entering safepoint region: Cleanup
[2019-12-09T04:36:09.461+0000][1][safepoint    ] Leaving safepoint region
[2019-12-09T04:36:09.461+0000][1][safepoint    ] Total time for which application threads were stopped: 0.0000859 seconds, Stopping threads took: 0.0000171 seconds
[2019-12-09T04:36:10.461+0000][1][safepoint    ] Application time: 1.0000778 seconds
[2019-12-09T04:36:10.461+0000][1][safepoint    ] Entering safepoint region: Cleanup
[2019-12-09T04:36:10.461+0000][1][safepoint    ] Leaving safepoint region
[2019-12-09T04:36:10.461+0000][1][safepoint    ] Total time for which application threads were stopped: 0.0000866 seconds, Stopping threads took: 0.0000190 seconds
[2019-12-09T04:36:11.461+0000][1][safepoint    ] Application time: 1.0000783 seconds
[2019-12-09T04:36:11.461+0000][1][safepoint    ] Entering safepoint region: Cleanup
[2019-12-09T04:36:11.461+0000][1][safepoint    ] Leaving safepoint region
[2019-12-09T04:36:11.461+0000][1][safepoint    ] Total time for which application threads were stopped: 0.0000835 seconds, Stopping threads took: 0.0000160 seconds
[2019-12-09T04:36:12.461+0000][1][safepoint    ] Application time: 1.0000778 seconds
[2019-12-09T04:36:12.461+0000][1][safepoint    ] Entering safepoint region: Cleanup
[2019-12-09T04:36:12.461+0000][1][safepoint    ] Leaving safepoint region
[2019-12-09T04:36:12.461+0000][1][safepoint    ] Total time for which application threads were stopped: 0.0000865 seconds, Stopping threads took: 0.0000170 seconds
[2019-12-09T04:36:13.461+0000][1][safepoint    ] Application time: 1.0000751 seconds
[2019-12-09T04:36:13.461+0000][1][safepoint    ] Entering safepoint region: Cleanup
[2019-12-09T04:36:13.461+0000][1][safepoint    ] Leaving safepoint region
[2019-12-09T04:36:13.461+0000][1][safepoint    ] Total time for which application threads were stopped: 0.0000852 seconds, Stopping threads took: 0.0000170 seconds
[2019-12-09T04:36:14.462+0000][1][safepoint    ] Application time: 1.0000775 seconds
[2019-12-09T04:36:14.462+0000][1][safepoint    ] Entering safepoint region: Cleanup
[2019-12-09T04:36:14.462+0000][1][safepoint    ] Leaving safepoint region
[2019-12-09T04:36:14.462+0000][1][safepoint    ] Total time for which application threads were stopped: 0.0000952 seconds, Stopping threads took: 0.0000186 seconds
[2019-12-09T04:36:15.462+0000][1][safepoint    ] Application time: 1.0000773 seconds
[2019-12-09T04:36:15.462+0000][1][safepoint    ] Entering safepoint region: Cleanup
[2019-12-09T04:36:15.462+0000][1][safepoint    ] Leaving safepoint region
[2019-12-09T04:36:15.462+0000][1][safepoint    ] Total time for which application threads were stopped: 0.0000859 seconds, Stopping threads took: 0.0000161 seconds
[2019-12-09T04:36:16.462+0000][1][safepoint    ] Application time: 1.0000778 seconds
[2019-12-09T04:36:16.462+0000][1][safepoint    ] Entering safepoint region: Cleanup
[2019-12-09T04:36:16.462+0000][1][safepoint    ] Leaving safepoint region
[2019-12-09T04:36:16.462+0000][1][safepoint    ] Total time for which application threads were stopped: 0.0000873 seconds, Stopping threads took: 0.0000168 seconds
[2019-12-09T04:36:17.462+0000][1][safepoint    ] Application time: 1.0000756 seconds
[2019-12-09T04:36:17.462+0000][1][safepoint    ] Entering safepoint region: Cleanup
[2019-12-09T04:36:17.462+0000][1][safepoint    ] Leaving safepoint region
[2019-12-09T04:36:17.462+0000][1][safepoint    ] Total time for which application threads were stopped: 0.0000856 seconds, Stopping threads took: 0.0000184 seconds
[2019-12-09T04:36:18.462+0000][1][safepoint    ] Application time: 1.0000802 seconds
[2019-12-09T04:36:18.462+0000][1][safepoint    ] Entering safepoint region: Cleanup
[2019-12-09T04:36:18.462+0000][1][safepoint    ] Leaving safepoint region
[2019-12-09T04:36:18.462+0000][1][safepoint    ] Total time for which application threads were stopped: 0.0000867 seconds, Stopping threads took: 0.0000167 seconds
[2019-12-09T04:36:19.462+0000][1][safepoint    ] Application time: 1.0000782 seconds
[2019-12-09T04:36:19.463+0000][1][safepoint    ] Entering safepoint region: Cleanup
[2019-12-09T04:36:19.463+0000][1][safepoint    ] Leaving safepoint region
[2019-12-09T04:36:19.463+0000][1][safepoint    ] Total time for which application threads were stopped: 0.0000842 seconds, Stopping threads took: 0.0000158 seconds
[2019-12-09T04:36:20.463+0000][1][safepoint    ] Application time: 1.0000859 seconds
[2019-12-09T04:36:20.463+0000][1][safepoint    ] Entering safepoint region: Cleanup
[2019-12-09T04:36:20.463+0000][1][safepoint    ] Leaving safepoint region
[2019-12-09T04:36:20.463+0000][1][safepoint    ] Total time for which application threads were stopped: 0.0000829 seconds, Stopping threads took: 0.0000163 seconds
[2019-12-09T04:36:21.463+0000][1][safepoint    ] Application time: 1.0000783 seconds
[2019-12-09T04:36:21.463+0000][1][safepoint    ] Entering safepoint region: Cleanup
[2019-12-09T04:36:21.463+0000][1][safepoint    ] Leaving safepoint region
[2019-12-09T04:36:21.463+0000][1][safepoint    ] Total time for which application threads were stopped: 0.0000858 seconds, Stopping threads took: 0.0000171 seconds
[2019-12-09T04:36:22.463+0000][1][safepoint    ] Application time: 1.0000769 seconds
[2019-12-09T04:36:22.463+0000][1][safepoint    ] Entering safepoint region: Cleanup
[2019-12-09T04:36:22.463+0000][1][safepoint    ] Leaving safepoint region
[2019-12-09T04:36:22.463+0000][1][safepoint    ] Total time for which application threads were stopped: 0.0000838 seconds, Stopping threads took: 0.0000170 seconds
[2019-12-09T04:36:23.463+0000][1][safepoint    ] Application time: 1.0000771 seconds
[2019-12-09T04:36:23.463+0000][1][safepoint    ] Entering safepoint region: Cleanup
[2019-12-09T04:36:23.463+0000][1][safepoint    ] Leaving safepoint region
[2019-12-09T04:36:23.463+0000][1][safepoint    ] Total time for which application threads were stopped: 0.0000850 seconds, Stopping threads took: 0.0000174 seconds
[2019-12-09T04:36:24.463+0000][1][safepoint    ] Application time: 1.0000761 seconds
[2019-12-09T04:36:24.464+0000][1][safepoint    ] Entering safepoint region: Cleanup
[2019-12-09T04:36:24.464+0000][1][safepoint    ] Leaving safepoint region
[2019-12-09T04:36:24.464+0000][1][safepoint    ] Total time for which application threads were stopped: 0.0000866 seconds, Stopping threads took: 0.0000182 seconds
[2019-12-09T04:36:25.464+0000][1][safepoint    ] Application time: 1.0000787 seconds
[2019-12-09T04:36:25.464+0000][1][safepoint    ] Entering safepoint region: Cleanup
[2019-12-09T04:36:25.464+0000][1][safepoint    ] Leaving safepoint region
[2019-12-09T04:36:25.464+0000][1][safepoint    ] Total time for which application threads were stopped: 0.0000852 seconds, Stopping threads took: 0.0000171 seconds
[2019-12-09T04:36:26.464+0000][1][safepoint    ] Application time: 1.0000753 seconds
[2019-12-09T04:36:26.464+0000][1][safepoint    ] Entering safepoint region: Cleanup
[2019-12-09T04:36:26.464+0000][1][safepoint    ] Leaving safepoint region
[2019-12-09T04:36:26.464+0000][1][safepoint    ] Total time for which application threads were stopped: 0.0000849 seconds, Stopping threads took: 0.0000172 seconds
[2019-12-09T04:36:27.464+0000][1][safepoint    ] Application time: 1.0000761 seconds
[2019-12-09T04:36:27.464+0000][1][safepoint    ] Entering safepoint region: Cleanup
[2019-12-09T04:36:27.464+0000][1][safepoint    ] Leaving safepoint region
[2019-12-09T04:36:27.464+0000][1][safepoint    ] Total time for which application threads were stopped: 0.0000843 seconds, Stopping threads took: 0.0000172 seconds
[2019-12-09T04:36:28.464+0000][1][safepoint    ] Application time: 1.0000757 seconds
[2019-12-09T04:36:28.464+0000][1][safepoint    ] Entering safepoint region: Cleanup
[2019-12-09T04:36:28.464+0000][1][safepoint    ] Leaving safepoint region
[2019-12-09T04:36:28.464+0000][1][safepoint    ] Total time for which application threads were stopped: 0.0000857 seconds, Stopping threads took: 0.0000170 seconds
[2019-12-09T04:36:29.464+0000][1][safepoint    ] Application time: 1.0000749 seconds
[2019-12-09T04:36:29.464+0000][1][safepoint    ] Entering safepoint region: Cleanup
[2019-12-09T04:36:29.465+0000][1][safepoint    ] Leaving safepoint region
[2019-12-09T04:36:29.465+0000][1][safepoint    ] Total time for which application threads were stopped: 0.0000894 seconds, Stopping threads took: 0.0000166 seconds
[2019-12-09T04:36:30.465+0000][1][safepoint    ] Application time: 1.0000744 seconds
[2019-12-09T04:36:30.465+0000][1][safepoint    ] Entering safepoint region: Cleanup
[2019-12-09T04:36:30.465+0000][1][safepoint    ] Leaving safepoint region
[2019-12-09T04:36:30.465+0000][1][safepoint    ] Total time for which application threads were stopped: 0.0000897 seconds, Stopping threads took: 0.0000180 seconds
[2019-12-09T04:36:31.465+0000][1][safepoint    ] Application time: 1.0000746 seconds
[2019-12-09T04:36:31.465+0000][1][safepoint    ] Entering safepoint region: Cleanup
[2019-12-09T04:36:31.465+0000][1][safepoint    ] Leaving safepoint region
[2019-12-09T04:36:31.465+0000][1][safepoint    ] Total time for which application threads were stopped: 0.0000883 seconds, Stopping threads took: 0.0000178 seconds
[2019-12-09T04:36:32.465+0000][1][safepoint    ] Application time: 1.0000769 seconds
[2019-12-09T04:36:32.465+0000][1][safepoint    ] Entering safepoint region: Cleanup
[2019-12-09T04:36:32.465+0000][1][safepoint    ] Leaving safepoint region
[2019-12-09T04:36:32.465+0000][1][safepoint    ] Total time for which application threads were stopped: 0.0000853 seconds, Stopping threads took: 0.0000177 seconds
[2019-12-09T04:36:33.465+0000][1][safepoint    ] Application time: 1.0000763 seconds
[2019-12-09T04:36:33.465+0000][1][safepoint    ] Entering safepoint region: Cleanup
[2019-12-09T04:36:33.465+0000][1][safepoint    ] Leaving safepoint region
[2019-12-09T04:36:33.465+0000][1][safepoint    ] Total time for which application threads were stopped: 0.0000930 seconds, Stopping threads took: 0.0000171 seconds
[2019-12-09T04:36:34.465+0000][1][safepoint    ] Application time: 1.0000769 seconds
[2019-12-09T04:36:34.466+0000][1][safepoint    ] Entering safepoint region: Cleanup
[2019-12-09T04:36:34.466+0000][1][safepoint    ] Leaving safepoint region
[2019-12-09T04:36:34.466+0000][1][safepoint    ] Total time for which application threads were stopped: 0.0000927 seconds, Stopping threads took: 0.0000240 seconds
[2019-12-09T04:36:35.466+0000][1][safepoint    ] Application time: 1.0000766 seconds
[2019-12-09T04:36:35.466+0000][1][safepoint    ] Entering safepoint region: Cleanup
[2019-12-09T04:36:35.466+0000][1][safepoint    ] Leaving safepoint region
[2019-12-09T04:36:35.466+0000][1][safepoint    ] Total time for which application threads were stopped: 0.0000850 seconds, Stopping threads took: 0.0000172 seconds
[2019-12-09T04:36:36.466+0000][1][safepoint    ] Application time: 1.0000785 seconds
[2019-12-09T04:36:36.466+0000][1][safepoint    ] Entering safepoint region: Cleanup
[2019-12-09T04:36:36.466+0000][1][safepoint    ] Leaving safepoint region
[2019-12-09T04:36:36.466+0000][1][safepoint    ] Total time for which application threads were stopped: 0.0000887 seconds, Stopping threads took: 0.0000181 seconds
[2019-12-09T04:36:37.466+0000][1][safepoint    ] Application time: 1.0000785 seconds
[2019-12-09T04:36:37.466+0000][1][safepoint    ] Entering safepoint region: Cleanup
[2019-12-09T04:36:37.466+0000][1][safepoint    ] Leaving safepoint region
[2019-12-09T04:36:37.466+0000][1][safepoint    ] Total time for which application threads were stopped: 0.0000857 seconds, Stopping threads took: 0.0000179 seconds
[2019-12-09T04:36:38.466+0000][1][safepoint    ] Application time: 1.0000760 seconds
[2019-12-09T04:36:38.466+0000][1][safepoint    ] Entering safepoint region: Cleanup
[2019-12-09T04:36:38.466+0000][1][safepoint    ] Leaving safepoint region
[2019-12-09T04:36:38.466+0000][1][safepoint    ] Total time for which application threads were stopped: 0.0000853 seconds, Stopping threads took: 0.0000173 seconds
[2019-12-09T04:36:39.466+0000][1][safepoint    ] Application time: 1.0000787 seconds
[2019-12-09T04:36:39.466+0000][1][safepoint    ] Entering safepoint region: Cleanup
[2019-12-09T04:36:39.467+0000][1][safepoint    ] Leaving safepoint region
[2019-12-09T04:36:39.467+0000][1][safepoint    ] Total time for which application threads were stopped: 0.0000892 seconds, Stopping threads took: 0.0000178 seconds
[2019-12-09T04:36:40.467+0000][1][safepoint    ] Application time: 1.0000749 seconds
[2019-12-09T04:36:40.467+0000][1][safepoint    ] Entering safepoint region: Cleanup
[2019-12-09T04:36:40.467+0000][1][safepoint    ] Leaving safepoint region
[2019-12-09T04:36:40.467+0000][1][safepoint    ] Total time for which application threads were stopped: 0.0000887 seconds, Stopping threads took: 0.0000198 seconds
[2019-12-09T04:36:41.467+0000][1][safepoint    ] Application time: 1.0000783 seconds
[2019-12-09T04:36:41.467+0000][1][safepoint    ] Entering safepoint region: Cleanup
[2019-12-09T04:36:41.467+0000][1][safepoint    ] Leaving safepoint region
[2019-12-09T04:36:41.467+0000][1][safepoint    ] Total time for which application threads were stopped: 0.0000863 seconds, Stopping threads took: 0.0000174 seconds
[2019-12-09T04:36:42.467+0000][1][safepoint    ] Application time: 1.0000753 seconds
[2019-12-09T04:36:42.467+0000][1][safepoint    ] Entering safepoint region: Cleanup
[2019-12-09T04:36:42.467+0000][1][safepoint    ] Leaving safepoint region
[2019-12-09T04:36:42.467+0000][1][safepoint    ] Total time for which application threads were stopped: 0.0000869 seconds, Stopping threads took: 0.0000177 seconds
[2019-12-09T04:36:43.467+0000][1][safepoint    ] Application time: 1.0000749 seconds
[2019-12-09T04:36:43.467+0000][1][safepoint    ] Entering safepoint region: Cleanup
[2019-12-09T04:36:43.467+0000][1][safepoint    ] Leaving safepoint region
[2019-12-09T04:36:43.467+0000][1][safepoint    ] Total time for which application threads were stopped: 0.0000856 seconds, Stopping threads took: 0.0000171 seconds
[2019-12-09T04:36:44.467+0000][1][safepoint    ] Application time: 1.0000763 seconds
[2019-12-09T04:36:44.467+0000][1][safepoint    ] Entering safepoint region: Cleanup
[2019-12-09T04:36:44.468+0000][1][safepoint    ] Leaving safepoint region
[2019-12-09T04:36:44.468+0000][1][safepoint    ] Total time for which application threads were stopped: 0.0000860 seconds, Stopping threads took: 0.0000175 seconds
[2019-12-09T04:36:45.468+0000][1][safepoint    ] Application time: 1.0000743 seconds
[2019-12-09T04:36:45.468+0000][1][safepoint    ] Entering safepoint region: Cleanup
[2019-12-09T04:36:45.468+0000][1][safepoint    ] Leaving safepoint region
[2019-12-09T04:36:45.468+0000][1][safepoint    ] Total time for which application threads were stopped: 0.0000957 seconds, Stopping threads took: 0.0000266 seconds
[2019-12-09T04:36:46.468+0000][1][safepoint    ] Application time: 1.0000760 seconds
[2019-12-09T04:36:46.468+0000][1][safepoint    ] Entering safepoint region: Cleanup
[2019-12-09T04:36:46.468+0000][1][safepoint    ] Leaving safepoint region
[2019-12-09T04:36:46.468+0000][1][safepoint    ] Total time for which application threads were stopped: 0.0000854 seconds, Stopping threads took: 0.0000171 seconds
[2019-12-09T04:36:47.468+0000][1][safepoint    ] Application time: 1.0000854 seconds
[2019-12-09T04:36:47.468+0000][1][safepoint    ] Entering safepoint region: Cleanup
[2019-12-09T04:36:47.468+0000][1][safepoint    ] Leaving safepoint region
[2019-12-09T04:36:47.468+0000][1][safepoint    ] Total time for which application threads were stopped: 0.0001210 seconds, Stopping threads took: 0.0000241 seconds
[2019-12-09T04:36:48.468+0000][1][safepoint    ] Application time: 1.0000777 seconds
[2019-12-09T04:36:48.468+0000][1][safepoint    ] Entering safepoint region: Cleanup
[2019-12-09T04:36:48.468+0000][1][safepoint    ] Leaving safepoint region
[2019-12-09T04:36:48.468+0000][1][safepoint    ] Total time for which application threads were stopped: 0.0001091 seconds, Stopping threads took: 0.0000179 seconds
[2019-12-09T04:36:49.469+0000][1][safepoint    ] Application time: 1.0000826 seconds
[2019-12-09T04:36:49.469+0000][1][safepoint    ] Entering safepoint region: Cleanup
[2019-12-09T04:36:49.469+0000][1][safepoint    ] Leaving safepoint region
[2019-12-09T04:36:49.469+0000][1][safepoint    ] Total time for which application threads were stopped: 0.0001178 seconds, Stopping threads took: 0.0000241 seconds
[2019-12-09T04:36:50.469+0000][1][safepoint    ] Application time: 1.0000950 seconds
[2019-12-09T04:36:50.469+0000][1][safepoint    ] Entering safepoint region: Cleanup
[2019-12-09T04:36:50.469+0000][1][safepoint    ] Leaving safepoint region
[2019-12-09T04:36:50.469+0000][1][safepoint    ] Total time for which application threads were stopped: 0.0001169 seconds, Stopping threads took: 0.0000234 seconds
[2019-12-09T04:36:51.469+0000][1][safepoint    ] Application time: 1.0000880 seconds
[2019-12-09T04:36:51.469+0000][1][safepoint    ] Entering safepoint region: Cleanup
[2019-12-09T04:36:51.469+0000][1][safepoint    ] Leaving safepoint region
[2019-12-09T04:36:51.469+0000][1][safepoint    ] Total time for which application threads were stopped: 0.0001152 seconds, Stopping threads took: 0.0000239 seconds
[2019-12-09T04:36:52.469+0000][1][safepoint    ] Application time: 1.0000776 seconds
[2019-12-09T04:36:52.469+0000][1][safepoint    ] Entering safepoint region: Cleanup
[2019-12-09T04:36:52.469+0000][1][safepoint    ] Leaving safepoint region
[2019-12-09T04:36:52.469+0000][1][safepoint    ] Total time for which application threads were stopped: 0.0000851 seconds, Stopping threads took: 0.0000171 seconds
[2019-12-09T04:36:53.469+0000][1][safepoint    ] Application time: 1.0000743 seconds
[2019-12-09T04:36:53.469+0000][1][safepoint    ] Entering safepoint region: Cleanup
[2019-12-09T04:36:53.470+0000][1][safepoint    ] Leaving safepoint region
[2019-12-09T04:36:53.470+0000][1][safepoint    ] Total time for which application threads were stopped: 0.0000910 seconds, Stopping threads took: 0.0000214 seconds
[2019-12-09T04:36:54.470+0000][1][safepoint    ] Application time: 1.0000774 seconds
[2019-12-09T04:36:54.470+0000][1][safepoint    ] Entering safepoint region: Cleanup
[2019-12-09T04:36:54.470+0000][1][safepoint    ] Leaving safepoint region
[2019-12-09T04:36:54.470+0000][1][safepoint    ] Total time for which application threads were stopped: 0.0000979 seconds, Stopping threads took: 0.0000183 seconds
[2019-12-09T04:36:55.470+0000][1][safepoint    ] Application time: 1.0000762 seconds
[2019-12-09T04:36:55.470+0000][1][safepoint    ] Entering safepoint region: Cleanup
[2019-12-09T04:36:55.470+0000][1][safepoint    ] Leaving safepoint region
[2019-12-09T04:36:55.470+0000][1][safepoint    ] Total time for which application threads were stopped: 0.0000861 seconds, Stopping threads took: 0.0000174 seconds
[2019-12-09T04:36:56.470+0000][1][safepoint    ] Application time: 1.0000786 seconds
[2019-12-09T04:36:56.470+0000][1][safepoint    ] Entering safepoint region: Cleanup
[2019-12-09T04:36:56.470+0000][1][safepoint    ] Leaving safepoint region
[2019-12-09T04:36:56.470+0000][1][safepoint    ] Total time for which application threads were stopped: 0.0000853 seconds, Stopping threads took: 0.0000176 seconds
[2019-12-09T04:36:57.470+0000][1][safepoint    ] Application time: 1.0000765 seconds
[2019-12-09T04:36:57.470+0000][1][safepoint    ] Entering safepoint region: Cleanup
[2019-12-09T04:36:57.470+0000][1][safepoint    ] Leaving safepoint region
[2019-12-09T04:36:57.470+0000][1][safepoint    ] Total time for which application threads were stopped: 0.0001023 seconds, Stopping threads took: 0.0000180 seconds
[2019-12-09T04:36:58.470+0000][1][safepoint    ] Application time: 1.0000779 seconds
[2019-12-09T04:36:58.471+0000][1][safepoint    ] Entering safepoint region: Cleanup
[2019-12-09T04:36:58.471+0000][1][safepoint    ] Leaving safepoint region
[2019-12-09T04:36:58.471+0000][1][safepoint    ] Total time for which application threads were stopped: 0.0000856 seconds, Stopping threads took: 0.0000168 seconds
[2019-12-09T04:36:59.471+0000][1][safepoint    ] Application time: 1.0000765 seconds
[2019-12-09T04:36:59.471+0000][1][safepoint    ] Entering safepoint region: Cleanup
[2019-12-09T04:36:59.471+0000][1][safepoint    ] Leaving safepoint region
[2019-12-09T04:36:59.471+0000][1][safepoint    ] Total time for which application threads were stopped: 0.0000857 seconds, Stopping threads took: 0.0000186 seconds
[2019-12-09T04:37:00.471+0000][1][safepoint    ] Application time: 1.0000782 seconds
[2019-12-09T04:37:00.471+0000][1][safepoint    ] Entering safepoint region: Cleanup
[2019-12-09T04:37:00.471+0000][1][safepoint    ] Leaving safepoint region
[2019-12-09T04:37:00.471+0000][1][safepoint    ] Total time for which application threads were stopped: 0.0000862 seconds, Stopping threads took: 0.0000164 seconds
[2019-12-09T04:37:01.471+0000][1][safepoint    ] Application time: 1.0000853 seconds
[2019-12-09T04:37:01.471+0000][1][safepoint    ] Entering safepoint region: Cleanup
[2019-12-09T04:37:01.471+0000][1][safepoint    ] Leaving safepoint region
[2019-12-09T04:37:01.471+0000][1][safepoint    ] Total time for which application threads were stopped: 0.0001329 seconds, Stopping threads took: 0.0000325 seconds
[2019-12-09T04:37:02.471+0000][1][safepoint    ] Application time: 1.0000775 seconds
[2019-12-09T04:37:02.471+0000][1][safepoint    ] Entering safepoint region: Cleanup
[2019-12-09T04:37:02.471+0000][1][safepoint    ] Leaving safepoint region
[2019-12-09T04:37:02.471+0000][1][safepoint    ] Total time for which application threads were stopped: 0.0000877 seconds, Stopping threads took: 0.0000165 seconds
[2019-12-09T04:37:03.472+0000][1][safepoint    ] Application time: 1.0000790 seconds
[2019-12-09T04:37:03.472+0000][1][safepoint    ] Entering safepoint region: Cleanup
[2019-12-09T04:37:03.472+0000][1][safepoint    ] Leaving safepoint region
[2019-12-09T04:37:03.472+0000][1][safepoint    ] Total time for which application threads were stopped: 0.0000980 seconds, Stopping threads took: 0.0000242 seconds
[2019-12-09T04:37:04.472+0000][1][safepoint    ] Application time: 1.0000781 seconds
[2019-12-09T04:37:04.472+0000][1][safepoint    ] Entering safepoint region: Cleanup
[2019-12-09T04:37:04.472+0000][1][safepoint    ] Leaving safepoint region
[2019-12-09T04:37:04.472+0000][1][safepoint    ] Total time for which application threads were stopped: 0.0000913 seconds, Stopping threads took: 0.0000239 seconds
[2019-12-09T04:37:05.472+0000][1][safepoint    ] Application time: 1.0000782 seconds
[2019-12-09T04:37:05.472+0000][1][safepoint    ] Entering safepoint region: Cleanup
[2019-12-09T04:37:05.472+0000][1][safepoint    ] Leaving safepoint region
[2019-12-09T04:37:05.472+0000][1][safepoint    ] Total time for which application threads were stopped: 0.0000890 seconds, Stopping threads took: 0.0000181 seconds
[2019-12-09T04:37:06.472+0000][1][safepoint    ] Application time: 1.0000796 seconds
[2019-12-09T04:37:06.472+0000][1][safepoint    ] Entering safepoint region: Cleanup
[2019-12-09T04:37:06.472+0000][1][safepoint    ] Leaving safepoint region
[2019-12-09T04:37:06.472+0000][1][safepoint    ] Total time for which application threads were stopped: 0.0000849 seconds, Stopping threads took: 0.0000171 seconds
[2019-12-09T04:37:07.472+0000][1][safepoint    ] Application time: 1.0000777 seconds
[2019-12-09T04:37:07.472+0000][1][safepoint    ] Entering safepoint region: Cleanup
[2019-12-09T04:37:07.472+0000][1][safepoint    ] Leaving safepoint region
[2019-12-09T04:37:07.472+0000][1][safepoint    ] Total time for which application threads were stopped: 0.0000838 seconds, Stopping threads took: 0.0000169 seconds
[2019-12-09T04:37:08.473+0000][1][safepoint    ] Application time: 1.0000781 seconds
[2019-12-09T04:37:08.473+0000][1][safepoint    ] Entering safepoint region: Cleanup
[2019-12-09T04:37:08.473+0000][1][safepoint    ] Leaving safepoint region
[2019-12-09T04:37:08.473+0000][1][safepoint    ] Total time for which application threads were stopped: 0.0000859 seconds, Stopping threads took: 0.0000172 seconds
[2019-12-09T04:37:09.473+0000][1][safepoint    ] Application time: 1.0000788 seconds
[2019-12-09T04:37:09.473+0000][1][safepoint    ] Entering safepoint region: Cleanup
[2019-12-09T04:37:09.473+0000][1][safepoint    ] Leaving safepoint region
[2019-12-09T04:37:09.473+0000][1][safepoint    ] Total time for which application threads were stopped: 0.0000819 seconds, Stopping threads took: 0.0000167 seconds
[2019-12-09T04:37:10.473+0000][1][safepoint    ] Application time: 1.0000800 seconds
[2019-12-09T04:37:10.473+0000][1][safepoint    ] Entering safepoint region: Cleanup
[2019-12-09T04:37:10.473+0000][1][safepoint    ] Leaving safepoint region
[2019-12-09T04:37:10.473+0000][1][safepoint    ] Total time for which application threads were stopped: 0.0000818 seconds, Stopping threads took: 0.0000161 seconds
[2019-12-09T04:37:11.473+0000][1][safepoint    ] Application time: 1.0000777 seconds
[2019-12-09T04:37:11.473+0000][1][safepoint    ] Entering safepoint region: Cleanup
[2019-12-09T04:37:11.473+0000][1][safepoint    ] Leaving safepoint region
[2019-12-09T04:37:11.473+0000][1][safepoint    ] Total time for which application threads were stopped: 0.0000835 seconds, Stopping threads took: 0.0000162 seconds
[2019-12-09T04:37:12.473+0000][1][safepoint    ] Application time: 1.0000804 seconds
[2019-12-09T04:37:12.473+0000][1][safepoint    ] Entering safepoint region: Cleanup
[2019-12-09T04:37:12.473+0000][1][safepoint    ] Leaving safepoint region
[2019-12-09T04:37:12.473+0000][1][safepoint    ] Total time for which application threads were stopped: 0.0000950 seconds, Stopping threads took: 0.0000172 seconds
[2019-12-09T04:37:13.474+0000][1][safepoint    ] Application time: 1.0000829 seconds
[2019-12-09T04:37:13.474+0000][1][safepoint    ] Entering safepoint region: Cleanup
[2019-12-09T04:37:13.474+0000][1][safepoint    ] Leaving safepoint region
[2019-12-09T04:37:13.474+0000][1][safepoint    ] Total time for which application threads were stopped: 0.0000986 seconds, Stopping threads took: 0.0000266 seconds
[2019-12-09T04:37:14.474+0000][1][safepoint    ] Application time: 1.0000847 seconds
[2019-12-09T04:37:14.474+0000][1][safepoint    ] Entering safepoint region: Cleanup
[2019-12-09T04:37:14.474+0000][1][safepoint    ] Leaving safepoint region
[2019-12-09T04:37:14.474+0000][1][safepoint    ] Total time for which application threads were stopped: 0.0000881 seconds, Stopping threads took: 0.0000175 seconds
[2019-12-09T04:37:15.474+0000][1][safepoint    ] Application time: 1.0001140 seconds
[2019-12-09T04:37:15.474+0000][1][safepoint    ] Entering safepoint region: Cleanup
[2019-12-09T04:37:15.474+0000][1][safepoint    ] Leaving safepoint region
[2019-12-09T04:37:15.474+0000][1][safepoint    ] Total time for which application threads were stopped: 0.0000889 seconds, Stopping threads took: 0.0000181 seconds
[2019-12-09T04:37:16.474+0000][1][safepoint    ] Application time: 1.0001090 seconds
[2019-12-09T04:37:16.474+0000][1][safepoint    ] Entering safepoint region: Cleanup
[2019-12-09T04:37:16.474+0000][1][safepoint    ] Leaving safepoint region
[2019-12-09T04:37:16.474+0000][1][safepoint    ] Total time for which application threads were stopped: 0.0001230 seconds, Stopping threads took: 0.0000247 seconds
[2019-12-09T04:37:17.474+0000][1][safepoint    ] Application time: 1.0000806 seconds
[2019-12-09T04:37:17.474+0000][1][safepoint    ] Entering safepoint region: Cleanup
[2019-12-09T04:37:17.475+0000][1][safepoint    ] Leaving safepoint region
[2019-12-09T04:37:17.475+0000][1][safepoint    ] Total time for which application threads were stopped: 0.0001282 seconds, Stopping threads took: 0.0000224 seconds
[2019-12-09T04:37:18.475+0000][1][safepoint    ] Application time: 1.0000807 seconds
[2019-12-09T04:37:18.475+0000][1][safepoint    ] Entering safepoint region: Cleanup
[2019-12-09T04:37:18.475+0000][1][safepoint    ] Leaving safepoint region
[2019-12-09T04:37:18.475+0000][1][safepoint    ] Total time for which application threads were stopped: 0.0000923 seconds, Stopping threads took: 0.0000181 seconds
[2019-12-09T04:37:19.475+0000][1][safepoint    ] Application time: 1.0001521 seconds
[2019-12-09T04:37:19.475+0000][1][safepoint    ] Entering safepoint region: Cleanup
[2019-12-09T04:37:19.475+0000][1][safepoint    ] Leaving safepoint region
[2019-12-09T04:37:19.475+0000][1][safepoint    ] Total time for which application threads were stopped: 0.0000975 seconds, Stopping threads took: 0.0000237 seconds
[2019-12-09T04:37:20.475+0000][1][safepoint    ] Application time: 1.0000797 seconds
[2019-12-09T04:37:20.475+0000][1][safepoint    ] Entering safepoint region: Cleanup
[2019-12-09T04:37:20.475+0000][1][safepoint    ] Leaving safepoint region
[2019-12-09T04:37:20.475+0000][1][safepoint    ] Total time for which application threads were stopped: 0.0001282 seconds, Stopping threads took: 0.0000275 seconds
[2019-12-09T04:37:21.475+0000][1][safepoint    ] Application time: 1.0000759 seconds
[2019-12-09T04:37:21.476+0000][1][safepoint    ] Entering safepoint region: Cleanup
[2019-12-09T04:37:21.476+0000][1][safepoint    ] Leaving safepoint region
[2019-12-09T04:37:21.476+0000][1][safepoint    ] Total time for which application threads were stopped: 0.0001262 seconds, Stopping threads took: 0.0000171 seconds
[2019-12-09T04:37:22.476+0000][1][safepoint    ] Application time: 1.0000753 seconds
[2019-12-09T04:37:22.476+0000][1][safepoint    ] Entering safepoint region: Cleanup
[2019-12-09T04:37:22.476+0000][1][safepoint    ] Leaving safepoint region
[2019-12-09T04:37:22.476+0000][1][safepoint    ] Total time for which application threads were stopped: 0.0000930 seconds, Stopping threads took: 0.0000195 seconds
[2019-12-09T04:37:23.476+0000][1][safepoint    ] Application time: 1.0000759 seconds
[2019-12-09T04:37:23.476+0000][1][safepoint    ] Entering safepoint region: Cleanup
[2019-12-09T04:37:23.476+0000][1][safepoint    ] Leaving safepoint region
[2019-12-09T04:37:23.476+0000][1][safepoint    ] Total time for which application threads were stopped: 0.0000947 seconds, Stopping threads took: 0.0000178 seconds
[2019-12-09T04:37:24.476+0000][1][safepoint    ] Application time: 1.0000752 seconds
[2019-12-09T04:37:24.476+0000][1][safepoint    ] Entering safepoint region: Cleanup
[2019-12-09T04:37:24.476+0000][1][safepoint    ] Leaving safepoint region
[2019-12-09T04:37:24.476+0000][1][safepoint    ] Total time for which application threads were stopped: 0.0001084 seconds, Stopping threads took: 0.0000186 seconds
[2019-12-09T04:37:25.476+0000][1][safepoint    ] Application time: 1.0000755 seconds
[2019-12-09T04:37:25.476+0000][1][safepoint    ] Entering safepoint region: Cleanup
[2019-12-09T04:37:25.477+0000][1][safepoint    ] Leaving safepoint region
[2019-12-09T04:37:25.477+0000][1][safepoint    ] Total time for which application threads were stopped: 0.0000907 seconds, Stopping threads took: 0.0000176 seconds
[2019-12-09T04:37:26.477+0000][1][safepoint    ] Application time: 1.0000759 seconds
[2019-12-09T04:37:26.477+0000][1][safepoint    ] Entering safepoint region: Cleanup
[2019-12-09T04:37:26.477+0000][1][safepoint    ] Leaving safepoint region
[2019-12-09T04:37:26.477+0000][1][safepoint    ] Total time for which application threads were stopped: 0.0001044 seconds, Stopping threads took: 0.0000186 seconds
[2019-12-09T04:37:27.477+0000][1][safepoint    ] Application time: 1.0000747 seconds
[2019-12-09T04:37:27.477+0000][1][safepoint    ] Entering safepoint region: Cleanup
[2019-12-09T04:37:27.477+0000][1][safepoint    ] Leaving safepoint region
[2019-12-09T04:37:27.477+0000][1][safepoint    ] Total time for which application threads were stopped: 0.0000916 seconds, Stopping threads took: 0.0000179 seconds
[2019-12-09T04:37:28.477+0000][1][safepoint    ] Application time: 1.0000784 seconds
[2019-12-09T04:37:28.477+0000][1][safepoint    ] Entering safepoint region: Cleanup
[2019-12-09T04:37:28.477+0000][1][safepoint    ] Leaving safepoint region
[2019-12-09T04:37:28.477+0000][1][safepoint    ] Total time for which application threads were stopped: 0.0000895 seconds, Stopping threads took: 0.0000184 seconds
[2019-12-09T04:37:29.477+0000][1][safepoint    ] Application time: 1.0000767 seconds
[2019-12-09T04:37:29.477+0000][1][safepoint    ] Entering safepoint region: Cleanup
[2019-12-09T04:37:29.477+0000][1][safepoint    ] Leaving safepoint region
[2019-12-09T04:37:29.477+0000][1][safepoint    ] Total time for which application threads were stopped: 0.0000887 seconds, Stopping threads took: 0.0000181 seconds
[2019-12-09T04:37:30.477+0000][1][safepoint    ] Application time: 1.0000740 seconds
[2019-12-09T04:37:30.477+0000][1][safepoint    ] Entering safepoint region: Cleanup
[2019-12-09T04:37:30.478+0000][1][safepoint    ] Leaving safepoint region
[2019-12-09T04:37:30.478+0000][1][safepoint    ] Total time for which application threads were stopped: 0.0000878 seconds, Stopping threads took: 0.0000196 seconds
[2019-12-09T04:37:31.478+0000][1][safepoint    ] Application time: 1.0000763 seconds
[2019-12-09T04:37:31.478+0000][1][safepoint    ] Entering safepoint region: Cleanup
[2019-12-09T04:37:31.478+0000][1][safepoint    ] Leaving safepoint region
[2019-12-09T04:37:31.478+0000][1][safepoint    ] Total time for which application threads were stopped: 0.0000923 seconds, Stopping threads took: 0.0000199 seconds
[2019-12-09T04:37:32.478+0000][1][safepoint    ] Application time: 1.0000752 seconds
[2019-12-09T04:37:32.478+0000][1][safepoint    ] Entering safepoint region: Cleanup
[2019-12-09T04:37:32.478+0000][1][safepoint    ] Leaving safepoint region
[2019-12-09T04:37:32.478+0000][1][safepoint    ] Total time for which application threads were stopped: 0.0000919 seconds, Stopping threads took: 0.0000168 seconds
[2019-12-09T04:37:33.478+0000][1][safepoint    ] Application time: 1.0000766 seconds
[2019-12-09T04:37:33.478+0000][1][safepoint    ] Entering safepoint region: Cleanup
[2019-12-09T04:37:33.478+0000][1][safepoint    ] Leaving safepoint region
[2019-12-09T04:37:33.478+0000][1][safepoint    ] Total time for which application threads were stopped: 0.0000958 seconds, Stopping threads took: 0.0000190 seconds
[2019-12-09T04:37:34.478+0000][1][safepoint    ] Application time: 1.0000758 seconds
[2019-12-09T04:37:34.478+0000][1][safepoint    ] Entering safepoint region: Cleanup
[2019-12-09T04:37:34.478+0000][1][safepoint    ] Leaving safepoint region
[2019-12-09T04:37:34.478+0000][1][safepoint    ] Total time for which application threads were stopped: 0.0000942 seconds, Stopping threads took: 0.0000235 seconds
[2019-12-09T04:37:35.776+0000][1][safepoint    ] Application time: 1.2976452 seconds
[2019-12-09T04:37:35.776+0000][1][safepoint    ] Entering safepoint region: Cleanup
[2019-12-09T04:37:35.776+0000][1][safepoint    ] Leaving safepoint region
[2019-12-09T04:37:35.776+0000][1][safepoint    ] Total time for which application threads were stopped: 0.0000875 seconds, Stopping threads took: 0.0000162 seconds
[2019-12-09T04:37:36.776+0000][1][safepoint    ] Application time: 1.0000739 seconds
[2019-12-09T04:37:36.776+0000][1][safepoint    ] Entering safepoint region: Cleanup
[2019-12-09T04:37:36.776+0000][1][safepoint    ] Leaving safepoint region
[2019-12-09T04:37:36.776+0000][1][safepoint    ] Total time for which application threads were stopped: 0.0000847 seconds, Stopping threads took: 0.0000165 seconds
[2019-12-09T04:37:37.776+0000][1][safepoint    ] Application time: 1.0000745 seconds
[2019-12-09T04:37:37.776+0000][1][safepoint    ] Entering safepoint region: Cleanup
[2019-12-09T04:37:37.777+0000][1][safepoint    ] Leaving safepoint region
[2019-12-09T04:37:37.777+0000][1][safepoint    ] Total time for which application threads were stopped: 0.0000838 seconds, Stopping threads took: 0.0000166 seconds
[2019-12-09T04:37:38.777+0000][1][safepoint    ] Application time: 1.0000749 seconds
[2019-12-09T04:37:38.777+0000][1][safepoint    ] Entering safepoint region: Cleanup
[2019-12-09T04:37:38.777+0000][1][safepoint    ] Leaving safepoint region
[2019-12-09T04:37:38.777+0000][1][safepoint    ] Total time for which application threads were stopped: 0.0000922 seconds, Stopping threads took: 0.0000159 seconds
[2019-12-09T04:37:39.777+0000][1][safepoint    ] Application time: 1.0000740 seconds
[2019-12-09T04:37:39.777+0000][1][safepoint    ] Entering safepoint region: Cleanup
[2019-12-09T04:37:39.777+0000][1][safepoint    ] Leaving safepoint region
[2019-12-09T04:37:39.777+0000][1][safepoint    ] Total time for which application threads were stopped: 0.0000840 seconds, Stopping threads took: 0.0000175 seconds
[2019-12-09T04:37:40.777+0000][1][safepoint    ] Application time: 1.0000732 seconds
[2019-12-09T04:37:40.777+0000][1][safepoint    ] Entering safepoint region: Cleanup
[2019-12-09T04:37:40.777+0000][1][safepoint    ] Leaving safepoint region
[2019-12-09T04:37:40.777+0000][1][safepoint    ] Total time for which application threads were stopped: 0.0000873 seconds, Stopping threads took: 0.0000171 seconds
[2019-12-09T04:37:41.777+0000][1][safepoint    ] Application time: 1.0000742 seconds
[2019-12-09T04:37:41.777+0000][1][safepoint    ] Entering safepoint region: Cleanup
[2019-12-09T04:37:41.777+0000][1][safepoint    ] Leaving safepoint region
[2019-12-09T04:37:41.777+0000][1][safepoint    ] Total time for which application threads were stopped: 0.0000856 seconds, Stopping threads took: 0.0000168 seconds
[2019-12-09T04:37:42.777+0000][1][safepoint    ] Application time: 1.0000754 seconds
[2019-12-09T04:37:42.777+0000][1][safepoint    ] Entering safepoint region: Cleanup
[2019-12-09T04:37:42.777+0000][1][safepoint    ] Leaving safepoint region
[2019-12-09T04:37:42.777+0000][1][safepoint    ] Total time for which application threads were stopped: 0.0000892 seconds, Stopping threads took: 0.0000173 seconds
[2019-12-09T04:37:43.778+0000][1][safepoint    ] Application time: 1.0000764 seconds
[2019-12-09T04:37:43.778+0000][1][safepoint    ] Entering safepoint region: Cleanup
[2019-12-09T04:37:43.778+0000][1][safepoint    ] Leaving safepoint region
[2019-12-09T04:37:43.778+0000][1][safepoint    ] Total time for which application threads were stopped: 0.0001020 seconds, Stopping threads took: 0.0000172 seconds
[2019-12-09T04:37:44.778+0000][1][safepoint    ] Application time: 1.0000754 seconds
[2019-12-09T04:37:44.778+0000][1][safepoint    ] Entering safepoint region: Cleanup
[2019-12-09T04:37:44.778+0000][1][safepoint    ] Leaving safepoint region
[2019-12-09T04:37:44.778+0000][1][safepoint    ] Total time for which application threads were stopped: 0.0000866 seconds, Stopping threads took: 0.0000179 seconds
[2019-12-09T04:37:45.778+0000][1][safepoint    ] Application time: 1.0000730 seconds
[2019-12-09T04:37:45.778+0000][1][safepoint    ] Entering safepoint region: Cleanup
[2019-12-09T04:37:45.778+0000][1][safepoint    ] Leaving safepoint region
[2019-12-09T04:37:45.778+0000][1][safepoint    ] Total time for which application threads were stopped: 0.0000849 seconds, Stopping threads took: 0.0000174 seconds
[2019-12-09T04:37:46.778+0000][1][safepoint    ] Application time: 1.0000761 seconds
[2019-12-09T04:37:46.778+0000][1][safepoint    ] Entering safepoint region: Cleanup
[2019-12-09T04:37:46.778+0000][1][safepoint    ] Leaving safepoint region
[2019-12-09T04:37:46.778+0000][1][safepoint    ] Total time for which application threads were stopped: 0.0000863 seconds, Stopping threads took: 0.0000174 seconds
[2019-12-09T04:37:47.778+0000][1][safepoint    ] Application time: 1.0000742 seconds
[2019-12-09T04:37:47.778+0000][1][safepoint    ] Entering safepoint region: Cleanup
[2019-12-09T04:37:47.778+0000][1][safepoint    ] Leaving safepoint region
[2019-12-09T04:37:47.778+0000][1][safepoint    ] Total time for which application threads were stopped: 0.0000941 seconds, Stopping threads took: 0.0000177 seconds
[2019-12-09T04:37:48.779+0000][1][safepoint    ] Application time: 1.0000762 seconds
[2019-12-09T04:37:48.779+0000][1][safepoint    ] Entering safepoint region: Cleanup
[2019-12-09T04:37:48.779+0000][1][safepoint    ] Leaving safepoint region
[2019-12-09T04:37:48.779+0000][1][safepoint    ] Total time for which application threads were stopped: 0.0001006 seconds, Stopping threads took: 0.0000171 seconds
[2019-12-09T04:37:49.779+0000][1][safepoint    ] Application time: 1.0000745 seconds
[2019-12-09T04:37:49.779+0000][1][safepoint    ] Entering safepoint region: Cleanup
[2019-12-09T04:37:49.779+0000][1][safepoint    ] Leaving safepoint region
[2019-12-09T04:37:49.779+0000][1][safepoint    ] Total time for which application threads were stopped: 0.0000909 seconds, Stopping threads took: 0.0000190 seconds
[2019-12-09T04:37:50.779+0000][1][safepoint    ] Application time: 1.0000747 seconds
[2019-12-09T04:37:50.779+0000][1][safepoint    ] Entering safepoint region: Cleanup
[2019-12-09T04:37:50.779+0000][1][safepoint    ] Leaving safepoint region
[2019-12-09T04:37:50.779+0000][1][safepoint    ] Total time for which application threads were stopped: 0.0000885 seconds, Stopping threads took: 0.0000180 seconds
[2019-12-09T04:37:51.779+0000][1][safepoint    ] Application time: 1.0000760 seconds
[2019-12-09T04:37:51.779+0000][1][safepoint    ] Entering safepoint region: Cleanup
[2019-12-09T04:37:51.779+0000][1][safepoint    ] Leaving safepoint region
[2019-12-09T04:37:51.779+0000][1][safepoint    ] Total time for which application threads were stopped: 0.0000979 seconds, Stopping threads took: 0.0000187 seconds
[2019-12-09T04:37:51.906+0000][1][safepoint    ] Application time: 0.1269194 seconds
[2019-12-09T04:37:51.906+0000][1][safepoint    ] Entering safepoint region: GenCollectForAllocation
[2019-12-09T04:37:51.906+0000][1][gc,start     ] GC(54) Pause Young (Allocation Failure)
[2019-12-09T04:37:51.906+0000][1][gc,task      ] GC(54) Using 2 workers of 2 for evacuation
[2019-12-09T04:37:51.908+0000][1][gc,age       ] GC(54) Desired survivor size 4456448 bytes, new threshold 6 (max threshold 6)
[2019-12-09T04:37:51.908+0000][1][gc,age       ] GC(54) Age table with threshold 6 (max threshold 6)
[2019-12-09T04:37:51.908+0000][1][gc,age       ] GC(54) - age   1:       9272 bytes,       9272 total
[2019-12-09T04:37:51.908+0000][1][gc,age       ] GC(54) - age   2:       3208 bytes,      12480 total
[2019-12-09T04:37:51.908+0000][1][gc,age       ] GC(54) - age   3:        840 bytes,      13320 total
[2019-12-09T04:37:51.908+0000][1][gc,age       ] GC(54) - age   4:      11424 bytes,      24744 total
[2019-12-09T04:37:51.908+0000][1][gc,age       ] GC(54) - age   5:       3152 bytes,      27896 total
[2019-12-09T04:37:51.908+0000][1][gc,age       ] GC(54) - age   6:       1872 bytes,      29768 total
[2019-12-09T04:37:51.908+0000][1][gc,heap      ] GC(54) ParNew: 69992K->41K(78656K)
[2019-12-09T04:37:51.908+0000][1][gc,heap      ] GC(54) CMS: 75914K->75914K(174784K)
[2019-12-09T04:37:51.908+0000][1][gc,metaspace ] GC(54) Metaspace: 80158K->80158K(1122304K)
[2019-12-09T04:37:51.908+0000][1][gc           ] GC(54) Pause Young (Allocation Failure) 142M->74M(247M) 1.727ms
[2019-12-09T04:37:51.908+0000][1][gc,cpu       ] GC(54) User=0.00s Sys=0.00s Real=0.00s
[2019-12-09T04:37:51.908+0000][1][safepoint    ] Leaving safepoint region
[2019-12-09T04:37:51.908+0000][1][safepoint    ] Total time for which application threads were stopped: 0.0018830 seconds, Stopping threads took: 0.0000151 seconds
[2019-12-09T04:37:52.908+0000][1][safepoint    ] Application time: 1.0000826 seconds
[2019-12-09T04:37:52.908+0000][1][safepoint    ] Entering safepoint region: Cleanup
[2019-12-09T04:37:52.908+0000][1][safepoint    ] Leaving safepoint region
[2019-12-09T04:37:52.908+0000][1][safepoint    ] Total time for which application threads were stopped: 0.0000846 seconds, Stopping threads took: 0.0000170 seconds
[2019-12-09T04:37:53.908+0000][1][safepoint    ] Application time: 1.0000753 seconds
[2019-12-09T04:37:53.908+0000][1][safepoint    ] Entering safepoint region: Cleanup
[2019-12-09T04:37:53.909+0000][1][safepoint    ] Leaving safepoint region
[2019-12-09T04:37:53.909+0000][1][safepoint    ] Total time for which application threads were stopped: 0.0000893 seconds, Stopping threads took: 0.0000195 seconds
[2019-12-09T04:37:54.909+0000][1][safepoint    ] Application time: 1.0000759 seconds
[2019-12-09T04:37:54.909+0000][1][safepoint    ] Entering safepoint region: Cleanup
[2019-12-09T04:37:54.909+0000][1][safepoint    ] Leaving safepoint region
[2019-12-09T04:37:54.909+0000][1][safepoint    ] Total time for which application threads were stopped: 0.0000925 seconds, Stopping threads took: 0.0000208 seconds
[2019-12-09T04:37:55.909+0000][1][safepoint    ] Application time: 1.0000740 seconds
[2019-12-09T04:37:55.909+0000][1][safepoint    ] Entering safepoint region: Cleanup
[2019-12-09T04:37:55.909+0000][1][safepoint    ] Leaving safepoint region
[2019-12-09T04:37:55.909+0000][1][safepoint    ] Total time for which application threads were stopped: 0.0000864 seconds, Stopping threads took: 0.0000171 seconds
[2019-12-09T04:37:56.909+0000][1][safepoint    ] Application time: 1.0000864 seconds
[2019-12-09T04:37:56.909+0000][1][safepoint    ] Entering safepoint region: Cleanup
[2019-12-09T04:37:56.909+0000][1][safepoint    ] Leaving safepoint region
[2019-12-09T04:37:56.909+0000][1][safepoint    ] Total time for which application threads were stopped: 0.0001448 seconds, Stopping threads took: 0.0000647 seconds
[2019-12-09T04:37:57.909+0000][1][safepoint    ] Application time: 1.0000898 seconds
[2019-12-09T04:37:57.909+0000][1][safepoint    ] Entering safepoint region: Cleanup
[2019-12-09T04:37:57.909+0000][1][safepoint    ] Leaving safepoint region
[2019-12-09T04:37:57.909+0000][1][safepoint    ] Total time for which application threads were stopped: 0.0000898 seconds, Stopping threads took: 0.0000188 seconds
[2019-12-09T04:37:58.910+0000][1][safepoint    ] Application time: 1.0000765 seconds
[2019-12-09T04:37:58.910+0000][1][safepoint    ] Entering safepoint region: Cleanup
[2019-12-09T04:37:58.910+0000][1][safepoint    ] Leaving safepoint region
[2019-12-09T04:37:58.910+0000][1][safepoint    ] Total time for which application threads were stopped: 0.0000969 seconds, Stopping threads took: 0.0000168 seconds
[2019-12-09T04:37:59.910+0000][1][safepoint    ] Application time: 1.0000752 seconds
[2019-12-09T04:37:59.910+0000][1][safepoint    ] Entering safepoint region: Cleanup
[2019-12-09T04:37:59.910+0000][1][safepoint    ] Leaving safepoint region
[2019-12-09T04:37:59.910+0000][1][safepoint    ] Total time for which application threads were stopped: 0.0000840 seconds, Stopping threads took: 0.0000167 seconds
[2019-12-09T04:38:00.910+0000][1][safepoint    ] Application time: 1.0000758 seconds
[2019-12-09T04:38:00.910+0000][1][safepoint    ] Entering safepoint region: Cleanup
[2019-12-09T04:38:00.910+0000][1][safepoint    ] Leaving safepoint region
[2019-12-09T04:38:00.910+0000][1][safepoint    ] Total time for which application threads were stopped: 0.0000872 seconds, Stopping threads took: 0.0000173 seconds
[2019-12-09T04:38:01.910+0000][1][safepoint    ] Application time: 1.0000747 seconds
[2019-12-09T04:38:01.910+0000][1][safepoint    ] Entering safepoint region: Cleanup
[2019-12-09T04:38:01.910+0000][1][safepoint    ] Leaving safepoint region
[2019-12-09T04:38:01.910+0000][1][safepoint    ] Total time for which application threads were stopped: 0.0000836 seconds, Stopping threads took: 0.0000164 seconds
[2019-12-09T04:38:02.910+0000][1][safepoint    ] Application time: 1.0000749 seconds
[2019-12-09T04:38:02.910+0000][1][safepoint    ] Entering safepoint region: Cleanup
[2019-12-09T04:38:02.910+0000][1][safepoint    ] Leaving safepoint region
[2019-12-09T04:38:02.910+0000][1][safepoint    ] Total time for which application threads were stopped: 0.0000823 seconds, Stopping threads took: 0.0000162 seconds
[2019-12-09T04:38:03.911+0000][1][safepoint    ] Application time: 1.0000758 seconds
[2019-12-09T04:38:03.911+0000][1][safepoint    ] Entering safepoint region: Cleanup
[2019-12-09T04:38:03.911+0000][1][safepoint    ] Leaving safepoint region
[2019-12-09T04:38:03.911+0000][1][safepoint    ] Total time for which application threads were stopped: 0.0000841 seconds, Stopping threads took: 0.0000178 seconds
[2019-12-09T04:38:04.911+0000][1][safepoint    ] Application time: 1.0000751 seconds
[2019-12-09T04:38:04.911+0000][1][safepoint    ] Entering safepoint region: Cleanup
[2019-12-09T04:38:04.911+0000][1][safepoint    ] Leaving safepoint region
[2019-12-09T04:38:04.911+0000][1][safepoint    ] Total time for which application threads were stopped: 0.0000887 seconds, Stopping threads took: 0.0000218 seconds
[2019-12-09T04:38:05.911+0000][1][safepoint    ] Application time: 1.0000722 seconds
[2019-12-09T04:38:05.911+0000][1][safepoint    ] Entering safepoint region: Cleanup
[2019-12-09T04:38:05.911+0000][1][safepoint    ] Leaving safepoint region
[2019-12-09T04:38:05.911+0000][1][safepoint    ] Total time for which application threads were stopped: 0.0000845 seconds, Stopping threads took: 0.0000169 seconds
[2019-12-09T04:38:06.911+0000][1][safepoint    ] Application time: 1.0000731 seconds
[2019-12-09T04:38:06.911+0000][1][safepoint    ] Entering safepoint region: Cleanup
[2019-12-09T04:38:06.911+0000][1][safepoint    ] Leaving safepoint region
[2019-12-09T04:38:06.911+0000][1][safepoint    ] Total time for which application threads were stopped: 0.0000839 seconds, Stopping threads took: 0.0000168 seconds
[2019-12-09T04:38:07.911+0000][1][safepoint    ] Application time: 1.0000762 seconds
[2019-12-09T04:38:07.911+0000][1][safepoint    ] Entering safepoint region: Cleanup
[2019-12-09T04:38:07.911+0000][1][safepoint    ] Leaving safepoint region
[2019-12-09T04:38:07.911+0000][1][safepoint    ] Total time for which application threads were stopped: 0.0000859 seconds, Stopping threads took: 0.0000165 seconds
[2019-12-09T04:38:08.911+0000][1][safepoint    ] Application time: 1.0000772 seconds
[2019-12-09T04:38:08.911+0000][1][safepoint    ] Entering safepoint region: Cleanup
[2019-12-09T04:38:08.912+0000][1][safepoint    ] Leaving safepoint region
[2019-12-09T04:38:08.912+0000][1][safepoint    ] Total time for which application threads were stopped: 0.0000855 seconds, Stopping threads took: 0.0000161 seconds
[2019-12-09T04:38:09.912+0000][1][safepoint    ] Application time: 1.0000754 seconds
[2019-12-09T04:38:09.912+0000][1][safepoint    ] Entering safepoint region: Cleanup
[2019-12-09T04:38:09.912+0000][1][safepoint    ] Leaving safepoint region
[2019-12-09T04:38:09.912+0000][1][safepoint    ] Total time for which application threads were stopped: 0.0000951 seconds, Stopping threads took: 0.0000282 seconds
[2019-12-09T04:38:10.912+0000][1][safepoint    ] Application time: 1.0000763 seconds
[2019-12-09T04:38:10.912+0000][1][safepoint    ] Entering safepoint region: Cleanup
[2019-12-09T04:38:10.912+0000][1][safepoint    ] Leaving safepoint region
[2019-12-09T04:38:10.912+0000][1][safepoint    ] Total time for which application threads were stopped: 0.0000889 seconds, Stopping threads took: 0.0000176 seconds
[2019-12-09T04:38:11.912+0000][1][safepoint    ] Application time: 1.0000772 seconds
[2019-12-09T04:38:11.912+0000][1][safepoint    ] Entering safepoint region: Cleanup
[2019-12-09T04:38:11.912+0000][1][safepoint    ] Leaving safepoint region
[2019-12-09T04:38:11.912+0000][1][safepoint    ] Total time for which application threads were stopped: 0.0000881 seconds, Stopping threads took: 0.0000189 seconds
[2019-12-09T04:38:12.912+0000][1][safepoint    ] Application time: 1.0000749 seconds
[2019-12-09T04:38:12.912+0000][1][safepoint    ] Entering safepoint region: Cleanup
[2019-12-09T04:38:12.912+0000][1][safepoint    ] Leaving safepoint region
[2019-12-09T04:38:12.912+0000][1][safepoint    ] Total time for which application threads were stopped: 0.0000865 seconds, Stopping threads took: 0.0000178 seconds
[2019-12-09T04:38:13.912+0000][1][safepoint    ] Application time: 1.0000763 seconds
[2019-12-09T04:38:13.913+0000][1][safepoint    ] Entering safepoint region: Cleanup
[2019-12-09T04:38:13.913+0000][1][safepoint    ] Leaving safepoint region
[2019-12-09T04:38:13.913+0000][1][safepoint    ] Total time for which application threads were stopped: 0.0000897 seconds, Stopping threads took: 0.0000181 seconds
[2019-12-09T04:38:14.913+0000][1][safepoint    ] Application time: 1.0000744 seconds
[2019-12-09T04:38:14.913+0000][1][safepoint    ] Entering safepoint region: Cleanup
[2019-12-09T04:38:14.913+0000][1][safepoint    ] Leaving safepoint region
[2019-12-09T04:38:14.913+0000][1][safepoint    ] Total time for which application threads were stopped: 0.0000884 seconds, Stopping threads took: 0.0000179 seconds
[2019-12-09T04:38:15.913+0000][1][safepoint    ] Application time: 1.0000741 seconds
[2019-12-09T04:38:15.913+0000][1][safepoint    ] Entering safepoint region: Cleanup
[2019-12-09T04:38:15.913+0000][1][safepoint    ] Leaving safepoint region
[2019-12-09T04:38:15.913+0000][1][safepoint    ] Total time for which application threads were stopped: 0.0000885 seconds, Stopping threads took: 0.0000188 seconds
[2019-12-09T04:38:16.913+0000][1][safepoint    ] Application time: 1.0000767 seconds
[2019-12-09T04:38:16.913+0000][1][safepoint    ] Entering safepoint region: Cleanup
[2019-12-09T04:38:16.913+0000][1][safepoint    ] Leaving safepoint region
[2019-12-09T04:38:16.913+0000][1][safepoint    ] Total time for which application threads were stopped: 0.0000871 seconds, Stopping threads took: 0.0000176 seconds
[2019-12-09T04:38:17.913+0000][1][safepoint    ] Application time: 1.0000768 seconds
[2019-12-09T04:38:17.913+0000][1][safepoint    ] Entering safepoint region: Cleanup
[2019-12-09T04:38:17.913+0000][1][safepoint    ] Leaving safepoint region
[2019-12-09T04:38:17.913+0000][1][safepoint    ] Total time for which application threads were stopped: 0.0000906 seconds, Stopping threads took: 0.0000179 seconds
[2019-12-09T04:38:18.913+0000][1][safepoint    ] Application time: 1.0000761 seconds
[2019-12-09T04:38:18.914+0000][1][safepoint    ] Entering safepoint region: Cleanup
[2019-12-09T04:38:18.914+0000][1][safepoint    ] Leaving safepoint region
[2019-12-09T04:38:18.914+0000][1][safepoint    ] Total time for which application threads were stopped: 0.0000890 seconds, Stopping threads took: 0.0000179 seconds
[2019-12-09T04:38:19.914+0000][1][safepoint    ] Application time: 1.0000743 seconds
[2019-12-09T04:38:19.914+0000][1][safepoint    ] Entering safepoint region: Cleanup
[2019-12-09T04:38:19.914+0000][1][safepoint    ] Leaving safepoint region
[2019-12-09T04:38:19.914+0000][1][safepoint    ] Total time for which application threads were stopped: 0.0000918 seconds, Stopping threads took: 0.0000225 seconds
[2019-12-09T04:38:20.914+0000][1][safepoint    ] Application time: 1.0000750 seconds
[2019-12-09T04:38:20.914+0000][1][safepoint    ] Entering safepoint region: Cleanup
[2019-12-09T04:38:20.914+0000][1][safepoint    ] Leaving safepoint region
[2019-12-09T04:38:20.914+0000][1][safepoint    ] Total time for which application threads were stopped: 0.0000912 seconds, Stopping threads took: 0.0000179 seconds
[2019-12-09T04:38:22.605+0000][1][safepoint    ] Application time: 1.6911693 seconds
[2019-12-09T04:38:22.605+0000][1][safepoint    ] Entering safepoint region: Cleanup
[2019-12-09T04:38:22.605+0000][1][safepoint    ] Leaving safepoint region
[2019-12-09T04:38:22.605+0000][1][safepoint    ] Total time for which application threads were stopped: 0.0000877 seconds, Stopping threads took: 0.0000181 seconds
[2019-12-09T04:38:23.605+0000][1][safepoint    ] Application time: 1.0001044 seconds
[2019-12-09T04:38:23.605+0000][1][safepoint    ] Entering safepoint region: Cleanup
[2019-12-09T04:38:23.606+0000][1][safepoint    ] Leaving safepoint region
[2019-12-09T04:38:23.606+0000][1][safepoint    ] Total time for which application threads were stopped: 0.0000859 seconds, Stopping threads took: 0.0000180 seconds
[2019-12-09T04:38:24.606+0000][1][safepoint    ] Application time: 1.0000760 seconds
[2019-12-09T04:38:24.606+0000][1][safepoint    ] Entering safepoint region: Cleanup
[2019-12-09T04:38:24.606+0000][1][safepoint    ] Leaving safepoint region
[2019-12-09T04:38:24.606+0000][1][safepoint    ] Total time for which application threads were stopped: 0.0001228 seconds, Stopping threads took: 0.0000363 seconds
[2019-12-09T04:38:25.606+0000][1][safepoint    ] Application time: 1.0000817 seconds
[2019-12-09T04:38:25.606+0000][1][safepoint    ] Entering safepoint region: Cleanup
[2019-12-09T04:38:25.606+0000][1][safepoint    ] Leaving safepoint region
[2019-12-09T04:38:25.606+0000][1][safepoint    ] Total time for which application threads were stopped: 0.0000864 seconds, Stopping threads took: 0.0000168 seconds
[2019-12-09T04:38:26.606+0000][1][safepoint    ] Application time: 1.0000757 seconds
[2019-12-09T04:38:26.606+0000][1][safepoint    ] Entering safepoint region: Cleanup
[2019-12-09T04:38:26.606+0000][1][safepoint    ] Leaving safepoint region
[2019-12-09T04:38:26.606+0000][1][safepoint    ] Total time for which application threads were stopped: 0.0000875 seconds, Stopping threads took: 0.0000181 seconds
[2019-12-09T04:38:27.606+0000][1][safepoint    ] Application time: 1.0000764 seconds
[2019-12-09T04:38:27.606+0000][1][safepoint    ] Entering safepoint region: Cleanup
[2019-12-09T04:38:27.606+0000][1][safepoint    ] Leaving safepoint region
[2019-12-09T04:38:27.606+0000][1][safepoint    ] Total time for which application threads were stopped: 0.0000909 seconds, Stopping threads took: 0.0000177 seconds
[2019-12-09T04:38:28.607+0000][1][safepoint    ] Application time: 1.0000758 seconds
[2019-12-09T04:38:28.607+0000][1][safepoint    ] Entering safepoint region: Cleanup
[2019-12-09T04:38:28.607+0000][1][safepoint    ] Leaving safepoint region
[2019-12-09T04:38:28.607+0000][1][safepoint    ] Total time for which application threads were stopped: 0.0000875 seconds, Stopping threads took: 0.0000171 seconds
[2019-12-09T04:38:29.607+0000][1][safepoint    ] Application time: 1.0000748 seconds
[2019-12-09T04:38:29.607+0000][1][safepoint    ] Entering safepoint region: Cleanup
[2019-12-09T04:38:29.607+0000][1][safepoint    ] Leaving safepoint region
[2019-12-09T04:38:29.607+0000][1][safepoint    ] Total time for which application threads were stopped: 0.0000842 seconds, Stopping threads took: 0.0000154 seconds
[2019-12-09T04:38:30.607+0000][1][safepoint    ] Application time: 1.0000761 seconds
[2019-12-09T04:38:30.607+0000][1][safepoint    ] Entering safepoint region: Cleanup
[2019-12-09T04:38:30.607+0000][1][safepoint    ] Leaving safepoint region
[2019-12-09T04:38:30.607+0000][1][safepoint    ] Total time for which application threads were stopped: 0.0000865 seconds, Stopping threads took: 0.0000169 seconds
[2019-12-09T04:38:31.607+0000][1][safepoint    ] Application time: 1.0000755 seconds
[2019-12-09T04:38:31.607+0000][1][safepoint    ] Entering safepoint region: Cleanup
[2019-12-09T04:38:31.607+0000][1][safepoint    ] Leaving safepoint region
[2019-12-09T04:38:31.607+0000][1][safepoint    ] Total time for which application threads were stopped: 0.0000872 seconds, Stopping threads took: 0.0000174 seconds
[2019-12-09T04:38:32.607+0000][1][safepoint    ] Application time: 1.0000752 seconds
[2019-12-09T04:38:32.607+0000][1][safepoint    ] Entering safepoint region: Cleanup
[2019-12-09T04:38:32.607+0000][1][safepoint    ] Leaving safepoint region
[2019-12-09T04:38:32.607+0000][1][safepoint    ] Total time for which application threads were stopped: 0.0000891 seconds, Stopping threads took: 0.0000186 seconds
[2019-12-09T04:38:33.607+0000][1][safepoint    ] Application time: 1.0000657 seconds
[2019-12-09T04:38:33.608+0000][1][safepoint    ] Entering safepoint region: Cleanup
[2019-12-09T04:38:33.608+0000][1][safepoint    ] Leaving safepoint region
[2019-12-09T04:38:33.608+0000][1][safepoint    ] Total time for which application threads were stopped: 0.0000835 seconds, Stopping threads took: 0.0000157 seconds
[2019-12-09T04:38:34.608+0000][1][safepoint    ] Application time: 1.0000863 seconds
[2019-12-09T04:38:34.608+0000][1][safepoint    ] Entering safepoint region: Cleanup
[2019-12-09T04:38:34.608+0000][1][safepoint    ] Leaving safepoint region
[2019-12-09T04:38:34.608+0000][1][safepoint    ] Total time for which application threads were stopped: 0.0000966 seconds, Stopping threads took: 0.0000252 seconds
[2019-12-09T04:38:35.608+0000][1][safepoint    ] Application time: 1.0000774 seconds
[2019-12-09T04:38:35.608+0000][1][safepoint    ] Entering safepoint region: Cleanup
[2019-12-09T04:38:35.608+0000][1][safepoint    ] Leaving safepoint region
[2019-12-09T04:38:35.608+0000][1][safepoint    ] Total time for which application threads were stopped: 0.0000899 seconds, Stopping threads took: 0.0000171 seconds
[2019-12-09T04:38:36.608+0000][1][safepoint    ] Application time: 1.0000768 seconds
[2019-12-09T04:38:36.608+0000][1][safepoint    ] Entering safepoint region: Cleanup
[2019-12-09T04:38:36.608+0000][1][safepoint    ] Leaving safepoint region
[2019-12-09T04:38:36.608+0000][1][safepoint    ] Total time for which application threads were stopped: 0.0000894 seconds, Stopping threads took: 0.0000181 seconds
[2019-12-09T04:38:37.608+0000][1][safepoint    ] Application time: 1.0000771 seconds
[2019-12-09T04:38:37.608+0000][1][safepoint    ] Entering safepoint region: Cleanup
[2019-12-09T04:38:37.608+0000][1][safepoint    ] Leaving safepoint region
[2019-12-09T04:38:37.608+0000][1][safepoint    ] Total time for which application threads were stopped: 0.0000874 seconds, Stopping threads took: 0.0000169 seconds
[2019-12-09T04:38:38.609+0000][1][safepoint    ] Application time: 1.0000757 seconds
[2019-12-09T04:38:38.609+0000][1][safepoint    ] Entering safepoint region: Cleanup
[2019-12-09T04:38:38.609+0000][1][safepoint    ] Leaving safepoint region
[2019-12-09T04:38:38.609+0000][1][safepoint    ] Total time for which application threads were stopped: 0.0000877 seconds, Stopping threads took: 0.0000192 seconds
[2019-12-09T04:38:39.609+0000][1][safepoint    ] Application time: 1.0000661 seconds
[2019-12-09T04:38:39.609+0000][1][safepoint    ] Entering safepoint region: Cleanup
[2019-12-09T04:38:39.609+0000][1][safepoint    ] Leaving safepoint region
[2019-12-09T04:38:39.609+0000][1][safepoint    ] Total time for which application threads were stopped: 0.0000893 seconds, Stopping threads took: 0.0000179 seconds
[2019-12-09T04:38:40.609+0000][1][safepoint    ] Application time: 1.0000762 seconds
[2019-12-09T04:38:40.609+0000][1][safepoint    ] Entering safepoint region: Cleanup
[2019-12-09T04:38:40.609+0000][1][safepoint    ] Leaving safepoint region
[2019-12-09T04:38:40.609+0000][1][safepoint    ] Total time for which application threads were stopped: 0.0000967 seconds, Stopping threads took: 0.0000266 seconds
[2019-12-09T04:38:41.609+0000][1][safepoint    ] Application time: 1.0000756 seconds
[2019-12-09T04:38:41.609+0000][1][safepoint    ] Entering safepoint region: Cleanup
[2019-12-09T04:38:41.609+0000][1][safepoint    ] Leaving safepoint region
[2019-12-09T04:38:41.609+0000][1][safepoint    ] Total time for which application threads were stopped: 0.0000952 seconds, Stopping threads took: 0.0000171 seconds
[2019-12-09T04:38:42.609+0000][1][safepoint    ] Application time: 1.0000771 seconds
[2019-12-09T04:38:42.609+0000][1][safepoint    ] Entering safepoint region: Cleanup
[2019-12-09T04:38:42.609+0000][1][safepoint    ] Leaving safepoint region
[2019-12-09T04:38:42.609+0000][1][safepoint    ] Total time for which application threads were stopped: 0.0000860 seconds, Stopping threads took: 0.0000173 seconds
[2019-12-09T04:38:43.610+0000][1][safepoint    ] Application time: 1.0000777 seconds
[2019-12-09T04:38:43.610+0000][1][safepoint    ] Entering safepoint region: Cleanup
[2019-12-09T04:38:43.610+0000][1][safepoint    ] Leaving safepoint region
[2019-12-09T04:38:43.610+0000][1][safepoint    ] Total time for which application threads were stopped: 0.0000913 seconds, Stopping threads took: 0.0000178 seconds
[2019-12-09T04:38:44.610+0000][1][safepoint    ] Application time: 1.0000762 seconds
[2019-12-09T04:38:44.610+0000][1][safepoint    ] Entering safepoint region: Cleanup
[2019-12-09T04:38:44.610+0000][1][safepoint    ] Leaving safepoint region
[2019-12-09T04:38:44.610+0000][1][safepoint    ] Total time for which application threads were stopped: 0.0000853 seconds, Stopping threads took: 0.0000174 seconds
[2019-12-09T04:38:45.610+0000][1][safepoint    ] Application time: 1.0000773 seconds
[2019-12-09T04:38:45.610+0000][1][safepoint    ] Entering safepoint region: Cleanup
[2019-12-09T04:38:45.610+0000][1][safepoint    ] Leaving safepoint region
[2019-12-09T04:38:45.610+0000][1][safepoint    ] Total time for which application threads were stopped: 0.0000902 seconds, Stopping threads took: 0.0000177 seconds
[2019-12-09T04:38:46.610+0000][1][safepoint    ] Application time: 1.0000765 seconds
[2019-12-09T04:38:46.610+0000][1][safepoint    ] Entering safepoint region: Cleanup
[2019-12-09T04:38:46.610+0000][1][safepoint    ] Leaving safepoint region
[2019-12-09T04:38:46.610+0000][1][safepoint    ] Total time for which application threads were stopped: 0.0000909 seconds, Stopping threads took: 0.0000188 seconds
[2019-12-09T04:38:47.610+0000][1][safepoint    ] Application time: 1.0000761 seconds
[2019-12-09T04:38:47.610+0000][1][safepoint    ] Entering safepoint region: Cleanup
[2019-12-09T04:38:47.610+0000][1][safepoint    ] Leaving safepoint region
[2019-12-09T04:38:47.610+0000][1][safepoint    ] Total time for which application threads were stopped: 0.0000892 seconds, Stopping threads took: 0.0000183 seconds
[2019-12-09T04:38:48.611+0000][1][safepoint    ] Application time: 1.0000774 seconds
[2019-12-09T04:38:48.611+0000][1][safepoint    ] Entering safepoint region: Cleanup
[2019-12-09T04:38:48.611+0000][1][safepoint    ] Leaving safepoint region
[2019-12-09T04:38:48.611+0000][1][safepoint    ] Total time for which application threads were stopped: 0.0000844 seconds, Stopping threads took: 0.0000167 seconds
[2019-12-09T04:38:49.611+0000][1][safepoint    ] Application time: 1.0000759 seconds
[2019-12-09T04:38:49.611+0000][1][safepoint    ] Entering safepoint region: Cleanup
[2019-12-09T04:38:49.611+0000][1][safepoint    ] Leaving safepoint region
[2019-12-09T04:38:49.611+0000][1][safepoint    ] Total time for which application threads were stopped: 0.0000874 seconds, Stopping threads took: 0.0000169 seconds
[2019-12-09T04:38:50.611+0000][1][safepoint    ] Application time: 1.0000762 seconds
[2019-12-09T04:38:50.611+0000][1][safepoint    ] Entering safepoint region: Cleanup
[2019-12-09T04:38:50.611+0000][1][safepoint    ] Leaving safepoint region
[2019-12-09T04:38:50.611+0000][1][safepoint    ] Total time for which application threads were stopped: 0.0000961 seconds, Stopping threads took: 0.0000245 seconds
[2019-12-09T04:38:51.611+0000][1][safepoint    ] Application time: 1.0000858 seconds
[2019-12-09T04:38:51.611+0000][1][safepoint    ] Entering safepoint region: Cleanup
[2019-12-09T04:38:51.611+0000][1][safepoint    ] Leaving safepoint region
[2019-12-09T04:38:51.611+0000][1][safepoint    ] Total time for which application threads were stopped: 0.0001225 seconds, Stopping threads took: 0.0000243 seconds
[2019-12-09T04:38:52.611+0000][1][safepoint    ] Application time: 1.0000777 seconds
[2019-12-09T04:38:52.611+0000][1][safepoint    ] Entering safepoint region: Cleanup
[2019-12-09T04:38:52.612+0000][1][safepoint    ] Leaving safepoint region
[2019-12-09T04:38:52.612+0000][1][safepoint    ] Total time for which application threads were stopped: 0.0000848 seconds, Stopping threads took: 0.0000169 seconds
[2019-12-09T04:38:53.612+0000][1][safepoint    ] Application time: 1.0000767 seconds
[2019-12-09T04:38:53.612+0000][1][safepoint    ] Entering safepoint region: Cleanup
[2019-12-09T04:38:53.612+0000][1][safepoint    ] Leaving safepoint region
[2019-12-09T04:38:53.612+0000][1][safepoint    ] Total time for which application threads were stopped: 0.0000890 seconds, Stopping threads took: 0.0000195 seconds
[2019-12-09T04:38:54.612+0000][1][safepoint    ] Application time: 1.0000802 seconds
[2019-12-09T04:38:54.612+0000][1][safepoint    ] Entering safepoint region: Cleanup
[2019-12-09T04:38:54.612+0000][1][safepoint    ] Leaving safepoint region
[2019-12-09T04:38:54.612+0000][1][safepoint    ] Total time for which application threads were stopped: 0.0000940 seconds, Stopping threads took: 0.0000192 seconds
[2019-12-09T04:38:55.612+0000][1][safepoint    ] Application time: 1.0000742 seconds
[2019-12-09T04:38:55.612+0000][1][safepoint    ] Entering safepoint region: Cleanup
[2019-12-09T04:38:55.612+0000][1][safepoint    ] Leaving safepoint region
[2019-12-09T04:38:55.612+0000][1][safepoint    ] Total time for which application threads were stopped: 0.0000938 seconds, Stopping threads took: 0.0000225 seconds
[2019-12-09T04:38:56.871+0000][1][safepoint    ] Application time: 1.2583187 seconds
[2019-12-09T04:38:56.871+0000][1][safepoint    ] Entering safepoint region: Cleanup
[2019-12-09T04:38:56.871+0000][1][safepoint    ] Leaving safepoint region
[2019-12-09T04:38:56.871+0000][1][safepoint    ] Total time for which application threads were stopped: 0.0000908 seconds, Stopping threads took: 0.0000176 seconds
[2019-12-09T04:38:57.871+0000][1][safepoint    ] Application time: 1.0000888 seconds
[2019-12-09T04:38:57.871+0000][1][safepoint    ] Entering safepoint region: Cleanup
[2019-12-09T04:38:57.871+0000][1][safepoint    ] Leaving safepoint region
[2019-12-09T04:38:57.871+0000][1][safepoint    ] Total time for which application threads were stopped: 0.0001040 seconds, Stopping threads took: 0.0000329 seconds
[2019-12-09T04:38:58.871+0000][1][safepoint    ] Application time: 1.0000765 seconds
[2019-12-09T04:38:58.871+0000][1][safepoint    ] Entering safepoint region: Cleanup
[2019-12-09T04:38:58.871+0000][1][safepoint    ] Leaving safepoint region
[2019-12-09T04:38:58.871+0000][1][safepoint    ] Total time for which application threads were stopped: 0.0000897 seconds, Stopping threads took: 0.0000182 seconds
[2019-12-09T04:38:59.871+0000][1][safepoint    ] Application time: 1.0000767 seconds
[2019-12-09T04:38:59.871+0000][1][safepoint    ] Entering safepoint region: Cleanup
[2019-12-09T04:38:59.871+0000][1][safepoint    ] Leaving safepoint region
[2019-12-09T04:38:59.871+0000][1][safepoint    ] Total time for which application threads were stopped: 0.0000895 seconds, Stopping threads took: 0.0000172 seconds
[2019-12-09T04:39:00.871+0000][1][safepoint    ] Application time: 1.0000769 seconds
[2019-12-09T04:39:00.871+0000][1][safepoint    ] Entering safepoint region: Cleanup
[2019-12-09T04:39:00.872+0000][1][safepoint    ] Leaving safepoint region
[2019-12-09T04:39:00.872+0000][1][safepoint    ] Total time for which application threads were stopped: 0.0000999 seconds, Stopping threads took: 0.0000275 seconds
[2019-12-09T04:39:01.872+0000][1][safepoint    ] Application time: 1.0000761 seconds
[2019-12-09T04:39:01.872+0000][1][safepoint    ] Entering safepoint region: Cleanup
[2019-12-09T04:39:01.872+0000][1][safepoint    ] Leaving safepoint region
[2019-12-09T04:39:01.872+0000][1][safepoint    ] Total time for which application threads were stopped: 0.0001084 seconds, Stopping threads took: 0.0000326 seconds
[2019-12-09T04:39:02.872+0000][1][safepoint    ] Application time: 1.0000778 seconds
[2019-12-09T04:39:02.872+0000][1][safepoint    ] Entering safepoint region: Cleanup
[2019-12-09T04:39:02.872+0000][1][safepoint    ] Leaving safepoint region
[2019-12-09T04:39:02.872+0000][1][safepoint    ] Total time for which application threads were stopped: 0.0000857 seconds, Stopping threads took: 0.0000173 seconds
[2019-12-09T04:39:03.872+0000][1][safepoint    ] Application time: 1.0000754 seconds
[2019-12-09T04:39:03.872+0000][1][safepoint    ] Entering safepoint region: Cleanup
[2019-12-09T04:39:03.872+0000][1][safepoint    ] Leaving safepoint region
[2019-12-09T04:39:03.872+0000][1][safepoint    ] Total time for which application threads were stopped: 0.0000901 seconds, Stopping threads took: 0.0000184 seconds
[2019-12-09T04:39:04.872+0000][1][safepoint    ] Application time: 1.0000765 seconds
[2019-12-09T04:39:04.872+0000][1][safepoint    ] Entering safepoint region: Cleanup
[2019-12-09T04:39:04.872+0000][1][safepoint    ] Leaving safepoint region
[2019-12-09T04:39:04.872+0000][1][safepoint    ] Total time for which application threads were stopped: 0.0000996 seconds, Stopping threads took: 0.0000273 seconds
[2019-12-09T04:39:05.873+0000][1][safepoint    ] Application time: 1.0000759 seconds
[2019-12-09T04:39:05.873+0000][1][safepoint    ] Entering safepoint region: Cleanup
[2019-12-09T04:39:05.873+0000][1][safepoint    ] Leaving safepoint region
[2019-12-09T04:39:05.873+0000][1][safepoint    ] Total time for which application threads were stopped: 0.0000904 seconds, Stopping threads took: 0.0000182 seconds
[2019-12-09T04:39:06.873+0000][1][safepoint    ] Application time: 1.0000756 seconds
[2019-12-09T04:39:06.873+0000][1][safepoint    ] Entering safepoint region: Cleanup
[2019-12-09T04:39:06.873+0000][1][safepoint    ] Leaving safepoint region
[2019-12-09T04:39:06.873+0000][1][safepoint    ] Total time for which application threads were stopped: 0.0000907 seconds, Stopping threads took: 0.0000188 seconds
[2019-12-09T04:39:07.873+0000][1][safepoint    ] Application time: 1.0000757 seconds
[2019-12-09T04:39:07.873+0000][1][safepoint    ] Entering safepoint region: Cleanup
[2019-12-09T04:39:07.873+0000][1][safepoint    ] Leaving safepoint region
[2019-12-09T04:39:07.873+0000][1][safepoint    ] Total time for which application threads were stopped: 0.0000910 seconds, Stopping threads took: 0.0000186 seconds
[2019-12-09T04:39:08.873+0000][1][safepoint    ] Application time: 1.0000785 seconds
[2019-12-09T04:39:08.873+0000][1][safepoint    ] Entering safepoint region: Cleanup
[2019-12-09T04:39:08.873+0000][1][safepoint    ] Leaving safepoint region
[2019-12-09T04:39:08.873+0000][1][safepoint    ] Total time for which application threads were stopped: 0.0000956 seconds, Stopping threads took: 0.0000203 seconds
[2019-12-09T04:39:09.873+0000][1][safepoint    ] Application time: 1.0000745 seconds
[2019-12-09T04:39:09.873+0000][1][safepoint    ] Entering safepoint region: Cleanup
[2019-12-09T04:39:09.873+0000][1][safepoint    ] Leaving safepoint region
[2019-12-09T04:39:09.873+0000][1][safepoint    ] Total time for which application threads were stopped: 0.0000914 seconds, Stopping threads took: 0.0000191 seconds
[2019-12-09T04:39:10.874+0000][1][safepoint    ] Application time: 1.0000767 seconds
[2019-12-09T04:39:10.874+0000][1][safepoint    ] Entering safepoint region: Cleanup
[2019-12-09T04:39:10.874+0000][1][safepoint    ] Leaving safepoint region
[2019-12-09T04:39:10.874+0000][1][safepoint    ] Total time for which application threads were stopped: 0.0001102 seconds, Stopping threads took: 0.0000183 seconds
[2019-12-09T04:39:11.874+0000][1][safepoint    ] Application time: 1.0000766 seconds
[2019-12-09T04:39:11.874+0000][1][safepoint    ] Entering safepoint region: Cleanup
[2019-12-09T04:39:11.874+0000][1][safepoint    ] Leaving safepoint region
[2019-12-09T04:39:11.874+0000][1][safepoint    ] Total time for which application threads were stopped: 0.0000969 seconds, Stopping threads took: 0.0000193 seconds
[2019-12-09T04:39:12.874+0000][1][safepoint    ] Application time: 1.0000762 seconds
[2019-12-09T04:39:12.874+0000][1][safepoint    ] Entering safepoint region: Cleanup
[2019-12-09T04:39:12.874+0000][1][safepoint    ] Leaving safepoint region
[2019-12-09T04:39:12.874+0000][1][safepoint    ] Total time for which application threads were stopped: 0.0000913 seconds, Stopping threads took: 0.0000186 seconds
[2019-12-09T04:39:13.874+0000][1][safepoint    ] Application time: 1.0000763 seconds
[2019-12-09T04:39:13.874+0000][1][safepoint    ] Entering safepoint region: Cleanup
[2019-12-09T04:39:13.874+0000][1][safepoint    ] Leaving safepoint region
[2019-12-09T04:39:13.874+0000][1][safepoint    ] Total time for which application threads were stopped: 0.0000903 seconds, Stopping threads took: 0.0000186 seconds
[2019-12-09T04:39:14.874+0000][1][safepoint    ] Application time: 1.0000755 seconds
[2019-12-09T04:39:14.874+0000][1][safepoint    ] Entering safepoint region: Cleanup
[2019-12-09T04:39:14.875+0000][1][safepoint    ] Leaving safepoint region
[2019-12-09T04:39:14.875+0000][1][safepoint    ] Total time for which application threads were stopped: 0.0000932 seconds, Stopping threads took: 0.0000189 seconds
[2019-12-09T04:39:15.875+0000][1][safepoint    ] Application time: 1.0000758 seconds
[2019-12-09T04:39:15.875+0000][1][safepoint    ] Entering safepoint region: Cleanup
[2019-12-09T04:39:15.875+0000][1][safepoint    ] Leaving safepoint region
[2019-12-09T04:39:15.875+0000][1][safepoint    ] Total time for which application threads were stopped: 0.0000909 seconds, Stopping threads took: 0.0000184 seconds
[2019-12-09T04:39:16.875+0000][1][safepoint    ] Application time: 1.0000766 seconds
[2019-12-09T04:39:16.875+0000][1][safepoint    ] Entering safepoint region: Cleanup
[2019-12-09T04:39:16.875+0000][1][safepoint    ] Leaving safepoint region
[2019-12-09T04:39:16.875+0000][1][safepoint    ] Total time for which application threads were stopped: 0.0000910 seconds, Stopping threads took: 0.0000187 seconds
[2019-12-09T04:39:17.875+0000][1][safepoint    ] Application time: 1.0000757 seconds
[2019-12-09T04:39:17.875+0000][1][safepoint    ] Entering safepoint region: Cleanup
[2019-12-09T04:39:17.875+0000][1][safepoint    ] Leaving safepoint region
[2019-12-09T04:39:17.875+0000][1][safepoint    ] Total time for which application threads were stopped: 0.0000891 seconds, Stopping threads took: 0.0000176 seconds
[2019-12-09T04:39:18.875+0000][1][safepoint    ] Application time: 1.0000758 seconds
[2019-12-09T04:39:18.875+0000][1][safepoint    ] Entering safepoint region: Cleanup
[2019-12-09T04:39:18.875+0000][1][safepoint    ] Leaving safepoint region
[2019-12-09T04:39:18.875+0000][1][safepoint    ] Total time for which application threads were stopped: 0.0000899 seconds, Stopping threads took: 0.0000172 seconds
[2019-12-09T04:39:19.876+0000][1][safepoint    ] Application time: 1.0000756 seconds
[2019-12-09T04:39:19.876+0000][1][safepoint    ] Entering safepoint region: Cleanup
[2019-12-09T04:39:19.876+0000][1][safepoint    ] Leaving safepoint region
[2019-12-09T04:39:19.876+0000][1][safepoint    ] Total time for which application threads were stopped: 0.0000931 seconds, Stopping threads took: 0.0000187 seconds
[2019-12-09T04:39:20.876+0000][1][safepoint    ] Application time: 1.0000734 seconds
[2019-12-09T04:39:20.876+0000][1][safepoint    ] Entering safepoint region: Cleanup
[2019-12-09T04:39:20.876+0000][1][safepoint    ] Leaving safepoint region
[2019-12-09T04:39:20.876+0000][1][safepoint    ] Total time for which application threads were stopped: 0.0001176 seconds, Stopping threads took: 0.0000188 seconds
[2019-12-09T04:39:22.613+0000][1][safepoint    ] Application time: 1.7372334 seconds
[2019-12-09T04:39:22.613+0000][1][safepoint    ] Entering safepoint region: Cleanup
[2019-12-09T04:39:22.613+0000][1][safepoint    ] Leaving safepoint region
[2019-12-09T04:39:22.613+0000][1][safepoint    ] Total time for which application threads were stopped: 0.0000920 seconds, Stopping threads took: 0.0000187 seconds
[2019-12-09T04:39:23.616+0000][1][safepoint    ] Application time: 1.0024874 seconds
[2019-12-09T04:39:23.616+0000][1][safepoint    ] Entering safepoint region: Cleanup
[2019-12-09T04:39:23.616+0000][1][safepoint    ] Leaving safepoint region
[2019-12-09T04:39:23.616+0000][1][safepoint    ] Total time for which application threads were stopped: 0.0001219 seconds, Stopping threads took: 0.0000240 seconds
[2019-12-09T04:39:24.616+0000][1][safepoint    ] Application time: 1.0000763 seconds
[2019-12-09T04:39:24.616+0000][1][safepoint    ] Entering safepoint region: Cleanup
[2019-12-09T04:39:24.616+0000][1][safepoint    ] Leaving safepoint region
[2019-12-09T04:39:24.616+0000][1][safepoint    ] Total time for which application threads were stopped: 0.0000824 seconds, Stopping threads took: 0.0000159 seconds
[2019-12-09T04:39:25.616+0000][1][safepoint    ] Application time: 1.0000810 seconds
[2019-12-09T04:39:25.616+0000][1][safepoint    ] Entering safepoint region: Cleanup
[2019-12-09T04:39:25.616+0000][1][safepoint    ] Leaving safepoint region
[2019-12-09T04:39:25.616+0000][1][safepoint    ] Total time for which application threads were stopped: 0.0000848 seconds, Stopping threads took: 0.0000171 seconds
[2019-12-09T04:39:26.616+0000][1][safepoint    ] Application time: 1.0000756 seconds
[2019-12-09T04:39:26.616+0000][1][safepoint    ] Entering safepoint region: Cleanup
[2019-12-09T04:39:26.616+0000][1][safepoint    ] Leaving safepoint region
[2019-12-09T04:39:26.616+0000][1][safepoint    ] Total time for which application threads were stopped: 0.0000856 seconds, Stopping threads took: 0.0000162 seconds
[2019-12-09T04:39:27.617+0000][1][safepoint    ] Application time: 1.0000736 seconds
[2019-12-09T04:39:27.617+0000][1][safepoint    ] Entering safepoint region: Cleanup
[2019-12-09T04:39:27.617+0000][1][safepoint    ] Leaving safepoint region
[2019-12-09T04:39:27.617+0000][1][safepoint    ] Total time for which application threads were stopped: 0.0001064 seconds, Stopping threads took: 0.0000162 seconds
[2019-12-09T04:39:28.617+0000][1][safepoint    ] Application time: 1.0000767 seconds
[2019-12-09T04:39:28.617+0000][1][safepoint    ] Entering safepoint region: Cleanup
[2019-12-09T04:39:28.617+0000][1][safepoint    ] Leaving safepoint region
[2019-12-09T04:39:28.617+0000][1][safepoint    ] Total time for which application threads were stopped: 0.0000820 seconds, Stopping threads took: 0.0000156 seconds
[2019-12-09T04:39:29.617+0000][1][safepoint    ] Application time: 1.0000742 seconds
[2019-12-09T04:39:29.617+0000][1][safepoint    ] Entering safepoint region: Cleanup
[2019-12-09T04:39:29.617+0000][1][safepoint    ] Leaving safepoint region
[2019-12-09T04:39:29.617+0000][1][safepoint    ] Total time for which application threads were stopped: 0.0000845 seconds, Stopping threads took: 0.0000161 seconds
[2019-12-09T04:39:30.617+0000][1][safepoint    ] Application time: 1.0000739 seconds
[2019-12-09T04:39:30.617+0000][1][safepoint    ] Entering safepoint region: Cleanup
[2019-12-09T04:39:30.617+0000][1][safepoint    ] Leaving safepoint region
[2019-12-09T04:39:30.617+0000][1][safepoint    ] Total time for which application threads were stopped: 0.0000806 seconds, Stopping threads took: 0.0000152 seconds
[2019-12-09T04:39:31.617+0000][1][safepoint    ] Application time: 1.0000751 seconds
[2019-12-09T04:39:31.617+0000][1][safepoint    ] Entering safepoint region: Cleanup
[2019-12-09T04:39:31.617+0000][1][safepoint    ] Leaving safepoint region
[2019-12-09T04:39:31.617+0000][1][safepoint    ] Total time for which application threads were stopped: 0.0000920 seconds, Stopping threads took: 0.0000171 seconds
[2019-12-09T04:39:32.617+0000][1][safepoint    ] Application time: 1.0000733 seconds
[2019-12-09T04:39:32.617+0000][1][safepoint    ] Entering safepoint region: Cleanup
[2019-12-09T04:39:32.618+0000][1][safepoint    ] Leaving safepoint region
[2019-12-09T04:39:32.618+0000][1][safepoint    ] Total time for which application threads were stopped: 0.0000837 seconds, Stopping threads took: 0.0000170 seconds
[2019-12-09T04:39:33.618+0000][1][safepoint    ] Application time: 1.0000752 seconds
[2019-12-09T04:39:33.618+0000][1][safepoint    ] Entering safepoint region: Cleanup
[2019-12-09T04:39:33.618+0000][1][safepoint    ] Leaving safepoint region
[2019-12-09T04:39:33.618+0000][1][safepoint    ] Total time for which application threads were stopped: 0.0001019 seconds, Stopping threads took: 0.0000295 seconds
[2019-12-09T04:39:34.618+0000][1][safepoint    ] Application time: 1.0000730 seconds
[2019-12-09T04:39:34.618+0000][1][safepoint    ] Entering safepoint region: Cleanup
[2019-12-09T04:39:34.618+0000][1][safepoint    ] Leaving safepoint region
[2019-12-09T04:39:34.618+0000][1][safepoint    ] Total time for which application threads were stopped: 0.0000845 seconds, Stopping threads took: 0.0000168 seconds
[2019-12-09T04:39:35.618+0000][1][safepoint    ] Application time: 1.0000794 seconds
[2019-12-09T04:39:35.618+0000][1][safepoint    ] Entering safepoint region: Cleanup
[2019-12-09T04:39:35.618+0000][1][safepoint    ] Leaving safepoint region
[2019-12-09T04:39:35.618+0000][1][safepoint    ] Total time for which application threads were stopped: 0.0000897 seconds, Stopping threads took: 0.0000224 seconds
[2019-12-09T04:39:36.618+0000][1][safepoint    ] Application time: 1.0000756 seconds
[2019-12-09T04:39:36.618+0000][1][safepoint    ] Entering safepoint region: Cleanup
[2019-12-09T04:39:36.618+0000][1][safepoint    ] Leaving safepoint region
[2019-12-09T04:39:36.618+0000][1][safepoint    ] Total time for which application threads were stopped: 0.0000822 seconds, Stopping threads took: 0.0000159 seconds
[2019-12-09T04:39:37.618+0000][1][safepoint    ] Application time: 1.0000749 seconds
[2019-12-09T04:39:37.618+0000][1][safepoint    ] Entering safepoint region: Cleanup
[2019-12-09T04:39:37.619+0000][1][safepoint    ] Leaving safepoint region
[2019-12-09T04:39:37.619+0000][1][safepoint    ] Total time for which application threads were stopped: 0.0000828 seconds, Stopping threads took: 0.0000170 seconds
[2019-12-09T04:39:38.619+0000][1][safepoint    ] Application time: 1.0000754 seconds
[2019-12-09T04:39:38.619+0000][1][safepoint    ] Entering safepoint region: Cleanup
[2019-12-09T04:39:38.619+0000][1][safepoint    ] Leaving safepoint region
[2019-12-09T04:39:38.619+0000][1][safepoint    ] Total time for which application threads were stopped: 0.0000980 seconds, Stopping threads took: 0.0000158 seconds
[2019-12-09T04:39:39.619+0000][1][safepoint    ] Application time: 1.0000751 seconds
[2019-12-09T04:39:39.619+0000][1][safepoint    ] Entering safepoint region: Cleanup
[2019-12-09T04:39:39.619+0000][1][safepoint    ] Leaving safepoint region
[2019-12-09T04:39:39.619+0000][1][safepoint    ] Total time for which application threads were stopped: 0.0000852 seconds, Stopping threads took: 0.0000167 seconds
[2019-12-09T04:39:40.619+0000][1][safepoint    ] Application time: 1.0000730 seconds
[2019-12-09T04:39:40.619+0000][1][safepoint    ] Entering safepoint region: Cleanup
[2019-12-09T04:39:40.619+0000][1][safepoint    ] Leaving safepoint region
[2019-12-09T04:39:40.619+0000][1][safepoint    ] Total time for which application threads were stopped: 0.0000840 seconds, Stopping threads took: 0.0000163 seconds
[2019-12-09T04:39:41.619+0000][1][safepoint    ] Application time: 1.0000749 seconds
[2019-12-09T04:39:41.619+0000][1][safepoint    ] Entering safepoint region: Cleanup
[2019-12-09T04:39:41.619+0000][1][safepoint    ] Leaving safepoint region
[2019-12-09T04:39:41.619+0000][1][safepoint    ] Total time for which application threads were stopped: 0.0000870 seconds, Stopping threads took: 0.0000177 seconds
[2019-12-09T04:39:42.619+0000][1][safepoint    ] Application time: 1.0000737 seconds
[2019-12-09T04:39:42.619+0000][1][safepoint    ] Entering safepoint region: Cleanup
[2019-12-09T04:39:42.619+0000][1][safepoint    ] Leaving safepoint region
[2019-12-09T04:39:42.619+0000][1][safepoint    ] Total time for which application threads were stopped: 0.0000844 seconds, Stopping threads took: 0.0000161 seconds
[2019-12-09T04:39:43.620+0000][1][safepoint    ] Application time: 1.0000784 seconds
[2019-12-09T04:39:43.620+0000][1][safepoint    ] Entering safepoint region: Cleanup
[2019-12-09T04:39:43.620+0000][1][safepoint    ] Leaving safepoint region
[2019-12-09T04:39:43.620+0000][1][safepoint    ] Total time for which application threads were stopped: 0.0000865 seconds, Stopping threads took: 0.0000176 seconds
[2019-12-09T04:39:44.620+0000][1][safepoint    ] Application time: 1.0000753 seconds
[2019-12-09T04:39:44.620+0000][1][safepoint    ] Entering safepoint region: Cleanup
[2019-12-09T04:39:44.620+0000][1][safepoint    ] Leaving safepoint region
[2019-12-09T04:39:44.620+0000][1][safepoint    ] Total time for which application threads were stopped: 0.0000828 seconds, Stopping threads took: 0.0000172 seconds
[2019-12-09T04:39:45.620+0000][1][safepoint    ] Application time: 1.0000758 seconds
[2019-12-09T04:39:45.620+0000][1][safepoint    ] Entering safepoint region: Cleanup
[2019-12-09T04:39:45.620+0000][1][safepoint    ] Leaving safepoint region
[2019-12-09T04:39:45.620+0000][1][safepoint    ] Total time for which application threads were stopped: 0.0000890 seconds, Stopping threads took: 0.0000229 seconds
[2019-12-09T04:39:46.620+0000][1][safepoint    ] Application time: 1.0000767 seconds
[2019-12-09T04:39:46.620+0000][1][safepoint    ] Entering safepoint region: Cleanup
[2019-12-09T04:39:46.620+0000][1][safepoint    ] Leaving safepoint region
[2019-12-09T04:39:46.620+0000][1][safepoint    ] Total time for which application threads were stopped: 0.0000865 seconds, Stopping threads took: 0.0000166 seconds
[2019-12-09T04:39:46.946+0000][1][safepoint    ] Application time: 0.3252728 seconds
[2019-12-09T04:39:46.946+0000][1][safepoint    ] Entering safepoint region: GenCollectForAllocation
[2019-12-09T04:39:46.946+0000][1][gc,start     ] GC(55) Pause Young (Allocation Failure)
[2019-12-09T04:39:46.946+0000][1][gc,task      ] GC(55) Using 2 workers of 2 for evacuation
[2019-12-09T04:39:46.947+0000][1][gc,age       ] GC(55) Desired survivor size 4456448 bytes, new threshold 6 (max threshold 6)
[2019-12-09T04:39:46.947+0000][1][gc,age       ] GC(55) Age table with threshold 6 (max threshold 6)
[2019-12-09T04:39:46.947+0000][1][gc,age       ] GC(55) - age   1:      10368 bytes,      10368 total
[2019-12-09T04:39:46.947+0000][1][gc,age       ] GC(55) - age   2:        584 bytes,      10952 total
[2019-12-09T04:39:46.947+0000][1][gc,age       ] GC(55) - age   3:       3208 bytes,      14160 total
[2019-12-09T04:39:46.947+0000][1][gc,age       ] GC(55) - age   4:        840 bytes,      15000 total
[2019-12-09T04:39:46.947+0000][1][gc,age       ] GC(55) - age   5:      11424 bytes,      26424 total
[2019-12-09T04:39:46.947+0000][1][gc,age       ] GC(55) - age   6:       3152 bytes,      29576 total
[2019-12-09T04:39:46.947+0000][1][gc,heap      ] GC(55) ParNew: 69993K->42K(78656K)
[2019-12-09T04:39:46.947+0000][1][gc,heap      ] GC(55) CMS: 75914K->75916K(174784K)
[2019-12-09T04:39:46.947+0000][1][gc,metaspace ] GC(55) Metaspace: 80159K->80159K(1122304K)
[2019-12-09T04:39:46.947+0000][1][gc           ] GC(55) Pause Young (Allocation Failure) 142M->74M(247M) 1.760ms
[2019-12-09T04:39:46.947+0000][1][gc,cpu       ] GC(55) User=0.00s Sys=0.00s Real=0.00s
[2019-12-09T04:39:46.947+0000][1][safepoint    ] Leaving safepoint region
[2019-12-09T04:39:46.947+0000][1][safepoint    ] Total time for which application threads were stopped: 0.0019151 seconds, Stopping threads took: 0.0000162 seconds
[2019-12-09T04:39:47.948+0000][1][safepoint    ] Application time: 1.0000845 seconds
[2019-12-09T04:39:47.948+0000][1][safepoint    ] Entering safepoint region: Cleanup
[2019-12-09T04:39:47.948+0000][1][safepoint    ] Leaving safepoint region
[2019-12-09T04:39:47.948+0000][1][safepoint    ] Total time for which application threads were stopped: 0.0001005 seconds, Stopping threads took: 0.0000187 seconds
[2019-12-09T04:39:48.948+0000][1][safepoint    ] Application time: 1.0000756 seconds
[2019-12-09T04:39:48.948+0000][1][safepoint    ] Entering safepoint region: Cleanup
[2019-12-09T04:39:48.948+0000][1][safepoint    ] Leaving safepoint region
[2019-12-09T04:39:48.948+0000][1][safepoint    ] Total time for which application threads were stopped: 0.0000914 seconds, Stopping threads took: 0.0000185 seconds
[2019-12-09T04:39:49.948+0000][1][safepoint    ] Application time: 1.0000784 seconds
[2019-12-09T04:39:49.948+0000][1][safepoint    ] Entering safepoint region: Cleanup
[2019-12-09T04:39:49.948+0000][1][safepoint    ] Leaving safepoint region
[2019-12-09T04:39:49.948+0000][1][safepoint    ] Total time for which application threads were stopped: 0.0000912 seconds, Stopping threads took: 0.0000182 seconds
[2019-12-09T04:39:50.948+0000][1][safepoint    ] Application time: 1.0000753 seconds
[2019-12-09T04:39:50.948+0000][1][safepoint    ] Entering safepoint region: Cleanup
[2019-12-09T04:39:50.948+0000][1][safepoint    ] Leaving safepoint region
[2019-12-09T04:39:50.948+0000][1][safepoint    ] Total time for which application threads were stopped: 0.0000874 seconds, Stopping threads took: 0.0000171 seconds
[2019-12-09T04:39:52.629+0000][1][safepoint    ] Application time: 1.6806910 seconds
[2019-12-09T04:39:52.629+0000][1][safepoint    ] Entering safepoint region: Cleanup
[2019-12-09T04:39:52.629+0000][1][safepoint    ] Leaving safepoint region
[2019-12-09T04:39:52.629+0000][1][safepoint    ] Total time for which application threads were stopped: 0.0000915 seconds, Stopping threads took: 0.0000167 seconds
[2019-12-09T04:39:53.629+0000][1][safepoint    ] Application time: 1.0000812 seconds
[2019-12-09T04:39:53.629+0000][1][safepoint    ] Entering safepoint region: Cleanup
[2019-12-09T04:39:53.629+0000][1][safepoint    ] Leaving safepoint region
[2019-12-09T04:39:53.629+0000][1][safepoint    ] Total time for which application threads were stopped: 0.0001243 seconds, Stopping threads took: 0.0000255 seconds
[2019-12-09T04:39:54.629+0000][1][safepoint    ] Application time: 1.0000788 seconds
[2019-12-09T04:39:54.630+0000][1][safepoint    ] Entering safepoint region: Cleanup
[2019-12-09T04:39:54.630+0000][1][safepoint    ] Leaving safepoint region
[2019-12-09T04:39:54.630+0000][1][safepoint    ] Total time for which application threads were stopped: 0.0000920 seconds, Stopping threads took: 0.0000187 seconds
[2019-12-09T04:39:55.630+0000][1][safepoint    ] Application time: 1.0000847 seconds
[2019-12-09T04:39:55.630+0000][1][safepoint    ] Entering safepoint region: Cleanup
[2019-12-09T04:39:55.630+0000][1][safepoint    ] Leaving safepoint region
[2019-12-09T04:39:55.630+0000][1][safepoint    ] Total time for which application threads were stopped: 0.0000886 seconds, Stopping threads took: 0.0000185 seconds
[2019-12-09T04:39:56.630+0000][1][safepoint    ] Application time: 1.0000758 seconds
[2019-12-09T04:39:56.630+0000][1][safepoint    ] Entering safepoint region: Cleanup
[2019-12-09T04:39:56.630+0000][1][safepoint    ] Leaving safepoint region
[2019-12-09T04:39:56.630+0000][1][safepoint    ] Total time for which application threads were stopped: 0.0000898 seconds, Stopping threads took: 0.0000167 seconds
[2019-12-09T04:39:57.630+0000][1][safepoint    ] Application time: 1.0000761 seconds
[2019-12-09T04:39:57.630+0000][1][safepoint    ] Entering safepoint region: Cleanup
[2019-12-09T04:39:57.630+0000][1][safepoint    ] Leaving safepoint region
[2019-12-09T04:39:57.630+0000][1][safepoint    ] Total time for which application threads were stopped: 0.0000889 seconds, Stopping threads took: 0.0000183 seconds
[2019-12-09T04:39:58.630+0000][1][safepoint    ] Application time: 1.0000773 seconds
[2019-12-09T04:39:58.630+0000][1][safepoint    ] Entering safepoint region: Cleanup
[2019-12-09T04:39:58.630+0000][1][safepoint    ] Leaving safepoint region
[2019-12-09T04:39:58.630+0000][1][safepoint    ] Total time for which application threads were stopped: 0.0000885 seconds, Stopping threads took: 0.0000178 seconds
[2019-12-09T04:39:59.631+0000][1][safepoint    ] Application time: 1.0000785 seconds
[2019-12-09T04:39:59.631+0000][1][safepoint    ] Entering safepoint region: Cleanup
[2019-12-09T04:39:59.631+0000][1][safepoint    ] Leaving safepoint region
[2019-12-09T04:39:59.631+0000][1][safepoint    ] Total time for which application threads were stopped: 0.0000901 seconds, Stopping threads took: 0.0000184 seconds
[2019-12-09T04:40:00.631+0000][1][safepoint    ] Application time: 1.0000873 seconds
[2019-12-09T04:40:00.631+0000][1][safepoint    ] Entering safepoint region: Cleanup
[2019-12-09T04:40:00.631+0000][1][safepoint    ] Leaving safepoint region
[2019-12-09T04:40:00.631+0000][1][safepoint    ] Total time for which application threads were stopped: 0.0000943 seconds, Stopping threads took: 0.0000163 seconds
[2019-12-09T04:40:01.631+0000][1][safepoint    ] Application time: 1.0000782 seconds
[2019-12-09T04:40:01.631+0000][1][safepoint    ] Entering safepoint region: Cleanup
[2019-12-09T04:40:01.631+0000][1][safepoint    ] Leaving safepoint region
[2019-12-09T04:40:01.631+0000][1][safepoint    ] Total time for which application threads were stopped: 0.0000948 seconds, Stopping threads took: 0.0000180 seconds
[2019-12-09T04:40:02.631+0000][1][safepoint    ] Application time: 1.0000781 seconds
[2019-12-09T04:40:02.631+0000][1][safepoint    ] Entering safepoint region: Cleanup
[2019-12-09T04:40:02.631+0000][1][safepoint    ] Leaving safepoint region
[2019-12-09T04:40:02.631+0000][1][safepoint    ] Total time for which application threads were stopped: 0.0000919 seconds, Stopping threads took: 0.0000192 seconds
[2019-12-09T04:40:03.631+0000][1][safepoint    ] Application time: 1.0000751 seconds
[2019-12-09T04:40:03.631+0000][1][safepoint    ] Entering safepoint region: Cleanup
[2019-12-09T04:40:03.632+0000][1][safepoint    ] Leaving safepoint region
[2019-12-09T04:40:03.632+0000][1][safepoint    ] Total time for which application threads were stopped: 0.0000916 seconds, Stopping threads took: 0.0000190 seconds
[2019-12-09T04:40:04.632+0000][1][safepoint    ] Application time: 1.0000760 seconds
[2019-12-09T04:40:04.632+0000][1][safepoint    ] Entering safepoint region: Cleanup
[2019-12-09T04:40:04.632+0000][1][safepoint    ] Leaving safepoint region
[2019-12-09T04:40:04.632+0000][1][safepoint    ] Total time for which application threads were stopped: 0.0001008 seconds, Stopping threads took: 0.0000178 seconds
[2019-12-09T04:40:05.632+0000][1][safepoint    ] Application time: 1.0000765 seconds
[2019-12-09T04:40:05.632+0000][1][safepoint    ] Entering safepoint region: Cleanup
[2019-12-09T04:40:05.632+0000][1][safepoint    ] Leaving safepoint region
[2019-12-09T04:40:05.632+0000][1][safepoint    ] Total time for which application threads were stopped: 0.0000888 seconds, Stopping threads took: 0.0000168 seconds
[2019-12-09T04:40:06.632+0000][1][safepoint    ] Application time: 1.0000769 seconds
[2019-12-09T04:40:06.632+0000][1][safepoint    ] Entering safepoint region: Cleanup
[2019-12-09T04:40:06.632+0000][1][safepoint    ] Leaving safepoint region
[2019-12-09T04:40:06.632+0000][1][safepoint    ] Total time for which application threads were stopped: 0.0000914 seconds, Stopping threads took: 0.0000185 seconds
[2019-12-09T04:40:07.632+0000][1][safepoint    ] Application time: 1.0000778 seconds
[2019-12-09T04:40:07.632+0000][1][safepoint    ] Entering safepoint region: Cleanup
[2019-12-09T04:40:07.632+0000][1][safepoint    ] Leaving safepoint region
[2019-12-09T04:40:07.632+0000][1][safepoint    ] Total time for which application threads were stopped: 0.0000899 seconds, Stopping threads took: 0.0000185 seconds
[2019-12-09T04:40:08.632+0000][1][safepoint    ] Application time: 1.0000762 seconds
[2019-12-09T04:40:08.633+0000][1][safepoint    ] Entering safepoint region: Cleanup
[2019-12-09T04:40:08.633+0000][1][safepoint    ] Leaving safepoint region
[2019-12-09T04:40:08.633+0000][1][safepoint    ] Total time for which application threads were stopped: 0.0000949 seconds, Stopping threads took: 0.0000207 seconds
[2019-12-09T04:40:09.633+0000][1][safepoint    ] Application time: 1.0000823 seconds
[2019-12-09T04:40:09.633+0000][1][safepoint    ] Entering safepoint region: Cleanup
[2019-12-09T04:40:09.633+0000][1][safepoint    ] Leaving safepoint region
[2019-12-09T04:40:09.633+0000][1][safepoint    ] Total time for which application threads were stopped: 0.0000868 seconds, Stopping threads took: 0.0000184 seconds
[2019-12-09T04:40:10.633+0000][1][safepoint    ] Application time: 1.0000764 seconds
[2019-12-09T04:40:10.633+0000][1][safepoint    ] Entering safepoint region: Cleanup
[2019-12-09T04:40:10.633+0000][1][safepoint    ] Leaving safepoint region
[2019-12-09T04:40:10.633+0000][1][safepoint    ] Total time for which application threads were stopped: 0.0000935 seconds, Stopping threads took: 0.0000169 seconds
[2019-12-09T04:40:11.633+0000][1][safepoint    ] Application time: 1.0000781 seconds
[2019-12-09T04:40:11.633+0000][1][safepoint    ] Entering safepoint region: Cleanup
[2019-12-09T04:40:11.633+0000][1][safepoint    ] Leaving safepoint region
[2019-12-09T04:40:11.633+0000][1][safepoint    ] Total time for which application threads were stopped: 0.0000929 seconds, Stopping threads took: 0.0000176 seconds
[2019-12-09T04:40:12.633+0000][1][safepoint    ] Application time: 1.0000774 seconds
[2019-12-09T04:40:12.633+0000][1][safepoint    ] Entering safepoint region: Cleanup
[2019-12-09T04:40:12.633+0000][1][safepoint    ] Leaving safepoint region
[2019-12-09T04:40:12.633+0000][1][safepoint    ] Total time for which application threads were stopped: 0.0000903 seconds, Stopping threads took: 0.0000178 seconds
[2019-12-09T04:40:13.634+0000][1][safepoint    ] Application time: 1.0000766 seconds
[2019-12-09T04:40:13.634+0000][1][safepoint    ] Entering safepoint region: Cleanup
[2019-12-09T04:40:13.634+0000][1][safepoint    ] Leaving safepoint region
[2019-12-09T04:40:13.634+0000][1][safepoint    ] Total time for which application threads were stopped: 0.0000921 seconds, Stopping threads took: 0.0000194 seconds
[2019-12-09T04:40:15.222+0000][1][safepoint    ] Application time: 1.5884068 seconds
[2019-12-09T04:40:15.222+0000][1][safepoint    ] Entering safepoint region: Cleanup
[2019-12-09T04:40:15.222+0000][1][safepoint    ] Leaving safepoint region
[2019-12-09T04:40:15.222+0000][1][safepoint    ] Total time for which application threads were stopped: 0.0000956 seconds, Stopping threads took: 0.0000220 seconds
[2019-12-09T04:40:16.222+0000][1][safepoint    ] Application time: 1.0000775 seconds
[2019-12-09T04:40:16.222+0000][1][safepoint    ] Entering safepoint region: Cleanup
[2019-12-09T04:40:16.222+0000][1][safepoint    ] Leaving safepoint region
[2019-12-09T04:40:16.222+0000][1][safepoint    ] Total time for which application threads were stopped: 0.0000884 seconds, Stopping threads took: 0.0000186 seconds
[2019-12-09T04:40:17.223+0000][1][safepoint    ] Application time: 1.0000754 seconds
[2019-12-09T04:40:17.223+0000][1][safepoint    ] Entering safepoint region: Cleanup
[2019-12-09T04:40:17.223+0000][1][safepoint    ] Leaving safepoint region
[2019-12-09T04:40:17.223+0000][1][safepoint    ] Total time for which application threads were stopped: 0.0000860 seconds, Stopping threads took: 0.0000166 seconds
[2019-12-09T04:40:18.223+0000][1][safepoint    ] Application time: 1.0000808 seconds
[2019-12-09T04:40:18.223+0000][1][safepoint    ] Entering safepoint region: Cleanup
[2019-12-09T04:40:18.223+0000][1][safepoint    ] Leaving safepoint region
[2019-12-09T04:40:18.223+0000][1][safepoint    ] Total time for which application threads were stopped: 0.0000879 seconds, Stopping threads took: 0.0000169 seconds
[2019-12-09T04:40:19.223+0000][1][safepoint    ] Application time: 1.0000733 seconds
[2019-12-09T04:40:19.223+0000][1][safepoint    ] Entering safepoint region: Cleanup
[2019-12-09T04:40:19.223+0000][1][safepoint    ] Leaving safepoint region
[2019-12-09T04:40:19.223+0000][1][safepoint    ] Total time for which application threads were stopped: 0.0000887 seconds, Stopping threads took: 0.0000170 seconds
[2019-12-09T04:40:20.223+0000][1][safepoint    ] Application time: 1.0000749 seconds
[2019-12-09T04:40:20.223+0000][1][safepoint    ] Entering safepoint region: Cleanup
[2019-12-09T04:40:20.223+0000][1][safepoint    ] Leaving safepoint region
[2019-12-09T04:40:20.223+0000][1][safepoint    ] Total time for which application threads were stopped: 0.0000863 seconds, Stopping threads took: 0.0000183 seconds
[2019-12-09T04:40:21.223+0000][1][safepoint    ] Application time: 1.0000762 seconds
[2019-12-09T04:40:21.223+0000][1][safepoint    ] Entering safepoint region: Cleanup
[2019-12-09T04:40:21.223+0000][1][safepoint    ] Leaving safepoint region
[2019-12-09T04:40:21.223+0000][1][safepoint    ] Total time for which application threads were stopped: 0.0001058 seconds, Stopping threads took: 0.0000188 seconds
[2019-12-09T04:40:22.223+0000][1][safepoint    ] Application time: 1.0000778 seconds
[2019-12-09T04:40:22.224+0000][1][safepoint    ] Entering safepoint region: Cleanup
[2019-12-09T04:40:22.224+0000][1][safepoint    ] Leaving safepoint region
[2019-12-09T04:40:22.224+0000][1][safepoint    ] Total time for which application threads were stopped: 0.0000883 seconds, Stopping threads took: 0.0000173 seconds
[2019-12-09T04:40:23.224+0000][1][safepoint    ] Application time: 1.0000784 seconds
[2019-12-09T04:40:23.224+0000][1][safepoint    ] Entering safepoint region: Cleanup
[2019-12-09T04:40:23.224+0000][1][safepoint    ] Leaving safepoint region
[2019-12-09T04:40:23.224+0000][1][safepoint    ] Total time for which application threads were stopped: 0.0000901 seconds, Stopping threads took: 0.0000183 seconds
[2019-12-09T04:40:24.224+0000][1][safepoint    ] Application time: 1.0000777 seconds
[2019-12-09T04:40:24.224+0000][1][safepoint    ] Entering safepoint region: Cleanup
[2019-12-09T04:40:24.224+0000][1][safepoint    ] Leaving safepoint region
[2019-12-09T04:40:24.224+0000][1][safepoint    ] Total time for which application threads were stopped: 0.0000880 seconds, Stopping threads took: 0.0000176 seconds
[2019-12-09T04:40:25.224+0000][1][safepoint    ] Application time: 1.0000793 seconds
[2019-12-09T04:40:25.224+0000][1][safepoint    ] Entering safepoint region: Cleanup
[2019-12-09T04:40:25.224+0000][1][safepoint    ] Leaving safepoint region
[2019-12-09T04:40:25.224+0000][1][safepoint    ] Total time for which application threads were stopped: 0.0000960 seconds, Stopping threads took: 0.0000247 seconds
[2019-12-09T04:40:26.224+0000][1][safepoint    ] Application time: 1.0000804 seconds
[2019-12-09T04:40:26.224+0000][1][safepoint    ] Entering safepoint region: Cleanup
[2019-12-09T04:40:26.224+0000][1][safepoint    ] Leaving safepoint region
[2019-12-09T04:40:26.224+0000][1][safepoint    ] Total time for which application threads were stopped: 0.0000896 seconds, Stopping threads took: 0.0000185 seconds
[2019-12-09T04:40:27.225+0000][1][safepoint    ] Application time: 1.0000816 seconds
[2019-12-09T04:40:27.225+0000][1][safepoint    ] Entering safepoint region: Cleanup
[2019-12-09T04:40:27.225+0000][1][safepoint    ] Leaving safepoint region
[2019-12-09T04:40:27.225+0000][1][safepoint    ] Total time for which application threads were stopped: 0.0000930 seconds, Stopping threads took: 0.0000226 seconds
[2019-12-09T04:40:28.225+0000][1][safepoint    ] Application time: 1.0001318 seconds
[2019-12-09T04:40:28.225+0000][1][safepoint    ] Entering safepoint region: Cleanup
[2019-12-09T04:40:28.225+0000][1][safepoint    ] Leaving safepoint region
[2019-12-09T04:40:28.225+0000][1][safepoint    ] Total time for which application threads were stopped: 0.0001181 seconds, Stopping threads took: 0.0000271 seconds
[2019-12-09T04:40:29.225+0000][1][safepoint    ] Application time: 1.0000878 seconds
[2019-12-09T04:40:29.225+0000][1][safepoint    ] Entering safepoint region: Cleanup
[2019-12-09T04:40:29.225+0000][1][safepoint    ] Leaving safepoint region
[2019-12-09T04:40:29.225+0000][1][safepoint    ] Total time for which application threads were stopped: 0.0001071 seconds, Stopping threads took: 0.0000325 seconds
[2019-12-09T04:40:30.225+0000][1][safepoint    ] Application time: 1.0000781 seconds
[2019-12-09T04:40:30.225+0000][1][safepoint    ] Entering safepoint region: Cleanup
[2019-12-09T04:40:30.225+0000][1][safepoint    ] Leaving safepoint region
[2019-12-09T04:40:30.225+0000][1][safepoint    ] Total time for which application threads were stopped: 0.0000972 seconds, Stopping threads took: 0.0000187 seconds
[2019-12-09T04:40:31.226+0000][1][safepoint    ] Application time: 1.0000908 seconds
[2019-12-09T04:40:31.226+0000][1][safepoint    ] Entering safepoint region: Cleanup
[2019-12-09T04:40:31.226+0000][1][safepoint    ] Leaving safepoint region
[2019-12-09T04:40:31.226+0000][1][safepoint    ] Total time for which application threads were stopped: 0.0001330 seconds, Stopping threads took: 0.0000264 seconds
[2019-12-09T04:40:32.226+0000][1][safepoint    ] Application time: 1.0000777 seconds
[2019-12-09T04:40:32.226+0000][1][safepoint    ] Entering safepoint region: Cleanup
[2019-12-09T04:40:32.226+0000][1][safepoint    ] Leaving safepoint region
[2019-12-09T04:40:32.226+0000][1][safepoint    ] Total time for which application threads were stopped: 0.0000920 seconds, Stopping threads took: 0.0000183 seconds
[2019-12-09T04:40:33.226+0000][1][safepoint    ] Application time: 1.0000769 seconds
[2019-12-09T04:40:33.226+0000][1][safepoint    ] Entering safepoint region: Cleanup
[2019-12-09T04:40:33.226+0000][1][safepoint    ] Leaving safepoint region
[2019-12-09T04:40:33.226+0000][1][safepoint    ] Total time for which application threads were stopped: 0.0000902 seconds, Stopping threads took: 0.0000184 seconds
[2019-12-09T04:40:34.226+0000][1][safepoint    ] Application time: 1.0000795 seconds
[2019-12-09T04:40:34.226+0000][1][safepoint    ] Entering safepoint region: Cleanup
[2019-12-09T04:40:34.226+0000][1][safepoint    ] Leaving safepoint region
[2019-12-09T04:40:34.226+0000][1][safepoint    ] Total time for which application threads were stopped: 0.0000896 seconds, Stopping threads took: 0.0000186 seconds
[2019-12-09T04:40:35.226+0000][1][safepoint    ] Application time: 1.0000818 seconds
[2019-12-09T04:40:35.226+0000][1][safepoint    ] Entering safepoint region: Cleanup
[2019-12-09T04:40:35.227+0000][1][safepoint    ] Leaving safepoint region
[2019-12-09T04:40:35.227+0000][1][safepoint    ] Total time for which application threads were stopped: 0.0000973 seconds, Stopping threads took: 0.0000211 seconds
[2019-12-09T04:40:36.227+0000][1][safepoint    ] Application time: 1.0000839 seconds
[2019-12-09T04:40:36.227+0000][1][safepoint    ] Entering safepoint region: Cleanup
[2019-12-09T04:40:36.227+0000][1][safepoint    ] Leaving safepoint region
[2019-12-09T04:40:36.227+0000][1][safepoint    ] Total time for which application threads were stopped: 0.0001235 seconds, Stopping threads took: 0.0000290 seconds
[2019-12-09T04:40:37.227+0000][1][safepoint    ] Application time: 1.0000779 seconds
[2019-12-09T04:40:37.227+0000][1][safepoint    ] Entering safepoint region: Cleanup
[2019-12-09T04:40:37.227+0000][1][safepoint    ] Leaving safepoint region
[2019-12-09T04:40:37.227+0000][1][safepoint    ] Total time for which application threads were stopped: 0.0000893 seconds, Stopping threads took: 0.0000188 seconds
[2019-12-09T04:40:38.227+0000][1][safepoint    ] Application time: 1.0000778 seconds
[2019-12-09T04:40:38.227+0000][1][safepoint    ] Entering safepoint region: Cleanup
[2019-12-09T04:40:38.227+0000][1][safepoint    ] Leaving safepoint region
[2019-12-09T04:40:38.227+0000][1][safepoint    ] Total time for which application threads were stopped: 0.0000889 seconds, Stopping threads took: 0.0000179 seconds
[2019-12-09T04:40:39.227+0000][1][safepoint    ] Application time: 1.0000766 seconds
[2019-12-09T04:40:39.227+0000][1][safepoint    ] Entering safepoint region: Cleanup
[2019-12-09T04:40:39.227+0000][1][safepoint    ] Leaving safepoint region
[2019-12-09T04:40:39.227+0000][1][safepoint    ] Total time for which application threads were stopped: 0.0001030 seconds, Stopping threads took: 0.0000307 seconds
[2019-12-09T04:40:40.228+0000][1][safepoint    ] Application time: 1.0000744 seconds
[2019-12-09T04:40:40.228+0000][1][safepoint    ] Entering safepoint region: Cleanup
[2019-12-09T04:40:40.228+0000][1][safepoint    ] Leaving safepoint region
[2019-12-09T04:40:40.228+0000][1][safepoint    ] Total time for which application threads were stopped: 0.0000920 seconds, Stopping threads took: 0.0000186 seconds
[2019-12-09T04:40:41.228+0000][1][safepoint    ] Application time: 1.0000751 seconds
[2019-12-09T04:40:41.228+0000][1][safepoint    ] Entering safepoint region: Cleanup
[2019-12-09T04:40:41.228+0000][1][safepoint    ] Leaving safepoint region
[2019-12-09T04:40:41.228+0000][1][safepoint    ] Total time for which application threads were stopped: 0.0000895 seconds, Stopping threads took: 0.0000189 seconds
[2019-12-09T04:40:42.228+0000][1][safepoint    ] Application time: 1.0000761 seconds
[2019-12-09T04:40:42.228+0000][1][safepoint    ] Entering safepoint region: Cleanup
[2019-12-09T04:40:42.228+0000][1][safepoint    ] Leaving safepoint region
[2019-12-09T04:40:42.228+0000][1][safepoint    ] Total time for which application threads were stopped: 0.0001083 seconds, Stopping threads took: 0.0000357 seconds
[2019-12-09T04:40:43.228+0000][1][safepoint    ] Application time: 1.0000758 seconds
[2019-12-09T04:40:43.228+0000][1][safepoint    ] Entering safepoint region: Cleanup
[2019-12-09T04:40:43.228+0000][1][safepoint    ] Leaving safepoint region
[2019-12-09T04:40:43.228+0000][1][safepoint    ] Total time for which application threads were stopped: 0.0000910 seconds, Stopping threads took: 0.0000178 seconds
[2019-12-09T04:40:44.228+0000][1][safepoint    ] Application time: 1.0000762 seconds
[2019-12-09T04:40:44.228+0000][1][safepoint    ] Entering safepoint region: Cleanup
[2019-12-09T04:40:44.229+0000][1][safepoint    ] Leaving safepoint region
[2019-12-09T04:40:44.229+0000][1][safepoint    ] Total time for which application threads were stopped: 0.0000904 seconds, Stopping threads took: 0.0000177 seconds
[2019-12-09T04:40:45.229+0000][1][safepoint    ] Application time: 1.0000774 seconds
[2019-12-09T04:40:45.229+0000][1][safepoint    ] Entering safepoint region: Cleanup
[2019-12-09T04:40:45.229+0000][1][safepoint    ] Leaving safepoint region
[2019-12-09T04:40:45.229+0000][1][safepoint    ] Total time for which application threads were stopped: 0.0001015 seconds, Stopping threads took: 0.0000297 seconds
[2019-12-09T04:40:46.229+0000][1][safepoint    ] Application time: 1.0000770 seconds
[2019-12-09T04:40:46.229+0000][1][safepoint    ] Entering safepoint region: Cleanup
[2019-12-09T04:40:46.229+0000][1][safepoint    ] Leaving safepoint region
[2019-12-09T04:40:46.229+0000][1][safepoint    ] Total time for which application threads were stopped: 0.0000908 seconds, Stopping threads took: 0.0000177 seconds
[2019-12-09T04:40:47.229+0000][1][safepoint    ] Application time: 1.0000775 seconds
[2019-12-09T04:40:47.229+0000][1][safepoint    ] Entering safepoint region: Cleanup
[2019-12-09T04:40:47.229+0000][1][safepoint    ] Leaving safepoint region
[2019-12-09T04:40:47.229+0000][1][safepoint    ] Total time for which application threads were stopped: 0.0000917 seconds, Stopping threads took: 0.0000181 seconds
[2019-12-09T04:40:48.229+0000][1][safepoint    ] Application time: 1.0000763 seconds
[2019-12-09T04:40:48.229+0000][1][safepoint    ] Entering safepoint region: Cleanup
[2019-12-09T04:40:48.229+0000][1][safepoint    ] Leaving safepoint region
[2019-12-09T04:40:48.229+0000][1][safepoint    ] Total time for which application threads were stopped: 0.0000918 seconds, Stopping threads took: 0.0000187 seconds
[2019-12-09T04:40:49.229+0000][1][safepoint    ] Application time: 1.0000790 seconds
[2019-12-09T04:40:49.230+0000][1][safepoint    ] Entering safepoint region: Cleanup
[2019-12-09T04:40:49.230+0000][1][safepoint    ] Leaving safepoint region
[2019-12-09T04:40:49.230+0000][1][safepoint    ] Total time for which application threads were stopped: 0.0000955 seconds, Stopping threads took: 0.0000242 seconds
[2019-12-09T04:40:50.230+0000][1][safepoint    ] Application time: 1.0000758 seconds
[2019-12-09T04:40:50.230+0000][1][safepoint    ] Entering safepoint region: Cleanup
[2019-12-09T04:40:50.230+0000][1][safepoint    ] Leaving safepoint region
[2019-12-09T04:40:50.230+0000][1][safepoint    ] Total time for which application threads were stopped: 0.0000935 seconds, Stopping threads took: 0.0000198 seconds
[2019-12-09T04:40:51.230+0000][1][safepoint    ] Application time: 1.0000781 seconds
[2019-12-09T04:40:51.230+0000][1][safepoint    ] Entering safepoint region: Cleanup
[2019-12-09T04:40:51.230+0000][1][safepoint    ] Leaving safepoint region
[2019-12-09T04:40:51.230+0000][1][safepoint    ] Total time for which application threads were stopped: 0.0000917 seconds, Stopping threads took: 0.0000182 seconds
[2019-12-09T04:40:52.230+0000][1][safepoint    ] Application time: 1.0000777 seconds
[2019-12-09T04:40:52.230+0000][1][safepoint    ] Entering safepoint region: Cleanup
[2019-12-09T04:40:52.230+0000][1][safepoint    ] Leaving safepoint region
[2019-12-09T04:40:52.230+0000][1][safepoint    ] Total time for which application threads were stopped: 0.0000954 seconds, Stopping threads took: 0.0000209 seconds
[2019-12-09T04:40:53.230+0000][1][safepoint    ] Application time: 1.0000774 seconds
[2019-12-09T04:40:53.230+0000][1][safepoint    ] Entering safepoint region: Cleanup
[2019-12-09T04:40:53.230+0000][1][safepoint    ] Leaving safepoint region
[2019-12-09T04:40:53.230+0000][1][safepoint    ] Total time for which application threads were stopped: 0.0000920 seconds, Stopping threads took: 0.0000189 seconds
[2019-12-09T04:40:54.231+0000][1][safepoint    ] Application time: 1.0000766 seconds
[2019-12-09T04:40:54.231+0000][1][safepoint    ] Entering safepoint region: Cleanup
[2019-12-09T04:40:54.231+0000][1][safepoint    ] Leaving safepoint region
[2019-12-09T04:40:54.231+0000][1][safepoint    ] Total time for which application threads were stopped: 0.0001086 seconds, Stopping threads took: 0.0000180 seconds
[2019-12-09T04:40:55.231+0000][1][safepoint    ] Application time: 1.0000767 seconds
[2019-12-09T04:40:55.231+0000][1][safepoint    ] Entering safepoint region: Cleanup
[2019-12-09T04:40:55.231+0000][1][safepoint    ] Leaving safepoint region
[2019-12-09T04:40:55.231+0000][1][safepoint    ] Total time for which application threads were stopped: 0.0000974 seconds, Stopping threads took: 0.0000256 seconds
[2019-12-09T04:40:56.231+0000][1][safepoint    ] Application time: 1.0000781 seconds
[2019-12-09T04:40:56.231+0000][1][safepoint    ] Entering safepoint region: Cleanup
[2019-12-09T04:40:56.231+0000][1][safepoint    ] Leaving safepoint region
[2019-12-09T04:40:56.231+0000][1][safepoint    ] Total time for which application threads were stopped: 0.0000913 seconds, Stopping threads took: 0.0000190 seconds
[2019-12-09T04:40:57.231+0000][1][safepoint    ] Application time: 1.0000766 seconds
[2019-12-09T04:40:57.231+0000][1][safepoint    ] Entering safepoint region: Cleanup
[2019-12-09T04:40:57.231+0000][1][safepoint    ] Leaving safepoint region
[2019-12-09T04:40:57.231+0000][1][safepoint    ] Total time for which application threads were stopped: 0.0000919 seconds, Stopping threads took: 0.0000192 seconds
[2019-12-09T04:40:58.231+0000][1][safepoint    ] Application time: 1.0000764 seconds
[2019-12-09T04:40:58.231+0000][1][safepoint    ] Entering safepoint region: Cleanup
[2019-12-09T04:40:58.232+0000][1][safepoint    ] Leaving safepoint region
[2019-12-09T04:40:58.232+0000][1][safepoint    ] Total time for which application threads were stopped: 0.0000900 seconds, Stopping threads took: 0.0000181 seconds
[2019-12-09T04:40:59.232+0000][1][safepoint    ] Application time: 1.0000776 seconds
[2019-12-09T04:40:59.232+0000][1][safepoint    ] Entering safepoint region: Cleanup
[2019-12-09T04:40:59.232+0000][1][safepoint    ] Leaving safepoint region
[2019-12-09T04:40:59.232+0000][1][safepoint    ] Total time for which application threads were stopped: 0.0001054 seconds, Stopping threads took: 0.0000200 seconds
[2019-12-09T04:41:00.232+0000][1][safepoint    ] Application time: 1.0000758 seconds
[2019-12-09T04:41:00.232+0000][1][safepoint    ] Entering safepoint region: Cleanup
[2019-12-09T04:41:00.232+0000][1][safepoint    ] Leaving safepoint region
[2019-12-09T04:41:00.232+0000][1][safepoint    ] Total time for which application threads were stopped: 0.0000898 seconds, Stopping threads took: 0.0000187 seconds
[2019-12-09T04:41:01.232+0000][1][safepoint    ] Application time: 1.0000781 seconds
[2019-12-09T04:41:01.232+0000][1][safepoint    ] Entering safepoint region: Cleanup
[2019-12-09T04:41:01.232+0000][1][safepoint    ] Leaving safepoint region
[2019-12-09T04:41:01.232+0000][1][safepoint    ] Total time for which application threads were stopped: 0.0000900 seconds, Stopping threads took: 0.0000188 seconds
[2019-12-09T04:41:02.232+0000][1][safepoint    ] Application time: 1.0000796 seconds
[2019-12-09T04:41:02.232+0000][1][safepoint    ] Entering safepoint region: Cleanup
[2019-12-09T04:41:02.232+0000][1][safepoint    ] Leaving safepoint region
[2019-12-09T04:41:02.232+0000][1][safepoint    ] Total time for which application threads were stopped: 0.0000928 seconds, Stopping threads took: 0.0000198 seconds
[2019-12-09T04:41:03.233+0000][1][safepoint    ] Application time: 1.0000783 seconds
[2019-12-09T04:41:03.233+0000][1][safepoint    ] Entering safepoint region: Cleanup
[2019-12-09T04:41:03.233+0000][1][safepoint    ] Leaving safepoint region
[2019-12-09T04:41:03.233+0000][1][safepoint    ] Total time for which application threads were stopped: 0.0000854 seconds, Stopping threads took: 0.0000160 seconds
[2019-12-09T04:41:04.233+0000][1][safepoint    ] Application time: 1.0000781 seconds
[2019-12-09T04:41:04.233+0000][1][safepoint    ] Entering safepoint region: Cleanup
[2019-12-09T04:41:04.233+0000][1][safepoint    ] Leaving safepoint region
[2019-12-09T04:41:04.233+0000][1][safepoint    ] Total time for which application threads were stopped: 0.0000911 seconds, Stopping threads took: 0.0000203 seconds
[2019-12-09T04:41:05.233+0000][1][safepoint    ] Application time: 1.0000784 seconds
[2019-12-09T04:41:05.233+0000][1][safepoint    ] Entering safepoint region: Cleanup
[2019-12-09T04:41:05.233+0000][1][safepoint    ] Leaving safepoint region
[2019-12-09T04:41:05.233+0000][1][safepoint    ] Total time for which application threads were stopped: 0.0000927 seconds, Stopping threads took: 0.0000185 seconds
[2019-12-09T04:41:06.233+0000][1][safepoint    ] Application time: 1.0000776 seconds
[2019-12-09T04:41:06.233+0000][1][safepoint    ] Entering safepoint region: Cleanup
[2019-12-09T04:41:06.233+0000][1][safepoint    ] Leaving safepoint region
[2019-12-09T04:41:06.233+0000][1][safepoint    ] Total time for which application threads were stopped: 0.0000899 seconds, Stopping threads took: 0.0000189 seconds
[2019-12-09T04:41:07.233+0000][1][safepoint    ] Application time: 1.0000783 seconds
[2019-12-09T04:41:07.233+0000][1][safepoint    ] Entering safepoint region: Cleanup
[2019-12-09T04:41:07.233+0000][1][safepoint    ] Leaving safepoint region
[2019-12-09T04:41:07.233+0000][1][safepoint    ] Total time for which application threads were stopped: 0.0000916 seconds, Stopping threads took: 0.0000197 seconds
[2019-12-09T04:41:09.022+0000][1][safepoint    ] Application time: 1.7885076 seconds
[2019-12-09T04:41:09.022+0000][1][safepoint    ] Entering safepoint region: Cleanup
[2019-12-09T04:41:09.022+0000][1][safepoint    ] Leaving safepoint region
[2019-12-09T04:41:09.022+0000][1][safepoint    ] Total time for which application threads were stopped: 0.0000954 seconds, Stopping threads took: 0.0000193 seconds
[2019-12-09T04:41:10.022+0000][1][safepoint    ] Application time: 1.0000802 seconds
[2019-12-09T04:41:10.022+0000][1][safepoint    ] Entering safepoint region: Cleanup
[2019-12-09T04:41:10.022+0000][1][safepoint    ] Leaving safepoint region
[2019-12-09T04:41:10.022+0000][1][safepoint    ] Total time for which application threads were stopped: 0.0001213 seconds, Stopping threads took: 0.0000194 seconds
[2019-12-09T04:41:11.023+0000][1][safepoint    ] Application time: 1.0002246 seconds
[2019-12-09T04:41:11.023+0000][1][safepoint    ] Entering safepoint region: Cleanup
[2019-12-09T04:41:11.023+0000][1][safepoint    ] Leaving safepoint region
[2019-12-09T04:41:11.023+0000][1][safepoint    ] Total time for which application threads were stopped: 0.0001435 seconds, Stopping threads took: 0.0000557 seconds
[2019-12-09T04:41:12.023+0000][1][safepoint    ] Application time: 1.0000880 seconds
[2019-12-09T04:41:12.023+0000][1][safepoint    ] Entering safepoint region: Cleanup
[2019-12-09T04:41:12.023+0000][1][safepoint    ] Leaving safepoint region
[2019-12-09T04:41:12.023+0000][1][safepoint    ] Total time for which application threads were stopped: 0.0000938 seconds, Stopping threads took: 0.0000192 seconds
[2019-12-09T04:41:13.023+0000][1][safepoint    ] Application time: 1.0000770 seconds
[2019-12-09T04:41:13.023+0000][1][safepoint    ] Entering safepoint region: Cleanup
[2019-12-09T04:41:13.023+0000][1][safepoint    ] Leaving safepoint region
[2019-12-09T04:41:13.023+0000][1][safepoint    ] Total time for which application threads were stopped: 0.0001102 seconds, Stopping threads took: 0.0000191 seconds
[2019-12-09T04:41:14.023+0000][1][safepoint    ] Application time: 1.0000801 seconds
[2019-12-09T04:41:14.023+0000][1][safepoint    ] Entering safepoint region: Cleanup
[2019-12-09T04:41:14.024+0000][1][safepoint    ] Leaving safepoint region
[2019-12-09T04:41:14.024+0000][1][safepoint    ] Total time for which application threads were stopped: 0.0000981 seconds, Stopping threads took: 0.0000220 seconds
[2019-12-09T04:41:15.024+0000][1][safepoint    ] Application time: 1.0000815 seconds
[2019-12-09T04:41:15.024+0000][1][safepoint    ] Entering safepoint region: Cleanup
[2019-12-09T04:41:15.024+0000][1][safepoint    ] Leaving safepoint region
[2019-12-09T04:41:15.024+0000][1][safepoint    ] Total time for which application threads were stopped: 0.0001086 seconds, Stopping threads took: 0.0000206 seconds
[2019-12-09T04:41:16.024+0000][1][safepoint    ] Application time: 1.0000799 seconds
[2019-12-09T04:41:16.024+0000][1][safepoint    ] Entering safepoint region: Cleanup
[2019-12-09T04:41:16.024+0000][1][safepoint    ] Leaving safepoint region
[2019-12-09T04:41:16.024+0000][1][safepoint    ] Total time for which application threads were stopped: 0.0001041 seconds, Stopping threads took: 0.0000213 seconds
[2019-12-09T04:41:17.024+0000][1][safepoint    ] Application time: 1.0000777 seconds
[2019-12-09T04:41:17.024+0000][1][safepoint    ] Entering safepoint region: Cleanup
[2019-12-09T04:41:17.024+0000][1][safepoint    ] Leaving safepoint region
[2019-12-09T04:41:17.024+0000][1][safepoint    ] Total time for which application threads were stopped: 0.0000988 seconds, Stopping threads took: 0.0000187 seconds
[2019-12-09T04:41:18.024+0000][1][safepoint    ] Application time: 1.0000783 seconds
[2019-12-09T04:41:18.024+0000][1][safepoint    ] Entering safepoint region: Cleanup
[2019-12-09T04:41:18.024+0000][1][safepoint    ] Leaving safepoint region
[2019-12-09T04:41:18.024+0000][1][safepoint    ] Total time for which application threads were stopped: 0.0000905 seconds, Stopping threads took: 0.0000185 seconds
[2019-12-09T04:41:19.025+0000][1][safepoint    ] Application time: 1.0000757 seconds
[2019-12-09T04:41:19.025+0000][1][safepoint    ] Entering safepoint region: Cleanup
[2019-12-09T04:41:19.025+0000][1][safepoint    ] Leaving safepoint region
[2019-12-09T04:41:19.025+0000][1][safepoint    ] Total time for which application threads were stopped: 0.0000916 seconds, Stopping threads took: 0.0000187 seconds
[2019-12-09T04:41:20.025+0000][1][safepoint    ] Application time: 1.0000771 seconds
[2019-12-09T04:41:20.025+0000][1][safepoint    ] Entering safepoint region: Cleanup
[2019-12-09T04:41:20.025+0000][1][safepoint    ] Leaving safepoint region
[2019-12-09T04:41:20.025+0000][1][safepoint    ] Total time for which application threads were stopped: 0.0001079 seconds, Stopping threads took: 0.0000188 seconds
[2019-12-09T04:41:21.025+0000][1][safepoint    ] Application time: 1.0000772 seconds
[2019-12-09T04:41:21.025+0000][1][safepoint    ] Entering safepoint region: Cleanup
[2019-12-09T04:41:21.025+0000][1][safepoint    ] Leaving safepoint region
[2019-12-09T04:41:21.025+0000][1][safepoint    ] Total time for which application threads were stopped: 0.0000931 seconds, Stopping threads took: 0.0000195 seconds
[2019-12-09T04:41:22.025+0000][1][safepoint    ] Application time: 1.0000794 seconds
[2019-12-09T04:41:22.025+0000][1][safepoint    ] Entering safepoint region: Cleanup
[2019-12-09T04:41:22.025+0000][1][safepoint    ] Leaving safepoint region
[2019-12-09T04:41:22.025+0000][1][safepoint    ] Total time for which application threads were stopped: 0.0000868 seconds, Stopping threads took: 0.0000174 seconds
[2019-12-09T04:41:23.025+0000][1][safepoint    ] Application time: 1.0000765 seconds
[2019-12-09T04:41:23.025+0000][1][safepoint    ] Entering safepoint region: Cleanup
[2019-12-09T04:41:23.025+0000][1][safepoint    ] Leaving safepoint region
[2019-12-09T04:41:23.025+0000][1][safepoint    ] Total time for which application threads were stopped: 0.0000889 seconds, Stopping threads took: 0.0000180 seconds
[2019-12-09T04:41:24.026+0000][1][safepoint    ] Application time: 1.0000749 seconds
[2019-12-09T04:41:24.026+0000][1][safepoint    ] Entering safepoint region: Cleanup
[2019-12-09T04:41:24.026+0000][1][safepoint    ] Leaving safepoint region
[2019-12-09T04:41:24.026+0000][1][safepoint    ] Total time for which application threads were stopped: 0.0001048 seconds, Stopping threads took: 0.0000182 seconds
[2019-12-09T04:41:25.026+0000][1][safepoint    ] Application time: 1.0000782 seconds
[2019-12-09T04:41:25.026+0000][1][safepoint    ] Entering safepoint region: Cleanup
[2019-12-09T04:41:25.026+0000][1][safepoint    ] Leaving safepoint region
[2019-12-09T04:41:25.026+0000][1][safepoint    ] Total time for which application threads were stopped: 0.0000974 seconds, Stopping threads took: 0.0000248 seconds
[2019-12-09T04:41:26.026+0000][1][safepoint    ] Application time: 1.0000772 seconds
[2019-12-09T04:41:26.026+0000][1][safepoint    ] Entering safepoint region: Cleanup
[2019-12-09T04:41:26.026+0000][1][safepoint    ] Leaving safepoint region
[2019-12-09T04:41:26.026+0000][1][safepoint    ] Total time for which application threads were stopped: 0.0000918 seconds, Stopping threads took: 0.0000192 seconds
[2019-12-09T04:41:27.026+0000][1][safepoint    ] Application time: 1.0000755 seconds
[2019-12-09T04:41:27.026+0000][1][safepoint    ] Entering safepoint region: Cleanup
[2019-12-09T04:41:27.026+0000][1][safepoint    ] Leaving safepoint region
[2019-12-09T04:41:27.026+0000][1][safepoint    ] Total time for which application threads were stopped: 0.0000893 seconds, Stopping threads took: 0.0000187 seconds
[2019-12-09T04:41:28.026+0000][1][safepoint    ] Application time: 1.0000778 seconds
[2019-12-09T04:41:28.026+0000][1][safepoint    ] Entering safepoint region: Cleanup
[2019-12-09T04:41:28.027+0000][1][safepoint    ] Leaving safepoint region
[2019-12-09T04:41:28.027+0000][1][safepoint    ] Total time for which application threads were stopped: 0.0000911 seconds, Stopping threads took: 0.0000181 seconds
[2019-12-09T04:41:29.027+0000][1][safepoint    ] Application time: 1.0000762 seconds
[2019-12-09T04:41:29.027+0000][1][safepoint    ] Entering safepoint region: Cleanup
[2019-12-09T04:41:29.027+0000][1][safepoint    ] Leaving safepoint region
[2019-12-09T04:41:29.027+0000][1][safepoint    ] Total time for which application threads were stopped: 0.0000923 seconds, Stopping threads took: 0.0000197 seconds
[2019-12-09T04:41:30.027+0000][1][safepoint    ] Application time: 1.0000759 seconds
[2019-12-09T04:41:30.027+0000][1][safepoint    ] Entering safepoint region: Cleanup
[2019-12-09T04:41:30.027+0000][1][safepoint    ] Leaving safepoint region
[2019-12-09T04:41:30.027+0000][1][safepoint    ] Total time for which application threads were stopped: 0.0000925 seconds, Stopping threads took: 0.0000206 seconds
[2019-12-09T04:41:31.027+0000][1][safepoint    ] Application time: 1.0000769 seconds
[2019-12-09T04:41:31.027+0000][1][safepoint    ] Entering safepoint region: Cleanup
[2019-12-09T04:41:31.027+0000][1][safepoint    ] Leaving safepoint region
[2019-12-09T04:41:31.027+0000][1][safepoint    ] Total time for which application threads were stopped: 0.0000898 seconds, Stopping threads took: 0.0000182 seconds
[2019-12-09T04:41:32.027+0000][1][safepoint    ] Application time: 1.0000787 seconds
[2019-12-09T04:41:32.027+0000][1][safepoint    ] Entering safepoint region: Cleanup
[2019-12-09T04:41:32.027+0000][1][safepoint    ] Leaving safepoint region
[2019-12-09T04:41:32.027+0000][1][safepoint    ] Total time for which application threads were stopped: 0.0000905 seconds, Stopping threads took: 0.0000185 seconds
[2019-12-09T04:41:33.028+0000][1][safepoint    ] Application time: 1.0000777 seconds
[2019-12-09T04:41:33.028+0000][1][safepoint    ] Entering safepoint region: Cleanup
[2019-12-09T04:41:33.028+0000][1][safepoint    ] Leaving safepoint region
[2019-12-09T04:41:33.028+0000][1][safepoint    ] Total time for which application threads were stopped: 0.0000920 seconds, Stopping threads took: 0.0000190 seconds
[2019-12-09T04:41:34.028+0000][1][safepoint    ] Application time: 1.0000801 seconds
[2019-12-09T04:41:34.028+0000][1][safepoint    ] Entering safepoint region: Cleanup
[2019-12-09T04:41:34.028+0000][1][safepoint    ] Leaving safepoint region
[2019-12-09T04:41:34.028+0000][1][safepoint    ] Total time for which application threads were stopped: 0.0000917 seconds, Stopping threads took: 0.0000202 seconds
[2019-12-09T04:41:35.028+0000][1][safepoint    ] Application time: 1.0000794 seconds
[2019-12-09T04:41:35.028+0000][1][safepoint    ] Entering safepoint region: Cleanup
[2019-12-09T04:41:35.028+0000][1][safepoint    ] Leaving safepoint region
[2019-12-09T04:41:35.028+0000][1][safepoint    ] Total time for which application threads were stopped: 0.0000972 seconds, Stopping threads took: 0.0000190 seconds
[2019-12-09T04:41:36.028+0000][1][safepoint    ] Application time: 1.0000789 seconds
[2019-12-09T04:41:36.028+0000][1][safepoint    ] Entering safepoint region: Cleanup
[2019-12-09T04:41:36.028+0000][1][safepoint    ] Leaving safepoint region
[2019-12-09T04:41:36.028+0000][1][safepoint    ] Total time for which application threads were stopped: 0.0000962 seconds, Stopping threads took: 0.0000171 seconds
[2019-12-09T04:41:37.028+0000][1][safepoint    ] Application time: 1.0000774 seconds
[2019-12-09T04:41:37.028+0000][1][safepoint    ] Entering safepoint region: Cleanup
[2019-12-09T04:41:37.029+0000][1][safepoint    ] Leaving safepoint region
[2019-12-09T04:41:37.029+0000][1][safepoint    ] Total time for which application threads were stopped: 0.0000928 seconds, Stopping threads took: 0.0000183 seconds
[2019-12-09T04:41:38.029+0000][1][safepoint    ] Application time: 1.0000809 seconds
[2019-12-09T04:41:38.029+0000][1][safepoint    ] Entering safepoint region: Cleanup
[2019-12-09T04:41:38.029+0000][1][safepoint    ] Leaving safepoint region
[2019-12-09T04:41:38.029+0000][1][safepoint    ] Total time for which application threads were stopped: 0.0001049 seconds, Stopping threads took: 0.0000204 seconds
[2019-12-09T04:41:39.029+0000][1][safepoint    ] Application time: 1.0000807 seconds
[2019-12-09T04:41:39.029+0000][1][safepoint    ] Entering safepoint region: Cleanup
[2019-12-09T04:41:39.029+0000][1][safepoint    ] Leaving safepoint region
[2019-12-09T04:41:39.029+0000][1][safepoint    ] Total time for which application threads were stopped: 0.0000920 seconds, Stopping threads took: 0.0000193 seconds
[2019-12-09T04:41:40.029+0000][1][safepoint    ] Application time: 1.0000840 seconds
[2019-12-09T04:41:40.029+0000][1][safepoint    ] Entering safepoint region: Cleanup
[2019-12-09T04:41:40.029+0000][1][safepoint    ] Leaving safepoint region
[2019-12-09T04:41:40.029+0000][1][safepoint    ] Total time for which application threads were stopped: 0.0000995 seconds, Stopping threads took: 0.0000265 seconds
[2019-12-09T04:41:41.029+0000][1][safepoint    ] Application time: 1.0000770 seconds
[2019-12-09T04:41:41.029+0000][1][safepoint    ] Entering safepoint region: Cleanup
[2019-12-09T04:41:41.029+0000][1][safepoint    ] Leaving safepoint region
[2019-12-09T04:41:41.029+0000][1][safepoint    ] Total time for which application threads were stopped: 0.0000910 seconds, Stopping threads took: 0.0000192 seconds
[2019-12-09T04:41:41.590+0000][1][safepoint    ] Application time: 0.5609138 seconds
[2019-12-09T04:41:41.590+0000][1][safepoint    ] Entering safepoint region: GenCollectForAllocation
[2019-12-09T04:41:41.590+0000][1][gc,start     ] GC(56) Pause Young (Allocation Failure)
[2019-12-09T04:41:41.591+0000][1][gc,task      ] GC(56) Using 2 workers of 2 for evacuation
[2019-12-09T04:41:41.592+0000][1][gc,age       ] GC(56) Desired survivor size 4456448 bytes, new threshold 6 (max threshold 6)
[2019-12-09T04:41:41.592+0000][1][gc,age       ] GC(56) Age table with threshold 6 (max threshold 6)
[2019-12-09T04:41:41.592+0000][1][gc,age       ] GC(56) - age   1:       9992 bytes,       9992 total
[2019-12-09T04:41:41.592+0000][1][gc,age       ] GC(56) - age   2:       2096 bytes,      12088 total
[2019-12-09T04:41:41.592+0000][1][gc,age       ] GC(56) - age   3:        584 bytes,      12672 total
[2019-12-09T04:41:41.592+0000][1][gc,age       ] GC(56) - age   4:       3088 bytes,      15760 total
[2019-12-09T04:41:41.592+0000][1][gc,age       ] GC(56) - age   5:        840 bytes,      16600 total
[2019-12-09T04:41:41.592+0000][1][gc,age       ] GC(56) - age   6:      11152 bytes,      27752 total
[2019-12-09T04:41:41.592+0000][1][gc,heap      ] GC(56) ParNew: 69936K->43K(78656K)
[2019-12-09T04:41:41.592+0000][1][gc,heap      ] GC(56) CMS: 75916K->75919K(174784K)
[2019-12-09T04:41:41.592+0000][1][gc,metaspace ] GC(56) Metaspace: 80161K->80161K(1122304K)
[2019-12-09T04:41:41.592+0000][1][gc           ] GC(56) Pause Young (Allocation Failure) 142M->74M(247M) 1.784ms
[2019-12-09T04:41:41.592+0000][1][gc,cpu       ] GC(56) User=0.00s Sys=0.00s Real=0.00s
[2019-12-09T04:41:41.592+0000][1][safepoint    ] Leaving safepoint region
[2019-12-09T04:41:41.592+0000][1][safepoint    ] Total time for which application threads were stopped: 0.0019471 seconds, Stopping threads took: 0.0000188 seconds
[2019-12-09T04:41:42.592+0000][1][safepoint    ] Application time: 1.0000887 seconds
[2019-12-09T04:41:42.592+0000][1][safepoint    ] Entering safepoint region: Cleanup
[2019-12-09T04:41:42.593+0000][1][safepoint    ] Leaving safepoint region
[2019-12-09T04:41:42.593+0000][1][safepoint    ] Total time for which application threads were stopped: 0.0001062 seconds, Stopping threads took: 0.0000302 seconds
[2019-12-09T04:41:43.593+0000][1][safepoint    ] Application time: 1.0000806 seconds
[2019-12-09T04:41:43.593+0000][1][safepoint    ] Entering safepoint region: Cleanup
[2019-12-09T04:41:43.593+0000][1][safepoint    ] Leaving safepoint region
[2019-12-09T04:41:43.593+0000][1][safepoint    ] Total time for which application threads were stopped: 0.0001022 seconds, Stopping threads took: 0.0000296 seconds
[2019-12-09T04:41:44.593+0000][1][safepoint    ] Application time: 1.0000761 seconds
[2019-12-09T04:41:44.593+0000][1][safepoint    ] Entering safepoint region: Cleanup
[2019-12-09T04:41:44.593+0000][1][safepoint    ] Leaving safepoint region
[2019-12-09T04:41:44.593+0000][1][safepoint    ] Total time for which application threads were stopped: 0.0000903 seconds, Stopping threads took: 0.0000178 seconds
[2019-12-09T04:41:45.593+0000][1][safepoint    ] Application time: 1.0000774 seconds
[2019-12-09T04:41:45.593+0000][1][safepoint    ] Entering safepoint region: Cleanup
[2019-12-09T04:41:45.593+0000][1][safepoint    ] Leaving safepoint region
[2019-12-09T04:41:45.593+0000][1][safepoint    ] Total time for which application threads were stopped: 0.0000903 seconds, Stopping threads took: 0.0000175 seconds
[2019-12-09T04:41:46.593+0000][1][safepoint    ] Application time: 1.0000808 seconds
[2019-12-09T04:41:46.593+0000][1][safepoint    ] Entering safepoint region: Cleanup
[2019-12-09T04:41:46.593+0000][1][safepoint    ] Leaving safepoint region
[2019-12-09T04:41:46.593+0000][1][safepoint    ] Total time for which application threads were stopped: 0.0000909 seconds, Stopping threads took: 0.0000192 seconds
[2019-12-09T04:41:47.594+0000][1][safepoint    ] Application time: 1.0000784 seconds
[2019-12-09T04:41:47.594+0000][1][safepoint    ] Entering safepoint region: Cleanup
[2019-12-09T04:41:47.594+0000][1][safepoint    ] Leaving safepoint region
[2019-12-09T04:41:47.594+0000][1][safepoint    ] Total time for which application threads were stopped: 0.0000908 seconds, Stopping threads took: 0.0000181 seconds
[2019-12-09T04:41:48.594+0000][1][safepoint    ] Application time: 1.0000797 seconds
[2019-12-09T04:41:48.594+0000][1][safepoint    ] Entering safepoint region: Cleanup
[2019-12-09T04:41:48.594+0000][1][safepoint    ] Leaving safepoint region
[2019-12-09T04:41:48.594+0000][1][safepoint    ] Total time for which application threads were stopped: 0.0000949 seconds, Stopping threads took: 0.0000193 seconds
[2019-12-09T04:41:49.594+0000][1][safepoint    ] Application time: 1.0000801 seconds
[2019-12-09T04:41:49.594+0000][1][safepoint    ] Entering safepoint region: Cleanup
[2019-12-09T04:41:49.594+0000][1][safepoint    ] Leaving safepoint region
[2019-12-09T04:41:49.594+0000][1][safepoint    ] Total time for which application threads were stopped: 0.0000956 seconds, Stopping threads took: 0.0000175 seconds
[2019-12-09T04:41:50.594+0000][1][safepoint    ] Application time: 1.0000868 seconds
[2019-12-09T04:41:50.594+0000][1][safepoint    ] Entering safepoint region: Cleanup
[2019-12-09T04:41:50.594+0000][1][safepoint    ] Leaving safepoint region
[2019-12-09T04:41:50.594+0000][1][safepoint    ] Total time for which application threads were stopped: 0.0001287 seconds, Stopping threads took: 0.0000342 seconds
[2019-12-09T04:41:51.594+0000][1][safepoint    ] Application time: 1.0000777 seconds
[2019-12-09T04:41:51.594+0000][1][safepoint    ] Entering safepoint region: Cleanup
[2019-12-09T04:41:51.595+0000][1][safepoint    ] Leaving safepoint region
[2019-12-09T04:41:51.595+0000][1][safepoint    ] Total time for which application threads were stopped: 0.0001063 seconds, Stopping threads took: 0.0000202 seconds
[2019-12-09T04:41:52.595+0000][1][safepoint    ] Application time: 1.0000789 seconds
[2019-12-09T04:41:52.595+0000][1][safepoint    ] Entering safepoint region: Cleanup
[2019-12-09T04:41:52.595+0000][1][safepoint    ] Leaving safepoint region
[2019-12-09T04:41:52.595+0000][1][safepoint    ] Total time for which application threads were stopped: 0.0001180 seconds, Stopping threads took: 0.0000192 seconds
[2019-12-09T04:41:53.595+0000][1][safepoint    ] Application time: 1.0000801 seconds
[2019-12-09T04:41:53.595+0000][1][safepoint    ] Entering safepoint region: Cleanup
[2019-12-09T04:41:53.595+0000][1][safepoint    ] Leaving safepoint region
[2019-12-09T04:41:53.595+0000][1][safepoint    ] Total time for which application threads were stopped: 0.0001219 seconds, Stopping threads took: 0.0000237 seconds
[2019-12-09T04:41:54.595+0000][1][safepoint    ] Application time: 1.0000827 seconds
[2019-12-09T04:41:54.595+0000][1][safepoint    ] Entering safepoint region: Cleanup
[2019-12-09T04:41:54.595+0000][1][safepoint    ] Leaving safepoint region
[2019-12-09T04:41:54.595+0000][1][safepoint    ] Total time for which application threads were stopped: 0.0001230 seconds, Stopping threads took: 0.0000258 seconds
[2019-12-09T04:41:55.595+0000][1][safepoint    ] Application time: 1.0000842 seconds
[2019-12-09T04:41:55.595+0000][1][safepoint    ] Entering safepoint region: Cleanup
[2019-12-09T04:41:55.596+0000][1][safepoint    ] Leaving safepoint region
[2019-12-09T04:41:55.596+0000][1][safepoint    ] Total time for which application threads were stopped: 0.0001191 seconds, Stopping threads took: 0.0000241 seconds
[2019-12-09T04:41:56.596+0000][1][safepoint    ] Application time: 1.0001078 seconds
[2019-12-09T04:41:56.596+0000][1][safepoint    ] Entering safepoint region: Cleanup
[2019-12-09T04:41:56.596+0000][1][safepoint    ] Leaving safepoint region
[2019-12-09T04:41:56.596+0000][1][safepoint    ] Total time for which application threads were stopped: 0.0001211 seconds, Stopping threads took: 0.0000247 seconds
[2019-12-09T04:41:57.596+0000][1][safepoint    ] Application time: 1.0000833 seconds
[2019-12-09T04:41:57.596+0000][1][safepoint    ] Entering safepoint region: Cleanup
[2019-12-09T04:41:57.596+0000][1][safepoint    ] Leaving safepoint region
[2019-12-09T04:41:57.596+0000][1][safepoint    ] Total time for which application threads were stopped: 0.0001198 seconds, Stopping threads took: 0.0000236 seconds
[2019-12-09T04:41:58.596+0000][1][safepoint    ] Application time: 1.0001115 seconds
[2019-12-09T04:41:58.596+0000][1][safepoint    ] Entering safepoint region: Cleanup
[2019-12-09T04:41:58.596+0000][1][safepoint    ] Leaving safepoint region
[2019-12-09T04:41:58.596+0000][1][safepoint    ] Total time for which application threads were stopped: 0.0001202 seconds, Stopping threads took: 0.0000248 seconds
[2019-12-09T04:41:59.596+0000][1][safepoint    ] Application time: 1.0000798 seconds
[2019-12-09T04:41:59.596+0000][1][safepoint    ] Entering safepoint region: Cleanup
[2019-12-09T04:41:59.597+0000][1][safepoint    ] Leaving safepoint region
[2019-12-09T04:41:59.597+0000][1][safepoint    ] Total time for which application threads were stopped: 0.0001178 seconds, Stopping threads took: 0.0000226 seconds
[2019-12-09T04:42:00.597+0000][1][safepoint    ] Application time: 1.0000912 seconds
[2019-12-09T04:42:00.597+0000][1][safepoint    ] Entering safepoint region: Cleanup
[2019-12-09T04:42:00.597+0000][1][safepoint    ] Leaving safepoint region
[2019-12-09T04:42:00.597+0000][1][safepoint    ] Total time for which application threads were stopped: 0.0001107 seconds, Stopping threads took: 0.0000220 seconds
[2019-12-09T04:42:01.597+0000][1][safepoint    ] Application time: 1.0000739 seconds
[2019-12-09T04:42:01.597+0000][1][safepoint    ] Entering safepoint region: Cleanup
[2019-12-09T04:42:01.597+0000][1][safepoint    ] Leaving safepoint region
[2019-12-09T04:42:01.597+0000][1][safepoint    ] Total time for which application threads were stopped: 0.0001140 seconds, Stopping threads took: 0.0000235 seconds
[2019-12-09T04:42:02.597+0000][1][safepoint    ] Application time: 1.0000795 seconds
[2019-12-09T04:42:02.597+0000][1][safepoint    ] Entering safepoint region: Cleanup
[2019-12-09T04:42:02.597+0000][1][safepoint    ] Leaving safepoint region
[2019-12-09T04:42:02.597+0000][1][safepoint    ] Total time for which application threads were stopped: 0.0001121 seconds, Stopping threads took: 0.0000226 seconds
[2019-12-09T04:42:03.597+0000][1][safepoint    ] Application time: 1.0000767 seconds
[2019-12-09T04:42:03.597+0000][1][safepoint    ] Entering safepoint region: Cleanup
[2019-12-09T04:42:03.597+0000][1][safepoint    ] Leaving safepoint region
[2019-12-09T04:42:03.597+0000][1][safepoint    ] Total time for which application threads were stopped: 0.0001160 seconds, Stopping threads took: 0.0000243 seconds
[2019-12-09T04:42:04.598+0000][1][safepoint    ] Application time: 1.0000786 seconds
[2019-12-09T04:42:04.598+0000][1][safepoint    ] Entering safepoint region: Cleanup
[2019-12-09T04:42:04.598+0000][1][safepoint    ] Leaving safepoint region
[2019-12-09T04:42:04.598+0000][1][safepoint    ] Total time for which application threads were stopped: 0.0001283 seconds, Stopping threads took: 0.0000222 seconds
[2019-12-09T04:42:05.598+0000][1][safepoint    ] Application time: 1.0000783 seconds
[2019-12-09T04:42:05.598+0000][1][safepoint    ] Entering safepoint region: Cleanup
[2019-12-09T04:42:05.598+0000][1][safepoint    ] Leaving safepoint region
[2019-12-09T04:42:05.598+0000][1][safepoint    ] Total time for which application threads were stopped: 0.0001150 seconds, Stopping threads took: 0.0000234 seconds
[2019-12-09T04:42:06.598+0000][1][safepoint    ] Application time: 1.0000805 seconds
[2019-12-09T04:42:06.598+0000][1][safepoint    ] Entering safepoint region: Cleanup
[2019-12-09T04:42:06.598+0000][1][safepoint    ] Leaving safepoint region
[2019-12-09T04:42:06.598+0000][1][safepoint    ] Total time for which application threads were stopped: 0.0001215 seconds, Stopping threads took: 0.0000337 seconds
[2019-12-09T04:42:07.598+0000][1][safepoint    ] Application time: 1.0000783 seconds
[2019-12-09T04:42:07.598+0000][1][safepoint    ] Entering safepoint region: Cleanup
[2019-12-09T04:42:07.598+0000][1][safepoint    ] Leaving safepoint region
[2019-12-09T04:42:07.598+0000][1][safepoint    ] Total time for which application threads were stopped: 0.0001053 seconds, Stopping threads took: 0.0000227 seconds
[2019-12-09T04:42:08.598+0000][1][safepoint    ] Application time: 1.0000768 seconds
[2019-12-09T04:42:08.599+0000][1][safepoint    ] Entering safepoint region: Cleanup
[2019-12-09T04:42:08.599+0000][1][safepoint    ] Leaving safepoint region
[2019-12-09T04:42:08.599+0000][1][safepoint    ] Total time for which application threads were stopped: 0.0001060 seconds, Stopping threads took: 0.0000224 seconds
[2019-12-09T04:42:09.599+0000][1][safepoint    ] Application time: 1.0000772 seconds
[2019-12-09T04:42:09.599+0000][1][safepoint    ] Entering safepoint region: Cleanup
[2019-12-09T04:42:09.599+0000][1][safepoint    ] Leaving safepoint region
[2019-12-09T04:42:09.599+0000][1][safepoint    ] Total time for which application threads were stopped: 0.0001062 seconds, Stopping threads took: 0.0000212 seconds
[2019-12-09T04:42:10.599+0000][1][safepoint    ] Application time: 1.0000777 seconds
[2019-12-09T04:42:10.599+0000][1][safepoint    ] Entering safepoint region: Cleanup
[2019-12-09T04:42:10.599+0000][1][safepoint    ] Leaving safepoint region
[2019-12-09T04:42:10.599+0000][1][safepoint    ] Total time for which application threads were stopped: 0.0001053 seconds, Stopping threads took: 0.0000220 seconds
[2019-12-09T04:42:11.599+0000][1][safepoint    ] Application time: 1.0000779 seconds
[2019-12-09T04:42:11.599+0000][1][safepoint    ] Entering safepoint region: Cleanup
[2019-12-09T04:42:11.599+0000][1][safepoint    ] Leaving safepoint region
[2019-12-09T04:42:11.599+0000][1][safepoint    ] Total time for which application threads were stopped: 0.0001104 seconds, Stopping threads took: 0.0000223 seconds
[2019-12-09T04:42:12.599+0000][1][safepoint    ] Application time: 1.0000780 seconds
[2019-12-09T04:42:12.599+0000][1][safepoint    ] Entering safepoint region: Cleanup
[2019-12-09T04:42:12.599+0000][1][safepoint    ] Leaving safepoint region
[2019-12-09T04:42:12.599+0000][1][safepoint    ] Total time for which application threads were stopped: 0.0001090 seconds, Stopping threads took: 0.0000216 seconds
[2019-12-09T04:42:13.600+0000][1][safepoint    ] Application time: 1.0000776 seconds
[2019-12-09T04:42:13.600+0000][1][safepoint    ] Entering safepoint region: Cleanup
[2019-12-09T04:42:13.600+0000][1][safepoint    ] Leaving safepoint region
[2019-12-09T04:42:13.600+0000][1][safepoint    ] Total time for which application threads were stopped: 0.0001198 seconds, Stopping threads took: 0.0000224 seconds
[2019-12-09T04:42:14.600+0000][1][safepoint    ] Application time: 1.0000745 seconds
[2019-12-09T04:42:14.600+0000][1][safepoint    ] Entering safepoint region: Cleanup
[2019-12-09T04:42:14.600+0000][1][safepoint    ] Leaving safepoint region
[2019-12-09T04:42:14.600+0000][1][safepoint    ] Total time for which application threads were stopped: 0.0001009 seconds, Stopping threads took: 0.0000216 seconds
[2019-12-09T04:42:15.600+0000][1][safepoint    ] Application time: 1.0000782 seconds
[2019-12-09T04:42:15.600+0000][1][safepoint    ] Entering safepoint region: Cleanup
[2019-12-09T04:42:15.600+0000][1][safepoint    ] Leaving safepoint region
[2019-12-09T04:42:15.600+0000][1][safepoint    ] Total time for which application threads were stopped: 0.0001004 seconds, Stopping threads took: 0.0000233 seconds
[2019-12-09T04:42:16.600+0000][1][safepoint    ] Application time: 1.0000764 seconds
[2019-12-09T04:42:16.600+0000][1][safepoint    ] Entering safepoint region: Cleanup
[2019-12-09T04:42:16.600+0000][1][safepoint    ] Leaving safepoint region
[2019-12-09T04:42:16.600+0000][1][safepoint    ] Total time for which application threads were stopped: 0.0001069 seconds, Stopping threads took: 0.0000295 seconds
[2019-12-09T04:42:17.600+0000][1][safepoint    ] Application time: 1.0000773 seconds
[2019-12-09T04:42:17.600+0000][1][safepoint    ] Entering safepoint region: Cleanup
[2019-12-09T04:42:17.601+0000][1][safepoint    ] Leaving safepoint region
[2019-12-09T04:42:17.601+0000][1][safepoint    ] Total time for which application threads were stopped: 0.0000990 seconds, Stopping threads took: 0.0000223 seconds
[2019-12-09T04:42:18.601+0000][1][safepoint    ] Application time: 1.0000789 seconds
[2019-12-09T04:42:18.601+0000][1][safepoint    ] Entering safepoint region: Cleanup
[2019-12-09T04:42:18.601+0000][1][safepoint    ] Leaving safepoint region
[2019-12-09T04:42:18.601+0000][1][safepoint    ] Total time for which application threads were stopped: 0.0001158 seconds, Stopping threads took: 0.0000236 seconds
[2019-12-09T04:42:19.601+0000][1][safepoint    ] Application time: 1.0000785 seconds
[2019-12-09T04:42:19.601+0000][1][safepoint    ] Entering safepoint region: Cleanup
[2019-12-09T04:42:19.601+0000][1][safepoint    ] Leaving safepoint region
[2019-12-09T04:42:19.601+0000][1][safepoint    ] Total time for which application threads were stopped: 0.0001032 seconds, Stopping threads took: 0.0000234 seconds
[2019-12-09T04:42:20.601+0000][1][safepoint    ] Application time: 1.0000785 seconds
[2019-12-09T04:42:20.601+0000][1][safepoint    ] Entering safepoint region: Cleanup
[2019-12-09T04:42:20.601+0000][1][safepoint    ] Leaving safepoint region
[2019-12-09T04:42:20.601+0000][1][safepoint    ] Total time for which application threads were stopped: 0.0001127 seconds, Stopping threads took: 0.0000292 seconds
[2019-12-09T04:42:21.601+0000][1][safepoint    ] Application time: 1.0000782 seconds
[2019-12-09T04:42:21.601+0000][1][safepoint    ] Entering safepoint region: Cleanup
[2019-12-09T04:42:21.601+0000][1][safepoint    ] Leaving safepoint region
[2019-12-09T04:42:21.601+0000][1][safepoint    ] Total time for which application threads were stopped: 0.0001017 seconds, Stopping threads took: 0.0000234 seconds
[2019-12-09T04:42:22.601+0000][1][safepoint    ] Application time: 1.0000802 seconds
[2019-12-09T04:42:22.602+0000][1][safepoint    ] Entering safepoint region: Cleanup
[2019-12-09T04:42:22.602+0000][1][safepoint    ] Leaving safepoint region
[2019-12-09T04:42:22.602+0000][1][safepoint    ] Total time for which application threads were stopped: 0.0000978 seconds, Stopping threads took: 0.0000231 seconds
[2019-12-09T04:42:23.602+0000][1][safepoint    ] Application time: 1.0000800 seconds
[2019-12-09T04:42:23.602+0000][1][safepoint    ] Entering safepoint region: Cleanup
[2019-12-09T04:42:23.602+0000][1][safepoint    ] Leaving safepoint region
[2019-12-09T04:42:23.602+0000][1][safepoint    ] Total time for which application threads were stopped: 0.0000981 seconds, Stopping threads took: 0.0000230 seconds
[2019-12-09T04:42:24.602+0000][1][safepoint    ] Application time: 1.0000790 seconds
[2019-12-09T04:42:24.602+0000][1][safepoint    ] Entering safepoint region: Cleanup
[2019-12-09T04:42:24.602+0000][1][safepoint    ] Leaving safepoint region
[2019-12-09T04:42:24.602+0000][1][safepoint    ] Total time for which application threads were stopped: 0.0000958 seconds, Stopping threads took: 0.0000232 seconds
[2019-12-09T04:42:25.602+0000][1][safepoint    ] Application time: 1.0000784 seconds
[2019-12-09T04:42:25.602+0000][1][safepoint    ] Entering safepoint region: Cleanup
[2019-12-09T04:42:25.602+0000][1][safepoint    ] Leaving safepoint region
[2019-12-09T04:42:25.602+0000][1][safepoint    ] Total time for which application threads were stopped: 0.0000950 seconds, Stopping threads took: 0.0000246 seconds
[2019-12-09T04:42:26.602+0000][1][safepoint    ] Application time: 1.0000784 seconds
[2019-12-09T04:42:26.602+0000][1][safepoint    ] Entering safepoint region: Cleanup
[2019-12-09T04:42:26.602+0000][1][safepoint    ] Leaving safepoint region
[2019-12-09T04:42:26.602+0000][1][safepoint    ] Total time for which application threads were stopped: 0.0001039 seconds, Stopping threads took: 0.0000329 seconds
[2019-12-09T04:42:27.603+0000][1][safepoint    ] Application time: 1.0000788 seconds
[2019-12-09T04:42:27.603+0000][1][safepoint    ] Entering safepoint region: Cleanup
[2019-12-09T04:42:27.603+0000][1][safepoint    ] Leaving safepoint region
[2019-12-09T04:42:27.603+0000][1][safepoint    ] Total time for which application threads were stopped: 0.0000921 seconds, Stopping threads took: 0.0000235 seconds
[2019-12-09T04:42:28.603+0000][1][safepoint    ] Application time: 1.0000790 seconds
[2019-12-09T04:42:28.603+0000][1][safepoint    ] Entering safepoint region: Cleanup
[2019-12-09T04:42:28.603+0000][1][safepoint    ] Leaving safepoint region
[2019-12-09T04:42:28.603+0000][1][safepoint    ] Total time for which application threads were stopped: 0.0000943 seconds, Stopping threads took: 0.0000242 seconds
[2019-12-09T04:42:29.603+0000][1][safepoint    ] Application time: 1.0000796 seconds
[2019-12-09T04:42:29.603+0000][1][safepoint    ] Entering safepoint region: Cleanup
[2019-12-09T04:42:29.603+0000][1][safepoint    ] Leaving safepoint region
[2019-12-09T04:42:29.603+0000][1][safepoint    ] Total time for which application threads were stopped: 0.0000972 seconds, Stopping threads took: 0.0000236 seconds
[2019-12-09T04:42:30.617+0000][1][safepoint    ] Application time: 1.0140228 seconds
[2019-12-09T04:42:30.617+0000][1][safepoint    ] Entering safepoint region: Cleanup
[2019-12-09T04:42:30.617+0000][1][safepoint    ] Leaving safepoint region
[2019-12-09T04:42:30.617+0000][1][safepoint    ] Total time for which application threads were stopped: 0.0001209 seconds, Stopping threads took: 0.0000299 seconds
[2019-12-09T04:42:31.617+0000][1][safepoint    ] Application time: 1.0000747 seconds
[2019-12-09T04:42:31.617+0000][1][safepoint    ] Entering safepoint region: Cleanup
[2019-12-09T04:42:31.617+0000][1][safepoint    ] Leaving safepoint region
[2019-12-09T04:42:31.617+0000][1][safepoint    ] Total time for which application threads were stopped: 0.0000843 seconds, Stopping threads took: 0.0000166 seconds
[2019-12-09T04:42:32.618+0000][1][safepoint    ] Application time: 1.0000781 seconds
[2019-12-09T04:42:32.618+0000][1][safepoint    ] Entering safepoint region: Cleanup
[2019-12-09T04:42:32.618+0000][1][safepoint    ] Leaving safepoint region
[2019-12-09T04:42:32.618+0000][1][safepoint    ] Total time for which application threads were stopped: 0.0001023 seconds, Stopping threads took: 0.0000171 seconds
[2019-12-09T04:42:33.618+0000][1][safepoint    ] Application time: 1.0000765 seconds
[2019-12-09T04:42:33.618+0000][1][safepoint    ] Entering safepoint region: Cleanup
[2019-12-09T04:42:33.618+0000][1][safepoint    ] Leaving safepoint region
[2019-12-09T04:42:33.618+0000][1][safepoint    ] Total time for which application threads were stopped: 0.0000982 seconds, Stopping threads took: 0.0000179 seconds
[2019-12-09T04:42:34.618+0000][1][safepoint    ] Application time: 1.0000768 seconds
[2019-12-09T04:42:34.618+0000][1][safepoint    ] Entering safepoint region: Cleanup
[2019-12-09T04:42:34.618+0000][1][safepoint    ] Leaving safepoint region
[2019-12-09T04:42:34.618+0000][1][safepoint    ] Total time for which application threads were stopped: 0.0000881 seconds, Stopping threads took: 0.0000166 seconds
[2019-12-09T04:42:35.618+0000][1][safepoint    ] Application time: 1.0000799 seconds
[2019-12-09T04:42:35.618+0000][1][safepoint    ] Entering safepoint region: Cleanup
[2019-12-09T04:42:35.618+0000][1][safepoint    ] Leaving safepoint region
[2019-12-09T04:42:35.618+0000][1][safepoint    ] Total time for which application threads were stopped: 0.0000998 seconds, Stopping threads took: 0.0000183 seconds
[2019-12-09T04:42:36.618+0000][1][safepoint    ] Application time: 1.0000784 seconds
[2019-12-09T04:42:36.618+0000][1][safepoint    ] Entering safepoint region: Cleanup
[2019-12-09T04:42:36.618+0000][1][safepoint    ] Leaving safepoint region
[2019-12-09T04:42:36.618+0000][1][safepoint    ] Total time for which application threads were stopped: 0.0000939 seconds, Stopping threads took: 0.0000250 seconds
[2019-12-09T04:42:37.619+0000][1][safepoint    ] Application time: 1.0000803 seconds
[2019-12-09T04:42:37.619+0000][1][safepoint    ] Entering safepoint region: Cleanup
[2019-12-09T04:42:37.619+0000][1][safepoint    ] Leaving safepoint region
[2019-12-09T04:42:37.619+0000][1][safepoint    ] Total time for which application threads were stopped: 0.0001036 seconds, Stopping threads took: 0.0000189 seconds
[2019-12-09T04:42:38.619+0000][1][safepoint    ] Application time: 1.0000788 seconds
[2019-12-09T04:42:38.619+0000][1][safepoint    ] Entering safepoint region: Cleanup
[2019-12-09T04:42:38.619+0000][1][safepoint    ] Leaving safepoint region
[2019-12-09T04:42:38.619+0000][1][safepoint    ] Total time for which application threads were stopped: 0.0001040 seconds, Stopping threads took: 0.0000182 seconds
[2019-12-09T04:42:39.619+0000][1][safepoint    ] Application time: 1.0000790 seconds
[2019-12-09T04:42:39.619+0000][1][safepoint    ] Entering safepoint region: Cleanup
[2019-12-09T04:42:39.619+0000][1][safepoint    ] Leaving safepoint region
[2019-12-09T04:42:39.619+0000][1][safepoint    ] Total time for which application threads were stopped: 0.0000885 seconds, Stopping threads took: 0.0000186 seconds
[2019-12-09T04:42:40.619+0000][1][safepoint    ] Application time: 1.0000784 seconds
[2019-12-09T04:42:40.619+0000][1][safepoint    ] Entering safepoint region: Cleanup
[2019-12-09T04:42:40.619+0000][1][safepoint    ] Leaving safepoint region
[2019-12-09T04:42:40.619+0000][1][safepoint    ] Total time for which application threads were stopped: 0.0000938 seconds, Stopping threads took: 0.0000235 seconds
[2019-12-09T04:42:41.619+0000][1][safepoint    ] Application time: 1.0000791 seconds
[2019-12-09T04:42:41.619+0000][1][safepoint    ] Entering safepoint region: Cleanup
[2019-12-09T04:42:41.620+0000][1][safepoint    ] Leaving safepoint region
[2019-12-09T04:42:41.620+0000][1][safepoint    ] Total time for which application threads were stopped: 0.0000901 seconds, Stopping threads took: 0.0000198 seconds
[2019-12-09T04:42:42.620+0000][1][safepoint    ] Application time: 1.0000871 seconds
[2019-12-09T04:42:42.620+0000][1][safepoint    ] Entering safepoint region: Cleanup
[2019-12-09T04:42:42.620+0000][1][safepoint    ] Leaving safepoint region
[2019-12-09T04:42:42.620+0000][1][safepoint    ] Total time for which application threads were stopped: 0.0001364 seconds, Stopping threads took: 0.0000389 seconds
[2019-12-09T04:42:43.620+0000][1][safepoint    ] Application time: 1.0000764 seconds
[2019-12-09T04:42:43.620+0000][1][safepoint    ] Entering safepoint region: Cleanup
[2019-12-09T04:42:43.620+0000][1][safepoint    ] Leaving safepoint region
[2019-12-09T04:42:43.620+0000][1][safepoint    ] Total time for which application threads were stopped: 0.0000801 seconds, Stopping threads took: 0.0000168 seconds
[2019-12-09T04:42:44.620+0000][1][safepoint    ] Application time: 1.0000775 seconds
[2019-12-09T04:42:44.620+0000][1][safepoint    ] Entering safepoint region: Cleanup
[2019-12-09T04:42:44.620+0000][1][safepoint    ] Leaving safepoint region
[2019-12-09T04:42:44.620+0000][1][safepoint    ] Total time for which application threads were stopped: 0.0000836 seconds, Stopping threads took: 0.0000172 seconds
[2019-12-09T04:42:45.620+0000][1][safepoint    ] Application time: 1.0000775 seconds
[2019-12-09T04:42:45.620+0000][1][safepoint    ] Entering safepoint region: Cleanup
[2019-12-09T04:42:45.620+0000][1][safepoint    ] Leaving safepoint region
[2019-12-09T04:42:45.620+0000][1][safepoint    ] Total time for which application threads were stopped: 0.0000896 seconds, Stopping threads took: 0.0000185 seconds
[2019-12-09T04:42:46.620+0000][1][safepoint    ] Application time: 1.0000764 seconds
[2019-12-09T04:42:46.621+0000][1][safepoint    ] Entering safepoint region: Cleanup
[2019-12-09T04:42:46.621+0000][1][safepoint    ] Leaving safepoint region
[2019-12-09T04:42:46.621+0000][1][safepoint    ] Total time for which application threads were stopped: 0.0000935 seconds, Stopping threads took: 0.0000171 seconds
[2019-12-09T04:42:47.621+0000][1][safepoint    ] Application time: 1.0000963 seconds
[2019-12-09T04:42:47.621+0000][1][safepoint    ] Entering safepoint region: Cleanup
[2019-12-09T04:42:47.621+0000][1][safepoint    ] Leaving safepoint region
[2019-12-09T04:42:47.621+0000][1][safepoint    ] Total time for which application threads were stopped: 0.0001229 seconds, Stopping threads took: 0.0000238 seconds
[2019-12-09T04:42:48.621+0000][1][safepoint    ] Application time: 1.0000776 seconds
[2019-12-09T04:42:48.621+0000][1][safepoint    ] Entering safepoint region: Cleanup
[2019-12-09T04:42:48.621+0000][1][safepoint    ] Leaving safepoint region
[2019-12-09T04:42:48.621+0000][1][safepoint    ] Total time for which application threads were stopped: 0.0000853 seconds, Stopping threads took: 0.0000165 seconds
[2019-12-09T04:42:49.621+0000][1][safepoint    ] Application time: 1.0000768 seconds
[2019-12-09T04:42:49.621+0000][1][safepoint    ] Entering safepoint region: Cleanup
[2019-12-09T04:42:49.621+0000][1][safepoint    ] Leaving safepoint region
[2019-12-09T04:42:49.621+0000][1][safepoint    ] Total time for which application threads were stopped: 0.0000805 seconds, Stopping threads took: 0.0000155 seconds
[2019-12-09T04:42:51.131+0000][1][safepoint    ] Application time: 1.5094337 seconds
[2019-12-09T04:42:51.131+0000][1][safepoint    ] Entering safepoint region: Cleanup
[2019-12-09T04:42:51.131+0000][1][safepoint    ] Leaving safepoint region
[2019-12-09T04:42:51.131+0000][1][safepoint    ] Total time for which application threads were stopped: 0.0000956 seconds, Stopping threads took: 0.0000188 seconds
[2019-12-09T04:42:52.131+0000][1][safepoint    ] Application time: 1.0000780 seconds
[2019-12-09T04:42:52.131+0000][1][safepoint    ] Entering safepoint region: Cleanup
[2019-12-09T04:42:52.131+0000][1][safepoint    ] Leaving safepoint region
[2019-12-09T04:42:52.131+0000][1][safepoint    ] Total time for which application threads were stopped: 0.0000865 seconds, Stopping threads took: 0.0000171 seconds
[2019-12-09T04:42:53.131+0000][1][safepoint    ] Application time: 1.0000879 seconds
[2019-12-09T04:42:53.131+0000][1][safepoint    ] Entering safepoint region: Cleanup
[2019-12-09T04:42:53.131+0000][1][safepoint    ] Leaving safepoint region
[2019-12-09T04:42:53.131+0000][1][safepoint    ] Total time for which application threads were stopped: 0.0000916 seconds, Stopping threads took: 0.0000169 seconds
[2019-12-09T04:42:54.131+0000][1][safepoint    ] Application time: 1.0000793 seconds
[2019-12-09T04:42:54.131+0000][1][safepoint    ] Entering safepoint region: Cleanup
[2019-12-09T04:42:54.131+0000][1][safepoint    ] Leaving safepoint region
[2019-12-09T04:42:54.131+0000][1][safepoint    ] Total time for which application threads were stopped: 0.0000901 seconds, Stopping threads took: 0.0000180 seconds
[2019-12-09T04:42:55.132+0000][1][safepoint    ] Application time: 1.0000744 seconds
[2019-12-09T04:42:55.132+0000][1][safepoint    ] Entering safepoint region: Cleanup
[2019-12-09T04:42:55.132+0000][1][safepoint    ] Leaving safepoint region
[2019-12-09T04:42:55.132+0000][1][safepoint    ] Total time for which application threads were stopped: 0.0001040 seconds, Stopping threads took: 0.0000190 seconds
[2019-12-09T04:42:56.132+0000][1][safepoint    ] Application time: 1.0000790 seconds
[2019-12-09T04:42:56.132+0000][1][safepoint    ] Entering safepoint region: Cleanup
[2019-12-09T04:42:56.132+0000][1][safepoint    ] Leaving safepoint region
[2019-12-09T04:42:56.132+0000][1][safepoint    ] Total time for which application threads were stopped: 0.0001182 seconds, Stopping threads took: 0.0000239 seconds
[2019-12-09T04:42:57.132+0000][1][safepoint    ] Application time: 1.0000763 seconds
[2019-12-09T04:42:57.132+0000][1][safepoint    ] Entering safepoint region: Cleanup
[2019-12-09T04:42:57.132+0000][1][safepoint    ] Leaving safepoint region
[2019-12-09T04:42:57.132+0000][1][safepoint    ] Total time for which application threads were stopped: 0.0000982 seconds, Stopping threads took: 0.0000178 seconds
[2019-12-09T04:42:58.132+0000][1][safepoint    ] Application time: 1.0000780 seconds
[2019-12-09T04:42:58.132+0000][1][safepoint    ] Entering safepoint region: Cleanup
[2019-12-09T04:42:58.132+0000][1][safepoint    ] Leaving safepoint region
[2019-12-09T04:42:58.132+0000][1][safepoint    ] Total time for which application threads were stopped: 0.0000886 seconds, Stopping threads took: 0.0000184 seconds
[2019-12-09T04:42:59.132+0000][1][safepoint    ] Application time: 1.0000757 seconds
[2019-12-09T04:42:59.133+0000][1][safepoint    ] Entering safepoint region: Cleanup
[2019-12-09T04:42:59.133+0000][1][safepoint    ] Leaving safepoint region
[2019-12-09T04:42:59.133+0000][1][safepoint    ] Total time for which application threads were stopped: 0.0000879 seconds, Stopping threads took: 0.0000180 seconds
[2019-12-09T04:43:00.133+0000][1][safepoint    ] Application time: 1.0000766 seconds
[2019-12-09T04:43:00.133+0000][1][safepoint    ] Entering safepoint region: Cleanup
[2019-12-09T04:43:00.133+0000][1][safepoint    ] Leaving safepoint region
[2019-12-09T04:43:00.133+0000][1][safepoint    ] Total time for which application threads were stopped: 0.0000911 seconds, Stopping threads took: 0.0000190 seconds
[2019-12-09T04:43:01.133+0000][1][safepoint    ] Application time: 1.0000752 seconds
[2019-12-09T04:43:01.133+0000][1][safepoint    ] Entering safepoint region: Cleanup
[2019-12-09T04:43:01.133+0000][1][safepoint    ] Leaving safepoint region
[2019-12-09T04:43:01.133+0000][1][safepoint    ] Total time for which application threads were stopped: 0.0000908 seconds, Stopping threads took: 0.0000176 seconds
[2019-12-09T04:43:02.133+0000][1][safepoint    ] Application time: 1.0000794 seconds
[2019-12-09T04:43:02.133+0000][1][safepoint    ] Entering safepoint region: Cleanup
[2019-12-09T04:43:02.133+0000][1][safepoint    ] Leaving safepoint region
[2019-12-09T04:43:02.133+0000][1][safepoint    ] Total time for which application threads were stopped: 0.0000879 seconds, Stopping threads took: 0.0000166 seconds
[2019-12-09T04:43:03.133+0000][1][safepoint    ] Application time: 1.0000770 seconds
[2019-12-09T04:43:03.133+0000][1][safepoint    ] Entering safepoint region: Cleanup
[2019-12-09T04:43:03.133+0000][1][safepoint    ] Leaving safepoint region
[2019-12-09T04:43:03.133+0000][1][safepoint    ] Total time for which application threads were stopped: 0.0000897 seconds, Stopping threads took: 0.0000181 seconds
[2019-12-09T04:43:04.134+0000][1][safepoint    ] Application time: 1.0000768 seconds
[2019-12-09T04:43:04.134+0000][1][safepoint    ] Entering safepoint region: Cleanup
[2019-12-09T04:43:04.134+0000][1][safepoint    ] Leaving safepoint region
[2019-12-09T04:43:04.134+0000][1][safepoint    ] Total time for which application threads were stopped: 0.0000961 seconds, Stopping threads took: 0.0000174 seconds
[2019-12-09T04:43:05.134+0000][1][safepoint    ] Application time: 1.0000778 seconds
[2019-12-09T04:43:05.134+0000][1][safepoint    ] Entering safepoint region: Cleanup
[2019-12-09T04:43:05.134+0000][1][safepoint    ] Leaving safepoint region
[2019-12-09T04:43:05.134+0000][1][safepoint    ] Total time for which application threads were stopped: 0.0000954 seconds, Stopping threads took: 0.0000171 seconds
[2019-12-09T04:43:06.134+0000][1][safepoint    ] Application time: 1.0000769 seconds
[2019-12-09T04:43:06.134+0000][1][safepoint    ] Entering safepoint region: Cleanup
[2019-12-09T04:43:06.134+0000][1][safepoint    ] Leaving safepoint region
[2019-12-09T04:43:06.134+0000][1][safepoint    ] Total time for which application threads were stopped: 0.0000914 seconds, Stopping threads took: 0.0000187 seconds
[2019-12-09T04:43:07.134+0000][1][safepoint    ] Application time: 1.0000772 seconds
[2019-12-09T04:43:07.134+0000][1][safepoint    ] Entering safepoint region: Cleanup
[2019-12-09T04:43:07.134+0000][1][safepoint    ] Leaving safepoint region
[2019-12-09T04:43:07.134+0000][1][safepoint    ] Total time for which application threads were stopped: 0.0000895 seconds, Stopping threads took: 0.0000176 seconds
[2019-12-09T04:43:08.134+0000][1][safepoint    ] Application time: 1.0000758 seconds
[2019-12-09T04:43:08.134+0000][1][safepoint    ] Entering safepoint region: Cleanup
[2019-12-09T04:43:08.135+0000][1][safepoint    ] Leaving safepoint region
[2019-12-09T04:43:08.135+0000][1][safepoint    ] Total time for which application threads were stopped: 0.0001102 seconds, Stopping threads took: 0.0000349 seconds
[2019-12-09T04:43:09.135+0000][1][safepoint    ] Application time: 1.0000774 seconds
[2019-12-09T04:43:09.135+0000][1][safepoint    ] Entering safepoint region: Cleanup
[2019-12-09T04:43:09.135+0000][1][safepoint    ] Leaving safepoint region
[2019-12-09T04:43:09.135+0000][1][safepoint    ] Total time for which application threads were stopped: 0.0001026 seconds, Stopping threads took: 0.0000315 seconds
[2019-12-09T04:43:10.135+0000][1][safepoint    ] Application time: 1.0000781 seconds
[2019-12-09T04:43:10.135+0000][1][safepoint    ] Entering safepoint region: Cleanup
[2019-12-09T04:43:10.135+0000][1][safepoint    ] Leaving safepoint region
[2019-12-09T04:43:10.135+0000][1][safepoint    ] Total time for which application threads were stopped: 0.0001021 seconds, Stopping threads took: 0.0000268 seconds
[2019-12-09T04:43:11.135+0000][1][safepoint    ] Application time: 1.0000756 seconds
[2019-12-09T04:43:11.135+0000][1][safepoint    ] Entering safepoint region: Cleanup
[2019-12-09T04:43:11.135+0000][1][safepoint    ] Leaving safepoint region
[2019-12-09T04:43:11.135+0000][1][safepoint    ] Total time for which application threads were stopped: 0.0000910 seconds, Stopping threads took: 0.0000186 seconds
[2019-12-09T04:43:12.135+0000][1][safepoint    ] Application time: 1.0000782 seconds
[2019-12-09T04:43:12.135+0000][1][safepoint    ] Entering safepoint region: Cleanup
[2019-12-09T04:43:12.135+0000][1][safepoint    ] Leaving safepoint region
[2019-12-09T04:43:12.135+0000][1][safepoint    ] Total time for which application threads were stopped: 0.0000927 seconds, Stopping threads took: 0.0000199 seconds
[2019-12-09T04:43:13.136+0000][1][safepoint    ] Application time: 1.0000766 seconds
[2019-12-09T04:43:13.136+0000][1][safepoint    ] Entering safepoint region: Cleanup
[2019-12-09T04:43:13.136+0000][1][safepoint    ] Leaving safepoint region
[2019-12-09T04:43:13.136+0000][1][safepoint    ] Total time for which application threads were stopped: 0.0000919 seconds, Stopping threads took: 0.0000188 seconds
[2019-12-09T04:43:14.136+0000][1][safepoint    ] Application time: 1.0000779 seconds
[2019-12-09T04:43:14.136+0000][1][safepoint    ] Entering safepoint region: Cleanup
[2019-12-09T04:43:14.136+0000][1][safepoint    ] Leaving safepoint region
[2019-12-09T04:43:14.136+0000][1][safepoint    ] Total time for which application threads were stopped: 0.0000907 seconds, Stopping threads took: 0.0000176 seconds
[2019-12-09T04:43:15.136+0000][1][safepoint    ] Application time: 1.0000318 seconds
[2019-12-09T04:43:15.136+0000][1][safepoint    ] Entering safepoint region: Cleanup
[2019-12-09T04:43:15.136+0000][1][safepoint    ] Leaving safepoint region
[2019-12-09T04:43:15.136+0000][1][safepoint    ] Total time for which application threads were stopped: 0.0000933 seconds, Stopping threads took: 0.0000193 seconds
[2019-12-09T04:43:16.136+0000][1][safepoint    ] Application time: 1.0000756 seconds
[2019-12-09T04:43:16.136+0000][1][safepoint    ] Entering safepoint region: Cleanup
[2019-12-09T04:43:16.136+0000][1][safepoint    ] Leaving safepoint region
[2019-12-09T04:43:16.136+0000][1][safepoint    ] Total time for which application threads were stopped: 0.0001100 seconds, Stopping threads took: 0.0000179 seconds
[2019-12-09T04:43:17.136+0000][1][safepoint    ] Application time: 1.0000732 seconds
[2019-12-09T04:43:17.136+0000][1][safepoint    ] Entering safepoint region: Cleanup
[2019-12-09T04:43:17.136+0000][1][safepoint    ] Leaving safepoint region
[2019-12-09T04:43:17.136+0000][1][safepoint    ] Total time for which application threads were stopped: 0.0000891 seconds, Stopping threads took: 0.0000182 seconds
[2019-12-09T04:43:18.137+0000][1][safepoint    ] Application time: 1.0000759 seconds
[2019-12-09T04:43:18.137+0000][1][safepoint    ] Entering safepoint region: Cleanup
[2019-12-09T04:43:18.137+0000][1][safepoint    ] Leaving safepoint region
[2019-12-09T04:43:18.137+0000][1][safepoint    ] Total time for which application threads were stopped: 0.0001003 seconds, Stopping threads took: 0.0000201 seconds
[2019-12-09T04:43:19.137+0000][1][safepoint    ] Application time: 1.0000741 seconds
[2019-12-09T04:43:19.137+0000][1][safepoint    ] Entering safepoint region: Cleanup
[2019-12-09T04:43:19.137+0000][1][safepoint    ] Leaving safepoint region
[2019-12-09T04:43:19.137+0000][1][safepoint    ] Total time for which application threads were stopped: 0.0000961 seconds, Stopping threads took: 0.0000204 seconds
[2019-12-09T04:43:20.137+0000][1][safepoint    ] Application time: 1.0000749 seconds
[2019-12-09T04:43:20.137+0000][1][safepoint    ] Entering safepoint region: Cleanup
[2019-12-09T04:43:20.137+0000][1][safepoint    ] Leaving safepoint region
[2019-12-09T04:43:20.137+0000][1][safepoint    ] Total time for which application threads were stopped: 0.0000957 seconds, Stopping threads took: 0.0000243 seconds
[2019-12-09T04:43:21.137+0000][1][safepoint    ] Application time: 1.0000738 seconds
[2019-12-09T04:43:21.137+0000][1][safepoint    ] Entering safepoint region: Cleanup
[2019-12-09T04:43:21.137+0000][1][safepoint    ] Leaving safepoint region
[2019-12-09T04:43:21.137+0000][1][safepoint    ] Total time for which application threads were stopped: 0.0000892 seconds, Stopping threads took: 0.0000196 seconds
[2019-12-09T04:43:22.137+0000][1][safepoint    ] Application time: 1.0000754 seconds
[2019-12-09T04:43:22.137+0000][1][safepoint    ] Entering safepoint region: Cleanup
[2019-12-09T04:43:22.138+0000][1][safepoint    ] Leaving safepoint region
[2019-12-09T04:43:22.138+0000][1][safepoint    ] Total time for which application threads were stopped: 0.0000896 seconds, Stopping threads took: 0.0000180 seconds
[2019-12-09T04:43:23.138+0000][1][safepoint    ] Application time: 1.0000770 seconds
[2019-12-09T04:43:23.138+0000][1][safepoint    ] Entering safepoint region: Cleanup
[2019-12-09T04:43:23.138+0000][1][safepoint    ] Leaving safepoint region
[2019-12-09T04:43:23.138+0000][1][safepoint    ] Total time for which application threads were stopped: 0.0000993 seconds, Stopping threads took: 0.0000187 seconds
[2019-12-09T04:43:24.138+0000][1][safepoint    ] Application time: 1.0000753 seconds
[2019-12-09T04:43:24.138+0000][1][safepoint    ] Entering safepoint region: Cleanup
[2019-12-09T04:43:24.138+0000][1][safepoint    ] Leaving safepoint region
[2019-12-09T04:43:24.138+0000][1][safepoint    ] Total time for which application threads were stopped: 0.0000923 seconds, Stopping threads took: 0.0000196 seconds
[2019-12-09T04:43:25.138+0000][1][safepoint    ] Application time: 1.0000751 seconds
[2019-12-09T04:43:25.138+0000][1][safepoint    ] Entering safepoint region: Cleanup
[2019-12-09T04:43:25.138+0000][1][safepoint    ] Leaving safepoint region
[2019-12-09T04:43:25.138+0000][1][safepoint    ] Total time for which application threads were stopped: 0.0000920 seconds, Stopping threads took: 0.0000204 seconds
[2019-12-09T04:43:26.138+0000][1][safepoint    ] Application time: 1.0000769 seconds
[2019-12-09T04:43:26.138+0000][1][safepoint    ] Entering safepoint region: Cleanup
[2019-12-09T04:43:26.138+0000][1][safepoint    ] Leaving safepoint region
[2019-12-09T04:43:26.138+0000][1][safepoint    ] Total time for which application threads were stopped: 0.0000907 seconds, Stopping threads took: 0.0000198 seconds
[2019-12-09T04:43:27.138+0000][1][safepoint    ] Application time: 1.0000758 seconds
[2019-12-09T04:43:27.139+0000][1][safepoint    ] Entering safepoint region: Cleanup
[2019-12-09T04:43:27.139+0000][1][safepoint    ] Leaving safepoint region
[2019-12-09T04:43:27.139+0000][1][safepoint    ] Total time for which application threads were stopped: 0.0000891 seconds, Stopping threads took: 0.0000185 seconds
[2019-12-09T04:43:28.139+0000][1][safepoint    ] Application time: 1.0000756 seconds
[2019-12-09T04:43:28.139+0000][1][safepoint    ] Entering safepoint region: Cleanup
[2019-12-09T04:43:28.139+0000][1][safepoint    ] Leaving safepoint region
[2019-12-09T04:43:28.139+0000][1][safepoint    ] Total time for which application threads were stopped: 0.0000990 seconds, Stopping threads took: 0.0000175 seconds
[2019-12-09T04:43:29.139+0000][1][safepoint    ] Application time: 1.0000784 seconds
[2019-12-09T04:43:29.139+0000][1][safepoint    ] Entering safepoint region: Cleanup
[2019-12-09T04:43:29.139+0000][1][safepoint    ] Leaving safepoint region
[2019-12-09T04:43:29.139+0000][1][safepoint    ] Total time for which application threads were stopped: 0.0000887 seconds, Stopping threads took: 0.0000184 seconds
[2019-12-09T04:43:30.139+0000][1][safepoint    ] Application time: 1.0000789 seconds
[2019-12-09T04:43:30.139+0000][1][safepoint    ] Entering safepoint region: Cleanup
[2019-12-09T04:43:30.139+0000][1][safepoint    ] Leaving safepoint region
[2019-12-09T04:43:30.139+0000][1][safepoint    ] Total time for which application threads were stopped: 0.0000906 seconds, Stopping threads took: 0.0000186 seconds
[2019-12-09T04:43:31.139+0000][1][safepoint    ] Application time: 1.0000761 seconds
[2019-12-09T04:43:31.139+0000][1][safepoint    ] Entering safepoint region: Cleanup
[2019-12-09T04:43:31.139+0000][1][safepoint    ] Leaving safepoint region
[2019-12-09T04:43:31.139+0000][1][safepoint    ] Total time for which application threads were stopped: 0.0000919 seconds, Stopping threads took: 0.0000202 seconds
[2019-12-09T04:43:32.024+0000][1][safepoint    ] Application time: 0.8843651 seconds
[2019-12-09T04:43:32.024+0000][1][safepoint    ] Entering safepoint region: GenCollectForAllocation
[2019-12-09T04:43:32.024+0000][1][gc,start     ] GC(57) Pause Young (Allocation Failure)
[2019-12-09T04:43:32.024+0000][1][gc,task      ] GC(57) Using 2 workers of 2 for evacuation
[2019-12-09T04:43:32.026+0000][1][gc,age       ] GC(57) Desired survivor size 4456448 bytes, new threshold 6 (max threshold 6)
[2019-12-09T04:43:32.026+0000][1][gc,age       ] GC(57) Age table with threshold 6 (max threshold 6)
[2019-12-09T04:43:32.026+0000][1][gc,age       ] GC(57) - age   1:      10016 bytes,      10016 total
[2019-12-09T04:43:32.026+0000][1][gc,age       ] GC(57) - age   2:       2384 bytes,      12400 total
[2019-12-09T04:43:32.026+0000][1][gc,age       ] GC(57) - age   3:       1976 bytes,      14376 total
[2019-12-09T04:43:32.026+0000][1][gc,age       ] GC(57) - age   4:        584 bytes,      14960 total
[2019-12-09T04:43:32.026+0000][1][gc,age       ] GC(57) - age   5:       3088 bytes,      18048 total
[2019-12-09T04:43:32.026+0000][1][gc,age       ] GC(57) - age   6:        840 bytes,      18888 total
[2019-12-09T04:43:32.026+0000][1][gc,heap      ] GC(57) ParNew: 69995K->27K(78656K)
[2019-12-09T04:43:32.026+0000][1][gc,heap      ] GC(57) CMS: 75919K->75930K(174784K)
[2019-12-09T04:43:32.026+0000][1][gc,metaspace ] GC(57) Metaspace: 80163K->80163K(1122304K)
[2019-12-09T04:43:32.026+0000][1][gc           ] GC(57) Pause Young (Allocation Failure) 142M->74M(247M) 1.779ms
[2019-12-09T04:43:32.026+0000][1][gc,cpu       ] GC(57) User=0.00s Sys=0.00s Real=0.01s
[2019-12-09T04:43:32.026+0000][1][safepoint    ] Leaving safepoint region
[2019-12-09T04:43:32.026+0000][1][safepoint    ] Total time for which application threads were stopped: 0.0019380 seconds, Stopping threads took: 0.0000174 seconds
[2019-12-09T04:43:33.026+0000][1][safepoint    ] Application time: 1.0000860 seconds
[2019-12-09T04:43:33.026+0000][1][safepoint    ] Entering safepoint region: Cleanup
[2019-12-09T04:43:33.026+0000][1][safepoint    ] Leaving safepoint region
[2019-12-09T04:43:33.026+0000][1][safepoint    ] Total time for which application threads were stopped: 0.0000953 seconds, Stopping threads took: 0.0000184 seconds
[2019-12-09T04:43:34.026+0000][1][safepoint    ] Application time: 1.0000793 seconds
[2019-12-09T04:43:34.026+0000][1][safepoint    ] Entering safepoint region: Cleanup
[2019-12-09T04:43:34.026+0000][1][safepoint    ] Leaving safepoint region
[2019-12-09T04:43:34.026+0000][1][safepoint    ] Total time for which application threads were stopped: 0.0000904 seconds, Stopping threads took: 0.0000183 seconds
[2019-12-09T04:43:35.026+0000][1][safepoint    ] Application time: 1.0000796 seconds
[2019-12-09T04:43:35.026+0000][1][safepoint    ] Entering safepoint region: Cleanup
[2019-12-09T04:43:35.026+0000][1][safepoint    ] Leaving safepoint region
[2019-12-09T04:43:35.026+0000][1][safepoint    ] Total time for which application threads were stopped: 0.0000922 seconds, Stopping threads took: 0.0000194 seconds
[2019-12-09T04:43:36.027+0000][1][safepoint    ] Application time: 1.0000785 seconds
[2019-12-09T04:43:36.027+0000][1][safepoint    ] Entering safepoint region: Cleanup
[2019-12-09T04:43:36.027+0000][1][safepoint    ] Leaving safepoint region
[2019-12-09T04:43:36.027+0000][1][safepoint    ] Total time for which application threads were stopped: 0.0001007 seconds, Stopping threads took: 0.0000194 seconds
[2019-12-09T04:43:37.027+0000][1][safepoint    ] Application time: 1.0000862 seconds
[2019-12-09T04:43:37.027+0000][1][safepoint    ] Entering safepoint region: Cleanup
[2019-12-09T04:43:37.027+0000][1][safepoint    ] Leaving safepoint region
[2019-12-09T04:43:37.027+0000][1][safepoint    ] Total time for which application threads were stopped: 0.0001203 seconds, Stopping threads took: 0.0000395 seconds
[2019-12-09T04:43:38.027+0000][1][safepoint    ] Application time: 1.0000838 seconds
[2019-12-09T04:43:38.027+0000][1][safepoint    ] Entering safepoint region: Cleanup
[2019-12-09T04:43:38.027+0000][1][safepoint    ] Leaving safepoint region
[2019-12-09T04:43:38.027+0000][1][safepoint    ] Total time for which application threads were stopped: 0.0000912 seconds, Stopping threads took: 0.0000194 seconds
[2019-12-09T04:43:39.027+0000][1][safepoint    ] Application time: 1.0000765 seconds
[2019-12-09T04:43:39.027+0000][1][safepoint    ] Entering safepoint region: Cleanup
[2019-12-09T04:43:39.027+0000][1][safepoint    ] Leaving safepoint region
[2019-12-09T04:43:39.027+0000][1][safepoint    ] Total time for which application threads were stopped: 0.0000899 seconds, Stopping threads took: 0.0000173 seconds
[2019-12-09T04:43:40.027+0000][1][safepoint    ] Application time: 1.0000782 seconds
[2019-12-09T04:43:40.028+0000][1][safepoint    ] Entering safepoint region: Cleanup
[2019-12-09T04:43:40.028+0000][1][safepoint    ] Leaving safepoint region
[2019-12-09T04:43:40.028+0000][1][safepoint    ] Total time for which application threads were stopped: 0.0000930 seconds, Stopping threads took: 0.0000192 seconds
[2019-12-09T04:43:41.028+0000][1][safepoint    ] Application time: 1.0000873 seconds
[2019-12-09T04:43:41.028+0000][1][safepoint    ] Entering safepoint region: Cleanup
[2019-12-09T04:43:41.028+0000][1][safepoint    ] Leaving safepoint region
[2019-12-09T04:43:41.028+0000][1][safepoint    ] Total time for which application threads were stopped: 0.0000916 seconds, Stopping threads took: 0.0000184 seconds
[2019-12-09T04:43:42.028+0000][1][safepoint    ] Application time: 1.0000764 seconds
[2019-12-09T04:43:42.028+0000][1][safepoint    ] Entering safepoint region: Cleanup
[2019-12-09T04:43:42.028+0000][1][safepoint    ] Leaving safepoint region
[2019-12-09T04:43:42.028+0000][1][safepoint    ] Total time for which application threads were stopped: 0.0001147 seconds, Stopping threads took: 0.0000424 seconds
[2019-12-09T04:43:43.028+0000][1][safepoint    ] Application time: 1.0000816 seconds
[2019-12-09T04:43:43.028+0000][1][safepoint    ] Entering safepoint region: Cleanup
[2019-12-09T04:43:43.028+0000][1][safepoint    ] Leaving safepoint region
[2019-12-09T04:43:43.028+0000][1][safepoint    ] Total time for which application threads were stopped: 0.0000902 seconds, Stopping threads took: 0.0000189 seconds
[2019-12-09T04:43:44.028+0000][1][safepoint    ] Application time: 1.0000771 seconds
[2019-12-09T04:43:44.028+0000][1][safepoint    ] Entering safepoint region: Cleanup
[2019-12-09T04:43:44.028+0000][1][safepoint    ] Leaving safepoint region
[2019-12-09T04:43:44.028+0000][1][safepoint    ] Total time for which application threads were stopped: 0.0000927 seconds, Stopping threads took: 0.0000184 seconds
[2019-12-09T04:43:45.029+0000][1][safepoint    ] Application time: 1.0000757 seconds
[2019-12-09T04:43:45.029+0000][1][safepoint    ] Entering safepoint region: Cleanup
[2019-12-09T04:43:45.029+0000][1][safepoint    ] Leaving safepoint region
[2019-12-09T04:43:45.029+0000][1][safepoint    ] Total time for which application threads were stopped: 0.0000991 seconds, Stopping threads took: 0.0000186 seconds
[2019-12-09T04:43:46.029+0000][1][safepoint    ] Application time: 1.0000764 seconds
[2019-12-09T04:43:46.029+0000][1][safepoint    ] Entering safepoint region: Cleanup
[2019-12-09T04:43:46.029+0000][1][safepoint    ] Leaving safepoint region
[2019-12-09T04:43:46.029+0000][1][safepoint    ] Total time for which application threads were stopped: 0.0000943 seconds, Stopping threads took: 0.0000183 seconds
[2019-12-09T04:43:47.029+0000][1][safepoint    ] Application time: 1.0000735 seconds
[2019-12-09T04:43:47.029+0000][1][safepoint    ] Entering safepoint region: Cleanup
[2019-12-09T04:43:47.029+0000][1][safepoint    ] Leaving safepoint region
[2019-12-09T04:43:47.029+0000][1][safepoint    ] Total time for which application threads were stopped: 0.0000910 seconds, Stopping threads took: 0.0000209 seconds
[2019-12-09T04:43:48.186+0000][1][safepoint    ] Application time: 1.1568269 seconds
[2019-12-09T04:43:48.186+0000][1][safepoint    ] Entering safepoint region: Cleanup
[2019-12-09T04:43:48.186+0000][1][safepoint    ] Leaving safepoint region
[2019-12-09T04:43:48.186+0000][1][safepoint    ] Total time for which application threads were stopped: 0.0000910 seconds, Stopping threads took: 0.0000183 seconds
[2019-12-09T04:43:49.186+0000][1][safepoint    ] Application time: 1.0000749 seconds
[2019-12-09T04:43:49.186+0000][1][safepoint    ] Entering safepoint region: Cleanup
[2019-12-09T04:43:49.186+0000][1][safepoint    ] Leaving safepoint region
[2019-12-09T04:43:49.186+0000][1][safepoint    ] Total time for which application threads were stopped: 0.0000918 seconds, Stopping threads took: 0.0000195 seconds
[2019-12-09T04:43:50.186+0000][1][safepoint    ] Application time: 1.0000751 seconds
[2019-12-09T04:43:50.186+0000][1][safepoint    ] Entering safepoint region: Cleanup
[2019-12-09T04:43:50.187+0000][1][safepoint    ] Leaving safepoint region
[2019-12-09T04:43:50.187+0000][1][safepoint    ] Total time for which application threads were stopped: 0.0000956 seconds, Stopping threads took: 0.0000247 seconds
[2019-12-09T04:43:51.187+0000][1][safepoint    ] Application time: 1.0000745 seconds
[2019-12-09T04:43:51.187+0000][1][safepoint    ] Entering safepoint region: Cleanup
[2019-12-09T04:43:51.187+0000][1][safepoint    ] Leaving safepoint region
[2019-12-09T04:43:51.187+0000][1][safepoint    ] Total time for which application threads were stopped: 0.0001021 seconds, Stopping threads took: 0.0000181 seconds
[2019-12-09T04:43:52.187+0000][1][safepoint    ] Application time: 1.0000750 seconds
[2019-12-09T04:43:52.187+0000][1][safepoint    ] Entering safepoint region: Cleanup
[2019-12-09T04:43:52.187+0000][1][safepoint    ] Leaving safepoint region
[2019-12-09T04:43:52.187+0000][1][safepoint    ] Total time for which application threads were stopped: 0.0000843 seconds, Stopping threads took: 0.0000163 seconds
[2019-12-09T04:43:53.187+0000][1][safepoint    ] Application time: 1.0000781 seconds
[2019-12-09T04:43:53.187+0000][1][safepoint    ] Entering safepoint region: Cleanup
[2019-12-09T04:43:53.187+0000][1][safepoint    ] Leaving safepoint region
[2019-12-09T04:43:53.187+0000][1][safepoint    ] Total time for which application threads were stopped: 0.0000911 seconds, Stopping threads took: 0.0000188 seconds
[2019-12-09T04:43:54.187+0000][1][safepoint    ] Application time: 1.0000775 seconds
[2019-12-09T04:43:54.187+0000][1][safepoint    ] Entering safepoint region: Cleanup
[2019-12-09T04:43:54.187+0000][1][safepoint    ] Leaving safepoint region
[2019-12-09T04:43:54.187+0000][1][safepoint    ] Total time for which application threads were stopped: 0.0000977 seconds, Stopping threads took: 0.0000275 seconds
[2019-12-09T04:43:55.187+0000][1][safepoint    ] Application time: 1.0000763 seconds
[2019-12-09T04:43:55.187+0000][1][safepoint    ] Entering safepoint region: Cleanup
[2019-12-09T04:43:55.188+0000][1][safepoint    ] Leaving safepoint region
[2019-12-09T04:43:55.188+0000][1][safepoint    ] Total time for which application threads were stopped: 0.0000913 seconds, Stopping threads took: 0.0000184 seconds
[2019-12-09T04:43:56.188+0000][1][safepoint    ] Application time: 1.0000776 seconds
[2019-12-09T04:43:56.188+0000][1][safepoint    ] Entering safepoint region: Cleanup
[2019-12-09T04:43:56.188+0000][1][safepoint    ] Leaving safepoint region
[2019-12-09T04:43:56.188+0000][1][safepoint    ] Total time for which application threads were stopped: 0.0000921 seconds, Stopping threads took: 0.0000185 seconds
[2019-12-09T04:43:57.188+0000][1][safepoint    ] Application time: 1.0000750 seconds
[2019-12-09T04:43:57.188+0000][1][safepoint    ] Entering safepoint region: Cleanup
[2019-12-09T04:43:57.188+0000][1][safepoint    ] Leaving safepoint region
[2019-12-09T04:43:57.188+0000][1][safepoint    ] Total time for which application threads were stopped: 0.0000930 seconds, Stopping threads took: 0.0000192 seconds
[2019-12-09T04:43:58.188+0000][1][safepoint    ] Application time: 1.0000768 seconds
[2019-12-09T04:43:58.188+0000][1][safepoint    ] Entering safepoint region: Cleanup
[2019-12-09T04:43:58.188+0000][1][safepoint    ] Leaving safepoint region
[2019-12-09T04:43:58.188+0000][1][safepoint    ] Total time for which application threads were stopped: 0.0000912 seconds, Stopping threads took: 0.0000192 seconds
[2019-12-09T04:43:59.188+0000][1][safepoint    ] Application time: 1.0000756 seconds
[2019-12-09T04:43:59.188+0000][1][safepoint    ] Entering safepoint region: Cleanup
[2019-12-09T04:43:59.188+0000][1][safepoint    ] Leaving safepoint region
[2019-12-09T04:43:59.188+0000][1][safepoint    ] Total time for which application threads were stopped: 0.0000904 seconds, Stopping threads took: 0.0000175 seconds
[2019-12-09T04:44:00.189+0000][1][safepoint    ] Application time: 1.0000746 seconds
[2019-12-09T04:44:00.189+0000][1][safepoint    ] Entering safepoint region: Cleanup
[2019-12-09T04:44:00.189+0000][1][safepoint    ] Leaving safepoint region
[2019-12-09T04:44:00.189+0000][1][safepoint    ] Total time for which application threads were stopped: 0.0000900 seconds, Stopping threads took: 0.0000173 seconds
[2019-12-09T04:44:01.189+0000][1][safepoint    ] Application time: 1.0000800 seconds
[2019-12-09T04:44:01.189+0000][1][safepoint    ] Entering safepoint region: Cleanup
[2019-12-09T04:44:01.189+0000][1][safepoint    ] Leaving safepoint region
[2019-12-09T04:44:01.189+0000][1][safepoint    ] Total time for which application threads were stopped: 0.0000993 seconds, Stopping threads took: 0.0000264 seconds
[2019-12-09T04:44:02.189+0000][1][safepoint    ] Application time: 1.0000794 seconds
[2019-12-09T04:44:02.189+0000][1][safepoint    ] Entering safepoint region: Cleanup
[2019-12-09T04:44:02.189+0000][1][safepoint    ] Leaving safepoint region
[2019-12-09T04:44:02.189+0000][1][safepoint    ] Total time for which application threads were stopped: 0.0000918 seconds, Stopping threads took: 0.0000186 seconds
[2019-12-09T04:44:03.189+0000][1][safepoint    ] Application time: 1.0000776 seconds
[2019-12-09T04:44:03.189+0000][1][safepoint    ] Entering safepoint region: Cleanup
[2019-12-09T04:44:03.189+0000][1][safepoint    ] Leaving safepoint region
[2019-12-09T04:44:03.189+0000][1][safepoint    ] Total time for which application threads were stopped: 0.0000887 seconds, Stopping threads took: 0.0000176 seconds
[2019-12-09T04:44:04.189+0000][1][safepoint    ] Application time: 1.0000795 seconds
[2019-12-09T04:44:04.189+0000][1][safepoint    ] Entering safepoint region: Cleanup
[2019-12-09T04:44:04.190+0000][1][safepoint    ] Leaving safepoint region
[2019-12-09T04:44:04.190+0000][1][safepoint    ] Total time for which application threads were stopped: 0.0001041 seconds, Stopping threads took: 0.0000302 seconds
[2019-12-09T04:44:05.190+0000][1][safepoint    ] Application time: 1.0000784 seconds
[2019-12-09T04:44:05.190+0000][1][safepoint    ] Entering safepoint region: Cleanup
[2019-12-09T04:44:05.190+0000][1][safepoint    ] Leaving safepoint region
[2019-12-09T04:44:05.190+0000][1][safepoint    ] Total time for which application threads were stopped: 0.0001055 seconds, Stopping threads took: 0.0000189 seconds
[2019-12-09T04:44:06.190+0000][1][safepoint    ] Application time: 1.0000781 seconds
[2019-12-09T04:44:06.190+0000][1][safepoint    ] Entering safepoint region: Cleanup
[2019-12-09T04:44:06.190+0000][1][safepoint    ] Leaving safepoint region
[2019-12-09T04:44:06.190+0000][1][safepoint    ] Total time for which application threads were stopped: 0.0000955 seconds, Stopping threads took: 0.0000190 seconds
[2019-12-09T04:44:07.190+0000][1][safepoint    ] Application time: 1.0000780 seconds
[2019-12-09T04:44:07.190+0000][1][safepoint    ] Entering safepoint region: Cleanup
[2019-12-09T04:44:07.190+0000][1][safepoint    ] Leaving safepoint region
[2019-12-09T04:44:07.190+0000][1][safepoint    ] Total time for which application threads were stopped: 0.0000911 seconds, Stopping threads took: 0.0000189 seconds
[2019-12-09T04:44:08.190+0000][1][safepoint    ] Application time: 1.0000778 seconds
[2019-12-09T04:44:08.190+0000][1][safepoint    ] Entering safepoint region: Cleanup
[2019-12-09T04:44:08.190+0000][1][safepoint    ] Leaving safepoint region
[2019-12-09T04:44:08.190+0000][1][safepoint    ] Total time for which application threads were stopped: 0.0000909 seconds, Stopping threads took: 0.0000181 seconds
[2019-12-09T04:44:09.190+0000][1][safepoint    ] Application time: 1.0000772 seconds
[2019-12-09T04:44:09.191+0000][1][safepoint    ] Entering safepoint region: Cleanup
[2019-12-09T04:44:09.191+0000][1][safepoint    ] Leaving safepoint region
[2019-12-09T04:44:09.191+0000][1][safepoint    ] Total time for which application threads were stopped: 0.0000913 seconds, Stopping threads took: 0.0000178 seconds
[2019-12-09T04:44:10.191+0000][1][safepoint    ] Application time: 1.0000846 seconds
[2019-12-09T04:44:10.191+0000][1][safepoint    ] Entering safepoint region: Cleanup
[2019-12-09T04:44:10.191+0000][1][safepoint    ] Leaving safepoint region
[2019-12-09T04:44:10.191+0000][1][safepoint    ] Total time for which application threads were stopped: 0.0000916 seconds, Stopping threads took: 0.0000195 seconds
[2019-12-09T04:44:11.191+0000][1][safepoint    ] Application time: 1.0000761 seconds
[2019-12-09T04:44:11.191+0000][1][safepoint    ] Entering safepoint region: Cleanup
[2019-12-09T04:44:11.191+0000][1][safepoint    ] Leaving safepoint region
[2019-12-09T04:44:11.191+0000][1][safepoint    ] Total time for which application threads were stopped: 0.0000905 seconds, Stopping threads took: 0.0000179 seconds
[2019-12-09T04:44:12.191+0000][1][safepoint    ] Application time: 1.0000773 seconds
[2019-12-09T04:44:12.191+0000][1][safepoint    ] Entering safepoint region: Cleanup
[2019-12-09T04:44:12.191+0000][1][safepoint    ] Leaving safepoint region
[2019-12-09T04:44:12.191+0000][1][safepoint    ] Total time for which application threads were stopped: 0.0000963 seconds, Stopping threads took: 0.0000205 seconds
[2019-12-09T04:44:13.191+0000][1][safepoint    ] Application time: 1.0000780 seconds
[2019-12-09T04:44:13.191+0000][1][safepoint    ] Entering safepoint region: Cleanup
[2019-12-09T04:44:13.191+0000][1][safepoint    ] Leaving safepoint region
[2019-12-09T04:44:13.191+0000][1][safepoint    ] Total time for which application threads were stopped: 0.0000917 seconds, Stopping threads took: 0.0000191 seconds
[2019-12-09T04:44:14.192+0000][1][safepoint    ] Application time: 1.0000776 seconds
[2019-12-09T04:44:14.192+0000][1][safepoint    ] Entering safepoint region: Cleanup
[2019-12-09T04:44:14.192+0000][1][safepoint    ] Leaving safepoint region
[2019-12-09T04:44:14.192+0000][1][safepoint    ] Total time for which application threads were stopped: 0.0001107 seconds, Stopping threads took: 0.0000268 seconds
[2019-12-09T04:44:15.192+0000][1][safepoint    ] Application time: 1.0000752 seconds
[2019-12-09T04:44:15.192+0000][1][safepoint    ] Entering safepoint region: Cleanup
[2019-12-09T04:44:15.192+0000][1][safepoint    ] Leaving safepoint region
[2019-12-09T04:44:15.192+0000][1][safepoint    ] Total time for which application threads were stopped: 0.0000894 seconds, Stopping threads took: 0.0000180 seconds
[2019-12-09T04:44:16.192+0000][1][safepoint    ] Application time: 1.0000756 seconds
[2019-12-09T04:44:16.192+0000][1][safepoint    ] Entering safepoint region: Cleanup
[2019-12-09T04:44:16.192+0000][1][safepoint    ] Leaving safepoint region
[2019-12-09T04:44:16.192+0000][1][safepoint    ] Total time for which application threads were stopped: 0.0000917 seconds, Stopping threads took: 0.0000193 seconds
[2019-12-09T04:44:17.192+0000][1][safepoint    ] Application time: 1.0000753 seconds
[2019-12-09T04:44:17.192+0000][1][safepoint    ] Entering safepoint region: Cleanup
[2019-12-09T04:44:17.192+0000][1][safepoint    ] Leaving safepoint region
[2019-12-09T04:44:17.192+0000][1][safepoint    ] Total time for which application threads were stopped: 0.0000921 seconds, Stopping threads took: 0.0000194 seconds
[2019-12-09T04:44:18.192+0000][1][safepoint    ] Application time: 1.0000758 seconds
[2019-12-09T04:44:18.192+0000][1][safepoint    ] Entering safepoint region: Cleanup
[2019-12-09T04:44:18.193+0000][1][safepoint    ] Leaving safepoint region
[2019-12-09T04:44:18.193+0000][1][safepoint    ] Total time for which application threads were stopped: 0.0000937 seconds, Stopping threads took: 0.0000202 seconds
[2019-12-09T04:44:19.193+0000][1][safepoint    ] Application time: 1.0000786 seconds
[2019-12-09T04:44:19.193+0000][1][safepoint    ] Entering safepoint region: Cleanup
[2019-12-09T04:44:19.193+0000][1][safepoint    ] Leaving safepoint region
[2019-12-09T04:44:19.193+0000][1][safepoint    ] Total time for which application threads were stopped: 0.0000945 seconds, Stopping threads took: 0.0000207 seconds
[2019-12-09T04:44:20.193+0000][1][safepoint    ] Application time: 1.0000745 seconds
[2019-12-09T04:44:20.193+0000][1][safepoint    ] Entering safepoint region: Cleanup
[2019-12-09T04:44:20.193+0000][1][safepoint    ] Leaving safepoint region
[2019-12-09T04:44:20.193+0000][1][safepoint    ] Total time for which application threads were stopped: 0.0000984 seconds, Stopping threads took: 0.0000248 seconds
[2019-12-09T04:44:21.221+0000][1][safepoint    ] Application time: 1.0276102 seconds
[2019-12-09T04:44:21.221+0000][1][safepoint    ] Entering safepoint region: Cleanup
[2019-12-09T04:44:21.221+0000][1][safepoint    ] Leaving safepoint region
[2019-12-09T04:44:21.221+0000][1][safepoint    ] Total time for which application threads were stopped: 0.0001007 seconds, Stopping threads took: 0.0000181 seconds
[2019-12-09T04:44:22.221+0000][1][safepoint    ] Application time: 1.0000771 seconds
[2019-12-09T04:44:22.221+0000][1][safepoint    ] Entering safepoint region: Cleanup
[2019-12-09T04:44:22.221+0000][1][safepoint    ] Leaving safepoint region
[2019-12-09T04:44:22.221+0000][1][safepoint    ] Total time for which application threads were stopped: 0.0000904 seconds, Stopping threads took: 0.0000171 seconds
[2019-12-09T04:44:23.221+0000][1][safepoint    ] Application time: 1.0000778 seconds
[2019-12-09T04:44:23.221+0000][1][safepoint    ] Entering safepoint region: Cleanup
[2019-12-09T04:44:23.221+0000][1][safepoint    ] Leaving safepoint region
[2019-12-09T04:44:23.221+0000][1][safepoint    ] Total time for which application threads were stopped: 0.0000906 seconds, Stopping threads took: 0.0000170 seconds
[2019-12-09T04:44:24.221+0000][1][safepoint    ] Application time: 1.0000775 seconds
[2019-12-09T04:44:24.221+0000][1][safepoint    ] Entering safepoint region: Cleanup
[2019-12-09T04:44:24.221+0000][1][safepoint    ] Leaving safepoint region
[2019-12-09T04:44:24.221+0000][1][safepoint    ] Total time for which application threads were stopped: 0.0000986 seconds, Stopping threads took: 0.0000188 seconds
[2019-12-09T04:44:25.221+0000][1][safepoint    ] Application time: 1.0000756 seconds
[2019-12-09T04:44:25.222+0000][1][safepoint    ] Entering safepoint region: Cleanup
[2019-12-09T04:44:25.222+0000][1][safepoint    ] Leaving safepoint region
[2019-12-09T04:44:25.222+0000][1][safepoint    ] Total time for which application threads were stopped: 0.0000906 seconds, Stopping threads took: 0.0000178 seconds
[2019-12-09T04:44:26.222+0000][1][safepoint    ] Application time: 1.0000876 seconds
[2019-12-09T04:44:26.222+0000][1][safepoint    ] Entering safepoint region: Cleanup
[2019-12-09T04:44:26.222+0000][1][safepoint    ] Leaving safepoint region
[2019-12-09T04:44:26.222+0000][1][safepoint    ] Total time for which application threads were stopped: 0.0000913 seconds, Stopping threads took: 0.0000202 seconds
[2019-12-09T04:44:27.222+0000][1][safepoint    ] Application time: 1.0000775 seconds
[2019-12-09T04:44:27.222+0000][1][safepoint    ] Entering safepoint region: Cleanup
[2019-12-09T04:44:27.222+0000][1][safepoint    ] Leaving safepoint region
[2019-12-09T04:44:27.222+0000][1][safepoint    ] Total time for which application threads were stopped: 0.0000889 seconds, Stopping threads took: 0.0000183 seconds
[2019-12-09T04:44:28.222+0000][1][safepoint    ] Application time: 1.0000817 seconds
[2019-12-09T04:44:28.222+0000][1][safepoint    ] Entering safepoint region: Cleanup
[2019-12-09T04:44:28.222+0000][1][safepoint    ] Leaving safepoint region
[2019-12-09T04:44:28.222+0000][1][safepoint    ] Total time for which application threads were stopped: 0.0001296 seconds, Stopping threads took: 0.0000253 seconds
[2019-12-09T04:44:29.222+0000][1][safepoint    ] Application time: 1.0000781 seconds
[2019-12-09T04:44:29.222+0000][1][safepoint    ] Entering safepoint region: Cleanup
[2019-12-09T04:44:29.222+0000][1][safepoint    ] Leaving safepoint region
[2019-12-09T04:44:29.223+0000][1][safepoint    ] Total time for which application threads were stopped: 0.0000898 seconds, Stopping threads took: 0.0000176 seconds
[2019-12-09T04:44:30.223+0000][1][safepoint    ] Application time: 1.0000764 seconds
[2019-12-09T04:44:30.223+0000][1][safepoint    ] Entering safepoint region: Cleanup
[2019-12-09T04:44:30.223+0000][1][safepoint    ] Leaving safepoint region
[2019-12-09T04:44:30.223+0000][1][safepoint    ] Total time for which application threads were stopped: 0.0001026 seconds, Stopping threads took: 0.0000185 seconds
[2019-12-09T04:44:31.223+0000][1][safepoint    ] Application time: 1.0000771 seconds
[2019-12-09T04:44:31.223+0000][1][safepoint    ] Entering safepoint region: Cleanup
[2019-12-09T04:44:31.223+0000][1][safepoint    ] Leaving safepoint region
[2019-12-09T04:44:31.223+0000][1][safepoint    ] Total time for which application threads were stopped: 0.0000888 seconds, Stopping threads took: 0.0000178 seconds
[2019-12-09T04:44:32.223+0000][1][safepoint    ] Application time: 1.0000747 seconds
[2019-12-09T04:44:32.223+0000][1][safepoint    ] Entering safepoint region: Cleanup
[2019-12-09T04:44:32.223+0000][1][safepoint    ] Leaving safepoint region
[2019-12-09T04:44:32.223+0000][1][safepoint    ] Total time for which application threads were stopped: 0.0000901 seconds, Stopping threads took: 0.0000167 seconds
[2019-12-09T04:44:33.223+0000][1][safepoint    ] Application time: 1.0000764 seconds
[2019-12-09T04:44:33.223+0000][1][safepoint    ] Entering safepoint region: Cleanup
[2019-12-09T04:44:33.223+0000][1][safepoint    ] Leaving safepoint region
[2019-12-09T04:44:33.223+0000][1][safepoint    ] Total time for which application threads were stopped: 0.0000877 seconds, Stopping threads took: 0.0000178 seconds
[2019-12-09T04:44:34.223+0000][1][safepoint    ] Application time: 1.0000769 seconds
[2019-12-09T04:44:34.223+0000][1][safepoint    ] Entering safepoint region: Cleanup
[2019-12-09T04:44:34.224+0000][1][safepoint    ] Leaving safepoint region
[2019-12-09T04:44:34.224+0000][1][safepoint    ] Total time for which application threads were stopped: 0.0000954 seconds, Stopping threads took: 0.0000182 seconds
[2019-12-09T04:44:35.224+0000][1][safepoint    ] Application time: 1.0000786 seconds
[2019-12-09T04:44:35.224+0000][1][safepoint    ] Entering safepoint region: Cleanup
[2019-12-09T04:44:35.224+0000][1][safepoint    ] Leaving safepoint region
[2019-12-09T04:44:35.224+0000][1][safepoint    ] Total time for which application threads were stopped: 0.0000900 seconds, Stopping threads took: 0.0000190 seconds
[2019-12-09T04:44:36.224+0000][1][safepoint    ] Application time: 1.0000782 seconds
[2019-12-09T04:44:36.224+0000][1][safepoint    ] Entering safepoint region: Cleanup
[2019-12-09T04:44:36.224+0000][1][safepoint    ] Leaving safepoint region
[2019-12-09T04:44:36.224+0000][1][safepoint    ] Total time for which application threads were stopped: 0.0000916 seconds, Stopping threads took: 0.0000190 seconds
[2019-12-09T04:44:37.224+0000][1][safepoint    ] Application time: 1.0000773 seconds
[2019-12-09T04:44:37.224+0000][1][safepoint    ] Entering safepoint region: Cleanup
[2019-12-09T04:44:37.224+0000][1][safepoint    ] Leaving safepoint region
[2019-12-09T04:44:37.224+0000][1][safepoint    ] Total time for which application threads were stopped: 0.0001037 seconds, Stopping threads took: 0.0000184 seconds
[2019-12-09T04:44:38.224+0000][1][safepoint    ] Application time: 1.0000798 seconds
[2019-12-09T04:44:38.224+0000][1][safepoint    ] Entering safepoint region: Cleanup
[2019-12-09T04:44:38.224+0000][1][safepoint    ] Leaving safepoint region
[2019-12-09T04:44:38.224+0000][1][safepoint    ] Total time for which application threads were stopped: 0.0000915 seconds, Stopping threads took: 0.0000201 seconds
[2019-12-09T04:44:39.225+0000][1][safepoint    ] Application time: 1.0000810 seconds
[2019-12-09T04:44:39.225+0000][1][safepoint    ] Entering safepoint region: Cleanup
[2019-12-09T04:44:39.225+0000][1][safepoint    ] Leaving safepoint region
[2019-12-09T04:44:39.225+0000][1][safepoint    ] Total time for which application threads were stopped: 0.0000905 seconds, Stopping threads took: 0.0000179 seconds
[2019-12-09T04:44:40.225+0000][1][safepoint    ] Application time: 1.0000887 seconds
[2019-12-09T04:44:40.225+0000][1][safepoint    ] Entering safepoint region: Cleanup
[2019-12-09T04:44:40.225+0000][1][safepoint    ] Leaving safepoint region
[2019-12-09T04:44:40.225+0000][1][safepoint    ] Total time for which application threads were stopped: 0.0000899 seconds, Stopping threads took: 0.0000175 seconds
[2019-12-09T04:44:41.225+0000][1][safepoint    ] Application time: 1.0000771 seconds
[2019-12-09T04:44:41.225+0000][1][safepoint    ] Entering safepoint region: Cleanup
[2019-12-09T04:44:41.225+0000][1][safepoint    ] Leaving safepoint region
[2019-12-09T04:44:41.225+0000][1][safepoint    ] Total time for which application threads were stopped: 0.0000910 seconds, Stopping threads took: 0.0000181 seconds
[2019-12-09T04:44:42.225+0000][1][safepoint    ] Application time: 1.0000775 seconds
[2019-12-09T04:44:42.225+0000][1][safepoint    ] Entering safepoint region: Cleanup
[2019-12-09T04:44:42.225+0000][1][safepoint    ] Leaving safepoint region
[2019-12-09T04:44:42.225+0000][1][safepoint    ] Total time for which application threads were stopped: 0.0000913 seconds, Stopping threads took: 0.0000177 seconds
[2019-12-09T04:44:43.225+0000][1][safepoint    ] Application time: 1.0000774 seconds
[2019-12-09T04:44:43.225+0000][1][safepoint    ] Entering safepoint region: Cleanup
[2019-12-09T04:44:43.226+0000][1][safepoint    ] Leaving safepoint region
[2019-12-09T04:44:43.226+0000][1][safepoint    ] Total time for which application threads were stopped: 0.0000900 seconds, Stopping threads took: 0.0000178 seconds
[2019-12-09T04:44:44.226+0000][1][safepoint    ] Application time: 1.0000767 seconds
[2019-12-09T04:44:44.226+0000][1][safepoint    ] Entering safepoint region: Cleanup
[2019-12-09T04:44:44.226+0000][1][safepoint    ] Leaving safepoint region
[2019-12-09T04:44:44.226+0000][1][safepoint    ] Total time for which application threads were stopped: 0.0001051 seconds, Stopping threads took: 0.0000183 seconds
[2019-12-09T04:44:45.226+0000][1][safepoint    ] Application time: 1.0000774 seconds
[2019-12-09T04:44:45.226+0000][1][safepoint    ] Entering safepoint region: Cleanup
[2019-12-09T04:44:45.226+0000][1][safepoint    ] Leaving safepoint region
[2019-12-09T04:44:45.226+0000][1][safepoint    ] Total time for which application threads were stopped: 0.0000991 seconds, Stopping threads took: 0.0000192 seconds
[2019-12-09T04:44:46.226+0000][1][safepoint    ] Application time: 1.0000834 seconds
[2019-12-09T04:44:46.226+0000][1][safepoint    ] Entering safepoint region: Cleanup
[2019-12-09T04:44:46.226+0000][1][safepoint    ] Leaving safepoint region
[2019-12-09T04:44:46.226+0000][1][safepoint    ] Total time for which application threads were stopped: 0.0001220 seconds, Stopping threads took: 0.0000249 seconds
[2019-12-09T04:44:47.226+0000][1][safepoint    ] Application time: 1.0000769 seconds
[2019-12-09T04:44:47.226+0000][1][safepoint    ] Entering safepoint region: Cleanup
[2019-12-09T04:44:47.226+0000][1][safepoint    ] Leaving safepoint region
[2019-12-09T04:44:47.226+0000][1][safepoint    ] Total time for which application threads were stopped: 0.0001033 seconds, Stopping threads took: 0.0000169 seconds
[2019-12-09T04:44:48.227+0000][1][safepoint    ] Application time: 1.0000762 seconds
[2019-12-09T04:44:48.227+0000][1][safepoint    ] Entering safepoint region: Cleanup
[2019-12-09T04:44:48.227+0000][1][safepoint    ] Leaving safepoint region
[2019-12-09T04:44:48.227+0000][1][safepoint    ] Total time for which application threads were stopped: 0.0000908 seconds, Stopping threads took: 0.0000180 seconds
[2019-12-09T04:44:49.227+0000][1][safepoint    ] Application time: 1.0000774 seconds
[2019-12-09T04:44:49.227+0000][1][safepoint    ] Entering safepoint region: Cleanup
[2019-12-09T04:44:49.227+0000][1][safepoint    ] Leaving safepoint region
[2019-12-09T04:44:49.227+0000][1][safepoint    ] Total time for which application threads were stopped: 0.0000895 seconds, Stopping threads took: 0.0000184 seconds
[2019-12-09T04:44:50.227+0000][1][safepoint    ] Application time: 1.0000771 seconds
[2019-12-09T04:44:50.227+0000][1][safepoint    ] Entering safepoint region: Cleanup
[2019-12-09T04:44:50.227+0000][1][safepoint    ] Leaving safepoint region
[2019-12-09T04:44:50.227+0000][1][safepoint    ] Total time for which application threads were stopped: 0.0000984 seconds, Stopping threads took: 0.0000254 seconds
[2019-12-09T04:44:51.227+0000][1][safepoint    ] Application time: 1.0000773 seconds
[2019-12-09T04:44:51.227+0000][1][safepoint    ] Entering safepoint region: Cleanup
[2019-12-09T04:44:51.227+0000][1][safepoint    ] Leaving safepoint region
[2019-12-09T04:44:51.227+0000][1][safepoint    ] Total time for which application threads were stopped: 0.0000893 seconds, Stopping threads took: 0.0000182 seconds
[2019-12-09T04:44:52.673+0000][1][safepoint    ] Application time: 1.4459032 seconds
[2019-12-09T04:44:52.673+0000][1][safepoint    ] Entering safepoint region: Cleanup
[2019-12-09T04:44:52.673+0000][1][safepoint    ] Leaving safepoint region
[2019-12-09T04:44:52.673+0000][1][safepoint    ] Total time for which application threads were stopped: 0.0000876 seconds, Stopping threads took: 0.0000173 seconds
[2019-12-09T04:44:53.673+0000][1][safepoint    ] Application time: 1.0000783 seconds
[2019-12-09T04:44:53.673+0000][1][safepoint    ] Entering safepoint region: Cleanup
[2019-12-09T04:44:53.674+0000][1][safepoint    ] Leaving safepoint region
[2019-12-09T04:44:53.674+0000][1][safepoint    ] Total time for which application threads were stopped: 0.0000895 seconds, Stopping threads took: 0.0000187 seconds
[2019-12-09T04:44:54.674+0000][1][safepoint    ] Application time: 1.0000777 seconds
[2019-12-09T04:44:54.674+0000][1][safepoint    ] Entering safepoint region: Cleanup
[2019-12-09T04:44:54.674+0000][1][safepoint    ] Leaving safepoint region
[2019-12-09T04:44:54.674+0000][1][safepoint    ] Total time for which application threads were stopped: 0.0000974 seconds, Stopping threads took: 0.0000163 seconds
[2019-12-09T04:44:55.674+0000][1][safepoint    ] Application time: 1.0000753 seconds
[2019-12-09T04:44:55.674+0000][1][safepoint    ] Entering safepoint region: Cleanup
[2019-12-09T04:44:55.674+0000][1][safepoint    ] Leaving safepoint region
[2019-12-09T04:44:55.674+0000][1][safepoint    ] Total time for which application threads were stopped: 0.0000921 seconds, Stopping threads took: 0.0000188 seconds
[2019-12-09T04:44:56.674+0000][1][safepoint    ] Application time: 1.0000782 seconds
[2019-12-09T04:44:56.674+0000][1][safepoint    ] Entering safepoint region: Cleanup
[2019-12-09T04:44:56.674+0000][1][safepoint    ] Leaving safepoint region
[2019-12-09T04:44:56.674+0000][1][safepoint    ] Total time for which application threads were stopped: 0.0000911 seconds, Stopping threads took: 0.0000171 seconds
[2019-12-09T04:44:57.674+0000][1][safepoint    ] Application time: 1.0000779 seconds
[2019-12-09T04:44:57.674+0000][1][safepoint    ] Entering safepoint region: Cleanup
[2019-12-09T04:44:57.674+0000][1][safepoint    ] Leaving safepoint region
[2019-12-09T04:44:57.674+0000][1][safepoint    ] Total time for which application threads were stopped: 0.0000871 seconds, Stopping threads took: 0.0000170 seconds
[2019-12-09T04:44:58.674+0000][1][safepoint    ] Application time: 1.0000791 seconds
[2019-12-09T04:44:58.675+0000][1][safepoint    ] Entering safepoint region: Cleanup
[2019-12-09T04:44:58.675+0000][1][safepoint    ] Leaving safepoint region
[2019-12-09T04:44:58.675+0000][1][safepoint    ] Total time for which application threads were stopped: 0.0000898 seconds, Stopping threads took: 0.0000190 seconds
[2019-12-09T04:44:59.675+0000][1][safepoint    ] Application time: 1.0000878 seconds
[2019-12-09T04:44:59.675+0000][1][safepoint    ] Entering safepoint region: Cleanup
[2019-12-09T04:44:59.675+0000][1][safepoint    ] Leaving safepoint region
[2019-12-09T04:44:59.675+0000][1][safepoint    ] Total time for which application threads were stopped: 0.0000943 seconds, Stopping threads took: 0.0000199 seconds
[2019-12-09T04:45:00.675+0000][1][safepoint    ] Application time: 1.0000788 seconds
[2019-12-09T04:45:00.675+0000][1][safepoint    ] Entering safepoint region: Cleanup
[2019-12-09T04:45:00.675+0000][1][safepoint    ] Leaving safepoint region
[2019-12-09T04:45:00.675+0000][1][safepoint    ] Total time for which application threads were stopped: 0.0000905 seconds, Stopping threads took: 0.0000186 seconds
[2019-12-09T04:45:01.675+0000][1][safepoint    ] Application time: 1.0000804 seconds
[2019-12-09T04:45:01.675+0000][1][safepoint    ] Entering safepoint region: Cleanup
[2019-12-09T04:45:01.675+0000][1][safepoint    ] Leaving safepoint region
[2019-12-09T04:45:01.675+0000][1][safepoint    ] Total time for which application threads were stopped: 0.0000942 seconds, Stopping threads took: 0.0000196 seconds
[2019-12-09T04:45:02.675+0000][1][safepoint    ] Application time: 1.0000761 seconds
[2019-12-09T04:45:02.675+0000][1][safepoint    ] Entering safepoint region: Cleanup
[2019-12-09T04:45:02.675+0000][1][safepoint    ] Leaving safepoint region
[2019-12-09T04:45:02.675+0000][1][safepoint    ] Total time for which application threads were stopped: 0.0000921 seconds, Stopping threads took: 0.0000203 seconds
[2019-12-09T04:45:03.676+0000][1][safepoint    ] Application time: 1.0000772 seconds
[2019-12-09T04:45:03.676+0000][1][safepoint    ] Entering safepoint region: Cleanup
[2019-12-09T04:45:03.676+0000][1][safepoint    ] Leaving safepoint region
[2019-12-09T04:45:03.676+0000][1][safepoint    ] Total time for which application threads were stopped: 0.0001025 seconds, Stopping threads took: 0.0000197 seconds
[2019-12-09T04:45:04.676+0000][1][safepoint    ] Application time: 1.0000767 seconds
[2019-12-09T04:45:04.676+0000][1][safepoint    ] Entering safepoint region: Cleanup
[2019-12-09T04:45:04.676+0000][1][safepoint    ] Leaving safepoint region
[2019-12-09T04:45:04.676+0000][1][safepoint    ] Total time for which application threads were stopped: 0.0000908 seconds, Stopping threads took: 0.0000187 seconds
[2019-12-09T04:45:05.676+0000][1][safepoint    ] Application time: 1.0000769 seconds
[2019-12-09T04:45:05.676+0000][1][safepoint    ] Entering safepoint region: Cleanup
[2019-12-09T04:45:05.676+0000][1][safepoint    ] Leaving safepoint region
[2019-12-09T04:45:05.676+0000][1][safepoint    ] Total time for which application threads were stopped: 0.0000895 seconds, Stopping threads took: 0.0000180 seconds
[2019-12-09T04:45:06.676+0000][1][safepoint    ] Application time: 1.0000763 seconds
[2019-12-09T04:45:06.676+0000][1][safepoint    ] Entering safepoint region: Cleanup
[2019-12-09T04:45:06.676+0000][1][safepoint    ] Leaving safepoint region
[2019-12-09T04:45:06.676+0000][1][safepoint    ] Total time for which application threads were stopped: 0.0000900 seconds, Stopping threads took: 0.0000179 seconds
[2019-12-09T04:45:07.676+0000][1][safepoint    ] Application time: 1.0000749 seconds
[2019-12-09T04:45:07.676+0000][1][safepoint    ] Entering safepoint region: Cleanup
[2019-12-09T04:45:07.677+0000][1][safepoint    ] Leaving safepoint region
[2019-12-09T04:45:07.677+0000][1][safepoint    ] Total time for which application threads were stopped: 0.0000882 seconds, Stopping threads took: 0.0000182 seconds
[2019-12-09T04:45:08.677+0000][1][safepoint    ] Application time: 1.0000760 seconds
[2019-12-09T04:45:08.677+0000][1][safepoint    ] Entering safepoint region: Cleanup
[2019-12-09T04:45:08.677+0000][1][safepoint    ] Leaving safepoint region
[2019-12-09T04:45:08.677+0000][1][safepoint    ] Total time for which application threads were stopped: 0.0001024 seconds, Stopping threads took: 0.0000306 seconds
[2019-12-09T04:45:09.677+0000][1][safepoint    ] Application time: 1.0000778 seconds
[2019-12-09T04:45:09.677+0000][1][safepoint    ] Entering safepoint region: Cleanup
[2019-12-09T04:45:09.677+0000][1][safepoint    ] Leaving safepoint region
[2019-12-09T04:45:09.677+0000][1][safepoint    ] Total time for which application threads were stopped: 0.0001092 seconds, Stopping threads took: 0.0000200 seconds
[2019-12-09T04:45:10.677+0000][1][safepoint    ] Application time: 1.0000766 seconds
[2019-12-09T04:45:10.677+0000][1][safepoint    ] Entering safepoint region: Cleanup
[2019-12-09T04:45:10.677+0000][1][safepoint    ] Leaving safepoint region
[2019-12-09T04:45:10.677+0000][1][safepoint    ] Total time for which application threads were stopped: 0.0000898 seconds, Stopping threads took: 0.0000196 seconds
[2019-12-09T04:45:11.677+0000][1][safepoint    ] Application time: 1.0000777 seconds
[2019-12-09T04:45:11.677+0000][1][safepoint    ] Entering safepoint region: Cleanup
[2019-12-09T04:45:11.677+0000][1][safepoint    ] Leaving safepoint region
[2019-12-09T04:45:11.677+0000][1][safepoint    ] Total time for which application threads were stopped: 0.0000915 seconds, Stopping threads took: 0.0000193 seconds
[2019-12-09T04:45:12.678+0000][1][safepoint    ] Application time: 1.0000747 seconds
[2019-12-09T04:45:12.678+0000][1][safepoint    ] Entering safepoint region: Cleanup
[2019-12-09T04:45:12.678+0000][1][safepoint    ] Leaving safepoint region
[2019-12-09T04:45:12.678+0000][1][safepoint    ] Total time for which application threads were stopped: 0.0000955 seconds, Stopping threads took: 0.0000205 seconds
[2019-12-09T04:45:13.678+0000][1][safepoint    ] Application time: 1.0000769 seconds
[2019-12-09T04:45:13.678+0000][1][safepoint    ] Entering safepoint region: Cleanup
[2019-12-09T04:45:13.678+0000][1][safepoint    ] Leaving safepoint region
[2019-12-09T04:45:13.678+0000][1][safepoint    ] Total time for which application threads were stopped: 0.0000989 seconds, Stopping threads took: 0.0000227 seconds
[2019-12-09T04:45:14.678+0000][1][safepoint    ] Application time: 1.0000770 seconds
[2019-12-09T04:45:14.678+0000][1][safepoint    ] Entering safepoint region: Cleanup
[2019-12-09T04:45:14.678+0000][1][safepoint    ] Leaving safepoint region
[2019-12-09T04:45:14.678+0000][1][safepoint    ] Total time for which application threads were stopped: 0.0000894 seconds, Stopping threads took: 0.0000172 seconds
[2019-12-09T04:45:15.678+0000][1][safepoint    ] Application time: 1.0000786 seconds
[2019-12-09T04:45:15.678+0000][1][safepoint    ] Entering safepoint region: Cleanup
[2019-12-09T04:45:15.678+0000][1][safepoint    ] Leaving safepoint region
[2019-12-09T04:45:15.678+0000][1][safepoint    ] Total time for which application threads were stopped: 0.0001167 seconds, Stopping threads took: 0.0000260 seconds
[2019-12-09T04:45:16.678+0000][1][safepoint    ] Application time: 1.0000831 seconds
[2019-12-09T04:45:16.678+0000][1][safepoint    ] Entering safepoint region: Cleanup
[2019-12-09T04:45:16.679+0000][1][safepoint    ] Leaving safepoint region
[2019-12-09T04:45:16.679+0000][1][safepoint    ] Total time for which application threads were stopped: 0.0001331 seconds, Stopping threads took: 0.0000347 seconds
[2019-12-09T04:45:17.679+0000][1][safepoint    ] Application time: 1.0000827 seconds
[2019-12-09T04:45:17.679+0000][1][safepoint    ] Entering safepoint region: Cleanup
[2019-12-09T04:45:17.679+0000][1][safepoint    ] Leaving safepoint region
[2019-12-09T04:45:17.679+0000][1][safepoint    ] Total time for which application threads were stopped: 0.0000902 seconds, Stopping threads took: 0.0000194 seconds
[2019-12-09T04:45:18.679+0000][1][safepoint    ] Application time: 1.0000779 seconds
[2019-12-09T04:45:18.679+0000][1][safepoint    ] Entering safepoint region: Cleanup
[2019-12-09T04:45:18.679+0000][1][safepoint    ] Leaving safepoint region
[2019-12-09T04:45:18.679+0000][1][safepoint    ] Total time for which application threads were stopped: 0.0000932 seconds, Stopping threads took: 0.0000208 seconds
[2019-12-09T04:45:19.679+0000][1][safepoint    ] Application time: 1.0000759 seconds
[2019-12-09T04:45:19.679+0000][1][safepoint    ] Entering safepoint region: Cleanup
[2019-12-09T04:45:19.679+0000][1][safepoint    ] Leaving safepoint region
[2019-12-09T04:45:19.679+0000][1][safepoint    ] Total time for which application threads were stopped: 0.0000917 seconds, Stopping threads took: 0.0000192 seconds
[2019-12-09T04:45:20.679+0000][1][safepoint    ] Application time: 1.0000768 seconds
[2019-12-09T04:45:20.679+0000][1][safepoint    ] Entering safepoint region: Cleanup
[2019-12-09T04:45:20.679+0000][1][safepoint    ] Leaving safepoint region
[2019-12-09T04:45:20.679+0000][1][safepoint    ] Total time for which application threads were stopped: 0.0000878 seconds, Stopping threads took: 0.0000179 seconds
[2019-12-09T04:45:21.680+0000][1][safepoint    ] Application time: 1.0000776 seconds
[2019-12-09T04:45:21.680+0000][1][safepoint    ] Entering safepoint region: Cleanup
[2019-12-09T04:45:21.680+0000][1][safepoint    ] Leaving safepoint region
[2019-12-09T04:45:21.680+0000][1][safepoint    ] Total time for which application threads were stopped: 0.0000918 seconds, Stopping threads took: 0.0000184 seconds
[2019-12-09T04:45:22.680+0000][1][safepoint    ] Application time: 1.0000321 seconds
[2019-12-09T04:45:22.680+0000][1][safepoint    ] Entering safepoint region: Cleanup
[2019-12-09T04:45:22.680+0000][1][safepoint    ] Leaving safepoint region
[2019-12-09T04:45:22.680+0000][1][safepoint    ] Total time for which application threads were stopped: 0.0000901 seconds, Stopping threads took: 0.0000181 seconds
[2019-12-09T04:45:23.680+0000][1][safepoint    ] Application time: 1.0000768 seconds
[2019-12-09T04:45:23.680+0000][1][safepoint    ] Entering safepoint region: Cleanup
[2019-12-09T04:45:23.680+0000][1][safepoint    ] Leaving safepoint region
[2019-12-09T04:45:23.680+0000][1][safepoint    ] Total time for which application threads were stopped: 0.0000920 seconds, Stopping threads took: 0.0000188 seconds
[2019-12-09T04:45:24.680+0000][1][safepoint    ] Application time: 1.0000770 seconds
[2019-12-09T04:45:24.680+0000][1][safepoint    ] Entering safepoint region: Cleanup
[2019-12-09T04:45:24.680+0000][1][safepoint    ] Leaving safepoint region
[2019-12-09T04:45:24.680+0000][1][safepoint    ] Total time for which application threads were stopped: 0.0000907 seconds, Stopping threads took: 0.0000196 seconds
[2019-12-09T04:45:25.680+0000][1][safepoint    ] Application time: 1.0000773 seconds
[2019-12-09T04:45:25.680+0000][1][safepoint    ] Entering safepoint region: Cleanup
[2019-12-09T04:45:25.680+0000][1][safepoint    ] Leaving safepoint region
[2019-12-09T04:45:25.680+0000][1][safepoint    ] Total time for which application threads were stopped: 0.0000888 seconds, Stopping threads took: 0.0000189 seconds
[2019-12-09T04:45:25.698+0000][1][safepoint    ] Application time: 0.0178799 seconds
[2019-12-09T04:45:25.698+0000][1][safepoint    ] Entering safepoint region: GenCollectForAllocation
[2019-12-09T04:45:25.698+0000][1][gc,start     ] GC(58) Pause Young (Allocation Failure)
[2019-12-09T04:45:25.699+0000][1][gc,task      ] GC(58) Using 2 workers of 2 for evacuation
[2019-12-09T04:45:25.700+0000][1][gc,age       ] GC(58) Desired survivor size 4456448 bytes, new threshold 6 (max threshold 6)
[2019-12-09T04:45:25.700+0000][1][gc,age       ] GC(58) Age table with threshold 6 (max threshold 6)
[2019-12-09T04:45:25.700+0000][1][gc,age       ] GC(58) - age   1:       9944 bytes,       9944 total
[2019-12-09T04:45:25.700+0000][1][gc,age       ] GC(58) - age   2:       1568 bytes,      11512 total
[2019-12-09T04:45:25.700+0000][1][gc,age       ] GC(58) - age   3:       2264 bytes,      13776 total
[2019-12-09T04:45:25.700+0000][1][gc,age       ] GC(58) - age   4:       1976 bytes,      15752 total
[2019-12-09T04:45:25.700+0000][1][gc,age       ] GC(58) - age   5:        584 bytes,      16336 total
[2019-12-09T04:45:25.700+0000][1][gc,age       ] GC(58) - age   6:       3088 bytes,      19424 total
[2019-12-09T04:45:25.700+0000][1][gc,heap      ] GC(58) ParNew: 69931K->31K(78656K)
[2019-12-09T04:45:25.700+0000][1][gc,heap      ] GC(58) CMS: 75930K->75931K(174784K)
[2019-12-09T04:45:25.700+0000][1][gc,metaspace ] GC(58) Metaspace: 80165K->80165K(1122304K)
[2019-12-09T04:45:25.700+0000][1][gc           ] GC(58) Pause Young (Allocation Failure) 142M->74M(247M) 1.682ms
[2019-12-09T04:45:25.700+0000][1][gc,cpu       ] GC(58) User=0.00s Sys=0.00s Real=0.00s
[2019-12-09T04:45:25.700+0000][1][safepoint    ] Leaving safepoint region
[2019-12-09T04:45:25.700+0000][1][safepoint    ] Total time for which application threads were stopped: 0.0018418 seconds, Stopping threads took: 0.0000190 seconds
[2019-12-09T04:45:26.700+0000][1][safepoint    ] Application time: 1.0000837 seconds
[2019-12-09T04:45:26.700+0000][1][safepoint    ] Entering safepoint region: Cleanup
[2019-12-09T04:45:26.700+0000][1][safepoint    ] Leaving safepoint region
[2019-12-09T04:45:26.700+0000][1][safepoint    ] Total time for which application threads were stopped: 0.0000956 seconds, Stopping threads took: 0.0000239 seconds
[2019-12-09T04:45:27.701+0000][1][safepoint    ] Application time: 1.0000798 seconds
[2019-12-09T04:45:27.701+0000][1][safepoint    ] Entering safepoint region: Cleanup
[2019-12-09T04:45:27.701+0000][1][safepoint    ] Leaving safepoint region
[2019-12-09T04:45:27.701+0000][1][safepoint    ] Total time for which application threads were stopped: 0.0000866 seconds, Stopping threads took: 0.0000172 seconds
[2019-12-09T04:45:28.701+0000][1][safepoint    ] Application time: 1.0000759 seconds
[2019-12-09T04:45:28.701+0000][1][safepoint    ] Entering safepoint region: Cleanup
[2019-12-09T04:45:28.701+0000][1][safepoint    ] Leaving safepoint region
[2019-12-09T04:45:28.701+0000][1][safepoint    ] Total time for which application threads were stopped: 0.0000880 seconds, Stopping threads took: 0.0000176 seconds
[2019-12-09T04:45:29.701+0000][1][safepoint    ] Application time: 1.0000751 seconds
[2019-12-09T04:45:29.701+0000][1][safepoint    ] Entering safepoint region: Cleanup
[2019-12-09T04:45:29.701+0000][1][safepoint    ] Leaving safepoint region
[2019-12-09T04:45:29.701+0000][1][safepoint    ] Total time for which application threads were stopped: 0.0001011 seconds, Stopping threads took: 0.0000178 seconds
[2019-12-09T04:45:30.701+0000][1][safepoint    ] Application time: 1.0000759 seconds
[2019-12-09T04:45:30.701+0000][1][safepoint    ] Entering safepoint region: Cleanup
[2019-12-09T04:45:30.701+0000][1][safepoint    ] Leaving safepoint region
[2019-12-09T04:45:30.701+0000][1][safepoint    ] Total time for which application threads were stopped: 0.0000893 seconds, Stopping threads took: 0.0000176 seconds
[2019-12-09T04:45:31.701+0000][1][safepoint    ] Application time: 1.0000796 seconds
[2019-12-09T04:45:31.701+0000][1][safepoint    ] Entering safepoint region: Cleanup
[2019-12-09T04:45:31.702+0000][1][safepoint    ] Leaving safepoint region
[2019-12-09T04:45:31.702+0000][1][safepoint    ] Total time for which application threads were stopped: 0.0000880 seconds, Stopping threads took: 0.0000176 seconds
[2019-12-09T04:45:32.702+0000][1][safepoint    ] Application time: 1.0000769 seconds
[2019-12-09T04:45:32.702+0000][1][safepoint    ] Entering safepoint region: Cleanup
[2019-12-09T04:45:32.702+0000][1][safepoint    ] Leaving safepoint region
[2019-12-09T04:45:32.702+0000][1][safepoint    ] Total time for which application threads were stopped: 0.0000988 seconds, Stopping threads took: 0.0000171 seconds
[2019-12-09T04:45:33.702+0000][1][safepoint    ] Application time: 1.0000758 seconds
[2019-12-09T04:45:33.702+0000][1][safepoint    ] Entering safepoint region: Cleanup
[2019-12-09T04:45:33.702+0000][1][safepoint    ] Leaving safepoint region
[2019-12-09T04:45:33.702+0000][1][safepoint    ] Total time for which application threads were stopped: 0.0000829 seconds, Stopping threads took: 0.0000166 seconds
[2019-12-09T04:45:34.702+0000][1][safepoint    ] Application time: 1.0000773 seconds
[2019-12-09T04:45:34.702+0000][1][safepoint    ] Entering safepoint region: Cleanup
[2019-12-09T04:45:34.702+0000][1][safepoint    ] Leaving safepoint region
[2019-12-09T04:45:34.702+0000][1][safepoint    ] Total time for which application threads were stopped: 0.0000833 seconds, Stopping threads took: 0.0000161 seconds
[2019-12-09T04:45:35.702+0000][1][safepoint    ] Application time: 1.0000778 seconds
[2019-12-09T04:45:35.702+0000][1][safepoint    ] Entering safepoint region: Cleanup
[2019-12-09T04:45:35.702+0000][1][safepoint    ] Leaving safepoint region
[2019-12-09T04:45:35.702+0000][1][safepoint    ] Total time for which application threads were stopped: 0.0000841 seconds, Stopping threads took: 0.0000168 seconds
[2019-12-09T04:45:36.702+0000][1][safepoint    ] Application time: 1.0000781 seconds
[2019-12-09T04:45:36.702+0000][1][safepoint    ] Entering safepoint region: Cleanup
[2019-12-09T04:45:36.702+0000][1][safepoint    ] Leaving safepoint region
[2019-12-09T04:45:36.702+0000][1][safepoint    ] Total time for which application threads were stopped: 0.0000853 seconds, Stopping threads took: 0.0000161 seconds
[2019-12-09T04:45:37.703+0000][1][safepoint    ] Application time: 1.0000877 seconds
[2019-12-09T04:45:37.703+0000][1][safepoint    ] Entering safepoint region: Cleanup
[2019-12-09T04:45:37.703+0000][1][safepoint    ] Leaving safepoint region
[2019-12-09T04:45:37.703+0000][1][safepoint    ] Total time for which application threads were stopped: 0.0000950 seconds, Stopping threads took: 0.0000172 seconds
[2019-12-09T04:45:38.703+0000][1][safepoint    ] Application time: 1.0000784 seconds
[2019-12-09T04:45:38.703+0000][1][safepoint    ] Entering safepoint region: Cleanup
[2019-12-09T04:45:38.703+0000][1][safepoint    ] Leaving safepoint region
[2019-12-09T04:45:38.703+0000][1][safepoint    ] Total time for which application threads were stopped: 0.0000890 seconds, Stopping threads took: 0.0000179 seconds
[2019-12-09T04:45:39.703+0000][1][safepoint    ] Application time: 1.0000792 seconds
[2019-12-09T04:45:39.703+0000][1][safepoint    ] Entering safepoint region: Cleanup
[2019-12-09T04:45:39.703+0000][1][safepoint    ] Leaving safepoint region
[2019-12-09T04:45:39.703+0000][1][safepoint    ] Total time for which application threads were stopped: 0.0000892 seconds, Stopping threads took: 0.0000174 seconds
[2019-12-09T04:45:40.706+0000][1][safepoint    ] Application time: 1.0030372 seconds
[2019-12-09T04:45:40.706+0000][1][safepoint    ] Entering safepoint region: Cleanup
[2019-12-09T04:45:40.706+0000][1][safepoint    ] Leaving safepoint region
[2019-12-09T04:45:40.706+0000][1][safepoint    ] Total time for which application threads were stopped: 0.0000962 seconds, Stopping threads took: 0.0000248 seconds
[2019-12-09T04:45:41.706+0000][1][safepoint    ] Application time: 1.0000756 seconds
[2019-12-09T04:45:41.706+0000][1][safepoint    ] Entering safepoint region: Cleanup
[2019-12-09T04:45:41.706+0000][1][safepoint    ] Leaving safepoint region
[2019-12-09T04:45:41.706+0000][1][safepoint    ] Total time for which application threads were stopped: 0.0000829 seconds, Stopping threads took: 0.0000159 seconds
[2019-12-09T04:45:42.707+0000][1][safepoint    ] Application time: 1.0000741 seconds
[2019-12-09T04:45:42.707+0000][1][safepoint    ] Entering safepoint region: Cleanup
[2019-12-09T04:45:42.707+0000][1][safepoint    ] Leaving safepoint region
[2019-12-09T04:45:42.707+0000][1][safepoint    ] Total time for which application threads were stopped: 0.0000820 seconds, Stopping threads took: 0.0000152 seconds
[2019-12-09T04:45:43.707+0000][1][safepoint    ] Application time: 1.0000780 seconds
[2019-12-09T04:45:43.707+0000][1][safepoint    ] Entering safepoint region: Cleanup
[2019-12-09T04:45:43.707+0000][1][safepoint    ] Leaving safepoint region
[2019-12-09T04:45:43.707+0000][1][safepoint    ] Total time for which application threads were stopped: 0.0000882 seconds, Stopping threads took: 0.0000213 seconds
[2019-12-09T04:45:44.707+0000][1][safepoint    ] Application time: 1.0000824 seconds
[2019-12-09T04:45:44.707+0000][1][safepoint    ] Entering safepoint region: Cleanup
[2019-12-09T04:45:44.707+0000][1][safepoint    ] Leaving safepoint region
[2019-12-09T04:45:44.707+0000][1][safepoint    ] Total time for which application threads were stopped: 0.0001032 seconds, Stopping threads took: 0.0000292 seconds
[2019-12-09T04:45:45.707+0000][1][safepoint    ] Application time: 1.0000761 seconds
[2019-12-09T04:45:45.707+0000][1][safepoint    ] Entering safepoint region: Cleanup
[2019-12-09T04:45:45.707+0000][1][safepoint    ] Leaving safepoint region
[2019-12-09T04:45:45.707+0000][1][safepoint    ] Total time for which application threads were stopped: 0.0000931 seconds, Stopping threads took: 0.0000238 seconds
[2019-12-09T04:45:46.707+0000][1][safepoint    ] Application time: 1.0000593 seconds
[2019-12-09T04:45:46.707+0000][1][safepoint    ] Entering safepoint region: Cleanup
[2019-12-09T04:45:46.707+0000][1][safepoint    ] Leaving safepoint region
[2019-12-09T04:45:46.707+0000][1][safepoint    ] Total time for which application threads were stopped: 0.0000839 seconds, Stopping threads took: 0.0000177 seconds
[2019-12-09T04:45:47.708+0000][1][safepoint    ] Application time: 1.0000791 seconds
[2019-12-09T04:45:47.708+0000][1][safepoint    ] Entering safepoint region: Cleanup
[2019-12-09T04:45:47.708+0000][1][safepoint    ] Leaving safepoint region
[2019-12-09T04:45:47.708+0000][1][safepoint    ] Total time for which application threads were stopped: 0.0000854 seconds, Stopping threads took: 0.0000165 seconds
[2019-12-09T04:45:48.708+0000][1][safepoint    ] Application time: 1.0000774 seconds
[2019-12-09T04:45:48.708+0000][1][safepoint    ] Entering safepoint region: Cleanup
[2019-12-09T04:45:48.708+0000][1][safepoint    ] Leaving safepoint region
[2019-12-09T04:45:48.708+0000][1][safepoint    ] Total time for which application threads were stopped: 0.0000825 seconds, Stopping threads took: 0.0000167 seconds
[2019-12-09T04:45:49.708+0000][1][safepoint    ] Application time: 1.0000791 seconds
[2019-12-09T04:45:49.708+0000][1][safepoint    ] Entering safepoint region: Cleanup
[2019-12-09T04:45:49.708+0000][1][safepoint    ] Leaving safepoint region
[2019-12-09T04:45:49.708+0000][1][safepoint    ] Total time for which application threads were stopped: 0.0000999 seconds, Stopping threads took: 0.0000184 seconds
[2019-12-09T04:45:50.708+0000][1][safepoint    ] Application time: 1.0000793 seconds
[2019-12-09T04:45:50.708+0000][1][safepoint    ] Entering safepoint region: Cleanup
[2019-12-09T04:45:50.708+0000][1][safepoint    ] Leaving safepoint region
[2019-12-09T04:45:50.708+0000][1][safepoint    ] Total time for which application threads were stopped: 0.0000958 seconds, Stopping threads took: 0.0000254 seconds
[2019-12-09T04:45:51.708+0000][1][safepoint    ] Application time: 1.0000812 seconds
[2019-12-09T04:45:51.708+0000][1][safepoint    ] Entering safepoint region: Cleanup
[2019-12-09T04:45:51.708+0000][1][safepoint    ] Leaving safepoint region
[2019-12-09T04:45:51.708+0000][1][safepoint    ] Total time for which application threads were stopped: 0.0000854 seconds, Stopping threads took: 0.0000164 seconds
[2019-12-09T04:45:52.709+0000][1][safepoint    ] Application time: 1.0000886 seconds
[2019-12-09T04:45:52.709+0000][1][safepoint    ] Entering safepoint region: Cleanup
[2019-12-09T04:45:52.709+0000][1][safepoint    ] Leaving safepoint region
[2019-12-09T04:45:52.709+0000][1][safepoint    ] Total time for which application threads were stopped: 0.0001128 seconds, Stopping threads took: 0.0000258 seconds
[2019-12-09T04:45:53.709+0000][1][safepoint    ] Application time: 1.0000942 seconds
[2019-12-09T04:45:53.709+0000][1][safepoint    ] Entering safepoint region: Cleanup
[2019-12-09T04:45:53.709+0000][1][safepoint    ] Leaving safepoint region
[2019-12-09T04:45:53.709+0000][1][safepoint    ] Total time for which application threads were stopped: 0.0001079 seconds, Stopping threads took: 0.0000246 seconds
[2019-12-09T04:45:54.709+0000][1][safepoint    ] Application time: 1.0000899 seconds
[2019-12-09T04:45:54.709+0000][1][safepoint    ] Entering safepoint region: Cleanup
[2019-12-09T04:45:54.709+0000][1][safepoint    ] Leaving safepoint region
[2019-12-09T04:45:54.709+0000][1][safepoint    ] Total time for which application threads were stopped: 0.0001280 seconds, Stopping threads took: 0.0000266 seconds
[2019-12-09T04:45:55.709+0000][1][safepoint    ] Application time: 1.0000876 seconds
[2019-12-09T04:45:55.709+0000][1][safepoint    ] Entering safepoint region: Cleanup
[2019-12-09T04:45:55.709+0000][1][safepoint    ] Leaving safepoint region
[2019-12-09T04:45:55.709+0000][1][safepoint    ] Total time for which application threads were stopped: 0.0001263 seconds, Stopping threads took: 0.0000262 seconds
[2019-12-09T04:45:56.710+0000][1][safepoint    ] Application time: 1.0000855 seconds
[2019-12-09T04:45:56.710+0000][1][safepoint    ] Entering safepoint region: Cleanup
[2019-12-09T04:45:56.710+0000][1][safepoint    ] Leaving safepoint region
[2019-12-09T04:45:56.710+0000][1][safepoint    ] Total time for which application threads were stopped: 0.0001323 seconds, Stopping threads took: 0.0000190 seconds
[2019-12-09T04:45:57.710+0000][1][safepoint    ] Application time: 1.0000771 seconds
[2019-12-09T04:45:57.710+0000][1][safepoint    ] Entering safepoint region: Cleanup
[2019-12-09T04:45:57.710+0000][1][safepoint    ] Leaving safepoint region
[2019-12-09T04:45:57.710+0000][1][safepoint    ] Total time for which application threads were stopped: 0.0000969 seconds, Stopping threads took: 0.0000184 seconds
[2019-12-09T04:45:58.710+0000][1][safepoint    ] Application time: 1.0000813 seconds
[2019-12-09T04:45:58.710+0000][1][safepoint    ] Entering safepoint region: Cleanup
[2019-12-09T04:45:58.710+0000][1][safepoint    ] Leaving safepoint region
[2019-12-09T04:45:58.710+0000][1][safepoint    ] Total time for which application threads were stopped: 0.0001199 seconds, Stopping threads took: 0.0000251 seconds
[2019-12-09T04:45:59.710+0000][1][safepoint    ] Application time: 1.0001366 seconds
[2019-12-09T04:45:59.710+0000][1][safepoint    ] Entering safepoint region: Cleanup
[2019-12-09T04:45:59.710+0000][1][safepoint    ] Leaving safepoint region
[2019-12-09T04:45:59.711+0000][1][safepoint    ] Total time for which application threads were stopped: 0.0001287 seconds, Stopping threads took: 0.0000254 seconds
[2019-12-09T04:46:00.711+0000][1][safepoint    ] Application time: 1.0000847 seconds
[2019-12-09T04:46:00.711+0000][1][safepoint    ] Entering safepoint region: Cleanup
[2019-12-09T04:46:00.711+0000][1][safepoint    ] Leaving safepoint region
[2019-12-09T04:46:00.711+0000][1][safepoint    ] Total time for which application threads were stopped: 0.0001520 seconds, Stopping threads took: 0.0000355 seconds
[2019-12-09T04:46:01.711+0000][1][safepoint    ] Application time: 1.0000802 seconds
[2019-12-09T04:46:01.711+0000][1][safepoint    ] Entering safepoint region: Cleanup
[2019-12-09T04:46:01.711+0000][1][safepoint    ] Leaving safepoint region
[2019-12-09T04:46:01.711+0000][1][safepoint    ] Total time for which application threads were stopped: 0.0001107 seconds, Stopping threads took: 0.0000184 seconds
[2019-12-09T04:46:02.711+0000][1][safepoint    ] Application time: 1.0000823 seconds
[2019-12-09T04:46:02.711+0000][1][safepoint    ] Entering safepoint region: Cleanup
[2019-12-09T04:46:02.711+0000][1][safepoint    ] Leaving safepoint region
[2019-12-09T04:46:02.711+0000][1][safepoint    ] Total time for which application threads were stopped: 0.0001265 seconds, Stopping threads took: 0.0000269 seconds
[2019-12-09T04:46:03.711+0000][1][safepoint    ] Application time: 1.0000807 seconds
[2019-12-09T04:46:03.711+0000][1][safepoint    ] Entering safepoint region: Cleanup
[2019-12-09T04:46:03.712+0000][1][safepoint    ] Leaving safepoint region
[2019-12-09T04:46:03.712+0000][1][safepoint    ] Total time for which application threads were stopped: 0.0001277 seconds, Stopping threads took: 0.0000232 seconds
[2019-12-09T04:46:04.712+0000][1][safepoint    ] Application time: 1.0000787 seconds
[2019-12-09T04:46:04.712+0000][1][safepoint    ] Entering safepoint region: Cleanup
[2019-12-09T04:46:04.712+0000][1][safepoint    ] Leaving safepoint region
[2019-12-09T04:46:04.712+0000][1][safepoint    ] Total time for which application threads were stopped: 0.0000964 seconds, Stopping threads took: 0.0000179 seconds
[2019-12-09T04:46:05.712+0000][1][safepoint    ] Application time: 1.0000741 seconds
[2019-12-09T04:46:05.712+0000][1][safepoint    ] Entering safepoint region: Cleanup
[2019-12-09T04:46:05.712+0000][1][safepoint    ] Leaving safepoint region
[2019-12-09T04:46:05.712+0000][1][safepoint    ] Total time for which application threads were stopped: 0.0000859 seconds, Stopping threads took: 0.0000175 seconds
[2019-12-09T04:46:06.712+0000][1][safepoint    ] Application time: 1.0000774 seconds
[2019-12-09T04:46:06.712+0000][1][safepoint    ] Entering safepoint region: Cleanup
[2019-12-09T04:46:06.712+0000][1][safepoint    ] Leaving safepoint region
[2019-12-09T04:46:06.712+0000][1][safepoint    ] Total time for which application threads were stopped: 0.0000870 seconds, Stopping threads took: 0.0000179 seconds
[2019-12-09T04:46:07.712+0000][1][safepoint    ] Application time: 1.0000751 seconds
[2019-12-09T04:46:07.712+0000][1][safepoint    ] Entering safepoint region: Cleanup
[2019-12-09T04:46:07.712+0000][1][safepoint    ] Leaving safepoint region
[2019-12-09T04:46:07.712+0000][1][safepoint    ] Total time for which application threads were stopped: 0.0000860 seconds, Stopping threads took: 0.0000178 seconds
[2019-12-09T04:46:08.712+0000][1][safepoint    ] Application time: 1.0000760 seconds
[2019-12-09T04:46:08.712+0000][1][safepoint    ] Entering safepoint region: Cleanup
[2019-12-09T04:46:08.713+0000][1][safepoint    ] Leaving safepoint region
[2019-12-09T04:46:08.713+0000][1][safepoint    ] Total time for which application threads were stopped: 0.0000881 seconds, Stopping threads took: 0.0000176 seconds
[2019-12-09T04:46:09.713+0000][1][safepoint    ] Application time: 1.0000756 seconds
[2019-12-09T04:46:09.713+0000][1][safepoint    ] Entering safepoint region: Cleanup
[2019-12-09T04:46:09.713+0000][1][safepoint    ] Leaving safepoint region
[2019-12-09T04:46:09.713+0000][1][safepoint    ] Total time for which application threads were stopped: 0.0000965 seconds, Stopping threads took: 0.0000168 seconds
[2019-12-09T04:46:10.713+0000][1][safepoint    ] Application time: 1.0000763 seconds
[2019-12-09T04:46:10.713+0000][1][safepoint    ] Entering safepoint region: Cleanup
[2019-12-09T04:46:10.713+0000][1][safepoint    ] Leaving safepoint region
[2019-12-09T04:46:10.713+0000][1][safepoint    ] Total time for which application threads were stopped: 0.0000945 seconds, Stopping threads took: 0.0000175 seconds
[2019-12-09T04:46:12.460+0000][1][safepoint    ] Application time: 1.7465756 seconds
[2019-12-09T04:46:12.460+0000][1][safepoint    ] Entering safepoint region: Cleanup
[2019-12-09T04:46:12.460+0000][1][safepoint    ] Leaving safepoint region
[2019-12-09T04:46:12.460+0000][1][safepoint    ] Total time for which application threads were stopped: 0.0000883 seconds, Stopping threads took: 0.0000187 seconds
[2019-12-09T04:46:13.460+0000][1][safepoint    ] Application time: 1.0000760 seconds
[2019-12-09T04:46:13.460+0000][1][safepoint    ] Entering safepoint region: Cleanup
[2019-12-09T04:46:13.460+0000][1][safepoint    ] Leaving safepoint region
[2019-12-09T04:46:13.460+0000][1][safepoint    ] Total time for which application threads were stopped: 0.0000880 seconds, Stopping threads took: 0.0000183 seconds
[2019-12-09T04:46:14.460+0000][1][safepoint    ] Application time: 1.0000773 seconds
[2019-12-09T04:46:14.460+0000][1][safepoint    ] Entering safepoint region: Cleanup
[2019-12-09T04:46:14.460+0000][1][safepoint    ] Leaving safepoint region
[2019-12-09T04:46:14.460+0000][1][safepoint    ] Total time for which application threads were stopped: 0.0000872 seconds, Stopping threads took: 0.0000164 seconds
[2019-12-09T04:46:15.460+0000][1][safepoint    ] Application time: 1.0000745 seconds
[2019-12-09T04:46:15.460+0000][1][safepoint    ] Entering safepoint region: Cleanup
[2019-12-09T04:46:15.460+0000][1][safepoint    ] Leaving safepoint region
[2019-12-09T04:46:15.460+0000][1][safepoint    ] Total time for which application threads were stopped: 0.0000967 seconds, Stopping threads took: 0.0000249 seconds
[2019-12-09T04:46:16.460+0000][1][safepoint    ] Application time: 1.0000763 seconds
[2019-12-09T04:46:16.460+0000][1][safepoint    ] Entering safepoint region: Cleanup
[2019-12-09T04:46:16.460+0000][1][safepoint    ] Leaving safepoint region
[2019-12-09T04:46:16.460+0000][1][safepoint    ] Total time for which application threads were stopped: 0.0000917 seconds, Stopping threads took: 0.0000184 seconds
[2019-12-09T04:46:17.461+0000][1][safepoint    ] Application time: 1.0000759 seconds
[2019-12-09T04:46:17.461+0000][1][safepoint    ] Entering safepoint region: Cleanup
[2019-12-09T04:46:17.461+0000][1][safepoint    ] Leaving safepoint region
[2019-12-09T04:46:17.461+0000][1][safepoint    ] Total time for which application threads were stopped: 0.0000991 seconds, Stopping threads took: 0.0000185 seconds
[2019-12-09T04:46:18.461+0000][1][safepoint    ] Application time: 1.0000756 seconds
[2019-12-09T04:46:18.461+0000][1][safepoint    ] Entering safepoint region: Cleanup
[2019-12-09T04:46:18.461+0000][1][safepoint    ] Leaving safepoint region
[2019-12-09T04:46:18.461+0000][1][safepoint    ] Total time for which application threads were stopped: 0.0000899 seconds, Stopping threads took: 0.0000187 seconds
[2019-12-09T04:46:19.461+0000][1][safepoint    ] Application time: 1.0000765 seconds
[2019-12-09T04:46:19.461+0000][1][safepoint    ] Entering safepoint region: Cleanup
[2019-12-09T04:46:19.461+0000][1][safepoint    ] Leaving safepoint region
[2019-12-09T04:46:19.461+0000][1][safepoint    ] Total time for which application threads were stopped: 0.0000863 seconds, Stopping threads took: 0.0000172 seconds
[2019-12-09T04:46:20.461+0000][1][safepoint    ] Application time: 1.0000761 seconds
[2019-12-09T04:46:20.461+0000][1][safepoint    ] Entering safepoint region: Cleanup
[2019-12-09T04:46:20.461+0000][1][safepoint    ] Leaving safepoint region
[2019-12-09T04:46:20.461+0000][1][safepoint    ] Total time for which application threads were stopped: 0.0000902 seconds, Stopping threads took: 0.0000185 seconds
[2019-12-09T04:46:21.461+0000][1][safepoint    ] Application time: 1.0000848 seconds
[2019-12-09T04:46:21.461+0000][1][safepoint    ] Entering safepoint region: Cleanup
[2019-12-09T04:46:21.462+0000][1][safepoint    ] Leaving safepoint region
[2019-12-09T04:46:21.462+0000][1][safepoint    ] Total time for which application threads were stopped: 0.0001324 seconds, Stopping threads took: 0.0000258 seconds
[2019-12-09T04:46:22.462+0000][1][safepoint    ] Application time: 1.0000767 seconds
[2019-12-09T04:46:22.462+0000][1][safepoint    ] Entering safepoint region: Cleanup
[2019-12-09T04:46:22.462+0000][1][safepoint    ] Leaving safepoint region
[2019-12-09T04:46:22.462+0000][1][safepoint    ] Total time for which application threads were stopped: 0.0000878 seconds, Stopping threads took: 0.0000181 seconds
[2019-12-09T04:46:23.462+0000][1][safepoint    ] Application time: 1.0000768 seconds
[2019-12-09T04:46:23.462+0000][1][safepoint    ] Entering safepoint region: Cleanup
[2019-12-09T04:46:23.462+0000][1][safepoint    ] Leaving safepoint region
[2019-12-09T04:46:23.462+0000][1][safepoint    ] Total time for which application threads were stopped: 0.0000884 seconds, Stopping threads took: 0.0000167 seconds
[2019-12-09T04:46:24.462+0000][1][safepoint    ] Application time: 1.0000758 seconds
[2019-12-09T04:46:24.462+0000][1][safepoint    ] Entering safepoint region: Cleanup
[2019-12-09T04:46:24.462+0000][1][safepoint    ] Leaving safepoint region
[2019-12-09T04:46:24.462+0000][1][safepoint    ] Total time for which application threads were stopped: 0.0000906 seconds, Stopping threads took: 0.0000190 seconds
[2019-12-09T04:46:25.462+0000][1][safepoint    ] Application time: 1.0000733 seconds
[2019-12-09T04:46:25.462+0000][1][safepoint    ] Entering safepoint region: Cleanup
[2019-12-09T04:46:25.462+0000][1][safepoint    ] Leaving safepoint region
[2019-12-09T04:46:25.462+0000][1][safepoint    ] Total time for which application threads were stopped: 0.0000909 seconds, Stopping threads took: 0.0000176 seconds
[2019-12-09T04:46:26.463+0000][1][safepoint    ] Application time: 1.0000804 seconds
[2019-12-09T04:46:26.463+0000][1][safepoint    ] Entering safepoint region: Cleanup
[2019-12-09T04:46:26.463+0000][1][safepoint    ] Leaving safepoint region
[2019-12-09T04:46:26.463+0000][1][safepoint    ] Total time for which application threads were stopped: 0.0000918 seconds, Stopping threads took: 0.0000193 seconds
[2019-12-09T04:46:27.463+0000][1][safepoint    ] Application time: 1.0000589 seconds
[2019-12-09T04:46:27.463+0000][1][safepoint    ] Entering safepoint region: Cleanup
[2019-12-09T04:46:27.463+0000][1][safepoint    ] Leaving safepoint region
[2019-12-09T04:46:27.463+0000][1][safepoint    ] Total time for which application threads were stopped: 0.0000910 seconds, Stopping threads took: 0.0000173 seconds
[2019-12-09T04:46:28.463+0000][1][safepoint    ] Application time: 1.0000803 seconds
[2019-12-09T04:46:28.463+0000][1][safepoint    ] Entering safepoint region: Cleanup
[2019-12-09T04:46:28.463+0000][1][safepoint    ] Leaving safepoint region
[2019-12-09T04:46:28.463+0000][1][safepoint    ] Total time for which application threads were stopped: 0.0000922 seconds, Stopping threads took: 0.0000190 seconds
[2019-12-09T04:46:29.463+0000][1][safepoint    ] Application time: 1.0000664 seconds
[2019-12-09T04:46:29.463+0000][1][safepoint    ] Entering safepoint region: Cleanup
[2019-12-09T04:46:29.463+0000][1][safepoint    ] Leaving safepoint region
[2019-12-09T04:46:29.463+0000][1][safepoint    ] Total time for which application threads were stopped: 0.0000920 seconds, Stopping threads took: 0.0000198 seconds
[2019-12-09T04:46:30.463+0000][1][safepoint    ] Application time: 1.0000833 seconds
[2019-12-09T04:46:30.463+0000][1][safepoint    ] Entering safepoint region: Cleanup
[2019-12-09T04:46:30.463+0000][1][safepoint    ] Leaving safepoint region
[2019-12-09T04:46:30.463+0000][1][safepoint    ] Total time for which application threads were stopped: 0.0000900 seconds, Stopping threads took: 0.0000184 seconds
[2019-12-09T04:46:31.464+0000][1][safepoint    ] Application time: 1.0000841 seconds
[2019-12-09T04:46:31.464+0000][1][safepoint    ] Entering safepoint region: Cleanup
[2019-12-09T04:46:31.464+0000][1][safepoint    ] Leaving safepoint region
[2019-12-09T04:46:31.464+0000][1][safepoint    ] Total time for which application threads were stopped: 0.0001459 seconds, Stopping threads took: 0.0000254 seconds
[2019-12-09T04:46:32.464+0000][1][safepoint    ] Application time: 1.0000788 seconds
[2019-12-09T04:46:32.464+0000][1][safepoint    ] Entering safepoint region: Cleanup
[2019-12-09T04:46:32.464+0000][1][safepoint    ] Leaving safepoint region
[2019-12-09T04:46:32.464+0000][1][safepoint    ] Total time for which application threads were stopped: 0.0000886 seconds, Stopping threads took: 0.0000179 seconds
[2019-12-09T04:46:33.464+0000][1][safepoint    ] Application time: 1.0000780 seconds
[2019-12-09T04:46:33.464+0000][1][safepoint    ] Entering safepoint region: Cleanup
[2019-12-09T04:46:33.464+0000][1][safepoint    ] Leaving safepoint region
[2019-12-09T04:46:33.464+0000][1][safepoint    ] Total time for which application threads were stopped: 0.0000910 seconds, Stopping threads took: 0.0000190 seconds
[2019-12-09T04:46:34.464+0000][1][safepoint    ] Application time: 1.0000783 seconds
[2019-12-09T04:46:34.464+0000][1][safepoint    ] Entering safepoint region: Cleanup
[2019-12-09T04:46:34.464+0000][1][safepoint    ] Leaving safepoint region
[2019-12-09T04:46:34.464+0000][1][safepoint    ] Total time for which application threads were stopped: 0.0000896 seconds, Stopping threads took: 0.0000181 seconds
[2019-12-09T04:46:35.464+0000][1][safepoint    ] Application time: 1.0000782 seconds
[2019-12-09T04:46:35.465+0000][1][safepoint    ] Entering safepoint region: Cleanup
[2019-12-09T04:46:35.465+0000][1][safepoint    ] Leaving safepoint region
[2019-12-09T04:46:35.465+0000][1][safepoint    ] Total time for which application threads were stopped: 0.0000894 seconds, Stopping threads took: 0.0000192 seconds
[2019-12-09T04:46:36.465+0000][1][safepoint    ] Application time: 1.0000833 seconds
[2019-12-09T04:46:36.465+0000][1][safepoint    ] Entering safepoint region: Cleanup
[2019-12-09T04:46:36.465+0000][1][safepoint    ] Leaving safepoint region
[2019-12-09T04:46:36.465+0000][1][safepoint    ] Total time for which application threads were stopped: 0.0000909 seconds, Stopping threads took: 0.0000189 seconds
[2019-12-09T04:46:37.465+0000][1][safepoint    ] Application time: 1.0000784 seconds
[2019-12-09T04:46:37.465+0000][1][safepoint    ] Entering safepoint region: Cleanup
[2019-12-09T04:46:37.465+0000][1][safepoint    ] Leaving safepoint region
[2019-12-09T04:46:37.465+0000][1][safepoint    ] Total time for which application threads were stopped: 0.0000894 seconds, Stopping threads took: 0.0000180 seconds
[2019-12-09T04:46:38.465+0000][1][safepoint    ] Application time: 1.0000770 seconds
[2019-12-09T04:46:38.465+0000][1][safepoint    ] Entering safepoint region: Cleanup
[2019-12-09T04:46:38.465+0000][1][safepoint    ] Leaving safepoint region
[2019-12-09T04:46:38.465+0000][1][safepoint    ] Total time for which application threads were stopped: 0.0000902 seconds, Stopping threads took: 0.0000183 seconds
[2019-12-09T04:46:39.465+0000][1][safepoint    ] Application time: 1.0000802 seconds
[2019-12-09T04:46:39.465+0000][1][safepoint    ] Entering safepoint region: Cleanup
[2019-12-09T04:46:39.465+0000][1][safepoint    ] Leaving safepoint region
[2019-12-09T04:46:39.465+0000][1][safepoint    ] Total time for which application threads were stopped: 0.0000907 seconds, Stopping threads took: 0.0000190 seconds
[2019-12-09T04:46:40.466+0000][1][safepoint    ] Application time: 1.0000784 seconds
[2019-12-09T04:46:40.466+0000][1][safepoint    ] Entering safepoint region: Cleanup
[2019-12-09T04:46:40.466+0000][1][safepoint    ] Leaving safepoint region
[2019-12-09T04:46:40.466+0000][1][safepoint    ] Total time for which application threads were stopped: 0.0000886 seconds, Stopping threads took: 0.0000187 seconds
[2019-12-09T04:46:41.466+0000][1][safepoint    ] Application time: 1.0000806 seconds
[2019-12-09T04:46:41.466+0000][1][safepoint    ] Entering safepoint region: Cleanup
[2019-12-09T04:46:41.466+0000][1][safepoint    ] Leaving safepoint region
[2019-12-09T04:46:41.466+0000][1][safepoint    ] Total time for which application threads were stopped: 0.0001201 seconds, Stopping threads took: 0.0000245 seconds
[2019-12-09T04:46:42.466+0000][1][safepoint    ] Application time: 1.0000755 seconds
[2019-12-09T04:46:42.466+0000][1][safepoint    ] Entering safepoint region: Cleanup
[2019-12-09T04:46:42.466+0000][1][safepoint    ] Leaving safepoint region
[2019-12-09T04:46:42.466+0000][1][safepoint    ] Total time for which application threads were stopped: 0.0000886 seconds, Stopping threads took: 0.0000174 seconds
[2019-12-09T04:46:43.466+0000][1][safepoint    ] Application time: 1.0000751 seconds
[2019-12-09T04:46:43.466+0000][1][safepoint    ] Entering safepoint region: Cleanup
[2019-12-09T04:46:43.466+0000][1][safepoint    ] Leaving safepoint region
[2019-12-09T04:46:43.466+0000][1][safepoint    ] Total time for which application threads were stopped: 0.0000896 seconds, Stopping threads took: 0.0000184 seconds
[2019-12-09T04:46:44.466+0000][1][safepoint    ] Application time: 1.0000770 seconds
[2019-12-09T04:46:44.466+0000][1][safepoint    ] Entering safepoint region: Cleanup
[2019-12-09T04:46:44.467+0000][1][safepoint    ] Leaving safepoint region
[2019-12-09T04:46:44.467+0000][1][safepoint    ] Total time for which application threads were stopped: 0.0000877 seconds, Stopping threads took: 0.0000183 seconds
[2019-12-09T04:46:45.467+0000][1][safepoint    ] Application time: 1.0000753 seconds
[2019-12-09T04:46:45.467+0000][1][safepoint    ] Entering safepoint region: Cleanup
[2019-12-09T04:46:45.467+0000][1][safepoint    ] Leaving safepoint region
[2019-12-09T04:46:45.467+0000][1][safepoint    ] Total time for which application threads were stopped: 0.0001064 seconds, Stopping threads took: 0.0000351 seconds
[2019-12-09T04:46:46.467+0000][1][safepoint    ] Application time: 1.0000752 seconds
[2019-12-09T04:46:46.467+0000][1][safepoint    ] Entering safepoint region: Cleanup
[2019-12-09T04:46:46.467+0000][1][safepoint    ] Leaving safepoint region
[2019-12-09T04:46:46.467+0000][1][safepoint    ] Total time for which application threads were stopped: 0.0000869 seconds, Stopping threads took: 0.0000177 seconds
[2019-12-09T04:46:47.467+0000][1][safepoint    ] Application time: 1.0000774 seconds
[2019-12-09T04:46:47.467+0000][1][safepoint    ] Entering safepoint region: Cleanup
[2019-12-09T04:46:47.467+0000][1][safepoint    ] Leaving safepoint region
[2019-12-09T04:46:47.467+0000][1][safepoint    ] Total time for which application threads were stopped: 0.0000871 seconds, Stopping threads took: 0.0000178 seconds
[2019-12-09T04:46:48.467+0000][1][safepoint    ] Application time: 1.0000756 seconds
[2019-12-09T04:46:48.467+0000][1][safepoint    ] Entering safepoint region: Cleanup
[2019-12-09T04:46:48.467+0000][1][safepoint    ] Leaving safepoint region
[2019-12-09T04:46:48.467+0000][1][safepoint    ] Total time for which application threads were stopped: 0.0000922 seconds, Stopping threads took: 0.0000195 seconds
[2019-12-09T04:46:49.467+0000][1][safepoint    ] Application time: 1.0000776 seconds
[2019-12-09T04:46:49.468+0000][1][safepoint    ] Entering safepoint region: Cleanup
[2019-12-09T04:46:49.468+0000][1][safepoint    ] Leaving safepoint region
[2019-12-09T04:46:49.468+0000][1][safepoint    ] Total time for which application threads were stopped: 0.0000878 seconds, Stopping threads took: 0.0000179 seconds
[2019-12-09T04:46:50.468+0000][1][safepoint    ] Application time: 1.0000819 seconds
[2019-12-09T04:46:50.468+0000][1][safepoint    ] Entering safepoint region: Cleanup
[2019-12-09T04:46:50.468+0000][1][safepoint    ] Leaving safepoint region
[2019-12-09T04:46:50.468+0000][1][safepoint    ] Total time for which application threads were stopped: 0.0000887 seconds, Stopping threads took: 0.0000169 seconds
[2019-12-09T04:46:51.468+0000][1][safepoint    ] Application time: 1.0000873 seconds
[2019-12-09T04:46:51.468+0000][1][safepoint    ] Entering safepoint region: Cleanup
[2019-12-09T04:46:51.468+0000][1][safepoint    ] Leaving safepoint region
[2019-12-09T04:46:51.468+0000][1][safepoint    ] Total time for which application threads were stopped: 0.0001277 seconds, Stopping threads took: 0.0000253 seconds
[2019-12-09T04:46:52.468+0000][1][safepoint    ] Application time: 1.0000812 seconds
[2019-12-09T04:46:52.468+0000][1][safepoint    ] Entering safepoint region: Cleanup
[2019-12-09T04:46:52.468+0000][1][safepoint    ] Leaving safepoint region
[2019-12-09T04:46:52.468+0000][1][safepoint    ] Total time for which application threads were stopped: 0.0000895 seconds, Stopping threads took: 0.0000179 seconds
[2019-12-09T04:46:53.468+0000][1][safepoint    ] Application time: 1.0000765 seconds
[2019-12-09T04:46:53.468+0000][1][safepoint    ] Entering safepoint region: Cleanup
[2019-12-09T04:46:53.469+0000][1][safepoint    ] Leaving safepoint region
[2019-12-09T04:46:53.469+0000][1][safepoint    ] Total time for which application threads were stopped: 0.0000888 seconds, Stopping threads took: 0.0000168 seconds
[2019-12-09T04:46:54.469+0000][1][safepoint    ] Application time: 1.0000858 seconds
[2019-12-09T04:46:54.469+0000][1][safepoint    ] Entering safepoint region: Cleanup
[2019-12-09T04:46:54.469+0000][1][safepoint    ] Leaving safepoint region
[2019-12-09T04:46:54.469+0000][1][safepoint    ] Total time for which application threads were stopped: 0.0000991 seconds, Stopping threads took: 0.0000177 seconds
[2019-12-09T04:46:55.469+0000][1][safepoint    ] Application time: 1.0000780 seconds
[2019-12-09T04:46:55.469+0000][1][safepoint    ] Entering safepoint region: Cleanup
[2019-12-09T04:46:55.469+0000][1][safepoint    ] Leaving safepoint region
[2019-12-09T04:46:55.469+0000][1][safepoint    ] Total time for which application threads were stopped: 0.0000873 seconds, Stopping threads took: 0.0000178 seconds
[2019-12-09T04:46:56.469+0000][1][safepoint    ] Application time: 1.0000756 seconds
[2019-12-09T04:46:56.469+0000][1][safepoint    ] Entering safepoint region: Cleanup
[2019-12-09T04:46:56.469+0000][1][safepoint    ] Leaving safepoint region
[2019-12-09T04:46:56.469+0000][1][safepoint    ] Total time for which application threads were stopped: 0.0000974 seconds, Stopping threads took: 0.0000209 seconds
[2019-12-09T04:46:57.469+0000][1][safepoint    ] Application time: 1.0000762 seconds
[2019-12-09T04:46:57.469+0000][1][safepoint    ] Entering safepoint region: Cleanup
[2019-12-09T04:46:57.469+0000][1][safepoint    ] Leaving safepoint region
[2019-12-09T04:46:57.469+0000][1][safepoint    ] Total time for which application threads were stopped: 0.0000988 seconds, Stopping threads took: 0.0000186 seconds
[2019-12-09T04:46:58.469+0000][1][safepoint    ] Application time: 1.0000792 seconds
[2019-12-09T04:46:58.470+0000][1][safepoint    ] Entering safepoint region: Cleanup
[2019-12-09T04:46:58.470+0000][1][safepoint    ] Leaving safepoint region
[2019-12-09T04:46:58.470+0000][1][safepoint    ] Total time for which application threads were stopped: 0.0000900 seconds, Stopping threads took: 0.0000180 seconds
[2019-12-09T04:46:59.470+0000][1][safepoint    ] Application time: 1.0000867 seconds
[2019-12-09T04:46:59.470+0000][1][safepoint    ] Entering safepoint region: Cleanup
[2019-12-09T04:46:59.470+0000][1][safepoint    ] Leaving safepoint region
[2019-12-09T04:46:59.470+0000][1][safepoint    ] Total time for which application threads were stopped: 0.0001005 seconds, Stopping threads took: 0.0000196 seconds
[2019-12-09T04:47:00.470+0000][1][safepoint    ] Application time: 1.0000767 seconds
[2019-12-09T04:47:00.470+0000][1][safepoint    ] Entering safepoint region: Cleanup
[2019-12-09T04:47:00.470+0000][1][safepoint    ] Leaving safepoint region
[2019-12-09T04:47:00.470+0000][1][safepoint    ] Total time for which application threads were stopped: 0.0000901 seconds, Stopping threads took: 0.0000173 seconds
[2019-12-09T04:47:01.470+0000][1][safepoint    ] Application time: 1.0000824 seconds
[2019-12-09T04:47:01.470+0000][1][safepoint    ] Entering safepoint region: Cleanup
[2019-12-09T04:47:01.470+0000][1][safepoint    ] Leaving safepoint region
[2019-12-09T04:47:01.470+0000][1][safepoint    ] Total time for which application threads were stopped: 0.0000882 seconds, Stopping threads took: 0.0000180 seconds
[2019-12-09T04:47:02.470+0000][1][safepoint    ] Application time: 1.0000754 seconds
[2019-12-09T04:47:02.470+0000][1][safepoint    ] Entering safepoint region: Cleanup
[2019-12-09T04:47:02.470+0000][1][safepoint    ] Leaving safepoint region
[2019-12-09T04:47:02.470+0000][1][safepoint    ] Total time for which application threads were stopped: 0.0000902 seconds, Stopping threads took: 0.0000188 seconds
[2019-12-09T04:47:03.471+0000][1][safepoint    ] Application time: 1.0000813 seconds
[2019-12-09T04:47:03.471+0000][1][safepoint    ] Entering safepoint region: Cleanup
[2019-12-09T04:47:03.471+0000][1][safepoint    ] Leaving safepoint region
[2019-12-09T04:47:03.471+0000][1][safepoint    ] Total time for which application threads were stopped: 0.0001020 seconds, Stopping threads took: 0.0000193 seconds
[2019-12-09T04:47:04.471+0000][1][safepoint    ] Application time: 1.0000769 seconds
[2019-12-09T04:47:04.471+0000][1][safepoint    ] Entering safepoint region: Cleanup
[2019-12-09T04:47:04.471+0000][1][safepoint    ] Leaving safepoint region
[2019-12-09T04:47:04.471+0000][1][safepoint    ] Total time for which application threads were stopped: 0.0000887 seconds, Stopping threads took: 0.0000179 seconds
[2019-12-09T04:47:05.471+0000][1][safepoint    ] Application time: 1.0000747 seconds
[2019-12-09T04:47:05.471+0000][1][safepoint    ] Entering safepoint region: Cleanup
[2019-12-09T04:47:05.471+0000][1][safepoint    ] Leaving safepoint region
[2019-12-09T04:47:05.471+0000][1][safepoint    ] Total time for which application threads were stopped: 0.0000906 seconds, Stopping threads took: 0.0000180 seconds
[2019-12-09T04:47:06.471+0000][1][safepoint    ] Application time: 1.0000759 seconds
[2019-12-09T04:47:06.471+0000][1][safepoint    ] Entering safepoint region: Cleanup
[2019-12-09T04:47:06.471+0000][1][safepoint    ] Leaving safepoint region
[2019-12-09T04:47:06.471+0000][1][safepoint    ] Total time for which application threads were stopped: 0.0000908 seconds, Stopping threads took: 0.0000179 seconds
[2019-12-09T04:47:07.471+0000][1][safepoint    ] Application time: 1.0000759 seconds
[2019-12-09T04:47:07.471+0000][1][safepoint    ] Entering safepoint region: Cleanup
[2019-12-09T04:47:07.472+0000][1][safepoint    ] Leaving safepoint region
[2019-12-09T04:47:07.472+0000][1][safepoint    ] Total time for which application threads were stopped: 0.0000895 seconds, Stopping threads took: 0.0000192 seconds
[2019-12-09T04:47:08.472+0000][1][safepoint    ] Application time: 1.0000835 seconds
[2019-12-09T04:47:08.472+0000][1][safepoint    ] Entering safepoint region: Cleanup
[2019-12-09T04:47:08.472+0000][1][safepoint    ] Leaving safepoint region
[2019-12-09T04:47:08.472+0000][1][safepoint    ] Total time for which application threads were stopped: 0.0000975 seconds, Stopping threads took: 0.0000270 seconds
[2019-12-09T04:47:09.472+0000][1][safepoint    ] Application time: 1.0000757 seconds
[2019-12-09T04:47:09.472+0000][1][safepoint    ] Entering safepoint region: Cleanup
[2019-12-09T04:47:09.472+0000][1][safepoint    ] Leaving safepoint region
[2019-12-09T04:47:09.472+0000][1][safepoint    ] Total time for which application threads were stopped: 0.0000900 seconds, Stopping threads took: 0.0000191 seconds
[2019-12-09T04:47:10.472+0000][1][safepoint    ] Application time: 1.0000823 seconds
[2019-12-09T04:47:10.472+0000][1][safepoint    ] Entering safepoint region: Cleanup
[2019-12-09T04:47:10.472+0000][1][safepoint    ] Leaving safepoint region
[2019-12-09T04:47:10.472+0000][1][safepoint    ] Total time for which application threads were stopped: 0.0000908 seconds, Stopping threads took: 0.0000178 seconds
[2019-12-09T04:47:11.472+0000][1][safepoint    ] Application time: 1.0000806 seconds
[2019-12-09T04:47:11.472+0000][1][safepoint    ] Entering safepoint region: Cleanup
[2019-12-09T04:47:11.472+0000][1][safepoint    ] Leaving safepoint region
[2019-12-09T04:47:11.472+0000][1][safepoint    ] Total time for which application threads were stopped: 0.0000872 seconds, Stopping threads took: 0.0000176 seconds
[2019-12-09T04:47:12.472+0000][1][safepoint    ] Application time: 1.0000782 seconds
[2019-12-09T04:47:12.473+0000][1][safepoint    ] Entering safepoint region: Cleanup
[2019-12-09T04:47:12.473+0000][1][safepoint    ] Leaving safepoint region
[2019-12-09T04:47:12.473+0000][1][safepoint    ] Total time for which application threads were stopped: 0.0000910 seconds, Stopping threads took: 0.0000191 seconds
[2019-12-09T04:47:13.473+0000][1][safepoint    ] Application time: 1.0000804 seconds
[2019-12-09T04:47:13.473+0000][1][safepoint    ] Entering safepoint region: Cleanup
[2019-12-09T04:47:13.473+0000][1][safepoint    ] Leaving safepoint region
[2019-12-09T04:47:13.473+0000][1][safepoint    ] Total time for which application threads were stopped: 0.0000974 seconds, Stopping threads took: 0.0000179 seconds
[2019-12-09T04:47:14.473+0000][1][safepoint    ] Application time: 1.0000797 seconds
[2019-12-09T04:47:14.473+0000][1][safepoint    ] Entering safepoint region: Cleanup
[2019-12-09T04:47:14.473+0000][1][safepoint    ] Leaving safepoint region
[2019-12-09T04:47:14.473+0000][1][safepoint    ] Total time for which application threads were stopped: 0.0000895 seconds, Stopping threads took: 0.0000184 seconds
[2019-12-09T04:47:15.473+0000][1][safepoint    ] Application time: 1.0000786 seconds
[2019-12-09T04:47:15.473+0000][1][safepoint    ] Entering safepoint region: Cleanup
[2019-12-09T04:47:15.473+0000][1][safepoint    ] Leaving safepoint region
[2019-12-09T04:47:15.473+0000][1][safepoint    ] Total time for which application threads were stopped: 0.0000950 seconds, Stopping threads took: 0.0000224 seconds
[2019-12-09T04:47:16.473+0000][1][safepoint    ] Application time: 1.0000873 seconds
[2019-12-09T04:47:16.473+0000][1][safepoint    ] Entering safepoint region: Cleanup
[2019-12-09T04:47:16.474+0000][1][safepoint    ] Leaving safepoint region
[2019-12-09T04:47:16.474+0000][1][safepoint    ] Total time for which application threads were stopped: 0.0001277 seconds, Stopping threads took: 0.0000266 seconds
[2019-12-09T04:47:17.101+0000][1][safepoint    ] Application time: 0.6276401 seconds
[2019-12-09T04:47:17.101+0000][1][safepoint    ] Entering safepoint region: GenCollectForAllocation
[2019-12-09T04:47:17.101+0000][1][gc,start     ] GC(59) Pause Young (Allocation Failure)
[2019-12-09T04:47:17.101+0000][1][gc,task      ] GC(59) Using 2 workers of 2 for evacuation
[2019-12-09T04:47:17.103+0000][1][gc,age       ] GC(59) Desired survivor size 4456448 bytes, new threshold 6 (max threshold 6)
[2019-12-09T04:47:17.103+0000][1][gc,age       ] GC(59) Age table with threshold 6 (max threshold 6)
[2019-12-09T04:47:17.103+0000][1][gc,age       ] GC(59) - age   1:       9832 bytes,       9832 total
[2019-12-09T04:47:17.103+0000][1][gc,age       ] GC(59) - age   2:       1792 bytes,      11624 total
[2019-12-09T04:47:17.103+0000][1][gc,age       ] GC(59) - age   3:       1448 bytes,      13072 total
[2019-12-09T04:47:17.103+0000][1][gc,age       ] GC(59) - age   4:       2144 bytes,      15216 total
[2019-12-09T04:47:17.103+0000][1][gc,age       ] GC(59) - age   5:       1976 bytes,      17192 total
[2019-12-09T04:47:17.103+0000][1][gc,age       ] GC(59) - age   6:        584 bytes,      17776 total
[2019-12-09T04:47:17.103+0000][1][gc,heap      ] GC(59) ParNew: 69983K->29K(78656K)
[2019-12-09T04:47:17.103+0000][1][gc,heap      ] GC(59) CMS: 75931K->75934K(174784K)
[2019-12-09T04:47:17.103+0000][1][gc,metaspace ] GC(59) Metaspace: 80172K->80172K(1122304K)
[2019-12-09T04:47:17.103+0000][1][gc           ] GC(59) Pause Young (Allocation Failure) 142M->74M(247M) 1.735ms
[2019-12-09T04:47:17.103+0000][1][gc,cpu       ] GC(59) User=0.01s Sys=0.00s Real=0.00s
[2019-12-09T04:47:17.103+0000][1][safepoint    ] Leaving safepoint region
[2019-12-09T04:47:17.103+0000][1][safepoint    ] Total time for which application threads were stopped: 0.0018942 seconds, Stopping threads took: 0.0000179 seconds
[2019-12-09T04:47:18.103+0000][1][safepoint    ] Application time: 1.0000874 seconds
[2019-12-09T04:47:18.103+0000][1][safepoint    ] Entering safepoint region: Cleanup
[2019-12-09T04:47:18.103+0000][1][safepoint    ] Leaving safepoint region
[2019-12-09T04:47:18.103+0000][1][safepoint    ] Total time for which application threads were stopped: 0.0000997 seconds, Stopping threads took: 0.0000278 seconds
[2019-12-09T04:47:19.103+0000][1][safepoint    ] Application time: 1.0000826 seconds
[2019-12-09T04:47:19.103+0000][1][safepoint    ] Entering safepoint region: Cleanup
[2019-12-09T04:47:19.104+0000][1][safepoint    ] Leaving safepoint region
[2019-12-09T04:47:19.104+0000][1][safepoint    ] Total time for which application threads were stopped: 0.0001136 seconds, Stopping threads took: 0.0000232 seconds
[2019-12-09T04:47:20.104+0000][1][safepoint    ] Application time: 1.0000873 seconds
[2019-12-09T04:47:20.104+0000][1][safepoint    ] Entering safepoint region: Cleanup
[2019-12-09T04:47:20.104+0000][1][safepoint    ] Leaving safepoint region
[2019-12-09T04:47:20.104+0000][1][safepoint    ] Total time for which application threads were stopped: 0.0000903 seconds, Stopping threads took: 0.0000185 seconds
[2019-12-09T04:47:21.104+0000][1][safepoint    ] Application time: 1.0000764 seconds
[2019-12-09T04:47:21.104+0000][1][safepoint    ] Entering safepoint region: Cleanup
[2019-12-09T04:47:21.104+0000][1][safepoint    ] Leaving safepoint region
[2019-12-09T04:47:21.104+0000][1][safepoint    ] Total time for which application threads were stopped: 0.0000915 seconds, Stopping threads took: 0.0000192 seconds
[2019-12-09T04:47:22.104+0000][1][safepoint    ] Application time: 1.0000840 seconds
[2019-12-09T04:47:22.104+0000][1][safepoint    ] Entering safepoint region: Cleanup
[2019-12-09T04:47:22.104+0000][1][safepoint    ] Leaving safepoint region
[2019-12-09T04:47:22.104+0000][1][safepoint    ] Total time for which application threads were stopped: 0.0001457 seconds, Stopping threads took: 0.0000654 seconds
[2019-12-09T04:47:23.104+0000][1][safepoint    ] Application time: 1.0000833 seconds
[2019-12-09T04:47:23.104+0000][1][safepoint    ] Entering safepoint region: Cleanup
[2019-12-09T04:47:23.105+0000][1][safepoint    ] Leaving safepoint region
[2019-12-09T04:47:23.105+0000][1][safepoint    ] Total time for which application threads were stopped: 0.0000915 seconds, Stopping threads took: 0.0000184 seconds
[2019-12-09T04:47:24.105+0000][1][safepoint    ] Application time: 1.0000766 seconds
[2019-12-09T04:47:24.105+0000][1][safepoint    ] Entering safepoint region: Cleanup
[2019-12-09T04:47:24.105+0000][1][safepoint    ] Leaving safepoint region
[2019-12-09T04:47:24.105+0000][1][safepoint    ] Total time for which application threads were stopped: 0.0001017 seconds, Stopping threads took: 0.0000177 seconds
[2019-12-09T04:47:25.105+0000][1][safepoint    ] Application time: 1.0000734 seconds
[2019-12-09T04:47:25.105+0000][1][safepoint    ] Entering safepoint region: Cleanup
[2019-12-09T04:47:25.105+0000][1][safepoint    ] Leaving safepoint region
[2019-12-09T04:47:25.105+0000][1][safepoint    ] Total time for which application threads were stopped: 0.0000900 seconds, Stopping threads took: 0.0000177 seconds
[2019-12-09T04:47:26.105+0000][1][safepoint    ] Application time: 1.0000749 seconds
[2019-12-09T04:47:26.105+0000][1][safepoint    ] Entering safepoint region: Cleanup
[2019-12-09T04:47:26.105+0000][1][safepoint    ] Leaving safepoint region
[2019-12-09T04:47:26.105+0000][1][safepoint    ] Total time for which application threads were stopped: 0.0000900 seconds, Stopping threads took: 0.0000178 seconds
[2019-12-09T04:47:27.414+0000][1][safepoint    ] Application time: 1.3088257 seconds
[2019-12-09T04:47:27.414+0000][1][safepoint    ] Entering safepoint region: Cleanup
[2019-12-09T04:47:27.414+0000][1][safepoint    ] Leaving safepoint region
[2019-12-09T04:47:27.414+0000][1][safepoint    ] Total time for which application threads were stopped: 0.0000910 seconds, Stopping threads took: 0.0000156 seconds
[2019-12-09T04:47:28.414+0000][1][safepoint    ] Application time: 1.0000743 seconds
[2019-12-09T04:47:28.414+0000][1][safepoint    ] Entering safepoint region: Cleanup
[2019-12-09T04:47:28.414+0000][1][safepoint    ] Leaving safepoint region
[2019-12-09T04:47:28.414+0000][1][safepoint    ] Total time for which application threads were stopped: 0.0000967 seconds, Stopping threads took: 0.0000243 seconds
[2019-12-09T04:47:29.415+0000][1][safepoint    ] Application time: 1.0008706 seconds
[2019-12-09T04:47:29.415+0000][1][safepoint    ] Entering safepoint region: Cleanup
[2019-12-09T04:47:29.415+0000][1][safepoint    ] Leaving safepoint region
[2019-12-09T04:47:29.415+0000][1][safepoint    ] Total time for which application threads were stopped: 0.0001206 seconds, Stopping threads took: 0.0000235 seconds
[2019-12-09T04:47:30.415+0000][1][safepoint    ] Application time: 1.0000754 seconds
[2019-12-09T04:47:30.416+0000][1][safepoint    ] Entering safepoint region: Cleanup
[2019-12-09T04:47:30.416+0000][1][safepoint    ] Leaving safepoint region
[2019-12-09T04:47:30.416+0000][1][safepoint    ] Total time for which application threads were stopped: 0.0001025 seconds, Stopping threads took: 0.0000177 seconds
[2019-12-09T04:47:31.416+0000][1][safepoint    ] Application time: 1.0000813 seconds
[2019-12-09T04:47:31.416+0000][1][safepoint    ] Entering safepoint region: Cleanup
[2019-12-09T04:47:31.416+0000][1][safepoint    ] Leaving safepoint region
[2019-12-09T04:47:31.416+0000][1][safepoint    ] Total time for which application threads were stopped: 0.0000894 seconds, Stopping threads took: 0.0000192 seconds
[2019-12-09T04:47:32.416+0000][1][safepoint    ] Application time: 1.0000830 seconds
[2019-12-09T04:47:32.416+0000][1][safepoint    ] Entering safepoint region: Cleanup
[2019-12-09T04:47:32.416+0000][1][safepoint    ] Leaving safepoint region
[2019-12-09T04:47:32.416+0000][1][safepoint    ] Total time for which application threads were stopped: 0.0001208 seconds, Stopping threads took: 0.0000253 seconds
[2019-12-09T04:47:33.416+0000][1][safepoint    ] Application time: 1.0000760 seconds
[2019-12-09T04:47:33.416+0000][1][safepoint    ] Entering safepoint region: Cleanup
[2019-12-09T04:47:33.416+0000][1][safepoint    ] Leaving safepoint region
[2019-12-09T04:47:33.416+0000][1][safepoint    ] Total time for which application threads were stopped: 0.0000912 seconds, Stopping threads took: 0.0000196 seconds
[2019-12-09T04:47:34.416+0000][1][safepoint    ] Application time: 1.0000748 seconds
[2019-12-09T04:47:34.416+0000][1][safepoint    ] Entering safepoint region: Cleanup
[2019-12-09T04:47:34.416+0000][1][safepoint    ] Leaving safepoint region
[2019-12-09T04:47:34.416+0000][1][safepoint    ] Total time for which application threads were stopped: 0.0000903 seconds, Stopping threads took: 0.0000190 seconds
[2019-12-09T04:47:35.417+0000][1][safepoint    ] Application time: 1.0000744 seconds
[2019-12-09T04:47:35.417+0000][1][safepoint    ] Entering safepoint region: Cleanup
[2019-12-09T04:47:35.417+0000][1][safepoint    ] Leaving safepoint region
[2019-12-09T04:47:35.417+0000][1][safepoint    ] Total time for which application threads were stopped: 0.0001005 seconds, Stopping threads took: 0.0000171 seconds
[2019-12-09T04:47:36.417+0000][1][safepoint    ] Application time: 1.0000761 seconds
[2019-12-09T04:47:36.417+0000][1][safepoint    ] Entering safepoint region: Cleanup
[2019-12-09T04:47:36.417+0000][1][safepoint    ] Leaving safepoint region
[2019-12-09T04:47:36.417+0000][1][safepoint    ] Total time for which application threads were stopped: 0.0000888 seconds, Stopping threads took: 0.0000186 seconds
[2019-12-09T04:47:37.417+0000][1][safepoint    ] Application time: 1.0000752 seconds
[2019-12-09T04:47:37.417+0000][1][safepoint    ] Entering safepoint region: Cleanup
[2019-12-09T04:47:37.417+0000][1][safepoint    ] Leaving safepoint region
[2019-12-09T04:47:37.417+0000][1][safepoint    ] Total time for which application threads were stopped: 0.0000899 seconds, Stopping threads took: 0.0000169 seconds
[2019-12-09T04:47:38.417+0000][1][safepoint    ] Application time: 1.0000764 seconds
[2019-12-09T04:47:38.417+0000][1][safepoint    ] Entering safepoint region: Cleanup
[2019-12-09T04:47:38.417+0000][1][safepoint    ] Leaving safepoint region
[2019-12-09T04:47:38.417+0000][1][safepoint    ] Total time for which application threads were stopped: 0.0000987 seconds, Stopping threads took: 0.0000256 seconds
[2019-12-09T04:47:39.417+0000][1][safepoint    ] Application time: 1.0000756 seconds
[2019-12-09T04:47:39.417+0000][1][safepoint    ] Entering safepoint region: Cleanup
[2019-12-09T04:47:39.418+0000][1][safepoint    ] Leaving safepoint region
[2019-12-09T04:47:39.418+0000][1][safepoint    ] Total time for which application threads were stopped: 0.0000911 seconds, Stopping threads took: 0.0000186 seconds
[2019-12-09T04:47:40.418+0000][1][safepoint    ] Application time: 1.0000771 seconds
[2019-12-09T04:47:40.418+0000][1][safepoint    ] Entering safepoint region: Cleanup
[2019-12-09T04:47:40.418+0000][1][safepoint    ] Leaving safepoint region
[2019-12-09T04:47:40.418+0000][1][safepoint    ] Total time for which application threads were stopped: 0.0000907 seconds, Stopping threads took: 0.0000194 seconds
[2019-12-09T04:47:41.418+0000][1][safepoint    ] Application time: 1.0000766 seconds
[2019-12-09T04:47:41.418+0000][1][safepoint    ] Entering safepoint region: Cleanup
[2019-12-09T04:47:41.418+0000][1][safepoint    ] Leaving safepoint region
[2019-12-09T04:47:41.418+0000][1][safepoint    ] Total time for which application threads were stopped: 0.0000897 seconds, Stopping threads took: 0.0000177 seconds
[2019-12-09T04:47:42.418+0000][1][safepoint    ] Application time: 1.0000767 seconds
[2019-12-09T04:47:42.418+0000][1][safepoint    ] Entering safepoint region: Cleanup
[2019-12-09T04:47:42.418+0000][1][safepoint    ] Leaving safepoint region
[2019-12-09T04:47:42.418+0000][1][safepoint    ] Total time for which application threads were stopped: 0.0000871 seconds, Stopping threads took: 0.0000171 seconds
[2019-12-09T04:47:43.418+0000][1][safepoint    ] Application time: 1.0000760 seconds
[2019-12-09T04:47:43.418+0000][1][safepoint    ] Entering safepoint region: Cleanup
[2019-12-09T04:47:43.418+0000][1][safepoint    ] Leaving safepoint region
[2019-12-09T04:47:43.418+0000][1][safepoint    ] Total time for which application threads were stopped: 0.0000894 seconds, Stopping threads took: 0.0000168 seconds
[2019-12-09T04:47:44.419+0000][1][safepoint    ] Application time: 1.0000761 seconds
[2019-12-09T04:47:44.419+0000][1][safepoint    ] Entering safepoint region: Cleanup
[2019-12-09T04:47:44.419+0000][1][safepoint    ] Leaving safepoint region
[2019-12-09T04:47:44.419+0000][1][safepoint    ] Total time for which application threads were stopped: 0.0000896 seconds, Stopping threads took: 0.0000185 seconds
[2019-12-09T04:47:45.419+0000][1][safepoint    ] Application time: 1.0000789 seconds
[2019-12-09T04:47:45.419+0000][1][safepoint    ] Entering safepoint region: Cleanup
[2019-12-09T04:47:45.419+0000][1][safepoint    ] Leaving safepoint region
[2019-12-09T04:47:45.419+0000][1][safepoint    ] Total time for which application threads were stopped: 0.0000901 seconds, Stopping threads took: 0.0000187 seconds
[2019-12-09T04:47:46.419+0000][1][safepoint    ] Application time: 1.0000777 seconds
[2019-12-09T04:47:46.419+0000][1][safepoint    ] Entering safepoint region: Cleanup
[2019-12-09T04:47:46.419+0000][1][safepoint    ] Leaving safepoint region
[2019-12-09T04:47:46.419+0000][1][safepoint    ] Total time for which application threads were stopped: 0.0000923 seconds, Stopping threads took: 0.0000193 seconds
[2019-12-09T04:47:47.419+0000][1][safepoint    ] Application time: 1.0000769 seconds
[2019-12-09T04:47:47.419+0000][1][safepoint    ] Entering safepoint region: Cleanup
[2019-12-09T04:47:47.419+0000][1][safepoint    ] Leaving safepoint region
[2019-12-09T04:47:47.419+0000][1][safepoint    ] Total time for which application threads were stopped: 0.0000896 seconds, Stopping threads took: 0.0000183 seconds
[2019-12-09T04:47:48.419+0000][1][safepoint    ] Application time: 1.0000773 seconds
[2019-12-09T04:47:48.419+0000][1][safepoint    ] Entering safepoint region: Cleanup
[2019-12-09T04:47:48.419+0000][1][safepoint    ] Leaving safepoint region
[2019-12-09T04:47:48.419+0000][1][safepoint    ] Total time for which application threads were stopped: 0.0000970 seconds, Stopping threads took: 0.0000259 seconds
[2019-12-09T04:47:49.420+0000][1][safepoint    ] Application time: 1.0000758 seconds
[2019-12-09T04:47:49.420+0000][1][safepoint    ] Entering safepoint region: Cleanup
[2019-12-09T04:47:49.420+0000][1][safepoint    ] Leaving safepoint region
[2019-12-09T04:47:49.420+0000][1][safepoint    ] Total time for which application threads were stopped: 0.0001008 seconds, Stopping threads took: 0.0000176 seconds
[2019-12-09T04:47:50.420+0000][1][safepoint    ] Application time: 1.0000760 seconds
[2019-12-09T04:47:50.420+0000][1][safepoint    ] Entering safepoint region: Cleanup
[2019-12-09T04:47:50.420+0000][1][safepoint    ] Leaving safepoint region
[2019-12-09T04:47:50.420+0000][1][safepoint    ] Total time for which application threads were stopped: 0.0000863 seconds, Stopping threads took: 0.0000173 seconds
[2019-12-09T04:47:51.420+0000][1][safepoint    ] Application time: 1.0000848 seconds
[2019-12-09T04:47:51.420+0000][1][safepoint    ] Entering safepoint region: Cleanup
[2019-12-09T04:47:51.420+0000][1][safepoint    ] Leaving safepoint region
[2019-12-09T04:47:51.420+0000][1][safepoint    ] Total time for which application threads were stopped: 0.0001186 seconds, Stopping threads took: 0.0000240 seconds
[2019-12-09T04:47:52.420+0000][1][safepoint    ] Application time: 1.0000774 seconds
[2019-12-09T04:47:52.420+0000][1][safepoint    ] Entering safepoint region: Cleanup
[2019-12-09T04:47:52.420+0000][1][safepoint    ] Leaving safepoint region
[2019-12-09T04:47:52.420+0000][1][safepoint    ] Total time for which application threads were stopped: 0.0000888 seconds, Stopping threads took: 0.0000173 seconds
[2019-12-09T04:47:53.420+0000][1][safepoint    ] Application time: 1.0000762 seconds
[2019-12-09T04:47:53.421+0000][1][safepoint    ] Entering safepoint region: Cleanup
[2019-12-09T04:47:53.421+0000][1][safepoint    ] Leaving safepoint region
[2019-12-09T04:47:53.421+0000][1][safepoint    ] Total time for which application threads were stopped: 0.0000873 seconds, Stopping threads took: 0.0000168 seconds
[2019-12-09T04:47:54.421+0000][1][safepoint    ] Application time: 1.0000763 seconds
[2019-12-09T04:47:54.421+0000][1][safepoint    ] Entering safepoint region: Cleanup
[2019-12-09T04:47:54.421+0000][1][safepoint    ] Leaving safepoint region
[2019-12-09T04:47:54.421+0000][1][safepoint    ] Total time for which application threads were stopped: 0.0000917 seconds, Stopping threads took: 0.0000185 seconds
[2019-12-09T04:47:55.421+0000][1][safepoint    ] Application time: 1.0000755 seconds
[2019-12-09T04:47:55.421+0000][1][safepoint    ] Entering safepoint region: Cleanup
[2019-12-09T04:47:55.421+0000][1][safepoint    ] Leaving safepoint region
[2019-12-09T04:47:55.421+0000][1][safepoint    ] Total time for which application threads were stopped: 0.0000845 seconds, Stopping threads took: 0.0000176 seconds
[2019-12-09T04:47:56.421+0000][1][safepoint    ] Application time: 1.0000762 seconds
[2019-12-09T04:47:56.421+0000][1][safepoint    ] Entering safepoint region: Cleanup
[2019-12-09T04:47:56.421+0000][1][safepoint    ] Leaving safepoint region
[2019-12-09T04:47:56.421+0000][1][safepoint    ] Total time for which application threads were stopped: 0.0000941 seconds, Stopping threads took: 0.0000194 seconds
[2019-12-09T04:47:57.421+0000][1][safepoint    ] Application time: 1.0000818 seconds
[2019-12-09T04:47:57.421+0000][1][safepoint    ] Entering safepoint region: Cleanup
[2019-12-09T04:47:57.421+0000][1][safepoint    ] Leaving safepoint region
[2019-12-09T04:47:57.421+0000][1][safepoint    ] Total time for which application threads were stopped: 0.0000871 seconds, Stopping threads took: 0.0000171 seconds
[2019-12-09T04:47:58.422+0000][1][safepoint    ] Application time: 1.0000744 seconds
[2019-12-09T04:47:58.422+0000][1][safepoint    ] Entering safepoint region: Cleanup
[2019-12-09T04:47:58.422+0000][1][safepoint    ] Leaving safepoint region
[2019-12-09T04:47:58.422+0000][1][safepoint    ] Total time for which application threads were stopped: 0.0000981 seconds, Stopping threads took: 0.0000185 seconds
[2019-12-09T04:47:59.422+0000][1][safepoint    ] Application time: 1.0000847 seconds
[2019-12-09T04:47:59.422+0000][1][safepoint    ] Entering safepoint region: Cleanup
[2019-12-09T04:47:59.422+0000][1][safepoint    ] Leaving safepoint region
[2019-12-09T04:47:59.422+0000][1][safepoint    ] Total time for which application threads were stopped: 0.0000879 seconds, Stopping threads took: 0.0000170 seconds
[2019-12-09T04:48:00.422+0000][1][safepoint    ] Application time: 1.0000754 seconds
[2019-12-09T04:48:00.422+0000][1][safepoint    ] Entering safepoint region: Cleanup
[2019-12-09T04:48:00.422+0000][1][safepoint    ] Leaving safepoint region
[2019-12-09T04:48:00.422+0000][1][safepoint    ] Total time for which application threads were stopped: 0.0000881 seconds, Stopping threads took: 0.0000169 seconds
[2019-12-09T04:48:01.422+0000][1][safepoint    ] Application time: 1.0000922 seconds
[2019-12-09T04:48:01.422+0000][1][safepoint    ] Entering safepoint region: Cleanup
[2019-12-09T04:48:01.422+0000][1][safepoint    ] Leaving safepoint region
[2019-12-09T04:48:01.422+0000][1][safepoint    ] Total time for which application threads were stopped: 0.0001534 seconds, Stopping threads took: 0.0000331 seconds
[2019-12-09T04:48:02.422+0000][1][safepoint    ] Application time: 1.0000762 seconds
[2019-12-09T04:48:02.423+0000][1][safepoint    ] Entering safepoint region: Cleanup
[2019-12-09T04:48:02.423+0000][1][safepoint    ] Leaving safepoint region
[2019-12-09T04:48:02.423+0000][1][safepoint    ] Total time for which application threads were stopped: 0.0000889 seconds, Stopping threads took: 0.0000180 seconds
[2019-12-09T04:48:03.423+0000][1][safepoint    ] Application time: 1.0000849 seconds
[2019-12-09T04:48:03.423+0000][1][safepoint    ] Entering safepoint region: Cleanup
[2019-12-09T04:48:03.423+0000][1][safepoint    ] Leaving safepoint region
[2019-12-09T04:48:03.423+0000][1][safepoint    ] Total time for which application threads were stopped: 0.0000925 seconds, Stopping threads took: 0.0000170 seconds
[2019-12-09T04:48:04.423+0000][1][safepoint    ] Application time: 1.0000754 seconds
[2019-12-09T04:48:04.423+0000][1][safepoint    ] Entering safepoint region: Cleanup
[2019-12-09T04:48:04.423+0000][1][safepoint    ] Leaving safepoint region
[2019-12-09T04:48:04.423+0000][1][safepoint    ] Total time for which application threads were stopped: 0.0000909 seconds, Stopping threads took: 0.0000187 seconds
[2019-12-09T04:48:05.423+0000][1][safepoint    ] Application time: 1.0000750 seconds
[2019-12-09T04:48:05.423+0000][1][safepoint    ] Entering safepoint region: Cleanup
[2019-12-09T04:48:05.423+0000][1][safepoint    ] Leaving safepoint region
[2019-12-09T04:48:05.423+0000][1][safepoint    ] Total time for which application threads were stopped: 0.0000863 seconds, Stopping threads took: 0.0000163 seconds
[2019-12-09T04:48:06.423+0000][1][safepoint    ] Application time: 1.0000767 seconds
[2019-12-09T04:48:06.423+0000][1][safepoint    ] Entering safepoint region: Cleanup
[2019-12-09T04:48:06.423+0000][1][safepoint    ] Leaving safepoint region
[2019-12-09T04:48:06.423+0000][1][safepoint    ] Total time for which application threads were stopped: 0.0000884 seconds, Stopping threads took: 0.0000183 seconds
[2019-12-09T04:48:07.424+0000][1][safepoint    ] Application time: 1.0000757 seconds
[2019-12-09T04:48:07.424+0000][1][safepoint    ] Entering safepoint region: Cleanup
[2019-12-09T04:48:07.424+0000][1][safepoint    ] Leaving safepoint region
[2019-12-09T04:48:07.424+0000][1][safepoint    ] Total time for which application threads were stopped: 0.0000921 seconds, Stopping threads took: 0.0000177 seconds
[2019-12-09T04:48:08.424+0000][1][safepoint    ] Application time: 1.0000761 seconds
[2019-12-09T04:48:08.424+0000][1][safepoint    ] Entering safepoint region: Cleanup
[2019-12-09T04:48:08.424+0000][1][safepoint    ] Leaving safepoint region
[2019-12-09T04:48:08.424+0000][1][safepoint    ] Total time for which application threads were stopped: 0.0000995 seconds, Stopping threads took: 0.0000198 seconds
[2019-12-09T04:48:09.424+0000][1][safepoint    ] Application time: 1.0000768 seconds
[2019-12-09T04:48:09.424+0000][1][safepoint    ] Entering safepoint region: Cleanup
[2019-12-09T04:48:09.424+0000][1][safepoint    ] Leaving safepoint region
[2019-12-09T04:48:09.424+0000][1][safepoint    ] Total time for which application threads were stopped: 0.0000924 seconds, Stopping threads took: 0.0000188 seconds
[2019-12-09T04:48:10.424+0000][1][safepoint    ] Application time: 1.0000773 seconds
[2019-12-09T04:48:10.424+0000][1][safepoint    ] Entering safepoint region: Cleanup
[2019-12-09T04:48:10.424+0000][1][safepoint    ] Leaving safepoint region
[2019-12-09T04:48:10.424+0000][1][safepoint    ] Total time for which application threads were stopped: 0.0000919 seconds, Stopping threads took: 0.0000186 seconds
[2019-12-09T04:48:11.424+0000][1][safepoint    ] Application time: 1.0000760 seconds
[2019-12-09T04:48:11.424+0000][1][safepoint    ] Entering safepoint region: Cleanup
[2019-12-09T04:48:11.425+0000][1][safepoint    ] Leaving safepoint region
[2019-12-09T04:48:11.425+0000][1][safepoint    ] Total time for which application threads were stopped: 0.0000896 seconds, Stopping threads took: 0.0000182 seconds
[2019-12-09T04:48:12.425+0000][1][safepoint    ] Application time: 1.0000744 seconds
[2019-12-09T04:48:12.425+0000][1][safepoint    ] Entering safepoint region: Cleanup
[2019-12-09T04:48:12.425+0000][1][safepoint    ] Leaving safepoint region
[2019-12-09T04:48:12.425+0000][1][safepoint    ] Total time for which application threads were stopped: 0.0000993 seconds, Stopping threads took: 0.0000167 seconds
[2019-12-09T04:48:13.425+0000][1][safepoint    ] Application time: 1.0000743 seconds
[2019-12-09T04:48:13.425+0000][1][safepoint    ] Entering safepoint region: Cleanup
[2019-12-09T04:48:13.425+0000][1][safepoint    ] Leaving safepoint region
[2019-12-09T04:48:13.425+0000][1][safepoint    ] Total time for which application threads were stopped: 0.0000886 seconds, Stopping threads took: 0.0000176 seconds
[2019-12-09T04:48:14.425+0000][1][safepoint    ] Application time: 1.0000735 seconds
[2019-12-09T04:48:14.425+0000][1][safepoint    ] Entering safepoint region: Cleanup
[2019-12-09T04:48:14.425+0000][1][safepoint    ] Leaving safepoint region
[2019-12-09T04:48:14.425+0000][1][safepoint    ] Total time for which application threads were stopped: 0.0000905 seconds, Stopping threads took: 0.0000184 seconds
[2019-12-09T04:48:15.425+0000][1][safepoint    ] Application time: 1.0000786 seconds
[2019-12-09T04:48:15.425+0000][1][safepoint    ] Entering safepoint region: Cleanup
[2019-12-09T04:48:15.425+0000][1][safepoint    ] Leaving safepoint region
[2019-12-09T04:48:15.425+0000][1][safepoint    ] Total time for which application threads were stopped: 0.0000875 seconds, Stopping threads took: 0.0000187 seconds
[2019-12-09T04:48:16.425+0000][1][safepoint    ] Application time: 1.0000850 seconds
[2019-12-09T04:48:16.426+0000][1][safepoint    ] Entering safepoint region: Cleanup
[2019-12-09T04:48:16.426+0000][1][safepoint    ] Leaving safepoint region
[2019-12-09T04:48:16.426+0000][1][safepoint    ] Total time for which application threads were stopped: 0.0001308 seconds, Stopping threads took: 0.0000350 seconds
[2019-12-09T04:48:17.426+0000][1][safepoint    ] Application time: 1.0000808 seconds
[2019-12-09T04:48:17.426+0000][1][safepoint    ] Entering safepoint region: Cleanup
[2019-12-09T04:48:17.426+0000][1][safepoint    ] Leaving safepoint region
[2019-12-09T04:48:17.426+0000][1][safepoint    ] Total time for which application threads were stopped: 0.0000912 seconds, Stopping threads took: 0.0000194 seconds
[2019-12-09T04:48:18.465+0000][1][safepoint    ] Application time: 1.0394933 seconds
[2019-12-09T04:48:18.465+0000][1][safepoint    ] Entering safepoint region: Cleanup
[2019-12-09T04:48:18.465+0000][1][safepoint    ] Leaving safepoint region
[2019-12-09T04:48:18.465+0000][1][safepoint    ] Total time for which application threads were stopped: 0.0000866 seconds, Stopping threads took: 0.0000177 seconds
[2019-12-09T04:48:19.466+0000][1][safepoint    ] Application time: 1.0000749 seconds
[2019-12-09T04:48:19.466+0000][1][safepoint    ] Entering safepoint region: Cleanup
[2019-12-09T04:48:19.466+0000][1][safepoint    ] Leaving safepoint region
[2019-12-09T04:48:19.466+0000][1][safepoint    ] Total time for which application threads were stopped: 0.0000834 seconds, Stopping threads took: 0.0000167 seconds
[2019-12-09T04:48:20.466+0000][1][safepoint    ] Application time: 1.0001067 seconds
[2019-12-09T04:48:20.466+0000][1][safepoint    ] Entering safepoint region: Cleanup
[2019-12-09T04:48:20.466+0000][1][safepoint    ] Leaving safepoint region
[2019-12-09T04:48:20.466+0000][1][safepoint    ] Total time for which application threads were stopped: 0.0001181 seconds, Stopping threads took: 0.0000236 seconds
[2019-12-09T04:48:21.466+0000][1][safepoint    ] Application time: 1.0001009 seconds
[2019-12-09T04:48:21.466+0000][1][safepoint    ] Entering safepoint region: Cleanup
[2019-12-09T04:48:21.466+0000][1][safepoint    ] Leaving safepoint region
[2019-12-09T04:48:21.466+0000][1][safepoint    ] Total time for which application threads were stopped: 0.0001214 seconds, Stopping threads took: 0.0000252 seconds
[2019-12-09T04:48:22.466+0000][1][safepoint    ] Application time: 1.0000798 seconds
[2019-12-09T04:48:22.466+0000][1][safepoint    ] Entering safepoint region: Cleanup
[2019-12-09T04:48:22.466+0000][1][safepoint    ] Leaving safepoint region
[2019-12-09T04:48:22.466+0000][1][safepoint    ] Total time for which application threads were stopped: 0.0000914 seconds, Stopping threads took: 0.0000191 seconds
[2019-12-09T04:48:23.466+0000][1][safepoint    ] Application time: 1.0000858 seconds
[2019-12-09T04:48:23.467+0000][1][safepoint    ] Entering safepoint region: Cleanup
[2019-12-09T04:48:23.467+0000][1][safepoint    ] Leaving safepoint region
[2019-12-09T04:48:23.467+0000][1][safepoint    ] Total time for which application threads were stopped: 0.0001199 seconds, Stopping threads took: 0.0000240 seconds
[2019-12-09T04:48:24.467+0000][1][safepoint    ] Application time: 1.0000760 seconds
[2019-12-09T04:48:24.467+0000][1][safepoint    ] Entering safepoint region: Cleanup
[2019-12-09T04:48:24.467+0000][1][safepoint    ] Leaving safepoint region
[2019-12-09T04:48:24.467+0000][1][safepoint    ] Total time for which application threads were stopped: 0.0001005 seconds, Stopping threads took: 0.0000172 seconds
[2019-12-09T04:48:25.467+0000][1][safepoint    ] Application time: 1.0000761 seconds
[2019-12-09T04:48:25.467+0000][1][safepoint    ] Entering safepoint region: Cleanup
[2019-12-09T04:48:25.467+0000][1][safepoint    ] Leaving safepoint region
[2019-12-09T04:48:25.467+0000][1][safepoint    ] Total time for which application threads were stopped: 0.0000835 seconds, Stopping threads took: 0.0000158 seconds
[2019-12-09T04:48:26.467+0000][1][safepoint    ] Application time: 1.0000754 seconds
[2019-12-09T04:48:26.467+0000][1][safepoint    ] Entering safepoint region: Cleanup
[2019-12-09T04:48:26.467+0000][1][safepoint    ] Leaving safepoint region
[2019-12-09T04:48:26.467+0000][1][safepoint    ] Total time for which application threads were stopped: 0.0000873 seconds, Stopping threads took: 0.0000181 seconds
[2019-12-09T04:48:27.467+0000][1][safepoint    ] Application time: 1.0000749 seconds
[2019-12-09T04:48:27.467+0000][1][safepoint    ] Entering safepoint region: Cleanup
[2019-12-09T04:48:27.467+0000][1][safepoint    ] Leaving safepoint region
[2019-12-09T04:48:27.467+0000][1][safepoint    ] Total time for which application threads were stopped: 0.0000862 seconds, Stopping threads took: 0.0000179 seconds
[2019-12-09T04:48:28.468+0000][1][safepoint    ] Application time: 1.0000754 seconds
[2019-12-09T04:48:28.468+0000][1][safepoint    ] Entering safepoint region: Cleanup
[2019-12-09T04:48:28.468+0000][1][safepoint    ] Leaving safepoint region
[2019-12-09T04:48:28.468+0000][1][safepoint    ] Total time for which application threads were stopped: 0.0000854 seconds, Stopping threads took: 0.0000177 seconds
[2019-12-09T04:48:29.468+0000][1][safepoint    ] Application time: 1.0000769 seconds
[2019-12-09T04:48:29.468+0000][1][safepoint    ] Entering safepoint region: Cleanup
[2019-12-09T04:48:29.468+0000][1][safepoint    ] Leaving safepoint region
[2019-12-09T04:48:29.468+0000][1][safepoint    ] Total time for which application threads were stopped: 0.0000856 seconds, Stopping threads took: 0.0000163 seconds
[2019-12-09T04:48:30.468+0000][1][safepoint    ] Application time: 1.0000789 seconds
[2019-12-09T04:48:30.468+0000][1][safepoint    ] Entering safepoint region: Cleanup
[2019-12-09T04:48:30.468+0000][1][safepoint    ] Leaving safepoint region
[2019-12-09T04:48:30.468+0000][1][safepoint    ] Total time for which application threads were stopped: 0.0000875 seconds, Stopping threads took: 0.0000171 seconds
[2019-12-09T04:48:31.468+0000][1][safepoint    ] Application time: 1.0000847 seconds
[2019-12-09T04:48:31.468+0000][1][safepoint    ] Entering safepoint region: Cleanup
[2019-12-09T04:48:31.468+0000][1][safepoint    ] Leaving safepoint region
[2019-12-09T04:48:31.468+0000][1][safepoint    ] Total time for which application threads were stopped: 0.0001261 seconds, Stopping threads took: 0.0000266 seconds
[2019-12-09T04:48:32.468+0000][1][safepoint    ] Application time: 1.0000817 seconds
[2019-12-09T04:48:32.468+0000][1][safepoint    ] Entering safepoint region: Cleanup
[2019-12-09T04:48:32.469+0000][1][safepoint    ] Leaving safepoint region
[2019-12-09T04:48:32.469+0000][1][safepoint    ] Total time for which application threads were stopped: 0.0000884 seconds, Stopping threads took: 0.0000183 seconds
[2019-12-09T04:48:33.469+0000][1][safepoint    ] Application time: 1.0000764 seconds
[2019-12-09T04:48:33.469+0000][1][safepoint    ] Entering safepoint region: Cleanup
[2019-12-09T04:48:33.469+0000][1][safepoint    ] Leaving safepoint region
[2019-12-09T04:48:33.469+0000][1][safepoint    ] Total time for which application threads were stopped: 0.0001023 seconds, Stopping threads took: 0.0000172 seconds
[2019-12-09T04:48:34.469+0000][1][safepoint    ] Application time: 1.0000765 seconds
[2019-12-09T04:48:34.469+0000][1][safepoint    ] Entering safepoint region: Cleanup
[2019-12-09T04:48:34.469+0000][1][safepoint    ] Leaving safepoint region
[2019-12-09T04:48:34.469+0000][1][safepoint    ] Total time for which application threads were stopped: 0.0000905 seconds, Stopping threads took: 0.0000189 seconds
[2019-12-09T04:48:35.469+0000][1][safepoint    ] Application time: 1.0000847 seconds
[2019-12-09T04:48:35.469+0000][1][safepoint    ] Entering safepoint region: Cleanup
[2019-12-09T04:48:35.469+0000][1][safepoint    ] Leaving safepoint region
[2019-12-09T04:48:35.469+0000][1][safepoint    ] Total time for which application threads were stopped: 0.0001275 seconds, Stopping threads took: 0.0000254 seconds
[2019-12-09T04:48:36.469+0000][1][safepoint    ] Application time: 1.0000760 seconds
[2019-12-09T04:48:36.469+0000][1][safepoint    ] Entering safepoint region: Cleanup
[2019-12-09T04:48:36.469+0000][1][safepoint    ] Leaving safepoint region
[2019-12-09T04:48:36.469+0000][1][safepoint    ] Total time for which application threads were stopped: 0.0000904 seconds, Stopping threads took: 0.0000178 seconds
[2019-12-09T04:48:37.470+0000][1][safepoint    ] Application time: 1.0000762 seconds
[2019-12-09T04:48:37.470+0000][1][safepoint    ] Entering safepoint region: Cleanup
[2019-12-09T04:48:37.470+0000][1][safepoint    ] Leaving safepoint region
[2019-12-09T04:48:37.470+0000][1][safepoint    ] Total time for which application threads were stopped: 0.0000885 seconds, Stopping threads took: 0.0000180 seconds
[2019-12-09T04:48:38.470+0000][1][safepoint    ] Application time: 1.0000756 seconds
[2019-12-09T04:48:38.470+0000][1][safepoint    ] Entering safepoint region: Cleanup
[2019-12-09T04:48:38.470+0000][1][safepoint    ] Leaving safepoint region
[2019-12-09T04:48:38.470+0000][1][safepoint    ] Total time for which application threads were stopped: 0.0000896 seconds, Stopping threads took: 0.0000175 seconds
[2019-12-09T04:48:39.470+0000][1][safepoint    ] Application time: 1.0000762 seconds
[2019-12-09T04:48:39.470+0000][1][safepoint    ] Entering safepoint region: Cleanup
[2019-12-09T04:48:39.470+0000][1][safepoint    ] Leaving safepoint region
[2019-12-09T04:48:39.470+0000][1][safepoint    ] Total time for which application threads were stopped: 0.0000913 seconds, Stopping threads took: 0.0000190 seconds
[2019-12-09T04:48:40.470+0000][1][safepoint    ] Application time: 1.0000764 seconds
[2019-12-09T04:48:40.470+0000][1][safepoint    ] Entering safepoint region: Cleanup
[2019-12-09T04:48:40.470+0000][1][safepoint    ] Leaving safepoint region
[2019-12-09T04:48:40.470+0000][1][safepoint    ] Total time for which application threads were stopped: 0.0000906 seconds, Stopping threads took: 0.0000183 seconds
[2019-12-09T04:48:41.470+0000][1][safepoint    ] Application time: 1.0001124 seconds
[2019-12-09T04:48:41.470+0000][1][safepoint    ] Entering safepoint region: Cleanup
[2019-12-09T04:48:41.471+0000][1][safepoint    ] Leaving safepoint region
[2019-12-09T04:48:41.471+0000][1][safepoint    ] Total time for which application threads were stopped: 0.0001315 seconds, Stopping threads took: 0.0000257 seconds
[2019-12-09T04:48:42.471+0000][1][safepoint    ] Application time: 1.0000781 seconds
[2019-12-09T04:48:42.471+0000][1][safepoint    ] Entering safepoint region: Cleanup
[2019-12-09T04:48:42.471+0000][1][safepoint    ] Leaving safepoint region
[2019-12-09T04:48:42.471+0000][1][safepoint    ] Total time for which application threads were stopped: 0.0000882 seconds, Stopping threads took: 0.0000189 seconds
[2019-12-09T04:48:43.471+0000][1][safepoint    ] Application time: 1.0000751 seconds
[2019-12-09T04:48:43.471+0000][1][safepoint    ] Entering safepoint region: Cleanup
[2019-12-09T04:48:43.471+0000][1][safepoint    ] Leaving safepoint region
[2019-12-09T04:48:43.471+0000][1][safepoint    ] Total time for which application threads were stopped: 0.0000878 seconds, Stopping threads took: 0.0000185 seconds
[2019-12-09T04:48:44.471+0000][1][safepoint    ] Application time: 1.0000772 seconds
[2019-12-09T04:48:44.471+0000][1][safepoint    ] Entering safepoint region: Cleanup
[2019-12-09T04:48:44.471+0000][1][safepoint    ] Leaving safepoint region
[2019-12-09T04:48:44.471+0000][1][safepoint    ] Total time for which application threads were stopped: 0.0000918 seconds, Stopping threads took: 0.0000186 seconds
[2019-12-09T04:48:45.471+0000][1][safepoint    ] Application time: 1.0000775 seconds
[2019-12-09T04:48:45.471+0000][1][safepoint    ] Entering safepoint region: Cleanup
[2019-12-09T04:48:45.471+0000][1][safepoint    ] Leaving safepoint region
[2019-12-09T04:48:45.471+0000][1][safepoint    ] Total time for which application threads were stopped: 0.0000896 seconds, Stopping threads took: 0.0000192 seconds
[2019-12-09T04:48:46.472+0000][1][safepoint    ] Application time: 1.0000766 seconds
[2019-12-09T04:48:46.472+0000][1][safepoint    ] Entering safepoint region: Cleanup
[2019-12-09T04:48:46.472+0000][1][safepoint    ] Leaving safepoint region
[2019-12-09T04:48:46.472+0000][1][safepoint    ] Total time for which application threads were stopped: 0.0001035 seconds, Stopping threads took: 0.0000269 seconds
[2019-12-09T04:48:47.472+0000][1][safepoint    ] Application time: 1.0000761 seconds
[2019-12-09T04:48:47.472+0000][1][safepoint    ] Entering safepoint region: Cleanup
[2019-12-09T04:48:47.472+0000][1][safepoint    ] Leaving safepoint region
[2019-12-09T04:48:47.472+0000][1][safepoint    ] Total time for which application threads were stopped: 0.0000910 seconds, Stopping threads took: 0.0000174 seconds
[2019-12-09T04:48:48.472+0000][1][safepoint    ] Application time: 1.0000771 seconds
[2019-12-09T04:48:48.472+0000][1][safepoint    ] Entering safepoint region: Cleanup
[2019-12-09T04:48:48.472+0000][1][safepoint    ] Leaving safepoint region
[2019-12-09T04:48:48.472+0000][1][safepoint    ] Total time for which application threads were stopped: 0.0000932 seconds, Stopping threads took: 0.0000198 seconds
[2019-12-09T04:48:49.472+0000][1][safepoint    ] Application time: 1.0000773 seconds
[2019-12-09T04:48:49.472+0000][1][safepoint    ] Entering safepoint region: Cleanup
[2019-12-09T04:48:49.472+0000][1][safepoint    ] Leaving safepoint region
[2019-12-09T04:48:49.472+0000][1][safepoint    ] Total time for which application threads were stopped: 0.0000910 seconds, Stopping threads took: 0.0000185 seconds
[2019-12-09T04:48:50.472+0000][1][safepoint    ] Application time: 1.0000759 seconds
[2019-12-09T04:48:50.472+0000][1][safepoint    ] Entering safepoint region: Cleanup
[2019-12-09T04:48:50.472+0000][1][safepoint    ] Leaving safepoint region
[2019-12-09T04:48:50.472+0000][1][safepoint    ] Total time for which application threads were stopped: 0.0000866 seconds, Stopping threads took: 0.0000178 seconds
[2019-12-09T04:48:51.473+0000][1][safepoint    ] Application time: 1.0000865 seconds
[2019-12-09T04:48:51.473+0000][1][safepoint    ] Entering safepoint region: Cleanup
[2019-12-09T04:48:51.473+0000][1][safepoint    ] Leaving safepoint region
[2019-12-09T04:48:51.473+0000][1][safepoint    ] Total time for which application threads were stopped: 0.0001397 seconds, Stopping threads took: 0.0000256 seconds
[2019-12-09T04:48:52.473+0000][1][safepoint    ] Application time: 1.0000739 seconds
[2019-12-09T04:48:52.473+0000][1][safepoint    ] Entering safepoint region: Cleanup
[2019-12-09T04:48:52.473+0000][1][safepoint    ] Leaving safepoint region
[2019-12-09T04:48:52.473+0000][1][safepoint    ] Total time for which application threads were stopped: 0.0000887 seconds, Stopping threads took: 0.0000187 seconds
[2019-12-09T04:48:53.473+0000][1][safepoint    ] Application time: 1.0000801 seconds
[2019-12-09T04:48:53.473+0000][1][safepoint    ] Entering safepoint region: Cleanup
[2019-12-09T04:48:53.473+0000][1][safepoint    ] Leaving safepoint region
[2019-12-09T04:48:53.473+0000][1][safepoint    ] Total time for which application threads were stopped: 0.0000923 seconds, Stopping threads took: 0.0000201 seconds
[2019-12-09T04:48:54.473+0000][1][safepoint    ] Application time: 1.0000749 seconds
[2019-12-09T04:48:54.473+0000][1][safepoint    ] Entering safepoint region: Cleanup
[2019-12-09T04:48:54.473+0000][1][safepoint    ] Leaving safepoint region
[2019-12-09T04:48:54.473+0000][1][safepoint    ] Total time for which application threads were stopped: 0.0000864 seconds, Stopping threads took: 0.0000174 seconds
[2019-12-09T04:48:55.473+0000][1][safepoint    ] Application time: 1.0000767 seconds
[2019-12-09T04:48:55.474+0000][1][safepoint    ] Entering safepoint region: Cleanup
[2019-12-09T04:48:55.474+0000][1][safepoint    ] Leaving safepoint region
[2019-12-09T04:48:55.474+0000][1][safepoint    ] Total time for which application threads were stopped: 0.0000891 seconds, Stopping threads took: 0.0000184 seconds
[2019-12-09T04:48:56.474+0000][1][safepoint    ] Application time: 1.0000767 seconds
[2019-12-09T04:48:56.474+0000][1][safepoint    ] Entering safepoint region: Cleanup
[2019-12-09T04:48:56.474+0000][1][safepoint    ] Leaving safepoint region
[2019-12-09T04:48:56.474+0000][1][safepoint    ] Total time for which application threads were stopped: 0.0000896 seconds, Stopping threads took: 0.0000186 seconds
[2019-12-09T04:48:57.474+0000][1][safepoint    ] Application time: 1.0000765 seconds
[2019-12-09T04:48:57.474+0000][1][safepoint    ] Entering safepoint region: Cleanup
[2019-12-09T04:48:57.474+0000][1][safepoint    ] Leaving safepoint region
[2019-12-09T04:48:57.474+0000][1][safepoint    ] Total time for which application threads were stopped: 0.0000921 seconds, Stopping threads took: 0.0000181 seconds
[2019-12-09T04:48:58.474+0000][1][safepoint    ] Application time: 1.0000779 seconds
[2019-12-09T04:48:58.474+0000][1][safepoint    ] Entering safepoint region: Cleanup
[2019-12-09T04:48:58.474+0000][1][safepoint    ] Leaving safepoint region
[2019-12-09T04:48:58.474+0000][1][safepoint    ] Total time for which application threads were stopped: 0.0000901 seconds, Stopping threads took: 0.0000175 seconds
[2019-12-09T04:48:59.474+0000][1][safepoint    ] Application time: 1.0000772 seconds
[2019-12-09T04:48:59.474+0000][1][safepoint    ] Entering safepoint region: Cleanup
[2019-12-09T04:48:59.474+0000][1][safepoint    ] Leaving safepoint region
[2019-12-09T04:48:59.474+0000][1][safepoint    ] Total time for which application threads were stopped: 0.0000896 seconds, Stopping threads took: 0.0000184 seconds
[2019-12-09T04:49:00.475+0000][1][safepoint    ] Application time: 1.0000780 seconds
[2019-12-09T04:49:00.475+0000][1][safepoint    ] Entering safepoint region: Cleanup
[2019-12-09T04:49:00.475+0000][1][safepoint    ] Leaving safepoint region
[2019-12-09T04:49:00.475+0000][1][safepoint    ] Total time for which application threads were stopped: 0.0000897 seconds, Stopping threads took: 0.0000193 seconds
[2019-12-09T04:49:01.475+0000][1][safepoint    ] Application time: 1.0000876 seconds
[2019-12-09T04:49:01.475+0000][1][safepoint    ] Entering safepoint region: Cleanup
[2019-12-09T04:49:01.475+0000][1][safepoint    ] Leaving safepoint region
[2019-12-09T04:49:01.475+0000][1][safepoint    ] Total time for which application threads were stopped: 0.0001255 seconds, Stopping threads took: 0.0000242 seconds
[2019-12-09T04:49:02.475+0000][1][safepoint    ] Application time: 1.0000774 seconds
[2019-12-09T04:49:02.475+0000][1][safepoint    ] Entering safepoint region: Cleanup
[2019-12-09T04:49:02.475+0000][1][safepoint    ] Leaving safepoint region
[2019-12-09T04:49:02.475+0000][1][safepoint    ] Total time for which application threads were stopped: 0.0000914 seconds, Stopping threads took: 0.0000186 seconds
[2019-12-09T04:49:03.475+0000][1][safepoint    ] Application time: 1.0000779 seconds
[2019-12-09T04:49:03.475+0000][1][safepoint    ] Entering safepoint region: Cleanup
[2019-12-09T04:49:03.475+0000][1][safepoint    ] Leaving safepoint region
[2019-12-09T04:49:03.475+0000][1][safepoint    ] Total time for which application threads were stopped: 0.0000925 seconds, Stopping threads took: 0.0000185 seconds
[2019-12-09T04:49:04.475+0000][1][safepoint    ] Application time: 1.0000843 seconds
[2019-12-09T04:49:04.476+0000][1][safepoint    ] Entering safepoint region: Cleanup
[2019-12-09T04:49:04.476+0000][1][safepoint    ] Leaving safepoint region
[2019-12-09T04:49:04.476+0000][1][safepoint    ] Total time for which application threads were stopped: 0.0000930 seconds, Stopping threads took: 0.0000204 seconds
[2019-12-09T04:49:05.476+0000][1][safepoint    ] Application time: 1.0000764 seconds
[2019-12-09T04:49:05.476+0000][1][safepoint    ] Entering safepoint region: Cleanup
[2019-12-09T04:49:05.476+0000][1][safepoint    ] Leaving safepoint region
[2019-12-09T04:49:05.476+0000][1][safepoint    ] Total time for which application threads were stopped: 0.0000886 seconds, Stopping threads took: 0.0000172 seconds
[2019-12-09T04:49:06.476+0000][1][safepoint    ] Application time: 1.0000811 seconds
[2019-12-09T04:49:06.476+0000][1][safepoint    ] Entering safepoint region: Cleanup
[2019-12-09T04:49:06.476+0000][1][safepoint    ] Leaving safepoint region
[2019-12-09T04:49:06.476+0000][1][safepoint    ] Total time for which application threads were stopped: 0.0000941 seconds, Stopping threads took: 0.0000188 seconds
[2019-12-09T04:49:07.476+0000][1][safepoint    ] Application time: 1.0000771 seconds
[2019-12-09T04:49:07.476+0000][1][safepoint    ] Entering safepoint region: Cleanup
[2019-12-09T04:49:07.476+0000][1][safepoint    ] Leaving safepoint region
[2019-12-09T04:49:07.476+0000][1][safepoint    ] Total time for which application threads were stopped: 0.0000904 seconds, Stopping threads took: 0.0000191 seconds
[2019-12-09T04:49:08.476+0000][1][safepoint    ] Application time: 1.0000815 seconds
[2019-12-09T04:49:08.476+0000][1][safepoint    ] Entering safepoint region: Cleanup
[2019-12-09T04:49:08.476+0000][1][safepoint    ] Leaving safepoint region
[2019-12-09T04:49:08.476+0000][1][safepoint    ] Total time for which application threads were stopped: 0.0000935 seconds, Stopping threads took: 0.0000190 seconds
[2019-12-09T04:49:09.477+0000][1][safepoint    ] Application time: 1.0000787 seconds
[2019-12-09T04:49:09.477+0000][1][safepoint    ] Entering safepoint region: Cleanup
[2019-12-09T04:49:09.477+0000][1][safepoint    ] Leaving safepoint region
[2019-12-09T04:49:09.477+0000][1][safepoint    ] Total time for which application threads were stopped: 0.0001065 seconds, Stopping threads took: 0.0000200 seconds
[2019-12-09T04:49:10.477+0000][1][safepoint    ] Application time: 1.0000761 seconds
[2019-12-09T04:49:10.477+0000][1][safepoint    ] Entering safepoint region: Cleanup
[2019-12-09T04:49:10.477+0000][1][safepoint    ] Leaving safepoint region
[2019-12-09T04:49:10.477+0000][1][safepoint    ] Total time for which application threads were stopped: 0.0000920 seconds, Stopping threads took: 0.0000180 seconds
[2019-12-09T04:49:10.790+0000][1][safepoint    ] Application time: 0.3130236 seconds
[2019-12-09T04:49:10.790+0000][1][safepoint    ] Entering safepoint region: GenCollectForAllocation
[2019-12-09T04:49:10.790+0000][1][gc,start     ] GC(60) Pause Young (Allocation Failure)
[2019-12-09T04:49:10.790+0000][1][gc,task      ] GC(60) Using 2 workers of 2 for evacuation
[2019-12-09T04:49:10.792+0000][1][gc,age       ] GC(60) Desired survivor size 4456448 bytes, new threshold 6 (max threshold 6)
[2019-12-09T04:49:10.792+0000][1][gc,age       ] GC(60) Age table with threshold 6 (max threshold 6)
[2019-12-09T04:49:10.792+0000][1][gc,age       ] GC(60) - age   1:       8424 bytes,       8424 total
[2019-12-09T04:49:10.792+0000][1][gc,age       ] GC(60) - age   2:       1176 bytes,       9600 total
[2019-12-09T04:49:10.792+0000][1][gc,age       ] GC(60) - age   3:       1672 bytes,      11272 total
[2019-12-09T04:49:10.792+0000][1][gc,age       ] GC(60) - age   4:       1448 bytes,      12720 total
[2019-12-09T04:49:10.792+0000][1][gc,age       ] GC(60) - age   5:       2144 bytes,      14864 total
[2019-12-09T04:49:10.792+0000][1][gc,age       ] GC(60) - age   6:       1976 bytes,      16840 total
[2019-12-09T04:49:10.792+0000][1][gc,heap      ] GC(60) ParNew: 69966K->22K(78656K)
[2019-12-09T04:49:10.792+0000][1][gc,heap      ] GC(60) CMS: 75934K->75934K(174784K)
[2019-12-09T04:49:10.792+0000][1][gc,metaspace ] GC(60) Metaspace: 80185K->80185K(1122304K)
[2019-12-09T04:49:10.792+0000][1][gc           ] GC(60) Pause Young (Allocation Failure) 142M->74M(247M) 1.699ms
[2019-12-09T04:49:10.792+0000][1][gc,cpu       ] GC(60) User=0.01s Sys=0.00s Real=0.00s
[2019-12-09T04:49:10.792+0000][1][safepoint    ] Leaving safepoint region
[2019-12-09T04:49:10.792+0000][1][safepoint    ] Total time for which application threads were stopped: 0.0018728 seconds, Stopping threads took: 0.0000263 seconds
[2019-12-09T04:49:11.792+0000][1][safepoint    ] Application time: 1.0000958 seconds
[2019-12-09T04:49:11.792+0000][1][safepoint    ] Entering safepoint region: Cleanup
[2019-12-09T04:49:11.792+0000][1][safepoint    ] Leaving safepoint region
[2019-12-09T04:49:11.792+0000][1][safepoint    ] Total time for which application threads were stopped: 0.0001043 seconds, Stopping threads took: 0.0000204 seconds
[2019-12-09T04:49:12.792+0000][1][safepoint    ] Application time: 1.0000713 seconds
[2019-12-09T04:49:12.792+0000][1][safepoint    ] Entering safepoint region: Cleanup
[2019-12-09T04:49:12.792+0000][1][safepoint    ] Leaving safepoint region
[2019-12-09T04:49:12.792+0000][1][safepoint    ] Total time for which application threads were stopped: 0.0000895 seconds, Stopping threads took: 0.0000178 seconds
[2019-12-09T04:49:13.792+0000][1][safepoint    ] Application time: 1.0000765 seconds
[2019-12-09T04:49:13.792+0000][1][safepoint    ] Entering safepoint region: Cleanup
[2019-12-09T04:49:13.793+0000][1][safepoint    ] Leaving safepoint region
[2019-12-09T04:49:13.793+0000][1][safepoint    ] Total time for which application threads were stopped: 0.0000871 seconds, Stopping threads took: 0.0000172 seconds
[2019-12-09T04:49:14.793+0000][1][safepoint    ] Application time: 1.0000803 seconds
[2019-12-09T04:49:14.793+0000][1][safepoint    ] Entering safepoint region: Cleanup
[2019-12-09T04:49:14.793+0000][1][safepoint    ] Leaving safepoint region
[2019-12-09T04:49:14.793+0000][1][safepoint    ] Total time for which application threads were stopped: 0.0001082 seconds, Stopping threads took: 0.0000255 seconds
[2019-12-09T04:49:15.793+0000][1][safepoint    ] Application time: 1.0000790 seconds
[2019-12-09T04:49:15.793+0000][1][safepoint    ] Entering safepoint region: Cleanup
[2019-12-09T04:49:15.793+0000][1][safepoint    ] Leaving safepoint region
[2019-12-09T04:49:15.793+0000][1][safepoint    ] Total time for which application threads were stopped: 0.0000996 seconds, Stopping threads took: 0.0000274 seconds
[2019-12-09T04:49:16.793+0000][1][safepoint    ] Application time: 1.0000798 seconds
[2019-12-09T04:49:16.793+0000][1][safepoint    ] Entering safepoint region: Cleanup
[2019-12-09T04:49:16.793+0000][1][safepoint    ] Leaving safepoint region
[2019-12-09T04:49:16.793+0000][1][safepoint    ] Total time for which application threads were stopped: 0.0000893 seconds, Stopping threads took: 0.0000188 seconds
[2019-12-09T04:49:17.793+0000][1][safepoint    ] Application time: 1.0000796 seconds
[2019-12-09T04:49:17.793+0000][1][safepoint    ] Entering safepoint region: Cleanup
[2019-12-09T04:49:17.793+0000][1][safepoint    ] Leaving safepoint region
[2019-12-09T04:49:17.793+0000][1][safepoint    ] Total time for which application threads were stopped: 0.0000900 seconds, Stopping threads took: 0.0000178 seconds
[2019-12-09T04:49:18.793+0000][1][safepoint    ] Application time: 1.0000783 seconds
[2019-12-09T04:49:18.794+0000][1][safepoint    ] Entering safepoint region: Cleanup
[2019-12-09T04:49:18.794+0000][1][safepoint    ] Leaving safepoint region
[2019-12-09T04:49:18.794+0000][1][safepoint    ] Total time for which application threads were stopped: 0.0000875 seconds, Stopping threads took: 0.0000176 seconds
[2019-12-09T04:49:19.794+0000][1][safepoint    ] Application time: 1.0000881 seconds
[2019-12-09T04:49:19.794+0000][1][safepoint    ] Entering safepoint region: Cleanup
[2019-12-09T04:49:19.794+0000][1][safepoint    ] Leaving safepoint region
[2019-12-09T04:49:19.794+0000][1][safepoint    ] Total time for which application threads were stopped: 0.0000864 seconds, Stopping threads took: 0.0000187 seconds
[2019-12-09T04:49:20.794+0000][1][safepoint    ] Application time: 1.0000772 seconds
[2019-12-09T04:49:20.794+0000][1][safepoint    ] Entering safepoint region: Cleanup
[2019-12-09T04:49:20.794+0000][1][safepoint    ] Leaving safepoint region
[2019-12-09T04:49:20.794+0000][1][safepoint    ] Total time for which application threads were stopped: 0.0000899 seconds, Stopping threads took: 0.0000184 seconds
[2019-12-09T04:49:21.794+0000][1][safepoint    ] Application time: 1.0000811 seconds
[2019-12-09T04:49:21.794+0000][1][safepoint    ] Entering safepoint region: Cleanup
[2019-12-09T04:49:21.794+0000][1][safepoint    ] Leaving safepoint region
[2019-12-09T04:49:21.794+0000][1][safepoint    ] Total time for which application threads were stopped: 0.0001000 seconds, Stopping threads took: 0.0000191 seconds
[2019-12-09T04:49:22.794+0000][1][safepoint    ] Application time: 1.0000812 seconds
[2019-12-09T04:49:22.794+0000][1][safepoint    ] Entering safepoint region: Cleanup
[2019-12-09T04:49:22.794+0000][1][safepoint    ] Leaving safepoint region
[2019-12-09T04:49:22.794+0000][1][safepoint    ] Total time for which application threads were stopped: 0.0000909 seconds, Stopping threads took: 0.0000184 seconds
[2019-12-09T04:49:23.795+0000][1][safepoint    ] Application time: 1.0000839 seconds
[2019-12-09T04:49:23.795+0000][1][safepoint    ] Entering safepoint region: Cleanup
[2019-12-09T04:49:23.795+0000][1][safepoint    ] Leaving safepoint region
[2019-12-09T04:49:23.795+0000][1][safepoint    ] Total time for which application threads were stopped: 0.0001070 seconds, Stopping threads took: 0.0000215 seconds
[2019-12-09T04:49:24.795+0000][1][safepoint    ] Application time: 1.0000830 seconds
[2019-12-09T04:49:24.795+0000][1][safepoint    ] Entering safepoint region: Cleanup
[2019-12-09T04:49:24.795+0000][1][safepoint    ] Leaving safepoint region
[2019-12-09T04:49:24.795+0000][1][safepoint    ] Total time for which application threads were stopped: 0.0001032 seconds, Stopping threads took: 0.0000278 seconds
[2019-12-09T04:49:25.795+0000][1][safepoint    ] Application time: 1.0000857 seconds
[2019-12-09T04:49:25.795+0000][1][safepoint    ] Entering safepoint region: Cleanup
[2019-12-09T04:49:25.795+0000][1][safepoint    ] Leaving safepoint region
[2019-12-09T04:49:25.795+0000][1][safepoint    ] Total time for which application threads were stopped: 0.0001184 seconds, Stopping threads took: 0.0000284 seconds
[2019-12-09T04:49:26.795+0000][1][safepoint    ] Application time: 1.0001348 seconds
[2019-12-09T04:49:26.795+0000][1][safepoint    ] Entering safepoint region: Cleanup
[2019-12-09T04:49:26.795+0000][1][safepoint    ] Leaving safepoint region
[2019-12-09T04:49:26.795+0000][1][safepoint    ] Total time for which application threads were stopped: 0.0001327 seconds, Stopping threads took: 0.0000284 seconds
[2019-12-09T04:49:27.796+0000][1][safepoint    ] Application time: 1.0002058 seconds
[2019-12-09T04:49:27.796+0000][1][safepoint    ] Entering safepoint region: Cleanup
[2019-12-09T04:49:27.796+0000][1][safepoint    ] Leaving safepoint region
[2019-12-09T04:49:27.796+0000][1][safepoint    ] Total time for which application threads were stopped: 0.0001333 seconds, Stopping threads took: 0.0000282 seconds
[2019-12-09T04:49:28.796+0000][1][safepoint    ] Application time: 1.0000900 seconds
[2019-12-09T04:49:28.796+0000][1][safepoint    ] Entering safepoint region: Cleanup
[2019-12-09T04:49:28.796+0000][1][safepoint    ] Leaving safepoint region
[2019-12-09T04:49:28.796+0000][1][safepoint    ] Total time for which application threads were stopped: 0.0001302 seconds, Stopping threads took: 0.0000259 seconds
[2019-12-09T04:49:29.796+0000][1][safepoint    ] Application time: 1.0000851 seconds
[2019-12-09T04:49:29.796+0000][1][safepoint    ] Entering safepoint region: Cleanup
[2019-12-09T04:49:29.796+0000][1][safepoint    ] Leaving safepoint region
[2019-12-09T04:49:29.796+0000][1][safepoint    ] Total time for which application threads were stopped: 0.0001317 seconds, Stopping threads took: 0.0000277 seconds
[2019-12-09T04:49:30.797+0000][1][safepoint    ] Application time: 1.0000841 seconds
[2019-12-09T04:49:30.797+0000][1][safepoint    ] Entering safepoint region: Cleanup
[2019-12-09T04:49:30.797+0000][1][safepoint    ] Leaving safepoint region
[2019-12-09T04:49:30.797+0000][1][safepoint    ] Total time for which application threads were stopped: 0.0001084 seconds, Stopping threads took: 0.0000187 seconds
[2019-12-09T04:49:31.797+0000][1][safepoint    ] Application time: 1.0001021 seconds
[2019-12-09T04:49:31.797+0000][1][safepoint    ] Entering safepoint region: Cleanup
[2019-12-09T04:49:31.797+0000][1][safepoint    ] Leaving safepoint region
[2019-12-09T04:49:31.797+0000][1][safepoint    ] Total time for which application threads were stopped: 0.0000924 seconds, Stopping threads took: 0.0000183 seconds
[2019-12-09T04:49:32.797+0000][1][safepoint    ] Application time: 1.0001089 seconds
[2019-12-09T04:49:32.797+0000][1][safepoint    ] Entering safepoint region: Cleanup
[2019-12-09T04:49:32.797+0000][1][safepoint    ] Leaving safepoint region
[2019-12-09T04:49:32.797+0000][1][safepoint    ] Total time for which application threads were stopped: 0.0001254 seconds, Stopping threads took: 0.0000258 seconds
[2019-12-09T04:49:33.885+0000][1][safepoint    ] Application time: 1.0873244 seconds
[2019-12-09T04:49:33.885+0000][1][safepoint    ] Entering safepoint region: Cleanup
[2019-12-09T04:49:33.885+0000][1][safepoint    ] Leaving safepoint region
[2019-12-09T04:49:33.885+0000][1][safepoint    ] Total time for which application threads were stopped: 0.0000924 seconds, Stopping threads took: 0.0000168 seconds
[2019-12-09T04:49:34.885+0000][1][safepoint    ] Application time: 1.0000763 seconds
[2019-12-09T04:49:34.885+0000][1][safepoint    ] Entering safepoint region: Cleanup
[2019-12-09T04:49:34.885+0000][1][safepoint    ] Leaving safepoint region
[2019-12-09T04:49:34.885+0000][1][safepoint    ] Total time for which application threads were stopped: 0.0001009 seconds, Stopping threads took: 0.0000177 seconds
[2019-12-09T04:49:35.885+0000][1][safepoint    ] Application time: 1.0000752 seconds
[2019-12-09T04:49:35.885+0000][1][safepoint    ] Entering safepoint region: Cleanup
[2019-12-09T04:49:35.885+0000][1][safepoint    ] Leaving safepoint region
[2019-12-09T04:49:35.885+0000][1][safepoint    ] Total time for which application threads were stopped: 0.0000905 seconds, Stopping threads took: 0.0000195 seconds
[2019-12-09T04:49:36.885+0000][1][safepoint    ] Application time: 1.0000777 seconds
[2019-12-09T04:49:36.885+0000][1][safepoint    ] Entering safepoint region: Cleanup
[2019-12-09T04:49:36.885+0000][1][safepoint    ] Leaving safepoint region
[2019-12-09T04:49:36.885+0000][1][safepoint    ] Total time for which application threads were stopped: 0.0000897 seconds, Stopping threads took: 0.0000189 seconds
[2019-12-09T04:49:37.885+0000][1][safepoint    ] Application time: 1.0000768 seconds
[2019-12-09T04:49:37.885+0000][1][safepoint    ] Entering safepoint region: Cleanup
[2019-12-09T04:49:37.886+0000][1][safepoint    ] Leaving safepoint region
[2019-12-09T04:49:37.886+0000][1][safepoint    ] Total time for which application threads were stopped: 0.0000901 seconds, Stopping threads took: 0.0000191 seconds
[2019-12-09T04:49:38.886+0000][1][safepoint    ] Application time: 1.0000761 seconds
[2019-12-09T04:49:38.886+0000][1][safepoint    ] Entering safepoint region: Cleanup
[2019-12-09T04:49:38.886+0000][1][safepoint    ] Leaving safepoint region
[2019-12-09T04:49:38.886+0000][1][safepoint    ] Total time for which application threads were stopped: 0.0001044 seconds, Stopping threads took: 0.0000186 seconds
[2019-12-09T04:49:39.886+0000][1][safepoint    ] Application time: 1.0000754 seconds
[2019-12-09T04:49:39.886+0000][1][safepoint    ] Entering safepoint region: Cleanup
[2019-12-09T04:49:39.886+0000][1][safepoint    ] Leaving safepoint region
[2019-12-09T04:49:39.886+0000][1][safepoint    ] Total time for which application threads were stopped: 0.0000914 seconds, Stopping threads took: 0.0000177 seconds
[2019-12-09T04:49:40.886+0000][1][safepoint    ] Application time: 1.0000766 seconds
[2019-12-09T04:49:40.886+0000][1][safepoint    ] Entering safepoint region: Cleanup
[2019-12-09T04:49:40.886+0000][1][safepoint    ] Leaving safepoint region
[2019-12-09T04:49:40.886+0000][1][safepoint    ] Total time for which application threads were stopped: 0.0000926 seconds, Stopping threads took: 0.0000180 seconds
[2019-12-09T04:49:41.886+0000][1][safepoint    ] Application time: 1.0000785 seconds
[2019-12-09T04:49:41.886+0000][1][safepoint    ] Entering safepoint region: Cleanup
[2019-12-09T04:49:41.886+0000][1][safepoint    ] Leaving safepoint region
[2019-12-09T04:49:41.886+0000][1][safepoint    ] Total time for which application threads were stopped: 0.0000894 seconds, Stopping threads took: 0.0000182 seconds
[2019-12-09T04:49:42.886+0000][1][safepoint    ] Application time: 1.0000781 seconds
[2019-12-09T04:49:42.887+0000][1][safepoint    ] Entering safepoint region: Cleanup
[2019-12-09T04:49:42.887+0000][1][safepoint    ] Leaving safepoint region
[2019-12-09T04:49:42.887+0000][1][safepoint    ] Total time for which application threads were stopped: 0.0000930 seconds, Stopping threads took: 0.0000202 seconds
[2019-12-09T04:49:43.887+0000][1][safepoint    ] Application time: 1.0000886 seconds
[2019-12-09T04:49:43.887+0000][1][safepoint    ] Entering safepoint region: Cleanup
[2019-12-09T04:49:43.887+0000][1][safepoint    ] Leaving safepoint region
[2019-12-09T04:49:43.887+0000][1][safepoint    ] Total time for which application threads were stopped: 0.0000902 seconds, Stopping threads took: 0.0000182 seconds
[2019-12-09T04:49:44.887+0000][1][safepoint    ] Application time: 1.0000772 seconds
[2019-12-09T04:49:44.887+0000][1][safepoint    ] Entering safepoint region: Cleanup
[2019-12-09T04:49:44.887+0000][1][safepoint    ] Leaving safepoint region
[2019-12-09T04:49:44.887+0000][1][safepoint    ] Total time for which application threads were stopped: 0.0000951 seconds, Stopping threads took: 0.0000169 seconds
[2019-12-09T04:49:45.887+0000][1][safepoint    ] Application time: 1.0000752 seconds
[2019-12-09T04:49:45.887+0000][1][safepoint    ] Entering safepoint region: Cleanup
[2019-12-09T04:49:45.887+0000][1][safepoint    ] Leaving safepoint region
[2019-12-09T04:49:45.887+0000][1][safepoint    ] Total time for which application threads were stopped: 0.0001034 seconds, Stopping threads took: 0.0000286 seconds
[2019-12-09T04:49:46.887+0000][1][safepoint    ] Application time: 1.0000768 seconds
[2019-12-09T04:49:46.887+0000][1][safepoint    ] Entering safepoint region: Cleanup
[2019-12-09T04:49:46.887+0000][1][safepoint    ] Leaving safepoint region
[2019-12-09T04:49:46.887+0000][1][safepoint    ] Total time for which application threads were stopped: 0.0000894 seconds, Stopping threads took: 0.0000186 seconds
[2019-12-09T04:49:47.888+0000][1][safepoint    ] Application time: 1.0000745 seconds
[2019-12-09T04:49:47.888+0000][1][safepoint    ] Entering safepoint region: Cleanup
[2019-12-09T04:49:47.888+0000][1][safepoint    ] Leaving safepoint region
[2019-12-09T04:49:47.888+0000][1][safepoint    ] Total time for which application threads were stopped: 0.0001005 seconds, Stopping threads took: 0.0000177 seconds
[2019-12-09T04:49:48.888+0000][1][safepoint    ] Application time: 1.0000765 seconds
[2019-12-09T04:49:48.888+0000][1][safepoint    ] Entering safepoint region: Cleanup
[2019-12-09T04:49:48.888+0000][1][safepoint    ] Leaving safepoint region
[2019-12-09T04:49:48.888+0000][1][safepoint    ] Total time for which application threads were stopped: 0.0000911 seconds, Stopping threads took: 0.0000193 seconds
[2019-12-09T04:49:49.888+0000][1][safepoint    ] Application time: 1.0000758 seconds
[2019-12-09T04:49:49.888+0000][1][safepoint    ] Entering safepoint region: Cleanup
[2019-12-09T04:49:49.888+0000][1][safepoint    ] Leaving safepoint region
[2019-12-09T04:49:49.888+0000][1][safepoint    ] Total time for which application threads were stopped: 0.0000914 seconds, Stopping threads took: 0.0000191 seconds
[2019-12-09T04:49:50.888+0000][1][safepoint    ] Application time: 1.0000750 seconds
[2019-12-09T04:49:50.888+0000][1][safepoint    ] Entering safepoint region: Cleanup
[2019-12-09T04:49:50.888+0000][1][safepoint    ] Leaving safepoint region
[2019-12-09T04:49:50.888+0000][1][safepoint    ] Total time for which application threads were stopped: 0.0000954 seconds, Stopping threads took: 0.0000190 seconds
[2019-12-09T04:49:51.888+0000][1][safepoint    ] Application time: 1.0000753 seconds
[2019-12-09T04:49:51.888+0000][1][safepoint    ] Entering safepoint region: Cleanup
[2019-12-09T04:49:51.889+0000][1][safepoint    ] Leaving safepoint region
[2019-12-09T04:49:51.889+0000][1][safepoint    ] Total time for which application threads were stopped: 0.0000914 seconds, Stopping threads took: 0.0000171 seconds
[2019-12-09T04:49:52.889+0000][1][safepoint    ] Application time: 1.0000818 seconds
[2019-12-09T04:49:52.889+0000][1][safepoint    ] Entering safepoint region: Cleanup
[2019-12-09T04:49:52.889+0000][1][safepoint    ] Leaving safepoint region
[2019-12-09T04:49:52.889+0000][1][safepoint    ] Total time for which application threads were stopped: 0.0001031 seconds, Stopping threads took: 0.0000261 seconds
[2019-12-09T04:49:53.889+0000][1][safepoint    ] Application time: 1.0000820 seconds
[2019-12-09T04:49:53.889+0000][1][safepoint    ] Entering safepoint region: Cleanup
[2019-12-09T04:49:53.889+0000][1][safepoint    ] Leaving safepoint region
[2019-12-09T04:49:53.889+0000][1][safepoint    ] Total time for which application threads were stopped: 0.0000993 seconds, Stopping threads took: 0.0000217 seconds
[2019-12-09T04:49:54.889+0000][1][safepoint    ] Application time: 1.0000803 seconds
[2019-12-09T04:49:54.889+0000][1][safepoint    ] Entering safepoint region: Cleanup
[2019-12-09T04:49:54.889+0000][1][safepoint    ] Leaving safepoint region
[2019-12-09T04:49:54.889+0000][1][safepoint    ] Total time for which application threads were stopped: 0.0001053 seconds, Stopping threads took: 0.0000167 seconds
[2019-12-09T04:49:55.889+0000][1][safepoint    ] Application time: 1.0000664 seconds
[2019-12-09T04:49:55.889+0000][1][safepoint    ] Entering safepoint region: Cleanup
[2019-12-09T04:49:55.889+0000][1][safepoint    ] Leaving safepoint region
[2019-12-09T04:49:55.889+0000][1][safepoint    ] Total time for which application threads were stopped: 0.0001084 seconds, Stopping threads took: 0.0000197 seconds
[2019-12-09T04:49:56.890+0000][1][safepoint    ] Application time: 1.0000816 seconds
[2019-12-09T04:49:56.890+0000][1][safepoint    ] Entering safepoint region: Cleanup
[2019-12-09T04:49:56.890+0000][1][safepoint    ] Leaving safepoint region
[2019-12-09T04:49:56.890+0000][1][safepoint    ] Total time for which application threads were stopped: 0.0001030 seconds, Stopping threads took: 0.0000187 seconds
[2019-12-09T04:49:57.890+0000][1][safepoint    ] Application time: 1.0000933 seconds
[2019-12-09T04:49:57.890+0000][1][safepoint    ] Entering safepoint region: Cleanup
[2019-12-09T04:49:57.890+0000][1][safepoint    ] Leaving safepoint region
[2019-12-09T04:49:57.890+0000][1][safepoint    ] Total time for which application threads were stopped: 0.0000975 seconds, Stopping threads took: 0.0000257 seconds
[2019-12-09T04:49:58.890+0000][1][safepoint    ] Application time: 1.0000530 seconds
[2019-12-09T04:49:58.890+0000][1][safepoint    ] Entering safepoint region: Cleanup
[2019-12-09T04:49:58.890+0000][1][safepoint    ] Leaving safepoint region
[2019-12-09T04:49:58.890+0000][1][safepoint    ] Total time for which application threads were stopped: 0.0000979 seconds, Stopping threads took: 0.0000190 seconds
[2019-12-09T04:49:59.890+0000][1][safepoint    ] Application time: 1.0000810 seconds
[2019-12-09T04:49:59.890+0000][1][safepoint    ] Entering safepoint region: Cleanup
[2019-12-09T04:49:59.890+0000][1][safepoint    ] Leaving safepoint region
[2019-12-09T04:49:59.890+0000][1][safepoint    ] Total time for which application threads were stopped: 0.0001126 seconds, Stopping threads took: 0.0000178 seconds
[2019-12-09T04:50:00.890+0000][1][safepoint    ] Application time: 1.0000789 seconds
[2019-12-09T04:50:00.890+0000][1][safepoint    ] Entering safepoint region: Cleanup
[2019-12-09T04:50:00.891+0000][1][safepoint    ] Leaving safepoint region
[2019-12-09T04:50:00.891+0000][1][safepoint    ] Total time for which application threads were stopped: 0.0000964 seconds, Stopping threads took: 0.0000181 seconds
[2019-12-09T04:50:01.891+0000][1][safepoint    ] Application time: 1.0000877 seconds
[2019-12-09T04:50:01.891+0000][1][safepoint    ] Entering safepoint region: Cleanup
[2019-12-09T04:50:01.891+0000][1][safepoint    ] Leaving safepoint region
[2019-12-09T04:50:01.891+0000][1][safepoint    ] Total time for which application threads were stopped: 0.0001238 seconds, Stopping threads took: 0.0000254 seconds
[2019-12-09T04:50:02.891+0000][1][safepoint    ] Application time: 1.0000743 seconds
[2019-12-09T04:50:02.891+0000][1][safepoint    ] Entering safepoint region: Cleanup
[2019-12-09T04:50:02.891+0000][1][safepoint    ] Leaving safepoint region
[2019-12-09T04:50:02.891+0000][1][safepoint    ] Total time for which application threads were stopped: 0.0000976 seconds, Stopping threads took: 0.0000145 seconds
[2019-12-09T04:50:04.205+0000][1][safepoint    ] Application time: 1.3142966 seconds
[2019-12-09T04:50:04.205+0000][1][safepoint    ] Entering safepoint region: Cleanup
[2019-12-09T04:50:04.205+0000][1][safepoint    ] Leaving safepoint region
[2019-12-09T04:50:04.205+0000][1][safepoint    ] Total time for which application threads were stopped: 0.0000823 seconds, Stopping threads took: 0.0000172 seconds
[2019-12-09T04:50:05.206+0000][1][safepoint    ] Application time: 1.0000748 seconds
[2019-12-09T04:50:05.206+0000][1][safepoint    ] Entering safepoint region: Cleanup
[2019-12-09T04:50:05.206+0000][1][safepoint    ] Leaving safepoint region
[2019-12-09T04:50:05.206+0000][1][safepoint    ] Total time for which application threads were stopped: 0.0000996 seconds, Stopping threads took: 0.0000166 seconds
[2019-12-09T04:50:06.206+0000][1][safepoint    ] Application time: 1.0000686 seconds
[2019-12-09T04:50:06.206+0000][1][safepoint    ] Entering safepoint region: Cleanup
[2019-12-09T04:50:06.206+0000][1][safepoint    ] Leaving safepoint region
[2019-12-09T04:50:06.206+0000][1][safepoint    ] Total time for which application threads were stopped: 0.0000873 seconds, Stopping threads took: 0.0000171 seconds
[2019-12-09T04:50:07.206+0000][1][safepoint    ] Application time: 1.0000750 seconds
[2019-12-09T04:50:07.206+0000][1][safepoint    ] Entering safepoint region: Cleanup
[2019-12-09T04:50:07.206+0000][1][safepoint    ] Leaving safepoint region
[2019-12-09T04:50:07.206+0000][1][safepoint    ] Total time for which application threads were stopped: 0.0000860 seconds, Stopping threads took: 0.0000163 seconds
[2019-12-09T04:50:08.206+0000][1][safepoint    ] Application time: 1.0000730 seconds
[2019-12-09T04:50:08.206+0000][1][safepoint    ] Entering safepoint region: Cleanup
[2019-12-09T04:50:08.206+0000][1][safepoint    ] Leaving safepoint region
[2019-12-09T04:50:08.206+0000][1][safepoint    ] Total time for which application threads were stopped: 0.0000824 seconds, Stopping threads took: 0.0000165 seconds
[2019-12-09T04:50:09.206+0000][1][safepoint    ] Application time: 1.0000768 seconds
[2019-12-09T04:50:09.206+0000][1][safepoint    ] Entering safepoint region: Cleanup
[2019-12-09T04:50:09.206+0000][1][safepoint    ] Leaving safepoint region
[2019-12-09T04:50:09.206+0000][1][safepoint    ] Total time for which application threads were stopped: 0.0000822 seconds, Stopping threads took: 0.0000173 seconds
[2019-12-09T04:50:10.206+0000][1][safepoint    ] Application time: 1.0000753 seconds
[2019-12-09T04:50:10.207+0000][1][safepoint    ] Entering safepoint region: Cleanup
[2019-12-09T04:50:10.207+0000][1][safepoint    ] Leaving safepoint region
[2019-12-09T04:50:10.207+0000][1][safepoint    ] Total time for which application threads were stopped: 0.0000796 seconds, Stopping threads took: 0.0000159 seconds
[2019-12-09T04:50:11.207+0000][1][safepoint    ] Application time: 1.0000736 seconds
[2019-12-09T04:50:11.207+0000][1][safepoint    ] Entering safepoint region: Cleanup
[2019-12-09T04:50:11.207+0000][1][safepoint    ] Leaving safepoint region
[2019-12-09T04:50:11.207+0000][1][safepoint    ] Total time for which application threads were stopped: 0.0000815 seconds, Stopping threads took: 0.0000157 seconds
[2019-12-09T04:50:12.207+0000][1][safepoint    ] Application time: 1.0000749 seconds
[2019-12-09T04:50:12.207+0000][1][safepoint    ] Entering safepoint region: Cleanup
[2019-12-09T04:50:12.207+0000][1][safepoint    ] Leaving safepoint region
[2019-12-09T04:50:12.207+0000][1][safepoint    ] Total time for which application threads were stopped: 0.0000836 seconds, Stopping threads took: 0.0000166 seconds
[2019-12-09T04:50:13.207+0000][1][safepoint    ] Application time: 1.0000761 seconds
[2019-12-09T04:50:13.207+0000][1][safepoint    ] Entering safepoint region: Cleanup
[2019-12-09T04:50:13.207+0000][1][safepoint    ] Leaving safepoint region
[2019-12-09T04:50:13.207+0000][1][safepoint    ] Total time for which application threads were stopped: 0.0000805 seconds, Stopping threads took: 0.0000158 seconds
[2019-12-09T04:50:14.207+0000][1][safepoint    ] Application time: 1.0000755 seconds
[2019-12-09T04:50:14.207+0000][1][safepoint    ] Entering safepoint region: Cleanup
[2019-12-09T04:50:14.207+0000][1][safepoint    ] Leaving safepoint region
[2019-12-09T04:50:14.207+0000][1][safepoint    ] Total time for which application threads were stopped: 0.0000841 seconds, Stopping threads took: 0.0000166 seconds
[2019-12-09T04:50:15.207+0000][1][safepoint    ] Application time: 1.0000755 seconds
[2019-12-09T04:50:15.207+0000][1][safepoint    ] Entering safepoint region: Cleanup
[2019-12-09T04:50:15.207+0000][1][safepoint    ] Leaving safepoint region
[2019-12-09T04:50:15.208+0000][1][safepoint    ] Total time for which application threads were stopped: 0.0000801 seconds, Stopping threads took: 0.0000157 seconds
[2019-12-09T04:50:16.208+0000][1][safepoint    ] Application time: 1.0000744 seconds
[2019-12-09T04:50:16.208+0000][1][safepoint    ] Entering safepoint region: Cleanup
[2019-12-09T04:50:16.208+0000][1][safepoint    ] Leaving safepoint region
[2019-12-09T04:50:16.208+0000][1][safepoint    ] Total time for which application threads were stopped: 0.0001001 seconds, Stopping threads took: 0.0000213 seconds
[2019-12-09T04:50:17.208+0000][1][safepoint    ] Application time: 1.0000748 seconds
[2019-12-09T04:50:17.208+0000][1][safepoint    ] Entering safepoint region: Cleanup
[2019-12-09T04:50:17.208+0000][1][safepoint    ] Leaving safepoint region
[2019-12-09T04:50:17.208+0000][1][safepoint    ] Total time for which application threads were stopped: 0.0000790 seconds, Stopping threads took: 0.0000146 seconds
[2019-12-09T04:50:18.208+0000][1][safepoint    ] Application time: 1.0000766 seconds
[2019-12-09T04:50:18.208+0000][1][safepoint    ] Entering safepoint region: Cleanup
[2019-12-09T04:50:18.208+0000][1][safepoint    ] Leaving safepoint region
[2019-12-09T04:50:18.208+0000][1][safepoint    ] Total time for which application threads were stopped: 0.0000864 seconds, Stopping threads took: 0.0000181 seconds
[2019-12-09T04:50:19.208+0000][1][safepoint    ] Application time: 1.0000736 seconds
[2019-12-09T04:50:19.208+0000][1][safepoint    ] Entering safepoint region: Cleanup
[2019-12-09T04:50:19.208+0000][1][safepoint    ] Leaving safepoint region
[2019-12-09T04:50:19.208+0000][1][safepoint    ] Total time for which application threads were stopped: 0.0000905 seconds, Stopping threads took: 0.0000164 seconds
[2019-12-09T04:50:20.208+0000][1][safepoint    ] Application time: 1.0000762 seconds
[2019-12-09T04:50:20.208+0000][1][safepoint    ] Entering safepoint region: Cleanup
[2019-12-09T04:50:20.208+0000][1][safepoint    ] Leaving safepoint region
[2019-12-09T04:50:20.208+0000][1][safepoint    ] Total time for which application threads were stopped: 0.0000834 seconds, Stopping threads took: 0.0000173 seconds
[2019-12-09T04:50:21.209+0000][1][safepoint    ] Application time: 1.0000748 seconds
[2019-12-09T04:50:21.209+0000][1][safepoint    ] Entering safepoint region: Cleanup
[2019-12-09T04:50:21.209+0000][1][safepoint    ] Leaving safepoint region
[2019-12-09T04:50:21.209+0000][1][safepoint    ] Total time for which application threads were stopped: 0.0000815 seconds, Stopping threads took: 0.0000154 seconds
[2019-12-09T04:50:22.209+0000][1][safepoint    ] Application time: 1.0000747 seconds
[2019-12-09T04:50:22.209+0000][1][safepoint    ] Entering safepoint region: Cleanup
[2019-12-09T04:50:22.209+0000][1][safepoint    ] Leaving safepoint region
[2019-12-09T04:50:22.209+0000][1][safepoint    ] Total time for which application threads were stopped: 0.0000809 seconds, Stopping threads took: 0.0000158 seconds
[2019-12-09T04:50:23.209+0000][1][safepoint    ] Application time: 1.0000739 seconds
[2019-12-09T04:50:23.209+0000][1][safepoint    ] Entering safepoint region: Cleanup
[2019-12-09T04:50:23.209+0000][1][safepoint    ] Leaving safepoint region
[2019-12-09T04:50:23.209+0000][1][safepoint    ] Total time for which application threads were stopped: 0.0000824 seconds, Stopping threads took: 0.0000167 seconds
[2019-12-09T04:50:24.209+0000][1][safepoint    ] Application time: 1.0000745 seconds
[2019-12-09T04:50:24.209+0000][1][safepoint    ] Entering safepoint region: Cleanup
[2019-12-09T04:50:24.209+0000][1][safepoint    ] Leaving safepoint region
[2019-12-09T04:50:24.209+0000][1][safepoint    ] Total time for which application threads were stopped: 0.0000814 seconds, Stopping threads took: 0.0000167 seconds
[2019-12-09T04:50:25.209+0000][1][safepoint    ] Application time: 1.0000763 seconds
[2019-12-09T04:50:25.209+0000][1][safepoint    ] Entering safepoint region: Cleanup
[2019-12-09T04:50:25.209+0000][1][safepoint    ] Leaving safepoint region
[2019-12-09T04:50:25.209+0000][1][safepoint    ] Total time for which application threads were stopped: 0.0000848 seconds, Stopping threads took: 0.0000174 seconds
[2019-12-09T04:50:26.209+0000][1][safepoint    ] Application time: 1.0000764 seconds
[2019-12-09T04:50:26.209+0000][1][safepoint    ] Entering safepoint region: Cleanup
[2019-12-09T04:50:26.210+0000][1][safepoint    ] Leaving safepoint region
[2019-12-09T04:50:26.210+0000][1][safepoint    ] Total time for which application threads were stopped: 0.0000854 seconds, Stopping threads took: 0.0000178 seconds
[2019-12-09T04:50:27.210+0000][1][safepoint    ] Application time: 1.0000743 seconds
[2019-12-09T04:50:27.210+0000][1][safepoint    ] Entering safepoint region: Cleanup
[2019-12-09T04:50:27.210+0000][1][safepoint    ] Leaving safepoint region
[2019-12-09T04:50:27.210+0000][1][safepoint    ] Total time for which application threads were stopped: 0.0000970 seconds, Stopping threads took: 0.0000144 seconds
[2019-12-09T04:50:28.210+0000][1][safepoint    ] Application time: 1.0000786 seconds
[2019-12-09T04:50:28.210+0000][1][safepoint    ] Entering safepoint region: Cleanup
[2019-12-09T04:50:28.210+0000][1][safepoint    ] Leaving safepoint region
[2019-12-09T04:50:28.210+0000][1][safepoint    ] Total time for which application threads were stopped: 0.0001201 seconds, Stopping threads took: 0.0000236 seconds
[2019-12-09T04:50:29.210+0000][1][safepoint    ] Application time: 1.0000748 seconds
[2019-12-09T04:50:29.210+0000][1][safepoint    ] Entering safepoint region: Cleanup
[2019-12-09T04:50:29.210+0000][1][safepoint    ] Leaving safepoint region
[2019-12-09T04:50:29.210+0000][1][safepoint    ] Total time for which application threads were stopped: 0.0000833 seconds, Stopping threads took: 0.0000158 seconds
[2019-12-09T04:50:30.210+0000][1][safepoint    ] Application time: 1.0000779 seconds
[2019-12-09T04:50:30.210+0000][1][safepoint    ] Entering safepoint region: Cleanup
[2019-12-09T04:50:30.210+0000][1][safepoint    ] Leaving safepoint region
[2019-12-09T04:50:30.210+0000][1][safepoint    ] Total time for which application threads were stopped: 0.0000962 seconds, Stopping threads took: 0.0000193 seconds
[2019-12-09T04:50:31.210+0000][1][safepoint    ] Application time: 1.0000774 seconds
[2019-12-09T04:50:31.210+0000][1][safepoint    ] Entering safepoint region: Cleanup
[2019-12-09T04:50:31.211+0000][1][safepoint    ] Leaving safepoint region
[2019-12-09T04:50:31.211+0000][1][safepoint    ] Total time for which application threads were stopped: 0.0000861 seconds, Stopping threads took: 0.0000176 seconds
[2019-12-09T04:50:32.211+0000][1][safepoint    ] Application time: 1.0000765 seconds
[2019-12-09T04:50:32.211+0000][1][safepoint    ] Entering safepoint region: Cleanup
[2019-12-09T04:50:32.211+0000][1][safepoint    ] Leaving safepoint region
[2019-12-09T04:50:32.211+0000][1][safepoint    ] Total time for which application threads were stopped: 0.0000901 seconds, Stopping threads took: 0.0000238 seconds
[2019-12-09T04:50:33.885+0000][1][safepoint    ] Application time: 1.6737363 seconds
[2019-12-09T04:50:33.885+0000][1][safepoint    ] Entering safepoint region: Cleanup
[2019-12-09T04:50:33.885+0000][1][safepoint    ] Leaving safepoint region
[2019-12-09T04:50:33.885+0000][1][safepoint    ] Total time for which application threads were stopped: 0.0000893 seconds, Stopping threads took: 0.0000182 seconds
[2019-12-09T04:50:34.885+0000][1][safepoint    ] Application time: 1.0000753 seconds
[2019-12-09T04:50:34.885+0000][1][safepoint    ] Entering safepoint region: Cleanup
[2019-12-09T04:50:34.885+0000][1][safepoint    ] Leaving safepoint region
[2019-12-09T04:50:34.885+0000][1][safepoint    ] Total time for which application threads were stopped: 0.0000888 seconds, Stopping threads took: 0.0000184 seconds
[2019-12-09T04:50:35.885+0000][1][safepoint    ] Application time: 1.0000764 seconds
[2019-12-09T04:50:35.885+0000][1][safepoint    ] Entering safepoint region: Cleanup
[2019-12-09T04:50:35.885+0000][1][safepoint    ] Leaving safepoint region
[2019-12-09T04:50:35.885+0000][1][safepoint    ] Total time for which application threads were stopped: 0.0000907 seconds, Stopping threads took: 0.0000180 seconds
[2019-12-09T04:50:36.885+0000][1][safepoint    ] Application time: 1.0000752 seconds
[2019-12-09T04:50:36.885+0000][1][safepoint    ] Entering safepoint region: Cleanup
[2019-12-09T04:50:36.885+0000][1][safepoint    ] Leaving safepoint region
[2019-12-09T04:50:36.885+0000][1][safepoint    ] Total time for which application threads were stopped: 0.0000880 seconds, Stopping threads took: 0.0000172 seconds
[2019-12-09T04:50:37.885+0000][1][safepoint    ] Application time: 1.0000763 seconds
[2019-12-09T04:50:37.885+0000][1][safepoint    ] Entering safepoint region: Cleanup
[2019-12-09T04:50:37.885+0000][1][safepoint    ] Leaving safepoint region
[2019-12-09T04:50:37.885+0000][1][safepoint    ] Total time for which application threads were stopped: 0.0000886 seconds, Stopping threads took: 0.0000181 seconds
[2019-12-09T04:50:38.886+0000][1][safepoint    ] Application time: 1.0000758 seconds
[2019-12-09T04:50:38.886+0000][1][safepoint    ] Entering safepoint region: Cleanup
[2019-12-09T04:50:38.886+0000][1][safepoint    ] Leaving safepoint region
[2019-12-09T04:50:38.886+0000][1][safepoint    ] Total time for which application threads were stopped: 0.0000989 seconds, Stopping threads took: 0.0000171 seconds
[2019-12-09T04:50:39.886+0000][1][safepoint    ] Application time: 1.0000743 seconds
[2019-12-09T04:50:39.886+0000][1][safepoint    ] Entering safepoint region: Cleanup
[2019-12-09T04:50:39.886+0000][1][safepoint    ] Leaving safepoint region
[2019-12-09T04:50:39.886+0000][1][safepoint    ] Total time for which application threads were stopped: 0.0000875 seconds, Stopping threads took: 0.0000175 seconds
[2019-12-09T04:50:40.886+0000][1][safepoint    ] Application time: 1.0000753 seconds
[2019-12-09T04:50:40.886+0000][1][safepoint    ] Entering safepoint region: Cleanup
[2019-12-09T04:50:40.886+0000][1][safepoint    ] Leaving safepoint region
[2019-12-09T04:50:40.886+0000][1][safepoint    ] Total time for which application threads were stopped: 0.0000865 seconds, Stopping threads took: 0.0000171 seconds
[2019-12-09T04:50:41.886+0000][1][safepoint    ] Application time: 1.0000736 seconds
[2019-12-09T04:50:41.886+0000][1][safepoint    ] Entering safepoint region: Cleanup
[2019-12-09T04:50:41.886+0000][1][safepoint    ] Leaving safepoint region
[2019-12-09T04:50:41.886+0000][1][safepoint    ] Total time for which application threads were stopped: 0.0000875 seconds, Stopping threads took: 0.0000171 seconds
[2019-12-09T04:50:42.886+0000][1][safepoint    ] Application time: 1.0000748 seconds
[2019-12-09T04:50:42.886+0000][1][safepoint    ] Entering safepoint region: Cleanup
[2019-12-09T04:50:42.887+0000][1][safepoint    ] Leaving safepoint region
[2019-12-09T04:50:42.887+0000][1][safepoint    ] Total time for which application threads were stopped: 0.0000875 seconds, Stopping threads took: 0.0000175 seconds
[2019-12-09T04:50:43.887+0000][1][safepoint    ] Application time: 1.0000743 seconds
[2019-12-09T04:50:43.887+0000][1][safepoint    ] Entering safepoint region: Cleanup
[2019-12-09T04:50:43.887+0000][1][safepoint    ] Leaving safepoint region
[2019-12-09T04:50:43.887+0000][1][safepoint    ] Total time for which application threads were stopped: 0.0001023 seconds, Stopping threads took: 0.0000185 seconds
[2019-12-09T04:50:44.887+0000][1][safepoint    ] Application time: 1.0000747 seconds
[2019-12-09T04:50:44.887+0000][1][safepoint    ] Entering safepoint region: Cleanup
[2019-12-09T04:50:44.887+0000][1][safepoint    ] Leaving safepoint region
[2019-12-09T04:50:44.887+0000][1][safepoint    ] Total time for which application threads were stopped: 0.0000915 seconds, Stopping threads took: 0.0000195 seconds
[2019-12-09T04:50:45.887+0000][1][safepoint    ] Application time: 1.0000752 seconds
[2019-12-09T04:50:45.887+0000][1][safepoint    ] Entering safepoint region: Cleanup
[2019-12-09T04:50:45.887+0000][1][safepoint    ] Leaving safepoint region
[2019-12-09T04:50:45.887+0000][1][safepoint    ] Total time for which application threads were stopped: 0.0000970 seconds, Stopping threads took: 0.0000254 seconds
[2019-12-09T04:50:46.887+0000][1][safepoint    ] Application time: 1.0000745 seconds
[2019-12-09T04:50:46.887+0000][1][safepoint    ] Entering safepoint region: Cleanup
[2019-12-09T04:50:46.887+0000][1][safepoint    ] Leaving safepoint region
[2019-12-09T04:50:46.887+0000][1][safepoint    ] Total time for which application threads were stopped: 0.0000882 seconds, Stopping threads took: 0.0000178 seconds
[2019-12-09T04:50:47.887+0000][1][safepoint    ] Application time: 1.0000749 seconds
[2019-12-09T04:50:47.888+0000][1][safepoint    ] Entering safepoint region: Cleanup
[2019-12-09T04:50:47.888+0000][1][safepoint    ] Leaving safepoint region
[2019-12-09T04:50:47.888+0000][1][safepoint    ] Total time for which application threads were stopped: 0.0000893 seconds, Stopping threads took: 0.0000176 seconds
[2019-12-09T04:50:48.888+0000][1][safepoint    ] Application time: 1.0000746 seconds
[2019-12-09T04:50:48.888+0000][1][safepoint    ] Entering safepoint region: Cleanup
[2019-12-09T04:50:48.888+0000][1][safepoint    ] Leaving safepoint region
[2019-12-09T04:50:48.888+0000][1][safepoint    ] Total time for which application threads were stopped: 0.0000910 seconds, Stopping threads took: 0.0000176 seconds
[2019-12-09T04:50:49.888+0000][1][safepoint    ] Application time: 1.0000739 seconds
[2019-12-09T04:50:49.888+0000][1][safepoint    ] Entering safepoint region: Cleanup
[2019-12-09T04:50:49.888+0000][1][safepoint    ] Leaving safepoint region
[2019-12-09T04:50:49.888+0000][1][safepoint    ] Total time for which application threads were stopped: 0.0000905 seconds, Stopping threads took: 0.0000179 seconds
[2019-12-09T04:50:50.888+0000][1][safepoint    ] Application time: 1.0000760 seconds
[2019-12-09T04:50:50.888+0000][1][safepoint    ] Entering safepoint region: Cleanup
[2019-12-09T04:50:50.888+0000][1][safepoint    ] Leaving safepoint region
[2019-12-09T04:50:50.888+0000][1][safepoint    ] Total time for which application threads were stopped: 0.0000963 seconds, Stopping threads took: 0.0000196 seconds
[2019-12-09T04:50:52.732+0000][1][safepoint    ] Application time: 1.8435018 seconds
[2019-12-09T04:50:52.732+0000][1][safepoint    ] Entering safepoint region: Cleanup
[2019-12-09T04:50:52.732+0000][1][safepoint    ] Leaving safepoint region
[2019-12-09T04:50:52.732+0000][1][safepoint    ] Total time for which application threads were stopped: 0.0000922 seconds, Stopping threads took: 0.0000194 seconds
[2019-12-09T04:50:53.732+0000][1][safepoint    ] Application time: 1.0000771 seconds
[2019-12-09T04:50:53.732+0000][1][safepoint    ] Entering safepoint region: Cleanup
[2019-12-09T04:50:53.732+0000][1][safepoint    ] Leaving safepoint region
[2019-12-09T04:50:53.732+0000][1][safepoint    ] Total time for which application threads were stopped: 0.0000886 seconds, Stopping threads took: 0.0000187 seconds
[2019-12-09T04:50:54.732+0000][1][safepoint    ] Application time: 1.0000774 seconds
[2019-12-09T04:50:54.732+0000][1][safepoint    ] Entering safepoint region: Cleanup
[2019-12-09T04:50:54.732+0000][1][safepoint    ] Leaving safepoint region
[2019-12-09T04:50:54.732+0000][1][safepoint    ] Total time for which application threads were stopped: 0.0000912 seconds, Stopping threads took: 0.0000193 seconds
[2019-12-09T04:50:55.732+0000][1][safepoint    ] Application time: 1.0000771 seconds
[2019-12-09T04:50:55.732+0000][1][safepoint    ] Entering safepoint region: Cleanup
[2019-12-09T04:50:55.732+0000][1][safepoint    ] Leaving safepoint region
[2019-12-09T04:50:55.732+0000][1][safepoint    ] Total time for which application threads were stopped: 0.0000903 seconds, Stopping threads took: 0.0000178 seconds
[2019-12-09T04:50:56.733+0000][1][safepoint    ] Application time: 1.0000754 seconds
[2019-12-09T04:50:56.733+0000][1][safepoint    ] Entering safepoint region: Cleanup
[2019-12-09T04:50:56.733+0000][1][safepoint    ] Leaving safepoint region
[2019-12-09T04:50:56.733+0000][1][safepoint    ] Total time for which application threads were stopped: 0.0000895 seconds, Stopping threads took: 0.0000177 seconds
[2019-12-09T04:50:57.733+0000][1][safepoint    ] Application time: 1.0000761 seconds
[2019-12-09T04:50:57.733+0000][1][safepoint    ] Entering safepoint region: Cleanup
[2019-12-09T04:50:57.733+0000][1][safepoint    ] Leaving safepoint region
[2019-12-09T04:50:57.733+0000][1][safepoint    ] Total time for which application threads were stopped: 0.0000866 seconds, Stopping threads took: 0.0000170 seconds
[2019-12-09T04:50:58.733+0000][1][safepoint    ] Application time: 1.0000791 seconds
[2019-12-09T04:50:58.733+0000][1][safepoint    ] Entering safepoint region: Cleanup
[2019-12-09T04:50:58.733+0000][1][safepoint    ] Leaving safepoint region
[2019-12-09T04:50:58.733+0000][1][safepoint    ] Total time for which application threads were stopped: 0.0000907 seconds, Stopping threads took: 0.0000185 seconds
[2019-12-09T04:50:59.733+0000][1][safepoint    ] Application time: 1.0000792 seconds
[2019-12-09T04:50:59.733+0000][1][safepoint    ] Entering safepoint region: Cleanup
[2019-12-09T04:50:59.733+0000][1][safepoint    ] Leaving safepoint region
[2019-12-09T04:50:59.733+0000][1][safepoint    ] Total time for which application threads were stopped: 0.0000877 seconds, Stopping threads took: 0.0000173 seconds
[2019-12-09T04:51:00.733+0000][1][safepoint    ] Application time: 1.0000773 seconds
[2019-12-09T04:51:00.733+0000][1][safepoint    ] Entering safepoint region: Cleanup
[2019-12-09T04:51:00.733+0000][1][safepoint    ] Leaving safepoint region
[2019-12-09T04:51:00.733+0000][1][safepoint    ] Total time for which application threads were stopped: 0.0000883 seconds, Stopping threads took: 0.0000184 seconds
[2019-12-09T04:51:01.734+0000][1][safepoint    ] Application time: 1.0000747 seconds
[2019-12-09T04:51:01.734+0000][1][safepoint    ] Entering safepoint region: Cleanup
[2019-12-09T04:51:01.734+0000][1][safepoint    ] Leaving safepoint region
[2019-12-09T04:51:01.734+0000][1][safepoint    ] Total time for which application threads were stopped: 0.0001060 seconds, Stopping threads took: 0.0000179 seconds
[2019-12-09T04:51:02.177+0000][1][safepoint    ] Application time: 0.4436850 seconds
[2019-12-09T04:51:02.177+0000][1][safepoint    ] Entering safepoint region: GenCollectForAllocation
[2019-12-09T04:51:02.178+0000][1][gc,start     ] GC(61) Pause Young (Allocation Failure)
[2019-12-09T04:51:02.178+0000][1][gc,task      ] GC(61) Using 2 workers of 2 for evacuation
[2019-12-09T04:51:02.179+0000][1][gc,age       ] GC(61) Desired survivor size 4456448 bytes, new threshold 6 (max threshold 6)
[2019-12-09T04:51:02.179+0000][1][gc,age       ] GC(61) Age table with threshold 6 (max threshold 6)
[2019-12-09T04:51:02.179+0000][1][gc,age       ] GC(61) - age   1:       9512 bytes,       9512 total
[2019-12-09T04:51:02.179+0000][1][gc,age       ] GC(61) - age   2:        976 bytes,      10488 total
[2019-12-09T04:51:02.179+0000][1][gc,age       ] GC(61) - age   3:       1056 bytes,      11544 total
[2019-12-09T04:51:02.179+0000][1][gc,age       ] GC(61) - age   4:       1552 bytes,      13096 total
[2019-12-09T04:51:02.179+0000][1][gc,age       ] GC(61) - age   5:       1448 bytes,      14544 total
[2019-12-09T04:51:02.179+0000][1][gc,age       ] GC(61) - age   6:       2144 bytes,      16688 total
[2019-12-09T04:51:02.179+0000][1][gc,heap      ] GC(61) ParNew: 69974K->22K(78656K)
[2019-12-09T04:51:02.179+0000][1][gc,heap      ] GC(61) CMS: 75934K->75936K(174784K)
[2019-12-09T04:51:02.179+0000][1][gc,metaspace ] GC(61) Metaspace: 80196K->80196K(1122304K)
[2019-12-09T04:51:02.179+0000][1][gc           ] GC(61) Pause Young (Allocation Failure) 142M->74M(247M) 1.690ms
[2019-12-09T04:51:02.179+0000][1][gc,cpu       ] GC(61) User=0.00s Sys=0.00s Real=0.00s
[2019-12-09T04:51:02.179+0000][1][safepoint    ] Leaving safepoint region
[2019-12-09T04:51:02.179+0000][1][safepoint    ] Total time for which application threads were stopped: 0.0018505 seconds, Stopping threads took: 0.0000179 seconds
[2019-12-09T04:51:03.179+0000][1][safepoint    ] Application time: 1.0000861 seconds
[2019-12-09T04:51:03.179+0000][1][safepoint    ] Entering safepoint region: Cleanup
[2019-12-09T04:51:03.180+0000][1][safepoint    ] Leaving safepoint region
[2019-12-09T04:51:03.180+0000][1][safepoint    ] Total time for which application threads were stopped: 0.0001000 seconds, Stopping threads took: 0.0000278 seconds
[2019-12-09T04:51:04.180+0000][1][safepoint    ] Application time: 1.0000754 seconds
[2019-12-09T04:51:04.180+0000][1][safepoint    ] Entering safepoint region: Cleanup
[2019-12-09T04:51:04.180+0000][1][safepoint    ] Leaving safepoint region
[2019-12-09T04:51:04.180+0000][1][safepoint    ] Total time for which application threads were stopped: 0.0001013 seconds, Stopping threads took: 0.0000184 seconds
[2019-12-09T04:51:05.180+0000][1][safepoint    ] Application time: 1.0000732 seconds
[2019-12-09T04:51:05.180+0000][1][safepoint    ] Entering safepoint region: Cleanup
[2019-12-09T04:51:05.180+0000][1][safepoint    ] Leaving safepoint region
[2019-12-09T04:51:05.180+0000][1][safepoint    ] Total time for which application threads were stopped: 0.0000907 seconds, Stopping threads took: 0.0000187 seconds
[2019-12-09T04:51:06.180+0000][1][safepoint    ] Application time: 1.0000749 seconds
[2019-12-09T04:51:06.180+0000][1][safepoint    ] Entering safepoint region: Cleanup
[2019-12-09T04:51:06.180+0000][1][safepoint    ] Leaving safepoint region
[2019-12-09T04:51:06.180+0000][1][safepoint    ] Total time for which application threads were stopped: 0.0000924 seconds, Stopping threads took: 0.0000198 seconds
[2019-12-09T04:51:07.180+0000][1][safepoint    ] Application time: 1.0000878 seconds
[2019-12-09T04:51:07.180+0000][1][safepoint    ] Entering safepoint region: Cleanup
[2019-12-09T04:51:07.180+0000][1][safepoint    ] Leaving safepoint region
[2019-12-09T04:51:07.180+0000][1][safepoint    ] Total time for which application threads were stopped: 0.0001426 seconds, Stopping threads took: 0.0000635 seconds
[2019-12-09T04:51:08.181+0000][1][safepoint    ] Application time: 1.0000822 seconds
[2019-12-09T04:51:08.181+0000][1][safepoint    ] Entering safepoint region: Cleanup
[2019-12-09T04:51:08.181+0000][1][safepoint    ] Leaving safepoint region
[2019-12-09T04:51:08.181+0000][1][safepoint    ] Total time for which application threads were stopped: 0.0000919 seconds, Stopping threads took: 0.0000185 seconds
[2019-12-09T04:51:09.181+0000][1][safepoint    ] Application time: 1.0000756 seconds
[2019-12-09T04:51:09.181+0000][1][safepoint    ] Entering safepoint region: Cleanup
[2019-12-09T04:51:09.181+0000][1][safepoint    ] Leaving safepoint region
[2019-12-09T04:51:09.181+0000][1][safepoint    ] Total time for which application threads were stopped: 0.0000917 seconds, Stopping threads took: 0.0000201 seconds
[2019-12-09T04:51:10.181+0000][1][safepoint    ] Application time: 1.0000751 seconds
[2019-12-09T04:51:10.181+0000][1][safepoint    ] Entering safepoint region: Cleanup
[2019-12-09T04:51:10.181+0000][1][safepoint    ] Leaving safepoint region
[2019-12-09T04:51:10.181+0000][1][safepoint    ] Total time for which application threads were stopped: 0.0000919 seconds, Stopping threads took: 0.0000188 seconds
[2019-12-09T04:51:11.181+0000][1][safepoint    ] Application time: 1.0000762 seconds
[2019-12-09T04:51:11.181+0000][1][safepoint    ] Entering safepoint region: Cleanup
[2019-12-09T04:51:11.181+0000][1][safepoint    ] Leaving safepoint region
[2019-12-09T04:51:11.181+0000][1][safepoint    ] Total time for which application threads were stopped: 0.0000914 seconds, Stopping threads took: 0.0000181 seconds
[2019-12-09T04:51:12.181+0000][1][safepoint    ] Application time: 1.0000742 seconds
[2019-12-09T04:51:12.181+0000][1][safepoint    ] Entering safepoint region: Cleanup
[2019-12-09T04:51:12.181+0000][1][safepoint    ] Leaving safepoint region
[2019-12-09T04:51:12.182+0000][1][safepoint    ] Total time for which application threads were stopped: 0.0001055 seconds, Stopping threads took: 0.0000207 seconds
[2019-12-09T04:51:13.182+0000][1][safepoint    ] Application time: 1.0000743 seconds
[2019-12-09T04:51:13.182+0000][1][safepoint    ] Entering safepoint region: Cleanup
[2019-12-09T04:51:13.182+0000][1][safepoint    ] Leaving safepoint region
[2019-12-09T04:51:13.182+0000][1][safepoint    ] Total time for which application threads were stopped: 0.0001103 seconds, Stopping threads took: 0.0000260 seconds
[2019-12-09T04:51:14.182+0000][1][safepoint    ] Application time: 1.0000745 seconds
[2019-12-09T04:51:14.182+0000][1][safepoint    ] Entering safepoint region: Cleanup
[2019-12-09T04:51:14.182+0000][1][safepoint    ] Leaving safepoint region
[2019-12-09T04:51:14.182+0000][1][safepoint    ] Total time for which application threads were stopped: 0.0001081 seconds, Stopping threads took: 0.0000351 seconds
[2019-12-09T04:51:15.182+0000][1][safepoint    ] Application time: 1.0000749 seconds
[2019-12-09T04:51:15.182+0000][1][safepoint    ] Entering safepoint region: Cleanup
[2019-12-09T04:51:15.182+0000][1][safepoint    ] Leaving safepoint region
[2019-12-09T04:51:15.182+0000][1][safepoint    ] Total time for which application threads were stopped: 0.0000899 seconds, Stopping threads took: 0.0000179 seconds
[2019-12-09T04:51:16.182+0000][1][safepoint    ] Application time: 1.0000750 seconds
[2019-12-09T04:51:16.182+0000][1][safepoint    ] Entering safepoint region: Cleanup
[2019-12-09T04:51:16.182+0000][1][safepoint    ] Leaving safepoint region
[2019-12-09T04:51:16.182+0000][1][safepoint    ] Total time for which application threads were stopped: 0.0001010 seconds, Stopping threads took: 0.0000288 seconds
[2019-12-09T04:51:17.182+0000][1][safepoint    ] Application time: 1.0000748 seconds
[2019-12-09T04:51:17.183+0000][1][safepoint    ] Entering safepoint region: Cleanup
[2019-12-09T04:51:17.183+0000][1][safepoint    ] Leaving safepoint region
[2019-12-09T04:51:17.183+0000][1][safepoint    ] Total time for which application threads were stopped: 0.0000911 seconds, Stopping threads took: 0.0000185 seconds
[2019-12-09T04:51:18.183+0000][1][safepoint    ] Application time: 1.0000753 seconds
[2019-12-09T04:51:18.183+0000][1][safepoint    ] Entering safepoint region: Cleanup
[2019-12-09T04:51:18.183+0000][1][safepoint    ] Leaving safepoint region
[2019-12-09T04:51:18.183+0000][1][safepoint    ] Total time for which application threads were stopped: 0.0000908 seconds, Stopping threads took: 0.0000188 seconds
[2019-12-09T04:51:19.183+0000][1][safepoint    ] Application time: 1.0000767 seconds
[2019-12-09T04:51:19.183+0000][1][safepoint    ] Entering safepoint region: Cleanup
[2019-12-09T04:51:19.183+0000][1][safepoint    ] Leaving safepoint region
[2019-12-09T04:51:19.183+0000][1][safepoint    ] Total time for which application threads were stopped: 0.0000916 seconds, Stopping threads took: 0.0000182 seconds
[2019-12-09T04:51:20.183+0000][1][safepoint    ] Application time: 1.0000775 seconds
[2019-12-09T04:51:20.183+0000][1][safepoint    ] Entering safepoint region: Cleanup
[2019-12-09T04:51:20.183+0000][1][safepoint    ] Leaving safepoint region
[2019-12-09T04:51:20.183+0000][1][safepoint    ] Total time for which application threads were stopped: 0.0000907 seconds, Stopping threads took: 0.0000191 seconds
[2019-12-09T04:51:21.183+0000][1][safepoint    ] Application time: 1.0000772 seconds
[2019-12-09T04:51:21.183+0000][1][safepoint    ] Entering safepoint region: Cleanup
[2019-12-09T04:51:21.183+0000][1][safepoint    ] Leaving safepoint region
[2019-12-09T04:51:21.183+0000][1][safepoint    ] Total time for which application threads were stopped: 0.0000918 seconds, Stopping threads took: 0.0000181 seconds
[2019-12-09T04:51:22.184+0000][1][safepoint    ] Application time: 1.0000773 seconds
[2019-12-09T04:51:22.184+0000][1][safepoint    ] Entering safepoint region: Cleanup
[2019-12-09T04:51:22.184+0000][1][safepoint    ] Leaving safepoint region
[2019-12-09T04:51:22.184+0000][1][safepoint    ] Total time for which application threads were stopped: 0.0001015 seconds, Stopping threads took: 0.0000184 seconds
[2019-12-09T04:51:23.184+0000][1][safepoint    ] Application time: 1.0000789 seconds
[2019-12-09T04:51:23.184+0000][1][safepoint    ] Entering safepoint region: Cleanup
[2019-12-09T04:51:23.184+0000][1][safepoint    ] Leaving safepoint region
[2019-12-09T04:51:23.184+0000][1][safepoint    ] Total time for which application threads were stopped: 0.0000985 seconds, Stopping threads took: 0.0000179 seconds
[2019-12-09T04:51:24.184+0000][1][safepoint    ] Application time: 1.0000807 seconds
[2019-12-09T04:51:24.184+0000][1][safepoint    ] Entering safepoint region: Cleanup
[2019-12-09T04:51:24.184+0000][1][safepoint    ] Leaving safepoint region
[2019-12-09T04:51:24.184+0000][1][safepoint    ] Total time for which application threads were stopped: 0.0000899 seconds, Stopping threads took: 0.0000195 seconds
[2019-12-09T04:51:25.184+0000][1][safepoint    ] Application time: 1.0000816 seconds
[2019-12-09T04:51:25.184+0000][1][safepoint    ] Entering safepoint region: Cleanup
[2019-12-09T04:51:25.184+0000][1][safepoint    ] Leaving safepoint region
[2019-12-09T04:51:25.184+0000][1][safepoint    ] Total time for which application threads were stopped: 0.0000924 seconds, Stopping threads took: 0.0000208 seconds
[2019-12-09T04:51:26.184+0000][1][safepoint    ] Application time: 1.0000775 seconds
[2019-12-09T04:51:26.184+0000][1][safepoint    ] Entering safepoint region: Cleanup
[2019-12-09T04:51:26.185+0000][1][safepoint    ] Leaving safepoint region
[2019-12-09T04:51:26.185+0000][1][safepoint    ] Total time for which application threads were stopped: 0.0000891 seconds, Stopping threads took: 0.0000178 seconds
[2019-12-09T04:51:27.185+0000][1][safepoint    ] Application time: 1.0000761 seconds
[2019-12-09T04:51:27.185+0000][1][safepoint    ] Entering safepoint region: Cleanup
[2019-12-09T04:51:27.185+0000][1][safepoint    ] Leaving safepoint region
[2019-12-09T04:51:27.185+0000][1][safepoint    ] Total time for which application threads were stopped: 0.0000919 seconds, Stopping threads took: 0.0000198 seconds
[2019-12-09T04:51:28.185+0000][1][safepoint    ] Application time: 1.0000757 seconds
[2019-12-09T04:51:28.185+0000][1][safepoint    ] Entering safepoint region: Cleanup
[2019-12-09T04:51:28.185+0000][1][safepoint    ] Leaving safepoint region
[2019-12-09T04:51:28.185+0000][1][safepoint    ] Total time for which application threads were stopped: 0.0000917 seconds, Stopping threads took: 0.0000177 seconds
[2019-12-09T04:51:29.185+0000][1][safepoint    ] Application time: 1.0000763 seconds
[2019-12-09T04:51:29.185+0000][1][safepoint    ] Entering safepoint region: Cleanup
[2019-12-09T04:51:29.185+0000][1][safepoint    ] Leaving safepoint region
[2019-12-09T04:51:29.185+0000][1][safepoint    ] Total time for which application threads were stopped: 0.0000917 seconds, Stopping threads took: 0.0000197 seconds
[2019-12-09T04:51:30.185+0000][1][safepoint    ] Application time: 1.0000771 seconds
[2019-12-09T04:51:30.185+0000][1][safepoint    ] Entering safepoint region: Cleanup
[2019-12-09T04:51:30.185+0000][1][safepoint    ] Leaving safepoint region
[2019-12-09T04:51:30.185+0000][1][safepoint    ] Total time for which application threads were stopped: 0.0000916 seconds, Stopping threads took: 0.0000203 seconds
[2019-12-09T04:51:31.186+0000][1][safepoint    ] Application time: 1.0000757 seconds
[2019-12-09T04:51:31.186+0000][1][safepoint    ] Entering safepoint region: Cleanup
[2019-12-09T04:51:31.186+0000][1][safepoint    ] Leaving safepoint region
[2019-12-09T04:51:31.186+0000][1][safepoint    ] Total time for which application threads were stopped: 0.0000948 seconds, Stopping threads took: 0.0000186 seconds
[2019-12-09T04:51:32.186+0000][1][safepoint    ] Application time: 1.0000742 seconds
[2019-12-09T04:51:32.186+0000][1][safepoint    ] Entering safepoint region: Cleanup
[2019-12-09T04:51:32.186+0000][1][safepoint    ] Leaving safepoint region
[2019-12-09T04:51:32.186+0000][1][safepoint    ] Total time for which application threads were stopped: 0.0000910 seconds, Stopping threads took: 0.0000189 seconds
[2019-12-09T04:51:33.657+0000][1][safepoint    ] Application time: 1.4713143 seconds
[2019-12-09T04:51:33.657+0000][1][safepoint    ] Entering safepoint region: Cleanup
[2019-12-09T04:51:33.657+0000][1][safepoint    ] Leaving safepoint region
[2019-12-09T04:51:33.657+0000][1][safepoint    ] Total time for which application threads were stopped: 0.0000993 seconds, Stopping threads took: 0.0000193 seconds
[2019-12-09T04:51:34.657+0000][1][safepoint    ] Application time: 1.0000758 seconds
[2019-12-09T04:51:34.657+0000][1][safepoint    ] Entering safepoint region: Cleanup
[2019-12-09T04:51:34.658+0000][1][safepoint    ] Leaving safepoint region
[2019-12-09T04:51:34.658+0000][1][safepoint    ] Total time for which application threads were stopped: 0.0000910 seconds, Stopping threads took: 0.0000181 seconds
[2019-12-09T04:51:35.658+0000][1][safepoint    ] Application time: 1.0000743 seconds
[2019-12-09T04:51:35.658+0000][1][safepoint    ] Entering safepoint region: Cleanup
[2019-12-09T04:51:35.658+0000][1][safepoint    ] Leaving safepoint region
[2019-12-09T04:51:35.658+0000][1][safepoint    ] Total time for which application threads were stopped: 0.0001057 seconds, Stopping threads took: 0.0000187 seconds
[2019-12-09T04:51:36.658+0000][1][safepoint    ] Application time: 1.0000745 seconds
[2019-12-09T04:51:36.658+0000][1][safepoint    ] Entering safepoint region: Cleanup
[2019-12-09T04:51:36.658+0000][1][safepoint    ] Leaving safepoint region
[2019-12-09T04:51:36.658+0000][1][safepoint    ] Total time for which application threads were stopped: 0.0000938 seconds, Stopping threads took: 0.0000184 seconds
[2019-12-09T04:51:37.658+0000][1][safepoint    ] Application time: 1.0000800 seconds
[2019-12-09T04:51:37.658+0000][1][safepoint    ] Entering safepoint region: Cleanup
[2019-12-09T04:51:37.658+0000][1][safepoint    ] Leaving safepoint region
[2019-12-09T04:51:37.658+0000][1][safepoint    ] Total time for which application threads were stopped: 0.0000929 seconds, Stopping threads took: 0.0000209 seconds
[2019-12-09T04:51:38.658+0000][1][safepoint    ] Application time: 1.0000780 seconds
[2019-12-09T04:51:38.658+0000][1][safepoint    ] Entering safepoint region: Cleanup
[2019-12-09T04:51:38.658+0000][1][safepoint    ] Leaving safepoint region
[2019-12-09T04:51:38.658+0000][1][safepoint    ] Total time for which application threads were stopped: 0.0000944 seconds, Stopping threads took: 0.0000190 seconds
[2019-12-09T04:51:39.658+0000][1][safepoint    ] Application time: 1.0000761 seconds
[2019-12-09T04:51:39.659+0000][1][safepoint    ] Entering safepoint region: Cleanup
[2019-12-09T04:51:39.659+0000][1][safepoint    ] Leaving safepoint region
[2019-12-09T04:51:39.659+0000][1][safepoint    ] Total time for which application threads were stopped: 0.0000888 seconds, Stopping threads took: 0.0000186 seconds
[2019-12-09T04:51:40.659+0000][1][safepoint    ] Application time: 1.0000762 seconds
[2019-12-09T04:51:40.659+0000][1][safepoint    ] Entering safepoint region: Cleanup
[2019-12-09T04:51:40.659+0000][1][safepoint    ] Leaving safepoint region
[2019-12-09T04:51:40.659+0000][1][safepoint    ] Total time for which application threads were stopped: 0.0000897 seconds, Stopping threads took: 0.0000187 seconds
[2019-12-09T04:51:41.659+0000][1][safepoint    ] Application time: 1.0000782 seconds
[2019-12-09T04:51:41.659+0000][1][safepoint    ] Entering safepoint region: Cleanup
[2019-12-09T04:51:41.659+0000][1][safepoint    ] Leaving safepoint region
[2019-12-09T04:51:41.659+0000][1][safepoint    ] Total time for which application threads were stopped: 0.0000920 seconds, Stopping threads took: 0.0000196 seconds
[2019-12-09T04:51:42.659+0000][1][safepoint    ] Application time: 1.0000759 seconds
[2019-12-09T04:51:42.659+0000][1][safepoint    ] Entering safepoint region: Cleanup
[2019-12-09T04:51:42.659+0000][1][safepoint    ] Leaving safepoint region
[2019-12-09T04:51:42.659+0000][1][safepoint    ] Total time for which application threads were stopped: 0.0000900 seconds, Stopping threads took: 0.0000194 seconds
[2019-12-09T04:51:43.659+0000][1][safepoint    ] Application time: 1.0000778 seconds
[2019-12-09T04:51:43.659+0000][1][safepoint    ] Entering safepoint region: Cleanup
[2019-12-09T04:51:43.659+0000][1][safepoint    ] Leaving safepoint region
[2019-12-09T04:51:43.659+0000][1][safepoint    ] Total time for which application threads were stopped: 0.0000977 seconds, Stopping threads took: 0.0000188 seconds
[2019-12-09T04:51:44.660+0000][1][safepoint    ] Application time: 1.0000772 seconds
[2019-12-09T04:51:44.660+0000][1][safepoint    ] Entering safepoint region: Cleanup
[2019-12-09T04:51:44.660+0000][1][safepoint    ] Leaving safepoint region
[2019-12-09T04:51:44.660+0000][1][safepoint    ] Total time for which application threads were stopped: 0.0000917 seconds, Stopping threads took: 0.0000191 seconds
[2019-12-09T04:51:45.660+0000][1][safepoint    ] Application time: 1.0000863 seconds
[2019-12-09T04:51:45.660+0000][1][safepoint    ] Entering safepoint region: Cleanup
[2019-12-09T04:51:45.660+0000][1][safepoint    ] Leaving safepoint region
[2019-12-09T04:51:45.660+0000][1][safepoint    ] Total time for which application threads were stopped: 0.0000909 seconds, Stopping threads took: 0.0000179 seconds
[2019-12-09T04:51:46.660+0000][1][safepoint    ] Application time: 1.0000765 seconds
[2019-12-09T04:51:46.660+0000][1][safepoint    ] Entering safepoint region: Cleanup
[2019-12-09T04:51:46.660+0000][1][safepoint    ] Leaving safepoint region
[2019-12-09T04:51:46.660+0000][1][safepoint    ] Total time for which application threads were stopped: 0.0000988 seconds, Stopping threads took: 0.0000263 seconds
[2019-12-09T04:51:47.660+0000][1][safepoint    ] Application time: 1.0000765 seconds
[2019-12-09T04:51:47.660+0000][1][safepoint    ] Entering safepoint region: Cleanup
[2019-12-09T04:51:47.660+0000][1][safepoint    ] Leaving safepoint region
[2019-12-09T04:51:47.660+0000][1][safepoint    ] Total time for which application threads were stopped: 0.0000890 seconds, Stopping threads took: 0.0000172 seconds
[2019-12-09T04:51:48.660+0000][1][safepoint    ] Application time: 1.0000765 seconds
[2019-12-09T04:51:48.660+0000][1][safepoint    ] Entering safepoint region: Cleanup
[2019-12-09T04:51:48.661+0000][1][safepoint    ] Leaving safepoint region
[2019-12-09T04:51:48.661+0000][1][safepoint    ] Total time for which application threads were stopped: 0.0000897 seconds, Stopping threads took: 0.0000179 seconds
[2019-12-09T04:51:49.661+0000][1][safepoint    ] Application time: 1.0000739 seconds
[2019-12-09T04:51:49.661+0000][1][safepoint    ] Entering safepoint region: Cleanup
[2019-12-09T04:51:49.661+0000][1][safepoint    ] Leaving safepoint region
[2019-12-09T04:51:49.661+0000][1][safepoint    ] Total time for which application threads were stopped: 0.0001001 seconds, Stopping threads took: 0.0000179 seconds
[2019-12-09T04:51:50.661+0000][1][safepoint    ] Application time: 1.0000774 seconds
[2019-12-09T04:51:50.661+0000][1][safepoint    ] Entering safepoint region: Cleanup
[2019-12-09T04:51:50.661+0000][1][safepoint    ] Leaving safepoint region
[2019-12-09T04:51:50.661+0000][1][safepoint    ] Total time for which application threads were stopped: 0.0000965 seconds, Stopping threads took: 0.0000174 seconds
[2019-12-09T04:51:51.661+0000][1][safepoint    ] Application time: 1.0000795 seconds
[2019-12-09T04:51:51.661+0000][1][safepoint    ] Entering safepoint region: Cleanup
[2019-12-09T04:51:51.661+0000][1][safepoint    ] Leaving safepoint region
[2019-12-09T04:51:51.661+0000][1][safepoint    ] Total time for which application threads were stopped: 0.0000949 seconds, Stopping threads took: 0.0000199 seconds
[2019-12-09T04:51:52.746+0000][1][safepoint    ] Application time: 1.0847169 seconds
[2019-12-09T04:51:52.746+0000][1][safepoint    ] Entering safepoint region: Cleanup
[2019-12-09T04:51:52.746+0000][1][safepoint    ] Leaving safepoint region
[2019-12-09T04:51:52.746+0000][1][safepoint    ] Total time for which application threads were stopped: 0.0000895 seconds, Stopping threads took: 0.0000171 seconds
[2019-12-09T04:51:53.746+0000][1][safepoint    ] Application time: 1.0000763 seconds
[2019-12-09T04:51:53.746+0000][1][safepoint    ] Entering safepoint region: Cleanup
[2019-12-09T04:51:53.746+0000][1][safepoint    ] Leaving safepoint region
[2019-12-09T04:51:53.746+0000][1][safepoint    ] Total time for which application threads were stopped: 0.0000901 seconds, Stopping threads took: 0.0000181 seconds
[2019-12-09T04:51:54.746+0000][1][safepoint    ] Application time: 1.0000758 seconds
[2019-12-09T04:51:54.746+0000][1][safepoint    ] Entering safepoint region: Cleanup
[2019-12-09T04:51:54.746+0000][1][safepoint    ] Leaving safepoint region
[2019-12-09T04:51:54.746+0000][1][safepoint    ] Total time for which application threads were stopped: 0.0000879 seconds, Stopping threads took: 0.0000181 seconds
[2019-12-09T04:51:55.747+0000][1][safepoint    ] Application time: 1.0000767 seconds
[2019-12-09T04:51:55.747+0000][1][safepoint    ] Entering safepoint region: Cleanup
[2019-12-09T04:51:55.747+0000][1][safepoint    ] Leaving safepoint region
[2019-12-09T04:51:55.747+0000][1][safepoint    ] Total time for which application threads were stopped: 0.0000897 seconds, Stopping threads took: 0.0000188 seconds
[2019-12-09T04:51:56.747+0000][1][safepoint    ] Application time: 1.0000855 seconds
[2019-12-09T04:51:56.747+0000][1][safepoint    ] Entering safepoint region: Cleanup
[2019-12-09T04:51:56.747+0000][1][safepoint    ] Leaving safepoint region
[2019-12-09T04:51:56.747+0000][1][safepoint    ] Total time for which application threads were stopped: 0.0000877 seconds, Stopping threads took: 0.0000169 seconds
[2019-12-09T04:51:57.747+0000][1][safepoint    ] Application time: 1.0000765 seconds
[2019-12-09T04:51:57.747+0000][1][safepoint    ] Entering safepoint region: Cleanup
[2019-12-09T04:51:57.747+0000][1][safepoint    ] Leaving safepoint region
[2019-12-09T04:51:57.747+0000][1][safepoint    ] Total time for which application threads were stopped: 0.0000910 seconds, Stopping threads took: 0.0000194 seconds
[2019-12-09T04:51:58.747+0000][1][safepoint    ] Application time: 1.0000752 seconds
[2019-12-09T04:51:58.747+0000][1][safepoint    ] Entering safepoint region: Cleanup
[2019-12-09T04:51:58.747+0000][1][safepoint    ] Leaving safepoint region
[2019-12-09T04:51:58.747+0000][1][safepoint    ] Total time for which application threads were stopped: 0.0000918 seconds, Stopping threads took: 0.0000189 seconds
[2019-12-09T04:51:59.747+0000][1][safepoint    ] Application time: 1.0000745 seconds
[2019-12-09T04:51:59.747+0000][1][safepoint    ] Entering safepoint region: Cleanup
[2019-12-09T04:51:59.748+0000][1][safepoint    ] Leaving safepoint region
[2019-12-09T04:51:59.748+0000][1][safepoint    ] Total time for which application threads were stopped: 0.0000890 seconds, Stopping threads took: 0.0000184 seconds
[2019-12-09T04:52:00.748+0000][1][safepoint    ] Application time: 1.0000757 seconds
[2019-12-09T04:52:00.748+0000][1][safepoint    ] Entering safepoint region: Cleanup
[2019-12-09T04:52:00.748+0000][1][safepoint    ] Leaving safepoint region
[2019-12-09T04:52:00.748+0000][1][safepoint    ] Total time for which application threads were stopped: 0.0000984 seconds, Stopping threads took: 0.0000177 seconds
[2019-12-09T04:52:01.748+0000][1][safepoint    ] Application time: 1.0000759 seconds
[2019-12-09T04:52:01.748+0000][1][safepoint    ] Entering safepoint region: Cleanup
[2019-12-09T04:52:01.748+0000][1][safepoint    ] Leaving safepoint region
[2019-12-09T04:52:01.748+0000][1][safepoint    ] Total time for which application threads were stopped: 0.0000907 seconds, Stopping threads took: 0.0000187 seconds
[2019-12-09T04:52:02.748+0000][1][safepoint    ] Application time: 1.0000773 seconds
[2019-12-09T04:52:02.748+0000][1][safepoint    ] Entering safepoint region: Cleanup
[2019-12-09T04:52:02.748+0000][1][safepoint    ] Leaving safepoint region
[2019-12-09T04:52:02.748+0000][1][safepoint    ] Total time for which application threads were stopped: 0.0000896 seconds, Stopping threads took: 0.0000189 seconds
[2019-12-09T04:52:03.748+0000][1][safepoint    ] Application time: 1.0000774 seconds
[2019-12-09T04:52:03.748+0000][1][safepoint    ] Entering safepoint region: Cleanup
[2019-12-09T04:52:03.748+0000][1][safepoint    ] Leaving safepoint region
[2019-12-09T04:52:03.748+0000][1][safepoint    ] Total time for which application threads were stopped: 0.0000966 seconds, Stopping threads took: 0.0000199 seconds
[2019-12-09T04:52:04.748+0000][1][safepoint    ] Application time: 1.0000784 seconds
[2019-12-09T04:52:04.749+0000][1][safepoint    ] Entering safepoint region: Cleanup
[2019-12-09T04:52:04.749+0000][1][safepoint    ] Leaving safepoint region
[2019-12-09T04:52:04.749+0000][1][safepoint    ] Total time for which application threads were stopped: 0.0000903 seconds, Stopping threads took: 0.0000194 seconds
[2019-12-09T04:52:05.749+0000][1][safepoint    ] Application time: 1.0000877 seconds
[2019-12-09T04:52:05.749+0000][1][safepoint    ] Entering safepoint region: Cleanup
[2019-12-09T04:52:05.749+0000][1][safepoint    ] Leaving safepoint region
[2019-12-09T04:52:05.749+0000][1][safepoint    ] Total time for which application threads were stopped: 0.0000918 seconds, Stopping threads took: 0.0000189 seconds
[2019-12-09T04:52:06.749+0000][1][safepoint    ] Application time: 1.0000778 seconds
[2019-12-09T04:52:06.749+0000][1][safepoint    ] Entering safepoint region: Cleanup
[2019-12-09T04:52:06.749+0000][1][safepoint    ] Leaving safepoint region
[2019-12-09T04:52:06.749+0000][1][safepoint    ] Total time for which application threads were stopped: 0.0000922 seconds, Stopping threads took: 0.0000194 seconds
[2019-12-09T04:52:07.749+0000][1][safepoint    ] Application time: 1.0000792 seconds
[2019-12-09T04:52:07.749+0000][1][safepoint    ] Entering safepoint region: Cleanup
[2019-12-09T04:52:07.749+0000][1][safepoint    ] Leaving safepoint region
[2019-12-09T04:52:07.749+0000][1][safepoint    ] Total time for which application threads were stopped: 0.0000917 seconds, Stopping threads took: 0.0000183 seconds
[2019-12-09T04:52:08.749+0000][1][safepoint    ] Application time: 1.0000757 seconds
[2019-12-09T04:52:08.749+0000][1][safepoint    ] Entering safepoint region: Cleanup
[2019-12-09T04:52:08.749+0000][1][safepoint    ] Leaving safepoint region
[2019-12-09T04:52:08.749+0000][1][safepoint    ] Total time for which application threads were stopped: 0.0000893 seconds, Stopping threads took: 0.0000179 seconds
[2019-12-09T04:52:09.750+0000][1][safepoint    ] Application time: 1.0000776 seconds
[2019-12-09T04:52:09.750+0000][1][safepoint    ] Entering safepoint region: Cleanup
[2019-12-09T04:52:09.750+0000][1][safepoint    ] Leaving safepoint region
[2019-12-09T04:52:09.750+0000][1][safepoint    ] Total time for which application threads were stopped: 0.0000917 seconds, Stopping threads took: 0.0000190 seconds
[2019-12-09T04:52:10.750+0000][1][safepoint    ] Application time: 1.0000808 seconds
[2019-12-09T04:52:10.750+0000][1][safepoint    ] Entering safepoint region: Cleanup
[2019-12-09T04:52:10.750+0000][1][safepoint    ] Leaving safepoint region
[2019-12-09T04:52:10.750+0000][1][safepoint    ] Total time for which application threads were stopped: 0.0000887 seconds, Stopping threads took: 0.0000176 seconds
[2019-12-09T04:52:11.750+0000][1][safepoint    ] Application time: 1.0000764 seconds
[2019-12-09T04:52:11.750+0000][1][safepoint    ] Entering safepoint region: Cleanup
[2019-12-09T04:52:11.750+0000][1][safepoint    ] Leaving safepoint region
[2019-12-09T04:52:11.750+0000][1][safepoint    ] Total time for which application threads were stopped: 0.0000889 seconds, Stopping threads took: 0.0000167 seconds
[2019-12-09T04:52:12.750+0000][1][safepoint    ] Application time: 1.0000760 seconds
[2019-12-09T04:52:12.750+0000][1][safepoint    ] Entering safepoint region: Cleanup
[2019-12-09T04:52:12.750+0000][1][safepoint    ] Leaving safepoint region
[2019-12-09T04:52:12.750+0000][1][safepoint    ] Total time for which application threads were stopped: 0.0000957 seconds, Stopping threads took: 0.0000192 seconds
[2019-12-09T04:52:13.750+0000][1][safepoint    ] Application time: 1.0000763 seconds
[2019-12-09T04:52:13.750+0000][1][safepoint    ] Entering safepoint region: Cleanup
[2019-12-09T04:52:13.751+0000][1][safepoint    ] Leaving safepoint region
[2019-12-09T04:52:13.751+0000][1][safepoint    ] Total time for which application threads were stopped: 0.0000882 seconds, Stopping threads took: 0.0000178 seconds
[2019-12-09T04:52:14.751+0000][1][safepoint    ] Application time: 1.0000777 seconds
[2019-12-09T04:52:14.751+0000][1][safepoint    ] Entering safepoint region: Cleanup
[2019-12-09T04:52:14.751+0000][1][safepoint    ] Leaving safepoint region
[2019-12-09T04:52:14.751+0000][1][safepoint    ] Total time for which application threads were stopped: 0.0001005 seconds, Stopping threads took: 0.0000180 seconds
[2019-12-09T04:52:15.751+0000][1][safepoint    ] Application time: 1.0000766 seconds
[2019-12-09T04:52:15.751+0000][1][safepoint    ] Entering safepoint region: Cleanup
[2019-12-09T04:52:15.751+0000][1][safepoint    ] Leaving safepoint region
[2019-12-09T04:52:15.751+0000][1][safepoint    ] Total time for which application threads were stopped: 0.0000905 seconds, Stopping threads took: 0.0000174 seconds
[2019-12-09T04:52:16.751+0000][1][safepoint    ] Application time: 1.0000774 seconds
[2019-12-09T04:52:16.751+0000][1][safepoint    ] Entering safepoint region: Cleanup
[2019-12-09T04:52:16.751+0000][1][safepoint    ] Leaving safepoint region
[2019-12-09T04:52:16.751+0000][1][safepoint    ] Total time for which application threads were stopped: 0.0000980 seconds, Stopping threads took: 0.0000268 seconds
[2019-12-09T04:52:17.751+0000][1][safepoint    ] Application time: 1.0000779 seconds
[2019-12-09T04:52:17.751+0000][1][safepoint    ] Entering safepoint region: Cleanup
[2019-12-09T04:52:17.751+0000][1][safepoint    ] Leaving safepoint region
[2019-12-09T04:52:17.751+0000][1][safepoint    ] Total time for which application threads were stopped: 0.0000885 seconds, Stopping threads took: 0.0000177 seconds
[2019-12-09T04:52:18.751+0000][1][safepoint    ] Application time: 1.0000746 seconds
[2019-12-09T04:52:18.752+0000][1][safepoint    ] Entering safepoint region: Cleanup
[2019-12-09T04:52:18.752+0000][1][safepoint    ] Leaving safepoint region
[2019-12-09T04:52:18.752+0000][1][safepoint    ] Total time for which application threads were stopped: 0.0000903 seconds, Stopping threads took: 0.0000193 seconds
[2019-12-09T04:52:19.752+0000][1][safepoint    ] Application time: 1.0000834 seconds
[2019-12-09T04:52:19.752+0000][1][safepoint    ] Entering safepoint region: Cleanup
[2019-12-09T04:52:19.752+0000][1][safepoint    ] Leaving safepoint region
[2019-12-09T04:52:19.752+0000][1][safepoint    ] Total time for which application threads were stopped: 0.0000923 seconds, Stopping threads took: 0.0000187 seconds
[2019-12-09T04:52:20.752+0000][1][safepoint    ] Application time: 1.0000761 seconds
[2019-12-09T04:52:20.752+0000][1][safepoint    ] Entering safepoint region: Cleanup
[2019-12-09T04:52:20.752+0000][1][safepoint    ] Leaving safepoint region
[2019-12-09T04:52:20.752+0000][1][safepoint    ] Total time for which application threads were stopped: 0.0000898 seconds, Stopping threads took: 0.0000177 seconds
[2019-12-09T04:52:21.752+0000][1][safepoint    ] Application time: 1.0000768 seconds
[2019-12-09T04:52:21.752+0000][1][safepoint    ] Entering safepoint region: Cleanup
[2019-12-09T04:52:21.752+0000][1][safepoint    ] Leaving safepoint region
[2019-12-09T04:52:21.752+0000][1][safepoint    ] Total time for which application threads were stopped: 0.0000939 seconds, Stopping threads took: 0.0000188 seconds
[2019-12-09T04:52:22.762+0000][1][safepoint    ] Application time: 1.0096394 seconds
[2019-12-09T04:52:22.762+0000][1][safepoint    ] Entering safepoint region: Cleanup
[2019-12-09T04:52:22.762+0000][1][safepoint    ] Leaving safepoint region
[2019-12-09T04:52:22.762+0000][1][safepoint    ] Total time for which application threads were stopped: 0.0000941 seconds, Stopping threads took: 0.0000192 seconds
[2019-12-09T04:52:23.762+0000][1][safepoint    ] Application time: 1.0000820 seconds
[2019-12-09T04:52:23.762+0000][1][safepoint    ] Entering safepoint region: Cleanup
[2019-12-09T04:52:23.762+0000][1][safepoint    ] Leaving safepoint region
[2019-12-09T04:52:23.762+0000][1][safepoint    ] Total time for which application threads were stopped: 0.0000870 seconds, Stopping threads took: 0.0000171 seconds
[2019-12-09T04:52:24.762+0000][1][safepoint    ] Application time: 1.0000771 seconds
[2019-12-09T04:52:24.762+0000][1][safepoint    ] Entering safepoint region: Cleanup
[2019-12-09T04:52:24.762+0000][1][safepoint    ] Leaving safepoint region
[2019-12-09T04:52:24.762+0000][1][safepoint    ] Total time for which application threads were stopped: 0.0000906 seconds, Stopping threads took: 0.0000195 seconds
[2019-12-09T04:52:25.763+0000][1][safepoint    ] Application time: 1.0000767 seconds
[2019-12-09T04:52:25.763+0000][1][safepoint    ] Entering safepoint region: Cleanup
[2019-12-09T04:52:25.763+0000][1][safepoint    ] Leaving safepoint region
[2019-12-09T04:52:25.763+0000][1][safepoint    ] Total time for which application threads were stopped: 0.0000912 seconds, Stopping threads took: 0.0000195 seconds
[2019-12-09T04:52:26.763+0000][1][safepoint    ] Application time: 1.0000757 seconds
[2019-12-09T04:52:26.763+0000][1][safepoint    ] Entering safepoint region: Cleanup
[2019-12-09T04:52:26.763+0000][1][safepoint    ] Leaving safepoint region
[2019-12-09T04:52:26.763+0000][1][safepoint    ] Total time for which application threads were stopped: 0.0000940 seconds, Stopping threads took: 0.0000239 seconds
[2019-12-09T04:52:27.763+0000][1][safepoint    ] Application time: 1.0000762 seconds
[2019-12-09T04:52:27.763+0000][1][safepoint    ] Entering safepoint region: Cleanup
[2019-12-09T04:52:27.763+0000][1][safepoint    ] Leaving safepoint region
[2019-12-09T04:52:27.763+0000][1][safepoint    ] Total time for which application threads were stopped: 0.0000911 seconds, Stopping threads took: 0.0000201 seconds
[2019-12-09T04:52:28.763+0000][1][safepoint    ] Application time: 1.0000772 seconds
[2019-12-09T04:52:28.763+0000][1][safepoint    ] Entering safepoint region: Cleanup
[2019-12-09T04:52:28.763+0000][1][safepoint    ] Leaving safepoint region
[2019-12-09T04:52:28.763+0000][1][safepoint    ] Total time for which application threads were stopped: 0.0000889 seconds, Stopping threads took: 0.0000180 seconds
[2019-12-09T04:52:29.763+0000][1][safepoint    ] Application time: 1.0000777 seconds
[2019-12-09T04:52:29.763+0000][1][safepoint    ] Entering safepoint region: Cleanup
[2019-12-09T04:52:29.764+0000][1][safepoint    ] Leaving safepoint region
[2019-12-09T04:52:29.764+0000][1][safepoint    ] Total time for which application threads were stopped: 0.0000859 seconds, Stopping threads took: 0.0000178 seconds
[2019-12-09T04:52:30.764+0000][1][safepoint    ] Application time: 1.0000763 seconds
[2019-12-09T04:52:30.764+0000][1][safepoint    ] Entering safepoint region: Cleanup
[2019-12-09T04:52:30.764+0000][1][safepoint    ] Leaving safepoint region
[2019-12-09T04:52:30.764+0000][1][safepoint    ] Total time for which application threads were stopped: 0.0000987 seconds, Stopping threads took: 0.0000173 seconds
[2019-12-09T04:52:31.764+0000][1][safepoint    ] Application time: 1.0000750 seconds
[2019-12-09T04:52:31.764+0000][1][safepoint    ] Entering safepoint region: Cleanup
[2019-12-09T04:52:31.764+0000][1][safepoint    ] Leaving safepoint region
[2019-12-09T04:52:31.764+0000][1][safepoint    ] Total time for which application threads were stopped: 0.0000840 seconds, Stopping threads took: 0.0000164 seconds
[2019-12-09T04:52:32.764+0000][1][safepoint    ] Application time: 1.0000754 seconds
[2019-12-09T04:52:32.764+0000][1][safepoint    ] Entering safepoint region: Cleanup
[2019-12-09T04:52:32.764+0000][1][safepoint    ] Leaving safepoint region
[2019-12-09T04:52:32.764+0000][1][safepoint    ] Total time for which application threads were stopped: 0.0000886 seconds, Stopping threads took: 0.0000194 seconds
[2019-12-09T04:52:33.764+0000][1][safepoint    ] Application time: 1.0000757 seconds
[2019-12-09T04:52:33.764+0000][1][safepoint    ] Entering safepoint region: Cleanup
[2019-12-09T04:52:33.764+0000][1][safepoint    ] Leaving safepoint region
[2019-12-09T04:52:33.764+0000][1][safepoint    ] Total time for which application threads were stopped: 0.0000876 seconds, Stopping threads took: 0.0000182 seconds
[2019-12-09T04:52:34.764+0000][1][safepoint    ] Application time: 1.0000759 seconds
[2019-12-09T04:52:34.764+0000][1][safepoint    ] Entering safepoint region: Cleanup
[2019-12-09T04:52:34.765+0000][1][safepoint    ] Leaving safepoint region
[2019-12-09T04:52:34.765+0000][1][safepoint    ] Total time for which application threads were stopped: 0.0000855 seconds, Stopping threads took: 0.0000186 seconds
[2019-12-09T04:52:35.765+0000][1][safepoint    ] Application time: 1.0000761 seconds
[2019-12-09T04:52:35.765+0000][1][safepoint    ] Entering safepoint region: Cleanup
[2019-12-09T04:52:35.765+0000][1][safepoint    ] Leaving safepoint region
[2019-12-09T04:52:35.765+0000][1][safepoint    ] Total time for which application threads were stopped: 0.0000965 seconds, Stopping threads took: 0.0000182 seconds
[2019-12-09T04:52:36.765+0000][1][safepoint    ] Application time: 1.0000764 seconds
[2019-12-09T04:52:36.765+0000][1][safepoint    ] Entering safepoint region: Cleanup
[2019-12-09T04:52:36.765+0000][1][safepoint    ] Leaving safepoint region
[2019-12-09T04:52:36.765+0000][1][safepoint    ] Total time for which application threads were stopped: 0.0000871 seconds, Stopping threads took: 0.0000185 seconds
[2019-12-09T04:52:37.765+0000][1][safepoint    ] Application time: 1.0000745 seconds
[2019-12-09T04:52:37.765+0000][1][safepoint    ] Entering safepoint region: Cleanup
[2019-12-09T04:52:37.765+0000][1][safepoint    ] Leaving safepoint region
[2019-12-09T04:52:37.765+0000][1][safepoint    ] Total time for which application threads were stopped: 0.0000885 seconds, Stopping threads took: 0.0000182 seconds
[2019-12-09T04:52:38.765+0000][1][safepoint    ] Application time: 1.0000749 seconds
[2019-12-09T04:52:38.765+0000][1][safepoint    ] Entering safepoint region: Cleanup
[2019-12-09T04:52:38.765+0000][1][safepoint    ] Leaving safepoint region
[2019-12-09T04:52:38.765+0000][1][safepoint    ] Total time for which application threads were stopped: 0.0000836 seconds, Stopping threads took: 0.0000171 seconds
[2019-12-09T04:52:39.765+0000][1][safepoint    ] Application time: 1.0000755 seconds
[2019-12-09T04:52:39.765+0000][1][safepoint    ] Entering safepoint region: Cleanup
[2019-12-09T04:52:39.765+0000][1][safepoint    ] Leaving safepoint region
[2019-12-09T04:52:39.765+0000][1][safepoint    ] Total time for which application threads were stopped: 0.0000839 seconds, Stopping threads took: 0.0000170 seconds
[2019-12-09T04:52:40.766+0000][1][safepoint    ] Application time: 1.0000742 seconds
[2019-12-09T04:52:40.766+0000][1][safepoint    ] Entering safepoint region: Cleanup
[2019-12-09T04:52:40.766+0000][1][safepoint    ] Leaving safepoint region
[2019-12-09T04:52:40.766+0000][1][safepoint    ] Total time for which application threads were stopped: 0.0000955 seconds, Stopping threads took: 0.0000186 seconds
[2019-12-09T04:52:41.766+0000][1][safepoint    ] Application time: 1.0000750 seconds
[2019-12-09T04:52:41.766+0000][1][safepoint    ] Entering safepoint region: Cleanup
[2019-12-09T04:52:41.766+0000][1][safepoint    ] Leaving safepoint region
[2019-12-09T04:52:41.766+0000][1][safepoint    ] Total time for which application threads were stopped: 0.0000878 seconds, Stopping threads took: 0.0000173 seconds
[2019-12-09T04:52:42.766+0000][1][safepoint    ] Application time: 1.0000742 seconds
[2019-12-09T04:52:42.766+0000][1][safepoint    ] Entering safepoint region: Cleanup
[2019-12-09T04:52:42.766+0000][1][safepoint    ] Leaving safepoint region
[2019-12-09T04:52:42.766+0000][1][safepoint    ] Total time for which application threads were stopped: 0.0000836 seconds, Stopping threads took: 0.0000165 seconds
[2019-12-09T04:52:43.766+0000][1][safepoint    ] Application time: 1.0000733 seconds
[2019-12-09T04:52:43.766+0000][1][safepoint    ] Entering safepoint region: Cleanup
[2019-12-09T04:52:43.766+0000][1][safepoint    ] Leaving safepoint region
[2019-12-09T04:52:43.766+0000][1][safepoint    ] Total time for which application threads were stopped: 0.0000838 seconds, Stopping threads took: 0.0000165 seconds
[2019-12-09T04:52:44.766+0000][1][safepoint    ] Application time: 1.0000756 seconds
[2019-12-09T04:52:44.766+0000][1][safepoint    ] Entering safepoint region: Cleanup
[2019-12-09T04:52:44.766+0000][1][safepoint    ] Leaving safepoint region
[2019-12-09T04:52:44.766+0000][1][safepoint    ] Total time for which application threads were stopped: 0.0000886 seconds, Stopping threads took: 0.0000179 seconds
[2019-12-09T04:52:45.767+0000][1][safepoint    ] Application time: 1.0000792 seconds
[2019-12-09T04:52:45.767+0000][1][safepoint    ] Entering safepoint region: Cleanup
[2019-12-09T04:52:45.767+0000][1][safepoint    ] Leaving safepoint region
[2019-12-09T04:52:45.767+0000][1][safepoint    ] Total time for which application threads were stopped: 0.0000873 seconds, Stopping threads took: 0.0000194 seconds
[2019-12-09T04:52:46.767+0000][1][safepoint    ] Application time: 1.0000743 seconds
[2019-12-09T04:52:46.767+0000][1][safepoint    ] Entering safepoint region: Cleanup
[2019-12-09T04:52:46.767+0000][1][safepoint    ] Leaving safepoint region
[2019-12-09T04:52:46.767+0000][1][safepoint    ] Total time for which application threads were stopped: 0.0000865 seconds, Stopping threads took: 0.0000181 seconds
[2019-12-09T04:52:47.767+0000][1][safepoint    ] Application time: 1.0000771 seconds
[2019-12-09T04:52:47.767+0000][1][safepoint    ] Entering safepoint region: Cleanup
[2019-12-09T04:52:47.767+0000][1][safepoint    ] Leaving safepoint region
[2019-12-09T04:52:47.767+0000][1][safepoint    ] Total time for which application threads were stopped: 0.0000830 seconds, Stopping threads took: 0.0000173 seconds
[2019-12-09T04:52:48.767+0000][1][safepoint    ] Application time: 1.0000760 seconds
[2019-12-09T04:52:48.767+0000][1][safepoint    ] Entering safepoint region: Cleanup
[2019-12-09T04:52:48.767+0000][1][safepoint    ] Leaving safepoint region
[2019-12-09T04:52:48.767+0000][1][safepoint    ] Total time for which application threads were stopped: 0.0000875 seconds, Stopping threads took: 0.0000189 seconds
[2019-12-09T04:52:49.767+0000][1][safepoint    ] Application time: 1.0000773 seconds
[2019-12-09T04:52:49.767+0000][1][safepoint    ] Entering safepoint region: Cleanup
[2019-12-09T04:52:49.767+0000][1][safepoint    ] Leaving safepoint region
[2019-12-09T04:52:49.767+0000][1][safepoint    ] Total time for which application threads were stopped: 0.0000861 seconds, Stopping threads took: 0.0000180 seconds
[2019-12-09T04:52:50.768+0000][1][safepoint    ] Application time: 1.0000753 seconds
[2019-12-09T04:52:50.768+0000][1][safepoint    ] Entering safepoint region: Cleanup
[2019-12-09T04:52:50.768+0000][1][safepoint    ] Leaving safepoint region
[2019-12-09T04:52:50.768+0000][1][safepoint    ] Total time for which application threads were stopped: 0.0000890 seconds, Stopping threads took: 0.0000179 seconds
[2019-12-09T04:52:51.768+0000][1][safepoint    ] Application time: 1.0000759 seconds
[2019-12-09T04:52:51.768+0000][1][safepoint    ] Entering safepoint region: Cleanup
[2019-12-09T04:52:51.768+0000][1][safepoint    ] Leaving safepoint region
[2019-12-09T04:52:51.768+0000][1][safepoint    ] Total time for which application threads were stopped: 0.0000860 seconds, Stopping threads took: 0.0000175 seconds
[2019-12-09T04:52:52.771+0000][1][safepoint    ] Application time: 1.0036098 seconds
[2019-12-09T04:52:52.771+0000][1][safepoint    ] Entering safepoint region: Cleanup
[2019-12-09T04:52:52.772+0000][1][safepoint    ] Leaving safepoint region
[2019-12-09T04:52:52.772+0000][1][safepoint    ] Total time for which application threads were stopped: 0.0000859 seconds, Stopping threads took: 0.0000182 seconds
[2019-12-09T04:52:53.772+0000][1][safepoint    ] Application time: 1.0000749 seconds
[2019-12-09T04:52:53.772+0000][1][safepoint    ] Entering safepoint region: Cleanup
[2019-12-09T04:52:53.772+0000][1][safepoint    ] Leaving safepoint region
[2019-12-09T04:52:53.772+0000][1][safepoint    ] Total time for which application threads were stopped: 0.0000999 seconds, Stopping threads took: 0.0000162 seconds
[2019-12-09T04:52:53.885+0000][1][safepoint    ] Application time: 0.1129032 seconds
[2019-12-09T04:52:53.885+0000][1][safepoint    ] Entering safepoint region: GenCollectForAllocation
[2019-12-09T04:52:53.885+0000][1][gc,start     ] GC(62) Pause Young (Allocation Failure)
[2019-12-09T04:52:53.885+0000][1][gc,task      ] GC(62) Using 2 workers of 2 for evacuation
[2019-12-09T04:52:53.886+0000][1][gc,age       ] GC(62) Desired survivor size 4456448 bytes, new threshold 6 (max threshold 6)
[2019-12-09T04:52:53.886+0000][1][gc,age       ] GC(62) Age table with threshold 6 (max threshold 6)
[2019-12-09T04:52:53.886+0000][1][gc,age       ] GC(62) - age   1:       8664 bytes,       8664 total
[2019-12-09T04:52:53.886+0000][1][gc,age       ] GC(62) - age   2:        864 bytes,       9528 total
[2019-12-09T04:52:53.886+0000][1][gc,age       ] GC(62) - age   3:        856 bytes,      10384 total
[2019-12-09T04:52:53.886+0000][1][gc,age       ] GC(62) - age   4:        936 bytes,      11320 total
[2019-12-09T04:52:53.886+0000][1][gc,age       ] GC(62) - age   5:       1552 bytes,      12872 total
[2019-12-09T04:52:53.886+0000][1][gc,age       ] GC(62) - age   6:       1448 bytes,      14320 total
[2019-12-09T04:52:53.886+0000][1][gc,heap      ] GC(62) ParNew: 69974K->16K(78656K)
[2019-12-09T04:52:53.886+0000][1][gc,heap      ] GC(62) CMS: 75936K->75938K(174784K)
[2019-12-09T04:52:53.886+0000][1][gc,metaspace ] GC(62) Metaspace: 80201K->80201K(1122304K)
[2019-12-09T04:52:53.886+0000][1][gc           ] GC(62) Pause Young (Allocation Failure) 142M->74M(247M) 1.594ms
[2019-12-09T04:52:53.886+0000][1][gc,cpu       ] GC(62) User=0.00s Sys=0.00s Real=0.00s
[2019-12-09T04:52:53.886+0000][1][safepoint    ] Leaving safepoint region
[2019-12-09T04:52:53.886+0000][1][safepoint    ] Total time for which application threads were stopped: 0.0017514 seconds, Stopping threads took: 0.0000185 seconds
[2019-12-09T04:52:54.887+0000][1][safepoint    ] Application time: 1.0000855 seconds
[2019-12-09T04:52:54.887+0000][1][safepoint    ] Entering safepoint region: Cleanup
[2019-12-09T04:52:54.887+0000][1][safepoint    ] Leaving safepoint region
[2019-12-09T04:52:54.887+0000][1][safepoint    ] Total time for which application threads were stopped: 0.0001258 seconds, Stopping threads took: 0.0000317 seconds
[2019-12-09T04:52:55.887+0000][1][safepoint    ] Application time: 1.0000793 seconds
[2019-12-09T04:52:55.887+0000][1][safepoint    ] Entering safepoint region: Cleanup
[2019-12-09T04:52:55.887+0000][1][safepoint    ] Leaving safepoint region
[2019-12-09T04:52:55.887+0000][1][safepoint    ] Total time for which application threads were stopped: 0.0000960 seconds, Stopping threads took: 0.0000198 seconds
[2019-12-09T04:52:56.887+0000][1][safepoint    ] Application time: 1.0000773 seconds
[2019-12-09T04:52:56.887+0000][1][safepoint    ] Entering safepoint region: Cleanup
[2019-12-09T04:52:56.887+0000][1][safepoint    ] Leaving safepoint region
[2019-12-09T04:52:56.887+0000][1][safepoint    ] Total time for which application threads were stopped: 0.0000949 seconds, Stopping threads took: 0.0000262 seconds
[2019-12-09T04:52:57.887+0000][1][safepoint    ] Application time: 1.0000763 seconds
[2019-12-09T04:52:57.887+0000][1][safepoint    ] Entering safepoint region: Cleanup
[2019-12-09T04:52:57.887+0000][1][safepoint    ] Leaving safepoint region
[2019-12-09T04:52:57.887+0000][1][safepoint    ] Total time for which application threads were stopped: 0.0000882 seconds, Stopping threads took: 0.0000179 seconds
[2019-12-09T04:52:58.887+0000][1][safepoint    ] Application time: 1.0000776 seconds
[2019-12-09T04:52:58.887+0000][1][safepoint    ] Entering safepoint region: Cleanup
[2019-12-09T04:52:58.888+0000][1][safepoint    ] Leaving safepoint region
[2019-12-09T04:52:58.888+0000][1][safepoint    ] Total time for which application threads were stopped: 0.0000861 seconds, Stopping threads took: 0.0000174 seconds
[2019-12-09T04:52:59.888+0000][1][safepoint    ] Application time: 1.0000787 seconds
[2019-12-09T04:52:59.888+0000][1][safepoint    ] Entering safepoint region: Cleanup
[2019-12-09T04:52:59.888+0000][1][safepoint    ] Leaving safepoint region
[2019-12-09T04:52:59.888+0000][1][safepoint    ] Total time for which application threads were stopped: 0.0001082 seconds, Stopping threads took: 0.0000359 seconds
[2019-12-09T04:53:00.888+0000][1][safepoint    ] Application time: 1.0000788 seconds
[2019-12-09T04:53:00.888+0000][1][safepoint    ] Entering safepoint region: Cleanup
[2019-12-09T04:53:00.888+0000][1][safepoint    ] Leaving safepoint region
[2019-12-09T04:53:00.888+0000][1][safepoint    ] Total time for which application threads were stopped: 0.0000920 seconds, Stopping threads took: 0.0000173 seconds
[2019-12-09T04:53:01.888+0000][1][safepoint    ] Application time: 1.0000792 seconds
[2019-12-09T04:53:01.888+0000][1][safepoint    ] Entering safepoint region: Cleanup
[2019-12-09T04:53:01.888+0000][1][safepoint    ] Leaving safepoint region
[2019-12-09T04:53:01.888+0000][1][safepoint    ] Total time for which application threads were stopped: 0.0000893 seconds, Stopping threads took: 0.0000179 seconds
[2019-12-09T04:53:02.888+0000][1][safepoint    ] Application time: 1.0000793 seconds
[2019-12-09T04:53:02.888+0000][1][safepoint    ] Entering safepoint region: Cleanup
[2019-12-09T04:53:02.888+0000][1][safepoint    ] Leaving safepoint region
[2019-12-09T04:53:02.888+0000][1][safepoint    ] Total time for which application threads were stopped: 0.0000860 seconds, Stopping threads took: 0.0000159 seconds
[2019-12-09T04:53:03.888+0000][1][safepoint    ] Application time: 1.0000800 seconds
[2019-12-09T04:53:03.889+0000][1][safepoint    ] Entering safepoint region: Cleanup
[2019-12-09T04:53:03.889+0000][1][safepoint    ] Leaving safepoint region
[2019-12-09T04:53:03.889+0000][1][safepoint    ] Total time for which application threads were stopped: 0.0001005 seconds, Stopping threads took: 0.0000181 seconds
[2019-12-09T04:53:04.889+0000][1][safepoint    ] Application time: 1.0000793 seconds
[2019-12-09T04:53:04.889+0000][1][safepoint    ] Entering safepoint region: Cleanup
[2019-12-09T04:53:04.889+0000][1][safepoint    ] Leaving safepoint region
[2019-12-09T04:53:04.889+0000][1][safepoint    ] Total time for which application threads were stopped: 0.0000904 seconds, Stopping threads took: 0.0000178 seconds
[2019-12-09T04:53:05.889+0000][1][safepoint    ] Application time: 1.0002810 seconds
[2019-12-09T04:53:05.889+0000][1][safepoint    ] Entering safepoint region: Cleanup
[2019-12-09T04:53:05.889+0000][1][safepoint    ] Leaving safepoint region
[2019-12-09T04:53:05.889+0000][1][safepoint    ] Total time for which application threads were stopped: 0.0001335 seconds, Stopping threads took: 0.0000245 seconds
[2019-12-09T04:53:06.889+0000][1][safepoint    ] Application time: 1.0001132 seconds
[2019-12-09T04:53:06.889+0000][1][safepoint    ] Entering safepoint region: Cleanup
[2019-12-09T04:53:06.890+0000][1][safepoint    ] Leaving safepoint region
[2019-12-09T04:53:06.890+0000][1][safepoint    ] Total time for which application threads were stopped: 0.0001017 seconds, Stopping threads took: 0.0000248 seconds
[2019-12-09T04:53:07.890+0000][1][safepoint    ] Application time: 1.0001938 seconds
[2019-12-09T04:53:07.890+0000][1][safepoint    ] Entering safepoint region: Cleanup
[2019-12-09T04:53:07.890+0000][1][safepoint    ] Leaving safepoint region
[2019-12-09T04:53:07.890+0000][1][safepoint    ] Total time for which application threads were stopped: 0.0001307 seconds, Stopping threads took: 0.0000278 seconds
[2019-12-09T04:53:08.890+0000][1][safepoint    ] Application time: 1.0002005 seconds
[2019-12-09T04:53:08.890+0000][1][safepoint    ] Entering safepoint region: Cleanup
[2019-12-09T04:53:08.890+0000][1][safepoint    ] Leaving safepoint region
[2019-12-09T04:53:08.890+0000][1][safepoint    ] Total time for which application threads were stopped: 0.0001426 seconds, Stopping threads took: 0.0000256 seconds
[2019-12-09T04:53:09.891+0000][1][safepoint    ] Application time: 1.0002010 seconds
[2019-12-09T04:53:09.891+0000][1][safepoint    ] Entering safepoint region: Cleanup
[2019-12-09T04:53:09.891+0000][1][safepoint    ] Leaving safepoint region
[2019-12-09T04:53:09.891+0000][1][safepoint    ] Total time for which application threads were stopped: 0.0001681 seconds, Stopping threads took: 0.0000253 seconds
[2019-12-09T04:53:10.891+0000][1][safepoint    ] Application time: 1.0001073 seconds
[2019-12-09T04:53:10.891+0000][1][safepoint    ] Entering safepoint region: Cleanup
[2019-12-09T04:53:10.891+0000][1][safepoint    ] Leaving safepoint region
[2019-12-09T04:53:10.891+0000][1][safepoint    ] Total time for which application threads were stopped: 0.0001331 seconds, Stopping threads took: 0.0000328 seconds
[2019-12-09T04:53:11.891+0000][1][safepoint    ] Application time: 1.0000803 seconds
[2019-12-09T04:53:11.891+0000][1][safepoint    ] Entering safepoint region: Cleanup
[2019-12-09T04:53:11.891+0000][1][safepoint    ] Leaving safepoint region
[2019-12-09T04:53:11.891+0000][1][safepoint    ] Total time for which application threads were stopped: 0.0001452 seconds, Stopping threads took: 0.0000502 seconds
[2019-12-09T04:53:12.891+0000][1][safepoint    ] Application time: 1.0000936 seconds
[2019-12-09T04:53:12.891+0000][1][safepoint    ] Entering safepoint region: Cleanup
[2019-12-09T04:53:12.892+0000][1][safepoint    ] Leaving safepoint region
[2019-12-09T04:53:12.892+0000][1][safepoint    ] Total time for which application threads were stopped: 0.0000922 seconds, Stopping threads took: 0.0000183 seconds
[2019-12-09T04:53:13.892+0000][1][safepoint    ] Application time: 1.0001510 seconds
[2019-12-09T04:53:13.892+0000][1][safepoint    ] Entering safepoint region: Cleanup
[2019-12-09T04:53:13.892+0000][1][safepoint    ] Leaving safepoint region
[2019-12-09T04:53:13.892+0000][1][safepoint    ] Total time for which application threads were stopped: 0.0000915 seconds, Stopping threads took: 0.0000196 seconds
[2019-12-09T04:53:14.892+0000][1][safepoint    ] Application time: 1.0000831 seconds
[2019-12-09T04:53:14.892+0000][1][safepoint    ] Entering safepoint region: Cleanup
[2019-12-09T04:53:14.892+0000][1][safepoint    ] Leaving safepoint region
[2019-12-09T04:53:14.892+0000][1][safepoint    ] Total time for which application threads were stopped: 0.0001258 seconds, Stopping threads took: 0.0000279 seconds
[2019-12-09T04:53:15.892+0000][1][safepoint    ] Application time: 1.0000749 seconds
[2019-12-09T04:53:15.892+0000][1][safepoint    ] Entering safepoint region: Cleanup
[2019-12-09T04:53:15.892+0000][1][safepoint    ] Leaving safepoint region
[2019-12-09T04:53:15.892+0000][1][safepoint    ] Total time for which application threads were stopped: 0.0000892 seconds, Stopping threads took: 0.0000185 seconds
[2019-12-09T04:53:16.892+0000][1][safepoint    ] Application time: 1.0000771 seconds
[2019-12-09T04:53:16.892+0000][1][safepoint    ] Entering safepoint region: Cleanup
[2019-12-09T04:53:16.893+0000][1][safepoint    ] Leaving safepoint region
[2019-12-09T04:53:16.893+0000][1][safepoint    ] Total time for which application threads were stopped: 0.0000903 seconds, Stopping threads took: 0.0000195 seconds
[2019-12-09T04:53:17.893+0000][1][safepoint    ] Application time: 1.0000726 seconds
[2019-12-09T04:53:17.893+0000][1][safepoint    ] Entering safepoint region: Cleanup
[2019-12-09T04:53:17.893+0000][1][safepoint    ] Leaving safepoint region
[2019-12-09T04:53:17.893+0000][1][safepoint    ] Total time for which application threads were stopped: 0.0001017 seconds, Stopping threads took: 0.0000186 seconds
[2019-12-09T04:53:18.893+0000][1][safepoint    ] Application time: 1.0000730 seconds
[2019-12-09T04:53:18.893+0000][1][safepoint    ] Entering safepoint region: Cleanup
[2019-12-09T04:53:18.893+0000][1][safepoint    ] Leaving safepoint region
[2019-12-09T04:53:18.893+0000][1][safepoint    ] Total time for which application threads were stopped: 0.0000922 seconds, Stopping threads took: 0.0000180 seconds
[2019-12-09T04:53:19.893+0000][1][safepoint    ] Application time: 1.0000755 seconds
[2019-12-09T04:53:19.893+0000][1][safepoint    ] Entering safepoint region: Cleanup
[2019-12-09T04:53:19.893+0000][1][safepoint    ] Leaving safepoint region
[2019-12-09T04:53:19.893+0000][1][safepoint    ] Total time for which application threads were stopped: 0.0000990 seconds, Stopping threads took: 0.0000196 seconds
[2019-12-09T04:53:20.893+0000][1][safepoint    ] Application time: 1.0000755 seconds
[2019-12-09T04:53:20.893+0000][1][safepoint    ] Entering safepoint region: Cleanup
[2019-12-09T04:53:20.893+0000][1][safepoint    ] Leaving safepoint region
[2019-12-09T04:53:20.893+0000][1][safepoint    ] Total time for which application threads were stopped: 0.0000895 seconds, Stopping threads took: 0.0000183 seconds
[2019-12-09T04:53:22.778+0000][1][safepoint    ] Application time: 1.8849368 seconds
[2019-12-09T04:53:22.778+0000][1][safepoint    ] Entering safepoint region: Cleanup
[2019-12-09T04:53:22.778+0000][1][safepoint    ] Leaving safepoint region
[2019-12-09T04:53:22.778+0000][1][safepoint    ] Total time for which application threads were stopped: 0.0000952 seconds, Stopping threads took: 0.0000194 seconds
[2019-12-09T04:53:23.779+0000][1][safepoint    ] Application time: 1.0000850 seconds
[2019-12-09T04:53:23.779+0000][1][safepoint    ] Entering safepoint region: Cleanup
[2019-12-09T04:53:23.779+0000][1][safepoint    ] Leaving safepoint region
[2019-12-09T04:53:23.779+0000][1][safepoint    ] Total time for which application threads were stopped: 0.0000868 seconds, Stopping threads took: 0.0000166 seconds
[2019-12-09T04:53:24.779+0000][1][safepoint    ] Application time: 1.0000904 seconds
[2019-12-09T04:53:24.779+0000][1][safepoint    ] Entering safepoint region: Cleanup
[2019-12-09T04:53:24.779+0000][1][safepoint    ] Leaving safepoint region
[2019-12-09T04:53:24.779+0000][1][safepoint    ] Total time for which application threads were stopped: 0.0000887 seconds, Stopping threads took: 0.0000188 seconds
[2019-12-09T04:53:25.779+0000][1][safepoint    ] Application time: 1.0000756 seconds
[2019-12-09T04:53:25.779+0000][1][safepoint    ] Entering safepoint region: Cleanup
[2019-12-09T04:53:25.779+0000][1][safepoint    ] Leaving safepoint region
[2019-12-09T04:53:25.779+0000][1][safepoint    ] Total time for which application threads were stopped: 0.0000962 seconds, Stopping threads took: 0.0000186 seconds
[2019-12-09T04:53:26.779+0000][1][safepoint    ] Application time: 1.0000754 seconds
[2019-12-09T04:53:26.779+0000][1][safepoint    ] Entering safepoint region: Cleanup
[2019-12-09T04:53:26.779+0000][1][safepoint    ] Leaving safepoint region
[2019-12-09T04:53:26.779+0000][1][safepoint    ] Total time for which application threads were stopped: 0.0001165 seconds, Stopping threads took: 0.0000379 seconds
[2019-12-09T04:53:27.779+0000][1][safepoint    ] Application time: 1.0000763 seconds
[2019-12-09T04:53:27.779+0000][1][safepoint    ] Entering safepoint region: Cleanup
[2019-12-09T04:53:27.780+0000][1][safepoint    ] Leaving safepoint region
[2019-12-09T04:53:27.780+0000][1][safepoint    ] Total time for which application threads were stopped: 0.0000875 seconds, Stopping threads took: 0.0000172 seconds
[2019-12-09T04:53:28.780+0000][1][safepoint    ] Application time: 1.0000770 seconds
[2019-12-09T04:53:28.780+0000][1][safepoint    ] Entering safepoint region: Cleanup
[2019-12-09T04:53:28.780+0000][1][safepoint    ] Leaving safepoint region
[2019-12-09T04:53:28.780+0000][1][safepoint    ] Total time for which application threads were stopped: 0.0001002 seconds, Stopping threads took: 0.0000286 seconds
[2019-12-09T04:53:29.780+0000][1][safepoint    ] Application time: 1.0000783 seconds
[2019-12-09T04:53:29.780+0000][1][safepoint    ] Entering safepoint region: Cleanup
[2019-12-09T04:53:29.780+0000][1][safepoint    ] Leaving safepoint region
[2019-12-09T04:53:29.780+0000][1][safepoint    ] Total time for which application threads were stopped: 0.0000851 seconds, Stopping threads took: 0.0000170 seconds
[2019-12-09T04:53:30.780+0000][1][safepoint    ] Application time: 1.0000759 seconds
[2019-12-09T04:53:30.780+0000][1][safepoint    ] Entering safepoint region: Cleanup
[2019-12-09T04:53:30.780+0000][1][safepoint    ] Leaving safepoint region
[2019-12-09T04:53:30.780+0000][1][safepoint    ] Total time for which application threads were stopped: 0.0000950 seconds, Stopping threads took: 0.0000175 seconds
[2019-12-09T04:53:31.780+0000][1][safepoint    ] Application time: 1.0000762 seconds
[2019-12-09T04:53:31.780+0000][1][safepoint    ] Entering safepoint region: Cleanup
[2019-12-09T04:53:31.780+0000][1][safepoint    ] Leaving safepoint region
[2019-12-09T04:53:31.780+0000][1][safepoint    ] Total time for which application threads were stopped: 0.0000903 seconds, Stopping threads took: 0.0000187 seconds
[2019-12-09T04:53:32.780+0000][1][safepoint    ] Application time: 1.0000781 seconds
[2019-12-09T04:53:32.781+0000][1][safepoint    ] Entering safepoint region: Cleanup
[2019-12-09T04:53:32.781+0000][1][safepoint    ] Leaving safepoint region
[2019-12-09T04:53:32.781+0000][1][safepoint    ] Total time for which application threads were stopped: 0.0000900 seconds, Stopping threads took: 0.0000179 seconds
[2019-12-09T04:53:33.781+0000][1][safepoint    ] Application time: 1.0000757 seconds
[2019-12-09T04:53:33.781+0000][1][safepoint    ] Entering safepoint region: Cleanup
[2019-12-09T04:53:33.781+0000][1][safepoint    ] Leaving safepoint region
[2019-12-09T04:53:33.781+0000][1][safepoint    ] Total time for which application threads were stopped: 0.0000852 seconds, Stopping threads took: 0.0000172 seconds
[2019-12-09T04:53:34.781+0000][1][safepoint    ] Application time: 1.0000755 seconds
[2019-12-09T04:53:34.781+0000][1][safepoint    ] Entering safepoint region: Cleanup
[2019-12-09T04:53:34.781+0000][1][safepoint    ] Leaving safepoint region
[2019-12-09T04:53:34.781+0000][1][safepoint    ] Total time for which application threads were stopped: 0.0000863 seconds, Stopping threads took: 0.0000170 seconds
[2019-12-09T04:53:35.781+0000][1][safepoint    ] Application time: 1.0000759 seconds
[2019-12-09T04:53:35.781+0000][1][safepoint    ] Entering safepoint region: Cleanup
[2019-12-09T04:53:35.781+0000][1][safepoint    ] Leaving safepoint region
[2019-12-09T04:53:35.781+0000][1][safepoint    ] Total time for which application threads were stopped: 0.0000863 seconds, Stopping threads took: 0.0000177 seconds
[2019-12-09T04:53:36.781+0000][1][safepoint    ] Application time: 1.0000742 seconds
[2019-12-09T04:53:36.781+0000][1][safepoint    ] Entering safepoint region: Cleanup
[2019-12-09T04:53:36.781+0000][1][safepoint    ] Leaving safepoint region
[2019-12-09T04:53:36.781+0000][1][safepoint    ] Total time for which application threads were stopped: 0.0001077 seconds, Stopping threads took: 0.0000236 seconds
[2019-12-09T04:53:37.782+0000][1][safepoint    ] Application time: 1.0000762 seconds
[2019-12-09T04:53:37.782+0000][1][safepoint    ] Entering safepoint region: Cleanup
[2019-12-09T04:53:37.782+0000][1][safepoint    ] Leaving safepoint region
[2019-12-09T04:53:37.782+0000][1][safepoint    ] Total time for which application threads were stopped: 0.0000861 seconds, Stopping threads took: 0.0000173 seconds
[2019-12-09T04:53:38.782+0000][1][safepoint    ] Application time: 1.0000758 seconds
[2019-12-09T04:53:38.782+0000][1][safepoint    ] Entering safepoint region: Cleanup
[2019-12-09T04:53:38.782+0000][1][safepoint    ] Leaving safepoint region
[2019-12-09T04:53:38.782+0000][1][safepoint    ] Total time for which application threads were stopped: 0.0000840 seconds, Stopping threads took: 0.0000169 seconds
[2019-12-09T04:53:39.782+0000][1][safepoint    ] Application time: 1.0000767 seconds
[2019-12-09T04:53:39.782+0000][1][safepoint    ] Entering safepoint region: Cleanup
[2019-12-09T04:53:39.782+0000][1][safepoint    ] Leaving safepoint region
[2019-12-09T04:53:39.782+0000][1][safepoint    ] Total time for which application threads were stopped: 0.0000864 seconds, Stopping threads took: 0.0000171 seconds
[2019-12-09T04:53:40.782+0000][1][safepoint    ] Application time: 1.0000744 seconds
[2019-12-09T04:53:40.782+0000][1][safepoint    ] Entering safepoint region: Cleanup
[2019-12-09T04:53:40.782+0000][1][safepoint    ] Leaving safepoint region
[2019-12-09T04:53:40.782+0000][1][safepoint    ] Total time for which application threads were stopped: 0.0000823 seconds, Stopping threads took: 0.0000174 seconds
[2019-12-09T04:53:41.784+0000][1][safepoint    ] Application time: 1.0015028 seconds
[2019-12-09T04:53:41.784+0000][1][safepoint    ] Entering safepoint region: Cleanup
[2019-12-09T04:53:41.784+0000][1][safepoint    ] Leaving safepoint region
[2019-12-09T04:53:41.784+0000][1][safepoint    ] Total time for which application threads were stopped: 0.0001369 seconds, Stopping threads took: 0.0000342 seconds
[2019-12-09T04:53:42.795+0000][1][safepoint    ] Application time: 1.0107128 seconds
[2019-12-09T04:53:42.795+0000][1][safepoint    ] Entering safepoint region: Cleanup
[2019-12-09T04:53:42.795+0000][1][safepoint    ] Leaving safepoint region
[2019-12-09T04:53:42.795+0000][1][safepoint    ] Total time for which application threads were stopped: 0.0001119 seconds, Stopping threads took: 0.0000174 seconds
[2019-12-09T04:53:43.795+0000][1][safepoint    ] Application time: 1.0000753 seconds
[2019-12-09T04:53:43.795+0000][1][safepoint    ] Entering safepoint region: Cleanup
[2019-12-09T04:53:43.795+0000][1][safepoint    ] Leaving safepoint region
[2019-12-09T04:53:43.795+0000][1][safepoint    ] Total time for which application threads were stopped: 0.0000853 seconds, Stopping threads took: 0.0000166 seconds
[2019-12-09T04:53:44.795+0000][1][safepoint    ] Application time: 1.0000731 seconds
[2019-12-09T04:53:44.795+0000][1][safepoint    ] Entering safepoint region: Cleanup
[2019-12-09T04:53:44.795+0000][1][safepoint    ] Leaving safepoint region
[2019-12-09T04:53:44.795+0000][1][safepoint    ] Total time for which application threads were stopped: 0.0000855 seconds, Stopping threads took: 0.0000176 seconds
[2019-12-09T04:53:45.795+0000][1][safepoint    ] Application time: 1.0000743 seconds
[2019-12-09T04:53:45.795+0000][1][safepoint    ] Entering safepoint region: Cleanup
[2019-12-09T04:53:45.795+0000][1][safepoint    ] Leaving safepoint region
[2019-12-09T04:53:45.795+0000][1][safepoint    ] Total time for which application threads were stopped: 0.0000825 seconds, Stopping threads took: 0.0000162 seconds
[2019-12-09T04:53:46.795+0000][1][safepoint    ] Application time: 1.0000742 seconds
[2019-12-09T04:53:46.795+0000][1][safepoint    ] Entering safepoint region: Cleanup
[2019-12-09T04:53:46.795+0000][1][safepoint    ] Leaving safepoint region
[2019-12-09T04:53:46.796+0000][1][safepoint    ] Total time for which application threads were stopped: 0.0000844 seconds, Stopping threads took: 0.0000171 seconds
[2019-12-09T04:53:47.796+0000][1][safepoint    ] Application time: 1.0000767 seconds
[2019-12-09T04:53:47.796+0000][1][safepoint    ] Entering safepoint region: Cleanup
[2019-12-09T04:53:47.796+0000][1][safepoint    ] Leaving safepoint region
[2019-12-09T04:53:47.796+0000][1][safepoint    ] Total time for which application threads were stopped: 0.0000977 seconds, Stopping threads took: 0.0000175 seconds
[2019-12-09T04:53:48.796+0000][1][safepoint    ] Application time: 1.0000768 seconds
[2019-12-09T04:53:48.796+0000][1][safepoint    ] Entering safepoint region: Cleanup
[2019-12-09T04:53:48.796+0000][1][safepoint    ] Leaving safepoint region
[2019-12-09T04:53:48.796+0000][1][safepoint    ] Total time for which application threads were stopped: 0.0000849 seconds, Stopping threads took: 0.0000165 seconds
[2019-12-09T04:53:49.796+0000][1][safepoint    ] Application time: 1.0000744 seconds
[2019-12-09T04:53:49.796+0000][1][safepoint    ] Entering safepoint region: Cleanup
[2019-12-09T04:53:49.796+0000][1][safepoint    ] Leaving safepoint region
[2019-12-09T04:53:49.796+0000][1][safepoint    ] Total time for which application threads were stopped: 0.0000854 seconds, Stopping threads took: 0.0000169 seconds
[2019-12-09T04:53:50.796+0000][1][safepoint    ] Application time: 1.0000748 seconds
[2019-12-09T04:53:50.796+0000][1][safepoint    ] Entering safepoint region: Cleanup
[2019-12-09T04:53:50.796+0000][1][safepoint    ] Leaving safepoint region
[2019-12-09T04:53:50.796+0000][1][safepoint    ] Total time for which application threads were stopped: 0.0000826 seconds, Stopping threads took: 0.0000168 seconds
[2019-12-09T04:53:51.797+0000][1][safepoint    ] Application time: 1.0002124 seconds
[2019-12-09T04:53:51.797+0000][1][safepoint    ] Entering safepoint region: Cleanup
[2019-12-09T04:53:51.797+0000][1][safepoint    ] Leaving safepoint region
[2019-12-09T04:53:51.797+0000][1][safepoint    ] Total time for which application threads were stopped: 0.0001292 seconds, Stopping threads took: 0.0000263 seconds
[2019-12-09T04:53:52.797+0000][1][safepoint    ] Application time: 1.0001063 seconds
[2019-12-09T04:53:52.797+0000][1][safepoint    ] Entering safepoint region: Cleanup
[2019-12-09T04:53:52.797+0000][1][safepoint    ] Leaving safepoint region
[2019-12-09T04:53:52.797+0000][1][safepoint    ] Total time for which application threads were stopped: 0.0000856 seconds, Stopping threads took: 0.0000171 seconds
[2019-12-09T04:53:53.797+0000][1][safepoint    ] Application time: 1.0000763 seconds
[2019-12-09T04:53:53.797+0000][1][safepoint    ] Entering safepoint region: Cleanup
[2019-12-09T04:53:53.797+0000][1][safepoint    ] Leaving safepoint region
[2019-12-09T04:53:53.797+0000][1][safepoint    ] Total time for which application threads were stopped: 0.0000812 seconds, Stopping threads took: 0.0000160 seconds
[2019-12-09T04:53:54.797+0000][1][safepoint    ] Application time: 1.0000755 seconds
[2019-12-09T04:53:54.797+0000][1][safepoint    ] Entering safepoint region: Cleanup
[2019-12-09T04:53:54.797+0000][1][safepoint    ] Leaving safepoint region
[2019-12-09T04:53:54.797+0000][1][safepoint    ] Total time for which application threads were stopped: 0.0000845 seconds, Stopping threads took: 0.0000163 seconds
[2019-12-09T04:53:55.797+0000][1][safepoint    ] Application time: 1.0000736 seconds
[2019-12-09T04:53:55.797+0000][1][safepoint    ] Entering safepoint region: Cleanup
[2019-12-09T04:53:55.797+0000][1][safepoint    ] Leaving safepoint region
[2019-12-09T04:53:55.797+0000][1][safepoint    ] Total time for which application threads were stopped: 0.0000850 seconds, Stopping threads took: 0.0000188 seconds
[2019-12-09T04:53:56.798+0000][1][safepoint    ] Application time: 1.0000771 seconds
[2019-12-09T04:53:56.798+0000][1][safepoint    ] Entering safepoint region: Cleanup
[2019-12-09T04:53:56.798+0000][1][safepoint    ] Leaving safepoint region
[2019-12-09T04:53:56.798+0000][1][safepoint    ] Total time for which application threads were stopped: 0.0000856 seconds, Stopping threads took: 0.0000170 seconds
[2019-12-09T04:53:57.798+0000][1][safepoint    ] Application time: 1.0000591 seconds
[2019-12-09T04:53:57.798+0000][1][safepoint    ] Entering safepoint region: Cleanup
[2019-12-09T04:53:57.798+0000][1][safepoint    ] Leaving safepoint region
[2019-12-09T04:53:57.798+0000][1][safepoint    ] Total time for which application threads were stopped: 0.0000854 seconds, Stopping threads took: 0.0000171 seconds
[2019-12-09T04:53:58.798+0000][1][safepoint    ] Application time: 1.0000755 seconds
[2019-12-09T04:53:58.798+0000][1][safepoint    ] Entering safepoint region: Cleanup
[2019-12-09T04:53:58.798+0000][1][safepoint    ] Leaving safepoint region
[2019-12-09T04:53:58.798+0000][1][safepoint    ] Total time for which application threads were stopped: 0.0000828 seconds, Stopping threads took: 0.0000164 seconds
[2019-12-09T04:53:59.798+0000][1][safepoint    ] Application time: 1.0000757 seconds
[2019-12-09T04:53:59.798+0000][1][safepoint    ] Entering safepoint region: Cleanup
[2019-12-09T04:53:59.798+0000][1][safepoint    ] Leaving safepoint region
[2019-12-09T04:53:59.798+0000][1][safepoint    ] Total time for which application threads were stopped: 0.0000861 seconds, Stopping threads took: 0.0000174 seconds
[2019-12-09T04:54:00.798+0000][1][safepoint    ] Application time: 1.0000752 seconds
[2019-12-09T04:54:00.798+0000][1][safepoint    ] Entering safepoint region: Cleanup
[2019-12-09T04:54:00.798+0000][1][safepoint    ] Leaving safepoint region
[2019-12-09T04:54:00.798+0000][1][safepoint    ] Total time for which application threads were stopped: 0.0000851 seconds, Stopping threads took: 0.0000174 seconds
[2019-12-09T04:54:01.798+0000][1][safepoint    ] Application time: 1.0000770 seconds
[2019-12-09T04:54:01.798+0000][1][safepoint    ] Entering safepoint region: Cleanup
[2019-12-09T04:54:01.799+0000][1][safepoint    ] Leaving safepoint region
[2019-12-09T04:54:01.799+0000][1][safepoint    ] Total time for which application threads were stopped: 0.0000868 seconds, Stopping threads took: 0.0000169 seconds
[2019-12-09T04:54:02.799+0000][1][safepoint    ] Application time: 1.0000754 seconds
[2019-12-09T04:54:02.799+0000][1][safepoint    ] Entering safepoint region: Cleanup
[2019-12-09T04:54:02.799+0000][1][safepoint    ] Leaving safepoint region
[2019-12-09T04:54:02.799+0000][1][safepoint    ] Total time for which application threads were stopped: 0.0000978 seconds, Stopping threads took: 0.0000296 seconds
[2019-12-09T04:54:03.799+0000][1][safepoint    ] Application time: 1.0000760 seconds
[2019-12-09T04:54:03.799+0000][1][safepoint    ] Entering safepoint region: Cleanup
[2019-12-09T04:54:03.799+0000][1][safepoint    ] Leaving safepoint region
[2019-12-09T04:54:03.799+0000][1][safepoint    ] Total time for which application threads were stopped: 0.0000850 seconds, Stopping threads took: 0.0000177 seconds
[2019-12-09T04:54:04.799+0000][1][safepoint    ] Application time: 1.0000764 seconds
[2019-12-09T04:54:04.799+0000][1][safepoint    ] Entering safepoint region: Cleanup
[2019-12-09T04:54:04.799+0000][1][safepoint    ] Leaving safepoint region
[2019-12-09T04:54:04.799+0000][1][safepoint    ] Total time for which application threads were stopped: 0.0000840 seconds, Stopping threads took: 0.0000181 seconds
[2019-12-09T04:54:05.799+0000][1][safepoint    ] Application time: 1.0000751 seconds
[2019-12-09T04:54:05.799+0000][1][safepoint    ] Entering safepoint region: Cleanup
[2019-12-09T04:54:05.799+0000][1][safepoint    ] Leaving safepoint region
[2019-12-09T04:54:05.799+0000][1][safepoint    ] Total time for which application threads were stopped: 0.0000850 seconds, Stopping threads took: 0.0000166 seconds
[2019-12-09T04:54:06.799+0000][1][safepoint    ] Application time: 1.0000751 seconds
[2019-12-09T04:54:06.799+0000][1][safepoint    ] Entering safepoint region: Cleanup
[2019-12-09T04:54:06.800+0000][1][safepoint    ] Leaving safepoint region
[2019-12-09T04:54:06.800+0000][1][safepoint    ] Total time for which application threads were stopped: 0.0000910 seconds, Stopping threads took: 0.0000229 seconds
[2019-12-09T04:54:07.800+0000][1][safepoint    ] Application time: 1.0000755 seconds
[2019-12-09T04:54:07.800+0000][1][safepoint    ] Entering safepoint region: Cleanup
[2019-12-09T04:54:07.800+0000][1][safepoint    ] Leaving safepoint region
[2019-12-09T04:54:07.800+0000][1][safepoint    ] Total time for which application threads were stopped: 0.0000957 seconds, Stopping threads took: 0.0000189 seconds
[2019-12-09T04:54:08.800+0000][1][safepoint    ] Application time: 1.0000741 seconds
[2019-12-09T04:54:08.800+0000][1][safepoint    ] Entering safepoint region: Cleanup
[2019-12-09T04:54:08.800+0000][1][safepoint    ] Leaving safepoint region
[2019-12-09T04:54:08.800+0000][1][safepoint    ] Total time for which application threads were stopped: 0.0000850 seconds, Stopping threads took: 0.0000183 seconds
[2019-12-09T04:54:09.800+0000][1][safepoint    ] Application time: 1.0000740 seconds
[2019-12-09T04:54:09.800+0000][1][safepoint    ] Entering safepoint region: Cleanup
[2019-12-09T04:54:09.800+0000][1][safepoint    ] Leaving safepoint region
[2019-12-09T04:54:09.800+0000][1][safepoint    ] Total time for which application threads were stopped: 0.0000843 seconds, Stopping threads took: 0.0000166 seconds
[2019-12-09T04:54:10.800+0000][1][safepoint    ] Application time: 1.0000742 seconds
[2019-12-09T04:54:10.800+0000][1][safepoint    ] Entering safepoint region: Cleanup
[2019-12-09T04:54:10.800+0000][1][safepoint    ] Leaving safepoint region
[2019-12-09T04:54:10.800+0000][1][safepoint    ] Total time for which application threads were stopped: 0.0000851 seconds, Stopping threads took: 0.0000167 seconds
[2019-12-09T04:54:11.800+0000][1][safepoint    ] Application time: 1.0000782 seconds
[2019-12-09T04:54:11.800+0000][1][safepoint    ] Entering safepoint region: Cleanup
[2019-12-09T04:54:11.801+0000][1][safepoint    ] Leaving safepoint region
[2019-12-09T04:54:11.801+0000][1][safepoint    ] Total time for which application threads were stopped: 0.0000946 seconds, Stopping threads took: 0.0000194 seconds
[2019-12-09T04:54:12.801+0000][1][safepoint    ] Application time: 1.0000769 seconds
[2019-12-09T04:54:12.801+0000][1][safepoint    ] Entering safepoint region: Cleanup
[2019-12-09T04:54:12.801+0000][1][safepoint    ] Leaving safepoint region
[2019-12-09T04:54:12.801+0000][1][safepoint    ] Total time for which application threads were stopped: 0.0000976 seconds, Stopping threads took: 0.0000176 seconds
[2019-12-09T04:54:13.801+0000][1][safepoint    ] Application time: 1.0000805 seconds
[2019-12-09T04:54:13.801+0000][1][safepoint    ] Entering safepoint region: Cleanup
[2019-12-09T04:54:13.801+0000][1][safepoint    ] Leaving safepoint region
[2019-12-09T04:54:13.801+0000][1][safepoint    ] Total time for which application threads were stopped: 0.0001320 seconds, Stopping threads took: 0.0000231 seconds
[2019-12-09T04:54:14.801+0000][1][safepoint    ] Application time: 1.0000744 seconds
[2019-12-09T04:54:14.801+0000][1][safepoint    ] Entering safepoint region: Cleanup
[2019-12-09T04:54:14.801+0000][1][safepoint    ] Leaving safepoint region
[2019-12-09T04:54:14.801+0000][1][safepoint    ] Total time for which application threads were stopped: 0.0000850 seconds, Stopping threads took: 0.0000173 seconds
[2019-12-09T04:54:15.801+0000][1][safepoint    ] Application time: 1.0000739 seconds
[2019-12-09T04:54:15.801+0000][1][safepoint    ] Entering safepoint region: Cleanup
[2019-12-09T04:54:15.801+0000][1][safepoint    ] Leaving safepoint region
[2019-12-09T04:54:15.801+0000][1][safepoint    ] Total time for which application threads were stopped: 0.0000865 seconds, Stopping threads took: 0.0000173 seconds
[2019-12-09T04:54:16.801+0000][1][safepoint    ] Application time: 1.0000780 seconds
[2019-12-09T04:54:16.801+0000][1][safepoint    ] Entering safepoint region: Cleanup
[2019-12-09T04:54:16.802+0000][1][safepoint    ] Leaving safepoint region
[2019-12-09T04:54:16.802+0000][1][safepoint    ] Total time for which application threads were stopped: 0.0000888 seconds, Stopping threads took: 0.0000184 seconds
[2019-12-09T04:54:17.802+0000][1][safepoint    ] Application time: 1.0000754 seconds
[2019-12-09T04:54:17.802+0000][1][safepoint    ] Entering safepoint region: Cleanup
[2019-12-09T04:54:17.802+0000][1][safepoint    ] Leaving safepoint region
[2019-12-09T04:54:17.802+0000][1][safepoint    ] Total time for which application threads were stopped: 0.0000953 seconds, Stopping threads took: 0.0000172 seconds
[2019-12-09T04:54:18.802+0000][1][safepoint    ] Application time: 1.0000775 seconds
[2019-12-09T04:54:18.802+0000][1][safepoint    ] Entering safepoint region: Cleanup
[2019-12-09T04:54:18.802+0000][1][safepoint    ] Leaving safepoint region
[2019-12-09T04:54:18.802+0000][1][safepoint    ] Total time for which application threads were stopped: 0.0000926 seconds, Stopping threads took: 0.0000186 seconds
[2019-12-09T04:54:19.802+0000][1][safepoint    ] Application time: 1.0000758 seconds
[2019-12-09T04:54:19.802+0000][1][safepoint    ] Entering safepoint region: Cleanup
[2019-12-09T04:54:19.802+0000][1][safepoint    ] Leaving safepoint region
[2019-12-09T04:54:19.802+0000][1][safepoint    ] Total time for which application threads were stopped: 0.0000904 seconds, Stopping threads took: 0.0000187 seconds
[2019-12-09T04:54:20.802+0000][1][safepoint    ] Application time: 1.0000759 seconds
[2019-12-09T04:54:20.802+0000][1][safepoint    ] Entering safepoint region: Cleanup
[2019-12-09T04:54:20.802+0000][1][safepoint    ] Leaving safepoint region
[2019-12-09T04:54:20.802+0000][1][safepoint    ] Total time for which application threads were stopped: 0.0000888 seconds, Stopping threads took: 0.0000191 seconds
[2019-12-09T04:54:21.803+0000][1][safepoint    ] Application time: 1.0003556 seconds
[2019-12-09T04:54:21.803+0000][1][safepoint    ] Entering safepoint region: Cleanup
[2019-12-09T04:54:21.804+0000][1][safepoint    ] Leaving safepoint region
[2019-12-09T04:54:21.804+0000][1][safepoint    ] Total time for which application threads were stopped: 0.0007616 seconds, Stopping threads took: 0.0006472 seconds
[2019-12-09T04:54:22.807+0000][1][safepoint    ] Application time: 1.0035334 seconds
[2019-12-09T04:54:22.807+0000][1][safepoint    ] Entering safepoint region: Cleanup
[2019-12-09T04:54:22.807+0000][1][safepoint    ] Leaving safepoint region
[2019-12-09T04:54:22.807+0000][1][safepoint    ] Total time for which application threads were stopped: 0.0000879 seconds, Stopping threads took: 0.0000179 seconds
[2019-12-09T04:54:23.807+0000][1][safepoint    ] Application time: 1.0000742 seconds
[2019-12-09T04:54:23.807+0000][1][safepoint    ] Entering safepoint region: Cleanup
[2019-12-09T04:54:23.807+0000][1][safepoint    ] Leaving safepoint region
[2019-12-09T04:54:23.807+0000][1][safepoint    ] Total time for which application threads were stopped: 0.0000898 seconds, Stopping threads took: 0.0000169 seconds
[2019-12-09T04:54:24.808+0000][1][safepoint    ] Application time: 1.0000755 seconds
[2019-12-09T04:54:24.808+0000][1][safepoint    ] Entering safepoint region: Cleanup
[2019-12-09T04:54:24.808+0000][1][safepoint    ] Leaving safepoint region
[2019-12-09T04:54:24.808+0000][1][safepoint    ] Total time for which application threads were stopped: 0.0000906 seconds, Stopping threads took: 0.0000187 seconds
[2019-12-09T04:54:25.808+0000][1][safepoint    ] Application time: 1.0000736 seconds
[2019-12-09T04:54:25.808+0000][1][safepoint    ] Entering safepoint region: Cleanup
[2019-12-09T04:54:25.808+0000][1][safepoint    ] Leaving safepoint region
[2019-12-09T04:54:25.808+0000][1][safepoint    ] Total time for which application threads were stopped: 0.0000907 seconds, Stopping threads took: 0.0000187 seconds
[2019-12-09T04:54:26.808+0000][1][safepoint    ] Application time: 1.0000744 seconds
[2019-12-09T04:54:26.808+0000][1][safepoint    ] Entering safepoint region: Cleanup
[2019-12-09T04:54:26.808+0000][1][safepoint    ] Leaving safepoint region
[2019-12-09T04:54:26.808+0000][1][safepoint    ] Total time for which application threads were stopped: 0.0000939 seconds, Stopping threads took: 0.0000189 seconds
[2019-12-09T04:54:27.808+0000][1][safepoint    ] Application time: 1.0000822 seconds
[2019-12-09T04:54:27.808+0000][1][safepoint    ] Entering safepoint region: Cleanup
[2019-12-09T04:54:27.808+0000][1][safepoint    ] Leaving safepoint region
[2019-12-09T04:54:27.808+0000][1][safepoint    ] Total time for which application threads were stopped: 0.0000904 seconds, Stopping threads took: 0.0000187 seconds
[2019-12-09T04:54:28.808+0000][1][safepoint    ] Application time: 1.0000764 seconds
[2019-12-09T04:54:28.808+0000][1][safepoint    ] Entering safepoint region: Cleanup
[2019-12-09T04:54:28.808+0000][1][safepoint    ] Leaving safepoint region
[2019-12-09T04:54:28.808+0000][1][safepoint    ] Total time for which application threads were stopped: 0.0000917 seconds, Stopping threads took: 0.0000181 seconds
[2019-12-09T04:54:29.809+0000][1][safepoint    ] Application time: 1.0000805 seconds
[2019-12-09T04:54:29.809+0000][1][safepoint    ] Entering safepoint region: Cleanup
[2019-12-09T04:54:29.809+0000][1][safepoint    ] Leaving safepoint region
[2019-12-09T04:54:29.809+0000][1][safepoint    ] Total time for which application threads were stopped: 0.0001016 seconds, Stopping threads took: 0.0000180 seconds
[2019-12-09T04:54:30.809+0000][1][safepoint    ] Application time: 1.0000769 seconds
[2019-12-09T04:54:30.809+0000][1][safepoint    ] Entering safepoint region: Cleanup
[2019-12-09T04:54:30.809+0000][1][safepoint    ] Leaving safepoint region
[2019-12-09T04:54:30.809+0000][1][safepoint    ] Total time for which application threads were stopped: 0.0000973 seconds, Stopping threads took: 0.0000194 seconds
[2019-12-09T04:54:31.809+0000][1][safepoint    ] Application time: 1.0000781 seconds
[2019-12-09T04:54:31.809+0000][1][safepoint    ] Entering safepoint region: Cleanup
[2019-12-09T04:54:31.809+0000][1][safepoint    ] Leaving safepoint region
[2019-12-09T04:54:31.809+0000][1][safepoint    ] Total time for which application threads were stopped: 0.0000910 seconds, Stopping threads took: 0.0000189 seconds
[2019-12-09T04:54:32.809+0000][1][safepoint    ] Application time: 1.0000754 seconds
[2019-12-09T04:54:32.809+0000][1][safepoint    ] Entering safepoint region: Cleanup
[2019-12-09T04:54:32.809+0000][1][safepoint    ] Leaving safepoint region
[2019-12-09T04:54:32.809+0000][1][safepoint    ] Total time for which application threads were stopped: 0.0000917 seconds, Stopping threads took: 0.0000195 seconds
[2019-12-09T04:54:33.809+0000][1][safepoint    ] Application time: 1.0000769 seconds
[2019-12-09T04:54:33.809+0000][1][safepoint    ] Entering safepoint region: Cleanup
[2019-12-09T04:54:33.810+0000][1][safepoint    ] Leaving safepoint region
[2019-12-09T04:54:33.810+0000][1][safepoint    ] Total time for which application threads were stopped: 0.0000895 seconds, Stopping threads took: 0.0000177 seconds
[2019-12-09T04:54:34.810+0000][1][safepoint    ] Application time: 1.0000765 seconds
[2019-12-09T04:54:34.810+0000][1][safepoint    ] Entering safepoint region: Cleanup
[2019-12-09T04:54:34.810+0000][1][safepoint    ] Leaving safepoint region
[2019-12-09T04:54:34.810+0000][1][safepoint    ] Total time for which application threads were stopped: 0.0000884 seconds, Stopping threads took: 0.0000180 seconds
[2019-12-09T04:54:35.810+0000][1][safepoint    ] Application time: 1.0000755 seconds
[2019-12-09T04:54:35.810+0000][1][safepoint    ] Entering safepoint region: Cleanup
[2019-12-09T04:54:35.810+0000][1][safepoint    ] Leaving safepoint region
[2019-12-09T04:54:35.810+0000][1][safepoint    ] Total time for which application threads were stopped: 0.0000915 seconds, Stopping threads took: 0.0000193 seconds
[2019-12-09T04:54:36.810+0000][1][safepoint    ] Application time: 1.0000758 seconds
[2019-12-09T04:54:36.810+0000][1][safepoint    ] Entering safepoint region: Cleanup
[2019-12-09T04:54:36.810+0000][1][safepoint    ] Leaving safepoint region
[2019-12-09T04:54:36.810+0000][1][safepoint    ] Total time for which application threads were stopped: 0.0000997 seconds, Stopping threads took: 0.0000281 seconds
[2019-12-09T04:54:37.810+0000][1][safepoint    ] Application time: 1.0000758 seconds
[2019-12-09T04:54:37.810+0000][1][safepoint    ] Entering safepoint region: Cleanup
[2019-12-09T04:54:37.810+0000][1][safepoint    ] Leaving safepoint region
[2019-12-09T04:54:37.810+0000][1][safepoint    ] Total time for which application threads were stopped: 0.0000886 seconds, Stopping threads took: 0.0000178 seconds
[2019-12-09T04:54:38.811+0000][1][safepoint    ] Application time: 1.0000812 seconds
[2019-12-09T04:54:38.811+0000][1][safepoint    ] Entering safepoint region: Cleanup
[2019-12-09T04:54:38.811+0000][1][safepoint    ] Leaving safepoint region
[2019-12-09T04:54:38.811+0000][1][safepoint    ] Total time for which application threads were stopped: 0.0000950 seconds, Stopping threads took: 0.0000205 seconds
[2019-12-09T04:54:39.811+0000][1][safepoint    ] Application time: 1.0000787 seconds
[2019-12-09T04:54:39.811+0000][1][safepoint    ] Entering safepoint region: Cleanup
[2019-12-09T04:54:39.811+0000][1][safepoint    ] Leaving safepoint region
[2019-12-09T04:54:39.811+0000][1][safepoint    ] Total time for which application threads were stopped: 0.0000910 seconds, Stopping threads took: 0.0000193 seconds
[2019-12-09T04:54:40.811+0000][1][safepoint    ] Application time: 1.0000762 seconds
[2019-12-09T04:54:40.811+0000][1][safepoint    ] Entering safepoint region: Cleanup
[2019-12-09T04:54:40.811+0000][1][safepoint    ] Leaving safepoint region
[2019-12-09T04:54:40.811+0000][1][safepoint    ] Total time for which application threads were stopped: 0.0000950 seconds, Stopping threads took: 0.0000200 seconds
[2019-12-09T04:54:41.811+0000][1][safepoint    ] Application time: 1.0000763 seconds
[2019-12-09T04:54:41.811+0000][1][safepoint    ] Entering safepoint region: Cleanup
[2019-12-09T04:54:41.811+0000][1][safepoint    ] Leaving safepoint region
[2019-12-09T04:54:41.811+0000][1][safepoint    ] Total time for which application threads were stopped: 0.0000907 seconds, Stopping threads took: 0.0000191 seconds
[2019-12-09T04:54:42.811+0000][1][safepoint    ] Application time: 1.0000774 seconds
[2019-12-09T04:54:42.811+0000][1][safepoint    ] Entering safepoint region: Cleanup
[2019-12-09T04:54:42.812+0000][1][safepoint    ] Leaving safepoint region
[2019-12-09T04:54:42.812+0000][1][safepoint    ] Total time for which application threads were stopped: 0.0000898 seconds, Stopping threads took: 0.0000192 seconds
[2019-12-09T04:54:43.812+0000][1][safepoint    ] Application time: 1.0000764 seconds
[2019-12-09T04:54:43.812+0000][1][safepoint    ] Entering safepoint region: Cleanup
[2019-12-09T04:54:43.812+0000][1][safepoint    ] Leaving safepoint region
[2019-12-09T04:54:43.812+0000][1][safepoint    ] Total time for which application threads were stopped: 0.0000983 seconds, Stopping threads took: 0.0000172 seconds
[2019-12-09T04:54:44.812+0000][1][safepoint    ] Application time: 1.0000780 seconds
[2019-12-09T04:54:44.812+0000][1][safepoint    ] Entering safepoint region: Cleanup
[2019-12-09T04:54:44.812+0000][1][safepoint    ] Leaving safepoint region
[2019-12-09T04:54:44.812+0000][1][safepoint    ] Total time for which application threads were stopped: 0.0000923 seconds, Stopping threads took: 0.0000184 seconds
[2019-12-09T04:54:45.812+0000][1][safepoint    ] Application time: 1.0000778 seconds
[2019-12-09T04:54:45.812+0000][1][safepoint    ] Entering safepoint region: Cleanup
[2019-12-09T04:54:45.812+0000][1][safepoint    ] Leaving safepoint region
[2019-12-09T04:54:45.812+0000][1][safepoint    ] Total time for which application threads were stopped: 0.0000905 seconds, Stopping threads took: 0.0000183 seconds
[2019-12-09T04:54:46.812+0000][1][safepoint    ] Application time: 1.0000778 seconds
[2019-12-09T04:54:46.812+0000][1][safepoint    ] Entering safepoint region: Cleanup
[2019-12-09T04:54:46.812+0000][1][safepoint    ] Leaving safepoint region
[2019-12-09T04:54:46.812+0000][1][safepoint    ] Total time for which application threads were stopped: 0.0000997 seconds, Stopping threads took: 0.0000280 seconds
[2019-12-09T04:54:47.253+0000][1][safepoint    ] Application time: 0.4404652 seconds
[2019-12-09T04:54:47.253+0000][1][safepoint    ] Entering safepoint region: GenCollectForAllocation
[2019-12-09T04:54:47.253+0000][1][gc,start     ] GC(63) Pause Young (Allocation Failure)
[2019-12-09T04:54:47.253+0000][1][gc,task      ] GC(63) Using 2 workers of 2 for evacuation
[2019-12-09T04:54:47.255+0000][1][gc,age       ] GC(63) Desired survivor size 4456448 bytes, new threshold 6 (max threshold 6)
[2019-12-09T04:54:47.255+0000][1][gc,age       ] GC(63) Age table with threshold 6 (max threshold 6)
[2019-12-09T04:54:47.255+0000][1][gc,age       ] GC(63) - age   1:       8008 bytes,       8008 total
[2019-12-09T04:54:47.255+0000][1][gc,age       ] GC(63) - age   2:        712 bytes,       8720 total
[2019-12-09T04:54:47.255+0000][1][gc,age       ] GC(63) - age   3:        744 bytes,       9464 total
[2019-12-09T04:54:47.255+0000][1][gc,age       ] GC(63) - age   4:        856 bytes,      10320 total
[2019-12-09T04:54:47.255+0000][1][gc,age       ] GC(63) - age   5:        936 bytes,      11256 total
[2019-12-09T04:54:47.255+0000][1][gc,age       ] GC(63) - age   6:       1552 bytes,      12808 total
[2019-12-09T04:54:47.255+0000][1][gc,heap      ] GC(63) ParNew: 69968K->21K(78656K)
[2019-12-09T04:54:47.255+0000][1][gc,heap      ] GC(63) CMS: 75938K->75940K(174784K)
[2019-12-09T04:54:47.255+0000][1][gc,metaspace ] GC(63) Metaspace: 80210K->80210K(1122304K)
[2019-12-09T04:54:47.255+0000][1][gc           ] GC(63) Pause Young (Allocation Failure) 142M->74M(247M) 1.634ms
[2019-12-09T04:54:47.255+0000][1][gc,cpu       ] GC(63) User=0.00s Sys=0.00s Real=0.00s
[2019-12-09T04:54:47.255+0000][1][safepoint    ] Leaving safepoint region
[2019-12-09T04:54:47.255+0000][1][safepoint    ] Total time for which application threads were stopped: 0.0018190 seconds, Stopping threads took: 0.0000178 seconds
[2019-12-09T04:54:48.255+0000][1][safepoint    ] Application time: 1.0000816 seconds
[2019-12-09T04:54:48.255+0000][1][safepoint    ] Entering safepoint region: Cleanup
[2019-12-09T04:54:48.255+0000][1][safepoint    ] Leaving safepoint region
[2019-12-09T04:54:48.255+0000][1][safepoint    ] Total time for which application threads were stopped: 0.0000874 seconds, Stopping threads took: 0.0000178 seconds
[2019-12-09T04:54:49.255+0000][1][safepoint    ] Application time: 1.0000731 seconds
[2019-12-09T04:54:49.255+0000][1][safepoint    ] Entering safepoint region: Cleanup
[2019-12-09T04:54:49.255+0000][1][safepoint    ] Leaving safepoint region
[2019-12-09T04:54:49.255+0000][1][safepoint    ] Total time for which application threads were stopped: 0.0000873 seconds, Stopping threads took: 0.0000177 seconds
[2019-12-09T04:54:50.255+0000][1][safepoint    ] Application time: 1.0000763 seconds
[2019-12-09T04:54:50.255+0000][1][safepoint    ] Entering safepoint region: Cleanup
[2019-12-09T04:54:50.255+0000][1][safepoint    ] Leaving safepoint region
[2019-12-09T04:54:50.255+0000][1][safepoint    ] Total time for which application threads were stopped: 0.0000875 seconds, Stopping threads took: 0.0000186 seconds
[2019-12-09T04:54:51.461+0000][1][safepoint    ] Application time: 1.2052764 seconds
[2019-12-09T04:54:51.461+0000][1][safepoint    ] Entering safepoint region: Cleanup
[2019-12-09T04:54:51.461+0000][1][safepoint    ] Leaving safepoint region
[2019-12-09T04:54:51.461+0000][1][safepoint    ] Total time for which application threads were stopped: 0.0000959 seconds, Stopping threads took: 0.0000155 seconds
[2019-12-09T04:54:52.461+0000][1][safepoint    ] Application time: 1.0000761 seconds
[2019-12-09T04:54:52.461+0000][1][safepoint    ] Entering safepoint region: Cleanup
[2019-12-09T04:54:52.461+0000][1][safepoint    ] Leaving safepoint region
[2019-12-09T04:54:52.461+0000][1][safepoint    ] Total time for which application threads were stopped: 0.0000892 seconds, Stopping threads took: 0.0000186 seconds
[2019-12-09T04:54:53.461+0000][1][safepoint    ] Application time: 1.0000762 seconds
[2019-12-09T04:54:53.461+0000][1][safepoint    ] Entering safepoint region: Cleanup
[2019-12-09T04:54:53.461+0000][1][safepoint    ] Leaving safepoint region
[2019-12-09T04:54:53.461+0000][1][safepoint    ] Total time for which application threads were stopped: 0.0000891 seconds, Stopping threads took: 0.0000174 seconds
[2019-12-09T04:54:54.461+0000][1][safepoint    ] Application time: 1.0000761 seconds
[2019-12-09T04:54:54.461+0000][1][safepoint    ] Entering safepoint region: Cleanup
[2019-12-09T04:54:54.461+0000][1][safepoint    ] Leaving safepoint region
[2019-12-09T04:54:54.461+0000][1][safepoint    ] Total time for which application threads were stopped: 0.0000860 seconds, Stopping threads took: 0.0000161 seconds
[2019-12-09T04:54:55.461+0000][1][safepoint    ] Application time: 1.0000759 seconds
[2019-12-09T04:54:55.461+0000][1][safepoint    ] Entering safepoint region: Cleanup
[2019-12-09T04:54:55.462+0000][1][safepoint    ] Leaving safepoint region
[2019-12-09T04:54:55.462+0000][1][safepoint    ] Total time for which application threads were stopped: 0.0000861 seconds, Stopping threads took: 0.0000155 seconds
[2019-12-09T04:54:56.462+0000][1][safepoint    ] Application time: 1.0000762 seconds
[2019-12-09T04:54:56.462+0000][1][safepoint    ] Entering safepoint region: Cleanup
[2019-12-09T04:54:56.462+0000][1][safepoint    ] Leaving safepoint region
[2019-12-09T04:54:56.462+0000][1][safepoint    ] Total time for which application threads were stopped: 0.0000948 seconds, Stopping threads took: 0.0000229 seconds
[2019-12-09T04:54:57.462+0000][1][safepoint    ] Application time: 1.0000746 seconds
[2019-12-09T04:54:57.462+0000][1][safepoint    ] Entering safepoint region: Cleanup
[2019-12-09T04:54:57.462+0000][1][safepoint    ] Leaving safepoint region
[2019-12-09T04:54:57.462+0000][1][safepoint    ] Total time for which application threads were stopped: 0.0000974 seconds, Stopping threads took: 0.0000180 seconds
[2019-12-09T04:54:58.462+0000][1][safepoint    ] Application time: 1.0000746 seconds
[2019-12-09T04:54:58.462+0000][1][safepoint    ] Entering safepoint region: Cleanup
[2019-12-09T04:54:58.462+0000][1][safepoint    ] Leaving safepoint region
[2019-12-09T04:54:58.462+0000][1][safepoint    ] Total time for which application threads were stopped: 0.0000917 seconds, Stopping threads took: 0.0000194 seconds
[2019-12-09T04:54:59.462+0000][1][safepoint    ] Application time: 1.0000755 seconds
[2019-12-09T04:54:59.462+0000][1][safepoint    ] Entering safepoint region: Cleanup
[2019-12-09T04:54:59.462+0000][1][safepoint    ] Leaving safepoint region
[2019-12-09T04:54:59.462+0000][1][safepoint    ] Total time for which application threads were stopped: 0.0000897 seconds, Stopping threads took: 0.0000179 seconds
[2019-12-09T04:55:00.463+0000][1][safepoint    ] Application time: 1.0000771 seconds
[2019-12-09T04:55:00.463+0000][1][safepoint    ] Entering safepoint region: Cleanup
[2019-12-09T04:55:00.463+0000][1][safepoint    ] Leaving safepoint region
[2019-12-09T04:55:00.463+0000][1][safepoint    ] Total time for which application threads were stopped: 0.0000896 seconds, Stopping threads took: 0.0000199 seconds
[2019-12-09T04:55:01.463+0000][1][safepoint    ] Application time: 1.0000560 seconds
[2019-12-09T04:55:01.463+0000][1][safepoint    ] Entering safepoint region: Cleanup
[2019-12-09T04:55:01.463+0000][1][safepoint    ] Leaving safepoint region
[2019-12-09T04:55:01.463+0000][1][safepoint    ] Total time for which application threads were stopped: 0.0000948 seconds, Stopping threads took: 0.0000202 seconds
[2019-12-09T04:55:02.463+0000][1][safepoint    ] Application time: 1.0000772 seconds
[2019-12-09T04:55:02.463+0000][1][safepoint    ] Entering safepoint region: Cleanup
[2019-12-09T04:55:02.463+0000][1][safepoint    ] Leaving safepoint region
[2019-12-09T04:55:02.463+0000][1][safepoint    ] Total time for which application threads were stopped: 0.0000895 seconds, Stopping threads took: 0.0000184 seconds
[2019-12-09T04:55:03.463+0000][1][safepoint    ] Application time: 1.0000768 seconds
[2019-12-09T04:55:03.463+0000][1][safepoint    ] Entering safepoint region: Cleanup
[2019-12-09T04:55:03.463+0000][1][safepoint    ] Leaving safepoint region
[2019-12-09T04:55:03.463+0000][1][safepoint    ] Total time for which application threads were stopped: 0.0000878 seconds, Stopping threads took: 0.0000184 seconds
[2019-12-09T04:55:04.463+0000][1][safepoint    ] Application time: 1.0000761 seconds
[2019-12-09T04:55:04.463+0000][1][safepoint    ] Entering safepoint region: Cleanup
[2019-12-09T04:55:04.463+0000][1][safepoint    ] Leaving safepoint region
[2019-12-09T04:55:04.463+0000][1][safepoint    ] Total time for which application threads were stopped: 0.0000939 seconds, Stopping threads took: 0.0000184 seconds
[2019-12-09T04:55:05.464+0000][1][safepoint    ] Application time: 1.0000757 seconds
[2019-12-09T04:55:05.464+0000][1][safepoint    ] Entering safepoint region: Cleanup
[2019-12-09T04:55:05.464+0000][1][safepoint    ] Leaving safepoint region
[2019-12-09T04:55:05.464+0000][1][safepoint    ] Total time for which application threads were stopped: 0.0001046 seconds, Stopping threads took: 0.0000177 seconds
[2019-12-09T04:55:06.464+0000][1][safepoint    ] Application time: 1.0000771 seconds
[2019-12-09T04:55:06.464+0000][1][safepoint    ] Entering safepoint region: Cleanup
[2019-12-09T04:55:06.464+0000][1][safepoint    ] Leaving safepoint region
[2019-12-09T04:55:06.464+0000][1][safepoint    ] Total time for which application threads were stopped: 0.0000890 seconds, Stopping threads took: 0.0000182 seconds
[2019-12-09T04:55:07.464+0000][1][safepoint    ] Application time: 1.0000750 seconds
[2019-12-09T04:55:07.464+0000][1][safepoint    ] Entering safepoint region: Cleanup
[2019-12-09T04:55:07.464+0000][1][safepoint    ] Leaving safepoint region
[2019-12-09T04:55:07.464+0000][1][safepoint    ] Total time for which application threads were stopped: 0.0000941 seconds, Stopping threads took: 0.0000163 seconds
[2019-12-09T04:55:08.464+0000][1][safepoint    ] Application time: 1.0000782 seconds
[2019-12-09T04:55:08.464+0000][1][safepoint    ] Entering safepoint region: Cleanup
[2019-12-09T04:55:08.464+0000][1][safepoint    ] Leaving safepoint region
[2019-12-09T04:55:08.464+0000][1][safepoint    ] Total time for which application threads were stopped: 0.0000904 seconds, Stopping threads took: 0.0000194 seconds
[2019-12-09T04:55:09.464+0000][1][safepoint    ] Application time: 1.0000768 seconds
[2019-12-09T04:55:09.464+0000][1][safepoint    ] Entering safepoint region: Cleanup
[2019-12-09T04:55:09.465+0000][1][safepoint    ] Leaving safepoint region
[2019-12-09T04:55:09.465+0000][1][safepoint    ] Total time for which application threads were stopped: 0.0000919 seconds, Stopping threads took: 0.0000197 seconds
[2019-12-09T04:55:10.465+0000][1][safepoint    ] Application time: 1.0000768 seconds
[2019-12-09T04:55:10.465+0000][1][safepoint    ] Entering safepoint region: Cleanup
[2019-12-09T04:55:10.465+0000][1][safepoint    ] Leaving safepoint region
[2019-12-09T04:55:10.465+0000][1][safepoint    ] Total time for which application threads were stopped: 0.0000931 seconds, Stopping threads took: 0.0000209 seconds
[2019-12-09T04:55:11.465+0000][1][safepoint    ] Application time: 1.0000747 seconds
[2019-12-09T04:55:11.465+0000][1][safepoint    ] Entering safepoint region: Cleanup
[2019-12-09T04:55:11.465+0000][1][safepoint    ] Leaving safepoint region
[2019-12-09T04:55:11.465+0000][1][safepoint    ] Total time for which application threads were stopped: 0.0000863 seconds, Stopping threads took: 0.0000169 seconds
[2019-12-09T04:55:12.465+0000][1][safepoint    ] Application time: 1.0000755 seconds
[2019-12-09T04:55:12.465+0000][1][safepoint    ] Entering safepoint region: Cleanup
[2019-12-09T04:55:12.465+0000][1][safepoint    ] Leaving safepoint region
[2019-12-09T04:55:12.465+0000][1][safepoint    ] Total time for which application threads were stopped: 0.0000842 seconds, Stopping threads took: 0.0000158 seconds
[2019-12-09T04:55:13.465+0000][1][safepoint    ] Application time: 1.0000771 seconds
[2019-12-09T04:55:13.465+0000][1][safepoint    ] Entering safepoint region: Cleanup
[2019-12-09T04:55:13.465+0000][1][safepoint    ] Leaving safepoint region
[2019-12-09T04:55:13.465+0000][1][safepoint    ] Total time for which application threads were stopped: 0.0000916 seconds, Stopping threads took: 0.0000188 seconds
[2019-12-09T04:55:14.465+0000][1][safepoint    ] Application time: 1.0000454 seconds
[2019-12-09T04:55:14.466+0000][1][safepoint    ] Entering safepoint region: Cleanup
[2019-12-09T04:55:14.466+0000][1][safepoint    ] Leaving safepoint region
[2019-12-09T04:55:14.466+0000][1][safepoint    ] Total time for which application threads were stopped: 0.0000923 seconds, Stopping threads took: 0.0000178 seconds
[2019-12-09T04:55:15.466+0000][1][safepoint    ] Application time: 1.0000760 seconds
[2019-12-09T04:55:15.466+0000][1][safepoint    ] Entering safepoint region: Cleanup
[2019-12-09T04:55:15.466+0000][1][safepoint    ] Leaving safepoint region
[2019-12-09T04:55:15.466+0000][1][safepoint    ] Total time for which application threads were stopped: 0.0000870 seconds, Stopping threads took: 0.0000172 seconds
[2019-12-09T04:55:16.466+0000][1][safepoint    ] Application time: 1.0000761 seconds
[2019-12-09T04:55:16.466+0000][1][safepoint    ] Entering safepoint region: Cleanup
[2019-12-09T04:55:16.466+0000][1][safepoint    ] Leaving safepoint region
[2019-12-09T04:55:16.466+0000][1][safepoint    ] Total time for which application threads were stopped: 0.0000859 seconds, Stopping threads took: 0.0000185 seconds
[2019-12-09T04:55:17.466+0000][1][safepoint    ] Application time: 1.0000751 seconds
[2019-12-09T04:55:17.466+0000][1][safepoint    ] Entering safepoint region: Cleanup
[2019-12-09T04:55:17.466+0000][1][safepoint    ] Leaving safepoint region
[2019-12-09T04:55:17.466+0000][1][safepoint    ] Total time for which application threads were stopped: 0.0000875 seconds, Stopping threads took: 0.0000180 seconds
[2019-12-09T04:55:18.466+0000][1][safepoint    ] Application time: 1.0000746 seconds
[2019-12-09T04:55:18.466+0000][1][safepoint    ] Entering safepoint region: Cleanup
[2019-12-09T04:55:18.466+0000][1][safepoint    ] Leaving safepoint region
[2019-12-09T04:55:18.466+0000][1][safepoint    ] Total time for which application threads were stopped: 0.0000905 seconds, Stopping threads took: 0.0000184 seconds
[2019-12-09T04:55:19.467+0000][1][safepoint    ] Application time: 1.0000770 seconds
[2019-12-09T04:55:19.467+0000][1][safepoint    ] Entering safepoint region: Cleanup
[2019-12-09T04:55:19.467+0000][1][safepoint    ] Leaving safepoint region
[2019-12-09T04:55:19.467+0000][1][safepoint    ] Total time for which application threads were stopped: 0.0000922 seconds, Stopping threads took: 0.0000194 seconds
[2019-12-09T04:55:20.467+0000][1][safepoint    ] Application time: 1.0000739 seconds
[2019-12-09T04:55:20.467+0000][1][safepoint    ] Entering safepoint region: Cleanup
[2019-12-09T04:55:20.467+0000][1][safepoint    ] Leaving safepoint region
[2019-12-09T04:55:20.467+0000][1][safepoint    ] Total time for which application threads were stopped: 0.0000895 seconds, Stopping threads took: 0.0000182 seconds
[2019-12-09T04:55:21.467+0000][1][safepoint    ] Application time: 1.0000887 seconds
[2019-12-09T04:55:21.467+0000][1][safepoint    ] Entering safepoint region: Cleanup
[2019-12-09T04:55:21.467+0000][1][safepoint    ] Leaving safepoint region
[2019-12-09T04:55:21.467+0000][1][safepoint    ] Total time for which application threads were stopped: 0.0001216 seconds, Stopping threads took: 0.0000243 seconds
[2019-12-09T04:55:22.467+0000][1][safepoint    ] Application time: 1.0000762 seconds
[2019-12-09T04:55:22.467+0000][1][safepoint    ] Entering safepoint region: Cleanup
[2019-12-09T04:55:22.467+0000][1][safepoint    ] Leaving safepoint region
[2019-12-09T04:55:22.467+0000][1][safepoint    ] Total time for which application threads were stopped: 0.0001140 seconds, Stopping threads took: 0.0000176 seconds
[2019-12-09T04:55:23.467+0000][1][safepoint    ] Application time: 1.0000749 seconds
[2019-12-09T04:55:23.468+0000][1][safepoint    ] Entering safepoint region: Cleanup
[2019-12-09T04:55:23.468+0000][1][safepoint    ] Leaving safepoint region
[2019-12-09T04:55:23.468+0000][1][safepoint    ] Total time for which application threads were stopped: 0.0001136 seconds, Stopping threads took: 0.0000236 seconds
[2019-12-09T04:55:24.468+0000][1][safepoint    ] Application time: 1.0000822 seconds
[2019-12-09T04:55:24.468+0000][1][safepoint    ] Entering safepoint region: Cleanup
[2019-12-09T04:55:24.468+0000][1][safepoint    ] Leaving safepoint region
[2019-12-09T04:55:24.468+0000][1][safepoint    ] Total time for which application threads were stopped: 0.0000906 seconds, Stopping threads took: 0.0000187 seconds
[2019-12-09T04:55:25.468+0000][1][safepoint    ] Application time: 1.0000767 seconds
[2019-12-09T04:55:25.468+0000][1][safepoint    ] Entering safepoint region: Cleanup
[2019-12-09T04:55:25.468+0000][1][safepoint    ] Leaving safepoint region
[2019-12-09T04:55:25.468+0000][1][safepoint    ] Total time for which application threads were stopped: 0.0000890 seconds, Stopping threads took: 0.0000188 seconds
[2019-12-09T04:55:26.468+0000][1][safepoint    ] Application time: 1.0000765 seconds
[2019-12-09T04:55:26.468+0000][1][safepoint    ] Entering safepoint region: Cleanup
[2019-12-09T04:55:26.468+0000][1][safepoint    ] Leaving safepoint region
[2019-12-09T04:55:26.468+0000][1][safepoint    ] Total time for which application threads were stopped: 0.0000999 seconds, Stopping threads took: 0.0000282 seconds
[2019-12-09T04:55:27.468+0000][1][safepoint    ] Application time: 1.0000760 seconds
[2019-12-09T04:55:27.468+0000][1][safepoint    ] Entering safepoint region: Cleanup
[2019-12-09T04:55:27.468+0000][1][safepoint    ] Leaving safepoint region
[2019-12-09T04:55:27.468+0000][1][safepoint    ] Total time for which application threads were stopped: 0.0001043 seconds, Stopping threads took: 0.0000183 seconds
[2019-12-09T04:55:28.469+0000][1][safepoint    ] Application time: 1.0000766 seconds
[2019-12-09T04:55:28.469+0000][1][safepoint    ] Entering safepoint region: Cleanup
[2019-12-09T04:55:28.469+0000][1][safepoint    ] Leaving safepoint region
[2019-12-09T04:55:28.469+0000][1][safepoint    ] Total time for which application threads were stopped: 0.0000982 seconds, Stopping threads took: 0.0000167 seconds
[2019-12-09T04:55:29.469+0000][1][safepoint    ] Application time: 1.0000764 seconds
[2019-12-09T04:55:29.469+0000][1][safepoint    ] Entering safepoint region: Cleanup
[2019-12-09T04:55:29.469+0000][1][safepoint    ] Leaving safepoint region
[2019-12-09T04:55:29.469+0000][1][safepoint    ] Total time for which application threads were stopped: 0.0000888 seconds, Stopping threads took: 0.0000176 seconds
[2019-12-09T04:55:30.469+0000][1][safepoint    ] Application time: 1.0000770 seconds
[2019-12-09T04:55:30.469+0000][1][safepoint    ] Entering safepoint region: Cleanup
[2019-12-09T04:55:30.469+0000][1][safepoint    ] Leaving safepoint region
[2019-12-09T04:55:30.469+0000][1][safepoint    ] Total time for which application threads were stopped: 0.0000870 seconds, Stopping threads took: 0.0000185 seconds
[2019-12-09T04:55:31.469+0000][1][safepoint    ] Application time: 1.0000765 seconds
[2019-12-09T04:55:31.469+0000][1][safepoint    ] Entering safepoint region: Cleanup
[2019-12-09T04:55:31.469+0000][1][safepoint    ] Leaving safepoint region
[2019-12-09T04:55:31.469+0000][1][safepoint    ] Total time for which application threads were stopped: 0.0000941 seconds, Stopping threads took: 0.0000189 seconds
[2019-12-09T04:55:32.469+0000][1][safepoint    ] Application time: 1.0000793 seconds
[2019-12-09T04:55:32.469+0000][1][safepoint    ] Entering safepoint region: Cleanup
[2019-12-09T04:55:32.470+0000][1][safepoint    ] Leaving safepoint region
[2019-12-09T04:55:32.470+0000][1][safepoint    ] Total time for which application threads were stopped: 0.0000892 seconds, Stopping threads took: 0.0000166 seconds
[2019-12-09T04:55:33.470+0000][1][safepoint    ] Application time: 1.0000773 seconds
[2019-12-09T04:55:33.470+0000][1][safepoint    ] Entering safepoint region: Cleanup
[2019-12-09T04:55:33.470+0000][1][safepoint    ] Leaving safepoint region
[2019-12-09T04:55:33.470+0000][1][safepoint    ] Total time for which application threads were stopped: 0.0000940 seconds, Stopping threads took: 0.0000206 seconds
[2019-12-09T04:55:34.470+0000][1][safepoint    ] Application time: 1.0000764 seconds
[2019-12-09T04:55:34.470+0000][1][safepoint    ] Entering safepoint region: Cleanup
[2019-12-09T04:55:34.470+0000][1][safepoint    ] Leaving safepoint region
[2019-12-09T04:55:34.470+0000][1][safepoint    ] Total time for which application threads were stopped: 0.0000908 seconds, Stopping threads took: 0.0000176 seconds
[2019-12-09T04:55:35.470+0000][1][safepoint    ] Application time: 1.0000754 seconds
[2019-12-09T04:55:35.470+0000][1][safepoint    ] Entering safepoint region: Cleanup
[2019-12-09T04:55:35.470+0000][1][safepoint    ] Leaving safepoint region
[2019-12-09T04:55:35.470+0000][1][safepoint    ] Total time for which application threads were stopped: 0.0000913 seconds, Stopping threads took: 0.0000194 seconds
[2019-12-09T04:55:36.470+0000][1][safepoint    ] Application time: 1.0000809 seconds
[2019-12-09T04:55:36.470+0000][1][safepoint    ] Entering safepoint region: Cleanup
[2019-12-09T04:55:36.470+0000][1][safepoint    ] Leaving safepoint region
[2019-12-09T04:55:36.470+0000][1][safepoint    ] Total time for which application threads were stopped: 0.0000913 seconds, Stopping threads took: 0.0000183 seconds
[2019-12-09T04:55:37.471+0000][1][safepoint    ] Application time: 1.0000760 seconds
[2019-12-09T04:55:37.471+0000][1][safepoint    ] Entering safepoint region: Cleanup
[2019-12-09T04:55:37.471+0000][1][safepoint    ] Leaving safepoint region
[2019-12-09T04:55:37.471+0000][1][safepoint    ] Total time for which application threads were stopped: 0.0000916 seconds, Stopping threads took: 0.0000196 seconds
[2019-12-09T04:55:38.471+0000][1][safepoint    ] Application time: 1.0000774 seconds
[2019-12-09T04:55:38.471+0000][1][safepoint    ] Entering safepoint region: Cleanup
[2019-12-09T04:55:38.471+0000][1][safepoint    ] Leaving safepoint region
[2019-12-09T04:55:38.471+0000][1][safepoint    ] Total time for which application threads were stopped: 0.0000913 seconds, Stopping threads took: 0.0000192 seconds
[2019-12-09T04:55:39.471+0000][1][safepoint    ] Application time: 1.0000753 seconds
[2019-12-09T04:55:39.471+0000][1][safepoint    ] Entering safepoint region: Cleanup
[2019-12-09T04:55:39.471+0000][1][safepoint    ] Leaving safepoint region
[2019-12-09T04:55:39.471+0000][1][safepoint    ] Total time for which application threads were stopped: 0.0000906 seconds, Stopping threads took: 0.0000179 seconds
[2019-12-09T04:55:40.471+0000][1][safepoint    ] Application time: 1.0000740 seconds
[2019-12-09T04:55:40.471+0000][1][safepoint    ] Entering safepoint region: Cleanup
[2019-12-09T04:55:40.471+0000][1][safepoint    ] Leaving safepoint region
[2019-12-09T04:55:40.471+0000][1][safepoint    ] Total time for which application threads were stopped: 0.0000900 seconds, Stopping threads took: 0.0000181 seconds
[2019-12-09T04:55:41.471+0000][1][safepoint    ] Application time: 1.0000753 seconds
[2019-12-09T04:55:41.471+0000][1][safepoint    ] Entering safepoint region: Cleanup
[2019-12-09T04:55:41.471+0000][1][safepoint    ] Leaving safepoint region
[2019-12-09T04:55:41.471+0000][1][safepoint    ] Total time for which application threads were stopped: 0.0000895 seconds, Stopping threads took: 0.0000192 seconds
[2019-12-09T04:55:42.944+0000][1][safepoint    ] Application time: 1.4724417 seconds
[2019-12-09T04:55:42.944+0000][1][safepoint    ] Entering safepoint region: Cleanup
[2019-12-09T04:55:42.944+0000][1][safepoint    ] Leaving safepoint region
[2019-12-09T04:55:42.944+0000][1][safepoint    ] Total time for which application threads were stopped: 0.0000906 seconds, Stopping threads took: 0.0000193 seconds
[2019-12-09T04:55:43.944+0000][1][safepoint    ] Application time: 1.0000746 seconds
[2019-12-09T04:55:43.944+0000][1][safepoint    ] Entering safepoint region: Cleanup
[2019-12-09T04:55:43.944+0000][1][safepoint    ] Leaving safepoint region
[2019-12-09T04:55:43.944+0000][1][safepoint    ] Total time for which application threads were stopped: 0.0000886 seconds, Stopping threads took: 0.0000174 seconds
[2019-12-09T04:55:44.944+0000][1][safepoint    ] Application time: 1.0000774 seconds
[2019-12-09T04:55:44.944+0000][1][safepoint    ] Entering safepoint region: Cleanup
[2019-12-09T04:55:44.944+0000][1][safepoint    ] Leaving safepoint region
[2019-12-09T04:55:44.944+0000][1][safepoint    ] Total time for which application threads were stopped: 0.0000854 seconds, Stopping threads took: 0.0000174 seconds
[2019-12-09T04:55:45.945+0000][1][safepoint    ] Application time: 1.0000761 seconds
[2019-12-09T04:55:45.945+0000][1][safepoint    ] Entering safepoint region: Cleanup
[2019-12-09T04:55:45.945+0000][1][safepoint    ] Leaving safepoint region
[2019-12-09T04:55:45.945+0000][1][safepoint    ] Total time for which application threads were stopped: 0.0001191 seconds, Stopping threads took: 0.0000185 seconds
[2019-12-09T04:55:46.945+0000][1][safepoint    ] Application time: 1.0000764 seconds
[2019-12-09T04:55:46.945+0000][1][safepoint    ] Entering safepoint region: Cleanup
[2019-12-09T04:55:46.945+0000][1][safepoint    ] Leaving safepoint region
[2019-12-09T04:55:46.945+0000][1][safepoint    ] Total time for which application threads were stopped: 0.0000908 seconds, Stopping threads took: 0.0000175 seconds
[2019-12-09T04:55:47.945+0000][1][safepoint    ] Application time: 1.0000799 seconds
[2019-12-09T04:55:47.945+0000][1][safepoint    ] Entering safepoint region: Cleanup
[2019-12-09T04:55:47.945+0000][1][safepoint    ] Leaving safepoint region
[2019-12-09T04:55:47.945+0000][1][safepoint    ] Total time for which application threads were stopped: 0.0000898 seconds, Stopping threads took: 0.0000174 seconds
[2019-12-09T04:55:48.945+0000][1][safepoint    ] Application time: 1.0000775 seconds
[2019-12-09T04:55:48.945+0000][1][safepoint    ] Entering safepoint region: Cleanup
[2019-12-09T04:55:48.945+0000][1][safepoint    ] Leaving safepoint region
[2019-12-09T04:55:48.945+0000][1][safepoint    ] Total time for which application threads were stopped: 0.0000905 seconds, Stopping threads took: 0.0000175 seconds
[2019-12-09T04:55:49.945+0000][1][safepoint    ] Application time: 1.0000743 seconds
[2019-12-09T04:55:49.945+0000][1][safepoint    ] Entering safepoint region: Cleanup
[2019-12-09T04:55:49.946+0000][1][safepoint    ] Leaving safepoint region
[2019-12-09T04:55:49.946+0000][1][safepoint    ] Total time for which application threads were stopped: 0.0000902 seconds, Stopping threads took: 0.0000170 seconds
[2019-12-09T04:55:50.946+0000][1][safepoint    ] Application time: 1.0000800 seconds
[2019-12-09T04:55:50.946+0000][1][safepoint    ] Entering safepoint region: Cleanup
[2019-12-09T04:55:50.946+0000][1][safepoint    ] Leaving safepoint region
[2019-12-09T04:55:50.946+0000][1][safepoint    ] Total time for which application threads were stopped: 0.0001090 seconds, Stopping threads took: 0.0000336 seconds
[2019-12-09T04:55:51.946+0000][1][safepoint    ] Application time: 1.0000755 seconds
[2019-12-09T04:55:51.946+0000][1][safepoint    ] Entering safepoint region: Cleanup
[2019-12-09T04:55:51.946+0000][1][safepoint    ] Leaving safepoint region
[2019-12-09T04:55:51.946+0000][1][safepoint    ] Total time for which application threads were stopped: 0.0000864 seconds, Stopping threads took: 0.0000167 seconds
[2019-12-09T04:55:52.946+0000][1][safepoint    ] Application time: 1.0000759 seconds
[2019-12-09T04:55:52.946+0000][1][safepoint    ] Entering safepoint region: Cleanup
[2019-12-09T04:55:52.946+0000][1][safepoint    ] Leaving safepoint region
[2019-12-09T04:55:52.946+0000][1][safepoint    ] Total time for which application threads were stopped: 0.0000894 seconds, Stopping threads took: 0.0000182 seconds
[2019-12-09T04:55:53.946+0000][1][safepoint    ] Application time: 1.0000796 seconds
[2019-12-09T04:55:53.946+0000][1][safepoint    ] Entering safepoint region: Cleanup
[2019-12-09T04:55:53.946+0000][1][safepoint    ] Leaving safepoint region
[2019-12-09T04:55:53.946+0000][1][safepoint    ] Total time for which application threads were stopped: 0.0000910 seconds, Stopping threads took: 0.0000200 seconds
[2019-12-09T04:55:54.946+0000][1][safepoint    ] Application time: 1.0000759 seconds
[2019-12-09T04:55:54.947+0000][1][safepoint    ] Entering safepoint region: Cleanup
[2019-12-09T04:55:54.947+0000][1][safepoint    ] Leaving safepoint region
[2019-12-09T04:55:54.947+0000][1][safepoint    ] Total time for which application threads were stopped: 0.0000919 seconds, Stopping threads took: 0.0000184 seconds
[2019-12-09T04:55:55.947+0000][1][safepoint    ] Application time: 1.0000837 seconds
[2019-12-09T04:55:55.947+0000][1][safepoint    ] Entering safepoint region: Cleanup
[2019-12-09T04:55:55.947+0000][1][safepoint    ] Leaving safepoint region
[2019-12-09T04:55:55.947+0000][1][safepoint    ] Total time for which application threads were stopped: 0.0000966 seconds, Stopping threads took: 0.0000202 seconds
[2019-12-09T04:55:56.947+0000][1][safepoint    ] Application time: 1.0000779 seconds
[2019-12-09T04:55:56.947+0000][1][safepoint    ] Entering safepoint region: Cleanup
[2019-12-09T04:55:56.947+0000][1][safepoint    ] Leaving safepoint region
[2019-12-09T04:55:56.947+0000][1][safepoint    ] Total time for which application threads were stopped: 0.0000922 seconds, Stopping threads took: 0.0000215 seconds
[2019-12-09T04:55:57.947+0000][1][safepoint    ] Application time: 1.0000744 seconds
[2019-12-09T04:55:57.947+0000][1][safepoint    ] Entering safepoint region: Cleanup
[2019-12-09T04:55:57.947+0000][1][safepoint    ] Leaving safepoint region
[2019-12-09T04:55:57.947+0000][1][safepoint    ] Total time for which application threads were stopped: 0.0000865 seconds, Stopping threads took: 0.0000171 seconds
[2019-12-09T04:55:58.947+0000][1][safepoint    ] Application time: 1.0000773 seconds
[2019-12-09T04:55:58.947+0000][1][safepoint    ] Entering safepoint region: Cleanup
[2019-12-09T04:55:58.947+0000][1][safepoint    ] Leaving safepoint region
[2019-12-09T04:55:58.947+0000][1][safepoint    ] Total time for which application threads were stopped: 0.0000875 seconds, Stopping threads took: 0.0000177 seconds
[2019-12-09T04:56:00.947+0000][1][safepoint    ] Application time: 1.9993603 seconds
[2019-12-09T04:56:00.947+0000][1][safepoint    ] Entering safepoint region: Cleanup
[2019-12-09T04:56:00.947+0000][1][safepoint    ] Leaving safepoint region
[2019-12-09T04:56:00.947+0000][1][safepoint    ] Total time for which application threads were stopped: 0.0000871 seconds, Stopping threads took: 0.0000173 seconds
[2019-12-09T04:56:01.947+0000][1][safepoint    ] Application time: 1.0001402 seconds
[2019-12-09T04:56:01.947+0000][1][safepoint    ] Entering safepoint region: Cleanup
[2019-12-09T04:56:01.947+0000][1][safepoint    ] Leaving safepoint region
[2019-12-09T04:56:01.947+0000][1][safepoint    ] Total time for which application threads were stopped: 0.0001298 seconds, Stopping threads took: 0.0000276 seconds
[2019-12-09T04:56:02.947+0000][1][safepoint    ] Application time: 1.0000904 seconds
[2019-12-09T04:56:02.947+0000][1][safepoint    ] Entering safepoint region: Cleanup
[2019-12-09T04:56:02.948+0000][1][safepoint    ] Leaving safepoint region
[2019-12-09T04:56:02.948+0000][1][safepoint    ] Total time for which application threads were stopped: 0.0001199 seconds, Stopping threads took: 0.0000240 seconds
[2019-12-09T04:56:03.948+0000][1][safepoint    ] Application time: 1.0000799 seconds
[2019-12-09T04:56:03.948+0000][1][safepoint    ] Entering safepoint region: Cleanup
[2019-12-09T04:56:03.948+0000][1][safepoint    ] Leaving safepoint region
[2019-12-09T04:56:03.948+0000][1][safepoint    ] Total time for which application threads were stopped: 0.0001070 seconds, Stopping threads took: 0.0000174 seconds
[2019-12-09T04:56:04.948+0000][1][safepoint    ] Application time: 1.0000787 seconds
[2019-12-09T04:56:04.948+0000][1][safepoint    ] Entering safepoint region: Cleanup
[2019-12-09T04:56:04.948+0000][1][safepoint    ] Leaving safepoint region
[2019-12-09T04:56:04.948+0000][1][safepoint    ] Total time for which application threads were stopped: 0.0001050 seconds, Stopping threads took: 0.0000180 seconds
[2019-12-09T04:56:05.948+0000][1][safepoint    ] Application time: 1.0000774 seconds
[2019-12-09T04:56:05.948+0000][1][safepoint    ] Entering safepoint region: Cleanup
[2019-12-09T04:56:05.948+0000][1][safepoint    ] Leaving safepoint region
[2019-12-09T04:56:05.948+0000][1][safepoint    ] Total time for which application threads were stopped: 0.0000890 seconds, Stopping threads took: 0.0000180 seconds
[2019-12-09T04:56:06.948+0000][1][safepoint    ] Application time: 1.0000765 seconds
[2019-12-09T04:56:06.948+0000][1][safepoint    ] Entering safepoint region: Cleanup
[2019-12-09T04:56:06.948+0000][1][safepoint    ] Leaving safepoint region
[2019-12-09T04:56:06.948+0000][1][safepoint    ] Total time for which application threads were stopped: 0.0000980 seconds, Stopping threads took: 0.0000189 seconds
[2019-12-09T04:56:07.949+0000][1][safepoint    ] Application time: 1.0000759 seconds
[2019-12-09T04:56:07.949+0000][1][safepoint    ] Entering safepoint region: Cleanup
[2019-12-09T04:56:07.949+0000][1][safepoint    ] Leaving safepoint region
[2019-12-09T04:56:07.949+0000][1][safepoint    ] Total time for which application threads were stopped: 0.0000864 seconds, Stopping threads took: 0.0000172 seconds
[2019-12-09T04:56:08.949+0000][1][safepoint    ] Application time: 1.0000778 seconds
[2019-12-09T04:56:08.949+0000][1][safepoint    ] Entering safepoint region: Cleanup
[2019-12-09T04:56:08.949+0000][1][safepoint    ] Leaving safepoint region
[2019-12-09T04:56:08.949+0000][1][safepoint    ] Total time for which application threads were stopped: 0.0000894 seconds, Stopping threads took: 0.0000189 seconds
[2019-12-09T04:56:09.949+0000][1][safepoint    ] Application time: 1.0000771 seconds
[2019-12-09T04:56:09.949+0000][1][safepoint    ] Entering safepoint region: Cleanup
[2019-12-09T04:56:09.949+0000][1][safepoint    ] Leaving safepoint region
[2019-12-09T04:56:09.949+0000][1][safepoint    ] Total time for which application threads were stopped: 0.0000916 seconds, Stopping threads took: 0.0000177 seconds
[2019-12-09T04:56:10.949+0000][1][safepoint    ] Application time: 1.0000747 seconds
[2019-12-09T04:56:10.949+0000][1][safepoint    ] Entering safepoint region: Cleanup
[2019-12-09T04:56:10.949+0000][1][safepoint    ] Leaving safepoint region
[2019-12-09T04:56:10.949+0000][1][safepoint    ] Total time for which application threads were stopped: 0.0000898 seconds, Stopping threads took: 0.0000179 seconds
[2019-12-09T04:56:11.949+0000][1][safepoint    ] Application time: 1.0000775 seconds
[2019-12-09T04:56:11.949+0000][1][safepoint    ] Entering safepoint region: Cleanup
[2019-12-09T04:56:11.949+0000][1][safepoint    ] Leaving safepoint region
[2019-12-09T04:56:11.949+0000][1][safepoint    ] Total time for which application threads were stopped: 0.0000922 seconds, Stopping threads took: 0.0000187 seconds
[2019-12-09T04:56:12.950+0000][1][safepoint    ] Application time: 1.0000770 seconds
[2019-12-09T04:56:12.950+0000][1][safepoint    ] Entering safepoint region: Cleanup
[2019-12-09T04:56:12.950+0000][1][safepoint    ] Leaving safepoint region
[2019-12-09T04:56:12.950+0000][1][safepoint    ] Total time for which application threads were stopped: 0.0000873 seconds, Stopping threads took: 0.0000181 seconds
[2019-12-09T04:56:13.950+0000][1][safepoint    ] Application time: 1.0000775 seconds
[2019-12-09T04:56:13.950+0000][1][safepoint    ] Entering safepoint region: Cleanup
[2019-12-09T04:56:13.950+0000][1][safepoint    ] Leaving safepoint region
[2019-12-09T04:56:13.950+0000][1][safepoint    ] Total time for which application threads were stopped: 0.0000890 seconds, Stopping threads took: 0.0000173 seconds
[2019-12-09T04:56:14.950+0000][1][safepoint    ] Application time: 1.0000739 seconds
[2019-12-09T04:56:14.950+0000][1][safepoint    ] Entering safepoint region: Cleanup
[2019-12-09T04:56:14.950+0000][1][safepoint    ] Leaving safepoint region
[2019-12-09T04:56:14.950+0000][1][safepoint    ] Total time for which application threads were stopped: 0.0000882 seconds, Stopping threads took: 0.0000169 seconds
[2019-12-09T04:56:15.950+0000][1][safepoint    ] Application time: 1.0000773 seconds
[2019-12-09T04:56:15.950+0000][1][safepoint    ] Entering safepoint region: Cleanup
[2019-12-09T04:56:15.950+0000][1][safepoint    ] Leaving safepoint region
[2019-12-09T04:56:15.950+0000][1][safepoint    ] Total time for which application threads were stopped: 0.0000905 seconds, Stopping threads took: 0.0000193 seconds
[2019-12-09T04:56:16.950+0000][1][safepoint    ] Application time: 1.0000764 seconds
[2019-12-09T04:56:16.950+0000][1][safepoint    ] Entering safepoint region: Cleanup
[2019-12-09T04:56:16.951+0000][1][safepoint    ] Leaving safepoint region
[2019-12-09T04:56:16.951+0000][1][safepoint    ] Total time for which application threads were stopped: 0.0000882 seconds, Stopping threads took: 0.0000185 seconds
[2019-12-09T04:56:17.951+0000][1][safepoint    ] Application time: 1.0000771 seconds
[2019-12-09T04:56:17.951+0000][1][safepoint    ] Entering safepoint region: Cleanup
[2019-12-09T04:56:17.951+0000][1][safepoint    ] Leaving safepoint region
[2019-12-09T04:56:17.951+0000][1][safepoint    ] Total time for which application threads were stopped: 0.0000977 seconds, Stopping threads took: 0.0000172 seconds
[2019-12-09T04:56:18.966+0000][1][safepoint    ] Application time: 1.0152576 seconds
[2019-12-09T04:56:18.966+0000][1][safepoint    ] Entering safepoint region: Cleanup
[2019-12-09T04:56:18.966+0000][1][safepoint    ] Leaving safepoint region
[2019-12-09T04:56:18.966+0000][1][safepoint    ] Total time for which application threads were stopped: 0.0000879 seconds, Stopping threads took: 0.0000174 seconds
[2019-12-09T04:56:19.966+0000][1][safepoint    ] Application time: 1.0000783 seconds
[2019-12-09T04:56:19.966+0000][1][safepoint    ] Entering safepoint region: Cleanup
[2019-12-09T04:56:19.966+0000][1][safepoint    ] Leaving safepoint region
[2019-12-09T04:56:19.966+0000][1][safepoint    ] Total time for which application threads were stopped: 0.0000879 seconds, Stopping threads took: 0.0000178 seconds
[2019-12-09T04:56:20.966+0000][1][safepoint    ] Application time: 1.0000805 seconds
[2019-12-09T04:56:20.966+0000][1][safepoint    ] Entering safepoint region: Cleanup
[2019-12-09T04:56:20.967+0000][1][safepoint    ] Leaving safepoint region
[2019-12-09T04:56:20.967+0000][1][safepoint    ] Total time for which application threads were stopped: 0.0001090 seconds, Stopping threads took: 0.0000180 seconds
[2019-12-09T04:56:21.967+0000][1][safepoint    ] Application time: 1.0000764 seconds
[2019-12-09T04:56:21.967+0000][1][safepoint    ] Entering safepoint region: Cleanup
[2019-12-09T04:56:21.967+0000][1][safepoint    ] Leaving safepoint region
[2019-12-09T04:56:21.967+0000][1][safepoint    ] Total time for which application threads were stopped: 0.0000940 seconds, Stopping threads took: 0.0000196 seconds
[2019-12-09T04:56:22.967+0000][1][safepoint    ] Application time: 1.0000768 seconds
[2019-12-09T04:56:22.967+0000][1][safepoint    ] Entering safepoint region: Cleanup
[2019-12-09T04:56:22.967+0000][1][safepoint    ] Leaving safepoint region
[2019-12-09T04:56:22.967+0000][1][safepoint    ] Total time for which application threads were stopped: 0.0000894 seconds, Stopping threads took: 0.0000176 seconds
[2019-12-09T04:56:23.967+0000][1][safepoint    ] Application time: 1.0000769 seconds
[2019-12-09T04:56:23.967+0000][1][safepoint    ] Entering safepoint region: Cleanup
[2019-12-09T04:56:23.967+0000][1][safepoint    ] Leaving safepoint region
[2019-12-09T04:56:23.967+0000][1][safepoint    ] Total time for which application threads were stopped: 0.0000918 seconds, Stopping threads took: 0.0000181 seconds
[2019-12-09T04:56:24.967+0000][1][safepoint    ] Application time: 1.0000757 seconds
[2019-12-09T04:56:24.967+0000][1][safepoint    ] Entering safepoint region: Cleanup
[2019-12-09T04:56:24.967+0000][1][safepoint    ] Leaving safepoint region
[2019-12-09T04:56:24.967+0000][1][safepoint    ] Total time for which application threads were stopped: 0.0000868 seconds, Stopping threads took: 0.0000168 seconds
[2019-12-09T04:56:25.968+0000][1][safepoint    ] Application time: 1.0000766 seconds
[2019-12-09T04:56:25.968+0000][1][safepoint    ] Entering safepoint region: Cleanup
[2019-12-09T04:56:25.968+0000][1][safepoint    ] Leaving safepoint region
[2019-12-09T04:56:25.968+0000][1][safepoint    ] Total time for which application threads were stopped: 0.0000890 seconds, Stopping threads took: 0.0000183 seconds
[2019-12-09T04:56:26.968+0000][1][safepoint    ] Application time: 1.0000760 seconds
[2019-12-09T04:56:26.968+0000][1][safepoint    ] Entering safepoint region: Cleanup
[2019-12-09T04:56:26.968+0000][1][safepoint    ] Leaving safepoint region
[2019-12-09T04:56:26.968+0000][1][safepoint    ] Total time for which application threads were stopped: 0.0000998 seconds, Stopping threads took: 0.0000268 seconds
[2019-12-09T04:56:27.968+0000][1][safepoint    ] Application time: 1.0000747 seconds
[2019-12-09T04:56:27.968+0000][1][safepoint    ] Entering safepoint region: Cleanup
[2019-12-09T04:56:27.968+0000][1][safepoint    ] Leaving safepoint region
[2019-12-09T04:56:27.968+0000][1][safepoint    ] Total time for which application threads were stopped: 0.0000896 seconds, Stopping threads took: 0.0000183 seconds
[2019-12-09T04:56:28.968+0000][1][safepoint    ] Application time: 1.0000766 seconds
[2019-12-09T04:56:28.968+0000][1][safepoint    ] Entering safepoint region: Cleanup
[2019-12-09T04:56:28.968+0000][1][safepoint    ] Leaving safepoint region
[2019-12-09T04:56:28.968+0000][1][safepoint    ] Total time for which application threads were stopped: 0.0000924 seconds, Stopping threads took: 0.0000183 seconds
[2019-12-09T04:56:29.968+0000][1][safepoint    ] Application time: 1.0000775 seconds
[2019-12-09T04:56:29.968+0000][1][safepoint    ] Entering safepoint region: Cleanup
[2019-12-09T04:56:29.968+0000][1][safepoint    ] Leaving safepoint region
[2019-12-09T04:56:29.968+0000][1][safepoint    ] Total time for which application threads were stopped: 0.0000899 seconds, Stopping threads took: 0.0000182 seconds
[2019-12-09T04:56:30.969+0000][1][safepoint    ] Application time: 1.0000824 seconds
[2019-12-09T04:56:30.969+0000][1][safepoint    ] Entering safepoint region: Cleanup
[2019-12-09T04:56:30.969+0000][1][safepoint    ] Leaving safepoint region
[2019-12-09T04:56:30.969+0000][1][safepoint    ] Total time for which application threads were stopped: 0.0001014 seconds, Stopping threads took: 0.0000175 seconds
[2019-12-09T04:56:31.969+0000][1][safepoint    ] Application time: 1.0000761 seconds
[2019-12-09T04:56:31.969+0000][1][safepoint    ] Entering safepoint region: Cleanup
[2019-12-09T04:56:31.969+0000][1][safepoint    ] Leaving safepoint region
[2019-12-09T04:56:31.969+0000][1][safepoint    ] Total time for which application threads were stopped: 0.0000891 seconds, Stopping threads took: 0.0000182 seconds
[2019-12-09T04:56:32.969+0000][1][safepoint    ] Application time: 1.0000756 seconds
[2019-12-09T04:56:32.969+0000][1][safepoint    ] Entering safepoint region: Cleanup
[2019-12-09T04:56:32.969+0000][1][safepoint    ] Leaving safepoint region
[2019-12-09T04:56:32.969+0000][1][safepoint    ] Total time for which application threads were stopped: 0.0000845 seconds, Stopping threads took: 0.0000162 seconds
[2019-12-09T04:56:33.969+0000][1][safepoint    ] Application time: 1.0000744 seconds
[2019-12-09T04:56:33.969+0000][1][safepoint    ] Entering safepoint region: Cleanup
[2019-12-09T04:56:33.969+0000][1][safepoint    ] Leaving safepoint region
[2019-12-09T04:56:33.969+0000][1][safepoint    ] Total time for which application threads were stopped: 0.0000853 seconds, Stopping threads took: 0.0000171 seconds
[2019-12-09T04:56:34.969+0000][1][safepoint    ] Application time: 1.0000738 seconds
[2019-12-09T04:56:34.969+0000][1][safepoint    ] Entering safepoint region: Cleanup
[2019-12-09T04:56:34.970+0000][1][safepoint    ] Leaving safepoint region
[2019-12-09T04:56:34.970+0000][1][safepoint    ] Total time for which application threads were stopped: 0.0000886 seconds, Stopping threads took: 0.0000183 seconds
[2019-12-09T04:56:35.970+0000][1][safepoint    ] Application time: 1.0000743 seconds
[2019-12-09T04:56:35.970+0000][1][safepoint    ] Entering safepoint region: Cleanup
[2019-12-09T04:56:35.970+0000][1][safepoint    ] Leaving safepoint region
[2019-12-09T04:56:35.970+0000][1][safepoint    ] Total time for which application threads were stopped: 0.0001024 seconds, Stopping threads took: 0.0000170 seconds
[2019-12-09T04:56:36.983+0000][1][safepoint    ] Application time: 1.0132699 seconds
[2019-12-09T04:56:36.983+0000][1][safepoint    ] Entering safepoint region: Cleanup
[2019-12-09T04:56:36.983+0000][1][safepoint    ] Leaving safepoint region
[2019-12-09T04:56:36.983+0000][1][safepoint    ] Total time for which application threads were stopped: 0.0000865 seconds, Stopping threads took: 0.0000160 seconds
[2019-12-09T04:56:37.983+0000][1][safepoint    ] Application time: 1.0000769 seconds
[2019-12-09T04:56:37.983+0000][1][safepoint    ] Entering safepoint region: Cleanup
[2019-12-09T04:56:37.983+0000][1][safepoint    ] Leaving safepoint region
[2019-12-09T04:56:37.983+0000][1][safepoint    ] Total time for which application threads were stopped: 0.0000895 seconds, Stopping threads took: 0.0000196 seconds
[2019-12-09T04:56:38.983+0000][1][safepoint    ] Application time: 1.0000825 seconds
[2019-12-09T04:56:38.983+0000][1][safepoint    ] Entering safepoint region: Cleanup
[2019-12-09T04:56:38.984+0000][1][safepoint    ] Leaving safepoint region
[2019-12-09T04:56:38.984+0000][1][safepoint    ] Total time for which application threads were stopped: 0.0001153 seconds, Stopping threads took: 0.0000236 seconds
[2019-12-09T04:56:39.984+0000][1][safepoint    ] Application time: 1.0000877 seconds
[2019-12-09T04:56:39.984+0000][1][safepoint    ] Entering safepoint region: Cleanup
[2019-12-09T04:56:39.984+0000][1][safepoint    ] Leaving safepoint region
[2019-12-09T04:56:39.984+0000][1][safepoint    ] Total time for which application threads were stopped: 0.0000901 seconds, Stopping threads took: 0.0000184 seconds
[2019-12-09T04:56:40.984+0000][1][safepoint    ] Application time: 1.0000761 seconds
[2019-12-09T04:56:40.984+0000][1][safepoint    ] Entering safepoint region: Cleanup
[2019-12-09T04:56:40.984+0000][1][safepoint    ] Leaving safepoint region
[2019-12-09T04:56:40.984+0000][1][safepoint    ] Total time for which application threads were stopped: 0.0000898 seconds, Stopping threads took: 0.0000185 seconds
[2019-12-09T04:56:41.979+0000][1][safepoint    ] Application time: 0.9954483 seconds
[2019-12-09T04:56:41.980+0000][1][safepoint    ] Entering safepoint region: GenCollectForAllocation
[2019-12-09T04:56:41.980+0000][1][gc,start     ] GC(64) Pause Young (Allocation Failure)
[2019-12-09T04:56:41.980+0000][1][gc,task      ] GC(64) Using 2 workers of 2 for evacuation
[2019-12-09T04:56:41.981+0000][1][gc,age       ] GC(64) Desired survivor size 4456448 bytes, new threshold 6 (max threshold 6)
[2019-12-09T04:56:41.981+0000][1][gc,age       ] GC(64) Age table with threshold 6 (max threshold 6)
[2019-12-09T04:56:41.981+0000][1][gc,age       ] GC(64) - age   1:       8080 bytes,       8080 total
[2019-12-09T04:56:41.982+0000][1][gc,age       ] GC(64) - age   2:        320 bytes,       8400 total
[2019-12-09T04:56:41.982+0000][1][gc,age       ] GC(64) - age   3:        592 bytes,       8992 total
[2019-12-09T04:56:41.982+0000][1][gc,age       ] GC(64) - age   4:        744 bytes,       9736 total
[2019-12-09T04:56:41.982+0000][1][gc,age       ] GC(64) - age   5:        856 bytes,      10592 total
[2019-12-09T04:56:41.982+0000][1][gc,age       ] GC(64) - age   6:        936 bytes,      11528 total
[2019-12-09T04:56:41.982+0000][1][gc,heap      ] GC(64) ParNew: 69955K->12K(78656K)
[2019-12-09T04:56:41.982+0000][1][gc,heap      ] GC(64) CMS: 75940K->75941K(174784K)
[2019-12-09T04:56:41.982+0000][1][gc,metaspace ] GC(64) Metaspace: 80220K->80220K(1122304K)
[2019-12-09T04:56:41.982+0000][1][gc           ] GC(64) Pause Young (Allocation Failure) 142M->74M(247M) 1.921ms
[2019-12-09T04:56:41.982+0000][1][gc,cpu       ] GC(64) User=0.00s Sys=0.00s Real=0.00s
[2019-12-09T04:56:41.982+0000][1][safepoint    ] Leaving safepoint region
[2019-12-09T04:56:41.982+0000][1][safepoint    ] Total time for which application threads were stopped: 0.0020818 seconds, Stopping threads took: 0.0000178 seconds
[2019-12-09T04:56:42.982+0000][1][safepoint    ] Application time: 1.0000898 seconds
[2019-12-09T04:56:42.982+0000][1][safepoint    ] Entering safepoint region: Cleanup
[2019-12-09T04:56:42.982+0000][1][safepoint    ] Leaving safepoint region
[2019-12-09T04:56:42.982+0000][1][safepoint    ] Total time for which application threads were stopped: 0.0001001 seconds, Stopping threads took: 0.0000191 seconds
[2019-12-09T04:56:43.982+0000][1][safepoint    ] Application time: 1.0000868 seconds
[2019-12-09T04:56:43.982+0000][1][safepoint    ] Entering safepoint region: Cleanup
[2019-12-09T04:56:43.982+0000][1][safepoint    ] Leaving safepoint region
[2019-12-09T04:56:43.982+0000][1][safepoint    ] Total time for which application threads were stopped: 0.0000890 seconds, Stopping threads took: 0.0000191 seconds
[2019-12-09T04:56:44.982+0000][1][safepoint    ] Application time: 1.0000782 seconds
[2019-12-09T04:56:44.982+0000][1][safepoint    ] Entering safepoint region: Cleanup
[2019-12-09T04:56:44.982+0000][1][safepoint    ] Leaving safepoint region
[2019-12-09T04:56:44.982+0000][1][safepoint    ] Total time for which application threads were stopped: 0.0000865 seconds, Stopping threads took: 0.0000172 seconds
[2019-12-09T04:56:45.982+0000][1][safepoint    ] Application time: 1.0000795 seconds
[2019-12-09T04:56:45.982+0000][1][safepoint    ] Entering safepoint region: Cleanup
[2019-12-09T04:56:45.982+0000][1][safepoint    ] Leaving safepoint region
[2019-12-09T04:56:45.982+0000][1][safepoint    ] Total time for which application threads were stopped: 0.0001001 seconds, Stopping threads took: 0.0000190 seconds
[2019-12-09T04:56:46.983+0000][1][safepoint    ] Application time: 1.0000789 seconds
[2019-12-09T04:56:46.983+0000][1][safepoint    ] Entering safepoint region: Cleanup
[2019-12-09T04:56:46.983+0000][1][safepoint    ] Leaving safepoint region
[2019-12-09T04:56:46.983+0000][1][safepoint    ] Total time for which application threads were stopped: 0.0000910 seconds, Stopping threads took: 0.0000194 seconds
[2019-12-09T04:56:47.983+0000][1][safepoint    ] Application time: 1.0000816 seconds
[2019-12-09T04:56:47.983+0000][1][safepoint    ] Entering safepoint region: Cleanup
[2019-12-09T04:56:47.983+0000][1][safepoint    ] Leaving safepoint region
[2019-12-09T04:56:47.983+0000][1][safepoint    ] Total time for which application threads were stopped: 0.0001266 seconds, Stopping threads took: 0.0000238 seconds
[2019-12-09T04:56:48.983+0000][1][safepoint    ] Application time: 1.0000819 seconds
[2019-12-09T04:56:48.983+0000][1][safepoint    ] Entering safepoint region: Cleanup
[2019-12-09T04:56:48.983+0000][1][safepoint    ] Leaving safepoint region
[2019-12-09T04:56:48.983+0000][1][safepoint    ] Total time for which application threads were stopped: 0.0001206 seconds, Stopping threads took: 0.0000238 seconds
[2019-12-09T04:56:49.983+0000][1][safepoint    ] Application time: 1.0000940 seconds
[2019-12-09T04:56:49.983+0000][1][safepoint    ] Entering safepoint region: Cleanup
[2019-12-09T04:56:49.983+0000][1][safepoint    ] Leaving safepoint region
[2019-12-09T04:56:49.983+0000][1][safepoint    ] Total time for which application threads were stopped: 0.0001060 seconds, Stopping threads took: 0.0000166 seconds
[2019-12-09T04:56:50.983+0000][1][safepoint    ] Application time: 1.0000791 seconds
[2019-12-09T04:56:50.984+0000][1][safepoint    ] Entering safepoint region: Cleanup
[2019-12-09T04:56:50.984+0000][1][safepoint    ] Leaving safepoint region
[2019-12-09T04:56:50.984+0000][1][safepoint    ] Total time for which application threads were stopped: 0.0001606 seconds, Stopping threads took: 0.0000519 seconds
[2019-12-09T04:56:51.984+0000][1][safepoint    ] Application time: 1.0000515 seconds
[2019-12-09T04:56:51.984+0000][1][safepoint    ] Entering safepoint region: Cleanup
[2019-12-09T04:56:51.984+0000][1][safepoint    ] Leaving safepoint region
[2019-12-09T04:56:51.984+0000][1][safepoint    ] Total time for which application threads were stopped: 0.0000984 seconds, Stopping threads took: 0.0000261 seconds
[2019-12-09T04:56:52.984+0000][1][safepoint    ] Application time: 1.0000831 seconds
[2019-12-09T04:56:52.984+0000][1][safepoint    ] Entering safepoint region: Cleanup
[2019-12-09T04:56:52.984+0000][1][safepoint    ] Leaving safepoint region
[2019-12-09T04:56:52.984+0000][1][safepoint    ] Total time for which application threads were stopped: 0.0000850 seconds, Stopping threads took: 0.0000176 seconds
[2019-12-09T04:56:53.984+0000][1][safepoint    ] Application time: 1.0000738 seconds
[2019-12-09T04:56:53.984+0000][1][safepoint    ] Entering safepoint region: Cleanup
[2019-12-09T04:56:53.984+0000][1][safepoint    ] Leaving safepoint region
[2019-12-09T04:56:53.984+0000][1][safepoint    ] Total time for which application threads were stopped: 0.0000842 seconds, Stopping threads took: 0.0000172 seconds
[2019-12-09T04:56:54.984+0000][1][safepoint    ] Application time: 1.0000752 seconds
[2019-12-09T04:56:54.984+0000][1][safepoint    ] Entering safepoint region: Cleanup
[2019-12-09T04:56:54.984+0000][1][safepoint    ] Leaving safepoint region
[2019-12-09T04:56:54.984+0000][1][safepoint    ] Total time for which application threads were stopped: 0.0000908 seconds, Stopping threads took: 0.0000182 seconds
[2019-12-09T04:56:55.985+0000][1][safepoint    ] Application time: 1.0000768 seconds
[2019-12-09T04:56:55.985+0000][1][safepoint    ] Entering safepoint region: Cleanup
[2019-12-09T04:56:55.985+0000][1][safepoint    ] Leaving safepoint region
[2019-12-09T04:56:55.985+0000][1][safepoint    ] Total time for which application threads were stopped: 0.0000989 seconds, Stopping threads took: 0.0000192 seconds
[2019-12-09T04:56:56.985+0000][1][safepoint    ] Application time: 1.0000757 seconds
[2019-12-09T04:56:56.985+0000][1][safepoint    ] Entering safepoint region: Cleanup
[2019-12-09T04:56:56.985+0000][1][safepoint    ] Leaving safepoint region
[2019-12-09T04:56:56.985+0000][1][safepoint    ] Total time for which application threads were stopped: 0.0000978 seconds, Stopping threads took: 0.0000268 seconds
[2019-12-09T04:56:57.985+0000][1][safepoint    ] Application time: 1.0000779 seconds
[2019-12-09T04:56:57.985+0000][1][safepoint    ] Entering safepoint region: Cleanup
[2019-12-09T04:56:57.985+0000][1][safepoint    ] Leaving safepoint region
[2019-12-09T04:56:57.985+0000][1][safepoint    ] Total time for which application threads were stopped: 0.0000905 seconds, Stopping threads took: 0.0000187 seconds
[2019-12-09T04:56:58.985+0000][1][safepoint    ] Application time: 1.0000760 seconds
[2019-12-09T04:56:58.985+0000][1][safepoint    ] Entering safepoint region: Cleanup
[2019-12-09T04:56:58.985+0000][1][safepoint    ] Leaving safepoint region
[2019-12-09T04:56:58.985+0000][1][safepoint    ] Total time for which application threads were stopped: 0.0000930 seconds, Stopping threads took: 0.0000183 seconds
[2019-12-09T04:56:59.985+0000][1][safepoint    ] Application time: 1.0000784 seconds
[2019-12-09T04:56:59.985+0000][1][safepoint    ] Entering safepoint region: Cleanup
[2019-12-09T04:56:59.985+0000][1][safepoint    ] Leaving safepoint region
[2019-12-09T04:56:59.985+0000][1][safepoint    ] Total time for which application threads were stopped: 0.0000898 seconds, Stopping threads took: 0.0000186 seconds
[2019-12-09T04:57:00.986+0000][1][safepoint    ] Application time: 1.0000761 seconds
[2019-12-09T04:57:00.986+0000][1][safepoint    ] Entering safepoint region: Cleanup
[2019-12-09T04:57:00.986+0000][1][safepoint    ] Leaving safepoint region
[2019-12-09T04:57:00.986+0000][1][safepoint    ] Total time for which application threads were stopped: 0.0001012 seconds, Stopping threads took: 0.0000181 seconds
[2019-12-09T04:57:01.986+0000][1][safepoint    ] Application time: 1.0000774 seconds
[2019-12-09T04:57:01.986+0000][1][safepoint    ] Entering safepoint region: Cleanup
[2019-12-09T04:57:01.986+0000][1][safepoint    ] Leaving safepoint region
[2019-12-09T04:57:01.986+0000][1][safepoint    ] Total time for which application threads were stopped: 0.0000967 seconds, Stopping threads took: 0.0000201 seconds
[2019-12-09T04:57:02.986+0000][1][safepoint    ] Application time: 1.0000791 seconds
[2019-12-09T04:57:02.986+0000][1][safepoint    ] Entering safepoint region: Cleanup
[2019-12-09T04:57:02.986+0000][1][safepoint    ] Leaving safepoint region
[2019-12-09T04:57:02.986+0000][1][safepoint    ] Total time for which application threads were stopped: 0.0000910 seconds, Stopping threads took: 0.0000191 seconds
[2019-12-09T04:57:03.986+0000][1][safepoint    ] Application time: 1.0000804 seconds
[2019-12-09T04:57:03.986+0000][1][safepoint    ] Entering safepoint region: Cleanup
[2019-12-09T04:57:03.986+0000][1][safepoint    ] Leaving safepoint region
[2019-12-09T04:57:03.986+0000][1][safepoint    ] Total time for which application threads were stopped: 0.0000925 seconds, Stopping threads took: 0.0000191 seconds
[2019-12-09T04:57:04.986+0000][1][safepoint    ] Application time: 1.0000814 seconds
[2019-12-09T04:57:04.987+0000][1][safepoint    ] Entering safepoint region: Cleanup
[2019-12-09T04:57:04.987+0000][1][safepoint    ] Leaving safepoint region
[2019-12-09T04:57:04.987+0000][1][safepoint    ] Total time for which application threads were stopped: 0.0000970 seconds, Stopping threads took: 0.0000203 seconds
[2019-12-09T04:57:05.987+0000][1][safepoint    ] Application time: 1.0000943 seconds
[2019-12-09T04:57:05.987+0000][1][safepoint    ] Entering safepoint region: Cleanup
[2019-12-09T04:57:05.987+0000][1][safepoint    ] Leaving safepoint region
[2019-12-09T04:57:05.987+0000][1][safepoint    ] Total time for which application threads were stopped: 0.0000973 seconds, Stopping threads took: 0.0000211 seconds
[2019-12-09T04:57:06.987+0000][1][safepoint    ] Application time: 1.0001436 seconds
[2019-12-09T04:57:06.987+0000][1][safepoint    ] Entering safepoint region: Cleanup
[2019-12-09T04:57:06.987+0000][1][safepoint    ] Leaving safepoint region
[2019-12-09T04:57:06.987+0000][1][safepoint    ] Total time for which application threads were stopped: 0.0001306 seconds, Stopping threads took: 0.0000421 seconds
[2019-12-09T04:57:07.987+0000][1][safepoint    ] Application time: 1.0002411 seconds
[2019-12-09T04:57:07.988+0000][1][safepoint    ] Entering safepoint region: Cleanup
[2019-12-09T04:57:07.988+0000][1][safepoint    ] Leaving safepoint region
[2019-12-09T04:57:07.988+0000][1][safepoint    ] Total time for which application threads were stopped: 0.0001188 seconds, Stopping threads took: 0.0000323 seconds
[2019-12-09T04:57:08.988+0000][1][safepoint    ] Application time: 1.0000979 seconds
[2019-12-09T04:57:08.988+0000][1][safepoint    ] Entering safepoint region: Cleanup
[2019-12-09T04:57:08.988+0000][1][safepoint    ] Leaving safepoint region
[2019-12-09T04:57:08.988+0000][1][safepoint    ] Total time for which application threads were stopped: 0.0001272 seconds, Stopping threads took: 0.0000260 seconds
[2019-12-09T04:57:09.988+0000][1][safepoint    ] Application time: 1.0000757 seconds
[2019-12-09T04:57:09.988+0000][1][safepoint    ] Entering safepoint region: Cleanup
[2019-12-09T04:57:09.988+0000][1][safepoint    ] Leaving safepoint region
[2019-12-09T04:57:09.988+0000][1][safepoint    ] Total time for which application threads were stopped: 0.0001030 seconds, Stopping threads took: 0.0000174 seconds
[2019-12-09T04:57:10.988+0000][1][safepoint    ] Application time: 1.0000742 seconds
[2019-12-09T04:57:10.988+0000][1][safepoint    ] Entering safepoint region: Cleanup
[2019-12-09T04:57:10.988+0000][1][safepoint    ] Leaving safepoint region
[2019-12-09T04:57:10.988+0000][1][safepoint    ] Total time for which application threads were stopped: 0.0000893 seconds, Stopping threads took: 0.0000187 seconds
[2019-12-09T04:57:11.988+0000][1][safepoint    ] Application time: 1.0000774 seconds
[2019-12-09T04:57:11.988+0000][1][safepoint    ] Entering safepoint region: Cleanup
[2019-12-09T04:57:11.989+0000][1][safepoint    ] Leaving safepoint region
[2019-12-09T04:57:11.989+0000][1][safepoint    ] Total time for which application threads were stopped: 0.0000906 seconds, Stopping threads took: 0.0000180 seconds
[2019-12-09T04:57:12.989+0000][1][safepoint    ] Application time: 1.0000745 seconds
[2019-12-09T04:57:12.989+0000][1][safepoint    ] Entering safepoint region: Cleanup
[2019-12-09T04:57:12.989+0000][1][safepoint    ] Leaving safepoint region
[2019-12-09T04:57:12.989+0000][1][safepoint    ] Total time for which application threads were stopped: 0.0000991 seconds, Stopping threads took: 0.0000177 seconds
[2019-12-09T04:57:13.989+0000][1][safepoint    ] Application time: 1.0000747 seconds
[2019-12-09T04:57:13.989+0000][1][safepoint    ] Entering safepoint region: Cleanup
[2019-12-09T04:57:13.989+0000][1][safepoint    ] Leaving safepoint region
[2019-12-09T04:57:13.989+0000][1][safepoint    ] Total time for which application threads were stopped: 0.0000909 seconds, Stopping threads took: 0.0000186 seconds
[2019-12-09T04:57:14.989+0000][1][safepoint    ] Application time: 1.0000744 seconds
[2019-12-09T04:57:14.989+0000][1][safepoint    ] Entering safepoint region: Cleanup
[2019-12-09T04:57:14.989+0000][1][safepoint    ] Leaving safepoint region
[2019-12-09T04:57:14.989+0000][1][safepoint    ] Total time for which application threads were stopped: 0.0000875 seconds, Stopping threads took: 0.0000166 seconds
[2019-12-09T04:57:15.989+0000][1][safepoint    ] Application time: 1.0000749 seconds
[2019-12-09T04:57:15.989+0000][1][safepoint    ] Entering safepoint region: Cleanup
[2019-12-09T04:57:15.989+0000][1][safepoint    ] Leaving safepoint region
[2019-12-09T04:57:15.989+0000][1][safepoint    ] Total time for which application threads were stopped: 0.0000882 seconds, Stopping threads took: 0.0000178 seconds
[2019-12-09T04:57:16.989+0000][1][safepoint    ] Application time: 1.0000754 seconds
[2019-12-09T04:57:16.989+0000][1][safepoint    ] Entering safepoint region: Cleanup
[2019-12-09T04:57:16.990+0000][1][safepoint    ] Leaving safepoint region
[2019-12-09T04:57:16.990+0000][1][safepoint    ] Total time for which application threads were stopped: 0.0000892 seconds, Stopping threads took: 0.0000171 seconds
[2019-12-09T04:57:17.990+0000][1][safepoint    ] Application time: 1.0000747 seconds
[2019-12-09T04:57:17.990+0000][1][safepoint    ] Entering safepoint region: Cleanup
[2019-12-09T04:57:17.990+0000][1][safepoint    ] Leaving safepoint region
[2019-12-09T04:57:17.990+0000][1][safepoint    ] Total time for which application threads were stopped: 0.0000934 seconds, Stopping threads took: 0.0000204 seconds
[2019-12-09T04:57:18.990+0000][1][safepoint    ] Application time: 1.0000762 seconds
[2019-12-09T04:57:18.990+0000][1][safepoint    ] Entering safepoint region: Cleanup
[2019-12-09T04:57:18.990+0000][1][safepoint    ] Leaving safepoint region
[2019-12-09T04:57:18.990+0000][1][safepoint    ] Total time for which application threads were stopped: 0.0000896 seconds, Stopping threads took: 0.0000174 seconds
[2019-12-09T04:57:19.990+0000][1][safepoint    ] Application time: 1.0000755 seconds
[2019-12-09T04:57:19.990+0000][1][safepoint    ] Entering safepoint region: Cleanup
[2019-12-09T04:57:19.990+0000][1][safepoint    ] Leaving safepoint region
[2019-12-09T04:57:19.990+0000][1][safepoint    ] Total time for which application threads were stopped: 0.0000903 seconds, Stopping threads took: 0.0000185 seconds
[2019-12-09T04:57:20.990+0000][1][safepoint    ] Application time: 1.0000750 seconds
[2019-12-09T04:57:20.990+0000][1][safepoint    ] Entering safepoint region: Cleanup
[2019-12-09T04:57:20.990+0000][1][safepoint    ] Leaving safepoint region
[2019-12-09T04:57:20.990+0000][1][safepoint    ] Total time for which application threads were stopped: 0.0000876 seconds, Stopping threads took: 0.0000173 seconds
[2019-12-09T04:57:22.845+0000][1][safepoint    ] Application time: 1.8550728 seconds
[2019-12-09T04:57:22.846+0000][1][safepoint    ] Entering safepoint region: Cleanup
[2019-12-09T04:57:22.846+0000][1][safepoint    ] Leaving safepoint region
[2019-12-09T04:57:22.846+0000][1][safepoint    ] Total time for which application threads were stopped: 0.0000921 seconds, Stopping threads took: 0.0000179 seconds
[2019-12-09T04:57:23.846+0000][1][safepoint    ] Application time: 1.0000824 seconds
[2019-12-09T04:57:23.846+0000][1][safepoint    ] Entering safepoint region: Cleanup
[2019-12-09T04:57:23.846+0000][1][safepoint    ] Leaving safepoint region
[2019-12-09T04:57:23.846+0000][1][safepoint    ] Total time for which application threads were stopped: 0.0000891 seconds, Stopping threads took: 0.0000176 seconds
[2019-12-09T04:57:24.846+0000][1][safepoint    ] Application time: 1.0000758 seconds
[2019-12-09T04:57:24.846+0000][1][safepoint    ] Entering safepoint region: Cleanup
[2019-12-09T04:57:24.846+0000][1][safepoint    ] Leaving safepoint region
[2019-12-09T04:57:24.846+0000][1][safepoint    ] Total time for which application threads were stopped: 0.0000909 seconds, Stopping threads took: 0.0000187 seconds
[2019-12-09T04:57:25.846+0000][1][safepoint    ] Application time: 1.0000767 seconds
[2019-12-09T04:57:25.846+0000][1][safepoint    ] Entering safepoint region: Cleanup
[2019-12-09T04:57:25.846+0000][1][safepoint    ] Leaving safepoint region
[2019-12-09T04:57:25.846+0000][1][safepoint    ] Total time for which application threads were stopped: 0.0000894 seconds, Stopping threads took: 0.0000188 seconds
[2019-12-09T04:57:26.846+0000][1][safepoint    ] Application time: 1.0000768 seconds
[2019-12-09T04:57:26.846+0000][1][safepoint    ] Entering safepoint region: Cleanup
[2019-12-09T04:57:26.846+0000][1][safepoint    ] Leaving safepoint region
[2019-12-09T04:57:26.846+0000][1][safepoint    ] Total time for which application threads were stopped: 0.0000955 seconds, Stopping threads took: 0.0000245 seconds
[2019-12-09T04:57:27.847+0000][1][safepoint    ] Application time: 1.0000766 seconds
[2019-12-09T04:57:27.847+0000][1][safepoint    ] Entering safepoint region: Cleanup
[2019-12-09T04:57:27.847+0000][1][safepoint    ] Leaving safepoint region
[2019-12-09T04:57:27.847+0000][1][safepoint    ] Total time for which application threads were stopped: 0.0000983 seconds, Stopping threads took: 0.0000174 seconds
[2019-12-09T04:57:28.847+0000][1][safepoint    ] Application time: 1.0000766 seconds
[2019-12-09T04:57:28.847+0000][1][safepoint    ] Entering safepoint region: Cleanup
[2019-12-09T04:57:28.847+0000][1][safepoint    ] Leaving safepoint region
[2019-12-09T04:57:28.847+0000][1][safepoint    ] Total time for which application threads were stopped: 0.0000935 seconds, Stopping threads took: 0.0000172 seconds
[2019-12-09T04:57:29.847+0000][1][safepoint    ] Application time: 1.0000763 seconds
[2019-12-09T04:57:29.847+0000][1][safepoint    ] Entering safepoint region: Cleanup
[2019-12-09T04:57:29.847+0000][1][safepoint    ] Leaving safepoint region
[2019-12-09T04:57:29.847+0000][1][safepoint    ] Total time for which application threads were stopped: 0.0000899 seconds, Stopping threads took: 0.0000187 seconds
[2019-12-09T04:57:30.847+0000][1][safepoint    ] Application time: 1.0000761 seconds
[2019-12-09T04:57:30.847+0000][1][safepoint    ] Entering safepoint region: Cleanup
[2019-12-09T04:57:30.847+0000][1][safepoint    ] Leaving safepoint region
[2019-12-09T04:57:30.847+0000][1][safepoint    ] Total time for which application threads were stopped: 0.0000860 seconds, Stopping threads took: 0.0000173 seconds
[2019-12-09T04:57:31.847+0000][1][safepoint    ] Application time: 1.0000729 seconds
[2019-12-09T04:57:31.847+0000][1][safepoint    ] Entering safepoint region: Cleanup
[2019-12-09T04:57:31.848+0000][1][safepoint    ] Leaving safepoint region
[2019-12-09T04:57:31.848+0000][1][safepoint    ] Total time for which application threads were stopped: 0.0000855 seconds, Stopping threads took: 0.0000165 seconds
[2019-12-09T04:57:32.848+0000][1][safepoint    ] Application time: 1.0000764 seconds
[2019-12-09T04:57:32.848+0000][1][safepoint    ] Entering safepoint region: Cleanup
[2019-12-09T04:57:32.848+0000][1][safepoint    ] Leaving safepoint region
[2019-12-09T04:57:32.848+0000][1][safepoint    ] Total time for which application threads were stopped: 0.0000961 seconds, Stopping threads took: 0.0000178 seconds
[2019-12-09T04:57:33.848+0000][1][safepoint    ] Application time: 1.0000775 seconds
[2019-12-09T04:57:33.848+0000][1][safepoint    ] Entering safepoint region: Cleanup
[2019-12-09T04:57:33.848+0000][1][safepoint    ] Leaving safepoint region
[2019-12-09T04:57:33.848+0000][1][safepoint    ] Total time for which application threads were stopped: 0.0000898 seconds, Stopping threads took: 0.0000171 seconds
[2019-12-09T04:57:34.848+0000][1][safepoint    ] Application time: 1.0000771 seconds
[2019-12-09T04:57:34.848+0000][1][safepoint    ] Entering safepoint region: Cleanup
[2019-12-09T04:57:34.848+0000][1][safepoint    ] Leaving safepoint region
[2019-12-09T04:57:34.848+0000][1][safepoint    ] Total time for which application threads were stopped: 0.0000854 seconds, Stopping threads took: 0.0000170 seconds
[2019-12-09T04:57:35.848+0000][1][safepoint    ] Application time: 1.0000767 seconds
[2019-12-09T04:57:35.848+0000][1][safepoint    ] Entering safepoint region: Cleanup
[2019-12-09T04:57:35.848+0000][1][safepoint    ] Leaving safepoint region
[2019-12-09T04:57:35.848+0000][1][safepoint    ] Total time for which application threads were stopped: 0.0000873 seconds, Stopping threads took: 0.0000164 seconds
[2019-12-09T04:57:36.848+0000][1][safepoint    ] Application time: 1.0000750 seconds
[2019-12-09T04:57:36.848+0000][1][safepoint    ] Entering safepoint region: Cleanup
[2019-12-09T04:57:36.849+0000][1][safepoint    ] Leaving safepoint region
[2019-12-09T04:57:36.849+0000][1][safepoint    ] Total time for which application threads were stopped: 0.0000845 seconds, Stopping threads took: 0.0000167 seconds
[2019-12-09T04:57:37.849+0000][1][safepoint    ] Application time: 1.0000764 seconds
[2019-12-09T04:57:37.849+0000][1][safepoint    ] Entering safepoint region: Cleanup
[2019-12-09T04:57:37.849+0000][1][safepoint    ] Leaving safepoint region
[2019-12-09T04:57:37.849+0000][1][safepoint    ] Total time for which application threads were stopped: 0.0000955 seconds, Stopping threads took: 0.0000171 seconds
[2019-12-09T04:57:38.849+0000][1][safepoint    ] Application time: 1.0000741 seconds
[2019-12-09T04:57:38.849+0000][1][safepoint    ] Entering safepoint region: Cleanup
[2019-12-09T04:57:38.849+0000][1][safepoint    ] Leaving safepoint region
[2019-12-09T04:57:38.849+0000][1][safepoint    ] Total time for which application threads were stopped: 0.0000871 seconds, Stopping threads took: 0.0000169 seconds
[2019-12-09T04:57:39.849+0000][1][safepoint    ] Application time: 1.0000765 seconds
[2019-12-09T04:57:39.849+0000][1][safepoint    ] Entering safepoint region: Cleanup
[2019-12-09T04:57:39.849+0000][1][safepoint    ] Leaving safepoint region
[2019-12-09T04:57:39.849+0000][1][safepoint    ] Total time for which application threads were stopped: 0.0000853 seconds, Stopping threads took: 0.0000157 seconds
[2019-12-09T04:57:40.849+0000][1][safepoint    ] Application time: 1.0000739 seconds
[2019-12-09T04:57:40.849+0000][1][safepoint    ] Entering safepoint region: Cleanup
[2019-12-09T04:57:40.849+0000][1][safepoint    ] Leaving safepoint region
[2019-12-09T04:57:40.849+0000][1][safepoint    ] Total time for which application threads were stopped: 0.0000847 seconds, Stopping threads took: 0.0000166 seconds
[2019-12-09T04:57:41.849+0000][1][safepoint    ] Application time: 1.0000758 seconds
[2019-12-09T04:57:41.849+0000][1][safepoint    ] Entering safepoint region: Cleanup
[2019-12-09T04:57:41.850+0000][1][safepoint    ] Leaving safepoint region
[2019-12-09T04:57:41.850+0000][1][safepoint    ] Total time for which application threads were stopped: 0.0000944 seconds, Stopping threads took: 0.0000235 seconds
[2019-12-09T04:57:42.850+0000][1][safepoint    ] Application time: 1.0000772 seconds
[2019-12-09T04:57:42.850+0000][1][safepoint    ] Entering safepoint region: Cleanup
[2019-12-09T04:57:42.850+0000][1][safepoint    ] Leaving safepoint region
[2019-12-09T04:57:42.850+0000][1][safepoint    ] Total time for which application threads were stopped: 0.0000975 seconds, Stopping threads took: 0.0000167 seconds
[2019-12-09T04:57:43.850+0000][1][safepoint    ] Application time: 1.0000727 seconds
[2019-12-09T04:57:43.850+0000][1][safepoint    ] Entering safepoint region: Cleanup
[2019-12-09T04:57:43.850+0000][1][safepoint    ] Leaving safepoint region
[2019-12-09T04:57:43.850+0000][1][safepoint    ] Total time for which application threads were stopped: 0.0000994 seconds, Stopping threads took: 0.0000180 seconds
[2019-12-09T04:57:44.850+0000][1][safepoint    ] Application time: 1.0000741 seconds
[2019-12-09T04:57:44.850+0000][1][safepoint    ] Entering safepoint region: Cleanup
[2019-12-09T04:57:44.850+0000][1][safepoint    ] Leaving safepoint region
[2019-12-09T04:57:44.850+0000][1][safepoint    ] Total time for which application threads were stopped: 0.0000886 seconds, Stopping threads took: 0.0000178 seconds
[2019-12-09T04:57:45.850+0000][1][safepoint    ] Application time: 1.0000752 seconds
[2019-12-09T04:57:45.850+0000][1][safepoint    ] Entering safepoint region: Cleanup
[2019-12-09T04:57:45.850+0000][1][safepoint    ] Leaving safepoint region
[2019-12-09T04:57:45.850+0000][1][safepoint    ] Total time for which application threads were stopped: 0.0000859 seconds, Stopping threads took: 0.0000190 seconds
[2019-12-09T04:57:46.850+0000][1][safepoint    ] Application time: 1.0000739 seconds
[2019-12-09T04:57:46.850+0000][1][safepoint    ] Entering safepoint region: Cleanup
[2019-12-09T04:57:46.851+0000][1][safepoint    ] Leaving safepoint region
[2019-12-09T04:57:46.851+0000][1][safepoint    ] Total time for which application threads were stopped: 0.0000827 seconds, Stopping threads took: 0.0000176 seconds
[2019-12-09T04:57:47.851+0000][1][safepoint    ] Application time: 1.0000750 seconds
[2019-12-09T04:57:47.851+0000][1][safepoint    ] Entering safepoint region: Cleanup
[2019-12-09T04:57:47.851+0000][1][safepoint    ] Leaving safepoint region
[2019-12-09T04:57:47.851+0000][1][safepoint    ] Total time for which application threads were stopped: 0.0000915 seconds, Stopping threads took: 0.0000161 seconds
[2019-12-09T04:57:48.851+0000][1][safepoint    ] Application time: 1.0000760 seconds
[2019-12-09T04:57:48.851+0000][1][safepoint    ] Entering safepoint region: Cleanup
[2019-12-09T04:57:48.851+0000][1][safepoint    ] Leaving safepoint region
[2019-12-09T04:57:48.851+0000][1][safepoint    ] Total time for which application threads were stopped: 0.0000898 seconds, Stopping threads took: 0.0000173 seconds
[2019-12-09T04:57:49.851+0000][1][safepoint    ] Application time: 1.0000748 seconds
[2019-12-09T04:57:49.851+0000][1][safepoint    ] Entering safepoint region: Cleanup
[2019-12-09T04:57:49.851+0000][1][safepoint    ] Leaving safepoint region
[2019-12-09T04:57:49.851+0000][1][safepoint    ] Total time for which application threads were stopped: 0.0000850 seconds, Stopping threads took: 0.0000170 seconds
[2019-12-09T04:57:50.851+0000][1][safepoint    ] Application time: 1.0000748 seconds
[2019-12-09T04:57:50.851+0000][1][safepoint    ] Entering safepoint region: Cleanup
[2019-12-09T04:57:50.851+0000][1][safepoint    ] Leaving safepoint region
[2019-12-09T04:57:50.851+0000][1][safepoint    ] Total time for which application threads were stopped: 0.0000864 seconds, Stopping threads took: 0.0000176 seconds
[2019-12-09T04:57:51.851+0000][1][safepoint    ] Application time: 1.0000750 seconds
[2019-12-09T04:57:51.851+0000][1][safepoint    ] Entering safepoint region: Cleanup
[2019-12-09T04:57:51.852+0000][1][safepoint    ] Leaving safepoint region
[2019-12-09T04:57:51.852+0000][1][safepoint    ] Total time for which application threads were stopped: 0.0000828 seconds, Stopping threads took: 0.0000164 seconds
[2019-12-09T04:57:52.852+0000][1][safepoint    ] Application time: 1.0000748 seconds
[2019-12-09T04:57:52.852+0000][1][safepoint    ] Entering safepoint region: Cleanup
[2019-12-09T04:57:52.852+0000][1][safepoint    ] Leaving safepoint region
[2019-12-09T04:57:52.852+0000][1][safepoint    ] Total time for which application threads were stopped: 0.0000992 seconds, Stopping threads took: 0.0000179 seconds
[2019-12-09T04:57:53.852+0000][1][safepoint    ] Application time: 1.0000738 seconds
[2019-12-09T04:57:53.852+0000][1][safepoint    ] Entering safepoint region: Cleanup
[2019-12-09T04:57:53.852+0000][1][safepoint    ] Leaving safepoint region
[2019-12-09T04:57:53.852+0000][1][safepoint    ] Total time for which application threads were stopped: 0.0000847 seconds, Stopping threads took: 0.0000166 seconds
[2019-12-09T04:57:54.852+0000][1][safepoint    ] Application time: 1.0000813 seconds
[2019-12-09T04:57:54.852+0000][1][safepoint    ] Entering safepoint region: Cleanup
[2019-12-09T04:57:54.852+0000][1][safepoint    ] Leaving safepoint region
[2019-12-09T04:57:54.852+0000][1][safepoint    ] Total time for which application threads were stopped: 0.0000851 seconds, Stopping threads took: 0.0000171 seconds
[2019-12-09T04:57:55.852+0000][1][safepoint    ] Application time: 1.0000757 seconds
[2019-12-09T04:57:55.852+0000][1][safepoint    ] Entering safepoint region: Cleanup
[2019-12-09T04:57:55.852+0000][1][safepoint    ] Leaving safepoint region
[2019-12-09T04:57:55.852+0000][1][safepoint    ] Total time for which application threads were stopped: 0.0001203 seconds, Stopping threads took: 0.0000481 seconds
[2019-12-09T04:57:56.852+0000][1][safepoint    ] Application time: 1.0000819 seconds
[2019-12-09T04:57:56.852+0000][1][safepoint    ] Entering safepoint region: Cleanup
[2019-12-09T04:57:56.853+0000][1][safepoint    ] Leaving safepoint region
[2019-12-09T04:57:56.853+0000][1][safepoint    ] Total time for which application threads were stopped: 0.0000842 seconds, Stopping threads took: 0.0000174 seconds
[2019-12-09T04:57:57.853+0000][1][safepoint    ] Application time: 1.0000767 seconds
[2019-12-09T04:57:57.853+0000][1][safepoint    ] Entering safepoint region: Cleanup
[2019-12-09T04:57:57.853+0000][1][safepoint    ] Leaving safepoint region
[2019-12-09T04:57:57.853+0000][1][safepoint    ] Total time for which application threads were stopped: 0.0000869 seconds, Stopping threads took: 0.0000182 seconds
[2019-12-09T04:57:58.853+0000][1][safepoint    ] Application time: 1.0000751 seconds
[2019-12-09T04:57:58.853+0000][1][safepoint    ] Entering safepoint region: Cleanup
[2019-12-09T04:57:58.853+0000][1][safepoint    ] Leaving safepoint region
[2019-12-09T04:57:58.853+0000][1][safepoint    ] Total time for which application threads were stopped: 0.0001040 seconds, Stopping threads took: 0.0000174 seconds
[2019-12-09T04:57:59.853+0000][1][safepoint    ] Application time: 1.0000751 seconds
[2019-12-09T04:57:59.853+0000][1][safepoint    ] Entering safepoint region: Cleanup
[2019-12-09T04:57:59.853+0000][1][safepoint    ] Leaving safepoint region
[2019-12-09T04:57:59.853+0000][1][safepoint    ] Total time for which application threads were stopped: 0.0000852 seconds, Stopping threads took: 0.0000180 seconds
[2019-12-09T04:58:00.853+0000][1][safepoint    ] Application time: 1.0000778 seconds
[2019-12-09T04:58:00.853+0000][1][safepoint    ] Entering safepoint region: Cleanup
[2019-12-09T04:58:00.853+0000][1][safepoint    ] Leaving safepoint region
[2019-12-09T04:58:00.853+0000][1][safepoint    ] Total time for which application threads were stopped: 0.0000885 seconds, Stopping threads took: 0.0000168 seconds
[2019-12-09T04:58:01.853+0000][1][safepoint    ] Application time: 1.0000760 seconds
[2019-12-09T04:58:01.854+0000][1][safepoint    ] Entering safepoint region: Cleanup
[2019-12-09T04:58:01.854+0000][1][safepoint    ] Leaving safepoint region
[2019-12-09T04:58:01.854+0000][1][safepoint    ] Total time for which application threads were stopped: 0.0000913 seconds, Stopping threads took: 0.0000173 seconds
[2019-12-09T04:58:02.854+0000][1][safepoint    ] Application time: 1.0000839 seconds
[2019-12-09T04:58:02.854+0000][1][safepoint    ] Entering safepoint region: Cleanup
[2019-12-09T04:58:02.854+0000][1][safepoint    ] Leaving safepoint region
[2019-12-09T04:58:02.854+0000][1][safepoint    ] Total time for which application threads were stopped: 0.0000932 seconds, Stopping threads took: 0.0000191 seconds
[2019-12-09T04:58:03.854+0000][1][safepoint    ] Application time: 1.0000803 seconds
[2019-12-09T04:58:03.854+0000][1][safepoint    ] Entering safepoint region: Cleanup
[2019-12-09T04:58:03.854+0000][1][safepoint    ] Leaving safepoint region
[2019-12-09T04:58:03.854+0000][1][safepoint    ] Total time for which application threads were stopped: 0.0000876 seconds, Stopping threads took: 0.0000179 seconds
[2019-12-09T04:58:04.854+0000][1][safepoint    ] Application time: 1.0000776 seconds
[2019-12-09T04:58:04.854+0000][1][safepoint    ] Entering safepoint region: Cleanup
[2019-12-09T04:58:04.854+0000][1][safepoint    ] Leaving safepoint region
[2019-12-09T04:58:04.854+0000][1][safepoint    ] Total time for which application threads were stopped: 0.0000859 seconds, Stopping threads took: 0.0000172 seconds
[2019-12-09T04:58:05.854+0000][1][safepoint    ] Application time: 1.0000776 seconds
[2019-12-09T04:58:05.854+0000][1][safepoint    ] Entering safepoint region: Cleanup
[2019-12-09T04:58:05.854+0000][1][safepoint    ] Leaving safepoint region
[2019-12-09T04:58:05.854+0000][1][safepoint    ] Total time for which application threads were stopped: 0.0000871 seconds, Stopping threads took: 0.0000174 seconds
[2019-12-09T04:58:07.074+0000][1][safepoint    ] Application time: 1.2194929 seconds
[2019-12-09T04:58:07.074+0000][1][safepoint    ] Entering safepoint region: Cleanup
[2019-12-09T04:58:07.074+0000][1][safepoint    ] Leaving safepoint region
[2019-12-09T04:58:07.074+0000][1][safepoint    ] Total time for which application threads were stopped: 0.0000905 seconds, Stopping threads took: 0.0000181 seconds
[2019-12-09T04:58:08.074+0000][1][safepoint    ] Application time: 1.0000764 seconds
[2019-12-09T04:58:08.074+0000][1][safepoint    ] Entering safepoint region: Cleanup
[2019-12-09T04:58:08.074+0000][1][safepoint    ] Leaving safepoint region
[2019-12-09T04:58:08.074+0000][1][safepoint    ] Total time for which application threads were stopped: 0.0000901 seconds, Stopping threads took: 0.0000193 seconds
[2019-12-09T04:58:09.074+0000][1][safepoint    ] Application time: 1.0000891 seconds
[2019-12-09T04:58:09.074+0000][1][safepoint    ] Entering safepoint region: Cleanup
[2019-12-09T04:58:09.074+0000][1][safepoint    ] Leaving safepoint region
[2019-12-09T04:58:09.074+0000][1][safepoint    ] Total time for which application threads were stopped: 0.0000888 seconds, Stopping threads took: 0.0000177 seconds
[2019-12-09T04:58:10.075+0000][1][safepoint    ] Application time: 1.0000761 seconds
[2019-12-09T04:58:10.075+0000][1][safepoint    ] Entering safepoint region: Cleanup
[2019-12-09T04:58:10.075+0000][1][safepoint    ] Leaving safepoint region
[2019-12-09T04:58:10.075+0000][1][safepoint    ] Total time for which application threads were stopped: 0.0001100 seconds, Stopping threads took: 0.0000197 seconds
[2019-12-09T04:58:11.075+0000][1][safepoint    ] Application time: 1.0000748 seconds
[2019-12-09T04:58:11.075+0000][1][safepoint    ] Entering safepoint region: Cleanup
[2019-12-09T04:58:11.075+0000][1][safepoint    ] Leaving safepoint region
[2019-12-09T04:58:11.075+0000][1][safepoint    ] Total time for which application threads were stopped: 0.0000889 seconds, Stopping threads took: 0.0000172 seconds
[2019-12-09T04:58:12.075+0000][1][safepoint    ] Application time: 1.0000890 seconds
[2019-12-09T04:58:12.075+0000][1][safepoint    ] Entering safepoint region: Cleanup
[2019-12-09T04:58:12.075+0000][1][safepoint    ] Leaving safepoint region
[2019-12-09T04:58:12.075+0000][1][safepoint    ] Total time for which application threads were stopped: 0.0001350 seconds, Stopping threads took: 0.0000346 seconds
[2019-12-09T04:58:13.075+0000][1][safepoint    ] Application time: 1.0000765 seconds
[2019-12-09T04:58:13.075+0000][1][safepoint    ] Entering safepoint region: Cleanup
[2019-12-09T04:58:13.075+0000][1][safepoint    ] Leaving safepoint region
[2019-12-09T04:58:13.075+0000][1][safepoint    ] Total time for which application threads were stopped: 0.0000897 seconds, Stopping threads took: 0.0000175 seconds
[2019-12-09T04:58:14.076+0000][1][safepoint    ] Application time: 1.0000755 seconds
[2019-12-09T04:58:14.076+0000][1][safepoint    ] Entering safepoint region: Cleanup
[2019-12-09T04:58:14.076+0000][1][safepoint    ] Leaving safepoint region
[2019-12-09T04:58:14.076+0000][1][safepoint    ] Total time for which application threads were stopped: 0.0000886 seconds, Stopping threads took: 0.0000188 seconds
[2019-12-09T04:58:15.076+0000][1][safepoint    ] Application time: 1.0000760 seconds
[2019-12-09T04:58:15.076+0000][1][safepoint    ] Entering safepoint region: Cleanup
[2019-12-09T04:58:15.076+0000][1][safepoint    ] Leaving safepoint region
[2019-12-09T04:58:15.076+0000][1][safepoint    ] Total time for which application threads were stopped: 0.0000879 seconds, Stopping threads took: 0.0000171 seconds
[2019-12-09T04:58:16.076+0000][1][safepoint    ] Application time: 1.0000745 seconds
[2019-12-09T04:58:16.076+0000][1][safepoint    ] Entering safepoint region: Cleanup
[2019-12-09T04:58:16.076+0000][1][safepoint    ] Leaving safepoint region
[2019-12-09T04:58:16.076+0000][1][safepoint    ] Total time for which application threads were stopped: 0.0000879 seconds, Stopping threads took: 0.0000184 seconds
[2019-12-09T04:58:17.076+0000][1][safepoint    ] Application time: 1.0000748 seconds
[2019-12-09T04:58:17.076+0000][1][safepoint    ] Entering safepoint region: Cleanup
[2019-12-09T04:58:17.076+0000][1][safepoint    ] Leaving safepoint region
[2019-12-09T04:58:17.076+0000][1][safepoint    ] Total time for which application threads were stopped: 0.0000868 seconds, Stopping threads took: 0.0000155 seconds
[2019-12-09T04:58:18.076+0000][1][safepoint    ] Application time: 1.0000746 seconds
[2019-12-09T04:58:18.076+0000][1][safepoint    ] Entering safepoint region: Cleanup
[2019-12-09T04:58:18.076+0000][1][safepoint    ] Leaving safepoint region
[2019-12-09T04:58:18.076+0000][1][safepoint    ] Total time for which application threads were stopped: 0.0000867 seconds, Stopping threads took: 0.0000180 seconds
[2019-12-09T04:58:19.077+0000][1][safepoint    ] Application time: 1.0000765 seconds
[2019-12-09T04:58:19.077+0000][1][safepoint    ] Entering safepoint region: Cleanup
[2019-12-09T04:58:19.077+0000][1][safepoint    ] Leaving safepoint region
[2019-12-09T04:58:19.077+0000][1][safepoint    ] Total time for which application threads were stopped: 0.0000897 seconds, Stopping threads took: 0.0000189 seconds
[2019-12-09T04:58:20.077+0000][1][safepoint    ] Application time: 1.0000856 seconds
[2019-12-09T04:58:20.077+0000][1][safepoint    ] Entering safepoint region: Cleanup
[2019-12-09T04:58:20.077+0000][1][safepoint    ] Leaving safepoint region
[2019-12-09T04:58:20.077+0000][1][safepoint    ] Total time for which application threads were stopped: 0.0000840 seconds, Stopping threads took: 0.0000161 seconds
[2019-12-09T04:58:21.077+0000][1][safepoint    ] Application time: 1.0000731 seconds
[2019-12-09T04:58:21.077+0000][1][safepoint    ] Entering safepoint region: Cleanup
[2019-12-09T04:58:21.077+0000][1][safepoint    ] Leaving safepoint region
[2019-12-09T04:58:21.077+0000][1][safepoint    ] Total time for which application threads were stopped: 0.0000883 seconds, Stopping threads took: 0.0000178 seconds
[2019-12-09T04:58:22.077+0000][1][safepoint    ] Application time: 1.0000750 seconds
[2019-12-09T04:58:22.077+0000][1][safepoint    ] Entering safepoint region: Cleanup
[2019-12-09T04:58:22.077+0000][1][safepoint    ] Leaving safepoint region
[2019-12-09T04:58:22.077+0000][1][safepoint    ] Total time for which application threads were stopped: 0.0000854 seconds, Stopping threads took: 0.0000169 seconds
[2019-12-09T04:58:23.077+0000][1][safepoint    ] Application time: 1.0000755 seconds
[2019-12-09T04:58:23.077+0000][1][safepoint    ] Entering safepoint region: Cleanup
[2019-12-09T04:58:23.077+0000][1][safepoint    ] Leaving safepoint region
[2019-12-09T04:58:23.077+0000][1][safepoint    ] Total time for which application threads were stopped: 0.0000908 seconds, Stopping threads took: 0.0000181 seconds
[2019-12-09T04:58:24.078+0000][1][safepoint    ] Application time: 1.0000771 seconds
[2019-12-09T04:58:24.078+0000][1][safepoint    ] Entering safepoint region: Cleanup
[2019-12-09T04:58:24.078+0000][1][safepoint    ] Leaving safepoint region
[2019-12-09T04:58:24.078+0000][1][safepoint    ] Total time for which application threads were stopped: 0.0001325 seconds, Stopping threads took: 0.0000186 seconds
[2019-12-09T04:58:25.078+0000][1][safepoint    ] Application time: 1.0000781 seconds
[2019-12-09T04:58:25.078+0000][1][safepoint    ] Entering safepoint region: Cleanup
[2019-12-09T04:58:25.078+0000][1][safepoint    ] Leaving safepoint region
[2019-12-09T04:58:25.078+0000][1][safepoint    ] Total time for which application threads were stopped: 0.0000874 seconds, Stopping threads took: 0.0000178 seconds
[2019-12-09T04:58:26.078+0000][1][safepoint    ] Application time: 1.0000734 seconds
[2019-12-09T04:58:26.078+0000][1][safepoint    ] Entering safepoint region: Cleanup
[2019-12-09T04:58:26.078+0000][1][safepoint    ] Leaving safepoint region
[2019-12-09T04:58:26.078+0000][1][safepoint    ] Total time for which application threads were stopped: 0.0000882 seconds, Stopping threads took: 0.0000183 seconds
[2019-12-09T04:58:27.078+0000][1][safepoint    ] Application time: 1.0000763 seconds
[2019-12-09T04:58:27.078+0000][1][safepoint    ] Entering safepoint region: Cleanup
[2019-12-09T04:58:27.078+0000][1][safepoint    ] Leaving safepoint region
[2019-12-09T04:58:27.078+0000][1][safepoint    ] Total time for which application threads were stopped: 0.0000885 seconds, Stopping threads took: 0.0000182 seconds
[2019-12-09T04:58:28.078+0000][1][safepoint    ] Application time: 1.0000757 seconds
[2019-12-09T04:58:28.078+0000][1][safepoint    ] Entering safepoint region: Cleanup
[2019-12-09T04:58:28.079+0000][1][safepoint    ] Leaving safepoint region
[2019-12-09T04:58:28.079+0000][1][safepoint    ] Total time for which application threads were stopped: 0.0000877 seconds, Stopping threads took: 0.0000201 seconds
[2019-12-09T04:58:29.079+0000][1][safepoint    ] Application time: 1.0000774 seconds
[2019-12-09T04:58:29.079+0000][1][safepoint    ] Entering safepoint region: Cleanup
[2019-12-09T04:58:29.079+0000][1][safepoint    ] Leaving safepoint region
[2019-12-09T04:58:29.079+0000][1][safepoint    ] Total time for which application threads were stopped: 0.0001003 seconds, Stopping threads took: 0.0000178 seconds
[2019-12-09T04:58:30.079+0000][1][safepoint    ] Application time: 1.0000756 seconds
[2019-12-09T04:58:30.079+0000][1][safepoint    ] Entering safepoint region: Cleanup
[2019-12-09T04:58:30.079+0000][1][safepoint    ] Leaving safepoint region
[2019-12-09T04:58:30.079+0000][1][safepoint    ] Total time for which application threads were stopped: 0.0000899 seconds, Stopping threads took: 0.0000188 seconds
[2019-12-09T04:58:31.079+0000][1][safepoint    ] Application time: 1.0000743 seconds
[2019-12-09T04:58:31.079+0000][1][safepoint    ] Entering safepoint region: Cleanup
[2019-12-09T04:58:31.079+0000][1][safepoint    ] Leaving safepoint region
[2019-12-09T04:58:31.079+0000][1][safepoint    ] Total time for which application threads were stopped: 0.0000879 seconds, Stopping threads took: 0.0000178 seconds
[2019-12-09T04:58:32.079+0000][1][safepoint    ] Application time: 1.0000751 seconds
[2019-12-09T04:58:32.079+0000][1][safepoint    ] Entering safepoint region: Cleanup
[2019-12-09T04:58:32.079+0000][1][safepoint    ] Leaving safepoint region
[2019-12-09T04:58:32.079+0000][1][safepoint    ] Total time for which application threads were stopped: 0.0000881 seconds, Stopping threads took: 0.0000179 seconds
[2019-12-09T04:58:32.370+0000][1][safepoint    ] Application time: 0.2904938 seconds
[2019-12-09T04:58:32.370+0000][1][safepoint    ] Entering safepoint region: GenCollectForAllocation
[2019-12-09T04:58:32.370+0000][1][gc,start     ] GC(65) Pause Young (Allocation Failure)
[2019-12-09T04:58:32.370+0000][1][gc,task      ] GC(65) Using 2 workers of 2 for evacuation
[2019-12-09T04:58:32.371+0000][1][gc,age       ] GC(65) Desired survivor size 4456448 bytes, new threshold 6 (max threshold 6)
[2019-12-09T04:58:32.371+0000][1][gc,age       ] GC(65) Age table with threshold 6 (max threshold 6)
[2019-12-09T04:58:32.371+0000][1][gc,age       ] GC(65) - age   1:       8336 bytes,       8336 total
[2019-12-09T04:58:32.371+0000][1][gc,age       ] GC(65) - age   2:        512 bytes,       8848 total
[2019-12-09T04:58:32.371+0000][1][gc,age       ] GC(65) - age   3:         80 bytes,       8928 total
[2019-12-09T04:58:32.371+0000][1][gc,age       ] GC(65) - age   4:        472 bytes,       9400 total
[2019-12-09T04:58:32.372+0000][1][gc,age       ] GC(65) - age   5:        744 bytes,      10144 total
[2019-12-09T04:58:32.372+0000][1][gc,age       ] GC(65) - age   6:        856 bytes,      11000 total
[2019-12-09T04:58:32.372+0000][1][gc,heap      ] GC(65) ParNew: 69964K->15K(78656K)
[2019-12-09T04:58:32.372+0000][1][gc,heap      ] GC(65) CMS: 75941K->75942K(174784K)
[2019-12-09T04:58:32.372+0000][1][gc,metaspace ] GC(65) Metaspace: 80221K->80221K(1122304K)
[2019-12-09T04:58:32.372+0000][1][gc           ] GC(65) Pause Young (Allocation Failure) 142M->74M(247M) 1.547ms
[2019-12-09T04:58:32.372+0000][1][gc,cpu       ] GC(65) User=0.00s Sys=0.00s Real=0.00s
[2019-12-09T04:58:32.372+0000][1][safepoint    ] Leaving safepoint region
[2019-12-09T04:58:32.372+0000][1][safepoint    ] Total time for which application threads were stopped: 0.0016927 seconds, Stopping threads took: 0.0000157 seconds
[2019-12-09T04:58:33.372+0000][1][safepoint    ] Application time: 1.0001005 seconds
[2019-12-09T04:58:33.372+0000][1][safepoint    ] Entering safepoint region: Cleanup
[2019-12-09T04:58:33.372+0000][1][safepoint    ] Leaving safepoint region
[2019-12-09T04:58:33.372+0000][1][safepoint    ] Total time for which application threads were stopped: 0.0000982 seconds, Stopping threads took: 0.0000206 seconds
[2019-12-09T04:58:34.372+0000][1][safepoint    ] Application time: 1.0000742 seconds
[2019-12-09T04:58:34.372+0000][1][safepoint    ] Entering safepoint region: Cleanup
[2019-12-09T04:58:34.372+0000][1][safepoint    ] Leaving safepoint region
[2019-12-09T04:58:34.372+0000][1][safepoint    ] Total time for which application threads were stopped: 0.0000830 seconds, Stopping threads took: 0.0000151 seconds
[2019-12-09T04:58:35.372+0000][1][safepoint    ] Application time: 1.0000787 seconds
[2019-12-09T04:58:35.372+0000][1][safepoint    ] Entering safepoint region: Cleanup
[2019-12-09T04:58:35.372+0000][1][safepoint    ] Leaving safepoint region
[2019-12-09T04:58:35.372+0000][1][safepoint    ] Total time for which application threads were stopped: 0.0000865 seconds, Stopping threads took: 0.0000169 seconds
[2019-12-09T04:58:36.372+0000][1][safepoint    ] Application time: 1.0000742 seconds
[2019-12-09T04:58:36.372+0000][1][safepoint    ] Entering safepoint region: Cleanup
[2019-12-09T04:58:36.372+0000][1][safepoint    ] Leaving safepoint region
[2019-12-09T04:58:36.372+0000][1][safepoint    ] Total time for which application threads were stopped: 0.0000847 seconds, Stopping threads took: 0.0000154 seconds
[2019-12-09T04:58:37.373+0000][1][safepoint    ] Application time: 1.0000733 seconds
[2019-12-09T04:58:37.373+0000][1][safepoint    ] Entering safepoint region: Cleanup
[2019-12-09T04:58:37.373+0000][1][safepoint    ] Leaving safepoint region
[2019-12-09T04:58:37.373+0000][1][safepoint    ] Total time for which application threads were stopped: 0.0000848 seconds, Stopping threads took: 0.0000150 seconds
[2019-12-09T04:58:38.373+0000][1][safepoint    ] Application time: 1.0000754 seconds
[2019-12-09T04:58:38.373+0000][1][safepoint    ] Entering safepoint region: Cleanup
[2019-12-09T04:58:38.373+0000][1][safepoint    ] Leaving safepoint region
[2019-12-09T04:58:38.373+0000][1][safepoint    ] Total time for which application threads were stopped: 0.0000849 seconds, Stopping threads took: 0.0000152 seconds
[2019-12-09T04:58:39.373+0000][1][safepoint    ] Application time: 1.0000740 seconds
[2019-12-09T04:58:39.373+0000][1][safepoint    ] Entering safepoint region: Cleanup
[2019-12-09T04:58:39.373+0000][1][safepoint    ] Leaving safepoint region
[2019-12-09T04:58:39.373+0000][1][safepoint    ] Total time for which application threads were stopped: 0.0000848 seconds, Stopping threads took: 0.0000157 seconds
[2019-12-09T04:58:40.373+0000][1][safepoint    ] Application time: 1.0000736 seconds
[2019-12-09T04:58:40.373+0000][1][safepoint    ] Entering safepoint region: Cleanup
[2019-12-09T04:58:40.373+0000][1][safepoint    ] Leaving safepoint region
[2019-12-09T04:58:40.373+0000][1][safepoint    ] Total time for which application threads were stopped: 0.0000837 seconds, Stopping threads took: 0.0000150 seconds
[2019-12-09T04:58:41.373+0000][1][safepoint    ] Application time: 1.0000741 seconds
[2019-12-09T04:58:41.373+0000][1][safepoint    ] Entering safepoint region: Cleanup
[2019-12-09T04:58:41.373+0000][1][safepoint    ] Leaving safepoint region
[2019-12-09T04:58:41.373+0000][1][safepoint    ] Total time for which application threads were stopped: 0.0000863 seconds, Stopping threads took: 0.0000163 seconds
[2019-12-09T04:58:42.530+0000][1][safepoint    ] Application time: 1.1560530 seconds
[2019-12-09T04:58:42.530+0000][1][safepoint    ] Entering safepoint region: Cleanup
[2019-12-09T04:58:42.530+0000][1][safepoint    ] Leaving safepoint region
[2019-12-09T04:58:42.530+0000][1][safepoint    ] Total time for which application threads were stopped: 0.0000874 seconds, Stopping threads took: 0.0000165 seconds
[2019-12-09T04:58:43.530+0000][1][safepoint    ] Application time: 1.0000775 seconds
[2019-12-09T04:58:43.530+0000][1][safepoint    ] Entering safepoint region: Cleanup
[2019-12-09T04:58:43.530+0000][1][safepoint    ] Leaving safepoint region
[2019-12-09T04:58:43.530+0000][1][safepoint    ] Total time for which application threads were stopped: 0.0001048 seconds, Stopping threads took: 0.0000188 seconds
[2019-12-09T04:58:44.530+0000][1][safepoint    ] Application time: 1.0000772 seconds
[2019-12-09T04:58:44.530+0000][1][safepoint    ] Entering safepoint region: Cleanup
[2019-12-09T04:58:44.530+0000][1][safepoint    ] Leaving safepoint region
[2019-12-09T04:58:44.530+0000][1][safepoint    ] Total time for which application threads were stopped: 0.0000893 seconds, Stopping threads took: 0.0000181 seconds
[2019-12-09T04:58:45.530+0000][1][safepoint    ] Application time: 1.0000750 seconds
[2019-12-09T04:58:45.530+0000][1][safepoint    ] Entering safepoint region: Cleanup
[2019-12-09T04:58:45.530+0000][1][safepoint    ] Leaving safepoint region
[2019-12-09T04:58:45.530+0000][1][safepoint    ] Total time for which application threads were stopped: 0.0000886 seconds, Stopping threads took: 0.0000180 seconds
[2019-12-09T04:58:46.530+0000][1][safepoint    ] Application time: 1.0000768 seconds
[2019-12-09T04:58:46.530+0000][1][safepoint    ] Entering safepoint region: Cleanup
[2019-12-09T04:58:46.530+0000][1][safepoint    ] Leaving safepoint region
[2019-12-09T04:58:46.531+0000][1][safepoint    ] Total time for which application threads were stopped: 0.0000906 seconds, Stopping threads took: 0.0000183 seconds
[2019-12-09T04:58:47.531+0000][1][safepoint    ] Application time: 1.0000768 seconds
[2019-12-09T04:58:47.531+0000][1][safepoint    ] Entering safepoint region: Cleanup
[2019-12-09T04:58:47.531+0000][1][safepoint    ] Leaving safepoint region
[2019-12-09T04:58:47.531+0000][1][safepoint    ] Total time for which application threads were stopped: 0.0001007 seconds, Stopping threads took: 0.0000183 seconds
[2019-12-09T04:58:48.531+0000][1][safepoint    ] Application time: 1.0000767 seconds
[2019-12-09T04:58:48.531+0000][1][safepoint    ] Entering safepoint region: Cleanup
[2019-12-09T04:58:48.531+0000][1][safepoint    ] Leaving safepoint region
[2019-12-09T04:58:48.531+0000][1][safepoint    ] Total time for which application threads were stopped: 0.0000910 seconds, Stopping threads took: 0.0000189 seconds
[2019-12-09T04:58:49.531+0000][1][safepoint    ] Application time: 1.0000785 seconds
[2019-12-09T04:58:49.531+0000][1][safepoint    ] Entering safepoint region: Cleanup
[2019-12-09T04:58:49.531+0000][1][safepoint    ] Leaving safepoint region
[2019-12-09T04:58:49.531+0000][1][safepoint    ] Total time for which application threads were stopped: 0.0000934 seconds, Stopping threads took: 0.0000195 seconds
[2019-12-09T04:58:50.531+0000][1][safepoint    ] Application time: 1.0000764 seconds
[2019-12-09T04:58:50.531+0000][1][safepoint    ] Entering safepoint region: Cleanup
[2019-12-09T04:58:50.531+0000][1][safepoint    ] Leaving safepoint region
[2019-12-09T04:58:50.531+0000][1][safepoint    ] Total time for which application threads were stopped: 0.0000894 seconds, Stopping threads took: 0.0000178 seconds
[2019-12-09T04:58:51.535+0000][1][safepoint    ] Application time: 1.0036036 seconds
[2019-12-09T04:58:51.535+0000][1][safepoint    ] Entering safepoint region: Cleanup
[2019-12-09T04:58:51.535+0000][1][safepoint    ] Leaving safepoint region
[2019-12-09T04:58:51.535+0000][1][safepoint    ] Total time for which application threads were stopped: 0.0001170 seconds, Stopping threads took: 0.0000238 seconds
[2019-12-09T04:58:52.535+0000][1][safepoint    ] Application time: 1.0000762 seconds
[2019-12-09T04:58:52.535+0000][1][safepoint    ] Entering safepoint region: Cleanup
[2019-12-09T04:58:52.535+0000][1][safepoint    ] Leaving safepoint region
[2019-12-09T04:58:52.535+0000][1][safepoint    ] Total time for which application threads were stopped: 0.0000864 seconds, Stopping threads took: 0.0000170 seconds
[2019-12-09T04:58:53.535+0000][1][safepoint    ] Application time: 1.0000757 seconds
[2019-12-09T04:58:53.535+0000][1][safepoint    ] Entering safepoint region: Cleanup
[2019-12-09T04:58:53.536+0000][1][safepoint    ] Leaving safepoint region
[2019-12-09T04:58:53.536+0000][1][safepoint    ] Total time for which application threads were stopped: 0.0000885 seconds, Stopping threads took: 0.0000168 seconds
[2019-12-09T04:58:54.536+0000][1][safepoint    ] Application time: 1.0000810 seconds
[2019-12-09T04:58:54.536+0000][1][safepoint    ] Entering safepoint region: Cleanup
[2019-12-09T04:58:54.536+0000][1][safepoint    ] Leaving safepoint region
[2019-12-09T04:58:54.536+0000][1][safepoint    ] Total time for which application threads were stopped: 0.0000986 seconds, Stopping threads took: 0.0000268 seconds
[2019-12-09T04:58:55.536+0000][1][safepoint    ] Application time: 1.0000779 seconds
[2019-12-09T04:58:55.536+0000][1][safepoint    ] Entering safepoint region: Cleanup
[2019-12-09T04:58:55.536+0000][1][safepoint    ] Leaving safepoint region
[2019-12-09T04:58:55.536+0000][1][safepoint    ] Total time for which application threads were stopped: 0.0000972 seconds, Stopping threads took: 0.0000193 seconds
[2019-12-09T04:58:56.536+0000][1][safepoint    ] Application time: 1.0000763 seconds
[2019-12-09T04:58:56.536+0000][1][safepoint    ] Entering safepoint region: Cleanup
[2019-12-09T04:58:56.536+0000][1][safepoint    ] Leaving safepoint region
[2019-12-09T04:58:56.536+0000][1][safepoint    ] Total time for which application threads were stopped: 0.0000895 seconds, Stopping threads took: 0.0000176 seconds
[2019-12-09T04:58:57.536+0000][1][safepoint    ] Application time: 1.0000769 seconds
[2019-12-09T04:58:57.536+0000][1][safepoint    ] Entering safepoint region: Cleanup
[2019-12-09T04:58:57.536+0000][1][safepoint    ] Leaving safepoint region
[2019-12-09T04:58:57.536+0000][1][safepoint    ] Total time for which application threads were stopped: 0.0000920 seconds, Stopping threads took: 0.0000171 seconds
[2019-12-09T04:58:58.536+0000][1][safepoint    ] Application time: 1.0000782 seconds
[2019-12-09T04:58:58.537+0000][1][safepoint    ] Entering safepoint region: Cleanup
[2019-12-09T04:58:58.537+0000][1][safepoint    ] Leaving safepoint region
[2019-12-09T04:58:58.537+0000][1][safepoint    ] Total time for which application threads were stopped: 0.0000907 seconds, Stopping threads took: 0.0000171 seconds
[2019-12-09T04:58:59.537+0000][1][safepoint    ] Application time: 1.0000840 seconds
[2019-12-09T04:58:59.537+0000][1][safepoint    ] Entering safepoint region: Cleanup
[2019-12-09T04:58:59.537+0000][1][safepoint    ] Leaving safepoint region
[2019-12-09T04:58:59.537+0000][1][safepoint    ] Total time for which application threads were stopped: 0.0000853 seconds, Stopping threads took: 0.0000163 seconds
[2019-12-09T04:59:01.134+0000][1][safepoint    ] Application time: 1.5973873 seconds
[2019-12-09T04:59:01.134+0000][1][safepoint    ] Entering safepoint region: Cleanup
[2019-12-09T04:59:01.134+0000][1][safepoint    ] Leaving safepoint region
[2019-12-09T04:59:01.134+0000][1][safepoint    ] Total time for which application threads were stopped: 0.0000866 seconds, Stopping threads took: 0.0000172 seconds
[2019-12-09T04:59:02.134+0000][1][safepoint    ] Application time: 1.0000785 seconds
[2019-12-09T04:59:02.134+0000][1][safepoint    ] Entering safepoint region: Cleanup
[2019-12-09T04:59:02.135+0000][1][safepoint    ] Leaving safepoint region
[2019-12-09T04:59:02.135+0000][1][safepoint    ] Total time for which application threads were stopped: 0.0000845 seconds, Stopping threads took: 0.0000171 seconds
[2019-12-09T04:59:03.135+0000][1][safepoint    ] Application time: 1.0000806 seconds
[2019-12-09T04:59:03.135+0000][1][safepoint    ] Entering safepoint region: Cleanup
[2019-12-09T04:59:03.135+0000][1][safepoint    ] Leaving safepoint region
[2019-12-09T04:59:03.135+0000][1][safepoint    ] Total time for which application threads were stopped: 0.0000946 seconds, Stopping threads took: 0.0000168 seconds
[2019-12-09T04:59:04.135+0000][1][safepoint    ] Application time: 1.0000774 seconds
[2019-12-09T04:59:04.135+0000][1][safepoint    ] Entering safepoint region: Cleanup
[2019-12-09T04:59:04.135+0000][1][safepoint    ] Leaving safepoint region
[2019-12-09T04:59:04.135+0000][1][safepoint    ] Total time for which application threads were stopped: 0.0000851 seconds, Stopping threads took: 0.0000175 seconds
[2019-12-09T04:59:05.135+0000][1][safepoint    ] Application time: 1.0000754 seconds
[2019-12-09T04:59:05.135+0000][1][safepoint    ] Entering safepoint region: Cleanup
[2019-12-09T04:59:05.135+0000][1][safepoint    ] Leaving safepoint region
[2019-12-09T04:59:05.135+0000][1][safepoint    ] Total time for which application threads were stopped: 0.0000928 seconds, Stopping threads took: 0.0000166 seconds
[2019-12-09T04:59:06.135+0000][1][safepoint    ] Application time: 1.0000873 seconds
[2019-12-09T04:59:06.135+0000][1][safepoint    ] Entering safepoint region: Cleanup
[2019-12-09T04:59:06.135+0000][1][safepoint    ] Leaving safepoint region
[2019-12-09T04:59:06.135+0000][1][safepoint    ] Total time for which application threads were stopped: 0.0000861 seconds, Stopping threads took: 0.0000188 seconds
[2019-12-09T04:59:07.135+0000][1][safepoint    ] Application time: 1.0000768 seconds
[2019-12-09T04:59:07.135+0000][1][safepoint    ] Entering safepoint region: Cleanup
[2019-12-09T04:59:07.136+0000][1][safepoint    ] Leaving safepoint region
[2019-12-09T04:59:07.136+0000][1][safepoint    ] Total time for which application threads were stopped: 0.0000843 seconds, Stopping threads took: 0.0000173 seconds
[2019-12-09T04:59:08.136+0000][1][safepoint    ] Application time: 1.0000766 seconds
[2019-12-09T04:59:08.136+0000][1][safepoint    ] Entering safepoint region: Cleanup
[2019-12-09T04:59:08.136+0000][1][safepoint    ] Leaving safepoint region
[2019-12-09T04:59:08.136+0000][1][safepoint    ] Total time for which application threads were stopped: 0.0000999 seconds, Stopping threads took: 0.0000179 seconds
[2019-12-09T04:59:09.136+0000][1][safepoint    ] Application time: 1.0000824 seconds
[2019-12-09T04:59:09.136+0000][1][safepoint    ] Entering safepoint region: Cleanup
[2019-12-09T04:59:09.136+0000][1][safepoint    ] Leaving safepoint region
[2019-12-09T04:59:09.136+0000][1][safepoint    ] Total time for which application threads were stopped: 0.0000983 seconds, Stopping threads took: 0.0000173 seconds
[2019-12-09T04:59:10.136+0000][1][safepoint    ] Application time: 1.0000762 seconds
[2019-12-09T04:59:10.136+0000][1][safepoint    ] Entering safepoint region: Cleanup
[2019-12-09T04:59:10.136+0000][1][safepoint    ] Leaving safepoint region
[2019-12-09T04:59:10.136+0000][1][safepoint    ] Total time for which application threads were stopped: 0.0000901 seconds, Stopping threads took: 0.0000190 seconds
[2019-12-09T04:59:11.136+0000][1][safepoint    ] Application time: 1.0000756 seconds
[2019-12-09T04:59:11.136+0000][1][safepoint    ] Entering safepoint region: Cleanup
[2019-12-09T04:59:11.136+0000][1][safepoint    ] Leaving safepoint region
[2019-12-09T04:59:11.136+0000][1][safepoint    ] Total time for which application threads were stopped: 0.0000864 seconds, Stopping threads took: 0.0000179 seconds
[2019-12-09T04:59:12.136+0000][1][safepoint    ] Application time: 1.0000845 seconds
[2019-12-09T04:59:12.137+0000][1][safepoint    ] Entering safepoint region: Cleanup
[2019-12-09T04:59:12.137+0000][1][safepoint    ] Leaving safepoint region
[2019-12-09T04:59:12.137+0000][1][safepoint    ] Total time for which application threads were stopped: 0.0001345 seconds, Stopping threads took: 0.0000341 seconds
[2019-12-09T04:59:13.137+0000][1][safepoint    ] Application time: 1.0000772 seconds
[2019-12-09T04:59:13.137+0000][1][safepoint    ] Entering safepoint region: Cleanup
[2019-12-09T04:59:13.137+0000][1][safepoint    ] Leaving safepoint region
[2019-12-09T04:59:13.137+0000][1][safepoint    ] Total time for which application threads were stopped: 0.0000912 seconds, Stopping threads took: 0.0000189 seconds
[2019-12-09T04:59:14.137+0000][1][safepoint    ] Application time: 1.0000781 seconds
[2019-12-09T04:59:14.137+0000][1][safepoint    ] Entering safepoint region: Cleanup
[2019-12-09T04:59:14.137+0000][1][safepoint    ] Leaving safepoint region
[2019-12-09T04:59:14.137+0000][1][safepoint    ] Total time for which application threads were stopped: 0.0000873 seconds, Stopping threads took: 0.0000178 seconds
[2019-12-09T04:59:15.137+0000][1][safepoint    ] Application time: 1.0000765 seconds
[2019-12-09T04:59:15.137+0000][1][safepoint    ] Entering safepoint region: Cleanup
[2019-12-09T04:59:15.137+0000][1][safepoint    ] Leaving safepoint region
[2019-12-09T04:59:15.137+0000][1][safepoint    ] Total time for which application threads were stopped: 0.0000900 seconds, Stopping threads took: 0.0000183 seconds
[2019-12-09T04:59:16.137+0000][1][safepoint    ] Application time: 1.0000759 seconds
[2019-12-09T04:59:16.137+0000][1][safepoint    ] Entering safepoint region: Cleanup
[2019-12-09T04:59:16.137+0000][1][safepoint    ] Leaving safepoint region
[2019-12-09T04:59:16.137+0000][1][safepoint    ] Total time for which application threads were stopped: 0.0000928 seconds, Stopping threads took: 0.0000184 seconds
[2019-12-09T04:59:17.138+0000][1][safepoint    ] Application time: 1.0000752 seconds
[2019-12-09T04:59:17.138+0000][1][safepoint    ] Entering safepoint region: Cleanup
[2019-12-09T04:59:17.138+0000][1][safepoint    ] Leaving safepoint region
[2019-12-09T04:59:17.138+0000][1][safepoint    ] Total time for which application threads were stopped: 0.0001015 seconds, Stopping threads took: 0.0000181 seconds
[2019-12-09T04:59:18.138+0000][1][safepoint    ] Application time: 1.0000757 seconds
[2019-12-09T04:59:18.138+0000][1][safepoint    ] Entering safepoint region: Cleanup
[2019-12-09T04:59:18.138+0000][1][safepoint    ] Leaving safepoint region
[2019-12-09T04:59:18.138+0000][1][safepoint    ] Total time for which application threads were stopped: 0.0000891 seconds, Stopping threads took: 0.0000208 seconds
[2019-12-09T04:59:19.138+0000][1][safepoint    ] Application time: 1.0000780 seconds
[2019-12-09T04:59:19.138+0000][1][safepoint    ] Entering safepoint region: Cleanup
[2019-12-09T04:59:19.138+0000][1][safepoint    ] Leaving safepoint region
[2019-12-09T04:59:19.138+0000][1][safepoint    ] Total time for which application threads were stopped: 0.0000916 seconds, Stopping threads took: 0.0000204 seconds
[2019-12-09T04:59:20.138+0000][1][safepoint    ] Application time: 1.0000751 seconds
[2019-12-09T04:59:20.138+0000][1][safepoint    ] Entering safepoint region: Cleanup
[2019-12-09T04:59:20.138+0000][1][safepoint    ] Leaving safepoint region
[2019-12-09T04:59:20.138+0000][1][safepoint    ] Total time for which application threads were stopped: 0.0000909 seconds, Stopping threads took: 0.0000192 seconds
[2019-12-09T04:59:21.138+0000][1][safepoint    ] Application time: 1.0000765 seconds
[2019-12-09T04:59:21.138+0000][1][safepoint    ] Entering safepoint region: Cleanup
[2019-12-09T04:59:21.139+0000][1][safepoint    ] Leaving safepoint region
[2019-12-09T04:59:21.139+0000][1][safepoint    ] Total time for which application threads were stopped: 0.0000882 seconds, Stopping threads took: 0.0000179 seconds
[2019-12-09T04:59:22.860+0000][1][safepoint    ] Application time: 1.7216426 seconds
[2019-12-09T04:59:22.860+0000][1][safepoint    ] Entering safepoint region: Cleanup
[2019-12-09T04:59:22.860+0000][1][safepoint    ] Leaving safepoint region
[2019-12-09T04:59:22.860+0000][1][safepoint    ] Total time for which application threads were stopped: 0.0001328 seconds, Stopping threads took: 0.0000273 seconds
[2019-12-09T04:59:23.860+0000][1][safepoint    ] Application time: 1.0000767 seconds
[2019-12-09T04:59:23.861+0000][1][safepoint    ] Entering safepoint region: Cleanup
[2019-12-09T04:59:23.861+0000][1][safepoint    ] Leaving safepoint region
[2019-12-09T04:59:23.861+0000][1][safepoint    ] Total time for which application threads were stopped: 0.0000905 seconds, Stopping threads took: 0.0000186 seconds
[2019-12-09T04:59:24.861+0000][1][safepoint    ] Application time: 1.0000859 seconds
[2019-12-09T04:59:24.861+0000][1][safepoint    ] Entering safepoint region: Cleanup
[2019-12-09T04:59:24.861+0000][1][safepoint    ] Leaving safepoint region
[2019-12-09T04:59:24.861+0000][1][safepoint    ] Total time for which application threads were stopped: 0.0000903 seconds, Stopping threads took: 0.0000180 seconds
[2019-12-09T04:59:25.861+0000][1][safepoint    ] Application time: 1.0000765 seconds
[2019-12-09T04:59:25.861+0000][1][safepoint    ] Entering safepoint region: Cleanup
[2019-12-09T04:59:25.861+0000][1][safepoint    ] Leaving safepoint region
[2019-12-09T04:59:25.861+0000][1][safepoint    ] Total time for which application threads were stopped: 0.0000918 seconds, Stopping threads took: 0.0000188 seconds
[2019-12-09T04:59:26.861+0000][1][safepoint    ] Application time: 1.0000758 seconds
[2019-12-09T04:59:26.861+0000][1][safepoint    ] Entering safepoint region: Cleanup
[2019-12-09T04:59:26.861+0000][1][safepoint    ] Leaving safepoint region
[2019-12-09T04:59:26.861+0000][1][safepoint    ] Total time for which application threads were stopped: 0.0000922 seconds, Stopping threads took: 0.0000186 seconds
[2019-12-09T04:59:27.861+0000][1][safepoint    ] Application time: 1.0000745 seconds
[2019-12-09T04:59:27.861+0000][1][safepoint    ] Entering safepoint region: Cleanup
[2019-12-09T04:59:27.861+0000][1][safepoint    ] Leaving safepoint region
[2019-12-09T04:59:27.861+0000][1][safepoint    ] Total time for which application threads were stopped: 0.0000905 seconds, Stopping threads took: 0.0000189 seconds
[2019-12-09T04:59:28.862+0000][1][safepoint    ] Application time: 1.0000860 seconds
[2019-12-09T04:59:28.862+0000][1][safepoint    ] Entering safepoint region: Cleanup
[2019-12-09T04:59:28.862+0000][1][safepoint    ] Leaving safepoint region
[2019-12-09T04:59:28.862+0000][1][safepoint    ] Total time for which application threads were stopped: 0.0001048 seconds, Stopping threads took: 0.0000193 seconds
[2019-12-09T04:59:29.862+0000][1][safepoint    ] Application time: 1.0000765 seconds
[2019-12-09T04:59:29.862+0000][1][safepoint    ] Entering safepoint region: Cleanup
[2019-12-09T04:59:29.862+0000][1][safepoint    ] Leaving safepoint region
[2019-12-09T04:59:29.862+0000][1][safepoint    ] Total time for which application threads were stopped: 0.0000917 seconds, Stopping threads took: 0.0000185 seconds
[2019-12-09T04:59:30.862+0000][1][safepoint    ] Application time: 1.0000745 seconds
[2019-12-09T04:59:30.862+0000][1][safepoint    ] Entering safepoint region: Cleanup
[2019-12-09T04:59:30.862+0000][1][safepoint    ] Leaving safepoint region
[2019-12-09T04:59:30.862+0000][1][safepoint    ] Total time for which application threads were stopped: 0.0000889 seconds, Stopping threads took: 0.0000178 seconds
[2019-12-09T04:59:31.862+0000][1][safepoint    ] Application time: 1.0000745 seconds
[2019-12-09T04:59:31.862+0000][1][safepoint    ] Entering safepoint region: Cleanup
[2019-12-09T04:59:31.862+0000][1][safepoint    ] Leaving safepoint region
[2019-12-09T04:59:31.862+0000][1][safepoint    ] Total time for which application threads were stopped: 0.0000900 seconds, Stopping threads took: 0.0000181 seconds
[2019-12-09T04:59:32.862+0000][1][safepoint    ] Application time: 1.0000759 seconds
[2019-12-09T04:59:32.862+0000][1][safepoint    ] Entering safepoint region: Cleanup
[2019-12-09T04:59:32.863+0000][1][safepoint    ] Leaving safepoint region
[2019-12-09T04:59:32.863+0000][1][safepoint    ] Total time for which application threads were stopped: 0.0000916 seconds, Stopping threads took: 0.0000198 seconds
[2019-12-09T04:59:33.863+0000][1][safepoint    ] Application time: 1.0000759 seconds
[2019-12-09T04:59:33.863+0000][1][safepoint    ] Entering safepoint region: Cleanup
[2019-12-09T04:59:33.863+0000][1][safepoint    ] Leaving safepoint region
[2019-12-09T04:59:33.863+0000][1][safepoint    ] Total time for which application threads were stopped: 0.0001061 seconds, Stopping threads took: 0.0000331 seconds
[2019-12-09T04:59:34.863+0000][1][safepoint    ] Application time: 1.0000760 seconds
[2019-12-09T04:59:34.863+0000][1][safepoint    ] Entering safepoint region: Cleanup
[2019-12-09T04:59:34.863+0000][1][safepoint    ] Leaving safepoint region
[2019-12-09T04:59:34.863+0000][1][safepoint    ] Total time for which application threads were stopped: 0.0000919 seconds, Stopping threads took: 0.0000203 seconds
[2019-12-09T04:59:35.863+0000][1][safepoint    ] Application time: 1.0000761 seconds
[2019-12-09T04:59:35.863+0000][1][safepoint    ] Entering safepoint region: Cleanup
[2019-12-09T04:59:35.863+0000][1][safepoint    ] Leaving safepoint region
[2019-12-09T04:59:35.863+0000][1][safepoint    ] Total time for which application threads were stopped: 0.0000902 seconds, Stopping threads took: 0.0000185 seconds
[2019-12-09T04:59:36.863+0000][1][safepoint    ] Application time: 1.0000735 seconds
[2019-12-09T04:59:36.863+0000][1][safepoint    ] Entering safepoint region: Cleanup
[2019-12-09T04:59:36.863+0000][1][safepoint    ] Leaving safepoint region
[2019-12-09T04:59:36.863+0000][1][safepoint    ] Total time for which application threads were stopped: 0.0000923 seconds, Stopping threads took: 0.0000190 seconds
[2019-12-09T04:59:37.863+0000][1][safepoint    ] Application time: 1.0000742 seconds
[2019-12-09T04:59:37.864+0000][1][safepoint    ] Entering safepoint region: Cleanup
[2019-12-09T04:59:37.864+0000][1][safepoint    ] Leaving safepoint region
[2019-12-09T04:59:37.864+0000][1][safepoint    ] Total time for which application threads were stopped: 0.0000951 seconds, Stopping threads took: 0.0000201 seconds
[2019-12-09T04:59:38.864+0000][1][safepoint    ] Application time: 1.0000766 seconds
[2019-12-09T04:59:38.864+0000][1][safepoint    ] Entering safepoint region: Cleanup
[2019-12-09T04:59:38.864+0000][1][safepoint    ] Leaving safepoint region
[2019-12-09T04:59:38.864+0000][1][safepoint    ] Total time for which application threads were stopped: 0.0000901 seconds, Stopping threads took: 0.0000179 seconds
[2019-12-09T04:59:39.864+0000][1][safepoint    ] Application time: 1.0000750 seconds
[2019-12-09T04:59:39.864+0000][1][safepoint    ] Entering safepoint region: Cleanup
[2019-12-09T04:59:39.864+0000][1][safepoint    ] Leaving safepoint region
[2019-12-09T04:59:39.864+0000][1][safepoint    ] Total time for which application threads were stopped: 0.0000916 seconds, Stopping threads took: 0.0000178 seconds
[2019-12-09T04:59:40.864+0000][1][safepoint    ] Application time: 1.0000731 seconds
[2019-12-09T04:59:40.864+0000][1][safepoint    ] Entering safepoint region: Cleanup
[2019-12-09T04:59:40.864+0000][1][safepoint    ] Leaving safepoint region
[2019-12-09T04:59:40.864+0000][1][safepoint    ] Total time for which application threads were stopped: 0.0000904 seconds, Stopping threads took: 0.0000184 seconds
[2019-12-09T04:59:41.864+0000][1][safepoint    ] Application time: 1.0000746 seconds
[2019-12-09T04:59:41.864+0000][1][safepoint    ] Entering safepoint region: Cleanup
[2019-12-09T04:59:41.864+0000][1][safepoint    ] Leaving safepoint region
[2019-12-09T04:59:41.864+0000][1][safepoint    ] Total time for which application threads were stopped: 0.0001001 seconds, Stopping threads took: 0.0000276 seconds
[2019-12-09T04:59:42.865+0000][1][safepoint    ] Application time: 1.0000766 seconds
[2019-12-09T04:59:42.865+0000][1][safepoint    ] Entering safepoint region: Cleanup
[2019-12-09T04:59:42.865+0000][1][safepoint    ] Leaving safepoint region
[2019-12-09T04:59:42.865+0000][1][safepoint    ] Total time for which application threads were stopped: 0.0001097 seconds, Stopping threads took: 0.0000190 seconds
[2019-12-09T04:59:43.865+0000][1][safepoint    ] Application time: 1.0000780 seconds
[2019-12-09T04:59:43.865+0000][1][safepoint    ] Entering safepoint region: Cleanup
[2019-12-09T04:59:43.865+0000][1][safepoint    ] Leaving safepoint region
[2019-12-09T04:59:43.865+0000][1][safepoint    ] Total time for which application threads were stopped: 0.0000894 seconds, Stopping threads took: 0.0000181 seconds
[2019-12-09T04:59:44.865+0000][1][safepoint    ] Application time: 1.0000760 seconds
[2019-12-09T04:59:44.865+0000][1][safepoint    ] Entering safepoint region: Cleanup
[2019-12-09T04:59:44.865+0000][1][safepoint    ] Leaving safepoint region
[2019-12-09T04:59:44.865+0000][1][safepoint    ] Total time for which application threads were stopped: 0.0000968 seconds, Stopping threads took: 0.0000203 seconds
[2019-12-09T04:59:45.865+0000][1][safepoint    ] Application time: 1.0000756 seconds
[2019-12-09T04:59:45.865+0000][1][safepoint    ] Entering safepoint region: Cleanup
[2019-12-09T04:59:45.865+0000][1][safepoint    ] Leaving safepoint region
[2019-12-09T04:59:45.865+0000][1][safepoint    ] Total time for which application threads were stopped: 0.0000911 seconds, Stopping threads took: 0.0000207 seconds
[2019-12-09T04:59:46.865+0000][1][safepoint    ] Application time: 1.0000755 seconds
[2019-12-09T04:59:46.865+0000][1][safepoint    ] Entering safepoint region: Cleanup
[2019-12-09T04:59:46.866+0000][1][safepoint    ] Leaving safepoint region
[2019-12-09T04:59:46.866+0000][1][safepoint    ] Total time for which application threads were stopped: 0.0000903 seconds, Stopping threads took: 0.0000189 seconds
[2019-12-09T04:59:47.866+0000][1][safepoint    ] Application time: 1.0000775 seconds
[2019-12-09T04:59:47.866+0000][1][safepoint    ] Entering safepoint region: Cleanup
[2019-12-09T04:59:47.866+0000][1][safepoint    ] Leaving safepoint region
[2019-12-09T04:59:47.866+0000][1][safepoint    ] Total time for which application threads were stopped: 0.0000923 seconds, Stopping threads took: 0.0000189 seconds
[2019-12-09T04:59:48.866+0000][1][safepoint    ] Application time: 1.0000772 seconds
[2019-12-09T04:59:48.866+0000][1][safepoint    ] Entering safepoint region: Cleanup
[2019-12-09T04:59:48.866+0000][1][safepoint    ] Leaving safepoint region
[2019-12-09T04:59:48.866+0000][1][safepoint    ] Total time for which application threads were stopped: 0.0000898 seconds, Stopping threads took: 0.0000192 seconds
[2019-12-09T04:59:49.866+0000][1][safepoint    ] Application time: 1.0000763 seconds
[2019-12-09T04:59:49.866+0000][1][safepoint    ] Entering safepoint region: Cleanup
[2019-12-09T04:59:49.866+0000][1][safepoint    ] Leaving safepoint region
[2019-12-09T04:59:49.866+0000][1][safepoint    ] Total time for which application threads were stopped: 0.0000901 seconds, Stopping threads took: 0.0000184 seconds
[2019-12-09T04:59:50.866+0000][1][safepoint    ] Application time: 1.0000765 seconds
[2019-12-09T04:59:50.866+0000][1][safepoint    ] Entering safepoint region: Cleanup
[2019-12-09T04:59:50.866+0000][1][safepoint    ] Leaving safepoint region
[2019-12-09T04:59:50.866+0000][1][safepoint    ] Total time for which application threads were stopped: 0.0000903 seconds, Stopping threads took: 0.0000184 seconds
[2019-12-09T04:59:51.867+0000][1][safepoint    ] Application time: 1.0005303 seconds
[2019-12-09T04:59:51.867+0000][1][safepoint    ] Entering safepoint region: Cleanup
[2019-12-09T04:59:51.867+0000][1][safepoint    ] Leaving safepoint region
[2019-12-09T04:59:51.867+0000][1][safepoint    ] Total time for which application threads were stopped: 0.0001238 seconds, Stopping threads took: 0.0000245 seconds
[2019-12-09T04:59:52.869+0000][1][safepoint    ] Application time: 1.0022827 seconds
[2019-12-09T04:59:52.869+0000][1][safepoint    ] Entering safepoint region: Cleanup
[2019-12-09T04:59:52.870+0000][1][safepoint    ] Leaving safepoint region
[2019-12-09T04:59:52.870+0000][1][safepoint    ] Total time for which application threads were stopped: 0.0000855 seconds, Stopping threads took: 0.0000182 seconds
[2019-12-09T04:59:53.870+0000][1][safepoint    ] Application time: 1.0000735 seconds
[2019-12-09T04:59:53.870+0000][1][safepoint    ] Entering safepoint region: Cleanup
[2019-12-09T04:59:53.870+0000][1][safepoint    ] Leaving safepoint region
[2019-12-09T04:59:53.870+0000][1][safepoint    ] Total time for which application threads were stopped: 0.0000989 seconds, Stopping threads took: 0.0000164 seconds
[2019-12-09T04:59:54.870+0000][1][safepoint    ] Application time: 1.0000760 seconds
[2019-12-09T04:59:54.870+0000][1][safepoint    ] Entering safepoint region: Cleanup
[2019-12-09T04:59:54.870+0000][1][safepoint    ] Leaving safepoint region
[2019-12-09T04:59:54.870+0000][1][safepoint    ] Total time for which application threads were stopped: 0.0000851 seconds, Stopping threads took: 0.0000177 seconds
[2019-12-09T04:59:55.870+0000][1][safepoint    ] Application time: 1.0000767 seconds
[2019-12-09T04:59:55.870+0000][1][safepoint    ] Entering safepoint region: Cleanup
[2019-12-09T04:59:55.870+0000][1][safepoint    ] Leaving safepoint region
[2019-12-09T04:59:55.870+0000][1][safepoint    ] Total time for which application threads were stopped: 0.0000846 seconds, Stopping threads took: 0.0000174 seconds
[2019-12-09T04:59:56.870+0000][1][safepoint    ] Application time: 1.0000737 seconds
[2019-12-09T04:59:56.870+0000][1][safepoint    ] Entering safepoint region: Cleanup
[2019-12-09T04:59:56.870+0000][1][safepoint    ] Leaving safepoint region
[2019-12-09T04:59:56.870+0000][1][safepoint    ] Total time for which application threads were stopped: 0.0000872 seconds, Stopping threads took: 0.0000165 seconds
[2019-12-09T04:59:57.870+0000][1][safepoint    ] Application time: 1.0000757 seconds
[2019-12-09T04:59:57.870+0000][1][safepoint    ] Entering safepoint region: Cleanup
[2019-12-09T04:59:57.870+0000][1][safepoint    ] Leaving safepoint region
[2019-12-09T04:59:57.870+0000][1][safepoint    ] Total time for which application threads were stopped: 0.0000830 seconds, Stopping threads took: 0.0000173 seconds
[2019-12-09T04:59:58.871+0000][1][safepoint    ] Application time: 1.0000757 seconds
[2019-12-09T04:59:58.871+0000][1][safepoint    ] Entering safepoint region: Cleanup
[2019-12-09T04:59:58.871+0000][1][safepoint    ] Leaving safepoint region
[2019-12-09T04:59:58.871+0000][1][safepoint    ] Total time for which application threads were stopped: 0.0000839 seconds, Stopping threads took: 0.0000164 seconds
[2019-12-09T04:59:59.871+0000][1][safepoint    ] Application time: 1.0000750 seconds
[2019-12-09T04:59:59.871+0000][1][safepoint    ] Entering safepoint region: Cleanup
[2019-12-09T04:59:59.871+0000][1][safepoint    ] Leaving safepoint region
[2019-12-09T04:59:59.871+0000][1][safepoint    ] Total time for which application threads were stopped: 0.0000858 seconds, Stopping threads took: 0.0000178 seconds
[2019-12-09T05:00:00.871+0000][1][safepoint    ] Application time: 1.0000757 seconds
[2019-12-09T05:00:00.871+0000][1][safepoint    ] Entering safepoint region: Cleanup
[2019-12-09T05:00:00.871+0000][1][safepoint    ] Leaving safepoint region
[2019-12-09T05:00:00.871+0000][1][safepoint    ] Total time for which application threads were stopped: 0.0000857 seconds, Stopping threads took: 0.0000172 seconds
[2019-12-09T05:00:01.871+0000][1][safepoint    ] Application time: 1.0000804 seconds
[2019-12-09T05:00:01.871+0000][1][safepoint    ] Entering safepoint region: Cleanup
[2019-12-09T05:00:01.871+0000][1][safepoint    ] Leaving safepoint region
[2019-12-09T05:00:01.871+0000][1][safepoint    ] Total time for which application threads were stopped: 0.0001221 seconds, Stopping threads took: 0.0000245 seconds
[2019-12-09T05:00:02.871+0000][1][safepoint    ] Application time: 1.0000750 seconds
[2019-12-09T05:00:02.871+0000][1][safepoint    ] Entering safepoint region: Cleanup
[2019-12-09T05:00:02.871+0000][1][safepoint    ] Leaving safepoint region
[2019-12-09T05:00:02.871+0000][1][safepoint    ] Total time for which application threads were stopped: 0.0000826 seconds, Stopping threads took: 0.0000151 seconds
[2019-12-09T05:00:03.872+0000][1][safepoint    ] Application time: 1.0000770 seconds
[2019-12-09T05:00:03.872+0000][1][safepoint    ] Entering safepoint region: Cleanup
[2019-12-09T05:00:03.872+0000][1][safepoint    ] Leaving safepoint region
[2019-12-09T05:00:03.872+0000][1][safepoint    ] Total time for which application threads were stopped: 0.0000870 seconds, Stopping threads took: 0.0000171 seconds
[2019-12-09T05:00:04.872+0000][1][safepoint    ] Application time: 1.0000765 seconds
[2019-12-09T05:00:04.872+0000][1][safepoint    ] Entering safepoint region: Cleanup
[2019-12-09T05:00:04.872+0000][1][safepoint    ] Leaving safepoint region
[2019-12-09T05:00:04.872+0000][1][safepoint    ] Total time for which application threads were stopped: 0.0000865 seconds, Stopping threads took: 0.0000182 seconds
[2019-12-09T05:00:05.872+0000][1][safepoint    ] Application time: 1.0000775 seconds
[2019-12-09T05:00:05.872+0000][1][safepoint    ] Entering safepoint region: Cleanup
[2019-12-09T05:00:05.872+0000][1][safepoint    ] Leaving safepoint region
[2019-12-09T05:00:05.872+0000][1][safepoint    ] Total time for which application threads were stopped: 0.0000850 seconds, Stopping threads took: 0.0000178 seconds
[2019-12-09T05:00:07.198+0000][1][safepoint    ] Application time: 1.3258505 seconds
[2019-12-09T05:00:07.198+0000][1][safepoint    ] Entering safepoint region: Cleanup
[2019-12-09T05:00:07.198+0000][1][safepoint    ] Leaving safepoint region
[2019-12-09T05:00:07.198+0000][1][safepoint    ] Total time for which application threads were stopped: 0.0000892 seconds, Stopping threads took: 0.0000174 seconds
[2019-12-09T05:00:08.198+0000][1][safepoint    ] Application time: 1.0000751 seconds
[2019-12-09T05:00:08.198+0000][1][safepoint    ] Entering safepoint region: Cleanup
[2019-12-09T05:00:08.198+0000][1][safepoint    ] Leaving safepoint region
[2019-12-09T05:00:08.198+0000][1][safepoint    ] Total time for which application threads were stopped: 0.0000890 seconds, Stopping threads took: 0.0000183 seconds
[2019-12-09T05:00:09.198+0000][1][safepoint    ] Application time: 1.0000788 seconds
[2019-12-09T05:00:09.198+0000][1][safepoint    ] Entering safepoint region: Cleanup
[2019-12-09T05:00:09.198+0000][1][safepoint    ] Leaving safepoint region
[2019-12-09T05:00:09.198+0000][1][safepoint    ] Total time for which application threads were stopped: 0.0000901 seconds, Stopping threads took: 0.0000179 seconds
[2019-12-09T05:00:10.199+0000][1][safepoint    ] Application time: 1.0000782 seconds
[2019-12-09T05:00:10.199+0000][1][safepoint    ] Entering safepoint region: Cleanup
[2019-12-09T05:00:10.199+0000][1][safepoint    ] Leaving safepoint region
[2019-12-09T05:00:10.199+0000][1][safepoint    ] Total time for which application threads were stopped: 0.0000893 seconds, Stopping threads took: 0.0000187 seconds
[2019-12-09T05:00:11.199+0000][1][safepoint    ] Application time: 1.0000756 seconds
[2019-12-09T05:00:11.199+0000][1][safepoint    ] Entering safepoint region: Cleanup
[2019-12-09T05:00:11.199+0000][1][safepoint    ] Leaving safepoint region
[2019-12-09T05:00:11.199+0000][1][safepoint    ] Total time for which application threads were stopped: 0.0000881 seconds, Stopping threads took: 0.0000180 seconds
[2019-12-09T05:00:12.199+0000][1][safepoint    ] Application time: 1.0000798 seconds
[2019-12-09T05:00:12.199+0000][1][safepoint    ] Entering safepoint region: Cleanup
[2019-12-09T05:00:12.199+0000][1][safepoint    ] Leaving safepoint region
[2019-12-09T05:00:12.199+0000][1][safepoint    ] Total time for which application threads were stopped: 0.0000904 seconds, Stopping threads took: 0.0000238 seconds
[2019-12-09T05:00:13.199+0000][1][safepoint    ] Application time: 1.0000784 seconds
[2019-12-09T05:00:13.199+0000][1][safepoint    ] Entering safepoint region: Cleanup
[2019-12-09T05:00:13.199+0000][1][safepoint    ] Leaving safepoint region
[2019-12-09T05:00:13.199+0000][1][safepoint    ] Total time for which application threads were stopped: 0.0000931 seconds, Stopping threads took: 0.0000201 seconds
[2019-12-09T05:00:14.199+0000][1][safepoint    ] Application time: 1.0000767 seconds
[2019-12-09T05:00:14.199+0000][1][safepoint    ] Entering safepoint region: Cleanup
[2019-12-09T05:00:14.199+0000][1][safepoint    ] Leaving safepoint region
[2019-12-09T05:00:14.199+0000][1][safepoint    ] Total time for which application threads were stopped: 0.0000869 seconds, Stopping threads took: 0.0000176 seconds
[2019-12-09T05:00:15.200+0000][1][safepoint    ] Application time: 1.0000794 seconds
[2019-12-09T05:00:15.200+0000][1][safepoint    ] Entering safepoint region: Cleanup
[2019-12-09T05:00:15.200+0000][1][safepoint    ] Leaving safepoint region
[2019-12-09T05:00:15.200+0000][1][safepoint    ] Total time for which application threads were stopped: 0.0000975 seconds, Stopping threads took: 0.0000180 seconds
[2019-12-09T05:00:16.200+0000][1][safepoint    ] Application time: 1.0000753 seconds
[2019-12-09T05:00:16.200+0000][1][safepoint    ] Entering safepoint region: Cleanup
[2019-12-09T05:00:16.200+0000][1][safepoint    ] Leaving safepoint region
[2019-12-09T05:00:16.200+0000][1][safepoint    ] Total time for which application threads were stopped: 0.0000892 seconds, Stopping threads took: 0.0000186 seconds
[2019-12-09T05:00:17.200+0000][1][safepoint    ] Application time: 1.0000745 seconds
[2019-12-09T05:00:17.200+0000][1][safepoint    ] Entering safepoint region: Cleanup
[2019-12-09T05:00:17.200+0000][1][safepoint    ] Leaving safepoint region
[2019-12-09T05:00:17.200+0000][1][safepoint    ] Total time for which application threads were stopped: 0.0000824 seconds, Stopping threads took: 0.0000166 seconds
[2019-12-09T05:00:18.200+0000][1][safepoint    ] Application time: 1.0000786 seconds
[2019-12-09T05:00:18.200+0000][1][safepoint    ] Entering safepoint region: Cleanup
[2019-12-09T05:00:18.200+0000][1][safepoint    ] Leaving safepoint region
[2019-12-09T05:00:18.200+0000][1][safepoint    ] Total time for which application threads were stopped: 0.0000895 seconds, Stopping threads took: 0.0000185 seconds
[2019-12-09T05:00:19.200+0000][1][safepoint    ] Application time: 1.0000824 seconds
[2019-12-09T05:00:19.200+0000][1][safepoint    ] Entering safepoint region: Cleanup
[2019-12-09T05:00:19.201+0000][1][safepoint    ] Leaving safepoint region
[2019-12-09T05:00:19.201+0000][1][safepoint    ] Total time for which application threads were stopped: 0.0000865 seconds, Stopping threads took: 0.0000178 seconds
[2019-12-09T05:00:20.201+0000][1][safepoint    ] Application time: 1.0000844 seconds
[2019-12-09T05:00:20.201+0000][1][safepoint    ] Entering safepoint region: Cleanup
[2019-12-09T05:00:20.201+0000][1][safepoint    ] Leaving safepoint region
[2019-12-09T05:00:20.201+0000][1][safepoint    ] Total time for which application threads were stopped: 0.0000987 seconds, Stopping threads took: 0.0000195 seconds
[2019-12-09T05:00:21.201+0000][1][safepoint    ] Application time: 1.0000805 seconds
[2019-12-09T05:00:21.201+0000][1][safepoint    ] Entering safepoint region: Cleanup
[2019-12-09T05:00:21.201+0000][1][safepoint    ] Leaving safepoint region
[2019-12-09T05:00:21.201+0000][1][safepoint    ] Total time for which application threads were stopped: 0.0001131 seconds, Stopping threads took: 0.0000234 seconds
[2019-12-09T05:00:22.882+0000][1][safepoint    ] Application time: 1.6814573 seconds
[2019-12-09T05:00:22.882+0000][1][safepoint    ] Entering safepoint region: Cleanup
[2019-12-09T05:00:22.883+0000][1][safepoint    ] Leaving safepoint region
[2019-12-09T05:00:22.883+0000][1][safepoint    ] Total time for which application threads were stopped: 0.0000891 seconds, Stopping threads took: 0.0000188 seconds
[2019-12-09T05:00:23.883+0000][1][safepoint    ] Application time: 1.0000803 seconds
[2019-12-09T05:00:23.883+0000][1][safepoint    ] Entering safepoint region: Cleanup
[2019-12-09T05:00:23.883+0000][1][safepoint    ] Leaving safepoint region
[2019-12-09T05:00:23.883+0000][1][safepoint    ] Total time for which application threads were stopped: 0.0000919 seconds, Stopping threads took: 0.0000201 seconds
[2019-12-09T05:00:24.883+0000][1][safepoint    ] Application time: 1.0000740 seconds
[2019-12-09T05:00:24.883+0000][1][safepoint    ] Entering safepoint region: Cleanup
[2019-12-09T05:00:24.883+0000][1][safepoint    ] Leaving safepoint region
[2019-12-09T05:00:24.883+0000][1][safepoint    ] Total time for which application threads were stopped: 0.0000892 seconds, Stopping threads took: 0.0000182 seconds
[2019-12-09T05:00:25.883+0000][1][safepoint    ] Application time: 1.0000759 seconds
[2019-12-09T05:00:25.883+0000][1][safepoint    ] Entering safepoint region: Cleanup
[2019-12-09T05:00:25.883+0000][1][safepoint    ] Leaving safepoint region
[2019-12-09T05:00:25.883+0000][1][safepoint    ] Total time for which application threads were stopped: 0.0000901 seconds, Stopping threads took: 0.0000185 seconds
[2019-12-09T05:00:26.883+0000][1][safepoint    ] Application time: 1.0000758 seconds
[2019-12-09T05:00:26.883+0000][1][safepoint    ] Entering safepoint region: Cleanup
[2019-12-09T05:00:26.883+0000][1][safepoint    ] Leaving safepoint region
[2019-12-09T05:00:26.883+0000][1][safepoint    ] Total time for which application threads were stopped: 0.0000980 seconds, Stopping threads took: 0.0000264 seconds
[2019-12-09T05:00:27.365+0000][1][safepoint    ] Application time: 0.4819106 seconds
[2019-12-09T05:00:27.365+0000][1][safepoint    ] Entering safepoint region: GenCollectForAllocation
[2019-12-09T05:00:27.366+0000][1][gc,start     ] GC(66) Pause Young (Allocation Failure)
[2019-12-09T05:00:27.366+0000][1][gc,task      ] GC(66) Using 2 workers of 2 for evacuation
[2019-12-09T05:00:27.367+0000][1][gc,age       ] GC(66) Desired survivor size 4456448 bytes, new threshold 6 (max threshold 6)
[2019-12-09T05:00:27.367+0000][1][gc,age       ] GC(66) Age table with threshold 6 (max threshold 6)
[2019-12-09T05:00:27.367+0000][1][gc,age       ] GC(66) - age   1:       8880 bytes,       8880 total
[2019-12-09T05:00:27.367+0000][1][gc,age       ] GC(66) - age   2:       1232 bytes,      10112 total
[2019-12-09T05:00:27.367+0000][1][gc,age       ] GC(66) - age   3:        392 bytes,      10504 total
[2019-12-09T05:00:27.367+0000][1][gc,age       ] GC(66) - age   4:         80 bytes,      10584 total
[2019-12-09T05:00:27.367+0000][1][gc,age       ] GC(66) - age   5:        472 bytes,      11056 total
[2019-12-09T05:00:27.367+0000][1][gc,age       ] GC(66) - age   6:        744 bytes,      11800 total
[2019-12-09T05:00:27.367+0000][1][gc,heap      ] GC(66) ParNew: 69967K->16K(78656K)
[2019-12-09T05:00:27.367+0000][1][gc,heap      ] GC(66) CMS: 75942K->75943K(174784K)
[2019-12-09T05:00:27.367+0000][1][gc,metaspace ] GC(66) Metaspace: 80224K->80224K(1122304K)
[2019-12-09T05:00:27.367+0000][1][gc           ] GC(66) Pause Young (Allocation Failure) 142M->74M(247M) 1.607ms
[2019-12-09T05:00:27.367+0000][1][gc,cpu       ] GC(66) User=0.01s Sys=0.00s Real=0.00s
[2019-12-09T05:00:27.367+0000][1][safepoint    ] Leaving safepoint region
[2019-12-09T05:00:27.367+0000][1][safepoint    ] Total time for which application threads were stopped: 0.0017666 seconds, Stopping threads took: 0.0000179 seconds
[2019-12-09T05:00:28.367+0000][1][safepoint    ] Application time: 1.0000886 seconds
[2019-12-09T05:00:28.367+0000][1][safepoint    ] Entering safepoint region: Cleanup
[2019-12-09T05:00:28.367+0000][1][safepoint    ] Leaving safepoint region
[2019-12-09T05:00:28.367+0000][1][safepoint    ] Total time for which application threads were stopped: 0.0000898 seconds, Stopping threads took: 0.0000180 seconds
[2019-12-09T05:00:29.367+0000][1][safepoint    ] Application time: 1.0000787 seconds
[2019-12-09T05:00:29.368+0000][1][safepoint    ] Entering safepoint region: Cleanup
[2019-12-09T05:00:29.368+0000][1][safepoint    ] Leaving safepoint region
[2019-12-09T05:00:29.368+0000][1][safepoint    ] Total time for which application threads were stopped: 0.0000947 seconds, Stopping threads took: 0.0000209 seconds
[2019-12-09T05:00:30.368+0000][1][safepoint    ] Application time: 1.0000778 seconds
[2019-12-09T05:00:30.368+0000][1][safepoint    ] Entering safepoint region: Cleanup
[2019-12-09T05:00:30.368+0000][1][safepoint    ] Leaving safepoint region
[2019-12-09T05:00:30.368+0000][1][safepoint    ] Total time for which application threads were stopped: 0.0000984 seconds, Stopping threads took: 0.0000180 seconds
[2019-12-09T05:00:31.368+0000][1][safepoint    ] Application time: 1.0000768 seconds
[2019-12-09T05:00:31.368+0000][1][safepoint    ] Entering safepoint region: Cleanup
[2019-12-09T05:00:31.368+0000][1][safepoint    ] Leaving safepoint region
[2019-12-09T05:00:31.368+0000][1][safepoint    ] Total time for which application threads were stopped: 0.0000926 seconds, Stopping threads took: 0.0000181 seconds
[2019-12-09T05:00:32.368+0000][1][safepoint    ] Application time: 1.0000766 seconds
[2019-12-09T05:00:32.368+0000][1][safepoint    ] Entering safepoint region: Cleanup
[2019-12-09T05:00:32.368+0000][1][safepoint    ] Leaving safepoint region
[2019-12-09T05:00:32.368+0000][1][safepoint    ] Total time for which application threads were stopped: 0.0000880 seconds, Stopping threads took: 0.0000176 seconds
[2019-12-09T05:00:33.368+0000][1][safepoint    ] Application time: 1.0000758 seconds
[2019-12-09T05:00:33.368+0000][1][safepoint    ] Entering safepoint region: Cleanup
[2019-12-09T05:00:33.368+0000][1][safepoint    ] Leaving safepoint region
[2019-12-09T05:00:33.368+0000][1][safepoint    ] Total time for which application threads were stopped: 0.0000897 seconds, Stopping threads took: 0.0000176 seconds
[2019-12-09T05:00:34.369+0000][1][safepoint    ] Application time: 1.0000761 seconds
[2019-12-09T05:00:34.369+0000][1][safepoint    ] Entering safepoint region: Cleanup
[2019-12-09T05:00:34.369+0000][1][safepoint    ] Leaving safepoint region
[2019-12-09T05:00:34.369+0000][1][safepoint    ] Total time for which application threads were stopped: 0.0001059 seconds, Stopping threads took: 0.0000186 seconds
[2019-12-09T05:00:35.369+0000][1][safepoint    ] Application time: 1.0000754 seconds
[2019-12-09T05:00:35.369+0000][1][safepoint    ] Entering safepoint region: Cleanup
[2019-12-09T05:00:35.369+0000][1][safepoint    ] Leaving safepoint region
[2019-12-09T05:00:35.369+0000][1][safepoint    ] Total time for which application threads were stopped: 0.0000896 seconds, Stopping threads took: 0.0000180 seconds
[2019-12-09T05:00:36.369+0000][1][safepoint    ] Application time: 1.0000763 seconds
[2019-12-09T05:00:36.369+0000][1][safepoint    ] Entering safepoint region: Cleanup
[2019-12-09T05:00:36.369+0000][1][safepoint    ] Leaving safepoint region
[2019-12-09T05:00:36.369+0000][1][safepoint    ] Total time for which application threads were stopped: 0.0000894 seconds, Stopping threads took: 0.0000167 seconds
[2019-12-09T05:00:37.369+0000][1][safepoint    ] Application time: 1.0000770 seconds
[2019-12-09T05:00:37.369+0000][1][safepoint    ] Entering safepoint region: Cleanup
[2019-12-09T05:00:37.369+0000][1][safepoint    ] Leaving safepoint region
[2019-12-09T05:00:37.369+0000][1][safepoint    ] Total time for which application threads were stopped: 0.0000917 seconds, Stopping threads took: 0.0000189 seconds
[2019-12-09T05:00:38.369+0000][1][safepoint    ] Application time: 1.0000757 seconds
[2019-12-09T05:00:38.369+0000][1][safepoint    ] Entering safepoint region: Cleanup
[2019-12-09T05:00:38.370+0000][1][safepoint    ] Leaving safepoint region
[2019-12-09T05:00:38.370+0000][1][safepoint    ] Total time for which application threads were stopped: 0.0000894 seconds, Stopping threads took: 0.0000186 seconds
[2019-12-09T05:00:39.370+0000][1][safepoint    ] Application time: 1.0000750 seconds
[2019-12-09T05:00:39.370+0000][1][safepoint    ] Entering safepoint region: Cleanup
[2019-12-09T05:00:39.370+0000][1][safepoint    ] Leaving safepoint region
[2019-12-09T05:00:39.370+0000][1][safepoint    ] Total time for which application threads were stopped: 0.0001011 seconds, Stopping threads took: 0.0000287 seconds
[2019-12-09T05:00:40.370+0000][1][safepoint    ] Application time: 1.0000753 seconds
[2019-12-09T05:00:40.370+0000][1][safepoint    ] Entering safepoint region: Cleanup
[2019-12-09T05:00:40.370+0000][1][safepoint    ] Leaving safepoint region
[2019-12-09T05:00:40.370+0000][1][safepoint    ] Total time for which application threads were stopped: 0.0000899 seconds, Stopping threads took: 0.0000186 seconds
[2019-12-09T05:00:41.370+0000][1][safepoint    ] Application time: 1.0000757 seconds
[2019-12-09T05:00:41.370+0000][1][safepoint    ] Entering safepoint region: Cleanup
[2019-12-09T05:00:41.370+0000][1][safepoint    ] Leaving safepoint region
[2019-12-09T05:00:41.370+0000][1][safepoint    ] Total time for which application threads were stopped: 0.0000924 seconds, Stopping threads took: 0.0000207 seconds
[2019-12-09T05:00:42.370+0000][1][safepoint    ] Application time: 1.0000758 seconds
[2019-12-09T05:00:42.370+0000][1][safepoint    ] Entering safepoint region: Cleanup
[2019-12-09T05:00:42.370+0000][1][safepoint    ] Leaving safepoint region
[2019-12-09T05:00:42.370+0000][1][safepoint    ] Total time for which application threads were stopped: 0.0000982 seconds, Stopping threads took: 0.0000257 seconds
[2019-12-09T05:00:43.370+0000][1][safepoint    ] Application time: 1.0000760 seconds
[2019-12-09T05:00:43.371+0000][1][safepoint    ] Entering safepoint region: Cleanup
[2019-12-09T05:00:43.371+0000][1][safepoint    ] Leaving safepoint region
[2019-12-09T05:00:43.371+0000][1][safepoint    ] Total time for which application threads were stopped: 0.0000902 seconds, Stopping threads took: 0.0000178 seconds
[2019-12-09T05:00:44.371+0000][1][safepoint    ] Application time: 1.0000776 seconds
[2019-12-09T05:00:44.371+0000][1][safepoint    ] Entering safepoint region: Cleanup
[2019-12-09T05:00:44.371+0000][1][safepoint    ] Leaving safepoint region
[2019-12-09T05:00:44.371+0000][1][safepoint    ] Total time for which application threads were stopped: 0.0000888 seconds, Stopping threads took: 0.0000181 seconds
[2019-12-09T05:00:45.371+0000][1][safepoint    ] Application time: 1.0000765 seconds
[2019-12-09T05:00:45.371+0000][1][safepoint    ] Entering safepoint region: Cleanup
[2019-12-09T05:00:45.371+0000][1][safepoint    ] Leaving safepoint region
[2019-12-09T05:00:45.371+0000][1][safepoint    ] Total time for which application threads were stopped: 0.0000927 seconds, Stopping threads took: 0.0000194 seconds
[2019-12-09T05:00:46.371+0000][1][safepoint    ] Application time: 1.0000769 seconds
[2019-12-09T05:00:46.371+0000][1][safepoint    ] Entering safepoint region: Cleanup
[2019-12-09T05:00:46.371+0000][1][safepoint    ] Leaving safepoint region
[2019-12-09T05:00:46.371+0000][1][safepoint    ] Total time for which application threads were stopped: 0.0000899 seconds, Stopping threads took: 0.0000183 seconds
[2019-12-09T05:00:47.371+0000][1][safepoint    ] Application time: 1.0000752 seconds
[2019-12-09T05:00:47.371+0000][1][safepoint    ] Entering safepoint region: Cleanup
[2019-12-09T05:00:47.371+0000][1][safepoint    ] Leaving safepoint region
[2019-12-09T05:00:47.371+0000][1][safepoint    ] Total time for which application threads were stopped: 0.0000915 seconds, Stopping threads took: 0.0000198 seconds
[2019-12-09T05:00:48.372+0000][1][safepoint    ] Application time: 1.0000765 seconds
[2019-12-09T05:00:48.372+0000][1][safepoint    ] Entering safepoint region: Cleanup
[2019-12-09T05:00:48.372+0000][1][safepoint    ] Leaving safepoint region
[2019-12-09T05:00:48.372+0000][1][safepoint    ] Total time for which application threads were stopped: 0.0000884 seconds, Stopping threads took: 0.0000192 seconds
[2019-12-09T05:00:49.372+0000][1][safepoint    ] Application time: 1.0000859 seconds
[2019-12-09T05:00:49.372+0000][1][safepoint    ] Entering safepoint region: Cleanup
[2019-12-09T05:00:49.372+0000][1][safepoint    ] Leaving safepoint region
[2019-12-09T05:00:49.372+0000][1][safepoint    ] Total time for which application threads were stopped: 0.0000908 seconds, Stopping threads took: 0.0000183 seconds
[2019-12-09T05:00:50.372+0000][1][safepoint    ] Application time: 1.0000766 seconds
[2019-12-09T05:00:50.372+0000][1][safepoint    ] Entering safepoint region: Cleanup
[2019-12-09T05:00:50.372+0000][1][safepoint    ] Leaving safepoint region
[2019-12-09T05:00:50.372+0000][1][safepoint    ] Total time for which application threads were stopped: 0.0000883 seconds, Stopping threads took: 0.0000175 seconds
[2019-12-09T05:00:51.372+0000][1][safepoint    ] Application time: 1.0000740 seconds
[2019-12-09T05:00:51.372+0000][1][safepoint    ] Entering safepoint region: Cleanup
[2019-12-09T05:00:51.372+0000][1][safepoint    ] Leaving safepoint region
[2019-12-09T05:00:51.372+0000][1][safepoint    ] Total time for which application threads were stopped: 0.0000906 seconds, Stopping threads took: 0.0000184 seconds
[2019-12-09T05:00:52.372+0000][1][safepoint    ] Application time: 1.0000762 seconds
[2019-12-09T05:00:52.372+0000][1][safepoint    ] Entering safepoint region: Cleanup
[2019-12-09T05:00:52.373+0000][1][safepoint    ] Leaving safepoint region
[2019-12-09T05:00:52.373+0000][1][safepoint    ] Total time for which application threads were stopped: 0.0000919 seconds, Stopping threads took: 0.0000170 seconds
[2019-12-09T05:00:53.373+0000][1][safepoint    ] Application time: 1.0000765 seconds
[2019-12-09T05:00:53.373+0000][1][safepoint    ] Entering safepoint region: Cleanup
[2019-12-09T05:00:53.373+0000][1][safepoint    ] Leaving safepoint region
[2019-12-09T05:00:53.373+0000][1][safepoint    ] Total time for which application threads were stopped: 0.0001019 seconds, Stopping threads took: 0.0000187 seconds
[2019-12-09T05:00:54.373+0000][1][safepoint    ] Application time: 1.0000766 seconds
[2019-12-09T05:00:54.373+0000][1][safepoint    ] Entering safepoint region: Cleanup
[2019-12-09T05:00:54.373+0000][1][safepoint    ] Leaving safepoint region
[2019-12-09T05:00:54.373+0000][1][safepoint    ] Total time for which application threads were stopped: 0.0000890 seconds, Stopping threads took: 0.0000182 seconds
[2019-12-09T05:00:55.373+0000][1][safepoint    ] Application time: 1.0000741 seconds
[2019-12-09T05:00:55.373+0000][1][safepoint    ] Entering safepoint region: Cleanup
[2019-12-09T05:00:55.373+0000][1][safepoint    ] Leaving safepoint region
[2019-12-09T05:00:55.373+0000][1][safepoint    ] Total time for which application threads were stopped: 0.0000890 seconds, Stopping threads took: 0.0000187 seconds
[2019-12-09T05:00:56.373+0000][1][safepoint    ] Application time: 1.0000751 seconds
[2019-12-09T05:00:56.373+0000][1][safepoint    ] Entering safepoint region: Cleanup
[2019-12-09T05:00:56.373+0000][1][safepoint    ] Leaving safepoint region
[2019-12-09T05:00:56.373+0000][1][safepoint    ] Total time for which application threads were stopped: 0.0000906 seconds, Stopping threads took: 0.0000188 seconds
[2019-12-09T05:00:57.373+0000][1][safepoint    ] Application time: 1.0000738 seconds
[2019-12-09T05:00:57.373+0000][1][safepoint    ] Entering safepoint region: Cleanup
[2019-12-09T05:00:57.374+0000][1][safepoint    ] Leaving safepoint region
[2019-12-09T05:00:57.374+0000][1][safepoint    ] Total time for which application threads were stopped: 0.0000907 seconds, Stopping threads took: 0.0000182 seconds
[2019-12-09T05:00:58.374+0000][1][safepoint    ] Application time: 1.0000743 seconds
[2019-12-09T05:00:58.374+0000][1][safepoint    ] Entering safepoint region: Cleanup
[2019-12-09T05:00:58.374+0000][1][safepoint    ] Leaving safepoint region
[2019-12-09T05:00:58.374+0000][1][safepoint    ] Total time for which application threads were stopped: 0.0000921 seconds, Stopping threads took: 0.0000186 seconds
[2019-12-09T05:00:59.374+0000][1][safepoint    ] Application time: 1.0000738 seconds
[2019-12-09T05:00:59.374+0000][1][safepoint    ] Entering safepoint region: Cleanup
[2019-12-09T05:00:59.374+0000][1][safepoint    ] Leaving safepoint region
[2019-12-09T05:00:59.374+0000][1][safepoint    ] Total time for which application threads were stopped: 0.0000912 seconds, Stopping threads took: 0.0000193 seconds
[2019-12-09T05:01:01.240+0000][1][safepoint    ] Application time: 1.8656145 seconds
[2019-12-09T05:01:01.240+0000][1][safepoint    ] Entering safepoint region: Cleanup
[2019-12-09T05:01:01.240+0000][1][safepoint    ] Leaving safepoint region
[2019-12-09T05:01:01.240+0000][1][safepoint    ] Total time for which application threads were stopped: 0.0001354 seconds, Stopping threads took: 0.0000608 seconds
[2019-12-09T05:01:02.240+0000][1][safepoint    ] Application time: 1.0000864 seconds
[2019-12-09T05:01:02.240+0000][1][safepoint    ] Entering safepoint region: Cleanup
[2019-12-09T05:01:02.240+0000][1][safepoint    ] Leaving safepoint region
[2019-12-09T05:01:02.240+0000][1][safepoint    ] Total time for which application threads were stopped: 0.0000879 seconds, Stopping threads took: 0.0000197 seconds
[2019-12-09T05:01:03.240+0000][1][safepoint    ] Application time: 1.0000817 seconds
[2019-12-09T05:01:03.240+0000][1][safepoint    ] Entering safepoint region: Cleanup
[2019-12-09T05:01:03.240+0000][1][safepoint    ] Leaving safepoint region
[2019-12-09T05:01:03.240+0000][1][safepoint    ] Total time for which application threads were stopped: 0.0001179 seconds, Stopping threads took: 0.0000222 seconds
[2019-12-09T05:01:04.240+0000][1][safepoint    ] Application time: 1.0000755 seconds
[2019-12-09T05:01:04.240+0000][1][safepoint    ] Entering safepoint region: Cleanup
[2019-12-09T05:01:04.240+0000][1][safepoint    ] Leaving safepoint region
[2019-12-09T05:01:04.240+0000][1][safepoint    ] Total time for which application threads were stopped: 0.0000869 seconds, Stopping threads took: 0.0000171 seconds
[2019-12-09T05:01:05.241+0000][1][safepoint    ] Application time: 1.0000746 seconds
[2019-12-09T05:01:05.241+0000][1][safepoint    ] Entering safepoint region: Cleanup
[2019-12-09T05:01:05.241+0000][1][safepoint    ] Leaving safepoint region
[2019-12-09T05:01:05.241+0000][1][safepoint    ] Total time for which application threads were stopped: 0.0000831 seconds, Stopping threads took: 0.0000168 seconds
[2019-12-09T05:01:06.241+0000][1][safepoint    ] Application time: 1.0000813 seconds
[2019-12-09T05:01:06.241+0000][1][safepoint    ] Entering safepoint region: Cleanup
[2019-12-09T05:01:06.241+0000][1][safepoint    ] Leaving safepoint region
[2019-12-09T05:01:06.241+0000][1][safepoint    ] Total time for which application threads were stopped: 0.0000853 seconds, Stopping threads took: 0.0000180 seconds
[2019-12-09T05:01:07.241+0000][1][safepoint    ] Application time: 1.0000735 seconds
[2019-12-09T05:01:07.241+0000][1][safepoint    ] Entering safepoint region: Cleanup
[2019-12-09T05:01:07.241+0000][1][safepoint    ] Leaving safepoint region
[2019-12-09T05:01:07.241+0000][1][safepoint    ] Total time for which application threads were stopped: 0.0000849 seconds, Stopping threads took: 0.0000169 seconds
[2019-12-09T05:01:08.241+0000][1][safepoint    ] Application time: 1.0000740 seconds
[2019-12-09T05:01:08.241+0000][1][safepoint    ] Entering safepoint region: Cleanup
[2019-12-09T05:01:08.241+0000][1][safepoint    ] Leaving safepoint region
[2019-12-09T05:01:08.241+0000][1][safepoint    ] Total time for which application threads were stopped: 0.0000853 seconds, Stopping threads took: 0.0000187 seconds
[2019-12-09T05:01:09.241+0000][1][safepoint    ] Application time: 1.0000747 seconds
[2019-12-09T05:01:09.241+0000][1][safepoint    ] Entering safepoint region: Cleanup
[2019-12-09T05:01:09.241+0000][1][safepoint    ] Leaving safepoint region
[2019-12-09T05:01:09.241+0000][1][safepoint    ] Total time for which application threads were stopped: 0.0000845 seconds, Stopping threads took: 0.0000182 seconds
[2019-12-09T05:01:10.241+0000][1][safepoint    ] Application time: 1.0000740 seconds
[2019-12-09T05:01:10.241+0000][1][safepoint    ] Entering safepoint region: Cleanup
[2019-12-09T05:01:10.242+0000][1][safepoint    ] Leaving safepoint region
[2019-12-09T05:01:10.242+0000][1][safepoint    ] Total time for which application threads were stopped: 0.0000868 seconds, Stopping threads took: 0.0000164 seconds
[2019-12-09T05:01:11.242+0000][1][safepoint    ] Application time: 1.0000756 seconds
[2019-12-09T05:01:11.242+0000][1][safepoint    ] Entering safepoint region: Cleanup
[2019-12-09T05:01:11.242+0000][1][safepoint    ] Leaving safepoint region
[2019-12-09T05:01:11.242+0000][1][safepoint    ] Total time for which application threads were stopped: 0.0000969 seconds, Stopping threads took: 0.0000175 seconds
[2019-12-09T05:01:12.242+0000][1][safepoint    ] Application time: 1.0000739 seconds
[2019-12-09T05:01:12.242+0000][1][safepoint    ] Entering safepoint region: Cleanup
[2019-12-09T05:01:12.242+0000][1][safepoint    ] Leaving safepoint region
[2019-12-09T05:01:12.242+0000][1][safepoint    ] Total time for which application threads were stopped: 0.0000929 seconds, Stopping threads took: 0.0000234 seconds
[2019-12-09T05:01:13.242+0000][1][safepoint    ] Application time: 1.0000798 seconds
[2019-12-09T05:01:13.242+0000][1][safepoint    ] Entering safepoint region: Cleanup
[2019-12-09T05:01:13.242+0000][1][safepoint    ] Leaving safepoint region
[2019-12-09T05:01:13.242+0000][1][safepoint    ] Total time for which application threads were stopped: 0.0000866 seconds, Stopping threads took: 0.0000167 seconds
[2019-12-09T05:01:14.242+0000][1][safepoint    ] Application time: 1.0000767 seconds
[2019-12-09T05:01:14.242+0000][1][safepoint    ] Entering safepoint region: Cleanup
[2019-12-09T05:01:14.242+0000][1][safepoint    ] Leaving safepoint region
[2019-12-09T05:01:14.242+0000][1][safepoint    ] Total time for which application threads were stopped: 0.0000860 seconds, Stopping threads took: 0.0000180 seconds
[2019-12-09T05:01:15.242+0000][1][safepoint    ] Application time: 1.0000751 seconds
[2019-12-09T05:01:15.242+0000][1][safepoint    ] Entering safepoint region: Cleanup
[2019-12-09T05:01:15.243+0000][1][safepoint    ] Leaving safepoint region
[2019-12-09T05:01:15.243+0000][1][safepoint    ] Total time for which application threads were stopped: 0.0000858 seconds, Stopping threads took: 0.0000189 seconds
[2019-12-09T05:01:16.243+0000][1][safepoint    ] Application time: 1.0000754 seconds
[2019-12-09T05:01:16.243+0000][1][safepoint    ] Entering safepoint region: Cleanup
[2019-12-09T05:01:16.243+0000][1][safepoint    ] Leaving safepoint region
[2019-12-09T05:01:16.243+0000][1][safepoint    ] Total time for which application threads were stopped: 0.0000983 seconds, Stopping threads took: 0.0000177 seconds
[2019-12-09T05:01:17.243+0000][1][safepoint    ] Application time: 1.0000754 seconds
[2019-12-09T05:01:17.243+0000][1][safepoint    ] Entering safepoint region: Cleanup
[2019-12-09T05:01:17.243+0000][1][safepoint    ] Leaving safepoint region
[2019-12-09T05:01:17.243+0000][1][safepoint    ] Total time for which application threads were stopped: 0.0000853 seconds, Stopping threads took: 0.0000171 seconds
[2019-12-09T05:01:18.243+0000][1][safepoint    ] Application time: 1.0000771 seconds
[2019-12-09T05:01:18.243+0000][1][safepoint    ] Entering safepoint region: Cleanup
[2019-12-09T05:01:18.243+0000][1][safepoint    ] Leaving safepoint region
[2019-12-09T05:01:18.243+0000][1][safepoint    ] Total time for which application threads were stopped: 0.0000865 seconds, Stopping threads took: 0.0000183 seconds
[2019-12-09T05:01:19.243+0000][1][safepoint    ] Application time: 1.0000756 seconds
[2019-12-09T05:01:19.243+0000][1][safepoint    ] Entering safepoint region: Cleanup
[2019-12-09T05:01:19.243+0000][1][safepoint    ] Leaving safepoint region
[2019-12-09T05:01:19.243+0000][1][safepoint    ] Total time for which application threads were stopped: 0.0000845 seconds, Stopping threads took: 0.0000173 seconds
[2019-12-09T05:01:20.243+0000][1][safepoint    ] Application time: 1.0000743 seconds
[2019-12-09T05:01:20.243+0000][1][safepoint    ] Entering safepoint region: Cleanup
[2019-12-09T05:01:20.243+0000][1][safepoint    ] Leaving safepoint region
[2019-12-09T05:01:20.243+0000][1][safepoint    ] Total time for which application threads were stopped: 0.0000832 seconds, Stopping threads took: 0.0000166 seconds
[2019-12-09T05:01:21.244+0000][1][safepoint    ] Application time: 1.0000742 seconds
[2019-12-09T05:01:21.244+0000][1][safepoint    ] Entering safepoint region: Cleanup
[2019-12-09T05:01:21.244+0000][1][safepoint    ] Leaving safepoint region
[2019-12-09T05:01:21.244+0000][1][safepoint    ] Total time for which application threads were stopped: 0.0000871 seconds, Stopping threads took: 0.0000182 seconds
[2019-12-09T05:01:22.244+0000][1][safepoint    ] Application time: 1.0000742 seconds
[2019-12-09T05:01:22.244+0000][1][safepoint    ] Entering safepoint region: Cleanup
[2019-12-09T05:01:22.244+0000][1][safepoint    ] Leaving safepoint region
[2019-12-09T05:01:22.244+0000][1][safepoint    ] Total time for which application threads were stopped: 0.0000827 seconds, Stopping threads took: 0.0000161 seconds
[2019-12-09T05:01:23.244+0000][1][safepoint    ] Application time: 1.0000779 seconds
[2019-12-09T05:01:23.244+0000][1][safepoint    ] Entering safepoint region: Cleanup
[2019-12-09T05:01:23.244+0000][1][safepoint    ] Leaving safepoint region
[2019-12-09T05:01:23.244+0000][1][safepoint    ] Total time for which application threads were stopped: 0.0000896 seconds, Stopping threads took: 0.0000181 seconds
[2019-12-09T05:01:24.244+0000][1][safepoint    ] Application time: 1.0000789 seconds
[2019-12-09T05:01:24.244+0000][1][safepoint    ] Entering safepoint region: Cleanup
[2019-12-09T05:01:24.244+0000][1][safepoint    ] Leaving safepoint region
[2019-12-09T05:01:24.244+0000][1][safepoint    ] Total time for which application threads were stopped: 0.0000922 seconds, Stopping threads took: 0.0000201 seconds
[2019-12-09T05:01:25.244+0000][1][safepoint    ] Application time: 1.0000758 seconds
[2019-12-09T05:01:25.244+0000][1][safepoint    ] Entering safepoint region: Cleanup
[2019-12-09T05:01:25.244+0000][1][safepoint    ] Leaving safepoint region
[2019-12-09T05:01:25.244+0000][1][safepoint    ] Total time for which application threads were stopped: 0.0000884 seconds, Stopping threads took: 0.0000189 seconds
[2019-12-09T05:01:26.245+0000][1][safepoint    ] Application time: 1.0000771 seconds
[2019-12-09T05:01:26.245+0000][1][safepoint    ] Entering safepoint region: Cleanup
[2019-12-09T05:01:26.245+0000][1][safepoint    ] Leaving safepoint region
[2019-12-09T05:01:26.245+0000][1][safepoint    ] Total time for which application threads were stopped: 0.0001092 seconds, Stopping threads took: 0.0000193 seconds
[2019-12-09T05:01:27.245+0000][1][safepoint    ] Application time: 1.0000770 seconds
[2019-12-09T05:01:27.245+0000][1][safepoint    ] Entering safepoint region: Cleanup
[2019-12-09T05:01:27.245+0000][1][safepoint    ] Leaving safepoint region
[2019-12-09T05:01:27.245+0000][1][safepoint    ] Total time for which application threads were stopped: 0.0000907 seconds, Stopping threads took: 0.0000196 seconds
[2019-12-09T05:01:28.245+0000][1][safepoint    ] Application time: 1.0000772 seconds
[2019-12-09T05:01:28.245+0000][1][safepoint    ] Entering safepoint region: Cleanup
[2019-12-09T05:01:28.245+0000][1][safepoint    ] Leaving safepoint region
[2019-12-09T05:01:28.245+0000][1][safepoint    ] Total time for which application threads were stopped: 0.0000894 seconds, Stopping threads took: 0.0000186 seconds
[2019-12-09T05:01:29.245+0000][1][safepoint    ] Application time: 1.0000780 seconds
[2019-12-09T05:01:29.245+0000][1][safepoint    ] Entering safepoint region: Cleanup
[2019-12-09T05:01:29.245+0000][1][safepoint    ] Leaving safepoint region
[2019-12-09T05:01:29.245+0000][1][safepoint    ] Total time for which application threads were stopped: 0.0000899 seconds, Stopping threads took: 0.0000192 seconds
[2019-12-09T05:01:30.245+0000][1][safepoint    ] Application time: 1.0000774 seconds
[2019-12-09T05:01:30.245+0000][1][safepoint    ] Entering safepoint region: Cleanup
[2019-12-09T05:01:30.246+0000][1][safepoint    ] Leaving safepoint region
[2019-12-09T05:01:30.246+0000][1][safepoint    ] Total time for which application threads were stopped: 0.0000871 seconds, Stopping threads took: 0.0000173 seconds
[2019-12-09T05:01:31.246+0000][1][safepoint    ] Application time: 1.0000763 seconds
[2019-12-09T05:01:31.246+0000][1][safepoint    ] Entering safepoint region: Cleanup
[2019-12-09T05:01:31.246+0000][1][safepoint    ] Leaving safepoint region
[2019-12-09T05:01:31.246+0000][1][safepoint    ] Total time for which application threads were stopped: 0.0001049 seconds, Stopping threads took: 0.0000319 seconds
[2019-12-09T05:01:32.246+0000][1][safepoint    ] Application time: 1.0000764 seconds
[2019-12-09T05:01:32.246+0000][1][safepoint    ] Entering safepoint region: Cleanup
[2019-12-09T05:01:32.246+0000][1][safepoint    ] Leaving safepoint region
[2019-12-09T05:01:32.246+0000][1][safepoint    ] Total time for which application threads were stopped: 0.0000895 seconds, Stopping threads took: 0.0000187 seconds
[2019-12-09T05:01:33.246+0000][1][safepoint    ] Application time: 1.0000767 seconds
[2019-12-09T05:01:33.246+0000][1][safepoint    ] Entering safepoint region: Cleanup
[2019-12-09T05:01:33.246+0000][1][safepoint    ] Leaving safepoint region
[2019-12-09T05:01:33.246+0000][1][safepoint    ] Total time for which application threads were stopped: 0.0000870 seconds, Stopping threads took: 0.0000170 seconds
[2019-12-09T05:01:34.246+0000][1][safepoint    ] Application time: 1.0000756 seconds
[2019-12-09T05:01:34.246+0000][1][safepoint    ] Entering safepoint region: Cleanup
[2019-12-09T05:01:34.246+0000][1][safepoint    ] Leaving safepoint region
[2019-12-09T05:01:34.246+0000][1][safepoint    ] Total time for which application threads were stopped: 0.0000917 seconds, Stopping threads took: 0.0000194 seconds
[2019-12-09T05:01:35.246+0000][1][safepoint    ] Application time: 1.0000759 seconds
[2019-12-09T05:01:35.247+0000][1][safepoint    ] Entering safepoint region: Cleanup
[2019-12-09T05:01:35.247+0000][1][safepoint    ] Leaving safepoint region
[2019-12-09T05:01:35.247+0000][1][safepoint    ] Total time for which application threads were stopped: 0.0000909 seconds, Stopping threads took: 0.0000197 seconds
[2019-12-09T05:01:36.247+0000][1][safepoint    ] Application time: 1.0000759 seconds
[2019-12-09T05:01:36.247+0000][1][safepoint    ] Entering safepoint region: Cleanup
[2019-12-09T05:01:36.247+0000][1][safepoint    ] Leaving safepoint region
[2019-12-09T05:01:36.247+0000][1][safepoint    ] Total time for which application threads were stopped: 0.0000925 seconds, Stopping threads took: 0.0000187 seconds
[2019-12-09T05:01:37.247+0000][1][safepoint    ] Application time: 1.0000769 seconds
[2019-12-09T05:01:37.247+0000][1][safepoint    ] Entering safepoint region: Cleanup
[2019-12-09T05:01:37.247+0000][1][safepoint    ] Leaving safepoint region
[2019-12-09T05:01:37.247+0000][1][safepoint    ] Total time for which application threads were stopped: 0.0000942 seconds, Stopping threads took: 0.0000192 seconds
[2019-12-09T05:01:38.247+0000][1][safepoint    ] Application time: 1.0000765 seconds
[2019-12-09T05:01:38.247+0000][1][safepoint    ] Entering safepoint region: Cleanup
[2019-12-09T05:01:38.247+0000][1][safepoint    ] Leaving safepoint region
[2019-12-09T05:01:38.247+0000][1][safepoint    ] Total time for which application threads were stopped: 0.0000910 seconds, Stopping threads took: 0.0000174 seconds
[2019-12-09T05:01:39.247+0000][1][safepoint    ] Application time: 1.0000771 seconds
[2019-12-09T05:01:39.247+0000][1][safepoint    ] Entering safepoint region: Cleanup
[2019-12-09T05:01:39.247+0000][1][safepoint    ] Leaving safepoint region
[2019-12-09T05:01:39.247+0000][1][safepoint    ] Total time for which application threads were stopped: 0.0000959 seconds, Stopping threads took: 0.0000208 seconds
[2019-12-09T05:01:40.248+0000][1][safepoint    ] Application time: 1.0000774 seconds
[2019-12-09T05:01:40.248+0000][1][safepoint    ] Entering safepoint region: Cleanup
[2019-12-09T05:01:40.248+0000][1][safepoint    ] Leaving safepoint region
[2019-12-09T05:01:40.248+0000][1][safepoint    ] Total time for which application threads were stopped: 0.0001027 seconds, Stopping threads took: 0.0000180 seconds
[2019-12-09T05:01:41.248+0000][1][safepoint    ] Application time: 1.0000740 seconds
[2019-12-09T05:01:41.248+0000][1][safepoint    ] Entering safepoint region: Cleanup
[2019-12-09T05:01:41.248+0000][1][safepoint    ] Leaving safepoint region
[2019-12-09T05:01:41.248+0000][1][safepoint    ] Total time for which application threads were stopped: 0.0001058 seconds, Stopping threads took: 0.0000172 seconds
[2019-12-09T05:01:42.248+0000][1][safepoint    ] Application time: 1.0000764 seconds
[2019-12-09T05:01:42.248+0000][1][safepoint    ] Entering safepoint region: Cleanup
[2019-12-09T05:01:42.248+0000][1][safepoint    ] Leaving safepoint region
[2019-12-09T05:01:42.248+0000][1][safepoint    ] Total time for which application threads were stopped: 0.0000986 seconds, Stopping threads took: 0.0000264 seconds
[2019-12-09T05:01:43.248+0000][1][safepoint    ] Application time: 1.0000766 seconds
[2019-12-09T05:01:43.248+0000][1][safepoint    ] Entering safepoint region: Cleanup
[2019-12-09T05:01:43.248+0000][1][safepoint    ] Leaving safepoint region
[2019-12-09T05:01:43.248+0000][1][safepoint    ] Total time for which application threads were stopped: 0.0000920 seconds, Stopping threads took: 0.0000193 seconds
[2019-12-09T05:01:44.248+0000][1][safepoint    ] Application time: 1.0000770 seconds
[2019-12-09T05:01:44.248+0000][1][safepoint    ] Entering safepoint region: Cleanup
[2019-12-09T05:01:44.249+0000][1][safepoint    ] Leaving safepoint region
[2019-12-09T05:01:44.249+0000][1][safepoint    ] Total time for which application threads were stopped: 0.0000943 seconds, Stopping threads took: 0.0000194 seconds
[2019-12-09T05:01:45.249+0000][1][safepoint    ] Application time: 1.0000775 seconds
[2019-12-09T05:01:45.249+0000][1][safepoint    ] Entering safepoint region: Cleanup
[2019-12-09T05:01:45.249+0000][1][safepoint    ] Leaving safepoint region
[2019-12-09T05:01:45.249+0000][1][safepoint    ] Total time for which application threads were stopped: 0.0000935 seconds, Stopping threads took: 0.0000198 seconds
[2019-12-09T05:01:46.249+0000][1][safepoint    ] Application time: 1.0000762 seconds
[2019-12-09T05:01:46.249+0000][1][safepoint    ] Entering safepoint region: Cleanup
[2019-12-09T05:01:46.249+0000][1][safepoint    ] Leaving safepoint region
[2019-12-09T05:01:46.249+0000][1][safepoint    ] Total time for which application threads were stopped: 0.0000936 seconds, Stopping threads took: 0.0000208 seconds
[2019-12-09T05:01:47.249+0000][1][safepoint    ] Application time: 1.0000765 seconds
[2019-12-09T05:01:47.249+0000][1][safepoint    ] Entering safepoint region: Cleanup
[2019-12-09T05:01:47.249+0000][1][safepoint    ] Leaving safepoint region
[2019-12-09T05:01:47.249+0000][1][safepoint    ] Total time for which application threads were stopped: 0.0000935 seconds, Stopping threads took: 0.0000189 seconds
[2019-12-09T05:01:48.249+0000][1][safepoint    ] Application time: 1.0000781 seconds
[2019-12-09T05:01:48.249+0000][1][safepoint    ] Entering safepoint region: Cleanup
[2019-12-09T05:01:48.249+0000][1][safepoint    ] Leaving safepoint region
[2019-12-09T05:01:48.249+0000][1][safepoint    ] Total time for which application threads were stopped: 0.0000911 seconds, Stopping threads took: 0.0000186 seconds
[2019-12-09T05:01:49.250+0000][1][safepoint    ] Application time: 1.0000775 seconds
[2019-12-09T05:01:49.250+0000][1][safepoint    ] Entering safepoint region: Cleanup
[2019-12-09T05:01:49.250+0000][1][safepoint    ] Leaving safepoint region
[2019-12-09T05:01:49.250+0000][1][safepoint    ] Total time for which application threads were stopped: 0.0000929 seconds, Stopping threads took: 0.0000181 seconds
[2019-12-09T05:01:50.841+0000][1][safepoint    ] Application time: 1.5914052 seconds
[2019-12-09T05:01:50.841+0000][1][safepoint    ] Entering safepoint region: Cleanup
[2019-12-09T05:01:50.841+0000][1][safepoint    ] Leaving safepoint region
[2019-12-09T05:01:50.841+0000][1][safepoint    ] Total time for which application threads were stopped: 0.0000920 seconds, Stopping threads took: 0.0000186 seconds
[2019-12-09T05:01:51.841+0000][1][safepoint    ] Application time: 1.0000757 seconds
[2019-12-09T05:01:51.841+0000][1][safepoint    ] Entering safepoint region: Cleanup
[2019-12-09T05:01:51.841+0000][1][safepoint    ] Leaving safepoint region
[2019-12-09T05:01:51.841+0000][1][safepoint    ] Total time for which application threads were stopped: 0.0000896 seconds, Stopping threads took: 0.0000178 seconds
[2019-12-09T05:01:52.842+0000][1][safepoint    ] Application time: 1.0000765 seconds
[2019-12-09T05:01:52.842+0000][1][safepoint    ] Entering safepoint region: Cleanup
[2019-12-09T05:01:52.842+0000][1][safepoint    ] Leaving safepoint region
[2019-12-09T05:01:52.842+0000][1][safepoint    ] Total time for which application threads were stopped: 0.0000956 seconds, Stopping threads took: 0.0000180 seconds
[2019-12-09T05:01:53.842+0000][1][safepoint    ] Application time: 1.0000774 seconds
[2019-12-09T05:01:53.842+0000][1][safepoint    ] Entering safepoint region: Cleanup
[2019-12-09T05:01:53.842+0000][1][safepoint    ] Leaving safepoint region
[2019-12-09T05:01:53.842+0000][1][safepoint    ] Total time for which application threads were stopped: 0.0000951 seconds, Stopping threads took: 0.0000188 seconds
[2019-12-09T05:01:54.842+0000][1][safepoint    ] Application time: 1.0000776 seconds
[2019-12-09T05:01:54.842+0000][1][safepoint    ] Entering safepoint region: Cleanup
[2019-12-09T05:01:54.842+0000][1][safepoint    ] Leaving safepoint region
[2019-12-09T05:01:54.842+0000][1][safepoint    ] Total time for which application threads were stopped: 0.0000932 seconds, Stopping threads took: 0.0000194 seconds
[2019-12-09T05:01:55.842+0000][1][safepoint    ] Application time: 1.0000789 seconds
[2019-12-09T05:01:55.842+0000][1][safepoint    ] Entering safepoint region: Cleanup
[2019-12-09T05:01:55.842+0000][1][safepoint    ] Leaving safepoint region
[2019-12-09T05:01:55.842+0000][1][safepoint    ] Total time for which application threads were stopped: 0.0000905 seconds, Stopping threads took: 0.0000177 seconds
[2019-12-09T05:01:56.842+0000][1][safepoint    ] Application time: 1.0000777 seconds
[2019-12-09T05:01:56.842+0000][1][safepoint    ] Entering safepoint region: Cleanup
[2019-12-09T05:01:56.842+0000][1][safepoint    ] Leaving safepoint region
[2019-12-09T05:01:56.842+0000][1][safepoint    ] Total time for which application threads were stopped: 0.0000917 seconds, Stopping threads took: 0.0000188 seconds
[2019-12-09T05:01:57.843+0000][1][safepoint    ] Application time: 1.0000789 seconds
[2019-12-09T05:01:57.843+0000][1][safepoint    ] Entering safepoint region: Cleanup
[2019-12-09T05:01:57.843+0000][1][safepoint    ] Leaving safepoint region
[2019-12-09T05:01:57.843+0000][1][safepoint    ] Total time for which application threads were stopped: 0.0001070 seconds, Stopping threads took: 0.0000185 seconds
[2019-12-09T05:01:58.843+0000][1][safepoint    ] Application time: 1.0000783 seconds
[2019-12-09T05:01:58.843+0000][1][safepoint    ] Entering safepoint region: Cleanup
[2019-12-09T05:01:58.843+0000][1][safepoint    ] Leaving safepoint region
[2019-12-09T05:01:58.843+0000][1][safepoint    ] Total time for which application threads were stopped: 0.0000906 seconds, Stopping threads took: 0.0000176 seconds
[2019-12-09T05:01:59.843+0000][1][safepoint    ] Application time: 1.0000772 seconds
[2019-12-09T05:01:59.843+0000][1][safepoint    ] Entering safepoint region: Cleanup
[2019-12-09T05:01:59.843+0000][1][safepoint    ] Leaving safepoint region
[2019-12-09T05:01:59.843+0000][1][safepoint    ] Total time for which application threads were stopped: 0.0000889 seconds, Stopping threads took: 0.0000188 seconds
[2019-12-09T05:02:00.843+0000][1][safepoint    ] Application time: 1.0000776 seconds
[2019-12-09T05:02:00.843+0000][1][safepoint    ] Entering safepoint region: Cleanup
[2019-12-09T05:02:00.843+0000][1][safepoint    ] Leaving safepoint region
[2019-12-09T05:02:00.843+0000][1][safepoint    ] Total time for which application threads were stopped: 0.0001016 seconds, Stopping threads took: 0.0000199 seconds
[2019-12-09T05:02:01.843+0000][1][safepoint    ] Application time: 1.0000777 seconds
[2019-12-09T05:02:01.844+0000][1][safepoint    ] Entering safepoint region: Cleanup
[2019-12-09T05:02:01.844+0000][1][safepoint    ] Leaving safepoint region
[2019-12-09T05:02:01.844+0000][1][safepoint    ] Total time for which application threads were stopped: 0.0000919 seconds, Stopping threads took: 0.0000188 seconds
[2019-12-09T05:02:02.844+0000][1][safepoint    ] Application time: 1.0000958 seconds
[2019-12-09T05:02:02.844+0000][1][safepoint    ] Entering safepoint region: Cleanup
[2019-12-09T05:02:02.844+0000][1][safepoint    ] Leaving safepoint region
[2019-12-09T05:02:02.844+0000][1][safepoint    ] Total time for which application threads were stopped: 0.0000912 seconds, Stopping threads took: 0.0000187 seconds
[2019-12-09T05:02:03.844+0000][1][safepoint    ] Application time: 1.0000862 seconds
[2019-12-09T05:02:03.844+0000][1][safepoint    ] Entering safepoint region: Cleanup
[2019-12-09T05:02:03.844+0000][1][safepoint    ] Leaving safepoint region
[2019-12-09T05:02:03.844+0000][1][safepoint    ] Total time for which application threads were stopped: 0.0000930 seconds, Stopping threads took: 0.0000195 seconds
[2019-12-09T05:02:04.844+0000][1][safepoint    ] Application time: 1.0000793 seconds
[2019-12-09T05:02:04.844+0000][1][safepoint    ] Entering safepoint region: Cleanup
[2019-12-09T05:02:04.844+0000][1][safepoint    ] Leaving safepoint region
[2019-12-09T05:02:04.844+0000][1][safepoint    ] Total time for which application threads were stopped: 0.0000969 seconds, Stopping threads took: 0.0000207 seconds
[2019-12-09T05:02:05.844+0000][1][safepoint    ] Application time: 1.0000999 seconds
[2019-12-09T05:02:05.844+0000][1][safepoint    ] Entering safepoint region: Cleanup
[2019-12-09T05:02:05.845+0000][1][safepoint    ] Leaving safepoint region
[2019-12-09T05:02:05.845+0000][1][safepoint    ] Total time for which application threads were stopped: 0.0000955 seconds, Stopping threads took: 0.0000204 seconds
[2019-12-09T05:02:06.845+0000][1][safepoint    ] Application time: 1.0000767 seconds
[2019-12-09T05:02:06.845+0000][1][safepoint    ] Entering safepoint region: Cleanup
[2019-12-09T05:02:06.845+0000][1][safepoint    ] Leaving safepoint region
[2019-12-09T05:02:06.845+0000][1][safepoint    ] Total time for which application threads were stopped: 0.0001062 seconds, Stopping threads took: 0.0000199 seconds
[2019-12-09T05:02:07.845+0000][1][safepoint    ] Application time: 1.0000756 seconds
[2019-12-09T05:02:07.845+0000][1][safepoint    ] Entering safepoint region: Cleanup
[2019-12-09T05:02:07.845+0000][1][safepoint    ] Leaving safepoint region
[2019-12-09T05:02:07.845+0000][1][safepoint    ] Total time for which application threads were stopped: 0.0000912 seconds, Stopping threads took: 0.0000192 seconds
[2019-12-09T05:02:08.845+0000][1][safepoint    ] Application time: 1.0000829 seconds
[2019-12-09T05:02:08.845+0000][1][safepoint    ] Entering safepoint region: Cleanup
[2019-12-09T05:02:08.845+0000][1][safepoint    ] Leaving safepoint region
[2019-12-09T05:02:08.845+0000][1][safepoint    ] Total time for which application threads were stopped: 0.0000921 seconds, Stopping threads took: 0.0000188 seconds
[2019-12-09T05:02:09.845+0000][1][safepoint    ] Application time: 1.0000771 seconds
[2019-12-09T05:02:09.845+0000][1][safepoint    ] Entering safepoint region: Cleanup
[2019-12-09T05:02:09.845+0000][1][safepoint    ] Leaving safepoint region
[2019-12-09T05:02:09.845+0000][1][safepoint    ] Total time for which application threads were stopped: 0.0000901 seconds, Stopping threads took: 0.0000189 seconds
[2019-12-09T05:02:10.845+0000][1][safepoint    ] Application time: 1.0000763 seconds
[2019-12-09T05:02:10.846+0000][1][safepoint    ] Entering safepoint region: Cleanup
[2019-12-09T05:02:10.846+0000][1][safepoint    ] Leaving safepoint region
[2019-12-09T05:02:10.846+0000][1][safepoint    ] Total time for which application threads were stopped: 0.0001004 seconds, Stopping threads took: 0.0000206 seconds
[2019-12-09T05:02:11.846+0000][1][safepoint    ] Application time: 1.0000799 seconds
[2019-12-09T05:02:11.846+0000][1][safepoint    ] Entering safepoint region: Cleanup
[2019-12-09T05:02:11.846+0000][1][safepoint    ] Leaving safepoint region
[2019-12-09T05:02:11.846+0000][1][safepoint    ] Total time for which application threads were stopped: 0.0000893 seconds, Stopping threads took: 0.0000177 seconds
[2019-12-09T05:02:12.846+0000][1][safepoint    ] Application time: 1.0000793 seconds
[2019-12-09T05:02:12.846+0000][1][safepoint    ] Entering safepoint region: Cleanup
[2019-12-09T05:02:12.846+0000][1][safepoint    ] Leaving safepoint region
[2019-12-09T05:02:12.846+0000][1][safepoint    ] Total time for which application threads were stopped: 0.0001013 seconds, Stopping threads took: 0.0000283 seconds
[2019-12-09T05:02:13.846+0000][1][safepoint    ] Application time: 1.0000779 seconds
[2019-12-09T05:02:13.846+0000][1][safepoint    ] Entering safepoint region: Cleanup
[2019-12-09T05:02:13.846+0000][1][safepoint    ] Leaving safepoint region
[2019-12-09T05:02:13.846+0000][1][safepoint    ] Total time for which application threads were stopped: 0.0000943 seconds, Stopping threads took: 0.0000195 seconds
[2019-12-09T05:02:14.846+0000][1][safepoint    ] Application time: 1.0000772 seconds
[2019-12-09T05:02:14.846+0000][1][safepoint    ] Entering safepoint region: Cleanup
[2019-12-09T05:02:14.846+0000][1][safepoint    ] Leaving safepoint region
[2019-12-09T05:02:14.846+0000][1][safepoint    ] Total time for which application threads were stopped: 0.0000984 seconds, Stopping threads took: 0.0000267 seconds
[2019-12-09T05:02:15.847+0000][1][safepoint    ] Application time: 1.0000762 seconds
[2019-12-09T05:02:15.847+0000][1][safepoint    ] Entering safepoint region: Cleanup
[2019-12-09T05:02:15.847+0000][1][safepoint    ] Leaving safepoint region
[2019-12-09T05:02:15.847+0000][1][safepoint    ] Total time for which application threads were stopped: 0.0000992 seconds, Stopping threads took: 0.0000181 seconds
[2019-12-09T05:02:16.847+0000][1][safepoint    ] Application time: 1.0000765 seconds
[2019-12-09T05:02:16.847+0000][1][safepoint    ] Entering safepoint region: Cleanup
[2019-12-09T05:02:16.847+0000][1][safepoint    ] Leaving safepoint region
[2019-12-09T05:02:16.847+0000][1][safepoint    ] Total time for which application threads were stopped: 0.0000908 seconds, Stopping threads took: 0.0000190 seconds
[2019-12-09T05:02:17.847+0000][1][safepoint    ] Application time: 1.0000768 seconds
[2019-12-09T05:02:17.847+0000][1][safepoint    ] Entering safepoint region: Cleanup
[2019-12-09T05:02:17.847+0000][1][safepoint    ] Leaving safepoint region
[2019-12-09T05:02:17.847+0000][1][safepoint    ] Total time for which application threads were stopped: 0.0000921 seconds, Stopping threads took: 0.0000193 seconds
[2019-12-09T05:02:18.124+0000][1][safepoint    ] Application time: 0.2764288 seconds
[2019-12-09T05:02:18.124+0000][1][safepoint    ] Entering safepoint region: GenCollectForAllocation
[2019-12-09T05:02:18.124+0000][1][gc,start     ] GC(67) Pause Young (Allocation Failure)
[2019-12-09T05:02:18.124+0000][1][gc,task      ] GC(67) Using 2 workers of 2 for evacuation
[2019-12-09T05:02:18.125+0000][1][gc,age       ] GC(67) Desired survivor size 4456448 bytes, new threshold 6 (max threshold 6)
[2019-12-09T05:02:18.125+0000][1][gc,age       ] GC(67) Age table with threshold 6 (max threshold 6)
[2019-12-09T05:02:18.125+0000][1][gc,age       ] GC(67) - age   1:       8080 bytes,       8080 total
[2019-12-09T05:02:18.125+0000][1][gc,age       ] GC(67) - age   2:       1136 bytes,       9216 total
[2019-12-09T05:02:18.125+0000][1][gc,age       ] GC(67) - age   3:       1112 bytes,      10328 total
[2019-12-09T05:02:18.125+0000][1][gc,age       ] GC(67) - age   4:        392 bytes,      10720 total
[2019-12-09T05:02:18.125+0000][1][gc,age       ] GC(67) - age   5:         80 bytes,      10800 total
[2019-12-09T05:02:18.125+0000][1][gc,age       ] GC(67) - age   6:        200 bytes,      11000 total
[2019-12-09T05:02:18.125+0000][1][gc,heap      ] GC(67) ParNew: 69967K->16K(78656K)
[2019-12-09T05:02:18.125+0000][1][gc,heap      ] GC(67) CMS: 75943K->75944K(174784K)
[2019-12-09T05:02:18.125+0000][1][gc,metaspace ] GC(67) Metaspace: 80224K->80224K(1122304K)
[2019-12-09T05:02:18.125+0000][1][gc           ] GC(67) Pause Young (Allocation Failure) 142M->74M(247M) 1.656ms
[2019-12-09T05:02:18.125+0000][1][gc,cpu       ] GC(67) User=0.00s Sys=0.00s Real=0.01s
[2019-12-09T05:02:18.125+0000][1][safepoint    ] Leaving safepoint region
[2019-12-09T05:02:18.125+0000][1][safepoint    ] Total time for which application threads were stopped: 0.0018660 seconds, Stopping threads took: 0.0000224 seconds
[2019-12-09T05:02:19.126+0000][1][safepoint    ] Application time: 1.0000933 seconds
[2019-12-09T05:02:19.126+0000][1][safepoint    ] Entering safepoint region: Cleanup
[2019-12-09T05:02:19.126+0000][1][safepoint    ] Leaving safepoint region
[2019-12-09T05:02:19.126+0000][1][safepoint    ] Total time for which application threads were stopped: 0.0001265 seconds, Stopping threads took: 0.0000318 seconds
[2019-12-09T05:02:20.126+0000][1][safepoint    ] Application time: 1.0000802 seconds
[2019-12-09T05:02:20.126+0000][1][safepoint    ] Entering safepoint region: Cleanup
[2019-12-09T05:02:20.126+0000][1][safepoint    ] Leaving safepoint region
[2019-12-09T05:02:20.126+0000][1][safepoint    ] Total time for which application threads were stopped: 0.0000860 seconds, Stopping threads took: 0.0000173 seconds
[2019-12-09T05:02:21.126+0000][1][safepoint    ] Application time: 1.0000764 seconds
[2019-12-09T05:02:21.126+0000][1][safepoint    ] Entering safepoint region: Cleanup
[2019-12-09T05:02:21.126+0000][1][safepoint    ] Leaving safepoint region
[2019-12-09T05:02:21.126+0000][1][safepoint    ] Total time for which application threads were stopped: 0.0000864 seconds, Stopping threads took: 0.0000169 seconds
[2019-12-09T05:02:22.126+0000][1][safepoint    ] Application time: 1.0000768 seconds
[2019-12-09T05:02:22.126+0000][1][safepoint    ] Entering safepoint region: Cleanup
[2019-12-09T05:02:22.126+0000][1][safepoint    ] Leaving safepoint region
[2019-12-09T05:02:22.126+0000][1][safepoint    ] Total time for which application threads were stopped: 0.0000856 seconds, Stopping threads took: 0.0000168 seconds
[2019-12-09T05:02:23.126+0000][1][safepoint    ] Application time: 1.0000765 seconds
[2019-12-09T05:02:23.126+0000][1][safepoint    ] Entering safepoint region: Cleanup
[2019-12-09T05:02:23.127+0000][1][safepoint    ] Leaving safepoint region
[2019-12-09T05:02:23.127+0000][1][safepoint    ] Total time for which application threads were stopped: 0.0000857 seconds, Stopping threads took: 0.0000169 seconds
[2019-12-09T05:02:24.127+0000][1][safepoint    ] Application time: 1.0000771 seconds
[2019-12-09T05:02:24.127+0000][1][safepoint    ] Entering safepoint region: Cleanup
[2019-12-09T05:02:24.127+0000][1][safepoint    ] Leaving safepoint region
[2019-12-09T05:02:24.127+0000][1][safepoint    ] Total time for which application threads were stopped: 0.0000971 seconds, Stopping threads took: 0.0000187 seconds
[2019-12-09T05:02:25.127+0000][1][safepoint    ] Application time: 1.0000778 seconds
[2019-12-09T05:02:25.127+0000][1][safepoint    ] Entering safepoint region: Cleanup
[2019-12-09T05:02:25.127+0000][1][safepoint    ] Leaving safepoint region
[2019-12-09T05:02:25.127+0000][1][safepoint    ] Total time for which application threads were stopped: 0.0000841 seconds, Stopping threads took: 0.0000174 seconds
[2019-12-09T05:02:26.127+0000][1][safepoint    ] Application time: 1.0000794 seconds
[2019-12-09T05:02:26.127+0000][1][safepoint    ] Entering safepoint region: Cleanup
[2019-12-09T05:02:26.127+0000][1][safepoint    ] Leaving safepoint region
[2019-12-09T05:02:26.127+0000][1][safepoint    ] Total time for which application threads were stopped: 0.0000956 seconds, Stopping threads took: 0.0000285 seconds
[2019-12-09T05:02:27.127+0000][1][safepoint    ] Application time: 1.0000778 seconds
[2019-12-09T05:02:27.127+0000][1][safepoint    ] Entering safepoint region: Cleanup
[2019-12-09T05:02:27.127+0000][1][safepoint    ] Leaving safepoint region
[2019-12-09T05:02:27.127+0000][1][safepoint    ] Total time for which application threads were stopped: 0.0000906 seconds, Stopping threads took: 0.0000186 seconds
[2019-12-09T05:02:28.127+0000][1][safepoint    ] Application time: 1.0000801 seconds
[2019-12-09T05:02:28.127+0000][1][safepoint    ] Entering safepoint region: Cleanup
[2019-12-09T05:02:28.128+0000][1][safepoint    ] Leaving safepoint region
[2019-12-09T05:02:28.128+0000][1][safepoint    ] Total time for which application threads were stopped: 0.0000928 seconds, Stopping threads took: 0.0000187 seconds
[2019-12-09T05:02:29.128+0000][1][safepoint    ] Application time: 1.0000850 seconds
[2019-12-09T05:02:29.128+0000][1][safepoint    ] Entering safepoint region: Cleanup
[2019-12-09T05:02:29.128+0000][1][safepoint    ] Leaving safepoint region
[2019-12-09T05:02:29.128+0000][1][safepoint    ] Total time for which application threads were stopped: 0.0001082 seconds, Stopping threads took: 0.0000326 seconds
[2019-12-09T05:02:30.128+0000][1][safepoint    ] Application time: 1.0001156 seconds
[2019-12-09T05:02:30.128+0000][1][safepoint    ] Entering safepoint region: Cleanup
[2019-12-09T05:02:30.128+0000][1][safepoint    ] Leaving safepoint region
[2019-12-09T05:02:30.128+0000][1][safepoint    ] Total time for which application threads were stopped: 0.0001465 seconds, Stopping threads took: 0.0000360 seconds
[2019-12-09T05:02:31.128+0000][1][safepoint    ] Application time: 1.0000918 seconds
[2019-12-09T05:02:31.128+0000][1][safepoint    ] Entering safepoint region: Cleanup
[2019-12-09T05:02:31.128+0000][1][safepoint    ] Leaving safepoint region
[2019-12-09T05:02:31.128+0000][1][safepoint    ] Total time for which application threads were stopped: 0.0001411 seconds, Stopping threads took: 0.0000256 seconds
[2019-12-09T05:02:32.128+0000][1][safepoint    ] Application time: 1.0000872 seconds
[2019-12-09T05:02:32.129+0000][1][safepoint    ] Entering safepoint region: Cleanup
[2019-12-09T05:02:32.129+0000][1][safepoint    ] Leaving safepoint region
[2019-12-09T05:02:32.129+0000][1][safepoint    ] Total time for which application threads were stopped: 0.0001564 seconds, Stopping threads took: 0.0000349 seconds
[2019-12-09T05:02:33.129+0000][1][safepoint    ] Application time: 1.0000813 seconds
[2019-12-09T05:02:33.129+0000][1][safepoint    ] Entering safepoint region: Cleanup
[2019-12-09T05:02:33.129+0000][1][safepoint    ] Leaving safepoint region
[2019-12-09T05:02:33.129+0000][1][safepoint    ] Total time for which application threads were stopped: 0.0001341 seconds, Stopping threads took: 0.0000253 seconds
[2019-12-09T05:02:34.129+0000][1][safepoint    ] Application time: 1.0000964 seconds
[2019-12-09T05:02:34.129+0000][1][safepoint    ] Entering safepoint region: Cleanup
[2019-12-09T05:02:34.129+0000][1][safepoint    ] Leaving safepoint region
[2019-12-09T05:02:34.129+0000][1][safepoint    ] Total time for which application threads were stopped: 0.0001278 seconds, Stopping threads took: 0.0000270 seconds
[2019-12-09T05:02:35.129+0000][1][safepoint    ] Application time: 1.0000754 seconds
[2019-12-09T05:02:35.129+0000][1][safepoint    ] Entering safepoint region: Cleanup
[2019-12-09T05:02:35.129+0000][1][safepoint    ] Leaving safepoint region
[2019-12-09T05:02:35.129+0000][1][safepoint    ] Total time for which application threads were stopped: 0.0001141 seconds, Stopping threads took: 0.0000191 seconds
[2019-12-09T05:02:36.130+0000][1][safepoint    ] Application time: 1.0000731 seconds
[2019-12-09T05:02:36.130+0000][1][safepoint    ] Entering safepoint region: Cleanup
[2019-12-09T05:02:36.130+0000][1][safepoint    ] Leaving safepoint region
[2019-12-09T05:02:36.130+0000][1][safepoint    ] Total time for which application threads were stopped: 0.0001027 seconds, Stopping threads took: 0.0000179 seconds
[2019-12-09T05:02:37.130+0000][1][safepoint    ] Application time: 1.0000733 seconds
[2019-12-09T05:02:37.130+0000][1][safepoint    ] Entering safepoint region: Cleanup
[2019-12-09T05:02:37.130+0000][1][safepoint    ] Leaving safepoint region
[2019-12-09T05:02:37.130+0000][1][safepoint    ] Total time for which application threads were stopped: 0.0000904 seconds, Stopping threads took: 0.0000190 seconds
[2019-12-09T05:02:38.130+0000][1][safepoint    ] Application time: 1.0000763 seconds
[2019-12-09T05:02:38.130+0000][1][safepoint    ] Entering safepoint region: Cleanup
[2019-12-09T05:02:38.130+0000][1][safepoint    ] Leaving safepoint region
[2019-12-09T05:02:38.130+0000][1][safepoint    ] Total time for which application threads were stopped: 0.0000913 seconds, Stopping threads took: 0.0000197 seconds
[2019-12-09T05:02:39.130+0000][1][safepoint    ] Application time: 1.0000756 seconds
[2019-12-09T05:02:39.130+0000][1][safepoint    ] Entering safepoint region: Cleanup
[2019-12-09T05:02:39.130+0000][1][safepoint    ] Leaving safepoint region
[2019-12-09T05:02:39.130+0000][1][safepoint    ] Total time for which application threads were stopped: 0.0000903 seconds, Stopping threads took: 0.0000187 seconds
[2019-12-09T05:02:40.130+0000][1][safepoint    ] Application time: 1.0000750 seconds
[2019-12-09T05:02:40.130+0000][1][safepoint    ] Entering safepoint region: Cleanup
[2019-12-09T05:02:40.131+0000][1][safepoint    ] Leaving safepoint region
[2019-12-09T05:02:40.131+0000][1][safepoint    ] Total time for which application threads were stopped: 0.0000942 seconds, Stopping threads took: 0.0000198 seconds
[2019-12-09T05:02:41.131+0000][1][safepoint    ] Application time: 1.0000766 seconds
[2019-12-09T05:02:41.131+0000][1][safepoint    ] Entering safepoint region: Cleanup
[2019-12-09T05:02:41.131+0000][1][safepoint    ] Leaving safepoint region
[2019-12-09T05:02:41.131+0000][1][safepoint    ] Total time for which application threads were stopped: 0.0000985 seconds, Stopping threads took: 0.0000276 seconds
[2019-12-09T05:02:42.546+0000][1][safepoint    ] Application time: 1.4157093 seconds
[2019-12-09T05:02:42.547+0000][1][safepoint    ] Entering safepoint region: Cleanup
[2019-12-09T05:02:42.547+0000][1][safepoint    ] Leaving safepoint region
[2019-12-09T05:02:42.547+0000][1][safepoint    ] Total time for which application threads were stopped: 0.0001009 seconds, Stopping threads took: 0.0000251 seconds
[2019-12-09T05:02:43.547+0000][1][safepoint    ] Application time: 1.0000775 seconds
[2019-12-09T05:02:43.547+0000][1][safepoint    ] Entering safepoint region: Cleanup
[2019-12-09T05:02:43.547+0000][1][safepoint    ] Leaving safepoint region
[2019-12-09T05:02:43.547+0000][1][safepoint    ] Total time for which application threads were stopped: 0.0000908 seconds, Stopping threads took: 0.0000181 seconds
[2019-12-09T05:02:44.547+0000][1][safepoint    ] Application time: 1.0000757 seconds
[2019-12-09T05:02:44.547+0000][1][safepoint    ] Entering safepoint region: Cleanup
[2019-12-09T05:02:44.547+0000][1][safepoint    ] Leaving safepoint region
[2019-12-09T05:02:44.547+0000][1][safepoint    ] Total time for which application threads were stopped: 0.0000919 seconds, Stopping threads took: 0.0000186 seconds
[2019-12-09T05:02:45.547+0000][1][safepoint    ] Application time: 1.0000333 seconds
[2019-12-09T05:02:45.547+0000][1][safepoint    ] Entering safepoint region: Cleanup
[2019-12-09T05:02:45.547+0000][1][safepoint    ] Leaving safepoint region
[2019-12-09T05:02:45.547+0000][1][safepoint    ] Total time for which application threads were stopped: 0.0000942 seconds, Stopping threads took: 0.0000194 seconds
[2019-12-09T05:02:46.547+0000][1][safepoint    ] Application time: 1.0000754 seconds
[2019-12-09T05:02:46.547+0000][1][safepoint    ] Entering safepoint region: Cleanup
[2019-12-09T05:02:46.547+0000][1][safepoint    ] Leaving safepoint region
[2019-12-09T05:02:46.547+0000][1][safepoint    ] Total time for which application threads were stopped: 0.0000861 seconds, Stopping threads took: 0.0000169 seconds
[2019-12-09T05:02:47.548+0000][1][safepoint    ] Application time: 1.0000759 seconds
[2019-12-09T05:02:47.548+0000][1][safepoint    ] Entering safepoint region: Cleanup
[2019-12-09T05:02:47.548+0000][1][safepoint    ] Leaving safepoint region
[2019-12-09T05:02:47.548+0000][1][safepoint    ] Total time for which application threads were stopped: 0.0000859 seconds, Stopping threads took: 0.0000164 seconds
[2019-12-09T05:02:48.548+0000][1][safepoint    ] Application time: 1.0000787 seconds
[2019-12-09T05:02:48.548+0000][1][safepoint    ] Entering safepoint region: Cleanup
[2019-12-09T05:02:48.548+0000][1][safepoint    ] Leaving safepoint region
[2019-12-09T05:02:48.548+0000][1][safepoint    ] Total time for which application threads were stopped: 0.0000902 seconds, Stopping threads took: 0.0000181 seconds
[2019-12-09T05:02:49.548+0000][1][safepoint    ] Application time: 1.0000764 seconds
[2019-12-09T05:02:49.548+0000][1][safepoint    ] Entering safepoint region: Cleanup
[2019-12-09T05:02:49.548+0000][1][safepoint    ] Leaving safepoint region
[2019-12-09T05:02:49.548+0000][1][safepoint    ] Total time for which application threads were stopped: 0.0000909 seconds, Stopping threads took: 0.0000192 seconds
[2019-12-09T05:02:50.548+0000][1][safepoint    ] Application time: 1.0000770 seconds
[2019-12-09T05:02:50.548+0000][1][safepoint    ] Entering safepoint region: Cleanup
[2019-12-09T05:02:50.548+0000][1][safepoint    ] Leaving safepoint region
[2019-12-09T05:02:50.548+0000][1][safepoint    ] Total time for which application threads were stopped: 0.0000853 seconds, Stopping threads took: 0.0000176 seconds
[2019-12-09T05:02:51.548+0000][1][safepoint    ] Application time: 1.0000869 seconds
[2019-12-09T05:02:51.548+0000][1][safepoint    ] Entering safepoint region: Cleanup
[2019-12-09T05:02:51.548+0000][1][safepoint    ] Leaving safepoint region
[2019-12-09T05:02:51.548+0000][1][safepoint    ] Total time for which application threads were stopped: 0.0001131 seconds, Stopping threads took: 0.0000239 seconds
[2019-12-09T05:02:52.549+0000][1][safepoint    ] Application time: 1.0000775 seconds
[2019-12-09T05:02:52.549+0000][1][safepoint    ] Entering safepoint region: Cleanup
[2019-12-09T05:02:52.549+0000][1][safepoint    ] Leaving safepoint region
[2019-12-09T05:02:52.549+0000][1][safepoint    ] Total time for which application threads were stopped: 0.0000947 seconds, Stopping threads took: 0.0000155 seconds
[2019-12-09T05:02:53.549+0000][1][safepoint    ] Application time: 1.0000747 seconds
[2019-12-09T05:02:53.549+0000][1][safepoint    ] Entering safepoint region: Cleanup
[2019-12-09T05:02:53.549+0000][1][safepoint    ] Leaving safepoint region
[2019-12-09T05:02:53.549+0000][1][safepoint    ] Total time for which application threads were stopped: 0.0000848 seconds, Stopping threads took: 0.0000168 seconds
[2019-12-09T05:02:54.549+0000][1][safepoint    ] Application time: 1.0000768 seconds
[2019-12-09T05:02:54.549+0000][1][safepoint    ] Entering safepoint region: Cleanup
[2019-12-09T05:02:54.549+0000][1][safepoint    ] Leaving safepoint region
[2019-12-09T05:02:54.549+0000][1][safepoint    ] Total time for which application threads were stopped: 0.0000924 seconds, Stopping threads took: 0.0000178 seconds
[2019-12-09T05:02:55.549+0000][1][safepoint    ] Application time: 1.0000761 seconds
[2019-12-09T05:02:55.549+0000][1][safepoint    ] Entering safepoint region: Cleanup
[2019-12-09T05:02:55.549+0000][1][safepoint    ] Leaving safepoint region
[2019-12-09T05:02:55.549+0000][1][safepoint    ] Total time for which application threads were stopped: 0.0000834 seconds, Stopping threads took: 0.0000159 seconds
[2019-12-09T05:02:56.549+0000][1][safepoint    ] Application time: 1.0000749 seconds
[2019-12-09T05:02:56.549+0000][1][safepoint    ] Entering safepoint region: Cleanup
[2019-12-09T05:02:56.549+0000][1][safepoint    ] Leaving safepoint region
[2019-12-09T05:02:56.549+0000][1][safepoint    ] Total time for which application threads were stopped: 0.0000847 seconds, Stopping threads took: 0.0000172 seconds
[2019-12-09T05:02:57.550+0000][1][safepoint    ] Application time: 1.0000759 seconds
[2019-12-09T05:02:57.550+0000][1][safepoint    ] Entering safepoint region: Cleanup
[2019-12-09T05:02:57.550+0000][1][safepoint    ] Leaving safepoint region
[2019-12-09T05:02:57.550+0000][1][safepoint    ] Total time for which application threads were stopped: 0.0000978 seconds, Stopping threads took: 0.0000159 seconds
[2019-12-09T05:02:58.550+0000][1][safepoint    ] Application time: 1.0000738 seconds
[2019-12-09T05:02:58.550+0000][1][safepoint    ] Entering safepoint region: Cleanup
[2019-12-09T05:02:58.550+0000][1][safepoint    ] Leaving safepoint region
[2019-12-09T05:02:58.550+0000][1][safepoint    ] Total time for which application threads were stopped: 0.0000884 seconds, Stopping threads took: 0.0000178 seconds
[2019-12-09T05:02:59.550+0000][1][safepoint    ] Application time: 1.0000805 seconds
[2019-12-09T05:02:59.550+0000][1][safepoint    ] Entering safepoint region: Cleanup
[2019-12-09T05:02:59.550+0000][1][safepoint    ] Leaving safepoint region
[2019-12-09T05:02:59.550+0000][1][safepoint    ] Total time for which application threads were stopped: 0.0000860 seconds, Stopping threads took: 0.0000182 seconds
[2019-12-09T05:03:00.550+0000][1][safepoint    ] Application time: 1.0000752 seconds
[2019-12-09T05:03:00.550+0000][1][safepoint    ] Entering safepoint region: Cleanup
[2019-12-09T05:03:00.550+0000][1][safepoint    ] Leaving safepoint region
[2019-12-09T05:03:00.550+0000][1][safepoint    ] Total time for which application threads were stopped: 0.0000865 seconds, Stopping threads took: 0.0000170 seconds
[2019-12-09T05:03:01.550+0000][1][safepoint    ] Application time: 1.0000829 seconds
[2019-12-09T05:03:01.550+0000][1][safepoint    ] Entering safepoint region: Cleanup
[2019-12-09T05:03:01.551+0000][1][safepoint    ] Leaving safepoint region
[2019-12-09T05:03:01.551+0000][1][safepoint    ] Total time for which application threads were stopped: 0.0001238 seconds, Stopping threads took: 0.0000267 seconds
[2019-12-09T05:03:02.551+0000][1][safepoint    ] Application time: 1.0000755 seconds
[2019-12-09T05:03:02.551+0000][1][safepoint    ] Entering safepoint region: Cleanup
[2019-12-09T05:03:02.551+0000][1][safepoint    ] Leaving safepoint region
[2019-12-09T05:03:02.551+0000][1][safepoint    ] Total time for which application threads were stopped: 0.0000997 seconds, Stopping threads took: 0.0000278 seconds
[2019-12-09T05:03:03.551+0000][1][safepoint    ] Application time: 1.0000757 seconds
[2019-12-09T05:03:03.551+0000][1][safepoint    ] Entering safepoint region: Cleanup
[2019-12-09T05:03:03.551+0000][1][safepoint    ] Leaving safepoint region
[2019-12-09T05:03:03.551+0000][1][safepoint    ] Total time for which application threads were stopped: 0.0000855 seconds, Stopping threads took: 0.0000171 seconds
[2019-12-09T05:03:04.551+0000][1][safepoint    ] Application time: 1.0000782 seconds
[2019-12-09T05:03:04.551+0000][1][safepoint    ] Entering safepoint region: Cleanup
[2019-12-09T05:03:04.551+0000][1][safepoint    ] Leaving safepoint region
[2019-12-09T05:03:04.551+0000][1][safepoint    ] Total time for which application threads were stopped: 0.0000984 seconds, Stopping threads took: 0.0000232 seconds
[2019-12-09T05:03:05.551+0000][1][safepoint    ] Application time: 1.0000765 seconds
[2019-12-09T05:03:05.551+0000][1][safepoint    ] Entering safepoint region: Cleanup
[2019-12-09T05:03:05.551+0000][1][safepoint    ] Leaving safepoint region
[2019-12-09T05:03:05.551+0000][1][safepoint    ] Total time for which application threads were stopped: 0.0000868 seconds, Stopping threads took: 0.0000182 seconds
[2019-12-09T05:03:06.551+0000][1][safepoint    ] Application time: 1.0000737 seconds
[2019-12-09T05:03:06.551+0000][1][safepoint    ] Entering safepoint region: Cleanup
[2019-12-09T05:03:06.552+0000][1][safepoint    ] Leaving safepoint region
[2019-12-09T05:03:06.552+0000][1][safepoint    ] Total time for which application threads were stopped: 0.0000849 seconds, Stopping threads took: 0.0000173 seconds
[2019-12-09T05:03:07.552+0000][1][safepoint    ] Application time: 1.0000781 seconds
[2019-12-09T05:03:07.552+0000][1][safepoint    ] Entering safepoint region: Cleanup
[2019-12-09T05:03:07.552+0000][1][safepoint    ] Leaving safepoint region
[2019-12-09T05:03:07.552+0000][1][safepoint    ] Total time for which application threads were stopped: 0.0000984 seconds, Stopping threads took: 0.0000279 seconds
[2019-12-09T05:03:08.552+0000][1][safepoint    ] Application time: 1.0000767 seconds
[2019-12-09T05:03:08.552+0000][1][safepoint    ] Entering safepoint region: Cleanup
[2019-12-09T05:03:08.552+0000][1][safepoint    ] Leaving safepoint region
[2019-12-09T05:03:08.552+0000][1][safepoint    ] Total time for which application threads were stopped: 0.0000856 seconds, Stopping threads took: 0.0000174 seconds
[2019-12-09T05:03:09.552+0000][1][safepoint    ] Application time: 1.0000764 seconds
[2019-12-09T05:03:09.552+0000][1][safepoint    ] Entering safepoint region: Cleanup
[2019-12-09T05:03:09.552+0000][1][safepoint    ] Leaving safepoint region
[2019-12-09T05:03:09.552+0000][1][safepoint    ] Total time for which application threads were stopped: 0.0000842 seconds, Stopping threads took: 0.0000165 seconds
[2019-12-09T05:03:10.552+0000][1][safepoint    ] Application time: 1.0000772 seconds
[2019-12-09T05:03:10.552+0000][1][safepoint    ] Entering safepoint region: Cleanup
[2019-12-09T05:03:10.552+0000][1][safepoint    ] Leaving safepoint region
[2019-12-09T05:03:10.552+0000][1][safepoint    ] Total time for which application threads were stopped: 0.0000881 seconds, Stopping threads took: 0.0000168 seconds
[2019-12-09T05:03:11.552+0000][1][safepoint    ] Application time: 1.0000816 seconds
[2019-12-09T05:03:11.553+0000][1][safepoint    ] Entering safepoint region: Cleanup
[2019-12-09T05:03:11.553+0000][1][safepoint    ] Leaving safepoint region
[2019-12-09T05:03:11.553+0000][1][safepoint    ] Total time for which application threads were stopped: 0.0001216 seconds, Stopping threads took: 0.0000231 seconds
[2019-12-09T05:03:12.553+0000][1][safepoint    ] Application time: 1.0000773 seconds
[2019-12-09T05:03:12.553+0000][1][safepoint    ] Entering safepoint region: Cleanup
[2019-12-09T05:03:12.553+0000][1][safepoint    ] Leaving safepoint region
[2019-12-09T05:03:12.553+0000][1][safepoint    ] Total time for which application threads were stopped: 0.0000929 seconds, Stopping threads took: 0.0000244 seconds
[2019-12-09T05:03:13.553+0000][1][safepoint    ] Application time: 1.0000763 seconds
[2019-12-09T05:03:13.553+0000][1][safepoint    ] Entering safepoint region: Cleanup
[2019-12-09T05:03:13.553+0000][1][safepoint    ] Leaving safepoint region
[2019-12-09T05:03:13.553+0000][1][safepoint    ] Total time for which application threads were stopped: 0.0000857 seconds, Stopping threads took: 0.0000180 seconds
[2019-12-09T05:03:14.553+0000][1][safepoint    ] Application time: 1.0000742 seconds
[2019-12-09T05:03:14.553+0000][1][safepoint    ] Entering safepoint region: Cleanup
[2019-12-09T05:03:14.553+0000][1][safepoint    ] Leaving safepoint region
[2019-12-09T05:03:14.553+0000][1][safepoint    ] Total time for which application threads were stopped: 0.0001124 seconds, Stopping threads took: 0.0000172 seconds
[2019-12-09T05:03:15.553+0000][1][safepoint    ] Application time: 1.0000750 seconds
[2019-12-09T05:03:15.553+0000][1][safepoint    ] Entering safepoint region: Cleanup
[2019-12-09T05:03:15.553+0000][1][safepoint    ] Leaving safepoint region
[2019-12-09T05:03:15.553+0000][1][safepoint    ] Total time for which application threads were stopped: 0.0000909 seconds, Stopping threads took: 0.0000187 seconds
[2019-12-09T05:03:16.554+0000][1][safepoint    ] Application time: 1.0000744 seconds
[2019-12-09T05:03:16.554+0000][1][safepoint    ] Entering safepoint region: Cleanup
[2019-12-09T05:03:16.554+0000][1][safepoint    ] Leaving safepoint region
[2019-12-09T05:03:16.554+0000][1][safepoint    ] Total time for which application threads were stopped: 0.0000854 seconds, Stopping threads took: 0.0000164 seconds
[2019-12-09T05:03:17.554+0000][1][safepoint    ] Application time: 1.0000794 seconds
[2019-12-09T05:03:17.554+0000][1][safepoint    ] Entering safepoint region: Cleanup
[2019-12-09T05:03:17.554+0000][1][safepoint    ] Leaving safepoint region
[2019-12-09T05:03:17.554+0000][1][safepoint    ] Total time for which application threads were stopped: 0.0000864 seconds, Stopping threads took: 0.0000158 seconds
[2019-12-09T05:03:18.554+0000][1][safepoint    ] Application time: 1.0000771 seconds
[2019-12-09T05:03:18.554+0000][1][safepoint    ] Entering safepoint region: Cleanup
[2019-12-09T05:03:18.554+0000][1][safepoint    ] Leaving safepoint region
[2019-12-09T05:03:18.554+0000][1][safepoint    ] Total time for which application threads were stopped: 0.0000892 seconds, Stopping threads took: 0.0000175 seconds
[2019-12-09T05:03:19.554+0000][1][safepoint    ] Application time: 1.0000773 seconds
[2019-12-09T05:03:19.554+0000][1][safepoint    ] Entering safepoint region: Cleanup
[2019-12-09T05:03:19.554+0000][1][safepoint    ] Leaving safepoint region
[2019-12-09T05:03:19.554+0000][1][safepoint    ] Total time for which application threads were stopped: 0.0000906 seconds, Stopping threads took: 0.0000188 seconds
[2019-12-09T05:03:20.554+0000][1][safepoint    ] Application time: 1.0000755 seconds
[2019-12-09T05:03:20.554+0000][1][safepoint    ] Entering safepoint region: Cleanup
[2019-12-09T05:03:20.554+0000][1][safepoint    ] Leaving safepoint region
[2019-12-09T05:03:20.554+0000][1][safepoint    ] Total time for which application threads were stopped: 0.0000870 seconds, Stopping threads took: 0.0000173 seconds
[2019-12-09T05:03:21.555+0000][1][safepoint    ] Application time: 1.0000801 seconds
[2019-12-09T05:03:21.555+0000][1][safepoint    ] Entering safepoint region: Cleanup
[2019-12-09T05:03:21.555+0000][1][safepoint    ] Leaving safepoint region
[2019-12-09T05:03:21.555+0000][1][safepoint    ] Total time for which application threads were stopped: 0.0001020 seconds, Stopping threads took: 0.0000184 seconds
[2019-12-09T05:03:22.555+0000][1][safepoint    ] Application time: 1.0000773 seconds
[2019-12-09T05:03:22.555+0000][1][safepoint    ] Entering safepoint region: Cleanup
[2019-12-09T05:03:22.555+0000][1][safepoint    ] Leaving safepoint region
[2019-12-09T05:03:22.555+0000][1][safepoint    ] Total time for which application threads were stopped: 0.0000910 seconds, Stopping threads took: 0.0000183 seconds
[2019-12-09T05:03:23.555+0000][1][safepoint    ] Application time: 1.0000763 seconds
[2019-12-09T05:03:23.555+0000][1][safepoint    ] Entering safepoint region: Cleanup
[2019-12-09T05:03:23.555+0000][1][safepoint    ] Leaving safepoint region
[2019-12-09T05:03:23.555+0000][1][safepoint    ] Total time for which application threads were stopped: 0.0001015 seconds, Stopping threads took: 0.0000181 seconds
[2019-12-09T05:03:24.555+0000][1][safepoint    ] Application time: 1.0000778 seconds
[2019-12-09T05:03:24.555+0000][1][safepoint    ] Entering safepoint region: Cleanup
[2019-12-09T05:03:24.555+0000][1][safepoint    ] Leaving safepoint region
[2019-12-09T05:03:24.555+0000][1][safepoint    ] Total time for which application threads were stopped: 0.0000892 seconds, Stopping threads took: 0.0000174 seconds
[2019-12-09T05:03:25.555+0000][1][safepoint    ] Application time: 1.0000763 seconds
[2019-12-09T05:03:25.555+0000][1][safepoint    ] Entering safepoint region: Cleanup
[2019-12-09T05:03:25.556+0000][1][safepoint    ] Leaving safepoint region
[2019-12-09T05:03:25.556+0000][1][safepoint    ] Total time for which application threads were stopped: 0.0000907 seconds, Stopping threads took: 0.0000174 seconds
[2019-12-09T05:03:26.556+0000][1][safepoint    ] Application time: 1.0000749 seconds
[2019-12-09T05:03:26.556+0000][1][safepoint    ] Entering safepoint region: Cleanup
[2019-12-09T05:03:26.556+0000][1][safepoint    ] Leaving safepoint region
[2019-12-09T05:03:26.556+0000][1][safepoint    ] Total time for which application threads were stopped: 0.0000911 seconds, Stopping threads took: 0.0000194 seconds
[2019-12-09T05:03:27.556+0000][1][safepoint    ] Application time: 1.0000756 seconds
[2019-12-09T05:03:27.556+0000][1][safepoint    ] Entering safepoint region: Cleanup
[2019-12-09T05:03:27.556+0000][1][safepoint    ] Leaving safepoint region
[2019-12-09T05:03:27.556+0000][1][safepoint    ] Total time for which application threads were stopped: 0.0000904 seconds, Stopping threads took: 0.0000169 seconds
[2019-12-09T05:03:28.556+0000][1][safepoint    ] Application time: 1.0000764 seconds
[2019-12-09T05:03:28.556+0000][1][safepoint    ] Entering safepoint region: Cleanup
[2019-12-09T05:03:28.556+0000][1][safepoint    ] Leaving safepoint region
[2019-12-09T05:03:28.556+0000][1][safepoint    ] Total time for which application threads were stopped: 0.0000886 seconds, Stopping threads took: 0.0000174 seconds
[2019-12-09T05:03:29.556+0000][1][safepoint    ] Application time: 1.0000764 seconds
[2019-12-09T05:03:29.556+0000][1][safepoint    ] Entering safepoint region: Cleanup
[2019-12-09T05:03:29.556+0000][1][safepoint    ] Leaving safepoint region
[2019-12-09T05:03:29.556+0000][1][safepoint    ] Total time for which application threads were stopped: 0.0000891 seconds, Stopping threads took: 0.0000182 seconds
[2019-12-09T05:03:30.556+0000][1][safepoint    ] Application time: 1.0000766 seconds
[2019-12-09T05:03:30.557+0000][1][safepoint    ] Entering safepoint region: Cleanup
[2019-12-09T05:03:30.557+0000][1][safepoint    ] Leaving safepoint region
[2019-12-09T05:03:30.557+0000][1][safepoint    ] Total time for which application threads were stopped: 0.0000905 seconds, Stopping threads took: 0.0000176 seconds
[2019-12-09T05:03:31.557+0000][1][safepoint    ] Application time: 1.0000799 seconds
[2019-12-09T05:03:31.557+0000][1][safepoint    ] Entering safepoint region: Cleanup
[2019-12-09T05:03:31.557+0000][1][safepoint    ] Leaving safepoint region
[2019-12-09T05:03:31.557+0000][1][safepoint    ] Total time for which application threads were stopped: 0.0000911 seconds, Stopping threads took: 0.0000182 seconds
[2019-12-09T05:03:32.557+0000][1][safepoint    ] Application time: 1.0000766 seconds
[2019-12-09T05:03:32.557+0000][1][safepoint    ] Entering safepoint region: Cleanup
[2019-12-09T05:03:32.557+0000][1][safepoint    ] Leaving safepoint region
[2019-12-09T05:03:32.557+0000][1][safepoint    ] Total time for which application threads were stopped: 0.0000892 seconds, Stopping threads took: 0.0000174 seconds
[2019-12-09T05:03:33.893+0000][1][safepoint    ] Application time: 1.3354858 seconds
[2019-12-09T05:03:33.893+0000][1][safepoint    ] Entering safepoint region: Cleanup
[2019-12-09T05:03:33.893+0000][1][safepoint    ] Leaving safepoint region
[2019-12-09T05:03:33.893+0000][1][safepoint    ] Total time for which application threads were stopped: 0.0000886 seconds, Stopping threads took: 0.0000176 seconds
[2019-12-09T05:03:34.893+0000][1][safepoint    ] Application time: 1.0000761 seconds
[2019-12-09T05:03:34.893+0000][1][safepoint    ] Entering safepoint region: Cleanup
[2019-12-09T05:03:34.893+0000][1][safepoint    ] Leaving safepoint region
[2019-12-09T05:03:34.893+0000][1][safepoint    ] Total time for which application threads were stopped: 0.0000873 seconds, Stopping threads took: 0.0000182 seconds
[2019-12-09T05:03:35.893+0000][1][safepoint    ] Application time: 1.0000774 seconds
[2019-12-09T05:03:35.893+0000][1][safepoint    ] Entering safepoint region: Cleanup
[2019-12-09T05:03:35.893+0000][1][safepoint    ] Leaving safepoint region
[2019-12-09T05:03:35.893+0000][1][safepoint    ] Total time for which application threads were stopped: 0.0000906 seconds, Stopping threads took: 0.0000184 seconds
[2019-12-09T05:03:36.893+0000][1][safepoint    ] Application time: 1.0000760 seconds
[2019-12-09T05:03:36.893+0000][1][safepoint    ] Entering safepoint region: Cleanup
[2019-12-09T05:03:36.893+0000][1][safepoint    ] Leaving safepoint region
[2019-12-09T05:03:36.893+0000][1][safepoint    ] Total time for which application threads were stopped: 0.0000899 seconds, Stopping threads took: 0.0000173 seconds
[2019-12-09T05:03:37.893+0000][1][safepoint    ] Application time: 1.0000756 seconds
[2019-12-09T05:03:37.893+0000][1][safepoint    ] Entering safepoint region: Cleanup
[2019-12-09T05:03:37.893+0000][1][safepoint    ] Leaving safepoint region
[2019-12-09T05:03:37.893+0000][1][safepoint    ] Total time for which application threads were stopped: 0.0000921 seconds, Stopping threads took: 0.0000191 seconds
[2019-12-09T05:03:38.894+0000][1][safepoint    ] Application time: 1.0000831 seconds
[2019-12-09T05:03:38.894+0000][1][safepoint    ] Entering safepoint region: Cleanup
[2019-12-09T05:03:38.894+0000][1][safepoint    ] Leaving safepoint region
[2019-12-09T05:03:38.894+0000][1][safepoint    ] Total time for which application threads were stopped: 0.0001032 seconds, Stopping threads took: 0.0000187 seconds
[2019-12-09T05:03:39.894+0000][1][safepoint    ] Application time: 1.0000746 seconds
[2019-12-09T05:03:39.894+0000][1][safepoint    ] Entering safepoint region: Cleanup
[2019-12-09T05:03:39.894+0000][1][safepoint    ] Leaving safepoint region
[2019-12-09T05:03:39.894+0000][1][safepoint    ] Total time for which application threads were stopped: 0.0000940 seconds, Stopping threads took: 0.0000174 seconds
[2019-12-09T05:03:40.894+0000][1][safepoint    ] Application time: 1.0000783 seconds
[2019-12-09T05:03:40.894+0000][1][safepoint    ] Entering safepoint region: Cleanup
[2019-12-09T05:03:40.894+0000][1][safepoint    ] Leaving safepoint region
[2019-12-09T05:03:40.894+0000][1][safepoint    ] Total time for which application threads were stopped: 0.0000900 seconds, Stopping threads took: 0.0000180 seconds
[2019-12-09T05:03:41.894+0000][1][safepoint    ] Application time: 1.0000754 seconds
[2019-12-09T05:03:41.894+0000][1][safepoint    ] Entering safepoint region: Cleanup
[2019-12-09T05:03:41.894+0000][1][safepoint    ] Leaving safepoint region
[2019-12-09T05:03:41.894+0000][1][safepoint    ] Total time for which application threads were stopped: 0.0000899 seconds, Stopping threads took: 0.0000195 seconds
[2019-12-09T05:03:42.894+0000][1][safepoint    ] Application time: 1.0000761 seconds
[2019-12-09T05:03:42.894+0000][1][safepoint    ] Entering safepoint region: Cleanup
[2019-12-09T05:03:42.895+0000][1][safepoint    ] Leaving safepoint region
[2019-12-09T05:03:42.895+0000][1][safepoint    ] Total time for which application threads were stopped: 0.0000970 seconds, Stopping threads took: 0.0000259 seconds
[2019-12-09T05:03:43.895+0000][1][safepoint    ] Application time: 1.0000781 seconds
[2019-12-09T05:03:43.895+0000][1][safepoint    ] Entering safepoint region: Cleanup
[2019-12-09T05:03:43.895+0000][1][safepoint    ] Leaving safepoint region
[2019-12-09T05:03:43.895+0000][1][safepoint    ] Total time for which application threads were stopped: 0.0001005 seconds, Stopping threads took: 0.0000182 seconds
[2019-12-09T05:03:44.895+0000][1][safepoint    ] Application time: 1.0000757 seconds
[2019-12-09T05:03:44.895+0000][1][safepoint    ] Entering safepoint region: Cleanup
[2019-12-09T05:03:44.895+0000][1][safepoint    ] Leaving safepoint region
[2019-12-09T05:03:44.895+0000][1][safepoint    ] Total time for which application threads were stopped: 0.0000886 seconds, Stopping threads took: 0.0000170 seconds
[2019-12-09T05:03:45.895+0000][1][safepoint    ] Application time: 1.0000787 seconds
[2019-12-09T05:03:45.895+0000][1][safepoint    ] Entering safepoint region: Cleanup
[2019-12-09T05:03:45.895+0000][1][safepoint    ] Leaving safepoint region
[2019-12-09T05:03:45.895+0000][1][safepoint    ] Total time for which application threads were stopped: 0.0000899 seconds, Stopping threads took: 0.0000169 seconds
[2019-12-09T05:03:46.895+0000][1][safepoint    ] Application time: 1.0000805 seconds
[2019-12-09T05:03:46.895+0000][1][safepoint    ] Entering safepoint region: Cleanup
[2019-12-09T05:03:46.895+0000][1][safepoint    ] Leaving safepoint region
[2019-12-09T05:03:46.895+0000][1][safepoint    ] Total time for which application threads were stopped: 0.0000890 seconds, Stopping threads took: 0.0000181 seconds
[2019-12-09T05:03:47.895+0000][1][safepoint    ] Application time: 1.0000758 seconds
[2019-12-09T05:03:47.895+0000][1][safepoint    ] Entering safepoint region: Cleanup
[2019-12-09T05:03:47.896+0000][1][safepoint    ] Leaving safepoint region
[2019-12-09T05:03:47.896+0000][1][safepoint    ] Total time for which application threads were stopped: 0.0000879 seconds, Stopping threads took: 0.0000186 seconds
[2019-12-09T05:03:48.896+0000][1][safepoint    ] Application time: 1.0000774 seconds
[2019-12-09T05:03:48.896+0000][1][safepoint    ] Entering safepoint region: Cleanup
[2019-12-09T05:03:48.896+0000][1][safepoint    ] Leaving safepoint region
[2019-12-09T05:03:48.896+0000][1][safepoint    ] Total time for which application threads were stopped: 0.0000915 seconds, Stopping threads took: 0.0000187 seconds
[2019-12-09T05:03:49.896+0000][1][safepoint    ] Application time: 1.0000772 seconds
[2019-12-09T05:03:49.896+0000][1][safepoint    ] Entering safepoint region: Cleanup
[2019-12-09T05:03:49.896+0000][1][safepoint    ] Leaving safepoint region
[2019-12-09T05:03:49.896+0000][1][safepoint    ] Total time for which application threads were stopped: 0.0000875 seconds, Stopping threads took: 0.0000177 seconds
[2019-12-09T05:03:50.896+0000][1][safepoint    ] Application time: 1.0000761 seconds
[2019-12-09T05:03:50.896+0000][1][safepoint    ] Entering safepoint region: Cleanup
[2019-12-09T05:03:50.896+0000][1][safepoint    ] Leaving safepoint region
[2019-12-09T05:03:50.896+0000][1][safepoint    ] Total time for which application threads were stopped: 0.0000900 seconds, Stopping threads took: 0.0000180 seconds
[2019-12-09T05:03:51.896+0000][1][safepoint    ] Application time: 1.0000745 seconds
[2019-12-09T05:03:51.896+0000][1][safepoint    ] Entering safepoint region: Cleanup
[2019-12-09T05:03:51.896+0000][1][safepoint    ] Leaving safepoint region
[2019-12-09T05:03:51.896+0000][1][safepoint    ] Total time for which application threads were stopped: 0.0000904 seconds, Stopping threads took: 0.0000181 seconds
[2019-12-09T05:03:52.896+0000][1][safepoint    ] Application time: 1.0000757 seconds
[2019-12-09T05:03:52.897+0000][1][safepoint    ] Entering safepoint region: Cleanup
[2019-12-09T05:03:52.897+0000][1][safepoint    ] Leaving safepoint region
[2019-12-09T05:03:52.897+0000][1][safepoint    ] Total time for which application threads were stopped: 0.0000909 seconds, Stopping threads took: 0.0000194 seconds
[2019-12-09T05:03:53.897+0000][1][safepoint    ] Application time: 1.0000750 seconds
[2019-12-09T05:03:53.897+0000][1][safepoint    ] Entering safepoint region: Cleanup
[2019-12-09T05:03:53.897+0000][1][safepoint    ] Leaving safepoint region
[2019-12-09T05:03:53.897+0000][1][safepoint    ] Total time for which application threads were stopped: 0.0000876 seconds, Stopping threads took: 0.0000178 seconds
[2019-12-09T05:03:54.897+0000][1][safepoint    ] Application time: 1.0000756 seconds
[2019-12-09T05:03:54.897+0000][1][safepoint    ] Entering safepoint region: Cleanup
[2019-12-09T05:03:54.897+0000][1][safepoint    ] Leaving safepoint region
[2019-12-09T05:03:54.897+0000][1][safepoint    ] Total time for which application threads were stopped: 0.0000900 seconds, Stopping threads took: 0.0000193 seconds
[2019-12-09T05:03:55.897+0000][1][safepoint    ] Application time: 1.0000741 seconds
[2019-12-09T05:03:55.897+0000][1][safepoint    ] Entering safepoint region: Cleanup
[2019-12-09T05:03:55.897+0000][1][safepoint    ] Leaving safepoint region
[2019-12-09T05:03:55.897+0000][1][safepoint    ] Total time for which application threads were stopped: 0.0000887 seconds, Stopping threads took: 0.0000178 seconds
[2019-12-09T05:03:56.897+0000][1][safepoint    ] Application time: 1.0000767 seconds
[2019-12-09T05:03:56.897+0000][1][safepoint    ] Entering safepoint region: Cleanup
[2019-12-09T05:03:56.897+0000][1][safepoint    ] Leaving safepoint region
[2019-12-09T05:03:56.897+0000][1][safepoint    ] Total time for which application threads were stopped: 0.0000921 seconds, Stopping threads took: 0.0000193 seconds
[2019-12-09T05:03:57.898+0000][1][safepoint    ] Application time: 1.0000753 seconds
[2019-12-09T05:03:57.898+0000][1][safepoint    ] Entering safepoint region: Cleanup
[2019-12-09T05:03:57.898+0000][1][safepoint    ] Leaving safepoint region
[2019-12-09T05:03:57.898+0000][1][safepoint    ] Total time for which application threads were stopped: 0.0000896 seconds, Stopping threads took: 0.0000189 seconds
[2019-12-09T05:03:58.898+0000][1][safepoint    ] Application time: 1.0000764 seconds
[2019-12-09T05:03:58.898+0000][1][safepoint    ] Entering safepoint region: Cleanup
[2019-12-09T05:03:58.898+0000][1][safepoint    ] Leaving safepoint region
[2019-12-09T05:03:58.898+0000][1][safepoint    ] Total time for which application threads were stopped: 0.0000998 seconds, Stopping threads took: 0.0000293 seconds
[2019-12-09T05:03:59.898+0000][1][safepoint    ] Application time: 1.0000780 seconds
[2019-12-09T05:03:59.898+0000][1][safepoint    ] Entering safepoint region: Cleanup
[2019-12-09T05:03:59.898+0000][1][safepoint    ] Leaving safepoint region
[2019-12-09T05:03:59.898+0000][1][safepoint    ] Total time for which application threads were stopped: 0.0000963 seconds, Stopping threads took: 0.0000203 seconds
[2019-12-09T05:04:00.898+0000][1][safepoint    ] Application time: 1.0000766 seconds
[2019-12-09T05:04:00.898+0000][1][safepoint    ] Entering safepoint region: Cleanup
[2019-12-09T05:04:00.898+0000][1][safepoint    ] Leaving safepoint region
[2019-12-09T05:04:00.898+0000][1][safepoint    ] Total time for which application threads were stopped: 0.0000901 seconds, Stopping threads took: 0.0000180 seconds
[2019-12-09T05:04:01.898+0000][1][safepoint    ] Application time: 1.0000760 seconds
[2019-12-09T05:04:01.898+0000][1][safepoint    ] Entering safepoint region: Cleanup
[2019-12-09T05:04:01.898+0000][1][safepoint    ] Leaving safepoint region
[2019-12-09T05:04:01.898+0000][1][safepoint    ] Total time for which application threads were stopped: 0.0000989 seconds, Stopping threads took: 0.0000265 seconds
[2019-12-09T05:04:02.899+0000][1][safepoint    ] Application time: 1.0000749 seconds
[2019-12-09T05:04:02.899+0000][1][safepoint    ] Entering safepoint region: Cleanup
[2019-12-09T05:04:02.899+0000][1][safepoint    ] Leaving safepoint region
[2019-12-09T05:04:02.899+0000][1][safepoint    ] Total time for which application threads were stopped: 0.0001013 seconds, Stopping threads took: 0.0000176 seconds
[2019-12-09T05:04:03.899+0000][1][safepoint    ] Application time: 1.0000743 seconds
[2019-12-09T05:04:03.899+0000][1][safepoint    ] Entering safepoint region: Cleanup
[2019-12-09T05:04:03.899+0000][1][safepoint    ] Leaving safepoint region
[2019-12-09T05:04:03.899+0000][1][safepoint    ] Total time for which application threads were stopped: 0.0000901 seconds, Stopping threads took: 0.0000188 seconds
[2019-12-09T05:04:04.899+0000][1][safepoint    ] Application time: 1.0000748 seconds
[2019-12-09T05:04:04.899+0000][1][safepoint    ] Entering safepoint region: Cleanup
[2019-12-09T05:04:04.899+0000][1][safepoint    ] Leaving safepoint region
[2019-12-09T05:04:04.899+0000][1][safepoint    ] Total time for which application threads were stopped: 0.0000882 seconds, Stopping threads took: 0.0000181 seconds
[2019-12-09T05:04:05.899+0000][1][safepoint    ] Application time: 1.0000749 seconds
[2019-12-09T05:04:05.899+0000][1][safepoint    ] Entering safepoint region: Cleanup
[2019-12-09T05:04:05.899+0000][1][safepoint    ] Leaving safepoint region
[2019-12-09T05:04:05.899+0000][1][safepoint    ] Total time for which application threads were stopped: 0.0000895 seconds, Stopping threads took: 0.0000188 seconds
[2019-12-09T05:04:06.899+0000][1][safepoint    ] Application time: 1.0000745 seconds
[2019-12-09T05:04:06.899+0000][1][safepoint    ] Entering safepoint region: Cleanup
[2019-12-09T05:04:06.900+0000][1][safepoint    ] Leaving safepoint region
[2019-12-09T05:04:06.900+0000][1][safepoint    ] Total time for which application threads were stopped: 0.0000903 seconds, Stopping threads took: 0.0000180 seconds
[2019-12-09T05:04:07.900+0000][1][safepoint    ] Application time: 1.0000759 seconds
[2019-12-09T05:04:07.900+0000][1][safepoint    ] Entering safepoint region: Cleanup
[2019-12-09T05:04:07.900+0000][1][safepoint    ] Leaving safepoint region
[2019-12-09T05:04:07.900+0000][1][safepoint    ] Total time for which application threads were stopped: 0.0000987 seconds, Stopping threads took: 0.0000177 seconds
[2019-12-09T05:04:08.900+0000][1][safepoint    ] Application time: 1.0000795 seconds
[2019-12-09T05:04:08.900+0000][1][safepoint    ] Entering safepoint region: Cleanup
[2019-12-09T05:04:08.900+0000][1][safepoint    ] Leaving safepoint region
[2019-12-09T05:04:08.900+0000][1][safepoint    ] Total time for which application threads were stopped: 0.0000931 seconds, Stopping threads took: 0.0000184 seconds
[2019-12-09T05:04:09.900+0000][1][safepoint    ] Application time: 1.0000778 seconds
[2019-12-09T05:04:09.900+0000][1][safepoint    ] Entering safepoint region: Cleanup
[2019-12-09T05:04:09.900+0000][1][safepoint    ] Leaving safepoint region
[2019-12-09T05:04:09.900+0000][1][safepoint    ] Total time for which application threads were stopped: 0.0000907 seconds, Stopping threads took: 0.0000183 seconds
[2019-12-09T05:04:10.900+0000][1][safepoint    ] Application time: 1.0000746 seconds
[2019-12-09T05:04:10.900+0000][1][safepoint    ] Entering safepoint region: Cleanup
[2019-12-09T05:04:10.900+0000][1][safepoint    ] Leaving safepoint region
[2019-12-09T05:04:10.900+0000][1][safepoint    ] Total time for which application threads were stopped: 0.0000911 seconds, Stopping threads took: 0.0000178 seconds
[2019-12-09T05:04:11.900+0000][1][safepoint    ] Application time: 1.0000770 seconds
[2019-12-09T05:04:11.901+0000][1][safepoint    ] Entering safepoint region: Cleanup
[2019-12-09T05:04:11.901+0000][1][safepoint    ] Leaving safepoint region
[2019-12-09T05:04:11.901+0000][1][safepoint    ] Total time for which application threads were stopped: 0.0000989 seconds, Stopping threads took: 0.0000254 seconds
[2019-12-09T05:04:12.442+0000][1][safepoint    ] Application time: 0.5414177 seconds
[2019-12-09T05:04:12.442+0000][1][safepoint    ] Entering safepoint region: GenCollectForAllocation
[2019-12-09T05:04:12.442+0000][1][gc,start     ] GC(68) Pause Young (Allocation Failure)
[2019-12-09T05:04:12.442+0000][1][gc,task      ] GC(68) Using 2 workers of 2 for evacuation
[2019-12-09T05:04:12.444+0000][1][gc,age       ] GC(68) Desired survivor size 4456448 bytes, new threshold 6 (max threshold 6)
[2019-12-09T05:04:12.444+0000][1][gc,age       ] GC(68) Age table with threshold 6 (max threshold 6)
[2019-12-09T05:04:12.444+0000][1][gc,age       ] GC(68) - age   1:       8688 bytes,       8688 total
[2019-12-09T05:04:12.444+0000][1][gc,age       ] GC(68) - age   2:        392 bytes,       9080 total
[2019-12-09T05:04:12.444+0000][1][gc,age       ] GC(68) - age   3:       1136 bytes,      10216 total
[2019-12-09T05:04:12.444+0000][1][gc,age       ] GC(68) - age   4:        992 bytes,      11208 total
[2019-12-09T05:04:12.444+0000][1][gc,age       ] GC(68) - age   5:        392 bytes,      11600 total
[2019-12-09T05:04:12.444+0000][1][gc,age       ] GC(68) - age   6:         80 bytes,      11680 total
[2019-12-09T05:04:12.444+0000][1][gc,heap      ] GC(68) ParNew: 69968K->16K(78656K)
[2019-12-09T05:04:12.444+0000][1][gc,heap      ] GC(68) CMS: 75944K->75944K(174784K)
[2019-12-09T05:04:12.444+0000][1][gc,metaspace ] GC(68) Metaspace: 80225K->80225K(1122304K)
[2019-12-09T05:04:12.444+0000][1][gc           ] GC(68) Pause Young (Allocation Failure) 142M->74M(247M) 1.572ms
[2019-12-09T05:04:12.444+0000][1][gc,cpu       ] GC(68) User=0.00s Sys=0.00s Real=0.00s
[2019-12-09T05:04:12.444+0000][1][safepoint    ] Leaving safepoint region
[2019-12-09T05:04:12.444+0000][1][safepoint    ] Total time for which application threads were stopped: 0.0017369 seconds, Stopping threads took: 0.0000246 seconds
[2019-12-09T05:04:13.444+0000][1][safepoint    ] Application time: 1.0000870 seconds
[2019-12-09T05:04:13.444+0000][1][safepoint    ] Entering safepoint region: Cleanup
[2019-12-09T05:04:13.444+0000][1][safepoint    ] Leaving safepoint region
[2019-12-09T05:04:13.444+0000][1][safepoint    ] Total time for which application threads were stopped: 0.0000916 seconds, Stopping threads took: 0.0000186 seconds
[2019-12-09T05:04:14.444+0000][1][safepoint    ] Application time: 1.0000765 seconds
[2019-12-09T05:04:14.444+0000][1][safepoint    ] Entering safepoint region: Cleanup
[2019-12-09T05:04:14.444+0000][1][safepoint    ] Leaving safepoint region
[2019-12-09T05:04:14.444+0000][1][safepoint    ] Total time for which application threads were stopped: 0.0000895 seconds, Stopping threads took: 0.0000187 seconds
[2019-12-09T05:04:16.436+0000][1][safepoint    ] Application time: 1.9913765 seconds
[2019-12-09T05:04:16.436+0000][1][safepoint    ] Entering safepoint region: Cleanup
[2019-12-09T05:04:16.436+0000][1][safepoint    ] Leaving safepoint region
[2019-12-09T05:04:16.436+0000][1][safepoint    ] Total time for which application threads were stopped: 0.0001029 seconds, Stopping threads took: 0.0000179 seconds
[2019-12-09T05:04:17.436+0000][1][safepoint    ] Application time: 1.0000813 seconds
[2019-12-09T05:04:17.436+0000][1][safepoint    ] Entering safepoint region: Cleanup
[2019-12-09T05:04:17.436+0000][1][safepoint    ] Leaving safepoint region
[2019-12-09T05:04:17.436+0000][1][safepoint    ] Total time for which application threads were stopped: 0.0000933 seconds, Stopping threads took: 0.0000185 seconds
[2019-12-09T05:04:18.436+0000][1][safepoint    ] Application time: 1.0000963 seconds
[2019-12-09T05:04:18.436+0000][1][safepoint    ] Entering safepoint region: Cleanup
[2019-12-09T05:04:18.436+0000][1][safepoint    ] Leaving safepoint region
[2019-12-09T05:04:18.436+0000][1][safepoint    ] Total time for which application threads were stopped: 0.0001350 seconds, Stopping threads took: 0.0000263 seconds
[2019-12-09T05:04:19.436+0000][1][safepoint    ] Application time: 1.0000780 seconds
[2019-12-09T05:04:19.436+0000][1][safepoint    ] Entering safepoint region: Cleanup
[2019-12-09T05:04:19.436+0000][1][safepoint    ] Leaving safepoint region
[2019-12-09T05:04:19.436+0000][1][safepoint    ] Total time for which application threads were stopped: 0.0000882 seconds, Stopping threads took: 0.0000189 seconds
[2019-12-09T05:04:20.437+0000][1][safepoint    ] Application time: 1.0000771 seconds
[2019-12-09T05:04:20.437+0000][1][safepoint    ] Entering safepoint region: Cleanup
[2019-12-09T05:04:20.437+0000][1][safepoint    ] Leaving safepoint region
[2019-12-09T05:04:20.437+0000][1][safepoint    ] Total time for which application threads were stopped: 0.0001116 seconds, Stopping threads took: 0.0000193 seconds
[2019-12-09T05:04:21.437+0000][1][safepoint    ] Application time: 1.0000759 seconds
[2019-12-09T05:04:21.437+0000][1][safepoint    ] Entering safepoint region: Cleanup
[2019-12-09T05:04:21.437+0000][1][safepoint    ] Leaving safepoint region
[2019-12-09T05:04:21.437+0000][1][safepoint    ] Total time for which application threads were stopped: 0.0000906 seconds, Stopping threads took: 0.0000175 seconds
[2019-12-09T05:04:22.437+0000][1][safepoint    ] Application time: 1.0000743 seconds
[2019-12-09T05:04:22.437+0000][1][safepoint    ] Entering safepoint region: Cleanup
[2019-12-09T05:04:22.437+0000][1][safepoint    ] Leaving safepoint region
[2019-12-09T05:04:22.437+0000][1][safepoint    ] Total time for which application threads were stopped: 0.0000967 seconds, Stopping threads took: 0.0000188 seconds
[2019-12-09T05:04:23.437+0000][1][safepoint    ] Application time: 1.0000772 seconds
[2019-12-09T05:04:23.437+0000][1][safepoint    ] Entering safepoint region: Cleanup
[2019-12-09T05:04:23.437+0000][1][safepoint    ] Leaving safepoint region
[2019-12-09T05:04:23.437+0000][1][safepoint    ] Total time for which application threads were stopped: 0.0000897 seconds, Stopping threads took: 0.0000186 seconds
[2019-12-09T05:04:24.437+0000][1][safepoint    ] Application time: 1.0000769 seconds
[2019-12-09T05:04:24.437+0000][1][safepoint    ] Entering safepoint region: Cleanup
[2019-12-09T05:04:24.438+0000][1][safepoint    ] Leaving safepoint region
[2019-12-09T05:04:24.438+0000][1][safepoint    ] Total time for which application threads were stopped: 0.0000932 seconds, Stopping threads took: 0.0000184 seconds
[2019-12-09T05:04:25.438+0000][1][safepoint    ] Application time: 1.0000768 seconds
[2019-12-09T05:04:25.438+0000][1][safepoint    ] Entering safepoint region: Cleanup
[2019-12-09T05:04:25.438+0000][1][safepoint    ] Leaving safepoint region
[2019-12-09T05:04:25.438+0000][1][safepoint    ] Total time for which application threads were stopped: 0.0000910 seconds, Stopping threads took: 0.0000185 seconds
[2019-12-09T05:04:26.438+0000][1][safepoint    ] Application time: 1.0000755 seconds
[2019-12-09T05:04:26.438+0000][1][safepoint    ] Entering safepoint region: Cleanup
[2019-12-09T05:04:26.438+0000][1][safepoint    ] Leaving safepoint region
[2019-12-09T05:04:26.438+0000][1][safepoint    ] Total time for which application threads were stopped: 0.0000914 seconds, Stopping threads took: 0.0000187 seconds
[2019-12-09T05:04:27.438+0000][1][safepoint    ] Application time: 1.0000763 seconds
[2019-12-09T05:04:27.438+0000][1][safepoint    ] Entering safepoint region: Cleanup
[2019-12-09T05:04:27.438+0000][1][safepoint    ] Leaving safepoint region
[2019-12-09T05:04:27.438+0000][1][safepoint    ] Total time for which application threads were stopped: 0.0000889 seconds, Stopping threads took: 0.0000172 seconds
[2019-12-09T05:04:28.438+0000][1][safepoint    ] Application time: 1.0000842 seconds
[2019-12-09T05:04:28.438+0000][1][safepoint    ] Entering safepoint region: Cleanup
[2019-12-09T05:04:28.438+0000][1][safepoint    ] Leaving safepoint region
[2019-12-09T05:04:28.438+0000][1][safepoint    ] Total time for which application threads were stopped: 0.0000992 seconds, Stopping threads took: 0.0000196 seconds
[2019-12-09T05:04:29.439+0000][1][safepoint    ] Application time: 1.0000789 seconds
[2019-12-09T05:04:29.439+0000][1][safepoint    ] Entering safepoint region: Cleanup
[2019-12-09T05:04:29.439+0000][1][safepoint    ] Leaving safepoint region
[2019-12-09T05:04:29.439+0000][1][safepoint    ] Total time for which application threads were stopped: 0.0000887 seconds, Stopping threads took: 0.0000188 seconds
[2019-12-09T05:04:30.439+0000][1][safepoint    ] Application time: 1.0000305 seconds
[2019-12-09T05:04:30.439+0000][1][safepoint    ] Entering safepoint region: Cleanup
[2019-12-09T05:04:30.439+0000][1][safepoint    ] Leaving safepoint region
[2019-12-09T05:04:30.439+0000][1][safepoint    ] Total time for which application threads were stopped: 0.0000992 seconds, Stopping threads took: 0.0000184 seconds
[2019-12-09T05:04:31.439+0000][1][safepoint    ] Application time: 1.0000744 seconds
[2019-12-09T05:04:31.439+0000][1][safepoint    ] Entering safepoint region: Cleanup
[2019-12-09T05:04:31.439+0000][1][safepoint    ] Leaving safepoint region
[2019-12-09T05:04:31.439+0000][1][safepoint    ] Total time for which application threads were stopped: 0.0000906 seconds, Stopping threads took: 0.0000192 seconds
[2019-12-09T05:04:32.439+0000][1][safepoint    ] Application time: 1.0000742 seconds
[2019-12-09T05:04:32.439+0000][1][safepoint    ] Entering safepoint region: Cleanup
[2019-12-09T05:04:32.439+0000][1][safepoint    ] Leaving safepoint region
[2019-12-09T05:04:32.439+0000][1][safepoint    ] Total time for which application threads were stopped: 0.0000892 seconds, Stopping threads took: 0.0000176 seconds
[2019-12-09T05:04:33.439+0000][1][safepoint    ] Application time: 1.0000732 seconds
[2019-12-09T05:04:33.439+0000][1][safepoint    ] Entering safepoint region: Cleanup
[2019-12-09T05:04:33.439+0000][1][safepoint    ] Leaving safepoint region
[2019-12-09T05:04:33.439+0000][1][safepoint    ] Total time for which application threads were stopped: 0.0000898 seconds, Stopping threads took: 0.0000182 seconds
[2019-12-09T05:04:34.440+0000][1][safepoint    ] Application time: 1.0000723 seconds
[2019-12-09T05:04:34.440+0000][1][safepoint    ] Entering safepoint region: Cleanup
[2019-12-09T05:04:34.440+0000][1][safepoint    ] Leaving safepoint region
[2019-12-09T05:04:34.440+0000][1][safepoint    ] Total time for which application threads were stopped: 0.0000908 seconds, Stopping threads took: 0.0000187 seconds
[2019-12-09T05:04:35.440+0000][1][safepoint    ] Application time: 1.0000750 seconds
[2019-12-09T05:04:35.440+0000][1][safepoint    ] Entering safepoint region: Cleanup
[2019-12-09T05:04:35.440+0000][1][safepoint    ] Leaving safepoint region
[2019-12-09T05:04:35.440+0000][1][safepoint    ] Total time for which application threads were stopped: 0.0000938 seconds, Stopping threads took: 0.0000202 seconds
[2019-12-09T05:04:36.440+0000][1][safepoint    ] Application time: 1.0000754 seconds
[2019-12-09T05:04:36.440+0000][1][safepoint    ] Entering safepoint region: Cleanup
[2019-12-09T05:04:36.440+0000][1][safepoint    ] Leaving safepoint region
[2019-12-09T05:04:36.440+0000][1][safepoint    ] Total time for which application threads were stopped: 0.0000890 seconds, Stopping threads took: 0.0000178 seconds
[2019-12-09T05:04:37.440+0000][1][safepoint    ] Application time: 1.0000760 seconds
[2019-12-09T05:04:37.440+0000][1][safepoint    ] Entering safepoint region: Cleanup
[2019-12-09T05:04:37.440+0000][1][safepoint    ] Leaving safepoint region
[2019-12-09T05:04:37.440+0000][1][safepoint    ] Total time for which application threads were stopped: 0.0000895 seconds, Stopping threads took: 0.0000176 seconds
[2019-12-09T05:04:38.440+0000][1][safepoint    ] Application time: 1.0000924 seconds
[2019-12-09T05:04:38.440+0000][1][safepoint    ] Entering safepoint region: Cleanup
[2019-12-09T05:04:38.441+0000][1][safepoint    ] Leaving safepoint region
[2019-12-09T05:04:38.441+0000][1][safepoint    ] Total time for which application threads were stopped: 0.0001303 seconds, Stopping threads took: 0.0000287 seconds
[2019-12-09T05:04:39.441+0000][1][safepoint    ] Application time: 1.0000797 seconds
[2019-12-09T05:04:39.441+0000][1][safepoint    ] Entering safepoint region: Cleanup
[2019-12-09T05:04:39.441+0000][1][safepoint    ] Leaving safepoint region
[2019-12-09T05:04:39.441+0000][1][safepoint    ] Total time for which application threads were stopped: 0.0000890 seconds, Stopping threads took: 0.0000183 seconds
[2019-12-09T05:04:40.441+0000][1][safepoint    ] Application time: 1.0000749 seconds
[2019-12-09T05:04:40.441+0000][1][safepoint    ] Entering safepoint region: Cleanup
[2019-12-09T05:04:40.441+0000][1][safepoint    ] Leaving safepoint region
[2019-12-09T05:04:40.441+0000][1][safepoint    ] Total time for which application threads were stopped: 0.0000919 seconds, Stopping threads took: 0.0000194 seconds
[2019-12-09T05:04:41.441+0000][1][safepoint    ] Application time: 1.0000744 seconds
[2019-12-09T05:04:41.441+0000][1][safepoint    ] Entering safepoint region: Cleanup
[2019-12-09T05:04:41.441+0000][1][safepoint    ] Leaving safepoint region
[2019-12-09T05:04:41.441+0000][1][safepoint    ] Total time for which application threads were stopped: 0.0000888 seconds, Stopping threads took: 0.0000177 seconds
[2019-12-09T05:04:42.441+0000][1][safepoint    ] Application time: 1.0000742 seconds
[2019-12-09T05:04:42.441+0000][1][safepoint    ] Entering safepoint region: Cleanup
[2019-12-09T05:04:42.441+0000][1][safepoint    ] Leaving safepoint region
[2019-12-09T05:04:42.441+0000][1][safepoint    ] Total time for which application threads were stopped: 0.0000941 seconds, Stopping threads took: 0.0000246 seconds
[2019-12-09T05:04:43.441+0000][1][safepoint    ] Application time: 1.0000758 seconds
[2019-12-09T05:04:43.442+0000][1][safepoint    ] Entering safepoint region: Cleanup
[2019-12-09T05:04:43.442+0000][1][safepoint    ] Leaving safepoint region
[2019-12-09T05:04:43.442+0000][1][safepoint    ] Total time for which application threads were stopped: 0.0000907 seconds, Stopping threads took: 0.0000194 seconds
[2019-12-09T05:04:44.442+0000][1][safepoint    ] Application time: 1.0000755 seconds
[2019-12-09T05:04:44.442+0000][1][safepoint    ] Entering safepoint region: Cleanup
[2019-12-09T05:04:44.442+0000][1][safepoint    ] Leaving safepoint region
[2019-12-09T05:04:44.442+0000][1][safepoint    ] Total time for which application threads were stopped: 0.0000901 seconds, Stopping threads took: 0.0000187 seconds
[2019-12-09T05:04:45.442+0000][1][safepoint    ] Application time: 1.0000758 seconds
[2019-12-09T05:04:45.442+0000][1][safepoint    ] Entering safepoint region: Cleanup
[2019-12-09T05:04:45.442+0000][1][safepoint    ] Leaving safepoint region
[2019-12-09T05:04:45.442+0000][1][safepoint    ] Total time for which application threads were stopped: 0.0000912 seconds, Stopping threads took: 0.0000185 seconds
[2019-12-09T05:04:46.442+0000][1][safepoint    ] Application time: 1.0000765 seconds
[2019-12-09T05:04:46.442+0000][1][safepoint    ] Entering safepoint region: Cleanup
[2019-12-09T05:04:46.442+0000][1][safepoint    ] Leaving safepoint region
[2019-12-09T05:04:46.442+0000][1][safepoint    ] Total time for which application threads were stopped: 0.0000890 seconds, Stopping threads took: 0.0000182 seconds
[2019-12-09T05:04:47.442+0000][1][safepoint    ] Application time: 1.0000747 seconds
[2019-12-09T05:04:47.442+0000][1][safepoint    ] Entering safepoint region: Cleanup
[2019-12-09T05:04:47.442+0000][1][safepoint    ] Leaving safepoint region
[2019-12-09T05:04:47.442+0000][1][safepoint    ] Total time for which application threads were stopped: 0.0000936 seconds, Stopping threads took: 0.0000183 seconds
[2019-12-09T05:04:48.443+0000][1][safepoint    ] Application time: 1.0002617 seconds
[2019-12-09T05:04:48.443+0000][1][safepoint    ] Entering safepoint region: Cleanup
[2019-12-09T05:04:48.443+0000][1][safepoint    ] Leaving safepoint region
[2019-12-09T05:04:48.443+0000][1][safepoint    ] Total time for which application threads were stopped: 0.0001297 seconds, Stopping threads took: 0.0000269 seconds
[2019-12-09T05:04:49.443+0000][1][safepoint    ] Application time: 1.0000787 seconds
[2019-12-09T05:04:49.443+0000][1][safepoint    ] Entering safepoint region: Cleanup
[2019-12-09T05:04:49.443+0000][1][safepoint    ] Leaving safepoint region
[2019-12-09T05:04:49.443+0000][1][safepoint    ] Total time for which application threads were stopped: 0.0000908 seconds, Stopping threads took: 0.0000195 seconds
[2019-12-09T05:04:50.443+0000][1][safepoint    ] Application time: 1.0000760 seconds
[2019-12-09T05:04:50.443+0000][1][safepoint    ] Entering safepoint region: Cleanup
[2019-12-09T05:04:50.443+0000][1][safepoint    ] Leaving safepoint region
[2019-12-09T05:04:50.443+0000][1][safepoint    ] Total time for which application threads were stopped: 0.0000868 seconds, Stopping threads took: 0.0000180 seconds
[2019-12-09T05:04:51.443+0000][1][safepoint    ] Application time: 1.0000764 seconds
[2019-12-09T05:04:51.443+0000][1][safepoint    ] Entering safepoint region: Cleanup
[2019-12-09T05:04:51.444+0000][1][safepoint    ] Leaving safepoint region
[2019-12-09T05:04:51.444+0000][1][safepoint    ] Total time for which application threads were stopped: 0.0000897 seconds, Stopping threads took: 0.0000187 seconds
[2019-12-09T05:04:52.911+0000][1][safepoint    ] Application time: 1.4672227 seconds
[2019-12-09T05:04:52.911+0000][1][safepoint    ] Entering safepoint region: Cleanup
[2019-12-09T05:04:52.911+0000][1][safepoint    ] Leaving safepoint region
[2019-12-09T05:04:52.911+0000][1][safepoint    ] Total time for which application threads were stopped: 0.0000952 seconds, Stopping threads took: 0.0000177 seconds
[2019-12-09T05:04:53.911+0000][1][safepoint    ] Application time: 1.0000768 seconds
[2019-12-09T05:04:53.911+0000][1][safepoint    ] Entering safepoint region: Cleanup
[2019-12-09T05:04:53.911+0000][1][safepoint    ] Leaving safepoint region
[2019-12-09T05:04:53.911+0000][1][safepoint    ] Total time for which application threads were stopped: 0.0000909 seconds, Stopping threads took: 0.0000187 seconds
[2019-12-09T05:04:54.911+0000][1][safepoint    ] Application time: 1.0000763 seconds
[2019-12-09T05:04:54.911+0000][1][safepoint    ] Entering safepoint region: Cleanup
[2019-12-09T05:04:54.911+0000][1][safepoint    ] Leaving safepoint region
[2019-12-09T05:04:54.911+0000][1][safepoint    ] Total time for which application threads were stopped: 0.0000920 seconds, Stopping threads took: 0.0000196 seconds
[2019-12-09T05:04:55.911+0000][1][safepoint    ] Application time: 1.0000767 seconds
[2019-12-09T05:04:55.911+0000][1][safepoint    ] Entering safepoint region: Cleanup
[2019-12-09T05:04:55.912+0000][1][safepoint    ] Leaving safepoint region
[2019-12-09T05:04:55.912+0000][1][safepoint    ] Total time for which application threads were stopped: 0.0000895 seconds, Stopping threads took: 0.0000176 seconds
[2019-12-09T05:04:56.912+0000][1][safepoint    ] Application time: 1.0000768 seconds
[2019-12-09T05:04:56.912+0000][1][safepoint    ] Entering safepoint region: Cleanup
[2019-12-09T05:04:56.912+0000][1][safepoint    ] Leaving safepoint region
[2019-12-09T05:04:56.912+0000][1][safepoint    ] Total time for which application threads were stopped: 0.0001018 seconds, Stopping threads took: 0.0000295 seconds
[2019-12-09T05:04:57.912+0000][1][safepoint    ] Application time: 1.0000769 seconds
[2019-12-09T05:04:57.912+0000][1][safepoint    ] Entering safepoint region: Cleanup
[2019-12-09T05:04:57.912+0000][1][safepoint    ] Leaving safepoint region
[2019-12-09T05:04:57.912+0000][1][safepoint    ] Total time for which application threads were stopped: 0.0001097 seconds, Stopping threads took: 0.0000270 seconds
[2019-12-09T05:04:58.912+0000][1][safepoint    ] Application time: 1.0000763 seconds
[2019-12-09T05:04:58.912+0000][1][safepoint    ] Entering safepoint region: Cleanup
[2019-12-09T05:04:58.912+0000][1][safepoint    ] Leaving safepoint region
[2019-12-09T05:04:58.912+0000][1][safepoint    ] Total time for which application threads were stopped: 0.0000981 seconds, Stopping threads took: 0.0000177 seconds
[2019-12-09T05:04:59.912+0000][1][safepoint    ] Application time: 1.0000767 seconds
[2019-12-09T05:04:59.912+0000][1][safepoint    ] Entering safepoint region: Cleanup
[2019-12-09T05:04:59.912+0000][1][safepoint    ] Leaving safepoint region
[2019-12-09T05:04:59.912+0000][1][safepoint    ] Total time for which application threads were stopped: 0.0000906 seconds, Stopping threads took: 0.0000174 seconds
[2019-12-09T05:05:00.913+0000][1][safepoint    ] Application time: 1.0000774 seconds
[2019-12-09T05:05:00.913+0000][1][safepoint    ] Entering safepoint region: Cleanup
[2019-12-09T05:05:00.913+0000][1][safepoint    ] Leaving safepoint region
[2019-12-09T05:05:00.913+0000][1][safepoint    ] Total time for which application threads were stopped: 0.0000908 seconds, Stopping threads took: 0.0000188 seconds
[2019-12-09T05:05:01.913+0000][1][safepoint    ] Application time: 1.0000564 seconds
[2019-12-09T05:05:01.913+0000][1][safepoint    ] Entering safepoint region: Cleanup
[2019-12-09T05:05:01.913+0000][1][safepoint    ] Leaving safepoint region
[2019-12-09T05:05:01.913+0000][1][safepoint    ] Total time for which application threads were stopped: 0.0001272 seconds, Stopping threads took: 0.0000263 seconds
[2019-12-09T05:05:02.913+0000][1][safepoint    ] Application time: 1.0000778 seconds
[2019-12-09T05:05:02.913+0000][1][safepoint    ] Entering safepoint region: Cleanup
[2019-12-09T05:05:02.913+0000][1][safepoint    ] Leaving safepoint region
[2019-12-09T05:05:02.913+0000][1][safepoint    ] Total time for which application threads were stopped: 0.0000934 seconds, Stopping threads took: 0.0000184 seconds
[2019-12-09T05:05:03.913+0000][1][safepoint    ] Application time: 1.0000777 seconds
[2019-12-09T05:05:03.913+0000][1][safepoint    ] Entering safepoint region: Cleanup
[2019-12-09T05:05:03.913+0000][1][safepoint    ] Leaving safepoint region
[2019-12-09T05:05:03.913+0000][1][safepoint    ] Total time for which application threads were stopped: 0.0000954 seconds, Stopping threads took: 0.0000200 seconds
[2019-12-09T05:05:04.913+0000][1][safepoint    ] Application time: 1.0000782 seconds
[2019-12-09T05:05:04.913+0000][1][safepoint    ] Entering safepoint region: Cleanup
[2019-12-09T05:05:04.914+0000][1][safepoint    ] Leaving safepoint region
[2019-12-09T05:05:04.914+0000][1][safepoint    ] Total time for which application threads were stopped: 0.0000935 seconds, Stopping threads took: 0.0000197 seconds
[2019-12-09T05:05:05.914+0000][1][safepoint    ] Application time: 1.0000771 seconds
[2019-12-09T05:05:05.914+0000][1][safepoint    ] Entering safepoint region: Cleanup
[2019-12-09T05:05:05.914+0000][1][safepoint    ] Leaving safepoint region
[2019-12-09T05:05:05.914+0000][1][safepoint    ] Total time for which application threads were stopped: 0.0001025 seconds, Stopping threads took: 0.0000299 seconds
[2019-12-09T05:05:06.914+0000][1][safepoint    ] Application time: 1.0000769 seconds
[2019-12-09T05:05:06.914+0000][1][safepoint    ] Entering safepoint region: Cleanup
[2019-12-09T05:05:06.914+0000][1][safepoint    ] Leaving safepoint region
[2019-12-09T05:05:06.914+0000][1][safepoint    ] Total time for which application threads were stopped: 0.0001080 seconds, Stopping threads took: 0.0000192 seconds
[2019-12-09T05:05:07.914+0000][1][safepoint    ] Application time: 1.0000775 seconds
[2019-12-09T05:05:07.914+0000][1][safepoint    ] Entering safepoint region: Cleanup
[2019-12-09T05:05:07.914+0000][1][safepoint    ] Leaving safepoint region
[2019-12-09T05:05:07.914+0000][1][safepoint    ] Total time for which application threads were stopped: 0.0001012 seconds, Stopping threads took: 0.0000268 seconds
[2019-12-09T05:05:08.914+0000][1][safepoint    ] Application time: 1.0000783 seconds
[2019-12-09T05:05:08.914+0000][1][safepoint    ] Entering safepoint region: Cleanup
[2019-12-09T05:05:08.914+0000][1][safepoint    ] Leaving safepoint region
[2019-12-09T05:05:08.914+0000][1][safepoint    ] Total time for which application threads were stopped: 0.0000967 seconds, Stopping threads took: 0.0000199 seconds
[2019-12-09T05:05:09.915+0000][1][safepoint    ] Application time: 1.0000774 seconds
[2019-12-09T05:05:09.915+0000][1][safepoint    ] Entering safepoint region: Cleanup
[2019-12-09T05:05:09.915+0000][1][safepoint    ] Leaving safepoint region
[2019-12-09T05:05:09.915+0000][1][safepoint    ] Total time for which application threads were stopped: 0.0000963 seconds, Stopping threads took: 0.0000199 seconds
[2019-12-09T05:05:10.915+0000][1][safepoint    ] Application time: 1.0000752 seconds
[2019-12-09T05:05:10.915+0000][1][safepoint    ] Entering safepoint region: Cleanup
[2019-12-09T05:05:10.915+0000][1][safepoint    ] Leaving safepoint region
[2019-12-09T05:05:10.915+0000][1][safepoint    ] Total time for which application threads were stopped: 0.0000919 seconds, Stopping threads took: 0.0000181 seconds
[2019-12-09T05:05:12.564+0000][1][safepoint    ] Application time: 1.6493404 seconds
[2019-12-09T05:05:12.564+0000][1][safepoint    ] Entering safepoint region: Cleanup
[2019-12-09T05:05:12.564+0000][1][safepoint    ] Leaving safepoint region
[2019-12-09T05:05:12.564+0000][1][safepoint    ] Total time for which application threads were stopped: 0.0000887 seconds, Stopping threads took: 0.0000181 seconds
[2019-12-09T05:05:13.564+0000][1][safepoint    ] Application time: 1.0000755 seconds
[2019-12-09T05:05:13.565+0000][1][safepoint    ] Entering safepoint region: Cleanup
[2019-12-09T05:05:13.565+0000][1][safepoint    ] Leaving safepoint region
[2019-12-09T05:05:13.565+0000][1][safepoint    ] Total time for which application threads were stopped: 0.0000888 seconds, Stopping threads took: 0.0000184 seconds
[2019-12-09T05:05:14.565+0000][1][safepoint    ] Application time: 1.0000764 seconds
[2019-12-09T05:05:14.565+0000][1][safepoint    ] Entering safepoint region: Cleanup
[2019-12-09T05:05:14.565+0000][1][safepoint    ] Leaving safepoint region
[2019-12-09T05:05:14.565+0000][1][safepoint    ] Total time for which application threads were stopped: 0.0000917 seconds, Stopping threads took: 0.0000191 seconds
[2019-12-09T05:05:15.565+0000][1][safepoint    ] Application time: 1.0000726 seconds
[2019-12-09T05:05:15.565+0000][1][safepoint    ] Entering safepoint region: Cleanup
[2019-12-09T05:05:15.565+0000][1][safepoint    ] Leaving safepoint region
[2019-12-09T05:05:15.565+0000][1][safepoint    ] Total time for which application threads were stopped: 0.0000866 seconds, Stopping threads took: 0.0000171 seconds
[2019-12-09T05:05:16.565+0000][1][safepoint    ] Application time: 1.0000760 seconds
[2019-12-09T05:05:16.565+0000][1][safepoint    ] Entering safepoint region: Cleanup
[2019-12-09T05:05:16.565+0000][1][safepoint    ] Leaving safepoint region
[2019-12-09T05:05:16.565+0000][1][safepoint    ] Total time for which application threads were stopped: 0.0000887 seconds, Stopping threads took: 0.0000174 seconds
[2019-12-09T05:05:17.565+0000][1][safepoint    ] Application time: 1.0000754 seconds
[2019-12-09T05:05:17.565+0000][1][safepoint    ] Entering safepoint region: Cleanup
[2019-12-09T05:05:17.565+0000][1][safepoint    ] Leaving safepoint region
[2019-12-09T05:05:17.565+0000][1][safepoint    ] Total time for which application threads were stopped: 0.0000857 seconds, Stopping threads took: 0.0000163 seconds
[2019-12-09T05:05:18.565+0000][1][safepoint    ] Application time: 1.0000772 seconds
[2019-12-09T05:05:18.566+0000][1][safepoint    ] Entering safepoint region: Cleanup
[2019-12-09T05:05:18.566+0000][1][safepoint    ] Leaving safepoint region
[2019-12-09T05:05:18.566+0000][1][safepoint    ] Total time for which application threads were stopped: 0.0000895 seconds, Stopping threads took: 0.0000189 seconds
[2019-12-09T05:05:19.566+0000][1][safepoint    ] Application time: 1.0000761 seconds
[2019-12-09T05:05:19.566+0000][1][safepoint    ] Entering safepoint region: Cleanup
[2019-12-09T05:05:19.566+0000][1][safepoint    ] Leaving safepoint region
[2019-12-09T05:05:19.566+0000][1][safepoint    ] Total time for which application threads were stopped: 0.0000908 seconds, Stopping threads took: 0.0000189 seconds
[2019-12-09T05:05:20.566+0000][1][safepoint    ] Application time: 1.0000765 seconds
[2019-12-09T05:05:20.566+0000][1][safepoint    ] Entering safepoint region: Cleanup
[2019-12-09T05:05:20.566+0000][1][safepoint    ] Leaving safepoint region
[2019-12-09T05:05:20.566+0000][1][safepoint    ] Total time for which application threads were stopped: 0.0000896 seconds, Stopping threads took: 0.0000184 seconds
[2019-12-09T05:05:21.566+0000][1][safepoint    ] Application time: 1.0000797 seconds
[2019-12-09T05:05:21.566+0000][1][safepoint    ] Entering safepoint region: Cleanup
[2019-12-09T05:05:21.566+0000][1][safepoint    ] Leaving safepoint region
[2019-12-09T05:05:21.566+0000][1][safepoint    ] Total time for which application threads were stopped: 0.0001211 seconds, Stopping threads took: 0.0000240 seconds
[2019-12-09T05:05:22.566+0000][1][safepoint    ] Application time: 1.0000772 seconds
[2019-12-09T05:05:22.566+0000][1][safepoint    ] Entering safepoint region: Cleanup
[2019-12-09T05:05:22.566+0000][1][safepoint    ] Leaving safepoint region
[2019-12-09T05:05:22.567+0000][1][safepoint    ] Total time for which application threads were stopped: 0.0000884 seconds, Stopping threads took: 0.0000176 seconds
[2019-12-09T05:05:23.567+0000][1][safepoint    ] Application time: 1.0000762 seconds
[2019-12-09T05:05:23.567+0000][1][safepoint    ] Entering safepoint region: Cleanup
[2019-12-09T05:05:23.567+0000][1][safepoint    ] Leaving safepoint region
[2019-12-09T05:05:23.567+0000][1][safepoint    ] Total time for which application threads were stopped: 0.0001036 seconds, Stopping threads took: 0.0000172 seconds
[2019-12-09T05:05:24.567+0000][1][safepoint    ] Application time: 1.0000741 seconds
[2019-12-09T05:05:24.567+0000][1][safepoint    ] Entering safepoint region: Cleanup
[2019-12-09T05:05:24.567+0000][1][safepoint    ] Leaving safepoint region
[2019-12-09T05:05:24.567+0000][1][safepoint    ] Total time for which application threads were stopped: 0.0000919 seconds, Stopping threads took: 0.0000196 seconds
[2019-12-09T05:05:25.567+0000][1][safepoint    ] Application time: 1.0000751 seconds
[2019-12-09T05:05:25.567+0000][1][safepoint    ] Entering safepoint region: Cleanup
[2019-12-09T05:05:25.567+0000][1][safepoint    ] Leaving safepoint region
[2019-12-09T05:05:25.567+0000][1][safepoint    ] Total time for which application threads were stopped: 0.0000836 seconds, Stopping threads took: 0.0000154 seconds
[2019-12-09T05:05:26.567+0000][1][safepoint    ] Application time: 1.0000738 seconds
[2019-12-09T05:05:26.567+0000][1][safepoint    ] Entering safepoint region: Cleanup
[2019-12-09T05:05:26.567+0000][1][safepoint    ] Leaving safepoint region
[2019-12-09T05:05:26.567+0000][1][safepoint    ] Total time for which application threads were stopped: 0.0000872 seconds, Stopping threads took: 0.0000164 seconds
[2019-12-09T05:05:27.567+0000][1][safepoint    ] Application time: 1.0000822 seconds
[2019-12-09T05:05:27.567+0000][1][safepoint    ] Entering safepoint region: Cleanup
[2019-12-09T05:05:27.568+0000][1][safepoint    ] Leaving safepoint region
[2019-12-09T05:05:27.568+0000][1][safepoint    ] Total time for which application threads were stopped: 0.0000865 seconds, Stopping threads took: 0.0000163 seconds
[2019-12-09T05:05:28.568+0000][1][safepoint    ] Application time: 1.0000765 seconds
[2019-12-09T05:05:28.568+0000][1][safepoint    ] Entering safepoint region: Cleanup
[2019-12-09T05:05:28.568+0000][1][safepoint    ] Leaving safepoint region
[2019-12-09T05:05:28.568+0000][1][safepoint    ] Total time for which application threads were stopped: 0.0000999 seconds, Stopping threads took: 0.0000171 seconds
[2019-12-09T05:05:29.568+0000][1][safepoint    ] Application time: 1.0000760 seconds
[2019-12-09T05:05:29.568+0000][1][safepoint    ] Entering safepoint region: Cleanup
[2019-12-09T05:05:29.568+0000][1][safepoint    ] Leaving safepoint region
[2019-12-09T05:05:29.568+0000][1][safepoint    ] Total time for which application threads were stopped: 0.0000867 seconds, Stopping threads took: 0.0000170 seconds
[2019-12-09T05:05:30.568+0000][1][safepoint    ] Application time: 1.0000735 seconds
[2019-12-09T05:05:30.568+0000][1][safepoint    ] Entering safepoint region: Cleanup
[2019-12-09T05:05:30.568+0000][1][safepoint    ] Leaving safepoint region
[2019-12-09T05:05:30.568+0000][1][safepoint    ] Total time for which application threads were stopped: 0.0000898 seconds, Stopping threads took: 0.0000181 seconds
[2019-12-09T05:05:31.569+0000][1][safepoint    ] Application time: 1.0005348 seconds
[2019-12-09T05:05:31.569+0000][1][safepoint    ] Entering safepoint region: Cleanup
[2019-12-09T05:05:31.569+0000][1][safepoint    ] Leaving safepoint region
[2019-12-09T05:05:31.569+0000][1][safepoint    ] Total time for which application threads were stopped: 0.0001206 seconds, Stopping threads took: 0.0000226 seconds
[2019-12-09T05:05:32.569+0000][1][safepoint    ] Application time: 1.0000760 seconds
[2019-12-09T05:05:32.569+0000][1][safepoint    ] Entering safepoint region: Cleanup
[2019-12-09T05:05:32.569+0000][1][safepoint    ] Leaving safepoint region
[2019-12-09T05:05:32.569+0000][1][safepoint    ] Total time for which application threads were stopped: 0.0000878 seconds, Stopping threads took: 0.0000169 seconds
[2019-12-09T05:05:33.569+0000][1][safepoint    ] Application time: 1.0000765 seconds
[2019-12-09T05:05:33.569+0000][1][safepoint    ] Entering safepoint region: Cleanup
[2019-12-09T05:05:33.569+0000][1][safepoint    ] Leaving safepoint region
[2019-12-09T05:05:33.569+0000][1][safepoint    ] Total time for which application threads were stopped: 0.0000890 seconds, Stopping threads took: 0.0000174 seconds
[2019-12-09T05:05:34.569+0000][1][safepoint    ] Application time: 1.0000741 seconds
[2019-12-09T05:05:34.569+0000][1][safepoint    ] Entering safepoint region: Cleanup
[2019-12-09T05:05:34.569+0000][1][safepoint    ] Leaving safepoint region
[2019-12-09T05:05:34.569+0000][1][safepoint    ] Total time for which application threads were stopped: 0.0000949 seconds, Stopping threads took: 0.0000184 seconds
[2019-12-09T05:05:35.570+0000][1][safepoint    ] Application time: 1.0000743 seconds
[2019-12-09T05:05:35.570+0000][1][safepoint    ] Entering safepoint region: Cleanup
[2019-12-09T05:05:35.570+0000][1][safepoint    ] Leaving safepoint region
[2019-12-09T05:05:35.570+0000][1][safepoint    ] Total time for which application threads were stopped: 0.0000993 seconds, Stopping threads took: 0.0000178 seconds
[2019-12-09T05:05:36.570+0000][1][safepoint    ] Application time: 1.0000743 seconds
[2019-12-09T05:05:36.570+0000][1][safepoint    ] Entering safepoint region: Cleanup
[2019-12-09T05:05:36.570+0000][1][safepoint    ] Leaving safepoint region
[2019-12-09T05:05:36.570+0000][1][safepoint    ] Total time for which application threads were stopped: 0.0001016 seconds, Stopping threads took: 0.0000159 seconds
[2019-12-09T05:05:37.570+0000][1][safepoint    ] Application time: 1.0000756 seconds
[2019-12-09T05:05:37.570+0000][1][safepoint    ] Entering safepoint region: Cleanup
[2019-12-09T05:05:37.570+0000][1][safepoint    ] Leaving safepoint region
[2019-12-09T05:05:37.570+0000][1][safepoint    ] Total time for which application threads were stopped: 0.0000930 seconds, Stopping threads took: 0.0000227 seconds
[2019-12-09T05:05:38.570+0000][1][safepoint    ] Application time: 1.0000779 seconds
[2019-12-09T05:05:38.570+0000][1][safepoint    ] Entering safepoint region: Cleanup
[2019-12-09T05:05:38.570+0000][1][safepoint    ] Leaving safepoint region
[2019-12-09T05:05:38.570+0000][1][safepoint    ] Total time for which application threads were stopped: 0.0000905 seconds, Stopping threads took: 0.0000171 seconds
[2019-12-09T05:05:39.570+0000][1][safepoint    ] Application time: 1.0000771 seconds
[2019-12-09T05:05:39.570+0000][1][safepoint    ] Entering safepoint region: Cleanup
[2019-12-09T05:05:39.571+0000][1][safepoint    ] Leaving safepoint region
[2019-12-09T05:05:39.571+0000][1][safepoint    ] Total time for which application threads were stopped: 0.0000898 seconds, Stopping threads took: 0.0000171 seconds
[2019-12-09T05:05:40.571+0000][1][safepoint    ] Application time: 1.0000771 seconds
[2019-12-09T05:05:40.571+0000][1][safepoint    ] Entering safepoint region: Cleanup
[2019-12-09T05:05:40.571+0000][1][safepoint    ] Leaving safepoint region
[2019-12-09T05:05:40.571+0000][1][safepoint    ] Total time for which application threads were stopped: 0.0001158 seconds, Stopping threads took: 0.0000412 seconds
[2019-12-09T05:05:42.566+0000][1][safepoint    ] Application time: 1.9949134 seconds
[2019-12-09T05:05:42.566+0000][1][safepoint    ] Entering safepoint region: Cleanup
[2019-12-09T05:05:42.566+0000][1][safepoint    ] Leaving safepoint region
[2019-12-09T05:05:42.566+0000][1][safepoint    ] Total time for which application threads were stopped: 0.0000898 seconds, Stopping threads took: 0.0000179 seconds
[2019-12-09T05:05:43.566+0000][1][safepoint    ] Application time: 1.0000762 seconds
[2019-12-09T05:05:43.566+0000][1][safepoint    ] Entering safepoint region: Cleanup
[2019-12-09T05:05:43.566+0000][1][safepoint    ] Leaving safepoint region
[2019-12-09T05:05:43.566+0000][1][safepoint    ] Total time for which application threads were stopped: 0.0000874 seconds, Stopping threads took: 0.0000175 seconds
[2019-12-09T05:05:44.566+0000][1][safepoint    ] Application time: 1.0000765 seconds
[2019-12-09T05:05:44.566+0000][1][safepoint    ] Entering safepoint region: Cleanup
[2019-12-09T05:05:44.566+0000][1][safepoint    ] Leaving safepoint region
[2019-12-09T05:05:44.566+0000][1][safepoint    ] Total time for which application threads were stopped: 0.0000851 seconds, Stopping threads took: 0.0000172 seconds
[2019-12-09T05:05:45.566+0000][1][safepoint    ] Application time: 1.0000758 seconds
[2019-12-09T05:05:45.566+0000][1][safepoint    ] Entering safepoint region: Cleanup
[2019-12-09T05:05:45.566+0000][1][safepoint    ] Leaving safepoint region
[2019-12-09T05:05:45.566+0000][1][safepoint    ] Total time for which application threads were stopped: 0.0000899 seconds, Stopping threads took: 0.0000179 seconds
[2019-12-09T05:05:46.567+0000][1][safepoint    ] Application time: 1.0000762 seconds
[2019-12-09T05:05:46.567+0000][1][safepoint    ] Entering safepoint region: Cleanup
[2019-12-09T05:05:46.567+0000][1][safepoint    ] Leaving safepoint region
[2019-12-09T05:05:46.567+0000][1][safepoint    ] Total time for which application threads were stopped: 0.0000879 seconds, Stopping threads took: 0.0000185 seconds
[2019-12-09T05:05:47.567+0000][1][safepoint    ] Application time: 1.0000744 seconds
[2019-12-09T05:05:47.567+0000][1][safepoint    ] Entering safepoint region: Cleanup
[2019-12-09T05:05:47.567+0000][1][safepoint    ] Leaving safepoint region
[2019-12-09T05:05:47.567+0000][1][safepoint    ] Total time for which application threads were stopped: 0.0000866 seconds, Stopping threads took: 0.0000173 seconds
[2019-12-09T05:05:48.567+0000][1][safepoint    ] Application time: 1.0000784 seconds
[2019-12-09T05:05:48.567+0000][1][safepoint    ] Entering safepoint region: Cleanup
[2019-12-09T05:05:48.567+0000][1][safepoint    ] Leaving safepoint region
[2019-12-09T05:05:48.567+0000][1][safepoint    ] Total time for which application threads were stopped: 0.0000904 seconds, Stopping threads took: 0.0000195 seconds
[2019-12-09T05:05:49.567+0000][1][safepoint    ] Application time: 1.0000769 seconds
[2019-12-09T05:05:49.567+0000][1][safepoint    ] Entering safepoint region: Cleanup
[2019-12-09T05:05:49.567+0000][1][safepoint    ] Leaving safepoint region
[2019-12-09T05:05:49.567+0000][1][safepoint    ] Total time for which application threads were stopped: 0.0000902 seconds, Stopping threads took: 0.0000177 seconds
[2019-12-09T05:05:50.567+0000][1][safepoint    ] Application time: 1.0000768 seconds
[2019-12-09T05:05:50.567+0000][1][safepoint    ] Entering safepoint region: Cleanup
[2019-12-09T05:05:50.567+0000][1][safepoint    ] Leaving safepoint region
[2019-12-09T05:05:50.568+0000][1][safepoint    ] Total time for which application threads were stopped: 0.0000923 seconds, Stopping threads took: 0.0000186 seconds
[2019-12-09T05:05:51.573+0000][1][safepoint    ] Application time: 1.0052145 seconds
[2019-12-09T05:05:51.573+0000][1][safepoint    ] Entering safepoint region: Cleanup
[2019-12-09T05:05:51.573+0000][1][safepoint    ] Leaving safepoint region
[2019-12-09T05:05:51.573+0000][1][safepoint    ] Total time for which application threads were stopped: 0.0001292 seconds, Stopping threads took: 0.0000317 seconds
[2019-12-09T05:05:52.573+0000][1][safepoint    ] Application time: 1.0000758 seconds
[2019-12-09T05:05:52.573+0000][1][safepoint    ] Entering safepoint region: Cleanup
[2019-12-09T05:05:52.573+0000][1][safepoint    ] Leaving safepoint region
[2019-12-09T05:05:52.573+0000][1][safepoint    ] Total time for which application threads were stopped: 0.0000833 seconds, Stopping threads took: 0.0000165 seconds
[2019-12-09T05:05:53.573+0000][1][safepoint    ] Application time: 1.0000752 seconds
[2019-12-09T05:05:53.573+0000][1][safepoint    ] Entering safepoint region: Cleanup
[2019-12-09T05:05:53.573+0000][1][safepoint    ] Leaving safepoint region
[2019-12-09T05:05:53.573+0000][1][safepoint    ] Total time for which application threads were stopped: 0.0000846 seconds, Stopping threads took: 0.0000166 seconds
[2019-12-09T05:05:54.573+0000][1][safepoint    ] Application time: 1.0000758 seconds
[2019-12-09T05:05:54.573+0000][1][safepoint    ] Entering safepoint region: Cleanup
[2019-12-09T05:05:54.573+0000][1][safepoint    ] Leaving safepoint region
[2019-12-09T05:05:54.573+0000][1][safepoint    ] Total time for which application threads were stopped: 0.0000844 seconds, Stopping threads took: 0.0000169 seconds
[2019-12-09T05:05:55.574+0000][1][safepoint    ] Application time: 1.0000753 seconds
[2019-12-09T05:05:55.574+0000][1][safepoint    ] Entering safepoint region: Cleanup
[2019-12-09T05:05:55.574+0000][1][safepoint    ] Leaving safepoint region
[2019-12-09T05:05:55.574+0000][1][safepoint    ] Total time for which application threads were stopped: 0.0000816 seconds, Stopping threads took: 0.0000159 seconds
[2019-12-09T05:05:56.574+0000][1][safepoint    ] Application time: 1.0000733 seconds
[2019-12-09T05:05:56.574+0000][1][safepoint    ] Entering safepoint region: Cleanup
[2019-12-09T05:05:56.574+0000][1][safepoint    ] Leaving safepoint region
[2019-12-09T05:05:56.574+0000][1][safepoint    ] Total time for which application threads were stopped: 0.0000840 seconds, Stopping threads took: 0.0000170 seconds
[2019-12-09T05:05:58.549+0000][1][safepoint    ] Application time: 1.9752684 seconds
[2019-12-09T05:05:58.549+0000][1][safepoint    ] Entering safepoint region: Cleanup
[2019-12-09T05:05:58.549+0000][1][safepoint    ] Leaving safepoint region
[2019-12-09T05:05:58.549+0000][1][safepoint    ] Total time for which application threads were stopped: 0.0000855 seconds, Stopping threads took: 0.0000164 seconds
[2019-12-09T05:05:59.549+0000][1][safepoint    ] Application time: 1.0000756 seconds
[2019-12-09T05:05:59.549+0000][1][safepoint    ] Entering safepoint region: Cleanup
[2019-12-09T05:05:59.549+0000][1][safepoint    ] Leaving safepoint region
[2019-12-09T05:05:59.549+0000][1][safepoint    ] Total time for which application threads were stopped: 0.0000895 seconds, Stopping threads took: 0.0000175 seconds
[2019-12-09T05:06:00.550+0000][1][safepoint    ] Application time: 1.0000767 seconds
[2019-12-09T05:06:00.550+0000][1][safepoint    ] Entering safepoint region: Cleanup
[2019-12-09T05:06:00.550+0000][1][safepoint    ] Leaving safepoint region
[2019-12-09T05:06:00.550+0000][1][safepoint    ] Total time for which application threads were stopped: 0.0000867 seconds, Stopping threads took: 0.0000177 seconds
[2019-12-09T05:06:01.550+0000][1][safepoint    ] Application time: 1.0000731 seconds
[2019-12-09T05:06:01.550+0000][1][safepoint    ] Entering safepoint region: Cleanup
[2019-12-09T05:06:01.550+0000][1][safepoint    ] Leaving safepoint region
[2019-12-09T05:06:01.550+0000][1][safepoint    ] Total time for which application threads were stopped: 0.0000906 seconds, Stopping threads took: 0.0000184 seconds
[2019-12-09T05:06:02.550+0000][1][safepoint    ] Application time: 1.0000757 seconds
[2019-12-09T05:06:02.550+0000][1][safepoint    ] Entering safepoint region: Cleanup
[2019-12-09T05:06:02.550+0000][1][safepoint    ] Leaving safepoint region
[2019-12-09T05:06:02.550+0000][1][safepoint    ] Total time for which application threads were stopped: 0.0000909 seconds, Stopping threads took: 0.0000239 seconds
[2019-12-09T05:06:03.550+0000][1][safepoint    ] Application time: 1.0000838 seconds
[2019-12-09T05:06:03.550+0000][1][safepoint    ] Entering safepoint region: Cleanup
[2019-12-09T05:06:03.550+0000][1][safepoint    ] Leaving safepoint region
[2019-12-09T05:06:03.550+0000][1][safepoint    ] Total time for which application threads were stopped: 0.0001229 seconds, Stopping threads took: 0.0000244 seconds
[2019-12-09T05:06:04.550+0000][1][safepoint    ] Application time: 1.0000740 seconds
[2019-12-09T05:06:04.550+0000][1][safepoint    ] Entering safepoint region: Cleanup
[2019-12-09T05:06:04.550+0000][1][safepoint    ] Leaving safepoint region
[2019-12-09T05:06:04.550+0000][1][safepoint    ] Total time for which application threads were stopped: 0.0000861 seconds, Stopping threads took: 0.0000155 seconds
[2019-12-09T05:06:05.551+0000][1][safepoint    ] Application time: 1.0000759 seconds
[2019-12-09T05:06:05.551+0000][1][safepoint    ] Entering safepoint region: Cleanup
[2019-12-09T05:06:05.551+0000][1][safepoint    ] Leaving safepoint region
[2019-12-09T05:06:05.551+0000][1][safepoint    ] Total time for which application threads were stopped: 0.0000950 seconds, Stopping threads took: 0.0000163 seconds
[2019-12-09T05:06:06.534+0000][1][safepoint    ] Application time: 0.9829885 seconds
[2019-12-09T05:06:06.534+0000][1][safepoint    ] Entering safepoint region: GenCollectForAllocation
[2019-12-09T05:06:06.534+0000][1][gc,start     ] GC(69) Pause Young (Allocation Failure)
[2019-12-09T05:06:06.534+0000][1][gc,task      ] GC(69) Using 2 workers of 2 for evacuation
[2019-12-09T05:06:06.535+0000][1][gc,age       ] GC(69) Desired survivor size 4456448 bytes, new threshold 6 (max threshold 6)
[2019-12-09T05:06:06.535+0000][1][gc,age       ] GC(69) Age table with threshold 6 (max threshold 6)
[2019-12-09T05:06:06.535+0000][1][gc,age       ] GC(69) - age   1:       7512 bytes,       7512 total
[2019-12-09T05:06:06.535+0000][1][gc,age       ] GC(69) - age   2:        120 bytes,       7632 total
[2019-12-09T05:06:06.535+0000][1][gc,age       ] GC(69) - age   3:        272 bytes,       7904 total
[2019-12-09T05:06:06.535+0000][1][gc,age       ] GC(69) - age   4:       1016 bytes,       8920 total
[2019-12-09T05:06:06.535+0000][1][gc,age       ] GC(69) - age   5:        992 bytes,       9912 total
[2019-12-09T05:06:06.535+0000][1][gc,age       ] GC(69) - age   6:        392 bytes,      10304 total
[2019-12-09T05:06:06.535+0000][1][gc,heap      ] GC(69) ParNew: 69945K->16K(78656K)
[2019-12-09T05:06:06.535+0000][1][gc,heap      ] GC(69) CMS: 75944K->75944K(174784K)
[2019-12-09T05:06:06.535+0000][1][gc,metaspace ] GC(69) Metaspace: 80227K->80227K(1122304K)
[2019-12-09T05:06:06.535+0000][1][gc           ] GC(69) Pause Young (Allocation Failure) 142M->74M(247M) 1.563ms
[2019-12-09T05:06:06.535+0000][1][gc,cpu       ] GC(69) User=0.00s Sys=0.00s Real=0.01s
[2019-12-09T05:06:06.535+0000][1][safepoint    ] Leaving safepoint region
[2019-12-09T05:06:06.535+0000][1][safepoint    ] Total time for which application threads were stopped: 0.0017185 seconds, Stopping threads took: 0.0000184 seconds
[2019-12-09T05:06:07.536+0000][1][safepoint    ] Application time: 1.0000847 seconds
[2019-12-09T05:06:07.536+0000][1][safepoint    ] Entering safepoint region: Cleanup
[2019-12-09T05:06:07.536+0000][1][safepoint    ] Leaving safepoint region
[2019-12-09T05:06:07.536+0000][1][safepoint    ] Total time for which application threads were stopped: 0.0001044 seconds, Stopping threads took: 0.0000240 seconds
[2019-12-09T05:06:08.536+0000][1][safepoint    ] Application time: 1.0000742 seconds
[2019-12-09T05:06:08.536+0000][1][safepoint    ] Entering safepoint region: Cleanup
[2019-12-09T05:06:08.536+0000][1][safepoint    ] Leaving safepoint region
[2019-12-09T05:06:08.536+0000][1][safepoint    ] Total time for which application threads were stopped: 0.0000919 seconds, Stopping threads took: 0.0000185 seconds
[2019-12-09T05:06:09.536+0000][1][safepoint    ] Application time: 1.0000742 seconds
[2019-12-09T05:06:09.536+0000][1][safepoint    ] Entering safepoint region: Cleanup
[2019-12-09T05:06:09.536+0000][1][safepoint    ] Leaving safepoint region
[2019-12-09T05:06:09.536+0000][1][safepoint    ] Total time for which application threads were stopped: 0.0000907 seconds, Stopping threads took: 0.0000197 seconds
[2019-12-09T05:06:10.536+0000][1][safepoint    ] Application time: 1.0000749 seconds
[2019-12-09T05:06:10.536+0000][1][safepoint    ] Entering safepoint region: Cleanup
[2019-12-09T05:06:10.536+0000][1][safepoint    ] Leaving safepoint region
[2019-12-09T05:06:10.536+0000][1][safepoint    ] Total time for which application threads were stopped: 0.0000871 seconds, Stopping threads took: 0.0000172 seconds
[2019-12-09T05:06:11.536+0000][1][safepoint    ] Application time: 1.0000733 seconds
[2019-12-09T05:06:11.536+0000][1][safepoint    ] Entering safepoint region: Cleanup
[2019-12-09T05:06:11.537+0000][1][safepoint    ] Leaving safepoint region
[2019-12-09T05:06:11.537+0000][1][safepoint    ] Total time for which application threads were stopped: 0.0000867 seconds, Stopping threads took: 0.0000178 seconds
[2019-12-09T05:06:12.537+0000][1][safepoint    ] Application time: 1.0000744 seconds
[2019-12-09T05:06:12.537+0000][1][safepoint    ] Entering safepoint region: Cleanup
[2019-12-09T05:06:12.537+0000][1][safepoint    ] Leaving safepoint region
[2019-12-09T05:06:12.537+0000][1][safepoint    ] Total time for which application threads were stopped: 0.0001070 seconds, Stopping threads took: 0.0000237 seconds
[2019-12-09T05:06:13.537+0000][1][safepoint    ] Application time: 1.0000754 seconds
[2019-12-09T05:06:13.537+0000][1][safepoint    ] Entering safepoint region: Cleanup
[2019-12-09T05:06:13.537+0000][1][safepoint    ] Leaving safepoint region
[2019-12-09T05:06:13.537+0000][1][safepoint    ] Total time for which application threads were stopped: 0.0000869 seconds, Stopping threads took: 0.0000179 seconds
[2019-12-09T05:06:14.537+0000][1][safepoint    ] Application time: 1.0000762 seconds
[2019-12-09T05:06:14.537+0000][1][safepoint    ] Entering safepoint region: Cleanup
[2019-12-09T05:06:14.537+0000][1][safepoint    ] Leaving safepoint region
[2019-12-09T05:06:14.537+0000][1][safepoint    ] Total time for which application threads were stopped: 0.0000876 seconds, Stopping threads took: 0.0000169 seconds
[2019-12-09T05:06:15.537+0000][1][safepoint    ] Application time: 1.0000744 seconds
[2019-12-09T05:06:15.537+0000][1][safepoint    ] Entering safepoint region: Cleanup
[2019-12-09T05:06:15.537+0000][1][safepoint    ] Leaving safepoint region
[2019-12-09T05:06:15.537+0000][1][safepoint    ] Total time for which application threads were stopped: 0.0000884 seconds, Stopping threads took: 0.0000190 seconds
[2019-12-09T05:06:16.537+0000][1][safepoint    ] Application time: 1.0000761 seconds
[2019-12-09T05:06:16.538+0000][1][safepoint    ] Entering safepoint region: Cleanup
[2019-12-09T05:06:16.538+0000][1][safepoint    ] Leaving safepoint region
[2019-12-09T05:06:16.538+0000][1][safepoint    ] Total time for which application threads were stopped: 0.0000880 seconds, Stopping threads took: 0.0000177 seconds
[2019-12-09T05:06:17.538+0000][1][safepoint    ] Application time: 1.0000752 seconds
[2019-12-09T05:06:17.538+0000][1][safepoint    ] Entering safepoint region: Cleanup
[2019-12-09T05:06:17.538+0000][1][safepoint    ] Leaving safepoint region
[2019-12-09T05:06:17.538+0000][1][safepoint    ] Total time for which application threads were stopped: 0.0000887 seconds, Stopping threads took: 0.0000175 seconds
[2019-12-09T05:06:18.538+0000][1][safepoint    ] Application time: 1.0000755 seconds
[2019-12-09T05:06:18.538+0000][1][safepoint    ] Entering safepoint region: Cleanup
[2019-12-09T05:06:18.538+0000][1][safepoint    ] Leaving safepoint region
[2019-12-09T05:06:18.538+0000][1][safepoint    ] Total time for which application threads were stopped: 0.0000897 seconds, Stopping threads took: 0.0000187 seconds
[2019-12-09T05:06:19.538+0000][1][safepoint    ] Application time: 1.0000736 seconds
[2019-12-09T05:06:19.538+0000][1][safepoint    ] Entering safepoint region: Cleanup
[2019-12-09T05:06:19.538+0000][1][safepoint    ] Leaving safepoint region
[2019-12-09T05:06:19.538+0000][1][safepoint    ] Total time for which application threads were stopped: 0.0000874 seconds, Stopping threads took: 0.0000178 seconds
[2019-12-09T05:06:20.538+0000][1][safepoint    ] Application time: 1.0000749 seconds
[2019-12-09T05:06:20.538+0000][1][safepoint    ] Entering safepoint region: Cleanup
[2019-12-09T05:06:20.538+0000][1][safepoint    ] Leaving safepoint region
[2019-12-09T05:06:20.538+0000][1][safepoint    ] Total time for which application threads were stopped: 0.0000859 seconds, Stopping threads took: 0.0000167 seconds
[2019-12-09T05:06:21.539+0000][1][safepoint    ] Application time: 1.0000757 seconds
[2019-12-09T05:06:21.539+0000][1][safepoint    ] Entering safepoint region: Cleanup
[2019-12-09T05:06:21.539+0000][1][safepoint    ] Leaving safepoint region
[2019-12-09T05:06:21.539+0000][1][safepoint    ] Total time for which application threads were stopped: 0.0000947 seconds, Stopping threads took: 0.0000180 seconds
[2019-12-09T05:06:22.539+0000][1][safepoint    ] Application time: 1.0000765 seconds
[2019-12-09T05:06:22.539+0000][1][safepoint    ] Entering safepoint region: Cleanup
[2019-12-09T05:06:22.539+0000][1][safepoint    ] Leaving safepoint region
[2019-12-09T05:06:22.539+0000][1][safepoint    ] Total time for which application threads were stopped: 0.0000878 seconds, Stopping threads took: 0.0000168 seconds
[2019-12-09T05:06:23.539+0000][1][safepoint    ] Application time: 1.0000755 seconds
[2019-12-09T05:06:23.539+0000][1][safepoint    ] Entering safepoint region: Cleanup
[2019-12-09T05:06:23.539+0000][1][safepoint    ] Leaving safepoint region
[2019-12-09T05:06:23.539+0000][1][safepoint    ] Total time for which application threads were stopped: 0.0000871 seconds, Stopping threads took: 0.0000163 seconds
[2019-12-09T05:06:24.539+0000][1][safepoint    ] Application time: 1.0000781 seconds
[2019-12-09T05:06:24.539+0000][1][safepoint    ] Entering safepoint region: Cleanup
[2019-12-09T05:06:24.539+0000][1][safepoint    ] Leaving safepoint region
[2019-12-09T05:06:24.539+0000][1][safepoint    ] Total time for which application threads were stopped: 0.0000878 seconds, Stopping threads took: 0.0000180 seconds
[2019-12-09T05:06:25.539+0000][1][safepoint    ] Application time: 1.0000781 seconds
[2019-12-09T05:06:25.539+0000][1][safepoint    ] Entering safepoint region: Cleanup
[2019-12-09T05:06:25.539+0000][1][safepoint    ] Leaving safepoint region
[2019-12-09T05:06:25.539+0000][1][safepoint    ] Total time for which application threads were stopped: 0.0000883 seconds, Stopping threads took: 0.0000180 seconds
[2019-12-09T05:06:26.540+0000][1][safepoint    ] Application time: 1.0000793 seconds
[2019-12-09T05:06:26.540+0000][1][safepoint    ] Entering safepoint region: Cleanup
[2019-12-09T05:06:26.540+0000][1][safepoint    ] Leaving safepoint region
[2019-12-09T05:06:26.540+0000][1][safepoint    ] Total time for which application threads were stopped: 0.0001027 seconds, Stopping threads took: 0.0000179 seconds
[2019-12-09T05:06:27.540+0000][1][safepoint    ] Application time: 1.0000750 seconds
[2019-12-09T05:06:27.540+0000][1][safepoint    ] Entering safepoint region: Cleanup
[2019-12-09T05:06:27.540+0000][1][safepoint    ] Leaving safepoint region
[2019-12-09T05:06:27.540+0000][1][safepoint    ] Total time for which application threads were stopped: 0.0000863 seconds, Stopping threads took: 0.0000160 seconds
[2019-12-09T05:06:28.540+0000][1][safepoint    ] Application time: 1.0000781 seconds
[2019-12-09T05:06:28.540+0000][1][safepoint    ] Entering safepoint region: Cleanup
[2019-12-09T05:06:28.540+0000][1][safepoint    ] Leaving safepoint region
[2019-12-09T05:06:28.540+0000][1][safepoint    ] Total time for which application threads were stopped: 0.0000901 seconds, Stopping threads took: 0.0000176 seconds
[2019-12-09T05:06:29.540+0000][1][safepoint    ] Application time: 1.0000806 seconds
[2019-12-09T05:06:29.540+0000][1][safepoint    ] Entering safepoint region: Cleanup
[2019-12-09T05:06:29.540+0000][1][safepoint    ] Leaving safepoint region
[2019-12-09T05:06:29.540+0000][1][safepoint    ] Total time for which application threads were stopped: 0.0000881 seconds, Stopping threads took: 0.0000186 seconds
[2019-12-09T05:06:30.540+0000][1][safepoint    ] Application time: 1.0000807 seconds
[2019-12-09T05:06:30.540+0000][1][safepoint    ] Entering safepoint region: Cleanup
[2019-12-09T05:06:30.541+0000][1][safepoint    ] Leaving safepoint region
[2019-12-09T05:06:30.541+0000][1][safepoint    ] Total time for which application threads were stopped: 0.0000855 seconds, Stopping threads took: 0.0000168 seconds
[2019-12-09T05:06:31.541+0000][1][safepoint    ] Application time: 1.0000794 seconds
[2019-12-09T05:06:31.541+0000][1][safepoint    ] Entering safepoint region: Cleanup
[2019-12-09T05:06:31.541+0000][1][safepoint    ] Leaving safepoint region
[2019-12-09T05:06:31.541+0000][1][safepoint    ] Total time for which application threads were stopped: 0.0000975 seconds, Stopping threads took: 0.0000183 seconds
[2019-12-09T05:06:32.541+0000][1][safepoint    ] Application time: 1.0000789 seconds
[2019-12-09T05:06:32.541+0000][1][safepoint    ] Entering safepoint region: Cleanup
[2019-12-09T05:06:32.541+0000][1][safepoint    ] Leaving safepoint region
[2019-12-09T05:06:32.541+0000][1][safepoint    ] Total time for which application threads were stopped: 0.0000867 seconds, Stopping threads took: 0.0000175 seconds
[2019-12-09T05:06:33.541+0000][1][safepoint    ] Application time: 1.0000777 seconds
[2019-12-09T05:06:33.541+0000][1][safepoint    ] Entering safepoint region: Cleanup
[2019-12-09T05:06:33.541+0000][1][safepoint    ] Leaving safepoint region
[2019-12-09T05:06:33.541+0000][1][safepoint    ] Total time for which application threads were stopped: 0.0000904 seconds, Stopping threads took: 0.0000184 seconds
[2019-12-09T05:06:34.541+0000][1][safepoint    ] Application time: 1.0000764 seconds
[2019-12-09T05:06:34.541+0000][1][safepoint    ] Entering safepoint region: Cleanup
[2019-12-09T05:06:34.541+0000][1][safepoint    ] Leaving safepoint region
[2019-12-09T05:06:34.541+0000][1][safepoint    ] Total time for which application threads were stopped: 0.0000879 seconds, Stopping threads took: 0.0000180 seconds
[2019-12-09T05:06:35.542+0000][1][safepoint    ] Application time: 1.0003528 seconds
[2019-12-09T05:06:35.542+0000][1][safepoint    ] Entering safepoint region: Cleanup
[2019-12-09T05:06:35.542+0000][1][safepoint    ] Leaving safepoint region
[2019-12-09T05:06:35.542+0000][1][safepoint    ] Total time for which application threads were stopped: 0.0001215 seconds, Stopping threads took: 0.0000236 seconds
[2019-12-09T05:06:36.542+0000][1][safepoint    ] Application time: 1.0000822 seconds
[2019-12-09T05:06:36.542+0000][1][safepoint    ] Entering safepoint region: Cleanup
[2019-12-09T05:06:36.542+0000][1][safepoint    ] Leaving safepoint region
[2019-12-09T05:06:36.542+0000][1][safepoint    ] Total time for which application threads were stopped: 0.0000890 seconds, Stopping threads took: 0.0000188 seconds
[2019-12-09T05:06:37.542+0000][1][safepoint    ] Application time: 1.0000785 seconds
[2019-12-09T05:06:37.542+0000][1][safepoint    ] Entering safepoint region: Cleanup
[2019-12-09T05:06:37.542+0000][1][safepoint    ] Leaving safepoint region
[2019-12-09T05:06:37.542+0000][1][safepoint    ] Total time for which application threads were stopped: 0.0000909 seconds, Stopping threads took: 0.0000193 seconds
[2019-12-09T05:06:38.542+0000][1][safepoint    ] Application time: 1.0000791 seconds
[2019-12-09T05:06:38.542+0000][1][safepoint    ] Entering safepoint region: Cleanup
[2019-12-09T05:06:38.543+0000][1][safepoint    ] Leaving safepoint region
[2019-12-09T05:06:38.543+0000][1][safepoint    ] Total time for which application threads were stopped: 0.0000905 seconds, Stopping threads took: 0.0000192 seconds
[2019-12-09T05:06:39.543+0000][1][safepoint    ] Application time: 1.0000780 seconds
[2019-12-09T05:06:39.543+0000][1][safepoint    ] Entering safepoint region: Cleanup
[2019-12-09T05:06:39.543+0000][1][safepoint    ] Leaving safepoint region
[2019-12-09T05:06:39.543+0000][1][safepoint    ] Total time for which application threads were stopped: 0.0000977 seconds, Stopping threads took: 0.0000278 seconds
[2019-12-09T05:06:40.543+0000][1][safepoint    ] Application time: 1.0000774 seconds
[2019-12-09T05:06:40.543+0000][1][safepoint    ] Entering safepoint region: Cleanup
[2019-12-09T05:06:40.543+0000][1][safepoint    ] Leaving safepoint region
[2019-12-09T05:06:40.543+0000][1][safepoint    ] Total time for which application threads were stopped: 0.0000885 seconds, Stopping threads took: 0.0000176 seconds
[2019-12-09T05:06:41.543+0000][1][safepoint    ] Application time: 1.0000789 seconds
[2019-12-09T05:06:41.543+0000][1][safepoint    ] Entering safepoint region: Cleanup
[2019-12-09T05:06:41.543+0000][1][safepoint    ] Leaving safepoint region
[2019-12-09T05:06:41.543+0000][1][safepoint    ] Total time for which application threads were stopped: 0.0000891 seconds, Stopping threads took: 0.0000192 seconds
[2019-12-09T05:06:42.572+0000][1][safepoint    ] Application time: 1.0284667 seconds
[2019-12-09T05:06:42.572+0000][1][safepoint    ] Entering safepoint region: Cleanup
[2019-12-09T05:06:42.572+0000][1][safepoint    ] Leaving safepoint region
[2019-12-09T05:06:42.572+0000][1][safepoint    ] Total time for which application threads were stopped: 0.0000914 seconds, Stopping threads took: 0.0000232 seconds
[2019-12-09T05:06:43.572+0000][1][safepoint    ] Application time: 1.0000770 seconds
[2019-12-09T05:06:43.572+0000][1][safepoint    ] Entering safepoint region: Cleanup
[2019-12-09T05:06:43.572+0000][1][safepoint    ] Leaving safepoint region
[2019-12-09T05:06:43.572+0000][1][safepoint    ] Total time for which application threads were stopped: 0.0000900 seconds, Stopping threads took: 0.0000177 seconds
[2019-12-09T05:06:44.572+0000][1][safepoint    ] Application time: 1.0000766 seconds
[2019-12-09T05:06:44.572+0000][1][safepoint    ] Entering safepoint region: Cleanup
[2019-12-09T05:06:44.572+0000][1][safepoint    ] Leaving safepoint region
[2019-12-09T05:06:44.572+0000][1][safepoint    ] Total time for which application threads were stopped: 0.0000873 seconds, Stopping threads took: 0.0000175 seconds
[2019-12-09T05:06:45.572+0000][1][safepoint    ] Application time: 1.0000892 seconds
[2019-12-09T05:06:45.572+0000][1][safepoint    ] Entering safepoint region: Cleanup
[2019-12-09T05:06:45.572+0000][1][safepoint    ] Leaving safepoint region
[2019-12-09T05:06:45.572+0000][1][safepoint    ] Total time for which application threads were stopped: 0.0001280 seconds, Stopping threads took: 0.0000246 seconds
[2019-12-09T05:06:46.573+0000][1][safepoint    ] Application time: 1.0000814 seconds
[2019-12-09T05:06:46.573+0000][1][safepoint    ] Entering safepoint region: Cleanup
[2019-12-09T05:06:46.573+0000][1][safepoint    ] Leaving safepoint region
[2019-12-09T05:06:46.573+0000][1][safepoint    ] Total time for which application threads were stopped: 0.0000970 seconds, Stopping threads took: 0.0000191 seconds
[2019-12-09T05:06:47.573+0000][1][safepoint    ] Application time: 1.0000759 seconds
[2019-12-09T05:06:47.573+0000][1][safepoint    ] Entering safepoint region: Cleanup
[2019-12-09T05:06:47.573+0000][1][safepoint    ] Leaving safepoint region
[2019-12-09T05:06:47.573+0000][1][safepoint    ] Total time for which application threads were stopped: 0.0000872 seconds, Stopping threads took: 0.0000175 seconds
[2019-12-09T05:06:48.573+0000][1][safepoint    ] Application time: 1.0000831 seconds
[2019-12-09T05:06:48.573+0000][1][safepoint    ] Entering safepoint region: Cleanup
[2019-12-09T05:06:48.573+0000][1][safepoint    ] Leaving safepoint region
[2019-12-09T05:06:48.573+0000][1][safepoint    ] Total time for which application threads were stopped: 0.0001242 seconds, Stopping threads took: 0.0000248 seconds
[2019-12-09T05:06:49.573+0000][1][safepoint    ] Application time: 1.0000838 seconds
[2019-12-09T05:06:49.573+0000][1][safepoint    ] Entering safepoint region: Cleanup
[2019-12-09T05:06:49.573+0000][1][safepoint    ] Leaving safepoint region
[2019-12-09T05:06:49.573+0000][1][safepoint    ] Total time for which application threads were stopped: 0.0000900 seconds, Stopping threads took: 0.0000195 seconds
[2019-12-09T05:06:50.574+0000][1][safepoint    ] Application time: 1.0000821 seconds
[2019-12-09T05:06:50.574+0000][1][safepoint    ] Entering safepoint region: Cleanup
[2019-12-09T05:06:50.574+0000][1][safepoint    ] Leaving safepoint region
[2019-12-09T05:06:50.574+0000][1][safepoint    ] Total time for which application threads were stopped: 0.0000894 seconds, Stopping threads took: 0.0000187 seconds
[2019-12-09T05:06:51.574+0000][1][safepoint    ] Application time: 1.0000903 seconds
[2019-12-09T05:06:51.574+0000][1][safepoint    ] Entering safepoint region: Cleanup
[2019-12-09T05:06:51.574+0000][1][safepoint    ] Leaving safepoint region
[2019-12-09T05:06:51.574+0000][1][safepoint    ] Total time for which application threads were stopped: 0.0001216 seconds, Stopping threads took: 0.0000243 seconds
[2019-12-09T05:06:52.574+0000][1][safepoint    ] Application time: 1.0000776 seconds
[2019-12-09T05:06:52.574+0000][1][safepoint    ] Entering safepoint region: Cleanup
[2019-12-09T05:06:52.574+0000][1][safepoint    ] Leaving safepoint region
[2019-12-09T05:06:52.574+0000][1][safepoint    ] Total time for which application threads were stopped: 0.0000945 seconds, Stopping threads took: 0.0000241 seconds
[2019-12-09T05:06:53.574+0000][1][safepoint    ] Application time: 1.0000816 seconds
[2019-12-09T05:06:53.574+0000][1][safepoint    ] Entering safepoint region: Cleanup
[2019-12-09T05:06:53.574+0000][1][safepoint    ] Leaving safepoint region
[2019-12-09T05:06:53.574+0000][1][safepoint    ] Total time for which application threads were stopped: 0.0000908 seconds, Stopping threads took: 0.0000178 seconds
[2019-12-09T05:06:54.574+0000][1][safepoint    ] Application time: 1.0000767 seconds
[2019-12-09T05:06:54.574+0000][1][safepoint    ] Entering safepoint region: Cleanup
[2019-12-09T05:06:54.575+0000][1][safepoint    ] Leaving safepoint region
[2019-12-09T05:06:54.575+0000][1][safepoint    ] Total time for which application threads were stopped: 0.0000870 seconds, Stopping threads took: 0.0000172 seconds
[2019-12-09T05:06:55.575+0000][1][safepoint    ] Application time: 1.0000765 seconds
[2019-12-09T05:06:55.575+0000][1][safepoint    ] Entering safepoint region: Cleanup
[2019-12-09T05:06:55.575+0000][1][safepoint    ] Leaving safepoint region
[2019-12-09T05:06:55.575+0000][1][safepoint    ] Total time for which application threads were stopped: 0.0000896 seconds, Stopping threads took: 0.0000180 seconds
[2019-12-09T05:06:56.575+0000][1][safepoint    ] Application time: 1.0000738 seconds
[2019-12-09T05:06:56.575+0000][1][safepoint    ] Entering safepoint region: Cleanup
[2019-12-09T05:06:56.575+0000][1][safepoint    ] Leaving safepoint region
[2019-12-09T05:06:56.575+0000][1][safepoint    ] Total time for which application threads were stopped: 0.0000886 seconds, Stopping threads took: 0.0000177 seconds
[2019-12-09T05:06:57.575+0000][1][safepoint    ] Application time: 1.0000753 seconds
[2019-12-09T05:06:57.575+0000][1][safepoint    ] Entering safepoint region: Cleanup
[2019-12-09T05:06:57.575+0000][1][safepoint    ] Leaving safepoint region
[2019-12-09T05:06:57.575+0000][1][safepoint    ] Total time for which application threads were stopped: 0.0000918 seconds, Stopping threads took: 0.0000229 seconds
[2019-12-09T05:06:58.575+0000][1][safepoint    ] Application time: 1.0000771 seconds
[2019-12-09T05:06:58.575+0000][1][safepoint    ] Entering safepoint region: Cleanup
[2019-12-09T05:06:58.575+0000][1][safepoint    ] Leaving safepoint region
[2019-12-09T05:06:58.575+0000][1][safepoint    ] Total time for which application threads were stopped: 0.0000907 seconds, Stopping threads took: 0.0000198 seconds
[2019-12-09T05:06:59.576+0000][1][safepoint    ] Application time: 1.0000762 seconds
[2019-12-09T05:06:59.576+0000][1][safepoint    ] Entering safepoint region: Cleanup
[2019-12-09T05:06:59.576+0000][1][safepoint    ] Leaving safepoint region
[2019-12-09T05:06:59.576+0000][1][safepoint    ] Total time for which application threads were stopped: 0.0000896 seconds, Stopping threads took: 0.0000180 seconds
[2019-12-09T05:07:00.576+0000][1][safepoint    ] Application time: 1.0000753 seconds
[2019-12-09T05:07:00.576+0000][1][safepoint    ] Entering safepoint region: Cleanup
[2019-12-09T05:07:00.576+0000][1][safepoint    ] Leaving safepoint region
[2019-12-09T05:07:00.576+0000][1][safepoint    ] Total time for which application threads were stopped: 0.0000923 seconds, Stopping threads took: 0.0000187 seconds
[2019-12-09T05:07:01.576+0000][1][safepoint    ] Application time: 1.0000875 seconds
[2019-12-09T05:07:01.576+0000][1][safepoint    ] Entering safepoint region: Cleanup
[2019-12-09T05:07:01.576+0000][1][safepoint    ] Leaving safepoint region
[2019-12-09T05:07:01.576+0000][1][safepoint    ] Total time for which application threads were stopped: 0.0001250 seconds, Stopping threads took: 0.0000253 seconds
[2019-12-09T05:07:02.576+0000][1][safepoint    ] Application time: 1.0000777 seconds
[2019-12-09T05:07:02.576+0000][1][safepoint    ] Entering safepoint region: Cleanup
[2019-12-09T05:07:02.576+0000][1][safepoint    ] Leaving safepoint region
[2019-12-09T05:07:02.576+0000][1][safepoint    ] Total time for which application threads were stopped: 0.0000888 seconds, Stopping threads took: 0.0000173 seconds
[2019-12-09T05:07:03.576+0000][1][safepoint    ] Application time: 1.0000785 seconds
[2019-12-09T05:07:03.576+0000][1][safepoint    ] Entering safepoint region: Cleanup
[2019-12-09T05:07:03.577+0000][1][safepoint    ] Leaving safepoint region
[2019-12-09T05:07:03.577+0000][1][safepoint    ] Total time for which application threads were stopped: 0.0000902 seconds, Stopping threads took: 0.0000186 seconds
[2019-12-09T05:07:04.577+0000][1][safepoint    ] Application time: 1.0000768 seconds
[2019-12-09T05:07:04.577+0000][1][safepoint    ] Entering safepoint region: Cleanup
[2019-12-09T05:07:04.577+0000][1][safepoint    ] Leaving safepoint region
[2019-12-09T05:07:04.577+0000][1][safepoint    ] Total time for which application threads were stopped: 0.0001027 seconds, Stopping threads took: 0.0000305 seconds
[2019-12-09T05:07:05.577+0000][1][safepoint    ] Application time: 1.0000772 seconds
[2019-12-09T05:07:05.577+0000][1][safepoint    ] Entering safepoint region: Cleanup
[2019-12-09T05:07:05.577+0000][1][safepoint    ] Leaving safepoint region
[2019-12-09T05:07:05.577+0000][1][safepoint    ] Total time for which application threads were stopped: 0.0000919 seconds, Stopping threads took: 0.0000193 seconds
[2019-12-09T05:07:06.577+0000][1][safepoint    ] Application time: 1.0000757 seconds
[2019-12-09T05:07:06.577+0000][1][safepoint    ] Entering safepoint region: Cleanup
[2019-12-09T05:07:06.577+0000][1][safepoint    ] Leaving safepoint region
[2019-12-09T05:07:06.577+0000][1][safepoint    ] Total time for which application threads were stopped: 0.0000892 seconds, Stopping threads took: 0.0000178 seconds
[2019-12-09T05:07:07.577+0000][1][safepoint    ] Application time: 1.0000741 seconds
[2019-12-09T05:07:07.577+0000][1][safepoint    ] Entering safepoint region: Cleanup
[2019-12-09T05:07:07.577+0000][1][safepoint    ] Leaving safepoint region
[2019-12-09T05:07:07.577+0000][1][safepoint    ] Total time for which application threads were stopped: 0.0000933 seconds, Stopping threads took: 0.0000218 seconds
[2019-12-09T05:07:08.577+0000][1][safepoint    ] Application time: 1.0000767 seconds
[2019-12-09T05:07:08.578+0000][1][safepoint    ] Entering safepoint region: Cleanup
[2019-12-09T05:07:08.578+0000][1][safepoint    ] Leaving safepoint region
[2019-12-09T05:07:08.578+0000][1][safepoint    ] Total time for which application threads were stopped: 0.0000885 seconds, Stopping threads took: 0.0000187 seconds
[2019-12-09T05:07:09.578+0000][1][safepoint    ] Application time: 1.0000833 seconds
[2019-12-09T05:07:09.578+0000][1][safepoint    ] Entering safepoint region: Cleanup
[2019-12-09T05:07:09.578+0000][1][safepoint    ] Leaving safepoint region
[2019-12-09T05:07:09.578+0000][1][safepoint    ] Total time for which application threads were stopped: 0.0000917 seconds, Stopping threads took: 0.0000193 seconds
[2019-12-09T05:07:10.578+0000][1][safepoint    ] Application time: 1.0000749 seconds
[2019-12-09T05:07:10.578+0000][1][safepoint    ] Entering safepoint region: Cleanup
[2019-12-09T05:07:10.578+0000][1][safepoint    ] Leaving safepoint region
[2019-12-09T05:07:10.578+0000][1][safepoint    ] Total time for which application threads were stopped: 0.0000891 seconds, Stopping threads took: 0.0000186 seconds
[2019-12-09T05:07:11.578+0000][1][safepoint    ] Application time: 1.0000804 seconds
[2019-12-09T05:07:11.578+0000][1][safepoint    ] Entering safepoint region: Cleanup
[2019-12-09T05:07:11.578+0000][1][safepoint    ] Leaving safepoint region
[2019-12-09T05:07:11.578+0000][1][safepoint    ] Total time for which application threads were stopped: 0.0001108 seconds, Stopping threads took: 0.0000218 seconds
[2019-12-09T05:07:12.578+0000][1][safepoint    ] Application time: 1.0000742 seconds
[2019-12-09T05:07:12.578+0000][1][safepoint    ] Entering safepoint region: Cleanup
[2019-12-09T05:07:12.578+0000][1][safepoint    ] Leaving safepoint region
[2019-12-09T05:07:12.578+0000][1][safepoint    ] Total time for which application threads were stopped: 0.0001077 seconds, Stopping threads took: 0.0000222 seconds
[2019-12-09T05:07:13.579+0000][1][safepoint    ] Application time: 1.0000727 seconds
[2019-12-09T05:07:13.579+0000][1][safepoint    ] Entering safepoint region: Cleanup
[2019-12-09T05:07:13.579+0000][1][safepoint    ] Leaving safepoint region
[2019-12-09T05:07:13.579+0000][1][safepoint    ] Total time for which application threads were stopped: 0.0000997 seconds, Stopping threads took: 0.0000163 seconds
[2019-12-09T05:07:14.579+0000][1][safepoint    ] Application time: 1.0000758 seconds
[2019-12-09T05:07:14.579+0000][1][safepoint    ] Entering safepoint region: Cleanup
[2019-12-09T05:07:14.579+0000][1][safepoint    ] Leaving safepoint region
[2019-12-09T05:07:14.579+0000][1][safepoint    ] Total time for which application threads were stopped: 0.0000885 seconds, Stopping threads took: 0.0000177 seconds
[2019-12-09T05:07:15.579+0000][1][safepoint    ] Application time: 1.0000793 seconds
[2019-12-09T05:07:15.579+0000][1][safepoint    ] Entering safepoint region: Cleanup
[2019-12-09T05:07:15.579+0000][1][safepoint    ] Leaving safepoint region
[2019-12-09T05:07:15.579+0000][1][safepoint    ] Total time for which application threads were stopped: 0.0000885 seconds, Stopping threads took: 0.0000176 seconds
[2019-12-09T05:07:16.579+0000][1][safepoint    ] Application time: 1.0000739 seconds
[2019-12-09T05:07:16.579+0000][1][safepoint    ] Entering safepoint region: Cleanup
[2019-12-09T05:07:16.579+0000][1][safepoint    ] Leaving safepoint region
[2019-12-09T05:07:16.579+0000][1][safepoint    ] Total time for which application threads were stopped: 0.0000874 seconds, Stopping threads took: 0.0000188 seconds
[2019-12-09T05:07:17.579+0000][1][safepoint    ] Application time: 1.0000749 seconds
[2019-12-09T05:07:17.579+0000][1][safepoint    ] Entering safepoint region: Cleanup
[2019-12-09T05:07:17.580+0000][1][safepoint    ] Leaving safepoint region
[2019-12-09T05:07:17.580+0000][1][safepoint    ] Total time for which application threads were stopped: 0.0000896 seconds, Stopping threads took: 0.0000172 seconds
[2019-12-09T05:07:18.580+0000][1][safepoint    ] Application time: 1.0000778 seconds
[2019-12-09T05:07:18.580+0000][1][safepoint    ] Entering safepoint region: Cleanup
[2019-12-09T05:07:18.580+0000][1][safepoint    ] Leaving safepoint region
[2019-12-09T05:07:18.580+0000][1][safepoint    ] Total time for which application threads were stopped: 0.0000967 seconds, Stopping threads took: 0.0000276 seconds
[2019-12-09T05:07:19.580+0000][1][safepoint    ] Application time: 1.0000763 seconds
[2019-12-09T05:07:19.580+0000][1][safepoint    ] Entering safepoint region: Cleanup
[2019-12-09T05:07:19.580+0000][1][safepoint    ] Leaving safepoint region
[2019-12-09T05:07:19.580+0000][1][safepoint    ] Total time for which application threads were stopped: 0.0000896 seconds, Stopping threads took: 0.0000190 seconds
[2019-12-09T05:07:20.580+0000][1][safepoint    ] Application time: 1.0000753 seconds
[2019-12-09T05:07:20.580+0000][1][safepoint    ] Entering safepoint region: Cleanup
[2019-12-09T05:07:20.580+0000][1][safepoint    ] Leaving safepoint region
[2019-12-09T05:07:20.580+0000][1][safepoint    ] Total time for which application threads were stopped: 0.0000903 seconds, Stopping threads took: 0.0000182 seconds
[2019-12-09T05:07:21.580+0000][1][safepoint    ] Application time: 1.0000813 seconds
[2019-12-09T05:07:21.580+0000][1][safepoint    ] Entering safepoint region: Cleanup
[2019-12-09T05:07:21.580+0000][1][safepoint    ] Leaving safepoint region
[2019-12-09T05:07:21.580+0000][1][safepoint    ] Total time for which application threads were stopped: 0.0001211 seconds, Stopping threads took: 0.0000235 seconds
[2019-12-09T05:07:22.581+0000][1][safepoint    ] Application time: 1.0000760 seconds
[2019-12-09T05:07:22.581+0000][1][safepoint    ] Entering safepoint region: Cleanup
[2019-12-09T05:07:22.581+0000][1][safepoint    ] Leaving safepoint region
[2019-12-09T05:07:22.581+0000][1][safepoint    ] Total time for which application threads were stopped: 0.0000955 seconds, Stopping threads took: 0.0000238 seconds
[2019-12-09T05:07:23.581+0000][1][safepoint    ] Application time: 1.0000774 seconds
[2019-12-09T05:07:23.581+0000][1][safepoint    ] Entering safepoint region: Cleanup
[2019-12-09T05:07:23.581+0000][1][safepoint    ] Leaving safepoint region
[2019-12-09T05:07:23.581+0000][1][safepoint    ] Total time for which application threads were stopped: 0.0000851 seconds, Stopping threads took: 0.0000165 seconds
[2019-12-09T05:07:24.581+0000][1][safepoint    ] Application time: 1.0000757 seconds
[2019-12-09T05:07:24.581+0000][1][safepoint    ] Entering safepoint region: Cleanup
[2019-12-09T05:07:24.581+0000][1][safepoint    ] Leaving safepoint region
[2019-12-09T05:07:24.581+0000][1][safepoint    ] Total time for which application threads were stopped: 0.0000866 seconds, Stopping threads took: 0.0000173 seconds
[2019-12-09T05:07:25.581+0000][1][safepoint    ] Application time: 1.0000776 seconds
[2019-12-09T05:07:25.581+0000][1][safepoint    ] Entering safepoint region: Cleanup
[2019-12-09T05:07:25.581+0000][1][safepoint    ] Leaving safepoint region
[2019-12-09T05:07:25.581+0000][1][safepoint    ] Total time for which application threads were stopped: 0.0000907 seconds, Stopping threads took: 0.0000190 seconds
[2019-12-09T05:07:26.581+0000][1][safepoint    ] Application time: 1.0000768 seconds
[2019-12-09T05:07:26.581+0000][1][safepoint    ] Entering safepoint region: Cleanup
[2019-12-09T05:07:26.581+0000][1][safepoint    ] Leaving safepoint region
[2019-12-09T05:07:26.581+0000][1][safepoint    ] Total time for which application threads were stopped: 0.0000888 seconds, Stopping threads took: 0.0000176 seconds
[2019-12-09T05:07:27.582+0000][1][safepoint    ] Application time: 1.0000745 seconds
[2019-12-09T05:07:27.582+0000][1][safepoint    ] Entering safepoint region: Cleanup
[2019-12-09T05:07:27.582+0000][1][safepoint    ] Leaving safepoint region
[2019-12-09T05:07:27.582+0000][1][safepoint    ] Total time for which application threads were stopped: 0.0000869 seconds, Stopping threads took: 0.0000162 seconds
[2019-12-09T05:07:28.582+0000][1][safepoint    ] Application time: 1.0000778 seconds
[2019-12-09T05:07:28.582+0000][1][safepoint    ] Entering safepoint region: Cleanup
[2019-12-09T05:07:28.582+0000][1][safepoint    ] Leaving safepoint region
[2019-12-09T05:07:28.582+0000][1][safepoint    ] Total time for which application threads were stopped: 0.0000883 seconds, Stopping threads took: 0.0000179 seconds
[2019-12-09T05:07:29.582+0000][1][safepoint    ] Application time: 1.0000777 seconds
[2019-12-09T05:07:29.582+0000][1][safepoint    ] Entering safepoint region: Cleanup
[2019-12-09T05:07:29.582+0000][1][safepoint    ] Leaving safepoint region
[2019-12-09T05:07:29.582+0000][1][safepoint    ] Total time for which application threads were stopped: 0.0000964 seconds, Stopping threads took: 0.0000259 seconds
[2019-12-09T05:07:30.582+0000][1][safepoint    ] Application time: 1.0000753 seconds
[2019-12-09T05:07:30.582+0000][1][safepoint    ] Entering safepoint region: Cleanup
[2019-12-09T05:07:30.582+0000][1][safepoint    ] Leaving safepoint region
[2019-12-09T05:07:30.582+0000][1][safepoint    ] Total time for which application threads were stopped: 0.0000917 seconds, Stopping threads took: 0.0000195 seconds
[2019-12-09T05:07:31.582+0000][1][safepoint    ] Application time: 1.0000880 seconds
[2019-12-09T05:07:31.582+0000][1][safepoint    ] Entering safepoint region: Cleanup
[2019-12-09T05:07:31.583+0000][1][safepoint    ] Leaving safepoint region
[2019-12-09T05:07:31.583+0000][1][safepoint    ] Total time for which application threads were stopped: 0.0001260 seconds, Stopping threads took: 0.0000257 seconds
[2019-12-09T05:07:32.583+0000][1][safepoint    ] Application time: 1.0000769 seconds
[2019-12-09T05:07:32.583+0000][1][safepoint    ] Entering safepoint region: Cleanup
[2019-12-09T05:07:32.583+0000][1][safepoint    ] Leaving safepoint region
[2019-12-09T05:07:32.583+0000][1][safepoint    ] Total time for which application threads were stopped: 0.0000888 seconds, Stopping threads took: 0.0000186 seconds
[2019-12-09T05:07:33.583+0000][1][safepoint    ] Application time: 1.0000770 seconds
[2019-12-09T05:07:33.583+0000][1][safepoint    ] Entering safepoint region: Cleanup
[2019-12-09T05:07:33.583+0000][1][safepoint    ] Leaving safepoint region
[2019-12-09T05:07:33.583+0000][1][safepoint    ] Total time for which application threads were stopped: 0.0000910 seconds, Stopping threads took: 0.0000176 seconds
[2019-12-09T05:07:34.583+0000][1][safepoint    ] Application time: 1.0000758 seconds
[2019-12-09T05:07:34.583+0000][1][safepoint    ] Entering safepoint region: Cleanup
[2019-12-09T05:07:34.583+0000][1][safepoint    ] Leaving safepoint region
[2019-12-09T05:07:34.583+0000][1][safepoint    ] Total time for which application threads were stopped: 0.0000908 seconds, Stopping threads took: 0.0000180 seconds
[2019-12-09T05:07:35.583+0000][1][safepoint    ] Application time: 1.0000777 seconds
[2019-12-09T05:07:35.583+0000][1][safepoint    ] Entering safepoint region: Cleanup
[2019-12-09T05:07:35.583+0000][1][safepoint    ] Leaving safepoint region
[2019-12-09T05:07:35.583+0000][1][safepoint    ] Total time for which application threads were stopped: 0.0000855 seconds, Stopping threads took: 0.0000172 seconds
[2019-12-09T05:07:36.584+0000][1][safepoint    ] Application time: 1.0000749 seconds
[2019-12-09T05:07:36.584+0000][1][safepoint    ] Entering safepoint region: Cleanup
[2019-12-09T05:07:36.584+0000][1][safepoint    ] Leaving safepoint region
[2019-12-09T05:07:36.584+0000][1][safepoint    ] Total time for which application threads were stopped: 0.0000894 seconds, Stopping threads took: 0.0000168 seconds
[2019-12-09T05:07:37.584+0000][1][safepoint    ] Application time: 1.0000756 seconds
[2019-12-09T05:07:37.584+0000][1][safepoint    ] Entering safepoint region: Cleanup
[2019-12-09T05:07:37.584+0000][1][safepoint    ] Leaving safepoint region
[2019-12-09T05:07:37.584+0000][1][safepoint    ] Total time for which application threads were stopped: 0.0000890 seconds, Stopping threads took: 0.0000172 seconds
[2019-12-09T05:07:38.584+0000][1][safepoint    ] Application time: 1.0000540 seconds
[2019-12-09T05:07:38.584+0000][1][safepoint    ] Entering safepoint region: Cleanup
[2019-12-09T05:07:38.584+0000][1][safepoint    ] Leaving safepoint region
[2019-12-09T05:07:38.584+0000][1][safepoint    ] Total time for which application threads were stopped: 0.0000887 seconds, Stopping threads took: 0.0000173 seconds
[2019-12-09T05:07:39.584+0000][1][safepoint    ] Application time: 1.0000784 seconds
[2019-12-09T05:07:39.584+0000][1][safepoint    ] Entering safepoint region: Cleanup
[2019-12-09T05:07:39.584+0000][1][safepoint    ] Leaving safepoint region
[2019-12-09T05:07:39.584+0000][1][safepoint    ] Total time for which application threads were stopped: 0.0001040 seconds, Stopping threads took: 0.0000277 seconds
[2019-12-09T05:07:40.584+0000][1][safepoint    ] Application time: 1.0000756 seconds
[2019-12-09T05:07:40.584+0000][1][safepoint    ] Entering safepoint region: Cleanup
[2019-12-09T05:07:40.584+0000][1][safepoint    ] Leaving safepoint region
[2019-12-09T05:07:40.585+0000][1][safepoint    ] Total time for which application threads were stopped: 0.0000903 seconds, Stopping threads took: 0.0000178 seconds
[2019-12-09T05:07:41.585+0000][1][safepoint    ] Application time: 1.0000797 seconds
[2019-12-09T05:07:41.585+0000][1][safepoint    ] Entering safepoint region: Cleanup
[2019-12-09T05:07:41.585+0000][1][safepoint    ] Leaving safepoint region
[2019-12-09T05:07:41.585+0000][1][safepoint    ] Total time for which application threads were stopped: 0.0001001 seconds, Stopping threads took: 0.0000160 seconds
[2019-12-09T05:07:42.585+0000][1][safepoint    ] Application time: 1.0000757 seconds
[2019-12-09T05:07:42.585+0000][1][safepoint    ] Entering safepoint region: Cleanup
[2019-12-09T05:07:42.585+0000][1][safepoint    ] Leaving safepoint region
[2019-12-09T05:07:42.585+0000][1][safepoint    ] Total time for which application threads were stopped: 0.0000966 seconds, Stopping threads took: 0.0000174 seconds
[2019-12-09T05:07:43.585+0000][1][safepoint    ] Application time: 1.0000772 seconds
[2019-12-09T05:07:43.585+0000][1][safepoint    ] Entering safepoint region: Cleanup
[2019-12-09T05:07:43.585+0000][1][safepoint    ] Leaving safepoint region
[2019-12-09T05:07:43.585+0000][1][safepoint    ] Total time for which application threads were stopped: 0.0000853 seconds, Stopping threads took: 0.0000164 seconds
[2019-12-09T05:07:44.585+0000][1][safepoint    ] Application time: 1.0000764 seconds
[2019-12-09T05:07:44.585+0000][1][safepoint    ] Entering safepoint region: Cleanup
[2019-12-09T05:07:44.585+0000][1][safepoint    ] Leaving safepoint region
[2019-12-09T05:07:44.585+0000][1][safepoint    ] Total time for which application threads were stopped: 0.0000893 seconds, Stopping threads took: 0.0000175 seconds
[2019-12-09T05:07:45.585+0000][1][safepoint    ] Application time: 1.0000755 seconds
[2019-12-09T05:07:45.585+0000][1][safepoint    ] Entering safepoint region: Cleanup
[2019-12-09T05:07:45.586+0000][1][safepoint    ] Leaving safepoint region
[2019-12-09T05:07:45.586+0000][1][safepoint    ] Total time for which application threads were stopped: 0.0000882 seconds, Stopping threads took: 0.0000168 seconds
[2019-12-09T05:07:46.586+0000][1][safepoint    ] Application time: 1.0000745 seconds
[2019-12-09T05:07:46.586+0000][1][safepoint    ] Entering safepoint region: Cleanup
[2019-12-09T05:07:46.586+0000][1][safepoint    ] Leaving safepoint region
[2019-12-09T05:07:46.586+0000][1][safepoint    ] Total time for which application threads were stopped: 0.0000941 seconds, Stopping threads took: 0.0000232 seconds
[2019-12-09T05:07:47.586+0000][1][safepoint    ] Application time: 1.0000757 seconds
[2019-12-09T05:07:47.586+0000][1][safepoint    ] Entering safepoint region: Cleanup
[2019-12-09T05:07:47.586+0000][1][safepoint    ] Leaving safepoint region
[2019-12-09T05:07:47.586+0000][1][safepoint    ] Total time for which application threads were stopped: 0.0000868 seconds, Stopping threads took: 0.0000170 seconds
[2019-12-09T05:07:48.586+0000][1][safepoint    ] Application time: 1.0000767 seconds
[2019-12-09T05:07:48.586+0000][1][safepoint    ] Entering safepoint region: Cleanup
[2019-12-09T05:07:48.586+0000][1][safepoint    ] Leaving safepoint region
[2019-12-09T05:07:48.586+0000][1][safepoint    ] Total time for which application threads were stopped: 0.0000880 seconds, Stopping threads took: 0.0000174 seconds
[2019-12-09T05:07:49.586+0000][1][safepoint    ] Application time: 1.0000767 seconds
[2019-12-09T05:07:49.586+0000][1][safepoint    ] Entering safepoint region: Cleanup
[2019-12-09T05:07:49.586+0000][1][safepoint    ] Leaving safepoint region
[2019-12-09T05:07:49.586+0000][1][safepoint    ] Total time for which application threads were stopped: 0.0001104 seconds, Stopping threads took: 0.0000302 seconds
[2019-12-09T05:07:50.587+0000][1][safepoint    ] Application time: 1.0000817 seconds
[2019-12-09T05:07:50.587+0000][1][safepoint    ] Entering safepoint region: Cleanup
[2019-12-09T05:07:50.587+0000][1][safepoint    ] Leaving safepoint region
[2019-12-09T05:07:50.587+0000][1][safepoint    ] Total time for which application threads were stopped: 0.0001357 seconds, Stopping threads took: 0.0000519 seconds
[2019-12-09T05:07:51.587+0000][1][safepoint    ] Application time: 1.0000829 seconds
[2019-12-09T05:07:51.587+0000][1][safepoint    ] Entering safepoint region: Cleanup
[2019-12-09T05:07:51.587+0000][1][safepoint    ] Leaving safepoint region
[2019-12-09T05:07:51.587+0000][1][safepoint    ] Total time for which application threads were stopped: 0.0000889 seconds, Stopping threads took: 0.0000165 seconds
