[2019-12-11T08:28:58.713+0000][1][gc] Using Concurrent Mark Sweep
[2019-12-11T08:28:58.713+0000][1][gc,heap,coops] Heap address: 0x00000000f0000000, size: 256 MB, Compressed Oops mode: 32-bit
[2019-12-11T08:28:59.241+0000][1][safepoint    ] Entering safepoint region: EnableBiasedLocking
[2019-12-11T08:28:59.241+0000][1][safepoint    ] Leaving safepoint region
[2019-12-11T08:28:59.241+0000][1][safepoint    ] Total time for which application threads were stopped: 0.0342355 seconds, Stopping threads took: 0.0341479 seconds
[2019-12-11T08:28:59.251+0000][1][safepoint    ] Application time: 0.0094968 seconds
[2019-12-11T08:28:59.251+0000][1][safepoint    ] Entering safepoint region: RevokeBias
[2019-12-11T08:28:59.251+0000][1][safepoint    ] Leaving safepoint region
[2019-12-11T08:28:59.251+0000][1][safepoint    ] Total time for which application threads were stopped: 0.0001111 seconds, Stopping threads took: 0.0000394 seconds
[2019-12-11T08:28:59.387+0000][1][safepoint    ] Application time: 0.1360127 seconds
[2019-12-11T08:28:59.387+0000][1][safepoint    ] Entering safepoint region: Deoptimize
[2019-12-11T08:28:59.387+0000][1][safepoint    ] Leaving safepoint region
[2019-12-11T08:28:59.387+0000][1][safepoint    ] Total time for which application threads were stopped: 0.0000633 seconds, Stopping threads took: 0.0000112 seconds
[2019-12-11T08:29:00.348+0000][1][safepoint    ] Application time: 0.9605804 seconds
[2019-12-11T08:29:00.348+0000][1][safepoint    ] Entering safepoint region: Deoptimize
[2019-12-11T08:29:00.348+0000][1][safepoint    ] Leaving safepoint region
[2019-12-11T08:29:00.348+0000][1][safepoint    ] Total time for which application threads were stopped: 0.0001011 seconds, Stopping threads took: 0.0000114 seconds
[2019-12-11T08:29:01.353+0000][1][safepoint    ] Application time: 1.0052994 seconds
[2019-12-11T08:29:01.353+0000][1][safepoint    ] Entering safepoint region: Cleanup
[2019-12-11T08:29:01.353+0000][1][safepoint    ] Leaving safepoint region
[2019-12-11T08:29:01.353+0000][1][safepoint    ] Total time for which application threads were stopped: 0.0000953 seconds, Stopping threads took: 0.0000422 seconds
[2019-12-11T08:29:02.357+0000][1][safepoint    ] Application time: 1.0036969 seconds
[2019-12-11T08:29:02.371+0000][1][safepoint    ] Entering safepoint region: Cleanup
[2019-12-11T08:29:02.371+0000][1][safepoint    ] Leaving safepoint region
[2019-12-11T08:29:02.371+0000][1][safepoint    ] Total time for which application threads were stopped: 0.0138159 seconds, Stopping threads took: 0.0137543 seconds
[2019-12-11T08:29:03.354+0000][1][safepoint    ] Application time: 0.9828437 seconds
[2019-12-11T08:29:03.354+0000][1][safepoint    ] Entering safepoint region: Deoptimize
[2019-12-11T08:29:03.354+0000][1][safepoint    ] Leaving safepoint region
[2019-12-11T08:29:03.354+0000][1][safepoint    ] Total time for which application threads were stopped: 0.0001752 seconds, Stopping threads took: 0.0000104 seconds
[2019-12-11T08:29:03.562+0000][1][safepoint    ] Application time: 0.2083477 seconds
[2019-12-11T08:29:03.562+0000][1][safepoint    ] Entering safepoint region: Deoptimize
[2019-12-11T08:29:03.562+0000][1][safepoint    ] Leaving safepoint region
[2019-12-11T08:29:03.562+0000][1][safepoint    ] Total time for which application threads were stopped: 0.0001456 seconds, Stopping threads took: 0.0000114 seconds
[2019-12-11T08:29:04.021+0000][1][safepoint    ] Application time: 0.4589835 seconds
[2019-12-11T08:29:04.032+0000][1][safepoint    ] Entering safepoint region: Deoptimize
[2019-12-11T08:29:04.032+0000][1][safepoint    ] Leaving safepoint region
[2019-12-11T08:29:04.032+0000][1][safepoint    ] Total time for which application threads were stopped: 0.0105534 seconds, Stopping threads took: 0.0103835 seconds
[2019-12-11T08:29:04.132+0000][1][safepoint    ] Application time: 0.0998474 seconds
[2019-12-11T08:29:04.132+0000][1][safepoint    ] Entering safepoint region: Deoptimize
[2019-12-11T08:29:04.132+0000][1][safepoint    ] Leaving safepoint region
[2019-12-11T08:29:04.132+0000][1][safepoint    ] Total time for which application threads were stopped: 0.0001534 seconds, Stopping threads took: 0.0000108 seconds
[2019-12-11T08:29:05.138+0000][1][safepoint    ] Application time: 1.0057760 seconds
[2019-12-11T08:29:05.170+0000][1][safepoint    ] Entering safepoint region: Cleanup
[2019-12-11T08:29:05.170+0000][1][safepoint    ] Leaving safepoint region
[2019-12-11T08:29:05.170+0000][1][safepoint    ] Total time for which application threads were stopped: 0.0317274 seconds, Stopping threads took: 0.0316685 seconds
[2019-12-11T08:29:06.176+0000][1][safepoint    ] Application time: 1.0060575 seconds
[2019-12-11T08:29:06.176+0000][1][safepoint    ] Entering safepoint region: Cleanup
[2019-12-11T08:29:06.176+0000][1][safepoint    ] Leaving safepoint region
[2019-12-11T08:29:06.176+0000][1][safepoint    ] Total time for which application threads were stopped: 0.0000696 seconds, Stopping threads took: 0.0000140 seconds
[2019-12-11T08:29:07.179+0000][1][safepoint    ] Application time: 1.0028765 seconds
[2019-12-11T08:29:07.179+0000][1][safepoint    ] Entering safepoint region: Cleanup
[2019-12-11T08:29:07.179+0000][1][safepoint    ] Leaving safepoint region
[2019-12-11T08:29:07.179+0000][1][safepoint    ] Total time for which application threads were stopped: 0.0000705 seconds, Stopping threads took: 0.0000238 seconds
[2019-12-11T08:29:07.906+0000][1][safepoint    ] Application time: 0.7269797 seconds
[2019-12-11T08:29:07.906+0000][1][safepoint    ] Entering safepoint region: Deoptimize
[2019-12-11T08:29:07.906+0000][1][safepoint    ] Leaving safepoint region
[2019-12-11T08:29:07.906+0000][1][safepoint    ] Total time for which application threads were stopped: 0.0001975 seconds, Stopping threads took: 0.0000114 seconds
[2019-12-11T08:29:08.920+0000][1][safepoint    ] Application time: 1.0136822 seconds
[2019-12-11T08:29:08.977+0000][1][safepoint    ] Entering safepoint region: Cleanup
[2019-12-11T08:29:08.977+0000][1][safepoint    ] Leaving safepoint region
[2019-12-11T08:29:08.977+0000][1][safepoint    ] Total time for which application threads were stopped: 0.0569589 seconds, Stopping threads took: 0.0569154 seconds
[2019-12-11T08:29:09.992+0000][1][safepoint    ] Application time: 1.0150162 seconds
[2019-12-11T08:29:09.992+0000][1][safepoint    ] Entering safepoint region: Cleanup
[2019-12-11T08:29:09.992+0000][1][safepoint    ] Leaving safepoint region
[2019-12-11T08:29:09.992+0000][1][safepoint    ] Total time for which application threads were stopped: 0.0000665 seconds, Stopping threads took: 0.0000238 seconds
[2019-12-11T08:29:10.993+0000][1][safepoint    ] Application time: 1.0008730 seconds
[2019-12-11T08:29:11.015+0000][1][safepoint    ] Entering safepoint region: Cleanup
[2019-12-11T08:29:11.015+0000][1][safepoint    ] Leaving safepoint region
[2019-12-11T08:29:11.015+0000][1][safepoint    ] Total time for which application threads were stopped: 0.0220826 seconds, Stopping threads took: 0.0219792 seconds
[2019-12-11T08:29:11.454+0000][1][safepoint    ] Application time: 0.4388467 seconds
[2019-12-11T08:29:11.454+0000][1][safepoint    ] Entering safepoint region: Deoptimize
[2019-12-11T08:29:11.454+0000][1][safepoint    ] Leaving safepoint region
[2019-12-11T08:29:11.454+0000][1][safepoint    ] Total time for which application threads were stopped: 0.0002643 seconds, Stopping threads took: 0.0000148 seconds
[2019-12-11T08:29:12.410+0000][1][safepoint    ] Application time: 0.9556983 seconds
[2019-12-11T08:29:12.410+0000][1][safepoint    ] Entering safepoint region: Deoptimize
[2019-12-11T08:29:12.410+0000][1][safepoint    ] Leaving safepoint region
[2019-12-11T08:29:12.410+0000][1][safepoint    ] Total time for which application threads were stopped: 0.0002810 seconds, Stopping threads took: 0.0000109 seconds
[2019-12-11T08:29:12.413+0000][1][safepoint    ] Application time: 0.0028102 seconds
[2019-12-11T08:29:12.413+0000][1][safepoint    ] Entering safepoint region: Deoptimize
[2019-12-11T08:29:12.413+0000][1][safepoint    ] Leaving safepoint region
[2019-12-11T08:29:12.413+0000][1][safepoint    ] Total time for which application threads were stopped: 0.0002122 seconds, Stopping threads took: 0.0000105 seconds
[2019-12-11T08:29:12.657+0000][1][safepoint    ] Application time: 0.2435879 seconds
[2019-12-11T08:29:12.657+0000][1][safepoint    ] Entering safepoint region: Deoptimize
[2019-12-11T08:29:12.657+0000][1][safepoint    ] Leaving safepoint region
[2019-12-11T08:29:12.657+0000][1][safepoint    ] Total time for which application threads were stopped: 0.0003135 seconds, Stopping threads took: 0.0000686 seconds
[2019-12-11T08:29:12.733+0000][1][safepoint    ] Application time: 0.0754505 seconds
[2019-12-11T08:29:12.759+0000][1][safepoint    ] Entering safepoint region: RevokeBias
[2019-12-11T08:29:12.759+0000][1][safepoint    ] Leaving safepoint region
[2019-12-11T08:29:12.759+0000][1][safepoint    ] Total time for which application threads were stopped: 0.0263827 seconds, Stopping threads took: 0.0262709 seconds
[2019-12-11T08:29:12.759+0000][1][safepoint    ] Application time: 0.0000751 seconds
[2019-12-11T08:29:12.759+0000][1][safepoint    ] Entering safepoint region: RevokeBias
[2019-12-11T08:29:12.759+0000][1][safepoint    ] Leaving safepoint region
[2019-12-11T08:29:12.759+0000][1][safepoint    ] Total time for which application threads were stopped: 0.0000638 seconds, Stopping threads took: 0.0000086 seconds
[2019-12-11T08:29:12.759+0000][1][safepoint    ] Application time: 0.0000933 seconds
[2019-12-11T08:29:12.759+0000][1][safepoint    ] Entering safepoint region: RevokeBias
[2019-12-11T08:29:12.759+0000][1][safepoint    ] Leaving safepoint region
[2019-12-11T08:29:12.759+0000][1][safepoint    ] Total time for which application threads were stopped: 0.0000626 seconds, Stopping threads took: 0.0000075 seconds
[2019-12-11T08:29:12.759+0000][1][safepoint    ] Application time: 0.0001852 seconds
[2019-12-11T08:29:12.759+0000][1][safepoint    ] Entering safepoint region: RevokeBias
[2019-12-11T08:29:12.760+0000][1][safepoint    ] Leaving safepoint region
[2019-12-11T08:29:12.760+0000][1][safepoint    ] Total time for which application threads were stopped: 0.0000848 seconds, Stopping threads took: 0.0000093 seconds
[2019-12-11T08:29:13.763+0000][1][safepoint    ] Application time: 1.0032682 seconds
[2019-12-11T08:29:13.763+0000][1][safepoint    ] Entering safepoint region: Cleanup
[2019-12-11T08:29:13.763+0000][1][safepoint    ] Leaving safepoint region
[2019-12-11T08:29:13.763+0000][1][safepoint    ] Total time for which application threads were stopped: 0.0001120 seconds, Stopping threads took: 0.0000559 seconds
[2019-12-11T08:29:14.766+0000][1][safepoint    ] Application time: 1.0027170 seconds
[2019-12-11T08:29:14.815+0000][1][safepoint    ] Entering safepoint region: Cleanup
[2019-12-11T08:29:14.815+0000][1][safepoint    ] Leaving safepoint region
[2019-12-11T08:29:14.815+0000][1][safepoint    ] Total time for which application threads were stopped: 0.0492025 seconds, Stopping threads took: 0.0491355 seconds
[2019-12-11T08:29:14.818+0000][1][safepoint    ] Application time: 0.0029776 seconds
[2019-12-11T08:29:14.818+0000][1][safepoint    ] Entering safepoint region: GenCollectForAllocation
[2019-12-11T08:29:14.818+0000][1][gc,start     ] GC(0) Pause Young (Allocation Failure)
[2019-12-11T08:29:14.818+0000][1][gc,task      ] GC(0) Using 2 workers of 2 for evacuation
[2019-12-11T08:29:14.940+0000][1][gc,age       ] GC(0) Desired survivor size 4456448 bytes, new threshold 1 (max threshold 6)
[2019-12-11T08:29:14.940+0000][1][gc,age       ] GC(0) Age table with threshold 1 (max threshold 6)
[2019-12-11T08:29:14.940+0000][1][gc,age       ] GC(0) - age   1:    6704376 bytes,    6704376 total
[2019-12-11T08:29:14.940+0000][1][gc,heap      ] GC(0) ParNew: 69952K->6595K(78656K)
[2019-12-11T08:29:14.940+0000][1][gc,heap      ] GC(0) CMS: 0K->0K(174784K)
[2019-12-11T08:29:14.940+0000][1][gc,metaspace ] GC(0) Metaspace: 12947K->12947K(1060864K)
[2019-12-11T08:29:14.940+0000][1][gc           ] GC(0) Pause Young (Allocation Failure) 68M->6M(247M) 122.130ms
[2019-12-11T08:29:14.940+0000][1][gc,cpu       ] GC(0) User=0.04s Sys=0.00s Real=0.12s
[2019-12-11T08:29:14.940+0000][1][safepoint    ] Leaving safepoint region
[2019-12-11T08:29:14.940+0000][1][safepoint    ] Total time for which application threads were stopped: 0.1222559 seconds, Stopping threads took: 0.0000141 seconds
[2019-12-11T08:29:14.968+0000][1][safepoint    ] Application time: 0.0281883 seconds
[2019-12-11T08:29:14.981+0000][1][safepoint    ] Entering safepoint region: RevokeBias
[2019-12-11T08:29:14.981+0000][1][safepoint    ] Leaving safepoint region
[2019-12-11T08:29:14.981+0000][1][safepoint    ] Total time for which application threads were stopped: 0.0125916 seconds, Stopping threads took: 0.0124501 seconds
[2019-12-11T08:29:14.998+0000][1][safepoint    ] Application time: 0.0167132 seconds
[2019-12-11T08:29:15.066+0000][1][safepoint    ] Entering safepoint region: RevokeBias
[2019-12-11T08:29:15.066+0000][1][safepoint    ] Leaving safepoint region
[2019-12-11T08:29:15.066+0000][1][safepoint    ] Total time for which application threads were stopped: 0.0686767 seconds, Stopping threads took: 0.0686002 seconds
[2019-12-11T08:29:15.067+0000][1][safepoint    ] Application time: 0.0000935 seconds
[2019-12-11T08:29:15.067+0000][1][safepoint    ] Entering safepoint region: RevokeBias
[2019-12-11T08:29:15.067+0000][1][safepoint    ] Leaving safepoint region
[2019-12-11T08:29:15.067+0000][1][safepoint    ] Total time for which application threads were stopped: 0.0000393 seconds, Stopping threads took: 0.0000088 seconds
[2019-12-11T08:29:15.067+0000][1][safepoint    ] Application time: 0.0000590 seconds
[2019-12-11T08:29:15.067+0000][1][safepoint    ] Entering safepoint region: RevokeBias
[2019-12-11T08:29:15.067+0000][1][safepoint    ] Leaving safepoint region
[2019-12-11T08:29:15.067+0000][1][safepoint    ] Total time for which application threads were stopped: 0.0000318 seconds, Stopping threads took: 0.0000066 seconds
[2019-12-11T08:29:15.067+0000][1][safepoint    ] Application time: 0.0000552 seconds
[2019-12-11T08:29:15.067+0000][1][safepoint    ] Entering safepoint region: RevokeBias
[2019-12-11T08:29:15.067+0000][1][safepoint    ] Leaving safepoint region
[2019-12-11T08:29:15.067+0000][1][safepoint    ] Total time for which application threads were stopped: 0.0000301 seconds, Stopping threads took: 0.0000076 seconds
[2019-12-11T08:29:15.067+0000][1][safepoint    ] Application time: 0.0000447 seconds
[2019-12-11T08:29:15.067+0000][1][safepoint    ] Entering safepoint region: RevokeBias
[2019-12-11T08:29:15.067+0000][1][safepoint    ] Leaving safepoint region
[2019-12-11T08:29:15.067+0000][1][safepoint    ] Total time for which application threads were stopped: 0.0000284 seconds, Stopping threads took: 0.0000072 seconds
[2019-12-11T08:29:15.069+0000][1][safepoint    ] Application time: 0.0022825 seconds
[2019-12-11T08:29:15.081+0000][1][safepoint    ] Entering safepoint region: RevokeBias
[2019-12-11T08:29:15.081+0000][1][safepoint    ] Leaving safepoint region
[2019-12-11T08:29:15.081+0000][1][safepoint    ] Total time for which application threads were stopped: 0.0117040 seconds, Stopping threads took: 0.0115763 seconds
[2019-12-11T08:29:15.081+0000][1][safepoint    ] Application time: 0.0000790 seconds
[2019-12-11T08:29:15.081+0000][1][safepoint    ] Entering safepoint region: RevokeBias
[2019-12-11T08:29:15.081+0000][1][safepoint    ] Leaving safepoint region
[2019-12-11T08:29:15.081+0000][1][safepoint    ] Total time for which application threads were stopped: 0.0000667 seconds, Stopping threads took: 0.0000103 seconds
[2019-12-11T08:29:15.081+0000][1][safepoint    ] Application time: 0.0000801 seconds
[2019-12-11T08:29:15.081+0000][1][safepoint    ] Entering safepoint region: RevokeBias
[2019-12-11T08:29:15.081+0000][1][safepoint    ] Leaving safepoint region
[2019-12-11T08:29:15.081+0000][1][safepoint    ] Total time for which application threads were stopped: 0.0000497 seconds, Stopping threads took: 0.0000086 seconds
[2019-12-11T08:29:15.081+0000][1][safepoint    ] Application time: 0.0000530 seconds
[2019-12-11T08:29:15.081+0000][1][safepoint    ] Entering safepoint region: RevokeBias
[2019-12-11T08:29:15.081+0000][1][safepoint    ] Leaving safepoint region
[2019-12-11T08:29:15.081+0000][1][safepoint    ] Total time for which application threads were stopped: 0.0000520 seconds, Stopping threads took: 0.0000176 seconds
[2019-12-11T08:29:15.081+0000][1][safepoint    ] Application time: 0.0000614 seconds
[2019-12-11T08:29:15.081+0000][1][safepoint    ] Entering safepoint region: RevokeBias
[2019-12-11T08:29:15.081+0000][1][safepoint    ] Leaving safepoint region
[2019-12-11T08:29:15.082+0000][1][safepoint    ] Total time for which application threads were stopped: 0.0000440 seconds, Stopping threads took: 0.0000083 seconds
[2019-12-11T08:29:15.082+0000][1][safepoint    ] Application time: 0.0000528 seconds
[2019-12-11T08:29:15.082+0000][1][safepoint    ] Entering safepoint region: RevokeBias
[2019-12-11T08:29:15.082+0000][1][safepoint    ] Leaving safepoint region
[2019-12-11T08:29:15.082+0000][1][safepoint    ] Total time for which application threads were stopped: 0.0000445 seconds, Stopping threads took: 0.0000081 seconds
[2019-12-11T08:29:15.082+0000][1][safepoint    ] Application time: 0.0000791 seconds
[2019-12-11T08:29:15.082+0000][1][safepoint    ] Entering safepoint region: RevokeBias
[2019-12-11T08:29:15.082+0000][1][safepoint    ] Leaving safepoint region
[2019-12-11T08:29:15.082+0000][1][safepoint    ] Total time for which application threads were stopped: 0.0000523 seconds, Stopping threads took: 0.0000090 seconds
[2019-12-11T08:29:15.082+0000][1][safepoint    ] Application time: 0.0000548 seconds
[2019-12-11T08:29:15.082+0000][1][safepoint    ] Entering safepoint region: RevokeBias
[2019-12-11T08:29:15.082+0000][1][safepoint    ] Leaving safepoint region
[2019-12-11T08:29:15.082+0000][1][safepoint    ] Total time for which application threads were stopped: 0.0000465 seconds, Stopping threads took: 0.0000081 seconds
[2019-12-11T08:29:15.082+0000][1][safepoint    ] Application time: 0.0000645 seconds
[2019-12-11T08:29:15.082+0000][1][safepoint    ] Entering safepoint region: RevokeBias
[2019-12-11T08:29:15.082+0000][1][safepoint    ] Leaving safepoint region
[2019-12-11T08:29:15.082+0000][1][safepoint    ] Total time for which application threads were stopped: 0.0000464 seconds, Stopping threads took: 0.0000084 seconds
[2019-12-11T08:29:15.082+0000][1][safepoint    ] Application time: 0.0000543 seconds
[2019-12-11T08:29:15.082+0000][1][safepoint    ] Entering safepoint region: RevokeBias
[2019-12-11T08:29:15.082+0000][1][safepoint    ] Leaving safepoint region
[2019-12-11T08:29:15.082+0000][1][safepoint    ] Total time for which application threads were stopped: 0.0000458 seconds, Stopping threads took: 0.0000080 seconds
[2019-12-11T08:29:15.082+0000][1][safepoint    ] Application time: 0.0000685 seconds
[2019-12-11T08:29:15.082+0000][1][safepoint    ] Entering safepoint region: RevokeBias
[2019-12-11T08:29:15.082+0000][1][safepoint    ] Leaving safepoint region
[2019-12-11T08:29:15.082+0000][1][safepoint    ] Total time for which application threads were stopped: 0.0000474 seconds, Stopping threads took: 0.0000087 seconds
[2019-12-11T08:29:15.082+0000][1][safepoint    ] Application time: 0.0000531 seconds
[2019-12-11T08:29:15.082+0000][1][safepoint    ] Entering safepoint region: RevokeBias
[2019-12-11T08:29:15.082+0000][1][safepoint    ] Leaving safepoint region
[2019-12-11T08:29:15.082+0000][1][safepoint    ] Total time for which application threads were stopped: 0.0000451 seconds, Stopping threads took: 0.0000080 seconds
[2019-12-11T08:29:15.082+0000][1][safepoint    ] Application time: 0.0000907 seconds
[2019-12-11T08:29:15.082+0000][1][safepoint    ] Entering safepoint region: RevokeBias
[2019-12-11T08:29:15.083+0000][1][safepoint    ] Leaving safepoint region
[2019-12-11T08:29:15.083+0000][1][safepoint    ] Total time for which application threads were stopped: 0.0000494 seconds, Stopping threads took: 0.0000085 seconds
[2019-12-11T08:29:15.083+0000][1][safepoint    ] Application time: 0.0000543 seconds
[2019-12-11T08:29:15.083+0000][1][safepoint    ] Entering safepoint region: RevokeBias
[2019-12-11T08:29:15.083+0000][1][safepoint    ] Leaving safepoint region
[2019-12-11T08:29:15.083+0000][1][safepoint    ] Total time for which application threads were stopped: 0.0000543 seconds, Stopping threads took: 0.0000146 seconds
[2019-12-11T08:29:15.083+0000][1][safepoint    ] Application time: 0.0000614 seconds
[2019-12-11T08:29:15.083+0000][1][safepoint    ] Entering safepoint region: RevokeBias
[2019-12-11T08:29:15.083+0000][1][safepoint    ] Leaving safepoint region
[2019-12-11T08:29:15.083+0000][1][safepoint    ] Total time for which application threads were stopped: 0.0000417 seconds, Stopping threads took: 0.0000071 seconds
[2019-12-11T08:29:15.083+0000][1][safepoint    ] Application time: 0.0000505 seconds
[2019-12-11T08:29:15.083+0000][1][safepoint    ] Entering safepoint region: RevokeBias
[2019-12-11T08:29:15.083+0000][1][safepoint    ] Leaving safepoint region
[2019-12-11T08:29:15.083+0000][1][safepoint    ] Total time for which application threads were stopped: 0.0000402 seconds, Stopping threads took: 0.0000080 seconds
[2019-12-11T08:29:15.083+0000][1][safepoint    ] Application time: 0.0000596 seconds
[2019-12-11T08:29:15.083+0000][1][safepoint    ] Entering safepoint region: RevokeBias
[2019-12-11T08:29:15.083+0000][1][safepoint    ] Leaving safepoint region
[2019-12-11T08:29:15.083+0000][1][safepoint    ] Total time for which application threads were stopped: 0.0000417 seconds, Stopping threads took: 0.0000081 seconds
[2019-12-11T08:29:15.083+0000][1][safepoint    ] Application time: 0.0000502 seconds
[2019-12-11T08:29:15.083+0000][1][safepoint    ] Entering safepoint region: RevokeBias
[2019-12-11T08:29:15.083+0000][1][safepoint    ] Leaving safepoint region
[2019-12-11T08:29:15.083+0000][1][safepoint    ] Total time for which application threads were stopped: 0.0000399 seconds, Stopping threads took: 0.0000080 seconds
[2019-12-11T08:29:15.083+0000][1][safepoint    ] Application time: 0.0000773 seconds
[2019-12-11T08:29:15.083+0000][1][safepoint    ] Entering safepoint region: RevokeBias
[2019-12-11T08:29:15.083+0000][1][safepoint    ] Leaving safepoint region
[2019-12-11T08:29:15.083+0000][1][safepoint    ] Total time for which application threads were stopped: 0.0000408 seconds, Stopping threads took: 0.0000074 seconds
[2019-12-11T08:29:15.083+0000][1][safepoint    ] Application time: 0.0000576 seconds
[2019-12-11T08:29:15.083+0000][1][safepoint    ] Entering safepoint region: RevokeBias
[2019-12-11T08:29:15.083+0000][1][safepoint    ] Leaving safepoint region
[2019-12-11T08:29:15.083+0000][1][safepoint    ] Total time for which application threads were stopped: 0.0000378 seconds, Stopping threads took: 0.0000072 seconds
[2019-12-11T08:29:15.084+0000][1][safepoint    ] Application time: 0.0003572 seconds
[2019-12-11T08:29:15.084+0000][1][safepoint    ] Entering safepoint region: RevokeBias
[2019-12-11T08:29:15.084+0000][1][safepoint    ] Leaving safepoint region
[2019-12-11T08:29:15.084+0000][1][safepoint    ] Total time for which application threads were stopped: 0.0000548 seconds, Stopping threads took: 0.0000099 seconds
[2019-12-11T08:29:15.084+0000][1][safepoint    ] Application time: 0.0000714 seconds
[2019-12-11T08:29:15.084+0000][1][safepoint    ] Entering safepoint region: RevokeBias
[2019-12-11T08:29:15.084+0000][1][safepoint    ] Leaving safepoint region
[2019-12-11T08:29:15.084+0000][1][safepoint    ] Total time for which application threads were stopped: 0.0000409 seconds, Stopping threads took: 0.0000073 seconds
[2019-12-11T08:29:15.087+0000][1][safepoint    ] Application time: 0.0027644 seconds
[2019-12-11T08:29:15.119+0000][1][safepoint    ] Entering safepoint region: RevokeBias
[2019-12-11T08:29:15.119+0000][1][safepoint    ] Leaving safepoint region
[2019-12-11T08:29:15.119+0000][1][safepoint    ] Total time for which application threads were stopped: 0.0326223 seconds, Stopping threads took: 0.0325184 seconds
[2019-12-11T08:29:15.119+0000][1][safepoint    ] Application time: 0.0000738 seconds
[2019-12-11T08:29:15.119+0000][1][safepoint    ] Entering safepoint region: RevokeBias
[2019-12-11T08:29:15.120+0000][1][safepoint    ] Leaving safepoint region
[2019-12-11T08:29:15.120+0000][1][safepoint    ] Total time for which application threads were stopped: 0.0000497 seconds, Stopping threads took: 0.0000210 seconds
[2019-12-11T08:29:15.741+0000][1][safepoint    ] Application time: 0.6211789 seconds
[2019-12-11T08:29:15.741+0000][1][safepoint    ] Entering safepoint region: RevokeBias
[2019-12-11T08:29:15.741+0000][1][safepoint    ] Leaving safepoint region
[2019-12-11T08:29:15.741+0000][1][safepoint    ] Total time for which application threads were stopped: 0.0001085 seconds, Stopping threads took: 0.0000120 seconds
[2019-12-11T08:29:15.931+0000][1][safepoint    ] Application time: 0.1899929 seconds
[2019-12-11T08:29:15.931+0000][1][safepoint    ] Entering safepoint region: RevokeBias
[2019-12-11T08:29:15.931+0000][1][safepoint    ] Leaving safepoint region
[2019-12-11T08:29:15.931+0000][1][safepoint    ] Total time for which application threads were stopped: 0.0000705 seconds, Stopping threads took: 0.0000144 seconds
[2019-12-11T08:29:16.326+0000][1][safepoint    ] Application time: 0.3945741 seconds
[2019-12-11T08:29:16.326+0000][1][safepoint    ] Entering safepoint region: Deoptimize
[2019-12-11T08:29:16.326+0000][1][safepoint    ] Leaving safepoint region
[2019-12-11T08:29:16.326+0000][1][safepoint    ] Total time for which application threads were stopped: 0.0004221 seconds, Stopping threads took: 0.0000141 seconds
[2019-12-11T08:29:17.341+0000][1][safepoint    ] Application time: 1.0147291 seconds
[2019-12-11T08:29:17.372+0000][1][safepoint    ] Entering safepoint region: Cleanup
[2019-12-11T08:29:17.372+0000][1][safepoint    ] Leaving safepoint region
[2019-12-11T08:29:17.372+0000][1][safepoint    ] Total time for which application threads were stopped: 0.0314696 seconds, Stopping threads took: 0.0313855 seconds
[2019-12-11T08:29:17.856+0000][1][safepoint    ] Application time: 0.4834686 seconds
[2019-12-11T08:29:17.856+0000][1][safepoint    ] Entering safepoint region: RevokeBias
[2019-12-11T08:29:17.856+0000][1][safepoint    ] Leaving safepoint region
[2019-12-11T08:29:17.856+0000][1][safepoint    ] Total time for which application threads were stopped: 0.0000986 seconds, Stopping threads took: 0.0000140 seconds
[2019-12-11T08:29:18.863+0000][1][safepoint    ] Application time: 1.0068338 seconds
[2019-12-11T08:29:18.918+0000][1][safepoint    ] Entering safepoint region: Cleanup
[2019-12-11T08:29:18.918+0000][1][safepoint    ] Leaving safepoint region
[2019-12-11T08:29:18.918+0000][1][safepoint    ] Total time for which application threads were stopped: 0.0551717 seconds, Stopping threads took: 0.0550921 seconds
[2019-12-11T08:29:19.392+0000][1][safepoint    ] Application time: 0.4739277 seconds
[2019-12-11T08:29:19.392+0000][1][safepoint    ] Entering safepoint region: GenCollectForAllocation
[2019-12-11T08:29:19.392+0000][1][gc,start     ] GC(1) Pause Young (Allocation Failure)
[2019-12-11T08:29:19.392+0000][1][gc,task      ] GC(1) Using 2 workers of 2 for evacuation
[2019-12-11T08:29:19.678+0000][1][gc,age       ] GC(1) Desired survivor size 4456448 bytes, new threshold 6 (max threshold 6)
[2019-12-11T08:29:19.678+0000][1][gc,age       ] GC(1) Age table with threshold 6 (max threshold 6)
[2019-12-11T08:29:19.678+0000][1][gc,age       ] GC(1) - age   1:    1222744 bytes,    1222744 total
[2019-12-11T08:29:19.678+0000][1][gc,heap      ] GC(1) ParNew: 76547K->4283K(78656K)
[2019-12-11T08:29:19.678+0000][1][gc,heap      ] GC(1) CMS: 0K->7046K(174784K)
[2019-12-11T08:29:19.678+0000][1][gc,metaspace ] GC(1) Metaspace: 14970K->14970K(1062912K)
[2019-12-11T08:29:19.678+0000][1][gc           ] GC(1) Pause Young (Allocation Failure) 74M->11M(247M) 285.969ms
[2019-12-11T08:29:19.678+0000][1][gc,cpu       ] GC(1) User=0.06s Sys=0.00s Real=0.29s
[2019-12-11T08:29:19.678+0000][1][safepoint    ] Leaving safepoint region
[2019-12-11T08:29:19.678+0000][1][safepoint    ] Total time for which application threads were stopped: 0.2861285 seconds, Stopping threads took: 0.0000160 seconds
[2019-12-11T08:29:19.684+0000][1][safepoint    ] Application time: 0.0058124 seconds
[2019-12-11T08:29:19.684+0000][1][safepoint    ] Entering safepoint region: BulkRevokeBias
[2019-12-11T08:29:19.684+0000][1][safepoint    ] Leaving safepoint region
[2019-12-11T08:29:19.684+0000][1][safepoint    ] Total time for which application threads were stopped: 0.0001801 seconds, Stopping threads took: 0.0000486 seconds
[2019-12-11T08:29:19.684+0000][1][safepoint    ] Application time: 0.0001254 seconds
[2019-12-11T08:29:19.684+0000][1][safepoint    ] Entering safepoint region: RevokeBias
[2019-12-11T08:29:19.684+0000][1][safepoint    ] Leaving safepoint region
[2019-12-11T08:29:19.684+0000][1][safepoint    ] Total time for which application threads were stopped: 0.0000551 seconds, Stopping threads took: 0.0000091 seconds
[2019-12-11T08:29:19.684+0000][1][safepoint    ] Application time: 0.0000682 seconds
[2019-12-11T08:29:19.684+0000][1][safepoint    ] Entering safepoint region: RevokeBias
[2019-12-11T08:29:19.684+0000][1][safepoint    ] Leaving safepoint region
[2019-12-11T08:29:19.684+0000][1][safepoint    ] Total time for which application threads were stopped: 0.0000483 seconds, Stopping threads took: 0.0000083 seconds
[2019-12-11T08:29:19.684+0000][1][safepoint    ] Application time: 0.0000517 seconds
[2019-12-11T08:29:19.684+0000][1][safepoint    ] Entering safepoint region: RevokeBias
[2019-12-11T08:29:19.685+0000][1][safepoint    ] Leaving safepoint region
[2019-12-11T08:29:19.685+0000][1][safepoint    ] Total time for which application threads were stopped: 0.0000500 seconds, Stopping threads took: 0.0000080 seconds
[2019-12-11T08:29:19.685+0000][1][safepoint    ] Application time: 0.0000669 seconds
[2019-12-11T08:29:19.685+0000][1][safepoint    ] Entering safepoint region: RevokeBias
[2019-12-11T08:29:19.685+0000][1][safepoint    ] Leaving safepoint region
[2019-12-11T08:29:19.685+0000][1][safepoint    ] Total time for which application threads were stopped: 0.0000436 seconds, Stopping threads took: 0.0000072 seconds
[2019-12-11T08:29:19.685+0000][1][safepoint    ] Application time: 0.0000583 seconds
[2019-12-11T08:29:19.685+0000][1][safepoint    ] Entering safepoint region: RevokeBias
[2019-12-11T08:29:19.685+0000][1][safepoint    ] Leaving safepoint region
[2019-12-11T08:29:19.685+0000][1][safepoint    ] Total time for which application threads were stopped: 0.0000449 seconds, Stopping threads took: 0.0000074 seconds
[2019-12-11T08:29:19.685+0000][1][safepoint    ] Application time: 0.0000520 seconds
[2019-12-11T08:29:19.685+0000][1][safepoint    ] Entering safepoint region: BulkRevokeBias
[2019-12-11T08:29:19.685+0000][1][safepoint    ] Leaving safepoint region
[2019-12-11T08:29:19.685+0000][1][safepoint    ] Total time for which application threads were stopped: 0.0000713 seconds, Stopping threads took: 0.0000066 seconds
[2019-12-11T08:29:19.685+0000][1][safepoint    ] Application time: 0.0000480 seconds
[2019-12-11T08:29:19.685+0000][1][safepoint    ] Entering safepoint region: RevokeBias
[2019-12-11T08:29:19.685+0000][1][safepoint    ] Leaving safepoint region
[2019-12-11T08:29:19.685+0000][1][safepoint    ] Total time for which application threads were stopped: 0.0000436 seconds, Stopping threads took: 0.0000069 seconds
[2019-12-11T08:29:19.685+0000][1][safepoint    ] Application time: 0.0000505 seconds
[2019-12-11T08:29:19.685+0000][1][safepoint    ] Entering safepoint region: BulkRevokeBias
[2019-12-11T08:29:19.685+0000][1][safepoint    ] Leaving safepoint region
[2019-12-11T08:29:19.685+0000][1][safepoint    ] Total time for which application threads were stopped: 0.0000647 seconds, Stopping threads took: 0.0000069 seconds
[2019-12-11T08:29:20.555+0000][1][safepoint    ] Application time: 0.8695700 seconds
[2019-12-11T08:29:20.555+0000][1][safepoint    ] Entering safepoint region: RevokeBias
[2019-12-11T08:29:20.555+0000][1][safepoint    ] Leaving safepoint region
[2019-12-11T08:29:20.555+0000][1][safepoint    ] Total time for which application threads were stopped: 0.0001126 seconds, Stopping threads took: 0.0000138 seconds
[2019-12-11T08:29:20.567+0000][1][safepoint    ] Application time: 0.0121461 seconds
[2019-12-11T08:29:20.567+0000][1][safepoint    ] Entering safepoint region: RevokeBias
[2019-12-11T08:29:20.567+0000][1][safepoint    ] Leaving safepoint region
[2019-12-11T08:29:20.567+0000][1][safepoint    ] Total time for which application threads were stopped: 0.0000930 seconds, Stopping threads took: 0.0000139 seconds
[2019-12-11T08:29:20.625+0000][1][safepoint    ] Application time: 0.0575526 seconds
[2019-12-11T08:29:20.625+0000][1][safepoint    ] Entering safepoint region: RevokeBias
[2019-12-11T08:29:20.625+0000][1][safepoint    ] Leaving safepoint region
[2019-12-11T08:29:20.625+0000][1][safepoint    ] Total time for which application threads were stopped: 0.0000997 seconds, Stopping threads took: 0.0000162 seconds
[2019-12-11T08:29:21.112+0000][1][safepoint    ] Application time: 0.4871923 seconds
[2019-12-11T08:29:21.112+0000][1][safepoint    ] Entering safepoint region: RevokeBias
[2019-12-11T08:29:21.112+0000][1][safepoint    ] Leaving safepoint region
[2019-12-11T08:29:21.112+0000][1][safepoint    ] Total time for which application threads were stopped: 0.0001191 seconds, Stopping threads took: 0.0000128 seconds
[2019-12-11T08:29:21.133+0000][1][safepoint    ] Application time: 0.0204952 seconds
[2019-12-11T08:29:21.133+0000][1][safepoint    ] Entering safepoint region: GenCollectForAllocation
[2019-12-11T08:29:21.133+0000][1][gc,start     ] GC(2) Pause Young (Allocation Failure)
[2019-12-11T08:29:21.133+0000][1][gc,task      ] GC(2) Using 2 workers of 2 for evacuation
[2019-12-11T08:29:21.214+0000][1][gc,age       ] GC(2) Desired survivor size 4456448 bytes, new threshold 6 (max threshold 6)
[2019-12-11T08:29:21.214+0000][1][gc,age       ] GC(2) Age table with threshold 6 (max threshold 6)
[2019-12-11T08:29:21.214+0000][1][gc,age       ] GC(2) - age   1:     882248 bytes,     882248 total
[2019-12-11T08:29:21.214+0000][1][gc,age       ] GC(2) - age   2:     955864 bytes,    1838112 total
[2019-12-11T08:29:21.214+0000][1][gc,heap      ] GC(2) ParNew: 74235K->2181K(78656K)
[2019-12-11T08:29:21.214+0000][1][gc,heap      ] GC(2) CMS: 7046K->7046K(174784K)
[2019-12-11T08:29:21.214+0000][1][gc,metaspace ] GC(2) Metaspace: 15077K->15077K(1062912K)
[2019-12-11T08:29:21.214+0000][1][gc           ] GC(2) Pause Young (Allocation Failure) 79M->9M(247M) 81.651ms
[2019-12-11T08:29:21.214+0000][1][gc,cpu       ] GC(2) User=0.02s Sys=0.00s Real=0.08s
[2019-12-11T08:29:21.215+0000][1][safepoint    ] Leaving safepoint region
[2019-12-11T08:29:21.215+0000][1][safepoint    ] Total time for which application threads were stopped: 0.0817854 seconds, Stopping threads took: 0.0000126 seconds
[2019-12-11T08:29:21.219+0000][1][safepoint    ] Application time: 0.0043694 seconds
[2019-12-11T08:29:21.219+0000][1][safepoint    ] Entering safepoint region: RevokeBias
[2019-12-11T08:29:21.219+0000][1][safepoint    ] Leaving safepoint region
[2019-12-11T08:29:21.219+0000][1][safepoint    ] Total time for which application threads were stopped: 0.0003689 seconds, Stopping threads took: 0.0002591 seconds
[2019-12-11T08:29:21.219+0000][1][safepoint    ] Application time: 0.0000656 seconds
[2019-12-11T08:29:21.219+0000][1][safepoint    ] Entering safepoint region: RevokeBias
[2019-12-11T08:29:21.219+0000][1][safepoint    ] Leaving safepoint region
[2019-12-11T08:29:21.219+0000][1][safepoint    ] Total time for which application threads were stopped: 0.0000764 seconds, Stopping threads took: 0.0000087 seconds
[2019-12-11T08:29:21.220+0000][1][safepoint    ] Application time: 0.0000629 seconds
[2019-12-11T08:29:21.220+0000][1][safepoint    ] Entering safepoint region: RevokeBias
[2019-12-11T08:29:21.220+0000][1][safepoint    ] Leaving safepoint region
[2019-12-11T08:29:21.220+0000][1][safepoint    ] Total time for which application threads were stopped: 0.0000711 seconds, Stopping threads took: 0.0000079 seconds
[2019-12-11T08:29:21.220+0000][1][safepoint    ] Application time: 0.0000498 seconds
[2019-12-11T08:29:21.220+0000][1][safepoint    ] Entering safepoint region: RevokeBias
[2019-12-11T08:29:21.220+0000][1][safepoint    ] Leaving safepoint region
[2019-12-11T08:29:21.220+0000][1][safepoint    ] Total time for which application threads were stopped: 0.0001030 seconds, Stopping threads took: 0.0000365 seconds
[2019-12-11T08:29:21.220+0000][1][safepoint    ] Application time: 0.0000604 seconds
[2019-12-11T08:29:21.220+0000][1][safepoint    ] Entering safepoint region: RevokeBias
[2019-12-11T08:29:21.220+0000][1][safepoint    ] Leaving safepoint region
[2019-12-11T08:29:21.220+0000][1][safepoint    ] Total time for which application threads were stopped: 0.0000878 seconds, Stopping threads took: 0.0000077 seconds
[2019-12-11T08:29:21.220+0000][1][safepoint    ] Application time: 0.0000565 seconds
[2019-12-11T08:29:21.220+0000][1][safepoint    ] Entering safepoint region: RevokeBias
[2019-12-11T08:29:21.220+0000][1][safepoint    ] Leaving safepoint region
[2019-12-11T08:29:21.220+0000][1][safepoint    ] Total time for which application threads were stopped: 0.0000766 seconds, Stopping threads took: 0.0000089 seconds
[2019-12-11T08:29:21.220+0000][1][safepoint    ] Application time: 0.0000559 seconds
[2019-12-11T08:29:21.220+0000][1][safepoint    ] Entering safepoint region: RevokeBias
[2019-12-11T08:29:21.220+0000][1][safepoint    ] Leaving safepoint region
[2019-12-11T08:29:21.220+0000][1][safepoint    ] Total time for which application threads were stopped: 0.0000701 seconds, Stopping threads took: 0.0000072 seconds
[2019-12-11T08:29:21.220+0000][1][safepoint    ] Application time: 0.0000521 seconds
[2019-12-11T08:29:21.220+0000][1][safepoint    ] Entering safepoint region: RevokeBias
[2019-12-11T08:29:21.220+0000][1][safepoint    ] Leaving safepoint region
[2019-12-11T08:29:21.220+0000][1][safepoint    ] Total time for which application threads were stopped: 0.0000712 seconds, Stopping threads took: 0.0000083 seconds
[2019-12-11T08:29:21.220+0000][1][safepoint    ] Application time: 0.0000546 seconds
[2019-12-11T08:29:21.220+0000][1][safepoint    ] Entering safepoint region: RevokeBias
[2019-12-11T08:29:21.221+0000][1][safepoint    ] Leaving safepoint region
[2019-12-11T08:29:21.221+0000][1][safepoint    ] Total time for which application threads were stopped: 0.0000717 seconds, Stopping threads took: 0.0000081 seconds
[2019-12-11T08:29:21.221+0000][1][safepoint    ] Application time: 0.0000493 seconds
[2019-12-11T08:29:21.221+0000][1][safepoint    ] Entering safepoint region: RevokeBias
[2019-12-11T08:29:21.221+0000][1][safepoint    ] Leaving safepoint region
[2019-12-11T08:29:21.221+0000][1][safepoint    ] Total time for which application threads were stopped: 0.0000720 seconds, Stopping threads took: 0.0000070 seconds
[2019-12-11T08:29:21.221+0000][1][safepoint    ] Application time: 0.0000729 seconds
[2019-12-11T08:29:21.221+0000][1][safepoint    ] Entering safepoint region: RevokeBias
[2019-12-11T08:29:21.221+0000][1][safepoint    ] Leaving safepoint region
[2019-12-11T08:29:21.221+0000][1][safepoint    ] Total time for which application threads were stopped: 0.0000878 seconds, Stopping threads took: 0.0000081 seconds
[2019-12-11T08:29:21.221+0000][1][safepoint    ] Application time: 0.0000529 seconds
[2019-12-11T08:29:21.221+0000][1][safepoint    ] Entering safepoint region: RevokeBias
[2019-12-11T08:29:21.221+0000][1][safepoint    ] Leaving safepoint region
[2019-12-11T08:29:21.221+0000][1][safepoint    ] Total time for which application threads were stopped: 0.0000732 seconds, Stopping threads took: 0.0000076 seconds
[2019-12-11T08:29:21.221+0000][1][safepoint    ] Application time: 0.0000570 seconds
[2019-12-11T08:29:21.221+0000][1][safepoint    ] Entering safepoint region: RevokeBias
[2019-12-11T08:29:21.221+0000][1][safepoint    ] Leaving safepoint region
[2019-12-11T08:29:21.221+0000][1][safepoint    ] Total time for which application threads were stopped: 0.0000723 seconds, Stopping threads took: 0.0000081 seconds
[2019-12-11T08:29:21.221+0000][1][safepoint    ] Application time: 0.0000513 seconds
[2019-12-11T08:29:21.221+0000][1][safepoint    ] Entering safepoint region: RevokeBias
[2019-12-11T08:29:21.221+0000][1][safepoint    ] Leaving safepoint region
[2019-12-11T08:29:21.221+0000][1][safepoint    ] Total time for which application threads were stopped: 0.0000771 seconds, Stopping threads took: 0.0000139 seconds
[2019-12-11T08:29:21.221+0000][1][safepoint    ] Application time: 0.0000580 seconds
[2019-12-11T08:29:21.221+0000][1][safepoint    ] Entering safepoint region: RevokeBias
[2019-12-11T08:29:21.221+0000][1][safepoint    ] Leaving safepoint region
[2019-12-11T08:29:21.221+0000][1][safepoint    ] Total time for which application threads were stopped: 0.0000710 seconds, Stopping threads took: 0.0000074 seconds
[2019-12-11T08:29:21.221+0000][1][safepoint    ] Application time: 0.0000518 seconds
[2019-12-11T08:29:21.221+0000][1][safepoint    ] Entering safepoint region: RevokeBias
[2019-12-11T08:29:21.222+0000][1][safepoint    ] Leaving safepoint region
[2019-12-11T08:29:21.222+0000][1][safepoint    ] Total time for which application threads were stopped: 0.0000712 seconds, Stopping threads took: 0.0000077 seconds
[2019-12-11T08:29:21.222+0000][1][safepoint    ] Application time: 0.0000577 seconds
[2019-12-11T08:29:21.222+0000][1][safepoint    ] Entering safepoint region: RevokeBias
[2019-12-11T08:29:21.222+0000][1][safepoint    ] Leaving safepoint region
[2019-12-11T08:29:21.222+0000][1][safepoint    ] Total time for which application threads were stopped: 0.0000938 seconds, Stopping threads took: 0.0000088 seconds
[2019-12-11T08:29:21.222+0000][1][safepoint    ] Application time: 0.0000524 seconds
[2019-12-11T08:29:21.222+0000][1][safepoint    ] Entering safepoint region: RevokeBias
[2019-12-11T08:29:21.222+0000][1][safepoint    ] Leaving safepoint region
[2019-12-11T08:29:21.222+0000][1][safepoint    ] Total time for which application threads were stopped: 0.0000733 seconds, Stopping threads took: 0.0000084 seconds
[2019-12-11T08:29:21.223+0000][1][safepoint    ] Application time: 0.0006401 seconds
[2019-12-11T08:29:21.223+0000][1][safepoint    ] Entering safepoint region: RevokeBias
[2019-12-11T08:29:21.223+0000][1][safepoint    ] Leaving safepoint region
[2019-12-11T08:29:21.223+0000][1][safepoint    ] Total time for which application threads were stopped: 0.0000685 seconds, Stopping threads took: 0.0000100 seconds
[2019-12-11T08:29:22.402+0000][1][safepoint    ] Application time: 1.1791252 seconds
[2019-12-11T08:29:22.402+0000][1][safepoint    ] Entering safepoint region: Deoptimize
[2019-12-11T08:29:22.402+0000][1][safepoint    ] Leaving safepoint region
[2019-12-11T08:29:22.402+0000][1][safepoint    ] Total time for which application threads were stopped: 0.0004697 seconds, Stopping threads took: 0.0000152 seconds
[2019-12-11T08:29:22.427+0000][1][safepoint    ] Application time: 0.0244711 seconds
[2019-12-11T08:29:22.427+0000][1][safepoint    ] Entering safepoint region: Deoptimize
[2019-12-11T08:29:22.427+0000][1][safepoint    ] Leaving safepoint region
[2019-12-11T08:29:22.427+0000][1][safepoint    ] Total time for which application threads were stopped: 0.0004268 seconds, Stopping threads took: 0.0000152 seconds
[2019-12-11T08:29:23.429+0000][1][safepoint    ] Application time: 1.0015142 seconds
[2019-12-11T08:29:23.429+0000][1][safepoint    ] Entering safepoint region: Cleanup
[2019-12-11T08:29:23.429+0000][1][safepoint    ] Leaving safepoint region
[2019-12-11T08:29:23.429+0000][1][safepoint    ] Total time for which application threads were stopped: 0.0000856 seconds, Stopping threads took: 0.0000132 seconds
[2019-12-11T08:29:24.434+0000][1][safepoint    ] Application time: 1.0048703 seconds
[2019-12-11T08:29:24.497+0000][1][safepoint    ] Entering safepoint region: Cleanup
[2019-12-11T08:29:24.497+0000][1][safepoint    ] Leaving safepoint region
[2019-12-11T08:29:24.497+0000][1][safepoint    ] Total time for which application threads were stopped: 0.0631813 seconds, Stopping threads took: 0.0630913 seconds
[2019-12-11T08:29:25.130+0000][1][safepoint    ] Application time: 0.6327799 seconds
[2019-12-11T08:29:25.130+0000][1][safepoint    ] Entering safepoint region: GenCollectForAllocation
[2019-12-11T08:29:25.130+0000][1][gc,start     ] GC(3) Pause Young (Allocation Failure)
[2019-12-11T08:29:25.130+0000][1][gc,task      ] GC(3) Using 2 workers of 2 for evacuation
[2019-12-11T08:29:25.269+0000][1][gc,age       ] GC(3) Desired survivor size 4456448 bytes, new threshold 3 (max threshold 6)
[2019-12-11T08:29:25.269+0000][1][gc,age       ] GC(3) Age table with threshold 3 (max threshold 6)
[2019-12-11T08:29:25.269+0000][1][gc,age       ] GC(3) - age   1:    3376016 bytes,    3376016 total
[2019-12-11T08:29:25.269+0000][1][gc,age       ] GC(3) - age   2:     865992 bytes,    4242008 total
[2019-12-11T08:29:25.269+0000][1][gc,age       ] GC(3) - age   3:     953688 bytes,    5195696 total
[2019-12-11T08:29:25.269+0000][1][gc,heap      ] GC(3) ParNew: 72133K->5754K(78656K)
[2019-12-11T08:29:25.269+0000][1][gc,heap      ] GC(3) CMS: 7046K->7046K(174784K)
[2019-12-11T08:29:25.269+0000][1][gc,metaspace ] GC(3) Metaspace: 18628K->18628K(1067008K)
[2019-12-11T08:29:25.269+0000][1][gc           ] GC(3) Pause Young (Allocation Failure) 77M->12M(247M) 139.234ms
[2019-12-11T08:29:25.269+0000][1][gc,cpu       ] GC(3) User=0.02s Sys=0.00s Real=0.14s
[2019-12-11T08:29:25.269+0000][1][safepoint    ] Leaving safepoint region
[2019-12-11T08:29:25.269+0000][1][safepoint    ] Total time for which application threads were stopped: 0.1393719 seconds, Stopping threads took: 0.0000243 seconds
[2019-12-11T08:29:25.270+0000][1][safepoint    ] Application time: 0.0010535 seconds
[2019-12-11T08:29:25.270+0000][1][safepoint    ] Entering safepoint region: BulkRevokeBias
[2019-12-11T08:29:25.270+0000][1][safepoint    ] Leaving safepoint region
[2019-12-11T08:29:25.270+0000][1][safepoint    ] Total time for which application threads were stopped: 0.0002003 seconds, Stopping threads took: 0.0000552 seconds
[2019-12-11T08:29:25.271+0000][1][safepoint    ] Application time: 0.0007455 seconds
[2019-12-11T08:29:25.271+0000][1][safepoint    ] Entering safepoint region: RevokeBias
[2019-12-11T08:29:25.271+0000][1][safepoint    ] Leaving safepoint region
[2019-12-11T08:29:25.271+0000][1][safepoint    ] Total time for which application threads were stopped: 0.0000649 seconds, Stopping threads took: 0.0000102 seconds
[2019-12-11T08:29:25.273+0000][1][safepoint    ] Application time: 0.0015465 seconds
[2019-12-11T08:29:25.273+0000][1][safepoint    ] Entering safepoint region: RevokeBias
[2019-12-11T08:29:25.273+0000][1][safepoint    ] Leaving safepoint region
[2019-12-11T08:29:25.273+0000][1][safepoint    ] Total time for which application threads were stopped: 0.0000667 seconds, Stopping threads took: 0.0000102 seconds
[2019-12-11T08:29:25.273+0000][1][safepoint    ] Application time: 0.0000559 seconds
[2019-12-11T08:29:25.273+0000][1][safepoint    ] Entering safepoint region: RevokeBias
[2019-12-11T08:29:25.273+0000][1][safepoint    ] Leaving safepoint region
[2019-12-11T08:29:25.273+0000][1][safepoint    ] Total time for which application threads were stopped: 0.0000474 seconds, Stopping threads took: 0.0000075 seconds
[2019-12-11T08:29:25.273+0000][1][safepoint    ] Application time: 0.0000527 seconds
[2019-12-11T08:29:25.273+0000][1][safepoint    ] Entering safepoint region: RevokeBias
[2019-12-11T08:29:25.273+0000][1][safepoint    ] Leaving safepoint region
[2019-12-11T08:29:25.273+0000][1][safepoint    ] Total time for which application threads were stopped: 0.0000431 seconds, Stopping threads took: 0.0000070 seconds
[2019-12-11T08:29:25.273+0000][1][safepoint    ] Application time: 0.0000455 seconds
[2019-12-11T08:29:25.273+0000][1][safepoint    ] Entering safepoint region: RevokeBias
[2019-12-11T08:29:25.273+0000][1][safepoint    ] Leaving safepoint region
[2019-12-11T08:29:25.273+0000][1][safepoint    ] Total time for which application threads were stopped: 0.0000416 seconds, Stopping threads took: 0.0000071 seconds
[2019-12-11T08:29:26.274+0000][1][safepoint    ] Application time: 1.0005496 seconds
[2019-12-11T08:29:26.274+0000][1][safepoint    ] Entering safepoint region: Cleanup
[2019-12-11T08:29:26.274+0000][1][safepoint    ] Leaving safepoint region
[2019-12-11T08:29:26.274+0000][1][safepoint    ] Total time for which application threads were stopped: 0.0001405 seconds, Stopping threads took: 0.0000788 seconds
[2019-12-11T08:29:26.521+0000][1][safepoint    ] Application time: 0.2466386 seconds
[2019-12-11T08:29:26.521+0000][1][safepoint    ] Entering safepoint region: GenCollectForAllocation
[2019-12-11T08:29:26.521+0000][1][gc,start     ] GC(4) Pause Young (Allocation Failure)
[2019-12-11T08:29:26.521+0000][1][gc,task      ] GC(4) Using 2 workers of 2 for evacuation
[2019-12-11T08:29:26.721+0000][1][gc,age       ] GC(4) Desired survivor size 4456448 bytes, new threshold 2 (max threshold 6)
[2019-12-11T08:29:26.721+0000][1][gc,age       ] GC(4) Age table with threshold 2 (max threshold 6)
[2019-12-11T08:29:26.721+0000][1][gc,age       ] GC(4) - age   1:    2072760 bytes,    2072760 total
[2019-12-11T08:29:26.721+0000][1][gc,age       ] GC(4) - age   2:    2846744 bytes,    4919504 total
[2019-12-11T08:29:26.721+0000][1][gc,age       ] GC(4) - age   3:     865992 bytes,    5785496 total
[2019-12-11T08:29:26.721+0000][1][gc,heap      ] GC(4) ParNew: 75706K->6104K(78656K)
[2019-12-11T08:29:26.721+0000][1][gc,heap      ] GC(4) CMS: 7046K->7991K(174784K)
[2019-12-11T08:29:26.721+0000][1][gc,metaspace ] GC(4) Metaspace: 18836K->18836K(1067008K)
[2019-12-11T08:29:26.721+0000][1][gc           ] GC(4) Pause Young (Allocation Failure) 80M->13M(247M) 200.225ms
[2019-12-11T08:29:26.721+0000][1][gc,cpu       ] GC(4) User=0.05s Sys=0.00s Real=0.20s
[2019-12-11T08:29:26.721+0000][1][safepoint    ] Leaving safepoint region
[2019-12-11T08:29:26.721+0000][1][safepoint    ] Total time for which application threads were stopped: 0.2003772 seconds, Stopping threads took: 0.0000149 seconds
[2019-12-11T08:29:26.739+0000][1][safepoint    ] Application time: 0.0178210 seconds
[2019-12-11T08:29:26.804+0000][1][safepoint    ] Entering safepoint region: RevokeBias
[2019-12-11T08:29:26.804+0000][1][safepoint    ] Leaving safepoint region
[2019-12-11T08:29:26.804+0000][1][safepoint    ] Total time for which application threads were stopped: 0.0650803 seconds, Stopping threads took: 0.0649945 seconds
[2019-12-11T08:29:26.806+0000][1][safepoint    ] Application time: 0.0017548 seconds
[2019-12-11T08:29:26.806+0000][1][safepoint    ] Entering safepoint region: RevokeBias
[2019-12-11T08:29:26.806+0000][1][safepoint    ] Leaving safepoint region
[2019-12-11T08:29:26.806+0000][1][safepoint    ] Total time for which application threads were stopped: 0.0001347 seconds, Stopping threads took: 0.0000402 seconds
[2019-12-11T08:29:26.806+0000][1][safepoint    ] Application time: 0.0000919 seconds
[2019-12-11T08:29:26.806+0000][1][safepoint    ] Entering safepoint region: RevokeBias
[2019-12-11T08:29:26.806+0000][1][safepoint    ] Leaving safepoint region
[2019-12-11T08:29:26.806+0000][1][safepoint    ] Total time for which application threads were stopped: 0.0000787 seconds, Stopping threads took: 0.0000088 seconds
[2019-12-11T08:29:26.806+0000][1][safepoint    ] Application time: 0.0000513 seconds
[2019-12-11T08:29:26.806+0000][1][safepoint    ] Entering safepoint region: RevokeBias
[2019-12-11T08:29:26.806+0000][1][safepoint    ] Leaving safepoint region
[2019-12-11T08:29:26.806+0000][1][safepoint    ] Total time for which application threads were stopped: 0.0000662 seconds, Stopping threads took: 0.0000079 seconds
[2019-12-11T08:29:26.930+0000][1][safepoint    ] Application time: 0.1240908 seconds
[2019-12-11T08:29:26.930+0000][1][safepoint    ] Entering safepoint region: Deoptimize
[2019-12-11T08:29:26.931+0000][1][safepoint    ] Leaving safepoint region
[2019-12-11T08:29:26.931+0000][1][safepoint    ] Total time for which application threads were stopped: 0.0004260 seconds, Stopping threads took: 0.0000115 seconds
[2019-12-11T08:29:27.432+0000][1][safepoint    ] Application time: 0.5009286 seconds
[2019-12-11T08:29:27.432+0000][1][safepoint    ] Entering safepoint region: Deoptimize
[2019-12-11T08:29:27.432+0000][1][safepoint    ] Leaving safepoint region
[2019-12-11T08:29:27.432+0000][1][safepoint    ] Total time for which application threads were stopped: 0.0004661 seconds, Stopping threads took: 0.0000149 seconds
[2019-12-11T08:29:27.449+0000][1][safepoint    ] Application time: 0.0166341 seconds
[2019-12-11T08:29:27.449+0000][1][safepoint    ] Entering safepoint region: RevokeBias
[2019-12-11T08:29:27.449+0000][1][safepoint    ] Leaving safepoint region
[2019-12-11T08:29:27.449+0000][1][safepoint    ] Total time for which application threads were stopped: 0.0000847 seconds, Stopping threads took: 0.0000125 seconds
[2019-12-11T08:29:27.477+0000][1][safepoint    ] Application time: 0.0276285 seconds
[2019-12-11T08:29:27.477+0000][1][safepoint    ] Entering safepoint region: RevokeBias
[2019-12-11T08:29:27.477+0000][1][safepoint    ] Leaving safepoint region
[2019-12-11T08:29:27.477+0000][1][safepoint    ] Total time for which application threads were stopped: 0.0000904 seconds, Stopping threads took: 0.0000182 seconds
[2019-12-11T08:29:28.439+0000][1][safepoint    ] Application time: 0.9619552 seconds
[2019-12-11T08:29:28.439+0000][1][safepoint    ] Entering safepoint region: GenCollectForAllocation
[2019-12-11T08:29:28.439+0000][1][gc,start     ] GC(5) Pause Young (Allocation Failure)
[2019-12-11T08:29:28.439+0000][1][gc,task      ] GC(5) Using 2 workers of 2 for evacuation
[2019-12-11T08:29:28.615+0000][1][gc,age       ] GC(5) Desired survivor size 4456448 bytes, new threshold 6 (max threshold 6)
[2019-12-11T08:29:28.615+0000][1][gc,age       ] GC(5) Age table with threshold 6 (max threshold 6)
[2019-12-11T08:29:28.615+0000][1][gc,age       ] GC(5) - age   1:    3033008 bytes,    3033008 total
[2019-12-11T08:29:28.615+0000][1][gc,age       ] GC(5) - age   2:     442776 bytes,    3475784 total
[2019-12-11T08:29:28.615+0000][1][gc,heap      ] GC(5) ParNew: 76056K->5254K(78656K)
[2019-12-11T08:29:28.615+0000][1][gc,heap      ] GC(5) CMS: 7991K->11647K(174784K)
[2019-12-11T08:29:28.615+0000][1][gc,metaspace ] GC(5) Metaspace: 19174K->19174K(1067008K)
[2019-12-11T08:29:28.615+0000][1][gc           ] GC(5) Pause Young (Allocation Failure) 82M->16M(247M) 176.080ms
[2019-12-11T08:29:28.615+0000][1][gc,cpu       ] GC(5) User=0.04s Sys=0.00s Real=0.18s
[2019-12-11T08:29:28.615+0000][1][safepoint    ] Leaving safepoint region
[2019-12-11T08:29:28.615+0000][1][safepoint    ] Total time for which application threads were stopped: 0.1762259 seconds, Stopping threads took: 0.0000133 seconds
[2019-12-11T08:29:28.617+0000][1][safepoint    ] Application time: 0.0017939 seconds
[2019-12-11T08:29:28.692+0000][1][safepoint    ] Entering safepoint region: RevokeBias
[2019-12-11T08:29:28.692+0000][1][safepoint    ] Leaving safepoint region
[2019-12-11T08:29:28.692+0000][1][safepoint    ] Total time for which application threads were stopped: 0.0750753 seconds, Stopping threads took: 0.0749905 seconds
[2019-12-11T08:29:28.692+0000][1][safepoint    ] Application time: 0.0000764 seconds
[2019-12-11T08:29:28.692+0000][1][safepoint    ] Entering safepoint region: RevokeBias
[2019-12-11T08:29:28.692+0000][1][safepoint    ] Leaving safepoint region
[2019-12-11T08:29:28.692+0000][1][safepoint    ] Total time for which application threads were stopped: 0.0000652 seconds, Stopping threads took: 0.0000096 seconds
[2019-12-11T08:29:28.692+0000][1][safepoint    ] Application time: 0.0000692 seconds
[2019-12-11T08:29:28.692+0000][1][safepoint    ] Entering safepoint region: RevokeBias
[2019-12-11T08:29:28.692+0000][1][safepoint    ] Leaving safepoint region
[2019-12-11T08:29:28.692+0000][1][safepoint    ] Total time for which application threads were stopped: 0.0000574 seconds, Stopping threads took: 0.0000087 seconds
[2019-12-11T08:29:28.692+0000][1][safepoint    ] Application time: 0.0000526 seconds
[2019-12-11T08:29:28.692+0000][1][safepoint    ] Entering safepoint region: RevokeBias
[2019-12-11T08:29:28.692+0000][1][safepoint    ] Leaving safepoint region
[2019-12-11T08:29:28.692+0000][1][safepoint    ] Total time for which application threads were stopped: 0.0000466 seconds, Stopping threads took: 0.0000074 seconds
[2019-12-11T08:29:28.692+0000][1][safepoint    ] Application time: 0.0000576 seconds
[2019-12-11T08:29:28.692+0000][1][safepoint    ] Entering safepoint region: RevokeBias
[2019-12-11T08:29:28.692+0000][1][safepoint    ] Leaving safepoint region
[2019-12-11T08:29:28.692+0000][1][safepoint    ] Total time for which application threads were stopped: 0.0000479 seconds, Stopping threads took: 0.0000082 seconds
[2019-12-11T08:29:28.693+0000][1][safepoint    ] Application time: 0.0000508 seconds
[2019-12-11T08:29:28.693+0000][1][safepoint    ] Entering safepoint region: RevokeBias
[2019-12-11T08:29:28.693+0000][1][safepoint    ] Leaving safepoint region
[2019-12-11T08:29:28.693+0000][1][safepoint    ] Total time for which application threads were stopped: 0.0000474 seconds, Stopping threads took: 0.0000078 seconds
[2019-12-11T08:29:29.629+0000][1][safepoint    ] Application time: 0.9361090 seconds
[2019-12-11T08:29:29.629+0000][1][safepoint    ] Entering safepoint region: RevokeBias
[2019-12-11T08:29:29.629+0000][1][safepoint    ] Leaving safepoint region
[2019-12-11T08:29:29.629+0000][1][safepoint    ] Total time for which application threads were stopped: 0.0000819 seconds, Stopping threads took: 0.0000143 seconds
[2019-12-11T08:29:29.655+0000][1][safepoint    ] Application time: 0.0259512 seconds
[2019-12-11T08:29:29.655+0000][1][safepoint    ] Entering safepoint region: RevokeBias
[2019-12-11T08:29:29.655+0000][1][safepoint    ] Leaving safepoint region
[2019-12-11T08:29:29.655+0000][1][safepoint    ] Total time for which application threads were stopped: 0.0000698 seconds, Stopping threads took: 0.0000138 seconds
[2019-12-11T08:29:29.985+0000][1][safepoint    ] Application time: 0.3299052 seconds
[2019-12-11T08:29:29.985+0000][1][safepoint    ] Entering safepoint region: GenCollectForAllocation
[2019-12-11T08:29:29.985+0000][1][gc,start     ] GC(6) Pause Young (Allocation Failure)
[2019-12-11T08:29:29.985+0000][1][gc,task      ] GC(6) Using 2 workers of 2 for evacuation
[2019-12-11T08:29:30.041+0000][1][gc,age       ] GC(6) Desired survivor size 4456448 bytes, new threshold 6 (max threshold 6)
[2019-12-11T08:29:30.041+0000][1][gc,age       ] GC(6) Age table with threshold 6 (max threshold 6)
[2019-12-11T08:29:30.041+0000][1][gc,age       ] GC(6) - age   1:    1489504 bytes,    1489504 total
[2019-12-11T08:29:30.041+0000][1][gc,age       ] GC(6) - age   2:    2192552 bytes,    3682056 total
[2019-12-11T08:29:30.041+0000][1][gc,age       ] GC(6) - age   3:     442776 bytes,    4124832 total
[2019-12-11T08:29:30.041+0000][1][gc,heap      ] GC(6) ParNew: 75206K->5789K(78656K)
[2019-12-11T08:29:30.041+0000][1][gc,heap      ] GC(6) CMS: 11647K->11647K(174784K)
[2019-12-11T08:29:30.041+0000][1][gc,metaspace ] GC(6) Metaspace: 19478K->19478K(1067008K)
[2019-12-11T08:29:30.041+0000][1][gc           ] GC(6) Pause Young (Allocation Failure) 84M->17M(247M) 55.996ms
[2019-12-11T08:29:30.041+0000][1][gc,cpu       ] GC(6) User=0.02s Sys=0.00s Real=0.05s
[2019-12-11T08:29:30.041+0000][1][safepoint    ] Leaving safepoint region
[2019-12-11T08:29:30.041+0000][1][safepoint    ] Total time for which application threads were stopped: 0.0561251 seconds, Stopping threads took: 0.0000150 seconds
[2019-12-11T08:29:30.064+0000][1][safepoint    ] Application time: 0.0227382 seconds
[2019-12-11T08:29:30.064+0000][1][safepoint    ] Entering safepoint region: RevokeBias
[2019-12-11T08:29:30.064+0000][1][safepoint    ] Leaving safepoint region
[2019-12-11T08:29:30.064+0000][1][safepoint    ] Total time for which application threads were stopped: 0.0000921 seconds, Stopping threads took: 0.0000131 seconds
[2019-12-11T08:29:30.064+0000][1][safepoint    ] Application time: 0.0000559 seconds
[2019-12-11T08:29:30.064+0000][1][safepoint    ] Entering safepoint region: RevokeBias
[2019-12-11T08:29:30.064+0000][1][safepoint    ] Leaving safepoint region
[2019-12-11T08:29:30.064+0000][1][safepoint    ] Total time for which application threads were stopped: 0.0000438 seconds, Stopping threads took: 0.0000078 seconds
[2019-12-11T08:29:30.064+0000][1][safepoint    ] Application time: 0.0000545 seconds
[2019-12-11T08:29:30.064+0000][1][safepoint    ] Entering safepoint region: BulkRevokeBias
[2019-12-11T08:29:30.064+0000][1][safepoint    ] Leaving safepoint region
[2019-12-11T08:29:30.064+0000][1][safepoint    ] Total time for which application threads were stopped: 0.0000778 seconds, Stopping threads took: 0.0000079 seconds
[2019-12-11T08:29:30.064+0000][1][safepoint    ] Application time: 0.0000485 seconds
[2019-12-11T08:29:30.064+0000][1][safepoint    ] Entering safepoint region: BulkRevokeBias
[2019-12-11T08:29:30.064+0000][1][safepoint    ] Leaving safepoint region
[2019-12-11T08:29:30.064+0000][1][safepoint    ] Total time for which application threads were stopped: 0.0000632 seconds, Stopping threads took: 0.0000072 seconds
[2019-12-11T08:29:30.835+0000][1][safepoint    ] Application time: 0.7705222 seconds
[2019-12-11T08:29:30.835+0000][1][safepoint    ] Entering safepoint region: GenCollectForAllocation
[2019-12-11T08:29:30.835+0000][1][gc,start     ] GC(7) Pause Young (Allocation Failure)
[2019-12-11T08:29:30.835+0000][1][gc,task      ] GC(7) Using 2 workers of 2 for evacuation
[2019-12-11T08:29:30.947+0000][1][gc,age       ] GC(7) Desired survivor size 4456448 bytes, new threshold 6 (max threshold 6)
[2019-12-11T08:29:30.947+0000][1][gc,age       ] GC(7) Age table with threshold 6 (max threshold 6)
[2019-12-11T08:29:30.947+0000][1][gc,age       ] GC(7) - age   1:     407992 bytes,     407992 total
[2019-12-11T08:29:30.947+0000][1][gc,age       ] GC(7) - age   2:    1129000 bytes,    1536992 total
[2019-12-11T08:29:30.947+0000][1][gc,age       ] GC(7) - age   3:    2192472 bytes,    3729464 total
[2019-12-11T08:29:30.947+0000][1][gc,age       ] GC(7) - age   4:     442776 bytes,    4172240 total
[2019-12-11T08:29:30.947+0000][1][gc,heap      ] GC(7) ParNew: 75741K->5978K(78656K)
[2019-12-11T08:29:30.947+0000][1][gc,heap      ] GC(7) CMS: 11647K->11647K(174784K)
[2019-12-11T08:29:30.947+0000][1][gc,metaspace ] GC(7) Metaspace: 19756K->19756K(1067008K)
[2019-12-11T08:29:30.947+0000][1][gc           ] GC(7) Pause Young (Allocation Failure) 85M->17M(247M) 112.060ms
[2019-12-11T08:29:30.947+0000][1][gc,cpu       ] GC(7) User=0.01s Sys=0.00s Real=0.11s
[2019-12-11T08:29:30.947+0000][1][safepoint    ] Leaving safepoint region
[2019-12-11T08:29:30.947+0000][1][safepoint    ] Total time for which application threads were stopped: 0.1122190 seconds, Stopping threads took: 0.0000130 seconds
[2019-12-11T08:29:31.625+0000][1][safepoint    ] Application time: 0.6774558 seconds
[2019-12-11T08:29:31.625+0000][1][safepoint    ] Entering safepoint region: CollectForMetadataAllocation
[2019-12-11T08:29:31.625+0000][1][safepoint    ] Leaving safepoint region
[2019-12-11T08:29:31.625+0000][1][safepoint    ] Total time for which application threads were stopped: 0.0002922 seconds, Stopping threads took: 0.0000135 seconds
[2019-12-11T08:29:31.908+0000][1][safepoint    ] Application time: 0.2832711 seconds
[2019-12-11T08:29:31.908+0000][1][safepoint    ] Entering safepoint region: CollectForMetadataAllocation
[2019-12-11T08:29:31.908+0000][1][safepoint    ] Leaving safepoint region
[2019-12-11T08:29:31.908+0000][1][safepoint    ] Total time for which application threads were stopped: 0.0002501 seconds, Stopping threads took: 0.0000133 seconds
[2019-12-11T08:29:32.627+0000][1][safepoint    ] Application time: 0.7185934 seconds
[2019-12-11T08:29:32.627+0000][1][safepoint    ] Entering safepoint region: RevokeBias
[2019-12-11T08:29:32.627+0000][1][safepoint    ] Leaving safepoint region
[2019-12-11T08:29:32.627+0000][1][safepoint    ] Total time for which application threads were stopped: 0.0000957 seconds, Stopping threads took: 0.0000135 seconds
[2019-12-11T08:29:32.638+0000][1][safepoint    ] Application time: 0.0109420 seconds
[2019-12-11T08:29:32.638+0000][1][safepoint    ] Entering safepoint region: RevokeBias
[2019-12-11T08:29:32.638+0000][1][safepoint    ] Leaving safepoint region
[2019-12-11T08:29:32.638+0000][1][safepoint    ] Total time for which application threads were stopped: 0.0001424 seconds, Stopping threads took: 0.0000671 seconds
[2019-12-11T08:29:32.826+0000][1][safepoint    ] Application time: 0.1872871 seconds
[2019-12-11T08:29:32.826+0000][1][safepoint    ] Entering safepoint region: GenCollectForAllocation
[2019-12-11T08:29:32.826+0000][1][gc,start     ] GC(8) Pause Young (Allocation Failure)
[2019-12-11T08:29:32.826+0000][1][gc,task      ] GC(8) Using 2 workers of 2 for evacuation
[2019-12-11T08:29:32.862+0000][1][gc,age       ] GC(8) Desired survivor size 4456448 bytes, new threshold 4 (max threshold 6)
[2019-12-11T08:29:32.862+0000][1][gc,age       ] GC(8) Age table with threshold 4 (max threshold 6)
[2019-12-11T08:29:32.862+0000][1][gc,age       ] GC(8) - age   1:     944048 bytes,     944048 total
[2019-12-11T08:29:32.862+0000][1][gc,age       ] GC(8) - age   2:     374368 bytes,    1318416 total
[2019-12-11T08:29:32.862+0000][1][gc,age       ] GC(8) - age   3:    1128856 bytes,    2447272 total
[2019-12-11T08:29:32.862+0000][1][gc,age       ] GC(8) - age   4:    2190256 bytes,    4637528 total
[2019-12-11T08:29:32.862+0000][1][gc,age       ] GC(8) - age   5:     442776 bytes,    5080304 total
[2019-12-11T08:29:32.862+0000][1][gc,heap      ] GC(8) ParNew: 75930K->6078K(78656K)
[2019-12-11T08:29:32.862+0000][1][gc,heap      ] GC(8) CMS: 11647K->11647K(174784K)
[2019-12-11T08:29:32.862+0000][1][gc,metaspace ] GC(8) Metaspace: 20563K->20563K(1069056K)
[2019-12-11T08:29:32.862+0000][1][gc           ] GC(8) Pause Young (Allocation Failure) 85M->17M(247M) 36.274ms
[2019-12-11T08:29:32.862+0000][1][gc,cpu       ] GC(8) User=0.01s Sys=0.00s Real=0.03s
[2019-12-11T08:29:32.862+0000][1][safepoint    ] Leaving safepoint region
[2019-12-11T08:29:32.862+0000][1][safepoint    ] Total time for which application threads were stopped: 0.0364173 seconds, Stopping threads took: 0.0000135 seconds
[2019-12-11T08:29:32.877+0000][1][safepoint    ] Application time: 0.0147871 seconds
[2019-12-11T08:29:32.949+0000][1][safepoint    ] Entering safepoint region: CMS_Initial_Mark
[2019-12-11T08:29:32.949+0000][1][gc,start     ] GC(9) Pause Initial Mark
[2019-12-11T08:29:32.951+0000][1][gc           ] GC(9) Pause Initial Mark 21M->21M(247M) 2.324ms
[2019-12-11T08:29:32.951+0000][1][gc,cpu       ] GC(9) User=0.00s Sys=0.00s Real=0.00s
[2019-12-11T08:29:32.951+0000][1][safepoint    ] Leaving safepoint region
[2019-12-11T08:29:32.952+0000][1][safepoint    ] Total time for which application threads were stopped: 0.0746460 seconds, Stopping threads took: 0.0722273 seconds
[2019-12-11T08:29:32.952+0000][1][gc           ] GC(9) Concurrent Mark
[2019-12-11T08:29:33.078+0000][1][gc           ] GC(9) Concurrent Mark 126.503ms
[2019-12-11T08:29:33.078+0000][1][gc,cpu       ] GC(9) User=0.05s Sys=0.00s Real=0.13s
[2019-12-11T08:29:33.078+0000][1][gc           ] GC(9) Concurrent Preclean
[2019-12-11T08:29:33.079+0000][1][gc           ] GC(9) Concurrent Preclean 0.476ms
[2019-12-11T08:29:33.079+0000][1][gc,cpu       ] GC(9) User=0.00s Sys=0.00s Real=0.00s
[2019-12-11T08:29:33.079+0000][1][gc           ] GC(9) Concurrent Abortable Preclean
[2019-12-11T08:29:33.147+0000][1][safepoint    ] Application time: 0.1954457 seconds
[2019-12-11T08:29:33.147+0000][1][safepoint    ] Entering safepoint region: RevokeBias
[2019-12-11T08:29:33.147+0000][1][safepoint    ] Leaving safepoint region
[2019-12-11T08:29:33.147+0000][1][safepoint    ] Total time for which application threads were stopped: 0.0000938 seconds, Stopping threads took: 0.0000155 seconds
[2019-12-11T08:29:33.256+0000][1][safepoint    ] Application time: 0.1086159 seconds
[2019-12-11T08:29:33.256+0000][1][safepoint    ] Entering safepoint region: RevokeBias
[2019-12-11T08:29:33.256+0000][1][safepoint    ] Leaving safepoint region
[2019-12-11T08:29:33.256+0000][1][safepoint    ] Total time for which application threads were stopped: 0.0001077 seconds, Stopping threads took: 0.0000168 seconds
[2019-12-11T08:29:33.955+0000][1][safepoint    ] Application time: 0.6988696 seconds
[2019-12-11T08:29:33.955+0000][1][safepoint    ] Entering safepoint region: RevokeBias
[2019-12-11T08:29:33.955+0000][1][safepoint    ] Leaving safepoint region
[2019-12-11T08:29:33.955+0000][1][safepoint    ] Total time for which application threads were stopped: 0.0001015 seconds, Stopping threads took: 0.0000217 seconds
[2019-12-11T08:29:33.980+0000][1][safepoint    ] Application time: 0.0246245 seconds
[2019-12-11T08:29:33.980+0000][1][safepoint    ] Entering safepoint region: RevokeBias
[2019-12-11T08:29:33.980+0000][1][safepoint    ] Leaving safepoint region
[2019-12-11T08:29:33.980+0000][1][safepoint    ] Total time for which application threads were stopped: 0.0000881 seconds, Stopping threads took: 0.0000138 seconds
[2019-12-11T08:29:34.028+0000][1][safepoint    ] Application time: 0.0480995 seconds
[2019-12-11T08:29:34.028+0000][1][safepoint    ] Entering safepoint region: RevokeBias
[2019-12-11T08:29:34.028+0000][1][safepoint    ] Leaving safepoint region
[2019-12-11T08:29:34.028+0000][1][safepoint    ] Total time for which application threads were stopped: 0.0000917 seconds, Stopping threads took: 0.0000164 seconds
[2019-12-11T08:29:34.386+0000][1][safepoint    ] Application time: 0.3578319 seconds
[2019-12-11T08:29:34.386+0000][1][safepoint    ] Entering safepoint region: GenCollectForAllocation
[2019-12-11T08:29:34.386+0000][1][gc,start     ] GC(10) Pause Young (Allocation Failure)
[2019-12-11T08:29:34.386+0000][1][gc,task      ] GC(10) Using 2 workers of 2 for evacuation
[2019-12-11T08:29:34.410+0000][1][gc           ] GC(9) Concurrent Abortable Preclean 1331.284ms
[2019-12-11T08:29:34.410+0000][1][gc,cpu       ] GC(9) User=0.30s Sys=0.00s Real=1.33s
[2019-12-11T08:29:34.525+0000][1][gc,age       ] GC(10) Desired survivor size 4456448 bytes, new threshold 6 (max threshold 6)
[2019-12-11T08:29:34.525+0000][1][gc,age       ] GC(10) Age table with threshold 6 (max threshold 6)
[2019-12-11T08:29:34.525+0000][1][gc,age       ] GC(10) - age   1:    1187792 bytes,    1187792 total
[2019-12-11T08:29:34.525+0000][1][gc,age       ] GC(10) - age   2:     636696 bytes,    1824488 total
[2019-12-11T08:29:34.525+0000][1][gc,age       ] GC(10) - age   3:     374368 bytes,    2198856 total
[2019-12-11T08:29:34.525+0000][1][gc,age       ] GC(10) - age   4:    1128856 bytes,    3327712 total
[2019-12-11T08:29:34.525+0000][1][gc,heap      ] GC(10) ParNew: 76030K->4734K(78656K)
[2019-12-11T08:29:34.525+0000][1][gc,heap      ] GC(10) CMS: 11647K->14236K(174784K)
[2019-12-11T08:29:34.525+0000][1][gc,metaspace ] GC(10) Metaspace: 20670K->20670K(1069056K)
[2019-12-11T08:29:34.525+0000][1][gc           ] GC(10) Pause Young (Allocation Failure) 85M->18M(247M) 139.445ms
[2019-12-11T08:29:34.525+0000][1][gc,cpu       ] GC(10) User=0.03s Sys=0.00s Real=0.14s
[2019-12-11T08:29:34.525+0000][1][safepoint    ] Leaving safepoint region
[2019-12-11T08:29:34.525+0000][1][safepoint    ] Total time for which application threads were stopped: 0.1395670 seconds, Stopping threads took: 0.0000140 seconds
[2019-12-11T08:29:34.544+0000][1][safepoint    ] Application time: 0.0188773 seconds
[2019-12-11T08:29:34.544+0000][1][safepoint    ] Entering safepoint region: RevokeBias
[2019-12-11T08:29:34.544+0000][1][safepoint    ] Leaving safepoint region
[2019-12-11T08:29:34.544+0000][1][safepoint    ] Total time for which application threads were stopped: 0.0000957 seconds, Stopping threads took: 0.0000122 seconds
[2019-12-11T08:29:34.558+0000][1][safepoint    ] Application time: 0.0135351 seconds
[2019-12-11T08:29:34.612+0000][1][safepoint    ] Entering safepoint region: CMS_Final_Remark
[2019-12-11T08:29:34.612+0000][1][gc,start     ] GC(9) Pause Remark
[2019-12-11T08:29:34.680+0000][1][gc           ] GC(9) Pause Remark 28M->28M(247M) 68.186ms
[2019-12-11T08:29:34.680+0000][1][gc,cpu       ] GC(9) User=0.03s Sys=0.00s Real=0.07s
[2019-12-11T08:29:34.680+0000][1][safepoint    ] Leaving safepoint region
[2019-12-11T08:29:34.680+0000][1][safepoint    ] Total time for which application threads were stopped: 0.1219572 seconds, Stopping threads took: 0.0536430 seconds
[2019-12-11T08:29:34.682+0000][1][gc           ] GC(9) Concurrent Sweep
[2019-12-11T08:29:34.709+0000][1][gc           ] GC(9) Concurrent Sweep 27.056ms
[2019-12-11T08:29:34.709+0000][1][gc,cpu       ] GC(9) User=0.01s Sys=0.00s Real=0.03s
[2019-12-11T08:29:34.709+0000][1][gc           ] GC(9) Concurrent Reset
[2019-12-11T08:29:34.710+0000][1][gc           ] GC(9) Concurrent Reset 0.358ms
[2019-12-11T08:29:34.710+0000][1][gc,cpu       ] GC(9) User=0.00s Sys=0.00s Real=0.00s
[2019-12-11T08:29:34.710+0000][1][gc,heap      ] GC(9) Old: 11647K->14226K(174784K)
[2019-12-11T08:29:34.710+0000][1][safepoint    ] Application time: 0.0300663 seconds
[2019-12-11T08:29:34.710+0000][1][safepoint    ] Entering safepoint region: RevokeBias
[2019-12-11T08:29:34.710+0000][1][safepoint    ] Leaving safepoint region
[2019-12-11T08:29:34.710+0000][1][safepoint    ] Total time for which application threads were stopped: 0.0004962 seconds, Stopping threads took: 0.0000131 seconds
[2019-12-11T08:29:35.126+0000][1][safepoint    ] Application time: 0.4152784 seconds
[2019-12-11T08:29:35.126+0000][1][safepoint    ] Entering safepoint region: RevokeBias
[2019-12-11T08:29:35.126+0000][1][safepoint    ] Leaving safepoint region
[2019-12-11T08:29:35.126+0000][1][safepoint    ] Total time for which application threads were stopped: 0.0000868 seconds, Stopping threads took: 0.0000135 seconds
[2019-12-11T08:29:35.143+0000][1][safepoint    ] Application time: 0.0173251 seconds
[2019-12-11T08:29:35.143+0000][1][safepoint    ] Entering safepoint region: RevokeBias
[2019-12-11T08:29:35.143+0000][1][safepoint    ] Leaving safepoint region
[2019-12-11T08:29:35.143+0000][1][safepoint    ] Total time for which application threads were stopped: 0.0001104 seconds, Stopping threads took: 0.0000119 seconds
[2019-12-11T08:29:35.402+0000][1][safepoint    ] Application time: 0.2584855 seconds
[2019-12-11T08:29:35.402+0000][1][safepoint    ] Entering safepoint region: RevokeBias
[2019-12-11T08:29:35.402+0000][1][safepoint    ] Leaving safepoint region
[2019-12-11T08:29:35.402+0000][1][safepoint    ] Total time for which application threads were stopped: 0.0001718 seconds, Stopping threads took: 0.0000143 seconds
[2019-12-11T08:29:35.439+0000][1][safepoint    ] Application time: 0.0371383 seconds
[2019-12-11T08:29:35.439+0000][1][safepoint    ] Entering safepoint region: RevokeBias
[2019-12-11T08:29:35.439+0000][1][safepoint    ] Leaving safepoint region
[2019-12-11T08:29:35.439+0000][1][safepoint    ] Total time for which application threads were stopped: 0.0001058 seconds, Stopping threads took: 0.0000127 seconds
[2019-12-11T08:29:35.457+0000][1][safepoint    ] Application time: 0.0171727 seconds
[2019-12-11T08:29:35.457+0000][1][safepoint    ] Entering safepoint region: RevokeBias
[2019-12-11T08:29:35.457+0000][1][safepoint    ] Leaving safepoint region
[2019-12-11T08:29:35.458+0000][1][safepoint    ] Total time for which application threads were stopped: 0.0012015 seconds, Stopping threads took: 0.0000678 seconds
[2019-12-11T08:29:35.531+0000][1][safepoint    ] Application time: 0.0728397 seconds
[2019-12-11T08:29:35.531+0000][1][safepoint    ] Entering safepoint region: GenCollectForAllocation
[2019-12-11T08:29:35.531+0000][1][gc,start     ] GC(11) Pause Young (Allocation Failure)
[2019-12-11T08:29:35.531+0000][1][gc,task      ] GC(11) Using 2 workers of 2 for evacuation
[2019-12-11T08:29:35.659+0000][1][gc,age       ] GC(11) Desired survivor size 4456448 bytes, new threshold 6 (max threshold 6)
[2019-12-11T08:29:35.659+0000][1][gc,age       ] GC(11) Age table with threshold 6 (max threshold 6)
[2019-12-11T08:29:35.659+0000][1][gc,age       ] GC(11) - age   1:    1002656 bytes,    1002656 total
[2019-12-11T08:29:35.659+0000][1][gc,age       ] GC(11) - age   2:      97424 bytes,    1100080 total
[2019-12-11T08:29:35.659+0000][1][gc,age       ] GC(11) - age   3:     636648 bytes,    1736728 total
[2019-12-11T08:29:35.660+0000][1][gc,age       ] GC(11) - age   4:     374264 bytes,    2110992 total
[2019-12-11T08:29:35.660+0000][1][gc,age       ] GC(11) - age   5:    1128568 bytes,    3239560 total
[2019-12-11T08:29:35.660+0000][1][gc,heap      ] GC(11) ParNew: 74686K->3620K(78656K)
[2019-12-11T08:29:35.660+0000][1][gc,heap      ] GC(11) CMS: 14226K->14226K(174784K)
[2019-12-11T08:29:35.660+0000][1][gc,metaspace ] GC(11) Metaspace: 20732K->20732K(1069056K)
[2019-12-11T08:29:35.660+0000][1][gc           ] GC(11) Pause Young (Allocation Failure) 86M->17M(247M) 128.866ms
[2019-12-11T08:29:35.660+0000][1][gc,cpu       ] GC(11) User=0.02s Sys=0.00s Real=0.13s
[2019-12-11T08:29:35.660+0000][1][safepoint    ] Leaving safepoint region
[2019-12-11T08:29:35.660+0000][1][safepoint    ] Total time for which application threads were stopped: 0.1290192 seconds, Stopping threads took: 0.0000139 seconds
[2019-12-11T08:29:35.698+0000][1][safepoint    ] Application time: 0.0378888 seconds
[2019-12-11T08:29:35.698+0000][1][safepoint    ] Entering safepoint region: RevokeBias
[2019-12-11T08:29:35.698+0000][1][safepoint    ] Leaving safepoint region
[2019-12-11T08:29:35.698+0000][1][safepoint    ] Total time for which application threads were stopped: 0.0000866 seconds, Stopping threads took: 0.0000138 seconds
[2019-12-11T08:29:35.736+0000][1][safepoint    ] Application time: 0.0381922 seconds
[2019-12-11T08:29:35.736+0000][1][safepoint    ] Entering safepoint region: RevokeBias
[2019-12-11T08:29:35.736+0000][1][safepoint    ] Leaving safepoint region
[2019-12-11T08:29:35.736+0000][1][safepoint    ] Total time for which application threads were stopped: 0.0000897 seconds, Stopping threads took: 0.0000142 seconds
[2019-12-11T08:29:35.984+0000][1][safepoint    ] Application time: 0.2479281 seconds
[2019-12-11T08:29:35.984+0000][1][safepoint    ] Entering safepoint region: RevokeBias
[2019-12-11T08:29:35.984+0000][1][safepoint    ] Leaving safepoint region
[2019-12-11T08:29:35.984+0000][1][safepoint    ] Total time for which application threads were stopped: 0.0001530 seconds, Stopping threads took: 0.0000140 seconds
[2019-12-11T08:29:35.986+0000][1][safepoint    ] Application time: 0.0013841 seconds
[2019-12-11T08:29:35.986+0000][1][safepoint    ] Entering safepoint region: RevokeBias
[2019-12-11T08:29:35.986+0000][1][safepoint    ] Leaving safepoint region
[2019-12-11T08:29:35.986+0000][1][safepoint    ] Total time for which application threads were stopped: 0.0000718 seconds, Stopping threads took: 0.0000124 seconds
[2019-12-11T08:29:36.290+0000][1][safepoint    ] Application time: 0.3039016 seconds
[2019-12-11T08:29:36.290+0000][1][safepoint    ] Entering safepoint region: RevokeBias
[2019-12-11T08:29:36.290+0000][1][safepoint    ] Leaving safepoint region
[2019-12-11T08:29:36.290+0000][1][safepoint    ] Total time for which application threads were stopped: 0.0001800 seconds, Stopping threads took: 0.0000138 seconds
[2019-12-11T08:29:36.314+0000][1][safepoint    ] Application time: 0.0239957 seconds
[2019-12-11T08:29:36.314+0000][1][safepoint    ] Entering safepoint region: RevokeBias
[2019-12-11T08:29:36.314+0000][1][safepoint    ] Leaving safepoint region
[2019-12-11T08:29:36.314+0000][1][safepoint    ] Total time for which application threads were stopped: 0.0001583 seconds, Stopping threads took: 0.0000139 seconds
[2019-12-11T08:29:36.558+0000][1][safepoint    ] Application time: 0.2444003 seconds
[2019-12-11T08:29:36.558+0000][1][safepoint    ] Entering safepoint region: Deoptimize
[2019-12-11T08:29:36.559+0000][1][safepoint    ] Leaving safepoint region
[2019-12-11T08:29:36.559+0000][1][safepoint    ] Total time for which application threads were stopped: 0.0004540 seconds, Stopping threads took: 0.0000134 seconds
[2019-12-11T08:29:37.576+0000][1][safepoint    ] Application time: 1.0168551 seconds
[2019-12-11T08:29:37.576+0000][1][safepoint    ] Entering safepoint region: Cleanup
[2019-12-11T08:29:37.576+0000][1][safepoint    ] Leaving safepoint region
[2019-12-11T08:29:37.576+0000][1][safepoint    ] Total time for which application threads were stopped: 0.0000785 seconds, Stopping threads took: 0.0000161 seconds
[2019-12-11T08:29:38.247+0000][1][safepoint    ] Application time: 0.6708754 seconds
[2019-12-11T08:29:38.247+0000][1][safepoint    ] Entering safepoint region: GenCollectForAllocation
[2019-12-11T08:29:38.247+0000][1][gc,start     ] GC(12) Pause Young (Allocation Failure)
[2019-12-11T08:29:38.247+0000][1][gc,task      ] GC(12) Using 2 workers of 2 for evacuation
[2019-12-11T08:29:38.374+0000][1][gc,age       ] GC(12) Desired survivor size 4456448 bytes, new threshold 6 (max threshold 6)
[2019-12-11T08:29:38.374+0000][1][gc,age       ] GC(12) Age table with threshold 6 (max threshold 6)
[2019-12-11T08:29:38.374+0000][1][gc,age       ] GC(12) - age   1:    1129952 bytes,    1129952 total
[2019-12-11T08:29:38.374+0000][1][gc,age       ] GC(12) - age   2:     305680 bytes,    1435632 total
[2019-12-11T08:29:38.374+0000][1][gc,age       ] GC(12) - age   3:      97424 bytes,    1533056 total
[2019-12-11T08:29:38.374+0000][1][gc,age       ] GC(12) - age   4:     636584 bytes,    2169640 total
[2019-12-11T08:29:38.374+0000][1][gc,age       ] GC(12) - age   5:     374264 bytes,    2543904 total
[2019-12-11T08:29:38.374+0000][1][gc,age       ] GC(12) - age   6:    1128568 bytes,    3672472 total
[2019-12-11T08:29:38.374+0000][1][gc,heap      ] GC(12) ParNew: 73572K->4916K(78656K)
[2019-12-11T08:29:38.374+0000][1][gc,heap      ] GC(12) CMS: 14226K->14226K(174784K)
[2019-12-11T08:29:38.374+0000][1][gc,metaspace ] GC(12) Metaspace: 22919K->22919K(1071104K)
[2019-12-11T08:29:38.374+0000][1][gc           ] GC(12) Pause Young (Allocation Failure) 85M->18M(247M) 127.172ms
[2019-12-11T08:29:38.374+0000][1][gc,cpu       ] GC(12) User=0.02s Sys=0.00s Real=0.12s
[2019-12-11T08:29:38.374+0000][1][safepoint    ] Leaving safepoint region
[2019-12-11T08:29:38.374+0000][1][safepoint    ] Total time for which application threads were stopped: 0.1273335 seconds, Stopping threads took: 0.0000238 seconds
[2019-12-11T08:29:39.387+0000][1][safepoint    ] Application time: 1.0126358 seconds
[2019-12-11T08:29:39.420+0000][1][safepoint    ] Entering safepoint region: Cleanup
[2019-12-11T08:29:39.420+0000][1][safepoint    ] Leaving safepoint region
[2019-12-11T08:29:39.420+0000][1][safepoint    ] Total time for which application threads were stopped: 0.0332694 seconds, Stopping threads took: 0.0330127 seconds
[2019-12-11T08:29:39.469+0000][1][safepoint    ] Application time: 0.0489404 seconds
[2019-12-11T08:29:39.469+0000][1][safepoint    ] Entering safepoint region: Deoptimize
[2019-12-11T08:29:39.469+0000][1][safepoint    ] Leaving safepoint region
[2019-12-11T08:29:39.469+0000][1][safepoint    ] Total time for which application threads were stopped: 0.0004387 seconds, Stopping threads took: 0.0000126 seconds
[2019-12-11T08:29:39.990+0000][1][safepoint    ] Application time: 0.5207217 seconds
[2019-12-11T08:29:39.990+0000][1][safepoint    ] Entering safepoint region: Deoptimize
[2019-12-11T08:29:39.991+0000][1][safepoint    ] Leaving safepoint region
[2019-12-11T08:29:39.991+0000][1][safepoint    ] Total time for which application threads were stopped: 0.0004265 seconds, Stopping threads took: 0.0000125 seconds
[2019-12-11T08:29:40.097+0000][1][safepoint    ] Application time: 0.1061901 seconds
[2019-12-11T08:29:40.097+0000][1][safepoint    ] Entering safepoint region: RevokeBias
[2019-12-11T08:29:40.097+0000][1][safepoint    ] Leaving safepoint region
[2019-12-11T08:29:40.097+0000][1][safepoint    ] Total time for which application threads were stopped: 0.0000731 seconds, Stopping threads took: 0.0000139 seconds
[2019-12-11T08:29:40.098+0000][1][safepoint    ] Application time: 0.0008008 seconds
[2019-12-11T08:29:40.098+0000][1][safepoint    ] Entering safepoint region: Deoptimize
[2019-12-11T08:29:40.098+0000][1][safepoint    ] Leaving safepoint region
[2019-12-11T08:29:40.098+0000][1][safepoint    ] Total time for which application threads were stopped: 0.0003942 seconds, Stopping threads took: 0.0000120 seconds
[2019-12-11T08:29:40.120+0000][1][safepoint    ] Application time: 0.0214903 seconds
[2019-12-11T08:29:40.120+0000][1][safepoint    ] Entering safepoint region: Deoptimize
[2019-12-11T08:29:40.120+0000][1][safepoint    ] Leaving safepoint region
[2019-12-11T08:29:40.120+0000][1][safepoint    ] Total time for which application threads were stopped: 0.0004219 seconds, Stopping threads took: 0.0000125 seconds
[2019-12-11T08:29:41.120+0000][1][safepoint    ] Application time: 1.0001169 seconds
[2019-12-11T08:29:41.149+0000][1][safepoint    ] Entering safepoint region: Cleanup
[2019-12-11T08:29:41.149+0000][1][safepoint    ] Leaving safepoint region
[2019-12-11T08:29:41.149+0000][1][safepoint    ] Total time for which application threads were stopped: 0.0285935 seconds, Stopping threads took: 0.0285478 seconds
[2019-12-11T08:29:42.151+0000][1][safepoint    ] Application time: 1.0017962 seconds
[2019-12-11T08:29:42.202+0000][1][safepoint    ] Entering safepoint region: Cleanup
[2019-12-11T08:29:42.202+0000][1][safepoint    ] Leaving safepoint region
[2019-12-11T08:29:42.202+0000][1][safepoint    ] Total time for which application threads were stopped: 0.0515859 seconds, Stopping threads took: 0.0513475 seconds
[2019-12-11T08:29:43.206+0000][1][safepoint    ] Application time: 1.0033610 seconds
[2019-12-11T08:29:43.236+0000][1][safepoint    ] Entering safepoint region: Cleanup
[2019-12-11T08:29:43.236+0000][1][safepoint    ] Leaving safepoint region
[2019-12-11T08:29:43.236+0000][1][safepoint    ] Total time for which application threads were stopped: 0.0306757 seconds, Stopping threads took: 0.0306002 seconds
[2019-12-11T08:29:44.247+0000][1][safepoint    ] Application time: 1.0104107 seconds
[2019-12-11T08:29:44.306+0000][1][safepoint    ] Entering safepoint region: Cleanup
[2019-12-11T08:29:44.306+0000][1][safepoint    ] Leaving safepoint region
[2019-12-11T08:29:44.306+0000][1][safepoint    ] Total time for which application threads were stopped: 0.0589156 seconds, Stopping threads took: 0.0588554 seconds
[2019-12-11T08:29:45.314+0000][1][safepoint    ] Application time: 1.0078986 seconds
[2019-12-11T08:29:45.399+0000][1][safepoint    ] Entering safepoint region: Cleanup
[2019-12-11T08:29:45.399+0000][1][safepoint    ] Leaving safepoint region
[2019-12-11T08:29:45.399+0000][1][safepoint    ] Total time for which application threads were stopped: 0.0851545 seconds, Stopping threads took: 0.0851020 seconds
[2019-12-11T08:29:46.068+0000][1][safepoint    ] Application time: 0.6686707 seconds
[2019-12-11T08:29:46.068+0000][1][safepoint    ] Entering safepoint region: GenCollectForAllocation
[2019-12-11T08:29:46.068+0000][1][gc,start     ] GC(13) Pause Young (Allocation Failure)
[2019-12-11T08:29:46.068+0000][1][gc,task      ] GC(13) Using 2 workers of 2 for evacuation
[2019-12-11T08:29:46.487+0000][1][gc,age       ] GC(13) Desired survivor size 4456448 bytes, new threshold 1 (max threshold 6)
[2019-12-11T08:29:46.487+0000][1][gc,age       ] GC(13) Age table with threshold 1 (max threshold 6)
[2019-12-11T08:29:46.487+0000][1][gc,age       ] GC(13) - age   1:    6771712 bytes,    6771712 total
[2019-12-11T08:29:46.487+0000][1][gc,age       ] GC(13) - age   2:     732608 bytes,    7504320 total
[2019-12-11T08:29:46.487+0000][1][gc,age       ] GC(13) - age   3:     305384 bytes,    7809704 total
[2019-12-11T08:29:46.487+0000][1][gc,age       ] GC(13) - age   4:      97272 bytes,    7906976 total
[2019-12-11T08:29:46.487+0000][1][gc,age       ] GC(13) - age   5:     633544 bytes,    8540520 total
[2019-12-11T08:29:46.487+0000][1][gc,age       ] GC(13) - age   6:     372072 bytes,    8912592 total
[2019-12-11T08:29:46.487+0000][1][gc,heap      ] GC(13) ParNew: 74868K->8704K(78656K)
[2019-12-11T08:29:46.487+0000][1][gc,heap      ] GC(13) CMS: 14226K->21473K(174784K)
[2019-12-11T08:29:46.487+0000][1][gc,metaspace ] GC(13) Metaspace: 27156K->27156K(1075200K)
[2019-12-11T08:29:46.487+0000][1][gc           ] GC(13) Pause Young (Allocation Failure) 87M->29M(247M) 419.743ms
[2019-12-11T08:29:46.488+0000][1][gc,cpu       ] GC(13) User=0.11s Sys=0.00s Real=0.42s
[2019-12-11T08:29:46.488+0000][1][safepoint    ] Leaving safepoint region
[2019-12-11T08:29:46.488+0000][1][safepoint    ] Total time for which application threads were stopped: 0.4198957 seconds, Stopping threads took: 0.0000151 seconds
[2019-12-11T08:29:47.494+0000][1][safepoint    ] Application time: 1.0062535 seconds
[2019-12-11T08:29:47.530+0000][1][safepoint    ] Entering safepoint region: Cleanup
[2019-12-11T08:29:47.530+0000][1][safepoint    ] Leaving safepoint region
[2019-12-11T08:29:47.530+0000][1][safepoint    ] Total time for which application threads were stopped: 0.0360143 seconds, Stopping threads took: 0.0359348 seconds
[2019-12-11T08:29:48.537+0000][1][safepoint    ] Application time: 1.0068314 seconds
[2019-12-11T08:29:48.612+0000][1][safepoint    ] Entering safepoint region: Cleanup
[2019-12-11T08:29:48.612+0000][1][safepoint    ] Leaving safepoint region
[2019-12-11T08:29:48.612+0000][1][safepoint    ] Total time for which application threads were stopped: 0.0750670 seconds, Stopping threads took: 0.0750046 seconds
[2019-12-11T08:29:50.396+0000][1][safepoint    ] Application time: 1.7843627 seconds
[2019-12-11T08:29:50.396+0000][1][safepoint    ] Entering safepoint region: RevokeBias
[2019-12-11T08:29:50.396+0000][1][safepoint    ] Leaving safepoint region
[2019-12-11T08:29:50.396+0000][1][safepoint    ] Total time for which application threads were stopped: 0.0000871 seconds, Stopping threads took: 0.0000137 seconds
[2019-12-11T08:29:51.106+0000][1][safepoint    ] Application time: 0.7094358 seconds
[2019-12-11T08:29:51.106+0000][1][safepoint    ] Entering safepoint region: GenCollectForAllocation
[2019-12-11T08:29:51.106+0000][1][gc,start     ] GC(14) Pause Young (Allocation Failure)
[2019-12-11T08:29:51.106+0000][1][gc,task      ] GC(14) Using 2 workers of 2 for evacuation
[2019-12-11T08:29:51.590+0000][1][gc,age       ] GC(14) Desired survivor size 4456448 bytes, new threshold 1 (max threshold 6)
[2019-12-11T08:29:51.590+0000][1][gc,age       ] GC(14) Age table with threshold 1 (max threshold 6)
[2019-12-11T08:29:51.590+0000][1][gc,age       ] GC(14) - age   1:    8912768 bytes,    8912768 total
[2019-12-11T08:29:51.590+0000][1][gc,heap      ] GC(14) ParNew: 78656K->8704K(78656K)
[2019-12-11T08:29:51.590+0000][1][gc,heap      ] GC(14) CMS: 21473K->35060K(174784K)
[2019-12-11T08:29:51.590+0000][1][gc,metaspace ] GC(14) Metaspace: 27357K->27357K(1075200K)
[2019-12-11T08:29:51.590+0000][1][gc           ] GC(14) Pause Young (Allocation Failure) 97M->42M(247M) 484.433ms
[2019-12-11T08:29:51.590+0000][1][gc,cpu       ] GC(14) User=0.12s Sys=0.00s Real=0.48s
[2019-12-11T08:29:51.590+0000][1][safepoint    ] Leaving safepoint region
[2019-12-11T08:29:51.590+0000][1][safepoint    ] Total time for which application threads were stopped: 0.4845853 seconds, Stopping threads took: 0.0000168 seconds
[2019-12-11T08:29:52.619+0000][1][safepoint    ] Application time: 1.0283068 seconds
[2019-12-11T08:29:52.713+0000][1][safepoint    ] Entering safepoint region: Cleanup
[2019-12-11T08:29:52.713+0000][1][safepoint    ] Leaving safepoint region
[2019-12-11T08:29:52.713+0000][1][safepoint    ] Total time for which application threads were stopped: 0.0941378 seconds, Stopping threads took: 0.0940865 seconds
[2019-12-11T08:29:53.797+0000][1][safepoint    ] Application time: 1.0839651 seconds
[2019-12-11T08:29:53.802+0000][1][safepoint    ] Entering safepoint region: Cleanup
[2019-12-11T08:29:53.802+0000][1][safepoint    ] Leaving safepoint region
[2019-12-11T08:29:53.802+0000][1][safepoint    ] Total time for which application threads were stopped: 0.0050864 seconds, Stopping threads took: 0.0049829 seconds
[2019-12-11T08:29:55.677+0000][1][safepoint    ] Application time: 1.8747991 seconds
[2019-12-11T08:29:55.677+0000][1][safepoint    ] Entering safepoint region: Cleanup
[2019-12-11T08:29:55.677+0000][1][safepoint    ] Leaving safepoint region
[2019-12-11T08:29:55.677+0000][1][safepoint    ] Total time for which application threads were stopped: 0.0001292 seconds, Stopping threads took: 0.0000453 seconds
[2019-12-11T08:29:56.274+0000][1][safepoint    ] Application time: 0.5967636 seconds
[2019-12-11T08:29:56.274+0000][1][safepoint    ] Entering safepoint region: GenCollectForAllocation
[2019-12-11T08:29:56.274+0000][1][gc,start     ] GC(15) Pause Young (Allocation Failure)
[2019-12-11T08:29:56.274+0000][1][gc,task      ] GC(15) Using 2 workers of 2 for evacuation
[2019-12-11T08:29:56.923+0000][1][gc,age       ] GC(15) Desired survivor size 4456448 bytes, new threshold 1 (max threshold 6)
[2019-12-11T08:29:56.923+0000][1][gc,age       ] GC(15) Age table with threshold 1 (max threshold 6)
[2019-12-11T08:29:56.923+0000][1][gc,age       ] GC(15) - age   1:    7047248 bytes,    7047248 total
[2019-12-11T08:29:56.923+0000][1][gc,heap      ] GC(15) ParNew: 78656K->8704K(78656K)
[2019-12-11T08:29:56.923+0000][1][gc,heap      ] GC(15) CMS: 35060K->48212K(174784K)
[2019-12-11T08:29:56.923+0000][1][gc,metaspace ] GC(15) Metaspace: 29624K->29624K(1077248K)
[2019-12-11T08:29:56.923+0000][1][gc           ] GC(15) Pause Young (Allocation Failure) 111M->55M(247M) 649.384ms
[2019-12-11T08:29:56.923+0000][1][gc,cpu       ] GC(15) User=0.16s Sys=0.00s Real=0.65s
[2019-12-11T08:29:56.923+0000][1][safepoint    ] Leaving safepoint region
[2019-12-11T08:29:56.923+0000][1][safepoint    ] Total time for which application threads were stopped: 0.6495213 seconds, Stopping threads took: 0.0000137 seconds
[2019-12-11T08:29:57.925+0000][1][safepoint    ] Application time: 1.0014034 seconds
[2019-12-11T08:29:58.033+0000][1][safepoint    ] Entering safepoint region: Cleanup
[2019-12-11T08:29:58.033+0000][1][safepoint    ] Leaving safepoint region
[2019-12-11T08:29:58.033+0000][1][safepoint    ] Total time for which application threads were stopped: 0.1081074 seconds, Stopping threads took: 0.1080564 seconds
[2019-12-11T08:29:58.037+0000][1][safepoint    ] Application time: 0.0046179 seconds
[2019-12-11T08:29:58.038+0000][1][safepoint    ] Entering safepoint region: RevokeBias
[2019-12-11T08:29:58.038+0000][1][safepoint    ] Leaving safepoint region
[2019-12-11T08:29:58.038+0000][1][safepoint    ] Total time for which application threads were stopped: 0.0000772 seconds, Stopping threads took: 0.0000140 seconds
[2019-12-11T08:29:58.369+0000][1][safepoint    ] Application time: 0.3317948 seconds
[2019-12-11T08:29:58.369+0000][1][safepoint    ] Entering safepoint region: RevokeBias
[2019-12-11T08:29:58.370+0000][1][safepoint    ] Leaving safepoint region
[2019-12-11T08:29:58.370+0000][1][safepoint    ] Total time for which application threads were stopped: 0.0000905 seconds, Stopping threads took: 0.0000154 seconds
[2019-12-11T08:29:58.402+0000][1][safepoint    ] Application time: 0.0326609 seconds
[2019-12-11T08:29:58.402+0000][1][safepoint    ] Entering safepoint region: RevokeBias
[2019-12-11T08:29:58.402+0000][1][safepoint    ] Leaving safepoint region
[2019-12-11T08:29:58.402+0000][1][safepoint    ] Total time for which application threads were stopped: 0.0000841 seconds, Stopping threads took: 0.0000142 seconds
[2019-12-11T08:29:58.489+0000][1][safepoint    ] Application time: 0.0868970 seconds
[2019-12-11T08:29:58.489+0000][1][safepoint    ] Entering safepoint region: RevokeBias
[2019-12-11T08:29:58.489+0000][1][safepoint    ] Leaving safepoint region
[2019-12-11T08:29:58.489+0000][1][safepoint    ] Total time for which application threads were stopped: 0.0000838 seconds, Stopping threads took: 0.0000141 seconds
[2019-12-11T08:29:58.541+0000][1][safepoint    ] Application time: 0.0517637 seconds
[2019-12-11T08:29:58.541+0000][1][safepoint    ] Entering safepoint region: RevokeBias
[2019-12-11T08:29:58.541+0000][1][safepoint    ] Leaving safepoint region
[2019-12-11T08:29:58.541+0000][1][safepoint    ] Total time for which application threads were stopped: 0.0000824 seconds, Stopping threads took: 0.0000138 seconds
[2019-12-11T08:29:58.589+0000][1][safepoint    ] Application time: 0.0473013 seconds
[2019-12-11T08:29:58.589+0000][1][safepoint    ] Entering safepoint region: RevokeBias
[2019-12-11T08:29:58.589+0000][1][safepoint    ] Leaving safepoint region
[2019-12-11T08:29:58.589+0000][1][safepoint    ] Total time for which application threads were stopped: 0.0000790 seconds, Stopping threads took: 0.0000130 seconds
[2019-12-11T08:29:58.626+0000][1][safepoint    ] Application time: 0.0375480 seconds
[2019-12-11T08:29:58.626+0000][1][safepoint    ] Entering safepoint region: RevokeBias
[2019-12-11T08:29:58.626+0000][1][safepoint    ] Leaving safepoint region
[2019-12-11T08:29:58.626+0000][1][safepoint    ] Total time for which application threads were stopped: 0.0000838 seconds, Stopping threads took: 0.0000200 seconds
[2019-12-11T08:29:58.630+0000][1][safepoint    ] Application time: 0.0040718 seconds
[2019-12-11T08:29:58.630+0000][1][safepoint    ] Entering safepoint region: RevokeBias
[2019-12-11T08:29:58.631+0000][1][safepoint    ] Leaving safepoint region
[2019-12-11T08:29:58.631+0000][1][safepoint    ] Total time for which application threads were stopped: 0.0000749 seconds, Stopping threads took: 0.0000129 seconds
[2019-12-11T08:29:59.631+0000][1][safepoint    ] Application time: 1.0001804 seconds
[2019-12-11T08:29:59.637+0000][1][safepoint    ] Entering safepoint region: Cleanup
[2019-12-11T08:29:59.637+0000][1][safepoint    ] Leaving safepoint region
[2019-12-11T08:29:59.637+0000][1][safepoint    ] Total time for which application threads were stopped: 0.0060663 seconds, Stopping threads took: 0.0060221 seconds
[2019-12-11T08:30:00.535+0000][1][safepoint    ] Application time: 0.8980579 seconds
[2019-12-11T08:30:00.535+0000][1][safepoint    ] Entering safepoint region: GenCollectForAllocation
[2019-12-11T08:30:00.535+0000][1][gc,start     ] GC(16) Pause Young (Allocation Failure)
[2019-12-11T08:30:00.535+0000][1][gc,task      ] GC(16) Using 2 workers of 2 for evacuation
[2019-12-11T08:30:00.762+0000][1][gc,age       ] GC(16) Desired survivor size 4456448 bytes, new threshold 6 (max threshold 6)
[2019-12-11T08:30:00.762+0000][1][gc,age       ] GC(16) Age table with threshold 6 (max threshold 6)
[2019-12-11T08:30:00.762+0000][1][gc,age       ] GC(16) - age   1:    1268136 bytes,    1268136 total
[2019-12-11T08:30:00.762+0000][1][gc,heap      ] GC(16) ParNew: 78656K->7256K(78656K)
[2019-12-11T08:30:00.762+0000][1][gc,heap      ] GC(16) CMS: 48212K->55151K(174784K)
[2019-12-11T08:30:00.762+0000][1][gc,metaspace ] GC(16) Metaspace: 33127K->33127K(1079296K)
[2019-12-11T08:30:00.762+0000][1][gc           ] GC(16) Pause Young (Allocation Failure) 123M->60M(247M) 226.682ms
[2019-12-11T08:30:00.762+0000][1][gc,cpu       ] GC(16) User=0.04s Sys=0.00s Real=0.22s
[2019-12-11T08:30:00.762+0000][1][safepoint    ] Leaving safepoint region
[2019-12-11T08:30:00.762+0000][1][safepoint    ] Total time for which application threads were stopped: 0.2268496 seconds, Stopping threads took: 0.0000243 seconds
[2019-12-11T08:30:01.770+0000][1][safepoint    ] Application time: 1.0079529 seconds
[2019-12-11T08:30:01.814+0000][1][safepoint    ] Entering safepoint region: Cleanup
[2019-12-11T08:30:01.814+0000][1][safepoint    ] Leaving safepoint region
[2019-12-11T08:30:01.814+0000][1][safepoint    ] Total time for which application threads were stopped: 0.0446129 seconds, Stopping threads took: 0.0445358 seconds
[2019-12-11T08:30:02.858+0000][1][safepoint    ] Application time: 1.0433723 seconds
[2019-12-11T08:30:02.921+0000][1][safepoint    ] Entering safepoint region: Cleanup
[2019-12-11T08:30:02.921+0000][1][safepoint    ] Leaving safepoint region
[2019-12-11T08:30:02.921+0000][1][safepoint    ] Total time for which application threads were stopped: 0.0631252 seconds, Stopping threads took: 0.0630592 seconds
[2019-12-11T08:30:03.211+0000][1][safepoint    ] Application time: 0.2896350 seconds
[2019-12-11T08:30:03.211+0000][1][safepoint    ] Entering safepoint region: CollectForMetadataAllocation
[2019-12-11T08:30:03.211+0000][1][safepoint    ] Leaving safepoint region
[2019-12-11T08:30:03.211+0000][1][safepoint    ] Total time for which application threads were stopped: 0.0001847 seconds, Stopping threads took: 0.0000134 seconds
[2019-12-11T08:30:03.393+0000][1][safepoint    ] Application time: 0.1822023 seconds
[2019-12-11T08:30:03.393+0000][1][safepoint    ] Entering safepoint region: CollectForMetadataAllocation
[2019-12-11T08:30:03.393+0000][1][safepoint    ] Leaving safepoint region
[2019-12-11T08:30:03.393+0000][1][safepoint    ] Total time for which application threads were stopped: 0.0001519 seconds, Stopping threads took: 0.0000130 seconds
[2019-12-11T08:30:03.818+0000][1][safepoint    ] Application time: 0.4245365 seconds
[2019-12-11T08:30:03.818+0000][1][safepoint    ] Entering safepoint region: CollectForMetadataAllocation
[2019-12-11T08:30:03.818+0000][1][safepoint    ] Leaving safepoint region
[2019-12-11T08:30:03.818+0000][1][safepoint    ] Total time for which application threads were stopped: 0.0002532 seconds, Stopping threads took: 0.0000148 seconds
[2019-12-11T08:30:04.036+0000][1][safepoint    ] Application time: 0.2174757 seconds
[2019-12-11T08:30:04.036+0000][1][safepoint    ] Entering safepoint region: CollectForMetadataAllocation
[2019-12-11T08:30:04.036+0000][1][safepoint    ] Leaving safepoint region
[2019-12-11T08:30:04.036+0000][1][safepoint    ] Total time for which application threads were stopped: 0.0002730 seconds, Stopping threads took: 0.0000137 seconds
[2019-12-11T08:30:04.179+0000][1][safepoint    ] Application time: 0.1428903 seconds
[2019-12-11T08:30:04.179+0000][1][safepoint    ] Entering safepoint region: CollectForMetadataAllocation
[2019-12-11T08:30:04.179+0000][1][safepoint    ] Leaving safepoint region
[2019-12-11T08:30:04.179+0000][1][safepoint    ] Total time for which application threads were stopped: 0.0002652 seconds, Stopping threads took: 0.0000161 seconds
[2019-12-11T08:30:04.379+0000][1][safepoint    ] Application time: 0.2003479 seconds
[2019-12-11T08:30:04.379+0000][1][safepoint    ] Entering safepoint region: CollectForMetadataAllocation
[2019-12-11T08:30:04.380+0000][1][safepoint    ] Leaving safepoint region
[2019-12-11T08:30:04.380+0000][1][safepoint    ] Total time for which application threads were stopped: 0.0001930 seconds, Stopping threads took: 0.0000139 seconds
[2019-12-11T08:30:04.427+0000][1][safepoint    ] Application time: 0.0471498 seconds
[2019-12-11T08:30:04.427+0000][1][safepoint    ] Entering safepoint region: GenCollectForAllocation
[2019-12-11T08:30:04.427+0000][1][gc,start     ] GC(17) Pause Young (Allocation Failure)
[2019-12-11T08:30:04.427+0000][1][gc,task      ] GC(17) Using 2 workers of 2 for evacuation
[2019-12-11T08:30:04.505+0000][1][gc,age       ] GC(17) Desired survivor size 4456448 bytes, new threshold 6 (max threshold 6)
[2019-12-11T08:30:04.505+0000][1][gc,age       ] GC(17) Age table with threshold 6 (max threshold 6)
[2019-12-11T08:30:04.505+0000][1][gc,age       ] GC(17) - age   1:    1981104 bytes,    1981104 total
[2019-12-11T08:30:04.505+0000][1][gc,age       ] GC(17) - age   2:    1201872 bytes,    3182976 total
[2019-12-11T08:30:04.505+0000][1][gc,heap      ] GC(17) ParNew: 77208K->4092K(78656K)
[2019-12-11T08:30:04.505+0000][1][gc,heap      ] GC(17) CMS: 55151K->55151K(174784K)
[2019-12-11T08:30:04.505+0000][1][gc,metaspace ] GC(17) Metaspace: 35465K->35465K(1081344K)
[2019-12-11T08:30:04.505+0000][1][gc           ] GC(17) Pause Young (Allocation Failure) 129M->57M(247M) 77.999ms
[2019-12-11T08:30:04.505+0000][1][gc,cpu       ] GC(17) User=0.03s Sys=0.00s Real=0.08s
[2019-12-11T08:30:04.505+0000][1][safepoint    ] Leaving safepoint region
[2019-12-11T08:30:04.505+0000][1][safepoint    ] Total time for which application threads were stopped: 0.0781293 seconds, Stopping threads took: 0.0000128 seconds
[2019-12-11T08:30:04.507+0000][1][safepoint    ] Application time: 0.0021292 seconds
[2019-12-11T08:30:04.523+0000][1][safepoint    ] Entering safepoint region: CMS_Initial_Mark
[2019-12-11T08:30:04.523+0000][1][gc,start     ] GC(18) Pause Initial Mark
[2019-12-11T08:30:04.527+0000][1][gc           ] GC(18) Pause Initial Mark 59M->59M(247M) 4.571ms
[2019-12-11T08:30:04.528+0000][1][gc,cpu       ] GC(18) User=0.00s Sys=0.00s Real=0.01s
[2019-12-11T08:30:04.528+0000][1][safepoint    ] Leaving safepoint region
[2019-12-11T08:30:04.528+0000][1][safepoint    ] Total time for which application threads were stopped: 0.0204303 seconds, Stopping threads took: 0.0157356 seconds
[2019-12-11T08:30:04.528+0000][1][gc           ] GC(18) Concurrent Mark
[2019-12-11T08:30:04.593+0000][1][safepoint    ] Application time: 0.0652792 seconds
[2019-12-11T08:30:04.593+0000][1][safepoint    ] Entering safepoint region: CollectForMetadataAllocation
[2019-12-11T08:30:04.593+0000][1][safepoint    ] Leaving safepoint region
[2019-12-11T08:30:04.593+0000][1][safepoint    ] Total time for which application threads were stopped: 0.0002439 seconds, Stopping threads took: 0.0000139 seconds
[2019-12-11T08:30:04.876+0000][1][safepoint    ] Application time: 0.2826580 seconds
[2019-12-11T08:30:04.876+0000][1][safepoint    ] Entering safepoint region: CollectForMetadataAllocation
[2019-12-11T08:30:04.876+0000][1][safepoint    ] Leaving safepoint region
[2019-12-11T08:30:04.876+0000][1][safepoint    ] Total time for which application threads were stopped: 0.0002403 seconds, Stopping threads took: 0.0000174 seconds
[2019-12-11T08:30:05.193+0000][1][gc           ] GC(18) Concurrent Mark 665.852ms
[2019-12-11T08:30:05.193+0000][1][gc,cpu       ] GC(18) User=0.22s Sys=0.00s Real=0.66s
[2019-12-11T08:30:05.193+0000][1][gc           ] GC(18) Concurrent Preclean
[2019-12-11T08:30:05.195+0000][1][gc           ] GC(18) Concurrent Preclean 1.092ms
[2019-12-11T08:30:05.195+0000][1][gc,cpu       ] GC(18) User=0.00s Sys=0.00s Real=0.00s
[2019-12-11T08:30:05.195+0000][1][gc           ] GC(18) Concurrent Abortable Preclean
[2019-12-11T08:30:05.320+0000][1][safepoint    ] Application time: 0.4437058 seconds
[2019-12-11T08:30:05.320+0000][1][safepoint    ] Entering safepoint region: CollectForMetadataAllocation
[2019-12-11T08:30:05.320+0000][1][safepoint    ] Leaving safepoint region
[2019-12-11T08:30:05.320+0000][1][safepoint    ] Total time for which application threads were stopped: 0.0002466 seconds, Stopping threads took: 0.0000170 seconds
[2019-12-11T08:30:05.555+0000][1][safepoint    ] Application time: 0.2347198 seconds
[2019-12-11T08:30:05.555+0000][1][safepoint    ] Entering safepoint region: CollectForMetadataAllocation
[2019-12-11T08:30:05.555+0000][1][safepoint    ] Leaving safepoint region
[2019-12-11T08:30:05.555+0000][1][safepoint    ] Total time for which application threads were stopped: 0.0002522 seconds, Stopping threads took: 0.0000172 seconds
[2019-12-11T08:30:05.776+0000][1][safepoint    ] Application time: 0.2206214 seconds
[2019-12-11T08:30:05.776+0000][1][safepoint    ] Entering safepoint region: RevokeBias
[2019-12-11T08:30:05.776+0000][1][safepoint    ] Leaving safepoint region
[2019-12-11T08:30:05.776+0000][1][safepoint    ] Total time for which application threads were stopped: 0.0001745 seconds, Stopping threads took: 0.0000218 seconds
[2019-12-11T08:30:05.845+0000][1][safepoint    ] Application time: 0.0687520 seconds
[2019-12-11T08:30:05.845+0000][1][safepoint    ] Entering safepoint region: CollectForMetadataAllocation
[2019-12-11T08:30:05.845+0000][1][safepoint    ] Leaving safepoint region
[2019-12-11T08:30:05.845+0000][1][safepoint    ] Total time for which application threads were stopped: 0.0002737 seconds, Stopping threads took: 0.0000176 seconds
[2019-12-11T08:30:06.102+0000][1][safepoint    ] Application time: 0.2567395 seconds
[2019-12-11T08:30:06.102+0000][1][safepoint    ] Entering safepoint region: CollectForMetadataAllocation
[2019-12-11T08:30:06.102+0000][1][safepoint    ] Leaving safepoint region
[2019-12-11T08:30:06.102+0000][1][safepoint    ] Total time for which application threads were stopped: 0.0002753 seconds, Stopping threads took: 0.0000186 seconds
[2019-12-11T08:30:06.493+0000][1][safepoint    ] Application time: 0.3906229 seconds
[2019-12-11T08:30:06.493+0000][1][safepoint    ] Entering safepoint region: CollectForMetadataAllocation
[2019-12-11T08:30:06.493+0000][1][safepoint    ] Leaving safepoint region
[2019-12-11T08:30:06.493+0000][1][safepoint    ] Total time for which application threads were stopped: 0.0001698 seconds, Stopping threads took: 0.0000165 seconds
[2019-12-11T08:30:06.672+0000][1][safepoint    ] Application time: 0.1787957 seconds
[2019-12-11T08:30:06.672+0000][1][safepoint    ] Entering safepoint region: CollectForMetadataAllocation
[2019-12-11T08:30:06.672+0000][1][safepoint    ] Leaving safepoint region
[2019-12-11T08:30:06.672+0000][1][safepoint    ] Total time for which application threads were stopped: 0.0002891 seconds, Stopping threads took: 0.0000154 seconds
[2019-12-11T08:30:07.090+0000][1][safepoint    ] Application time: 0.4176352 seconds
[2019-12-11T08:30:07.090+0000][1][safepoint    ] Entering safepoint region: CollectForMetadataAllocation
[2019-12-11T08:30:07.090+0000][1][safepoint    ] Leaving safepoint region
[2019-12-11T08:30:07.090+0000][1][safepoint    ] Total time for which application threads were stopped: 0.0002465 seconds, Stopping threads took: 0.0000174 seconds
[2019-12-11T08:30:07.343+0000][1][safepoint    ] Application time: 0.2527663 seconds
[2019-12-11T08:30:07.343+0000][1][safepoint    ] Entering safepoint region: CollectForMetadataAllocation
[2019-12-11T08:30:07.343+0000][1][safepoint    ] Leaving safepoint region
[2019-12-11T08:30:07.343+0000][1][safepoint    ] Total time for which application threads were stopped: 0.0002764 seconds, Stopping threads took: 0.0000166 seconds
[2019-12-11T08:30:07.634+0000][1][safepoint    ] Application time: 0.2909472 seconds
[2019-12-11T08:30:07.634+0000][1][safepoint    ] Entering safepoint region: CollectForMetadataAllocation
[2019-12-11T08:30:07.634+0000][1][safepoint    ] Leaving safepoint region
[2019-12-11T08:30:07.634+0000][1][safepoint    ] Total time for which application threads were stopped: 0.0002255 seconds, Stopping threads took: 0.0000137 seconds
[2019-12-11T08:30:07.941+0000][1][safepoint    ] Application time: 0.3064417 seconds
[2019-12-11T08:30:07.941+0000][1][safepoint    ] Entering safepoint region: CollectForMetadataAllocation
[2019-12-11T08:30:07.941+0000][1][safepoint    ] Leaving safepoint region
[2019-12-11T08:30:07.941+0000][1][safepoint    ] Total time for which application threads were stopped: 0.0002168 seconds, Stopping threads took: 0.0000148 seconds
[2019-12-11T08:30:08.217+0000][1][safepoint    ] Application time: 0.2761321 seconds
[2019-12-11T08:30:08.217+0000][1][safepoint    ] Entering safepoint region: CollectForMetadataAllocation
[2019-12-11T08:30:08.217+0000][1][safepoint    ] Leaving safepoint region
[2019-12-11T08:30:08.217+0000][1][safepoint    ] Total time for which application threads were stopped: 0.0002341 seconds, Stopping threads took: 0.0000136 seconds
[2019-12-11T08:30:08.479+0000][1][safepoint    ] Application time: 0.2613024 seconds
[2019-12-11T08:30:08.479+0000][1][safepoint    ] Entering safepoint region: CollectForMetadataAllocation
[2019-12-11T08:30:08.479+0000][1][safepoint    ] Leaving safepoint region
[2019-12-11T08:30:08.479+0000][1][safepoint    ] Total time for which application threads were stopped: 0.0002297 seconds, Stopping threads took: 0.0000138 seconds
[2019-12-11T08:30:08.905+0000][1][safepoint    ] Application time: 0.4257142 seconds
[2019-12-11T08:30:08.905+0000][1][safepoint    ] Entering safepoint region: CollectForMetadataAllocation
[2019-12-11T08:30:08.905+0000][1][safepoint    ] Leaving safepoint region
[2019-12-11T08:30:08.905+0000][1][safepoint    ] Total time for which application threads were stopped: 0.0002412 seconds, Stopping threads took: 0.0000143 seconds
[2019-12-11T08:30:09.200+0000][1][safepoint    ] Application time: 0.2946590 seconds
[2019-12-11T08:30:09.200+0000][1][safepoint    ] Entering safepoint region: CollectForMetadataAllocation
[2019-12-11T08:30:09.200+0000][1][safepoint    ] Leaving safepoint region
[2019-12-11T08:30:09.200+0000][1][safepoint    ] Total time for which application threads were stopped: 0.0002065 seconds, Stopping threads took: 0.0000123 seconds
[2019-12-11T08:30:09.598+0000][1][safepoint    ] Application time: 0.3984859 seconds
[2019-12-11T08:30:09.598+0000][1][safepoint    ] Entering safepoint region: CollectForMetadataAllocation
[2019-12-11T08:30:09.599+0000][1][safepoint    ] Leaving safepoint region
[2019-12-11T08:30:09.599+0000][1][safepoint    ] Total time for which application threads were stopped: 0.0002553 seconds, Stopping threads took: 0.0000151 seconds
[2019-12-11T08:30:09.976+0000][1][safepoint    ] Application time: 0.3769606 seconds
[2019-12-11T08:30:09.976+0000][1][safepoint    ] Entering safepoint region: CollectForMetadataAllocation
[2019-12-11T08:30:09.976+0000][1][safepoint    ] Leaving safepoint region
[2019-12-11T08:30:09.976+0000][1][safepoint    ] Total time for which application threads were stopped: 0.0002240 seconds, Stopping threads took: 0.0000140 seconds
[2019-12-11T08:30:10.358+0000][1][gc           ] GC(18) Concurrent Abortable Preclean 5163.148ms
[2019-12-11T08:30:10.358+0000][1][gc,cpu       ] GC(18) User=1.43s Sys=0.02s Real=5.17s
[2019-12-11T08:30:10.358+0000][1][safepoint    ] Application time: 0.3818683 seconds
[2019-12-11T08:30:10.358+0000][1][safepoint    ] Entering safepoint region: CMS_Final_Remark
[2019-12-11T08:30:10.358+0000][1][gc,start     ] GC(18) Pause Remark
[2019-12-11T08:30:10.511+0000][1][gc           ] GC(18) Pause Remark 83M->83M(247M) 153.276ms
[2019-12-11T08:30:10.511+0000][1][gc,cpu       ] GC(18) User=0.04s Sys=0.00s Real=0.15s
[2019-12-11T08:30:10.511+0000][1][safepoint    ] Leaving safepoint region
[2019-12-11T08:30:10.511+0000][1][safepoint    ] Total time for which application threads were stopped: 0.1534714 seconds, Stopping threads took: 0.0000572 seconds
[2019-12-11T08:30:10.511+0000][1][gc           ] GC(18) Concurrent Sweep
[2019-12-11T08:30:10.589+0000][1][safepoint    ] Application time: 0.0772204 seconds
[2019-12-11T08:30:10.589+0000][1][safepoint    ] Entering safepoint region: CollectForMetadataAllocation
[2019-12-11T08:30:10.590+0000][1][safepoint    ] Leaving safepoint region
[2019-12-11T08:30:10.590+0000][1][safepoint    ] Total time for which application threads were stopped: 0.0009487 seconds, Stopping threads took: 0.0000145 seconds
[2019-12-11T08:30:10.899+0000][1][gc           ] GC(18) Concurrent Sweep 387.886ms
[2019-12-11T08:30:10.899+0000][1][gc,cpu       ] GC(18) User=0.11s Sys=0.00s Real=0.39s
[2019-12-11T08:30:10.899+0000][1][gc           ] GC(18) Concurrent Reset
[2019-12-11T08:30:10.921+0000][1][gc           ] GC(18) Concurrent Reset 0.323ms
[2019-12-11T08:30:10.921+0000][1][gc,cpu       ] GC(18) User=0.00s Sys=0.00s Real=0.02s
[2019-12-11T08:30:10.921+0000][1][gc,heap      ] GC(18) Old: 55151K->54962K(174784K)
[2019-12-11T08:30:11.312+0000][1][safepoint    ] Application time: 0.7225314 seconds
[2019-12-11T08:30:11.385+0000][1][safepoint    ] Entering safepoint region: RevokeBias
[2019-12-11T08:30:11.385+0000][1][safepoint    ] Leaving safepoint region
[2019-12-11T08:30:11.385+0000][1][safepoint    ] Total time for which application threads were stopped: 0.0727972 seconds, Stopping threads took: 0.0726949 seconds
[2019-12-11T08:30:11.385+0000][1][safepoint    ] Application time: 0.0001227 seconds
[2019-12-11T08:30:11.385+0000][1][safepoint    ] Entering safepoint region: RevokeBias
[2019-12-11T08:30:11.385+0000][1][safepoint    ] Leaving safepoint region
[2019-12-11T08:30:11.385+0000][1][safepoint    ] Total time for which application threads were stopped: 0.0000777 seconds, Stopping threads took: 0.0000106 seconds
[2019-12-11T08:30:11.385+0000][1][safepoint    ] Application time: 0.0001796 seconds
[2019-12-11T08:30:11.385+0000][1][safepoint    ] Entering safepoint region: RevokeBias
[2019-12-11T08:30:11.385+0000][1][safepoint    ] Leaving safepoint region
[2019-12-11T08:30:11.385+0000][1][safepoint    ] Total time for which application threads were stopped: 0.0000718 seconds, Stopping threads took: 0.0000096 seconds
[2019-12-11T08:30:11.385+0000][1][safepoint    ] Application time: 0.0000622 seconds
[2019-12-11T08:30:11.386+0000][1][safepoint    ] Entering safepoint region: RevokeBias
[2019-12-11T08:30:11.386+0000][1][safepoint    ] Leaving safepoint region
[2019-12-11T08:30:11.386+0000][1][safepoint    ] Total time for which application threads were stopped: 0.0000559 seconds, Stopping threads took: 0.0000085 seconds
[2019-12-11T08:30:12.415+0000][1][safepoint    ] Application time: 1.0291345 seconds
[2019-12-11T08:30:12.470+0000][1][safepoint    ] Entering safepoint region: Cleanup
[2019-12-11T08:30:12.470+0000][1][safepoint    ] Leaving safepoint region
[2019-12-11T08:30:12.470+0000][1][safepoint    ] Total time for which application threads were stopped: 0.0552997 seconds, Stopping threads took: 0.0552430 seconds
[2019-12-11T08:30:12.787+0000][1][safepoint    ] Application time: 0.3169318 seconds
[2019-12-11T08:30:12.874+0000][1][safepoint    ] Entering safepoint region: RevokeBias
[2019-12-11T08:30:12.874+0000][1][safepoint    ] Leaving safepoint region
[2019-12-11T08:30:12.874+0000][1][safepoint    ] Total time for which application threads were stopped: 0.0869228 seconds, Stopping threads took: 0.0868051 seconds
[2019-12-11T08:30:14.891+0000][1][safepoint    ] Application time: 2.0167482 seconds
[2019-12-11T08:30:14.904+0000][1][safepoint    ] Entering safepoint region: Cleanup
[2019-12-11T08:30:14.904+0000][1][safepoint    ] Leaving safepoint region
[2019-12-11T08:30:14.904+0000][1][safepoint    ] Total time for which application threads were stopped: 0.0130145 seconds, Stopping threads took: 0.0129257 seconds
[2019-12-11T08:30:15.908+0000][1][safepoint    ] Application time: 1.0039337 seconds
[2019-12-11T08:30:15.911+0000][1][safepoint    ] Entering safepoint region: Cleanup
[2019-12-11T08:30:15.911+0000][1][safepoint    ] Leaving safepoint region
[2019-12-11T08:30:15.911+0000][1][safepoint    ] Total time for which application threads were stopped: 0.0030838 seconds, Stopping threads took: 0.0030309 seconds
[2019-12-11T08:30:16.352+0000][1][safepoint    ] Application time: 0.4408916 seconds
[2019-12-11T08:30:16.402+0000][1][safepoint    ] Entering safepoint region: RevokeBias
[2019-12-11T08:30:16.402+0000][1][safepoint    ] Leaving safepoint region
[2019-12-11T08:30:16.402+0000][1][safepoint    ] Total time for which application threads were stopped: 0.0502892 seconds, Stopping threads took: 0.0501658 seconds
[2019-12-11T08:30:16.402+0000][1][safepoint    ] Application time: 0.0002197 seconds
[2019-12-11T08:30:16.402+0000][1][safepoint    ] Entering safepoint region: RevokeBias
[2019-12-11T08:30:16.402+0000][1][safepoint    ] Leaving safepoint region
[2019-12-11T08:30:16.402+0000][1][safepoint    ] Total time for which application threads were stopped: 0.0000852 seconds, Stopping threads took: 0.0000103 seconds
[2019-12-11T08:30:16.403+0000][1][safepoint    ] Application time: 0.0002460 seconds
[2019-12-11T08:30:16.403+0000][1][safepoint    ] Entering safepoint region: RevokeBias
[2019-12-11T08:30:16.403+0000][1][safepoint    ] Leaving safepoint region
[2019-12-11T08:30:16.403+0000][1][safepoint    ] Total time for which application threads were stopped: 0.0000940 seconds, Stopping threads took: 0.0000091 seconds
[2019-12-11T08:30:16.403+0000][1][safepoint    ] Application time: 0.0000900 seconds
[2019-12-11T08:30:16.403+0000][1][safepoint    ] Entering safepoint region: RevokeBias
[2019-12-11T08:30:16.403+0000][1][safepoint    ] Leaving safepoint region
[2019-12-11T08:30:16.403+0000][1][safepoint    ] Total time for which application threads were stopped: 0.0000649 seconds, Stopping threads took: 0.0000080 seconds
[2019-12-11T08:30:16.403+0000][1][safepoint    ] Application time: 0.0000553 seconds
[2019-12-11T08:30:16.403+0000][1][safepoint    ] Entering safepoint region: RevokeBias
[2019-12-11T08:30:16.403+0000][1][safepoint    ] Leaving safepoint region
[2019-12-11T08:30:16.403+0000][1][safepoint    ] Total time for which application threads were stopped: 0.0000587 seconds, Stopping threads took: 0.0000083 seconds
[2019-12-11T08:30:16.403+0000][1][safepoint    ] Application time: 0.0000891 seconds
[2019-12-11T08:30:16.403+0000][1][safepoint    ] Entering safepoint region: RevokeBias
[2019-12-11T08:30:16.403+0000][1][safepoint    ] Leaving safepoint region
[2019-12-11T08:30:16.403+0000][1][safepoint    ] Total time for which application threads were stopped: 0.0000653 seconds, Stopping threads took: 0.0000084 seconds
[2019-12-11T08:30:16.403+0000][1][safepoint    ] Application time: 0.0000617 seconds
[2019-12-11T08:30:16.403+0000][1][safepoint    ] Entering safepoint region: RevokeBias
[2019-12-11T08:30:16.403+0000][1][safepoint    ] Leaving safepoint region
[2019-12-11T08:30:16.403+0000][1][safepoint    ] Total time for which application threads were stopped: 0.0000736 seconds, Stopping threads took: 0.0000086 seconds
[2019-12-11T08:30:16.405+0000][1][safepoint    ] Application time: 0.0012374 seconds
[2019-12-11T08:30:16.405+0000][1][safepoint    ] Entering safepoint region: RevokeBias
[2019-12-11T08:30:16.405+0000][1][safepoint    ] Leaving safepoint region
[2019-12-11T08:30:16.405+0000][1][safepoint    ] Total time for which application threads were stopped: 0.0001045 seconds, Stopping threads took: 0.0000113 seconds
[2019-12-11T08:30:17.419+0000][1][safepoint    ] Application time: 1.0142991 seconds
[2019-12-11T08:30:17.467+0000][1][safepoint    ] Entering safepoint region: Cleanup
[2019-12-11T08:30:17.467+0000][1][safepoint    ] Leaving safepoint region
[2019-12-11T08:30:17.467+0000][1][safepoint    ] Total time for which application threads were stopped: 0.0480955 seconds, Stopping threads took: 0.0480032 seconds
[2019-12-11T08:30:17.870+0000][1][safepoint    ] Application time: 0.4029679 seconds
[2019-12-11T08:30:17.870+0000][1][safepoint    ] Entering safepoint region: GenCollectForAllocation
[2019-12-11T08:30:17.870+0000][1][gc,start     ] GC(19) Pause Young (Allocation Failure)
[2019-12-11T08:30:17.870+0000][1][gc,task      ] GC(19) Using 2 workers of 2 for evacuation
[2019-12-11T08:30:18.013+0000][1][gc,age       ] GC(19) Desired survivor size 4456448 bytes, new threshold 2 (max threshold 6)
[2019-12-11T08:30:18.013+0000][1][gc,age       ] GC(19) Age table with threshold 2 (max threshold 6)
[2019-12-11T08:30:18.013+0000][1][gc,age       ] GC(19) - age   1:    2603696 bytes,    2603696 total
[2019-12-11T08:30:18.013+0000][1][gc,age       ] GC(19) - age   2:    1926392 bytes,    4530088 total
[2019-12-11T08:30:18.013+0000][1][gc,age       ] GC(19) - age   3:    1199856 bytes,    5729944 total
[2019-12-11T08:30:18.013+0000][1][gc,heap      ] GC(19) ParNew: 74044K->7107K(78656K)
[2019-12-11T08:30:18.013+0000][1][gc,heap      ] GC(19) CMS: 54962K->54962K(174784K)
[2019-12-11T08:30:18.013+0000][1][gc,metaspace ] GC(19) Metaspace: 43075K->43075K(1089536K)
[2019-12-11T08:30:18.013+0000][1][gc           ] GC(19) Pause Young (Allocation Failure) 125M->60M(247M) 142.515ms
[2019-12-11T08:30:18.013+0000][1][gc,cpu       ] GC(19) User=0.04s Sys=0.00s Real=0.14s
[2019-12-11T08:30:18.013+0000][1][safepoint    ] Leaving safepoint region
[2019-12-11T08:30:18.013+0000][1][safepoint    ] Total time for which application threads were stopped: 0.1426667 seconds, Stopping threads took: 0.0000150 seconds
[2019-12-11T08:30:19.018+0000][1][safepoint    ] Application time: 1.0048768 seconds
[2019-12-11T08:30:19.018+0000][1][safepoint    ] Entering safepoint region: Cleanup
[2019-12-11T08:30:19.018+0000][1][safepoint    ] Leaving safepoint region
[2019-12-11T08:30:19.018+0000][1][safepoint    ] Total time for which application threads were stopped: 0.0001106 seconds, Stopping threads took: 0.0000568 seconds
[2019-12-11T08:30:19.773+0000][1][safepoint    ] Application time: 0.7550987 seconds
[2019-12-11T08:30:19.773+0000][1][safepoint    ] Entering safepoint region: RevokeBias
[2019-12-11T08:30:19.773+0000][1][safepoint    ] Leaving safepoint region
[2019-12-11T08:30:19.773+0000][1][safepoint    ] Total time for which application threads were stopped: 0.0001420 seconds, Stopping threads took: 0.0000156 seconds
[2019-12-11T08:30:19.817+0000][1][safepoint    ] Application time: 0.0434829 seconds
[2019-12-11T08:30:19.817+0000][1][safepoint    ] Entering safepoint region: RevokeBias
[2019-12-11T08:30:19.817+0000][1][safepoint    ] Leaving safepoint region
[2019-12-11T08:30:19.817+0000][1][safepoint    ] Total time for which application threads were stopped: 0.0001113 seconds, Stopping threads took: 0.0000125 seconds
[2019-12-11T08:30:20.828+0000][1][safepoint    ] Application time: 1.0109185 seconds
[2019-12-11T08:30:20.828+0000][1][safepoint    ] Entering safepoint region: Cleanup
[2019-12-11T08:30:20.828+0000][1][safepoint    ] Leaving safepoint region
[2019-12-11T08:30:20.828+0000][1][safepoint    ] Total time for which application threads were stopped: 0.0001119 seconds, Stopping threads took: 0.0000537 seconds
[2019-12-11T08:30:21.317+0000][1][safepoint    ] Application time: 0.4889533 seconds
[2019-12-11T08:30:21.317+0000][1][safepoint    ] Entering safepoint region: RevokeBias
[2019-12-11T08:30:21.318+0000][1][safepoint    ] Leaving safepoint region
[2019-12-11T08:30:21.318+0000][1][safepoint    ] Total time for which application threads were stopped: 0.0005875 seconds, Stopping threads took: 0.0001117 seconds
[2019-12-11T08:30:21.318+0000][1][safepoint    ] Application time: 0.0002528 seconds
[2019-12-11T08:30:21.318+0000][1][safepoint    ] Entering safepoint region: RevokeBias
[2019-12-11T08:30:21.318+0000][1][safepoint    ] Leaving safepoint region
[2019-12-11T08:30:21.318+0000][1][safepoint    ] Total time for which application threads were stopped: 0.0000662 seconds, Stopping threads took: 0.0000128 seconds
[2019-12-11T08:30:21.318+0000][1][safepoint    ] Application time: 0.0000641 seconds
[2019-12-11T08:30:21.318+0000][1][safepoint    ] Entering safepoint region: RevokeBias
[2019-12-11T08:30:21.318+0000][1][safepoint    ] Leaving safepoint region
[2019-12-11T08:30:21.318+0000][1][safepoint    ] Total time for which application threads were stopped: 0.0000421 seconds, Stopping threads took: 0.0000083 seconds
[2019-12-11T08:30:21.985+0000][1][safepoint    ] Application time: 0.6670401 seconds
[2019-12-11T08:30:21.986+0000][1][safepoint    ] Entering safepoint region: RevokeBias
[2019-12-11T08:30:21.986+0000][1][safepoint    ] Leaving safepoint region
[2019-12-11T08:30:21.986+0000][1][safepoint    ] Total time for which application threads were stopped: 0.0007176 seconds, Stopping threads took: 0.0006177 seconds
[2019-12-11T08:30:21.986+0000][1][safepoint    ] Application time: 0.0001030 seconds
[2019-12-11T08:30:21.986+0000][1][safepoint    ] Entering safepoint region: RevokeBias
[2019-12-11T08:30:21.986+0000][1][safepoint    ] Leaving safepoint region
[2019-12-11T08:30:21.986+0000][1][safepoint    ] Total time for which application threads were stopped: 0.0000549 seconds, Stopping threads took: 0.0000090 seconds
[2019-12-11T08:30:21.986+0000][1][safepoint    ] Application time: 0.0000602 seconds
[2019-12-11T08:30:21.986+0000][1][safepoint    ] Entering safepoint region: RevokeBias
[2019-12-11T08:30:21.986+0000][1][safepoint    ] Leaving safepoint region
[2019-12-11T08:30:21.986+0000][1][safepoint    ] Total time for which application threads were stopped: 0.0000489 seconds, Stopping threads took: 0.0000080 seconds
[2019-12-11T08:30:21.986+0000][1][safepoint    ] Application time: 0.0001250 seconds
[2019-12-11T08:30:21.986+0000][1][safepoint    ] Entering safepoint region: RevokeBias
[2019-12-11T08:30:21.986+0000][1][safepoint    ] Leaving safepoint region
[2019-12-11T08:30:21.986+0000][1][safepoint    ] Total time for which application threads were stopped: 0.0000646 seconds, Stopping threads took: 0.0000099 seconds
[2019-12-11T08:30:21.987+0000][1][safepoint    ] Application time: 0.0005979 seconds
[2019-12-11T08:30:21.987+0000][1][safepoint    ] Entering safepoint region: RevokeBias
[2019-12-11T08:30:21.987+0000][1][safepoint    ] Leaving safepoint region
[2019-12-11T08:30:21.987+0000][1][safepoint    ] Total time for which application threads were stopped: 0.0000784 seconds, Stopping threads took: 0.0000129 seconds
[2019-12-11T08:30:21.987+0000][1][safepoint    ] Application time: 0.0000943 seconds
[2019-12-11T08:30:21.987+0000][1][safepoint    ] Entering safepoint region: RevokeBias
[2019-12-11T08:30:21.987+0000][1][safepoint    ] Leaving safepoint region
[2019-12-11T08:30:21.987+0000][1][safepoint    ] Total time for which application threads were stopped: 0.0000584 seconds, Stopping threads took: 0.0000085 seconds
[2019-12-11T08:30:21.987+0000][1][safepoint    ] Application time: 0.0001967 seconds
[2019-12-11T08:30:21.987+0000][1][safepoint    ] Entering safepoint region: RevokeBias
[2019-12-11T08:30:21.987+0000][1][safepoint    ] Leaving safepoint region
[2019-12-11T08:30:21.987+0000][1][safepoint    ] Total time for which application threads were stopped: 0.0000666 seconds, Stopping threads took: 0.0000094 seconds
[2019-12-11T08:30:21.988+0000][1][safepoint    ] Application time: 0.0000569 seconds
[2019-12-11T08:30:21.988+0000][1][safepoint    ] Entering safepoint region: RevokeBias
[2019-12-11T08:30:21.988+0000][1][safepoint    ] Leaving safepoint region
[2019-12-11T08:30:21.988+0000][1][safepoint    ] Total time for which application threads were stopped: 0.0000502 seconds, Stopping threads took: 0.0000080 seconds
[2019-12-11T08:30:21.988+0000][1][safepoint    ] Application time: 0.0000537 seconds
[2019-12-11T08:30:21.988+0000][1][safepoint    ] Entering safepoint region: RevokeBias
[2019-12-11T08:30:21.988+0000][1][safepoint    ] Leaving safepoint region
[2019-12-11T08:30:21.988+0000][1][safepoint    ] Total time for which application threads were stopped: 0.0000470 seconds, Stopping threads took: 0.0000077 seconds
[2019-12-11T08:30:21.988+0000][1][safepoint    ] Application time: 0.0000532 seconds
[2019-12-11T08:30:21.988+0000][1][safepoint    ] Entering safepoint region: RevokeBias
[2019-12-11T08:30:21.988+0000][1][safepoint    ] Leaving safepoint region
[2019-12-11T08:30:21.988+0000][1][safepoint    ] Total time for which application threads were stopped: 0.0000446 seconds, Stopping threads took: 0.0000079 seconds
[2019-12-11T08:30:21.988+0000][1][safepoint    ] Application time: 0.0000506 seconds
[2019-12-11T08:30:21.988+0000][1][safepoint    ] Entering safepoint region: RevokeBias
[2019-12-11T08:30:21.988+0000][1][safepoint    ] Leaving safepoint region
[2019-12-11T08:30:21.988+0000][1][safepoint    ] Total time for which application threads were stopped: 0.0000448 seconds, Stopping threads took: 0.0000078 seconds
[2019-12-11T08:30:21.988+0000][1][safepoint    ] Application time: 0.0000498 seconds
[2019-12-11T08:30:21.988+0000][1][safepoint    ] Entering safepoint region: RevokeBias
[2019-12-11T08:30:21.988+0000][1][safepoint    ] Leaving safepoint region
[2019-12-11T08:30:21.988+0000][1][safepoint    ] Total time for which application threads were stopped: 0.0000433 seconds, Stopping threads took: 0.0000078 seconds
[2019-12-11T08:30:21.988+0000][1][safepoint    ] Application time: 0.0000515 seconds
[2019-12-11T08:30:21.988+0000][1][safepoint    ] Entering safepoint region: RevokeBias
[2019-12-11T08:30:21.988+0000][1][safepoint    ] Leaving safepoint region
[2019-12-11T08:30:21.988+0000][1][safepoint    ] Total time for which application threads were stopped: 0.0000435 seconds, Stopping threads took: 0.0000081 seconds
[2019-12-11T08:30:21.988+0000][1][safepoint    ] Application time: 0.0000514 seconds
[2019-12-11T08:30:21.988+0000][1][safepoint    ] Entering safepoint region: RevokeBias
[2019-12-11T08:30:21.988+0000][1][safepoint    ] Leaving safepoint region
[2019-12-11T08:30:21.988+0000][1][safepoint    ] Total time for which application threads were stopped: 0.0000459 seconds, Stopping threads took: 0.0000081 seconds
[2019-12-11T08:30:21.988+0000][1][safepoint    ] Application time: 0.0000511 seconds
[2019-12-11T08:30:21.988+0000][1][safepoint    ] Entering safepoint region: RevokeBias
[2019-12-11T08:30:21.988+0000][1][safepoint    ] Leaving safepoint region
[2019-12-11T08:30:21.988+0000][1][safepoint    ] Total time for which application threads were stopped: 0.0000472 seconds, Stopping threads took: 0.0000081 seconds
[2019-12-11T08:30:21.988+0000][1][safepoint    ] Application time: 0.0000512 seconds
[2019-12-11T08:30:21.988+0000][1][safepoint    ] Entering safepoint region: RevokeBias
[2019-12-11T08:30:21.989+0000][1][safepoint    ] Leaving safepoint region
[2019-12-11T08:30:21.989+0000][1][safepoint    ] Total time for which application threads were stopped: 0.0000459 seconds, Stopping threads took: 0.0000082 seconds
[2019-12-11T08:30:21.989+0000][1][safepoint    ] Application time: 0.0000517 seconds
[2019-12-11T08:30:21.989+0000][1][safepoint    ] Entering safepoint region: RevokeBias
[2019-12-11T08:30:21.989+0000][1][safepoint    ] Leaving safepoint region
[2019-12-11T08:30:21.989+0000][1][safepoint    ] Total time for which application threads were stopped: 0.0000476 seconds, Stopping threads took: 0.0000081 seconds
[2019-12-11T08:30:21.989+0000][1][safepoint    ] Application time: 0.0000655 seconds
[2019-12-11T08:30:21.989+0000][1][safepoint    ] Entering safepoint region: RevokeBias
[2019-12-11T08:30:21.989+0000][1][safepoint    ] Leaving safepoint region
[2019-12-11T08:30:21.989+0000][1][safepoint    ] Total time for which application threads were stopped: 0.0000509 seconds, Stopping threads took: 0.0000082 seconds
[2019-12-11T08:30:21.989+0000][1][safepoint    ] Application time: 0.0000543 seconds
[2019-12-11T08:30:21.989+0000][1][safepoint    ] Entering safepoint region: RevokeBias
[2019-12-11T08:30:21.989+0000][1][safepoint    ] Leaving safepoint region
[2019-12-11T08:30:21.989+0000][1][safepoint    ] Total time for which application threads were stopped: 0.0000463 seconds, Stopping threads took: 0.0000072 seconds
[2019-12-11T08:30:21.989+0000][1][safepoint    ] Application time: 0.0000536 seconds
[2019-12-11T08:30:21.989+0000][1][safepoint    ] Entering safepoint region: RevokeBias
[2019-12-11T08:30:21.989+0000][1][safepoint    ] Leaving safepoint region
[2019-12-11T08:30:21.989+0000][1][safepoint    ] Total time for which application threads were stopped: 0.0000472 seconds, Stopping threads took: 0.0000083 seconds
[2019-12-11T08:30:21.989+0000][1][safepoint    ] Application time: 0.0000516 seconds
[2019-12-11T08:30:21.989+0000][1][safepoint    ] Entering safepoint region: RevokeBias
[2019-12-11T08:30:21.989+0000][1][safepoint    ] Leaving safepoint region
[2019-12-11T08:30:21.989+0000][1][safepoint    ] Total time for which application threads were stopped: 0.0000469 seconds, Stopping threads took: 0.0000082 seconds
[2019-12-11T08:30:21.989+0000][1][safepoint    ] Application time: 0.0000522 seconds
[2019-12-11T08:30:21.989+0000][1][safepoint    ] Entering safepoint region: RevokeBias
[2019-12-11T08:30:21.989+0000][1][safepoint    ] Leaving safepoint region
[2019-12-11T08:30:21.989+0000][1][safepoint    ] Total time for which application threads were stopped: 0.0000467 seconds, Stopping threads took: 0.0000082 seconds
[2019-12-11T08:30:21.989+0000][1][safepoint    ] Application time: 0.0000520 seconds
[2019-12-11T08:30:21.989+0000][1][safepoint    ] Entering safepoint region: RevokeBias
[2019-12-11T08:30:21.989+0000][1][safepoint    ] Leaving safepoint region
[2019-12-11T08:30:21.989+0000][1][safepoint    ] Total time for which application threads were stopped: 0.0000464 seconds, Stopping threads took: 0.0000081 seconds
[2019-12-11T08:30:21.989+0000][1][safepoint    ] Application time: 0.0000512 seconds
[2019-12-11T08:30:21.989+0000][1][safepoint    ] Entering safepoint region: BulkRevokeBias
[2019-12-11T08:30:21.990+0000][1][safepoint    ] Leaving safepoint region
[2019-12-11T08:30:21.990+0000][1][safepoint    ] Total time for which application threads were stopped: 0.0001096 seconds, Stopping threads took: 0.0000081 seconds
[2019-12-11T08:30:21.990+0000][1][safepoint    ] Application time: 0.0002088 seconds
[2019-12-11T08:30:21.990+0000][1][safepoint    ] Entering safepoint region: RevokeBias
[2019-12-11T08:30:21.990+0000][1][safepoint    ] Leaving safepoint region
[2019-12-11T08:30:21.990+0000][1][safepoint    ] Total time for which application threads were stopped: 0.0000660 seconds, Stopping threads took: 0.0000095 seconds
[2019-12-11T08:30:21.990+0000][1][safepoint    ] Application time: 0.0000942 seconds
[2019-12-11T08:30:21.990+0000][1][safepoint    ] Entering safepoint region: RevokeBias
[2019-12-11T08:30:21.990+0000][1][safepoint    ] Leaving safepoint region
[2019-12-11T08:30:21.990+0000][1][safepoint    ] Total time for which application threads were stopped: 0.0000516 seconds, Stopping threads took: 0.0000076 seconds
[2019-12-11T08:30:21.990+0000][1][safepoint    ] Application time: 0.0001254 seconds
[2019-12-11T08:30:21.990+0000][1][safepoint    ] Entering safepoint region: RevokeBias
[2019-12-11T08:30:21.990+0000][1][safepoint    ] Leaving safepoint region
[2019-12-11T08:30:21.990+0000][1][safepoint    ] Total time for which application threads were stopped: 0.0000581 seconds, Stopping threads took: 0.0000079 seconds
[2019-12-11T08:30:21.990+0000][1][safepoint    ] Application time: 0.0000701 seconds
[2019-12-11T08:30:21.990+0000][1][safepoint    ] Entering safepoint region: RevokeBias
[2019-12-11T08:30:21.990+0000][1][safepoint    ] Leaving safepoint region
[2019-12-11T08:30:21.990+0000][1][safepoint    ] Total time for which application threads were stopped: 0.0000465 seconds, Stopping threads took: 0.0000077 seconds
[2019-12-11T08:30:21.990+0000][1][safepoint    ] Application time: 0.0000855 seconds
[2019-12-11T08:30:21.990+0000][1][safepoint    ] Entering safepoint region: RevokeBias
[2019-12-11T08:30:21.990+0000][1][safepoint    ] Leaving safepoint region
[2019-12-11T08:30:21.990+0000][1][safepoint    ] Total time for which application threads were stopped: 0.0000541 seconds, Stopping threads took: 0.0000087 seconds
[2019-12-11T08:30:21.991+0000][1][safepoint    ] Application time: 0.0000596 seconds
[2019-12-11T08:30:21.991+0000][1][safepoint    ] Entering safepoint region: RevokeBias
[2019-12-11T08:30:21.991+0000][1][safepoint    ] Leaving safepoint region
[2019-12-11T08:30:21.991+0000][1][safepoint    ] Total time for which application threads were stopped: 0.0000556 seconds, Stopping threads took: 0.0000086 seconds
[2019-12-11T08:30:21.991+0000][1][safepoint    ] Application time: 0.0001857 seconds
[2019-12-11T08:30:21.991+0000][1][safepoint    ] Entering safepoint region: RevokeBias
[2019-12-11T08:30:21.991+0000][1][safepoint    ] Leaving safepoint region
[2019-12-11T08:30:21.991+0000][1][safepoint    ] Total time for which application threads were stopped: 0.0000579 seconds, Stopping threads took: 0.0000093 seconds
[2019-12-11T08:30:21.991+0000][1][safepoint    ] Application time: 0.0000579 seconds
[2019-12-11T08:30:21.991+0000][1][safepoint    ] Entering safepoint region: RevokeBias
[2019-12-11T08:30:21.991+0000][1][safepoint    ] Leaving safepoint region
[2019-12-11T08:30:21.991+0000][1][safepoint    ] Total time for which application threads were stopped: 0.0000517 seconds, Stopping threads took: 0.0000082 seconds
[2019-12-11T08:30:21.991+0000][1][safepoint    ] Application time: 0.0002943 seconds
[2019-12-11T08:30:21.991+0000][1][safepoint    ] Entering safepoint region: RevokeBias
[2019-12-11T08:30:21.991+0000][1][safepoint    ] Leaving safepoint region
[2019-12-11T08:30:21.991+0000][1][safepoint    ] Total time for which application threads were stopped: 0.0000704 seconds, Stopping threads took: 0.0000100 seconds
[2019-12-11T08:30:21.991+0000][1][safepoint    ] Application time: 0.0000772 seconds
[2019-12-11T08:30:21.992+0000][1][safepoint    ] Entering safepoint region: RevokeBias
[2019-12-11T08:30:21.992+0000][1][safepoint    ] Leaving safepoint region
[2019-12-11T08:30:21.992+0000][1][safepoint    ] Total time for which application threads were stopped: 0.0000572 seconds, Stopping threads took: 0.0000087 seconds
[2019-12-11T08:30:21.992+0000][1][safepoint    ] Application time: 0.0001553 seconds
[2019-12-11T08:30:21.992+0000][1][safepoint    ] Entering safepoint region: RevokeBias
[2019-12-11T08:30:21.992+0000][1][safepoint    ] Leaving safepoint region
[2019-12-11T08:30:21.992+0000][1][safepoint    ] Total time for which application threads were stopped: 0.0000589 seconds, Stopping threads took: 0.0000079 seconds
[2019-12-11T08:30:21.992+0000][1][safepoint    ] Application time: 0.0000545 seconds
[2019-12-11T08:30:21.992+0000][1][safepoint    ] Entering safepoint region: RevokeBias
[2019-12-11T08:30:21.992+0000][1][safepoint    ] Leaving safepoint region
[2019-12-11T08:30:21.992+0000][1][safepoint    ] Total time for which application threads were stopped: 0.0000612 seconds, Stopping threads took: 0.0000085 seconds
[2019-12-11T08:30:21.993+0000][1][safepoint    ] Application time: 0.0006522 seconds
[2019-12-11T08:30:21.993+0000][1][safepoint    ] Entering safepoint region: RevokeBias
[2019-12-11T08:30:21.993+0000][1][safepoint    ] Leaving safepoint region
[2019-12-11T08:30:21.993+0000][1][safepoint    ] Total time for which application threads were stopped: 0.0001025 seconds, Stopping threads took: 0.0000108 seconds
[2019-12-11T08:30:22.018+0000][1][safepoint    ] Application time: 0.0250971 seconds
[2019-12-11T08:30:22.018+0000][1][safepoint    ] Entering safepoint region: RevokeBias
[2019-12-11T08:30:22.018+0000][1][safepoint    ] Leaving safepoint region
[2019-12-11T08:30:22.018+0000][1][safepoint    ] Total time for which application threads were stopped: 0.0001354 seconds, Stopping threads took: 0.0000170 seconds
[2019-12-11T08:30:22.027+0000][1][safepoint    ] Application time: 0.0089621 seconds
[2019-12-11T08:30:22.027+0000][1][safepoint    ] Entering safepoint region: RevokeBias
[2019-12-11T08:30:22.027+0000][1][safepoint    ] Leaving safepoint region
[2019-12-11T08:30:22.027+0000][1][safepoint    ] Total time for which application threads were stopped: 0.0001191 seconds, Stopping threads took: 0.0000170 seconds
[2019-12-11T08:30:22.027+0000][1][safepoint    ] Application time: 0.0000665 seconds
[2019-12-11T08:30:22.027+0000][1][safepoint    ] Entering safepoint region: BulkRevokeBias
[2019-12-11T08:30:22.027+0000][1][safepoint    ] Leaving safepoint region
[2019-12-11T08:30:22.027+0000][1][safepoint    ] Total time for which application threads were stopped: 0.0001470 seconds, Stopping threads took: 0.0000097 seconds
[2019-12-11T08:30:22.027+0000][1][safepoint    ] Application time: 0.0000682 seconds
[2019-12-11T08:30:22.027+0000][1][safepoint    ] Entering safepoint region: RevokeBias
[2019-12-11T08:30:22.027+0000][1][safepoint    ] Leaving safepoint region
[2019-12-11T08:30:22.027+0000][1][safepoint    ] Total time for which application threads were stopped: 0.0000641 seconds, Stopping threads took: 0.0000097 seconds
[2019-12-11T08:30:22.028+0000][1][safepoint    ] Application time: 0.0001202 seconds
[2019-12-11T08:30:22.028+0000][1][safepoint    ] Entering safepoint region: RevokeBias
[2019-12-11T08:30:22.028+0000][1][safepoint    ] Leaving safepoint region
[2019-12-11T08:30:22.028+0000][1][safepoint    ] Total time for which application threads were stopped: 0.0000727 seconds, Stopping threads took: 0.0000090 seconds
[2019-12-11T08:30:22.028+0000][1][safepoint    ] Application time: 0.0000574 seconds
[2019-12-11T08:30:22.028+0000][1][safepoint    ] Entering safepoint region: RevokeBias
[2019-12-11T08:30:22.028+0000][1][safepoint    ] Leaving safepoint region
[2019-12-11T08:30:22.028+0000][1][safepoint    ] Total time for which application threads were stopped: 0.0000484 seconds, Stopping threads took: 0.0000087 seconds
[2019-12-11T08:30:22.028+0000][1][safepoint    ] Application time: 0.0000573 seconds
[2019-12-11T08:30:22.028+0000][1][safepoint    ] Entering safepoint region: RevokeBias
[2019-12-11T08:30:22.028+0000][1][safepoint    ] Leaving safepoint region
[2019-12-11T08:30:22.028+0000][1][safepoint    ] Total time for which application threads were stopped: 0.0000467 seconds, Stopping threads took: 0.0000086 seconds
[2019-12-11T08:30:22.028+0000][1][safepoint    ] Application time: 0.0000539 seconds
[2019-12-11T08:30:22.028+0000][1][safepoint    ] Entering safepoint region: RevokeBias
[2019-12-11T08:30:22.028+0000][1][safepoint    ] Leaving safepoint region
[2019-12-11T08:30:22.028+0000][1][safepoint    ] Total time for which application threads were stopped: 0.0000462 seconds, Stopping threads took: 0.0000087 seconds
[2019-12-11T08:30:22.028+0000][1][safepoint    ] Application time: 0.0000534 seconds
[2019-12-11T08:30:22.028+0000][1][safepoint    ] Entering safepoint region: RevokeBias
[2019-12-11T08:30:22.028+0000][1][safepoint    ] Leaving safepoint region
[2019-12-11T08:30:22.028+0000][1][safepoint    ] Total time for which application threads were stopped: 0.0000448 seconds, Stopping threads took: 0.0000083 seconds
[2019-12-11T08:30:22.028+0000][1][safepoint    ] Application time: 0.0000534 seconds
[2019-12-11T08:30:22.028+0000][1][safepoint    ] Entering safepoint region: RevokeBias
[2019-12-11T08:30:22.028+0000][1][safepoint    ] Leaving safepoint region
[2019-12-11T08:30:22.028+0000][1][safepoint    ] Total time for which application threads were stopped: 0.0000523 seconds, Stopping threads took: 0.0000086 seconds
[2019-12-11T08:30:22.028+0000][1][safepoint    ] Application time: 0.0000558 seconds
[2019-12-11T08:30:22.028+0000][1][safepoint    ] Entering safepoint region: RevokeBias
[2019-12-11T08:30:22.028+0000][1][safepoint    ] Leaving safepoint region
[2019-12-11T08:30:22.028+0000][1][safepoint    ] Total time for which application threads were stopped: 0.0000458 seconds, Stopping threads took: 0.0000085 seconds
[2019-12-11T08:30:22.028+0000][1][safepoint    ] Application time: 0.0000553 seconds
[2019-12-11T08:30:22.028+0000][1][safepoint    ] Entering safepoint region: RevokeBias
[2019-12-11T08:30:22.029+0000][1][safepoint    ] Leaving safepoint region
[2019-12-11T08:30:22.029+0000][1][safepoint    ] Total time for which application threads were stopped: 0.0000454 seconds, Stopping threads took: 0.0000086 seconds
[2019-12-11T08:30:22.029+0000][1][safepoint    ] Application time: 0.0000533 seconds
[2019-12-11T08:30:22.029+0000][1][safepoint    ] Entering safepoint region: RevokeBias
[2019-12-11T08:30:22.029+0000][1][safepoint    ] Leaving safepoint region
[2019-12-11T08:30:22.029+0000][1][safepoint    ] Total time for which application threads were stopped: 0.0000586 seconds, Stopping threads took: 0.0000083 seconds
[2019-12-11T08:30:22.029+0000][1][safepoint    ] Application time: 0.0000794 seconds
[2019-12-11T08:30:22.029+0000][1][safepoint    ] Entering safepoint region: RevokeBias
[2019-12-11T08:30:22.029+0000][1][safepoint    ] Leaving safepoint region
[2019-12-11T08:30:22.029+0000][1][safepoint    ] Total time for which application threads were stopped: 0.0000466 seconds, Stopping threads took: 0.0000080 seconds
[2019-12-11T08:30:22.029+0000][1][safepoint    ] Application time: 0.0000576 seconds
[2019-12-11T08:30:22.029+0000][1][safepoint    ] Entering safepoint region: RevokeBias
[2019-12-11T08:30:22.029+0000][1][safepoint    ] Leaving safepoint region
[2019-12-11T08:30:22.029+0000][1][safepoint    ] Total time for which application threads were stopped: 0.0000443 seconds, Stopping threads took: 0.0000085 seconds
[2019-12-11T08:30:22.029+0000][1][safepoint    ] Application time: 0.0000536 seconds
[2019-12-11T08:30:22.029+0000][1][safepoint    ] Entering safepoint region: RevokeBias
[2019-12-11T08:30:22.029+0000][1][safepoint    ] Leaving safepoint region
[2019-12-11T08:30:22.029+0000][1][safepoint    ] Total time for which application threads were stopped: 0.0000457 seconds, Stopping threads took: 0.0000088 seconds
[2019-12-11T08:30:22.029+0000][1][safepoint    ] Application time: 0.0000529 seconds
[2019-12-11T08:30:22.029+0000][1][safepoint    ] Entering safepoint region: RevokeBias
[2019-12-11T08:30:22.029+0000][1][safepoint    ] Leaving safepoint region
[2019-12-11T08:30:22.029+0000][1][safepoint    ] Total time for which application threads were stopped: 0.0000455 seconds, Stopping threads took: 0.0000084 seconds
[2019-12-11T08:30:22.029+0000][1][safepoint    ] Application time: 0.0000529 seconds
[2019-12-11T08:30:22.029+0000][1][safepoint    ] Entering safepoint region: RevokeBias
[2019-12-11T08:30:22.029+0000][1][safepoint    ] Leaving safepoint region
[2019-12-11T08:30:22.029+0000][1][safepoint    ] Total time for which application threads were stopped: 0.0000461 seconds, Stopping threads took: 0.0000088 seconds
[2019-12-11T08:30:22.029+0000][1][safepoint    ] Application time: 0.0000530 seconds
[2019-12-11T08:30:22.029+0000][1][safepoint    ] Entering safepoint region: RevokeBias
[2019-12-11T08:30:22.029+0000][1][safepoint    ] Leaving safepoint region
[2019-12-11T08:30:22.029+0000][1][safepoint    ] Total time for which application threads were stopped: 0.0000443 seconds, Stopping threads took: 0.0000082 seconds
[2019-12-11T08:30:22.029+0000][1][safepoint    ] Application time: 0.0000534 seconds
[2019-12-11T08:30:22.029+0000][1][safepoint    ] Entering safepoint region: RevokeBias
[2019-12-11T08:30:22.030+0000][1][safepoint    ] Leaving safepoint region
[2019-12-11T08:30:22.030+0000][1][safepoint    ] Total time for which application threads were stopped: 0.0000502 seconds, Stopping threads took: 0.0000085 seconds
[2019-12-11T08:30:22.030+0000][1][safepoint    ] Application time: 0.0000668 seconds
[2019-12-11T08:30:22.030+0000][1][safepoint    ] Entering safepoint region: BulkRevokeBias
[2019-12-11T08:30:22.030+0000][1][safepoint    ] Leaving safepoint region
[2019-12-11T08:30:22.030+0000][1][safepoint    ] Total time for which application threads were stopped: 0.0001415 seconds, Stopping threads took: 0.0000088 seconds
[2019-12-11T08:30:22.053+0000][1][safepoint    ] Application time: 0.0229677 seconds
[2019-12-11T08:30:22.078+0000][1][safepoint    ] Entering safepoint region: RevokeBias
[2019-12-11T08:30:22.078+0000][1][safepoint    ] Leaving safepoint region
[2019-12-11T08:30:22.078+0000][1][safepoint    ] Total time for which application threads were stopped: 0.0252043 seconds, Stopping threads took: 0.0251102 seconds
[2019-12-11T08:30:22.078+0000][1][safepoint    ] Application time: 0.0002357 seconds
[2019-12-11T08:30:22.078+0000][1][safepoint    ] Entering safepoint region: RevokeBias
[2019-12-11T08:30:22.078+0000][1][safepoint    ] Leaving safepoint region
[2019-12-11T08:30:22.078+0000][1][safepoint    ] Total time for which application threads were stopped: 0.0000731 seconds, Stopping threads took: 0.0000129 seconds
[2019-12-11T08:30:22.078+0000][1][safepoint    ] Application time: 0.0000776 seconds
[2019-12-11T08:30:22.078+0000][1][safepoint    ] Entering safepoint region: RevokeBias
[2019-12-11T08:30:22.078+0000][1][safepoint    ] Leaving safepoint region
[2019-12-11T08:30:22.078+0000][1][safepoint    ] Total time for which application threads were stopped: 0.0000456 seconds, Stopping threads took: 0.0000092 seconds
[2019-12-11T08:30:22.078+0000][1][safepoint    ] Application time: 0.0000553 seconds
[2019-12-11T08:30:22.079+0000][1][safepoint    ] Entering safepoint region: RevokeBias
[2019-12-11T08:30:22.079+0000][1][safepoint    ] Leaving safepoint region
[2019-12-11T08:30:22.079+0000][1][safepoint    ] Total time for which application threads were stopped: 0.0000386 seconds, Stopping threads took: 0.0000088 seconds
[2019-12-11T08:30:22.079+0000][1][safepoint    ] Application time: 0.0000518 seconds
[2019-12-11T08:30:22.079+0000][1][safepoint    ] Entering safepoint region: RevokeBias
[2019-12-11T08:30:22.079+0000][1][safepoint    ] Leaving safepoint region
[2019-12-11T08:30:22.079+0000][1][safepoint    ] Total time for which application threads were stopped: 0.0000391 seconds, Stopping threads took: 0.0000084 seconds
[2019-12-11T08:30:22.079+0000][1][safepoint    ] Application time: 0.0003618 seconds
[2019-12-11T08:30:22.079+0000][1][safepoint    ] Entering safepoint region: RevokeBias
[2019-12-11T08:30:22.079+0000][1][safepoint    ] Leaving safepoint region
[2019-12-11T08:30:22.079+0000][1][safepoint    ] Total time for which application threads were stopped: 0.0000532 seconds, Stopping threads took: 0.0000111 seconds
[2019-12-11T08:30:22.079+0000][1][safepoint    ] Application time: 0.0001325 seconds
[2019-12-11T08:30:22.079+0000][1][safepoint    ] Entering safepoint region: RevokeBias
[2019-12-11T08:30:22.079+0000][1][safepoint    ] Leaving safepoint region
[2019-12-11T08:30:22.079+0000][1][safepoint    ] Total time for which application threads were stopped: 0.0000455 seconds, Stopping threads took: 0.0000090 seconds
[2019-12-11T08:30:22.080+0000][1][safepoint    ] Application time: 0.0005032 seconds
[2019-12-11T08:30:22.080+0000][1][safepoint    ] Entering safepoint region: RevokeBias
[2019-12-11T08:30:22.080+0000][1][safepoint    ] Leaving safepoint region
[2019-12-11T08:30:22.080+0000][1][safepoint    ] Total time for which application threads were stopped: 0.0000544 seconds, Stopping threads took: 0.0000101 seconds
[2019-12-11T08:30:22.080+0000][1][safepoint    ] Application time: 0.0004421 seconds
[2019-12-11T08:30:22.080+0000][1][safepoint    ] Entering safepoint region: RevokeBias
[2019-12-11T08:30:22.080+0000][1][safepoint    ] Leaving safepoint region
[2019-12-11T08:30:22.080+0000][1][safepoint    ] Total time for which application threads were stopped: 0.0000593 seconds, Stopping threads took: 0.0000088 seconds
[2019-12-11T08:30:22.081+0000][1][safepoint    ] Application time: 0.0001291 seconds
[2019-12-11T08:30:22.081+0000][1][safepoint    ] Entering safepoint region: RevokeBias
[2019-12-11T08:30:22.081+0000][1][safepoint    ] Leaving safepoint region
[2019-12-11T08:30:22.081+0000][1][safepoint    ] Total time for which application threads were stopped: 0.0000413 seconds, Stopping threads took: 0.0000084 seconds
[2019-12-11T08:30:22.081+0000][1][safepoint    ] Application time: 0.0002340 seconds
[2019-12-11T08:30:22.081+0000][1][safepoint    ] Entering safepoint region: RevokeBias
[2019-12-11T08:30:22.081+0000][1][safepoint    ] Leaving safepoint region
[2019-12-11T08:30:22.081+0000][1][safepoint    ] Total time for which application threads were stopped: 0.0000465 seconds, Stopping threads took: 0.0000090 seconds
[2019-12-11T08:30:22.088+0000][1][safepoint    ] Application time: 0.0075418 seconds
[2019-12-11T08:30:22.088+0000][1][safepoint    ] Entering safepoint region: RevokeBias
[2019-12-11T08:30:22.089+0000][1][safepoint    ] Leaving safepoint region
[2019-12-11T08:30:22.089+0000][1][safepoint    ] Total time for which application threads were stopped: 0.0000667 seconds, Stopping threads took: 0.0000114 seconds
[2019-12-11T08:30:22.089+0000][1][safepoint    ] Application time: 0.0000689 seconds
[2019-12-11T08:30:22.089+0000][1][safepoint    ] Entering safepoint region: RevokeBias
[2019-12-11T08:30:22.089+0000][1][safepoint    ] Leaving safepoint region
[2019-12-11T08:30:22.089+0000][1][safepoint    ] Total time for which application threads were stopped: 0.0000654 seconds, Stopping threads took: 0.0000084 seconds
[2019-12-11T08:30:22.091+0000][1][safepoint    ] Application time: 0.0018908 seconds
[2019-12-11T08:30:22.091+0000][1][safepoint    ] Entering safepoint region: RevokeBias
[2019-12-11T08:30:22.091+0000][1][safepoint    ] Leaving safepoint region
[2019-12-11T08:30:22.091+0000][1][safepoint    ] Total time for which application threads were stopped: 0.0000850 seconds, Stopping threads took: 0.0000106 seconds
[2019-12-11T08:30:22.091+0000][1][safepoint    ] Application time: 0.0000594 seconds
[2019-12-11T08:30:22.091+0000][1][safepoint    ] Entering safepoint region: RevokeBias
[2019-12-11T08:30:22.091+0000][1][safepoint    ] Leaving safepoint region
[2019-12-11T08:30:22.091+0000][1][safepoint    ] Total time for which application threads were stopped: 0.0000446 seconds, Stopping threads took: 0.0000083 seconds
[2019-12-11T08:30:22.091+0000][1][safepoint    ] Application time: 0.0002388 seconds
[2019-12-11T08:30:22.091+0000][1][safepoint    ] Entering safepoint region: RevokeBias
[2019-12-11T08:30:22.091+0000][1][safepoint    ] Leaving safepoint region
[2019-12-11T08:30:22.091+0000][1][safepoint    ] Total time for which application threads were stopped: 0.0000457 seconds, Stopping threads took: 0.0000093 seconds
[2019-12-11T08:30:22.249+0000][1][safepoint    ] Application time: 0.1578681 seconds
[2019-12-11T08:30:22.249+0000][1][safepoint    ] Entering safepoint region: RevokeBias
[2019-12-11T08:30:22.249+0000][1][safepoint    ] Leaving safepoint region
[2019-12-11T08:30:22.249+0000][1][safepoint    ] Total time for which application threads were stopped: 0.0001538 seconds, Stopping threads took: 0.0000564 seconds
[2019-12-11T08:30:22.249+0000][1][safepoint    ] Application time: 0.0000701 seconds
[2019-12-11T08:30:22.249+0000][1][safepoint    ] Entering safepoint region: RevokeBias
[2019-12-11T08:30:22.249+0000][1][safepoint    ] Leaving safepoint region
[2019-12-11T08:30:22.249+0000][1][safepoint    ] Total time for which application threads were stopped: 0.0000460 seconds, Stopping threads took: 0.0000093 seconds
[2019-12-11T08:30:23.300+0000][1][safepoint    ] Application time: 1.0506911 seconds
[2019-12-11T08:30:23.306+0000][1][safepoint    ] Entering safepoint region: RevokeBias
[2019-12-11T08:30:23.306+0000][1][safepoint    ] Leaving safepoint region
[2019-12-11T08:30:23.306+0000][1][safepoint    ] Total time for which application threads were stopped: 0.0061747 seconds, Stopping threads took: 0.0060683 seconds
[2019-12-11T08:30:23.306+0000][1][safepoint    ] Application time: 0.0001125 seconds
[2019-12-11T08:30:23.306+0000][1][safepoint    ] Entering safepoint region: RevokeBias
[2019-12-11T08:30:23.306+0000][1][safepoint    ] Leaving safepoint region
[2019-12-11T08:30:23.306+0000][1][safepoint    ] Total time for which application threads were stopped: 0.0000705 seconds, Stopping threads took: 0.0000111 seconds
[2019-12-11T08:30:23.565+0000][1][safepoint    ] Application time: 0.2586509 seconds
[2019-12-11T08:30:23.565+0000][1][safepoint    ] Entering safepoint region: GenCollectForAllocation
[2019-12-11T08:30:23.565+0000][1][gc,start     ] GC(20) Pause Young (Allocation Failure)
[2019-12-11T08:30:23.565+0000][1][gc,task      ] GC(20) Using 2 workers of 2 for evacuation
[2019-12-11T08:30:23.910+0000][1][gc,age       ] GC(20) Desired survivor size 4456448 bytes, new threshold 2 (max threshold 6)
[2019-12-11T08:30:23.910+0000][1][gc,age       ] GC(20) Age table with threshold 2 (max threshold 6)
[2019-12-11T08:30:23.910+0000][1][gc,age       ] GC(20) - age   1:    2822904 bytes,    2822904 total
[2019-12-11T08:30:23.910+0000][1][gc,age       ] GC(20) - age   2:    2445856 bytes,    5268760 total
[2019-12-11T08:30:23.910+0000][1][gc,heap      ] GC(20) ParNew: 77059K->7361K(78656K)
[2019-12-11T08:30:23.910+0000][1][gc,heap      ] GC(20) CMS: 54962K->58103K(174784K)
[2019-12-11T08:30:23.910+0000][1][gc,metaspace ] GC(20) Metaspace: 48405K->48405K(1093632K)
[2019-12-11T08:30:23.910+0000][1][gc           ] GC(20) Pause Young (Allocation Failure) 128M->63M(247M) 345.076ms
[2019-12-11T08:30:23.910+0000][1][gc,cpu       ] GC(20) User=0.07s Sys=0.00s Real=0.34s
[2019-12-11T08:30:23.910+0000][1][safepoint    ] Leaving safepoint region
[2019-12-11T08:30:23.910+0000][1][safepoint    ] Total time for which application threads were stopped: 0.3452124 seconds, Stopping threads took: 0.0000148 seconds
[2019-12-11T08:30:24.345+0000][1][safepoint    ] Application time: 0.4346540 seconds
[2019-12-11T08:30:24.438+0000][1][safepoint    ] Entering safepoint region: RevokeBias
[2019-12-11T08:30:24.438+0000][1][safepoint    ] Leaving safepoint region
[2019-12-11T08:30:24.438+0000][1][safepoint    ] Total time for which application threads were stopped: 0.0928144 seconds, Stopping threads took: 0.0927321 seconds
[2019-12-11T08:30:25.140+0000][1][safepoint    ] Application time: 0.7020820 seconds
[2019-12-11T08:30:25.140+0000][1][safepoint    ] Entering safepoint region: RevokeBias
[2019-12-11T08:30:25.140+0000][1][safepoint    ] Leaving safepoint region
[2019-12-11T08:30:25.140+0000][1][safepoint    ] Total time for which application threads were stopped: 0.0004911 seconds, Stopping threads took: 0.0000150 seconds
[2019-12-11T08:30:25.480+0000][1][safepoint    ] Application time: 0.3397986 seconds
[2019-12-11T08:30:25.563+0000][1][safepoint    ] Entering safepoint region: RevokeBias
[2019-12-11T08:30:25.563+0000][1][safepoint    ] Leaving safepoint region
[2019-12-11T08:30:25.563+0000][1][safepoint    ] Total time for which application threads were stopped: 0.0831457 seconds, Stopping threads took: 0.0830694 seconds
[2019-12-11T08:30:26.584+0000][1][safepoint    ] Application time: 1.0203651 seconds
[2019-12-11T08:30:26.584+0000][1][safepoint    ] Entering safepoint region: Cleanup
[2019-12-11T08:30:26.584+0000][1][safepoint    ] Leaving safepoint region
[2019-12-11T08:30:26.584+0000][1][safepoint    ] Total time for which application threads were stopped: 0.0001706 seconds, Stopping threads took: 0.0001171 seconds
[2019-12-11T08:30:27.589+0000][1][safepoint    ] Application time: 1.0046480 seconds
[2019-12-11T08:30:27.620+0000][1][safepoint    ] Entering safepoint region: Cleanup
[2019-12-11T08:30:27.620+0000][1][safepoint    ] Leaving safepoint region
[2019-12-11T08:30:27.620+0000][1][safepoint    ] Total time for which application threads were stopped: 0.0315349 seconds, Stopping threads took: 0.0310456 seconds
[2019-12-11T08:30:28.621+0000][1][safepoint    ] Application time: 1.0004167 seconds
[2019-12-11T08:30:28.644+0000][1][safepoint    ] Entering safepoint region: Cleanup
[2019-12-11T08:30:28.644+0000][1][safepoint    ] Leaving safepoint region
[2019-12-11T08:30:28.644+0000][1][safepoint    ] Total time for which application threads were stopped: 0.0235170 seconds, Stopping threads took: 0.0234466 seconds
[2019-12-11T08:30:28.775+0000][1][safepoint    ] Application time: 0.1307193 seconds
[2019-12-11T08:30:28.775+0000][1][safepoint    ] Entering safepoint region: RevokeBias
[2019-12-11T08:30:28.775+0000][1][safepoint    ] Leaving safepoint region
[2019-12-11T08:30:28.775+0000][1][safepoint    ] Total time for which application threads were stopped: 0.0000898 seconds, Stopping threads took: 0.0000158 seconds
[2019-12-11T08:30:29.783+0000][1][safepoint    ] Application time: 1.0075748 seconds
[2019-12-11T08:30:29.821+0000][1][safepoint    ] Entering safepoint region: Cleanup
[2019-12-11T08:30:29.821+0000][1][safepoint    ] Leaving safepoint region
[2019-12-11T08:30:29.821+0000][1][safepoint    ] Total time for which application threads were stopped: 0.0386914 seconds, Stopping threads took: 0.0386033 seconds
[2019-12-11T08:30:30.490+0000][1][safepoint    ] Application time: 0.6682640 seconds
[2019-12-11T08:30:30.569+0000][1][safepoint    ] Entering safepoint region: RevokeBias
[2019-12-11T08:30:30.569+0000][1][safepoint    ] Leaving safepoint region
[2019-12-11T08:30:30.569+0000][1][safepoint    ] Total time for which application threads were stopped: 0.0795489 seconds, Stopping threads took: 0.0794524 seconds
[2019-12-11T08:30:30.570+0000][1][safepoint    ] Application time: 0.0002499 seconds
[2019-12-11T08:30:30.570+0000][1][safepoint    ] Entering safepoint region: RevokeBias
[2019-12-11T08:30:30.570+0000][1][safepoint    ] Leaving safepoint region
[2019-12-11T08:30:30.570+0000][1][safepoint    ] Total time for which application threads were stopped: 0.0000747 seconds, Stopping threads took: 0.0000121 seconds
[2019-12-11T08:30:30.570+0000][1][safepoint    ] Application time: 0.0000910 seconds
[2019-12-11T08:30:30.570+0000][1][safepoint    ] Entering safepoint region: RevokeBias
[2019-12-11T08:30:30.570+0000][1][safepoint    ] Leaving safepoint region
[2019-12-11T08:30:30.570+0000][1][safepoint    ] Total time for which application threads were stopped: 0.0000581 seconds, Stopping threads took: 0.0000089 seconds
[2019-12-11T08:30:30.570+0000][1][safepoint    ] Application time: 0.0002145 seconds
[2019-12-11T08:30:30.570+0000][1][safepoint    ] Entering safepoint region: RevokeBias
[2019-12-11T08:30:30.570+0000][1][safepoint    ] Leaving safepoint region
[2019-12-11T08:30:30.570+0000][1][safepoint    ] Total time for which application threads were stopped: 0.0000612 seconds, Stopping threads took: 0.0000110 seconds
[2019-12-11T08:30:30.946+0000][1][safepoint    ] Application time: 0.3756132 seconds
[2019-12-11T08:30:30.946+0000][1][safepoint    ] Entering safepoint region: GenCollectForAllocation
[2019-12-11T08:30:30.946+0000][1][gc,start     ] GC(21) Pause Young (Allocation Failure)
[2019-12-11T08:30:30.946+0000][1][gc,task      ] GC(21) Using 2 workers of 2 for evacuation
[2019-12-11T08:30:31.161+0000][1][gc,age       ] GC(21) Desired survivor size 4456448 bytes, new threshold 6 (max threshold 6)
[2019-12-11T08:30:31.161+0000][1][gc,age       ] GC(21) Age table with threshold 6 (max threshold 6)
[2019-12-11T08:30:31.161+0000][1][gc,age       ] GC(21) - age   1:    1569064 bytes,    1569064 total
[2019-12-11T08:30:31.161+0000][1][gc,age       ] GC(21) - age   2:    2751224 bytes,    4320288 total
[2019-12-11T08:30:31.161+0000][1][gc,heap      ] GC(21) ParNew: 77313K->5085K(78656K)
[2019-12-11T08:30:31.161+0000][1][gc,heap      ] GC(21) CMS: 58103K->60557K(174784K)
[2019-12-11T08:30:31.161+0000][1][gc,metaspace ] GC(21) Metaspace: 55831K->55831K(1099776K)
[2019-12-11T08:30:31.161+0000][1][gc           ] GC(21) Pause Young (Allocation Failure) 132M->64M(247M) 214.999ms
[2019-12-11T08:30:31.161+0000][1][gc,cpu       ] GC(21) User=0.04s Sys=0.00s Real=0.21s
[2019-12-11T08:30:31.161+0000][1][safepoint    ] Leaving safepoint region
[2019-12-11T08:30:31.161+0000][1][safepoint    ] Total time for which application threads were stopped: 0.2151718 seconds, Stopping threads took: 0.0000176 seconds
[2019-12-11T08:30:32.183+0000][1][safepoint    ] Application time: 1.0217654 seconds
[2019-12-11T08:30:32.184+0000][1][safepoint    ] Entering safepoint region: Cleanup
[2019-12-11T08:30:32.184+0000][1][safepoint    ] Leaving safepoint region
[2019-12-11T08:30:32.184+0000][1][safepoint    ] Total time for which application threads were stopped: 0.0008337 seconds, Stopping threads took: 0.0007551 seconds
[2019-12-11T08:30:32.489+0000][1][safepoint    ] Application time: 0.3056851 seconds
[2019-12-11T08:30:32.489+0000][1][safepoint    ] Entering safepoint region: Deoptimize
[2019-12-11T08:30:32.490+0000][1][safepoint    ] Leaving safepoint region
[2019-12-11T08:30:32.490+0000][1][safepoint    ] Total time for which application threads were stopped: 0.0006776 seconds, Stopping threads took: 0.0000141 seconds
[2019-12-11T08:30:32.530+0000][1][safepoint    ] Application time: 0.0402536 seconds
[2019-12-11T08:30:32.530+0000][1][safepoint    ] Entering safepoint region: RevokeBias
[2019-12-11T08:30:32.530+0000][1][safepoint    ] Leaving safepoint region
[2019-12-11T08:30:32.530+0000][1][safepoint    ] Total time for which application threads were stopped: 0.0000891 seconds, Stopping threads took: 0.0000165 seconds
[2019-12-11T08:30:32.705+0000][1][safepoint    ] Application time: 0.1745587 seconds
[2019-12-11T08:30:32.705+0000][1][safepoint    ] Entering safepoint region: RevokeBias
[2019-12-11T08:30:32.705+0000][1][safepoint    ] Leaving safepoint region
[2019-12-11T08:30:32.705+0000][1][safepoint    ] Total time for which application threads were stopped: 0.0001027 seconds, Stopping threads took: 0.0000152 seconds
[2019-12-11T08:30:32.711+0000][1][safepoint    ] Application time: 0.0056574 seconds
[2019-12-11T08:30:32.722+0000][1][safepoint    ] Entering safepoint region: RevokeBias
[2019-12-11T08:30:32.722+0000][1][safepoint    ] Leaving safepoint region
[2019-12-11T08:30:32.722+0000][1][safepoint    ] Total time for which application threads were stopped: 0.0111143 seconds, Stopping threads took: 0.0110254 seconds
[2019-12-11T08:30:32.722+0000][1][safepoint    ] Application time: 0.0001893 seconds
[2019-12-11T08:30:32.722+0000][1][safepoint    ] Entering safepoint region: RevokeBias
[2019-12-11T08:30:32.722+0000][1][safepoint    ] Leaving safepoint region
[2019-12-11T08:30:32.722+0000][1][safepoint    ] Total time for which application threads were stopped: 0.0000666 seconds, Stopping threads took: 0.0000110 seconds
[2019-12-11T08:30:32.725+0000][1][safepoint    ] Application time: 0.0032841 seconds
[2019-12-11T08:30:32.726+0000][1][safepoint    ] Entering safepoint region: RevokeBias
[2019-12-11T08:30:32.726+0000][1][safepoint    ] Leaving safepoint region
[2019-12-11T08:30:32.726+0000][1][safepoint    ] Total time for which application threads were stopped: 0.0000754 seconds, Stopping threads took: 0.0000137 seconds
[2019-12-11T08:30:33.211+0000][1][safepoint    ] Application time: 0.4853609 seconds
[2019-12-11T08:30:33.211+0000][1][safepoint    ] Entering safepoint region: RevokeBias
[2019-12-11T08:30:33.212+0000][1][safepoint    ] Leaving safepoint region
[2019-12-11T08:30:33.212+0000][1][safepoint    ] Total time for which application threads were stopped: 0.0012781 seconds, Stopping threads took: 0.0000170 seconds
[2019-12-11T08:30:33.772+0000][1][safepoint    ] Application time: 0.5594350 seconds
[2019-12-11T08:30:33.772+0000][1][safepoint    ] Entering safepoint region: RevokeBias
[2019-12-11T08:30:33.772+0000][1][safepoint    ] Leaving safepoint region
[2019-12-11T08:30:33.772+0000][1][safepoint    ] Total time for which application threads were stopped: 0.0005431 seconds, Stopping threads took: 0.0004715 seconds
[2019-12-11T08:30:34.563+0000][1][safepoint    ] Application time: 0.7910947 seconds
[2019-12-11T08:30:34.563+0000][1][safepoint    ] Entering safepoint region: Deoptimize
[2019-12-11T08:30:34.564+0000][1][safepoint    ] Leaving safepoint region
[2019-12-11T08:30:34.564+0000][1][safepoint    ] Total time for which application threads were stopped: 0.0006739 seconds, Stopping threads took: 0.0000155 seconds
[2019-12-11T08:30:34.980+0000][1][safepoint    ] Application time: 0.4156286 seconds
[2019-12-11T08:30:34.980+0000][1][safepoint    ] Entering safepoint region: RevokeBias
[2019-12-11T08:30:34.980+0000][1][safepoint    ] Leaving safepoint region
[2019-12-11T08:30:34.980+0000][1][safepoint    ] Total time for which application threads were stopped: 0.0000864 seconds, Stopping threads took: 0.0000152 seconds
[2019-12-11T08:30:35.675+0000][1][safepoint    ] Application time: 0.6951901 seconds
[2019-12-11T08:30:35.675+0000][1][safepoint    ] Entering safepoint region: RevokeBias
[2019-12-11T08:30:35.675+0000][1][safepoint    ] Leaving safepoint region
[2019-12-11T08:30:35.675+0000][1][safepoint    ] Total time for which application threads were stopped: 0.0001101 seconds, Stopping threads took: 0.0000168 seconds
[2019-12-11T08:30:36.323+0000][1][safepoint    ] Application time: 0.6479595 seconds
[2019-12-11T08:30:36.323+0000][1][safepoint    ] Entering safepoint region: RevokeBias
[2019-12-11T08:30:36.323+0000][1][safepoint    ] Leaving safepoint region
[2019-12-11T08:30:36.323+0000][1][safepoint    ] Total time for which application threads were stopped: 0.0000950 seconds, Stopping threads took: 0.0000163 seconds
[2019-12-11T08:30:36.324+0000][1][safepoint    ] Application time: 0.0003331 seconds
[2019-12-11T08:30:36.324+0000][1][safepoint    ] Entering safepoint region: RevokeBias
[2019-12-11T08:30:36.324+0000][1][safepoint    ] Leaving safepoint region
[2019-12-11T08:30:36.324+0000][1][safepoint    ] Total time for which application threads were stopped: 0.0000840 seconds, Stopping threads took: 0.0000128 seconds
[2019-12-11T08:30:36.324+0000][1][safepoint    ] Application time: 0.0001224 seconds
[2019-12-11T08:30:36.324+0000][1][safepoint    ] Entering safepoint region: RevokeBias
[2019-12-11T08:30:36.324+0000][1][safepoint    ] Leaving safepoint region
[2019-12-11T08:30:36.324+0000][1][safepoint    ] Total time for which application threads were stopped: 0.0000392 seconds, Stopping threads took: 0.0000082 seconds
[2019-12-11T08:30:36.324+0000][1][safepoint    ] Application time: 0.0003071 seconds
[2019-12-11T08:30:36.324+0000][1][safepoint    ] Entering safepoint region: RevokeBias
[2019-12-11T08:30:36.324+0000][1][safepoint    ] Leaving safepoint region
[2019-12-11T08:30:36.324+0000][1][safepoint    ] Total time for which application threads were stopped: 0.0000437 seconds, Stopping threads took: 0.0000092 seconds
[2019-12-11T08:30:36.333+0000][1][safepoint    ] Application time: 0.0090487 seconds
[2019-12-11T08:30:36.333+0000][1][safepoint    ] Entering safepoint region: RevokeBias
[2019-12-11T08:30:36.333+0000][1][safepoint    ] Leaving safepoint region
[2019-12-11T08:30:36.333+0000][1][safepoint    ] Total time for which application threads were stopped: 0.0000672 seconds, Stopping threads took: 0.0000133 seconds
[2019-12-11T08:30:36.334+0000][1][safepoint    ] Application time: 0.0002688 seconds
[2019-12-11T08:30:36.334+0000][1][safepoint    ] Entering safepoint region: RevokeBias
[2019-12-11T08:30:36.334+0000][1][safepoint    ] Leaving safepoint region
[2019-12-11T08:30:36.334+0000][1][safepoint    ] Total time for which application threads were stopped: 0.0000509 seconds, Stopping threads took: 0.0000094 seconds
[2019-12-11T08:30:36.334+0000][1][safepoint    ] Application time: 0.0001428 seconds
[2019-12-11T08:30:36.334+0000][1][safepoint    ] Entering safepoint region: RevokeBias
[2019-12-11T08:30:36.334+0000][1][safepoint    ] Leaving safepoint region
[2019-12-11T08:30:36.334+0000][1][safepoint    ] Total time for which application threads were stopped: 0.0000389 seconds, Stopping threads took: 0.0000081 seconds
[2019-12-11T08:30:37.341+0000][1][safepoint    ] Application time: 1.0068122 seconds
[2019-12-11T08:30:37.348+0000][1][safepoint    ] Entering safepoint region: Cleanup
[2019-12-11T08:30:37.348+0000][1][safepoint    ] Leaving safepoint region
[2019-12-11T08:30:37.348+0000][1][safepoint    ] Total time for which application threads were stopped: 0.0071383 seconds, Stopping threads took: 0.0070788 seconds
[2019-12-11T08:30:38.349+0000][1][safepoint    ] Application time: 1.0007245 seconds
[2019-12-11T08:30:38.353+0000][1][safepoint    ] Entering safepoint region: Cleanup
[2019-12-11T08:30:38.353+0000][1][safepoint    ] Leaving safepoint region
[2019-12-11T08:30:38.353+0000][1][safepoint    ] Total time for which application threads were stopped: 0.0040508 seconds, Stopping threads took: 0.0039879 seconds
[2019-12-11T08:30:38.637+0000][1][safepoint    ] Application time: 0.2840943 seconds
[2019-12-11T08:30:38.637+0000][1][safepoint    ] Entering safepoint region: RevokeBias
[2019-12-11T08:30:38.637+0000][1][safepoint    ] Leaving safepoint region
[2019-12-11T08:30:38.637+0000][1][safepoint    ] Total time for which application threads were stopped: 0.0000868 seconds, Stopping threads took: 0.0000170 seconds
[2019-12-11T08:30:38.716+0000][1][safepoint    ] Application time: 0.0792670 seconds
[2019-12-11T08:30:38.749+0000][1][safepoint    ] Entering safepoint region: GenCollectForAllocation
[2019-12-11T08:30:38.749+0000][1][gc,start     ] GC(22) Pause Young (Allocation Failure)
[2019-12-11T08:30:38.749+0000][1][gc,task      ] GC(22) Using 2 workers of 2 for evacuation
[2019-12-11T08:30:38.888+0000][1][gc,age       ] GC(22) Desired survivor size 4456448 bytes, new threshold 2 (max threshold 6)
[2019-12-11T08:30:38.888+0000][1][gc,age       ] GC(22) Age table with threshold 2 (max threshold 6)
[2019-12-11T08:30:38.888+0000][1][gc,age       ] GC(22) - age   1:    3654864 bytes,    3654864 total
[2019-12-11T08:30:38.888+0000][1][gc,age       ] GC(22) - age   2:    1502048 bytes,    5156912 total
[2019-12-11T08:30:38.888+0000][1][gc,age       ] GC(22) - age   3:    2735912 bytes,    7892824 total
[2019-12-11T08:30:38.888+0000][1][gc,heap      ] GC(22) ParNew: 75037K->8704K(78656K)
[2019-12-11T08:30:38.888+0000][1][gc,heap      ] GC(22) CMS: 60557K->60557K(174784K)
[2019-12-11T08:30:38.888+0000][1][gc,metaspace ] GC(22) Metaspace: 63036K->63036K(1107968K)
[2019-12-11T08:30:38.888+0000][1][gc           ] GC(22) Pause Young (Allocation Failure) 132M->67M(247M) 139.600ms
[2019-12-11T08:30:38.888+0000][1][gc,cpu       ] GC(22) User=0.03s Sys=0.00s Real=0.14s
[2019-12-11T08:30:38.888+0000][1][safepoint    ] Leaving safepoint region
[2019-12-11T08:30:38.889+0000][1][safepoint    ] Total time for which application threads were stopped: 0.1721733 seconds, Stopping threads took: 0.0324112 seconds
[2019-12-11T08:30:39.193+0000][1][safepoint    ] Application time: 0.3042009 seconds
[2019-12-11T08:30:39.193+0000][1][safepoint    ] Entering safepoint region: RevokeBias
[2019-12-11T08:30:39.193+0000][1][safepoint    ] Leaving safepoint region
[2019-12-11T08:30:39.193+0000][1][safepoint    ] Total time for which application threads were stopped: 0.0001466 seconds, Stopping threads took: 0.0000153 seconds
[2019-12-11T08:30:39.573+0000][1][safepoint    ] Application time: 0.3797008 seconds
[2019-12-11T08:30:39.573+0000][1][safepoint    ] Entering safepoint region: Deoptimize
[2019-12-11T08:30:39.573+0000][1][safepoint    ] Leaving safepoint region
[2019-12-11T08:30:39.573+0000][1][safepoint    ] Total time for which application threads were stopped: 0.0007262 seconds, Stopping threads took: 0.0000156 seconds
[2019-12-11T08:30:39.589+0000][1][safepoint    ] Application time: 0.0159186 seconds
[2019-12-11T08:30:39.629+0000][1][safepoint    ] Entering safepoint region: RevokeBias
[2019-12-11T08:30:39.629+0000][1][safepoint    ] Leaving safepoint region
[2019-12-11T08:30:39.629+0000][1][safepoint    ] Total time for which application threads were stopped: 0.0399390 seconds, Stopping threads took: 0.0397746 seconds
[2019-12-11T08:30:39.629+0000][1][safepoint    ] Application time: 0.0000976 seconds
[2019-12-11T08:30:39.629+0000][1][safepoint    ] Entering safepoint region: RevokeBias
[2019-12-11T08:30:39.629+0000][1][safepoint    ] Leaving safepoint region
[2019-12-11T08:30:39.629+0000][1][safepoint    ] Total time for which application threads were stopped: 0.0001103 seconds, Stopping threads took: 0.0000169 seconds
[2019-12-11T08:30:39.630+0000][1][safepoint    ] Application time: 0.0000592 seconds
[2019-12-11T08:30:39.630+0000][1][safepoint    ] Entering safepoint region: RevokeBias
[2019-12-11T08:30:39.630+0000][1][safepoint    ] Leaving safepoint region
[2019-12-11T08:30:39.630+0000][1][safepoint    ] Total time for which application threads were stopped: 0.0000712 seconds, Stopping threads took: 0.0000072 seconds
[2019-12-11T08:30:39.630+0000][1][safepoint    ] Application time: 0.0000651 seconds
[2019-12-11T08:30:39.630+0000][1][safepoint    ] Entering safepoint region: RevokeBias
[2019-12-11T08:30:39.630+0000][1][safepoint    ] Leaving safepoint region
[2019-12-11T08:30:39.630+0000][1][safepoint    ] Total time for which application threads were stopped: 0.0000896 seconds, Stopping threads took: 0.0000080 seconds
[2019-12-11T08:30:39.630+0000][1][safepoint    ] Application time: 0.0000728 seconds
[2019-12-11T08:30:39.630+0000][1][safepoint    ] Entering safepoint region: RevokeBias
[2019-12-11T08:30:39.630+0000][1][safepoint    ] Leaving safepoint region
[2019-12-11T08:30:39.630+0000][1][safepoint    ] Total time for which application threads were stopped: 0.0000788 seconds, Stopping threads took: 0.0000087 seconds
[2019-12-11T08:30:39.630+0000][1][safepoint    ] Application time: 0.0000595 seconds
[2019-12-11T08:30:39.630+0000][1][safepoint    ] Entering safepoint region: RevokeBias
[2019-12-11T08:30:39.630+0000][1][safepoint    ] Leaving safepoint region
[2019-12-11T08:30:39.630+0000][1][safepoint    ] Total time for which application threads were stopped: 0.0000715 seconds, Stopping threads took: 0.0000090 seconds
[2019-12-11T08:30:39.630+0000][1][safepoint    ] Application time: 0.0000571 seconds
[2019-12-11T08:30:39.630+0000][1][safepoint    ] Entering safepoint region: RevokeBias
[2019-12-11T08:30:39.630+0000][1][safepoint    ] Leaving safepoint region
[2019-12-11T08:30:39.630+0000][1][safepoint    ] Total time for which application threads were stopped: 0.0000675 seconds, Stopping threads took: 0.0000076 seconds
[2019-12-11T08:30:39.630+0000][1][safepoint    ] Application time: 0.0000614 seconds
[2019-12-11T08:30:39.630+0000][1][safepoint    ] Entering safepoint region: RevokeBias
[2019-12-11T08:30:39.630+0000][1][safepoint    ] Leaving safepoint region
[2019-12-11T08:30:39.630+0000][1][safepoint    ] Total time for which application threads were stopped: 0.0000637 seconds, Stopping threads took: 0.0000075 seconds
[2019-12-11T08:30:39.659+0000][1][safepoint    ] Application time: 0.0285503 seconds
[2019-12-11T08:30:39.659+0000][1][safepoint    ] Entering safepoint region: BulkRevokeBias
[2019-12-11T08:30:39.659+0000][1][safepoint    ] Leaving safepoint region
[2019-12-11T08:30:39.659+0000][1][safepoint    ] Total time for which application threads were stopped: 0.0001796 seconds, Stopping threads took: 0.0000143 seconds
[2019-12-11T08:30:39.660+0000][1][safepoint    ] Application time: 0.0011222 seconds
[2019-12-11T08:30:39.660+0000][1][safepoint    ] Entering safepoint region: RevokeBias
[2019-12-11T08:30:39.660+0000][1][safepoint    ] Leaving safepoint region
[2019-12-11T08:30:39.660+0000][1][safepoint    ] Total time for which application threads were stopped: 0.0000650 seconds, Stopping threads took: 0.0000117 seconds
[2019-12-11T08:30:39.661+0000][1][safepoint    ] Application time: 0.0001535 seconds
[2019-12-11T08:30:39.661+0000][1][safepoint    ] Entering safepoint region: RevokeBias
[2019-12-11T08:30:39.661+0000][1][safepoint    ] Leaving safepoint region
[2019-12-11T08:30:39.661+0000][1][safepoint    ] Total time for which application threads were stopped: 0.0000500 seconds, Stopping threads took: 0.0000087 seconds
[2019-12-11T08:30:39.661+0000][1][safepoint    ] Application time: 0.0004407 seconds
[2019-12-11T08:30:39.661+0000][1][safepoint    ] Entering safepoint region: RevokeBias
[2019-12-11T08:30:39.661+0000][1][safepoint    ] Leaving safepoint region
[2019-12-11T08:30:39.661+0000][1][safepoint    ] Total time for which application threads were stopped: 0.0000714 seconds, Stopping threads took: 0.0000167 seconds
[2019-12-11T08:30:39.680+0000][1][safepoint    ] Application time: 0.0187466 seconds
[2019-12-11T08:30:39.680+0000][1][safepoint    ] Entering safepoint region: RevokeBias
[2019-12-11T08:30:39.680+0000][1][safepoint    ] Leaving safepoint region
[2019-12-11T08:30:39.680+0000][1][safepoint    ] Total time for which application threads were stopped: 0.0000818 seconds, Stopping threads took: 0.0000130 seconds
[2019-12-11T08:30:39.680+0000][1][safepoint    ] Application time: 0.0001174 seconds
[2019-12-11T08:30:39.680+0000][1][safepoint    ] Entering safepoint region: RevokeBias
[2019-12-11T08:30:39.680+0000][1][safepoint    ] Leaving safepoint region
[2019-12-11T08:30:39.680+0000][1][safepoint    ] Total time for which application threads were stopped: 0.0000624 seconds, Stopping threads took: 0.0000099 seconds
[2019-12-11T08:30:39.681+0000][1][safepoint    ] Application time: 0.0003781 seconds
[2019-12-11T08:30:39.681+0000][1][safepoint    ] Entering safepoint region: RevokeBias
[2019-12-11T08:30:39.681+0000][1][safepoint    ] Leaving safepoint region
[2019-12-11T08:30:39.681+0000][1][safepoint    ] Total time for which application threads were stopped: 0.0000990 seconds, Stopping threads took: 0.0000148 seconds
[2019-12-11T08:30:39.681+0000][1][safepoint    ] Application time: 0.0002610 seconds
[2019-12-11T08:30:39.681+0000][1][safepoint    ] Entering safepoint region: RevokeBias
[2019-12-11T08:30:39.681+0000][1][safepoint    ] Leaving safepoint region
[2019-12-11T08:30:39.681+0000][1][safepoint    ] Total time for which application threads were stopped: 0.0000665 seconds, Stopping threads took: 0.0000112 seconds
[2019-12-11T08:30:39.681+0000][1][safepoint    ] Application time: 0.0000607 seconds
[2019-12-11T08:30:39.681+0000][1][safepoint    ] Entering safepoint region: RevokeBias
[2019-12-11T08:30:39.681+0000][1][safepoint    ] Leaving safepoint region
[2019-12-11T08:30:39.681+0000][1][safepoint    ] Total time for which application threads were stopped: 0.0000495 seconds, Stopping threads took: 0.0000089 seconds
[2019-12-11T08:30:39.681+0000][1][safepoint    ] Application time: 0.0001108 seconds
[2019-12-11T08:30:39.681+0000][1][safepoint    ] Entering safepoint region: RevokeBias
[2019-12-11T08:30:39.681+0000][1][safepoint    ] Leaving safepoint region
[2019-12-11T08:30:39.681+0000][1][safepoint    ] Total time for which application threads were stopped: 0.0000528 seconds, Stopping threads took: 0.0000090 seconds
[2019-12-11T08:30:39.682+0000][1][safepoint    ] Application time: 0.0006683 seconds
[2019-12-11T08:30:39.682+0000][1][safepoint    ] Entering safepoint region: RevokeBias
[2019-12-11T08:30:39.682+0000][1][safepoint    ] Leaving safepoint region
[2019-12-11T08:30:39.682+0000][1][safepoint    ] Total time for which application threads were stopped: 0.0000599 seconds, Stopping threads took: 0.0000116 seconds
[2019-12-11T08:30:39.694+0000][1][safepoint    ] Application time: 0.0119996 seconds
[2019-12-11T08:30:39.694+0000][1][safepoint    ] Entering safepoint region: RevokeBias
[2019-12-11T08:30:39.694+0000][1][safepoint    ] Leaving safepoint region
[2019-12-11T08:30:39.694+0000][1][safepoint    ] Total time for which application threads were stopped: 0.0000861 seconds, Stopping threads took: 0.0000139 seconds
[2019-12-11T08:30:39.695+0000][1][safepoint    ] Application time: 0.0006480 seconds
[2019-12-11T08:30:39.695+0000][1][safepoint    ] Entering safepoint region: RevokeBias
[2019-12-11T08:30:39.695+0000][1][safepoint    ] Leaving safepoint region
[2019-12-11T08:30:39.695+0000][1][safepoint    ] Total time for which application threads were stopped: 0.0000703 seconds, Stopping threads took: 0.0000130 seconds
[2019-12-11T08:30:39.708+0000][1][safepoint    ] Application time: 0.0125131 seconds
[2019-12-11T08:30:39.708+0000][1][safepoint    ] Entering safepoint region: BulkRevokeBias
[2019-12-11T08:30:39.708+0000][1][safepoint    ] Leaving safepoint region
[2019-12-11T08:30:39.708+0000][1][safepoint    ] Total time for which application threads were stopped: 0.0002203 seconds, Stopping threads took: 0.0000191 seconds
[2019-12-11T08:30:39.717+0000][1][safepoint    ] Application time: 0.0096101 seconds
[2019-12-11T08:30:39.717+0000][1][safepoint    ] Entering safepoint region: Deoptimize
[2019-12-11T08:30:39.718+0000][1][safepoint    ] Leaving safepoint region
[2019-12-11T08:30:39.718+0000][1][safepoint    ] Total time for which application threads were stopped: 0.0006478 seconds, Stopping threads took: 0.0000120 seconds
[2019-12-11T08:30:39.719+0000][1][safepoint    ] Application time: 0.0009743 seconds
[2019-12-11T08:30:39.719+0000][1][safepoint    ] Entering safepoint region: RevokeBias
[2019-12-11T08:30:39.719+0000][1][safepoint    ] Leaving safepoint region
[2019-12-11T08:30:39.719+0000][1][safepoint    ] Total time for which application threads were stopped: 0.0000729 seconds, Stopping threads took: 0.0000120 seconds
[2019-12-11T08:30:40.249+0000][1][safepoint    ] Application time: 0.5303328 seconds
[2019-12-11T08:30:40.262+0000][1][safepoint    ] Entering safepoint region: RevokeBias
[2019-12-11T08:30:40.262+0000][1][safepoint    ] Leaving safepoint region
[2019-12-11T08:30:40.262+0000][1][safepoint    ] Total time for which application threads were stopped: 0.0124254 seconds, Stopping threads took: 0.0123000 seconds
[2019-12-11T08:30:40.262+0000][1][safepoint    ] Application time: 0.0001851 seconds
[2019-12-11T08:30:40.262+0000][1][safepoint    ] Entering safepoint region: RevokeBias
[2019-12-11T08:30:40.262+0000][1][safepoint    ] Leaving safepoint region
[2019-12-11T08:30:40.262+0000][1][safepoint    ] Total time for which application threads were stopped: 0.0000671 seconds, Stopping threads took: 0.0000104 seconds
[2019-12-11T08:30:40.262+0000][1][safepoint    ] Application time: 0.0000628 seconds
[2019-12-11T08:30:40.262+0000][1][safepoint    ] Entering safepoint region: RevokeBias
[2019-12-11T08:30:40.262+0000][1][safepoint    ] Leaving safepoint region
[2019-12-11T08:30:40.262+0000][1][safepoint    ] Total time for which application threads were stopped: 0.0000481 seconds, Stopping threads took: 0.0000088 seconds
[2019-12-11T08:30:40.263+0000][1][safepoint    ] Application time: 0.0002851 seconds
[2019-12-11T08:30:40.263+0000][1][safepoint    ] Entering safepoint region: RevokeBias
[2019-12-11T08:30:40.263+0000][1][safepoint    ] Leaving safepoint region
[2019-12-11T08:30:40.263+0000][1][safepoint    ] Total time for which application threads were stopped: 0.0000813 seconds, Stopping threads took: 0.0000104 seconds
[2019-12-11T08:30:40.263+0000][1][safepoint    ] Application time: 0.0000624 seconds
[2019-12-11T08:30:40.263+0000][1][safepoint    ] Entering safepoint region: RevokeBias
[2019-12-11T08:30:40.263+0000][1][safepoint    ] Leaving safepoint region
[2019-12-11T08:30:40.263+0000][1][safepoint    ] Total time for which application threads were stopped: 0.0000552 seconds, Stopping threads took: 0.0000095 seconds
[2019-12-11T08:30:40.265+0000][1][safepoint    ] Application time: 0.0022000 seconds
[2019-12-11T08:30:40.265+0000][1][safepoint    ] Entering safepoint region: RevokeBias
[2019-12-11T08:30:40.265+0000][1][safepoint    ] Leaving safepoint region
[2019-12-11T08:30:40.265+0000][1][safepoint    ] Total time for which application threads were stopped: 0.0001043 seconds, Stopping threads took: 0.0000545 seconds
[2019-12-11T08:30:40.266+0000][1][safepoint    ] Application time: 0.0008734 seconds
[2019-12-11T08:30:40.266+0000][1][safepoint    ] Entering safepoint region: RevokeBias
[2019-12-11T08:30:40.266+0000][1][safepoint    ] Leaving safepoint region
[2019-12-11T08:30:40.266+0000][1][safepoint    ] Total time for which application threads were stopped: 0.0000508 seconds, Stopping threads took: 0.0000118 seconds
[2019-12-11T08:30:40.268+0000][1][safepoint    ] Application time: 0.0016962 seconds
[2019-12-11T08:30:40.268+0000][1][safepoint    ] Entering safepoint region: RevokeBias
[2019-12-11T08:30:40.268+0000][1][safepoint    ] Leaving safepoint region
[2019-12-11T08:30:40.268+0000][1][safepoint    ] Total time for which application threads were stopped: 0.0004061 seconds, Stopping threads took: 0.0003569 seconds
[2019-12-11T08:30:40.269+0000][1][safepoint    ] Application time: 0.0004478 seconds
[2019-12-11T08:30:40.269+0000][1][safepoint    ] Entering safepoint region: RevokeBias
[2019-12-11T08:30:40.269+0000][1][safepoint    ] Leaving safepoint region
[2019-12-11T08:30:40.269+0000][1][safepoint    ] Total time for which application threads were stopped: 0.0000761 seconds, Stopping threads took: 0.0000131 seconds
[2019-12-11T08:30:40.279+0000][1][safepoint    ] Application time: 0.0098540 seconds
[2019-12-11T08:30:40.279+0000][1][safepoint    ] Entering safepoint region: RevokeBias
[2019-12-11T08:30:40.279+0000][1][safepoint    ] Leaving safepoint region
[2019-12-11T08:30:40.279+0000][1][safepoint    ] Total time for which application threads were stopped: 0.0001448 seconds, Stopping threads took: 0.0000549 seconds
[2019-12-11T08:30:40.279+0000][1][safepoint    ] Application time: 0.0004137 seconds
[2019-12-11T08:30:40.279+0000][1][safepoint    ] Entering safepoint region: RevokeBias
[2019-12-11T08:30:40.279+0000][1][safepoint    ] Leaving safepoint region
[2019-12-11T08:30:40.279+0000][1][safepoint    ] Total time for which application threads were stopped: 0.0001212 seconds, Stopping threads took: 0.0000118 seconds
[2019-12-11T08:30:40.280+0000][1][safepoint    ] Application time: 0.0002166 seconds
[2019-12-11T08:30:40.280+0000][1][safepoint    ] Entering safepoint region: RevokeBias
[2019-12-11T08:30:40.280+0000][1][safepoint    ] Leaving safepoint region
[2019-12-11T08:30:40.280+0000][1][safepoint    ] Total time for which application threads were stopped: 0.0000906 seconds, Stopping threads took: 0.0000164 seconds
[2019-12-11T08:30:40.280+0000][1][safepoint    ] Application time: 0.0001283 seconds
[2019-12-11T08:30:40.280+0000][1][safepoint    ] Entering safepoint region: RevokeBias
[2019-12-11T08:30:40.280+0000][1][safepoint    ] Leaving safepoint region
[2019-12-11T08:30:40.280+0000][1][safepoint    ] Total time for which application threads were stopped: 0.0000712 seconds, Stopping threads took: 0.0000097 seconds
[2019-12-11T08:30:40.284+0000][1][safepoint    ] Application time: 0.0038341 seconds
[2019-12-11T08:30:40.284+0000][1][safepoint    ] Entering safepoint region: RevokeBias
[2019-12-11T08:30:40.284+0000][1][safepoint    ] Leaving safepoint region
[2019-12-11T08:30:40.284+0000][1][safepoint    ] Total time for which application threads were stopped: 0.0000686 seconds, Stopping threads took: 0.0000119 seconds
[2019-12-11T08:30:40.358+0000][1][safepoint    ] Application time: 0.0738014 seconds
[2019-12-11T08:30:40.406+0000][1][safepoint    ] Entering safepoint region: RevokeBias
[2019-12-11T08:30:40.406+0000][1][safepoint    ] Leaving safepoint region
[2019-12-11T08:30:40.406+0000][1][safepoint    ] Total time for which application threads were stopped: 0.0480675 seconds, Stopping threads took: 0.0479563 seconds
[2019-12-11T08:30:40.406+0000][1][safepoint    ] Application time: 0.0000866 seconds
[2019-12-11T08:30:40.406+0000][1][safepoint    ] Entering safepoint region: RevokeBias
[2019-12-11T08:30:40.406+0000][1][safepoint    ] Leaving safepoint region
[2019-12-11T08:30:40.406+0000][1][safepoint    ] Total time for which application threads were stopped: 0.0000648 seconds, Stopping threads took: 0.0000111 seconds
[2019-12-11T08:30:40.454+0000][1][safepoint    ] Application time: 0.0483881 seconds
[2019-12-11T08:30:40.475+0000][1][safepoint    ] Entering safepoint region: RevokeBias
[2019-12-11T08:30:40.475+0000][1][safepoint    ] Leaving safepoint region
[2019-12-11T08:30:40.475+0000][1][safepoint    ] Total time for which application threads were stopped: 0.0205406 seconds, Stopping threads took: 0.0204475 seconds
[2019-12-11T08:30:40.476+0000][1][safepoint    ] Application time: 0.0009185 seconds
[2019-12-11T08:30:40.487+0000][1][safepoint    ] Entering safepoint region: RevokeBias
[2019-12-11T08:30:40.487+0000][1][safepoint    ] Leaving safepoint region
[2019-12-11T08:30:40.487+0000][1][safepoint    ] Total time for which application threads were stopped: 0.0110552 seconds, Stopping threads took: 0.0109345 seconds
[2019-12-11T08:30:40.492+0000][1][safepoint    ] Application time: 0.0051741 seconds
[2019-12-11T08:30:40.492+0000][1][safepoint    ] Entering safepoint region: RevokeBias
[2019-12-11T08:30:40.492+0000][1][safepoint    ] Leaving safepoint region
[2019-12-11T08:30:40.492+0000][1][safepoint    ] Total time for which application threads were stopped: 0.0001881 seconds, Stopping threads took: 0.0001023 seconds
[2019-12-11T08:30:40.493+0000][1][safepoint    ] Application time: 0.0002489 seconds
[2019-12-11T08:30:40.493+0000][1][safepoint    ] Entering safepoint region: RevokeBias
[2019-12-11T08:30:40.493+0000][1][safepoint    ] Leaving safepoint region
[2019-12-11T08:30:40.493+0000][1][safepoint    ] Total time for which application threads were stopped: 0.0000998 seconds, Stopping threads took: 0.0000276 seconds
[2019-12-11T08:30:40.493+0000][1][safepoint    ] Application time: 0.0001007 seconds
[2019-12-11T08:30:40.493+0000][1][safepoint    ] Entering safepoint region: RevokeBias
[2019-12-11T08:30:40.493+0000][1][safepoint    ] Leaving safepoint region
[2019-12-11T08:30:40.493+0000][1][safepoint    ] Total time for which application threads were stopped: 0.0000492 seconds, Stopping threads took: 0.0000083 seconds
[2019-12-11T08:30:40.497+0000][1][safepoint    ] Application time: 0.0036458 seconds
[2019-12-11T08:30:40.497+0000][1][safepoint    ] Entering safepoint region: RevokeBias
[2019-12-11T08:30:40.497+0000][1][safepoint    ] Leaving safepoint region
[2019-12-11T08:30:40.497+0000][1][safepoint    ] Total time for which application threads were stopped: 0.0001054 seconds, Stopping threads took: 0.0000143 seconds
[2019-12-11T08:30:40.497+0000][1][safepoint    ] Application time: 0.0004327 seconds
[2019-12-11T08:30:40.497+0000][1][safepoint    ] Entering safepoint region: RevokeBias
[2019-12-11T08:30:40.497+0000][1][safepoint    ] Leaving safepoint region
[2019-12-11T08:30:40.497+0000][1][safepoint    ] Total time for which application threads were stopped: 0.0001107 seconds, Stopping threads took: 0.0000121 seconds
[2019-12-11T08:30:40.497+0000][1][safepoint    ] Application time: 0.0001296 seconds
[2019-12-11T08:30:40.497+0000][1][safepoint    ] Entering safepoint region: RevokeBias
[2019-12-11T08:30:40.497+0000][1][safepoint    ] Leaving safepoint region
[2019-12-11T08:30:40.498+0000][1][safepoint    ] Total time for which application threads were stopped: 0.0000714 seconds, Stopping threads took: 0.0000105 seconds
[2019-12-11T08:30:40.498+0000][1][safepoint    ] Application time: 0.0001409 seconds
[2019-12-11T08:30:40.498+0000][1][safepoint    ] Entering safepoint region: RevokeBias
[2019-12-11T08:30:40.498+0000][1][safepoint    ] Leaving safepoint region
[2019-12-11T08:30:40.498+0000][1][safepoint    ] Total time for which application threads were stopped: 0.0000817 seconds, Stopping threads took: 0.0000085 seconds
[2019-12-11T08:30:40.501+0000][1][safepoint    ] Application time: 0.0036658 seconds
[2019-12-11T08:30:40.501+0000][1][safepoint    ] Entering safepoint region: RevokeBias
[2019-12-11T08:30:40.502+0000][1][safepoint    ] Leaving safepoint region
[2019-12-11T08:30:40.502+0000][1][safepoint    ] Total time for which application threads were stopped: 0.0000758 seconds, Stopping threads took: 0.0000123 seconds
[2019-12-11T08:30:40.502+0000][1][safepoint    ] Application time: 0.0008767 seconds
[2019-12-11T08:30:40.502+0000][1][safepoint    ] Entering safepoint region: RevokeBias
[2019-12-11T08:30:40.503+0000][1][safepoint    ] Leaving safepoint region
[2019-12-11T08:30:40.503+0000][1][safepoint    ] Total time for which application threads were stopped: 0.0001177 seconds, Stopping threads took: 0.0000126 seconds
[2019-12-11T08:30:40.503+0000][1][safepoint    ] Application time: 0.0000593 seconds
[2019-12-11T08:30:40.503+0000][1][safepoint    ] Entering safepoint region: RevokeBias
[2019-12-11T08:30:40.503+0000][1][safepoint    ] Leaving safepoint region
[2019-12-11T08:30:40.503+0000][1][safepoint    ] Total time for which application threads were stopped: 0.0000753 seconds, Stopping threads took: 0.0000131 seconds
[2019-12-11T08:30:40.533+0000][1][safepoint    ] Application time: 0.0307174 seconds
[2019-12-11T08:30:40.533+0000][1][safepoint    ] Entering safepoint region: RevokeBias
[2019-12-11T08:30:40.534+0000][1][safepoint    ] Leaving safepoint region
[2019-12-11T08:30:40.534+0000][1][safepoint    ] Total time for which application threads were stopped: 0.0001138 seconds, Stopping threads took: 0.0000176 seconds
[2019-12-11T08:30:40.534+0000][1][safepoint    ] Application time: 0.0002717 seconds
[2019-12-11T08:30:40.534+0000][1][safepoint    ] Entering safepoint region: RevokeBias
[2019-12-11T08:30:40.534+0000][1][safepoint    ] Leaving safepoint region
[2019-12-11T08:30:40.534+0000][1][safepoint    ] Total time for which application threads were stopped: 0.0000655 seconds, Stopping threads took: 0.0000105 seconds
[2019-12-11T08:30:40.534+0000][1][safepoint    ] Application time: 0.0003326 seconds
[2019-12-11T08:30:40.534+0000][1][safepoint    ] Entering safepoint region: RevokeBias
[2019-12-11T08:30:40.534+0000][1][safepoint    ] Leaving safepoint region
[2019-12-11T08:30:40.534+0000][1][safepoint    ] Total time for which application threads were stopped: 0.0001081 seconds, Stopping threads took: 0.0000121 seconds
[2019-12-11T08:30:40.535+0000][1][safepoint    ] Application time: 0.0001324 seconds
[2019-12-11T08:30:40.535+0000][1][safepoint    ] Entering safepoint region: RevokeBias
[2019-12-11T08:30:40.535+0000][1][safepoint    ] Leaving safepoint region
[2019-12-11T08:30:40.535+0000][1][safepoint    ] Total time for which application threads were stopped: 0.0000589 seconds, Stopping threads took: 0.0000097 seconds
[2019-12-11T08:30:40.553+0000][1][safepoint    ] Application time: 0.0182469 seconds
[2019-12-11T08:30:40.553+0000][1][safepoint    ] Entering safepoint region: RevokeBias
[2019-12-11T08:30:40.553+0000][1][safepoint    ] Leaving safepoint region
[2019-12-11T08:30:40.553+0000][1][safepoint    ] Total time for which application threads were stopped: 0.0000855 seconds, Stopping threads took: 0.0000156 seconds
[2019-12-11T08:30:40.558+0000][1][safepoint    ] Application time: 0.0047895 seconds
[2019-12-11T08:30:40.558+0000][1][safepoint    ] Entering safepoint region: RevokeBias
[2019-12-11T08:30:40.558+0000][1][safepoint    ] Leaving safepoint region
[2019-12-11T08:30:40.558+0000][1][safepoint    ] Total time for which application threads were stopped: 0.0001132 seconds, Stopping threads took: 0.0000501 seconds
[2019-12-11T08:30:40.559+0000][1][safepoint    ] Application time: 0.0006542 seconds
[2019-12-11T08:30:40.559+0000][1][safepoint    ] Entering safepoint region: RevokeBias
[2019-12-11T08:30:40.559+0000][1][safepoint    ] Leaving safepoint region
[2019-12-11T08:30:40.559+0000][1][safepoint    ] Total time for which application threads were stopped: 0.0000945 seconds, Stopping threads took: 0.0000125 seconds
[2019-12-11T08:30:40.560+0000][1][safepoint    ] Application time: 0.0015783 seconds
[2019-12-11T08:30:40.560+0000][1][safepoint    ] Entering safepoint region: RevokeBias
[2019-12-11T08:30:40.560+0000][1][safepoint    ] Leaving safepoint region
[2019-12-11T08:30:40.560+0000][1][safepoint    ] Total time for which application threads were stopped: 0.0000783 seconds, Stopping threads took: 0.0000121 seconds
[2019-12-11T08:30:40.566+0000][1][safepoint    ] Application time: 0.0056610 seconds
[2019-12-11T08:30:40.566+0000][1][safepoint    ] Entering safepoint region: RevokeBias
[2019-12-11T08:30:40.566+0000][1][safepoint    ] Leaving safepoint region
[2019-12-11T08:30:40.566+0000][1][safepoint    ] Total time for which application threads were stopped: 0.0003791 seconds, Stopping threads took: 0.0000529 seconds
[2019-12-11T08:30:40.570+0000][1][safepoint    ] Application time: 0.0033604 seconds
[2019-12-11T08:30:40.570+0000][1][safepoint    ] Entering safepoint region: RevokeBias
[2019-12-11T08:30:40.570+0000][1][safepoint    ] Leaving safepoint region
[2019-12-11T08:30:40.570+0000][1][safepoint    ] Total time for which application threads were stopped: 0.0000981 seconds, Stopping threads took: 0.0000455 seconds
[2019-12-11T08:30:40.571+0000][1][safepoint    ] Application time: 0.0013873 seconds
[2019-12-11T08:30:40.571+0000][1][safepoint    ] Entering safepoint region: RevokeBias
[2019-12-11T08:30:40.571+0000][1][safepoint    ] Leaving safepoint region
[2019-12-11T08:30:40.571+0000][1][safepoint    ] Total time for which application threads were stopped: 0.0000678 seconds, Stopping threads took: 0.0000127 seconds
[2019-12-11T08:30:40.607+0000][1][safepoint    ] Application time: 0.0351358 seconds
[2019-12-11T08:30:40.607+0000][1][safepoint    ] Entering safepoint region: RevokeBias
[2019-12-11T08:30:40.607+0000][1][safepoint    ] Leaving safepoint region
[2019-12-11T08:30:40.607+0000][1][safepoint    ] Total time for which application threads were stopped: 0.0001212 seconds, Stopping threads took: 0.0000165 seconds
[2019-12-11T08:30:40.607+0000][1][safepoint    ] Application time: 0.0003537 seconds
[2019-12-11T08:30:40.607+0000][1][safepoint    ] Entering safepoint region: RevokeBias
[2019-12-11T08:30:40.607+0000][1][safepoint    ] Leaving safepoint region
[2019-12-11T08:30:40.607+0000][1][safepoint    ] Total time for which application threads were stopped: 0.0000824 seconds, Stopping threads took: 0.0000138 seconds
[2019-12-11T08:30:40.607+0000][1][safepoint    ] Application time: 0.0001218 seconds
[2019-12-11T08:30:40.607+0000][1][safepoint    ] Entering safepoint region: RevokeBias
[2019-12-11T08:30:40.607+0000][1][safepoint    ] Leaving safepoint region
[2019-12-11T08:30:40.607+0000][1][safepoint    ] Total time for which application threads were stopped: 0.0000618 seconds, Stopping threads took: 0.0000091 seconds
[2019-12-11T08:30:40.608+0000][1][safepoint    ] Application time: 0.0002179 seconds
[2019-12-11T08:30:40.608+0000][1][safepoint    ] Entering safepoint region: RevokeBias
[2019-12-11T08:30:40.608+0000][1][safepoint    ] Leaving safepoint region
[2019-12-11T08:30:40.608+0000][1][safepoint    ] Total time for which application threads were stopped: 0.0000848 seconds, Stopping threads took: 0.0000102 seconds
[2019-12-11T08:30:40.608+0000][1][safepoint    ] Application time: 0.0000687 seconds
[2019-12-11T08:30:40.608+0000][1][safepoint    ] Entering safepoint region: RevokeBias
[2019-12-11T08:30:40.608+0000][1][safepoint    ] Leaving safepoint region
[2019-12-11T08:30:40.608+0000][1][safepoint    ] Total time for which application threads were stopped: 0.0000532 seconds, Stopping threads took: 0.0000084 seconds
[2019-12-11T08:30:40.609+0000][1][safepoint    ] Application time: 0.0006820 seconds
[2019-12-11T08:30:40.609+0000][1][safepoint    ] Entering safepoint region: RevokeBias
[2019-12-11T08:30:40.609+0000][1][safepoint    ] Leaving safepoint region
[2019-12-11T08:30:40.609+0000][1][safepoint    ] Total time for which application threads were stopped: 0.0000776 seconds, Stopping threads took: 0.0000130 seconds
[2019-12-11T08:30:40.622+0000][1][safepoint    ] Application time: 0.0131942 seconds
[2019-12-11T08:30:40.622+0000][1][safepoint    ] Entering safepoint region: RevokeBias
[2019-12-11T08:30:40.622+0000][1][safepoint    ] Leaving safepoint region
[2019-12-11T08:30:40.622+0000][1][safepoint    ] Total time for which application threads were stopped: 0.0000732 seconds, Stopping threads took: 0.0000125 seconds
[2019-12-11T08:30:40.622+0000][1][safepoint    ] Application time: 0.0003916 seconds
[2019-12-11T08:30:40.622+0000][1][safepoint    ] Entering safepoint region: RevokeBias
[2019-12-11T08:30:40.622+0000][1][safepoint    ] Leaving safepoint region
[2019-12-11T08:30:40.622+0000][1][safepoint    ] Total time for which application threads were stopped: 0.0000649 seconds, Stopping threads took: 0.0000110 seconds
[2019-12-11T08:30:40.622+0000][1][safepoint    ] Application time: 0.0000709 seconds
[2019-12-11T08:30:40.623+0000][1][safepoint    ] Entering safepoint region: RevokeBias
[2019-12-11T08:30:40.623+0000][1][safepoint    ] Leaving safepoint region
[2019-12-11T08:30:40.623+0000][1][safepoint    ] Total time for which application threads were stopped: 0.0000509 seconds, Stopping threads took: 0.0000085 seconds
[2019-12-11T08:30:40.750+0000][1][safepoint    ] Application time: 0.1270016 seconds
[2019-12-11T08:30:40.797+0000][1][safepoint    ] Entering safepoint region: RevokeBias
[2019-12-11T08:30:40.797+0000][1][safepoint    ] Leaving safepoint region
[2019-12-11T08:30:40.797+0000][1][safepoint    ] Total time for which application threads were stopped: 0.0472873 seconds, Stopping threads took: 0.0471827 seconds
[2019-12-11T08:30:40.835+0000][1][safepoint    ] Application time: 0.0381203 seconds
[2019-12-11T08:30:40.945+0000][1][safepoint    ] Entering safepoint region: RevokeBias
[2019-12-11T08:30:40.945+0000][1][safepoint    ] Leaving safepoint region
[2019-12-11T08:30:40.945+0000][1][safepoint    ] Total time for which application threads were stopped: 0.1098926 seconds, Stopping threads took: 0.1097955 seconds
[2019-12-11T08:30:40.946+0000][1][safepoint    ] Application time: 0.0011971 seconds
[2019-12-11T08:30:40.946+0000][1][safepoint    ] Entering safepoint region: RevokeBias
[2019-12-11T08:30:40.946+0000][1][safepoint    ] Leaving safepoint region
[2019-12-11T08:30:40.946+0000][1][safepoint    ] Total time for which application threads were stopped: 0.0001124 seconds, Stopping threads took: 0.0000436 seconds
[2019-12-11T08:30:40.946+0000][1][safepoint    ] Application time: 0.0001988 seconds
[2019-12-11T08:30:40.947+0000][1][safepoint    ] Entering safepoint region: RevokeBias
[2019-12-11T08:30:40.947+0000][1][safepoint    ] Leaving safepoint region
[2019-12-11T08:30:40.947+0000][1][safepoint    ] Total time for which application threads were stopped: 0.0000739 seconds, Stopping threads took: 0.0000124 seconds
[2019-12-11T08:30:40.947+0000][1][safepoint    ] Application time: 0.0000633 seconds
[2019-12-11T08:30:40.947+0000][1][safepoint    ] Entering safepoint region: RevokeBias
[2019-12-11T08:30:40.947+0000][1][safepoint    ] Leaving safepoint region
[2019-12-11T08:30:40.947+0000][1][safepoint    ] Total time for which application threads were stopped: 0.0000749 seconds, Stopping threads took: 0.0000092 seconds
[2019-12-11T08:30:40.947+0000][1][safepoint    ] Application time: 0.0003764 seconds
[2019-12-11T08:30:40.947+0000][1][safepoint    ] Entering safepoint region: RevokeBias
[2019-12-11T08:30:40.947+0000][1][safepoint    ] Leaving safepoint region
[2019-12-11T08:30:40.947+0000][1][safepoint    ] Total time for which application threads were stopped: 0.0000684 seconds, Stopping threads took: 0.0000127 seconds
[2019-12-11T08:30:41.073+0000][1][safepoint    ] Application time: 0.1261934 seconds
[2019-12-11T08:30:41.121+0000][1][safepoint    ] Entering safepoint region: RevokeBias
[2019-12-11T08:30:41.121+0000][1][safepoint    ] Leaving safepoint region
[2019-12-11T08:30:41.121+0000][1][safepoint    ] Total time for which application threads were stopped: 0.0474600 seconds, Stopping threads took: 0.0473506 seconds
[2019-12-11T08:30:41.135+0000][1][safepoint    ] Application time: 0.0144987 seconds
[2019-12-11T08:30:41.135+0000][1][safepoint    ] Entering safepoint region: RevokeBias
[2019-12-11T08:30:41.136+0000][1][safepoint    ] Leaving safepoint region
[2019-12-11T08:30:41.136+0000][1][safepoint    ] Total time for which application threads were stopped: 0.0000811 seconds, Stopping threads took: 0.0000163 seconds
[2019-12-11T08:30:41.137+0000][1][safepoint    ] Application time: 0.0014609 seconds
[2019-12-11T08:30:41.137+0000][1][safepoint    ] Entering safepoint region: RevokeBias
[2019-12-11T08:30:41.137+0000][1][safepoint    ] Leaving safepoint region
[2019-12-11T08:30:41.137+0000][1][safepoint    ] Total time for which application threads were stopped: 0.0000699 seconds, Stopping threads took: 0.0000150 seconds
[2019-12-11T08:30:41.138+0000][1][safepoint    ] Application time: 0.0005779 seconds
[2019-12-11T08:30:41.138+0000][1][safepoint    ] Entering safepoint region: RevokeBias
[2019-12-11T08:30:41.138+0000][1][safepoint    ] Leaving safepoint region
[2019-12-11T08:30:41.138+0000][1][safepoint    ] Total time for which application threads were stopped: 0.0000633 seconds, Stopping threads took: 0.0000151 seconds
[2019-12-11T08:30:41.166+0000][1][safepoint    ] Application time: 0.0284941 seconds
[2019-12-11T08:30:41.166+0000][1][safepoint    ] Entering safepoint region: RevokeBias
[2019-12-11T08:30:41.166+0000][1][safepoint    ] Leaving safepoint region
[2019-12-11T08:30:41.166+0000][1][safepoint    ] Total time for which application threads were stopped: 0.0001463 seconds, Stopping threads took: 0.0000785 seconds
[2019-12-11T08:30:41.173+0000][1][safepoint    ] Application time: 0.0063967 seconds
[2019-12-11T08:30:41.173+0000][1][safepoint    ] Entering safepoint region: RevokeBias
[2019-12-11T08:30:41.173+0000][1][safepoint    ] Leaving safepoint region
[2019-12-11T08:30:41.173+0000][1][safepoint    ] Total time for which application threads were stopped: 0.0002163 seconds, Stopping threads took: 0.0001185 seconds
[2019-12-11T08:30:41.177+0000][1][safepoint    ] Application time: 0.0037976 seconds
[2019-12-11T08:30:41.177+0000][1][safepoint    ] Entering safepoint region: RevokeBias
[2019-12-11T08:30:41.177+0000][1][safepoint    ] Leaving safepoint region
[2019-12-11T08:30:41.177+0000][1][safepoint    ] Total time for which application threads were stopped: 0.0000692 seconds, Stopping threads took: 0.0000115 seconds
[2019-12-11T08:30:41.177+0000][1][safepoint    ] Application time: 0.0004423 seconds
[2019-12-11T08:30:41.177+0000][1][safepoint    ] Entering safepoint region: RevokeBias
[2019-12-11T08:30:41.178+0000][1][safepoint    ] Leaving safepoint region
[2019-12-11T08:30:41.178+0000][1][safepoint    ] Total time for which application threads were stopped: 0.0000720 seconds, Stopping threads took: 0.0000122 seconds
[2019-12-11T08:30:41.178+0000][1][safepoint    ] Application time: 0.0002042 seconds
[2019-12-11T08:30:41.178+0000][1][safepoint    ] Entering safepoint region: RevokeBias
[2019-12-11T08:30:41.178+0000][1][safepoint    ] Leaving safepoint region
[2019-12-11T08:30:41.178+0000][1][safepoint    ] Total time for which application threads were stopped: 0.0000578 seconds, Stopping threads took: 0.0000106 seconds
[2019-12-11T08:30:41.178+0000][1][safepoint    ] Application time: 0.0001584 seconds
[2019-12-11T08:30:41.178+0000][1][safepoint    ] Entering safepoint region: RevokeBias
[2019-12-11T08:30:41.178+0000][1][safepoint    ] Leaving safepoint region
[2019-12-11T08:30:41.178+0000][1][safepoint    ] Total time for which application threads were stopped: 0.0000538 seconds, Stopping threads took: 0.0000097 seconds
[2019-12-11T08:30:41.178+0000][1][safepoint    ] Application time: 0.0002273 seconds
[2019-12-11T08:30:41.178+0000][1][safepoint    ] Entering safepoint region: RevokeBias
[2019-12-11T08:30:41.178+0000][1][safepoint    ] Leaving safepoint region
[2019-12-11T08:30:41.178+0000][1][safepoint    ] Total time for which application threads were stopped: 0.0000751 seconds, Stopping threads took: 0.0000099 seconds
[2019-12-11T08:30:41.179+0000][1][safepoint    ] Application time: 0.0001955 seconds
[2019-12-11T08:30:41.179+0000][1][safepoint    ] Entering safepoint region: RevokeBias
[2019-12-11T08:30:41.179+0000][1][safepoint    ] Leaving safepoint region
[2019-12-11T08:30:41.179+0000][1][safepoint    ] Total time for which application threads were stopped: 0.0000550 seconds, Stopping threads took: 0.0000107 seconds
[2019-12-11T08:30:41.179+0000][1][safepoint    ] Application time: 0.0004438 seconds
[2019-12-11T08:30:41.179+0000][1][safepoint    ] Entering safepoint region: RevokeBias
[2019-12-11T08:30:41.179+0000][1][safepoint    ] Leaving safepoint region
[2019-12-11T08:30:41.179+0000][1][safepoint    ] Total time for which application threads were stopped: 0.0000742 seconds, Stopping threads took: 0.0000124 seconds
[2019-12-11T08:30:41.179+0000][1][safepoint    ] Application time: 0.0001462 seconds
[2019-12-11T08:30:41.179+0000][1][safepoint    ] Entering safepoint region: RevokeBias
[2019-12-11T08:30:41.179+0000][1][safepoint    ] Leaving safepoint region
[2019-12-11T08:30:41.179+0000][1][safepoint    ] Total time for which application threads were stopped: 0.0000545 seconds, Stopping threads took: 0.0000108 seconds
[2019-12-11T08:30:41.180+0000][1][safepoint    ] Application time: 0.0002580 seconds
[2019-12-11T08:30:41.180+0000][1][safepoint    ] Entering safepoint region: RevokeBias
[2019-12-11T08:30:41.180+0000][1][safepoint    ] Leaving safepoint region
[2019-12-11T08:30:41.180+0000][1][safepoint    ] Total time for which application threads were stopped: 0.0000701 seconds, Stopping threads took: 0.0000118 seconds
[2019-12-11T08:30:41.180+0000][1][safepoint    ] Application time: 0.0001846 seconds
[2019-12-11T08:30:41.180+0000][1][safepoint    ] Entering safepoint region: RevokeBias
[2019-12-11T08:30:41.180+0000][1][safepoint    ] Leaving safepoint region
[2019-12-11T08:30:41.180+0000][1][safepoint    ] Total time for which application threads were stopped: 0.0000523 seconds, Stopping threads took: 0.0000105 seconds
[2019-12-11T08:30:41.180+0000][1][safepoint    ] Application time: 0.0003656 seconds
[2019-12-11T08:30:41.180+0000][1][safepoint    ] Entering safepoint region: RevokeBias
[2019-12-11T08:30:41.180+0000][1][safepoint    ] Leaving safepoint region
[2019-12-11T08:30:41.180+0000][1][safepoint    ] Total time for which application threads were stopped: 0.0000660 seconds, Stopping threads took: 0.0000091 seconds
[2019-12-11T08:30:41.181+0000][1][safepoint    ] Application time: 0.0001036 seconds
[2019-12-11T08:30:41.181+0000][1][safepoint    ] Entering safepoint region: RevokeBias
[2019-12-11T08:30:41.181+0000][1][safepoint    ] Leaving safepoint region
[2019-12-11T08:30:41.181+0000][1][safepoint    ] Total time for which application threads were stopped: 0.0000430 seconds, Stopping threads took: 0.0000084 seconds
[2019-12-11T08:30:41.181+0000][1][safepoint    ] Application time: 0.0006885 seconds
[2019-12-11T08:30:41.181+0000][1][safepoint    ] Entering safepoint region: RevokeBias
[2019-12-11T08:30:41.181+0000][1][safepoint    ] Leaving safepoint region
[2019-12-11T08:30:41.181+0000][1][safepoint    ] Total time for which application threads were stopped: 0.0000749 seconds, Stopping threads took: 0.0000114 seconds
[2019-12-11T08:30:41.182+0000][1][safepoint    ] Application time: 0.0001865 seconds
[2019-12-11T08:30:41.182+0000][1][safepoint    ] Entering safepoint region: BulkRevokeBias
[2019-12-11T08:30:41.182+0000][1][safepoint    ] Leaving safepoint region
[2019-12-11T08:30:41.182+0000][1][safepoint    ] Total time for which application threads were stopped: 0.0005025 seconds, Stopping threads took: 0.0000098 seconds
[2019-12-11T08:30:41.183+0000][1][safepoint    ] Application time: 0.0008737 seconds
[2019-12-11T08:30:41.183+0000][1][safepoint    ] Entering safepoint region: RevokeBias
[2019-12-11T08:30:41.183+0000][1][safepoint    ] Leaving safepoint region
[2019-12-11T08:30:41.183+0000][1][safepoint    ] Total time for which application threads were stopped: 0.0000865 seconds, Stopping threads took: 0.0000126 seconds
[2019-12-11T08:30:41.184+0000][1][safepoint    ] Application time: 0.0006683 seconds
[2019-12-11T08:30:41.184+0000][1][safepoint    ] Entering safepoint region: RevokeBias
[2019-12-11T08:30:41.184+0000][1][safepoint    ] Leaving safepoint region
[2019-12-11T08:30:41.184+0000][1][safepoint    ] Total time for which application threads were stopped: 0.0000812 seconds, Stopping threads took: 0.0000111 seconds
[2019-12-11T08:30:41.185+0000][1][safepoint    ] Application time: 0.0012805 seconds
[2019-12-11T08:30:41.185+0000][1][safepoint    ] Entering safepoint region: RevokeBias
[2019-12-11T08:30:41.185+0000][1][safepoint    ] Leaving safepoint region
[2019-12-11T08:30:41.185+0000][1][safepoint    ] Total time for which application threads were stopped: 0.0000560 seconds, Stopping threads took: 0.0000126 seconds
[2019-12-11T08:30:41.249+0000][1][safepoint    ] Application time: 0.0634152 seconds
[2019-12-11T08:30:41.265+0000][1][safepoint    ] Entering safepoint region: RevokeBias
[2019-12-11T08:30:41.265+0000][1][safepoint    ] Leaving safepoint region
[2019-12-11T08:30:41.265+0000][1][safepoint    ] Total time for which application threads were stopped: 0.0165379 seconds, Stopping threads took: 0.0164476 seconds
[2019-12-11T08:30:41.294+0000][1][safepoint    ] Application time: 0.0286995 seconds
[2019-12-11T08:30:41.294+0000][1][safepoint    ] Entering safepoint region: RevokeBias
[2019-12-11T08:30:41.294+0000][1][safepoint    ] Leaving safepoint region
[2019-12-11T08:30:41.294+0000][1][safepoint    ] Total time for which application threads were stopped: 0.0001313 seconds, Stopping threads took: 0.0000573 seconds
[2019-12-11T08:30:41.295+0000][1][safepoint    ] Application time: 0.0004494 seconds
[2019-12-11T08:30:41.295+0000][1][safepoint    ] Entering safepoint region: RevokeBias
[2019-12-11T08:30:41.295+0000][1][safepoint    ] Leaving safepoint region
[2019-12-11T08:30:41.295+0000][1][safepoint    ] Total time for which application threads were stopped: 0.0000963 seconds, Stopping threads took: 0.0000143 seconds
[2019-12-11T08:30:41.299+0000][1][safepoint    ] Application time: 0.0044871 seconds
[2019-12-11T08:30:41.299+0000][1][safepoint    ] Entering safepoint region: RevokeBias
[2019-12-11T08:30:41.299+0000][1][safepoint    ] Leaving safepoint region
[2019-12-11T08:30:41.299+0000][1][safepoint    ] Total time for which application threads were stopped: 0.0000690 seconds, Stopping threads took: 0.0000128 seconds
[2019-12-11T08:30:41.301+0000][1][safepoint    ] Application time: 0.0013096 seconds
[2019-12-11T08:30:41.301+0000][1][safepoint    ] Entering safepoint region: BulkRevokeBias
[2019-12-11T08:30:41.301+0000][1][safepoint    ] Leaving safepoint region
[2019-12-11T08:30:41.301+0000][1][safepoint    ] Total time for which application threads were stopped: 0.0006466 seconds, Stopping threads took: 0.0000730 seconds
[2019-12-11T08:30:41.317+0000][1][safepoint    ] Application time: 0.0160332 seconds
[2019-12-11T08:30:41.317+0000][1][safepoint    ] Entering safepoint region: RevokeBias
[2019-12-11T08:30:41.317+0000][1][safepoint    ] Leaving safepoint region
[2019-12-11T08:30:41.317+0000][1][safepoint    ] Total time for which application threads were stopped: 0.0001095 seconds, Stopping threads took: 0.0000478 seconds
[2019-12-11T08:30:41.335+0000][1][safepoint    ] Application time: 0.0169992 seconds
[2019-12-11T08:30:41.394+0000][1][safepoint    ] Entering safepoint region: RevokeBias
[2019-12-11T08:30:41.394+0000][1][safepoint    ] Leaving safepoint region
[2019-12-11T08:30:41.394+0000][1][safepoint    ] Total time for which application threads were stopped: 0.0593415 seconds, Stopping threads took: 0.0592267 seconds
[2019-12-11T08:30:41.398+0000][1][safepoint    ] Application time: 0.0037669 seconds
[2019-12-11T08:30:41.398+0000][1][safepoint    ] Entering safepoint region: RevokeBias
[2019-12-11T08:30:41.398+0000][1][safepoint    ] Leaving safepoint region
[2019-12-11T08:30:41.398+0000][1][safepoint    ] Total time for which application threads were stopped: 0.0000915 seconds, Stopping threads took: 0.0000206 seconds
[2019-12-11T08:30:41.399+0000][1][safepoint    ] Application time: 0.0013033 seconds
[2019-12-11T08:30:41.399+0000][1][safepoint    ] Entering safepoint region: BulkRevokeBias
[2019-12-11T08:30:41.399+0000][1][safepoint    ] Leaving safepoint region
[2019-12-11T08:30:41.399+0000][1][safepoint    ] Total time for which application threads were stopped: 0.0003786 seconds, Stopping threads took: 0.0000155 seconds
[2019-12-11T08:30:41.430+0000][1][safepoint    ] Application time: 0.0306844 seconds
[2019-12-11T08:30:41.447+0000][1][safepoint    ] Entering safepoint region: RevokeBias
[2019-12-11T08:30:41.447+0000][1][safepoint    ] Leaving safepoint region
[2019-12-11T08:30:41.447+0000][1][safepoint    ] Total time for which application threads were stopped: 0.0170758 seconds, Stopping threads took: 0.0169677 seconds
[2019-12-11T08:30:41.467+0000][1][safepoint    ] Application time: 0.0194625 seconds
[2019-12-11T08:30:41.467+0000][1][safepoint    ] Entering safepoint region: RevokeBias
[2019-12-11T08:30:41.467+0000][1][safepoint    ] Leaving safepoint region
[2019-12-11T08:30:41.467+0000][1][safepoint    ] Total time for which application threads were stopped: 0.0000880 seconds, Stopping threads took: 0.0000169 seconds
[2019-12-11T08:30:41.467+0000][1][safepoint    ] Application time: 0.0000665 seconds
[2019-12-11T08:30:41.467+0000][1][safepoint    ] Entering safepoint region: RevokeBias
[2019-12-11T08:30:41.467+0000][1][safepoint    ] Leaving safepoint region
[2019-12-11T08:30:41.467+0000][1][safepoint    ] Total time for which application threads were stopped: 0.0000445 seconds, Stopping threads took: 0.0000090 seconds
[2019-12-11T08:30:41.467+0000][1][safepoint    ] Application time: 0.0000535 seconds
[2019-12-11T08:30:41.467+0000][1][safepoint    ] Entering safepoint region: RevokeBias
[2019-12-11T08:30:41.467+0000][1][safepoint    ] Leaving safepoint region
[2019-12-11T08:30:41.467+0000][1][safepoint    ] Total time for which application threads were stopped: 0.0000623 seconds, Stopping threads took: 0.0000088 seconds
[2019-12-11T08:30:41.490+0000][1][safepoint    ] Application time: 0.0223591 seconds
[2019-12-11T08:30:41.539+0000][1][safepoint    ] Entering safepoint region: RevokeBias
[2019-12-11T08:30:41.539+0000][1][safepoint    ] Leaving safepoint region
[2019-12-11T08:30:41.539+0000][1][safepoint    ] Total time for which application threads were stopped: 0.0492857 seconds, Stopping threads took: 0.0492097 seconds
[2019-12-11T08:30:41.541+0000][1][safepoint    ] Application time: 0.0018976 seconds
[2019-12-11T08:30:41.541+0000][1][safepoint    ] Entering safepoint region: RevokeBias
[2019-12-11T08:30:41.541+0000][1][safepoint    ] Leaving safepoint region
[2019-12-11T08:30:41.541+0000][1][safepoint    ] Total time for which application threads were stopped: 0.0000685 seconds, Stopping threads took: 0.0000141 seconds
[2019-12-11T08:30:41.545+0000][1][safepoint    ] Application time: 0.0039137 seconds
[2019-12-11T08:30:41.545+0000][1][safepoint    ] Entering safepoint region: RevokeBias
[2019-12-11T08:30:41.545+0000][1][safepoint    ] Leaving safepoint region
[2019-12-11T08:30:41.545+0000][1][safepoint    ] Total time for which application threads were stopped: 0.0000606 seconds, Stopping threads took: 0.0000124 seconds
[2019-12-11T08:30:41.554+0000][1][safepoint    ] Application time: 0.0090114 seconds
[2019-12-11T08:30:41.554+0000][1][safepoint    ] Entering safepoint region: RevokeBias
[2019-12-11T08:30:41.554+0000][1][safepoint    ] Leaving safepoint region
[2019-12-11T08:30:41.554+0000][1][safepoint    ] Total time for which application threads were stopped: 0.0001046 seconds, Stopping threads took: 0.0000668 seconds
[2019-12-11T08:30:41.587+0000][1][safepoint    ] Application time: 0.0332607 seconds
[2019-12-11T08:30:41.587+0000][1][safepoint    ] Entering safepoint region: RevokeBias
[2019-12-11T08:30:41.587+0000][1][safepoint    ] Leaving safepoint region
[2019-12-11T08:30:41.587+0000][1][safepoint    ] Total time for which application threads were stopped: 0.0000844 seconds, Stopping threads took: 0.0000171 seconds
[2019-12-11T08:30:41.588+0000][1][safepoint    ] Application time: 0.0003449 seconds
[2019-12-11T08:30:41.588+0000][1][safepoint    ] Entering safepoint region: RevokeBias
[2019-12-11T08:30:41.588+0000][1][safepoint    ] Leaving safepoint region
[2019-12-11T08:30:41.588+0000][1][safepoint    ] Total time for which application threads were stopped: 0.0000577 seconds, Stopping threads took: 0.0000118 seconds
[2019-12-11T08:30:41.669+0000][1][safepoint    ] Application time: 0.0812514 seconds
[2019-12-11T08:30:41.669+0000][1][safepoint    ] Entering safepoint region: RevokeBias
[2019-12-11T08:30:41.669+0000][1][safepoint    ] Leaving safepoint region
[2019-12-11T08:30:41.669+0000][1][safepoint    ] Total time for which application threads were stopped: 0.0000878 seconds, Stopping threads took: 0.0000186 seconds
[2019-12-11T08:30:41.670+0000][1][safepoint    ] Application time: 0.0007777 seconds
[2019-12-11T08:30:41.670+0000][1][safepoint    ] Entering safepoint region: RevokeBias
[2019-12-11T08:30:41.670+0000][1][safepoint    ] Leaving safepoint region
[2019-12-11T08:30:41.670+0000][1][safepoint    ] Total time for which application threads were stopped: 0.0000725 seconds, Stopping threads took: 0.0000150 seconds
[2019-12-11T08:30:41.676+0000][1][safepoint    ] Application time: 0.0056836 seconds
[2019-12-11T08:30:41.676+0000][1][safepoint    ] Entering safepoint region: RevokeBias
[2019-12-11T08:30:41.676+0000][1][safepoint    ] Leaving safepoint region
[2019-12-11T08:30:41.676+0000][1][safepoint    ] Total time for which application threads were stopped: 0.0000594 seconds, Stopping threads took: 0.0000137 seconds
[2019-12-11T08:30:41.676+0000][1][safepoint    ] Application time: 0.0002578 seconds
[2019-12-11T08:30:41.676+0000][1][safepoint    ] Entering safepoint region: RevokeBias
[2019-12-11T08:30:41.676+0000][1][safepoint    ] Leaving safepoint region
[2019-12-11T08:30:41.676+0000][1][safepoint    ] Total time for which application threads were stopped: 0.0000509 seconds, Stopping threads took: 0.0000105 seconds
[2019-12-11T08:30:41.712+0000][1][safepoint    ] Application time: 0.0355523 seconds
[2019-12-11T08:30:41.753+0000][1][safepoint    ] Entering safepoint region: RevokeBias
[2019-12-11T08:30:41.753+0000][1][safepoint    ] Leaving safepoint region
[2019-12-11T08:30:41.753+0000][1][safepoint    ] Total time for which application threads were stopped: 0.0410424 seconds, Stopping threads took: 0.0408153 seconds
[2019-12-11T08:30:41.755+0000][1][safepoint    ] Application time: 0.0025922 seconds
[2019-12-11T08:30:41.755+0000][1][safepoint    ] Entering safepoint region: RevokeBias
[2019-12-11T08:30:41.755+0000][1][safepoint    ] Leaving safepoint region
[2019-12-11T08:30:41.755+0000][1][safepoint    ] Total time for which application threads were stopped: 0.0000922 seconds, Stopping threads took: 0.0000160 seconds
[2019-12-11T08:30:41.756+0000][1][safepoint    ] Application time: 0.0005983 seconds
[2019-12-11T08:30:41.756+0000][1][safepoint    ] Entering safepoint region: RevokeBias
[2019-12-11T08:30:41.756+0000][1][safepoint    ] Leaving safepoint region
[2019-12-11T08:30:41.756+0000][1][safepoint    ] Total time for which application threads were stopped: 0.0000646 seconds, Stopping threads took: 0.0000138 seconds
[2019-12-11T08:30:41.756+0000][1][safepoint    ] Application time: 0.0002596 seconds
[2019-12-11T08:30:41.756+0000][1][safepoint    ] Entering safepoint region: RevokeBias
[2019-12-11T08:30:41.757+0000][1][safepoint    ] Leaving safepoint region
[2019-12-11T08:30:41.757+0000][1][safepoint    ] Total time for which application threads were stopped: 0.0000563 seconds, Stopping threads took: 0.0000126 seconds
[2019-12-11T08:30:41.757+0000][1][safepoint    ] Application time: 0.0003852 seconds
[2019-12-11T08:30:41.757+0000][1][safepoint    ] Entering safepoint region: RevokeBias
[2019-12-11T08:30:41.757+0000][1][safepoint    ] Leaving safepoint region
[2019-12-11T08:30:41.757+0000][1][safepoint    ] Total time for which application threads were stopped: 0.0000857 seconds, Stopping threads took: 0.0000442 seconds
[2019-12-11T08:30:41.845+0000][1][safepoint    ] Application time: 0.0877177 seconds
[2019-12-11T08:30:41.845+0000][1][safepoint    ] Entering safepoint region: RevokeBias
[2019-12-11T08:30:41.845+0000][1][safepoint    ] Leaving safepoint region
[2019-12-11T08:30:41.845+0000][1][safepoint    ] Total time for which application threads were stopped: 0.0001255 seconds, Stopping threads took: 0.0000182 seconds
[2019-12-11T08:30:41.857+0000][1][safepoint    ] Application time: 0.0120279 seconds
[2019-12-11T08:30:41.857+0000][1][safepoint    ] Entering safepoint region: RevokeBias
[2019-12-11T08:30:41.857+0000][1][safepoint    ] Leaving safepoint region
[2019-12-11T08:30:41.857+0000][1][safepoint    ] Total time for which application threads were stopped: 0.0000872 seconds, Stopping threads took: 0.0000167 seconds
[2019-12-11T08:30:41.925+0000][1][safepoint    ] Application time: 0.0679670 seconds
[2019-12-11T08:30:41.925+0000][1][safepoint    ] Entering safepoint region: RevokeBias
[2019-12-11T08:30:41.925+0000][1][safepoint    ] Leaving safepoint region
[2019-12-11T08:30:41.925+0000][1][safepoint    ] Total time for which application threads were stopped: 0.0000835 seconds, Stopping threads took: 0.0000179 seconds
[2019-12-11T08:30:42.233+0000][1][safepoint    ] Application time: 0.3079524 seconds
[2019-12-11T08:30:42.233+0000][1][safepoint    ] Entering safepoint region: RevokeBias
[2019-12-11T08:30:42.233+0000][1][safepoint    ] Leaving safepoint region
[2019-12-11T08:30:42.233+0000][1][safepoint    ] Total time for which application threads were stopped: 0.0001318 seconds, Stopping threads took: 0.0000174 seconds
[2019-12-11T08:30:42.242+0000][1][safepoint    ] Application time: 0.0089479 seconds
[2019-12-11T08:30:42.256+0000][1][safepoint    ] Entering safepoint region: RevokeBias
[2019-12-11T08:30:42.256+0000][1][safepoint    ] Leaving safepoint region
[2019-12-11T08:30:42.256+0000][1][safepoint    ] Total time for which application threads were stopped: 0.0138238 seconds, Stopping threads took: 0.0137402 seconds
[2019-12-11T08:30:42.256+0000][1][safepoint    ] Application time: 0.0003547 seconds
[2019-12-11T08:30:42.257+0000][1][safepoint    ] Entering safepoint region: RevokeBias
[2019-12-11T08:30:42.257+0000][1][safepoint    ] Leaving safepoint region
[2019-12-11T08:30:42.257+0000][1][safepoint    ] Total time for which application threads were stopped: 0.0000793 seconds, Stopping threads took: 0.0000137 seconds
[2019-12-11T08:30:42.257+0000][1][safepoint    ] Application time: 0.0007071 seconds
[2019-12-11T08:30:42.257+0000][1][safepoint    ] Entering safepoint region: RevokeBias
[2019-12-11T08:30:42.258+0000][1][safepoint    ] Leaving safepoint region
[2019-12-11T08:30:42.258+0000][1][safepoint    ] Total time for which application threads were stopped: 0.0007923 seconds, Stopping threads took: 0.0000144 seconds
[2019-12-11T08:30:42.260+0000][1][safepoint    ] Application time: 0.0016068 seconds
[2019-12-11T08:30:42.260+0000][1][safepoint    ] Entering safepoint region: RevokeBias
[2019-12-11T08:30:42.260+0000][1][safepoint    ] Leaving safepoint region
[2019-12-11T08:30:42.260+0000][1][safepoint    ] Total time for which application threads were stopped: 0.0000832 seconds, Stopping threads took: 0.0000139 seconds
[2019-12-11T08:30:42.290+0000][1][safepoint    ] Application time: 0.0301646 seconds
[2019-12-11T08:30:42.290+0000][1][safepoint    ] Entering safepoint region: RevokeBias
[2019-12-11T08:30:42.290+0000][1][safepoint    ] Leaving safepoint region
[2019-12-11T08:30:42.290+0000][1][safepoint    ] Total time for which application threads were stopped: 0.0000845 seconds, Stopping threads took: 0.0000192 seconds
[2019-12-11T08:30:42.333+0000][1][safepoint    ] Application time: 0.0433218 seconds
[2019-12-11T08:30:42.333+0000][1][safepoint    ] Entering safepoint region: RevokeBias
[2019-12-11T08:30:42.334+0000][1][safepoint    ] Leaving safepoint region
[2019-12-11T08:30:42.334+0000][1][safepoint    ] Total time for which application threads were stopped: 0.0000806 seconds, Stopping threads took: 0.0000156 seconds
[2019-12-11T08:30:42.334+0000][1][safepoint    ] Application time: 0.0001607 seconds
[2019-12-11T08:30:42.334+0000][1][safepoint    ] Entering safepoint region: RevokeBias
[2019-12-11T08:30:42.334+0000][1][safepoint    ] Leaving safepoint region
[2019-12-11T08:30:42.334+0000][1][safepoint    ] Total time for which application threads were stopped: 0.0000533 seconds, Stopping threads took: 0.0000101 seconds
[2019-12-11T08:30:43.036+0000][1][safepoint    ] Application time: 0.7023721 seconds
[2019-12-11T08:30:43.046+0000][1][safepoint    ] Entering safepoint region: RevokeBias
[2019-12-11T08:30:43.046+0000][1][safepoint    ] Leaving safepoint region
[2019-12-11T08:30:43.046+0000][1][safepoint    ] Total time for which application threads were stopped: 0.0096552 seconds, Stopping threads took: 0.0095738 seconds
[2019-12-11T08:30:43.047+0000][1][safepoint    ] Application time: 0.0014034 seconds
[2019-12-11T08:30:43.047+0000][1][safepoint    ] Entering safepoint region: RevokeBias
[2019-12-11T08:30:43.047+0000][1][safepoint    ] Leaving safepoint region
[2019-12-11T08:30:43.047+0000][1][safepoint    ] Total time for which application threads were stopped: 0.0000817 seconds, Stopping threads took: 0.0000155 seconds
[2019-12-11T08:30:43.047+0000][1][safepoint    ] Application time: 0.0000492 seconds
[2019-12-11T08:30:43.047+0000][1][safepoint    ] Entering safepoint region: RevokeBias
[2019-12-11T08:30:43.048+0000][1][safepoint    ] Leaving safepoint region
[2019-12-11T08:30:43.048+0000][1][safepoint    ] Total time for which application threads were stopped: 0.0000468 seconds, Stopping threads took: 0.0000093 seconds
[2019-12-11T08:30:43.054+0000][1][safepoint    ] Application time: 0.0060523 seconds
[2019-12-11T08:30:43.054+0000][1][safepoint    ] Entering safepoint region: RevokeBias
[2019-12-11T08:30:43.054+0000][1][safepoint    ] Leaving safepoint region
[2019-12-11T08:30:43.054+0000][1][safepoint    ] Total time for which application threads were stopped: 0.0001319 seconds, Stopping threads took: 0.0000433 seconds
[2019-12-11T08:30:43.097+0000][1][safepoint    ] Application time: 0.0436257 seconds
[2019-12-11T08:30:43.097+0000][1][safepoint    ] Entering safepoint region: RevokeBias
[2019-12-11T08:30:43.098+0000][1][safepoint    ] Leaving safepoint region
[2019-12-11T08:30:43.098+0000][1][safepoint    ] Total time for which application threads were stopped: 0.0001288 seconds, Stopping threads took: 0.0000483 seconds
[2019-12-11T08:30:43.202+0000][1][safepoint    ] Application time: 0.1046975 seconds
[2019-12-11T08:30:43.202+0000][1][safepoint    ] Entering safepoint region: RevokeBias
[2019-12-11T08:30:43.202+0000][1][safepoint    ] Leaving safepoint region
[2019-12-11T08:30:43.202+0000][1][safepoint    ] Total time for which application threads were stopped: 0.0001114 seconds, Stopping threads took: 0.0000172 seconds
[2019-12-11T08:30:43.360+0000][1][safepoint    ] Application time: 0.1575945 seconds
[2019-12-11T08:30:43.360+0000][1][safepoint    ] Entering safepoint region: RevokeBias
[2019-12-11T08:30:43.361+0000][1][safepoint    ] Leaving safepoint region
[2019-12-11T08:30:43.361+0000][1][safepoint    ] Total time for which application threads were stopped: 0.0005609 seconds, Stopping threads took: 0.0004763 seconds
[2019-12-11T08:30:43.507+0000][1][safepoint    ] Application time: 0.1465392 seconds
[2019-12-11T08:30:43.542+0000][1][safepoint    ] Entering safepoint region: RevokeBias
[2019-12-11T08:30:43.542+0000][1][safepoint    ] Leaving safepoint region
[2019-12-11T08:30:43.542+0000][1][safepoint    ] Total time for which application threads were stopped: 0.0347643 seconds, Stopping threads took: 0.0346279 seconds
[2019-12-11T08:30:43.544+0000][1][safepoint    ] Application time: 0.0018318 seconds
[2019-12-11T08:30:43.544+0000][1][safepoint    ] Entering safepoint region: RevokeBias
[2019-12-11T08:30:43.544+0000][1][safepoint    ] Leaving safepoint region
[2019-12-11T08:30:43.544+0000][1][safepoint    ] Total time for which application threads were stopped: 0.0001005 seconds, Stopping threads took: 0.0000169 seconds
[2019-12-11T08:30:43.546+0000][1][safepoint    ] Application time: 0.0018544 seconds
[2019-12-11T08:30:43.546+0000][1][safepoint    ] Entering safepoint region: RevokeBias
[2019-12-11T08:30:43.546+0000][1][safepoint    ] Leaving safepoint region
[2019-12-11T08:30:43.546+0000][1][safepoint    ] Total time for which application threads were stopped: 0.0004125 seconds, Stopping threads took: 0.0000661 seconds
[2019-12-11T08:30:43.546+0000][1][safepoint    ] Application time: 0.0000523 seconds
[2019-12-11T08:30:43.546+0000][1][safepoint    ] Entering safepoint region: RevokeBias
[2019-12-11T08:30:43.546+0000][1][safepoint    ] Leaving safepoint region
[2019-12-11T08:30:43.546+0000][1][safepoint    ] Total time for which application threads were stopped: 0.0000632 seconds, Stopping threads took: 0.0000103 seconds
[2019-12-11T08:30:43.550+0000][1][safepoint    ] Application time: 0.0032433 seconds
[2019-12-11T08:30:43.563+0000][1][safepoint    ] Entering safepoint region: RevokeBias
[2019-12-11T08:30:43.563+0000][1][safepoint    ] Leaving safepoint region
[2019-12-11T08:30:43.563+0000][1][safepoint    ] Total time for which application threads were stopped: 0.0136927 seconds, Stopping threads took: 0.0132471 seconds
[2019-12-11T08:30:43.566+0000][1][safepoint    ] Application time: 0.0029379 seconds
[2019-12-11T08:30:43.566+0000][1][safepoint    ] Entering safepoint region: RevokeBias
[2019-12-11T08:30:43.566+0000][1][safepoint    ] Leaving safepoint region
[2019-12-11T08:30:43.566+0000][1][safepoint    ] Total time for which application threads were stopped: 0.0000963 seconds, Stopping threads took: 0.0000142 seconds
[2019-12-11T08:30:43.567+0000][1][safepoint    ] Application time: 0.0007742 seconds
[2019-12-11T08:30:43.567+0000][1][safepoint    ] Entering safepoint region: RevokeBias
[2019-12-11T08:30:43.567+0000][1][safepoint    ] Leaving safepoint region
[2019-12-11T08:30:43.567+0000][1][safepoint    ] Total time for which application threads were stopped: 0.0000926 seconds, Stopping threads took: 0.0000140 seconds
[2019-12-11T08:30:43.568+0000][1][safepoint    ] Application time: 0.0003492 seconds
[2019-12-11T08:30:43.568+0000][1][safepoint    ] Entering safepoint region: RevokeBias
[2019-12-11T08:30:43.568+0000][1][safepoint    ] Leaving safepoint region
[2019-12-11T08:30:43.568+0000][1][safepoint    ] Total time for which application threads were stopped: 0.0001066 seconds, Stopping threads took: 0.0000128 seconds
[2019-12-11T08:30:43.568+0000][1][safepoint    ] Application time: 0.0005211 seconds
[2019-12-11T08:30:43.568+0000][1][safepoint    ] Entering safepoint region: RevokeBias
[2019-12-11T08:30:43.568+0000][1][safepoint    ] Leaving safepoint region
[2019-12-11T08:30:43.568+0000][1][safepoint    ] Total time for which application threads were stopped: 0.0000752 seconds, Stopping threads took: 0.0000137 seconds
[2019-12-11T08:30:43.570+0000][1][safepoint    ] Application time: 0.0021117 seconds
[2019-12-11T08:30:43.570+0000][1][safepoint    ] Entering safepoint region: RevokeBias
[2019-12-11T08:30:43.571+0000][1][safepoint    ] Leaving safepoint region
[2019-12-11T08:30:43.571+0000][1][safepoint    ] Total time for which application threads were stopped: 0.0000648 seconds, Stopping threads took: 0.0000129 seconds
[2019-12-11T08:30:43.571+0000][1][safepoint    ] Application time: 0.0002095 seconds
[2019-12-11T08:30:43.571+0000][1][safepoint    ] Entering safepoint region: RevokeBias
[2019-12-11T08:30:43.571+0000][1][safepoint    ] Leaving safepoint region
[2019-12-11T08:30:43.571+0000][1][safepoint    ] Total time for which application threads were stopped: 0.0000631 seconds, Stopping threads took: 0.0000113 seconds
[2019-12-11T08:30:43.571+0000][1][safepoint    ] Application time: 0.0002079 seconds
[2019-12-11T08:30:43.571+0000][1][safepoint    ] Entering safepoint region: RevokeBias
[2019-12-11T08:30:43.571+0000][1][safepoint    ] Leaving safepoint region
[2019-12-11T08:30:43.571+0000][1][safepoint    ] Total time for which application threads were stopped: 0.0000640 seconds, Stopping threads took: 0.0000113 seconds
[2019-12-11T08:30:43.571+0000][1][safepoint    ] Application time: 0.0001732 seconds
[2019-12-11T08:30:43.571+0000][1][safepoint    ] Entering safepoint region: RevokeBias
[2019-12-11T08:30:43.571+0000][1][safepoint    ] Leaving safepoint region
[2019-12-11T08:30:43.571+0000][1][safepoint    ] Total time for which application threads were stopped: 0.0000611 seconds, Stopping threads took: 0.0000113 seconds
[2019-12-11T08:30:43.577+0000][1][safepoint    ] Application time: 0.0057453 seconds
[2019-12-11T08:30:43.582+0000][1][safepoint    ] Entering safepoint region: RevokeBias
[2019-12-11T08:30:43.582+0000][1][safepoint    ] Leaving safepoint region
[2019-12-11T08:30:43.582+0000][1][safepoint    ] Total time for which application threads were stopped: 0.0049556 seconds, Stopping threads took: 0.0048931 seconds
[2019-12-11T08:30:43.646+0000][1][safepoint    ] Application time: 0.0641169 seconds
[2019-12-11T08:30:43.650+0000][1][safepoint    ] Entering safepoint region: RevokeBias
[2019-12-11T08:30:43.650+0000][1][safepoint    ] Leaving safepoint region
[2019-12-11T08:30:43.650+0000][1][safepoint    ] Total time for which application threads were stopped: 0.0035061 seconds, Stopping threads took: 0.0033713 seconds
[2019-12-11T08:30:43.689+0000][1][safepoint    ] Application time: 0.0387824 seconds
[2019-12-11T08:30:43.689+0000][1][safepoint    ] Entering safepoint region: BulkRevokeBias
[2019-12-11T08:30:43.689+0000][1][safepoint    ] Leaving safepoint region
[2019-12-11T08:30:43.689+0000][1][safepoint    ] Total time for which application threads were stopped: 0.0005237 seconds, Stopping threads took: 0.0001006 seconds
[2019-12-11T08:30:43.763+0000][1][safepoint    ] Application time: 0.0733986 seconds
[2019-12-11T08:30:43.763+0000][1][safepoint    ] Entering safepoint region: RevokeBias
[2019-12-11T08:30:43.763+0000][1][safepoint    ] Leaving safepoint region
[2019-12-11T08:30:43.763+0000][1][safepoint    ] Total time for which application threads were stopped: 0.0000921 seconds, Stopping threads took: 0.0000174 seconds
[2019-12-11T08:30:43.782+0000][1][safepoint    ] Application time: 0.0196464 seconds
[2019-12-11T08:30:43.782+0000][1][safepoint    ] Entering safepoint region: RevokeBias
[2019-12-11T08:30:43.782+0000][1][safepoint    ] Leaving safepoint region
[2019-12-11T08:30:43.782+0000][1][safepoint    ] Total time for which application threads were stopped: 0.0000907 seconds, Stopping threads took: 0.0000179 seconds
[2019-12-11T08:30:43.783+0000][1][safepoint    ] Application time: 0.0002210 seconds
[2019-12-11T08:30:43.783+0000][1][safepoint    ] Entering safepoint region: RevokeBias
[2019-12-11T08:30:43.783+0000][1][safepoint    ] Leaving safepoint region
[2019-12-11T08:30:43.783+0000][1][safepoint    ] Total time for which application threads were stopped: 0.0000849 seconds, Stopping threads took: 0.0000290 seconds
[2019-12-11T08:30:43.848+0000][1][safepoint    ] Application time: 0.0656127 seconds
[2019-12-11T08:30:43.848+0000][1][safepoint    ] Entering safepoint region: RevokeBias
[2019-12-11T08:30:43.849+0000][1][safepoint    ] Leaving safepoint region
[2019-12-11T08:30:43.849+0000][1][safepoint    ] Total time for which application threads were stopped: 0.0001151 seconds, Stopping threads took: 0.0000208 seconds
[2019-12-11T08:30:43.857+0000][1][safepoint    ] Application time: 0.0084180 seconds
[2019-12-11T08:30:43.857+0000][1][safepoint    ] Entering safepoint region: RevokeBias
[2019-12-11T08:30:43.857+0000][1][safepoint    ] Leaving safepoint region
[2019-12-11T08:30:43.857+0000][1][safepoint    ] Total time for which application threads were stopped: 0.0000994 seconds, Stopping threads took: 0.0000177 seconds
[2019-12-11T08:30:43.857+0000][1][safepoint    ] Application time: 0.0000630 seconds
[2019-12-11T08:30:43.857+0000][1][safepoint    ] Entering safepoint region: RevokeBias
[2019-12-11T08:30:43.857+0000][1][safepoint    ] Leaving safepoint region
[2019-12-11T08:30:43.857+0000][1][safepoint    ] Total time for which application threads were stopped: 0.0000508 seconds, Stopping threads took: 0.0000089 seconds
[2019-12-11T08:30:43.857+0000][1][safepoint    ] Application time: 0.0001903 seconds
[2019-12-11T08:30:43.857+0000][1][safepoint    ] Entering safepoint region: RevokeBias
[2019-12-11T08:30:43.857+0000][1][safepoint    ] Leaving safepoint region
[2019-12-11T08:30:43.857+0000][1][safepoint    ] Total time for which application threads were stopped: 0.0000568 seconds, Stopping threads took: 0.0000105 seconds
[2019-12-11T08:30:43.859+0000][1][safepoint    ] Application time: 0.0015914 seconds
[2019-12-11T08:30:43.859+0000][1][safepoint    ] Entering safepoint region: RevokeBias
[2019-12-11T08:30:43.859+0000][1][safepoint    ] Leaving safepoint region
[2019-12-11T08:30:43.859+0000][1][safepoint    ] Total time for which application threads were stopped: 0.0000840 seconds, Stopping threads took: 0.0000159 seconds
[2019-12-11T08:30:43.873+0000][1][safepoint    ] Application time: 0.0140121 seconds
[2019-12-11T08:30:43.873+0000][1][safepoint    ] Entering safepoint region: RevokeBias
[2019-12-11T08:30:43.873+0000][1][safepoint    ] Leaving safepoint region
[2019-12-11T08:30:43.873+0000][1][safepoint    ] Total time for which application threads were stopped: 0.0000927 seconds, Stopping threads took: 0.0000173 seconds
[2019-12-11T08:30:43.908+0000][1][safepoint    ] Application time: 0.0346861 seconds
[2019-12-11T08:30:43.908+0000][1][safepoint    ] Entering safepoint region: RevokeBias
[2019-12-11T08:30:43.908+0000][1][safepoint    ] Leaving safepoint region
[2019-12-11T08:30:43.908+0000][1][safepoint    ] Total time for which application threads were stopped: 0.0001209 seconds, Stopping threads took: 0.0000197 seconds
[2019-12-11T08:30:43.908+0000][1][safepoint    ] Application time: 0.0000758 seconds
[2019-12-11T08:30:43.908+0000][1][safepoint    ] Entering safepoint region: RevokeBias
[2019-12-11T08:30:43.908+0000][1][safepoint    ] Leaving safepoint region
[2019-12-11T08:30:43.908+0000][1][safepoint    ] Total time for which application threads were stopped: 0.0000707 seconds, Stopping threads took: 0.0000102 seconds
[2019-12-11T08:30:44.305+0000][1][safepoint    ] Application time: 0.3964764 seconds
[2019-12-11T08:30:44.305+0000][1][safepoint    ] Entering safepoint region: Deoptimize
[2019-12-11T08:30:44.306+0000][1][safepoint    ] Leaving safepoint region
[2019-12-11T08:30:44.306+0000][1][safepoint    ] Total time for which application threads were stopped: 0.0006821 seconds, Stopping threads took: 0.0000182 seconds
[2019-12-11T08:30:45.093+0000][1][safepoint    ] Application time: 0.7876515 seconds
[2019-12-11T08:30:45.093+0000][1][safepoint    ] Entering safepoint region: RevokeBias
[2019-12-11T08:30:45.093+0000][1][safepoint    ] Leaving safepoint region
[2019-12-11T08:30:45.093+0000][1][safepoint    ] Total time for which application threads were stopped: 0.0001753 seconds, Stopping threads took: 0.0000214 seconds
[2019-12-11T08:30:45.094+0000][1][safepoint    ] Application time: 0.0000710 seconds
[2019-12-11T08:30:45.094+0000][1][safepoint    ] Entering safepoint region: RevokeBias
[2019-12-11T08:30:45.094+0000][1][safepoint    ] Leaving safepoint region
[2019-12-11T08:30:45.094+0000][1][safepoint    ] Total time for which application threads were stopped: 0.0000788 seconds, Stopping threads took: 0.0000114 seconds
[2019-12-11T08:30:45.123+0000][1][safepoint    ] Application time: 0.0297485 seconds
[2019-12-11T08:30:45.123+0000][1][safepoint    ] Entering safepoint region: RevokeBias
[2019-12-11T08:30:45.123+0000][1][safepoint    ] Leaving safepoint region
[2019-12-11T08:30:45.123+0000][1][safepoint    ] Total time for which application threads were stopped: 0.0001074 seconds, Stopping threads took: 0.0000188 seconds
[2019-12-11T08:30:45.124+0000][1][safepoint    ] Application time: 0.0000780 seconds
[2019-12-11T08:30:45.124+0000][1][safepoint    ] Entering safepoint region: BulkRevokeBias
[2019-12-11T08:30:45.124+0000][1][safepoint    ] Leaving safepoint region
[2019-12-11T08:30:45.124+0000][1][safepoint    ] Total time for which application threads were stopped: 0.0003636 seconds, Stopping threads took: 0.0000093 seconds
[2019-12-11T08:30:45.124+0000][1][safepoint    ] Application time: 0.0000673 seconds
[2019-12-11T08:30:45.124+0000][1][safepoint    ] Entering safepoint region: BulkRevokeBias
[2019-12-11T08:30:45.124+0000][1][safepoint    ] Leaving safepoint region
[2019-12-11T08:30:45.124+0000][1][safepoint    ] Total time for which application threads were stopped: 0.0003159 seconds, Stopping threads took: 0.0000114 seconds
[2019-12-11T08:30:45.125+0000][1][safepoint    ] Application time: 0.0002599 seconds
[2019-12-11T08:30:45.125+0000][1][safepoint    ] Entering safepoint region: RevokeBias
[2019-12-11T08:30:45.125+0000][1][safepoint    ] Leaving safepoint region
[2019-12-11T08:30:45.125+0000][1][safepoint    ] Total time for which application threads were stopped: 0.0000871 seconds, Stopping threads took: 0.0000126 seconds
[2019-12-11T08:30:45.593+0000][1][safepoint    ] Application time: 0.4685505 seconds
[2019-12-11T08:30:45.593+0000][1][safepoint    ] Entering safepoint region: RevokeBias
[2019-12-11T08:30:45.593+0000][1][safepoint    ] Leaving safepoint region
[2019-12-11T08:30:45.593+0000][1][safepoint    ] Total time for which application threads were stopped: 0.0001656 seconds, Stopping threads took: 0.0000213 seconds
[2019-12-11T08:30:45.594+0000][1][safepoint    ] Application time: 0.0002679 seconds
[2019-12-11T08:30:45.594+0000][1][safepoint    ] Entering safepoint region: RevokeBias
[2019-12-11T08:30:45.594+0000][1][safepoint    ] Leaving safepoint region
[2019-12-11T08:30:45.594+0000][1][safepoint    ] Total time for which application threads were stopped: 0.0001053 seconds, Stopping threads took: 0.0000163 seconds
[2019-12-11T08:30:45.658+0000][1][safepoint    ] Application time: 0.0638893 seconds
[2019-12-11T08:30:45.658+0000][1][safepoint    ] Entering safepoint region: RevokeBias
[2019-12-11T08:30:45.658+0000][1][safepoint    ] Leaving safepoint region
[2019-12-11T08:30:45.658+0000][1][safepoint    ] Total time for which application threads were stopped: 0.0001064 seconds, Stopping threads took: 0.0000179 seconds
[2019-12-11T08:30:45.670+0000][1][safepoint    ] Application time: 0.0118298 seconds
[2019-12-11T08:30:45.670+0000][1][safepoint    ] Entering safepoint region: RevokeBias
[2019-12-11T08:30:45.670+0000][1][safepoint    ] Leaving safepoint region
[2019-12-11T08:30:45.670+0000][1][safepoint    ] Total time for which application threads were stopped: 0.0000979 seconds, Stopping threads took: 0.0000198 seconds
[2019-12-11T08:30:45.670+0000][1][safepoint    ] Application time: 0.0000520 seconds
[2019-12-11T08:30:45.670+0000][1][safepoint    ] Entering safepoint region: RevokeBias
[2019-12-11T08:30:45.670+0000][1][safepoint    ] Leaving safepoint region
[2019-12-11T08:30:45.670+0000][1][safepoint    ] Total time for which application threads were stopped: 0.0000585 seconds, Stopping threads took: 0.0000101 seconds
[2019-12-11T08:30:45.670+0000][1][safepoint    ] Application time: 0.0000402 seconds
[2019-12-11T08:30:45.670+0000][1][safepoint    ] Entering safepoint region: RevokeBias
[2019-12-11T08:30:45.670+0000][1][safepoint    ] Leaving safepoint region
[2019-12-11T08:30:45.670+0000][1][safepoint    ] Total time for which application threads were stopped: 0.0000508 seconds, Stopping threads took: 0.0000096 seconds
[2019-12-11T08:30:45.670+0000][1][safepoint    ] Application time: 0.0000375 seconds
[2019-12-11T08:30:45.670+0000][1][safepoint    ] Entering safepoint region: RevokeBias
[2019-12-11T08:30:45.670+0000][1][safepoint    ] Leaving safepoint region
[2019-12-11T08:30:45.670+0000][1][safepoint    ] Total time for which application threads were stopped: 0.0000481 seconds, Stopping threads took: 0.0000086 seconds
[2019-12-11T08:30:45.670+0000][1][safepoint    ] Application time: 0.0000380 seconds
[2019-12-11T08:30:45.670+0000][1][safepoint    ] Entering safepoint region: RevokeBias
[2019-12-11T08:30:45.670+0000][1][safepoint    ] Leaving safepoint region
[2019-12-11T08:30:45.670+0000][1][safepoint    ] Total time for which application threads were stopped: 0.0000503 seconds, Stopping threads took: 0.0000098 seconds
[2019-12-11T08:30:45.670+0000][1][safepoint    ] Application time: 0.0000446 seconds
[2019-12-11T08:30:45.670+0000][1][safepoint    ] Entering safepoint region: RevokeBias
[2019-12-11T08:30:45.670+0000][1][safepoint    ] Leaving safepoint region
[2019-12-11T08:30:45.670+0000][1][safepoint    ] Total time for which application threads were stopped: 0.0000437 seconds, Stopping threads took: 0.0000080 seconds
[2019-12-11T08:30:45.670+0000][1][safepoint    ] Application time: 0.0000325 seconds
[2019-12-11T08:30:45.670+0000][1][safepoint    ] Entering safepoint region: RevokeBias
[2019-12-11T08:30:45.671+0000][1][safepoint    ] Leaving safepoint region
[2019-12-11T08:30:45.671+0000][1][safepoint    ] Total time for which application threads were stopped: 0.0000431 seconds, Stopping threads took: 0.0000079 seconds
[2019-12-11T08:30:45.757+0000][1][safepoint    ] Application time: 0.0866390 seconds
[2019-12-11T08:30:45.757+0000][1][safepoint    ] Entering safepoint region: RevokeBias
[2019-12-11T08:30:45.757+0000][1][safepoint    ] Leaving safepoint region
[2019-12-11T08:30:45.757+0000][1][safepoint    ] Total time for which application threads were stopped: 0.0001132 seconds, Stopping threads took: 0.0000197 seconds
[2019-12-11T08:30:45.778+0000][1][safepoint    ] Application time: 0.0206437 seconds
[2019-12-11T08:30:45.778+0000][1][safepoint    ] Entering safepoint region: RevokeBias
[2019-12-11T08:30:45.778+0000][1][safepoint    ] Leaving safepoint region
[2019-12-11T08:30:45.778+0000][1][safepoint    ] Total time for which application threads were stopped: 0.0001153 seconds, Stopping threads took: 0.0000189 seconds
[2019-12-11T08:30:45.778+0000][1][safepoint    ] Application time: 0.0000485 seconds
[2019-12-11T08:30:45.778+0000][1][safepoint    ] Entering safepoint region: RevokeBias
[2019-12-11T08:30:45.778+0000][1][safepoint    ] Leaving safepoint region
[2019-12-11T08:30:45.778+0000][1][safepoint    ] Total time for which application threads were stopped: 0.0000543 seconds, Stopping threads took: 0.0000092 seconds
[2019-12-11T08:30:45.778+0000][1][safepoint    ] Application time: 0.0000402 seconds
[2019-12-11T08:30:45.778+0000][1][safepoint    ] Entering safepoint region: RevokeBias
[2019-12-11T08:30:45.778+0000][1][safepoint    ] Leaving safepoint region
[2019-12-11T08:30:45.778+0000][1][safepoint    ] Total time for which application threads were stopped: 0.0000512 seconds, Stopping threads took: 0.0000086 seconds
[2019-12-11T08:30:45.779+0000][1][safepoint    ] Application time: 0.0008733 seconds
[2019-12-11T08:30:45.779+0000][1][safepoint    ] Entering safepoint region: RevokeBias
[2019-12-11T08:30:45.779+0000][1][safepoint    ] Leaving safepoint region
[2019-12-11T08:30:45.779+0000][1][safepoint    ] Total time for which application threads were stopped: 0.0000906 seconds, Stopping threads took: 0.0000168 seconds
[2019-12-11T08:30:45.780+0000][1][safepoint    ] Application time: 0.0001498 seconds
[2019-12-11T08:30:45.780+0000][1][safepoint    ] Entering safepoint region: RevokeBias
[2019-12-11T08:30:45.780+0000][1][safepoint    ] Leaving safepoint region
[2019-12-11T08:30:45.780+0000][1][safepoint    ] Total time for which application threads were stopped: 0.0000675 seconds, Stopping threads took: 0.0000120 seconds
[2019-12-11T08:30:45.918+0000][1][safepoint    ] Application time: 0.1381200 seconds
[2019-12-11T08:30:45.918+0000][1][safepoint    ] Entering safepoint region: RevokeBias
[2019-12-11T08:30:45.918+0000][1][safepoint    ] Leaving safepoint region
[2019-12-11T08:30:45.918+0000][1][safepoint    ] Total time for which application threads were stopped: 0.0001268 seconds, Stopping threads took: 0.0000217 seconds
[2019-12-11T08:30:45.920+0000][1][safepoint    ] Application time: 0.0020551 seconds
[2019-12-11T08:30:45.920+0000][1][safepoint    ] Entering safepoint region: RevokeBias
[2019-12-11T08:30:45.920+0000][1][safepoint    ] Leaving safepoint region
[2019-12-11T08:30:45.920+0000][1][safepoint    ] Total time for which application threads were stopped: 0.0001144 seconds, Stopping threads took: 0.0000185 seconds
[2019-12-11T08:30:46.310+0000][1][safepoint    ] Application time: 0.3899254 seconds
[2019-12-11T08:30:46.310+0000][1][safepoint    ] Entering safepoint region: RevokeBias
[2019-12-11T08:30:46.310+0000][1][safepoint    ] Leaving safepoint region
[2019-12-11T08:30:46.310+0000][1][safepoint    ] Total time for which application threads were stopped: 0.0000995 seconds, Stopping threads took: 0.0000202 seconds
[2019-12-11T08:30:46.310+0000][1][safepoint    ] Application time: 0.0001100 seconds
[2019-12-11T08:30:46.310+0000][1][safepoint    ] Entering safepoint region: RevokeBias
[2019-12-11T08:30:46.310+0000][1][safepoint    ] Leaving safepoint region
[2019-12-11T08:30:46.310+0000][1][safepoint    ] Total time for which application threads were stopped: 0.0000424 seconds, Stopping threads took: 0.0000090 seconds
[2019-12-11T08:30:46.311+0000][1][safepoint    ] Application time: 0.0005464 seconds
[2019-12-11T08:30:46.311+0000][1][safepoint    ] Entering safepoint region: RevokeBias
[2019-12-11T08:30:46.311+0000][1][safepoint    ] Leaving safepoint region
[2019-12-11T08:30:46.311+0000][1][safepoint    ] Total time for which application threads were stopped: 0.0000693 seconds, Stopping threads took: 0.0000169 seconds
[2019-12-11T08:30:47.313+0000][1][safepoint    ] Application time: 1.0017311 seconds
[2019-12-11T08:30:47.313+0000][1][safepoint    ] Entering safepoint region: Cleanup
[2019-12-11T08:30:47.313+0000][1][safepoint    ] Leaving safepoint region
[2019-12-11T08:30:47.313+0000][1][safepoint    ] Total time for which application threads were stopped: 0.0000981 seconds, Stopping threads took: 0.0000223 seconds
[2019-12-11T08:30:48.582+0000][1][safepoint    ] Application time: 1.2689226 seconds
[2019-12-11T08:30:48.604+0000][1][safepoint    ] Entering safepoint region: RevokeBias
[2019-12-11T08:30:48.604+0000][1][safepoint    ] Leaving safepoint region
[2019-12-11T08:30:48.604+0000][1][safepoint    ] Total time for which application threads were stopped: 0.0222744 seconds, Stopping threads took: 0.0221554 seconds
[2019-12-11T08:30:48.642+0000][1][safepoint    ] Application time: 0.0377837 seconds
[2019-12-11T08:30:48.642+0000][1][safepoint    ] Entering safepoint region: GenCollectForAllocation
[2019-12-11T08:30:48.642+0000][1][gc,start     ] GC(23) Pause Young (Allocation Failure)
[2019-12-11T08:30:48.642+0000][1][gc,task      ] GC(23) Using 2 workers of 2 for evacuation
[2019-12-11T08:30:48.874+0000][1][gc,age       ] GC(23) Desired survivor size 4456448 bytes, new threshold 2 (max threshold 6)
[2019-12-11T08:30:48.874+0000][1][gc,age       ] GC(23) Age table with threshold 2 (max threshold 6)
[2019-12-11T08:30:48.874+0000][1][gc,age       ] GC(23) - age   1:    2119888 bytes,    2119888 total
[2019-12-11T08:30:48.874+0000][1][gc,age       ] GC(23) - age   2:    3575280 bytes,    5695168 total
[2019-12-11T08:30:48.874+0000][1][gc,heap      ] GC(23) ParNew: 78656K->8704K(78656K)
[2019-12-11T08:30:48.874+0000][1][gc,heap      ] GC(23) CMS: 60557K->64654K(174784K)
[2019-12-11T08:30:48.874+0000][1][gc,metaspace ] GC(23) Metaspace: 69050K->69050K(1112064K)
[2019-12-11T08:30:48.874+0000][1][gc           ] GC(23) Pause Young (Allocation Failure) 135M->71M(247M) 232.331ms
[2019-12-11T08:30:48.874+0000][1][gc,cpu       ] GC(23) User=0.08s Sys=0.00s Real=0.23s
[2019-12-11T08:30:48.874+0000][1][safepoint    ] Leaving safepoint region
[2019-12-11T08:30:48.874+0000][1][safepoint    ] Total time for which application threads were stopped: 0.2325465 seconds, Stopping threads took: 0.0000487 seconds
[2019-12-11T08:30:48.896+0000][1][safepoint    ] Application time: 0.0216164 seconds
[2019-12-11T08:30:48.896+0000][1][safepoint    ] Entering safepoint region: RevokeBias
[2019-12-11T08:30:48.896+0000][1][safepoint    ] Leaving safepoint region
[2019-12-11T08:30:48.896+0000][1][safepoint    ] Total time for which application threads were stopped: 0.0000993 seconds, Stopping threads took: 0.0000188 seconds
[2019-12-11T08:30:49.899+0000][1][safepoint    ] Application time: 1.0026922 seconds
[2019-12-11T08:30:49.899+0000][1][safepoint    ] Entering safepoint region: Cleanup
[2019-12-11T08:30:49.899+0000][1][safepoint    ] Leaving safepoint region
[2019-12-11T08:30:49.899+0000][1][safepoint    ] Total time for which application threads were stopped: 0.0001071 seconds, Stopping threads took: 0.0000256 seconds
[2019-12-11T08:30:50.900+0000][1][safepoint    ] Application time: 1.0006617 seconds
[2019-12-11T08:30:50.900+0000][1][safepoint    ] Entering safepoint region: Cleanup
[2019-12-11T08:30:50.900+0000][1][safepoint    ] Leaving safepoint region
[2019-12-11T08:30:50.900+0000][1][safepoint    ] Total time for which application threads were stopped: 0.0001022 seconds, Stopping threads took: 0.0000227 seconds
[2019-12-11T08:30:51.901+0000][1][safepoint    ] Application time: 1.0008403 seconds
[2019-12-11T08:30:51.901+0000][1][safepoint    ] Entering safepoint region: Cleanup
[2019-12-11T08:30:51.901+0000][1][safepoint    ] Leaving safepoint region
[2019-12-11T08:30:51.901+0000][1][safepoint    ] Total time for which application threads were stopped: 0.0001082 seconds, Stopping threads took: 0.0000288 seconds
[2019-12-11T08:30:52.638+0000][1][safepoint    ] Application time: 0.7374397 seconds
[2019-12-11T08:30:52.638+0000][1][safepoint    ] Entering safepoint region: RevokeBias
[2019-12-11T08:30:52.638+0000][1][safepoint    ] Leaving safepoint region
[2019-12-11T08:30:52.638+0000][1][safepoint    ] Total time for which application threads were stopped: 0.0001589 seconds, Stopping threads took: 0.0000682 seconds
[2019-12-11T08:30:52.657+0000][1][safepoint    ] Application time: 0.0189656 seconds
[2019-12-11T08:30:52.658+0000][1][safepoint    ] Entering safepoint region: RevokeBias
[2019-12-11T08:30:52.658+0000][1][safepoint    ] Leaving safepoint region
[2019-12-11T08:30:52.658+0000][1][safepoint    ] Total time for which application threads were stopped: 0.0001377 seconds, Stopping threads took: 0.0000570 seconds
[2019-12-11T08:30:52.775+0000][1][safepoint    ] Application time: 0.1172178 seconds
[2019-12-11T08:30:52.775+0000][1][safepoint    ] Entering safepoint region: CollectForMetadataAllocation
[2019-12-11T08:30:52.775+0000][1][safepoint    ] Leaving safepoint region
[2019-12-11T08:30:52.775+0000][1][safepoint    ] Total time for which application threads were stopped: 0.0002998 seconds, Stopping threads took: 0.0000201 seconds
[2019-12-11T08:30:52.826+0000][1][safepoint    ] Application time: 0.0504234 seconds
[2019-12-11T08:30:52.826+0000][1][safepoint    ] Entering safepoint region: RevokeBias
[2019-12-11T08:30:52.826+0000][1][safepoint    ] Leaving safepoint region
[2019-12-11T08:30:52.826+0000][1][safepoint    ] Total time for which application threads were stopped: 0.0001169 seconds, Stopping threads took: 0.0000409 seconds
[2019-12-11T08:30:52.894+0000][1][safepoint    ] Application time: 0.0679741 seconds
[2019-12-11T08:30:52.932+0000][1][safepoint    ] Entering safepoint region: CMS_Initial_Mark
[2019-12-11T08:30:52.932+0000][1][gc,start     ] GC(24) Pause Initial Mark
[2019-12-11T08:30:52.970+0000][1][gc           ] GC(24) Pause Initial Mark 80M->80M(247M) 37.683ms
[2019-12-11T08:30:52.970+0000][1][gc,cpu       ] GC(24) User=0.01s Sys=0.00s Real=0.04s
[2019-12-11T08:30:52.970+0000][1][safepoint    ] Leaving safepoint region
[2019-12-11T08:30:52.970+0000][1][safepoint    ] Total time for which application threads were stopped: 0.0758581 seconds, Stopping threads took: 0.0379878 seconds
[2019-12-11T08:30:52.970+0000][1][gc           ] GC(24) Concurrent Mark
[2019-12-11T08:30:53.041+0000][1][safepoint    ] Application time: 0.0713420 seconds
[2019-12-11T08:30:53.041+0000][1][safepoint    ] Entering safepoint region: CollectForMetadataAllocation
[2019-12-11T08:30:53.041+0000][1][safepoint    ] Leaving safepoint region
[2019-12-11T08:30:53.041+0000][1][safepoint    ] Total time for which application threads were stopped: 0.0003286 seconds, Stopping threads took: 0.0000545 seconds
[2019-12-11T08:30:53.290+0000][1][safepoint    ] Application time: 0.2486183 seconds
[2019-12-11T08:30:53.290+0000][1][safepoint    ] Entering safepoint region: CollectForMetadataAllocation
[2019-12-11T08:30:53.290+0000][1][safepoint    ] Leaving safepoint region
[2019-12-11T08:30:53.290+0000][1][safepoint    ] Total time for which application threads were stopped: 0.0003119 seconds, Stopping threads took: 0.0000262 seconds
[2019-12-11T08:30:53.448+0000][1][safepoint    ] Application time: 0.1576405 seconds
[2019-12-11T08:30:53.448+0000][1][safepoint    ] Entering safepoint region: RevokeBias
[2019-12-11T08:30:53.448+0000][1][safepoint    ] Leaving safepoint region
[2019-12-11T08:30:53.448+0000][1][safepoint    ] Total time for which application threads were stopped: 0.0001086 seconds, Stopping threads took: 0.0000227 seconds
[2019-12-11T08:30:53.448+0000][1][safepoint    ] Application time: 0.0002347 seconds
[2019-12-11T08:30:53.448+0000][1][safepoint    ] Entering safepoint region: RevokeBias
[2019-12-11T08:30:53.448+0000][1][safepoint    ] Leaving safepoint region
[2019-12-11T08:30:53.449+0000][1][safepoint    ] Total time for which application threads were stopped: 0.0000878 seconds, Stopping threads took: 0.0000207 seconds
[2019-12-11T08:30:53.505+0000][1][safepoint    ] Application time: 0.0562969 seconds
[2019-12-11T08:30:53.505+0000][1][safepoint    ] Entering safepoint region: CollectForMetadataAllocation
[2019-12-11T08:30:53.505+0000][1][safepoint    ] Leaving safepoint region
[2019-12-11T08:30:53.505+0000][1][safepoint    ] Total time for which application threads were stopped: 0.0002986 seconds, Stopping threads took: 0.0000230 seconds
[2019-12-11T08:30:53.592+0000][1][safepoint    ] Application time: 0.0866427 seconds
[2019-12-11T08:30:53.592+0000][1][safepoint    ] Entering safepoint region: RevokeBias
[2019-12-11T08:30:53.592+0000][1][safepoint    ] Leaving safepoint region
[2019-12-11T08:30:53.592+0000][1][safepoint    ] Total time for which application threads were stopped: 0.0001148 seconds, Stopping threads took: 0.0000220 seconds
[2019-12-11T08:30:53.779+0000][1][safepoint    ] Application time: 0.1867657 seconds
[2019-12-11T08:30:53.779+0000][1][safepoint    ] Entering safepoint region: CollectForMetadataAllocation
[2019-12-11T08:30:53.779+0000][1][safepoint    ] Leaving safepoint region
[2019-12-11T08:30:53.779+0000][1][safepoint    ] Total time for which application threads were stopped: 0.0002845 seconds, Stopping threads took: 0.0000235 seconds
[2019-12-11T08:30:53.848+0000][1][gc           ] GC(24) Concurrent Mark 878.210ms
[2019-12-11T08:30:53.848+0000][1][gc,cpu       ] GC(24) User=0.31s Sys=0.01s Real=0.88s
[2019-12-11T08:30:53.848+0000][1][gc           ] GC(24) Concurrent Preclean
[2019-12-11T08:30:53.866+0000][1][gc           ] GC(24) Concurrent Preclean 18.130ms
[2019-12-11T08:30:53.866+0000][1][gc,cpu       ] GC(24) User=0.01s Sys=0.00s Real=0.02s
[2019-12-11T08:30:53.866+0000][1][gc           ] GC(24) Concurrent Abortable Preclean
[2019-12-11T08:30:53.908+0000][1][safepoint    ] Application time: 0.1289943 seconds
[2019-12-11T08:30:53.908+0000][1][safepoint    ] Entering safepoint region: RevokeBias
[2019-12-11T08:30:53.908+0000][1][safepoint    ] Leaving safepoint region
[2019-12-11T08:30:53.908+0000][1][safepoint    ] Total time for which application threads were stopped: 0.0001676 seconds, Stopping threads took: 0.0000518 seconds
[2019-12-11T08:30:53.908+0000][1][safepoint    ] Application time: 0.0000681 seconds
[2019-12-11T08:30:53.908+0000][1][safepoint    ] Entering safepoint region: RevokeBias
[2019-12-11T08:30:53.908+0000][1][safepoint    ] Leaving safepoint region
[2019-12-11T08:30:53.908+0000][1][safepoint    ] Total time for which application threads were stopped: 0.0000666 seconds, Stopping threads took: 0.0000105 seconds
[2019-12-11T08:30:53.921+0000][1][safepoint    ] Application time: 0.0128483 seconds
[2019-12-11T08:30:53.921+0000][1][safepoint    ] Entering safepoint region: RevokeBias
[2019-12-11T08:30:53.921+0000][1][safepoint    ] Leaving safepoint region
[2019-12-11T08:30:53.921+0000][1][safepoint    ] Total time for which application threads were stopped: 0.0001066 seconds, Stopping threads took: 0.0000219 seconds
[2019-12-11T08:30:53.953+0000][1][safepoint    ] Application time: 0.0319437 seconds
[2019-12-11T08:30:53.965+0000][1][safepoint    ] Entering safepoint region: RevokeBias
[2019-12-11T08:30:53.965+0000][1][safepoint    ] Leaving safepoint region
[2019-12-11T08:30:53.965+0000][1][safepoint    ] Total time for which application threads were stopped: 0.0114295 seconds, Stopping threads took: 0.0113418 seconds
[2019-12-11T08:30:53.965+0000][1][safepoint    ] Application time: 0.0005282 seconds
[2019-12-11T08:30:53.965+0000][1][safepoint    ] Entering safepoint region: RevokeBias
[2019-12-11T08:30:53.965+0000][1][safepoint    ] Leaving safepoint region
[2019-12-11T08:30:53.965+0000][1][safepoint    ] Total time for which application threads were stopped: 0.0000861 seconds, Stopping threads took: 0.0000168 seconds
[2019-12-11T08:30:54.000+0000][1][safepoint    ] Application time: 0.0343907 seconds
[2019-12-11T08:30:54.000+0000][1][safepoint    ] Entering safepoint region: RevokeBias
[2019-12-11T08:30:54.000+0000][1][safepoint    ] Leaving safepoint region
[2019-12-11T08:30:54.000+0000][1][safepoint    ] Total time for which application threads were stopped: 0.0001049 seconds, Stopping threads took: 0.0000224 seconds
[2019-12-11T08:30:54.123+0000][1][safepoint    ] Application time: 0.1234428 seconds
[2019-12-11T08:30:54.124+0000][1][safepoint    ] Entering safepoint region: RevokeBias
[2019-12-11T08:30:54.124+0000][1][safepoint    ] Leaving safepoint region
[2019-12-11T08:30:54.124+0000][1][safepoint    ] Total time for which application threads were stopped: 0.0007652 seconds, Stopping threads took: 0.0006621 seconds
[2019-12-11T08:30:54.143+0000][1][safepoint    ] Application time: 0.0186209 seconds
[2019-12-11T08:30:54.150+0000][1][safepoint    ] Entering safepoint region: RevokeBias
[2019-12-11T08:30:54.150+0000][1][safepoint    ] Leaving safepoint region
[2019-12-11T08:30:54.150+0000][1][safepoint    ] Total time for which application threads were stopped: 0.0069460 seconds, Stopping threads took: 0.0068488 seconds
[2019-12-11T08:30:54.349+0000][1][safepoint    ] Application time: 0.1988725 seconds
[2019-12-11T08:30:54.349+0000][1][safepoint    ] Entering safepoint region: CollectForMetadataAllocation
[2019-12-11T08:30:54.349+0000][1][safepoint    ] Leaving safepoint region
[2019-12-11T08:30:54.349+0000][1][safepoint    ] Total time for which application threads were stopped: 0.0002356 seconds, Stopping threads took: 0.0000244 seconds
[2019-12-11T08:30:54.527+0000][1][safepoint    ] Application time: 0.1782415 seconds
[2019-12-11T08:30:54.527+0000][1][safepoint    ] Entering safepoint region: RevokeBias
[2019-12-11T08:30:54.527+0000][1][safepoint    ] Leaving safepoint region
[2019-12-11T08:30:54.527+0000][1][safepoint    ] Total time for which application threads were stopped: 0.0001026 seconds, Stopping threads took: 0.0000229 seconds
[2019-12-11T08:30:54.581+0000][1][safepoint    ] Application time: 0.0533253 seconds
[2019-12-11T08:30:54.581+0000][1][safepoint    ] Entering safepoint region: CollectForMetadataAllocation
[2019-12-11T08:30:54.581+0000][1][safepoint    ] Leaving safepoint region
[2019-12-11T08:30:54.581+0000][1][safepoint    ] Total time for which application threads were stopped: 0.0002574 seconds, Stopping threads took: 0.0000197 seconds
[2019-12-11T08:30:54.646+0000][1][safepoint    ] Application time: 0.0650483 seconds
[2019-12-11T08:30:54.653+0000][1][safepoint    ] Entering safepoint region: RevokeBias
[2019-12-11T08:30:54.653+0000][1][safepoint    ] Leaving safepoint region
[2019-12-11T08:30:54.653+0000][1][safepoint    ] Total time for which application threads were stopped: 0.0067532 seconds, Stopping threads took: 0.0066371 seconds
[2019-12-11T08:30:54.654+0000][1][safepoint    ] Application time: 0.0008751 seconds
[2019-12-11T08:30:54.654+0000][1][safepoint    ] Entering safepoint region: RevokeBias
[2019-12-11T08:30:54.654+0000][1][safepoint    ] Leaving safepoint region
[2019-12-11T08:30:54.654+0000][1][safepoint    ] Total time for which application threads were stopped: 0.0000941 seconds, Stopping threads took: 0.0000175 seconds
[2019-12-11T08:30:54.709+0000][1][safepoint    ] Application time: 0.0553751 seconds
[2019-12-11T08:30:54.709+0000][1][safepoint    ] Entering safepoint region: CollectForMetadataAllocation
[2019-12-11T08:30:54.710+0000][1][safepoint    ] Leaving safepoint region
[2019-12-11T08:30:54.710+0000][1][safepoint    ] Total time for which application threads were stopped: 0.0003093 seconds, Stopping threads took: 0.0000212 seconds
[2019-12-11T08:30:54.722+0000][1][safepoint    ] Application time: 0.0120275 seconds
[2019-12-11T08:30:54.757+0000][1][safepoint    ] Entering safepoint region: CollectForMetadataAllocation
[2019-12-11T08:30:54.757+0000][1][safepoint    ] Leaving safepoint region
[2019-12-11T08:30:54.757+0000][1][safepoint    ] Total time for which application threads were stopped: 0.0354905 seconds, Stopping threads took: 0.0353917 seconds
[2019-12-11T08:30:54.781+0000][1][safepoint    ] Application time: 0.0241930 seconds
[2019-12-11T08:30:54.790+0000][1][safepoint    ] Entering safepoint region: Deoptimize
[2019-12-11T08:30:54.791+0000][1][safepoint    ] Leaving safepoint region
[2019-12-11T08:30:54.791+0000][1][safepoint    ] Total time for which application threads were stopped: 0.0095440 seconds, Stopping threads took: 0.0087792 seconds
[2019-12-11T08:30:55.074+0000][1][safepoint    ] Application time: 0.2827569 seconds
[2019-12-11T08:30:55.074+0000][1][safepoint    ] Entering safepoint region: CollectForMetadataAllocation
[2019-12-11T08:30:55.074+0000][1][safepoint    ] Leaving safepoint region
[2019-12-11T08:30:55.074+0000][1][safepoint    ] Total time for which application threads were stopped: 0.0003971 seconds, Stopping threads took: 0.0000251 seconds
[2019-12-11T08:30:55.235+0000][1][safepoint    ] Application time: 0.1608332 seconds
[2019-12-11T08:30:55.235+0000][1][safepoint    ] Entering safepoint region: RevokeBias
[2019-12-11T08:30:55.235+0000][1][safepoint    ] Leaving safepoint region
[2019-12-11T08:30:55.235+0000][1][safepoint    ] Total time for which application threads were stopped: 0.0002377 seconds, Stopping threads took: 0.0001017 seconds
[2019-12-11T08:30:55.268+0000][1][safepoint    ] Application time: 0.0329200 seconds
[2019-12-11T08:30:55.302+0000][1][safepoint    ] Entering safepoint region: RevokeBias
[2019-12-11T08:30:55.302+0000][1][safepoint    ] Leaving safepoint region
[2019-12-11T08:30:55.302+0000][1][safepoint    ] Total time for which application threads were stopped: 0.0335895 seconds, Stopping threads took: 0.0334891 seconds
[2019-12-11T08:30:55.333+0000][1][safepoint    ] Application time: 0.0307627 seconds
[2019-12-11T08:30:55.333+0000][1][safepoint    ] Entering safepoint region: RevokeBias
[2019-12-11T08:30:55.333+0000][1][safepoint    ] Leaving safepoint region
[2019-12-11T08:30:55.333+0000][1][safepoint    ] Total time for which application threads were stopped: 0.0001461 seconds, Stopping threads took: 0.0000210 seconds
[2019-12-11T08:30:55.334+0000][1][safepoint    ] Application time: 0.0016914 seconds
[2019-12-11T08:30:55.335+0000][1][safepoint    ] Entering safepoint region: RevokeBias
[2019-12-11T08:30:55.335+0000][1][safepoint    ] Leaving safepoint region
[2019-12-11T08:30:55.335+0000][1][safepoint    ] Total time for which application threads were stopped: 0.0000801 seconds, Stopping threads took: 0.0000173 seconds
[2019-12-11T08:30:56.155+0000][1][safepoint    ] Application time: 0.8200304 seconds
[2019-12-11T08:30:56.155+0000][1][safepoint    ] Entering safepoint region: RevokeBias
[2019-12-11T08:30:56.155+0000][1][safepoint    ] Leaving safepoint region
[2019-12-11T08:30:56.155+0000][1][safepoint    ] Total time for which application threads were stopped: 0.0001645 seconds, Stopping threads took: 0.0000416 seconds
[2019-12-11T08:30:56.155+0000][1][safepoint    ] Application time: 0.0000872 seconds
[2019-12-11T08:30:56.155+0000][1][safepoint    ] Entering safepoint region: RevokeBias
[2019-12-11T08:30:56.155+0000][1][safepoint    ] Leaving safepoint region
[2019-12-11T08:30:56.155+0000][1][safepoint    ] Total time for which application threads were stopped: 0.0000632 seconds, Stopping threads took: 0.0000107 seconds
[2019-12-11T08:30:56.155+0000][1][safepoint    ] Application time: 0.0000407 seconds
[2019-12-11T08:30:56.155+0000][1][safepoint    ] Entering safepoint region: RevokeBias
[2019-12-11T08:30:56.155+0000][1][safepoint    ] Leaving safepoint region
[2019-12-11T08:30:56.155+0000][1][safepoint    ] Total time for which application threads were stopped: 0.0000520 seconds, Stopping threads took: 0.0000089 seconds
[2019-12-11T08:30:56.155+0000][1][safepoint    ] Application time: 0.0000380 seconds
[2019-12-11T08:30:56.155+0000][1][safepoint    ] Entering safepoint region: RevokeBias
[2019-12-11T08:30:56.155+0000][1][safepoint    ] Leaving safepoint region
[2019-12-11T08:30:56.155+0000][1][safepoint    ] Total time for which application threads were stopped: 0.0000578 seconds, Stopping threads took: 0.0000095 seconds
[2019-12-11T08:30:56.457+0000][1][safepoint    ] Application time: 0.3015915 seconds
[2019-12-11T08:30:56.457+0000][1][safepoint    ] Entering safepoint region: RevokeBias
[2019-12-11T08:30:56.457+0000][1][safepoint    ] Leaving safepoint region
[2019-12-11T08:30:56.457+0000][1][safepoint    ] Total time for which application threads were stopped: 0.0001246 seconds, Stopping threads took: 0.0000238 seconds
[2019-12-11T08:30:57.312+0000][1][safepoint    ] Application time: 0.8550856 seconds
[2019-12-11T08:30:57.312+0000][1][safepoint    ] Entering safepoint region: CollectForMetadataAllocation
[2019-12-11T08:30:57.312+0000][1][safepoint    ] Leaving safepoint region
[2019-12-11T08:30:57.312+0000][1][safepoint    ] Total time for which application threads were stopped: 0.0003124 seconds, Stopping threads took: 0.0000236 seconds
[2019-12-11T08:30:57.641+0000][1][safepoint    ] Application time: 0.3289217 seconds
[2019-12-11T08:30:57.641+0000][1][safepoint    ] Entering safepoint region: RevokeBias
[2019-12-11T08:30:57.642+0000][1][safepoint    ] Leaving safepoint region
[2019-12-11T08:30:57.642+0000][1][safepoint    ] Total time for which application threads were stopped: 0.0001209 seconds, Stopping threads took: 0.0000217 seconds
[2019-12-11T08:30:57.658+0000][1][safepoint    ] Application time: 0.0165281 seconds
[2019-12-11T08:30:57.658+0000][1][safepoint    ] Entering safepoint region: RevokeBias
[2019-12-11T08:30:57.658+0000][1][safepoint    ] Leaving safepoint region
[2019-12-11T08:30:57.658+0000][1][safepoint    ] Total time for which application threads were stopped: 0.0001053 seconds, Stopping threads took: 0.0000223 seconds
[2019-12-11T08:30:57.660+0000][1][safepoint    ] Application time: 0.0018577 seconds
[2019-12-11T08:30:57.660+0000][1][safepoint    ] Entering safepoint region: RevokeBias
[2019-12-11T08:30:57.660+0000][1][safepoint    ] Leaving safepoint region
[2019-12-11T08:30:57.660+0000][1][safepoint    ] Total time for which application threads were stopped: 0.0000839 seconds, Stopping threads took: 0.0000169 seconds
[2019-12-11T08:30:57.689+0000][1][safepoint    ] Application time: 0.0289509 seconds
[2019-12-11T08:30:57.689+0000][1][safepoint    ] Entering safepoint region: RevokeBias
[2019-12-11T08:30:57.689+0000][1][safepoint    ] Leaving safepoint region
[2019-12-11T08:30:57.689+0000][1][safepoint    ] Total time for which application threads were stopped: 0.0000968 seconds, Stopping threads took: 0.0000186 seconds
[2019-12-11T08:30:57.706+0000][1][safepoint    ] Application time: 0.0168020 seconds
[2019-12-11T08:30:57.706+0000][1][safepoint    ] Entering safepoint region: RevokeBias
[2019-12-11T08:30:57.706+0000][1][safepoint    ] Leaving safepoint region
[2019-12-11T08:30:57.706+0000][1][safepoint    ] Total time for which application threads were stopped: 0.0000955 seconds, Stopping threads took: 0.0000198 seconds
[2019-12-11T08:30:57.754+0000][1][safepoint    ] Application time: 0.0479992 seconds
[2019-12-11T08:30:57.754+0000][1][safepoint    ] Entering safepoint region: RevokeBias
[2019-12-11T08:30:57.754+0000][1][safepoint    ] Leaving safepoint region
[2019-12-11T08:30:57.754+0000][1][safepoint    ] Total time for which application threads were stopped: 0.0001238 seconds, Stopping threads took: 0.0000219 seconds
[2019-12-11T08:30:57.977+0000][1][safepoint    ] Application time: 0.2227757 seconds
[2019-12-11T08:30:57.977+0000][1][safepoint    ] Entering safepoint region: RevokeBias
[2019-12-11T08:30:57.977+0000][1][safepoint    ] Leaving safepoint region
[2019-12-11T08:30:57.977+0000][1][safepoint    ] Total time for which application threads were stopped: 0.0001251 seconds, Stopping threads took: 0.0000244 seconds
[2019-12-11T08:30:57.978+0000][1][safepoint    ] Application time: 0.0009088 seconds
[2019-12-11T08:30:57.978+0000][1][safepoint    ] Entering safepoint region: RevokeBias
[2019-12-11T08:30:57.978+0000][1][safepoint    ] Leaving safepoint region
[2019-12-11T08:30:57.978+0000][1][safepoint    ] Total time for which application threads were stopped: 0.0000924 seconds, Stopping threads took: 0.0000176 seconds
[2019-12-11T08:30:57.978+0000][1][safepoint    ] Application time: 0.0000614 seconds
[2019-12-11T08:30:57.978+0000][1][safepoint    ] Entering safepoint region: RevokeBias
[2019-12-11T08:30:57.978+0000][1][safepoint    ] Leaving safepoint region
[2019-12-11T08:30:57.978+0000][1][safepoint    ] Total time for which application threads were stopped: 0.0000571 seconds, Stopping threads took: 0.0000107 seconds
[2019-12-11T08:30:57.979+0000][1][safepoint    ] Application time: 0.0007258 seconds
[2019-12-11T08:30:57.979+0000][1][safepoint    ] Entering safepoint region: CollectForMetadataAllocation
[2019-12-11T08:30:57.979+0000][1][safepoint    ] Leaving safepoint region
[2019-12-11T08:30:57.979+0000][1][safepoint    ] Total time for which application threads were stopped: 0.0002481 seconds, Stopping threads took: 0.0000143 seconds
[2019-12-11T08:30:58.025+0000][1][safepoint    ] Application time: 0.0452479 seconds
[2019-12-11T08:30:58.025+0000][1][safepoint    ] Entering safepoint region: RevokeBias
[2019-12-11T08:30:58.025+0000][1][safepoint    ] Leaving safepoint region
[2019-12-11T08:30:58.025+0000][1][safepoint    ] Total time for which application threads were stopped: 0.0001250 seconds, Stopping threads took: 0.0000219 seconds
[2019-12-11T08:30:58.031+0000][1][safepoint    ] Application time: 0.0056596 seconds
[2019-12-11T08:30:58.031+0000][1][safepoint    ] Entering safepoint region: RevokeBias
[2019-12-11T08:30:58.031+0000][1][safepoint    ] Leaving safepoint region
[2019-12-11T08:30:58.031+0000][1][safepoint    ] Total time for which application threads were stopped: 0.0001070 seconds, Stopping threads took: 0.0000174 seconds
[2019-12-11T08:30:58.032+0000][1][safepoint    ] Application time: 0.0009267 seconds
[2019-12-11T08:30:58.032+0000][1][safepoint    ] Entering safepoint region: RevokeBias
[2019-12-11T08:30:58.032+0000][1][safepoint    ] Leaving safepoint region
[2019-12-11T08:30:58.032+0000][1][safepoint    ] Total time for which application threads were stopped: 0.0001111 seconds, Stopping threads took: 0.0000159 seconds
[2019-12-11T08:30:58.057+0000][1][safepoint    ] Application time: 0.0249373 seconds
[2019-12-11T08:30:58.057+0000][1][safepoint    ] Entering safepoint region: RevokeBias
[2019-12-11T08:30:58.057+0000][1][safepoint    ] Leaving safepoint region
[2019-12-11T08:30:58.057+0000][1][safepoint    ] Total time for which application threads were stopped: 0.0000793 seconds, Stopping threads took: 0.0000159 seconds
[2019-12-11T08:30:58.068+0000][1][safepoint    ] Application time: 0.0114319 seconds
[2019-12-11T08:30:58.068+0000][1][safepoint    ] Entering safepoint region: RevokeBias
[2019-12-11T08:30:58.068+0000][1][safepoint    ] Leaving safepoint region
[2019-12-11T08:30:58.068+0000][1][safepoint    ] Total time for which application threads were stopped: 0.0000818 seconds, Stopping threads took: 0.0000163 seconds
[2019-12-11T08:30:58.074+0000][1][safepoint    ] Application time: 0.0056520 seconds
[2019-12-11T08:30:58.074+0000][1][safepoint    ] Entering safepoint region: RevokeBias
[2019-12-11T08:30:58.074+0000][1][safepoint    ] Leaving safepoint region
[2019-12-11T08:30:58.074+0000][1][safepoint    ] Total time for which application threads were stopped: 0.0000775 seconds, Stopping threads took: 0.0000151 seconds
[2019-12-11T08:30:59.011+0000][1][gc           ] GC(24) Concurrent Abortable Preclean 5144.950ms
[2019-12-11T08:30:59.011+0000][1][gc,cpu       ] GC(24) User=1.74s Sys=0.05s Real=5.14s
[2019-12-11T08:30:59.013+0000][1][safepoint    ] Application time: 0.9385913 seconds
[2019-12-11T08:30:59.013+0000][1][safepoint    ] Entering safepoint region: CMS_Final_Remark
[2019-12-11T08:30:59.013+0000][1][gc,start     ] GC(24) Pause Remark
[2019-12-11T08:30:59.117+0000][1][gc           ] GC(24) Pause Remark 116M->116M(247M) 104.471ms
[2019-12-11T08:30:59.117+0000][1][gc,cpu       ] GC(24) User=0.06s Sys=0.00s Real=0.11s
[2019-12-11T08:30:59.117+0000][1][safepoint    ] Leaving safepoint region
[2019-12-11T08:30:59.117+0000][1][safepoint    ] Total time for which application threads were stopped: 0.1047393 seconds, Stopping threads took: 0.0000614 seconds
[2019-12-11T08:30:59.137+0000][1][gc           ] GC(24) Concurrent Sweep
[2019-12-11T08:30:59.306+0000][1][gc           ] GC(24) Concurrent Sweep 168.312ms
[2019-12-11T08:30:59.306+0000][1][gc,cpu       ] GC(24) User=0.12s Sys=0.00s Real=0.17s
[2019-12-11T08:30:59.306+0000][1][gc           ] GC(24) Concurrent Reset
[2019-12-11T08:30:59.306+0000][1][gc           ] GC(24) Concurrent Reset 0.344ms
[2019-12-11T08:30:59.306+0000][1][gc,cpu       ] GC(24) User=0.00s Sys=0.00s Real=0.00s
[2019-12-11T08:30:59.306+0000][1][gc,heap      ] GC(24) Old: 64654K->64092K(174784K)
[2019-12-11T08:31:00.120+0000][1][safepoint    ] Application time: 1.0022288 seconds
[2019-12-11T08:31:00.120+0000][1][safepoint    ] Entering safepoint region: Cleanup
[2019-12-11T08:31:00.121+0000][1][safepoint    ] Leaving safepoint region
[2019-12-11T08:31:00.121+0000][1][safepoint    ] Total time for which application threads were stopped: 0.0008146 seconds, Stopping threads took: 0.0000371 seconds
[2019-12-11T08:31:01.122+0000][1][safepoint    ] Application time: 1.0011320 seconds
[2019-12-11T08:31:01.122+0000][1][safepoint    ] Entering safepoint region: Cleanup
[2019-12-11T08:31:01.122+0000][1][safepoint    ] Leaving safepoint region
[2019-12-11T08:31:01.122+0000][1][safepoint    ] Total time for which application threads were stopped: 0.0001135 seconds, Stopping threads took: 0.0000343 seconds
[2019-12-11T08:31:02.124+0000][1][safepoint    ] Application time: 1.0018473 seconds
[2019-12-11T08:31:02.124+0000][1][safepoint    ] Entering safepoint region: Cleanup
[2019-12-11T08:31:02.124+0000][1][safepoint    ] Leaving safepoint region
[2019-12-11T08:31:02.124+0000][1][safepoint    ] Total time for which application threads were stopped: 0.0001226 seconds, Stopping threads took: 0.0000265 seconds
[2019-12-11T08:31:03.130+0000][1][safepoint    ] Application time: 1.0058171 seconds
[2019-12-11T08:31:03.130+0000][1][safepoint    ] Entering safepoint region: Cleanup
[2019-12-11T08:31:03.130+0000][1][safepoint    ] Leaving safepoint region
[2019-12-11T08:31:03.130+0000][1][safepoint    ] Total time for which application threads were stopped: 0.0001229 seconds, Stopping threads took: 0.0000300 seconds
[2019-12-11T08:31:04.133+0000][1][safepoint    ] Application time: 1.0028341 seconds
[2019-12-11T08:31:04.133+0000][1][safepoint    ] Entering safepoint region: Cleanup
[2019-12-11T08:31:04.133+0000][1][safepoint    ] Leaving safepoint region
[2019-12-11T08:31:04.133+0000][1][safepoint    ] Total time for which application threads were stopped: 0.0001184 seconds, Stopping threads took: 0.0000281 seconds
[2019-12-11T08:31:05.134+0000][1][safepoint    ] Application time: 1.0008514 seconds
[2019-12-11T08:31:05.134+0000][1][safepoint    ] Entering safepoint region: Cleanup
[2019-12-11T08:31:05.134+0000][1][safepoint    ] Leaving safepoint region
[2019-12-11T08:31:05.134+0000][1][safepoint    ] Total time for which application threads were stopped: 0.0001228 seconds, Stopping threads took: 0.0000267 seconds
[2019-12-11T08:31:05.936+0000][1][safepoint    ] Application time: 0.8020976 seconds
[2019-12-11T08:31:05.936+0000][1][safepoint    ] Entering safepoint region: RevokeBias
[2019-12-11T08:31:05.936+0000][1][safepoint    ] Leaving safepoint region
[2019-12-11T08:31:05.936+0000][1][safepoint    ] Total time for which application threads were stopped: 0.0001252 seconds, Stopping threads took: 0.0000222 seconds
[2019-12-11T08:31:06.944+0000][1][safepoint    ] Application time: 1.0076907 seconds
[2019-12-11T08:31:06.944+0000][1][safepoint    ] Entering safepoint region: Cleanup
[2019-12-11T08:31:06.944+0000][1][safepoint    ] Leaving safepoint region
[2019-12-11T08:31:06.944+0000][1][safepoint    ] Total time for which application threads were stopped: 0.0001115 seconds, Stopping threads took: 0.0000239 seconds
[2019-12-11T08:31:07.945+0000][1][safepoint    ] Application time: 1.0014028 seconds
[2019-12-11T08:31:07.945+0000][1][safepoint    ] Entering safepoint region: Cleanup
[2019-12-11T08:31:07.946+0000][1][safepoint    ] Leaving safepoint region
[2019-12-11T08:31:07.946+0000][1][safepoint    ] Total time for which application threads were stopped: 0.0001224 seconds, Stopping threads took: 0.0000307 seconds
[2019-12-11T08:31:08.947+0000][1][safepoint    ] Application time: 1.0013429 seconds
[2019-12-11T08:31:08.947+0000][1][safepoint    ] Entering safepoint region: Cleanup
[2019-12-11T08:31:08.947+0000][1][safepoint    ] Leaving safepoint region
[2019-12-11T08:31:08.947+0000][1][safepoint    ] Total time for which application threads were stopped: 0.0001002 seconds, Stopping threads took: 0.0000241 seconds
[2019-12-11T08:31:09.949+0000][1][safepoint    ] Application time: 1.0015552 seconds
[2019-12-11T08:31:09.949+0000][1][safepoint    ] Entering safepoint region: Cleanup
[2019-12-11T08:31:09.949+0000][1][safepoint    ] Leaving safepoint region
[2019-12-11T08:31:09.949+0000][1][safepoint    ] Total time for which application threads were stopped: 0.0001283 seconds, Stopping threads took: 0.0000403 seconds
[2019-12-11T08:31:10.790+0000][1][safepoint    ] Application time: 0.8414193 seconds
[2019-12-11T08:31:10.790+0000][1][safepoint    ] Entering safepoint region: RevokeBias
[2019-12-11T08:31:10.790+0000][1][safepoint    ] Leaving safepoint region
[2019-12-11T08:31:10.790+0000][1][safepoint    ] Total time for which application threads were stopped: 0.0001293 seconds, Stopping threads took: 0.0000214 seconds
[2019-12-11T08:31:10.898+0000][1][safepoint    ] Application time: 0.1071146 seconds
[2019-12-11T08:31:10.912+0000][1][safepoint    ] Entering safepoint region: RevokeBias
[2019-12-11T08:31:10.912+0000][1][safepoint    ] Leaving safepoint region
[2019-12-11T08:31:10.912+0000][1][safepoint    ] Total time for which application threads were stopped: 0.0144107 seconds, Stopping threads took: 0.0142849 seconds
[2019-12-11T08:31:10.914+0000][1][safepoint    ] Application time: 0.0023259 seconds
[2019-12-11T08:31:10.914+0000][1][safepoint    ] Entering safepoint region: RevokeBias
[2019-12-11T08:31:10.914+0000][1][safepoint    ] Leaving safepoint region
[2019-12-11T08:31:10.914+0000][1][safepoint    ] Total time for which application threads were stopped: 0.0001062 seconds, Stopping threads took: 0.0000197 seconds
[2019-12-11T08:31:11.000+0000][1][safepoint    ] Application time: 0.0852706 seconds
[2019-12-11T08:31:11.005+0000][1][safepoint    ] Entering safepoint region: RevokeBias
[2019-12-11T08:31:11.005+0000][1][safepoint    ] Leaving safepoint region
[2019-12-11T08:31:11.005+0000][1][safepoint    ] Total time for which application threads were stopped: 0.0052814 seconds, Stopping threads took: 0.0051482 seconds
[2019-12-11T08:31:11.007+0000][1][safepoint    ] Application time: 0.0024331 seconds
[2019-12-11T08:31:11.008+0000][1][safepoint    ] Entering safepoint region: RevokeBias
[2019-12-11T08:31:11.008+0000][1][safepoint    ] Leaving safepoint region
[2019-12-11T08:31:11.008+0000][1][safepoint    ] Total time for which application threads were stopped: 0.0001201 seconds, Stopping threads took: 0.0000185 seconds
[2019-12-11T08:31:11.054+0000][1][safepoint    ] Application time: 0.0460261 seconds
[2019-12-11T08:31:11.054+0000][1][safepoint    ] Entering safepoint region: RevokeBias
[2019-12-11T08:31:11.054+0000][1][safepoint    ] Leaving safepoint region
[2019-12-11T08:31:11.054+0000][1][safepoint    ] Total time for which application threads were stopped: 0.0002027 seconds, Stopping threads took: 0.0000894 seconds
[2019-12-11T08:31:11.055+0000][1][safepoint    ] Application time: 0.0012664 seconds
[2019-12-11T08:31:11.055+0000][1][safepoint    ] Entering safepoint region: RevokeBias
[2019-12-11T08:31:11.055+0000][1][safepoint    ] Leaving safepoint region
[2019-12-11T08:31:11.055+0000][1][safepoint    ] Total time for which application threads were stopped: 0.0001250 seconds, Stopping threads took: 0.0000208 seconds
[2019-12-11T08:31:11.062+0000][1][safepoint    ] Application time: 0.0064652 seconds
[2019-12-11T08:31:11.081+0000][1][safepoint    ] Entering safepoint region: RevokeBias
[2019-12-11T08:31:11.081+0000][1][safepoint    ] Leaving safepoint region
[2019-12-11T08:31:11.081+0000][1][safepoint    ] Total time for which application threads were stopped: 0.0191115 seconds, Stopping threads took: 0.0189848 seconds
[2019-12-11T08:31:11.083+0000][1][safepoint    ] Application time: 0.0023615 seconds
[2019-12-11T08:31:11.083+0000][1][safepoint    ] Entering safepoint region: RevokeBias
[2019-12-11T08:31:11.083+0000][1][safepoint    ] Leaving safepoint region
[2019-12-11T08:31:11.083+0000][1][safepoint    ] Total time for which application threads were stopped: 0.0001238 seconds, Stopping threads took: 0.0000224 seconds
[2019-12-11T08:31:11.084+0000][1][safepoint    ] Application time: 0.0006810 seconds
[2019-12-11T08:31:11.084+0000][1][safepoint    ] Entering safepoint region: Deoptimize
[2019-12-11T08:31:11.085+0000][1][safepoint    ] Leaving safepoint region
[2019-12-11T08:31:11.085+0000][1][safepoint    ] Total time for which application threads were stopped: 0.0009938 seconds, Stopping threads took: 0.0000154 seconds
[2019-12-11T08:31:11.210+0000][1][safepoint    ] Application time: 0.1249377 seconds
[2019-12-11T08:31:11.225+0000][1][safepoint    ] Entering safepoint region: RevokeBias
[2019-12-11T08:31:11.225+0000][1][safepoint    ] Leaving safepoint region
[2019-12-11T08:31:11.225+0000][1][safepoint    ] Total time for which application threads were stopped: 0.0147114 seconds, Stopping threads took: 0.0145769 seconds
[2019-12-11T08:31:11.234+0000][1][safepoint    ] Application time: 0.0088707 seconds
[2019-12-11T08:31:11.234+0000][1][safepoint    ] Entering safepoint region: RevokeBias
[2019-12-11T08:31:11.234+0000][1][safepoint    ] Leaving safepoint region
[2019-12-11T08:31:11.234+0000][1][safepoint    ] Total time for which application threads were stopped: 0.0001300 seconds, Stopping threads took: 0.0000229 seconds
[2019-12-11T08:31:11.239+0000][1][safepoint    ] Application time: 0.0049417 seconds
[2019-12-11T08:31:11.259+0000][1][safepoint    ] Entering safepoint region: RevokeBias
[2019-12-11T08:31:11.259+0000][1][safepoint    ] Leaving safepoint region
[2019-12-11T08:31:11.259+0000][1][safepoint    ] Total time for which application threads were stopped: 0.0205467 seconds, Stopping threads took: 0.0204021 seconds
[2019-12-11T08:31:11.299+0000][1][safepoint    ] Application time: 0.0394494 seconds
[2019-12-11T08:31:11.319+0000][1][safepoint    ] Entering safepoint region: RevokeBias
[2019-12-11T08:31:11.319+0000][1][safepoint    ] Leaving safepoint region
[2019-12-11T08:31:11.319+0000][1][safepoint    ] Total time for which application threads were stopped: 0.0201431 seconds, Stopping threads took: 0.0199784 seconds
[2019-12-11T08:31:11.492+0000][1][safepoint    ] Application time: 0.1727415 seconds
[2019-12-11T08:31:11.492+0000][1][safepoint    ] Entering safepoint region: GenCollectForAllocation
[2019-12-11T08:31:11.492+0000][1][gc,start     ] GC(25) Pause Young (Allocation Failure)
[2019-12-11T08:31:11.492+0000][1][gc,task      ] GC(25) Using 2 workers of 2 for evacuation
[2019-12-11T08:31:11.549+0000][1][gc,age       ] GC(25) Desired survivor size 4456448 bytes, new threshold 1 (max threshold 6)
[2019-12-11T08:31:11.549+0000][1][gc,age       ] GC(25) Age table with threshold 1 (max threshold 6)
[2019-12-11T08:31:11.549+0000][1][gc,age       ] GC(25) - age   1:    4754360 bytes,    4754360 total
[2019-12-11T08:31:11.549+0000][1][gc,age       ] GC(25) - age   2:    2016472 bytes,    6770832 total
[2019-12-11T08:31:11.549+0000][1][gc,heap      ] GC(25) ParNew: 78629K->8704K(78656K)
[2019-12-11T08:31:11.549+0000][1][gc,heap      ] GC(25) CMS: 64092K->67683K(174784K)
[2019-12-11T08:31:11.549+0000][1][gc,metaspace ] GC(25) Metaspace: 74880K->74880K(1118208K)
[2019-12-11T08:31:11.549+0000][1][gc           ] GC(25) Pause Young (Allocation Failure) 139M->74M(247M) 57.256ms
[2019-12-11T08:31:11.549+0000][1][gc,cpu       ] GC(25) User=0.05s Sys=0.00s Real=0.06s
[2019-12-11T08:31:11.549+0000][1][safepoint    ] Leaving safepoint region
[2019-12-11T08:31:11.549+0000][1][safepoint    ] Total time for which application threads were stopped: 0.0575794 seconds, Stopping threads took: 0.0001198 seconds
[2019-12-11T08:31:11.603+0000][1][safepoint    ] Application time: 0.0536164 seconds
[2019-12-11T08:31:11.603+0000][1][safepoint    ] Entering safepoint region: RevokeBias
[2019-12-11T08:31:11.603+0000][1][safepoint    ] Leaving safepoint region
[2019-12-11T08:31:11.603+0000][1][safepoint    ] Total time for which application threads were stopped: 0.0003602 seconds, Stopping threads took: 0.0002353 seconds
[2019-12-11T08:31:11.630+0000][1][safepoint    ] Application time: 0.0269558 seconds
[2019-12-11T08:31:11.631+0000][1][safepoint    ] Entering safepoint region: RevokeBias
[2019-12-11T08:31:11.631+0000][1][safepoint    ] Leaving safepoint region
[2019-12-11T08:31:11.631+0000][1][safepoint    ] Total time for which application threads were stopped: 0.0002379 seconds, Stopping threads took: 0.0000670 seconds
[2019-12-11T08:31:11.633+0000][1][safepoint    ] Application time: 0.0024804 seconds
[2019-12-11T08:31:11.633+0000][1][safepoint    ] Entering safepoint region: RevokeBias
[2019-12-11T08:31:11.633+0000][1][safepoint    ] Leaving safepoint region
[2019-12-11T08:31:11.633+0000][1][safepoint    ] Total time for which application threads were stopped: 0.0001181 seconds, Stopping threads took: 0.0000182 seconds
[2019-12-11T08:31:11.635+0000][1][safepoint    ] Application time: 0.0017083 seconds
[2019-12-11T08:31:11.635+0000][1][safepoint    ] Entering safepoint region: RevokeBias
[2019-12-11T08:31:11.635+0000][1][safepoint    ] Leaving safepoint region
[2019-12-11T08:31:11.635+0000][1][safepoint    ] Total time for which application threads were stopped: 0.0001196 seconds, Stopping threads took: 0.0000171 seconds
[2019-12-11T08:31:11.658+0000][1][safepoint    ] Application time: 0.0231362 seconds
[2019-12-11T08:31:11.678+0000][1][safepoint    ] Entering safepoint region: RevokeBias
[2019-12-11T08:31:11.678+0000][1][safepoint    ] Leaving safepoint region
[2019-12-11T08:31:11.678+0000][1][safepoint    ] Total time for which application threads were stopped: 0.0196248 seconds, Stopping threads took: 0.0194662 seconds
[2019-12-11T08:31:11.682+0000][1][safepoint    ] Application time: 0.0042300 seconds
[2019-12-11T08:31:11.682+0000][1][safepoint    ] Entering safepoint region: RevokeBias
[2019-12-11T08:31:11.682+0000][1][safepoint    ] Leaving safepoint region
[2019-12-11T08:31:11.682+0000][1][safepoint    ] Total time for which application threads were stopped: 0.0001806 seconds, Stopping threads took: 0.0000478 seconds
[2019-12-11T08:31:11.709+0000][1][safepoint    ] Application time: 0.0267383 seconds
[2019-12-11T08:31:11.722+0000][1][safepoint    ] Entering safepoint region: RevokeBias
[2019-12-11T08:31:11.722+0000][1][safepoint    ] Leaving safepoint region
[2019-12-11T08:31:11.722+0000][1][safepoint    ] Total time for which application threads were stopped: 0.0127423 seconds, Stopping threads took: 0.0126008 seconds
[2019-12-11T08:31:11.736+0000][1][safepoint    ] Application time: 0.0144065 seconds
[2019-12-11T08:31:11.736+0000][1][safepoint    ] Entering safepoint region: RevokeBias
[2019-12-11T08:31:11.737+0000][1][safepoint    ] Leaving safepoint region
[2019-12-11T08:31:11.737+0000][1][safepoint    ] Total time for which application threads were stopped: 0.0001669 seconds, Stopping threads took: 0.0000565 seconds
[2019-12-11T08:31:11.786+0000][1][safepoint    ] Application time: 0.0490973 seconds
[2019-12-11T08:31:11.786+0000][1][safepoint    ] Entering safepoint region: RevokeBias
[2019-12-11T08:31:11.786+0000][1][safepoint    ] Leaving safepoint region
[2019-12-11T08:31:11.786+0000][1][safepoint    ] Total time for which application threads were stopped: 0.0001681 seconds, Stopping threads took: 0.0000540 seconds
[2019-12-11T08:31:11.857+0000][1][safepoint    ] Application time: 0.0709644 seconds
[2019-12-11T08:31:11.869+0000][1][safepoint    ] Entering safepoint region: RevokeBias
[2019-12-11T08:31:11.869+0000][1][safepoint    ] Leaving safepoint region
[2019-12-11T08:31:11.869+0000][1][safepoint    ] Total time for which application threads were stopped: 0.0119822 seconds, Stopping threads took: 0.0118469 seconds
[2019-12-11T08:31:11.926+0000][1][safepoint    ] Application time: 0.0570011 seconds
[2019-12-11T08:31:11.926+0000][1][safepoint    ] Entering safepoint region: RevokeBias
[2019-12-11T08:31:11.926+0000][1][safepoint    ] Leaving safepoint region
[2019-12-11T08:31:11.926+0000][1][safepoint    ] Total time for which application threads were stopped: 0.0001265 seconds, Stopping threads took: 0.0000219 seconds
[2019-12-11T08:31:11.929+0000][1][safepoint    ] Application time: 0.0025830 seconds
[2019-12-11T08:31:11.929+0000][1][safepoint    ] Entering safepoint region: RevokeBias
[2019-12-11T08:31:11.929+0000][1][safepoint    ] Leaving safepoint region
[2019-12-11T08:31:11.929+0000][1][safepoint    ] Total time for which application threads were stopped: 0.0001143 seconds, Stopping threads took: 0.0000205 seconds
[2019-12-11T08:31:11.957+0000][1][safepoint    ] Application time: 0.0283938 seconds
[2019-12-11T08:31:11.957+0000][1][safepoint    ] Entering safepoint region: RevokeBias
[2019-12-11T08:31:11.957+0000][1][safepoint    ] Leaving safepoint region
[2019-12-11T08:31:11.957+0000][1][safepoint    ] Total time for which application threads were stopped: 0.0001372 seconds, Stopping threads took: 0.0000242 seconds
[2019-12-11T08:31:11.958+0000][1][safepoint    ] Application time: 0.0001940 seconds
[2019-12-11T08:31:11.958+0000][1][safepoint    ] Entering safepoint region: RevokeBias
[2019-12-11T08:31:11.958+0000][1][safepoint    ] Leaving safepoint region
[2019-12-11T08:31:11.958+0000][1][safepoint    ] Total time for which application threads were stopped: 0.0001189 seconds, Stopping threads took: 0.0000170 seconds
[2019-12-11T08:31:11.958+0000][1][safepoint    ] Application time: 0.0005172 seconds
[2019-12-11T08:31:11.958+0000][1][safepoint    ] Entering safepoint region: RevokeBias
[2019-12-11T08:31:11.958+0000][1][safepoint    ] Leaving safepoint region
[2019-12-11T08:31:11.958+0000][1][safepoint    ] Total time for which application threads were stopped: 0.0000833 seconds, Stopping threads took: 0.0000153 seconds
[2019-12-11T08:31:11.983+0000][1][safepoint    ] Application time: 0.0243482 seconds
[2019-12-11T08:31:11.983+0000][1][safepoint    ] Entering safepoint region: RevokeBias
[2019-12-11T08:31:11.983+0000][1][safepoint    ] Leaving safepoint region
[2019-12-11T08:31:11.983+0000][1][safepoint    ] Total time for which application threads were stopped: 0.0001734 seconds, Stopping threads took: 0.0000661 seconds
[2019-12-11T08:31:11.994+0000][1][safepoint    ] Application time: 0.0107695 seconds
[2019-12-11T08:31:11.994+0000][1][safepoint    ] Entering safepoint region: RevokeBias
[2019-12-11T08:31:11.994+0000][1][safepoint    ] Leaving safepoint region
[2019-12-11T08:31:11.994+0000][1][safepoint    ] Total time for which application threads were stopped: 0.0001261 seconds, Stopping threads took: 0.0000228 seconds
[2019-12-11T08:31:12.585+0000][1][safepoint    ] Application time: 0.5908857 seconds
[2019-12-11T08:31:12.585+0000][1][safepoint    ] Entering safepoint region: RevokeBias
[2019-12-11T08:31:12.585+0000][1][safepoint    ] Leaving safepoint region
[2019-12-11T08:31:12.585+0000][1][safepoint    ] Total time for which application threads were stopped: 0.0001550 seconds, Stopping threads took: 0.0000230 seconds
[2019-12-11T08:31:12.585+0000][1][safepoint    ] Application time: 0.0002107 seconds
[2019-12-11T08:31:12.585+0000][1][safepoint    ] Entering safepoint region: RevokeBias
[2019-12-11T08:31:12.585+0000][1][safepoint    ] Leaving safepoint region
[2019-12-11T08:31:12.585+0000][1][safepoint    ] Total time for which application threads were stopped: 0.0000936 seconds, Stopping threads took: 0.0000145 seconds
[2019-12-11T08:31:12.591+0000][1][safepoint    ] Application time: 0.0061585 seconds
[2019-12-11T08:31:12.591+0000][1][safepoint    ] Entering safepoint region: RevokeBias
[2019-12-11T08:31:12.592+0000][1][safepoint    ] Leaving safepoint region
[2019-12-11T08:31:12.592+0000][1][safepoint    ] Total time for which application threads were stopped: 0.0000992 seconds, Stopping threads took: 0.0000176 seconds
[2019-12-11T08:31:12.636+0000][1][safepoint    ] Application time: 0.0441447 seconds
[2019-12-11T08:31:12.639+0000][1][safepoint    ] Entering safepoint region: RevokeBias
[2019-12-11T08:31:12.639+0000][1][safepoint    ] Leaving safepoint region
[2019-12-11T08:31:12.640+0000][1][safepoint    ] Total time for which application threads were stopped: 0.0037285 seconds, Stopping threads took: 0.0036065 seconds
[2019-12-11T08:31:12.642+0000][1][safepoint    ] Application time: 0.0023236 seconds
[2019-12-11T08:31:12.644+0000][1][safepoint    ] Entering safepoint region: RevokeBias
[2019-12-11T08:31:12.644+0000][1][safepoint    ] Leaving safepoint region
[2019-12-11T08:31:12.644+0000][1][safepoint    ] Total time for which application threads were stopped: 0.0019755 seconds, Stopping threads took: 0.0018674 seconds
[2019-12-11T08:31:12.644+0000][1][safepoint    ] Application time: 0.0001996 seconds
[2019-12-11T08:31:12.644+0000][1][safepoint    ] Entering safepoint region: RevokeBias
[2019-12-11T08:31:12.644+0000][1][safepoint    ] Leaving safepoint region
[2019-12-11T08:31:12.644+0000][1][safepoint    ] Total time for which application threads were stopped: 0.0000917 seconds, Stopping threads took: 0.0000144 seconds
[2019-12-11T08:31:12.644+0000][1][safepoint    ] Application time: 0.0000616 seconds
[2019-12-11T08:31:12.644+0000][1][safepoint    ] Entering safepoint region: RevokeBias
[2019-12-11T08:31:12.644+0000][1][safepoint    ] Leaving safepoint region
[2019-12-11T08:31:12.644+0000][1][safepoint    ] Total time for which application threads were stopped: 0.0000619 seconds, Stopping threads took: 0.0000096 seconds
[2019-12-11T08:31:12.647+0000][1][safepoint    ] Application time: 0.0031473 seconds
[2019-12-11T08:31:12.647+0000][1][safepoint    ] Entering safepoint region: RevokeBias
[2019-12-11T08:31:12.648+0000][1][safepoint    ] Leaving safepoint region
[2019-12-11T08:31:12.648+0000][1][safepoint    ] Total time for which application threads were stopped: 0.0001003 seconds, Stopping threads took: 0.0000155 seconds
[2019-12-11T08:31:12.650+0000][1][safepoint    ] Application time: 0.0028424 seconds
[2019-12-11T08:31:12.663+0000][1][safepoint    ] Entering safepoint region: RevokeBias
[2019-12-11T08:31:12.663+0000][1][safepoint    ] Leaving safepoint region
[2019-12-11T08:31:12.663+0000][1][safepoint    ] Total time for which application threads were stopped: 0.0127742 seconds, Stopping threads took: 0.0126607 seconds
[2019-12-11T08:31:12.665+0000][1][safepoint    ] Application time: 0.0013078 seconds
[2019-12-11T08:31:12.665+0000][1][safepoint    ] Entering safepoint region: RevokeBias
[2019-12-11T08:31:12.665+0000][1][safepoint    ] Leaving safepoint region
[2019-12-11T08:31:12.665+0000][1][safepoint    ] Total time for which application threads were stopped: 0.0001026 seconds, Stopping threads took: 0.0000168 seconds
[2019-12-11T08:31:12.668+0000][1][safepoint    ] Application time: 0.0034165 seconds
[2019-12-11T08:31:12.668+0000][1][safepoint    ] Entering safepoint region: RevokeBias
[2019-12-11T08:31:12.668+0000][1][safepoint    ] Leaving safepoint region
[2019-12-11T08:31:12.668+0000][1][safepoint    ] Total time for which application threads were stopped: 0.0001718 seconds, Stopping threads took: 0.0000843 seconds
[2019-12-11T08:31:12.685+0000][1][safepoint    ] Application time: 0.0168516 seconds
[2019-12-11T08:31:12.685+0000][1][safepoint    ] Entering safepoint region: RevokeBias
[2019-12-11T08:31:12.685+0000][1][safepoint    ] Leaving safepoint region
[2019-12-11T08:31:12.685+0000][1][safepoint    ] Total time for which application threads were stopped: 0.0001268 seconds, Stopping threads took: 0.0000223 seconds
[2019-12-11T08:31:12.734+0000][1][safepoint    ] Application time: 0.0483221 seconds
[2019-12-11T08:31:12.742+0000][1][safepoint    ] Entering safepoint region: RevokeBias
[2019-12-11T08:31:12.742+0000][1][safepoint    ] Leaving safepoint region
[2019-12-11T08:31:12.742+0000][1][safepoint    ] Total time for which application threads were stopped: 0.0082083 seconds, Stopping threads took: 0.0080403 seconds
[2019-12-11T08:31:12.758+0000][1][safepoint    ] Application time: 0.0163660 seconds
[2019-12-11T08:31:12.758+0000][1][safepoint    ] Entering safepoint region: RevokeBias
[2019-12-11T08:31:12.758+0000][1][safepoint    ] Leaving safepoint region
[2019-12-11T08:31:12.758+0000][1][safepoint    ] Total time for which application threads were stopped: 0.0001322 seconds, Stopping threads took: 0.0000252 seconds
[2019-12-11T08:31:12.839+0000][1][safepoint    ] Application time: 0.0802368 seconds
[2019-12-11T08:31:12.844+0000][1][safepoint    ] Entering safepoint region: RevokeBias
[2019-12-11T08:31:12.844+0000][1][safepoint    ] Leaving safepoint region
[2019-12-11T08:31:12.844+0000][1][safepoint    ] Total time for which application threads were stopped: 0.0052058 seconds, Stopping threads took: 0.0050502 seconds
[2019-12-11T08:31:12.878+0000][1][safepoint    ] Application time: 0.0337832 seconds
[2019-12-11T08:31:12.878+0000][1][safepoint    ] Entering safepoint region: RevokeBias
[2019-12-11T08:31:12.878+0000][1][safepoint    ] Leaving safepoint region
[2019-12-11T08:31:12.878+0000][1][safepoint    ] Total time for which application threads were stopped: 0.0001430 seconds, Stopping threads took: 0.0000245 seconds
[2019-12-11T08:31:12.911+0000][1][safepoint    ] Application time: 0.0332747 seconds
[2019-12-11T08:31:12.911+0000][1][safepoint    ] Entering safepoint region: RevokeBias
[2019-12-11T08:31:12.911+0000][1][safepoint    ] Leaving safepoint region
[2019-12-11T08:31:12.911+0000][1][safepoint    ] Total time for which application threads were stopped: 0.0001283 seconds, Stopping threads took: 0.0000224 seconds
[2019-12-11T08:31:12.914+0000][1][safepoint    ] Application time: 0.0029892 seconds
[2019-12-11T08:31:12.914+0000][1][safepoint    ] Entering safepoint region: RevokeBias
[2019-12-11T08:31:12.914+0000][1][safepoint    ] Leaving safepoint region
[2019-12-11T08:31:12.914+0000][1][safepoint    ] Total time for which application threads were stopped: 0.0001235 seconds, Stopping threads took: 0.0000225 seconds
[2019-12-11T08:31:12.915+0000][1][safepoint    ] Application time: 0.0002460 seconds
[2019-12-11T08:31:12.915+0000][1][safepoint    ] Entering safepoint region: RevokeBias
[2019-12-11T08:31:12.915+0000][1][safepoint    ] Leaving safepoint region
[2019-12-11T08:31:12.915+0000][1][safepoint    ] Total time for which application threads were stopped: 0.0000878 seconds, Stopping threads took: 0.0000138 seconds
[2019-12-11T08:31:12.949+0000][1][safepoint    ] Application time: 0.0339766 seconds
[2019-12-11T08:31:12.954+0000][1][safepoint    ] Entering safepoint region: RevokeBias
[2019-12-11T08:31:12.954+0000][1][safepoint    ] Leaving safepoint region
[2019-12-11T08:31:12.954+0000][1][safepoint    ] Total time for which application threads were stopped: 0.0052342 seconds, Stopping threads took: 0.0051069 seconds
[2019-12-11T08:31:12.954+0000][1][safepoint    ] Application time: 0.0001129 seconds
[2019-12-11T08:31:12.954+0000][1][safepoint    ] Entering safepoint region: RevokeBias
[2019-12-11T08:31:12.954+0000][1][safepoint    ] Leaving safepoint region
[2019-12-11T08:31:12.954+0000][1][safepoint    ] Total time for which application threads were stopped: 0.0000900 seconds, Stopping threads took: 0.0000141 seconds
[2019-12-11T08:31:12.958+0000][1][safepoint    ] Application time: 0.0035599 seconds
[2019-12-11T08:31:12.958+0000][1][safepoint    ] Entering safepoint region: RevokeBias
[2019-12-11T08:31:12.958+0000][1][safepoint    ] Leaving safepoint region
[2019-12-11T08:31:12.958+0000][1][safepoint    ] Total time for which application threads were stopped: 0.0002498 seconds, Stopping threads took: 0.0000855 seconds
[2019-12-11T08:31:13.044+0000][1][safepoint    ] Application time: 0.0855544 seconds
[2019-12-11T08:31:13.044+0000][1][safepoint    ] Entering safepoint region: RevokeBias
[2019-12-11T08:31:13.044+0000][1][safepoint    ] Leaving safepoint region
[2019-12-11T08:31:13.044+0000][1][safepoint    ] Total time for which application threads were stopped: 0.0001425 seconds, Stopping threads took: 0.0000231 seconds
[2019-12-11T08:31:13.066+0000][1][safepoint    ] Application time: 0.0217779 seconds
[2019-12-11T08:31:13.066+0000][1][safepoint    ] Entering safepoint region: RevokeBias
[2019-12-11T08:31:13.066+0000][1][safepoint    ] Leaving safepoint region
[2019-12-11T08:31:13.066+0000][1][safepoint    ] Total time for which application threads were stopped: 0.0001333 seconds, Stopping threads took: 0.0000237 seconds
[2019-12-11T08:31:13.090+0000][1][safepoint    ] Application time: 0.0244933 seconds
[2019-12-11T08:31:13.090+0000][1][safepoint    ] Entering safepoint region: RevokeBias
[2019-12-11T08:31:13.091+0000][1][safepoint    ] Leaving safepoint region
[2019-12-11T08:31:13.091+0000][1][safepoint    ] Total time for which application threads were stopped: 0.0001392 seconds, Stopping threads took: 0.0000245 seconds
[2019-12-11T08:31:13.101+0000][1][safepoint    ] Application time: 0.0108010 seconds
[2019-12-11T08:31:13.101+0000][1][safepoint    ] Entering safepoint region: RevokeBias
[2019-12-11T08:31:13.101+0000][1][safepoint    ] Leaving safepoint region
[2019-12-11T08:31:13.102+0000][1][safepoint    ] Total time for which application threads were stopped: 0.0001354 seconds, Stopping threads took: 0.0000222 seconds
[2019-12-11T08:31:13.105+0000][1][safepoint    ] Application time: 0.0032309 seconds
[2019-12-11T08:31:13.105+0000][1][safepoint    ] Entering safepoint region: RevokeBias
[2019-12-11T08:31:13.105+0000][1][safepoint    ] Leaving safepoint region
[2019-12-11T08:31:13.105+0000][1][safepoint    ] Total time for which application threads were stopped: 0.0001559 seconds, Stopping threads took: 0.0000213 seconds
[2019-12-11T08:31:13.105+0000][1][safepoint    ] Application time: 0.0000582 seconds
[2019-12-11T08:31:13.105+0000][1][safepoint    ] Entering safepoint region: RevokeBias
[2019-12-11T08:31:13.105+0000][1][safepoint    ] Leaving safepoint region
[2019-12-11T08:31:13.105+0000][1][safepoint    ] Total time for which application threads were stopped: 0.0000555 seconds, Stopping threads took: 0.0000085 seconds
[2019-12-11T08:31:13.105+0000][1][safepoint    ] Application time: 0.0000481 seconds
[2019-12-11T08:31:13.105+0000][1][safepoint    ] Entering safepoint region: BulkRevokeBias
[2019-12-11T08:31:13.106+0000][1][safepoint    ] Leaving safepoint region
[2019-12-11T08:31:13.106+0000][1][safepoint    ] Total time for which application threads were stopped: 0.0004803 seconds, Stopping threads took: 0.0000083 seconds
[2019-12-11T08:31:13.127+0000][1][safepoint    ] Application time: 0.0210035 seconds
[2019-12-11T08:31:13.127+0000][1][safepoint    ] Entering safepoint region: RevokeBias
[2019-12-11T08:31:13.127+0000][1][safepoint    ] Leaving safepoint region
[2019-12-11T08:31:13.127+0000][1][safepoint    ] Total time for which application threads were stopped: 0.0001593 seconds, Stopping threads took: 0.0000252 seconds
[2019-12-11T08:31:13.400+0000][1][safepoint    ] Application time: 0.2730206 seconds
[2019-12-11T08:31:13.400+0000][1][safepoint    ] Entering safepoint region: RevokeBias
[2019-12-11T08:31:13.400+0000][1][safepoint    ] Leaving safepoint region
[2019-12-11T08:31:13.400+0000][1][safepoint    ] Total time for which application threads were stopped: 0.0001542 seconds, Stopping threads took: 0.0000263 seconds
[2019-12-11T08:31:13.426+0000][1][safepoint    ] Application time: 0.0261740 seconds
[2019-12-11T08:31:13.426+0000][1][safepoint    ] Entering safepoint region: RevokeBias
[2019-12-11T08:31:13.426+0000][1][safepoint    ] Leaving safepoint region
[2019-12-11T08:31:13.426+0000][1][safepoint    ] Total time for which application threads were stopped: 0.0001308 seconds, Stopping threads took: 0.0000204 seconds
[2019-12-11T08:31:13.433+0000][1][safepoint    ] Application time: 0.0061905 seconds
[2019-12-11T08:31:13.433+0000][1][safepoint    ] Entering safepoint region: RevokeBias
[2019-12-11T08:31:13.433+0000][1][safepoint    ] Leaving safepoint region
[2019-12-11T08:31:13.433+0000][1][safepoint    ] Total time for which application threads were stopped: 0.0001606 seconds, Stopping threads took: 0.0000214 seconds
[2019-12-11T08:31:13.963+0000][1][safepoint    ] Application time: 0.5304943 seconds
[2019-12-11T08:31:13.963+0000][1][safepoint    ] Entering safepoint region: RevokeBias
[2019-12-11T08:31:13.963+0000][1][safepoint    ] Leaving safepoint region
[2019-12-11T08:31:13.963+0000][1][safepoint    ] Total time for which application threads were stopped: 0.0001450 seconds, Stopping threads took: 0.0000251 seconds
[2019-12-11T08:31:14.289+0000][1][safepoint    ] Application time: 0.3255420 seconds
[2019-12-11T08:31:14.289+0000][1][safepoint    ] Entering safepoint region: RevokeBias
[2019-12-11T08:31:14.289+0000][1][safepoint    ] Leaving safepoint region
[2019-12-11T08:31:14.289+0000][1][safepoint    ] Total time for which application threads were stopped: 0.0001502 seconds, Stopping threads took: 0.0000247 seconds
[2019-12-11T08:31:14.289+0000][1][safepoint    ] Application time: 0.0002127 seconds
[2019-12-11T08:31:14.289+0000][1][safepoint    ] Entering safepoint region: RevokeBias
[2019-12-11T08:31:14.289+0000][1][safepoint    ] Leaving safepoint region
[2019-12-11T08:31:14.289+0000][1][safepoint    ] Total time for which application threads were stopped: 0.0000924 seconds, Stopping threads took: 0.0000120 seconds
[2019-12-11T08:31:14.290+0000][1][safepoint    ] Application time: 0.0005853 seconds
[2019-12-11T08:31:14.290+0000][1][safepoint    ] Entering safepoint region: RevokeBias
[2019-12-11T08:31:14.290+0000][1][safepoint    ] Leaving safepoint region
[2019-12-11T08:31:14.290+0000][1][safepoint    ] Total time for which application threads were stopped: 0.0000980 seconds, Stopping threads took: 0.0000178 seconds
[2019-12-11T08:31:14.290+0000][1][safepoint    ] Application time: 0.0000537 seconds
[2019-12-11T08:31:14.290+0000][1][safepoint    ] Entering safepoint region: RevokeBias
[2019-12-11T08:31:14.290+0000][1][safepoint    ] Leaving safepoint region
[2019-12-11T08:31:14.290+0000][1][safepoint    ] Total time for which application threads were stopped: 0.0000578 seconds, Stopping threads took: 0.0000085 seconds
[2019-12-11T08:31:15.016+0000][1][safepoint    ] Application time: 0.7251645 seconds
[2019-12-11T08:31:15.016+0000][1][safepoint    ] Entering safepoint region: RevokeBias
[2019-12-11T08:31:15.016+0000][1][safepoint    ] Leaving safepoint region
[2019-12-11T08:31:15.016+0000][1][safepoint    ] Total time for which application threads were stopped: 0.0001728 seconds, Stopping threads took: 0.0000237 seconds
[2019-12-11T08:31:15.018+0000][1][safepoint    ] Application time: 0.0027375 seconds
[2019-12-11T08:31:15.019+0000][1][safepoint    ] Entering safepoint region: RevokeBias
[2019-12-11T08:31:15.019+0000][1][safepoint    ] Leaving safepoint region
[2019-12-11T08:31:15.019+0000][1][safepoint    ] Total time for which application threads were stopped: 0.0002025 seconds, Stopping threads took: 0.0000730 seconds
[2019-12-11T08:31:15.147+0000][1][safepoint    ] Application time: 0.1280291 seconds
[2019-12-11T08:31:15.147+0000][1][safepoint    ] Entering safepoint region: GenCollectForAllocation
[2019-12-11T08:31:15.147+0000][1][gc,start     ] GC(26) Pause Young (Allocation Failure)
[2019-12-11T08:31:15.147+0000][1][gc,task      ] GC(26) Using 2 workers of 2 for evacuation
[2019-12-11T08:31:15.199+0000][1][gc,age       ] GC(26) Desired survivor size 4456448 bytes, new threshold 6 (max threshold 6)
[2019-12-11T08:31:15.199+0000][1][gc,age       ] GC(26) Age table with threshold 6 (max threshold 6)
[2019-12-11T08:31:15.199+0000][1][gc,age       ] GC(26) - age   1:     467888 bytes,     467888 total
[2019-12-11T08:31:15.199+0000][1][gc,heap      ] GC(26) ParNew: 78656K->6432K(78656K)
[2019-12-11T08:31:15.199+0000][1][gc,heap      ] GC(26) CMS: 67683K->73266K(174784K)
[2019-12-11T08:31:15.199+0000][1][gc,metaspace ] GC(26) Metaspace: 76334K->76334K(1118208K)
[2019-12-11T08:31:15.199+0000][1][gc           ] GC(26) Pause Young (Allocation Failure) 142M->77M(247M) 52.013ms
[2019-12-11T08:31:15.199+0000][1][gc,cpu       ] GC(26) User=0.03s Sys=0.00s Real=0.05s
[2019-12-11T08:31:15.199+0000][1][safepoint    ] Leaving safepoint region
[2019-12-11T08:31:15.199+0000][1][safepoint    ] Total time for which application threads were stopped: 0.0522816 seconds, Stopping threads took: 0.0000232 seconds
[2019-12-11T08:31:15.313+0000][1][safepoint    ] Application time: 0.1136529 seconds
[2019-12-11T08:31:15.313+0000][1][safepoint    ] Entering safepoint region: RevokeBias
[2019-12-11T08:31:15.313+0000][1][safepoint    ] Leaving safepoint region
[2019-12-11T08:31:15.313+0000][1][safepoint    ] Total time for which application threads were stopped: 0.0002289 seconds, Stopping threads took: 0.0000260 seconds
[2019-12-11T08:31:15.967+0000][1][safepoint    ] Application time: 0.6541309 seconds
[2019-12-11T08:31:15.967+0000][1][safepoint    ] Entering safepoint region: RevokeBias
[2019-12-11T08:31:15.967+0000][1][safepoint    ] Leaving safepoint region
[2019-12-11T08:31:15.967+0000][1][safepoint    ] Total time for which application threads were stopped: 0.0001512 seconds, Stopping threads took: 0.0000246 seconds
[2019-12-11T08:31:16.501+0000][1][safepoint    ] Application time: 0.5334047 seconds
[2019-12-11T08:31:16.501+0000][1][safepoint    ] Entering safepoint region: RevokeBias
[2019-12-11T08:31:16.501+0000][1][safepoint    ] Leaving safepoint region
[2019-12-11T08:31:16.501+0000][1][safepoint    ] Total time for which application threads were stopped: 0.0001458 seconds, Stopping threads took: 0.0000221 seconds
[2019-12-11T08:31:16.501+0000][1][safepoint    ] Application time: 0.0000771 seconds
[2019-12-11T08:31:16.501+0000][1][safepoint    ] Entering safepoint region: RevokeBias
[2019-12-11T08:31:16.501+0000][1][safepoint    ] Leaving safepoint region
[2019-12-11T08:31:16.501+0000][1][safepoint    ] Total time for which application threads were stopped: 0.0000711 seconds, Stopping threads took: 0.0000103 seconds
[2019-12-11T08:31:16.501+0000][1][safepoint    ] Application time: 0.0000497 seconds
[2019-12-11T08:31:16.501+0000][1][safepoint    ] Entering safepoint region: RevokeBias
[2019-12-11T08:31:16.501+0000][1][safepoint    ] Leaving safepoint region
[2019-12-11T08:31:16.501+0000][1][safepoint    ] Total time for which application threads were stopped: 0.0000524 seconds, Stopping threads took: 0.0000082 seconds
[2019-12-11T08:31:16.501+0000][1][safepoint    ] Application time: 0.0000465 seconds
[2019-12-11T08:31:16.501+0000][1][safepoint    ] Entering safepoint region: RevokeBias
[2019-12-11T08:31:16.501+0000][1][safepoint    ] Leaving safepoint region
[2019-12-11T08:31:16.501+0000][1][safepoint    ] Total time for which application threads were stopped: 0.0000504 seconds, Stopping threads took: 0.0000080 seconds
[2019-12-11T08:31:16.505+0000][1][safepoint    ] Application time: 0.0036749 seconds
[2019-12-11T08:31:16.505+0000][1][safepoint    ] Entering safepoint region: RevokeBias
[2019-12-11T08:31:16.505+0000][1][safepoint    ] Leaving safepoint region
[2019-12-11T08:31:16.505+0000][1][safepoint    ] Total time for which application threads were stopped: 0.0001460 seconds, Stopping threads took: 0.0000515 seconds
[2019-12-11T08:31:16.506+0000][1][safepoint    ] Application time: 0.0007010 seconds
[2019-12-11T08:31:16.506+0000][1][safepoint    ] Entering safepoint region: RevokeBias
[2019-12-11T08:31:16.506+0000][1][safepoint    ] Leaving safepoint region
[2019-12-11T08:31:16.506+0000][1][safepoint    ] Total time for which application threads were stopped: 0.0001014 seconds, Stopping threads took: 0.0000186 seconds
[2019-12-11T08:31:16.507+0000][1][safepoint    ] Application time: 0.0006628 seconds
[2019-12-11T08:31:16.507+0000][1][safepoint    ] Entering safepoint region: RevokeBias
[2019-12-11T08:31:16.507+0000][1][safepoint    ] Leaving safepoint region
[2019-12-11T08:31:16.507+0000][1][safepoint    ] Total time for which application threads were stopped: 0.0001056 seconds, Stopping threads took: 0.0000198 seconds
[2019-12-11T08:31:16.508+0000][1][safepoint    ] Application time: 0.0007554 seconds
[2019-12-11T08:31:16.508+0000][1][safepoint    ] Entering safepoint region: RevokeBias
[2019-12-11T08:31:16.508+0000][1][safepoint    ] Leaving safepoint region
[2019-12-11T08:31:16.508+0000][1][safepoint    ] Total time for which application threads were stopped: 0.0000878 seconds, Stopping threads took: 0.0000145 seconds
[2019-12-11T08:31:17.352+0000][1][safepoint    ] Application time: 0.8443551 seconds
[2019-12-11T08:31:17.352+0000][1][safepoint    ] Entering safepoint region: RevokeBias
[2019-12-11T08:31:17.352+0000][1][safepoint    ] Leaving safepoint region
[2019-12-11T08:31:17.352+0000][1][safepoint    ] Total time for which application threads were stopped: 0.0002197 seconds, Stopping threads took: 0.0000720 seconds
[2019-12-11T08:31:17.405+0000][1][safepoint    ] Application time: 0.0524309 seconds
[2019-12-11T08:31:17.405+0000][1][safepoint    ] Entering safepoint region: RevokeBias
[2019-12-11T08:31:17.405+0000][1][safepoint    ] Leaving safepoint region
[2019-12-11T08:31:17.405+0000][1][safepoint    ] Total time for which application threads were stopped: 0.0001569 seconds, Stopping threads took: 0.0000345 seconds
[2019-12-11T08:31:17.590+0000][1][safepoint    ] Application time: 0.1846712 seconds
[2019-12-11T08:31:17.590+0000][1][safepoint    ] Entering safepoint region: RevokeBias
[2019-12-11T08:31:17.590+0000][1][safepoint    ] Leaving safepoint region
[2019-12-11T08:31:17.590+0000][1][safepoint    ] Total time for which application threads were stopped: 0.0001781 seconds, Stopping threads took: 0.0000426 seconds
[2019-12-11T08:31:17.605+0000][1][safepoint    ] Application time: 0.0151776 seconds
[2019-12-11T08:31:17.605+0000][1][safepoint    ] Entering safepoint region: RevokeBias
[2019-12-11T08:31:17.605+0000][1][safepoint    ] Leaving safepoint region
[2019-12-11T08:31:17.605+0000][1][safepoint    ] Total time for which application threads were stopped: 0.0001457 seconds, Stopping threads took: 0.0000239 seconds
[2019-12-11T08:31:17.605+0000][1][safepoint    ] Application time: 0.0000749 seconds
[2019-12-11T08:31:17.605+0000][1][safepoint    ] Entering safepoint region: RevokeBias
[2019-12-11T08:31:17.605+0000][1][safepoint    ] Leaving safepoint region
[2019-12-11T08:31:17.605+0000][1][safepoint    ] Total time for which application threads were stopped: 0.0000907 seconds, Stopping threads took: 0.0000123 seconds
[2019-12-11T08:31:17.605+0000][1][safepoint    ] Application time: 0.0000547 seconds
[2019-12-11T08:31:17.605+0000][1][safepoint    ] Entering safepoint region: RevokeBias
[2019-12-11T08:31:17.606+0000][1][safepoint    ] Leaving safepoint region
[2019-12-11T08:31:17.606+0000][1][safepoint    ] Total time for which application threads were stopped: 0.0000634 seconds, Stopping threads took: 0.0000096 seconds
[2019-12-11T08:31:17.606+0000][1][safepoint    ] Application time: 0.0000502 seconds
[2019-12-11T08:31:17.606+0000][1][safepoint    ] Entering safepoint region: RevokeBias
[2019-12-11T08:31:17.606+0000][1][safepoint    ] Leaving safepoint region
[2019-12-11T08:31:17.606+0000][1][safepoint    ] Total time for which application threads were stopped: 0.0000606 seconds, Stopping threads took: 0.0000088 seconds
[2019-12-11T08:31:17.606+0000][1][safepoint    ] Application time: 0.0000677 seconds
[2019-12-11T08:31:17.606+0000][1][safepoint    ] Entering safepoint region: RevokeBias
[2019-12-11T08:31:17.606+0000][1][safepoint    ] Leaving safepoint region
[2019-12-11T08:31:17.606+0000][1][safepoint    ] Total time for which application threads were stopped: 0.0000621 seconds, Stopping threads took: 0.0000101 seconds
[2019-12-11T08:31:17.615+0000][1][safepoint    ] Application time: 0.0088449 seconds
[2019-12-11T08:31:17.615+0000][1][safepoint    ] Entering safepoint region: RevokeBias
[2019-12-11T08:31:17.615+0000][1][safepoint    ] Leaving safepoint region
[2019-12-11T08:31:17.615+0000][1][safepoint    ] Total time for which application threads were stopped: 0.0001203 seconds, Stopping threads took: 0.0000235 seconds
[2019-12-11T08:31:17.623+0000][1][safepoint    ] Application time: 0.0080663 seconds
[2019-12-11T08:31:17.623+0000][1][safepoint    ] Entering safepoint region: RevokeBias
[2019-12-11T08:31:17.623+0000][1][safepoint    ] Leaving safepoint region
[2019-12-11T08:31:17.623+0000][1][safepoint    ] Total time for which application threads were stopped: 0.0001167 seconds, Stopping threads took: 0.0000206 seconds
[2019-12-11T08:31:17.641+0000][1][safepoint    ] Application time: 0.0180236 seconds
[2019-12-11T08:31:17.642+0000][1][safepoint    ] Entering safepoint region: RevokeBias
[2019-12-11T08:31:17.642+0000][1][safepoint    ] Leaving safepoint region
[2019-12-11T08:31:17.642+0000][1][safepoint    ] Total time for which application threads were stopped: 0.0006254 seconds, Stopping threads took: 0.0004865 seconds
[2019-12-11T08:31:17.949+0000][1][safepoint    ] Application time: 0.3068038 seconds
[2019-12-11T08:31:17.949+0000][1][safepoint    ] Entering safepoint region: RevokeBias
[2019-12-11T08:31:17.949+0000][1][safepoint    ] Leaving safepoint region
[2019-12-11T08:31:17.949+0000][1][safepoint    ] Total time for which application threads were stopped: 0.0001845 seconds, Stopping threads took: 0.0000251 seconds
[2019-12-11T08:31:17.971+0000][1][safepoint    ] Application time: 0.0223050 seconds
[2019-12-11T08:31:17.971+0000][1][safepoint    ] Entering safepoint region: RevokeBias
[2019-12-11T08:31:17.971+0000][1][safepoint    ] Leaving safepoint region
[2019-12-11T08:31:17.971+0000][1][safepoint    ] Total time for which application threads were stopped: 0.0001705 seconds, Stopping threads took: 0.0000541 seconds
[2019-12-11T08:31:18.977+0000][1][safepoint    ] Application time: 1.0055202 seconds
[2019-12-11T08:31:18.977+0000][1][safepoint    ] Entering safepoint region: Cleanup
[2019-12-11T08:31:18.977+0000][1][safepoint    ] Leaving safepoint region
[2019-12-11T08:31:18.977+0000][1][safepoint    ] Total time for which application threads were stopped: 0.0001431 seconds, Stopping threads took: 0.0000282 seconds
[2019-12-11T08:31:19.978+0000][1][safepoint    ] Application time: 1.0007147 seconds
[2019-12-11T08:31:19.982+0000][1][safepoint    ] Entering safepoint region: Cleanup
[2019-12-11T08:31:19.982+0000][1][safepoint    ] Leaving safepoint region
[2019-12-11T08:31:19.982+0000][1][safepoint    ] Total time for which application threads were stopped: 0.0040742 seconds, Stopping threads took: 0.0039537 seconds
[2019-12-11T08:31:20.628+0000][1][safepoint    ] Application time: 0.6462107 seconds
[2019-12-11T08:31:20.628+0000][1][safepoint    ] Entering safepoint region: RevokeBias
[2019-12-11T08:31:20.628+0000][1][safepoint    ] Leaving safepoint region
[2019-12-11T08:31:20.628+0000][1][safepoint    ] Total time for which application threads were stopped: 0.0001473 seconds, Stopping threads took: 0.0000230 seconds
[2019-12-11T08:31:20.628+0000][1][safepoint    ] Application time: 0.0000728 seconds
[2019-12-11T08:31:20.628+0000][1][safepoint    ] Entering safepoint region: RevokeBias
[2019-12-11T08:31:20.628+0000][1][safepoint    ] Leaving safepoint region
[2019-12-11T08:31:20.628+0000][1][safepoint    ] Total time for which application threads were stopped: 0.0000656 seconds, Stopping threads took: 0.0000087 seconds
[2019-12-11T08:31:20.628+0000][1][safepoint    ] Application time: 0.0000466 seconds
[2019-12-11T08:31:20.628+0000][1][safepoint    ] Entering safepoint region: RevokeBias
[2019-12-11T08:31:20.629+0000][1][safepoint    ] Leaving safepoint region
[2019-12-11T08:31:20.629+0000][1][safepoint    ] Total time for which application threads were stopped: 0.0000534 seconds, Stopping threads took: 0.0000084 seconds
[2019-12-11T08:31:20.629+0000][1][safepoint    ] Application time: 0.0000459 seconds
[2019-12-11T08:31:20.629+0000][1][safepoint    ] Entering safepoint region: BulkRevokeBias
[2019-12-11T08:31:20.629+0000][1][safepoint    ] Leaving safepoint region
[2019-12-11T08:31:20.629+0000][1][safepoint    ] Total time for which application threads were stopped: 0.0004799 seconds, Stopping threads took: 0.0000084 seconds
[2019-12-11T08:31:21.630+0000][1][safepoint    ] Application time: 1.0006452 seconds
[2019-12-11T08:31:21.630+0000][1][safepoint    ] Entering safepoint region: Cleanup
[2019-12-11T08:31:21.630+0000][1][safepoint    ] Leaving safepoint region
[2019-12-11T08:31:21.630+0000][1][safepoint    ] Total time for which application threads were stopped: 0.0001550 seconds, Stopping threads took: 0.0000391 seconds
[2019-12-11T08:31:22.631+0000][1][safepoint    ] Application time: 1.0007820 seconds
[2019-12-11T08:31:22.631+0000][1][safepoint    ] Entering safepoint region: Cleanup
[2019-12-11T08:31:22.631+0000][1][safepoint    ] Leaving safepoint region
[2019-12-11T08:31:22.631+0000][1][safepoint    ] Total time for which application threads were stopped: 0.0001605 seconds, Stopping threads took: 0.0000285 seconds
[2019-12-11T08:31:23.092+0000][1][safepoint    ] Application time: 0.4609308 seconds
[2019-12-11T08:31:23.092+0000][1][safepoint    ] Entering safepoint region: RevokeBias
[2019-12-11T08:31:23.092+0000][1][safepoint    ] Leaving safepoint region
[2019-12-11T08:31:23.092+0000][1][safepoint    ] Total time for which application threads were stopped: 0.0001546 seconds, Stopping threads took: 0.0000261 seconds
[2019-12-11T08:31:24.093+0000][1][safepoint    ] Application time: 1.0006092 seconds
[2019-12-11T08:31:24.093+0000][1][safepoint    ] Entering safepoint region: Cleanup
[2019-12-11T08:31:24.093+0000][1][safepoint    ] Leaving safepoint region
[2019-12-11T08:31:24.093+0000][1][safepoint    ] Total time for which application threads were stopped: 0.0001464 seconds, Stopping threads took: 0.0000272 seconds
[2019-12-11T08:31:25.096+0000][1][safepoint    ] Application time: 1.0028019 seconds
[2019-12-11T08:31:25.096+0000][1][safepoint    ] Entering safepoint region: Cleanup
[2019-12-11T08:31:25.096+0000][1][safepoint    ] Leaving safepoint region
[2019-12-11T08:31:25.096+0000][1][safepoint    ] Total time for which application threads were stopped: 0.0001342 seconds, Stopping threads took: 0.0000274 seconds
[2019-12-11T08:31:26.097+0000][1][safepoint    ] Application time: 1.0008745 seconds
[2019-12-11T08:31:26.097+0000][1][safepoint    ] Entering safepoint region: Cleanup
[2019-12-11T08:31:26.097+0000][1][safepoint    ] Leaving safepoint region
[2019-12-11T08:31:26.097+0000][1][safepoint    ] Total time for which application threads were stopped: 0.0001299 seconds, Stopping threads took: 0.0000259 seconds
[2019-12-11T08:31:27.101+0000][1][safepoint    ] Application time: 1.0038099 seconds
[2019-12-11T08:31:27.101+0000][1][safepoint    ] Entering safepoint region: Cleanup
[2019-12-11T08:31:27.101+0000][1][safepoint    ] Leaving safepoint region
[2019-12-11T08:31:27.101+0000][1][safepoint    ] Total time for which application threads were stopped: 0.0001637 seconds, Stopping threads took: 0.0000305 seconds
[2019-12-11T08:31:28.102+0000][1][safepoint    ] Application time: 1.0007241 seconds
[2019-12-11T08:31:28.102+0000][1][safepoint    ] Entering safepoint region: Cleanup
[2019-12-11T08:31:28.102+0000][1][safepoint    ] Leaving safepoint region
[2019-12-11T08:31:28.102+0000][1][safepoint    ] Total time for which application threads were stopped: 0.0001609 seconds, Stopping threads took: 0.0000300 seconds
[2019-12-11T08:31:29.103+0000][1][safepoint    ] Application time: 1.0007671 seconds
[2019-12-11T08:31:29.103+0000][1][safepoint    ] Entering safepoint region: Cleanup
[2019-12-11T08:31:29.103+0000][1][safepoint    ] Leaving safepoint region
[2019-12-11T08:31:29.103+0000][1][safepoint    ] Total time for which application threads were stopped: 0.0001379 seconds, Stopping threads took: 0.0000293 seconds
[2019-12-11T08:31:30.106+0000][1][safepoint    ] Application time: 1.0028109 seconds
[2019-12-11T08:31:30.106+0000][1][safepoint    ] Entering safepoint region: Cleanup
[2019-12-11T08:31:30.106+0000][1][safepoint    ] Leaving safepoint region
[2019-12-11T08:31:30.106+0000][1][safepoint    ] Total time for which application threads were stopped: 0.0001684 seconds, Stopping threads took: 0.0000284 seconds
[2019-12-11T08:31:31.107+0000][1][safepoint    ] Application time: 1.0008055 seconds
[2019-12-11T08:31:31.107+0000][1][safepoint    ] Entering safepoint region: Cleanup
[2019-12-11T08:31:31.107+0000][1][safepoint    ] Leaving safepoint region
[2019-12-11T08:31:31.107+0000][1][safepoint    ] Total time for which application threads were stopped: 0.0001343 seconds, Stopping threads took: 0.0000351 seconds
[2019-12-11T08:31:32.108+0000][1][safepoint    ] Application time: 1.0008120 seconds
[2019-12-11T08:31:32.108+0000][1][safepoint    ] Entering safepoint region: Cleanup
[2019-12-11T08:31:32.108+0000][1][safepoint    ] Leaving safepoint region
[2019-12-11T08:31:32.108+0000][1][safepoint    ] Total time for which application threads were stopped: 0.0001568 seconds, Stopping threads took: 0.0000373 seconds
[2019-12-11T08:31:33.110+0000][1][safepoint    ] Application time: 1.0017539 seconds
[2019-12-11T08:31:33.110+0000][1][safepoint    ] Entering safepoint region: Cleanup
[2019-12-11T08:31:33.110+0000][1][safepoint    ] Leaving safepoint region
[2019-12-11T08:31:33.110+0000][1][safepoint    ] Total time for which application threads were stopped: 0.0001687 seconds, Stopping threads took: 0.0000419 seconds
[2019-12-11T08:31:34.113+0000][1][safepoint    ] Application time: 1.0028788 seconds
[2019-12-11T08:31:34.113+0000][1][safepoint    ] Entering safepoint region: Cleanup
[2019-12-11T08:31:34.113+0000][1][safepoint    ] Leaving safepoint region
[2019-12-11T08:31:34.113+0000][1][safepoint    ] Total time for which application threads were stopped: 0.0001509 seconds, Stopping threads took: 0.0000307 seconds
[2019-12-11T08:31:35.117+0000][1][safepoint    ] Application time: 1.0036889 seconds
[2019-12-11T08:31:35.117+0000][1][safepoint    ] Entering safepoint region: Cleanup
[2019-12-11T08:31:35.117+0000][1][safepoint    ] Leaving safepoint region
[2019-12-11T08:31:35.117+0000][1][safepoint    ] Total time for which application threads were stopped: 0.0001475 seconds, Stopping threads took: 0.0000386 seconds
[2019-12-11T08:31:36.119+0000][1][safepoint    ] Application time: 1.0018100 seconds
[2019-12-11T08:31:36.119+0000][1][safepoint    ] Entering safepoint region: Cleanup
[2019-12-11T08:31:36.119+0000][1][safepoint    ] Leaving safepoint region
[2019-12-11T08:31:36.119+0000][1][safepoint    ] Total time for which application threads were stopped: 0.0001713 seconds, Stopping threads took: 0.0000302 seconds
[2019-12-11T08:31:37.120+0000][1][safepoint    ] Application time: 1.0008065 seconds
[2019-12-11T08:31:37.120+0000][1][safepoint    ] Entering safepoint region: Cleanup
[2019-12-11T08:31:37.120+0000][1][safepoint    ] Leaving safepoint region
[2019-12-11T08:31:37.120+0000][1][safepoint    ] Total time for which application threads were stopped: 0.0001530 seconds, Stopping threads took: 0.0000389 seconds
[2019-12-11T08:31:38.121+0000][1][safepoint    ] Application time: 1.0007372 seconds
[2019-12-11T08:31:38.121+0000][1][safepoint    ] Entering safepoint region: Cleanup
[2019-12-11T08:31:38.121+0000][1][safepoint    ] Leaving safepoint region
[2019-12-11T08:31:38.121+0000][1][safepoint    ] Total time for which application threads were stopped: 0.0001321 seconds, Stopping threads took: 0.0000350 seconds
[2019-12-11T08:31:39.123+0000][1][safepoint    ] Application time: 1.0018374 seconds
[2019-12-11T08:31:39.123+0000][1][safepoint    ] Entering safepoint region: Cleanup
[2019-12-11T08:31:39.123+0000][1][safepoint    ] Leaving safepoint region
[2019-12-11T08:31:39.123+0000][1][safepoint    ] Total time for which application threads were stopped: 0.0001505 seconds, Stopping threads took: 0.0000289 seconds
[2019-12-11T08:31:40.128+0000][1][safepoint    ] Application time: 1.0048144 seconds
[2019-12-11T08:31:40.128+0000][1][safepoint    ] Entering safepoint region: Cleanup
[2019-12-11T08:31:40.128+0000][1][safepoint    ] Leaving safepoint region
[2019-12-11T08:31:40.128+0000][1][safepoint    ] Total time for which application threads were stopped: 0.0001367 seconds, Stopping threads took: 0.0000256 seconds
[2019-12-11T08:31:41.131+0000][1][safepoint    ] Application time: 1.0027943 seconds
[2019-12-11T08:31:41.131+0000][1][safepoint    ] Entering safepoint region: Cleanup
[2019-12-11T08:31:41.131+0000][1][safepoint    ] Leaving safepoint region
[2019-12-11T08:31:41.131+0000][1][safepoint    ] Total time for which application threads were stopped: 0.0001549 seconds, Stopping threads took: 0.0000430 seconds
[2019-12-11T08:31:42.132+0000][1][safepoint    ] Application time: 1.0007984 seconds
[2019-12-11T08:31:42.132+0000][1][safepoint    ] Entering safepoint region: Cleanup
[2019-12-11T08:31:42.132+0000][1][safepoint    ] Leaving safepoint region
[2019-12-11T08:31:42.132+0000][1][safepoint    ] Total time for which application threads were stopped: 0.0001600 seconds, Stopping threads took: 0.0000264 seconds
[2019-12-11T08:31:43.133+0000][1][safepoint    ] Application time: 1.0007697 seconds
[2019-12-11T08:31:43.133+0000][1][safepoint    ] Entering safepoint region: Cleanup
[2019-12-11T08:31:43.133+0000][1][safepoint    ] Leaving safepoint region
[2019-12-11T08:31:43.133+0000][1][safepoint    ] Total time for which application threads were stopped: 0.0001275 seconds, Stopping threads took: 0.0000264 seconds
[2019-12-11T08:31:44.134+0000][1][safepoint    ] Application time: 1.0009148 seconds
[2019-12-11T08:31:44.134+0000][1][safepoint    ] Entering safepoint region: Cleanup
[2019-12-11T08:31:44.134+0000][1][safepoint    ] Leaving safepoint region
[2019-12-11T08:31:44.134+0000][1][safepoint    ] Total time for which application threads were stopped: 0.0001411 seconds, Stopping threads took: 0.0000288 seconds
[2019-12-11T08:31:45.135+0000][1][safepoint    ] Application time: 1.0006705 seconds
[2019-12-11T08:31:45.135+0000][1][safepoint    ] Entering safepoint region: Cleanup
[2019-12-11T08:31:45.135+0000][1][safepoint    ] Leaving safepoint region
[2019-12-11T08:31:45.135+0000][1][safepoint    ] Total time for which application threads were stopped: 0.0001376 seconds, Stopping threads took: 0.0000279 seconds
[2019-12-11T08:31:46.137+0000][1][safepoint    ] Application time: 1.0018154 seconds
[2019-12-11T08:31:46.137+0000][1][safepoint    ] Entering safepoint region: Cleanup
[2019-12-11T08:31:46.137+0000][1][safepoint    ] Leaving safepoint region
[2019-12-11T08:31:46.137+0000][1][safepoint    ] Total time for which application threads were stopped: 0.0001473 seconds, Stopping threads took: 0.0000281 seconds
[2019-12-11T08:31:47.138+0000][1][safepoint    ] Application time: 1.0007900 seconds
[2019-12-11T08:31:47.138+0000][1][safepoint    ] Entering safepoint region: Cleanup
[2019-12-11T08:31:47.138+0000][1][safepoint    ] Leaving safepoint region
[2019-12-11T08:31:47.138+0000][1][safepoint    ] Total time for which application threads were stopped: 0.0001239 seconds, Stopping threads took: 0.0000273 seconds
[2019-12-11T08:31:48.139+0000][1][safepoint    ] Application time: 1.0008258 seconds
[2019-12-11T08:31:48.139+0000][1][safepoint    ] Entering safepoint region: Cleanup
[2019-12-11T08:31:48.139+0000][1][safepoint    ] Leaving safepoint region
[2019-12-11T08:31:48.139+0000][1][safepoint    ] Total time for which application threads were stopped: 0.0001237 seconds, Stopping threads took: 0.0000244 seconds
[2019-12-11T08:31:48.947+0000][1][safepoint    ] Application time: 0.8078015 seconds
[2019-12-11T08:31:48.947+0000][1][safepoint    ] Entering safepoint region: GenCollectForAllocation
[2019-12-11T08:31:48.947+0000][1][gc,start     ] GC(27) Pause Young (Allocation Failure)
[2019-12-11T08:31:48.947+0000][1][gc,task      ] GC(27) Using 2 workers of 2 for evacuation
[2019-12-11T08:31:48.962+0000][1][gc,age       ] GC(27) Desired survivor size 4456448 bytes, new threshold 6 (max threshold 6)
[2019-12-11T08:31:48.962+0000][1][gc,age       ] GC(27) Age table with threshold 6 (max threshold 6)
[2019-12-11T08:31:48.962+0000][1][gc,age       ] GC(27) - age   1:     190120 bytes,     190120 total
[2019-12-11T08:31:48.962+0000][1][gc,age       ] GC(27) - age   2:     395024 bytes,     585144 total
[2019-12-11T08:31:48.962+0000][1][gc,heap      ] GC(27) ParNew: 76384K->1693K(78656K)
[2019-12-11T08:31:48.962+0000][1][gc,heap      ] GC(27) CMS: 73266K->73266K(174784K)
[2019-12-11T08:31:48.962+0000][1][gc,metaspace ] GC(27) Metaspace: 76650K->76650K(1120256K)
[2019-12-11T08:31:48.962+0000][1][gc           ] GC(27) Pause Young (Allocation Failure) 146M->73M(247M) 15.049ms
[2019-12-11T08:31:48.962+0000][1][gc,cpu       ] GC(27) User=0.01s Sys=0.00s Real=0.01s
[2019-12-11T08:31:48.962+0000][1][safepoint    ] Leaving safepoint region
[2019-12-11T08:31:48.962+0000][1][safepoint    ] Total time for which application threads were stopped: 0.0153037 seconds, Stopping threads took: 0.0000412 seconds
[2019-12-11T08:31:49.963+0000][1][safepoint    ] Application time: 1.0006404 seconds
[2019-12-11T08:31:49.963+0000][1][safepoint    ] Entering safepoint region: Cleanup
[2019-12-11T08:31:49.963+0000][1][safepoint    ] Leaving safepoint region
[2019-12-11T08:31:49.963+0000][1][safepoint    ] Total time for which application threads were stopped: 0.0001311 seconds, Stopping threads took: 0.0000281 seconds
[2019-12-11T08:31:50.964+0000][1][safepoint    ] Application time: 1.0008288 seconds
[2019-12-11T08:31:50.964+0000][1][safepoint    ] Entering safepoint region: Cleanup
[2019-12-11T08:31:50.964+0000][1][safepoint    ] Leaving safepoint region
[2019-12-11T08:31:50.964+0000][1][safepoint    ] Total time for which application threads were stopped: 0.0001415 seconds, Stopping threads took: 0.0000265 seconds
[2019-12-11T08:31:51.966+0000][1][safepoint    ] Application time: 1.0018000 seconds
[2019-12-11T08:31:51.966+0000][1][safepoint    ] Entering safepoint region: Cleanup
[2019-12-11T08:31:51.966+0000][1][safepoint    ] Leaving safepoint region
[2019-12-11T08:31:51.966+0000][1][safepoint    ] Total time for which application threads were stopped: 0.0001574 seconds, Stopping threads took: 0.0000295 seconds
[2019-12-11T08:31:52.967+0000][1][safepoint    ] Application time: 1.0007700 seconds
[2019-12-11T08:31:52.967+0000][1][safepoint    ] Entering safepoint region: Cleanup
[2019-12-11T08:31:52.967+0000][1][safepoint    ] Leaving safepoint region
[2019-12-11T08:31:52.967+0000][1][safepoint    ] Total time for which application threads were stopped: 0.0001419 seconds, Stopping threads took: 0.0000315 seconds
[2019-12-11T08:31:53.969+0000][1][safepoint    ] Application time: 1.0023720 seconds
[2019-12-11T08:31:53.969+0000][1][safepoint    ] Entering safepoint region: Cleanup
[2019-12-11T08:31:53.969+0000][1][safepoint    ] Leaving safepoint region
[2019-12-11T08:31:53.969+0000][1][safepoint    ] Total time for which application threads were stopped: 0.0001266 seconds, Stopping threads took: 0.0000262 seconds
[2019-12-11T08:31:54.971+0000][1][safepoint    ] Application time: 1.0012486 seconds
[2019-12-11T08:31:54.971+0000][1][safepoint    ] Entering safepoint region: Cleanup
[2019-12-11T08:31:54.971+0000][1][safepoint    ] Leaving safepoint region
[2019-12-11T08:31:54.971+0000][1][safepoint    ] Total time for which application threads were stopped: 0.0001731 seconds, Stopping threads took: 0.0000402 seconds
[2019-12-11T08:31:55.971+0000][1][safepoint    ] Application time: 1.0000892 seconds
[2019-12-11T08:31:55.971+0000][1][safepoint    ] Entering safepoint region: Cleanup
[2019-12-11T08:31:55.971+0000][1][safepoint    ] Leaving safepoint region
[2019-12-11T08:31:55.971+0000][1][safepoint    ] Total time for which application threads were stopped: 0.0001353 seconds, Stopping threads took: 0.0000309 seconds
[2019-12-11T08:31:56.972+0000][1][safepoint    ] Application time: 1.0005893 seconds
[2019-12-11T08:31:56.972+0000][1][safepoint    ] Entering safepoint region: Cleanup
[2019-12-11T08:31:56.972+0000][1][safepoint    ] Leaving safepoint region
[2019-12-11T08:31:56.972+0000][1][safepoint    ] Total time for which application threads were stopped: 0.0001362 seconds, Stopping threads took: 0.0000294 seconds
[2019-12-11T08:31:57.973+0000][1][safepoint    ] Application time: 1.0007921 seconds
[2019-12-11T08:31:57.973+0000][1][safepoint    ] Entering safepoint region: Cleanup
[2019-12-11T08:31:57.973+0000][1][safepoint    ] Leaving safepoint region
[2019-12-11T08:31:57.973+0000][1][safepoint    ] Total time for which application threads were stopped: 0.0001308 seconds, Stopping threads took: 0.0000290 seconds
[2019-12-11T08:31:58.974+0000][1][safepoint    ] Application time: 1.0007834 seconds
[2019-12-11T08:31:58.974+0000][1][safepoint    ] Entering safepoint region: Cleanup
[2019-12-11T08:31:58.974+0000][1][safepoint    ] Leaving safepoint region
[2019-12-11T08:31:58.974+0000][1][safepoint    ] Total time for which application threads were stopped: 0.0001275 seconds, Stopping threads took: 0.0000261 seconds
[2019-12-11T08:31:59.977+0000][1][safepoint    ] Application time: 1.0027469 seconds
[2019-12-11T08:31:59.977+0000][1][safepoint    ] Entering safepoint region: Cleanup
[2019-12-11T08:31:59.977+0000][1][safepoint    ] Leaving safepoint region
[2019-12-11T08:31:59.977+0000][1][safepoint    ] Total time for which application threads were stopped: 0.0001341 seconds, Stopping threads took: 0.0000271 seconds
[2019-12-11T08:32:00.978+0000][1][safepoint    ] Application time: 1.0008069 seconds
[2019-12-11T08:32:00.978+0000][1][safepoint    ] Entering safepoint region: Cleanup
[2019-12-11T08:32:00.978+0000][1][safepoint    ] Leaving safepoint region
[2019-12-11T08:32:00.978+0000][1][safepoint    ] Total time for which application threads were stopped: 0.0001420 seconds, Stopping threads took: 0.0000289 seconds
[2019-12-11T08:32:01.981+0000][1][safepoint    ] Application time: 1.0028143 seconds
[2019-12-11T08:32:01.981+0000][1][safepoint    ] Entering safepoint region: Cleanup
[2019-12-11T08:32:01.981+0000][1][safepoint    ] Leaving safepoint region
[2019-12-11T08:32:01.981+0000][1][safepoint    ] Total time for which application threads were stopped: 0.0001432 seconds, Stopping threads took: 0.0000311 seconds
[2019-12-11T08:32:02.982+0000][1][safepoint    ] Application time: 1.0008174 seconds
[2019-12-11T08:32:02.982+0000][1][safepoint    ] Entering safepoint region: Cleanup
[2019-12-11T08:32:02.982+0000][1][safepoint    ] Leaving safepoint region
[2019-12-11T08:32:02.982+0000][1][safepoint    ] Total time for which application threads were stopped: 0.0001456 seconds, Stopping threads took: 0.0000280 seconds
[2019-12-11T08:32:03.983+0000][1][safepoint    ] Application time: 1.0007981 seconds
[2019-12-11T08:32:03.983+0000][1][safepoint    ] Entering safepoint region: Cleanup
[2019-12-11T08:32:03.983+0000][1][safepoint    ] Leaving safepoint region
[2019-12-11T08:32:03.983+0000][1][safepoint    ] Total time for which application threads were stopped: 0.0001173 seconds, Stopping threads took: 0.0000253 seconds
[2019-12-11T08:32:04.985+0000][1][safepoint    ] Application time: 1.0017997 seconds
[2019-12-11T08:32:04.985+0000][1][safepoint    ] Entering safepoint region: Cleanup
[2019-12-11T08:32:04.985+0000][1][safepoint    ] Leaving safepoint region
[2019-12-11T08:32:04.985+0000][1][safepoint    ] Total time for which application threads were stopped: 0.0001342 seconds, Stopping threads took: 0.0000292 seconds
[2019-12-11T08:32:05.990+0000][1][safepoint    ] Application time: 1.0047972 seconds
[2019-12-11T08:32:05.990+0000][1][safepoint    ] Entering safepoint region: Cleanup
[2019-12-11T08:32:05.990+0000][1][safepoint    ] Leaving safepoint region
[2019-12-11T08:32:05.990+0000][1][safepoint    ] Total time for which application threads were stopped: 0.0001401 seconds, Stopping threads took: 0.0000282 seconds
[2019-12-11T08:32:06.993+0000][1][safepoint    ] Application time: 1.0028044 seconds
[2019-12-11T08:32:06.993+0000][1][safepoint    ] Entering safepoint region: Cleanup
[2019-12-11T08:32:06.993+0000][1][safepoint    ] Leaving safepoint region
[2019-12-11T08:32:06.993+0000][1][safepoint    ] Total time for which application threads were stopped: 0.0001620 seconds, Stopping threads took: 0.0000404 seconds
[2019-12-11T08:32:07.995+0000][1][safepoint    ] Application time: 1.0017705 seconds
[2019-12-11T08:32:07.995+0000][1][safepoint    ] Entering safepoint region: Cleanup
[2019-12-11T08:32:07.995+0000][1][safepoint    ] Leaving safepoint region
[2019-12-11T08:32:07.995+0000][1][safepoint    ] Total time for which application threads were stopped: 0.0001321 seconds, Stopping threads took: 0.0000263 seconds
[2019-12-11T08:32:08.998+0000][1][safepoint    ] Application time: 1.0027999 seconds
[2019-12-11T08:32:08.998+0000][1][safepoint    ] Entering safepoint region: Cleanup
[2019-12-11T08:32:08.998+0000][1][safepoint    ] Leaving safepoint region
[2019-12-11T08:32:08.998+0000][1][safepoint    ] Total time for which application threads were stopped: 0.0001350 seconds, Stopping threads took: 0.0000269 seconds
[2019-12-11T08:32:10.001+0000][1][safepoint    ] Application time: 1.0028416 seconds
[2019-12-11T08:32:10.001+0000][1][safepoint    ] Entering safepoint region: Cleanup
[2019-12-11T08:32:10.001+0000][1][safepoint    ] Leaving safepoint region
[2019-12-11T08:32:10.001+0000][1][safepoint    ] Total time for which application threads were stopped: 0.0001604 seconds, Stopping threads took: 0.0000317 seconds
[2019-12-11T08:32:11.002+0000][1][safepoint    ] Application time: 1.0007493 seconds
[2019-12-11T08:32:11.002+0000][1][safepoint    ] Entering safepoint region: Cleanup
[2019-12-11T08:32:11.002+0000][1][safepoint    ] Leaving safepoint region
[2019-12-11T08:32:11.002+0000][1][safepoint    ] Total time for which application threads were stopped: 0.0001327 seconds, Stopping threads took: 0.0000318 seconds
[2019-12-11T08:32:12.003+0000][1][safepoint    ] Application time: 1.0007926 seconds
[2019-12-11T08:32:12.003+0000][1][safepoint    ] Entering safepoint region: Cleanup
[2019-12-11T08:32:12.003+0000][1][safepoint    ] Leaving safepoint region
[2019-12-11T08:32:12.003+0000][1][safepoint    ] Total time for which application threads were stopped: 0.0001243 seconds, Stopping threads took: 0.0000266 seconds
[2019-12-11T08:32:13.006+0000][1][safepoint    ] Application time: 1.0028484 seconds
[2019-12-11T08:32:13.006+0000][1][safepoint    ] Entering safepoint region: Cleanup
[2019-12-11T08:32:13.006+0000][1][safepoint    ] Leaving safepoint region
[2019-12-11T08:32:13.006+0000][1][safepoint    ] Total time for which application threads were stopped: 0.0001381 seconds, Stopping threads took: 0.0000288 seconds
[2019-12-11T08:32:14.008+0000][1][safepoint    ] Application time: 1.0018045 seconds
[2019-12-11T08:32:14.008+0000][1][safepoint    ] Entering safepoint region: Cleanup
[2019-12-11T08:32:14.008+0000][1][safepoint    ] Leaving safepoint region
[2019-12-11T08:32:14.008+0000][1][safepoint    ] Total time for which application threads were stopped: 0.0001407 seconds, Stopping threads took: 0.0000299 seconds
[2019-12-11T08:32:15.012+0000][1][safepoint    ] Application time: 1.0039331 seconds
[2019-12-11T08:32:15.012+0000][1][safepoint    ] Entering safepoint region: Cleanup
[2019-12-11T08:32:15.012+0000][1][safepoint    ] Leaving safepoint region
[2019-12-11T08:32:15.012+0000][1][safepoint    ] Total time for which application threads were stopped: 0.0001402 seconds, Stopping threads took: 0.0000304 seconds
[2019-12-11T08:32:16.013+0000][1][safepoint    ] Application time: 1.0006617 seconds
[2019-12-11T08:32:16.013+0000][1][safepoint    ] Entering safepoint region: Cleanup
[2019-12-11T08:32:16.013+0000][1][safepoint    ] Leaving safepoint region
[2019-12-11T08:32:16.013+0000][1][safepoint    ] Total time for which application threads were stopped: 0.0001427 seconds, Stopping threads took: 0.0000298 seconds
[2019-12-11T08:32:17.016+0000][1][safepoint    ] Application time: 1.0027984 seconds
[2019-12-11T08:32:17.016+0000][1][safepoint    ] Entering safepoint region: Cleanup
[2019-12-11T08:32:17.016+0000][1][safepoint    ] Leaving safepoint region
[2019-12-11T08:32:17.016+0000][1][safepoint    ] Total time for which application threads were stopped: 0.0001250 seconds, Stopping threads took: 0.0000272 seconds
[2019-12-11T08:32:18.017+0000][1][safepoint    ] Application time: 1.0008625 seconds
[2019-12-11T08:32:18.017+0000][1][safepoint    ] Entering safepoint region: Cleanup
[2019-12-11T08:32:18.017+0000][1][safepoint    ] Leaving safepoint region
[2019-12-11T08:32:18.017+0000][1][safepoint    ] Total time for which application threads were stopped: 0.0001307 seconds, Stopping threads took: 0.0000307 seconds
[2019-12-11T08:32:19.018+0000][1][safepoint    ] Application time: 1.0007702 seconds
[2019-12-11T08:32:19.018+0000][1][safepoint    ] Entering safepoint region: Cleanup
[2019-12-11T08:32:19.018+0000][1][safepoint    ] Leaving safepoint region
[2019-12-11T08:32:19.018+0000][1][safepoint    ] Total time for which application threads were stopped: 0.0001392 seconds, Stopping threads took: 0.0000290 seconds
[2019-12-11T08:32:20.019+0000][1][safepoint    ] Application time: 1.0008144 seconds
[2019-12-11T08:32:20.019+0000][1][safepoint    ] Entering safepoint region: Cleanup
[2019-12-11T08:32:20.019+0000][1][safepoint    ] Leaving safepoint region
[2019-12-11T08:32:20.019+0000][1][safepoint    ] Total time for which application threads were stopped: 0.0001388 seconds, Stopping threads took: 0.0000285 seconds
[2019-12-11T08:32:21.021+0000][1][safepoint    ] Application time: 1.0017677 seconds
[2019-12-11T08:32:21.021+0000][1][safepoint    ] Entering safepoint region: Cleanup
[2019-12-11T08:32:21.021+0000][1][safepoint    ] Leaving safepoint region
[2019-12-11T08:32:21.021+0000][1][safepoint    ] Total time for which application threads were stopped: 0.0001481 seconds, Stopping threads took: 0.0000293 seconds
[2019-12-11T08:32:22.023+0000][1][safepoint    ] Application time: 1.0017929 seconds
[2019-12-11T08:32:22.023+0000][1][safepoint    ] Entering safepoint region: Cleanup
[2019-12-11T08:32:22.023+0000][1][safepoint    ] Leaving safepoint region
[2019-12-11T08:32:22.023+0000][1][safepoint    ] Total time for which application threads were stopped: 0.0001254 seconds, Stopping threads took: 0.0000284 seconds
[2019-12-11T08:32:23.026+0000][1][safepoint    ] Application time: 1.0028183 seconds
[2019-12-11T08:32:23.026+0000][1][safepoint    ] Entering safepoint region: Cleanup
[2019-12-11T08:32:23.026+0000][1][safepoint    ] Leaving safepoint region
[2019-12-11T08:32:23.026+0000][1][safepoint    ] Total time for which application threads were stopped: 0.0001256 seconds, Stopping threads took: 0.0000272 seconds
[2019-12-11T08:32:24.029+0000][1][safepoint    ] Application time: 1.0029798 seconds
[2019-12-11T08:32:24.029+0000][1][safepoint    ] Entering safepoint region: Cleanup
[2019-12-11T08:32:24.029+0000][1][safepoint    ] Leaving safepoint region
[2019-12-11T08:32:24.029+0000][1][safepoint    ] Total time for which application threads were stopped: 0.0001261 seconds, Stopping threads took: 0.0000268 seconds
[2019-12-11T08:32:25.032+0000][1][safepoint    ] Application time: 1.0026995 seconds
[2019-12-11T08:32:25.032+0000][1][safepoint    ] Entering safepoint region: Cleanup
[2019-12-11T08:32:25.032+0000][1][safepoint    ] Leaving safepoint region
[2019-12-11T08:32:25.032+0000][1][safepoint    ] Total time for which application threads were stopped: 0.0001472 seconds, Stopping threads took: 0.0000430 seconds
[2019-12-11T08:32:26.033+0000][1][safepoint    ] Application time: 1.0007548 seconds
[2019-12-11T08:32:26.033+0000][1][safepoint    ] Entering safepoint region: Cleanup
[2019-12-11T08:32:26.033+0000][1][safepoint    ] Leaving safepoint region
[2019-12-11T08:32:26.033+0000][1][safepoint    ] Total time for which application threads were stopped: 0.0001391 seconds, Stopping threads took: 0.0000293 seconds
[2019-12-11T08:32:27.033+0000][1][safepoint    ] Application time: 1.0000937 seconds
[2019-12-11T08:32:27.033+0000][1][safepoint    ] Entering safepoint region: Cleanup
[2019-12-11T08:32:27.033+0000][1][safepoint    ] Leaving safepoint region
[2019-12-11T08:32:27.033+0000][1][safepoint    ] Total time for which application threads were stopped: 0.0001684 seconds, Stopping threads took: 0.0000302 seconds
[2019-12-11T08:32:28.033+0000][1][safepoint    ] Application time: 1.0000882 seconds
[2019-12-11T08:32:28.033+0000][1][safepoint    ] Entering safepoint region: Cleanup
[2019-12-11T08:32:28.033+0000][1][safepoint    ] Leaving safepoint region
[2019-12-11T08:32:28.033+0000][1][safepoint    ] Total time for which application threads were stopped: 0.0001460 seconds, Stopping threads took: 0.0000364 seconds
[2019-12-11T08:32:29.034+0000][1][safepoint    ] Application time: 1.0001985 seconds
[2019-12-11T08:32:29.034+0000][1][safepoint    ] Entering safepoint region: Cleanup
[2019-12-11T08:32:29.034+0000][1][safepoint    ] Leaving safepoint region
[2019-12-11T08:32:29.034+0000][1][safepoint    ] Total time for which application threads were stopped: 0.0001374 seconds, Stopping threads took: 0.0000274 seconds
[2019-12-11T08:32:30.035+0000][1][safepoint    ] Application time: 1.0008075 seconds
[2019-12-11T08:32:30.035+0000][1][safepoint    ] Entering safepoint region: Cleanup
[2019-12-11T08:32:30.035+0000][1][safepoint    ] Leaving safepoint region
[2019-12-11T08:32:30.035+0000][1][safepoint    ] Total time for which application threads were stopped: 0.0001584 seconds, Stopping threads took: 0.0000302 seconds
[2019-12-11T08:32:31.037+0000][1][safepoint    ] Application time: 1.0017765 seconds
[2019-12-11T08:32:31.037+0000][1][safepoint    ] Entering safepoint region: Cleanup
[2019-12-11T08:32:31.037+0000][1][safepoint    ] Leaving safepoint region
[2019-12-11T08:32:31.037+0000][1][safepoint    ] Total time for which application threads were stopped: 0.0001267 seconds, Stopping threads took: 0.0000266 seconds
[2019-12-11T08:32:32.038+0000][1][safepoint    ] Application time: 1.0008927 seconds
[2019-12-11T08:32:32.038+0000][1][safepoint    ] Entering safepoint region: Cleanup
[2019-12-11T08:32:32.038+0000][1][safepoint    ] Leaving safepoint region
[2019-12-11T08:32:32.038+0000][1][safepoint    ] Total time for which application threads were stopped: 0.0001397 seconds, Stopping threads took: 0.0000290 seconds
[2019-12-11T08:32:33.040+0000][1][safepoint    ] Application time: 1.0017423 seconds
[2019-12-11T08:32:33.040+0000][1][safepoint    ] Entering safepoint region: Cleanup
[2019-12-11T08:32:33.040+0000][1][safepoint    ] Leaving safepoint region
[2019-12-11T08:32:33.040+0000][1][safepoint    ] Total time for which application threads were stopped: 0.0001311 seconds, Stopping threads took: 0.0000294 seconds
[2019-12-11T08:32:34.042+0000][1][safepoint    ] Application time: 1.0018365 seconds
[2019-12-11T08:32:34.042+0000][1][safepoint    ] Entering safepoint region: Cleanup
[2019-12-11T08:32:34.042+0000][1][safepoint    ] Leaving safepoint region
[2019-12-11T08:32:34.042+0000][1][safepoint    ] Total time for which application threads were stopped: 0.0001440 seconds, Stopping threads took: 0.0000296 seconds
[2019-12-11T08:32:35.044+0000][1][safepoint    ] Application time: 1.0018557 seconds
[2019-12-11T08:32:35.044+0000][1][safepoint    ] Entering safepoint region: Cleanup
[2019-12-11T08:32:35.044+0000][1][safepoint    ] Leaving safepoint region
[2019-12-11T08:32:35.044+0000][1][safepoint    ] Total time for which application threads were stopped: 0.0001195 seconds, Stopping threads took: 0.0000272 seconds
[2019-12-11T08:32:36.046+0000][1][safepoint    ] Application time: 1.0017056 seconds
[2019-12-11T08:32:36.046+0000][1][safepoint    ] Entering safepoint region: Cleanup
[2019-12-11T08:32:36.046+0000][1][safepoint    ] Leaving safepoint region
[2019-12-11T08:32:36.046+0000][1][safepoint    ] Total time for which application threads were stopped: 0.0001398 seconds, Stopping threads took: 0.0000262 seconds
[2019-12-11T08:32:37.047+0000][1][safepoint    ] Application time: 1.0008116 seconds
[2019-12-11T08:32:37.047+0000][1][safepoint    ] Entering safepoint region: Cleanup
[2019-12-11T08:32:37.047+0000][1][safepoint    ] Leaving safepoint region
[2019-12-11T08:32:37.047+0000][1][safepoint    ] Total time for which application threads were stopped: 0.0001528 seconds, Stopping threads took: 0.0000419 seconds
[2019-12-11T08:32:38.048+0000][1][safepoint    ] Application time: 1.0008487 seconds
[2019-12-11T08:32:38.048+0000][1][safepoint    ] Entering safepoint region: Cleanup
[2019-12-11T08:32:38.048+0000][1][safepoint    ] Leaving safepoint region
[2019-12-11T08:32:38.048+0000][1][safepoint    ] Total time for which application threads were stopped: 0.0001317 seconds, Stopping threads took: 0.0000267 seconds
[2019-12-11T08:32:39.049+0000][1][safepoint    ] Application time: 1.0007437 seconds
[2019-12-11T08:32:39.049+0000][1][safepoint    ] Entering safepoint region: Cleanup
[2019-12-11T08:32:39.049+0000][1][safepoint    ] Leaving safepoint region
[2019-12-11T08:32:39.049+0000][1][safepoint    ] Total time for which application threads were stopped: 0.0001562 seconds, Stopping threads took: 0.0000397 seconds
[2019-12-11T08:32:40.052+0000][1][safepoint    ] Application time: 1.0027792 seconds
[2019-12-11T08:32:40.052+0000][1][safepoint    ] Entering safepoint region: Cleanup
[2019-12-11T08:32:40.052+0000][1][safepoint    ] Leaving safepoint region
[2019-12-11T08:32:40.052+0000][1][safepoint    ] Total time for which application threads were stopped: 0.0001196 seconds, Stopping threads took: 0.0000267 seconds
[2019-12-11T08:32:41.055+0000][1][safepoint    ] Application time: 1.0028491 seconds
[2019-12-11T08:32:41.055+0000][1][safepoint    ] Entering safepoint region: Cleanup
[2019-12-11T08:32:41.055+0000][1][safepoint    ] Leaving safepoint region
[2019-12-11T08:32:41.055+0000][1][safepoint    ] Total time for which application threads were stopped: 0.0001345 seconds, Stopping threads took: 0.0000279 seconds
[2019-12-11T08:32:42.056+0000][1][safepoint    ] Application time: 1.0008108 seconds
[2019-12-11T08:32:42.056+0000][1][safepoint    ] Entering safepoint region: Cleanup
[2019-12-11T08:32:42.056+0000][1][safepoint    ] Leaving safepoint region
[2019-12-11T08:32:42.056+0000][1][safepoint    ] Total time for which application threads were stopped: 0.0001366 seconds, Stopping threads took: 0.0000312 seconds
[2019-12-11T08:32:43.058+0000][1][safepoint    ] Application time: 1.0017993 seconds
[2019-12-11T08:32:43.058+0000][1][safepoint    ] Entering safepoint region: Cleanup
[2019-12-11T08:32:43.058+0000][1][safepoint    ] Leaving safepoint region
[2019-12-11T08:32:43.058+0000][1][safepoint    ] Total time for which application threads were stopped: 0.0001274 seconds, Stopping threads took: 0.0000276 seconds
[2019-12-11T08:32:44.060+0000][1][safepoint    ] Application time: 1.0018187 seconds
[2019-12-11T08:32:44.060+0000][1][safepoint    ] Entering safepoint region: Cleanup
[2019-12-11T08:32:44.060+0000][1][safepoint    ] Leaving safepoint region
[2019-12-11T08:32:44.060+0000][1][safepoint    ] Total time for which application threads were stopped: 0.0001393 seconds, Stopping threads took: 0.0000301 seconds
[2019-12-11T08:32:45.061+0000][1][safepoint    ] Application time: 1.0008205 seconds
[2019-12-11T08:32:45.061+0000][1][safepoint    ] Entering safepoint region: Cleanup
[2019-12-11T08:32:45.061+0000][1][safepoint    ] Leaving safepoint region
[2019-12-11T08:32:45.061+0000][1][safepoint    ] Total time for which application threads were stopped: 0.0001384 seconds, Stopping threads took: 0.0000295 seconds
[2019-12-11T08:32:46.062+0000][1][safepoint    ] Application time: 1.0007740 seconds
[2019-12-11T08:32:46.062+0000][1][safepoint    ] Entering safepoint region: Cleanup
[2019-12-11T08:32:46.062+0000][1][safepoint    ] Leaving safepoint region
[2019-12-11T08:32:46.062+0000][1][safepoint    ] Total time for which application threads were stopped: 0.0001345 seconds, Stopping threads took: 0.0000270 seconds
[2019-12-11T08:32:47.063+0000][1][safepoint    ] Application time: 1.0008142 seconds
[2019-12-11T08:32:47.063+0000][1][safepoint    ] Entering safepoint region: Cleanup
[2019-12-11T08:32:47.063+0000][1][safepoint    ] Leaving safepoint region
[2019-12-11T08:32:47.063+0000][1][safepoint    ] Total time for which application threads were stopped: 0.0001414 seconds, Stopping threads took: 0.0000295 seconds
[2019-12-11T08:32:48.064+0000][1][safepoint    ] Application time: 1.0008579 seconds
[2019-12-11T08:32:48.064+0000][1][safepoint    ] Entering safepoint region: Cleanup
[2019-12-11T08:32:48.064+0000][1][safepoint    ] Leaving safepoint region
[2019-12-11T08:32:48.064+0000][1][safepoint    ] Total time for which application threads were stopped: 0.0001430 seconds, Stopping threads took: 0.0000295 seconds
[2019-12-11T08:32:49.065+0000][1][safepoint    ] Application time: 1.0007610 seconds
[2019-12-11T08:32:49.065+0000][1][safepoint    ] Entering safepoint region: Cleanup
[2019-12-11T08:32:49.065+0000][1][safepoint    ] Leaving safepoint region
[2019-12-11T08:32:49.065+0000][1][safepoint    ] Total time for which application threads were stopped: 0.0001330 seconds, Stopping threads took: 0.0000281 seconds
[2019-12-11T08:32:50.067+0000][1][safepoint    ] Application time: 1.0018070 seconds
[2019-12-11T08:32:50.067+0000][1][safepoint    ] Entering safepoint region: Cleanup
[2019-12-11T08:32:50.067+0000][1][safepoint    ] Leaving safepoint region
[2019-12-11T08:32:50.067+0000][1][safepoint    ] Total time for which application threads were stopped: 0.0001346 seconds, Stopping threads took: 0.0000289 seconds
[2019-12-11T08:32:51.068+0000][1][safepoint    ] Application time: 1.0007982 seconds
[2019-12-11T08:32:51.068+0000][1][safepoint    ] Entering safepoint region: Cleanup
[2019-12-11T08:32:51.068+0000][1][safepoint    ] Leaving safepoint region
[2019-12-11T08:32:51.068+0000][1][safepoint    ] Total time for which application threads were stopped: 0.0001340 seconds, Stopping threads took: 0.0000291 seconds
[2019-12-11T08:32:52.070+0000][1][safepoint    ] Application time: 1.0018030 seconds
[2019-12-11T08:32:52.070+0000][1][safepoint    ] Entering safepoint region: Cleanup
[2019-12-11T08:32:52.070+0000][1][safepoint    ] Leaving safepoint region
[2019-12-11T08:32:52.070+0000][1][safepoint    ] Total time for which application threads were stopped: 0.0001361 seconds, Stopping threads took: 0.0000264 seconds
[2019-12-11T08:32:53.071+0000][1][safepoint    ] Application time: 1.0007910 seconds
[2019-12-11T08:32:53.071+0000][1][safepoint    ] Entering safepoint region: Cleanup
[2019-12-11T08:32:53.071+0000][1][safepoint    ] Leaving safepoint region
[2019-12-11T08:32:53.071+0000][1][safepoint    ] Total time for which application threads were stopped: 0.0001325 seconds, Stopping threads took: 0.0000291 seconds
[2019-12-11T08:32:54.072+0000][1][safepoint    ] Application time: 1.0008169 seconds
[2019-12-11T08:32:54.072+0000][1][safepoint    ] Entering safepoint region: Cleanup
[2019-12-11T08:32:54.072+0000][1][safepoint    ] Leaving safepoint region
[2019-12-11T08:32:54.072+0000][1][safepoint    ] Total time for which application threads were stopped: 0.0001377 seconds, Stopping threads took: 0.0000288 seconds
[2019-12-11T08:32:55.073+0000][1][safepoint    ] Application time: 1.0008040 seconds
[2019-12-11T08:32:55.073+0000][1][safepoint    ] Entering safepoint region: Cleanup
[2019-12-11T08:32:55.073+0000][1][safepoint    ] Leaving safepoint region
[2019-12-11T08:32:55.073+0000][1][safepoint    ] Total time for which application threads were stopped: 0.0001388 seconds, Stopping threads took: 0.0000323 seconds
[2019-12-11T08:32:56.074+0000][1][safepoint    ] Application time: 1.0008675 seconds
[2019-12-11T08:32:56.074+0000][1][safepoint    ] Entering safepoint region: Cleanup
[2019-12-11T08:32:56.074+0000][1][safepoint    ] Leaving safepoint region
[2019-12-11T08:32:56.074+0000][1][safepoint    ] Total time for which application threads were stopped: 0.0001298 seconds, Stopping threads took: 0.0000284 seconds
[2019-12-11T08:32:57.075+0000][1][safepoint    ] Application time: 1.0007303 seconds
[2019-12-11T08:32:57.075+0000][1][safepoint    ] Entering safepoint region: Cleanup
[2019-12-11T08:32:57.075+0000][1][safepoint    ] Leaving safepoint region
[2019-12-11T08:32:57.075+0000][1][safepoint    ] Total time for which application threads were stopped: 0.0001509 seconds, Stopping threads took: 0.0000296 seconds
[2019-12-11T08:32:58.076+0000][1][safepoint    ] Application time: 1.0008041 seconds
[2019-12-11T08:32:58.076+0000][1][safepoint    ] Entering safepoint region: Cleanup
[2019-12-11T08:32:58.076+0000][1][safepoint    ] Leaving safepoint region
[2019-12-11T08:32:58.076+0000][1][safepoint    ] Total time for which application threads were stopped: 0.0001539 seconds, Stopping threads took: 0.0000261 seconds
[2019-12-11T08:32:59.076+0000][1][safepoint    ] Application time: 1.0000834 seconds
[2019-12-11T08:32:59.076+0000][1][safepoint    ] Entering safepoint region: Cleanup
[2019-12-11T08:32:59.076+0000][1][safepoint    ] Leaving safepoint region
[2019-12-11T08:32:59.076+0000][1][safepoint    ] Total time for which application threads were stopped: 0.0001619 seconds, Stopping threads took: 0.0000417 seconds
[2019-12-11T08:33:00.078+0000][1][safepoint    ] Application time: 1.0013480 seconds
[2019-12-11T08:33:00.078+0000][1][safepoint    ] Entering safepoint region: Cleanup
[2019-12-11T08:33:00.078+0000][1][safepoint    ] Leaving safepoint region
[2019-12-11T08:33:00.078+0000][1][safepoint    ] Total time for which application threads were stopped: 0.0001433 seconds, Stopping threads took: 0.0000450 seconds
[2019-12-11T08:33:01.078+0000][1][safepoint    ] Application time: 1.0005085 seconds
[2019-12-11T08:33:01.078+0000][1][safepoint    ] Entering safepoint region: Cleanup
[2019-12-11T08:33:01.078+0000][1][safepoint    ] Leaving safepoint region
[2019-12-11T08:33:01.078+0000][1][safepoint    ] Total time for which application threads were stopped: 0.0001327 seconds, Stopping threads took: 0.0000304 seconds
[2019-12-11T08:33:02.080+0000][1][safepoint    ] Application time: 1.0012716 seconds
[2019-12-11T08:33:02.080+0000][1][safepoint    ] Entering safepoint region: Cleanup
[2019-12-11T08:33:02.080+0000][1][safepoint    ] Leaving safepoint region
[2019-12-11T08:33:02.080+0000][1][safepoint    ] Total time for which application threads were stopped: 0.0001315 seconds, Stopping threads took: 0.0000292 seconds
[2019-12-11T08:33:03.081+0000][1][safepoint    ] Application time: 1.0007945 seconds
[2019-12-11T08:33:03.081+0000][1][safepoint    ] Entering safepoint region: Cleanup
[2019-12-11T08:33:03.081+0000][1][safepoint    ] Leaving safepoint region
[2019-12-11T08:33:03.081+0000][1][safepoint    ] Total time for which application threads were stopped: 0.0001288 seconds, Stopping threads took: 0.0000288 seconds
[2019-12-11T08:33:04.082+0000][1][safepoint    ] Application time: 1.0008022 seconds
[2019-12-11T08:33:04.082+0000][1][safepoint    ] Entering safepoint region: Cleanup
[2019-12-11T08:33:04.082+0000][1][safepoint    ] Leaving safepoint region
[2019-12-11T08:33:04.082+0000][1][safepoint    ] Total time for which application threads were stopped: 0.0001335 seconds, Stopping threads took: 0.0000291 seconds
[2019-12-11T08:33:05.083+0000][1][safepoint    ] Application time: 1.0008036 seconds
[2019-12-11T08:33:05.083+0000][1][safepoint    ] Entering safepoint region: Cleanup
[2019-12-11T08:33:05.083+0000][1][safepoint    ] Leaving safepoint region
[2019-12-11T08:33:05.083+0000][1][safepoint    ] Total time for which application threads were stopped: 0.0001298 seconds, Stopping threads took: 0.0000306 seconds
[2019-12-11T08:33:06.084+0000][1][safepoint    ] Application time: 1.0008436 seconds
[2019-12-11T08:33:06.084+0000][1][safepoint    ] Entering safepoint region: Cleanup
[2019-12-11T08:33:06.084+0000][1][safepoint    ] Leaving safepoint region
[2019-12-11T08:33:06.084+0000][1][safepoint    ] Total time for which application threads were stopped: 0.0001313 seconds, Stopping threads took: 0.0000283 seconds
[2019-12-11T08:33:07.085+0000][1][safepoint    ] Application time: 1.0008652 seconds
[2019-12-11T08:33:07.085+0000][1][safepoint    ] Entering safepoint region: Cleanup
[2019-12-11T08:33:07.085+0000][1][safepoint    ] Leaving safepoint region
[2019-12-11T08:33:07.085+0000][1][safepoint    ] Total time for which application threads were stopped: 0.0001355 seconds, Stopping threads took: 0.0000302 seconds
[2019-12-11T08:33:08.086+0000][1][safepoint    ] Application time: 1.0007922 seconds
[2019-12-11T08:33:08.086+0000][1][safepoint    ] Entering safepoint region: Cleanup
[2019-12-11T08:33:08.086+0000][1][safepoint    ] Leaving safepoint region
[2019-12-11T08:33:08.086+0000][1][safepoint    ] Total time for which application threads were stopped: 0.0001331 seconds, Stopping threads took: 0.0000291 seconds
[2019-12-11T08:33:09.088+0000][1][safepoint    ] Application time: 1.0018060 seconds
[2019-12-11T08:33:09.088+0000][1][safepoint    ] Entering safepoint region: Cleanup
[2019-12-11T08:33:09.088+0000][1][safepoint    ] Leaving safepoint region
[2019-12-11T08:33:09.088+0000][1][safepoint    ] Total time for which application threads were stopped: 0.0001435 seconds, Stopping threads took: 0.0000308 seconds
[2019-12-11T08:33:10.089+0000][1][safepoint    ] Application time: 1.0008133 seconds
[2019-12-11T08:33:10.089+0000][1][safepoint    ] Entering safepoint region: Cleanup
[2019-12-11T08:33:10.089+0000][1][safepoint    ] Leaving safepoint region
[2019-12-11T08:33:10.089+0000][1][safepoint    ] Total time for which application threads were stopped: 0.0001548 seconds, Stopping threads took: 0.0000369 seconds
[2019-12-11T08:33:11.090+0000][1][safepoint    ] Application time: 1.0006899 seconds
[2019-12-11T08:33:11.090+0000][1][safepoint    ] Entering safepoint region: Cleanup
[2019-12-11T08:33:11.090+0000][1][safepoint    ] Leaving safepoint region
[2019-12-11T08:33:11.090+0000][1][safepoint    ] Total time for which application threads were stopped: 0.0001457 seconds, Stopping threads took: 0.0000389 seconds
[2019-12-11T08:33:12.092+0000][1][safepoint    ] Application time: 1.0018085 seconds
[2019-12-11T08:33:12.092+0000][1][safepoint    ] Entering safepoint region: Cleanup
[2019-12-11T08:33:12.092+0000][1][safepoint    ] Leaving safepoint region
[2019-12-11T08:33:12.092+0000][1][safepoint    ] Total time for which application threads were stopped: 0.0001469 seconds, Stopping threads took: 0.0000297 seconds
[2019-12-11T08:33:13.093+0000][1][safepoint    ] Application time: 1.0007630 seconds
[2019-12-11T08:33:13.093+0000][1][safepoint    ] Entering safepoint region: Cleanup
[2019-12-11T08:33:13.093+0000][1][safepoint    ] Leaving safepoint region
[2019-12-11T08:33:13.093+0000][1][safepoint    ] Total time for which application threads were stopped: 0.0001329 seconds, Stopping threads took: 0.0000293 seconds
[2019-12-11T08:33:14.094+0000][1][safepoint    ] Application time: 1.0008226 seconds
[2019-12-11T08:33:14.094+0000][1][safepoint    ] Entering safepoint region: Cleanup
[2019-12-11T08:33:14.094+0000][1][safepoint    ] Leaving safepoint region
[2019-12-11T08:33:14.094+0000][1][safepoint    ] Total time for which application threads were stopped: 0.0001327 seconds, Stopping threads took: 0.0000291 seconds
[2019-12-11T08:33:15.096+0000][1][safepoint    ] Application time: 1.0017895 seconds
[2019-12-11T08:33:15.096+0000][1][safepoint    ] Entering safepoint region: Cleanup
[2019-12-11T08:33:15.096+0000][1][safepoint    ] Leaving safepoint region
[2019-12-11T08:33:15.096+0000][1][safepoint    ] Total time for which application threads were stopped: 0.0001387 seconds, Stopping threads took: 0.0000291 seconds
[2019-12-11T08:33:16.097+0000][1][safepoint    ] Application time: 1.0008044 seconds
[2019-12-11T08:33:16.097+0000][1][safepoint    ] Entering safepoint region: Cleanup
[2019-12-11T08:33:16.097+0000][1][safepoint    ] Leaving safepoint region
[2019-12-11T08:33:16.097+0000][1][safepoint    ] Total time for which application threads were stopped: 0.0001336 seconds, Stopping threads took: 0.0000309 seconds
[2019-12-11T08:33:17.098+0000][1][safepoint    ] Application time: 1.0008022 seconds
[2019-12-11T08:33:17.098+0000][1][safepoint    ] Entering safepoint region: Cleanup
[2019-12-11T08:33:17.098+0000][1][safepoint    ] Leaving safepoint region
[2019-12-11T08:33:17.098+0000][1][safepoint    ] Total time for which application threads were stopped: 0.0001237 seconds, Stopping threads took: 0.0000261 seconds
[2019-12-11T08:33:18.099+0000][1][safepoint    ] Application time: 1.0008070 seconds
[2019-12-11T08:33:18.099+0000][1][safepoint    ] Entering safepoint region: Cleanup
[2019-12-11T08:33:18.099+0000][1][safepoint    ] Leaving safepoint region
[2019-12-11T08:33:18.099+0000][1][safepoint    ] Total time for which application threads were stopped: 0.0001418 seconds, Stopping threads took: 0.0000304 seconds
[2019-12-11T08:33:19.101+0000][1][safepoint    ] Application time: 1.0017793 seconds
[2019-12-11T08:33:19.101+0000][1][safepoint    ] Entering safepoint region: Cleanup
[2019-12-11T08:33:19.101+0000][1][safepoint    ] Leaving safepoint region
[2019-12-11T08:33:19.101+0000][1][safepoint    ] Total time for which application threads were stopped: 0.0001470 seconds, Stopping threads took: 0.0000296 seconds
[2019-12-11T08:33:20.102+0000][1][safepoint    ] Application time: 1.0008128 seconds
[2019-12-11T08:33:20.102+0000][1][safepoint    ] Entering safepoint region: Cleanup
[2019-12-11T08:33:20.102+0000][1][safepoint    ] Leaving safepoint region
[2019-12-11T08:33:20.102+0000][1][safepoint    ] Total time for which application threads were stopped: 0.0001319 seconds, Stopping threads took: 0.0000298 seconds
[2019-12-11T08:33:21.105+0000][1][safepoint    ] Application time: 1.0027865 seconds
[2019-12-11T08:33:21.105+0000][1][safepoint    ] Entering safepoint region: Cleanup
[2019-12-11T08:33:21.105+0000][1][safepoint    ] Leaving safepoint region
[2019-12-11T08:33:21.105+0000][1][safepoint    ] Total time for which application threads were stopped: 0.0001482 seconds, Stopping threads took: 0.0000297 seconds
[2019-12-11T08:33:22.107+0000][1][safepoint    ] Application time: 1.0017914 seconds
[2019-12-11T08:33:22.107+0000][1][safepoint    ] Entering safepoint region: Cleanup
[2019-12-11T08:33:22.107+0000][1][safepoint    ] Leaving safepoint region
[2019-12-11T08:33:22.107+0000][1][safepoint    ] Total time for which application threads were stopped: 0.0001248 seconds, Stopping threads took: 0.0000276 seconds
[2019-12-11T08:33:23.107+0000][1][safepoint    ] Application time: 1.0002440 seconds
[2019-12-11T08:33:23.107+0000][1][safepoint    ] Entering safepoint region: Cleanup
[2019-12-11T08:33:23.107+0000][1][safepoint    ] Leaving safepoint region
[2019-12-11T08:33:23.107+0000][1][safepoint    ] Total time for which application threads were stopped: 0.0001369 seconds, Stopping threads took: 0.0000263 seconds
[2019-12-11T08:33:24.109+0000][1][safepoint    ] Application time: 1.0013867 seconds
[2019-12-11T08:33:24.109+0000][1][safepoint    ] Entering safepoint region: Cleanup
[2019-12-11T08:33:24.109+0000][1][safepoint    ] Leaving safepoint region
[2019-12-11T08:33:24.109+0000][1][safepoint    ] Total time for which application threads were stopped: 0.0001313 seconds, Stopping threads took: 0.0000295 seconds
[2019-12-11T08:33:25.110+0000][1][safepoint    ] Application time: 1.0008160 seconds
[2019-12-11T08:33:25.110+0000][1][safepoint    ] Entering safepoint region: Cleanup
[2019-12-11T08:33:25.110+0000][1][safepoint    ] Leaving safepoint region
[2019-12-11T08:33:25.110+0000][1][safepoint    ] Total time for which application threads were stopped: 0.0001419 seconds, Stopping threads took: 0.0000308 seconds
[2019-12-11T08:33:26.111+0000][1][safepoint    ] Application time: 1.0008067 seconds
[2019-12-11T08:33:26.111+0000][1][safepoint    ] Entering safepoint region: Cleanup
[2019-12-11T08:33:26.111+0000][1][safepoint    ] Leaving safepoint region
[2019-12-11T08:33:26.111+0000][1][safepoint    ] Total time for which application threads were stopped: 0.0001252 seconds, Stopping threads took: 0.0000278 seconds
[2019-12-11T08:33:27.111+0000][1][safepoint    ] Application time: 1.0000962 seconds
[2019-12-11T08:33:27.111+0000][1][safepoint    ] Entering safepoint region: Cleanup
[2019-12-11T08:33:27.111+0000][1][safepoint    ] Leaving safepoint region
[2019-12-11T08:33:27.111+0000][1][safepoint    ] Total time for which application threads were stopped: 0.0001402 seconds, Stopping threads took: 0.0000283 seconds
[2019-12-11T08:33:28.113+0000][1][safepoint    ] Application time: 1.0016491 seconds
[2019-12-11T08:33:28.113+0000][1][safepoint    ] Entering safepoint region: Cleanup
[2019-12-11T08:33:28.113+0000][1][safepoint    ] Leaving safepoint region
[2019-12-11T08:33:28.113+0000][1][safepoint    ] Total time for which application threads were stopped: 0.0001285 seconds, Stopping threads took: 0.0000287 seconds
[2019-12-11T08:33:29.114+0000][1][safepoint    ] Application time: 1.0006824 seconds
[2019-12-11T08:33:29.114+0000][1][safepoint    ] Entering safepoint region: Cleanup
[2019-12-11T08:33:29.114+0000][1][safepoint    ] Leaving safepoint region
[2019-12-11T08:33:29.114+0000][1][safepoint    ] Total time for which application threads were stopped: 0.0001366 seconds, Stopping threads took: 0.0000352 seconds
[2019-12-11T08:33:30.118+0000][1][safepoint    ] Application time: 1.0039405 seconds
[2019-12-11T08:33:30.118+0000][1][safepoint    ] Entering safepoint region: Cleanup
[2019-12-11T08:33:30.118+0000][1][safepoint    ] Leaving safepoint region
[2019-12-11T08:33:30.118+0000][1][safepoint    ] Total time for which application threads were stopped: 0.0001899 seconds, Stopping threads took: 0.0000310 seconds
[2019-12-11T08:33:31.119+0000][1][safepoint    ] Application time: 1.0007714 seconds
[2019-12-11T08:33:31.119+0000][1][safepoint    ] Entering safepoint region: Cleanup
[2019-12-11T08:33:31.119+0000][1][safepoint    ] Leaving safepoint region
[2019-12-11T08:33:31.119+0000][1][safepoint    ] Total time for which application threads were stopped: 0.0001527 seconds, Stopping threads took: 0.0000301 seconds
[2019-12-11T08:33:32.120+0000][1][safepoint    ] Application time: 1.0004891 seconds
[2019-12-11T08:33:32.120+0000][1][safepoint    ] Entering safepoint region: Cleanup
[2019-12-11T08:33:32.120+0000][1][safepoint    ] Leaving safepoint region
[2019-12-11T08:33:32.120+0000][1][safepoint    ] Total time for which application threads were stopped: 0.0001472 seconds, Stopping threads took: 0.0000282 seconds
[2019-12-11T08:33:33.120+0000][1][safepoint    ] Application time: 1.0000867 seconds
[2019-12-11T08:33:33.120+0000][1][safepoint    ] Entering safepoint region: Cleanup
[2019-12-11T08:33:33.120+0000][1][safepoint    ] Leaving safepoint region
[2019-12-11T08:33:33.120+0000][1][safepoint    ] Total time for which application threads were stopped: 0.0001307 seconds, Stopping threads took: 0.0000351 seconds
[2019-12-11T08:33:34.120+0000][1][safepoint    ] Application time: 1.0000881 seconds
[2019-12-11T08:33:34.120+0000][1][safepoint    ] Entering safepoint region: Cleanup
[2019-12-11T08:33:34.120+0000][1][safepoint    ] Leaving safepoint region
[2019-12-11T08:33:34.120+0000][1][safepoint    ] Total time for which application threads were stopped: 0.0001336 seconds, Stopping threads took: 0.0000294 seconds
[2019-12-11T08:33:34.631+0000][1][safepoint    ] Application time: 0.5107286 seconds
[2019-12-11T08:33:34.631+0000][1][safepoint    ] Entering safepoint region: GenCollectForAllocation
[2019-12-11T08:33:34.631+0000][1][gc,start     ] GC(28) Pause Young (Allocation Failure)
[2019-12-11T08:33:34.631+0000][1][gc,task      ] GC(28) Using 2 workers of 2 for evacuation
[2019-12-11T08:33:34.640+0000][1][gc,age       ] GC(28) Desired survivor size 4456448 bytes, new threshold 6 (max threshold 6)
[2019-12-11T08:33:34.640+0000][1][gc,age       ] GC(28) Age table with threshold 6 (max threshold 6)
[2019-12-11T08:33:34.640+0000][1][gc,age       ] GC(28) - age   1:      25944 bytes,      25944 total
[2019-12-11T08:33:34.640+0000][1][gc,age       ] GC(28) - age   2:     180360 bytes,     206304 total
[2019-12-11T08:33:34.640+0000][1][gc,age       ] GC(28) - age   3:     394888 bytes,     601192 total
[2019-12-11T08:33:34.640+0000][1][gc,heap      ] GC(28) ParNew: 71598K->849K(78656K)
[2019-12-11T08:33:34.640+0000][1][gc,heap      ] GC(28) CMS: 73266K->73266K(174784K)
[2019-12-11T08:33:34.640+0000][1][gc,metaspace ] GC(28) Metaspace: 77092K->77092K(1120256K)
[2019-12-11T08:33:34.640+0000][1][gc           ] GC(28) Pause Young (Allocation Failure) 141M->72M(247M) 8.705ms
[2019-12-11T08:33:34.640+0000][1][gc,cpu       ] GC(28) User=0.01s Sys=0.00s Real=0.01s
[2019-12-11T08:33:34.640+0000][1][safepoint    ] Leaving safepoint region
[2019-12-11T08:33:34.640+0000][1][safepoint    ] Total time for which application threads were stopped: 0.0089332 seconds, Stopping threads took: 0.0000255 seconds
[2019-12-11T08:33:35.642+0000][1][safepoint    ] Application time: 1.0017362 seconds
[2019-12-11T08:33:35.642+0000][1][safepoint    ] Entering safepoint region: Cleanup
[2019-12-11T08:33:35.642+0000][1][safepoint    ] Leaving safepoint region
[2019-12-11T08:33:35.642+0000][1][safepoint    ] Total time for which application threads were stopped: 0.0001341 seconds, Stopping threads took: 0.0000352 seconds
[2019-12-11T08:33:36.644+0000][1][safepoint    ] Application time: 1.0017195 seconds
[2019-12-11T08:33:36.644+0000][1][safepoint    ] Entering safepoint region: Cleanup
[2019-12-11T08:33:36.644+0000][1][safepoint    ] Leaving safepoint region
[2019-12-11T08:33:36.644+0000][1][safepoint    ] Total time for which application threads were stopped: 0.0001303 seconds, Stopping threads took: 0.0000249 seconds
[2019-12-11T08:33:37.645+0000][1][safepoint    ] Application time: 1.0008171 seconds
[2019-12-11T08:33:37.645+0000][1][safepoint    ] Entering safepoint region: Cleanup
[2019-12-11T08:33:37.645+0000][1][safepoint    ] Leaving safepoint region
[2019-12-11T08:33:37.645+0000][1][safepoint    ] Total time for which application threads were stopped: 0.0001250 seconds, Stopping threads took: 0.0000263 seconds
[2019-12-11T08:33:38.646+0000][1][safepoint    ] Application time: 1.0008214 seconds
[2019-12-11T08:33:38.646+0000][1][safepoint    ] Entering safepoint region: Cleanup
[2019-12-11T08:33:38.646+0000][1][safepoint    ] Leaving safepoint region
[2019-12-11T08:33:38.646+0000][1][safepoint    ] Total time for which application threads were stopped: 0.0001231 seconds, Stopping threads took: 0.0000266 seconds
[2019-12-11T08:33:39.648+0000][1][safepoint    ] Application time: 1.0018478 seconds
[2019-12-11T08:33:39.648+0000][1][safepoint    ] Entering safepoint region: Cleanup
[2019-12-11T08:33:39.648+0000][1][safepoint    ] Leaving safepoint region
[2019-12-11T08:33:39.648+0000][1][safepoint    ] Total time for which application threads were stopped: 0.0001517 seconds, Stopping threads took: 0.0000308 seconds
[2019-12-11T08:33:40.650+0000][1][safepoint    ] Application time: 1.0017583 seconds
[2019-12-11T08:33:40.650+0000][1][safepoint    ] Entering safepoint region: Cleanup
[2019-12-11T08:33:40.650+0000][1][safepoint    ] Leaving safepoint region
[2019-12-11T08:33:40.650+0000][1][safepoint    ] Total time for which application threads were stopped: 0.0001455 seconds, Stopping threads took: 0.0000287 seconds
[2019-12-11T08:33:41.653+0000][1][safepoint    ] Application time: 1.0028279 seconds
[2019-12-11T08:33:41.653+0000][1][safepoint    ] Entering safepoint region: Cleanup
[2019-12-11T08:33:41.653+0000][1][safepoint    ] Leaving safepoint region
[2019-12-11T08:33:41.653+0000][1][safepoint    ] Total time for which application threads were stopped: 0.0001313 seconds, Stopping threads took: 0.0000300 seconds
[2019-12-11T08:33:42.655+0000][1][safepoint    ] Application time: 1.0018031 seconds
[2019-12-11T08:33:42.655+0000][1][safepoint    ] Entering safepoint region: Cleanup
[2019-12-11T08:33:42.655+0000][1][safepoint    ] Leaving safepoint region
[2019-12-11T08:33:42.655+0000][1][safepoint    ] Total time for which application threads were stopped: 0.0001353 seconds, Stopping threads took: 0.0000297 seconds
[2019-12-11T08:33:43.655+0000][1][safepoint    ] Application time: 1.0001213 seconds
[2019-12-11T08:33:43.655+0000][1][safepoint    ] Entering safepoint region: Cleanup
[2019-12-11T08:33:43.655+0000][1][safepoint    ] Leaving safepoint region
[2019-12-11T08:33:43.655+0000][1][safepoint    ] Total time for which application threads were stopped: 0.0001267 seconds, Stopping threads took: 0.0000286 seconds
[2019-12-11T08:33:44.656+0000][1][safepoint    ] Application time: 1.0004799 seconds
[2019-12-11T08:33:44.656+0000][1][safepoint    ] Entering safepoint region: Cleanup
[2019-12-11T08:33:44.656+0000][1][safepoint    ] Leaving safepoint region
[2019-12-11T08:33:44.656+0000][1][safepoint    ] Total time for which application threads were stopped: 0.0001406 seconds, Stopping threads took: 0.0000316 seconds
[2019-12-11T08:33:45.660+0000][1][safepoint    ] Application time: 1.0038008 seconds
[2019-12-11T08:33:45.660+0000][1][safepoint    ] Entering safepoint region: Cleanup
[2019-12-11T08:33:45.660+0000][1][safepoint    ] Leaving safepoint region
[2019-12-11T08:33:45.660+0000][1][safepoint    ] Total time for which application threads were stopped: 0.0001250 seconds, Stopping threads took: 0.0000265 seconds
[2019-12-11T08:33:46.663+0000][1][safepoint    ] Application time: 1.0027894 seconds
[2019-12-11T08:33:46.663+0000][1][safepoint    ] Entering safepoint region: Cleanup
[2019-12-11T08:33:46.663+0000][1][safepoint    ] Leaving safepoint region
[2019-12-11T08:33:46.663+0000][1][safepoint    ] Total time for which application threads were stopped: 0.0001271 seconds, Stopping threads took: 0.0000268 seconds
[2019-12-11T08:33:47.667+0000][1][safepoint    ] Application time: 1.0039437 seconds
[2019-12-11T08:33:47.667+0000][1][safepoint    ] Entering safepoint region: Cleanup
[2019-12-11T08:33:47.667+0000][1][safepoint    ] Leaving safepoint region
[2019-12-11T08:33:47.667+0000][1][safepoint    ] Total time for which application threads were stopped: 0.0001334 seconds, Stopping threads took: 0.0000293 seconds
[2019-12-11T08:33:48.669+0000][1][safepoint    ] Application time: 1.0016965 seconds
[2019-12-11T08:33:48.669+0000][1][safepoint    ] Entering safepoint region: Cleanup
[2019-12-11T08:33:48.669+0000][1][safepoint    ] Leaving safepoint region
[2019-12-11T08:33:48.669+0000][1][safepoint    ] Total time for which application threads were stopped: 0.0001271 seconds, Stopping threads took: 0.0000268 seconds
[2019-12-11T08:33:49.670+0000][1][safepoint    ] Application time: 1.0008176 seconds
[2019-12-11T08:33:49.670+0000][1][safepoint    ] Entering safepoint region: Cleanup
[2019-12-11T08:33:49.670+0000][1][safepoint    ] Leaving safepoint region
[2019-12-11T08:33:49.670+0000][1][safepoint    ] Total time for which application threads were stopped: 0.0001283 seconds, Stopping threads took: 0.0000288 seconds
[2019-12-11T08:33:50.670+0000][1][safepoint    ] Application time: 1.0000839 seconds
[2019-12-11T08:33:50.670+0000][1][safepoint    ] Entering safepoint region: Cleanup
[2019-12-11T08:33:50.670+0000][1][safepoint    ] Leaving safepoint region
[2019-12-11T08:33:50.670+0000][1][safepoint    ] Total time for which application threads were stopped: 0.0001194 seconds, Stopping threads took: 0.0000266 seconds
[2019-12-11T08:33:51.671+0000][1][safepoint    ] Application time: 1.0005381 seconds
[2019-12-11T08:33:51.671+0000][1][safepoint    ] Entering safepoint region: Cleanup
[2019-12-11T08:33:51.671+0000][1][safepoint    ] Leaving safepoint region
[2019-12-11T08:33:51.671+0000][1][safepoint    ] Total time for which application threads were stopped: 0.0001357 seconds, Stopping threads took: 0.0000290 seconds
[2019-12-11T08:33:52.673+0000][1][safepoint    ] Application time: 1.0017967 seconds
[2019-12-11T08:33:52.673+0000][1][safepoint    ] Entering safepoint region: Cleanup
[2019-12-11T08:33:52.673+0000][1][safepoint    ] Leaving safepoint region
[2019-12-11T08:33:52.673+0000][1][safepoint    ] Total time for which application threads were stopped: 0.0001340 seconds, Stopping threads took: 0.0000273 seconds
[2019-12-11T08:33:53.674+0000][1][safepoint    ] Application time: 1.0008069 seconds
[2019-12-11T08:33:53.674+0000][1][safepoint    ] Entering safepoint region: Cleanup
[2019-12-11T08:33:53.674+0000][1][safepoint    ] Leaving safepoint region
[2019-12-11T08:33:53.674+0000][1][safepoint    ] Total time for which application threads were stopped: 0.0001427 seconds, Stopping threads took: 0.0000298 seconds
[2019-12-11T08:33:54.676+0000][1][safepoint    ] Application time: 1.0017886 seconds
[2019-12-11T08:33:54.676+0000][1][safepoint    ] Entering safepoint region: Cleanup
[2019-12-11T08:33:54.676+0000][1][safepoint    ] Leaving safepoint region
[2019-12-11T08:33:54.676+0000][1][safepoint    ] Total time for which application threads were stopped: 0.0001230 seconds, Stopping threads took: 0.0000240 seconds
[2019-12-11T08:33:55.679+0000][1][safepoint    ] Application time: 1.0028381 seconds
[2019-12-11T08:33:55.679+0000][1][safepoint    ] Entering safepoint region: Cleanup
[2019-12-11T08:33:55.679+0000][1][safepoint    ] Leaving safepoint region
[2019-12-11T08:33:55.679+0000][1][safepoint    ] Total time for which application threads were stopped: 0.0001423 seconds, Stopping threads took: 0.0000302 seconds
[2019-12-11T08:33:56.680+0000][1][safepoint    ] Application time: 1.0008032 seconds
[2019-12-11T08:33:56.680+0000][1][safepoint    ] Entering safepoint region: Cleanup
[2019-12-11T08:33:56.680+0000][1][safepoint    ] Leaving safepoint region
[2019-12-11T08:33:56.680+0000][1][safepoint    ] Total time for which application threads were stopped: 0.0001203 seconds, Stopping threads took: 0.0000269 seconds
[2019-12-11T08:33:57.683+0000][1][safepoint    ] Application time: 1.0028146 seconds
[2019-12-11T08:33:57.683+0000][1][safepoint    ] Entering safepoint region: Cleanup
[2019-12-11T08:33:57.683+0000][1][safepoint    ] Leaving safepoint region
[2019-12-11T08:33:57.683+0000][1][safepoint    ] Total time for which application threads were stopped: 0.0001261 seconds, Stopping threads took: 0.0000263 seconds
[2019-12-11T08:33:58.684+0000][1][safepoint    ] Application time: 1.0009559 seconds
[2019-12-11T08:33:58.684+0000][1][safepoint    ] Entering safepoint region: Cleanup
[2019-12-11T08:33:58.684+0000][1][safepoint    ] Leaving safepoint region
[2019-12-11T08:33:58.684+0000][1][safepoint    ] Total time for which application threads were stopped: 0.0001354 seconds, Stopping threads took: 0.0000288 seconds
[2019-12-11T08:33:59.684+0000][1][safepoint    ] Application time: 1.0000893 seconds
[2019-12-11T08:33:59.684+0000][1][safepoint    ] Entering safepoint region: Cleanup
[2019-12-11T08:33:59.684+0000][1][safepoint    ] Leaving safepoint region
[2019-12-11T08:33:59.684+0000][1][safepoint    ] Total time for which application threads were stopped: 0.0001267 seconds, Stopping threads took: 0.0000274 seconds
[2019-12-11T08:34:00.686+0000][1][safepoint    ] Application time: 1.0015390 seconds
[2019-12-11T08:34:00.686+0000][1][safepoint    ] Entering safepoint region: Cleanup
[2019-12-11T08:34:00.686+0000][1][safepoint    ] Leaving safepoint region
[2019-12-11T08:34:00.686+0000][1][safepoint    ] Total time for which application threads were stopped: 0.0001293 seconds, Stopping threads took: 0.0000287 seconds
[2019-12-11T08:34:01.687+0000][1][safepoint    ] Application time: 1.0006893 seconds
[2019-12-11T08:34:01.687+0000][1][safepoint    ] Entering safepoint region: Cleanup
[2019-12-11T08:34:01.687+0000][1][safepoint    ] Leaving safepoint region
[2019-12-11T08:34:01.687+0000][1][safepoint    ] Total time for which application threads were stopped: 0.0001416 seconds, Stopping threads took: 0.0000295 seconds
[2019-12-11T08:34:02.690+0000][1][safepoint    ] Application time: 1.0027594 seconds
[2019-12-11T08:34:02.690+0000][1][safepoint    ] Entering safepoint region: Cleanup
[2019-12-11T08:34:02.690+0000][1][safepoint    ] Leaving safepoint region
[2019-12-11T08:34:02.690+0000][1][safepoint    ] Total time for which application threads were stopped: 0.0001359 seconds, Stopping threads took: 0.0000301 seconds
[2019-12-11T08:34:03.694+0000][1][safepoint    ] Application time: 1.0038038 seconds
[2019-12-11T08:34:03.694+0000][1][safepoint    ] Entering safepoint region: Cleanup
[2019-12-11T08:34:03.694+0000][1][safepoint    ] Leaving safepoint region
[2019-12-11T08:34:03.694+0000][1][safepoint    ] Total time for which application threads were stopped: 0.0001408 seconds, Stopping threads took: 0.0000358 seconds
[2019-12-11T08:34:04.695+0000][1][safepoint    ] Application time: 1.0007896 seconds
[2019-12-11T08:34:04.695+0000][1][safepoint    ] Entering safepoint region: Cleanup
[2019-12-11T08:34:04.695+0000][1][safepoint    ] Leaving safepoint region
[2019-12-11T08:34:04.695+0000][1][safepoint    ] Total time for which application threads were stopped: 0.0001364 seconds, Stopping threads took: 0.0000292 seconds
[2019-12-11T08:34:05.695+0000][1][safepoint    ] Application time: 1.0004607 seconds
[2019-12-11T08:34:05.695+0000][1][safepoint    ] Entering safepoint region: Cleanup
[2019-12-11T08:34:05.696+0000][1][safepoint    ] Leaving safepoint region
[2019-12-11T08:34:05.696+0000][1][safepoint    ] Total time for which application threads were stopped: 0.0001114 seconds, Stopping threads took: 0.0000300 seconds
[2019-12-11T08:34:06.697+0000][1][safepoint    ] Application time: 1.0010533 seconds
[2019-12-11T08:34:06.697+0000][1][safepoint    ] Entering safepoint region: Cleanup
[2019-12-11T08:34:06.697+0000][1][safepoint    ] Leaving safepoint region
[2019-12-11T08:34:06.697+0000][1][safepoint    ] Total time for which application threads were stopped: 0.0001588 seconds, Stopping threads took: 0.0000302 seconds
[2019-12-11T08:34:07.699+0000][1][safepoint    ] Application time: 1.0019475 seconds
[2019-12-11T08:34:07.699+0000][1][safepoint    ] Entering safepoint region: Cleanup
[2019-12-11T08:34:07.699+0000][1][safepoint    ] Leaving safepoint region
[2019-12-11T08:34:07.699+0000][1][safepoint    ] Total time for which application threads were stopped: 0.0001456 seconds, Stopping threads took: 0.0000291 seconds
[2019-12-11T08:34:08.700+0000][1][safepoint    ] Application time: 1.0007409 seconds
[2019-12-11T08:34:08.700+0000][1][safepoint    ] Entering safepoint region: Cleanup
[2019-12-11T08:34:08.700+0000][1][safepoint    ] Leaving safepoint region
[2019-12-11T08:34:08.700+0000][1][safepoint    ] Total time for which application threads were stopped: 0.0001607 seconds, Stopping threads took: 0.0000306 seconds
[2019-12-11T08:34:09.701+0000][1][safepoint    ] Application time: 1.0007779 seconds
[2019-12-11T08:34:09.701+0000][1][safepoint    ] Entering safepoint region: Cleanup
[2019-12-11T08:34:09.701+0000][1][safepoint    ] Leaving safepoint region
[2019-12-11T08:34:09.701+0000][1][safepoint    ] Total time for which application threads were stopped: 0.0001333 seconds, Stopping threads took: 0.0000290 seconds
[2019-12-11T08:34:10.704+0000][1][safepoint    ] Application time: 1.0028159 seconds
[2019-12-11T08:34:10.704+0000][1][safepoint    ] Entering safepoint region: Cleanup
[2019-12-11T08:34:10.704+0000][1][safepoint    ] Leaving safepoint region
[2019-12-11T08:34:10.704+0000][1][safepoint    ] Total time for which application threads were stopped: 0.0001422 seconds, Stopping threads took: 0.0000289 seconds
[2019-12-11T08:34:11.707+0000][1][safepoint    ] Application time: 1.0027899 seconds
[2019-12-11T08:34:11.707+0000][1][safepoint    ] Entering safepoint region: Cleanup
[2019-12-11T08:34:11.707+0000][1][safepoint    ] Leaving safepoint region
[2019-12-11T08:34:11.707+0000][1][safepoint    ] Total time for which application threads were stopped: 0.0001198 seconds, Stopping threads took: 0.0000266 seconds
[2019-12-11T08:34:12.707+0000][1][safepoint    ] Application time: 1.0001637 seconds
[2019-12-11T08:34:12.707+0000][1][safepoint    ] Entering safepoint region: Cleanup
[2019-12-11T08:34:12.707+0000][1][safepoint    ] Leaving safepoint region
[2019-12-11T08:34:12.707+0000][1][safepoint    ] Total time for which application threads were stopped: 0.0001274 seconds, Stopping threads took: 0.0000288 seconds
[2019-12-11T08:34:13.708+0000][1][safepoint    ] Application time: 1.0005080 seconds
[2019-12-11T08:34:13.708+0000][1][safepoint    ] Entering safepoint region: Cleanup
[2019-12-11T08:34:13.708+0000][1][safepoint    ] Leaving safepoint region
[2019-12-11T08:34:13.708+0000][1][safepoint    ] Total time for which application threads were stopped: 0.0001366 seconds, Stopping threads took: 0.0000303 seconds
[2019-12-11T08:34:14.710+0000][1][safepoint    ] Application time: 1.0018001 seconds
[2019-12-11T08:34:14.710+0000][1][safepoint    ] Entering safepoint region: Cleanup
[2019-12-11T08:34:14.710+0000][1][safepoint    ] Leaving safepoint region
[2019-12-11T08:34:14.710+0000][1][safepoint    ] Total time for which application threads were stopped: 0.0001507 seconds, Stopping threads took: 0.0000289 seconds
[2019-12-11T08:34:15.712+0000][1][safepoint    ] Application time: 1.0018091 seconds
[2019-12-11T08:34:15.712+0000][1][safepoint    ] Entering safepoint region: Cleanup
[2019-12-11T08:34:15.712+0000][1][safepoint    ] Leaving safepoint region
[2019-12-11T08:34:15.712+0000][1][safepoint    ] Total time for which application threads were stopped: 0.0001406 seconds, Stopping threads took: 0.0000367 seconds
[2019-12-11T08:34:16.715+0000][1][safepoint    ] Application time: 1.0027549 seconds
[2019-12-11T08:34:16.715+0000][1][safepoint    ] Entering safepoint region: Cleanup
[2019-12-11T08:34:16.715+0000][1][safepoint    ] Leaving safepoint region
[2019-12-11T08:34:16.715+0000][1][safepoint    ] Total time for which application threads were stopped: 0.0001389 seconds, Stopping threads took: 0.0000293 seconds
[2019-12-11T08:34:17.716+0000][1][safepoint    ] Application time: 1.0008513 seconds
[2019-12-11T08:34:17.716+0000][1][safepoint    ] Entering safepoint region: Cleanup
[2019-12-11T08:34:17.716+0000][1][safepoint    ] Leaving safepoint region
[2019-12-11T08:34:17.716+0000][1][safepoint    ] Total time for which application threads were stopped: 0.0001318 seconds, Stopping threads took: 0.0000283 seconds
[2019-12-11T08:34:18.717+0000][1][safepoint    ] Application time: 1.0007887 seconds
[2019-12-11T08:34:18.717+0000][1][safepoint    ] Entering safepoint region: Cleanup
[2019-12-11T08:34:18.717+0000][1][safepoint    ] Leaving safepoint region
[2019-12-11T08:34:18.717+0000][1][safepoint    ] Total time for which application threads were stopped: 0.0001416 seconds, Stopping threads took: 0.0000275 seconds
[2019-12-11T08:34:19.720+0000][1][safepoint    ] Application time: 1.0027604 seconds
[2019-12-11T08:34:19.720+0000][1][safepoint    ] Entering safepoint region: Cleanup
[2019-12-11T08:34:19.720+0000][1][safepoint    ] Leaving safepoint region
[2019-12-11T08:34:19.720+0000][1][safepoint    ] Total time for which application threads were stopped: 0.0001588 seconds, Stopping threads took: 0.0000404 seconds
[2019-12-11T08:34:20.721+0000][1][safepoint    ] Application time: 1.0007960 seconds
[2019-12-11T08:34:20.721+0000][1][safepoint    ] Entering safepoint region: Cleanup
[2019-12-11T08:34:20.721+0000][1][safepoint    ] Leaving safepoint region
[2019-12-11T08:34:20.721+0000][1][safepoint    ] Total time for which application threads were stopped: 0.0001442 seconds, Stopping threads took: 0.0000276 seconds
[2019-12-11T08:34:21.722+0000][1][safepoint    ] Application time: 1.0008144 seconds
[2019-12-11T08:34:21.722+0000][1][safepoint    ] Entering safepoint region: Cleanup
[2019-12-11T08:34:21.722+0000][1][safepoint    ] Leaving safepoint region
[2019-12-11T08:34:21.722+0000][1][safepoint    ] Total time for which application threads were stopped: 0.0001330 seconds, Stopping threads took: 0.0000293 seconds
[2019-12-11T08:34:22.723+0000][1][safepoint    ] Application time: 1.0007938 seconds
[2019-12-11T08:34:22.723+0000][1][safepoint    ] Entering safepoint region: Cleanup
[2019-12-11T08:34:22.723+0000][1][safepoint    ] Leaving safepoint region
[2019-12-11T08:34:22.723+0000][1][safepoint    ] Total time for which application threads were stopped: 0.0001282 seconds, Stopping threads took: 0.0000284 seconds
[2019-12-11T08:34:23.726+0000][1][safepoint    ] Application time: 1.0028018 seconds
[2019-12-11T08:34:23.726+0000][1][safepoint    ] Entering safepoint region: Cleanup
[2019-12-11T08:34:23.726+0000][1][safepoint    ] Leaving safepoint region
[2019-12-11T08:34:23.726+0000][1][safepoint    ] Total time for which application threads were stopped: 0.0001307 seconds, Stopping threads took: 0.0000282 seconds
[2019-12-11T08:34:24.729+0000][1][safepoint    ] Application time: 1.0028163 seconds
[2019-12-11T08:34:24.729+0000][1][safepoint    ] Entering safepoint region: Cleanup
[2019-12-11T08:34:24.729+0000][1][safepoint    ] Leaving safepoint region
[2019-12-11T08:34:24.729+0000][1][safepoint    ] Total time for which application threads were stopped: 0.0001539 seconds, Stopping threads took: 0.0000418 seconds
[2019-12-11T08:34:25.733+0000][1][safepoint    ] Application time: 1.0038018 seconds
[2019-12-11T08:34:25.733+0000][1][safepoint    ] Entering safepoint region: Cleanup
[2019-12-11T08:34:25.733+0000][1][safepoint    ] Leaving safepoint region
[2019-12-11T08:34:25.733+0000][1][safepoint    ] Total time for which application threads were stopped: 0.0001643 seconds, Stopping threads took: 0.0000270 seconds
[2019-12-11T08:34:26.735+0000][1][safepoint    ] Application time: 1.0017580 seconds
[2019-12-11T08:34:26.735+0000][1][safepoint    ] Entering safepoint region: Cleanup
[2019-12-11T08:34:26.735+0000][1][safepoint    ] Leaving safepoint region
[2019-12-11T08:34:26.735+0000][1][safepoint    ] Total time for which application threads were stopped: 0.0001258 seconds, Stopping threads took: 0.0000277 seconds
[2019-12-11T08:34:27.739+0000][1][safepoint    ] Application time: 1.0038192 seconds
[2019-12-11T08:34:27.739+0000][1][safepoint    ] Entering safepoint region: Cleanup
[2019-12-11T08:34:27.739+0000][1][safepoint    ] Leaving safepoint region
[2019-12-11T08:34:27.739+0000][1][safepoint    ] Total time for which application threads were stopped: 0.0001493 seconds, Stopping threads took: 0.0000298 seconds
[2019-12-11T08:34:28.741+0000][1][safepoint    ] Application time: 1.0017903 seconds
[2019-12-11T08:34:28.741+0000][1][safepoint    ] Entering safepoint region: Cleanup
[2019-12-11T08:34:28.741+0000][1][safepoint    ] Leaving safepoint region
[2019-12-11T08:34:28.741+0000][1][safepoint    ] Total time for which application threads were stopped: 0.0001435 seconds, Stopping threads took: 0.0000291 seconds
[2019-12-11T08:34:29.745+0000][1][safepoint    ] Application time: 1.0038191 seconds
[2019-12-11T08:34:29.745+0000][1][safepoint    ] Entering safepoint region: Cleanup
[2019-12-11T08:34:29.745+0000][1][safepoint    ] Leaving safepoint region
[2019-12-11T08:34:29.745+0000][1][safepoint    ] Total time for which application threads were stopped: 0.0001322 seconds, Stopping threads took: 0.0000281 seconds
[2019-12-11T08:34:30.745+0000][1][safepoint    ] Application time: 1.0001583 seconds
[2019-12-11T08:34:30.745+0000][1][safepoint    ] Entering safepoint region: Cleanup
[2019-12-11T08:34:30.745+0000][1][safepoint    ] Leaving safepoint region
[2019-12-11T08:34:30.745+0000][1][safepoint    ] Total time for which application threads were stopped: 0.0001185 seconds, Stopping threads took: 0.0000264 seconds
[2019-12-11T08:34:31.746+0000][1][safepoint    ] Application time: 1.0004612 seconds
[2019-12-11T08:34:31.746+0000][1][safepoint    ] Entering safepoint region: Cleanup
[2019-12-11T08:34:31.746+0000][1][safepoint    ] Leaving safepoint region
[2019-12-11T08:34:31.746+0000][1][safepoint    ] Total time for which application threads were stopped: 0.0001275 seconds, Stopping threads took: 0.0000261 seconds
[2019-12-11T08:34:32.749+0000][1][safepoint    ] Application time: 1.0028163 seconds
[2019-12-11T08:34:32.749+0000][1][safepoint    ] Entering safepoint region: Cleanup
[2019-12-11T08:34:32.749+0000][1][safepoint    ] Leaving safepoint region
[2019-12-11T08:34:32.749+0000][1][safepoint    ] Total time for which application threads were stopped: 0.0001373 seconds, Stopping threads took: 0.0000299 seconds
[2019-12-11T08:34:33.754+0000][1][safepoint    ] Application time: 1.0048637 seconds
[2019-12-11T08:34:33.754+0000][1][safepoint    ] Entering safepoint region: Cleanup
[2019-12-11T08:34:33.754+0000][1][safepoint    ] Leaving safepoint region
[2019-12-11T08:34:33.754+0000][1][safepoint    ] Total time for which application threads were stopped: 0.0001367 seconds, Stopping threads took: 0.0000299 seconds
[2019-12-11T08:34:34.755+0000][1][safepoint    ] Application time: 1.0008200 seconds
[2019-12-11T08:34:34.755+0000][1][safepoint    ] Entering safepoint region: Cleanup
[2019-12-11T08:34:34.755+0000][1][safepoint    ] Leaving safepoint region
[2019-12-11T08:34:34.755+0000][1][safepoint    ] Total time for which application threads were stopped: 0.0001302 seconds, Stopping threads took: 0.0000283 seconds
[2019-12-11T08:34:35.759+0000][1][safepoint    ] Application time: 1.0037209 seconds
[2019-12-11T08:34:35.759+0000][1][safepoint    ] Entering safepoint region: Cleanup
[2019-12-11T08:34:35.759+0000][1][safepoint    ] Leaving safepoint region
[2019-12-11T08:34:35.759+0000][1][safepoint    ] Total time for which application threads were stopped: 0.0001465 seconds, Stopping threads took: 0.0000406 seconds
[2019-12-11T08:34:36.760+0000][1][safepoint    ] Application time: 1.0009487 seconds
[2019-12-11T08:34:36.760+0000][1][safepoint    ] Entering safepoint region: Cleanup
[2019-12-11T08:34:36.760+0000][1][safepoint    ] Leaving safepoint region
[2019-12-11T08:34:36.760+0000][1][safepoint    ] Total time for which application threads were stopped: 0.0001335 seconds, Stopping threads took: 0.0000299 seconds
[2019-12-11T08:34:37.764+0000][1][safepoint    ] Application time: 1.0038754 seconds
[2019-12-11T08:34:37.764+0000][1][safepoint    ] Entering safepoint region: Cleanup
[2019-12-11T08:34:37.764+0000][1][safepoint    ] Leaving safepoint region
[2019-12-11T08:34:37.764+0000][1][safepoint    ] Total time for which application threads were stopped: 0.0001385 seconds, Stopping threads took: 0.0000301 seconds
[2019-12-11T08:34:38.766+0000][1][safepoint    ] Application time: 1.0016422 seconds
[2019-12-11T08:34:38.766+0000][1][safepoint    ] Entering safepoint region: Cleanup
[2019-12-11T08:34:38.766+0000][1][safepoint    ] Leaving safepoint region
[2019-12-11T08:34:38.766+0000][1][safepoint    ] Total time for which application threads were stopped: 0.0001485 seconds, Stopping threads took: 0.0000408 seconds
[2019-12-11T08:34:39.766+0000][1][safepoint    ] Application time: 1.0000884 seconds
[2019-12-11T08:34:39.766+0000][1][safepoint    ] Entering safepoint region: Cleanup
[2019-12-11T08:34:39.766+0000][1][safepoint    ] Leaving safepoint region
[2019-12-11T08:34:39.766+0000][1][safepoint    ] Total time for which application threads were stopped: 0.0001438 seconds, Stopping threads took: 0.0000303 seconds
[2019-12-11T08:34:40.767+0000][1][safepoint    ] Application time: 1.0004347 seconds
[2019-12-11T08:34:40.767+0000][1][safepoint    ] Entering safepoint region: Cleanup
[2019-12-11T08:34:40.767+0000][1][safepoint    ] Leaving safepoint region
[2019-12-11T08:34:40.767+0000][1][safepoint    ] Total time for which application threads were stopped: 0.0001496 seconds, Stopping threads took: 0.0000300 seconds
[2019-12-11T08:34:41.768+0000][1][safepoint    ] Application time: 1.0008226 seconds
[2019-12-11T08:34:41.768+0000][1][safepoint    ] Entering safepoint region: Cleanup
[2019-12-11T08:34:41.768+0000][1][safepoint    ] Leaving safepoint region
[2019-12-11T08:34:41.768+0000][1][safepoint    ] Total time for which application threads were stopped: 0.0001520 seconds, Stopping threads took: 0.0000406 seconds
[2019-12-11T08:34:42.771+0000][1][safepoint    ] Application time: 1.0027657 seconds
[2019-12-11T08:34:42.771+0000][1][safepoint    ] Entering safepoint region: Cleanup
[2019-12-11T08:34:42.771+0000][1][safepoint    ] Leaving safepoint region
[2019-12-11T08:34:42.771+0000][1][safepoint    ] Total time for which application threads were stopped: 0.0001402 seconds, Stopping threads took: 0.0000312 seconds
[2019-12-11T08:34:43.774+0000][1][safepoint    ] Application time: 1.0028240 seconds
[2019-12-11T08:34:43.774+0000][1][safepoint    ] Entering safepoint region: Cleanup
[2019-12-11T08:34:43.774+0000][1][safepoint    ] Leaving safepoint region
[2019-12-11T08:34:43.774+0000][1][safepoint    ] Total time for which application threads were stopped: 0.0001306 seconds, Stopping threads took: 0.0000297 seconds
[2019-12-11T08:34:44.780+0000][1][safepoint    ] Application time: 1.0057983 seconds
[2019-12-11T08:34:44.780+0000][1][safepoint    ] Entering safepoint region: Cleanup
[2019-12-11T08:34:44.780+0000][1][safepoint    ] Leaving safepoint region
[2019-12-11T08:34:44.780+0000][1][safepoint    ] Total time for which application threads were stopped: 0.0001256 seconds, Stopping threads took: 0.0000303 seconds
[2019-12-11T08:34:45.781+0000][1][safepoint    ] Application time: 1.0008848 seconds
[2019-12-11T08:34:45.781+0000][1][safepoint    ] Entering safepoint region: Cleanup
[2019-12-11T08:34:45.782+0000][1][safepoint    ] Leaving safepoint region
[2019-12-11T08:34:45.782+0000][1][safepoint    ] Total time for which application threads were stopped: 0.0006189 seconds, Stopping threads took: 0.0001327 seconds
[2019-12-11T08:34:46.783+0000][1][safepoint    ] Application time: 1.0009632 seconds
[2019-12-11T08:34:46.783+0000][1][safepoint    ] Entering safepoint region: Cleanup
[2019-12-11T08:34:46.783+0000][1][safepoint    ] Leaving safepoint region
[2019-12-11T08:34:46.783+0000][1][safepoint    ] Total time for which application threads were stopped: 0.0001401 seconds, Stopping threads took: 0.0000303 seconds
[2019-12-11T08:34:47.786+0000][1][safepoint    ] Application time: 1.0028214 seconds
[2019-12-11T08:34:47.786+0000][1][safepoint    ] Entering safepoint region: Cleanup
[2019-12-11T08:34:47.786+0000][1][safepoint    ] Leaving safepoint region
[2019-12-11T08:34:47.786+0000][1][safepoint    ] Total time for which application threads were stopped: 0.0001380 seconds, Stopping threads took: 0.0000305 seconds
[2019-12-11T08:34:48.787+0000][1][safepoint    ] Application time: 1.0007777 seconds
[2019-12-11T08:34:48.787+0000][1][safepoint    ] Entering safepoint region: Cleanup
[2019-12-11T08:34:48.787+0000][1][safepoint    ] Leaving safepoint region
[2019-12-11T08:34:48.787+0000][1][safepoint    ] Total time for which application threads were stopped: 0.0001456 seconds, Stopping threads took: 0.0000295 seconds
[2019-12-11T08:34:49.787+0000][1][safepoint    ] Application time: 1.0002756 seconds
[2019-12-11T08:34:49.787+0000][1][safepoint    ] Entering safepoint region: Cleanup
[2019-12-11T08:34:49.787+0000][1][safepoint    ] Leaving safepoint region
[2019-12-11T08:34:49.787+0000][1][safepoint    ] Total time for which application threads were stopped: 0.0001383 seconds, Stopping threads took: 0.0000293 seconds
[2019-12-11T08:34:50.789+0000][1][safepoint    ] Application time: 1.0013475 seconds
[2019-12-11T08:34:50.789+0000][1][safepoint    ] Entering safepoint region: Cleanup
[2019-12-11T08:34:50.789+0000][1][safepoint    ] Leaving safepoint region
[2019-12-11T08:34:50.789+0000][1][safepoint    ] Total time for which application threads were stopped: 0.0001383 seconds, Stopping threads took: 0.0000287 seconds
[2019-12-11T08:34:51.793+0000][1][safepoint    ] Application time: 1.0038054 seconds
[2019-12-11T08:34:51.793+0000][1][safepoint    ] Entering safepoint region: Cleanup
[2019-12-11T08:34:51.793+0000][1][safepoint    ] Leaving safepoint region
[2019-12-11T08:34:51.793+0000][1][safepoint    ] Total time for which application threads were stopped: 0.0001346 seconds, Stopping threads took: 0.0000288 seconds
[2019-12-11T08:34:52.795+0000][1][safepoint    ] Application time: 1.0021636 seconds
[2019-12-11T08:34:52.796+0000][1][safepoint    ] Entering safepoint region: Cleanup
[2019-12-11T08:34:52.796+0000][1][safepoint    ] Leaving safepoint region
[2019-12-11T08:34:52.796+0000][1][safepoint    ] Total time for which application threads were stopped: 0.0004966 seconds, Stopping threads took: 0.0001718 seconds
[2019-12-11T08:34:53.799+0000][1][safepoint    ] Application time: 1.0028334 seconds
[2019-12-11T08:34:53.799+0000][1][safepoint    ] Entering safepoint region: Cleanup
[2019-12-11T08:34:53.799+0000][1][safepoint    ] Leaving safepoint region
[2019-12-11T08:34:53.799+0000][1][safepoint    ] Total time for which application threads were stopped: 0.0001529 seconds, Stopping threads took: 0.0000324 seconds
[2019-12-11T08:34:54.803+0000][1][safepoint    ] Application time: 1.0038082 seconds
[2019-12-11T08:34:54.803+0000][1][safepoint    ] Entering safepoint region: Cleanup
[2019-12-11T08:34:54.803+0000][1][safepoint    ] Leaving safepoint region
[2019-12-11T08:34:54.803+0000][1][safepoint    ] Total time for which application threads were stopped: 0.0001315 seconds, Stopping threads took: 0.0000276 seconds
[2019-12-11T08:34:55.806+0000][1][safepoint    ] Application time: 1.0027907 seconds
[2019-12-11T08:34:55.806+0000][1][safepoint    ] Entering safepoint region: Cleanup
[2019-12-11T08:34:55.806+0000][1][safepoint    ] Leaving safepoint region
[2019-12-11T08:34:55.806+0000][1][safepoint    ] Total time for which application threads were stopped: 0.0001401 seconds, Stopping threads took: 0.0000271 seconds
[2019-12-11T08:34:56.806+0000][1][safepoint    ] Application time: 1.0000874 seconds
[2019-12-11T08:34:56.806+0000][1][safepoint    ] Entering safepoint region: Cleanup
[2019-12-11T08:34:56.806+0000][1][safepoint    ] Leaving safepoint region
[2019-12-11T08:34:56.806+0000][1][safepoint    ] Total time for which application threads were stopped: 0.0001239 seconds, Stopping threads took: 0.0000264 seconds
[2019-12-11T08:34:57.810+0000][1][safepoint    ] Application time: 1.0035508 seconds
[2019-12-11T08:34:57.810+0000][1][safepoint    ] Entering safepoint region: Cleanup
[2019-12-11T08:34:57.810+0000][1][safepoint    ] Leaving safepoint region
[2019-12-11T08:34:57.810+0000][1][safepoint    ] Total time for which application threads were stopped: 0.0001510 seconds, Stopping threads took: 0.0000283 seconds
[2019-12-11T08:34:58.814+0000][1][safepoint    ] Application time: 1.0037635 seconds
[2019-12-11T08:34:58.814+0000][1][safepoint    ] Entering safepoint region: Cleanup
[2019-12-11T08:34:58.814+0000][1][safepoint    ] Leaving safepoint region
[2019-12-11T08:34:58.814+0000][1][safepoint    ] Total time for which application threads were stopped: 0.0001305 seconds, Stopping threads took: 0.0000285 seconds
[2019-12-11T08:34:59.818+0000][1][safepoint    ] Application time: 1.0038315 seconds
[2019-12-11T08:34:59.818+0000][1][safepoint    ] Entering safepoint region: Cleanup
[2019-12-11T08:34:59.818+0000][1][safepoint    ] Leaving safepoint region
[2019-12-11T08:34:59.818+0000][1][safepoint    ] Total time for which application threads were stopped: 0.0001294 seconds, Stopping threads took: 0.0000281 seconds
[2019-12-11T08:35:00.822+0000][1][safepoint    ] Application time: 1.0037985 seconds
[2019-12-11T08:35:00.822+0000][1][safepoint    ] Entering safepoint region: Cleanup
[2019-12-11T08:35:00.822+0000][1][safepoint    ] Leaving safepoint region
[2019-12-11T08:35:00.822+0000][1][safepoint    ] Total time for which application threads were stopped: 0.0001387 seconds, Stopping threads took: 0.0000303 seconds
[2019-12-11T08:35:01.829+0000][1][safepoint    ] Application time: 1.0067741 seconds
[2019-12-11T08:35:01.829+0000][1][safepoint    ] Entering safepoint region: Cleanup
[2019-12-11T08:35:01.829+0000][1][safepoint    ] Leaving safepoint region
[2019-12-11T08:35:01.829+0000][1][safepoint    ] Total time for which application threads were stopped: 0.0001609 seconds, Stopping threads took: 0.0000273 seconds
[2019-12-11T08:35:02.829+0000][1][safepoint    ] Application time: 1.0000893 seconds
[2019-12-11T08:35:02.829+0000][1][safepoint    ] Entering safepoint region: Cleanup
[2019-12-11T08:35:02.829+0000][1][safepoint    ] Leaving safepoint region
[2019-12-11T08:35:02.829+0000][1][safepoint    ] Total time for which application threads were stopped: 0.0001170 seconds, Stopping threads took: 0.0000256 seconds
[2019-12-11T08:35:03.833+0000][1][safepoint    ] Application time: 1.0035696 seconds
[2019-12-11T08:35:03.833+0000][1][safepoint    ] Entering safepoint region: Cleanup
[2019-12-11T08:35:03.833+0000][1][safepoint    ] Leaving safepoint region
[2019-12-11T08:35:03.833+0000][1][safepoint    ] Total time for which application threads were stopped: 0.0001362 seconds, Stopping threads took: 0.0000308 seconds
[2019-12-11T08:35:04.837+0000][1][safepoint    ] Application time: 1.0038179 seconds
[2019-12-11T08:35:04.837+0000][1][safepoint    ] Entering safepoint region: Cleanup
[2019-12-11T08:35:04.837+0000][1][safepoint    ] Leaving safepoint region
[2019-12-11T08:35:04.837+0000][1][safepoint    ] Total time for which application threads were stopped: 0.0001340 seconds, Stopping threads took: 0.0000304 seconds
[2019-12-11T08:35:05.839+0000][1][safepoint    ] Application time: 1.0017903 seconds
[2019-12-11T08:35:05.839+0000][1][safepoint    ] Entering safepoint region: Cleanup
[2019-12-11T08:35:05.839+0000][1][safepoint    ] Leaving safepoint region
[2019-12-11T08:35:05.839+0000][1][safepoint    ] Total time for which application threads were stopped: 0.0001417 seconds, Stopping threads took: 0.0000283 seconds
[2019-12-11T08:35:06.841+0000][1][safepoint    ] Application time: 1.0017841 seconds
[2019-12-11T08:35:06.841+0000][1][safepoint    ] Entering safepoint region: Cleanup
[2019-12-11T08:35:06.841+0000][1][safepoint    ] Leaving safepoint region
[2019-12-11T08:35:06.841+0000][1][safepoint    ] Total time for which application threads were stopped: 0.0001381 seconds, Stopping threads took: 0.0000287 seconds
[2019-12-11T08:35:07.842+0000][1][safepoint    ] Application time: 1.0008367 seconds
[2019-12-11T08:35:07.842+0000][1][safepoint    ] Entering safepoint region: Cleanup
[2019-12-11T08:35:07.842+0000][1][safepoint    ] Leaving safepoint region
[2019-12-11T08:35:07.842+0000][1][safepoint    ] Total time for which application threads were stopped: 0.0001420 seconds, Stopping threads took: 0.0000284 seconds
[2019-12-11T08:35:08.842+0000][1][safepoint    ] Application time: 1.0000847 seconds
[2019-12-11T08:35:08.842+0000][1][safepoint    ] Entering safepoint region: Cleanup
[2019-12-11T08:35:08.842+0000][1][safepoint    ] Leaving safepoint region
[2019-12-11T08:35:08.842+0000][1][safepoint    ] Total time for which application threads were stopped: 0.0001220 seconds, Stopping threads took: 0.0000368 seconds
[2019-12-11T08:35:09.844+0000][1][safepoint    ] Application time: 1.0015054 seconds
[2019-12-11T08:35:09.844+0000][1][safepoint    ] Entering safepoint region: Cleanup
[2019-12-11T08:35:09.844+0000][1][safepoint    ] Leaving safepoint region
[2019-12-11T08:35:09.844+0000][1][safepoint    ] Total time for which application threads were stopped: 0.0001475 seconds, Stopping threads took: 0.0000414 seconds
[2019-12-11T08:35:10.844+0000][1][safepoint    ] Application time: 1.0001000 seconds
[2019-12-11T08:35:10.844+0000][1][safepoint    ] Entering safepoint region: Cleanup
[2019-12-11T08:35:10.844+0000][1][safepoint    ] Leaving safepoint region
[2019-12-11T08:35:10.844+0000][1][safepoint    ] Total time for which application threads were stopped: 0.0001425 seconds, Stopping threads took: 0.0000305 seconds
[2019-12-11T08:35:11.847+0000][1][safepoint    ] Application time: 1.0025376 seconds
[2019-12-11T08:35:11.847+0000][1][safepoint    ] Entering safepoint region: Cleanup
[2019-12-11T08:35:11.847+0000][1][safepoint    ] Leaving safepoint region
[2019-12-11T08:35:11.847+0000][1][safepoint    ] Total time for which application threads were stopped: 0.0001344 seconds, Stopping threads took: 0.0000283 seconds
[2019-12-11T08:35:12.849+0000][1][safepoint    ] Application time: 1.0017661 seconds
[2019-12-11T08:35:12.849+0000][1][safepoint    ] Entering safepoint region: Cleanup
[2019-12-11T08:35:12.849+0000][1][safepoint    ] Leaving safepoint region
[2019-12-11T08:35:12.849+0000][1][safepoint    ] Total time for which application threads were stopped: 0.0001339 seconds, Stopping threads took: 0.0000301 seconds
[2019-12-11T08:35:13.850+0000][1][safepoint    ] Application time: 1.0009200 seconds
[2019-12-11T08:35:13.850+0000][1][safepoint    ] Entering safepoint region: Cleanup
[2019-12-11T08:35:13.850+0000][1][safepoint    ] Leaving safepoint region
[2019-12-11T08:35:13.850+0000][1][safepoint    ] Total time for which application threads were stopped: 0.0001427 seconds, Stopping threads took: 0.0000298 seconds
[2019-12-11T08:35:14.851+0000][1][safepoint    ] Application time: 1.0006876 seconds
[2019-12-11T08:35:14.851+0000][1][safepoint    ] Entering safepoint region: Cleanup
[2019-12-11T08:35:14.851+0000][1][safepoint    ] Leaving safepoint region
[2019-12-11T08:35:14.851+0000][1][safepoint    ] Total time for which application threads were stopped: 0.0001328 seconds, Stopping threads took: 0.0000375 seconds
[2019-12-11T08:35:15.855+0000][1][safepoint    ] Application time: 1.0037952 seconds
[2019-12-11T08:35:15.855+0000][1][safepoint    ] Entering safepoint region: Cleanup
[2019-12-11T08:35:15.855+0000][1][safepoint    ] Leaving safepoint region
[2019-12-11T08:35:15.855+0000][1][safepoint    ] Total time for which application threads were stopped: 0.0001228 seconds, Stopping threads took: 0.0000265 seconds
[2019-12-11T08:35:16.856+0000][1][safepoint    ] Application time: 1.0008172 seconds
[2019-12-11T08:35:16.856+0000][1][safepoint    ] Entering safepoint region: Cleanup
[2019-12-11T08:35:16.856+0000][1][safepoint    ] Leaving safepoint region
[2019-12-11T08:35:16.856+0000][1][safepoint    ] Total time for which application threads were stopped: 0.0001353 seconds, Stopping threads took: 0.0000309 seconds
[2019-12-11T08:35:17.861+0000][1][safepoint    ] Application time: 1.0048018 seconds
[2019-12-11T08:35:17.861+0000][1][safepoint    ] Entering safepoint region: Cleanup
[2019-12-11T08:35:17.861+0000][1][safepoint    ] Leaving safepoint region
[2019-12-11T08:35:17.861+0000][1][safepoint    ] Total time for which application threads were stopped: 0.0001356 seconds, Stopping threads took: 0.0000311 seconds
[2019-12-11T08:35:18.864+0000][1][safepoint    ] Application time: 1.0028035 seconds
[2019-12-11T08:35:18.864+0000][1][safepoint    ] Entering safepoint region: Cleanup
[2019-12-11T08:35:18.864+0000][1][safepoint    ] Leaving safepoint region
[2019-12-11T08:35:18.864+0000][1][safepoint    ] Total time for which application threads were stopped: 0.0001426 seconds, Stopping threads took: 0.0000312 seconds
[2019-12-11T08:35:19.868+0000][1][safepoint    ] Application time: 1.0038003 seconds
[2019-12-11T08:35:19.868+0000][1][safepoint    ] Entering safepoint region: Cleanup
[2019-12-11T08:35:19.868+0000][1][safepoint    ] Leaving safepoint region
[2019-12-11T08:35:19.868+0000][1][safepoint    ] Total time for which application threads were stopped: 0.0001321 seconds, Stopping threads took: 0.0000276 seconds
[2019-12-11T08:35:20.870+0000][1][safepoint    ] Application time: 1.0018913 seconds
[2019-12-11T08:35:20.870+0000][1][safepoint    ] Entering safepoint region: Cleanup
[2019-12-11T08:35:20.870+0000][1][safepoint    ] Leaving safepoint region
[2019-12-11T08:35:20.870+0000][1][safepoint    ] Total time for which application threads were stopped: 0.0001271 seconds, Stopping threads took: 0.0000288 seconds
[2019-12-11T08:35:21.871+0000][1][safepoint    ] Application time: 1.0007930 seconds
[2019-12-11T08:35:21.871+0000][1][safepoint    ] Entering safepoint region: Cleanup
[2019-12-11T08:35:21.871+0000][1][safepoint    ] Leaving safepoint region
[2019-12-11T08:35:21.871+0000][1][safepoint    ] Total time for which application threads were stopped: 0.0001231 seconds, Stopping threads took: 0.0000274 seconds
[2019-12-11T08:35:22.875+0000][1][safepoint    ] Application time: 1.0037607 seconds
[2019-12-11T08:35:22.875+0000][1][safepoint    ] Entering safepoint region: Cleanup
[2019-12-11T08:35:22.875+0000][1][safepoint    ] Leaving safepoint region
[2019-12-11T08:35:22.875+0000][1][safepoint    ] Total time for which application threads were stopped: 0.0001255 seconds, Stopping threads took: 0.0000289 seconds
[2019-12-11T08:35:23.876+0000][1][safepoint    ] Application time: 1.0008260 seconds
[2019-12-11T08:35:23.876+0000][1][safepoint    ] Entering safepoint region: Cleanup
[2019-12-11T08:35:23.876+0000][1][safepoint    ] Leaving safepoint region
[2019-12-11T08:35:23.876+0000][1][safepoint    ] Total time for which application threads were stopped: 0.0001349 seconds, Stopping threads took: 0.0000270 seconds
[2019-12-11T08:35:24.878+0000][1][safepoint    ] Application time: 1.0018355 seconds
[2019-12-11T08:35:24.878+0000][1][safepoint    ] Entering safepoint region: Cleanup
[2019-12-11T08:35:24.878+0000][1][safepoint    ] Leaving safepoint region
[2019-12-11T08:35:24.878+0000][1][safepoint    ] Total time for which application threads were stopped: 0.0001306 seconds, Stopping threads took: 0.0000299 seconds
[2019-12-11T08:35:25.885+0000][1][safepoint    ] Application time: 1.0067970 seconds
[2019-12-11T08:35:25.885+0000][1][safepoint    ] Entering safepoint region: Cleanup
[2019-12-11T08:35:25.885+0000][1][safepoint    ] Leaving safepoint region
[2019-12-11T08:35:25.885+0000][1][safepoint    ] Total time for which application threads were stopped: 0.0001442 seconds, Stopping threads took: 0.0000291 seconds
[2019-12-11T08:35:26.197+0000][1][safepoint    ] Application time: 0.3119051 seconds
[2019-12-11T08:35:26.197+0000][1][safepoint    ] Entering safepoint region: GenCollectForAllocation
[2019-12-11T08:35:26.197+0000][1][gc,start     ] GC(29) Pause Young (Allocation Failure)
[2019-12-11T08:35:26.197+0000][1][gc,task      ] GC(29) Using 2 workers of 2 for evacuation
[2019-12-11T08:35:26.211+0000][1][gc,age       ] GC(29) Desired survivor size 4456448 bytes, new threshold 6 (max threshold 6)
[2019-12-11T08:35:26.211+0000][1][gc,age       ] GC(29) Age table with threshold 6 (max threshold 6)
[2019-12-11T08:35:26.211+0000][1][gc,age       ] GC(29) - age   1:      17712 bytes,      17712 total
[2019-12-11T08:35:26.211+0000][1][gc,age       ] GC(29) - age   2:      16248 bytes,      33960 total
[2019-12-11T08:35:26.211+0000][1][gc,age       ] GC(29) - age   3:     180240 bytes,     214200 total
[2019-12-11T08:35:26.211+0000][1][gc,age       ] GC(29) - age   4:     373624 bytes,     587824 total
[2019-12-11T08:35:26.212+0000][1][gc,heap      ] GC(29) ParNew: 70801K->872K(78656K)
[2019-12-11T08:35:26.212+0000][1][gc,heap      ] GC(29) CMS: 73266K->73266K(174784K)
[2019-12-11T08:35:26.212+0000][1][gc,metaspace ] GC(29) Metaspace: 77299K->77299K(1120256K)
[2019-12-11T08:35:26.212+0000][1][gc           ] GC(29) Pause Young (Allocation Failure) 140M->72M(247M) 14.499ms
[2019-12-11T08:35:26.212+0000][1][gc,cpu       ] GC(29) User=0.01s Sys=0.00s Real=0.01s
[2019-12-11T08:35:26.212+0000][1][safepoint    ] Leaving safepoint region
[2019-12-11T08:35:26.212+0000][1][safepoint    ] Total time for which application threads were stopped: 0.0147273 seconds, Stopping threads took: 0.0000269 seconds
[2019-12-11T08:35:27.213+0000][1][safepoint    ] Application time: 1.0011129 seconds
[2019-12-11T08:35:27.213+0000][1][safepoint    ] Entering safepoint region: Cleanup
[2019-12-11T08:35:27.213+0000][1][safepoint    ] Leaving safepoint region
[2019-12-11T08:35:27.213+0000][1][safepoint    ] Total time for which application threads were stopped: 0.0001378 seconds, Stopping threads took: 0.0000293 seconds
[2019-12-11T08:35:28.214+0000][1][safepoint    ] Application time: 1.0013368 seconds
[2019-12-11T08:35:28.214+0000][1][safepoint    ] Entering safepoint region: Cleanup
[2019-12-11T08:35:28.214+0000][1][safepoint    ] Leaving safepoint region
[2019-12-11T08:35:28.214+0000][1][safepoint    ] Total time for which application threads were stopped: 0.0001359 seconds, Stopping threads took: 0.0000293 seconds
[2019-12-11T08:35:29.215+0000][1][safepoint    ] Application time: 1.0000910 seconds
[2019-12-11T08:35:29.215+0000][1][safepoint    ] Entering safepoint region: Cleanup
[2019-12-11T08:35:29.215+0000][1][safepoint    ] Leaving safepoint region
[2019-12-11T08:35:29.215+0000][1][safepoint    ] Total time for which application threads were stopped: 0.0001557 seconds, Stopping threads took: 0.0000286 seconds
[2019-12-11T08:35:30.217+0000][1][safepoint    ] Application time: 1.0019586 seconds
[2019-12-11T08:35:30.217+0000][1][safepoint    ] Entering safepoint region: Cleanup
[2019-12-11T08:35:30.217+0000][1][safepoint    ] Leaving safepoint region
[2019-12-11T08:35:30.217+0000][1][safepoint    ] Total time for which application threads were stopped: 0.0001673 seconds, Stopping threads took: 0.0000417 seconds
[2019-12-11T08:35:31.221+0000][1][safepoint    ] Application time: 1.0037541 seconds
[2019-12-11T08:35:31.221+0000][1][safepoint    ] Entering safepoint region: Cleanup
[2019-12-11T08:35:31.221+0000][1][safepoint    ] Leaving safepoint region
[2019-12-11T08:35:31.221+0000][1][safepoint    ] Total time for which application threads were stopped: 0.0001277 seconds, Stopping threads took: 0.0000289 seconds
[2019-12-11T08:35:32.224+0000][1][safepoint    ] Application time: 1.0028189 seconds
[2019-12-11T08:35:32.224+0000][1][safepoint    ] Entering safepoint region: Cleanup
[2019-12-11T08:35:32.224+0000][1][safepoint    ] Leaving safepoint region
[2019-12-11T08:35:32.224+0000][1][safepoint    ] Total time for which application threads were stopped: 0.0001175 seconds, Stopping threads took: 0.0000250 seconds
[2019-12-11T08:35:33.224+0000][1][safepoint    ] Application time: 1.0000892 seconds
[2019-12-11T08:35:33.224+0000][1][safepoint    ] Entering safepoint region: Cleanup
[2019-12-11T08:35:33.224+0000][1][safepoint    ] Leaving safepoint region
[2019-12-11T08:35:33.224+0000][1][safepoint    ] Total time for which application threads were stopped: 0.0001491 seconds, Stopping threads took: 0.0000302 seconds
[2019-12-11T08:35:34.225+0000][1][safepoint    ] Application time: 1.0005231 seconds
[2019-12-11T08:35:34.225+0000][1][safepoint    ] Entering safepoint region: Cleanup
[2019-12-11T08:35:34.225+0000][1][safepoint    ] Leaving safepoint region
[2019-12-11T08:35:34.225+0000][1][safepoint    ] Total time for which application threads were stopped: 0.0001398 seconds, Stopping threads took: 0.0000375 seconds
[2019-12-11T08:35:35.228+0000][1][safepoint    ] Application time: 1.0028055 seconds
[2019-12-11T08:35:35.228+0000][1][safepoint    ] Entering safepoint region: Cleanup
[2019-12-11T08:35:35.228+0000][1][safepoint    ] Leaving safepoint region
[2019-12-11T08:35:35.228+0000][1][safepoint    ] Total time for which application threads were stopped: 0.0001525 seconds, Stopping threads took: 0.0000409 seconds
[2019-12-11T08:35:36.232+0000][1][safepoint    ] Application time: 1.0037972 seconds
[2019-12-11T08:35:36.232+0000][1][safepoint    ] Entering safepoint region: Cleanup
[2019-12-11T08:35:36.232+0000][1][safepoint    ] Leaving safepoint region
[2019-12-11T08:35:36.232+0000][1][safepoint    ] Total time for which application threads were stopped: 0.0001267 seconds, Stopping threads took: 0.0000276 seconds
[2019-12-11T08:35:37.233+0000][1][safepoint    ] Application time: 1.0008082 seconds
[2019-12-11T08:35:37.233+0000][1][safepoint    ] Entering safepoint region: Cleanup
[2019-12-11T08:35:37.233+0000][1][safepoint    ] Leaving safepoint region
[2019-12-11T08:35:37.233+0000][1][safepoint    ] Total time for which application threads were stopped: 0.0001295 seconds, Stopping threads took: 0.0000271 seconds
[2019-12-11T08:35:38.234+0000][1][safepoint    ] Application time: 1.0008229 seconds
[2019-12-11T08:35:38.234+0000][1][safepoint    ] Entering safepoint region: Cleanup
[2019-12-11T08:35:38.234+0000][1][safepoint    ] Leaving safepoint region
[2019-12-11T08:35:38.234+0000][1][safepoint    ] Total time for which application threads were stopped: 0.0001269 seconds, Stopping threads took: 0.0000292 seconds
[2019-12-11T08:35:39.234+0000][1][safepoint    ] Application time: 1.0001152 seconds
[2019-12-11T08:35:39.234+0000][1][safepoint    ] Entering safepoint region: Cleanup
[2019-12-11T08:35:39.234+0000][1][safepoint    ] Leaving safepoint region
[2019-12-11T08:35:39.234+0000][1][safepoint    ] Total time for which application threads were stopped: 0.0001573 seconds, Stopping threads took: 0.0000278 seconds
[2019-12-11T08:35:40.234+0000][1][safepoint    ] Application time: 1.0000850 seconds
[2019-12-11T08:35:40.234+0000][1][safepoint    ] Entering safepoint region: Cleanup
[2019-12-11T08:35:40.234+0000][1][safepoint    ] Leaving safepoint region
[2019-12-11T08:35:40.234+0000][1][safepoint    ] Total time for which application threads were stopped: 0.0001220 seconds, Stopping threads took: 0.0000281 seconds
[2019-12-11T08:35:41.236+0000][1][safepoint    ] Application time: 1.0012315 seconds
[2019-12-11T08:35:41.236+0000][1][safepoint    ] Entering safepoint region: Cleanup
[2019-12-11T08:35:41.236+0000][1][safepoint    ] Leaving safepoint region
[2019-12-11T08:35:41.236+0000][1][safepoint    ] Total time for which application threads were stopped: 0.0001309 seconds, Stopping threads took: 0.0000280 seconds
[2019-12-11T08:35:42.237+0000][1][safepoint    ] Application time: 1.0008291 seconds
[2019-12-11T08:35:42.237+0000][1][safepoint    ] Entering safepoint region: Cleanup
[2019-12-11T08:35:42.237+0000][1][safepoint    ] Leaving safepoint region
[2019-12-11T08:35:42.237+0000][1][safepoint    ] Total time for which application threads were stopped: 0.0001307 seconds, Stopping threads took: 0.0000267 seconds
[2019-12-11T08:35:43.239+0000][1][safepoint    ] Application time: 1.0018140 seconds
[2019-12-11T08:35:43.239+0000][1][safepoint    ] Entering safepoint region: Cleanup
[2019-12-11T08:35:43.239+0000][1][safepoint    ] Leaving safepoint region
[2019-12-11T08:35:43.239+0000][1][safepoint    ] Total time for which application threads were stopped: 0.0001314 seconds, Stopping threads took: 0.0000254 seconds
[2019-12-11T08:35:44.239+0000][1][safepoint    ] Application time: 1.0000835 seconds
[2019-12-11T08:35:44.239+0000][1][safepoint    ] Entering safepoint region: Cleanup
[2019-12-11T08:35:44.239+0000][1][safepoint    ] Leaving safepoint region
[2019-12-11T08:35:44.239+0000][1][safepoint    ] Total time for which application threads were stopped: 0.0001492 seconds, Stopping threads took: 0.0000292 seconds
[2019-12-11T08:35:45.245+0000][1][safepoint    ] Application time: 1.0062273 seconds
[2019-12-11T08:35:45.246+0000][1][safepoint    ] Entering safepoint region: Cleanup
[2019-12-11T08:35:45.246+0000][1][safepoint    ] Leaving safepoint region
[2019-12-11T08:35:45.246+0000][1][safepoint    ] Total time for which application threads were stopped: 0.0002068 seconds, Stopping threads took: 0.0000305 seconds
[2019-12-11T08:35:46.247+0000][1][safepoint    ] Application time: 1.0009992 seconds
[2019-12-11T08:35:46.247+0000][1][safepoint    ] Entering safepoint region: Cleanup
[2019-12-11T08:35:46.247+0000][1][safepoint    ] Leaving safepoint region
[2019-12-11T08:35:46.247+0000][1][safepoint    ] Total time for which application threads were stopped: 0.0001344 seconds, Stopping threads took: 0.0000349 seconds
[2019-12-11T08:35:47.250+0000][1][safepoint    ] Application time: 1.0028909 seconds
[2019-12-11T08:35:47.250+0000][1][safepoint    ] Entering safepoint region: Cleanup
[2019-12-11T08:35:47.250+0000][1][safepoint    ] Leaving safepoint region
[2019-12-11T08:35:47.250+0000][1][safepoint    ] Total time for which application threads were stopped: 0.0001206 seconds, Stopping threads took: 0.0000244 seconds
[2019-12-11T08:35:48.252+0000][1][safepoint    ] Application time: 1.0017671 seconds
[2019-12-11T08:35:48.252+0000][1][safepoint    ] Entering safepoint region: Cleanup
[2019-12-11T08:35:48.252+0000][1][safepoint    ] Leaving safepoint region
[2019-12-11T08:35:48.252+0000][1][safepoint    ] Total time for which application threads were stopped: 0.0001398 seconds, Stopping threads took: 0.0000265 seconds
[2019-12-11T08:35:49.253+0000][1][safepoint    ] Application time: 1.0008456 seconds
[2019-12-11T08:35:49.253+0000][1][safepoint    ] Entering safepoint region: Cleanup
[2019-12-11T08:35:49.253+0000][1][safepoint    ] Leaving safepoint region
[2019-12-11T08:35:49.253+0000][1][safepoint    ] Total time for which application threads were stopped: 0.0001231 seconds, Stopping threads took: 0.0000260 seconds
[2019-12-11T08:35:49.328+0000][1][safepoint    ] Application time: 0.0746169 seconds
[2019-12-11T08:35:49.328+0000][1][safepoint    ] Entering safepoint region: RevokeBias
[2019-12-11T08:35:49.328+0000][1][safepoint    ] Leaving safepoint region
[2019-12-11T08:35:49.328+0000][1][safepoint    ] Total time for which application threads were stopped: 0.0001566 seconds, Stopping threads took: 0.0000208 seconds
[2019-12-11T08:35:49.328+0000][1][safepoint    ] Application time: 0.0000641 seconds
[2019-12-11T08:35:49.328+0000][1][safepoint    ] Entering safepoint region: RevokeBias
[2019-12-11T08:35:49.328+0000][1][safepoint    ] Leaving safepoint region
[2019-12-11T08:35:49.328+0000][1][safepoint    ] Total time for which application threads were stopped: 0.0000700 seconds, Stopping threads took: 0.0000100 seconds
[2019-12-11T08:35:49.328+0000][1][safepoint    ] Application time: 0.0000502 seconds
[2019-12-11T08:35:49.328+0000][1][safepoint    ] Entering safepoint region: RevokeBias
[2019-12-11T08:35:49.328+0000][1][safepoint    ] Leaving safepoint region
[2019-12-11T08:35:49.328+0000][1][safepoint    ] Total time for which application threads were stopped: 0.0000549 seconds, Stopping threads took: 0.0000078 seconds
[2019-12-11T08:35:49.328+0000][1][safepoint    ] Application time: 0.0000500 seconds
[2019-12-11T08:35:49.328+0000][1][safepoint    ] Entering safepoint region: RevokeBias
[2019-12-11T08:35:49.328+0000][1][safepoint    ] Leaving safepoint region
[2019-12-11T08:35:49.328+0000][1][safepoint    ] Total time for which application threads were stopped: 0.0000559 seconds, Stopping threads took: 0.0000090 seconds
[2019-12-11T08:35:49.328+0000][1][safepoint    ] Application time: 0.0000506 seconds
[2019-12-11T08:35:49.328+0000][1][safepoint    ] Entering safepoint region: RevokeBias
[2019-12-11T08:35:49.328+0000][1][safepoint    ] Leaving safepoint region
[2019-12-11T08:35:49.328+0000][1][safepoint    ] Total time for which application threads were stopped: 0.0000578 seconds, Stopping threads took: 0.0000083 seconds
[2019-12-11T08:35:49.328+0000][1][safepoint    ] Application time: 0.0000497 seconds
[2019-12-11T08:35:49.328+0000][1][safepoint    ] Entering safepoint region: RevokeBias
[2019-12-11T08:35:49.328+0000][1][safepoint    ] Leaving safepoint region
[2019-12-11T08:35:49.328+0000][1][safepoint    ] Total time for which application threads were stopped: 0.0000577 seconds, Stopping threads took: 0.0000087 seconds
[2019-12-11T08:35:50.330+0000][1][safepoint    ] Application time: 1.0013227 seconds
[2019-12-11T08:35:50.330+0000][1][safepoint    ] Entering safepoint region: Cleanup
[2019-12-11T08:35:50.330+0000][1][safepoint    ] Leaving safepoint region
[2019-12-11T08:35:50.330+0000][1][safepoint    ] Total time for which application threads were stopped: 0.0001301 seconds, Stopping threads took: 0.0000337 seconds
[2019-12-11T08:35:51.331+0000][1][safepoint    ] Application time: 1.0009055 seconds
[2019-12-11T08:35:51.331+0000][1][safepoint    ] Entering safepoint region: Cleanup
[2019-12-11T08:35:51.331+0000][1][safepoint    ] Leaving safepoint region
[2019-12-11T08:35:51.331+0000][1][safepoint    ] Total time for which application threads were stopped: 0.0001353 seconds, Stopping threads took: 0.0000274 seconds
[2019-12-11T08:35:52.336+0000][1][safepoint    ] Application time: 1.0046795 seconds
[2019-12-11T08:35:52.336+0000][1][safepoint    ] Entering safepoint region: Cleanup
[2019-12-11T08:35:52.336+0000][1][safepoint    ] Leaving safepoint region
[2019-12-11T08:35:52.336+0000][1][safepoint    ] Total time for which application threads were stopped: 0.0001338 seconds, Stopping threads took: 0.0000271 seconds
[2019-12-11T08:35:53.339+0000][1][safepoint    ] Application time: 1.0028154 seconds
[2019-12-11T08:35:53.339+0000][1][safepoint    ] Entering safepoint region: Cleanup
[2019-12-11T08:35:53.339+0000][1][safepoint    ] Leaving safepoint region
[2019-12-11T08:35:53.339+0000][1][safepoint    ] Total time for which application threads were stopped: 0.0001255 seconds, Stopping threads took: 0.0000248 seconds
[2019-12-11T08:35:54.341+0000][1][safepoint    ] Application time: 1.0018210 seconds
[2019-12-11T08:35:54.341+0000][1][safepoint    ] Entering safepoint region: Cleanup
[2019-12-11T08:35:54.341+0000][1][safepoint    ] Leaving safepoint region
[2019-12-11T08:35:54.341+0000][1][safepoint    ] Total time for which application threads were stopped: 0.0001318 seconds, Stopping threads took: 0.0000263 seconds
[2019-12-11T08:35:55.343+0000][1][safepoint    ] Application time: 1.0018075 seconds
[2019-12-11T08:35:55.343+0000][1][safepoint    ] Entering safepoint region: Cleanup
[2019-12-11T08:35:55.343+0000][1][safepoint    ] Leaving safepoint region
[2019-12-11T08:35:55.343+0000][1][safepoint    ] Total time for which application threads were stopped: 0.0001313 seconds, Stopping threads took: 0.0000269 seconds
[2019-12-11T08:35:56.344+0000][1][safepoint    ] Application time: 1.0008069 seconds
[2019-12-11T08:35:56.344+0000][1][safepoint    ] Entering safepoint region: Cleanup
[2019-12-11T08:35:56.344+0000][1][safepoint    ] Leaving safepoint region
[2019-12-11T08:35:56.344+0000][1][safepoint    ] Total time for which application threads were stopped: 0.0001461 seconds, Stopping threads took: 0.0000269 seconds
[2019-12-11T08:35:57.345+0000][1][safepoint    ] Application time: 1.0008730 seconds
[2019-12-11T08:35:57.345+0000][1][safepoint    ] Entering safepoint region: Cleanup
[2019-12-11T08:35:57.345+0000][1][safepoint    ] Leaving safepoint region
[2019-12-11T08:35:57.345+0000][1][safepoint    ] Total time for which application threads were stopped: 0.0001225 seconds, Stopping threads took: 0.0000234 seconds
[2019-12-11T08:35:58.349+0000][1][safepoint    ] Application time: 1.0037566 seconds
[2019-12-11T08:35:58.349+0000][1][safepoint    ] Entering safepoint region: Cleanup
[2019-12-11T08:35:58.349+0000][1][safepoint    ] Leaving safepoint region
[2019-12-11T08:35:58.349+0000][1][safepoint    ] Total time for which application threads were stopped: 0.0001304 seconds, Stopping threads took: 0.0000290 seconds
[2019-12-11T08:35:59.350+0000][1][safepoint    ] Application time: 1.0008157 seconds
[2019-12-11T08:35:59.350+0000][1][safepoint    ] Entering safepoint region: Cleanup
[2019-12-11T08:35:59.350+0000][1][safepoint    ] Leaving safepoint region
[2019-12-11T08:35:59.350+0000][1][safepoint    ] Total time for which application threads were stopped: 0.0001414 seconds, Stopping threads took: 0.0000254 seconds
[2019-12-11T08:36:00.353+0000][1][safepoint    ] Application time: 1.0027912 seconds
[2019-12-11T08:36:00.353+0000][1][safepoint    ] Entering safepoint region: Cleanup
[2019-12-11T08:36:00.353+0000][1][safepoint    ] Leaving safepoint region
[2019-12-11T08:36:00.353+0000][1][safepoint    ] Total time for which application threads were stopped: 0.0001162 seconds, Stopping threads took: 0.0000240 seconds
[2019-12-11T08:36:01.357+0000][1][safepoint    ] Application time: 1.0037599 seconds
[2019-12-11T08:36:01.357+0000][1][safepoint    ] Entering safepoint region: Cleanup
[2019-12-11T08:36:01.357+0000][1][safepoint    ] Leaving safepoint region
[2019-12-11T08:36:01.357+0000][1][safepoint    ] Total time for which application threads were stopped: 0.0001450 seconds, Stopping threads took: 0.0000308 seconds
[2019-12-11T08:36:02.360+0000][1][safepoint    ] Application time: 1.0029299 seconds
[2019-12-11T08:36:02.360+0000][1][safepoint    ] Entering safepoint region: Cleanup
[2019-12-11T08:36:02.360+0000][1][safepoint    ] Leaving safepoint region
[2019-12-11T08:36:02.360+0000][1][safepoint    ] Total time for which application threads were stopped: 0.0001386 seconds, Stopping threads took: 0.0000350 seconds
[2019-12-11T08:36:03.361+0000][1][safepoint    ] Application time: 1.0007544 seconds
[2019-12-11T08:36:03.361+0000][1][safepoint    ] Entering safepoint region: Cleanup
[2019-12-11T08:36:03.361+0000][1][safepoint    ] Leaving safepoint region
[2019-12-11T08:36:03.361+0000][1][safepoint    ] Total time for which application threads were stopped: 0.0001427 seconds, Stopping threads took: 0.0000287 seconds
[2019-12-11T08:36:04.364+0000][1][safepoint    ] Application time: 1.0027785 seconds
[2019-12-11T08:36:04.364+0000][1][safepoint    ] Entering safepoint region: Cleanup
[2019-12-11T08:36:04.364+0000][1][safepoint    ] Leaving safepoint region
[2019-12-11T08:36:04.364+0000][1][safepoint    ] Total time for which application threads were stopped: 0.0001328 seconds, Stopping threads took: 0.0000279 seconds
[2019-12-11T08:36:05.366+0000][1][safepoint    ] Application time: 1.0017971 seconds
[2019-12-11T08:36:05.366+0000][1][safepoint    ] Entering safepoint region: Cleanup
[2019-12-11T08:36:05.366+0000][1][safepoint    ] Leaving safepoint region
[2019-12-11T08:36:05.366+0000][1][safepoint    ] Total time for which application threads were stopped: 0.0001256 seconds, Stopping threads took: 0.0000273 seconds
[2019-12-11T08:36:06.368+0000][1][safepoint    ] Application time: 1.0018152 seconds
[2019-12-11T08:36:06.368+0000][1][safepoint    ] Entering safepoint region: Cleanup
[2019-12-11T08:36:06.368+0000][1][safepoint    ] Leaving safepoint region
[2019-12-11T08:36:06.368+0000][1][safepoint    ] Total time for which application threads were stopped: 0.0001290 seconds, Stopping threads took: 0.0000275 seconds
[2019-12-11T08:36:07.369+0000][1][safepoint    ] Application time: 1.0008313 seconds
[2019-12-11T08:36:07.369+0000][1][safepoint    ] Entering safepoint region: Cleanup
[2019-12-11T08:36:07.369+0000][1][safepoint    ] Leaving safepoint region
[2019-12-11T08:36:07.369+0000][1][safepoint    ] Total time for which application threads were stopped: 0.0001305 seconds, Stopping threads took: 0.0000263 seconds
[2019-12-11T08:36:08.373+0000][1][safepoint    ] Application time: 1.0040392 seconds
[2019-12-11T08:36:08.373+0000][1][safepoint    ] Entering safepoint region: Cleanup
[2019-12-11T08:36:08.373+0000][1][safepoint    ] Leaving safepoint region
[2019-12-11T08:36:08.373+0000][1][safepoint    ] Total time for which application threads were stopped: 0.0001312 seconds, Stopping threads took: 0.0000270 seconds
[2019-12-11T08:36:09.376+0000][1][safepoint    ] Application time: 1.0025609 seconds
[2019-12-11T08:36:09.376+0000][1][safepoint    ] Entering safepoint region: Cleanup
[2019-12-11T08:36:09.376+0000][1][safepoint    ] Leaving safepoint region
[2019-12-11T08:36:09.376+0000][1][safepoint    ] Total time for which application threads were stopped: 0.0001254 seconds, Stopping threads took: 0.0000258 seconds
[2019-12-11T08:36:10.378+0000][1][safepoint    ] Application time: 1.0018363 seconds
[2019-12-11T08:36:10.378+0000][1][safepoint    ] Entering safepoint region: Cleanup
[2019-12-11T08:36:10.378+0000][1][safepoint    ] Leaving safepoint region
[2019-12-11T08:36:10.378+0000][1][safepoint    ] Total time for which application threads were stopped: 0.0001272 seconds, Stopping threads took: 0.0000276 seconds
[2019-12-11T08:36:11.384+0000][1][safepoint    ] Application time: 1.0058178 seconds
[2019-12-11T08:36:11.384+0000][1][safepoint    ] Entering safepoint region: Cleanup
[2019-12-11T08:36:11.384+0000][1][safepoint    ] Leaving safepoint region
[2019-12-11T08:36:11.384+0000][1][safepoint    ] Total time for which application threads were stopped: 0.0001378 seconds, Stopping threads took: 0.0000277 seconds
[2019-12-11T08:36:12.385+0000][1][safepoint    ] Application time: 1.0009171 seconds
[2019-12-11T08:36:12.385+0000][1][safepoint    ] Entering safepoint region: Cleanup
[2019-12-11T08:36:12.385+0000][1][safepoint    ] Leaving safepoint region
[2019-12-11T08:36:12.385+0000][1][safepoint    ] Total time for which application threads were stopped: 0.0001206 seconds, Stopping threads took: 0.0000241 seconds
[2019-12-11T08:36:13.387+0000][1][safepoint    ] Application time: 1.0017043 seconds
[2019-12-11T08:36:13.387+0000][1][safepoint    ] Entering safepoint region: Cleanup
[2019-12-11T08:36:13.387+0000][1][safepoint    ] Leaving safepoint region
[2019-12-11T08:36:13.387+0000][1][safepoint    ] Total time for which application threads were stopped: 0.0001266 seconds, Stopping threads took: 0.0000250 seconds
[2019-12-11T08:36:14.389+0000][1][safepoint    ] Application time: 1.0018774 seconds
[2019-12-11T08:36:14.389+0000][1][safepoint    ] Entering safepoint region: Cleanup
[2019-12-11T08:36:14.389+0000][1][safepoint    ] Leaving safepoint region
[2019-12-11T08:36:14.389+0000][1][safepoint    ] Total time for which application threads were stopped: 0.0001375 seconds, Stopping threads took: 0.0000276 seconds
[2019-12-11T08:36:15.390+0000][1][safepoint    ] Application time: 1.0011187 seconds
[2019-12-11T08:36:15.390+0000][1][safepoint    ] Entering safepoint region: Cleanup
[2019-12-11T08:36:15.390+0000][1][safepoint    ] Leaving safepoint region
[2019-12-11T08:36:15.390+0000][1][safepoint    ] Total time for which application threads were stopped: 0.0001443 seconds, Stopping threads took: 0.0000372 seconds
[2019-12-11T08:36:16.391+0000][1][safepoint    ] Application time: 1.0004629 seconds
[2019-12-11T08:36:16.391+0000][1][safepoint    ] Entering safepoint region: Cleanup
[2019-12-11T08:36:16.391+0000][1][safepoint    ] Leaving safepoint region
[2019-12-11T08:36:16.391+0000][1][safepoint    ] Total time for which application threads were stopped: 0.0001450 seconds, Stopping threads took: 0.0000278 seconds
[2019-12-11T08:36:17.392+0000][1][safepoint    ] Application time: 1.0007752 seconds
[2019-12-11T08:36:17.392+0000][1][safepoint    ] Entering safepoint region: Cleanup
[2019-12-11T08:36:17.392+0000][1][safepoint    ] Leaving safepoint region
[2019-12-11T08:36:17.392+0000][1][safepoint    ] Total time for which application threads were stopped: 0.0001355 seconds, Stopping threads took: 0.0000336 seconds
[2019-12-11T08:36:18.393+0000][1][safepoint    ] Application time: 1.0008087 seconds
[2019-12-11T08:36:18.393+0000][1][safepoint    ] Entering safepoint region: Cleanup
[2019-12-11T08:36:18.393+0000][1][safepoint    ] Leaving safepoint region
[2019-12-11T08:36:18.393+0000][1][safepoint    ] Total time for which application threads were stopped: 0.0001213 seconds, Stopping threads took: 0.0000252 seconds
[2019-12-11T08:36:19.394+0000][1][safepoint    ] Application time: 1.0008447 seconds
[2019-12-11T08:36:19.394+0000][1][safepoint    ] Entering safepoint region: Cleanup
[2019-12-11T08:36:19.394+0000][1][safepoint    ] Leaving safepoint region
[2019-12-11T08:36:19.394+0000][1][safepoint    ] Total time for which application threads were stopped: 0.0001205 seconds, Stopping threads took: 0.0000242 seconds
[2019-12-11T08:36:20.399+0000][1][safepoint    ] Application time: 1.0048089 seconds
[2019-12-11T08:36:20.399+0000][1][safepoint    ] Entering safepoint region: Cleanup
[2019-12-11T08:36:20.399+0000][1][safepoint    ] Leaving safepoint region
[2019-12-11T08:36:20.399+0000][1][safepoint    ] Total time for which application threads were stopped: 0.0001456 seconds, Stopping threads took: 0.0000265 seconds
[2019-12-11T08:36:21.401+0000][1][safepoint    ] Application time: 1.0018250 seconds
[2019-12-11T08:36:21.401+0000][1][safepoint    ] Entering safepoint region: Cleanup
[2019-12-11T08:36:21.401+0000][1][safepoint    ] Leaving safepoint region
[2019-12-11T08:36:21.401+0000][1][safepoint    ] Total time for which application threads were stopped: 0.0001272 seconds, Stopping threads took: 0.0000274 seconds
[2019-12-11T08:36:21.575+0000][1][safepoint    ] Application time: 0.1740208 seconds
[2019-12-11T08:36:21.575+0000][1][safepoint    ] Entering safepoint region: RevokeBias
[2019-12-11T08:36:21.575+0000][1][safepoint    ] Leaving safepoint region
[2019-12-11T08:36:21.575+0000][1][safepoint    ] Total time for which application threads were stopped: 0.0002577 seconds, Stopping threads took: 0.0001171 seconds
[2019-12-11T08:36:21.621+0000][1][safepoint    ] Application time: 0.0458375 seconds
[2019-12-11T08:36:21.621+0000][1][safepoint    ] Entering safepoint region: RevokeBias
[2019-12-11T08:36:21.621+0000][1][safepoint    ] Leaving safepoint region
[2019-12-11T08:36:21.621+0000][1][safepoint    ] Total time for which application threads were stopped: 0.0001719 seconds, Stopping threads took: 0.0000199 seconds
[2019-12-11T08:36:21.623+0000][1][safepoint    ] Application time: 0.0017387 seconds
[2019-12-11T08:36:21.623+0000][1][safepoint    ] Entering safepoint region: RevokeBias
[2019-12-11T08:36:21.623+0000][1][safepoint    ] Leaving safepoint region
[2019-12-11T08:36:21.623+0000][1][safepoint    ] Total time for which application threads were stopped: 0.0001180 seconds, Stopping threads took: 0.0000180 seconds
[2019-12-11T08:36:21.638+0000][1][safepoint    ] Application time: 0.0143427 seconds
[2019-12-11T08:36:21.638+0000][1][safepoint    ] Entering safepoint region: RevokeBias
[2019-12-11T08:36:21.638+0000][1][safepoint    ] Leaving safepoint region
[2019-12-11T08:36:21.638+0000][1][safepoint    ] Total time for which application threads were stopped: 0.0001785 seconds, Stopping threads took: 0.0000515 seconds
[2019-12-11T08:36:21.639+0000][1][safepoint    ] Application time: 0.0008398 seconds
[2019-12-11T08:36:21.639+0000][1][safepoint    ] Entering safepoint region: RevokeBias
[2019-12-11T08:36:21.639+0000][1][safepoint    ] Leaving safepoint region
[2019-12-11T08:36:21.639+0000][1][safepoint    ] Total time for which application threads were stopped: 0.0001749 seconds, Stopping threads took: 0.0000560 seconds
[2019-12-11T08:36:22.640+0000][1][safepoint    ] Application time: 1.0009074 seconds
[2019-12-11T08:36:22.640+0000][1][safepoint    ] Entering safepoint region: Cleanup
[2019-12-11T08:36:22.640+0000][1][safepoint    ] Leaving safepoint region
[2019-12-11T08:36:22.640+0000][1][safepoint    ] Total time for which application threads were stopped: 0.0001461 seconds, Stopping threads took: 0.0000330 seconds
[2019-12-11T08:36:23.643+0000][1][safepoint    ] Application time: 1.0027959 seconds
[2019-12-11T08:36:23.643+0000][1][safepoint    ] Entering safepoint region: Cleanup
[2019-12-11T08:36:23.643+0000][1][safepoint    ] Leaving safepoint region
[2019-12-11T08:36:23.643+0000][1][safepoint    ] Total time for which application threads were stopped: 0.0001400 seconds, Stopping threads took: 0.0000269 seconds
[2019-12-11T08:36:24.644+0000][1][safepoint    ] Application time: 1.0008267 seconds
[2019-12-11T08:36:24.644+0000][1][safepoint    ] Entering safepoint region: Cleanup
[2019-12-11T08:36:24.644+0000][1][safepoint    ] Leaving safepoint region
[2019-12-11T08:36:24.644+0000][1][safepoint    ] Total time for which application threads were stopped: 0.0001336 seconds, Stopping threads took: 0.0000251 seconds
[2019-12-11T08:36:25.645+0000][1][safepoint    ] Application time: 1.0007801 seconds
[2019-12-11T08:36:25.645+0000][1][safepoint    ] Entering safepoint region: Cleanup
[2019-12-11T08:36:25.645+0000][1][safepoint    ] Leaving safepoint region
[2019-12-11T08:36:25.645+0000][1][safepoint    ] Total time for which application threads were stopped: 0.0001360 seconds, Stopping threads took: 0.0000248 seconds
[2019-12-11T08:36:26.646+0000][1][safepoint    ] Application time: 1.0008064 seconds
[2019-12-11T08:36:26.646+0000][1][safepoint    ] Entering safepoint region: Cleanup
[2019-12-11T08:36:26.646+0000][1][safepoint    ] Leaving safepoint region
[2019-12-11T08:36:26.646+0000][1][safepoint    ] Total time for which application threads were stopped: 0.0001375 seconds, Stopping threads took: 0.0000269 seconds
[2019-12-11T08:36:27.647+0000][1][safepoint    ] Application time: 1.0008051 seconds
[2019-12-11T08:36:27.647+0000][1][safepoint    ] Entering safepoint region: Cleanup
[2019-12-11T08:36:27.647+0000][1][safepoint    ] Leaving safepoint region
[2019-12-11T08:36:27.647+0000][1][safepoint    ] Total time for which application threads were stopped: 0.0001341 seconds, Stopping threads took: 0.0000272 seconds
[2019-12-11T08:36:28.649+0000][1][safepoint    ] Application time: 1.0018043 seconds
[2019-12-11T08:36:28.649+0000][1][safepoint    ] Entering safepoint region: Cleanup
[2019-12-11T08:36:28.649+0000][1][safepoint    ] Leaving safepoint region
[2019-12-11T08:36:28.649+0000][1][safepoint    ] Total time for which application threads were stopped: 0.0001302 seconds, Stopping threads took: 0.0000346 seconds
[2019-12-11T08:36:29.650+0000][1][safepoint    ] Application time: 1.0008397 seconds
[2019-12-11T08:36:29.650+0000][1][safepoint    ] Entering safepoint region: Cleanup
[2019-12-11T08:36:29.650+0000][1][safepoint    ] Leaving safepoint region
[2019-12-11T08:36:29.650+0000][1][safepoint    ] Total time for which application threads were stopped: 0.0001384 seconds, Stopping threads took: 0.0000264 seconds
[2019-12-11T08:36:30.654+0000][1][safepoint    ] Application time: 1.0037796 seconds
[2019-12-11T08:36:30.654+0000][1][safepoint    ] Entering safepoint region: Cleanup
[2019-12-11T08:36:30.654+0000][1][safepoint    ] Leaving safepoint region
[2019-12-11T08:36:30.654+0000][1][safepoint    ] Total time for which application threads were stopped: 0.0001384 seconds, Stopping threads took: 0.0000265 seconds
[2019-12-11T08:36:31.656+0000][1][safepoint    ] Application time: 1.0018079 seconds
[2019-12-11T08:36:31.656+0000][1][safepoint    ] Entering safepoint region: Cleanup
[2019-12-11T08:36:31.656+0000][1][safepoint    ] Leaving safepoint region
[2019-12-11T08:36:31.656+0000][1][safepoint    ] Total time for which application threads were stopped: 0.0001356 seconds, Stopping threads took: 0.0000273 seconds
[2019-12-11T08:36:32.657+0000][1][safepoint    ] Application time: 1.0008002 seconds
[2019-12-11T08:36:32.657+0000][1][safepoint    ] Entering safepoint region: Cleanup
[2019-12-11T08:36:32.657+0000][1][safepoint    ] Leaving safepoint region
[2019-12-11T08:36:32.657+0000][1][safepoint    ] Total time for which application threads were stopped: 0.0001511 seconds, Stopping threads took: 0.0000354 seconds
[2019-12-11T08:36:33.658+0000][1][safepoint    ] Application time: 1.0008421 seconds
[2019-12-11T08:36:33.658+0000][1][safepoint    ] Entering safepoint region: Cleanup
[2019-12-11T08:36:33.658+0000][1][safepoint    ] Leaving safepoint region
[2019-12-11T08:36:33.658+0000][1][safepoint    ] Total time for which application threads were stopped: 0.0001273 seconds, Stopping threads took: 0.0000240 seconds
[2019-12-11T08:36:34.659+0000][1][safepoint    ] Application time: 1.0007923 seconds
[2019-12-11T08:36:34.659+0000][1][safepoint    ] Entering safepoint region: Cleanup
[2019-12-11T08:36:34.659+0000][1][safepoint    ] Leaving safepoint region
[2019-12-11T08:36:34.659+0000][1][safepoint    ] Total time for which application threads were stopped: 0.0001578 seconds, Stopping threads took: 0.0000294 seconds
[2019-12-11T08:36:35.660+0000][1][safepoint    ] Application time: 1.0007636 seconds
[2019-12-11T08:36:35.660+0000][1][safepoint    ] Entering safepoint region: Cleanup
[2019-12-11T08:36:35.660+0000][1][safepoint    ] Leaving safepoint region
[2019-12-11T08:36:35.660+0000][1][safepoint    ] Total time for which application threads were stopped: 0.0001308 seconds, Stopping threads took: 0.0000280 seconds
[2019-12-11T08:36:36.663+0000][1][safepoint    ] Application time: 1.0027945 seconds
[2019-12-11T08:36:36.663+0000][1][safepoint    ] Entering safepoint region: Cleanup
[2019-12-11T08:36:36.663+0000][1][safepoint    ] Leaving safepoint region
[2019-12-11T08:36:36.663+0000][1][safepoint    ] Total time for which application threads were stopped: 0.0001264 seconds, Stopping threads took: 0.0000245 seconds
[2019-12-11T08:36:37.664+0000][1][safepoint    ] Application time: 1.0008237 seconds
[2019-12-11T08:36:37.664+0000][1][safepoint    ] Entering safepoint region: Cleanup
[2019-12-11T08:36:37.664+0000][1][safepoint    ] Leaving safepoint region
[2019-12-11T08:36:37.664+0000][1][safepoint    ] Total time for which application threads were stopped: 0.0001295 seconds, Stopping threads took: 0.0000279 seconds
[2019-12-11T08:36:38.667+0000][1][safepoint    ] Application time: 1.0028085 seconds
[2019-12-11T08:36:38.667+0000][1][safepoint    ] Entering safepoint region: Cleanup
[2019-12-11T08:36:38.667+0000][1][safepoint    ] Leaving safepoint region
[2019-12-11T08:36:38.667+0000][1][safepoint    ] Total time for which application threads were stopped: 0.0001181 seconds, Stopping threads took: 0.0000231 seconds
[2019-12-11T08:36:39.668+0000][1][safepoint    ] Application time: 1.0008629 seconds
[2019-12-11T08:36:39.668+0000][1][safepoint    ] Entering safepoint region: Cleanup
[2019-12-11T08:36:39.668+0000][1][safepoint    ] Leaving safepoint region
[2019-12-11T08:36:39.668+0000][1][safepoint    ] Total time for which application threads were stopped: 0.0001304 seconds, Stopping threads took: 0.0000247 seconds
[2019-12-11T08:36:40.670+0000][1][safepoint    ] Application time: 1.0017810 seconds
[2019-12-11T08:36:40.670+0000][1][safepoint    ] Entering safepoint region: Cleanup
[2019-12-11T08:36:40.670+0000][1][safepoint    ] Leaving safepoint region
[2019-12-11T08:36:40.670+0000][1][safepoint    ] Total time for which application threads were stopped: 0.0001154 seconds, Stopping threads took: 0.0000244 seconds
[2019-12-11T08:36:41.673+0000][1][safepoint    ] Application time: 1.0028349 seconds
[2019-12-11T08:36:41.673+0000][1][safepoint    ] Entering safepoint region: Cleanup
[2019-12-11T08:36:41.673+0000][1][safepoint    ] Leaving safepoint region
[2019-12-11T08:36:41.673+0000][1][safepoint    ] Total time for which application threads were stopped: 0.0001252 seconds, Stopping threads took: 0.0000270 seconds
[2019-12-11T08:36:42.675+0000][1][safepoint    ] Application time: 1.0023719 seconds
[2019-12-11T08:36:42.675+0000][1][safepoint    ] Entering safepoint region: Cleanup
[2019-12-11T08:36:42.675+0000][1][safepoint    ] Leaving safepoint region
[2019-12-11T08:36:42.675+0000][1][safepoint    ] Total time for which application threads were stopped: 0.0001359 seconds, Stopping threads took: 0.0000292 seconds
[2019-12-11T08:36:43.678+0000][1][safepoint    ] Application time: 1.0022701 seconds
[2019-12-11T08:36:43.678+0000][1][safepoint    ] Entering safepoint region: Cleanup
[2019-12-11T08:36:43.678+0000][1][safepoint    ] Leaving safepoint region
[2019-12-11T08:36:43.678+0000][1][safepoint    ] Total time for which application threads were stopped: 0.0001208 seconds, Stopping threads took: 0.0000239 seconds
[2019-12-11T08:36:44.684+0000][1][safepoint    ] Application time: 1.0058511 seconds
[2019-12-11T08:36:44.684+0000][1][safepoint    ] Entering safepoint region: Cleanup
[2019-12-11T08:36:44.684+0000][1][safepoint    ] Leaving safepoint region
[2019-12-11T08:36:44.684+0000][1][safepoint    ] Total time for which application threads were stopped: 0.0001358 seconds, Stopping threads took: 0.0000283 seconds
[2019-12-11T08:36:45.687+0000][1][safepoint    ] Application time: 1.0027758 seconds
[2019-12-11T08:36:45.687+0000][1][safepoint    ] Entering safepoint region: Cleanup
[2019-12-11T08:36:45.687+0000][1][safepoint    ] Leaving safepoint region
[2019-12-11T08:36:45.687+0000][1][safepoint    ] Total time for which application threads were stopped: 0.0001327 seconds, Stopping threads took: 0.0000276 seconds
[2019-12-11T08:36:46.690+0000][1][safepoint    ] Application time: 1.0028059 seconds
[2019-12-11T08:36:46.690+0000][1][safepoint    ] Entering safepoint region: Cleanup
[2019-12-11T08:36:46.690+0000][1][safepoint    ] Leaving safepoint region
[2019-12-11T08:36:46.690+0000][1][safepoint    ] Total time for which application threads were stopped: 0.0001340 seconds, Stopping threads took: 0.0000248 seconds
[2019-12-11T08:36:47.690+0000][1][safepoint    ] Application time: 1.0000933 seconds
[2019-12-11T08:36:47.690+0000][1][safepoint    ] Entering safepoint region: Cleanup
[2019-12-11T08:36:47.690+0000][1][safepoint    ] Leaving safepoint region
[2019-12-11T08:36:47.690+0000][1][safepoint    ] Total time for which application threads were stopped: 0.0001354 seconds, Stopping threads took: 0.0000341 seconds
[2019-12-11T08:36:48.693+0000][1][safepoint    ] Application time: 1.0025583 seconds
[2019-12-11T08:36:48.693+0000][1][safepoint    ] Entering safepoint region: Cleanup
[2019-12-11T08:36:48.693+0000][1][safepoint    ] Leaving safepoint region
[2019-12-11T08:36:48.693+0000][1][safepoint    ] Total time for which application threads were stopped: 0.0001343 seconds, Stopping threads took: 0.0000269 seconds
[2019-12-11T08:36:49.696+0000][1][safepoint    ] Application time: 1.0027639 seconds
[2019-12-11T08:36:49.696+0000][1][safepoint    ] Entering safepoint region: Cleanup
[2019-12-11T08:36:49.696+0000][1][safepoint    ] Leaving safepoint region
[2019-12-11T08:36:49.696+0000][1][safepoint    ] Total time for which application threads were stopped: 0.0001214 seconds, Stopping threads took: 0.0000263 seconds
[2019-12-11T08:36:50.697+0000][1][safepoint    ] Application time: 1.0008240 seconds
[2019-12-11T08:36:50.697+0000][1][safepoint    ] Entering safepoint region: Cleanup
[2019-12-11T08:36:50.697+0000][1][safepoint    ] Leaving safepoint region
[2019-12-11T08:36:50.697+0000][1][safepoint    ] Total time for which application threads were stopped: 0.0001426 seconds, Stopping threads took: 0.0000371 seconds
[2019-12-11T08:36:51.700+0000][1][safepoint    ] Application time: 1.0028218 seconds
[2019-12-11T08:36:51.700+0000][1][safepoint    ] Entering safepoint region: Cleanup
[2019-12-11T08:36:51.700+0000][1][safepoint    ] Leaving safepoint region
[2019-12-11T08:36:51.700+0000][1][safepoint    ] Total time for which application threads were stopped: 0.0001315 seconds, Stopping threads took: 0.0000261 seconds
[2019-12-11T08:36:52.704+0000][1][safepoint    ] Application time: 1.0038290 seconds
[2019-12-11T08:36:52.704+0000][1][safepoint    ] Entering safepoint region: Cleanup
[2019-12-11T08:36:52.704+0000][1][safepoint    ] Leaving safepoint region
[2019-12-11T08:36:52.704+0000][1][safepoint    ] Total time for which application threads were stopped: 0.0001310 seconds, Stopping threads took: 0.0000244 seconds
[2019-12-11T08:36:53.705+0000][1][safepoint    ] Application time: 1.0007835 seconds
[2019-12-11T08:36:53.705+0000][1][safepoint    ] Entering safepoint region: Cleanup
[2019-12-11T08:36:53.705+0000][1][safepoint    ] Leaving safepoint region
[2019-12-11T08:36:53.705+0000][1][safepoint    ] Total time for which application threads were stopped: 0.0001342 seconds, Stopping threads took: 0.0000305 seconds
[2019-12-11T08:36:54.707+0000][1][safepoint    ] Application time: 1.0018003 seconds
[2019-12-11T08:36:54.707+0000][1][safepoint    ] Entering safepoint region: Cleanup
[2019-12-11T08:36:54.707+0000][1][safepoint    ] Leaving safepoint region
[2019-12-11T08:36:54.707+0000][1][safepoint    ] Total time for which application threads were stopped: 0.0001260 seconds, Stopping threads took: 0.0000261 seconds
[2019-12-11T08:36:55.707+0000][1][safepoint    ] Application time: 1.0002879 seconds
[2019-12-11T08:36:55.707+0000][1][safepoint    ] Entering safepoint region: Cleanup
[2019-12-11T08:36:55.707+0000][1][safepoint    ] Leaving safepoint region
[2019-12-11T08:36:55.707+0000][1][safepoint    ] Total time for which application threads were stopped: 0.0001307 seconds, Stopping threads took: 0.0000330 seconds
[2019-12-11T08:36:56.709+0000][1][safepoint    ] Application time: 1.0013587 seconds
[2019-12-11T08:36:56.709+0000][1][safepoint    ] Entering safepoint region: Cleanup
[2019-12-11T08:36:56.709+0000][1][safepoint    ] Leaving safepoint region
[2019-12-11T08:36:56.709+0000][1][safepoint    ] Total time for which application threads were stopped: 0.0001299 seconds, Stopping threads took: 0.0000265 seconds
[2019-12-11T08:36:57.712+0000][1][safepoint    ] Application time: 1.0027923 seconds
[2019-12-11T08:36:57.712+0000][1][safepoint    ] Entering safepoint region: Cleanup
[2019-12-11T08:36:57.712+0000][1][safepoint    ] Leaving safepoint region
[2019-12-11T08:36:57.712+0000][1][safepoint    ] Total time for which application threads were stopped: 0.0001310 seconds, Stopping threads took: 0.0000260 seconds
[2019-12-11T08:36:58.716+0000][1][safepoint    ] Application time: 1.0038135 seconds
[2019-12-11T08:36:58.716+0000][1][safepoint    ] Entering safepoint region: Cleanup
[2019-12-11T08:36:58.716+0000][1][safepoint    ] Leaving safepoint region
[2019-12-11T08:36:58.716+0000][1][safepoint    ] Total time for which application threads were stopped: 0.0001731 seconds, Stopping threads took: 0.0000422 seconds
[2019-12-11T08:36:59.717+0000][1][safepoint    ] Application time: 1.0007772 seconds
[2019-12-11T08:36:59.717+0000][1][safepoint    ] Entering safepoint region: Cleanup
[2019-12-11T08:36:59.717+0000][1][safepoint    ] Leaving safepoint region
[2019-12-11T08:36:59.717+0000][1][safepoint    ] Total time for which application threads were stopped: 0.0001439 seconds, Stopping threads took: 0.0000286 seconds
[2019-12-11T08:37:00.718+0000][1][safepoint    ] Application time: 1.0008194 seconds
[2019-12-11T08:37:00.718+0000][1][safepoint    ] Entering safepoint region: Cleanup
[2019-12-11T08:37:00.718+0000][1][safepoint    ] Leaving safepoint region
[2019-12-11T08:37:00.718+0000][1][safepoint    ] Total time for which application threads were stopped: 0.0001408 seconds, Stopping threads took: 0.0000293 seconds
[2019-12-11T08:37:01.722+0000][1][safepoint    ] Application time: 1.0038052 seconds
[2019-12-11T08:37:01.722+0000][1][safepoint    ] Entering safepoint region: Cleanup
[2019-12-11T08:37:01.722+0000][1][safepoint    ] Leaving safepoint region
[2019-12-11T08:37:01.722+0000][1][safepoint    ] Total time for which application threads were stopped: 0.0001243 seconds, Stopping threads took: 0.0000238 seconds
[2019-12-11T08:37:02.726+0000][1][safepoint    ] Application time: 1.0037951 seconds
[2019-12-11T08:37:02.726+0000][1][safepoint    ] Entering safepoint region: Cleanup
[2019-12-11T08:37:02.726+0000][1][safepoint    ] Leaving safepoint region
[2019-12-11T08:37:02.726+0000][1][safepoint    ] Total time for which application threads were stopped: 0.0001531 seconds, Stopping threads took: 0.0000399 seconds
[2019-12-11T08:37:03.727+0000][1][safepoint    ] Application time: 1.0008636 seconds
[2019-12-11T08:37:03.727+0000][1][safepoint    ] Entering safepoint region: Cleanup
[2019-12-11T08:37:03.727+0000][1][safepoint    ] Leaving safepoint region
[2019-12-11T08:37:03.727+0000][1][safepoint    ] Total time for which application threads were stopped: 0.0001248 seconds, Stopping threads took: 0.0000224 seconds
[2019-12-11T08:37:04.729+0000][1][safepoint    ] Application time: 1.0017618 seconds
[2019-12-11T08:37:04.729+0000][1][safepoint    ] Entering safepoint region: Cleanup
[2019-12-11T08:37:04.729+0000][1][safepoint    ] Leaving safepoint region
[2019-12-11T08:37:04.729+0000][1][safepoint    ] Total time for which application threads were stopped: 0.0001183 seconds, Stopping threads took: 0.0000229 seconds
[2019-12-11T08:37:05.731+0000][1][safepoint    ] Application time: 1.0018259 seconds
[2019-12-11T08:37:05.731+0000][1][safepoint    ] Entering safepoint region: Cleanup
[2019-12-11T08:37:05.731+0000][1][safepoint    ] Leaving safepoint region
[2019-12-11T08:37:05.731+0000][1][safepoint    ] Total time for which application threads were stopped: 0.0001292 seconds, Stopping threads took: 0.0000262 seconds
[2019-12-11T08:37:06.733+0000][1][safepoint    ] Application time: 1.0018218 seconds
[2019-12-11T08:37:06.733+0000][1][safepoint    ] Entering safepoint region: Cleanup
[2019-12-11T08:37:06.733+0000][1][safepoint    ] Leaving safepoint region
[2019-12-11T08:37:06.733+0000][1][safepoint    ] Total time for which application threads were stopped: 0.0001609 seconds, Stopping threads took: 0.0000301 seconds
[2019-12-11T08:37:07.736+0000][1][safepoint    ] Application time: 1.0027348 seconds
[2019-12-11T08:37:07.736+0000][1][safepoint    ] Entering safepoint region: Cleanup
[2019-12-11T08:37:07.736+0000][1][safepoint    ] Leaving safepoint region
[2019-12-11T08:37:07.736+0000][1][safepoint    ] Total time for which application threads were stopped: 0.0001363 seconds, Stopping threads took: 0.0000288 seconds
[2019-12-11T08:37:08.737+0000][1][safepoint    ] Application time: 1.0008824 seconds
[2019-12-11T08:37:08.737+0000][1][safepoint    ] Entering safepoint region: Cleanup
[2019-12-11T08:37:08.737+0000][1][safepoint    ] Leaving safepoint region
[2019-12-11T08:37:08.737+0000][1][safepoint    ] Total time for which application threads were stopped: 0.0001381 seconds, Stopping threads took: 0.0000287 seconds
[2019-12-11T08:37:09.240+0000][1][safepoint    ] Application time: 0.5027529 seconds
[2019-12-11T08:37:09.240+0000][1][safepoint    ] Entering safepoint region: GenCollectForAllocation
[2019-12-11T08:37:09.240+0000][1][gc,start     ] GC(30) Pause Young (Allocation Failure)
[2019-12-11T08:37:09.240+0000][1][gc,task      ] GC(30) Using 2 workers of 2 for evacuation
[2019-12-11T08:37:09.248+0000][1][gc,age       ] GC(30) Desired survivor size 4456448 bytes, new threshold 6 (max threshold 6)
[2019-12-11T08:37:09.248+0000][1][gc,age       ] GC(30) Age table with threshold 6 (max threshold 6)
[2019-12-11T08:37:09.248+0000][1][gc,age       ] GC(30) - age   1:      83544 bytes,      83544 total
[2019-12-11T08:37:09.248+0000][1][gc,age       ] GC(30) - age   2:       9584 bytes,      93128 total
[2019-12-11T08:37:09.248+0000][1][gc,age       ] GC(30) - age   3:      15208 bytes,     108336 total
[2019-12-11T08:37:09.248+0000][1][gc,age       ] GC(30) - age   4:      75160 bytes,     183496 total
[2019-12-11T08:37:09.248+0000][1][gc,age       ] GC(30) - age   5:     247456 bytes,     430952 total
[2019-12-11T08:37:09.248+0000][1][gc,heap      ] GC(30) ParNew: 70824K->864K(78656K)
[2019-12-11T08:37:09.248+0000][1][gc,heap      ] GC(30) CMS: 73266K->73266K(174784K)
[2019-12-11T08:37:09.248+0000][1][gc,metaspace ] GC(30) Metaspace: 77482K->77482K(1120256K)
[2019-12-11T08:37:09.248+0000][1][gc           ] GC(30) Pause Young (Allocation Failure) 140M->72M(247M) 7.831ms
[2019-12-11T08:37:09.248+0000][1][gc,cpu       ] GC(30) User=0.00s Sys=0.00s Real=0.01s
[2019-12-11T08:37:09.248+0000][1][safepoint    ] Leaving safepoint region
[2019-12-11T08:37:09.248+0000][1][safepoint    ] Total time for which application threads were stopped: 0.0080720 seconds, Stopping threads took: 0.0000256 seconds
[2019-12-11T08:37:10.250+0000][1][safepoint    ] Application time: 1.0018529 seconds
[2019-12-11T08:37:10.250+0000][1][safepoint    ] Entering safepoint region: Cleanup
[2019-12-11T08:37:10.250+0000][1][safepoint    ] Leaving safepoint region
[2019-12-11T08:37:10.250+0000][1][safepoint    ] Total time for which application threads were stopped: 0.0001407 seconds, Stopping threads took: 0.0000291 seconds
[2019-12-11T08:37:11.251+0000][1][safepoint    ] Application time: 1.0009297 seconds
[2019-12-11T08:37:11.251+0000][1][safepoint    ] Entering safepoint region: Cleanup
[2019-12-11T08:37:11.251+0000][1][safepoint    ] Leaving safepoint region
[2019-12-11T08:37:11.251+0000][1][safepoint    ] Total time for which application threads were stopped: 0.0001350 seconds, Stopping threads took: 0.0000285 seconds
[2019-12-11T08:37:12.252+0000][1][safepoint    ] Application time: 1.0005245 seconds
[2019-12-11T08:37:12.252+0000][1][safepoint    ] Entering safepoint region: Cleanup
[2019-12-11T08:37:12.252+0000][1][safepoint    ] Leaving safepoint region
[2019-12-11T08:37:12.252+0000][1][safepoint    ] Total time for which application threads were stopped: 0.0001480 seconds, Stopping threads took: 0.0000271 seconds
[2019-12-11T08:37:13.253+0000][1][safepoint    ] Application time: 1.0010090 seconds
[2019-12-11T08:37:13.253+0000][1][safepoint    ] Entering safepoint region: Cleanup
[2019-12-11T08:37:13.253+0000][1][safepoint    ] Leaving safepoint region
[2019-12-11T08:37:13.253+0000][1][safepoint    ] Total time for which application threads were stopped: 0.0001366 seconds, Stopping threads took: 0.0000294 seconds
[2019-12-11T08:37:14.253+0000][1][safepoint    ] Application time: 1.0005034 seconds
[2019-12-11T08:37:14.254+0000][1][safepoint    ] Entering safepoint region: Cleanup
[2019-12-11T08:37:14.254+0000][1][safepoint    ] Leaving safepoint region
[2019-12-11T08:37:14.254+0000][1][safepoint    ] Total time for which application threads were stopped: 0.0001312 seconds, Stopping threads took: 0.0000271 seconds
[2019-12-11T08:37:15.255+0000][1][safepoint    ] Application time: 1.0009004 seconds
[2019-12-11T08:37:15.255+0000][1][safepoint    ] Entering safepoint region: Cleanup
[2019-12-11T08:37:15.255+0000][1][safepoint    ] Leaving safepoint region
[2019-12-11T08:37:15.255+0000][1][safepoint    ] Total time for which application threads were stopped: 0.0001663 seconds, Stopping threads took: 0.0000295 seconds
[2019-12-11T08:37:16.258+0000][1][safepoint    ] Application time: 1.0029177 seconds
[2019-12-11T08:37:16.258+0000][1][safepoint    ] Entering safepoint region: Cleanup
[2019-12-11T08:37:16.258+0000][1][safepoint    ] Leaving safepoint region
[2019-12-11T08:37:16.258+0000][1][safepoint    ] Total time for which application threads were stopped: 0.0001307 seconds, Stopping threads took: 0.0000283 seconds
[2019-12-11T08:37:17.259+0000][1][safepoint    ] Application time: 1.0008241 seconds
[2019-12-11T08:37:17.259+0000][1][safepoint    ] Entering safepoint region: Cleanup
[2019-12-11T08:37:17.259+0000][1][safepoint    ] Leaving safepoint region
[2019-12-11T08:37:17.259+0000][1][safepoint    ] Total time for which application threads were stopped: 0.0001346 seconds, Stopping threads took: 0.0000277 seconds
[2019-12-11T08:37:18.262+0000][1][safepoint    ] Application time: 1.0028146 seconds
[2019-12-11T08:37:18.262+0000][1][safepoint    ] Entering safepoint region: Cleanup
[2019-12-11T08:37:18.262+0000][1][safepoint    ] Leaving safepoint region
[2019-12-11T08:37:18.262+0000][1][safepoint    ] Total time for which application threads were stopped: 0.0001368 seconds, Stopping threads took: 0.0000275 seconds
[2019-12-11T08:37:19.265+0000][1][safepoint    ] Application time: 1.0027777 seconds
[2019-12-11T08:37:19.265+0000][1][safepoint    ] Entering safepoint region: Cleanup
[2019-12-11T08:37:19.265+0000][1][safepoint    ] Leaving safepoint region
[2019-12-11T08:37:19.265+0000][1][safepoint    ] Total time for which application threads were stopped: 0.0001515 seconds, Stopping threads took: 0.0000402 seconds
[2019-12-11T08:37:20.266+0000][1][safepoint    ] Application time: 1.0008354 seconds
[2019-12-11T08:37:20.266+0000][1][safepoint    ] Entering safepoint region: Cleanup
[2019-12-11T08:37:20.266+0000][1][safepoint    ] Leaving safepoint region
[2019-12-11T08:37:20.266+0000][1][safepoint    ] Total time for which application threads were stopped: 0.0001248 seconds, Stopping threads took: 0.0000270 seconds
[2019-12-11T08:37:21.268+0000][1][safepoint    ] Application time: 1.0017802 seconds
[2019-12-11T08:37:21.268+0000][1][safepoint    ] Entering safepoint region: Cleanup
[2019-12-11T08:37:21.268+0000][1][safepoint    ] Leaving safepoint region
[2019-12-11T08:37:21.268+0000][1][safepoint    ] Total time for which application threads were stopped: 0.0001422 seconds, Stopping threads took: 0.0000265 seconds
[2019-12-11T08:37:22.269+0000][1][safepoint    ] Application time: 1.0008062 seconds
[2019-12-11T08:37:22.269+0000][1][safepoint    ] Entering safepoint region: Cleanup
[2019-12-11T08:37:22.269+0000][1][safepoint    ] Leaving safepoint region
[2019-12-11T08:37:22.269+0000][1][safepoint    ] Total time for which application threads were stopped: 0.0001453 seconds, Stopping threads took: 0.0000289 seconds
[2019-12-11T08:37:23.270+0000][1][safepoint    ] Application time: 1.0008521 seconds
[2019-12-11T08:37:23.270+0000][1][safepoint    ] Entering safepoint region: Cleanup
[2019-12-11T08:37:23.270+0000][1][safepoint    ] Leaving safepoint region
[2019-12-11T08:37:23.270+0000][1][safepoint    ] Total time for which application threads were stopped: 0.0001777 seconds, Stopping threads took: 0.0000297 seconds
[2019-12-11T08:37:24.272+0000][1][safepoint    ] Application time: 1.0017341 seconds
[2019-12-11T08:37:24.272+0000][1][safepoint    ] Entering safepoint region: Cleanup
[2019-12-11T08:37:24.272+0000][1][safepoint    ] Leaving safepoint region
[2019-12-11T08:37:24.272+0000][1][safepoint    ] Total time for which application threads were stopped: 0.0001212 seconds, Stopping threads took: 0.0000230 seconds
[2019-12-11T08:37:25.272+0000][1][safepoint    ] Application time: 1.0004778 seconds
[2019-12-11T08:37:25.272+0000][1][safepoint    ] Entering safepoint region: Cleanup
[2019-12-11T08:37:25.273+0000][1][safepoint    ] Leaving safepoint region
[2019-12-11T08:37:25.273+0000][1][safepoint    ] Total time for which application threads were stopped: 0.0001270 seconds, Stopping threads took: 0.0000264 seconds
[2019-12-11T08:37:26.273+0000][1][safepoint    ] Application time: 1.0001254 seconds
[2019-12-11T08:37:26.273+0000][1][safepoint    ] Entering safepoint region: Cleanup
[2019-12-11T08:37:26.273+0000][1][safepoint    ] Leaving safepoint region
[2019-12-11T08:37:26.273+0000][1][safepoint    ] Total time for which application threads were stopped: 0.0001409 seconds, Stopping threads took: 0.0000296 seconds
[2019-12-11T08:37:27.275+0000][1][safepoint    ] Application time: 1.0018058 seconds
[2019-12-11T08:37:27.275+0000][1][safepoint    ] Entering safepoint region: Cleanup
[2019-12-11T08:37:27.275+0000][1][safepoint    ] Leaving safepoint region
[2019-12-11T08:37:27.275+0000][1][safepoint    ] Total time for which application threads were stopped: 0.0001368 seconds, Stopping threads took: 0.0000270 seconds
[2019-12-11T08:37:28.276+0000][1][safepoint    ] Application time: 1.0008295 seconds
[2019-12-11T08:37:28.276+0000][1][safepoint    ] Entering safepoint region: Cleanup
[2019-12-11T08:37:28.276+0000][1][safepoint    ] Leaving safepoint region
[2019-12-11T08:37:28.276+0000][1][safepoint    ] Total time for which application threads were stopped: 0.0001335 seconds, Stopping threads took: 0.0000288 seconds
[2019-12-11T08:37:29.278+0000][1][safepoint    ] Application time: 1.0017700 seconds
[2019-12-11T08:37:29.278+0000][1][safepoint    ] Entering safepoint region: Cleanup
[2019-12-11T08:37:29.278+0000][1][safepoint    ] Leaving safepoint region
[2019-12-11T08:37:29.278+0000][1][safepoint    ] Total time for which application threads were stopped: 0.0001343 seconds, Stopping threads took: 0.0000308 seconds
[2019-12-11T08:37:30.279+0000][1][safepoint    ] Application time: 1.0008161 seconds
[2019-12-11T08:37:30.279+0000][1][safepoint    ] Entering safepoint region: Cleanup
[2019-12-11T08:37:30.279+0000][1][safepoint    ] Leaving safepoint region
[2019-12-11T08:37:30.279+0000][1][safepoint    ] Total time for which application threads were stopped: 0.0001263 seconds, Stopping threads took: 0.0000270 seconds
[2019-12-11T08:37:31.280+0000][1][safepoint    ] Application time: 1.0008209 seconds
[2019-12-11T08:37:31.280+0000][1][safepoint    ] Entering safepoint region: Cleanup
[2019-12-11T08:37:31.280+0000][1][safepoint    ] Leaving safepoint region
[2019-12-11T08:37:31.280+0000][1][safepoint    ] Total time for which application threads were stopped: 0.0001325 seconds, Stopping threads took: 0.0000268 seconds
[2019-12-11T08:37:32.283+0000][1][safepoint    ] Application time: 1.0027996 seconds
[2019-12-11T08:37:32.283+0000][1][safepoint    ] Entering safepoint region: Cleanup
[2019-12-11T08:37:32.283+0000][1][safepoint    ] Leaving safepoint region
[2019-12-11T08:37:32.283+0000][1][safepoint    ] Total time for which application threads were stopped: 0.0001317 seconds, Stopping threads took: 0.0000279 seconds
[2019-12-11T08:37:33.286+0000][1][safepoint    ] Application time: 1.0028063 seconds
[2019-12-11T08:37:33.286+0000][1][safepoint    ] Entering safepoint region: Cleanup
[2019-12-11T08:37:33.286+0000][1][safepoint    ] Leaving safepoint region
[2019-12-11T08:37:33.286+0000][1][safepoint    ] Total time for which application threads were stopped: 0.0001337 seconds, Stopping threads took: 0.0000273 seconds
[2019-12-11T08:37:34.290+0000][1][safepoint    ] Application time: 1.0038116 seconds
[2019-12-11T08:37:34.290+0000][1][safepoint    ] Entering safepoint region: Cleanup
[2019-12-11T08:37:34.290+0000][1][safepoint    ] Leaving safepoint region
[2019-12-11T08:37:34.290+0000][1][safepoint    ] Total time for which application threads were stopped: 0.0001305 seconds, Stopping threads took: 0.0000266 seconds
[2019-12-11T08:37:35.291+0000][1][safepoint    ] Application time: 1.0008927 seconds
[2019-12-11T08:37:35.291+0000][1][safepoint    ] Entering safepoint region: Cleanup
[2019-12-11T08:37:35.291+0000][1][safepoint    ] Leaving safepoint region
[2019-12-11T08:37:35.291+0000][1][safepoint    ] Total time for which application threads were stopped: 0.0001259 seconds, Stopping threads took: 0.0000258 seconds
[2019-12-11T08:37:36.293+0000][1][safepoint    ] Application time: 1.0017396 seconds
[2019-12-11T08:37:36.293+0000][1][safepoint    ] Entering safepoint region: Cleanup
[2019-12-11T08:37:36.293+0000][1][safepoint    ] Leaving safepoint region
[2019-12-11T08:37:36.293+0000][1][safepoint    ] Total time for which application threads were stopped: 0.0001291 seconds, Stopping threads took: 0.0000260 seconds
[2019-12-11T08:37:37.295+0000][1][safepoint    ] Application time: 1.0018696 seconds
[2019-12-11T08:37:37.295+0000][1][safepoint    ] Entering safepoint region: Cleanup
[2019-12-11T08:37:37.295+0000][1][safepoint    ] Leaving safepoint region
[2019-12-11T08:37:37.295+0000][1][safepoint    ] Total time for which application threads were stopped: 0.0001349 seconds, Stopping threads took: 0.0000279 seconds
[2019-12-11T08:37:38.296+0000][1][safepoint    ] Application time: 1.0007934 seconds
[2019-12-11T08:37:38.296+0000][1][safepoint    ] Entering safepoint region: Cleanup
[2019-12-11T08:37:38.296+0000][1][safepoint    ] Leaving safepoint region
[2019-12-11T08:37:38.296+0000][1][safepoint    ] Total time for which application threads were stopped: 0.0001369 seconds, Stopping threads took: 0.0000293 seconds
[2019-12-11T08:37:39.298+0000][1][safepoint    ] Application time: 1.0017541 seconds
[2019-12-11T08:37:39.298+0000][1][safepoint    ] Entering safepoint region: Cleanup
[2019-12-11T08:37:39.298+0000][1][safepoint    ] Leaving safepoint region
[2019-12-11T08:37:39.298+0000][1][safepoint    ] Total time for which application threads were stopped: 0.0001443 seconds, Stopping threads took: 0.0000329 seconds
[2019-12-11T08:37:40.300+0000][1][safepoint    ] Application time: 1.0018007 seconds
[2019-12-11T08:37:40.300+0000][1][safepoint    ] Entering safepoint region: Cleanup
[2019-12-11T08:37:40.300+0000][1][safepoint    ] Leaving safepoint region
[2019-12-11T08:37:40.300+0000][1][safepoint    ] Total time for which application threads were stopped: 0.0001246 seconds, Stopping threads took: 0.0000267 seconds
[2019-12-11T08:37:41.301+0000][1][safepoint    ] Application time: 1.0008917 seconds
[2019-12-11T08:37:41.301+0000][1][safepoint    ] Entering safepoint region: Cleanup
[2019-12-11T08:37:41.301+0000][1][safepoint    ] Leaving safepoint region
[2019-12-11T08:37:41.301+0000][1][safepoint    ] Total time for which application threads were stopped: 0.0001394 seconds, Stopping threads took: 0.0000286 seconds
[2019-12-11T08:37:42.302+0000][1][safepoint    ] Application time: 1.0007210 seconds
[2019-12-11T08:37:42.302+0000][1][safepoint    ] Entering safepoint region: Cleanup
[2019-12-11T08:37:42.302+0000][1][safepoint    ] Leaving safepoint region
[2019-12-11T08:37:42.302+0000][1][safepoint    ] Total time for which application threads were stopped: 0.0001261 seconds, Stopping threads took: 0.0000267 seconds
[2019-12-11T08:37:43.305+0000][1][safepoint    ] Application time: 1.0028273 seconds
[2019-12-11T08:37:43.305+0000][1][safepoint    ] Entering safepoint region: Cleanup
[2019-12-11T08:37:43.305+0000][1][safepoint    ] Leaving safepoint region
[2019-12-11T08:37:43.305+0000][1][safepoint    ] Total time for which application threads were stopped: 0.0001291 seconds, Stopping threads took: 0.0000275 seconds
[2019-12-11T08:37:44.306+0000][1][safepoint    ] Application time: 1.0012425 seconds
[2019-12-11T08:37:44.306+0000][1][safepoint    ] Entering safepoint region: Cleanup
[2019-12-11T08:37:44.306+0000][1][safepoint    ] Leaving safepoint region
[2019-12-11T08:37:44.306+0000][1][safepoint    ] Total time for which application threads were stopped: 0.0001300 seconds, Stopping threads took: 0.0000257 seconds
[2019-12-11T08:37:45.307+0000][1][safepoint    ] Application time: 1.0003836 seconds
[2019-12-11T08:37:45.307+0000][1][safepoint    ] Entering safepoint region: Cleanup
[2019-12-11T08:37:45.307+0000][1][safepoint    ] Leaving safepoint region
[2019-12-11T08:37:45.307+0000][1][safepoint    ] Total time for which application threads were stopped: 0.0001329 seconds, Stopping threads took: 0.0000355 seconds
[2019-12-11T08:37:46.308+0000][1][safepoint    ] Application time: 1.0008629 seconds
[2019-12-11T08:37:46.308+0000][1][safepoint    ] Entering safepoint region: Cleanup
[2019-12-11T08:37:46.308+0000][1][safepoint    ] Leaving safepoint region
[2019-12-11T08:37:46.308+0000][1][safepoint    ] Total time for which application threads were stopped: 0.0001328 seconds, Stopping threads took: 0.0000273 seconds
[2019-12-11T08:37:47.309+0000][1][safepoint    ] Application time: 1.0007827 seconds
[2019-12-11T08:37:47.309+0000][1][safepoint    ] Entering safepoint region: Cleanup
[2019-12-11T08:37:47.309+0000][1][safepoint    ] Leaving safepoint region
[2019-12-11T08:37:47.309+0000][1][safepoint    ] Total time for which application threads were stopped: 0.0001313 seconds, Stopping threads took: 0.0000266 seconds
[2019-12-11T08:37:48.312+0000][1][safepoint    ] Application time: 1.0027853 seconds
[2019-12-11T08:37:48.312+0000][1][safepoint    ] Entering safepoint region: Cleanup
[2019-12-11T08:37:48.312+0000][1][safepoint    ] Leaving safepoint region
[2019-12-11T08:37:48.312+0000][1][safepoint    ] Total time for which application threads were stopped: 0.0001228 seconds, Stopping threads took: 0.0000251 seconds
[2019-12-11T08:37:49.312+0000][1][safepoint    ] Application time: 1.0000845 seconds
[2019-12-11T08:37:49.312+0000][1][safepoint    ] Entering safepoint region: Cleanup
[2019-12-11T08:37:49.312+0000][1][safepoint    ] Leaving safepoint region
[2019-12-11T08:37:49.312+0000][1][safepoint    ] Total time for which application threads were stopped: 0.0001399 seconds, Stopping threads took: 0.0000356 seconds
[2019-12-11T08:37:50.316+0000][1][safepoint    ] Application time: 1.0035664 seconds
[2019-12-11T08:37:50.316+0000][1][safepoint    ] Entering safepoint region: Cleanup
[2019-12-11T08:37:50.316+0000][1][safepoint    ] Leaving safepoint region
[2019-12-11T08:37:50.316+0000][1][safepoint    ] Total time for which application threads were stopped: 0.0001403 seconds, Stopping threads took: 0.0000360 seconds
[2019-12-11T08:37:51.317+0000][1][safepoint    ] Application time: 1.0007992 seconds
[2019-12-11T08:37:51.317+0000][1][safepoint    ] Entering safepoint region: Cleanup
[2019-12-11T08:37:51.317+0000][1][safepoint    ] Leaving safepoint region
[2019-12-11T08:37:51.317+0000][1][safepoint    ] Total time for which application threads were stopped: 0.0001399 seconds, Stopping threads took: 0.0000280 seconds
[2019-12-11T08:37:52.319+0000][1][safepoint    ] Application time: 1.0018300 seconds
[2019-12-11T08:37:52.319+0000][1][safepoint    ] Entering safepoint region: Cleanup
[2019-12-11T08:37:52.319+0000][1][safepoint    ] Leaving safepoint region
[2019-12-11T08:37:52.319+0000][1][safepoint    ] Total time for which application threads were stopped: 0.0001420 seconds, Stopping threads took: 0.0000305 seconds
[2019-12-11T08:37:53.321+0000][1][safepoint    ] Application time: 1.0017590 seconds
[2019-12-11T08:37:53.321+0000][1][safepoint    ] Entering safepoint region: Cleanup
[2019-12-11T08:37:53.321+0000][1][safepoint    ] Leaving safepoint region
[2019-12-11T08:37:53.321+0000][1][safepoint    ] Total time for which application threads were stopped: 0.0001283 seconds, Stopping threads took: 0.0000269 seconds
[2019-12-11T08:37:54.324+0000][1][safepoint    ] Application time: 1.0028232 seconds
[2019-12-11T08:37:54.324+0000][1][safepoint    ] Entering safepoint region: Cleanup
[2019-12-11T08:37:54.324+0000][1][safepoint    ] Leaving safepoint region
[2019-12-11T08:37:54.324+0000][1][safepoint    ] Total time for which application threads were stopped: 0.0001317 seconds, Stopping threads took: 0.0000279 seconds
[2019-12-11T08:37:55.324+0000][1][safepoint    ] Application time: 1.0003969 seconds
[2019-12-11T08:37:55.324+0000][1][safepoint    ] Entering safepoint region: Cleanup
[2019-12-11T08:37:55.324+0000][1][safepoint    ] Leaving safepoint region
[2019-12-11T08:37:55.324+0000][1][safepoint    ] Total time for which application threads were stopped: 0.0001266 seconds, Stopping threads took: 0.0000254 seconds
[2019-12-11T08:37:56.327+0000][1][safepoint    ] Application time: 1.0022360 seconds
[2019-12-11T08:37:56.327+0000][1][safepoint    ] Entering safepoint region: Cleanup
[2019-12-11T08:37:56.327+0000][1][safepoint    ] Leaving safepoint region
[2019-12-11T08:37:56.327+0000][1][safepoint    ] Total time for which application threads were stopped: 0.0001260 seconds, Stopping threads took: 0.0000268 seconds
[2019-12-11T08:37:57.328+0000][1][safepoint    ] Application time: 1.0009072 seconds
[2019-12-11T08:37:57.328+0000][1][safepoint    ] Entering safepoint region: Cleanup
[2019-12-11T08:37:57.328+0000][1][safepoint    ] Leaving safepoint region
[2019-12-11T08:37:57.328+0000][1][safepoint    ] Total time for which application threads were stopped: 0.0001313 seconds, Stopping threads took: 0.0000268 seconds
[2019-12-11T08:37:58.330+0000][1][safepoint    ] Application time: 1.0017839 seconds
[2019-12-11T08:37:58.330+0000][1][safepoint    ] Entering safepoint region: Cleanup
[2019-12-11T08:37:58.330+0000][1][safepoint    ] Leaving safepoint region
[2019-12-11T08:37:58.330+0000][1][safepoint    ] Total time for which application threads were stopped: 0.0001337 seconds, Stopping threads took: 0.0000275 seconds
[2019-12-11T08:37:59.330+0000][1][safepoint    ] Application time: 1.0004844 seconds
[2019-12-11T08:37:59.331+0000][1][safepoint    ] Entering safepoint region: Cleanup
[2019-12-11T08:37:59.331+0000][1][safepoint    ] Leaving safepoint region
[2019-12-11T08:37:59.331+0000][1][safepoint    ] Total time for which application threads were stopped: 0.0001567 seconds, Stopping threads took: 0.0000276 seconds
[2019-12-11T08:38:00.332+0000][1][safepoint    ] Application time: 1.0010431 seconds
[2019-12-11T08:38:00.332+0000][1][safepoint    ] Entering safepoint region: Cleanup
[2019-12-11T08:38:00.332+0000][1][safepoint    ] Leaving safepoint region
[2019-12-11T08:38:00.332+0000][1][safepoint    ] Total time for which application threads were stopped: 0.0001355 seconds, Stopping threads took: 0.0000355 seconds
[2019-12-11T08:38:01.335+0000][1][safepoint    ] Application time: 1.0028135 seconds
[2019-12-11T08:38:01.335+0000][1][safepoint    ] Entering safepoint region: Cleanup
[2019-12-11T08:38:01.335+0000][1][safepoint    ] Leaving safepoint region
[2019-12-11T08:38:01.335+0000][1][safepoint    ] Total time for which application threads were stopped: 0.0001349 seconds, Stopping threads took: 0.0000279 seconds
[2019-12-11T08:38:02.336+0000][1][safepoint    ] Application time: 1.0009395 seconds
[2019-12-11T08:38:02.336+0000][1][safepoint    ] Entering safepoint region: Cleanup
[2019-12-11T08:38:02.336+0000][1][safepoint    ] Leaving safepoint region
[2019-12-11T08:38:02.336+0000][1][safepoint    ] Total time for which application threads were stopped: 0.0001342 seconds, Stopping threads took: 0.0000286 seconds
[2019-12-11T08:38:03.337+0000][1][safepoint    ] Application time: 1.0007250 seconds
[2019-12-11T08:38:03.337+0000][1][safepoint    ] Entering safepoint region: Cleanup
[2019-12-11T08:38:03.337+0000][1][safepoint    ] Leaving safepoint region
[2019-12-11T08:38:03.337+0000][1][safepoint    ] Total time for which application threads were stopped: 0.0001313 seconds, Stopping threads took: 0.0000273 seconds
[2019-12-11T08:38:04.340+0000][1][safepoint    ] Application time: 1.0028664 seconds
[2019-12-11T08:38:04.340+0000][1][safepoint    ] Entering safepoint region: Cleanup
[2019-12-11T08:38:04.340+0000][1][safepoint    ] Leaving safepoint region
[2019-12-11T08:38:04.340+0000][1][safepoint    ] Total time for which application threads were stopped: 0.0001327 seconds, Stopping threads took: 0.0000295 seconds
[2019-12-11T08:38:05.342+0000][1][safepoint    ] Application time: 1.0017130 seconds
[2019-12-11T08:38:05.342+0000][1][safepoint    ] Entering safepoint region: Cleanup
[2019-12-11T08:38:05.342+0000][1][safepoint    ] Leaving safepoint region
[2019-12-11T08:38:05.342+0000][1][safepoint    ] Total time for which application threads were stopped: 0.0001353 seconds, Stopping threads took: 0.0000282 seconds
[2019-12-11T08:38:06.343+0000][1][safepoint    ] Application time: 1.0008303 seconds
[2019-12-11T08:38:06.343+0000][1][safepoint    ] Entering safepoint region: Cleanup
[2019-12-11T08:38:06.343+0000][1][safepoint    ] Leaving safepoint region
[2019-12-11T08:38:06.343+0000][1][safepoint    ] Total time for which application threads were stopped: 0.0001336 seconds, Stopping threads took: 0.0000261 seconds
[2019-12-11T08:38:07.345+0000][1][safepoint    ] Application time: 1.0018625 seconds
[2019-12-11T08:38:07.345+0000][1][safepoint    ] Entering safepoint region: Cleanup
[2019-12-11T08:38:07.345+0000][1][safepoint    ] Leaving safepoint region
[2019-12-11T08:38:07.345+0000][1][safepoint    ] Total time for which application threads were stopped: 0.0001315 seconds, Stopping threads took: 0.0000284 seconds
[2019-12-11T08:38:08.349+0000][1][safepoint    ] Application time: 1.0037374 seconds
[2019-12-11T08:38:08.349+0000][1][safepoint    ] Entering safepoint region: Cleanup
[2019-12-11T08:38:08.349+0000][1][safepoint    ] Leaving safepoint region
[2019-12-11T08:38:08.349+0000][1][safepoint    ] Total time for which application threads were stopped: 0.0001334 seconds, Stopping threads took: 0.0000294 seconds
[2019-12-11T08:38:09.350+0000][1][safepoint    ] Application time: 1.0008589 seconds
[2019-12-11T08:38:09.350+0000][1][safepoint    ] Entering safepoint region: Cleanup
[2019-12-11T08:38:09.350+0000][1][safepoint    ] Leaving safepoint region
[2019-12-11T08:38:09.350+0000][1][safepoint    ] Total time for which application threads were stopped: 0.0001384 seconds, Stopping threads took: 0.0000268 seconds
[2019-12-11T08:38:10.353+0000][1][safepoint    ] Application time: 1.0027872 seconds
[2019-12-11T08:38:10.353+0000][1][safepoint    ] Entering safepoint region: Cleanup
[2019-12-11T08:38:10.353+0000][1][safepoint    ] Leaving safepoint region
[2019-12-11T08:38:10.353+0000][1][safepoint    ] Total time for which application threads were stopped: 0.0001424 seconds, Stopping threads took: 0.0000285 seconds
[2019-12-11T08:38:11.355+0000][1][safepoint    ] Application time: 1.0017697 seconds
[2019-12-11T08:38:11.355+0000][1][safepoint    ] Entering safepoint region: Cleanup
[2019-12-11T08:38:11.355+0000][1][safepoint    ] Leaving safepoint region
[2019-12-11T08:38:11.355+0000][1][safepoint    ] Total time for which application threads were stopped: 0.0001348 seconds, Stopping threads took: 0.0000267 seconds
[2019-12-11T08:38:12.358+0000][1][safepoint    ] Application time: 1.0027989 seconds
[2019-12-11T08:38:12.358+0000][1][safepoint    ] Entering safepoint region: Cleanup
[2019-12-11T08:38:12.358+0000][1][safepoint    ] Leaving safepoint region
[2019-12-11T08:38:12.358+0000][1][safepoint    ] Total time for which application threads were stopped: 0.0001433 seconds, Stopping threads took: 0.0000296 seconds
[2019-12-11T08:38:13.359+0000][1][safepoint    ] Application time: 1.0008771 seconds
[2019-12-11T08:38:13.359+0000][1][safepoint    ] Entering safepoint region: Cleanup
[2019-12-11T08:38:13.359+0000][1][safepoint    ] Leaving safepoint region
[2019-12-11T08:38:13.359+0000][1][safepoint    ] Total time for which application threads were stopped: 0.0001503 seconds, Stopping threads took: 0.0000297 seconds
[2019-12-11T08:38:14.364+0000][1][safepoint    ] Application time: 1.0047295 seconds
[2019-12-11T08:38:14.364+0000][1][safepoint    ] Entering safepoint region: Cleanup
[2019-12-11T08:38:14.364+0000][1][safepoint    ] Leaving safepoint region
[2019-12-11T08:38:14.364+0000][1][safepoint    ] Total time for which application threads were stopped: 0.0001511 seconds, Stopping threads took: 0.0000422 seconds
[2019-12-11T08:38:15.367+0000][1][safepoint    ] Application time: 1.0027752 seconds
[2019-12-11T08:38:15.367+0000][1][safepoint    ] Entering safepoint region: Cleanup
[2019-12-11T08:38:15.367+0000][1][safepoint    ] Leaving safepoint region
[2019-12-11T08:38:15.367+0000][1][safepoint    ] Total time for which application threads were stopped: 0.0001362 seconds, Stopping threads took: 0.0000290 seconds
[2019-12-11T08:38:16.369+0000][1][safepoint    ] Application time: 1.0017785 seconds
[2019-12-11T08:38:16.369+0000][1][safepoint    ] Entering safepoint region: Cleanup
[2019-12-11T08:38:16.369+0000][1][safepoint    ] Leaving safepoint region
[2019-12-11T08:38:16.369+0000][1][safepoint    ] Total time for which application threads were stopped: 0.0001365 seconds, Stopping threads took: 0.0000296 seconds
[2019-12-11T08:38:17.372+0000][1][safepoint    ] Application time: 1.0028032 seconds
[2019-12-11T08:38:17.372+0000][1][safepoint    ] Entering safepoint region: Cleanup
[2019-12-11T08:38:17.372+0000][1][safepoint    ] Leaving safepoint region
[2019-12-11T08:38:17.372+0000][1][safepoint    ] Total time for which application threads were stopped: 0.0001235 seconds, Stopping threads took: 0.0000255 seconds
[2019-12-11T08:38:18.373+0000][1][safepoint    ] Application time: 1.0008143 seconds
[2019-12-11T08:38:18.373+0000][1][safepoint    ] Entering safepoint region: Cleanup
[2019-12-11T08:38:18.373+0000][1][safepoint    ] Leaving safepoint region
[2019-12-11T08:38:18.373+0000][1][safepoint    ] Total time for which application threads were stopped: 0.0001254 seconds, Stopping threads took: 0.0000250 seconds
[2019-12-11T08:38:19.373+0000][1][safepoint    ] Application time: 1.0000872 seconds
[2019-12-11T08:38:19.373+0000][1][safepoint    ] Entering safepoint region: Cleanup
[2019-12-11T08:38:19.373+0000][1][safepoint    ] Leaving safepoint region
[2019-12-11T08:38:19.373+0000][1][safepoint    ] Total time for which application threads were stopped: 0.0001454 seconds, Stopping threads took: 0.0000289 seconds
[2019-12-11T08:38:20.374+0000][1][safepoint    ] Application time: 1.0005562 seconds
[2019-12-11T08:38:20.374+0000][1][safepoint    ] Entering safepoint region: Cleanup
[2019-12-11T08:38:20.374+0000][1][safepoint    ] Leaving safepoint region
[2019-12-11T08:38:20.374+0000][1][safepoint    ] Total time for which application threads were stopped: 0.0001364 seconds, Stopping threads took: 0.0000270 seconds
[2019-12-11T08:38:21.377+0000][1][safepoint    ] Application time: 1.0027900 seconds
[2019-12-11T08:38:21.377+0000][1][safepoint    ] Entering safepoint region: Cleanup
[2019-12-11T08:38:21.377+0000][1][safepoint    ] Leaving safepoint region
[2019-12-11T08:38:21.377+0000][1][safepoint    ] Total time for which application threads were stopped: 0.0001437 seconds, Stopping threads took: 0.0000369 seconds
[2019-12-11T08:38:22.380+0000][1][safepoint    ] Application time: 1.0027828 seconds
[2019-12-11T08:38:22.380+0000][1][safepoint    ] Entering safepoint region: Cleanup
[2019-12-11T08:38:22.380+0000][1][safepoint    ] Leaving safepoint region
[2019-12-11T08:38:22.380+0000][1][safepoint    ] Total time for which application threads were stopped: 0.0001260 seconds, Stopping threads took: 0.0000259 seconds
[2019-12-11T08:38:23.382+0000][1][safepoint    ] Application time: 1.0018968 seconds
[2019-12-11T08:38:23.382+0000][1][safepoint    ] Entering safepoint region: Cleanup
[2019-12-11T08:38:23.382+0000][1][safepoint    ] Leaving safepoint region
[2019-12-11T08:38:23.382+0000][1][safepoint    ] Total time for which application threads were stopped: 0.0001401 seconds, Stopping threads took: 0.0000276 seconds
[2019-12-11T08:38:24.383+0000][1][safepoint    ] Application time: 1.0007192 seconds
[2019-12-11T08:38:24.383+0000][1][safepoint    ] Entering safepoint region: Cleanup
[2019-12-11T08:38:24.383+0000][1][safepoint    ] Leaving safepoint region
[2019-12-11T08:38:24.383+0000][1][safepoint    ] Total time for which application threads were stopped: 0.0001263 seconds, Stopping threads took: 0.0000272 seconds
[2019-12-11T08:38:25.384+0000][1][safepoint    ] Application time: 1.0008177 seconds
[2019-12-11T08:38:25.384+0000][1][safepoint    ] Entering safepoint region: Cleanup
[2019-12-11T08:38:25.384+0000][1][safepoint    ] Leaving safepoint region
[2019-12-11T08:38:25.384+0000][1][safepoint    ] Total time for which application threads were stopped: 0.0001344 seconds, Stopping threads took: 0.0000264 seconds
[2019-12-11T08:38:26.388+0000][1][safepoint    ] Application time: 1.0038074 seconds
[2019-12-11T08:38:26.388+0000][1][safepoint    ] Entering safepoint region: Cleanup
[2019-12-11T08:38:26.388+0000][1][safepoint    ] Leaving safepoint region
[2019-12-11T08:38:26.388+0000][1][safepoint    ] Total time for which application threads were stopped: 0.0001389 seconds, Stopping threads took: 0.0000305 seconds
[2019-12-11T08:38:27.391+0000][1][safepoint    ] Application time: 1.0028008 seconds
[2019-12-11T08:38:27.391+0000][1][safepoint    ] Entering safepoint region: Cleanup
[2019-12-11T08:38:27.391+0000][1][safepoint    ] Leaving safepoint region
[2019-12-11T08:38:27.391+0000][1][safepoint    ] Total time for which application threads were stopped: 0.0001499 seconds, Stopping threads took: 0.0000275 seconds
[2019-12-11T08:38:28.391+0000][1][safepoint    ] Application time: 1.0005588 seconds
[2019-12-11T08:38:28.392+0000][1][safepoint    ] Entering safepoint region: Cleanup
[2019-12-11T08:38:28.392+0000][1][safepoint    ] Leaving safepoint region
[2019-12-11T08:38:28.392+0000][1][safepoint    ] Total time for which application threads were stopped: 0.0001274 seconds, Stopping threads took: 0.0000275 seconds
[2019-12-11T08:38:29.393+0000][1][safepoint    ] Application time: 1.0010609 seconds
[2019-12-11T08:38:29.393+0000][1][safepoint    ] Entering safepoint region: Cleanup
[2019-12-11T08:38:29.393+0000][1][safepoint    ] Leaving safepoint region
[2019-12-11T08:38:29.393+0000][1][safepoint    ] Total time for which application threads were stopped: 0.0001394 seconds, Stopping threads took: 0.0000294 seconds
[2019-12-11T08:38:30.394+0000][1][safepoint    ] Application time: 1.0007530 seconds
[2019-12-11T08:38:30.394+0000][1][safepoint    ] Entering safepoint region: Cleanup
[2019-12-11T08:38:30.394+0000][1][safepoint    ] Leaving safepoint region
[2019-12-11T08:38:30.394+0000][1][safepoint    ] Total time for which application threads were stopped: 0.0001393 seconds, Stopping threads took: 0.0000296 seconds
[2019-12-11T08:38:31.395+0000][1][safepoint    ] Application time: 1.0008014 seconds
[2019-12-11T08:38:31.395+0000][1][safepoint    ] Entering safepoint region: Cleanup
[2019-12-11T08:38:31.395+0000][1][safepoint    ] Leaving safepoint region
[2019-12-11T08:38:31.395+0000][1][safepoint    ] Total time for which application threads were stopped: 0.0001646 seconds, Stopping threads took: 0.0000277 seconds
[2019-12-11T08:38:32.396+0000][1][safepoint    ] Application time: 1.0007765 seconds
[2019-12-11T08:38:32.396+0000][1][safepoint    ] Entering safepoint region: Cleanup
[2019-12-11T08:38:32.396+0000][1][safepoint    ] Leaving safepoint region
[2019-12-11T08:38:32.396+0000][1][safepoint    ] Total time for which application threads were stopped: 0.0001343 seconds, Stopping threads took: 0.0000287 seconds
[2019-12-11T08:38:33.397+0000][1][safepoint    ] Application time: 1.0008013 seconds
[2019-12-11T08:38:33.397+0000][1][safepoint    ] Entering safepoint region: Cleanup
[2019-12-11T08:38:33.397+0000][1][safepoint    ] Leaving safepoint region
[2019-12-11T08:38:33.397+0000][1][safepoint    ] Total time for which application threads were stopped: 0.0001351 seconds, Stopping threads took: 0.0000362 seconds
[2019-12-11T08:38:34.398+0000][1][safepoint    ] Application time: 1.0008402 seconds
[2019-12-11T08:38:34.398+0000][1][safepoint    ] Entering safepoint region: Cleanup
[2019-12-11T08:38:34.398+0000][1][safepoint    ] Leaving safepoint region
[2019-12-11T08:38:34.398+0000][1][safepoint    ] Total time for which application threads were stopped: 0.0001312 seconds, Stopping threads took: 0.0000279 seconds
[2019-12-11T08:38:35.399+0000][1][safepoint    ] Application time: 1.0007869 seconds
[2019-12-11T08:38:35.399+0000][1][safepoint    ] Entering safepoint region: Cleanup
[2019-12-11T08:38:35.399+0000][1][safepoint    ] Leaving safepoint region
[2019-12-11T08:38:35.399+0000][1][safepoint    ] Total time for which application threads were stopped: 0.0001470 seconds, Stopping threads took: 0.0000278 seconds
[2019-12-11T08:38:36.401+0000][1][safepoint    ] Application time: 1.0020494 seconds
[2019-12-11T08:38:36.401+0000][1][safepoint    ] Entering safepoint region: Cleanup
[2019-12-11T08:38:36.401+0000][1][safepoint    ] Leaving safepoint region
[2019-12-11T08:38:36.401+0000][1][safepoint    ] Total time for which application threads were stopped: 0.0001369 seconds, Stopping threads took: 0.0000267 seconds
[2019-12-11T08:38:37.402+0000][1][safepoint    ] Application time: 1.0005278 seconds
[2019-12-11T08:38:37.402+0000][1][safepoint    ] Entering safepoint region: Cleanup
[2019-12-11T08:38:37.402+0000][1][safepoint    ] Leaving safepoint region
[2019-12-11T08:38:37.402+0000][1][safepoint    ] Total time for which application threads were stopped: 0.0001245 seconds, Stopping threads took: 0.0000266 seconds
[2019-12-11T08:38:38.404+0000][1][safepoint    ] Application time: 1.0018174 seconds
[2019-12-11T08:38:38.404+0000][1][safepoint    ] Entering safepoint region: Cleanup
[2019-12-11T08:38:38.404+0000][1][safepoint    ] Leaving safepoint region
[2019-12-11T08:38:38.404+0000][1][safepoint    ] Total time for which application threads were stopped: 0.0001193 seconds, Stopping threads took: 0.0000244 seconds
[2019-12-11T08:38:39.406+0000][1][safepoint    ] Application time: 1.0018390 seconds
[2019-12-11T08:38:39.406+0000][1][safepoint    ] Entering safepoint region: Cleanup
[2019-12-11T08:38:39.406+0000][1][safepoint    ] Leaving safepoint region
[2019-12-11T08:38:39.406+0000][1][safepoint    ] Total time for which application threads were stopped: 0.0001350 seconds, Stopping threads took: 0.0000270 seconds
[2019-12-11T08:38:40.407+0000][1][safepoint    ] Application time: 1.0007975 seconds
[2019-12-11T08:38:40.407+0000][1][safepoint    ] Entering safepoint region: Cleanup
[2019-12-11T08:38:40.407+0000][1][safepoint    ] Leaving safepoint region
[2019-12-11T08:38:40.407+0000][1][safepoint    ] Total time for which application threads were stopped: 0.0001344 seconds, Stopping threads took: 0.0000279 seconds
[2019-12-11T08:38:41.408+0000][1][safepoint    ] Application time: 1.0008922 seconds
[2019-12-11T08:38:41.408+0000][1][safepoint    ] Entering safepoint region: Cleanup
[2019-12-11T08:38:41.408+0000][1][safepoint    ] Leaving safepoint region
[2019-12-11T08:38:41.408+0000][1][safepoint    ] Total time for which application threads were stopped: 0.0001338 seconds, Stopping threads took: 0.0000274 seconds
[2019-12-11T08:38:42.410+0000][1][safepoint    ] Application time: 1.0017443 seconds
[2019-12-11T08:38:42.410+0000][1][safepoint    ] Entering safepoint region: Cleanup
[2019-12-11T08:38:42.410+0000][1][safepoint    ] Leaving safepoint region
[2019-12-11T08:38:42.410+0000][1][safepoint    ] Total time for which application threads were stopped: 0.0001362 seconds, Stopping threads took: 0.0000300 seconds
[2019-12-11T08:38:43.412+0000][1][safepoint    ] Application time: 1.0019189 seconds
[2019-12-11T08:38:43.412+0000][1][safepoint    ] Entering safepoint region: Cleanup
[2019-12-11T08:38:43.412+0000][1][safepoint    ] Leaving safepoint region
[2019-12-11T08:38:43.412+0000][1][safepoint    ] Total time for which application threads were stopped: 0.0001385 seconds, Stopping threads took: 0.0000286 seconds
[2019-12-11T08:38:44.413+0000][1][safepoint    ] Application time: 1.0006766 seconds
[2019-12-11T08:38:44.413+0000][1][safepoint    ] Entering safepoint region: Cleanup
[2019-12-11T08:38:44.413+0000][1][safepoint    ] Leaving safepoint region
[2019-12-11T08:38:44.413+0000][1][safepoint    ] Total time for which application threads were stopped: 0.0001369 seconds, Stopping threads took: 0.0000284 seconds
[2019-12-11T08:38:45.414+0000][1][safepoint    ] Application time: 1.0008017 seconds
[2019-12-11T08:38:45.414+0000][1][safepoint    ] Entering safepoint region: Cleanup
[2019-12-11T08:38:45.414+0000][1][safepoint    ] Leaving safepoint region
[2019-12-11T08:38:45.414+0000][1][safepoint    ] Total time for which application threads were stopped: 0.0001373 seconds, Stopping threads took: 0.0000284 seconds
[2019-12-11T08:38:46.417+0000][1][safepoint    ] Application time: 1.0028074 seconds
[2019-12-11T08:38:46.417+0000][1][safepoint    ] Entering safepoint region: Cleanup
[2019-12-11T08:38:46.417+0000][1][safepoint    ] Leaving safepoint region
[2019-12-11T08:38:46.417+0000][1][safepoint    ] Total time for which application threads were stopped: 0.0001342 seconds, Stopping threads took: 0.0000276 seconds
[2019-12-11T08:38:47.420+0000][1][safepoint    ] Application time: 1.0028063 seconds
[2019-12-11T08:38:47.420+0000][1][safepoint    ] Entering safepoint region: Cleanup
[2019-12-11T08:38:47.420+0000][1][safepoint    ] Leaving safepoint region
[2019-12-11T08:38:47.420+0000][1][safepoint    ] Total time for which application threads were stopped: 0.0001403 seconds, Stopping threads took: 0.0000275 seconds
[2019-12-11T08:38:48.422+0000][1][safepoint    ] Application time: 1.0018225 seconds
[2019-12-11T08:38:48.422+0000][1][safepoint    ] Entering safepoint region: Cleanup
[2019-12-11T08:38:48.422+0000][1][safepoint    ] Leaving safepoint region
[2019-12-11T08:38:48.422+0000][1][safepoint    ] Total time for which application threads were stopped: 0.0001217 seconds, Stopping threads took: 0.0000253 seconds
[2019-12-11T08:38:49.423+0000][1][safepoint    ] Application time: 1.0008080 seconds
[2019-12-11T08:38:49.423+0000][1][safepoint    ] Entering safepoint region: Cleanup
[2019-12-11T08:38:49.423+0000][1][safepoint    ] Leaving safepoint region
[2019-12-11T08:38:49.423+0000][1][safepoint    ] Total time for which application threads were stopped: 0.0001303 seconds, Stopping threads took: 0.0000274 seconds
[2019-12-11T08:38:50.427+0000][1][safepoint    ] Application time: 1.0037798 seconds
[2019-12-11T08:38:50.427+0000][1][safepoint    ] Entering safepoint region: Cleanup
[2019-12-11T08:38:50.427+0000][1][safepoint    ] Leaving safepoint region
[2019-12-11T08:38:50.427+0000][1][safepoint    ] Total time for which application threads were stopped: 0.0001529 seconds, Stopping threads took: 0.0000285 seconds
[2019-12-11T08:38:51.428+0000][1][safepoint    ] Application time: 1.0012280 seconds
[2019-12-11T08:38:51.428+0000][1][safepoint    ] Entering safepoint region: Cleanup
[2019-12-11T08:38:51.428+0000][1][safepoint    ] Leaving safepoint region
[2019-12-11T08:38:51.428+0000][1][safepoint    ] Total time for which application threads were stopped: 0.0001437 seconds, Stopping threads took: 0.0000332 seconds
[2019-12-11T08:38:52.429+0000][1][safepoint    ] Application time: 1.0006729 seconds
[2019-12-11T08:38:52.429+0000][1][safepoint    ] Entering safepoint region: Cleanup
[2019-12-11T08:38:52.429+0000][1][safepoint    ] Leaving safepoint region
[2019-12-11T08:38:52.429+0000][1][safepoint    ] Total time for which application threads were stopped: 0.0001455 seconds, Stopping threads took: 0.0000372 seconds
[2019-12-11T08:38:53.430+0000][1][safepoint    ] Application time: 1.0005223 seconds
[2019-12-11T08:38:53.430+0000][1][safepoint    ] Entering safepoint region: Cleanup
[2019-12-11T08:38:53.430+0000][1][safepoint    ] Leaving safepoint region
[2019-12-11T08:38:53.430+0000][1][safepoint    ] Total time for which application threads were stopped: 0.0001443 seconds, Stopping threads took: 0.0000272 seconds
[2019-12-11T08:38:54.431+0000][1][safepoint    ] Application time: 1.0007982 seconds
[2019-12-11T08:38:54.431+0000][1][safepoint    ] Entering safepoint region: Cleanup
[2019-12-11T08:38:54.431+0000][1][safepoint    ] Leaving safepoint region
[2019-12-11T08:38:54.431+0000][1][safepoint    ] Total time for which application threads were stopped: 0.0001478 seconds, Stopping threads took: 0.0000394 seconds
[2019-12-11T08:38:55.432+0000][1][safepoint    ] Application time: 1.0007704 seconds
[2019-12-11T08:38:55.432+0000][1][safepoint    ] Entering safepoint region: Cleanup
[2019-12-11T08:38:55.432+0000][1][safepoint    ] Leaving safepoint region
[2019-12-11T08:38:55.432+0000][1][safepoint    ] Total time for which application threads were stopped: 0.0001329 seconds, Stopping threads took: 0.0000271 seconds
[2019-12-11T08:38:56.435+0000][1][safepoint    ] Application time: 1.0028087 seconds
[2019-12-11T08:38:56.435+0000][1][safepoint    ] Entering safepoint region: Cleanup
[2019-12-11T08:38:56.435+0000][1][safepoint    ] Leaving safepoint region
[2019-12-11T08:38:56.435+0000][1][safepoint    ] Total time for which application threads were stopped: 0.0001232 seconds, Stopping threads took: 0.0000254 seconds
[2019-12-11T08:38:57.436+0000][1][safepoint    ] Application time: 1.0008156 seconds
[2019-12-11T08:38:57.436+0000][1][safepoint    ] Entering safepoint region: Cleanup
[2019-12-11T08:38:57.436+0000][1][safepoint    ] Leaving safepoint region
[2019-12-11T08:38:57.436+0000][1][safepoint    ] Total time for which application threads were stopped: 0.0001348 seconds, Stopping threads took: 0.0000248 seconds
[2019-12-11T08:38:58.443+0000][1][safepoint    ] Application time: 1.0068117 seconds
[2019-12-11T08:38:58.443+0000][1][safepoint    ] Entering safepoint region: Cleanup
[2019-12-11T08:38:58.443+0000][1][safepoint    ] Leaving safepoint region
[2019-12-11T08:38:58.443+0000][1][safepoint    ] Total time for which application threads were stopped: 0.0001229 seconds, Stopping threads took: 0.0000259 seconds
[2019-12-11T08:38:59.445+0000][1][safepoint    ] Application time: 1.0018531 seconds
[2019-12-11T08:38:59.445+0000][1][safepoint    ] Entering safepoint region: Cleanup
[2019-12-11T08:38:59.445+0000][1][safepoint    ] Leaving safepoint region
[2019-12-11T08:38:59.445+0000][1][safepoint    ] Total time for which application threads were stopped: 0.0001333 seconds, Stopping threads took: 0.0000275 seconds
[2019-12-11T08:39:00.446+0000][1][safepoint    ] Application time: 1.0007659 seconds
[2019-12-11T08:39:00.446+0000][1][safepoint    ] Entering safepoint region: Cleanup
[2019-12-11T08:39:00.446+0000][1][safepoint    ] Leaving safepoint region
[2019-12-11T08:39:00.446+0000][1][safepoint    ] Total time for which application threads were stopped: 0.0001235 seconds, Stopping threads took: 0.0000248 seconds
[2019-12-11T08:39:01.448+0000][1][safepoint    ] Application time: 1.0018317 seconds
[2019-12-11T08:39:01.448+0000][1][safepoint    ] Entering safepoint region: Cleanup
[2019-12-11T08:39:01.448+0000][1][safepoint    ] Leaving safepoint region
[2019-12-11T08:39:01.448+0000][1][safepoint    ] Total time for which application threads were stopped: 0.0001315 seconds, Stopping threads took: 0.0000270 seconds
[2019-12-11T08:39:02.449+0000][1][safepoint    ] Application time: 1.0007931 seconds
[2019-12-11T08:39:02.449+0000][1][safepoint    ] Entering safepoint region: Cleanup
[2019-12-11T08:39:02.449+0000][1][safepoint    ] Leaving safepoint region
[2019-12-11T08:39:02.449+0000][1][safepoint    ] Total time for which application threads were stopped: 0.0001436 seconds, Stopping threads took: 0.0000296 seconds
[2019-12-11T08:39:03.451+0000][1][safepoint    ] Application time: 1.0018120 seconds
[2019-12-11T08:39:03.451+0000][1][safepoint    ] Entering safepoint region: Cleanup
[2019-12-11T08:39:03.451+0000][1][safepoint    ] Leaving safepoint region
[2019-12-11T08:39:03.451+0000][1][safepoint    ] Total time for which application threads were stopped: 0.0001222 seconds, Stopping threads took: 0.0000256 seconds
[2019-12-11T08:39:04.354+0000][1][safepoint    ] Application time: 0.9030832 seconds
[2019-12-11T08:39:04.354+0000][1][safepoint    ] Entering safepoint region: GenCollectForAllocation
[2019-12-11T08:39:04.354+0000][1][gc,start     ] GC(31) Pause Young (Allocation Failure)
[2019-12-11T08:39:04.354+0000][1][gc,task      ] GC(31) Using 2 workers of 2 for evacuation
[2019-12-11T08:39:04.369+0000][1][gc,age       ] GC(31) Desired survivor size 4456448 bytes, new threshold 6 (max threshold 6)
[2019-12-11T08:39:04.369+0000][1][gc,age       ] GC(31) Age table with threshold 6 (max threshold 6)
[2019-12-11T08:39:04.369+0000][1][gc,age       ] GC(31) - age   1:       7840 bytes,       7840 total
[2019-12-11T08:39:04.369+0000][1][gc,age       ] GC(31) - age   2:      77456 bytes,      85296 total
[2019-12-11T08:39:04.369+0000][1][gc,age       ] GC(31) - age   3:       9584 bytes,      94880 total
[2019-12-11T08:39:04.369+0000][1][gc,age       ] GC(31) - age   4:      15208 bytes,     110088 total
[2019-12-11T08:39:04.369+0000][1][gc,age       ] GC(31) - age   5:      75064 bytes,     185152 total
[2019-12-11T08:39:04.369+0000][1][gc,age       ] GC(31) - age   6:     247456 bytes,     432608 total
[2019-12-11T08:39:04.369+0000][1][gc,heap      ] GC(31) ParNew: 70816K->452K(78656K)
[2019-12-11T08:39:04.369+0000][1][gc,heap      ] GC(31) CMS: 73266K->73266K(174784K)
[2019-12-11T08:39:04.369+0000][1][gc,metaspace ] GC(31) Metaspace: 77526K->77526K(1120256K)
[2019-12-11T08:39:04.369+0000][1][gc           ] GC(31) Pause Young (Allocation Failure) 140M->71M(247M) 15.169ms
[2019-12-11T08:39:04.369+0000][1][gc,cpu       ] GC(31) User=0.00s Sys=0.00s Real=0.02s
[2019-12-11T08:39:04.369+0000][1][safepoint    ] Leaving safepoint region
[2019-12-11T08:39:04.369+0000][1][safepoint    ] Total time for which application threads were stopped: 0.0154115 seconds, Stopping threads took: 0.0000236 seconds
[2019-12-11T08:39:05.261+0000][1][safepoint    ] Application time: 0.8920198 seconds
[2019-12-11T08:39:05.262+0000][1][safepoint    ] Entering safepoint region: RevokeBias
[2019-12-11T08:39:05.262+0000][1][safepoint    ] Leaving safepoint region
[2019-12-11T08:39:05.262+0000][1][safepoint    ] Total time for which application threads were stopped: 0.0001734 seconds, Stopping threads took: 0.0000237 seconds
[2019-12-11T08:39:05.262+0000][1][safepoint    ] Application time: 0.0000721 seconds
[2019-12-11T08:39:05.262+0000][1][safepoint    ] Entering safepoint region: RevokeBias
[2019-12-11T08:39:05.262+0000][1][safepoint    ] Leaving safepoint region
[2019-12-11T08:39:05.262+0000][1][safepoint    ] Total time for which application threads were stopped: 0.0001296 seconds, Stopping threads took: 0.0000185 seconds
[2019-12-11T08:39:06.265+0000][1][safepoint    ] Application time: 1.0027707 seconds
[2019-12-11T08:39:06.265+0000][1][safepoint    ] Entering safepoint region: Cleanup
[2019-12-11T08:39:06.265+0000][1][safepoint    ] Leaving safepoint region
[2019-12-11T08:39:06.265+0000][1][safepoint    ] Total time for which application threads were stopped: 0.0001336 seconds, Stopping threads took: 0.0000276 seconds
[2019-12-11T08:39:07.266+0000][1][safepoint    ] Application time: 1.0008099 seconds
[2019-12-11T08:39:07.266+0000][1][safepoint    ] Entering safepoint region: Cleanup
[2019-12-11T08:39:07.266+0000][1][safepoint    ] Leaving safepoint region
[2019-12-11T08:39:07.266+0000][1][safepoint    ] Total time for which application threads were stopped: 0.0001383 seconds, Stopping threads took: 0.0000280 seconds
[2019-12-11T08:39:08.267+0000][1][safepoint    ] Application time: 1.0008232 seconds
[2019-12-11T08:39:08.267+0000][1][safepoint    ] Entering safepoint region: Cleanup
[2019-12-11T08:39:08.267+0000][1][safepoint    ] Leaving safepoint region
[2019-12-11T08:39:08.267+0000][1][safepoint    ] Total time for which application threads were stopped: 0.0001342 seconds, Stopping threads took: 0.0000284 seconds
[2019-12-11T08:39:09.270+0000][1][safepoint    ] Application time: 1.0029626 seconds
[2019-12-11T08:39:09.270+0000][1][safepoint    ] Entering safepoint region: Cleanup
[2019-12-11T08:39:09.270+0000][1][safepoint    ] Leaving safepoint region
[2019-12-11T08:39:09.270+0000][1][safepoint    ] Total time for which application threads were stopped: 0.0001414 seconds, Stopping threads took: 0.0000276 seconds
[2019-12-11T08:39:10.271+0000][1][safepoint    ] Application time: 1.0012937 seconds
[2019-12-11T08:39:10.271+0000][1][safepoint    ] Entering safepoint region: Cleanup
[2019-12-11T08:39:10.272+0000][1][safepoint    ] Leaving safepoint region
[2019-12-11T08:39:10.272+0000][1][safepoint    ] Total time for which application threads were stopped: 0.0001233 seconds, Stopping threads took: 0.0000248 seconds
[2019-12-11T08:39:11.273+0000][1][safepoint    ] Application time: 1.0012093 seconds
[2019-12-11T08:39:11.273+0000][1][safepoint    ] Entering safepoint region: Cleanup
[2019-12-11T08:39:11.273+0000][1][safepoint    ] Leaving safepoint region
[2019-12-11T08:39:11.273+0000][1][safepoint    ] Total time for which application threads were stopped: 0.0001399 seconds, Stopping threads took: 0.0000283 seconds
[2019-12-11T08:39:12.274+0000][1][safepoint    ] Application time: 1.0007541 seconds
[2019-12-11T08:39:12.274+0000][1][safepoint    ] Entering safepoint region: Cleanup
[2019-12-11T08:39:12.274+0000][1][safepoint    ] Leaving safepoint region
[2019-12-11T08:39:12.274+0000][1][safepoint    ] Total time for which application threads were stopped: 0.0001254 seconds, Stopping threads took: 0.0000265 seconds
[2019-12-11T08:39:13.277+0000][1][safepoint    ] Application time: 1.0028046 seconds
[2019-12-11T08:39:13.277+0000][1][safepoint    ] Entering safepoint region: Cleanup
[2019-12-11T08:39:13.277+0000][1][safepoint    ] Leaving safepoint region
[2019-12-11T08:39:13.277+0000][1][safepoint    ] Total time for which application threads were stopped: 0.0001371 seconds, Stopping threads took: 0.0000288 seconds
[2019-12-11T08:39:14.278+0000][1][safepoint    ] Application time: 1.0008210 seconds
[2019-12-11T08:39:14.278+0000][1][safepoint    ] Entering safepoint region: Cleanup
[2019-12-11T08:39:14.278+0000][1][safepoint    ] Leaving safepoint region
[2019-12-11T08:39:14.278+0000][1][safepoint    ] Total time for which application threads were stopped: 0.0001344 seconds, Stopping threads took: 0.0000272 seconds
[2019-12-11T08:39:15.279+0000][1][safepoint    ] Application time: 1.0008068 seconds
[2019-12-11T08:39:15.279+0000][1][safepoint    ] Entering safepoint region: Cleanup
[2019-12-11T08:39:15.279+0000][1][safepoint    ] Leaving safepoint region
[2019-12-11T08:39:15.279+0000][1][safepoint    ] Total time for which application threads were stopped: 0.0001575 seconds, Stopping threads took: 0.0000351 seconds
[2019-12-11T08:39:16.281+0000][1][safepoint    ] Application time: 1.0017767 seconds
[2019-12-11T08:39:16.281+0000][1][safepoint    ] Entering safepoint region: Cleanup
[2019-12-11T08:39:16.281+0000][1][safepoint    ] Leaving safepoint region
[2019-12-11T08:39:16.281+0000][1][safepoint    ] Total time for which application threads were stopped: 0.0001511 seconds, Stopping threads took: 0.0000292 seconds
[2019-12-11T08:39:17.283+0000][1][safepoint    ] Application time: 1.0017496 seconds
[2019-12-11T08:39:17.283+0000][1][safepoint    ] Entering safepoint region: Cleanup
[2019-12-11T08:39:17.283+0000][1][safepoint    ] Leaving safepoint region
[2019-12-11T08:39:17.283+0000][1][safepoint    ] Total time for which application threads were stopped: 0.0001201 seconds, Stopping threads took: 0.0000242 seconds
[2019-12-11T08:39:18.286+0000][1][safepoint    ] Application time: 1.0028419 seconds
[2019-12-11T08:39:18.286+0000][1][safepoint    ] Entering safepoint region: Cleanup
[2019-12-11T08:39:18.286+0000][1][safepoint    ] Leaving safepoint region
[2019-12-11T08:39:18.286+0000][1][safepoint    ] Total time for which application threads were stopped: 0.0001457 seconds, Stopping threads took: 0.0000265 seconds
[2019-12-11T08:39:19.288+0000][1][safepoint    ] Application time: 1.0018111 seconds
[2019-12-11T08:39:19.288+0000][1][safepoint    ] Entering safepoint region: Cleanup
[2019-12-11T08:39:19.288+0000][1][safepoint    ] Leaving safepoint region
[2019-12-11T08:39:19.288+0000][1][safepoint    ] Total time for which application threads were stopped: 0.0001343 seconds, Stopping threads took: 0.0000296 seconds
[2019-12-11T08:39:20.293+0000][1][safepoint    ] Application time: 1.0047825 seconds
[2019-12-11T08:39:20.293+0000][1][safepoint    ] Entering safepoint region: Cleanup
[2019-12-11T08:39:20.293+0000][1][safepoint    ] Leaving safepoint region
[2019-12-11T08:39:20.293+0000][1][safepoint    ] Total time for which application threads were stopped: 0.0001354 seconds, Stopping threads took: 0.0000293 seconds
[2019-12-11T08:39:21.295+0000][1][safepoint    ] Application time: 1.0018126 seconds
[2019-12-11T08:39:21.295+0000][1][safepoint    ] Entering safepoint region: Cleanup
[2019-12-11T08:39:21.295+0000][1][safepoint    ] Leaving safepoint region
[2019-12-11T08:39:21.295+0000][1][safepoint    ] Total time for which application threads were stopped: 0.0001337 seconds, Stopping threads took: 0.0000289 seconds
[2019-12-11T08:39:22.298+0000][1][safepoint    ] Application time: 1.0028078 seconds
[2019-12-11T08:39:22.298+0000][1][safepoint    ] Entering safepoint region: Cleanup
[2019-12-11T08:39:22.298+0000][1][safepoint    ] Leaving safepoint region
[2019-12-11T08:39:22.298+0000][1][safepoint    ] Total time for which application threads were stopped: 0.0001419 seconds, Stopping threads took: 0.0000354 seconds
[2019-12-11T08:39:23.302+0000][1][safepoint    ] Application time: 1.0037977 seconds
[2019-12-11T08:39:23.302+0000][1][safepoint    ] Entering safepoint region: Cleanup
[2019-12-11T08:39:23.302+0000][1][safepoint    ] Leaving safepoint region
[2019-12-11T08:39:23.302+0000][1][safepoint    ] Total time for which application threads were stopped: 0.0001277 seconds, Stopping threads took: 0.0000276 seconds
[2019-12-11T08:39:24.303+0000][1][safepoint    ] Application time: 1.0008007 seconds
[2019-12-11T08:39:24.303+0000][1][safepoint    ] Entering safepoint region: Cleanup
[2019-12-11T08:39:24.303+0000][1][safepoint    ] Leaving safepoint region
[2019-12-11T08:39:24.303+0000][1][safepoint    ] Total time for which application threads were stopped: 0.0001325 seconds, Stopping threads took: 0.0000273 seconds
[2019-12-11T08:39:25.303+0000][1][safepoint    ] Application time: 1.0000848 seconds
[2019-12-11T08:39:25.303+0000][1][safepoint    ] Entering safepoint region: Cleanup
[2019-12-11T08:39:25.303+0000][1][safepoint    ] Leaving safepoint region
[2019-12-11T08:39:25.303+0000][1][safepoint    ] Total time for which application threads were stopped: 0.0001422 seconds, Stopping threads took: 0.0000325 seconds
[2019-12-11T08:39:26.304+0000][1][safepoint    ] Application time: 1.0005302 seconds
[2019-12-11T08:39:26.304+0000][1][safepoint    ] Entering safepoint region: Cleanup
[2019-12-11T08:39:26.304+0000][1][safepoint    ] Leaving safepoint region
[2019-12-11T08:39:26.304+0000][1][safepoint    ] Total time for which application threads were stopped: 0.0001365 seconds, Stopping threads took: 0.0000377 seconds
[2019-12-11T08:39:27.304+0000][1][safepoint    ] Application time: 1.0001145 seconds
[2019-12-11T08:39:27.304+0000][1][safepoint    ] Entering safepoint region: Cleanup
[2019-12-11T08:39:27.304+0000][1][safepoint    ] Leaving safepoint region
[2019-12-11T08:39:27.304+0000][1][safepoint    ] Total time for which application threads were stopped: 0.0001376 seconds, Stopping threads took: 0.0000281 seconds
[2019-12-11T08:39:28.307+0000][1][safepoint    ] Application time: 1.0025057 seconds
[2019-12-11T08:39:28.307+0000][1][safepoint    ] Entering safepoint region: Cleanup
[2019-12-11T08:39:28.307+0000][1][safepoint    ] Leaving safepoint region
[2019-12-11T08:39:28.307+0000][1][safepoint    ] Total time for which application threads were stopped: 0.0001487 seconds, Stopping threads took: 0.0000398 seconds
[2019-12-11T08:39:29.310+0000][1][safepoint    ] Application time: 1.0027899 seconds
[2019-12-11T08:39:29.310+0000][1][safepoint    ] Entering safepoint region: Cleanup
[2019-12-11T08:39:29.310+0000][1][safepoint    ] Leaving safepoint region
[2019-12-11T08:39:29.310+0000][1][safepoint    ] Total time for which application threads were stopped: 0.0001739 seconds, Stopping threads took: 0.0000380 seconds
[2019-12-11T08:39:30.311+0000][1][safepoint    ] Application time: 1.0007635 seconds
[2019-12-11T08:39:30.311+0000][1][safepoint    ] Entering safepoint region: Cleanup
[2019-12-11T08:39:30.311+0000][1][safepoint    ] Leaving safepoint region
[2019-12-11T08:39:30.311+0000][1][safepoint    ] Total time for which application threads were stopped: 0.0001240 seconds, Stopping threads took: 0.0000261 seconds
[2019-12-11T08:39:31.314+0000][1][safepoint    ] Application time: 1.0028186 seconds
[2019-12-11T08:39:31.314+0000][1][safepoint    ] Entering safepoint region: Cleanup
[2019-12-11T08:39:31.314+0000][1][safepoint    ] Leaving safepoint region
[2019-12-11T08:39:31.314+0000][1][safepoint    ] Total time for which application threads were stopped: 0.0001390 seconds, Stopping threads took: 0.0000272 seconds
[2019-12-11T08:39:32.319+0000][1][safepoint    ] Application time: 1.0048044 seconds
[2019-12-11T08:39:32.319+0000][1][safepoint    ] Entering safepoint region: Cleanup
[2019-12-11T08:39:32.319+0000][1][safepoint    ] Leaving safepoint region
[2019-12-11T08:39:32.319+0000][1][safepoint    ] Total time for which application threads were stopped: 0.0001397 seconds, Stopping threads took: 0.0000267 seconds
[2019-12-11T08:39:33.323+0000][1][safepoint    ] Application time: 1.0038446 seconds
[2019-12-11T08:39:33.323+0000][1][safepoint    ] Entering safepoint region: Cleanup
[2019-12-11T08:39:33.323+0000][1][safepoint    ] Leaving safepoint region
[2019-12-11T08:39:33.323+0000][1][safepoint    ] Total time for which application threads were stopped: 0.0001350 seconds, Stopping threads took: 0.0000291 seconds
[2019-12-11T08:39:34.324+0000][1][safepoint    ] Application time: 1.0007900 seconds
[2019-12-11T08:39:34.324+0000][1][safepoint    ] Entering safepoint region: Cleanup
[2019-12-11T08:39:34.324+0000][1][safepoint    ] Leaving safepoint region
[2019-12-11T08:39:34.324+0000][1][safepoint    ] Total time for which application threads were stopped: 0.0001335 seconds, Stopping threads took: 0.0000273 seconds
[2019-12-11T08:39:35.325+0000][1][safepoint    ] Application time: 1.0008201 seconds
[2019-12-11T08:39:35.325+0000][1][safepoint    ] Entering safepoint region: Cleanup
[2019-12-11T08:39:35.325+0000][1][safepoint    ] Leaving safepoint region
[2019-12-11T08:39:35.325+0000][1][safepoint    ] Total time for which application threads were stopped: 0.0001462 seconds, Stopping threads took: 0.0000349 seconds
[2019-12-11T08:39:36.326+0000][1][safepoint    ] Application time: 1.0008168 seconds
[2019-12-11T08:39:36.326+0000][1][safepoint    ] Entering safepoint region: Cleanup
[2019-12-11T08:39:36.326+0000][1][safepoint    ] Leaving safepoint region
[2019-12-11T08:39:36.326+0000][1][safepoint    ] Total time for which application threads were stopped: 0.0001373 seconds, Stopping threads took: 0.0000242 seconds
[2019-12-11T08:39:37.332+0000][1][safepoint    ] Application time: 1.0057633 seconds
[2019-12-11T08:39:37.332+0000][1][safepoint    ] Entering safepoint region: Cleanup
[2019-12-11T08:39:37.332+0000][1][safepoint    ] Leaving safepoint region
[2019-12-11T08:39:37.332+0000][1][safepoint    ] Total time for which application threads were stopped: 0.0001404 seconds, Stopping threads took: 0.0000270 seconds
[2019-12-11T08:39:38.334+0000][1][safepoint    ] Application time: 1.0018228 seconds
[2019-12-11T08:39:38.334+0000][1][safepoint    ] Entering safepoint region: Cleanup
[2019-12-11T08:39:38.334+0000][1][safepoint    ] Leaving safepoint region
[2019-12-11T08:39:38.334+0000][1][safepoint    ] Total time for which application threads were stopped: 0.0001361 seconds, Stopping threads took: 0.0000291 seconds
[2019-12-11T08:39:39.336+0000][1][safepoint    ] Application time: 1.0018112 seconds
[2019-12-11T08:39:39.336+0000][1][safepoint    ] Entering safepoint region: Cleanup
[2019-12-11T08:39:39.336+0000][1][safepoint    ] Leaving safepoint region
[2019-12-11T08:39:39.336+0000][1][safepoint    ] Total time for which application threads were stopped: 0.0001325 seconds, Stopping threads took: 0.0000279 seconds
[2019-12-11T08:39:40.338+0000][1][safepoint    ] Application time: 1.0022666 seconds
[2019-12-11T08:39:40.338+0000][1][safepoint    ] Entering safepoint region: Cleanup
[2019-12-11T08:39:40.338+0000][1][safepoint    ] Leaving safepoint region
[2019-12-11T08:39:40.338+0000][1][safepoint    ] Total time for which application threads were stopped: 0.0001315 seconds, Stopping threads took: 0.0000273 seconds
[2019-12-11T08:39:41.349+0000][1][safepoint    ] Application time: 1.0100931 seconds
[2019-12-11T08:39:41.349+0000][1][safepoint    ] Entering safepoint region: Cleanup
[2019-12-11T08:39:41.349+0000][1][safepoint    ] Leaving safepoint region
[2019-12-11T08:39:41.349+0000][1][safepoint    ] Total time for which application threads were stopped: 0.0001260 seconds, Stopping threads took: 0.0000240 seconds
[2019-12-11T08:39:42.351+0000][1][safepoint    ] Application time: 1.0020715 seconds
[2019-12-11T08:39:42.351+0000][1][safepoint    ] Entering safepoint region: Cleanup
[2019-12-11T08:39:42.351+0000][1][safepoint    ] Leaving safepoint region
[2019-12-11T08:39:42.351+0000][1][safepoint    ] Total time for which application threads were stopped: 0.0001419 seconds, Stopping threads took: 0.0000269 seconds
[2019-12-11T08:39:43.355+0000][1][safepoint    ] Application time: 1.0038040 seconds
[2019-12-11T08:39:43.355+0000][1][safepoint    ] Entering safepoint region: Cleanup
[2019-12-11T08:39:43.355+0000][1][safepoint    ] Leaving safepoint region
[2019-12-11T08:39:43.355+0000][1][safepoint    ] Total time for which application threads were stopped: 0.0001397 seconds, Stopping threads took: 0.0000251 seconds
[2019-12-11T08:39:44.356+0000][1][safepoint    ] Application time: 1.0008186 seconds
[2019-12-11T08:39:44.356+0000][1][safepoint    ] Entering safepoint region: Cleanup
[2019-12-11T08:39:44.356+0000][1][safepoint    ] Leaving safepoint region
[2019-12-11T08:39:44.356+0000][1][safepoint    ] Total time for which application threads were stopped: 0.0001338 seconds, Stopping threads took: 0.0000266 seconds
[2019-12-11T08:39:45.357+0000][1][safepoint    ] Application time: 1.0008027 seconds
[2019-12-11T08:39:45.357+0000][1][safepoint    ] Entering safepoint region: Cleanup
[2019-12-11T08:39:45.357+0000][1][safepoint    ] Leaving safepoint region
[2019-12-11T08:39:45.357+0000][1][safepoint    ] Total time for which application threads were stopped: 0.0001386 seconds, Stopping threads took: 0.0000278 seconds
[2019-12-11T08:39:46.360+0000][1][safepoint    ] Application time: 1.0027748 seconds
[2019-12-11T08:39:46.360+0000][1][safepoint    ] Entering safepoint region: Cleanup
[2019-12-11T08:39:46.360+0000][1][safepoint    ] Leaving safepoint region
[2019-12-11T08:39:46.360+0000][1][safepoint    ] Total time for which application threads were stopped: 0.0001414 seconds, Stopping threads took: 0.0000345 seconds
[2019-12-11T08:39:47.361+0000][1][safepoint    ] Application time: 1.0008450 seconds
[2019-12-11T08:39:47.361+0000][1][safepoint    ] Entering safepoint region: Cleanup
[2019-12-11T08:39:47.361+0000][1][safepoint    ] Leaving safepoint region
[2019-12-11T08:39:47.361+0000][1][safepoint    ] Total time for which application threads were stopped: 0.0001237 seconds, Stopping threads took: 0.0000239 seconds
[2019-12-11T08:39:48.362+0000][1][safepoint    ] Application time: 1.0008190 seconds
[2019-12-11T08:39:48.362+0000][1][safepoint    ] Entering safepoint region: Cleanup
[2019-12-11T08:39:48.362+0000][1][safepoint    ] Leaving safepoint region
[2019-12-11T08:39:48.362+0000][1][safepoint    ] Total time for which application threads were stopped: 0.0001260 seconds, Stopping threads took: 0.0000239 seconds
[2019-12-11T08:39:49.366+0000][1][safepoint    ] Application time: 1.0038121 seconds
[2019-12-11T08:39:49.366+0000][1][safepoint    ] Entering safepoint region: Cleanup
[2019-12-11T08:39:49.366+0000][1][safepoint    ] Leaving safepoint region
[2019-12-11T08:39:49.366+0000][1][safepoint    ] Total time for which application threads were stopped: 0.0001231 seconds, Stopping threads took: 0.0000241 seconds
[2019-12-11T08:39:50.370+0000][1][safepoint    ] Application time: 1.0038116 seconds
[2019-12-11T08:39:50.370+0000][1][safepoint    ] Entering safepoint region: Cleanup
[2019-12-11T08:39:50.370+0000][1][safepoint    ] Leaving safepoint region
[2019-12-11T08:39:50.370+0000][1][safepoint    ] Total time for which application threads were stopped: 0.0001362 seconds, Stopping threads took: 0.0000259 seconds
[2019-12-11T08:39:51.371+0000][1][safepoint    ] Application time: 1.0009206 seconds
[2019-12-11T08:39:51.371+0000][1][safepoint    ] Entering safepoint region: Cleanup
[2019-12-11T08:39:51.371+0000][1][safepoint    ] Leaving safepoint region
[2019-12-11T08:39:51.371+0000][1][safepoint    ] Total time for which application threads were stopped: 0.0001272 seconds, Stopping threads took: 0.0000260 seconds
[2019-12-11T08:39:52.372+0000][1][safepoint    ] Application time: 1.0007341 seconds
[2019-12-11T08:39:52.372+0000][1][safepoint    ] Entering safepoint region: Cleanup
[2019-12-11T08:39:52.372+0000][1][safepoint    ] Leaving safepoint region
[2019-12-11T08:39:52.372+0000][1][safepoint    ] Total time for which application threads were stopped: 0.0001370 seconds, Stopping threads took: 0.0000263 seconds
[2019-12-11T08:39:53.374+0000][1][safepoint    ] Application time: 1.0017666 seconds
[2019-12-11T08:39:53.374+0000][1][safepoint    ] Entering safepoint region: Cleanup
[2019-12-11T08:39:53.374+0000][1][safepoint    ] Leaving safepoint region
[2019-12-11T08:39:53.374+0000][1][safepoint    ] Total time for which application threads were stopped: 0.0001382 seconds, Stopping threads took: 0.0000255 seconds
[2019-12-11T08:39:54.375+0000][1][safepoint    ] Application time: 1.0008416 seconds
[2019-12-11T08:39:54.375+0000][1][safepoint    ] Entering safepoint region: Cleanup
[2019-12-11T08:39:54.375+0000][1][safepoint    ] Leaving safepoint region
[2019-12-11T08:39:54.375+0000][1][safepoint    ] Total time for which application threads were stopped: 0.0001331 seconds, Stopping threads took: 0.0000273 seconds
[2019-12-11T08:39:55.376+0000][1][safepoint    ] Application time: 1.0007582 seconds
[2019-12-11T08:39:55.376+0000][1][safepoint    ] Entering safepoint region: Cleanup
[2019-12-11T08:39:55.376+0000][1][safepoint    ] Leaving safepoint region
[2019-12-11T08:39:55.376+0000][1][safepoint    ] Total time for which application threads were stopped: 0.0001903 seconds, Stopping threads took: 0.0000693 seconds
[2019-12-11T08:39:56.377+0000][1][safepoint    ] Application time: 1.0007985 seconds
[2019-12-11T08:39:56.377+0000][1][safepoint    ] Entering safepoint region: Cleanup
[2019-12-11T08:39:56.377+0000][1][safepoint    ] Leaving safepoint region
[2019-12-11T08:39:56.377+0000][1][safepoint    ] Total time for which application threads were stopped: 0.0001380 seconds, Stopping threads took: 0.0000274 seconds
[2019-12-11T08:39:57.378+0000][1][safepoint    ] Application time: 1.0007495 seconds
[2019-12-11T08:39:57.378+0000][1][safepoint    ] Entering safepoint region: Cleanup
[2019-12-11T08:39:57.378+0000][1][safepoint    ] Leaving safepoint region
[2019-12-11T08:39:57.378+0000][1][safepoint    ] Total time for which application threads were stopped: 0.0001283 seconds, Stopping threads took: 0.0000256 seconds
[2019-12-11T08:39:58.378+0000][1][safepoint    ] Application time: 1.0000860 seconds
[2019-12-11T08:39:58.378+0000][1][safepoint    ] Entering safepoint region: Cleanup
[2019-12-11T08:39:58.378+0000][1][safepoint    ] Leaving safepoint region
[2019-12-11T08:39:58.378+0000][1][safepoint    ] Total time for which application threads were stopped: 0.0001027 seconds, Stopping threads took: 0.0000269 seconds
[2019-12-11T08:39:59.380+0000][1][safepoint    ] Application time: 1.0016604 seconds
[2019-12-11T08:39:59.380+0000][1][safepoint    ] Entering safepoint region: Cleanup
[2019-12-11T08:39:59.380+0000][1][safepoint    ] Leaving safepoint region
[2019-12-11T08:39:59.380+0000][1][safepoint    ] Total time for which application threads were stopped: 0.0001307 seconds, Stopping threads took: 0.0000281 seconds
[2019-12-11T08:40:00.381+0000][1][safepoint    ] Application time: 1.0009298 seconds
[2019-12-11T08:40:00.381+0000][1][safepoint    ] Entering safepoint region: Cleanup
[2019-12-11T08:40:00.381+0000][1][safepoint    ] Leaving safepoint region
[2019-12-11T08:40:00.381+0000][1][safepoint    ] Total time for which application threads were stopped: 0.0001708 seconds, Stopping threads took: 0.0000268 seconds
[2019-12-11T08:40:01.382+0000][1][safepoint    ] Application time: 1.0006403 seconds
[2019-12-11T08:40:01.382+0000][1][safepoint    ] Entering safepoint region: Cleanup
[2019-12-11T08:40:01.382+0000][1][safepoint    ] Leaving safepoint region
[2019-12-11T08:40:01.382+0000][1][safepoint    ] Total time for which application threads were stopped: 0.0001291 seconds, Stopping threads took: 0.0000257 seconds
[2019-12-11T08:40:02.383+0000][1][safepoint    ] Application time: 1.0008338 seconds
[2019-12-11T08:40:02.383+0000][1][safepoint    ] Entering safepoint region: Cleanup
[2019-12-11T08:40:02.383+0000][1][safepoint    ] Leaving safepoint region
[2019-12-11T08:40:02.383+0000][1][safepoint    ] Total time for which application threads were stopped: 0.0001248 seconds, Stopping threads took: 0.0000299 seconds
[2019-12-11T08:40:03.384+0000][1][safepoint    ] Application time: 1.0009955 seconds
[2019-12-11T08:40:03.384+0000][1][safepoint    ] Entering safepoint region: Cleanup
[2019-12-11T08:40:03.384+0000][1][safepoint    ] Leaving safepoint region
[2019-12-11T08:40:03.384+0000][1][safepoint    ] Total time for which application threads were stopped: 0.0001320 seconds, Stopping threads took: 0.0000272 seconds
[2019-12-11T08:40:04.384+0000][1][safepoint    ] Application time: 1.0000904 seconds
[2019-12-11T08:40:04.384+0000][1][safepoint    ] Entering safepoint region: Cleanup
[2019-12-11T08:40:04.384+0000][1][safepoint    ] Leaving safepoint region
[2019-12-11T08:40:04.384+0000][1][safepoint    ] Total time for which application threads were stopped: 0.0001318 seconds, Stopping threads took: 0.0000291 seconds
[2019-12-11T08:40:05.386+0000][1][safepoint    ] Application time: 1.0017467 seconds
[2019-12-11T08:40:05.386+0000][1][safepoint    ] Entering safepoint region: Cleanup
[2019-12-11T08:40:05.386+0000][1][safepoint    ] Leaving safepoint region
[2019-12-11T08:40:05.386+0000][1][safepoint    ] Total time for which application threads were stopped: 0.0001322 seconds, Stopping threads took: 0.0000270 seconds
[2019-12-11T08:40:06.387+0000][1][safepoint    ] Application time: 1.0003355 seconds
[2019-12-11T08:40:06.387+0000][1][safepoint    ] Entering safepoint region: Cleanup
[2019-12-11T08:40:06.387+0000][1][safepoint    ] Leaving safepoint region
[2019-12-11T08:40:06.387+0000][1][safepoint    ] Total time for which application threads were stopped: 0.0001234 seconds, Stopping threads took: 0.0000260 seconds
[2019-12-11T08:40:07.390+0000][1][safepoint    ] Application time: 1.0028332 seconds
[2019-12-11T08:40:07.390+0000][1][safepoint    ] Entering safepoint region: Cleanup
[2019-12-11T08:40:07.390+0000][1][safepoint    ] Leaving safepoint region
[2019-12-11T08:40:07.390+0000][1][safepoint    ] Total time for which application threads were stopped: 0.0001259 seconds, Stopping threads took: 0.0000264 seconds
[2019-12-11T08:40:08.394+0000][1][safepoint    ] Application time: 1.0041054 seconds
[2019-12-11T08:40:08.394+0000][1][safepoint    ] Entering safepoint region: Cleanup
[2019-12-11T08:40:08.394+0000][1][safepoint    ] Leaving safepoint region
[2019-12-11T08:40:08.394+0000][1][safepoint    ] Total time for which application threads were stopped: 0.0001210 seconds, Stopping threads took: 0.0000275 seconds
[2019-12-11T08:40:09.395+0000][1][safepoint    ] Application time: 1.0005383 seconds
[2019-12-11T08:40:09.395+0000][1][safepoint    ] Entering safepoint region: Cleanup
[2019-12-11T08:40:09.395+0000][1][safepoint    ] Leaving safepoint region
[2019-12-11T08:40:09.395+0000][1][safepoint    ] Total time for which application threads were stopped: 0.0001322 seconds, Stopping threads took: 0.0000294 seconds
[2019-12-11T08:40:10.398+0000][1][safepoint    ] Application time: 1.0028699 seconds
[2019-12-11T08:40:10.398+0000][1][safepoint    ] Entering safepoint region: Cleanup
[2019-12-11T08:40:10.398+0000][1][safepoint    ] Leaving safepoint region
[2019-12-11T08:40:10.398+0000][1][safepoint    ] Total time for which application threads were stopped: 0.0001279 seconds, Stopping threads took: 0.0000288 seconds
[2019-12-11T08:40:11.403+0000][1][safepoint    ] Application time: 1.0047541 seconds
[2019-12-11T08:40:11.403+0000][1][safepoint    ] Entering safepoint region: Cleanup
[2019-12-11T08:40:11.403+0000][1][safepoint    ] Leaving safepoint region
[2019-12-11T08:40:11.403+0000][1][safepoint    ] Total time for which application threads were stopped: 0.0001396 seconds, Stopping threads took: 0.0000293 seconds
[2019-12-11T08:40:12.405+0000][1][safepoint    ] Application time: 1.0017813 seconds
[2019-12-11T08:40:12.405+0000][1][safepoint    ] Entering safepoint region: Cleanup
[2019-12-11T08:40:12.405+0000][1][safepoint    ] Leaving safepoint region
[2019-12-11T08:40:12.405+0000][1][safepoint    ] Total time for which application threads were stopped: 0.0001257 seconds, Stopping threads took: 0.0000252 seconds
[2019-12-11T08:40:13.409+0000][1][safepoint    ] Application time: 1.0038443 seconds
[2019-12-11T08:40:13.409+0000][1][safepoint    ] Entering safepoint region: Cleanup
[2019-12-11T08:40:13.409+0000][1][safepoint    ] Leaving safepoint region
[2019-12-11T08:40:13.409+0000][1][safepoint    ] Total time for which application threads were stopped: 0.0001308 seconds, Stopping threads took: 0.0000285 seconds
[2019-12-11T08:40:14.412+0000][1][safepoint    ] Application time: 1.0028222 seconds
[2019-12-11T08:40:14.412+0000][1][safepoint    ] Entering safepoint region: Cleanup
[2019-12-11T08:40:14.412+0000][1][safepoint    ] Leaving safepoint region
[2019-12-11T08:40:14.412+0000][1][safepoint    ] Total time for which application threads were stopped: 0.0001315 seconds, Stopping threads took: 0.0000272 seconds
[2019-12-11T08:40:15.417+0000][1][safepoint    ] Application time: 1.0047810 seconds
[2019-12-11T08:40:15.417+0000][1][safepoint    ] Entering safepoint region: Cleanup
[2019-12-11T08:40:15.417+0000][1][safepoint    ] Leaving safepoint region
[2019-12-11T08:40:15.417+0000][1][safepoint    ] Total time for which application threads were stopped: 0.0001296 seconds, Stopping threads took: 0.0000286 seconds
[2019-12-11T08:40:16.418+0000][1][safepoint    ] Application time: 1.0008680 seconds
[2019-12-11T08:40:16.418+0000][1][safepoint    ] Entering safepoint region: Cleanup
[2019-12-11T08:40:16.418+0000][1][safepoint    ] Leaving safepoint region
[2019-12-11T08:40:16.418+0000][1][safepoint    ] Total time for which application threads were stopped: 0.0001322 seconds, Stopping threads took: 0.0000291 seconds
[2019-12-11T08:40:17.419+0000][1][safepoint    ] Application time: 1.0013269 seconds
[2019-12-11T08:40:17.419+0000][1][safepoint    ] Entering safepoint region: Cleanup
[2019-12-11T08:40:17.419+0000][1][safepoint    ] Leaving safepoint region
[2019-12-11T08:40:17.419+0000][1][safepoint    ] Total time for which application threads were stopped: 0.0001218 seconds, Stopping threads took: 0.0000255 seconds
[2019-12-11T08:40:18.420+0000][1][safepoint    ] Application time: 1.0002631 seconds
[2019-12-11T08:40:18.420+0000][1][safepoint    ] Entering safepoint region: Cleanup
[2019-12-11T08:40:18.420+0000][1][safepoint    ] Leaving safepoint region
[2019-12-11T08:40:18.420+0000][1][safepoint    ] Total time for which application threads were stopped: 0.0001180 seconds, Stopping threads took: 0.0000265 seconds
[2019-12-11T08:40:19.420+0000][1][safepoint    ] Application time: 1.0002864 seconds
[2019-12-11T08:40:19.420+0000][1][safepoint    ] Entering safepoint region: Cleanup
[2019-12-11T08:40:19.420+0000][1][safepoint    ] Leaving safepoint region
[2019-12-11T08:40:19.420+0000][1][safepoint    ] Total time for which application threads were stopped: 0.0001300 seconds, Stopping threads took: 0.0000294 seconds
[2019-12-11T08:40:20.421+0000][1][safepoint    ] Application time: 1.0003618 seconds
[2019-12-11T08:40:20.421+0000][1][safepoint    ] Entering safepoint region: Cleanup
[2019-12-11T08:40:20.421+0000][1][safepoint    ] Leaving safepoint region
[2019-12-11T08:40:20.421+0000][1][safepoint    ] Total time for which application threads were stopped: 0.0001365 seconds, Stopping threads took: 0.0000286 seconds
[2019-12-11T08:40:21.422+0000][1][safepoint    ] Application time: 1.0007940 seconds
[2019-12-11T08:40:21.422+0000][1][safepoint    ] Entering safepoint region: Cleanup
[2019-12-11T08:40:21.422+0000][1][safepoint    ] Leaving safepoint region
[2019-12-11T08:40:21.422+0000][1][safepoint    ] Total time for which application threads were stopped: 0.0001292 seconds, Stopping threads took: 0.0000282 seconds
[2019-12-11T08:40:22.423+0000][1][safepoint    ] Application time: 1.0008265 seconds
[2019-12-11T08:40:22.423+0000][1][safepoint    ] Entering safepoint region: Cleanup
[2019-12-11T08:40:22.423+0000][1][safepoint    ] Leaving safepoint region
[2019-12-11T08:40:22.423+0000][1][safepoint    ] Total time for which application threads were stopped: 0.0001279 seconds, Stopping threads took: 0.0000262 seconds
[2019-12-11T08:40:23.428+0000][1][safepoint    ] Application time: 1.0047608 seconds
[2019-12-11T08:40:23.428+0000][1][safepoint    ] Entering safepoint region: Cleanup
[2019-12-11T08:40:23.428+0000][1][safepoint    ] Leaving safepoint region
[2019-12-11T08:40:23.428+0000][1][safepoint    ] Total time for which application threads were stopped: 0.0001166 seconds, Stopping threads took: 0.0000258 seconds
[2019-12-11T08:40:24.429+0000][1][safepoint    ] Application time: 1.0008231 seconds
[2019-12-11T08:40:24.429+0000][1][safepoint    ] Entering safepoint region: Cleanup
[2019-12-11T08:40:24.429+0000][1][safepoint    ] Leaving safepoint region
[2019-12-11T08:40:24.429+0000][1][safepoint    ] Total time for which application threads were stopped: 0.0001439 seconds, Stopping threads took: 0.0000276 seconds
[2019-12-11T08:40:25.434+0000][1][safepoint    ] Application time: 1.0049065 seconds
[2019-12-11T08:40:25.434+0000][1][safepoint    ] Entering safepoint region: Cleanup
[2019-12-11T08:40:25.434+0000][1][safepoint    ] Leaving safepoint region
[2019-12-11T08:40:25.434+0000][1][safepoint    ] Total time for which application threads were stopped: 0.0001301 seconds, Stopping threads took: 0.0000275 seconds
[2019-12-11T08:40:26.435+0000][1][safepoint    ] Application time: 1.0008020 seconds
[2019-12-11T08:40:26.435+0000][1][safepoint    ] Entering safepoint region: Cleanup
[2019-12-11T08:40:26.435+0000][1][safepoint    ] Leaving safepoint region
[2019-12-11T08:40:26.435+0000][1][safepoint    ] Total time for which application threads were stopped: 0.0001188 seconds, Stopping threads took: 0.0000260 seconds
[2019-12-11T08:40:27.438+0000][1][safepoint    ] Application time: 1.0027175 seconds
[2019-12-11T08:40:27.438+0000][1][safepoint    ] Entering safepoint region: Cleanup
[2019-12-11T08:40:27.438+0000][1][safepoint    ] Leaving safepoint region
[2019-12-11T08:40:27.438+0000][1][safepoint    ] Total time for which application threads were stopped: 0.0001308 seconds, Stopping threads took: 0.0000277 seconds
[2019-12-11T08:40:28.439+0000][1][safepoint    ] Application time: 1.0008158 seconds
[2019-12-11T08:40:28.439+0000][1][safepoint    ] Entering safepoint region: Cleanup
[2019-12-11T08:40:28.439+0000][1][safepoint    ] Leaving safepoint region
[2019-12-11T08:40:28.439+0000][1][safepoint    ] Total time for which application threads were stopped: 0.0001417 seconds, Stopping threads took: 0.0000410 seconds
[2019-12-11T08:40:29.440+0000][1][safepoint    ] Application time: 1.0008194 seconds
[2019-12-11T08:40:29.440+0000][1][safepoint    ] Entering safepoint region: Cleanup
[2019-12-11T08:40:29.440+0000][1][safepoint    ] Leaving safepoint region
[2019-12-11T08:40:29.440+0000][1][safepoint    ] Total time for which application threads were stopped: 0.0001300 seconds, Stopping threads took: 0.0000277 seconds
[2019-12-11T08:40:30.441+0000][1][safepoint    ] Application time: 1.0007869 seconds
[2019-12-11T08:40:30.441+0000][1][safepoint    ] Entering safepoint region: Cleanup
[2019-12-11T08:40:30.441+0000][1][safepoint    ] Leaving safepoint region
[2019-12-11T08:40:30.441+0000][1][safepoint    ] Total time for which application threads were stopped: 0.0001331 seconds, Stopping threads took: 0.0000342 seconds
[2019-12-11T08:40:31.445+0000][1][safepoint    ] Application time: 1.0038341 seconds
[2019-12-11T08:40:31.445+0000][1][safepoint    ] Entering safepoint region: Cleanup
[2019-12-11T08:40:31.445+0000][1][safepoint    ] Leaving safepoint region
[2019-12-11T08:40:31.445+0000][1][safepoint    ] Total time for which application threads were stopped: 0.0001355 seconds, Stopping threads took: 0.0000279 seconds
[2019-12-11T08:40:32.449+0000][1][safepoint    ] Application time: 1.0038082 seconds
[2019-12-11T08:40:32.449+0000][1][safepoint    ] Entering safepoint region: Cleanup
[2019-12-11T08:40:32.449+0000][1][safepoint    ] Leaving safepoint region
[2019-12-11T08:40:32.449+0000][1][safepoint    ] Total time for which application threads were stopped: 0.0001236 seconds, Stopping threads took: 0.0000251 seconds
[2019-12-11T08:40:33.450+0000][1][safepoint    ] Application time: 1.0008226 seconds
[2019-12-11T08:40:33.450+0000][1][safepoint    ] Entering safepoint region: Cleanup
[2019-12-11T08:40:33.450+0000][1][safepoint    ] Leaving safepoint region
[2019-12-11T08:40:33.450+0000][1][safepoint    ] Total time for which application threads were stopped: 0.0001135 seconds, Stopping threads took: 0.0000240 seconds
[2019-12-11T08:40:34.451+0000][1][safepoint    ] Application time: 1.0008289 seconds
[2019-12-11T08:40:34.451+0000][1][safepoint    ] Entering safepoint region: Cleanup
[2019-12-11T08:40:34.451+0000][1][safepoint    ] Leaving safepoint region
[2019-12-11T08:40:34.451+0000][1][safepoint    ] Total time for which application threads were stopped: 0.0001312 seconds, Stopping threads took: 0.0000262 seconds
[2019-12-11T08:40:35.452+0000][1][safepoint    ] Application time: 1.0008128 seconds
[2019-12-11T08:40:35.452+0000][1][safepoint    ] Entering safepoint region: Cleanup
[2019-12-11T08:40:35.452+0000][1][safepoint    ] Leaving safepoint region
[2019-12-11T08:40:35.452+0000][1][safepoint    ] Total time for which application threads were stopped: 0.0001298 seconds, Stopping threads took: 0.0000298 seconds
[2019-12-11T08:40:36.453+0000][1][safepoint    ] Application time: 1.0008336 seconds
[2019-12-11T08:40:36.453+0000][1][safepoint    ] Entering safepoint region: Cleanup
[2019-12-11T08:40:36.453+0000][1][safepoint    ] Leaving safepoint region
[2019-12-11T08:40:36.453+0000][1][safepoint    ] Total time for which application threads were stopped: 0.0001330 seconds, Stopping threads took: 0.0000281 seconds
[2019-12-11T08:40:37.458+0000][1][safepoint    ] Application time: 1.0047775 seconds
[2019-12-11T08:40:37.458+0000][1][safepoint    ] Entering safepoint region: Cleanup
[2019-12-11T08:40:37.458+0000][1][safepoint    ] Leaving safepoint region
[2019-12-11T08:40:37.458+0000][1][safepoint    ] Total time for which application threads were stopped: 0.0001212 seconds, Stopping threads took: 0.0000269 seconds
[2019-12-11T08:40:38.459+0000][1][safepoint    ] Application time: 1.0008174 seconds
[2019-12-11T08:40:38.459+0000][1][safepoint    ] Entering safepoint region: Cleanup
[2019-12-11T08:40:38.459+0000][1][safepoint    ] Leaving safepoint region
[2019-12-11T08:40:38.459+0000][1][safepoint    ] Total time for which application threads were stopped: 0.0001260 seconds, Stopping threads took: 0.0000272 seconds
[2019-12-11T08:40:39.460+0000][1][safepoint    ] Application time: 1.0008401 seconds
[2019-12-11T08:40:39.460+0000][1][safepoint    ] Entering safepoint region: Cleanup
[2019-12-11T08:40:39.460+0000][1][safepoint    ] Leaving safepoint region
[2019-12-11T08:40:39.460+0000][1][safepoint    ] Total time for which application threads were stopped: 0.0001498 seconds, Stopping threads took: 0.0000281 seconds
[2019-12-11T08:40:40.461+0000][1][safepoint    ] Application time: 1.0008406 seconds
[2019-12-11T08:40:40.461+0000][1][safepoint    ] Entering safepoint region: Cleanup
[2019-12-11T08:40:40.461+0000][1][safepoint    ] Leaving safepoint region
[2019-12-11T08:40:40.461+0000][1][safepoint    ] Total time for which application threads were stopped: 0.0001231 seconds, Stopping threads took: 0.0000268 seconds
[2019-12-11T08:40:41.465+0000][1][safepoint    ] Application time: 1.0037612 seconds
[2019-12-11T08:40:41.465+0000][1][safepoint    ] Entering safepoint region: Cleanup
[2019-12-11T08:40:41.465+0000][1][safepoint    ] Leaving safepoint region
[2019-12-11T08:40:41.465+0000][1][safepoint    ] Total time for which application threads were stopped: 0.0001223 seconds, Stopping threads took: 0.0000286 seconds
[2019-12-11T08:40:42.466+0000][1][safepoint    ] Application time: 1.0007982 seconds
[2019-12-11T08:40:42.466+0000][1][safepoint    ] Entering safepoint region: Cleanup
[2019-12-11T08:40:42.466+0000][1][safepoint    ] Leaving safepoint region
[2019-12-11T08:40:42.466+0000][1][safepoint    ] Total time for which application threads were stopped: 0.0001157 seconds, Stopping threads took: 0.0000245 seconds
[2019-12-11T08:40:43.467+0000][1][safepoint    ] Application time: 1.0008763 seconds
[2019-12-11T08:40:43.467+0000][1][safepoint    ] Entering safepoint region: Cleanup
[2019-12-11T08:40:43.467+0000][1][safepoint    ] Leaving safepoint region
[2019-12-11T08:40:43.467+0000][1][safepoint    ] Total time for which application threads were stopped: 0.0001271 seconds, Stopping threads took: 0.0000281 seconds
[2019-12-11T08:40:44.469+0000][1][safepoint    ] Application time: 1.0017755 seconds
[2019-12-11T08:40:44.469+0000][1][safepoint    ] Entering safepoint region: Cleanup
[2019-12-11T08:40:44.469+0000][1][safepoint    ] Leaving safepoint region
[2019-12-11T08:40:44.469+0000][1][safepoint    ] Total time for which application threads were stopped: 0.0001269 seconds, Stopping threads took: 0.0000263 seconds
[2019-12-11T08:40:45.470+0000][1][safepoint    ] Application time: 1.0007998 seconds
[2019-12-11T08:40:45.470+0000][1][safepoint    ] Entering safepoint region: Cleanup
[2019-12-11T08:40:45.470+0000][1][safepoint    ] Leaving safepoint region
[2019-12-11T08:40:45.470+0000][1][safepoint    ] Total time for which application threads were stopped: 0.0001187 seconds, Stopping threads took: 0.0000281 seconds
[2019-12-11T08:40:46.472+0000][1][safepoint    ] Application time: 1.0018103 seconds
[2019-12-11T08:40:46.472+0000][1][safepoint    ] Entering safepoint region: Cleanup
[2019-12-11T08:40:46.472+0000][1][safepoint    ] Leaving safepoint region
[2019-12-11T08:40:46.472+0000][1][safepoint    ] Total time for which application threads were stopped: 0.0001202 seconds, Stopping threads took: 0.0000262 seconds
[2019-12-11T08:40:47.475+0000][1][safepoint    ] Application time: 1.0028315 seconds
[2019-12-11T08:40:47.475+0000][1][safepoint    ] Entering safepoint region: Cleanup
[2019-12-11T08:40:47.475+0000][1][safepoint    ] Leaving safepoint region
[2019-12-11T08:40:47.475+0000][1][safepoint    ] Total time for which application threads were stopped: 0.0001210 seconds, Stopping threads took: 0.0000267 seconds
[2019-12-11T08:40:48.476+0000][1][safepoint    ] Application time: 1.0008243 seconds
[2019-12-11T08:40:48.476+0000][1][safepoint    ] Entering safepoint region: Cleanup
[2019-12-11T08:40:48.476+0000][1][safepoint    ] Leaving safepoint region
[2019-12-11T08:40:48.476+0000][1][safepoint    ] Total time for which application threads were stopped: 0.0001254 seconds, Stopping threads took: 0.0000268 seconds
[2019-12-11T08:40:49.477+0000][1][safepoint    ] Application time: 1.0008141 seconds
[2019-12-11T08:40:49.477+0000][1][safepoint    ] Entering safepoint region: Cleanup
[2019-12-11T08:40:49.477+0000][1][safepoint    ] Leaving safepoint region
[2019-12-11T08:40:49.477+0000][1][safepoint    ] Total time for which application threads were stopped: 0.0001192 seconds, Stopping threads took: 0.0000248 seconds
[2019-12-11T08:40:50.481+0000][1][safepoint    ] Application time: 1.0042115 seconds
[2019-12-11T08:40:50.481+0000][1][safepoint    ] Entering safepoint region: Cleanup
[2019-12-11T08:40:50.481+0000][1][safepoint    ] Leaving safepoint region
[2019-12-11T08:40:50.481+0000][1][safepoint    ] Total time for which application threads were stopped: 0.0001237 seconds, Stopping threads took: 0.0000264 seconds
[2019-12-11T08:40:51.482+0000][1][safepoint    ] Application time: 1.0004260 seconds
[2019-12-11T08:40:51.482+0000][1][safepoint    ] Entering safepoint region: Cleanup
[2019-12-11T08:40:51.482+0000][1][safepoint    ] Leaving safepoint region
[2019-12-11T08:40:51.482+0000][1][safepoint    ] Total time for which application threads were stopped: 0.0001248 seconds, Stopping threads took: 0.0000266 seconds
[2019-12-11T08:40:52.483+0000][1][safepoint    ] Application time: 1.0008125 seconds
[2019-12-11T08:40:52.483+0000][1][safepoint    ] Entering safepoint region: Cleanup
[2019-12-11T08:40:52.483+0000][1][safepoint    ] Leaving safepoint region
[2019-12-11T08:40:52.483+0000][1][safepoint    ] Total time for which application threads were stopped: 0.0001260 seconds, Stopping threads took: 0.0000290 seconds
[2019-12-11T08:40:53.096+0000][1][safepoint    ] Application time: 0.6127974 seconds
[2019-12-11T08:40:53.096+0000][1][safepoint    ] Entering safepoint region: RevokeBias
[2019-12-11T08:40:53.096+0000][1][safepoint    ] Leaving safepoint region
[2019-12-11T08:40:53.096+0000][1][safepoint    ] Total time for which application threads were stopped: 0.0001599 seconds, Stopping threads took: 0.0000269 seconds
[2019-12-11T08:40:54.097+0000][1][safepoint    ] Application time: 1.0008540 seconds
[2019-12-11T08:40:54.097+0000][1][safepoint    ] Entering safepoint region: Cleanup
[2019-12-11T08:40:54.097+0000][1][safepoint    ] Leaving safepoint region
[2019-12-11T08:40:54.097+0000][1][safepoint    ] Total time for which application threads were stopped: 0.0001177 seconds, Stopping threads took: 0.0000257 seconds
[2019-12-11T08:40:55.098+0000][1][safepoint    ] Application time: 1.0007675 seconds
[2019-12-11T08:40:55.098+0000][1][safepoint    ] Entering safepoint region: Cleanup
[2019-12-11T08:40:55.098+0000][1][safepoint    ] Leaving safepoint region
[2019-12-11T08:40:55.098+0000][1][safepoint    ] Total time for which application threads were stopped: 0.0001291 seconds, Stopping threads took: 0.0000286 seconds
[2019-12-11T08:40:56.099+0000][1][safepoint    ] Application time: 1.0008119 seconds
[2019-12-11T08:40:56.099+0000][1][safepoint    ] Entering safepoint region: Cleanup
[2019-12-11T08:40:56.099+0000][1][safepoint    ] Leaving safepoint region
[2019-12-11T08:40:56.099+0000][1][safepoint    ] Total time for which application threads were stopped: 0.0001278 seconds, Stopping threads took: 0.0000274 seconds
[2019-12-11T08:40:57.101+0000][1][safepoint    ] Application time: 1.0018080 seconds
[2019-12-11T08:40:57.101+0000][1][safepoint    ] Entering safepoint region: Cleanup
[2019-12-11T08:40:57.101+0000][1][safepoint    ] Leaving safepoint region
[2019-12-11T08:40:57.101+0000][1][safepoint    ] Total time for which application threads were stopped: 0.0001368 seconds, Stopping threads took: 0.0000277 seconds
[2019-12-11T08:40:58.102+0000][1][safepoint    ] Application time: 1.0008013 seconds
[2019-12-11T08:40:58.102+0000][1][safepoint    ] Entering safepoint region: Cleanup
[2019-12-11T08:40:58.102+0000][1][safepoint    ] Leaving safepoint region
[2019-12-11T08:40:58.102+0000][1][safepoint    ] Total time for which application threads were stopped: 0.0001304 seconds, Stopping threads took: 0.0000278 seconds
[2019-12-11T08:40:59.105+0000][1][safepoint    ] Application time: 1.0027897 seconds
[2019-12-11T08:40:59.105+0000][1][safepoint    ] Entering safepoint region: Cleanup
[2019-12-11T08:40:59.105+0000][1][safepoint    ] Leaving safepoint region
[2019-12-11T08:40:59.105+0000][1][safepoint    ] Total time for which application threads were stopped: 0.0001284 seconds, Stopping threads took: 0.0000287 seconds
[2019-12-11T08:40:59.479+0000][1][safepoint    ] Application time: 0.3738163 seconds
[2019-12-11T08:40:59.479+0000][1][safepoint    ] Entering safepoint region: GenCollectForAllocation
[2019-12-11T08:40:59.479+0000][1][gc,start     ] GC(32) Pause Young (Allocation Failure)
[2019-12-11T08:40:59.479+0000][1][gc,task      ] GC(32) Using 2 workers of 2 for evacuation
[2019-12-11T08:40:59.492+0000][1][gc,age       ] GC(32) Desired survivor size 4456448 bytes, new threshold 6 (max threshold 6)
[2019-12-11T08:40:59.492+0000][1][gc,age       ] GC(32) Age table with threshold 6 (max threshold 6)
[2019-12-11T08:40:59.492+0000][1][gc,age       ] GC(32) - age   1:       8760 bytes,       8760 total
[2019-12-11T08:40:59.492+0000][1][gc,age       ] GC(32) - age   2:       1792 bytes,      10552 total
[2019-12-11T08:40:59.492+0000][1][gc,age       ] GC(32) - age   3:      77184 bytes,      87736 total
[2019-12-11T08:40:59.492+0000][1][gc,age       ] GC(32) - age   4:       9464 bytes,      97200 total
[2019-12-11T08:40:59.492+0000][1][gc,age       ] GC(32) - age   5:      15208 bytes,     112408 total
[2019-12-11T08:40:59.492+0000][1][gc,age       ] GC(32) - age   6:      75024 bytes,     187432 total
[2019-12-11T08:40:59.492+0000][1][gc,heap      ] GC(32) ParNew: 70404K->392K(78656K)
[2019-12-11T08:40:59.492+0000][1][gc,heap      ] GC(32) CMS: 73266K->73512K(174784K)
[2019-12-11T08:40:59.492+0000][1][gc,metaspace ] GC(32) Metaspace: 77576K->77576K(1120256K)
[2019-12-11T08:40:59.492+0000][1][gc           ] GC(32) Pause Young (Allocation Failure) 140M->72M(247M) 13.187ms
[2019-12-11T08:40:59.492+0000][1][gc,cpu       ] GC(32) User=0.01s Sys=0.00s Real=0.01s
[2019-12-11T08:40:59.492+0000][1][safepoint    ] Leaving safepoint region
[2019-12-11T08:40:59.492+0000][1][safepoint    ] Total time for which application threads were stopped: 0.0134069 seconds, Stopping threads took: 0.0000240 seconds
[2019-12-11T08:41:00.495+0000][1][safepoint    ] Application time: 1.0025360 seconds
[2019-12-11T08:41:00.495+0000][1][safepoint    ] Entering safepoint region: Cleanup
[2019-12-11T08:41:00.495+0000][1][safepoint    ] Leaving safepoint region
[2019-12-11T08:41:00.495+0000][1][safepoint    ] Total time for which application threads were stopped: 0.0001376 seconds, Stopping threads took: 0.0000273 seconds
[2019-12-11T08:41:01.508+0000][1][safepoint    ] Application time: 1.0129655 seconds
[2019-12-11T08:41:01.508+0000][1][safepoint    ] Entering safepoint region: Cleanup
[2019-12-11T08:41:01.508+0000][1][safepoint    ] Leaving safepoint region
[2019-12-11T08:41:01.508+0000][1][safepoint    ] Total time for which application threads were stopped: 0.0001366 seconds, Stopping threads took: 0.0000355 seconds
[2019-12-11T08:41:02.508+0000][1][safepoint    ] Application time: 1.0000800 seconds
[2019-12-11T08:41:02.508+0000][1][safepoint    ] Entering safepoint region: Cleanup
[2019-12-11T08:41:02.508+0000][1][safepoint    ] Leaving safepoint region
[2019-12-11T08:41:02.508+0000][1][safepoint    ] Total time for which application threads were stopped: 0.0001330 seconds, Stopping threads took: 0.0000315 seconds
[2019-12-11T08:41:03.509+0000][1][safepoint    ] Application time: 1.0004275 seconds
[2019-12-11T08:41:03.509+0000][1][safepoint    ] Entering safepoint region: Cleanup
[2019-12-11T08:41:03.509+0000][1][safepoint    ] Leaving safepoint region
[2019-12-11T08:41:03.509+0000][1][safepoint    ] Total time for which application threads were stopped: 0.0001305 seconds, Stopping threads took: 0.0000252 seconds
[2019-12-11T08:41:04.510+0000][1][safepoint    ] Application time: 1.0007133 seconds
[2019-12-11T08:41:04.510+0000][1][safepoint    ] Entering safepoint region: Cleanup
[2019-12-11T08:41:04.510+0000][1][safepoint    ] Leaving safepoint region
[2019-12-11T08:41:04.510+0000][1][safepoint    ] Total time for which application threads were stopped: 0.0001347 seconds, Stopping threads took: 0.0000284 seconds
[2019-12-11T08:41:05.513+0000][1][safepoint    ] Application time: 1.0028726 seconds
[2019-12-11T08:41:05.513+0000][1][safepoint    ] Entering safepoint region: Cleanup
[2019-12-11T08:41:05.513+0000][1][safepoint    ] Leaving safepoint region
[2019-12-11T08:41:05.513+0000][1][safepoint    ] Total time for which application threads were stopped: 0.0001158 seconds, Stopping threads took: 0.0000259 seconds
[2019-12-11T08:41:06.515+0000][1][safepoint    ] Application time: 1.0018330 seconds
[2019-12-11T08:41:06.515+0000][1][safepoint    ] Entering safepoint region: Cleanup
[2019-12-11T08:41:06.515+0000][1][safepoint    ] Leaving safepoint region
[2019-12-11T08:41:06.515+0000][1][safepoint    ] Total time for which application threads were stopped: 0.0001206 seconds, Stopping threads took: 0.0000243 seconds
[2019-12-11T08:41:07.516+0000][1][safepoint    ] Application time: 1.0009444 seconds
[2019-12-11T08:41:07.516+0000][1][safepoint    ] Entering safepoint region: Cleanup
[2019-12-11T08:41:07.516+0000][1][safepoint    ] Leaving safepoint region
[2019-12-11T08:41:07.516+0000][1][safepoint    ] Total time for which application threads were stopped: 0.0001209 seconds, Stopping threads took: 0.0000251 seconds
[2019-12-11T08:41:08.520+0000][1][safepoint    ] Application time: 1.0037413 seconds
[2019-12-11T08:41:08.520+0000][1][safepoint    ] Entering safepoint region: Cleanup
[2019-12-11T08:41:08.520+0000][1][safepoint    ] Leaving safepoint region
[2019-12-11T08:41:08.520+0000][1][safepoint    ] Total time for which application threads were stopped: 0.0001243 seconds, Stopping threads took: 0.0000268 seconds
[2019-12-11T08:41:09.522+0000][1][safepoint    ] Application time: 1.0018354 seconds
[2019-12-11T08:41:09.522+0000][1][safepoint    ] Entering safepoint region: Cleanup
[2019-12-11T08:41:09.522+0000][1][safepoint    ] Leaving safepoint region
[2019-12-11T08:41:09.522+0000][1][safepoint    ] Total time for which application threads were stopped: 0.0001358 seconds, Stopping threads took: 0.0000369 seconds
[2019-12-11T08:41:10.523+0000][1][safepoint    ] Application time: 1.0007529 seconds
[2019-12-11T08:41:10.523+0000][1][safepoint    ] Entering safepoint region: Cleanup
[2019-12-11T08:41:10.523+0000][1][safepoint    ] Leaving safepoint region
[2019-12-11T08:41:10.523+0000][1][safepoint    ] Total time for which application threads were stopped: 0.0001342 seconds, Stopping threads took: 0.0000277 seconds
[2019-12-11T08:41:11.527+0000][1][safepoint    ] Application time: 1.0039065 seconds
[2019-12-11T08:41:11.527+0000][1][safepoint    ] Entering safepoint region: Cleanup
[2019-12-11T08:41:11.527+0000][1][safepoint    ] Leaving safepoint region
[2019-12-11T08:41:11.527+0000][1][safepoint    ] Total time for which application threads were stopped: 0.0001368 seconds, Stopping threads took: 0.0000368 seconds
[2019-12-11T08:41:12.531+0000][1][safepoint    ] Application time: 1.0037211 seconds
[2019-12-11T08:41:12.531+0000][1][safepoint    ] Entering safepoint region: Cleanup
[2019-12-11T08:41:12.531+0000][1][safepoint    ] Leaving safepoint region
[2019-12-11T08:41:12.531+0000][1][safepoint    ] Total time for which application threads were stopped: 0.0001309 seconds, Stopping threads took: 0.0000271 seconds
[2019-12-11T08:41:13.532+0000][1][safepoint    ] Application time: 1.0008584 seconds
[2019-12-11T08:41:13.532+0000][1][safepoint    ] Entering safepoint region: Cleanup
[2019-12-11T08:41:13.532+0000][1][safepoint    ] Leaving safepoint region
[2019-12-11T08:41:13.532+0000][1][safepoint    ] Total time for which application threads were stopped: 0.0001287 seconds, Stopping threads took: 0.0000282 seconds
[2019-12-11T08:41:14.533+0000][1][safepoint    ] Application time: 1.0007409 seconds
[2019-12-11T08:41:14.533+0000][1][safepoint    ] Entering safepoint region: Cleanup
[2019-12-11T08:41:14.533+0000][1][safepoint    ] Leaving safepoint region
[2019-12-11T08:41:14.533+0000][1][safepoint    ] Total time for which application threads were stopped: 0.0001321 seconds, Stopping threads took: 0.0000260 seconds
[2019-12-11T08:41:15.534+0000][1][safepoint    ] Application time: 1.0008129 seconds
[2019-12-11T08:41:15.534+0000][1][safepoint    ] Entering safepoint region: Cleanup
[2019-12-11T08:41:15.534+0000][1][safepoint    ] Leaving safepoint region
[2019-12-11T08:41:15.534+0000][1][safepoint    ] Total time for which application threads were stopped: 0.0001284 seconds, Stopping threads took: 0.0000277 seconds
[2019-12-11T08:41:16.536+0000][1][safepoint    ] Application time: 1.0018175 seconds
[2019-12-11T08:41:16.536+0000][1][safepoint    ] Entering safepoint region: Cleanup
[2019-12-11T08:41:16.536+0000][1][safepoint    ] Leaving safepoint region
[2019-12-11T08:41:16.536+0000][1][safepoint    ] Total time for which application threads were stopped: 0.0001434 seconds, Stopping threads took: 0.0000413 seconds
[2019-12-11T08:41:17.536+0000][1][safepoint    ] Application time: 1.0000864 seconds
[2019-12-11T08:41:17.536+0000][1][safepoint    ] Entering safepoint region: Cleanup
[2019-12-11T08:41:17.536+0000][1][safepoint    ] Leaving safepoint region
[2019-12-11T08:41:17.536+0000][1][safepoint    ] Total time for which application threads were stopped: 0.0001288 seconds, Stopping threads took: 0.0000265 seconds
[2019-12-11T08:41:18.539+0000][1][safepoint    ] Application time: 1.0025272 seconds
[2019-12-11T08:41:18.539+0000][1][safepoint    ] Entering safepoint region: Cleanup
[2019-12-11T08:41:18.539+0000][1][safepoint    ] Leaving safepoint region
[2019-12-11T08:41:18.539+0000][1][safepoint    ] Total time for which application threads were stopped: 0.0001316 seconds, Stopping threads took: 0.0000302 seconds
[2019-12-11T08:41:19.542+0000][1][safepoint    ] Application time: 1.0028552 seconds
[2019-12-11T08:41:19.542+0000][1][safepoint    ] Entering safepoint region: Cleanup
[2019-12-11T08:41:19.542+0000][1][safepoint    ] Leaving safepoint region
[2019-12-11T08:41:19.542+0000][1][safepoint    ] Total time for which application threads were stopped: 0.0001262 seconds, Stopping threads took: 0.0000276 seconds
[2019-12-11T08:41:20.544+0000][1][safepoint    ] Application time: 1.0019300 seconds
[2019-12-11T08:41:20.544+0000][1][safepoint    ] Entering safepoint region: Cleanup
[2019-12-11T08:41:20.544+0000][1][safepoint    ] Leaving safepoint region
[2019-12-11T08:41:20.544+0000][1][safepoint    ] Total time for which application threads were stopped: 0.0001279 seconds, Stopping threads took: 0.0000280 seconds
[2019-12-11T08:41:21.545+0000][1][safepoint    ] Application time: 1.0006333 seconds
[2019-12-11T08:41:21.545+0000][1][safepoint    ] Entering safepoint region: Cleanup
[2019-12-11T08:41:21.545+0000][1][safepoint    ] Leaving safepoint region
[2019-12-11T08:41:21.545+0000][1][safepoint    ] Total time for which application threads were stopped: 0.0001362 seconds, Stopping threads took: 0.0000281 seconds
[2019-12-11T08:41:22.546+0000][1][safepoint    ] Application time: 1.0008423 seconds
[2019-12-11T08:41:22.546+0000][1][safepoint    ] Entering safepoint region: Cleanup
[2019-12-11T08:41:22.546+0000][1][safepoint    ] Leaving safepoint region
[2019-12-11T08:41:22.546+0000][1][safepoint    ] Total time for which application threads were stopped: 0.0001263 seconds, Stopping threads took: 0.0000282 seconds
[2019-12-11T08:41:23.547+0000][1][safepoint    ] Application time: 1.0007677 seconds
[2019-12-11T08:41:23.547+0000][1][safepoint    ] Entering safepoint region: Cleanup
[2019-12-11T08:41:23.547+0000][1][safepoint    ] Leaving safepoint region
[2019-12-11T08:41:23.547+0000][1][safepoint    ] Total time for which application threads were stopped: 0.0001199 seconds, Stopping threads took: 0.0000270 seconds
[2019-12-11T08:41:24.548+0000][1][safepoint    ] Application time: 1.0009595 seconds
[2019-12-11T08:41:24.548+0000][1][safepoint    ] Entering safepoint region: Cleanup
[2019-12-11T08:41:24.548+0000][1][safepoint    ] Leaving safepoint region
[2019-12-11T08:41:24.548+0000][1][safepoint    ] Total time for which application threads were stopped: 0.0001480 seconds, Stopping threads took: 0.0000280 seconds
[2019-12-11T08:41:25.552+0000][1][safepoint    ] Application time: 1.0038370 seconds
[2019-12-11T08:41:25.552+0000][1][safepoint    ] Entering safepoint region: Cleanup
[2019-12-11T08:41:25.552+0000][1][safepoint    ] Leaving safepoint region
[2019-12-11T08:41:25.552+0000][1][safepoint    ] Total time for which application threads were stopped: 0.0001312 seconds, Stopping threads took: 0.0000278 seconds
[2019-12-11T08:41:26.558+0000][1][safepoint    ] Application time: 1.0057795 seconds
[2019-12-11T08:41:26.558+0000][1][safepoint    ] Entering safepoint region: Cleanup
[2019-12-11T08:41:26.558+0000][1][safepoint    ] Leaving safepoint region
[2019-12-11T08:41:26.558+0000][1][safepoint    ] Total time for which application threads were stopped: 0.0001205 seconds, Stopping threads took: 0.0000258 seconds
[2019-12-11T08:41:27.559+0000][1][safepoint    ] Application time: 1.0006968 seconds
[2019-12-11T08:41:27.559+0000][1][safepoint    ] Entering safepoint region: Cleanup
[2019-12-11T08:41:27.559+0000][1][safepoint    ] Leaving safepoint region
[2019-12-11T08:41:27.559+0000][1][safepoint    ] Total time for which application threads were stopped: 0.0001307 seconds, Stopping threads took: 0.0000271 seconds
[2019-12-11T08:41:28.563+0000][1][safepoint    ] Application time: 1.0037828 seconds
[2019-12-11T08:41:28.563+0000][1][safepoint    ] Entering safepoint region: Cleanup
[2019-12-11T08:41:28.563+0000][1][safepoint    ] Leaving safepoint region
[2019-12-11T08:41:28.563+0000][1][safepoint    ] Total time for which application threads were stopped: 0.0001460 seconds, Stopping threads took: 0.0000351 seconds
[2019-12-11T08:41:29.566+0000][1][safepoint    ] Application time: 1.0027974 seconds
[2019-12-11T08:41:29.566+0000][1][safepoint    ] Entering safepoint region: Cleanup
[2019-12-11T08:41:29.566+0000][1][safepoint    ] Leaving safepoint region
[2019-12-11T08:41:29.566+0000][1][safepoint    ] Total time for which application threads were stopped: 0.0001724 seconds, Stopping threads took: 0.0000383 seconds
[2019-12-11T08:41:30.566+0000][1][safepoint    ] Application time: 1.0000847 seconds
[2019-12-11T08:41:30.566+0000][1][safepoint    ] Entering safepoint region: Cleanup
[2019-12-11T08:41:30.566+0000][1][safepoint    ] Leaving safepoint region
[2019-12-11T08:41:30.566+0000][1][safepoint    ] Total time for which application threads were stopped: 0.0001503 seconds, Stopping threads took: 0.0000297 seconds
[2019-12-11T08:41:31.567+0000][1][safepoint    ] Application time: 1.0008121 seconds
[2019-12-11T08:41:31.567+0000][1][safepoint    ] Entering safepoint region: Cleanup
[2019-12-11T08:41:31.567+0000][1][safepoint    ] Leaving safepoint region
[2019-12-11T08:41:31.567+0000][1][safepoint    ] Total time for which application threads were stopped: 0.0001408 seconds, Stopping threads took: 0.0000276 seconds
[2019-12-11T08:41:32.571+0000][1][safepoint    ] Application time: 1.0034963 seconds
[2019-12-11T08:41:32.571+0000][1][safepoint    ] Entering safepoint region: Cleanup
[2019-12-11T08:41:32.571+0000][1][safepoint    ] Leaving safepoint region
[2019-12-11T08:41:32.571+0000][1][safepoint    ] Total time for which application threads were stopped: 0.0001284 seconds, Stopping threads took: 0.0000274 seconds
[2019-12-11T08:41:33.575+0000][1][safepoint    ] Application time: 1.0039329 seconds
[2019-12-11T08:41:33.575+0000][1][safepoint    ] Entering safepoint region: Cleanup
[2019-12-11T08:41:33.575+0000][1][safepoint    ] Leaving safepoint region
[2019-12-11T08:41:33.575+0000][1][safepoint    ] Total time for which application threads were stopped: 0.0001166 seconds, Stopping threads took: 0.0000248 seconds
[2019-12-11T08:41:34.576+0000][1][safepoint    ] Application time: 1.0007246 seconds
[2019-12-11T08:41:34.576+0000][1][safepoint    ] Entering safepoint region: Cleanup
[2019-12-11T08:41:34.576+0000][1][safepoint    ] Leaving safepoint region
[2019-12-11T08:41:34.576+0000][1][safepoint    ] Total time for which application threads were stopped: 0.0001246 seconds, Stopping threads took: 0.0000331 seconds
[2019-12-11T08:41:35.577+0000][1][safepoint    ] Application time: 1.0008001 seconds
[2019-12-11T08:41:35.577+0000][1][safepoint    ] Entering safepoint region: Cleanup
[2019-12-11T08:41:35.577+0000][1][safepoint    ] Leaving safepoint region
[2019-12-11T08:41:35.577+0000][1][safepoint    ] Total time for which application threads were stopped: 0.0001462 seconds, Stopping threads took: 0.0000300 seconds
[2019-12-11T08:41:36.580+0000][1][safepoint    ] Application time: 1.0028377 seconds
[2019-12-11T08:41:36.580+0000][1][safepoint    ] Entering safepoint region: Cleanup
[2019-12-11T08:41:36.580+0000][1][safepoint    ] Leaving safepoint region
[2019-12-11T08:41:36.580+0000][1][safepoint    ] Total time for which application threads were stopped: 0.0001244 seconds, Stopping threads took: 0.0000286 seconds
[2019-12-11T08:41:37.584+0000][1][safepoint    ] Application time: 1.0037552 seconds
[2019-12-11T08:41:37.584+0000][1][safepoint    ] Entering safepoint region: Cleanup
[2019-12-11T08:41:37.584+0000][1][safepoint    ] Leaving safepoint region
[2019-12-11T08:41:37.584+0000][1][safepoint    ] Total time for which application threads were stopped: 0.0001230 seconds, Stopping threads took: 0.0000262 seconds
[2019-12-11T08:41:38.586+0000][1][safepoint    ] Application time: 1.0018271 seconds
[2019-12-11T08:41:38.586+0000][1][safepoint    ] Entering safepoint region: Cleanup
[2019-12-11T08:41:38.586+0000][1][safepoint    ] Leaving safepoint region
[2019-12-11T08:41:38.586+0000][1][safepoint    ] Total time for which application threads were stopped: 0.0001271 seconds, Stopping threads took: 0.0000277 seconds
[2019-12-11T08:41:39.588+0000][1][safepoint    ] Application time: 1.0018120 seconds
[2019-12-11T08:41:39.588+0000][1][safepoint    ] Entering safepoint region: Cleanup
[2019-12-11T08:41:39.588+0000][1][safepoint    ] Leaving safepoint region
[2019-12-11T08:41:39.588+0000][1][safepoint    ] Total time for which application threads were stopped: 0.0001225 seconds, Stopping threads took: 0.0000269 seconds
[2019-12-11T08:41:40.589+0000][1][safepoint    ] Application time: 1.0008561 seconds
[2019-12-11T08:41:40.589+0000][1][safepoint    ] Entering safepoint region: Cleanup
[2019-12-11T08:41:40.589+0000][1][safepoint    ] Leaving safepoint region
[2019-12-11T08:41:40.589+0000][1][safepoint    ] Total time for which application threads were stopped: 0.0001361 seconds, Stopping threads took: 0.0000257 seconds
[2019-12-11T08:41:41.590+0000][1][safepoint    ] Application time: 1.0007660 seconds
[2019-12-11T08:41:41.590+0000][1][safepoint    ] Entering safepoint region: Cleanup
[2019-12-11T08:41:41.590+0000][1][safepoint    ] Leaving safepoint region
[2019-12-11T08:41:41.590+0000][1][safepoint    ] Total time for which application threads were stopped: 0.0001501 seconds, Stopping threads took: 0.0000385 seconds
[2019-12-11T08:41:42.593+0000][1][safepoint    ] Application time: 1.0027914 seconds
[2019-12-11T08:41:42.593+0000][1][safepoint    ] Entering safepoint region: Cleanup
[2019-12-11T08:41:42.593+0000][1][safepoint    ] Leaving safepoint region
[2019-12-11T08:41:42.593+0000][1][safepoint    ] Total time for which application threads were stopped: 0.0001178 seconds, Stopping threads took: 0.0000249 seconds
[2019-12-11T08:41:43.594+0000][1][safepoint    ] Application time: 1.0008327 seconds
[2019-12-11T08:41:43.594+0000][1][safepoint    ] Entering safepoint region: Cleanup
[2019-12-11T08:41:43.594+0000][1][safepoint    ] Leaving safepoint region
[2019-12-11T08:41:43.594+0000][1][safepoint    ] Total time for which application threads were stopped: 0.0001247 seconds, Stopping threads took: 0.0000264 seconds
[2019-12-11T08:41:44.594+0000][1][safepoint    ] Application time: 1.0000913 seconds
[2019-12-11T08:41:44.594+0000][1][safepoint    ] Entering safepoint region: Cleanup
[2019-12-11T08:41:44.594+0000][1][safepoint    ] Leaving safepoint region
[2019-12-11T08:41:44.594+0000][1][safepoint    ] Total time for which application threads were stopped: 0.0001331 seconds, Stopping threads took: 0.0000285 seconds
[2019-12-11T08:41:45.596+0000][1][safepoint    ] Application time: 1.0015357 seconds
[2019-12-11T08:41:45.596+0000][1][safepoint    ] Entering safepoint region: Cleanup
[2019-12-11T08:41:45.596+0000][1][safepoint    ] Leaving safepoint region
[2019-12-11T08:41:45.596+0000][1][safepoint    ] Total time for which application threads were stopped: 0.0001283 seconds, Stopping threads took: 0.0000296 seconds
[2019-12-11T08:41:46.597+0000][1][safepoint    ] Application time: 1.0007986 seconds
[2019-12-11T08:41:46.597+0000][1][safepoint    ] Entering safepoint region: Cleanup
[2019-12-11T08:41:46.597+0000][1][safepoint    ] Leaving safepoint region
[2019-12-11T08:41:46.597+0000][1][safepoint    ] Total time for which application threads were stopped: 0.0001198 seconds, Stopping threads took: 0.0000260 seconds
[2019-12-11T08:41:47.600+0000][1][safepoint    ] Application time: 1.0028606 seconds
[2019-12-11T08:41:47.600+0000][1][safepoint    ] Entering safepoint region: Cleanup
[2019-12-11T08:41:47.600+0000][1][safepoint    ] Leaving safepoint region
[2019-12-11T08:41:47.600+0000][1][safepoint    ] Total time for which application threads were stopped: 0.0001270 seconds, Stopping threads took: 0.0000267 seconds
[2019-12-11T08:41:48.601+0000][1][safepoint    ] Application time: 1.0007840 seconds
[2019-12-11T08:41:48.601+0000][1][safepoint    ] Entering safepoint region: Cleanup
[2019-12-11T08:41:48.601+0000][1][safepoint    ] Leaving safepoint region
[2019-12-11T08:41:48.601+0000][1][safepoint    ] Total time for which application threads were stopped: 0.0001198 seconds, Stopping threads took: 0.0000252 seconds
[2019-12-11T08:41:49.602+0000][1][safepoint    ] Application time: 1.0007048 seconds
[2019-12-11T08:41:49.602+0000][1][safepoint    ] Entering safepoint region: Cleanup
[2019-12-11T08:41:49.602+0000][1][safepoint    ] Leaving safepoint region
[2019-12-11T08:41:49.602+0000][1][safepoint    ] Total time for which application threads were stopped: 0.0001320 seconds, Stopping threads took: 0.0000256 seconds
[2019-12-11T08:41:50.603+0000][1][safepoint    ] Application time: 1.0009435 seconds
[2019-12-11T08:41:50.603+0000][1][safepoint    ] Entering safepoint region: Cleanup
[2019-12-11T08:41:50.603+0000][1][safepoint    ] Leaving safepoint region
[2019-12-11T08:41:50.603+0000][1][safepoint    ] Total time for which application threads were stopped: 0.0001429 seconds, Stopping threads took: 0.0000285 seconds
[2019-12-11T08:41:51.605+0000][1][safepoint    ] Application time: 1.0017972 seconds
[2019-12-11T08:41:51.605+0000][1][safepoint    ] Entering safepoint region: Cleanup
[2019-12-11T08:41:51.605+0000][1][safepoint    ] Leaving safepoint region
[2019-12-11T08:41:51.605+0000][1][safepoint    ] Total time for which application threads were stopped: 0.0001209 seconds, Stopping threads took: 0.0000260 seconds
[2019-12-11T08:41:52.608+0000][1][safepoint    ] Application time: 1.0028434 seconds
[2019-12-11T08:41:52.608+0000][1][safepoint    ] Entering safepoint region: Cleanup
[2019-12-11T08:41:52.608+0000][1][safepoint    ] Leaving safepoint region
[2019-12-11T08:41:52.608+0000][1][safepoint    ] Total time for which application threads were stopped: 0.0001300 seconds, Stopping threads took: 0.0000282 seconds
[2019-12-11T08:41:53.610+0000][1][safepoint    ] Application time: 1.0017850 seconds
[2019-12-11T08:41:53.610+0000][1][safepoint    ] Entering safepoint region: Cleanup
[2019-12-11T08:41:53.610+0000][1][safepoint    ] Leaving safepoint region
[2019-12-11T08:41:53.610+0000][1][safepoint    ] Total time for which application threads were stopped: 0.0001247 seconds, Stopping threads took: 0.0000277 seconds
[2019-12-11T08:41:54.610+0000][1][safepoint    ] Application time: 1.0001903 seconds
[2019-12-11T08:41:54.610+0000][1][safepoint    ] Entering safepoint region: Cleanup
[2019-12-11T08:41:54.610+0000][1][safepoint    ] Leaving safepoint region
[2019-12-11T08:41:54.610+0000][1][safepoint    ] Total time for which application threads were stopped: 0.0001263 seconds, Stopping threads took: 0.0000252 seconds
[2019-12-11T08:41:55.611+0000][1][safepoint    ] Application time: 1.0004567 seconds
[2019-12-11T08:41:55.611+0000][1][safepoint    ] Entering safepoint region: Cleanup
[2019-12-11T08:41:55.611+0000][1][safepoint    ] Leaving safepoint region
[2019-12-11T08:41:55.611+0000][1][safepoint    ] Total time for which application threads were stopped: 0.0001285 seconds, Stopping threads took: 0.0000284 seconds
[2019-12-11T08:41:56.616+0000][1][safepoint    ] Application time: 1.0048602 seconds
[2019-12-11T08:41:56.616+0000][1][safepoint    ] Entering safepoint region: Cleanup
[2019-12-11T08:41:56.616+0000][1][safepoint    ] Leaving safepoint region
[2019-12-11T08:41:56.616+0000][1][safepoint    ] Total time for which application threads were stopped: 0.0001256 seconds, Stopping threads took: 0.0000267 seconds
[2019-12-11T08:41:57.620+0000][1][safepoint    ] Application time: 1.0037499 seconds
[2019-12-11T08:41:57.620+0000][1][safepoint    ] Entering safepoint region: Cleanup
[2019-12-11T08:41:57.620+0000][1][safepoint    ] Leaving safepoint region
[2019-12-11T08:41:57.620+0000][1][safepoint    ] Total time for which application threads were stopped: 0.0001251 seconds, Stopping threads took: 0.0000270 seconds
[2019-12-11T08:41:58.621+0000][1][safepoint    ] Application time: 1.0008524 seconds
[2019-12-11T08:41:58.621+0000][1][safepoint    ] Entering safepoint region: Cleanup
[2019-12-11T08:41:58.621+0000][1][safepoint    ] Leaving safepoint region
[2019-12-11T08:41:58.621+0000][1][safepoint    ] Total time for which application threads were stopped: 0.0001245 seconds, Stopping threads took: 0.0000269 seconds
[2019-12-11T08:41:59.625+0000][1][safepoint    ] Application time: 1.0038190 seconds
[2019-12-11T08:41:59.625+0000][1][safepoint    ] Entering safepoint region: Cleanup
[2019-12-11T08:41:59.625+0000][1][safepoint    ] Leaving safepoint region
[2019-12-11T08:41:59.625+0000][1][safepoint    ] Total time for which application threads were stopped: 0.0001283 seconds, Stopping threads took: 0.0000274 seconds
[2019-12-11T08:42:00.626+0000][1][safepoint    ] Application time: 1.0007928 seconds
[2019-12-11T08:42:00.626+0000][1][safepoint    ] Entering safepoint region: Cleanup
[2019-12-11T08:42:00.626+0000][1][safepoint    ] Leaving safepoint region
[2019-12-11T08:42:00.626+0000][1][safepoint    ] Total time for which application threads were stopped: 0.0001291 seconds, Stopping threads took: 0.0000271 seconds
[2019-12-11T08:42:01.628+0000][1][safepoint    ] Application time: 1.0017941 seconds
[2019-12-11T08:42:01.628+0000][1][safepoint    ] Entering safepoint region: Cleanup
[2019-12-11T08:42:01.628+0000][1][safepoint    ] Leaving safepoint region
[2019-12-11T08:42:01.628+0000][1][safepoint    ] Total time for which application threads were stopped: 0.0001378 seconds, Stopping threads took: 0.0000276 seconds
[2019-12-11T08:42:02.629+0000][1][safepoint    ] Application time: 1.0007968 seconds
[2019-12-11T08:42:02.629+0000][1][safepoint    ] Entering safepoint region: Cleanup
[2019-12-11T08:42:02.629+0000][1][safepoint    ] Leaving safepoint region
[2019-12-11T08:42:02.629+0000][1][safepoint    ] Total time for which application threads were stopped: 0.0001326 seconds, Stopping threads took: 0.0000313 seconds
[2019-12-11T08:42:03.640+0000][1][safepoint    ] Application time: 1.0108072 seconds
[2019-12-11T08:42:03.640+0000][1][safepoint    ] Entering safepoint region: Cleanup
[2019-12-11T08:42:03.640+0000][1][safepoint    ] Leaving safepoint region
[2019-12-11T08:42:03.640+0000][1][safepoint    ] Total time for which application threads were stopped: 0.0001828 seconds, Stopping threads took: 0.0000279 seconds
[2019-12-11T08:42:04.640+0000][1][safepoint    ] Application time: 1.0000921 seconds
[2019-12-11T08:42:04.640+0000][1][safepoint    ] Entering safepoint region: Cleanup
[2019-12-11T08:42:04.640+0000][1][safepoint    ] Leaving safepoint region
[2019-12-11T08:42:04.640+0000][1][safepoint    ] Total time for which application threads were stopped: 0.0001383 seconds, Stopping threads took: 0.0000375 seconds
[2019-12-11T08:42:05.640+0000][1][safepoint    ] Application time: 1.0000909 seconds
[2019-12-11T08:42:05.640+0000][1][safepoint    ] Entering safepoint region: Cleanup
[2019-12-11T08:42:05.641+0000][1][safepoint    ] Leaving safepoint region
[2019-12-11T08:42:05.641+0000][1][safepoint    ] Total time for which application threads were stopped: 0.0001339 seconds, Stopping threads took: 0.0000266 seconds
[2019-12-11T08:42:06.641+0000][1][safepoint    ] Application time: 1.0002223 seconds
[2019-12-11T08:42:06.641+0000][1][safepoint    ] Entering safepoint region: Cleanup
[2019-12-11T08:42:06.641+0000][1][safepoint    ] Leaving safepoint region
[2019-12-11T08:42:06.641+0000][1][safepoint    ] Total time for which application threads were stopped: 0.0001657 seconds, Stopping threads took: 0.0000309 seconds
[2019-12-11T08:42:07.642+0000][1][safepoint    ] Application time: 1.0007348 seconds
[2019-12-11T08:42:07.642+0000][1][safepoint    ] Entering safepoint region: Cleanup
[2019-12-11T08:42:07.642+0000][1][safepoint    ] Leaving safepoint region
[2019-12-11T08:42:07.642+0000][1][safepoint    ] Total time for which application threads were stopped: 0.0001260 seconds, Stopping threads took: 0.0000264 seconds
[2019-12-11T08:42:08.646+0000][1][safepoint    ] Application time: 1.0038225 seconds
[2019-12-11T08:42:08.646+0000][1][safepoint    ] Entering safepoint region: Cleanup
[2019-12-11T08:42:08.646+0000][1][safepoint    ] Leaving safepoint region
[2019-12-11T08:42:08.646+0000][1][safepoint    ] Total time for which application threads were stopped: 0.0001303 seconds, Stopping threads took: 0.0000284 seconds
[2019-12-11T08:42:09.647+0000][1][safepoint    ] Application time: 1.0007992 seconds
[2019-12-11T08:42:09.647+0000][1][safepoint    ] Entering safepoint region: Cleanup
[2019-12-11T08:42:09.647+0000][1][safepoint    ] Leaving safepoint region
[2019-12-11T08:42:09.647+0000][1][safepoint    ] Total time for which application threads were stopped: 0.0001198 seconds, Stopping threads took: 0.0000261 seconds
[2019-12-11T08:42:10.648+0000][1][safepoint    ] Application time: 1.0008530 seconds
[2019-12-11T08:42:10.648+0000][1][safepoint    ] Entering safepoint region: Cleanup
[2019-12-11T08:42:10.648+0000][1][safepoint    ] Leaving safepoint region
[2019-12-11T08:42:10.648+0000][1][safepoint    ] Total time for which application threads were stopped: 0.0001263 seconds, Stopping threads took: 0.0000280 seconds
[2019-12-11T08:42:11.648+0000][1][safepoint    ] Application time: 1.0001544 seconds
[2019-12-11T08:42:11.648+0000][1][safepoint    ] Entering safepoint region: Cleanup
[2019-12-11T08:42:11.648+0000][1][safepoint    ] Leaving safepoint region
[2019-12-11T08:42:11.648+0000][1][safepoint    ] Total time for which application threads were stopped: 0.0001258 seconds, Stopping threads took: 0.0000276 seconds
[2019-12-11T08:42:12.651+0000][1][safepoint    ] Application time: 1.0024488 seconds
[2019-12-11T08:42:12.651+0000][1][safepoint    ] Entering safepoint region: Cleanup
[2019-12-11T08:42:12.651+0000][1][safepoint    ] Leaving safepoint region
[2019-12-11T08:42:12.651+0000][1][safepoint    ] Total time for which application threads were stopped: 0.0001302 seconds, Stopping threads took: 0.0000282 seconds
[2019-12-11T08:42:13.654+0000][1][safepoint    ] Application time: 1.0028025 seconds
[2019-12-11T08:42:13.654+0000][1][safepoint    ] Entering safepoint region: Cleanup
[2019-12-11T08:42:13.654+0000][1][safepoint    ] Leaving safepoint region
[2019-12-11T08:42:13.654+0000][1][safepoint    ] Total time for which application threads were stopped: 0.0001256 seconds, Stopping threads took: 0.0000277 seconds
[2019-12-11T08:42:14.655+0000][1][safepoint    ] Application time: 1.0008271 seconds
[2019-12-11T08:42:14.655+0000][1][safepoint    ] Entering safepoint region: Cleanup
[2019-12-11T08:42:14.655+0000][1][safepoint    ] Leaving safepoint region
[2019-12-11T08:42:14.655+0000][1][safepoint    ] Total time for which application threads were stopped: 0.0001222 seconds, Stopping threads took: 0.0000256 seconds
[2019-12-11T08:42:15.656+0000][1][safepoint    ] Application time: 1.0008121 seconds
[2019-12-11T08:42:15.656+0000][1][safepoint    ] Entering safepoint region: Cleanup
[2019-12-11T08:42:15.656+0000][1][safepoint    ] Leaving safepoint region
[2019-12-11T08:42:15.656+0000][1][safepoint    ] Total time for which application threads were stopped: 0.0001326 seconds, Stopping threads took: 0.0000285 seconds
[2019-12-11T08:42:16.657+0000][1][safepoint    ] Application time: 1.0008392 seconds
[2019-12-11T08:42:16.657+0000][1][safepoint    ] Entering safepoint region: Cleanup
[2019-12-11T08:42:16.657+0000][1][safepoint    ] Leaving safepoint region
[2019-12-11T08:42:16.657+0000][1][safepoint    ] Total time for which application threads were stopped: 0.0001188 seconds, Stopping threads took: 0.0000258 seconds
[2019-12-11T08:42:17.661+0000][1][safepoint    ] Application time: 1.0038027 seconds
[2019-12-11T08:42:17.661+0000][1][safepoint    ] Entering safepoint region: Cleanup
[2019-12-11T08:42:17.661+0000][1][safepoint    ] Leaving safepoint region
[2019-12-11T08:42:17.661+0000][1][safepoint    ] Total time for which application threads were stopped: 0.0001227 seconds, Stopping threads took: 0.0000253 seconds
[2019-12-11T08:42:18.663+0000][1][safepoint    ] Application time: 1.0018230 seconds
[2019-12-11T08:42:18.663+0000][1][safepoint    ] Entering safepoint region: Cleanup
[2019-12-11T08:42:18.663+0000][1][safepoint    ] Leaving safepoint region
[2019-12-11T08:42:18.663+0000][1][safepoint    ] Total time for which application threads were stopped: 0.0001277 seconds, Stopping threads took: 0.0000276 seconds
[2019-12-11T08:42:19.664+0000][1][safepoint    ] Application time: 1.0008227 seconds
[2019-12-11T08:42:19.664+0000][1][safepoint    ] Entering safepoint region: Cleanup
[2019-12-11T08:42:19.664+0000][1][safepoint    ] Leaving safepoint region
[2019-12-11T08:42:19.664+0000][1][safepoint    ] Total time for which application threads were stopped: 0.0001300 seconds, Stopping threads took: 0.0000248 seconds
[2019-12-11T08:42:20.667+0000][1][safepoint    ] Application time: 1.0027817 seconds
[2019-12-11T08:42:20.667+0000][1][safepoint    ] Entering safepoint region: Cleanup
[2019-12-11T08:42:20.667+0000][1][safepoint    ] Leaving safepoint region
[2019-12-11T08:42:20.667+0000][1][safepoint    ] Total time for which application threads were stopped: 0.0001282 seconds, Stopping threads took: 0.0000272 seconds
[2019-12-11T08:42:21.668+0000][1][safepoint    ] Application time: 1.0008240 seconds
[2019-12-11T08:42:21.668+0000][1][safepoint    ] Entering safepoint region: Cleanup
[2019-12-11T08:42:21.668+0000][1][safepoint    ] Leaving safepoint region
[2019-12-11T08:42:21.668+0000][1][safepoint    ] Total time for which application threads were stopped: 0.0001138 seconds, Stopping threads took: 0.0000246 seconds
[2019-12-11T08:42:22.671+0000][1][safepoint    ] Application time: 1.0028648 seconds
[2019-12-11T08:42:22.671+0000][1][safepoint    ] Entering safepoint region: Cleanup
[2019-12-11T08:42:22.671+0000][1][safepoint    ] Leaving safepoint region
[2019-12-11T08:42:22.671+0000][1][safepoint    ] Total time for which application threads were stopped: 0.0001216 seconds, Stopping threads took: 0.0000251 seconds
[2019-12-11T08:42:23.674+0000][1][safepoint    ] Application time: 1.0027699 seconds
[2019-12-11T08:42:23.674+0000][1][safepoint    ] Entering safepoint region: Cleanup
[2019-12-11T08:42:23.674+0000][1][safepoint    ] Leaving safepoint region
[2019-12-11T08:42:23.674+0000][1][safepoint    ] Total time for which application threads were stopped: 0.0001199 seconds, Stopping threads took: 0.0000249 seconds
[2019-12-11T08:42:24.676+0000][1][safepoint    ] Application time: 1.0018297 seconds
[2019-12-11T08:42:24.676+0000][1][safepoint    ] Entering safepoint region: Cleanup
[2019-12-11T08:42:24.676+0000][1][safepoint    ] Leaving safepoint region
[2019-12-11T08:42:24.676+0000][1][safepoint    ] Total time for which application threads were stopped: 0.0001274 seconds, Stopping threads took: 0.0000263 seconds
[2019-12-11T08:42:25.679+0000][1][safepoint    ] Application time: 1.0028662 seconds
[2019-12-11T08:42:25.679+0000][1][safepoint    ] Entering safepoint region: Cleanup
[2019-12-11T08:42:25.679+0000][1][safepoint    ] Leaving safepoint region
[2019-12-11T08:42:25.679+0000][1][safepoint    ] Total time for which application threads were stopped: 0.0001160 seconds, Stopping threads took: 0.0000241 seconds
[2019-12-11T08:42:26.681+0000][1][safepoint    ] Application time: 1.0019291 seconds
[2019-12-11T08:42:26.681+0000][1][safepoint    ] Entering safepoint region: Cleanup
[2019-12-11T08:42:26.681+0000][1][safepoint    ] Leaving safepoint region
[2019-12-11T08:42:26.681+0000][1][safepoint    ] Total time for which application threads were stopped: 0.0001290 seconds, Stopping threads took: 0.0000277 seconds
[2019-12-11T08:42:27.681+0000][1][safepoint    ] Application time: 1.0003237 seconds
[2019-12-11T08:42:27.681+0000][1][safepoint    ] Entering safepoint region: Cleanup
[2019-12-11T08:42:27.682+0000][1][safepoint    ] Leaving safepoint region
[2019-12-11T08:42:27.682+0000][1][safepoint    ] Total time for which application threads were stopped: 0.0001413 seconds, Stopping threads took: 0.0000250 seconds
[2019-12-11T08:42:28.682+0000][1][safepoint    ] Application time: 1.0001432 seconds
[2019-12-11T08:42:28.682+0000][1][safepoint    ] Entering safepoint region: Cleanup
[2019-12-11T08:42:28.682+0000][1][safepoint    ] Leaving safepoint region
[2019-12-11T08:42:28.682+0000][1][safepoint    ] Total time for which application threads were stopped: 0.0001331 seconds, Stopping threads took: 0.0000282 seconds
[2019-12-11T08:42:29.684+0000][1][safepoint    ] Application time: 1.0018148 seconds
[2019-12-11T08:42:29.684+0000][1][safepoint    ] Entering safepoint region: Cleanup
[2019-12-11T08:42:29.684+0000][1][safepoint    ] Leaving safepoint region
[2019-12-11T08:42:29.684+0000][1][safepoint    ] Total time for which application threads were stopped: 0.0001316 seconds, Stopping threads took: 0.0000299 seconds
[2019-12-11T08:42:30.688+0000][1][safepoint    ] Application time: 1.0038055 seconds
[2019-12-11T08:42:30.688+0000][1][safepoint    ] Entering safepoint region: Cleanup
[2019-12-11T08:42:30.688+0000][1][safepoint    ] Leaving safepoint region
[2019-12-11T08:42:30.688+0000][1][safepoint    ] Total time for which application threads were stopped: 0.0001273 seconds, Stopping threads took: 0.0000290 seconds
[2019-12-11T08:42:31.691+0000][1][safepoint    ] Application time: 1.0030180 seconds
[2019-12-11T08:42:31.691+0000][1][safepoint    ] Entering safepoint region: Cleanup
[2019-12-11T08:42:31.691+0000][1][safepoint    ] Leaving safepoint region
[2019-12-11T08:42:31.691+0000][1][safepoint    ] Total time for which application threads were stopped: 0.0001207 seconds, Stopping threads took: 0.0000264 seconds
[2019-12-11T08:42:32.692+0000][1][safepoint    ] Application time: 1.0006174 seconds
[2019-12-11T08:42:32.692+0000][1][safepoint    ] Entering safepoint region: Cleanup
[2019-12-11T08:42:32.692+0000][1][safepoint    ] Leaving safepoint region
[2019-12-11T08:42:32.692+0000][1][safepoint    ] Total time for which application threads were stopped: 0.0001198 seconds, Stopping threads took: 0.0000265 seconds
[2019-12-11T08:42:33.693+0000][1][safepoint    ] Application time: 1.0009621 seconds
[2019-12-11T08:42:33.693+0000][1][safepoint    ] Entering safepoint region: Cleanup
[2019-12-11T08:42:33.693+0000][1][safepoint    ] Leaving safepoint region
[2019-12-11T08:42:33.693+0000][1][safepoint    ] Total time for which application threads were stopped: 0.0001214 seconds, Stopping threads took: 0.0000262 seconds
[2019-12-11T08:42:34.696+0000][1][safepoint    ] Application time: 1.0028624 seconds
[2019-12-11T08:42:34.696+0000][1][safepoint    ] Entering safepoint region: Cleanup
[2019-12-11T08:42:34.696+0000][1][safepoint    ] Leaving safepoint region
[2019-12-11T08:42:34.696+0000][1][safepoint    ] Total time for which application threads were stopped: 0.0001200 seconds, Stopping threads took: 0.0000261 seconds
[2019-12-11T08:42:35.698+0000][1][safepoint    ] Application time: 1.0016583 seconds
[2019-12-11T08:42:35.698+0000][1][safepoint    ] Entering safepoint region: Cleanup
[2019-12-11T08:42:35.698+0000][1][safepoint    ] Leaving safepoint region
[2019-12-11T08:42:35.698+0000][1][safepoint    ] Total time for which application threads were stopped: 0.0001366 seconds, Stopping threads took: 0.0000362 seconds
[2019-12-11T08:42:36.699+0000][1][safepoint    ] Application time: 1.0008348 seconds
[2019-12-11T08:42:36.699+0000][1][safepoint    ] Entering safepoint region: Cleanup
[2019-12-11T08:42:36.699+0000][1][safepoint    ] Leaving safepoint region
[2019-12-11T08:42:36.699+0000][1][safepoint    ] Total time for which application threads were stopped: 0.0001438 seconds, Stopping threads took: 0.0000284 seconds
[2019-12-11T08:42:37.704+0000][1][safepoint    ] Application time: 1.0049645 seconds
[2019-12-11T08:42:37.704+0000][1][safepoint    ] Entering safepoint region: Cleanup
[2019-12-11T08:42:37.704+0000][1][safepoint    ] Leaving safepoint region
[2019-12-11T08:42:37.704+0000][1][safepoint    ] Total time for which application threads were stopped: 0.0001427 seconds, Stopping threads took: 0.0000279 seconds
[2019-12-11T08:42:38.706+0000][1][safepoint    ] Application time: 1.0016031 seconds
[2019-12-11T08:42:38.706+0000][1][safepoint    ] Entering safepoint region: Cleanup
[2019-12-11T08:42:38.706+0000][1][safepoint    ] Leaving safepoint region
[2019-12-11T08:42:38.706+0000][1][safepoint    ] Total time for which application threads were stopped: 0.0001234 seconds, Stopping threads took: 0.0000252 seconds
[2019-12-11T08:42:39.706+0000][1][safepoint    ] Application time: 1.0000852 seconds
[2019-12-11T08:42:39.706+0000][1][safepoint    ] Entering safepoint region: Cleanup
[2019-12-11T08:42:39.706+0000][1][safepoint    ] Leaving safepoint region
[2019-12-11T08:42:39.706+0000][1][safepoint    ] Total time for which application threads were stopped: 0.0001281 seconds, Stopping threads took: 0.0000287 seconds
[2019-12-11T08:42:40.708+0000][1][safepoint    ] Application time: 1.0015433 seconds
[2019-12-11T08:42:40.708+0000][1][safepoint    ] Entering safepoint region: Cleanup
[2019-12-11T08:42:40.708+0000][1][safepoint    ] Leaving safepoint region
[2019-12-11T08:42:40.708+0000][1][safepoint    ] Total time for which application threads were stopped: 0.0001103 seconds, Stopping threads took: 0.0000230 seconds
[2019-12-11T08:42:41.713+0000][1][safepoint    ] Application time: 1.0048444 seconds
[2019-12-11T08:42:41.713+0000][1][safepoint    ] Entering safepoint region: Cleanup
[2019-12-11T08:42:41.713+0000][1][safepoint    ] Leaving safepoint region
[2019-12-11T08:42:41.713+0000][1][safepoint    ] Total time for which application threads were stopped: 0.0001198 seconds, Stopping threads took: 0.0000268 seconds
[2019-12-11T08:42:43.185+0000][1][safepoint    ] Application time: 1.4718574 seconds
[2019-12-11T08:42:43.185+0000][1][safepoint    ] Entering safepoint region: Cleanup
[2019-12-11T08:42:43.185+0000][1][safepoint    ] Leaving safepoint region
[2019-12-11T08:42:43.185+0000][1][safepoint    ] Total time for which application threads were stopped: 0.0003293 seconds, Stopping threads took: 0.0000281 seconds
[2019-12-11T08:42:44.186+0000][1][safepoint    ] Application time: 1.0005697 seconds
[2019-12-11T08:42:44.186+0000][1][safepoint    ] Entering safepoint region: Cleanup
[2019-12-11T08:42:44.186+0000][1][safepoint    ] Leaving safepoint region
[2019-12-11T08:42:44.186+0000][1][safepoint    ] Total time for which application threads were stopped: 0.0001281 seconds, Stopping threads took: 0.0000284 seconds
[2019-12-11T08:42:45.188+0000][1][safepoint    ] Application time: 1.0022608 seconds
[2019-12-11T08:42:45.188+0000][1][safepoint    ] Entering safepoint region: Cleanup
[2019-12-11T08:42:45.188+0000][1][safepoint    ] Leaving safepoint region
[2019-12-11T08:42:45.188+0000][1][safepoint    ] Total time for which application threads were stopped: 0.0001328 seconds, Stopping threads took: 0.0000282 seconds
[2019-12-11T08:42:46.192+0000][1][safepoint    ] Application time: 1.0033557 seconds
[2019-12-11T08:42:46.192+0000][1][safepoint    ] Entering safepoint region: Cleanup
[2019-12-11T08:42:46.192+0000][1][safepoint    ] Leaving safepoint region
[2019-12-11T08:42:46.192+0000][1][safepoint    ] Total time for which application threads were stopped: 0.0001212 seconds, Stopping threads took: 0.0000267 seconds
[2019-12-11T08:42:47.195+0000][1][safepoint    ] Application time: 1.0028373 seconds
[2019-12-11T08:42:47.195+0000][1][safepoint    ] Entering safepoint region: Cleanup
[2019-12-11T08:42:47.195+0000][1][safepoint    ] Leaving safepoint region
[2019-12-11T08:42:47.195+0000][1][safepoint    ] Total time for which application threads were stopped: 0.0001315 seconds, Stopping threads took: 0.0000284 seconds
[2019-12-11T08:42:48.196+0000][1][safepoint    ] Application time: 1.0006149 seconds
[2019-12-11T08:42:48.196+0000][1][safepoint    ] Entering safepoint region: Cleanup
[2019-12-11T08:42:48.196+0000][1][safepoint    ] Leaving safepoint region
[2019-12-11T08:42:48.196+0000][1][safepoint    ] Total time for which application threads were stopped: 0.0001404 seconds, Stopping threads took: 0.0000250 seconds
[2019-12-11T08:42:49.197+0000][1][safepoint    ] Application time: 1.0010782 seconds
[2019-12-11T08:42:49.197+0000][1][safepoint    ] Entering safepoint region: Cleanup
[2019-12-11T08:42:49.197+0000][1][safepoint    ] Leaving safepoint region
[2019-12-11T08:42:49.197+0000][1][safepoint    ] Total time for which application threads were stopped: 0.0001195 seconds, Stopping threads took: 0.0000263 seconds
[2019-12-11T08:42:50.198+0000][1][safepoint    ] Application time: 1.0008043 seconds
[2019-12-11T08:42:50.198+0000][1][safepoint    ] Entering safepoint region: Cleanup
[2019-12-11T08:42:50.198+0000][1][safepoint    ] Leaving safepoint region
[2019-12-11T08:42:50.198+0000][1][safepoint    ] Total time for which application threads were stopped: 0.0001250 seconds, Stopping threads took: 0.0000257 seconds
[2019-12-11T08:42:51.200+0000][1][safepoint    ] Application time: 1.0017796 seconds
[2019-12-11T08:42:51.200+0000][1][safepoint    ] Entering safepoint region: Cleanup
[2019-12-11T08:42:51.200+0000][1][safepoint    ] Leaving safepoint region
[2019-12-11T08:42:51.200+0000][1][safepoint    ] Total time for which application threads were stopped: 0.0001178 seconds, Stopping threads took: 0.0000245 seconds
[2019-12-11T08:42:52.201+0000][1][safepoint    ] Application time: 1.0008530 seconds
[2019-12-11T08:42:52.201+0000][1][safepoint    ] Entering safepoint region: Cleanup
[2019-12-11T08:42:52.201+0000][1][safepoint    ] Leaving safepoint region
[2019-12-11T08:42:52.201+0000][1][safepoint    ] Total time for which application threads were stopped: 0.0001310 seconds, Stopping threads took: 0.0000253 seconds
[2019-12-11T08:42:53.204+0000][1][safepoint    ] Application time: 1.0027680 seconds
[2019-12-11T08:42:53.204+0000][1][safepoint    ] Entering safepoint region: Cleanup
[2019-12-11T08:42:53.204+0000][1][safepoint    ] Leaving safepoint region
[2019-12-11T08:42:53.204+0000][1][safepoint    ] Total time for which application threads were stopped: 0.0001275 seconds, Stopping threads took: 0.0000259 seconds
[2019-12-11T08:42:54.205+0000][1][safepoint    ] Application time: 1.0008140 seconds
[2019-12-11T08:42:54.205+0000][1][safepoint    ] Entering safepoint region: Cleanup
[2019-12-11T08:42:54.205+0000][1][safepoint    ] Leaving safepoint region
[2019-12-11T08:42:54.205+0000][1][safepoint    ] Total time for which application threads were stopped: 0.0001285 seconds, Stopping threads took: 0.0000290 seconds
[2019-12-11T08:42:54.586+0000][1][safepoint    ] Application time: 0.3809314 seconds
[2019-12-11T08:42:54.586+0000][1][safepoint    ] Entering safepoint region: GenCollectForAllocation
[2019-12-11T08:42:54.586+0000][1][gc,start     ] GC(33) Pause Young (Allocation Failure)
[2019-12-11T08:42:54.586+0000][1][gc,task      ] GC(33) Using 2 workers of 2 for evacuation
[2019-12-11T08:42:54.600+0000][1][gc,age       ] GC(33) Desired survivor size 4456448 bytes, new threshold 6 (max threshold 6)
[2019-12-11T08:42:54.600+0000][1][gc,age       ] GC(33) Age table with threshold 6 (max threshold 6)
[2019-12-11T08:42:54.600+0000][1][gc,age       ] GC(33) - age   1:      10256 bytes,      10256 total
[2019-12-11T08:42:54.600+0000][1][gc,age       ] GC(33) - age   2:       1664 bytes,      11920 total
[2019-12-11T08:42:54.600+0000][1][gc,age       ] GC(33) - age   3:       1672 bytes,      13592 total
[2019-12-11T08:42:54.600+0000][1][gc,age       ] GC(33) - age   4:      77184 bytes,      90776 total
[2019-12-11T08:42:54.600+0000][1][gc,age       ] GC(33) - age   5:       9464 bytes,     100240 total
[2019-12-11T08:42:54.600+0000][1][gc,age       ] GC(33) - age   6:      15208 bytes,     115448 total
[2019-12-11T08:42:54.600+0000][1][gc,heap      ] GC(33) ParNew: 70344K->166K(78656K)
[2019-12-11T08:42:54.600+0000][1][gc,heap      ] GC(33) CMS: 73512K->73586K(174784K)
[2019-12-11T08:42:54.600+0000][1][gc,metaspace ] GC(33) Metaspace: 77587K->77587K(1120256K)
[2019-12-11T08:42:54.600+0000][1][gc           ] GC(33) Pause Young (Allocation Failure) 140M->72M(247M) 13.991ms
[2019-12-11T08:42:54.600+0000][1][gc,cpu       ] GC(33) User=0.01s Sys=0.00s Real=0.01s
[2019-12-11T08:42:54.600+0000][1][safepoint    ] Leaving safepoint region
[2019-12-11T08:42:54.600+0000][1][safepoint    ] Total time for which application threads were stopped: 0.0142053 seconds, Stopping threads took: 0.0000229 seconds
[2019-12-11T08:42:55.603+0000][1][safepoint    ] Application time: 1.0026750 seconds
[2019-12-11T08:42:55.603+0000][1][safepoint    ] Entering safepoint region: Cleanup
[2019-12-11T08:42:55.603+0000][1][safepoint    ] Leaving safepoint region
[2019-12-11T08:42:55.603+0000][1][safepoint    ] Total time for which application threads were stopped: 0.0001340 seconds, Stopping threads took: 0.0000279 seconds
[2019-12-11T08:42:56.604+0000][1][safepoint    ] Application time: 1.0007775 seconds
[2019-12-11T08:42:56.604+0000][1][safepoint    ] Entering safepoint region: Cleanup
[2019-12-11T08:42:56.604+0000][1][safepoint    ] Leaving safepoint region
[2019-12-11T08:42:56.604+0000][1][safepoint    ] Total time for which application threads were stopped: 0.0001250 seconds, Stopping threads took: 0.0000277 seconds
[2019-12-11T08:42:57.605+0000][1][safepoint    ] Application time: 1.0008065 seconds
[2019-12-11T08:42:57.605+0000][1][safepoint    ] Entering safepoint region: Cleanup
[2019-12-11T08:42:57.605+0000][1][safepoint    ] Leaving safepoint region
[2019-12-11T08:42:57.605+0000][1][safepoint    ] Total time for which application threads were stopped: 0.0001234 seconds, Stopping threads took: 0.0000267 seconds
[2019-12-11T08:42:58.607+0000][1][safepoint    ] Application time: 1.0018237 seconds
[2019-12-11T08:42:58.607+0000][1][safepoint    ] Entering safepoint region: Cleanup
[2019-12-11T08:42:58.607+0000][1][safepoint    ] Leaving safepoint region
[2019-12-11T08:42:58.607+0000][1][safepoint    ] Total time for which application threads were stopped: 0.0001342 seconds, Stopping threads took: 0.0000342 seconds
[2019-12-11T08:42:59.609+0000][1][safepoint    ] Application time: 1.0017832 seconds
[2019-12-11T08:42:59.609+0000][1][safepoint    ] Entering safepoint region: Cleanup
[2019-12-11T08:42:59.609+0000][1][safepoint    ] Leaving safepoint region
[2019-12-11T08:42:59.609+0000][1][safepoint    ] Total time for which application threads were stopped: 0.0001343 seconds, Stopping threads took: 0.0000432 seconds
[2019-12-11T08:43:00.611+0000][1][safepoint    ] Application time: 1.0018996 seconds
[2019-12-11T08:43:00.611+0000][1][safepoint    ] Entering safepoint region: Cleanup
[2019-12-11T08:43:00.611+0000][1][safepoint    ] Leaving safepoint region
[2019-12-11T08:43:00.611+0000][1][safepoint    ] Total time for which application threads were stopped: 0.0001353 seconds, Stopping threads took: 0.0000301 seconds
[2019-12-11T08:43:01.614+0000][1][safepoint    ] Application time: 1.0027656 seconds
[2019-12-11T08:43:01.614+0000][1][safepoint    ] Entering safepoint region: Cleanup
[2019-12-11T08:43:01.614+0000][1][safepoint    ] Leaving safepoint region
[2019-12-11T08:43:01.614+0000][1][safepoint    ] Total time for which application threads were stopped: 0.0001444 seconds, Stopping threads took: 0.0000310 seconds
[2019-12-11T08:43:02.616+0000][1][safepoint    ] Application time: 1.0017881 seconds
[2019-12-11T08:43:02.616+0000][1][safepoint    ] Entering safepoint region: Cleanup
[2019-12-11T08:43:02.616+0000][1][safepoint    ] Leaving safepoint region
[2019-12-11T08:43:02.616+0000][1][safepoint    ] Total time for which application threads were stopped: 0.0001329 seconds, Stopping threads took: 0.0000280 seconds
[2019-12-11T08:43:03.620+0000][1][safepoint    ] Application time: 1.0038068 seconds
[2019-12-11T08:43:03.620+0000][1][safepoint    ] Entering safepoint region: Cleanup
[2019-12-11T08:43:03.620+0000][1][safepoint    ] Leaving safepoint region
[2019-12-11T08:43:03.620+0000][1][safepoint    ] Total time for which application threads were stopped: 0.0001260 seconds, Stopping threads took: 0.0000276 seconds
[2019-12-11T08:43:04.621+0000][1][safepoint    ] Application time: 1.0007983 seconds
[2019-12-11T08:43:04.621+0000][1][safepoint    ] Entering safepoint region: Cleanup
[2019-12-11T08:43:04.621+0000][1][safepoint    ] Leaving safepoint region
[2019-12-11T08:43:04.621+0000][1][safepoint    ] Total time for which application threads were stopped: 0.0001221 seconds, Stopping threads took: 0.0000261 seconds
[2019-12-11T08:43:05.622+0000][1][safepoint    ] Application time: 1.0008677 seconds
[2019-12-11T08:43:05.622+0000][1][safepoint    ] Entering safepoint region: Cleanup
[2019-12-11T08:43:05.622+0000][1][safepoint    ] Leaving safepoint region
[2019-12-11T08:43:05.622+0000][1][safepoint    ] Total time for which application threads were stopped: 0.0001820 seconds, Stopping threads took: 0.0000278 seconds
[2019-12-11T08:43:06.627+0000][1][safepoint    ] Application time: 1.0048655 seconds
[2019-12-11T08:43:06.627+0000][1][safepoint    ] Entering safepoint region: Cleanup
[2019-12-11T08:43:06.627+0000][1][safepoint    ] Leaving safepoint region
[2019-12-11T08:43:06.627+0000][1][safepoint    ] Total time for which application threads were stopped: 0.0001228 seconds, Stopping threads took: 0.0000277 seconds
[2019-12-11T08:43:07.628+0000][1][safepoint    ] Application time: 1.0006216 seconds
[2019-12-11T08:43:07.628+0000][1][safepoint    ] Entering safepoint region: Cleanup
[2019-12-11T08:43:07.628+0000][1][safepoint    ] Leaving safepoint region
[2019-12-11T08:43:07.628+0000][1][safepoint    ] Total time for which application threads were stopped: 0.0001374 seconds, Stopping threads took: 0.0000268 seconds
[2019-12-11T08:43:08.628+0000][1][safepoint    ] Application time: 1.0000978 seconds
[2019-12-11T08:43:08.628+0000][1][safepoint    ] Entering safepoint region: Cleanup
[2019-12-11T08:43:08.628+0000][1][safepoint    ] Leaving safepoint region
[2019-12-11T08:43:08.628+0000][1][safepoint    ] Total time for which application threads were stopped: 0.0001401 seconds, Stopping threads took: 0.0000350 seconds
[2019-12-11T08:43:09.628+0000][1][safepoint    ] Application time: 1.0000843 seconds
[2019-12-11T08:43:09.628+0000][1][safepoint    ] Entering safepoint region: Cleanup
[2019-12-11T08:43:09.628+0000][1][safepoint    ] Leaving safepoint region
[2019-12-11T08:43:09.628+0000][1][safepoint    ] Total time for which application threads were stopped: 0.0001136 seconds, Stopping threads took: 0.0000238 seconds
[2019-12-11T08:43:10.629+0000][1][safepoint    ] Application time: 1.0002659 seconds
[2019-12-11T08:43:10.629+0000][1][safepoint    ] Entering safepoint region: Cleanup
[2019-12-11T08:43:10.629+0000][1][safepoint    ] Leaving safepoint region
[2019-12-11T08:43:10.629+0000][1][safepoint    ] Total time for which application threads were stopped: 0.0001197 seconds, Stopping threads took: 0.0000263 seconds
[2019-12-11T08:43:11.632+0000][1][safepoint    ] Application time: 1.0028721 seconds
[2019-12-11T08:43:11.632+0000][1][safepoint    ] Entering safepoint region: Cleanup
[2019-12-11T08:43:11.632+0000][1][safepoint    ] Leaving safepoint region
[2019-12-11T08:43:11.632+0000][1][safepoint    ] Total time for which application threads were stopped: 0.0001264 seconds, Stopping threads took: 0.0000278 seconds
[2019-12-11T08:43:12.633+0000][1][safepoint    ] Application time: 1.0007757 seconds
[2019-12-11T08:43:12.633+0000][1][safepoint    ] Entering safepoint region: Cleanup
[2019-12-11T08:43:12.633+0000][1][safepoint    ] Leaving safepoint region
[2019-12-11T08:43:12.633+0000][1][safepoint    ] Total time for which application threads were stopped: 0.0001321 seconds, Stopping threads took: 0.0000277 seconds
[2019-12-11T08:43:13.634+0000][1][safepoint    ] Application time: 1.0008111 seconds
[2019-12-11T08:43:13.634+0000][1][safepoint    ] Entering safepoint region: Cleanup
[2019-12-11T08:43:13.634+0000][1][safepoint    ] Leaving safepoint region
[2019-12-11T08:43:13.634+0000][1][safepoint    ] Total time for which application threads were stopped: 0.0001283 seconds, Stopping threads took: 0.0000287 seconds
[2019-12-11T08:43:14.635+0000][1][safepoint    ] Application time: 1.0008053 seconds
[2019-12-11T08:43:14.635+0000][1][safepoint    ] Entering safepoint region: Cleanup
[2019-12-11T08:43:14.635+0000][1][safepoint    ] Leaving safepoint region
[2019-12-11T08:43:14.635+0000][1][safepoint    ] Total time for which application threads were stopped: 0.0001143 seconds, Stopping threads took: 0.0000253 seconds
[2019-12-11T08:43:15.638+0000][1][safepoint    ] Application time: 1.0028645 seconds
[2019-12-11T08:43:15.638+0000][1][safepoint    ] Entering safepoint region: Cleanup
[2019-12-11T08:43:15.638+0000][1][safepoint    ] Leaving safepoint region
[2019-12-11T08:43:15.638+0000][1][safepoint    ] Total time for which application threads were stopped: 0.0001357 seconds, Stopping threads took: 0.0000417 seconds
[2019-12-11T08:43:16.640+0000][1][safepoint    ] Application time: 1.0018380 seconds
[2019-12-11T08:43:16.640+0000][1][safepoint    ] Entering safepoint region: Cleanup
[2019-12-11T08:43:16.640+0000][1][safepoint    ] Leaving safepoint region
[2019-12-11T08:43:16.640+0000][1][safepoint    ] Total time for which application threads were stopped: 0.0001260 seconds, Stopping threads took: 0.0000283 seconds
[2019-12-11T08:43:17.641+0000][1][safepoint    ] Application time: 1.0007622 seconds
[2019-12-11T08:43:17.641+0000][1][safepoint    ] Entering safepoint region: Cleanup
[2019-12-11T08:43:17.641+0000][1][safepoint    ] Leaving safepoint region
[2019-12-11T08:43:17.641+0000][1][safepoint    ] Total time for which application threads were stopped: 0.0001240 seconds, Stopping threads took: 0.0000285 seconds
[2019-12-11T08:43:18.643+0000][1][safepoint    ] Application time: 1.0018191 seconds
[2019-12-11T08:43:18.643+0000][1][safepoint    ] Entering safepoint region: Cleanup
[2019-12-11T08:43:18.643+0000][1][safepoint    ] Leaving safepoint region
[2019-12-11T08:43:18.643+0000][1][safepoint    ] Total time for which application threads were stopped: 0.0001333 seconds, Stopping threads took: 0.0000293 seconds
[2019-12-11T08:43:19.644+0000][1][safepoint    ] Application time: 1.0008018 seconds
[2019-12-11T08:43:19.644+0000][1][safepoint    ] Entering safepoint region: Cleanup
[2019-12-11T08:43:19.644+0000][1][safepoint    ] Leaving safepoint region
[2019-12-11T08:43:19.644+0000][1][safepoint    ] Total time for which application threads were stopped: 0.0001330 seconds, Stopping threads took: 0.0000264 seconds
[2019-12-11T08:43:20.647+0000][1][safepoint    ] Application time: 1.0030080 seconds
[2019-12-11T08:43:20.647+0000][1][safepoint    ] Entering safepoint region: Cleanup
[2019-12-11T08:43:20.647+0000][1][safepoint    ] Leaving safepoint region
[2019-12-11T08:43:20.647+0000][1][safepoint    ] Total time for which application threads were stopped: 0.0001203 seconds, Stopping threads took: 0.0000250 seconds
[2019-12-11T08:43:21.648+0000][1][safepoint    ] Application time: 1.0006199 seconds
[2019-12-11T08:43:21.648+0000][1][safepoint    ] Entering safepoint region: Cleanup
[2019-12-11T08:43:21.648+0000][1][safepoint    ] Leaving safepoint region
[2019-12-11T08:43:21.648+0000][1][safepoint    ] Total time for which application threads were stopped: 0.0001139 seconds, Stopping threads took: 0.0000257 seconds
[2019-12-11T08:43:22.649+0000][1][safepoint    ] Application time: 1.0008326 seconds
[2019-12-11T08:43:22.649+0000][1][safepoint    ] Entering safepoint region: Cleanup
[2019-12-11T08:43:22.649+0000][1][safepoint    ] Leaving safepoint region
[2019-12-11T08:43:22.649+0000][1][safepoint    ] Total time for which application threads were stopped: 0.0001205 seconds, Stopping threads took: 0.0000269 seconds
[2019-12-11T08:43:23.651+0000][1][safepoint    ] Application time: 1.0018445 seconds
[2019-12-11T08:43:23.651+0000][1][safepoint    ] Entering safepoint region: Cleanup
[2019-12-11T08:43:23.651+0000][1][safepoint    ] Leaving safepoint region
[2019-12-11T08:43:23.651+0000][1][safepoint    ] Total time for which application threads were stopped: 0.0001284 seconds, Stopping threads took: 0.0000302 seconds
[2019-12-11T08:43:24.654+0000][1][safepoint    ] Application time: 1.0027840 seconds
[2019-12-11T08:43:24.654+0000][1][safepoint    ] Entering safepoint region: Cleanup
[2019-12-11T08:43:24.654+0000][1][safepoint    ] Leaving safepoint region
[2019-12-11T08:43:24.654+0000][1][safepoint    ] Total time for which application threads were stopped: 0.0001179 seconds, Stopping threads took: 0.0000258 seconds
[2019-12-11T08:43:25.658+0000][1][safepoint    ] Application time: 1.0038320 seconds
[2019-12-11T08:43:25.658+0000][1][safepoint    ] Entering safepoint region: Cleanup
[2019-12-11T08:43:25.658+0000][1][safepoint    ] Leaving safepoint region
[2019-12-11T08:43:25.658+0000][1][safepoint    ] Total time for which application threads were stopped: 0.0001253 seconds, Stopping threads took: 0.0000283 seconds
[2019-12-11T08:43:26.659+0000][1][safepoint    ] Application time: 1.0008129 seconds
[2019-12-11T08:43:26.659+0000][1][safepoint    ] Entering safepoint region: Cleanup
[2019-12-11T08:43:26.659+0000][1][safepoint    ] Leaving safepoint region
[2019-12-11T08:43:26.659+0000][1][safepoint    ] Total time for which application threads were stopped: 0.0001254 seconds, Stopping threads took: 0.0000294 seconds
[2019-12-11T08:43:27.660+0000][1][safepoint    ] Application time: 1.0009235 seconds
[2019-12-11T08:43:27.660+0000][1][safepoint    ] Entering safepoint region: Cleanup
[2019-12-11T08:43:27.660+0000][1][safepoint    ] Leaving safepoint region
[2019-12-11T08:43:27.660+0000][1][safepoint    ] Total time for which application threads were stopped: 0.0001310 seconds, Stopping threads took: 0.0000262 seconds
[2019-12-11T08:43:28.663+0000][1][safepoint    ] Application time: 1.0026986 seconds
[2019-12-11T08:43:28.663+0000][1][safepoint    ] Entering safepoint region: Cleanup
[2019-12-11T08:43:28.663+0000][1][safepoint    ] Leaving safepoint region
[2019-12-11T08:43:28.663+0000][1][safepoint    ] Total time for which application threads were stopped: 0.0001270 seconds, Stopping threads took: 0.0000266 seconds
[2019-12-11T08:43:29.664+0000][1][safepoint    ] Application time: 1.0015392 seconds
[2019-12-11T08:43:29.664+0000][1][safepoint    ] Entering safepoint region: Cleanup
[2019-12-11T08:43:29.665+0000][1][safepoint    ] Leaving safepoint region
[2019-12-11T08:43:29.665+0000][1][safepoint    ] Total time for which application threads were stopped: 0.0001355 seconds, Stopping threads took: 0.0000276 seconds
[2019-12-11T08:43:30.668+0000][1][safepoint    ] Application time: 1.0030792 seconds
[2019-12-11T08:43:30.668+0000][1][safepoint    ] Entering safepoint region: Cleanup
[2019-12-11T08:43:30.668+0000][1][safepoint    ] Leaving safepoint region
[2019-12-11T08:43:30.668+0000][1][safepoint    ] Total time for which application threads were stopped: 0.0001114 seconds, Stopping threads took: 0.0000247 seconds
[2019-12-11T08:43:31.671+0000][1][safepoint    ] Application time: 1.0028580 seconds
[2019-12-11T08:43:31.671+0000][1][safepoint    ] Entering safepoint region: Cleanup
[2019-12-11T08:43:31.671+0000][1][safepoint    ] Leaving safepoint region
[2019-12-11T08:43:31.671+0000][1][safepoint    ] Total time for which application threads were stopped: 0.0001194 seconds, Stopping threads took: 0.0000253 seconds
[2019-12-11T08:43:32.672+0000][1][safepoint    ] Application time: 1.0008010 seconds
[2019-12-11T08:43:32.672+0000][1][safepoint    ] Entering safepoint region: Cleanup
[2019-12-11T08:43:32.672+0000][1][safepoint    ] Leaving safepoint region
[2019-12-11T08:43:32.672+0000][1][safepoint    ] Total time for which application threads were stopped: 0.0001143 seconds, Stopping threads took: 0.0000257 seconds
[2019-12-11T08:43:33.676+0000][1][safepoint    ] Application time: 1.0038824 seconds
[2019-12-11T08:43:33.676+0000][1][safepoint    ] Entering safepoint region: Cleanup
[2019-12-11T08:43:33.676+0000][1][safepoint    ] Leaving safepoint region
[2019-12-11T08:43:33.676+0000][1][safepoint    ] Total time for which application threads were stopped: 0.0001233 seconds, Stopping threads took: 0.0000264 seconds
[2019-12-11T08:43:34.677+0000][1][safepoint    ] Application time: 1.0007759 seconds
[2019-12-11T08:43:34.677+0000][1][safepoint    ] Entering safepoint region: Cleanup
[2019-12-11T08:43:34.677+0000][1][safepoint    ] Leaving safepoint region
[2019-12-11T08:43:34.677+0000][1][safepoint    ] Total time for which application threads were stopped: 0.0001179 seconds, Stopping threads took: 0.0000256 seconds
[2019-12-11T08:43:35.680+0000][1][safepoint    ] Application time: 1.0028444 seconds
[2019-12-11T08:43:35.680+0000][1][safepoint    ] Entering safepoint region: Cleanup
[2019-12-11T08:43:35.680+0000][1][safepoint    ] Leaving safepoint region
[2019-12-11T08:43:35.680+0000][1][safepoint    ] Total time for which application threads were stopped: 0.0001293 seconds, Stopping threads took: 0.0000307 seconds
[2019-12-11T08:43:36.683+0000][1][safepoint    ] Application time: 1.0028408 seconds
[2019-12-11T08:43:36.683+0000][1][safepoint    ] Entering safepoint region: Cleanup
[2019-12-11T08:43:36.683+0000][1][safepoint    ] Leaving safepoint region
[2019-12-11T08:43:36.683+0000][1][safepoint    ] Total time for which application threads were stopped: 0.0001205 seconds, Stopping threads took: 0.0000261 seconds
[2019-12-11T08:43:37.684+0000][1][safepoint    ] Application time: 1.0012974 seconds
[2019-12-11T08:43:37.684+0000][1][safepoint    ] Entering safepoint region: Cleanup
[2019-12-11T08:43:37.684+0000][1][safepoint    ] Leaving safepoint region
[2019-12-11T08:43:37.684+0000][1][safepoint    ] Total time for which application threads were stopped: 0.0001165 seconds, Stopping threads took: 0.0000271 seconds
[2019-12-11T08:43:38.685+0000][1][safepoint    ] Application time: 1.0003074 seconds
[2019-12-11T08:43:38.685+0000][1][safepoint    ] Entering safepoint region: Cleanup
[2019-12-11T08:43:38.685+0000][1][safepoint    ] Leaving safepoint region
[2019-12-11T08:43:38.685+0000][1][safepoint    ] Total time for which application threads were stopped: 0.0001346 seconds, Stopping threads took: 0.0000377 seconds
[2019-12-11T08:43:39.685+0000][1][safepoint    ] Application time: 1.0000933 seconds
[2019-12-11T08:43:39.685+0000][1][safepoint    ] Entering safepoint region: Cleanup
[2019-12-11T08:43:39.685+0000][1][safepoint    ] Leaving safepoint region
[2019-12-11T08:43:39.685+0000][1][safepoint    ] Total time for which application threads were stopped: 0.0001309 seconds, Stopping threads took: 0.0000265 seconds
[2019-12-11T08:43:40.685+0000][1][safepoint    ] Application time: 1.0000922 seconds
[2019-12-11T08:43:40.685+0000][1][safepoint    ] Entering safepoint region: Cleanup
[2019-12-11T08:43:40.685+0000][1][safepoint    ] Leaving safepoint region
[2019-12-11T08:43:40.685+0000][1][safepoint    ] Total time for which application threads were stopped: 0.0001278 seconds, Stopping threads took: 0.0000399 seconds
[2019-12-11T08:43:41.686+0000][1][safepoint    ] Application time: 1.0002556 seconds
[2019-12-11T08:43:41.686+0000][1][safepoint    ] Entering safepoint region: Cleanup
[2019-12-11T08:43:41.686+0000][1][safepoint    ] Leaving safepoint region
[2019-12-11T08:43:41.686+0000][1][safepoint    ] Total time for which application threads were stopped: 0.0001242 seconds, Stopping threads took: 0.0000273 seconds
[2019-12-11T08:43:42.689+0000][1][safepoint    ] Application time: 1.0029129 seconds
[2019-12-11T08:43:42.689+0000][1][safepoint    ] Entering safepoint region: Cleanup
[2019-12-11T08:43:42.689+0000][1][safepoint    ] Leaving safepoint region
[2019-12-11T08:43:42.689+0000][1][safepoint    ] Total time for which application threads were stopped: 0.0001227 seconds, Stopping threads took: 0.0000278 seconds
[2019-12-11T08:43:43.692+0000][1][safepoint    ] Application time: 1.0027312 seconds
[2019-12-11T08:43:43.692+0000][1][safepoint    ] Entering safepoint region: Cleanup
[2019-12-11T08:43:43.692+0000][1][safepoint    ] Leaving safepoint region
[2019-12-11T08:43:43.692+0000][1][safepoint    ] Total time for which application threads were stopped: 0.0001206 seconds, Stopping threads took: 0.0000277 seconds
[2019-12-11T08:43:44.692+0000][1][safepoint    ] Application time: 1.0004356 seconds
[2019-12-11T08:43:44.692+0000][1][safepoint    ] Entering safepoint region: Cleanup
[2019-12-11T08:43:44.692+0000][1][safepoint    ] Leaving safepoint region
[2019-12-11T08:43:44.692+0000][1][safepoint    ] Total time for which application threads were stopped: 0.0001198 seconds, Stopping threads took: 0.0000268 seconds
[2019-12-11T08:43:45.694+0000][1][safepoint    ] Application time: 1.0012031 seconds
[2019-12-11T08:43:45.694+0000][1][safepoint    ] Entering safepoint region: Cleanup
[2019-12-11T08:43:45.694+0000][1][safepoint    ] Leaving safepoint region
[2019-12-11T08:43:45.694+0000][1][safepoint    ] Total time for which application threads were stopped: 0.0001139 seconds, Stopping threads took: 0.0000265 seconds
[2019-12-11T08:43:46.697+0000][1][safepoint    ] Application time: 1.0028468 seconds
[2019-12-11T08:43:46.697+0000][1][safepoint    ] Entering safepoint region: Cleanup
[2019-12-11T08:43:46.697+0000][1][safepoint    ] Leaving safepoint region
[2019-12-11T08:43:46.697+0000][1][safepoint    ] Total time for which application threads were stopped: 0.0001395 seconds, Stopping threads took: 0.0000289 seconds
[2019-12-11T08:43:47.699+0000][1][safepoint    ] Application time: 1.0017896 seconds
[2019-12-11T08:43:47.699+0000][1][safepoint    ] Entering safepoint region: Cleanup
[2019-12-11T08:43:47.699+0000][1][safepoint    ] Leaving safepoint region
[2019-12-11T08:43:47.699+0000][1][safepoint    ] Total time for which application threads were stopped: 0.0001418 seconds, Stopping threads took: 0.0000412 seconds
[2019-12-11T08:43:48.701+0000][1][safepoint    ] Application time: 1.0018356 seconds
[2019-12-11T08:43:48.701+0000][1][safepoint    ] Entering safepoint region: Cleanup
[2019-12-11T08:43:48.701+0000][1][safepoint    ] Leaving safepoint region
[2019-12-11T08:43:48.701+0000][1][safepoint    ] Total time for which application threads were stopped: 0.0001218 seconds, Stopping threads took: 0.0000267 seconds
[2019-12-11T08:43:49.703+0000][1][safepoint    ] Application time: 1.0018178 seconds
[2019-12-11T08:43:49.703+0000][1][safepoint    ] Entering safepoint region: Cleanup
[2019-12-11T08:43:49.703+0000][1][safepoint    ] Leaving safepoint region
[2019-12-11T08:43:49.703+0000][1][safepoint    ] Total time for which application threads were stopped: 0.0001321 seconds, Stopping threads took: 0.0000308 seconds
[2019-12-11T08:43:50.706+0000][1][safepoint    ] Application time: 1.0027708 seconds
[2019-12-11T08:43:50.706+0000][1][safepoint    ] Entering safepoint region: Cleanup
[2019-12-11T08:43:50.706+0000][1][safepoint    ] Leaving safepoint region
[2019-12-11T08:43:50.706+0000][1][safepoint    ] Total time for which application threads were stopped: 0.0001218 seconds, Stopping threads took: 0.0000260 seconds
[2019-12-11T08:43:51.707+0000][1][safepoint    ] Application time: 1.0008180 seconds
[2019-12-11T08:43:51.707+0000][1][safepoint    ] Entering safepoint region: Cleanup
[2019-12-11T08:43:51.707+0000][1][safepoint    ] Leaving safepoint region
[2019-12-11T08:43:51.707+0000][1][safepoint    ] Total time for which application threads were stopped: 0.0001247 seconds, Stopping threads took: 0.0000281 seconds
[2019-12-11T08:43:52.708+0000][1][safepoint    ] Application time: 1.0008445 seconds
[2019-12-11T08:43:52.708+0000][1][safepoint    ] Entering safepoint region: Cleanup
[2019-12-11T08:43:52.708+0000][1][safepoint    ] Leaving safepoint region
[2019-12-11T08:43:52.708+0000][1][safepoint    ] Total time for which application threads were stopped: 0.0001280 seconds, Stopping threads took: 0.0000267 seconds
[2019-12-11T08:43:53.709+0000][1][safepoint    ] Application time: 1.0007929 seconds
[2019-12-11T08:43:53.709+0000][1][safepoint    ] Entering safepoint region: Cleanup
[2019-12-11T08:43:53.709+0000][1][safepoint    ] Leaving safepoint region
[2019-12-11T08:43:53.709+0000][1][safepoint    ] Total time for which application threads were stopped: 0.0001372 seconds, Stopping threads took: 0.0000288 seconds
[2019-12-11T08:43:54.710+0000][1][safepoint    ] Application time: 1.0008012 seconds
[2019-12-11T08:43:54.710+0000][1][safepoint    ] Entering safepoint region: Cleanup
[2019-12-11T08:43:54.710+0000][1][safepoint    ] Leaving safepoint region
[2019-12-11T08:43:54.710+0000][1][safepoint    ] Total time for which application threads were stopped: 0.0001171 seconds, Stopping threads took: 0.0000249 seconds
[2019-12-11T08:43:55.711+0000][1][safepoint    ] Application time: 1.0008072 seconds
[2019-12-11T08:43:55.711+0000][1][safepoint    ] Entering safepoint region: Cleanup
[2019-12-11T08:43:55.711+0000][1][safepoint    ] Leaving safepoint region
[2019-12-11T08:43:55.711+0000][1][safepoint    ] Total time for which application threads were stopped: 0.0001108 seconds, Stopping threads took: 0.0000239 seconds
[2019-12-11T08:43:56.713+0000][1][safepoint    ] Application time: 1.0019408 seconds
[2019-12-11T08:43:56.713+0000][1][safepoint    ] Entering safepoint region: Cleanup
[2019-12-11T08:43:56.713+0000][1][safepoint    ] Leaving safepoint region
[2019-12-11T08:43:56.713+0000][1][safepoint    ] Total time for which application threads were stopped: 0.0001237 seconds, Stopping threads took: 0.0000278 seconds
[2019-12-11T08:43:57.716+0000][1][safepoint    ] Application time: 1.0027519 seconds
[2019-12-11T08:43:57.716+0000][1][safepoint    ] Entering safepoint region: Cleanup
[2019-12-11T08:43:57.716+0000][1][safepoint    ] Leaving safepoint region
[2019-12-11T08:43:57.716+0000][1][safepoint    ] Total time for which application threads were stopped: 0.0001258 seconds, Stopping threads took: 0.0000282 seconds
[2019-12-11T08:43:58.717+0000][1][safepoint    ] Application time: 1.0008178 seconds
[2019-12-11T08:43:58.717+0000][1][safepoint    ] Entering safepoint region: Cleanup
[2019-12-11T08:43:58.717+0000][1][safepoint    ] Leaving safepoint region
[2019-12-11T08:43:58.717+0000][1][safepoint    ] Total time for which application threads were stopped: 0.0001255 seconds, Stopping threads took: 0.0000296 seconds
[2019-12-11T08:43:59.718+0000][1][safepoint    ] Application time: 1.0008093 seconds
[2019-12-11T08:43:59.718+0000][1][safepoint    ] Entering safepoint region: Cleanup
[2019-12-11T08:43:59.718+0000][1][safepoint    ] Leaving safepoint region
[2019-12-11T08:43:59.718+0000][1][safepoint    ] Total time for which application threads were stopped: 0.0001227 seconds, Stopping threads took: 0.0000288 seconds
[2019-12-11T08:44:00.721+0000][1][safepoint    ] Application time: 1.0027866 seconds
[2019-12-11T08:44:00.721+0000][1][safepoint    ] Entering safepoint region: Cleanup
[2019-12-11T08:44:00.721+0000][1][safepoint    ] Leaving safepoint region
[2019-12-11T08:44:00.721+0000][1][safepoint    ] Total time for which application threads were stopped: 0.0001296 seconds, Stopping threads took: 0.0000282 seconds
[2019-12-11T08:44:01.722+0000][1][safepoint    ] Application time: 1.0012672 seconds
[2019-12-11T08:44:01.722+0000][1][safepoint    ] Entering safepoint region: Cleanup
[2019-12-11T08:44:01.722+0000][1][safepoint    ] Leaving safepoint region
[2019-12-11T08:44:01.722+0000][1][safepoint    ] Total time for which application threads were stopped: 0.0001216 seconds, Stopping threads took: 0.0000264 seconds
[2019-12-11T08:44:02.723+0000][1][safepoint    ] Application time: 1.0003933 seconds
[2019-12-11T08:44:02.723+0000][1][safepoint    ] Entering safepoint region: Cleanup
[2019-12-11T08:44:02.723+0000][1][safepoint    ] Leaving safepoint region
[2019-12-11T08:44:02.723+0000][1][safepoint    ] Total time for which application threads were stopped: 0.0001195 seconds, Stopping threads took: 0.0000262 seconds
[2019-12-11T08:44:03.724+0000][1][safepoint    ] Application time: 1.0007936 seconds
[2019-12-11T08:44:03.724+0000][1][safepoint    ] Entering safepoint region: Cleanup
[2019-12-11T08:44:03.724+0000][1][safepoint    ] Leaving safepoint region
[2019-12-11T08:44:03.724+0000][1][safepoint    ] Total time for which application threads were stopped: 0.0001208 seconds, Stopping threads took: 0.0000257 seconds
[2019-12-11T08:44:04.725+0000][1][safepoint    ] Application time: 1.0008242 seconds
[2019-12-11T08:44:04.725+0000][1][safepoint    ] Entering safepoint region: Cleanup
[2019-12-11T08:44:04.725+0000][1][safepoint    ] Leaving safepoint region
[2019-12-11T08:44:04.725+0000][1][safepoint    ] Total time for which application threads were stopped: 0.0001102 seconds, Stopping threads took: 0.0000255 seconds
[2019-12-11T08:44:05.726+0000][1][safepoint    ] Application time: 1.0008352 seconds
[2019-12-11T08:44:05.726+0000][1][safepoint    ] Entering safepoint region: Cleanup
[2019-12-11T08:44:05.726+0000][1][safepoint    ] Leaving safepoint region
[2019-12-11T08:44:05.726+0000][1][safepoint    ] Total time for which application threads were stopped: 0.0001161 seconds, Stopping threads took: 0.0000267 seconds
[2019-12-11T08:44:06.727+0000][1][safepoint    ] Application time: 1.0008410 seconds
[2019-12-11T08:44:06.727+0000][1][safepoint    ] Entering safepoint region: Cleanup
[2019-12-11T08:44:06.727+0000][1][safepoint    ] Leaving safepoint region
[2019-12-11T08:44:06.727+0000][1][safepoint    ] Total time for which application threads were stopped: 0.0001308 seconds, Stopping threads took: 0.0000263 seconds
[2019-12-11T08:44:07.730+0000][1][safepoint    ] Application time: 1.0028005 seconds
[2019-12-11T08:44:07.730+0000][1][safepoint    ] Entering safepoint region: Cleanup
[2019-12-11T08:44:07.730+0000][1][safepoint    ] Leaving safepoint region
[2019-12-11T08:44:07.730+0000][1][safepoint    ] Total time for which application threads were stopped: 0.0001220 seconds, Stopping threads took: 0.0000272 seconds
[2019-12-11T08:44:08.732+0000][1][safepoint    ] Application time: 1.0018785 seconds
[2019-12-11T08:44:08.732+0000][1][safepoint    ] Entering safepoint region: Cleanup
[2019-12-11T08:44:08.732+0000][1][safepoint    ] Leaving safepoint region
[2019-12-11T08:44:08.732+0000][1][safepoint    ] Total time for which application threads were stopped: 0.0001206 seconds, Stopping threads took: 0.0000275 seconds
[2019-12-11T08:44:09.735+0000][1][safepoint    ] Application time: 1.0027503 seconds
[2019-12-11T08:44:09.735+0000][1][safepoint    ] Entering safepoint region: Cleanup
[2019-12-11T08:44:09.735+0000][1][safepoint    ] Leaving safepoint region
[2019-12-11T08:44:09.735+0000][1][safepoint    ] Total time for which application threads were stopped: 0.0001273 seconds, Stopping threads took: 0.0000261 seconds
[2019-12-11T08:44:10.735+0000][1][safepoint    ] Application time: 1.0003948 seconds
[2019-12-11T08:44:10.735+0000][1][safepoint    ] Entering safepoint region: Cleanup
[2019-12-11T08:44:10.735+0000][1][safepoint    ] Leaving safepoint region
[2019-12-11T08:44:10.736+0000][1][safepoint    ] Total time for which application threads were stopped: 0.0001596 seconds, Stopping threads took: 0.0000324 seconds
[2019-12-11T08:44:11.736+0000][1][safepoint    ] Application time: 1.0002679 seconds
[2019-12-11T08:44:11.736+0000][1][safepoint    ] Entering safepoint region: Cleanup
[2019-12-11T08:44:11.736+0000][1][safepoint    ] Leaving safepoint region
[2019-12-11T08:44:11.736+0000][1][safepoint    ] Total time for which application threads were stopped: 0.0001269 seconds, Stopping threads took: 0.0000280 seconds
[2019-12-11T08:44:12.739+0000][1][safepoint    ] Application time: 1.0029316 seconds
[2019-12-11T08:44:12.739+0000][1][safepoint    ] Entering safepoint region: Cleanup
[2019-12-11T08:44:12.739+0000][1][safepoint    ] Leaving safepoint region
[2019-12-11T08:44:12.739+0000][1][safepoint    ] Total time for which application threads were stopped: 0.0001278 seconds, Stopping threads took: 0.0000285 seconds
[2019-12-11T08:44:13.739+0000][1][safepoint    ] Application time: 1.0001232 seconds
[2019-12-11T08:44:13.739+0000][1][safepoint    ] Entering safepoint region: Cleanup
[2019-12-11T08:44:13.739+0000][1][safepoint    ] Leaving safepoint region
[2019-12-11T08:44:13.739+0000][1][safepoint    ] Total time for which application threads were stopped: 0.0001389 seconds, Stopping threads took: 0.0000384 seconds
[2019-12-11T08:44:14.740+0000][1][safepoint    ] Application time: 1.0000925 seconds
[2019-12-11T08:44:14.740+0000][1][safepoint    ] Entering safepoint region: Cleanup
[2019-12-11T08:44:14.740+0000][1][safepoint    ] Leaving safepoint region
[2019-12-11T08:44:14.740+0000][1][safepoint    ] Total time for which application threads were stopped: 0.0001331 seconds, Stopping threads took: 0.0000283 seconds
[2019-12-11T08:44:15.743+0000][1][safepoint    ] Application time: 1.0030584 seconds
[2019-12-11T08:44:15.743+0000][1][safepoint    ] Entering safepoint region: Cleanup
[2019-12-11T08:44:15.743+0000][1][safepoint    ] Leaving safepoint region
[2019-12-11T08:44:15.743+0000][1][safepoint    ] Total time for which application threads were stopped: 0.0001326 seconds, Stopping threads took: 0.0000313 seconds
[2019-12-11T08:44:16.745+0000][1][safepoint    ] Application time: 1.0019590 seconds
[2019-12-11T08:44:16.745+0000][1][safepoint    ] Entering safepoint region: Cleanup
[2019-12-11T08:44:16.745+0000][1][safepoint    ] Leaving safepoint region
[2019-12-11T08:44:16.745+0000][1][safepoint    ] Total time for which application threads were stopped: 0.0001354 seconds, Stopping threads took: 0.0000253 seconds
[2019-12-11T08:44:17.749+0000][1][safepoint    ] Application time: 1.0036252 seconds
[2019-12-11T08:44:17.749+0000][1][safepoint    ] Entering safepoint region: Cleanup
[2019-12-11T08:44:17.749+0000][1][safepoint    ] Leaving safepoint region
[2019-12-11T08:44:17.749+0000][1][safepoint    ] Total time for which application threads were stopped: 0.0001188 seconds, Stopping threads took: 0.0000253 seconds
[2019-12-11T08:44:18.749+0000][1][safepoint    ] Application time: 1.0004626 seconds
[2019-12-11T08:44:18.749+0000][1][safepoint    ] Entering safepoint region: Cleanup
[2019-12-11T08:44:18.750+0000][1][safepoint    ] Leaving safepoint region
[2019-12-11T08:44:18.750+0000][1][safepoint    ] Total time for which application threads were stopped: 0.0001321 seconds, Stopping threads took: 0.0000261 seconds
[2019-12-11T08:44:19.751+0000][1][safepoint    ] Application time: 1.0011656 seconds
[2019-12-11T08:44:19.751+0000][1][safepoint    ] Entering safepoint region: Cleanup
[2019-12-11T08:44:19.751+0000][1][safepoint    ] Leaving safepoint region
[2019-12-11T08:44:19.751+0000][1][safepoint    ] Total time for which application threads were stopped: 0.0001441 seconds, Stopping threads took: 0.0000370 seconds
[2019-12-11T08:44:20.755+0000][1][safepoint    ] Application time: 1.0040765 seconds
[2019-12-11T08:44:20.755+0000][1][safepoint    ] Entering safepoint region: Cleanup
[2019-12-11T08:44:20.755+0000][1][safepoint    ] Leaving safepoint region
[2019-12-11T08:44:20.755+0000][1][safepoint    ] Total time for which application threads were stopped: 0.0001248 seconds, Stopping threads took: 0.0000288 seconds
[2019-12-11T08:44:21.756+0000][1][safepoint    ] Application time: 1.0005106 seconds
[2019-12-11T08:44:21.756+0000][1][safepoint    ] Entering safepoint region: Cleanup
[2019-12-11T08:44:21.756+0000][1][safepoint    ] Leaving safepoint region
[2019-12-11T08:44:21.756+0000][1][safepoint    ] Total time for which application threads were stopped: 0.0001299 seconds, Stopping threads took: 0.0000276 seconds
[2019-12-11T08:44:22.756+0000][1][safepoint    ] Application time: 1.0000913 seconds
[2019-12-11T08:44:22.756+0000][1][safepoint    ] Entering safepoint region: Cleanup
[2019-12-11T08:44:22.756+0000][1][safepoint    ] Leaving safepoint region
[2019-12-11T08:44:22.756+0000][1][safepoint    ] Total time for which application threads were stopped: 0.0001319 seconds, Stopping threads took: 0.0000291 seconds
[2019-12-11T08:44:23.757+0000][1][safepoint    ] Application time: 1.0005433 seconds
[2019-12-11T08:44:23.757+0000][1][safepoint    ] Entering safepoint region: Cleanup
[2019-12-11T08:44:23.757+0000][1][safepoint    ] Leaving safepoint region
[2019-12-11T08:44:23.757+0000][1][safepoint    ] Total time for which application threads were stopped: 0.0001282 seconds, Stopping threads took: 0.0000296 seconds
[2019-12-11T08:44:24.758+0000][1][safepoint    ] Application time: 1.0008408 seconds
[2019-12-11T08:44:24.758+0000][1][safepoint    ] Entering safepoint region: Cleanup
[2019-12-11T08:44:24.758+0000][1][safepoint    ] Leaving safepoint region
[2019-12-11T08:44:24.758+0000][1][safepoint    ] Total time for which application threads were stopped: 0.0001282 seconds, Stopping threads took: 0.0000283 seconds
[2019-12-11T08:44:25.759+0000][1][safepoint    ] Application time: 1.0008581 seconds
[2019-12-11T08:44:25.759+0000][1][safepoint    ] Entering safepoint region: Cleanup
[2019-12-11T08:44:25.759+0000][1][safepoint    ] Leaving safepoint region
[2019-12-11T08:44:25.759+0000][1][safepoint    ] Total time for which application threads were stopped: 0.0001270 seconds, Stopping threads took: 0.0000292 seconds
[2019-12-11T08:44:26.760+0000][1][safepoint    ] Application time: 1.0007415 seconds
[2019-12-11T08:44:26.760+0000][1][safepoint    ] Entering safepoint region: Cleanup
[2019-12-11T08:44:26.760+0000][1][safepoint    ] Leaving safepoint region
[2019-12-11T08:44:26.760+0000][1][safepoint    ] Total time for which application threads were stopped: 0.0001251 seconds, Stopping threads took: 0.0000278 seconds
[2019-12-11T08:44:27.764+0000][1][safepoint    ] Application time: 1.0037844 seconds
[2019-12-11T08:44:27.764+0000][1][safepoint    ] Entering safepoint region: Cleanup
[2019-12-11T08:44:27.764+0000][1][safepoint    ] Leaving safepoint region
[2019-12-11T08:44:27.764+0000][1][safepoint    ] Total time for which application threads were stopped: 0.0001279 seconds, Stopping threads took: 0.0000287 seconds
[2019-12-11T08:44:28.765+0000][1][safepoint    ] Application time: 1.0008013 seconds
[2019-12-11T08:44:28.765+0000][1][safepoint    ] Entering safepoint region: Cleanup
[2019-12-11T08:44:28.765+0000][1][safepoint    ] Leaving safepoint region
[2019-12-11T08:44:28.765+0000][1][safepoint    ] Total time for which application threads were stopped: 0.0001213 seconds, Stopping threads took: 0.0000253 seconds
[2019-12-11T08:44:29.768+0000][1][safepoint    ] Application time: 1.0028301 seconds
[2019-12-11T08:44:29.768+0000][1][safepoint    ] Entering safepoint region: Cleanup
[2019-12-11T08:44:29.768+0000][1][safepoint    ] Leaving safepoint region
[2019-12-11T08:44:29.768+0000][1][safepoint    ] Total time for which application threads were stopped: 0.0001265 seconds, Stopping threads took: 0.0000255 seconds
[2019-12-11T08:44:30.769+0000][1][safepoint    ] Application time: 1.0008152 seconds
[2019-12-11T08:44:30.769+0000][1][safepoint    ] Entering safepoint region: Cleanup
[2019-12-11T08:44:30.769+0000][1][safepoint    ] Leaving safepoint region
[2019-12-11T08:44:30.769+0000][1][safepoint    ] Total time for which application threads were stopped: 0.0001256 seconds, Stopping threads took: 0.0000281 seconds
[2019-12-11T08:44:31.774+0000][1][safepoint    ] Application time: 1.0048860 seconds
[2019-12-11T08:44:31.774+0000][1][safepoint    ] Entering safepoint region: Cleanup
[2019-12-11T08:44:31.774+0000][1][safepoint    ] Leaving safepoint region
[2019-12-11T08:44:31.774+0000][1][safepoint    ] Total time for which application threads were stopped: 0.0001183 seconds, Stopping threads took: 0.0000255 seconds
[2019-12-11T08:44:32.776+0000][1][safepoint    ] Application time: 1.0017778 seconds
[2019-12-11T08:44:32.776+0000][1][safepoint    ] Entering safepoint region: Cleanup
[2019-12-11T08:44:32.776+0000][1][safepoint    ] Leaving safepoint region
[2019-12-11T08:44:32.776+0000][1][safepoint    ] Total time for which application threads were stopped: 0.0001263 seconds, Stopping threads took: 0.0000305 seconds
[2019-12-11T08:44:33.778+0000][1][safepoint    ] Application time: 1.0017985 seconds
[2019-12-11T08:44:33.778+0000][1][safepoint    ] Entering safepoint region: Cleanup
[2019-12-11T08:44:33.778+0000][1][safepoint    ] Leaving safepoint region
[2019-12-11T08:44:33.778+0000][1][safepoint    ] Total time for which application threads were stopped: 0.0001238 seconds, Stopping threads took: 0.0000284 seconds
[2019-12-11T08:44:34.781+0000][1][safepoint    ] Application time: 1.0028221 seconds
[2019-12-11T08:44:34.781+0000][1][safepoint    ] Entering safepoint region: Cleanup
[2019-12-11T08:44:34.781+0000][1][safepoint    ] Leaving safepoint region
[2019-12-11T08:44:34.781+0000][1][safepoint    ] Total time for which application threads were stopped: 0.0001275 seconds, Stopping threads took: 0.0000300 seconds
[2019-12-11T08:44:35.783+0000][1][safepoint    ] Application time: 1.0017958 seconds
[2019-12-11T08:44:35.783+0000][1][safepoint    ] Entering safepoint region: Cleanup
[2019-12-11T08:44:35.783+0000][1][safepoint    ] Leaving safepoint region
[2019-12-11T08:44:35.783+0000][1][safepoint    ] Total time for which application threads were stopped: 0.0001275 seconds, Stopping threads took: 0.0000278 seconds
[2019-12-11T08:44:36.785+0000][1][safepoint    ] Application time: 1.0018075 seconds
[2019-12-11T08:44:36.785+0000][1][safepoint    ] Entering safepoint region: Cleanup
[2019-12-11T08:44:36.785+0000][1][safepoint    ] Leaving safepoint region
[2019-12-11T08:44:36.785+0000][1][safepoint    ] Total time for which application threads were stopped: 0.0001219 seconds, Stopping threads took: 0.0000269 seconds
[2019-12-11T08:44:37.786+0000][1][safepoint    ] Application time: 1.0008275 seconds
[2019-12-11T08:44:37.786+0000][1][safepoint    ] Entering safepoint region: Cleanup
[2019-12-11T08:44:37.786+0000][1][safepoint    ] Leaving safepoint region
[2019-12-11T08:44:37.786+0000][1][safepoint    ] Total time for which application threads were stopped: 0.0001181 seconds, Stopping threads took: 0.0000255 seconds
[2019-12-11T08:44:38.786+0000][1][safepoint    ] Application time: 1.0001762 seconds
[2019-12-11T08:44:38.786+0000][1][safepoint    ] Entering safepoint region: Cleanup
[2019-12-11T08:44:38.786+0000][1][safepoint    ] Leaving safepoint region
[2019-12-11T08:44:38.786+0000][1][safepoint    ] Total time for which application threads were stopped: 0.0001184 seconds, Stopping threads took: 0.0000256 seconds
[2019-12-11T08:44:39.787+0000][1][safepoint    ] Application time: 1.0005019 seconds
[2019-12-11T08:44:39.787+0000][1][safepoint    ] Entering safepoint region: Cleanup
[2019-12-11T08:44:39.787+0000][1][safepoint    ] Leaving safepoint region
[2019-12-11T08:44:39.787+0000][1][safepoint    ] Total time for which application threads were stopped: 0.0001345 seconds, Stopping threads took: 0.0000285 seconds
[2019-12-11T08:44:40.787+0000][1][safepoint    ] Application time: 1.0000817 seconds
[2019-12-11T08:44:40.787+0000][1][safepoint    ] Entering safepoint region: Cleanup
[2019-12-11T08:44:40.787+0000][1][safepoint    ] Leaving safepoint region
[2019-12-11T08:44:40.787+0000][1][safepoint    ] Total time for which application threads were stopped: 0.0001118 seconds, Stopping threads took: 0.0000239 seconds
[2019-12-11T08:44:41.788+0000][1][safepoint    ] Application time: 1.0005556 seconds
[2019-12-11T08:44:41.788+0000][1][safepoint    ] Entering safepoint region: Cleanup
[2019-12-11T08:44:41.788+0000][1][safepoint    ] Leaving safepoint region
[2019-12-11T08:44:41.788+0000][1][safepoint    ] Total time for which application threads were stopped: 0.0001210 seconds, Stopping threads took: 0.0000260 seconds
[2019-12-11T08:44:42.790+0000][1][safepoint    ] Application time: 1.0020965 seconds
[2019-12-11T08:44:42.790+0000][1][safepoint    ] Entering safepoint region: Cleanup
[2019-12-11T08:44:42.790+0000][1][safepoint    ] Leaving safepoint region
[2019-12-11T08:44:42.790+0000][1][safepoint    ] Total time for which application threads were stopped: 0.0001154 seconds, Stopping threads took: 0.0000254 seconds
[2019-12-11T08:44:43.790+0000][1][safepoint    ] Application time: 1.0000932 seconds
[2019-12-11T08:44:43.790+0000][1][safepoint    ] Entering safepoint region: Cleanup
[2019-12-11T08:44:43.790+0000][1][safepoint    ] Leaving safepoint region
[2019-12-11T08:44:43.790+0000][1][safepoint    ] Total time for which application threads were stopped: 0.0001436 seconds, Stopping threads took: 0.0000350 seconds
[2019-12-11T08:44:44.791+0000][1][safepoint    ] Application time: 1.0000939 seconds
[2019-12-11T08:44:44.791+0000][1][safepoint    ] Entering safepoint region: Cleanup
[2019-12-11T08:44:44.791+0000][1][safepoint    ] Leaving safepoint region
[2019-12-11T08:44:44.791+0000][1][safepoint    ] Total time for which application threads were stopped: 0.0001600 seconds, Stopping threads took: 0.0000289 seconds
[2019-12-11T08:44:45.792+0000][1][safepoint    ] Application time: 1.0009420 seconds
[2019-12-11T08:44:45.792+0000][1][safepoint    ] Entering safepoint region: Cleanup
[2019-12-11T08:44:45.792+0000][1][safepoint    ] Leaving safepoint region
[2019-12-11T08:44:45.792+0000][1][safepoint    ] Total time for which application threads were stopped: 0.0001207 seconds, Stopping threads took: 0.0000274 seconds
[2019-12-11T08:44:46.795+0000][1][safepoint    ] Application time: 1.0028644 seconds
[2019-12-11T08:44:46.795+0000][1][safepoint    ] Entering safepoint region: Cleanup
[2019-12-11T08:44:46.795+0000][1][safepoint    ] Leaving safepoint region
[2019-12-11T08:44:46.795+0000][1][safepoint    ] Total time for which application threads were stopped: 0.0001223 seconds, Stopping threads took: 0.0000273 seconds
[2019-12-11T08:44:47.796+0000][1][safepoint    ] Application time: 1.0008216 seconds
[2019-12-11T08:44:47.796+0000][1][safepoint    ] Entering safepoint region: Cleanup
[2019-12-11T08:44:47.796+0000][1][safepoint    ] Leaving safepoint region
[2019-12-11T08:44:47.796+0000][1][safepoint    ] Total time for which application threads were stopped: 0.0001221 seconds, Stopping threads took: 0.0000267 seconds
[2019-12-11T08:44:48.797+0000][1][safepoint    ] Application time: 1.0007635 seconds
[2019-12-11T08:44:48.797+0000][1][safepoint    ] Entering safepoint region: Cleanup
[2019-12-11T08:44:48.797+0000][1][safepoint    ] Leaving safepoint region
[2019-12-11T08:44:48.797+0000][1][safepoint    ] Total time for which application threads were stopped: 0.0001153 seconds, Stopping threads took: 0.0000249 seconds
[2019-12-11T08:44:49.464+0000][1][safepoint    ] Application time: 0.6670363 seconds
[2019-12-11T08:44:49.464+0000][1][safepoint    ] Entering safepoint region: GenCollectForAllocation
[2019-12-11T08:44:49.464+0000][1][gc,start     ] GC(34) Pause Young (Allocation Failure)
[2019-12-11T08:44:49.464+0000][1][gc,task      ] GC(34) Using 2 workers of 2 for evacuation
[2019-12-11T08:44:49.472+0000][1][gc,age       ] GC(34) Desired survivor size 4456448 bytes, new threshold 6 (max threshold 6)
[2019-12-11T08:44:49.472+0000][1][gc,age       ] GC(34) Age table with threshold 6 (max threshold 6)
[2019-12-11T08:44:49.472+0000][1][gc,age       ] GC(34) - age   1:       9296 bytes,       9296 total
[2019-12-11T08:44:49.472+0000][1][gc,age       ] GC(34) - age   2:       4200 bytes,      13496 total
[2019-12-11T08:44:49.472+0000][1][gc,age       ] GC(34) - age   3:       1568 bytes,      15064 total
[2019-12-11T08:44:49.472+0000][1][gc,age       ] GC(34) - age   4:       1672 bytes,      16736 total
[2019-12-11T08:44:49.472+0000][1][gc,age       ] GC(34) - age   5:      77184 bytes,      93920 total
[2019-12-11T08:44:49.472+0000][1][gc,age       ] GC(34) - age   6:       9464 bytes,     103384 total
[2019-12-11T08:44:49.472+0000][1][gc,heap      ] GC(34) ParNew: 70118K->126K(78656K)
[2019-12-11T08:44:49.472+0000][1][gc,heap      ] GC(34) CMS: 73586K->73601K(174784K)
[2019-12-11T08:44:49.472+0000][1][gc,metaspace ] GC(34) Metaspace: 77606K->77606K(1120256K)
[2019-12-11T08:44:49.472+0000][1][gc           ] GC(34) Pause Young (Allocation Failure) 140M->71M(247M) 8.038ms
[2019-12-11T08:44:49.472+0000][1][gc,cpu       ] GC(34) User=0.01s Sys=0.00s Real=0.01s
[2019-12-11T08:44:49.472+0000][1][safepoint    ] Leaving safepoint region
[2019-12-11T08:44:49.472+0000][1][safepoint    ] Total time for which application threads were stopped: 0.0082462 seconds, Stopping threads took: 0.0000259 seconds
[2019-12-11T08:44:50.473+0000][1][safepoint    ] Application time: 1.0005020 seconds
[2019-12-11T08:44:50.473+0000][1][safepoint    ] Entering safepoint region: Cleanup
[2019-12-11T08:44:50.473+0000][1][safepoint    ] Leaving safepoint region
[2019-12-11T08:44:50.473+0000][1][safepoint    ] Total time for which application threads were stopped: 0.0001213 seconds, Stopping threads took: 0.0000269 seconds
[2019-12-11T08:44:51.473+0000][1][safepoint    ] Application time: 1.0003139 seconds
[2019-12-11T08:44:51.473+0000][1][safepoint    ] Entering safepoint region: Cleanup
[2019-12-11T08:44:51.473+0000][1][safepoint    ] Leaving safepoint region
[2019-12-11T08:44:51.473+0000][1][safepoint    ] Total time for which application threads were stopped: 0.0001141 seconds, Stopping threads took: 0.0000251 seconds
[2019-12-11T08:44:52.474+0000][1][safepoint    ] Application time: 1.0009588 seconds
[2019-12-11T08:44:52.474+0000][1][safepoint    ] Entering safepoint region: Cleanup
[2019-12-11T08:44:52.474+0000][1][safepoint    ] Leaving safepoint region
[2019-12-11T08:44:52.474+0000][1][safepoint    ] Total time for which application threads were stopped: 0.0001128 seconds, Stopping threads took: 0.0000254 seconds
[2019-12-11T08:44:53.477+0000][1][safepoint    ] Application time: 1.0022778 seconds
[2019-12-11T08:44:53.477+0000][1][safepoint    ] Entering safepoint region: Cleanup
[2019-12-11T08:44:53.477+0000][1][safepoint    ] Leaving safepoint region
[2019-12-11T08:44:53.477+0000][1][safepoint    ] Total time for which application threads were stopped: 0.0001297 seconds, Stopping threads took: 0.0000257 seconds
[2019-12-11T08:44:54.478+0000][1][safepoint    ] Application time: 1.0010227 seconds
[2019-12-11T08:44:54.478+0000][1][safepoint    ] Entering safepoint region: Cleanup
[2019-12-11T08:44:54.478+0000][1][safepoint    ] Leaving safepoint region
[2019-12-11T08:44:54.478+0000][1][safepoint    ] Total time for which application threads were stopped: 0.0001154 seconds, Stopping threads took: 0.0000253 seconds
[2019-12-11T08:44:55.479+0000][1][safepoint    ] Application time: 1.0009010 seconds
[2019-12-11T08:44:55.479+0000][1][safepoint    ] Entering safepoint region: Cleanup
[2019-12-11T08:44:55.479+0000][1][safepoint    ] Leaving safepoint region
[2019-12-11T08:44:55.479+0000][1][safepoint    ] Total time for which application threads were stopped: 0.0001252 seconds, Stopping threads took: 0.0000270 seconds
[2019-12-11T08:44:56.480+0000][1][safepoint    ] Application time: 1.0008153 seconds
[2019-12-11T08:44:56.480+0000][1][safepoint    ] Entering safepoint region: Cleanup
[2019-12-11T08:44:56.480+0000][1][safepoint    ] Leaving safepoint region
[2019-12-11T08:44:56.480+0000][1][safepoint    ] Total time for which application threads were stopped: 0.0001112 seconds, Stopping threads took: 0.0000254 seconds
[2019-12-11T08:44:57.485+0000][1][safepoint    ] Application time: 1.0048336 seconds
[2019-12-11T08:44:57.485+0000][1][safepoint    ] Entering safepoint region: Cleanup
[2019-12-11T08:44:57.485+0000][1][safepoint    ] Leaving safepoint region
[2019-12-11T08:44:57.485+0000][1][safepoint    ] Total time for which application threads were stopped: 0.0001132 seconds, Stopping threads took: 0.0000252 seconds
[2019-12-11T08:44:58.486+0000][1][safepoint    ] Application time: 1.0008788 seconds
[2019-12-11T08:44:58.486+0000][1][safepoint    ] Entering safepoint region: Cleanup
[2019-12-11T08:44:58.486+0000][1][safepoint    ] Leaving safepoint region
[2019-12-11T08:44:58.486+0000][1][safepoint    ] Total time for which application threads were stopped: 0.0001164 seconds, Stopping threads took: 0.0000263 seconds
[2019-12-11T08:44:59.487+0000][1][safepoint    ] Application time: 1.0008695 seconds
[2019-12-11T08:44:59.487+0000][1][safepoint    ] Entering safepoint region: Cleanup
[2019-12-11T08:44:59.487+0000][1][safepoint    ] Leaving safepoint region
[2019-12-11T08:44:59.487+0000][1][safepoint    ] Total time for which application threads were stopped: 0.0001234 seconds, Stopping threads took: 0.0000268 seconds
[2019-12-11T08:45:00.489+0000][1][safepoint    ] Application time: 1.0019442 seconds
[2019-12-11T08:45:00.489+0000][1][safepoint    ] Entering safepoint region: Cleanup
[2019-12-11T08:45:00.489+0000][1][safepoint    ] Leaving safepoint region
[2019-12-11T08:45:00.489+0000][1][safepoint    ] Total time for which application threads were stopped: 0.0001164 seconds, Stopping threads took: 0.0000251 seconds
[2019-12-11T08:45:01.491+0000][1][safepoint    ] Application time: 1.0018371 seconds
[2019-12-11T08:45:01.491+0000][1][safepoint    ] Entering safepoint region: Cleanup
[2019-12-11T08:45:01.491+0000][1][safepoint    ] Leaving safepoint region
[2019-12-11T08:45:01.491+0000][1][safepoint    ] Total time for which application threads were stopped: 0.0001180 seconds, Stopping threads took: 0.0000251 seconds
[2019-12-11T08:45:02.492+0000][1][safepoint    ] Application time: 1.0007878 seconds
[2019-12-11T08:45:02.492+0000][1][safepoint    ] Entering safepoint region: Cleanup
[2019-12-11T08:45:02.492+0000][1][safepoint    ] Leaving safepoint region
[2019-12-11T08:45:02.492+0000][1][safepoint    ] Total time for which application threads were stopped: 0.0001156 seconds, Stopping threads took: 0.0000239 seconds
[2019-12-11T08:45:03.494+0000][1][safepoint    ] Application time: 1.0018154 seconds
[2019-12-11T08:45:03.494+0000][1][safepoint    ] Entering safepoint region: Cleanup
[2019-12-11T08:45:03.494+0000][1][safepoint    ] Leaving safepoint region
[2019-12-11T08:45:03.494+0000][1][safepoint    ] Total time for which application threads were stopped: 0.0001188 seconds, Stopping threads took: 0.0000249 seconds
[2019-12-11T08:45:04.495+0000][1][safepoint    ] Application time: 1.0008620 seconds
[2019-12-11T08:45:04.495+0000][1][safepoint    ] Entering safepoint region: Cleanup
[2019-12-11T08:45:04.495+0000][1][safepoint    ] Leaving safepoint region
[2019-12-11T08:45:04.495+0000][1][safepoint    ] Total time for which application threads were stopped: 0.0001223 seconds, Stopping threads took: 0.0000266 seconds
[2019-12-11T08:45:05.497+0000][1][safepoint    ] Application time: 1.0017781 seconds
[2019-12-11T08:45:05.497+0000][1][safepoint    ] Entering safepoint region: Cleanup
[2019-12-11T08:45:05.497+0000][1][safepoint    ] Leaving safepoint region
[2019-12-11T08:45:05.497+0000][1][safepoint    ] Total time for which application threads were stopped: 0.0001301 seconds, Stopping threads took: 0.0000275 seconds
[2019-12-11T08:45:06.498+0000][1][safepoint    ] Application time: 1.0007984 seconds
[2019-12-11T08:45:06.498+0000][1][safepoint    ] Entering safepoint region: Cleanup
[2019-12-11T08:45:06.498+0000][1][safepoint    ] Leaving safepoint region
[2019-12-11T08:45:06.498+0000][1][safepoint    ] Total time for which application threads were stopped: 0.0001235 seconds, Stopping threads took: 0.0000261 seconds
[2019-12-11T08:45:07.501+0000][1][safepoint    ] Application time: 1.0028211 seconds
[2019-12-11T08:45:07.501+0000][1][safepoint    ] Entering safepoint region: Cleanup
[2019-12-11T08:45:07.501+0000][1][safepoint    ] Leaving safepoint region
[2019-12-11T08:45:07.501+0000][1][safepoint    ] Total time for which application threads were stopped: 0.0001300 seconds, Stopping threads took: 0.0000359 seconds
[2019-12-11T08:45:08.504+0000][1][safepoint    ] Application time: 1.0028350 seconds
[2019-12-11T08:45:08.504+0000][1][safepoint    ] Entering safepoint region: Cleanup
[2019-12-11T08:45:08.504+0000][1][safepoint    ] Leaving safepoint region
[2019-12-11T08:45:08.504+0000][1][safepoint    ] Total time for which application threads were stopped: 0.0001092 seconds, Stopping threads took: 0.0000242 seconds
[2019-12-11T08:45:09.505+0000][1][safepoint    ] Application time: 1.0009253 seconds
[2019-12-11T08:45:09.505+0000][1][safepoint    ] Entering safepoint region: Cleanup
[2019-12-11T08:45:09.505+0000][1][safepoint    ] Leaving safepoint region
[2019-12-11T08:45:09.505+0000][1][safepoint    ] Total time for which application threads were stopped: 0.0001279 seconds, Stopping threads took: 0.0000279 seconds
[2019-12-11T08:45:10.506+0000][1][safepoint    ] Application time: 1.0008973 seconds
[2019-12-11T08:45:10.506+0000][1][safepoint    ] Entering safepoint region: Cleanup
[2019-12-11T08:45:10.506+0000][1][safepoint    ] Leaving safepoint region
[2019-12-11T08:45:10.506+0000][1][safepoint    ] Total time for which application threads were stopped: 0.0001142 seconds, Stopping threads took: 0.0000244 seconds
[2019-12-11T08:45:11.509+0000][1][safepoint    ] Application time: 1.0027446 seconds
[2019-12-11T08:45:11.509+0000][1][safepoint    ] Entering safepoint region: Cleanup
[2019-12-11T08:45:11.509+0000][1][safepoint    ] Leaving safepoint region
[2019-12-11T08:45:11.509+0000][1][safepoint    ] Total time for which application threads were stopped: 0.0001108 seconds, Stopping threads took: 0.0000243 seconds
[2019-12-11T08:45:12.510+0000][1][safepoint    ] Application time: 1.0010431 seconds
[2019-12-11T08:45:12.510+0000][1][safepoint    ] Entering safepoint region: Cleanup
[2019-12-11T08:45:12.510+0000][1][safepoint    ] Leaving safepoint region
[2019-12-11T08:45:12.510+0000][1][safepoint    ] Total time for which application threads were stopped: 0.0001130 seconds, Stopping threads took: 0.0000260 seconds
[2019-12-11T08:45:13.512+0000][1][safepoint    ] Application time: 1.0016964 seconds
[2019-12-11T08:45:13.512+0000][1][safepoint    ] Entering safepoint region: Cleanup
[2019-12-11T08:45:13.512+0000][1][safepoint    ] Leaving safepoint region
[2019-12-11T08:45:13.512+0000][1][safepoint    ] Total time for which application threads were stopped: 0.0001066 seconds, Stopping threads took: 0.0000240 seconds
[2019-12-11T08:45:14.514+0000][1][safepoint    ] Application time: 1.0015962 seconds
[2019-12-11T08:45:14.514+0000][1][safepoint    ] Entering safepoint region: Cleanup
[2019-12-11T08:45:14.514+0000][1][safepoint    ] Leaving safepoint region
[2019-12-11T08:45:14.514+0000][1][safepoint    ] Total time for which application threads were stopped: 0.0001134 seconds, Stopping threads took: 0.0000250 seconds
[2019-12-11T08:45:15.514+0000][1][safepoint    ] Application time: 1.0000797 seconds
[2019-12-11T08:45:15.514+0000][1][safepoint    ] Entering safepoint region: Cleanup
[2019-12-11T08:45:15.514+0000][1][safepoint    ] Leaving safepoint region
[2019-12-11T08:45:15.514+0000][1][safepoint    ] Total time for which application threads were stopped: 0.0001129 seconds, Stopping threads took: 0.0000226 seconds
[2019-12-11T08:45:16.514+0000][1][safepoint    ] Application time: 1.0000856 seconds
[2019-12-11T08:45:16.514+0000][1][safepoint    ] Entering safepoint region: Cleanup
[2019-12-11T08:45:16.514+0000][1][safepoint    ] Leaving safepoint region
[2019-12-11T08:45:16.514+0000][1][safepoint    ] Total time for which application threads were stopped: 0.0001276 seconds, Stopping threads took: 0.0000336 seconds
[2019-12-11T08:45:17.515+0000][1][safepoint    ] Application time: 1.0003359 seconds
[2019-12-11T08:45:17.515+0000][1][safepoint    ] Entering safepoint region: Cleanup
[2019-12-11T08:45:17.515+0000][1][safepoint    ] Leaving safepoint region
[2019-12-11T08:45:17.515+0000][1][safepoint    ] Total time for which application threads were stopped: 0.0000824 seconds, Stopping threads took: 0.0000174 seconds
[2019-12-11T08:45:18.518+0000][1][safepoint    ] Application time: 1.0028936 seconds
[2019-12-11T08:45:18.518+0000][1][safepoint    ] Entering safepoint region: Cleanup
[2019-12-11T08:45:18.518+0000][1][safepoint    ] Leaving safepoint region
[2019-12-11T08:45:18.518+0000][1][safepoint    ] Total time for which application threads were stopped: 0.0001343 seconds, Stopping threads took: 0.0000369 seconds
[2019-12-11T08:45:19.519+0000][1][safepoint    ] Application time: 1.0008215 seconds
[2019-12-11T08:45:19.519+0000][1][safepoint    ] Entering safepoint region: Cleanup
[2019-12-11T08:45:19.519+0000][1][safepoint    ] Leaving safepoint region
[2019-12-11T08:45:19.519+0000][1][safepoint    ] Total time for which application threads were stopped: 0.0001146 seconds, Stopping threads took: 0.0000258 seconds
[2019-12-11T08:45:20.520+0000][1][safepoint    ] Application time: 1.0008423 seconds
[2019-12-11T08:45:20.520+0000][1][safepoint    ] Entering safepoint region: Cleanup
[2019-12-11T08:45:20.520+0000][1][safepoint    ] Leaving safepoint region
[2019-12-11T08:45:20.520+0000][1][safepoint    ] Total time for which application threads were stopped: 0.0001158 seconds, Stopping threads took: 0.0000249 seconds
[2019-12-11T08:45:21.521+0000][1][safepoint    ] Application time: 1.0008587 seconds
[2019-12-11T08:45:21.521+0000][1][safepoint    ] Entering safepoint region: Cleanup
[2019-12-11T08:45:21.521+0000][1][safepoint    ] Leaving safepoint region
[2019-12-11T08:45:21.521+0000][1][safepoint    ] Total time for which application threads were stopped: 0.0001189 seconds, Stopping threads took: 0.0000272 seconds
[2019-12-11T08:45:22.522+0000][1][safepoint    ] Application time: 1.0008446 seconds
[2019-12-11T08:45:22.522+0000][1][safepoint    ] Entering safepoint region: Cleanup
[2019-12-11T08:45:22.522+0000][1][safepoint    ] Leaving safepoint region
[2019-12-11T08:45:22.522+0000][1][safepoint    ] Total time for which application threads were stopped: 0.0001296 seconds, Stopping threads took: 0.0000307 seconds
[2019-12-11T08:45:23.523+0000][1][safepoint    ] Application time: 1.0007874 seconds
[2019-12-11T08:45:23.523+0000][1][safepoint    ] Entering safepoint region: Cleanup
[2019-12-11T08:45:23.523+0000][1][safepoint    ] Leaving safepoint region
[2019-12-11T08:45:23.523+0000][1][safepoint    ] Total time for which application threads were stopped: 0.0001347 seconds, Stopping threads took: 0.0000377 seconds
[2019-12-11T08:45:24.526+0000][1][safepoint    ] Application time: 1.0027984 seconds
[2019-12-11T08:45:24.526+0000][1][safepoint    ] Entering safepoint region: Cleanup
[2019-12-11T08:45:24.526+0000][1][safepoint    ] Leaving safepoint region
[2019-12-11T08:45:24.526+0000][1][safepoint    ] Total time for which application threads were stopped: 0.0001251 seconds, Stopping threads took: 0.0000301 seconds
[2019-12-11T08:45:25.527+0000][1][safepoint    ] Application time: 1.0009520 seconds
[2019-12-11T08:45:25.527+0000][1][safepoint    ] Entering safepoint region: Cleanup
[2019-12-11T08:45:25.527+0000][1][safepoint    ] Leaving safepoint region
[2019-12-11T08:45:25.527+0000][1][safepoint    ] Total time for which application threads were stopped: 0.0001317 seconds, Stopping threads took: 0.0000274 seconds
[2019-12-11T08:45:26.529+0000][1][safepoint    ] Application time: 1.0016676 seconds
[2019-12-11T08:45:26.529+0000][1][safepoint    ] Entering safepoint region: Cleanup
[2019-12-11T08:45:26.529+0000][1][safepoint    ] Leaving safepoint region
[2019-12-11T08:45:26.529+0000][1][safepoint    ] Total time for which application threads were stopped: 0.0001181 seconds, Stopping threads took: 0.0000290 seconds
[2019-12-11T08:45:27.531+0000][1][safepoint    ] Application time: 1.0019117 seconds
[2019-12-11T08:45:27.531+0000][1][safepoint    ] Entering safepoint region: Cleanup
[2019-12-11T08:45:27.531+0000][1][safepoint    ] Leaving safepoint region
[2019-12-11T08:45:27.531+0000][1][safepoint    ] Total time for which application threads were stopped: 0.0001099 seconds, Stopping threads took: 0.0000242 seconds
[2019-12-11T08:45:28.533+0000][1][safepoint    ] Application time: 1.0017799 seconds
[2019-12-11T08:45:28.533+0000][1][safepoint    ] Entering safepoint region: Cleanup
[2019-12-11T08:45:28.533+0000][1][safepoint    ] Leaving safepoint region
[2019-12-11T08:45:28.533+0000][1][safepoint    ] Total time for which application threads were stopped: 0.0001083 seconds, Stopping threads took: 0.0000255 seconds
[2019-12-11T08:45:29.535+0000][1][safepoint    ] Application time: 1.0018301 seconds
[2019-12-11T08:45:29.535+0000][1][safepoint    ] Entering safepoint region: Cleanup
[2019-12-11T08:45:29.535+0000][1][safepoint    ] Leaving safepoint region
[2019-12-11T08:45:29.535+0000][1][safepoint    ] Total time for which application threads were stopped: 0.0001108 seconds, Stopping threads took: 0.0000251 seconds
[2019-12-11T08:45:30.536+0000][1][safepoint    ] Application time: 1.0015701 seconds
[2019-12-11T08:45:30.536+0000][1][safepoint    ] Entering safepoint region: Cleanup
[2019-12-11T08:45:30.537+0000][1][safepoint    ] Leaving safepoint region
[2019-12-11T08:45:30.537+0000][1][safepoint    ] Total time for which application threads were stopped: 0.0001324 seconds, Stopping threads took: 0.0000367 seconds
[2019-12-11T08:45:31.538+0000][1][safepoint    ] Application time: 1.0010985 seconds
[2019-12-11T08:45:31.538+0000][1][safepoint    ] Entering safepoint region: Cleanup
[2019-12-11T08:45:31.538+0000][1][safepoint    ] Leaving safepoint region
[2019-12-11T08:45:31.538+0000][1][safepoint    ] Total time for which application threads were stopped: 0.0001163 seconds, Stopping threads took: 0.0000231 seconds
[2019-12-11T08:45:32.539+0000][1][safepoint    ] Application time: 1.0010997 seconds
[2019-12-11T08:45:32.539+0000][1][safepoint    ] Entering safepoint region: Cleanup
[2019-12-11T08:45:32.539+0000][1][safepoint    ] Leaving safepoint region
[2019-12-11T08:45:32.539+0000][1][safepoint    ] Total time for which application threads were stopped: 0.0001126 seconds, Stopping threads took: 0.0000253 seconds
[2019-12-11T08:45:33.541+0000][1][safepoint    ] Application time: 1.0015636 seconds
[2019-12-11T08:45:33.541+0000][1][safepoint    ] Entering safepoint region: Cleanup
[2019-12-11T08:45:33.541+0000][1][safepoint    ] Leaving safepoint region
[2019-12-11T08:45:33.541+0000][1][safepoint    ] Total time for which application threads were stopped: 0.0001149 seconds, Stopping threads took: 0.0000261 seconds
[2019-12-11T08:45:34.542+0000][1][safepoint    ] Application time: 1.0009954 seconds
[2019-12-11T08:45:34.542+0000][1][safepoint    ] Entering safepoint region: Cleanup
[2019-12-11T08:45:34.542+0000][1][safepoint    ] Leaving safepoint region
[2019-12-11T08:45:34.542+0000][1][safepoint    ] Total time for which application threads were stopped: 0.0001351 seconds, Stopping threads took: 0.0000250 seconds
[2019-12-11T08:45:35.544+0000][1][safepoint    ] Application time: 1.0016449 seconds
[2019-12-11T08:45:35.544+0000][1][safepoint    ] Entering safepoint region: Cleanup
[2019-12-11T08:45:35.544+0000][1][safepoint    ] Leaving safepoint region
[2019-12-11T08:45:35.544+0000][1][safepoint    ] Total time for which application threads were stopped: 0.0001242 seconds, Stopping threads took: 0.0000279 seconds
[2019-12-11T08:45:36.545+0000][1][safepoint    ] Application time: 1.0008117 seconds
[2019-12-11T08:45:36.545+0000][1][safepoint    ] Entering safepoint region: Cleanup
[2019-12-11T08:45:36.545+0000][1][safepoint    ] Leaving safepoint region
[2019-12-11T08:45:36.545+0000][1][safepoint    ] Total time for which application threads were stopped: 0.0001159 seconds, Stopping threads took: 0.0000263 seconds
[2019-12-11T08:45:37.546+0000][1][safepoint    ] Application time: 1.0008378 seconds
[2019-12-11T08:45:37.546+0000][1][safepoint    ] Entering safepoint region: Cleanup
[2019-12-11T08:45:37.546+0000][1][safepoint    ] Leaving safepoint region
[2019-12-11T08:45:37.546+0000][1][safepoint    ] Total time for which application threads were stopped: 0.0001189 seconds, Stopping threads took: 0.0000261 seconds
[2019-12-11T08:45:38.547+0000][1][safepoint    ] Application time: 1.0008239 seconds
[2019-12-11T08:45:38.547+0000][1][safepoint    ] Entering safepoint region: Cleanup
[2019-12-11T08:45:38.547+0000][1][safepoint    ] Leaving safepoint region
[2019-12-11T08:45:38.547+0000][1][safepoint    ] Total time for which application threads were stopped: 0.0001379 seconds, Stopping threads took: 0.0000411 seconds
[2019-12-11T08:45:39.548+0000][1][safepoint    ] Application time: 1.0008409 seconds
[2019-12-11T08:45:39.548+0000][1][safepoint    ] Entering safepoint region: Cleanup
[2019-12-11T08:45:39.548+0000][1][safepoint    ] Leaving safepoint region
[2019-12-11T08:45:39.548+0000][1][safepoint    ] Total time for which application threads were stopped: 0.0001126 seconds, Stopping threads took: 0.0000250 seconds
[2019-12-11T08:45:40.550+0000][1][safepoint    ] Application time: 1.0018056 seconds
[2019-12-11T08:45:40.550+0000][1][safepoint    ] Entering safepoint region: Cleanup
[2019-12-11T08:45:40.550+0000][1][safepoint    ] Leaving safepoint region
[2019-12-11T08:45:40.550+0000][1][safepoint    ] Total time for which application threads were stopped: 0.0001254 seconds, Stopping threads took: 0.0000351 seconds
[2019-12-11T08:45:41.552+0000][1][safepoint    ] Application time: 1.0018206 seconds
[2019-12-11T08:45:41.552+0000][1][safepoint    ] Entering safepoint region: Cleanup
[2019-12-11T08:45:41.552+0000][1][safepoint    ] Leaving safepoint region
[2019-12-11T08:45:41.552+0000][1][safepoint    ] Total time for which application threads were stopped: 0.0001100 seconds, Stopping threads took: 0.0000229 seconds
[2019-12-11T08:45:42.555+0000][1][safepoint    ] Application time: 1.0032984 seconds
[2019-12-11T08:45:42.555+0000][1][safepoint    ] Entering safepoint region: Cleanup
[2019-12-11T08:45:42.555+0000][1][safepoint    ] Leaving safepoint region
[2019-12-11T08:45:42.555+0000][1][safepoint    ] Total time for which application threads were stopped: 0.0001188 seconds, Stopping threads took: 0.0000259 seconds
[2019-12-11T08:45:43.556+0000][1][safepoint    ] Application time: 1.0003497 seconds
[2019-12-11T08:45:43.556+0000][1][safepoint    ] Entering safepoint region: Cleanup
[2019-12-11T08:45:43.556+0000][1][safepoint    ] Leaving safepoint region
[2019-12-11T08:45:43.556+0000][1][safepoint    ] Total time for which application threads were stopped: 0.0001181 seconds, Stopping threads took: 0.0000279 seconds
[2019-12-11T08:45:44.557+0000][1][safepoint    ] Application time: 1.0008367 seconds
[2019-12-11T08:45:44.557+0000][1][safepoint    ] Entering safepoint region: Cleanup
[2019-12-11T08:45:44.557+0000][1][safepoint    ] Leaving safepoint region
[2019-12-11T08:45:44.557+0000][1][safepoint    ] Total time for which application threads were stopped: 0.0001242 seconds, Stopping threads took: 0.0000271 seconds
[2019-12-11T08:45:45.557+0000][1][safepoint    ] Application time: 1.0000828 seconds
[2019-12-11T08:45:45.557+0000][1][safepoint    ] Entering safepoint region: Cleanup
[2019-12-11T08:45:45.557+0000][1][safepoint    ] Leaving safepoint region
[2019-12-11T08:45:45.557+0000][1][safepoint    ] Total time for which application threads were stopped: 0.0001239 seconds, Stopping threads took: 0.0000284 seconds
[2019-12-11T08:45:46.559+0000][1][safepoint    ] Application time: 1.0019575 seconds
[2019-12-11T08:45:46.559+0000][1][safepoint    ] Entering safepoint region: Cleanup
[2019-12-11T08:45:46.559+0000][1][safepoint    ] Leaving safepoint region
[2019-12-11T08:45:46.559+0000][1][safepoint    ] Total time for which application threads were stopped: 0.0001238 seconds, Stopping threads took: 0.0000266 seconds
[2019-12-11T08:45:47.561+0000][1][safepoint    ] Application time: 1.0014001 seconds
[2019-12-11T08:45:47.561+0000][1][safepoint    ] Entering safepoint region: Cleanup
[2019-12-11T08:45:47.561+0000][1][safepoint    ] Leaving safepoint region
[2019-12-11T08:45:47.561+0000][1][safepoint    ] Total time for which application threads were stopped: 0.0001348 seconds, Stopping threads took: 0.0000371 seconds
[2019-12-11T08:45:48.561+0000][1][safepoint    ] Application time: 1.0000867 seconds
[2019-12-11T08:45:48.561+0000][1][safepoint    ] Entering safepoint region: Cleanup
[2019-12-11T08:45:48.561+0000][1][safepoint    ] Leaving safepoint region
[2019-12-11T08:45:48.561+0000][1][safepoint    ] Total time for which application threads were stopped: 0.0001239 seconds, Stopping threads took: 0.0000283 seconds
[2019-12-11T08:45:49.562+0000][1][safepoint    ] Application time: 1.0010206 seconds
[2019-12-11T08:45:49.562+0000][1][safepoint    ] Entering safepoint region: Cleanup
[2019-12-11T08:45:49.562+0000][1][safepoint    ] Leaving safepoint region
[2019-12-11T08:45:49.562+0000][1][safepoint    ] Total time for which application threads were stopped: 0.0001170 seconds, Stopping threads took: 0.0000248 seconds
[2019-12-11T08:45:50.562+0000][1][safepoint    ] Application time: 1.0000836 seconds
[2019-12-11T08:45:50.563+0000][1][safepoint    ] Entering safepoint region: Cleanup
[2019-12-11T08:45:50.563+0000][1][safepoint    ] Leaving safepoint region
[2019-12-11T08:45:50.563+0000][1][safepoint    ] Total time for which application threads were stopped: 0.0001155 seconds, Stopping threads took: 0.0000260 seconds
[2019-12-11T08:45:51.563+0000][1][safepoint    ] Application time: 1.0000677 seconds
[2019-12-11T08:45:51.563+0000][1][safepoint    ] Entering safepoint region: Cleanup
[2019-12-11T08:45:51.563+0000][1][safepoint    ] Leaving safepoint region
[2019-12-11T08:45:51.563+0000][1][safepoint    ] Total time for which application threads were stopped: 0.0001322 seconds, Stopping threads took: 0.0000355 seconds
[2019-12-11T08:45:52.567+0000][1][safepoint    ] Application time: 1.0038126 seconds
[2019-12-11T08:45:52.567+0000][1][safepoint    ] Entering safepoint region: Cleanup
[2019-12-11T08:45:52.567+0000][1][safepoint    ] Leaving safepoint region
[2019-12-11T08:45:52.567+0000][1][safepoint    ] Total time for which application threads were stopped: 0.0001347 seconds, Stopping threads took: 0.0000279 seconds
[2019-12-11T08:45:53.569+0000][1][safepoint    ] Application time: 1.0019116 seconds
[2019-12-11T08:45:53.569+0000][1][safepoint    ] Entering safepoint region: Cleanup
[2019-12-11T08:45:53.569+0000][1][safepoint    ] Leaving safepoint region
[2019-12-11T08:45:53.569+0000][1][safepoint    ] Total time for which application threads were stopped: 0.0001214 seconds, Stopping threads took: 0.0000276 seconds
[2019-12-11T08:45:54.573+0000][1][safepoint    ] Application time: 1.0038589 seconds
[2019-12-11T08:45:54.573+0000][1][safepoint    ] Entering safepoint region: Cleanup
[2019-12-11T08:45:54.573+0000][1][safepoint    ] Leaving safepoint region
[2019-12-11T08:45:54.573+0000][1][safepoint    ] Total time for which application threads were stopped: 0.0001244 seconds, Stopping threads took: 0.0000265 seconds
[2019-12-11T08:45:55.577+0000][1][safepoint    ] Application time: 1.0036654 seconds
[2019-12-11T08:45:55.577+0000][1][safepoint    ] Entering safepoint region: Cleanup
[2019-12-11T08:45:55.577+0000][1][safepoint    ] Leaving safepoint region
[2019-12-11T08:45:55.577+0000][1][safepoint    ] Total time for which application threads were stopped: 0.0001273 seconds, Stopping threads took: 0.0000260 seconds
[2019-12-11T08:45:56.577+0000][1][safepoint    ] Application time: 1.0004909 seconds
[2019-12-11T08:45:56.577+0000][1][safepoint    ] Entering safepoint region: Cleanup
[2019-12-11T08:45:56.578+0000][1][safepoint    ] Leaving safepoint region
[2019-12-11T08:45:56.578+0000][1][safepoint    ] Total time for which application threads were stopped: 0.0001416 seconds, Stopping threads took: 0.0000277 seconds
[2019-12-11T08:45:57.581+0000][1][safepoint    ] Application time: 1.0031293 seconds
[2019-12-11T08:45:57.581+0000][1][safepoint    ] Entering safepoint region: Cleanup
[2019-12-11T08:45:57.581+0000][1][safepoint    ] Leaving safepoint region
[2019-12-11T08:45:57.581+0000][1][safepoint    ] Total time for which application threads were stopped: 0.0001281 seconds, Stopping threads took: 0.0000368 seconds
[2019-12-11T08:45:58.582+0000][1][safepoint    ] Application time: 1.0009380 seconds
[2019-12-11T08:45:58.582+0000][1][safepoint    ] Entering safepoint region: Cleanup
[2019-12-11T08:45:58.582+0000][1][safepoint    ] Leaving safepoint region
[2019-12-11T08:45:58.582+0000][1][safepoint    ] Total time for which application threads were stopped: 0.0001288 seconds, Stopping threads took: 0.0000289 seconds
[2019-12-11T08:45:59.582+0000][1][safepoint    ] Application time: 1.0000866 seconds
[2019-12-11T08:45:59.582+0000][1][safepoint    ] Entering safepoint region: Cleanup
[2019-12-11T08:45:59.582+0000][1][safepoint    ] Leaving safepoint region
[2019-12-11T08:45:59.582+0000][1][safepoint    ] Total time for which application threads were stopped: 0.0001252 seconds, Stopping threads took: 0.0000257 seconds
[2019-12-11T08:46:00.585+0000][1][safepoint    ] Application time: 1.0023787 seconds
[2019-12-11T08:46:00.585+0000][1][safepoint    ] Entering safepoint region: Cleanup
[2019-12-11T08:46:00.585+0000][1][safepoint    ] Leaving safepoint region
[2019-12-11T08:46:00.585+0000][1][safepoint    ] Total time for which application threads were stopped: 0.0001271 seconds, Stopping threads took: 0.0000282 seconds
[2019-12-11T08:46:01.586+0000][1][safepoint    ] Application time: 1.0005852 seconds
[2019-12-11T08:46:01.586+0000][1][safepoint    ] Entering safepoint region: Cleanup
[2019-12-11T08:46:01.586+0000][1][safepoint    ] Leaving safepoint region
[2019-12-11T08:46:01.586+0000][1][safepoint    ] Total time for which application threads were stopped: 0.0001163 seconds, Stopping threads took: 0.0000263 seconds
[2019-12-11T08:46:02.591+0000][1][safepoint    ] Application time: 1.0050474 seconds
[2019-12-11T08:46:02.591+0000][1][safepoint    ] Entering safepoint region: Cleanup
[2019-12-11T08:46:02.591+0000][1][safepoint    ] Leaving safepoint region
[2019-12-11T08:46:02.591+0000][1][safepoint    ] Total time for which application threads were stopped: 0.0001217 seconds, Stopping threads took: 0.0000269 seconds
[2019-12-11T08:46:03.592+0000][1][safepoint    ] Application time: 1.0008127 seconds
[2019-12-11T08:46:03.592+0000][1][safepoint    ] Entering safepoint region: Cleanup
[2019-12-11T08:46:03.592+0000][1][safepoint    ] Leaving safepoint region
[2019-12-11T08:46:03.592+0000][1][safepoint    ] Total time for which application threads were stopped: 0.0001145 seconds, Stopping threads took: 0.0000246 seconds
[2019-12-11T08:46:04.594+0000][1][safepoint    ] Application time: 1.0018296 seconds
[2019-12-11T08:46:04.594+0000][1][safepoint    ] Entering safepoint region: Cleanup
[2019-12-11T08:46:04.594+0000][1][safepoint    ] Leaving safepoint region
[2019-12-11T08:46:04.594+0000][1][safepoint    ] Total time for which application threads were stopped: 0.0001211 seconds, Stopping threads took: 0.0000282 seconds
[2019-12-11T08:46:05.595+0000][1][safepoint    ] Application time: 1.0008408 seconds
[2019-12-11T08:46:05.595+0000][1][safepoint    ] Entering safepoint region: Cleanup
[2019-12-11T08:46:05.595+0000][1][safepoint    ] Leaving safepoint region
[2019-12-11T08:46:05.595+0000][1][safepoint    ] Total time for which application threads were stopped: 0.0001429 seconds, Stopping threads took: 0.0000290 seconds
[2019-12-11T08:46:06.596+0000][1][safepoint    ] Application time: 1.0007541 seconds
[2019-12-11T08:46:06.596+0000][1][safepoint    ] Entering safepoint region: Cleanup
[2019-12-11T08:46:06.596+0000][1][safepoint    ] Leaving safepoint region
[2019-12-11T08:46:06.596+0000][1][safepoint    ] Total time for which application threads were stopped: 0.0001330 seconds, Stopping threads took: 0.0000292 seconds
[2019-12-11T08:46:07.599+0000][1][safepoint    ] Application time: 1.0028175 seconds
[2019-12-11T08:46:07.599+0000][1][safepoint    ] Entering safepoint region: Cleanup
[2019-12-11T08:46:07.599+0000][1][safepoint    ] Leaving safepoint region
[2019-12-11T08:46:07.599+0000][1][safepoint    ] Total time for which application threads were stopped: 0.0001320 seconds, Stopping threads took: 0.0000293 seconds
[2019-12-11T08:46:08.600+0000][1][safepoint    ] Application time: 1.0009701 seconds
[2019-12-11T08:46:08.600+0000][1][safepoint    ] Entering safepoint region: Cleanup
[2019-12-11T08:46:08.600+0000][1][safepoint    ] Leaving safepoint region
[2019-12-11T08:46:08.600+0000][1][safepoint    ] Total time for which application threads were stopped: 0.0001198 seconds, Stopping threads took: 0.0000264 seconds
[2019-12-11T08:46:09.604+0000][1][safepoint    ] Application time: 1.0036568 seconds
[2019-12-11T08:46:09.604+0000][1][safepoint    ] Entering safepoint region: Cleanup
[2019-12-11T08:46:09.604+0000][1][safepoint    ] Leaving safepoint region
[2019-12-11T08:46:09.604+0000][1][safepoint    ] Total time for which application threads were stopped: 0.0001405 seconds, Stopping threads took: 0.0000282 seconds
[2019-12-11T08:46:10.605+0000][1][safepoint    ] Application time: 1.0008422 seconds
[2019-12-11T08:46:10.605+0000][1][safepoint    ] Entering safepoint region: Cleanup
[2019-12-11T08:46:10.605+0000][1][safepoint    ] Leaving safepoint region
[2019-12-11T08:46:10.605+0000][1][safepoint    ] Total time for which application threads were stopped: 0.0001223 seconds, Stopping threads took: 0.0000267 seconds
[2019-12-11T08:46:11.606+0000][1][safepoint    ] Application time: 1.0008421 seconds
[2019-12-11T08:46:11.606+0000][1][safepoint    ] Entering safepoint region: Cleanup
[2019-12-11T08:46:11.606+0000][1][safepoint    ] Leaving safepoint region
[2019-12-11T08:46:11.606+0000][1][safepoint    ] Total time for which application threads were stopped: 0.0001148 seconds, Stopping threads took: 0.0000262 seconds
[2019-12-11T08:46:12.607+0000][1][safepoint    ] Application time: 1.0008457 seconds
[2019-12-11T08:46:12.607+0000][1][safepoint    ] Entering safepoint region: Cleanup
[2019-12-11T08:46:12.607+0000][1][safepoint    ] Leaving safepoint region
[2019-12-11T08:46:12.607+0000][1][safepoint    ] Total time for which application threads were stopped: 0.0001278 seconds, Stopping threads took: 0.0000284 seconds
[2019-12-11T08:46:13.750+0000][1][safepoint    ] Application time: 1.1427503 seconds
[2019-12-11T08:46:13.750+0000][1][safepoint    ] Entering safepoint region: Cleanup
[2019-12-11T08:46:13.750+0000][1][safepoint    ] Leaving safepoint region
[2019-12-11T08:46:13.750+0000][1][safepoint    ] Total time for which application threads were stopped: 0.0001390 seconds, Stopping threads took: 0.0000240 seconds
[2019-12-11T08:46:14.751+0000][1][safepoint    ] Application time: 1.0007787 seconds
[2019-12-11T08:46:14.751+0000][1][safepoint    ] Entering safepoint region: Cleanup
[2019-12-11T08:46:14.751+0000][1][safepoint    ] Leaving safepoint region
[2019-12-11T08:46:14.751+0000][1][safepoint    ] Total time for which application threads were stopped: 0.0001160 seconds, Stopping threads took: 0.0000244 seconds
[2019-12-11T08:46:15.753+0000][1][safepoint    ] Application time: 1.0018444 seconds
[2019-12-11T08:46:15.753+0000][1][safepoint    ] Entering safepoint region: Cleanup
[2019-12-11T08:46:15.753+0000][1][safepoint    ] Leaving safepoint region
[2019-12-11T08:46:15.753+0000][1][safepoint    ] Total time for which application threads were stopped: 0.0001219 seconds, Stopping threads took: 0.0000269 seconds
[2019-12-11T08:46:16.754+0000][1][safepoint    ] Application time: 1.0010442 seconds
[2019-12-11T08:46:16.754+0000][1][safepoint    ] Entering safepoint region: Cleanup
[2019-12-11T08:46:16.754+0000][1][safepoint    ] Leaving safepoint region
[2019-12-11T08:46:16.754+0000][1][safepoint    ] Total time for which application threads were stopped: 0.0001133 seconds, Stopping threads took: 0.0000247 seconds
[2019-12-11T08:46:17.754+0000][1][safepoint    ] Application time: 1.0000960 seconds
[2019-12-11T08:46:17.754+0000][1][safepoint    ] Entering safepoint region: Cleanup
[2019-12-11T08:46:17.754+0000][1][safepoint    ] Leaving safepoint region
[2019-12-11T08:46:17.754+0000][1][safepoint    ] Total time for which application threads were stopped: 0.0001394 seconds, Stopping threads took: 0.0000296 seconds
[2019-12-11T08:46:18.822+0000][1][safepoint    ] Application time: 1.0672913 seconds
[2019-12-11T08:46:18.822+0000][1][safepoint    ] Entering safepoint region: Cleanup
[2019-12-11T08:46:18.822+0000][1][safepoint    ] Leaving safepoint region
[2019-12-11T08:46:18.822+0000][1][safepoint    ] Total time for which application threads were stopped: 0.0001302 seconds, Stopping threads took: 0.0000337 seconds
[2019-12-11T08:46:19.826+0000][1][safepoint    ] Application time: 1.0039013 seconds
[2019-12-11T08:46:19.826+0000][1][safepoint    ] Entering safepoint region: Cleanup
[2019-12-11T08:46:19.826+0000][1][safepoint    ] Leaving safepoint region
[2019-12-11T08:46:19.826+0000][1][safepoint    ] Total time for which application threads were stopped: 0.0001425 seconds, Stopping threads took: 0.0000395 seconds
[2019-12-11T08:46:20.830+0000][1][safepoint    ] Application time: 1.0037333 seconds
[2019-12-11T08:46:20.830+0000][1][safepoint    ] Entering safepoint region: Cleanup
[2019-12-11T08:46:20.830+0000][1][safepoint    ] Leaving safepoint region
[2019-12-11T08:46:20.830+0000][1][safepoint    ] Total time for which application threads were stopped: 0.0001277 seconds, Stopping threads took: 0.0000238 seconds
[2019-12-11T08:46:21.830+0000][1][safepoint    ] Application time: 1.0002726 seconds
[2019-12-11T08:46:21.830+0000][1][safepoint    ] Entering safepoint region: Cleanup
[2019-12-11T08:46:21.830+0000][1][safepoint    ] Leaving safepoint region
[2019-12-11T08:46:21.830+0000][1][safepoint    ] Total time for which application threads were stopped: 0.0001191 seconds, Stopping threads took: 0.0000254 seconds
[2019-12-11T08:46:22.833+0000][1][safepoint    ] Application time: 1.0023428 seconds
[2019-12-11T08:46:22.833+0000][1][safepoint    ] Entering safepoint region: Cleanup
[2019-12-11T08:46:22.833+0000][1][safepoint    ] Leaving safepoint region
[2019-12-11T08:46:22.833+0000][1][safepoint    ] Total time for which application threads were stopped: 0.0001098 seconds, Stopping threads took: 0.0000250 seconds
[2019-12-11T08:46:23.834+0000][1][safepoint    ] Application time: 1.0008469 seconds
[2019-12-11T08:46:23.834+0000][1][safepoint    ] Entering safepoint region: Cleanup
[2019-12-11T08:46:23.834+0000][1][safepoint    ] Leaving safepoint region
[2019-12-11T08:46:23.834+0000][1][safepoint    ] Total time for which application threads were stopped: 0.0001373 seconds, Stopping threads took: 0.0000403 seconds
[2019-12-11T08:46:24.836+0000][1][safepoint    ] Application time: 1.0018210 seconds
[2019-12-11T08:46:24.836+0000][1][safepoint    ] Entering safepoint region: Cleanup
[2019-12-11T08:46:24.836+0000][1][safepoint    ] Leaving safepoint region
[2019-12-11T08:46:24.836+0000][1][safepoint    ] Total time for which application threads were stopped: 0.0001274 seconds, Stopping threads took: 0.0000273 seconds
[2019-12-11T08:46:25.841+0000][1][safepoint    ] Application time: 1.0047931 seconds
[2019-12-11T08:46:25.841+0000][1][safepoint    ] Entering safepoint region: Cleanup
[2019-12-11T08:46:25.841+0000][1][safepoint    ] Leaving safepoint region
[2019-12-11T08:46:25.841+0000][1][safepoint    ] Total time for which application threads were stopped: 0.0001222 seconds, Stopping threads took: 0.0000260 seconds
[2019-12-11T08:46:26.843+0000][1][safepoint    ] Application time: 1.0018427 seconds
[2019-12-11T08:46:26.843+0000][1][safepoint    ] Entering safepoint region: Cleanup
[2019-12-11T08:46:26.843+0000][1][safepoint    ] Leaving safepoint region
[2019-12-11T08:46:26.843+0000][1][safepoint    ] Total time for which application threads were stopped: 0.0001261 seconds, Stopping threads took: 0.0000268 seconds
[2019-12-11T08:46:27.845+0000][1][safepoint    ] Application time: 1.0018217 seconds
[2019-12-11T08:46:27.845+0000][1][safepoint    ] Entering safepoint region: Cleanup
[2019-12-11T08:46:27.845+0000][1][safepoint    ] Leaving safepoint region
[2019-12-11T08:46:27.845+0000][1][safepoint    ] Total time for which application threads were stopped: 0.0001272 seconds, Stopping threads took: 0.0000296 seconds
[2019-12-11T08:46:28.847+0000][1][safepoint    ] Application time: 1.0017896 seconds
[2019-12-11T08:46:28.847+0000][1][safepoint    ] Entering safepoint region: Cleanup
[2019-12-11T08:46:28.847+0000][1][safepoint    ] Leaving safepoint region
[2019-12-11T08:46:28.847+0000][1][safepoint    ] Total time for which application threads were stopped: 0.0001417 seconds, Stopping threads took: 0.0000347 seconds
[2019-12-11T08:46:29.848+0000][1][safepoint    ] Application time: 1.0011428 seconds
[2019-12-11T08:46:29.848+0000][1][safepoint    ] Entering safepoint region: Cleanup
[2019-12-11T08:46:29.848+0000][1][safepoint    ] Leaving safepoint region
[2019-12-11T08:46:29.848+0000][1][safepoint    ] Total time for which application threads were stopped: 0.0001114 seconds, Stopping threads took: 0.0000229 seconds
[2019-12-11T08:46:30.850+0000][1][safepoint    ] Application time: 1.0015011 seconds
[2019-12-11T08:46:30.850+0000][1][safepoint    ] Entering safepoint region: Cleanup
[2019-12-11T08:46:30.850+0000][1][safepoint    ] Leaving safepoint region
[2019-12-11T08:46:30.850+0000][1][safepoint    ] Total time for which application threads were stopped: 0.0001222 seconds, Stopping threads took: 0.0000274 seconds
[2019-12-11T08:46:31.850+0000][1][safepoint    ] Application time: 1.0000844 seconds
[2019-12-11T08:46:31.850+0000][1][safepoint    ] Entering safepoint region: Cleanup
[2019-12-11T08:46:31.850+0000][1][safepoint    ] Leaving safepoint region
[2019-12-11T08:46:31.850+0000][1][safepoint    ] Total time for which application threads were stopped: 0.0001155 seconds, Stopping threads took: 0.0000250 seconds
[2019-12-11T08:46:32.852+0000][1][safepoint    ] Application time: 1.0015666 seconds
[2019-12-11T08:46:32.852+0000][1][safepoint    ] Entering safepoint region: Cleanup
[2019-12-11T08:46:32.852+0000][1][safepoint    ] Leaving safepoint region
[2019-12-11T08:46:32.852+0000][1][safepoint    ] Total time for which application threads were stopped: 0.0001300 seconds, Stopping threads took: 0.0000262 seconds
[2019-12-11T08:46:33.854+0000][1][safepoint    ] Application time: 1.0019321 seconds
[2019-12-11T08:46:33.854+0000][1][safepoint    ] Entering safepoint region: Cleanup
[2019-12-11T08:46:33.854+0000][1][safepoint    ] Leaving safepoint region
[2019-12-11T08:46:33.854+0000][1][safepoint    ] Total time for which application threads were stopped: 0.0001244 seconds, Stopping threads took: 0.0000292 seconds
[2019-12-11T08:46:34.857+0000][1][safepoint    ] Application time: 1.0028048 seconds
[2019-12-11T08:46:34.857+0000][1][safepoint    ] Entering safepoint region: Cleanup
[2019-12-11T08:46:34.857+0000][1][safepoint    ] Leaving safepoint region
[2019-12-11T08:46:34.857+0000][1][safepoint    ] Total time for which application threads were stopped: 0.0001092 seconds, Stopping threads took: 0.0000249 seconds
[2019-12-11T08:46:35.860+0000][1][safepoint    ] Application time: 1.0027775 seconds
[2019-12-11T08:46:35.860+0000][1][safepoint    ] Entering safepoint region: Cleanup
[2019-12-11T08:46:35.860+0000][1][safepoint    ] Leaving safepoint region
[2019-12-11T08:46:35.860+0000][1][safepoint    ] Total time for which application threads were stopped: 0.0001132 seconds, Stopping threads took: 0.0000248 seconds
[2019-12-11T08:46:36.861+0000][1][safepoint    ] Application time: 1.0011848 seconds
[2019-12-11T08:46:36.861+0000][1][safepoint    ] Entering safepoint region: Cleanup
[2019-12-11T08:46:36.861+0000][1][safepoint    ] Leaving safepoint region
[2019-12-11T08:46:36.861+0000][1][safepoint    ] Total time for which application threads were stopped: 0.0001178 seconds, Stopping threads took: 0.0000260 seconds
[2019-12-11T08:46:37.863+0000][1][safepoint    ] Application time: 1.0014285 seconds
[2019-12-11T08:46:37.863+0000][1][safepoint    ] Entering safepoint region: Cleanup
[2019-12-11T08:46:37.863+0000][1][safepoint    ] Leaving safepoint region
[2019-12-11T08:46:37.863+0000][1][safepoint    ] Total time for which application threads were stopped: 0.0001379 seconds, Stopping threads took: 0.0000270 seconds
[2019-12-11T08:46:38.867+0000][1][safepoint    ] Application time: 1.0037971 seconds
[2019-12-11T08:46:38.867+0000][1][safepoint    ] Entering safepoint region: Cleanup
[2019-12-11T08:46:38.867+0000][1][safepoint    ] Leaving safepoint region
[2019-12-11T08:46:38.867+0000][1][safepoint    ] Total time for which application threads were stopped: 0.0001183 seconds, Stopping threads took: 0.0000254 seconds
[2019-12-11T08:46:39.818+0000][1][safepoint    ] Application time: 0.9511449 seconds
[2019-12-11T08:46:39.818+0000][1][safepoint    ] Entering safepoint region: GenCollectForAllocation
[2019-12-11T08:46:39.818+0000][1][gc,start     ] GC(35) Pause Young (Allocation Failure)
[2019-12-11T08:46:39.818+0000][1][gc,task      ] GC(35) Using 2 workers of 2 for evacuation
[2019-12-11T08:46:39.829+0000][1][gc,age       ] GC(35) Desired survivor size 4456448 bytes, new threshold 6 (max threshold 6)
[2019-12-11T08:46:39.829+0000][1][gc,age       ] GC(35) Age table with threshold 6 (max threshold 6)
[2019-12-11T08:46:39.829+0000][1][gc,age       ] GC(35) - age   1:       7024 bytes,       7024 total
[2019-12-11T08:46:39.829+0000][1][gc,age       ] GC(35) - age   2:       2856 bytes,       9880 total
[2019-12-11T08:46:39.829+0000][1][gc,age       ] GC(35) - age   3:       4080 bytes,      13960 total
[2019-12-11T08:46:39.829+0000][1][gc,age       ] GC(35) - age   4:       1568 bytes,      15528 total
[2019-12-11T08:46:39.829+0000][1][gc,age       ] GC(35) - age   5:       1552 bytes,      17080 total
[2019-12-11T08:46:39.829+0000][1][gc,age       ] GC(35) - age   6:      77184 bytes,      94264 total
[2019-12-11T08:46:39.829+0000][1][gc,heap      ] GC(35) ParNew: 70078K->160K(78656K)
[2019-12-11T08:46:39.829+0000][1][gc,heap      ] GC(35) CMS: 73601K->73610K(174784K)
[2019-12-11T08:46:39.829+0000][1][gc,metaspace ] GC(35) Metaspace: 77623K->77623K(1120256K)
[2019-12-11T08:46:39.829+0000][1][gc           ] GC(35) Pause Young (Allocation Failure) 140M->72M(247M) 11.019ms
[2019-12-11T08:46:39.829+0000][1][gc,cpu       ] GC(35) User=0.01s Sys=0.00s Real=0.01s
[2019-12-11T08:46:39.829+0000][1][safepoint    ] Leaving safepoint region
[2019-12-11T08:46:39.829+0000][1][safepoint    ] Total time for which application threads were stopped: 0.0112419 seconds, Stopping threads took: 0.0000267 seconds
[2019-12-11T08:46:40.831+0000][1][safepoint    ] Application time: 1.0013935 seconds
[2019-12-11T08:46:40.831+0000][1][safepoint    ] Entering safepoint region: Cleanup
[2019-12-11T08:46:40.831+0000][1][safepoint    ] Leaving safepoint region
[2019-12-11T08:46:40.831+0000][1][safepoint    ] Total time for which application threads were stopped: 0.0001178 seconds, Stopping threads took: 0.0000277 seconds
[2019-12-11T08:46:41.832+0000][1][safepoint    ] Application time: 1.0008075 seconds
[2019-12-11T08:46:41.832+0000][1][safepoint    ] Entering safepoint region: Cleanup
[2019-12-11T08:46:41.832+0000][1][safepoint    ] Leaving safepoint region
[2019-12-11T08:46:41.832+0000][1][safepoint    ] Total time for which application threads were stopped: 0.0001282 seconds, Stopping threads took: 0.0000387 seconds
[2019-12-11T08:46:42.833+0000][1][safepoint    ] Application time: 1.0008172 seconds
[2019-12-11T08:46:42.833+0000][1][safepoint    ] Entering safepoint region: Cleanup
[2019-12-11T08:46:42.833+0000][1][safepoint    ] Leaving safepoint region
[2019-12-11T08:46:42.833+0000][1][safepoint    ] Total time for which application threads were stopped: 0.0001229 seconds, Stopping threads took: 0.0000265 seconds
[2019-12-11T08:46:43.835+0000][1][safepoint    ] Application time: 1.0018436 seconds
[2019-12-11T08:46:43.835+0000][1][safepoint    ] Entering safepoint region: Cleanup
[2019-12-11T08:46:43.835+0000][1][safepoint    ] Leaving safepoint region
[2019-12-11T08:46:43.835+0000][1][safepoint    ] Total time for which application threads were stopped: 0.0001231 seconds, Stopping threads took: 0.0000286 seconds
[2019-12-11T08:46:44.836+0000][1][safepoint    ] Application time: 1.0009409 seconds
[2019-12-11T08:46:44.836+0000][1][safepoint    ] Entering safepoint region: Cleanup
[2019-12-11T08:46:44.836+0000][1][safepoint    ] Leaving safepoint region
[2019-12-11T08:46:44.836+0000][1][safepoint    ] Total time for which application threads were stopped: 0.0001117 seconds, Stopping threads took: 0.0000248 seconds
[2019-12-11T08:46:45.838+0000][1][safepoint    ] Application time: 1.0017469 seconds
[2019-12-11T08:46:45.838+0000][1][safepoint    ] Entering safepoint region: Cleanup
[2019-12-11T08:46:45.838+0000][1][safepoint    ] Leaving safepoint region
[2019-12-11T08:46:45.838+0000][1][safepoint    ] Total time for which application threads were stopped: 0.0001366 seconds, Stopping threads took: 0.0000308 seconds
[2019-12-11T08:46:46.842+0000][1][safepoint    ] Application time: 1.0037711 seconds
[2019-12-11T08:46:46.842+0000][1][safepoint    ] Entering safepoint region: Cleanup
[2019-12-11T08:46:46.842+0000][1][safepoint    ] Leaving safepoint region
[2019-12-11T08:46:46.842+0000][1][safepoint    ] Total time for which application threads were stopped: 0.0001155 seconds, Stopping threads took: 0.0000251 seconds
[2019-12-11T08:46:47.844+0000][1][safepoint    ] Application time: 1.0018325 seconds
[2019-12-11T08:46:47.844+0000][1][safepoint    ] Entering safepoint region: Cleanup
[2019-12-11T08:46:47.844+0000][1][safepoint    ] Leaving safepoint region
[2019-12-11T08:46:47.844+0000][1][safepoint    ] Total time for which application threads were stopped: 0.0001323 seconds, Stopping threads took: 0.0000288 seconds
[2019-12-11T08:46:48.845+0000][1][safepoint    ] Application time: 1.0008062 seconds
[2019-12-11T08:46:48.845+0000][1][safepoint    ] Entering safepoint region: Cleanup
[2019-12-11T08:46:48.845+0000][1][safepoint    ] Leaving safepoint region
[2019-12-11T08:46:48.845+0000][1][safepoint    ] Total time for which application threads were stopped: 0.0001289 seconds, Stopping threads took: 0.0000351 seconds
[2019-12-11T08:46:49.848+0000][1][safepoint    ] Application time: 1.0028028 seconds
[2019-12-11T08:46:49.848+0000][1][safepoint    ] Entering safepoint region: Cleanup
[2019-12-11T08:46:49.848+0000][1][safepoint    ] Leaving safepoint region
[2019-12-11T08:46:49.848+0000][1][safepoint    ] Total time for which application threads were stopped: 0.0001164 seconds, Stopping threads took: 0.0000249 seconds
[2019-12-11T08:46:50.848+0000][1][safepoint    ] Application time: 1.0002079 seconds
[2019-12-11T08:46:50.848+0000][1][safepoint    ] Entering safepoint region: Cleanup
[2019-12-11T08:46:50.848+0000][1][safepoint    ] Leaving safepoint region
[2019-12-11T08:46:50.848+0000][1][safepoint    ] Total time for which application threads were stopped: 0.0001355 seconds, Stopping threads took: 0.0000347 seconds
[2019-12-11T08:46:51.851+0000][1][safepoint    ] Application time: 1.0024404 seconds
[2019-12-11T08:46:51.851+0000][1][safepoint    ] Entering safepoint region: Cleanup
[2019-12-11T08:46:51.851+0000][1][safepoint    ] Leaving safepoint region
[2019-12-11T08:46:51.851+0000][1][safepoint    ] Total time for which application threads were stopped: 0.0001308 seconds, Stopping threads took: 0.0000278 seconds
[2019-12-11T08:46:52.855+0000][1][safepoint    ] Application time: 1.0038102 seconds
[2019-12-11T08:46:52.855+0000][1][safepoint    ] Entering safepoint region: Cleanup
[2019-12-11T08:46:52.855+0000][1][safepoint    ] Leaving safepoint region
[2019-12-11T08:46:52.855+0000][1][safepoint    ] Total time for which application threads were stopped: 0.0001482 seconds, Stopping threads took: 0.0000410 seconds
[2019-12-11T08:46:53.859+0000][1][safepoint    ] Application time: 1.0037938 seconds
[2019-12-11T08:46:53.859+0000][1][safepoint    ] Entering safepoint region: Cleanup
[2019-12-11T08:46:53.859+0000][1][safepoint    ] Leaving safepoint region
[2019-12-11T08:46:53.859+0000][1][safepoint    ] Total time for which application threads were stopped: 0.0001266 seconds, Stopping threads took: 0.0000270 seconds
[2019-12-11T08:46:54.861+0000][1][safepoint    ] Application time: 1.0018004 seconds
[2019-12-11T08:46:54.861+0000][1][safepoint    ] Entering safepoint region: Cleanup
[2019-12-11T08:46:54.861+0000][1][safepoint    ] Leaving safepoint region
[2019-12-11T08:46:54.861+0000][1][safepoint    ] Total time for which application threads were stopped: 0.0001357 seconds, Stopping threads took: 0.0000350 seconds
[2019-12-11T08:46:55.862+0000][1][safepoint    ] Application time: 1.0008306 seconds
[2019-12-11T08:46:55.862+0000][1][safepoint    ] Entering safepoint region: Cleanup
[2019-12-11T08:46:55.862+0000][1][safepoint    ] Leaving safepoint region
[2019-12-11T08:46:55.862+0000][1][safepoint    ] Total time for which application threads were stopped: 0.0001266 seconds, Stopping threads took: 0.0000277 seconds
[2019-12-11T08:46:56.864+0000][1][safepoint    ] Application time: 1.0017945 seconds
[2019-12-11T08:46:56.864+0000][1][safepoint    ] Entering safepoint region: Cleanup
[2019-12-11T08:46:56.864+0000][1][safepoint    ] Leaving safepoint region
[2019-12-11T08:46:56.864+0000][1][safepoint    ] Total time for which application threads were stopped: 0.0001288 seconds, Stopping threads took: 0.0000360 seconds
[2019-12-11T08:46:57.865+0000][1][safepoint    ] Application time: 1.0008864 seconds
[2019-12-11T08:46:57.865+0000][1][safepoint    ] Entering safepoint region: Cleanup
[2019-12-11T08:46:57.865+0000][1][safepoint    ] Leaving safepoint region
[2019-12-11T08:46:57.865+0000][1][safepoint    ] Total time for which application threads were stopped: 0.0001222 seconds, Stopping threads took: 0.0000291 seconds
[2019-12-11T08:46:58.866+0000][1][safepoint    ] Application time: 1.0010040 seconds
[2019-12-11T08:46:58.866+0000][1][safepoint    ] Entering safepoint region: Cleanup
[2019-12-11T08:46:58.866+0000][1][safepoint    ] Leaving safepoint region
[2019-12-11T08:46:58.866+0000][1][safepoint    ] Total time for which application threads were stopped: 0.0001085 seconds, Stopping threads took: 0.0000247 seconds
[2019-12-11T08:46:59.867+0000][1][safepoint    ] Application time: 1.0008456 seconds
[2019-12-11T08:46:59.867+0000][1][safepoint    ] Entering safepoint region: Cleanup
[2019-12-11T08:46:59.867+0000][1][safepoint    ] Leaving safepoint region
[2019-12-11T08:46:59.867+0000][1][safepoint    ] Total time for which application threads were stopped: 0.0001232 seconds, Stopping threads took: 0.0000243 seconds
[2019-12-11T08:47:00.870+0000][1][safepoint    ] Application time: 1.0028671 seconds
[2019-12-11T08:47:00.870+0000][1][safepoint    ] Entering safepoint region: Cleanup
[2019-12-11T08:47:00.870+0000][1][safepoint    ] Leaving safepoint region
[2019-12-11T08:47:00.870+0000][1][safepoint    ] Total time for which application threads were stopped: 0.0001189 seconds, Stopping threads took: 0.0000264 seconds
[2019-12-11T08:47:01.873+0000][1][safepoint    ] Application time: 1.0028318 seconds
[2019-12-11T08:47:01.873+0000][1][safepoint    ] Entering safepoint region: Cleanup
[2019-12-11T08:47:01.873+0000][1][safepoint    ] Leaving safepoint region
[2019-12-11T08:47:01.873+0000][1][safepoint    ] Total time for which application threads were stopped: 0.0001299 seconds, Stopping threads took: 0.0000353 seconds
[2019-12-11T08:47:02.874+0000][1][safepoint    ] Application time: 1.0009076 seconds
[2019-12-11T08:47:02.874+0000][1][safepoint    ] Entering safepoint region: Cleanup
[2019-12-11T08:47:02.874+0000][1][safepoint    ] Leaving safepoint region
[2019-12-11T08:47:02.874+0000][1][safepoint    ] Total time for which application threads were stopped: 0.0001262 seconds, Stopping threads took: 0.0000251 seconds
[2019-12-11T08:47:03.875+0000][1][safepoint    ] Application time: 1.0007347 seconds
[2019-12-11T08:47:03.875+0000][1][safepoint    ] Entering safepoint region: Cleanup
[2019-12-11T08:47:03.875+0000][1][safepoint    ] Leaving safepoint region
[2019-12-11T08:47:03.875+0000][1][safepoint    ] Total time for which application threads were stopped: 0.0001103 seconds, Stopping threads took: 0.0000243 seconds
[2019-12-11T08:47:04.877+0000][1][safepoint    ] Application time: 1.0018809 seconds
[2019-12-11T08:47:04.877+0000][1][safepoint    ] Entering safepoint region: Cleanup
[2019-12-11T08:47:04.877+0000][1][safepoint    ] Leaving safepoint region
[2019-12-11T08:47:04.877+0000][1][safepoint    ] Total time for which application threads were stopped: 0.0001285 seconds, Stopping threads took: 0.0000265 seconds
[2019-12-11T08:47:05.880+0000][1][safepoint    ] Application time: 1.0028581 seconds
[2019-12-11T08:47:05.880+0000][1][safepoint    ] Entering safepoint region: Cleanup
[2019-12-11T08:47:05.880+0000][1][safepoint    ] Leaving safepoint region
[2019-12-11T08:47:05.880+0000][1][safepoint    ] Total time for which application threads were stopped: 0.0001216 seconds, Stopping threads took: 0.0000272 seconds
[2019-12-11T08:47:06.881+0000][1][safepoint    ] Application time: 1.0008113 seconds
[2019-12-11T08:47:06.881+0000][1][safepoint    ] Entering safepoint region: Cleanup
[2019-12-11T08:47:06.881+0000][1][safepoint    ] Leaving safepoint region
[2019-12-11T08:47:06.881+0000][1][safepoint    ] Total time for which application threads were stopped: 0.0001116 seconds, Stopping threads took: 0.0000244 seconds
[2019-12-11T08:47:07.884+0000][1][safepoint    ] Application time: 1.0028378 seconds
[2019-12-11T08:47:07.884+0000][1][safepoint    ] Entering safepoint region: Cleanup
[2019-12-11T08:47:07.884+0000][1][safepoint    ] Leaving safepoint region
[2019-12-11T08:47:07.884+0000][1][safepoint    ] Total time for which application threads were stopped: 0.0001230 seconds, Stopping threads took: 0.0000243 seconds
[2019-12-11T08:47:08.886+0000][1][safepoint    ] Application time: 1.0021849 seconds
[2019-12-11T08:47:08.886+0000][1][safepoint    ] Entering safepoint region: Cleanup
[2019-12-11T08:47:08.886+0000][1][safepoint    ] Leaving safepoint region
[2019-12-11T08:47:08.886+0000][1][safepoint    ] Total time for which application threads were stopped: 0.0001141 seconds, Stopping threads took: 0.0000263 seconds
[2019-12-11T08:47:09.889+0000][1][safepoint    ] Application time: 1.0025261 seconds
[2019-12-11T08:47:09.889+0000][1][safepoint    ] Entering safepoint region: Cleanup
[2019-12-11T08:47:09.889+0000][1][safepoint    ] Leaving safepoint region
[2019-12-11T08:47:09.889+0000][1][safepoint    ] Total time for which application threads were stopped: 0.0001212 seconds, Stopping threads took: 0.0000259 seconds
[2019-12-11T08:47:10.890+0000][1][safepoint    ] Application time: 1.0008375 seconds
[2019-12-11T08:47:10.890+0000][1][safepoint    ] Entering safepoint region: Cleanup
[2019-12-11T08:47:10.890+0000][1][safepoint    ] Leaving safepoint region
[2019-12-11T08:47:10.890+0000][1][safepoint    ] Total time for which application threads were stopped: 0.0001145 seconds, Stopping threads took: 0.0000256 seconds
[2019-12-11T08:47:11.891+0000][1][safepoint    ] Application time: 1.0011329 seconds
[2019-12-11T08:47:11.891+0000][1][safepoint    ] Entering safepoint region: Cleanup
[2019-12-11T08:47:11.891+0000][1][safepoint    ] Leaving safepoint region
[2019-12-11T08:47:11.891+0000][1][safepoint    ] Total time for which application threads were stopped: 0.0001244 seconds, Stopping threads took: 0.0000315 seconds
[2019-12-11T08:47:12.892+0000][1][safepoint    ] Application time: 1.0005274 seconds
[2019-12-11T08:47:12.892+0000][1][safepoint    ] Entering safepoint region: Cleanup
[2019-12-11T08:47:12.892+0000][1][safepoint    ] Leaving safepoint region
[2019-12-11T08:47:12.892+0000][1][safepoint    ] Total time for which application threads were stopped: 0.0001113 seconds, Stopping threads took: 0.0000256 seconds
[2019-12-11T08:47:13.893+0000][1][safepoint    ] Application time: 1.0008862 seconds
[2019-12-11T08:47:13.893+0000][1][safepoint    ] Entering safepoint region: Cleanup
[2019-12-11T08:47:13.893+0000][1][safepoint    ] Leaving safepoint region
[2019-12-11T08:47:13.893+0000][1][safepoint    ] Total time for which application threads were stopped: 0.0001248 seconds, Stopping threads took: 0.0000256 seconds
[2019-12-11T08:47:14.894+0000][1][safepoint    ] Application time: 1.0008302 seconds
[2019-12-11T08:47:14.894+0000][1][safepoint    ] Entering safepoint region: Cleanup
[2019-12-11T08:47:14.894+0000][1][safepoint    ] Leaving safepoint region
[2019-12-11T08:47:14.894+0000][1][safepoint    ] Total time for which application threads were stopped: 0.0001218 seconds, Stopping threads took: 0.0000276 seconds
[2019-12-11T08:47:15.895+0000][1][safepoint    ] Application time: 1.0009333 seconds
[2019-12-11T08:47:15.895+0000][1][safepoint    ] Entering safepoint region: Cleanup
[2019-12-11T08:47:15.895+0000][1][safepoint    ] Leaving safepoint region
[2019-12-11T08:47:15.895+0000][1][safepoint    ] Total time for which application threads were stopped: 0.0001116 seconds, Stopping threads took: 0.0000234 seconds
[2019-12-11T08:47:16.899+0000][1][safepoint    ] Application time: 1.0037766 seconds
[2019-12-11T08:47:16.899+0000][1][safepoint    ] Entering safepoint region: Cleanup
[2019-12-11T08:47:16.899+0000][1][safepoint    ] Leaving safepoint region
[2019-12-11T08:47:16.899+0000][1][safepoint    ] Total time for which application threads were stopped: 0.0001175 seconds, Stopping threads took: 0.0000245 seconds
[2019-12-11T08:47:17.901+0000][1][safepoint    ] Application time: 1.0018038 seconds
[2019-12-11T08:47:17.901+0000][1][safepoint    ] Entering safepoint region: Cleanup
[2019-12-11T08:47:17.901+0000][1][safepoint    ] Leaving safepoint region
[2019-12-11T08:47:17.901+0000][1][safepoint    ] Total time for which application threads were stopped: 0.0001074 seconds, Stopping threads took: 0.0000239 seconds
[2019-12-11T08:47:18.905+0000][1][safepoint    ] Application time: 1.0038959 seconds
[2019-12-11T08:47:18.905+0000][1][safepoint    ] Entering safepoint region: Cleanup
[2019-12-11T08:47:18.905+0000][1][safepoint    ] Leaving safepoint region
[2019-12-11T08:47:18.905+0000][1][safepoint    ] Total time for which application threads were stopped: 0.0001169 seconds, Stopping threads took: 0.0000247 seconds
[2019-12-11T08:47:19.910+0000][1][safepoint    ] Application time: 1.0050540 seconds
[2019-12-11T08:47:19.910+0000][1][safepoint    ] Entering safepoint region: Cleanup
[2019-12-11T08:47:19.910+0000][1][safepoint    ] Leaving safepoint region
[2019-12-11T08:47:19.910+0000][1][safepoint    ] Total time for which application threads were stopped: 0.0001141 seconds, Stopping threads took: 0.0000254 seconds
[2019-12-11T08:47:20.911+0000][1][safepoint    ] Application time: 1.0007341 seconds
[2019-12-11T08:47:20.911+0000][1][safepoint    ] Entering safepoint region: Cleanup
[2019-12-11T08:47:20.911+0000][1][safepoint    ] Leaving safepoint region
[2019-12-11T08:47:20.911+0000][1][safepoint    ] Total time for which application threads were stopped: 0.0001163 seconds, Stopping threads took: 0.0000253 seconds
[2019-12-11T08:47:21.913+0000][1][safepoint    ] Application time: 1.0017791 seconds
[2019-12-11T08:47:21.913+0000][1][safepoint    ] Entering safepoint region: Cleanup
[2019-12-11T08:47:21.913+0000][1][safepoint    ] Leaving safepoint region
[2019-12-11T08:47:21.913+0000][1][safepoint    ] Total time for which application threads were stopped: 0.0001193 seconds, Stopping threads took: 0.0000265 seconds
[2019-12-11T08:47:22.913+0000][1][safepoint    ] Application time: 1.0000856 seconds
[2019-12-11T08:47:22.913+0000][1][safepoint    ] Entering safepoint region: Cleanup
[2019-12-11T08:47:22.913+0000][1][safepoint    ] Leaving safepoint region
[2019-12-11T08:47:22.913+0000][1][safepoint    ] Total time for which application threads were stopped: 0.0001349 seconds, Stopping threads took: 0.0000320 seconds
[2019-12-11T08:47:23.914+0000][1][safepoint    ] Application time: 1.0000911 seconds
[2019-12-11T08:47:23.914+0000][1][safepoint    ] Entering safepoint region: Cleanup
[2019-12-11T08:47:23.914+0000][1][safepoint    ] Leaving safepoint region
[2019-12-11T08:47:23.914+0000][1][safepoint    ] Total time for which application threads were stopped: 0.0001420 seconds, Stopping threads took: 0.0000284 seconds
[2019-12-11T08:47:24.915+0000][1][safepoint    ] Application time: 1.0012935 seconds
[2019-12-11T08:47:24.915+0000][1][safepoint    ] Entering safepoint region: Cleanup
[2019-12-11T08:47:24.915+0000][1][safepoint    ] Leaving safepoint region
[2019-12-11T08:47:24.915+0000][1][safepoint    ] Total time for which application threads were stopped: 0.0001283 seconds, Stopping threads took: 0.0000272 seconds
[2019-12-11T08:47:25.917+0000][1][safepoint    ] Application time: 1.0015155 seconds
[2019-12-11T08:47:25.917+0000][1][safepoint    ] Entering safepoint region: Cleanup
[2019-12-11T08:47:25.917+0000][1][safepoint    ] Leaving safepoint region
[2019-12-11T08:47:25.917+0000][1][safepoint    ] Total time for which application threads were stopped: 0.0001396 seconds, Stopping threads took: 0.0000263 seconds
[2019-12-11T08:47:26.921+0000][1][safepoint    ] Application time: 1.0037997 seconds
[2019-12-11T08:47:26.921+0000][1][safepoint    ] Entering safepoint region: Cleanup
[2019-12-11T08:47:26.921+0000][1][safepoint    ] Leaving safepoint region
[2019-12-11T08:47:26.921+0000][1][safepoint    ] Total time for which application threads were stopped: 0.0001158 seconds, Stopping threads took: 0.0000266 seconds
[2019-12-11T08:47:27.923+0000][1][safepoint    ] Application time: 1.0018615 seconds
[2019-12-11T08:47:27.923+0000][1][safepoint    ] Entering safepoint region: Cleanup
[2019-12-11T08:47:27.923+0000][1][safepoint    ] Leaving safepoint region
[2019-12-11T08:47:27.923+0000][1][safepoint    ] Total time for which application threads were stopped: 0.0001166 seconds, Stopping threads took: 0.0000269 seconds
[2019-12-11T08:47:28.924+0000][1][safepoint    ] Application time: 1.0008199 seconds
[2019-12-11T08:47:28.924+0000][1][safepoint    ] Entering safepoint region: Cleanup
[2019-12-11T08:47:28.924+0000][1][safepoint    ] Leaving safepoint region
[2019-12-11T08:47:28.924+0000][1][safepoint    ] Total time for which application threads were stopped: 0.0001152 seconds, Stopping threads took: 0.0000259 seconds
[2019-12-11T08:47:29.925+0000][1][safepoint    ] Application time: 1.0008061 seconds
[2019-12-11T08:47:29.925+0000][1][safepoint    ] Entering safepoint region: Cleanup
[2019-12-11T08:47:29.925+0000][1][safepoint    ] Leaving safepoint region
[2019-12-11T08:47:29.925+0000][1][safepoint    ] Total time for which application threads were stopped: 0.0001260 seconds, Stopping threads took: 0.0000290 seconds
[2019-12-11T08:47:30.926+0000][1][safepoint    ] Application time: 1.0008115 seconds
[2019-12-11T08:47:30.926+0000][1][safepoint    ] Entering safepoint region: Cleanup
[2019-12-11T08:47:30.926+0000][1][safepoint    ] Leaving safepoint region
[2019-12-11T08:47:30.926+0000][1][safepoint    ] Total time for which application threads were stopped: 0.0001375 seconds, Stopping threads took: 0.0000378 seconds
[2019-12-11T08:47:31.930+0000][1][safepoint    ] Application time: 1.0038074 seconds
[2019-12-11T08:47:31.930+0000][1][safepoint    ] Entering safepoint region: Cleanup
[2019-12-11T08:47:31.930+0000][1][safepoint    ] Leaving safepoint region
[2019-12-11T08:47:31.930+0000][1][safepoint    ] Total time for which application threads were stopped: 0.0001495 seconds, Stopping threads took: 0.0000284 seconds
[2019-12-11T08:47:32.931+0000][1][safepoint    ] Application time: 1.0008009 seconds
[2019-12-11T08:47:32.931+0000][1][safepoint    ] Entering safepoint region: Cleanup
[2019-12-11T08:47:32.931+0000][1][safepoint    ] Leaving safepoint region
[2019-12-11T08:47:32.931+0000][1][safepoint    ] Total time for which application threads were stopped: 0.0001320 seconds, Stopping threads took: 0.0000283 seconds
[2019-12-11T08:47:33.934+0000][1][safepoint    ] Application time: 1.0027849 seconds
[2019-12-11T08:47:33.934+0000][1][safepoint    ] Entering safepoint region: Cleanup
[2019-12-11T08:47:33.934+0000][1][safepoint    ] Leaving safepoint region
[2019-12-11T08:47:33.934+0000][1][safepoint    ] Total time for which application threads were stopped: 0.0001250 seconds, Stopping threads took: 0.0000282 seconds
[2019-12-11T08:47:34.939+0000][1][safepoint    ] Application time: 1.0048219 seconds
[2019-12-11T08:47:34.939+0000][1][safepoint    ] Entering safepoint region: Cleanup
[2019-12-11T08:47:34.939+0000][1][safepoint    ] Leaving safepoint region
[2019-12-11T08:47:34.939+0000][1][safepoint    ] Total time for which application threads were stopped: 0.0001275 seconds, Stopping threads took: 0.0000308 seconds
[2019-12-11T08:47:35.940+0000][1][safepoint    ] Application time: 1.0006223 seconds
[2019-12-11T08:47:35.940+0000][1][safepoint    ] Entering safepoint region: Cleanup
[2019-12-11T08:47:35.940+0000][1][safepoint    ] Leaving safepoint region
[2019-12-11T08:47:35.940+0000][1][safepoint    ] Total time for which application threads were stopped: 0.0001467 seconds, Stopping threads took: 0.0000291 seconds
[2019-12-11T08:47:36.944+0000][1][safepoint    ] Application time: 1.0039716 seconds
[2019-12-11T08:47:36.944+0000][1][safepoint    ] Entering safepoint region: Cleanup
[2019-12-11T08:47:36.944+0000][1][safepoint    ] Leaving safepoint region
[2019-12-11T08:47:36.944+0000][1][safepoint    ] Total time for which application threads were stopped: 0.0001418 seconds, Stopping threads took: 0.0000295 seconds
[2019-12-11T08:47:37.945+0000][1][safepoint    ] Application time: 1.0008032 seconds
[2019-12-11T08:47:37.945+0000][1][safepoint    ] Entering safepoint region: Cleanup
[2019-12-11T08:47:37.945+0000][1][safepoint    ] Leaving safepoint region
[2019-12-11T08:47:37.945+0000][1][safepoint    ] Total time for which application threads were stopped: 0.0001246 seconds, Stopping threads took: 0.0000289 seconds
[2019-12-11T08:47:38.947+0000][1][safepoint    ] Application time: 1.0018832 seconds
[2019-12-11T08:47:38.947+0000][1][safepoint    ] Entering safepoint region: Cleanup
[2019-12-11T08:47:38.947+0000][1][safepoint    ] Leaving safepoint region
[2019-12-11T08:47:38.947+0000][1][safepoint    ] Total time for which application threads were stopped: 0.0001203 seconds, Stopping threads took: 0.0000259 seconds
[2019-12-11T08:47:39.948+0000][1][safepoint    ] Application time: 1.0008856 seconds
[2019-12-11T08:47:39.948+0000][1][safepoint    ] Entering safepoint region: Cleanup
[2019-12-11T08:47:39.948+0000][1][safepoint    ] Leaving safepoint region
[2019-12-11T08:47:39.948+0000][1][safepoint    ] Total time for which application threads were stopped: 0.0001377 seconds, Stopping threads took: 0.0000313 seconds
[2019-12-11T08:47:40.951+0000][1][safepoint    ] Application time: 1.0026553 seconds
[2019-12-11T08:47:40.951+0000][1][safepoint    ] Entering safepoint region: Cleanup
[2019-12-11T08:47:40.951+0000][1][safepoint    ] Leaving safepoint region
[2019-12-11T08:47:40.951+0000][1][safepoint    ] Total time for which application threads were stopped: 0.0001233 seconds, Stopping threads took: 0.0000286 seconds
[2019-12-11T08:47:41.954+0000][1][safepoint    ] Application time: 1.0028337 seconds
[2019-12-11T08:47:41.954+0000][1][safepoint    ] Entering safepoint region: Cleanup
[2019-12-11T08:47:41.954+0000][1][safepoint    ] Leaving safepoint region
[2019-12-11T08:47:41.954+0000][1][safepoint    ] Total time for which application threads were stopped: 0.0001271 seconds, Stopping threads took: 0.0000289 seconds
[2019-12-11T08:47:42.956+0000][1][safepoint    ] Application time: 1.0018025 seconds
[2019-12-11T08:47:42.956+0000][1][safepoint    ] Entering safepoint region: Cleanup
[2019-12-11T08:47:42.956+0000][1][safepoint    ] Leaving safepoint region
[2019-12-11T08:47:42.956+0000][1][safepoint    ] Total time for which application threads were stopped: 0.0001234 seconds, Stopping threads took: 0.0000282 seconds
[2019-12-11T08:47:43.959+0000][1][safepoint    ] Application time: 1.0028416 seconds
[2019-12-11T08:47:43.959+0000][1][safepoint    ] Entering safepoint region: Cleanup
[2019-12-11T08:47:43.959+0000][1][safepoint    ] Leaving safepoint region
[2019-12-11T08:47:43.959+0000][1][safepoint    ] Total time for which application threads were stopped: 0.0001360 seconds, Stopping threads took: 0.0000255 seconds
[2019-12-11T08:47:44.961+0000][1][safepoint    ] Application time: 1.0017737 seconds
[2019-12-11T08:47:44.961+0000][1][safepoint    ] Entering safepoint region: Cleanup
[2019-12-11T08:47:44.961+0000][1][safepoint    ] Leaving safepoint region
[2019-12-11T08:47:44.961+0000][1][safepoint    ] Total time for which application threads were stopped: 0.0001224 seconds, Stopping threads took: 0.0000253 seconds
[2019-12-11T08:47:45.963+0000][1][safepoint    ] Application time: 1.0018177 seconds
[2019-12-11T08:47:45.963+0000][1][safepoint    ] Entering safepoint region: Cleanup
[2019-12-11T08:47:45.963+0000][1][safepoint    ] Leaving safepoint region
[2019-12-11T08:47:45.963+0000][1][safepoint    ] Total time for which application threads were stopped: 0.0001240 seconds, Stopping threads took: 0.0000279 seconds
[2019-12-11T08:47:46.964+0000][1][safepoint    ] Application time: 1.0008242 seconds
[2019-12-11T08:47:46.964+0000][1][safepoint    ] Entering safepoint region: Cleanup
[2019-12-11T08:47:46.964+0000][1][safepoint    ] Leaving safepoint region
[2019-12-11T08:47:46.964+0000][1][safepoint    ] Total time for which application threads were stopped: 0.0001139 seconds, Stopping threads took: 0.0000269 seconds
[2019-12-11T08:47:47.965+0000][1][safepoint    ] Application time: 1.0008207 seconds
[2019-12-11T08:47:47.965+0000][1][safepoint    ] Entering safepoint region: Cleanup
[2019-12-11T08:47:47.965+0000][1][safepoint    ] Leaving safepoint region
[2019-12-11T08:47:47.965+0000][1][safepoint    ] Total time for which application threads were stopped: 0.0001220 seconds, Stopping threads took: 0.0000277 seconds
[2019-12-11T08:47:48.966+0000][1][safepoint    ] Application time: 1.0008213 seconds
[2019-12-11T08:47:48.966+0000][1][safepoint    ] Entering safepoint region: Cleanup
[2019-12-11T08:47:48.966+0000][1][safepoint    ] Leaving safepoint region
[2019-12-11T08:47:48.966+0000][1][safepoint    ] Total time for which application threads were stopped: 0.0001299 seconds, Stopping threads took: 0.0000283 seconds
[2019-12-11T08:47:49.968+0000][1][safepoint    ] Application time: 1.0018123 seconds
[2019-12-11T08:47:49.968+0000][1][safepoint    ] Entering safepoint region: Cleanup
[2019-12-11T08:47:49.968+0000][1][safepoint    ] Leaving safepoint region
[2019-12-11T08:47:49.968+0000][1][safepoint    ] Total time for which application threads were stopped: 0.0001349 seconds, Stopping threads took: 0.0000297 seconds
[2019-12-11T08:47:50.969+0000][1][safepoint    ] Application time: 1.0008658 seconds
[2019-12-11T08:47:50.969+0000][1][safepoint    ] Entering safepoint region: Cleanup
[2019-12-11T08:47:50.969+0000][1][safepoint    ] Leaving safepoint region
[2019-12-11T08:47:50.969+0000][1][safepoint    ] Total time for which application threads were stopped: 0.0001316 seconds, Stopping threads took: 0.0000299 seconds
[2019-12-11T08:47:51.973+0000][1][safepoint    ] Application time: 1.0037542 seconds
[2019-12-11T08:47:51.973+0000][1][safepoint    ] Entering safepoint region: Cleanup
[2019-12-11T08:47:51.973+0000][1][safepoint    ] Leaving safepoint region
[2019-12-11T08:47:51.973+0000][1][safepoint    ] Total time for which application threads were stopped: 0.0001145 seconds, Stopping threads took: 0.0000265 seconds
[2019-12-11T08:47:52.977+0000][1][safepoint    ] Application time: 1.0038161 seconds
[2019-12-11T08:47:52.977+0000][1][safepoint    ] Entering safepoint region: Cleanup
[2019-12-11T08:47:52.977+0000][1][safepoint    ] Leaving safepoint region
[2019-12-11T08:47:52.977+0000][1][safepoint    ] Total time for which application threads were stopped: 0.0001281 seconds, Stopping threads took: 0.0000316 seconds
[2019-12-11T08:47:53.979+0000][1][safepoint    ] Application time: 1.0018007 seconds
[2019-12-11T08:47:53.979+0000][1][safepoint    ] Entering safepoint region: Cleanup
[2019-12-11T08:47:53.979+0000][1][safepoint    ] Leaving safepoint region
[2019-12-11T08:47:53.979+0000][1][safepoint    ] Total time for which application threads were stopped: 0.0001284 seconds, Stopping threads took: 0.0000295 seconds
[2019-12-11T08:47:54.981+0000][1][safepoint    ] Application time: 1.0018017 seconds
[2019-12-11T08:47:54.981+0000][1][safepoint    ] Entering safepoint region: Cleanup
[2019-12-11T08:47:54.981+0000][1][safepoint    ] Leaving safepoint region
[2019-12-11T08:47:54.981+0000][1][safepoint    ] Total time for which application threads were stopped: 0.0001282 seconds, Stopping threads took: 0.0000326 seconds
[2019-12-11T08:47:55.982+0000][1][safepoint    ] Application time: 1.0009520 seconds
[2019-12-11T08:47:55.982+0000][1][safepoint    ] Entering safepoint region: Cleanup
[2019-12-11T08:47:55.982+0000][1][safepoint    ] Leaving safepoint region
[2019-12-11T08:47:55.982+0000][1][safepoint    ] Total time for which application threads were stopped: 0.0001317 seconds, Stopping threads took: 0.0000286 seconds
[2019-12-11T08:47:56.985+0000][1][safepoint    ] Application time: 1.0026782 seconds
[2019-12-11T08:47:56.985+0000][1][safepoint    ] Entering safepoint region: Cleanup
[2019-12-11T08:47:56.985+0000][1][safepoint    ] Leaving safepoint region
[2019-12-11T08:47:56.985+0000][1][safepoint    ] Total time for which application threads were stopped: 0.0001164 seconds, Stopping threads took: 0.0000260 seconds
[2019-12-11T08:47:57.986+0000][1][safepoint    ] Application time: 1.0008316 seconds
[2019-12-11T08:47:57.986+0000][1][safepoint    ] Entering safepoint region: Cleanup
[2019-12-11T08:47:57.986+0000][1][safepoint    ] Leaving safepoint region
[2019-12-11T08:47:57.986+0000][1][safepoint    ] Total time for which application threads were stopped: 0.0001284 seconds, Stopping threads took: 0.0000297 seconds
[2019-12-11T08:47:58.987+0000][1][safepoint    ] Application time: 1.0008133 seconds
[2019-12-11T08:47:58.987+0000][1][safepoint    ] Entering safepoint region: Cleanup
[2019-12-11T08:47:58.987+0000][1][safepoint    ] Leaving safepoint region
[2019-12-11T08:47:58.987+0000][1][safepoint    ] Total time for which application threads were stopped: 0.0001288 seconds, Stopping threads took: 0.0000300 seconds
[2019-12-11T08:47:59.988+0000][1][safepoint    ] Application time: 1.0008778 seconds
[2019-12-11T08:47:59.988+0000][1][safepoint    ] Entering safepoint region: Cleanup
[2019-12-11T08:47:59.988+0000][1][safepoint    ] Leaving safepoint region
[2019-12-11T08:47:59.988+0000][1][safepoint    ] Total time for which application threads were stopped: 0.0001322 seconds, Stopping threads took: 0.0000298 seconds
[2019-12-11T08:48:00.991+0000][1][safepoint    ] Application time: 1.0027355 seconds
[2019-12-11T08:48:00.991+0000][1][safepoint    ] Entering safepoint region: Cleanup
[2019-12-11T08:48:00.991+0000][1][safepoint    ] Leaving safepoint region
[2019-12-11T08:48:00.991+0000][1][safepoint    ] Total time for which application threads were stopped: 0.0001296 seconds, Stopping threads took: 0.0000266 seconds
[2019-12-11T08:48:01.995+0000][1][safepoint    ] Application time: 1.0036403 seconds
[2019-12-11T08:48:01.995+0000][1][safepoint    ] Entering safepoint region: Cleanup
[2019-12-11T08:48:01.995+0000][1][safepoint    ] Leaving safepoint region
[2019-12-11T08:48:01.995+0000][1][safepoint    ] Total time for which application threads were stopped: 0.0001323 seconds, Stopping threads took: 0.0000260 seconds
[2019-12-11T08:48:02.996+0000][1][safepoint    ] Application time: 1.0009754 seconds
[2019-12-11T08:48:02.996+0000][1][safepoint    ] Entering safepoint region: Cleanup
[2019-12-11T08:48:02.996+0000][1][safepoint    ] Leaving safepoint region
[2019-12-11T08:48:02.996+0000][1][safepoint    ] Total time for which application threads were stopped: 0.0001392 seconds, Stopping threads took: 0.0000289 seconds
[2019-12-11T08:48:03.997+0000][1][safepoint    ] Application time: 1.0007943 seconds
[2019-12-11T08:48:03.997+0000][1][safepoint    ] Entering safepoint region: Cleanup
[2019-12-11T08:48:03.997+0000][1][safepoint    ] Leaving safepoint region
[2019-12-11T08:48:03.997+0000][1][safepoint    ] Total time for which application threads were stopped: 0.0001426 seconds, Stopping threads took: 0.0000298 seconds
[2019-12-11T08:48:04.999+0000][1][safepoint    ] Application time: 1.0017941 seconds
[2019-12-11T08:48:04.999+0000][1][safepoint    ] Entering safepoint region: Cleanup
[2019-12-11T08:48:04.999+0000][1][safepoint    ] Leaving safepoint region
[2019-12-11T08:48:04.999+0000][1][safepoint    ] Total time for which application threads were stopped: 0.0001268 seconds, Stopping threads took: 0.0000291 seconds
[2019-12-11T08:48:06.001+0000][1][safepoint    ] Application time: 1.0022953 seconds
[2019-12-11T08:48:06.001+0000][1][safepoint    ] Entering safepoint region: Cleanup
[2019-12-11T08:48:06.001+0000][1][safepoint    ] Leaving safepoint region
[2019-12-11T08:48:06.001+0000][1][safepoint    ] Total time for which application threads were stopped: 0.0001346 seconds, Stopping threads took: 0.0000294 seconds
[2019-12-11T08:48:07.002+0000][1][safepoint    ] Application time: 1.0006459 seconds
[2019-12-11T08:48:07.002+0000][1][safepoint    ] Entering safepoint region: Cleanup
[2019-12-11T08:48:07.002+0000][1][safepoint    ] Leaving safepoint region
[2019-12-11T08:48:07.002+0000][1][safepoint    ] Total time for which application threads were stopped: 0.0001231 seconds, Stopping threads took: 0.0000277 seconds
[2019-12-11T08:48:08.231+0000][1][safepoint    ] Application time: 1.2284559 seconds
[2019-12-11T08:48:08.231+0000][1][safepoint    ] Entering safepoint region: Cleanup
[2019-12-11T08:48:08.231+0000][1][safepoint    ] Leaving safepoint region
[2019-12-11T08:48:08.231+0000][1][safepoint    ] Total time for which application threads were stopped: 0.0001240 seconds, Stopping threads took: 0.0000261 seconds
[2019-12-11T08:48:09.232+0000][1][safepoint    ] Application time: 1.0008276 seconds
[2019-12-11T08:48:09.232+0000][1][safepoint    ] Entering safepoint region: Cleanup
[2019-12-11T08:48:09.232+0000][1][safepoint    ] Leaving safepoint region
[2019-12-11T08:48:09.232+0000][1][safepoint    ] Total time for which application threads were stopped: 0.0001244 seconds, Stopping threads took: 0.0000275 seconds
[2019-12-11T08:48:10.236+0000][1][safepoint    ] Application time: 1.0038154 seconds
[2019-12-11T08:48:10.236+0000][1][safepoint    ] Entering safepoint region: Cleanup
[2019-12-11T08:48:10.236+0000][1][safepoint    ] Leaving safepoint region
[2019-12-11T08:48:10.236+0000][1][safepoint    ] Total time for which application threads were stopped: 0.0001299 seconds, Stopping threads took: 0.0000279 seconds
[2019-12-11T08:48:11.237+0000][1][safepoint    ] Application time: 1.0008005 seconds
[2019-12-11T08:48:11.237+0000][1][safepoint    ] Entering safepoint region: Cleanup
[2019-12-11T08:48:11.237+0000][1][safepoint    ] Leaving safepoint region
[2019-12-11T08:48:11.237+0000][1][safepoint    ] Total time for which application threads were stopped: 0.0001199 seconds, Stopping threads took: 0.0000272 seconds
[2019-12-11T08:48:12.238+0000][1][safepoint    ] Application time: 1.0009159 seconds
[2019-12-11T08:48:12.238+0000][1][safepoint    ] Entering safepoint region: Cleanup
[2019-12-11T08:48:12.238+0000][1][safepoint    ] Leaving safepoint region
[2019-12-11T08:48:12.238+0000][1][safepoint    ] Total time for which application threads were stopped: 0.0001178 seconds, Stopping threads took: 0.0000270 seconds
[2019-12-11T08:48:13.241+0000][1][safepoint    ] Application time: 1.0027487 seconds
[2019-12-11T08:48:13.241+0000][1][safepoint    ] Entering safepoint region: Cleanup
[2019-12-11T08:48:13.241+0000][1][safepoint    ] Leaving safepoint region
[2019-12-11T08:48:13.241+0000][1][safepoint    ] Total time for which application threads were stopped: 0.0001441 seconds, Stopping threads took: 0.0000272 seconds
[2019-12-11T08:48:14.242+0000][1][safepoint    ] Application time: 1.0008179 seconds
[2019-12-11T08:48:14.242+0000][1][safepoint    ] Entering safepoint region: Cleanup
[2019-12-11T08:48:14.242+0000][1][safepoint    ] Leaving safepoint region
[2019-12-11T08:48:14.242+0000][1][safepoint    ] Total time for which application threads were stopped: 0.0001265 seconds, Stopping threads took: 0.0000286 seconds
[2019-12-11T08:48:15.243+0000][1][safepoint    ] Application time: 1.0008341 seconds
[2019-12-11T08:48:15.243+0000][1][safepoint    ] Entering safepoint region: Cleanup
[2019-12-11T08:48:15.243+0000][1][safepoint    ] Leaving safepoint region
[2019-12-11T08:48:15.243+0000][1][safepoint    ] Total time for which application threads were stopped: 0.0001321 seconds, Stopping threads took: 0.0000291 seconds
[2019-12-11T08:48:16.244+0000][1][safepoint    ] Application time: 1.0007403 seconds
[2019-12-11T08:48:16.244+0000][1][safepoint    ] Entering safepoint region: Cleanup
[2019-12-11T08:48:16.244+0000][1][safepoint    ] Leaving safepoint region
[2019-12-11T08:48:16.244+0000][1][safepoint    ] Total time for which application threads were stopped: 0.0001156 seconds, Stopping threads took: 0.0000267 seconds
[2019-12-11T08:48:17.245+0000][1][safepoint    ] Application time: 1.0008337 seconds
[2019-12-11T08:48:17.245+0000][1][safepoint    ] Entering safepoint region: Cleanup
[2019-12-11T08:48:17.245+0000][1][safepoint    ] Leaving safepoint region
[2019-12-11T08:48:17.245+0000][1][safepoint    ] Total time for which application threads were stopped: 0.0001273 seconds, Stopping threads took: 0.0000283 seconds
[2019-12-11T08:48:18.249+0000][1][safepoint    ] Application time: 1.0038700 seconds
[2019-12-11T08:48:18.249+0000][1][safepoint    ] Entering safepoint region: Cleanup
[2019-12-11T08:48:18.249+0000][1][safepoint    ] Leaving safepoint region
[2019-12-11T08:48:18.249+0000][1][safepoint    ] Total time for which application threads were stopped: 0.0001255 seconds, Stopping threads took: 0.0000265 seconds
[2019-12-11T08:48:19.252+0000][1][safepoint    ] Application time: 1.0028327 seconds
[2019-12-11T08:48:19.252+0000][1][safepoint    ] Entering safepoint region: Cleanup
[2019-12-11T08:48:19.252+0000][1][safepoint    ] Leaving safepoint region
[2019-12-11T08:48:19.252+0000][1][safepoint    ] Total time for which application threads were stopped: 0.0001147 seconds, Stopping threads took: 0.0000259 seconds
[2019-12-11T08:48:20.253+0000][1][safepoint    ] Application time: 1.0007699 seconds
[2019-12-11T08:48:20.253+0000][1][safepoint    ] Entering safepoint region: Cleanup
[2019-12-11T08:48:20.253+0000][1][safepoint    ] Leaving safepoint region
[2019-12-11T08:48:20.253+0000][1][safepoint    ] Total time for which application threads were stopped: 0.0001293 seconds, Stopping threads took: 0.0000266 seconds
[2019-12-11T08:48:21.255+0000][1][safepoint    ] Application time: 1.0018085 seconds
[2019-12-11T08:48:21.255+0000][1][safepoint    ] Entering safepoint region: Cleanup
[2019-12-11T08:48:21.255+0000][1][safepoint    ] Leaving safepoint region
[2019-12-11T08:48:21.255+0000][1][safepoint    ] Total time for which application threads were stopped: 0.0001214 seconds, Stopping threads took: 0.0000270 seconds
[2019-12-11T08:48:22.257+0000][1][safepoint    ] Application time: 1.0018086 seconds
[2019-12-11T08:48:22.257+0000][1][safepoint    ] Entering safepoint region: Cleanup
[2019-12-11T08:48:22.257+0000][1][safepoint    ] Leaving safepoint region
[2019-12-11T08:48:22.257+0000][1][safepoint    ] Total time for which application threads were stopped: 0.0001239 seconds, Stopping threads took: 0.0000284 seconds
[2019-12-11T08:48:23.257+0000][1][safepoint    ] Application time: 1.0000956 seconds
[2019-12-11T08:48:23.257+0000][1][safepoint    ] Entering safepoint region: Cleanup
[2019-12-11T08:48:23.257+0000][1][safepoint    ] Leaving safepoint region
[2019-12-11T08:48:23.257+0000][1][safepoint    ] Total time for which application threads were stopped: 0.0001147 seconds, Stopping threads took: 0.0000249 seconds
[2019-12-11T08:48:24.258+0000][1][safepoint    ] Application time: 1.0006002 seconds
[2019-12-11T08:48:24.258+0000][1][safepoint    ] Entering safepoint region: Cleanup
[2019-12-11T08:48:24.258+0000][1][safepoint    ] Leaving safepoint region
[2019-12-11T08:48:24.258+0000][1][safepoint    ] Total time for which application threads were stopped: 0.0001080 seconds, Stopping threads took: 0.0000241 seconds
[2019-12-11T08:48:25.258+0000][1][safepoint    ] Application time: 1.0000438 seconds
[2019-12-11T08:48:25.258+0000][1][safepoint    ] Entering safepoint region: Cleanup
[2019-12-11T08:48:25.258+0000][1][safepoint    ] Leaving safepoint region
[2019-12-11T08:48:25.258+0000][1][safepoint    ] Total time for which application threads were stopped: 0.0001167 seconds, Stopping threads took: 0.0000294 seconds
[2019-12-11T08:48:26.261+0000][1][safepoint    ] Application time: 1.0033405 seconds
[2019-12-11T08:48:26.262+0000][1][safepoint    ] Entering safepoint region: Cleanup
[2019-12-11T08:48:26.262+0000][1][safepoint    ] Leaving safepoint region
[2019-12-11T08:48:26.262+0000][1][safepoint    ] Total time for which application threads were stopped: 0.0001260 seconds, Stopping threads took: 0.0000256 seconds
[2019-12-11T08:48:27.264+0000][1][safepoint    ] Application time: 1.0021666 seconds
[2019-12-11T08:48:27.264+0000][1][safepoint    ] Entering safepoint region: Cleanup
[2019-12-11T08:48:27.264+0000][1][safepoint    ] Leaving safepoint region
[2019-12-11T08:48:27.264+0000][1][safepoint    ] Total time for which application threads were stopped: 0.0001319 seconds, Stopping threads took: 0.0000267 seconds
[2019-12-11T08:48:28.267+0000][1][safepoint    ] Application time: 1.0027354 seconds
[2019-12-11T08:48:28.267+0000][1][safepoint    ] Entering safepoint region: Cleanup
[2019-12-11T08:48:28.267+0000][1][safepoint    ] Leaving safepoint region
[2019-12-11T08:48:28.267+0000][1][safepoint    ] Total time for which application threads were stopped: 0.0001321 seconds, Stopping threads took: 0.0000376 seconds
[2019-12-11T08:48:29.269+0000][1][safepoint    ] Application time: 1.0018086 seconds
[2019-12-11T08:48:29.269+0000][1][safepoint    ] Entering safepoint region: Cleanup
[2019-12-11T08:48:29.269+0000][1][safepoint    ] Leaving safepoint region
[2019-12-11T08:48:29.269+0000][1][safepoint    ] Total time for which application threads were stopped: 0.0001320 seconds, Stopping threads took: 0.0000357 seconds
[2019-12-11T08:48:30.270+0000][1][safepoint    ] Application time: 1.0008785 seconds
[2019-12-11T08:48:30.270+0000][1][safepoint    ] Entering safepoint region: Cleanup
[2019-12-11T08:48:30.270+0000][1][safepoint    ] Leaving safepoint region
[2019-12-11T08:48:30.270+0000][1][safepoint    ] Total time for which application threads were stopped: 0.0001106 seconds, Stopping threads took: 0.0000243 seconds
[2019-12-11T08:48:31.273+0000][1][safepoint    ] Application time: 1.0029335 seconds
[2019-12-11T08:48:31.273+0000][1][safepoint    ] Entering safepoint region: Cleanup
[2019-12-11T08:48:31.273+0000][1][safepoint    ] Leaving safepoint region
[2019-12-11T08:48:31.273+0000][1][safepoint    ] Total time for which application threads were stopped: 0.0001122 seconds, Stopping threads took: 0.0000254 seconds
[2019-12-11T08:48:32.274+0000][1][safepoint    ] Application time: 1.0006954 seconds
[2019-12-11T08:48:32.274+0000][1][safepoint    ] Entering safepoint region: Cleanup
[2019-12-11T08:48:32.274+0000][1][safepoint    ] Leaving safepoint region
[2019-12-11T08:48:32.274+0000][1][safepoint    ] Total time for which application threads were stopped: 0.0001227 seconds, Stopping threads took: 0.0000260 seconds
[2019-12-11T08:48:33.274+0000][1][safepoint    ] Application time: 1.0000853 seconds
[2019-12-11T08:48:33.274+0000][1][safepoint    ] Entering safepoint region: Cleanup
[2019-12-11T08:48:33.274+0000][1][safepoint    ] Leaving safepoint region
[2019-12-11T08:48:33.274+0000][1][safepoint    ] Total time for which application threads were stopped: 0.0001203 seconds, Stopping threads took: 0.0000264 seconds
[2019-12-11T08:48:34.278+0000][1][safepoint    ] Application time: 1.0035749 seconds
[2019-12-11T08:48:34.278+0000][1][safepoint    ] Entering safepoint region: Cleanup
[2019-12-11T08:48:34.278+0000][1][safepoint    ] Leaving safepoint region
[2019-12-11T08:48:34.278+0000][1][safepoint    ] Total time for which application threads were stopped: 0.0001245 seconds, Stopping threads took: 0.0000268 seconds
[2019-12-11T08:48:34.869+0000][1][safepoint    ] Application time: 0.5906733 seconds
[2019-12-11T08:48:34.869+0000][1][safepoint    ] Entering safepoint region: GenCollectForAllocation
[2019-12-11T08:48:34.869+0000][1][gc,start     ] GC(36) Pause Young (Allocation Failure)
[2019-12-11T08:48:34.869+0000][1][gc,task      ] GC(36) Using 2 workers of 2 for evacuation
[2019-12-11T08:48:34.881+0000][1][gc,age       ] GC(36) Desired survivor size 4456448 bytes, new threshold 6 (max threshold 6)
[2019-12-11T08:48:34.881+0000][1][gc,age       ] GC(36) Age table with threshold 6 (max threshold 6)
[2019-12-11T08:48:34.881+0000][1][gc,age       ] GC(36) - age   1:       8136 bytes,       8136 total
[2019-12-11T08:48:34.881+0000][1][gc,age       ] GC(36) - age   2:        864 bytes,       9000 total
[2019-12-11T08:48:34.881+0000][1][gc,age       ] GC(36) - age   3:       2736 bytes,      11736 total
[2019-12-11T08:48:34.881+0000][1][gc,age       ] GC(36) - age   4:       4080 bytes,      15816 total
[2019-12-11T08:48:34.881+0000][1][gc,age       ] GC(36) - age   5:       1568 bytes,      17384 total
[2019-12-11T08:48:34.881+0000][1][gc,age       ] GC(36) - age   6:       1552 bytes,      18936 total
[2019-12-11T08:48:34.881+0000][1][gc,heap      ] GC(36) ParNew: 70112K->61K(78656K)
[2019-12-11T08:48:34.881+0000][1][gc,heap      ] GC(36) CMS: 73610K->73687K(174784K)
[2019-12-11T08:48:34.881+0000][1][gc,metaspace ] GC(36) Metaspace: 77641K->77641K(1120256K)
[2019-12-11T08:48:34.881+0000][1][gc           ] GC(36) Pause Young (Allocation Failure) 140M->72M(247M) 11.874ms
[2019-12-11T08:48:34.881+0000][1][gc,cpu       ] GC(36) User=0.00s Sys=0.00s Real=0.01s
[2019-12-11T08:48:34.881+0000][1][safepoint    ] Leaving safepoint region
[2019-12-11T08:48:34.881+0000][1][safepoint    ] Total time for which application threads were stopped: 0.0121252 seconds, Stopping threads took: 0.0000236 seconds
[2019-12-11T08:48:35.882+0000][1][safepoint    ] Application time: 1.0009964 seconds
[2019-12-11T08:48:35.882+0000][1][safepoint    ] Entering safepoint region: Cleanup
[2019-12-11T08:48:35.882+0000][1][safepoint    ] Leaving safepoint region
[2019-12-11T08:48:35.882+0000][1][safepoint    ] Total time for which application threads were stopped: 0.0001262 seconds, Stopping threads took: 0.0000268 seconds
[2019-12-11T08:48:36.883+0000][1][safepoint    ] Application time: 1.0008151 seconds
[2019-12-11T08:48:36.883+0000][1][safepoint    ] Entering safepoint region: Cleanup
[2019-12-11T08:48:36.883+0000][1][safepoint    ] Leaving safepoint region
[2019-12-11T08:48:36.883+0000][1][safepoint    ] Total time for which application threads were stopped: 0.0001185 seconds, Stopping threads took: 0.0000280 seconds
[2019-12-11T08:48:37.884+0000][1][safepoint    ] Application time: 1.0008141 seconds
[2019-12-11T08:48:37.884+0000][1][safepoint    ] Entering safepoint region: Cleanup
[2019-12-11T08:48:37.884+0000][1][safepoint    ] Leaving safepoint region
[2019-12-11T08:48:37.884+0000][1][safepoint    ] Total time for which application threads were stopped: 0.0001259 seconds, Stopping threads took: 0.0000280 seconds
[2019-12-11T08:48:38.885+0000][1][safepoint    ] Application time: 1.0008106 seconds
[2019-12-11T08:48:38.885+0000][1][safepoint    ] Entering safepoint region: Cleanup
[2019-12-11T08:48:38.885+0000][1][safepoint    ] Leaving safepoint region
[2019-12-11T08:48:38.885+0000][1][safepoint    ] Total time for which application threads were stopped: 0.0001163 seconds, Stopping threads took: 0.0000255 seconds
[2019-12-11T08:48:39.889+0000][1][safepoint    ] Application time: 1.0039399 seconds
[2019-12-11T08:48:39.889+0000][1][safepoint    ] Entering safepoint region: Cleanup
[2019-12-11T08:48:39.889+0000][1][safepoint    ] Leaving safepoint region
[2019-12-11T08:48:39.889+0000][1][safepoint    ] Total time for which application threads were stopped: 0.0001293 seconds, Stopping threads took: 0.0000278 seconds
[2019-12-11T08:48:40.891+0000][1][safepoint    ] Application time: 1.0019309 seconds
[2019-12-11T08:48:40.891+0000][1][safepoint    ] Entering safepoint region: Cleanup
[2019-12-11T08:48:40.891+0000][1][safepoint    ] Leaving safepoint region
[2019-12-11T08:48:40.891+0000][1][safepoint    ] Total time for which application threads were stopped: 0.0001297 seconds, Stopping threads took: 0.0000289 seconds
[2019-12-11T08:48:41.892+0000][1][safepoint    ] Application time: 1.0005549 seconds
[2019-12-11T08:48:41.892+0000][1][safepoint    ] Entering safepoint region: Cleanup
[2019-12-11T08:48:41.892+0000][1][safepoint    ] Leaving safepoint region
[2019-12-11T08:48:41.892+0000][1][safepoint    ] Total time for which application threads were stopped: 0.0001136 seconds, Stopping threads took: 0.0000263 seconds
[2019-12-11T08:48:42.893+0000][1][safepoint    ] Application time: 1.0008373 seconds
[2019-12-11T08:48:42.893+0000][1][safepoint    ] Entering safepoint region: Cleanup
[2019-12-11T08:48:42.893+0000][1][safepoint    ] Leaving safepoint region
[2019-12-11T08:48:42.893+0000][1][safepoint    ] Total time for which application threads were stopped: 0.0001265 seconds, Stopping threads took: 0.0000283 seconds
[2019-12-11T08:48:43.894+0000][1][safepoint    ] Application time: 1.0008107 seconds
[2019-12-11T08:48:43.894+0000][1][safepoint    ] Entering safepoint region: Cleanup
[2019-12-11T08:48:43.894+0000][1][safepoint    ] Leaving safepoint region
[2019-12-11T08:48:43.894+0000][1][safepoint    ] Total time for which application threads were stopped: 0.0001246 seconds, Stopping threads took: 0.0000281 seconds
[2019-12-11T08:48:44.898+0000][1][safepoint    ] Application time: 1.0038466 seconds
[2019-12-11T08:48:44.898+0000][1][safepoint    ] Entering safepoint region: Cleanup
[2019-12-11T08:48:44.898+0000][1][safepoint    ] Leaving safepoint region
[2019-12-11T08:48:44.898+0000][1][safepoint    ] Total time for which application threads were stopped: 0.0001205 seconds, Stopping threads took: 0.0000260 seconds
[2019-12-11T08:48:45.899+0000][1][safepoint    ] Application time: 1.0007876 seconds
[2019-12-11T08:48:45.899+0000][1][safepoint    ] Entering safepoint region: Cleanup
[2019-12-11T08:48:45.899+0000][1][safepoint    ] Leaving safepoint region
[2019-12-11T08:48:45.899+0000][1][safepoint    ] Total time for which application threads were stopped: 0.0001178 seconds, Stopping threads took: 0.0000278 seconds
[2019-12-11T08:48:46.900+0000][1][safepoint    ] Application time: 1.0012010 seconds
[2019-12-11T08:48:46.900+0000][1][safepoint    ] Entering safepoint region: Cleanup
[2019-12-11T08:48:46.900+0000][1][safepoint    ] Leaving safepoint region
[2019-12-11T08:48:46.900+0000][1][safepoint    ] Total time for which application threads were stopped: 0.0001258 seconds, Stopping threads took: 0.0000287 seconds
[2019-12-11T08:48:47.902+0000][1][safepoint    ] Application time: 1.0014522 seconds
[2019-12-11T08:48:47.902+0000][1][safepoint    ] Entering safepoint region: Cleanup
[2019-12-11T08:48:47.902+0000][1][safepoint    ] Leaving safepoint region
[2019-12-11T08:48:47.902+0000][1][safepoint    ] Total time for which application threads were stopped: 0.0001275 seconds, Stopping threads took: 0.0000288 seconds
[2019-12-11T08:48:48.904+0000][1][safepoint    ] Application time: 1.0018053 seconds
[2019-12-11T08:48:48.904+0000][1][safepoint    ] Entering safepoint region: Cleanup
[2019-12-11T08:48:48.904+0000][1][safepoint    ] Leaving safepoint region
[2019-12-11T08:48:48.904+0000][1][safepoint    ] Total time for which application threads were stopped: 0.0001227 seconds, Stopping threads took: 0.0000269 seconds
[2019-12-11T08:48:49.906+0000][1][safepoint    ] Application time: 1.0018799 seconds
[2019-12-11T08:48:49.906+0000][1][safepoint    ] Entering safepoint region: Cleanup
[2019-12-11T08:48:49.906+0000][1][safepoint    ] Leaving safepoint region
[2019-12-11T08:48:49.906+0000][1][safepoint    ] Total time for which application threads were stopped: 0.0001177 seconds, Stopping threads took: 0.0000267 seconds
[2019-12-11T08:48:50.907+0000][1][safepoint    ] Application time: 1.0009954 seconds
[2019-12-11T08:48:50.907+0000][1][safepoint    ] Entering safepoint region: Cleanup
[2019-12-11T08:48:50.907+0000][1][safepoint    ] Leaving safepoint region
[2019-12-11T08:48:50.907+0000][1][safepoint    ] Total time for which application threads were stopped: 0.0001249 seconds, Stopping threads took: 0.0000286 seconds
[2019-12-11T08:48:51.908+0000][1][safepoint    ] Application time: 1.0005852 seconds
[2019-12-11T08:48:51.908+0000][1][safepoint    ] Entering safepoint region: Cleanup
[2019-12-11T08:48:51.908+0000][1][safepoint    ] Leaving safepoint region
[2019-12-11T08:48:51.908+0000][1][safepoint    ] Total time for which application threads were stopped: 0.0001161 seconds, Stopping threads took: 0.0000259 seconds
[2019-12-11T08:48:52.913+0000][1][safepoint    ] Application time: 1.0048118 seconds
[2019-12-11T08:48:52.913+0000][1][safepoint    ] Entering safepoint region: Cleanup
[2019-12-11T08:48:52.913+0000][1][safepoint    ] Leaving safepoint region
[2019-12-11T08:48:52.913+0000][1][safepoint    ] Total time for which application threads were stopped: 0.0001242 seconds, Stopping threads took: 0.0000278 seconds
[2019-12-11T08:48:53.914+0000][1][safepoint    ] Application time: 1.0008198 seconds
[2019-12-11T08:48:53.914+0000][1][safepoint    ] Entering safepoint region: Cleanup
[2019-12-11T08:48:53.914+0000][1][safepoint    ] Leaving safepoint region
[2019-12-11T08:48:53.914+0000][1][safepoint    ] Total time for which application threads were stopped: 0.0001390 seconds, Stopping threads took: 0.0000290 seconds
[2019-12-11T08:48:54.916+0000][1][safepoint    ] Application time: 1.0017944 seconds
[2019-12-11T08:48:54.916+0000][1][safepoint    ] Entering safepoint region: Cleanup
[2019-12-11T08:48:54.916+0000][1][safepoint    ] Leaving safepoint region
[2019-12-11T08:48:54.916+0000][1][safepoint    ] Total time for which application threads were stopped: 0.0001128 seconds, Stopping threads took: 0.0000230 seconds
[2019-12-11T08:48:55.916+0000][1][safepoint    ] Application time: 1.0000836 seconds
[2019-12-11T08:48:55.916+0000][1][safepoint    ] Entering safepoint region: Cleanup
[2019-12-11T08:48:55.916+0000][1][safepoint    ] Leaving safepoint region
[2019-12-11T08:48:55.916+0000][1][safepoint    ] Total time for which application threads were stopped: 0.0001580 seconds, Stopping threads took: 0.0000422 seconds
[2019-12-11T08:48:56.917+0000][1][safepoint    ] Application time: 1.0005822 seconds
[2019-12-11T08:48:56.917+0000][1][safepoint    ] Entering safepoint region: Cleanup
[2019-12-11T08:48:56.917+0000][1][safepoint    ] Leaving safepoint region
[2019-12-11T08:48:56.917+0000][1][safepoint    ] Total time for which application threads were stopped: 0.0001328 seconds, Stopping threads took: 0.0000269 seconds
[2019-12-11T08:48:57.921+0000][1][safepoint    ] Application time: 1.0037732 seconds
[2019-12-11T08:48:57.921+0000][1][safepoint    ] Entering safepoint region: Cleanup
[2019-12-11T08:48:57.921+0000][1][safepoint    ] Leaving safepoint region
[2019-12-11T08:48:57.921+0000][1][safepoint    ] Total time for which application threads were stopped: 0.0001238 seconds, Stopping threads took: 0.0000279 seconds
[2019-12-11T08:48:58.923+0000][1][safepoint    ] Application time: 1.0018225 seconds
[2019-12-11T08:48:58.923+0000][1][safepoint    ] Entering safepoint region: Cleanup
[2019-12-11T08:48:58.923+0000][1][safepoint    ] Leaving safepoint region
[2019-12-11T08:48:58.923+0000][1][safepoint    ] Total time for which application threads were stopped: 0.0001569 seconds, Stopping threads took: 0.0000333 seconds
[2019-12-11T08:48:59.924+0000][1][safepoint    ] Application time: 1.0008125 seconds
[2019-12-11T08:48:59.924+0000][1][safepoint    ] Entering safepoint region: Cleanup
[2019-12-11T08:48:59.924+0000][1][safepoint    ] Leaving safepoint region
[2019-12-11T08:48:59.924+0000][1][safepoint    ] Total time for which application threads were stopped: 0.0001188 seconds, Stopping threads took: 0.0000248 seconds
[2019-12-11T08:49:00.927+0000][1][safepoint    ] Application time: 1.0027942 seconds
[2019-12-11T08:49:00.927+0000][1][safepoint    ] Entering safepoint region: Cleanup
[2019-12-11T08:49:00.927+0000][1][safepoint    ] Leaving safepoint region
[2019-12-11T08:49:00.927+0000][1][safepoint    ] Total time for which application threads were stopped: 0.0001511 seconds, Stopping threads took: 0.0000288 seconds
[2019-12-11T08:49:01.928+0000][1][safepoint    ] Application time: 1.0008073 seconds
[2019-12-11T08:49:01.928+0000][1][safepoint    ] Entering safepoint region: Cleanup
[2019-12-11T08:49:01.928+0000][1][safepoint    ] Leaving safepoint region
[2019-12-11T08:49:01.928+0000][1][safepoint    ] Total time for which application threads were stopped: 0.0001260 seconds, Stopping threads took: 0.0000298 seconds
[2019-12-11T08:49:02.930+0000][1][safepoint    ] Application time: 1.0018643 seconds
[2019-12-11T08:49:02.930+0000][1][safepoint    ] Entering safepoint region: Cleanup
[2019-12-11T08:49:02.930+0000][1][safepoint    ] Leaving safepoint region
[2019-12-11T08:49:02.930+0000][1][safepoint    ] Total time for which application threads were stopped: 0.0001482 seconds, Stopping threads took: 0.0000277 seconds
[2019-12-11T08:49:03.931+0000][1][safepoint    ] Application time: 1.0007405 seconds
[2019-12-11T08:49:03.931+0000][1][safepoint    ] Entering safepoint region: Cleanup
[2019-12-11T08:49:03.931+0000][1][safepoint    ] Leaving safepoint region
[2019-12-11T08:49:03.931+0000][1][safepoint    ] Total time for which application threads were stopped: 0.0001294 seconds, Stopping threads took: 0.0000295 seconds
[2019-12-11T08:49:04.932+0000][1][safepoint    ] Application time: 1.0007929 seconds
[2019-12-11T08:49:04.932+0000][1][safepoint    ] Entering safepoint region: Cleanup
[2019-12-11T08:49:04.932+0000][1][safepoint    ] Leaving safepoint region
[2019-12-11T08:49:04.932+0000][1][safepoint    ] Total time for which application threads were stopped: 0.0001147 seconds, Stopping threads took: 0.0000261 seconds
[2019-12-11T08:49:05.935+0000][1][safepoint    ] Application time: 1.0028314 seconds
[2019-12-11T08:49:05.935+0000][1][safepoint    ] Entering safepoint region: Cleanup
[2019-12-11T08:49:05.935+0000][1][safepoint    ] Leaving safepoint region
[2019-12-11T08:49:05.935+0000][1][safepoint    ] Total time for which application threads were stopped: 0.0001216 seconds, Stopping threads took: 0.0000276 seconds
[2019-12-11T08:49:06.936+0000][1][safepoint    ] Application time: 1.0008539 seconds
[2019-12-11T08:49:06.936+0000][1][safepoint    ] Entering safepoint region: Cleanup
[2019-12-11T08:49:06.936+0000][1][safepoint    ] Leaving safepoint region
[2019-12-11T08:49:06.936+0000][1][safepoint    ] Total time for which application threads were stopped: 0.0001287 seconds, Stopping threads took: 0.0000291 seconds
[2019-12-11T08:49:07.937+0000][1][safepoint    ] Application time: 1.0007544 seconds
[2019-12-11T08:49:07.937+0000][1][safepoint    ] Entering safepoint region: Cleanup
[2019-12-11T08:49:07.937+0000][1][safepoint    ] Leaving safepoint region
[2019-12-11T08:49:07.937+0000][1][safepoint    ] Total time for which application threads were stopped: 0.0001238 seconds, Stopping threads took: 0.0000277 seconds
[2019-12-11T08:49:08.940+0000][1][safepoint    ] Application time: 1.0028639 seconds
[2019-12-11T08:49:08.940+0000][1][safepoint    ] Entering safepoint region: Cleanup
[2019-12-11T08:49:08.940+0000][1][safepoint    ] Leaving safepoint region
[2019-12-11T08:49:08.940+0000][1][safepoint    ] Total time for which application threads were stopped: 0.0001239 seconds, Stopping threads took: 0.0000286 seconds
[2019-12-11T08:49:09.940+0000][1][safepoint    ] Application time: 1.0000955 seconds
[2019-12-11T08:49:09.940+0000][1][safepoint    ] Entering safepoint region: Cleanup
[2019-12-11T08:49:09.940+0000][1][safepoint    ] Leaving safepoint region
[2019-12-11T08:49:09.940+0000][1][safepoint    ] Total time for which application threads were stopped: 0.0001294 seconds, Stopping threads took: 0.0000295 seconds
[2019-12-11T08:49:10.941+0000][1][safepoint    ] Application time: 1.0004674 seconds
[2019-12-11T08:49:10.941+0000][1][safepoint    ] Entering safepoint region: Cleanup
[2019-12-11T08:49:10.941+0000][1][safepoint    ] Leaving safepoint region
[2019-12-11T08:49:10.941+0000][1][safepoint    ] Total time for which application threads were stopped: 0.0001234 seconds, Stopping threads took: 0.0000280 seconds
[2019-12-11T08:49:11.942+0000][1][safepoint    ] Application time: 1.0008332 seconds
[2019-12-11T08:49:11.942+0000][1][safepoint    ] Entering safepoint region: Cleanup
[2019-12-11T08:49:11.942+0000][1][safepoint    ] Leaving safepoint region
[2019-12-11T08:49:11.942+0000][1][safepoint    ] Total time for which application threads were stopped: 0.0001277 seconds, Stopping threads took: 0.0000284 seconds
[2019-12-11T08:49:12.947+0000][1][safepoint    ] Application time: 1.0047929 seconds
[2019-12-11T08:49:12.947+0000][1][safepoint    ] Entering safepoint region: Cleanup
[2019-12-11T08:49:12.947+0000][1][safepoint    ] Leaving safepoint region
[2019-12-11T08:49:12.947+0000][1][safepoint    ] Total time for which application threads were stopped: 0.0001217 seconds, Stopping threads took: 0.0000279 seconds
[2019-12-11T08:49:13.948+0000][1][safepoint    ] Application time: 1.0008324 seconds
[2019-12-11T08:49:13.948+0000][1][safepoint    ] Entering safepoint region: Cleanup
[2019-12-11T08:49:13.948+0000][1][safepoint    ] Leaving safepoint region
[2019-12-11T08:49:13.948+0000][1][safepoint    ] Total time for which application threads were stopped: 0.0001327 seconds, Stopping threads took: 0.0000257 seconds
[2019-12-11T08:49:14.951+0000][1][safepoint    ] Application time: 1.0027995 seconds
[2019-12-11T08:49:14.951+0000][1][safepoint    ] Entering safepoint region: Cleanup
[2019-12-11T08:49:14.951+0000][1][safepoint    ] Leaving safepoint region
[2019-12-11T08:49:14.951+0000][1][safepoint    ] Total time for which application threads were stopped: 0.0001244 seconds, Stopping threads took: 0.0000274 seconds
[2019-12-11T08:49:15.954+0000][1][safepoint    ] Application time: 1.0028100 seconds
[2019-12-11T08:49:15.954+0000][1][safepoint    ] Entering safepoint region: Cleanup
[2019-12-11T08:49:15.954+0000][1][safepoint    ] Leaving safepoint region
[2019-12-11T08:49:15.954+0000][1][safepoint    ] Total time for which application threads were stopped: 0.0001193 seconds, Stopping threads took: 0.0000302 seconds
[2019-12-11T08:49:16.955+0000][1][safepoint    ] Application time: 1.0008226 seconds
[2019-12-11T08:49:16.955+0000][1][safepoint    ] Entering safepoint region: Cleanup
[2019-12-11T08:49:16.955+0000][1][safepoint    ] Leaving safepoint region
[2019-12-11T08:49:16.955+0000][1][safepoint    ] Total time for which application threads were stopped: 0.0001302 seconds, Stopping threads took: 0.0000270 seconds
[2019-12-11T08:49:17.957+0000][1][safepoint    ] Application time: 1.0018120 seconds
[2019-12-11T08:49:17.957+0000][1][safepoint    ] Entering safepoint region: Cleanup
[2019-12-11T08:49:17.957+0000][1][safepoint    ] Leaving safepoint region
[2019-12-11T08:49:17.957+0000][1][safepoint    ] Total time for which application threads were stopped: 0.0001267 seconds, Stopping threads took: 0.0000363 seconds
[2019-12-11T08:49:18.960+0000][1][safepoint    ] Application time: 1.0029217 seconds
[2019-12-11T08:49:18.960+0000][1][safepoint    ] Entering safepoint region: Cleanup
[2019-12-11T08:49:18.960+0000][1][safepoint    ] Leaving safepoint region
[2019-12-11T08:49:18.960+0000][1][safepoint    ] Total time for which application threads were stopped: 0.0001290 seconds, Stopping threads took: 0.0000301 seconds
[2019-12-11T08:49:19.962+0000][1][safepoint    ] Application time: 1.0017520 seconds
[2019-12-11T08:49:19.962+0000][1][safepoint    ] Entering safepoint region: Cleanup
[2019-12-11T08:49:19.962+0000][1][safepoint    ] Leaving safepoint region
[2019-12-11T08:49:19.962+0000][1][safepoint    ] Total time for which application threads were stopped: 0.0001279 seconds, Stopping threads took: 0.0000306 seconds
[2019-12-11T08:49:20.966+0000][1][safepoint    ] Application time: 1.0039652 seconds
[2019-12-11T08:49:20.966+0000][1][safepoint    ] Entering safepoint region: Cleanup
[2019-12-11T08:49:20.966+0000][1][safepoint    ] Leaving safepoint region
[2019-12-11T08:49:20.966+0000][1][safepoint    ] Total time for which application threads were stopped: 0.0001280 seconds, Stopping threads took: 0.0000285 seconds
[2019-12-11T08:49:21.967+0000][1][safepoint    ] Application time: 1.0006162 seconds
[2019-12-11T08:49:21.967+0000][1][safepoint    ] Entering safepoint region: Cleanup
[2019-12-11T08:49:21.967+0000][1][safepoint    ] Leaving safepoint region
[2019-12-11T08:49:21.967+0000][1][safepoint    ] Total time for which application threads were stopped: 0.0001430 seconds, Stopping threads took: 0.0000409 seconds
[2019-12-11T08:49:22.969+0000][1][safepoint    ] Application time: 1.0017913 seconds
[2019-12-11T08:49:22.969+0000][1][safepoint    ] Entering safepoint region: Cleanup
[2019-12-11T08:49:22.969+0000][1][safepoint    ] Leaving safepoint region
[2019-12-11T08:49:22.969+0000][1][safepoint    ] Total time for which application threads were stopped: 0.0001261 seconds, Stopping threads took: 0.0000276 seconds
[2019-12-11T08:49:23.972+0000][1][safepoint    ] Application time: 1.0028474 seconds
[2019-12-11T08:49:23.972+0000][1][safepoint    ] Entering safepoint region: Cleanup
[2019-12-11T08:49:23.972+0000][1][safepoint    ] Leaving safepoint region
[2019-12-11T08:49:23.972+0000][1][safepoint    ] Total time for which application threads were stopped: 0.0001212 seconds, Stopping threads took: 0.0000280 seconds
[2019-12-11T08:49:24.974+0000][1][safepoint    ] Application time: 1.0017903 seconds
[2019-12-11T08:49:24.974+0000][1][safepoint    ] Entering safepoint region: Cleanup
[2019-12-11T08:49:24.974+0000][1][safepoint    ] Leaving safepoint region
[2019-12-11T08:49:24.974+0000][1][safepoint    ] Total time for which application threads were stopped: 0.0001122 seconds, Stopping threads took: 0.0000252 seconds
[2019-12-11T08:49:25.975+0000][1][safepoint    ] Application time: 1.0009217 seconds
[2019-12-11T08:49:25.975+0000][1][safepoint    ] Entering safepoint region: Cleanup
[2019-12-11T08:49:25.975+0000][1][safepoint    ] Leaving safepoint region
[2019-12-11T08:49:25.975+0000][1][safepoint    ] Total time for which application threads were stopped: 0.0001393 seconds, Stopping threads took: 0.0000297 seconds
[2019-12-11T08:49:26.975+0000][1][safepoint    ] Application time: 1.0000835 seconds
[2019-12-11T08:49:26.975+0000][1][safepoint    ] Entering safepoint region: Cleanup
[2019-12-11T08:49:26.975+0000][1][safepoint    ] Leaving safepoint region
[2019-12-11T08:49:26.975+0000][1][safepoint    ] Total time for which application threads were stopped: 0.0001121 seconds, Stopping threads took: 0.0000245 seconds
[2019-12-11T08:49:27.976+0000][1][safepoint    ] Application time: 1.0004661 seconds
[2019-12-11T08:49:27.976+0000][1][safepoint    ] Entering safepoint region: Cleanup
[2019-12-11T08:49:27.976+0000][1][safepoint    ] Leaving safepoint region
[2019-12-11T08:49:27.976+0000][1][safepoint    ] Total time for which application threads were stopped: 0.0001263 seconds, Stopping threads took: 0.0000344 seconds
[2019-12-11T08:49:28.977+0000][1][safepoint    ] Application time: 1.0008333 seconds
[2019-12-11T08:49:28.977+0000][1][safepoint    ] Entering safepoint region: Cleanup
[2019-12-11T08:49:28.977+0000][1][safepoint    ] Leaving safepoint region
[2019-12-11T08:49:28.977+0000][1][safepoint    ] Total time for which application threads were stopped: 0.0001230 seconds, Stopping threads took: 0.0000273 seconds
[2019-12-11T08:49:29.978+0000][1][safepoint    ] Application time: 1.0007783 seconds
[2019-12-11T08:49:29.978+0000][1][safepoint    ] Entering safepoint region: Cleanup
[2019-12-11T08:49:29.978+0000][1][safepoint    ] Leaving safepoint region
[2019-12-11T08:49:29.978+0000][1][safepoint    ] Total time for which application threads were stopped: 0.0001285 seconds, Stopping threads took: 0.0000305 seconds
[2019-12-11T08:49:30.980+0000][1][safepoint    ] Application time: 1.0018188 seconds
[2019-12-11T08:49:30.980+0000][1][safepoint    ] Entering safepoint region: Cleanup
[2019-12-11T08:49:30.980+0000][1][safepoint    ] Leaving safepoint region
[2019-12-11T08:49:30.980+0000][1][safepoint    ] Total time for which application threads were stopped: 0.0001159 seconds, Stopping threads took: 0.0000269 seconds
[2019-12-11T08:49:31.984+0000][1][safepoint    ] Application time: 1.0038517 seconds
[2019-12-11T08:49:31.984+0000][1][safepoint    ] Entering safepoint region: Cleanup
[2019-12-11T08:49:31.984+0000][1][safepoint    ] Leaving safepoint region
[2019-12-11T08:49:31.984+0000][1][safepoint    ] Total time for which application threads were stopped: 0.0001174 seconds, Stopping threads took: 0.0000270 seconds
[2019-12-11T08:49:32.985+0000][1][safepoint    ] Application time: 1.0008238 seconds
[2019-12-11T08:49:32.985+0000][1][safepoint    ] Entering safepoint region: Cleanup
[2019-12-11T08:49:32.985+0000][1][safepoint    ] Leaving safepoint region
[2019-12-11T08:49:32.985+0000][1][safepoint    ] Total time for which application threads were stopped: 0.0001274 seconds, Stopping threads took: 0.0000284 seconds
[2019-12-11T08:49:33.989+0000][1][safepoint    ] Application time: 1.0037762 seconds
[2019-12-11T08:49:33.989+0000][1][safepoint    ] Entering safepoint region: Cleanup
[2019-12-11T08:49:33.989+0000][1][safepoint    ] Leaving safepoint region
[2019-12-11T08:49:33.989+0000][1][safepoint    ] Total time for which application threads were stopped: 0.0001210 seconds, Stopping threads took: 0.0000284 seconds
[2019-12-11T08:49:34.992+0000][1][safepoint    ] Application time: 1.0028007 seconds
[2019-12-11T08:49:34.992+0000][1][safepoint    ] Entering safepoint region: Cleanup
[2019-12-11T08:49:34.992+0000][1][safepoint    ] Leaving safepoint region
[2019-12-11T08:49:34.992+0000][1][safepoint    ] Total time for which application threads were stopped: 0.0001243 seconds, Stopping threads took: 0.0000287 seconds
[2019-12-11T08:49:35.993+0000][1][safepoint    ] Application time: 1.0008254 seconds
[2019-12-11T08:49:35.993+0000][1][safepoint    ] Entering safepoint region: Cleanup
[2019-12-11T08:49:35.993+0000][1][safepoint    ] Leaving safepoint region
[2019-12-11T08:49:35.993+0000][1][safepoint    ] Total time for which application threads were stopped: 0.0001279 seconds, Stopping threads took: 0.0000305 seconds
[2019-12-11T08:49:36.993+0000][1][safepoint    ] Application time: 1.0000874 seconds
[2019-12-11T08:49:36.993+0000][1][safepoint    ] Entering safepoint region: Cleanup
[2019-12-11T08:49:36.993+0000][1][safepoint    ] Leaving safepoint region
[2019-12-11T08:49:36.993+0000][1][safepoint    ] Total time for which application threads were stopped: 0.0001391 seconds, Stopping threads took: 0.0000394 seconds
[2019-12-11T08:49:37.995+0000][1][safepoint    ] Application time: 1.0015245 seconds
[2019-12-11T08:49:37.995+0000][1][safepoint    ] Entering safepoint region: Cleanup
[2019-12-11T08:49:37.995+0000][1][safepoint    ] Leaving safepoint region
[2019-12-11T08:49:37.995+0000][1][safepoint    ] Total time for which application threads were stopped: 0.0001183 seconds, Stopping threads took: 0.0000266 seconds
[2019-12-11T08:49:38.996+0000][1][safepoint    ] Application time: 1.0008535 seconds
[2019-12-11T08:49:38.996+0000][1][safepoint    ] Entering safepoint region: Cleanup
[2019-12-11T08:49:38.996+0000][1][safepoint    ] Leaving safepoint region
[2019-12-11T08:49:38.996+0000][1][safepoint    ] Total time for which application threads were stopped: 0.0001166 seconds, Stopping threads took: 0.0000262 seconds
[2019-12-11T08:49:39.998+0000][1][safepoint    ] Application time: 1.0018017 seconds
[2019-12-11T08:49:39.998+0000][1][safepoint    ] Entering safepoint region: Cleanup
[2019-12-11T08:49:39.998+0000][1][safepoint    ] Leaving safepoint region
[2019-12-11T08:49:39.998+0000][1][safepoint    ] Total time for which application threads were stopped: 0.0001178 seconds, Stopping threads took: 0.0000263 seconds
[2019-12-11T08:49:40.999+0000][1][safepoint    ] Application time: 1.0008678 seconds
[2019-12-11T08:49:40.999+0000][1][safepoint    ] Entering safepoint region: Cleanup
[2019-12-11T08:49:40.999+0000][1][safepoint    ] Leaving safepoint region
[2019-12-11T08:49:40.999+0000][1][safepoint    ] Total time for which application threads were stopped: 0.0001114 seconds, Stopping threads took: 0.0000238 seconds
[2019-12-11T08:49:42.001+0000][1][safepoint    ] Application time: 1.0021294 seconds
[2019-12-11T08:49:42.001+0000][1][safepoint    ] Entering safepoint region: Cleanup
[2019-12-11T08:49:42.001+0000][1][safepoint    ] Leaving safepoint region
[2019-12-11T08:49:42.001+0000][1][safepoint    ] Total time for which application threads were stopped: 0.0001245 seconds, Stopping threads took: 0.0000271 seconds
[2019-12-11T08:49:43.002+0000][1][safepoint    ] Application time: 1.0008615 seconds
[2019-12-11T08:49:43.002+0000][1][safepoint    ] Entering safepoint region: Cleanup
[2019-12-11T08:49:43.002+0000][1][safepoint    ] Leaving safepoint region
[2019-12-11T08:49:43.002+0000][1][safepoint    ] Total time for which application threads were stopped: 0.0001208 seconds, Stopping threads took: 0.0000268 seconds
[2019-12-11T08:49:44.005+0000][1][safepoint    ] Application time: 1.0024436 seconds
[2019-12-11T08:49:44.005+0000][1][safepoint    ] Entering safepoint region: Cleanup
[2019-12-11T08:49:44.005+0000][1][safepoint    ] Leaving safepoint region
[2019-12-11T08:49:44.005+0000][1][safepoint    ] Total time for which application threads were stopped: 0.0001199 seconds, Stopping threads took: 0.0000272 seconds
[2019-12-11T08:49:44.940+0000][1][safepoint    ] Application time: 0.9353872 seconds
[2019-12-11T08:49:44.940+0000][1][safepoint    ] Entering safepoint region: RevokeBias
[2019-12-11T08:49:44.940+0000][1][safepoint    ] Leaving safepoint region
[2019-12-11T08:49:44.940+0000][1][safepoint    ] Total time for which application threads were stopped: 0.0001692 seconds, Stopping threads took: 0.0000249 seconds
[2019-12-11T08:49:45.941+0000][1][safepoint    ] Application time: 1.0002258 seconds
[2019-12-11T08:49:45.941+0000][1][safepoint    ] Entering safepoint region: Cleanup
[2019-12-11T08:49:45.941+0000][1][safepoint    ] Leaving safepoint region
[2019-12-11T08:49:45.941+0000][1][safepoint    ] Total time for which application threads were stopped: 0.0001177 seconds, Stopping threads took: 0.0000271 seconds
[2019-12-11T08:49:46.943+0000][1][safepoint    ] Application time: 1.0018242 seconds
[2019-12-11T08:49:46.943+0000][1][safepoint    ] Entering safepoint region: Cleanup
[2019-12-11T08:49:46.943+0000][1][safepoint    ] Leaving safepoint region
[2019-12-11T08:49:46.943+0000][1][safepoint    ] Total time for which application threads were stopped: 0.0001265 seconds, Stopping threads took: 0.0000285 seconds
[2019-12-11T08:49:47.944+0000][1][safepoint    ] Application time: 1.0008329 seconds
[2019-12-11T08:49:47.944+0000][1][safepoint    ] Entering safepoint region: Cleanup
[2019-12-11T08:49:47.944+0000][1][safepoint    ] Leaving safepoint region
[2019-12-11T08:49:47.944+0000][1][safepoint    ] Total time for which application threads were stopped: 0.0001335 seconds, Stopping threads took: 0.0000277 seconds
[2019-12-11T08:49:48.946+0000][1][safepoint    ] Application time: 1.0017741 seconds
[2019-12-11T08:49:48.946+0000][1][safepoint    ] Entering safepoint region: Cleanup
[2019-12-11T08:49:48.946+0000][1][safepoint    ] Leaving safepoint region
[2019-12-11T08:49:48.946+0000][1][safepoint    ] Total time for which application threads were stopped: 0.0001226 seconds, Stopping threads took: 0.0000282 seconds
[2019-12-11T08:49:49.948+0000][1][safepoint    ] Application time: 1.0018131 seconds
[2019-12-11T08:49:49.948+0000][1][safepoint    ] Entering safepoint region: Cleanup
[2019-12-11T08:49:49.948+0000][1][safepoint    ] Leaving safepoint region
[2019-12-11T08:49:49.948+0000][1][safepoint    ] Total time for which application threads were stopped: 0.0001220 seconds, Stopping threads took: 0.0000271 seconds
[2019-12-11T08:49:50.951+0000][1][safepoint    ] Application time: 1.0028097 seconds
[2019-12-11T08:49:50.951+0000][1][safepoint    ] Entering safepoint region: Cleanup
[2019-12-11T08:49:50.951+0000][1][safepoint    ] Leaving safepoint region
[2019-12-11T08:49:50.951+0000][1][safepoint    ] Total time for which application threads were stopped: 0.0001142 seconds, Stopping threads took: 0.0000249 seconds
[2019-12-11T08:49:51.956+0000][1][safepoint    ] Application time: 1.0048321 seconds
[2019-12-11T08:49:51.956+0000][1][safepoint    ] Entering safepoint region: Cleanup
[2019-12-11T08:49:51.956+0000][1][safepoint    ] Leaving safepoint region
[2019-12-11T08:49:51.956+0000][1][safepoint    ] Total time for which application threads were stopped: 0.0001253 seconds, Stopping threads took: 0.0000282 seconds
[2019-12-11T08:49:52.959+0000][1][safepoint    ] Application time: 1.0028047 seconds
[2019-12-11T08:49:52.959+0000][1][safepoint    ] Entering safepoint region: Cleanup
[2019-12-11T08:49:52.959+0000][1][safepoint    ] Leaving safepoint region
[2019-12-11T08:49:52.959+0000][1][safepoint    ] Total time for which application threads were stopped: 0.0001151 seconds, Stopping threads took: 0.0000251 seconds
[2019-12-11T08:49:53.961+0000][1][safepoint    ] Application time: 1.0018506 seconds
[2019-12-11T08:49:53.961+0000][1][safepoint    ] Entering safepoint region: Cleanup
[2019-12-11T08:49:53.961+0000][1][safepoint    ] Leaving safepoint region
[2019-12-11T08:49:53.961+0000][1][safepoint    ] Total time for which application threads were stopped: 0.0001349 seconds, Stopping threads took: 0.0000295 seconds
[2019-12-11T08:49:54.963+0000][1][safepoint    ] Application time: 1.0017962 seconds
[2019-12-11T08:49:54.963+0000][1][safepoint    ] Entering safepoint region: Cleanup
[2019-12-11T08:49:54.963+0000][1][safepoint    ] Leaving safepoint region
[2019-12-11T08:49:54.963+0000][1][safepoint    ] Total time for which application threads were stopped: 0.0001202 seconds, Stopping threads took: 0.0000265 seconds
[2019-12-11T08:49:55.964+0000][1][safepoint    ] Application time: 1.0008110 seconds
[2019-12-11T08:49:55.964+0000][1][safepoint    ] Entering safepoint region: Cleanup
[2019-12-11T08:49:55.964+0000][1][safepoint    ] Leaving safepoint region
[2019-12-11T08:49:55.964+0000][1][safepoint    ] Total time for which application threads were stopped: 0.0001180 seconds, Stopping threads took: 0.0000276 seconds
[2019-12-11T08:49:56.965+0000][1][safepoint    ] Application time: 1.0008208 seconds
[2019-12-11T08:49:56.965+0000][1][safepoint    ] Entering safepoint region: Cleanup
[2019-12-11T08:49:56.965+0000][1][safepoint    ] Leaving safepoint region
[2019-12-11T08:49:56.965+0000][1][safepoint    ] Total time for which application threads were stopped: 0.0001186 seconds, Stopping threads took: 0.0000261 seconds
[2019-12-11T08:49:57.965+0000][1][safepoint    ] Application time: 1.0000838 seconds
[2019-12-11T08:49:57.965+0000][1][safepoint    ] Entering safepoint region: Cleanup
[2019-12-11T08:49:57.965+0000][1][safepoint    ] Leaving safepoint region
[2019-12-11T08:49:57.965+0000][1][safepoint    ] Total time for which application threads were stopped: 0.0001154 seconds, Stopping threads took: 0.0000256 seconds
[2019-12-11T08:49:58.968+0000][1][safepoint    ] Application time: 1.0025792 seconds
[2019-12-11T08:49:58.968+0000][1][safepoint    ] Entering safepoint region: Cleanup
[2019-12-11T08:49:58.968+0000][1][safepoint    ] Leaving safepoint region
[2019-12-11T08:49:58.968+0000][1][safepoint    ] Total time for which application threads were stopped: 0.0001407 seconds, Stopping threads took: 0.0000378 seconds
[2019-12-11T08:49:59.971+0000][1][safepoint    ] Application time: 1.0028195 seconds
[2019-12-11T08:49:59.971+0000][1][safepoint    ] Entering safepoint region: Cleanup
[2019-12-11T08:49:59.971+0000][1][safepoint    ] Leaving safepoint region
[2019-12-11T08:49:59.971+0000][1][safepoint    ] Total time for which application threads were stopped: 0.0001198 seconds, Stopping threads took: 0.0000267 seconds
[2019-12-11T08:50:00.972+0000][1][safepoint    ] Application time: 1.0007991 seconds
[2019-12-11T08:50:00.972+0000][1][safepoint    ] Entering safepoint region: Cleanup
[2019-12-11T08:50:00.972+0000][1][safepoint    ] Leaving safepoint region
[2019-12-11T08:50:00.972+0000][1][safepoint    ] Total time for which application threads were stopped: 0.0001259 seconds, Stopping threads took: 0.0000285 seconds
[2019-12-11T08:50:01.977+0000][1][safepoint    ] Application time: 1.0049063 seconds
[2019-12-11T08:50:01.977+0000][1][safepoint    ] Entering safepoint region: Cleanup
[2019-12-11T08:50:01.977+0000][1][safepoint    ] Leaving safepoint region
[2019-12-11T08:50:01.977+0000][1][safepoint    ] Total time for which application threads were stopped: 0.0001280 seconds, Stopping threads took: 0.0000303 seconds
[2019-12-11T08:50:02.978+0000][1][safepoint    ] Application time: 1.0007008 seconds
[2019-12-11T08:50:02.978+0000][1][safepoint    ] Entering safepoint region: Cleanup
[2019-12-11T08:50:02.978+0000][1][safepoint    ] Leaving safepoint region
[2019-12-11T08:50:02.978+0000][1][safepoint    ] Total time for which application threads were stopped: 0.0001215 seconds, Stopping threads took: 0.0000273 seconds
[2019-12-11T08:50:03.979+0000][1][safepoint    ] Application time: 1.0008128 seconds
[2019-12-11T08:50:03.979+0000][1][safepoint    ] Entering safepoint region: Cleanup
[2019-12-11T08:50:03.979+0000][1][safepoint    ] Leaving safepoint region
[2019-12-11T08:50:03.979+0000][1][safepoint    ] Total time for which application threads were stopped: 0.0001225 seconds, Stopping threads took: 0.0000281 seconds
[2019-12-11T08:50:04.980+0000][1][safepoint    ] Application time: 1.0010156 seconds
[2019-12-11T08:50:04.980+0000][1][safepoint    ] Entering safepoint region: Cleanup
[2019-12-11T08:50:04.980+0000][1][safepoint    ] Leaving safepoint region
[2019-12-11T08:50:04.980+0000][1][safepoint    ] Total time for which application threads were stopped: 0.0001129 seconds, Stopping threads took: 0.0000257 seconds
[2019-12-11T08:50:06.029+0000][1][safepoint    ] Application time: 1.0486456 seconds
[2019-12-11T08:50:06.029+0000][1][safepoint    ] Entering safepoint region: Cleanup
[2019-12-11T08:50:06.029+0000][1][safepoint    ] Leaving safepoint region
[2019-12-11T08:50:06.029+0000][1][safepoint    ] Total time for which application threads were stopped: 0.0001418 seconds, Stopping threads took: 0.0000280 seconds
[2019-12-11T08:50:07.032+0000][1][safepoint    ] Application time: 1.0029766 seconds
[2019-12-11T08:50:07.032+0000][1][safepoint    ] Entering safepoint region: Cleanup
[2019-12-11T08:50:07.032+0000][1][safepoint    ] Leaving safepoint region
[2019-12-11T08:50:07.032+0000][1][safepoint    ] Total time for which application threads were stopped: 0.0001304 seconds, Stopping threads took: 0.0000310 seconds
[2019-12-11T08:50:08.034+0000][1][safepoint    ] Application time: 1.0016239 seconds
[2019-12-11T08:50:08.034+0000][1][safepoint    ] Entering safepoint region: Cleanup
[2019-12-11T08:50:08.034+0000][1][safepoint    ] Leaving safepoint region
[2019-12-11T08:50:08.034+0000][1][safepoint    ] Total time for which application threads were stopped: 0.0001156 seconds, Stopping threads took: 0.0000262 seconds
[2019-12-11T08:50:09.036+0000][1][safepoint    ] Application time: 1.0019378 seconds
[2019-12-11T08:50:09.036+0000][1][safepoint    ] Entering safepoint region: Cleanup
[2019-12-11T08:50:09.036+0000][1][safepoint    ] Leaving safepoint region
[2019-12-11T08:50:09.036+0000][1][safepoint    ] Total time for which application threads were stopped: 0.0001362 seconds, Stopping threads took: 0.0000304 seconds
[2019-12-11T08:50:10.039+0000][1][safepoint    ] Application time: 1.0027656 seconds
[2019-12-11T08:50:10.039+0000][1][safepoint    ] Entering safepoint region: Cleanup
[2019-12-11T08:50:10.039+0000][1][safepoint    ] Leaving safepoint region
[2019-12-11T08:50:10.039+0000][1][safepoint    ] Total time for which application threads were stopped: 0.0001349 seconds, Stopping threads took: 0.0000332 seconds
[2019-12-11T08:50:11.042+0000][1][safepoint    ] Application time: 1.0028092 seconds
[2019-12-11T08:50:11.042+0000][1][safepoint    ] Entering safepoint region: Cleanup
[2019-12-11T08:50:11.042+0000][1][safepoint    ] Leaving safepoint region
[2019-12-11T08:50:11.042+0000][1][safepoint    ] Total time for which application threads were stopped: 0.0001548 seconds, Stopping threads took: 0.0000397 seconds
[2019-12-11T08:50:12.046+0000][1][safepoint    ] Application time: 1.0036866 seconds
[2019-12-11T08:50:12.046+0000][1][safepoint    ] Entering safepoint region: Cleanup
[2019-12-11T08:50:12.046+0000][1][safepoint    ] Leaving safepoint region
[2019-12-11T08:50:12.046+0000][1][safepoint    ] Total time for which application threads were stopped: 0.0001112 seconds, Stopping threads took: 0.0000240 seconds
[2019-12-11T08:50:13.047+0000][1][safepoint    ] Application time: 1.0008322 seconds
[2019-12-11T08:50:13.047+0000][1][safepoint    ] Entering safepoint region: Cleanup
[2019-12-11T08:50:13.047+0000][1][safepoint    ] Leaving safepoint region
[2019-12-11T08:50:13.047+0000][1][safepoint    ] Total time for which application threads were stopped: 0.0001164 seconds, Stopping threads took: 0.0000255 seconds
[2019-12-11T08:50:14.048+0000][1][safepoint    ] Application time: 1.0008454 seconds
[2019-12-11T08:50:14.048+0000][1][safepoint    ] Entering safepoint region: Cleanup
[2019-12-11T08:50:14.048+0000][1][safepoint    ] Leaving safepoint region
[2019-12-11T08:50:14.048+0000][1][safepoint    ] Total time for which application threads were stopped: 0.0001287 seconds, Stopping threads took: 0.0000283 seconds
[2019-12-11T08:50:15.050+0000][1][safepoint    ] Application time: 1.0021263 seconds
[2019-12-11T08:50:15.050+0000][1][safepoint    ] Entering safepoint region: Cleanup
[2019-12-11T08:50:15.050+0000][1][safepoint    ] Leaving safepoint region
[2019-12-11T08:50:15.050+0000][1][safepoint    ] Total time for which application threads were stopped: 0.0001151 seconds, Stopping threads took: 0.0000249 seconds
[2019-12-11T08:50:16.056+0000][1][safepoint    ] Application time: 1.0055252 seconds
[2019-12-11T08:50:16.056+0000][1][safepoint    ] Entering safepoint region: Cleanup
[2019-12-11T08:50:16.056+0000][1][safepoint    ] Leaving safepoint region
[2019-12-11T08:50:16.056+0000][1][safepoint    ] Total time for which application threads were stopped: 0.0001267 seconds, Stopping threads took: 0.0000283 seconds
[2019-12-11T08:50:17.057+0000][1][safepoint    ] Application time: 1.0007823 seconds
[2019-12-11T08:50:17.057+0000][1][safepoint    ] Entering safepoint region: Cleanup
[2019-12-11T08:50:17.057+0000][1][safepoint    ] Leaving safepoint region
[2019-12-11T08:50:17.057+0000][1][safepoint    ] Total time for which application threads were stopped: 0.0001375 seconds, Stopping threads took: 0.0000318 seconds
[2019-12-11T08:50:18.061+0000][1][safepoint    ] Application time: 1.0038210 seconds
[2019-12-11T08:50:18.061+0000][1][safepoint    ] Entering safepoint region: Cleanup
[2019-12-11T08:50:18.061+0000][1][safepoint    ] Leaving safepoint region
[2019-12-11T08:50:18.061+0000][1][safepoint    ] Total time for which application threads were stopped: 0.0001202 seconds, Stopping threads took: 0.0000274 seconds
[2019-12-11T08:50:19.062+0000][1][safepoint    ] Application time: 1.0008159 seconds
[2019-12-11T08:50:19.062+0000][1][safepoint    ] Entering safepoint region: Cleanup
[2019-12-11T08:50:19.062+0000][1][safepoint    ] Leaving safepoint region
[2019-12-11T08:50:19.062+0000][1][safepoint    ] Total time for which application threads were stopped: 0.0001226 seconds, Stopping threads took: 0.0000270 seconds
[2019-12-11T08:50:20.063+0000][1][safepoint    ] Application time: 1.0009189 seconds
[2019-12-11T08:50:20.063+0000][1][safepoint    ] Entering safepoint region: Cleanup
[2019-12-11T08:50:20.063+0000][1][safepoint    ] Leaving safepoint region
[2019-12-11T08:50:20.063+0000][1][safepoint    ] Total time for which application threads were stopped: 0.0001208 seconds, Stopping threads took: 0.0000269 seconds
[2019-12-11T08:50:21.065+0000][1][safepoint    ] Application time: 1.0016956 seconds
[2019-12-11T08:50:21.065+0000][1][safepoint    ] Entering safepoint region: Cleanup
[2019-12-11T08:50:21.065+0000][1][safepoint    ] Leaving safepoint region
[2019-12-11T08:50:21.065+0000][1][safepoint    ] Total time for which application threads were stopped: 0.0001150 seconds, Stopping threads took: 0.0000256 seconds
[2019-12-11T08:50:22.066+0000][1][safepoint    ] Application time: 1.0008168 seconds
[2019-12-11T08:50:22.066+0000][1][safepoint    ] Entering safepoint region: Cleanup
[2019-12-11T08:50:22.066+0000][1][safepoint    ] Leaving safepoint region
[2019-12-11T08:50:22.066+0000][1][safepoint    ] Total time for which application threads were stopped: 0.0001168 seconds, Stopping threads took: 0.0000260 seconds
[2019-12-11T08:50:23.068+0000][1][safepoint    ] Application time: 1.0018360 seconds
[2019-12-11T08:50:23.068+0000][1][safepoint    ] Entering safepoint region: Cleanup
[2019-12-11T08:50:23.068+0000][1][safepoint    ] Leaving safepoint region
[2019-12-11T08:50:23.068+0000][1][safepoint    ] Total time for which application threads were stopped: 0.0001212 seconds, Stopping threads took: 0.0000263 seconds
[2019-12-11T08:50:24.072+0000][1][safepoint    ] Application time: 1.0038573 seconds
[2019-12-11T08:50:24.072+0000][1][safepoint    ] Entering safepoint region: Cleanup
[2019-12-11T08:50:24.072+0000][1][safepoint    ] Leaving safepoint region
[2019-12-11T08:50:24.072+0000][1][safepoint    ] Total time for which application threads were stopped: 0.0001208 seconds, Stopping threads took: 0.0000268 seconds
[2019-12-11T08:50:25.073+0000][1][safepoint    ] Application time: 1.0008667 seconds
[2019-12-11T08:50:25.073+0000][1][safepoint    ] Entering safepoint region: Cleanup
[2019-12-11T08:50:25.073+0000][1][safepoint    ] Leaving safepoint region
[2019-12-11T08:50:25.073+0000][1][safepoint    ] Total time for which application threads were stopped: 0.0001206 seconds, Stopping threads took: 0.0000270 seconds
[2019-12-11T08:50:26.074+0000][1][safepoint    ] Application time: 1.0007661 seconds
[2019-12-11T08:50:26.074+0000][1][safepoint    ] Entering safepoint region: Cleanup
[2019-12-11T08:50:26.074+0000][1][safepoint    ] Leaving safepoint region
[2019-12-11T08:50:26.074+0000][1][safepoint    ] Total time for which application threads were stopped: 0.0001361 seconds, Stopping threads took: 0.0000285 seconds
[2019-12-11T08:50:27.074+0000][1][safepoint    ] Application time: 1.0000877 seconds
[2019-12-11T08:50:27.074+0000][1][safepoint    ] Entering safepoint region: Cleanup
[2019-12-11T08:50:27.074+0000][1][safepoint    ] Leaving safepoint region
[2019-12-11T08:50:27.074+0000][1][safepoint    ] Total time for which application threads were stopped: 0.0001203 seconds, Stopping threads took: 0.0000289 seconds
[2019-12-11T08:50:28.076+0000][1][safepoint    ] Application time: 1.0015168 seconds
[2019-12-11T08:50:28.076+0000][1][safepoint    ] Entering safepoint region: Cleanup
[2019-12-11T08:50:28.076+0000][1][safepoint    ] Leaving safepoint region
[2019-12-11T08:50:28.076+0000][1][safepoint    ] Total time for which application threads were stopped: 0.0001233 seconds, Stopping threads took: 0.0000262 seconds
[2019-12-11T08:50:29.077+0000][1][safepoint    ] Application time: 1.0008305 seconds
[2019-12-11T08:50:29.077+0000][1][safepoint    ] Entering safepoint region: Cleanup
[2019-12-11T08:50:29.077+0000][1][safepoint    ] Leaving safepoint region
[2019-12-11T08:50:29.077+0000][1][safepoint    ] Total time for which application threads were stopped: 0.0001168 seconds, Stopping threads took: 0.0000246 seconds
[2019-12-11T08:50:29.979+0000][1][safepoint    ] Application time: 0.9023295 seconds
[2019-12-11T08:50:29.979+0000][1][safepoint    ] Entering safepoint region: GenCollectForAllocation
[2019-12-11T08:50:29.979+0000][1][gc,start     ] GC(37) Pause Young (Allocation Failure)
[2019-12-11T08:50:29.979+0000][1][gc,task      ] GC(37) Using 2 workers of 2 for evacuation
[2019-12-11T08:50:29.985+0000][1][gc,age       ] GC(37) Desired survivor size 4456448 bytes, new threshold 6 (max threshold 6)
[2019-12-11T08:50:29.985+0000][1][gc,age       ] GC(37) Age table with threshold 6 (max threshold 6)
[2019-12-11T08:50:29.985+0000][1][gc,age       ] GC(37) - age   1:       9280 bytes,       9280 total
[2019-12-11T08:50:29.985+0000][1][gc,age       ] GC(37) - age   2:        744 bytes,      10024 total
[2019-12-11T08:50:29.985+0000][1][gc,age       ] GC(37) - age   3:        864 bytes,      10888 total
[2019-12-11T08:50:29.985+0000][1][gc,age       ] GC(37) - age   4:       2736 bytes,      13624 total
[2019-12-11T08:50:29.985+0000][1][gc,age       ] GC(37) - age   5:       4080 bytes,      17704 total
[2019-12-11T08:50:29.985+0000][1][gc,age       ] GC(37) - age   6:       1568 bytes,      19272 total
[2019-12-11T08:50:29.985+0000][1][gc,heap      ] GC(37) ParNew: 70013K->29K(78656K)
[2019-12-11T08:50:29.985+0000][1][gc,heap      ] GC(37) CMS: 73687K->73688K(174784K)
[2019-12-11T08:50:29.985+0000][1][gc,metaspace ] GC(37) Metaspace: 77666K->77666K(1120256K)
[2019-12-11T08:50:29.985+0000][1][gc           ] GC(37) Pause Young (Allocation Failure) 140M->71M(247M) 5.810ms
[2019-12-11T08:50:29.985+0000][1][gc,cpu       ] GC(37) User=0.01s Sys=0.00s Real=0.01s
[2019-12-11T08:50:29.985+0000][1][safepoint    ] Leaving safepoint region
[2019-12-11T08:50:29.985+0000][1][safepoint    ] Total time for which application threads were stopped: 0.0060294 seconds, Stopping threads took: 0.0000238 seconds
[2019-12-11T08:50:30.985+0000][1][safepoint    ] Application time: 1.0000963 seconds
[2019-12-11T08:50:30.985+0000][1][safepoint    ] Entering safepoint region: Cleanup
[2019-12-11T08:50:30.986+0000][1][safepoint    ] Leaving safepoint region
[2019-12-11T08:50:30.986+0000][1][safepoint    ] Total time for which application threads were stopped: 0.0000920 seconds, Stopping threads took: 0.0000234 seconds
[2019-12-11T08:50:31.988+0000][1][safepoint    ] Application time: 1.0022082 seconds
[2019-12-11T08:50:31.988+0000][1][safepoint    ] Entering safepoint region: Cleanup
[2019-12-11T08:50:31.988+0000][1][safepoint    ] Leaving safepoint region
[2019-12-11T08:50:31.988+0000][1][safepoint    ] Total time for which application threads were stopped: 0.0001219 seconds, Stopping threads took: 0.0000271 seconds
[2019-12-11T08:50:32.989+0000][1][safepoint    ] Application time: 1.0007894 seconds
[2019-12-11T08:50:32.989+0000][1][safepoint    ] Entering safepoint region: Cleanup
[2019-12-11T08:50:32.989+0000][1][safepoint    ] Leaving safepoint region
[2019-12-11T08:50:32.989+0000][1][safepoint    ] Total time for which application threads were stopped: 0.0001260 seconds, Stopping threads took: 0.0000273 seconds
[2019-12-11T08:50:33.990+0000][1][safepoint    ] Application time: 1.0008857 seconds
[2019-12-11T08:50:33.990+0000][1][safepoint    ] Entering safepoint region: Cleanup
[2019-12-11T08:50:33.990+0000][1][safepoint    ] Leaving safepoint region
[2019-12-11T08:50:33.990+0000][1][safepoint    ] Total time for which application threads were stopped: 0.0001161 seconds, Stopping threads took: 0.0000262 seconds
[2019-12-11T08:50:34.992+0000][1][safepoint    ] Application time: 1.0024581 seconds
[2019-12-11T08:50:34.992+0000][1][safepoint    ] Entering safepoint region: Cleanup
[2019-12-11T08:50:34.993+0000][1][safepoint    ] Leaving safepoint region
[2019-12-11T08:50:34.993+0000][1][safepoint    ] Total time for which application threads were stopped: 0.0001105 seconds, Stopping threads took: 0.0000232 seconds
[2019-12-11T08:50:35.993+0000][1][safepoint    ] Application time: 1.0001989 seconds
[2019-12-11T08:50:35.993+0000][1][safepoint    ] Entering safepoint region: Cleanup
[2019-12-11T08:50:35.993+0000][1][safepoint    ] Leaving safepoint region
[2019-12-11T08:50:35.993+0000][1][safepoint    ] Total time for which application threads were stopped: 0.0001228 seconds, Stopping threads took: 0.0000264 seconds
[2019-12-11T08:50:36.995+0000][1][safepoint    ] Application time: 1.0017897 seconds
[2019-12-11T08:50:36.995+0000][1][safepoint    ] Entering safepoint region: Cleanup
[2019-12-11T08:50:36.995+0000][1][safepoint    ] Leaving safepoint region
[2019-12-11T08:50:36.995+0000][1][safepoint    ] Total time for which application threads were stopped: 0.0001166 seconds, Stopping threads took: 0.0000264 seconds
[2019-12-11T08:50:37.997+0000][1][safepoint    ] Application time: 1.0018304 seconds
[2019-12-11T08:50:37.997+0000][1][safepoint    ] Entering safepoint region: Cleanup
[2019-12-11T08:50:37.997+0000][1][safepoint    ] Leaving safepoint region
[2019-12-11T08:50:37.997+0000][1][safepoint    ] Total time for which application threads were stopped: 0.0001236 seconds, Stopping threads took: 0.0000285 seconds
[2019-12-11T08:50:38.998+0000][1][safepoint    ] Application time: 1.0007927 seconds
[2019-12-11T08:50:38.998+0000][1][safepoint    ] Entering safepoint region: Cleanup
[2019-12-11T08:50:38.998+0000][1][safepoint    ] Leaving safepoint region
[2019-12-11T08:50:38.998+0000][1][safepoint    ] Total time for which application threads were stopped: 0.0001246 seconds, Stopping threads took: 0.0000288 seconds
[2019-12-11T08:50:40.000+0000][1][safepoint    ] Application time: 1.0021445 seconds
[2019-12-11T08:50:40.000+0000][1][safepoint    ] Entering safepoint region: Cleanup
[2019-12-11T08:50:40.000+0000][1][safepoint    ] Leaving safepoint region
[2019-12-11T08:50:40.000+0000][1][safepoint    ] Total time for which application threads were stopped: 0.0001267 seconds, Stopping threads took: 0.0000279 seconds
[2019-12-11T08:50:41.004+0000][1][safepoint    ] Application time: 1.0034653 seconds
[2019-12-11T08:50:41.004+0000][1][safepoint    ] Entering safepoint region: Cleanup
[2019-12-11T08:50:41.004+0000][1][safepoint    ] Leaving safepoint region
[2019-12-11T08:50:41.004+0000][1][safepoint    ] Total time for which application threads were stopped: 0.0001351 seconds, Stopping threads took: 0.0000304 seconds
[2019-12-11T08:50:42.007+0000][1][safepoint    ] Application time: 1.0027923 seconds
[2019-12-11T08:50:42.007+0000][1][safepoint    ] Entering safepoint region: Cleanup
[2019-12-11T08:50:42.007+0000][1][safepoint    ] Leaving safepoint region
[2019-12-11T08:50:42.007+0000][1][safepoint    ] Total time for which application threads were stopped: 0.0001216 seconds, Stopping threads took: 0.0000267 seconds
[2019-12-11T08:50:43.009+0000][1][safepoint    ] Application time: 1.0019403 seconds
[2019-12-11T08:50:43.009+0000][1][safepoint    ] Entering safepoint region: Cleanup
[2019-12-11T08:50:43.009+0000][1][safepoint    ] Leaving safepoint region
[2019-12-11T08:50:43.009+0000][1][safepoint    ] Total time for which application threads were stopped: 0.0001162 seconds, Stopping threads took: 0.0000269 seconds
[2019-12-11T08:50:44.012+0000][1][safepoint    ] Application time: 1.0027032 seconds
[2019-12-11T08:50:44.012+0000][1][safepoint    ] Entering safepoint region: Cleanup
[2019-12-11T08:50:44.012+0000][1][safepoint    ] Leaving safepoint region
[2019-12-11T08:50:44.012+0000][1][safepoint    ] Total time for which application threads were stopped: 0.0001212 seconds, Stopping threads took: 0.0000262 seconds
[2019-12-11T08:50:45.012+0000][1][safepoint    ] Application time: 1.0005315 seconds
[2019-12-11T08:50:45.012+0000][1][safepoint    ] Entering safepoint region: Cleanup
[2019-12-11T08:50:45.013+0000][1][safepoint    ] Leaving safepoint region
[2019-12-11T08:50:45.013+0000][1][safepoint    ] Total time for which application threads were stopped: 0.0001426 seconds, Stopping threads took: 0.0000280 seconds
[2019-12-11T08:50:46.014+0000][1][safepoint    ] Application time: 1.0012770 seconds
[2019-12-11T08:50:46.014+0000][1][safepoint    ] Entering safepoint region: Cleanup
[2019-12-11T08:50:46.014+0000][1][safepoint    ] Leaving safepoint region
[2019-12-11T08:50:46.014+0000][1][safepoint    ] Total time for which application threads were stopped: 0.0001231 seconds, Stopping threads took: 0.0000260 seconds
[2019-12-11T08:50:47.015+0000][1][safepoint    ] Application time: 1.0007654 seconds
[2019-12-11T08:50:47.015+0000][1][safepoint    ] Entering safepoint region: Cleanup
[2019-12-11T08:50:47.015+0000][1][safepoint    ] Leaving safepoint region
[2019-12-11T08:50:47.015+0000][1][safepoint    ] Total time for which application threads were stopped: 0.0001244 seconds, Stopping threads took: 0.0000272 seconds
[2019-12-11T08:50:48.016+0000][1][safepoint    ] Application time: 1.0008991 seconds
[2019-12-11T08:50:48.016+0000][1][safepoint    ] Entering safepoint region: Cleanup
[2019-12-11T08:50:48.016+0000][1][safepoint    ] Leaving safepoint region
[2019-12-11T08:50:48.016+0000][1][safepoint    ] Total time for which application threads were stopped: 0.0001200 seconds, Stopping threads took: 0.0000258 seconds
[2019-12-11T08:50:49.020+0000][1][safepoint    ] Application time: 1.0037247 seconds
[2019-12-11T08:50:49.020+0000][1][safepoint    ] Entering safepoint region: Cleanup
[2019-12-11T08:50:49.020+0000][1][safepoint    ] Leaving safepoint region
[2019-12-11T08:50:49.020+0000][1][safepoint    ] Total time for which application threads were stopped: 0.0001180 seconds, Stopping threads took: 0.0000241 seconds
[2019-12-11T08:50:50.023+0000][1][safepoint    ] Application time: 1.0028496 seconds
[2019-12-11T08:50:50.023+0000][1][safepoint    ] Entering safepoint region: Cleanup
[2019-12-11T08:50:50.023+0000][1][safepoint    ] Leaving safepoint region
[2019-12-11T08:50:50.023+0000][1][safepoint    ] Total time for which application threads were stopped: 0.0001185 seconds, Stopping threads took: 0.0000269 seconds
[2019-12-11T08:50:51.027+0000][1][safepoint    ] Application time: 1.0038672 seconds
[2019-12-11T08:50:51.027+0000][1][safepoint    ] Entering safepoint region: Cleanup
[2019-12-11T08:50:51.027+0000][1][safepoint    ] Leaving safepoint region
[2019-12-11T08:50:51.027+0000][1][safepoint    ] Total time for which application threads were stopped: 0.0001203 seconds, Stopping threads took: 0.0000257 seconds
[2019-12-11T08:50:52.029+0000][1][safepoint    ] Application time: 1.0017918 seconds
[2019-12-11T08:50:52.029+0000][1][safepoint    ] Entering safepoint region: Cleanup
[2019-12-11T08:50:52.029+0000][1][safepoint    ] Leaving safepoint region
[2019-12-11T08:50:52.029+0000][1][safepoint    ] Total time for which application threads were stopped: 0.0001180 seconds, Stopping threads took: 0.0000256 seconds
[2019-12-11T08:50:53.031+0000][1][safepoint    ] Application time: 1.0017913 seconds
[2019-12-11T08:50:53.031+0000][1][safepoint    ] Entering safepoint region: Cleanup
[2019-12-11T08:50:53.031+0000][1][safepoint    ] Leaving safepoint region
[2019-12-11T08:50:53.031+0000][1][safepoint    ] Total time for which application threads were stopped: 0.0001212 seconds, Stopping threads took: 0.0000270 seconds
[2019-12-11T08:50:54.600+0000][1][safepoint    ] Application time: 1.5689381 seconds
[2019-12-11T08:50:54.600+0000][1][safepoint    ] Entering safepoint region: Cleanup
[2019-12-11T08:50:54.600+0000][1][safepoint    ] Leaving safepoint region
[2019-12-11T08:50:54.600+0000][1][safepoint    ] Total time for which application threads were stopped: 0.0001274 seconds, Stopping threads took: 0.0000255 seconds
[2019-12-11T08:50:55.603+0000][1][safepoint    ] Application time: 1.0026220 seconds
[2019-12-11T08:50:55.603+0000][1][safepoint    ] Entering safepoint region: Cleanup
[2019-12-11T08:50:55.603+0000][1][safepoint    ] Leaving safepoint region
[2019-12-11T08:50:55.603+0000][1][safepoint    ] Total time for which application threads were stopped: 0.0001344 seconds, Stopping threads took: 0.0000292 seconds
[2019-12-11T08:50:56.606+0000][1][safepoint    ] Application time: 1.0029628 seconds
[2019-12-11T08:50:56.606+0000][1][safepoint    ] Entering safepoint region: Cleanup
[2019-12-11T08:50:56.606+0000][1][safepoint    ] Leaving safepoint region
[2019-12-11T08:50:56.606+0000][1][safepoint    ] Total time for which application threads were stopped: 0.0001175 seconds, Stopping threads took: 0.0000263 seconds
[2019-12-11T08:50:57.607+0000][1][safepoint    ] Application time: 1.0006958 seconds
[2019-12-11T08:50:57.607+0000][1][safepoint    ] Entering safepoint region: Cleanup
[2019-12-11T08:50:57.607+0000][1][safepoint    ] Leaving safepoint region
[2019-12-11T08:50:57.607+0000][1][safepoint    ] Total time for which application threads were stopped: 0.0001581 seconds, Stopping threads took: 0.0000291 seconds
[2019-12-11T08:50:58.610+0000][1][safepoint    ] Application time: 1.0026868 seconds
[2019-12-11T08:50:58.610+0000][1][safepoint    ] Entering safepoint region: Cleanup
[2019-12-11T08:50:58.610+0000][1][safepoint    ] Leaving safepoint region
[2019-12-11T08:50:58.610+0000][1][safepoint    ] Total time for which application threads were stopped: 0.0001401 seconds, Stopping threads took: 0.0000285 seconds
[2019-12-11T08:50:59.615+0000][1][safepoint    ] Application time: 1.0048021 seconds
[2019-12-11T08:50:59.615+0000][1][safepoint    ] Entering safepoint region: Cleanup
[2019-12-11T08:50:59.615+0000][1][safepoint    ] Leaving safepoint region
[2019-12-11T08:50:59.615+0000][1][safepoint    ] Total time for which application threads were stopped: 0.0001344 seconds, Stopping threads took: 0.0000281 seconds
[2019-12-11T08:51:00.616+0000][1][safepoint    ] Application time: 1.0008811 seconds
[2019-12-11T08:51:00.616+0000][1][safepoint    ] Entering safepoint region: Cleanup
[2019-12-11T08:51:00.616+0000][1][safepoint    ] Leaving safepoint region
[2019-12-11T08:51:00.616+0000][1][safepoint    ] Total time for which application threads were stopped: 0.0001352 seconds, Stopping threads took: 0.0000277 seconds
[2019-12-11T08:51:01.619+0000][1][safepoint    ] Application time: 1.0026333 seconds
[2019-12-11T08:51:01.619+0000][1][safepoint    ] Entering safepoint region: Cleanup
[2019-12-11T08:51:01.619+0000][1][safepoint    ] Leaving safepoint region
[2019-12-11T08:51:01.619+0000][1][safepoint    ] Total time for which application threads were stopped: 0.0001540 seconds, Stopping threads took: 0.0000498 seconds
[2019-12-11T08:51:02.621+0000][1][safepoint    ] Application time: 1.0018773 seconds
[2019-12-11T08:51:02.621+0000][1][safepoint    ] Entering safepoint region: Cleanup
[2019-12-11T08:51:02.621+0000][1][safepoint    ] Leaving safepoint region
[2019-12-11T08:51:02.621+0000][1][safepoint    ] Total time for which application threads were stopped: 0.0001272 seconds, Stopping threads took: 0.0000284 seconds
[2019-12-11T08:51:03.624+0000][1][safepoint    ] Application time: 1.0028329 seconds
[2019-12-11T08:51:03.624+0000][1][safepoint    ] Entering safepoint region: Cleanup
[2019-12-11T08:51:03.624+0000][1][safepoint    ] Leaving safepoint region
[2019-12-11T08:51:03.624+0000][1][safepoint    ] Total time for which application threads were stopped: 0.0001368 seconds, Stopping threads took: 0.0000336 seconds
[2019-12-11T08:51:04.625+0000][1][safepoint    ] Application time: 1.0007903 seconds
[2019-12-11T08:51:04.625+0000][1][safepoint    ] Entering safepoint region: Cleanup
[2019-12-11T08:51:04.625+0000][1][safepoint    ] Leaving safepoint region
[2019-12-11T08:51:04.625+0000][1][safepoint    ] Total time for which application threads were stopped: 0.0001263 seconds, Stopping threads took: 0.0000267 seconds
[2019-12-11T08:51:05.628+0000][1][safepoint    ] Application time: 1.0028180 seconds
[2019-12-11T08:51:05.628+0000][1][safepoint    ] Entering safepoint region: Cleanup
[2019-12-11T08:51:05.628+0000][1][safepoint    ] Leaving safepoint region
[2019-12-11T08:51:05.628+0000][1][safepoint    ] Total time for which application threads were stopped: 0.0001218 seconds, Stopping threads took: 0.0000267 seconds
[2019-12-11T08:51:06.629+0000][1][safepoint    ] Application time: 1.0008228 seconds
[2019-12-11T08:51:06.629+0000][1][safepoint    ] Entering safepoint region: Cleanup
[2019-12-11T08:51:06.629+0000][1][safepoint    ] Leaving safepoint region
[2019-12-11T08:51:06.629+0000][1][safepoint    ] Total time for which application threads were stopped: 0.0001240 seconds, Stopping threads took: 0.0000262 seconds
[2019-12-11T08:51:07.632+0000][1][safepoint    ] Application time: 1.0028275 seconds
[2019-12-11T08:51:07.632+0000][1][safepoint    ] Entering safepoint region: Cleanup
[2019-12-11T08:51:07.632+0000][1][safepoint    ] Leaving safepoint region
[2019-12-11T08:51:07.632+0000][1][safepoint    ] Total time for which application threads were stopped: 0.0001098 seconds, Stopping threads took: 0.0000245 seconds
[2019-12-11T08:51:08.635+0000][1][safepoint    ] Application time: 1.0028126 seconds
[2019-12-11T08:51:08.635+0000][1][safepoint    ] Entering safepoint region: Cleanup
[2019-12-11T08:51:08.635+0000][1][safepoint    ] Leaving safepoint region
[2019-12-11T08:51:08.635+0000][1][safepoint    ] Total time for which application threads were stopped: 0.0001234 seconds, Stopping threads took: 0.0000285 seconds
[2019-12-11T08:51:09.636+0000][1][safepoint    ] Application time: 1.0008773 seconds
[2019-12-11T08:51:09.636+0000][1][safepoint    ] Entering safepoint region: Cleanup
[2019-12-11T08:51:09.636+0000][1][safepoint    ] Leaving safepoint region
[2019-12-11T08:51:09.636+0000][1][safepoint    ] Total time for which application threads were stopped: 0.0001257 seconds, Stopping threads took: 0.0000274 seconds
[2019-12-11T08:51:10.637+0000][1][safepoint    ] Application time: 1.0007638 seconds
[2019-12-11T08:51:10.637+0000][1][safepoint    ] Entering safepoint region: Cleanup
[2019-12-11T08:51:10.637+0000][1][safepoint    ] Leaving safepoint region
[2019-12-11T08:51:10.637+0000][1][safepoint    ] Total time for which application threads were stopped: 0.0001270 seconds, Stopping threads took: 0.0000288 seconds
[2019-12-11T08:51:11.640+0000][1][safepoint    ] Application time: 1.0027967 seconds
[2019-12-11T08:51:11.640+0000][1][safepoint    ] Entering safepoint region: Cleanup
[2019-12-11T08:51:11.640+0000][1][safepoint    ] Leaving safepoint region
[2019-12-11T08:51:11.640+0000][1][safepoint    ] Total time for which application threads were stopped: 0.0001189 seconds, Stopping threads took: 0.0000278 seconds
[2019-12-11T08:51:12.642+0000][1][safepoint    ] Application time: 1.0018441 seconds
[2019-12-11T08:51:12.642+0000][1][safepoint    ] Entering safepoint region: Cleanup
[2019-12-11T08:51:12.642+0000][1][safepoint    ] Leaving safepoint region
[2019-12-11T08:51:12.642+0000][1][safepoint    ] Total time for which application threads were stopped: 0.0001339 seconds, Stopping threads took: 0.0000316 seconds
[2019-12-11T08:51:13.643+0000][1][safepoint    ] Application time: 1.0008075 seconds
[2019-12-11T08:51:13.643+0000][1][safepoint    ] Entering safepoint region: Cleanup
[2019-12-11T08:51:13.643+0000][1][safepoint    ] Leaving safepoint region
[2019-12-11T08:51:13.643+0000][1][safepoint    ] Total time for which application threads were stopped: 0.0001293 seconds, Stopping threads took: 0.0000278 seconds
[2019-12-11T08:51:14.644+0000][1][safepoint    ] Application time: 1.0007990 seconds
[2019-12-11T08:51:14.644+0000][1][safepoint    ] Entering safepoint region: Cleanup
[2019-12-11T08:51:14.644+0000][1][safepoint    ] Leaving safepoint region
[2019-12-11T08:51:14.644+0000][1][safepoint    ] Total time for which application threads were stopped: 0.0001183 seconds, Stopping threads took: 0.0000264 seconds
[2019-12-11T08:51:15.645+0000][1][safepoint    ] Application time: 1.0008304 seconds
[2019-12-11T08:51:15.645+0000][1][safepoint    ] Entering safepoint region: Cleanup
[2019-12-11T08:51:15.645+0000][1][safepoint    ] Leaving safepoint region
[2019-12-11T08:51:15.645+0000][1][safepoint    ] Total time for which application threads were stopped: 0.0001220 seconds, Stopping threads took: 0.0000287 seconds
[2019-12-11T08:51:16.647+0000][1][safepoint    ] Application time: 1.0018140 seconds
[2019-12-11T08:51:16.647+0000][1][safepoint    ] Entering safepoint region: Cleanup
[2019-12-11T08:51:16.647+0000][1][safepoint    ] Leaving safepoint region
[2019-12-11T08:51:16.647+0000][1][safepoint    ] Total time for which application threads were stopped: 0.0001381 seconds, Stopping threads took: 0.0000285 seconds
[2019-12-11T08:51:17.648+0000][1][safepoint    ] Application time: 1.0008453 seconds
[2019-12-11T08:51:17.648+0000][1][safepoint    ] Entering safepoint region: Cleanup
[2019-12-11T08:51:17.648+0000][1][safepoint    ] Leaving safepoint region
[2019-12-11T08:51:17.648+0000][1][safepoint    ] Total time for which application threads were stopped: 0.0001168 seconds, Stopping threads took: 0.0000257 seconds
[2019-12-11T08:51:18.651+0000][1][safepoint    ] Application time: 1.0027718 seconds
[2019-12-11T08:51:18.651+0000][1][safepoint    ] Entering safepoint region: Cleanup
[2019-12-11T08:51:18.651+0000][1][safepoint    ] Leaving safepoint region
[2019-12-11T08:51:18.651+0000][1][safepoint    ] Total time for which application threads were stopped: 0.0001220 seconds, Stopping threads took: 0.0000267 seconds
[2019-12-11T08:51:19.652+0000][1][safepoint    ] Application time: 1.0008233 seconds
[2019-12-11T08:51:19.652+0000][1][safepoint    ] Entering safepoint region: Cleanup
[2019-12-11T08:51:19.652+0000][1][safepoint    ] Leaving safepoint region
[2019-12-11T08:51:19.652+0000][1][safepoint    ] Total time for which application threads were stopped: 0.0001287 seconds, Stopping threads took: 0.0000293 seconds
[2019-12-11T08:51:20.653+0000][1][safepoint    ] Application time: 1.0008139 seconds
[2019-12-11T08:51:20.653+0000][1][safepoint    ] Entering safepoint region: Cleanup
[2019-12-11T08:51:20.653+0000][1][safepoint    ] Leaving safepoint region
[2019-12-11T08:51:20.653+0000][1][safepoint    ] Total time for which application threads were stopped: 0.0001307 seconds, Stopping threads took: 0.0000257 seconds
[2019-12-11T08:51:21.654+0000][1][safepoint    ] Application time: 1.0008187 seconds
[2019-12-11T08:51:21.654+0000][1][safepoint    ] Entering safepoint region: Cleanup
[2019-12-11T08:51:21.654+0000][1][safepoint    ] Leaving safepoint region
[2019-12-11T08:51:21.654+0000][1][safepoint    ] Total time for which application threads were stopped: 0.0001231 seconds, Stopping threads took: 0.0000291 seconds
[2019-12-11T08:51:22.655+0000][1][safepoint    ] Application time: 1.0008301 seconds
[2019-12-11T08:51:22.655+0000][1][safepoint    ] Entering safepoint region: Cleanup
[2019-12-11T08:51:22.655+0000][1][safepoint    ] Leaving safepoint region
[2019-12-11T08:51:22.655+0000][1][safepoint    ] Total time for which application threads were stopped: 0.0001191 seconds, Stopping threads took: 0.0000268 seconds
[2019-12-11T08:51:23.656+0000][1][safepoint    ] Application time: 1.0007917 seconds
[2019-12-11T08:51:23.656+0000][1][safepoint    ] Entering safepoint region: Cleanup
[2019-12-11T08:51:23.656+0000][1][safepoint    ] Leaving safepoint region
[2019-12-11T08:51:23.656+0000][1][safepoint    ] Total time for which application threads were stopped: 0.0001219 seconds, Stopping threads took: 0.0000266 seconds
[2019-12-11T08:51:24.657+0000][1][safepoint    ] Application time: 1.0008500 seconds
[2019-12-11T08:51:24.657+0000][1][safepoint    ] Entering safepoint region: Cleanup
[2019-12-11T08:51:24.657+0000][1][safepoint    ] Leaving safepoint region
[2019-12-11T08:51:24.657+0000][1][safepoint    ] Total time for which application threads were stopped: 0.0001255 seconds, Stopping threads took: 0.0000262 seconds
[2019-12-11T08:51:25.658+0000][1][safepoint    ] Application time: 1.0007732 seconds
[2019-12-11T08:51:25.658+0000][1][safepoint    ] Entering safepoint region: Cleanup
[2019-12-11T08:51:25.658+0000][1][safepoint    ] Leaving safepoint region
[2019-12-11T08:51:25.658+0000][1][safepoint    ] Total time for which application threads were stopped: 0.0001108 seconds, Stopping threads took: 0.0000259 seconds
[2019-12-11T08:51:26.659+0000][1][safepoint    ] Application time: 1.0008370 seconds
[2019-12-11T08:51:26.659+0000][1][safepoint    ] Entering safepoint region: Cleanup
[2019-12-11T08:51:26.659+0000][1][safepoint    ] Leaving safepoint region
[2019-12-11T08:51:26.659+0000][1][safepoint    ] Total time for which application threads were stopped: 0.0001280 seconds, Stopping threads took: 0.0000295 seconds
[2019-12-11T08:51:27.661+0000][1][safepoint    ] Application time: 1.0017882 seconds
[2019-12-11T08:51:27.661+0000][1][safepoint    ] Entering safepoint region: Cleanup
[2019-12-11T08:51:27.661+0000][1][safepoint    ] Leaving safepoint region
[2019-12-11T08:51:27.661+0000][1][safepoint    ] Total time for which application threads were stopped: 0.0001117 seconds, Stopping threads took: 0.0000247 seconds
[2019-12-11T08:51:28.663+0000][1][safepoint    ] Application time: 1.0018287 seconds
[2019-12-11T08:51:28.663+0000][1][safepoint    ] Entering safepoint region: Cleanup
[2019-12-11T08:51:28.663+0000][1][safepoint    ] Leaving safepoint region
[2019-12-11T08:51:28.663+0000][1][safepoint    ] Total time for which application threads were stopped: 0.0001142 seconds, Stopping threads took: 0.0000267 seconds
[2019-12-11T08:51:29.664+0000][1][safepoint    ] Application time: 1.0008310 seconds
[2019-12-11T08:51:29.664+0000][1][safepoint    ] Entering safepoint region: Cleanup
[2019-12-11T08:51:29.664+0000][1][safepoint    ] Leaving safepoint region
[2019-12-11T08:51:29.664+0000][1][safepoint    ] Total time for which application threads were stopped: 0.0001304 seconds, Stopping threads took: 0.0000266 seconds
[2019-12-11T08:51:30.665+0000][1][safepoint    ] Application time: 1.0008075 seconds
[2019-12-11T08:51:30.665+0000][1][safepoint    ] Entering safepoint region: Cleanup
[2019-12-11T08:51:30.665+0000][1][safepoint    ] Leaving safepoint region
[2019-12-11T08:51:30.665+0000][1][safepoint    ] Total time for which application threads were stopped: 0.0001147 seconds, Stopping threads took: 0.0000255 seconds
[2019-12-11T08:51:31.666+0000][1][safepoint    ] Application time: 1.0008362 seconds
[2019-12-11T08:51:31.666+0000][1][safepoint    ] Entering safepoint region: Cleanup
[2019-12-11T08:51:31.666+0000][1][safepoint    ] Leaving safepoint region
[2019-12-11T08:51:31.666+0000][1][safepoint    ] Total time for which application threads were stopped: 0.0001276 seconds, Stopping threads took: 0.0000294 seconds
[2019-12-11T08:51:32.668+0000][1][safepoint    ] Application time: 1.0018057 seconds
[2019-12-11T08:51:32.668+0000][1][safepoint    ] Entering safepoint region: Cleanup
[2019-12-11T08:51:32.668+0000][1][safepoint    ] Leaving safepoint region
[2019-12-11T08:51:32.668+0000][1][safepoint    ] Total time for which application threads were stopped: 0.0001153 seconds, Stopping threads took: 0.0000258 seconds
[2019-12-11T08:51:33.669+0000][1][safepoint    ] Application time: 1.0008595 seconds
[2019-12-11T08:51:33.669+0000][1][safepoint    ] Entering safepoint region: Cleanup
[2019-12-11T08:51:33.669+0000][1][safepoint    ] Leaving safepoint region
[2019-12-11T08:51:33.669+0000][1][safepoint    ] Total time for which application threads were stopped: 0.0001134 seconds, Stopping threads took: 0.0000246 seconds
[2019-12-11T08:51:34.670+0000][1][safepoint    ] Application time: 1.0008131 seconds
[2019-12-11T08:51:34.670+0000][1][safepoint    ] Entering safepoint region: Cleanup
[2019-12-11T08:51:34.670+0000][1][safepoint    ] Leaving safepoint region
[2019-12-11T08:51:34.670+0000][1][safepoint    ] Total time for which application threads were stopped: 0.0001209 seconds, Stopping threads took: 0.0000282 seconds
[2019-12-11T08:51:35.674+0000][1][safepoint    ] Application time: 1.0038461 seconds
[2019-12-11T08:51:35.674+0000][1][safepoint    ] Entering safepoint region: Cleanup
[2019-12-11T08:51:35.674+0000][1][safepoint    ] Leaving safepoint region
[2019-12-11T08:51:35.674+0000][1][safepoint    ] Total time for which application threads were stopped: 0.0001145 seconds, Stopping threads took: 0.0000265 seconds
[2019-12-11T08:51:36.675+0000][1][safepoint    ] Application time: 1.0007873 seconds
[2019-12-11T08:51:36.675+0000][1][safepoint    ] Entering safepoint region: Cleanup
[2019-12-11T08:51:36.675+0000][1][safepoint    ] Leaving safepoint region
[2019-12-11T08:51:36.675+0000][1][safepoint    ] Total time for which application threads were stopped: 0.0001303 seconds, Stopping threads took: 0.0000359 seconds
[2019-12-11T08:51:37.676+0000][1][safepoint    ] Application time: 1.0008212 seconds
[2019-12-11T08:51:37.676+0000][1][safepoint    ] Entering safepoint region: Cleanup
[2019-12-11T08:51:37.676+0000][1][safepoint    ] Leaving safepoint region
[2019-12-11T08:51:37.676+0000][1][safepoint    ] Total time for which application threads were stopped: 0.0001231 seconds, Stopping threads took: 0.0000272 seconds
[2019-12-11T08:51:38.677+0000][1][safepoint    ] Application time: 1.0008247 seconds
[2019-12-11T08:51:38.677+0000][1][safepoint    ] Entering safepoint region: Cleanup
[2019-12-11T08:51:38.677+0000][1][safepoint    ] Leaving safepoint region
[2019-12-11T08:51:38.677+0000][1][safepoint    ] Total time for which application threads were stopped: 0.0001400 seconds, Stopping threads took: 0.0000335 seconds
[2019-12-11T08:51:39.679+0000][1][safepoint    ] Application time: 1.0017808 seconds
[2019-12-11T08:51:39.679+0000][1][safepoint    ] Entering safepoint region: Cleanup
[2019-12-11T08:51:39.679+0000][1][safepoint    ] Leaving safepoint region
[2019-12-11T08:51:39.679+0000][1][safepoint    ] Total time for which application threads were stopped: 0.0001209 seconds, Stopping threads took: 0.0000282 seconds
[2019-12-11T08:51:40.680+0000][1][safepoint    ] Application time: 1.0008376 seconds
[2019-12-11T08:51:40.680+0000][1][safepoint    ] Entering safepoint region: Cleanup
[2019-12-11T08:51:40.680+0000][1][safepoint    ] Leaving safepoint region
[2019-12-11T08:51:40.680+0000][1][safepoint    ] Total time for which application threads were stopped: 0.0001304 seconds, Stopping threads took: 0.0000285 seconds
[2019-12-11T08:51:41.682+0000][1][safepoint    ] Application time: 1.0017856 seconds
[2019-12-11T08:51:41.685+0000][1][safepoint    ] Entering safepoint region: Cleanup
[2019-12-11T08:51:41.685+0000][1][safepoint    ] Leaving safepoint region
[2019-12-11T08:51:41.685+0000][1][safepoint    ] Total time for which application threads were stopped: 0.0030830 seconds, Stopping threads took: 0.0029737 seconds
[2019-12-11T08:51:42.688+0000][1][safepoint    ] Application time: 1.0028593 seconds
[2019-12-11T08:51:42.688+0000][1][safepoint    ] Entering safepoint region: Cleanup
[2019-12-11T08:51:42.688+0000][1][safepoint    ] Leaving safepoint region
[2019-12-11T08:51:42.688+0000][1][safepoint    ] Total time for which application threads were stopped: 0.0001170 seconds, Stopping threads took: 0.0000266 seconds
[2019-12-11T08:51:43.689+0000][1][safepoint    ] Application time: 1.0008235 seconds
[2019-12-11T08:51:43.689+0000][1][safepoint    ] Entering safepoint region: Cleanup
[2019-12-11T08:51:43.689+0000][1][safepoint    ] Leaving safepoint region
[2019-12-11T08:51:43.689+0000][1][safepoint    ] Total time for which application threads were stopped: 0.0001319 seconds, Stopping threads took: 0.0000301 seconds
[2019-12-11T08:51:44.691+0000][1][safepoint    ] Application time: 1.0018198 seconds
[2019-12-11T08:51:44.691+0000][1][safepoint    ] Entering safepoint region: Cleanup
[2019-12-11T08:51:44.691+0000][1][safepoint    ] Leaving safepoint region
[2019-12-11T08:51:44.691+0000][1][safepoint    ] Total time for which application threads were stopped: 0.0001199 seconds, Stopping threads took: 0.0000258 seconds
[2019-12-11T08:51:45.692+0000][1][safepoint    ] Application time: 1.0008157 seconds
[2019-12-11T08:51:45.692+0000][1][safepoint    ] Entering safepoint region: Cleanup
[2019-12-11T08:51:45.692+0000][1][safepoint    ] Leaving safepoint region
[2019-12-11T08:51:45.692+0000][1][safepoint    ] Total time for which application threads were stopped: 0.0001357 seconds, Stopping threads took: 0.0000303 seconds
[2019-12-11T08:51:46.693+0000][1][safepoint    ] Application time: 1.0007896 seconds
[2019-12-11T08:51:46.693+0000][1][safepoint    ] Entering safepoint region: Cleanup
[2019-12-11T08:51:46.693+0000][1][safepoint    ] Leaving safepoint region
[2019-12-11T08:51:46.693+0000][1][safepoint    ] Total time for which application threads were stopped: 0.0001152 seconds, Stopping threads took: 0.0000263 seconds
[2019-12-11T08:51:47.694+0000][1][safepoint    ] Application time: 1.0008503 seconds
[2019-12-11T08:51:47.694+0000][1][safepoint    ] Entering safepoint region: Cleanup
[2019-12-11T08:51:47.694+0000][1][safepoint    ] Leaving safepoint region
[2019-12-11T08:51:47.694+0000][1][safepoint    ] Total time for which application threads were stopped: 0.0001235 seconds, Stopping threads took: 0.0000277 seconds
[2019-12-11T08:51:48.697+0000][1][safepoint    ] Application time: 1.0028030 seconds
[2019-12-11T08:51:48.697+0000][1][safepoint    ] Entering safepoint region: Cleanup
[2019-12-11T08:51:48.697+0000][1][safepoint    ] Leaving safepoint region
[2019-12-11T08:51:48.697+0000][1][safepoint    ] Total time for which application threads were stopped: 0.0001283 seconds, Stopping threads took: 0.0000320 seconds
[2019-12-11T08:51:49.699+0000][1][safepoint    ] Application time: 1.0018233 seconds
[2019-12-11T08:51:49.699+0000][1][safepoint    ] Entering safepoint region: Cleanup
[2019-12-11T08:51:49.699+0000][1][safepoint    ] Leaving safepoint region
[2019-12-11T08:51:49.699+0000][1][safepoint    ] Total time for which application threads were stopped: 0.0001199 seconds, Stopping threads took: 0.0000286 seconds
[2019-12-11T08:51:50.701+0000][1][safepoint    ] Application time: 1.0017552 seconds
[2019-12-11T08:51:50.701+0000][1][safepoint    ] Entering safepoint region: Cleanup
[2019-12-11T08:51:50.701+0000][1][safepoint    ] Leaving safepoint region
[2019-12-11T08:51:50.701+0000][1][safepoint    ] Total time for which application threads were stopped: 0.0001183 seconds, Stopping threads took: 0.0000275 seconds
[2019-12-11T08:51:51.702+0000][1][safepoint    ] Application time: 1.0008935 seconds
[2019-12-11T08:51:51.702+0000][1][safepoint    ] Entering safepoint region: Cleanup
[2019-12-11T08:51:51.702+0000][1][safepoint    ] Leaving safepoint region
[2019-12-11T08:51:51.702+0000][1][safepoint    ] Total time for which application threads were stopped: 0.0001143 seconds, Stopping threads took: 0.0000260 seconds
[2019-12-11T08:51:52.703+0000][1][safepoint    ] Application time: 1.0008673 seconds
[2019-12-11T08:51:52.703+0000][1][safepoint    ] Entering safepoint region: Cleanup
[2019-12-11T08:51:52.703+0000][1][safepoint    ] Leaving safepoint region
[2019-12-11T08:51:52.703+0000][1][safepoint    ] Total time for which application threads were stopped: 0.0001228 seconds, Stopping threads took: 0.0000281 seconds
[2019-12-11T08:51:53.704+0000][1][safepoint    ] Application time: 1.0007434 seconds
[2019-12-11T08:51:53.704+0000][1][safepoint    ] Entering safepoint region: Cleanup
[2019-12-11T08:51:53.704+0000][1][safepoint    ] Leaving safepoint region
[2019-12-11T08:51:53.704+0000][1][safepoint    ] Total time for which application threads were stopped: 0.0001286 seconds, Stopping threads took: 0.0000280 seconds
[2019-12-11T08:51:54.704+0000][1][safepoint    ] Application time: 1.0000896 seconds
[2019-12-11T08:51:54.704+0000][1][safepoint    ] Entering safepoint region: Cleanup
[2019-12-11T08:51:54.704+0000][1][safepoint    ] Leaving safepoint region
[2019-12-11T08:51:54.704+0000][1][safepoint    ] Total time for which application threads were stopped: 0.0001196 seconds, Stopping threads took: 0.0000271 seconds
[2019-12-11T08:51:55.705+0000][1][safepoint    ] Application time: 1.0005230 seconds
[2019-12-11T08:51:55.705+0000][1][safepoint    ] Entering safepoint region: Cleanup
[2019-12-11T08:51:55.705+0000][1][safepoint    ] Leaving safepoint region
[2019-12-11T08:51:55.705+0000][1][safepoint    ] Total time for which application threads were stopped: 0.0001186 seconds, Stopping threads took: 0.0000265 seconds
[2019-12-11T08:51:56.706+0000][1][safepoint    ] Application time: 1.0008374 seconds
[2019-12-11T08:51:56.706+0000][1][safepoint    ] Entering safepoint region: Cleanup
[2019-12-11T08:51:56.706+0000][1][safepoint    ] Leaving safepoint region
[2019-12-11T08:51:56.706+0000][1][safepoint    ] Total time for which application threads were stopped: 0.0001333 seconds, Stopping threads took: 0.0000314 seconds
[2019-12-11T08:51:57.707+0000][1][safepoint    ] Application time: 1.0007900 seconds
[2019-12-11T08:51:57.707+0000][1][safepoint    ] Entering safepoint region: Cleanup
[2019-12-11T08:51:57.707+0000][1][safepoint    ] Leaving safepoint region
[2019-12-11T08:51:57.707+0000][1][safepoint    ] Total time for which application threads were stopped: 0.0001143 seconds, Stopping threads took: 0.0000257 seconds
[2019-12-11T08:51:58.708+0000][1][safepoint    ] Application time: 1.0008466 seconds
[2019-12-11T08:51:58.708+0000][1][safepoint    ] Entering safepoint region: Cleanup
[2019-12-11T08:51:58.708+0000][1][safepoint    ] Leaving safepoint region
[2019-12-11T08:51:58.708+0000][1][safepoint    ] Total time for which application threads were stopped: 0.0001185 seconds, Stopping threads took: 0.0000255 seconds
[2019-12-11T08:51:59.710+0000][1][safepoint    ] Application time: 1.0018056 seconds
[2019-12-11T08:51:59.710+0000][1][safepoint    ] Entering safepoint region: Cleanup
[2019-12-11T08:51:59.710+0000][1][safepoint    ] Leaving safepoint region
[2019-12-11T08:51:59.710+0000][1][safepoint    ] Total time for which application threads were stopped: 0.0001291 seconds, Stopping threads took: 0.0000304 seconds
[2019-12-11T08:52:00.712+0000][1][safepoint    ] Application time: 1.0018055 seconds
[2019-12-11T08:52:00.712+0000][1][safepoint    ] Entering safepoint region: Cleanup
[2019-12-11T08:52:00.712+0000][1][safepoint    ] Leaving safepoint region
[2019-12-11T08:52:00.712+0000][1][safepoint    ] Total time for which application threads were stopped: 0.0001171 seconds, Stopping threads took: 0.0000262 seconds
[2019-12-11T08:52:01.715+0000][1][safepoint    ] Application time: 1.0028391 seconds
[2019-12-11T08:52:01.715+0000][1][safepoint    ] Entering safepoint region: Cleanup
[2019-12-11T08:52:01.715+0000][1][safepoint    ] Leaving safepoint region
[2019-12-11T08:52:01.715+0000][1][safepoint    ] Total time for which application threads were stopped: 0.0001262 seconds, Stopping threads took: 0.0000286 seconds
[2019-12-11T08:52:02.716+0000][1][safepoint    ] Application time: 1.0008040 seconds
[2019-12-11T08:52:02.716+0000][1][safepoint    ] Entering safepoint region: Cleanup
[2019-12-11T08:52:02.716+0000][1][safepoint    ] Leaving safepoint region
[2019-12-11T08:52:02.716+0000][1][safepoint    ] Total time for which application threads were stopped: 0.0001307 seconds, Stopping threads took: 0.0000299 seconds
[2019-12-11T08:52:03.717+0000][1][safepoint    ] Application time: 1.0008331 seconds
[2019-12-11T08:52:03.717+0000][1][safepoint    ] Entering safepoint region: Cleanup
[2019-12-11T08:52:03.717+0000][1][safepoint    ] Leaving safepoint region
[2019-12-11T08:52:03.717+0000][1][safepoint    ] Total time for which application threads were stopped: 0.0001199 seconds, Stopping threads took: 0.0000273 seconds
[2019-12-11T08:52:04.718+0000][1][safepoint    ] Application time: 1.0009093 seconds
[2019-12-11T08:52:04.718+0000][1][safepoint    ] Entering safepoint region: Cleanup
[2019-12-11T08:52:04.718+0000][1][safepoint    ] Leaving safepoint region
[2019-12-11T08:52:04.718+0000][1][safepoint    ] Total time for which application threads were stopped: 0.0001159 seconds, Stopping threads took: 0.0000262 seconds
[2019-12-11T08:52:05.718+0000][1][safepoint    ] Application time: 1.0001732 seconds
[2019-12-11T08:52:05.718+0000][1][safepoint    ] Entering safepoint region: Cleanup
[2019-12-11T08:52:05.718+0000][1][safepoint    ] Leaving safepoint region
[2019-12-11T08:52:05.718+0000][1][safepoint    ] Total time for which application threads were stopped: 0.0001291 seconds, Stopping threads took: 0.0000276 seconds
[2019-12-11T08:52:06.719+0000][1][safepoint    ] Application time: 1.0003693 seconds
[2019-12-11T08:52:06.719+0000][1][safepoint    ] Entering safepoint region: Cleanup
[2019-12-11T08:52:06.719+0000][1][safepoint    ] Leaving safepoint region
[2019-12-11T08:52:06.719+0000][1][safepoint    ] Total time for which application threads were stopped: 0.0001316 seconds, Stopping threads took: 0.0000357 seconds
[2019-12-11T08:52:07.724+0000][1][safepoint    ] Application time: 1.0048133 seconds
[2019-12-11T08:52:07.724+0000][1][safepoint    ] Entering safepoint region: Cleanup
[2019-12-11T08:52:07.724+0000][1][safepoint    ] Leaving safepoint region
[2019-12-11T08:52:07.724+0000][1][safepoint    ] Total time for which application threads were stopped: 0.0001220 seconds, Stopping threads took: 0.0000269 seconds
[2019-12-11T08:52:08.725+0000][1][safepoint    ] Application time: 1.0008166 seconds
[2019-12-11T08:52:08.725+0000][1][safepoint    ] Entering safepoint region: Cleanup
[2019-12-11T08:52:08.725+0000][1][safepoint    ] Leaving safepoint region
[2019-12-11T08:52:08.725+0000][1][safepoint    ] Total time for which application threads were stopped: 0.0001354 seconds, Stopping threads took: 0.0000353 seconds
[2019-12-11T08:52:09.725+0000][1][safepoint    ] Application time: 1.0000902 seconds
[2019-12-11T08:52:09.725+0000][1][safepoint    ] Entering safepoint region: Cleanup
[2019-12-11T08:52:09.725+0000][1][safepoint    ] Leaving safepoint region
[2019-12-11T08:52:09.725+0000][1][safepoint    ] Total time for which application threads were stopped: 0.0001355 seconds, Stopping threads took: 0.0000292 seconds
[2019-12-11T08:52:10.726+0000][1][safepoint    ] Application time: 1.0005208 seconds
[2019-12-11T08:52:10.726+0000][1][safepoint    ] Entering safepoint region: Cleanup
[2019-12-11T08:52:10.726+0000][1][safepoint    ] Leaving safepoint region
[2019-12-11T08:52:10.726+0000][1][safepoint    ] Total time for which application threads were stopped: 0.0001257 seconds, Stopping threads took: 0.0000281 seconds
[2019-12-11T08:52:11.727+0000][1][safepoint    ] Application time: 1.0008636 seconds
[2019-12-11T08:52:11.727+0000][1][safepoint    ] Entering safepoint region: Cleanup
[2019-12-11T08:52:11.727+0000][1][safepoint    ] Leaving safepoint region
[2019-12-11T08:52:11.727+0000][1][safepoint    ] Total time for which application threads were stopped: 0.0001147 seconds, Stopping threads took: 0.0000253 seconds
[2019-12-11T08:52:12.728+0000][1][safepoint    ] Application time: 1.0008268 seconds
[2019-12-11T08:52:12.728+0000][1][safepoint    ] Entering safepoint region: Cleanup
[2019-12-11T08:52:12.728+0000][1][safepoint    ] Leaving safepoint region
[2019-12-11T08:52:12.728+0000][1][safepoint    ] Total time for which application threads were stopped: 0.0001217 seconds, Stopping threads took: 0.0000265 seconds
[2019-12-11T08:52:13.729+0000][1][safepoint    ] Application time: 1.0007632 seconds
[2019-12-11T08:52:13.729+0000][1][safepoint    ] Entering safepoint region: Cleanup
[2019-12-11T08:52:13.729+0000][1][safepoint    ] Leaving safepoint region
[2019-12-11T08:52:13.729+0000][1][safepoint    ] Total time for which application threads were stopped: 0.0001270 seconds, Stopping threads took: 0.0000283 seconds
[2019-12-11T08:52:14.730+0000][1][safepoint    ] Application time: 1.0008069 seconds
[2019-12-11T08:52:14.730+0000][1][safepoint    ] Entering safepoint region: Cleanup
[2019-12-11T08:52:14.730+0000][1][safepoint    ] Leaving safepoint region
[2019-12-11T08:52:14.730+0000][1][safepoint    ] Total time for which application threads were stopped: 0.0001393 seconds, Stopping threads took: 0.0000253 seconds
[2019-12-11T08:52:15.731+0000][1][safepoint    ] Application time: 1.0008113 seconds
[2019-12-11T08:52:15.731+0000][1][safepoint    ] Entering safepoint region: Cleanup
[2019-12-11T08:52:15.731+0000][1][safepoint    ] Leaving safepoint region
[2019-12-11T08:52:15.731+0000][1][safepoint    ] Total time for which application threads were stopped: 0.0001379 seconds, Stopping threads took: 0.0000293 seconds
[2019-12-11T08:52:16.732+0000][1][safepoint    ] Application time: 1.0008003 seconds
[2019-12-11T08:52:16.732+0000][1][safepoint    ] Entering safepoint region: Cleanup
[2019-12-11T08:52:16.732+0000][1][safepoint    ] Leaving safepoint region
[2019-12-11T08:52:16.732+0000][1][safepoint    ] Total time for which application threads were stopped: 0.0001239 seconds, Stopping threads took: 0.0000293 seconds
[2019-12-11T08:52:17.733+0000][1][safepoint    ] Application time: 1.0008114 seconds
[2019-12-11T08:52:17.733+0000][1][safepoint    ] Entering safepoint region: Cleanup
[2019-12-11T08:52:17.733+0000][1][safepoint    ] Leaving safepoint region
[2019-12-11T08:52:17.733+0000][1][safepoint    ] Total time for which application threads were stopped: 0.0001369 seconds, Stopping threads took: 0.0000293 seconds
[2019-12-11T08:52:18.733+0000][1][safepoint    ] Application time: 1.0001791 seconds
[2019-12-11T08:52:18.733+0000][1][safepoint    ] Entering safepoint region: Cleanup
[2019-12-11T08:52:18.733+0000][1][safepoint    ] Leaving safepoint region
[2019-12-11T08:52:18.733+0000][1][safepoint    ] Total time for which application threads were stopped: 0.0001337 seconds, Stopping threads took: 0.0000363 seconds
[2019-12-11T08:52:19.736+0000][1][safepoint    ] Application time: 1.0024192 seconds
[2019-12-11T08:52:19.736+0000][1][safepoint    ] Entering safepoint region: Cleanup
[2019-12-11T08:52:19.736+0000][1][safepoint    ] Leaving safepoint region
[2019-12-11T08:52:19.736+0000][1][safepoint    ] Total time for which application threads were stopped: 0.0001244 seconds, Stopping threads took: 0.0000278 seconds
[2019-12-11T08:52:20.739+0000][1][safepoint    ] Application time: 1.0027811 seconds
[2019-12-11T08:52:20.739+0000][1][safepoint    ] Entering safepoint region: Cleanup
[2019-12-11T08:52:20.739+0000][1][safepoint    ] Leaving safepoint region
[2019-12-11T08:52:20.739+0000][1][safepoint    ] Total time for which application threads were stopped: 0.0001345 seconds, Stopping threads took: 0.0000310 seconds
[2019-12-11T08:52:21.742+0000][1][safepoint    ] Application time: 1.0035087 seconds
[2019-12-11T08:52:21.742+0000][1][safepoint    ] Entering safepoint region: Cleanup
[2019-12-11T08:52:21.743+0000][1][safepoint    ] Leaving safepoint region
[2019-12-11T08:52:21.743+0000][1][safepoint    ] Total time for which application threads were stopped: 0.0001267 seconds, Stopping threads took: 0.0000283 seconds
[2019-12-11T08:52:22.746+0000][1][safepoint    ] Application time: 1.0031064 seconds
[2019-12-11T08:52:22.746+0000][1][safepoint    ] Entering safepoint region: Cleanup
[2019-12-11T08:52:22.746+0000][1][safepoint    ] Leaving safepoint region
[2019-12-11T08:52:22.746+0000][1][safepoint    ] Total time for which application threads were stopped: 0.0001184 seconds, Stopping threads took: 0.0000271 seconds
[2019-12-11T08:52:23.747+0000][1][safepoint    ] Application time: 1.0008555 seconds
[2019-12-11T08:52:23.747+0000][1][safepoint    ] Entering safepoint region: Cleanup
[2019-12-11T08:52:23.747+0000][1][safepoint    ] Leaving safepoint region
[2019-12-11T08:52:23.747+0000][1][safepoint    ] Total time for which application threads were stopped: 0.0001246 seconds, Stopping threads took: 0.0000268 seconds
[2019-12-11T08:52:24.748+0000][1][safepoint    ] Application time: 1.0007900 seconds
[2019-12-11T08:52:24.748+0000][1][safepoint    ] Entering safepoint region: Cleanup
[2019-12-11T08:52:24.748+0000][1][safepoint    ] Leaving safepoint region
[2019-12-11T08:52:24.748+0000][1][safepoint    ] Total time for which application threads were stopped: 0.0001247 seconds, Stopping threads took: 0.0000308 seconds
[2019-12-11T08:52:25.083+0000][1][safepoint    ] Application time: 0.3348009 seconds
[2019-12-11T08:52:25.083+0000][1][safepoint    ] Entering safepoint region: GenCollectForAllocation
[2019-12-11T08:52:25.083+0000][1][gc,start     ] GC(38) Pause Young (Allocation Failure)
[2019-12-11T08:52:25.083+0000][1][gc,task      ] GC(38) Using 2 workers of 2 for evacuation
[2019-12-11T08:52:25.095+0000][1][gc,age       ] GC(38) Desired survivor size 4456448 bytes, new threshold 6 (max threshold 6)
[2019-12-11T08:52:25.095+0000][1][gc,age       ] GC(38) Age table with threshold 6 (max threshold 6)
[2019-12-11T08:52:25.095+0000][1][gc,age       ] GC(38) - age   1:       9136 bytes,       9136 total
[2019-12-11T08:52:25.095+0000][1][gc,age       ] GC(38) - age   2:       1776 bytes,      10912 total
[2019-12-11T08:52:25.095+0000][1][gc,age       ] GC(38) - age   3:        744 bytes,      11656 total
[2019-12-11T08:52:25.095+0000][1][gc,age       ] GC(38) - age   4:        744 bytes,      12400 total
[2019-12-11T08:52:25.095+0000][1][gc,age       ] GC(38) - age   5:       2736 bytes,      15136 total
[2019-12-11T08:52:25.095+0000][1][gc,age       ] GC(38) - age   6:       4080 bytes,      19216 total
[2019-12-11T08:52:25.095+0000][1][gc,heap      ] GC(38) ParNew: 69981K->19K(78656K)
[2019-12-11T08:52:25.095+0000][1][gc,heap      ] GC(38) CMS: 73688K->73689K(174784K)
[2019-12-11T08:52:25.095+0000][1][gc,metaspace ] GC(38) Metaspace: 77690K->77690K(1120256K)
[2019-12-11T08:52:25.095+0000][1][gc           ] GC(38) Pause Young (Allocation Failure) 140M->71M(247M) 12.308ms
[2019-12-11T08:52:25.095+0000][1][gc,cpu       ] GC(38) User=0.01s Sys=0.00s Real=0.02s
[2019-12-11T08:52:25.095+0000][1][safepoint    ] Leaving safepoint region
[2019-12-11T08:52:25.095+0000][1][safepoint    ] Total time for which application threads were stopped: 0.0125384 seconds, Stopping threads took: 0.0000254 seconds
[2019-12-11T08:52:26.096+0000][1][safepoint    ] Application time: 1.0004166 seconds
[2019-12-11T08:52:26.096+0000][1][safepoint    ] Entering safepoint region: Cleanup
[2019-12-11T08:52:26.096+0000][1][safepoint    ] Leaving safepoint region
[2019-12-11T08:52:26.096+0000][1][safepoint    ] Total time for which application threads were stopped: 0.0001238 seconds, Stopping threads took: 0.0000281 seconds
[2019-12-11T08:52:27.097+0000][1][safepoint    ] Application time: 1.0009095 seconds
[2019-12-11T08:52:27.097+0000][1][safepoint    ] Entering safepoint region: Cleanup
[2019-12-11T08:52:27.097+0000][1][safepoint    ] Leaving safepoint region
[2019-12-11T08:52:27.097+0000][1][safepoint    ] Total time for which application threads were stopped: 0.0001213 seconds, Stopping threads took: 0.0000288 seconds
[2019-12-11T08:52:28.099+0000][1][safepoint    ] Application time: 1.0017282 seconds
[2019-12-11T08:52:28.099+0000][1][safepoint    ] Entering safepoint region: Cleanup
[2019-12-11T08:52:28.099+0000][1][safepoint    ] Leaving safepoint region
[2019-12-11T08:52:28.099+0000][1][safepoint    ] Total time for which application threads were stopped: 0.0001305 seconds, Stopping threads took: 0.0000277 seconds
[2019-12-11T08:52:29.103+0000][1][safepoint    ] Application time: 1.0038384 seconds
[2019-12-11T08:52:29.103+0000][1][safepoint    ] Entering safepoint region: Cleanup
[2019-12-11T08:52:29.103+0000][1][safepoint    ] Leaving safepoint region
[2019-12-11T08:52:29.103+0000][1][safepoint    ] Total time for which application threads were stopped: 0.0001162 seconds, Stopping threads took: 0.0000250 seconds
[2019-12-11T08:52:30.104+0000][1][safepoint    ] Application time: 1.0008696 seconds
[2019-12-11T08:52:30.104+0000][1][safepoint    ] Entering safepoint region: Cleanup
[2019-12-11T08:52:30.104+0000][1][safepoint    ] Leaving safepoint region
[2019-12-11T08:52:30.104+0000][1][safepoint    ] Total time for which application threads were stopped: 0.0001096 seconds, Stopping threads took: 0.0000253 seconds
[2019-12-11T08:52:31.105+0000][1][safepoint    ] Application time: 1.0007916 seconds
[2019-12-11T08:52:31.105+0000][1][safepoint    ] Entering safepoint region: Cleanup
[2019-12-11T08:52:31.105+0000][1][safepoint    ] Leaving safepoint region
[2019-12-11T08:52:31.105+0000][1][safepoint    ] Total time for which application threads were stopped: 0.0001230 seconds, Stopping threads took: 0.0000276 seconds
[2019-12-11T08:52:32.108+0000][1][safepoint    ] Application time: 1.0032715 seconds
[2019-12-11T08:52:32.108+0000][1][safepoint    ] Entering safepoint region: Cleanup
[2019-12-11T08:52:32.108+0000][1][safepoint    ] Leaving safepoint region
[2019-12-11T08:52:32.108+0000][1][safepoint    ] Total time for which application threads were stopped: 0.0001111 seconds, Stopping threads took: 0.0000249 seconds
[2019-12-11T08:52:33.111+0000][1][safepoint    ] Application time: 1.0023899 seconds
[2019-12-11T08:52:33.111+0000][1][safepoint    ] Entering safepoint region: Cleanup
[2019-12-11T08:52:33.111+0000][1][safepoint    ] Leaving safepoint region
[2019-12-11T08:52:33.111+0000][1][safepoint    ] Total time for which application threads were stopped: 0.0001206 seconds, Stopping threads took: 0.0000272 seconds
[2019-12-11T08:52:34.114+0000][1][safepoint    ] Application time: 1.0028313 seconds
[2019-12-11T08:52:34.114+0000][1][safepoint    ] Entering safepoint region: Cleanup
[2019-12-11T08:52:34.114+0000][1][safepoint    ] Leaving safepoint region
[2019-12-11T08:52:34.114+0000][1][safepoint    ] Total time for which application threads were stopped: 0.0001245 seconds, Stopping threads took: 0.0000267 seconds
[2019-12-11T08:52:35.118+0000][1][safepoint    ] Application time: 1.0037867 seconds
[2019-12-11T08:52:35.118+0000][1][safepoint    ] Entering safepoint region: Cleanup
[2019-12-11T08:52:35.118+0000][1][safepoint    ] Leaving safepoint region
[2019-12-11T08:52:35.118+0000][1][safepoint    ] Total time for which application threads were stopped: 0.0001235 seconds, Stopping threads took: 0.0000263 seconds
[2019-12-11T08:52:36.121+0000][1][safepoint    ] Application time: 1.0028333 seconds
[2019-12-11T08:52:36.121+0000][1][safepoint    ] Entering safepoint region: Cleanup
[2019-12-11T08:52:36.121+0000][1][safepoint    ] Leaving safepoint region
[2019-12-11T08:52:36.121+0000][1][safepoint    ] Total time for which application threads were stopped: 0.0001205 seconds, Stopping threads took: 0.0000267 seconds
[2019-12-11T08:52:37.123+0000][1][safepoint    ] Application time: 1.0018486 seconds
[2019-12-11T08:52:37.123+0000][1][safepoint    ] Entering safepoint region: Cleanup
[2019-12-11T08:52:37.123+0000][1][safepoint    ] Leaving safepoint region
[2019-12-11T08:52:37.123+0000][1][safepoint    ] Total time for which application threads were stopped: 0.0001261 seconds, Stopping threads took: 0.0000297 seconds
[2019-12-11T08:52:38.124+0000][1][safepoint    ] Application time: 1.0007871 seconds
[2019-12-11T08:52:38.124+0000][1][safepoint    ] Entering safepoint region: Cleanup
[2019-12-11T08:52:38.124+0000][1][safepoint    ] Leaving safepoint region
[2019-12-11T08:52:38.124+0000][1][safepoint    ] Total time for which application threads were stopped: 0.0001230 seconds, Stopping threads took: 0.0000265 seconds
[2019-12-11T08:52:39.130+0000][1][safepoint    ] Application time: 1.0057985 seconds
[2019-12-11T08:52:39.130+0000][1][safepoint    ] Entering safepoint region: Cleanup
[2019-12-11T08:52:39.130+0000][1][safepoint    ] Leaving safepoint region
[2019-12-11T08:52:39.130+0000][1][safepoint    ] Total time for which application threads were stopped: 0.0001156 seconds, Stopping threads took: 0.0000254 seconds
[2019-12-11T08:52:40.131+0000][1][safepoint    ] Application time: 1.0008238 seconds
[2019-12-11T08:52:40.131+0000][1][safepoint    ] Entering safepoint region: Cleanup
[2019-12-11T08:52:40.131+0000][1][safepoint    ] Leaving safepoint region
[2019-12-11T08:52:40.131+0000][1][safepoint    ] Total time for which application threads were stopped: 0.0000887 seconds, Stopping threads took: 0.0000233 seconds
[2019-12-11T08:52:41.131+0000][1][safepoint    ] Application time: 1.0000848 seconds
[2019-12-11T08:52:41.131+0000][1][safepoint    ] Entering safepoint region: Cleanup
[2019-12-11T08:52:41.131+0000][1][safepoint    ] Leaving safepoint region
[2019-12-11T08:52:41.131+0000][1][safepoint    ] Total time for which application threads were stopped: 0.0001246 seconds, Stopping threads took: 0.0000272 seconds
[2019-12-11T08:52:42.133+0000][1][safepoint    ] Application time: 1.0014190 seconds
[2019-12-11T08:52:42.133+0000][1][safepoint    ] Entering safepoint region: Cleanup
[2019-12-11T08:52:42.133+0000][1][safepoint    ] Leaving safepoint region
[2019-12-11T08:52:42.133+0000][1][safepoint    ] Total time for which application threads were stopped: 0.0001284 seconds, Stopping threads took: 0.0000254 seconds
[2019-12-11T08:52:43.137+0000][1][safepoint    ] Application time: 1.0040039 seconds
[2019-12-11T08:52:43.137+0000][1][safepoint    ] Entering safepoint region: Cleanup
[2019-12-11T08:52:43.137+0000][1][safepoint    ] Leaving safepoint region
[2019-12-11T08:52:43.137+0000][1][safepoint    ] Total time for which application threads were stopped: 0.0001252 seconds, Stopping threads took: 0.0000368 seconds
[2019-12-11T08:52:44.139+0000][1][safepoint    ] Application time: 1.0018607 seconds
[2019-12-11T08:52:44.139+0000][1][safepoint    ] Entering safepoint region: Cleanup
[2019-12-11T08:52:44.139+0000][1][safepoint    ] Leaving safepoint region
[2019-12-11T08:52:44.139+0000][1][safepoint    ] Total time for which application threads were stopped: 0.0001260 seconds, Stopping threads took: 0.0000347 seconds
[2019-12-11T08:52:45.140+0000][1][safepoint    ] Application time: 1.0009016 seconds
[2019-12-11T08:52:45.140+0000][1][safepoint    ] Entering safepoint region: Cleanup
[2019-12-11T08:52:45.140+0000][1][safepoint    ] Leaving safepoint region
[2019-12-11T08:52:45.140+0000][1][safepoint    ] Total time for which application threads were stopped: 0.0001237 seconds, Stopping threads took: 0.0000343 seconds
[2019-12-11T08:52:46.141+0000][1][safepoint    ] Application time: 1.0007408 seconds
[2019-12-11T08:52:46.141+0000][1][safepoint    ] Entering safepoint region: Cleanup
[2019-12-11T08:52:46.141+0000][1][safepoint    ] Leaving safepoint region
[2019-12-11T08:52:46.141+0000][1][safepoint    ] Total time for which application threads were stopped: 0.0001153 seconds, Stopping threads took: 0.0000253 seconds
[2019-12-11T08:52:47.145+0000][1][safepoint    ] Application time: 1.0037955 seconds
[2019-12-11T08:52:47.145+0000][1][safepoint    ] Entering safepoint region: Cleanup
[2019-12-11T08:52:47.145+0000][1][safepoint    ] Leaving safepoint region
[2019-12-11T08:52:47.145+0000][1][safepoint    ] Total time for which application threads were stopped: 0.0001282 seconds, Stopping threads took: 0.0000362 seconds
[2019-12-11T08:52:48.147+0000][1][safepoint    ] Application time: 1.0018159 seconds
[2019-12-11T08:52:48.147+0000][1][safepoint    ] Entering safepoint region: Cleanup
[2019-12-11T08:52:48.147+0000][1][safepoint    ] Leaving safepoint region
[2019-12-11T08:52:48.147+0000][1][safepoint    ] Total time for which application threads were stopped: 0.0001257 seconds, Stopping threads took: 0.0000278 seconds
[2019-12-11T08:52:49.150+0000][1][safepoint    ] Application time: 1.0028998 seconds
[2019-12-11T08:52:49.150+0000][1][safepoint    ] Entering safepoint region: Cleanup
[2019-12-11T08:52:49.150+0000][1][safepoint    ] Leaving safepoint region
[2019-12-11T08:52:49.150+0000][1][safepoint    ] Total time for which application threads were stopped: 0.0001257 seconds, Stopping threads took: 0.0000289 seconds
[2019-12-11T08:52:50.154+0000][1][safepoint    ] Application time: 1.0036954 seconds
[2019-12-11T08:52:50.154+0000][1][safepoint    ] Entering safepoint region: Cleanup
[2019-12-11T08:52:50.154+0000][1][safepoint    ] Leaving safepoint region
[2019-12-11T08:52:50.154+0000][1][safepoint    ] Total time for which application threads were stopped: 0.0001168 seconds, Stopping threads took: 0.0000268 seconds
[2019-12-11T08:52:51.156+0000][1][safepoint    ] Application time: 1.0018318 seconds
[2019-12-11T08:52:51.156+0000][1][safepoint    ] Entering safepoint region: Cleanup
[2019-12-11T08:52:51.156+0000][1][safepoint    ] Leaving safepoint region
[2019-12-11T08:52:51.156+0000][1][safepoint    ] Total time for which application threads were stopped: 0.0001118 seconds, Stopping threads took: 0.0000263 seconds
[2019-12-11T08:52:52.157+0000][1][safepoint    ] Application time: 1.0008663 seconds
[2019-12-11T08:52:52.157+0000][1][safepoint    ] Entering safepoint region: Cleanup
[2019-12-11T08:52:52.157+0000][1][safepoint    ] Leaving safepoint region
[2019-12-11T08:52:52.157+0000][1][safepoint    ] Total time for which application threads were stopped: 0.0001304 seconds, Stopping threads took: 0.0000305 seconds
[2019-12-11T08:52:53.158+0000][1][safepoint    ] Application time: 1.0007957 seconds
[2019-12-11T08:52:53.158+0000][1][safepoint    ] Entering safepoint region: Cleanup
[2019-12-11T08:52:53.158+0000][1][safepoint    ] Leaving safepoint region
[2019-12-11T08:52:53.158+0000][1][safepoint    ] Total time for which application threads were stopped: 0.0001270 seconds, Stopping threads took: 0.0000316 seconds
[2019-12-11T08:52:54.160+0000][1][safepoint    ] Application time: 1.0017779 seconds
[2019-12-11T08:52:54.160+0000][1][safepoint    ] Entering safepoint region: Cleanup
[2019-12-11T08:52:54.160+0000][1][safepoint    ] Leaving safepoint region
[2019-12-11T08:52:54.160+0000][1][safepoint    ] Total time for which application threads were stopped: 0.0001271 seconds, Stopping threads took: 0.0000306 seconds
[2019-12-11T08:52:55.162+0000][1][safepoint    ] Application time: 1.0018007 seconds
[2019-12-11T08:52:55.162+0000][1][safepoint    ] Entering safepoint region: Cleanup
[2019-12-11T08:52:55.162+0000][1][safepoint    ] Leaving safepoint region
[2019-12-11T08:52:55.162+0000][1][safepoint    ] Total time for which application threads were stopped: 0.0001609 seconds, Stopping threads took: 0.0000261 seconds
[2019-12-11T08:52:56.166+0000][1][safepoint    ] Application time: 1.0037737 seconds
[2019-12-11T08:52:56.166+0000][1][safepoint    ] Entering safepoint region: Cleanup
[2019-12-11T08:52:56.166+0000][1][safepoint    ] Leaving safepoint region
[2019-12-11T08:52:56.166+0000][1][safepoint    ] Total time for which application threads were stopped: 0.0001131 seconds, Stopping threads took: 0.0000258 seconds
[2019-12-11T08:52:57.167+0000][1][safepoint    ] Application time: 1.0008490 seconds
[2019-12-11T08:52:57.167+0000][1][safepoint    ] Entering safepoint region: Cleanup
[2019-12-11T08:52:57.167+0000][1][safepoint    ] Leaving safepoint region
[2019-12-11T08:52:57.167+0000][1][safepoint    ] Total time for which application threads were stopped: 0.0001346 seconds, Stopping threads took: 0.0000374 seconds
[2019-12-11T08:52:58.168+0000][1][safepoint    ] Application time: 1.0008088 seconds
[2019-12-11T08:52:58.168+0000][1][safepoint    ] Entering safepoint region: Cleanup
[2019-12-11T08:52:58.168+0000][1][safepoint    ] Leaving safepoint region
[2019-12-11T08:52:58.168+0000][1][safepoint    ] Total time for which application threads were stopped: 0.0001445 seconds, Stopping threads took: 0.0000515 seconds
[2019-12-11T08:52:59.169+0000][1][safepoint    ] Application time: 1.0008152 seconds
[2019-12-11T08:52:59.169+0000][1][safepoint    ] Entering safepoint region: Cleanup
[2019-12-11T08:52:59.169+0000][1][safepoint    ] Leaving safepoint region
[2019-12-11T08:52:59.169+0000][1][safepoint    ] Total time for which application threads were stopped: 0.0001157 seconds, Stopping threads took: 0.0000261 seconds
[2019-12-11T08:53:00.172+0000][1][safepoint    ] Application time: 1.0028034 seconds
[2019-12-11T08:53:00.172+0000][1][safepoint    ] Entering safepoint region: Cleanup
[2019-12-11T08:53:00.172+0000][1][safepoint    ] Leaving safepoint region
[2019-12-11T08:53:00.172+0000][1][safepoint    ] Total time for which application threads were stopped: 0.0001241 seconds, Stopping threads took: 0.0000281 seconds
[2019-12-11T08:53:01.176+0000][1][safepoint    ] Application time: 1.0038482 seconds
[2019-12-11T08:53:01.176+0000][1][safepoint    ] Entering safepoint region: Cleanup
[2019-12-11T08:53:01.176+0000][1][safepoint    ] Leaving safepoint region
[2019-12-11T08:53:01.176+0000][1][safepoint    ] Total time for which application threads were stopped: 0.0001264 seconds, Stopping threads took: 0.0000277 seconds
[2019-12-11T08:53:02.178+0000][1][safepoint    ] Application time: 1.0017888 seconds
[2019-12-11T08:53:02.178+0000][1][safepoint    ] Entering safepoint region: Cleanup
[2019-12-11T08:53:02.178+0000][1][safepoint    ] Leaving safepoint region
[2019-12-11T08:53:02.178+0000][1][safepoint    ] Total time for which application threads were stopped: 0.0001281 seconds, Stopping threads took: 0.0000277 seconds
[2019-12-11T08:53:03.179+0000][1][safepoint    ] Application time: 1.0008987 seconds
[2019-12-11T08:53:03.179+0000][1][safepoint    ] Entering safepoint region: Cleanup
[2019-12-11T08:53:03.179+0000][1][safepoint    ] Leaving safepoint region
[2019-12-11T08:53:03.179+0000][1][safepoint    ] Total time for which application threads were stopped: 0.0001299 seconds, Stopping threads took: 0.0000285 seconds
[2019-12-11T08:53:04.180+0000][1][safepoint    ] Application time: 1.0007989 seconds
[2019-12-11T08:53:04.180+0000][1][safepoint    ] Entering safepoint region: Cleanup
[2019-12-11T08:53:04.180+0000][1][safepoint    ] Leaving safepoint region
[2019-12-11T08:53:04.180+0000][1][safepoint    ] Total time for which application threads were stopped: 0.0001253 seconds, Stopping threads took: 0.0000289 seconds
[2019-12-11T08:53:05.181+0000][1][safepoint    ] Application time: 1.0008185 seconds
[2019-12-11T08:53:05.181+0000][1][safepoint    ] Entering safepoint region: Cleanup
[2019-12-11T08:53:05.181+0000][1][safepoint    ] Leaving safepoint region
[2019-12-11T08:53:05.181+0000][1][safepoint    ] Total time for which application threads were stopped: 0.0001287 seconds, Stopping threads took: 0.0000283 seconds
[2019-12-11T08:53:06.184+0000][1][safepoint    ] Application time: 1.0027116 seconds
[2019-12-11T08:53:06.184+0000][1][safepoint    ] Entering safepoint region: Cleanup
[2019-12-11T08:53:06.184+0000][1][safepoint    ] Leaving safepoint region
[2019-12-11T08:53:06.184+0000][1][safepoint    ] Total time for which application threads were stopped: 0.0001211 seconds, Stopping threads took: 0.0000279 seconds
[2019-12-11T08:53:07.186+0000][1][safepoint    ] Application time: 1.0018198 seconds
[2019-12-11T08:53:07.186+0000][1][safepoint    ] Entering safepoint region: Cleanup
[2019-12-11T08:53:07.186+0000][1][safepoint    ] Leaving safepoint region
[2019-12-11T08:53:07.186+0000][1][safepoint    ] Total time for which application threads were stopped: 0.0001243 seconds, Stopping threads took: 0.0000277 seconds
[2019-12-11T08:53:08.186+0000][1][safepoint    ] Application time: 1.0001435 seconds
[2019-12-11T08:53:08.186+0000][1][safepoint    ] Entering safepoint region: Cleanup
[2019-12-11T08:53:08.186+0000][1][safepoint    ] Leaving safepoint region
[2019-12-11T08:53:08.186+0000][1][safepoint    ] Total time for which application threads were stopped: 0.0001250 seconds, Stopping threads took: 0.0000276 seconds
[2019-12-11T08:53:09.196+0000][1][safepoint    ] Application time: 1.0094889 seconds
[2019-12-11T08:53:09.196+0000][1][safepoint    ] Entering safepoint region: Cleanup
[2019-12-11T08:53:09.196+0000][1][safepoint    ] Leaving safepoint region
[2019-12-11T08:53:09.196+0000][1][safepoint    ] Total time for which application threads were stopped: 0.0001248 seconds, Stopping threads took: 0.0000286 seconds
[2019-12-11T08:53:10.200+0000][1][safepoint    ] Application time: 1.0038601 seconds
[2019-12-11T08:53:10.200+0000][1][safepoint    ] Entering safepoint region: Cleanup
[2019-12-11T08:53:10.200+0000][1][safepoint    ] Leaving safepoint region
[2019-12-11T08:53:10.200+0000][1][safepoint    ] Total time for which application threads were stopped: 0.0001119 seconds, Stopping threads took: 0.0000245 seconds
[2019-12-11T08:53:11.205+0000][1][safepoint    ] Application time: 1.0047704 seconds
[2019-12-11T08:53:11.205+0000][1][safepoint    ] Entering safepoint region: Cleanup
[2019-12-11T08:53:11.205+0000][1][safepoint    ] Leaving safepoint region
[2019-12-11T08:53:11.205+0000][1][safepoint    ] Total time for which application threads were stopped: 0.0001187 seconds, Stopping threads took: 0.0000268 seconds
[2019-12-11T08:53:12.205+0000][1][safepoint    ] Application time: 1.0000887 seconds
[2019-12-11T08:53:12.205+0000][1][safepoint    ] Entering safepoint region: Cleanup
[2019-12-11T08:53:12.205+0000][1][safepoint    ] Leaving safepoint region
[2019-12-11T08:53:12.205+0000][1][safepoint    ] Total time for which application threads were stopped: 0.0001310 seconds, Stopping threads took: 0.0000367 seconds
[2019-12-11T08:53:13.205+0000][1][safepoint    ] Application time: 1.0000922 seconds
[2019-12-11T08:53:13.205+0000][1][safepoint    ] Entering safepoint region: Cleanup
[2019-12-11T08:53:13.205+0000][1][safepoint    ] Leaving safepoint region
[2019-12-11T08:53:13.205+0000][1][safepoint    ] Total time for which application threads were stopped: 0.0001268 seconds, Stopping threads took: 0.0000279 seconds
[2019-12-11T08:53:14.206+0000][1][safepoint    ] Application time: 1.0003187 seconds
[2019-12-11T08:53:14.206+0000][1][safepoint    ] Entering safepoint region: Cleanup
[2019-12-11T08:53:14.206+0000][1][safepoint    ] Leaving safepoint region
[2019-12-11T08:53:14.206+0000][1][safepoint    ] Total time for which application threads were stopped: 0.0001201 seconds, Stopping threads took: 0.0000277 seconds
[2019-12-11T08:53:15.207+0000][1][safepoint    ] Application time: 1.0007733 seconds
[2019-12-11T08:53:15.207+0000][1][safepoint    ] Entering safepoint region: Cleanup
[2019-12-11T08:53:15.207+0000][1][safepoint    ] Leaving safepoint region
[2019-12-11T08:53:15.207+0000][1][safepoint    ] Total time for which application threads were stopped: 0.0001302 seconds, Stopping threads took: 0.0000276 seconds
[2019-12-11T08:53:16.208+0000][1][safepoint    ] Application time: 1.0007945 seconds
[2019-12-11T08:53:16.208+0000][1][safepoint    ] Entering safepoint region: Cleanup
[2019-12-11T08:53:16.208+0000][1][safepoint    ] Leaving safepoint region
[2019-12-11T08:53:16.208+0000][1][safepoint    ] Total time for which application threads were stopped: 0.0001157 seconds, Stopping threads took: 0.0000275 seconds
[2019-12-11T08:53:17.209+0000][1][safepoint    ] Application time: 1.0008457 seconds
[2019-12-11T08:53:17.209+0000][1][safepoint    ] Entering safepoint region: Cleanup
[2019-12-11T08:53:17.209+0000][1][safepoint    ] Leaving safepoint region
[2019-12-11T08:53:17.209+0000][1][safepoint    ] Total time for which application threads were stopped: 0.0001100 seconds, Stopping threads took: 0.0000244 seconds
[2019-12-11T08:53:18.694+0000][1][safepoint    ] Application time: 1.4850649 seconds
[2019-12-11T08:53:18.694+0000][1][safepoint    ] Entering safepoint region: Cleanup
[2019-12-11T08:53:18.694+0000][1][safepoint    ] Leaving safepoint region
[2019-12-11T08:53:18.694+0000][1][safepoint    ] Total time for which application threads were stopped: 0.0001320 seconds, Stopping threads took: 0.0000312 seconds
[2019-12-11T08:53:19.697+0000][1][safepoint    ] Application time: 1.0025536 seconds
[2019-12-11T08:53:19.697+0000][1][safepoint    ] Entering safepoint region: Cleanup
[2019-12-11T08:53:19.697+0000][1][safepoint    ] Leaving safepoint region
[2019-12-11T08:53:19.697+0000][1][safepoint    ] Total time for which application threads were stopped: 0.0001388 seconds, Stopping threads took: 0.0000382 seconds
[2019-12-11T08:53:20.700+0000][1][safepoint    ] Application time: 1.0028009 seconds
[2019-12-11T08:53:20.700+0000][1][safepoint    ] Entering safepoint region: Cleanup
[2019-12-11T08:53:20.700+0000][1][safepoint    ] Leaving safepoint region
[2019-12-11T08:53:20.700+0000][1][safepoint    ] Total time for which application threads were stopped: 0.0001259 seconds, Stopping threads took: 0.0000280 seconds
[2019-12-11T08:53:21.703+0000][1][safepoint    ] Application time: 1.0028072 seconds
[2019-12-11T08:53:21.703+0000][1][safepoint    ] Entering safepoint region: Cleanup
[2019-12-11T08:53:21.703+0000][1][safepoint    ] Leaving safepoint region
[2019-12-11T08:53:21.703+0000][1][safepoint    ] Total time for which application threads were stopped: 0.0001337 seconds, Stopping threads took: 0.0000378 seconds
[2019-12-11T08:53:22.704+0000][1][safepoint    ] Application time: 1.0008347 seconds
[2019-12-11T08:53:22.704+0000][1][safepoint    ] Entering safepoint region: Cleanup
[2019-12-11T08:53:22.704+0000][1][safepoint    ] Leaving safepoint region
[2019-12-11T08:53:22.704+0000][1][safepoint    ] Total time for which application threads were stopped: 0.0001469 seconds, Stopping threads took: 0.0000428 seconds
[2019-12-11T08:53:23.707+0000][1][safepoint    ] Application time: 1.0027799 seconds
[2019-12-11T08:53:23.707+0000][1][safepoint    ] Entering safepoint region: Cleanup
[2019-12-11T08:53:23.707+0000][1][safepoint    ] Leaving safepoint region
[2019-12-11T08:53:23.707+0000][1][safepoint    ] Total time for which application threads were stopped: 0.0001272 seconds, Stopping threads took: 0.0000244 seconds
[2019-12-11T08:53:24.709+0000][1][safepoint    ] Application time: 1.0018153 seconds
[2019-12-11T08:53:24.709+0000][1][safepoint    ] Entering safepoint region: Cleanup
[2019-12-11T08:53:24.709+0000][1][safepoint    ] Leaving safepoint region
[2019-12-11T08:53:24.709+0000][1][safepoint    ] Total time for which application threads were stopped: 0.0001149 seconds, Stopping threads took: 0.0000273 seconds
[2019-12-11T08:53:25.710+0000][1][safepoint    ] Application time: 1.0008317 seconds
[2019-12-11T08:53:25.710+0000][1][safepoint    ] Entering safepoint region: Cleanup
[2019-12-11T08:53:25.710+0000][1][safepoint    ] Leaving safepoint region
[2019-12-11T08:53:25.710+0000][1][safepoint    ] Total time for which application threads were stopped: 0.0001137 seconds, Stopping threads took: 0.0000264 seconds
[2019-12-11T08:53:26.712+0000][1][safepoint    ] Application time: 1.0018851 seconds
[2019-12-11T08:53:26.712+0000][1][safepoint    ] Entering safepoint region: Cleanup
[2019-12-11T08:53:26.712+0000][1][safepoint    ] Leaving safepoint region
[2019-12-11T08:53:26.712+0000][1][safepoint    ] Total time for which application threads were stopped: 0.0001133 seconds, Stopping threads took: 0.0000252 seconds
[2019-12-11T08:53:27.712+0000][1][safepoint    ] Application time: 1.0000862 seconds
[2019-12-11T08:53:27.712+0000][1][safepoint    ] Entering safepoint region: Cleanup
[2019-12-11T08:53:27.712+0000][1][safepoint    ] Leaving safepoint region
[2019-12-11T08:53:27.712+0000][1][safepoint    ] Total time for which application threads were stopped: 0.0001204 seconds, Stopping threads took: 0.0000342 seconds
[2019-12-11T08:53:28.715+0000][1][safepoint    ] Application time: 1.0025329 seconds
[2019-12-11T08:53:28.715+0000][1][safepoint    ] Entering safepoint region: Cleanup
[2019-12-11T08:53:28.715+0000][1][safepoint    ] Leaving safepoint region
[2019-12-11T08:53:28.715+0000][1][safepoint    ] Total time for which application threads were stopped: 0.0001140 seconds, Stopping threads took: 0.0000242 seconds
[2019-12-11T08:53:29.717+0000][1][safepoint    ] Application time: 1.0020283 seconds
[2019-12-11T08:53:29.717+0000][1][safepoint    ] Entering safepoint region: Cleanup
[2019-12-11T08:53:29.717+0000][1][safepoint    ] Leaving safepoint region
[2019-12-11T08:53:29.717+0000][1][safepoint    ] Total time for which application threads were stopped: 0.0001199 seconds, Stopping threads took: 0.0000278 seconds
[2019-12-11T08:53:30.721+0000][1][safepoint    ] Application time: 1.0036610 seconds
[2019-12-11T08:53:30.721+0000][1][safepoint    ] Entering safepoint region: Cleanup
[2019-12-11T08:53:30.721+0000][1][safepoint    ] Leaving safepoint region
[2019-12-11T08:53:30.721+0000][1][safepoint    ] Total time for which application threads were stopped: 0.0001251 seconds, Stopping threads took: 0.0000288 seconds
[2019-12-11T08:53:31.721+0000][1][safepoint    ] Application time: 1.0003976 seconds
[2019-12-11T08:53:31.721+0000][1][safepoint    ] Entering safepoint region: Cleanup
[2019-12-11T08:53:31.721+0000][1][safepoint    ] Leaving safepoint region
[2019-12-11T08:53:31.721+0000][1][safepoint    ] Total time for which application threads were stopped: 0.0001130 seconds, Stopping threads took: 0.0000245 seconds
[2019-12-11T08:53:32.726+0000][1][safepoint    ] Application time: 1.0042562 seconds
[2019-12-11T08:53:32.726+0000][1][safepoint    ] Entering safepoint region: Cleanup
[2019-12-11T08:53:32.726+0000][1][safepoint    ] Leaving safepoint region
[2019-12-11T08:53:32.726+0000][1][safepoint    ] Total time for which application threads were stopped: 0.0001174 seconds, Stopping threads took: 0.0000255 seconds
[2019-12-11T08:53:33.727+0000][1][safepoint    ] Application time: 1.0008413 seconds
[2019-12-11T08:53:33.727+0000][1][safepoint    ] Entering safepoint region: Cleanup
[2019-12-11T08:53:33.727+0000][1][safepoint    ] Leaving safepoint region
[2019-12-11T08:53:33.727+0000][1][safepoint    ] Total time for which application threads were stopped: 0.0001062 seconds, Stopping threads took: 0.0000238 seconds
[2019-12-11T08:53:34.729+0000][1][safepoint    ] Application time: 1.0018625 seconds
[2019-12-11T08:53:34.729+0000][1][safepoint    ] Entering safepoint region: Cleanup
[2019-12-11T08:53:34.729+0000][1][safepoint    ] Leaving safepoint region
[2019-12-11T08:53:34.729+0000][1][safepoint    ] Total time for which application threads were stopped: 0.0001230 seconds, Stopping threads took: 0.0000268 seconds
[2019-12-11T08:53:35.730+0000][1][safepoint    ] Application time: 1.0008301 seconds
[2019-12-11T08:53:35.730+0000][1][safepoint    ] Entering safepoint region: Cleanup
[2019-12-11T08:53:35.730+0000][1][safepoint    ] Leaving safepoint region
[2019-12-11T08:53:35.730+0000][1][safepoint    ] Total time for which application threads were stopped: 0.0001202 seconds, Stopping threads took: 0.0000359 seconds
[2019-12-11T08:53:36.730+0000][1][safepoint    ] Application time: 1.0000883 seconds
[2019-12-11T08:53:36.730+0000][1][safepoint    ] Entering safepoint region: Cleanup
[2019-12-11T08:53:36.730+0000][1][safepoint    ] Leaving safepoint region
[2019-12-11T08:53:36.730+0000][1][safepoint    ] Total time for which application threads were stopped: 0.0001205 seconds, Stopping threads took: 0.0000277 seconds
[2019-12-11T08:53:37.730+0000][1][safepoint    ] Application time: 1.0001508 seconds
[2019-12-11T08:53:37.730+0000][1][safepoint    ] Entering safepoint region: Cleanup
[2019-12-11T08:53:37.730+0000][1][safepoint    ] Leaving safepoint region
[2019-12-11T08:53:37.730+0000][1][safepoint    ] Total time for which application threads were stopped: 0.0001082 seconds, Stopping threads took: 0.0000233 seconds
[2019-12-11T08:53:38.732+0000][1][safepoint    ] Application time: 1.0012641 seconds
[2019-12-11T08:53:38.732+0000][1][safepoint    ] Entering safepoint region: Cleanup
[2019-12-11T08:53:38.732+0000][1][safepoint    ] Leaving safepoint region
[2019-12-11T08:53:38.732+0000][1][safepoint    ] Total time for which application threads were stopped: 0.0001100 seconds, Stopping threads took: 0.0000252 seconds
[2019-12-11T08:53:39.732+0000][1][safepoint    ] Application time: 1.0001284 seconds
[2019-12-11T08:53:39.732+0000][1][safepoint    ] Entering safepoint region: Cleanup
[2019-12-11T08:53:39.732+0000][1][safepoint    ] Leaving safepoint region
[2019-12-11T08:53:39.732+0000][1][safepoint    ] Total time for which application threads were stopped: 0.0001206 seconds, Stopping threads took: 0.0000261 seconds
[2019-12-11T08:53:40.735+0000][1][safepoint    ] Application time: 1.0028067 seconds
[2019-12-11T08:53:40.735+0000][1][safepoint    ] Entering safepoint region: Cleanup
[2019-12-11T08:53:40.735+0000][1][safepoint    ] Leaving safepoint region
[2019-12-11T08:53:40.735+0000][1][safepoint    ] Total time for which application threads were stopped: 0.0001191 seconds, Stopping threads took: 0.0000267 seconds
[2019-12-11T08:53:41.738+0000][1][safepoint    ] Application time: 1.0025283 seconds
[2019-12-11T08:53:41.738+0000][1][safepoint    ] Entering safepoint region: Cleanup
[2019-12-11T08:53:41.738+0000][1][safepoint    ] Leaving safepoint region
[2019-12-11T08:53:41.738+0000][1][safepoint    ] Total time for which application threads were stopped: 0.0001315 seconds, Stopping threads took: 0.0000429 seconds
[2019-12-11T08:53:42.738+0000][1][safepoint    ] Application time: 1.0002973 seconds
[2019-12-11T08:53:42.738+0000][1][safepoint    ] Entering safepoint region: Cleanup
[2019-12-11T08:53:42.738+0000][1][safepoint    ] Leaving safepoint region
[2019-12-11T08:53:42.738+0000][1][safepoint    ] Total time for which application threads were stopped: 0.0001063 seconds, Stopping threads took: 0.0000238 seconds
[2019-12-11T08:53:43.741+0000][1][safepoint    ] Application time: 1.0027113 seconds
[2019-12-11T08:53:43.741+0000][1][safepoint    ] Entering safepoint region: Cleanup
[2019-12-11T08:53:43.741+0000][1][safepoint    ] Leaving safepoint region
[2019-12-11T08:53:43.741+0000][1][safepoint    ] Total time for which application threads were stopped: 0.0001204 seconds, Stopping threads took: 0.0000261 seconds
[2019-12-11T08:53:44.744+0000][1][safepoint    ] Application time: 1.0031390 seconds
[2019-12-11T08:53:44.744+0000][1][safepoint    ] Entering safepoint region: Cleanup
[2019-12-11T08:53:44.744+0000][1][safepoint    ] Leaving safepoint region
[2019-12-11T08:53:44.744+0000][1][safepoint    ] Total time for which application threads were stopped: 0.0001182 seconds, Stopping threads took: 0.0000327 seconds
[2019-12-11T08:53:45.746+0000][1][safepoint    ] Application time: 1.0015605 seconds
[2019-12-11T08:53:45.746+0000][1][safepoint    ] Entering safepoint region: Cleanup
[2019-12-11T08:53:45.746+0000][1][safepoint    ] Leaving safepoint region
[2019-12-11T08:53:45.746+0000][1][safepoint    ] Total time for which application threads were stopped: 0.0001189 seconds, Stopping threads took: 0.0000268 seconds
[2019-12-11T08:53:46.746+0000][1][safepoint    ] Application time: 1.0001327 seconds
[2019-12-11T08:53:46.746+0000][1][safepoint    ] Entering safepoint region: Cleanup
[2019-12-11T08:53:46.746+0000][1][safepoint    ] Leaving safepoint region
[2019-12-11T08:53:46.746+0000][1][safepoint    ] Total time for which application threads were stopped: 0.0001205 seconds, Stopping threads took: 0.0000261 seconds
[2019-12-11T08:53:47.748+0000][1][safepoint    ] Application time: 1.0015409 seconds
[2019-12-11T08:53:47.748+0000][1][safepoint    ] Entering safepoint region: Cleanup
[2019-12-11T08:53:47.748+0000][1][safepoint    ] Leaving safepoint region
[2019-12-11T08:53:47.748+0000][1][safepoint    ] Total time for which application threads were stopped: 0.0001155 seconds, Stopping threads took: 0.0000262 seconds
[2019-12-11T08:53:48.748+0000][1][safepoint    ] Application time: 1.0001249 seconds
[2019-12-11T08:53:48.748+0000][1][safepoint    ] Entering safepoint region: Cleanup
[2019-12-11T08:53:48.748+0000][1][safepoint    ] Leaving safepoint region
[2019-12-11T08:53:48.748+0000][1][safepoint    ] Total time for which application threads were stopped: 0.0001294 seconds, Stopping threads took: 0.0000244 seconds
[2019-12-11T08:53:49.750+0000][1][safepoint    ] Application time: 1.0018726 seconds
[2019-12-11T08:53:49.750+0000][1][safepoint    ] Entering safepoint region: Cleanup
[2019-12-11T08:53:49.750+0000][1][safepoint    ] Leaving safepoint region
[2019-12-11T08:53:49.750+0000][1][safepoint    ] Total time for which application threads were stopped: 0.0001074 seconds, Stopping threads took: 0.0000237 seconds
[2019-12-11T08:53:50.752+0000][1][safepoint    ] Application time: 1.0015242 seconds
[2019-12-11T08:53:50.752+0000][1][safepoint    ] Entering safepoint region: Cleanup
[2019-12-11T08:53:50.752+0000][1][safepoint    ] Leaving safepoint region
[2019-12-11T08:53:50.752+0000][1][safepoint    ] Total time for which application threads were stopped: 0.0001085 seconds, Stopping threads took: 0.0000240 seconds
[2019-12-11T08:53:51.754+0000][1][safepoint    ] Application time: 1.0021384 seconds
[2019-12-11T08:53:51.754+0000][1][safepoint    ] Entering safepoint region: Cleanup
[2019-12-11T08:53:51.754+0000][1][safepoint    ] Leaving safepoint region
[2019-12-11T08:53:51.754+0000][1][safepoint    ] Total time for which application threads were stopped: 0.0001056 seconds, Stopping threads took: 0.0000235 seconds
[2019-12-11T08:53:52.755+0000][1][safepoint    ] Application time: 1.0003228 seconds
[2019-12-11T08:53:52.755+0000][1][safepoint    ] Entering safepoint region: Cleanup
[2019-12-11T08:53:52.755+0000][1][safepoint    ] Leaving safepoint region
[2019-12-11T08:53:52.755+0000][1][safepoint    ] Total time for which application threads were stopped: 0.0001181 seconds, Stopping threads took: 0.0000279 seconds
[2019-12-11T08:53:53.755+0000][1][safepoint    ] Application time: 1.0001274 seconds
[2019-12-11T08:53:53.755+0000][1][safepoint    ] Entering safepoint region: Cleanup
[2019-12-11T08:53:53.755+0000][1][safepoint    ] Leaving safepoint region
[2019-12-11T08:53:53.755+0000][1][safepoint    ] Total time for which application threads were stopped: 0.0001201 seconds, Stopping threads took: 0.0000247 seconds
[2019-12-11T08:53:54.756+0000][1][safepoint    ] Application time: 1.0008431 seconds
[2019-12-11T08:53:54.756+0000][1][safepoint    ] Entering safepoint region: Cleanup
[2019-12-11T08:53:54.756+0000][1][safepoint    ] Leaving safepoint region
[2019-12-11T08:53:54.756+0000][1][safepoint    ] Total time for which application threads were stopped: 0.0001220 seconds, Stopping threads took: 0.0000256 seconds
[2019-12-11T08:53:55.757+0000][1][safepoint    ] Application time: 1.0008197 seconds
[2019-12-11T08:53:55.757+0000][1][safepoint    ] Entering safepoint region: Cleanup
[2019-12-11T08:53:55.757+0000][1][safepoint    ] Leaving safepoint region
[2019-12-11T08:53:55.757+0000][1][safepoint    ] Total time for which application threads were stopped: 0.0001151 seconds, Stopping threads took: 0.0000325 seconds
[2019-12-11T08:53:56.760+0000][1][safepoint    ] Application time: 1.0028550 seconds
[2019-12-11T08:53:56.760+0000][1][safepoint    ] Entering safepoint region: Cleanup
[2019-12-11T08:53:56.760+0000][1][safepoint    ] Leaving safepoint region
[2019-12-11T08:53:56.760+0000][1][safepoint    ] Total time for which application threads were stopped: 0.0001163 seconds, Stopping threads took: 0.0000239 seconds
[2019-12-11T08:53:57.761+0000][1][safepoint    ] Application time: 1.0008715 seconds
[2019-12-11T08:53:57.761+0000][1][safepoint    ] Entering safepoint region: Cleanup
[2019-12-11T08:53:57.761+0000][1][safepoint    ] Leaving safepoint region
[2019-12-11T08:53:57.761+0000][1][safepoint    ] Total time for which application threads were stopped: 0.0001156 seconds, Stopping threads took: 0.0000260 seconds
[2019-12-11T08:53:58.764+0000][1][safepoint    ] Application time: 1.0028554 seconds
[2019-12-11T08:53:58.764+0000][1][safepoint    ] Entering safepoint region: Cleanup
[2019-12-11T08:53:58.764+0000][1][safepoint    ] Leaving safepoint region
[2019-12-11T08:53:58.764+0000][1][safepoint    ] Total time for which application threads were stopped: 0.0001205 seconds, Stopping threads took: 0.0000261 seconds
[2019-12-11T08:53:59.765+0000][1][safepoint    ] Application time: 1.0005799 seconds
[2019-12-11T08:53:59.765+0000][1][safepoint    ] Entering safepoint region: Cleanup
[2019-12-11T08:53:59.765+0000][1][safepoint    ] Leaving safepoint region
[2019-12-11T08:53:59.765+0000][1][safepoint    ] Total time for which application threads were stopped: 0.0001425 seconds, Stopping threads took: 0.0000353 seconds
[2019-12-11T08:54:00.768+0000][1][safepoint    ] Application time: 1.0028563 seconds
[2019-12-11T08:54:00.768+0000][1][safepoint    ] Entering safepoint region: Cleanup
[2019-12-11T08:54:00.768+0000][1][safepoint    ] Leaving safepoint region
[2019-12-11T08:54:00.768+0000][1][safepoint    ] Total time for which application threads were stopped: 0.0001247 seconds, Stopping threads took: 0.0000291 seconds
[2019-12-11T08:54:01.770+0000][1][safepoint    ] Application time: 1.0017754 seconds
[2019-12-11T08:54:01.770+0000][1][safepoint    ] Entering safepoint region: Cleanup
[2019-12-11T08:54:01.770+0000][1][safepoint    ] Leaving safepoint region
[2019-12-11T08:54:01.770+0000][1][safepoint    ] Total time for which application threads were stopped: 0.0001245 seconds, Stopping threads took: 0.0000294 seconds
[2019-12-11T08:54:02.773+0000][1][safepoint    ] Application time: 1.0028630 seconds
[2019-12-11T08:54:02.773+0000][1][safepoint    ] Entering safepoint region: Cleanup
[2019-12-11T08:54:02.773+0000][1][safepoint    ] Leaving safepoint region
[2019-12-11T08:54:02.773+0000][1][safepoint    ] Total time for which application threads were stopped: 0.0001261 seconds, Stopping threads took: 0.0000291 seconds
[2019-12-11T08:54:03.774+0000][1][safepoint    ] Application time: 1.0007986 seconds
[2019-12-11T08:54:03.774+0000][1][safepoint    ] Entering safepoint region: Cleanup
[2019-12-11T08:54:03.774+0000][1][safepoint    ] Leaving safepoint region
[2019-12-11T08:54:03.774+0000][1][safepoint    ] Total time for which application threads were stopped: 0.0001271 seconds, Stopping threads took: 0.0000287 seconds
[2019-12-11T08:54:04.777+0000][1][safepoint    ] Application time: 1.0028306 seconds
[2019-12-11T08:54:04.777+0000][1][safepoint    ] Entering safepoint region: Cleanup
[2019-12-11T08:54:04.777+0000][1][safepoint    ] Leaving safepoint region
[2019-12-11T08:54:04.777+0000][1][safepoint    ] Total time for which application threads were stopped: 0.0001383 seconds, Stopping threads took: 0.0000291 seconds
[2019-12-11T08:54:05.778+0000][1][safepoint    ] Application time: 1.0007302 seconds
[2019-12-11T08:54:05.778+0000][1][safepoint    ] Entering safepoint region: Cleanup
[2019-12-11T08:54:05.778+0000][1][safepoint    ] Leaving safepoint region
[2019-12-11T08:54:05.778+0000][1][safepoint    ] Total time for which application threads were stopped: 0.0001661 seconds, Stopping threads took: 0.0000400 seconds
[2019-12-11T08:54:06.779+0000][1][safepoint    ] Application time: 1.0008478 seconds
[2019-12-11T08:54:06.779+0000][1][safepoint    ] Entering safepoint region: Cleanup
[2019-12-11T08:54:06.779+0000][1][safepoint    ] Leaving safepoint region
[2019-12-11T08:54:06.779+0000][1][safepoint    ] Total time for which application threads were stopped: 0.0001225 seconds, Stopping threads took: 0.0000267 seconds
[2019-12-11T08:54:07.783+0000][1][safepoint    ] Application time: 1.0037552 seconds
[2019-12-11T08:54:07.783+0000][1][safepoint    ] Entering safepoint region: Cleanup
[2019-12-11T08:54:07.783+0000][1][safepoint    ] Leaving safepoint region
[2019-12-11T08:54:07.783+0000][1][safepoint    ] Total time for which application threads were stopped: 0.0001408 seconds, Stopping threads took: 0.0000452 seconds
[2019-12-11T08:54:08.783+0000][1][safepoint    ] Application time: 1.0001030 seconds
[2019-12-11T08:54:08.783+0000][1][safepoint    ] Entering safepoint region: Cleanup
[2019-12-11T08:54:08.783+0000][1][safepoint    ] Leaving safepoint region
[2019-12-11T08:54:08.783+0000][1][safepoint    ] Total time for which application threads were stopped: 0.0001202 seconds, Stopping threads took: 0.0000269 seconds
[2019-12-11T08:54:09.785+0000][1][safepoint    ] Application time: 1.0014826 seconds
[2019-12-11T08:54:09.785+0000][1][safepoint    ] Entering safepoint region: Cleanup
[2019-12-11T08:54:09.785+0000][1][safepoint    ] Leaving safepoint region
[2019-12-11T08:54:09.785+0000][1][safepoint    ] Total time for which application threads were stopped: 0.0001253 seconds, Stopping threads took: 0.0000281 seconds
[2019-12-11T08:54:10.789+0000][1][safepoint    ] Application time: 1.0038160 seconds
[2019-12-11T08:54:10.789+0000][1][safepoint    ] Entering safepoint region: Cleanup
[2019-12-11T08:54:10.789+0000][1][safepoint    ] Leaving safepoint region
[2019-12-11T08:54:10.789+0000][1][safepoint    ] Total time for which application threads were stopped: 0.0001269 seconds, Stopping threads took: 0.0000309 seconds
[2019-12-11T08:54:11.790+0000][1][safepoint    ] Application time: 1.0008518 seconds
[2019-12-11T08:54:11.790+0000][1][safepoint    ] Entering safepoint region: Cleanup
[2019-12-11T08:54:11.790+0000][1][safepoint    ] Leaving safepoint region
[2019-12-11T08:54:11.790+0000][1][safepoint    ] Total time for which application threads were stopped: 0.0001203 seconds, Stopping threads took: 0.0000263 seconds
[2019-12-11T08:54:12.795+0000][1][safepoint    ] Application time: 1.0051910 seconds
[2019-12-11T08:54:12.795+0000][1][safepoint    ] Entering safepoint region: Cleanup
[2019-12-11T08:54:12.795+0000][1][safepoint    ] Leaving safepoint region
[2019-12-11T08:54:12.795+0000][1][safepoint    ] Total time for which application threads were stopped: 0.0001288 seconds, Stopping threads took: 0.0000271 seconds
[2019-12-11T08:54:13.796+0000][1][safepoint    ] Application time: 1.0004380 seconds
[2019-12-11T08:54:13.796+0000][1][safepoint    ] Entering safepoint region: Cleanup
[2019-12-11T08:54:13.796+0000][1][safepoint    ] Leaving safepoint region
[2019-12-11T08:54:13.796+0000][1][safepoint    ] Total time for which application threads were stopped: 0.0001296 seconds, Stopping threads took: 0.0000291 seconds
[2019-12-11T08:54:14.798+0000][1][safepoint    ] Application time: 1.0021019 seconds
[2019-12-11T08:54:14.798+0000][1][safepoint    ] Entering safepoint region: Cleanup
[2019-12-11T08:54:14.798+0000][1][safepoint    ] Leaving safepoint region
[2019-12-11T08:54:14.798+0000][1][safepoint    ] Total time for which application threads were stopped: 0.0001246 seconds, Stopping threads took: 0.0000292 seconds
[2019-12-11T08:54:15.798+0000][1][safepoint    ] Application time: 1.0000813 seconds
[2019-12-11T08:54:15.798+0000][1][safepoint    ] Entering safepoint region: Cleanup
[2019-12-11T08:54:15.798+0000][1][safepoint    ] Leaving safepoint region
[2019-12-11T08:54:15.798+0000][1][safepoint    ] Total time for which application threads were stopped: 0.0001291 seconds, Stopping threads took: 0.0000394 seconds
[2019-12-11T08:54:16.799+0000][1][safepoint    ] Application time: 1.0009572 seconds
[2019-12-11T08:54:16.800+0000][1][safepoint    ] Entering safepoint region: Cleanup
[2019-12-11T08:54:16.800+0000][1][safepoint    ] Leaving safepoint region
[2019-12-11T08:54:16.800+0000][1][safepoint    ] Total time for which application threads were stopped: 0.0001266 seconds, Stopping threads took: 0.0000296 seconds
[2019-12-11T08:54:17.800+0000][1][safepoint    ] Application time: 1.0001448 seconds
[2019-12-11T08:54:17.800+0000][1][safepoint    ] Entering safepoint region: Cleanup
[2019-12-11T08:54:17.800+0000][1][safepoint    ] Leaving safepoint region
[2019-12-11T08:54:17.800+0000][1][safepoint    ] Total time for which application threads were stopped: 0.0001194 seconds, Stopping threads took: 0.0000266 seconds
[2019-12-11T08:54:18.801+0000][1][safepoint    ] Application time: 1.0007618 seconds
[2019-12-11T08:54:18.801+0000][1][safepoint    ] Entering safepoint region: Cleanup
[2019-12-11T08:54:18.801+0000][1][safepoint    ] Leaving safepoint region
[2019-12-11T08:54:18.801+0000][1][safepoint    ] Total time for which application threads were stopped: 0.0001345 seconds, Stopping threads took: 0.0000292 seconds
[2019-12-11T08:54:19.804+0000][1][safepoint    ] Application time: 1.0028610 seconds
[2019-12-11T08:54:19.804+0000][1][safepoint    ] Entering safepoint region: Cleanup
[2019-12-11T08:54:19.804+0000][1][safepoint    ] Leaving safepoint region
[2019-12-11T08:54:19.804+0000][1][safepoint    ] Total time for which application threads were stopped: 0.0001266 seconds, Stopping threads took: 0.0000290 seconds
[2019-12-11T08:54:20.184+0000][1][safepoint    ] Application time: 0.3804635 seconds
[2019-12-11T08:54:20.184+0000][1][safepoint    ] Entering safepoint region: GenCollectForAllocation
[2019-12-11T08:54:20.185+0000][1][gc,start     ] GC(39) Pause Young (Allocation Failure)
[2019-12-11T08:54:20.185+0000][1][gc,task      ] GC(39) Using 2 workers of 2 for evacuation
[2019-12-11T08:54:20.200+0000][1][gc,age       ] GC(39) Desired survivor size 4456448 bytes, new threshold 6 (max threshold 6)
[2019-12-11T08:54:20.200+0000][1][gc,age       ] GC(39) Age table with threshold 6 (max threshold 6)
[2019-12-11T08:54:20.200+0000][1][gc,age       ] GC(39) - age   1:       9920 bytes,       9920 total
[2019-12-11T08:54:20.200+0000][1][gc,age       ] GC(39) - age   2:       2008 bytes,      11928 total
[2019-12-11T08:54:20.200+0000][1][gc,age       ] GC(39) - age   3:       1776 bytes,      13704 total
[2019-12-11T08:54:20.200+0000][1][gc,age       ] GC(39) - age   4:        744 bytes,      14448 total
[2019-12-11T08:54:20.200+0000][1][gc,age       ] GC(39) - age   5:        744 bytes,      15192 total
[2019-12-11T08:54:20.200+0000][1][gc,age       ] GC(39) - age   6:       2736 bytes,      17928 total
[2019-12-11T08:54:20.200+0000][1][gc,heap      ] GC(39) ParNew: 69971K->28K(78656K)
[2019-12-11T08:54:20.200+0000][1][gc,heap      ] GC(39) CMS: 73689K->73693K(174784K)
[2019-12-11T08:54:20.200+0000][1][gc,metaspace ] GC(39) Metaspace: 77705K->77705K(1120256K)
[2019-12-11T08:54:20.200+0000][1][gc           ] GC(39) Pause Young (Allocation Failure) 140M->71M(247M) 15.589ms
[2019-12-11T08:54:20.200+0000][1][gc,cpu       ] GC(39) User=0.00s Sys=0.01s Real=0.02s
[2019-12-11T08:54:20.200+0000][1][safepoint    ] Leaving safepoint region
[2019-12-11T08:54:20.200+0000][1][safepoint    ] Total time for which application threads were stopped: 0.0158069 seconds, Stopping threads took: 0.0000238 seconds
[2019-12-11T08:54:21.201+0000][1][safepoint    ] Application time: 1.0004501 seconds
[2019-12-11T08:54:21.201+0000][1][safepoint    ] Entering safepoint region: Cleanup
[2019-12-11T08:54:21.201+0000][1][safepoint    ] Leaving safepoint region
[2019-12-11T08:54:21.201+0000][1][safepoint    ] Total time for which application threads were stopped: 0.0001148 seconds, Stopping threads took: 0.0000255 seconds
[2019-12-11T08:54:22.204+0000][1][safepoint    ] Application time: 1.0028440 seconds
[2019-12-11T08:54:22.204+0000][1][safepoint    ] Entering safepoint region: Cleanup
[2019-12-11T08:54:22.204+0000][1][safepoint    ] Leaving safepoint region
[2019-12-11T08:54:22.204+0000][1][safepoint    ] Total time for which application threads were stopped: 0.0001138 seconds, Stopping threads took: 0.0000257 seconds
[2019-12-11T08:54:23.207+0000][1][safepoint    ] Application time: 1.0029899 seconds
[2019-12-11T08:54:23.207+0000][1][safepoint    ] Entering safepoint region: Cleanup
[2019-12-11T08:54:23.207+0000][1][safepoint    ] Leaving safepoint region
[2019-12-11T08:54:23.207+0000][1][safepoint    ] Total time for which application threads were stopped: 0.0001236 seconds, Stopping threads took: 0.0000256 seconds
[2019-12-11T08:54:24.210+0000][1][safepoint    ] Application time: 1.0026316 seconds
[2019-12-11T08:54:24.210+0000][1][safepoint    ] Entering safepoint region: Cleanup
[2019-12-11T08:54:24.210+0000][1][safepoint    ] Leaving safepoint region
[2019-12-11T08:54:24.210+0000][1][safepoint    ] Total time for which application threads were stopped: 0.0001232 seconds, Stopping threads took: 0.0000251 seconds
[2019-12-11T08:54:25.211+0000][1][safepoint    ] Application time: 1.0010931 seconds
[2019-12-11T08:54:25.211+0000][1][safepoint    ] Entering safepoint region: Cleanup
[2019-12-11T08:54:25.211+0000][1][safepoint    ] Leaving safepoint region
[2019-12-11T08:54:25.211+0000][1][safepoint    ] Total time for which application threads were stopped: 0.0001219 seconds, Stopping threads took: 0.0000280 seconds
[2019-12-11T08:54:26.216+0000][1][safepoint    ] Application time: 1.0045367 seconds
[2019-12-11T08:54:26.216+0000][1][safepoint    ] Entering safepoint region: Cleanup
[2019-12-11T08:54:26.216+0000][1][safepoint    ] Leaving safepoint region
[2019-12-11T08:54:26.216+0000][1][safepoint    ] Total time for which application threads were stopped: 0.0001176 seconds, Stopping threads took: 0.0000255 seconds
[2019-12-11T08:54:27.217+0000][1][safepoint    ] Application time: 1.0008522 seconds
[2019-12-11T08:54:27.217+0000][1][safepoint    ] Entering safepoint region: Cleanup
[2019-12-11T08:54:27.217+0000][1][safepoint    ] Leaving safepoint region
[2019-12-11T08:54:27.217+0000][1][safepoint    ] Total time for which application threads were stopped: 0.0001149 seconds, Stopping threads took: 0.0000254 seconds
[2019-12-11T08:54:28.223+0000][1][safepoint    ] Application time: 1.0057900 seconds
[2019-12-11T08:54:28.223+0000][1][safepoint    ] Entering safepoint region: Cleanup
[2019-12-11T08:54:28.223+0000][1][safepoint    ] Leaving safepoint region
[2019-12-11T08:54:28.223+0000][1][safepoint    ] Total time for which application threads were stopped: 0.0001242 seconds, Stopping threads took: 0.0000351 seconds
[2019-12-11T08:54:29.224+0000][1][safepoint    ] Application time: 1.0009642 seconds
[2019-12-11T08:54:29.224+0000][1][safepoint    ] Entering safepoint region: Cleanup
[2019-12-11T08:54:29.224+0000][1][safepoint    ] Leaving safepoint region
[2019-12-11T08:54:29.224+0000][1][safepoint    ] Total time for which application threads were stopped: 0.0001174 seconds, Stopping threads took: 0.0000253 seconds
[2019-12-11T08:54:30.225+0000][1][safepoint    ] Application time: 1.0006879 seconds
[2019-12-11T08:54:30.225+0000][1][safepoint    ] Entering safepoint region: Cleanup
[2019-12-11T08:54:30.225+0000][1][safepoint    ] Leaving safepoint region
[2019-12-11T08:54:30.225+0000][1][safepoint    ] Total time for which application threads were stopped: 0.0001304 seconds, Stopping threads took: 0.0000371 seconds
[2019-12-11T08:54:31.226+0000][1][safepoint    ] Application time: 1.0008095 seconds
[2019-12-11T08:54:31.226+0000][1][safepoint    ] Entering safepoint region: Cleanup
[2019-12-11T08:54:31.226+0000][1][safepoint    ] Leaving safepoint region
[2019-12-11T08:54:31.226+0000][1][safepoint    ] Total time for which application threads were stopped: 0.0001310 seconds, Stopping threads took: 0.0000258 seconds
[2019-12-11T08:54:32.228+0000][1][safepoint    ] Application time: 1.0018534 seconds
[2019-12-11T08:54:32.228+0000][1][safepoint    ] Entering safepoint region: Cleanup
[2019-12-11T08:54:32.228+0000][1][safepoint    ] Leaving safepoint region
[2019-12-11T08:54:32.228+0000][1][safepoint    ] Total time for which application threads were stopped: 0.0001126 seconds, Stopping threads took: 0.0000251 seconds
[2019-12-11T08:54:33.230+0000][1][safepoint    ] Application time: 1.0017706 seconds
[2019-12-11T08:54:33.230+0000][1][safepoint    ] Entering safepoint region: Cleanup
[2019-12-11T08:54:33.230+0000][1][safepoint    ] Leaving safepoint region
[2019-12-11T08:54:33.230+0000][1][safepoint    ] Total time for which application threads were stopped: 0.0001167 seconds, Stopping threads took: 0.0000253 seconds
[2019-12-11T08:54:34.234+0000][1][safepoint    ] Application time: 1.0038337 seconds
[2019-12-11T08:54:34.234+0000][1][safepoint    ] Entering safepoint region: Cleanup
[2019-12-11T08:54:34.234+0000][1][safepoint    ] Leaving safepoint region
[2019-12-11T08:54:34.234+0000][1][safepoint    ] Total time for which application threads were stopped: 0.0001162 seconds, Stopping threads took: 0.0000258 seconds
[2019-12-11T08:54:35.234+0000][1][safepoint    ] Application time: 1.0000893 seconds
[2019-12-11T08:54:35.234+0000][1][safepoint    ] Entering safepoint region: Cleanup
[2019-12-11T08:54:35.234+0000][1][safepoint    ] Leaving safepoint region
[2019-12-11T08:54:35.234+0000][1][safepoint    ] Total time for which application threads were stopped: 0.0001200 seconds, Stopping threads took: 0.0000265 seconds
[2019-12-11T08:54:36.238+0000][1][safepoint    ] Application time: 1.0035977 seconds
[2019-12-11T08:54:36.238+0000][1][safepoint    ] Entering safepoint region: Cleanup
[2019-12-11T08:54:36.238+0000][1][safepoint    ] Leaving safepoint region
[2019-12-11T08:54:36.238+0000][1][safepoint    ] Total time for which application threads were stopped: 0.0001332 seconds, Stopping threads took: 0.0000267 seconds
[2019-12-11T08:54:37.240+0000][1][safepoint    ] Application time: 1.0018083 seconds
[2019-12-11T08:54:37.240+0000][1][safepoint    ] Entering safepoint region: Cleanup
[2019-12-11T08:54:37.240+0000][1][safepoint    ] Leaving safepoint region
[2019-12-11T08:54:37.240+0000][1][safepoint    ] Total time for which application threads were stopped: 0.0001318 seconds, Stopping threads took: 0.0000287 seconds
[2019-12-11T08:54:38.241+0000][1][safepoint    ] Application time: 1.0007910 seconds
[2019-12-11T08:54:38.241+0000][1][safepoint    ] Entering safepoint region: Cleanup
[2019-12-11T08:54:38.241+0000][1][safepoint    ] Leaving safepoint region
[2019-12-11T08:54:38.241+0000][1][safepoint    ] Total time for which application threads were stopped: 0.0001143 seconds, Stopping threads took: 0.0000262 seconds
[2019-12-11T08:54:39.242+0000][1][safepoint    ] Application time: 1.0008612 seconds
[2019-12-11T08:54:39.242+0000][1][safepoint    ] Entering safepoint region: Cleanup
[2019-12-11T08:54:39.242+0000][1][safepoint    ] Leaving safepoint region
[2019-12-11T08:54:39.242+0000][1][safepoint    ] Total time for which application threads were stopped: 0.0001312 seconds, Stopping threads took: 0.0000289 seconds
[2019-12-11T08:54:40.243+0000][1][safepoint    ] Application time: 1.0007704 seconds
[2019-12-11T08:54:40.243+0000][1][safepoint    ] Entering safepoint region: Cleanup
[2019-12-11T08:54:40.243+0000][1][safepoint    ] Leaving safepoint region
[2019-12-11T08:54:40.243+0000][1][safepoint    ] Total time for which application threads were stopped: 0.0001171 seconds, Stopping threads took: 0.0000249 seconds
[2019-12-11T08:54:41.246+0000][1][safepoint    ] Application time: 1.0028257 seconds
[2019-12-11T08:54:41.246+0000][1][safepoint    ] Entering safepoint region: Cleanup
[2019-12-11T08:54:41.246+0000][1][safepoint    ] Leaving safepoint region
[2019-12-11T08:54:41.246+0000][1][safepoint    ] Total time for which application threads were stopped: 0.0001244 seconds, Stopping threads took: 0.0000273 seconds
[2019-12-11T08:54:42.247+0000][1][safepoint    ] Application time: 1.0008064 seconds
[2019-12-11T08:54:42.247+0000][1][safepoint    ] Entering safepoint region: Cleanup
[2019-12-11T08:54:42.247+0000][1][safepoint    ] Leaving safepoint region
[2019-12-11T08:54:42.247+0000][1][safepoint    ] Total time for which application threads were stopped: 0.0001209 seconds, Stopping threads took: 0.0000258 seconds
[2019-12-11T08:54:43.249+0000][1][safepoint    ] Application time: 1.0018201 seconds
[2019-12-11T08:54:43.249+0000][1][safepoint    ] Entering safepoint region: Cleanup
[2019-12-11T08:54:43.249+0000][1][safepoint    ] Leaving safepoint region
[2019-12-11T08:54:43.249+0000][1][safepoint    ] Total time for which application threads were stopped: 0.0001268 seconds, Stopping threads took: 0.0000381 seconds
[2019-12-11T08:54:44.252+0000][1][safepoint    ] Application time: 1.0028214 seconds
[2019-12-11T08:54:44.252+0000][1][safepoint    ] Entering safepoint region: Cleanup
[2019-12-11T08:54:44.252+0000][1][safepoint    ] Leaving safepoint region
[2019-12-11T08:54:44.252+0000][1][safepoint    ] Total time for which application threads were stopped: 0.0001271 seconds, Stopping threads took: 0.0000292 seconds
[2019-12-11T08:54:45.254+0000][1][safepoint    ] Application time: 1.0018433 seconds
[2019-12-11T08:54:45.254+0000][1][safepoint    ] Entering safepoint region: Cleanup
[2019-12-11T08:54:45.254+0000][1][safepoint    ] Leaving safepoint region
[2019-12-11T08:54:45.254+0000][1][safepoint    ] Total time for which application threads were stopped: 0.0001192 seconds, Stopping threads took: 0.0000273 seconds
[2019-12-11T08:54:46.257+0000][1][safepoint    ] Application time: 1.0027927 seconds
[2019-12-11T08:54:46.257+0000][1][safepoint    ] Entering safepoint region: Cleanup
[2019-12-11T08:54:46.257+0000][1][safepoint    ] Leaving safepoint region
[2019-12-11T08:54:46.257+0000][1][safepoint    ] Total time for which application threads were stopped: 0.0001313 seconds, Stopping threads took: 0.0000269 seconds
[2019-12-11T08:54:47.257+0000][1][safepoint    ] Application time: 1.0000870 seconds
[2019-12-11T08:54:47.257+0000][1][safepoint    ] Entering safepoint region: Cleanup
[2019-12-11T08:54:47.257+0000][1][safepoint    ] Leaving safepoint region
[2019-12-11T08:54:47.257+0000][1][safepoint    ] Total time for which application threads were stopped: 0.0001438 seconds, Stopping threads took: 0.0000381 seconds
[2019-12-11T08:54:48.258+0000][1][safepoint    ] Application time: 1.0005292 seconds
[2019-12-11T08:54:48.258+0000][1][safepoint    ] Entering safepoint region: Cleanup
[2019-12-11T08:54:48.258+0000][1][safepoint    ] Leaving safepoint region
[2019-12-11T08:54:48.258+0000][1][safepoint    ] Total time for which application threads were stopped: 0.0001200 seconds, Stopping threads took: 0.0000250 seconds
[2019-12-11T08:54:49.261+0000][1][safepoint    ] Application time: 1.0033285 seconds
[2019-12-11T08:54:49.261+0000][1][safepoint    ] Entering safepoint region: Cleanup
[2019-12-11T08:54:49.261+0000][1][safepoint    ] Leaving safepoint region
[2019-12-11T08:54:49.261+0000][1][safepoint    ] Total time for which application threads were stopped: 0.0001479 seconds, Stopping threads took: 0.0000353 seconds
[2019-12-11T08:54:50.262+0000][1][safepoint    ] Application time: 1.0002829 seconds
[2019-12-11T08:54:50.262+0000][1][safepoint    ] Entering safepoint region: Cleanup
[2019-12-11T08:54:50.262+0000][1][safepoint    ] Leaving safepoint region
[2019-12-11T08:54:50.262+0000][1][safepoint    ] Total time for which application threads were stopped: 0.0001194 seconds, Stopping threads took: 0.0000250 seconds
[2019-12-11T08:54:51.263+0000][1][safepoint    ] Application time: 1.0008223 seconds
[2019-12-11T08:54:51.263+0000][1][safepoint    ] Entering safepoint region: Cleanup
[2019-12-11T08:54:51.263+0000][1][safepoint    ] Leaving safepoint region
[2019-12-11T08:54:51.263+0000][1][safepoint    ] Total time for which application threads were stopped: 0.0001227 seconds, Stopping threads took: 0.0000261 seconds
[2019-12-11T08:54:52.264+0000][1][safepoint    ] Application time: 1.0008627 seconds
[2019-12-11T08:54:52.264+0000][1][safepoint    ] Entering safepoint region: Cleanup
[2019-12-11T08:54:52.264+0000][1][safepoint    ] Leaving safepoint region
[2019-12-11T08:54:52.264+0000][1][safepoint    ] Total time for which application threads were stopped: 0.0001161 seconds, Stopping threads took: 0.0000261 seconds
[2019-12-11T08:54:53.264+0000][1][safepoint    ] Application time: 1.0001360 seconds
[2019-12-11T08:54:53.264+0000][1][safepoint    ] Entering safepoint region: Cleanup
[2019-12-11T08:54:53.264+0000][1][safepoint    ] Leaving safepoint region
[2019-12-11T08:54:53.264+0000][1][safepoint    ] Total time for which application threads were stopped: 0.0001246 seconds, Stopping threads took: 0.0000276 seconds
[2019-12-11T08:54:54.265+0000][1][safepoint    ] Application time: 1.0004566 seconds
[2019-12-11T08:54:54.265+0000][1][safepoint    ] Entering safepoint region: Cleanup
[2019-12-11T08:54:54.265+0000][1][safepoint    ] Leaving safepoint region
[2019-12-11T08:54:54.265+0000][1][safepoint    ] Total time for which application threads were stopped: 0.0001234 seconds, Stopping threads took: 0.0000282 seconds
[2019-12-11T08:54:55.266+0000][1][safepoint    ] Application time: 1.0009793 seconds
[2019-12-11T08:54:55.266+0000][1][safepoint    ] Entering safepoint region: Cleanup
[2019-12-11T08:54:55.266+0000][1][safepoint    ] Leaving safepoint region
[2019-12-11T08:54:55.266+0000][1][safepoint    ] Total time for which application threads were stopped: 0.0001331 seconds, Stopping threads took: 0.0000299 seconds
[2019-12-11T08:54:56.268+0000][1][safepoint    ] Application time: 1.0016509 seconds
[2019-12-11T08:54:56.268+0000][1][safepoint    ] Entering safepoint region: Cleanup
[2019-12-11T08:54:56.268+0000][1][safepoint    ] Leaving safepoint region
[2019-12-11T08:54:56.268+0000][1][safepoint    ] Total time for which application threads were stopped: 0.0001294 seconds, Stopping threads took: 0.0000287 seconds
[2019-12-11T08:54:57.269+0000][1][safepoint    ] Application time: 1.0008060 seconds
[2019-12-11T08:54:57.269+0000][1][safepoint    ] Entering safepoint region: Cleanup
[2019-12-11T08:54:57.269+0000][1][safepoint    ] Leaving safepoint region
[2019-12-11T08:54:57.269+0000][1][safepoint    ] Total time for which application threads were stopped: 0.0001177 seconds, Stopping threads took: 0.0000258 seconds
[2019-12-11T08:54:58.271+0000][1][safepoint    ] Application time: 1.0018254 seconds
[2019-12-11T08:54:58.271+0000][1][safepoint    ] Entering safepoint region: Cleanup
[2019-12-11T08:54:58.271+0000][1][safepoint    ] Leaving safepoint region
[2019-12-11T08:54:58.271+0000][1][safepoint    ] Total time for which application threads were stopped: 0.0001306 seconds, Stopping threads took: 0.0000288 seconds
[2019-12-11T08:54:59.272+0000][1][safepoint    ] Application time: 1.0008086 seconds
[2019-12-11T08:54:59.272+0000][1][safepoint    ] Entering safepoint region: Cleanup
[2019-12-11T08:54:59.272+0000][1][safepoint    ] Leaving safepoint region
[2019-12-11T08:54:59.272+0000][1][safepoint    ] Total time for which application threads were stopped: 0.0001281 seconds, Stopping threads took: 0.0000291 seconds
[2019-12-11T08:55:00.273+0000][1][safepoint    ] Application time: 1.0009266 seconds
[2019-12-11T08:55:00.273+0000][1][safepoint    ] Entering safepoint region: Cleanup
[2019-12-11T08:55:00.273+0000][1][safepoint    ] Leaving safepoint region
[2019-12-11T08:55:00.273+0000][1][safepoint    ] Total time for which application threads were stopped: 0.0001143 seconds, Stopping threads took: 0.0000272 seconds
[2019-12-11T08:55:01.278+0000][1][safepoint    ] Application time: 1.0049858 seconds
[2019-12-11T08:55:01.278+0000][1][safepoint    ] Entering safepoint region: Cleanup
[2019-12-11T08:55:01.278+0000][1][safepoint    ] Leaving safepoint region
[2019-12-11T08:55:01.278+0000][1][safepoint    ] Total time for which application threads were stopped: 0.0001291 seconds, Stopping threads took: 0.0000292 seconds
[2019-12-11T08:55:02.282+0000][1][safepoint    ] Application time: 1.0035627 seconds
[2019-12-11T08:55:02.282+0000][1][safepoint    ] Entering safepoint region: Cleanup
[2019-12-11T08:55:02.282+0000][1][safepoint    ] Leaving safepoint region
[2019-12-11T08:55:02.282+0000][1][safepoint    ] Total time for which application threads were stopped: 0.0001248 seconds, Stopping threads took: 0.0000281 seconds
[2019-12-11T08:55:03.284+0000][1][safepoint    ] Application time: 1.0018019 seconds
[2019-12-11T08:55:03.284+0000][1][safepoint    ] Entering safepoint region: Cleanup
[2019-12-11T08:55:03.284+0000][1][safepoint    ] Leaving safepoint region
[2019-12-11T08:55:03.284+0000][1][safepoint    ] Total time for which application threads were stopped: 0.0001260 seconds, Stopping threads took: 0.0000258 seconds
[2019-12-11T08:55:04.287+0000][1][safepoint    ] Application time: 1.0028350 seconds
[2019-12-11T08:55:04.287+0000][1][safepoint    ] Entering safepoint region: Cleanup
[2019-12-11T08:55:04.287+0000][1][safepoint    ] Leaving safepoint region
[2019-12-11T08:55:04.287+0000][1][safepoint    ] Total time for which application threads were stopped: 0.0001237 seconds, Stopping threads took: 0.0000275 seconds
[2019-12-11T08:55:05.288+0000][1][safepoint    ] Application time: 1.0008000 seconds
[2019-12-11T08:55:05.288+0000][1][safepoint    ] Entering safepoint region: Cleanup
[2019-12-11T08:55:05.288+0000][1][safepoint    ] Leaving safepoint region
[2019-12-11T08:55:05.288+0000][1][safepoint    ] Total time for which application threads were stopped: 0.0001238 seconds, Stopping threads took: 0.0000281 seconds
[2019-12-11T08:55:06.292+0000][1][safepoint    ] Application time: 1.0038075 seconds
[2019-12-11T08:55:06.292+0000][1][safepoint    ] Entering safepoint region: Cleanup
[2019-12-11T08:55:06.292+0000][1][safepoint    ] Leaving safepoint region
[2019-12-11T08:55:06.292+0000][1][safepoint    ] Total time for which application threads were stopped: 0.0001223 seconds, Stopping threads took: 0.0000265 seconds
[2019-12-11T08:55:07.294+0000][1][safepoint    ] Application time: 1.0018262 seconds
[2019-12-11T08:55:07.294+0000][1][safepoint    ] Entering safepoint region: Cleanup
[2019-12-11T08:55:07.294+0000][1][safepoint    ] Leaving safepoint region
[2019-12-11T08:55:07.294+0000][1][safepoint    ] Total time for which application threads were stopped: 0.0001222 seconds, Stopping threads took: 0.0000270 seconds
[2019-12-11T08:55:08.296+0000][1][safepoint    ] Application time: 1.0018289 seconds
[2019-12-11T08:55:08.296+0000][1][safepoint    ] Entering safepoint region: Cleanup
[2019-12-11T08:55:08.296+0000][1][safepoint    ] Leaving safepoint region
[2019-12-11T08:55:08.296+0000][1][safepoint    ] Total time for which application threads were stopped: 0.0001321 seconds, Stopping threads took: 0.0000408 seconds
[2019-12-11T08:55:09.299+0000][1][safepoint    ] Application time: 1.0027858 seconds
[2019-12-11T08:55:09.299+0000][1][safepoint    ] Entering safepoint region: Cleanup
[2019-12-11T08:55:09.299+0000][1][safepoint    ] Leaving safepoint region
[2019-12-11T08:55:09.299+0000][1][safepoint    ] Total time for which application threads were stopped: 0.0001131 seconds, Stopping threads took: 0.0000274 seconds
[2019-12-11T08:55:10.301+0000][1][safepoint    ] Application time: 1.0018326 seconds
[2019-12-11T08:55:10.301+0000][1][safepoint    ] Entering safepoint region: Cleanup
[2019-12-11T08:55:10.301+0000][1][safepoint    ] Leaving safepoint region
[2019-12-11T08:55:10.301+0000][1][safepoint    ] Total time for which application threads were stopped: 0.0001214 seconds, Stopping threads took: 0.0000262 seconds
[2019-12-11T08:55:11.303+0000][1][safepoint    ] Application time: 1.0018165 seconds
[2019-12-11T08:55:11.303+0000][1][safepoint    ] Entering safepoint region: Cleanup
[2019-12-11T08:55:11.303+0000][1][safepoint    ] Leaving safepoint region
[2019-12-11T08:55:11.303+0000][1][safepoint    ] Total time for which application threads were stopped: 0.0001124 seconds, Stopping threads took: 0.0000262 seconds
[2019-12-11T08:55:12.304+0000][1][safepoint    ] Application time: 1.0009121 seconds
[2019-12-11T08:55:12.304+0000][1][safepoint    ] Entering safepoint region: Cleanup
[2019-12-11T08:55:12.304+0000][1][safepoint    ] Leaving safepoint region
[2019-12-11T08:55:12.304+0000][1][safepoint    ] Total time for which application threads were stopped: 0.0001264 seconds, Stopping threads took: 0.0000291 seconds
[2019-12-11T08:55:13.307+0000][1][safepoint    ] Application time: 1.0027278 seconds
[2019-12-11T08:55:13.307+0000][1][safepoint    ] Entering safepoint region: Cleanup
[2019-12-11T08:55:13.307+0000][1][safepoint    ] Leaving safepoint region
[2019-12-11T08:55:13.307+0000][1][safepoint    ] Total time for which application threads were stopped: 0.0001251 seconds, Stopping threads took: 0.0000284 seconds
[2019-12-11T08:55:14.311+0000][1][safepoint    ] Application time: 1.0038212 seconds
[2019-12-11T08:55:14.311+0000][1][safepoint    ] Entering safepoint region: Cleanup
[2019-12-11T08:55:14.311+0000][1][safepoint    ] Leaving safepoint region
[2019-12-11T08:55:14.311+0000][1][safepoint    ] Total time for which application threads were stopped: 0.0001240 seconds, Stopping threads took: 0.0000272 seconds
[2019-12-11T08:55:15.316+0000][1][safepoint    ] Application time: 1.0047922 seconds
[2019-12-11T08:55:15.316+0000][1][safepoint    ] Entering safepoint region: Cleanup
[2019-12-11T08:55:15.316+0000][1][safepoint    ] Leaving safepoint region
[2019-12-11T08:55:15.316+0000][1][safepoint    ] Total time for which application threads were stopped: 0.0001430 seconds, Stopping threads took: 0.0000491 seconds
[2019-12-11T08:55:16.317+0000][1][safepoint    ] Application time: 1.0008211 seconds
[2019-12-11T08:55:16.317+0000][1][safepoint    ] Entering safepoint region: Cleanup
[2019-12-11T08:55:16.317+0000][1][safepoint    ] Leaving safepoint region
[2019-12-11T08:55:16.317+0000][1][safepoint    ] Total time for which application threads were stopped: 0.0001499 seconds, Stopping threads took: 0.0000273 seconds
[2019-12-11T08:55:17.320+0000][1][safepoint    ] Application time: 1.0028163 seconds
[2019-12-11T08:55:17.320+0000][1][safepoint    ] Entering safepoint region: Cleanup
[2019-12-11T08:55:17.320+0000][1][safepoint    ] Leaving safepoint region
[2019-12-11T08:55:17.320+0000][1][safepoint    ] Total time for which application threads were stopped: 0.0001317 seconds, Stopping threads took: 0.0000370 seconds
[2019-12-11T08:55:18.322+0000][1][safepoint    ] Application time: 1.0017524 seconds
[2019-12-11T08:55:18.322+0000][1][safepoint    ] Entering safepoint region: Cleanup
[2019-12-11T08:55:18.322+0000][1][safepoint    ] Leaving safepoint region
[2019-12-11T08:55:18.322+0000][1][safepoint    ] Total time for which application threads were stopped: 0.0001216 seconds, Stopping threads took: 0.0000281 seconds
[2019-12-11T08:55:19.322+0000][1][safepoint    ] Application time: 1.0000816 seconds
[2019-12-11T08:55:19.322+0000][1][safepoint    ] Entering safepoint region: Cleanup
[2019-12-11T08:55:19.322+0000][1][safepoint    ] Leaving safepoint region
[2019-12-11T08:55:19.322+0000][1][safepoint    ] Total time for which application threads were stopped: 0.0001019 seconds, Stopping threads took: 0.0000251 seconds
[2019-12-11T08:55:20.323+0000][1][safepoint    ] Application time: 1.0006188 seconds
[2019-12-11T08:55:20.323+0000][1][safepoint    ] Entering safepoint region: Cleanup
[2019-12-11T08:55:20.323+0000][1][safepoint    ] Leaving safepoint region
[2019-12-11T08:55:20.323+0000][1][safepoint    ] Total time for which application threads were stopped: 0.0001190 seconds, Stopping threads took: 0.0000268 seconds
[2019-12-11T08:55:21.325+0000][1][safepoint    ] Application time: 1.0018001 seconds
[2019-12-11T08:55:21.325+0000][1][safepoint    ] Entering safepoint region: Cleanup
[2019-12-11T08:55:21.325+0000][1][safepoint    ] Leaving safepoint region
[2019-12-11T08:55:21.325+0000][1][safepoint    ] Total time for which application threads were stopped: 0.0001339 seconds, Stopping threads took: 0.0000300 seconds
[2019-12-11T08:55:22.326+0000][1][safepoint    ] Application time: 1.0008260 seconds
[2019-12-11T08:55:22.326+0000][1][safepoint    ] Entering safepoint region: Cleanup
[2019-12-11T08:55:22.326+0000][1][safepoint    ] Leaving safepoint region
[2019-12-11T08:55:22.326+0000][1][safepoint    ] Total time for which application threads were stopped: 0.0001098 seconds, Stopping threads took: 0.0000253 seconds
[2019-12-11T08:55:23.329+0000][1][safepoint    ] Application time: 1.0028030 seconds
[2019-12-11T08:55:23.329+0000][1][safepoint    ] Entering safepoint region: Cleanup
[2019-12-11T08:55:23.329+0000][1][safepoint    ] Leaving safepoint region
[2019-12-11T08:55:23.329+0000][1][safepoint    ] Total time for which application threads were stopped: 0.0001309 seconds, Stopping threads took: 0.0000389 seconds
[2019-12-11T08:55:24.332+0000][1][safepoint    ] Application time: 1.0028515 seconds
[2019-12-11T08:55:24.332+0000][1][safepoint    ] Entering safepoint region: Cleanup
[2019-12-11T08:55:24.332+0000][1][safepoint    ] Leaving safepoint region
[2019-12-11T08:55:24.332+0000][1][safepoint    ] Total time for which application threads were stopped: 0.0001246 seconds, Stopping threads took: 0.0000276 seconds
[2019-12-11T08:55:25.333+0000][1][safepoint    ] Application time: 1.0008756 seconds
[2019-12-11T08:55:25.333+0000][1][safepoint    ] Entering safepoint region: Cleanup
[2019-12-11T08:55:25.333+0000][1][safepoint    ] Leaving safepoint region
[2019-12-11T08:55:25.333+0000][1][safepoint    ] Total time for which application threads were stopped: 0.0001161 seconds, Stopping threads took: 0.0000262 seconds
[2019-12-11T08:55:26.334+0000][1][safepoint    ] Application time: 1.0008887 seconds
[2019-12-11T08:55:26.334+0000][1][safepoint    ] Entering safepoint region: Cleanup
[2019-12-11T08:55:26.334+0000][1][safepoint    ] Leaving safepoint region
[2019-12-11T08:55:26.334+0000][1][safepoint    ] Total time for which application threads were stopped: 0.0001211 seconds, Stopping threads took: 0.0000278 seconds
[2019-12-11T08:55:27.335+0000][1][safepoint    ] Application time: 1.0006524 seconds
[2019-12-11T08:55:27.335+0000][1][safepoint    ] Entering safepoint region: Cleanup
[2019-12-11T08:55:27.335+0000][1][safepoint    ] Leaving safepoint region
[2019-12-11T08:55:27.335+0000][1][safepoint    ] Total time for which application threads were stopped: 0.0001240 seconds, Stopping threads took: 0.0000277 seconds
[2019-12-11T08:55:28.335+0000][1][safepoint    ] Application time: 1.0002407 seconds
[2019-12-11T08:55:28.335+0000][1][safepoint    ] Entering safepoint region: Cleanup
[2019-12-11T08:55:28.335+0000][1][safepoint    ] Leaving safepoint region
[2019-12-11T08:55:28.335+0000][1][safepoint    ] Total time for which application threads were stopped: 0.0001290 seconds, Stopping threads took: 0.0000272 seconds
[2019-12-11T08:55:29.337+0000][1][safepoint    ] Application time: 1.0014014 seconds
[2019-12-11T08:55:29.337+0000][1][safepoint    ] Entering safepoint region: Cleanup
[2019-12-11T08:55:29.337+0000][1][safepoint    ] Leaving safepoint region
[2019-12-11T08:55:29.337+0000][1][safepoint    ] Total time for which application threads were stopped: 0.0001201 seconds, Stopping threads took: 0.0000275 seconds
[2019-12-11T08:55:30.338+0000][1][safepoint    ] Application time: 1.0015889 seconds
[2019-12-11T08:55:30.339+0000][1][safepoint    ] Entering safepoint region: Cleanup
[2019-12-11T08:55:30.339+0000][1][safepoint    ] Leaving safepoint region
[2019-12-11T08:55:30.339+0000][1][safepoint    ] Total time for which application threads were stopped: 0.0001571 seconds, Stopping threads took: 0.0000285 seconds
[2019-12-11T08:55:31.340+0000][1][safepoint    ] Application time: 1.0010060 seconds
[2019-12-11T08:55:31.340+0000][1][safepoint    ] Entering safepoint region: Cleanup
[2019-12-11T08:55:31.340+0000][1][safepoint    ] Leaving safepoint region
[2019-12-11T08:55:31.340+0000][1][safepoint    ] Total time for which application threads were stopped: 0.0001241 seconds, Stopping threads took: 0.0000289 seconds
[2019-12-11T08:55:32.343+0000][1][safepoint    ] Application time: 1.0028137 seconds
[2019-12-11T08:55:32.343+0000][1][safepoint    ] Entering safepoint region: Cleanup
[2019-12-11T08:55:32.343+0000][1][safepoint    ] Leaving safepoint region
[2019-12-11T08:55:32.343+0000][1][safepoint    ] Total time for which application threads were stopped: 0.0001232 seconds, Stopping threads took: 0.0000300 seconds
[2019-12-11T08:55:33.344+0000][1][safepoint    ] Application time: 1.0007927 seconds
[2019-12-11T08:55:33.344+0000][1][safepoint    ] Entering safepoint region: Cleanup
[2019-12-11T08:55:33.344+0000][1][safepoint    ] Leaving safepoint region
[2019-12-11T08:55:33.344+0000][1][safepoint    ] Total time for which application threads were stopped: 0.0001198 seconds, Stopping threads took: 0.0000269 seconds
[2019-12-11T08:55:34.345+0000][1][safepoint    ] Application time: 1.0009749 seconds
[2019-12-11T08:55:34.345+0000][1][safepoint    ] Entering safepoint region: Cleanup
[2019-12-11T08:55:34.345+0000][1][safepoint    ] Leaving safepoint region
[2019-12-11T08:55:34.345+0000][1][safepoint    ] Total time for which application threads were stopped: 0.0001329 seconds, Stopping threads took: 0.0000260 seconds
[2019-12-11T08:55:35.347+0000][1][safepoint    ] Application time: 1.0016580 seconds
[2019-12-11T08:55:35.347+0000][1][safepoint    ] Entering safepoint region: Cleanup
[2019-12-11T08:55:35.347+0000][1][safepoint    ] Leaving safepoint region
[2019-12-11T08:55:35.347+0000][1][safepoint    ] Total time for which application threads were stopped: 0.0001169 seconds, Stopping threads took: 0.0000267 seconds
[2019-12-11T08:55:36.348+0000][1][safepoint    ] Application time: 1.0008436 seconds
[2019-12-11T08:55:36.348+0000][1][safepoint    ] Entering safepoint region: Cleanup
[2019-12-11T08:55:36.348+0000][1][safepoint    ] Leaving safepoint region
[2019-12-11T08:55:36.348+0000][1][safepoint    ] Total time for which application threads were stopped: 0.0001347 seconds, Stopping threads took: 0.0000248 seconds
[2019-12-11T08:55:37.349+0000][1][safepoint    ] Application time: 1.0008485 seconds
[2019-12-11T08:55:37.349+0000][1][safepoint    ] Entering safepoint region: Cleanup
[2019-12-11T08:55:37.349+0000][1][safepoint    ] Leaving safepoint region
[2019-12-11T08:55:37.349+0000][1][safepoint    ] Total time for which application threads were stopped: 0.0001318 seconds, Stopping threads took: 0.0000294 seconds
[2019-12-11T08:55:38.352+0000][1][safepoint    ] Application time: 1.0027806 seconds
[2019-12-11T08:55:38.352+0000][1][safepoint    ] Entering safepoint region: Cleanup
[2019-12-11T08:55:38.352+0000][1][safepoint    ] Leaving safepoint region
[2019-12-11T08:55:38.352+0000][1][safepoint    ] Total time for which application threads were stopped: 0.0001240 seconds, Stopping threads took: 0.0000294 seconds
[2019-12-11T08:55:39.355+0000][1][safepoint    ] Application time: 1.0027879 seconds
[2019-12-11T08:55:39.355+0000][1][safepoint    ] Entering safepoint region: Cleanup
[2019-12-11T08:55:39.355+0000][1][safepoint    ] Leaving safepoint region
[2019-12-11T08:55:39.355+0000][1][safepoint    ] Total time for which application threads were stopped: 0.0001176 seconds, Stopping threads took: 0.0000270 seconds
[2019-12-11T08:55:40.356+0000][1][safepoint    ] Application time: 1.0008677 seconds
[2019-12-11T08:55:40.356+0000][1][safepoint    ] Entering safepoint region: Cleanup
[2019-12-11T08:55:40.356+0000][1][safepoint    ] Leaving safepoint region
[2019-12-11T08:55:40.356+0000][1][safepoint    ] Total time for which application threads were stopped: 0.0001135 seconds, Stopping threads took: 0.0000266 seconds
[2019-12-11T08:55:41.359+0000][1][safepoint    ] Application time: 1.0027997 seconds
[2019-12-11T08:55:41.359+0000][1][safepoint    ] Entering safepoint region: Cleanup
[2019-12-11T08:55:41.359+0000][1][safepoint    ] Leaving safepoint region
[2019-12-11T08:55:41.359+0000][1][safepoint    ] Total time for which application threads were stopped: 0.0001257 seconds, Stopping threads took: 0.0000281 seconds
[2019-12-11T08:55:43.297+0000][1][safepoint    ] Application time: 1.9378094 seconds
[2019-12-11T08:55:43.297+0000][1][safepoint    ] Entering safepoint region: Cleanup
[2019-12-11T08:55:43.297+0000][1][safepoint    ] Leaving safepoint region
[2019-12-11T08:55:43.297+0000][1][safepoint    ] Total time for which application threads were stopped: 0.0001396 seconds, Stopping threads took: 0.0000359 seconds
[2019-12-11T08:55:44.301+0000][1][safepoint    ] Application time: 1.0037935 seconds
[2019-12-11T08:55:44.301+0000][1][safepoint    ] Entering safepoint region: Cleanup
[2019-12-11T08:55:44.301+0000][1][safepoint    ] Leaving safepoint region
[2019-12-11T08:55:44.301+0000][1][safepoint    ] Total time for which application threads were stopped: 0.0001240 seconds, Stopping threads took: 0.0000342 seconds
[2019-12-11T08:55:45.301+0000][1][safepoint    ] Application time: 1.0002130 seconds
[2019-12-11T08:55:45.301+0000][1][safepoint    ] Entering safepoint region: Cleanup
[2019-12-11T08:55:45.301+0000][1][safepoint    ] Leaving safepoint region
[2019-12-11T08:55:45.301+0000][1][safepoint    ] Total time for which application threads were stopped: 0.0001157 seconds, Stopping threads took: 0.0000240 seconds
[2019-12-11T08:55:46.305+0000][1][safepoint    ] Application time: 1.0034415 seconds
[2019-12-11T08:55:46.305+0000][1][safepoint    ] Entering safepoint region: Cleanup
[2019-12-11T08:55:46.305+0000][1][safepoint    ] Leaving safepoint region
[2019-12-11T08:55:46.305+0000][1][safepoint    ] Total time for which application threads were stopped: 0.0001261 seconds, Stopping threads took: 0.0000295 seconds
[2019-12-11T08:55:47.306+0000][1][safepoint    ] Application time: 1.0008090 seconds
[2019-12-11T08:55:47.306+0000][1][safepoint    ] Entering safepoint region: Cleanup
[2019-12-11T08:55:47.306+0000][1][safepoint    ] Leaving safepoint region
[2019-12-11T08:55:47.306+0000][1][safepoint    ] Total time for which application threads were stopped: 0.0001155 seconds, Stopping threads took: 0.0000265 seconds
[2019-12-11T08:55:48.309+0000][1][safepoint    ] Application time: 1.0031750 seconds
[2019-12-11T08:55:48.309+0000][1][safepoint    ] Entering safepoint region: Cleanup
[2019-12-11T08:55:48.309+0000][1][safepoint    ] Leaving safepoint region
[2019-12-11T08:55:48.309+0000][1][safepoint    ] Total time for which application threads were stopped: 0.0001215 seconds, Stopping threads took: 0.0000245 seconds
[2019-12-11T08:55:49.310+0000][1][safepoint    ] Application time: 1.0005315 seconds
[2019-12-11T08:55:49.310+0000][1][safepoint    ] Entering safepoint region: Cleanup
[2019-12-11T08:55:49.310+0000][1][safepoint    ] Leaving safepoint region
[2019-12-11T08:55:49.310+0000][1][safepoint    ] Total time for which application threads were stopped: 0.0001265 seconds, Stopping threads took: 0.0000290 seconds
[2019-12-11T08:55:50.311+0000][1][safepoint    ] Application time: 1.0008839 seconds
[2019-12-11T08:55:50.311+0000][1][safepoint    ] Entering safepoint region: Cleanup
[2019-12-11T08:55:50.311+0000][1][safepoint    ] Leaving safepoint region
[2019-12-11T08:55:50.311+0000][1][safepoint    ] Total time for which application threads were stopped: 0.0001215 seconds, Stopping threads took: 0.0000272 seconds
[2019-12-11T08:55:51.313+0000][1][safepoint    ] Application time: 1.0016997 seconds
[2019-12-11T08:55:51.313+0000][1][safepoint    ] Entering safepoint region: Cleanup
[2019-12-11T08:55:51.313+0000][1][safepoint    ] Leaving safepoint region
[2019-12-11T08:55:51.313+0000][1][safepoint    ] Total time for which application threads were stopped: 0.0001281 seconds, Stopping threads took: 0.0000357 seconds
[2019-12-11T08:55:52.313+0000][1][safepoint    ] Application time: 1.0000968 seconds
[2019-12-11T08:55:52.313+0000][1][safepoint    ] Entering safepoint region: Cleanup
[2019-12-11T08:55:52.313+0000][1][safepoint    ] Leaving safepoint region
[2019-12-11T08:55:52.313+0000][1][safepoint    ] Total time for which application threads were stopped: 0.0001240 seconds, Stopping threads took: 0.0000272 seconds
[2019-12-11T08:55:53.316+0000][1][safepoint    ] Application time: 1.0025407 seconds
[2019-12-11T08:55:53.316+0000][1][safepoint    ] Entering safepoint region: Cleanup
[2019-12-11T08:55:53.316+0000][1][safepoint    ] Leaving safepoint region
[2019-12-11T08:55:53.316+0000][1][safepoint    ] Total time for which application threads were stopped: 0.0001230 seconds, Stopping threads took: 0.0000313 seconds
[2019-12-11T08:55:54.317+0000][1][safepoint    ] Application time: 1.0008293 seconds
[2019-12-11T08:55:54.317+0000][1][safepoint    ] Entering safepoint region: Cleanup
[2019-12-11T08:55:54.317+0000][1][safepoint    ] Leaving safepoint region
[2019-12-11T08:55:54.317+0000][1][safepoint    ] Total time for which application threads were stopped: 0.0001259 seconds, Stopping threads took: 0.0000292 seconds
[2019-12-11T08:55:55.318+0000][1][safepoint    ] Application time: 1.0007964 seconds
[2019-12-11T08:55:55.318+0000][1][safepoint    ] Entering safepoint region: Cleanup
[2019-12-11T08:55:55.318+0000][1][safepoint    ] Leaving safepoint region
[2019-12-11T08:55:55.318+0000][1][safepoint    ] Total time for which application threads were stopped: 0.0001159 seconds, Stopping threads took: 0.0000259 seconds
[2019-12-11T08:55:56.319+0000][1][safepoint    ] Application time: 1.0008358 seconds
[2019-12-11T08:55:56.319+0000][1][safepoint    ] Entering safepoint region: Cleanup
[2019-12-11T08:55:56.319+0000][1][safepoint    ] Leaving safepoint region
[2019-12-11T08:55:56.319+0000][1][safepoint    ] Total time for which application threads were stopped: 0.0001125 seconds, Stopping threads took: 0.0000257 seconds
[2019-12-11T08:55:57.321+0000][1][safepoint    ] Application time: 1.0018404 seconds
[2019-12-11T08:55:57.321+0000][1][safepoint    ] Entering safepoint region: Cleanup
[2019-12-11T08:55:57.321+0000][1][safepoint    ] Leaving safepoint region
[2019-12-11T08:55:57.321+0000][1][safepoint    ] Total time for which application threads were stopped: 0.0001163 seconds, Stopping threads took: 0.0000260 seconds
[2019-12-11T08:55:58.323+0000][1][safepoint    ] Application time: 1.0018214 seconds
[2019-12-11T08:55:58.323+0000][1][safepoint    ] Entering safepoint region: Cleanup
[2019-12-11T08:55:58.323+0000][1][safepoint    ] Leaving safepoint region
[2019-12-11T08:55:58.323+0000][1][safepoint    ] Total time for which application threads were stopped: 0.0001221 seconds, Stopping threads took: 0.0000255 seconds
[2019-12-11T08:55:59.326+0000][1][safepoint    ] Application time: 1.0028099 seconds
[2019-12-11T08:55:59.326+0000][1][safepoint    ] Entering safepoint region: Cleanup
[2019-12-11T08:55:59.326+0000][1][safepoint    ] Leaving safepoint region
[2019-12-11T08:55:59.326+0000][1][safepoint    ] Total time for which application threads were stopped: 0.0001263 seconds, Stopping threads took: 0.0000340 seconds
[2019-12-11T08:56:00.328+0000][1][safepoint    ] Application time: 1.0018249 seconds
[2019-12-11T08:56:00.328+0000][1][safepoint    ] Entering safepoint region: Cleanup
[2019-12-11T08:56:00.328+0000][1][safepoint    ] Leaving safepoint region
[2019-12-11T08:56:00.328+0000][1][safepoint    ] Total time for which application threads were stopped: 0.0001229 seconds, Stopping threads took: 0.0000272 seconds
[2019-12-11T08:56:01.329+0000][1][safepoint    ] Application time: 1.0008239 seconds
[2019-12-11T08:56:01.329+0000][1][safepoint    ] Entering safepoint region: Cleanup
[2019-12-11T08:56:01.329+0000][1][safepoint    ] Leaving safepoint region
[2019-12-11T08:56:01.329+0000][1][safepoint    ] Total time for which application threads were stopped: 0.0001285 seconds, Stopping threads took: 0.0000282 seconds
[2019-12-11T08:56:02.334+0000][1][safepoint    ] Application time: 1.0048094 seconds
[2019-12-11T08:56:02.334+0000][1][safepoint    ] Entering safepoint region: Cleanup
[2019-12-11T08:56:02.334+0000][1][safepoint    ] Leaving safepoint region
[2019-12-11T08:56:02.334+0000][1][safepoint    ] Total time for which application threads were stopped: 0.0001434 seconds, Stopping threads took: 0.0000419 seconds
[2019-12-11T08:56:03.338+0000][1][safepoint    ] Application time: 1.0037881 seconds
[2019-12-11T08:56:03.338+0000][1][safepoint    ] Entering safepoint region: Cleanup
[2019-12-11T08:56:03.338+0000][1][safepoint    ] Leaving safepoint region
[2019-12-11T08:56:03.338+0000][1][safepoint    ] Total time for which application threads were stopped: 0.0001343 seconds, Stopping threads took: 0.0000441 seconds
[2019-12-11T08:56:04.339+0000][1][safepoint    ] Application time: 1.0008525 seconds
[2019-12-11T08:56:04.339+0000][1][safepoint    ] Entering safepoint region: Cleanup
[2019-12-11T08:56:04.339+0000][1][safepoint    ] Leaving safepoint region
[2019-12-11T08:56:04.339+0000][1][safepoint    ] Total time for which application threads were stopped: 0.0001269 seconds, Stopping threads took: 0.0000290 seconds
[2019-12-11T08:56:05.340+0000][1][safepoint    ] Application time: 1.0007745 seconds
[2019-12-11T08:56:05.340+0000][1][safepoint    ] Entering safepoint region: Cleanup
[2019-12-11T08:56:05.340+0000][1][safepoint    ] Leaving safepoint region
[2019-12-11T08:56:05.340+0000][1][safepoint    ] Total time for which application threads were stopped: 0.0001244 seconds, Stopping threads took: 0.0000299 seconds
[2019-12-11T08:56:06.344+0000][1][safepoint    ] Application time: 1.0038128 seconds
[2019-12-11T08:56:06.344+0000][1][safepoint    ] Entering safepoint region: Cleanup
[2019-12-11T08:56:06.344+0000][1][safepoint    ] Leaving safepoint region
[2019-12-11T08:56:06.344+0000][1][safepoint    ] Total time for which application threads were stopped: 0.0001276 seconds, Stopping threads took: 0.0000287 seconds
[2019-12-11T08:56:07.345+0000][1][safepoint    ] Application time: 1.0008041 seconds
[2019-12-11T08:56:07.345+0000][1][safepoint    ] Entering safepoint region: Cleanup
[2019-12-11T08:56:07.345+0000][1][safepoint    ] Leaving safepoint region
[2019-12-11T08:56:07.345+0000][1][safepoint    ] Total time for which application threads were stopped: 0.0001250 seconds, Stopping threads took: 0.0000282 seconds
[2019-12-11T08:56:08.347+0000][1][safepoint    ] Application time: 1.0018375 seconds
[2019-12-11T08:56:08.347+0000][1][safepoint    ] Entering safepoint region: Cleanup
[2019-12-11T08:56:08.347+0000][1][safepoint    ] Leaving safepoint region
[2019-12-11T08:56:08.347+0000][1][safepoint    ] Total time for which application threads were stopped: 0.0001234 seconds, Stopping threads took: 0.0000275 seconds
[2019-12-11T08:56:09.350+0000][1][safepoint    ] Application time: 1.0030251 seconds
[2019-12-11T08:56:09.350+0000][1][safepoint    ] Entering safepoint region: Cleanup
[2019-12-11T08:56:09.350+0000][1][safepoint    ] Leaving safepoint region
[2019-12-11T08:56:09.350+0000][1][safepoint    ] Total time for which application threads were stopped: 0.0001236 seconds, Stopping threads took: 0.0000274 seconds
[2019-12-11T08:56:10.357+0000][1][safepoint    ] Application time: 1.0065953 seconds
[2019-12-11T08:56:10.357+0000][1][safepoint    ] Entering safepoint region: Cleanup
[2019-12-11T08:56:10.357+0000][1][safepoint    ] Leaving safepoint region
[2019-12-11T08:56:10.357+0000][1][safepoint    ] Total time for which application threads were stopped: 0.0001185 seconds, Stopping threads took: 0.0000270 seconds
[2019-12-11T08:56:11.358+0000][1][safepoint    ] Application time: 1.0008454 seconds
[2019-12-11T08:56:11.358+0000][1][safepoint    ] Entering safepoint region: Cleanup
[2019-12-11T08:56:11.358+0000][1][safepoint    ] Leaving safepoint region
[2019-12-11T08:56:11.358+0000][1][safepoint    ] Total time for which application threads were stopped: 0.0001257 seconds, Stopping threads took: 0.0000291 seconds
[2019-12-11T08:56:12.359+0000][1][safepoint    ] Application time: 1.0008864 seconds
[2019-12-11T08:56:12.359+0000][1][safepoint    ] Entering safepoint region: Cleanup
[2019-12-11T08:56:12.359+0000][1][safepoint    ] Leaving safepoint region
[2019-12-11T08:56:12.359+0000][1][safepoint    ] Total time for which application threads were stopped: 0.0001233 seconds, Stopping threads took: 0.0000290 seconds
[2019-12-11T08:56:13.360+0000][1][safepoint    ] Application time: 1.0007422 seconds
[2019-12-11T08:56:13.360+0000][1][safepoint    ] Entering safepoint region: Cleanup
[2019-12-11T08:56:13.360+0000][1][safepoint    ] Leaving safepoint region
[2019-12-11T08:56:13.360+0000][1][safepoint    ] Total time for which application threads were stopped: 0.0001382 seconds, Stopping threads took: 0.0000277 seconds
[2019-12-11T08:56:14.361+0000][1][safepoint    ] Application time: 1.0007970 seconds
[2019-12-11T08:56:14.361+0000][1][safepoint    ] Entering safepoint region: Cleanup
[2019-12-11T08:56:14.361+0000][1][safepoint    ] Leaving safepoint region
[2019-12-11T08:56:14.361+0000][1][safepoint    ] Total time for which application threads were stopped: 0.0001240 seconds, Stopping threads took: 0.0000277 seconds
[2019-12-11T08:56:15.296+0000][1][safepoint    ] Application time: 0.9352824 seconds
[2019-12-11T08:56:15.296+0000][1][safepoint    ] Entering safepoint region: GenCollectForAllocation
[2019-12-11T08:56:15.296+0000][1][gc,start     ] GC(40) Pause Young (Allocation Failure)
[2019-12-11T08:56:15.296+0000][1][gc,task      ] GC(40) Using 2 workers of 2 for evacuation
[2019-12-11T08:56:15.303+0000][1][gc,age       ] GC(40) Desired survivor size 4456448 bytes, new threshold 6 (max threshold 6)
[2019-12-11T08:56:15.303+0000][1][gc,age       ] GC(40) Age table with threshold 6 (max threshold 6)
[2019-12-11T08:56:15.303+0000][1][gc,age       ] GC(40) - age   1:      27088 bytes,      27088 total
[2019-12-11T08:56:15.303+0000][1][gc,age       ] GC(40) - age   2:       2696 bytes,      29784 total
[2019-12-11T08:56:15.303+0000][1][gc,age       ] GC(40) - age   3:       1888 bytes,      31672 total
[2019-12-11T08:56:15.303+0000][1][gc,age       ] GC(40) - age   4:       1776 bytes,      33448 total
[2019-12-11T08:56:15.303+0000][1][gc,age       ] GC(40) - age   5:        744 bytes,      34192 total
[2019-12-11T08:56:15.303+0000][1][gc,age       ] GC(40) - age   6:        744 bytes,      34936 total
[2019-12-11T08:56:15.303+0000][1][gc,heap      ] GC(40) ParNew: 69980K->42K(78656K)
[2019-12-11T08:56:15.303+0000][1][gc,heap      ] GC(40) CMS: 73693K->73696K(174784K)
[2019-12-11T08:56:15.303+0000][1][gc,metaspace ] GC(40) Metaspace: 77752K->77752K(1120256K)
[2019-12-11T08:56:15.303+0000][1][gc           ] GC(40) Pause Young (Allocation Failure) 140M->72M(247M) 6.994ms
[2019-12-11T08:56:15.303+0000][1][gc,cpu       ] GC(40) User=0.01s Sys=0.00s Real=0.00s
[2019-12-11T08:56:15.303+0000][1][safepoint    ] Leaving safepoint region
[2019-12-11T08:56:15.303+0000][1][safepoint    ] Total time for which application threads were stopped: 0.0072165 seconds, Stopping threads took: 0.0000249 seconds
[2019-12-11T08:56:16.304+0000][1][safepoint    ] Application time: 1.0008545 seconds
[2019-12-11T08:56:16.304+0000][1][safepoint    ] Entering safepoint region: Cleanup
[2019-12-11T08:56:16.304+0000][1][safepoint    ] Leaving safepoint region
[2019-12-11T08:56:16.304+0000][1][safepoint    ] Total time for which application threads were stopped: 0.0001224 seconds, Stopping threads took: 0.0000258 seconds
[2019-12-11T08:56:17.305+0000][1][safepoint    ] Application time: 1.0003294 seconds
[2019-12-11T08:56:17.305+0000][1][safepoint    ] Entering safepoint region: Cleanup
[2019-12-11T08:56:17.305+0000][1][safepoint    ] Leaving safepoint region
[2019-12-11T08:56:17.305+0000][1][safepoint    ] Total time for which application threads were stopped: 0.0001253 seconds, Stopping threads took: 0.0000275 seconds
[2019-12-11T08:56:18.306+0000][1][safepoint    ] Application time: 1.0007013 seconds
[2019-12-11T08:56:18.306+0000][1][safepoint    ] Entering safepoint region: Cleanup
[2019-12-11T08:56:18.306+0000][1][safepoint    ] Leaving safepoint region
[2019-12-11T08:56:18.306+0000][1][safepoint    ] Total time for which application threads were stopped: 0.0001153 seconds, Stopping threads took: 0.0000255 seconds
[2019-12-11T08:56:19.311+0000][1][safepoint    ] Application time: 1.0050514 seconds
[2019-12-11T08:56:19.311+0000][1][safepoint    ] Entering safepoint region: Cleanup
[2019-12-11T08:56:19.311+0000][1][safepoint    ] Leaving safepoint region
[2019-12-11T08:56:19.311+0000][1][safepoint    ] Total time for which application threads were stopped: 0.0001305 seconds, Stopping threads took: 0.0000280 seconds
[2019-12-11T08:56:20.312+0000][1][safepoint    ] Application time: 1.0005926 seconds
[2019-12-11T08:56:20.312+0000][1][safepoint    ] Entering safepoint region: Cleanup
[2019-12-11T08:56:20.312+0000][1][safepoint    ] Leaving safepoint region
[2019-12-11T08:56:20.312+0000][1][safepoint    ] Total time for which application threads were stopped: 0.0001288 seconds, Stopping threads took: 0.0000275 seconds
[2019-12-11T08:56:21.315+0000][1][safepoint    ] Application time: 1.0028370 seconds
[2019-12-11T08:56:21.315+0000][1][safepoint    ] Entering safepoint region: Cleanup
[2019-12-11T08:56:21.315+0000][1][safepoint    ] Leaving safepoint region
[2019-12-11T08:56:21.315+0000][1][safepoint    ] Total time for which application threads were stopped: 0.0001217 seconds, Stopping threads took: 0.0000255 seconds
[2019-12-11T08:56:22.317+0000][1][safepoint    ] Application time: 1.0019892 seconds
[2019-12-11T08:56:22.317+0000][1][safepoint    ] Entering safepoint region: Cleanup
[2019-12-11T08:56:22.317+0000][1][safepoint    ] Leaving safepoint region
[2019-12-11T08:56:22.317+0000][1][safepoint    ] Total time for which application threads were stopped: 0.0001195 seconds, Stopping threads took: 0.0000265 seconds
[2019-12-11T08:56:23.319+0000][1][safepoint    ] Application time: 1.0016587 seconds
[2019-12-11T08:56:23.319+0000][1][safepoint    ] Entering safepoint region: Cleanup
[2019-12-11T08:56:23.319+0000][1][safepoint    ] Leaving safepoint region
[2019-12-11T08:56:23.319+0000][1][safepoint    ] Total time for which application threads were stopped: 0.0001200 seconds, Stopping threads took: 0.0000316 seconds
[2019-12-11T08:56:24.322+0000][1][safepoint    ] Application time: 1.0028430 seconds
[2019-12-11T08:56:24.322+0000][1][safepoint    ] Entering safepoint region: Cleanup
[2019-12-11T08:56:24.322+0000][1][safepoint    ] Leaving safepoint region
[2019-12-11T08:56:24.322+0000][1][safepoint    ] Total time for which application threads were stopped: 0.0001131 seconds, Stopping threads took: 0.0000252 seconds
[2019-12-11T08:56:25.324+0000][1][safepoint    ] Application time: 1.0017999 seconds
[2019-12-11T08:56:25.324+0000][1][safepoint    ] Entering safepoint region: Cleanup
[2019-12-11T08:56:25.324+0000][1][safepoint    ] Leaving safepoint region
[2019-12-11T08:56:25.324+0000][1][safepoint    ] Total time for which application threads were stopped: 0.0001204 seconds, Stopping threads took: 0.0000250 seconds
[2019-12-11T08:56:26.325+0000][1][safepoint    ] Application time: 1.0008308 seconds
[2019-12-11T08:56:26.325+0000][1][safepoint    ] Entering safepoint region: Cleanup
[2019-12-11T08:56:26.325+0000][1][safepoint    ] Leaving safepoint region
[2019-12-11T08:56:26.325+0000][1][safepoint    ] Total time for which application threads were stopped: 0.0001268 seconds, Stopping threads took: 0.0000286 seconds
[2019-12-11T08:56:27.328+0000][1][safepoint    ] Application time: 1.0027782 seconds
[2019-12-11T08:56:27.328+0000][1][safepoint    ] Entering safepoint region: Cleanup
[2019-12-11T08:56:27.328+0000][1][safepoint    ] Leaving safepoint region
[2019-12-11T08:56:27.328+0000][1][safepoint    ] Total time for which application threads were stopped: 0.0001124 seconds, Stopping threads took: 0.0000258 seconds
[2019-12-11T08:56:28.329+0000][1][safepoint    ] Application time: 1.0008568 seconds
[2019-12-11T08:56:28.329+0000][1][safepoint    ] Entering safepoint region: Cleanup
[2019-12-11T08:56:28.329+0000][1][safepoint    ] Leaving safepoint region
[2019-12-11T08:56:28.329+0000][1][safepoint    ] Total time for which application threads were stopped: 0.0001208 seconds, Stopping threads took: 0.0000280 seconds
[2019-12-11T08:56:29.330+0000][1][safepoint    ] Application time: 1.0008361 seconds
[2019-12-11T08:56:29.330+0000][1][safepoint    ] Entering safepoint region: Cleanup
[2019-12-11T08:56:29.330+0000][1][safepoint    ] Leaving safepoint region
[2019-12-11T08:56:29.330+0000][1][safepoint    ] Total time for which application threads were stopped: 0.0001182 seconds, Stopping threads took: 0.0000245 seconds
[2019-12-11T08:56:30.333+0000][1][safepoint    ] Application time: 1.0027953 seconds
[2019-12-11T08:56:30.333+0000][1][safepoint    ] Entering safepoint region: Cleanup
[2019-12-11T08:56:30.333+0000][1][safepoint    ] Leaving safepoint region
[2019-12-11T08:56:30.333+0000][1][safepoint    ] Total time for which application threads were stopped: 0.0001174 seconds, Stopping threads took: 0.0000259 seconds
[2019-12-11T08:56:31.334+0000][1][safepoint    ] Application time: 1.0008330 seconds
[2019-12-11T08:56:31.334+0000][1][safepoint    ] Entering safepoint region: Cleanup
[2019-12-11T08:56:31.334+0000][1][safepoint    ] Leaving safepoint region
[2019-12-11T08:56:31.334+0000][1][safepoint    ] Total time for which application threads were stopped: 0.0001155 seconds, Stopping threads took: 0.0000259 seconds
[2019-12-11T08:56:32.335+0000][1][safepoint    ] Application time: 1.0008504 seconds
[2019-12-11T08:56:32.335+0000][1][safepoint    ] Entering safepoint region: Cleanup
[2019-12-11T08:56:32.335+0000][1][safepoint    ] Leaving safepoint region
[2019-12-11T08:56:32.335+0000][1][safepoint    ] Total time for which application threads were stopped: 0.0001234 seconds, Stopping threads took: 0.0000283 seconds
[2019-12-11T08:56:33.336+0000][1][safepoint    ] Application time: 1.0008140 seconds
[2019-12-11T08:56:33.336+0000][1][safepoint    ] Entering safepoint region: Cleanup
[2019-12-11T08:56:33.336+0000][1][safepoint    ] Leaving safepoint region
[2019-12-11T08:56:33.336+0000][1][safepoint    ] Total time for which application threads were stopped: 0.0001362 seconds, Stopping threads took: 0.0000398 seconds
[2019-12-11T08:56:34.339+0000][1][safepoint    ] Application time: 1.0027957 seconds
[2019-12-11T08:56:34.339+0000][1][safepoint    ] Entering safepoint region: Cleanup
[2019-12-11T08:56:34.339+0000][1][safepoint    ] Leaving safepoint region
[2019-12-11T08:56:34.339+0000][1][safepoint    ] Total time for which application threads were stopped: 0.0001189 seconds, Stopping threads took: 0.0000276 seconds
[2019-12-11T08:56:35.343+0000][1][safepoint    ] Application time: 1.0037989 seconds
[2019-12-11T08:56:35.343+0000][1][safepoint    ] Entering safepoint region: Cleanup
[2019-12-11T08:56:35.343+0000][1][safepoint    ] Leaving safepoint region
[2019-12-11T08:56:35.343+0000][1][safepoint    ] Total time for which application threads were stopped: 0.0001136 seconds, Stopping threads took: 0.0000260 seconds
[2019-12-11T08:56:36.345+0000][1][safepoint    ] Application time: 1.0020618 seconds
[2019-12-11T08:56:36.345+0000][1][safepoint    ] Entering safepoint region: Cleanup
[2019-12-11T08:56:36.345+0000][1][safepoint    ] Leaving safepoint region
[2019-12-11T08:56:36.345+0000][1][safepoint    ] Total time for which application threads were stopped: 0.0001174 seconds, Stopping threads took: 0.0000255 seconds
[2019-12-11T08:56:37.348+0000][1][safepoint    ] Application time: 1.0025858 seconds
[2019-12-11T08:56:37.348+0000][1][safepoint    ] Entering safepoint region: Cleanup
[2019-12-11T08:56:37.348+0000][1][safepoint    ] Leaving safepoint region
[2019-12-11T08:56:37.348+0000][1][safepoint    ] Total time for which application threads were stopped: 0.0001219 seconds, Stopping threads took: 0.0000280 seconds
[2019-12-11T08:56:38.350+0000][1][safepoint    ] Application time: 1.0018211 seconds
[2019-12-11T08:56:38.350+0000][1][safepoint    ] Entering safepoint region: Cleanup
[2019-12-11T08:56:38.350+0000][1][safepoint    ] Leaving safepoint region
[2019-12-11T08:56:38.350+0000][1][safepoint    ] Total time for which application threads were stopped: 0.0001199 seconds, Stopping threads took: 0.0000282 seconds
[2019-12-11T08:56:39.351+0000][1][safepoint    ] Application time: 1.0008946 seconds
[2019-12-11T08:56:39.351+0000][1][safepoint    ] Entering safepoint region: Cleanup
[2019-12-11T08:56:39.351+0000][1][safepoint    ] Leaving safepoint region
[2019-12-11T08:56:39.351+0000][1][safepoint    ] Total time for which application threads were stopped: 0.0001157 seconds, Stopping threads took: 0.0000255 seconds
[2019-12-11T08:56:40.354+0000][1][safepoint    ] Application time: 1.0027627 seconds
[2019-12-11T08:56:40.354+0000][1][safepoint    ] Entering safepoint region: Cleanup
[2019-12-11T08:56:40.354+0000][1][safepoint    ] Leaving safepoint region
[2019-12-11T08:56:40.354+0000][1][safepoint    ] Total time for which application threads were stopped: 0.0001281 seconds, Stopping threads took: 0.0000293 seconds
[2019-12-11T08:56:41.357+0000][1][safepoint    ] Application time: 1.0028034 seconds
[2019-12-11T08:56:41.357+0000][1][safepoint    ] Entering safepoint region: Cleanup
[2019-12-11T08:56:41.357+0000][1][safepoint    ] Leaving safepoint region
[2019-12-11T08:56:41.357+0000][1][safepoint    ] Total time for which application threads were stopped: 0.0001414 seconds, Stopping threads took: 0.0000291 seconds
[2019-12-11T08:56:42.359+0000][1][safepoint    ] Application time: 1.0018194 seconds
[2019-12-11T08:56:42.359+0000][1][safepoint    ] Entering safepoint region: Cleanup
[2019-12-11T08:56:42.359+0000][1][safepoint    ] Leaving safepoint region
[2019-12-11T08:56:42.359+0000][1][safepoint    ] Total time for which application threads were stopped: 0.0001148 seconds, Stopping threads took: 0.0000264 seconds
[2019-12-11T08:56:43.361+0000][1][safepoint    ] Application time: 1.0018079 seconds
[2019-12-11T08:56:43.361+0000][1][safepoint    ] Entering safepoint region: Cleanup
[2019-12-11T08:56:43.361+0000][1][safepoint    ] Leaving safepoint region
[2019-12-11T08:56:43.361+0000][1][safepoint    ] Total time for which application threads were stopped: 0.0001216 seconds, Stopping threads took: 0.0000262 seconds
[2019-12-11T08:56:44.366+0000][1][safepoint    ] Application time: 1.0048245 seconds
[2019-12-11T08:56:44.366+0000][1][safepoint    ] Entering safepoint region: Cleanup
[2019-12-11T08:56:44.366+0000][1][safepoint    ] Leaving safepoint region
[2019-12-11T08:56:44.366+0000][1][safepoint    ] Total time for which application threads were stopped: 0.0001225 seconds, Stopping threads took: 0.0000260 seconds
[2019-12-11T08:56:45.914+0000][1][safepoint    ] Application time: 1.5478124 seconds
[2019-12-11T08:56:45.914+0000][1][safepoint    ] Entering safepoint region: Cleanup
[2019-12-11T08:56:45.914+0000][1][safepoint    ] Leaving safepoint region
[2019-12-11T08:56:45.914+0000][1][safepoint    ] Total time for which application threads were stopped: 0.0001244 seconds, Stopping threads took: 0.0000262 seconds
[2019-12-11T08:56:46.915+0000][1][safepoint    ] Application time: 1.0009577 seconds
[2019-12-11T08:56:46.915+0000][1][safepoint    ] Entering safepoint region: Cleanup
[2019-12-11T08:56:46.915+0000][1][safepoint    ] Leaving safepoint region
[2019-12-11T08:56:46.915+0000][1][safepoint    ] Total time for which application threads were stopped: 0.0001201 seconds, Stopping threads took: 0.0000266 seconds
[2019-12-11T08:56:47.916+0000][1][safepoint    ] Application time: 1.0006962 seconds
[2019-12-11T08:56:47.916+0000][1][safepoint    ] Entering safepoint region: Cleanup
[2019-12-11T08:56:47.916+0000][1][safepoint    ] Leaving safepoint region
[2019-12-11T08:56:47.916+0000][1][safepoint    ] Total time for which application threads were stopped: 0.0001287 seconds, Stopping threads took: 0.0000285 seconds
[2019-12-11T08:56:48.917+0000][1][safepoint    ] Application time: 1.0007981 seconds
[2019-12-11T08:56:48.917+0000][1][safepoint    ] Entering safepoint region: Cleanup
[2019-12-11T08:56:48.917+0000][1][safepoint    ] Leaving safepoint region
[2019-12-11T08:56:48.917+0000][1][safepoint    ] Total time for which application threads were stopped: 0.0001122 seconds, Stopping threads took: 0.0000261 seconds
[2019-12-11T08:56:49.918+0000][1][safepoint    ] Application time: 1.0008296 seconds
[2019-12-11T08:56:49.918+0000][1][safepoint    ] Entering safepoint region: Cleanup
[2019-12-11T08:56:49.918+0000][1][safepoint    ] Leaving safepoint region
[2019-12-11T08:56:49.918+0000][1][safepoint    ] Total time for which application threads were stopped: 0.0001226 seconds, Stopping threads took: 0.0000284 seconds
[2019-12-11T08:56:50.920+0000][1][safepoint    ] Application time: 1.0018143 seconds
[2019-12-11T08:56:50.920+0000][1][safepoint    ] Entering safepoint region: Cleanup
[2019-12-11T08:56:50.920+0000][1][safepoint    ] Leaving safepoint region
[2019-12-11T08:56:50.920+0000][1][safepoint    ] Total time for which application threads were stopped: 0.0001183 seconds, Stopping threads took: 0.0000261 seconds
[2019-12-11T08:56:51.922+0000][1][safepoint    ] Application time: 1.0018476 seconds
[2019-12-11T08:56:51.922+0000][1][safepoint    ] Entering safepoint region: Cleanup
[2019-12-11T08:56:51.922+0000][1][safepoint    ] Leaving safepoint region
[2019-12-11T08:56:51.922+0000][1][safepoint    ] Total time for which application threads were stopped: 0.0001169 seconds, Stopping threads took: 0.0000257 seconds
[2019-12-11T08:56:52.922+0000][1][safepoint    ] Application time: 1.0000903 seconds
[2019-12-11T08:56:52.922+0000][1][safepoint    ] Entering safepoint region: Cleanup
[2019-12-11T08:56:52.922+0000][1][safepoint    ] Leaving safepoint region
[2019-12-11T08:56:52.922+0000][1][safepoint    ] Total time for which application threads were stopped: 0.0001262 seconds, Stopping threads took: 0.0000299 seconds
[2019-12-11T08:56:53.924+0000][1][safepoint    ] Application time: 1.0015359 seconds
[2019-12-11T08:56:53.924+0000][1][safepoint    ] Entering safepoint region: Cleanup
[2019-12-11T08:56:53.924+0000][1][safepoint    ] Leaving safepoint region
[2019-12-11T08:56:53.924+0000][1][safepoint    ] Total time for which application threads were stopped: 0.0001201 seconds, Stopping threads took: 0.0000270 seconds
[2019-12-11T08:56:54.925+0000][1][safepoint    ] Application time: 1.0008725 seconds
[2019-12-11T08:56:54.925+0000][1][safepoint    ] Entering safepoint region: Cleanup
[2019-12-11T08:56:54.925+0000][1][safepoint    ] Leaving safepoint region
[2019-12-11T08:56:54.925+0000][1][safepoint    ] Total time for which application threads were stopped: 0.0001411 seconds, Stopping threads took: 0.0000367 seconds
[2019-12-11T08:56:55.927+0000][1][safepoint    ] Application time: 1.0017800 seconds
[2019-12-11T08:56:55.927+0000][1][safepoint    ] Entering safepoint region: Cleanup
[2019-12-11T08:56:55.927+0000][1][safepoint    ] Leaving safepoint region
[2019-12-11T08:56:55.927+0000][1][safepoint    ] Total time for which application threads were stopped: 0.0001244 seconds, Stopping threads took: 0.0000271 seconds
[2019-12-11T08:56:56.928+0000][1][safepoint    ] Application time: 1.0007767 seconds
[2019-12-11T08:56:56.928+0000][1][safepoint    ] Entering safepoint region: Cleanup
[2019-12-11T08:56:56.928+0000][1][safepoint    ] Leaving safepoint region
[2019-12-11T08:56:56.928+0000][1][safepoint    ] Total time for which application threads were stopped: 0.0001403 seconds, Stopping threads took: 0.0000366 seconds
[2019-12-11T08:56:57.930+0000][1][safepoint    ] Application time: 1.0019051 seconds
[2019-12-11T08:56:57.930+0000][1][safepoint    ] Entering safepoint region: Cleanup
[2019-12-11T08:56:57.930+0000][1][safepoint    ] Leaving safepoint region
[2019-12-11T08:56:57.930+0000][1][safepoint    ] Total time for which application threads were stopped: 0.0001257 seconds, Stopping threads took: 0.0000286 seconds
[2019-12-11T08:56:58.932+0000][1][safepoint    ] Application time: 1.0017393 seconds
[2019-12-11T08:56:58.932+0000][1][safepoint    ] Entering safepoint region: Cleanup
[2019-12-11T08:56:58.932+0000][1][safepoint    ] Leaving safepoint region
[2019-12-11T08:56:58.932+0000][1][safepoint    ] Total time for which application threads were stopped: 0.0001200 seconds, Stopping threads took: 0.0000269 seconds
[2019-12-11T08:56:59.933+0000][1][safepoint    ] Application time: 1.0008081 seconds
[2019-12-11T08:56:59.933+0000][1][safepoint    ] Entering safepoint region: Cleanup
[2019-12-11T08:56:59.933+0000][1][safepoint    ] Leaving safepoint region
[2019-12-11T08:56:59.933+0000][1][safepoint    ] Total time for which application threads were stopped: 0.0001144 seconds, Stopping threads took: 0.0000264 seconds
[2019-12-11T08:57:00.934+0000][1][safepoint    ] Application time: 1.0008300 seconds
[2019-12-11T08:57:00.934+0000][1][safepoint    ] Entering safepoint region: Cleanup
[2019-12-11T08:57:00.934+0000][1][safepoint    ] Leaving safepoint region
[2019-12-11T08:57:00.934+0000][1][safepoint    ] Total time for which application threads were stopped: 0.0001289 seconds, Stopping threads took: 0.0000299 seconds
[2019-12-11T08:57:01.937+0000][1][safepoint    ] Application time: 1.0032000 seconds
[2019-12-11T08:57:01.937+0000][1][safepoint    ] Entering safepoint region: Cleanup
[2019-12-11T08:57:01.937+0000][1][safepoint    ] Leaving safepoint region
[2019-12-11T08:57:01.937+0000][1][safepoint    ] Total time for which application threads were stopped: 0.0001300 seconds, Stopping threads took: 0.0000287 seconds
[2019-12-11T08:57:02.938+0000][1][safepoint    ] Application time: 1.0004780 seconds
[2019-12-11T08:57:02.938+0000][1][safepoint    ] Entering safepoint region: Cleanup
[2019-12-11T08:57:02.938+0000][1][safepoint    ] Leaving safepoint region
[2019-12-11T08:57:02.938+0000][1][safepoint    ] Total time for which application threads were stopped: 0.0001116 seconds, Stopping threads took: 0.0000251 seconds
[2019-12-11T08:57:03.939+0000][1][safepoint    ] Application time: 1.0008468 seconds
[2019-12-11T08:57:03.939+0000][1][safepoint    ] Entering safepoint region: Cleanup
[2019-12-11T08:57:03.939+0000][1][safepoint    ] Leaving safepoint region
[2019-12-11T08:57:03.939+0000][1][safepoint    ] Total time for which application threads were stopped: 0.0001227 seconds, Stopping threads took: 0.0000283 seconds
[2019-12-11T08:57:04.940+0000][1][safepoint    ] Application time: 1.0008546 seconds
[2019-12-11T08:57:04.940+0000][1][safepoint    ] Entering safepoint region: Cleanup
[2019-12-11T08:57:04.940+0000][1][safepoint    ] Leaving safepoint region
[2019-12-11T08:57:04.940+0000][1][safepoint    ] Total time for which application threads were stopped: 0.0001339 seconds, Stopping threads took: 0.0000275 seconds
[2019-12-11T08:57:05.941+0000][1][safepoint    ] Application time: 1.0007738 seconds
[2019-12-11T08:57:05.941+0000][1][safepoint    ] Entering safepoint region: Cleanup
[2019-12-11T08:57:05.941+0000][1][safepoint    ] Leaving safepoint region
[2019-12-11T08:57:05.941+0000][1][safepoint    ] Total time for which application threads were stopped: 0.0001284 seconds, Stopping threads took: 0.0000272 seconds
[2019-12-11T08:57:06.943+0000][1][safepoint    ] Application time: 1.0017838 seconds
[2019-12-11T08:57:06.943+0000][1][safepoint    ] Entering safepoint region: Cleanup
[2019-12-11T08:57:06.943+0000][1][safepoint    ] Leaving safepoint region
[2019-12-11T08:57:06.943+0000][1][safepoint    ] Total time for which application threads were stopped: 0.0001162 seconds, Stopping threads took: 0.0000274 seconds
[2019-12-11T08:57:07.944+0000][1][safepoint    ] Application time: 1.0008488 seconds
[2019-12-11T08:57:07.944+0000][1][safepoint    ] Entering safepoint region: Cleanup
[2019-12-11T08:57:07.944+0000][1][safepoint    ] Leaving safepoint region
[2019-12-11T08:57:07.944+0000][1][safepoint    ] Total time for which application threads were stopped: 0.0001199 seconds, Stopping threads took: 0.0000262 seconds
[2019-12-11T08:57:08.945+0000][1][safepoint    ] Application time: 1.0008110 seconds
[2019-12-11T08:57:08.945+0000][1][safepoint    ] Entering safepoint region: Cleanup
[2019-12-11T08:57:08.945+0000][1][safepoint    ] Leaving safepoint region
[2019-12-11T08:57:08.945+0000][1][safepoint    ] Total time for which application threads were stopped: 0.0001293 seconds, Stopping threads took: 0.0000294 seconds
[2019-12-11T08:57:09.947+0000][1][safepoint    ] Application time: 1.0020184 seconds
[2019-12-11T08:57:09.947+0000][1][safepoint    ] Entering safepoint region: Cleanup
[2019-12-11T08:57:09.947+0000][1][safepoint    ] Leaving safepoint region
[2019-12-11T08:57:09.947+0000][1][safepoint    ] Total time for which application threads were stopped: 0.0001298 seconds, Stopping threads took: 0.0000288 seconds
[2019-12-11T08:57:10.948+0000][1][safepoint    ] Application time: 1.0005950 seconds
[2019-12-11T08:57:10.948+0000][1][safepoint    ] Entering safepoint region: Cleanup
[2019-12-11T08:57:10.948+0000][1][safepoint    ] Leaving safepoint region
[2019-12-11T08:57:10.948+0000][1][safepoint    ] Total time for which application threads were stopped: 0.0001232 seconds, Stopping threads took: 0.0000287 seconds
[2019-12-11T08:57:11.949+0000][1][safepoint    ] Application time: 1.0008630 seconds
[2019-12-11T08:57:11.949+0000][1][safepoint    ] Entering safepoint region: Cleanup
[2019-12-11T08:57:11.949+0000][1][safepoint    ] Leaving safepoint region
[2019-12-11T08:57:11.949+0000][1][safepoint    ] Total time for which application threads were stopped: 0.0001135 seconds, Stopping threads took: 0.0000254 seconds
[2019-12-11T08:57:12.950+0000][1][safepoint    ] Application time: 1.0007826 seconds
[2019-12-11T08:57:12.950+0000][1][safepoint    ] Entering safepoint region: Cleanup
[2019-12-11T08:57:12.950+0000][1][safepoint    ] Leaving safepoint region
[2019-12-11T08:57:12.950+0000][1][safepoint    ] Total time for which application threads were stopped: 0.0001236 seconds, Stopping threads took: 0.0000296 seconds
[2019-12-11T08:57:13.953+0000][1][safepoint    ] Application time: 1.0028499 seconds
[2019-12-11T08:57:13.953+0000][1][safepoint    ] Entering safepoint region: Cleanup
[2019-12-11T08:57:13.953+0000][1][safepoint    ] Leaving safepoint region
[2019-12-11T08:57:13.953+0000][1][safepoint    ] Total time for which application threads were stopped: 0.0001264 seconds, Stopping threads took: 0.0000275 seconds
[2019-12-11T08:57:14.956+0000][1][safepoint    ] Application time: 1.0027825 seconds
[2019-12-11T08:57:14.956+0000][1][safepoint    ] Entering safepoint region: Cleanup
[2019-12-11T08:57:14.956+0000][1][safepoint    ] Leaving safepoint region
[2019-12-11T08:57:14.956+0000][1][safepoint    ] Total time for which application threads were stopped: 0.0001287 seconds, Stopping threads took: 0.0000299 seconds
[2019-12-11T08:57:15.959+0000][1][safepoint    ] Application time: 1.0028044 seconds
[2019-12-11T08:57:15.959+0000][1][safepoint    ] Entering safepoint region: Cleanup
[2019-12-11T08:57:15.959+0000][1][safepoint    ] Leaving safepoint region
[2019-12-11T08:57:15.959+0000][1][safepoint    ] Total time for which application threads were stopped: 0.0001220 seconds, Stopping threads took: 0.0000251 seconds
[2019-12-11T08:57:16.960+0000][1][safepoint    ] Application time: 1.0008149 seconds
[2019-12-11T08:57:16.960+0000][1][safepoint    ] Entering safepoint region: Cleanup
[2019-12-11T08:57:16.960+0000][1][safepoint    ] Leaving safepoint region
[2019-12-11T08:57:16.960+0000][1][safepoint    ] Total time for which application threads were stopped: 0.0001202 seconds, Stopping threads took: 0.0000276 seconds
[2019-12-11T08:57:17.961+0000][1][safepoint    ] Application time: 1.0008358 seconds
[2019-12-11T08:57:17.961+0000][1][safepoint    ] Entering safepoint region: Cleanup
[2019-12-11T08:57:17.961+0000][1][safepoint    ] Leaving safepoint region
[2019-12-11T08:57:17.961+0000][1][safepoint    ] Total time for which application threads were stopped: 0.0001220 seconds, Stopping threads took: 0.0000271 seconds
[2019-12-11T08:57:18.963+0000][1][safepoint    ] Application time: 1.0018600 seconds
[2019-12-11T08:57:18.963+0000][1][safepoint    ] Entering safepoint region: Cleanup
[2019-12-11T08:57:18.963+0000][1][safepoint    ] Leaving safepoint region
[2019-12-11T08:57:18.963+0000][1][safepoint    ] Total time for which application threads were stopped: 0.0001182 seconds, Stopping threads took: 0.0000260 seconds
[2019-12-11T08:57:19.964+0000][1][safepoint    ] Application time: 1.0008442 seconds
[2019-12-11T08:57:19.964+0000][1][safepoint    ] Entering safepoint region: Cleanup
[2019-12-11T08:57:19.964+0000][1][safepoint    ] Leaving safepoint region
[2019-12-11T08:57:19.964+0000][1][safepoint    ] Total time for which application threads were stopped: 0.0001246 seconds, Stopping threads took: 0.0000288 seconds
[2019-12-11T08:57:20.965+0000][1][safepoint    ] Application time: 1.0006826 seconds
[2019-12-11T08:57:20.965+0000][1][safepoint    ] Entering safepoint region: Cleanup
[2019-12-11T08:57:20.965+0000][1][safepoint    ] Leaving safepoint region
[2019-12-11T08:57:20.965+0000][1][safepoint    ] Total time for which application threads were stopped: 0.0001247 seconds, Stopping threads took: 0.0000273 seconds
[2019-12-11T08:57:21.967+0000][1][safepoint    ] Application time: 1.0017866 seconds
[2019-12-11T08:57:21.967+0000][1][safepoint    ] Entering safepoint region: Cleanup
[2019-12-11T08:57:21.967+0000][1][safepoint    ] Leaving safepoint region
[2019-12-11T08:57:21.967+0000][1][safepoint    ] Total time for which application threads were stopped: 0.0001308 seconds, Stopping threads took: 0.0000271 seconds
[2019-12-11T08:57:22.969+0000][1][safepoint    ] Application time: 1.0020099 seconds
[2019-12-11T08:57:22.969+0000][1][safepoint    ] Entering safepoint region: Cleanup
[2019-12-11T08:57:22.969+0000][1][safepoint    ] Leaving safepoint region
[2019-12-11T08:57:22.969+0000][1][safepoint    ] Total time for which application threads were stopped: 0.0001234 seconds, Stopping threads took: 0.0000291 seconds
[2019-12-11T08:57:23.971+0000][1][safepoint    ] Application time: 1.0017191 seconds
[2019-12-11T08:57:23.971+0000][1][safepoint    ] Entering safepoint region: Cleanup
[2019-12-11T08:57:23.971+0000][1][safepoint    ] Leaving safepoint region
[2019-12-11T08:57:23.971+0000][1][safepoint    ] Total time for which application threads were stopped: 0.0001296 seconds, Stopping threads took: 0.0000295 seconds
[2019-12-11T08:57:24.973+0000][1][safepoint    ] Application time: 1.0018520 seconds
[2019-12-11T08:57:24.973+0000][1][safepoint    ] Entering safepoint region: Cleanup
[2019-12-11T08:57:24.973+0000][1][safepoint    ] Leaving safepoint region
[2019-12-11T08:57:24.973+0000][1][safepoint    ] Total time for which application threads were stopped: 0.0001477 seconds, Stopping threads took: 0.0000408 seconds
[2019-12-11T08:57:25.973+0000][1][safepoint    ] Application time: 1.0000910 seconds
[2019-12-11T08:57:25.973+0000][1][safepoint    ] Entering safepoint region: Cleanup
[2019-12-11T08:57:25.973+0000][1][safepoint    ] Leaving safepoint region
[2019-12-11T08:57:25.973+0000][1][safepoint    ] Total time for which application threads were stopped: 0.0001315 seconds, Stopping threads took: 0.0000263 seconds
[2019-12-11T08:57:26.974+0000][1][safepoint    ] Application time: 1.0008937 seconds
[2019-12-11T08:57:26.974+0000][1][safepoint    ] Entering safepoint region: Cleanup
[2019-12-11T08:57:26.974+0000][1][safepoint    ] Leaving safepoint region
[2019-12-11T08:57:26.974+0000][1][safepoint    ] Total time for which application threads were stopped: 0.0001207 seconds, Stopping threads took: 0.0000256 seconds
[2019-12-11T08:57:27.975+0000][1][safepoint    ] Application time: 1.0005128 seconds
[2019-12-11T08:57:27.975+0000][1][safepoint    ] Entering safepoint region: Cleanup
[2019-12-11T08:57:27.975+0000][1][safepoint    ] Leaving safepoint region
[2019-12-11T08:57:27.975+0000][1][safepoint    ] Total time for which application threads were stopped: 0.0001340 seconds, Stopping threads took: 0.0000371 seconds
[2019-12-11T08:57:28.979+0000][1][safepoint    ] Application time: 1.0036828 seconds
[2019-12-11T08:57:28.979+0000][1][safepoint    ] Entering safepoint region: Cleanup
[2019-12-11T08:57:28.979+0000][1][safepoint    ] Leaving safepoint region
[2019-12-11T08:57:28.979+0000][1][safepoint    ] Total time for which application threads were stopped: 0.0001263 seconds, Stopping threads took: 0.0000286 seconds
[2019-12-11T08:57:29.981+0000][1][safepoint    ] Application time: 1.0018378 seconds
[2019-12-11T08:57:29.981+0000][1][safepoint    ] Entering safepoint region: Cleanup
[2019-12-11T08:57:29.981+0000][1][safepoint    ] Leaving safepoint region
[2019-12-11T08:57:29.981+0000][1][safepoint    ] Total time for which application threads were stopped: 0.0001380 seconds, Stopping threads took: 0.0000279 seconds
[2019-12-11T08:57:30.982+0000][1][safepoint    ] Application time: 1.0007980 seconds
[2019-12-11T08:57:30.982+0000][1][safepoint    ] Entering safepoint region: Cleanup
[2019-12-11T08:57:30.982+0000][1][safepoint    ] Leaving safepoint region
[2019-12-11T08:57:30.982+0000][1][safepoint    ] Total time for which application threads were stopped: 0.0001337 seconds, Stopping threads took: 0.0000352 seconds
[2019-12-11T08:57:31.984+0000][1][safepoint    ] Application time: 1.0017770 seconds
[2019-12-11T08:57:31.984+0000][1][safepoint    ] Entering safepoint region: Cleanup
[2019-12-11T08:57:31.984+0000][1][safepoint    ] Leaving safepoint region
[2019-12-11T08:57:31.984+0000][1][safepoint    ] Total time for which application threads were stopped: 0.0001158 seconds, Stopping threads took: 0.0000265 seconds
[2019-12-11T08:57:32.985+0000][1][safepoint    ] Application time: 1.0008218 seconds
[2019-12-11T08:57:32.985+0000][1][safepoint    ] Entering safepoint region: Cleanup
[2019-12-11T08:57:32.985+0000][1][safepoint    ] Leaving safepoint region
[2019-12-11T08:57:32.985+0000][1][safepoint    ] Total time for which application threads were stopped: 0.0001150 seconds, Stopping threads took: 0.0000266 seconds
[2019-12-11T08:57:33.988+0000][1][safepoint    ] Application time: 1.0026772 seconds
[2019-12-11T08:57:33.988+0000][1][safepoint    ] Entering safepoint region: Cleanup
[2019-12-11T08:57:33.988+0000][1][safepoint    ] Leaving safepoint region
[2019-12-11T08:57:33.988+0000][1][safepoint    ] Total time for which application threads were stopped: 0.0001155 seconds, Stopping threads took: 0.0000277 seconds
[2019-12-11T08:57:34.990+0000][1][safepoint    ] Application time: 1.0020183 seconds
[2019-12-11T08:57:34.990+0000][1][safepoint    ] Entering safepoint region: Cleanup
[2019-12-11T08:57:34.990+0000][1][safepoint    ] Leaving safepoint region
[2019-12-11T08:57:34.990+0000][1][safepoint    ] Total time for which application threads were stopped: 0.0001463 seconds, Stopping threads took: 0.0000498 seconds
[2019-12-11T08:57:35.991+0000][1][safepoint    ] Application time: 1.0007528 seconds
[2019-12-11T08:57:35.991+0000][1][safepoint    ] Entering safepoint region: Cleanup
[2019-12-11T08:57:35.991+0000][1][safepoint    ] Leaving safepoint region
[2019-12-11T08:57:35.991+0000][1][safepoint    ] Total time for which application threads were stopped: 0.0001532 seconds, Stopping threads took: 0.0000469 seconds
[2019-12-11T08:57:36.992+0000][1][safepoint    ] Application time: 1.0007806 seconds
[2019-12-11T08:57:36.992+0000][1][safepoint    ] Entering safepoint region: Cleanup
[2019-12-11T08:57:36.992+0000][1][safepoint    ] Leaving safepoint region
[2019-12-11T08:57:36.992+0000][1][safepoint    ] Total time for which application threads were stopped: 0.0001369 seconds, Stopping threads took: 0.0000261 seconds
[2019-12-11T08:57:37.995+0000][1][safepoint    ] Application time: 1.0028458 seconds
[2019-12-11T08:57:37.995+0000][1][safepoint    ] Entering safepoint region: Cleanup
[2019-12-11T08:57:37.995+0000][1][safepoint    ] Leaving safepoint region
[2019-12-11T08:57:37.995+0000][1][safepoint    ] Total time for which application threads were stopped: 0.0001416 seconds, Stopping threads took: 0.0000266 seconds
[2019-12-11T08:57:38.996+0000][1][safepoint    ] Application time: 1.0007732 seconds
[2019-12-11T08:57:38.996+0000][1][safepoint    ] Entering safepoint region: Cleanup
[2019-12-11T08:57:38.996+0000][1][safepoint    ] Leaving safepoint region
[2019-12-11T08:57:38.996+0000][1][safepoint    ] Total time for which application threads were stopped: 0.0001238 seconds, Stopping threads took: 0.0000284 seconds
[2019-12-11T08:57:39.998+0000][1][safepoint    ] Application time: 1.0017695 seconds
[2019-12-11T08:57:39.998+0000][1][safepoint    ] Entering safepoint region: Cleanup
[2019-12-11T08:57:39.998+0000][1][safepoint    ] Leaving safepoint region
[2019-12-11T08:57:39.998+0000][1][safepoint    ] Total time for which application threads were stopped: 0.0001147 seconds, Stopping threads took: 0.0000245 seconds
[2019-12-11T08:57:40.999+0000][1][safepoint    ] Application time: 1.0009520 seconds
[2019-12-11T08:57:40.999+0000][1][safepoint    ] Entering safepoint region: Cleanup
[2019-12-11T08:57:40.999+0000][1][safepoint    ] Leaving safepoint region
[2019-12-11T08:57:40.999+0000][1][safepoint    ] Total time for which application threads were stopped: 0.0001241 seconds, Stopping threads took: 0.0000334 seconds
[2019-12-11T08:57:42.002+0000][1][safepoint    ] Application time: 1.0031953 seconds
[2019-12-11T08:57:42.002+0000][1][safepoint    ] Entering safepoint region: Cleanup
[2019-12-11T08:57:42.002+0000][1][safepoint    ] Leaving safepoint region
[2019-12-11T08:57:42.002+0000][1][safepoint    ] Total time for which application threads were stopped: 0.0001193 seconds, Stopping threads took: 0.0000272 seconds
[2019-12-11T08:57:43.003+0000][1][safepoint    ] Application time: 1.0003083 seconds
[2019-12-11T08:57:43.003+0000][1][safepoint    ] Entering safepoint region: Cleanup
[2019-12-11T08:57:43.003+0000][1][safepoint    ] Leaving safepoint region
[2019-12-11T08:57:43.003+0000][1][safepoint    ] Total time for which application threads were stopped: 0.0001179 seconds, Stopping threads took: 0.0000258 seconds
[2019-12-11T08:57:44.004+0000][1][safepoint    ] Application time: 1.0008904 seconds
[2019-12-11T08:57:44.004+0000][1][safepoint    ] Entering safepoint region: Cleanup
[2019-12-11T08:57:44.004+0000][1][safepoint    ] Leaving safepoint region
[2019-12-11T08:57:44.004+0000][1][safepoint    ] Total time for which application threads were stopped: 0.0001195 seconds, Stopping threads took: 0.0000271 seconds
[2019-12-11T08:57:45.004+0000][1][safepoint    ] Application time: 1.0001764 seconds
[2019-12-11T08:57:45.004+0000][1][safepoint    ] Entering safepoint region: Cleanup
[2019-12-11T08:57:45.004+0000][1][safepoint    ] Leaving safepoint region
[2019-12-11T08:57:45.004+0000][1][safepoint    ] Total time for which application threads were stopped: 0.0001309 seconds, Stopping threads took: 0.0000286 seconds
[2019-12-11T08:57:46.005+0000][1][safepoint    ] Application time: 1.0004765 seconds
[2019-12-11T08:57:46.005+0000][1][safepoint    ] Entering safepoint region: Cleanup
[2019-12-11T08:57:46.005+0000][1][safepoint    ] Leaving safepoint region
[2019-12-11T08:57:46.005+0000][1][safepoint    ] Total time for which application threads were stopped: 0.0001285 seconds, Stopping threads took: 0.0000301 seconds
[2019-12-11T08:57:47.006+0000][1][safepoint    ] Application time: 1.0007948 seconds
[2019-12-11T08:57:47.006+0000][1][safepoint    ] Entering safepoint region: Cleanup
[2019-12-11T08:57:47.006+0000][1][safepoint    ] Leaving safepoint region
[2019-12-11T08:57:47.006+0000][1][safepoint    ] Total time for which application threads were stopped: 0.0001148 seconds, Stopping threads took: 0.0000253 seconds
[2019-12-11T08:57:48.009+0000][1][safepoint    ] Application time: 1.0028714 seconds
[2019-12-11T08:57:48.009+0000][1][safepoint    ] Entering safepoint region: Cleanup
[2019-12-11T08:57:48.009+0000][1][safepoint    ] Leaving safepoint region
[2019-12-11T08:57:48.009+0000][1][safepoint    ] Total time for which application threads were stopped: 0.0001203 seconds, Stopping threads took: 0.0000262 seconds
[2019-12-11T08:57:49.011+0000][1][safepoint    ] Application time: 1.0017921 seconds
[2019-12-11T08:57:49.011+0000][1][safepoint    ] Entering safepoint region: Cleanup
[2019-12-11T08:57:49.011+0000][1][safepoint    ] Leaving safepoint region
[2019-12-11T08:57:49.011+0000][1][safepoint    ] Total time for which application threads were stopped: 0.0001161 seconds, Stopping threads took: 0.0000258 seconds
[2019-12-11T08:57:50.012+0000][1][safepoint    ] Application time: 1.0008237 seconds
[2019-12-11T08:57:50.012+0000][1][safepoint    ] Entering safepoint region: Cleanup
[2019-12-11T08:57:50.012+0000][1][safepoint    ] Leaving safepoint region
[2019-12-11T08:57:50.012+0000][1][safepoint    ] Total time for which application threads were stopped: 0.0001160 seconds, Stopping threads took: 0.0000252 seconds
[2019-12-11T08:57:51.013+0000][1][safepoint    ] Application time: 1.0008160 seconds
[2019-12-11T08:57:51.013+0000][1][safepoint    ] Entering safepoint region: Cleanup
[2019-12-11T08:57:51.013+0000][1][safepoint    ] Leaving safepoint region
[2019-12-11T08:57:51.013+0000][1][safepoint    ] Total time for which application threads were stopped: 0.0001194 seconds, Stopping threads took: 0.0000310 seconds
[2019-12-11T08:57:52.014+0000][1][safepoint    ] Application time: 1.0008466 seconds
[2019-12-11T08:57:52.014+0000][1][safepoint    ] Entering safepoint region: Cleanup
[2019-12-11T08:57:52.014+0000][1][safepoint    ] Leaving safepoint region
[2019-12-11T08:57:52.014+0000][1][safepoint    ] Total time for which application threads were stopped: 0.0001293 seconds, Stopping threads took: 0.0000312 seconds
[2019-12-11T08:57:53.017+0000][1][safepoint    ] Application time: 1.0028914 seconds
[2019-12-11T08:57:53.017+0000][1][safepoint    ] Entering safepoint region: Cleanup
[2019-12-11T08:57:53.017+0000][1][safepoint    ] Leaving safepoint region
[2019-12-11T08:57:53.017+0000][1][safepoint    ] Total time for which application threads were stopped: 0.0001302 seconds, Stopping threads took: 0.0000298 seconds
[2019-12-11T08:57:54.018+0000][1][safepoint    ] Application time: 1.0007163 seconds
[2019-12-11T08:57:54.018+0000][1][safepoint    ] Entering safepoint region: Cleanup
[2019-12-11T08:57:54.018+0000][1][safepoint    ] Leaving safepoint region
[2019-12-11T08:57:54.018+0000][1][safepoint    ] Total time for which application threads were stopped: 0.0001181 seconds, Stopping threads took: 0.0000266 seconds
[2019-12-11T08:57:55.021+0000][1][safepoint    ] Application time: 1.0028327 seconds
[2019-12-11T08:57:55.021+0000][1][safepoint    ] Entering safepoint region: Cleanup
[2019-12-11T08:57:55.021+0000][1][safepoint    ] Leaving safepoint region
[2019-12-11T08:57:55.021+0000][1][safepoint    ] Total time for which application threads were stopped: 0.0001283 seconds, Stopping threads took: 0.0000281 seconds
[2019-12-11T08:57:56.022+0000][1][safepoint    ] Application time: 1.0009472 seconds
[2019-12-11T08:57:56.022+0000][1][safepoint    ] Entering safepoint region: Cleanup
[2019-12-11T08:57:56.022+0000][1][safepoint    ] Leaving safepoint region
[2019-12-11T08:57:56.022+0000][1][safepoint    ] Total time for which application threads were stopped: 0.0001265 seconds, Stopping threads took: 0.0000288 seconds
[2019-12-11T08:57:57.023+0000][1][safepoint    ] Application time: 1.0006545 seconds
[2019-12-11T08:57:57.023+0000][1][safepoint    ] Entering safepoint region: Cleanup
[2019-12-11T08:57:57.023+0000][1][safepoint    ] Leaving safepoint region
[2019-12-11T08:57:57.023+0000][1][safepoint    ] Total time for which application threads were stopped: 0.0001170 seconds, Stopping threads took: 0.0000260 seconds
[2019-12-11T08:57:58.025+0000][1][safepoint    ] Application time: 1.0023031 seconds
[2019-12-11T08:57:58.025+0000][1][safepoint    ] Entering safepoint region: Cleanup
[2019-12-11T08:57:58.025+0000][1][safepoint    ] Leaving safepoint region
[2019-12-11T08:57:58.025+0000][1][safepoint    ] Total time for which application threads were stopped: 0.0001317 seconds, Stopping threads took: 0.0000284 seconds
[2019-12-11T08:57:59.027+0000][1][safepoint    ] Application time: 1.0015920 seconds
[2019-12-11T08:57:59.027+0000][1][safepoint    ] Entering safepoint region: Cleanup
[2019-12-11T08:57:59.027+0000][1][safepoint    ] Leaving safepoint region
[2019-12-11T08:57:59.027+0000][1][safepoint    ] Total time for which application threads were stopped: 0.0001272 seconds, Stopping threads took: 0.0000286 seconds
[2019-12-11T08:58:00.028+0000][1][safepoint    ] Application time: 1.0004929 seconds
[2019-12-11T08:58:00.028+0000][1][safepoint    ] Entering safepoint region: Cleanup
[2019-12-11T08:58:00.028+0000][1][safepoint    ] Leaving safepoint region
[2019-12-11T08:58:00.028+0000][1][safepoint    ] Total time for which application threads were stopped: 0.0001419 seconds, Stopping threads took: 0.0000404 seconds
[2019-12-11T08:58:01.032+0000][1][safepoint    ] Application time: 1.0037935 seconds
[2019-12-11T08:58:01.032+0000][1][safepoint    ] Entering safepoint region: Cleanup
[2019-12-11T08:58:01.032+0000][1][safepoint    ] Leaving safepoint region
[2019-12-11T08:58:01.032+0000][1][safepoint    ] Total time for which application threads were stopped: 0.0001315 seconds, Stopping threads took: 0.0000274 seconds
[2019-12-11T08:58:02.036+0000][1][safepoint    ] Application time: 1.0038101 seconds
[2019-12-11T08:58:02.036+0000][1][safepoint    ] Entering safepoint region: Cleanup
[2019-12-11T08:58:02.036+0000][1][safepoint    ] Leaving safepoint region
[2019-12-11T08:58:02.036+0000][1][safepoint    ] Total time for which application threads were stopped: 0.0001325 seconds, Stopping threads took: 0.0000310 seconds
[2019-12-11T08:58:03.037+0000][1][safepoint    ] Application time: 1.0007766 seconds
[2019-12-11T08:58:03.037+0000][1][safepoint    ] Entering safepoint region: Cleanup
[2019-12-11T08:58:03.037+0000][1][safepoint    ] Leaving safepoint region
[2019-12-11T08:58:03.037+0000][1][safepoint    ] Total time for which application threads were stopped: 0.0001402 seconds, Stopping threads took: 0.0000285 seconds
[2019-12-11T08:58:04.040+0000][1][safepoint    ] Application time: 1.0027884 seconds
[2019-12-11T08:58:04.040+0000][1][safepoint    ] Entering safepoint region: Cleanup
[2019-12-11T08:58:04.040+0000][1][safepoint    ] Leaving safepoint region
[2019-12-11T08:58:04.040+0000][1][safepoint    ] Total time for which application threads were stopped: 0.0001190 seconds, Stopping threads took: 0.0000270 seconds
[2019-12-11T08:58:05.043+0000][1][safepoint    ] Application time: 1.0028237 seconds
[2019-12-11T08:58:05.043+0000][1][safepoint    ] Entering safepoint region: Cleanup
[2019-12-11T08:58:05.043+0000][1][safepoint    ] Leaving safepoint region
[2019-12-11T08:58:05.043+0000][1][safepoint    ] Total time for which application threads were stopped: 0.0001168 seconds, Stopping threads took: 0.0000263 seconds
[2019-12-11T08:58:06.046+0000][1][safepoint    ] Application time: 1.0029904 seconds
[2019-12-11T08:58:06.046+0000][1][safepoint    ] Entering safepoint region: Cleanup
[2019-12-11T08:58:06.046+0000][1][safepoint    ] Leaving safepoint region
[2019-12-11T08:58:06.046+0000][1][safepoint    ] Total time for which application threads were stopped: 0.0001261 seconds, Stopping threads took: 0.0000283 seconds
[2019-12-11T08:58:07.047+0000][1][safepoint    ] Application time: 1.0006511 seconds
[2019-12-11T08:58:07.047+0000][1][safepoint    ] Entering safepoint region: Cleanup
[2019-12-11T08:58:07.047+0000][1][safepoint    ] Leaving safepoint region
[2019-12-11T08:58:07.047+0000][1][safepoint    ] Total time for which application threads were stopped: 0.0001238 seconds, Stopping threads took: 0.0000294 seconds
[2019-12-11T08:58:08.050+0000][1][safepoint    ] Application time: 1.0028441 seconds
[2019-12-11T08:58:08.050+0000][1][safepoint    ] Entering safepoint region: Cleanup
[2019-12-11T08:58:08.050+0000][1][safepoint    ] Leaving safepoint region
[2019-12-11T08:58:08.050+0000][1][safepoint    ] Total time for which application threads were stopped: 0.0001126 seconds, Stopping threads took: 0.0000247 seconds
[2019-12-11T08:58:08.982+0000][1][safepoint    ] Application time: 0.9323409 seconds
[2019-12-11T08:58:08.982+0000][1][safepoint    ] Entering safepoint region: GenCollectForAllocation
[2019-12-11T08:58:08.982+0000][1][gc,start     ] GC(41) Pause Young (Allocation Failure)
[2019-12-11T08:58:08.982+0000][1][gc,task      ] GC(41) Using 2 workers of 2 for evacuation
[2019-12-11T08:58:08.997+0000][1][gc,age       ] GC(41) Desired survivor size 4456448 bytes, new threshold 6 (max threshold 6)
[2019-12-11T08:58:08.997+0000][1][gc,age       ] GC(41) Age table with threshold 6 (max threshold 6)
[2019-12-11T08:58:08.997+0000][1][gc,age       ] GC(41) - age   1:      20032 bytes,      20032 total
[2019-12-11T08:58:08.997+0000][1][gc,age       ] GC(41) - age   2:      19640 bytes,      39672 total
[2019-12-11T08:58:08.997+0000][1][gc,age       ] GC(41) - age   3:       2696 bytes,      42368 total
[2019-12-11T08:58:08.997+0000][1][gc,age       ] GC(41) - age   4:       1768 bytes,      44136 total
[2019-12-11T08:58:08.997+0000][1][gc,age       ] GC(41) - age   5:       1776 bytes,      45912 total
[2019-12-11T08:58:08.997+0000][1][gc,age       ] GC(41) - age   6:        744 bytes,      46656 total
[2019-12-11T08:58:08.997+0000][1][gc,heap      ] GC(41) ParNew: 69994K->52K(78656K)
[2019-12-11T08:58:08.997+0000][1][gc,heap      ] GC(41) CMS: 73696K->73697K(174784K)
[2019-12-11T08:58:08.997+0000][1][gc,metaspace ] GC(41) Metaspace: 77765K->77765K(1120256K)
[2019-12-11T08:58:08.997+0000][1][gc           ] GC(41) Pause Young (Allocation Failure) 140M->72M(247M) 15.022ms
[2019-12-11T08:58:08.998+0000][1][gc,cpu       ] GC(41) User=0.00s Sys=0.00s Real=0.02s
[2019-12-11T08:58:08.998+0000][1][safepoint    ] Leaving safepoint region
[2019-12-11T08:58:08.998+0000][1][safepoint    ] Total time for which application threads were stopped: 0.0152498 seconds, Stopping threads took: 0.0000256 seconds
[2019-12-11T08:58:09.999+0000][1][safepoint    ] Application time: 1.0011629 seconds
[2019-12-11T08:58:09.999+0000][1][safepoint    ] Entering safepoint region: Cleanup
[2019-12-11T08:58:09.999+0000][1][safepoint    ] Leaving safepoint region
[2019-12-11T08:58:09.999+0000][1][safepoint    ] Total time for which application threads were stopped: 0.0001243 seconds, Stopping threads took: 0.0000261 seconds
[2019-12-11T08:58:11.001+0000][1][safepoint    ] Application time: 1.0023426 seconds
[2019-12-11T08:58:11.001+0000][1][safepoint    ] Entering safepoint region: Cleanup
[2019-12-11T08:58:11.001+0000][1][safepoint    ] Leaving safepoint region
[2019-12-11T08:58:11.001+0000][1][safepoint    ] Total time for which application threads were stopped: 0.0001349 seconds, Stopping threads took: 0.0000315 seconds
[2019-12-11T08:58:12.002+0000][1][safepoint    ] Application time: 1.0007346 seconds
[2019-12-11T08:58:12.002+0000][1][safepoint    ] Entering safepoint region: Cleanup
[2019-12-11T08:58:12.002+0000][1][safepoint    ] Leaving safepoint region
[2019-12-11T08:58:12.002+0000][1][safepoint    ] Total time for which application threads were stopped: 0.0001259 seconds, Stopping threads took: 0.0000293 seconds
[2019-12-11T08:58:13.003+0000][1][safepoint    ] Application time: 1.0004079 seconds
[2019-12-11T08:58:13.003+0000][1][safepoint    ] Entering safepoint region: Cleanup
[2019-12-11T08:58:13.003+0000][1][safepoint    ] Leaving safepoint region
[2019-12-11T08:58:13.003+0000][1][safepoint    ] Total time for which application threads were stopped: 0.0001166 seconds, Stopping threads took: 0.0000268 seconds
[2019-12-11T08:58:14.006+0000][1][safepoint    ] Application time: 1.0027907 seconds
[2019-12-11T08:58:14.006+0000][1][safepoint    ] Entering safepoint region: Cleanup
[2019-12-11T08:58:14.006+0000][1][safepoint    ] Leaving safepoint region
[2019-12-11T08:58:14.006+0000][1][safepoint    ] Total time for which application threads were stopped: 0.0001245 seconds, Stopping threads took: 0.0000296 seconds
[2019-12-11T08:58:15.008+0000][1][safepoint    ] Application time: 1.0018832 seconds
[2019-12-11T08:58:15.008+0000][1][safepoint    ] Entering safepoint region: Cleanup
[2019-12-11T08:58:15.008+0000][1][safepoint    ] Leaving safepoint region
[2019-12-11T08:58:15.008+0000][1][safepoint    ] Total time for which application threads were stopped: 0.0001346 seconds, Stopping threads took: 0.0000295 seconds
[2019-12-11T08:58:16.010+0000][1][safepoint    ] Application time: 1.0018180 seconds
[2019-12-11T08:58:16.010+0000][1][safepoint    ] Entering safepoint region: Cleanup
[2019-12-11T08:58:16.010+0000][1][safepoint    ] Leaving safepoint region
[2019-12-11T08:58:16.010+0000][1][safepoint    ] Total time for which application threads were stopped: 0.0001148 seconds, Stopping threads took: 0.0000265 seconds
[2019-12-11T08:58:17.012+0000][1][safepoint    ] Application time: 1.0017635 seconds
[2019-12-11T08:58:17.012+0000][1][safepoint    ] Entering safepoint region: Cleanup
[2019-12-11T08:58:17.012+0000][1][safepoint    ] Leaving safepoint region
[2019-12-11T08:58:17.012+0000][1][safepoint    ] Total time for which application threads were stopped: 0.0001149 seconds, Stopping threads took: 0.0000268 seconds
[2019-12-11T08:58:18.013+0000][1][safepoint    ] Application time: 1.0007824 seconds
[2019-12-11T08:58:18.013+0000][1][safepoint    ] Entering safepoint region: Cleanup
[2019-12-11T08:58:18.013+0000][1][safepoint    ] Leaving safepoint region
[2019-12-11T08:58:18.013+0000][1][safepoint    ] Total time for which application threads were stopped: 0.0001242 seconds, Stopping threads took: 0.0000277 seconds
[2019-12-11T08:58:19.013+0000][1][safepoint    ] Application time: 1.0002910 seconds
[2019-12-11T08:58:19.013+0000][1][safepoint    ] Entering safepoint region: Cleanup
[2019-12-11T08:58:19.013+0000][1][safepoint    ] Leaving safepoint region
[2019-12-11T08:58:19.013+0000][1][safepoint    ] Total time for which application threads were stopped: 0.0001266 seconds, Stopping threads took: 0.0000280 seconds
[2019-12-11T08:58:20.014+0000][1][safepoint    ] Application time: 1.0004676 seconds
[2019-12-11T08:58:20.014+0000][1][safepoint    ] Entering safepoint region: Cleanup
[2019-12-11T08:58:20.014+0000][1][safepoint    ] Leaving safepoint region
[2019-12-11T08:58:20.014+0000][1][safepoint    ] Total time for which application threads were stopped: 0.0001275 seconds, Stopping threads took: 0.0000286 seconds
[2019-12-11T08:58:21.016+0000][1][safepoint    ] Application time: 1.0016770 seconds
[2019-12-11T08:58:21.016+0000][1][safepoint    ] Entering safepoint region: Cleanup
[2019-12-11T08:58:21.016+0000][1][safepoint    ] Leaving safepoint region
[2019-12-11T08:58:21.016+0000][1][safepoint    ] Total time for which application threads were stopped: 0.0001232 seconds, Stopping threads took: 0.0000280 seconds
[2019-12-11T08:58:22.614+0000][1][safepoint    ] Application time: 1.5979234 seconds
[2019-12-11T08:58:22.614+0000][1][safepoint    ] Entering safepoint region: Cleanup
[2019-12-11T08:58:22.614+0000][1][safepoint    ] Leaving safepoint region
[2019-12-11T08:58:22.614+0000][1][safepoint    ] Total time for which application threads were stopped: 0.0001273 seconds, Stopping threads took: 0.0000278 seconds
[2019-12-11T08:58:23.615+0000][1][safepoint    ] Application time: 1.0008076 seconds
[2019-12-11T08:58:23.615+0000][1][safepoint    ] Entering safepoint region: Cleanup
[2019-12-11T08:58:23.615+0000][1][safepoint    ] Leaving safepoint region
[2019-12-11T08:58:23.615+0000][1][safepoint    ] Total time for which application threads were stopped: 0.0001259 seconds, Stopping threads took: 0.0000285 seconds
[2019-12-11T08:58:24.616+0000][1][safepoint    ] Application time: 1.0008072 seconds
[2019-12-11T08:58:24.616+0000][1][safepoint    ] Entering safepoint region: Cleanup
[2019-12-11T08:58:24.616+0000][1][safepoint    ] Leaving safepoint region
[2019-12-11T08:58:24.616+0000][1][safepoint    ] Total time for which application threads were stopped: 0.0001226 seconds, Stopping threads took: 0.0000272 seconds
[2019-12-11T08:58:25.619+0000][1][safepoint    ] Application time: 1.0028154 seconds
[2019-12-11T08:58:25.619+0000][1][safepoint    ] Entering safepoint region: Cleanup
[2019-12-11T08:58:25.619+0000][1][safepoint    ] Leaving safepoint region
[2019-12-11T08:58:25.619+0000][1][safepoint    ] Total time for which application threads were stopped: 0.0001152 seconds, Stopping threads took: 0.0000255 seconds
[2019-12-11T08:58:26.622+0000][1][safepoint    ] Application time: 1.0028305 seconds
[2019-12-11T08:58:26.622+0000][1][safepoint    ] Entering safepoint region: Cleanup
[2019-12-11T08:58:26.622+0000][1][safepoint    ] Leaving safepoint region
[2019-12-11T08:58:26.622+0000][1][safepoint    ] Total time for which application threads were stopped: 0.0001307 seconds, Stopping threads took: 0.0000286 seconds
[2019-12-11T08:58:27.623+0000][1][safepoint    ] Application time: 1.0007398 seconds
[2019-12-11T08:58:27.623+0000][1][safepoint    ] Entering safepoint region: Cleanup
[2019-12-11T08:58:27.623+0000][1][safepoint    ] Leaving safepoint region
[2019-12-11T08:58:27.623+0000][1][safepoint    ] Total time for which application threads were stopped: 0.0001411 seconds, Stopping threads took: 0.0000346 seconds
[2019-12-11T08:58:28.626+0000][1][safepoint    ] Application time: 1.0027637 seconds
[2019-12-11T08:58:28.626+0000][1][safepoint    ] Entering safepoint region: Cleanup
[2019-12-11T08:58:28.626+0000][1][safepoint    ] Leaving safepoint region
[2019-12-11T08:58:28.626+0000][1][safepoint    ] Total time for which application threads were stopped: 0.0001251 seconds, Stopping threads took: 0.0000294 seconds
[2019-12-11T08:58:29.628+0000][1][safepoint    ] Application time: 1.0018202 seconds
[2019-12-11T08:58:29.628+0000][1][safepoint    ] Entering safepoint region: Cleanup
[2019-12-11T08:58:29.628+0000][1][safepoint    ] Leaving safepoint region
[2019-12-11T08:58:29.628+0000][1][safepoint    ] Total time for which application threads were stopped: 0.0001200 seconds, Stopping threads took: 0.0000263 seconds
[2019-12-11T08:58:30.629+0000][1][safepoint    ] Application time: 1.0008243 seconds
[2019-12-11T08:58:30.629+0000][1][safepoint    ] Entering safepoint region: Cleanup
[2019-12-11T08:58:30.629+0000][1][safepoint    ] Leaving safepoint region
[2019-12-11T08:58:30.629+0000][1][safepoint    ] Total time for which application threads were stopped: 0.0001400 seconds, Stopping threads took: 0.0000347 seconds
[2019-12-11T08:58:31.632+0000][1][safepoint    ] Application time: 1.0030069 seconds
[2019-12-11T08:58:31.632+0000][1][safepoint    ] Entering safepoint region: Cleanup
[2019-12-11T08:58:31.632+0000][1][safepoint    ] Leaving safepoint region
[2019-12-11T08:58:31.632+0000][1][safepoint    ] Total time for which application threads were stopped: 0.0001096 seconds, Stopping threads took: 0.0000242 seconds
[2019-12-11T08:58:32.633+0000][1][safepoint    ] Application time: 1.0007577 seconds
[2019-12-11T08:58:32.633+0000][1][safepoint    ] Entering safepoint region: Cleanup
[2019-12-11T08:58:32.633+0000][1][safepoint    ] Leaving safepoint region
[2019-12-11T08:58:32.633+0000][1][safepoint    ] Total time for which application threads were stopped: 0.0001179 seconds, Stopping threads took: 0.0000269 seconds
[2019-12-11T08:58:33.635+0000][1][safepoint    ] Application time: 1.0018906 seconds
[2019-12-11T08:58:33.635+0000][1][safepoint    ] Entering safepoint region: Cleanup
[2019-12-11T08:58:33.635+0000][1][safepoint    ] Leaving safepoint region
[2019-12-11T08:58:33.635+0000][1][safepoint    ] Total time for which application threads were stopped: 0.0001142 seconds, Stopping threads took: 0.0000246 seconds
[2019-12-11T08:58:34.636+0000][1][safepoint    ] Application time: 1.0007636 seconds
[2019-12-11T08:58:34.636+0000][1][safepoint    ] Entering safepoint region: Cleanup
[2019-12-11T08:58:34.636+0000][1][safepoint    ] Leaving safepoint region
[2019-12-11T08:58:34.636+0000][1][safepoint    ] Total time for which application threads were stopped: 0.0001195 seconds, Stopping threads took: 0.0000260 seconds
[2019-12-11T08:58:35.639+0000][1][safepoint    ] Application time: 1.0028852 seconds
[2019-12-11T08:58:35.639+0000][1][safepoint    ] Entering safepoint region: Cleanup
[2019-12-11T08:58:35.639+0000][1][safepoint    ] Leaving safepoint region
[2019-12-11T08:58:35.639+0000][1][safepoint    ] Total time for which application threads were stopped: 0.0001203 seconds, Stopping threads took: 0.0000280 seconds
[2019-12-11T08:58:36.641+0000][1][safepoint    ] Application time: 1.0018320 seconds
[2019-12-11T08:58:36.641+0000][1][safepoint    ] Entering safepoint region: Cleanup
[2019-12-11T08:58:36.641+0000][1][safepoint    ] Leaving safepoint region
[2019-12-11T08:58:36.641+0000][1][safepoint    ] Total time for which application threads were stopped: 0.0001392 seconds, Stopping threads took: 0.0000423 seconds
[2019-12-11T08:58:37.643+0000][1][safepoint    ] Application time: 1.0017963 seconds
[2019-12-11T08:58:37.643+0000][1][safepoint    ] Entering safepoint region: Cleanup
[2019-12-11T08:58:37.643+0000][1][safepoint    ] Leaving safepoint region
[2019-12-11T08:58:37.643+0000][1][safepoint    ] Total time for which application threads were stopped: 0.0001156 seconds, Stopping threads took: 0.0000259 seconds
[2019-12-11T08:58:38.648+0000][1][safepoint    ] Application time: 1.0047231 seconds
[2019-12-11T08:58:38.648+0000][1][safepoint    ] Entering safepoint region: Cleanup
[2019-12-11T08:58:38.648+0000][1][safepoint    ] Leaving safepoint region
[2019-12-11T08:58:38.648+0000][1][safepoint    ] Total time for which application threads were stopped: 0.0001250 seconds, Stopping threads took: 0.0000288 seconds
[2019-12-11T08:58:39.651+0000][1][safepoint    ] Application time: 1.0028404 seconds
[2019-12-11T08:58:39.651+0000][1][safepoint    ] Entering safepoint region: Cleanup
[2019-12-11T08:58:39.651+0000][1][safepoint    ] Leaving safepoint region
[2019-12-11T08:58:39.651+0000][1][safepoint    ] Total time for which application threads were stopped: 0.0001195 seconds, Stopping threads took: 0.0000281 seconds
[2019-12-11T08:58:40.654+0000][1][safepoint    ] Application time: 1.0028056 seconds
[2019-12-11T08:58:40.654+0000][1][safepoint    ] Entering safepoint region: Cleanup
[2019-12-11T08:58:40.654+0000][1][safepoint    ] Leaving safepoint region
[2019-12-11T08:58:40.654+0000][1][safepoint    ] Total time for which application threads were stopped: 0.0001233 seconds, Stopping threads took: 0.0000274 seconds
[2019-12-11T08:58:41.658+0000][1][safepoint    ] Application time: 1.0038282 seconds
[2019-12-11T08:58:41.658+0000][1][safepoint    ] Entering safepoint region: Cleanup
[2019-12-11T08:58:41.658+0000][1][safepoint    ] Leaving safepoint region
[2019-12-11T08:58:41.658+0000][1][safepoint    ] Total time for which application threads were stopped: 0.0001282 seconds, Stopping threads took: 0.0000287 seconds
[2019-12-11T08:58:42.663+0000][1][safepoint    ] Application time: 1.0048171 seconds
[2019-12-11T08:58:42.663+0000][1][safepoint    ] Entering safepoint region: Cleanup
[2019-12-11T08:58:42.663+0000][1][safepoint    ] Leaving safepoint region
[2019-12-11T08:58:42.663+0000][1][safepoint    ] Total time for which application threads were stopped: 0.0001242 seconds, Stopping threads took: 0.0000347 seconds
[2019-12-11T08:58:43.666+0000][1][safepoint    ] Application time: 1.0028230 seconds
[2019-12-11T08:58:43.666+0000][1][safepoint    ] Entering safepoint region: Cleanup
[2019-12-11T08:58:43.666+0000][1][safepoint    ] Leaving safepoint region
[2019-12-11T08:58:43.666+0000][1][safepoint    ] Total time for which application threads were stopped: 0.0001217 seconds, Stopping threads took: 0.0000278 seconds
[2019-12-11T08:58:44.668+0000][1][safepoint    ] Application time: 1.0018268 seconds
[2019-12-11T08:58:44.668+0000][1][safepoint    ] Entering safepoint region: Cleanup
[2019-12-11T08:58:44.668+0000][1][safepoint    ] Leaving safepoint region
[2019-12-11T08:58:44.668+0000][1][safepoint    ] Total time for which application threads were stopped: 0.0001271 seconds, Stopping threads took: 0.0000280 seconds
[2019-12-11T08:58:45.671+0000][1][safepoint    ] Application time: 1.0028308 seconds
[2019-12-11T08:58:45.671+0000][1][safepoint    ] Entering safepoint region: Cleanup
[2019-12-11T08:58:45.671+0000][1][safepoint    ] Leaving safepoint region
[2019-12-11T08:58:45.671+0000][1][safepoint    ] Total time for which application threads were stopped: 0.0001121 seconds, Stopping threads took: 0.0000243 seconds
[2019-12-11T08:58:46.672+0000][1][safepoint    ] Application time: 1.0008345 seconds
[2019-12-11T08:58:46.672+0000][1][safepoint    ] Entering safepoint region: Cleanup
[2019-12-11T08:58:46.672+0000][1][safepoint    ] Leaving safepoint region
[2019-12-11T08:58:46.672+0000][1][safepoint    ] Total time for which application threads were stopped: 0.0001191 seconds, Stopping threads took: 0.0000283 seconds
[2019-12-11T08:58:47.673+0000][1][safepoint    ] Application time: 1.0008272 seconds
[2019-12-11T08:58:47.673+0000][1][safepoint    ] Entering safepoint region: Cleanup
[2019-12-11T08:58:47.673+0000][1][safepoint    ] Leaving safepoint region
[2019-12-11T08:58:47.673+0000][1][safepoint    ] Total time for which application threads were stopped: 0.0001315 seconds, Stopping threads took: 0.0000277 seconds
[2019-12-11T08:58:48.674+0000][1][safepoint    ] Application time: 1.0009442 seconds
[2019-12-11T08:58:48.674+0000][1][safepoint    ] Entering safepoint region: Cleanup
[2019-12-11T08:58:48.674+0000][1][safepoint    ] Leaving safepoint region
[2019-12-11T08:58:48.674+0000][1][safepoint    ] Total time for which application threads were stopped: 0.0001191 seconds, Stopping threads took: 0.0000254 seconds
[2019-12-11T08:58:49.678+0000][1][safepoint    ] Application time: 1.0036936 seconds
[2019-12-11T08:58:49.678+0000][1][safepoint    ] Entering safepoint region: Cleanup
[2019-12-11T08:58:49.678+0000][1][safepoint    ] Leaving safepoint region
[2019-12-11T08:58:49.678+0000][1][safepoint    ] Total time for which application threads were stopped: 0.0001162 seconds, Stopping threads took: 0.0000268 seconds
[2019-12-11T08:58:50.680+0000][1][safepoint    ] Application time: 1.0018777 seconds
[2019-12-11T08:58:50.680+0000][1][safepoint    ] Entering safepoint region: Cleanup
[2019-12-11T08:58:50.680+0000][1][safepoint    ] Leaving safepoint region
[2019-12-11T08:58:50.680+0000][1][safepoint    ] Total time for which application threads were stopped: 0.0001245 seconds, Stopping threads took: 0.0000299 seconds
[2019-12-11T08:58:52.393+0000][1][safepoint    ] Application time: 1.7128361 seconds
[2019-12-11T08:58:52.393+0000][1][safepoint    ] Entering safepoint region: Cleanup
[2019-12-11T08:58:52.393+0000][1][safepoint    ] Leaving safepoint region
[2019-12-11T08:58:52.393+0000][1][safepoint    ] Total time for which application threads were stopped: 0.0001239 seconds, Stopping threads took: 0.0000279 seconds
[2019-12-11T08:58:53.394+0000][1][safepoint    ] Application time: 1.0007864 seconds
[2019-12-11T08:58:53.394+0000][1][safepoint    ] Entering safepoint region: Cleanup
[2019-12-11T08:58:53.394+0000][1][safepoint    ] Leaving safepoint region
[2019-12-11T08:58:53.394+0000][1][safepoint    ] Total time for which application threads were stopped: 0.0001243 seconds, Stopping threads took: 0.0000276 seconds
[2019-12-11T08:58:54.395+0000][1][safepoint    ] Application time: 1.0008199 seconds
[2019-12-11T08:58:54.395+0000][1][safepoint    ] Entering safepoint region: Cleanup
[2019-12-11T08:58:54.395+0000][1][safepoint    ] Leaving safepoint region
[2019-12-11T08:58:54.395+0000][1][safepoint    ] Total time for which application threads were stopped: 0.0001138 seconds, Stopping threads took: 0.0000248 seconds
[2019-12-11T08:58:55.398+0000][1][safepoint    ] Application time: 1.0027984 seconds
[2019-12-11T08:58:55.398+0000][1][safepoint    ] Entering safepoint region: Cleanup
[2019-12-11T08:58:55.398+0000][1][safepoint    ] Leaving safepoint region
[2019-12-11T08:58:55.398+0000][1][safepoint    ] Total time for which application threads were stopped: 0.0001133 seconds, Stopping threads took: 0.0000247 seconds
[2019-12-11T08:58:56.402+0000][1][safepoint    ] Application time: 1.0038671 seconds
[2019-12-11T08:58:56.402+0000][1][safepoint    ] Entering safepoint region: Cleanup
[2019-12-11T08:58:56.402+0000][1][safepoint    ] Leaving safepoint region
[2019-12-11T08:58:56.402+0000][1][safepoint    ] Total time for which application threads were stopped: 0.0001272 seconds, Stopping threads took: 0.0000278 seconds
[2019-12-11T08:58:57.403+0000][1][safepoint    ] Application time: 1.0007730 seconds
[2019-12-11T08:58:57.403+0000][1][safepoint    ] Entering safepoint region: Cleanup
[2019-12-11T08:58:57.403+0000][1][safepoint    ] Leaving safepoint region
[2019-12-11T08:58:57.403+0000][1][safepoint    ] Total time for which application threads were stopped: 0.0001133 seconds, Stopping threads took: 0.0000249 seconds
[2019-12-11T08:58:58.404+0000][1][safepoint    ] Application time: 1.0008338 seconds
[2019-12-11T08:58:58.404+0000][1][safepoint    ] Entering safepoint region: Cleanup
[2019-12-11T08:58:58.404+0000][1][safepoint    ] Leaving safepoint region
[2019-12-11T08:58:58.404+0000][1][safepoint    ] Total time for which application threads were stopped: 0.0001277 seconds, Stopping threads took: 0.0000302 seconds
[2019-12-11T08:58:59.405+0000][1][safepoint    ] Application time: 1.0008434 seconds
[2019-12-11T08:58:59.405+0000][1][safepoint    ] Entering safepoint region: Cleanup
[2019-12-11T08:58:59.405+0000][1][safepoint    ] Leaving safepoint region
[2019-12-11T08:58:59.405+0000][1][safepoint    ] Total time for which application threads were stopped: 0.0001231 seconds, Stopping threads took: 0.0000290 seconds
[2019-12-11T08:59:00.406+0000][1][safepoint    ] Application time: 1.0007741 seconds
[2019-12-11T08:59:00.406+0000][1][safepoint    ] Entering safepoint region: Cleanup
[2019-12-11T08:59:00.406+0000][1][safepoint    ] Leaving safepoint region
[2019-12-11T08:59:00.406+0000][1][safepoint    ] Total time for which application threads were stopped: 0.0001303 seconds, Stopping threads took: 0.0000287 seconds
[2019-12-11T08:59:01.408+0000][1][safepoint    ] Application time: 1.0018709 seconds
[2019-12-11T08:59:01.408+0000][1][safepoint    ] Entering safepoint region: Cleanup
[2019-12-11T08:59:01.408+0000][1][safepoint    ] Leaving safepoint region
[2019-12-11T08:59:01.408+0000][1][safepoint    ] Total time for which application threads were stopped: 0.0001329 seconds, Stopping threads took: 0.0000361 seconds
[2019-12-11T08:59:02.411+0000][1][safepoint    ] Application time: 1.0034270 seconds
[2019-12-11T08:59:02.411+0000][1][safepoint    ] Entering safepoint region: Cleanup
[2019-12-11T08:59:02.412+0000][1][safepoint    ] Leaving safepoint region
[2019-12-11T08:59:02.412+0000][1][safepoint    ] Total time for which application threads were stopped: 0.0001384 seconds, Stopping threads took: 0.0000361 seconds
[2019-12-11T08:59:03.412+0000][1][safepoint    ] Application time: 1.0001258 seconds
[2019-12-11T08:59:03.412+0000][1][safepoint    ] Entering safepoint region: Cleanup
[2019-12-11T08:59:03.412+0000][1][safepoint    ] Leaving safepoint region
[2019-12-11T08:59:03.412+0000][1][safepoint    ] Total time for which application threads were stopped: 0.0001187 seconds, Stopping threads took: 0.0000276 seconds
[2019-12-11T08:59:04.413+0000][1][safepoint    ] Application time: 1.0008375 seconds
[2019-12-11T08:59:04.413+0000][1][safepoint    ] Entering safepoint region: Cleanup
[2019-12-11T08:59:04.413+0000][1][safepoint    ] Leaving safepoint region
[2019-12-11T08:59:04.413+0000][1][safepoint    ] Total time for which application threads were stopped: 0.0001588 seconds, Stopping threads took: 0.0000345 seconds
[2019-12-11T08:59:05.414+0000][1][safepoint    ] Application time: 1.0007958 seconds
[2019-12-11T08:59:05.414+0000][1][safepoint    ] Entering safepoint region: Cleanup
[2019-12-11T08:59:05.414+0000][1][safepoint    ] Leaving safepoint region
[2019-12-11T08:59:05.414+0000][1][safepoint    ] Total time for which application threads were stopped: 0.0001248 seconds, Stopping threads took: 0.0000273 seconds
[2019-12-11T08:59:06.415+0000][1][safepoint    ] Application time: 1.0007842 seconds
[2019-12-11T08:59:06.415+0000][1][safepoint    ] Entering safepoint region: Cleanup
[2019-12-11T08:59:06.415+0000][1][safepoint    ] Leaving safepoint region
[2019-12-11T08:59:06.415+0000][1][safepoint    ] Total time for which application threads were stopped: 0.0001190 seconds, Stopping threads took: 0.0000275 seconds
[2019-12-11T08:59:07.418+0000][1][safepoint    ] Application time: 1.0028339 seconds
[2019-12-11T08:59:07.418+0000][1][safepoint    ] Entering safepoint region: Cleanup
[2019-12-11T08:59:07.418+0000][1][safepoint    ] Leaving safepoint region
[2019-12-11T08:59:07.418+0000][1][safepoint    ] Total time for which application threads were stopped: 0.0001312 seconds, Stopping threads took: 0.0000281 seconds
[2019-12-11T08:59:08.418+0000][1][safepoint    ] Application time: 1.0004930 seconds
[2019-12-11T08:59:08.418+0000][1][safepoint    ] Entering safepoint region: Cleanup
[2019-12-11T08:59:08.419+0000][1][safepoint    ] Leaving safepoint region
[2019-12-11T08:59:08.419+0000][1][safepoint    ] Total time for which application threads were stopped: 0.0001318 seconds, Stopping threads took: 0.0000299 seconds
[2019-12-11T08:59:09.420+0000][1][safepoint    ] Application time: 1.0011239 seconds
[2019-12-11T08:59:09.420+0000][1][safepoint    ] Entering safepoint region: Cleanup
[2019-12-11T08:59:09.420+0000][1][safepoint    ] Leaving safepoint region
[2019-12-11T08:59:09.420+0000][1][safepoint    ] Total time for which application threads were stopped: 0.0001213 seconds, Stopping threads took: 0.0000272 seconds
[2019-12-11T08:59:10.424+0000][1][safepoint    ] Application time: 1.0038137 seconds
[2019-12-11T08:59:10.424+0000][1][safepoint    ] Entering safepoint region: Cleanup
[2019-12-11T08:59:10.424+0000][1][safepoint    ] Leaving safepoint region
[2019-12-11T08:59:10.424+0000][1][safepoint    ] Total time for which application threads were stopped: 0.0001375 seconds, Stopping threads took: 0.0000305 seconds
[2019-12-11T08:59:11.427+0000][1][safepoint    ] Application time: 1.0027965 seconds
[2019-12-11T08:59:11.427+0000][1][safepoint    ] Entering safepoint region: Cleanup
[2019-12-11T08:59:11.427+0000][1][safepoint    ] Leaving safepoint region
[2019-12-11T08:59:11.427+0000][1][safepoint    ] Total time for which application threads were stopped: 0.0001159 seconds, Stopping threads took: 0.0000262 seconds
[2019-12-11T08:59:12.430+0000][1][safepoint    ] Application time: 1.0028700 seconds
[2019-12-11T08:59:12.430+0000][1][safepoint    ] Entering safepoint region: Cleanup
[2019-12-11T08:59:12.430+0000][1][safepoint    ] Leaving safepoint region
[2019-12-11T08:59:12.430+0000][1][safepoint    ] Total time for which application threads were stopped: 0.0001310 seconds, Stopping threads took: 0.0000289 seconds
[2019-12-11T08:59:13.431+0000][1][safepoint    ] Application time: 1.0007911 seconds
[2019-12-11T08:59:13.431+0000][1][safepoint    ] Entering safepoint region: Cleanup
[2019-12-11T08:59:13.431+0000][1][safepoint    ] Leaving safepoint region
[2019-12-11T08:59:13.431+0000][1][safepoint    ] Total time for which application threads were stopped: 0.0001267 seconds, Stopping threads took: 0.0000295 seconds
[2019-12-11T08:59:14.432+0000][1][safepoint    ] Application time: 1.0005829 seconds
[2019-12-11T08:59:14.432+0000][1][safepoint    ] Entering safepoint region: Cleanup
[2019-12-11T08:59:14.432+0000][1][safepoint    ] Leaving safepoint region
[2019-12-11T08:59:14.432+0000][1][safepoint    ] Total time for which application threads were stopped: 0.0001132 seconds, Stopping threads took: 0.0000259 seconds
[2019-12-11T08:59:15.432+0000][1][safepoint    ] Application time: 1.0001180 seconds
[2019-12-11T08:59:15.432+0000][1][safepoint    ] Entering safepoint region: Cleanup
[2019-12-11T08:59:15.432+0000][1][safepoint    ] Leaving safepoint region
[2019-12-11T08:59:15.432+0000][1][safepoint    ] Total time for which application threads were stopped: 0.0001197 seconds, Stopping threads took: 0.0000288 seconds
[2019-12-11T08:59:16.434+0000][1][safepoint    ] Application time: 1.0017465 seconds
[2019-12-11T08:59:16.434+0000][1][safepoint    ] Entering safepoint region: Cleanup
[2019-12-11T08:59:16.434+0000][1][safepoint    ] Leaving safepoint region
[2019-12-11T08:59:16.434+0000][1][safepoint    ] Total time for which application threads were stopped: 0.0001222 seconds, Stopping threads took: 0.0000280 seconds
[2019-12-11T08:59:17.436+0000][1][safepoint    ] Application time: 1.0018153 seconds
[2019-12-11T08:59:17.436+0000][1][safepoint    ] Entering safepoint region: Cleanup
[2019-12-11T08:59:17.436+0000][1][safepoint    ] Leaving safepoint region
[2019-12-11T08:59:17.436+0000][1][safepoint    ] Total time for which application threads were stopped: 0.0001227 seconds, Stopping threads took: 0.0000290 seconds
[2019-12-11T08:59:18.437+0000][1][safepoint    ] Application time: 1.0008215 seconds
[2019-12-11T08:59:18.437+0000][1][safepoint    ] Entering safepoint region: Cleanup
[2019-12-11T08:59:18.437+0000][1][safepoint    ] Leaving safepoint region
[2019-12-11T08:59:18.437+0000][1][safepoint    ] Total time for which application threads were stopped: 0.0001246 seconds, Stopping threads took: 0.0000304 seconds
[2019-12-11T08:59:19.442+0000][1][safepoint    ] Application time: 1.0048060 seconds
[2019-12-11T08:59:19.442+0000][1][safepoint    ] Entering safepoint region: Cleanup
[2019-12-11T08:59:19.442+0000][1][safepoint    ] Leaving safepoint region
[2019-12-11T08:59:19.442+0000][1][safepoint    ] Total time for which application threads were stopped: 0.0001339 seconds, Stopping threads took: 0.0000360 seconds
[2019-12-11T08:59:20.442+0000][1][safepoint    ] Application time: 1.0005267 seconds
[2019-12-11T08:59:20.442+0000][1][safepoint    ] Entering safepoint region: Cleanup
[2019-12-11T08:59:20.443+0000][1][safepoint    ] Leaving safepoint region
[2019-12-11T08:59:20.443+0000][1][safepoint    ] Total time for which application threads were stopped: 0.0001193 seconds, Stopping threads took: 0.0000271 seconds
[2019-12-11T08:59:21.443+0000][1][safepoint    ] Application time: 1.0001144 seconds
[2019-12-11T08:59:21.443+0000][1][safepoint    ] Entering safepoint region: Cleanup
[2019-12-11T08:59:21.443+0000][1][safepoint    ] Leaving safepoint region
[2019-12-11T08:59:21.443+0000][1][safepoint    ] Total time for which application threads were stopped: 0.0001295 seconds, Stopping threads took: 0.0000274 seconds
[2019-12-11T08:59:22.445+0000][1][safepoint    ] Application time: 1.0017820 seconds
[2019-12-11T08:59:22.445+0000][1][safepoint    ] Entering safepoint region: Cleanup
[2019-12-11T08:59:22.445+0000][1][safepoint    ] Leaving safepoint region
[2019-12-11T08:59:22.445+0000][1][safepoint    ] Total time for which application threads were stopped: 0.0001224 seconds, Stopping threads took: 0.0000272 seconds
[2019-12-11T08:59:23.446+0000][1][safepoint    ] Application time: 1.0008502 seconds
[2019-12-11T08:59:23.446+0000][1][safepoint    ] Entering safepoint region: Cleanup
[2019-12-11T08:59:23.446+0000][1][safepoint    ] Leaving safepoint region
[2019-12-11T08:59:23.446+0000][1][safepoint    ] Total time for which application threads were stopped: 0.0001112 seconds, Stopping threads took: 0.0000252 seconds
[2019-12-11T08:59:24.447+0000][1][safepoint    ] Application time: 1.0010379 seconds
[2019-12-11T08:59:24.447+0000][1][safepoint    ] Entering safepoint region: Cleanup
[2019-12-11T08:59:24.447+0000][1][safepoint    ] Leaving safepoint region
[2019-12-11T08:59:24.447+0000][1][safepoint    ] Total time for which application threads were stopped: 0.0001288 seconds, Stopping threads took: 0.0000275 seconds
[2019-12-11T08:59:25.449+0000][1][safepoint    ] Application time: 1.0016260 seconds
[2019-12-11T08:59:25.449+0000][1][safepoint    ] Entering safepoint region: Cleanup
[2019-12-11T08:59:25.449+0000][1][safepoint    ] Leaving safepoint region
[2019-12-11T08:59:25.449+0000][1][safepoint    ] Total time for which application threads were stopped: 0.0001156 seconds, Stopping threads took: 0.0000241 seconds
[2019-12-11T08:59:26.452+0000][1][safepoint    ] Application time: 1.0027896 seconds
[2019-12-11T08:59:26.452+0000][1][safepoint    ] Entering safepoint region: Cleanup
[2019-12-11T08:59:26.452+0000][1][safepoint    ] Leaving safepoint region
[2019-12-11T08:59:26.452+0000][1][safepoint    ] Total time for which application threads were stopped: 0.0001191 seconds, Stopping threads took: 0.0000256 seconds
[2019-12-11T08:59:27.453+0000][1][safepoint    ] Application time: 1.0008256 seconds
[2019-12-11T08:59:27.453+0000][1][safepoint    ] Entering safepoint region: Cleanup
[2019-12-11T08:59:27.453+0000][1][safepoint    ] Leaving safepoint region
[2019-12-11T08:59:27.453+0000][1][safepoint    ] Total time for which application threads were stopped: 0.0001163 seconds, Stopping threads took: 0.0000261 seconds
[2019-12-11T08:59:28.454+0000][1][safepoint    ] Application time: 1.0008118 seconds
[2019-12-11T08:59:28.454+0000][1][safepoint    ] Entering safepoint region: Cleanup
[2019-12-11T08:59:28.454+0000][1][safepoint    ] Leaving safepoint region
[2019-12-11T08:59:28.454+0000][1][safepoint    ] Total time for which application threads were stopped: 0.0001113 seconds, Stopping threads took: 0.0000247 seconds
[2019-12-11T08:59:29.455+0000][1][safepoint    ] Application time: 1.0008383 seconds
[2019-12-11T08:59:29.455+0000][1][safepoint    ] Entering safepoint region: Cleanup
[2019-12-11T08:59:29.455+0000][1][safepoint    ] Leaving safepoint region
[2019-12-11T08:59:29.455+0000][1][safepoint    ] Total time for which application threads were stopped: 0.0001203 seconds, Stopping threads took: 0.0000305 seconds
[2019-12-11T08:59:30.457+0000][1][safepoint    ] Application time: 1.0018512 seconds
[2019-12-11T08:59:30.457+0000][1][safepoint    ] Entering safepoint region: Cleanup
[2019-12-11T08:59:30.457+0000][1][safepoint    ] Leaving safepoint region
[2019-12-11T08:59:30.457+0000][1][safepoint    ] Total time for which application threads were stopped: 0.0001239 seconds, Stopping threads took: 0.0000275 seconds
[2019-12-11T08:59:31.458+0000][1][safepoint    ] Application time: 1.0007944 seconds
[2019-12-11T08:59:31.458+0000][1][safepoint    ] Entering safepoint region: Cleanup
[2019-12-11T08:59:31.458+0000][1][safepoint    ] Leaving safepoint region
[2019-12-11T08:59:31.458+0000][1][safepoint    ] Total time for which application threads were stopped: 0.0001123 seconds, Stopping threads took: 0.0000246 seconds
[2019-12-11T08:59:32.459+0000][1][safepoint    ] Application time: 1.0015942 seconds
[2019-12-11T08:59:32.460+0000][1][safepoint    ] Entering safepoint region: Cleanup
[2019-12-11T08:59:32.460+0000][1][safepoint    ] Leaving safepoint region
[2019-12-11T08:59:32.460+0000][1][safepoint    ] Total time for which application threads were stopped: 0.0001169 seconds, Stopping threads took: 0.0000249 seconds
[2019-12-11T08:59:33.462+0000][1][safepoint    ] Application time: 1.0020834 seconds
[2019-12-11T08:59:33.462+0000][1][safepoint    ] Entering safepoint region: Cleanup
[2019-12-11T08:59:33.462+0000][1][safepoint    ] Leaving safepoint region
[2019-12-11T08:59:33.462+0000][1][safepoint    ] Total time for which application threads were stopped: 0.0001315 seconds, Stopping threads took: 0.0000363 seconds
[2019-12-11T08:59:34.462+0000][1][safepoint    ] Application time: 1.0000874 seconds
[2019-12-11T08:59:34.462+0000][1][safepoint    ] Entering safepoint region: Cleanup
[2019-12-11T08:59:34.462+0000][1][safepoint    ] Leaving safepoint region
[2019-12-11T08:59:34.462+0000][1][safepoint    ] Total time for which application threads were stopped: 0.0001227 seconds, Stopping threads took: 0.0000282 seconds
[2019-12-11T08:59:35.463+0000][1][safepoint    ] Application time: 1.0005021 seconds
[2019-12-11T08:59:35.463+0000][1][safepoint    ] Entering safepoint region: Cleanup
[2019-12-11T08:59:35.463+0000][1][safepoint    ] Leaving safepoint region
[2019-12-11T08:59:35.463+0000][1][safepoint    ] Total time for which application threads were stopped: 0.0001195 seconds, Stopping threads took: 0.0000272 seconds
[2019-12-11T08:59:36.464+0000][1][safepoint    ] Application time: 1.0008405 seconds
[2019-12-11T08:59:36.464+0000][1][safepoint    ] Entering safepoint region: Cleanup
[2019-12-11T08:59:36.464+0000][1][safepoint    ] Leaving safepoint region
[2019-12-11T08:59:36.464+0000][1][safepoint    ] Total time for which application threads were stopped: 0.0001143 seconds, Stopping threads took: 0.0000258 seconds
[2019-12-11T08:59:37.465+0000][1][safepoint    ] Application time: 1.0010093 seconds
[2019-12-11T08:59:37.465+0000][1][safepoint    ] Entering safepoint region: Cleanup
[2019-12-11T08:59:37.465+0000][1][safepoint    ] Leaving safepoint region
[2019-12-11T08:59:37.465+0000][1][safepoint    ] Total time for which application threads were stopped: 0.0001166 seconds, Stopping threads took: 0.0000272 seconds
[2019-12-11T08:59:38.466+0000][1][safepoint    ] Application time: 1.0006469 seconds
[2019-12-11T08:59:38.466+0000][1][safepoint    ] Entering safepoint region: Cleanup
[2019-12-11T08:59:38.466+0000][1][safepoint    ] Leaving safepoint region
[2019-12-11T08:59:38.466+0000][1][safepoint    ] Total time for which application threads were stopped: 0.0001247 seconds, Stopping threads took: 0.0000263 seconds
[2019-12-11T08:59:39.468+0000][1][safepoint    ] Application time: 1.0018114 seconds
[2019-12-11T08:59:39.468+0000][1][safepoint    ] Entering safepoint region: Cleanup
[2019-12-11T08:59:39.468+0000][1][safepoint    ] Leaving safepoint region
[2019-12-11T08:59:39.468+0000][1][safepoint    ] Total time for which application threads were stopped: 0.0001267 seconds, Stopping threads took: 0.0000351 seconds
[2019-12-11T08:59:40.480+0000][1][safepoint    ] Application time: 1.0118769 seconds
[2019-12-11T08:59:40.480+0000][1][safepoint    ] Entering safepoint region: Cleanup
[2019-12-11T08:59:40.480+0000][1][safepoint    ] Leaving safepoint region
[2019-12-11T08:59:40.480+0000][1][safepoint    ] Total time for which application threads were stopped: 0.0001186 seconds, Stopping threads took: 0.0000289 seconds
[2019-12-11T08:59:41.482+0000][1][safepoint    ] Application time: 1.0017566 seconds
[2019-12-11T08:59:41.482+0000][1][safepoint    ] Entering safepoint region: Cleanup
[2019-12-11T08:59:41.482+0000][1][safepoint    ] Leaving safepoint region
[2019-12-11T08:59:41.482+0000][1][safepoint    ] Total time for which application threads were stopped: 0.0001221 seconds, Stopping threads took: 0.0000265 seconds
[2019-12-11T08:59:42.483+0000][1][safepoint    ] Application time: 1.0008336 seconds
[2019-12-11T08:59:42.483+0000][1][safepoint    ] Entering safepoint region: Cleanup
[2019-12-11T08:59:42.483+0000][1][safepoint    ] Leaving safepoint region
[2019-12-11T08:59:42.483+0000][1][safepoint    ] Total time for which application threads were stopped: 0.0001281 seconds, Stopping threads took: 0.0000287 seconds
[2019-12-11T08:59:43.487+0000][1][safepoint    ] Application time: 1.0038036 seconds
[2019-12-11T08:59:43.487+0000][1][safepoint    ] Entering safepoint region: Cleanup
[2019-12-11T08:59:43.487+0000][1][safepoint    ] Leaving safepoint region
[2019-12-11T08:59:43.487+0000][1][safepoint    ] Total time for which application threads were stopped: 0.0001297 seconds, Stopping threads took: 0.0000351 seconds
[2019-12-11T08:59:44.490+0000][1][safepoint    ] Application time: 1.0028808 seconds
[2019-12-11T08:59:44.490+0000][1][safepoint    ] Entering safepoint region: Cleanup
[2019-12-11T08:59:44.490+0000][1][safepoint    ] Leaving safepoint region
[2019-12-11T08:59:44.490+0000][1][safepoint    ] Total time for which application threads were stopped: 0.0001217 seconds, Stopping threads took: 0.0000266 seconds
[2019-12-11T08:59:45.493+0000][1][safepoint    ] Application time: 1.0027627 seconds
[2019-12-11T08:59:45.493+0000][1][safepoint    ] Entering safepoint region: Cleanup
[2019-12-11T08:59:45.493+0000][1][safepoint    ] Leaving safepoint region
[2019-12-11T08:59:45.493+0000][1][safepoint    ] Total time for which application threads were stopped: 0.0001208 seconds, Stopping threads took: 0.0000278 seconds
[2019-12-11T08:59:46.496+0000][1][safepoint    ] Application time: 1.0027832 seconds
[2019-12-11T08:59:46.496+0000][1][safepoint    ] Entering safepoint region: Cleanup
[2019-12-11T08:59:46.496+0000][1][safepoint    ] Leaving safepoint region
[2019-12-11T08:59:46.496+0000][1][safepoint    ] Total time for which application threads were stopped: 0.0001139 seconds, Stopping threads took: 0.0000256 seconds
[2019-12-11T08:59:47.499+0000][1][safepoint    ] Application time: 1.0028557 seconds
[2019-12-11T08:59:47.499+0000][1][safepoint    ] Entering safepoint region: Cleanup
[2019-12-11T08:59:47.499+0000][1][safepoint    ] Leaving safepoint region
[2019-12-11T08:59:47.499+0000][1][safepoint    ] Total time for which application threads were stopped: 0.0001263 seconds, Stopping threads took: 0.0000280 seconds
[2019-12-11T08:59:48.502+0000][1][safepoint    ] Application time: 1.0028577 seconds
[2019-12-11T08:59:48.502+0000][1][safepoint    ] Entering safepoint region: Cleanup
[2019-12-11T08:59:48.502+0000][1][safepoint    ] Leaving safepoint region
[2019-12-11T08:59:48.502+0000][1][safepoint    ] Total time for which application threads were stopped: 0.0001236 seconds, Stopping threads took: 0.0000280 seconds
[2019-12-11T08:59:50.199+0000][1][safepoint    ] Application time: 1.6967971 seconds
[2019-12-11T08:59:50.199+0000][1][safepoint    ] Entering safepoint region: Cleanup
[2019-12-11T08:59:50.199+0000][1][safepoint    ] Leaving safepoint region
[2019-12-11T08:59:50.199+0000][1][safepoint    ] Total time for which application threads were stopped: 0.0001344 seconds, Stopping threads took: 0.0000252 seconds
[2019-12-11T08:59:51.200+0000][1][safepoint    ] Application time: 1.0008105 seconds
[2019-12-11T08:59:51.200+0000][1][safepoint    ] Entering safepoint region: Cleanup
[2019-12-11T08:59:51.200+0000][1][safepoint    ] Leaving safepoint region
[2019-12-11T08:59:51.200+0000][1][safepoint    ] Total time for which application threads were stopped: 0.0001256 seconds, Stopping threads took: 0.0000255 seconds
[2019-12-11T08:59:52.202+0000][1][safepoint    ] Application time: 1.0017848 seconds
[2019-12-11T08:59:52.202+0000][1][safepoint    ] Entering safepoint region: Cleanup
[2019-12-11T08:59:52.202+0000][1][safepoint    ] Leaving safepoint region
[2019-12-11T08:59:52.202+0000][1][safepoint    ] Total time for which application threads were stopped: 0.0001272 seconds, Stopping threads took: 0.0000293 seconds
[2019-12-11T08:59:53.204+0000][1][safepoint    ] Application time: 1.0017999 seconds
[2019-12-11T08:59:53.204+0000][1][safepoint    ] Entering safepoint region: Cleanup
[2019-12-11T08:59:53.204+0000][1][safepoint    ] Leaving safepoint region
[2019-12-11T08:59:53.204+0000][1][safepoint    ] Total time for which application threads were stopped: 0.0001224 seconds, Stopping threads took: 0.0000271 seconds
[2019-12-11T08:59:54.205+0000][1][safepoint    ] Application time: 1.0008187 seconds
[2019-12-11T08:59:54.205+0000][1][safepoint    ] Entering safepoint region: Cleanup
[2019-12-11T08:59:54.205+0000][1][safepoint    ] Leaving safepoint region
[2019-12-11T08:59:54.205+0000][1][safepoint    ] Total time for which application threads were stopped: 0.0001158 seconds, Stopping threads took: 0.0000250 seconds
[2019-12-11T08:59:55.207+0000][1][safepoint    ] Application time: 1.0018300 seconds
[2019-12-11T08:59:55.207+0000][1][safepoint    ] Entering safepoint region: Cleanup
[2019-12-11T08:59:55.207+0000][1][safepoint    ] Leaving safepoint region
[2019-12-11T08:59:55.207+0000][1][safepoint    ] Total time for which application threads were stopped: 0.0001505 seconds, Stopping threads took: 0.0000431 seconds
[2019-12-11T08:59:56.210+0000][1][safepoint    ] Application time: 1.0028106 seconds
[2019-12-11T08:59:56.210+0000][1][safepoint    ] Entering safepoint region: Cleanup
[2019-12-11T08:59:56.210+0000][1][safepoint    ] Leaving safepoint region
[2019-12-11T08:59:56.210+0000][1][safepoint    ] Total time for which application threads were stopped: 0.0001190 seconds, Stopping threads took: 0.0000266 seconds
[2019-12-11T08:59:57.213+0000][1][safepoint    ] Application time: 1.0028824 seconds
[2019-12-11T08:59:57.213+0000][1][safepoint    ] Entering safepoint region: Cleanup
[2019-12-11T08:59:57.213+0000][1][safepoint    ] Leaving safepoint region
[2019-12-11T08:59:57.213+0000][1][safepoint    ] Total time for which application threads were stopped: 0.0001254 seconds, Stopping threads took: 0.0000254 seconds
[2019-12-11T08:59:58.216+0000][1][safepoint    ] Application time: 1.0028411 seconds
[2019-12-11T08:59:58.216+0000][1][safepoint    ] Entering safepoint region: Cleanup
[2019-12-11T08:59:58.216+0000][1][safepoint    ] Leaving safepoint region
[2019-12-11T08:59:58.216+0000][1][safepoint    ] Total time for which application threads were stopped: 0.0001212 seconds, Stopping threads took: 0.0000271 seconds
[2019-12-11T08:59:59.221+0000][1][safepoint    ] Application time: 1.0047323 seconds
[2019-12-11T08:59:59.221+0000][1][safepoint    ] Entering safepoint region: Cleanup
[2019-12-11T08:59:59.221+0000][1][safepoint    ] Leaving safepoint region
[2019-12-11T08:59:59.221+0000][1][safepoint    ] Total time for which application threads were stopped: 0.0001321 seconds, Stopping threads took: 0.0000277 seconds
[2019-12-11T09:00:00.223+0000][1][safepoint    ] Application time: 1.0022811 seconds
[2019-12-11T09:00:00.223+0000][1][safepoint    ] Entering safepoint region: Cleanup
[2019-12-11T09:00:00.223+0000][1][safepoint    ] Leaving safepoint region
[2019-12-11T09:00:00.223+0000][1][safepoint    ] Total time for which application threads were stopped: 0.0001134 seconds, Stopping threads took: 0.0000302 seconds
[2019-12-11T09:00:01.223+0000][1][safepoint    ] Application time: 1.0001022 seconds
[2019-12-11T09:00:01.224+0000][1][safepoint    ] Entering safepoint region: Cleanup
[2019-12-11T09:00:01.224+0000][1][safepoint    ] Leaving safepoint region
[2019-12-11T09:00:01.224+0000][1][safepoint    ] Total time for which application threads were stopped: 0.0001273 seconds, Stopping threads took: 0.0000265 seconds
[2019-12-11T09:00:02.225+0000][1][safepoint    ] Application time: 1.0016547 seconds
[2019-12-11T09:00:02.225+0000][1][safepoint    ] Entering safepoint region: Cleanup
[2019-12-11T09:00:02.225+0000][1][safepoint    ] Leaving safepoint region
[2019-12-11T09:00:02.225+0000][1][safepoint    ] Total time for which application threads were stopped: 0.0001389 seconds, Stopping threads took: 0.0000414 seconds
[2019-12-11T09:00:03.226+0000][1][safepoint    ] Application time: 1.0002251 seconds
[2019-12-11T09:00:03.226+0000][1][safepoint    ] Entering safepoint region: Cleanup
[2019-12-11T09:00:03.226+0000][1][safepoint    ] Leaving safepoint region
[2019-12-11T09:00:03.226+0000][1][safepoint    ] Total time for which application threads were stopped: 0.0001264 seconds, Stopping threads took: 0.0000293 seconds
[2019-12-11T09:00:03.798+0000][1][safepoint    ] Application time: 0.5721152 seconds
[2019-12-11T09:00:03.798+0000][1][safepoint    ] Entering safepoint region: GenCollectForAllocation
[2019-12-11T09:00:03.798+0000][1][gc,start     ] GC(42) Pause Young (Allocation Failure)
[2019-12-11T09:00:03.798+0000][1][gc,task      ] GC(42) Using 2 workers of 2 for evacuation
[2019-12-11T09:00:03.802+0000][1][gc,age       ] GC(42) Desired survivor size 4456448 bytes, new threshold 6 (max threshold 6)
[2019-12-11T09:00:03.802+0000][1][gc,age       ] GC(42) Age table with threshold 6 (max threshold 6)
[2019-12-11T09:00:03.802+0000][1][gc,age       ] GC(42) - age   1:       6200 bytes,       6200 total
[2019-12-11T09:00:03.802+0000][1][gc,age       ] GC(42) - age   2:       3592 bytes,       9792 total
[2019-12-11T09:00:03.802+0000][1][gc,age       ] GC(42) - age   3:      19640 bytes,      29432 total
[2019-12-11T09:00:03.802+0000][1][gc,age       ] GC(42) - age   4:       2576 bytes,      32008 total
[2019-12-11T09:00:03.802+0000][1][gc,age       ] GC(42) - age   5:       1768 bytes,      33776 total
[2019-12-11T09:00:03.802+0000][1][gc,age       ] GC(42) - age   6:       1776 bytes,      35552 total
[2019-12-11T09:00:03.802+0000][1][gc,heap      ] GC(42) ParNew: 69956K->56K(78656K)
[2019-12-11T09:00:03.802+0000][1][gc,heap      ] GC(42) CMS: 73697K->73697K(174784K)
[2019-12-11T09:00:03.802+0000][1][gc,metaspace ] GC(42) Metaspace: 77767K->77767K(1120256K)
[2019-12-11T09:00:03.802+0000][1][gc           ] GC(42) Pause Young (Allocation Failure) 140M->72M(247M) 3.809ms
[2019-12-11T09:00:03.802+0000][1][gc,cpu       ] GC(42) User=0.00s Sys=0.00s Real=0.00s
[2019-12-11T09:00:03.802+0000][1][safepoint    ] Leaving safepoint region
[2019-12-11T09:00:03.802+0000][1][safepoint    ] Total time for which application threads were stopped: 0.0040363 seconds, Stopping threads took: 0.0000268 seconds
[2019-12-11T09:00:04.804+0000][1][safepoint    ] Application time: 1.0016388 seconds
[2019-12-11T09:00:04.804+0000][1][safepoint    ] Entering safepoint region: Cleanup
[2019-12-11T09:00:04.804+0000][1][safepoint    ] Leaving safepoint region
[2019-12-11T09:00:04.804+0000][1][safepoint    ] Total time for which application threads were stopped: 0.0001271 seconds, Stopping threads took: 0.0000350 seconds
[2019-12-11T09:00:05.806+0000][1][safepoint    ] Application time: 1.0018132 seconds
[2019-12-11T09:00:05.806+0000][1][safepoint    ] Entering safepoint region: Cleanup
[2019-12-11T09:00:05.806+0000][1][safepoint    ] Leaving safepoint region
[2019-12-11T09:00:05.806+0000][1][safepoint    ] Total time for which application threads were stopped: 0.0001245 seconds, Stopping threads took: 0.0000283 seconds
[2019-12-11T09:00:06.811+0000][1][safepoint    ] Application time: 1.0047857 seconds
[2019-12-11T09:00:06.811+0000][1][safepoint    ] Entering safepoint region: Cleanup
[2019-12-11T09:00:06.811+0000][1][safepoint    ] Leaving safepoint region
[2019-12-11T09:00:06.811+0000][1][safepoint    ] Total time for which application threads were stopped: 0.0001283 seconds, Stopping threads took: 0.0000275 seconds
[2019-12-11T09:00:07.813+0000][1][safepoint    ] Application time: 1.0018149 seconds
[2019-12-11T09:00:07.813+0000][1][safepoint    ] Entering safepoint region: Cleanup
[2019-12-11T09:00:07.813+0000][1][safepoint    ] Leaving safepoint region
[2019-12-11T09:00:07.813+0000][1][safepoint    ] Total time for which application threads were stopped: 0.0001167 seconds, Stopping threads took: 0.0000268 seconds
[2019-12-11T09:00:08.814+0000][1][safepoint    ] Application time: 1.0008358 seconds
[2019-12-11T09:00:08.814+0000][1][safepoint    ] Entering safepoint region: Cleanup
[2019-12-11T09:00:08.814+0000][1][safepoint    ] Leaving safepoint region
[2019-12-11T09:00:08.814+0000][1][safepoint    ] Total time for which application threads were stopped: 0.0001358 seconds, Stopping threads took: 0.0000384 seconds
[2019-12-11T09:00:09.814+0000][1][safepoint    ] Application time: 1.0000842 seconds
[2019-12-11T09:00:09.814+0000][1][safepoint    ] Entering safepoint region: Cleanup
[2019-12-11T09:00:09.814+0000][1][safepoint    ] Leaving safepoint region
[2019-12-11T09:00:09.814+0000][1][safepoint    ] Total time for which application threads were stopped: 0.0001277 seconds, Stopping threads took: 0.0000290 seconds
[2019-12-11T09:00:11.293+0000][1][safepoint    ] Application time: 1.4783932 seconds
[2019-12-11T09:00:11.293+0000][1][safepoint    ] Entering safepoint region: Cleanup
[2019-12-11T09:00:11.293+0000][1][safepoint    ] Leaving safepoint region
[2019-12-11T09:00:11.293+0000][1][safepoint    ] Total time for which application threads were stopped: 0.0001345 seconds, Stopping threads took: 0.0000260 seconds
[2019-12-11T09:00:12.296+0000][1][safepoint    ] Application time: 1.0029341 seconds
[2019-12-11T09:00:12.296+0000][1][safepoint    ] Entering safepoint region: Cleanup
[2019-12-11T09:00:12.296+0000][1][safepoint    ] Leaving safepoint region
[2019-12-11T09:00:12.296+0000][1][safepoint    ] Total time for which application threads were stopped: 0.0001328 seconds, Stopping threads took: 0.0000283 seconds
[2019-12-11T09:00:13.298+0000][1][safepoint    ] Application time: 1.0017973 seconds
[2019-12-11T09:00:13.298+0000][1][safepoint    ] Entering safepoint region: Cleanup
[2019-12-11T09:00:13.298+0000][1][safepoint    ] Leaving safepoint region
[2019-12-11T09:00:13.298+0000][1][safepoint    ] Total time for which application threads were stopped: 0.0001210 seconds, Stopping threads took: 0.0000268 seconds
[2019-12-11T09:00:14.303+0000][1][safepoint    ] Application time: 1.0048274 seconds
[2019-12-11T09:00:14.303+0000][1][safepoint    ] Entering safepoint region: Cleanup
[2019-12-11T09:00:14.303+0000][1][safepoint    ] Leaving safepoint region
[2019-12-11T09:00:14.303+0000][1][safepoint    ] Total time for which application threads were stopped: 0.0001209 seconds, Stopping threads took: 0.0000291 seconds
[2019-12-11T09:00:15.305+0000][1][safepoint    ] Application time: 1.0019401 seconds
[2019-12-11T09:00:15.305+0000][1][safepoint    ] Entering safepoint region: Cleanup
[2019-12-11T09:00:15.305+0000][1][safepoint    ] Leaving safepoint region
[2019-12-11T09:00:15.305+0000][1][safepoint    ] Total time for which application threads were stopped: 0.0001232 seconds, Stopping threads took: 0.0000281 seconds
[2019-12-11T09:00:16.306+0000][1][safepoint    ] Application time: 1.0007483 seconds
[2019-12-11T09:00:16.306+0000][1][safepoint    ] Entering safepoint region: Cleanup
[2019-12-11T09:00:16.306+0000][1][safepoint    ] Leaving safepoint region
[2019-12-11T09:00:16.306+0000][1][safepoint    ] Total time for which application threads were stopped: 0.0001308 seconds, Stopping threads took: 0.0000289 seconds
[2019-12-11T09:00:17.309+0000][1][safepoint    ] Application time: 1.0027628 seconds
[2019-12-11T09:00:17.309+0000][1][safepoint    ] Entering safepoint region: Cleanup
[2019-12-11T09:00:17.309+0000][1][safepoint    ] Leaving safepoint region
[2019-12-11T09:00:17.309+0000][1][safepoint    ] Total time for which application threads were stopped: 0.0001370 seconds, Stopping threads took: 0.0000398 seconds
[2019-12-11T09:00:18.310+0000][1][safepoint    ] Application time: 1.0008728 seconds
[2019-12-11T09:00:18.310+0000][1][safepoint    ] Entering safepoint region: Cleanup
[2019-12-11T09:00:18.310+0000][1][safepoint    ] Leaving safepoint region
[2019-12-11T09:00:18.310+0000][1][safepoint    ] Total time for which application threads were stopped: 0.0001241 seconds, Stopping threads took: 0.0000265 seconds
[2019-12-11T09:00:19.313+0000][1][safepoint    ] Application time: 1.0029585 seconds
[2019-12-11T09:00:19.313+0000][1][safepoint    ] Entering safepoint region: Cleanup
[2019-12-11T09:00:19.313+0000][1][safepoint    ] Leaving safepoint region
[2019-12-11T09:00:19.313+0000][1][safepoint    ] Total time for which application threads were stopped: 0.0001287 seconds, Stopping threads took: 0.0000263 seconds
[2019-12-11T09:00:20.314+0000][1][safepoint    ] Application time: 1.0007169 seconds
[2019-12-11T09:00:20.314+0000][1][safepoint    ] Entering safepoint region: Cleanup
[2019-12-11T09:00:20.314+0000][1][safepoint    ] Leaving safepoint region
[2019-12-11T09:00:20.314+0000][1][safepoint    ] Total time for which application threads were stopped: 0.0001158 seconds, Stopping threads took: 0.0000252 seconds
[2019-12-11T09:00:21.315+0000][1][safepoint    ] Application time: 1.0008516 seconds
[2019-12-11T09:00:21.315+0000][1][safepoint    ] Entering safepoint region: Cleanup
[2019-12-11T09:00:21.315+0000][1][safepoint    ] Leaving safepoint region
[2019-12-11T09:00:21.315+0000][1][safepoint    ] Total time for which application threads were stopped: 0.0001237 seconds, Stopping threads took: 0.0000277 seconds
[2019-12-11T09:00:22.316+0000][1][safepoint    ] Application time: 1.0008562 seconds
[2019-12-11T09:00:22.316+0000][1][safepoint    ] Entering safepoint region: Cleanup
[2019-12-11T09:00:22.316+0000][1][safepoint    ] Leaving safepoint region
[2019-12-11T09:00:22.316+0000][1][safepoint    ] Total time for which application threads were stopped: 0.0001282 seconds, Stopping threads took: 0.0000293 seconds
[2019-12-11T09:00:23.318+0000][1][safepoint    ] Application time: 1.0017538 seconds
[2019-12-11T09:00:23.318+0000][1][safepoint    ] Entering safepoint region: Cleanup
[2019-12-11T09:00:23.318+0000][1][safepoint    ] Leaving safepoint region
[2019-12-11T09:00:23.318+0000][1][safepoint    ] Total time for which application threads were stopped: 0.0001108 seconds, Stopping threads took: 0.0000245 seconds
[2019-12-11T09:00:24.321+0000][1][safepoint    ] Application time: 1.0028776 seconds
[2019-12-11T09:00:24.321+0000][1][safepoint    ] Entering safepoint region: Cleanup
[2019-12-11T09:00:24.321+0000][1][safepoint    ] Leaving safepoint region
[2019-12-11T09:00:24.321+0000][1][safepoint    ] Total time for which application threads were stopped: 0.0001259 seconds, Stopping threads took: 0.0000277 seconds
[2019-12-11T09:00:25.322+0000][1][safepoint    ] Application time: 1.0008113 seconds
[2019-12-11T09:00:25.322+0000][1][safepoint    ] Entering safepoint region: Cleanup
[2019-12-11T09:00:25.322+0000][1][safepoint    ] Leaving safepoint region
[2019-12-11T09:00:25.322+0000][1][safepoint    ] Total time for which application threads were stopped: 0.0001203 seconds, Stopping threads took: 0.0000253 seconds
[2019-12-11T09:00:26.323+0000][1][safepoint    ] Application time: 1.0008526 seconds
[2019-12-11T09:00:26.323+0000][1][safepoint    ] Entering safepoint region: Cleanup
[2019-12-11T09:00:26.323+0000][1][safepoint    ] Leaving safepoint region
[2019-12-11T09:00:26.323+0000][1][safepoint    ] Total time for which application threads were stopped: 0.0001250 seconds, Stopping threads took: 0.0000273 seconds
[2019-12-11T09:00:27.325+0000][1][safepoint    ] Application time: 1.0018055 seconds
[2019-12-11T09:00:27.325+0000][1][safepoint    ] Entering safepoint region: Cleanup
[2019-12-11T09:00:27.325+0000][1][safepoint    ] Leaving safepoint region
[2019-12-11T09:00:27.325+0000][1][safepoint    ] Total time for which application threads were stopped: 0.0001281 seconds, Stopping threads took: 0.0000290 seconds
[2019-12-11T09:00:28.326+0000][1][safepoint    ] Application time: 1.0008197 seconds
[2019-12-11T09:00:28.326+0000][1][safepoint    ] Entering safepoint region: Cleanup
[2019-12-11T09:00:28.326+0000][1][safepoint    ] Leaving safepoint region
[2019-12-11T09:00:28.326+0000][1][safepoint    ] Total time for which application threads were stopped: 0.0001283 seconds, Stopping threads took: 0.0000299 seconds
[2019-12-11T09:00:29.337+0000][1][safepoint    ] Application time: 1.0106447 seconds
[2019-12-11T09:00:29.337+0000][1][safepoint    ] Entering safepoint region: Cleanup
[2019-12-11T09:00:29.337+0000][1][safepoint    ] Leaving safepoint region
[2019-12-11T09:00:29.337+0000][1][safepoint    ] Total time for which application threads were stopped: 0.0001258 seconds, Stopping threads took: 0.0000272 seconds
[2019-12-11T09:00:30.340+0000][1][safepoint    ] Application time: 1.0027879 seconds
[2019-12-11T09:00:30.340+0000][1][safepoint    ] Entering safepoint region: Cleanup
[2019-12-11T09:00:30.340+0000][1][safepoint    ] Leaving safepoint region
[2019-12-11T09:00:30.340+0000][1][safepoint    ] Total time for which application threads were stopped: 0.0001148 seconds, Stopping threads took: 0.0000247 seconds
[2019-12-11T09:00:31.340+0000][1][safepoint    ] Application time: 1.0000847 seconds
[2019-12-11T09:00:31.340+0000][1][safepoint    ] Entering safepoint region: Cleanup
[2019-12-11T09:00:31.340+0000][1][safepoint    ] Leaving safepoint region
[2019-12-11T09:00:31.340+0000][1][safepoint    ] Total time for which application threads were stopped: 0.0001244 seconds, Stopping threads took: 0.0000293 seconds
[2019-12-11T09:00:32.342+0000][1][safepoint    ] Application time: 1.0016858 seconds
[2019-12-11T09:00:32.342+0000][1][safepoint    ] Entering safepoint region: Cleanup
[2019-12-11T09:00:32.342+0000][1][safepoint    ] Leaving safepoint region
[2019-12-11T09:00:32.342+0000][1][safepoint    ] Total time for which application threads were stopped: 0.0001171 seconds, Stopping threads took: 0.0000252 seconds
[2019-12-11T09:00:33.342+0000][1][safepoint    ] Application time: 1.0001699 seconds
[2019-12-11T09:00:33.342+0000][1][safepoint    ] Entering safepoint region: Cleanup
[2019-12-11T09:00:33.342+0000][1][safepoint    ] Leaving safepoint region
[2019-12-11T09:00:33.342+0000][1][safepoint    ] Total time for which application threads were stopped: 0.0001359 seconds, Stopping threads took: 0.0000282 seconds
[2019-12-11T09:00:34.345+0000][1][safepoint    ] Application time: 1.0023549 seconds
[2019-12-11T09:00:34.345+0000][1][safepoint    ] Entering safepoint region: Cleanup
[2019-12-11T09:00:34.345+0000][1][safepoint    ] Leaving safepoint region
[2019-12-11T09:00:34.345+0000][1][safepoint    ] Total time for which application threads were stopped: 0.0001119 seconds, Stopping threads took: 0.0000252 seconds
[2019-12-11T09:00:35.346+0000][1][safepoint    ] Application time: 1.0008488 seconds
[2019-12-11T09:00:35.346+0000][1][safepoint    ] Entering safepoint region: Cleanup
[2019-12-11T09:00:35.346+0000][1][safepoint    ] Leaving safepoint region
[2019-12-11T09:00:35.346+0000][1][safepoint    ] Total time for which application threads were stopped: 0.0001305 seconds, Stopping threads took: 0.0000259 seconds
[2019-12-11T09:00:36.346+0000][1][safepoint    ] Application time: 1.0000813 seconds
[2019-12-11T09:00:36.346+0000][1][safepoint    ] Entering safepoint region: Cleanup
[2019-12-11T09:00:36.346+0000][1][safepoint    ] Leaving safepoint region
[2019-12-11T09:00:36.346+0000][1][safepoint    ] Total time for which application threads were stopped: 0.0000907 seconds, Stopping threads took: 0.0000247 seconds
[2019-12-11T09:00:37.347+0000][1][safepoint    ] Application time: 1.0006236 seconds
[2019-12-11T09:00:37.347+0000][1][safepoint    ] Entering safepoint region: Cleanup
[2019-12-11T09:00:37.347+0000][1][safepoint    ] Leaving safepoint region
[2019-12-11T09:00:37.347+0000][1][safepoint    ] Total time for which application threads were stopped: 0.0001156 seconds, Stopping threads took: 0.0000272 seconds
[2019-12-11T09:00:38.351+0000][1][safepoint    ] Application time: 1.0037859 seconds
[2019-12-11T09:00:38.351+0000][1][safepoint    ] Entering safepoint region: Cleanup
[2019-12-11T09:00:38.351+0000][1][safepoint    ] Leaving safepoint region
[2019-12-11T09:00:38.351+0000][1][safepoint    ] Total time for which application threads were stopped: 0.0001274 seconds, Stopping threads took: 0.0000269 seconds
[2019-12-11T09:00:39.353+0000][1][safepoint    ] Application time: 1.0017931 seconds
[2019-12-11T09:00:39.353+0000][1][safepoint    ] Entering safepoint region: Cleanup
[2019-12-11T09:00:39.353+0000][1][safepoint    ] Leaving safepoint region
[2019-12-11T09:00:39.353+0000][1][safepoint    ] Total time for which application threads were stopped: 0.0001230 seconds, Stopping threads took: 0.0000269 seconds
[2019-12-11T09:00:40.354+0000][1][safepoint    ] Application time: 1.0008178 seconds
[2019-12-11T09:00:40.354+0000][1][safepoint    ] Entering safepoint region: Cleanup
[2019-12-11T09:00:40.354+0000][1][safepoint    ] Leaving safepoint region
[2019-12-11T09:00:40.354+0000][1][safepoint    ] Total time for which application threads were stopped: 0.0001135 seconds, Stopping threads took: 0.0000250 seconds
[2019-12-11T09:00:41.356+0000][1][safepoint    ] Application time: 1.0019663 seconds
[2019-12-11T09:00:41.356+0000][1][safepoint    ] Entering safepoint region: Cleanup
[2019-12-11T09:00:41.356+0000][1][safepoint    ] Leaving safepoint region
[2019-12-11T09:00:41.356+0000][1][safepoint    ] Total time for which application threads were stopped: 0.0001135 seconds, Stopping threads took: 0.0000250 seconds
[2019-12-11T09:00:42.358+0000][1][safepoint    ] Application time: 1.0017948 seconds
[2019-12-11T09:00:42.358+0000][1][safepoint    ] Entering safepoint region: Cleanup
[2019-12-11T09:00:42.358+0000][1][safepoint    ] Leaving safepoint region
[2019-12-11T09:00:42.358+0000][1][safepoint    ] Total time for which application threads were stopped: 0.0001243 seconds, Stopping threads took: 0.0000276 seconds
[2019-12-11T09:00:43.359+0000][1][safepoint    ] Application time: 1.0008071 seconds
[2019-12-11T09:00:43.359+0000][1][safepoint    ] Entering safepoint region: Cleanup
[2019-12-11T09:00:43.359+0000][1][safepoint    ] Leaving safepoint region
[2019-12-11T09:00:43.359+0000][1][safepoint    ] Total time for which application threads were stopped: 0.0001197 seconds, Stopping threads took: 0.0000261 seconds
[2019-12-11T09:00:44.360+0000][1][safepoint    ] Application time: 1.0007579 seconds
[2019-12-11T09:00:44.360+0000][1][safepoint    ] Entering safepoint region: Cleanup
[2019-12-11T09:00:44.360+0000][1][safepoint    ] Leaving safepoint region
[2019-12-11T09:00:44.360+0000][1][safepoint    ] Total time for which application threads were stopped: 0.0001319 seconds, Stopping threads took: 0.0000273 seconds
[2019-12-11T09:00:45.363+0000][1][safepoint    ] Application time: 1.0028356 seconds
[2019-12-11T09:00:45.363+0000][1][safepoint    ] Entering safepoint region: Cleanup
[2019-12-11T09:00:45.363+0000][1][safepoint    ] Leaving safepoint region
[2019-12-11T09:00:45.363+0000][1][safepoint    ] Total time for which application threads were stopped: 0.0001251 seconds, Stopping threads took: 0.0000278 seconds
[2019-12-11T09:00:46.364+0000][1][safepoint    ] Application time: 1.0007561 seconds
[2019-12-11T09:00:46.364+0000][1][safepoint    ] Entering safepoint region: Cleanup
[2019-12-11T09:00:46.364+0000][1][safepoint    ] Leaving safepoint region
[2019-12-11T09:00:46.364+0000][1][safepoint    ] Total time for which application threads were stopped: 0.0001138 seconds, Stopping threads took: 0.0000268 seconds
[2019-12-11T09:00:47.365+0000][1][safepoint    ] Application time: 1.0008337 seconds
[2019-12-11T09:00:47.365+0000][1][safepoint    ] Entering safepoint region: Cleanup
[2019-12-11T09:00:47.365+0000][1][safepoint    ] Leaving safepoint region
[2019-12-11T09:00:47.365+0000][1][safepoint    ] Total time for which application threads were stopped: 0.0001199 seconds, Stopping threads took: 0.0000279 seconds
[2019-12-11T09:00:48.368+0000][1][safepoint    ] Application time: 1.0028106 seconds
[2019-12-11T09:00:48.368+0000][1][safepoint    ] Entering safepoint region: Cleanup
[2019-12-11T09:00:48.368+0000][1][safepoint    ] Leaving safepoint region
[2019-12-11T09:00:48.368+0000][1][safepoint    ] Total time for which application threads were stopped: 0.0001254 seconds, Stopping threads took: 0.0000296 seconds
[2019-12-11T09:00:49.371+0000][1][safepoint    ] Application time: 1.0028126 seconds
[2019-12-11T09:00:49.371+0000][1][safepoint    ] Entering safepoint region: Cleanup
[2019-12-11T09:00:49.371+0000][1][safepoint    ] Leaving safepoint region
[2019-12-11T09:00:49.371+0000][1][safepoint    ] Total time for which application threads were stopped: 0.0001148 seconds, Stopping threads took: 0.0000255 seconds
[2019-12-11T09:00:50.372+0000][1][safepoint    ] Application time: 1.0008986 seconds
[2019-12-11T09:00:50.372+0000][1][safepoint    ] Entering safepoint region: Cleanup
[2019-12-11T09:00:50.372+0000][1][safepoint    ] Leaving safepoint region
[2019-12-11T09:00:50.372+0000][1][safepoint    ] Total time for which application threads were stopped: 0.0001305 seconds, Stopping threads took: 0.0000279 seconds
[2019-12-11T09:00:51.373+0000][1][safepoint    ] Application time: 1.0008608 seconds
[2019-12-11T09:00:51.373+0000][1][safepoint    ] Entering safepoint region: Cleanup
[2019-12-11T09:00:51.373+0000][1][safepoint    ] Leaving safepoint region
[2019-12-11T09:00:51.373+0000][1][safepoint    ] Total time for which application threads were stopped: 0.0001191 seconds, Stopping threads took: 0.0000256 seconds
[2019-12-11T09:00:52.374+0000][1][safepoint    ] Application time: 1.0007058 seconds
[2019-12-11T09:00:52.374+0000][1][safepoint    ] Entering safepoint region: Cleanup
[2019-12-11T09:00:52.374+0000][1][safepoint    ] Leaving safepoint region
[2019-12-11T09:00:52.374+0000][1][safepoint    ] Total time for which application threads were stopped: 0.0001199 seconds, Stopping threads took: 0.0000283 seconds
[2019-12-11T09:00:53.376+0000][1][safepoint    ] Application time: 1.0018116 seconds
[2019-12-11T09:00:53.376+0000][1][safepoint    ] Entering safepoint region: Cleanup
[2019-12-11T09:00:53.376+0000][1][safepoint    ] Leaving safepoint region
[2019-12-11T09:00:53.376+0000][1][safepoint    ] Total time for which application threads were stopped: 0.0001231 seconds, Stopping threads took: 0.0000254 seconds
[2019-12-11T09:00:54.377+0000][1][safepoint    ] Application time: 1.0008183 seconds
[2019-12-11T09:00:54.377+0000][1][safepoint    ] Entering safepoint region: Cleanup
[2019-12-11T09:00:54.377+0000][1][safepoint    ] Leaving safepoint region
[2019-12-11T09:00:54.377+0000][1][safepoint    ] Total time for which application threads were stopped: 0.0001294 seconds, Stopping threads took: 0.0000374 seconds
[2019-12-11T09:00:55.377+0000][1][safepoint    ] Application time: 1.0000908 seconds
[2019-12-11T09:00:55.377+0000][1][safepoint    ] Entering safepoint region: Cleanup
[2019-12-11T09:00:55.377+0000][1][safepoint    ] Leaving safepoint region
[2019-12-11T09:00:55.377+0000][1][safepoint    ] Total time for which application threads were stopped: 0.0001220 seconds, Stopping threads took: 0.0000291 seconds
[2019-12-11T09:00:56.380+0000][1][safepoint    ] Application time: 1.0025569 seconds
[2019-12-11T09:00:56.380+0000][1][safepoint    ] Entering safepoint region: Cleanup
[2019-12-11T09:00:56.380+0000][1][safepoint    ] Leaving safepoint region
[2019-12-11T09:00:56.380+0000][1][safepoint    ] Total time for which application threads were stopped: 0.0001243 seconds, Stopping threads took: 0.0000291 seconds
[2019-12-11T09:00:57.385+0000][1][safepoint    ] Application time: 1.0048058 seconds
[2019-12-11T09:00:57.385+0000][1][safepoint    ] Entering safepoint region: Cleanup
[2019-12-11T09:00:57.385+0000][1][safepoint    ] Leaving safepoint region
[2019-12-11T09:00:57.385+0000][1][safepoint    ] Total time for which application threads were stopped: 0.0001322 seconds, Stopping threads took: 0.0000349 seconds
[2019-12-11T09:00:58.388+0000][1][safepoint    ] Application time: 1.0028008 seconds
[2019-12-11T09:00:58.388+0000][1][safepoint    ] Entering safepoint region: Cleanup
[2019-12-11T09:00:58.388+0000][1][safepoint    ] Leaving safepoint region
[2019-12-11T09:00:58.388+0000][1][safepoint    ] Total time for which application threads were stopped: 0.0001190 seconds, Stopping threads took: 0.0000277 seconds
[2019-12-11T09:00:59.390+0000][1][safepoint    ] Application time: 1.0018890 seconds
[2019-12-11T09:00:59.390+0000][1][safepoint    ] Entering safepoint region: Cleanup
[2019-12-11T09:00:59.390+0000][1][safepoint    ] Leaving safepoint region
[2019-12-11T09:00:59.390+0000][1][safepoint    ] Total time for which application threads were stopped: 0.0001131 seconds, Stopping threads took: 0.0000259 seconds
[2019-12-11T09:01:00.391+0000][1][safepoint    ] Application time: 1.0007755 seconds
[2019-12-11T09:01:00.391+0000][1][safepoint    ] Entering safepoint region: Cleanup
[2019-12-11T09:01:00.391+0000][1][safepoint    ] Leaving safepoint region
[2019-12-11T09:01:00.391+0000][1][safepoint    ] Total time for which application threads were stopped: 0.0001246 seconds, Stopping threads took: 0.0000291 seconds
[2019-12-11T09:01:01.392+0000][1][safepoint    ] Application time: 1.0008378 seconds
[2019-12-11T09:01:01.392+0000][1][safepoint    ] Entering safepoint region: Cleanup
[2019-12-11T09:01:01.392+0000][1][safepoint    ] Leaving safepoint region
[2019-12-11T09:01:01.392+0000][1][safepoint    ] Total time for which application threads were stopped: 0.0001264 seconds, Stopping threads took: 0.0000303 seconds
[2019-12-11T09:01:02.396+0000][1][safepoint    ] Application time: 1.0037854 seconds
[2019-12-11T09:01:02.396+0000][1][safepoint    ] Entering safepoint region: Cleanup
[2019-12-11T09:01:02.396+0000][1][safepoint    ] Leaving safepoint region
[2019-12-11T09:01:02.396+0000][1][safepoint    ] Total time for which application threads were stopped: 0.0001230 seconds, Stopping threads took: 0.0000293 seconds
[2019-12-11T09:01:03.397+0000][1][safepoint    ] Application time: 1.0008324 seconds
[2019-12-11T09:01:03.397+0000][1][safepoint    ] Entering safepoint region: Cleanup
[2019-12-11T09:01:03.397+0000][1][safepoint    ] Leaving safepoint region
[2019-12-11T09:01:03.397+0000][1][safepoint    ] Total time for which application threads were stopped: 0.0001215 seconds, Stopping threads took: 0.0000286 seconds
[2019-12-11T09:01:04.399+0000][1][safepoint    ] Application time: 1.0018189 seconds
[2019-12-11T09:01:04.399+0000][1][safepoint    ] Entering safepoint region: Cleanup
[2019-12-11T09:01:04.399+0000][1][safepoint    ] Leaving safepoint region
[2019-12-11T09:01:04.399+0000][1][safepoint    ] Total time for which application threads were stopped: 0.0001257 seconds, Stopping threads took: 0.0000287 seconds
[2019-12-11T09:01:05.399+0000][1][safepoint    ] Application time: 1.0000888 seconds
[2019-12-11T09:01:05.399+0000][1][safepoint    ] Entering safepoint region: Cleanup
[2019-12-11T09:01:05.399+0000][1][safepoint    ] Leaving safepoint region
[2019-12-11T09:01:05.399+0000][1][safepoint    ] Total time for which application threads were stopped: 0.0001169 seconds, Stopping threads took: 0.0000264 seconds
[2019-12-11T09:01:06.400+0000][1][safepoint    ] Application time: 1.0005739 seconds
[2019-12-11T09:01:06.400+0000][1][safepoint    ] Entering safepoint region: Cleanup
[2019-12-11T09:01:06.400+0000][1][safepoint    ] Leaving safepoint region
[2019-12-11T09:01:06.400+0000][1][safepoint    ] Total time for which application threads were stopped: 0.0001168 seconds, Stopping threads took: 0.0000267 seconds
[2019-12-11T09:01:07.401+0000][1][safepoint    ] Application time: 1.0007997 seconds
[2019-12-11T09:01:07.401+0000][1][safepoint    ] Entering safepoint region: Cleanup
[2019-12-11T09:01:07.401+0000][1][safepoint    ] Leaving safepoint region
[2019-12-11T09:01:07.401+0000][1][safepoint    ] Total time for which application threads were stopped: 0.0001329 seconds, Stopping threads took: 0.0000367 seconds
[2019-12-11T09:01:08.401+0000][1][safepoint    ] Application time: 1.0000904 seconds
[2019-12-11T09:01:08.401+0000][1][safepoint    ] Entering safepoint region: Cleanup
[2019-12-11T09:01:08.401+0000][1][safepoint    ] Leaving safepoint region
[2019-12-11T09:01:08.401+0000][1][safepoint    ] Total time for which application threads were stopped: 0.0001248 seconds, Stopping threads took: 0.0000281 seconds
[2019-12-11T09:01:09.401+0000][1][safepoint    ] Application time: 1.0000878 seconds
[2019-12-11T09:01:09.401+0000][1][safepoint    ] Entering safepoint region: Cleanup
[2019-12-11T09:01:09.401+0000][1][safepoint    ] Leaving safepoint region
[2019-12-11T09:01:09.401+0000][1][safepoint    ] Total time for which application threads were stopped: 0.0001282 seconds, Stopping threads took: 0.0000343 seconds
[2019-12-11T09:01:10.403+0000][1][safepoint    ] Application time: 1.0012333 seconds
[2019-12-11T09:01:10.403+0000][1][safepoint    ] Entering safepoint region: Cleanup
[2019-12-11T09:01:10.403+0000][1][safepoint    ] Leaving safepoint region
[2019-12-11T09:01:10.403+0000][1][safepoint    ] Total time for which application threads were stopped: 0.0001268 seconds, Stopping threads took: 0.0000285 seconds
[2019-12-11T09:01:11.404+0000][1][safepoint    ] Application time: 1.0008087 seconds
[2019-12-11T09:01:11.404+0000][1][safepoint    ] Entering safepoint region: Cleanup
[2019-12-11T09:01:11.404+0000][1][safepoint    ] Leaving safepoint region
[2019-12-11T09:01:11.404+0000][1][safepoint    ] Total time for which application threads were stopped: 0.0001105 seconds, Stopping threads took: 0.0000247 seconds
[2019-12-11T09:01:12.405+0000][1][safepoint    ] Application time: 1.0008384 seconds
[2019-12-11T09:01:12.405+0000][1][safepoint    ] Entering safepoint region: Cleanup
[2019-12-11T09:01:12.405+0000][1][safepoint    ] Leaving safepoint region
[2019-12-11T09:01:12.405+0000][1][safepoint    ] Total time for which application threads were stopped: 0.0001224 seconds, Stopping threads took: 0.0000271 seconds
[2019-12-11T09:01:13.409+0000][1][safepoint    ] Application time: 1.0038191 seconds
[2019-12-11T09:01:13.409+0000][1][safepoint    ] Entering safepoint region: Cleanup
[2019-12-11T09:01:13.409+0000][1][safepoint    ] Leaving safepoint region
[2019-12-11T09:01:13.409+0000][1][safepoint    ] Total time for which application threads were stopped: 0.0001165 seconds, Stopping threads took: 0.0000268 seconds
[2019-12-11T09:01:14.410+0000][1][safepoint    ] Application time: 1.0008402 seconds
[2019-12-11T09:01:14.410+0000][1][safepoint    ] Entering safepoint region: Cleanup
[2019-12-11T09:01:14.410+0000][1][safepoint    ] Leaving safepoint region
[2019-12-11T09:01:14.410+0000][1][safepoint    ] Total time for which application threads were stopped: 0.0001274 seconds, Stopping threads took: 0.0000267 seconds
[2019-12-11T09:01:15.411+0000][1][safepoint    ] Application time: 1.0008184 seconds
[2019-12-11T09:01:15.411+0000][1][safepoint    ] Entering safepoint region: Cleanup
[2019-12-11T09:01:15.411+0000][1][safepoint    ] Leaving safepoint region
[2019-12-11T09:01:15.411+0000][1][safepoint    ] Total time for which application threads were stopped: 0.0001245 seconds, Stopping threads took: 0.0000271 seconds
[2019-12-11T09:01:16.415+0000][1][safepoint    ] Application time: 1.0037875 seconds
[2019-12-11T09:01:16.415+0000][1][safepoint    ] Entering safepoint region: Cleanup
[2019-12-11T09:01:16.415+0000][1][safepoint    ] Leaving safepoint region
[2019-12-11T09:01:16.415+0000][1][safepoint    ] Total time for which application threads were stopped: 0.0001210 seconds, Stopping threads took: 0.0000272 seconds
[2019-12-11T09:01:17.416+0000][1][safepoint    ] Application time: 1.0009090 seconds
[2019-12-11T09:01:17.416+0000][1][safepoint    ] Entering safepoint region: Cleanup
[2019-12-11T09:01:17.416+0000][1][safepoint    ] Leaving safepoint region
[2019-12-11T09:01:17.416+0000][1][safepoint    ] Total time for which application threads were stopped: 0.0001336 seconds, Stopping threads took: 0.0000365 seconds
[2019-12-11T09:01:18.419+0000][1][safepoint    ] Application time: 1.0027213 seconds
[2019-12-11T09:01:18.419+0000][1][safepoint    ] Entering safepoint region: Cleanup
[2019-12-11T09:01:18.419+0000][1][safepoint    ] Leaving safepoint region
[2019-12-11T09:01:18.419+0000][1][safepoint    ] Total time for which application threads were stopped: 0.0001226 seconds, Stopping threads took: 0.0000287 seconds
[2019-12-11T09:01:19.420+0000][1][safepoint    ] Application time: 1.0008627 seconds
[2019-12-11T09:01:19.420+0000][1][safepoint    ] Entering safepoint region: Cleanup
[2019-12-11T09:01:19.420+0000][1][safepoint    ] Leaving safepoint region
[2019-12-11T09:01:19.420+0000][1][safepoint    ] Total time for which application threads were stopped: 0.0001207 seconds, Stopping threads took: 0.0000276 seconds
[2019-12-11T09:01:20.421+0000][1][safepoint    ] Application time: 1.0008183 seconds
[2019-12-11T09:01:20.421+0000][1][safepoint    ] Entering safepoint region: Cleanup
[2019-12-11T09:01:20.421+0000][1][safepoint    ] Leaving safepoint region
[2019-12-11T09:01:20.421+0000][1][safepoint    ] Total time for which application threads were stopped: 0.0001238 seconds, Stopping threads took: 0.0000262 seconds
[2019-12-11T09:01:21.422+0000][1][safepoint    ] Application time: 1.0007661 seconds
[2019-12-11T09:01:21.422+0000][1][safepoint    ] Entering safepoint region: Cleanup
[2019-12-11T09:01:21.422+0000][1][safepoint    ] Leaving safepoint region
[2019-12-11T09:01:21.422+0000][1][safepoint    ] Total time for which application threads were stopped: 0.0001133 seconds, Stopping threads took: 0.0000245 seconds
[2019-12-11T09:01:22.426+0000][1][safepoint    ] Application time: 1.0038318 seconds
[2019-12-11T09:01:22.426+0000][1][safepoint    ] Entering safepoint region: Cleanup
[2019-12-11T09:01:22.426+0000][1][safepoint    ] Leaving safepoint region
[2019-12-11T09:01:22.426+0000][1][safepoint    ] Total time for which application threads were stopped: 0.0001160 seconds, Stopping threads took: 0.0000267 seconds
[2019-12-11T09:01:24.270+0000][1][safepoint    ] Application time: 1.8439529 seconds
[2019-12-11T09:01:24.270+0000][1][safepoint    ] Entering safepoint region: Cleanup
[2019-12-11T09:01:24.270+0000][1][safepoint    ] Leaving safepoint region
[2019-12-11T09:01:24.270+0000][1][safepoint    ] Total time for which application threads were stopped: 0.0001142 seconds, Stopping threads took: 0.0000261 seconds
[2019-12-11T09:01:25.271+0000][1][safepoint    ] Application time: 1.0006984 seconds
[2019-12-11T09:01:25.271+0000][1][safepoint    ] Entering safepoint region: Cleanup
[2019-12-11T09:01:25.271+0000][1][safepoint    ] Leaving safepoint region
[2019-12-11T09:01:25.271+0000][1][safepoint    ] Total time for which application threads were stopped: 0.0001132 seconds, Stopping threads took: 0.0000250 seconds
[2019-12-11T09:01:26.274+0000][1][safepoint    ] Application time: 1.0028515 seconds
[2019-12-11T09:01:26.274+0000][1][safepoint    ] Entering safepoint region: Cleanup
[2019-12-11T09:01:26.274+0000][1][safepoint    ] Leaving safepoint region
[2019-12-11T09:01:26.274+0000][1][safepoint    ] Total time for which application threads were stopped: 0.0001273 seconds, Stopping threads took: 0.0000273 seconds
[2019-12-11T09:01:27.277+0000][1][safepoint    ] Application time: 1.0028120 seconds
[2019-12-11T09:01:27.277+0000][1][safepoint    ] Entering safepoint region: Cleanup
[2019-12-11T09:01:27.277+0000][1][safepoint    ] Leaving safepoint region
[2019-12-11T09:01:27.277+0000][1][safepoint    ] Total time for which application threads were stopped: 0.0001370 seconds, Stopping threads took: 0.0000277 seconds
[2019-12-11T09:01:28.278+0000][1][safepoint    ] Application time: 1.0008338 seconds
[2019-12-11T09:01:28.278+0000][1][safepoint    ] Entering safepoint region: Cleanup
[2019-12-11T09:01:28.278+0000][1][safepoint    ] Leaving safepoint region
[2019-12-11T09:01:28.278+0000][1][safepoint    ] Total time for which application threads were stopped: 0.0001287 seconds, Stopping threads took: 0.0000263 seconds
[2019-12-11T09:01:29.279+0000][1][safepoint    ] Application time: 1.0007804 seconds
[2019-12-11T09:01:29.279+0000][1][safepoint    ] Entering safepoint region: Cleanup
[2019-12-11T09:01:29.279+0000][1][safepoint    ] Leaving safepoint region
[2019-12-11T09:01:29.279+0000][1][safepoint    ] Total time for which application threads were stopped: 0.0001263 seconds, Stopping threads took: 0.0000357 seconds
[2019-12-11T09:01:30.282+0000][1][safepoint    ] Application time: 1.0028187 seconds
[2019-12-11T09:01:30.282+0000][1][safepoint    ] Entering safepoint region: Cleanup
[2019-12-11T09:01:30.282+0000][1][safepoint    ] Leaving safepoint region
[2019-12-11T09:01:30.282+0000][1][safepoint    ] Total time for which application threads were stopped: 0.0001218 seconds, Stopping threads took: 0.0000270 seconds
[2019-12-11T09:01:31.285+0000][1][safepoint    ] Application time: 1.0028543 seconds
[2019-12-11T09:01:31.285+0000][1][safepoint    ] Entering safepoint region: Cleanup
[2019-12-11T09:01:31.285+0000][1][safepoint    ] Leaving safepoint region
[2019-12-11T09:01:31.285+0000][1][safepoint    ] Total time for which application threads were stopped: 0.0001234 seconds, Stopping threads took: 0.0000283 seconds
[2019-12-11T09:01:32.286+0000][1][safepoint    ] Application time: 1.0007880 seconds
[2019-12-11T09:01:32.286+0000][1][safepoint    ] Entering safepoint region: Cleanup
[2019-12-11T09:01:32.286+0000][1][safepoint    ] Leaving safepoint region
[2019-12-11T09:01:32.286+0000][1][safepoint    ] Total time for which application threads were stopped: 0.0001629 seconds, Stopping threads took: 0.0000273 seconds
[2019-12-11T09:01:33.289+0000][1][safepoint    ] Application time: 1.0027699 seconds
[2019-12-11T09:01:33.289+0000][1][safepoint    ] Entering safepoint region: Cleanup
[2019-12-11T09:01:33.289+0000][1][safepoint    ] Leaving safepoint region
[2019-12-11T09:01:33.289+0000][1][safepoint    ] Total time for which application threads were stopped: 0.0001121 seconds, Stopping threads took: 0.0000251 seconds
[2019-12-11T09:01:34.292+0000][1][safepoint    ] Application time: 1.0028339 seconds
[2019-12-11T09:01:34.292+0000][1][safepoint    ] Entering safepoint region: Cleanup
[2019-12-11T09:01:34.292+0000][1][safepoint    ] Leaving safepoint region
[2019-12-11T09:01:34.292+0000][1][safepoint    ] Total time for which application threads were stopped: 0.0001307 seconds, Stopping threads took: 0.0000408 seconds
[2019-12-11T09:01:35.295+0000][1][safepoint    ] Application time: 1.0028290 seconds
[2019-12-11T09:01:35.295+0000][1][safepoint    ] Entering safepoint region: Cleanup
[2019-12-11T09:01:35.295+0000][1][safepoint    ] Leaving safepoint region
[2019-12-11T09:01:35.295+0000][1][safepoint    ] Total time for which application threads were stopped: 0.0001232 seconds, Stopping threads took: 0.0000280 seconds
[2019-12-11T09:01:36.297+0000][1][safepoint    ] Application time: 1.0018078 seconds
[2019-12-11T09:01:36.297+0000][1][safepoint    ] Entering safepoint region: Cleanup
[2019-12-11T09:01:36.297+0000][1][safepoint    ] Leaving safepoint region
[2019-12-11T09:01:36.297+0000][1][safepoint    ] Total time for which application threads were stopped: 0.0001309 seconds, Stopping threads took: 0.0000285 seconds
[2019-12-11T09:01:37.299+0000][1][safepoint    ] Application time: 1.0018277 seconds
[2019-12-11T09:01:37.299+0000][1][safepoint    ] Entering safepoint region: Cleanup
[2019-12-11T09:01:37.299+0000][1][safepoint    ] Leaving safepoint region
[2019-12-11T09:01:37.299+0000][1][safepoint    ] Total time for which application threads were stopped: 0.0001329 seconds, Stopping threads took: 0.0000281 seconds
[2019-12-11T09:01:38.302+0000][1][safepoint    ] Application time: 1.0027776 seconds
[2019-12-11T09:01:38.302+0000][1][safepoint    ] Entering safepoint region: Cleanup
[2019-12-11T09:01:38.302+0000][1][safepoint    ] Leaving safepoint region
[2019-12-11T09:01:38.302+0000][1][safepoint    ] Total time for which application threads were stopped: 0.0001237 seconds, Stopping threads took: 0.0000270 seconds
[2019-12-11T09:01:39.303+0000][1][safepoint    ] Application time: 1.0008203 seconds
[2019-12-11T09:01:39.303+0000][1][safepoint    ] Entering safepoint region: Cleanup
[2019-12-11T09:01:39.303+0000][1][safepoint    ] Leaving safepoint region
[2019-12-11T09:01:39.303+0000][1][safepoint    ] Total time for which application threads were stopped: 0.0001164 seconds, Stopping threads took: 0.0000274 seconds
[2019-12-11T09:01:40.307+0000][1][safepoint    ] Application time: 1.0038363 seconds
[2019-12-11T09:01:40.307+0000][1][safepoint    ] Entering safepoint region: Cleanup
[2019-12-11T09:01:40.307+0000][1][safepoint    ] Leaving safepoint region
[2019-12-11T09:01:40.307+0000][1][safepoint    ] Total time for which application threads were stopped: 0.0001133 seconds, Stopping threads took: 0.0000252 seconds
[2019-12-11T09:01:41.308+0000][1][safepoint    ] Application time: 1.0008486 seconds
[2019-12-11T09:01:41.308+0000][1][safepoint    ] Entering safepoint region: Cleanup
[2019-12-11T09:01:41.308+0000][1][safepoint    ] Leaving safepoint region
[2019-12-11T09:01:41.308+0000][1][safepoint    ] Total time for which application threads were stopped: 0.0001321 seconds, Stopping threads took: 0.0000377 seconds
[2019-12-11T09:01:42.308+0000][1][safepoint    ] Application time: 1.0000867 seconds
[2019-12-11T09:01:42.308+0000][1][safepoint    ] Entering safepoint region: Cleanup
[2019-12-11T09:01:42.308+0000][1][safepoint    ] Leaving safepoint region
[2019-12-11T09:01:42.308+0000][1][safepoint    ] Total time for which application threads were stopped: 0.0001262 seconds, Stopping threads took: 0.0000290 seconds
[2019-12-11T09:01:43.309+0000][1][safepoint    ] Application time: 1.0006669 seconds
[2019-12-11T09:01:43.309+0000][1][safepoint    ] Entering safepoint region: Cleanup
[2019-12-11T09:01:43.309+0000][1][safepoint    ] Leaving safepoint region
[2019-12-11T09:01:43.309+0000][1][safepoint    ] Total time for which application threads were stopped: 0.0001172 seconds, Stopping threads took: 0.0000260 seconds
[2019-12-11T09:01:44.310+0000][1][safepoint    ] Application time: 1.0007166 seconds
[2019-12-11T09:01:44.310+0000][1][safepoint    ] Entering safepoint region: Cleanup
[2019-12-11T09:01:44.310+0000][1][safepoint    ] Leaving safepoint region
[2019-12-11T09:01:44.310+0000][1][safepoint    ] Total time for which application threads were stopped: 0.0001249 seconds, Stopping threads took: 0.0000355 seconds
[2019-12-11T09:01:45.311+0000][1][safepoint    ] Application time: 1.0008078 seconds
[2019-12-11T09:01:45.311+0000][1][safepoint    ] Entering safepoint region: Cleanup
[2019-12-11T09:01:45.311+0000][1][safepoint    ] Leaving safepoint region
[2019-12-11T09:01:45.311+0000][1][safepoint    ] Total time for which application threads were stopped: 0.0001180 seconds, Stopping threads took: 0.0000256 seconds
[2019-12-11T09:01:46.312+0000][1][safepoint    ] Application time: 1.0008524 seconds
[2019-12-11T09:01:46.312+0000][1][safepoint    ] Entering safepoint region: Cleanup
[2019-12-11T09:01:46.312+0000][1][safepoint    ] Leaving safepoint region
[2019-12-11T09:01:46.312+0000][1][safepoint    ] Total time for which application threads were stopped: 0.0001166 seconds, Stopping threads took: 0.0000264 seconds
[2019-12-11T09:01:47.314+0000][1][safepoint    ] Application time: 1.0017866 seconds
[2019-12-11T09:01:47.314+0000][1][safepoint    ] Entering safepoint region: Cleanup
[2019-12-11T09:01:47.314+0000][1][safepoint    ] Leaving safepoint region
[2019-12-11T09:01:47.314+0000][1][safepoint    ] Total time for which application threads were stopped: 0.0001076 seconds, Stopping threads took: 0.0000235 seconds
[2019-12-11T09:01:48.314+0000][1][safepoint    ] Application time: 1.0004035 seconds
[2019-12-11T09:01:48.314+0000][1][safepoint    ] Entering safepoint region: Cleanup
[2019-12-11T09:01:48.314+0000][1][safepoint    ] Leaving safepoint region
[2019-12-11T09:01:48.314+0000][1][safepoint    ] Total time for which application threads were stopped: 0.0001323 seconds, Stopping threads took: 0.0000278 seconds
[2019-12-11T09:01:49.315+0000][1][safepoint    ] Application time: 1.0002371 seconds
[2019-12-11T09:01:49.315+0000][1][safepoint    ] Entering safepoint region: Cleanup
[2019-12-11T09:01:49.315+0000][1][safepoint    ] Leaving safepoint region
[2019-12-11T09:01:49.315+0000][1][safepoint    ] Total time for which application threads were stopped: 0.0001311 seconds, Stopping threads took: 0.0000255 seconds
[2019-12-11T09:01:50.317+0000][1][safepoint    ] Application time: 1.0018325 seconds
[2019-12-11T09:01:50.317+0000][1][safepoint    ] Entering safepoint region: Cleanup
[2019-12-11T09:01:50.317+0000][1][safepoint    ] Leaving safepoint region
[2019-12-11T09:01:50.317+0000][1][safepoint    ] Total time for which application threads were stopped: 0.0001194 seconds, Stopping threads took: 0.0000257 seconds
[2019-12-11T09:01:51.318+0000][1][safepoint    ] Application time: 1.0008539 seconds
[2019-12-11T09:01:51.318+0000][1][safepoint    ] Entering safepoint region: Cleanup
[2019-12-11T09:01:51.318+0000][1][safepoint    ] Leaving safepoint region
[2019-12-11T09:01:51.318+0000][1][safepoint    ] Total time for which application threads were stopped: 0.0001153 seconds, Stopping threads took: 0.0000267 seconds
[2019-12-11T09:01:52.323+0000][1][safepoint    ] Application time: 1.0049950 seconds
[2019-12-11T09:01:52.323+0000][1][safepoint    ] Entering safepoint region: Cleanup
[2019-12-11T09:01:52.323+0000][1][safepoint    ] Leaving safepoint region
[2019-12-11T09:01:52.323+0000][1][safepoint    ] Total time for which application threads were stopped: 0.0001283 seconds, Stopping threads took: 0.0000292 seconds
[2019-12-11T09:01:53.325+0000][1][safepoint    ] Application time: 1.0015931 seconds
[2019-12-11T09:01:53.325+0000][1][safepoint    ] Entering safepoint region: Cleanup
[2019-12-11T09:01:53.325+0000][1][safepoint    ] Leaving safepoint region
[2019-12-11T09:01:53.325+0000][1][safepoint    ] Total time for which application threads were stopped: 0.0001340 seconds, Stopping threads took: 0.0000394 seconds
[2019-12-11T09:01:54.327+0000][1][safepoint    ] Application time: 1.0018107 seconds
[2019-12-11T09:01:54.327+0000][1][safepoint    ] Entering safepoint region: Cleanup
[2019-12-11T09:01:54.327+0000][1][safepoint    ] Leaving safepoint region
[2019-12-11T09:01:54.327+0000][1][safepoint    ] Total time for which application threads were stopped: 0.0001174 seconds, Stopping threads took: 0.0000276 seconds
[2019-12-11T09:01:55.328+0000][1][safepoint    ] Application time: 1.0008776 seconds
[2019-12-11T09:01:55.328+0000][1][safepoint    ] Entering safepoint region: Cleanup
[2019-12-11T09:01:55.328+0000][1][safepoint    ] Leaving safepoint region
[2019-12-11T09:01:55.328+0000][1][safepoint    ] Total time for which application threads were stopped: 0.0001387 seconds, Stopping threads took: 0.0000269 seconds
[2019-12-11T09:01:55.675+0000][1][safepoint    ] Application time: 0.3467570 seconds
[2019-12-11T09:01:55.675+0000][1][safepoint    ] Entering safepoint region: GenCollectForAllocation
[2019-12-11T09:01:55.675+0000][1][gc,start     ] GC(43) Pause Young (Allocation Failure)
[2019-12-11T09:01:55.675+0000][1][gc,task      ] GC(43) Using 2 workers of 2 for evacuation
[2019-12-11T09:01:55.678+0000][1][gc,age       ] GC(43) Desired survivor size 4456448 bytes, new threshold 6 (max threshold 6)
[2019-12-11T09:01:55.678+0000][1][gc,age       ] GC(43) Age table with threshold 6 (max threshold 6)
[2019-12-11T09:01:55.678+0000][1][gc,age       ] GC(43) - age   1:       7952 bytes,       7952 total
[2019-12-11T09:01:55.678+0000][1][gc,age       ] GC(43) - age   2:        256 bytes,       8208 total
[2019-12-11T09:01:55.678+0000][1][gc,age       ] GC(43) - age   3:       3416 bytes,      11624 total
[2019-12-11T09:01:55.678+0000][1][gc,age       ] GC(43) - age   4:      19520 bytes,      31144 total
[2019-12-11T09:01:55.678+0000][1][gc,age       ] GC(43) - age   5:       2576 bytes,      33720 total
[2019-12-11T09:01:55.678+0000][1][gc,age       ] GC(43) - age   6:       1632 bytes,      35352 total
[2019-12-11T09:01:55.678+0000][1][gc,heap      ] GC(43) ParNew: 70008K->36K(78656K)
[2019-12-11T09:01:55.678+0000][1][gc,heap      ] GC(43) CMS: 73697K->73699K(174784K)
[2019-12-11T09:01:55.678+0000][1][gc,metaspace ] GC(43) Metaspace: 77771K->77771K(1120256K)
[2019-12-11T09:01:55.678+0000][1][gc           ] GC(43) Pause Young (Allocation Failure) 140M->72M(247M) 3.284ms
[2019-12-11T09:01:55.678+0000][1][gc,cpu       ] GC(43) User=0.00s Sys=0.00s Real=0.00s
[2019-12-11T09:01:55.678+0000][1][safepoint    ] Leaving safepoint region
[2019-12-11T09:01:55.678+0000][1][safepoint    ] Total time for which application threads were stopped: 0.0034974 seconds, Stopping threads took: 0.0000265 seconds
[2019-12-11T09:01:56.680+0000][1][safepoint    ] Application time: 1.0016518 seconds
[2019-12-11T09:01:56.680+0000][1][safepoint    ] Entering safepoint region: Cleanup
[2019-12-11T09:01:56.680+0000][1][safepoint    ] Leaving safepoint region
[2019-12-11T09:01:56.680+0000][1][safepoint    ] Total time for which application threads were stopped: 0.0001263 seconds, Stopping threads took: 0.0000282 seconds
[2019-12-11T09:01:57.682+0000][1][safepoint    ] Application time: 1.0021335 seconds
[2019-12-11T09:01:57.682+0000][1][safepoint    ] Entering safepoint region: Cleanup
[2019-12-11T09:01:57.682+0000][1][safepoint    ] Leaving safepoint region
[2019-12-11T09:01:57.682+0000][1][safepoint    ] Total time for which application threads were stopped: 0.0001248 seconds, Stopping threads took: 0.0000266 seconds
[2019-12-11T09:01:58.683+0000][1][safepoint    ] Application time: 1.0003019 seconds
[2019-12-11T09:01:58.683+0000][1][safepoint    ] Entering safepoint region: Cleanup
[2019-12-11T09:01:58.683+0000][1][safepoint    ] Leaving safepoint region
[2019-12-11T09:01:58.683+0000][1][safepoint    ] Total time for which application threads were stopped: 0.0001258 seconds, Stopping threads took: 0.0000263 seconds
[2019-12-11T09:01:59.685+0000][1][safepoint    ] Application time: 1.0018511 seconds
[2019-12-11T09:01:59.685+0000][1][safepoint    ] Entering safepoint region: Cleanup
[2019-12-11T09:01:59.685+0000][1][safepoint    ] Leaving safepoint region
[2019-12-11T09:01:59.685+0000][1][safepoint    ] Total time for which application threads were stopped: 0.0001259 seconds, Stopping threads took: 0.0000283 seconds
[2019-12-11T09:02:00.688+0000][1][safepoint    ] Application time: 1.0028042 seconds
[2019-12-11T09:02:00.688+0000][1][safepoint    ] Entering safepoint region: Cleanup
[2019-12-11T09:02:00.688+0000][1][safepoint    ] Leaving safepoint region
[2019-12-11T09:02:00.688+0000][1][safepoint    ] Total time for which application threads were stopped: 0.0001282 seconds, Stopping threads took: 0.0000303 seconds
[2019-12-11T09:02:01.694+0000][1][safepoint    ] Application time: 1.0059557 seconds
[2019-12-11T09:02:01.694+0000][1][safepoint    ] Entering safepoint region: Cleanup
[2019-12-11T09:02:01.694+0000][1][safepoint    ] Leaving safepoint region
[2019-12-11T09:02:01.694+0000][1][safepoint    ] Total time for which application threads were stopped: 0.0001193 seconds, Stopping threads took: 0.0000278 seconds
[2019-12-11T09:02:02.697+0000][1][safepoint    ] Application time: 1.0026524 seconds
[2019-12-11T09:02:02.697+0000][1][safepoint    ] Entering safepoint region: Cleanup
[2019-12-11T09:02:02.697+0000][1][safepoint    ] Leaving safepoint region
[2019-12-11T09:02:02.697+0000][1][safepoint    ] Total time for which application threads were stopped: 0.0001183 seconds, Stopping threads took: 0.0000332 seconds
[2019-12-11T09:02:03.702+0000][1][safepoint    ] Application time: 1.0048331 seconds
[2019-12-11T09:02:03.702+0000][1][safepoint    ] Entering safepoint region: Cleanup
[2019-12-11T09:02:03.702+0000][1][safepoint    ] Leaving safepoint region
[2019-12-11T09:02:03.702+0000][1][safepoint    ] Total time for which application threads were stopped: 0.0001162 seconds, Stopping threads took: 0.0000269 seconds
[2019-12-11T09:02:04.703+0000][1][safepoint    ] Application time: 1.0008185 seconds
[2019-12-11T09:02:04.703+0000][1][safepoint    ] Entering safepoint region: Cleanup
[2019-12-11T09:02:04.703+0000][1][safepoint    ] Leaving safepoint region
[2019-12-11T09:02:04.703+0000][1][safepoint    ] Total time for which application threads were stopped: 0.0001231 seconds, Stopping threads took: 0.0000280 seconds
[2019-12-11T09:02:05.705+0000][1][safepoint    ] Application time: 1.0018152 seconds
[2019-12-11T09:02:05.705+0000][1][safepoint    ] Entering safepoint region: Cleanup
[2019-12-11T09:02:05.705+0000][1][safepoint    ] Leaving safepoint region
[2019-12-11T09:02:05.705+0000][1][safepoint    ] Total time for which application threads were stopped: 0.0001370 seconds, Stopping threads took: 0.0000290 seconds
[2019-12-11T09:02:06.707+0000][1][safepoint    ] Application time: 1.0020114 seconds
[2019-12-11T09:02:06.707+0000][1][safepoint    ] Entering safepoint region: Cleanup
[2019-12-11T09:02:06.707+0000][1][safepoint    ] Leaving safepoint region
[2019-12-11T09:02:06.707+0000][1][safepoint    ] Total time for which application threads were stopped: 0.0001289 seconds, Stopping threads took: 0.0000293 seconds
[2019-12-11T09:02:07.708+0000][1][safepoint    ] Application time: 1.0008249 seconds
[2019-12-11T09:02:07.708+0000][1][safepoint    ] Entering safepoint region: Cleanup
[2019-12-11T09:02:07.708+0000][1][safepoint    ] Leaving safepoint region
[2019-12-11T09:02:07.708+0000][1][safepoint    ] Total time for which application threads were stopped: 0.0001252 seconds, Stopping threads took: 0.0000277 seconds
[2019-12-11T09:02:08.711+0000][1][safepoint    ] Application time: 1.0027993 seconds
[2019-12-11T09:02:08.711+0000][1][safepoint    ] Entering safepoint region: Cleanup
[2019-12-11T09:02:08.711+0000][1][safepoint    ] Leaving safepoint region
[2019-12-11T09:02:08.711+0000][1][safepoint    ] Total time for which application threads were stopped: 0.0001375 seconds, Stopping threads took: 0.0000284 seconds
[2019-12-11T09:02:09.715+0000][1][safepoint    ] Application time: 1.0038134 seconds
[2019-12-11T09:02:09.715+0000][1][safepoint    ] Entering safepoint region: Cleanup
[2019-12-11T09:02:09.715+0000][1][safepoint    ] Leaving safepoint region
[2019-12-11T09:02:09.715+0000][1][safepoint    ] Total time for which application threads were stopped: 0.0001254 seconds, Stopping threads took: 0.0000275 seconds
[2019-12-11T09:02:10.717+0000][1][safepoint    ] Application time: 1.0018138 seconds
[2019-12-11T09:02:10.717+0000][1][safepoint    ] Entering safepoint region: Cleanup
[2019-12-11T09:02:10.717+0000][1][safepoint    ] Leaving safepoint region
[2019-12-11T09:02:10.717+0000][1][safepoint    ] Total time for which application threads were stopped: 0.0001254 seconds, Stopping threads took: 0.0000278 seconds
[2019-12-11T09:02:11.718+0000][1][safepoint    ] Application time: 1.0008594 seconds
[2019-12-11T09:02:11.718+0000][1][safepoint    ] Entering safepoint region: Cleanup
[2019-12-11T09:02:11.718+0000][1][safepoint    ] Leaving safepoint region
[2019-12-11T09:02:11.718+0000][1][safepoint    ] Total time for which application threads were stopped: 0.0001215 seconds, Stopping threads took: 0.0000281 seconds
[2019-12-11T09:02:12.719+0000][1][safepoint    ] Application time: 1.0007876 seconds
[2019-12-11T09:02:12.719+0000][1][safepoint    ] Entering safepoint region: Cleanup
[2019-12-11T09:02:12.719+0000][1][safepoint    ] Leaving safepoint region
[2019-12-11T09:02:12.719+0000][1][safepoint    ] Total time for which application threads were stopped: 0.0001287 seconds, Stopping threads took: 0.0000291 seconds
[2019-12-11T09:02:13.719+0000][1][safepoint    ] Application time: 1.0000948 seconds
[2019-12-11T09:02:13.719+0000][1][safepoint    ] Entering safepoint region: Cleanup
[2019-12-11T09:02:13.719+0000][1][safepoint    ] Leaving safepoint region
[2019-12-11T09:02:13.719+0000][1][safepoint    ] Total time for which application threads were stopped: 0.0001407 seconds, Stopping threads took: 0.0000405 seconds
[2019-12-11T09:02:14.720+0000][1][safepoint    ] Application time: 1.0005348 seconds
[2019-12-11T09:02:14.720+0000][1][safepoint    ] Entering safepoint region: Cleanup
[2019-12-11T09:02:14.720+0000][1][safepoint    ] Leaving safepoint region
[2019-12-11T09:02:14.720+0000][1][safepoint    ] Total time for which application threads were stopped: 0.0001247 seconds, Stopping threads took: 0.0000281 seconds
[2019-12-11T09:02:15.724+0000][1][safepoint    ] Application time: 1.0036677 seconds
[2019-12-11T09:02:15.724+0000][1][safepoint    ] Entering safepoint region: Cleanup
[2019-12-11T09:02:15.724+0000][1][safepoint    ] Leaving safepoint region
[2019-12-11T09:02:15.724+0000][1][safepoint    ] Total time for which application threads were stopped: 0.0001256 seconds, Stopping threads took: 0.0000280 seconds
[2019-12-11T09:02:16.725+0000][1][safepoint    ] Application time: 1.0009333 seconds
[2019-12-11T09:02:16.725+0000][1][safepoint    ] Entering safepoint region: Cleanup
[2019-12-11T09:02:16.725+0000][1][safepoint    ] Leaving safepoint region
[2019-12-11T09:02:16.725+0000][1][safepoint    ] Total time for which application threads were stopped: 0.0001249 seconds, Stopping threads took: 0.0000286 seconds
[2019-12-11T09:02:17.728+0000][1][safepoint    ] Application time: 1.0026230 seconds
[2019-12-11T09:02:17.728+0000][1][safepoint    ] Entering safepoint region: Cleanup
[2019-12-11T09:02:17.728+0000][1][safepoint    ] Leaving safepoint region
[2019-12-11T09:02:17.728+0000][1][safepoint    ] Total time for which application threads were stopped: 0.0001144 seconds, Stopping threads took: 0.0000249 seconds
[2019-12-11T09:02:18.728+0000][1][safepoint    ] Application time: 1.0004319 seconds
[2019-12-11T09:02:18.728+0000][1][safepoint    ] Entering safepoint region: Cleanup
[2019-12-11T09:02:18.728+0000][1][safepoint    ] Leaving safepoint region
[2019-12-11T09:02:18.728+0000][1][safepoint    ] Total time for which application threads were stopped: 0.0001224 seconds, Stopping threads took: 0.0000249 seconds
[2019-12-11T09:02:19.729+0000][1][safepoint    ] Application time: 1.0002693 seconds
[2019-12-11T09:02:19.729+0000][1][safepoint    ] Entering safepoint region: Cleanup
[2019-12-11T09:02:19.729+0000][1][safepoint    ] Leaving safepoint region
[2019-12-11T09:02:19.729+0000][1][safepoint    ] Total time for which application threads were stopped: 0.0001059 seconds, Stopping threads took: 0.0000239 seconds
[2019-12-11T09:02:20.731+0000][1][safepoint    ] Application time: 1.0022128 seconds
[2019-12-11T09:02:20.731+0000][1][safepoint    ] Entering safepoint region: Cleanup
[2019-12-11T09:02:20.731+0000][1][safepoint    ] Leaving safepoint region
[2019-12-11T09:02:20.731+0000][1][safepoint    ] Total time for which application threads were stopped: 0.0001228 seconds, Stopping threads took: 0.0000272 seconds
[2019-12-11T09:02:21.732+0000][1][safepoint    ] Application time: 1.0006003 seconds
[2019-12-11T09:02:21.732+0000][1][safepoint    ] Entering safepoint region: Cleanup
[2019-12-11T09:02:21.732+0000][1][safepoint    ] Leaving safepoint region
[2019-12-11T09:02:21.732+0000][1][safepoint    ] Total time for which application threads were stopped: 0.0001267 seconds, Stopping threads took: 0.0000287 seconds
[2019-12-11T09:02:22.733+0000][1][safepoint    ] Application time: 1.0008045 seconds
[2019-12-11T09:02:22.733+0000][1][safepoint    ] Entering safepoint region: Cleanup
[2019-12-11T09:02:22.733+0000][1][safepoint    ] Leaving safepoint region
[2019-12-11T09:02:22.733+0000][1][safepoint    ] Total time for which application threads were stopped: 0.0001175 seconds, Stopping threads took: 0.0000271 seconds
[2019-12-11T09:02:23.734+0000][1][safepoint    ] Application time: 1.0007835 seconds
[2019-12-11T09:02:23.734+0000][1][safepoint    ] Entering safepoint region: Cleanup
[2019-12-11T09:02:23.734+0000][1][safepoint    ] Leaving safepoint region
[2019-12-11T09:02:23.734+0000][1][safepoint    ] Total time for which application threads were stopped: 0.0001324 seconds, Stopping threads took: 0.0000264 seconds
[2019-12-11T09:02:24.735+0000][1][safepoint    ] Application time: 1.0006612 seconds
[2019-12-11T09:02:24.735+0000][1][safepoint    ] Entering safepoint region: Cleanup
[2019-12-11T09:02:24.735+0000][1][safepoint    ] Leaving safepoint region
[2019-12-11T09:02:24.735+0000][1][safepoint    ] Total time for which application threads were stopped: 0.0001239 seconds, Stopping threads took: 0.0000279 seconds
[2019-12-11T09:02:25.740+0000][1][safepoint    ] Application time: 1.0047991 seconds
[2019-12-11T09:02:25.740+0000][1][safepoint    ] Entering safepoint region: Cleanup
[2019-12-11T09:02:25.740+0000][1][safepoint    ] Leaving safepoint region
[2019-12-11T09:02:25.740+0000][1][safepoint    ] Total time for which application threads were stopped: 0.0001253 seconds, Stopping threads took: 0.0000292 seconds
[2019-12-11T09:02:26.741+0000][1][safepoint    ] Application time: 1.0009682 seconds
[2019-12-11T09:02:26.741+0000][1][safepoint    ] Entering safepoint region: Cleanup
[2019-12-11T09:02:26.741+0000][1][safepoint    ] Leaving safepoint region
[2019-12-11T09:02:26.741+0000][1][safepoint    ] Total time for which application threads were stopped: 0.0001171 seconds, Stopping threads took: 0.0000269 seconds
[2019-12-11T09:02:27.742+0000][1][safepoint    ] Application time: 1.0006573 seconds
[2019-12-11T09:02:27.742+0000][1][safepoint    ] Entering safepoint region: Cleanup
[2019-12-11T09:02:27.742+0000][1][safepoint    ] Leaving safepoint region
[2019-12-11T09:02:27.742+0000][1][safepoint    ] Total time for which application threads were stopped: 0.0001198 seconds, Stopping threads took: 0.0000274 seconds
[2019-12-11T09:02:28.744+0000][1][safepoint    ] Application time: 1.0018304 seconds
[2019-12-11T09:02:28.744+0000][1][safepoint    ] Entering safepoint region: Cleanup
[2019-12-11T09:02:28.744+0000][1][safepoint    ] Leaving safepoint region
[2019-12-11T09:02:28.744+0000][1][safepoint    ] Total time for which application threads were stopped: 0.0001254 seconds, Stopping threads took: 0.0000293 seconds
[2019-12-11T09:02:29.748+0000][1][safepoint    ] Application time: 1.0038178 seconds
[2019-12-11T09:02:29.748+0000][1][safepoint    ] Entering safepoint region: Cleanup
[2019-12-11T09:02:29.748+0000][1][safepoint    ] Leaving safepoint region
[2019-12-11T09:02:29.748+0000][1][safepoint    ] Total time for which application threads were stopped: 0.0001236 seconds, Stopping threads took: 0.0000276 seconds
[2019-12-11T09:02:30.749+0000][1][safepoint    ] Application time: 1.0008135 seconds
[2019-12-11T09:02:30.749+0000][1][safepoint    ] Entering safepoint region: Cleanup
[2019-12-11T09:02:30.749+0000][1][safepoint    ] Leaving safepoint region
[2019-12-11T09:02:30.749+0000][1][safepoint    ] Total time for which application threads were stopped: 0.0001212 seconds, Stopping threads took: 0.0000273 seconds
[2019-12-11T09:02:31.750+0000][1][safepoint    ] Application time: 1.0008278 seconds
[2019-12-11T09:02:31.750+0000][1][safepoint    ] Entering safepoint region: Cleanup
[2019-12-11T09:02:31.750+0000][1][safepoint    ] Leaving safepoint region
[2019-12-11T09:02:31.750+0000][1][safepoint    ] Total time for which application threads were stopped: 0.0001235 seconds, Stopping threads took: 0.0000270 seconds
[2019-12-11T09:02:32.753+0000][1][safepoint    ] Application time: 1.0028031 seconds
[2019-12-11T09:02:32.753+0000][1][safepoint    ] Entering safepoint region: Cleanup
[2019-12-11T09:02:32.753+0000][1][safepoint    ] Leaving safepoint region
[2019-12-11T09:02:32.753+0000][1][safepoint    ] Total time for which application threads were stopped: 0.0001196 seconds, Stopping threads took: 0.0000267 seconds
[2019-12-11T09:02:33.755+0000][1][safepoint    ] Application time: 1.0018459 seconds
[2019-12-11T09:02:33.755+0000][1][safepoint    ] Entering safepoint region: Cleanup
[2019-12-11T09:02:33.755+0000][1][safepoint    ] Leaving safepoint region
[2019-12-11T09:02:33.755+0000][1][safepoint    ] Total time for which application threads were stopped: 0.0001169 seconds, Stopping threads took: 0.0000254 seconds
[2019-12-11T09:02:34.756+0000][1][safepoint    ] Application time: 1.0008034 seconds
[2019-12-11T09:02:34.756+0000][1][safepoint    ] Entering safepoint region: Cleanup
[2019-12-11T09:02:34.756+0000][1][safepoint    ] Leaving safepoint region
[2019-12-11T09:02:34.756+0000][1][safepoint    ] Total time for which application threads were stopped: 0.0001305 seconds, Stopping threads took: 0.0000306 seconds
[2019-12-11T09:02:35.757+0000][1][safepoint    ] Application time: 1.0008015 seconds
[2019-12-11T09:02:35.757+0000][1][safepoint    ] Entering safepoint region: Cleanup
[2019-12-11T09:02:35.757+0000][1][safepoint    ] Leaving safepoint region
[2019-12-11T09:02:35.757+0000][1][safepoint    ] Total time for which application threads were stopped: 0.0001211 seconds, Stopping threads took: 0.0000277 seconds
[2019-12-11T09:02:36.758+0000][1][safepoint    ] Application time: 1.0008167 seconds
[2019-12-11T09:02:36.758+0000][1][safepoint    ] Entering safepoint region: Cleanup
[2019-12-11T09:02:36.758+0000][1][safepoint    ] Leaving safepoint region
[2019-12-11T09:02:36.758+0000][1][safepoint    ] Total time for which application threads were stopped: 0.0001164 seconds, Stopping threads took: 0.0000282 seconds
[2019-12-11T09:02:37.761+0000][1][safepoint    ] Application time: 1.0028617 seconds
[2019-12-11T09:02:37.761+0000][1][safepoint    ] Entering safepoint region: Cleanup
[2019-12-11T09:02:37.761+0000][1][safepoint    ] Leaving safepoint region
[2019-12-11T09:02:37.761+0000][1][safepoint    ] Total time for which application threads were stopped: 0.0001356 seconds, Stopping threads took: 0.0000294 seconds
[2019-12-11T09:02:38.763+0000][1][safepoint    ] Application time: 1.0017655 seconds
[2019-12-11T09:02:38.763+0000][1][safepoint    ] Entering safepoint region: Cleanup
[2019-12-11T09:02:38.763+0000][1][safepoint    ] Leaving safepoint region
[2019-12-11T09:02:38.763+0000][1][safepoint    ] Total time for which application threads were stopped: 0.0001252 seconds, Stopping threads took: 0.0000250 seconds
[2019-12-11T09:02:39.764+0000][1][safepoint    ] Application time: 1.0008415 seconds
[2019-12-11T09:02:39.764+0000][1][safepoint    ] Entering safepoint region: Cleanup
[2019-12-11T09:02:39.764+0000][1][safepoint    ] Leaving safepoint region
[2019-12-11T09:02:39.764+0000][1][safepoint    ] Total time for which application threads were stopped: 0.0001110 seconds, Stopping threads took: 0.0000250 seconds
[2019-12-11T09:02:40.767+0000][1][safepoint    ] Application time: 1.0028130 seconds
[2019-12-11T09:02:40.767+0000][1][safepoint    ] Entering safepoint region: Cleanup
[2019-12-11T09:02:40.767+0000][1][safepoint    ] Leaving safepoint region
[2019-12-11T09:02:40.767+0000][1][safepoint    ] Total time for which application threads were stopped: 0.0001202 seconds, Stopping threads took: 0.0000267 seconds
[2019-12-11T09:02:41.769+0000][1][safepoint    ] Application time: 1.0018257 seconds
[2019-12-11T09:02:41.769+0000][1][safepoint    ] Entering safepoint region: Cleanup
[2019-12-11T09:02:41.769+0000][1][safepoint    ] Leaving safepoint region
[2019-12-11T09:02:41.769+0000][1][safepoint    ] Total time for which application threads were stopped: 0.0001311 seconds, Stopping threads took: 0.0000275 seconds
[2019-12-11T09:02:42.773+0000][1][safepoint    ] Application time: 1.0038094 seconds
[2019-12-11T09:02:42.773+0000][1][safepoint    ] Entering safepoint region: Cleanup
[2019-12-11T09:02:42.773+0000][1][safepoint    ] Leaving safepoint region
[2019-12-11T09:02:42.773+0000][1][safepoint    ] Total time for which application threads were stopped: 0.0001426 seconds, Stopping threads took: 0.0000407 seconds
[2019-12-11T09:02:43.774+0000][1][safepoint    ] Application time: 1.0008268 seconds
[2019-12-11T09:02:43.774+0000][1][safepoint    ] Entering safepoint region: Cleanup
[2019-12-11T09:02:43.774+0000][1][safepoint    ] Leaving safepoint region
[2019-12-11T09:02:43.774+0000][1][safepoint    ] Total time for which application threads were stopped: 0.0001116 seconds, Stopping threads took: 0.0000252 seconds
[2019-12-11T09:02:44.777+0000][1][safepoint    ] Application time: 1.0029300 seconds
[2019-12-11T09:02:44.777+0000][1][safepoint    ] Entering safepoint region: Cleanup
[2019-12-11T09:02:44.777+0000][1][safepoint    ] Leaving safepoint region
[2019-12-11T09:02:44.777+0000][1][safepoint    ] Total time for which application threads were stopped: 0.0001282 seconds, Stopping threads took: 0.0000323 seconds
[2019-12-11T09:02:45.777+0000][1][safepoint    ] Application time: 1.0000846 seconds
[2019-12-11T09:02:45.777+0000][1][safepoint    ] Entering safepoint region: Cleanup
[2019-12-11T09:02:45.777+0000][1][safepoint    ] Leaving safepoint region
[2019-12-11T09:02:45.777+0000][1][safepoint    ] Total time for which application threads were stopped: 0.0001557 seconds, Stopping threads took: 0.0000424 seconds
[2019-12-11T09:02:46.777+0000][1][safepoint    ] Application time: 1.0000833 seconds
[2019-12-11T09:02:46.777+0000][1][safepoint    ] Entering safepoint region: Cleanup
[2019-12-11T09:02:46.778+0000][1][safepoint    ] Leaving safepoint region
[2019-12-11T09:02:46.778+0000][1][safepoint    ] Total time for which application threads were stopped: 0.0001203 seconds, Stopping threads took: 0.0000260 seconds
[2019-12-11T09:02:47.778+0000][1][safepoint    ] Application time: 1.0001069 seconds
[2019-12-11T09:02:47.778+0000][1][safepoint    ] Entering safepoint region: Cleanup
[2019-12-11T09:02:47.778+0000][1][safepoint    ] Leaving safepoint region
[2019-12-11T09:02:47.778+0000][1][safepoint    ] Total time for which application threads were stopped: 0.0001152 seconds, Stopping threads took: 0.0000254 seconds
[2019-12-11T09:02:48.780+0000][1][safepoint    ] Application time: 1.0018737 seconds
[2019-12-11T09:02:48.780+0000][1][safepoint    ] Entering safepoint region: Cleanup
[2019-12-11T09:02:48.780+0000][1][safepoint    ] Leaving safepoint region
[2019-12-11T09:02:48.780+0000][1][safepoint    ] Total time for which application threads were stopped: 0.0001215 seconds, Stopping threads took: 0.0000277 seconds
[2019-12-11T09:02:49.781+0000][1][safepoint    ] Application time: 1.0007999 seconds
[2019-12-11T09:02:49.781+0000][1][safepoint    ] Entering safepoint region: Cleanup
[2019-12-11T09:02:49.781+0000][1][safepoint    ] Leaving safepoint region
[2019-12-11T09:02:49.781+0000][1][safepoint    ] Total time for which application threads were stopped: 0.0001301 seconds, Stopping threads took: 0.0000259 seconds
[2019-12-11T09:02:50.781+0000][1][safepoint    ] Application time: 1.0002593 seconds
[2019-12-11T09:02:50.781+0000][1][safepoint    ] Entering safepoint region: Cleanup
[2019-12-11T09:02:50.781+0000][1][safepoint    ] Leaving safepoint region
[2019-12-11T09:02:50.781+0000][1][safepoint    ] Total time for which application threads were stopped: 0.0001232 seconds, Stopping threads took: 0.0000268 seconds
[2019-12-11T09:02:51.783+0000][1][safepoint    ] Application time: 1.0013629 seconds
[2019-12-11T09:02:51.783+0000][1][safepoint    ] Entering safepoint region: Cleanup
[2019-12-11T09:02:51.783+0000][1][safepoint    ] Leaving safepoint region
[2019-12-11T09:02:51.783+0000][1][safepoint    ] Total time for which application threads were stopped: 0.0001280 seconds, Stopping threads took: 0.0000289 seconds
[2019-12-11T09:02:52.785+0000][1][safepoint    ] Application time: 1.0018238 seconds
[2019-12-11T09:02:52.785+0000][1][safepoint    ] Entering safepoint region: Cleanup
[2019-12-11T09:02:52.785+0000][1][safepoint    ] Leaving safepoint region
[2019-12-11T09:02:52.785+0000][1][safepoint    ] Total time for which application threads were stopped: 0.0001494 seconds, Stopping threads took: 0.0000431 seconds
[2019-12-11T09:02:53.786+0000][1][safepoint    ] Application time: 1.0007936 seconds
[2019-12-11T09:02:53.786+0000][1][safepoint    ] Entering safepoint region: Cleanup
[2019-12-11T09:02:53.786+0000][1][safepoint    ] Leaving safepoint region
[2019-12-11T09:02:53.786+0000][1][safepoint    ] Total time for which application threads were stopped: 0.0001291 seconds, Stopping threads took: 0.0000307 seconds
[2019-12-11T09:02:54.788+0000][1][safepoint    ] Application time: 1.0018301 seconds
[2019-12-11T09:02:54.788+0000][1][safepoint    ] Entering safepoint region: Cleanup
[2019-12-11T09:02:54.788+0000][1][safepoint    ] Leaving safepoint region
[2019-12-11T09:02:54.788+0000][1][safepoint    ] Total time for which application threads were stopped: 0.0001276 seconds, Stopping threads took: 0.0000345 seconds
[2019-12-11T09:02:55.790+0000][1][safepoint    ] Application time: 1.0018158 seconds
[2019-12-11T09:02:55.790+0000][1][safepoint    ] Entering safepoint region: Cleanup
[2019-12-11T09:02:55.790+0000][1][safepoint    ] Leaving safepoint region
[2019-12-11T09:02:55.790+0000][1][safepoint    ] Total time for which application threads were stopped: 0.0001220 seconds, Stopping threads took: 0.0000280 seconds
[2019-12-11T09:02:56.791+0000][1][safepoint    ] Application time: 1.0008107 seconds
[2019-12-11T09:02:56.791+0000][1][safepoint    ] Entering safepoint region: Cleanup
[2019-12-11T09:02:56.791+0000][1][safepoint    ] Leaving safepoint region
[2019-12-11T09:02:56.791+0000][1][safepoint    ] Total time for which application threads were stopped: 0.0001212 seconds, Stopping threads took: 0.0000259 seconds
[2019-12-11T09:02:57.795+0000][1][safepoint    ] Application time: 1.0038059 seconds
[2019-12-11T09:02:57.795+0000][1][safepoint    ] Entering safepoint region: Cleanup
[2019-12-11T09:02:57.795+0000][1][safepoint    ] Leaving safepoint region
[2019-12-11T09:02:57.795+0000][1][safepoint    ] Total time for which application threads were stopped: 0.0001261 seconds, Stopping threads took: 0.0000261 seconds
[2019-12-11T09:02:58.798+0000][1][safepoint    ] Application time: 1.0028164 seconds
[2019-12-11T09:02:58.798+0000][1][safepoint    ] Entering safepoint region: Cleanup
[2019-12-11T09:02:58.798+0000][1][safepoint    ] Leaving safepoint region
[2019-12-11T09:02:58.798+0000][1][safepoint    ] Total time for which application threads were stopped: 0.0001256 seconds, Stopping threads took: 0.0000277 seconds
[2019-12-11T09:02:59.801+0000][1][safepoint    ] Application time: 1.0028247 seconds
[2019-12-11T09:02:59.801+0000][1][safepoint    ] Entering safepoint region: Cleanup
[2019-12-11T09:02:59.801+0000][1][safepoint    ] Leaving safepoint region
[2019-12-11T09:02:59.801+0000][1][safepoint    ] Total time for which application threads were stopped: 0.0001210 seconds, Stopping threads took: 0.0000273 seconds
[2019-12-11T09:03:00.802+0000][1][safepoint    ] Application time: 1.0008368 seconds
[2019-12-11T09:03:00.802+0000][1][safepoint    ] Entering safepoint region: Cleanup
[2019-12-11T09:03:00.802+0000][1][safepoint    ] Leaving safepoint region
[2019-12-11T09:03:00.802+0000][1][safepoint    ] Total time for which application threads were stopped: 0.0001220 seconds, Stopping threads took: 0.0000280 seconds
[2019-12-11T09:03:01.803+0000][1][safepoint    ] Application time: 1.0008184 seconds
[2019-12-11T09:03:01.803+0000][1][safepoint    ] Entering safepoint region: Cleanup
[2019-12-11T09:03:01.803+0000][1][safepoint    ] Leaving safepoint region
[2019-12-11T09:03:01.803+0000][1][safepoint    ] Total time for which application threads were stopped: 0.0001236 seconds, Stopping threads took: 0.0000275 seconds
[2019-12-11T09:03:02.804+0000][1][safepoint    ] Application time: 1.0008240 seconds
[2019-12-11T09:03:02.804+0000][1][safepoint    ] Entering safepoint region: Cleanup
[2019-12-11T09:03:02.804+0000][1][safepoint    ] Leaving safepoint region
[2019-12-11T09:03:02.804+0000][1][safepoint    ] Total time for which application threads were stopped: 0.0001163 seconds, Stopping threads took: 0.0000260 seconds
[2019-12-11T09:03:03.807+0000][1][safepoint    ] Application time: 1.0028255 seconds
[2019-12-11T09:03:03.807+0000][1][safepoint    ] Entering safepoint region: Cleanup
[2019-12-11T09:03:03.807+0000][1][safepoint    ] Leaving safepoint region
[2019-12-11T09:03:03.807+0000][1][safepoint    ] Total time for which application threads were stopped: 0.0001117 seconds, Stopping threads took: 0.0000252 seconds
[2019-12-11T09:03:04.809+0000][1][safepoint    ] Application time: 1.0017861 seconds
[2019-12-11T09:03:04.809+0000][1][safepoint    ] Entering safepoint region: Cleanup
[2019-12-11T09:03:04.809+0000][1][safepoint    ] Leaving safepoint region
[2019-12-11T09:03:04.809+0000][1][safepoint    ] Total time for which application threads were stopped: 0.0001314 seconds, Stopping threads took: 0.0000350 seconds
[2019-12-11T09:03:05.811+0000][1][safepoint    ] Application time: 1.0018069 seconds
[2019-12-11T09:03:05.811+0000][1][safepoint    ] Entering safepoint region: Cleanup
[2019-12-11T09:03:05.811+0000][1][safepoint    ] Leaving safepoint region
[2019-12-11T09:03:05.811+0000][1][safepoint    ] Total time for which application threads were stopped: 0.0001269 seconds, Stopping threads took: 0.0000293 seconds
[2019-12-11T09:03:06.812+0000][1][safepoint    ] Application time: 1.0008291 seconds
[2019-12-11T09:03:06.812+0000][1][safepoint    ] Entering safepoint region: Cleanup
[2019-12-11T09:03:06.812+0000][1][safepoint    ] Leaving safepoint region
[2019-12-11T09:03:06.812+0000][1][safepoint    ] Total time for which application threads were stopped: 0.0001239 seconds, Stopping threads took: 0.0000261 seconds
[2019-12-11T09:03:07.813+0000][1][safepoint    ] Application time: 1.0008827 seconds
[2019-12-11T09:03:07.813+0000][1][safepoint    ] Entering safepoint region: Cleanup
[2019-12-11T09:03:07.813+0000][1][safepoint    ] Leaving safepoint region
[2019-12-11T09:03:07.813+0000][1][safepoint    ] Total time for which application threads were stopped: 0.0001463 seconds, Stopping threads took: 0.0000291 seconds
[2019-12-11T09:03:08.814+0000][1][safepoint    ] Application time: 1.0014594 seconds
[2019-12-11T09:03:08.815+0000][1][safepoint    ] Entering safepoint region: Cleanup
[2019-12-11T09:03:08.815+0000][1][safepoint    ] Leaving safepoint region
[2019-12-11T09:03:08.815+0000][1][safepoint    ] Total time for which application threads were stopped: 0.0001233 seconds, Stopping threads took: 0.0000247 seconds
[2019-12-11T09:03:09.816+0000][1][safepoint    ] Application time: 1.0011397 seconds
[2019-12-11T09:03:09.816+0000][1][safepoint    ] Entering safepoint region: Cleanup
[2019-12-11T09:03:09.816+0000][1][safepoint    ] Leaving safepoint region
[2019-12-11T09:03:09.816+0000][1][safepoint    ] Total time for which application threads were stopped: 0.0001132 seconds, Stopping threads took: 0.0000252 seconds
[2019-12-11T09:03:10.817+0000][1][safepoint    ] Application time: 1.0007744 seconds
[2019-12-11T09:03:10.817+0000][1][safepoint    ] Entering safepoint region: Cleanup
[2019-12-11T09:03:10.817+0000][1][safepoint    ] Leaving safepoint region
[2019-12-11T09:03:10.817+0000][1][safepoint    ] Total time for which application threads were stopped: 0.0001389 seconds, Stopping threads took: 0.0000323 seconds
[2019-12-11T09:03:11.818+0000][1][safepoint    ] Application time: 1.0007968 seconds
[2019-12-11T09:03:11.818+0000][1][safepoint    ] Entering safepoint region: Cleanup
[2019-12-11T09:03:11.818+0000][1][safepoint    ] Leaving safepoint region
[2019-12-11T09:03:11.818+0000][1][safepoint    ] Total time for which application threads were stopped: 0.0001247 seconds, Stopping threads took: 0.0000276 seconds
[2019-12-11T09:03:12.821+0000][1][safepoint    ] Application time: 1.0028133 seconds
[2019-12-11T09:03:12.821+0000][1][safepoint    ] Entering safepoint region: Cleanup
[2019-12-11T09:03:12.821+0000][1][safepoint    ] Leaving safepoint region
[2019-12-11T09:03:12.821+0000][1][safepoint    ] Total time for which application threads were stopped: 0.0001226 seconds, Stopping threads took: 0.0000274 seconds
[2019-12-11T09:03:13.824+0000][1][safepoint    ] Application time: 1.0028442 seconds
[2019-12-11T09:03:13.824+0000][1][safepoint    ] Entering safepoint region: Cleanup
[2019-12-11T09:03:13.824+0000][1][safepoint    ] Leaving safepoint region
[2019-12-11T09:03:13.824+0000][1][safepoint    ] Total time for which application threads were stopped: 0.0001360 seconds, Stopping threads took: 0.0000291 seconds
[2019-12-11T09:03:14.826+0000][1][safepoint    ] Application time: 1.0018006 seconds
[2019-12-11T09:03:14.826+0000][1][safepoint    ] Entering safepoint region: Cleanup
[2019-12-11T09:03:14.826+0000][1][safepoint    ] Leaving safepoint region
[2019-12-11T09:03:14.826+0000][1][safepoint    ] Total time for which application threads were stopped: 0.0001334 seconds, Stopping threads took: 0.0000272 seconds
[2019-12-11T09:03:15.829+0000][1][safepoint    ] Application time: 1.0027807 seconds
[2019-12-11T09:03:15.829+0000][1][safepoint    ] Entering safepoint region: Cleanup
[2019-12-11T09:03:15.829+0000][1][safepoint    ] Leaving safepoint region
[2019-12-11T09:03:15.829+0000][1][safepoint    ] Total time for which application threads were stopped: 0.0001256 seconds, Stopping threads took: 0.0000358 seconds
[2019-12-11T09:03:16.830+0000][1][safepoint    ] Application time: 1.0009539 seconds
[2019-12-11T09:03:16.830+0000][1][safepoint    ] Entering safepoint region: Cleanup
[2019-12-11T09:03:16.830+0000][1][safepoint    ] Leaving safepoint region
[2019-12-11T09:03:16.830+0000][1][safepoint    ] Total time for which application threads were stopped: 0.0001295 seconds, Stopping threads took: 0.0000270 seconds
[2019-12-11T09:03:17.832+0000][1][safepoint    ] Application time: 1.0016753 seconds
[2019-12-11T09:03:17.832+0000][1][safepoint    ] Entering safepoint region: Cleanup
[2019-12-11T09:03:17.832+0000][1][safepoint    ] Leaving safepoint region
[2019-12-11T09:03:17.832+0000][1][safepoint    ] Total time for which application threads were stopped: 0.0001278 seconds, Stopping threads took: 0.0000355 seconds
[2019-12-11T09:03:18.832+0000][1][safepoint    ] Application time: 1.0005599 seconds
[2019-12-11T09:03:18.833+0000][1][safepoint    ] Entering safepoint region: Cleanup
[2019-12-11T09:03:18.833+0000][1][safepoint    ] Leaving safepoint region
[2019-12-11T09:03:18.833+0000][1][safepoint    ] Total time for which application threads were stopped: 0.0001323 seconds, Stopping threads took: 0.0000305 seconds
[2019-12-11T09:03:19.836+0000][1][safepoint    ] Application time: 1.0030967 seconds
[2019-12-11T09:03:19.836+0000][1][safepoint    ] Entering safepoint region: Cleanup
[2019-12-11T09:03:19.836+0000][1][safepoint    ] Leaving safepoint region
[2019-12-11T09:03:19.836+0000][1][safepoint    ] Total time for which application threads were stopped: 0.0001195 seconds, Stopping threads took: 0.0000255 seconds
[2019-12-11T09:03:20.839+0000][1][safepoint    ] Application time: 1.0028065 seconds
[2019-12-11T09:03:20.839+0000][1][safepoint    ] Entering safepoint region: Cleanup
[2019-12-11T09:03:20.839+0000][1][safepoint    ] Leaving safepoint region
[2019-12-11T09:03:20.839+0000][1][safepoint    ] Total time for which application threads were stopped: 0.0001267 seconds, Stopping threads took: 0.0000291 seconds
[2019-12-11T09:03:21.841+0000][1][safepoint    ] Application time: 1.0018724 seconds
[2019-12-11T09:03:21.841+0000][1][safepoint    ] Entering safepoint region: Cleanup
[2019-12-11T09:03:21.841+0000][1][safepoint    ] Leaving safepoint region
[2019-12-11T09:03:21.841+0000][1][safepoint    ] Total time for which application threads were stopped: 0.0001266 seconds, Stopping threads took: 0.0000286 seconds
[2019-12-11T09:03:22.842+0000][1][safepoint    ] Application time: 1.0008644 seconds
[2019-12-11T09:03:22.842+0000][1][safepoint    ] Entering safepoint region: Cleanup
[2019-12-11T09:03:22.842+0000][1][safepoint    ] Leaving safepoint region
[2019-12-11T09:03:22.842+0000][1][safepoint    ] Total time for which application threads were stopped: 0.0001198 seconds, Stopping threads took: 0.0000251 seconds
[2019-12-11T09:03:23.843+0000][1][safepoint    ] Application time: 1.0007108 seconds
[2019-12-11T09:03:23.843+0000][1][safepoint    ] Entering safepoint region: Cleanup
[2019-12-11T09:03:23.843+0000][1][safepoint    ] Leaving safepoint region
[2019-12-11T09:03:23.843+0000][1][safepoint    ] Total time for which application threads were stopped: 0.0001263 seconds, Stopping threads took: 0.0000286 seconds
[2019-12-11T09:03:24.844+0000][1][safepoint    ] Application time: 1.0009693 seconds
[2019-12-11T09:03:24.844+0000][1][safepoint    ] Entering safepoint region: Cleanup
[2019-12-11T09:03:24.844+0000][1][safepoint    ] Leaving safepoint region
[2019-12-11T09:03:24.844+0000][1][safepoint    ] Total time for which application threads were stopped: 0.0001294 seconds, Stopping threads took: 0.0000283 seconds
[2019-12-11T09:03:25.845+0000][1][safepoint    ] Application time: 1.0007402 seconds
[2019-12-11T09:03:25.845+0000][1][safepoint    ] Entering safepoint region: Cleanup
[2019-12-11T09:03:25.845+0000][1][safepoint    ] Leaving safepoint region
[2019-12-11T09:03:25.845+0000][1][safepoint    ] Total time for which application threads were stopped: 0.0001223 seconds, Stopping threads took: 0.0000283 seconds
[2019-12-11T09:03:26.848+0000][1][safepoint    ] Application time: 1.0027298 seconds
[2019-12-11T09:03:26.848+0000][1][safepoint    ] Entering safepoint region: Cleanup
[2019-12-11T09:03:26.848+0000][1][safepoint    ] Leaving safepoint region
[2019-12-11T09:03:26.848+0000][1][safepoint    ] Total time for which application threads were stopped: 0.0001271 seconds, Stopping threads took: 0.0000283 seconds
[2019-12-11T09:03:27.853+0000][1][safepoint    ] Application time: 1.0048102 seconds
[2019-12-11T09:03:27.853+0000][1][safepoint    ] Entering safepoint region: Cleanup
[2019-12-11T09:03:27.853+0000][1][safepoint    ] Leaving safepoint region
[2019-12-11T09:03:27.853+0000][1][safepoint    ] Total time for which application threads were stopped: 0.0001167 seconds, Stopping threads took: 0.0000260 seconds
[2019-12-11T09:03:28.855+0000][1][safepoint    ] Application time: 1.0018346 seconds
[2019-12-11T09:03:28.855+0000][1][safepoint    ] Entering safepoint region: Cleanup
[2019-12-11T09:03:28.855+0000][1][safepoint    ] Leaving safepoint region
[2019-12-11T09:03:28.855+0000][1][safepoint    ] Total time for which application threads were stopped: 0.0001228 seconds, Stopping threads took: 0.0000267 seconds
[2019-12-11T09:03:29.857+0000][1][safepoint    ] Application time: 1.0018448 seconds
[2019-12-11T09:03:29.857+0000][1][safepoint    ] Entering safepoint region: Cleanup
[2019-12-11T09:03:29.857+0000][1][safepoint    ] Leaving safepoint region
[2019-12-11T09:03:29.857+0000][1][safepoint    ] Total time for which application threads were stopped: 0.0001389 seconds, Stopping threads took: 0.0000290 seconds
[2019-12-11T09:03:30.858+0000][1][safepoint    ] Application time: 1.0007796 seconds
[2019-12-11T09:03:30.858+0000][1][safepoint    ] Entering safepoint region: Cleanup
[2019-12-11T09:03:30.858+0000][1][safepoint    ] Leaving safepoint region
[2019-12-11T09:03:30.858+0000][1][safepoint    ] Total time for which application threads were stopped: 0.0001174 seconds, Stopping threads took: 0.0000284 seconds
[2019-12-11T09:03:31.860+0000][1][safepoint    ] Application time: 1.0024011 seconds
[2019-12-11T09:03:31.860+0000][1][safepoint    ] Entering safepoint region: Cleanup
[2019-12-11T09:03:31.860+0000][1][safepoint    ] Leaving safepoint region
[2019-12-11T09:03:31.860+0000][1][safepoint    ] Total time for which application threads were stopped: 0.0001191 seconds, Stopping threads took: 0.0000258 seconds
[2019-12-11T09:03:32.864+0000][1][safepoint    ] Application time: 1.0032467 seconds
[2019-12-11T09:03:32.864+0000][1][safepoint    ] Entering safepoint region: Cleanup
[2019-12-11T09:03:32.864+0000][1][safepoint    ] Leaving safepoint region
[2019-12-11T09:03:32.864+0000][1][safepoint    ] Total time for which application threads were stopped: 0.0001259 seconds, Stopping threads took: 0.0000278 seconds
[2019-12-11T09:03:33.868+0000][1][safepoint    ] Application time: 1.0039664 seconds
[2019-12-11T09:03:33.868+0000][1][safepoint    ] Entering safepoint region: Cleanup
[2019-12-11T09:03:33.868+0000][1][safepoint    ] Leaving safepoint region
[2019-12-11T09:03:33.868+0000][1][safepoint    ] Total time for which application threads were stopped: 0.0001246 seconds, Stopping threads took: 0.0000284 seconds
[2019-12-11T09:03:34.870+0000][1][safepoint    ] Application time: 1.0016495 seconds
[2019-12-11T09:03:34.870+0000][1][safepoint    ] Entering safepoint region: Cleanup
[2019-12-11T09:03:34.870+0000][1][safepoint    ] Leaving safepoint region
[2019-12-11T09:03:34.870+0000][1][safepoint    ] Total time for which application threads were stopped: 0.0001259 seconds, Stopping threads took: 0.0000271 seconds
[2019-12-11T09:03:35.873+0000][1][safepoint    ] Application time: 1.0028246 seconds
[2019-12-11T09:03:35.873+0000][1][safepoint    ] Entering safepoint region: Cleanup
[2019-12-11T09:03:35.873+0000][1][safepoint    ] Leaving safepoint region
[2019-12-11T09:03:35.873+0000][1][safepoint    ] Total time for which application threads were stopped: 0.0001206 seconds, Stopping threads took: 0.0000272 seconds
[2019-12-11T09:03:36.874+0000][1][safepoint    ] Application time: 1.0008155 seconds
[2019-12-11T09:03:36.874+0000][1][safepoint    ] Entering safepoint region: Cleanup
[2019-12-11T09:03:36.874+0000][1][safepoint    ] Leaving safepoint region
[2019-12-11T09:03:36.874+0000][1][safepoint    ] Total time for which application threads were stopped: 0.0001217 seconds, Stopping threads took: 0.0000263 seconds
[2019-12-11T09:03:38.613+0000][1][safepoint    ] Application time: 1.7388456 seconds
[2019-12-11T09:03:38.613+0000][1][safepoint    ] Entering safepoint region: Cleanup
[2019-12-11T09:03:38.613+0000][1][safepoint    ] Leaving safepoint region
[2019-12-11T09:03:38.613+0000][1][safepoint    ] Total time for which application threads were stopped: 0.0001123 seconds, Stopping threads took: 0.0000226 seconds
[2019-12-11T09:03:39.615+0000][1][safepoint    ] Application time: 1.0018283 seconds
[2019-12-11T09:03:39.615+0000][1][safepoint    ] Entering safepoint region: Cleanup
[2019-12-11T09:03:39.615+0000][1][safepoint    ] Leaving safepoint region
[2019-12-11T09:03:39.615+0000][1][safepoint    ] Total time for which application threads were stopped: 0.0001104 seconds, Stopping threads took: 0.0000234 seconds
[2019-12-11T09:03:40.616+0000][1][safepoint    ] Application time: 1.0008457 seconds
[2019-12-11T09:03:40.616+0000][1][safepoint    ] Entering safepoint region: Cleanup
[2019-12-11T09:03:40.616+0000][1][safepoint    ] Leaving safepoint region
[2019-12-11T09:03:40.616+0000][1][safepoint    ] Total time for which application threads were stopped: 0.0001237 seconds, Stopping threads took: 0.0000281 seconds
[2019-12-11T09:03:41.618+0000][1][safepoint    ] Application time: 1.0018213 seconds
[2019-12-11T09:03:41.618+0000][1][safepoint    ] Entering safepoint region: Cleanup
[2019-12-11T09:03:41.618+0000][1][safepoint    ] Leaving safepoint region
[2019-12-11T09:03:41.618+0000][1][safepoint    ] Total time for which application threads were stopped: 0.0001241 seconds, Stopping threads took: 0.0000280 seconds
[2019-12-11T09:03:42.619+0000][1][safepoint    ] Application time: 1.0008179 seconds
[2019-12-11T09:03:42.619+0000][1][safepoint    ] Entering safepoint region: Cleanup
[2019-12-11T09:03:42.619+0000][1][safepoint    ] Leaving safepoint region
[2019-12-11T09:03:42.619+0000][1][safepoint    ] Total time for which application threads were stopped: 0.0001201 seconds, Stopping threads took: 0.0000290 seconds
[2019-12-11T09:03:43.623+0000][1][safepoint    ] Application time: 1.0037484 seconds
[2019-12-11T09:03:43.623+0000][1][safepoint    ] Entering safepoint region: Cleanup
[2019-12-11T09:03:43.623+0000][1][safepoint    ] Leaving safepoint region
[2019-12-11T09:03:43.623+0000][1][safepoint    ] Total time for which application threads were stopped: 0.0001212 seconds, Stopping threads took: 0.0000268 seconds
[2019-12-11T09:03:44.624+0000][1][safepoint    ] Application time: 1.0008783 seconds
[2019-12-11T09:03:44.624+0000][1][safepoint    ] Entering safepoint region: Cleanup
[2019-12-11T09:03:44.624+0000][1][safepoint    ] Leaving safepoint region
[2019-12-11T09:03:44.624+0000][1][safepoint    ] Total time for which application threads were stopped: 0.0001242 seconds, Stopping threads took: 0.0000338 seconds
[2019-12-11T09:03:45.627+0000][1][safepoint    ] Application time: 1.0028064 seconds
[2019-12-11T09:03:45.627+0000][1][safepoint    ] Entering safepoint region: Cleanup
[2019-12-11T09:03:45.627+0000][1][safepoint    ] Leaving safepoint region
[2019-12-11T09:03:45.627+0000][1][safepoint    ] Total time for which application threads were stopped: 0.0001125 seconds, Stopping threads took: 0.0000235 seconds
[2019-12-11T09:03:46.629+0000][1][safepoint    ] Application time: 1.0018694 seconds
[2019-12-11T09:03:46.629+0000][1][safepoint    ] Entering safepoint region: Cleanup
[2019-12-11T09:03:46.629+0000][1][safepoint    ] Leaving safepoint region
[2019-12-11T09:03:46.629+0000][1][safepoint    ] Total time for which application threads were stopped: 0.0001207 seconds, Stopping threads took: 0.0000271 seconds
[2019-12-11T09:03:47.630+0000][1][safepoint    ] Application time: 1.0007961 seconds
[2019-12-11T09:03:47.630+0000][1][safepoint    ] Entering safepoint region: Cleanup
[2019-12-11T09:03:47.630+0000][1][safepoint    ] Leaving safepoint region
[2019-12-11T09:03:47.630+0000][1][safepoint    ] Total time for which application threads were stopped: 0.0001174 seconds, Stopping threads took: 0.0000251 seconds
[2019-12-11T09:03:48.632+0000][1][safepoint    ] Application time: 1.0018165 seconds
[2019-12-11T09:03:48.632+0000][1][safepoint    ] Entering safepoint region: Cleanup
[2019-12-11T09:03:48.632+0000][1][safepoint    ] Leaving safepoint region
[2019-12-11T09:03:48.632+0000][1][safepoint    ] Total time for which application threads were stopped: 0.0001315 seconds, Stopping threads took: 0.0000372 seconds
[2019-12-11T09:03:49.634+0000][1][safepoint    ] Application time: 1.0018153 seconds
[2019-12-11T09:03:49.634+0000][1][safepoint    ] Entering safepoint region: Cleanup
[2019-12-11T09:03:49.634+0000][1][safepoint    ] Leaving safepoint region
[2019-12-11T09:03:49.634+0000][1][safepoint    ] Total time for which application threads were stopped: 0.0001286 seconds, Stopping threads took: 0.0000354 seconds
[2019-12-11T09:03:50.638+0000][1][safepoint    ] Application time: 1.0038201 seconds
[2019-12-11T09:03:50.638+0000][1][safepoint    ] Entering safepoint region: Cleanup
[2019-12-11T09:03:50.638+0000][1][safepoint    ] Leaving safepoint region
[2019-12-11T09:03:50.638+0000][1][safepoint    ] Total time for which application threads were stopped: 0.0001256 seconds, Stopping threads took: 0.0000284 seconds
[2019-12-11T09:03:50.700+0000][1][safepoint    ] Application time: 0.0618147 seconds
[2019-12-11T09:03:50.700+0000][1][safepoint    ] Entering safepoint region: GenCollectForAllocation
[2019-12-11T09:03:50.700+0000][1][gc,start     ] GC(44) Pause Young (Allocation Failure)
[2019-12-11T09:03:50.700+0000][1][gc,task      ] GC(44) Using 2 workers of 2 for evacuation
[2019-12-11T09:03:50.704+0000][1][gc,age       ] GC(44) Desired survivor size 4456448 bytes, new threshold 6 (max threshold 6)
[2019-12-11T09:03:50.704+0000][1][gc,age       ] GC(44) Age table with threshold 6 (max threshold 6)
[2019-12-11T09:03:50.704+0000][1][gc,age       ] GC(44) - age   1:      10008 bytes,      10008 total
[2019-12-11T09:03:50.704+0000][1][gc,age       ] GC(44) - age   2:       1584 bytes,      11592 total
[2019-12-11T09:03:50.704+0000][1][gc,age       ] GC(44) - age   3:        256 bytes,      11848 total
[2019-12-11T09:03:50.704+0000][1][gc,age       ] GC(44) - age   4:       3416 bytes,      15264 total
[2019-12-11T09:03:50.704+0000][1][gc,age       ] GC(44) - age   5:      19520 bytes,      34784 total
[2019-12-11T09:03:50.704+0000][1][gc,age       ] GC(44) - age   6:       2576 bytes,      37360 total
[2019-12-11T09:03:50.704+0000][1][gc,heap      ] GC(44) ParNew: 69988K->50K(78656K)
[2019-12-11T09:03:50.704+0000][1][gc,heap      ] GC(44) CMS: 73699K->73701K(174784K)
[2019-12-11T09:03:50.704+0000][1][gc,metaspace ] GC(44) Metaspace: 77782K->77782K(1120256K)
[2019-12-11T09:03:50.704+0000][1][gc           ] GC(44) Pause Young (Allocation Failure) 140M->72M(247M) 3.786ms
[2019-12-11T09:03:50.704+0000][1][gc,cpu       ] GC(44) User=0.00s Sys=0.00s Real=0.00s
[2019-12-11T09:03:50.704+0000][1][safepoint    ] Leaving safepoint region
[2019-12-11T09:03:50.704+0000][1][safepoint    ] Total time for which application threads were stopped: 0.0040142 seconds, Stopping threads took: 0.0000252 seconds
[2019-12-11T09:03:51.707+0000][1][safepoint    ] Application time: 1.0029810 seconds
[2019-12-11T09:03:51.707+0000][1][safepoint    ] Entering safepoint region: Cleanup
[2019-12-11T09:03:51.707+0000][1][safepoint    ] Leaving safepoint region
[2019-12-11T09:03:51.707+0000][1][safepoint    ] Total time for which application threads were stopped: 0.0001326 seconds, Stopping threads took: 0.0000391 seconds
[2019-12-11T09:03:52.708+0000][1][safepoint    ] Application time: 1.0007864 seconds
[2019-12-11T09:03:52.708+0000][1][safepoint    ] Entering safepoint region: Cleanup
[2019-12-11T09:03:52.708+0000][1][safepoint    ] Leaving safepoint region
[2019-12-11T09:03:52.708+0000][1][safepoint    ] Total time for which application threads were stopped: 0.0001168 seconds, Stopping threads took: 0.0000258 seconds
[2019-12-11T09:03:53.708+0000][1][safepoint    ] Application time: 1.0004929 seconds
[2019-12-11T09:03:53.708+0000][1][safepoint    ] Entering safepoint region: Cleanup
[2019-12-11T09:03:53.709+0000][1][safepoint    ] Leaving safepoint region
[2019-12-11T09:03:53.709+0000][1][safepoint    ] Total time for which application threads were stopped: 0.0001184 seconds, Stopping threads took: 0.0000250 seconds
[2019-12-11T09:03:54.709+0000][1][safepoint    ] Application time: 1.0001946 seconds
[2019-12-11T09:03:54.709+0000][1][safepoint    ] Entering safepoint region: Cleanup
[2019-12-11T09:03:54.709+0000][1][safepoint    ] Leaving safepoint region
[2019-12-11T09:03:54.709+0000][1][safepoint    ] Total time for which application threads were stopped: 0.0001313 seconds, Stopping threads took: 0.0000383 seconds
[2019-12-11T09:03:55.710+0000][1][safepoint    ] Application time: 1.0008750 seconds
[2019-12-11T09:03:55.710+0000][1][safepoint    ] Entering safepoint region: Cleanup
[2019-12-11T09:03:55.711+0000][1][safepoint    ] Leaving safepoint region
[2019-12-11T09:03:55.711+0000][1][safepoint    ] Total time for which application threads were stopped: 0.0006343 seconds, Stopping threads took: 0.0005259 seconds
[2019-12-11T09:03:56.711+0000][1][safepoint    ] Application time: 1.0002073 seconds
[2019-12-11T09:03:56.711+0000][1][safepoint    ] Entering safepoint region: Cleanup
[2019-12-11T09:03:56.711+0000][1][safepoint    ] Leaving safepoint region
[2019-12-11T09:03:56.711+0000][1][safepoint    ] Total time for which application threads were stopped: 0.0001337 seconds, Stopping threads took: 0.0000260 seconds
[2019-12-11T09:03:57.713+0000][1][safepoint    ] Application time: 1.0018025 seconds
[2019-12-11T09:03:57.713+0000][1][safepoint    ] Entering safepoint region: Cleanup
[2019-12-11T09:03:57.713+0000][1][safepoint    ] Leaving safepoint region
[2019-12-11T09:03:57.713+0000][1][safepoint    ] Total time for which application threads were stopped: 0.0001402 seconds, Stopping threads took: 0.0000458 seconds
[2019-12-11T09:03:58.713+0000][1][safepoint    ] Application time: 1.0001353 seconds
[2019-12-11T09:03:58.713+0000][1][safepoint    ] Entering safepoint region: Cleanup
[2019-12-11T09:03:58.713+0000][1][safepoint    ] Leaving safepoint region
[2019-12-11T09:03:58.713+0000][1][safepoint    ] Total time for which application threads were stopped: 0.0001242 seconds, Stopping threads took: 0.0000261 seconds
[2019-12-11T09:03:59.716+0000][1][safepoint    ] Application time: 1.0024691 seconds
[2019-12-11T09:03:59.716+0000][1][safepoint    ] Entering safepoint region: Cleanup
[2019-12-11T09:03:59.716+0000][1][safepoint    ] Leaving safepoint region
[2019-12-11T09:03:59.716+0000][1][safepoint    ] Total time for which application threads were stopped: 0.0001361 seconds, Stopping threads took: 0.0000296 seconds
[2019-12-11T09:04:00.717+0000][1][safepoint    ] Application time: 1.0009386 seconds
[2019-12-11T09:04:00.717+0000][1][safepoint    ] Entering safepoint region: Cleanup
[2019-12-11T09:04:00.717+0000][1][safepoint    ] Leaving safepoint region
[2019-12-11T09:04:00.717+0000][1][safepoint    ] Total time for which application threads were stopped: 0.0001195 seconds, Stopping threads took: 0.0000261 seconds
[2019-12-11T09:04:01.719+0000][1][safepoint    ] Application time: 1.0017075 seconds
[2019-12-11T09:04:01.719+0000][1][safepoint    ] Entering safepoint region: Cleanup
[2019-12-11T09:04:01.719+0000][1][safepoint    ] Leaving safepoint region
[2019-12-11T09:04:01.719+0000][1][safepoint    ] Total time for which application threads were stopped: 0.0001326 seconds, Stopping threads took: 0.0000298 seconds
[2019-12-11T09:04:02.720+0000][1][safepoint    ] Application time: 1.0008560 seconds
[2019-12-11T09:04:02.720+0000][1][safepoint    ] Entering safepoint region: Cleanup
[2019-12-11T09:04:02.720+0000][1][safepoint    ] Leaving safepoint region
[2019-12-11T09:04:02.720+0000][1][safepoint    ] Total time for which application threads were stopped: 0.0001226 seconds, Stopping threads took: 0.0000285 seconds
[2019-12-11T09:04:03.723+0000][1][safepoint    ] Application time: 1.0027841 seconds
[2019-12-11T09:04:03.723+0000][1][safepoint    ] Entering safepoint region: Cleanup
[2019-12-11T09:04:03.723+0000][1][safepoint    ] Leaving safepoint region
[2019-12-11T09:04:03.723+0000][1][safepoint    ] Total time for which application threads were stopped: 0.0001128 seconds, Stopping threads took: 0.0000247 seconds
[2019-12-11T09:04:04.724+0000][1][safepoint    ] Application time: 1.0008141 seconds
[2019-12-11T09:04:04.724+0000][1][safepoint    ] Entering safepoint region: Cleanup
[2019-12-11T09:04:04.724+0000][1][safepoint    ] Leaving safepoint region
[2019-12-11T09:04:04.724+0000][1][safepoint    ] Total time for which application threads were stopped: 0.0001185 seconds, Stopping threads took: 0.0000258 seconds
[2019-12-11T09:04:05.726+0000][1][safepoint    ] Application time: 1.0018113 seconds
[2019-12-11T09:04:05.726+0000][1][safepoint    ] Entering safepoint region: Cleanup
[2019-12-11T09:04:05.726+0000][1][safepoint    ] Leaving safepoint region
[2019-12-11T09:04:05.726+0000][1][safepoint    ] Total time for which application threads were stopped: 0.0001107 seconds, Stopping threads took: 0.0000244 seconds
[2019-12-11T09:04:06.729+0000][1][safepoint    ] Application time: 1.0028268 seconds
[2019-12-11T09:04:06.729+0000][1][safepoint    ] Entering safepoint region: Cleanup
[2019-12-11T09:04:06.729+0000][1][safepoint    ] Leaving safepoint region
[2019-12-11T09:04:06.729+0000][1][safepoint    ] Total time for which application threads were stopped: 0.0001539 seconds, Stopping threads took: 0.0000253 seconds
[2019-12-11T09:04:07.730+0000][1][safepoint    ] Application time: 1.0008577 seconds
[2019-12-11T09:04:07.730+0000][1][safepoint    ] Entering safepoint region: Cleanup
[2019-12-11T09:04:07.730+0000][1][safepoint    ] Leaving safepoint region
[2019-12-11T09:04:07.730+0000][1][safepoint    ] Total time for which application threads were stopped: 0.0001054 seconds, Stopping threads took: 0.0000227 seconds
[2019-12-11T09:04:08.738+0000][1][safepoint    ] Application time: 1.0077936 seconds
[2019-12-11T09:04:08.738+0000][1][safepoint    ] Entering safepoint region: Cleanup
[2019-12-11T09:04:08.738+0000][1][safepoint    ] Leaving safepoint region
[2019-12-11T09:04:08.738+0000][1][safepoint    ] Total time for which application threads were stopped: 0.0001259 seconds, Stopping threads took: 0.0000270 seconds
[2019-12-11T09:04:09.739+0000][1][safepoint    ] Application time: 1.0008482 seconds
[2019-12-11T09:04:09.739+0000][1][safepoint    ] Entering safepoint region: Cleanup
[2019-12-11T09:04:09.739+0000][1][safepoint    ] Leaving safepoint region
[2019-12-11T09:04:09.739+0000][1][safepoint    ] Total time for which application threads were stopped: 0.0001229 seconds, Stopping threads took: 0.0000255 seconds
[2019-12-11T09:04:10.741+0000][1][safepoint    ] Application time: 1.0018222 seconds
[2019-12-11T09:04:10.741+0000][1][safepoint    ] Entering safepoint region: Cleanup
[2019-12-11T09:04:10.741+0000][1][safepoint    ] Leaving safepoint region
[2019-12-11T09:04:10.741+0000][1][safepoint    ] Total time for which application threads were stopped: 0.0001155 seconds, Stopping threads took: 0.0000266 seconds
[2019-12-11T09:04:11.746+0000][1][safepoint    ] Application time: 1.0047827 seconds
[2019-12-11T09:04:11.746+0000][1][safepoint    ] Entering safepoint region: Cleanup
[2019-12-11T09:04:11.746+0000][1][safepoint    ] Leaving safepoint region
[2019-12-11T09:04:11.746+0000][1][safepoint    ] Total time for which application threads were stopped: 0.0001233 seconds, Stopping threads took: 0.0000279 seconds
[2019-12-11T09:04:12.747+0000][1][safepoint    ] Application time: 1.0008035 seconds
[2019-12-11T09:04:12.747+0000][1][safepoint    ] Entering safepoint region: Cleanup
[2019-12-11T09:04:12.747+0000][1][safepoint    ] Leaving safepoint region
[2019-12-11T09:04:12.747+0000][1][safepoint    ] Total time for which application threads were stopped: 0.0001183 seconds, Stopping threads took: 0.0000259 seconds
[2019-12-11T09:04:13.754+0000][1][safepoint    ] Application time: 1.0068577 seconds
[2019-12-11T09:04:13.754+0000][1][safepoint    ] Entering safepoint region: Cleanup
[2019-12-11T09:04:13.754+0000][1][safepoint    ] Leaving safepoint region
[2019-12-11T09:04:13.754+0000][1][safepoint    ] Total time for which application threads were stopped: 0.0001278 seconds, Stopping threads took: 0.0000282 seconds
[2019-12-11T09:04:14.755+0000][1][safepoint    ] Application time: 1.0008453 seconds
[2019-12-11T09:04:14.755+0000][1][safepoint    ] Entering safepoint region: Cleanup
[2019-12-11T09:04:14.755+0000][1][safepoint    ] Leaving safepoint region
[2019-12-11T09:04:14.755+0000][1][safepoint    ] Total time for which application threads were stopped: 0.0001186 seconds, Stopping threads took: 0.0000265 seconds
[2019-12-11T09:04:15.756+0000][1][safepoint    ] Application time: 1.0007586 seconds
[2019-12-11T09:04:15.756+0000][1][safepoint    ] Entering safepoint region: Cleanup
[2019-12-11T09:04:15.756+0000][1][safepoint    ] Leaving safepoint region
[2019-12-11T09:04:15.756+0000][1][safepoint    ] Total time for which application threads were stopped: 0.0001177 seconds, Stopping threads took: 0.0000237 seconds
[2019-12-11T09:04:16.758+0000][1][safepoint    ] Application time: 1.0018289 seconds
[2019-12-11T09:04:16.758+0000][1][safepoint    ] Entering safepoint region: Cleanup
[2019-12-11T09:04:16.758+0000][1][safepoint    ] Leaving safepoint region
[2019-12-11T09:04:16.758+0000][1][safepoint    ] Total time for which application threads were stopped: 0.0001168 seconds, Stopping threads took: 0.0000232 seconds
[2019-12-11T09:04:17.759+0000][1][safepoint    ] Application time: 1.0008404 seconds
[2019-12-11T09:04:17.759+0000][1][safepoint    ] Entering safepoint region: Cleanup
[2019-12-11T09:04:17.759+0000][1][safepoint    ] Leaving safepoint region
[2019-12-11T09:04:17.759+0000][1][safepoint    ] Total time for which application threads were stopped: 0.0001160 seconds, Stopping threads took: 0.0000257 seconds
[2019-12-11T09:04:18.760+0000][1][safepoint    ] Application time: 1.0008469 seconds
[2019-12-11T09:04:18.760+0000][1][safepoint    ] Entering safepoint region: Cleanup
[2019-12-11T09:04:18.760+0000][1][safepoint    ] Leaving safepoint region
[2019-12-11T09:04:18.760+0000][1][safepoint    ] Total time for which application threads were stopped: 0.0001308 seconds, Stopping threads took: 0.0000291 seconds
[2019-12-11T09:04:19.763+0000][1][safepoint    ] Application time: 1.0028354 seconds
[2019-12-11T09:04:19.763+0000][1][safepoint    ] Entering safepoint region: Cleanup
[2019-12-11T09:04:19.763+0000][1][safepoint    ] Leaving safepoint region
[2019-12-11T09:04:19.763+0000][1][safepoint    ] Total time for which application threads were stopped: 0.0001216 seconds, Stopping threads took: 0.0000272 seconds
[2019-12-11T09:04:20.767+0000][1][safepoint    ] Application time: 1.0038984 seconds
[2019-12-11T09:04:20.767+0000][1][safepoint    ] Entering safepoint region: Cleanup
[2019-12-11T09:04:20.767+0000][1][safepoint    ] Leaving safepoint region
[2019-12-11T09:04:20.767+0000][1][safepoint    ] Total time for which application threads were stopped: 0.0001395 seconds, Stopping threads took: 0.0000360 seconds
[2019-12-11T09:04:21.767+0000][1][safepoint    ] Application time: 1.0000817 seconds
[2019-12-11T09:04:21.767+0000][1][safepoint    ] Entering safepoint region: Cleanup
[2019-12-11T09:04:21.767+0000][1][safepoint    ] Leaving safepoint region
[2019-12-11T09:04:21.767+0000][1][safepoint    ] Total time for which application threads were stopped: 0.0001182 seconds, Stopping threads took: 0.0000260 seconds
[2019-12-11T09:04:22.767+0000][1][safepoint    ] Application time: 1.0000899 seconds
[2019-12-11T09:04:22.767+0000][1][safepoint    ] Entering safepoint region: Cleanup
[2019-12-11T09:04:22.768+0000][1][safepoint    ] Leaving safepoint region
[2019-12-11T09:04:22.768+0000][1][safepoint    ] Total time for which application threads were stopped: 0.0001429 seconds, Stopping threads took: 0.0000297 seconds
[2019-12-11T09:04:23.768+0000][1][safepoint    ] Application time: 1.0001865 seconds
[2019-12-11T09:04:23.768+0000][1][safepoint    ] Entering safepoint region: Cleanup
[2019-12-11T09:04:23.768+0000][1][safepoint    ] Leaving safepoint region
[2019-12-11T09:04:23.768+0000][1][safepoint    ] Total time for which application threads were stopped: 0.0001171 seconds, Stopping threads took: 0.0000265 seconds
[2019-12-11T09:04:24.769+0000][1][safepoint    ] Application time: 1.0007846 seconds
[2019-12-11T09:04:24.769+0000][1][safepoint    ] Entering safepoint region: Cleanup
[2019-12-11T09:04:24.769+0000][1][safepoint    ] Leaving safepoint region
[2019-12-11T09:04:24.769+0000][1][safepoint    ] Total time for which application threads were stopped: 0.0001188 seconds, Stopping threads took: 0.0000285 seconds
[2019-12-11T09:04:25.770+0000][1][safepoint    ] Application time: 1.0008401 seconds
[2019-12-11T09:04:25.770+0000][1][safepoint    ] Entering safepoint region: Cleanup
[2019-12-11T09:04:25.770+0000][1][safepoint    ] Leaving safepoint region
[2019-12-11T09:04:25.770+0000][1][safepoint    ] Total time for which application threads were stopped: 0.0001155 seconds, Stopping threads took: 0.0000259 seconds
[2019-12-11T09:04:26.774+0000][1][safepoint    ] Application time: 1.0038088 seconds
[2019-12-11T09:04:26.774+0000][1][safepoint    ] Entering safepoint region: Cleanup
[2019-12-11T09:04:26.774+0000][1][safepoint    ] Leaving safepoint region
[2019-12-11T09:04:26.774+0000][1][safepoint    ] Total time for which application threads were stopped: 0.0001140 seconds, Stopping threads took: 0.0000252 seconds
[2019-12-11T09:04:27.779+0000][1][safepoint    ] Application time: 1.0054166 seconds
[2019-12-11T09:04:27.779+0000][1][safepoint    ] Entering safepoint region: Cleanup
[2019-12-11T09:04:27.779+0000][1][safepoint    ] Leaving safepoint region
[2019-12-11T09:04:27.779+0000][1][safepoint    ] Total time for which application threads were stopped: 0.0001434 seconds, Stopping threads took: 0.0000336 seconds
[2019-12-11T09:04:28.780+0000][1][safepoint    ] Application time: 1.0002010 seconds
[2019-12-11T09:04:28.783+0000][1][safepoint    ] Entering safepoint region: Cleanup
[2019-12-11T09:04:28.783+0000][1][safepoint    ] Leaving safepoint region
[2019-12-11T09:04:28.783+0000][1][safepoint    ] Total time for which application threads were stopped: 0.0031281 seconds, Stopping threads took: 0.0030201 seconds
[2019-12-11T09:04:29.784+0000][1][safepoint    ] Application time: 1.0008227 seconds
[2019-12-11T09:04:29.784+0000][1][safepoint    ] Entering safepoint region: Cleanup
[2019-12-11T09:04:29.784+0000][1][safepoint    ] Leaving safepoint region
[2019-12-11T09:04:29.784+0000][1][safepoint    ] Total time for which application threads were stopped: 0.0001271 seconds, Stopping threads took: 0.0000272 seconds
[2019-12-11T09:04:30.787+0000][1][safepoint    ] Application time: 1.0028140 seconds
[2019-12-11T09:04:30.787+0000][1][safepoint    ] Entering safepoint region: Cleanup
[2019-12-11T09:04:30.787+0000][1][safepoint    ] Leaving safepoint region
[2019-12-11T09:04:30.787+0000][1][safepoint    ] Total time for which application threads were stopped: 0.0001130 seconds, Stopping threads took: 0.0000258 seconds
[2019-12-11T09:04:31.790+0000][1][safepoint    ] Application time: 1.0029053 seconds
[2019-12-11T09:04:31.790+0000][1][safepoint    ] Entering safepoint region: Cleanup
[2019-12-11T09:04:31.790+0000][1][safepoint    ] Leaving safepoint region
[2019-12-11T09:04:31.790+0000][1][safepoint    ] Total time for which application threads were stopped: 0.0001376 seconds, Stopping threads took: 0.0000338 seconds
[2019-12-11T09:04:32.793+0000][1][safepoint    ] Application time: 1.0027325 seconds
[2019-12-11T09:04:32.793+0000][1][safepoint    ] Entering safepoint region: Cleanup
[2019-12-11T09:04:32.793+0000][1][safepoint    ] Leaving safepoint region
[2019-12-11T09:04:32.793+0000][1][safepoint    ] Total time for which application threads were stopped: 0.0001336 seconds, Stopping threads took: 0.0000383 seconds
[2019-12-11T09:04:33.796+0000][1][safepoint    ] Application time: 1.0028090 seconds
[2019-12-11T09:04:33.796+0000][1][safepoint    ] Entering safepoint region: Cleanup
[2019-12-11T09:04:33.796+0000][1][safepoint    ] Leaving safepoint region
[2019-12-11T09:04:33.796+0000][1][safepoint    ] Total time for which application threads were stopped: 0.0001301 seconds, Stopping threads took: 0.0000269 seconds
[2019-12-11T09:04:34.797+0000][1][safepoint    ] Application time: 1.0007923 seconds
[2019-12-11T09:04:34.797+0000][1][safepoint    ] Entering safepoint region: Cleanup
[2019-12-11T09:04:34.797+0000][1][safepoint    ] Leaving safepoint region
[2019-12-11T09:04:34.797+0000][1][safepoint    ] Total time for which application threads were stopped: 0.0001090 seconds, Stopping threads took: 0.0000229 seconds
[2019-12-11T09:04:35.798+0000][1][safepoint    ] Application time: 1.0008462 seconds
[2019-12-11T09:04:35.798+0000][1][safepoint    ] Entering safepoint region: Cleanup
[2019-12-11T09:04:35.798+0000][1][safepoint    ] Leaving safepoint region
[2019-12-11T09:04:35.798+0000][1][safepoint    ] Total time for which application threads were stopped: 0.0001384 seconds, Stopping threads took: 0.0000261 seconds
[2019-12-11T09:04:36.799+0000][1][safepoint    ] Application time: 1.0007912 seconds
[2019-12-11T09:04:36.799+0000][1][safepoint    ] Entering safepoint region: Cleanup
[2019-12-11T09:04:36.799+0000][1][safepoint    ] Leaving safepoint region
[2019-12-11T09:04:36.799+0000][1][safepoint    ] Total time for which application threads were stopped: 0.0001130 seconds, Stopping threads took: 0.0000276 seconds
[2019-12-11T09:04:37.801+0000][1][safepoint    ] Application time: 1.0018421 seconds
[2019-12-11T09:04:37.801+0000][1][safepoint    ] Entering safepoint region: Cleanup
[2019-12-11T09:04:37.801+0000][1][safepoint    ] Leaving safepoint region
[2019-12-11T09:04:37.801+0000][1][safepoint    ] Total time for which application threads were stopped: 0.0001272 seconds, Stopping threads took: 0.0000280 seconds
[2019-12-11T09:04:38.804+0000][1][safepoint    ] Application time: 1.0027952 seconds
[2019-12-11T09:04:38.804+0000][1][safepoint    ] Entering safepoint region: Cleanup
[2019-12-11T09:04:38.804+0000][1][safepoint    ] Leaving safepoint region
[2019-12-11T09:04:38.804+0000][1][safepoint    ] Total time for which application threads were stopped: 0.0001494 seconds, Stopping threads took: 0.0000499 seconds
[2019-12-11T09:04:39.805+0000][1][safepoint    ] Application time: 1.0007950 seconds
[2019-12-11T09:04:39.805+0000][1][safepoint    ] Entering safepoint region: Cleanup
[2019-12-11T09:04:39.805+0000][1][safepoint    ] Leaving safepoint region
[2019-12-11T09:04:39.805+0000][1][safepoint    ] Total time for which application threads were stopped: 0.0001252 seconds, Stopping threads took: 0.0000269 seconds
[2019-12-11T09:04:40.807+0000][1][safepoint    ] Application time: 1.0018319 seconds
[2019-12-11T09:04:40.807+0000][1][safepoint    ] Entering safepoint region: Cleanup
[2019-12-11T09:04:40.807+0000][1][safepoint    ] Leaving safepoint region
[2019-12-11T09:04:40.807+0000][1][safepoint    ] Total time for which application threads were stopped: 0.0001122 seconds, Stopping threads took: 0.0000249 seconds
[2019-12-11T09:04:41.808+0000][1][safepoint    ] Application time: 1.0009025 seconds
[2019-12-11T09:04:41.808+0000][1][safepoint    ] Entering safepoint region: Cleanup
[2019-12-11T09:04:41.808+0000][1][safepoint    ] Leaving safepoint region
[2019-12-11T09:04:41.808+0000][1][safepoint    ] Total time for which application threads were stopped: 0.0001241 seconds, Stopping threads took: 0.0000326 seconds
[2019-12-11T09:04:42.811+0000][1][safepoint    ] Application time: 1.0029568 seconds
[2019-12-11T09:04:42.811+0000][1][safepoint    ] Entering safepoint region: Cleanup
[2019-12-11T09:04:42.811+0000][1][safepoint    ] Leaving safepoint region
[2019-12-11T09:04:42.811+0000][1][safepoint    ] Total time for which application threads were stopped: 0.0001244 seconds, Stopping threads took: 0.0000279 seconds
[2019-12-11T09:04:43.814+0000][1][safepoint    ] Application time: 1.0026000 seconds
[2019-12-11T09:04:43.814+0000][1][safepoint    ] Entering safepoint region: Cleanup
[2019-12-11T09:04:43.814+0000][1][safepoint    ] Leaving safepoint region
[2019-12-11T09:04:43.814+0000][1][safepoint    ] Total time for which application threads were stopped: 0.0001236 seconds, Stopping threads took: 0.0000275 seconds
[2019-12-11T09:04:44.815+0000][1][safepoint    ] Application time: 1.0008151 seconds
[2019-12-11T09:04:44.815+0000][1][safepoint    ] Entering safepoint region: Cleanup
[2019-12-11T09:04:44.815+0000][1][safepoint    ] Leaving safepoint region
[2019-12-11T09:04:44.815+0000][1][safepoint    ] Total time for which application threads were stopped: 0.0001202 seconds, Stopping threads took: 0.0000264 seconds
[2019-12-11T09:04:45.818+0000][1][safepoint    ] Application time: 1.0028260 seconds
[2019-12-11T09:04:45.818+0000][1][safepoint    ] Entering safepoint region: Cleanup
[2019-12-11T09:04:45.818+0000][1][safepoint    ] Leaving safepoint region
[2019-12-11T09:04:45.818+0000][1][safepoint    ] Total time for which application threads were stopped: 0.0001129 seconds, Stopping threads took: 0.0000231 seconds
[2019-12-11T09:04:46.821+0000][1][safepoint    ] Application time: 1.0028259 seconds
[2019-12-11T09:04:46.821+0000][1][safepoint    ] Entering safepoint region: Cleanup
[2019-12-11T09:04:46.821+0000][1][safepoint    ] Leaving safepoint region
[2019-12-11T09:04:46.821+0000][1][safepoint    ] Total time for which application threads were stopped: 0.0001163 seconds, Stopping threads took: 0.0000265 seconds
[2019-12-11T09:04:47.825+0000][1][safepoint    ] Application time: 1.0038180 seconds
[2019-12-11T09:04:47.825+0000][1][safepoint    ] Entering safepoint region: Cleanup
[2019-12-11T09:04:47.825+0000][1][safepoint    ] Leaving safepoint region
[2019-12-11T09:04:47.825+0000][1][safepoint    ] Total time for which application threads were stopped: 0.0001181 seconds, Stopping threads took: 0.0000244 seconds
[2019-12-11T09:04:48.828+0000][1][safepoint    ] Application time: 1.0028270 seconds
[2019-12-11T09:04:48.828+0000][1][safepoint    ] Entering safepoint region: Cleanup
[2019-12-11T09:04:48.828+0000][1][safepoint    ] Leaving safepoint region
[2019-12-11T09:04:48.828+0000][1][safepoint    ] Total time for which application threads were stopped: 0.0001165 seconds, Stopping threads took: 0.0000260 seconds
[2019-12-11T09:04:49.834+0000][1][safepoint    ] Application time: 1.0058262 seconds
[2019-12-11T09:04:49.834+0000][1][safepoint    ] Entering safepoint region: Cleanup
[2019-12-11T09:04:49.834+0000][1][safepoint    ] Leaving safepoint region
[2019-12-11T09:04:49.834+0000][1][safepoint    ] Total time for which application threads were stopped: 0.0001250 seconds, Stopping threads took: 0.0000262 seconds
[2019-12-11T09:04:50.835+0000][1][safepoint    ] Application time: 1.0008275 seconds
[2019-12-11T09:04:50.835+0000][1][safepoint    ] Entering safepoint region: Cleanup
[2019-12-11T09:04:50.835+0000][1][safepoint    ] Leaving safepoint region
[2019-12-11T09:04:50.835+0000][1][safepoint    ] Total time for which application threads were stopped: 0.0001168 seconds, Stopping threads took: 0.0000261 seconds
[2019-12-11T09:04:51.835+0000][1][safepoint    ] Application time: 1.0000810 seconds
[2019-12-11T09:04:51.835+0000][1][safepoint    ] Entering safepoint region: Cleanup
[2019-12-11T09:04:51.835+0000][1][safepoint    ] Leaving safepoint region
[2019-12-11T09:04:51.835+0000][1][safepoint    ] Total time for which application threads were stopped: 0.0000952 seconds, Stopping threads took: 0.0000249 seconds
[2019-12-11T09:04:52.836+0000][1][safepoint    ] Application time: 1.0006099 seconds
[2019-12-11T09:04:52.836+0000][1][safepoint    ] Entering safepoint region: Cleanup
[2019-12-11T09:04:52.836+0000][1][safepoint    ] Leaving safepoint region
[2019-12-11T09:04:52.836+0000][1][safepoint    ] Total time for which application threads were stopped: 0.0001224 seconds, Stopping threads took: 0.0000337 seconds
[2019-12-11T09:04:53.837+0000][1][safepoint    ] Application time: 1.0008575 seconds
[2019-12-11T09:04:53.837+0000][1][safepoint    ] Entering safepoint region: Cleanup
[2019-12-11T09:04:53.837+0000][1][safepoint    ] Leaving safepoint region
[2019-12-11T09:04:53.837+0000][1][safepoint    ] Total time for which application threads were stopped: 0.0001239 seconds, Stopping threads took: 0.0000272 seconds
[2019-12-11T09:04:54.839+0000][1][safepoint    ] Application time: 1.0018234 seconds
[2019-12-11T09:04:54.839+0000][1][safepoint    ] Entering safepoint region: Cleanup
[2019-12-11T09:04:54.839+0000][1][safepoint    ] Leaving safepoint region
[2019-12-11T09:04:54.839+0000][1][safepoint    ] Total time for which application threads were stopped: 0.0001161 seconds, Stopping threads took: 0.0000249 seconds
[2019-12-11T09:04:55.840+0000][1][safepoint    ] Application time: 1.0008032 seconds
[2019-12-11T09:04:55.840+0000][1][safepoint    ] Entering safepoint region: Cleanup
[2019-12-11T09:04:55.840+0000][1][safepoint    ] Leaving safepoint region
[2019-12-11T09:04:55.840+0000][1][safepoint    ] Total time for which application threads were stopped: 0.0001096 seconds, Stopping threads took: 0.0000239 seconds
[2019-12-11T09:04:56.843+0000][1][safepoint    ] Application time: 1.0028374 seconds
[2019-12-11T09:04:56.843+0000][1][safepoint    ] Entering safepoint region: Cleanup
[2019-12-11T09:04:56.843+0000][1][safepoint    ] Leaving safepoint region
[2019-12-11T09:04:56.843+0000][1][safepoint    ] Total time for which application threads were stopped: 0.0001140 seconds, Stopping threads took: 0.0000239 seconds
[2019-12-11T09:04:57.844+0000][1][safepoint    ] Application time: 1.0008270 seconds
[2019-12-11T09:04:57.844+0000][1][safepoint    ] Entering safepoint region: Cleanup
[2019-12-11T09:04:57.844+0000][1][safepoint    ] Leaving safepoint region
[2019-12-11T09:04:57.844+0000][1][safepoint    ] Total time for which application threads were stopped: 0.0001103 seconds, Stopping threads took: 0.0000238 seconds
[2019-12-11T09:04:58.848+0000][1][safepoint    ] Application time: 1.0038482 seconds
[2019-12-11T09:04:58.848+0000][1][safepoint    ] Entering safepoint region: Cleanup
[2019-12-11T09:04:58.848+0000][1][safepoint    ] Leaving safepoint region
[2019-12-11T09:04:58.848+0000][1][safepoint    ] Total time for which application threads were stopped: 0.0001234 seconds, Stopping threads took: 0.0000271 seconds
[2019-12-11T09:04:59.849+0000][1][safepoint    ] Application time: 1.0008117 seconds
[2019-12-11T09:04:59.849+0000][1][safepoint    ] Entering safepoint region: Cleanup
[2019-12-11T09:04:59.849+0000][1][safepoint    ] Leaving safepoint region
[2019-12-11T09:04:59.849+0000][1][safepoint    ] Total time for which application threads were stopped: 0.0001285 seconds, Stopping threads took: 0.0000276 seconds
[2019-12-11T09:05:00.852+0000][1][safepoint    ] Application time: 1.0028185 seconds
[2019-12-11T09:05:00.852+0000][1][safepoint    ] Entering safepoint region: Cleanup
[2019-12-11T09:05:00.852+0000][1][safepoint    ] Leaving safepoint region
[2019-12-11T09:05:00.852+0000][1][safepoint    ] Total time for which application threads were stopped: 0.0001255 seconds, Stopping threads took: 0.0000293 seconds
[2019-12-11T09:05:01.853+0000][1][safepoint    ] Application time: 1.0008189 seconds
[2019-12-11T09:05:01.853+0000][1][safepoint    ] Entering safepoint region: Cleanup
[2019-12-11T09:05:01.853+0000][1][safepoint    ] Leaving safepoint region
[2019-12-11T09:05:01.853+0000][1][safepoint    ] Total time for which application threads were stopped: 0.0001344 seconds, Stopping threads took: 0.0000283 seconds
[2019-12-11T09:05:02.855+0000][1][safepoint    ] Application time: 1.0018044 seconds
[2019-12-11T09:05:02.855+0000][1][safepoint    ] Entering safepoint region: Cleanup
[2019-12-11T09:05:02.855+0000][1][safepoint    ] Leaving safepoint region
[2019-12-11T09:05:02.855+0000][1][safepoint    ] Total time for which application threads were stopped: 0.0001290 seconds, Stopping threads took: 0.0000372 seconds
[2019-12-11T09:05:03.857+0000][1][safepoint    ] Application time: 1.0018481 seconds
[2019-12-11T09:05:03.857+0000][1][safepoint    ] Entering safepoint region: Cleanup
[2019-12-11T09:05:03.857+0000][1][safepoint    ] Leaving safepoint region
[2019-12-11T09:05:03.857+0000][1][safepoint    ] Total time for which application threads were stopped: 0.0001226 seconds, Stopping threads took: 0.0000280 seconds
[2019-12-11T09:05:04.859+0000][1][safepoint    ] Application time: 1.0017775 seconds
[2019-12-11T09:05:04.859+0000][1][safepoint    ] Entering safepoint region: Cleanup
[2019-12-11T09:05:04.859+0000][1][safepoint    ] Leaving safepoint region
[2019-12-11T09:05:04.859+0000][1][safepoint    ] Total time for which application threads were stopped: 0.0001133 seconds, Stopping threads took: 0.0000246 seconds
[2019-12-11T09:05:05.861+0000][1][safepoint    ] Application time: 1.0018276 seconds
[2019-12-11T09:05:05.861+0000][1][safepoint    ] Entering safepoint region: Cleanup
[2019-12-11T09:05:05.861+0000][1][safepoint    ] Leaving safepoint region
[2019-12-11T09:05:05.861+0000][1][safepoint    ] Total time for which application threads were stopped: 0.0001159 seconds, Stopping threads took: 0.0000259 seconds
[2019-12-11T09:05:06.864+0000][1][safepoint    ] Application time: 1.0029417 seconds
[2019-12-11T09:05:06.864+0000][1][safepoint    ] Entering safepoint region: Cleanup
[2019-12-11T09:05:06.864+0000][1][safepoint    ] Leaving safepoint region
[2019-12-11T09:05:06.864+0000][1][safepoint    ] Total time for which application threads were stopped: 0.0001179 seconds, Stopping threads took: 0.0000255 seconds
[2019-12-11T09:05:07.864+0000][1][safepoint    ] Application time: 1.0000849 seconds
[2019-12-11T09:05:07.864+0000][1][safepoint    ] Entering safepoint region: Cleanup
[2019-12-11T09:05:07.864+0000][1][safepoint    ] Leaving safepoint region
[2019-12-11T09:05:07.864+0000][1][safepoint    ] Total time for which application threads were stopped: 0.0001473 seconds, Stopping threads took: 0.0000291 seconds
[2019-12-11T09:05:08.865+0000][1][safepoint    ] Application time: 1.0004270 seconds
[2019-12-11T09:05:08.865+0000][1][safepoint    ] Entering safepoint region: Cleanup
[2019-12-11T09:05:08.865+0000][1][safepoint    ] Leaving safepoint region
[2019-12-11T09:05:08.865+0000][1][safepoint    ] Total time for which application threads were stopped: 0.0001080 seconds, Stopping threads took: 0.0000236 seconds
[2019-12-11T09:05:09.867+0000][1][safepoint    ] Application time: 1.0018411 seconds
[2019-12-11T09:05:09.867+0000][1][safepoint    ] Entering safepoint region: Cleanup
[2019-12-11T09:05:09.867+0000][1][safepoint    ] Leaving safepoint region
[2019-12-11T09:05:09.867+0000][1][safepoint    ] Total time for which application threads were stopped: 0.0001240 seconds, Stopping threads took: 0.0000369 seconds
[2019-12-11T09:05:10.869+0000][1][safepoint    ] Application time: 1.0018243 seconds
[2019-12-11T09:05:10.869+0000][1][safepoint    ] Entering safepoint region: Cleanup
[2019-12-11T09:05:10.869+0000][1][safepoint    ] Leaving safepoint region
[2019-12-11T09:05:10.869+0000][1][safepoint    ] Total time for which application threads were stopped: 0.0001186 seconds, Stopping threads took: 0.0000265 seconds
[2019-12-11T09:05:11.869+0000][1][safepoint    ] Application time: 1.0000869 seconds
[2019-12-11T09:05:11.869+0000][1][safepoint    ] Entering safepoint region: Cleanup
[2019-12-11T09:05:11.869+0000][1][safepoint    ] Leaving safepoint region
[2019-12-11T09:05:11.869+0000][1][safepoint    ] Total time for which application threads were stopped: 0.0001347 seconds, Stopping threads took: 0.0000272 seconds
[2019-12-11T09:05:12.871+0000][1][safepoint    ] Application time: 1.0015562 seconds
[2019-12-11T09:05:12.871+0000][1][safepoint    ] Entering safepoint region: Cleanup
[2019-12-11T09:05:12.871+0000][1][safepoint    ] Leaving safepoint region
[2019-12-11T09:05:12.871+0000][1][safepoint    ] Total time for which application threads were stopped: 0.0001294 seconds, Stopping threads took: 0.0000287 seconds
[2019-12-11T09:05:13.873+0000][1][safepoint    ] Application time: 1.0017913 seconds
[2019-12-11T09:05:13.873+0000][1][safepoint    ] Entering safepoint region: Cleanup
[2019-12-11T09:05:13.873+0000][1][safepoint    ] Leaving safepoint region
[2019-12-11T09:05:13.873+0000][1][safepoint    ] Total time for which application threads were stopped: 0.0001146 seconds, Stopping threads took: 0.0000265 seconds
[2019-12-11T09:05:14.985+0000][1][safepoint    ] Application time: 1.1118287 seconds
[2019-12-11T09:05:14.985+0000][1][safepoint    ] Entering safepoint region: Cleanup
[2019-12-11T09:05:14.985+0000][1][safepoint    ] Leaving safepoint region
[2019-12-11T09:05:14.985+0000][1][safepoint    ] Total time for which application threads were stopped: 0.0001301 seconds, Stopping threads took: 0.0000271 seconds
[2019-12-11T09:05:15.987+0000][1][safepoint    ] Application time: 1.0018086 seconds
[2019-12-11T09:05:15.987+0000][1][safepoint    ] Entering safepoint region: Cleanup
[2019-12-11T09:05:15.987+0000][1][safepoint    ] Leaving safepoint region
[2019-12-11T09:05:15.987+0000][1][safepoint    ] Total time for which application threads were stopped: 0.0001146 seconds, Stopping threads took: 0.0000262 seconds
[2019-12-11T09:05:16.990+0000][1][safepoint    ] Application time: 1.0028162 seconds
[2019-12-11T09:05:16.990+0000][1][safepoint    ] Entering safepoint region: Cleanup
[2019-12-11T09:05:16.990+0000][1][safepoint    ] Leaving safepoint region
[2019-12-11T09:05:16.990+0000][1][safepoint    ] Total time for which application threads were stopped: 0.0001138 seconds, Stopping threads took: 0.0000258 seconds
[2019-12-11T09:05:17.992+0000][1][safepoint    ] Application time: 1.0019055 seconds
[2019-12-11T09:05:17.992+0000][1][safepoint    ] Entering safepoint region: Cleanup
[2019-12-11T09:05:17.992+0000][1][safepoint    ] Leaving safepoint region
[2019-12-11T09:05:17.992+0000][1][safepoint    ] Total time for which application threads were stopped: 0.0001275 seconds, Stopping threads took: 0.0000287 seconds
[2019-12-11T09:05:18.993+0000][1][safepoint    ] Application time: 1.0007433 seconds
[2019-12-11T09:05:18.993+0000][1][safepoint    ] Entering safepoint region: Cleanup
[2019-12-11T09:05:18.993+0000][1][safepoint    ] Leaving safepoint region
[2019-12-11T09:05:18.993+0000][1][safepoint    ] Total time for which application threads were stopped: 0.0001211 seconds, Stopping threads took: 0.0000269 seconds
[2019-12-11T09:05:19.994+0000][1][safepoint    ] Application time: 1.0008166 seconds
[2019-12-11T09:05:19.994+0000][1][safepoint    ] Entering safepoint region: Cleanup
[2019-12-11T09:05:19.994+0000][1][safepoint    ] Leaving safepoint region
[2019-12-11T09:05:19.994+0000][1][safepoint    ] Total time for which application threads were stopped: 0.0001363 seconds, Stopping threads took: 0.0000275 seconds
[2019-12-11T09:05:20.995+0000][1][safepoint    ] Application time: 1.0008029 seconds
[2019-12-11T09:05:20.995+0000][1][safepoint    ] Entering safepoint region: Cleanup
[2019-12-11T09:05:20.995+0000][1][safepoint    ] Leaving safepoint region
[2019-12-11T09:05:20.995+0000][1][safepoint    ] Total time for which application threads were stopped: 0.0001203 seconds, Stopping threads took: 0.0000274 seconds
[2019-12-11T09:05:21.995+0000][1][safepoint    ] Application time: 1.0001523 seconds
[2019-12-11T09:05:21.995+0000][1][safepoint    ] Entering safepoint region: Cleanup
[2019-12-11T09:05:21.995+0000][1][safepoint    ] Leaving safepoint region
[2019-12-11T09:05:21.995+0000][1][safepoint    ] Total time for which application threads were stopped: 0.0001515 seconds, Stopping threads took: 0.0000275 seconds
[2019-12-11T09:05:22.997+0000][1][safepoint    ] Application time: 1.0014682 seconds
[2019-12-11T09:05:22.997+0000][1][safepoint    ] Entering safepoint region: Cleanup
[2019-12-11T09:05:22.997+0000][1][safepoint    ] Leaving safepoint region
[2019-12-11T09:05:22.997+0000][1][safepoint    ] Total time for which application threads were stopped: 0.0001367 seconds, Stopping threads took: 0.0000309 seconds
[2019-12-11T09:05:24.003+0000][1][safepoint    ] Application time: 1.0058089 seconds
[2019-12-11T09:05:24.003+0000][1][safepoint    ] Entering safepoint region: Cleanup
[2019-12-11T09:05:24.003+0000][1][safepoint    ] Leaving safepoint region
[2019-12-11T09:05:24.003+0000][1][safepoint    ] Total time for which application threads were stopped: 0.0001591 seconds, Stopping threads took: 0.0000319 seconds
[2019-12-11T09:05:25.003+0000][1][safepoint    ] Application time: 1.0000962 seconds
[2019-12-11T09:05:25.003+0000][1][safepoint    ] Entering safepoint region: Cleanup
[2019-12-11T09:05:25.003+0000][1][safepoint    ] Leaving safepoint region
[2019-12-11T09:05:25.003+0000][1][safepoint    ] Total time for which application threads were stopped: 0.0001277 seconds, Stopping threads took: 0.0000351 seconds
[2019-12-11T09:05:26.004+0000][1][safepoint    ] Application time: 1.0005024 seconds
[2019-12-11T09:05:26.004+0000][1][safepoint    ] Entering safepoint region: Cleanup
[2019-12-11T09:05:26.004+0000][1][safepoint    ] Leaving safepoint region
[2019-12-11T09:05:26.004+0000][1][safepoint    ] Total time for which application threads were stopped: 0.0001343 seconds, Stopping threads took: 0.0000288 seconds
[2019-12-11T09:05:27.006+0000][1][safepoint    ] Application time: 1.0017865 seconds
[2019-12-11T09:05:27.006+0000][1][safepoint    ] Entering safepoint region: Cleanup
[2019-12-11T09:05:27.006+0000][1][safepoint    ] Leaving safepoint region
[2019-12-11T09:05:27.006+0000][1][safepoint    ] Total time for which application threads were stopped: 0.0001274 seconds, Stopping threads took: 0.0000313 seconds
[2019-12-11T09:05:28.007+0000][1][safepoint    ] Application time: 1.0008143 seconds
[2019-12-11T09:05:28.007+0000][1][safepoint    ] Entering safepoint region: Cleanup
[2019-12-11T09:05:28.007+0000][1][safepoint    ] Leaving safepoint region
[2019-12-11T09:05:28.007+0000][1][safepoint    ] Total time for which application threads were stopped: 0.0001212 seconds, Stopping threads took: 0.0000268 seconds
[2019-12-11T09:05:29.008+0000][1][safepoint    ] Application time: 1.0008406 seconds
[2019-12-11T09:05:29.008+0000][1][safepoint    ] Entering safepoint region: Cleanup
[2019-12-11T09:05:29.008+0000][1][safepoint    ] Leaving safepoint region
[2019-12-11T09:05:29.008+0000][1][safepoint    ] Total time for which application threads were stopped: 0.0001242 seconds, Stopping threads took: 0.0000286 seconds
[2019-12-11T09:05:30.009+0000][1][safepoint    ] Application time: 1.0008041 seconds
[2019-12-11T09:05:30.009+0000][1][safepoint    ] Entering safepoint region: Cleanup
[2019-12-11T09:05:30.009+0000][1][safepoint    ] Leaving safepoint region
[2019-12-11T09:05:30.009+0000][1][safepoint    ] Total time for which application threads were stopped: 0.0001233 seconds, Stopping threads took: 0.0000290 seconds
[2019-12-11T09:05:31.010+0000][1][safepoint    ] Application time: 1.0008380 seconds
[2019-12-11T09:05:31.010+0000][1][safepoint    ] Entering safepoint region: Cleanup
[2019-12-11T09:05:31.010+0000][1][safepoint    ] Leaving safepoint region
[2019-12-11T09:05:31.010+0000][1][safepoint    ] Total time for which application threads were stopped: 0.0001191 seconds, Stopping threads took: 0.0000275 seconds
[2019-12-11T09:05:32.012+0000][1][safepoint    ] Application time: 1.0018632 seconds
[2019-12-11T09:05:32.012+0000][1][safepoint    ] Entering safepoint region: Cleanup
[2019-12-11T09:05:32.012+0000][1][safepoint    ] Leaving safepoint region
[2019-12-11T09:05:32.012+0000][1][safepoint    ] Total time for which application threads were stopped: 0.0001293 seconds, Stopping threads took: 0.0000293 seconds
[2019-12-11T09:05:33.013+0000][1][safepoint    ] Application time: 1.0007248 seconds
[2019-12-11T09:05:33.013+0000][1][safepoint    ] Entering safepoint region: Cleanup
[2019-12-11T09:05:33.013+0000][1][safepoint    ] Leaving safepoint region
[2019-12-11T09:05:33.013+0000][1][safepoint    ] Total time for which application threads were stopped: 0.0001212 seconds, Stopping threads took: 0.0000277 seconds
[2019-12-11T09:05:34.017+0000][1][safepoint    ] Application time: 1.0038216 seconds
[2019-12-11T09:05:34.017+0000][1][safepoint    ] Entering safepoint region: Cleanup
[2019-12-11T09:05:34.017+0000][1][safepoint    ] Leaving safepoint region
[2019-12-11T09:05:34.017+0000][1][safepoint    ] Total time for which application threads were stopped: 0.0001323 seconds, Stopping threads took: 0.0000393 seconds
[2019-12-11T09:05:35.018+0000][1][safepoint    ] Application time: 1.0008248 seconds
[2019-12-11T09:05:35.018+0000][1][safepoint    ] Entering safepoint region: Cleanup
[2019-12-11T09:05:35.018+0000][1][safepoint    ] Leaving safepoint region
[2019-12-11T09:05:35.018+0000][1][safepoint    ] Total time for which application threads were stopped: 0.0001245 seconds, Stopping threads took: 0.0000292 seconds
[2019-12-11T09:05:36.019+0000][1][safepoint    ] Application time: 1.0009565 seconds
[2019-12-11T09:05:36.019+0000][1][safepoint    ] Entering safepoint region: Cleanup
[2019-12-11T09:05:36.019+0000][1][safepoint    ] Leaving safepoint region
[2019-12-11T09:05:36.019+0000][1][safepoint    ] Total time for which application threads were stopped: 0.0001420 seconds, Stopping threads took: 0.0000301 seconds
[2019-12-11T09:05:37.021+0000][1][safepoint    ] Application time: 1.0016473 seconds
[2019-12-11T09:05:37.021+0000][1][safepoint    ] Entering safepoint region: Cleanup
[2019-12-11T09:05:37.021+0000][1][safepoint    ] Leaving safepoint region
[2019-12-11T09:05:37.021+0000][1][safepoint    ] Total time for which application threads were stopped: 0.0001213 seconds, Stopping threads took: 0.0000359 seconds
[2019-12-11T09:05:38.023+0000][1][safepoint    ] Application time: 1.0018490 seconds
[2019-12-11T09:05:38.023+0000][1][safepoint    ] Entering safepoint region: Cleanup
[2019-12-11T09:05:38.023+0000][1][safepoint    ] Leaving safepoint region
[2019-12-11T09:05:38.023+0000][1][safepoint    ] Total time for which application threads were stopped: 0.0001431 seconds, Stopping threads took: 0.0000294 seconds
[2019-12-11T09:05:39.026+0000][1][safepoint    ] Application time: 1.0027949 seconds
[2019-12-11T09:05:39.026+0000][1][safepoint    ] Entering safepoint region: Cleanup
[2019-12-11T09:05:39.026+0000][1][safepoint    ] Leaving safepoint region
[2019-12-11T09:05:39.026+0000][1][safepoint    ] Total time for which application threads were stopped: 0.0001261 seconds, Stopping threads took: 0.0000285 seconds
[2019-12-11T09:05:40.029+0000][1][safepoint    ] Application time: 1.0027907 seconds
[2019-12-11T09:05:40.029+0000][1][safepoint    ] Entering safepoint region: Cleanup
[2019-12-11T09:05:40.029+0000][1][safepoint    ] Leaving safepoint region
[2019-12-11T09:05:40.029+0000][1][safepoint    ] Total time for which application threads were stopped: 0.0001215 seconds, Stopping threads took: 0.0000259 seconds
[2019-12-11T09:05:41.032+0000][1][safepoint    ] Application time: 1.0028178 seconds
[2019-12-11T09:05:41.032+0000][1][safepoint    ] Entering safepoint region: Cleanup
[2019-12-11T09:05:41.032+0000][1][safepoint    ] Leaving safepoint region
[2019-12-11T09:05:41.032+0000][1][safepoint    ] Total time for which application threads were stopped: 0.0001203 seconds, Stopping threads took: 0.0000263 seconds
[2019-12-11T09:05:42.033+0000][1][safepoint    ] Application time: 1.0008216 seconds
[2019-12-11T09:05:42.033+0000][1][safepoint    ] Entering safepoint region: Cleanup
[2019-12-11T09:05:42.033+0000][1][safepoint    ] Leaving safepoint region
[2019-12-11T09:05:42.033+0000][1][safepoint    ] Total time for which application threads were stopped: 0.0001140 seconds, Stopping threads took: 0.0000248 seconds
[2019-12-11T09:05:43.034+0000][1][safepoint    ] Application time: 1.0008327 seconds
[2019-12-11T09:05:43.034+0000][1][safepoint    ] Entering safepoint region: Cleanup
[2019-12-11T09:05:43.034+0000][1][safepoint    ] Leaving safepoint region
[2019-12-11T09:05:43.034+0000][1][safepoint    ] Total time for which application threads were stopped: 0.0001161 seconds, Stopping threads took: 0.0000268 seconds
[2019-12-11T09:05:44.036+0000][1][safepoint    ] Application time: 1.0018255 seconds
[2019-12-11T09:05:44.036+0000][1][safepoint    ] Entering safepoint region: Cleanup
[2019-12-11T09:05:44.036+0000][1][safepoint    ] Leaving safepoint region
[2019-12-11T09:05:44.036+0000][1][safepoint    ] Total time for which application threads were stopped: 0.0001290 seconds, Stopping threads took: 0.0000294 seconds
[2019-12-11T09:05:45.039+0000][1][safepoint    ] Application time: 1.0028280 seconds
[2019-12-11T09:05:45.039+0000][1][safepoint    ] Entering safepoint region: Cleanup
[2019-12-11T09:05:45.039+0000][1][safepoint    ] Leaving safepoint region
[2019-12-11T09:05:45.039+0000][1][safepoint    ] Total time for which application threads were stopped: 0.0001296 seconds, Stopping threads took: 0.0000287 seconds
[2019-12-11T09:05:45.800+0000][1][safepoint    ] Application time: 0.7607865 seconds
[2019-12-11T09:05:45.800+0000][1][safepoint    ] Entering safepoint region: GenCollectForAllocation
[2019-12-11T09:05:45.800+0000][1][gc,start     ] GC(45) Pause Young (Allocation Failure)
[2019-12-11T09:05:45.800+0000][1][gc,task      ] GC(45) Using 2 workers of 2 for evacuation
[2019-12-11T09:05:45.803+0000][1][gc,age       ] GC(45) Desired survivor size 4456448 bytes, new threshold 6 (max threshold 6)
[2019-12-11T09:05:45.803+0000][1][gc,age       ] GC(45) Age table with threshold 6 (max threshold 6)
[2019-12-11T09:05:45.803+0000][1][gc,age       ] GC(45) - age   1:       8448 bytes,       8448 total
[2019-12-11T09:05:45.803+0000][1][gc,age       ] GC(45) - age   2:       3232 bytes,      11680 total
[2019-12-11T09:05:45.803+0000][1][gc,age       ] GC(45) - age   3:       1488 bytes,      13168 total
[2019-12-11T09:05:45.803+0000][1][gc,age       ] GC(45) - age   4:        256 bytes,      13424 total
[2019-12-11T09:05:45.803+0000][1][gc,age       ] GC(45) - age   5:       3416 bytes,      16840 total
[2019-12-11T09:05:45.803+0000][1][gc,age       ] GC(45) - age   6:      19520 bytes,      36360 total
[2019-12-11T09:05:45.803+0000][1][gc,heap      ] GC(45) ParNew: 70002K->40K(78656K)
[2019-12-11T09:05:45.803+0000][1][gc,heap      ] GC(45) CMS: 73701K->73703K(174784K)
[2019-12-11T09:05:45.803+0000][1][gc,metaspace ] GC(45) Metaspace: 77805K->77805K(1120256K)
[2019-12-11T09:05:45.803+0000][1][gc           ] GC(45) Pause Young (Allocation Failure) 140M->72M(247M) 3.290ms
[2019-12-11T09:05:45.803+0000][1][gc,cpu       ] GC(45) User=0.01s Sys=0.00s Real=0.00s
[2019-12-11T09:05:45.803+0000][1][safepoint    ] Leaving safepoint region
[2019-12-11T09:05:45.803+0000][1][safepoint    ] Total time for which application threads were stopped: 0.0035033 seconds, Stopping threads took: 0.0000248 seconds
[2019-12-11T09:05:46.804+0000][1][safepoint    ] Application time: 1.0004467 seconds
[2019-12-11T09:05:46.804+0000][1][safepoint    ] Entering safepoint region: Cleanup
[2019-12-11T09:05:46.804+0000][1][safepoint    ] Leaving safepoint region
[2019-12-11T09:05:46.804+0000][1][safepoint    ] Total time for which application threads were stopped: 0.0001246 seconds, Stopping threads took: 0.0000291 seconds
[2019-12-11T09:05:47.806+0000][1][safepoint    ] Application time: 1.0018338 seconds
[2019-12-11T09:05:47.806+0000][1][safepoint    ] Entering safepoint region: Cleanup
[2019-12-11T09:05:47.806+0000][1][safepoint    ] Leaving safepoint region
[2019-12-11T09:05:47.806+0000][1][safepoint    ] Total time for which application threads were stopped: 0.0001184 seconds, Stopping threads took: 0.0000281 seconds
[2019-12-11T09:05:48.807+0000][1][safepoint    ] Application time: 1.0008094 seconds
[2019-12-11T09:05:48.807+0000][1][safepoint    ] Entering safepoint region: Cleanup
[2019-12-11T09:05:48.807+0000][1][safepoint    ] Leaving safepoint region
[2019-12-11T09:05:48.807+0000][1][safepoint    ] Total time for which application threads were stopped: 0.0001270 seconds, Stopping threads took: 0.0000282 seconds
[2019-12-11T09:05:49.809+0000][1][safepoint    ] Application time: 1.0018415 seconds
[2019-12-11T09:05:49.809+0000][1][safepoint    ] Entering safepoint region: Cleanup
[2019-12-11T09:05:49.809+0000][1][safepoint    ] Leaving safepoint region
[2019-12-11T09:05:49.809+0000][1][safepoint    ] Total time for which application threads were stopped: 0.0001236 seconds, Stopping threads took: 0.0000284 seconds
[2019-12-11T09:05:50.811+0000][1][safepoint    ] Application time: 1.0017719 seconds
[2019-12-11T09:05:50.811+0000][1][safepoint    ] Entering safepoint region: Cleanup
[2019-12-11T09:05:50.811+0000][1][safepoint    ] Leaving safepoint region
[2019-12-11T09:05:50.811+0000][1][safepoint    ] Total time for which application threads were stopped: 0.0001160 seconds, Stopping threads took: 0.0000264 seconds
[2019-12-11T09:05:51.812+0000][1][safepoint    ] Application time: 1.0008565 seconds
[2019-12-11T09:05:51.812+0000][1][safepoint    ] Entering safepoint region: Cleanup
[2019-12-11T09:05:51.812+0000][1][safepoint    ] Leaving safepoint region
[2019-12-11T09:05:51.812+0000][1][safepoint    ] Total time for which application threads were stopped: 0.0001264 seconds, Stopping threads took: 0.0000264 seconds
[2019-12-11T09:05:52.813+0000][1][safepoint    ] Application time: 1.0007989 seconds
[2019-12-11T09:05:52.813+0000][1][safepoint    ] Entering safepoint region: Cleanup
[2019-12-11T09:05:52.813+0000][1][safepoint    ] Leaving safepoint region
[2019-12-11T09:05:52.813+0000][1][safepoint    ] Total time for which application threads were stopped: 0.0001187 seconds, Stopping threads took: 0.0000237 seconds
[2019-12-11T09:05:53.816+0000][1][safepoint    ] Application time: 1.0028281 seconds
[2019-12-11T09:05:53.816+0000][1][safepoint    ] Entering safepoint region: Cleanup
[2019-12-11T09:05:53.816+0000][1][safepoint    ] Leaving safepoint region
[2019-12-11T09:05:53.816+0000][1][safepoint    ] Total time for which application threads were stopped: 0.0001174 seconds, Stopping threads took: 0.0000280 seconds
[2019-12-11T09:05:54.817+0000][1][safepoint    ] Application time: 1.0008148 seconds
[2019-12-11T09:05:54.817+0000][1][safepoint    ] Entering safepoint region: Cleanup
[2019-12-11T09:05:54.817+0000][1][safepoint    ] Leaving safepoint region
[2019-12-11T09:05:54.817+0000][1][safepoint    ] Total time for which application threads were stopped: 0.0001143 seconds, Stopping threads took: 0.0000258 seconds
[2019-12-11T09:05:55.818+0000][1][safepoint    ] Application time: 1.0008462 seconds
[2019-12-11T09:05:55.818+0000][1][safepoint    ] Entering safepoint region: Cleanup
[2019-12-11T09:05:55.818+0000][1][safepoint    ] Leaving safepoint region
[2019-12-11T09:05:55.818+0000][1][safepoint    ] Total time for which application threads were stopped: 0.0001170 seconds, Stopping threads took: 0.0000249 seconds
[2019-12-11T09:05:56.818+0000][1][safepoint    ] Application time: 1.0000803 seconds
[2019-12-11T09:05:56.818+0000][1][safepoint    ] Entering safepoint region: Cleanup
[2019-12-11T09:05:56.818+0000][1][safepoint    ] Leaving safepoint region
[2019-12-11T09:05:56.818+0000][1][safepoint    ] Total time for which application threads were stopped: 0.0001350 seconds, Stopping threads took: 0.0000382 seconds
[2019-12-11T09:05:57.818+0000][1][safepoint    ] Application time: 1.0000920 seconds
[2019-12-11T09:05:57.818+0000][1][safepoint    ] Entering safepoint region: Cleanup
[2019-12-11T09:05:57.818+0000][1][safepoint    ] Leaving safepoint region
[2019-12-11T09:05:57.818+0000][1][safepoint    ] Total time for which application threads were stopped: 0.0001230 seconds, Stopping threads took: 0.0000279 seconds
[2019-12-11T09:05:58.820+0000][1][safepoint    ] Application time: 1.0012596 seconds
[2019-12-11T09:05:58.820+0000][1][safepoint    ] Entering safepoint region: Cleanup
[2019-12-11T09:05:58.820+0000][1][safepoint    ] Leaving safepoint region
[2019-12-11T09:05:58.820+0000][1][safepoint    ] Total time for which application threads were stopped: 0.0001238 seconds, Stopping threads took: 0.0000360 seconds
[2019-12-11T09:05:59.821+0000][1][safepoint    ] Application time: 1.0008185 seconds
[2019-12-11T09:05:59.821+0000][1][safepoint    ] Entering safepoint region: Cleanup
[2019-12-11T09:05:59.821+0000][1][safepoint    ] Leaving safepoint region
[2019-12-11T09:05:59.821+0000][1][safepoint    ] Total time for which application threads were stopped: 0.0001247 seconds, Stopping threads took: 0.0000293 seconds
[2019-12-11T09:06:00.821+0000][1][safepoint    ] Application time: 1.0000879 seconds
[2019-12-11T09:06:00.821+0000][1][safepoint    ] Entering safepoint region: Cleanup
[2019-12-11T09:06:00.821+0000][1][safepoint    ] Leaving safepoint region
[2019-12-11T09:06:00.821+0000][1][safepoint    ] Total time for which application threads were stopped: 0.0001244 seconds, Stopping threads took: 0.0000291 seconds
[2019-12-11T09:06:01.823+0000][1][safepoint    ] Application time: 1.0015469 seconds
[2019-12-11T09:06:01.823+0000][1][safepoint    ] Entering safepoint region: Cleanup
[2019-12-11T09:06:01.823+0000][1][safepoint    ] Leaving safepoint region
[2019-12-11T09:06:01.823+0000][1][safepoint    ] Total time for which application threads were stopped: 0.0001325 seconds, Stopping threads took: 0.0000301 seconds
[2019-12-11T09:06:02.824+0000][1][safepoint    ] Application time: 1.0008129 seconds
[2019-12-11T09:06:02.824+0000][1][safepoint    ] Entering safepoint region: Cleanup
[2019-12-11T09:06:02.824+0000][1][safepoint    ] Leaving safepoint region
[2019-12-11T09:06:02.824+0000][1][safepoint    ] Total time for which application threads were stopped: 0.0001196 seconds, Stopping threads took: 0.0000264 seconds
[2019-12-11T09:06:03.826+0000][1][safepoint    ] Application time: 1.0018279 seconds
[2019-12-11T09:06:03.826+0000][1][safepoint    ] Entering safepoint region: Cleanup
[2019-12-11T09:06:03.826+0000][1][safepoint    ] Leaving safepoint region
[2019-12-11T09:06:03.826+0000][1][safepoint    ] Total time for which application threads were stopped: 0.0001184 seconds, Stopping threads took: 0.0000268 seconds
[2019-12-11T09:06:04.827+0000][1][safepoint    ] Application time: 1.0008549 seconds
[2019-12-11T09:06:04.827+0000][1][safepoint    ] Entering safepoint region: Cleanup
[2019-12-11T09:06:04.827+0000][1][safepoint    ] Leaving safepoint region
[2019-12-11T09:06:04.827+0000][1][safepoint    ] Total time for which application threads were stopped: 0.0001316 seconds, Stopping threads took: 0.0000291 seconds
[2019-12-11T09:06:05.828+0000][1][safepoint    ] Application time: 1.0008293 seconds
[2019-12-11T09:06:05.828+0000][1][safepoint    ] Entering safepoint region: Cleanup
[2019-12-11T09:06:05.828+0000][1][safepoint    ] Leaving safepoint region
[2019-12-11T09:06:05.828+0000][1][safepoint    ] Total time for which application threads were stopped: 0.0001256 seconds, Stopping threads took: 0.0000267 seconds
[2019-12-11T09:06:06.833+0000][1][safepoint    ] Application time: 1.0047745 seconds
[2019-12-11T09:06:06.833+0000][1][safepoint    ] Entering safepoint region: Cleanup
[2019-12-11T09:06:06.833+0000][1][safepoint    ] Leaving safepoint region
[2019-12-11T09:06:06.833+0000][1][safepoint    ] Total time for which application threads were stopped: 0.0001422 seconds, Stopping threads took: 0.0000284 seconds
[2019-12-11T09:06:07.835+0000][1][safepoint    ] Application time: 1.0017898 seconds
[2019-12-11T09:06:07.835+0000][1][safepoint    ] Entering safepoint region: Cleanup
[2019-12-11T09:06:07.835+0000][1][safepoint    ] Leaving safepoint region
[2019-12-11T09:06:07.835+0000][1][safepoint    ] Total time for which application threads were stopped: 0.0001291 seconds, Stopping threads took: 0.0000290 seconds
[2019-12-11T09:06:08.835+0000][1][safepoint    ] Application time: 1.0002447 seconds
[2019-12-11T09:06:08.835+0000][1][safepoint    ] Entering safepoint region: Cleanup
[2019-12-11T09:06:08.835+0000][1][safepoint    ] Leaving safepoint region
[2019-12-11T09:06:08.835+0000][1][safepoint    ] Total time for which application threads were stopped: 0.0001432 seconds, Stopping threads took: 0.0000364 seconds
[2019-12-11T09:06:09.838+0000][1][safepoint    ] Application time: 1.0023468 seconds
[2019-12-11T09:06:09.838+0000][1][safepoint    ] Entering safepoint region: Cleanup
[2019-12-11T09:06:09.838+0000][1][safepoint    ] Leaving safepoint region
[2019-12-11T09:06:09.838+0000][1][safepoint    ] Total time for which application threads were stopped: 0.0001164 seconds, Stopping threads took: 0.0000266 seconds
[2019-12-11T09:06:10.839+0000][1][safepoint    ] Application time: 1.0008679 seconds
[2019-12-11T09:06:10.839+0000][1][safepoint    ] Entering safepoint region: Cleanup
[2019-12-11T09:06:10.839+0000][1][safepoint    ] Leaving safepoint region
[2019-12-11T09:06:10.839+0000][1][safepoint    ] Total time for which application threads were stopped: 0.0001201 seconds, Stopping threads took: 0.0000287 seconds
[2019-12-11T09:06:11.842+0000][1][safepoint    ] Application time: 1.0027870 seconds
[2019-12-11T09:06:11.842+0000][1][safepoint    ] Entering safepoint region: Cleanup
[2019-12-11T09:06:11.842+0000][1][safepoint    ] Leaving safepoint region
[2019-12-11T09:06:11.842+0000][1][safepoint    ] Total time for which application threads were stopped: 0.0001250 seconds, Stopping threads took: 0.0000272 seconds
[2019-12-11T09:06:12.843+0000][1][safepoint    ] Application time: 1.0008045 seconds
[2019-12-11T09:06:12.843+0000][1][safepoint    ] Entering safepoint region: Cleanup
[2019-12-11T09:06:12.843+0000][1][safepoint    ] Leaving safepoint region
[2019-12-11T09:06:12.843+0000][1][safepoint    ] Total time for which application threads were stopped: 0.0001179 seconds, Stopping threads took: 0.0000270 seconds
[2019-12-11T09:06:13.846+0000][1][safepoint    ] Application time: 1.0028358 seconds
[2019-12-11T09:06:13.846+0000][1][safepoint    ] Entering safepoint region: Cleanup
[2019-12-11T09:06:13.846+0000][1][safepoint    ] Leaving safepoint region
[2019-12-11T09:06:13.846+0000][1][safepoint    ] Total time for which application threads were stopped: 0.0001175 seconds, Stopping threads took: 0.0000278 seconds
[2019-12-11T09:06:14.847+0000][1][safepoint    ] Application time: 1.0008214 seconds
[2019-12-11T09:06:14.847+0000][1][safepoint    ] Entering safepoint region: Cleanup
[2019-12-11T09:06:14.847+0000][1][safepoint    ] Leaving safepoint region
[2019-12-11T09:06:14.847+0000][1][safepoint    ] Total time for which application threads were stopped: 0.0001376 seconds, Stopping threads took: 0.0000295 seconds
[2019-12-11T09:06:15.847+0000][1][safepoint    ] Application time: 1.0000866 seconds
[2019-12-11T09:06:15.847+0000][1][safepoint    ] Entering safepoint region: Cleanup
[2019-12-11T09:06:15.847+0000][1][safepoint    ] Leaving safepoint region
[2019-12-11T09:06:15.847+0000][1][safepoint    ] Total time for which application threads were stopped: 0.0001249 seconds, Stopping threads took: 0.0000292 seconds
[2019-12-11T09:06:16.850+0000][1][safepoint    ] Application time: 1.0025331 seconds
[2019-12-11T09:06:16.850+0000][1][safepoint    ] Entering safepoint region: Cleanup
[2019-12-11T09:06:16.850+0000][1][safepoint    ] Leaving safepoint region
[2019-12-11T09:06:16.850+0000][1][safepoint    ] Total time for which application threads were stopped: 0.0001293 seconds, Stopping threads took: 0.0000268 seconds
[2019-12-11T09:06:17.851+0000][1][safepoint    ] Application time: 1.0008295 seconds
[2019-12-11T09:06:17.851+0000][1][safepoint    ] Entering safepoint region: Cleanup
[2019-12-11T09:06:17.851+0000][1][safepoint    ] Leaving safepoint region
[2019-12-11T09:06:17.851+0000][1][safepoint    ] Total time for which application threads were stopped: 0.0001222 seconds, Stopping threads took: 0.0000269 seconds
[2019-12-11T09:06:18.852+0000][1][safepoint    ] Application time: 1.0008150 seconds
[2019-12-11T09:06:18.852+0000][1][safepoint    ] Entering safepoint region: Cleanup
[2019-12-11T09:06:18.852+0000][1][safepoint    ] Leaving safepoint region
[2019-12-11T09:06:18.852+0000][1][safepoint    ] Total time for which application threads were stopped: 0.0001312 seconds, Stopping threads took: 0.0000350 seconds
[2019-12-11T09:06:19.853+0000][1][safepoint    ] Application time: 1.0008068 seconds
[2019-12-11T09:06:19.853+0000][1][safepoint    ] Entering safepoint region: Cleanup
[2019-12-11T09:06:19.853+0000][1][safepoint    ] Leaving safepoint region
[2019-12-11T09:06:19.853+0000][1][safepoint    ] Total time for which application threads were stopped: 0.0001222 seconds, Stopping threads took: 0.0000285 seconds
[2019-12-11T09:06:20.853+0000][1][safepoint    ] Application time: 1.0000947 seconds
[2019-12-11T09:06:20.853+0000][1][safepoint    ] Entering safepoint region: Cleanup
[2019-12-11T09:06:20.853+0000][1][safepoint    ] Leaving safepoint region
[2019-12-11T09:06:20.853+0000][1][safepoint    ] Total time for which application threads were stopped: 0.0001354 seconds, Stopping threads took: 0.0000276 seconds
[2019-12-11T09:06:21.859+0000][1][safepoint    ] Application time: 1.0055496 seconds
[2019-12-11T09:06:21.859+0000][1][safepoint    ] Entering safepoint region: Cleanup
[2019-12-11T09:06:21.859+0000][1][safepoint    ] Leaving safepoint region
[2019-12-11T09:06:21.859+0000][1][safepoint    ] Total time for which application threads were stopped: 0.0001310 seconds, Stopping threads took: 0.0000289 seconds
[2019-12-11T09:06:22.860+0000][1][safepoint    ] Application time: 1.0008184 seconds
[2019-12-11T09:06:22.860+0000][1][safepoint    ] Entering safepoint region: Cleanup
[2019-12-11T09:06:22.860+0000][1][safepoint    ] Leaving safepoint region
[2019-12-11T09:06:22.860+0000][1][safepoint    ] Total time for which application threads were stopped: 0.0001184 seconds, Stopping threads took: 0.0000260 seconds
[2019-12-11T09:06:23.861+0000][1][safepoint    ] Application time: 1.0008595 seconds
[2019-12-11T09:06:23.861+0000][1][safepoint    ] Entering safepoint region: Cleanup
[2019-12-11T09:06:23.861+0000][1][safepoint    ] Leaving safepoint region
[2019-12-11T09:06:23.861+0000][1][safepoint    ] Total time for which application threads were stopped: 0.0001265 seconds, Stopping threads took: 0.0000293 seconds
[2019-12-11T09:06:24.862+0000][1][safepoint    ] Application time: 1.0007432 seconds
[2019-12-11T09:06:24.862+0000][1][safepoint    ] Entering safepoint region: Cleanup
[2019-12-11T09:06:24.862+0000][1][safepoint    ] Leaving safepoint region
[2019-12-11T09:06:24.862+0000][1][safepoint    ] Total time for which application threads were stopped: 0.0001166 seconds, Stopping threads took: 0.0000278 seconds
[2019-12-11T09:06:25.863+0000][1][safepoint    ] Application time: 1.0008397 seconds
[2019-12-11T09:06:25.863+0000][1][safepoint    ] Entering safepoint region: Cleanup
[2019-12-11T09:06:25.863+0000][1][safepoint    ] Leaving safepoint region
[2019-12-11T09:06:25.863+0000][1][safepoint    ] Total time for which application threads were stopped: 0.0001125 seconds, Stopping threads took: 0.0000243 seconds
[2019-12-11T09:06:26.866+0000][1][safepoint    ] Application time: 1.0028344 seconds
[2019-12-11T09:06:26.866+0000][1][safepoint    ] Entering safepoint region: Cleanup
[2019-12-11T09:06:26.866+0000][1][safepoint    ] Leaving safepoint region
[2019-12-11T09:06:26.866+0000][1][safepoint    ] Total time for which application threads were stopped: 0.0001316 seconds, Stopping threads took: 0.0000254 seconds
[2019-12-11T09:06:27.866+0000][1][safepoint    ] Application time: 1.0000781 seconds
[2019-12-11T09:06:27.866+0000][1][safepoint    ] Entering safepoint region: Cleanup
[2019-12-11T09:06:27.866+0000][1][safepoint    ] Leaving safepoint region
[2019-12-11T09:06:27.866+0000][1][safepoint    ] Total time for which application threads were stopped: 0.0000949 seconds, Stopping threads took: 0.0000256 seconds
[2019-12-11T09:06:28.868+0000][1][safepoint    ] Application time: 1.0014959 seconds
[2019-12-11T09:06:28.868+0000][1][safepoint    ] Entering safepoint region: Cleanup
[2019-12-11T09:06:28.868+0000][1][safepoint    ] Leaving safepoint region
[2019-12-11T09:06:28.868+0000][1][safepoint    ] Total time for which application threads were stopped: 0.0001349 seconds, Stopping threads took: 0.0000449 seconds
[2019-12-11T09:06:29.869+0000][1][safepoint    ] Application time: 1.0009097 seconds
[2019-12-11T09:06:29.869+0000][1][safepoint    ] Entering safepoint region: Cleanup
[2019-12-11T09:06:29.869+0000][1][safepoint    ] Leaving safepoint region
[2019-12-11T09:06:29.869+0000][1][safepoint    ] Total time for which application threads were stopped: 0.0001184 seconds, Stopping threads took: 0.0000263 seconds
[2019-12-11T09:06:30.870+0000][1][safepoint    ] Application time: 1.0008259 seconds
[2019-12-11T09:06:30.870+0000][1][safepoint    ] Entering safepoint region: Cleanup
[2019-12-11T09:06:30.870+0000][1][safepoint    ] Leaving safepoint region
[2019-12-11T09:06:30.870+0000][1][safepoint    ] Total time for which application threads were stopped: 0.0001227 seconds, Stopping threads took: 0.0000272 seconds
[2019-12-11T09:06:31.871+0000][1][safepoint    ] Application time: 1.0007843 seconds
[2019-12-11T09:06:31.871+0000][1][safepoint    ] Entering safepoint region: Cleanup
[2019-12-11T09:06:31.871+0000][1][safepoint    ] Leaving safepoint region
[2019-12-11T09:06:31.871+0000][1][safepoint    ] Total time for which application threads were stopped: 0.0001164 seconds, Stopping threads took: 0.0000245 seconds
[2019-12-11T09:06:32.872+0000][1][safepoint    ] Application time: 1.0008313 seconds
[2019-12-11T09:06:32.872+0000][1][safepoint    ] Entering safepoint region: Cleanup
[2019-12-11T09:06:32.872+0000][1][safepoint    ] Leaving safepoint region
[2019-12-11T09:06:32.872+0000][1][safepoint    ] Total time for which application threads were stopped: 0.0001448 seconds, Stopping threads took: 0.0000383 seconds
[2019-12-11T09:06:33.875+0000][1][safepoint    ] Application time: 1.0028027 seconds
[2019-12-11T09:06:33.875+0000][1][safepoint    ] Entering safepoint region: Cleanup
[2019-12-11T09:06:33.875+0000][1][safepoint    ] Leaving safepoint region
[2019-12-11T09:06:33.875+0000][1][safepoint    ] Total time for which application threads were stopped: 0.0001135 seconds, Stopping threads took: 0.0000260 seconds
[2019-12-11T09:06:34.876+0000][1][safepoint    ] Application time: 1.0008353 seconds
[2019-12-11T09:06:34.876+0000][1][safepoint    ] Entering safepoint region: Cleanup
[2019-12-11T09:06:34.876+0000][1][safepoint    ] Leaving safepoint region
[2019-12-11T09:06:34.876+0000][1][safepoint    ] Total time for which application threads were stopped: 0.0001259 seconds, Stopping threads took: 0.0000350 seconds
[2019-12-11T09:06:35.877+0000][1][safepoint    ] Application time: 1.0008142 seconds
[2019-12-11T09:06:35.877+0000][1][safepoint    ] Entering safepoint region: Cleanup
[2019-12-11T09:06:35.877+0000][1][safepoint    ] Leaving safepoint region
[2019-12-11T09:06:35.877+0000][1][safepoint    ] Total time for which application threads were stopped: 0.0001268 seconds, Stopping threads took: 0.0000297 seconds
[2019-12-11T09:06:36.879+0000][1][safepoint    ] Application time: 1.0018184 seconds
[2019-12-11T09:06:36.879+0000][1][safepoint    ] Entering safepoint region: Cleanup
[2019-12-11T09:06:36.879+0000][1][safepoint    ] Leaving safepoint region
[2019-12-11T09:06:36.879+0000][1][safepoint    ] Total time for which application threads were stopped: 0.0001144 seconds, Stopping threads took: 0.0000269 seconds
[2019-12-11T09:06:37.880+0000][1][safepoint    ] Application time: 1.0008404 seconds
[2019-12-11T09:06:37.880+0000][1][safepoint    ] Entering safepoint region: Cleanup
[2019-12-11T09:06:37.880+0000][1][safepoint    ] Leaving safepoint region
[2019-12-11T09:06:37.880+0000][1][safepoint    ] Total time for which application threads were stopped: 0.0001532 seconds, Stopping threads took: 0.0000294 seconds
[2019-12-11T09:06:38.882+0000][1][safepoint    ] Application time: 1.0018152 seconds
[2019-12-11T09:06:38.882+0000][1][safepoint    ] Entering safepoint region: Cleanup
[2019-12-11T09:06:38.882+0000][1][safepoint    ] Leaving safepoint region
[2019-12-11T09:06:38.882+0000][1][safepoint    ] Total time for which application threads were stopped: 0.0001243 seconds, Stopping threads took: 0.0000311 seconds
[2019-12-11T09:06:39.883+0000][1][safepoint    ] Application time: 1.0011861 seconds
[2019-12-11T09:06:39.883+0000][1][safepoint    ] Entering safepoint region: Cleanup
[2019-12-11T09:06:39.883+0000][1][safepoint    ] Leaving safepoint region
[2019-12-11T09:06:39.883+0000][1][safepoint    ] Total time for which application threads were stopped: 0.0001294 seconds, Stopping threads took: 0.0000274 seconds
[2019-12-11T09:06:40.887+0000][1][safepoint    ] Application time: 1.0034015 seconds
[2019-12-11T09:06:40.887+0000][1][safepoint    ] Entering safepoint region: Cleanup
[2019-12-11T09:06:40.887+0000][1][safepoint    ] Leaving safepoint region
[2019-12-11T09:06:40.887+0000][1][safepoint    ] Total time for which application threads were stopped: 0.0001367 seconds, Stopping threads took: 0.0000303 seconds
[2019-12-11T09:06:41.888+0000][1][safepoint    ] Application time: 1.0007666 seconds
[2019-12-11T09:06:41.888+0000][1][safepoint    ] Entering safepoint region: Cleanup
[2019-12-11T09:06:41.888+0000][1][safepoint    ] Leaving safepoint region
[2019-12-11T09:06:41.888+0000][1][safepoint    ] Total time for which application threads were stopped: 0.0001179 seconds, Stopping threads took: 0.0000261 seconds
[2019-12-11T09:06:42.889+0000][1][safepoint    ] Application time: 1.0008283 seconds
[2019-12-11T09:06:42.889+0000][1][safepoint    ] Entering safepoint region: Cleanup
[2019-12-11T09:06:42.889+0000][1][safepoint    ] Leaving safepoint region
[2019-12-11T09:06:42.889+0000][1][safepoint    ] Total time for which application threads were stopped: 0.0001292 seconds, Stopping threads took: 0.0000305 seconds
[2019-12-11T09:06:43.892+0000][1][safepoint    ] Application time: 1.0028175 seconds
[2019-12-11T09:06:43.892+0000][1][safepoint    ] Entering safepoint region: Cleanup
[2019-12-11T09:06:43.892+0000][1][safepoint    ] Leaving safepoint region
[2019-12-11T09:06:43.892+0000][1][safepoint    ] Total time for which application threads were stopped: 0.0001227 seconds, Stopping threads took: 0.0000281 seconds
[2019-12-11T09:06:44.894+0000][1][safepoint    ] Application time: 1.0018133 seconds
[2019-12-11T09:06:44.894+0000][1][safepoint    ] Entering safepoint region: Cleanup
[2019-12-11T09:06:44.894+0000][1][safepoint    ] Leaving safepoint region
[2019-12-11T09:06:44.894+0000][1][safepoint    ] Total time for which application threads were stopped: 0.0001126 seconds, Stopping threads took: 0.0000250 seconds
[2019-12-11T09:06:45.896+0000][1][safepoint    ] Application time: 1.0018371 seconds
[2019-12-11T09:06:45.896+0000][1][safepoint    ] Entering safepoint region: Cleanup
[2019-12-11T09:06:45.896+0000][1][safepoint    ] Leaving safepoint region
[2019-12-11T09:06:45.896+0000][1][safepoint    ] Total time for which application threads were stopped: 0.0001257 seconds, Stopping threads took: 0.0000282 seconds
[2019-12-11T09:06:46.897+0000][1][safepoint    ] Application time: 1.0008168 seconds
[2019-12-11T09:06:46.897+0000][1][safepoint    ] Entering safepoint region: Cleanup
[2019-12-11T09:06:46.897+0000][1][safepoint    ] Leaving safepoint region
[2019-12-11T09:06:46.897+0000][1][safepoint    ] Total time for which application threads were stopped: 0.0001232 seconds, Stopping threads took: 0.0000279 seconds
[2019-12-11T09:06:47.897+0000][1][safepoint    ] Application time: 1.0002395 seconds
[2019-12-11T09:06:47.897+0000][1][safepoint    ] Entering safepoint region: Cleanup
[2019-12-11T09:06:47.897+0000][1][safepoint    ] Leaving safepoint region
[2019-12-11T09:06:47.897+0000][1][safepoint    ] Total time for which application threads were stopped: 0.0001184 seconds, Stopping threads took: 0.0000249 seconds
[2019-12-11T09:06:48.902+0000][1][safepoint    ] Application time: 1.0044146 seconds
[2019-12-11T09:06:48.902+0000][1][safepoint    ] Entering safepoint region: Cleanup
[2019-12-11T09:06:48.902+0000][1][safepoint    ] Leaving safepoint region
[2019-12-11T09:06:48.902+0000][1][safepoint    ] Total time for which application threads were stopped: 0.0001441 seconds, Stopping threads took: 0.0000381 seconds
[2019-12-11T09:06:49.903+0000][1][safepoint    ] Application time: 1.0008552 seconds
[2019-12-11T09:06:49.903+0000][1][safepoint    ] Entering safepoint region: Cleanup
[2019-12-11T09:06:49.903+0000][1][safepoint    ] Leaving safepoint region
[2019-12-11T09:06:49.903+0000][1][safepoint    ] Total time for which application threads were stopped: 0.0001130 seconds, Stopping threads took: 0.0000250 seconds
[2019-12-11T09:06:50.907+0000][1][safepoint    ] Application time: 1.0039243 seconds
[2019-12-11T09:06:50.907+0000][1][safepoint    ] Entering safepoint region: Cleanup
[2019-12-11T09:06:50.907+0000][1][safepoint    ] Leaving safepoint region
[2019-12-11T09:06:50.907+0000][1][safepoint    ] Total time for which application threads were stopped: 0.0001505 seconds, Stopping threads took: 0.0000373 seconds
[2019-12-11T09:06:51.909+0000][1][safepoint    ] Application time: 1.0016426 seconds
[2019-12-11T09:06:51.909+0000][1][safepoint    ] Entering safepoint region: Cleanup
[2019-12-11T09:06:51.909+0000][1][safepoint    ] Leaving safepoint region
[2019-12-11T09:06:51.909+0000][1][safepoint    ] Total time for which application threads were stopped: 0.0001361 seconds, Stopping threads took: 0.0000355 seconds
[2019-12-11T09:06:52.910+0000][1][safepoint    ] Application time: 1.0008400 seconds
[2019-12-11T09:06:52.910+0000][1][safepoint    ] Entering safepoint region: Cleanup
[2019-12-11T09:06:52.910+0000][1][safepoint    ] Leaving safepoint region
[2019-12-11T09:06:52.910+0000][1][safepoint    ] Total time for which application threads were stopped: 0.0001550 seconds, Stopping threads took: 0.0000280 seconds
[2019-12-11T09:06:53.911+0000][1][safepoint    ] Application time: 1.0007496 seconds
[2019-12-11T09:06:53.911+0000][1][safepoint    ] Entering safepoint region: Cleanup
[2019-12-11T09:06:53.911+0000][1][safepoint    ] Leaving safepoint region
[2019-12-11T09:06:53.911+0000][1][safepoint    ] Total time for which application threads were stopped: 0.0001251 seconds, Stopping threads took: 0.0000358 seconds
[2019-12-11T09:06:54.912+0000][1][safepoint    ] Application time: 1.0010623 seconds
[2019-12-11T09:06:54.912+0000][1][safepoint    ] Entering safepoint region: Cleanup
[2019-12-11T09:06:54.912+0000][1][safepoint    ] Leaving safepoint region
[2019-12-11T09:06:54.912+0000][1][safepoint    ] Total time for which application threads were stopped: 0.0001213 seconds, Stopping threads took: 0.0000270 seconds
[2019-12-11T09:06:55.915+0000][1][safepoint    ] Application time: 1.0025757 seconds
[2019-12-11T09:06:55.915+0000][1][safepoint    ] Entering safepoint region: Cleanup
[2019-12-11T09:06:55.915+0000][1][safepoint    ] Leaving safepoint region
[2019-12-11T09:06:55.915+0000][1][safepoint    ] Total time for which application threads were stopped: 0.0001303 seconds, Stopping threads took: 0.0000243 seconds
[2019-12-11T09:06:56.916+0000][1][safepoint    ] Application time: 1.0008292 seconds
[2019-12-11T09:06:56.916+0000][1][safepoint    ] Entering safepoint region: Cleanup
[2019-12-11T09:06:56.916+0000][1][safepoint    ] Leaving safepoint region
[2019-12-11T09:06:56.916+0000][1][safepoint    ] Total time for which application threads were stopped: 0.0001271 seconds, Stopping threads took: 0.0000284 seconds
[2019-12-11T09:06:57.919+0000][1][safepoint    ] Application time: 1.0027489 seconds
[2019-12-11T09:06:57.919+0000][1][safepoint    ] Entering safepoint region: Cleanup
[2019-12-11T09:06:57.919+0000][1][safepoint    ] Leaving safepoint region
[2019-12-11T09:06:57.919+0000][1][safepoint    ] Total time for which application threads were stopped: 0.0001246 seconds, Stopping threads took: 0.0000289 seconds
[2019-12-11T09:06:58.920+0000][1][safepoint    ] Application time: 1.0008649 seconds
[2019-12-11T09:06:58.920+0000][1][safepoint    ] Entering safepoint region: Cleanup
[2019-12-11T09:06:58.920+0000][1][safepoint    ] Leaving safepoint region
[2019-12-11T09:06:58.920+0000][1][safepoint    ] Total time for which application threads were stopped: 0.0001274 seconds, Stopping threads took: 0.0000258 seconds
[2019-12-11T09:07:00.691+0000][1][safepoint    ] Application time: 1.7708178 seconds
[2019-12-11T09:07:00.691+0000][1][safepoint    ] Entering safepoint region: Cleanup
[2019-12-11T09:07:00.691+0000][1][safepoint    ] Leaving safepoint region
[2019-12-11T09:07:00.691+0000][1][safepoint    ] Total time for which application threads were stopped: 0.0001360 seconds, Stopping threads took: 0.0000253 seconds
[2019-12-11T09:07:01.691+0000][1][safepoint    ] Application time: 1.0000777 seconds
[2019-12-11T09:07:01.691+0000][1][safepoint    ] Entering safepoint region: Cleanup
[2019-12-11T09:07:01.691+0000][1][safepoint    ] Leaving safepoint region
[2019-12-11T09:07:01.691+0000][1][safepoint    ] Total time for which application threads were stopped: 0.0000876 seconds, Stopping threads took: 0.0000195 seconds
[2019-12-11T09:07:02.691+0000][1][safepoint    ] Application time: 1.0000903 seconds
[2019-12-11T09:07:02.691+0000][1][safepoint    ] Entering safepoint region: Cleanup
[2019-12-11T09:07:02.691+0000][1][safepoint    ] Leaving safepoint region
[2019-12-11T09:07:02.691+0000][1][safepoint    ] Total time for which application threads were stopped: 0.0001361 seconds, Stopping threads took: 0.0000345 seconds
[2019-12-11T09:07:03.691+0000][1][safepoint    ] Application time: 1.0000836 seconds
[2019-12-11T09:07:03.692+0000][1][safepoint    ] Entering safepoint region: Cleanup
[2019-12-11T09:07:03.692+0000][1][safepoint    ] Leaving safepoint region
[2019-12-11T09:07:03.692+0000][1][safepoint    ] Total time for which application threads were stopped: 0.0000897 seconds, Stopping threads took: 0.0000195 seconds
[2019-12-11T09:07:04.692+0000][1][safepoint    ] Application time: 1.0000877 seconds
[2019-12-11T09:07:04.692+0000][1][safepoint    ] Entering safepoint region: Cleanup
[2019-12-11T09:07:04.692+0000][1][safepoint    ] Leaving safepoint region
[2019-12-11T09:07:04.692+0000][1][safepoint    ] Total time for which application threads were stopped: 0.0000869 seconds, Stopping threads took: 0.0000198 seconds
[2019-12-11T09:07:05.692+0000][1][safepoint    ] Application time: 1.0000799 seconds
[2019-12-11T09:07:05.692+0000][1][safepoint    ] Entering safepoint region: Cleanup
[2019-12-11T09:07:05.692+0000][1][safepoint    ] Leaving safepoint region
[2019-12-11T09:07:05.692+0000][1][safepoint    ] Total time for which application threads were stopped: 0.0000874 seconds, Stopping threads took: 0.0000199 seconds
[2019-12-11T09:07:06.693+0000][1][safepoint    ] Application time: 1.0005559 seconds
[2019-12-11T09:07:06.693+0000][1][safepoint    ] Entering safepoint region: Cleanup
[2019-12-11T09:07:06.693+0000][1][safepoint    ] Leaving safepoint region
[2019-12-11T09:07:06.693+0000][1][safepoint    ] Total time for which application threads were stopped: 0.0001427 seconds, Stopping threads took: 0.0000260 seconds
[2019-12-11T09:07:07.693+0000][1][safepoint    ] Application time: 1.0000772 seconds
[2019-12-11T09:07:07.693+0000][1][safepoint    ] Entering safepoint region: Cleanup
[2019-12-11T09:07:07.693+0000][1][safepoint    ] Leaving safepoint region
[2019-12-11T09:07:07.693+0000][1][safepoint    ] Total time for which application threads were stopped: 0.0000895 seconds, Stopping threads took: 0.0000195 seconds
[2019-12-11T09:07:08.693+0000][1][safepoint    ] Application time: 1.0000788 seconds
[2019-12-11T09:07:08.693+0000][1][safepoint    ] Entering safepoint region: Cleanup
[2019-12-11T09:07:08.693+0000][1][safepoint    ] Leaving safepoint region
[2019-12-11T09:07:08.693+0000][1][safepoint    ] Total time for which application threads were stopped: 0.0000879 seconds, Stopping threads took: 0.0000198 seconds
[2019-12-11T09:07:09.693+0000][1][safepoint    ] Application time: 1.0000748 seconds
[2019-12-11T09:07:09.693+0000][1][safepoint    ] Entering safepoint region: Cleanup
[2019-12-11T09:07:09.693+0000][1][safepoint    ] Leaving safepoint region
[2019-12-11T09:07:09.693+0000][1][safepoint    ] Total time for which application threads were stopped: 0.0000862 seconds, Stopping threads took: 0.0000180 seconds
[2019-12-11T09:07:10.693+0000][1][safepoint    ] Application time: 1.0000754 seconds
[2019-12-11T09:07:10.694+0000][1][safepoint    ] Entering safepoint region: Cleanup
[2019-12-11T09:07:10.694+0000][1][safepoint    ] Leaving safepoint region
[2019-12-11T09:07:10.694+0000][1][safepoint    ] Total time for which application threads were stopped: 0.0000895 seconds, Stopping threads took: 0.0000189 seconds
[2019-12-11T09:07:11.694+0000][1][safepoint    ] Application time: 1.0000772 seconds
[2019-12-11T09:07:11.694+0000][1][safepoint    ] Entering safepoint region: Cleanup
[2019-12-11T09:07:11.694+0000][1][safepoint    ] Leaving safepoint region
[2019-12-11T09:07:11.694+0000][1][safepoint    ] Total time for which application threads were stopped: 0.0000864 seconds, Stopping threads took: 0.0000187 seconds
[2019-12-11T09:07:12.694+0000][1][safepoint    ] Application time: 1.0000909 seconds
[2019-12-11T09:07:12.694+0000][1][safepoint    ] Entering safepoint region: Cleanup
[2019-12-11T09:07:12.694+0000][1][safepoint    ] Leaving safepoint region
[2019-12-11T09:07:12.694+0000][1][safepoint    ] Total time for which application threads were stopped: 0.0001311 seconds, Stopping threads took: 0.0000257 seconds
[2019-12-11T09:07:13.694+0000][1][safepoint    ] Application time: 1.0000789 seconds
[2019-12-11T09:07:13.694+0000][1][safepoint    ] Entering safepoint region: Cleanup
[2019-12-11T09:07:13.694+0000][1][safepoint    ] Leaving safepoint region
[2019-12-11T09:07:13.694+0000][1][safepoint    ] Total time for which application threads were stopped: 0.0000865 seconds, Stopping threads took: 0.0000195 seconds
[2019-12-11T09:07:14.694+0000][1][safepoint    ] Application time: 1.0000769 seconds
[2019-12-11T09:07:14.694+0000][1][safepoint    ] Entering safepoint region: Cleanup
[2019-12-11T09:07:14.695+0000][1][safepoint    ] Leaving safepoint region
[2019-12-11T09:07:14.695+0000][1][safepoint    ] Total time for which application threads were stopped: 0.0000811 seconds, Stopping threads took: 0.0000156 seconds
[2019-12-11T09:07:15.695+0000][1][safepoint    ] Application time: 1.0000739 seconds
[2019-12-11T09:07:15.695+0000][1][safepoint    ] Entering safepoint region: Cleanup
[2019-12-11T09:07:15.695+0000][1][safepoint    ] Leaving safepoint region
[2019-12-11T09:07:15.695+0000][1][safepoint    ] Total time for which application threads were stopped: 0.0000990 seconds, Stopping threads took: 0.0000190 seconds
[2019-12-11T09:07:16.695+0000][1][safepoint    ] Application time: 1.0000759 seconds
[2019-12-11T09:07:16.695+0000][1][safepoint    ] Entering safepoint region: Cleanup
[2019-12-11T09:07:16.695+0000][1][safepoint    ] Leaving safepoint region
[2019-12-11T09:07:16.695+0000][1][safepoint    ] Total time for which application threads were stopped: 0.0000895 seconds, Stopping threads took: 0.0000202 seconds
[2019-12-11T09:07:17.695+0000][1][safepoint    ] Application time: 1.0000770 seconds
[2019-12-11T09:07:17.695+0000][1][safepoint    ] Entering safepoint region: Cleanup
[2019-12-11T09:07:17.695+0000][1][safepoint    ] Leaving safepoint region
[2019-12-11T09:07:17.695+0000][1][safepoint    ] Total time for which application threads were stopped: 0.0000881 seconds, Stopping threads took: 0.0000187 seconds
[2019-12-11T09:07:18.695+0000][1][safepoint    ] Application time: 1.0000763 seconds
[2019-12-11T09:07:18.695+0000][1][safepoint    ] Entering safepoint region: Cleanup
[2019-12-11T09:07:18.695+0000][1][safepoint    ] Leaving safepoint region
[2019-12-11T09:07:18.695+0000][1][safepoint    ] Total time for which application threads were stopped: 0.0000918 seconds, Stopping threads took: 0.0000167 seconds
[2019-12-11T09:07:19.695+0000][1][safepoint    ] Application time: 1.0000753 seconds
[2019-12-11T09:07:19.695+0000][1][safepoint    ] Entering safepoint region: Cleanup
[2019-12-11T09:07:19.696+0000][1][safepoint    ] Leaving safepoint region
[2019-12-11T09:07:19.696+0000][1][safepoint    ] Total time for which application threads were stopped: 0.0000857 seconds, Stopping threads took: 0.0000186 seconds
[2019-12-11T09:07:20.696+0000][1][safepoint    ] Application time: 1.0001532 seconds
[2019-12-11T09:07:20.696+0000][1][safepoint    ] Entering safepoint region: Cleanup
[2019-12-11T09:07:20.696+0000][1][safepoint    ] Leaving safepoint region
[2019-12-11T09:07:20.696+0000][1][safepoint    ] Total time for which application threads were stopped: 0.0001075 seconds, Stopping threads took: 0.0000234 seconds
[2019-12-11T09:07:21.696+0000][1][safepoint    ] Application time: 1.0000800 seconds
[2019-12-11T09:07:21.696+0000][1][safepoint    ] Entering safepoint region: Cleanup
[2019-12-11T09:07:21.696+0000][1][safepoint    ] Leaving safepoint region
[2019-12-11T09:07:21.696+0000][1][safepoint    ] Total time for which application threads were stopped: 0.0001187 seconds, Stopping threads took: 0.0000266 seconds
[2019-12-11T09:07:22.696+0000][1][safepoint    ] Application time: 1.0000770 seconds
[2019-12-11T09:07:22.696+0000][1][safepoint    ] Entering safepoint region: Cleanup
[2019-12-11T09:07:22.696+0000][1][safepoint    ] Leaving safepoint region
[2019-12-11T09:07:22.696+0000][1][safepoint    ] Total time for which application threads were stopped: 0.0000976 seconds, Stopping threads took: 0.0000274 seconds
[2019-12-11T09:07:23.696+0000][1][safepoint    ] Application time: 1.0000749 seconds
[2019-12-11T09:07:23.696+0000][1][safepoint    ] Entering safepoint region: Cleanup
[2019-12-11T09:07:23.697+0000][1][safepoint    ] Leaving safepoint region
[2019-12-11T09:07:23.697+0000][1][safepoint    ] Total time for which application threads were stopped: 0.0000857 seconds, Stopping threads took: 0.0000180 seconds
[2019-12-11T09:07:24.697+0000][1][safepoint    ] Application time: 1.0000788 seconds
[2019-12-11T09:07:24.697+0000][1][safepoint    ] Entering safepoint region: Cleanup
[2019-12-11T09:07:24.697+0000][1][safepoint    ] Leaving safepoint region
[2019-12-11T09:07:24.697+0000][1][safepoint    ] Total time for which application threads were stopped: 0.0000869 seconds, Stopping threads took: 0.0000176 seconds
[2019-12-11T09:07:25.697+0000][1][safepoint    ] Application time: 1.0000773 seconds
[2019-12-11T09:07:25.697+0000][1][safepoint    ] Entering safepoint region: Cleanup
[2019-12-11T09:07:25.697+0000][1][safepoint    ] Leaving safepoint region
[2019-12-11T09:07:25.697+0000][1][safepoint    ] Total time for which application threads were stopped: 0.0000878 seconds, Stopping threads took: 0.0000182 seconds
[2019-12-11T09:07:26.698+0000][1][safepoint    ] Application time: 1.0007006 seconds
[2019-12-11T09:07:26.698+0000][1][safepoint    ] Entering safepoint region: Cleanup
[2019-12-11T09:07:26.698+0000][1][safepoint    ] Leaving safepoint region
[2019-12-11T09:07:26.698+0000][1][safepoint    ] Total time for which application threads were stopped: 0.0001414 seconds, Stopping threads took: 0.0000373 seconds
[2019-12-11T09:07:27.699+0000][1][safepoint    ] Application time: 1.0008117 seconds
[2019-12-11T09:07:27.702+0000][1][safepoint    ] Entering safepoint region: Cleanup
[2019-12-11T09:07:27.702+0000][1][safepoint    ] Leaving safepoint region
[2019-12-11T09:07:27.702+0000][1][safepoint    ] Total time for which application threads were stopped: 0.0030876 seconds, Stopping threads took: 0.0029744 seconds
[2019-12-11T09:07:28.703+0000][1][safepoint    ] Application time: 1.0008754 seconds
[2019-12-11T09:07:28.703+0000][1][safepoint    ] Entering safepoint region: Cleanup
[2019-12-11T09:07:28.703+0000][1][safepoint    ] Leaving safepoint region
[2019-12-11T09:07:28.703+0000][1][safepoint    ] Total time for which application threads were stopped: 0.0001352 seconds, Stopping threads took: 0.0000301 seconds
[2019-12-11T09:07:29.704+0000][1][safepoint    ] Application time: 1.0012285 seconds
[2019-12-11T09:07:29.704+0000][1][safepoint    ] Entering safepoint region: Cleanup
[2019-12-11T09:07:29.704+0000][1][safepoint    ] Leaving safepoint region
[2019-12-11T09:07:29.704+0000][1][safepoint    ] Total time for which application threads were stopped: 0.0001226 seconds, Stopping threads took: 0.0000275 seconds
[2019-12-11T09:07:30.707+0000][1][safepoint    ] Application time: 1.0021482 seconds
[2019-12-11T09:07:30.707+0000][1][safepoint    ] Entering safepoint region: Cleanup
[2019-12-11T09:07:30.707+0000][1][safepoint    ] Leaving safepoint region
[2019-12-11T09:07:30.707+0000][1][safepoint    ] Total time for which application threads were stopped: 0.0001178 seconds, Stopping threads took: 0.0000254 seconds
[2019-12-11T09:07:30.988+0000][1][safepoint    ] Application time: 0.2808952 seconds
[2019-12-11T09:07:30.988+0000][1][safepoint    ] Entering safepoint region: RevokeBias
[2019-12-11T09:07:30.988+0000][1][safepoint    ] Leaving safepoint region
[2019-12-11T09:07:30.988+0000][1][safepoint    ] Total time for which application threads were stopped: 0.0001378 seconds, Stopping threads took: 0.0000216 seconds
[2019-12-11T09:07:30.988+0000][1][safepoint    ] Application time: 0.0000909 seconds
[2019-12-11T09:07:30.988+0000][1][safepoint    ] Entering safepoint region: RevokeBias
[2019-12-11T09:07:30.988+0000][1][safepoint    ] Leaving safepoint region
[2019-12-11T09:07:30.988+0000][1][safepoint    ] Total time for which application threads were stopped: 0.0000619 seconds, Stopping threads took: 0.0000108 seconds
[2019-12-11T09:07:30.989+0000][1][safepoint    ] Application time: 0.0008464 seconds
[2019-12-11T09:07:30.996+0000][1][safepoint    ] Entering safepoint region: RevokeBias
[2019-12-11T09:07:30.996+0000][1][safepoint    ] Leaving safepoint region
[2019-12-11T09:07:30.996+0000][1][safepoint    ] Total time for which application threads were stopped: 0.0070483 seconds, Stopping threads took: 0.0069717 seconds
[2019-12-11T09:07:30.998+0000][1][safepoint    ] Application time: 0.0020773 seconds
[2019-12-11T09:07:30.998+0000][1][safepoint    ] Entering safepoint region: RevokeBias
[2019-12-11T09:07:30.998+0000][1][safepoint    ] Leaving safepoint region
[2019-12-11T09:07:30.998+0000][1][safepoint    ] Total time for which application threads were stopped: 0.0000879 seconds, Stopping threads took: 0.0000168 seconds
[2019-12-11T09:07:30.998+0000][1][safepoint    ] Application time: 0.0001047 seconds
[2019-12-11T09:07:30.998+0000][1][safepoint    ] Entering safepoint region: RevokeBias
[2019-12-11T09:07:30.998+0000][1][safepoint    ] Leaving safepoint region
[2019-12-11T09:07:30.998+0000][1][safepoint    ] Total time for which application threads were stopped: 0.0000585 seconds, Stopping threads took: 0.0000104 seconds
[2019-12-11T09:07:30.998+0000][1][safepoint    ] Application time: 0.0000576 seconds
[2019-12-11T09:07:30.998+0000][1][safepoint    ] Entering safepoint region: RevokeBias
[2019-12-11T09:07:30.998+0000][1][safepoint    ] Leaving safepoint region
[2019-12-11T09:07:30.998+0000][1][safepoint    ] Total time for which application threads were stopped: 0.0000521 seconds, Stopping threads took: 0.0000090 seconds
[2019-12-11T09:07:30.999+0000][1][safepoint    ] Application time: 0.0004511 seconds
[2019-12-11T09:07:30.999+0000][1][safepoint    ] Entering safepoint region: RevokeBias
[2019-12-11T09:07:30.999+0000][1][safepoint    ] Leaving safepoint region
[2019-12-11T09:07:30.999+0000][1][safepoint    ] Total time for which application threads were stopped: 0.0000705 seconds, Stopping threads took: 0.0000124 seconds
[2019-12-11T09:07:30.999+0000][1][safepoint    ] Application time: 0.0002572 seconds
[2019-12-11T09:07:30.999+0000][1][safepoint    ] Entering safepoint region: RevokeBias
[2019-12-11T09:07:30.999+0000][1][safepoint    ] Leaving safepoint region
[2019-12-11T09:07:30.999+0000][1][safepoint    ] Total time for which application threads were stopped: 0.0000713 seconds, Stopping threads took: 0.0000101 seconds
[2019-12-11T09:07:31.026+0000][1][safepoint    ] Application time: 0.0265779 seconds
[2019-12-11T09:07:31.039+0000][1][safepoint    ] Entering safepoint region: RevokeBias
[2019-12-11T09:07:31.039+0000][1][safepoint    ] Leaving safepoint region
[2019-12-11T09:07:31.039+0000][1][safepoint    ] Total time for which application threads were stopped: 0.0134116 seconds, Stopping threads took: 0.0132981 seconds
[2019-12-11T09:07:31.042+0000][1][safepoint    ] Application time: 0.0025998 seconds
[2019-12-11T09:07:31.052+0000][1][safepoint    ] Entering safepoint region: RevokeBias
[2019-12-11T09:07:31.052+0000][1][safepoint    ] Leaving safepoint region
[2019-12-11T09:07:31.052+0000][1][safepoint    ] Total time for which application threads were stopped: 0.0100367 seconds, Stopping threads took: 0.0099149 seconds
[2019-12-11T09:07:31.052+0000][1][safepoint    ] Application time: 0.0004069 seconds
[2019-12-11T09:07:31.052+0000][1][safepoint    ] Entering safepoint region: RevokeBias
[2019-12-11T09:07:31.052+0000][1][safepoint    ] Leaving safepoint region
[2019-12-11T09:07:31.052+0000][1][safepoint    ] Total time for which application threads were stopped: 0.0000964 seconds, Stopping threads took: 0.0000161 seconds
[2019-12-11T09:07:31.167+0000][1][safepoint    ] Application time: 0.1142900 seconds
[2019-12-11T09:07:31.167+0000][1][safepoint    ] Entering safepoint region: RevokeBias
[2019-12-11T09:07:31.167+0000][1][safepoint    ] Leaving safepoint region
[2019-12-11T09:07:31.167+0000][1][safepoint    ] Total time for which application threads were stopped: 0.0001130 seconds, Stopping threads took: 0.0000223 seconds
[2019-12-11T09:07:31.167+0000][1][safepoint    ] Application time: 0.0001794 seconds
[2019-12-11T09:07:31.167+0000][1][safepoint    ] Entering safepoint region: RevokeBias
[2019-12-11T09:07:31.167+0000][1][safepoint    ] Leaving safepoint region
[2019-12-11T09:07:31.167+0000][1][safepoint    ] Total time for which application threads were stopped: 0.0000837 seconds, Stopping threads took: 0.0000146 seconds
[2019-12-11T09:07:31.167+0000][1][safepoint    ] Application time: 0.0000626 seconds
[2019-12-11T09:07:31.167+0000][1][safepoint    ] Entering safepoint region: RevokeBias
[2019-12-11T09:07:31.167+0000][1][safepoint    ] Leaving safepoint region
[2019-12-11T09:07:31.167+0000][1][safepoint    ] Total time for which application threads were stopped: 0.0000465 seconds, Stopping threads took: 0.0000090 seconds
[2019-12-11T09:07:31.167+0000][1][safepoint    ] Application time: 0.0000518 seconds
[2019-12-11T09:07:31.167+0000][1][safepoint    ] Entering safepoint region: RevokeBias
[2019-12-11T09:07:31.167+0000][1][safepoint    ] Leaving safepoint region
[2019-12-11T09:07:31.167+0000][1][safepoint    ] Total time for which application threads were stopped: 0.0000472 seconds, Stopping threads took: 0.0000087 seconds
[2019-12-11T09:07:31.168+0000][1][safepoint    ] Application time: 0.0001100 seconds
[2019-12-11T09:07:31.168+0000][1][safepoint    ] Entering safepoint region: RevokeBias
[2019-12-11T09:07:31.168+0000][1][safepoint    ] Leaving safepoint region
[2019-12-11T09:07:31.168+0000][1][safepoint    ] Total time for which application threads were stopped: 0.0000510 seconds, Stopping threads took: 0.0000097 seconds
[2019-12-11T09:07:31.168+0000][1][safepoint    ] Application time: 0.0000515 seconds
[2019-12-11T09:07:31.168+0000][1][safepoint    ] Entering safepoint region: RevokeBias
[2019-12-11T09:07:31.168+0000][1][safepoint    ] Leaving safepoint region
[2019-12-11T09:07:31.168+0000][1][safepoint    ] Total time for which application threads were stopped: 0.0000663 seconds, Stopping threads took: 0.0000093 seconds
[2019-12-11T09:07:31.168+0000][1][safepoint    ] Application time: 0.0001990 seconds
[2019-12-11T09:07:31.168+0000][1][safepoint    ] Entering safepoint region: RevokeBias
[2019-12-11T09:07:31.168+0000][1][safepoint    ] Leaving safepoint region
[2019-12-11T09:07:31.168+0000][1][safepoint    ] Total time for which application threads were stopped: 0.0000574 seconds, Stopping threads took: 0.0000108 seconds
[2019-12-11T09:07:31.168+0000][1][safepoint    ] Application time: 0.0000576 seconds
[2019-12-11T09:07:31.168+0000][1][safepoint    ] Entering safepoint region: RevokeBias
[2019-12-11T09:07:31.168+0000][1][safepoint    ] Leaving safepoint region
[2019-12-11T09:07:31.168+0000][1][safepoint    ] Total time for which application threads were stopped: 0.0000475 seconds, Stopping threads took: 0.0000093 seconds
[2019-12-11T09:07:31.168+0000][1][safepoint    ] Application time: 0.0003511 seconds
[2019-12-11T09:07:31.169+0000][1][safepoint    ] Entering safepoint region: RevokeBias
[2019-12-11T09:07:31.169+0000][1][safepoint    ] Leaving safepoint region
[2019-12-11T09:07:31.169+0000][1][safepoint    ] Total time for which application threads were stopped: 0.0000813 seconds, Stopping threads took: 0.0000160 seconds
[2019-12-11T09:07:31.202+0000][1][safepoint    ] Application time: 0.0333700 seconds
[2019-12-11T09:07:31.202+0000][1][safepoint    ] Entering safepoint region: RevokeBias
[2019-12-11T09:07:31.202+0000][1][safepoint    ] Leaving safepoint region
[2019-12-11T09:07:31.202+0000][1][safepoint    ] Total time for which application threads were stopped: 0.0001288 seconds, Stopping threads took: 0.0000200 seconds
[2019-12-11T09:07:31.212+0000][1][safepoint    ] Application time: 0.0096639 seconds
[2019-12-11T09:07:31.212+0000][1][safepoint    ] Entering safepoint region: RevokeBias
[2019-12-11T09:07:31.212+0000][1][safepoint    ] Leaving safepoint region
[2019-12-11T09:07:31.212+0000][1][safepoint    ] Total time for which application threads were stopped: 0.0000822 seconds, Stopping threads took: 0.0000168 seconds
[2019-12-11T09:07:31.212+0000][1][safepoint    ] Application time: 0.0004426 seconds
[2019-12-11T09:07:31.212+0000][1][safepoint    ] Entering safepoint region: RevokeBias
[2019-12-11T09:07:31.212+0000][1][safepoint    ] Leaving safepoint region
[2019-12-11T09:07:31.212+0000][1][safepoint    ] Total time for which application threads were stopped: 0.0000837 seconds, Stopping threads took: 0.0000166 seconds
[2019-12-11T09:07:31.213+0000][1][safepoint    ] Application time: 0.0002433 seconds
[2019-12-11T09:07:31.213+0000][1][safepoint    ] Entering safepoint region: RevokeBias
[2019-12-11T09:07:31.213+0000][1][safepoint    ] Leaving safepoint region
[2019-12-11T09:07:31.213+0000][1][safepoint    ] Total time for which application threads were stopped: 0.0000663 seconds, Stopping threads took: 0.0000131 seconds
[2019-12-11T09:07:31.213+0000][1][safepoint    ] Application time: 0.0000635 seconds
[2019-12-11T09:07:31.213+0000][1][safepoint    ] Entering safepoint region: RevokeBias
[2019-12-11T09:07:31.213+0000][1][safepoint    ] Leaving safepoint region
[2019-12-11T09:07:31.213+0000][1][safepoint    ] Total time for which application threads were stopped: 0.0000518 seconds, Stopping threads took: 0.0000107 seconds
[2019-12-11T09:07:31.213+0000][1][safepoint    ] Application time: 0.0000571 seconds
[2019-12-11T09:07:31.213+0000][1][safepoint    ] Entering safepoint region: RevokeBias
[2019-12-11T09:07:31.213+0000][1][safepoint    ] Leaving safepoint region
[2019-12-11T09:07:31.213+0000][1][safepoint    ] Total time for which application threads were stopped: 0.0000538 seconds, Stopping threads took: 0.0000101 seconds
[2019-12-11T09:07:31.213+0000][1][safepoint    ] Application time: 0.0001234 seconds
[2019-12-11T09:07:31.213+0000][1][safepoint    ] Entering safepoint region: RevokeBias
[2019-12-11T09:07:31.213+0000][1][safepoint    ] Leaving safepoint region
[2019-12-11T09:07:31.213+0000][1][safepoint    ] Total time for which application threads were stopped: 0.0000692 seconds, Stopping threads took: 0.0000109 seconds
[2019-12-11T09:07:31.213+0000][1][safepoint    ] Application time: 0.0000501 seconds
[2019-12-11T09:07:31.213+0000][1][safepoint    ] Entering safepoint region: RevokeBias
[2019-12-11T09:07:31.213+0000][1][safepoint    ] Leaving safepoint region
[2019-12-11T09:07:31.213+0000][1][safepoint    ] Total time for which application threads were stopped: 0.0000466 seconds, Stopping threads took: 0.0000088 seconds
[2019-12-11T09:07:31.227+0000][1][safepoint    ] Application time: 0.0134045 seconds
[2019-12-11T09:07:31.227+0000][1][safepoint    ] Entering safepoint region: RevokeBias
[2019-12-11T09:07:31.227+0000][1][safepoint    ] Leaving safepoint region
[2019-12-11T09:07:31.227+0000][1][safepoint    ] Total time for which application threads were stopped: 0.0001076 seconds, Stopping threads took: 0.0000416 seconds
[2019-12-11T09:07:31.227+0000][1][safepoint    ] Application time: 0.0004187 seconds
[2019-12-11T09:07:31.227+0000][1][safepoint    ] Entering safepoint region: RevokeBias
[2019-12-11T09:07:31.227+0000][1][safepoint    ] Leaving safepoint region
[2019-12-11T09:07:31.227+0000][1][safepoint    ] Total time for which application threads were stopped: 0.0000768 seconds, Stopping threads took: 0.0000154 seconds
[2019-12-11T09:07:31.228+0000][1][safepoint    ] Application time: 0.0000682 seconds
[2019-12-11T09:07:31.228+0000][1][safepoint    ] Entering safepoint region: RevokeBias
[2019-12-11T09:07:31.228+0000][1][safepoint    ] Leaving safepoint region
[2019-12-11T09:07:31.228+0000][1][safepoint    ] Total time for which application threads were stopped: 0.0000514 seconds, Stopping threads took: 0.0000079 seconds
[2019-12-11T09:07:31.228+0000][1][safepoint    ] Application time: 0.0000727 seconds
[2019-12-11T09:07:31.228+0000][1][safepoint    ] Entering safepoint region: RevokeBias
[2019-12-11T09:07:31.228+0000][1][safepoint    ] Leaving safepoint region
[2019-12-11T09:07:31.228+0000][1][safepoint    ] Total time for which application threads were stopped: 0.0000715 seconds, Stopping threads took: 0.0000271 seconds
[2019-12-11T09:07:31.228+0000][1][safepoint    ] Application time: 0.0000708 seconds
[2019-12-11T09:07:31.228+0000][1][safepoint    ] Entering safepoint region: RevokeBias
[2019-12-11T09:07:31.228+0000][1][safepoint    ] Leaving safepoint region
[2019-12-11T09:07:31.228+0000][1][safepoint    ] Total time for which application threads were stopped: 0.0000506 seconds, Stopping threads took: 0.0000088 seconds
[2019-12-11T09:07:31.228+0000][1][safepoint    ] Application time: 0.0000719 seconds
[2019-12-11T09:07:31.228+0000][1][safepoint    ] Entering safepoint region: RevokeBias
[2019-12-11T09:07:31.228+0000][1][safepoint    ] Leaving safepoint region
[2019-12-11T09:07:31.228+0000][1][safepoint    ] Total time for which application threads were stopped: 0.0000496 seconds, Stopping threads took: 0.0000091 seconds
[2019-12-11T09:07:31.393+0000][1][safepoint    ] Application time: 0.1653071 seconds
[2019-12-11T09:07:31.393+0000][1][safepoint    ] Entering safepoint region: RevokeBias
[2019-12-11T09:07:31.394+0000][1][gc,start     ] GC(46) Pause Young (Allocation Failure)
[2019-12-11T09:07:31.394+0000][1][gc,task      ] GC(46) Using 2 workers of 2 for evacuation
[2019-12-11T09:07:31.399+0000][1][gc,age       ] GC(46) Desired survivor size 4456448 bytes, new threshold 6 (max threshold 6)
[2019-12-11T09:07:31.399+0000][1][gc,age       ] GC(46) Age table with threshold 6 (max threshold 6)
[2019-12-11T09:07:31.399+0000][1][gc,age       ] GC(46) - age   1:      48824 bytes,      48824 total
[2019-12-11T09:07:31.399+0000][1][gc,age       ] GC(46) - age   2:       1728 bytes,      50552 total
[2019-12-11T09:07:31.399+0000][1][gc,age       ] GC(46) - age   3:       3008 bytes,      53560 total
[2019-12-11T09:07:31.399+0000][1][gc,age       ] GC(46) - age   4:       1488 bytes,      55048 total
[2019-12-11T09:07:31.399+0000][1][gc,age       ] GC(46) - age   5:        256 bytes,      55304 total
[2019-12-11T09:07:31.399+0000][1][gc,age       ] GC(46) - age   6:       3416 bytes,      58720 total
[2019-12-11T09:07:31.399+0000][1][gc,heap      ] GC(46) ParNew: 69992K->64K(78656K)
[2019-12-11T09:07:31.399+0000][1][gc,heap      ] GC(46) CMS: 73703K->73722K(174784K)
[2019-12-11T09:07:31.399+0000][1][gc,metaspace ] GC(46) Metaspace: 77860K->77860K(1120256K)
[2019-12-11T09:07:31.399+0000][1][gc           ] GC(46) Pause Young (Allocation Failure) 140M->72M(247M) 5.557ms
[2019-12-11T09:07:31.399+0000][1][gc,cpu       ] GC(46) User=0.01s Sys=0.00s Real=0.01s
[2019-12-11T09:07:31.399+0000][1][safepoint    ] Leaving safepoint region
[2019-12-11T09:07:31.399+0000][1][safepoint    ] Total time for which application threads were stopped: 0.0058182 seconds, Stopping threads took: 0.0000225 seconds
[2019-12-11T09:07:31.400+0000][1][safepoint    ] Application time: 0.0005378 seconds
[2019-12-11T09:07:31.400+0000][1][safepoint    ] Entering safepoint region: BulkRevokeBias
[2019-12-11T09:07:31.400+0000][1][safepoint    ] Leaving safepoint region
[2019-12-11T09:07:31.400+0000][1][safepoint    ] Total time for which application threads were stopped: 0.0004615 seconds, Stopping threads took: 0.0000301 seconds
[2019-12-11T09:07:31.405+0000][1][safepoint    ] Application time: 0.0043216 seconds
[2019-12-11T09:07:31.405+0000][1][safepoint    ] Entering safepoint region: RevokeBias
[2019-12-11T09:07:31.405+0000][1][safepoint    ] Leaving safepoint region
[2019-12-11T09:07:31.405+0000][1][safepoint    ] Total time for which application threads were stopped: 0.0001344 seconds, Stopping threads took: 0.0000139 seconds
[2019-12-11T09:07:31.406+0000][1][safepoint    ] Application time: 0.0010951 seconds
[2019-12-11T09:07:31.406+0000][1][safepoint    ] Entering safepoint region: RevokeBias
[2019-12-11T09:07:31.406+0000][1][safepoint    ] Leaving safepoint region
[2019-12-11T09:07:31.406+0000][1][safepoint    ] Total time for which application threads were stopped: 0.0000922 seconds, Stopping threads took: 0.0000114 seconds
[2019-12-11T09:07:31.406+0000][1][safepoint    ] Application time: 0.0003546 seconds
[2019-12-11T09:07:31.406+0000][1][safepoint    ] Entering safepoint region: RevokeBias
[2019-12-11T09:07:31.406+0000][1][safepoint    ] Leaving safepoint region
[2019-12-11T09:07:31.406+0000][1][safepoint    ] Total time for which application threads were stopped: 0.0000899 seconds, Stopping threads took: 0.0000112 seconds
[2019-12-11T09:07:31.407+0000][1][safepoint    ] Application time: 0.0002543 seconds
[2019-12-11T09:07:31.407+0000][1][safepoint    ] Entering safepoint region: RevokeBias
[2019-12-11T09:07:31.407+0000][1][safepoint    ] Leaving safepoint region
[2019-12-11T09:07:31.407+0000][1][safepoint    ] Total time for which application threads were stopped: 0.0004395 seconds, Stopping threads took: 0.0000105 seconds
[2019-12-11T09:07:31.507+0000][1][safepoint    ] Application time: 0.0996105 seconds
[2019-12-11T09:07:31.507+0000][1][safepoint    ] Entering safepoint region: RevokeBias
[2019-12-11T09:07:31.507+0000][1][safepoint    ] Leaving safepoint region
[2019-12-11T09:07:31.507+0000][1][safepoint    ] Total time for which application threads were stopped: 0.0001226 seconds, Stopping threads took: 0.0000184 seconds
[2019-12-11T09:07:31.536+0000][1][safepoint    ] Application time: 0.0292086 seconds
[2019-12-11T09:07:31.536+0000][1][safepoint    ] Entering safepoint region: RevokeBias
[2019-12-11T09:07:31.536+0000][1][safepoint    ] Leaving safepoint region
[2019-12-11T09:07:31.536+0000][1][safepoint    ] Total time for which application threads were stopped: 0.0000986 seconds, Stopping threads took: 0.0000175 seconds
[2019-12-11T09:07:31.572+0000][1][safepoint    ] Application time: 0.0357624 seconds
[2019-12-11T09:07:31.572+0000][1][safepoint    ] Entering safepoint region: RevokeBias
[2019-12-11T09:07:31.572+0000][1][safepoint    ] Leaving safepoint region
[2019-12-11T09:07:31.572+0000][1][safepoint    ] Total time for which application threads were stopped: 0.0001021 seconds, Stopping threads took: 0.0000163 seconds
[2019-12-11T09:07:31.572+0000][1][safepoint    ] Application time: 0.0001331 seconds
[2019-12-11T09:07:31.572+0000][1][safepoint    ] Entering safepoint region: RevokeBias
[2019-12-11T09:07:31.572+0000][1][safepoint    ] Leaving safepoint region
[2019-12-11T09:07:31.572+0000][1][safepoint    ] Total time for which application threads were stopped: 0.0000628 seconds, Stopping threads took: 0.0000107 seconds
[2019-12-11T09:07:31.792+0000][1][safepoint    ] Application time: 0.2198317 seconds
[2019-12-11T09:07:31.892+0000][1][safepoint    ] Entering safepoint region: RevokeBias
[2019-12-11T09:07:31.892+0000][1][safepoint    ] Leaving safepoint region
[2019-12-11T09:07:31.892+0000][1][safepoint    ] Total time for which application threads were stopped: 0.1001888 seconds, Stopping threads took: 0.1000482 seconds
[2019-12-11T09:07:31.908+0000][1][safepoint    ] Application time: 0.0154640 seconds
[2019-12-11T09:07:31.908+0000][1][safepoint    ] Entering safepoint region: RevokeBias
[2019-12-11T09:07:31.908+0000][1][safepoint    ] Leaving safepoint region
[2019-12-11T09:07:31.908+0000][1][safepoint    ] Total time for which application threads were stopped: 0.0001642 seconds, Stopping threads took: 0.0000612 seconds
[2019-12-11T09:07:31.908+0000][1][safepoint    ] Application time: 0.0000745 seconds
[2019-12-11T09:07:31.908+0000][1][safepoint    ] Entering safepoint region: RevokeBias
[2019-12-11T09:07:31.908+0000][1][safepoint    ] Leaving safepoint region
[2019-12-11T09:07:31.908+0000][1][safepoint    ] Total time for which application threads were stopped: 0.0000542 seconds, Stopping threads took: 0.0000083 seconds
[2019-12-11T09:07:31.908+0000][1][safepoint    ] Application time: 0.0000530 seconds
[2019-12-11T09:07:31.908+0000][1][safepoint    ] Entering safepoint region: RevokeBias
[2019-12-11T09:07:31.908+0000][1][safepoint    ] Leaving safepoint region
[2019-12-11T09:07:31.908+0000][1][safepoint    ] Total time for which application threads were stopped: 0.0000505 seconds, Stopping threads took: 0.0000082 seconds
[2019-12-11T09:07:31.908+0000][1][safepoint    ] Application time: 0.0000451 seconds
[2019-12-11T09:07:31.908+0000][1][safepoint    ] Entering safepoint region: RevokeBias
[2019-12-11T09:07:31.908+0000][1][safepoint    ] Leaving safepoint region
[2019-12-11T09:07:31.908+0000][1][safepoint    ] Total time for which application threads were stopped: 0.0000476 seconds, Stopping threads took: 0.0000077 seconds
[2019-12-11T09:07:31.908+0000][1][safepoint    ] Application time: 0.0000489 seconds
[2019-12-11T09:07:31.909+0000][1][safepoint    ] Entering safepoint region: RevokeBias
[2019-12-11T09:07:31.909+0000][1][safepoint    ] Leaving safepoint region
[2019-12-11T09:07:31.909+0000][1][safepoint    ] Total time for which application threads were stopped: 0.0000485 seconds, Stopping threads took: 0.0000077 seconds
[2019-12-11T09:07:31.909+0000][1][safepoint    ] Application time: 0.0000442 seconds
[2019-12-11T09:07:31.909+0000][1][safepoint    ] Entering safepoint region: RevokeBias
[2019-12-11T09:07:31.909+0000][1][safepoint    ] Leaving safepoint region
[2019-12-11T09:07:31.909+0000][1][safepoint    ] Total time for which application threads were stopped: 0.0000492 seconds, Stopping threads took: 0.0000078 seconds
[2019-12-11T09:07:31.909+0000][1][safepoint    ] Application time: 0.0000635 seconds
[2019-12-11T09:07:31.909+0000][1][safepoint    ] Entering safepoint region: RevokeBias
[2019-12-11T09:07:31.909+0000][1][safepoint    ] Leaving safepoint region
[2019-12-11T09:07:31.909+0000][1][safepoint    ] Total time for which application threads were stopped: 0.0000544 seconds, Stopping threads took: 0.0000088 seconds
[2019-12-11T09:07:31.909+0000][1][safepoint    ] Application time: 0.0000452 seconds
[2019-12-11T09:07:31.909+0000][1][safepoint    ] Entering safepoint region: RevokeBias
[2019-12-11T09:07:31.909+0000][1][safepoint    ] Leaving safepoint region
[2019-12-11T09:07:31.909+0000][1][safepoint    ] Total time for which application threads were stopped: 0.0000479 seconds, Stopping threads took: 0.0000079 seconds
[2019-12-11T09:07:31.909+0000][1][safepoint    ] Application time: 0.0000489 seconds
[2019-12-11T09:07:31.909+0000][1][safepoint    ] Entering safepoint region: RevokeBias
[2019-12-11T09:07:31.909+0000][1][safepoint    ] Leaving safepoint region
[2019-12-11T09:07:31.909+0000][1][safepoint    ] Total time for which application threads were stopped: 0.0000472 seconds, Stopping threads took: 0.0000077 seconds
[2019-12-11T09:07:31.909+0000][1][safepoint    ] Application time: 0.0000438 seconds
[2019-12-11T09:07:31.909+0000][1][safepoint    ] Entering safepoint region: RevokeBias
[2019-12-11T09:07:31.909+0000][1][safepoint    ] Leaving safepoint region
[2019-12-11T09:07:31.909+0000][1][safepoint    ] Total time for which application threads were stopped: 0.0000472 seconds, Stopping threads took: 0.0000077 seconds
[2019-12-11T09:07:31.909+0000][1][safepoint    ] Application time: 0.0000475 seconds
[2019-12-11T09:07:31.909+0000][1][safepoint    ] Entering safepoint region: RevokeBias
[2019-12-11T09:07:31.909+0000][1][safepoint    ] Leaving safepoint region
[2019-12-11T09:07:31.909+0000][1][safepoint    ] Total time for which application threads were stopped: 0.0000472 seconds, Stopping threads took: 0.0000084 seconds
[2019-12-11T09:07:31.909+0000][1][safepoint    ] Application time: 0.0000424 seconds
[2019-12-11T09:07:31.909+0000][1][safepoint    ] Entering safepoint region: RevokeBias
[2019-12-11T09:07:31.909+0000][1][safepoint    ] Leaving safepoint region
[2019-12-11T09:07:31.909+0000][1][safepoint    ] Total time for which application threads were stopped: 0.0000415 seconds, Stopping threads took: 0.0000067 seconds
[2019-12-11T09:07:31.909+0000][1][safepoint    ] Application time: 0.0000497 seconds
[2019-12-11T09:07:31.909+0000][1][safepoint    ] Entering safepoint region: RevokeBias
[2019-12-11T09:07:31.909+0000][1][safepoint    ] Leaving safepoint region
[2019-12-11T09:07:31.909+0000][1][safepoint    ] Total time for which application threads were stopped: 0.0000434 seconds, Stopping threads took: 0.0000071 seconds
[2019-12-11T09:07:31.909+0000][1][safepoint    ] Application time: 0.0000437 seconds
[2019-12-11T09:07:31.909+0000][1][safepoint    ] Entering safepoint region: RevokeBias
[2019-12-11T09:07:31.910+0000][1][safepoint    ] Leaving safepoint region
[2019-12-11T09:07:31.910+0000][1][safepoint    ] Total time for which application threads were stopped: 0.0000428 seconds, Stopping threads took: 0.0000073 seconds
[2019-12-11T09:07:31.953+0000][1][safepoint    ] Application time: 0.0431861 seconds
[2019-12-11T09:07:31.953+0000][1][safepoint    ] Entering safepoint region: RevokeBias
[2019-12-11T09:07:31.953+0000][1][safepoint    ] Leaving safepoint region
[2019-12-11T09:07:31.953+0000][1][safepoint    ] Total time for which application threads were stopped: 0.0000975 seconds, Stopping threads took: 0.0000157 seconds
[2019-12-11T09:07:31.971+0000][1][safepoint    ] Application time: 0.0178403 seconds
[2019-12-11T09:07:31.971+0000][1][safepoint    ] Entering safepoint region: RevokeBias
[2019-12-11T09:07:31.971+0000][1][safepoint    ] Leaving safepoint region
[2019-12-11T09:07:31.971+0000][1][safepoint    ] Total time for which application threads were stopped: 0.0001350 seconds, Stopping threads took: 0.0000487 seconds
[2019-12-11T09:07:31.971+0000][1][safepoint    ] Application time: 0.0000753 seconds
[2019-12-11T09:07:31.971+0000][1][safepoint    ] Entering safepoint region: RevokeBias
[2019-12-11T09:07:31.971+0000][1][safepoint    ] Leaving safepoint region
[2019-12-11T09:07:31.971+0000][1][safepoint    ] Total time for which application threads were stopped: 0.0000477 seconds, Stopping threads took: 0.0000076 seconds
[2019-12-11T09:07:31.971+0000][1][safepoint    ] Application time: 0.0000487 seconds
[2019-12-11T09:07:31.971+0000][1][safepoint    ] Entering safepoint region: RevokeBias
[2019-12-11T09:07:31.971+0000][1][safepoint    ] Leaving safepoint region
[2019-12-11T09:07:31.971+0000][1][safepoint    ] Total time for which application threads were stopped: 0.0000474 seconds, Stopping threads took: 0.0000072 seconds
[2019-12-11T09:07:31.971+0000][1][safepoint    ] Application time: 0.0000422 seconds
[2019-12-11T09:07:31.971+0000][1][safepoint    ] Entering safepoint region: RevokeBias
[2019-12-11T09:07:31.971+0000][1][safepoint    ] Leaving safepoint region
[2019-12-11T09:07:31.971+0000][1][safepoint    ] Total time for which application threads were stopped: 0.0000447 seconds, Stopping threads took: 0.0000069 seconds
[2019-12-11T09:07:31.998+0000][1][safepoint    ] Application time: 0.0268382 seconds
[2019-12-11T09:07:31.998+0000][1][safepoint    ] Entering safepoint region: RevokeBias
[2019-12-11T09:07:31.998+0000][1][safepoint    ] Leaving safepoint region
[2019-12-11T09:07:31.998+0000][1][safepoint    ] Total time for which application threads were stopped: 0.0001138 seconds, Stopping threads took: 0.0000172 seconds
[2019-12-11T09:07:32.008+0000][1][safepoint    ] Application time: 0.0097153 seconds
[2019-12-11T09:07:32.008+0000][1][safepoint    ] Entering safepoint region: RevokeBias
[2019-12-11T09:07:32.008+0000][1][safepoint    ] Leaving safepoint region
[2019-12-11T09:07:32.008+0000][1][safepoint    ] Total time for which application threads were stopped: 0.0001142 seconds, Stopping threads took: 0.0000177 seconds
[2019-12-11T09:07:32.008+0000][1][safepoint    ] Application time: 0.0002705 seconds
[2019-12-11T09:07:32.008+0000][1][safepoint    ] Entering safepoint region: RevokeBias
[2019-12-11T09:07:32.008+0000][1][safepoint    ] Leaving safepoint region
[2019-12-11T09:07:32.008+0000][1][safepoint    ] Total time for which application threads were stopped: 0.0000755 seconds, Stopping threads took: 0.0000126 seconds
[2019-12-11T09:07:32.009+0000][1][safepoint    ] Application time: 0.0001218 seconds
[2019-12-11T09:07:32.009+0000][1][safepoint    ] Entering safepoint region: BulkRevokeBias
[2019-12-11T09:07:32.009+0000][1][safepoint    ] Leaving safepoint region
[2019-12-11T09:07:32.009+0000][1][safepoint    ] Total time for which application threads were stopped: 0.0003721 seconds, Stopping threads took: 0.0000094 seconds
[2019-12-11T09:07:32.010+0000][1][safepoint    ] Application time: 0.0007140 seconds
[2019-12-11T09:07:32.010+0000][1][safepoint    ] Entering safepoint region: RevokeBias
[2019-12-11T09:07:32.010+0000][1][safepoint    ] Leaving safepoint region
[2019-12-11T09:07:32.010+0000][1][safepoint    ] Total time for which application threads were stopped: 0.0000832 seconds, Stopping threads took: 0.0000142 seconds
[2019-12-11T09:07:32.040+0000][1][safepoint    ] Application time: 0.0300335 seconds
[2019-12-11T09:07:32.040+0000][1][safepoint    ] Entering safepoint region: RevokeBias
[2019-12-11T09:07:32.040+0000][1][safepoint    ] Leaving safepoint region
[2019-12-11T09:07:32.040+0000][1][safepoint    ] Total time for which application threads were stopped: 0.0000987 seconds, Stopping threads took: 0.0000159 seconds
[2019-12-11T09:07:32.041+0000][1][safepoint    ] Application time: 0.0008323 seconds
[2019-12-11T09:07:32.041+0000][1][safepoint    ] Entering safepoint region: RevokeBias
[2019-12-11T09:07:32.041+0000][1][safepoint    ] Leaving safepoint region
[2019-12-11T09:07:32.041+0000][1][safepoint    ] Total time for which application threads were stopped: 0.0000740 seconds, Stopping threads took: 0.0000141 seconds
[2019-12-11T09:07:32.041+0000][1][safepoint    ] Application time: 0.0005488 seconds
[2019-12-11T09:07:32.041+0000][1][safepoint    ] Entering safepoint region: RevokeBias
[2019-12-11T09:07:32.042+0000][1][safepoint    ] Leaving safepoint region
[2019-12-11T09:07:32.042+0000][1][safepoint    ] Total time for which application threads were stopped: 0.0000775 seconds, Stopping threads took: 0.0000141 seconds
[2019-12-11T09:07:32.047+0000][1][safepoint    ] Application time: 0.0051373 seconds
[2019-12-11T09:07:32.047+0000][1][safepoint    ] Entering safepoint region: RevokeBias
[2019-12-11T09:07:32.047+0000][1][safepoint    ] Leaving safepoint region
[2019-12-11T09:07:32.047+0000][1][safepoint    ] Total time for which application threads were stopped: 0.0000915 seconds, Stopping threads took: 0.0000312 seconds
[2019-12-11T09:07:32.069+0000][1][safepoint    ] Application time: 0.0218956 seconds
[2019-12-11T09:07:32.069+0000][1][safepoint    ] Entering safepoint region: RevokeBias
[2019-12-11T09:07:32.069+0000][1][safepoint    ] Leaving safepoint region
[2019-12-11T09:07:32.069+0000][1][safepoint    ] Total time for which application threads were stopped: 0.0000408 seconds, Stopping threads took: 0.0000113 seconds
[2019-12-11T09:07:32.070+0000][1][safepoint    ] Application time: 0.0013028 seconds
[2019-12-11T09:07:32.070+0000][1][safepoint    ] Entering safepoint region: RevokeBias
[2019-12-11T09:07:32.070+0000][1][safepoint    ] Leaving safepoint region
[2019-12-11T09:07:32.070+0000][1][safepoint    ] Total time for which application threads were stopped: 0.0000591 seconds, Stopping threads took: 0.0000112 seconds
[2019-12-11T09:07:32.165+0000][1][gc,heap,exit ] Heap
[2019-12-11T09:07:32.165+0000][1][gc,heap,exit ]  par new generation   total 78656K, used 12112K [0x00000000f0000000, 0x00000000f5550000, 0x00000000f5550000)
[2019-12-11T09:07:32.165+0000][1][gc,heap,exit ]   eden space 69952K,  17% used [0x00000000f0000000, 0x00000000f0bc3fd8, 0x00000000f4450000)
[2019-12-11T09:07:32.165+0000][1][gc,heap,exit ]   from space 8704K,   0% used [0x00000000f4450000, 0x00000000f4460370, 0x00000000f4cd0000)
[2019-12-11T09:07:32.165+0000][1][gc,heap,exit ]   to   space 8704K,   0% used [0x00000000f4cd0000, 0x00000000f4cd0000, 0x00000000f5550000)
[2019-12-11T09:07:32.165+0000][1][gc,heap,exit ]  concurrent mark-sweep generation total 174784K, used 73722K [0x00000000f5550000, 0x0000000100000000, 0x0000000100000000)
[2019-12-11T09:07:32.165+0000][1][gc,heap,exit ]  Metaspace       used 78002K, capacity 83602K, committed 83916K, reserved 1120256K
[2019-12-11T09:07:32.165+0000][1][gc,heap,exit ]   class space    used 10414K, capacity 12815K, committed 12920K, reserved 1048576K
[2019-12-11T09:07:32.169+0000][1][safepoint    ] Application time: 0.0985054 seconds
[2019-12-11T09:07:32.169+0000][1][safepoint    ] Entering safepoint region: Exit
