[2019-12-09T03:37:58.363+0000][1][gc] Using Concurrent Mark Sweep
[2019-12-09T03:37:58.363+0000][1][gc,heap,coops] Heap address: 0x00000000f0000000, size: 256 MB, Compressed Oops mode: 32-bit
[2019-12-09T03:37:58.740+0000][1][safepoint    ] Entering safepoint region: EnableBiasedLocking
[2019-12-09T03:37:58.740+0000][1][safepoint    ] Leaving safepoint region
[2019-12-09T03:37:58.740+0000][1][safepoint    ] Total time for which application threads were stopped: 0.0327966 seconds, Stopping threads took: 0.0326913 seconds
[2019-12-09T03:37:58.753+0000][1][safepoint    ] Application time: 0.0117394 seconds
[2019-12-09T03:37:58.753+0000][1][safepoint    ] Entering safepoint region: RevokeBias
[2019-12-09T03:37:58.753+0000][1][safepoint    ] Leaving safepoint region
[2019-12-09T03:37:58.753+0000][1][safepoint    ] Total time for which application threads were stopped: 0.0000997 seconds, Stopping threads took: 0.0000343 seconds
[2019-12-09T03:37:58.806+0000][1][safepoint    ] Application time: 0.0533699 seconds
[2019-12-09T03:37:58.806+0000][1][safepoint    ] Entering safepoint region: Deoptimize
[2019-12-09T03:37:58.806+0000][1][safepoint    ] Leaving safepoint region
[2019-12-09T03:37:58.806+0000][1][safepoint    ] Total time for which application threads were stopped: 0.0000522 seconds, Stopping threads took: 0.0000108 seconds
[2019-12-09T03:37:59.787+0000][1][safepoint    ] Application time: 0.9810038 seconds
[2019-12-09T03:37:59.787+0000][1][safepoint    ] Entering safepoint region: Deoptimize
[2019-12-09T03:37:59.788+0000][1][safepoint    ] Leaving safepoint region
[2019-12-09T03:37:59.788+0000][1][safepoint    ] Total time for which application threads were stopped: 0.0000977 seconds, Stopping threads took: 0.0000100 seconds
[2019-12-09T03:38:00.789+0000][1][safepoint    ] Application time: 1.0012486 seconds
[2019-12-09T03:38:00.879+0000][1][safepoint    ] Entering safepoint region: Cleanup
[2019-12-09T03:38:00.879+0000][1][safepoint    ] Leaving safepoint region
[2019-12-09T03:38:00.879+0000][1][safepoint    ] Total time for which application threads were stopped: 0.0899974 seconds, Stopping threads took: 0.0899242 seconds
[2019-12-09T03:38:01.880+0000][1][safepoint    ] Application time: 1.0008860 seconds
[2019-12-09T03:38:01.880+0000][1][safepoint    ] Entering safepoint region: Cleanup
[2019-12-09T03:38:01.880+0000][1][safepoint    ] Leaving safepoint region
[2019-12-09T03:38:01.880+0000][1][safepoint    ] Total time for which application threads were stopped: 0.0000719 seconds, Stopping threads took: 0.0000125 seconds
[2019-12-09T03:38:02.415+0000][1][safepoint    ] Application time: 0.5348586 seconds
[2019-12-09T03:38:02.415+0000][1][safepoint    ] Entering safepoint region: Deoptimize
[2019-12-09T03:38:02.415+0000][1][safepoint    ] Leaving safepoint region
[2019-12-09T03:38:02.415+0000][1][safepoint    ] Total time for which application threads were stopped: 0.0001581 seconds, Stopping threads took: 0.0000123 seconds
[2019-12-09T03:38:02.579+0000][1][safepoint    ] Application time: 0.1637910 seconds
[2019-12-09T03:38:02.579+0000][1][safepoint    ] Entering safepoint region: Deoptimize
[2019-12-09T03:38:02.579+0000][1][safepoint    ] Leaving safepoint region
[2019-12-09T03:38:02.579+0000][1][safepoint    ] Total time for which application threads were stopped: 0.0001561 seconds, Stopping threads took: 0.0000119 seconds
[2019-12-09T03:38:02.973+0000][1][safepoint    ] Application time: 0.3938082 seconds
[2019-12-09T03:38:02.973+0000][1][safepoint    ] Entering safepoint region: Deoptimize
[2019-12-09T03:38:02.973+0000][1][safepoint    ] Leaving safepoint region
[2019-12-09T03:38:02.973+0000][1][safepoint    ] Total time for which application threads were stopped: 0.0001838 seconds, Stopping threads took: 0.0000242 seconds
[2019-12-09T03:38:03.032+0000][1][safepoint    ] Application time: 0.0587609 seconds
[2019-12-09T03:38:03.032+0000][1][safepoint    ] Entering safepoint region: Deoptimize
[2019-12-09T03:38:03.032+0000][1][safepoint    ] Leaving safepoint region
[2019-12-09T03:38:03.032+0000][1][safepoint    ] Total time for which application threads were stopped: 0.0001595 seconds, Stopping threads took: 0.0000113 seconds
[2019-12-09T03:38:04.071+0000][1][safepoint    ] Application time: 1.0388773 seconds
[2019-12-09T03:38:04.071+0000][1][safepoint    ] Entering safepoint region: Cleanup
[2019-12-09T03:38:04.071+0000][1][safepoint    ] Leaving safepoint region
[2019-12-09T03:38:04.071+0000][1][safepoint    ] Total time for which application threads were stopped: 0.0000865 seconds, Stopping threads took: 0.0000443 seconds
[2019-12-09T03:38:05.093+0000][1][safepoint    ] Application time: 1.0218014 seconds
[2019-12-09T03:38:05.174+0000][1][safepoint    ] Entering safepoint region: Cleanup
[2019-12-09T03:38:05.174+0000][1][safepoint    ] Leaving safepoint region
[2019-12-09T03:38:05.174+0000][1][safepoint    ] Total time for which application threads were stopped: 0.0810299 seconds, Stopping threads took: 0.0809690 seconds
[2019-12-09T03:38:06.176+0000][1][safepoint    ] Application time: 1.0019029 seconds
[2019-12-09T03:38:06.176+0000][1][safepoint    ] Entering safepoint region: Cleanup
[2019-12-09T03:38:06.176+0000][1][safepoint    ] Leaving safepoint region
[2019-12-09T03:38:06.176+0000][1][safepoint    ] Total time for which application threads were stopped: 0.0000685 seconds, Stopping threads took: 0.0000157 seconds
[2019-12-09T03:38:06.595+0000][1][safepoint    ] Application time: 0.4187697 seconds
[2019-12-09T03:38:06.595+0000][1][safepoint    ] Entering safepoint region: Deoptimize
[2019-12-09T03:38:06.595+0000][1][safepoint    ] Leaving safepoint region
[2019-12-09T03:38:06.595+0000][1][safepoint    ] Total time for which application threads were stopped: 0.0002191 seconds, Stopping threads took: 0.0000113 seconds
[2019-12-09T03:38:07.622+0000][1][safepoint    ] Application time: 1.0268750 seconds
[2019-12-09T03:38:07.622+0000][1][safepoint    ] Entering safepoint region: Cleanup
[2019-12-09T03:38:07.622+0000][1][safepoint    ] Leaving safepoint region
[2019-12-09T03:38:07.622+0000][1][safepoint    ] Total time for which application threads were stopped: 0.0000517 seconds, Stopping threads took: 0.0000146 seconds
[2019-12-09T03:38:08.624+0000][1][safepoint    ] Application time: 1.0018558 seconds
[2019-12-09T03:38:08.624+0000][1][safepoint    ] Entering safepoint region: Cleanup
[2019-12-09T03:38:08.624+0000][1][safepoint    ] Leaving safepoint region
[2019-12-09T03:38:08.624+0000][1][safepoint    ] Total time for which application threads were stopped: 0.0000507 seconds, Stopping threads took: 0.0000132 seconds
[2019-12-09T03:38:09.626+0000][1][safepoint    ] Application time: 1.0019072 seconds
[2019-12-09T03:38:09.626+0000][1][safepoint    ] Entering safepoint region: Cleanup
[2019-12-09T03:38:09.626+0000][1][safepoint    ] Leaving safepoint region
[2019-12-09T03:38:09.626+0000][1][safepoint    ] Total time for which application threads were stopped: 0.0001340 seconds, Stopping threads took: 0.0000482 seconds
[2019-12-09T03:38:09.818+0000][1][safepoint    ] Application time: 0.1921459 seconds
[2019-12-09T03:38:09.818+0000][1][safepoint    ] Entering safepoint region: Deoptimize
[2019-12-09T03:38:09.818+0000][1][safepoint    ] Leaving safepoint region
[2019-12-09T03:38:09.818+0000][1][safepoint    ] Total time for which application threads were stopped: 0.0002441 seconds, Stopping threads took: 0.0000126 seconds
[2019-12-09T03:38:10.824+0000][1][safepoint    ] Application time: 1.0053952 seconds
[2019-12-09T03:38:10.879+0000][1][safepoint    ] Entering safepoint region: Cleanup
[2019-12-09T03:38:10.879+0000][1][safepoint    ] Leaving safepoint region
[2019-12-09T03:38:10.879+0000][1][safepoint    ] Total time for which application threads were stopped: 0.0551729 seconds, Stopping threads took: 0.0550903 seconds
[2019-12-09T03:38:10.896+0000][1][safepoint    ] Application time: 0.0169422 seconds
[2019-12-09T03:38:10.896+0000][1][safepoint    ] Entering safepoint region: Deoptimize
[2019-12-09T03:38:10.896+0000][1][safepoint    ] Leaving safepoint region
[2019-12-09T03:38:10.896+0000][1][safepoint    ] Total time for which application threads were stopped: 0.0002419 seconds, Stopping threads took: 0.0000122 seconds
[2019-12-09T03:38:10.912+0000][1][safepoint    ] Application time: 0.0156825 seconds
[2019-12-09T03:38:10.912+0000][1][safepoint    ] Entering safepoint region: Deoptimize
[2019-12-09T03:38:10.912+0000][1][safepoint    ] Leaving safepoint region
[2019-12-09T03:38:10.912+0000][1][safepoint    ] Total time for which application threads were stopped: 0.0002304 seconds, Stopping threads took: 0.0000122 seconds
[2019-12-09T03:38:11.100+0000][1][safepoint    ] Application time: 0.1874118 seconds
[2019-12-09T03:38:11.100+0000][1][safepoint    ] Entering safepoint region: Deoptimize
[2019-12-09T03:38:11.100+0000][1][safepoint    ] Leaving safepoint region
[2019-12-09T03:38:11.100+0000][1][safepoint    ] Total time for which application threads were stopped: 0.0003174 seconds, Stopping threads took: 0.0000137 seconds
[2019-12-09T03:38:11.178+0000][1][safepoint    ] Application time: 0.0782575 seconds
[2019-12-09T03:38:11.178+0000][1][safepoint    ] Entering safepoint region: RevokeBias
[2019-12-09T03:38:11.178+0000][1][safepoint    ] Leaving safepoint region
[2019-12-09T03:38:11.178+0000][1][safepoint    ] Total time for which application threads were stopped: 0.0000781 seconds, Stopping threads took: 0.0000137 seconds
[2019-12-09T03:38:11.178+0000][1][safepoint    ] Application time: 0.0000631 seconds
[2019-12-09T03:38:11.178+0000][1][safepoint    ] Entering safepoint region: RevokeBias
[2019-12-09T03:38:11.178+0000][1][safepoint    ] Leaving safepoint region
[2019-12-09T03:38:11.178+0000][1][safepoint    ] Total time for which application threads were stopped: 0.0000497 seconds, Stopping threads took: 0.0000087 seconds
[2019-12-09T03:38:11.178+0000][1][safepoint    ] Application time: 0.0000810 seconds
[2019-12-09T03:38:11.178+0000][1][safepoint    ] Entering safepoint region: RevokeBias
[2019-12-09T03:38:11.179+0000][1][safepoint    ] Leaving safepoint region
[2019-12-09T03:38:11.179+0000][1][safepoint    ] Total time for which application threads were stopped: 0.0000474 seconds, Stopping threads took: 0.0000087 seconds
[2019-12-09T03:38:11.179+0000][1][safepoint    ] Application time: 0.0001834 seconds
[2019-12-09T03:38:11.179+0000][1][safepoint    ] Entering safepoint region: RevokeBias
[2019-12-09T03:38:11.179+0000][1][safepoint    ] Leaving safepoint region
[2019-12-09T03:38:11.179+0000][1][safepoint    ] Total time for which application threads were stopped: 0.0000501 seconds, Stopping threads took: 0.0000093 seconds
[2019-12-09T03:38:12.199+0000][1][safepoint    ] Application time: 1.0199761 seconds
[2019-12-09T03:38:12.255+0000][1][safepoint    ] Entering safepoint region: Cleanup
[2019-12-09T03:38:12.256+0000][1][safepoint    ] Leaving safepoint region
[2019-12-09T03:38:12.256+0000][1][safepoint    ] Total time for which application threads were stopped: 0.0567180 seconds, Stopping threads took: 0.0566396 seconds
[2019-12-09T03:38:12.839+0000][1][safepoint    ] Application time: 0.5830937 seconds
[2019-12-09T03:38:12.839+0000][1][safepoint    ] Entering safepoint region: GenCollectForAllocation
[2019-12-09T03:38:12.839+0000][1][gc,start     ] GC(0) Pause Young (Allocation Failure)
[2019-12-09T03:38:12.841+0000][1][gc,task      ] GC(0) Using 2 workers of 2 for evacuation
[2019-12-09T03:38:13.019+0000][1][gc,age       ] GC(0) Desired survivor size 4456448 bytes, new threshold 1 (max threshold 6)
[2019-12-09T03:38:13.019+0000][1][gc,age       ] GC(0) Age table with threshold 1 (max threshold 6)
[2019-12-09T03:38:13.019+0000][1][gc,age       ] GC(0) - age   1:    6692664 bytes,    6692664 total
[2019-12-09T03:38:13.019+0000][1][gc,heap      ] GC(0) ParNew: 69952K->6583K(78656K)
[2019-12-09T03:38:13.019+0000][1][gc,heap      ] GC(0) CMS: 0K->0K(174784K)
[2019-12-09T03:38:13.019+0000][1][gc,metaspace ] GC(0) Metaspace: 13039K->13039K(1060864K)
[2019-12-09T03:38:13.019+0000][1][gc           ] GC(0) Pause Young (Allocation Failure) 68M->6M(247M) 180.404ms
[2019-12-09T03:38:13.019+0000][1][gc,cpu       ] GC(0) User=0.04s Sys=0.00s Real=0.18s
[2019-12-09T03:38:13.019+0000][1][safepoint    ] Leaving safepoint region
[2019-12-09T03:38:13.019+0000][1][safepoint    ] Total time for which application threads were stopped: 0.1805799 seconds, Stopping threads took: 0.0000128 seconds
[2019-12-09T03:38:13.039+0000][1][safepoint    ] Application time: 0.0201583 seconds
[2019-12-09T03:38:13.075+0000][1][safepoint    ] Entering safepoint region: RevokeBias
[2019-12-09T03:38:13.075+0000][1][safepoint    ] Leaving safepoint region
[2019-12-09T03:38:13.075+0000][1][safepoint    ] Total time for which application threads were stopped: 0.0359764 seconds, Stopping threads took: 0.0358910 seconds
[2019-12-09T03:38:13.076+0000][1][safepoint    ] Application time: 0.0001500 seconds
[2019-12-09T03:38:13.076+0000][1][safepoint    ] Entering safepoint region: RevokeBias
[2019-12-09T03:38:13.076+0000][1][safepoint    ] Leaving safepoint region
[2019-12-09T03:38:13.076+0000][1][safepoint    ] Total time for which application threads were stopped: 0.0000489 seconds, Stopping threads took: 0.0000087 seconds
[2019-12-09T03:38:13.076+0000][1][safepoint    ] Application time: 0.0000762 seconds
[2019-12-09T03:38:13.076+0000][1][safepoint    ] Entering safepoint region: RevokeBias
[2019-12-09T03:38:13.076+0000][1][safepoint    ] Leaving safepoint region
[2019-12-09T03:38:13.076+0000][1][safepoint    ] Total time for which application threads were stopped: 0.0000548 seconds, Stopping threads took: 0.0000078 seconds
[2019-12-09T03:38:13.076+0000][1][safepoint    ] Application time: 0.0000485 seconds
[2019-12-09T03:38:13.076+0000][1][safepoint    ] Entering safepoint region: RevokeBias
[2019-12-09T03:38:13.076+0000][1][safepoint    ] Leaving safepoint region
[2019-12-09T03:38:13.076+0000][1][safepoint    ] Total time for which application threads were stopped: 0.0000390 seconds, Stopping threads took: 0.0000071 seconds
[2019-12-09T03:38:13.076+0000][1][safepoint    ] Application time: 0.0000524 seconds
[2019-12-09T03:38:13.076+0000][1][safepoint    ] Entering safepoint region: RevokeBias
[2019-12-09T03:38:13.076+0000][1][safepoint    ] Leaving safepoint region
[2019-12-09T03:38:13.076+0000][1][safepoint    ] Total time for which application threads were stopped: 0.0000380 seconds, Stopping threads took: 0.0000072 seconds
[2019-12-09T03:38:13.076+0000][1][safepoint    ] Application time: 0.0000455 seconds
[2019-12-09T03:38:13.076+0000][1][safepoint    ] Entering safepoint region: RevokeBias
[2019-12-09T03:38:13.076+0000][1][safepoint    ] Leaving safepoint region
[2019-12-09T03:38:13.076+0000][1][safepoint    ] Total time for which application threads were stopped: 0.0000338 seconds, Stopping threads took: 0.0000063 seconds
[2019-12-09T03:38:13.076+0000][1][safepoint    ] Application time: 0.0000465 seconds
[2019-12-09T03:38:13.076+0000][1][safepoint    ] Entering safepoint region: RevokeBias
[2019-12-09T03:38:13.076+0000][1][safepoint    ] Leaving safepoint region
[2019-12-09T03:38:13.076+0000][1][safepoint    ] Total time for which application threads were stopped: 0.0000356 seconds, Stopping threads took: 0.0000065 seconds
[2019-12-09T03:38:13.076+0000][1][safepoint    ] Application time: 0.0000428 seconds
[2019-12-09T03:38:13.076+0000][1][safepoint    ] Entering safepoint region: RevokeBias
[2019-12-09T03:38:13.076+0000][1][safepoint    ] Leaving safepoint region
[2019-12-09T03:38:13.076+0000][1][safepoint    ] Total time for which application threads were stopped: 0.0000357 seconds, Stopping threads took: 0.0000064 seconds
[2019-12-09T03:38:13.076+0000][1][safepoint    ] Application time: 0.0000491 seconds
[2019-12-09T03:38:13.076+0000][1][safepoint    ] Entering safepoint region: RevokeBias
[2019-12-09T03:38:13.076+0000][1][safepoint    ] Leaving safepoint region
[2019-12-09T03:38:13.076+0000][1][safepoint    ] Total time for which application threads were stopped: 0.0000390 seconds, Stopping threads took: 0.0000073 seconds
[2019-12-09T03:38:13.076+0000][1][safepoint    ] Application time: 0.0000445 seconds
[2019-12-09T03:38:13.076+0000][1][safepoint    ] Entering safepoint region: RevokeBias
[2019-12-09T03:38:13.076+0000][1][safepoint    ] Leaving safepoint region
[2019-12-09T03:38:13.076+0000][1][safepoint    ] Total time for which application threads were stopped: 0.0000484 seconds, Stopping threads took: 0.0000168 seconds
[2019-12-09T03:38:13.077+0000][1][safepoint    ] Application time: 0.0000471 seconds
[2019-12-09T03:38:13.077+0000][1][safepoint    ] Entering safepoint region: RevokeBias
[2019-12-09T03:38:13.077+0000][1][safepoint    ] Leaving safepoint region
[2019-12-09T03:38:13.077+0000][1][safepoint    ] Total time for which application threads were stopped: 0.0000381 seconds, Stopping threads took: 0.0000072 seconds
[2019-12-09T03:38:13.077+0000][1][safepoint    ] Application time: 0.0000442 seconds
[2019-12-09T03:38:13.077+0000][1][safepoint    ] Entering safepoint region: RevokeBias
[2019-12-09T03:38:13.077+0000][1][safepoint    ] Leaving safepoint region
[2019-12-09T03:38:13.077+0000][1][safepoint    ] Total time for which application threads were stopped: 0.0000377 seconds, Stopping threads took: 0.0000073 seconds
[2019-12-09T03:38:13.077+0000][1][safepoint    ] Application time: 0.0000616 seconds
[2019-12-09T03:38:13.077+0000][1][safepoint    ] Entering safepoint region: RevokeBias
[2019-12-09T03:38:13.077+0000][1][safepoint    ] Leaving safepoint region
[2019-12-09T03:38:13.077+0000][1][safepoint    ] Total time for which application threads were stopped: 0.0000391 seconds, Stopping threads took: 0.0000071 seconds
[2019-12-09T03:38:13.077+0000][1][safepoint    ] Application time: 0.0000441 seconds
[2019-12-09T03:38:13.077+0000][1][safepoint    ] Entering safepoint region: RevokeBias
[2019-12-09T03:38:13.077+0000][1][safepoint    ] Leaving safepoint region
[2019-12-09T03:38:13.077+0000][1][safepoint    ] Total time for which application threads were stopped: 0.0000377 seconds, Stopping threads took: 0.0000071 seconds
[2019-12-09T03:38:13.077+0000][1][safepoint    ] Application time: 0.0000512 seconds
[2019-12-09T03:38:13.077+0000][1][safepoint    ] Entering safepoint region: RevokeBias
[2019-12-09T03:38:13.077+0000][1][safepoint    ] Leaving safepoint region
[2019-12-09T03:38:13.077+0000][1][safepoint    ] Total time for which application threads were stopped: 0.0000384 seconds, Stopping threads took: 0.0000072 seconds
[2019-12-09T03:38:13.077+0000][1][safepoint    ] Application time: 0.0000442 seconds
[2019-12-09T03:38:13.077+0000][1][safepoint    ] Entering safepoint region: RevokeBias
[2019-12-09T03:38:13.077+0000][1][safepoint    ] Leaving safepoint region
[2019-12-09T03:38:13.077+0000][1][safepoint    ] Total time for which application threads were stopped: 0.0000376 seconds, Stopping threads took: 0.0000071 seconds
[2019-12-09T03:38:13.077+0000][1][safepoint    ] Application time: 0.0000508 seconds
[2019-12-09T03:38:13.077+0000][1][safepoint    ] Entering safepoint region: RevokeBias
[2019-12-09T03:38:13.077+0000][1][safepoint    ] Leaving safepoint region
[2019-12-09T03:38:13.077+0000][1][safepoint    ] Total time for which application threads were stopped: 0.0000384 seconds, Stopping threads took: 0.0000074 seconds
[2019-12-09T03:38:13.077+0000][1][safepoint    ] Application time: 0.0000436 seconds
[2019-12-09T03:38:13.077+0000][1][safepoint    ] Entering safepoint region: RevokeBias
[2019-12-09T03:38:13.077+0000][1][safepoint    ] Leaving safepoint region
[2019-12-09T03:38:13.077+0000][1][safepoint    ] Total time for which application threads were stopped: 0.0000376 seconds, Stopping threads took: 0.0000071 seconds
[2019-12-09T03:38:13.077+0000][1][safepoint    ] Application time: 0.0000705 seconds
[2019-12-09T03:38:13.077+0000][1][safepoint    ] Entering safepoint region: RevokeBias
[2019-12-09T03:38:13.077+0000][1][safepoint    ] Leaving safepoint region
[2019-12-09T03:38:13.077+0000][1][safepoint    ] Total time for which application threads were stopped: 0.0000390 seconds, Stopping threads took: 0.0000073 seconds
[2019-12-09T03:38:13.077+0000][1][safepoint    ] Application time: 0.0000435 seconds
[2019-12-09T03:38:13.077+0000][1][safepoint    ] Entering safepoint region: RevokeBias
[2019-12-09T03:38:13.078+0000][1][safepoint    ] Leaving safepoint region
[2019-12-09T03:38:13.078+0000][1][safepoint    ] Total time for which application threads were stopped: 0.0000437 seconds, Stopping threads took: 0.0000126 seconds
[2019-12-09T03:38:13.078+0000][1][safepoint    ] Application time: 0.0000465 seconds
[2019-12-09T03:38:13.078+0000][1][safepoint    ] Entering safepoint region: RevokeBias
[2019-12-09T03:38:13.078+0000][1][safepoint    ] Leaving safepoint region
[2019-12-09T03:38:13.078+0000][1][safepoint    ] Total time for which application threads were stopped: 0.0000379 seconds, Stopping threads took: 0.0000071 seconds
[2019-12-09T03:38:13.078+0000][1][safepoint    ] Application time: 0.0000437 seconds
[2019-12-09T03:38:13.078+0000][1][safepoint    ] Entering safepoint region: RevokeBias
[2019-12-09T03:38:13.078+0000][1][safepoint    ] Leaving safepoint region
[2019-12-09T03:38:13.078+0000][1][safepoint    ] Total time for which application threads were stopped: 0.0000515 seconds, Stopping threads took: 0.0000072 seconds
[2019-12-09T03:38:13.078+0000][1][safepoint    ] Application time: 0.0000482 seconds
[2019-12-09T03:38:13.078+0000][1][safepoint    ] Entering safepoint region: RevokeBias
[2019-12-09T03:38:13.078+0000][1][safepoint    ] Leaving safepoint region
[2019-12-09T03:38:13.078+0000][1][safepoint    ] Total time for which application threads were stopped: 0.0000393 seconds, Stopping threads took: 0.0000073 seconds
[2019-12-09T03:38:13.078+0000][1][safepoint    ] Application time: 0.0000439 seconds
[2019-12-09T03:38:13.078+0000][1][safepoint    ] Entering safepoint region: RevokeBias
[2019-12-09T03:38:13.078+0000][1][safepoint    ] Leaving safepoint region
[2019-12-09T03:38:13.078+0000][1][safepoint    ] Total time for which application threads were stopped: 0.0000376 seconds, Stopping threads took: 0.0000072 seconds
[2019-12-09T03:38:13.078+0000][1][safepoint    ] Application time: 0.0000647 seconds
[2019-12-09T03:38:13.078+0000][1][safepoint    ] Entering safepoint region: RevokeBias
[2019-12-09T03:38:13.078+0000][1][safepoint    ] Leaving safepoint region
[2019-12-09T03:38:13.078+0000][1][safepoint    ] Total time for which application threads were stopped: 0.0000383 seconds, Stopping threads took: 0.0000072 seconds
[2019-12-09T03:38:13.078+0000][1][safepoint    ] Application time: 0.0000441 seconds
[2019-12-09T03:38:13.078+0000][1][safepoint    ] Entering safepoint region: RevokeBias
[2019-12-09T03:38:13.078+0000][1][safepoint    ] Leaving safepoint region
[2019-12-09T03:38:13.078+0000][1][safepoint    ] Total time for which application threads were stopped: 0.0000370 seconds, Stopping threads took: 0.0000063 seconds
[2019-12-09T03:38:13.078+0000][1][safepoint    ] Application time: 0.0002949 seconds
[2019-12-09T03:38:13.078+0000][1][safepoint    ] Entering safepoint region: RevokeBias
[2019-12-09T03:38:13.078+0000][1][safepoint    ] Leaving safepoint region
[2019-12-09T03:38:13.078+0000][1][safepoint    ] Total time for which application threads were stopped: 0.0000526 seconds, Stopping threads took: 0.0000097 seconds
[2019-12-09T03:38:13.079+0000][1][safepoint    ] Application time: 0.0000549 seconds
[2019-12-09T03:38:13.079+0000][1][safepoint    ] Entering safepoint region: RevokeBias
[2019-12-09T03:38:13.079+0000][1][safepoint    ] Leaving safepoint region
[2019-12-09T03:38:13.079+0000][1][safepoint    ] Total time for which application threads were stopped: 0.0000425 seconds, Stopping threads took: 0.0000078 seconds
[2019-12-09T03:38:13.079+0000][1][safepoint    ] Application time: 0.0000775 seconds
[2019-12-09T03:38:13.079+0000][1][safepoint    ] Entering safepoint region: RevokeBias
[2019-12-09T03:38:13.079+0000][1][safepoint    ] Leaving safepoint region
[2019-12-09T03:38:13.079+0000][1][safepoint    ] Total time for which application threads were stopped: 0.0000454 seconds, Stopping threads took: 0.0000086 seconds
[2019-12-09T03:38:13.079+0000][1][safepoint    ] Application time: 0.0000538 seconds
[2019-12-09T03:38:13.079+0000][1][safepoint    ] Entering safepoint region: RevokeBias
[2019-12-09T03:38:13.079+0000][1][safepoint    ] Leaving safepoint region
[2019-12-09T03:38:13.079+0000][1][safepoint    ] Total time for which application threads were stopped: 0.0000511 seconds, Stopping threads took: 0.0000145 seconds
[2019-12-09T03:38:14.372+0000][1][safepoint    ] Application time: 1.2928187 seconds
[2019-12-09T03:38:14.372+0000][1][safepoint    ] Entering safepoint region: Deoptimize
[2019-12-09T03:38:14.372+0000][1][safepoint    ] Leaving safepoint region
[2019-12-09T03:38:14.372+0000][1][safepoint    ] Total time for which application threads were stopped: 0.0004283 seconds, Stopping threads took: 0.0000129 seconds
[2019-12-09T03:38:15.390+0000][1][safepoint    ] Application time: 1.0175328 seconds
[2019-12-09T03:38:15.441+0000][1][safepoint    ] Entering safepoint region: Cleanup
[2019-12-09T03:38:15.441+0000][1][safepoint    ] Leaving safepoint region
[2019-12-09T03:38:15.441+0000][1][safepoint    ] Total time for which application threads were stopped: 0.0511843 seconds, Stopping threads took: 0.0510914 seconds
[2019-12-09T03:38:15.529+0000][1][safepoint    ] Application time: 0.0883957 seconds
[2019-12-09T03:38:15.529+0000][1][safepoint    ] Entering safepoint region: RevokeBias
[2019-12-09T03:38:15.529+0000][1][safepoint    ] Leaving safepoint region
[2019-12-09T03:38:15.529+0000][1][safepoint    ] Total time for which application threads were stopped: 0.0000741 seconds, Stopping threads took: 0.0000119 seconds
[2019-12-09T03:38:16.531+0000][1][safepoint    ] Application time: 1.0012668 seconds
[2019-12-09T03:38:16.614+0000][1][safepoint    ] Entering safepoint region: Cleanup
[2019-12-09T03:38:16.614+0000][1][safepoint    ] Leaving safepoint region
[2019-12-09T03:38:16.614+0000][1][safepoint    ] Total time for which application threads were stopped: 0.0830572 seconds, Stopping threads took: 0.0829813 seconds
[2019-12-09T03:38:16.865+0000][1][safepoint    ] Application time: 0.2509539 seconds
[2019-12-09T03:38:16.865+0000][1][safepoint    ] Entering safepoint region: GenCollectForAllocation
[2019-12-09T03:38:16.865+0000][1][gc,start     ] GC(1) Pause Young (Allocation Failure)
[2019-12-09T03:38:16.865+0000][1][gc,task      ] GC(1) Using 2 workers of 2 for evacuation
[2019-12-09T03:38:17.269+0000][1][gc,age       ] GC(1) Desired survivor size 4456448 bytes, new threshold 6 (max threshold 6)
[2019-12-09T03:38:17.269+0000][1][gc,age       ] GC(1) Age table with threshold 6 (max threshold 6)
[2019-12-09T03:38:17.269+0000][1][gc,age       ] GC(1) - age   1:    1269216 bytes,    1269216 total
[2019-12-09T03:38:17.269+0000][1][gc,heap      ] GC(1) ParNew: 76535K->4264K(78656K)
[2019-12-09T03:38:17.269+0000][1][gc,heap      ] GC(1) CMS: 0K->7019K(174784K)
[2019-12-09T03:38:17.269+0000][1][gc,metaspace ] GC(1) Metaspace: 14992K->14992K(1062912K)
[2019-12-09T03:38:17.269+0000][1][gc           ] GC(1) Pause Young (Allocation Failure) 74M->11M(247M) 404.193ms
[2019-12-09T03:38:17.269+0000][1][gc,cpu       ] GC(1) User=0.07s Sys=0.00s Real=0.40s
[2019-12-09T03:38:17.269+0000][1][safepoint    ] Leaving safepoint region
[2019-12-09T03:38:17.269+0000][1][safepoint    ] Total time for which application threads were stopped: 0.4043348 seconds, Stopping threads took: 0.0000111 seconds
[2019-12-09T03:38:17.272+0000][1][safepoint    ] Application time: 0.0030206 seconds
[2019-12-09T03:38:17.272+0000][1][safepoint    ] Entering safepoint region: BulkRevokeBias
[2019-12-09T03:38:17.272+0000][1][safepoint    ] Leaving safepoint region
[2019-12-09T03:38:17.272+0000][1][safepoint    ] Total time for which application threads were stopped: 0.0001299 seconds, Stopping threads took: 0.0000138 seconds
[2019-12-09T03:38:17.272+0000][1][safepoint    ] Application time: 0.0001180 seconds
[2019-12-09T03:38:17.272+0000][1][safepoint    ] Entering safepoint region: RevokeBias
[2019-12-09T03:38:17.273+0000][1][safepoint    ] Leaving safepoint region
[2019-12-09T03:38:17.273+0000][1][safepoint    ] Total time for which application threads were stopped: 0.0000436 seconds, Stopping threads took: 0.0000091 seconds
[2019-12-09T03:38:17.273+0000][1][safepoint    ] Application time: 0.0000790 seconds
[2019-12-09T03:38:17.273+0000][1][safepoint    ] Entering safepoint region: RevokeBias
[2019-12-09T03:38:17.273+0000][1][safepoint    ] Leaving safepoint region
[2019-12-09T03:38:17.273+0000][1][safepoint    ] Total time for which application threads were stopped: 0.0000447 seconds, Stopping threads took: 0.0000086 seconds
[2019-12-09T03:38:17.273+0000][1][safepoint    ] Application time: 0.0000700 seconds
[2019-12-09T03:38:17.273+0000][1][safepoint    ] Entering safepoint region: RevokeBias
[2019-12-09T03:38:17.273+0000][1][safepoint    ] Leaving safepoint region
[2019-12-09T03:38:17.273+0000][1][safepoint    ] Total time for which application threads were stopped: 0.0000431 seconds, Stopping threads took: 0.0000085 seconds
[2019-12-09T03:38:17.273+0000][1][safepoint    ] Application time: 0.0000613 seconds
[2019-12-09T03:38:17.273+0000][1][safepoint    ] Entering safepoint region: RevokeBias
[2019-12-09T03:38:17.273+0000][1][safepoint    ] Leaving safepoint region
[2019-12-09T03:38:17.273+0000][1][safepoint    ] Total time for which application threads were stopped: 0.0000478 seconds, Stopping threads took: 0.0000082 seconds
[2019-12-09T03:38:17.273+0000][1][safepoint    ] Application time: 0.0000523 seconds
[2019-12-09T03:38:17.273+0000][1][safepoint    ] Entering safepoint region: RevokeBias
[2019-12-09T03:38:17.273+0000][1][safepoint    ] Leaving safepoint region
[2019-12-09T03:38:17.273+0000][1][safepoint    ] Total time for which application threads were stopped: 0.0000378 seconds, Stopping threads took: 0.0000082 seconds
[2019-12-09T03:38:17.273+0000][1][safepoint    ] Application time: 0.0000629 seconds
[2019-12-09T03:38:17.273+0000][1][safepoint    ] Entering safepoint region: BulkRevokeBias
[2019-12-09T03:38:17.273+0000][1][safepoint    ] Leaving safepoint region
[2019-12-09T03:38:17.273+0000][1][safepoint    ] Total time for which application threads were stopped: 0.0000680 seconds, Stopping threads took: 0.0000085 seconds
[2019-12-09T03:38:17.273+0000][1][safepoint    ] Application time: 0.0000524 seconds
[2019-12-09T03:38:17.273+0000][1][safepoint    ] Entering safepoint region: RevokeBias
[2019-12-09T03:38:17.273+0000][1][safepoint    ] Leaving safepoint region
[2019-12-09T03:38:17.273+0000][1][safepoint    ] Total time for which application threads were stopped: 0.0000382 seconds, Stopping threads took: 0.0000083 seconds
[2019-12-09T03:38:17.273+0000][1][safepoint    ] Application time: 0.0000579 seconds
[2019-12-09T03:38:17.273+0000][1][safepoint    ] Entering safepoint region: BulkRevokeBias
[2019-12-09T03:38:17.273+0000][1][safepoint    ] Leaving safepoint region
[2019-12-09T03:38:17.273+0000][1][safepoint    ] Total time for which application threads were stopped: 0.0000573 seconds, Stopping threads took: 0.0000084 seconds
[2019-12-09T03:38:17.725+0000][1][safepoint    ] Application time: 0.4511993 seconds
[2019-12-09T03:38:17.725+0000][1][safepoint    ] Entering safepoint region: RevokeBias
[2019-12-09T03:38:17.725+0000][1][safepoint    ] Leaving safepoint region
[2019-12-09T03:38:17.725+0000][1][safepoint    ] Total time for which application threads were stopped: 0.0001134 seconds, Stopping threads took: 0.0000125 seconds
[2019-12-09T03:38:17.815+0000][1][safepoint    ] Application time: 0.0899328 seconds
[2019-12-09T03:38:17.815+0000][1][safepoint    ] Entering safepoint region: RevokeBias
[2019-12-09T03:38:17.815+0000][1][safepoint    ] Leaving safepoint region
[2019-12-09T03:38:17.815+0000][1][safepoint    ] Total time for which application threads were stopped: 0.0000921 seconds, Stopping threads took: 0.0000134 seconds
[2019-12-09T03:38:18.087+0000][1][safepoint    ] Application time: 0.2724433 seconds
[2019-12-09T03:38:18.087+0000][1][safepoint    ] Entering safepoint region: RevokeBias
[2019-12-09T03:38:18.087+0000][1][safepoint    ] Leaving safepoint region
[2019-12-09T03:38:18.087+0000][1][safepoint    ] Total time for which application threads were stopped: 0.0000908 seconds, Stopping threads took: 0.0000132 seconds
[2019-12-09T03:38:18.127+0000][1][safepoint    ] Application time: 0.0398757 seconds
[2019-12-09T03:38:18.127+0000][1][safepoint    ] Entering safepoint region: RevokeBias
[2019-12-09T03:38:18.127+0000][1][safepoint    ] Leaving safepoint region
[2019-12-09T03:38:18.127+0000][1][safepoint    ] Total time for which application threads were stopped: 0.0000848 seconds, Stopping threads took: 0.0000129 seconds
[2019-12-09T03:38:18.618+0000][1][safepoint    ] Application time: 0.4903133 seconds
[2019-12-09T03:38:18.618+0000][1][safepoint    ] Entering safepoint region: RevokeBias
[2019-12-09T03:38:18.618+0000][1][safepoint    ] Leaving safepoint region
[2019-12-09T03:38:18.618+0000][1][safepoint    ] Total time for which application threads were stopped: 0.0001092 seconds, Stopping threads took: 0.0000142 seconds
[2019-12-09T03:38:18.738+0000][1][safepoint    ] Application time: 0.1199951 seconds
[2019-12-09T03:38:18.738+0000][1][safepoint    ] Entering safepoint region: GenCollectForAllocation
[2019-12-09T03:38:18.738+0000][1][gc,start     ] GC(2) Pause Young (Allocation Failure)
[2019-12-09T03:38:18.738+0000][1][gc,task      ] GC(2) Using 2 workers of 2 for evacuation
[2019-12-09T03:38:18.834+0000][1][gc,age       ] GC(2) Desired survivor size 4456448 bytes, new threshold 6 (max threshold 6)
[2019-12-09T03:38:18.834+0000][1][gc,age       ] GC(2) Age table with threshold 6 (max threshold 6)
[2019-12-09T03:38:18.834+0000][1][gc,age       ] GC(2) - age   1:     881576 bytes,     881576 total
[2019-12-09T03:38:18.834+0000][1][gc,age       ] GC(2) - age   2:    1001600 bytes,    1883176 total
[2019-12-09T03:38:18.834+0000][1][gc,heap      ] GC(2) ParNew: 74216K->2191K(78656K)
[2019-12-09T03:38:18.834+0000][1][gc,heap      ] GC(2) CMS: 7019K->7019K(174784K)
[2019-12-09T03:38:18.834+0000][1][gc,metaspace ] GC(2) Metaspace: 15091K->15091K(1062912K)
[2019-12-09T03:38:18.834+0000][1][gc           ] GC(2) Pause Young (Allocation Failure) 79M->8M(247M) 96.376ms
[2019-12-09T03:38:18.834+0000][1][gc,cpu       ] GC(2) User=0.02s Sys=0.00s Real=0.09s
[2019-12-09T03:38:18.834+0000][1][safepoint    ] Leaving safepoint region
[2019-12-09T03:38:18.834+0000][1][safepoint    ] Total time for which application threads were stopped: 0.0965077 seconds, Stopping threads took: 0.0000140 seconds
[2019-12-09T03:38:18.836+0000][1][safepoint    ] Application time: 0.0018951 seconds
[2019-12-09T03:38:18.836+0000][1][safepoint    ] Entering safepoint region: RevokeBias
[2019-12-09T03:38:18.836+0000][1][safepoint    ] Leaving safepoint region
[2019-12-09T03:38:18.836+0000][1][safepoint    ] Total time for which application threads were stopped: 0.0000809 seconds, Stopping threads took: 0.0000130 seconds
[2019-12-09T03:38:18.839+0000][1][safepoint    ] Application time: 0.0020676 seconds
[2019-12-09T03:38:18.839+0000][1][safepoint    ] Entering safepoint region: RevokeBias
[2019-12-09T03:38:18.839+0000][1][safepoint    ] Leaving safepoint region
[2019-12-09T03:38:18.839+0000][1][safepoint    ] Total time for which application threads were stopped: 0.0000981 seconds, Stopping threads took: 0.0000110 seconds
[2019-12-09T03:38:18.839+0000][1][safepoint    ] Application time: 0.0000798 seconds
[2019-12-09T03:38:18.839+0000][1][safepoint    ] Entering safepoint region: RevokeBias
[2019-12-09T03:38:18.839+0000][1][safepoint    ] Leaving safepoint region
[2019-12-09T03:38:18.839+0000][1][safepoint    ] Total time for which application threads were stopped: 0.0000689 seconds, Stopping threads took: 0.0000193 seconds
[2019-12-09T03:38:18.854+0000][1][safepoint    ] Application time: 0.0149511 seconds
[2019-12-09T03:38:18.854+0000][1][safepoint    ] Entering safepoint region: RevokeBias
[2019-12-09T03:38:18.854+0000][1][safepoint    ] Leaving safepoint region
[2019-12-09T03:38:18.854+0000][1][safepoint    ] Total time for which application threads were stopped: 0.0000594 seconds, Stopping threads took: 0.0000138 seconds
[2019-12-09T03:38:18.854+0000][1][safepoint    ] Application time: 0.0000587 seconds
[2019-12-09T03:38:18.854+0000][1][safepoint    ] Entering safepoint region: RevokeBias
[2019-12-09T03:38:18.854+0000][1][safepoint    ] Leaving safepoint region
[2019-12-09T03:38:18.854+0000][1][safepoint    ] Total time for which application threads were stopped: 0.0000496 seconds, Stopping threads took: 0.0000177 seconds
[2019-12-09T03:38:18.854+0000][1][safepoint    ] Application time: 0.0000613 seconds
[2019-12-09T03:38:18.854+0000][1][safepoint    ] Entering safepoint region: RevokeBias
[2019-12-09T03:38:18.854+0000][1][safepoint    ] Leaving safepoint region
[2019-12-09T03:38:18.854+0000][1][safepoint    ] Total time for which application threads were stopped: 0.0000375 seconds, Stopping threads took: 0.0000087 seconds
[2019-12-09T03:38:18.854+0000][1][safepoint    ] Application time: 0.0000515 seconds
[2019-12-09T03:38:18.854+0000][1][safepoint    ] Entering safepoint region: RevokeBias
[2019-12-09T03:38:18.854+0000][1][safepoint    ] Leaving safepoint region
[2019-12-09T03:38:18.854+0000][1][safepoint    ] Total time for which application threads were stopped: 0.0000347 seconds, Stopping threads took: 0.0000081 seconds
[2019-12-09T03:38:18.854+0000][1][safepoint    ] Application time: 0.0000575 seconds
[2019-12-09T03:38:18.854+0000][1][safepoint    ] Entering safepoint region: RevokeBias
[2019-12-09T03:38:18.854+0000][1][safepoint    ] Leaving safepoint region
[2019-12-09T03:38:18.854+0000][1][safepoint    ] Total time for which application threads were stopped: 0.0000369 seconds, Stopping threads took: 0.0000084 seconds
[2019-12-09T03:38:18.854+0000][1][safepoint    ] Application time: 0.0000590 seconds
[2019-12-09T03:38:18.854+0000][1][safepoint    ] Entering safepoint region: RevokeBias
[2019-12-09T03:38:18.854+0000][1][safepoint    ] Leaving safepoint region
[2019-12-09T03:38:18.854+0000][1][safepoint    ] Total time for which application threads were stopped: 0.0000306 seconds, Stopping threads took: 0.0000072 seconds
[2019-12-09T03:38:18.854+0000][1][safepoint    ] Application time: 0.0000494 seconds
[2019-12-09T03:38:18.854+0000][1][safepoint    ] Entering safepoint region: RevokeBias
[2019-12-09T03:38:18.855+0000][1][safepoint    ] Leaving safepoint region
[2019-12-09T03:38:18.855+0000][1][safepoint    ] Total time for which application threads were stopped: 0.0000306 seconds, Stopping threads took: 0.0000071 seconds
[2019-12-09T03:38:18.855+0000][1][safepoint    ] Application time: 0.0000441 seconds
[2019-12-09T03:38:18.855+0000][1][safepoint    ] Entering safepoint region: RevokeBias
[2019-12-09T03:38:18.855+0000][1][safepoint    ] Leaving safepoint region
[2019-12-09T03:38:18.855+0000][1][safepoint    ] Total time for which application threads were stopped: 0.0000303 seconds, Stopping threads took: 0.0000070 seconds
[2019-12-09T03:38:18.855+0000][1][safepoint    ] Application time: 0.0000549 seconds
[2019-12-09T03:38:18.855+0000][1][safepoint    ] Entering safepoint region: RevokeBias
[2019-12-09T03:38:18.855+0000][1][safepoint    ] Leaving safepoint region
[2019-12-09T03:38:18.855+0000][1][safepoint    ] Total time for which application threads were stopped: 0.0000556 seconds, Stopping threads took: 0.0000255 seconds
[2019-12-09T03:38:18.855+0000][1][safepoint    ] Application time: 0.0000473 seconds
[2019-12-09T03:38:18.855+0000][1][safepoint    ] Entering safepoint region: RevokeBias
[2019-12-09T03:38:18.855+0000][1][safepoint    ] Leaving safepoint region
[2019-12-09T03:38:18.855+0000][1][safepoint    ] Total time for which application threads were stopped: 0.0000320 seconds, Stopping threads took: 0.0000069 seconds
[2019-12-09T03:38:18.855+0000][1][safepoint    ] Application time: 0.0000532 seconds
[2019-12-09T03:38:18.855+0000][1][safepoint    ] Entering safepoint region: RevokeBias
[2019-12-09T03:38:18.855+0000][1][safepoint    ] Leaving safepoint region
[2019-12-09T03:38:18.855+0000][1][safepoint    ] Total time for which application threads were stopped: 0.0000319 seconds, Stopping threads took: 0.0000072 seconds
[2019-12-09T03:38:18.855+0000][1][safepoint    ] Application time: 0.0000456 seconds
[2019-12-09T03:38:18.855+0000][1][safepoint    ] Entering safepoint region: RevokeBias
[2019-12-09T03:38:18.855+0000][1][safepoint    ] Leaving safepoint region
[2019-12-09T03:38:18.855+0000][1][safepoint    ] Total time for which application threads were stopped: 0.0000364 seconds, Stopping threads took: 0.0000130 seconds
[2019-12-09T03:38:18.855+0000][1][safepoint    ] Application time: 0.0000510 seconds
[2019-12-09T03:38:18.855+0000][1][safepoint    ] Entering safepoint region: RevokeBias
[2019-12-09T03:38:18.855+0000][1][safepoint    ] Leaving safepoint region
[2019-12-09T03:38:18.855+0000][1][safepoint    ] Total time for which application threads were stopped: 0.0000317 seconds, Stopping threads took: 0.0000082 seconds
[2019-12-09T03:38:18.855+0000][1][safepoint    ] Application time: 0.0000458 seconds
[2019-12-09T03:38:18.855+0000][1][safepoint    ] Entering safepoint region: RevokeBias
[2019-12-09T03:38:18.855+0000][1][safepoint    ] Leaving safepoint region
[2019-12-09T03:38:18.855+0000][1][safepoint    ] Total time for which application threads were stopped: 0.0000309 seconds, Stopping threads took: 0.0000071 seconds
[2019-12-09T03:38:18.855+0000][1][safepoint    ] Application time: 0.0000518 seconds
[2019-12-09T03:38:18.855+0000][1][safepoint    ] Entering safepoint region: RevokeBias
[2019-12-09T03:38:18.855+0000][1][safepoint    ] Leaving safepoint region
[2019-12-09T03:38:18.855+0000][1][safepoint    ] Total time for which application threads were stopped: 0.0000306 seconds, Stopping threads took: 0.0000071 seconds
[2019-12-09T03:38:18.855+0000][1][safepoint    ] Application time: 0.0000447 seconds
[2019-12-09T03:38:18.855+0000][1][safepoint    ] Entering safepoint region: RevokeBias
[2019-12-09T03:38:18.855+0000][1][safepoint    ] Leaving safepoint region
[2019-12-09T03:38:18.855+0000][1][safepoint    ] Total time for which application threads were stopped: 0.0000298 seconds, Stopping threads took: 0.0000071 seconds
[2019-12-09T03:38:20.376+0000][1][safepoint    ] Application time: 1.5207557 seconds
[2019-12-09T03:38:20.376+0000][1][safepoint    ] Entering safepoint region: Deoptimize
[2019-12-09T03:38:20.377+0000][1][safepoint    ] Leaving safepoint region
[2019-12-09T03:38:20.377+0000][1][safepoint    ] Total time for which application threads were stopped: 0.0004393 seconds, Stopping threads took: 0.0000142 seconds
[2019-12-09T03:38:20.377+0000][1][safepoint    ] Application time: 0.0004983 seconds
[2019-12-09T03:38:20.377+0000][1][safepoint    ] Entering safepoint region: Deoptimize
[2019-12-09T03:38:20.377+0000][1][safepoint    ] Leaving safepoint region
[2019-12-09T03:38:20.377+0000][1][safepoint    ] Total time for which application threads were stopped: 0.0003213 seconds, Stopping threads took: 0.0000111 seconds
[2019-12-09T03:38:21.412+0000][1][safepoint    ] Application time: 1.0342137 seconds
[2019-12-09T03:38:21.489+0000][1][safepoint    ] Entering safepoint region: Cleanup
[2019-12-09T03:38:21.489+0000][1][safepoint    ] Leaving safepoint region
[2019-12-09T03:38:21.489+0000][1][safepoint    ] Total time for which application threads were stopped: 0.0771242 seconds, Stopping threads took: 0.0770538 seconds
[2019-12-09T03:38:22.496+0000][1][safepoint    ] Application time: 1.0073225 seconds
[2019-12-09T03:38:22.523+0000][1][safepoint    ] Entering safepoint region: Cleanup
[2019-12-09T03:38:22.523+0000][1][safepoint    ] Leaving safepoint region
[2019-12-09T03:38:22.523+0000][1][safepoint    ] Total time for which application threads were stopped: 0.0266297 seconds, Stopping threads took: 0.0265653 seconds
[2019-12-09T03:38:23.009+0000][1][safepoint    ] Application time: 0.4862907 seconds
[2019-12-09T03:38:23.009+0000][1][safepoint    ] Entering safepoint region: GenCollectForAllocation
[2019-12-09T03:38:23.009+0000][1][gc,start     ] GC(3) Pause Young (Allocation Failure)
[2019-12-09T03:38:23.009+0000][1][gc,task      ] GC(3) Using 2 workers of 2 for evacuation
[2019-12-09T03:38:23.136+0000][1][gc,age       ] GC(3) Desired survivor size 4456448 bytes, new threshold 3 (max threshold 6)
[2019-12-09T03:38:23.136+0000][1][gc,age       ] GC(3) Age table with threshold 3 (max threshold 6)
[2019-12-09T03:38:23.136+0000][1][gc,age       ] GC(3) - age   1:    3404120 bytes,    3404120 total
[2019-12-09T03:38:23.136+0000][1][gc,age       ] GC(3) - age   2:     865320 bytes,    4269440 total
[2019-12-09T03:38:23.136+0000][1][gc,age       ] GC(3) - age   3:     999424 bytes,    5268864 total
[2019-12-09T03:38:23.136+0000][1][gc,heap      ] GC(3) ParNew: 72143K->5703K(78656K)
[2019-12-09T03:38:23.136+0000][1][gc,heap      ] GC(3) CMS: 7019K->7019K(174784K)
[2019-12-09T03:38:23.136+0000][1][gc,metaspace ] GC(3) Metaspace: 18606K->18606K(1067008K)
[2019-12-09T03:38:23.136+0000][1][gc           ] GC(3) Pause Young (Allocation Failure) 77M->12M(247M) 126.856ms
[2019-12-09T03:38:23.136+0000][1][gc,cpu       ] GC(3) User=0.02s Sys=0.00s Real=0.13s
[2019-12-09T03:38:23.136+0000][1][safepoint    ] Leaving safepoint region
[2019-12-09T03:38:23.136+0000][1][safepoint    ] Total time for which application threads were stopped: 0.1269933 seconds, Stopping threads took: 0.0000159 seconds
[2019-12-09T03:38:23.140+0000][1][safepoint    ] Application time: 0.0034659 seconds
[2019-12-09T03:38:23.156+0000][1][safepoint    ] Entering safepoint region: BulkRevokeBias
[2019-12-09T03:38:23.156+0000][1][safepoint    ] Leaving safepoint region
[2019-12-09T03:38:23.156+0000][1][safepoint    ] Total time for which application threads were stopped: 0.0162730 seconds, Stopping threads took: 0.0161141 seconds
[2019-12-09T03:38:23.157+0000][1][safepoint    ] Application time: 0.0007394 seconds
[2019-12-09T03:38:23.157+0000][1][safepoint    ] Entering safepoint region: RevokeBias
[2019-12-09T03:38:23.157+0000][1][safepoint    ] Leaving safepoint region
[2019-12-09T03:38:23.157+0000][1][safepoint    ] Total time for which application threads were stopped: 0.0000740 seconds, Stopping threads took: 0.0000095 seconds
[2019-12-09T03:38:23.159+0000][1][safepoint    ] Application time: 0.0017220 seconds
[2019-12-09T03:38:23.159+0000][1][safepoint    ] Entering safepoint region: RevokeBias
[2019-12-09T03:38:23.159+0000][1][safepoint    ] Leaving safepoint region
[2019-12-09T03:38:23.159+0000][1][safepoint    ] Total time for which application threads were stopped: 0.0000896 seconds, Stopping threads took: 0.0000119 seconds
[2019-12-09T03:38:23.159+0000][1][safepoint    ] Application time: 0.0000602 seconds
[2019-12-09T03:38:23.159+0000][1][safepoint    ] Entering safepoint region: RevokeBias
[2019-12-09T03:38:23.159+0000][1][safepoint    ] Leaving safepoint region
[2019-12-09T03:38:23.159+0000][1][safepoint    ] Total time for which application threads were stopped: 0.0000705 seconds, Stopping threads took: 0.0000084 seconds
[2019-12-09T03:38:23.159+0000][1][safepoint    ] Application time: 0.0000652 seconds
[2019-12-09T03:38:23.159+0000][1][safepoint    ] Entering safepoint region: RevokeBias
[2019-12-09T03:38:23.159+0000][1][safepoint    ] Leaving safepoint region
[2019-12-09T03:38:23.159+0000][1][safepoint    ] Total time for which application threads were stopped: 0.0000460 seconds, Stopping threads took: 0.0000072 seconds
[2019-12-09T03:38:23.159+0000][1][safepoint    ] Application time: 0.0000436 seconds
[2019-12-09T03:38:23.159+0000][1][safepoint    ] Entering safepoint region: RevokeBias
[2019-12-09T03:38:23.159+0000][1][safepoint    ] Leaving safepoint region
[2019-12-09T03:38:23.159+0000][1][safepoint    ] Total time for which application threads were stopped: 0.0000408 seconds, Stopping threads took: 0.0000066 seconds
[2019-12-09T03:38:24.203+0000][1][safepoint    ] Application time: 1.0436437 seconds
[2019-12-09T03:38:24.218+0000][1][safepoint    ] Entering safepoint region: Cleanup
[2019-12-09T03:38:24.218+0000][1][safepoint    ] Leaving safepoint region
[2019-12-09T03:38:24.218+0000][1][safepoint    ] Total time for which application threads were stopped: 0.0156635 seconds, Stopping threads took: 0.0156069 seconds
[2019-12-09T03:38:24.225+0000][1][safepoint    ] Application time: 0.0069022 seconds
[2019-12-09T03:38:24.225+0000][1][safepoint    ] Entering safepoint region: GenCollectForAllocation
[2019-12-09T03:38:24.225+0000][1][gc,start     ] GC(4) Pause Young (Allocation Failure)
[2019-12-09T03:38:24.225+0000][1][gc,task      ] GC(4) Using 2 workers of 2 for evacuation
[2019-12-09T03:38:24.419+0000][1][gc,age       ] GC(4) Desired survivor size 4456448 bytes, new threshold 2 (max threshold 6)
[2019-12-09T03:38:24.419+0000][1][gc,age       ] GC(4) Age table with threshold 2 (max threshold 6)
[2019-12-09T03:38:24.419+0000][1][gc,age       ] GC(4) - age   1:    1794888 bytes,    1794888 total
[2019-12-09T03:38:24.419+0000][1][gc,age       ] GC(4) - age   2:    2846712 bytes,    4641600 total
[2019-12-09T03:38:24.419+0000][1][gc,age       ] GC(4) - age   3:     865320 bytes,    5506920 total
[2019-12-09T03:38:24.419+0000][1][gc,heap      ] GC(4) ParNew: 75655K->8522K(78656K)
[2019-12-09T03:38:24.419+0000][1][gc,heap      ] GC(4) CMS: 7019K->8009K(174784K)
[2019-12-09T03:38:24.419+0000][1][gc,metaspace ] GC(4) Metaspace: 18820K->18820K(1067008K)
[2019-12-09T03:38:24.419+0000][1][gc           ] GC(4) Pause Young (Allocation Failure) 80M->16M(247M) 193.791ms
[2019-12-09T03:38:24.419+0000][1][gc,cpu       ] GC(4) User=0.04s Sys=0.00s Real=0.19s
[2019-12-09T03:38:24.419+0000][1][safepoint    ] Leaving safepoint region
[2019-12-09T03:38:24.419+0000][1][safepoint    ] Total time for which application threads were stopped: 0.1939249 seconds, Stopping threads took: 0.0000224 seconds
[2019-12-09T03:38:24.420+0000][1][safepoint    ] Application time: 0.0006503 seconds
[2019-12-09T03:38:24.420+0000][1][safepoint    ] Entering safepoint region: RevokeBias
[2019-12-09T03:38:24.420+0000][1][safepoint    ] Leaving safepoint region
[2019-12-09T03:38:24.420+0000][1][safepoint    ] Total time for which application threads were stopped: 0.0001082 seconds, Stopping threads took: 0.0000452 seconds
[2019-12-09T03:38:24.420+0000][1][safepoint    ] Application time: 0.0000630 seconds
[2019-12-09T03:38:24.420+0000][1][safepoint    ] Entering safepoint region: RevokeBias
[2019-12-09T03:38:24.420+0000][1][safepoint    ] Leaving safepoint region
[2019-12-09T03:38:24.420+0000][1][safepoint    ] Total time for which application threads were stopped: 0.0000457 seconds, Stopping threads took: 0.0000085 seconds
[2019-12-09T03:38:24.420+0000][1][safepoint    ] Application time: 0.0000569 seconds
[2019-12-09T03:38:24.420+0000][1][safepoint    ] Entering safepoint region: RevokeBias
[2019-12-09T03:38:24.420+0000][1][safepoint    ] Leaving safepoint region
[2019-12-09T03:38:24.420+0000][1][safepoint    ] Total time for which application threads were stopped: 0.0000463 seconds, Stopping threads took: 0.0000083 seconds
[2019-12-09T03:38:24.420+0000][1][safepoint    ] Application time: 0.0000501 seconds
[2019-12-09T03:38:24.420+0000][1][safepoint    ] Entering safepoint region: RevokeBias
[2019-12-09T03:38:24.420+0000][1][safepoint    ] Leaving safepoint region
[2019-12-09T03:38:24.420+0000][1][safepoint    ] Total time for which application threads were stopped: 0.0000424 seconds, Stopping threads took: 0.0000080 seconds
[2019-12-09T03:38:24.559+0000][1][safepoint    ] Application time: 0.1380919 seconds
[2019-12-09T03:38:24.559+0000][1][safepoint    ] Entering safepoint region: Deoptimize
[2019-12-09T03:38:24.559+0000][1][safepoint    ] Leaving safepoint region
[2019-12-09T03:38:24.559+0000][1][safepoint    ] Total time for which application threads were stopped: 0.0004223 seconds, Stopping threads took: 0.0000110 seconds
[2019-12-09T03:38:24.937+0000][1][safepoint    ] Application time: 0.3779923 seconds
[2019-12-09T03:38:24.937+0000][1][safepoint    ] Entering safepoint region: Deoptimize
[2019-12-09T03:38:24.937+0000][1][safepoint    ] Leaving safepoint region
[2019-12-09T03:38:24.937+0000][1][safepoint    ] Total time for which application threads were stopped: 0.0004392 seconds, Stopping threads took: 0.0000121 seconds
[2019-12-09T03:38:24.981+0000][1][safepoint    ] Application time: 0.0432708 seconds
[2019-12-09T03:38:24.981+0000][1][safepoint    ] Entering safepoint region: RevokeBias
[2019-12-09T03:38:24.981+0000][1][safepoint    ] Leaving safepoint region
[2019-12-09T03:38:24.981+0000][1][safepoint    ] Total time for which application threads were stopped: 0.0000927 seconds, Stopping threads took: 0.0000134 seconds
[2019-12-09T03:38:25.027+0000][1][safepoint    ] Application time: 0.0462400 seconds
[2019-12-09T03:38:25.027+0000][1][safepoint    ] Entering safepoint region: RevokeBias
[2019-12-09T03:38:25.027+0000][1][safepoint    ] Leaving safepoint region
[2019-12-09T03:38:25.027+0000][1][safepoint    ] Total time for which application threads were stopped: 0.0000770 seconds, Stopping threads took: 0.0000135 seconds
[2019-12-09T03:38:25.736+0000][1][safepoint    ] Application time: 0.7083499 seconds
[2019-12-09T03:38:25.736+0000][1][safepoint    ] Entering safepoint region: GenCollectForAllocation
[2019-12-09T03:38:25.736+0000][1][gc,start     ] GC(5) Pause Young (Allocation Failure)
[2019-12-09T03:38:25.736+0000][1][gc,task      ] GC(5) Using 2 workers of 2 for evacuation
[2019-12-09T03:38:25.846+0000][1][gc,age       ] GC(5) Desired survivor size 4456448 bytes, new threshold 6 (max threshold 6)
[2019-12-09T03:38:25.846+0000][1][gc,age       ] GC(5) Age table with threshold 6 (max threshold 6)
[2019-12-09T03:38:25.846+0000][1][gc,age       ] GC(5) - age   1:    2753008 bytes,    2753008 total
[2019-12-09T03:38:25.846+0000][1][gc,age       ] GC(5) - age   2:     442648 bytes,    3195656 total
[2019-12-09T03:38:25.846+0000][1][gc,heap      ] GC(5) ParNew: 78474K->5098K(78656K)
[2019-12-09T03:38:25.846+0000][1][gc,heap      ] GC(5) CMS: 8009K->11664K(174784K)
[2019-12-09T03:38:25.846+0000][1][gc,metaspace ] GC(5) Metaspace: 19158K->19158K(1067008K)
[2019-12-09T03:38:25.846+0000][1][gc           ] GC(5) Pause Young (Allocation Failure) 84M->16M(247M) 110.294ms
[2019-12-09T03:38:25.846+0000][1][gc,cpu       ] GC(5) User=0.02s Sys=0.00s Real=0.11s
[2019-12-09T03:38:25.846+0000][1][safepoint    ] Leaving safepoint region
[2019-12-09T03:38:25.846+0000][1][safepoint    ] Total time for which application threads were stopped: 0.1104410 seconds, Stopping threads took: 0.0000137 seconds
[2019-12-09T03:38:25.847+0000][1][safepoint    ] Application time: 0.0007209 seconds
[2019-12-09T03:38:25.847+0000][1][safepoint    ] Entering safepoint region: RevokeBias
[2019-12-09T03:38:25.847+0000][1][safepoint    ] Leaving safepoint region
[2019-12-09T03:38:25.847+0000][1][safepoint    ] Total time for which application threads were stopped: 0.0001741 seconds, Stopping threads took: 0.0000741 seconds
[2019-12-09T03:38:25.847+0000][1][safepoint    ] Application time: 0.0000634 seconds
[2019-12-09T03:38:25.847+0000][1][safepoint    ] Entering safepoint region: RevokeBias
[2019-12-09T03:38:25.847+0000][1][safepoint    ] Leaving safepoint region
[2019-12-09T03:38:25.847+0000][1][safepoint    ] Total time for which application threads were stopped: 0.0000811 seconds, Stopping threads took: 0.0000100 seconds
[2019-12-09T03:38:25.847+0000][1][safepoint    ] Application time: 0.0000624 seconds
[2019-12-09T03:38:25.847+0000][1][safepoint    ] Entering safepoint region: RevokeBias
[2019-12-09T03:38:25.847+0000][1][safepoint    ] Leaving safepoint region
[2019-12-09T03:38:25.847+0000][1][safepoint    ] Total time for which application threads were stopped: 0.0000786 seconds, Stopping threads took: 0.0000085 seconds
[2019-12-09T03:38:25.847+0000][1][safepoint    ] Application time: 0.0000619 seconds
[2019-12-09T03:38:25.847+0000][1][safepoint    ] Entering safepoint region: RevokeBias
[2019-12-09T03:38:25.847+0000][1][safepoint    ] Leaving safepoint region
[2019-12-09T03:38:25.847+0000][1][safepoint    ] Total time for which application threads were stopped: 0.0000683 seconds, Stopping threads took: 0.0000067 seconds
[2019-12-09T03:38:25.848+0000][1][safepoint    ] Application time: 0.0000514 seconds
[2019-12-09T03:38:25.848+0000][1][safepoint    ] Entering safepoint region: RevokeBias
[2019-12-09T03:38:25.848+0000][1][safepoint    ] Leaving safepoint region
[2019-12-09T03:38:25.848+0000][1][safepoint    ] Total time for which application threads were stopped: 0.0000606 seconds, Stopping threads took: 0.0000070 seconds
[2019-12-09T03:38:25.848+0000][1][safepoint    ] Application time: 0.0000482 seconds
[2019-12-09T03:38:25.848+0000][1][safepoint    ] Entering safepoint region: RevokeBias
[2019-12-09T03:38:25.848+0000][1][safepoint    ] Leaving safepoint region
[2019-12-09T03:38:25.848+0000][1][safepoint    ] Total time for which application threads were stopped: 0.0000669 seconds, Stopping threads took: 0.0000084 seconds
[2019-12-09T03:38:26.560+0000][1][safepoint    ] Application time: 0.7119412 seconds
[2019-12-09T03:38:26.560+0000][1][safepoint    ] Entering safepoint region: RevokeBias
[2019-12-09T03:38:26.560+0000][1][safepoint    ] Leaving safepoint region
[2019-12-09T03:38:26.560+0000][1][safepoint    ] Total time for which application threads were stopped: 0.0000758 seconds, Stopping threads took: 0.0000140 seconds
[2019-12-09T03:38:26.569+0000][1][safepoint    ] Application time: 0.0090999 seconds
[2019-12-09T03:38:26.569+0000][1][safepoint    ] Entering safepoint region: RevokeBias
[2019-12-09T03:38:26.569+0000][1][safepoint    ] Leaving safepoint region
[2019-12-09T03:38:26.569+0000][1][safepoint    ] Total time for which application threads were stopped: 0.0000596 seconds, Stopping threads took: 0.0000131 seconds
[2019-12-09T03:38:26.867+0000][1][safepoint    ] Application time: 0.2979214 seconds
[2019-12-09T03:38:26.867+0000][1][safepoint    ] Entering safepoint region: GenCollectForAllocation
[2019-12-09T03:38:26.867+0000][1][gc,start     ] GC(6) Pause Young (Allocation Failure)
[2019-12-09T03:38:26.867+0000][1][gc,task      ] GC(6) Using 2 workers of 2 for evacuation
[2019-12-09T03:38:26.896+0000][1][gc,age       ] GC(6) Desired survivor size 4456448 bytes, new threshold 6 (max threshold 6)
[2019-12-09T03:38:26.896+0000][1][gc,age       ] GC(6) Age table with threshold 6 (max threshold 6)
[2019-12-09T03:38:26.896+0000][1][gc,age       ] GC(6) - age   1:    1364360 bytes,    1364360 total
[2019-12-09T03:38:26.896+0000][1][gc,age       ] GC(6) - age   2:    2192464 bytes,    3556824 total
[2019-12-09T03:38:26.896+0000][1][gc,age       ] GC(6) - age   3:     442648 bytes,    3999472 total
[2019-12-09T03:38:26.896+0000][1][gc,heap      ] GC(6) ParNew: 75050K->5422K(78656K)
[2019-12-09T03:38:26.896+0000][1][gc,heap      ] GC(6) CMS: 11664K->11664K(174784K)
[2019-12-09T03:38:26.896+0000][1][gc,metaspace ] GC(6) Metaspace: 19464K->19464K(1067008K)
[2019-12-09T03:38:26.896+0000][1][gc           ] GC(6) Pause Young (Allocation Failure) 84M->16M(247M) 29.124ms
[2019-12-09T03:38:26.896+0000][1][gc,cpu       ] GC(6) User=0.02s Sys=0.00s Real=0.03s
[2019-12-09T03:38:26.896+0000][1][safepoint    ] Leaving safepoint region
[2019-12-09T03:38:26.896+0000][1][safepoint    ] Total time for which application threads were stopped: 0.0292453 seconds, Stopping threads took: 0.0000156 seconds
[2019-12-09T03:38:26.934+0000][1][safepoint    ] Application time: 0.0374812 seconds
[2019-12-09T03:38:26.952+0000][1][safepoint    ] Entering safepoint region: RevokeBias
[2019-12-09T03:38:26.952+0000][1][safepoint    ] Leaving safepoint region
[2019-12-09T03:38:26.952+0000][1][safepoint    ] Total time for which application threads were stopped: 0.0181648 seconds, Stopping threads took: 0.0180546 seconds
[2019-12-09T03:38:26.997+0000][1][safepoint    ] Application time: 0.0445697 seconds
[2019-12-09T03:38:27.178+0000][1][safepoint    ] Entering safepoint region: RevokeBias
[2019-12-09T03:38:27.178+0000][1][safepoint    ] Leaving safepoint region
[2019-12-09T03:38:27.178+0000][1][safepoint    ] Total time for which application threads were stopped: 0.1813463 seconds, Stopping threads took: 0.1812485 seconds
[2019-12-09T03:38:27.178+0000][1][safepoint    ] Application time: 0.0000692 seconds
[2019-12-09T03:38:27.178+0000][1][safepoint    ] Entering safepoint region: BulkRevokeBias
[2019-12-09T03:38:27.178+0000][1][safepoint    ] Leaving safepoint region
[2019-12-09T03:38:27.178+0000][1][safepoint    ] Total time for which application threads were stopped: 0.0001030 seconds, Stopping threads took: 0.0000082 seconds
[2019-12-09T03:38:27.178+0000][1][safepoint    ] Application time: 0.0000343 seconds
[2019-12-09T03:38:27.178+0000][1][safepoint    ] Entering safepoint region: BulkRevokeBias
[2019-12-09T03:38:27.178+0000][1][safepoint    ] Leaving safepoint region
[2019-12-09T03:38:27.178+0000][1][safepoint    ] Total time for which application threads were stopped: 0.0000826 seconds, Stopping threads took: 0.0000076 seconds
[2019-12-09T03:38:27.979+0000][1][safepoint    ] Application time: 0.8008146 seconds
[2019-12-09T03:38:27.979+0000][1][safepoint    ] Entering safepoint region: GenCollectForAllocation
[2019-12-09T03:38:27.979+0000][1][gc,start     ] GC(7) Pause Young (Allocation Failure)
[2019-12-09T03:38:27.979+0000][1][gc,task      ] GC(7) Using 2 workers of 2 for evacuation
[2019-12-09T03:38:28.020+0000][1][gc,age       ] GC(7) Desired survivor size 4456448 bytes, new threshold 6 (max threshold 6)
[2019-12-09T03:38:28.020+0000][1][gc,age       ] GC(7) Age table with threshold 6 (max threshold 6)
[2019-12-09T03:38:28.020+0000][1][gc,age       ] GC(7) - age   1:     375152 bytes,     375152 total
[2019-12-09T03:38:28.020+0000][1][gc,age       ] GC(7) - age   2:    1128824 bytes,    1503976 total
[2019-12-09T03:38:28.020+0000][1][gc,age       ] GC(7) - age   3:    2192384 bytes,    3696360 total
[2019-12-09T03:38:28.020+0000][1][gc,age       ] GC(7) - age   4:     442648 bytes,    4139008 total
[2019-12-09T03:38:28.020+0000][1][gc,heap      ] GC(7) ParNew: 75374K->5749K(78656K)
[2019-12-09T03:38:28.020+0000][1][gc,heap      ] GC(7) CMS: 11664K->11664K(174784K)
[2019-12-09T03:38:28.020+0000][1][gc,metaspace ] GC(7) Metaspace: 19739K->19739K(1067008K)
[2019-12-09T03:38:28.020+0000][1][gc           ] GC(7) Pause Young (Allocation Failure) 84M->17M(247M) 40.853ms
[2019-12-09T03:38:28.020+0000][1][gc,cpu       ] GC(7) User=0.01s Sys=0.00s Real=0.04s
[2019-12-09T03:38:28.020+0000][1][safepoint    ] Leaving safepoint region
[2019-12-09T03:38:28.020+0000][1][safepoint    ] Total time for which application threads were stopped: 0.0409901 seconds, Stopping threads took: 0.0000140 seconds
[2019-12-09T03:38:28.692+0000][1][safepoint    ] Application time: 0.6715682 seconds
[2019-12-09T03:38:28.692+0000][1][safepoint    ] Entering safepoint region: CollectForMetadataAllocation
[2019-12-09T03:38:28.692+0000][1][safepoint    ] Leaving safepoint region
[2019-12-09T03:38:28.692+0000][1][safepoint    ] Total time for which application threads were stopped: 0.0002692 seconds, Stopping threads took: 0.0000133 seconds
[2019-12-09T03:38:29.012+0000][1][safepoint    ] Application time: 0.3197662 seconds
[2019-12-09T03:38:29.012+0000][1][safepoint    ] Entering safepoint region: CollectForMetadataAllocation
[2019-12-09T03:38:29.012+0000][1][safepoint    ] Leaving safepoint region
[2019-12-09T03:38:29.012+0000][1][safepoint    ] Total time for which application threads were stopped: 0.0002330 seconds, Stopping threads took: 0.0000126 seconds
[2019-12-09T03:38:29.039+0000][1][safepoint    ] Application time: 0.0267727 seconds
[2019-12-09T03:38:29.083+0000][1][safepoint    ] Entering safepoint region: CollectForMetadataAllocation
[2019-12-09T03:38:29.083+0000][1][safepoint    ] Leaving safepoint region
[2019-12-09T03:38:29.083+0000][1][safepoint    ] Total time for which application threads were stopped: 0.0445385 seconds, Stopping threads took: 0.0444885 seconds
[2019-12-09T03:38:29.687+0000][1][safepoint    ] Application time: 0.6035277 seconds
[2019-12-09T03:38:29.687+0000][1][safepoint    ] Entering safepoint region: GenCollectForAllocation
[2019-12-09T03:38:29.687+0000][1][gc,start     ] GC(8) Pause Young (Allocation Failure)
[2019-12-09T03:38:29.687+0000][1][gc,task      ] GC(8) Using 2 workers of 2 for evacuation
[2019-12-09T03:38:29.807+0000][1][gc,age       ] GC(8) Desired survivor size 4456448 bytes, new threshold 4 (max threshold 6)
[2019-12-09T03:38:29.807+0000][1][gc,age       ] GC(8) Age table with threshold 4 (max threshold 6)
[2019-12-09T03:38:29.807+0000][1][gc,age       ] GC(8) - age   1:    1534728 bytes,    1534728 total
[2019-12-09T03:38:29.807+0000][1][gc,age       ] GC(8) - age   2:     357784 bytes,    1892512 total
[2019-12-09T03:38:29.807+0000][1][gc,age       ] GC(8) - age   3:    1128680 bytes,    3021192 total
[2019-12-09T03:38:29.807+0000][1][gc,age       ] GC(8) - age   4:    2190168 bytes,    5211360 total
[2019-12-09T03:38:29.807+0000][1][gc,age       ] GC(8) - age   5:     442648 bytes,    5654008 total
[2019-12-09T03:38:29.807+0000][1][gc,heap      ] GC(8) ParNew: 75701K->5984K(78656K)
[2019-12-09T03:38:29.807+0000][1][gc,heap      ] GC(8) CMS: 11664K->11664K(174784K)
[2019-12-09T03:38:29.807+0000][1][gc,metaspace ] GC(8) Metaspace: 20542K->20542K(1069056K)
[2019-12-09T03:38:29.807+0000][1][gc           ] GC(8) Pause Young (Allocation Failure) 85M->17M(247M) 120.008ms
[2019-12-09T03:38:29.807+0000][1][gc,cpu       ] GC(8) User=0.01s Sys=0.00s Real=0.12s
[2019-12-09T03:38:29.807+0000][1][safepoint    ] Leaving safepoint region
[2019-12-09T03:38:29.807+0000][1][safepoint    ] Total time for which application threads were stopped: 0.1201515 seconds, Stopping threads took: 0.0000143 seconds
[2019-12-09T03:38:29.810+0000][1][safepoint    ] Application time: 0.0027658 seconds
[2019-12-09T03:38:29.810+0000][1][safepoint    ] Entering safepoint region: CMS_Initial_Mark
[2019-12-09T03:38:29.810+0000][1][gc,start     ] GC(9) Pause Initial Mark
[2019-12-09T03:38:29.813+0000][1][gc           ] GC(9) Pause Initial Mark 18M->18M(247M) 3.082ms
[2019-12-09T03:38:29.813+0000][1][gc,cpu       ] GC(9) User=0.01s Sys=0.00s Real=0.00s
[2019-12-09T03:38:29.813+0000][1][safepoint    ] Leaving safepoint region
[2019-12-09T03:38:29.813+0000][1][safepoint    ] Total time for which application threads were stopped: 0.0032399 seconds, Stopping threads took: 0.0000600 seconds
[2019-12-09T03:38:29.813+0000][1][gc           ] GC(9) Concurrent Mark
[2019-12-09T03:38:30.009+0000][1][gc           ] GC(9) Concurrent Mark 195.533ms
[2019-12-09T03:38:30.009+0000][1][gc,cpu       ] GC(9) User=0.11s Sys=0.01s Real=0.20s
[2019-12-09T03:38:30.009+0000][1][gc           ] GC(9) Concurrent Preclean
[2019-12-09T03:38:30.009+0000][1][gc           ] GC(9) Concurrent Preclean 0.485ms
[2019-12-09T03:38:30.009+0000][1][gc,cpu       ] GC(9) User=0.00s Sys=0.00s Real=0.00s
[2019-12-09T03:38:30.009+0000][1][gc           ] GC(9) Concurrent Abortable Preclean
[2019-12-09T03:38:30.828+0000][1][safepoint    ] Application time: 1.0146456 seconds
[2019-12-09T03:38:30.828+0000][1][safepoint    ] Entering safepoint region: Cleanup
[2019-12-09T03:38:30.828+0000][1][safepoint    ] Leaving safepoint region
[2019-12-09T03:38:30.828+0000][1][safepoint    ] Total time for which application threads were stopped: 0.0000504 seconds, Stopping threads took: 0.0000140 seconds
[2019-12-09T03:38:30.899+0000][1][safepoint    ] Application time: 0.0709181 seconds
[2019-12-09T03:38:30.918+0000][1][safepoint    ] Entering safepoint region: GenCollectForAllocation
[2019-12-09T03:38:30.918+0000][1][gc,start     ] GC(10) Pause Young (Allocation Failure)
[2019-12-09T03:38:30.918+0000][1][gc,task      ] GC(10) Using 2 workers of 2 for evacuation
[2019-12-09T03:38:31.047+0000][1][gc,age       ] GC(10) Desired survivor size 4456448 bytes, new threshold 6 (max threshold 6)
[2019-12-09T03:38:31.047+0000][1][gc,age       ] GC(10) Age table with threshold 6 (max threshold 6)
[2019-12-09T03:38:31.047+0000][1][gc,age       ] GC(10) - age   1:     794816 bytes,     794816 total
[2019-12-09T03:38:31.047+0000][1][gc,age       ] GC(10) - age   2:     653520 bytes,    1448336 total
[2019-12-09T03:38:31.047+0000][1][gc,age       ] GC(10) - age   3:     357784 bytes,    1806120 total
[2019-12-09T03:38:31.047+0000][1][gc,age       ] GC(10) - age   4:    1128680 bytes,    2934800 total
[2019-12-09T03:38:31.047+0000][1][gc,heap      ] GC(10) ParNew: 75936K->5138K(78656K)
[2019-12-09T03:38:31.047+0000][1][gc,heap      ] GC(10) CMS: 11664K->14253K(174784K)
[2019-12-09T03:38:31.047+0000][1][gc,metaspace ] GC(10) Metaspace: 20650K->20650K(1069056K)
[2019-12-09T03:38:31.047+0000][1][gc           ] GC(10) Pause Young (Allocation Failure) 85M->18M(247M) 128.925ms
[2019-12-09T03:38:31.047+0000][1][gc,cpu       ] GC(10) User=0.03s Sys=0.00s Real=0.13s
[2019-12-09T03:38:31.047+0000][1][safepoint    ] Leaving safepoint region
[2019-12-09T03:38:31.047+0000][1][safepoint    ] Total time for which application threads were stopped: 0.1480328 seconds, Stopping threads took: 0.0189655 seconds
[2019-12-09T03:38:31.668+0000][1][gc           ] GC(9) Concurrent Abortable Preclean 1658.446ms
[2019-12-09T03:38:31.668+0000][1][gc,cpu       ] GC(9) User=0.44s Sys=0.00s Real=1.66s
[2019-12-09T03:38:31.668+0000][1][safepoint    ] Application time: 0.6209690 seconds
[2019-12-09T03:38:31.748+0000][1][safepoint    ] Entering safepoint region: CMS_Final_Remark
[2019-12-09T03:38:31.748+0000][1][gc,start     ] GC(9) Pause Remark
[2019-12-09T03:38:31.892+0000][1][gc           ] GC(9) Pause Remark 66M->66M(247M) 144.564ms
[2019-12-09T03:38:31.893+0000][1][gc,cpu       ] GC(9) User=0.05s Sys=0.00s Real=0.14s
[2019-12-09T03:38:31.893+0000][1][safepoint    ] Leaving safepoint region
[2019-12-09T03:38:31.893+0000][1][safepoint    ] Total time for which application threads were stopped: 0.2247526 seconds, Stopping threads took: 0.0800655 seconds
[2019-12-09T03:38:31.894+0000][1][gc           ] GC(9) Concurrent Sweep
[2019-12-09T03:38:32.021+0000][1][gc           ] GC(9) Concurrent Sweep 127.675ms
[2019-12-09T03:38:32.021+0000][1][gc,cpu       ] GC(9) User=0.03s Sys=0.00s Real=0.13s
[2019-12-09T03:38:32.021+0000][1][gc           ] GC(9) Concurrent Reset
[2019-12-09T03:38:32.022+0000][1][gc           ] GC(9) Concurrent Reset 0.333ms
[2019-12-09T03:38:32.022+0000][1][gc,cpu       ] GC(9) User=0.00s Sys=0.00s Real=0.00s
[2019-12-09T03:38:32.022+0000][1][gc,heap      ] GC(9) Old: 11664K->14244K(174784K)
[2019-12-09T03:38:32.254+0000][1][safepoint    ] Application time: 0.3614639 seconds
[2019-12-09T03:38:32.254+0000][1][safepoint    ] Entering safepoint region: GenCollectForAllocation
[2019-12-09T03:38:32.255+0000][1][gc,start     ] GC(11) Pause Young (Allocation Failure)
[2019-12-09T03:38:32.255+0000][1][gc,task      ] GC(11) Using 2 workers of 2 for evacuation
[2019-12-09T03:38:32.323+0000][1][gc,age       ] GC(11) Desired survivor size 4456448 bytes, new threshold 6 (max threshold 6)
[2019-12-09T03:38:32.323+0000][1][gc,age       ] GC(11) Age table with threshold 6 (max threshold 6)
[2019-12-09T03:38:32.323+0000][1][gc,age       ] GC(11) - age   1:     731504 bytes,     731504 total
[2019-12-09T03:38:32.323+0000][1][gc,age       ] GC(11) - age   2:      97568 bytes,     829072 total
[2019-12-09T03:38:32.323+0000][1][gc,age       ] GC(11) - age   3:     653472 bytes,    1482544 total
[2019-12-09T03:38:32.323+0000][1][gc,age       ] GC(11) - age   4:     357680 bytes,    1840224 total
[2019-12-09T03:38:32.323+0000][1][gc,age       ] GC(11) - age   5:    1128392 bytes,    2968616 total
[2019-12-09T03:38:32.324+0000][1][gc,heap      ] GC(11) ParNew: 75090K->4718K(78656K)
[2019-12-09T03:38:32.324+0000][1][gc,heap      ] GC(11) CMS: 14244K->14244K(174784K)
[2019-12-09T03:38:32.324+0000][1][gc,metaspace ] GC(11) Metaspace: 20736K->20736K(1069056K)
[2019-12-09T03:38:32.324+0000][1][gc           ] GC(11) Pause Young (Allocation Failure) 87M->18M(247M) 69.001ms
[2019-12-09T03:38:32.324+0000][1][gc,cpu       ] GC(11) User=0.01s Sys=0.00s Real=0.07s
[2019-12-09T03:38:32.324+0000][1][safepoint    ] Leaving safepoint region
[2019-12-09T03:38:32.324+0000][1][safepoint    ] Total time for which application threads were stopped: 0.0695555 seconds, Stopping threads took: 0.0000130 seconds
[2019-12-09T03:38:32.928+0000][1][safepoint    ] Application time: 0.6047781 seconds
[2019-12-09T03:38:32.928+0000][1][safepoint    ] Entering safepoint region: RevokeBias
[2019-12-09T03:38:32.929+0000][1][safepoint    ] Leaving safepoint region
[2019-12-09T03:38:32.929+0000][1][safepoint    ] Total time for which application threads were stopped: 0.0000933 seconds, Stopping threads took: 0.0000132 seconds
[2019-12-09T03:38:32.937+0000][1][safepoint    ] Application time: 0.0087899 seconds
[2019-12-09T03:38:32.937+0000][1][safepoint    ] Entering safepoint region: RevokeBias
[2019-12-09T03:38:32.937+0000][1][safepoint    ] Leaving safepoint region
[2019-12-09T03:38:32.937+0000][1][safepoint    ] Total time for which application threads were stopped: 0.0000768 seconds, Stopping threads took: 0.0000166 seconds
[2019-12-09T03:38:33.941+0000][1][safepoint    ] Application time: 1.0035725 seconds
[2019-12-09T03:38:33.941+0000][1][safepoint    ] Entering safepoint region: Cleanup
[2019-12-09T03:38:33.941+0000][1][safepoint    ] Leaving safepoint region
[2019-12-09T03:38:33.941+0000][1][safepoint    ] Total time for which application threads were stopped: 0.0000761 seconds, Stopping threads took: 0.0000148 seconds
[2019-12-09T03:38:34.782+0000][1][safepoint    ] Application time: 0.8405813 seconds
[2019-12-09T03:38:34.782+0000][1][safepoint    ] Entering safepoint region: GenCollectForAllocation
[2019-12-09T03:38:34.782+0000][1][gc,start     ] GC(12) Pause Young (Allocation Failure)
[2019-12-09T03:38:34.782+0000][1][gc,task      ] GC(12) Using 2 workers of 2 for evacuation
[2019-12-09T03:38:34.834+0000][1][gc,age       ] GC(12) Desired survivor size 4456448 bytes, new threshold 6 (max threshold 6)
[2019-12-09T03:38:34.834+0000][1][gc,age       ] GC(12) Age table with threshold 6 (max threshold 6)
[2019-12-09T03:38:34.834+0000][1][gc,age       ] GC(12) - age   1:     998024 bytes,     998024 total
[2019-12-09T03:38:34.834+0000][1][gc,age       ] GC(12) - age   2:     305632 bytes,    1303656 total
[2019-12-09T03:38:34.834+0000][1][gc,age       ] GC(12) - age   3:      97568 bytes,    1401224 total
[2019-12-09T03:38:34.834+0000][1][gc,age       ] GC(12) - age   4:     653408 bytes,    2054632 total
[2019-12-09T03:38:34.834+0000][1][gc,age       ] GC(12) - age   5:     357680 bytes,    2412312 total
[2019-12-09T03:38:34.834+0000][1][gc,age       ] GC(12) - age   6:    1128392 bytes,    3540704 total
[2019-12-09T03:38:34.834+0000][1][gc,heap      ] GC(12) ParNew: 74670K->5528K(78656K)
[2019-12-09T03:38:34.834+0000][1][gc,heap      ] GC(12) CMS: 14244K->14244K(174784K)
[2019-12-09T03:38:34.834+0000][1][gc,metaspace ] GC(12) Metaspace: 22766K->22766K(1071104K)
[2019-12-09T03:38:34.834+0000][1][gc           ] GC(12) Pause Young (Allocation Failure) 86M->19M(247M) 51.810ms
[2019-12-09T03:38:34.834+0000][1][gc,cpu       ] GC(12) User=0.01s Sys=0.00s Real=0.05s
[2019-12-09T03:38:34.834+0000][1][safepoint    ] Leaving safepoint region
[2019-12-09T03:38:34.834+0000][1][safepoint    ] Total time for which application threads were stopped: 0.0519724 seconds, Stopping threads took: 0.0000141 seconds
[2019-12-09T03:38:35.836+0000][1][safepoint    ] Application time: 1.0019704 seconds
[2019-12-09T03:38:35.838+0000][1][safepoint    ] Entering safepoint region: Cleanup
[2019-12-09T03:38:35.838+0000][1][safepoint    ] Leaving safepoint region
[2019-12-09T03:38:35.838+0000][1][safepoint    ] Total time for which application threads were stopped: 0.0022197 seconds, Stopping threads took: 0.0019907 seconds
[2019-12-09T03:38:35.887+0000][1][safepoint    ] Application time: 0.0487432 seconds
[2019-12-09T03:38:35.887+0000][1][safepoint    ] Entering safepoint region: Deoptimize
[2019-12-09T03:38:35.887+0000][1][safepoint    ] Leaving safepoint region
[2019-12-09T03:38:35.887+0000][1][safepoint    ] Total time for which application threads were stopped: 0.0004568 seconds, Stopping threads took: 0.0000134 seconds
[2019-12-09T03:38:36.649+0000][1][safepoint    ] Application time: 0.7614731 seconds
[2019-12-09T03:38:36.649+0000][1][safepoint    ] Entering safepoint region: Deoptimize
[2019-12-09T03:38:36.649+0000][1][safepoint    ] Leaving safepoint region
[2019-12-09T03:38:36.649+0000][1][safepoint    ] Total time for which application threads were stopped: 0.0004368 seconds, Stopping threads took: 0.0000248 seconds
[2019-12-09T03:38:36.734+0000][1][safepoint    ] Application time: 0.0848944 seconds
[2019-12-09T03:38:36.734+0000][1][safepoint    ] Entering safepoint region: Deoptimize
[2019-12-09T03:38:36.735+0000][1][safepoint    ] Leaving safepoint region
[2019-12-09T03:38:36.735+0000][1][safepoint    ] Total time for which application threads were stopped: 0.0004940 seconds, Stopping threads took: 0.0000131 seconds
[2019-12-09T03:38:36.773+0000][1][safepoint    ] Application time: 0.0379611 seconds
[2019-12-09T03:38:36.773+0000][1][safepoint    ] Entering safepoint region: Deoptimize
[2019-12-09T03:38:36.773+0000][1][safepoint    ] Leaving safepoint region
[2019-12-09T03:38:36.773+0000][1][safepoint    ] Total time for which application threads were stopped: 0.0004502 seconds, Stopping threads took: 0.0000154 seconds
[2019-12-09T03:38:36.821+0000][1][safepoint    ] Application time: 0.0477104 seconds
[2019-12-09T03:38:36.821+0000][1][safepoint    ] Entering safepoint region: RevokeBias
[2019-12-09T03:38:36.821+0000][1][safepoint    ] Leaving safepoint region
[2019-12-09T03:38:36.821+0000][1][safepoint    ] Total time for which application threads were stopped: 0.0000653 seconds, Stopping threads took: 0.0000125 seconds
[2019-12-09T03:38:36.830+0000][1][safepoint    ] Application time: 0.0088809 seconds
[2019-12-09T03:38:36.830+0000][1][safepoint    ] Entering safepoint region: RevokeBias
[2019-12-09T03:38:36.830+0000][1][safepoint    ] Leaving safepoint region
[2019-12-09T03:38:36.830+0000][1][safepoint    ] Total time for which application threads were stopped: 0.0000573 seconds, Stopping threads took: 0.0000119 seconds
[2019-12-09T03:38:36.830+0000][1][safepoint    ] Application time: 0.0000871 seconds
[2019-12-09T03:38:36.830+0000][1][safepoint    ] Entering safepoint region: RevokeBias
[2019-12-09T03:38:36.830+0000][1][safepoint    ] Leaving safepoint region
[2019-12-09T03:38:36.830+0000][1][safepoint    ] Total time for which application threads were stopped: 0.0000354 seconds, Stopping threads took: 0.0000084 seconds
[2019-12-09T03:38:37.834+0000][1][safepoint    ] Application time: 1.0036589 seconds
[2019-12-09T03:38:37.873+0000][1][safepoint    ] Entering safepoint region: Cleanup
[2019-12-09T03:38:37.873+0000][1][safepoint    ] Leaving safepoint region
[2019-12-09T03:38:37.873+0000][1][safepoint    ] Total time for which application threads were stopped: 0.0390802 seconds, Stopping threads took: 0.0390292 seconds
[2019-12-09T03:38:38.885+0000][1][safepoint    ] Application time: 1.0118874 seconds
[2019-12-09T03:38:38.899+0000][1][safepoint    ] Entering safepoint region: Cleanup
[2019-12-09T03:38:38.899+0000][1][safepoint    ] Leaving safepoint region
[2019-12-09T03:38:38.899+0000][1][safepoint    ] Total time for which application threads were stopped: 0.0142760 seconds, Stopping threads took: 0.0140353 seconds
[2019-12-09T03:38:39.902+0000][1][safepoint    ] Application time: 1.0026659 seconds
[2019-12-09T03:38:39.902+0000][1][safepoint    ] Entering safepoint region: Cleanup
[2019-12-09T03:38:39.902+0000][1][safepoint    ] Leaving safepoint region
[2019-12-09T03:38:39.902+0000][1][safepoint    ] Total time for which application threads were stopped: 0.0001116 seconds, Stopping threads took: 0.0000668 seconds
[2019-12-09T03:38:40.904+0000][1][safepoint    ] Application time: 1.0018609 seconds
[2019-12-09T03:38:40.926+0000][1][safepoint    ] Entering safepoint region: Cleanup
[2019-12-09T03:38:40.926+0000][1][safepoint    ] Leaving safepoint region
[2019-12-09T03:38:40.926+0000][1][safepoint    ] Total time for which application threads were stopped: 0.0221027 seconds, Stopping threads took: 0.0220403 seconds
[2019-12-09T03:38:41.337+0000][1][safepoint    ] Application time: 0.4115171 seconds
[2019-12-09T03:38:41.337+0000][1][safepoint    ] Entering safepoint region: GenCollectForAllocation
[2019-12-09T03:38:41.338+0000][1][gc,start     ] GC(13) Pause Young (Allocation Failure)
[2019-12-09T03:38:41.338+0000][1][gc,task      ] GC(13) Using 2 workers of 2 for evacuation
[2019-12-09T03:38:41.657+0000][1][gc,age       ] GC(13) Desired survivor size 4456448 bytes, new threshold 1 (max threshold 6)
[2019-12-09T03:38:41.657+0000][1][gc,age       ] GC(13) Age table with threshold 1 (max threshold 6)
[2019-12-09T03:38:41.657+0000][1][gc,age       ] GC(13) - age   1:    6793448 bytes,    6793448 total
[2019-12-09T03:38:41.657+0000][1][gc,age       ] GC(13) - age   2:     711872 bytes,    7505320 total
[2019-12-09T03:38:41.657+0000][1][gc,age       ] GC(13) - age   3:     305368 bytes,    7810688 total
[2019-12-09T03:38:41.657+0000][1][gc,age       ] GC(13) - age   4:      97304 bytes,    7907992 total
[2019-12-09T03:38:41.657+0000][1][gc,age       ] GC(13) - age   5:     649416 bytes,    8557408 total
[2019-12-09T03:38:41.657+0000][1][gc,age       ] GC(13) - age   6:     355344 bytes,    8912752 total
[2019-12-09T03:38:41.657+0000][1][gc,heap      ] GC(13) ParNew: 75480K->8704K(78656K)
[2019-12-09T03:38:41.657+0000][1][gc,heap      ] GC(13) CMS: 14244K->21324K(174784K)
[2019-12-09T03:38:41.657+0000][1][gc,metaspace ] GC(13) Metaspace: 27205K->27205K(1075200K)
[2019-12-09T03:38:41.657+0000][1][gc           ] GC(13) Pause Young (Allocation Failure) 87M->29M(247M) 319.773ms
[2019-12-09T03:38:41.657+0000][1][gc,cpu       ] GC(13) User=0.12s Sys=0.00s Real=0.32s
[2019-12-09T03:38:41.657+0000][1][safepoint    ] Leaving safepoint region
[2019-12-09T03:38:41.657+0000][1][safepoint    ] Total time for which application threads were stopped: 0.3199206 seconds, Stopping threads took: 0.0000144 seconds
[2019-12-09T03:38:42.658+0000][1][safepoint    ] Application time: 1.0003345 seconds
[2019-12-09T03:38:42.745+0000][1][safepoint    ] Entering safepoint region: Cleanup
[2019-12-09T03:38:42.745+0000][1][safepoint    ] Leaving safepoint region
[2019-12-09T03:38:42.745+0000][1][safepoint    ] Total time for which application threads were stopped: 0.0870663 seconds, Stopping threads took: 0.0870147 seconds
[2019-12-09T03:38:44.761+0000][1][safepoint    ] Application time: 2.0159281 seconds
[2019-12-09T03:38:44.803+0000][1][safepoint    ] Entering safepoint region: Cleanup
[2019-12-09T03:38:44.803+0000][1][safepoint    ] Leaving safepoint region
[2019-12-09T03:38:44.803+0000][1][safepoint    ] Total time for which application threads were stopped: 0.0418788 seconds, Stopping threads took: 0.0418383 seconds
[2019-12-09T03:38:45.820+0000][1][safepoint    ] Application time: 1.0170746 seconds
[2019-12-09T03:38:45.897+0000][1][safepoint    ] Entering safepoint region: Cleanup
[2019-12-09T03:38:45.897+0000][1][safepoint    ] Leaving safepoint region
[2019-12-09T03:38:45.897+0000][1][safepoint    ] Total time for which application threads were stopped: 0.0770310 seconds, Stopping threads took: 0.0769696 seconds
[2019-12-09T03:38:45.979+0000][1][safepoint    ] Application time: 0.0823637 seconds
[2019-12-09T03:38:45.979+0000][1][safepoint    ] Entering safepoint region: GenCollectForAllocation
[2019-12-09T03:38:45.979+0000][1][gc,start     ] GC(14) Pause Young (Allocation Failure)
[2019-12-09T03:38:45.979+0000][1][gc,task      ] GC(14) Using 2 workers of 2 for evacuation
[2019-12-09T03:38:46.457+0000][1][gc,age       ] GC(14) Desired survivor size 4456448 bytes, new threshold 1 (max threshold 6)
[2019-12-09T03:38:46.457+0000][1][gc,age       ] GC(14) Age table with threshold 1 (max threshold 6)
[2019-12-09T03:38:46.457+0000][1][gc,age       ] GC(14) - age   1:    8912832 bytes,    8912832 total
[2019-12-09T03:38:46.457+0000][1][gc,heap      ] GC(14) ParNew: 78656K->8704K(78656K)
[2019-12-09T03:38:46.457+0000][1][gc,heap      ] GC(14) CMS: 21324K->34390K(174784K)
[2019-12-09T03:38:46.457+0000][1][gc,metaspace ] GC(14) Metaspace: 27334K->27334K(1075200K)
[2019-12-09T03:38:46.457+0000][1][gc           ] GC(14) Pause Young (Allocation Failure) 97M->42M(247M) 477.981ms
[2019-12-09T03:38:46.457+0000][1][gc,cpu       ] GC(14) User=0.11s Sys=0.00s Real=0.48s
[2019-12-09T03:38:46.457+0000][1][safepoint    ] Leaving safepoint region
[2019-12-09T03:38:46.457+0000][1][safepoint    ] Total time for which application threads were stopped: 0.4781137 seconds, Stopping threads took: 0.0000157 seconds
[2019-12-09T03:38:47.490+0000][1][safepoint    ] Application time: 1.0323692 seconds
[2019-12-09T03:38:47.490+0000][1][safepoint    ] Entering safepoint region: Cleanup
[2019-12-09T03:38:47.490+0000][1][safepoint    ] Leaving safepoint region
[2019-12-09T03:38:47.490+0000][1][safepoint    ] Total time for which application threads were stopped: 0.0000970 seconds, Stopping threads took: 0.0000355 seconds
[2019-12-09T03:38:48.376+0000][1][safepoint    ] Application time: 0.8858522 seconds
[2019-12-09T03:38:48.376+0000][1][safepoint    ] Entering safepoint region: RevokeBias
[2019-12-09T03:38:48.376+0000][1][safepoint    ] Leaving safepoint region
[2019-12-09T03:38:48.376+0000][1][safepoint    ] Total time for which application threads were stopped: 0.0000962 seconds, Stopping threads took: 0.0000150 seconds
[2019-12-09T03:38:49.377+0000][1][safepoint    ] Application time: 1.0008525 seconds
[2019-12-09T03:38:49.378+0000][1][safepoint    ] Entering safepoint region: Cleanup
[2019-12-09T03:38:49.378+0000][1][safepoint    ] Leaving safepoint region
[2019-12-09T03:38:49.378+0000][1][safepoint    ] Total time for which application threads were stopped: 0.0012025 seconds, Stopping threads took: 0.0011553 seconds
[2019-12-09T03:38:50.186+0000][1][safepoint    ] Application time: 0.8075489 seconds
[2019-12-09T03:38:50.186+0000][1][safepoint    ] Entering safepoint region: RevokeBias
[2019-12-09T03:38:50.186+0000][1][safepoint    ] Leaving safepoint region
[2019-12-09T03:38:50.186+0000][1][safepoint    ] Total time for which application threads were stopped: 0.0001041 seconds, Stopping threads took: 0.0000122 seconds
[2019-12-09T03:38:51.188+0000][1][safepoint    ] Application time: 1.0020505 seconds
[2019-12-09T03:38:51.234+0000][1][safepoint    ] Entering safepoint region: Cleanup
[2019-12-09T03:38:51.234+0000][1][safepoint    ] Leaving safepoint region
[2019-12-09T03:38:51.234+0000][1][safepoint    ] Total time for which application threads were stopped: 0.0461068 seconds, Stopping threads took: 0.0460241 seconds
[2019-12-09T03:38:51.287+0000][1][safepoint    ] Application time: 0.0528392 seconds
[2019-12-09T03:38:51.287+0000][1][safepoint    ] Entering safepoint region: GenCollectForAllocation
[2019-12-09T03:38:51.287+0000][1][gc,start     ] GC(15) Pause Young (Allocation Failure)
[2019-12-09T03:38:51.287+0000][1][gc,task      ] GC(15) Using 2 workers of 2 for evacuation
[2019-12-09T03:38:51.632+0000][1][gc,age       ] GC(15) Desired survivor size 4456448 bytes, new threshold 1 (max threshold 6)
[2019-12-09T03:38:51.632+0000][1][gc,age       ] GC(15) Age table with threshold 1 (max threshold 6)
[2019-12-09T03:38:51.632+0000][1][gc,age       ] GC(15) - age   1:    8094856 bytes,    8094856 total
[2019-12-09T03:38:51.632+0000][1][gc,heap      ] GC(15) ParNew: 78656K->8704K(78656K)
[2019-12-09T03:38:51.632+0000][1][gc,heap      ] GC(15) CMS: 34390K->46869K(174784K)
[2019-12-09T03:38:51.632+0000][1][gc,metaspace ] GC(15) Metaspace: 29340K->29340K(1077248K)
[2019-12-09T03:38:51.632+0000][1][gc           ] GC(15) Pause Young (Allocation Failure) 110M->54M(247M) 345.400ms
[2019-12-09T03:38:51.632+0000][1][gc,cpu       ] GC(15) User=0.11s Sys=0.00s Real=0.34s
[2019-12-09T03:38:51.632+0000][1][safepoint    ] Leaving safepoint region
[2019-12-09T03:38:51.632+0000][1][safepoint    ] Total time for which application threads were stopped: 0.3455365 seconds, Stopping threads took: 0.0000129 seconds
[2019-12-09T03:38:52.363+0000][1][safepoint    ] Application time: 0.7304309 seconds
[2019-12-09T03:38:52.363+0000][1][safepoint    ] Entering safepoint region: RevokeBias
[2019-12-09T03:38:52.363+0000][1][safepoint    ] Leaving safepoint region
[2019-12-09T03:38:52.363+0000][1][safepoint    ] Total time for which application threads were stopped: 0.0001105 seconds, Stopping threads took: 0.0000139 seconds
[2019-12-09T03:38:52.436+0000][1][safepoint    ] Application time: 0.0733060 seconds
[2019-12-09T03:38:52.436+0000][1][safepoint    ] Entering safepoint region: RevokeBias
[2019-12-09T03:38:52.436+0000][1][safepoint    ] Leaving safepoint region
[2019-12-09T03:38:52.436+0000][1][safepoint    ] Total time for which application threads were stopped: 0.0000875 seconds, Stopping threads took: 0.0000145 seconds
[2019-12-09T03:38:52.807+0000][1][safepoint    ] Application time: 0.3704592 seconds
[2019-12-09T03:38:52.807+0000][1][safepoint    ] Entering safepoint region: RevokeBias
[2019-12-09T03:38:52.807+0000][1][safepoint    ] Leaving safepoint region
[2019-12-09T03:38:52.807+0000][1][safepoint    ] Total time for which application threads were stopped: 0.0001043 seconds, Stopping threads took: 0.0000336 seconds
[2019-12-09T03:38:52.829+0000][1][safepoint    ] Application time: 0.0217878 seconds
[2019-12-09T03:38:52.829+0000][1][safepoint    ] Entering safepoint region: RevokeBias
[2019-12-09T03:38:52.829+0000][1][safepoint    ] Leaving safepoint region
[2019-12-09T03:38:52.829+0000][1][safepoint    ] Total time for which application threads were stopped: 0.0000719 seconds, Stopping threads took: 0.0000124 seconds
[2019-12-09T03:38:52.900+0000][1][safepoint    ] Application time: 0.0708725 seconds
[2019-12-09T03:38:52.900+0000][1][safepoint    ] Entering safepoint region: RevokeBias
[2019-12-09T03:38:52.900+0000][1][safepoint    ] Leaving safepoint region
[2019-12-09T03:38:52.900+0000][1][safepoint    ] Total time for which application threads were stopped: 0.0000736 seconds, Stopping threads took: 0.0000125 seconds
[2019-12-09T03:38:52.950+0000][1][safepoint    ] Application time: 0.0499303 seconds
[2019-12-09T03:38:52.950+0000][1][safepoint    ] Entering safepoint region: RevokeBias
[2019-12-09T03:38:52.950+0000][1][safepoint    ] Leaving safepoint region
[2019-12-09T03:38:52.950+0000][1][safepoint    ] Total time for which application threads were stopped: 0.0000835 seconds, Stopping threads took: 0.0000139 seconds
[2019-12-09T03:38:52.960+0000][1][safepoint    ] Application time: 0.0105683 seconds
[2019-12-09T03:38:52.960+0000][1][safepoint    ] Entering safepoint region: RevokeBias
[2019-12-09T03:38:52.961+0000][1][safepoint    ] Leaving safepoint region
[2019-12-09T03:38:52.961+0000][1][safepoint    ] Total time for which application threads were stopped: 0.0000715 seconds, Stopping threads took: 0.0000133 seconds
[2019-12-09T03:38:52.984+0000][1][safepoint    ] Application time: 0.0236166 seconds
[2019-12-09T03:38:52.984+0000][1][safepoint    ] Entering safepoint region: RevokeBias
[2019-12-09T03:38:52.984+0000][1][safepoint    ] Leaving safepoint region
[2019-12-09T03:38:52.984+0000][1][safepoint    ] Total time for which application threads were stopped: 0.0001973 seconds, Stopping threads took: 0.0000126 seconds
[2019-12-09T03:38:53.989+0000][1][safepoint    ] Application time: 1.0042889 seconds
[2019-12-09T03:38:53.989+0000][1][safepoint    ] Entering safepoint region: Cleanup
[2019-12-09T03:38:53.989+0000][1][safepoint    ] Leaving safepoint region
[2019-12-09T03:38:53.989+0000][1][safepoint    ] Total time for which application threads were stopped: 0.0000790 seconds, Stopping threads took: 0.0000290 seconds
[2019-12-09T03:38:54.871+0000][1][safepoint    ] Application time: 0.8818870 seconds
[2019-12-09T03:38:54.871+0000][1][safepoint    ] Entering safepoint region: GenCollectForAllocation
[2019-12-09T03:38:54.871+0000][1][gc,start     ] GC(16) Pause Young (Allocation Failure)
[2019-12-09T03:38:54.871+0000][1][gc,task      ] GC(16) Using 2 workers of 2 for evacuation
[2019-12-09T03:38:55.023+0000][1][gc,age       ] GC(16) Desired survivor size 4456448 bytes, new threshold 6 (max threshold 6)
[2019-12-09T03:38:55.023+0000][1][gc,age       ] GC(16) Age table with threshold 6 (max threshold 6)
[2019-12-09T03:38:55.023+0000][1][gc,age       ] GC(16) - age   1:    1303704 bytes,    1303704 total
[2019-12-09T03:38:55.023+0000][1][gc,heap      ] GC(16) ParNew: 78656K->8020K(78656K)
[2019-12-09T03:38:55.023+0000][1][gc,heap      ] GC(16) CMS: 46869K->54825K(174784K)
[2019-12-09T03:38:55.023+0000][1][gc,metaspace ] GC(16) Metaspace: 33097K->33097K(1079296K)
[2019-12-09T03:38:55.023+0000][1][gc           ] GC(16) Pause Young (Allocation Failure) 122M->61M(247M) 151.907ms
[2019-12-09T03:38:55.023+0000][1][gc,cpu       ] GC(16) User=0.05s Sys=0.00s Real=0.15s
[2019-12-09T03:38:55.023+0000][1][safepoint    ] Leaving safepoint region
[2019-12-09T03:38:55.023+0000][1][safepoint    ] Total time for which application threads were stopped: 0.1520967 seconds, Stopping threads took: 0.0000163 seconds
[2019-12-09T03:38:56.029+0000][1][safepoint    ] Application time: 1.0058253 seconds
[2019-12-09T03:38:56.123+0000][1][safepoint    ] Entering safepoint region: Cleanup
[2019-12-09T03:38:56.123+0000][1][safepoint    ] Leaving safepoint region
[2019-12-09T03:38:56.123+0000][1][safepoint    ] Total time for which application threads were stopped: 0.0941634 seconds, Stopping threads took: 0.0940675 seconds
[2019-12-09T03:38:57.164+0000][1][safepoint    ] Application time: 1.0407825 seconds
[2019-12-09T03:38:57.164+0000][1][safepoint    ] Entering safepoint region: Cleanup
[2019-12-09T03:38:57.164+0000][1][safepoint    ] Leaving safepoint region
[2019-12-09T03:38:57.164+0000][1][safepoint    ] Total time for which application threads were stopped: 0.0001531 seconds, Stopping threads took: 0.0000849 seconds
[2019-12-09T03:38:57.265+0000][1][safepoint    ] Application time: 0.1011661 seconds
[2019-12-09T03:38:57.265+0000][1][safepoint    ] Entering safepoint region: CollectForMetadataAllocation
[2019-12-09T03:38:57.265+0000][1][safepoint    ] Leaving safepoint region
[2019-12-09T03:38:57.265+0000][1][safepoint    ] Total time for which application threads were stopped: 0.0001519 seconds, Stopping threads took: 0.0000138 seconds
[2019-12-09T03:38:57.470+0000][1][safepoint    ] Application time: 0.2044992 seconds
[2019-12-09T03:38:57.470+0000][1][safepoint    ] Entering safepoint region: CollectForMetadataAllocation
[2019-12-09T03:38:57.470+0000][1][safepoint    ] Leaving safepoint region
[2019-12-09T03:38:57.470+0000][1][safepoint    ] Total time for which application threads were stopped: 0.0001466 seconds, Stopping threads took: 0.0000132 seconds
[2019-12-09T03:38:57.961+0000][1][safepoint    ] Application time: 0.4913975 seconds
[2019-12-09T03:38:57.961+0000][1][safepoint    ] Entering safepoint region: CollectForMetadataAllocation
[2019-12-09T03:38:57.962+0000][1][safepoint    ] Leaving safepoint region
[2019-12-09T03:38:57.962+0000][1][safepoint    ] Total time for which application threads were stopped: 0.0002412 seconds, Stopping threads took: 0.0000138 seconds
[2019-12-09T03:38:58.235+0000][1][safepoint    ] Application time: 0.2736771 seconds
[2019-12-09T03:38:58.235+0000][1][safepoint    ] Entering safepoint region: CollectForMetadataAllocation
[2019-12-09T03:38:58.236+0000][1][safepoint    ] Leaving safepoint region
[2019-12-09T03:38:58.236+0000][1][safepoint    ] Total time for which application threads were stopped: 0.0002301 seconds, Stopping threads took: 0.0000130 seconds
[2019-12-09T03:38:58.319+0000][1][safepoint    ] Application time: 0.0831096 seconds
[2019-12-09T03:38:58.319+0000][1][safepoint    ] Entering safepoint region: CollectForMetadataAllocation
[2019-12-09T03:38:58.319+0000][1][safepoint    ] Leaving safepoint region
[2019-12-09T03:38:58.319+0000][1][safepoint    ] Total time for which application threads were stopped: 0.0002345 seconds, Stopping threads took: 0.0000147 seconds
[2019-12-09T03:38:58.330+0000][1][safepoint    ] Application time: 0.0114345 seconds
[2019-12-09T03:38:58.330+0000][1][safepoint    ] Entering safepoint region: GenCollectForAllocation
[2019-12-09T03:38:58.331+0000][1][gc,start     ] GC(17) Pause Young (Allocation Failure)
[2019-12-09T03:38:58.331+0000][1][gc,task      ] GC(17) Using 2 workers of 2 for evacuation
[2019-12-09T03:38:58.439+0000][1][gc,age       ] GC(17) Desired survivor size 4456448 bytes, new threshold 6 (max threshold 6)
[2019-12-09T03:38:58.439+0000][1][gc,age       ] GC(17) Age table with threshold 6 (max threshold 6)
[2019-12-09T03:38:58.439+0000][1][gc,age       ] GC(17) - age   1:    1901776 bytes,    1901776 total
[2019-12-09T03:38:58.439+0000][1][gc,age       ] GC(17) - age   2:    1236496 bytes,    3138272 total
[2019-12-09T03:38:58.439+0000][1][gc,heap      ] GC(17) ParNew: 77972K->4487K(78656K)
[2019-12-09T03:38:58.439+0000][1][gc,heap      ] GC(17) CMS: 54825K->54825K(174784K)
[2019-12-09T03:38:58.439+0000][1][gc,metaspace ] GC(17) Metaspace: 35069K->35069K(1081344K)
[2019-12-09T03:38:58.439+0000][1][gc           ] GC(17) Pause Young (Allocation Failure) 129M->57M(247M) 108.344ms
[2019-12-09T03:38:58.439+0000][1][gc,cpu       ] GC(17) User=0.02s Sys=0.00s Real=0.11s
[2019-12-09T03:38:58.439+0000][1][safepoint    ] Leaving safepoint region
[2019-12-09T03:38:58.439+0000][1][safepoint    ] Total time for which application threads were stopped: 0.1084792 seconds, Stopping threads took: 0.0000135 seconds
[2019-12-09T03:38:58.452+0000][1][safepoint    ] Application time: 0.0131233 seconds
[2019-12-09T03:38:58.452+0000][1][safepoint    ] Entering safepoint region: CMS_Initial_Mark
[2019-12-09T03:38:58.452+0000][1][gc,start     ] GC(18) Pause Initial Mark
[2019-12-09T03:38:58.464+0000][1][gc           ] GC(18) Pause Initial Mark 60M->60M(247M) 11.740ms
[2019-12-09T03:38:58.464+0000][1][gc,cpu       ] GC(18) User=0.01s Sys=0.00s Real=0.01s
[2019-12-09T03:38:58.464+0000][1][safepoint    ] Leaving safepoint region
[2019-12-09T03:38:58.464+0000][1][safepoint    ] Total time for which application threads were stopped: 0.0118442 seconds, Stopping threads took: 0.0000141 seconds
[2019-12-09T03:38:58.464+0000][1][gc           ] GC(18) Concurrent Mark
[2019-12-09T03:38:58.600+0000][1][safepoint    ] Application time: 0.1357944 seconds
[2019-12-09T03:38:58.600+0000][1][safepoint    ] Entering safepoint region: CollectForMetadataAllocation
[2019-12-09T03:38:58.600+0000][1][safepoint    ] Leaving safepoint region
[2019-12-09T03:38:58.600+0000][1][safepoint    ] Total time for which application threads were stopped: 0.0002176 seconds, Stopping threads took: 0.0000130 seconds
[2019-12-09T03:38:58.794+0000][1][safepoint    ] Application time: 0.1937312 seconds
[2019-12-09T03:38:58.794+0000][1][safepoint    ] Entering safepoint region: CollectForMetadataAllocation
[2019-12-09T03:38:58.794+0000][1][safepoint    ] Leaving safepoint region
[2019-12-09T03:38:58.794+0000][1][safepoint    ] Total time for which application threads were stopped: 0.0002415 seconds, Stopping threads took: 0.0000155 seconds
[2019-12-09T03:38:59.086+0000][1][safepoint    ] Application time: 0.2917198 seconds
[2019-12-09T03:38:59.086+0000][1][safepoint    ] Entering safepoint region: CollectForMetadataAllocation
[2019-12-09T03:38:59.086+0000][1][safepoint    ] Leaving safepoint region
[2019-12-09T03:38:59.086+0000][1][safepoint    ] Total time for which application threads were stopped: 0.0002202 seconds, Stopping threads took: 0.0000150 seconds
[2019-12-09T03:38:59.310+0000][1][safepoint    ] Application time: 0.2242721 seconds
[2019-12-09T03:38:59.310+0000][1][safepoint    ] Entering safepoint region: CollectForMetadataAllocation
[2019-12-09T03:38:59.310+0000][1][safepoint    ] Leaving safepoint region
[2019-12-09T03:38:59.310+0000][1][safepoint    ] Total time for which application threads were stopped: 0.0001660 seconds, Stopping threads took: 0.0000160 seconds
[2019-12-09T03:38:59.523+0000][1][gc           ] GC(18) Concurrent Mark 1059.396ms
[2019-12-09T03:38:59.523+0000][1][gc,cpu       ] GC(18) User=0.29s Sys=0.00s Real=1.06s
[2019-12-09T03:38:59.523+0000][1][gc           ] GC(18) Concurrent Preclean
[2019-12-09T03:38:59.540+0000][1][gc           ] GC(18) Concurrent Preclean 16.163ms
[2019-12-09T03:38:59.540+0000][1][gc,cpu       ] GC(18) User=0.00s Sys=0.00s Real=0.02s
[2019-12-09T03:38:59.540+0000][1][gc           ] GC(18) Concurrent Abortable Preclean
[2019-12-09T03:38:59.711+0000][1][safepoint    ] Application time: 0.4002181 seconds
[2019-12-09T03:38:59.711+0000][1][safepoint    ] Entering safepoint region: CollectForMetadataAllocation
[2019-12-09T03:38:59.711+0000][1][safepoint    ] Leaving safepoint region
[2019-12-09T03:38:59.711+0000][1][safepoint    ] Total time for which application threads were stopped: 0.0002213 seconds, Stopping threads took: 0.0000130 seconds
[2019-12-09T03:38:59.950+0000][1][safepoint    ] Application time: 0.2387724 seconds
[2019-12-09T03:38:59.950+0000][1][safepoint    ] Entering safepoint region: RevokeBias
[2019-12-09T03:38:59.950+0000][1][safepoint    ] Leaving safepoint region
[2019-12-09T03:38:59.950+0000][1][safepoint    ] Total time for which application threads were stopped: 0.0001262 seconds, Stopping threads took: 0.0000131 seconds
[2019-12-09T03:38:59.998+0000][1][safepoint    ] Application time: 0.0478094 seconds
[2019-12-09T03:38:59.998+0000][1][safepoint    ] Entering safepoint region: CollectForMetadataAllocation
[2019-12-09T03:38:59.998+0000][1][safepoint    ] Leaving safepoint region
[2019-12-09T03:38:59.998+0000][1][safepoint    ] Total time for which application threads were stopped: 0.0002216 seconds, Stopping threads took: 0.0000140 seconds
[2019-12-09T03:39:00.337+0000][1][safepoint    ] Application time: 0.3387419 seconds
[2019-12-09T03:39:00.337+0000][1][safepoint    ] Entering safepoint region: CollectForMetadataAllocation
[2019-12-09T03:39:00.337+0000][1][safepoint    ] Leaving safepoint region
[2019-12-09T03:39:00.337+0000][1][safepoint    ] Total time for which application threads were stopped: 0.0002458 seconds, Stopping threads took: 0.0000134 seconds
[2019-12-09T03:39:00.677+0000][1][safepoint    ] Application time: 0.3396997 seconds
[2019-12-09T03:39:00.677+0000][1][safepoint    ] Entering safepoint region: CollectForMetadataAllocation
[2019-12-09T03:39:00.677+0000][1][safepoint    ] Leaving safepoint region
[2019-12-09T03:39:00.677+0000][1][safepoint    ] Total time for which application threads were stopped: 0.0002074 seconds, Stopping threads took: 0.0000142 seconds
[2019-12-09T03:39:00.931+0000][1][safepoint    ] Application time: 0.2542285 seconds
[2019-12-09T03:39:00.996+0000][1][safepoint    ] Entering safepoint region: CollectForMetadataAllocation
[2019-12-09T03:39:00.996+0000][1][safepoint    ] Leaving safepoint region
[2019-12-09T03:39:00.996+0000][1][safepoint    ] Total time for which application threads were stopped: 0.0648266 seconds, Stopping threads took: 0.0645668 seconds
[2019-12-09T03:39:01.135+0000][1][safepoint    ] Application time: 0.1386874 seconds
[2019-12-09T03:39:01.145+0000][1][safepoint    ] Entering safepoint region: CollectForMetadataAllocation
[2019-12-09T03:39:01.145+0000][1][safepoint    ] Leaving safepoint region
[2019-12-09T03:39:01.145+0000][1][safepoint    ] Total time for which application threads were stopped: 0.0102283 seconds, Stopping threads took: 0.0099947 seconds
[2019-12-09T03:39:01.469+0000][1][safepoint    ] Application time: 0.3238030 seconds
[2019-12-09T03:39:01.469+0000][1][safepoint    ] Entering safepoint region: CollectForMetadataAllocation
[2019-12-09T03:39:01.469+0000][1][safepoint    ] Leaving safepoint region
[2019-12-09T03:39:01.469+0000][1][safepoint    ] Total time for which application threads were stopped: 0.0002178 seconds, Stopping threads took: 0.0000147 seconds
[2019-12-09T03:39:01.763+0000][1][safepoint    ] Application time: 0.2936444 seconds
[2019-12-09T03:39:01.763+0000][1][safepoint    ] Entering safepoint region: CollectForMetadataAllocation
[2019-12-09T03:39:01.763+0000][1][safepoint    ] Leaving safepoint region
[2019-12-09T03:39:01.763+0000][1][safepoint    ] Total time for which application threads were stopped: 0.0002486 seconds, Stopping threads took: 0.0000178 seconds
[2019-12-09T03:39:02.095+0000][1][safepoint    ] Application time: 0.3320932 seconds
[2019-12-09T03:39:02.095+0000][1][safepoint    ] Entering safepoint region: CollectForMetadataAllocation
[2019-12-09T03:39:02.095+0000][1][safepoint    ] Leaving safepoint region
[2019-12-09T03:39:02.095+0000][1][safepoint    ] Total time for which application threads were stopped: 0.0002335 seconds, Stopping threads took: 0.0000148 seconds
[2019-12-09T03:39:02.296+0000][1][safepoint    ] Application time: 0.2002864 seconds
[2019-12-09T03:39:02.296+0000][1][safepoint    ] Entering safepoint region: CollectForMetadataAllocation
[2019-12-09T03:39:02.296+0000][1][safepoint    ] Leaving safepoint region
[2019-12-09T03:39:02.296+0000][1][safepoint    ] Total time for which application threads were stopped: 0.0002314 seconds, Stopping threads took: 0.0000146 seconds
[2019-12-09T03:39:02.615+0000][1][safepoint    ] Application time: 0.3187346 seconds
[2019-12-09T03:39:02.615+0000][1][safepoint    ] Entering safepoint region: CollectForMetadataAllocation
[2019-12-09T03:39:02.615+0000][1][safepoint    ] Leaving safepoint region
[2019-12-09T03:39:02.615+0000][1][safepoint    ] Total time for which application threads were stopped: 0.0002380 seconds, Stopping threads took: 0.0000216 seconds
[2019-12-09T03:39:02.909+0000][1][safepoint    ] Application time: 0.2938755 seconds
[2019-12-09T03:39:02.909+0000][1][safepoint    ] Entering safepoint region: CollectForMetadataAllocation
[2019-12-09T03:39:02.909+0000][1][safepoint    ] Leaving safepoint region
[2019-12-09T03:39:02.909+0000][1][safepoint    ] Total time for which application threads were stopped: 0.0002332 seconds, Stopping threads took: 0.0000141 seconds
[2019-12-09T03:39:03.170+0000][1][safepoint    ] Application time: 0.2605586 seconds
[2019-12-09T03:39:03.170+0000][1][safepoint    ] Entering safepoint region: CollectForMetadataAllocation
[2019-12-09T03:39:03.170+0000][1][safepoint    ] Leaving safepoint region
[2019-12-09T03:39:03.170+0000][1][safepoint    ] Total time for which application threads were stopped: 0.0002349 seconds, Stopping threads took: 0.0000139 seconds
[2019-12-09T03:39:03.477+0000][1][safepoint    ] Application time: 0.3069862 seconds
[2019-12-09T03:39:03.477+0000][1][safepoint    ] Entering safepoint region: CollectForMetadataAllocation
[2019-12-09T03:39:03.477+0000][1][safepoint    ] Leaving safepoint region
[2019-12-09T03:39:03.477+0000][1][safepoint    ] Total time for which application threads were stopped: 0.0002326 seconds, Stopping threads took: 0.0000142 seconds
[2019-12-09T03:39:03.971+0000][1][safepoint    ] Application time: 0.4940326 seconds
[2019-12-09T03:39:03.971+0000][1][safepoint    ] Entering safepoint region: CollectForMetadataAllocation
[2019-12-09T03:39:03.972+0000][1][safepoint    ] Leaving safepoint region
[2019-12-09T03:39:03.972+0000][1][safepoint    ] Total time for which application threads were stopped: 0.0002531 seconds, Stopping threads took: 0.0000143 seconds
[2019-12-09T03:39:04.274+0000][1][safepoint    ] Application time: 0.3022423 seconds
[2019-12-09T03:39:04.274+0000][1][safepoint    ] Entering safepoint region: CollectForMetadataAllocation
[2019-12-09T03:39:04.274+0000][1][safepoint    ] Leaving safepoint region
[2019-12-09T03:39:04.274+0000][1][safepoint    ] Total time for which application threads were stopped: 0.0001778 seconds, Stopping threads took: 0.0000144 seconds
[2019-12-09T03:39:04.544+0000][1][safepoint    ] Application time: 0.2696595 seconds
[2019-12-09T03:39:04.544+0000][1][safepoint    ] Entering safepoint region: CollectForMetadataAllocation
[2019-12-09T03:39:04.544+0000][1][safepoint    ] Leaving safepoint region
[2019-12-09T03:39:04.544+0000][1][safepoint    ] Total time for which application threads were stopped: 0.0002426 seconds, Stopping threads took: 0.0000137 seconds
[2019-12-09T03:39:04.595+0000][1][gc           ] GC(18) Concurrent Abortable Preclean 5055.007ms
[2019-12-09T03:39:04.595+0000][1][gc,cpu       ] GC(18) User=1.43s Sys=0.02s Real=5.06s
[2019-12-09T03:39:04.595+0000][1][safepoint    ] Application time: 0.0507976 seconds
[2019-12-09T03:39:04.649+0000][1][safepoint    ] Entering safepoint region: CMS_Final_Remark
[2019-12-09T03:39:04.649+0000][1][gc,start     ] GC(18) Pause Remark
[2019-12-09T03:39:04.794+0000][1][gc           ] GC(18) Pause Remark 88M->88M(247M) 145.139ms
[2019-12-09T03:39:04.794+0000][1][gc,cpu       ] GC(18) User=0.06s Sys=0.00s Real=0.14s
[2019-12-09T03:39:04.794+0000][1][safepoint    ] Leaving safepoint region
[2019-12-09T03:39:04.794+0000][1][safepoint    ] Total time for which application threads were stopped: 0.1992193 seconds, Stopping threads took: 0.0539555 seconds
[2019-12-09T03:39:04.836+0000][1][gc           ] GC(18) Concurrent Sweep
[2019-12-09T03:39:05.038+0000][1][safepoint    ] Application time: 0.2438963 seconds
[2019-12-09T03:39:05.038+0000][1][safepoint    ] Entering safepoint region: CollectForMetadataAllocation
[2019-12-09T03:39:05.039+0000][1][safepoint    ] Leaving safepoint region
[2019-12-09T03:39:05.039+0000][1][safepoint    ] Total time for which application threads were stopped: 0.0010436 seconds, Stopping threads took: 0.0000148 seconds
[2019-12-09T03:39:05.187+0000][1][gc           ] GC(18) Concurrent Sweep 351.720ms
[2019-12-09T03:39:05.188+0000][1][gc,cpu       ] GC(18) User=0.09s Sys=0.01s Real=0.35s
[2019-12-09T03:39:05.188+0000][1][gc           ] GC(18) Concurrent Reset
[2019-12-09T03:39:05.201+0000][1][gc           ] GC(18) Concurrent Reset 13.316ms
[2019-12-09T03:39:05.201+0000][1][gc,cpu       ] GC(18) User=0.00s Sys=0.00s Real=0.01s
[2019-12-09T03:39:05.201+0000][1][gc,heap      ] GC(18) Old: 54825K->54606K(174784K)
[2019-12-09T03:39:05.329+0000][1][safepoint    ] Application time: 0.2900045 seconds
[2019-12-09T03:39:05.329+0000][1][safepoint    ] Entering safepoint region: RevokeBias
[2019-12-09T03:39:05.329+0000][1][safepoint    ] Leaving safepoint region
[2019-12-09T03:39:05.329+0000][1][safepoint    ] Total time for which application threads were stopped: 0.0001399 seconds, Stopping threads took: 0.0000596 seconds
[2019-12-09T03:39:05.329+0000][1][safepoint    ] Application time: 0.0001515 seconds
[2019-12-09T03:39:05.329+0000][1][safepoint    ] Entering safepoint region: RevokeBias
[2019-12-09T03:39:05.329+0000][1][safepoint    ] Leaving safepoint region
[2019-12-09T03:39:05.329+0000][1][safepoint    ] Total time for which application threads were stopped: 0.0000574 seconds, Stopping threads took: 0.0000087 seconds
[2019-12-09T03:39:06.358+0000][1][safepoint    ] Application time: 1.0282629 seconds
[2019-12-09T03:39:06.440+0000][1][safepoint    ] Entering safepoint region: Cleanup
[2019-12-09T03:39:06.440+0000][1][safepoint    ] Leaving safepoint region
[2019-12-09T03:39:06.440+0000][1][safepoint    ] Total time for which application threads were stopped: 0.0822137 seconds, Stopping threads took: 0.0821543 seconds
[2019-12-09T03:39:08.487+0000][1][safepoint    ] Application time: 2.0467508 seconds
[2019-12-09T03:39:08.533+0000][1][safepoint    ] Entering safepoint region: Cleanup
[2019-12-09T03:39:08.533+0000][1][safepoint    ] Leaving safepoint region
[2019-12-09T03:39:08.533+0000][1][safepoint    ] Total time for which application threads were stopped: 0.0461315 seconds, Stopping threads took: 0.0460876 seconds
[2019-12-09T03:39:09.540+0000][1][safepoint    ] Application time: 1.0067913 seconds
[2019-12-09T03:39:09.540+0000][1][safepoint    ] Entering safepoint region: Cleanup
[2019-12-09T03:39:09.540+0000][1][safepoint    ] Leaving safepoint region
[2019-12-09T03:39:09.540+0000][1][safepoint    ] Total time for which application threads were stopped: 0.0001883 seconds, Stopping threads took: 0.0001349 seconds
[2019-12-09T03:39:10.295+0000][1][safepoint    ] Application time: 0.7549901 seconds
[2019-12-09T03:39:10.303+0000][1][safepoint    ] Entering safepoint region: RevokeBias
[2019-12-09T03:39:10.303+0000][1][safepoint    ] Leaving safepoint region
[2019-12-09T03:39:10.303+0000][1][safepoint    ] Total time for which application threads were stopped: 0.0079734 seconds, Stopping threads took: 0.0078433 seconds
[2019-12-09T03:39:10.303+0000][1][safepoint    ] Application time: 0.0003013 seconds
[2019-12-09T03:39:10.303+0000][1][safepoint    ] Entering safepoint region: RevokeBias
[2019-12-09T03:39:10.303+0000][1][safepoint    ] Leaving safepoint region
[2019-12-09T03:39:10.303+0000][1][safepoint    ] Total time for which application threads were stopped: 0.0000925 seconds, Stopping threads took: 0.0000108 seconds
[2019-12-09T03:39:10.304+0000][1][safepoint    ] Application time: 0.0001824 seconds
[2019-12-09T03:39:10.304+0000][1][safepoint    ] Entering safepoint region: RevokeBias
[2019-12-09T03:39:10.304+0000][1][safepoint    ] Leaving safepoint region
[2019-12-09T03:39:10.304+0000][1][safepoint    ] Total time for which application threads were stopped: 0.0000733 seconds, Stopping threads took: 0.0000096 seconds
[2019-12-09T03:39:10.304+0000][1][safepoint    ] Application time: 0.0001069 seconds
[2019-12-09T03:39:10.304+0000][1][safepoint    ] Entering safepoint region: RevokeBias
[2019-12-09T03:39:10.304+0000][1][safepoint    ] Leaving safepoint region
[2019-12-09T03:39:10.304+0000][1][safepoint    ] Total time for which application threads were stopped: 0.0000726 seconds, Stopping threads took: 0.0000169 seconds
[2019-12-09T03:39:10.304+0000][1][safepoint    ] Application time: 0.0000561 seconds
[2019-12-09T03:39:10.304+0000][1][safepoint    ] Entering safepoint region: RevokeBias
[2019-12-09T03:39:10.304+0000][1][safepoint    ] Leaving safepoint region
[2019-12-09T03:39:10.304+0000][1][safepoint    ] Total time for which application threads were stopped: 0.0000477 seconds, Stopping threads took: 0.0000079 seconds
[2019-12-09T03:39:10.304+0000][1][safepoint    ] Application time: 0.0000915 seconds
[2019-12-09T03:39:10.304+0000][1][safepoint    ] Entering safepoint region: RevokeBias
[2019-12-09T03:39:10.304+0000][1][safepoint    ] Leaving safepoint region
[2019-12-09T03:39:10.304+0000][1][safepoint    ] Total time for which application threads were stopped: 0.0000532 seconds, Stopping threads took: 0.0000079 seconds
[2019-12-09T03:39:10.304+0000][1][safepoint    ] Application time: 0.0000621 seconds
[2019-12-09T03:39:10.304+0000][1][safepoint    ] Entering safepoint region: RevokeBias
[2019-12-09T03:39:10.304+0000][1][safepoint    ] Leaving safepoint region
[2019-12-09T03:39:10.304+0000][1][safepoint    ] Total time for which application threads were stopped: 0.0000497 seconds, Stopping threads took: 0.0000082 seconds
[2019-12-09T03:39:10.305+0000][1][safepoint    ] Application time: 0.0005126 seconds
[2019-12-09T03:39:10.305+0000][1][safepoint    ] Entering safepoint region: RevokeBias
[2019-12-09T03:39:10.305+0000][1][safepoint    ] Leaving safepoint region
[2019-12-09T03:39:10.305+0000][1][safepoint    ] Total time for which application threads were stopped: 0.0000847 seconds, Stopping threads took: 0.0000113 seconds
[2019-12-09T03:39:10.305+0000][1][safepoint    ] Application time: 0.0004404 seconds
[2019-12-09T03:39:10.305+0000][1][safepoint    ] Entering safepoint region: RevokeBias
[2019-12-09T03:39:10.305+0000][1][safepoint    ] Leaving safepoint region
[2019-12-09T03:39:10.305+0000][1][safepoint    ] Total time for which application threads were stopped: 0.0000788 seconds, Stopping threads took: 0.0000086 seconds
[2019-12-09T03:39:10.306+0000][1][safepoint    ] Application time: 0.0000871 seconds
[2019-12-09T03:39:10.306+0000][1][safepoint    ] Entering safepoint region: RevokeBias
[2019-12-09T03:39:10.306+0000][1][safepoint    ] Leaving safepoint region
[2019-12-09T03:39:10.306+0000][1][safepoint    ] Total time for which application threads were stopped: 0.0000844 seconds, Stopping threads took: 0.0000090 seconds
[2019-12-09T03:39:10.306+0000][1][safepoint    ] Application time: 0.0006602 seconds
[2019-12-09T03:39:10.306+0000][1][safepoint    ] Entering safepoint region: RevokeBias
[2019-12-09T03:39:10.306+0000][1][safepoint    ] Leaving safepoint region
[2019-12-09T03:39:10.306+0000][1][safepoint    ] Total time for which application threads were stopped: 0.0000661 seconds, Stopping threads took: 0.0000092 seconds
[2019-12-09T03:39:11.193+0000][1][safepoint    ] Application time: 0.8863924 seconds
[2019-12-09T03:39:11.287+0000][1][safepoint    ] Entering safepoint region: RevokeBias
[2019-12-09T03:39:11.287+0000][1][safepoint    ] Leaving safepoint region
[2019-12-09T03:39:11.287+0000][1][safepoint    ] Total time for which application threads were stopped: 0.0940908 seconds, Stopping threads took: 0.0939636 seconds
[2019-12-09T03:39:11.310+0000][1][safepoint    ] Application time: 0.0228330 seconds
[2019-12-09T03:39:11.424+0000][1][safepoint    ] Entering safepoint region: RevokeBias
[2019-12-09T03:39:11.424+0000][1][safepoint    ] Leaving safepoint region
[2019-12-09T03:39:11.424+0000][1][safepoint    ] Total time for which application threads were stopped: 0.1141974 seconds, Stopping threads took: 0.1140480 seconds
[2019-12-09T03:39:11.431+0000][1][safepoint    ] Application time: 0.0075138 seconds
[2019-12-09T03:39:11.432+0000][1][safepoint    ] Entering safepoint region: GenCollectForAllocation
[2019-12-09T03:39:11.432+0000][1][gc,start     ] GC(19) Pause Young (Allocation Failure)
[2019-12-09T03:39:11.432+0000][1][gc,task      ] GC(19) Using 2 workers of 2 for evacuation
[2019-12-09T03:39:11.521+0000][1][gc,age       ] GC(19) Desired survivor size 4456448 bytes, new threshold 3 (max threshold 6)
[2019-12-09T03:39:11.521+0000][1][gc,age       ] GC(19) Age table with threshold 3 (max threshold 6)
[2019-12-09T03:39:11.521+0000][1][gc,age       ] GC(19) - age   1:    2543800 bytes,    2543800 total
[2019-12-09T03:39:11.521+0000][1][gc,age       ] GC(19) - age   2:    1876192 bytes,    4419992 total
[2019-12-09T03:39:11.521+0000][1][gc,age       ] GC(19) - age   3:    1234096 bytes,    5654088 total
[2019-12-09T03:39:11.521+0000][1][gc,heap      ] GC(19) ParNew: 74439K->7148K(78656K)
[2019-12-09T03:39:11.521+0000][1][gc,heap      ] GC(19) CMS: 54606K->54606K(174784K)
[2019-12-09T03:39:11.521+0000][1][gc,metaspace ] GC(19) Metaspace: 43068K->43068K(1089536K)
[2019-12-09T03:39:11.521+0000][1][gc           ] GC(19) Pause Young (Allocation Failure) 126M->60M(247M) 89.916ms
[2019-12-09T03:39:11.522+0000][1][gc,cpu       ] GC(19) User=0.03s Sys=0.00s Real=0.09s
[2019-12-09T03:39:11.522+0000][1][safepoint    ] Leaving safepoint region
[2019-12-09T03:39:11.522+0000][1][safepoint    ] Total time for which application threads were stopped: 0.0900483 seconds, Stopping threads took: 0.0000206 seconds
[2019-12-09T03:39:11.683+0000][1][safepoint    ] Application time: 0.1618577 seconds
[2019-12-09T03:39:11.683+0000][1][safepoint    ] Entering safepoint region: RevokeBias
[2019-12-09T03:39:11.683+0000][1][safepoint    ] Leaving safepoint region
[2019-12-09T03:39:11.684+0000][1][safepoint    ] Total time for which application threads were stopped: 0.0000655 seconds, Stopping threads took: 0.0000124 seconds
[2019-12-09T03:39:11.684+0000][1][safepoint    ] Application time: 0.0000645 seconds
[2019-12-09T03:39:11.684+0000][1][safepoint    ] Entering safepoint region: RevokeBias
[2019-12-09T03:39:11.684+0000][1][safepoint    ] Leaving safepoint region
[2019-12-09T03:39:11.684+0000][1][safepoint    ] Total time for which application threads were stopped: 0.0000355 seconds, Stopping threads took: 0.0000084 seconds
[2019-12-09T03:39:12.939+0000][1][safepoint    ] Application time: 1.2550882 seconds
[2019-12-09T03:39:12.939+0000][1][safepoint    ] Entering safepoint region: Cleanup
[2019-12-09T03:39:12.939+0000][1][safepoint    ] Leaving safepoint region
[2019-12-09T03:39:12.939+0000][1][safepoint    ] Total time for which application threads were stopped: 0.0003013 seconds, Stopping threads took: 0.0000905 seconds
[2019-12-09T03:39:13.206+0000][1][safepoint    ] Application time: 0.2671155 seconds
[2019-12-09T03:39:13.206+0000][1][safepoint    ] Entering safepoint region: RevokeBias
[2019-12-09T03:39:13.206+0000][1][safepoint    ] Leaving safepoint region
[2019-12-09T03:39:13.206+0000][1][safepoint    ] Total time for which application threads were stopped: 0.0000939 seconds, Stopping threads took: 0.0000116 seconds
[2019-12-09T03:39:13.229+0000][1][safepoint    ] Application time: 0.0229345 seconds
[2019-12-09T03:39:13.229+0000][1][safepoint    ] Entering safepoint region: RevokeBias
[2019-12-09T03:39:13.229+0000][1][safepoint    ] Leaving safepoint region
[2019-12-09T03:39:13.229+0000][1][safepoint    ] Total time for which application threads were stopped: 0.0000706 seconds, Stopping threads took: 0.0000114 seconds
[2019-12-09T03:39:14.234+0000][1][safepoint    ] Application time: 1.0043624 seconds
[2019-12-09T03:39:14.237+0000][1][safepoint    ] Entering safepoint region: Cleanup
[2019-12-09T03:39:14.237+0000][1][safepoint    ] Leaving safepoint region
[2019-12-09T03:39:14.237+0000][1][safepoint    ] Total time for which application threads were stopped: 0.0030855 seconds, Stopping threads took: 0.0030159 seconds
[2019-12-09T03:39:14.411+0000][1][safepoint    ] Application time: 0.1739457 seconds
[2019-12-09T03:39:14.411+0000][1][safepoint    ] Entering safepoint region: RevokeBias
[2019-12-09T03:39:14.412+0000][1][safepoint    ] Leaving safepoint region
[2019-12-09T03:39:14.412+0000][1][safepoint    ] Total time for which application threads were stopped: 0.0007859 seconds, Stopping threads took: 0.0003034 seconds
[2019-12-09T03:39:14.412+0000][1][safepoint    ] Application time: 0.0002177 seconds
[2019-12-09T03:39:14.412+0000][1][safepoint    ] Entering safepoint region: RevokeBias
[2019-12-09T03:39:14.412+0000][1][safepoint    ] Leaving safepoint region
[2019-12-09T03:39:14.412+0000][1][safepoint    ] Total time for which application threads were stopped: 0.0000743 seconds, Stopping threads took: 0.0000089 seconds
[2019-12-09T03:39:14.412+0000][1][safepoint    ] Application time: 0.0000555 seconds
[2019-12-09T03:39:14.412+0000][1][safepoint    ] Entering safepoint region: RevokeBias
[2019-12-09T03:39:14.412+0000][1][safepoint    ] Leaving safepoint region
[2019-12-09T03:39:14.412+0000][1][safepoint    ] Total time for which application threads were stopped: 0.0000487 seconds, Stopping threads took: 0.0000080 seconds
[2019-12-09T03:39:14.706+0000][1][safepoint    ] Application time: 0.2938303 seconds
[2019-12-09T03:39:14.706+0000][1][safepoint    ] Entering safepoint region: RevokeBias
[2019-12-09T03:39:14.706+0000][1][safepoint    ] Leaving safepoint region
[2019-12-09T03:39:14.706+0000][1][safepoint    ] Total time for which application threads were stopped: 0.0001421 seconds, Stopping threads took: 0.0000591 seconds
[2019-12-09T03:39:14.706+0000][1][safepoint    ] Application time: 0.0001040 seconds
[2019-12-09T03:39:14.706+0000][1][safepoint    ] Entering safepoint region: RevokeBias
[2019-12-09T03:39:14.706+0000][1][safepoint    ] Leaving safepoint region
[2019-12-09T03:39:14.706+0000][1][safepoint    ] Total time for which application threads were stopped: 0.0000648 seconds, Stopping threads took: 0.0000103 seconds
[2019-12-09T03:39:14.706+0000][1][safepoint    ] Application time: 0.0001255 seconds
[2019-12-09T03:39:14.706+0000][1][safepoint    ] Entering safepoint region: RevokeBias
[2019-12-09T03:39:14.706+0000][1][safepoint    ] Leaving safepoint region
[2019-12-09T03:39:14.706+0000][1][safepoint    ] Total time for which application threads were stopped: 0.0000584 seconds, Stopping threads took: 0.0000097 seconds
[2019-12-09T03:39:14.707+0000][1][safepoint    ] Application time: 0.0005585 seconds
[2019-12-09T03:39:14.707+0000][1][safepoint    ] Entering safepoint region: RevokeBias
[2019-12-09T03:39:14.707+0000][1][safepoint    ] Leaving safepoint region
[2019-12-09T03:39:14.707+0000][1][safepoint    ] Total time for which application threads were stopped: 0.0000637 seconds, Stopping threads took: 0.0000099 seconds
[2019-12-09T03:39:14.707+0000][1][safepoint    ] Application time: 0.0001510 seconds
[2019-12-09T03:39:14.707+0000][1][safepoint    ] Entering safepoint region: RevokeBias
[2019-12-09T03:39:14.707+0000][1][safepoint    ] Leaving safepoint region
[2019-12-09T03:39:14.707+0000][1][safepoint    ] Total time for which application threads were stopped: 0.0000556 seconds, Stopping threads took: 0.0000088 seconds
[2019-12-09T03:39:14.708+0000][1][safepoint    ] Application time: 0.0002151 seconds
[2019-12-09T03:39:14.708+0000][1][safepoint    ] Entering safepoint region: RevokeBias
[2019-12-09T03:39:14.708+0000][1][safepoint    ] Leaving safepoint region
[2019-12-09T03:39:14.708+0000][1][safepoint    ] Total time for which application threads were stopped: 0.0000677 seconds, Stopping threads took: 0.0000101 seconds
[2019-12-09T03:39:14.708+0000][1][safepoint    ] Application time: 0.0000717 seconds
[2019-12-09T03:39:14.708+0000][1][safepoint    ] Entering safepoint region: RevokeBias
[2019-12-09T03:39:14.708+0000][1][safepoint    ] Leaving safepoint region
[2019-12-09T03:39:14.708+0000][1][safepoint    ] Total time for which application threads were stopped: 0.0000595 seconds, Stopping threads took: 0.0000089 seconds
[2019-12-09T03:39:14.708+0000][1][safepoint    ] Application time: 0.0000578 seconds
[2019-12-09T03:39:14.708+0000][1][safepoint    ] Entering safepoint region: RevokeBias
[2019-12-09T03:39:14.708+0000][1][safepoint    ] Leaving safepoint region
[2019-12-09T03:39:14.708+0000][1][safepoint    ] Total time for which application threads were stopped: 0.0000587 seconds, Stopping threads took: 0.0000081 seconds
[2019-12-09T03:39:14.708+0000][1][safepoint    ] Application time: 0.0000545 seconds
[2019-12-09T03:39:14.708+0000][1][safepoint    ] Entering safepoint region: RevokeBias
[2019-12-09T03:39:14.708+0000][1][safepoint    ] Leaving safepoint region
[2019-12-09T03:39:14.708+0000][1][safepoint    ] Total time for which application threads were stopped: 0.0000545 seconds, Stopping threads took: 0.0000084 seconds
[2019-12-09T03:39:14.708+0000][1][safepoint    ] Application time: 0.0000547 seconds
[2019-12-09T03:39:14.708+0000][1][safepoint    ] Entering safepoint region: RevokeBias
[2019-12-09T03:39:14.708+0000][1][safepoint    ] Leaving safepoint region
[2019-12-09T03:39:14.708+0000][1][safepoint    ] Total time for which application threads were stopped: 0.0000523 seconds, Stopping threads took: 0.0000081 seconds
[2019-12-09T03:39:14.708+0000][1][safepoint    ] Application time: 0.0000537 seconds
[2019-12-09T03:39:14.708+0000][1][safepoint    ] Entering safepoint region: RevokeBias
[2019-12-09T03:39:14.708+0000][1][safepoint    ] Leaving safepoint region
[2019-12-09T03:39:14.708+0000][1][safepoint    ] Total time for which application threads were stopped: 0.0000518 seconds, Stopping threads took: 0.0000079 seconds
[2019-12-09T03:39:14.708+0000][1][safepoint    ] Application time: 0.0000541 seconds
[2019-12-09T03:39:14.708+0000][1][safepoint    ] Entering safepoint region: RevokeBias
[2019-12-09T03:39:14.708+0000][1][safepoint    ] Leaving safepoint region
[2019-12-09T03:39:14.708+0000][1][safepoint    ] Total time for which application threads were stopped: 0.0000492 seconds, Stopping threads took: 0.0000084 seconds
[2019-12-09T03:39:14.708+0000][1][safepoint    ] Application time: 0.0000529 seconds
[2019-12-09T03:39:14.708+0000][1][safepoint    ] Entering safepoint region: RevokeBias
[2019-12-09T03:39:14.709+0000][1][safepoint    ] Leaving safepoint region
[2019-12-09T03:39:14.709+0000][1][safepoint    ] Total time for which application threads were stopped: 0.0000631 seconds, Stopping threads took: 0.0000081 seconds
[2019-12-09T03:39:14.709+0000][1][safepoint    ] Application time: 0.0000547 seconds
[2019-12-09T03:39:14.709+0000][1][safepoint    ] Entering safepoint region: RevokeBias
[2019-12-09T03:39:14.709+0000][1][safepoint    ] Leaving safepoint region
[2019-12-09T03:39:14.709+0000][1][safepoint    ] Total time for which application threads were stopped: 0.0000523 seconds, Stopping threads took: 0.0000082 seconds
[2019-12-09T03:39:14.709+0000][1][safepoint    ] Application time: 0.0000544 seconds
[2019-12-09T03:39:14.709+0000][1][safepoint    ] Entering safepoint region: RevokeBias
[2019-12-09T03:39:14.709+0000][1][safepoint    ] Leaving safepoint region
[2019-12-09T03:39:14.709+0000][1][safepoint    ] Total time for which application threads were stopped: 0.0000509 seconds, Stopping threads took: 0.0000083 seconds
[2019-12-09T03:39:14.709+0000][1][safepoint    ] Application time: 0.0000502 seconds
[2019-12-09T03:39:14.709+0000][1][safepoint    ] Entering safepoint region: RevokeBias
[2019-12-09T03:39:14.709+0000][1][safepoint    ] Leaving safepoint region
[2019-12-09T03:39:14.709+0000][1][safepoint    ] Total time for which application threads were stopped: 0.0000466 seconds, Stopping threads took: 0.0000079 seconds
[2019-12-09T03:39:14.709+0000][1][safepoint    ] Application time: 0.0000507 seconds
[2019-12-09T03:39:14.709+0000][1][safepoint    ] Entering safepoint region: RevokeBias
[2019-12-09T03:39:14.709+0000][1][safepoint    ] Leaving safepoint region
[2019-12-09T03:39:14.709+0000][1][safepoint    ] Total time for which application threads were stopped: 0.0000465 seconds, Stopping threads took: 0.0000082 seconds
[2019-12-09T03:39:14.709+0000][1][safepoint    ] Application time: 0.0000506 seconds
[2019-12-09T03:39:14.709+0000][1][safepoint    ] Entering safepoint region: RevokeBias
[2019-12-09T03:39:14.709+0000][1][safepoint    ] Leaving safepoint region
[2019-12-09T03:39:14.709+0000][1][safepoint    ] Total time for which application threads were stopped: 0.0000508 seconds, Stopping threads took: 0.0000080 seconds
[2019-12-09T03:39:14.709+0000][1][safepoint    ] Application time: 0.0000510 seconds
[2019-12-09T03:39:14.709+0000][1][safepoint    ] Entering safepoint region: RevokeBias
[2019-12-09T03:39:14.709+0000][1][safepoint    ] Leaving safepoint region
[2019-12-09T03:39:14.709+0000][1][safepoint    ] Total time for which application threads were stopped: 0.0000474 seconds, Stopping threads took: 0.0000082 seconds
[2019-12-09T03:39:14.709+0000][1][safepoint    ] Application time: 0.0000508 seconds
[2019-12-09T03:39:14.709+0000][1][safepoint    ] Entering safepoint region: RevokeBias
[2019-12-09T03:39:14.709+0000][1][safepoint    ] Leaving safepoint region
[2019-12-09T03:39:14.709+0000][1][safepoint    ] Total time for which application threads were stopped: 0.0000462 seconds, Stopping threads took: 0.0000082 seconds
[2019-12-09T03:39:14.709+0000][1][safepoint    ] Application time: 0.0000502 seconds
[2019-12-09T03:39:14.709+0000][1][safepoint    ] Entering safepoint region: RevokeBias
[2019-12-09T03:39:14.709+0000][1][safepoint    ] Leaving safepoint region
[2019-12-09T03:39:14.709+0000][1][safepoint    ] Total time for which application threads were stopped: 0.0000443 seconds, Stopping threads took: 0.0000076 seconds
[2019-12-09T03:39:14.710+0000][1][safepoint    ] Application time: 0.0000508 seconds
[2019-12-09T03:39:14.710+0000][1][safepoint    ] Entering safepoint region: RevokeBias
[2019-12-09T03:39:14.710+0000][1][safepoint    ] Leaving safepoint region
[2019-12-09T03:39:14.710+0000][1][safepoint    ] Total time for which application threads were stopped: 0.0000468 seconds, Stopping threads took: 0.0000080 seconds
[2019-12-09T03:39:14.710+0000][1][safepoint    ] Application time: 0.0000515 seconds
[2019-12-09T03:39:14.710+0000][1][safepoint    ] Entering safepoint region: BulkRevokeBias
[2019-12-09T03:39:14.710+0000][1][safepoint    ] Leaving safepoint region
[2019-12-09T03:39:14.710+0000][1][safepoint    ] Total time for which application threads were stopped: 0.0001332 seconds, Stopping threads took: 0.0000085 seconds
[2019-12-09T03:39:14.710+0000][1][safepoint    ] Application time: 0.0001640 seconds
[2019-12-09T03:39:14.710+0000][1][safepoint    ] Entering safepoint region: RevokeBias
[2019-12-09T03:39:14.710+0000][1][safepoint    ] Leaving safepoint region
[2019-12-09T03:39:14.710+0000][1][safepoint    ] Total time for which application threads were stopped: 0.0000666 seconds, Stopping threads took: 0.0000090 seconds
[2019-12-09T03:39:14.710+0000][1][safepoint    ] Application time: 0.0001057 seconds
[2019-12-09T03:39:14.710+0000][1][safepoint    ] Entering safepoint region: RevokeBias
[2019-12-09T03:39:14.710+0000][1][safepoint    ] Leaving safepoint region
[2019-12-09T03:39:14.710+0000][1][safepoint    ] Total time for which application threads were stopped: 0.0000583 seconds, Stopping threads took: 0.0000094 seconds
[2019-12-09T03:39:14.710+0000][1][safepoint    ] Application time: 0.0001253 seconds
[2019-12-09T03:39:14.710+0000][1][safepoint    ] Entering safepoint region: RevokeBias
[2019-12-09T03:39:14.710+0000][1][safepoint    ] Leaving safepoint region
[2019-12-09T03:39:14.710+0000][1][safepoint    ] Total time for which application threads were stopped: 0.0000542 seconds, Stopping threads took: 0.0000086 seconds
[2019-12-09T03:39:14.711+0000][1][safepoint    ] Application time: 0.0000681 seconds
[2019-12-09T03:39:14.711+0000][1][safepoint    ] Entering safepoint region: RevokeBias
[2019-12-09T03:39:14.711+0000][1][safepoint    ] Leaving safepoint region
[2019-12-09T03:39:14.711+0000][1][safepoint    ] Total time for which application threads were stopped: 0.0000497 seconds, Stopping threads took: 0.0000082 seconds
[2019-12-09T03:39:14.711+0000][1][safepoint    ] Application time: 0.0000879 seconds
[2019-12-09T03:39:14.711+0000][1][safepoint    ] Entering safepoint region: RevokeBias
[2019-12-09T03:39:14.711+0000][1][safepoint    ] Leaving safepoint region
[2019-12-09T03:39:14.711+0000][1][safepoint    ] Total time for which application threads were stopped: 0.0000622 seconds, Stopping threads took: 0.0000081 seconds
[2019-12-09T03:39:14.711+0000][1][safepoint    ] Application time: 0.0000571 seconds
[2019-12-09T03:39:14.711+0000][1][safepoint    ] Entering safepoint region: RevokeBias
[2019-12-09T03:39:14.711+0000][1][safepoint    ] Leaving safepoint region
[2019-12-09T03:39:14.711+0000][1][safepoint    ] Total time for which application threads were stopped: 0.0000481 seconds, Stopping threads took: 0.0000074 seconds
[2019-12-09T03:39:14.711+0000][1][safepoint    ] Application time: 0.0001569 seconds
[2019-12-09T03:39:14.711+0000][1][safepoint    ] Entering safepoint region: RevokeBias
[2019-12-09T03:39:14.711+0000][1][safepoint    ] Leaving safepoint region
[2019-12-09T03:39:14.711+0000][1][safepoint    ] Total time for which application threads were stopped: 0.0000462 seconds, Stopping threads took: 0.0000078 seconds
[2019-12-09T03:39:14.711+0000][1][safepoint    ] Application time: 0.0002695 seconds
[2019-12-09T03:39:14.711+0000][1][safepoint    ] Entering safepoint region: RevokeBias
[2019-12-09T03:39:14.711+0000][1][safepoint    ] Leaving safepoint region
[2019-12-09T03:39:14.711+0000][1][safepoint    ] Total time for which application threads were stopped: 0.0000590 seconds, Stopping threads took: 0.0000084 seconds
[2019-12-09T03:39:14.712+0000][1][safepoint    ] Application time: 0.0000752 seconds
[2019-12-09T03:39:14.712+0000][1][safepoint    ] Entering safepoint region: RevokeBias
[2019-12-09T03:39:14.712+0000][1][safepoint    ] Leaving safepoint region
[2019-12-09T03:39:14.712+0000][1][safepoint    ] Total time for which application threads were stopped: 0.0000493 seconds, Stopping threads took: 0.0000079 seconds
[2019-12-09T03:39:14.712+0000][1][safepoint    ] Application time: 0.0001831 seconds
[2019-12-09T03:39:14.712+0000][1][safepoint    ] Entering safepoint region: RevokeBias
[2019-12-09T03:39:14.712+0000][1][safepoint    ] Leaving safepoint region
[2019-12-09T03:39:14.712+0000][1][safepoint    ] Total time for which application threads were stopped: 0.0000656 seconds, Stopping threads took: 0.0000086 seconds
[2019-12-09T03:39:14.712+0000][1][safepoint    ] Application time: 0.0000551 seconds
[2019-12-09T03:39:14.712+0000][1][safepoint    ] Entering safepoint region: RevokeBias
[2019-12-09T03:39:14.712+0000][1][safepoint    ] Leaving safepoint region
[2019-12-09T03:39:14.712+0000][1][safepoint    ] Total time for which application threads were stopped: 0.0000401 seconds, Stopping threads took: 0.0000066 seconds
[2019-12-09T03:39:14.712+0000][1][safepoint    ] Application time: 0.0000427 seconds
[2019-12-09T03:39:14.712+0000][1][safepoint    ] Entering safepoint region: RevokeBias
[2019-12-09T03:39:14.712+0000][1][safepoint    ] Leaving safepoint region
[2019-12-09T03:39:14.712+0000][1][safepoint    ] Total time for which application threads were stopped: 0.0000388 seconds, Stopping threads took: 0.0000065 seconds
[2019-12-09T03:39:14.712+0000][1][safepoint    ] Application time: 0.0000432 seconds
[2019-12-09T03:39:14.712+0000][1][safepoint    ] Entering safepoint region: RevokeBias
[2019-12-09T03:39:14.712+0000][1][safepoint    ] Leaving safepoint region
[2019-12-09T03:39:14.712+0000][1][safepoint    ] Total time for which application threads were stopped: 0.0000386 seconds, Stopping threads took: 0.0000064 seconds
[2019-12-09T03:39:14.712+0000][1][safepoint    ] Application time: 0.0003092 seconds
[2019-12-09T03:39:14.712+0000][1][safepoint    ] Entering safepoint region: RevokeBias
[2019-12-09T03:39:14.713+0000][1][safepoint    ] Leaving safepoint region
[2019-12-09T03:39:14.713+0000][1][safepoint    ] Total time for which application threads were stopped: 0.0000514 seconds, Stopping threads took: 0.0000077 seconds
[2019-12-09T03:39:14.713+0000][1][safepoint    ] Application time: 0.0001079 seconds
[2019-12-09T03:39:14.713+0000][1][safepoint    ] Entering safepoint region: RevokeBias
[2019-12-09T03:39:14.713+0000][1][safepoint    ] Leaving safepoint region
[2019-12-09T03:39:14.713+0000][1][safepoint    ] Total time for which application threads were stopped: 0.0000762 seconds, Stopping threads took: 0.0000068 seconds
[2019-12-09T03:39:14.713+0000][1][safepoint    ] Application time: 0.0001103 seconds
[2019-12-09T03:39:14.713+0000][1][safepoint    ] Entering safepoint region: RevokeBias
[2019-12-09T03:39:14.713+0000][1][safepoint    ] Leaving safepoint region
[2019-12-09T03:39:14.713+0000][1][safepoint    ] Total time for which application threads were stopped: 0.0000506 seconds, Stopping threads took: 0.0000084 seconds
[2019-12-09T03:39:14.713+0000][1][safepoint    ] Application time: 0.0002909 seconds
[2019-12-09T03:39:14.713+0000][1][safepoint    ] Entering safepoint region: RevokeBias
[2019-12-09T03:39:14.713+0000][1][safepoint    ] Leaving safepoint region
[2019-12-09T03:39:14.713+0000][1][safepoint    ] Total time for which application threads were stopped: 0.0000630 seconds, Stopping threads took: 0.0000096 seconds
[2019-12-09T03:39:14.714+0000][1][safepoint    ] Application time: 0.0007038 seconds
[2019-12-09T03:39:14.714+0000][1][safepoint    ] Entering safepoint region: RevokeBias
[2019-12-09T03:39:14.714+0000][1][safepoint    ] Leaving safepoint region
[2019-12-09T03:39:14.714+0000][1][safepoint    ] Total time for which application threads were stopped: 0.0000625 seconds, Stopping threads took: 0.0000110 seconds
[2019-12-09T03:39:14.714+0000][1][safepoint    ] Application time: 0.0001513 seconds
[2019-12-09T03:39:14.714+0000][1][safepoint    ] Entering safepoint region: BulkRevokeBias
[2019-12-09T03:39:14.714+0000][1][safepoint    ] Leaving safepoint region
[2019-12-09T03:39:14.714+0000][1][safepoint    ] Total time for which application threads were stopped: 0.0000990 seconds, Stopping threads took: 0.0000095 seconds
[2019-12-09T03:39:14.715+0000][1][safepoint    ] Application time: 0.0004584 seconds
[2019-12-09T03:39:14.715+0000][1][safepoint    ] Entering safepoint region: RevokeBias
[2019-12-09T03:39:14.715+0000][1][safepoint    ] Leaving safepoint region
[2019-12-09T03:39:14.715+0000][1][safepoint    ] Total time for which application threads were stopped: 0.0000549 seconds, Stopping threads took: 0.0000104 seconds
[2019-12-09T03:39:14.715+0000][1][safepoint    ] Application time: 0.0000757 seconds
[2019-12-09T03:39:14.715+0000][1][safepoint    ] Entering safepoint region: RevokeBias
[2019-12-09T03:39:14.715+0000][1][safepoint    ] Leaving safepoint region
[2019-12-09T03:39:14.715+0000][1][safepoint    ] Total time for which application threads were stopped: 0.0000384 seconds, Stopping threads took: 0.0000077 seconds
[2019-12-09T03:39:14.715+0000][1][safepoint    ] Application time: 0.0000517 seconds
[2019-12-09T03:39:14.715+0000][1][safepoint    ] Entering safepoint region: RevokeBias
[2019-12-09T03:39:14.715+0000][1][safepoint    ] Leaving safepoint region
[2019-12-09T03:39:14.715+0000][1][safepoint    ] Total time for which application threads were stopped: 0.0000338 seconds, Stopping threads took: 0.0000070 seconds
[2019-12-09T03:39:14.715+0000][1][safepoint    ] Application time: 0.0000489 seconds
[2019-12-09T03:39:14.715+0000][1][safepoint    ] Entering safepoint region: RevokeBias
[2019-12-09T03:39:14.715+0000][1][safepoint    ] Leaving safepoint region
[2019-12-09T03:39:14.715+0000][1][safepoint    ] Total time for which application threads were stopped: 0.0000341 seconds, Stopping threads took: 0.0000075 seconds
[2019-12-09T03:39:14.715+0000][1][safepoint    ] Application time: 0.0000489 seconds
[2019-12-09T03:39:14.715+0000][1][safepoint    ] Entering safepoint region: RevokeBias
[2019-12-09T03:39:14.715+0000][1][safepoint    ] Leaving safepoint region
[2019-12-09T03:39:14.715+0000][1][safepoint    ] Total time for which application threads were stopped: 0.0000329 seconds, Stopping threads took: 0.0000071 seconds
[2019-12-09T03:39:14.715+0000][1][safepoint    ] Application time: 0.0000526 seconds
[2019-12-09T03:39:14.715+0000][1][safepoint    ] Entering safepoint region: RevokeBias
[2019-12-09T03:39:14.715+0000][1][safepoint    ] Leaving safepoint region
[2019-12-09T03:39:14.715+0000][1][safepoint    ] Total time for which application threads were stopped: 0.0000381 seconds, Stopping threads took: 0.0000073 seconds
[2019-12-09T03:39:14.715+0000][1][safepoint    ] Application time: 0.0000492 seconds
[2019-12-09T03:39:14.715+0000][1][safepoint    ] Entering safepoint region: RevokeBias
[2019-12-09T03:39:14.716+0000][1][safepoint    ] Leaving safepoint region
[2019-12-09T03:39:14.716+0000][1][safepoint    ] Total time for which application threads were stopped: 0.0000351 seconds, Stopping threads took: 0.0000076 seconds
[2019-12-09T03:39:14.716+0000][1][safepoint    ] Application time: 0.0000491 seconds
[2019-12-09T03:39:14.716+0000][1][safepoint    ] Entering safepoint region: RevokeBias
[2019-12-09T03:39:14.716+0000][1][safepoint    ] Leaving safepoint region
[2019-12-09T03:39:14.716+0000][1][safepoint    ] Total time for which application threads were stopped: 0.0000343 seconds, Stopping threads took: 0.0000072 seconds
[2019-12-09T03:39:14.716+0000][1][safepoint    ] Application time: 0.0000630 seconds
[2019-12-09T03:39:14.716+0000][1][safepoint    ] Entering safepoint region: RevokeBias
[2019-12-09T03:39:14.716+0000][1][safepoint    ] Leaving safepoint region
[2019-12-09T03:39:14.716+0000][1][safepoint    ] Total time for which application threads were stopped: 0.0000355 seconds, Stopping threads took: 0.0000075 seconds
[2019-12-09T03:39:14.716+0000][1][safepoint    ] Application time: 0.0000511 seconds
[2019-12-09T03:39:14.716+0000][1][safepoint    ] Entering safepoint region: RevokeBias
[2019-12-09T03:39:14.716+0000][1][safepoint    ] Leaving safepoint region
[2019-12-09T03:39:14.716+0000][1][safepoint    ] Total time for which application threads were stopped: 0.0000346 seconds, Stopping threads took: 0.0000074 seconds
[2019-12-09T03:39:14.716+0000][1][safepoint    ] Application time: 0.0000507 seconds
[2019-12-09T03:39:14.716+0000][1][safepoint    ] Entering safepoint region: RevokeBias
[2019-12-09T03:39:14.716+0000][1][safepoint    ] Leaving safepoint region
[2019-12-09T03:39:14.716+0000][1][safepoint    ] Total time for which application threads were stopped: 0.0000340 seconds, Stopping threads took: 0.0000072 seconds
[2019-12-09T03:39:14.716+0000][1][safepoint    ] Application time: 0.0000484 seconds
[2019-12-09T03:39:14.716+0000][1][safepoint    ] Entering safepoint region: RevokeBias
[2019-12-09T03:39:14.716+0000][1][safepoint    ] Leaving safepoint region
[2019-12-09T03:39:14.716+0000][1][safepoint    ] Total time for which application threads were stopped: 0.0000380 seconds, Stopping threads took: 0.0000091 seconds
[2019-12-09T03:39:14.716+0000][1][safepoint    ] Application time: 0.0000628 seconds
[2019-12-09T03:39:14.716+0000][1][safepoint    ] Entering safepoint region: RevokeBias
[2019-12-09T03:39:14.716+0000][1][safepoint    ] Leaving safepoint region
[2019-12-09T03:39:14.716+0000][1][safepoint    ] Total time for which application threads were stopped: 0.0000349 seconds, Stopping threads took: 0.0000073 seconds
[2019-12-09T03:39:14.716+0000][1][safepoint    ] Application time: 0.0000505 seconds
[2019-12-09T03:39:14.716+0000][1][safepoint    ] Entering safepoint region: RevokeBias
[2019-12-09T03:39:14.716+0000][1][safepoint    ] Leaving safepoint region
[2019-12-09T03:39:14.716+0000][1][safepoint    ] Total time for which application threads were stopped: 0.0000350 seconds, Stopping threads took: 0.0000073 seconds
[2019-12-09T03:39:14.716+0000][1][safepoint    ] Application time: 0.0000487 seconds
[2019-12-09T03:39:14.716+0000][1][safepoint    ] Entering safepoint region: RevokeBias
[2019-12-09T03:39:14.716+0000][1][safepoint    ] Leaving safepoint region
[2019-12-09T03:39:14.716+0000][1][safepoint    ] Total time for which application threads were stopped: 0.0000341 seconds, Stopping threads took: 0.0000073 seconds
[2019-12-09T03:39:14.716+0000][1][safepoint    ] Application time: 0.0000489 seconds
[2019-12-09T03:39:14.716+0000][1][safepoint    ] Entering safepoint region: RevokeBias
[2019-12-09T03:39:14.716+0000][1][safepoint    ] Leaving safepoint region
[2019-12-09T03:39:14.716+0000][1][safepoint    ] Total time for which application threads were stopped: 0.0000383 seconds, Stopping threads took: 0.0000110 seconds
[2019-12-09T03:39:14.717+0000][1][safepoint    ] Application time: 0.0000494 seconds
[2019-12-09T03:39:14.717+0000][1][safepoint    ] Entering safepoint region: RevokeBias
[2019-12-09T03:39:14.717+0000][1][safepoint    ] Leaving safepoint region
[2019-12-09T03:39:14.717+0000][1][safepoint    ] Total time for which application threads were stopped: 0.0000341 seconds, Stopping threads took: 0.0000072 seconds
[2019-12-09T03:39:14.717+0000][1][safepoint    ] Application time: 0.0000520 seconds
[2019-12-09T03:39:14.717+0000][1][safepoint    ] Entering safepoint region: RevokeBias
[2019-12-09T03:39:14.717+0000][1][safepoint    ] Leaving safepoint region
[2019-12-09T03:39:14.717+0000][1][safepoint    ] Total time for which application threads were stopped: 0.0000352 seconds, Stopping threads took: 0.0000076 seconds
[2019-12-09T03:39:14.717+0000][1][safepoint    ] Application time: 0.0000623 seconds
[2019-12-09T03:39:14.717+0000][1][safepoint    ] Entering safepoint region: RevokeBias
[2019-12-09T03:39:14.717+0000][1][safepoint    ] Leaving safepoint region
[2019-12-09T03:39:14.717+0000][1][safepoint    ] Total time for which application threads were stopped: 0.0000357 seconds, Stopping threads took: 0.0000074 seconds
[2019-12-09T03:39:14.717+0000][1][safepoint    ] Application time: 0.0000494 seconds
[2019-12-09T03:39:14.717+0000][1][safepoint    ] Entering safepoint region: BulkRevokeBias
[2019-12-09T03:39:14.717+0000][1][safepoint    ] Leaving safepoint region
[2019-12-09T03:39:14.717+0000][1][safepoint    ] Total time for which application threads were stopped: 0.0000959 seconds, Stopping threads took: 0.0000074 seconds
[2019-12-09T03:39:14.722+0000][1][safepoint    ] Application time: 0.0047943 seconds
[2019-12-09T03:39:14.742+0000][1][safepoint    ] Entering safepoint region: RevokeBias
[2019-12-09T03:39:14.742+0000][1][safepoint    ] Leaving safepoint region
[2019-12-09T03:39:14.742+0000][1][safepoint    ] Total time for which application threads were stopped: 0.0201602 seconds, Stopping threads took: 0.0200732 seconds
[2019-12-09T03:39:14.742+0000][1][safepoint    ] Application time: 0.0003354 seconds
[2019-12-09T03:39:14.742+0000][1][safepoint    ] Entering safepoint region: RevokeBias
[2019-12-09T03:39:14.742+0000][1][safepoint    ] Leaving safepoint region
[2019-12-09T03:39:14.742+0000][1][safepoint    ] Total time for which application threads were stopped: 0.0000874 seconds, Stopping threads took: 0.0000110 seconds
[2019-12-09T03:39:14.744+0000][1][safepoint    ] Application time: 0.0015988 seconds
[2019-12-09T03:39:14.744+0000][1][safepoint    ] Entering safepoint region: RevokeBias
[2019-12-09T03:39:14.744+0000][1][safepoint    ] Leaving safepoint region
[2019-12-09T03:39:14.744+0000][1][safepoint    ] Total time for which application threads were stopped: 0.0000811 seconds, Stopping threads took: 0.0000097 seconds
[2019-12-09T03:39:14.744+0000][1][safepoint    ] Application time: 0.0001347 seconds
[2019-12-09T03:39:14.744+0000][1][safepoint    ] Entering safepoint region: RevokeBias
[2019-12-09T03:39:14.744+0000][1][safepoint    ] Leaving safepoint region
[2019-12-09T03:39:14.744+0000][1][safepoint    ] Total time for which application threads were stopped: 0.0000703 seconds, Stopping threads took: 0.0000073 seconds
[2019-12-09T03:39:14.750+0000][1][safepoint    ] Application time: 0.0052826 seconds
[2019-12-09T03:39:14.750+0000][1][safepoint    ] Entering safepoint region: RevokeBias
[2019-12-09T03:39:14.750+0000][1][safepoint    ] Leaving safepoint region
[2019-12-09T03:39:14.750+0000][1][safepoint    ] Total time for which application threads were stopped: 0.0001477 seconds, Stopping threads took: 0.0000916 seconds
[2019-12-09T03:39:14.750+0000][1][safepoint    ] Application time: 0.0000635 seconds
[2019-12-09T03:39:14.750+0000][1][safepoint    ] Entering safepoint region: RevokeBias
[2019-12-09T03:39:14.750+0000][1][safepoint    ] Leaving safepoint region
[2019-12-09T03:39:14.750+0000][1][safepoint    ] Total time for which application threads were stopped: 0.0000478 seconds, Stopping threads took: 0.0000133 seconds
[2019-12-09T03:39:14.750+0000][1][safepoint    ] Application time: 0.0002398 seconds
[2019-12-09T03:39:14.750+0000][1][safepoint    ] Entering safepoint region: RevokeBias
[2019-12-09T03:39:14.750+0000][1][safepoint    ] Leaving safepoint region
[2019-12-09T03:39:14.750+0000][1][safepoint    ] Total time for which application threads were stopped: 0.0000413 seconds, Stopping threads took: 0.0000083 seconds
[2019-12-09T03:39:15.396+0000][1][safepoint    ] Application time: 0.6457971 seconds
[2019-12-09T03:39:15.396+0000][1][safepoint    ] Entering safepoint region: RevokeBias
[2019-12-09T03:39:15.396+0000][1][safepoint    ] Leaving safepoint region
[2019-12-09T03:39:15.396+0000][1][safepoint    ] Total time for which application threads were stopped: 0.0001241 seconds, Stopping threads took: 0.0000157 seconds
[2019-12-09T03:39:15.396+0000][1][safepoint    ] Application time: 0.0000670 seconds
[2019-12-09T03:39:15.396+0000][1][safepoint    ] Entering safepoint region: RevokeBias
[2019-12-09T03:39:15.396+0000][1][safepoint    ] Leaving safepoint region
[2019-12-09T03:39:15.396+0000][1][safepoint    ] Total time for which application threads were stopped: 0.0000418 seconds, Stopping threads took: 0.0000095 seconds
[2019-12-09T03:39:15.730+0000][1][safepoint    ] Application time: 0.3335371 seconds
[2019-12-09T03:39:15.730+0000][1][safepoint    ] Entering safepoint region: GenCollectForAllocation
[2019-12-09T03:39:15.730+0000][1][gc,start     ] GC(20) Pause Young (Allocation Failure)
[2019-12-09T03:39:15.730+0000][1][gc,task      ] GC(20) Using 2 workers of 2 for evacuation
[2019-12-09T03:39:16.050+0000][1][gc,age       ] GC(20) Desired survivor size 4456448 bytes, new threshold 2 (max threshold 6)
[2019-12-09T03:39:16.051+0000][1][gc,age       ] GC(20) Age table with threshold 2 (max threshold 6)
[2019-12-09T03:39:16.051+0000][1][gc,age       ] GC(20) - age   1:    2829248 bytes,    2829248 total
[2019-12-09T03:39:16.051+0000][1][gc,age       ] GC(20) - age   2:    2465192 bytes,    5294440 total
[2019-12-09T03:39:16.051+0000][1][gc,age       ] GC(20) - age   3:    1874752 bytes,    7169192 total
[2019-12-09T03:39:16.051+0000][1][gc,heap      ] GC(20) ParNew: 77100K->8704K(78656K)
[2019-12-09T03:39:16.051+0000][1][gc,heap      ] GC(20) CMS: 54606K->55837K(174784K)
[2019-12-09T03:39:16.051+0000][1][gc,metaspace ] GC(20) Metaspace: 48309K->48309K(1093632K)
[2019-12-09T03:39:16.051+0000][1][gc           ] GC(20) Pause Young (Allocation Failure) 128M->63M(247M) 320.663ms
[2019-12-09T03:39:16.051+0000][1][gc,cpu       ] GC(20) User=0.07s Sys=0.00s Real=0.32s
[2019-12-09T03:39:16.051+0000][1][safepoint    ] Leaving safepoint region
[2019-12-09T03:39:16.051+0000][1][safepoint    ] Total time for which application threads were stopped: 0.3208047 seconds, Stopping threads took: 0.0000154 seconds
[2019-12-09T03:39:16.404+0000][1][safepoint    ] Application time: 0.3534799 seconds
[2019-12-09T03:39:16.405+0000][1][safepoint    ] Entering safepoint region: RevokeBias
[2019-12-09T03:39:16.405+0000][1][safepoint    ] Leaving safepoint region
[2019-12-09T03:39:16.405+0000][1][safepoint    ] Total time for which application threads were stopped: 0.0008708 seconds, Stopping threads took: 0.0008103 seconds
[2019-12-09T03:39:16.408+0000][1][safepoint    ] Application time: 0.0033236 seconds
[2019-12-09T03:39:16.538+0000][1][safepoint    ] Entering safepoint region: RevokeBias
[2019-12-09T03:39:16.538+0000][1][safepoint    ] Leaving safepoint region
[2019-12-09T03:39:16.538+0000][1][safepoint    ] Total time for which application threads were stopped: 0.1294426 seconds, Stopping threads took: 0.1293595 seconds
[2019-12-09T03:39:17.078+0000][1][safepoint    ] Application time: 0.5398378 seconds
[2019-12-09T03:39:17.078+0000][1][safepoint    ] Entering safepoint region: RevokeBias
[2019-12-09T03:39:17.078+0000][1][safepoint    ] Leaving safepoint region
[2019-12-09T03:39:17.078+0000][1][safepoint    ] Total time for which application threads were stopped: 0.0005118 seconds, Stopping threads took: 0.0000461 seconds
[2019-12-09T03:39:17.576+0000][1][safepoint    ] Application time: 0.4977673 seconds
[2019-12-09T03:39:17.576+0000][1][safepoint    ] Entering safepoint region: RevokeBias
[2019-12-09T03:39:17.576+0000][1][safepoint    ] Leaving safepoint region
[2019-12-09T03:39:17.576+0000][1][safepoint    ] Total time for which application threads were stopped: 0.0000994 seconds, Stopping threads took: 0.0000464 seconds
[2019-12-09T03:39:18.579+0000][1][safepoint    ] Application time: 1.0025328 seconds
[2019-12-09T03:39:18.579+0000][1][safepoint    ] Entering safepoint region: Cleanup
[2019-12-09T03:39:18.579+0000][1][safepoint    ] Leaving safepoint region
[2019-12-09T03:39:18.579+0000][1][safepoint    ] Total time for which application threads were stopped: 0.0001005 seconds, Stopping threads took: 0.0000593 seconds
[2019-12-09T03:39:18.646+0000][1][safepoint    ] Application time: 0.0671192 seconds
[2019-12-09T03:39:18.646+0000][1][safepoint    ] Entering safepoint region: RevokeBias
[2019-12-09T03:39:18.646+0000][1][safepoint    ] Leaving safepoint region
[2019-12-09T03:39:18.646+0000][1][safepoint    ] Total time for which application threads were stopped: 0.0001562 seconds, Stopping threads took: 0.0000995 seconds
[2019-12-09T03:39:19.649+0000][1][safepoint    ] Application time: 1.0025378 seconds
[2019-12-09T03:39:19.697+0000][1][safepoint    ] Entering safepoint region: Cleanup
[2019-12-09T03:39:19.697+0000][1][safepoint    ] Leaving safepoint region
[2019-12-09T03:39:19.697+0000][1][safepoint    ] Total time for which application threads were stopped: 0.0485078 seconds, Stopping threads took: 0.0480409 seconds
[2019-12-09T03:39:20.705+0000][1][safepoint    ] Application time: 1.0074371 seconds
[2019-12-09T03:39:20.705+0000][1][safepoint    ] Entering safepoint region: Cleanup
[2019-12-09T03:39:20.705+0000][1][safepoint    ] Leaving safepoint region
[2019-12-09T03:39:20.705+0000][1][safepoint    ] Total time for which application threads were stopped: 0.0005108 seconds, Stopping threads took: 0.0004444 seconds
[2019-12-09T03:39:21.211+0000][1][safepoint    ] Application time: 0.5058828 seconds
[2019-12-09T03:39:21.211+0000][1][safepoint    ] Entering safepoint region: RevokeBias
[2019-12-09T03:39:21.211+0000][1][safepoint    ] Leaving safepoint region
[2019-12-09T03:39:21.211+0000][1][safepoint    ] Total time for which application threads were stopped: 0.0001126 seconds, Stopping threads took: 0.0000160 seconds
[2019-12-09T03:39:21.671+0000][1][safepoint    ] Application time: 0.4594063 seconds
[2019-12-09T03:39:21.671+0000][1][safepoint    ] Entering safepoint region: GenCollectForAllocation
[2019-12-09T03:39:21.671+0000][1][gc,start     ] GC(21) Pause Young (Allocation Failure)
[2019-12-09T03:39:21.671+0000][1][gc,task      ] GC(21) Using 2 workers of 2 for evacuation
[2019-12-09T03:39:22.051+0000][1][gc,age       ] GC(21) Desired survivor size 4456448 bytes, new threshold 6 (max threshold 6)
[2019-12-09T03:39:22.051+0000][1][gc,age       ] GC(21) Age table with threshold 6 (max threshold 6)
[2019-12-09T03:39:22.051+0000][1][gc,age       ] GC(21) - age   1:    1591336 bytes,    1591336 total
[2019-12-09T03:39:22.051+0000][1][gc,age       ] GC(21) - age   2:    2762296 bytes,    4353632 total
[2019-12-09T03:39:22.051+0000][1][gc,heap      ] GC(21) ParNew: 78656K->6464K(78656K)
[2019-12-09T03:39:22.051+0000][1][gc,heap      ] GC(21) CMS: 55837K->60198K(174784K)
[2019-12-09T03:39:22.051+0000][1][gc,metaspace ] GC(21) Metaspace: 55711K->55711K(1099776K)
[2019-12-09T03:39:22.051+0000][1][gc           ] GC(21) Pause Young (Allocation Failure) 131M->65M(247M) 380.455ms
[2019-12-09T03:39:22.051+0000][1][gc,cpu       ] GC(21) User=0.07s Sys=0.00s Real=0.38s
[2019-12-09T03:39:22.051+0000][1][safepoint    ] Leaving safepoint region
[2019-12-09T03:39:22.051+0000][1][safepoint    ] Total time for which application threads were stopped: 0.3805981 seconds, Stopping threads took: 0.0000167 seconds
[2019-12-09T03:39:23.055+0000][1][safepoint    ] Application time: 1.0033587 seconds
[2019-12-09T03:39:23.055+0000][1][safepoint    ] Entering safepoint region: Cleanup
[2019-12-09T03:39:23.055+0000][1][safepoint    ] Leaving safepoint region
[2019-12-09T03:39:23.055+0000][1][safepoint    ] Total time for which application threads were stopped: 0.0000789 seconds, Stopping threads took: 0.0000164 seconds
[2019-12-09T03:39:23.522+0000][1][safepoint    ] Application time: 0.4668573 seconds
[2019-12-09T03:39:23.522+0000][1][safepoint    ] Entering safepoint region: Deoptimize
[2019-12-09T03:39:23.522+0000][1][safepoint    ] Leaving safepoint region
[2019-12-09T03:39:23.522+0000][1][safepoint    ] Total time for which application threads were stopped: 0.0006041 seconds, Stopping threads took: 0.0000163 seconds
[2019-12-09T03:39:23.655+0000][1][safepoint    ] Application time: 0.1323503 seconds
[2019-12-09T03:39:23.713+0000][1][safepoint    ] Entering safepoint region: RevokeBias
[2019-12-09T03:39:23.713+0000][1][safepoint    ] Leaving safepoint region
[2019-12-09T03:39:23.713+0000][1][safepoint    ] Total time for which application threads were stopped: 0.0581184 seconds, Stopping threads took: 0.0580009 seconds
[2019-12-09T03:39:23.713+0000][1][safepoint    ] Application time: 0.0002738 seconds
[2019-12-09T03:39:23.713+0000][1][safepoint    ] Entering safepoint region: RevokeBias
[2019-12-09T03:39:23.713+0000][1][safepoint    ] Leaving safepoint region
[2019-12-09T03:39:23.713+0000][1][safepoint    ] Total time for which application threads were stopped: 0.0001054 seconds, Stopping threads took: 0.0000131 seconds
[2019-12-09T03:39:23.713+0000][1][safepoint    ] Application time: 0.0000696 seconds
[2019-12-09T03:39:23.713+0000][1][safepoint    ] Entering safepoint region: RevokeBias
[2019-12-09T03:39:23.713+0000][1][safepoint    ] Leaving safepoint region
[2019-12-09T03:39:23.713+0000][1][safepoint    ] Total time for which application threads were stopped: 0.0000646 seconds, Stopping threads took: 0.0000093 seconds
[2019-12-09T03:39:23.714+0000][1][safepoint    ] Application time: 0.0002106 seconds
[2019-12-09T03:39:23.714+0000][1][safepoint    ] Entering safepoint region: RevokeBias
[2019-12-09T03:39:23.714+0000][1][safepoint    ] Leaving safepoint region
[2019-12-09T03:39:23.714+0000][1][safepoint    ] Total time for which application threads were stopped: 0.0000986 seconds, Stopping threads took: 0.0000110 seconds
[2019-12-09T03:39:24.716+0000][1][safepoint    ] Application time: 1.0021735 seconds
[2019-12-09T03:39:24.797+0000][1][safepoint    ] Entering safepoint region: Cleanup
[2019-12-09T03:39:24.798+0000][1][safepoint    ] Leaving safepoint region
[2019-12-09T03:39:24.798+0000][1][safepoint    ] Total time for which application threads were stopped: 0.0819294 seconds, Stopping threads took: 0.0808031 seconds
[2019-12-09T03:39:25.607+0000][1][safepoint    ] Application time: 0.8094292 seconds
[2019-12-09T03:39:25.607+0000][1][safepoint    ] Entering safepoint region: RevokeBias
[2019-12-09T03:39:25.608+0000][1][safepoint    ] Leaving safepoint region
[2019-12-09T03:39:25.608+0000][1][safepoint    ] Total time for which application threads were stopped: 0.0001927 seconds, Stopping threads took: 0.0001113 seconds
[2019-12-09T03:39:26.264+0000][1][safepoint    ] Application time: 0.6566266 seconds
[2019-12-09T03:39:26.264+0000][1][safepoint    ] Entering safepoint region: Deoptimize
[2019-12-09T03:39:26.265+0000][1][safepoint    ] Leaving safepoint region
[2019-12-09T03:39:26.265+0000][1][safepoint    ] Total time for which application threads were stopped: 0.0007397 seconds, Stopping threads took: 0.0000164 seconds
[2019-12-09T03:39:27.266+0000][1][safepoint    ] Application time: 1.0007430 seconds
[2019-12-09T03:39:27.275+0000][1][safepoint    ] Entering safepoint region: Cleanup
[2019-12-09T03:39:27.275+0000][1][safepoint    ] Leaving safepoint region
[2019-12-09T03:39:27.275+0000][1][safepoint    ] Total time for which application threads were stopped: 0.0094016 seconds, Stopping threads took: 0.0093298 seconds
[2019-12-09T03:39:27.966+0000][1][safepoint    ] Application time: 0.6905463 seconds
[2019-12-09T03:39:27.966+0000][1][safepoint    ] Entering safepoint region: RevokeBias
[2019-12-09T03:39:27.966+0000][1][safepoint    ] Leaving safepoint region
[2019-12-09T03:39:27.966+0000][1][safepoint    ] Total time for which application threads were stopped: 0.0001239 seconds, Stopping threads took: 0.0000245 seconds
[2019-12-09T03:39:27.983+0000][1][safepoint    ] Application time: 0.0168672 seconds
[2019-12-09T03:39:27.983+0000][1][safepoint    ] Entering safepoint region: RevokeBias
[2019-12-09T03:39:27.983+0000][1][safepoint    ] Leaving safepoint region
[2019-12-09T03:39:27.983+0000][1][safepoint    ] Total time for which application threads were stopped: 0.0000848 seconds, Stopping threads took: 0.0000159 seconds
[2019-12-09T03:39:27.983+0000][1][safepoint    ] Application time: 0.0003056 seconds
[2019-12-09T03:39:27.983+0000][1][safepoint    ] Entering safepoint region: RevokeBias
[2019-12-09T03:39:27.983+0000][1][safepoint    ] Leaving safepoint region
[2019-12-09T03:39:27.983+0000][1][safepoint    ] Total time for which application threads were stopped: 0.0000588 seconds, Stopping threads took: 0.0000117 seconds
[2019-12-09T03:39:27.983+0000][1][safepoint    ] Application time: 0.0000633 seconds
[2019-12-09T03:39:27.983+0000][1][safepoint    ] Entering safepoint region: RevokeBias
[2019-12-09T03:39:27.983+0000][1][safepoint    ] Leaving safepoint region
[2019-12-09T03:39:27.983+0000][1][safepoint    ] Total time for which application threads were stopped: 0.0000418 seconds, Stopping threads took: 0.0000080 seconds
[2019-12-09T03:39:27.983+0000][1][safepoint    ] Application time: 0.0000551 seconds
[2019-12-09T03:39:27.983+0000][1][safepoint    ] Entering safepoint region: RevokeBias
[2019-12-09T03:39:27.983+0000][1][safepoint    ] Leaving safepoint region
[2019-12-09T03:39:27.983+0000][1][safepoint    ] Total time for which application threads were stopped: 0.0000381 seconds, Stopping threads took: 0.0000075 seconds
[2019-12-09T03:39:27.984+0000][1][safepoint    ] Application time: 0.0000920 seconds
[2019-12-09T03:39:27.984+0000][1][safepoint    ] Entering safepoint region: RevokeBias
[2019-12-09T03:39:27.984+0000][1][safepoint    ] Leaving safepoint region
[2019-12-09T03:39:27.984+0000][1][safepoint    ] Total time for which application threads were stopped: 0.0000395 seconds, Stopping threads took: 0.0000083 seconds
[2019-12-09T03:39:27.984+0000][1][safepoint    ] Application time: 0.0001244 seconds
[2019-12-09T03:39:27.984+0000][1][safepoint    ] Entering safepoint region: RevokeBias
[2019-12-09T03:39:27.984+0000][1][safepoint    ] Leaving safepoint region
[2019-12-09T03:39:27.984+0000][1][safepoint    ] Total time for which application threads were stopped: 0.0000395 seconds, Stopping threads took: 0.0000087 seconds
[2019-12-09T03:39:28.985+0000][1][safepoint    ] Application time: 1.0009269 seconds
[2019-12-09T03:39:29.024+0000][1][safepoint    ] Entering safepoint region: Cleanup
[2019-12-09T03:39:29.024+0000][1][safepoint    ] Leaving safepoint region
[2019-12-09T03:39:29.024+0000][1][safepoint    ] Total time for which application threads were stopped: 0.0390962 seconds, Stopping threads took: 0.0390044 seconds
[2019-12-09T03:39:29.681+0000][1][safepoint    ] Application time: 0.6568032 seconds
[2019-12-09T03:39:29.681+0000][1][safepoint    ] Entering safepoint region: RevokeBias
[2019-12-09T03:39:29.681+0000][1][safepoint    ] Leaving safepoint region
[2019-12-09T03:39:29.681+0000][1][safepoint    ] Total time for which application threads were stopped: 0.0000816 seconds, Stopping threads took: 0.0000146 seconds
[2019-12-09T03:39:29.811+0000][1][safepoint    ] Application time: 0.1298230 seconds
[2019-12-09T03:39:29.811+0000][1][safepoint    ] Entering safepoint region: GenCollectForAllocation
[2019-12-09T03:39:29.811+0000][1][gc,start     ] GC(22) Pause Young (Allocation Failure)
[2019-12-09T03:39:29.811+0000][1][gc,task      ] GC(22) Using 2 workers of 2 for evacuation
[2019-12-09T03:39:29.990+0000][1][gc,age       ] GC(22) Desired survivor size 4456448 bytes, new threshold 2 (max threshold 6)
[2019-12-09T03:39:29.990+0000][1][gc,age       ] GC(22) Age table with threshold 2 (max threshold 6)
[2019-12-09T03:39:29.990+0000][1][gc,age       ] GC(22) - age   1:    3638672 bytes,    3638672 total
[2019-12-09T03:39:29.990+0000][1][gc,age       ] GC(22) - age   2:    1522760 bytes,    5161432 total
[2019-12-09T03:39:29.990+0000][1][gc,age       ] GC(22) - age   3:    2746464 bytes,    7907896 total
[2019-12-09T03:39:29.990+0000][1][gc,heap      ] GC(22) ParNew: 76416K->8704K(78656K)
[2019-12-09T03:39:29.990+0000][1][gc,heap      ] GC(22) CMS: 60198K->60198K(174784K)
[2019-12-09T03:39:29.990+0000][1][gc,metaspace ] GC(22) Metaspace: 62936K->62936K(1105920K)
[2019-12-09T03:39:29.990+0000][1][gc           ] GC(22) Pause Young (Allocation Failure) 133M->67M(247M) 179.382ms
[2019-12-09T03:39:29.990+0000][1][gc,cpu       ] GC(22) User=0.06s Sys=0.00s Real=0.18s
[2019-12-09T03:39:29.990+0000][1][safepoint    ] Leaving safepoint region
[2019-12-09T03:39:29.990+0000][1][safepoint    ] Total time for which application threads were stopped: 0.1795502 seconds, Stopping threads took: 0.0000159 seconds
[2019-12-09T03:39:30.600+0000][1][safepoint    ] Application time: 0.6099929 seconds
[2019-12-09T03:39:30.601+0000][1][safepoint    ] Entering safepoint region: RevokeBias
[2019-12-09T03:39:30.601+0000][1][safepoint    ] Leaving safepoint region
[2019-12-09T03:39:30.601+0000][1][safepoint    ] Total time for which application threads were stopped: 0.0004978 seconds, Stopping threads took: 0.0003277 seconds
[2019-12-09T03:39:30.601+0000][1][safepoint    ] Application time: 0.0000785 seconds
[2019-12-09T03:39:30.601+0000][1][safepoint    ] Entering safepoint region: RevokeBias
[2019-12-09T03:39:30.601+0000][1][safepoint    ] Leaving safepoint region
[2019-12-09T03:39:30.601+0000][1][safepoint    ] Total time for which application threads were stopped: 0.0000876 seconds, Stopping threads took: 0.0000105 seconds
[2019-12-09T03:39:30.601+0000][1][safepoint    ] Application time: 0.0000439 seconds
[2019-12-09T03:39:30.601+0000][1][safepoint    ] Entering safepoint region: RevokeBias
[2019-12-09T03:39:30.601+0000][1][safepoint    ] Leaving safepoint region
[2019-12-09T03:39:30.601+0000][1][safepoint    ] Total time for which application threads were stopped: 0.0000629 seconds, Stopping threads took: 0.0000086 seconds
[2019-12-09T03:39:30.601+0000][1][safepoint    ] Application time: 0.0000422 seconds
[2019-12-09T03:39:30.601+0000][1][safepoint    ] Entering safepoint region: RevokeBias
[2019-12-09T03:39:30.601+0000][1][safepoint    ] Leaving safepoint region
[2019-12-09T03:39:30.601+0000][1][safepoint    ] Total time for which application threads were stopped: 0.0000599 seconds, Stopping threads took: 0.0000089 seconds
[2019-12-09T03:39:30.601+0000][1][safepoint    ] Application time: 0.0000399 seconds
[2019-12-09T03:39:30.601+0000][1][safepoint    ] Entering safepoint region: RevokeBias
[2019-12-09T03:39:30.601+0000][1][safepoint    ] Leaving safepoint region
[2019-12-09T03:39:30.601+0000][1][safepoint    ] Total time for which application threads were stopped: 0.0000601 seconds, Stopping threads took: 0.0000087 seconds
[2019-12-09T03:39:30.601+0000][1][safepoint    ] Application time: 0.0000426 seconds
[2019-12-09T03:39:30.601+0000][1][safepoint    ] Entering safepoint region: RevokeBias
[2019-12-09T03:39:30.601+0000][1][safepoint    ] Leaving safepoint region
[2019-12-09T03:39:30.601+0000][1][safepoint    ] Total time for which application threads were stopped: 0.0000581 seconds, Stopping threads took: 0.0000087 seconds
[2019-12-09T03:39:30.602+0000][1][safepoint    ] Application time: 0.0000411 seconds
[2019-12-09T03:39:30.602+0000][1][safepoint    ] Entering safepoint region: RevokeBias
[2019-12-09T03:39:30.602+0000][1][safepoint    ] Leaving safepoint region
[2019-12-09T03:39:30.602+0000][1][safepoint    ] Total time for which application threads were stopped: 0.0000654 seconds, Stopping threads took: 0.0000088 seconds
[2019-12-09T03:39:30.602+0000][1][safepoint    ] Application time: 0.0000498 seconds
[2019-12-09T03:39:30.602+0000][1][safepoint    ] Entering safepoint region: RevokeBias
[2019-12-09T03:39:30.602+0000][1][safepoint    ] Leaving safepoint region
[2019-12-09T03:39:30.602+0000][1][safepoint    ] Total time for which application threads were stopped: 0.0000981 seconds, Stopping threads took: 0.0000089 seconds
[2019-12-09T03:39:30.618+0000][1][safepoint    ] Application time: 0.0159450 seconds
[2019-12-09T03:39:30.618+0000][1][safepoint    ] Entering safepoint region: Deoptimize
[2019-12-09T03:39:30.618+0000][1][safepoint    ] Leaving safepoint region
[2019-12-09T03:39:30.618+0000][1][safepoint    ] Total time for which application threads were stopped: 0.0006172 seconds, Stopping threads took: 0.0000141 seconds
[2019-12-09T03:39:30.719+0000][1][safepoint    ] Application time: 0.1003644 seconds
[2019-12-09T03:39:30.719+0000][1][safepoint    ] Entering safepoint region: RevokeBias
[2019-12-09T03:39:30.719+0000][1][safepoint    ] Leaving safepoint region
[2019-12-09T03:39:30.719+0000][1][safepoint    ] Total time for which application threads were stopped: 0.0001071 seconds, Stopping threads took: 0.0000181 seconds
[2019-12-09T03:39:30.719+0000][1][safepoint    ] Application time: 0.0005662 seconds
[2019-12-09T03:39:30.719+0000][1][safepoint    ] Entering safepoint region: BulkRevokeBias
[2019-12-09T03:39:30.720+0000][1][safepoint    ] Leaving safepoint region
[2019-12-09T03:39:30.720+0000][1][safepoint    ] Total time for which application threads were stopped: 0.0001908 seconds, Stopping threads took: 0.0000122 seconds
[2019-12-09T03:39:30.721+0000][1][safepoint    ] Application time: 0.0008435 seconds
[2019-12-09T03:39:30.721+0000][1][safepoint    ] Entering safepoint region: RevokeBias
[2019-12-09T03:39:30.721+0000][1][safepoint    ] Leaving safepoint region
[2019-12-09T03:39:30.721+0000][1][safepoint    ] Total time for which application threads were stopped: 0.0000631 seconds, Stopping threads took: 0.0000109 seconds
[2019-12-09T03:39:30.735+0000][1][safepoint    ] Application time: 0.0146945 seconds
[2019-12-09T03:39:30.735+0000][1][safepoint    ] Entering safepoint region: RevokeBias
[2019-12-09T03:39:30.735+0000][1][safepoint    ] Leaving safepoint region
[2019-12-09T03:39:30.735+0000][1][safepoint    ] Total time for which application threads were stopped: 0.0000852 seconds, Stopping threads took: 0.0000129 seconds
[2019-12-09T03:39:30.735+0000][1][safepoint    ] Application time: 0.0000699 seconds
[2019-12-09T03:39:30.736+0000][1][safepoint    ] Entering safepoint region: RevokeBias
[2019-12-09T03:39:30.736+0000][1][safepoint    ] Leaving safepoint region
[2019-12-09T03:39:30.736+0000][1][safepoint    ] Total time for which application threads were stopped: 0.0000562 seconds, Stopping threads took: 0.0000092 seconds
[2019-12-09T03:39:30.736+0000][1][safepoint    ] Application time: 0.0001289 seconds
[2019-12-09T03:39:30.736+0000][1][safepoint    ] Entering safepoint region: RevokeBias
[2019-12-09T03:39:30.736+0000][1][safepoint    ] Leaving safepoint region
[2019-12-09T03:39:30.736+0000][1][safepoint    ] Total time for which application threads were stopped: 0.0000598 seconds, Stopping threads took: 0.0000094 seconds
[2019-12-09T03:39:30.736+0000][1][safepoint    ] Application time: 0.0003286 seconds
[2019-12-09T03:39:30.736+0000][1][safepoint    ] Entering safepoint region: RevokeBias
[2019-12-09T03:39:30.736+0000][1][safepoint    ] Leaving safepoint region
[2019-12-09T03:39:30.736+0000][1][safepoint    ] Total time for which application threads were stopped: 0.0000589 seconds, Stopping threads took: 0.0000111 seconds
[2019-12-09T03:39:30.736+0000][1][safepoint    ] Application time: 0.0002192 seconds
[2019-12-09T03:39:30.736+0000][1][safepoint    ] Entering safepoint region: RevokeBias
[2019-12-09T03:39:30.736+0000][1][safepoint    ] Leaving safepoint region
[2019-12-09T03:39:30.736+0000][1][safepoint    ] Total time for which application threads were stopped: 0.0000580 seconds, Stopping threads took: 0.0000100 seconds
[2019-12-09T03:39:30.737+0000][1][safepoint    ] Application time: 0.0000601 seconds
[2019-12-09T03:39:30.737+0000][1][safepoint    ] Entering safepoint region: RevokeBias
[2019-12-09T03:39:30.737+0000][1][safepoint    ] Leaving safepoint region
[2019-12-09T03:39:30.737+0000][1][safepoint    ] Total time for which application threads were stopped: 0.0000501 seconds, Stopping threads took: 0.0000091 seconds
[2019-12-09T03:39:30.737+0000][1][safepoint    ] Application time: 0.0001248 seconds
[2019-12-09T03:39:30.737+0000][1][safepoint    ] Entering safepoint region: RevokeBias
[2019-12-09T03:39:30.737+0000][1][safepoint    ] Leaving safepoint region
[2019-12-09T03:39:30.737+0000][1][safepoint    ] Total time for which application threads were stopped: 0.0000523 seconds, Stopping threads took: 0.0000101 seconds
[2019-12-09T03:39:30.737+0000][1][safepoint    ] Application time: 0.0006224 seconds
[2019-12-09T03:39:30.737+0000][1][safepoint    ] Entering safepoint region: RevokeBias
[2019-12-09T03:39:30.738+0000][1][safepoint    ] Leaving safepoint region
[2019-12-09T03:39:30.738+0000][1][safepoint    ] Total time for which application threads were stopped: 0.0000617 seconds, Stopping threads took: 0.0000116 seconds
[2019-12-09T03:39:30.747+0000][1][safepoint    ] Application time: 0.0094608 seconds
[2019-12-09T03:39:30.747+0000][1][safepoint    ] Entering safepoint region: RevokeBias
[2019-12-09T03:39:30.747+0000][1][safepoint    ] Leaving safepoint region
[2019-12-09T03:39:30.747+0000][1][safepoint    ] Total time for which application threads were stopped: 0.0000702 seconds, Stopping threads took: 0.0000117 seconds
[2019-12-09T03:39:30.785+0000][1][safepoint    ] Application time: 0.0377916 seconds
[2019-12-09T03:39:30.785+0000][1][safepoint    ] Entering safepoint region: RevokeBias
[2019-12-09T03:39:30.785+0000][1][safepoint    ] Leaving safepoint region
[2019-12-09T03:39:30.785+0000][1][safepoint    ] Total time for which application threads were stopped: 0.0001003 seconds, Stopping threads took: 0.0000164 seconds
[2019-12-09T03:39:30.787+0000][1][safepoint    ] Application time: 0.0015894 seconds
[2019-12-09T03:39:30.787+0000][1][safepoint    ] Entering safepoint region: RevokeBias
[2019-12-09T03:39:30.787+0000][1][safepoint    ] Leaving safepoint region
[2019-12-09T03:39:30.787+0000][1][safepoint    ] Total time for which application threads were stopped: 0.0000945 seconds, Stopping threads took: 0.0000132 seconds
[2019-12-09T03:39:30.787+0000][1][safepoint    ] Application time: 0.0004669 seconds
[2019-12-09T03:39:30.787+0000][1][safepoint    ] Entering safepoint region: RevokeBias
[2019-12-09T03:39:30.787+0000][1][safepoint    ] Leaving safepoint region
[2019-12-09T03:39:30.787+0000][1][safepoint    ] Total time for which application threads were stopped: 0.0000610 seconds, Stopping threads took: 0.0000094 seconds
[2019-12-09T03:39:30.787+0000][1][safepoint    ] Application time: 0.0001675 seconds
[2019-12-09T03:39:30.787+0000][1][safepoint    ] Entering safepoint region: RevokeBias
[2019-12-09T03:39:30.788+0000][1][safepoint    ] Leaving safepoint region
[2019-12-09T03:39:30.788+0000][1][safepoint    ] Total time for which application threads were stopped: 0.0000512 seconds, Stopping threads took: 0.0000088 seconds
[2019-12-09T03:39:30.807+0000][1][safepoint    ] Application time: 0.0191613 seconds
[2019-12-09T03:39:30.807+0000][1][safepoint    ] Entering safepoint region: Deoptimize
[2019-12-09T03:39:30.807+0000][1][safepoint    ] Leaving safepoint region
[2019-12-09T03:39:30.807+0000][1][safepoint    ] Total time for which application threads were stopped: 0.0006316 seconds, Stopping threads took: 0.0000124 seconds
[2019-12-09T03:39:30.808+0000][1][safepoint    ] Application time: 0.0008244 seconds
[2019-12-09T03:39:30.808+0000][1][safepoint    ] Entering safepoint region: RevokeBias
[2019-12-09T03:39:30.808+0000][1][safepoint    ] Leaving safepoint region
[2019-12-09T03:39:30.808+0000][1][safepoint    ] Total time for which application threads were stopped: 0.0000485 seconds, Stopping threads took: 0.0000120 seconds
[2019-12-09T03:39:31.243+0000][1][safepoint    ] Application time: 0.4350071 seconds
[2019-12-09T03:39:31.244+0000][1][safepoint    ] Entering safepoint region: RevokeBias
[2019-12-09T03:39:31.244+0000][1][safepoint    ] Leaving safepoint region
[2019-12-09T03:39:31.244+0000][1][safepoint    ] Total time for which application threads were stopped: 0.0004003 seconds, Stopping threads took: 0.0002178 seconds
[2019-12-09T03:39:31.244+0000][1][safepoint    ] Application time: 0.0003878 seconds
[2019-12-09T03:39:31.244+0000][1][safepoint    ] Entering safepoint region: RevokeBias
[2019-12-09T03:39:31.244+0000][1][safepoint    ] Leaving safepoint region
[2019-12-09T03:39:31.244+0000][1][safepoint    ] Total time for which application threads were stopped: 0.0000580 seconds, Stopping threads took: 0.0000111 seconds
[2019-12-09T03:39:31.288+0000][1][safepoint    ] Application time: 0.0436302 seconds
[2019-12-09T03:39:31.321+0000][1][safepoint    ] Entering safepoint region: RevokeBias
[2019-12-09T03:39:31.321+0000][1][safepoint    ] Leaving safepoint region
[2019-12-09T03:39:31.321+0000][1][safepoint    ] Total time for which application threads were stopped: 0.0333843 seconds, Stopping threads took: 0.0331046 seconds
[2019-12-09T03:39:31.322+0000][1][safepoint    ] Application time: 0.0003415 seconds
[2019-12-09T03:39:31.322+0000][1][safepoint    ] Entering safepoint region: RevokeBias
[2019-12-09T03:39:31.322+0000][1][safepoint    ] Leaving safepoint region
[2019-12-09T03:39:31.322+0000][1][safepoint    ] Total time for which application threads were stopped: 0.0001159 seconds, Stopping threads took: 0.0000133 seconds
[2019-12-09T03:39:31.322+0000][1][safepoint    ] Application time: 0.0000734 seconds
[2019-12-09T03:39:31.322+0000][1][safepoint    ] Entering safepoint region: RevokeBias
[2019-12-09T03:39:31.322+0000][1][safepoint    ] Leaving safepoint region
[2019-12-09T03:39:31.322+0000][1][safepoint    ] Total time for which application threads were stopped: 0.0000667 seconds, Stopping threads took: 0.0000095 seconds
[2019-12-09T03:39:31.322+0000][1][safepoint    ] Application time: 0.0003355 seconds
[2019-12-09T03:39:31.322+0000][1][safepoint    ] Entering safepoint region: RevokeBias
[2019-12-09T03:39:31.322+0000][1][safepoint    ] Leaving safepoint region
[2019-12-09T03:39:31.322+0000][1][safepoint    ] Total time for which application threads were stopped: 0.0000906 seconds, Stopping threads took: 0.0000135 seconds
[2019-12-09T03:39:31.322+0000][1][safepoint    ] Application time: 0.0000700 seconds
[2019-12-09T03:39:31.322+0000][1][safepoint    ] Entering safepoint region: RevokeBias
[2019-12-09T03:39:31.323+0000][1][safepoint    ] Leaving safepoint region
[2019-12-09T03:39:31.323+0000][1][safepoint    ] Total time for which application threads were stopped: 0.0000690 seconds, Stopping threads took: 0.0000082 seconds
[2019-12-09T03:39:31.324+0000][1][safepoint    ] Application time: 0.0012226 seconds
[2019-12-09T03:39:31.324+0000][1][safepoint    ] Entering safepoint region: RevokeBias
[2019-12-09T03:39:31.324+0000][1][safepoint    ] Leaving safepoint region
[2019-12-09T03:39:31.324+0000][1][safepoint    ] Total time for which application threads were stopped: 0.0000931 seconds, Stopping threads took: 0.0000496 seconds
[2019-12-09T03:39:31.352+0000][1][safepoint    ] Application time: 0.0278766 seconds
[2019-12-09T03:39:31.352+0000][1][safepoint    ] Entering safepoint region: RevokeBias
[2019-12-09T03:39:31.352+0000][1][safepoint    ] Leaving safepoint region
[2019-12-09T03:39:31.352+0000][1][safepoint    ] Total time for which application threads were stopped: 0.0001218 seconds, Stopping threads took: 0.0000572 seconds
[2019-12-09T03:39:31.355+0000][1][safepoint    ] Application time: 0.0029324 seconds
[2019-12-09T03:39:31.355+0000][1][safepoint    ] Entering safepoint region: RevokeBias
[2019-12-09T03:39:31.355+0000][1][safepoint    ] Leaving safepoint region
[2019-12-09T03:39:31.355+0000][1][safepoint    ] Total time for which application threads were stopped: 0.0002574 seconds, Stopping threads took: 0.0001986 seconds
[2019-12-09T03:39:31.365+0000][1][safepoint    ] Application time: 0.0096643 seconds
[2019-12-09T03:39:31.365+0000][1][safepoint    ] Entering safepoint region: RevokeBias
[2019-12-09T03:39:31.365+0000][1][safepoint    ] Leaving safepoint region
[2019-12-09T03:39:31.365+0000][1][safepoint    ] Total time for which application threads were stopped: 0.0001179 seconds, Stopping threads took: 0.0000715 seconds
[2019-12-09T03:39:31.375+0000][1][safepoint    ] Application time: 0.0105271 seconds
[2019-12-09T03:39:31.376+0000][1][safepoint    ] Entering safepoint region: RevokeBias
[2019-12-09T03:39:31.376+0000][1][safepoint    ] Leaving safepoint region
[2019-12-09T03:39:31.376+0000][1][safepoint    ] Total time for which application threads were stopped: 0.0001476 seconds, Stopping threads took: 0.0000659 seconds
[2019-12-09T03:39:31.436+0000][1][safepoint    ] Application time: 0.0599449 seconds
[2019-12-09T03:39:31.472+0000][1][safepoint    ] Entering safepoint region: RevokeBias
[2019-12-09T03:39:31.472+0000][1][safepoint    ] Leaving safepoint region
[2019-12-09T03:39:31.472+0000][1][safepoint    ] Total time for which application threads were stopped: 0.0363330 seconds, Stopping threads took: 0.0362423 seconds
[2019-12-09T03:39:31.472+0000][1][safepoint    ] Application time: 0.0004231 seconds
[2019-12-09T03:39:31.472+0000][1][safepoint    ] Entering safepoint region: RevokeBias
[2019-12-09T03:39:31.473+0000][1][safepoint    ] Leaving safepoint region
[2019-12-09T03:39:31.473+0000][1][safepoint    ] Total time for which application threads were stopped: 0.0001203 seconds, Stopping threads took: 0.0000146 seconds
[2019-12-09T03:39:31.473+0000][1][safepoint    ] Application time: 0.0001502 seconds
[2019-12-09T03:39:31.473+0000][1][safepoint    ] Entering safepoint region: RevokeBias
[2019-12-09T03:39:31.473+0000][1][safepoint    ] Leaving safepoint region
[2019-12-09T03:39:31.473+0000][1][safepoint    ] Total time for which application threads were stopped: 0.0000967 seconds, Stopping threads took: 0.0000110 seconds
[2019-12-09T03:39:31.473+0000][1][safepoint    ] Application time: 0.0004915 seconds
[2019-12-09T03:39:31.473+0000][1][safepoint    ] Entering safepoint region: RevokeBias
[2019-12-09T03:39:31.473+0000][1][safepoint    ] Leaving safepoint region
[2019-12-09T03:39:31.473+0000][1][safepoint    ] Total time for which application threads were stopped: 0.0000653 seconds, Stopping threads took: 0.0000120 seconds
[2019-12-09T03:39:31.473+0000][1][safepoint    ] Application time: 0.0000476 seconds
[2019-12-09T03:39:31.473+0000][1][safepoint    ] Entering safepoint region: RevokeBias
[2019-12-09T03:39:31.474+0000][1][safepoint    ] Leaving safepoint region
[2019-12-09T03:39:31.474+0000][1][safepoint    ] Total time for which application threads were stopped: 0.0000494 seconds, Stopping threads took: 0.0000083 seconds
[2019-12-09T03:39:31.479+0000][1][safepoint    ] Application time: 0.0051083 seconds
[2019-12-09T03:39:31.525+0000][1][safepoint    ] Entering safepoint region: RevokeBias
[2019-12-09T03:39:31.525+0000][1][safepoint    ] Leaving safepoint region
[2019-12-09T03:39:31.525+0000][1][safepoint    ] Total time for which application threads were stopped: 0.0462266 seconds, Stopping threads took: 0.0460625 seconds
[2019-12-09T03:39:31.532+0000][1][safepoint    ] Application time: 0.0066123 seconds
[2019-12-09T03:39:31.532+0000][1][safepoint    ] Entering safepoint region: RevokeBias
[2019-12-09T03:39:31.532+0000][1][safepoint    ] Leaving safepoint region
[2019-12-09T03:39:31.532+0000][1][safepoint    ] Total time for which application threads were stopped: 0.0001079 seconds, Stopping threads took: 0.0000159 seconds
[2019-12-09T03:39:31.563+0000][1][safepoint    ] Application time: 0.0310336 seconds
[2019-12-09T03:39:31.563+0000][1][safepoint    ] Entering safepoint region: RevokeBias
[2019-12-09T03:39:31.563+0000][1][safepoint    ] Leaving safepoint region
[2019-12-09T03:39:31.563+0000][1][safepoint    ] Total time for which application threads were stopped: 0.0003044 seconds, Stopping threads took: 0.0002249 seconds
[2019-12-09T03:39:31.616+0000][1][safepoint    ] Application time: 0.0533824 seconds
[2019-12-09T03:39:31.630+0000][1][safepoint    ] Entering safepoint region: RevokeBias
[2019-12-09T03:39:31.630+0000][1][safepoint    ] Leaving safepoint region
[2019-12-09T03:39:31.630+0000][1][safepoint    ] Total time for which application threads were stopped: 0.0135971 seconds, Stopping threads took: 0.0134580 seconds
[2019-12-09T03:39:31.631+0000][1][safepoint    ] Application time: 0.0008459 seconds
[2019-12-09T03:39:31.650+0000][1][safepoint    ] Entering safepoint region: RevokeBias
[2019-12-09T03:39:31.650+0000][1][safepoint    ] Leaving safepoint region
[2019-12-09T03:39:31.650+0000][1][safepoint    ] Total time for which application threads were stopped: 0.0189278 seconds, Stopping threads took: 0.0188143 seconds
[2019-12-09T03:39:31.653+0000][1][safepoint    ] Application time: 0.0029215 seconds
[2019-12-09T03:39:31.653+0000][1][safepoint    ] Entering safepoint region: RevokeBias
[2019-12-09T03:39:31.653+0000][1][safepoint    ] Leaving safepoint region
[2019-12-09T03:39:31.653+0000][1][safepoint    ] Total time for which application threads were stopped: 0.0000926 seconds, Stopping threads took: 0.0000157 seconds
[2019-12-09T03:39:31.654+0000][1][safepoint    ] Application time: 0.0014827 seconds
[2019-12-09T03:39:31.654+0000][1][safepoint    ] Entering safepoint region: RevokeBias
[2019-12-09T03:39:31.655+0000][1][safepoint    ] Leaving safepoint region
[2019-12-09T03:39:31.655+0000][1][safepoint    ] Total time for which application threads were stopped: 0.0000702 seconds, Stopping threads took: 0.0000118 seconds
[2019-12-09T03:39:31.655+0000][1][safepoint    ] Application time: 0.0000746 seconds
[2019-12-09T03:39:31.655+0000][1][safepoint    ] Entering safepoint region: RevokeBias
[2019-12-09T03:39:31.655+0000][1][safepoint    ] Leaving safepoint region
[2019-12-09T03:39:31.655+0000][1][safepoint    ] Total time for which application threads were stopped: 0.0000444 seconds, Stopping threads took: 0.0000070 seconds
[2019-12-09T03:39:31.655+0000][1][safepoint    ] Application time: 0.0001197 seconds
[2019-12-09T03:39:31.655+0000][1][safepoint    ] Entering safepoint region: RevokeBias
[2019-12-09T03:39:31.655+0000][1][safepoint    ] Leaving safepoint region
[2019-12-09T03:39:31.655+0000][1][safepoint    ] Total time for which application threads were stopped: 0.0000587 seconds, Stopping threads took: 0.0000091 seconds
[2019-12-09T03:39:31.655+0000][1][safepoint    ] Application time: 0.0001289 seconds
[2019-12-09T03:39:31.655+0000][1][safepoint    ] Entering safepoint region: RevokeBias
[2019-12-09T03:39:31.655+0000][1][safepoint    ] Leaving safepoint region
[2019-12-09T03:39:31.655+0000][1][safepoint    ] Total time for which application threads were stopped: 0.0000679 seconds, Stopping threads took: 0.0000095 seconds
[2019-12-09T03:39:31.655+0000][1][safepoint    ] Application time: 0.0001870 seconds
[2019-12-09T03:39:31.655+0000][1][safepoint    ] Entering safepoint region: RevokeBias
[2019-12-09T03:39:31.655+0000][1][safepoint    ] Leaving safepoint region
[2019-12-09T03:39:31.655+0000][1][safepoint    ] Total time for which application threads were stopped: 0.0000586 seconds, Stopping threads took: 0.0000090 seconds
[2019-12-09T03:39:31.655+0000][1][safepoint    ] Application time: 0.0000868 seconds
[2019-12-09T03:39:31.655+0000][1][safepoint    ] Entering safepoint region: RevokeBias
[2019-12-09T03:39:31.655+0000][1][safepoint    ] Leaving safepoint region
[2019-12-09T03:39:31.655+0000][1][safepoint    ] Total time for which application threads were stopped: 0.0000491 seconds, Stopping threads took: 0.0000080 seconds
[2019-12-09T03:39:31.656+0000][1][safepoint    ] Application time: 0.0000691 seconds
[2019-12-09T03:39:31.656+0000][1][safepoint    ] Entering safepoint region: RevokeBias
[2019-12-09T03:39:31.656+0000][1][safepoint    ] Leaving safepoint region
[2019-12-09T03:39:31.656+0000][1][safepoint    ] Total time for which application threads were stopped: 0.0000482 seconds, Stopping threads took: 0.0000083 seconds
[2019-12-09T03:39:31.718+0000][1][safepoint    ] Application time: 0.0625458 seconds
[2019-12-09T03:39:31.718+0000][1][safepoint    ] Entering safepoint region: RevokeBias
[2019-12-09T03:39:31.718+0000][1][safepoint    ] Leaving safepoint region
[2019-12-09T03:39:31.718+0000][1][safepoint    ] Total time for which application threads were stopped: 0.0001162 seconds, Stopping threads took: 0.0000178 seconds
[2019-12-09T03:39:31.718+0000][1][safepoint    ] Application time: 0.0001033 seconds
[2019-12-09T03:39:31.718+0000][1][safepoint    ] Entering safepoint region: RevokeBias
[2019-12-09T03:39:31.719+0000][1][safepoint    ] Leaving safepoint region
[2019-12-09T03:39:31.719+0000][1][safepoint    ] Total time for which application threads were stopped: 0.0000637 seconds, Stopping threads took: 0.0000098 seconds
[2019-12-09T03:39:31.719+0000][1][safepoint    ] Application time: 0.0000601 seconds
[2019-12-09T03:39:31.719+0000][1][safepoint    ] Entering safepoint region: RevokeBias
[2019-12-09T03:39:31.719+0000][1][safepoint    ] Leaving safepoint region
[2019-12-09T03:39:31.719+0000][1][safepoint    ] Total time for which application threads were stopped: 0.0000455 seconds, Stopping threads took: 0.0000070 seconds
[2019-12-09T03:39:31.719+0000][1][safepoint    ] Application time: 0.0000841 seconds
[2019-12-09T03:39:31.719+0000][1][safepoint    ] Entering safepoint region: RevokeBias
[2019-12-09T03:39:31.719+0000][1][safepoint    ] Leaving safepoint region
[2019-12-09T03:39:31.719+0000][1][safepoint    ] Total time for which application threads were stopped: 0.0001201 seconds, Stopping threads took: 0.0000091 seconds
[2019-12-09T03:39:31.719+0000][1][safepoint    ] Application time: 0.0000636 seconds
[2019-12-09T03:39:31.719+0000][1][safepoint    ] Entering safepoint region: RevokeBias
[2019-12-09T03:39:31.719+0000][1][safepoint    ] Leaving safepoint region
[2019-12-09T03:39:31.719+0000][1][safepoint    ] Total time for which application threads were stopped: 0.0000657 seconds, Stopping threads took: 0.0000089 seconds
[2019-12-09T03:39:31.722+0000][1][safepoint    ] Application time: 0.0030534 seconds
[2019-12-09T03:39:31.722+0000][1][safepoint    ] Entering safepoint region: RevokeBias
[2019-12-09T03:39:31.722+0000][1][safepoint    ] Leaving safepoint region
[2019-12-09T03:39:31.722+0000][1][safepoint    ] Total time for which application threads were stopped: 0.0001130 seconds, Stopping threads took: 0.0000153 seconds
[2019-12-09T03:39:31.723+0000][1][safepoint    ] Application time: 0.0005567 seconds
[2019-12-09T03:39:31.723+0000][1][safepoint    ] Entering safepoint region: RevokeBias
[2019-12-09T03:39:31.723+0000][1][safepoint    ] Leaving safepoint region
[2019-12-09T03:39:31.723+0000][1][safepoint    ] Total time for which application threads were stopped: 0.0000796 seconds, Stopping threads took: 0.0000135 seconds
[2019-12-09T03:39:31.723+0000][1][safepoint    ] Application time: 0.0000628 seconds
[2019-12-09T03:39:31.723+0000][1][safepoint    ] Entering safepoint region: RevokeBias
[2019-12-09T03:39:31.723+0000][1][safepoint    ] Leaving safepoint region
[2019-12-09T03:39:31.723+0000][1][safepoint    ] Total time for which application threads were stopped: 0.0000587 seconds, Stopping threads took: 0.0000081 seconds
[2019-12-09T03:39:31.727+0000][1][safepoint    ] Application time: 0.0039090 seconds
[2019-12-09T03:39:31.727+0000][1][safepoint    ] Entering safepoint region: RevokeBias
[2019-12-09T03:39:31.727+0000][1][safepoint    ] Leaving safepoint region
[2019-12-09T03:39:31.727+0000][1][safepoint    ] Total time for which application threads were stopped: 0.0001293 seconds, Stopping threads took: 0.0000716 seconds
[2019-12-09T03:39:31.727+0000][1][safepoint    ] Application time: 0.0002448 seconds
[2019-12-09T03:39:31.727+0000][1][safepoint    ] Entering safepoint region: RevokeBias
[2019-12-09T03:39:31.727+0000][1][safepoint    ] Leaving safepoint region
[2019-12-09T03:39:31.727+0000][1][safepoint    ] Total time for which application threads were stopped: 0.0000631 seconds, Stopping threads took: 0.0000111 seconds
[2019-12-09T03:39:31.727+0000][1][safepoint    ] Application time: 0.0000617 seconds
[2019-12-09T03:39:31.727+0000][1][safepoint    ] Entering safepoint region: RevokeBias
[2019-12-09T03:39:31.728+0000][1][safepoint    ] Leaving safepoint region
[2019-12-09T03:39:31.728+0000][1][safepoint    ] Total time for which application threads were stopped: 0.0000522 seconds, Stopping threads took: 0.0000089 seconds
[2019-12-09T03:39:31.761+0000][1][safepoint    ] Application time: 0.0336434 seconds
[2019-12-09T03:39:31.761+0000][1][safepoint    ] Entering safepoint region: RevokeBias
[2019-12-09T03:39:31.761+0000][1][safepoint    ] Leaving safepoint region
[2019-12-09T03:39:31.761+0000][1][safepoint    ] Total time for which application threads were stopped: 0.0000853 seconds, Stopping threads took: 0.0000168 seconds
[2019-12-09T03:39:31.767+0000][1][safepoint    ] Application time: 0.0053913 seconds
[2019-12-09T03:39:31.767+0000][1][safepoint    ] Entering safepoint region: BulkRevokeBias
[2019-12-09T03:39:31.767+0000][1][safepoint    ] Leaving safepoint region
[2019-12-09T03:39:31.767+0000][1][safepoint    ] Total time for which application threads were stopped: 0.0003679 seconds, Stopping threads took: 0.0000162 seconds
[2019-12-09T03:39:31.767+0000][1][safepoint    ] Application time: 0.0001057 seconds
[2019-12-09T03:39:31.767+0000][1][safepoint    ] Entering safepoint region: RevokeBias
[2019-12-09T03:39:31.767+0000][1][safepoint    ] Leaving safepoint region
[2019-12-09T03:39:31.767+0000][1][safepoint    ] Total time for which application threads were stopped: 0.0000617 seconds, Stopping threads took: 0.0000105 seconds
[2019-12-09T03:39:31.769+0000][1][safepoint    ] Application time: 0.0012036 seconds
[2019-12-09T03:39:31.769+0000][1][safepoint    ] Entering safepoint region: RevokeBias
[2019-12-09T03:39:31.769+0000][1][safepoint    ] Leaving safepoint region
[2019-12-09T03:39:31.769+0000][1][safepoint    ] Total time for which application threads were stopped: 0.0000763 seconds, Stopping threads took: 0.0000134 seconds
[2019-12-09T03:39:31.769+0000][1][safepoint    ] Application time: 0.0003884 seconds
[2019-12-09T03:39:31.769+0000][1][safepoint    ] Entering safepoint region: RevokeBias
[2019-12-09T03:39:31.769+0000][1][safepoint    ] Leaving safepoint region
[2019-12-09T03:39:31.769+0000][1][safepoint    ] Total time for which application threads were stopped: 0.0000832 seconds, Stopping threads took: 0.0000126 seconds
[2019-12-09T03:39:31.769+0000][1][safepoint    ] Application time: 0.0001617 seconds
[2019-12-09T03:39:31.769+0000][1][safepoint    ] Entering safepoint region: RevokeBias
[2019-12-09T03:39:31.769+0000][1][safepoint    ] Leaving safepoint region
[2019-12-09T03:39:31.769+0000][1][safepoint    ] Total time for which application threads were stopped: 0.0000568 seconds, Stopping threads took: 0.0000082 seconds
[2019-12-09T03:39:31.769+0000][1][safepoint    ] Application time: 0.0001052 seconds
[2019-12-09T03:39:31.769+0000][1][safepoint    ] Entering safepoint region: RevokeBias
[2019-12-09T03:39:31.770+0000][1][safepoint    ] Leaving safepoint region
[2019-12-09T03:39:31.770+0000][1][safepoint    ] Total time for which application threads were stopped: 0.0000532 seconds, Stopping threads took: 0.0000091 seconds
[2019-12-09T03:39:31.770+0000][1][safepoint    ] Application time: 0.0000671 seconds
[2019-12-09T03:39:31.770+0000][1][safepoint    ] Entering safepoint region: RevokeBias
[2019-12-09T03:39:31.770+0000][1][safepoint    ] Leaving safepoint region
[2019-12-09T03:39:31.770+0000][1][safepoint    ] Total time for which application threads were stopped: 0.0000918 seconds, Stopping threads took: 0.0000090 seconds
[2019-12-09T03:39:31.770+0000][1][safepoint    ] Application time: 0.0001098 seconds
[2019-12-09T03:39:31.770+0000][1][safepoint    ] Entering safepoint region: RevokeBias
[2019-12-09T03:39:31.770+0000][1][safepoint    ] Leaving safepoint region
[2019-12-09T03:39:31.770+0000][1][safepoint    ] Total time for which application threads were stopped: 0.0000534 seconds, Stopping threads took: 0.0000093 seconds
[2019-12-09T03:39:31.770+0000][1][safepoint    ] Application time: 0.0000773 seconds
[2019-12-09T03:39:31.770+0000][1][safepoint    ] Entering safepoint region: RevokeBias
[2019-12-09T03:39:31.770+0000][1][safepoint    ] Leaving safepoint region
[2019-12-09T03:39:31.770+0000][1][safepoint    ] Total time for which application threads were stopped: 0.0000527 seconds, Stopping threads took: 0.0000087 seconds
[2019-12-09T03:39:31.824+0000][1][safepoint    ] Application time: 0.0536701 seconds
[2019-12-09T03:39:31.824+0000][1][safepoint    ] Entering safepoint region: RevokeBias
[2019-12-09T03:39:31.824+0000][1][safepoint    ] Leaving safepoint region
[2019-12-09T03:39:31.824+0000][1][safepoint    ] Total time for which application threads were stopped: 0.0001154 seconds, Stopping threads took: 0.0000185 seconds
[2019-12-09T03:39:31.826+0000][1][safepoint    ] Application time: 0.0017698 seconds
[2019-12-09T03:39:31.826+0000][1][safepoint    ] Entering safepoint region: RevokeBias
[2019-12-09T03:39:31.826+0000][1][safepoint    ] Leaving safepoint region
[2019-12-09T03:39:31.826+0000][1][safepoint    ] Total time for which application threads were stopped: 0.0001130 seconds, Stopping threads took: 0.0000337 seconds
[2019-12-09T03:39:31.843+0000][1][safepoint    ] Application time: 0.0171873 seconds
[2019-12-09T03:39:31.843+0000][1][safepoint    ] Entering safepoint region: RevokeBias
[2019-12-09T03:39:31.843+0000][1][safepoint    ] Leaving safepoint region
[2019-12-09T03:39:31.843+0000][1][safepoint    ] Total time for which application threads were stopped: 0.0000954 seconds, Stopping threads took: 0.0000154 seconds
[2019-12-09T03:39:31.843+0000][1][safepoint    ] Application time: 0.0001856 seconds
[2019-12-09T03:39:31.843+0000][1][safepoint    ] Entering safepoint region: RevokeBias
[2019-12-09T03:39:31.843+0000][1][safepoint    ] Leaving safepoint region
[2019-12-09T03:39:31.843+0000][1][safepoint    ] Total time for which application threads were stopped: 0.0000758 seconds, Stopping threads took: 0.0000120 seconds
[2019-12-09T03:39:31.844+0000][1][safepoint    ] Application time: 0.0006510 seconds
[2019-12-09T03:39:31.844+0000][1][safepoint    ] Entering safepoint region: RevokeBias
[2019-12-09T03:39:31.844+0000][1][safepoint    ] Leaving safepoint region
[2019-12-09T03:39:31.844+0000][1][safepoint    ] Total time for which application threads were stopped: 0.0000744 seconds, Stopping threads took: 0.0000139 seconds
[2019-12-09T03:39:31.847+0000][1][safepoint    ] Application time: 0.0026041 seconds
[2019-12-09T03:39:31.847+0000][1][safepoint    ] Entering safepoint region: RevokeBias
[2019-12-09T03:39:31.847+0000][1][safepoint    ] Leaving safepoint region
[2019-12-09T03:39:31.847+0000][1][safepoint    ] Total time for which application threads were stopped: 0.0000724 seconds, Stopping threads took: 0.0000142 seconds
[2019-12-09T03:39:31.847+0000][1][safepoint    ] Application time: 0.0003683 seconds
[2019-12-09T03:39:31.847+0000][1][safepoint    ] Entering safepoint region: RevokeBias
[2019-12-09T03:39:31.847+0000][1][safepoint    ] Leaving safepoint region
[2019-12-09T03:39:31.847+0000][1][safepoint    ] Total time for which application threads were stopped: 0.0000625 seconds, Stopping threads took: 0.0000120 seconds
[2019-12-09T03:39:31.849+0000][1][safepoint    ] Application time: 0.0019103 seconds
[2019-12-09T03:39:31.849+0000][1][safepoint    ] Entering safepoint region: RevokeBias
[2019-12-09T03:39:31.849+0000][1][safepoint    ] Leaving safepoint region
[2019-12-09T03:39:31.849+0000][1][safepoint    ] Total time for which application threads were stopped: 0.0000665 seconds, Stopping threads took: 0.0000121 seconds
[2019-12-09T03:39:31.892+0000][1][safepoint    ] Application time: 0.0424338 seconds
[2019-12-09T03:39:31.937+0000][1][safepoint    ] Entering safepoint region: RevokeBias
[2019-12-09T03:39:31.937+0000][1][safepoint    ] Leaving safepoint region
[2019-12-09T03:39:31.937+0000][1][safepoint    ] Total time for which application threads were stopped: 0.0451331 seconds, Stopping threads took: 0.0450330 seconds
[2019-12-09T03:39:31.942+0000][1][safepoint    ] Application time: 0.0049729 seconds
[2019-12-09T03:39:31.942+0000][1][safepoint    ] Entering safepoint region: RevokeBias
[2019-12-09T03:39:31.942+0000][1][safepoint    ] Leaving safepoint region
[2019-12-09T03:39:31.942+0000][1][safepoint    ] Total time for which application threads were stopped: 0.0000937 seconds, Stopping threads took: 0.0000169 seconds
[2019-12-09T03:39:31.956+0000][1][safepoint    ] Application time: 0.0136944 seconds
[2019-12-09T03:39:31.956+0000][1][safepoint    ] Entering safepoint region: RevokeBias
[2019-12-09T03:39:31.956+0000][1][safepoint    ] Leaving safepoint region
[2019-12-09T03:39:31.956+0000][1][safepoint    ] Total time for which application threads were stopped: 0.0002291 seconds, Stopping threads took: 0.0001486 seconds
[2019-12-09T03:39:31.957+0000][1][safepoint    ] Application time: 0.0007836 seconds
[2019-12-09T03:39:31.957+0000][1][safepoint    ] Entering safepoint region: RevokeBias
[2019-12-09T03:39:31.957+0000][1][safepoint    ] Leaving safepoint region
[2019-12-09T03:39:31.957+0000][1][safepoint    ] Total time for which application threads were stopped: 0.0000855 seconds, Stopping threads took: 0.0000155 seconds
[2019-12-09T03:39:31.957+0000][1][safepoint    ] Application time: 0.0003912 seconds
[2019-12-09T03:39:31.957+0000][1][safepoint    ] Entering safepoint region: RevokeBias
[2019-12-09T03:39:31.957+0000][1][safepoint    ] Leaving safepoint region
[2019-12-09T03:39:31.957+0000][1][safepoint    ] Total time for which application threads were stopped: 0.0000865 seconds, Stopping threads took: 0.0000135 seconds
[2019-12-09T03:39:31.957+0000][1][safepoint    ] Application time: 0.0000488 seconds
[2019-12-09T03:39:31.957+0000][1][safepoint    ] Entering safepoint region: RevokeBias
[2019-12-09T03:39:31.957+0000][1][safepoint    ] Leaving safepoint region
[2019-12-09T03:39:31.957+0000][1][safepoint    ] Total time for which application threads were stopped: 0.0000562 seconds, Stopping threads took: 0.0000092 seconds
[2019-12-09T03:39:31.967+0000][1][safepoint    ] Application time: 0.0092026 seconds
[2019-12-09T03:39:31.967+0000][1][safepoint    ] Entering safepoint region: RevokeBias
[2019-12-09T03:39:31.967+0000][1][safepoint    ] Leaving safepoint region
[2019-12-09T03:39:31.967+0000][1][safepoint    ] Total time for which application threads were stopped: 0.0003608 seconds, Stopping threads took: 0.0002949 seconds
[2019-12-09T03:39:31.993+0000][1][safepoint    ] Application time: 0.0256237 seconds
[2019-12-09T03:39:32.008+0000][1][safepoint    ] Entering safepoint region: RevokeBias
[2019-12-09T03:39:32.008+0000][1][safepoint    ] Leaving safepoint region
[2019-12-09T03:39:32.008+0000][1][safepoint    ] Total time for which application threads were stopped: 0.0150964 seconds, Stopping threads took: 0.0150071 seconds
[2019-12-09T03:39:32.064+0000][1][safepoint    ] Application time: 0.0562665 seconds
[2019-12-09T03:39:32.096+0000][1][safepoint    ] Entering safepoint region: RevokeBias
[2019-12-09T03:39:32.096+0000][1][safepoint    ] Leaving safepoint region
[2019-12-09T03:39:32.096+0000][1][safepoint    ] Total time for which application threads were stopped: 0.0316895 seconds, Stopping threads took: 0.0315929 seconds
[2019-12-09T03:39:32.099+0000][1][safepoint    ] Application time: 0.0032564 seconds
[2019-12-09T03:39:32.109+0000][1][safepoint    ] Entering safepoint region: RevokeBias
[2019-12-09T03:39:32.109+0000][1][safepoint    ] Leaving safepoint region
[2019-12-09T03:39:32.109+0000][1][safepoint    ] Total time for which application threads were stopped: 0.0096838 seconds, Stopping threads took: 0.0095989 seconds
[2019-12-09T03:39:32.125+0000][1][safepoint    ] Application time: 0.0159888 seconds
[2019-12-09T03:39:32.125+0000][1][safepoint    ] Entering safepoint region: RevokeBias
[2019-12-09T03:39:32.125+0000][1][safepoint    ] Leaving safepoint region
[2019-12-09T03:39:32.125+0000][1][safepoint    ] Total time for which application threads were stopped: 0.0000915 seconds, Stopping threads took: 0.0000261 seconds
[2019-12-09T03:39:32.126+0000][1][safepoint    ] Application time: 0.0008934 seconds
[2019-12-09T03:39:32.126+0000][1][safepoint    ] Entering safepoint region: RevokeBias
[2019-12-09T03:39:32.126+0000][1][safepoint    ] Leaving safepoint region
[2019-12-09T03:39:32.126+0000][1][safepoint    ] Total time for which application threads were stopped: 0.0000745 seconds, Stopping threads took: 0.0000140 seconds
[2019-12-09T03:39:32.308+0000][1][safepoint    ] Application time: 0.1822129 seconds
[2019-12-09T03:39:32.315+0000][1][safepoint    ] Entering safepoint region: RevokeBias
[2019-12-09T03:39:32.316+0000][1][safepoint    ] Leaving safepoint region
[2019-12-09T03:39:32.316+0000][1][safepoint    ] Total time for which application threads were stopped: 0.0073719 seconds, Stopping threads took: 0.0072771 seconds
[2019-12-09T03:39:32.335+0000][1][safepoint    ] Application time: 0.0189773 seconds
[2019-12-09T03:39:32.335+0000][1][safepoint    ] Entering safepoint region: RevokeBias
[2019-12-09T03:39:32.335+0000][1][safepoint    ] Leaving safepoint region
[2019-12-09T03:39:32.335+0000][1][safepoint    ] Total time for which application threads were stopped: 0.0003609 seconds, Stopping threads took: 0.0002765 seconds
[2019-12-09T03:39:32.335+0000][1][safepoint    ] Application time: 0.0003184 seconds
[2019-12-09T03:39:32.335+0000][1][safepoint    ] Entering safepoint region: RevokeBias
[2019-12-09T03:39:32.335+0000][1][safepoint    ] Leaving safepoint region
[2019-12-09T03:39:32.335+0000][1][safepoint    ] Total time for which application threads were stopped: 0.0000802 seconds, Stopping threads took: 0.0000129 seconds
[2019-12-09T03:39:32.336+0000][1][safepoint    ] Application time: 0.0003485 seconds
[2019-12-09T03:39:32.336+0000][1][safepoint    ] Entering safepoint region: RevokeBias
[2019-12-09T03:39:32.336+0000][1][safepoint    ] Leaving safepoint region
[2019-12-09T03:39:32.336+0000][1][safepoint    ] Total time for which application threads were stopped: 0.0000720 seconds, Stopping threads took: 0.0000144 seconds
[2019-12-09T03:39:32.336+0000][1][safepoint    ] Application time: 0.0004270 seconds
[2019-12-09T03:39:32.336+0000][1][safepoint    ] Entering safepoint region: RevokeBias
[2019-12-09T03:39:32.336+0000][1][safepoint    ] Leaving safepoint region
[2019-12-09T03:39:32.336+0000][1][safepoint    ] Total time for which application threads were stopped: 0.0000711 seconds, Stopping threads took: 0.0000122 seconds
[2019-12-09T03:39:32.370+0000][1][safepoint    ] Application time: 0.0336782 seconds
[2019-12-09T03:39:32.370+0000][1][safepoint    ] Entering safepoint region: RevokeBias
[2019-12-09T03:39:32.370+0000][1][safepoint    ] Leaving safepoint region
[2019-12-09T03:39:32.370+0000][1][safepoint    ] Total time for which application threads were stopped: 0.0001001 seconds, Stopping threads took: 0.0000210 seconds
[2019-12-09T03:39:32.374+0000][1][safepoint    ] Application time: 0.0036054 seconds
[2019-12-09T03:39:32.374+0000][1][safepoint    ] Entering safepoint region: RevokeBias
[2019-12-09T03:39:32.374+0000][1][safepoint    ] Leaving safepoint region
[2019-12-09T03:39:32.374+0000][1][safepoint    ] Total time for which application threads were stopped: 0.0000915 seconds, Stopping threads took: 0.0000188 seconds
[2019-12-09T03:39:32.374+0000][1][safepoint    ] Application time: 0.0000505 seconds
[2019-12-09T03:39:32.374+0000][1][safepoint    ] Entering safepoint region: RevokeBias
[2019-12-09T03:39:32.374+0000][1][safepoint    ] Leaving safepoint region
[2019-12-09T03:39:32.374+0000][1][safepoint    ] Total time for which application threads were stopped: 0.0000481 seconds, Stopping threads took: 0.0000090 seconds
[2019-12-09T03:39:32.413+0000][1][safepoint    ] Application time: 0.0387147 seconds
[2019-12-09T03:39:32.413+0000][1][safepoint    ] Entering safepoint region: RevokeBias
[2019-12-09T03:39:32.413+0000][1][safepoint    ] Leaving safepoint region
[2019-12-09T03:39:32.413+0000][1][safepoint    ] Total time for which application threads were stopped: 0.0000980 seconds, Stopping threads took: 0.0000178 seconds
[2019-12-09T03:39:32.439+0000][1][safepoint    ] Application time: 0.0264829 seconds
[2019-12-09T03:39:32.439+0000][1][safepoint    ] Entering safepoint region: RevokeBias
[2019-12-09T03:39:32.439+0000][1][safepoint    ] Leaving safepoint region
[2019-12-09T03:39:32.439+0000][1][safepoint    ] Total time for which application threads were stopped: 0.0000763 seconds, Stopping threads took: 0.0000176 seconds
[2019-12-09T03:39:32.457+0000][1][safepoint    ] Application time: 0.0174554 seconds
[2019-12-09T03:39:32.457+0000][1][safepoint    ] Entering safepoint region: RevokeBias
[2019-12-09T03:39:32.457+0000][1][safepoint    ] Leaving safepoint region
[2019-12-09T03:39:32.457+0000][1][safepoint    ] Total time for which application threads were stopped: 0.0000697 seconds, Stopping threads took: 0.0000167 seconds
[2019-12-09T03:39:32.654+0000][1][safepoint    ] Application time: 0.1969343 seconds
[2019-12-09T03:39:32.654+0000][1][safepoint    ] Entering safepoint region: RevokeBias
[2019-12-09T03:39:32.654+0000][1][safepoint    ] Leaving safepoint region
[2019-12-09T03:39:32.654+0000][1][safepoint    ] Total time for which application threads were stopped: 0.0000878 seconds, Stopping threads took: 0.0000172 seconds
[2019-12-09T03:39:32.751+0000][1][safepoint    ] Application time: 0.0973438 seconds
[2019-12-09T03:39:32.751+0000][1][safepoint    ] Entering safepoint region: RevokeBias
[2019-12-09T03:39:32.752+0000][1][safepoint    ] Leaving safepoint region
[2019-12-09T03:39:32.752+0000][1][safepoint    ] Total time for which application threads were stopped: 0.0000913 seconds, Stopping threads took: 0.0000199 seconds
[2019-12-09T03:39:32.752+0000][1][safepoint    ] Application time: 0.0004267 seconds
[2019-12-09T03:39:32.752+0000][1][safepoint    ] Entering safepoint region: RevokeBias
[2019-12-09T03:39:32.752+0000][1][safepoint    ] Leaving safepoint region
[2019-12-09T03:39:32.752+0000][1][safepoint    ] Total time for which application threads were stopped: 0.0000700 seconds, Stopping threads took: 0.0000153 seconds
[2019-12-09T03:39:32.833+0000][1][safepoint    ] Application time: 0.0809955 seconds
[2019-12-09T03:39:32.833+0000][1][safepoint    ] Entering safepoint region: RevokeBias
[2019-12-09T03:39:32.833+0000][1][safepoint    ] Leaving safepoint region
[2019-12-09T03:39:32.833+0000][1][safepoint    ] Total time for which application threads were stopped: 0.0000933 seconds, Stopping threads took: 0.0000227 seconds
[2019-12-09T03:39:33.311+0000][1][safepoint    ] Application time: 0.4781212 seconds
[2019-12-09T03:39:33.322+0000][1][safepoint    ] Entering safepoint region: RevokeBias
[2019-12-09T03:39:33.322+0000][1][safepoint    ] Leaving safepoint region
[2019-12-09T03:39:33.322+0000][1][safepoint    ] Total time for which application threads were stopped: 0.0105625 seconds, Stopping threads took: 0.0104325 seconds
[2019-12-09T03:39:33.322+0000][1][safepoint    ] Application time: 0.0002902 seconds
[2019-12-09T03:39:33.322+0000][1][safepoint    ] Entering safepoint region: RevokeBias
[2019-12-09T03:39:33.322+0000][1][safepoint    ] Leaving safepoint region
[2019-12-09T03:39:33.322+0000][1][safepoint    ] Total time for which application threads were stopped: 0.0000708 seconds, Stopping threads took: 0.0000147 seconds
[2019-12-09T03:39:33.323+0000][1][safepoint    ] Application time: 0.0003211 seconds
[2019-12-09T03:39:33.323+0000][1][safepoint    ] Entering safepoint region: RevokeBias
[2019-12-09T03:39:33.323+0000][1][safepoint    ] Leaving safepoint region
[2019-12-09T03:39:33.323+0000][1][safepoint    ] Total time for which application threads were stopped: 0.0000812 seconds, Stopping threads took: 0.0000135 seconds
[2019-12-09T03:39:33.358+0000][1][safepoint    ] Application time: 0.0350364 seconds
[2019-12-09T03:39:33.358+0000][1][safepoint    ] Entering safepoint region: RevokeBias
[2019-12-09T03:39:33.358+0000][1][safepoint    ] Leaving safepoint region
[2019-12-09T03:39:33.358+0000][1][safepoint    ] Total time for which application threads were stopped: 0.0001373 seconds, Stopping threads took: 0.0000725 seconds
[2019-12-09T03:39:33.358+0000][1][safepoint    ] Application time: 0.0003813 seconds
[2019-12-09T03:39:33.358+0000][1][safepoint    ] Entering safepoint region: RevokeBias
[2019-12-09T03:39:33.358+0000][1][safepoint    ] Leaving safepoint region
[2019-12-09T03:39:33.358+0000][1][safepoint    ] Total time for which application threads were stopped: 0.0000682 seconds, Stopping threads took: 0.0000126 seconds
[2019-12-09T03:39:33.359+0000][1][safepoint    ] Application time: 0.0003653 seconds
[2019-12-09T03:39:33.359+0000][1][safepoint    ] Entering safepoint region: RevokeBias
[2019-12-09T03:39:33.359+0000][1][safepoint    ] Leaving safepoint region
[2019-12-09T03:39:33.359+0000][1][safepoint    ] Total time for which application threads were stopped: 0.0000644 seconds, Stopping threads took: 0.0000119 seconds
[2019-12-09T03:39:33.360+0000][1][safepoint    ] Application time: 0.0007299 seconds
[2019-12-09T03:39:33.360+0000][1][safepoint    ] Entering safepoint region: RevokeBias
[2019-12-09T03:39:33.360+0000][1][safepoint    ] Leaving safepoint region
[2019-12-09T03:39:33.360+0000][1][safepoint    ] Total time for which application threads were stopped: 0.0000787 seconds, Stopping threads took: 0.0000127 seconds
[2019-12-09T03:39:33.360+0000][1][safepoint    ] Application time: 0.0002366 seconds
[2019-12-09T03:39:33.360+0000][1][safepoint    ] Entering safepoint region: RevokeBias
[2019-12-09T03:39:33.360+0000][1][safepoint    ] Leaving safepoint region
[2019-12-09T03:39:33.360+0000][1][safepoint    ] Total time for which application threads were stopped: 0.0000548 seconds, Stopping threads took: 0.0000112 seconds
[2019-12-09T03:39:33.360+0000][1][safepoint    ] Application time: 0.0002169 seconds
[2019-12-09T03:39:33.360+0000][1][safepoint    ] Entering safepoint region: RevokeBias
[2019-12-09T03:39:33.360+0000][1][safepoint    ] Leaving safepoint region
[2019-12-09T03:39:33.360+0000][1][safepoint    ] Total time for which application threads were stopped: 0.0000521 seconds, Stopping threads took: 0.0000105 seconds
[2019-12-09T03:39:33.361+0000][1][safepoint    ] Application time: 0.0007651 seconds
[2019-12-09T03:39:33.361+0000][1][safepoint    ] Entering safepoint region: RevokeBias
[2019-12-09T03:39:33.361+0000][1][safepoint    ] Leaving safepoint region
[2019-12-09T03:39:33.361+0000][1][safepoint    ] Total time for which application threads were stopped: 0.0000598 seconds, Stopping threads took: 0.0000124 seconds
[2019-12-09T03:39:33.361+0000][1][safepoint    ] Application time: 0.0002954 seconds
[2019-12-09T03:39:33.361+0000][1][safepoint    ] Entering safepoint region: RevokeBias
[2019-12-09T03:39:33.362+0000][1][safepoint    ] Leaving safepoint region
[2019-12-09T03:39:33.362+0000][1][safepoint    ] Total time for which application threads were stopped: 0.0000494 seconds, Stopping threads took: 0.0000106 seconds
[2019-12-09T03:39:33.362+0000][1][safepoint    ] Application time: 0.0000601 seconds
[2019-12-09T03:39:33.362+0000][1][safepoint    ] Entering safepoint region: RevokeBias
[2019-12-09T03:39:33.362+0000][1][safepoint    ] Leaving safepoint region
[2019-12-09T03:39:33.362+0000][1][safepoint    ] Total time for which application threads were stopped: 0.0000416 seconds, Stopping threads took: 0.0000092 seconds
[2019-12-09T03:39:33.362+0000][1][safepoint    ] Application time: 0.0000708 seconds
[2019-12-09T03:39:33.362+0000][1][safepoint    ] Entering safepoint region: RevokeBias
[2019-12-09T03:39:33.362+0000][1][safepoint    ] Leaving safepoint region
[2019-12-09T03:39:33.362+0000][1][safepoint    ] Total time for which application threads were stopped: 0.0000428 seconds, Stopping threads took: 0.0000095 seconds
[2019-12-09T03:39:33.364+0000][1][safepoint    ] Application time: 0.0022072 seconds
[2019-12-09T03:39:33.364+0000][1][safepoint    ] Entering safepoint region: RevokeBias
[2019-12-09T03:39:33.364+0000][1][safepoint    ] Leaving safepoint region
[2019-12-09T03:39:33.364+0000][1][safepoint    ] Total time for which application threads were stopped: 0.0000629 seconds, Stopping threads took: 0.0000138 seconds
[2019-12-09T03:39:33.407+0000][1][safepoint    ] Application time: 0.0429826 seconds
[2019-12-09T03:39:33.407+0000][1][safepoint    ] Entering safepoint region: RevokeBias
[2019-12-09T03:39:33.407+0000][1][safepoint    ] Leaving safepoint region
[2019-12-09T03:39:33.407+0000][1][safepoint    ] Total time for which application threads were stopped: 0.0000726 seconds, Stopping threads took: 0.0000153 seconds
[2019-12-09T03:39:33.408+0000][1][safepoint    ] Application time: 0.0011160 seconds
[2019-12-09T03:39:33.408+0000][1][safepoint    ] Entering safepoint region: RevokeBias
[2019-12-09T03:39:33.408+0000][1][safepoint    ] Leaving safepoint region
[2019-12-09T03:39:33.408+0000][1][safepoint    ] Total time for which application threads were stopped: 0.0000728 seconds, Stopping threads took: 0.0000139 seconds
[2019-12-09T03:39:33.411+0000][1][safepoint    ] Application time: 0.0024341 seconds
[2019-12-09T03:39:33.411+0000][1][safepoint    ] Entering safepoint region: RevokeBias
[2019-12-09T03:39:33.411+0000][1][safepoint    ] Leaving safepoint region
[2019-12-09T03:39:33.411+0000][1][safepoint    ] Total time for which application threads were stopped: 0.0000555 seconds, Stopping threads took: 0.0000116 seconds
[2019-12-09T03:39:33.412+0000][1][safepoint    ] Application time: 0.0012060 seconds
[2019-12-09T03:39:33.412+0000][1][safepoint    ] Entering safepoint region: RevokeBias
[2019-12-09T03:39:33.412+0000][1][safepoint    ] Leaving safepoint region
[2019-12-09T03:39:33.412+0000][1][safepoint    ] Total time for which application threads were stopped: 0.0000541 seconds, Stopping threads took: 0.0000128 seconds
[2019-12-09T03:39:33.450+0000][1][safepoint    ] Application time: 0.0378965 seconds
[2019-12-09T03:39:33.450+0000][1][safepoint    ] Entering safepoint region: RevokeBias
[2019-12-09T03:39:33.450+0000][1][safepoint    ] Leaving safepoint region
[2019-12-09T03:39:33.450+0000][1][safepoint    ] Total time for which application threads were stopped: 0.0000681 seconds, Stopping threads took: 0.0000159 seconds
[2019-12-09T03:39:33.550+0000][1][safepoint    ] Application time: 0.0995073 seconds
[2019-12-09T03:39:33.550+0000][1][safepoint    ] Entering safepoint region: RevokeBias
[2019-12-09T03:39:33.550+0000][1][safepoint    ] Leaving safepoint region
[2019-12-09T03:39:33.550+0000][1][safepoint    ] Total time for which application threads were stopped: 0.0000904 seconds, Stopping threads took: 0.0000216 seconds
[2019-12-09T03:39:33.557+0000][1][safepoint    ] Application time: 0.0073253 seconds
[2019-12-09T03:39:33.557+0000][1][safepoint    ] Entering safepoint region: BulkRevokeBias
[2019-12-09T03:39:33.558+0000][1][safepoint    ] Leaving safepoint region
[2019-12-09T03:39:33.558+0000][1][safepoint    ] Total time for which application threads were stopped: 0.0004522 seconds, Stopping threads took: 0.0000162 seconds
[2019-12-09T03:39:34.272+0000][1][safepoint    ] Application time: 0.7139808 seconds
[2019-12-09T03:39:34.272+0000][1][safepoint    ] Entering safepoint region: RevokeBias
[2019-12-09T03:39:34.272+0000][1][safepoint    ] Leaving safepoint region
[2019-12-09T03:39:34.272+0000][1][safepoint    ] Total time for which application threads were stopped: 0.0001275 seconds, Stopping threads took: 0.0000578 seconds
[2019-12-09T03:39:34.273+0000][1][safepoint    ] Application time: 0.0010421 seconds
[2019-12-09T03:39:34.273+0000][1][safepoint    ] Entering safepoint region: RevokeBias
[2019-12-09T03:39:34.273+0000][1][safepoint    ] Leaving safepoint region
[2019-12-09T03:39:34.273+0000][1][safepoint    ] Total time for which application threads were stopped: 0.0000838 seconds, Stopping threads took: 0.0000113 seconds
[2019-12-09T03:39:34.274+0000][1][safepoint    ] Application time: 0.0007036 seconds
[2019-12-09T03:39:34.274+0000][1][safepoint    ] Entering safepoint region: RevokeBias
[2019-12-09T03:39:34.274+0000][1][safepoint    ] Leaving safepoint region
[2019-12-09T03:39:34.274+0000][1][safepoint    ] Total time for which application threads were stopped: 0.0000867 seconds, Stopping threads took: 0.0000171 seconds
[2019-12-09T03:39:34.274+0000][1][safepoint    ] Application time: 0.0002893 seconds
[2019-12-09T03:39:34.274+0000][1][safepoint    ] Entering safepoint region: RevokeBias
[2019-12-09T03:39:34.274+0000][1][safepoint    ] Leaving safepoint region
[2019-12-09T03:39:34.274+0000][1][safepoint    ] Total time for which application threads were stopped: 0.0000561 seconds, Stopping threads took: 0.0000108 seconds
[2019-12-09T03:39:34.276+0000][1][safepoint    ] Application time: 0.0016039 seconds
[2019-12-09T03:39:34.276+0000][1][safepoint    ] Entering safepoint region: RevokeBias
[2019-12-09T03:39:34.276+0000][1][safepoint    ] Leaving safepoint region
[2019-12-09T03:39:34.276+0000][1][safepoint    ] Total time for which application threads were stopped: 0.0000770 seconds, Stopping threads took: 0.0000118 seconds
[2019-12-09T03:39:34.282+0000][1][safepoint    ] Application time: 0.0057369 seconds
[2019-12-09T03:39:34.282+0000][1][safepoint    ] Entering safepoint region: RevokeBias
[2019-12-09T03:39:34.282+0000][1][safepoint    ] Leaving safepoint region
[2019-12-09T03:39:34.282+0000][1][safepoint    ] Total time for which application threads were stopped: 0.0001445 seconds, Stopping threads took: 0.0000978 seconds
[2019-12-09T03:39:34.288+0000][1][safepoint    ] Application time: 0.0058742 seconds
[2019-12-09T03:39:34.288+0000][1][safepoint    ] Entering safepoint region: RevokeBias
[2019-12-09T03:39:34.288+0000][1][safepoint    ] Leaving safepoint region
[2019-12-09T03:39:34.288+0000][1][safepoint    ] Total time for which application threads were stopped: 0.0000776 seconds, Stopping threads took: 0.0000293 seconds
[2019-12-09T03:39:34.304+0000][1][safepoint    ] Application time: 0.0161253 seconds
[2019-12-09T03:39:34.304+0000][1][safepoint    ] Entering safepoint region: RevokeBias
[2019-12-09T03:39:34.304+0000][1][safepoint    ] Leaving safepoint region
[2019-12-09T03:39:34.304+0000][1][safepoint    ] Total time for which application threads were stopped: 0.0001042 seconds, Stopping threads took: 0.0000628 seconds
[2019-12-09T03:39:34.319+0000][1][safepoint    ] Application time: 0.0147426 seconds
[2019-12-09T03:39:34.319+0000][1][safepoint    ] Entering safepoint region: RevokeBias
[2019-12-09T03:39:34.319+0000][1][safepoint    ] Leaving safepoint region
[2019-12-09T03:39:34.319+0000][1][safepoint    ] Total time for which application threads were stopped: 0.0000655 seconds, Stopping threads took: 0.0000148 seconds
[2019-12-09T03:39:34.406+0000][1][safepoint    ] Application time: 0.0872899 seconds
[2019-12-09T03:39:34.406+0000][1][safepoint    ] Entering safepoint region: RevokeBias
[2019-12-09T03:39:34.406+0000][1][safepoint    ] Leaving safepoint region
[2019-12-09T03:39:34.406+0000][1][safepoint    ] Total time for which application threads were stopped: 0.0000736 seconds, Stopping threads took: 0.0000155 seconds
[2019-12-09T03:39:34.407+0000][1][safepoint    ] Application time: 0.0003104 seconds
[2019-12-09T03:39:34.407+0000][1][safepoint    ] Entering safepoint region: RevokeBias
[2019-12-09T03:39:34.407+0000][1][safepoint    ] Leaving safepoint region
[2019-12-09T03:39:34.407+0000][1][safepoint    ] Total time for which application threads were stopped: 0.0000556 seconds, Stopping threads took: 0.0000107 seconds
[2019-12-09T03:39:34.408+0000][1][safepoint    ] Application time: 0.0009047 seconds
[2019-12-09T03:39:34.408+0000][1][safepoint    ] Entering safepoint region: RevokeBias
[2019-12-09T03:39:34.408+0000][1][safepoint    ] Leaving safepoint region
[2019-12-09T03:39:34.408+0000][1][safepoint    ] Total time for which application threads were stopped: 0.0000600 seconds, Stopping threads took: 0.0000105 seconds
[2019-12-09T03:39:34.474+0000][1][safepoint    ] Application time: 0.0661950 seconds
[2019-12-09T03:39:34.474+0000][1][safepoint    ] Entering safepoint region: RevokeBias
[2019-12-09T03:39:34.474+0000][1][safepoint    ] Leaving safepoint region
[2019-12-09T03:39:34.474+0000][1][safepoint    ] Total time for which application threads were stopped: 0.0000896 seconds, Stopping threads took: 0.0000188 seconds
[2019-12-09T03:39:34.499+0000][1][safepoint    ] Application time: 0.0246360 seconds
[2019-12-09T03:39:34.499+0000][1][safepoint    ] Entering safepoint region: BulkRevokeBias
[2019-12-09T03:39:34.499+0000][1][safepoint    ] Leaving safepoint region
[2019-12-09T03:39:34.499+0000][1][safepoint    ] Total time for which application threads were stopped: 0.0002932 seconds, Stopping threads took: 0.0000166 seconds
[2019-12-09T03:39:34.499+0000][1][safepoint    ] Application time: 0.0003668 seconds
[2019-12-09T03:39:34.499+0000][1][safepoint    ] Entering safepoint region: RevokeBias
[2019-12-09T03:39:34.499+0000][1][safepoint    ] Leaving safepoint region
[2019-12-09T03:39:34.499+0000][1][safepoint    ] Total time for which application threads were stopped: 0.0000641 seconds, Stopping threads took: 0.0000141 seconds
[2019-12-09T03:39:34.720+0000][1][safepoint    ] Application time: 0.2208103 seconds
[2019-12-09T03:39:34.720+0000][1][safepoint    ] Entering safepoint region: RevokeBias
[2019-12-09T03:39:34.720+0000][1][safepoint    ] Leaving safepoint region
[2019-12-09T03:39:34.720+0000][1][safepoint    ] Total time for which application threads were stopped: 0.0001014 seconds, Stopping threads took: 0.0000183 seconds
[2019-12-09T03:39:34.795+0000][1][safepoint    ] Application time: 0.0743753 seconds
[2019-12-09T03:39:34.795+0000][1][safepoint    ] Entering safepoint region: RevokeBias
[2019-12-09T03:39:34.795+0000][1][safepoint    ] Leaving safepoint region
[2019-12-09T03:39:34.795+0000][1][safepoint    ] Total time for which application threads were stopped: 0.0000777 seconds, Stopping threads took: 0.0000182 seconds
[2019-12-09T03:39:34.795+0000][1][safepoint    ] Application time: 0.0003516 seconds
[2019-12-09T03:39:34.795+0000][1][safepoint    ] Entering safepoint region: RevokeBias
[2019-12-09T03:39:34.795+0000][1][safepoint    ] Leaving safepoint region
[2019-12-09T03:39:34.795+0000][1][safepoint    ] Total time for which application threads were stopped: 0.0000682 seconds, Stopping threads took: 0.0000143 seconds
[2019-12-09T03:39:34.829+0000][1][safepoint    ] Application time: 0.0334126 seconds
[2019-12-09T03:39:34.829+0000][1][safepoint    ] Entering safepoint region: RevokeBias
[2019-12-09T03:39:34.829+0000][1][safepoint    ] Leaving safepoint region
[2019-12-09T03:39:34.829+0000][1][safepoint    ] Total time for which application threads were stopped: 0.0001022 seconds, Stopping threads took: 0.0000180 seconds
[2019-12-09T03:39:34.829+0000][1][safepoint    ] Application time: 0.0001567 seconds
[2019-12-09T03:39:34.829+0000][1][safepoint    ] Entering safepoint region: RevokeBias
[2019-12-09T03:39:34.829+0000][1][safepoint    ] Leaving safepoint region
[2019-12-09T03:39:34.829+0000][1][safepoint    ] Total time for which application threads were stopped: 0.0000581 seconds, Stopping threads took: 0.0000090 seconds
[2019-12-09T03:39:34.829+0000][1][safepoint    ] Application time: 0.0001928 seconds
[2019-12-09T03:39:34.829+0000][1][safepoint    ] Entering safepoint region: RevokeBias
[2019-12-09T03:39:34.829+0000][1][safepoint    ] Leaving safepoint region
[2019-12-09T03:39:34.829+0000][1][safepoint    ] Total time for which application threads were stopped: 0.0000629 seconds, Stopping threads took: 0.0000102 seconds
[2019-12-09T03:39:34.830+0000][1][safepoint    ] Application time: 0.0003049 seconds
[2019-12-09T03:39:34.830+0000][1][safepoint    ] Entering safepoint region: RevokeBias
[2019-12-09T03:39:34.830+0000][1][safepoint    ] Leaving safepoint region
[2019-12-09T03:39:34.830+0000][1][safepoint    ] Total time for which application threads were stopped: 0.0001068 seconds, Stopping threads took: 0.0000119 seconds
[2019-12-09T03:39:34.833+0000][1][safepoint    ] Application time: 0.0030423 seconds
[2019-12-09T03:39:34.928+0000][1][safepoint    ] Entering safepoint region: RevokeBias
[2019-12-09T03:39:34.928+0000][1][safepoint    ] Leaving safepoint region
[2019-12-09T03:39:34.928+0000][1][safepoint    ] Total time for which application threads were stopped: 0.0950987 seconds, Stopping threads took: 0.0949281 seconds
[2019-12-09T03:39:34.928+0000][1][safepoint    ] Application time: 0.0003207 seconds
[2019-12-09T03:39:34.928+0000][1][safepoint    ] Entering safepoint region: RevokeBias
[2019-12-09T03:39:34.928+0000][1][safepoint    ] Leaving safepoint region
[2019-12-09T03:39:34.928+0000][1][safepoint    ] Total time for which application threads were stopped: 0.0000877 seconds, Stopping threads took: 0.0000140 seconds
[2019-12-09T03:39:34.929+0000][1][safepoint    ] Application time: 0.0001733 seconds
[2019-12-09T03:39:34.929+0000][1][safepoint    ] Entering safepoint region: RevokeBias
[2019-12-09T03:39:34.929+0000][1][safepoint    ] Leaving safepoint region
[2019-12-09T03:39:34.929+0000][1][safepoint    ] Total time for which application threads were stopped: 0.0000770 seconds, Stopping threads took: 0.0000108 seconds
[2019-12-09T03:39:34.929+0000][1][safepoint    ] Application time: 0.0002120 seconds
[2019-12-09T03:39:34.929+0000][1][safepoint    ] Entering safepoint region: RevokeBias
[2019-12-09T03:39:34.929+0000][1][safepoint    ] Leaving safepoint region
[2019-12-09T03:39:34.929+0000][1][safepoint    ] Total time for which application threads were stopped: 0.0000687 seconds, Stopping threads took: 0.0000103 seconds
[2019-12-09T03:39:34.929+0000][1][safepoint    ] Application time: 0.0001289 seconds
[2019-12-09T03:39:34.929+0000][1][safepoint    ] Entering safepoint region: RevokeBias
[2019-12-09T03:39:34.929+0000][1][safepoint    ] Leaving safepoint region
[2019-12-09T03:39:34.929+0000][1][safepoint    ] Total time for which application threads were stopped: 0.0000611 seconds, Stopping threads took: 0.0000092 seconds
[2019-12-09T03:39:34.929+0000][1][safepoint    ] Application time: 0.0001602 seconds
[2019-12-09T03:39:34.929+0000][1][safepoint    ] Entering safepoint region: RevokeBias
[2019-12-09T03:39:34.929+0000][1][safepoint    ] Leaving safepoint region
[2019-12-09T03:39:34.929+0000][1][safepoint    ] Total time for which application threads were stopped: 0.0000609 seconds, Stopping threads took: 0.0000096 seconds
[2019-12-09T03:39:34.930+0000][1][safepoint    ] Application time: 0.0003207 seconds
[2019-12-09T03:39:34.930+0000][1][safepoint    ] Entering safepoint region: RevokeBias
[2019-12-09T03:39:34.930+0000][1][safepoint    ] Leaving safepoint region
[2019-12-09T03:39:34.930+0000][1][safepoint    ] Total time for which application threads were stopped: 0.0000749 seconds, Stopping threads took: 0.0000121 seconds
[2019-12-09T03:39:34.930+0000][1][safepoint    ] Application time: 0.0002449 seconds
[2019-12-09T03:39:34.930+0000][1][safepoint    ] Entering safepoint region: RevokeBias
[2019-12-09T03:39:34.930+0000][1][safepoint    ] Leaving safepoint region
[2019-12-09T03:39:34.930+0000][1][safepoint    ] Total time for which application threads were stopped: 0.0000741 seconds, Stopping threads took: 0.0000116 seconds
[2019-12-09T03:39:34.961+0000][1][safepoint    ] Application time: 0.0305551 seconds
[2019-12-09T03:39:34.961+0000][1][safepoint    ] Entering safepoint region: RevokeBias
[2019-12-09T03:39:34.961+0000][1][safepoint    ] Leaving safepoint region
[2019-12-09T03:39:34.961+0000][1][safepoint    ] Total time for which application threads were stopped: 0.0001222 seconds, Stopping threads took: 0.0000255 seconds
[2019-12-09T03:39:34.968+0000][1][safepoint    ] Application time: 0.0068998 seconds
[2019-12-09T03:39:34.968+0000][1][safepoint    ] Entering safepoint region: RevokeBias
[2019-12-09T03:39:34.968+0000][1][safepoint    ] Leaving safepoint region
[2019-12-09T03:39:34.968+0000][1][safepoint    ] Total time for which application threads were stopped: 0.0000838 seconds, Stopping threads took: 0.0000135 seconds
[2019-12-09T03:39:34.968+0000][1][safepoint    ] Application time: 0.0002484 seconds
[2019-12-09T03:39:34.968+0000][1][safepoint    ] Entering safepoint region: RevokeBias
[2019-12-09T03:39:34.968+0000][1][safepoint    ] Leaving safepoint region
[2019-12-09T03:39:34.968+0000][1][safepoint    ] Total time for which application threads were stopped: 0.0000679 seconds, Stopping threads took: 0.0000100 seconds
[2019-12-09T03:39:34.969+0000][1][safepoint    ] Application time: 0.0003410 seconds
[2019-12-09T03:39:34.969+0000][1][safepoint    ] Entering safepoint region: RevokeBias
[2019-12-09T03:39:34.969+0000][1][safepoint    ] Leaving safepoint region
[2019-12-09T03:39:34.969+0000][1][safepoint    ] Total time for which application threads were stopped: 0.0005562 seconds, Stopping threads took: 0.0000094 seconds
[2019-12-09T03:39:34.970+0000][1][safepoint    ] Application time: 0.0010809 seconds
[2019-12-09T03:39:34.970+0000][1][safepoint    ] Entering safepoint region: RevokeBias
[2019-12-09T03:39:34.970+0000][1][safepoint    ] Leaving safepoint region
[2019-12-09T03:39:34.970+0000][1][safepoint    ] Total time for which application threads were stopped: 0.0000710 seconds, Stopping threads took: 0.0000111 seconds
[2019-12-09T03:39:34.971+0000][1][safepoint    ] Application time: 0.0008206 seconds
[2019-12-09T03:39:34.971+0000][1][safepoint    ] Entering safepoint region: BulkRevokeBias
[2019-12-09T03:39:34.971+0000][1][safepoint    ] Leaving safepoint region
[2019-12-09T03:39:34.971+0000][1][safepoint    ] Total time for which application threads were stopped: 0.0003082 seconds, Stopping threads took: 0.0000119 seconds
[2019-12-09T03:39:35.373+0000][1][safepoint    ] Application time: 0.4012534 seconds
[2019-12-09T03:39:35.398+0000][1][safepoint    ] Entering safepoint region: RevokeBias
[2019-12-09T03:39:35.398+0000][1][safepoint    ] Leaving safepoint region
[2019-12-09T03:39:35.398+0000][1][safepoint    ] Total time for which application threads were stopped: 0.0251345 seconds, Stopping threads took: 0.0250316 seconds
[2019-12-09T03:39:35.459+0000][1][safepoint    ] Application time: 0.0615298 seconds
[2019-12-09T03:39:35.460+0000][1][safepoint    ] Entering safepoint region: RevokeBias
[2019-12-09T03:39:35.460+0000][1][safepoint    ] Leaving safepoint region
[2019-12-09T03:39:35.460+0000][1][safepoint    ] Total time for which application threads were stopped: 0.0002085 seconds, Stopping threads took: 0.0000908 seconds
[2019-12-09T03:39:35.466+0000][1][safepoint    ] Application time: 0.0058914 seconds
[2019-12-09T03:39:35.466+0000][1][safepoint    ] Entering safepoint region: RevokeBias
[2019-12-09T03:39:35.466+0000][1][safepoint    ] Leaving safepoint region
[2019-12-09T03:39:35.466+0000][1][safepoint    ] Total time for which application threads were stopped: 0.0001576 seconds, Stopping threads took: 0.0000669 seconds
[2019-12-09T03:39:35.479+0000][1][safepoint    ] Application time: 0.0129726 seconds
[2019-12-09T03:39:35.479+0000][1][safepoint    ] Entering safepoint region: RevokeBias
[2019-12-09T03:39:35.479+0000][1][safepoint    ] Leaving safepoint region
[2019-12-09T03:39:35.479+0000][1][safepoint    ] Total time for which application threads were stopped: 0.0000676 seconds, Stopping threads took: 0.0000136 seconds
[2019-12-09T03:39:35.491+0000][1][safepoint    ] Application time: 0.0125230 seconds
[2019-12-09T03:39:35.491+0000][1][safepoint    ] Entering safepoint region: RevokeBias
[2019-12-09T03:39:35.491+0000][1][safepoint    ] Leaving safepoint region
[2019-12-09T03:39:35.491+0000][1][safepoint    ] Total time for which application threads were stopped: 0.0000719 seconds, Stopping threads took: 0.0000139 seconds
[2019-12-09T03:39:35.501+0000][1][safepoint    ] Application time: 0.0099402 seconds
[2019-12-09T03:39:35.501+0000][1][safepoint    ] Entering safepoint region: RevokeBias
[2019-12-09T03:39:35.501+0000][1][safepoint    ] Leaving safepoint region
[2019-12-09T03:39:35.501+0000][1][safepoint    ] Total time for which application threads were stopped: 0.0000654 seconds, Stopping threads took: 0.0000150 seconds
[2019-12-09T03:39:35.553+0000][1][safepoint    ] Application time: 0.0516882 seconds
[2019-12-09T03:39:35.553+0000][1][safepoint    ] Entering safepoint region: RevokeBias
[2019-12-09T03:39:35.553+0000][1][safepoint    ] Leaving safepoint region
[2019-12-09T03:39:35.553+0000][1][safepoint    ] Total time for which application threads were stopped: 0.0000838 seconds, Stopping threads took: 0.0000178 seconds
[2019-12-09T03:39:35.598+0000][1][safepoint    ] Application time: 0.0449465 seconds
[2019-12-09T03:39:35.696+0000][1][safepoint    ] Entering safepoint region: RevokeBias
[2019-12-09T03:39:35.696+0000][1][safepoint    ] Leaving safepoint region
[2019-12-09T03:39:35.696+0000][1][safepoint    ] Total time for which application threads were stopped: 0.0975766 seconds, Stopping threads took: 0.0974922 seconds
[2019-12-09T03:39:35.815+0000][1][safepoint    ] Application time: 0.1196031 seconds
[2019-12-09T03:39:35.815+0000][1][safepoint    ] Entering safepoint region: BulkRevokeBias
[2019-12-09T03:39:35.816+0000][1][safepoint    ] Leaving safepoint region
[2019-12-09T03:39:35.816+0000][1][safepoint    ] Total time for which application threads were stopped: 0.0004621 seconds, Stopping threads took: 0.0000189 seconds
[2019-12-09T03:39:36.318+0000][1][safepoint    ] Application time: 0.5015711 seconds
[2019-12-09T03:39:36.332+0000][1][safepoint    ] Entering safepoint region: RevokeBias
[2019-12-09T03:39:36.332+0000][1][safepoint    ] Leaving safepoint region
[2019-12-09T03:39:36.332+0000][1][safepoint    ] Total time for which application threads were stopped: 0.0142928 seconds, Stopping threads took: 0.0141945 seconds
[2019-12-09T03:39:36.335+0000][1][safepoint    ] Application time: 0.0035839 seconds
[2019-12-09T03:39:36.335+0000][1][safepoint    ] Entering safepoint region: RevokeBias
[2019-12-09T03:39:36.336+0000][1][safepoint    ] Leaving safepoint region
[2019-12-09T03:39:36.336+0000][1][safepoint    ] Total time for which application threads were stopped: 0.0001213 seconds, Stopping threads took: 0.0000161 seconds
[2019-12-09T03:39:36.337+0000][1][safepoint    ] Application time: 0.0010456 seconds
[2019-12-09T03:39:36.337+0000][1][safepoint    ] Entering safepoint region: RevokeBias
[2019-12-09T03:39:36.337+0000][1][safepoint    ] Leaving safepoint region
[2019-12-09T03:39:36.337+0000][1][safepoint    ] Total time for which application threads were stopped: 0.0000890 seconds, Stopping threads took: 0.0000324 seconds
[2019-12-09T03:39:36.350+0000][1][safepoint    ] Application time: 0.0135330 seconds
[2019-12-09T03:39:36.350+0000][1][safepoint    ] Entering safepoint region: RevokeBias
[2019-12-09T03:39:36.350+0000][1][safepoint    ] Leaving safepoint region
[2019-12-09T03:39:36.350+0000][1][safepoint    ] Total time for which application threads were stopped: 0.0000954 seconds, Stopping threads took: 0.0000408 seconds
[2019-12-09T03:39:36.367+0000][1][safepoint    ] Application time: 0.0160898 seconds
[2019-12-09T03:39:36.367+0000][1][safepoint    ] Entering safepoint region: RevokeBias
[2019-12-09T03:39:36.367+0000][1][safepoint    ] Leaving safepoint region
[2019-12-09T03:39:36.367+0000][1][safepoint    ] Total time for which application threads were stopped: 0.0000667 seconds, Stopping threads took: 0.0000133 seconds
[2019-12-09T03:39:36.511+0000][1][safepoint    ] Application time: 0.1441364 seconds
[2019-12-09T03:39:36.561+0000][1][safepoint    ] Entering safepoint region: RevokeBias
[2019-12-09T03:39:36.561+0000][1][safepoint    ] Leaving safepoint region
[2019-12-09T03:39:36.561+0000][1][safepoint    ] Total time for which application threads were stopped: 0.0501036 seconds, Stopping threads took: 0.0500219 seconds
[2019-12-09T03:39:36.643+0000][1][safepoint    ] Application time: 0.0817551 seconds
[2019-12-09T03:39:36.643+0000][1][safepoint    ] Entering safepoint region: RevokeBias
[2019-12-09T03:39:36.643+0000][1][safepoint    ] Leaving safepoint region
[2019-12-09T03:39:36.643+0000][1][safepoint    ] Total time for which application threads were stopped: 0.0001047 seconds, Stopping threads took: 0.0000206 seconds
[2019-12-09T03:39:36.643+0000][1][safepoint    ] Application time: 0.0000729 seconds
[2019-12-09T03:39:36.643+0000][1][safepoint    ] Entering safepoint region: RevokeBias
[2019-12-09T03:39:36.643+0000][1][safepoint    ] Leaving safepoint region
[2019-12-09T03:39:36.643+0000][1][safepoint    ] Total time for which application threads were stopped: 0.0000603 seconds, Stopping threads took: 0.0000100 seconds
[2019-12-09T03:39:37.483+0000][1][safepoint    ] Application time: 0.8402394 seconds
[2019-12-09T03:39:37.522+0000][1][safepoint    ] Entering safepoint region: RevokeBias
[2019-12-09T03:39:37.522+0000][1][safepoint    ] Leaving safepoint region
[2019-12-09T03:39:37.522+0000][1][safepoint    ] Total time for which application threads were stopped: 0.0386573 seconds, Stopping threads took: 0.0385507 seconds
[2019-12-09T03:39:37.522+0000][1][safepoint    ] Application time: 0.0004758 seconds
[2019-12-09T03:39:37.522+0000][1][safepoint    ] Entering safepoint region: RevokeBias
[2019-12-09T03:39:37.522+0000][1][safepoint    ] Leaving safepoint region
[2019-12-09T03:39:37.522+0000][1][safepoint    ] Total time for which application threads were stopped: 0.0000927 seconds, Stopping threads took: 0.0000156 seconds
[2019-12-09T03:39:37.523+0000][1][safepoint    ] Application time: 0.0003017 seconds
[2019-12-09T03:39:37.523+0000][1][safepoint    ] Entering safepoint region: RevokeBias
[2019-12-09T03:39:37.523+0000][1][safepoint    ] Leaving safepoint region
[2019-12-09T03:39:37.523+0000][1][safepoint    ] Total time for which application threads were stopped: 0.0001397 seconds, Stopping threads took: 0.0000762 seconds
[2019-12-09T03:39:37.525+0000][1][safepoint    ] Application time: 0.0016258 seconds
[2019-12-09T03:39:37.525+0000][1][safepoint    ] Entering safepoint region: RevokeBias
[2019-12-09T03:39:37.525+0000][1][safepoint    ] Leaving safepoint region
[2019-12-09T03:39:37.525+0000][1][safepoint    ] Total time for which application threads were stopped: 0.0001101 seconds, Stopping threads took: 0.0000143 seconds
[2019-12-09T03:39:37.525+0000][1][safepoint    ] Application time: 0.0002585 seconds
[2019-12-09T03:39:37.525+0000][1][safepoint    ] Entering safepoint region: RevokeBias
[2019-12-09T03:39:37.525+0000][1][safepoint    ] Leaving safepoint region
[2019-12-09T03:39:37.525+0000][1][safepoint    ] Total time for which application threads were stopped: 0.0000717 seconds, Stopping threads took: 0.0000126 seconds
[2019-12-09T03:39:37.525+0000][1][safepoint    ] Application time: 0.0001551 seconds
[2019-12-09T03:39:37.525+0000][1][safepoint    ] Entering safepoint region: BulkRevokeBias
[2019-12-09T03:39:37.526+0000][1][safepoint    ] Leaving safepoint region
[2019-12-09T03:39:37.526+0000][1][safepoint    ] Total time for which application threads were stopped: 0.0003272 seconds, Stopping threads took: 0.0000111 seconds
[2019-12-09T03:39:37.526+0000][1][safepoint    ] Application time: 0.0001394 seconds
[2019-12-09T03:39:37.526+0000][1][safepoint    ] Entering safepoint region: RevokeBias
[2019-12-09T03:39:37.526+0000][1][safepoint    ] Leaving safepoint region
[2019-12-09T03:39:37.526+0000][1][safepoint    ] Total time for which application threads were stopped: 0.0000805 seconds, Stopping threads took: 0.0000125 seconds
[2019-12-09T03:39:37.556+0000][1][safepoint    ] Application time: 0.0305836 seconds
[2019-12-09T03:39:37.557+0000][1][safepoint    ] Entering safepoint region: RevokeBias
[2019-12-09T03:39:37.557+0000][1][safepoint    ] Leaving safepoint region
[2019-12-09T03:39:37.557+0000][1][safepoint    ] Total time for which application threads were stopped: 0.0001920 seconds, Stopping threads took: 0.0000894 seconds
[2019-12-09T03:39:37.565+0000][1][safepoint    ] Application time: 0.0088066 seconds
[2019-12-09T03:39:37.566+0000][1][safepoint    ] Entering safepoint region: RevokeBias
[2019-12-09T03:39:37.566+0000][1][safepoint    ] Leaving safepoint region
[2019-12-09T03:39:37.566+0000][1][safepoint    ] Total time for which application threads were stopped: 0.0001328 seconds, Stopping threads took: 0.0000556 seconds
[2019-12-09T03:39:37.566+0000][1][safepoint    ] Application time: 0.0002199 seconds
[2019-12-09T03:39:37.566+0000][1][safepoint    ] Entering safepoint region: RevokeBias
[2019-12-09T03:39:37.566+0000][1][safepoint    ] Leaving safepoint region
[2019-12-09T03:39:37.566+0000][1][safepoint    ] Total time for which application threads were stopped: 0.0000795 seconds, Stopping threads took: 0.0000110 seconds
[2019-12-09T03:39:37.569+0000][1][safepoint    ] Application time: 0.0027749 seconds
[2019-12-09T03:39:37.578+0000][1][safepoint    ] Entering safepoint region: RevokeBias
[2019-12-09T03:39:37.578+0000][1][safepoint    ] Leaving safepoint region
[2019-12-09T03:39:37.578+0000][1][safepoint    ] Total time for which application threads were stopped: 0.0091867 seconds, Stopping threads took: 0.0091130 seconds
[2019-12-09T03:39:37.579+0000][1][safepoint    ] Application time: 0.0010390 seconds
[2019-12-09T03:39:37.579+0000][1][safepoint    ] Entering safepoint region: RevokeBias
[2019-12-09T03:39:37.579+0000][1][safepoint    ] Leaving safepoint region
[2019-12-09T03:39:37.579+0000][1][safepoint    ] Total time for which application threads were stopped: 0.0001040 seconds, Stopping threads took: 0.0000153 seconds
[2019-12-09T03:39:37.579+0000][1][safepoint    ] Application time: 0.0002082 seconds
[2019-12-09T03:39:37.579+0000][1][safepoint    ] Entering safepoint region: RevokeBias
[2019-12-09T03:39:37.579+0000][1][safepoint    ] Leaving safepoint region
[2019-12-09T03:39:37.579+0000][1][safepoint    ] Total time for which application threads were stopped: 0.0000850 seconds, Stopping threads took: 0.0000119 seconds
[2019-12-09T03:39:37.580+0000][1][safepoint    ] Application time: 0.0003648 seconds
[2019-12-09T03:39:37.580+0000][1][safepoint    ] Entering safepoint region: RevokeBias
[2019-12-09T03:39:37.580+0000][1][safepoint    ] Leaving safepoint region
[2019-12-09T03:39:37.580+0000][1][safepoint    ] Total time for which application threads were stopped: 0.0001081 seconds, Stopping threads took: 0.0000128 seconds
[2019-12-09T03:39:37.580+0000][1][safepoint    ] Application time: 0.0003276 seconds
[2019-12-09T03:39:37.580+0000][1][safepoint    ] Entering safepoint region: BulkRevokeBias
[2019-12-09T03:39:37.581+0000][1][safepoint    ] Leaving safepoint region
[2019-12-09T03:39:37.581+0000][1][safepoint    ] Total time for which application threads were stopped: 0.0005694 seconds, Stopping threads took: 0.0000116 seconds
[2019-12-09T03:39:37.740+0000][1][safepoint    ] Application time: 0.1594540 seconds
[2019-12-09T03:39:37.748+0000][1][safepoint    ] Entering safepoint region: RevokeBias
[2019-12-09T03:39:37.748+0000][1][safepoint    ] Leaving safepoint region
[2019-12-09T03:39:37.748+0000][1][safepoint    ] Total time for which application threads were stopped: 0.0075554 seconds, Stopping threads took: 0.0074262 seconds
[2019-12-09T03:39:37.748+0000][1][safepoint    ] Application time: 0.0006066 seconds
[2019-12-09T03:39:37.749+0000][1][safepoint    ] Entering safepoint region: RevokeBias
[2019-12-09T03:39:37.749+0000][1][safepoint    ] Leaving safepoint region
[2019-12-09T03:39:37.749+0000][1][safepoint    ] Total time for which application threads were stopped: 0.0000738 seconds, Stopping threads took: 0.0000126 seconds
[2019-12-09T03:39:37.827+0000][1][safepoint    ] Application time: 0.0782253 seconds
[2019-12-09T03:39:37.827+0000][1][safepoint    ] Entering safepoint region: RevokeBias
[2019-12-09T03:39:37.827+0000][1][safepoint    ] Leaving safepoint region
[2019-12-09T03:39:37.827+0000][1][safepoint    ] Total time for which application threads were stopped: 0.0001028 seconds, Stopping threads took: 0.0000190 seconds
[2019-12-09T03:39:37.841+0000][1][safepoint    ] Application time: 0.0141131 seconds
[2019-12-09T03:39:37.841+0000][1][safepoint    ] Entering safepoint region: RevokeBias
[2019-12-09T03:39:37.841+0000][1][safepoint    ] Leaving safepoint region
[2019-12-09T03:39:37.841+0000][1][safepoint    ] Total time for which application threads were stopped: 0.0001152 seconds, Stopping threads took: 0.0000182 seconds
[2019-12-09T03:39:37.841+0000][1][safepoint    ] Application time: 0.0000632 seconds
[2019-12-09T03:39:37.841+0000][1][safepoint    ] Entering safepoint region: RevokeBias
[2019-12-09T03:39:37.841+0000][1][safepoint    ] Leaving safepoint region
[2019-12-09T03:39:37.841+0000][1][safepoint    ] Total time for which application threads were stopped: 0.0000664 seconds, Stopping threads took: 0.0000114 seconds
[2019-12-09T03:39:37.841+0000][1][safepoint    ] Application time: 0.0000565 seconds
[2019-12-09T03:39:37.841+0000][1][safepoint    ] Entering safepoint region: RevokeBias
[2019-12-09T03:39:37.841+0000][1][safepoint    ] Leaving safepoint region
[2019-12-09T03:39:37.841+0000][1][safepoint    ] Total time for which application threads were stopped: 0.0000544 seconds, Stopping threads took: 0.0000086 seconds
[2019-12-09T03:39:37.844+0000][1][safepoint    ] Application time: 0.0022132 seconds
[2019-12-09T03:39:37.844+0000][1][safepoint    ] Entering safepoint region: RevokeBias
[2019-12-09T03:39:37.844+0000][1][safepoint    ] Leaving safepoint region
[2019-12-09T03:39:37.844+0000][1][safepoint    ] Total time for which application threads were stopped: 0.0000858 seconds, Stopping threads took: 0.0000147 seconds
[2019-12-09T03:39:37.877+0000][1][safepoint    ] Application time: 0.0331023 seconds
[2019-12-09T03:39:37.877+0000][1][safepoint    ] Entering safepoint region: RevokeBias
[2019-12-09T03:39:37.877+0000][1][safepoint    ] Leaving safepoint region
[2019-12-09T03:39:37.877+0000][1][safepoint    ] Total time for which application threads were stopped: 0.0001030 seconds, Stopping threads took: 0.0000195 seconds
[2019-12-09T03:39:37.877+0000][1][safepoint    ] Application time: 0.0000673 seconds
[2019-12-09T03:39:37.877+0000][1][safepoint    ] Entering safepoint region: RevokeBias
[2019-12-09T03:39:37.877+0000][1][safepoint    ] Leaving safepoint region
[2019-12-09T03:39:37.877+0000][1][safepoint    ] Total time for which application threads were stopped: 0.0000573 seconds, Stopping threads took: 0.0000099 seconds
[2019-12-09T03:39:38.412+0000][1][safepoint    ] Application time: 0.5352674 seconds
[2019-12-09T03:39:38.413+0000][1][safepoint    ] Entering safepoint region: RevokeBias
[2019-12-09T03:39:38.413+0000][1][safepoint    ] Leaving safepoint region
[2019-12-09T03:39:38.413+0000][1][safepoint    ] Total time for which application threads were stopped: 0.0000998 seconds, Stopping threads took: 0.0000182 seconds
[2019-12-09T03:39:38.413+0000][1][safepoint    ] Application time: 0.0000786 seconds
[2019-12-09T03:39:38.413+0000][1][safepoint    ] Entering safepoint region: RevokeBias
[2019-12-09T03:39:38.413+0000][1][safepoint    ] Leaving safepoint region
[2019-12-09T03:39:38.413+0000][1][safepoint    ] Total time for which application threads were stopped: 0.0000514 seconds, Stopping threads took: 0.0000096 seconds
[2019-12-09T03:39:38.524+0000][1][safepoint    ] Application time: 0.1110633 seconds
[2019-12-09T03:39:38.524+0000][1][safepoint    ] Entering safepoint region: RevokeBias
[2019-12-09T03:39:38.524+0000][1][safepoint    ] Leaving safepoint region
[2019-12-09T03:39:38.524+0000][1][safepoint    ] Total time for which application threads were stopped: 0.0001330 seconds, Stopping threads took: 0.0000581 seconds
[2019-12-09T03:39:38.546+0000][1][safepoint    ] Application time: 0.0218715 seconds
[2019-12-09T03:39:38.546+0000][1][safepoint    ] Entering safepoint region: RevokeBias
[2019-12-09T03:39:38.546+0000][1][safepoint    ] Leaving safepoint region
[2019-12-09T03:39:38.546+0000][1][safepoint    ] Total time for which application threads were stopped: 0.0001005 seconds, Stopping threads took: 0.0000187 seconds
[2019-12-09T03:39:38.566+0000][1][safepoint    ] Application time: 0.0195804 seconds
[2019-12-09T03:39:38.566+0000][1][safepoint    ] Entering safepoint region: RevokeBias
[2019-12-09T03:39:38.566+0000][1][safepoint    ] Leaving safepoint region
[2019-12-09T03:39:38.566+0000][1][safepoint    ] Total time for which application threads were stopped: 0.0001520 seconds, Stopping threads took: 0.0000527 seconds
[2019-12-09T03:39:38.566+0000][1][safepoint    ] Application time: 0.0000756 seconds
[2019-12-09T03:39:38.566+0000][1][safepoint    ] Entering safepoint region: RevokeBias
[2019-12-09T03:39:38.566+0000][1][safepoint    ] Leaving safepoint region
[2019-12-09T03:39:38.566+0000][1][safepoint    ] Total time for which application threads were stopped: 0.0000518 seconds, Stopping threads took: 0.0000100 seconds
[2019-12-09T03:39:38.566+0000][1][safepoint    ] Application time: 0.0002511 seconds
[2019-12-09T03:39:38.566+0000][1][safepoint    ] Entering safepoint region: RevokeBias
[2019-12-09T03:39:38.566+0000][1][safepoint    ] Leaving safepoint region
[2019-12-09T03:39:38.566+0000][1][safepoint    ] Total time for which application threads were stopped: 0.0000795 seconds, Stopping threads took: 0.0000137 seconds
[2019-12-09T03:39:38.597+0000][1][safepoint    ] Application time: 0.0310562 seconds
[2019-12-09T03:39:38.597+0000][1][safepoint    ] Entering safepoint region: RevokeBias
[2019-12-09T03:39:38.597+0000][1][safepoint    ] Leaving safepoint region
[2019-12-09T03:39:38.597+0000][1][safepoint    ] Total time for which application threads were stopped: 0.0000816 seconds, Stopping threads took: 0.0000174 seconds
[2019-12-09T03:39:38.598+0000][1][safepoint    ] Application time: 0.0003579 seconds
[2019-12-09T03:39:38.598+0000][1][safepoint    ] Entering safepoint region: RevokeBias
[2019-12-09T03:39:38.598+0000][1][safepoint    ] Leaving safepoint region
[2019-12-09T03:39:38.598+0000][1][safepoint    ] Total time for which application threads were stopped: 0.0000709 seconds, Stopping threads took: 0.0000163 seconds
[2019-12-09T03:39:38.638+0000][1][safepoint    ] Application time: 0.0398130 seconds
[2019-12-09T03:39:38.638+0000][1][safepoint    ] Entering safepoint region: RevokeBias
[2019-12-09T03:39:38.638+0000][1][safepoint    ] Leaving safepoint region
[2019-12-09T03:39:38.638+0000][1][safepoint    ] Total time for which application threads were stopped: 0.0001087 seconds, Stopping threads took: 0.0000280 seconds
[2019-12-09T03:39:38.660+0000][1][safepoint    ] Application time: 0.0218972 seconds
[2019-12-09T03:39:38.660+0000][1][safepoint    ] Entering safepoint region: RevokeBias
[2019-12-09T03:39:38.660+0000][1][safepoint    ] Leaving safepoint region
[2019-12-09T03:39:38.660+0000][1][safepoint    ] Total time for which application threads were stopped: 0.0001071 seconds, Stopping threads took: 0.0000208 seconds
[2019-12-09T03:39:39.186+0000][1][safepoint    ] Application time: 0.5258044 seconds
[2019-12-09T03:39:39.186+0000][1][safepoint    ] Entering safepoint region: Deoptimize
[2019-12-09T03:39:39.186+0000][1][safepoint    ] Leaving safepoint region
[2019-12-09T03:39:39.186+0000][1][safepoint    ] Total time for which application threads were stopped: 0.0007309 seconds, Stopping threads took: 0.0000205 seconds
[2019-12-09T03:39:39.776+0000][1][safepoint    ] Application time: 0.5893698 seconds
[2019-12-09T03:39:39.776+0000][1][safepoint    ] Entering safepoint region: BulkRevokeBias
[2019-12-09T03:39:39.776+0000][1][safepoint    ] Leaving safepoint region
[2019-12-09T03:39:39.776+0000][1][safepoint    ] Total time for which application threads were stopped: 0.0004608 seconds, Stopping threads took: 0.0000204 seconds
[2019-12-09T03:39:39.776+0000][1][safepoint    ] Application time: 0.0000795 seconds
[2019-12-09T03:39:39.776+0000][1][safepoint    ] Entering safepoint region: RevokeBias
[2019-12-09T03:39:39.777+0000][1][safepoint    ] Leaving safepoint region
[2019-12-09T03:39:39.777+0000][1][safepoint    ] Total time for which application threads were stopped: 0.0000805 seconds, Stopping threads took: 0.0000127 seconds
[2019-12-09T03:39:39.835+0000][1][safepoint    ] Application time: 0.0580064 seconds
[2019-12-09T03:39:39.835+0000][1][safepoint    ] Entering safepoint region: RevokeBias
[2019-12-09T03:39:39.835+0000][1][safepoint    ] Leaving safepoint region
[2019-12-09T03:39:39.835+0000][1][safepoint    ] Total time for which application threads were stopped: 0.0001165 seconds, Stopping threads took: 0.0000196 seconds
[2019-12-09T03:39:39.852+0000][1][safepoint    ] Application time: 0.0171188 seconds
[2019-12-09T03:39:39.852+0000][1][safepoint    ] Entering safepoint region: BulkRevokeBias
[2019-12-09T03:39:39.852+0000][1][safepoint    ] Leaving safepoint region
[2019-12-09T03:39:39.852+0000][1][safepoint    ] Total time for which application threads were stopped: 0.0004033 seconds, Stopping threads took: 0.0000190 seconds
[2019-12-09T03:39:39.853+0000][1][safepoint    ] Application time: 0.0002738 seconds
[2019-12-09T03:39:39.853+0000][1][safepoint    ] Entering safepoint region: RevokeBias
[2019-12-09T03:39:39.853+0000][1][safepoint    ] Leaving safepoint region
[2019-12-09T03:39:39.853+0000][1][safepoint    ] Total time for which application threads were stopped: 0.0000801 seconds, Stopping threads took: 0.0000133 seconds
[2019-12-09T03:39:40.245+0000][1][safepoint    ] Application time: 0.3922474 seconds
[2019-12-09T03:39:40.245+0000][1][safepoint    ] Entering safepoint region: RevokeBias
[2019-12-09T03:39:40.245+0000][1][safepoint    ] Leaving safepoint region
[2019-12-09T03:39:40.245+0000][1][safepoint    ] Total time for which application threads were stopped: 0.0001422 seconds, Stopping threads took: 0.0000220 seconds
[2019-12-09T03:39:40.247+0000][1][safepoint    ] Application time: 0.0016370 seconds
[2019-12-09T03:39:40.247+0000][1][safepoint    ] Entering safepoint region: RevokeBias
[2019-12-09T03:39:40.247+0000][1][safepoint    ] Leaving safepoint region
[2019-12-09T03:39:40.247+0000][1][safepoint    ] Total time for which application threads were stopped: 0.0000856 seconds, Stopping threads took: 0.0000167 seconds
[2019-12-09T03:39:40.249+0000][1][safepoint    ] Application time: 0.0017763 seconds
[2019-12-09T03:39:40.249+0000][1][safepoint    ] Entering safepoint region: RevokeBias
[2019-12-09T03:39:40.249+0000][1][safepoint    ] Leaving safepoint region
[2019-12-09T03:39:40.249+0000][1][safepoint    ] Total time for which application threads were stopped: 0.0000898 seconds, Stopping threads took: 0.0000143 seconds
[2019-12-09T03:39:40.280+0000][1][safepoint    ] Application time: 0.0315486 seconds
[2019-12-09T03:39:40.280+0000][1][safepoint    ] Entering safepoint region: RevokeBias
[2019-12-09T03:39:40.280+0000][1][safepoint    ] Leaving safepoint region
[2019-12-09T03:39:40.280+0000][1][safepoint    ] Total time for which application threads were stopped: 0.0000748 seconds, Stopping threads took: 0.0000156 seconds
[2019-12-09T03:39:40.280+0000][1][safepoint    ] Application time: 0.0000542 seconds
[2019-12-09T03:39:40.280+0000][1][safepoint    ] Entering safepoint region: RevokeBias
[2019-12-09T03:39:40.280+0000][1][safepoint    ] Leaving safepoint region
[2019-12-09T03:39:40.280+0000][1][safepoint    ] Total time for which application threads were stopped: 0.0000446 seconds, Stopping threads took: 0.0000088 seconds
[2019-12-09T03:39:40.281+0000][1][safepoint    ] Application time: 0.0000478 seconds
[2019-12-09T03:39:40.281+0000][1][safepoint    ] Entering safepoint region: RevokeBias
[2019-12-09T03:39:40.281+0000][1][safepoint    ] Leaving safepoint region
[2019-12-09T03:39:40.281+0000][1][safepoint    ] Total time for which application threads were stopped: 0.0000405 seconds, Stopping threads took: 0.0000081 seconds
[2019-12-09T03:39:40.281+0000][1][safepoint    ] Application time: 0.0000453 seconds
[2019-12-09T03:39:40.281+0000][1][safepoint    ] Entering safepoint region: RevokeBias
[2019-12-09T03:39:40.281+0000][1][safepoint    ] Leaving safepoint region
[2019-12-09T03:39:40.281+0000][1][safepoint    ] Total time for which application threads were stopped: 0.0000574 seconds, Stopping threads took: 0.0000081 seconds
[2019-12-09T03:39:40.281+0000][1][safepoint    ] Application time: 0.0000469 seconds
[2019-12-09T03:39:40.281+0000][1][safepoint    ] Entering safepoint region: RevokeBias
[2019-12-09T03:39:40.281+0000][1][safepoint    ] Leaving safepoint region
[2019-12-09T03:39:40.281+0000][1][safepoint    ] Total time for which application threads were stopped: 0.0000403 seconds, Stopping threads took: 0.0000076 seconds
[2019-12-09T03:39:40.281+0000][1][safepoint    ] Application time: 0.0000511 seconds
[2019-12-09T03:39:40.281+0000][1][safepoint    ] Entering safepoint region: RevokeBias
[2019-12-09T03:39:40.281+0000][1][safepoint    ] Leaving safepoint region
[2019-12-09T03:39:40.281+0000][1][safepoint    ] Total time for which application threads were stopped: 0.0000550 seconds, Stopping threads took: 0.0000077 seconds
[2019-12-09T03:39:40.281+0000][1][safepoint    ] Application time: 0.0000559 seconds
[2019-12-09T03:39:40.281+0000][1][safepoint    ] Entering safepoint region: RevokeBias
[2019-12-09T03:39:40.281+0000][1][safepoint    ] Leaving safepoint region
[2019-12-09T03:39:40.281+0000][1][safepoint    ] Total time for which application threads were stopped: 0.0000433 seconds, Stopping threads took: 0.0000093 seconds
[2019-12-09T03:39:40.428+0000][1][safepoint    ] Application time: 0.1465482 seconds
[2019-12-09T03:39:40.428+0000][1][safepoint    ] Entering safepoint region: RevokeBias
[2019-12-09T03:39:40.428+0000][1][safepoint    ] Leaving safepoint region
[2019-12-09T03:39:40.428+0000][1][safepoint    ] Total time for which application threads were stopped: 0.0001332 seconds, Stopping threads took: 0.0000204 seconds
[2019-12-09T03:39:40.517+0000][1][safepoint    ] Application time: 0.0889796 seconds
[2019-12-09T03:39:40.517+0000][1][safepoint    ] Entering safepoint region: RevokeBias
[2019-12-09T03:39:40.517+0000][1][safepoint    ] Leaving safepoint region
[2019-12-09T03:39:40.517+0000][1][safepoint    ] Total time for which application threads were stopped: 0.0001646 seconds, Stopping threads took: 0.0000728 seconds
[2019-12-09T03:39:40.518+0000][1][safepoint    ] Application time: 0.0009992 seconds
[2019-12-09T03:39:40.518+0000][1][safepoint    ] Entering safepoint region: RevokeBias
[2019-12-09T03:39:40.518+0000][1][safepoint    ] Leaving safepoint region
[2019-12-09T03:39:40.518+0000][1][safepoint    ] Total time for which application threads were stopped: 0.0000855 seconds, Stopping threads took: 0.0000187 seconds
[2019-12-09T03:39:41.519+0000][1][safepoint    ] Application time: 1.0006240 seconds
[2019-12-09T03:39:41.519+0000][1][safepoint    ] Entering safepoint region: Cleanup
[2019-12-09T03:39:41.519+0000][1][safepoint    ] Leaving safepoint region
[2019-12-09T03:39:41.519+0000][1][safepoint    ] Total time for which application threads were stopped: 0.0001094 seconds, Stopping threads took: 0.0000268 seconds
[2019-12-09T03:39:42.085+0000][1][safepoint    ] Application time: 0.5661429 seconds
[2019-12-09T03:39:42.085+0000][1][safepoint    ] Entering safepoint region: RevokeBias
[2019-12-09T03:39:42.085+0000][1][safepoint    ] Leaving safepoint region
[2019-12-09T03:39:42.085+0000][1][safepoint    ] Total time for which application threads were stopped: 0.0001629 seconds, Stopping threads took: 0.0000836 seconds
[2019-12-09T03:39:42.085+0000][1][safepoint    ] Application time: 0.0001481 seconds
[2019-12-09T03:39:42.085+0000][1][safepoint    ] Entering safepoint region: RevokeBias
[2019-12-09T03:39:42.085+0000][1][safepoint    ] Leaving safepoint region
[2019-12-09T03:39:42.085+0000][1][safepoint    ] Total time for which application threads were stopped: 0.0000581 seconds, Stopping threads took: 0.0000113 seconds
[2019-12-09T03:39:42.086+0000][1][safepoint    ] Application time: 0.0006541 seconds
[2019-12-09T03:39:42.086+0000][1][safepoint    ] Entering safepoint region: RevokeBias
[2019-12-09T03:39:42.086+0000][1][safepoint    ] Leaving safepoint region
[2019-12-09T03:39:42.086+0000][1][safepoint    ] Total time for which application threads were stopped: 0.0000762 seconds, Stopping threads took: 0.0000159 seconds
[2019-12-09T03:39:43.088+0000][1][safepoint    ] Application time: 1.0016405 seconds
[2019-12-09T03:39:43.088+0000][1][safepoint    ] Entering safepoint region: Cleanup
[2019-12-09T03:39:43.088+0000][1][safepoint    ] Leaving safepoint region
[2019-12-09T03:39:43.088+0000][1][safepoint    ] Total time for which application threads were stopped: 0.0001203 seconds, Stopping threads took: 0.0000308 seconds
[2019-12-09T03:39:44.090+0000][1][safepoint    ] Application time: 1.0016993 seconds
[2019-12-09T03:39:44.090+0000][1][safepoint    ] Entering safepoint region: Cleanup
[2019-12-09T03:39:44.090+0000][1][safepoint    ] Leaving safepoint region
[2019-12-09T03:39:44.090+0000][1][safepoint    ] Total time for which application threads were stopped: 0.0001142 seconds, Stopping threads took: 0.0000250 seconds
[2019-12-09T03:39:45.094+0000][1][safepoint    ] Application time: 1.0038320 seconds
[2019-12-09T03:39:45.094+0000][1][safepoint    ] Entering safepoint region: Cleanup
[2019-12-09T03:39:45.094+0000][1][safepoint    ] Leaving safepoint region
[2019-12-09T03:39:45.094+0000][1][safepoint    ] Total time for which application threads were stopped: 0.0001223 seconds, Stopping threads took: 0.0000256 seconds
[2019-12-09T03:39:46.096+0000][1][safepoint    ] Application time: 1.0018197 seconds
[2019-12-09T03:39:46.096+0000][1][safepoint    ] Entering safepoint region: Cleanup
[2019-12-09T03:39:46.096+0000][1][safepoint    ] Leaving safepoint region
[2019-12-09T03:39:46.096+0000][1][safepoint    ] Total time for which application threads were stopped: 0.0001163 seconds, Stopping threads took: 0.0000268 seconds
[2019-12-09T03:39:47.097+0000][1][safepoint    ] Application time: 1.0008204 seconds
[2019-12-09T03:39:47.097+0000][1][safepoint    ] Entering safepoint region: Cleanup
[2019-12-09T03:39:47.097+0000][1][safepoint    ] Leaving safepoint region
[2019-12-09T03:39:47.097+0000][1][safepoint    ] Total time for which application threads were stopped: 0.0001056 seconds, Stopping threads took: 0.0000244 seconds
[2019-12-09T03:39:48.098+0000][1][safepoint    ] Application time: 1.0008644 seconds
[2019-12-09T03:39:48.098+0000][1][safepoint    ] Entering safepoint region: Cleanup
[2019-12-09T03:39:48.098+0000][1][safepoint    ] Leaving safepoint region
[2019-12-09T03:39:48.098+0000][1][safepoint    ] Total time for which application threads were stopped: 0.0001072 seconds, Stopping threads took: 0.0000238 seconds
[2019-12-09T03:39:49.099+0000][1][safepoint    ] Application time: 1.0008205 seconds
[2019-12-09T03:39:49.099+0000][1][safepoint    ] Entering safepoint region: Cleanup
[2019-12-09T03:39:49.099+0000][1][safepoint    ] Leaving safepoint region
[2019-12-09T03:39:49.099+0000][1][safepoint    ] Total time for which application threads were stopped: 0.0001077 seconds, Stopping threads took: 0.0000261 seconds
[2019-12-09T03:39:49.636+0000][1][safepoint    ] Application time: 0.5368581 seconds
[2019-12-09T03:39:49.636+0000][1][safepoint    ] Entering safepoint region: GenCollectForAllocation
[2019-12-09T03:39:49.636+0000][1][gc,start     ] GC(23) Pause Young (Allocation Failure)
[2019-12-09T03:39:49.636+0000][1][gc,task      ] GC(23) Using 2 workers of 2 for evacuation
[2019-12-09T03:39:49.750+0000][1][gc,age       ] GC(23) Desired survivor size 4456448 bytes, new threshold 2 (max threshold 6)
[2019-12-09T03:39:49.750+0000][1][gc,age       ] GC(23) Age table with threshold 2 (max threshold 6)
[2019-12-09T03:39:49.750+0000][1][gc,age       ] GC(23) - age   1:    1922976 bytes,    1922976 total
[2019-12-09T03:39:49.750+0000][1][gc,age       ] GC(23) - age   2:    3556784 bytes,    5479760 total
[2019-12-09T03:39:49.750+0000][1][gc,heap      ] GC(23) ParNew: 78656K->6993K(78656K)
[2019-12-09T03:39:49.750+0000][1][gc,heap      ] GC(23) CMS: 60198K->64387K(174784K)
[2019-12-09T03:39:49.750+0000][1][gc,metaspace ] GC(23) Metaspace: 68353K->68353K(1112064K)
[2019-12-09T03:39:49.750+0000][1][gc           ] GC(23) Pause Young (Allocation Failure) 135M->69M(247M) 114.514ms
[2019-12-09T03:39:49.750+0000][1][gc,cpu       ] GC(23) User=0.05s Sys=0.00s Real=0.11s
[2019-12-09T03:39:49.750+0000][1][safepoint    ] Leaving safepoint region
[2019-12-09T03:39:49.750+0000][1][safepoint    ] Total time for which application threads were stopped: 0.1147050 seconds, Stopping threads took: 0.0000207 seconds
[2019-12-09T03:39:50.753+0000][1][safepoint    ] Application time: 1.0022296 seconds
[2019-12-09T03:39:50.753+0000][1][safepoint    ] Entering safepoint region: Cleanup
[2019-12-09T03:39:50.753+0000][1][safepoint    ] Leaving safepoint region
[2019-12-09T03:39:50.753+0000][1][safepoint    ] Total time for which application threads were stopped: 0.0001137 seconds, Stopping threads took: 0.0000277 seconds
[2019-12-09T03:39:51.755+0000][1][safepoint    ] Application time: 1.0018290 seconds
[2019-12-09T03:39:51.755+0000][1][safepoint    ] Entering safepoint region: Cleanup
[2019-12-09T03:39:51.755+0000][1][safepoint    ] Leaving safepoint region
[2019-12-09T03:39:51.755+0000][1][safepoint    ] Total time for which application threads were stopped: 0.0001107 seconds, Stopping threads took: 0.0000262 seconds
[2019-12-09T03:39:52.755+0000][1][safepoint    ] Application time: 1.0001340 seconds
[2019-12-09T03:39:52.755+0000][1][safepoint    ] Entering safepoint region: Cleanup
[2019-12-09T03:39:52.755+0000][1][safepoint    ] Leaving safepoint region
[2019-12-09T03:39:52.755+0000][1][safepoint    ] Total time for which application threads were stopped: 0.0001139 seconds, Stopping threads took: 0.0000253 seconds
[2019-12-09T03:39:53.756+0000][1][safepoint    ] Application time: 1.0005635 seconds
[2019-12-09T03:39:53.756+0000][1][safepoint    ] Entering safepoint region: Cleanup
[2019-12-09T03:39:53.756+0000][1][safepoint    ] Leaving safepoint region
[2019-12-09T03:39:53.756+0000][1][safepoint    ] Total time for which application threads were stopped: 0.0001099 seconds, Stopping threads took: 0.0000263 seconds
[2019-12-09T03:39:54.763+0000][1][safepoint    ] Application time: 1.0068374 seconds
[2019-12-09T03:39:54.763+0000][1][safepoint    ] Entering safepoint region: Cleanup
[2019-12-09T03:39:54.763+0000][1][safepoint    ] Leaving safepoint region
[2019-12-09T03:39:54.763+0000][1][safepoint    ] Total time for which application threads were stopped: 0.0001208 seconds, Stopping threads took: 0.0000218 seconds
[2019-12-09T03:39:55.765+0000][1][safepoint    ] Application time: 1.0018124 seconds
[2019-12-09T03:39:55.765+0000][1][safepoint    ] Entering safepoint region: Cleanup
[2019-12-09T03:39:55.765+0000][1][safepoint    ] Leaving safepoint region
[2019-12-09T03:39:55.765+0000][1][safepoint    ] Total time for which application threads were stopped: 0.0001081 seconds, Stopping threads took: 0.0000251 seconds
[2019-12-09T03:39:56.767+0000][1][safepoint    ] Application time: 1.0018499 seconds
[2019-12-09T03:39:56.767+0000][1][safepoint    ] Entering safepoint region: Cleanup
[2019-12-09T03:39:56.767+0000][1][safepoint    ] Leaving safepoint region
[2019-12-09T03:39:56.767+0000][1][safepoint    ] Total time for which application threads were stopped: 0.0001136 seconds, Stopping threads took: 0.0000257 seconds
[2019-12-09T03:39:57.769+0000][1][safepoint    ] Application time: 1.0018476 seconds
[2019-12-09T03:39:57.769+0000][1][safepoint    ] Entering safepoint region: Cleanup
[2019-12-09T03:39:57.769+0000][1][safepoint    ] Leaving safepoint region
[2019-12-09T03:39:57.769+0000][1][safepoint    ] Total time for which application threads were stopped: 0.0001130 seconds, Stopping threads took: 0.0000254 seconds
[2019-12-09T03:39:58.770+0000][1][safepoint    ] Application time: 1.0016078 seconds
[2019-12-09T03:39:58.771+0000][1][safepoint    ] Entering safepoint region: Cleanup
[2019-12-09T03:39:58.771+0000][1][safepoint    ] Leaving safepoint region
[2019-12-09T03:39:58.771+0000][1][safepoint    ] Total time for which application threads were stopped: 0.0000993 seconds, Stopping threads took: 0.0000232 seconds
[2019-12-09T03:39:59.792+0000][1][safepoint    ] Application time: 1.0215084 seconds
[2019-12-09T03:39:59.796+0000][1][safepoint    ] Entering safepoint region: Cleanup
[2019-12-09T03:39:59.796+0000][1][safepoint    ] Leaving safepoint region
[2019-12-09T03:39:59.796+0000][1][safepoint    ] Total time for which application threads were stopped: 0.0039659 seconds, Stopping threads took: 0.0038443 seconds
[2019-12-09T03:40:00.314+0000][1][safepoint    ] Application time: 0.5174943 seconds
[2019-12-09T03:40:00.314+0000][1][safepoint    ] Entering safepoint region: RevokeBias
[2019-12-09T03:40:00.314+0000][1][safepoint    ] Leaving safepoint region
[2019-12-09T03:40:00.314+0000][1][safepoint    ] Total time for which application threads were stopped: 0.0001357 seconds, Stopping threads took: 0.0000382 seconds
[2019-12-09T03:40:00.314+0000][1][safepoint    ] Application time: 0.0001211 seconds
[2019-12-09T03:40:00.314+0000][1][safepoint    ] Entering safepoint region: RevokeBias
[2019-12-09T03:40:00.314+0000][1][safepoint    ] Leaving safepoint region
[2019-12-09T03:40:00.314+0000][1][safepoint    ] Total time for which application threads were stopped: 0.0000804 seconds, Stopping threads took: 0.0000118 seconds
[2019-12-09T03:40:00.384+0000][1][safepoint    ] Application time: 0.0699504 seconds
[2019-12-09T03:40:00.384+0000][1][safepoint    ] Entering safepoint region: RevokeBias
[2019-12-09T03:40:00.384+0000][1][safepoint    ] Leaving safepoint region
[2019-12-09T03:40:00.384+0000][1][safepoint    ] Total time for which application threads were stopped: 0.0001205 seconds, Stopping threads took: 0.0000203 seconds
[2019-12-09T03:40:00.490+0000][1][safepoint    ] Application time: 0.1060157 seconds
[2019-12-09T03:40:00.490+0000][1][safepoint    ] Entering safepoint region: RevokeBias
[2019-12-09T03:40:00.490+0000][1][safepoint    ] Leaving safepoint region
[2019-12-09T03:40:00.490+0000][1][safepoint    ] Total time for which application threads were stopped: 0.0001198 seconds, Stopping threads took: 0.0000202 seconds
[2019-12-09T03:40:00.491+0000][1][safepoint    ] Application time: 0.0001861 seconds
[2019-12-09T03:40:00.491+0000][1][safepoint    ] Entering safepoint region: RevokeBias
[2019-12-09T03:40:00.491+0000][1][safepoint    ] Leaving safepoint region
[2019-12-09T03:40:00.491+0000][1][safepoint    ] Total time for which application threads were stopped: 0.0000900 seconds, Stopping threads took: 0.0000156 seconds
[2019-12-09T03:40:00.590+0000][1][safepoint    ] Application time: 0.0992039 seconds
[2019-12-09T03:40:00.590+0000][1][safepoint    ] Entering safepoint region: RevokeBias
[2019-12-09T03:40:00.590+0000][1][safepoint    ] Leaving safepoint region
[2019-12-09T03:40:00.590+0000][1][safepoint    ] Total time for which application threads were stopped: 0.0002457 seconds, Stopping threads took: 0.0001055 seconds
[2019-12-09T03:40:00.590+0000][1][safepoint    ] Application time: 0.0000631 seconds
[2019-12-09T03:40:00.590+0000][1][safepoint    ] Entering safepoint region: RevokeBias
[2019-12-09T03:40:00.590+0000][1][safepoint    ] Leaving safepoint region
[2019-12-09T03:40:00.590+0000][1][safepoint    ] Total time for which application threads were stopped: 0.0000887 seconds, Stopping threads took: 0.0000111 seconds
[2019-12-09T03:40:00.597+0000][1][safepoint    ] Application time: 0.0069253 seconds
[2019-12-09T03:40:00.597+0000][1][safepoint    ] Entering safepoint region: CollectForMetadataAllocation
[2019-12-09T03:40:00.597+0000][1][safepoint    ] Leaving safepoint region
[2019-12-09T03:40:00.597+0000][1][safepoint    ] Total time for which application threads were stopped: 0.0002516 seconds, Stopping threads took: 0.0000158 seconds
[2019-12-09T03:40:00.614+0000][1][safepoint    ] Application time: 0.0162339 seconds
[2019-12-09T03:40:00.615+0000][1][safepoint    ] Entering safepoint region: RevokeBias
[2019-12-09T03:40:00.615+0000][1][safepoint    ] Leaving safepoint region
[2019-12-09T03:40:00.615+0000][1][safepoint    ] Total time for which application threads were stopped: 0.0017027 seconds, Stopping threads took: 0.0016414 seconds
[2019-12-09T03:40:00.616+0000][1][safepoint    ] Application time: 0.0005163 seconds
[2019-12-09T03:40:00.616+0000][1][safepoint    ] Entering safepoint region: RevokeBias
[2019-12-09T03:40:00.616+0000][1][safepoint    ] Leaving safepoint region
[2019-12-09T03:40:00.616+0000][1][safepoint    ] Total time for which application threads were stopped: 0.0000704 seconds, Stopping threads took: 0.0000138 seconds
[2019-12-09T03:40:00.638+0000][1][safepoint    ] Application time: 0.0219734 seconds
[2019-12-09T03:40:00.638+0000][1][safepoint    ] Entering safepoint region: CollectForMetadataAllocation
[2019-12-09T03:40:00.638+0000][1][safepoint    ] Leaving safepoint region
[2019-12-09T03:40:00.638+0000][1][safepoint    ] Total time for which application threads were stopped: 0.0002613 seconds, Stopping threads took: 0.0000162 seconds
[2019-12-09T03:40:00.734+0000][1][safepoint    ] Application time: 0.0954847 seconds
[2019-12-09T03:40:00.734+0000][1][safepoint    ] Entering safepoint region: CollectForMetadataAllocation
[2019-12-09T03:40:00.734+0000][1][safepoint    ] Leaving safepoint region
[2019-12-09T03:40:00.734+0000][1][safepoint    ] Total time for which application threads were stopped: 0.0002964 seconds, Stopping threads took: 0.0000205 seconds
[2019-12-09T03:40:00.886+0000][1][safepoint    ] Application time: 0.1522292 seconds
[2019-12-09T03:40:00.886+0000][1][safepoint    ] Entering safepoint region: RevokeBias
[2019-12-09T03:40:00.887+0000][1][safepoint    ] Leaving safepoint region
[2019-12-09T03:40:00.887+0000][1][safepoint    ] Total time for which application threads were stopped: 0.0001219 seconds, Stopping threads took: 0.0000214 seconds
[2019-12-09T03:40:00.893+0000][1][safepoint    ] Application time: 0.0059910 seconds
[2019-12-09T03:40:00.893+0000][1][safepoint    ] Entering safepoint region: RevokeBias
[2019-12-09T03:40:00.893+0000][1][safepoint    ] Leaving safepoint region
[2019-12-09T03:40:00.893+0000][1][safepoint    ] Total time for which application threads were stopped: 0.0001248 seconds, Stopping threads took: 0.0000170 seconds
[2019-12-09T03:40:00.918+0000][1][safepoint    ] Application time: 0.0251868 seconds
[2019-12-09T03:40:00.918+0000][1][safepoint    ] Entering safepoint region: CollectForMetadataAllocation
[2019-12-09T03:40:00.918+0000][1][safepoint    ] Leaving safepoint region
[2019-12-09T03:40:00.918+0000][1][safepoint    ] Total time for which application threads were stopped: 0.0002874 seconds, Stopping threads took: 0.0000177 seconds
[2019-12-09T03:40:01.094+0000][1][safepoint    ] Application time: 0.1761296 seconds
[2019-12-09T03:40:01.094+0000][1][safepoint    ] Entering safepoint region: RevokeBias
[2019-12-09T03:40:01.095+0000][1][safepoint    ] Leaving safepoint region
[2019-12-09T03:40:01.095+0000][1][safepoint    ] Total time for which application threads were stopped: 0.0001203 seconds, Stopping threads took: 0.0000228 seconds
[2019-12-09T03:40:01.113+0000][1][safepoint    ] Application time: 0.0186964 seconds
[2019-12-09T03:40:01.113+0000][1][safepoint    ] Entering safepoint region: CollectForMetadataAllocation
[2019-12-09T03:40:01.114+0000][1][safepoint    ] Leaving safepoint region
[2019-12-09T03:40:01.114+0000][1][safepoint    ] Total time for which application threads were stopped: 0.0002941 seconds, Stopping threads took: 0.0000194 seconds
[2019-12-09T03:40:01.118+0000][1][safepoint    ] Application time: 0.0039346 seconds
[2019-12-09T03:40:01.118+0000][1][safepoint    ] Entering safepoint region: RevokeBias
[2019-12-09T03:40:01.118+0000][1][safepoint    ] Leaving safepoint region
[2019-12-09T03:40:01.118+0000][1][safepoint    ] Total time for which application threads were stopped: 0.0000965 seconds, Stopping threads took: 0.0000171 seconds
[2019-12-09T03:40:01.118+0000][1][safepoint    ] Application time: 0.0008062 seconds
[2019-12-09T03:40:01.118+0000][1][safepoint    ] Entering safepoint region: RevokeBias
[2019-12-09T03:40:01.119+0000][1][safepoint    ] Leaving safepoint region
[2019-12-09T03:40:01.119+0000][1][safepoint    ] Total time for which application threads were stopped: 0.0000729 seconds, Stopping threads took: 0.0000145 seconds
[2019-12-09T03:40:01.251+0000][1][safepoint    ] Application time: 0.1321560 seconds
[2019-12-09T03:40:01.259+0000][1][safepoint    ] Entering safepoint region: RevokeBias
[2019-12-09T03:40:01.259+0000][1][safepoint    ] Leaving safepoint region
[2019-12-09T03:40:01.259+0000][1][safepoint    ] Total time for which application threads were stopped: 0.0081361 seconds, Stopping threads took: 0.0080095 seconds
[2019-12-09T03:40:01.472+0000][1][safepoint    ] Application time: 0.2128224 seconds
[2019-12-09T03:40:01.472+0000][1][safepoint    ] Entering safepoint region: RevokeBias
[2019-12-09T03:40:01.472+0000][1][safepoint    ] Leaving safepoint region
[2019-12-09T03:40:01.472+0000][1][safepoint    ] Total time for which application threads were stopped: 0.0001283 seconds, Stopping threads took: 0.0000238 seconds
[2019-12-09T03:40:01.479+0000][1][safepoint    ] Application time: 0.0068621 seconds
[2019-12-09T03:40:01.479+0000][1][safepoint    ] Entering safepoint region: RevokeBias
[2019-12-09T03:40:01.479+0000][1][safepoint    ] Leaving safepoint region
[2019-12-09T03:40:01.479+0000][1][safepoint    ] Total time for which application threads were stopped: 0.0001218 seconds, Stopping threads took: 0.0000253 seconds
[2019-12-09T03:40:01.480+0000][1][safepoint    ] Application time: 0.0008684 seconds
[2019-12-09T03:40:01.480+0000][1][safepoint    ] Entering safepoint region: RevokeBias
[2019-12-09T03:40:01.480+0000][1][safepoint    ] Leaving safepoint region
[2019-12-09T03:40:01.480+0000][1][safepoint    ] Total time for which application threads were stopped: 0.0000953 seconds, Stopping threads took: 0.0000178 seconds
[2019-12-09T03:40:01.480+0000][1][safepoint    ] Application time: 0.0000906 seconds
[2019-12-09T03:40:01.480+0000][1][safepoint    ] Entering safepoint region: RevokeBias
[2019-12-09T03:40:01.480+0000][1][safepoint    ] Leaving safepoint region
[2019-12-09T03:40:01.480+0000][1][safepoint    ] Total time for which application threads were stopped: 0.0000619 seconds, Stopping threads took: 0.0000106 seconds
[2019-12-09T03:40:01.755+0000][1][safepoint    ] Application time: 0.2749184 seconds
[2019-12-09T03:40:01.755+0000][1][safepoint    ] Entering safepoint region: RevokeBias
[2019-12-09T03:40:01.755+0000][1][gc,start     ] GC(24) Pause Initial Mark
[2019-12-09T03:40:01.878+0000][1][gc           ] GC(24) Pause Initial Mark 106M->106M(247M) 123.059ms
[2019-12-09T03:40:01.878+0000][1][gc,cpu       ] GC(24) User=0.05s Sys=0.00s Real=0.12s
[2019-12-09T03:40:01.878+0000][1][safepoint    ] Leaving safepoint region
[2019-12-09T03:40:01.878+0000][1][safepoint    ] Total time for which application threads were stopped: 0.1233106 seconds, Stopping threads took: 0.0000214 seconds
[2019-12-09T03:40:01.879+0000][1][gc           ] GC(24) Concurrent Mark
[2019-12-09T03:40:01.901+0000][1][safepoint    ] Application time: 0.0226327 seconds
[2019-12-09T03:40:01.901+0000][1][safepoint    ] Entering safepoint region: RevokeBias
[2019-12-09T03:40:01.901+0000][1][safepoint    ] Leaving safepoint region
[2019-12-09T03:40:01.901+0000][1][safepoint    ] Total time for which application threads were stopped: 0.0001219 seconds, Stopping threads took: 0.0000228 seconds
[2019-12-09T03:40:01.902+0000][1][safepoint    ] Application time: 0.0004662 seconds
[2019-12-09T03:40:01.902+0000][1][safepoint    ] Entering safepoint region: RevokeBias
[2019-12-09T03:40:01.902+0000][1][safepoint    ] Leaving safepoint region
[2019-12-09T03:40:01.902+0000][1][safepoint    ] Total time for which application threads were stopped: 0.0001277 seconds, Stopping threads took: 0.0000432 seconds
[2019-12-09T03:40:01.903+0000][1][safepoint    ] Application time: 0.0012006 seconds
[2019-12-09T03:40:01.903+0000][1][safepoint    ] Entering safepoint region: RevokeBias
[2019-12-09T03:40:01.903+0000][1][safepoint    ] Leaving safepoint region
[2019-12-09T03:40:01.903+0000][1][safepoint    ] Total time for which application threads were stopped: 0.0000924 seconds, Stopping threads took: 0.0000150 seconds
[2019-12-09T03:40:01.904+0000][1][safepoint    ] Application time: 0.0006110 seconds
[2019-12-09T03:40:01.904+0000][1][safepoint    ] Entering safepoint region: CollectForMetadataAllocation
[2019-12-09T03:40:01.904+0000][1][safepoint    ] Leaving safepoint region
[2019-12-09T03:40:01.904+0000][1][safepoint    ] Total time for which application threads were stopped: 0.0002080 seconds, Stopping threads took: 0.0000149 seconds
[2019-12-09T03:40:01.966+0000][1][safepoint    ] Application time: 0.0620702 seconds
[2019-12-09T03:40:01.972+0000][1][safepoint    ] Entering safepoint region: RevokeBias
[2019-12-09T03:40:01.972+0000][1][safepoint    ] Leaving safepoint region
[2019-12-09T03:40:01.972+0000][1][safepoint    ] Total time for which application threads were stopped: 0.0058890 seconds, Stopping threads took: 0.0057521 seconds
[2019-12-09T03:40:01.982+0000][1][safepoint    ] Application time: 0.0097464 seconds
[2019-12-09T03:40:01.982+0000][1][safepoint    ] Entering safepoint region: RevokeBias
[2019-12-09T03:40:01.982+0000][1][safepoint    ] Leaving safepoint region
[2019-12-09T03:40:01.982+0000][1][safepoint    ] Total time for which application threads were stopped: 0.0001796 seconds, Stopping threads took: 0.0000243 seconds
[2019-12-09T03:40:01.987+0000][1][safepoint    ] Application time: 0.0049360 seconds
[2019-12-09T03:40:01.987+0000][1][safepoint    ] Entering safepoint region: CollectForMetadataAllocation
[2019-12-09T03:40:01.987+0000][1][safepoint    ] Leaving safepoint region
[2019-12-09T03:40:01.987+0000][1][safepoint    ] Total time for which application threads were stopped: 0.0002986 seconds, Stopping threads took: 0.0000210 seconds
[2019-12-09T03:40:02.025+0000][1][safepoint    ] Application time: 0.0378704 seconds
[2019-12-09T03:40:02.028+0000][1][safepoint    ] Entering safepoint region: RevokeBias
[2019-12-09T03:40:02.028+0000][1][safepoint    ] Leaving safepoint region
[2019-12-09T03:40:02.028+0000][1][safepoint    ] Total time for which application threads were stopped: 0.0031585 seconds, Stopping threads took: 0.0030246 seconds
[2019-12-09T03:40:02.193+0000][1][safepoint    ] Application time: 0.1646832 seconds
[2019-12-09T03:40:02.193+0000][1][safepoint    ] Entering safepoint region: RevokeBias
[2019-12-09T03:40:02.193+0000][1][safepoint    ] Leaving safepoint region
[2019-12-09T03:40:02.193+0000][1][safepoint    ] Total time for which application threads were stopped: 0.0001491 seconds, Stopping threads took: 0.0000242 seconds
[2019-12-09T03:40:02.194+0000][1][safepoint    ] Application time: 0.0008122 seconds
[2019-12-09T03:40:02.194+0000][1][safepoint    ] Entering safepoint region: CollectForMetadataAllocation
[2019-12-09T03:40:02.194+0000][1][safepoint    ] Leaving safepoint region
[2019-12-09T03:40:02.194+0000][1][safepoint    ] Total time for which application threads were stopped: 0.0002817 seconds, Stopping threads took: 0.0000192 seconds
[2019-12-09T03:40:02.195+0000][1][safepoint    ] Application time: 0.0007411 seconds
[2019-12-09T03:40:02.195+0000][1][safepoint    ] Entering safepoint region: RevokeBias
[2019-12-09T03:40:02.195+0000][1][safepoint    ] Leaving safepoint region
[2019-12-09T03:40:02.195+0000][1][safepoint    ] Total time for which application threads were stopped: 0.0000748 seconds, Stopping threads took: 0.0000152 seconds
[2019-12-09T03:40:02.265+0000][1][safepoint    ] Application time: 0.0694103 seconds
[2019-12-09T03:40:02.265+0000][1][safepoint    ] Entering safepoint region: RevokeBias
[2019-12-09T03:40:02.265+0000][1][safepoint    ] Leaving safepoint region
[2019-12-09T03:40:02.265+0000][1][safepoint    ] Total time for which application threads were stopped: 0.0001563 seconds, Stopping threads took: 0.0000220 seconds
[2019-12-09T03:40:02.284+0000][1][safepoint    ] Application time: 0.0189125 seconds
[2019-12-09T03:40:02.284+0000][1][safepoint    ] Entering safepoint region: RevokeBias
[2019-12-09T03:40:02.284+0000][1][safepoint    ] Leaving safepoint region
[2019-12-09T03:40:02.284+0000][1][safepoint    ] Total time for which application threads were stopped: 0.0001375 seconds, Stopping threads took: 0.0000299 seconds
[2019-12-09T03:40:02.319+0000][1][safepoint    ] Application time: 0.0348392 seconds
[2019-12-09T03:40:02.319+0000][1][safepoint    ] Entering safepoint region: RevokeBias
[2019-12-09T03:40:02.319+0000][1][safepoint    ] Leaving safepoint region
[2019-12-09T03:40:02.319+0000][1][safepoint    ] Total time for which application threads were stopped: 0.0001094 seconds, Stopping threads took: 0.0000191 seconds
[2019-12-09T03:40:02.321+0000][1][safepoint    ] Application time: 0.0024608 seconds
[2019-12-09T03:40:02.321+0000][1][safepoint    ] Entering safepoint region: CollectForMetadataAllocation
[2019-12-09T03:40:02.322+0000][1][safepoint    ] Leaving safepoint region
[2019-12-09T03:40:02.322+0000][1][safepoint    ] Total time for which application threads were stopped: 0.0002849 seconds, Stopping threads took: 0.0000180 seconds
[2019-12-09T03:40:02.349+0000][1][safepoint    ] Application time: 0.0269098 seconds
[2019-12-09T03:40:02.358+0000][1][safepoint    ] Entering safepoint region: RevokeBias
[2019-12-09T03:40:02.358+0000][1][safepoint    ] Leaving safepoint region
[2019-12-09T03:40:02.358+0000][1][safepoint    ] Total time for which application threads were stopped: 0.0096539 seconds, Stopping threads took: 0.0095668 seconds
[2019-12-09T03:40:02.360+0000][1][safepoint    ] Application time: 0.0021893 seconds
[2019-12-09T03:40:02.360+0000][1][safepoint    ] Entering safepoint region: RevokeBias
[2019-12-09T03:40:02.361+0000][1][safepoint    ] Leaving safepoint region
[2019-12-09T03:40:02.361+0000][1][safepoint    ] Total time for which application threads were stopped: 0.0000911 seconds, Stopping threads took: 0.0000163 seconds
[2019-12-09T03:40:02.444+0000][1][safepoint    ] Application time: 0.0834567 seconds
[2019-12-09T03:40:02.444+0000][1][safepoint    ] Entering safepoint region: RevokeBias
[2019-12-09T03:40:02.444+0000][1][safepoint    ] Leaving safepoint region
[2019-12-09T03:40:02.444+0000][1][safepoint    ] Total time for which application threads were stopped: 0.0001260 seconds, Stopping threads took: 0.0000214 seconds
[2019-12-09T03:40:02.499+0000][1][safepoint    ] Application time: 0.0549293 seconds
[2019-12-09T03:40:02.499+0000][1][safepoint    ] Entering safepoint region: RevokeBias
[2019-12-09T03:40:02.499+0000][1][safepoint    ] Leaving safepoint region
[2019-12-09T03:40:02.499+0000][1][safepoint    ] Total time for which application threads were stopped: 0.0001363 seconds, Stopping threads took: 0.0000222 seconds
[2019-12-09T03:40:02.504+0000][1][safepoint    ] Application time: 0.0044374 seconds
[2019-12-09T03:40:02.504+0000][1][safepoint    ] Entering safepoint region: RevokeBias
[2019-12-09T03:40:02.504+0000][1][safepoint    ] Leaving safepoint region
[2019-12-09T03:40:02.504+0000][1][safepoint    ] Total time for which application threads were stopped: 0.0001163 seconds, Stopping threads took: 0.0000206 seconds
[2019-12-09T03:40:02.526+0000][1][safepoint    ] Application time: 0.0217956 seconds
[2019-12-09T03:40:02.526+0000][1][safepoint    ] Entering safepoint region: RevokeBias
[2019-12-09T03:40:02.526+0000][1][safepoint    ] Leaving safepoint region
[2019-12-09T03:40:02.526+0000][1][safepoint    ] Total time for which application threads were stopped: 0.0001953 seconds, Stopping threads took: 0.0000213 seconds
[2019-12-09T03:40:02.538+0000][1][gc           ] GC(24) Concurrent Mark 658.890ms
[2019-12-09T03:40:02.538+0000][1][gc,cpu       ] GC(24) User=0.35s Sys=0.00s Real=0.66s
[2019-12-09T03:40:02.538+0000][1][gc           ] GC(24) Concurrent Preclean
[2019-12-09T03:40:02.551+0000][1][gc           ] GC(24) Concurrent Preclean 13.120ms
[2019-12-09T03:40:02.551+0000][1][gc,cpu       ] GC(24) User=0.01s Sys=0.00s Real=0.01s
[2019-12-09T03:40:02.551+0000][1][gc           ] GC(24) Concurrent Abortable Preclean
[2019-12-09T03:40:02.564+0000][1][safepoint    ] Application time: 0.0380397 seconds
[2019-12-09T03:40:02.564+0000][1][safepoint    ] Entering safepoint region: CollectForMetadataAllocation
[2019-12-09T03:40:02.564+0000][1][safepoint    ] Leaving safepoint region
[2019-12-09T03:40:02.564+0000][1][safepoint    ] Total time for which application threads were stopped: 0.0003646 seconds, Stopping threads took: 0.0000913 seconds
[2019-12-09T03:40:02.642+0000][1][safepoint    ] Application time: 0.0773629 seconds
[2019-12-09T03:40:02.642+0000][1][safepoint    ] Entering safepoint region: CollectForMetadataAllocation
[2019-12-09T03:40:02.642+0000][1][safepoint    ] Leaving safepoint region
[2019-12-09T03:40:02.642+0000][1][safepoint    ] Total time for which application threads were stopped: 0.0002946 seconds, Stopping threads took: 0.0000226 seconds
[2019-12-09T03:40:02.649+0000][1][safepoint    ] Application time: 0.0066471 seconds
[2019-12-09T03:40:02.649+0000][1][safepoint    ] Entering safepoint region: RevokeBias
[2019-12-09T03:40:02.649+0000][1][safepoint    ] Leaving safepoint region
[2019-12-09T03:40:02.649+0000][1][safepoint    ] Total time for which application threads were stopped: 0.0001440 seconds, Stopping threads took: 0.0000190 seconds
[2019-12-09T03:40:02.650+0000][1][safepoint    ] Application time: 0.0014405 seconds
[2019-12-09T03:40:02.650+0000][1][safepoint    ] Entering safepoint region: RevokeBias
[2019-12-09T03:40:02.650+0000][1][safepoint    ] Leaving safepoint region
[2019-12-09T03:40:02.650+0000][1][safepoint    ] Total time for which application threads were stopped: 0.0001081 seconds, Stopping threads took: 0.0000148 seconds
[2019-12-09T03:40:02.656+0000][1][safepoint    ] Application time: 0.0056442 seconds
[2019-12-09T03:40:02.656+0000][1][safepoint    ] Entering safepoint region: RevokeBias
[2019-12-09T03:40:02.656+0000][1][safepoint    ] Leaving safepoint region
[2019-12-09T03:40:02.656+0000][1][safepoint    ] Total time for which application threads were stopped: 0.0001175 seconds, Stopping threads took: 0.0000146 seconds
[2019-12-09T03:40:02.657+0000][1][safepoint    ] Application time: 0.0003575 seconds
[2019-12-09T03:40:02.657+0000][1][safepoint    ] Entering safepoint region: RevokeBias
[2019-12-09T03:40:02.657+0000][1][safepoint    ] Leaving safepoint region
[2019-12-09T03:40:02.657+0000][1][safepoint    ] Total time for which application threads were stopped: 0.0001119 seconds, Stopping threads took: 0.0000118 seconds
[2019-12-09T03:40:02.679+0000][1][safepoint    ] Application time: 0.0225729 seconds
[2019-12-09T03:40:02.679+0000][1][safepoint    ] Entering safepoint region: RevokeBias
[2019-12-09T03:40:02.679+0000][1][safepoint    ] Leaving safepoint region
[2019-12-09T03:40:02.679+0000][1][safepoint    ] Total time for which application threads were stopped: 0.0000890 seconds, Stopping threads took: 0.0000147 seconds
[2019-12-09T03:40:02.690+0000][1][safepoint    ] Application time: 0.0109944 seconds
[2019-12-09T03:40:02.702+0000][1][safepoint    ] Entering safepoint region: RevokeBias
[2019-12-09T03:40:02.702+0000][1][safepoint    ] Leaving safepoint region
[2019-12-09T03:40:02.702+0000][1][safepoint    ] Total time for which application threads were stopped: 0.0114227 seconds, Stopping threads took: 0.0113344 seconds
[2019-12-09T03:40:02.704+0000][1][safepoint    ] Application time: 0.0019974 seconds
[2019-12-09T03:40:02.704+0000][1][safepoint    ] Entering safepoint region: RevokeBias
[2019-12-09T03:40:02.704+0000][1][safepoint    ] Leaving safepoint region
[2019-12-09T03:40:02.704+0000][1][safepoint    ] Total time for which application threads were stopped: 0.0001098 seconds, Stopping threads took: 0.0000131 seconds
[2019-12-09T03:40:02.704+0000][1][safepoint    ] Application time: 0.0000766 seconds
[2019-12-09T03:40:02.704+0000][1][safepoint    ] Entering safepoint region: RevokeBias
[2019-12-09T03:40:02.704+0000][1][safepoint    ] Leaving safepoint region
[2019-12-09T03:40:02.704+0000][1][safepoint    ] Total time for which application threads were stopped: 0.0000810 seconds, Stopping threads took: 0.0000098 seconds
[2019-12-09T03:40:02.751+0000][1][safepoint    ] Application time: 0.0464482 seconds
[2019-12-09T03:40:02.751+0000][1][safepoint    ] Entering safepoint region: RevokeBias
[2019-12-09T03:40:02.751+0000][1][safepoint    ] Leaving safepoint region
[2019-12-09T03:40:02.751+0000][1][safepoint    ] Total time for which application threads were stopped: 0.0001446 seconds, Stopping threads took: 0.0000216 seconds
[2019-12-09T03:40:02.758+0000][1][safepoint    ] Application time: 0.0073997 seconds
[2019-12-09T03:40:02.758+0000][1][safepoint    ] Entering safepoint region: CollectForMetadataAllocation
[2019-12-09T03:40:02.759+0000][1][safepoint    ] Leaving safepoint region
[2019-12-09T03:40:02.759+0000][1][safepoint    ] Total time for which application threads were stopped: 0.0002789 seconds, Stopping threads took: 0.0000185 seconds
[2019-12-09T03:40:02.802+0000][1][safepoint    ] Application time: 0.0433819 seconds
[2019-12-09T03:40:02.802+0000][1][safepoint    ] Entering safepoint region: RevokeBias
[2019-12-09T03:40:02.802+0000][1][safepoint    ] Leaving safepoint region
[2019-12-09T03:40:02.802+0000][1][safepoint    ] Total time for which application threads were stopped: 0.0000922 seconds, Stopping threads took: 0.0000221 seconds
[2019-12-09T03:40:02.937+0000][1][safepoint    ] Application time: 0.1346563 seconds
[2019-12-09T03:40:02.937+0000][1][safepoint    ] Entering safepoint region: RevokeBias
[2019-12-09T03:40:02.937+0000][1][safepoint    ] Leaving safepoint region
[2019-12-09T03:40:02.937+0000][1][safepoint    ] Total time for which application threads were stopped: 0.0001282 seconds, Stopping threads took: 0.0000198 seconds
[2019-12-09T03:40:02.956+0000][1][safepoint    ] Application time: 0.0195191 seconds
[2019-12-09T03:40:02.956+0000][1][safepoint    ] Entering safepoint region: Deoptimize
[2019-12-09T03:40:02.957+0000][1][safepoint    ] Leaving safepoint region
[2019-12-09T03:40:02.957+0000][1][safepoint    ] Total time for which application threads were stopped: 0.0008977 seconds, Stopping threads took: 0.0000207 seconds
[2019-12-09T03:40:02.981+0000][1][safepoint    ] Application time: 0.0236754 seconds
[2019-12-09T03:40:02.991+0000][1][safepoint    ] Entering safepoint region: CollectForMetadataAllocation
[2019-12-09T03:40:02.991+0000][1][safepoint    ] Leaving safepoint region
[2019-12-09T03:40:02.991+0000][1][safepoint    ] Total time for which application threads were stopped: 0.0100107 seconds, Stopping threads took: 0.0097404 seconds
[2019-12-09T03:40:03.044+0000][1][safepoint    ] Application time: 0.0526432 seconds
[2019-12-09T03:40:03.052+0000][1][safepoint    ] Entering safepoint region: CollectForMetadataAllocation
[2019-12-09T03:40:03.052+0000][1][safepoint    ] Leaving safepoint region
[2019-12-09T03:40:03.052+0000][1][safepoint    ] Total time for which application threads were stopped: 0.0082624 seconds, Stopping threads took: 0.0079675 seconds
[2019-12-09T03:40:03.063+0000][1][safepoint    ] Application time: 0.0112301 seconds
[2019-12-09T03:40:03.063+0000][1][safepoint    ] Entering safepoint region: RevokeBias
[2019-12-09T03:40:03.063+0000][1][safepoint    ] Leaving safepoint region
[2019-12-09T03:40:03.063+0000][1][safepoint    ] Total time for which application threads were stopped: 0.0001647 seconds, Stopping threads took: 0.0000208 seconds
[2019-12-09T03:40:03.072+0000][1][safepoint    ] Application time: 0.0082458 seconds
[2019-12-09T03:40:03.079+0000][1][safepoint    ] Entering safepoint region: RevokeBias
[2019-12-09T03:40:03.079+0000][1][safepoint    ] Leaving safepoint region
[2019-12-09T03:40:03.079+0000][1][safepoint    ] Total time for which application threads were stopped: 0.0073646 seconds, Stopping threads took: 0.0072623 seconds
[2019-12-09T03:40:03.092+0000][1][safepoint    ] Application time: 0.0127442 seconds
[2019-12-09T03:40:03.092+0000][1][safepoint    ] Entering safepoint region: RevokeBias
[2019-12-09T03:40:03.092+0000][1][safepoint    ] Leaving safepoint region
[2019-12-09T03:40:03.092+0000][1][safepoint    ] Total time for which application threads were stopped: 0.0001385 seconds, Stopping threads took: 0.0000454 seconds
[2019-12-09T03:40:03.094+0000][1][safepoint    ] Application time: 0.0020123 seconds
[2019-12-09T03:40:03.094+0000][1][safepoint    ] Entering safepoint region: RevokeBias
[2019-12-09T03:40:03.094+0000][1][safepoint    ] Leaving safepoint region
[2019-12-09T03:40:03.094+0000][1][safepoint    ] Total time for which application threads were stopped: 0.0000898 seconds, Stopping threads took: 0.0000142 seconds
[2019-12-09T03:40:03.174+0000][1][safepoint    ] Application time: 0.0798769 seconds
[2019-12-09T03:40:03.174+0000][1][safepoint    ] Entering safepoint region: RevokeBias
[2019-12-09T03:40:03.174+0000][1][safepoint    ] Leaving safepoint region
[2019-12-09T03:40:03.174+0000][1][safepoint    ] Total time for which application threads were stopped: 0.0001157 seconds, Stopping threads took: 0.0000177 seconds
[2019-12-09T03:40:03.175+0000][1][safepoint    ] Application time: 0.0009365 seconds
[2019-12-09T03:40:03.175+0000][1][safepoint    ] Entering safepoint region: RevokeBias
[2019-12-09T03:40:03.175+0000][1][safepoint    ] Leaving safepoint region
[2019-12-09T03:40:03.175+0000][1][safepoint    ] Total time for which application threads were stopped: 0.0001177 seconds, Stopping threads took: 0.0000259 seconds
[2019-12-09T03:40:03.182+0000][1][safepoint    ] Application time: 0.0070771 seconds
[2019-12-09T03:40:03.182+0000][1][safepoint    ] Entering safepoint region: Deoptimize
[2019-12-09T03:40:03.183+0000][1][safepoint    ] Leaving safepoint region
[2019-12-09T03:40:03.183+0000][1][safepoint    ] Total time for which application threads were stopped: 0.0008420 seconds, Stopping threads took: 0.0000177 seconds
[2019-12-09T03:40:03.201+0000][1][safepoint    ] Application time: 0.0176908 seconds
[2019-12-09T03:40:03.201+0000][1][safepoint    ] Entering safepoint region: CollectForMetadataAllocation
[2019-12-09T03:40:03.201+0000][1][safepoint    ] Leaving safepoint region
[2019-12-09T03:40:03.201+0000][1][safepoint    ] Total time for which application threads were stopped: 0.0003080 seconds, Stopping threads took: 0.0000231 seconds
[2019-12-09T03:40:03.333+0000][1][safepoint    ] Application time: 0.1313511 seconds
[2019-12-09T03:40:03.333+0000][1][safepoint    ] Entering safepoint region: CollectForMetadataAllocation
[2019-12-09T03:40:03.333+0000][1][safepoint    ] Leaving safepoint region
[2019-12-09T03:40:03.333+0000][1][safepoint    ] Total time for which application threads were stopped: 0.0003116 seconds, Stopping threads took: 0.0000219 seconds
[2019-12-09T03:40:03.413+0000][1][safepoint    ] Application time: 0.0797227 seconds
[2019-12-09T03:40:03.413+0000][1][safepoint    ] Entering safepoint region: RevokeBias
[2019-12-09T03:40:03.413+0000][1][safepoint    ] Leaving safepoint region
[2019-12-09T03:40:03.413+0000][1][safepoint    ] Total time for which application threads were stopped: 0.0001248 seconds, Stopping threads took: 0.0000202 seconds
[2019-12-09T03:40:03.414+0000][1][safepoint    ] Application time: 0.0008938 seconds
[2019-12-09T03:40:03.414+0000][1][safepoint    ] Entering safepoint region: RevokeBias
[2019-12-09T03:40:03.414+0000][1][safepoint    ] Leaving safepoint region
[2019-12-09T03:40:03.414+0000][1][safepoint    ] Total time for which application threads were stopped: 0.0001006 seconds, Stopping threads took: 0.0000174 seconds
[2019-12-09T03:40:03.498+0000][1][safepoint    ] Application time: 0.0845945 seconds
[2019-12-09T03:40:03.499+0000][1][safepoint    ] Entering safepoint region: CollectForMetadataAllocation
[2019-12-09T03:40:03.499+0000][1][safepoint    ] Leaving safepoint region
[2019-12-09T03:40:03.499+0000][1][safepoint    ] Total time for which application threads were stopped: 0.0003223 seconds, Stopping threads took: 0.0000225 seconds
[2019-12-09T03:40:03.515+0000][1][safepoint    ] Application time: 0.0159937 seconds
[2019-12-09T03:40:03.515+0000][1][safepoint    ] Entering safepoint region: RevokeBias
[2019-12-09T03:40:03.515+0000][1][safepoint    ] Leaving safepoint region
[2019-12-09T03:40:03.515+0000][1][safepoint    ] Total time for which application threads were stopped: 0.0001230 seconds, Stopping threads took: 0.0000208 seconds
[2019-12-09T03:40:03.526+0000][1][safepoint    ] Application time: 0.0105808 seconds
[2019-12-09T03:40:03.526+0000][1][safepoint    ] Entering safepoint region: RevokeBias
[2019-12-09T03:40:03.526+0000][1][safepoint    ] Leaving safepoint region
[2019-12-09T03:40:03.526+0000][1][safepoint    ] Total time for which application threads were stopped: 0.0001200 seconds, Stopping threads took: 0.0000182 seconds
[2019-12-09T03:40:03.581+0000][1][safepoint    ] Application time: 0.0548571 seconds
[2019-12-09T03:40:03.581+0000][1][safepoint    ] Entering safepoint region: CollectForMetadataAllocation
[2019-12-09T03:40:03.581+0000][1][safepoint    ] Leaving safepoint region
[2019-12-09T03:40:03.581+0000][1][safepoint    ] Total time for which application threads were stopped: 0.0003023 seconds, Stopping threads took: 0.0000198 seconds
[2019-12-09T03:40:03.754+0000][1][safepoint    ] Application time: 0.1735496 seconds
[2019-12-09T03:40:03.755+0000][1][safepoint    ] Entering safepoint region: RevokeBias
[2019-12-09T03:40:03.755+0000][1][safepoint    ] Leaving safepoint region
[2019-12-09T03:40:03.755+0000][1][safepoint    ] Total time for which application threads were stopped: 0.0001511 seconds, Stopping threads took: 0.0000234 seconds
[2019-12-09T03:40:03.775+0000][1][safepoint    ] Application time: 0.0206942 seconds
[2019-12-09T03:40:03.775+0000][1][safepoint    ] Entering safepoint region: RevokeBias
[2019-12-09T03:40:03.775+0000][1][safepoint    ] Leaving safepoint region
[2019-12-09T03:40:03.775+0000][1][safepoint    ] Total time for which application threads were stopped: 0.0001147 seconds, Stopping threads took: 0.0000201 seconds
[2019-12-09T03:40:03.858+0000][1][safepoint    ] Application time: 0.0829815 seconds
[2019-12-09T03:40:03.859+0000][1][safepoint    ] Entering safepoint region: RevokeBias
[2019-12-09T03:40:03.859+0000][1][safepoint    ] Leaving safepoint region
[2019-12-09T03:40:03.859+0000][1][safepoint    ] Total time for which application threads were stopped: 0.0001859 seconds, Stopping threads took: 0.0000552 seconds
[2019-12-09T03:40:03.908+0000][1][safepoint    ] Application time: 0.0494539 seconds
[2019-12-09T03:40:03.908+0000][1][safepoint    ] Entering safepoint region: GenCollectForAllocation
[2019-12-09T03:40:03.908+0000][1][gc,start     ] GC(25) Pause Young (Allocation Failure)
[2019-12-09T03:40:03.908+0000][1][gc,task      ] GC(25) Using 2 workers of 2 for evacuation
[2019-12-09T03:40:04.057+0000][1][gc,age       ] GC(25) Desired survivor size 4456448 bytes, new threshold 1 (max threshold 6)
[2019-12-09T03:40:04.057+0000][1][gc,age       ] GC(25) Age table with threshold 1 (max threshold 6)
[2019-12-09T03:40:04.057+0000][1][gc,age       ] GC(25) - age   1:    4746816 bytes,    4746816 total
[2019-12-09T03:40:04.057+0000][1][gc,age       ] GC(25) - age   2:    1837016 bytes,    6583832 total
[2019-12-09T03:40:04.057+0000][1][gc,heap      ] GC(25) ParNew: 76945K->7937K(78656K)
[2019-12-09T03:40:04.057+0000][1][gc,heap      ] GC(25) CMS: 64387K->67961K(174784K)
[2019-12-09T03:40:04.057+0000][1][gc,metaspace ] GC(25) Metaspace: 75749K->75749K(1118208K)
[2019-12-09T03:40:04.057+0000][1][gc           ] GC(25) Pause Young (Allocation Failure) 138M->74M(247M) 148.703ms
[2019-12-09T03:40:04.057+0000][1][gc,cpu       ] GC(25) User=0.05s Sys=0.00s Real=0.15s
[2019-12-09T03:40:04.057+0000][1][safepoint    ] Leaving safepoint region
[2019-12-09T03:40:04.057+0000][1][safepoint    ] Total time for which application threads were stopped: 0.1489536 seconds, Stopping threads took: 0.0000638 seconds
[2019-12-09T03:40:04.110+0000][1][safepoint    ] Application time: 0.0526001 seconds
[2019-12-09T03:40:04.161+0000][1][safepoint    ] Entering safepoint region: RevokeBias
[2019-12-09T03:40:04.161+0000][1][safepoint    ] Leaving safepoint region
[2019-12-09T03:40:04.161+0000][1][safepoint    ] Total time for which application threads were stopped: 0.0511842 seconds, Stopping threads took: 0.0509860 seconds
[2019-12-09T03:40:04.219+0000][1][safepoint    ] Application time: 0.0580995 seconds
[2019-12-09T03:40:04.219+0000][1][safepoint    ] Entering safepoint region: RevokeBias
[2019-12-09T03:40:04.219+0000][1][safepoint    ] Leaving safepoint region
[2019-12-09T03:40:04.219+0000][1][safepoint    ] Total time for which application threads were stopped: 0.0001781 seconds, Stopping threads took: 0.0000553 seconds
[2019-12-09T03:40:04.226+0000][1][safepoint    ] Application time: 0.0064089 seconds
[2019-12-09T03:40:04.226+0000][1][safepoint    ] Entering safepoint region: CollectForMetadataAllocation
[2019-12-09T03:40:04.226+0000][1][safepoint    ] Leaving safepoint region
[2019-12-09T03:40:04.226+0000][1][safepoint    ] Total time for which application threads were stopped: 0.0003617 seconds, Stopping threads took: 0.0000750 seconds
[2019-12-09T03:40:04.242+0000][1][safepoint    ] Application time: 0.0156501 seconds
[2019-12-09T03:40:04.242+0000][1][safepoint    ] Entering safepoint region: RevokeBias
[2019-12-09T03:40:04.242+0000][1][safepoint    ] Leaving safepoint region
[2019-12-09T03:40:04.242+0000][1][safepoint    ] Total time for which application threads were stopped: 0.0001576 seconds, Stopping threads took: 0.0000488 seconds
[2019-12-09T03:40:04.247+0000][1][safepoint    ] Application time: 0.0051551 seconds
[2019-12-09T03:40:04.247+0000][1][safepoint    ] Entering safepoint region: RevokeBias
[2019-12-09T03:40:04.247+0000][1][safepoint    ] Leaving safepoint region
[2019-12-09T03:40:04.247+0000][1][safepoint    ] Total time for which application threads were stopped: 0.0001044 seconds, Stopping threads took: 0.0000149 seconds
[2019-12-09T03:40:04.279+0000][1][safepoint    ] Application time: 0.0314598 seconds
[2019-12-09T03:40:04.280+0000][1][safepoint    ] Entering safepoint region: CollectForMetadataAllocation
[2019-12-09T03:40:04.280+0000][1][safepoint    ] Leaving safepoint region
[2019-12-09T03:40:04.280+0000][1][safepoint    ] Total time for which application threads were stopped: 0.0011422 seconds, Stopping threads took: 0.0010180 seconds
[2019-12-09T03:40:04.282+0000][1][safepoint    ] Application time: 0.0017423 seconds
[2019-12-09T03:40:04.282+0000][1][safepoint    ] Entering safepoint region: RevokeBias
[2019-12-09T03:40:04.282+0000][1][safepoint    ] Leaving safepoint region
[2019-12-09T03:40:04.282+0000][1][safepoint    ] Total time for which application threads were stopped: 0.0002008 seconds, Stopping threads took: 0.0000154 seconds
[2019-12-09T03:40:04.370+0000][1][safepoint    ] Application time: 0.0878573 seconds
[2019-12-09T03:40:04.370+0000][1][safepoint    ] Entering safepoint region: RevokeBias
[2019-12-09T03:40:04.370+0000][1][safepoint    ] Leaving safepoint region
[2019-12-09T03:40:04.370+0000][1][safepoint    ] Total time for which application threads were stopped: 0.0002332 seconds, Stopping threads took: 0.0000222 seconds
[2019-12-09T03:40:04.373+0000][1][safepoint    ] Application time: 0.0032983 seconds
[2019-12-09T03:40:04.373+0000][1][safepoint    ] Entering safepoint region: RevokeBias
[2019-12-09T03:40:04.373+0000][1][safepoint    ] Leaving safepoint region
[2019-12-09T03:40:04.373+0000][1][safepoint    ] Total time for which application threads were stopped: 0.0001669 seconds, Stopping threads took: 0.0000179 seconds
[2019-12-09T03:40:04.391+0000][1][safepoint    ] Application time: 0.0174629 seconds
[2019-12-09T03:40:04.395+0000][1][safepoint    ] Entering safepoint region: RevokeBias
[2019-12-09T03:40:04.395+0000][1][safepoint    ] Leaving safepoint region
[2019-12-09T03:40:04.395+0000][1][safepoint    ] Total time for which application threads were stopped: 0.0044780 seconds, Stopping threads took: 0.0042621 seconds
[2019-12-09T03:40:04.612+0000][1][safepoint    ] Application time: 0.2166593 seconds
[2019-12-09T03:40:04.612+0000][1][safepoint    ] Entering safepoint region: RevokeBias
[2019-12-09T03:40:04.612+0000][1][safepoint    ] Leaving safepoint region
[2019-12-09T03:40:04.612+0000][1][safepoint    ] Total time for which application threads were stopped: 0.0001393 seconds, Stopping threads took: 0.0000200 seconds
[2019-12-09T03:40:04.666+0000][1][safepoint    ] Application time: 0.0534205 seconds
[2019-12-09T03:40:04.666+0000][1][safepoint    ] Entering safepoint region: RevokeBias
[2019-12-09T03:40:04.666+0000][1][safepoint    ] Leaving safepoint region
[2019-12-09T03:40:04.666+0000][1][safepoint    ] Total time for which application threads were stopped: 0.0001414 seconds, Stopping threads took: 0.0000228 seconds
[2019-12-09T03:40:04.682+0000][1][safepoint    ] Application time: 0.0160075 seconds
[2019-12-09T03:40:04.682+0000][1][safepoint    ] Entering safepoint region: RevokeBias
[2019-12-09T03:40:04.682+0000][1][safepoint    ] Leaving safepoint region
[2019-12-09T03:40:04.682+0000][1][safepoint    ] Total time for which application threads were stopped: 0.0001360 seconds, Stopping threads took: 0.0000298 seconds
[2019-12-09T03:40:04.683+0000][1][safepoint    ] Application time: 0.0008369 seconds
[2019-12-09T03:40:04.683+0000][1][safepoint    ] Entering safepoint region: RevokeBias
[2019-12-09T03:40:04.683+0000][1][safepoint    ] Leaving safepoint region
[2019-12-09T03:40:04.683+0000][1][safepoint    ] Total time for which application threads were stopped: 0.0001228 seconds, Stopping threads took: 0.0000238 seconds
[2019-12-09T03:40:04.699+0000][1][safepoint    ] Application time: 0.0159711 seconds
[2019-12-09T03:40:04.699+0000][1][safepoint    ] Entering safepoint region: RevokeBias
[2019-12-09T03:40:04.699+0000][1][safepoint    ] Leaving safepoint region
[2019-12-09T03:40:04.699+0000][1][safepoint    ] Total time for which application threads were stopped: 0.0001224 seconds, Stopping threads took: 0.0000186 seconds
[2019-12-09T03:40:04.824+0000][1][safepoint    ] Application time: 0.1247572 seconds
[2019-12-09T03:40:04.824+0000][1][safepoint    ] Entering safepoint region: RevokeBias
[2019-12-09T03:40:04.824+0000][1][safepoint    ] Leaving safepoint region
[2019-12-09T03:40:04.824+0000][1][safepoint    ] Total time for which application threads were stopped: 0.0001365 seconds, Stopping threads took: 0.0000212 seconds
[2019-12-09T03:40:04.824+0000][1][gc           ] GC(24) Concurrent Abortable Preclean 2273.116ms
[2019-12-09T03:40:04.824+0000][1][gc,cpu       ] GC(24) User=1.15s Sys=0.03s Real=2.27s
[2019-12-09T03:40:04.824+0000][1][safepoint    ] Application time: 0.0000850 seconds
[2019-12-09T03:40:04.824+0000][1][safepoint    ] Entering safepoint region: CMS_Final_Remark
[2019-12-09T03:40:04.824+0000][1][gc,start     ] GC(24) Pause Remark
[2019-12-09T03:40:04.954+0000][1][gc           ] GC(24) Pause Remark 113M->113M(247M) 129.950ms
[2019-12-09T03:40:04.954+0000][1][gc,cpu       ] GC(24) User=0.05s Sys=0.00s Real=0.13s
[2019-12-09T03:40:04.954+0000][1][safepoint    ] Leaving safepoint region
[2019-12-09T03:40:04.954+0000][1][safepoint    ] Total time for which application threads were stopped: 0.1301145 seconds, Stopping threads took: 0.0000102 seconds
[2019-12-09T03:40:05.002+0000][1][safepoint    ] Application time: 0.0474695 seconds
[2019-12-09T03:40:05.007+0000][1][safepoint    ] Entering safepoint region: RevokeBias
[2019-12-09T03:40:05.008+0000][1][safepoint    ] Leaving safepoint region
[2019-12-09T03:40:05.008+0000][1][safepoint    ] Total time for which application threads were stopped: 0.0059396 seconds, Stopping threads took: 0.0050190 seconds
[2019-12-09T03:40:05.012+0000][1][gc           ] GC(24) Concurrent Sweep
[2019-12-09T03:40:05.032+0000][1][safepoint    ] Application time: 0.0243609 seconds
[2019-12-09T03:40:05.032+0000][1][safepoint    ] Entering safepoint region: RevokeBias
[2019-12-09T03:40:05.032+0000][1][safepoint    ] Leaving safepoint region
[2019-12-09T03:40:05.032+0000][1][safepoint    ] Total time for which application threads were stopped: 0.0001251 seconds, Stopping threads took: 0.0000200 seconds
[2019-12-09T03:40:05.032+0000][1][safepoint    ] Application time: 0.0000597 seconds
[2019-12-09T03:40:05.032+0000][1][safepoint    ] Entering safepoint region: RevokeBias
[2019-12-09T03:40:05.032+0000][1][safepoint    ] Leaving safepoint region
[2019-12-09T03:40:05.032+0000][1][safepoint    ] Total time for which application threads were stopped: 0.0000666 seconds, Stopping threads took: 0.0000096 seconds
[2019-12-09T03:40:05.164+0000][1][gc           ] GC(24) Concurrent Sweep 152.054ms
[2019-12-09T03:40:05.164+0000][1][gc,cpu       ] GC(24) User=0.11s Sys=0.00s Real=0.15s
[2019-12-09T03:40:05.164+0000][1][gc           ] GC(24) Concurrent Reset
[2019-12-09T03:40:05.164+0000][1][gc           ] GC(24) Concurrent Reset 0.333ms
[2019-12-09T03:40:05.164+0000][1][gc,cpu       ] GC(24) User=0.00s Sys=0.00s Real=0.00s
[2019-12-09T03:40:05.164+0000][1][gc,heap      ] GC(24) Old: 64387K->67314K(174784K)
[2019-12-09T03:40:05.172+0000][1][safepoint    ] Application time: 0.1395550 seconds
[2019-12-09T03:40:05.172+0000][1][safepoint    ] Entering safepoint region: RevokeBias
[2019-12-09T03:40:05.172+0000][1][safepoint    ] Leaving safepoint region
[2019-12-09T03:40:05.172+0000][1][safepoint    ] Total time for which application threads were stopped: 0.0001386 seconds, Stopping threads took: 0.0000214 seconds
[2019-12-09T03:40:05.295+0000][1][safepoint    ] Application time: 0.1225129 seconds
[2019-12-09T03:40:05.295+0000][1][safepoint    ] Entering safepoint region: RevokeBias
[2019-12-09T03:40:05.295+0000][1][safepoint    ] Leaving safepoint region
[2019-12-09T03:40:05.295+0000][1][safepoint    ] Total time for which application threads were stopped: 0.0001538 seconds, Stopping threads took: 0.0000251 seconds
[2019-12-09T03:40:05.367+0000][1][safepoint    ] Application time: 0.0723463 seconds
[2019-12-09T03:40:05.367+0000][1][safepoint    ] Entering safepoint region: RevokeBias
[2019-12-09T03:40:05.367+0000][1][safepoint    ] Leaving safepoint region
[2019-12-09T03:40:05.367+0000][1][safepoint    ] Total time for which application threads were stopped: 0.0001528 seconds, Stopping threads took: 0.0000239 seconds
[2019-12-09T03:40:06.374+0000][1][safepoint    ] Application time: 1.0063082 seconds
[2019-12-09T03:40:06.374+0000][1][safepoint    ] Entering safepoint region: Cleanup
[2019-12-09T03:40:06.374+0000][1][safepoint    ] Leaving safepoint region
[2019-12-09T03:40:06.374+0000][1][safepoint    ] Total time for which application threads were stopped: 0.0001356 seconds, Stopping threads took: 0.0000277 seconds
[2019-12-09T03:40:06.548+0000][1][safepoint    ] Application time: 0.1737945 seconds
[2019-12-09T03:40:06.548+0000][1][safepoint    ] Entering safepoint region: RevokeBias
[2019-12-09T03:40:06.548+0000][1][safepoint    ] Leaving safepoint region
[2019-12-09T03:40:06.548+0000][1][safepoint    ] Total time for which application threads were stopped: 0.0001889 seconds, Stopping threads took: 0.0000736 seconds
[2019-12-09T03:40:06.724+0000][1][safepoint    ] Application time: 0.1758821 seconds
[2019-12-09T03:40:06.724+0000][1][safepoint    ] Entering safepoint region: RevokeBias
[2019-12-09T03:40:06.724+0000][1][safepoint    ] Leaving safepoint region
[2019-12-09T03:40:06.724+0000][1][safepoint    ] Total time for which application threads were stopped: 0.0001784 seconds, Stopping threads took: 0.0000209 seconds
[2019-12-09T03:40:06.725+0000][1][safepoint    ] Application time: 0.0004992 seconds
[2019-12-09T03:40:06.725+0000][1][safepoint    ] Entering safepoint region: RevokeBias
[2019-12-09T03:40:06.725+0000][1][safepoint    ] Leaving safepoint region
[2019-12-09T03:40:06.725+0000][1][safepoint    ] Total time for which application threads were stopped: 0.0001375 seconds, Stopping threads took: 0.0000166 seconds
[2019-12-09T03:40:06.764+0000][1][safepoint    ] Application time: 0.0396691 seconds
[2019-12-09T03:40:06.764+0000][1][safepoint    ] Entering safepoint region: RevokeBias
[2019-12-09T03:40:06.765+0000][1][safepoint    ] Leaving safepoint region
[2019-12-09T03:40:06.765+0000][1][safepoint    ] Total time for which application threads were stopped: 0.0001315 seconds, Stopping threads took: 0.0000206 seconds
[2019-12-09T03:40:06.780+0000][1][safepoint    ] Application time: 0.0159251 seconds
[2019-12-09T03:40:06.781+0000][1][safepoint    ] Entering safepoint region: RevokeBias
[2019-12-09T03:40:06.781+0000][1][safepoint    ] Leaving safepoint region
[2019-12-09T03:40:06.781+0000][1][safepoint    ] Total time for which application threads were stopped: 0.0001272 seconds, Stopping threads took: 0.0000305 seconds
[2019-12-09T03:40:06.807+0000][1][safepoint    ] Application time: 0.0268127 seconds
[2019-12-09T03:40:06.807+0000][1][safepoint    ] Entering safepoint region: RevokeBias
[2019-12-09T03:40:06.808+0000][1][safepoint    ] Leaving safepoint region
[2019-12-09T03:40:06.808+0000][1][safepoint    ] Total time for which application threads were stopped: 0.0001440 seconds, Stopping threads took: 0.0000223 seconds
[2019-12-09T03:40:06.935+0000][1][safepoint    ] Application time: 0.1274247 seconds
[2019-12-09T03:40:06.936+0000][1][safepoint    ] Entering safepoint region: RevokeBias
[2019-12-09T03:40:06.936+0000][1][safepoint    ] Leaving safepoint region
[2019-12-09T03:40:06.936+0000][1][safepoint    ] Total time for which application threads were stopped: 0.0008535 seconds, Stopping threads took: 0.0007258 seconds
[2019-12-09T03:40:07.010+0000][1][safepoint    ] Application time: 0.0741794 seconds
[2019-12-09T03:40:07.010+0000][1][safepoint    ] Entering safepoint region: RevokeBias
[2019-12-09T03:40:07.011+0000][1][safepoint    ] Leaving safepoint region
[2019-12-09T03:40:07.011+0000][1][safepoint    ] Total time for which application threads were stopped: 0.0004389 seconds, Stopping threads took: 0.0003119 seconds
[2019-12-09T03:40:07.076+0000][1][safepoint    ] Application time: 0.0656137 seconds
[2019-12-09T03:40:07.076+0000][1][safepoint    ] Entering safepoint region: RevokeBias
[2019-12-09T03:40:07.076+0000][1][safepoint    ] Leaving safepoint region
[2019-12-09T03:40:07.076+0000][1][safepoint    ] Total time for which application threads were stopped: 0.0001400 seconds, Stopping threads took: 0.0000216 seconds
[2019-12-09T03:40:07.116+0000][1][safepoint    ] Application time: 0.0396654 seconds
[2019-12-09T03:40:07.116+0000][1][safepoint    ] Entering safepoint region: RevokeBias
[2019-12-09T03:40:07.116+0000][1][safepoint    ] Leaving safepoint region
[2019-12-09T03:40:07.116+0000][1][safepoint    ] Total time for which application threads were stopped: 0.0001478 seconds, Stopping threads took: 0.0000244 seconds
[2019-12-09T03:40:07.116+0000][1][safepoint    ] Application time: 0.0000973 seconds
[2019-12-09T03:40:07.116+0000][1][safepoint    ] Entering safepoint region: RevokeBias
[2019-12-09T03:40:07.116+0000][1][safepoint    ] Leaving safepoint region
[2019-12-09T03:40:07.116+0000][1][safepoint    ] Total time for which application threads were stopped: 0.0000692 seconds, Stopping threads took: 0.0000097 seconds
[2019-12-09T03:40:07.117+0000][1][safepoint    ] Application time: 0.0001015 seconds
[2019-12-09T03:40:07.117+0000][1][safepoint    ] Entering safepoint region: RevokeBias
[2019-12-09T03:40:07.117+0000][1][safepoint    ] Leaving safepoint region
[2019-12-09T03:40:07.117+0000][1][safepoint    ] Total time for which application threads were stopped: 0.0000562 seconds, Stopping threads took: 0.0000081 seconds
[2019-12-09T03:40:07.117+0000][1][safepoint    ] Application time: 0.0000633 seconds
[2019-12-09T03:40:07.117+0000][1][safepoint    ] Entering safepoint region: RevokeBias
[2019-12-09T03:40:07.117+0000][1][safepoint    ] Leaving safepoint region
[2019-12-09T03:40:07.117+0000][1][safepoint    ] Total time for which application threads were stopped: 0.0000754 seconds, Stopping threads took: 0.0000080 seconds
[2019-12-09T03:40:07.117+0000][1][safepoint    ] Application time: 0.0000888 seconds
[2019-12-09T03:40:07.117+0000][1][safepoint    ] Entering safepoint region: RevokeBias
[2019-12-09T03:40:07.117+0000][1][safepoint    ] Leaving safepoint region
[2019-12-09T03:40:07.117+0000][1][safepoint    ] Total time for which application threads were stopped: 0.0000573 seconds, Stopping threads took: 0.0000086 seconds
[2019-12-09T03:40:07.144+0000][1][safepoint    ] Application time: 0.0271488 seconds
[2019-12-09T03:40:07.144+0000][1][safepoint    ] Entering safepoint region: RevokeBias
[2019-12-09T03:40:07.144+0000][1][safepoint    ] Leaving safepoint region
[2019-12-09T03:40:07.144+0000][1][safepoint    ] Total time for which application threads were stopped: 0.0001113 seconds, Stopping threads took: 0.0000199 seconds
[2019-12-09T03:40:07.144+0000][1][safepoint    ] Application time: 0.0002124 seconds
[2019-12-09T03:40:07.144+0000][1][safepoint    ] Entering safepoint region: RevokeBias
[2019-12-09T03:40:07.145+0000][1][safepoint    ] Leaving safepoint region
[2019-12-09T03:40:07.145+0000][1][safepoint    ] Total time for which application threads were stopped: 0.0000863 seconds, Stopping threads took: 0.0000131 seconds
[2019-12-09T03:40:07.205+0000][1][safepoint    ] Application time: 0.0601773 seconds
[2019-12-09T03:40:07.205+0000][1][safepoint    ] Entering safepoint region: BulkRevokeBias
[2019-12-09T03:40:07.205+0000][1][safepoint    ] Leaving safepoint region
[2019-12-09T03:40:07.205+0000][1][safepoint    ] Total time for which application threads were stopped: 0.0005384 seconds, Stopping threads took: 0.0000200 seconds
[2019-12-09T03:40:07.564+0000][1][safepoint    ] Application time: 0.3585688 seconds
[2019-12-09T03:40:07.564+0000][1][safepoint    ] Entering safepoint region: RevokeBias
[2019-12-09T03:40:07.564+0000][1][safepoint    ] Leaving safepoint region
[2019-12-09T03:40:07.564+0000][1][safepoint    ] Total time for which application threads were stopped: 0.0001342 seconds, Stopping threads took: 0.0000217 seconds
[2019-12-09T03:40:07.940+0000][1][safepoint    ] Application time: 0.3756734 seconds
[2019-12-09T03:40:08.020+0000][1][safepoint    ] Entering safepoint region: RevokeBias
[2019-12-09T03:40:08.020+0000][1][safepoint    ] Leaving safepoint region
[2019-12-09T03:40:08.020+0000][1][safepoint    ] Total time for which application threads were stopped: 0.0802390 seconds, Stopping threads took: 0.0800675 seconds
[2019-12-09T03:40:08.051+0000][1][safepoint    ] Application time: 0.0313174 seconds
[2019-12-09T03:40:08.053+0000][1][safepoint    ] Entering safepoint region: RevokeBias
[2019-12-09T03:40:08.053+0000][1][safepoint    ] Leaving safepoint region
[2019-12-09T03:40:08.053+0000][1][safepoint    ] Total time for which application threads were stopped: 0.0014932 seconds, Stopping threads took: 0.0013688 seconds
[2019-12-09T03:40:08.055+0000][1][safepoint    ] Application time: 0.0021468 seconds
[2019-12-09T03:40:08.055+0000][1][safepoint    ] Entering safepoint region: RevokeBias
[2019-12-09T03:40:08.055+0000][1][safepoint    ] Leaving safepoint region
[2019-12-09T03:40:08.055+0000][1][safepoint    ] Total time for which application threads were stopped: 0.0001176 seconds, Stopping threads took: 0.0000169 seconds
[2019-12-09T03:40:08.057+0000][1][safepoint    ] Application time: 0.0016777 seconds
[2019-12-09T03:40:08.057+0000][1][safepoint    ] Entering safepoint region: RevokeBias
[2019-12-09T03:40:08.057+0000][1][safepoint    ] Leaving safepoint region
[2019-12-09T03:40:08.057+0000][1][safepoint    ] Total time for which application threads were stopped: 0.0000946 seconds, Stopping threads took: 0.0000150 seconds
[2019-12-09T03:40:08.060+0000][1][safepoint    ] Application time: 0.0028317 seconds
[2019-12-09T03:40:08.060+0000][1][safepoint    ] Entering safepoint region: RevokeBias
[2019-12-09T03:40:08.060+0000][1][safepoint    ] Leaving safepoint region
[2019-12-09T03:40:08.060+0000][1][safepoint    ] Total time for which application threads were stopped: 0.0000960 seconds, Stopping threads took: 0.0000143 seconds
[2019-12-09T03:40:08.451+0000][1][safepoint    ] Application time: 0.3912407 seconds
[2019-12-09T03:40:08.451+0000][1][safepoint    ] Entering safepoint region: RevokeBias
[2019-12-09T03:40:08.451+0000][1][safepoint    ] Leaving safepoint region
[2019-12-09T03:40:08.451+0000][1][safepoint    ] Total time for which application threads were stopped: 0.0001525 seconds, Stopping threads took: 0.0000235 seconds
[2019-12-09T03:40:08.452+0000][1][safepoint    ] Application time: 0.0002616 seconds
[2019-12-09T03:40:08.452+0000][1][safepoint    ] Entering safepoint region: RevokeBias
[2019-12-09T03:40:08.452+0000][1][safepoint    ] Leaving safepoint region
[2019-12-09T03:40:08.452+0000][1][safepoint    ] Total time for which application threads were stopped: 0.0001295 seconds, Stopping threads took: 0.0000180 seconds
[2019-12-09T03:40:08.452+0000][1][safepoint    ] Application time: 0.0005913 seconds
[2019-12-09T03:40:08.452+0000][1][safepoint    ] Entering safepoint region: Deoptimize
[2019-12-09T03:40:08.453+0000][1][safepoint    ] Leaving safepoint region
[2019-12-09T03:40:08.453+0000][1][safepoint    ] Total time for which application threads were stopped: 0.0009241 seconds, Stopping threads took: 0.0000159 seconds
[2019-12-09T03:40:08.459+0000][1][safepoint    ] Application time: 0.0056832 seconds
[2019-12-09T03:40:08.459+0000][1][safepoint    ] Entering safepoint region: RevokeBias
[2019-12-09T03:40:08.459+0000][1][safepoint    ] Leaving safepoint region
[2019-12-09T03:40:08.459+0000][1][safepoint    ] Total time for which application threads were stopped: 0.0000951 seconds, Stopping threads took: 0.0000166 seconds
[2019-12-09T03:40:08.459+0000][1][safepoint    ] Application time: 0.0002155 seconds
[2019-12-09T03:40:08.459+0000][1][safepoint    ] Entering safepoint region: RevokeBias
[2019-12-09T03:40:08.459+0000][1][safepoint    ] Leaving safepoint region
[2019-12-09T03:40:08.459+0000][1][safepoint    ] Total time for which application threads were stopped: 0.0000847 seconds, Stopping threads took: 0.0000124 seconds
[2019-12-09T03:40:08.460+0000][1][safepoint    ] Application time: 0.0003236 seconds
[2019-12-09T03:40:08.460+0000][1][safepoint    ] Entering safepoint region: RevokeBias
[2019-12-09T03:40:08.460+0000][1][safepoint    ] Leaving safepoint region
[2019-12-09T03:40:08.460+0000][1][safepoint    ] Total time for which application threads were stopped: 0.0000811 seconds, Stopping threads took: 0.0000115 seconds
[2019-12-09T03:40:08.565+0000][1][safepoint    ] Application time: 0.1055102 seconds
[2019-12-09T03:40:08.565+0000][1][safepoint    ] Entering safepoint region: RevokeBias
[2019-12-09T03:40:08.566+0000][1][safepoint    ] Leaving safepoint region
[2019-12-09T03:40:08.566+0000][1][safepoint    ] Total time for which application threads were stopped: 0.0001615 seconds, Stopping threads took: 0.0000262 seconds
[2019-12-09T03:40:08.566+0000][1][safepoint    ] Application time: 0.0001636 seconds
[2019-12-09T03:40:08.566+0000][1][safepoint    ] Entering safepoint region: RevokeBias
[2019-12-09T03:40:08.566+0000][1][safepoint    ] Leaving safepoint region
[2019-12-09T03:40:08.566+0000][1][safepoint    ] Total time for which application threads were stopped: 0.0000964 seconds, Stopping threads took: 0.0000156 seconds
[2019-12-09T03:40:08.567+0000][1][safepoint    ] Application time: 0.0006740 seconds
[2019-12-09T03:40:08.567+0000][1][safepoint    ] Entering safepoint region: RevokeBias
[2019-12-09T03:40:08.567+0000][1][safepoint    ] Leaving safepoint region
[2019-12-09T03:40:08.567+0000][1][safepoint    ] Total time for which application threads were stopped: 0.0000969 seconds, Stopping threads took: 0.0000154 seconds
[2019-12-09T03:40:08.578+0000][1][safepoint    ] Application time: 0.0117344 seconds
[2019-12-09T03:40:08.578+0000][1][safepoint    ] Entering safepoint region: RevokeBias
[2019-12-09T03:40:08.579+0000][1][gc,start     ] GC(26) Pause Young (Allocation Failure)
[2019-12-09T03:40:08.579+0000][1][gc,task      ] GC(26) Using 2 workers of 2 for evacuation
[2019-12-09T03:40:08.657+0000][1][gc,age       ] GC(26) Desired survivor size 4456448 bytes, new threshold 6 (max threshold 6)
[2019-12-09T03:40:08.657+0000][1][gc,age       ] GC(26) Age table with threshold 6 (max threshold 6)
[2019-12-09T03:40:08.657+0000][1][gc,age       ] GC(26) - age   1:    1562528 bytes,    1562528 total
[2019-12-09T03:40:08.657+0000][1][gc,heap      ] GC(26) ParNew: 77405K->4630K(78656K)
[2019-12-09T03:40:08.657+0000][1][gc,heap      ] GC(26) CMS: 67314K->72923K(174784K)
[2019-12-09T03:40:08.657+0000][1][gc,metaspace ] GC(26) Metaspace: 76725K->76725K(1120256K)
[2019-12-09T03:40:08.657+0000][1][gc           ] GC(26) Pause Young (Allocation Failure) 141M->75M(247M) 78.696ms
[2019-12-09T03:40:08.657+0000][1][gc,cpu       ] GC(26) User=0.03s Sys=0.00s Real=0.08s
[2019-12-09T03:40:08.657+0000][1][safepoint    ] Leaving safepoint region
[2019-12-09T03:40:08.657+0000][1][safepoint    ] Total time for which application threads were stopped: 0.0788907 seconds, Stopping threads took: 0.0000160 seconds
[2019-12-09T03:40:08.663+0000][1][safepoint    ] Application time: 0.0061598 seconds
[2019-12-09T03:40:08.664+0000][1][safepoint    ] Entering safepoint region: RevokeBias
[2019-12-09T03:40:08.664+0000][1][safepoint    ] Leaving safepoint region
[2019-12-09T03:40:08.664+0000][1][safepoint    ] Total time for which application threads were stopped: 0.0001198 seconds, Stopping threads took: 0.0000177 seconds
[2019-12-09T03:40:08.665+0000][1][safepoint    ] Application time: 0.0016881 seconds
[2019-12-09T03:40:08.665+0000][1][safepoint    ] Entering safepoint region: RevokeBias
[2019-12-09T03:40:08.665+0000][1][safepoint    ] Leaving safepoint region
[2019-12-09T03:40:08.665+0000][1][safepoint    ] Total time for which application threads were stopped: 0.0001100 seconds, Stopping threads took: 0.0000183 seconds
[2019-12-09T03:40:08.666+0000][1][safepoint    ] Application time: 0.0001669 seconds
[2019-12-09T03:40:08.666+0000][1][safepoint    ] Entering safepoint region: RevokeBias
[2019-12-09T03:40:08.666+0000][1][safepoint    ] Leaving safepoint region
[2019-12-09T03:40:08.666+0000][1][safepoint    ] Total time for which application threads were stopped: 0.0000978 seconds, Stopping threads took: 0.0000129 seconds
[2019-12-09T03:40:08.666+0000][1][safepoint    ] Application time: 0.0004993 seconds
[2019-12-09T03:40:08.666+0000][1][safepoint    ] Entering safepoint region: RevokeBias
[2019-12-09T03:40:08.666+0000][1][safepoint    ] Leaving safepoint region
[2019-12-09T03:40:08.666+0000][1][safepoint    ] Total time for which application threads were stopped: 0.0000746 seconds, Stopping threads took: 0.0000121 seconds
[2019-12-09T03:40:08.738+0000][1][safepoint    ] Application time: 0.0717803 seconds
[2019-12-09T03:40:08.738+0000][1][safepoint    ] Entering safepoint region: RevokeBias
[2019-12-09T03:40:08.738+0000][1][safepoint    ] Leaving safepoint region
[2019-12-09T03:40:08.738+0000][1][safepoint    ] Total time for which application threads were stopped: 0.0001401 seconds, Stopping threads took: 0.0000241 seconds
[2019-12-09T03:40:08.747+0000][1][safepoint    ] Application time: 0.0089042 seconds
[2019-12-09T03:40:08.747+0000][1][safepoint    ] Entering safepoint region: RevokeBias
[2019-12-09T03:40:08.747+0000][1][safepoint    ] Leaving safepoint region
[2019-12-09T03:40:08.747+0000][1][safepoint    ] Total time for which application threads were stopped: 0.0001306 seconds, Stopping threads took: 0.0000180 seconds
[2019-12-09T03:40:08.748+0000][1][safepoint    ] Application time: 0.0004832 seconds
[2019-12-09T03:40:08.748+0000][1][safepoint    ] Entering safepoint region: RevokeBias
[2019-12-09T03:40:08.748+0000][1][safepoint    ] Leaving safepoint region
[2019-12-09T03:40:08.748+0000][1][safepoint    ] Total time for which application threads were stopped: 0.0001008 seconds, Stopping threads took: 0.0000143 seconds
[2019-12-09T03:40:08.761+0000][1][safepoint    ] Application time: 0.0127892 seconds
[2019-12-09T03:40:08.761+0000][1][safepoint    ] Entering safepoint region: RevokeBias
[2019-12-09T03:40:08.761+0000][1][safepoint    ] Leaving safepoint region
[2019-12-09T03:40:08.761+0000][1][safepoint    ] Total time for which application threads were stopped: 0.0001293 seconds, Stopping threads took: 0.0000432 seconds
[2019-12-09T03:40:08.767+0000][1][safepoint    ] Application time: 0.0058606 seconds
[2019-12-09T03:40:08.767+0000][1][safepoint    ] Entering safepoint region: RevokeBias
[2019-12-09T03:40:08.767+0000][1][safepoint    ] Leaving safepoint region
[2019-12-09T03:40:08.767+0000][1][safepoint    ] Total time for which application threads were stopped: 0.0001045 seconds, Stopping threads took: 0.0000378 seconds
[2019-12-09T03:40:08.767+0000][1][safepoint    ] Application time: 0.0005538 seconds
[2019-12-09T03:40:08.768+0000][1][safepoint    ] Entering safepoint region: RevokeBias
[2019-12-09T03:40:08.768+0000][1][safepoint    ] Leaving safepoint region
[2019-12-09T03:40:08.768+0000][1][safepoint    ] Total time for which application threads were stopped: 0.0001179 seconds, Stopping threads took: 0.0000445 seconds
[2019-12-09T03:40:08.805+0000][1][safepoint    ] Application time: 0.0378619 seconds
[2019-12-09T03:40:08.806+0000][1][safepoint    ] Entering safepoint region: RevokeBias
[2019-12-09T03:40:08.806+0000][1][safepoint    ] Leaving safepoint region
[2019-12-09T03:40:08.806+0000][1][safepoint    ] Total time for which application threads were stopped: 0.0001047 seconds, Stopping threads took: 0.0000176 seconds
[2019-12-09T03:40:08.826+0000][1][safepoint    ] Application time: 0.0204396 seconds
[2019-12-09T03:40:08.826+0000][1][safepoint    ] Entering safepoint region: RevokeBias
[2019-12-09T03:40:08.826+0000][1][safepoint    ] Leaving safepoint region
[2019-12-09T03:40:08.826+0000][1][safepoint    ] Total time for which application threads were stopped: 0.0001649 seconds, Stopping threads took: 0.0000718 seconds
[2019-12-09T03:40:08.976+0000][1][safepoint    ] Application time: 0.1501921 seconds
[2019-12-09T03:40:08.976+0000][1][safepoint    ] Entering safepoint region: RevokeBias
[2019-12-09T03:40:08.977+0000][1][safepoint    ] Leaving safepoint region
[2019-12-09T03:40:08.977+0000][1][safepoint    ] Total time for which application threads were stopped: 0.0001604 seconds, Stopping threads took: 0.0000224 seconds
[2019-12-09T03:40:08.985+0000][1][safepoint    ] Application time: 0.0084186 seconds
[2019-12-09T03:40:08.985+0000][1][safepoint    ] Entering safepoint region: RevokeBias
[2019-12-09T03:40:08.985+0000][1][safepoint    ] Leaving safepoint region
[2019-12-09T03:40:08.985+0000][1][safepoint    ] Total time for which application threads were stopped: 0.0001374 seconds, Stopping threads took: 0.0000203 seconds
[2019-12-09T03:40:08.994+0000][1][safepoint    ] Application time: 0.0083683 seconds
[2019-12-09T03:40:08.994+0000][1][safepoint    ] Entering safepoint region: RevokeBias
[2019-12-09T03:40:08.994+0000][1][safepoint    ] Leaving safepoint region
[2019-12-09T03:40:08.994+0000][1][safepoint    ] Total time for which application threads were stopped: 0.0001238 seconds, Stopping threads took: 0.0000185 seconds
[2019-12-09T03:40:08.994+0000][1][safepoint    ] Application time: 0.0001292 seconds
[2019-12-09T03:40:08.994+0000][1][safepoint    ] Entering safepoint region: RevokeBias
[2019-12-09T03:40:08.994+0000][1][safepoint    ] Leaving safepoint region
[2019-12-09T03:40:08.994+0000][1][safepoint    ] Total time for which application threads were stopped: 0.0000800 seconds, Stopping threads took: 0.0000103 seconds
[2019-12-09T03:40:09.169+0000][1][safepoint    ] Application time: 0.1754527 seconds
[2019-12-09T03:40:09.169+0000][1][safepoint    ] Entering safepoint region: RevokeBias
[2019-12-09T03:40:09.170+0000][1][safepoint    ] Leaving safepoint region
[2019-12-09T03:40:09.170+0000][1][safepoint    ] Total time for which application threads were stopped: 0.0001421 seconds, Stopping threads took: 0.0000217 seconds
[2019-12-09T03:40:09.184+0000][1][safepoint    ] Application time: 0.0141133 seconds
[2019-12-09T03:40:09.184+0000][1][safepoint    ] Entering safepoint region: RevokeBias
[2019-12-09T03:40:09.184+0000][1][safepoint    ] Leaving safepoint region
[2019-12-09T03:40:09.184+0000][1][safepoint    ] Total time for which application threads were stopped: 0.0001388 seconds, Stopping threads took: 0.0000207 seconds
[2019-12-09T03:40:10.185+0000][1][safepoint    ] Application time: 1.0007954 seconds
[2019-12-09T03:40:10.188+0000][1][safepoint    ] Entering safepoint region: Cleanup
[2019-12-09T03:40:10.188+0000][1][safepoint    ] Leaving safepoint region
[2019-12-09T03:40:10.188+0000][1][safepoint    ] Total time for which application threads were stopped: 0.0031757 seconds, Stopping threads took: 0.0030359 seconds
[2019-12-09T03:40:11.190+0000][1][safepoint    ] Application time: 1.0017614 seconds
[2019-12-09T03:40:11.190+0000][1][safepoint    ] Entering safepoint region: Cleanup
[2019-12-09T03:40:11.190+0000][1][safepoint    ] Leaving safepoint region
[2019-12-09T03:40:11.190+0000][1][safepoint    ] Total time for which application threads were stopped: 0.0001478 seconds, Stopping threads took: 0.0000269 seconds
[2019-12-09T03:40:11.833+0000][1][safepoint    ] Application time: 0.6429497 seconds
[2019-12-09T03:40:11.833+0000][1][safepoint    ] Entering safepoint region: RevokeBias
[2019-12-09T03:40:11.833+0000][1][safepoint    ] Leaving safepoint region
[2019-12-09T03:40:11.833+0000][1][safepoint    ] Total time for which application threads were stopped: 0.0001480 seconds, Stopping threads took: 0.0000234 seconds
[2019-12-09T03:40:11.833+0000][1][safepoint    ] Application time: 0.0000765 seconds
[2019-12-09T03:40:11.833+0000][1][safepoint    ] Entering safepoint region: RevokeBias
[2019-12-09T03:40:11.833+0000][1][safepoint    ] Leaving safepoint region
[2019-12-09T03:40:11.833+0000][1][safepoint    ] Total time for which application threads were stopped: 0.0000855 seconds, Stopping threads took: 0.0000113 seconds
[2019-12-09T03:40:11.833+0000][1][safepoint    ] Application time: 0.0000567 seconds
[2019-12-09T03:40:11.833+0000][1][safepoint    ] Entering safepoint region: RevokeBias
[2019-12-09T03:40:11.833+0000][1][safepoint    ] Leaving safepoint region
[2019-12-09T03:40:11.833+0000][1][safepoint    ] Total time for which application threads were stopped: 0.0000680 seconds, Stopping threads took: 0.0000100 seconds
[2019-12-09T03:40:11.833+0000][1][safepoint    ] Application time: 0.0000548 seconds
[2019-12-09T03:40:11.833+0000][1][safepoint    ] Entering safepoint region: RevokeBias
[2019-12-09T03:40:11.834+0000][1][safepoint    ] Leaving safepoint region
[2019-12-09T03:40:11.834+0000][1][safepoint    ] Total time for which application threads were stopped: 0.0000669 seconds, Stopping threads took: 0.0000097 seconds
[2019-12-09T03:40:11.836+0000][1][safepoint    ] Application time: 0.0028343 seconds
[2019-12-09T03:40:11.836+0000][1][safepoint    ] Entering safepoint region: RevokeBias
[2019-12-09T03:40:11.837+0000][1][safepoint    ] Leaving safepoint region
[2019-12-09T03:40:11.837+0000][1][safepoint    ] Total time for which application threads were stopped: 0.0001721 seconds, Stopping threads took: 0.0000647 seconds
[2019-12-09T03:40:11.904+0000][1][safepoint    ] Application time: 0.0677948 seconds
[2019-12-09T03:40:11.904+0000][1][safepoint    ] Entering safepoint region: RevokeBias
[2019-12-09T03:40:11.905+0000][1][safepoint    ] Leaving safepoint region
[2019-12-09T03:40:11.905+0000][1][safepoint    ] Total time for which application threads were stopped: 0.0001422 seconds, Stopping threads took: 0.0000226 seconds
[2019-12-09T03:40:11.928+0000][1][safepoint    ] Application time: 0.0239172 seconds
[2019-12-09T03:40:11.928+0000][1][safepoint    ] Entering safepoint region: BulkRevokeBias
[2019-12-09T03:40:11.929+0000][1][safepoint    ] Leaving safepoint region
[2019-12-09T03:40:11.929+0000][1][safepoint    ] Total time for which application threads were stopped: 0.0004559 seconds, Stopping threads took: 0.0000208 seconds
[2019-12-09T03:40:12.056+0000][1][safepoint    ] Application time: 0.1275145 seconds
[2019-12-09T03:40:12.057+0000][1][safepoint    ] Entering safepoint region: RevokeBias
[2019-12-09T03:40:12.057+0000][1][safepoint    ] Leaving safepoint region
[2019-12-09T03:40:12.057+0000][1][safepoint    ] Total time for which application threads were stopped: 0.0001659 seconds, Stopping threads took: 0.0000242 seconds
[2019-12-09T03:40:12.124+0000][1][safepoint    ] Application time: 0.0676457 seconds
[2019-12-09T03:40:12.124+0000][1][safepoint    ] Entering safepoint region: RevokeBias
[2019-12-09T03:40:12.125+0000][1][safepoint    ] Leaving safepoint region
[2019-12-09T03:40:12.125+0000][1][safepoint    ] Total time for which application threads were stopped: 0.0001549 seconds, Stopping threads took: 0.0000241 seconds
[2019-12-09T03:40:12.132+0000][1][safepoint    ] Application time: 0.0076588 seconds
[2019-12-09T03:40:12.132+0000][1][safepoint    ] Entering safepoint region: RevokeBias
[2019-12-09T03:40:12.132+0000][1][safepoint    ] Leaving safepoint region
[2019-12-09T03:40:12.132+0000][1][safepoint    ] Total time for which application threads were stopped: 0.0001996 seconds, Stopping threads took: 0.0000722 seconds
[2019-12-09T03:40:12.197+0000][1][safepoint    ] Application time: 0.0649542 seconds
[2019-12-09T03:40:12.197+0000][1][safepoint    ] Entering safepoint region: RevokeBias
[2019-12-09T03:40:12.198+0000][1][safepoint    ] Leaving safepoint region
[2019-12-09T03:40:12.198+0000][1][safepoint    ] Total time for which application threads were stopped: 0.0001539 seconds, Stopping threads took: 0.0000215 seconds
[2019-12-09T03:40:12.201+0000][1][safepoint    ] Application time: 0.0038255 seconds
[2019-12-09T03:40:12.201+0000][1][safepoint    ] Entering safepoint region: RevokeBias
[2019-12-09T03:40:12.202+0000][1][safepoint    ] Leaving safepoint region
[2019-12-09T03:40:12.202+0000][1][safepoint    ] Total time for which application threads were stopped: 0.0001586 seconds, Stopping threads took: 0.0000241 seconds
[2019-12-09T03:40:12.202+0000][1][safepoint    ] Application time: 0.0001633 seconds
[2019-12-09T03:40:12.202+0000][1][safepoint    ] Entering safepoint region: RevokeBias
[2019-12-09T03:40:12.202+0000][1][safepoint    ] Leaving safepoint region
[2019-12-09T03:40:12.202+0000][1][safepoint    ] Total time for which application threads were stopped: 0.0001096 seconds, Stopping threads took: 0.0000153 seconds
[2019-12-09T03:40:12.205+0000][1][safepoint    ] Application time: 0.0031458 seconds
[2019-12-09T03:40:12.205+0000][1][safepoint    ] Entering safepoint region: RevokeBias
[2019-12-09T03:40:12.205+0000][1][safepoint    ] Leaving safepoint region
[2019-12-09T03:40:12.205+0000][1][safepoint    ] Total time for which application threads were stopped: 0.0001247 seconds, Stopping threads took: 0.0000475 seconds
[2019-12-09T03:40:12.205+0000][1][safepoint    ] Application time: 0.0001603 seconds
[2019-12-09T03:40:12.205+0000][1][safepoint    ] Entering safepoint region: RevokeBias
[2019-12-09T03:40:12.205+0000][1][safepoint    ] Leaving safepoint region
[2019-12-09T03:40:12.205+0000][1][safepoint    ] Total time for which application threads were stopped: 0.0001150 seconds, Stopping threads took: 0.0000407 seconds
[2019-12-09T03:40:12.386+0000][1][safepoint    ] Application time: 0.1802311 seconds
[2019-12-09T03:40:12.386+0000][1][safepoint    ] Entering safepoint region: RevokeBias
[2019-12-09T03:40:12.386+0000][1][safepoint    ] Leaving safepoint region
[2019-12-09T03:40:12.386+0000][1][safepoint    ] Total time for which application threads were stopped: 0.0001469 seconds, Stopping threads took: 0.0000224 seconds
[2019-12-09T03:40:13.388+0000][1][safepoint    ] Application time: 1.0018148 seconds
[2019-12-09T03:40:13.388+0000][1][safepoint    ] Entering safepoint region: Cleanup
[2019-12-09T03:40:13.388+0000][1][safepoint    ] Leaving safepoint region
[2019-12-09T03:40:13.388+0000][1][safepoint    ] Total time for which application threads were stopped: 0.0001324 seconds, Stopping threads took: 0.0000247 seconds
[2019-12-09T03:40:14.388+0000][1][safepoint    ] Application time: 1.0000786 seconds
[2019-12-09T03:40:14.388+0000][1][safepoint    ] Entering safepoint region: Cleanup
[2019-12-09T03:40:14.388+0000][1][safepoint    ] Leaving safepoint region
[2019-12-09T03:40:14.388+0000][1][safepoint    ] Total time for which application threads were stopped: 0.0000937 seconds, Stopping threads took: 0.0000178 seconds
[2019-12-09T03:40:14.773+0000][1][safepoint    ] Application time: 0.3847513 seconds
[2019-12-09T03:40:14.773+0000][1][safepoint    ] Entering safepoint region: GenCollectForAllocation
[2019-12-09T03:40:14.773+0000][1][gc,start     ] GC(27) Pause Young (Allocation Failure)
[2019-12-09T03:40:14.773+0000][1][gc,task      ] GC(27) Using 2 workers of 2 for evacuation
[2019-12-09T03:40:14.777+0000][1][gc,age       ] GC(27) Desired survivor size 4456448 bytes, new threshold 6 (max threshold 6)
[2019-12-09T03:40:14.777+0000][1][gc,age       ] GC(27) Age table with threshold 6 (max threshold 6)
[2019-12-09T03:40:14.777+0000][1][gc,age       ] GC(27) - age   1:     324536 bytes,     324536 total
[2019-12-09T03:40:14.777+0000][1][gc,age       ] GC(27) - age   2:     844816 bytes,    1169352 total
[2019-12-09T03:40:14.777+0000][1][gc,heap      ] GC(27) ParNew: 74582K->1539K(78656K)
[2019-12-09T03:40:14.777+0000][1][gc,heap      ] GC(27) CMS: 72923K->72923K(174784K)
[2019-12-09T03:40:14.777+0000][1][gc,metaspace ] GC(27) Metaspace: 76848K->76848K(1120256K)
[2019-12-09T03:40:14.777+0000][1][gc           ] GC(27) Pause Young (Allocation Failure) 144M->72M(247M) 4.139ms
[2019-12-09T03:40:14.777+0000][1][gc,cpu       ] GC(27) User=0.01s Sys=0.00s Real=0.01s
[2019-12-09T03:40:14.777+0000][1][safepoint    ] Leaving safepoint region
[2019-12-09T03:40:14.777+0000][1][safepoint    ] Total time for which application threads were stopped: 0.0043130 seconds, Stopping threads took: 0.0000185 seconds
[2019-12-09T03:40:15.777+0000][1][safepoint    ] Application time: 1.0000861 seconds
[2019-12-09T03:40:15.777+0000][1][safepoint    ] Entering safepoint region: Cleanup
[2019-12-09T03:40:15.777+0000][1][safepoint    ] Leaving safepoint region
[2019-12-09T03:40:15.777+0000][1][safepoint    ] Total time for which application threads were stopped: 0.0000905 seconds, Stopping threads took: 0.0000165 seconds
[2019-12-09T03:40:16.778+0000][1][safepoint    ] Application time: 1.0000758 seconds
[2019-12-09T03:40:16.778+0000][1][safepoint    ] Entering safepoint region: Cleanup
[2019-12-09T03:40:16.778+0000][1][safepoint    ] Leaving safepoint region
[2019-12-09T03:40:16.778+0000][1][safepoint    ] Total time for which application threads were stopped: 0.0000907 seconds, Stopping threads took: 0.0000163 seconds
[2019-12-09T03:40:17.778+0000][1][safepoint    ] Application time: 1.0000754 seconds
[2019-12-09T03:40:17.778+0000][1][safepoint    ] Entering safepoint region: Cleanup
[2019-12-09T03:40:17.778+0000][1][safepoint    ] Leaving safepoint region
[2019-12-09T03:40:17.778+0000][1][safepoint    ] Total time for which application threads were stopped: 0.0000901 seconds, Stopping threads took: 0.0000167 seconds
[2019-12-09T03:40:18.778+0000][1][safepoint    ] Application time: 1.0000755 seconds
[2019-12-09T03:40:18.778+0000][1][safepoint    ] Entering safepoint region: Cleanup
[2019-12-09T03:40:18.778+0000][1][safepoint    ] Leaving safepoint region
[2019-12-09T03:40:18.778+0000][1][safepoint    ] Total time for which application threads were stopped: 0.0000874 seconds, Stopping threads took: 0.0000154 seconds
[2019-12-09T03:40:19.778+0000][1][safepoint    ] Application time: 1.0000753 seconds
[2019-12-09T03:40:19.778+0000][1][safepoint    ] Entering safepoint region: Cleanup
[2019-12-09T03:40:19.778+0000][1][safepoint    ] Leaving safepoint region
[2019-12-09T03:40:19.778+0000][1][safepoint    ] Total time for which application threads were stopped: 0.0000868 seconds, Stopping threads took: 0.0000163 seconds
[2019-12-09T03:40:20.778+0000][1][safepoint    ] Application time: 1.0000761 seconds
[2019-12-09T03:40:20.778+0000][1][safepoint    ] Entering safepoint region: Cleanup
[2019-12-09T03:40:20.778+0000][1][safepoint    ] Leaving safepoint region
[2019-12-09T03:40:20.778+0000][1][safepoint    ] Total time for which application threads were stopped: 0.0000904 seconds, Stopping threads took: 0.0000160 seconds
[2019-12-09T03:40:21.779+0000][1][safepoint    ] Application time: 1.0000748 seconds
[2019-12-09T03:40:21.779+0000][1][safepoint    ] Entering safepoint region: Cleanup
[2019-12-09T03:40:21.779+0000][1][safepoint    ] Leaving safepoint region
[2019-12-09T03:40:21.779+0000][1][safepoint    ] Total time for which application threads were stopped: 0.0000836 seconds, Stopping threads took: 0.0000155 seconds
[2019-12-09T03:40:22.779+0000][1][safepoint    ] Application time: 1.0000777 seconds
[2019-12-09T03:40:22.779+0000][1][safepoint    ] Entering safepoint region: Cleanup
[2019-12-09T03:40:22.779+0000][1][safepoint    ] Leaving safepoint region
[2019-12-09T03:40:22.779+0000][1][safepoint    ] Total time for which application threads were stopped: 0.0000913 seconds, Stopping threads took: 0.0000172 seconds
[2019-12-09T03:40:23.779+0000][1][safepoint    ] Application time: 1.0000848 seconds
[2019-12-09T03:40:23.779+0000][1][safepoint    ] Entering safepoint region: Cleanup
[2019-12-09T03:40:23.779+0000][1][safepoint    ] Leaving safepoint region
[2019-12-09T03:40:23.779+0000][1][safepoint    ] Total time for which application threads were stopped: 0.0001225 seconds, Stopping threads took: 0.0000237 seconds
[2019-12-09T03:40:23.950+0000][1][safepoint    ] Application time: 0.1708310 seconds
[2019-12-09T03:40:23.950+0000][1][safepoint    ] Entering safepoint region: RevokeBias
[2019-12-09T03:40:23.950+0000][1][safepoint    ] Leaving safepoint region
[2019-12-09T03:40:23.950+0000][1][safepoint    ] Total time for which application threads were stopped: 0.0001068 seconds, Stopping threads took: 0.0000165 seconds
[2019-12-09T03:40:24.950+0000][1][safepoint    ] Application time: 1.0000859 seconds
[2019-12-09T03:40:24.950+0000][1][safepoint    ] Entering safepoint region: Cleanup
[2019-12-09T03:40:24.950+0000][1][safepoint    ] Leaving safepoint region
[2019-12-09T03:40:24.950+0000][1][safepoint    ] Total time for which application threads were stopped: 0.0000951 seconds, Stopping threads took: 0.0000171 seconds
[2019-12-09T03:40:25.950+0000][1][safepoint    ] Application time: 1.0000772 seconds
[2019-12-09T03:40:25.950+0000][1][safepoint    ] Entering safepoint region: Cleanup
[2019-12-09T03:40:25.951+0000][1][safepoint    ] Leaving safepoint region
[2019-12-09T03:40:25.951+0000][1][safepoint    ] Total time for which application threads were stopped: 0.0000931 seconds, Stopping threads took: 0.0000184 seconds
[2019-12-09T03:40:26.951+0000][1][safepoint    ] Application time: 1.0000772 seconds
[2019-12-09T03:40:26.951+0000][1][safepoint    ] Entering safepoint region: Cleanup
[2019-12-09T03:40:26.951+0000][1][safepoint    ] Leaving safepoint region
[2019-12-09T03:40:26.951+0000][1][safepoint    ] Total time for which application threads were stopped: 0.0001056 seconds, Stopping threads took: 0.0000185 seconds
[2019-12-09T03:40:27.951+0000][1][safepoint    ] Application time: 1.0000766 seconds
[2019-12-09T03:40:27.951+0000][1][safepoint    ] Entering safepoint region: Cleanup
[2019-12-09T03:40:27.951+0000][1][safepoint    ] Leaving safepoint region
[2019-12-09T03:40:27.951+0000][1][safepoint    ] Total time for which application threads were stopped: 0.0000968 seconds, Stopping threads took: 0.0000183 seconds
[2019-12-09T03:40:28.951+0000][1][safepoint    ] Application time: 1.0000761 seconds
[2019-12-09T03:40:28.951+0000][1][safepoint    ] Entering safepoint region: Cleanup
[2019-12-09T03:40:28.951+0000][1][safepoint    ] Leaving safepoint region
[2019-12-09T03:40:28.951+0000][1][safepoint    ] Total time for which application threads were stopped: 0.0000869 seconds, Stopping threads took: 0.0000172 seconds
[2019-12-09T03:40:29.951+0000][1][safepoint    ] Application time: 1.0000743 seconds
[2019-12-09T03:40:29.951+0000][1][safepoint    ] Entering safepoint region: Cleanup
[2019-12-09T03:40:29.951+0000][1][safepoint    ] Leaving safepoint region
[2019-12-09T03:40:29.951+0000][1][safepoint    ] Total time for which application threads were stopped: 0.0000935 seconds, Stopping threads took: 0.0000187 seconds
[2019-12-09T03:40:30.414+0000][1][safepoint    ] Application time: 0.4622628 seconds
[2019-12-09T03:40:30.414+0000][1][safepoint    ] Entering safepoint region: RevokeBias
[2019-12-09T03:40:30.414+0000][1][safepoint    ] Leaving safepoint region
[2019-12-09T03:40:30.414+0000][1][safepoint    ] Total time for which application threads were stopped: 0.0001286 seconds, Stopping threads took: 0.0000283 seconds
[2019-12-09T03:40:30.414+0000][1][safepoint    ] Application time: 0.0000732 seconds
[2019-12-09T03:40:30.414+0000][1][safepoint    ] Entering safepoint region: RevokeBias
[2019-12-09T03:40:30.414+0000][1][safepoint    ] Leaving safepoint region
[2019-12-09T03:40:30.414+0000][1][safepoint    ] Total time for which application threads were stopped: 0.0001052 seconds, Stopping threads took: 0.0000597 seconds
[2019-12-09T03:40:31.414+0000][1][safepoint    ] Application time: 1.0000961 seconds
[2019-12-09T03:40:31.414+0000][1][safepoint    ] Entering safepoint region: Cleanup
[2019-12-09T03:40:31.414+0000][1][safepoint    ] Leaving safepoint region
[2019-12-09T03:40:31.414+0000][1][safepoint    ] Total time for which application threads were stopped: 0.0001364 seconds, Stopping threads took: 0.0000252 seconds
[2019-12-09T03:40:32.414+0000][1][safepoint    ] Application time: 1.0000759 seconds
[2019-12-09T03:40:32.414+0000][1][safepoint    ] Entering safepoint region: Cleanup
[2019-12-09T03:40:32.415+0000][1][safepoint    ] Leaving safepoint region
[2019-12-09T03:40:32.415+0000][1][safepoint    ] Total time for which application threads were stopped: 0.0000938 seconds, Stopping threads took: 0.0000191 seconds
[2019-12-09T03:40:33.415+0000][1][safepoint    ] Application time: 1.0000783 seconds
[2019-12-09T03:40:33.415+0000][1][safepoint    ] Entering safepoint region: Cleanup
[2019-12-09T03:40:33.415+0000][1][safepoint    ] Leaving safepoint region
[2019-12-09T03:40:33.415+0000][1][safepoint    ] Total time for which application threads were stopped: 0.0001111 seconds, Stopping threads took: 0.0000177 seconds
[2019-12-09T03:40:34.415+0000][1][safepoint    ] Application time: 1.0000767 seconds
[2019-12-09T03:40:34.415+0000][1][safepoint    ] Entering safepoint region: Cleanup
[2019-12-09T03:40:34.415+0000][1][safepoint    ] Leaving safepoint region
[2019-12-09T03:40:34.415+0000][1][safepoint    ] Total time for which application threads were stopped: 0.0000905 seconds, Stopping threads took: 0.0000196 seconds
[2019-12-09T03:40:35.415+0000][1][safepoint    ] Application time: 1.0000758 seconds
[2019-12-09T03:40:35.415+0000][1][safepoint    ] Entering safepoint region: Cleanup
[2019-12-09T03:40:35.415+0000][1][safepoint    ] Leaving safepoint region
[2019-12-09T03:40:35.415+0000][1][safepoint    ] Total time for which application threads were stopped: 0.0000992 seconds, Stopping threads took: 0.0000172 seconds
[2019-12-09T03:40:36.415+0000][1][safepoint    ] Application time: 1.0000759 seconds
[2019-12-09T03:40:36.415+0000][1][safepoint    ] Entering safepoint region: Cleanup
[2019-12-09T03:40:36.415+0000][1][safepoint    ] Leaving safepoint region
[2019-12-09T03:40:36.415+0000][1][safepoint    ] Total time for which application threads were stopped: 0.0000864 seconds, Stopping threads took: 0.0000173 seconds
[2019-12-09T03:40:36.560+0000][1][safepoint    ] Application time: 0.1451171 seconds
[2019-12-09T03:40:36.561+0000][1][safepoint    ] Entering safepoint region: RevokeBias
[2019-12-09T03:40:36.561+0000][1][safepoint    ] Leaving safepoint region
[2019-12-09T03:40:36.561+0000][1][safepoint    ] Total time for which application threads were stopped: 0.0001006 seconds, Stopping threads took: 0.0000168 seconds
[2019-12-09T03:40:37.561+0000][1][safepoint    ] Application time: 1.0000834 seconds
[2019-12-09T03:40:37.561+0000][1][safepoint    ] Entering safepoint region: Cleanup
[2019-12-09T03:40:37.561+0000][1][safepoint    ] Leaving safepoint region
[2019-12-09T03:40:37.561+0000][1][safepoint    ] Total time for which application threads were stopped: 0.0001043 seconds, Stopping threads took: 0.0000186 seconds
[2019-12-09T03:40:38.561+0000][1][safepoint    ] Application time: 1.0000766 seconds
[2019-12-09T03:40:38.561+0000][1][safepoint    ] Entering safepoint region: Cleanup
[2019-12-09T03:40:38.561+0000][1][safepoint    ] Leaving safepoint region
[2019-12-09T03:40:38.561+0000][1][safepoint    ] Total time for which application threads were stopped: 0.0000901 seconds, Stopping threads took: 0.0000193 seconds
[2019-12-09T03:40:39.561+0000][1][safepoint    ] Application time: 1.0000774 seconds
[2019-12-09T03:40:39.561+0000][1][safepoint    ] Entering safepoint region: Cleanup
[2019-12-09T03:40:39.561+0000][1][safepoint    ] Leaving safepoint region
[2019-12-09T03:40:39.561+0000][1][safepoint    ] Total time for which application threads were stopped: 0.0000915 seconds, Stopping threads took: 0.0000178 seconds
[2019-12-09T03:40:40.561+0000][1][safepoint    ] Application time: 1.0000760 seconds
[2019-12-09T03:40:40.561+0000][1][safepoint    ] Entering safepoint region: Cleanup
[2019-12-09T03:40:40.561+0000][1][safepoint    ] Leaving safepoint region
[2019-12-09T03:40:40.561+0000][1][safepoint    ] Total time for which application threads were stopped: 0.0000954 seconds, Stopping threads took: 0.0000202 seconds
[2019-12-09T03:40:41.562+0000][1][safepoint    ] Application time: 1.0000772 seconds
[2019-12-09T03:40:41.562+0000][1][safepoint    ] Entering safepoint region: Cleanup
[2019-12-09T03:40:41.562+0000][1][safepoint    ] Leaving safepoint region
[2019-12-09T03:40:41.562+0000][1][safepoint    ] Total time for which application threads were stopped: 0.0001078 seconds, Stopping threads took: 0.0000198 seconds
[2019-12-09T03:40:42.562+0000][1][safepoint    ] Application time: 1.0001468 seconds
[2019-12-09T03:40:42.562+0000][1][safepoint    ] Entering safepoint region: Cleanup
[2019-12-09T03:40:42.562+0000][1][safepoint    ] Leaving safepoint region
[2019-12-09T03:40:42.562+0000][1][safepoint    ] Total time for which application threads were stopped: 0.0001234 seconds, Stopping threads took: 0.0000249 seconds
[2019-12-09T03:40:43.562+0000][1][safepoint    ] Application time: 1.0000373 seconds
[2019-12-09T03:40:43.562+0000][1][safepoint    ] Entering safepoint region: Cleanup
[2019-12-09T03:40:43.562+0000][1][safepoint    ] Leaving safepoint region
[2019-12-09T03:40:43.562+0000][1][safepoint    ] Total time for which application threads were stopped: 0.0001087 seconds, Stopping threads took: 0.0000254 seconds
[2019-12-09T03:40:44.562+0000][1][safepoint    ] Application time: 1.0000777 seconds
[2019-12-09T03:40:44.562+0000][1][safepoint    ] Entering safepoint region: Cleanup
[2019-12-09T03:40:44.562+0000][1][safepoint    ] Leaving safepoint region
[2019-12-09T03:40:44.562+0000][1][safepoint    ] Total time for which application threads were stopped: 0.0000924 seconds, Stopping threads took: 0.0000198 seconds
[2019-12-09T03:40:45.563+0000][1][safepoint    ] Application time: 1.0000782 seconds
[2019-12-09T03:40:45.563+0000][1][safepoint    ] Entering safepoint region: Cleanup
[2019-12-09T03:40:45.563+0000][1][safepoint    ] Leaving safepoint region
[2019-12-09T03:40:45.563+0000][1][safepoint    ] Total time for which application threads were stopped: 0.0000881 seconds, Stopping threads took: 0.0000190 seconds
[2019-12-09T03:40:46.563+0000][1][safepoint    ] Application time: 1.0000857 seconds
[2019-12-09T03:40:46.563+0000][1][safepoint    ] Entering safepoint region: Cleanup
[2019-12-09T03:40:46.563+0000][1][safepoint    ] Leaving safepoint region
[2019-12-09T03:40:46.563+0000][1][safepoint    ] Total time for which application threads were stopped: 0.0000897 seconds, Stopping threads took: 0.0000186 seconds
[2019-12-09T03:40:47.563+0000][1][safepoint    ] Application time: 1.0000751 seconds
[2019-12-09T03:40:47.563+0000][1][safepoint    ] Entering safepoint region: Cleanup
[2019-12-09T03:40:47.563+0000][1][safepoint    ] Leaving safepoint region
[2019-12-09T03:40:47.563+0000][1][safepoint    ] Total time for which application threads were stopped: 0.0000962 seconds, Stopping threads took: 0.0000190 seconds
[2019-12-09T03:40:48.563+0000][1][safepoint    ] Application time: 1.0000771 seconds
[2019-12-09T03:40:48.563+0000][1][safepoint    ] Entering safepoint region: Cleanup
[2019-12-09T03:40:48.563+0000][1][safepoint    ] Leaving safepoint region
[2019-12-09T03:40:48.563+0000][1][safepoint    ] Total time for which application threads were stopped: 0.0000893 seconds, Stopping threads took: 0.0000193 seconds
[2019-12-09T03:40:49.563+0000][1][safepoint    ] Application time: 1.0000764 seconds
[2019-12-09T03:40:49.563+0000][1][safepoint    ] Entering safepoint region: Cleanup
[2019-12-09T03:40:49.564+0000][1][safepoint    ] Leaving safepoint region
[2019-12-09T03:40:49.564+0000][1][safepoint    ] Total time for which application threads were stopped: 0.0000967 seconds, Stopping threads took: 0.0000193 seconds
[2019-12-09T03:40:50.564+0000][1][safepoint    ] Application time: 1.0000944 seconds
[2019-12-09T03:40:50.564+0000][1][safepoint    ] Entering safepoint region: Cleanup
[2019-12-09T03:40:50.564+0000][1][safepoint    ] Leaving safepoint region
[2019-12-09T03:40:50.564+0000][1][safepoint    ] Total time for which application threads were stopped: 0.0001444 seconds, Stopping threads took: 0.0000406 seconds
[2019-12-09T03:40:51.564+0000][1][safepoint    ] Application time: 1.0000812 seconds
[2019-12-09T03:40:51.564+0000][1][safepoint    ] Entering safepoint region: Cleanup
[2019-12-09T03:40:51.564+0000][1][safepoint    ] Leaving safepoint region
[2019-12-09T03:40:51.564+0000][1][safepoint    ] Total time for which application threads were stopped: 0.0000973 seconds, Stopping threads took: 0.0000189 seconds
[2019-12-09T03:40:52.564+0000][1][safepoint    ] Application time: 1.0000785 seconds
[2019-12-09T03:40:52.564+0000][1][safepoint    ] Entering safepoint region: Cleanup
[2019-12-09T03:40:52.564+0000][1][safepoint    ] Leaving safepoint region
[2019-12-09T03:40:52.564+0000][1][safepoint    ] Total time for which application threads were stopped: 0.0000942 seconds, Stopping threads took: 0.0000198 seconds
[2019-12-09T03:40:53.564+0000][1][safepoint    ] Application time: 1.0000763 seconds
[2019-12-09T03:40:53.564+0000][1][safepoint    ] Entering safepoint region: Cleanup
[2019-12-09T03:40:53.564+0000][1][safepoint    ] Leaving safepoint region
[2019-12-09T03:40:53.564+0000][1][safepoint    ] Total time for which application threads were stopped: 0.0000915 seconds, Stopping threads took: 0.0000193 seconds
[2019-12-09T03:40:53.950+0000][1][safepoint    ] Application time: 0.3859524 seconds
[2019-12-09T03:40:53.950+0000][1][safepoint    ] Entering safepoint region: RevokeBias
[2019-12-09T03:40:53.951+0000][1][safepoint    ] Leaving safepoint region
[2019-12-09T03:40:53.951+0000][1][safepoint    ] Total time for which application threads were stopped: 0.0001102 seconds, Stopping threads took: 0.0000172 seconds
[2019-12-09T03:40:53.951+0000][1][safepoint    ] Application time: 0.0001990 seconds
[2019-12-09T03:40:53.951+0000][1][safepoint    ] Entering safepoint region: RevokeBias
[2019-12-09T03:40:53.951+0000][1][safepoint    ] Leaving safepoint region
[2019-12-09T03:40:53.951+0000][1][safepoint    ] Total time for which application threads were stopped: 0.0000788 seconds, Stopping threads took: 0.0000098 seconds
[2019-12-09T03:40:53.951+0000][1][safepoint    ] Application time: 0.0001266 seconds
[2019-12-09T03:40:53.951+0000][1][safepoint    ] Entering safepoint region: RevokeBias
[2019-12-09T03:40:53.951+0000][1][safepoint    ] Leaving safepoint region
[2019-12-09T03:40:53.951+0000][1][safepoint    ] Total time for which application threads were stopped: 0.0000477 seconds, Stopping threads took: 0.0000072 seconds
[2019-12-09T03:40:54.172+0000][1][safepoint    ] Application time: 0.2207922 seconds
[2019-12-09T03:40:54.172+0000][1][safepoint    ] Entering safepoint region: RevokeBias
[2019-12-09T03:40:54.172+0000][1][safepoint    ] Leaving safepoint region
[2019-12-09T03:40:54.172+0000][1][safepoint    ] Total time for which application threads were stopped: 0.0001487 seconds, Stopping threads took: 0.0000224 seconds
[2019-12-09T03:40:54.251+0000][1][safepoint    ] Application time: 0.0786025 seconds
[2019-12-09T03:40:54.251+0000][1][safepoint    ] Entering safepoint region: RevokeBias
[2019-12-09T03:40:54.251+0000][1][safepoint    ] Leaving safepoint region
[2019-12-09T03:40:54.251+0000][1][safepoint    ] Total time for which application threads were stopped: 0.0001520 seconds, Stopping threads took: 0.0000240 seconds
[2019-12-09T03:40:54.783+0000][1][safepoint    ] Application time: 0.5326140 seconds
[2019-12-09T03:40:54.784+0000][1][safepoint    ] Entering safepoint region: RevokeBias
[2019-12-09T03:40:54.784+0000][1][safepoint    ] Leaving safepoint region
[2019-12-09T03:40:54.784+0000][1][safepoint    ] Total time for which application threads were stopped: 0.0001177 seconds, Stopping threads took: 0.0000178 seconds
[2019-12-09T03:40:54.786+0000][1][safepoint    ] Application time: 0.0018611 seconds
[2019-12-09T03:40:54.786+0000][1][safepoint    ] Entering safepoint region: RevokeBias
[2019-12-09T03:40:54.786+0000][1][safepoint    ] Leaving safepoint region
[2019-12-09T03:40:54.786+0000][1][safepoint    ] Total time for which application threads were stopped: 0.0001036 seconds, Stopping threads took: 0.0000224 seconds
[2019-12-09T03:40:54.786+0000][1][safepoint    ] Application time: 0.0001619 seconds
[2019-12-09T03:40:54.786+0000][1][safepoint    ] Entering safepoint region: RevokeBias
[2019-12-09T03:40:54.786+0000][1][safepoint    ] Leaving safepoint region
[2019-12-09T03:40:54.786+0000][1][safepoint    ] Total time for which application threads were stopped: 0.0000882 seconds, Stopping threads took: 0.0000123 seconds
[2019-12-09T03:40:54.786+0000][1][safepoint    ] Application time: 0.0001475 seconds
[2019-12-09T03:40:54.786+0000][1][safepoint    ] Entering safepoint region: RevokeBias
[2019-12-09T03:40:54.786+0000][1][safepoint    ] Leaving safepoint region
[2019-12-09T03:40:54.786+0000][1][safepoint    ] Total time for which application threads were stopped: 0.0000904 seconds, Stopping threads took: 0.0000117 seconds
[2019-12-09T03:40:54.786+0000][1][safepoint    ] Application time: 0.0000840 seconds
[2019-12-09T03:40:54.786+0000][1][safepoint    ] Entering safepoint region: RevokeBias
[2019-12-09T03:40:54.786+0000][1][safepoint    ] Leaving safepoint region
[2019-12-09T03:40:54.786+0000][1][safepoint    ] Total time for which application threads were stopped: 0.0000811 seconds, Stopping threads took: 0.0000105 seconds
[2019-12-09T03:40:54.795+0000][1][safepoint    ] Application time: 0.0089526 seconds
[2019-12-09T03:40:54.795+0000][1][safepoint    ] Entering safepoint region: RevokeBias
[2019-12-09T03:40:54.795+0000][1][safepoint    ] Leaving safepoint region
[2019-12-09T03:40:54.795+0000][1][safepoint    ] Total time for which application threads were stopped: 0.0001184 seconds, Stopping threads took: 0.0000170 seconds
[2019-12-09T03:40:54.799+0000][1][safepoint    ] Application time: 0.0034861 seconds
[2019-12-09T03:40:54.799+0000][1][safepoint    ] Entering safepoint region: RevokeBias
[2019-12-09T03:40:54.799+0000][1][safepoint    ] Leaving safepoint region
[2019-12-09T03:40:54.799+0000][1][safepoint    ] Total time for which application threads were stopped: 0.0001182 seconds, Stopping threads took: 0.0000336 seconds
[2019-12-09T03:40:54.867+0000][1][safepoint    ] Application time: 0.0677947 seconds
[2019-12-09T03:40:54.867+0000][1][safepoint    ] Entering safepoint region: RevokeBias
[2019-12-09T03:40:54.867+0000][1][safepoint    ] Leaving safepoint region
[2019-12-09T03:40:54.867+0000][1][safepoint    ] Total time for which application threads were stopped: 0.0001322 seconds, Stopping threads took: 0.0000199 seconds
[2019-12-09T03:40:54.867+0000][1][safepoint    ] Application time: 0.0000617 seconds
[2019-12-09T03:40:54.867+0000][1][safepoint    ] Entering safepoint region: RevokeBias
[2019-12-09T03:40:54.867+0000][1][safepoint    ] Leaving safepoint region
[2019-12-09T03:40:54.867+0000][1][safepoint    ] Total time for which application threads were stopped: 0.0000661 seconds, Stopping threads took: 0.0000091 seconds
[2019-12-09T03:40:54.881+0000][1][safepoint    ] Application time: 0.0137404 seconds
[2019-12-09T03:40:54.881+0000][1][safepoint    ] Entering safepoint region: RevokeBias
[2019-12-09T03:40:54.881+0000][1][safepoint    ] Leaving safepoint region
[2019-12-09T03:40:54.881+0000][1][safepoint    ] Total time for which application threads were stopped: 0.0001347 seconds, Stopping threads took: 0.0000223 seconds
[2019-12-09T03:40:55.881+0000][1][safepoint    ] Application time: 1.0000827 seconds
[2019-12-09T03:40:55.881+0000][1][safepoint    ] Entering safepoint region: Cleanup
[2019-12-09T03:40:55.881+0000][1][safepoint    ] Leaving safepoint region
[2019-12-09T03:40:55.881+0000][1][safepoint    ] Total time for which application threads were stopped: 0.0000894 seconds, Stopping threads took: 0.0000159 seconds
[2019-12-09T03:40:56.881+0000][1][safepoint    ] Application time: 1.0000815 seconds
[2019-12-09T03:40:56.881+0000][1][safepoint    ] Entering safepoint region: Cleanup
[2019-12-09T03:40:56.882+0000][1][safepoint    ] Leaving safepoint region
[2019-12-09T03:40:56.882+0000][1][safepoint    ] Total time for which application threads were stopped: 0.0001176 seconds, Stopping threads took: 0.0000228 seconds
[2019-12-09T03:40:57.882+0000][1][safepoint    ] Application time: 1.0000750 seconds
[2019-12-09T03:40:57.882+0000][1][safepoint    ] Entering safepoint region: Cleanup
[2019-12-09T03:40:57.882+0000][1][safepoint    ] Leaving safepoint region
[2019-12-09T03:40:57.882+0000][1][safepoint    ] Total time for which application threads were stopped: 0.0000998 seconds, Stopping threads took: 0.0000178 seconds
[2019-12-09T03:40:58.882+0000][1][safepoint    ] Application time: 1.0000735 seconds
[2019-12-09T03:40:58.882+0000][1][safepoint    ] Entering safepoint region: Cleanup
[2019-12-09T03:40:58.882+0000][1][safepoint    ] Leaving safepoint region
[2019-12-09T03:40:58.882+0000][1][safepoint    ] Total time for which application threads were stopped: 0.0000829 seconds, Stopping threads took: 0.0000167 seconds
[2019-12-09T03:40:59.882+0000][1][safepoint    ] Application time: 1.0000750 seconds
[2019-12-09T03:40:59.882+0000][1][safepoint    ] Entering safepoint region: Cleanup
[2019-12-09T03:40:59.882+0000][1][safepoint    ] Leaving safepoint region
[2019-12-09T03:40:59.882+0000][1][safepoint    ] Total time for which application threads were stopped: 0.0000950 seconds, Stopping threads took: 0.0000177 seconds
[2019-12-09T03:41:00.882+0000][1][safepoint    ] Application time: 1.0000828 seconds
[2019-12-09T03:41:00.882+0000][1][safepoint    ] Entering safepoint region: Cleanup
[2019-12-09T03:41:00.882+0000][1][safepoint    ] Leaving safepoint region
[2019-12-09T03:41:00.882+0000][1][safepoint    ] Total time for which application threads were stopped: 0.0001332 seconds, Stopping threads took: 0.0000367 seconds
[2019-12-09T03:41:01.883+0000][1][safepoint    ] Application time: 1.0000879 seconds
[2019-12-09T03:41:01.883+0000][1][safepoint    ] Entering safepoint region: Cleanup
[2019-12-09T03:41:01.883+0000][1][safepoint    ] Leaving safepoint region
[2019-12-09T03:41:01.883+0000][1][safepoint    ] Total time for which application threads were stopped: 0.0001596 seconds, Stopping threads took: 0.0000292 seconds
[2019-12-09T03:41:02.883+0000][1][safepoint    ] Application time: 1.0000773 seconds
[2019-12-09T03:41:02.883+0000][1][safepoint    ] Entering safepoint region: Cleanup
[2019-12-09T03:41:02.883+0000][1][safepoint    ] Leaving safepoint region
[2019-12-09T03:41:02.883+0000][1][safepoint    ] Total time for which application threads were stopped: 0.0000848 seconds, Stopping threads took: 0.0000170 seconds
[2019-12-09T03:41:03.883+0000][1][safepoint    ] Application time: 1.0000761 seconds
[2019-12-09T03:41:03.883+0000][1][safepoint    ] Entering safepoint region: Cleanup
[2019-12-09T03:41:03.883+0000][1][safepoint    ] Leaving safepoint region
[2019-12-09T03:41:03.883+0000][1][safepoint    ] Total time for which application threads were stopped: 0.0000910 seconds, Stopping threads took: 0.0000181 seconds
[2019-12-09T03:41:03.952+0000][1][safepoint    ] Application time: 0.0686490 seconds
[2019-12-09T03:41:03.952+0000][1][safepoint    ] Entering safepoint region: RevokeBias
[2019-12-09T03:41:03.952+0000][1][safepoint    ] Leaving safepoint region
[2019-12-09T03:41:03.952+0000][1][safepoint    ] Total time for which application threads were stopped: 0.0001464 seconds, Stopping threads took: 0.0000237 seconds
[2019-12-09T03:41:04.952+0000][1][safepoint    ] Application time: 1.0000867 seconds
[2019-12-09T03:41:04.952+0000][1][safepoint    ] Entering safepoint region: Cleanup
[2019-12-09T03:41:04.952+0000][1][safepoint    ] Leaving safepoint region
[2019-12-09T03:41:04.952+0000][1][safepoint    ] Total time for which application threads were stopped: 0.0000905 seconds, Stopping threads took: 0.0000160 seconds
[2019-12-09T03:41:05.952+0000][1][safepoint    ] Application time: 1.0000870 seconds
[2019-12-09T03:41:05.952+0000][1][safepoint    ] Entering safepoint region: Cleanup
[2019-12-09T03:41:05.952+0000][1][safepoint    ] Leaving safepoint region
[2019-12-09T03:41:05.952+0000][1][safepoint    ] Total time for which application threads were stopped: 0.0001161 seconds, Stopping threads took: 0.0000231 seconds
[2019-12-09T03:41:06.953+0000][1][safepoint    ] Application time: 1.0000868 seconds
[2019-12-09T03:41:06.953+0000][1][safepoint    ] Entering safepoint region: Cleanup
[2019-12-09T03:41:06.953+0000][1][safepoint    ] Leaving safepoint region
[2019-12-09T03:41:06.953+0000][1][safepoint    ] Total time for which application threads were stopped: 0.0000847 seconds, Stopping threads took: 0.0000163 seconds
[2019-12-09T03:41:07.953+0000][1][safepoint    ] Application time: 1.0000663 seconds
[2019-12-09T03:41:07.953+0000][1][safepoint    ] Entering safepoint region: Cleanup
[2019-12-09T03:41:07.953+0000][1][safepoint    ] Leaving safepoint region
[2019-12-09T03:41:07.953+0000][1][safepoint    ] Total time for which application threads were stopped: 0.0000899 seconds, Stopping threads took: 0.0000168 seconds
[2019-12-09T03:41:08.953+0000][1][safepoint    ] Application time: 1.0000755 seconds
[2019-12-09T03:41:08.953+0000][1][safepoint    ] Entering safepoint region: Cleanup
[2019-12-09T03:41:08.953+0000][1][safepoint    ] Leaving safepoint region
[2019-12-09T03:41:08.953+0000][1][safepoint    ] Total time for which application threads were stopped: 0.0000917 seconds, Stopping threads took: 0.0000169 seconds
[2019-12-09T03:41:09.338+0000][1][safepoint    ] Application time: 0.3850545 seconds
[2019-12-09T03:41:09.338+0000][1][safepoint    ] Entering safepoint region: RevokeBias
[2019-12-09T03:41:09.338+0000][1][safepoint    ] Leaving safepoint region
[2019-12-09T03:41:09.338+0000][1][safepoint    ] Total time for which application threads were stopped: 0.0001656 seconds, Stopping threads took: 0.0000235 seconds
[2019-12-09T03:41:09.338+0000][1][safepoint    ] Application time: 0.0001774 seconds
[2019-12-09T03:41:09.338+0000][1][safepoint    ] Entering safepoint region: RevokeBias
[2019-12-09T03:41:09.339+0000][1][safepoint    ] Leaving safepoint region
[2019-12-09T03:41:09.339+0000][1][safepoint    ] Total time for which application threads were stopped: 0.0000681 seconds, Stopping threads took: 0.0000109 seconds
[2019-12-09T03:41:09.339+0000][1][safepoint    ] Application time: 0.0000561 seconds
[2019-12-09T03:41:09.339+0000][1][safepoint    ] Entering safepoint region: RevokeBias
[2019-12-09T03:41:09.339+0000][1][safepoint    ] Leaving safepoint region
[2019-12-09T03:41:09.339+0000][1][safepoint    ] Total time for which application threads were stopped: 0.0000430 seconds, Stopping threads took: 0.0000065 seconds
[2019-12-09T03:41:09.339+0000][1][safepoint    ] Application time: 0.0000565 seconds
[2019-12-09T03:41:09.339+0000][1][safepoint    ] Entering safepoint region: RevokeBias
[2019-12-09T03:41:09.339+0000][1][safepoint    ] Leaving safepoint region
[2019-12-09T03:41:09.339+0000][1][safepoint    ] Total time for which application threads were stopped: 0.0000492 seconds, Stopping threads took: 0.0000086 seconds
[2019-12-09T03:41:09.339+0000][1][safepoint    ] Application time: 0.0000496 seconds
[2019-12-09T03:41:09.339+0000][1][safepoint    ] Entering safepoint region: RevokeBias
[2019-12-09T03:41:09.339+0000][1][safepoint    ] Leaving safepoint region
[2019-12-09T03:41:09.339+0000][1][safepoint    ] Total time for which application threads were stopped: 0.0000415 seconds, Stopping threads took: 0.0000068 seconds
[2019-12-09T03:41:09.339+0000][1][safepoint    ] Application time: 0.0000453 seconds
[2019-12-09T03:41:09.339+0000][1][safepoint    ] Entering safepoint region: RevokeBias
[2019-12-09T03:41:09.339+0000][1][safepoint    ] Leaving safepoint region
[2019-12-09T03:41:09.339+0000][1][safepoint    ] Total time for which application threads were stopped: 0.0000416 seconds, Stopping threads took: 0.0000065 seconds
[2019-12-09T03:41:09.339+0000][1][safepoint    ] Application time: 0.0000537 seconds
[2019-12-09T03:41:09.339+0000][1][safepoint    ] Entering safepoint region: RevokeBias
[2019-12-09T03:41:09.339+0000][1][safepoint    ] Leaving safepoint region
[2019-12-09T03:41:09.339+0000][1][safepoint    ] Total time for which application threads were stopped: 0.0000357 seconds, Stopping threads took: 0.0000056 seconds
[2019-12-09T03:41:09.341+0000][1][safepoint    ] Application time: 0.0020562 seconds
[2019-12-09T03:41:09.341+0000][1][safepoint    ] Entering safepoint region: RevokeBias
[2019-12-09T03:41:09.341+0000][1][safepoint    ] Leaving safepoint region
[2019-12-09T03:41:09.341+0000][1][safepoint    ] Total time for which application threads were stopped: 0.0000891 seconds, Stopping threads took: 0.0000150 seconds
[2019-12-09T03:41:09.348+0000][1][safepoint    ] Application time: 0.0071962 seconds
[2019-12-09T03:41:09.349+0000][1][safepoint    ] Entering safepoint region: RevokeBias
[2019-12-09T03:41:09.349+0000][1][safepoint    ] Leaving safepoint region
[2019-12-09T03:41:09.349+0000][1][safepoint    ] Total time for which application threads were stopped: 0.0000666 seconds, Stopping threads took: 0.0000108 seconds
[2019-12-09T03:41:10.349+0000][1][safepoint    ] Application time: 1.0000881 seconds
[2019-12-09T03:41:10.349+0000][1][safepoint    ] Entering safepoint region: Cleanup
[2019-12-09T03:41:10.349+0000][1][safepoint    ] Leaving safepoint region
[2019-12-09T03:41:10.349+0000][1][safepoint    ] Total time for which application threads were stopped: 0.0000961 seconds, Stopping threads took: 0.0000182 seconds
[2019-12-09T03:41:10.802+0000][1][safepoint    ] Application time: 0.4536235 seconds
[2019-12-09T03:41:10.802+0000][1][safepoint    ] Entering safepoint region: RevokeBias
[2019-12-09T03:41:10.803+0000][1][safepoint    ] Leaving safepoint region
[2019-12-09T03:41:10.803+0000][1][safepoint    ] Total time for which application threads were stopped: 0.0001562 seconds, Stopping threads took: 0.0000242 seconds
[2019-12-09T03:41:10.804+0000][1][safepoint    ] Application time: 0.0016925 seconds
[2019-12-09T03:41:10.804+0000][1][safepoint    ] Entering safepoint region: RevokeBias
[2019-12-09T03:41:10.804+0000][1][safepoint    ] Leaving safepoint region
[2019-12-09T03:41:10.804+0000][1][safepoint    ] Total time for which application threads were stopped: 0.0001575 seconds, Stopping threads took: 0.0000720 seconds
[2019-12-09T03:41:10.805+0000][1][safepoint    ] Application time: 0.0003948 seconds
[2019-12-09T03:41:10.805+0000][1][safepoint    ] Entering safepoint region: RevokeBias
[2019-12-09T03:41:10.805+0000][1][safepoint    ] Leaving safepoint region
[2019-12-09T03:41:10.805+0000][1][safepoint    ] Total time for which application threads were stopped: 0.0000951 seconds, Stopping threads took: 0.0000355 seconds
[2019-12-09T03:41:10.805+0000][1][safepoint    ] Application time: 0.0001770 seconds
[2019-12-09T03:41:10.805+0000][1][safepoint    ] Entering safepoint region: RevokeBias
[2019-12-09T03:41:10.805+0000][1][safepoint    ] Leaving safepoint region
[2019-12-09T03:41:10.805+0000][1][safepoint    ] Total time for which application threads were stopped: 0.0000875 seconds, Stopping threads took: 0.0000129 seconds
[2019-12-09T03:41:10.805+0000][1][safepoint    ] Application time: 0.0001190 seconds
[2019-12-09T03:41:10.805+0000][1][safepoint    ] Entering safepoint region: RevokeBias
[2019-12-09T03:41:10.805+0000][1][safepoint    ] Leaving safepoint region
[2019-12-09T03:41:10.806+0000][1][safepoint    ] Total time for which application threads were stopped: 0.0000767 seconds, Stopping threads took: 0.0000102 seconds
[2019-12-09T03:41:10.822+0000][1][safepoint    ] Application time: 0.0169000 seconds
[2019-12-09T03:41:10.822+0000][1][safepoint    ] Entering safepoint region: RevokeBias
[2019-12-09T03:41:10.823+0000][1][safepoint    ] Leaving safepoint region
[2019-12-09T03:41:10.823+0000][1][safepoint    ] Total time for which application threads were stopped: 0.0001114 seconds, Stopping threads took: 0.0000154 seconds
[2019-12-09T03:41:10.823+0000][1][safepoint    ] Application time: 0.0006496 seconds
[2019-12-09T03:41:10.823+0000][1][safepoint    ] Entering safepoint region: RevokeBias
[2019-12-09T03:41:10.823+0000][1][safepoint    ] Leaving safepoint region
[2019-12-09T03:41:10.823+0000][1][safepoint    ] Total time for which application threads were stopped: 0.0001234 seconds, Stopping threads took: 0.0000529 seconds
[2019-12-09T03:41:11.823+0000][1][safepoint    ] Application time: 1.0000846 seconds
[2019-12-09T03:41:11.824+0000][1][safepoint    ] Entering safepoint region: Cleanup
[2019-12-09T03:41:11.824+0000][1][safepoint    ] Leaving safepoint region
[2019-12-09T03:41:11.824+0000][1][safepoint    ] Total time for which application threads were stopped: 0.0000938 seconds, Stopping threads took: 0.0000175 seconds
[2019-12-09T03:41:12.824+0000][1][safepoint    ] Application time: 1.0000767 seconds
[2019-12-09T03:41:12.824+0000][1][safepoint    ] Entering safepoint region: Cleanup
[2019-12-09T03:41:12.824+0000][1][safepoint    ] Leaving safepoint region
[2019-12-09T03:41:12.824+0000][1][safepoint    ] Total time for which application threads were stopped: 0.0000867 seconds, Stopping threads took: 0.0000186 seconds
[2019-12-09T03:41:13.824+0000][1][safepoint    ] Application time: 1.0000820 seconds
[2019-12-09T03:41:13.824+0000][1][safepoint    ] Entering safepoint region: Cleanup
[2019-12-09T03:41:13.824+0000][1][safepoint    ] Leaving safepoint region
[2019-12-09T03:41:13.824+0000][1][safepoint    ] Total time for which application threads were stopped: 0.0001021 seconds, Stopping threads took: 0.0000256 seconds
[2019-12-09T03:41:13.952+0000][1][safepoint    ] Application time: 0.1283608 seconds
[2019-12-09T03:41:13.952+0000][1][safepoint    ] Entering safepoint region: RevokeBias
[2019-12-09T03:41:13.953+0000][1][safepoint    ] Leaving safepoint region
[2019-12-09T03:41:13.953+0000][1][safepoint    ] Total time for which application threads were stopped: 0.0001315 seconds, Stopping threads took: 0.0000241 seconds
[2019-12-09T03:41:13.953+0000][1][safepoint    ] Application time: 0.0000797 seconds
[2019-12-09T03:41:13.953+0000][1][safepoint    ] Entering safepoint region: RevokeBias
[2019-12-09T03:41:13.953+0000][1][safepoint    ] Leaving safepoint region
[2019-12-09T03:41:13.953+0000][1][safepoint    ] Total time for which application threads were stopped: 0.0001204 seconds, Stopping threads took: 0.0000336 seconds
[2019-12-09T03:41:13.953+0000][1][safepoint    ] Application time: 0.0000746 seconds
[2019-12-09T03:41:13.953+0000][1][safepoint    ] Entering safepoint region: RevokeBias
[2019-12-09T03:41:13.953+0000][1][safepoint    ] Leaving safepoint region
[2019-12-09T03:41:13.953+0000][1][safepoint    ] Total time for which application threads were stopped: 0.0000686 seconds, Stopping threads took: 0.0000102 seconds
[2019-12-09T03:41:14.953+0000][1][safepoint    ] Application time: 1.0000878 seconds
[2019-12-09T03:41:14.953+0000][1][safepoint    ] Entering safepoint region: Cleanup
[2019-12-09T03:41:14.953+0000][1][safepoint    ] Leaving safepoint region
[2019-12-09T03:41:14.953+0000][1][safepoint    ] Total time for which application threads were stopped: 0.0000928 seconds, Stopping threads took: 0.0000171 seconds
[2019-12-09T03:41:15.953+0000][1][safepoint    ] Application time: 1.0000867 seconds
[2019-12-09T03:41:15.953+0000][1][safepoint    ] Entering safepoint region: Cleanup
[2019-12-09T03:41:15.953+0000][1][safepoint    ] Leaving safepoint region
[2019-12-09T03:41:15.953+0000][1][safepoint    ] Total time for which application threads were stopped: 0.0000972 seconds, Stopping threads took: 0.0000208 seconds
[2019-12-09T03:41:16.953+0000][1][safepoint    ] Application time: 1.0000764 seconds
[2019-12-09T03:41:16.954+0000][1][safepoint    ] Entering safepoint region: Cleanup
[2019-12-09T03:41:16.954+0000][1][safepoint    ] Leaving safepoint region
[2019-12-09T03:41:16.954+0000][1][safepoint    ] Total time for which application threads were stopped: 0.0000878 seconds, Stopping threads took: 0.0000178 seconds
[2019-12-09T03:41:17.954+0000][1][safepoint    ] Application time: 1.0000754 seconds
[2019-12-09T03:41:17.954+0000][1][safepoint    ] Entering safepoint region: Cleanup
[2019-12-09T03:41:17.954+0000][1][safepoint    ] Leaving safepoint region
[2019-12-09T03:41:17.954+0000][1][safepoint    ] Total time for which application threads were stopped: 0.0000918 seconds, Stopping threads took: 0.0000197 seconds
[2019-12-09T03:41:18.954+0000][1][safepoint    ] Application time: 1.0000751 seconds
[2019-12-09T03:41:18.954+0000][1][safepoint    ] Entering safepoint region: Cleanup
[2019-12-09T03:41:18.954+0000][1][safepoint    ] Leaving safepoint region
[2019-12-09T03:41:18.954+0000][1][safepoint    ] Total time for which application threads were stopped: 0.0000877 seconds, Stopping threads took: 0.0000184 seconds
[2019-12-09T03:41:19.954+0000][1][safepoint    ] Application time: 1.0000757 seconds
[2019-12-09T03:41:19.954+0000][1][safepoint    ] Entering safepoint region: Cleanup
[2019-12-09T03:41:19.954+0000][1][safepoint    ] Leaving safepoint region
[2019-12-09T03:41:19.954+0000][1][safepoint    ] Total time for which application threads were stopped: 0.0000898 seconds, Stopping threads took: 0.0000186 seconds
[2019-12-09T03:41:20.954+0000][1][safepoint    ] Application time: 1.0000764 seconds
[2019-12-09T03:41:20.954+0000][1][safepoint    ] Entering safepoint region: Cleanup
[2019-12-09T03:41:20.954+0000][1][safepoint    ] Leaving safepoint region
[2019-12-09T03:41:20.954+0000][1][safepoint    ] Total time for which application threads were stopped: 0.0000950 seconds, Stopping threads took: 0.0000189 seconds
[2019-12-09T03:41:21.955+0000][1][safepoint    ] Application time: 1.0000767 seconds
[2019-12-09T03:41:21.955+0000][1][safepoint    ] Entering safepoint region: Cleanup
[2019-12-09T03:41:21.955+0000][1][safepoint    ] Leaving safepoint region
[2019-12-09T03:41:21.955+0000][1][safepoint    ] Total time for which application threads were stopped: 0.0000981 seconds, Stopping threads took: 0.0000188 seconds
[2019-12-09T03:41:22.955+0000][1][safepoint    ] Application time: 1.0000870 seconds
[2019-12-09T03:41:22.955+0000][1][safepoint    ] Entering safepoint region: Cleanup
[2019-12-09T03:41:22.955+0000][1][safepoint    ] Leaving safepoint region
[2019-12-09T03:41:22.955+0000][1][safepoint    ] Total time for which application threads were stopped: 0.0000877 seconds, Stopping threads took: 0.0000163 seconds
[2019-12-09T03:41:23.955+0000][1][safepoint    ] Application time: 1.0003886 seconds
[2019-12-09T03:41:23.955+0000][1][safepoint    ] Entering safepoint region: Cleanup
[2019-12-09T03:41:23.955+0000][1][safepoint    ] Leaving safepoint region
[2019-12-09T03:41:23.955+0000][1][safepoint    ] Total time for which application threads were stopped: 0.0001486 seconds, Stopping threads took: 0.0000237 seconds
[2019-12-09T03:41:24.956+0000][1][safepoint    ] Application time: 1.0000815 seconds
[2019-12-09T03:41:24.956+0000][1][safepoint    ] Entering safepoint region: Cleanup
[2019-12-09T03:41:24.956+0000][1][safepoint    ] Leaving safepoint region
[2019-12-09T03:41:24.956+0000][1][safepoint    ] Total time for which application threads were stopped: 0.0000906 seconds, Stopping threads took: 0.0000174 seconds
[2019-12-09T03:41:25.956+0000][1][safepoint    ] Application time: 1.0000867 seconds
[2019-12-09T03:41:25.956+0000][1][safepoint    ] Entering safepoint region: Cleanup
[2019-12-09T03:41:25.956+0000][1][safepoint    ] Leaving safepoint region
[2019-12-09T03:41:25.956+0000][1][safepoint    ] Total time for which application threads were stopped: 0.0001143 seconds, Stopping threads took: 0.0000236 seconds
[2019-12-09T03:41:26.956+0000][1][safepoint    ] Application time: 1.0000762 seconds
[2019-12-09T03:41:26.956+0000][1][safepoint    ] Entering safepoint region: Cleanup
[2019-12-09T03:41:26.956+0000][1][safepoint    ] Leaving safepoint region
[2019-12-09T03:41:26.956+0000][1][safepoint    ] Total time for which application threads were stopped: 0.0000890 seconds, Stopping threads took: 0.0000153 seconds
[2019-12-09T03:41:27.956+0000][1][safepoint    ] Application time: 1.0000743 seconds
[2019-12-09T03:41:27.956+0000][1][safepoint    ] Entering safepoint region: Cleanup
[2019-12-09T03:41:27.956+0000][1][safepoint    ] Leaving safepoint region
[2019-12-09T03:41:27.956+0000][1][safepoint    ] Total time for which application threads were stopped: 0.0001013 seconds, Stopping threads took: 0.0000183 seconds
[2019-12-09T03:41:28.956+0000][1][safepoint    ] Application time: 1.0000765 seconds
[2019-12-09T03:41:28.956+0000][1][safepoint    ] Entering safepoint region: Cleanup
[2019-12-09T03:41:28.957+0000][1][safepoint    ] Leaving safepoint region
[2019-12-09T03:41:28.957+0000][1][safepoint    ] Total time for which application threads were stopped: 0.0000930 seconds, Stopping threads took: 0.0000183 seconds
[2019-12-09T03:41:29.957+0000][1][safepoint    ] Application time: 1.0000747 seconds
[2019-12-09T03:41:29.957+0000][1][safepoint    ] Entering safepoint region: Cleanup
[2019-12-09T03:41:29.957+0000][1][safepoint    ] Leaving safepoint region
[2019-12-09T03:41:29.957+0000][1][safepoint    ] Total time for which application threads were stopped: 0.0001022 seconds, Stopping threads took: 0.0000181 seconds
[2019-12-09T03:41:30.957+0000][1][safepoint    ] Application time: 1.0000767 seconds
[2019-12-09T03:41:30.957+0000][1][safepoint    ] Entering safepoint region: Cleanup
[2019-12-09T03:41:30.957+0000][1][safepoint    ] Leaving safepoint region
[2019-12-09T03:41:30.957+0000][1][safepoint    ] Total time for which application threads were stopped: 0.0000988 seconds, Stopping threads took: 0.0000245 seconds
[2019-12-09T03:41:31.957+0000][1][safepoint    ] Application time: 1.0000756 seconds
[2019-12-09T03:41:31.957+0000][1][safepoint    ] Entering safepoint region: Cleanup
[2019-12-09T03:41:31.957+0000][1][safepoint    ] Leaving safepoint region
[2019-12-09T03:41:31.957+0000][1][safepoint    ] Total time for which application threads were stopped: 0.0000996 seconds, Stopping threads took: 0.0000189 seconds
[2019-12-09T03:41:32.957+0000][1][safepoint    ] Application time: 1.0000766 seconds
[2019-12-09T03:41:32.957+0000][1][safepoint    ] Entering safepoint region: Cleanup
[2019-12-09T03:41:32.957+0000][1][safepoint    ] Leaving safepoint region
[2019-12-09T03:41:32.957+0000][1][safepoint    ] Total time for which application threads were stopped: 0.0000842 seconds, Stopping threads took: 0.0000175 seconds
[2019-12-09T03:41:33.955+0000][1][safepoint    ] Application time: 0.9975862 seconds
[2019-12-09T03:41:33.955+0000][1][safepoint    ] Entering safepoint region: RevokeBias
[2019-12-09T03:41:33.955+0000][1][safepoint    ] Leaving safepoint region
[2019-12-09T03:41:33.955+0000][1][safepoint    ] Total time for which application threads were stopped: 0.0001606 seconds, Stopping threads took: 0.0000261 seconds
[2019-12-09T03:41:34.955+0000][1][safepoint    ] Application time: 1.0000839 seconds
[2019-12-09T03:41:34.955+0000][1][safepoint    ] Entering safepoint region: Cleanup
[2019-12-09T03:41:34.955+0000][1][safepoint    ] Leaving safepoint region
[2019-12-09T03:41:34.955+0000][1][safepoint    ] Total time for which application threads were stopped: 0.0000935 seconds, Stopping threads took: 0.0000179 seconds
[2019-12-09T03:41:35.955+0000][1][safepoint    ] Application time: 1.0000776 seconds
[2019-12-09T03:41:35.955+0000][1][safepoint    ] Entering safepoint region: Cleanup
[2019-12-09T03:41:35.956+0000][1][safepoint    ] Leaving safepoint region
[2019-12-09T03:41:35.956+0000][1][safepoint    ] Total time for which application threads were stopped: 0.0000924 seconds, Stopping threads took: 0.0000165 seconds
[2019-12-09T03:41:36.956+0000][1][safepoint    ] Application time: 1.0000794 seconds
[2019-12-09T03:41:36.956+0000][1][safepoint    ] Entering safepoint region: Cleanup
[2019-12-09T03:41:36.956+0000][1][safepoint    ] Leaving safepoint region
[2019-12-09T03:41:36.956+0000][1][safepoint    ] Total time for which application threads were stopped: 0.0001110 seconds, Stopping threads took: 0.0000198 seconds
[2019-12-09T03:41:37.126+0000][1][safepoint    ] Application time: 0.1706245 seconds
[2019-12-09T03:41:37.126+0000][1][safepoint    ] Entering safepoint region: GenCollectForAllocation
[2019-12-09T03:41:37.127+0000][1][gc,start     ] GC(28) Pause Young (Allocation Failure)
[2019-12-09T03:41:37.127+0000][1][gc,task      ] GC(28) Using 2 workers of 2 for evacuation
[2019-12-09T03:41:37.132+0000][1][gc,age       ] GC(28) Desired survivor size 4456448 bytes, new threshold 6 (max threshold 6)
[2019-12-09T03:41:37.132+0000][1][gc,age       ] GC(28) Age table with threshold 6 (max threshold 6)
[2019-12-09T03:41:37.132+0000][1][gc,age       ] GC(28) - age   1:     323432 bytes,     323432 total
[2019-12-09T03:41:37.132+0000][1][gc,age       ] GC(28) - age   2:     315528 bytes,     638960 total
[2019-12-09T03:41:37.132+0000][1][gc,age       ] GC(28) - age   3:     842600 bytes,    1481560 total
[2019-12-09T03:41:37.132+0000][1][gc,heap      ] GC(28) ParNew: 71491K->1861K(78656K)
[2019-12-09T03:41:37.132+0000][1][gc,heap      ] GC(28) CMS: 72923K->72923K(174784K)
[2019-12-09T03:41:37.132+0000][1][gc,metaspace ] GC(28) Metaspace: 77248K->77248K(1120256K)
[2019-12-09T03:41:37.132+0000][1][gc           ] GC(28) Pause Young (Allocation Failure) 141M->73M(247M) 5.367ms
[2019-12-09T03:41:37.132+0000][1][gc,cpu       ] GC(28) User=0.00s Sys=0.00s Real=0.00s
[2019-12-09T03:41:37.132+0000][1][safepoint    ] Leaving safepoint region
[2019-12-09T03:41:37.132+0000][1][safepoint    ] Total time for which application threads were stopped: 0.0056016 seconds, Stopping threads took: 0.0000232 seconds
[2019-12-09T03:41:37.677+0000][1][safepoint    ] Application time: 0.5450357 seconds
[2019-12-09T03:41:37.677+0000][1][safepoint    ] Entering safepoint region: RevokeBias
[2019-12-09T03:41:37.677+0000][1][safepoint    ] Leaving safepoint region
[2019-12-09T03:41:37.677+0000][1][safepoint    ] Total time for which application threads were stopped: 0.0001588 seconds, Stopping threads took: 0.0000228 seconds
[2019-12-09T03:41:37.677+0000][1][safepoint    ] Application time: 0.0000557 seconds
[2019-12-09T03:41:37.677+0000][1][safepoint    ] Entering safepoint region: RevokeBias
[2019-12-09T03:41:37.678+0000][1][safepoint    ] Leaving safepoint region
[2019-12-09T03:41:37.678+0000][1][safepoint    ] Total time for which application threads were stopped: 0.0001406 seconds, Stopping threads took: 0.0000624 seconds
[2019-12-09T03:41:38.678+0000][1][safepoint    ] Application time: 1.0000917 seconds
[2019-12-09T03:41:38.678+0000][1][safepoint    ] Entering safepoint region: Cleanup
[2019-12-09T03:41:38.678+0000][1][safepoint    ] Leaving safepoint region
[2019-12-09T03:41:38.678+0000][1][safepoint    ] Total time for which application threads were stopped: 0.0001055 seconds, Stopping threads took: 0.0000213 seconds
[2019-12-09T03:41:39.678+0000][1][safepoint    ] Application time: 1.0000746 seconds
[2019-12-09T03:41:39.678+0000][1][safepoint    ] Entering safepoint region: Cleanup
[2019-12-09T03:41:39.678+0000][1][safepoint    ] Leaving safepoint region
[2019-12-09T03:41:39.678+0000][1][safepoint    ] Total time for which application threads were stopped: 0.0000905 seconds, Stopping threads took: 0.0000193 seconds
[2019-12-09T03:41:40.678+0000][1][safepoint    ] Application time: 1.0000755 seconds
[2019-12-09T03:41:40.678+0000][1][safepoint    ] Entering safepoint region: Cleanup
[2019-12-09T03:41:40.678+0000][1][safepoint    ] Leaving safepoint region
[2019-12-09T03:41:40.678+0000][1][safepoint    ] Total time for which application threads were stopped: 0.0001027 seconds, Stopping threads took: 0.0000211 seconds
[2019-12-09T03:41:41.678+0000][1][safepoint    ] Application time: 1.0000763 seconds
[2019-12-09T03:41:41.678+0000][1][safepoint    ] Entering safepoint region: Cleanup
[2019-12-09T03:41:41.678+0000][1][safepoint    ] Leaving safepoint region
[2019-12-09T03:41:41.678+0000][1][safepoint    ] Total time for which application threads were stopped: 0.0001035 seconds, Stopping threads took: 0.0000184 seconds
[2019-12-09T03:41:42.679+0000][1][safepoint    ] Application time: 1.0000769 seconds
[2019-12-09T03:41:42.679+0000][1][safepoint    ] Entering safepoint region: Cleanup
[2019-12-09T03:41:42.679+0000][1][safepoint    ] Leaving safepoint region
[2019-12-09T03:41:42.679+0000][1][safepoint    ] Total time for which application threads were stopped: 0.0001012 seconds, Stopping threads took: 0.0000204 seconds
[2019-12-09T03:41:43.679+0000][1][safepoint    ] Application time: 1.0000754 seconds
[2019-12-09T03:41:43.679+0000][1][safepoint    ] Entering safepoint region: Cleanup
[2019-12-09T03:41:43.679+0000][1][safepoint    ] Leaving safepoint region
[2019-12-09T03:41:43.679+0000][1][safepoint    ] Total time for which application threads were stopped: 0.0001061 seconds, Stopping threads took: 0.0000209 seconds
[2019-12-09T03:41:44.679+0000][1][safepoint    ] Application time: 1.0000759 seconds
[2019-12-09T03:41:44.679+0000][1][safepoint    ] Entering safepoint region: Cleanup
[2019-12-09T03:41:44.679+0000][1][safepoint    ] Leaving safepoint region
[2019-12-09T03:41:44.679+0000][1][safepoint    ] Total time for which application threads were stopped: 0.0001060 seconds, Stopping threads took: 0.0000258 seconds
[2019-12-09T03:41:45.679+0000][1][safepoint    ] Application time: 1.0000749 seconds
[2019-12-09T03:41:45.679+0000][1][safepoint    ] Entering safepoint region: Cleanup
[2019-12-09T03:41:45.679+0000][1][safepoint    ] Leaving safepoint region
[2019-12-09T03:41:45.679+0000][1][safepoint    ] Total time for which application threads were stopped: 0.0000951 seconds, Stopping threads took: 0.0000195 seconds
[2019-12-09T03:41:46.679+0000][1][safepoint    ] Application time: 1.0000755 seconds
[2019-12-09T03:41:46.679+0000][1][safepoint    ] Entering safepoint region: Cleanup
[2019-12-09T03:41:46.680+0000][1][safepoint    ] Leaving safepoint region
[2019-12-09T03:41:46.680+0000][1][safepoint    ] Total time for which application threads were stopped: 0.0001002 seconds, Stopping threads took: 0.0000194 seconds
[2019-12-09T03:41:47.680+0000][1][safepoint    ] Application time: 1.0000770 seconds
[2019-12-09T03:41:47.680+0000][1][safepoint    ] Entering safepoint region: Cleanup
[2019-12-09T03:41:47.680+0000][1][safepoint    ] Leaving safepoint region
[2019-12-09T03:41:47.680+0000][1][safepoint    ] Total time for which application threads were stopped: 0.0000947 seconds, Stopping threads took: 0.0000213 seconds
[2019-12-09T03:41:48.680+0000][1][safepoint    ] Application time: 1.0000768 seconds
[2019-12-09T03:41:48.680+0000][1][safepoint    ] Entering safepoint region: Cleanup
[2019-12-09T03:41:48.680+0000][1][safepoint    ] Leaving safepoint region
[2019-12-09T03:41:48.680+0000][1][safepoint    ] Total time for which application threads were stopped: 0.0001004 seconds, Stopping threads took: 0.0000182 seconds
[2019-12-09T03:41:49.680+0000][1][safepoint    ] Application time: 1.0000742 seconds
[2019-12-09T03:41:49.680+0000][1][safepoint    ] Entering safepoint region: Cleanup
[2019-12-09T03:41:49.680+0000][1][safepoint    ] Leaving safepoint region
[2019-12-09T03:41:49.680+0000][1][safepoint    ] Total time for which application threads were stopped: 0.0000975 seconds, Stopping threads took: 0.0000191 seconds
[2019-12-09T03:41:50.680+0000][1][safepoint    ] Application time: 1.0000763 seconds
[2019-12-09T03:41:50.680+0000][1][safepoint    ] Entering safepoint region: Cleanup
[2019-12-09T03:41:50.680+0000][1][safepoint    ] Leaving safepoint region
[2019-12-09T03:41:50.680+0000][1][safepoint    ] Total time for which application threads were stopped: 0.0000905 seconds, Stopping threads took: 0.0000178 seconds
[2019-12-09T03:41:51.681+0000][1][safepoint    ] Application time: 1.0000771 seconds
[2019-12-09T03:41:51.681+0000][1][safepoint    ] Entering safepoint region: Cleanup
[2019-12-09T03:41:51.681+0000][1][safepoint    ] Leaving safepoint region
[2019-12-09T03:41:51.681+0000][1][safepoint    ] Total time for which application threads were stopped: 0.0001091 seconds, Stopping threads took: 0.0000186 seconds
[2019-12-09T03:41:52.681+0000][1][safepoint    ] Application time: 1.0000776 seconds
[2019-12-09T03:41:52.681+0000][1][safepoint    ] Entering safepoint region: Cleanup
[2019-12-09T03:41:52.681+0000][1][safepoint    ] Leaving safepoint region
[2019-12-09T03:41:52.681+0000][1][safepoint    ] Total time for which application threads were stopped: 0.0000923 seconds, Stopping threads took: 0.0000186 seconds
[2019-12-09T03:41:53.681+0000][1][safepoint    ] Application time: 1.0000774 seconds
[2019-12-09T03:41:53.681+0000][1][safepoint    ] Entering safepoint region: Cleanup
[2019-12-09T03:41:53.681+0000][1][safepoint    ] Leaving safepoint region
[2019-12-09T03:41:53.681+0000][1][safepoint    ] Total time for which application threads were stopped: 0.0000980 seconds, Stopping threads took: 0.0000195 seconds
[2019-12-09T03:41:54.681+0000][1][safepoint    ] Application time: 1.0000762 seconds
[2019-12-09T03:41:54.681+0000][1][safepoint    ] Entering safepoint region: Cleanup
[2019-12-09T03:41:54.681+0000][1][safepoint    ] Leaving safepoint region
[2019-12-09T03:41:54.681+0000][1][safepoint    ] Total time for which application threads were stopped: 0.0001094 seconds, Stopping threads took: 0.0000301 seconds
[2019-12-09T03:41:55.681+0000][1][safepoint    ] Application time: 1.0000903 seconds
[2019-12-09T03:41:55.682+0000][1][safepoint    ] Entering safepoint region: Cleanup
[2019-12-09T03:41:55.682+0000][1][safepoint    ] Leaving safepoint region
[2019-12-09T03:41:55.682+0000][1][safepoint    ] Total time for which application threads were stopped: 0.0001327 seconds, Stopping threads took: 0.0000255 seconds
[2019-12-09T03:41:56.682+0000][1][safepoint    ] Application time: 1.0000760 seconds
[2019-12-09T03:41:56.682+0000][1][safepoint    ] Entering safepoint region: Cleanup
[2019-12-09T03:41:56.682+0000][1][safepoint    ] Leaving safepoint region
[2019-12-09T03:41:56.682+0000][1][safepoint    ] Total time for which application threads were stopped: 0.0000989 seconds, Stopping threads took: 0.0000203 seconds
[2019-12-09T03:41:57.682+0000][1][safepoint    ] Application time: 1.0000762 seconds
[2019-12-09T03:41:57.682+0000][1][safepoint    ] Entering safepoint region: Cleanup
[2019-12-09T03:41:57.682+0000][1][safepoint    ] Leaving safepoint region
[2019-12-09T03:41:57.682+0000][1][safepoint    ] Total time for which application threads were stopped: 0.0000983 seconds, Stopping threads took: 0.0000178 seconds
[2019-12-09T03:41:58.682+0000][1][safepoint    ] Application time: 1.0000769 seconds
[2019-12-09T03:41:58.682+0000][1][safepoint    ] Entering safepoint region: Cleanup
[2019-12-09T03:41:58.682+0000][1][safepoint    ] Leaving safepoint region
[2019-12-09T03:41:58.682+0000][1][safepoint    ] Total time for which application threads were stopped: 0.0000984 seconds, Stopping threads took: 0.0000193 seconds
[2019-12-09T03:41:59.682+0000][1][safepoint    ] Application time: 1.0000777 seconds
[2019-12-09T03:41:59.682+0000][1][safepoint    ] Entering safepoint region: Cleanup
[2019-12-09T03:41:59.682+0000][1][safepoint    ] Leaving safepoint region
[2019-12-09T03:41:59.683+0000][1][safepoint    ] Total time for which application threads were stopped: 0.0000973 seconds, Stopping threads took: 0.0000190 seconds
[2019-12-09T03:42:00.683+0000][1][safepoint    ] Application time: 1.0000776 seconds
[2019-12-09T03:42:00.683+0000][1][safepoint    ] Entering safepoint region: Cleanup
[2019-12-09T03:42:00.683+0000][1][safepoint    ] Leaving safepoint region
[2019-12-09T03:42:00.683+0000][1][safepoint    ] Total time for which application threads were stopped: 0.0001119 seconds, Stopping threads took: 0.0000228 seconds
[2019-12-09T03:42:01.683+0000][1][safepoint    ] Application time: 1.0000782 seconds
[2019-12-09T03:42:01.683+0000][1][safepoint    ] Entering safepoint region: Cleanup
[2019-12-09T03:42:01.683+0000][1][safepoint    ] Leaving safepoint region
[2019-12-09T03:42:01.683+0000][1][safepoint    ] Total time for which application threads were stopped: 0.0000957 seconds, Stopping threads took: 0.0000194 seconds
[2019-12-09T03:42:02.683+0000][1][safepoint    ] Application time: 1.0000790 seconds
[2019-12-09T03:42:02.683+0000][1][safepoint    ] Entering safepoint region: Cleanup
[2019-12-09T03:42:02.683+0000][1][safepoint    ] Leaving safepoint region
[2019-12-09T03:42:02.683+0000][1][safepoint    ] Total time for which application threads were stopped: 0.0000981 seconds, Stopping threads took: 0.0000189 seconds
[2019-12-09T03:42:03.683+0000][1][safepoint    ] Application time: 1.0000800 seconds
[2019-12-09T03:42:03.683+0000][1][safepoint    ] Entering safepoint region: Cleanup
[2019-12-09T03:42:03.683+0000][1][safepoint    ] Leaving safepoint region
[2019-12-09T03:42:03.683+0000][1][safepoint    ] Total time for which application threads were stopped: 0.0001035 seconds, Stopping threads took: 0.0000201 seconds
[2019-12-09T03:42:04.683+0000][1][safepoint    ] Application time: 1.0000800 seconds
[2019-12-09T03:42:04.684+0000][1][safepoint    ] Entering safepoint region: Cleanup
[2019-12-09T03:42:04.684+0000][1][safepoint    ] Leaving safepoint region
[2019-12-09T03:42:04.684+0000][1][safepoint    ] Total time for which application threads were stopped: 0.0001032 seconds, Stopping threads took: 0.0000205 seconds
[2019-12-09T03:42:05.684+0000][1][safepoint    ] Application time: 1.0000788 seconds
[2019-12-09T03:42:05.684+0000][1][safepoint    ] Entering safepoint region: Cleanup
[2019-12-09T03:42:05.684+0000][1][safepoint    ] Leaving safepoint region
[2019-12-09T03:42:05.684+0000][1][safepoint    ] Total time for which application threads were stopped: 0.0000986 seconds, Stopping threads took: 0.0000199 seconds
[2019-12-09T03:42:06.684+0000][1][safepoint    ] Application time: 1.0000761 seconds
[2019-12-09T03:42:06.684+0000][1][safepoint    ] Entering safepoint region: Cleanup
[2019-12-09T03:42:06.684+0000][1][safepoint    ] Leaving safepoint region
[2019-12-09T03:42:06.684+0000][1][safepoint    ] Total time for which application threads were stopped: 0.0001085 seconds, Stopping threads took: 0.0000194 seconds
[2019-12-09T03:42:07.684+0000][1][safepoint    ] Application time: 1.0000790 seconds
[2019-12-09T03:42:07.684+0000][1][safepoint    ] Entering safepoint region: Cleanup
[2019-12-09T03:42:07.684+0000][1][safepoint    ] Leaving safepoint region
[2019-12-09T03:42:07.684+0000][1][safepoint    ] Total time for which application threads were stopped: 0.0000994 seconds, Stopping threads took: 0.0000203 seconds
[2019-12-09T03:42:08.684+0000][1][safepoint    ] Application time: 1.0000762 seconds
[2019-12-09T03:42:08.684+0000][1][safepoint    ] Entering safepoint region: Cleanup
[2019-12-09T03:42:08.685+0000][1][safepoint    ] Leaving safepoint region
[2019-12-09T03:42:08.685+0000][1][safepoint    ] Total time for which application threads were stopped: 0.0000984 seconds, Stopping threads took: 0.0000193 seconds
[2019-12-09T03:42:09.685+0000][1][safepoint    ] Application time: 1.0000764 seconds
[2019-12-09T03:42:09.685+0000][1][safepoint    ] Entering safepoint region: Cleanup
[2019-12-09T03:42:09.685+0000][1][safepoint    ] Leaving safepoint region
[2019-12-09T03:42:09.685+0000][1][safepoint    ] Total time for which application threads were stopped: 0.0001111 seconds, Stopping threads took: 0.0000196 seconds
[2019-12-09T03:42:10.685+0000][1][safepoint    ] Application time: 1.0000762 seconds
[2019-12-09T03:42:10.685+0000][1][safepoint    ] Entering safepoint region: Cleanup
[2019-12-09T03:42:10.685+0000][1][safepoint    ] Leaving safepoint region
[2019-12-09T03:42:10.685+0000][1][safepoint    ] Total time for which application threads were stopped: 0.0000941 seconds, Stopping threads took: 0.0000190 seconds
[2019-12-09T03:42:11.685+0000][1][safepoint    ] Application time: 1.0000782 seconds
[2019-12-09T03:42:11.685+0000][1][safepoint    ] Entering safepoint region: Cleanup
[2019-12-09T03:42:11.685+0000][1][safepoint    ] Leaving safepoint region
[2019-12-09T03:42:11.685+0000][1][safepoint    ] Total time for which application threads were stopped: 0.0000930 seconds, Stopping threads took: 0.0000185 seconds
[2019-12-09T03:42:12.685+0000][1][safepoint    ] Application time: 1.0000784 seconds
[2019-12-09T03:42:12.685+0000][1][safepoint    ] Entering safepoint region: Cleanup
[2019-12-09T03:42:12.685+0000][1][safepoint    ] Leaving safepoint region
[2019-12-09T03:42:12.685+0000][1][safepoint    ] Total time for which application threads were stopped: 0.0000933 seconds, Stopping threads took: 0.0000185 seconds
[2019-12-09T03:42:13.685+0000][1][safepoint    ] Application time: 1.0000817 seconds
[2019-12-09T03:42:13.686+0000][1][safepoint    ] Entering safepoint region: Cleanup
[2019-12-09T03:42:13.686+0000][1][safepoint    ] Leaving safepoint region
[2019-12-09T03:42:13.686+0000][1][safepoint    ] Total time for which application threads were stopped: 0.0000938 seconds, Stopping threads took: 0.0000188 seconds
[2019-12-09T03:42:14.686+0000][1][safepoint    ] Application time: 1.0000759 seconds
[2019-12-09T03:42:14.686+0000][1][safepoint    ] Entering safepoint region: Cleanup
[2019-12-09T03:42:14.686+0000][1][safepoint    ] Leaving safepoint region
[2019-12-09T03:42:14.686+0000][1][safepoint    ] Total time for which application threads were stopped: 0.0001069 seconds, Stopping threads took: 0.0000199 seconds
[2019-12-09T03:42:15.686+0000][1][safepoint    ] Application time: 1.0000784 seconds
[2019-12-09T03:42:15.686+0000][1][safepoint    ] Entering safepoint region: Cleanup
[2019-12-09T03:42:15.686+0000][1][safepoint    ] Leaving safepoint region
[2019-12-09T03:42:15.686+0000][1][safepoint    ] Total time for which application threads were stopped: 0.0000982 seconds, Stopping threads took: 0.0000187 seconds
[2019-12-09T03:42:16.686+0000][1][safepoint    ] Application time: 1.0000779 seconds
[2019-12-09T03:42:16.686+0000][1][safepoint    ] Entering safepoint region: Cleanup
[2019-12-09T03:42:16.686+0000][1][safepoint    ] Leaving safepoint region
[2019-12-09T03:42:16.686+0000][1][safepoint    ] Total time for which application threads were stopped: 0.0000981 seconds, Stopping threads took: 0.0000183 seconds
[2019-12-09T03:42:17.686+0000][1][safepoint    ] Application time: 1.0000771 seconds
[2019-12-09T03:42:17.686+0000][1][safepoint    ] Entering safepoint region: Cleanup
[2019-12-09T03:42:17.686+0000][1][safepoint    ] Leaving safepoint region
[2019-12-09T03:42:17.687+0000][1][safepoint    ] Total time for which application threads were stopped: 0.0000953 seconds, Stopping threads took: 0.0000191 seconds
[2019-12-09T03:42:18.687+0000][1][safepoint    ] Application time: 1.0000775 seconds
[2019-12-09T03:42:18.687+0000][1][safepoint    ] Entering safepoint region: Cleanup
[2019-12-09T03:42:18.687+0000][1][safepoint    ] Leaving safepoint region
[2019-12-09T03:42:18.687+0000][1][safepoint    ] Total time for which application threads were stopped: 0.0001092 seconds, Stopping threads took: 0.0000207 seconds
[2019-12-09T03:42:19.687+0000][1][safepoint    ] Application time: 1.0000760 seconds
[2019-12-09T03:42:19.687+0000][1][safepoint    ] Entering safepoint region: Cleanup
[2019-12-09T03:42:19.687+0000][1][safepoint    ] Leaving safepoint region
[2019-12-09T03:42:19.687+0000][1][safepoint    ] Total time for which application threads were stopped: 0.0000973 seconds, Stopping threads took: 0.0000185 seconds
[2019-12-09T03:42:20.687+0000][1][safepoint    ] Application time: 1.0000747 seconds
[2019-12-09T03:42:20.687+0000][1][safepoint    ] Entering safepoint region: Cleanup
[2019-12-09T03:42:20.687+0000][1][safepoint    ] Leaving safepoint region
[2019-12-09T03:42:20.687+0000][1][safepoint    ] Total time for which application threads were stopped: 0.0001062 seconds, Stopping threads took: 0.0000206 seconds
[2019-12-09T03:42:21.687+0000][1][safepoint    ] Application time: 1.0000757 seconds
[2019-12-09T03:42:21.687+0000][1][safepoint    ] Entering safepoint region: Cleanup
[2019-12-09T03:42:21.687+0000][1][safepoint    ] Leaving safepoint region
[2019-12-09T03:42:21.687+0000][1][safepoint    ] Total time for which application threads were stopped: 0.0001001 seconds, Stopping threads took: 0.0000187 seconds
[2019-12-09T03:42:22.687+0000][1][safepoint    ] Application time: 1.0000778 seconds
[2019-12-09T03:42:22.688+0000][1][safepoint    ] Entering safepoint region: Cleanup
[2019-12-09T03:42:22.688+0000][1][safepoint    ] Leaving safepoint region
[2019-12-09T03:42:22.688+0000][1][safepoint    ] Total time for which application threads were stopped: 0.0000927 seconds, Stopping threads took: 0.0000191 seconds
[2019-12-09T03:42:23.688+0000][1][safepoint    ] Application time: 1.0000842 seconds
[2019-12-09T03:42:23.688+0000][1][safepoint    ] Entering safepoint region: Cleanup
[2019-12-09T03:42:23.688+0000][1][safepoint    ] Leaving safepoint region
[2019-12-09T03:42:23.688+0000][1][safepoint    ] Total time for which application threads were stopped: 0.0000942 seconds, Stopping threads took: 0.0000190 seconds
[2019-12-09T03:42:24.688+0000][1][safepoint    ] Application time: 1.0000756 seconds
[2019-12-09T03:42:24.688+0000][1][safepoint    ] Entering safepoint region: Cleanup
[2019-12-09T03:42:24.688+0000][1][safepoint    ] Leaving safepoint region
[2019-12-09T03:42:24.688+0000][1][safepoint    ] Total time for which application threads were stopped: 0.0000960 seconds, Stopping threads took: 0.0000177 seconds
[2019-12-09T03:42:25.688+0000][1][safepoint    ] Application time: 1.0000778 seconds
[2019-12-09T03:42:25.688+0000][1][safepoint    ] Entering safepoint region: Cleanup
[2019-12-09T03:42:25.688+0000][1][safepoint    ] Leaving safepoint region
[2019-12-09T03:42:25.688+0000][1][safepoint    ] Total time for which application threads were stopped: 0.0001048 seconds, Stopping threads took: 0.0000213 seconds
[2019-12-09T03:42:26.688+0000][1][safepoint    ] Application time: 1.0000770 seconds
[2019-12-09T03:42:26.688+0000][1][safepoint    ] Entering safepoint region: Cleanup
[2019-12-09T03:42:26.688+0000][1][safepoint    ] Leaving safepoint region
[2019-12-09T03:42:26.688+0000][1][safepoint    ] Total time for which application threads were stopped: 0.0000946 seconds, Stopping threads took: 0.0000200 seconds
[2019-12-09T03:42:27.689+0000][1][safepoint    ] Application time: 1.0000779 seconds
[2019-12-09T03:42:27.689+0000][1][safepoint    ] Entering safepoint region: Cleanup
[2019-12-09T03:42:27.689+0000][1][safepoint    ] Leaving safepoint region
[2019-12-09T03:42:27.689+0000][1][safepoint    ] Total time for which application threads were stopped: 0.0001046 seconds, Stopping threads took: 0.0000181 seconds
[2019-12-09T03:42:28.689+0000][1][safepoint    ] Application time: 1.0000781 seconds
[2019-12-09T03:42:28.689+0000][1][safepoint    ] Entering safepoint region: Cleanup
[2019-12-09T03:42:28.689+0000][1][safepoint    ] Leaving safepoint region
[2019-12-09T03:42:28.689+0000][1][safepoint    ] Total time for which application threads were stopped: 0.0001014 seconds, Stopping threads took: 0.0000189 seconds
[2019-12-09T03:42:29.689+0000][1][safepoint    ] Application time: 1.0000752 seconds
[2019-12-09T03:42:29.689+0000][1][safepoint    ] Entering safepoint region: Cleanup
[2019-12-09T03:42:29.689+0000][1][safepoint    ] Leaving safepoint region
[2019-12-09T03:42:29.689+0000][1][safepoint    ] Total time for which application threads were stopped: 0.0000876 seconds, Stopping threads took: 0.0000168 seconds
[2019-12-09T03:42:30.689+0000][1][safepoint    ] Application time: 1.0000749 seconds
[2019-12-09T03:42:30.689+0000][1][safepoint    ] Entering safepoint region: Cleanup
[2019-12-09T03:42:30.689+0000][1][safepoint    ] Leaving safepoint region
[2019-12-09T03:42:30.689+0000][1][safepoint    ] Total time for which application threads were stopped: 0.0000969 seconds, Stopping threads took: 0.0000228 seconds
[2019-12-09T03:42:31.689+0000][1][safepoint    ] Application time: 1.0000774 seconds
[2019-12-09T03:42:31.689+0000][1][safepoint    ] Entering safepoint region: Cleanup
[2019-12-09T03:42:31.690+0000][1][safepoint    ] Leaving safepoint region
[2019-12-09T03:42:31.690+0000][1][safepoint    ] Total time for which application threads were stopped: 0.0000949 seconds, Stopping threads took: 0.0000207 seconds
[2019-12-09T03:42:32.690+0000][1][safepoint    ] Application time: 1.0000779 seconds
[2019-12-09T03:42:32.690+0000][1][safepoint    ] Entering safepoint region: Cleanup
[2019-12-09T03:42:32.690+0000][1][safepoint    ] Leaving safepoint region
[2019-12-09T03:42:32.690+0000][1][safepoint    ] Total time for which application threads were stopped: 0.0000935 seconds, Stopping threads took: 0.0000200 seconds
[2019-12-09T03:42:33.690+0000][1][safepoint    ] Application time: 1.0000740 seconds
[2019-12-09T03:42:33.690+0000][1][safepoint    ] Entering safepoint region: Cleanup
[2019-12-09T03:42:33.690+0000][1][safepoint    ] Leaving safepoint region
[2019-12-09T03:42:33.690+0000][1][safepoint    ] Total time for which application threads were stopped: 0.0001159 seconds, Stopping threads took: 0.0000159 seconds
[2019-12-09T03:42:34.690+0000][1][safepoint    ] Application time: 1.0000750 seconds
[2019-12-09T03:42:34.690+0000][1][safepoint    ] Entering safepoint region: Cleanup
[2019-12-09T03:42:34.690+0000][1][safepoint    ] Leaving safepoint region
[2019-12-09T03:42:34.690+0000][1][safepoint    ] Total time for which application threads were stopped: 0.0000981 seconds, Stopping threads took: 0.0000179 seconds
[2019-12-09T03:42:35.690+0000][1][safepoint    ] Application time: 1.0000800 seconds
[2019-12-09T03:42:35.690+0000][1][safepoint    ] Entering safepoint region: Cleanup
[2019-12-09T03:42:35.690+0000][1][safepoint    ] Leaving safepoint region
[2019-12-09T03:42:35.690+0000][1][safepoint    ] Total time for which application threads were stopped: 0.0000951 seconds, Stopping threads took: 0.0000213 seconds
[2019-12-09T03:42:36.691+0000][1][safepoint    ] Application time: 1.0000753 seconds
[2019-12-09T03:42:36.691+0000][1][safepoint    ] Entering safepoint region: Cleanup
[2019-12-09T03:42:36.691+0000][1][safepoint    ] Leaving safepoint region
[2019-12-09T03:42:36.691+0000][1][safepoint    ] Total time for which application threads were stopped: 0.0000878 seconds, Stopping threads took: 0.0000167 seconds
[2019-12-09T03:42:37.691+0000][1][safepoint    ] Application time: 1.0000746 seconds
[2019-12-09T03:42:37.691+0000][1][safepoint    ] Entering safepoint region: Cleanup
[2019-12-09T03:42:37.691+0000][1][safepoint    ] Leaving safepoint region
[2019-12-09T03:42:37.691+0000][1][safepoint    ] Total time for which application threads were stopped: 0.0000952 seconds, Stopping threads took: 0.0000173 seconds
[2019-12-09T03:42:38.691+0000][1][safepoint    ] Application time: 1.0000780 seconds
[2019-12-09T03:42:38.691+0000][1][safepoint    ] Entering safepoint region: Cleanup
[2019-12-09T03:42:38.691+0000][1][safepoint    ] Leaving safepoint region
[2019-12-09T03:42:38.691+0000][1][safepoint    ] Total time for which application threads were stopped: 0.0001000 seconds, Stopping threads took: 0.0000189 seconds
[2019-12-09T03:42:39.691+0000][1][safepoint    ] Application time: 1.0000756 seconds
[2019-12-09T03:42:39.691+0000][1][safepoint    ] Entering safepoint region: Cleanup
[2019-12-09T03:42:39.691+0000][1][safepoint    ] Leaving safepoint region
[2019-12-09T03:42:39.691+0000][1][safepoint    ] Total time for which application threads were stopped: 0.0000954 seconds, Stopping threads took: 0.0000160 seconds
[2019-12-09T03:42:40.691+0000][1][safepoint    ] Application time: 1.0000767 seconds
[2019-12-09T03:42:40.691+0000][1][safepoint    ] Entering safepoint region: Cleanup
[2019-12-09T03:42:40.692+0000][1][safepoint    ] Leaving safepoint region
[2019-12-09T03:42:40.692+0000][1][safepoint    ] Total time for which application threads were stopped: 0.0000989 seconds, Stopping threads took: 0.0000203 seconds
[2019-12-09T03:42:41.692+0000][1][safepoint    ] Application time: 1.0000776 seconds
[2019-12-09T03:42:41.692+0000][1][safepoint    ] Entering safepoint region: Cleanup
[2019-12-09T03:42:41.692+0000][1][safepoint    ] Leaving safepoint region
[2019-12-09T03:42:41.692+0000][1][safepoint    ] Total time for which application threads were stopped: 0.0001106 seconds, Stopping threads took: 0.0000193 seconds
[2019-12-09T03:42:42.692+0000][1][safepoint    ] Application time: 1.0000772 seconds
[2019-12-09T03:42:42.692+0000][1][safepoint    ] Entering safepoint region: Cleanup
[2019-12-09T03:42:42.692+0000][1][safepoint    ] Leaving safepoint region
[2019-12-09T03:42:42.692+0000][1][safepoint    ] Total time for which application threads were stopped: 0.0001006 seconds, Stopping threads took: 0.0000192 seconds
[2019-12-09T03:42:43.692+0000][1][safepoint    ] Application time: 1.0000753 seconds
[2019-12-09T03:42:43.692+0000][1][safepoint    ] Entering safepoint region: Cleanup
[2019-12-09T03:42:43.692+0000][1][safepoint    ] Leaving safepoint region
[2019-12-09T03:42:43.692+0000][1][safepoint    ] Total time for which application threads were stopped: 0.0000975 seconds, Stopping threads took: 0.0000204 seconds
[2019-12-09T03:42:44.692+0000][1][safepoint    ] Application time: 1.0000771 seconds
[2019-12-09T03:42:44.692+0000][1][safepoint    ] Entering safepoint region: Cleanup
[2019-12-09T03:42:44.692+0000][1][safepoint    ] Leaving safepoint region
[2019-12-09T03:42:44.692+0000][1][safepoint    ] Total time for which application threads were stopped: 0.0001022 seconds, Stopping threads took: 0.0000191 seconds
[2019-12-09T03:42:45.693+0000][1][safepoint    ] Application time: 1.0000775 seconds
[2019-12-09T03:42:45.693+0000][1][safepoint    ] Entering safepoint region: Cleanup
[2019-12-09T03:42:45.693+0000][1][safepoint    ] Leaving safepoint region
[2019-12-09T03:42:45.693+0000][1][safepoint    ] Total time for which application threads were stopped: 0.0000906 seconds, Stopping threads took: 0.0000155 seconds
[2019-12-09T03:42:46.693+0000][1][safepoint    ] Application time: 1.0000773 seconds
[2019-12-09T03:42:46.693+0000][1][safepoint    ] Entering safepoint region: Cleanup
[2019-12-09T03:42:46.693+0000][1][safepoint    ] Leaving safepoint region
[2019-12-09T03:42:46.693+0000][1][safepoint    ] Total time for which application threads were stopped: 0.0000944 seconds, Stopping threads took: 0.0000188 seconds
[2019-12-09T03:42:47.693+0000][1][safepoint    ] Application time: 1.0000763 seconds
[2019-12-09T03:42:47.693+0000][1][safepoint    ] Entering safepoint region: Cleanup
[2019-12-09T03:42:47.693+0000][1][safepoint    ] Leaving safepoint region
[2019-12-09T03:42:47.693+0000][1][safepoint    ] Total time for which application threads were stopped: 0.0001006 seconds, Stopping threads took: 0.0000194 seconds
[2019-12-09T03:42:48.698+0000][1][safepoint    ] Application time: 1.0046368 seconds
[2019-12-09T03:42:48.698+0000][1][safepoint    ] Entering safepoint region: Cleanup
[2019-12-09T03:42:48.698+0000][1][safepoint    ] Leaving safepoint region
[2019-12-09T03:42:48.698+0000][1][safepoint    ] Total time for which application threads were stopped: 0.0001248 seconds, Stopping threads took: 0.0000251 seconds
[2019-12-09T03:42:49.698+0000][1][safepoint    ] Application time: 1.0000754 seconds
[2019-12-09T03:42:49.698+0000][1][safepoint    ] Entering safepoint region: Cleanup
[2019-12-09T03:42:49.698+0000][1][safepoint    ] Leaving safepoint region
[2019-12-09T03:42:49.698+0000][1][safepoint    ] Total time for which application threads were stopped: 0.0000921 seconds, Stopping threads took: 0.0000179 seconds
[2019-12-09T03:42:50.698+0000][1][safepoint    ] Application time: 1.0000752 seconds
[2019-12-09T03:42:50.698+0000][1][safepoint    ] Entering safepoint region: Cleanup
[2019-12-09T03:42:50.698+0000][1][safepoint    ] Leaving safepoint region
[2019-12-09T03:42:50.698+0000][1][safepoint    ] Total time for which application threads were stopped: 0.0000946 seconds, Stopping threads took: 0.0000195 seconds
[2019-12-09T03:42:51.698+0000][1][safepoint    ] Application time: 1.0000760 seconds
[2019-12-09T03:42:51.698+0000][1][safepoint    ] Entering safepoint region: Cleanup
[2019-12-09T03:42:51.699+0000][1][safepoint    ] Leaving safepoint region
[2019-12-09T03:42:51.699+0000][1][safepoint    ] Total time for which application threads were stopped: 0.0001022 seconds, Stopping threads took: 0.0000203 seconds
[2019-12-09T03:42:52.699+0000][1][safepoint    ] Application time: 1.0000748 seconds
[2019-12-09T03:42:52.699+0000][1][safepoint    ] Entering safepoint region: Cleanup
[2019-12-09T03:42:52.699+0000][1][safepoint    ] Leaving safepoint region
[2019-12-09T03:42:52.699+0000][1][safepoint    ] Total time for which application threads were stopped: 0.0001181 seconds, Stopping threads took: 0.0000303 seconds
[2019-12-09T03:42:53.699+0000][1][safepoint    ] Application time: 1.0000783 seconds
[2019-12-09T03:42:53.699+0000][1][safepoint    ] Entering safepoint region: Cleanup
[2019-12-09T03:42:53.699+0000][1][safepoint    ] Leaving safepoint region
[2019-12-09T03:42:53.699+0000][1][safepoint    ] Total time for which application threads were stopped: 0.0000977 seconds, Stopping threads took: 0.0000209 seconds
[2019-12-09T03:42:54.699+0000][1][safepoint    ] Application time: 1.0000769 seconds
[2019-12-09T03:42:54.699+0000][1][safepoint    ] Entering safepoint region: Cleanup
[2019-12-09T03:42:54.699+0000][1][safepoint    ] Leaving safepoint region
[2019-12-09T03:42:54.699+0000][1][safepoint    ] Total time for which application threads were stopped: 0.0000945 seconds, Stopping threads took: 0.0000188 seconds
[2019-12-09T03:42:55.699+0000][1][safepoint    ] Application time: 1.0000761 seconds
[2019-12-09T03:42:55.699+0000][1][safepoint    ] Entering safepoint region: Cleanup
[2019-12-09T03:42:55.699+0000][1][safepoint    ] Leaving safepoint region
[2019-12-09T03:42:55.699+0000][1][safepoint    ] Total time for which application threads were stopped: 0.0000979 seconds, Stopping threads took: 0.0000190 seconds
[2019-12-09T03:42:56.700+0000][1][safepoint    ] Application time: 1.0000771 seconds
[2019-12-09T03:42:56.700+0000][1][safepoint    ] Entering safepoint region: Cleanup
[2019-12-09T03:42:56.700+0000][1][safepoint    ] Leaving safepoint region
[2019-12-09T03:42:56.700+0000][1][safepoint    ] Total time for which application threads were stopped: 0.0000957 seconds, Stopping threads took: 0.0000188 seconds
[2019-12-09T03:42:57.700+0000][1][safepoint    ] Application time: 1.0006180 seconds
[2019-12-09T03:42:57.700+0000][1][safepoint    ] Entering safepoint region: Cleanup
[2019-12-09T03:42:57.700+0000][1][safepoint    ] Leaving safepoint region
[2019-12-09T03:42:57.700+0000][1][safepoint    ] Total time for which application threads were stopped: 0.0001326 seconds, Stopping threads took: 0.0000238 seconds
[2019-12-09T03:42:58.701+0000][1][safepoint    ] Application time: 1.0000763 seconds
[2019-12-09T03:42:58.701+0000][1][safepoint    ] Entering safepoint region: Cleanup
[2019-12-09T03:42:58.701+0000][1][safepoint    ] Leaving safepoint region
[2019-12-09T03:42:58.701+0000][1][safepoint    ] Total time for which application threads were stopped: 0.0001144 seconds, Stopping threads took: 0.0000184 seconds
[2019-12-09T03:42:59.701+0000][1][safepoint    ] Application time: 1.0000767 seconds
[2019-12-09T03:42:59.701+0000][1][safepoint    ] Entering safepoint region: Cleanup
[2019-12-09T03:42:59.701+0000][1][safepoint    ] Leaving safepoint region
[2019-12-09T03:42:59.701+0000][1][safepoint    ] Total time for which application threads were stopped: 0.0000951 seconds, Stopping threads took: 0.0000190 seconds
[2019-12-09T03:43:00.701+0000][1][safepoint    ] Application time: 1.0000760 seconds
[2019-12-09T03:43:00.701+0000][1][safepoint    ] Entering safepoint region: Cleanup
[2019-12-09T03:43:00.701+0000][1][safepoint    ] Leaving safepoint region
[2019-12-09T03:43:00.701+0000][1][safepoint    ] Total time for which application threads were stopped: 0.0001099 seconds, Stopping threads took: 0.0000277 seconds
[2019-12-09T03:43:01.701+0000][1][safepoint    ] Application time: 1.0000748 seconds
[2019-12-09T03:43:01.701+0000][1][safepoint    ] Entering safepoint region: Cleanup
[2019-12-09T03:43:01.701+0000][1][safepoint    ] Leaving safepoint region
[2019-12-09T03:43:01.701+0000][1][safepoint    ] Total time for which application threads were stopped: 0.0000979 seconds, Stopping threads took: 0.0000192 seconds
[2019-12-09T03:43:02.701+0000][1][safepoint    ] Application time: 1.0000767 seconds
[2019-12-09T03:43:02.701+0000][1][safepoint    ] Entering safepoint region: Cleanup
[2019-12-09T03:43:02.702+0000][1][safepoint    ] Leaving safepoint region
[2019-12-09T03:43:02.702+0000][1][safepoint    ] Total time for which application threads were stopped: 0.0001016 seconds, Stopping threads took: 0.0000193 seconds
[2019-12-09T03:43:03.702+0000][1][safepoint    ] Application time: 1.0000775 seconds
[2019-12-09T03:43:03.702+0000][1][safepoint    ] Entering safepoint region: Cleanup
[2019-12-09T03:43:03.702+0000][1][safepoint    ] Leaving safepoint region
[2019-12-09T03:43:03.702+0000][1][safepoint    ] Total time for which application threads were stopped: 0.0000956 seconds, Stopping threads took: 0.0000200 seconds
[2019-12-09T03:43:04.702+0000][1][safepoint    ] Application time: 1.0000774 seconds
[2019-12-09T03:43:04.702+0000][1][safepoint    ] Entering safepoint region: Cleanup
[2019-12-09T03:43:04.702+0000][1][safepoint    ] Leaving safepoint region
[2019-12-09T03:43:04.702+0000][1][safepoint    ] Total time for which application threads were stopped: 0.0001026 seconds, Stopping threads took: 0.0000196 seconds
[2019-12-09T03:43:05.702+0000][1][safepoint    ] Application time: 1.0000793 seconds
[2019-12-09T03:43:05.702+0000][1][safepoint    ] Entering safepoint region: Cleanup
[2019-12-09T03:43:05.702+0000][1][safepoint    ] Leaving safepoint region
[2019-12-09T03:43:05.702+0000][1][safepoint    ] Total time for which application threads were stopped: 0.0000954 seconds, Stopping threads took: 0.0000201 seconds
[2019-12-09T03:43:06.702+0000][1][safepoint    ] Application time: 1.0000777 seconds
[2019-12-09T03:43:06.702+0000][1][safepoint    ] Entering safepoint region: Cleanup
[2019-12-09T03:43:06.702+0000][1][safepoint    ] Leaving safepoint region
[2019-12-09T03:43:06.703+0000][1][safepoint    ] Total time for which application threads were stopped: 0.0000961 seconds, Stopping threads took: 0.0000201 seconds
[2019-12-09T03:43:07.703+0000][1][safepoint    ] Application time: 1.0000789 seconds
[2019-12-09T03:43:07.703+0000][1][safepoint    ] Entering safepoint region: Cleanup
[2019-12-09T03:43:07.703+0000][1][safepoint    ] Leaving safepoint region
[2019-12-09T03:43:07.703+0000][1][safepoint    ] Total time for which application threads were stopped: 0.0001222 seconds, Stopping threads took: 0.0000193 seconds
[2019-12-09T03:43:08.703+0000][1][safepoint    ] Application time: 1.0000772 seconds
[2019-12-09T03:43:08.703+0000][1][safepoint    ] Entering safepoint region: Cleanup
[2019-12-09T03:43:08.703+0000][1][safepoint    ] Leaving safepoint region
[2019-12-09T03:43:08.703+0000][1][safepoint    ] Total time for which application threads were stopped: 0.0001012 seconds, Stopping threads took: 0.0000201 seconds
[2019-12-09T03:43:09.703+0000][1][safepoint    ] Application time: 1.0000773 seconds
[2019-12-09T03:43:09.703+0000][1][safepoint    ] Entering safepoint region: Cleanup
[2019-12-09T03:43:09.703+0000][1][safepoint    ] Leaving safepoint region
[2019-12-09T03:43:09.703+0000][1][safepoint    ] Total time for which application threads were stopped: 0.0000987 seconds, Stopping threads took: 0.0000191 seconds
[2019-12-09T03:43:10.703+0000][1][safepoint    ] Application time: 1.0000773 seconds
[2019-12-09T03:43:10.703+0000][1][safepoint    ] Entering safepoint region: Cleanup
[2019-12-09T03:43:10.703+0000][1][safepoint    ] Leaving safepoint region
[2019-12-09T03:43:10.703+0000][1][safepoint    ] Total time for which application threads were stopped: 0.0001052 seconds, Stopping threads took: 0.0000190 seconds
[2019-12-09T03:43:11.704+0000][1][safepoint    ] Application time: 1.0000756 seconds
[2019-12-09T03:43:11.704+0000][1][safepoint    ] Entering safepoint region: Cleanup
[2019-12-09T03:43:11.704+0000][1][safepoint    ] Leaving safepoint region
[2019-12-09T03:43:11.704+0000][1][safepoint    ] Total time for which application threads were stopped: 0.0000944 seconds, Stopping threads took: 0.0000184 seconds
[2019-12-09T03:43:12.704+0000][1][safepoint    ] Application time: 1.0000822 seconds
[2019-12-09T03:43:12.704+0000][1][safepoint    ] Entering safepoint region: Cleanup
[2019-12-09T03:43:12.704+0000][1][safepoint    ] Leaving safepoint region
[2019-12-09T03:43:12.704+0000][1][safepoint    ] Total time for which application threads were stopped: 0.0000990 seconds, Stopping threads took: 0.0000239 seconds
[2019-12-09T03:43:13.704+0000][1][safepoint    ] Application time: 1.0000774 seconds
[2019-12-09T03:43:13.704+0000][1][safepoint    ] Entering safepoint region: Cleanup
[2019-12-09T03:43:13.704+0000][1][safepoint    ] Leaving safepoint region
[2019-12-09T03:43:13.704+0000][1][safepoint    ] Total time for which application threads were stopped: 0.0000998 seconds, Stopping threads took: 0.0000181 seconds
[2019-12-09T03:43:14.704+0000][1][safepoint    ] Application time: 1.0000755 seconds
[2019-12-09T03:43:14.704+0000][1][safepoint    ] Entering safepoint region: Cleanup
[2019-12-09T03:43:14.704+0000][1][safepoint    ] Leaving safepoint region
[2019-12-09T03:43:14.704+0000][1][safepoint    ] Total time for which application threads were stopped: 0.0000944 seconds, Stopping threads took: 0.0000186 seconds
[2019-12-09T03:43:15.704+0000][1][safepoint    ] Application time: 1.0000762 seconds
[2019-12-09T03:43:15.704+0000][1][safepoint    ] Entering safepoint region: Cleanup
[2019-12-09T03:43:15.705+0000][1][safepoint    ] Leaving safepoint region
[2019-12-09T03:43:15.705+0000][1][safepoint    ] Total time for which application threads were stopped: 0.0000959 seconds, Stopping threads took: 0.0000192 seconds
[2019-12-09T03:43:16.705+0000][1][safepoint    ] Application time: 1.0000778 seconds
[2019-12-09T03:43:16.705+0000][1][safepoint    ] Entering safepoint region: Cleanup
[2019-12-09T03:43:16.705+0000][1][safepoint    ] Leaving safepoint region
[2019-12-09T03:43:16.705+0000][1][safepoint    ] Total time for which application threads were stopped: 0.0001144 seconds, Stopping threads took: 0.0000199 seconds
[2019-12-09T03:43:17.705+0000][1][safepoint    ] Application time: 1.0000772 seconds
[2019-12-09T03:43:17.705+0000][1][safepoint    ] Entering safepoint region: Cleanup
[2019-12-09T03:43:17.705+0000][1][safepoint    ] Leaving safepoint region
[2019-12-09T03:43:17.705+0000][1][safepoint    ] Total time for which application threads were stopped: 0.0001011 seconds, Stopping threads took: 0.0000197 seconds
[2019-12-09T03:43:18.705+0000][1][safepoint    ] Application time: 1.0000757 seconds
[2019-12-09T03:43:18.705+0000][1][safepoint    ] Entering safepoint region: Cleanup
[2019-12-09T03:43:18.705+0000][1][safepoint    ] Leaving safepoint region
[2019-12-09T03:43:18.705+0000][1][safepoint    ] Total time for which application threads were stopped: 0.0001005 seconds, Stopping threads took: 0.0000194 seconds
[2019-12-09T03:43:18.942+0000][1][safepoint    ] Application time: 0.2370287 seconds
[2019-12-09T03:43:18.942+0000][1][safepoint    ] Entering safepoint region: GenCollectForAllocation
[2019-12-09T03:43:18.942+0000][1][gc,start     ] GC(29) Pause Young (Allocation Failure)
[2019-12-09T03:43:18.942+0000][1][gc,task      ] GC(29) Using 2 workers of 2 for evacuation
[2019-12-09T03:43:18.947+0000][1][gc,age       ] GC(29) Desired survivor size 4456448 bytes, new threshold 6 (max threshold 6)
[2019-12-09T03:43:18.947+0000][1][gc,age       ] GC(29) Age table with threshold 6 (max threshold 6)
[2019-12-09T03:43:18.947+0000][1][gc,age       ] GC(29) - age   1:      51016 bytes,      51016 total
[2019-12-09T03:43:18.947+0000][1][gc,age       ] GC(29) - age   2:     309560 bytes,     360576 total
[2019-12-09T03:43:18.947+0000][1][gc,age       ] GC(29) - age   3:     314768 bytes,     675344 total
[2019-12-09T03:43:18.947+0000][1][gc,age       ] GC(29) - age   4:     842600 bytes,    1517944 total
[2019-12-09T03:43:18.947+0000][1][gc,heap      ] GC(29) ParNew: 71812K->2093K(78656K)
[2019-12-09T03:43:18.947+0000][1][gc,heap      ] GC(29) CMS: 72923K->72923K(174784K)
[2019-12-09T03:43:18.947+0000][1][gc,metaspace ] GC(29) Metaspace: 77916K->77916K(1120256K)
[2019-12-09T03:43:18.947+0000][1][gc           ] GC(29) Pause Young (Allocation Failure) 141M->73M(247M) 4.857ms
[2019-12-09T03:43:18.947+0000][1][gc,cpu       ] GC(29) User=0.01s Sys=0.00s Real=0.01s
[2019-12-09T03:43:18.947+0000][1][safepoint    ] Leaving safepoint region
[2019-12-09T03:43:18.947+0000][1][safepoint    ] Total time for which application threads were stopped: 0.0050397 seconds, Stopping threads took: 0.0000178 seconds
[2019-12-09T03:43:19.947+0000][1][safepoint    ] Application time: 1.0000943 seconds
[2019-12-09T03:43:19.947+0000][1][safepoint    ] Entering safepoint region: Cleanup
[2019-12-09T03:43:19.948+0000][1][safepoint    ] Leaving safepoint region
[2019-12-09T03:43:19.948+0000][1][safepoint    ] Total time for which application threads were stopped: 0.0000939 seconds, Stopping threads took: 0.0000180 seconds
[2019-12-09T03:43:20.948+0000][1][safepoint    ] Application time: 1.0000759 seconds
[2019-12-09T03:43:20.948+0000][1][safepoint    ] Entering safepoint region: Cleanup
[2019-12-09T03:43:20.948+0000][1][safepoint    ] Leaving safepoint region
[2019-12-09T03:43:20.948+0000][1][safepoint    ] Total time for which application threads were stopped: 0.0001036 seconds, Stopping threads took: 0.0000196 seconds
[2019-12-09T03:43:21.806+0000][1][safepoint    ] Application time: 0.8583742 seconds
[2019-12-09T03:43:21.806+0000][1][safepoint    ] Entering safepoint region: RevokeBias
[2019-12-09T03:43:21.806+0000][1][safepoint    ] Leaving safepoint region
[2019-12-09T03:43:21.806+0000][1][safepoint    ] Total time for which application threads were stopped: 0.0001486 seconds, Stopping threads took: 0.0000167 seconds
[2019-12-09T03:43:21.806+0000][1][safepoint    ] Application time: 0.0000718 seconds
[2019-12-09T03:43:21.806+0000][1][safepoint    ] Entering safepoint region: RevokeBias
[2019-12-09T03:43:21.806+0000][1][safepoint    ] Leaving safepoint region
[2019-12-09T03:43:21.807+0000][1][safepoint    ] Total time for which application threads were stopped: 0.0000884 seconds, Stopping threads took: 0.0000120 seconds
[2019-12-09T03:43:21.807+0000][1][safepoint    ] Application time: 0.0000590 seconds
[2019-12-09T03:43:21.807+0000][1][safepoint    ] Entering safepoint region: RevokeBias
[2019-12-09T03:43:21.807+0000][1][safepoint    ] Leaving safepoint region
[2019-12-09T03:43:21.807+0000][1][safepoint    ] Total time for which application threads were stopped: 0.0000731 seconds, Stopping threads took: 0.0000100 seconds
[2019-12-09T03:43:21.807+0000][1][safepoint    ] Application time: 0.0000638 seconds
[2019-12-09T03:43:21.807+0000][1][safepoint    ] Entering safepoint region: RevokeBias
[2019-12-09T03:43:21.807+0000][1][safepoint    ] Leaving safepoint region
[2019-12-09T03:43:21.807+0000][1][safepoint    ] Total time for which application threads were stopped: 0.0000536 seconds, Stopping threads took: 0.0000086 seconds
[2019-12-09T03:43:21.807+0000][1][safepoint    ] Application time: 0.0000578 seconds
[2019-12-09T03:43:21.807+0000][1][safepoint    ] Entering safepoint region: RevokeBias
[2019-12-09T03:43:21.807+0000][1][safepoint    ] Leaving safepoint region
[2019-12-09T03:43:21.807+0000][1][safepoint    ] Total time for which application threads were stopped: 0.0000477 seconds, Stopping threads took: 0.0000091 seconds
[2019-12-09T03:43:21.807+0000][1][safepoint    ] Application time: 0.0000542 seconds
[2019-12-09T03:43:21.807+0000][1][safepoint    ] Entering safepoint region: RevokeBias
[2019-12-09T03:43:21.807+0000][1][safepoint    ] Leaving safepoint region
[2019-12-09T03:43:21.807+0000][1][safepoint    ] Total time for which application threads were stopped: 0.0000422 seconds, Stopping threads took: 0.0000065 seconds
[2019-12-09T03:43:22.807+0000][1][safepoint    ] Application time: 1.0000890 seconds
[2019-12-09T03:43:22.807+0000][1][safepoint    ] Entering safepoint region: Cleanup
[2019-12-09T03:43:22.807+0000][1][safepoint    ] Leaving safepoint region
[2019-12-09T03:43:22.807+0000][1][safepoint    ] Total time for which application threads were stopped: 0.0001616 seconds, Stopping threads took: 0.0000271 seconds
[2019-12-09T03:43:23.812+0000][1][safepoint    ] Application time: 1.0043783 seconds
[2019-12-09T03:43:23.812+0000][1][safepoint    ] Entering safepoint region: Cleanup
[2019-12-09T03:43:23.812+0000][1][safepoint    ] Leaving safepoint region
[2019-12-09T03:43:23.812+0000][1][safepoint    ] Total time for which application threads were stopped: 0.0001541 seconds, Stopping threads took: 0.0000368 seconds
[2019-12-09T03:43:24.812+0000][1][safepoint    ] Application time: 1.0000923 seconds
[2019-12-09T03:43:24.812+0000][1][safepoint    ] Entering safepoint region: Cleanup
[2019-12-09T03:43:24.812+0000][1][safepoint    ] Leaving safepoint region
[2019-12-09T03:43:24.812+0000][1][safepoint    ] Total time for which application threads were stopped: 0.0001105 seconds, Stopping threads took: 0.0000213 seconds
[2019-12-09T03:43:25.812+0000][1][safepoint    ] Application time: 1.0000801 seconds
[2019-12-09T03:43:25.812+0000][1][safepoint    ] Entering safepoint region: Cleanup
[2019-12-09T03:43:25.812+0000][1][safepoint    ] Leaving safepoint region
[2019-12-09T03:43:25.812+0000][1][safepoint    ] Total time for which application threads were stopped: 0.0001017 seconds, Stopping threads took: 0.0000185 seconds
[2019-12-09T03:43:26.813+0000][1][safepoint    ] Application time: 1.0000782 seconds
[2019-12-09T03:43:26.813+0000][1][safepoint    ] Entering safepoint region: Cleanup
[2019-12-09T03:43:26.813+0000][1][safepoint    ] Leaving safepoint region
[2019-12-09T03:43:26.813+0000][1][safepoint    ] Total time for which application threads were stopped: 0.0000954 seconds, Stopping threads took: 0.0000198 seconds
[2019-12-09T03:43:27.813+0000][1][safepoint    ] Application time: 1.0000762 seconds
[2019-12-09T03:43:27.813+0000][1][safepoint    ] Entering safepoint region: Cleanup
[2019-12-09T03:43:27.813+0000][1][safepoint    ] Leaving safepoint region
[2019-12-09T03:43:27.813+0000][1][safepoint    ] Total time for which application threads were stopped: 0.0000953 seconds, Stopping threads took: 0.0000183 seconds
[2019-12-09T03:43:28.813+0000][1][safepoint    ] Application time: 1.0000784 seconds
[2019-12-09T03:43:28.813+0000][1][safepoint    ] Entering safepoint region: Cleanup
[2019-12-09T03:43:28.813+0000][1][safepoint    ] Leaving safepoint region
[2019-12-09T03:43:28.813+0000][1][safepoint    ] Total time for which application threads were stopped: 0.0001029 seconds, Stopping threads took: 0.0000181 seconds
[2019-12-09T03:43:29.813+0000][1][safepoint    ] Application time: 1.0000780 seconds
[2019-12-09T03:43:29.813+0000][1][safepoint    ] Entering safepoint region: Cleanup
[2019-12-09T03:43:29.813+0000][1][safepoint    ] Leaving safepoint region
[2019-12-09T03:43:29.813+0000][1][safepoint    ] Total time for which application threads were stopped: 0.0000968 seconds, Stopping threads took: 0.0000200 seconds
[2019-12-09T03:43:30.815+0000][1][safepoint    ] Application time: 1.0012452 seconds
[2019-12-09T03:43:30.815+0000][1][safepoint    ] Entering safepoint region: Cleanup
[2019-12-09T03:43:30.815+0000][1][safepoint    ] Leaving safepoint region
[2019-12-09T03:43:30.815+0000][1][safepoint    ] Total time for which application threads were stopped: 0.0001112 seconds, Stopping threads took: 0.0000233 seconds
[2019-12-09T03:43:31.815+0000][1][safepoint    ] Application time: 1.0000775 seconds
[2019-12-09T03:43:31.815+0000][1][safepoint    ] Entering safepoint region: Cleanup
[2019-12-09T03:43:31.815+0000][1][safepoint    ] Leaving safepoint region
[2019-12-09T03:43:31.815+0000][1][safepoint    ] Total time for which application threads were stopped: 0.0001051 seconds, Stopping threads took: 0.0000200 seconds
[2019-12-09T03:43:32.815+0000][1][safepoint    ] Application time: 1.0000778 seconds
[2019-12-09T03:43:32.815+0000][1][safepoint    ] Entering safepoint region: Cleanup
[2019-12-09T03:43:32.815+0000][1][safepoint    ] Leaving safepoint region
[2019-12-09T03:43:32.815+0000][1][safepoint    ] Total time for which application threads were stopped: 0.0000936 seconds, Stopping threads took: 0.0000187 seconds
[2019-12-09T03:43:33.816+0000][1][safepoint    ] Application time: 1.0008577 seconds
[2019-12-09T03:43:33.816+0000][1][safepoint    ] Entering safepoint region: Cleanup
[2019-12-09T03:43:33.816+0000][1][safepoint    ] Leaving safepoint region
[2019-12-09T03:43:33.816+0000][1][safepoint    ] Total time for which application threads were stopped: 0.0001418 seconds, Stopping threads took: 0.0000266 seconds
[2019-12-09T03:43:33.962+0000][1][safepoint    ] Application time: 0.1463066 seconds
[2019-12-09T03:43:33.963+0000][1][safepoint    ] Entering safepoint region: RevokeBias
[2019-12-09T03:43:33.963+0000][1][safepoint    ] Leaving safepoint region
[2019-12-09T03:43:33.963+0000][1][safepoint    ] Total time for which application threads were stopped: 0.0001869 seconds, Stopping threads took: 0.0000232 seconds
[2019-12-09T03:43:33.963+0000][1][safepoint    ] Application time: 0.0000765 seconds
[2019-12-09T03:43:33.963+0000][1][safepoint    ] Entering safepoint region: RevokeBias
[2019-12-09T03:43:33.963+0000][1][safepoint    ] Leaving safepoint region
[2019-12-09T03:43:33.963+0000][1][safepoint    ] Total time for which application threads were stopped: 0.0001143 seconds, Stopping threads took: 0.0000252 seconds
[2019-12-09T03:43:33.963+0000][1][safepoint    ] Application time: 0.0000576 seconds
[2019-12-09T03:43:33.963+0000][1][safepoint    ] Entering safepoint region: RevokeBias
[2019-12-09T03:43:33.963+0000][1][safepoint    ] Leaving safepoint region
[2019-12-09T03:43:33.963+0000][1][safepoint    ] Total time for which application threads were stopped: 0.0001152 seconds, Stopping threads took: 0.0000672 seconds
[2019-12-09T03:43:34.963+0000][1][safepoint    ] Application time: 1.0000909 seconds
[2019-12-09T03:43:34.963+0000][1][safepoint    ] Entering safepoint region: Cleanup
[2019-12-09T03:43:34.963+0000][1][safepoint    ] Leaving safepoint region
[2019-12-09T03:43:34.963+0000][1][safepoint    ] Total time for which application threads were stopped: 0.0000896 seconds, Stopping threads took: 0.0000173 seconds
[2019-12-09T03:43:35.963+0000][1][safepoint    ] Application time: 1.0000795 seconds
[2019-12-09T03:43:35.963+0000][1][safepoint    ] Entering safepoint region: Cleanup
[2019-12-09T03:43:35.964+0000][1][safepoint    ] Leaving safepoint region
[2019-12-09T03:43:35.964+0000][1][safepoint    ] Total time for which application threads were stopped: 0.0000952 seconds, Stopping threads took: 0.0000190 seconds
[2019-12-09T03:43:36.964+0000][1][safepoint    ] Application time: 1.0000831 seconds
[2019-12-09T03:43:36.964+0000][1][safepoint    ] Entering safepoint region: Cleanup
[2019-12-09T03:43:36.964+0000][1][safepoint    ] Leaving safepoint region
[2019-12-09T03:43:36.964+0000][1][safepoint    ] Total time for which application threads were stopped: 0.0001318 seconds, Stopping threads took: 0.0000273 seconds
[2019-12-09T03:43:37.964+0000][1][safepoint    ] Application time: 1.0000824 seconds
[2019-12-09T03:43:37.964+0000][1][safepoint    ] Entering safepoint region: Cleanup
[2019-12-09T03:43:37.964+0000][1][safepoint    ] Leaving safepoint region
[2019-12-09T03:43:37.964+0000][1][safepoint    ] Total time for which application threads were stopped: 0.0001043 seconds, Stopping threads took: 0.0000204 seconds
[2019-12-09T03:43:38.964+0000][1][safepoint    ] Application time: 1.0000932 seconds
[2019-12-09T03:43:38.964+0000][1][safepoint    ] Entering safepoint region: Cleanup
[2019-12-09T03:43:38.964+0000][1][safepoint    ] Leaving safepoint region
[2019-12-09T03:43:38.964+0000][1][safepoint    ] Total time for which application threads were stopped: 0.0001279 seconds, Stopping threads took: 0.0000232 seconds
[2019-12-09T03:43:39.964+0000][1][safepoint    ] Application time: 1.0000743 seconds
[2019-12-09T03:43:39.964+0000][1][safepoint    ] Entering safepoint region: Cleanup
[2019-12-09T03:43:39.965+0000][1][safepoint    ] Leaving safepoint region
[2019-12-09T03:43:39.965+0000][1][safepoint    ] Total time for which application threads were stopped: 0.0000909 seconds, Stopping threads took: 0.0000191 seconds
[2019-12-09T03:43:40.965+0000][1][safepoint    ] Application time: 1.0000771 seconds
[2019-12-09T03:43:40.965+0000][1][safepoint    ] Entering safepoint region: Cleanup
[2019-12-09T03:43:40.965+0000][1][safepoint    ] Leaving safepoint region
[2019-12-09T03:43:40.965+0000][1][safepoint    ] Total time for which application threads were stopped: 0.0001109 seconds, Stopping threads took: 0.0000365 seconds
[2019-12-09T03:43:41.965+0000][1][safepoint    ] Application time: 1.0000772 seconds
[2019-12-09T03:43:41.965+0000][1][safepoint    ] Entering safepoint region: Cleanup
[2019-12-09T03:43:41.965+0000][1][safepoint    ] Leaving safepoint region
[2019-12-09T03:43:41.965+0000][1][safepoint    ] Total time for which application threads were stopped: 0.0000933 seconds, Stopping threads took: 0.0000193 seconds
[2019-12-09T03:43:42.965+0000][1][safepoint    ] Application time: 1.0000746 seconds
[2019-12-09T03:43:42.965+0000][1][safepoint    ] Entering safepoint region: Cleanup
[2019-12-09T03:43:42.965+0000][1][safepoint    ] Leaving safepoint region
[2019-12-09T03:43:42.965+0000][1][safepoint    ] Total time for which application threads were stopped: 0.0000925 seconds, Stopping threads took: 0.0000184 seconds
[2019-12-09T03:43:43.965+0000][1][safepoint    ] Application time: 1.0000810 seconds
[2019-12-09T03:43:43.965+0000][1][safepoint    ] Entering safepoint region: Cleanup
[2019-12-09T03:43:43.965+0000][1][safepoint    ] Leaving safepoint region
[2019-12-09T03:43:43.965+0000][1][safepoint    ] Total time for which application threads were stopped: 0.0001254 seconds, Stopping threads took: 0.0000241 seconds
[2019-12-09T03:43:44.966+0000][1][safepoint    ] Application time: 1.0000755 seconds
[2019-12-09T03:43:44.966+0000][1][safepoint    ] Entering safepoint region: Cleanup
[2019-12-09T03:43:44.966+0000][1][safepoint    ] Leaving safepoint region
[2019-12-09T03:43:44.966+0000][1][safepoint    ] Total time for which application threads were stopped: 0.0000923 seconds, Stopping threads took: 0.0000188 seconds
[2019-12-09T03:43:45.966+0000][1][safepoint    ] Application time: 1.0000769 seconds
[2019-12-09T03:43:45.966+0000][1][safepoint    ] Entering safepoint region: Cleanup
[2019-12-09T03:43:45.966+0000][1][safepoint    ] Leaving safepoint region
[2019-12-09T03:43:45.966+0000][1][safepoint    ] Total time for which application threads were stopped: 0.0000938 seconds, Stopping threads took: 0.0000170 seconds
[2019-12-09T03:43:46.966+0000][1][safepoint    ] Application time: 1.0000798 seconds
[2019-12-09T03:43:46.966+0000][1][safepoint    ] Entering safepoint region: Cleanup
[2019-12-09T03:43:46.966+0000][1][safepoint    ] Leaving safepoint region
[2019-12-09T03:43:46.966+0000][1][safepoint    ] Total time for which application threads were stopped: 0.0000910 seconds, Stopping threads took: 0.0000176 seconds
[2019-12-09T03:43:47.966+0000][1][safepoint    ] Application time: 1.0000812 seconds
[2019-12-09T03:43:47.966+0000][1][safepoint    ] Entering safepoint region: Cleanup
[2019-12-09T03:43:47.966+0000][1][safepoint    ] Leaving safepoint region
[2019-12-09T03:43:47.966+0000][1][safepoint    ] Total time for which application threads were stopped: 0.0000996 seconds, Stopping threads took: 0.0000207 seconds
[2019-12-09T03:43:48.966+0000][1][safepoint    ] Application time: 1.0000752 seconds
[2019-12-09T03:43:48.966+0000][1][safepoint    ] Entering safepoint region: Cleanup
[2019-12-09T03:43:48.967+0000][1][safepoint    ] Leaving safepoint region
[2019-12-09T03:43:48.967+0000][1][safepoint    ] Total time for which application threads were stopped: 0.0000974 seconds, Stopping threads took: 0.0000192 seconds
[2019-12-09T03:43:49.967+0000][1][safepoint    ] Application time: 1.0000785 seconds
[2019-12-09T03:43:49.967+0000][1][safepoint    ] Entering safepoint region: Cleanup
[2019-12-09T03:43:49.967+0000][1][safepoint    ] Leaving safepoint region
[2019-12-09T03:43:49.967+0000][1][safepoint    ] Total time for which application threads were stopped: 0.0001125 seconds, Stopping threads took: 0.0000189 seconds
[2019-12-09T03:43:50.967+0000][1][safepoint    ] Application time: 1.0000779 seconds
[2019-12-09T03:43:50.967+0000][1][safepoint    ] Entering safepoint region: Cleanup
[2019-12-09T03:43:50.967+0000][1][safepoint    ] Leaving safepoint region
[2019-12-09T03:43:50.967+0000][1][safepoint    ] Total time for which application threads were stopped: 0.0000970 seconds, Stopping threads took: 0.0000198 seconds
[2019-12-09T03:43:51.967+0000][1][safepoint    ] Application time: 1.0000758 seconds
[2019-12-09T03:43:51.967+0000][1][safepoint    ] Entering safepoint region: Cleanup
[2019-12-09T03:43:51.967+0000][1][safepoint    ] Leaving safepoint region
[2019-12-09T03:43:51.967+0000][1][safepoint    ] Total time for which application threads were stopped: 0.0000892 seconds, Stopping threads took: 0.0000154 seconds
[2019-12-09T03:43:52.967+0000][1][safepoint    ] Application time: 1.0000760 seconds
[2019-12-09T03:43:52.967+0000][1][safepoint    ] Entering safepoint region: Cleanup
[2019-12-09T03:43:52.967+0000][1][safepoint    ] Leaving safepoint region
[2019-12-09T03:43:52.967+0000][1][safepoint    ] Total time for which application threads were stopped: 0.0000937 seconds, Stopping threads took: 0.0000192 seconds
[2019-12-09T03:43:53.967+0000][1][safepoint    ] Application time: 1.0000817 seconds
[2019-12-09T03:43:53.968+0000][1][safepoint    ] Entering safepoint region: Cleanup
[2019-12-09T03:43:53.968+0000][1][safepoint    ] Leaving safepoint region
[2019-12-09T03:43:53.968+0000][1][safepoint    ] Total time for which application threads were stopped: 0.0001280 seconds, Stopping threads took: 0.0000261 seconds
[2019-12-09T03:43:54.968+0000][1][safepoint    ] Application time: 1.0000769 seconds
[2019-12-09T03:43:54.968+0000][1][safepoint    ] Entering safepoint region: Cleanup
[2019-12-09T03:43:54.968+0000][1][safepoint    ] Leaving safepoint region
[2019-12-09T03:43:54.968+0000][1][safepoint    ] Total time for which application threads were stopped: 0.0000879 seconds, Stopping threads took: 0.0000164 seconds
[2019-12-09T03:43:55.968+0000][1][safepoint    ] Application time: 1.0000764 seconds
[2019-12-09T03:43:55.968+0000][1][safepoint    ] Entering safepoint region: Cleanup
[2019-12-09T03:43:55.968+0000][1][safepoint    ] Leaving safepoint region
[2019-12-09T03:43:55.968+0000][1][safepoint    ] Total time for which application threads were stopped: 0.0000915 seconds, Stopping threads took: 0.0000186 seconds
[2019-12-09T03:43:56.968+0000][1][safepoint    ] Application time: 1.0000828 seconds
[2019-12-09T03:43:56.968+0000][1][safepoint    ] Entering safepoint region: Cleanup
[2019-12-09T03:43:56.968+0000][1][safepoint    ] Leaving safepoint region
[2019-12-09T03:43:56.968+0000][1][safepoint    ] Total time for which application threads were stopped: 0.0000937 seconds, Stopping threads took: 0.0000206 seconds
[2019-12-09T03:43:57.968+0000][1][safepoint    ] Application time: 1.0000758 seconds
[2019-12-09T03:43:57.968+0000][1][safepoint    ] Entering safepoint region: Cleanup
[2019-12-09T03:43:57.968+0000][1][safepoint    ] Leaving safepoint region
[2019-12-09T03:43:57.968+0000][1][safepoint    ] Total time for which application threads were stopped: 0.0000932 seconds, Stopping threads took: 0.0000159 seconds
[2019-12-09T03:43:58.969+0000][1][safepoint    ] Application time: 1.0000760 seconds
[2019-12-09T03:43:58.969+0000][1][safepoint    ] Entering safepoint region: Cleanup
[2019-12-09T03:43:58.969+0000][1][safepoint    ] Leaving safepoint region
[2019-12-09T03:43:58.969+0000][1][safepoint    ] Total time for which application threads were stopped: 0.0000930 seconds, Stopping threads took: 0.0000194 seconds
[2019-12-09T03:43:59.969+0000][1][safepoint    ] Application time: 1.0000765 seconds
[2019-12-09T03:43:59.969+0000][1][safepoint    ] Entering safepoint region: Cleanup
[2019-12-09T03:43:59.969+0000][1][safepoint    ] Leaving safepoint region
[2019-12-09T03:43:59.969+0000][1][safepoint    ] Total time for which application threads were stopped: 0.0000923 seconds, Stopping threads took: 0.0000178 seconds
[2019-12-09T03:44:00.969+0000][1][safepoint    ] Application time: 1.0000857 seconds
[2019-12-09T03:44:00.969+0000][1][safepoint    ] Entering safepoint region: Cleanup
[2019-12-09T03:44:00.969+0000][1][safepoint    ] Leaving safepoint region
[2019-12-09T03:44:00.969+0000][1][safepoint    ] Total time for which application threads were stopped: 0.0001421 seconds, Stopping threads took: 0.0000208 seconds
[2019-12-09T03:44:01.969+0000][1][safepoint    ] Application time: 1.0000768 seconds
[2019-12-09T03:44:01.969+0000][1][safepoint    ] Entering safepoint region: Cleanup
[2019-12-09T03:44:01.969+0000][1][safepoint    ] Leaving safepoint region
[2019-12-09T03:44:01.969+0000][1][safepoint    ] Total time for which application threads were stopped: 0.0000948 seconds, Stopping threads took: 0.0000192 seconds
[2019-12-09T03:44:02.969+0000][1][safepoint    ] Application time: 1.0000762 seconds
[2019-12-09T03:44:02.969+0000][1][safepoint    ] Entering safepoint region: Cleanup
[2019-12-09T03:44:02.970+0000][1][safepoint    ] Leaving safepoint region
[2019-12-09T03:44:02.970+0000][1][safepoint    ] Total time for which application threads were stopped: 0.0000940 seconds, Stopping threads took: 0.0000196 seconds
[2019-12-09T03:44:03.970+0000][1][safepoint    ] Application time: 1.0000790 seconds
[2019-12-09T03:44:03.970+0000][1][safepoint    ] Entering safepoint region: Cleanup
[2019-12-09T03:44:03.970+0000][1][safepoint    ] Leaving safepoint region
[2019-12-09T03:44:03.970+0000][1][safepoint    ] Total time for which application threads were stopped: 0.0001307 seconds, Stopping threads took: 0.0000266 seconds
[2019-12-09T03:44:04.970+0000][1][safepoint    ] Application time: 1.0000767 seconds
[2019-12-09T03:44:04.970+0000][1][safepoint    ] Entering safepoint region: Cleanup
[2019-12-09T03:44:04.970+0000][1][safepoint    ] Leaving safepoint region
[2019-12-09T03:44:04.970+0000][1][safepoint    ] Total time for which application threads were stopped: 0.0000945 seconds, Stopping threads took: 0.0000198 seconds
[2019-12-09T03:44:05.970+0000][1][safepoint    ] Application time: 1.0000772 seconds
[2019-12-09T03:44:05.970+0000][1][safepoint    ] Entering safepoint region: Cleanup
[2019-12-09T03:44:05.970+0000][1][safepoint    ] Leaving safepoint region
[2019-12-09T03:44:05.970+0000][1][safepoint    ] Total time for which application threads were stopped: 0.0000935 seconds, Stopping threads took: 0.0000193 seconds
[2019-12-09T03:44:06.970+0000][1][safepoint    ] Application time: 1.0000750 seconds
[2019-12-09T03:44:06.970+0000][1][safepoint    ] Entering safepoint region: Cleanup
[2019-12-09T03:44:06.970+0000][1][safepoint    ] Leaving safepoint region
[2019-12-09T03:44:06.970+0000][1][safepoint    ] Total time for which application threads were stopped: 0.0001031 seconds, Stopping threads took: 0.0000171 seconds
[2019-12-09T03:44:07.971+0000][1][safepoint    ] Application time: 1.0000770 seconds
[2019-12-09T03:44:07.971+0000][1][safepoint    ] Entering safepoint region: Cleanup
[2019-12-09T03:44:07.971+0000][1][safepoint    ] Leaving safepoint region
[2019-12-09T03:44:07.971+0000][1][safepoint    ] Total time for which application threads were stopped: 0.0000970 seconds, Stopping threads took: 0.0000177 seconds
[2019-12-09T03:44:08.971+0000][1][safepoint    ] Application time: 1.0000876 seconds
[2019-12-09T03:44:08.971+0000][1][safepoint    ] Entering safepoint region: Cleanup
[2019-12-09T03:44:08.971+0000][1][safepoint    ] Leaving safepoint region
[2019-12-09T03:44:08.971+0000][1][safepoint    ] Total time for which application threads were stopped: 0.0000906 seconds, Stopping threads took: 0.0000183 seconds
[2019-12-09T03:44:09.971+0000][1][safepoint    ] Application time: 1.0000739 seconds
[2019-12-09T03:44:09.971+0000][1][safepoint    ] Entering safepoint region: Cleanup
[2019-12-09T03:44:09.971+0000][1][safepoint    ] Leaving safepoint region
[2019-12-09T03:44:09.971+0000][1][safepoint    ] Total time for which application threads were stopped: 0.0000922 seconds, Stopping threads took: 0.0000160 seconds
[2019-12-09T03:44:10.971+0000][1][safepoint    ] Application time: 1.0000750 seconds
[2019-12-09T03:44:10.971+0000][1][safepoint    ] Entering safepoint region: Cleanup
[2019-12-09T03:44:10.971+0000][1][safepoint    ] Leaving safepoint region
[2019-12-09T03:44:10.971+0000][1][safepoint    ] Total time for which application threads were stopped: 0.0001180 seconds, Stopping threads took: 0.0000253 seconds
[2019-12-09T03:44:11.971+0000][1][safepoint    ] Application time: 1.0000767 seconds
[2019-12-09T03:44:11.971+0000][1][safepoint    ] Entering safepoint region: Cleanup
[2019-12-09T03:44:11.972+0000][1][safepoint    ] Leaving safepoint region
[2019-12-09T03:44:11.972+0000][1][safepoint    ] Total time for which application threads were stopped: 0.0001041 seconds, Stopping threads took: 0.0000200 seconds
[2019-12-09T03:44:12.972+0000][1][safepoint    ] Application time: 1.0000788 seconds
[2019-12-09T03:44:12.972+0000][1][safepoint    ] Entering safepoint region: Cleanup
[2019-12-09T03:44:12.972+0000][1][safepoint    ] Leaving safepoint region
[2019-12-09T03:44:12.972+0000][1][safepoint    ] Total time for which application threads were stopped: 0.0001035 seconds, Stopping threads took: 0.0000197 seconds
[2019-12-09T03:44:13.972+0000][1][safepoint    ] Application time: 1.0000809 seconds
[2019-12-09T03:44:13.972+0000][1][safepoint    ] Entering safepoint region: Cleanup
[2019-12-09T03:44:13.972+0000][1][safepoint    ] Leaving safepoint region
[2019-12-09T03:44:13.972+0000][1][safepoint    ] Total time for which application threads were stopped: 0.0001309 seconds, Stopping threads took: 0.0000259 seconds
[2019-12-09T03:44:14.972+0000][1][safepoint    ] Application time: 1.0000816 seconds
[2019-12-09T03:44:14.972+0000][1][safepoint    ] Entering safepoint region: Cleanup
[2019-12-09T03:44:14.972+0000][1][safepoint    ] Leaving safepoint region
[2019-12-09T03:44:14.972+0000][1][safepoint    ] Total time for which application threads were stopped: 0.0000937 seconds, Stopping threads took: 0.0000191 seconds
[2019-12-09T03:44:15.972+0000][1][safepoint    ] Application time: 1.0000782 seconds
[2019-12-09T03:44:15.972+0000][1][safepoint    ] Entering safepoint region: Cleanup
[2019-12-09T03:44:15.972+0000][1][safepoint    ] Leaving safepoint region
[2019-12-09T03:44:15.972+0000][1][safepoint    ] Total time for which application threads were stopped: 0.0000865 seconds, Stopping threads took: 0.0000167 seconds
[2019-12-09T03:44:16.973+0000][1][safepoint    ] Application time: 1.0000777 seconds
[2019-12-09T03:44:16.973+0000][1][safepoint    ] Entering safepoint region: Cleanup
[2019-12-09T03:44:16.973+0000][1][safepoint    ] Leaving safepoint region
[2019-12-09T03:44:16.973+0000][1][safepoint    ] Total time for which application threads were stopped: 0.0000932 seconds, Stopping threads took: 0.0000191 seconds
[2019-12-09T03:44:17.973+0000][1][safepoint    ] Application time: 1.0000771 seconds
[2019-12-09T03:44:17.973+0000][1][safepoint    ] Entering safepoint region: Cleanup
[2019-12-09T03:44:17.973+0000][1][safepoint    ] Leaving safepoint region
[2019-12-09T03:44:17.973+0000][1][safepoint    ] Total time for which application threads were stopped: 0.0000940 seconds, Stopping threads took: 0.0000195 seconds
[2019-12-09T03:44:18.973+0000][1][safepoint    ] Application time: 1.0000758 seconds
[2019-12-09T03:44:18.973+0000][1][safepoint    ] Entering safepoint region: Cleanup
[2019-12-09T03:44:18.973+0000][1][safepoint    ] Leaving safepoint region
[2019-12-09T03:44:18.973+0000][1][safepoint    ] Total time for which application threads were stopped: 0.0000894 seconds, Stopping threads took: 0.0000174 seconds
[2019-12-09T03:44:19.973+0000][1][safepoint    ] Application time: 1.0000766 seconds
[2019-12-09T03:44:19.973+0000][1][safepoint    ] Entering safepoint region: Cleanup
[2019-12-09T03:44:19.973+0000][1][safepoint    ] Leaving safepoint region
[2019-12-09T03:44:19.973+0000][1][safepoint    ] Total time for which application threads were stopped: 0.0000884 seconds, Stopping threads took: 0.0000184 seconds
[2019-12-09T03:44:20.973+0000][1][safepoint    ] Application time: 1.0000752 seconds
[2019-12-09T03:44:20.973+0000][1][safepoint    ] Entering safepoint region: Cleanup
[2019-12-09T03:44:20.973+0000][1][safepoint    ] Leaving safepoint region
[2019-12-09T03:44:20.973+0000][1][safepoint    ] Total time for which application threads were stopped: 0.0000913 seconds, Stopping threads took: 0.0000184 seconds
[2019-12-09T03:44:21.974+0000][1][safepoint    ] Application time: 1.0000759 seconds
[2019-12-09T03:44:21.974+0000][1][safepoint    ] Entering safepoint region: Cleanup
[2019-12-09T03:44:21.974+0000][1][safepoint    ] Leaving safepoint region
[2019-12-09T03:44:21.974+0000][1][safepoint    ] Total time for which application threads were stopped: 0.0000980 seconds, Stopping threads took: 0.0000203 seconds
[2019-12-09T03:44:22.974+0000][1][safepoint    ] Application time: 1.0000797 seconds
[2019-12-09T03:44:22.974+0000][1][safepoint    ] Entering safepoint region: Cleanup
[2019-12-09T03:44:22.974+0000][1][safepoint    ] Leaving safepoint region
[2019-12-09T03:44:22.974+0000][1][safepoint    ] Total time for which application threads were stopped: 0.0000900 seconds, Stopping threads took: 0.0000186 seconds
[2019-12-09T03:44:23.974+0000][1][safepoint    ] Application time: 1.0000833 seconds
[2019-12-09T03:44:23.974+0000][1][safepoint    ] Entering safepoint region: Cleanup
[2019-12-09T03:44:23.974+0000][1][safepoint    ] Leaving safepoint region
[2019-12-09T03:44:23.974+0000][1][safepoint    ] Total time for which application threads were stopped: 0.0001059 seconds, Stopping threads took: 0.0000279 seconds
[2019-12-09T03:44:24.974+0000][1][safepoint    ] Application time: 1.0000996 seconds
[2019-12-09T03:44:24.974+0000][1][safepoint    ] Entering safepoint region: Cleanup
[2019-12-09T03:44:24.974+0000][1][safepoint    ] Leaving safepoint region
[2019-12-09T03:44:24.974+0000][1][safepoint    ] Total time for which application threads were stopped: 0.0001398 seconds, Stopping threads took: 0.0000276 seconds
[2019-12-09T03:44:25.974+0000][1][safepoint    ] Application time: 1.0000857 seconds
[2019-12-09T03:44:25.974+0000][1][safepoint    ] Entering safepoint region: Cleanup
[2019-12-09T03:44:25.975+0000][1][safepoint    ] Leaving safepoint region
[2019-12-09T03:44:25.975+0000][1][safepoint    ] Total time for which application threads were stopped: 0.0000913 seconds, Stopping threads took: 0.0000177 seconds
[2019-12-09T03:44:26.975+0000][1][safepoint    ] Application time: 1.0000831 seconds
[2019-12-09T03:44:26.975+0000][1][safepoint    ] Entering safepoint region: Cleanup
[2019-12-09T03:44:26.975+0000][1][safepoint    ] Leaving safepoint region
[2019-12-09T03:44:26.975+0000][1][safepoint    ] Total time for which application threads were stopped: 0.0001432 seconds, Stopping threads took: 0.0000286 seconds
[2019-12-09T03:44:27.975+0000][1][safepoint    ] Application time: 1.0004780 seconds
[2019-12-09T03:44:27.975+0000][1][safepoint    ] Entering safepoint region: Cleanup
[2019-12-09T03:44:27.976+0000][1][safepoint    ] Leaving safepoint region
[2019-12-09T03:44:27.976+0000][1][safepoint    ] Total time for which application threads were stopped: 0.0001381 seconds, Stopping threads took: 0.0000259 seconds
[2019-12-09T03:44:28.976+0000][1][safepoint    ] Application time: 1.0000965 seconds
[2019-12-09T03:44:28.976+0000][1][safepoint    ] Entering safepoint region: Cleanup
[2019-12-09T03:44:28.976+0000][1][safepoint    ] Leaving safepoint region
[2019-12-09T03:44:28.976+0000][1][safepoint    ] Total time for which application threads were stopped: 0.0001551 seconds, Stopping threads took: 0.0000384 seconds
[2019-12-09T03:44:29.976+0000][1][safepoint    ] Application time: 1.0000807 seconds
[2019-12-09T03:44:29.976+0000][1][safepoint    ] Entering safepoint region: Cleanup
[2019-12-09T03:44:29.976+0000][1][safepoint    ] Leaving safepoint region
[2019-12-09T03:44:29.976+0000][1][safepoint    ] Total time for which application threads were stopped: 0.0000942 seconds, Stopping threads took: 0.0000195 seconds
[2019-12-09T03:44:30.976+0000][1][safepoint    ] Application time: 1.0000768 seconds
[2019-12-09T03:44:30.976+0000][1][safepoint    ] Entering safepoint region: Cleanup
[2019-12-09T03:44:30.976+0000][1][safepoint    ] Leaving safepoint region
[2019-12-09T03:44:30.976+0000][1][safepoint    ] Total time for which application threads were stopped: 0.0000941 seconds, Stopping threads took: 0.0000188 seconds
[2019-12-09T03:44:31.976+0000][1][safepoint    ] Application time: 1.0000755 seconds
[2019-12-09T03:44:31.976+0000][1][safepoint    ] Entering safepoint region: Cleanup
[2019-12-09T03:44:31.976+0000][1][safepoint    ] Leaving safepoint region
[2019-12-09T03:44:31.976+0000][1][safepoint    ] Total time for which application threads were stopped: 0.0000909 seconds, Stopping threads took: 0.0000182 seconds
[2019-12-09T03:44:32.977+0000][1][safepoint    ] Application time: 1.0000761 seconds
[2019-12-09T03:44:32.977+0000][1][safepoint    ] Entering safepoint region: Cleanup
[2019-12-09T03:44:32.977+0000][1][safepoint    ] Leaving safepoint region
[2019-12-09T03:44:32.977+0000][1][safepoint    ] Total time for which application threads were stopped: 0.0000911 seconds, Stopping threads took: 0.0000176 seconds
[2019-12-09T03:44:33.977+0000][1][safepoint    ] Application time: 1.0000568 seconds
[2019-12-09T03:44:33.977+0000][1][safepoint    ] Entering safepoint region: Cleanup
[2019-12-09T03:44:33.977+0000][1][safepoint    ] Leaving safepoint region
[2019-12-09T03:44:33.977+0000][1][safepoint    ] Total time for which application threads were stopped: 0.0001418 seconds, Stopping threads took: 0.0000338 seconds
[2019-12-09T03:44:34.977+0000][1][safepoint    ] Application time: 1.0000777 seconds
[2019-12-09T03:44:34.977+0000][1][safepoint    ] Entering safepoint region: Cleanup
[2019-12-09T03:44:34.977+0000][1][safepoint    ] Leaving safepoint region
[2019-12-09T03:44:34.977+0000][1][safepoint    ] Total time for which application threads were stopped: 0.0001018 seconds, Stopping threads took: 0.0000195 seconds
[2019-12-09T03:44:35.977+0000][1][safepoint    ] Application time: 1.0000793 seconds
[2019-12-09T03:44:35.977+0000][1][safepoint    ] Entering safepoint region: Cleanup
[2019-12-09T03:44:35.977+0000][1][safepoint    ] Leaving safepoint region
[2019-12-09T03:44:35.977+0000][1][safepoint    ] Total time for which application threads were stopped: 0.0000961 seconds, Stopping threads took: 0.0000184 seconds
[2019-12-09T03:44:36.977+0000][1][safepoint    ] Application time: 1.0000753 seconds
[2019-12-09T03:44:36.977+0000][1][safepoint    ] Entering safepoint region: Cleanup
[2019-12-09T03:44:36.978+0000][1][safepoint    ] Leaving safepoint region
[2019-12-09T03:44:36.978+0000][1][safepoint    ] Total time for which application threads were stopped: 0.0000910 seconds, Stopping threads took: 0.0000175 seconds
[2019-12-09T03:44:37.978+0000][1][safepoint    ] Application time: 1.0000788 seconds
[2019-12-09T03:44:37.978+0000][1][safepoint    ] Entering safepoint region: Cleanup
[2019-12-09T03:44:37.978+0000][1][safepoint    ] Leaving safepoint region
[2019-12-09T03:44:37.978+0000][1][safepoint    ] Total time for which application threads were stopped: 0.0001230 seconds, Stopping threads took: 0.0000199 seconds
[2019-12-09T03:44:38.978+0000][1][safepoint    ] Application time: 1.0000805 seconds
[2019-12-09T03:44:38.978+0000][1][safepoint    ] Entering safepoint region: Cleanup
[2019-12-09T03:44:38.978+0000][1][safepoint    ] Leaving safepoint region
[2019-12-09T03:44:38.978+0000][1][safepoint    ] Total time for which application threads were stopped: 0.0000943 seconds, Stopping threads took: 0.0000183 seconds
[2019-12-09T03:44:39.978+0000][1][safepoint    ] Application time: 1.0000774 seconds
[2019-12-09T03:44:39.978+0000][1][safepoint    ] Entering safepoint region: Cleanup
[2019-12-09T03:44:39.978+0000][1][safepoint    ] Leaving safepoint region
[2019-12-09T03:44:39.978+0000][1][safepoint    ] Total time for which application threads were stopped: 0.0000929 seconds, Stopping threads took: 0.0000177 seconds
[2019-12-09T03:44:40.978+0000][1][safepoint    ] Application time: 1.0000773 seconds
[2019-12-09T03:44:40.978+0000][1][safepoint    ] Entering safepoint region: Cleanup
[2019-12-09T03:44:40.978+0000][1][safepoint    ] Leaving safepoint region
[2019-12-09T03:44:40.978+0000][1][safepoint    ] Total time for which application threads were stopped: 0.0001119 seconds, Stopping threads took: 0.0000267 seconds
[2019-12-09T03:44:41.978+0000][1][safepoint    ] Application time: 1.0000809 seconds
[2019-12-09T03:44:41.979+0000][1][safepoint    ] Entering safepoint region: Cleanup
[2019-12-09T03:44:41.979+0000][1][safepoint    ] Leaving safepoint region
[2019-12-09T03:44:41.979+0000][1][safepoint    ] Total time for which application threads were stopped: 0.0000949 seconds, Stopping threads took: 0.0000186 seconds
[2019-12-09T03:44:42.979+0000][1][safepoint    ] Application time: 1.0000756 seconds
[2019-12-09T03:44:42.979+0000][1][safepoint    ] Entering safepoint region: Cleanup
[2019-12-09T03:44:42.979+0000][1][safepoint    ] Leaving safepoint region
[2019-12-09T03:44:42.979+0000][1][safepoint    ] Total time for which application threads were stopped: 0.0000942 seconds, Stopping threads took: 0.0000189 seconds
[2019-12-09T03:44:43.979+0000][1][safepoint    ] Application time: 1.0001953 seconds
[2019-12-09T03:44:43.979+0000][1][safepoint    ] Entering safepoint region: Cleanup
[2019-12-09T03:44:43.979+0000][1][safepoint    ] Leaving safepoint region
[2019-12-09T03:44:43.979+0000][1][safepoint    ] Total time for which application threads were stopped: 0.0001369 seconds, Stopping threads took: 0.0000306 seconds
[2019-12-09T03:44:44.979+0000][1][safepoint    ] Application time: 1.0000846 seconds
[2019-12-09T03:44:44.979+0000][1][safepoint    ] Entering safepoint region: Cleanup
[2019-12-09T03:44:44.979+0000][1][safepoint    ] Leaving safepoint region
[2019-12-09T03:44:44.980+0000][1][safepoint    ] Total time for which application threads were stopped: 0.0001349 seconds, Stopping threads took: 0.0000289 seconds
[2019-12-09T03:44:45.980+0000][1][safepoint    ] Application time: 1.0000776 seconds
[2019-12-09T03:44:45.980+0000][1][safepoint    ] Entering safepoint region: Cleanup
[2019-12-09T03:44:45.980+0000][1][safepoint    ] Leaving safepoint region
[2019-12-09T03:44:45.980+0000][1][safepoint    ] Total time for which application threads were stopped: 0.0001523 seconds, Stopping threads took: 0.0000203 seconds
[2019-12-09T03:44:46.980+0000][1][safepoint    ] Application time: 1.0000747 seconds
[2019-12-09T03:44:46.980+0000][1][safepoint    ] Entering safepoint region: Cleanup
[2019-12-09T03:44:46.980+0000][1][safepoint    ] Leaving safepoint region
[2019-12-09T03:44:46.980+0000][1][safepoint    ] Total time for which application threads were stopped: 0.0001005 seconds, Stopping threads took: 0.0000178 seconds
[2019-12-09T03:44:47.980+0000][1][safepoint    ] Application time: 1.0000784 seconds
[2019-12-09T03:44:47.980+0000][1][safepoint    ] Entering safepoint region: Cleanup
[2019-12-09T03:44:47.980+0000][1][safepoint    ] Leaving safepoint region
[2019-12-09T03:44:47.980+0000][1][safepoint    ] Total time for which application threads were stopped: 0.0000946 seconds, Stopping threads took: 0.0000194 seconds
[2019-12-09T03:44:48.980+0000][1][safepoint    ] Application time: 1.0000771 seconds
[2019-12-09T03:44:48.980+0000][1][safepoint    ] Entering safepoint region: Cleanup
[2019-12-09T03:44:48.980+0000][1][safepoint    ] Leaving safepoint region
[2019-12-09T03:44:48.980+0000][1][safepoint    ] Total time for which application threads were stopped: 0.0001038 seconds, Stopping threads took: 0.0000204 seconds
[2019-12-09T03:44:49.981+0000][1][safepoint    ] Application time: 1.0000763 seconds
[2019-12-09T03:44:49.981+0000][1][safepoint    ] Entering safepoint region: Cleanup
[2019-12-09T03:44:49.981+0000][1][safepoint    ] Leaving safepoint region
[2019-12-09T03:44:49.981+0000][1][safepoint    ] Total time for which application threads were stopped: 0.0000932 seconds, Stopping threads took: 0.0000177 seconds
[2019-12-09T03:44:50.981+0000][1][safepoint    ] Application time: 1.0000938 seconds
[2019-12-09T03:44:50.981+0000][1][safepoint    ] Entering safepoint region: Cleanup
[2019-12-09T03:44:50.981+0000][1][safepoint    ] Leaving safepoint region
[2019-12-09T03:44:50.981+0000][1][safepoint    ] Total time for which application threads were stopped: 0.0000966 seconds, Stopping threads took: 0.0000193 seconds
[2019-12-09T03:44:51.981+0000][1][safepoint    ] Application time: 1.0000782 seconds
[2019-12-09T03:44:51.981+0000][1][safepoint    ] Entering safepoint region: Cleanup
[2019-12-09T03:44:51.981+0000][1][safepoint    ] Leaving safepoint region
[2019-12-09T03:44:51.981+0000][1][safepoint    ] Total time for which application threads were stopped: 0.0000916 seconds, Stopping threads took: 0.0000180 seconds
[2019-12-09T03:44:52.981+0000][1][safepoint    ] Application time: 1.0000766 seconds
[2019-12-09T03:44:52.981+0000][1][safepoint    ] Entering safepoint region: Cleanup
[2019-12-09T03:44:52.981+0000][1][safepoint    ] Leaving safepoint region
[2019-12-09T03:44:52.981+0000][1][safepoint    ] Total time for which application threads were stopped: 0.0000994 seconds, Stopping threads took: 0.0000188 seconds
[2019-12-09T03:44:53.083+0000][1][safepoint    ] Application time: 0.1013218 seconds
[2019-12-09T03:44:53.083+0000][1][safepoint    ] Entering safepoint region: RevokeBias
[2019-12-09T03:44:53.083+0000][1][safepoint    ] Leaving safepoint region
[2019-12-09T03:44:53.083+0000][1][safepoint    ] Total time for which application threads were stopped: 0.0001466 seconds, Stopping threads took: 0.0000426 seconds
[2019-12-09T03:44:54.083+0000][1][safepoint    ] Application time: 1.0000852 seconds
[2019-12-09T03:44:54.083+0000][1][safepoint    ] Entering safepoint region: Cleanup
[2019-12-09T03:44:54.083+0000][1][safepoint    ] Leaving safepoint region
[2019-12-09T03:44:54.083+0000][1][safepoint    ] Total time for which application threads were stopped: 0.0000931 seconds, Stopping threads took: 0.0000188 seconds
[2019-12-09T03:44:55.083+0000][1][safepoint    ] Application time: 1.0000775 seconds
[2019-12-09T03:44:55.083+0000][1][safepoint    ] Entering safepoint region: Cleanup
[2019-12-09T03:44:55.083+0000][1][safepoint    ] Leaving safepoint region
[2019-12-09T03:44:55.083+0000][1][safepoint    ] Total time for which application threads were stopped: 0.0000901 seconds, Stopping threads took: 0.0000155 seconds
[2019-12-09T03:44:56.083+0000][1][safepoint    ] Application time: 1.0000754 seconds
[2019-12-09T03:44:56.083+0000][1][safepoint    ] Entering safepoint region: Cleanup
[2019-12-09T03:44:56.083+0000][1][safepoint    ] Leaving safepoint region
[2019-12-09T03:44:56.083+0000][1][safepoint    ] Total time for which application threads were stopped: 0.0001026 seconds, Stopping threads took: 0.0000185 seconds
[2019-12-09T03:44:57.084+0000][1][safepoint    ] Application time: 1.0000815 seconds
[2019-12-09T03:44:57.084+0000][1][safepoint    ] Entering safepoint region: Cleanup
[2019-12-09T03:44:57.084+0000][1][safepoint    ] Leaving safepoint region
[2019-12-09T03:44:57.084+0000][1][safepoint    ] Total time for which application threads were stopped: 0.0001532 seconds, Stopping threads took: 0.0000256 seconds
[2019-12-09T03:44:58.084+0000][1][safepoint    ] Application time: 1.0000828 seconds
[2019-12-09T03:44:58.084+0000][1][safepoint    ] Entering safepoint region: Cleanup
[2019-12-09T03:44:58.084+0000][1][safepoint    ] Leaving safepoint region
[2019-12-09T03:44:58.084+0000][1][safepoint    ] Total time for which application threads were stopped: 0.0000963 seconds, Stopping threads took: 0.0000193 seconds
[2019-12-09T03:44:59.084+0000][1][safepoint    ] Application time: 1.0000794 seconds
[2019-12-09T03:44:59.084+0000][1][safepoint    ] Entering safepoint region: Cleanup
[2019-12-09T03:44:59.084+0000][1][safepoint    ] Leaving safepoint region
[2019-12-09T03:44:59.084+0000][1][safepoint    ] Total time for which application threads were stopped: 0.0001217 seconds, Stopping threads took: 0.0000229 seconds
[2019-12-09T03:45:00.084+0000][1][safepoint    ] Application time: 1.0000757 seconds
[2019-12-09T03:45:00.084+0000][1][safepoint    ] Entering safepoint region: Cleanup
[2019-12-09T03:45:00.084+0000][1][safepoint    ] Leaving safepoint region
[2019-12-09T03:45:00.084+0000][1][safepoint    ] Total time for which application threads were stopped: 0.0000963 seconds, Stopping threads took: 0.0000190 seconds
[2019-12-09T03:45:01.085+0000][1][safepoint    ] Application time: 1.0003134 seconds
[2019-12-09T03:45:01.085+0000][1][safepoint    ] Entering safepoint region: Cleanup
[2019-12-09T03:45:01.085+0000][1][safepoint    ] Leaving safepoint region
[2019-12-09T03:45:01.085+0000][1][safepoint    ] Total time for which application threads were stopped: 0.0001299 seconds, Stopping threads took: 0.0000221 seconds
[2019-12-09T03:45:02.085+0000][1][safepoint    ] Application time: 1.0000792 seconds
[2019-12-09T03:45:02.085+0000][1][safepoint    ] Entering safepoint region: Cleanup
[2019-12-09T03:45:02.085+0000][1][safepoint    ] Leaving safepoint region
[2019-12-09T03:45:02.085+0000][1][safepoint    ] Total time for which application threads were stopped: 0.0001031 seconds, Stopping threads took: 0.0000202 seconds
[2019-12-09T03:45:02.180+0000][1][safepoint    ] Application time: 0.0949866 seconds
[2019-12-09T03:45:02.180+0000][1][safepoint    ] Entering safepoint region: GenCollectForAllocation
[2019-12-09T03:45:02.180+0000][1][gc,start     ] GC(30) Pause Young (Allocation Failure)
[2019-12-09T03:45:02.180+0000][1][gc,task      ] GC(30) Using 2 workers of 2 for evacuation
[2019-12-09T03:45:02.185+0000][1][gc,age       ] GC(30) Desired survivor size 4456448 bytes, new threshold 6 (max threshold 6)
[2019-12-09T03:45:02.185+0000][1][gc,age       ] GC(30) Age table with threshold 6 (max threshold 6)
[2019-12-09T03:45:02.185+0000][1][gc,age       ] GC(30) - age   1:      29336 bytes,      29336 total
[2019-12-09T03:45:02.185+0000][1][gc,age       ] GC(30) - age   2:      37928 bytes,      67264 total
[2019-12-09T03:45:02.185+0000][1][gc,age       ] GC(30) - age   3:     307576 bytes,     374840 total
[2019-12-09T03:45:02.185+0000][1][gc,age       ] GC(30) - age   4:     314632 bytes,     689472 total
[2019-12-09T03:45:02.185+0000][1][gc,age       ] GC(30) - age   5:     800368 bytes,    1489840 total
[2019-12-09T03:45:02.185+0000][1][gc,heap      ] GC(30) ParNew: 72021K->2190K(78656K)
[2019-12-09T03:45:02.185+0000][1][gc,heap      ] GC(30) CMS: 72923K->72923K(174784K)
[2019-12-09T03:45:02.185+0000][1][gc,metaspace ] GC(30) Metaspace: 78096K->78096K(1120256K)
[2019-12-09T03:45:02.185+0000][1][gc           ] GC(30) Pause Young (Allocation Failure) 141M->73M(247M) 4.837ms
[2019-12-09T03:45:02.185+0000][1][gc,cpu       ] GC(30) User=0.01s Sys=0.00s Real=0.01s
[2019-12-09T03:45:02.185+0000][1][safepoint    ] Leaving safepoint region
[2019-12-09T03:45:02.185+0000][1][safepoint    ] Total time for which application threads were stopped: 0.0050458 seconds, Stopping threads took: 0.0000288 seconds
[2019-12-09T03:45:03.185+0000][1][safepoint    ] Application time: 1.0000894 seconds
[2019-12-09T03:45:03.185+0000][1][safepoint    ] Entering safepoint region: Cleanup
[2019-12-09T03:45:03.185+0000][1][safepoint    ] Leaving safepoint region
[2019-12-09T03:45:03.185+0000][1][safepoint    ] Total time for which application threads were stopped: 0.0000968 seconds, Stopping threads took: 0.0000190 seconds
[2019-12-09T03:45:04.186+0000][1][safepoint    ] Application time: 1.0000751 seconds
[2019-12-09T03:45:04.186+0000][1][safepoint    ] Entering safepoint region: Cleanup
[2019-12-09T03:45:04.186+0000][1][safepoint    ] Leaving safepoint region
[2019-12-09T03:45:04.186+0000][1][safepoint    ] Total time for which application threads were stopped: 0.0001124 seconds, Stopping threads took: 0.0000186 seconds
[2019-12-09T03:45:05.186+0000][1][safepoint    ] Application time: 1.0000777 seconds
[2019-12-09T03:45:05.186+0000][1][safepoint    ] Entering safepoint region: Cleanup
[2019-12-09T03:45:05.186+0000][1][safepoint    ] Leaving safepoint region
[2019-12-09T03:45:05.186+0000][1][safepoint    ] Total time for which application threads were stopped: 0.0000950 seconds, Stopping threads took: 0.0000199 seconds
[2019-12-09T03:45:06.186+0000][1][safepoint    ] Application time: 1.0000752 seconds
[2019-12-09T03:45:06.186+0000][1][safepoint    ] Entering safepoint region: Cleanup
[2019-12-09T03:45:06.186+0000][1][safepoint    ] Leaving safepoint region
[2019-12-09T03:45:06.186+0000][1][safepoint    ] Total time for which application threads were stopped: 0.0000972 seconds, Stopping threads took: 0.0000193 seconds
[2019-12-09T03:45:07.186+0000][1][safepoint    ] Application time: 1.0000783 seconds
[2019-12-09T03:45:07.186+0000][1][safepoint    ] Entering safepoint region: Cleanup
[2019-12-09T03:45:07.186+0000][1][safepoint    ] Leaving safepoint region
[2019-12-09T03:45:07.186+0000][1][safepoint    ] Total time for which application threads were stopped: 0.0000984 seconds, Stopping threads took: 0.0000164 seconds
[2019-12-09T03:45:08.188+0000][1][safepoint    ] Application time: 1.0013272 seconds
[2019-12-09T03:45:08.188+0000][1][safepoint    ] Entering safepoint region: Cleanup
[2019-12-09T03:45:08.188+0000][1][safepoint    ] Leaving safepoint region
[2019-12-09T03:45:08.188+0000][1][safepoint    ] Total time for which application threads were stopped: 0.0001303 seconds, Stopping threads took: 0.0000264 seconds
[2019-12-09T03:45:09.188+0000][1][safepoint    ] Application time: 1.0000772 seconds
[2019-12-09T03:45:09.188+0000][1][safepoint    ] Entering safepoint region: Cleanup
[2019-12-09T03:45:09.188+0000][1][safepoint    ] Leaving safepoint region
[2019-12-09T03:45:09.188+0000][1][safepoint    ] Total time for which application threads were stopped: 0.0000952 seconds, Stopping threads took: 0.0000193 seconds
[2019-12-09T03:45:10.188+0000][1][safepoint    ] Application time: 1.0000752 seconds
[2019-12-09T03:45:10.188+0000][1][safepoint    ] Entering safepoint region: Cleanup
[2019-12-09T03:45:10.188+0000][1][safepoint    ] Leaving safepoint region
[2019-12-09T03:45:10.188+0000][1][safepoint    ] Total time for which application threads were stopped: 0.0001012 seconds, Stopping threads took: 0.0000171 seconds
[2019-12-09T03:45:11.188+0000][1][safepoint    ] Application time: 1.0000748 seconds
[2019-12-09T03:45:11.188+0000][1][safepoint    ] Entering safepoint region: Cleanup
[2019-12-09T03:45:11.189+0000][1][safepoint    ] Leaving safepoint region
[2019-12-09T03:45:11.189+0000][1][safepoint    ] Total time for which application threads were stopped: 0.0001037 seconds, Stopping threads took: 0.0000276 seconds
[2019-12-09T03:45:12.189+0000][1][safepoint    ] Application time: 1.0000759 seconds
[2019-12-09T03:45:12.189+0000][1][safepoint    ] Entering safepoint region: Cleanup
[2019-12-09T03:45:12.189+0000][1][safepoint    ] Leaving safepoint region
[2019-12-09T03:45:12.189+0000][1][safepoint    ] Total time for which application threads were stopped: 0.0001043 seconds, Stopping threads took: 0.0000278 seconds
[2019-12-09T03:45:13.189+0000][1][safepoint    ] Application time: 1.0000752 seconds
[2019-12-09T03:45:13.189+0000][1][safepoint    ] Entering safepoint region: Cleanup
[2019-12-09T03:45:13.189+0000][1][safepoint    ] Leaving safepoint region
[2019-12-09T03:45:13.189+0000][1][safepoint    ] Total time for which application threads were stopped: 0.0000924 seconds, Stopping threads took: 0.0000195 seconds
[2019-12-09T03:45:14.189+0000][1][safepoint    ] Application time: 1.0000771 seconds
[2019-12-09T03:45:14.189+0000][1][safepoint    ] Entering safepoint region: Cleanup
[2019-12-09T03:45:14.189+0000][1][safepoint    ] Leaving safepoint region
[2019-12-09T03:45:14.189+0000][1][safepoint    ] Total time for which application threads were stopped: 0.0000924 seconds, Stopping threads took: 0.0000189 seconds
[2019-12-09T03:45:15.189+0000][1][safepoint    ] Application time: 1.0000747 seconds
[2019-12-09T03:45:15.189+0000][1][safepoint    ] Entering safepoint region: Cleanup
[2019-12-09T03:45:15.189+0000][1][safepoint    ] Leaving safepoint region
[2019-12-09T03:45:15.189+0000][1][safepoint    ] Total time for which application threads were stopped: 0.0001102 seconds, Stopping threads took: 0.0000323 seconds
[2019-12-09T03:45:15.402+0000][1][safepoint    ] Application time: 0.2128138 seconds
[2019-12-09T03:45:15.402+0000][1][safepoint    ] Entering safepoint region: RevokeBias
[2019-12-09T03:45:15.402+0000][1][safepoint    ] Leaving safepoint region
[2019-12-09T03:45:15.402+0000][1][safepoint    ] Total time for which application threads were stopped: 0.0001464 seconds, Stopping threads took: 0.0000203 seconds
[2019-12-09T03:45:15.422+0000][1][safepoint    ] Application time: 0.0195025 seconds
[2019-12-09T03:45:15.422+0000][1][safepoint    ] Entering safepoint region: RevokeBias
[2019-12-09T03:45:15.422+0000][1][safepoint    ] Leaving safepoint region
[2019-12-09T03:45:15.422+0000][1][safepoint    ] Total time for which application threads were stopped: 0.0002223 seconds, Stopping threads took: 0.0000737 seconds
[2019-12-09T03:45:15.422+0000][1][safepoint    ] Application time: 0.0001611 seconds
[2019-12-09T03:45:15.422+0000][1][safepoint    ] Entering safepoint region: RevokeBias
[2019-12-09T03:45:15.422+0000][1][safepoint    ] Leaving safepoint region
[2019-12-09T03:45:15.422+0000][1][safepoint    ] Total time for which application threads were stopped: 0.0000976 seconds, Stopping threads took: 0.0000131 seconds
[2019-12-09T03:45:15.423+0000][1][safepoint    ] Application time: 0.0001873 seconds
[2019-12-09T03:45:15.423+0000][1][safepoint    ] Entering safepoint region: RevokeBias
[2019-12-09T03:45:15.423+0000][1][safepoint    ] Leaving safepoint region
[2019-12-09T03:45:15.423+0000][1][safepoint    ] Total time for which application threads were stopped: 0.0001097 seconds, Stopping threads took: 0.0000131 seconds
[2019-12-09T03:45:15.423+0000][1][safepoint    ] Application time: 0.0000583 seconds
[2019-12-09T03:45:15.423+0000][1][safepoint    ] Entering safepoint region: RevokeBias
[2019-12-09T03:45:15.423+0000][1][safepoint    ] Leaving safepoint region
[2019-12-09T03:45:15.423+0000][1][safepoint    ] Total time for which application threads were stopped: 0.0000924 seconds, Stopping threads took: 0.0000094 seconds
[2019-12-09T03:45:15.423+0000][1][safepoint    ] Application time: 0.0000891 seconds
[2019-12-09T03:45:15.423+0000][1][safepoint    ] Entering safepoint region: RevokeBias
[2019-12-09T03:45:15.423+0000][1][safepoint    ] Leaving safepoint region
[2019-12-09T03:45:15.423+0000][1][safepoint    ] Total time for which application threads were stopped: 0.0000718 seconds, Stopping threads took: 0.0000093 seconds
[2019-12-09T03:45:15.426+0000][1][safepoint    ] Application time: 0.0031657 seconds
[2019-12-09T03:45:15.426+0000][1][safepoint    ] Entering safepoint region: RevokeBias
[2019-12-09T03:45:15.426+0000][1][safepoint    ] Leaving safepoint region
[2019-12-09T03:45:15.426+0000][1][safepoint    ] Total time for which application threads were stopped: 0.0001001 seconds, Stopping threads took: 0.0000156 seconds
[2019-12-09T03:45:15.427+0000][1][safepoint    ] Application time: 0.0007068 seconds
[2019-12-09T03:45:15.427+0000][1][safepoint    ] Entering safepoint region: RevokeBias
[2019-12-09T03:45:15.427+0000][1][safepoint    ] Leaving safepoint region
[2019-12-09T03:45:15.427+0000][1][safepoint    ] Total time for which application threads were stopped: 0.0000979 seconds, Stopping threads took: 0.0000151 seconds
[2019-12-09T03:45:16.292+0000][1][safepoint    ] Application time: 0.8644574 seconds
[2019-12-09T03:45:16.292+0000][1][safepoint    ] Entering safepoint region: BulkRevokeBias
[2019-12-09T03:45:16.292+0000][1][safepoint    ] Leaving safepoint region
[2019-12-09T03:45:16.292+0000][1][safepoint    ] Total time for which application threads were stopped: 0.0004955 seconds, Stopping threads took: 0.0000674 seconds
[2019-12-09T03:45:17.292+0000][1][safepoint    ] Application time: 1.0000951 seconds
[2019-12-09T03:45:17.292+0000][1][safepoint    ] Entering safepoint region: Cleanup
[2019-12-09T03:45:17.292+0000][1][safepoint    ] Leaving safepoint region
[2019-12-09T03:45:17.292+0000][1][safepoint    ] Total time for which application threads were stopped: 0.0000957 seconds, Stopping threads took: 0.0000195 seconds
[2019-12-09T03:45:18.293+0000][1][safepoint    ] Application time: 1.0000765 seconds
[2019-12-09T03:45:18.293+0000][1][safepoint    ] Entering safepoint region: Cleanup
[2019-12-09T03:45:18.293+0000][1][safepoint    ] Leaving safepoint region
[2019-12-09T03:45:18.293+0000][1][safepoint    ] Total time for which application threads were stopped: 0.0001060 seconds, Stopping threads took: 0.0000187 seconds
[2019-12-09T03:45:19.293+0000][1][safepoint    ] Application time: 1.0000749 seconds
[2019-12-09T03:45:19.293+0000][1][safepoint    ] Entering safepoint region: Cleanup
[2019-12-09T03:45:19.293+0000][1][safepoint    ] Leaving safepoint region
[2019-12-09T03:45:19.293+0000][1][safepoint    ] Total time for which application threads were stopped: 0.0000994 seconds, Stopping threads took: 0.0000190 seconds
[2019-12-09T03:45:20.293+0000][1][safepoint    ] Application time: 1.0000807 seconds
[2019-12-09T03:45:20.293+0000][1][safepoint    ] Entering safepoint region: Cleanup
[2019-12-09T03:45:20.293+0000][1][safepoint    ] Leaving safepoint region
[2019-12-09T03:45:20.293+0000][1][safepoint    ] Total time for which application threads were stopped: 0.0000955 seconds, Stopping threads took: 0.0000186 seconds
[2019-12-09T03:45:21.293+0000][1][safepoint    ] Application time: 1.0000764 seconds
[2019-12-09T03:45:21.293+0000][1][safepoint    ] Entering safepoint region: Cleanup
[2019-12-09T03:45:21.293+0000][1][safepoint    ] Leaving safepoint region
[2019-12-09T03:45:21.293+0000][1][safepoint    ] Total time for which application threads were stopped: 0.0000954 seconds, Stopping threads took: 0.0000183 seconds
[2019-12-09T03:45:22.293+0000][1][safepoint    ] Application time: 1.0000784 seconds
[2019-12-09T03:45:22.293+0000][1][safepoint    ] Entering safepoint region: Cleanup
[2019-12-09T03:45:22.294+0000][1][safepoint    ] Leaving safepoint region
[2019-12-09T03:45:22.294+0000][1][safepoint    ] Total time for which application threads were stopped: 0.0000939 seconds, Stopping threads took: 0.0000170 seconds
[2019-12-09T03:45:23.294+0000][1][safepoint    ] Application time: 1.0000770 seconds
[2019-12-09T03:45:23.294+0000][1][safepoint    ] Entering safepoint region: Cleanup
[2019-12-09T03:45:23.294+0000][1][safepoint    ] Leaving safepoint region
[2019-12-09T03:45:23.294+0000][1][safepoint    ] Total time for which application threads were stopped: 0.0000991 seconds, Stopping threads took: 0.0000203 seconds
[2019-12-09T03:45:24.294+0000][1][safepoint    ] Application time: 1.0000728 seconds
[2019-12-09T03:45:24.294+0000][1][safepoint    ] Entering safepoint region: Cleanup
[2019-12-09T03:45:24.294+0000][1][safepoint    ] Leaving safepoint region
[2019-12-09T03:45:24.294+0000][1][safepoint    ] Total time for which application threads were stopped: 0.0001139 seconds, Stopping threads took: 0.0000335 seconds
[2019-12-09T03:45:25.139+0000][1][safepoint    ] Application time: 0.8451388 seconds
[2019-12-09T03:45:25.139+0000][1][safepoint    ] Entering safepoint region: RevokeBias
[2019-12-09T03:45:25.139+0000][1][safepoint    ] Leaving safepoint region
[2019-12-09T03:45:25.139+0000][1][safepoint    ] Total time for which application threads were stopped: 0.0001170 seconds, Stopping threads took: 0.0000177 seconds
[2019-12-09T03:45:25.139+0000][1][safepoint    ] Application time: 0.0000553 seconds
[2019-12-09T03:45:25.139+0000][1][safepoint    ] Entering safepoint region: RevokeBias
[2019-12-09T03:45:25.139+0000][1][safepoint    ] Leaving safepoint region
[2019-12-09T03:45:25.139+0000][1][safepoint    ] Total time for which application threads were stopped: 0.0000626 seconds, Stopping threads took: 0.0000083 seconds
[2019-12-09T03:45:26.140+0000][1][safepoint    ] Application time: 1.0000848 seconds
[2019-12-09T03:45:26.140+0000][1][safepoint    ] Entering safepoint region: Cleanup
[2019-12-09T03:45:26.140+0000][1][safepoint    ] Leaving safepoint region
[2019-12-09T03:45:26.140+0000][1][safepoint    ] Total time for which application threads were stopped: 0.0001132 seconds, Stopping threads took: 0.0000185 seconds
[2019-12-09T03:45:27.140+0000][1][safepoint    ] Application time: 1.0000788 seconds
[2019-12-09T03:45:27.140+0000][1][safepoint    ] Entering safepoint region: Cleanup
[2019-12-09T03:45:27.140+0000][1][safepoint    ] Leaving safepoint region
[2019-12-09T03:45:27.140+0000][1][safepoint    ] Total time for which application threads were stopped: 0.0000918 seconds, Stopping threads took: 0.0000180 seconds
[2019-12-09T03:45:28.140+0000][1][safepoint    ] Application time: 1.0000785 seconds
[2019-12-09T03:45:28.140+0000][1][safepoint    ] Entering safepoint region: Cleanup
[2019-12-09T03:45:28.140+0000][1][safepoint    ] Leaving safepoint region
[2019-12-09T03:45:28.140+0000][1][safepoint    ] Total time for which application threads were stopped: 0.0000921 seconds, Stopping threads took: 0.0000178 seconds
[2019-12-09T03:45:29.140+0000][1][safepoint    ] Application time: 1.0000794 seconds
[2019-12-09T03:45:29.140+0000][1][safepoint    ] Entering safepoint region: Cleanup
[2019-12-09T03:45:29.140+0000][1][safepoint    ] Leaving safepoint region
[2019-12-09T03:45:29.140+0000][1][safepoint    ] Total time for which application threads were stopped: 0.0000909 seconds, Stopping threads took: 0.0000191 seconds
[2019-12-09T03:45:30.140+0000][1][safepoint    ] Application time: 1.0000801 seconds
[2019-12-09T03:45:30.140+0000][1][safepoint    ] Entering safepoint region: Cleanup
[2019-12-09T03:45:30.141+0000][1][safepoint    ] Leaving safepoint region
[2019-12-09T03:45:30.141+0000][1][safepoint    ] Total time for which application threads were stopped: 0.0001023 seconds, Stopping threads took: 0.0000225 seconds
[2019-12-09T03:45:31.141+0000][1][safepoint    ] Application time: 1.0000795 seconds
[2019-12-09T03:45:31.141+0000][1][safepoint    ] Entering safepoint region: Cleanup
[2019-12-09T03:45:31.141+0000][1][safepoint    ] Leaving safepoint region
[2019-12-09T03:45:31.141+0000][1][safepoint    ] Total time for which application threads were stopped: 0.0001117 seconds, Stopping threads took: 0.0000338 seconds
[2019-12-09T03:45:32.141+0000][1][safepoint    ] Application time: 1.0000787 seconds
[2019-12-09T03:45:32.141+0000][1][safepoint    ] Entering safepoint region: Cleanup
[2019-12-09T03:45:32.141+0000][1][safepoint    ] Leaving safepoint region
[2019-12-09T03:45:32.141+0000][1][safepoint    ] Total time for which application threads were stopped: 0.0000999 seconds, Stopping threads took: 0.0000206 seconds
[2019-12-09T03:45:33.141+0000][1][safepoint    ] Application time: 1.0000781 seconds
[2019-12-09T03:45:33.141+0000][1][safepoint    ] Entering safepoint region: Cleanup
[2019-12-09T03:45:33.141+0000][1][safepoint    ] Leaving safepoint region
[2019-12-09T03:45:33.141+0000][1][safepoint    ] Total time for which application threads were stopped: 0.0001024 seconds, Stopping threads took: 0.0000195 seconds
[2019-12-09T03:45:34.141+0000][1][safepoint    ] Application time: 1.0000787 seconds
[2019-12-09T03:45:34.141+0000][1][safepoint    ] Entering safepoint region: Cleanup
[2019-12-09T03:45:34.141+0000][1][safepoint    ] Leaving safepoint region
[2019-12-09T03:45:34.141+0000][1][safepoint    ] Total time for which application threads were stopped: 0.0000994 seconds, Stopping threads took: 0.0000213 seconds
[2019-12-09T03:45:35.142+0000][1][safepoint    ] Application time: 1.0000780 seconds
[2019-12-09T03:45:35.142+0000][1][safepoint    ] Entering safepoint region: Cleanup
[2019-12-09T03:45:35.142+0000][1][safepoint    ] Leaving safepoint region
[2019-12-09T03:45:35.142+0000][1][safepoint    ] Total time for which application threads were stopped: 0.0000929 seconds, Stopping threads took: 0.0000195 seconds
[2019-12-09T03:45:36.142+0000][1][safepoint    ] Application time: 1.0000786 seconds
[2019-12-09T03:45:36.142+0000][1][safepoint    ] Entering safepoint region: Cleanup
[2019-12-09T03:45:36.142+0000][1][safepoint    ] Leaving safepoint region
[2019-12-09T03:45:36.142+0000][1][safepoint    ] Total time for which application threads were stopped: 0.0000951 seconds, Stopping threads took: 0.0000188 seconds
[2019-12-09T03:45:37.142+0000][1][safepoint    ] Application time: 1.0000769 seconds
[2019-12-09T03:45:37.142+0000][1][safepoint    ] Entering safepoint region: Cleanup
[2019-12-09T03:45:37.142+0000][1][safepoint    ] Leaving safepoint region
[2019-12-09T03:45:37.142+0000][1][safepoint    ] Total time for which application threads were stopped: 0.0000884 seconds, Stopping threads took: 0.0000175 seconds
[2019-12-09T03:45:38.142+0000][1][safepoint    ] Application time: 1.0000760 seconds
[2019-12-09T03:45:38.142+0000][1][safepoint    ] Entering safepoint region: Cleanup
[2019-12-09T03:45:38.142+0000][1][safepoint    ] Leaving safepoint region
[2019-12-09T03:45:38.142+0000][1][safepoint    ] Total time for which application threads were stopped: 0.0000985 seconds, Stopping threads took: 0.0000200 seconds
[2019-12-09T03:45:39.142+0000][1][safepoint    ] Application time: 1.0000808 seconds
[2019-12-09T03:45:39.142+0000][1][safepoint    ] Entering safepoint region: Cleanup
[2019-12-09T03:45:39.142+0000][1][safepoint    ] Leaving safepoint region
[2019-12-09T03:45:39.142+0000][1][safepoint    ] Total time for which application threads were stopped: 0.0000976 seconds, Stopping threads took: 0.0000189 seconds
[2019-12-09T03:45:40.143+0000][1][safepoint    ] Application time: 1.0000765 seconds
[2019-12-09T03:45:40.143+0000][1][safepoint    ] Entering safepoint region: Cleanup
[2019-12-09T03:45:40.143+0000][1][safepoint    ] Leaving safepoint region
[2019-12-09T03:45:40.143+0000][1][safepoint    ] Total time for which application threads were stopped: 0.0001132 seconds, Stopping threads took: 0.0000190 seconds
[2019-12-09T03:45:41.143+0000][1][safepoint    ] Application time: 1.0000755 seconds
[2019-12-09T03:45:41.143+0000][1][safepoint    ] Entering safepoint region: Cleanup
[2019-12-09T03:45:41.143+0000][1][safepoint    ] Leaving safepoint region
[2019-12-09T03:45:41.143+0000][1][safepoint    ] Total time for which application threads were stopped: 0.0000992 seconds, Stopping threads took: 0.0000244 seconds
[2019-12-09T03:45:42.143+0000][1][safepoint    ] Application time: 1.0000766 seconds
[2019-12-09T03:45:42.143+0000][1][safepoint    ] Entering safepoint region: Cleanup
[2019-12-09T03:45:42.143+0000][1][safepoint    ] Leaving safepoint region
[2019-12-09T03:45:42.143+0000][1][safepoint    ] Total time for which application threads were stopped: 0.0001069 seconds, Stopping threads took: 0.0000204 seconds
[2019-12-09T03:45:43.143+0000][1][safepoint    ] Application time: 1.0000759 seconds
[2019-12-09T03:45:43.143+0000][1][safepoint    ] Entering safepoint region: Cleanup
[2019-12-09T03:45:43.143+0000][1][safepoint    ] Leaving safepoint region
[2019-12-09T03:45:43.143+0000][1][safepoint    ] Total time for which application threads were stopped: 0.0001012 seconds, Stopping threads took: 0.0000208 seconds
[2019-12-09T03:45:44.144+0000][1][safepoint    ] Application time: 1.0002376 seconds
[2019-12-09T03:45:44.144+0000][1][safepoint    ] Entering safepoint region: Cleanup
[2019-12-09T03:45:44.144+0000][1][safepoint    ] Leaving safepoint region
[2019-12-09T03:45:44.144+0000][1][safepoint    ] Total time for which application threads were stopped: 0.0001215 seconds, Stopping threads took: 0.0000451 seconds
[2019-12-09T03:45:45.144+0000][1][safepoint    ] Application time: 1.0000778 seconds
[2019-12-09T03:45:45.144+0000][1][safepoint    ] Entering safepoint region: Cleanup
[2019-12-09T03:45:45.144+0000][1][safepoint    ] Leaving safepoint region
[2019-12-09T03:45:45.144+0000][1][safepoint    ] Total time for which application threads were stopped: 0.0000973 seconds, Stopping threads took: 0.0000198 seconds
[2019-12-09T03:45:46.144+0000][1][safepoint    ] Application time: 1.0000759 seconds
[2019-12-09T03:45:46.144+0000][1][safepoint    ] Entering safepoint region: Cleanup
[2019-12-09T03:45:46.144+0000][1][safepoint    ] Leaving safepoint region
[2019-12-09T03:45:46.144+0000][1][safepoint    ] Total time for which application threads were stopped: 0.0000987 seconds, Stopping threads took: 0.0000212 seconds
[2019-12-09T03:45:47.144+0000][1][safepoint    ] Application time: 1.0000758 seconds
[2019-12-09T03:45:47.144+0000][1][safepoint    ] Entering safepoint region: Cleanup
[2019-12-09T03:45:47.144+0000][1][safepoint    ] Leaving safepoint region
[2019-12-09T03:45:47.144+0000][1][safepoint    ] Total time for which application threads were stopped: 0.0000941 seconds, Stopping threads took: 0.0000173 seconds
[2019-12-09T03:45:48.145+0000][1][safepoint    ] Application time: 1.0000832 seconds
[2019-12-09T03:45:48.145+0000][1][safepoint    ] Entering safepoint region: Cleanup
[2019-12-09T03:45:48.145+0000][1][safepoint    ] Leaving safepoint region
[2019-12-09T03:45:48.145+0000][1][safepoint    ] Total time for which application threads were stopped: 0.0000971 seconds, Stopping threads took: 0.0000192 seconds
[2019-12-09T03:45:49.145+0000][1][safepoint    ] Application time: 1.0000875 seconds
[2019-12-09T03:45:49.145+0000][1][safepoint    ] Entering safepoint region: Cleanup
[2019-12-09T03:45:49.145+0000][1][safepoint    ] Leaving safepoint region
[2019-12-09T03:45:49.145+0000][1][safepoint    ] Total time for which application threads were stopped: 0.0001037 seconds, Stopping threads took: 0.0000191 seconds
[2019-12-09T03:45:50.145+0000][1][safepoint    ] Application time: 1.0000773 seconds
[2019-12-09T03:45:50.145+0000][1][safepoint    ] Entering safepoint region: Cleanup
[2019-12-09T03:45:50.145+0000][1][safepoint    ] Leaving safepoint region
[2019-12-09T03:45:50.145+0000][1][safepoint    ] Total time for which application threads were stopped: 0.0001032 seconds, Stopping threads took: 0.0000248 seconds
[2019-12-09T03:45:51.145+0000][1][safepoint    ] Application time: 1.0000738 seconds
[2019-12-09T03:45:51.145+0000][1][safepoint    ] Entering safepoint region: Cleanup
[2019-12-09T03:45:51.145+0000][1][safepoint    ] Leaving safepoint region
[2019-12-09T03:45:51.145+0000][1][safepoint    ] Total time for which application threads were stopped: 0.0000990 seconds, Stopping threads took: 0.0000218 seconds
[2019-12-09T03:45:52.145+0000][1][safepoint    ] Application time: 1.0000742 seconds
[2019-12-09T03:45:52.145+0000][1][safepoint    ] Entering safepoint region: Cleanup
[2019-12-09T03:45:52.146+0000][1][safepoint    ] Leaving safepoint region
[2019-12-09T03:45:52.146+0000][1][safepoint    ] Total time for which application threads were stopped: 0.0001106 seconds, Stopping threads took: 0.0000187 seconds
[2019-12-09T03:45:53.146+0000][1][safepoint    ] Application time: 1.0000767 seconds
[2019-12-09T03:45:53.146+0000][1][safepoint    ] Entering safepoint region: Cleanup
[2019-12-09T03:45:53.146+0000][1][safepoint    ] Leaving safepoint region
[2019-12-09T03:45:53.146+0000][1][safepoint    ] Total time for which application threads were stopped: 0.0000965 seconds, Stopping threads took: 0.0000200 seconds
[2019-12-09T03:45:54.146+0000][1][safepoint    ] Application time: 1.0000750 seconds
[2019-12-09T03:45:54.146+0000][1][safepoint    ] Entering safepoint region: Cleanup
[2019-12-09T03:45:54.146+0000][1][safepoint    ] Leaving safepoint region
[2019-12-09T03:45:54.146+0000][1][safepoint    ] Total time for which application threads were stopped: 0.0000990 seconds, Stopping threads took: 0.0000200 seconds
[2019-12-09T03:45:55.146+0000][1][safepoint    ] Application time: 1.0000773 seconds
[2019-12-09T03:45:55.146+0000][1][safepoint    ] Entering safepoint region: Cleanup
[2019-12-09T03:45:55.146+0000][1][safepoint    ] Leaving safepoint region
[2019-12-09T03:45:55.146+0000][1][safepoint    ] Total time for which application threads were stopped: 0.0000990 seconds, Stopping threads took: 0.0000193 seconds
[2019-12-09T03:45:56.146+0000][1][safepoint    ] Application time: 1.0000751 seconds
[2019-12-09T03:45:56.146+0000][1][safepoint    ] Entering safepoint region: Cleanup
[2019-12-09T03:45:56.146+0000][1][safepoint    ] Leaving safepoint region
[2019-12-09T03:45:56.146+0000][1][safepoint    ] Total time for which application threads were stopped: 0.0000935 seconds, Stopping threads took: 0.0000183 seconds
[2019-12-09T03:45:57.147+0000][1][safepoint    ] Application time: 1.0000771 seconds
[2019-12-09T03:45:57.147+0000][1][safepoint    ] Entering safepoint region: Cleanup
[2019-12-09T03:45:57.147+0000][1][safepoint    ] Leaving safepoint region
[2019-12-09T03:45:57.147+0000][1][safepoint    ] Total time for which application threads were stopped: 0.0000986 seconds, Stopping threads took: 0.0000204 seconds
[2019-12-09T03:45:58.147+0000][1][safepoint    ] Application time: 1.0000775 seconds
[2019-12-09T03:45:58.147+0000][1][safepoint    ] Entering safepoint region: Cleanup
[2019-12-09T03:45:58.147+0000][1][safepoint    ] Leaving safepoint region
[2019-12-09T03:45:58.147+0000][1][safepoint    ] Total time for which application threads were stopped: 0.0000948 seconds, Stopping threads took: 0.0000190 seconds
[2019-12-09T03:45:59.147+0000][1][safepoint    ] Application time: 1.0000755 seconds
[2019-12-09T03:45:59.147+0000][1][safepoint    ] Entering safepoint region: Cleanup
[2019-12-09T03:45:59.147+0000][1][safepoint    ] Leaving safepoint region
[2019-12-09T03:45:59.147+0000][1][safepoint    ] Total time for which application threads were stopped: 0.0001157 seconds, Stopping threads took: 0.0000188 seconds
[2019-12-09T03:46:00.147+0000][1][safepoint    ] Application time: 1.0000784 seconds
[2019-12-09T03:46:00.147+0000][1][safepoint    ] Entering safepoint region: Cleanup
[2019-12-09T03:46:00.147+0000][1][safepoint    ] Leaving safepoint region
[2019-12-09T03:46:00.147+0000][1][safepoint    ] Total time for which application threads were stopped: 0.0001088 seconds, Stopping threads took: 0.0000284 seconds
[2019-12-09T03:46:01.147+0000][1][safepoint    ] Application time: 1.0000757 seconds
[2019-12-09T03:46:01.147+0000][1][safepoint    ] Entering safepoint region: Cleanup
[2019-12-09T03:46:01.148+0000][1][safepoint    ] Leaving safepoint region
[2019-12-09T03:46:01.148+0000][1][safepoint    ] Total time for which application threads were stopped: 0.0000967 seconds, Stopping threads took: 0.0000196 seconds
[2019-12-09T03:46:02.148+0000][1][safepoint    ] Application time: 1.0000770 seconds
[2019-12-09T03:46:02.148+0000][1][safepoint    ] Entering safepoint region: Cleanup
[2019-12-09T03:46:02.148+0000][1][safepoint    ] Leaving safepoint region
[2019-12-09T03:46:02.148+0000][1][safepoint    ] Total time for which application threads were stopped: 0.0001058 seconds, Stopping threads took: 0.0000312 seconds
[2019-12-09T03:46:03.148+0000][1][safepoint    ] Application time: 1.0000770 seconds
[2019-12-09T03:46:03.148+0000][1][safepoint    ] Entering safepoint region: Cleanup
[2019-12-09T03:46:03.148+0000][1][safepoint    ] Leaving safepoint region
[2019-12-09T03:46:03.148+0000][1][safepoint    ] Total time for which application threads were stopped: 0.0000909 seconds, Stopping threads took: 0.0000175 seconds
[2019-12-09T03:46:04.148+0000][1][safepoint    ] Application time: 1.0000768 seconds
[2019-12-09T03:46:04.148+0000][1][safepoint    ] Entering safepoint region: Cleanup
[2019-12-09T03:46:04.148+0000][1][safepoint    ] Leaving safepoint region
[2019-12-09T03:46:04.148+0000][1][safepoint    ] Total time for which application threads were stopped: 0.0000960 seconds, Stopping threads took: 0.0000209 seconds
[2019-12-09T03:46:05.148+0000][1][safepoint    ] Application time: 1.0000784 seconds
[2019-12-09T03:46:05.148+0000][1][safepoint    ] Entering safepoint region: Cleanup
[2019-12-09T03:46:05.148+0000][1][safepoint    ] Leaving safepoint region
[2019-12-09T03:46:05.148+0000][1][safepoint    ] Total time for which application threads were stopped: 0.0000971 seconds, Stopping threads took: 0.0000197 seconds
[2019-12-09T03:46:06.148+0000][1][safepoint    ] Application time: 1.0000764 seconds
[2019-12-09T03:46:06.149+0000][1][safepoint    ] Entering safepoint region: Cleanup
[2019-12-09T03:46:06.149+0000][1][safepoint    ] Leaving safepoint region
[2019-12-09T03:46:06.149+0000][1][safepoint    ] Total time for which application threads were stopped: 0.0000984 seconds, Stopping threads took: 0.0000207 seconds
[2019-12-09T03:46:07.149+0000][1][safepoint    ] Application time: 1.0000762 seconds
[2019-12-09T03:46:07.149+0000][1][safepoint    ] Entering safepoint region: Cleanup
[2019-12-09T03:46:07.149+0000][1][safepoint    ] Leaving safepoint region
[2019-12-09T03:46:07.149+0000][1][safepoint    ] Total time for which application threads were stopped: 0.0000930 seconds, Stopping threads took: 0.0000194 seconds
[2019-12-09T03:46:08.149+0000][1][safepoint    ] Application time: 1.0000776 seconds
[2019-12-09T03:46:08.149+0000][1][safepoint    ] Entering safepoint region: Cleanup
[2019-12-09T03:46:08.149+0000][1][safepoint    ] Leaving safepoint region
[2019-12-09T03:46:08.149+0000][1][safepoint    ] Total time for which application threads were stopped: 0.0000989 seconds, Stopping threads took: 0.0000218 seconds
[2019-12-09T03:46:09.149+0000][1][safepoint    ] Application time: 1.0000780 seconds
[2019-12-09T03:46:09.149+0000][1][safepoint    ] Entering safepoint region: Cleanup
[2019-12-09T03:46:09.149+0000][1][safepoint    ] Leaving safepoint region
[2019-12-09T03:46:09.149+0000][1][safepoint    ] Total time for which application threads were stopped: 0.0001000 seconds, Stopping threads took: 0.0000204 seconds
[2019-12-09T03:46:10.149+0000][1][safepoint    ] Application time: 1.0000769 seconds
[2019-12-09T03:46:10.149+0000][1][safepoint    ] Entering safepoint region: Cleanup
[2019-12-09T03:46:10.149+0000][1][safepoint    ] Leaving safepoint region
[2019-12-09T03:46:10.149+0000][1][safepoint    ] Total time for which application threads were stopped: 0.0001075 seconds, Stopping threads took: 0.0000292 seconds
[2019-12-09T03:46:11.150+0000][1][safepoint    ] Application time: 1.0000768 seconds
[2019-12-09T03:46:11.150+0000][1][safepoint    ] Entering safepoint region: Cleanup
[2019-12-09T03:46:11.150+0000][1][safepoint    ] Leaving safepoint region
[2019-12-09T03:46:11.150+0000][1][safepoint    ] Total time for which application threads were stopped: 0.0001145 seconds, Stopping threads took: 0.0000283 seconds
[2019-12-09T03:46:12.150+0000][1][safepoint    ] Application time: 1.0000781 seconds
[2019-12-09T03:46:12.150+0000][1][safepoint    ] Entering safepoint region: Cleanup
[2019-12-09T03:46:12.150+0000][1][safepoint    ] Leaving safepoint region
[2019-12-09T03:46:12.150+0000][1][safepoint    ] Total time for which application threads were stopped: 0.0000984 seconds, Stopping threads took: 0.0000199 seconds
[2019-12-09T03:46:13.150+0000][1][safepoint    ] Application time: 1.0000767 seconds
[2019-12-09T03:46:13.150+0000][1][safepoint    ] Entering safepoint region: Cleanup
[2019-12-09T03:46:13.150+0000][1][safepoint    ] Leaving safepoint region
[2019-12-09T03:46:13.150+0000][1][safepoint    ] Total time for which application threads were stopped: 0.0000983 seconds, Stopping threads took: 0.0000196 seconds
[2019-12-09T03:46:13.841+0000][1][safepoint    ] Application time: 0.6911685 seconds
[2019-12-09T03:46:13.841+0000][1][safepoint    ] Entering safepoint region: RevokeBias
[2019-12-09T03:46:13.841+0000][1][safepoint    ] Leaving safepoint region
[2019-12-09T03:46:13.842+0000][1][safepoint    ] Total time for which application threads were stopped: 0.0001347 seconds, Stopping threads took: 0.0000213 seconds
[2019-12-09T03:46:13.842+0000][1][safepoint    ] Application time: 0.0000499 seconds
[2019-12-09T03:46:13.842+0000][1][safepoint    ] Entering safepoint region: RevokeBias
[2019-12-09T03:46:13.842+0000][1][safepoint    ] Leaving safepoint region
[2019-12-09T03:46:13.842+0000][1][safepoint    ] Total time for which application threads were stopped: 0.0000869 seconds, Stopping threads took: 0.0000089 seconds
[2019-12-09T03:46:13.842+0000][1][safepoint    ] Application time: 0.0000743 seconds
[2019-12-09T03:46:13.842+0000][1][safepoint    ] Entering safepoint region: RevokeBias
[2019-12-09T03:46:13.842+0000][1][safepoint    ] Leaving safepoint region
[2019-12-09T03:46:13.842+0000][1][safepoint    ] Total time for which application threads were stopped: 0.0000702 seconds, Stopping threads took: 0.0000098 seconds
[2019-12-09T03:46:13.851+0000][1][safepoint    ] Application time: 0.0094023 seconds
[2019-12-09T03:46:13.851+0000][1][safepoint    ] Entering safepoint region: RevokeBias
[2019-12-09T03:46:13.851+0000][1][safepoint    ] Leaving safepoint region
[2019-12-09T03:46:13.851+0000][1][safepoint    ] Total time for which application threads were stopped: 0.0001196 seconds, Stopping threads took: 0.0000195 seconds
[2019-12-09T03:46:13.852+0000][1][safepoint    ] Application time: 0.0003390 seconds
[2019-12-09T03:46:13.852+0000][1][safepoint    ] Entering safepoint region: RevokeBias
[2019-12-09T03:46:13.852+0000][1][safepoint    ] Leaving safepoint region
[2019-12-09T03:46:13.852+0000][1][safepoint    ] Total time for which application threads were stopped: 0.0000955 seconds, Stopping threads took: 0.0000160 seconds
[2019-12-09T03:46:13.852+0000][1][safepoint    ] Application time: 0.0005966 seconds
[2019-12-09T03:46:13.852+0000][1][safepoint    ] Entering safepoint region: RevokeBias
[2019-12-09T03:46:13.853+0000][1][safepoint    ] Leaving safepoint region
[2019-12-09T03:46:13.853+0000][1][safepoint    ] Total time for which application threads were stopped: 0.0000989 seconds, Stopping threads took: 0.0000172 seconds
[2019-12-09T03:46:13.925+0000][1][safepoint    ] Application time: 0.0722414 seconds
[2019-12-09T03:46:13.925+0000][1][safepoint    ] Entering safepoint region: RevokeBias
[2019-12-09T03:46:13.925+0000][1][safepoint    ] Leaving safepoint region
[2019-12-09T03:46:13.925+0000][1][safepoint    ] Total time for which application threads were stopped: 0.0001666 seconds, Stopping threads took: 0.0000308 seconds
[2019-12-09T03:46:13.925+0000][1][safepoint    ] Application time: 0.0000550 seconds
[2019-12-09T03:46:13.925+0000][1][safepoint    ] Entering safepoint region: RevokeBias
[2019-12-09T03:46:13.925+0000][1][safepoint    ] Leaving safepoint region
[2019-12-09T03:46:13.925+0000][1][safepoint    ] Total time for which application threads were stopped: 0.0000890 seconds, Stopping threads took: 0.0000108 seconds
[2019-12-09T03:46:13.925+0000][1][safepoint    ] Application time: 0.0000379 seconds
[2019-12-09T03:46:13.925+0000][1][safepoint    ] Entering safepoint region: RevokeBias
[2019-12-09T03:46:13.925+0000][1][safepoint    ] Leaving safepoint region
[2019-12-09T03:46:13.925+0000][1][safepoint    ] Total time for which application threads were stopped: 0.0000675 seconds, Stopping threads took: 0.0000089 seconds
[2019-12-09T03:46:14.925+0000][1][safepoint    ] Application time: 1.0001468 seconds
[2019-12-09T03:46:14.926+0000][1][safepoint    ] Entering safepoint region: Cleanup
[2019-12-09T03:46:14.926+0000][1][safepoint    ] Leaving safepoint region
[2019-12-09T03:46:14.926+0000][1][safepoint    ] Total time for which application threads were stopped: 0.0001278 seconds, Stopping threads took: 0.0000237 seconds
[2019-12-09T03:46:15.926+0000][1][safepoint    ] Application time: 1.0000698 seconds
[2019-12-09T03:46:15.926+0000][1][safepoint    ] Entering safepoint region: Cleanup
[2019-12-09T03:46:15.926+0000][1][safepoint    ] Leaving safepoint region
[2019-12-09T03:46:15.926+0000][1][safepoint    ] Total time for which application threads were stopped: 0.0000989 seconds, Stopping threads took: 0.0000209 seconds
[2019-12-09T03:46:16.926+0000][1][safepoint    ] Application time: 1.0000748 seconds
[2019-12-09T03:46:16.926+0000][1][safepoint    ] Entering safepoint region: Cleanup
[2019-12-09T03:46:16.926+0000][1][safepoint    ] Leaving safepoint region
[2019-12-09T03:46:16.926+0000][1][safepoint    ] Total time for which application threads were stopped: 0.0000943 seconds, Stopping threads took: 0.0000166 seconds
[2019-12-09T03:46:17.926+0000][1][safepoint    ] Application time: 1.0000748 seconds
[2019-12-09T03:46:17.926+0000][1][safepoint    ] Entering safepoint region: Cleanup
[2019-12-09T03:46:17.926+0000][1][safepoint    ] Leaving safepoint region
[2019-12-09T03:46:17.926+0000][1][safepoint    ] Total time for which application threads were stopped: 0.0000981 seconds, Stopping threads took: 0.0000203 seconds
[2019-12-09T03:46:18.926+0000][1][safepoint    ] Application time: 1.0000781 seconds
[2019-12-09T03:46:18.926+0000][1][safepoint    ] Entering safepoint region: Cleanup
[2019-12-09T03:46:18.926+0000][1][safepoint    ] Leaving safepoint region
[2019-12-09T03:46:18.926+0000][1][safepoint    ] Total time for which application threads were stopped: 0.0000953 seconds, Stopping threads took: 0.0000188 seconds
[2019-12-09T03:46:19.927+0000][1][safepoint    ] Application time: 1.0000731 seconds
[2019-12-09T03:46:19.927+0000][1][safepoint    ] Entering safepoint region: Cleanup
[2019-12-09T03:46:19.927+0000][1][safepoint    ] Leaving safepoint region
[2019-12-09T03:46:19.927+0000][1][safepoint    ] Total time for which application threads were stopped: 0.0001053 seconds, Stopping threads took: 0.0000157 seconds
[2019-12-09T03:46:20.927+0000][1][safepoint    ] Application time: 1.0000773 seconds
[2019-12-09T03:46:20.927+0000][1][safepoint    ] Entering safepoint region: Cleanup
[2019-12-09T03:46:20.927+0000][1][safepoint    ] Leaving safepoint region
[2019-12-09T03:46:20.927+0000][1][safepoint    ] Total time for which application threads were stopped: 0.0000964 seconds, Stopping threads took: 0.0000181 seconds
[2019-12-09T03:46:21.927+0000][1][safepoint    ] Application time: 1.0000753 seconds
[2019-12-09T03:46:21.927+0000][1][safepoint    ] Entering safepoint region: Cleanup
[2019-12-09T03:46:21.927+0000][1][safepoint    ] Leaving safepoint region
[2019-12-09T03:46:21.927+0000][1][safepoint    ] Total time for which application threads were stopped: 0.0000986 seconds, Stopping threads took: 0.0000180 seconds
[2019-12-09T03:46:22.927+0000][1][safepoint    ] Application time: 1.0000769 seconds
[2019-12-09T03:46:22.927+0000][1][safepoint    ] Entering safepoint region: Cleanup
[2019-12-09T03:46:22.927+0000][1][safepoint    ] Leaving safepoint region
[2019-12-09T03:46:22.927+0000][1][safepoint    ] Total time for which application threads were stopped: 0.0000973 seconds, Stopping threads took: 0.0000196 seconds
[2019-12-09T03:46:23.927+0000][1][safepoint    ] Application time: 1.0000891 seconds
[2019-12-09T03:46:23.928+0000][1][safepoint    ] Entering safepoint region: Cleanup
[2019-12-09T03:46:23.928+0000][1][safepoint    ] Leaving safepoint region
[2019-12-09T03:46:23.928+0000][1][safepoint    ] Total time for which application threads were stopped: 0.0001545 seconds, Stopping threads took: 0.0000403 seconds
[2019-12-09T03:46:23.976+0000][1][safepoint    ] Application time: 0.0485392 seconds
[2019-12-09T03:46:23.976+0000][1][safepoint    ] Entering safepoint region: RevokeBias
[2019-12-09T03:46:23.976+0000][1][safepoint    ] Leaving safepoint region
[2019-12-09T03:46:23.976+0000][1][safepoint    ] Total time for which application threads were stopped: 0.0001580 seconds, Stopping threads took: 0.0000246 seconds
[2019-12-09T03:46:23.976+0000][1][safepoint    ] Application time: 0.0000780 seconds
[2019-12-09T03:46:23.977+0000][1][safepoint    ] Entering safepoint region: RevokeBias
[2019-12-09T03:46:23.977+0000][1][safepoint    ] Leaving safepoint region
[2019-12-09T03:46:23.977+0000][1][safepoint    ] Total time for which application threads were stopped: 0.0000882 seconds, Stopping threads took: 0.0000201 seconds
[2019-12-09T03:46:23.977+0000][1][safepoint    ] Application time: 0.0000520 seconds
[2019-12-09T03:46:23.977+0000][1][safepoint    ] Entering safepoint region: RevokeBias
[2019-12-09T03:46:23.977+0000][1][safepoint    ] Leaving safepoint region
[2019-12-09T03:46:23.977+0000][1][safepoint    ] Total time for which application threads were stopped: 0.0000935 seconds, Stopping threads took: 0.0000094 seconds
[2019-12-09T03:46:24.977+0000][1][safepoint    ] Application time: 1.0000821 seconds
[2019-12-09T03:46:24.977+0000][1][safepoint    ] Entering safepoint region: Cleanup
[2019-12-09T03:46:24.977+0000][1][safepoint    ] Leaving safepoint region
[2019-12-09T03:46:24.977+0000][1][safepoint    ] Total time for which application threads were stopped: 0.0000955 seconds, Stopping threads took: 0.0000185 seconds
[2019-12-09T03:46:25.977+0000][1][safepoint    ] Application time: 1.0000860 seconds
[2019-12-09T03:46:25.977+0000][1][safepoint    ] Entering safepoint region: Cleanup
[2019-12-09T03:46:25.977+0000][1][safepoint    ] Leaving safepoint region
[2019-12-09T03:46:25.977+0000][1][safepoint    ] Total time for which application threads were stopped: 0.0001452 seconds, Stopping threads took: 0.0000256 seconds
[2019-12-09T03:46:26.977+0000][1][safepoint    ] Application time: 1.0000792 seconds
[2019-12-09T03:46:26.977+0000][1][safepoint    ] Entering safepoint region: Cleanup
[2019-12-09T03:46:26.977+0000][1][safepoint    ] Leaving safepoint region
[2019-12-09T03:46:26.977+0000][1][safepoint    ] Total time for which application threads were stopped: 0.0001039 seconds, Stopping threads took: 0.0000198 seconds
[2019-12-09T03:46:27.978+0000][1][safepoint    ] Application time: 1.0000780 seconds
[2019-12-09T03:46:27.978+0000][1][safepoint    ] Entering safepoint region: Cleanup
[2019-12-09T03:46:27.978+0000][1][safepoint    ] Leaving safepoint region
[2019-12-09T03:46:27.978+0000][1][safepoint    ] Total time for which application threads were stopped: 0.0001118 seconds, Stopping threads took: 0.0000204 seconds
[2019-12-09T03:46:28.978+0000][1][safepoint    ] Application time: 1.0000754 seconds
[2019-12-09T03:46:28.978+0000][1][safepoint    ] Entering safepoint region: Cleanup
[2019-12-09T03:46:28.978+0000][1][safepoint    ] Leaving safepoint region
[2019-12-09T03:46:28.978+0000][1][safepoint    ] Total time for which application threads were stopped: 0.0001138 seconds, Stopping threads took: 0.0000198 seconds
[2019-12-09T03:46:29.978+0000][1][safepoint    ] Application time: 1.0000769 seconds
[2019-12-09T03:46:29.978+0000][1][safepoint    ] Entering safepoint region: Cleanup
[2019-12-09T03:46:29.978+0000][1][safepoint    ] Leaving safepoint region
[2019-12-09T03:46:29.978+0000][1][safepoint    ] Total time for which application threads were stopped: 0.0000988 seconds, Stopping threads took: 0.0000191 seconds
[2019-12-09T03:46:30.978+0000][1][safepoint    ] Application time: 1.0000840 seconds
[2019-12-09T03:46:30.978+0000][1][safepoint    ] Entering safepoint region: Cleanup
[2019-12-09T03:46:30.978+0000][1][safepoint    ] Leaving safepoint region
[2019-12-09T03:46:30.978+0000][1][safepoint    ] Total time for which application threads were stopped: 0.0001328 seconds, Stopping threads took: 0.0000263 seconds
[2019-12-09T03:46:31.979+0000][1][safepoint    ] Application time: 1.0000777 seconds
[2019-12-09T03:46:31.979+0000][1][safepoint    ] Entering safepoint region: Cleanup
[2019-12-09T03:46:31.979+0000][1][safepoint    ] Leaving safepoint region
[2019-12-09T03:46:31.979+0000][1][safepoint    ] Total time for which application threads were stopped: 0.0001093 seconds, Stopping threads took: 0.0000176 seconds
[2019-12-09T03:46:32.979+0000][1][safepoint    ] Application time: 1.0000778 seconds
[2019-12-09T03:46:32.979+0000][1][safepoint    ] Entering safepoint region: Cleanup
[2019-12-09T03:46:32.979+0000][1][safepoint    ] Leaving safepoint region
[2019-12-09T03:46:32.979+0000][1][safepoint    ] Total time for which application threads were stopped: 0.0000980 seconds, Stopping threads took: 0.0000196 seconds
[2019-12-09T03:46:33.979+0000][1][safepoint    ] Application time: 1.0000857 seconds
[2019-12-09T03:46:33.979+0000][1][safepoint    ] Entering safepoint region: Cleanup
[2019-12-09T03:46:33.979+0000][1][safepoint    ] Leaving safepoint region
[2019-12-09T03:46:33.979+0000][1][safepoint    ] Total time for which application threads were stopped: 0.0001296 seconds, Stopping threads took: 0.0000253 seconds
[2019-12-09T03:46:34.979+0000][1][safepoint    ] Application time: 1.0000759 seconds
[2019-12-09T03:46:34.979+0000][1][safepoint    ] Entering safepoint region: Cleanup
[2019-12-09T03:46:34.979+0000][1][safepoint    ] Leaving safepoint region
[2019-12-09T03:46:34.979+0000][1][safepoint    ] Total time for which application threads were stopped: 0.0000955 seconds, Stopping threads took: 0.0000192 seconds
[2019-12-09T03:46:35.979+0000][1][safepoint    ] Application time: 1.0000857 seconds
[2019-12-09T03:46:35.980+0000][1][safepoint    ] Entering safepoint region: Cleanup
[2019-12-09T03:46:35.980+0000][1][safepoint    ] Leaving safepoint region
[2019-12-09T03:46:35.980+0000][1][safepoint    ] Total time for which application threads were stopped: 0.0001315 seconds, Stopping threads took: 0.0000274 seconds
[2019-12-09T03:46:36.980+0000][1][safepoint    ] Application time: 1.0000763 seconds
[2019-12-09T03:46:36.980+0000][1][safepoint    ] Entering safepoint region: Cleanup
[2019-12-09T03:46:36.980+0000][1][safepoint    ] Leaving safepoint region
[2019-12-09T03:46:36.980+0000][1][safepoint    ] Total time for which application threads were stopped: 0.0000919 seconds, Stopping threads took: 0.0000166 seconds
[2019-12-09T03:46:37.980+0000][1][safepoint    ] Application time: 1.0000778 seconds
[2019-12-09T03:46:37.980+0000][1][safepoint    ] Entering safepoint region: Cleanup
[2019-12-09T03:46:37.980+0000][1][safepoint    ] Leaving safepoint region
[2019-12-09T03:46:37.980+0000][1][safepoint    ] Total time for which application threads were stopped: 0.0001041 seconds, Stopping threads took: 0.0000196 seconds
[2019-12-09T03:46:38.980+0000][1][safepoint    ] Application time: 1.0000751 seconds
[2019-12-09T03:46:38.980+0000][1][safepoint    ] Entering safepoint region: Cleanup
[2019-12-09T03:46:38.980+0000][1][safepoint    ] Leaving safepoint region
[2019-12-09T03:46:38.980+0000][1][safepoint    ] Total time for which application threads were stopped: 0.0001039 seconds, Stopping threads took: 0.0000192 seconds
[2019-12-09T03:46:39.932+0000][1][safepoint    ] Application time: 0.9516366 seconds
[2019-12-09T03:46:39.932+0000][1][safepoint    ] Entering safepoint region: GenCollectForAllocation
[2019-12-09T03:46:39.932+0000][1][gc,start     ] GC(31) Pause Young (Allocation Failure)
[2019-12-09T03:46:39.932+0000][1][gc,task      ] GC(31) Using 2 workers of 2 for evacuation
[2019-12-09T03:46:39.937+0000][1][gc,age       ] GC(31) Desired survivor size 4456448 bytes, new threshold 6 (max threshold 6)
[2019-12-09T03:46:39.937+0000][1][gc,age       ] GC(31) Age table with threshold 6 (max threshold 6)
[2019-12-09T03:46:39.937+0000][1][gc,age       ] GC(31) - age   1:     124120 bytes,     124120 total
[2019-12-09T03:46:39.937+0000][1][gc,age       ] GC(31) - age   2:      10272 bytes,     134392 total
[2019-12-09T03:46:39.937+0000][1][gc,age       ] GC(31) - age   3:      34184 bytes,     168576 total
[2019-12-09T03:46:39.937+0000][1][gc,age       ] GC(31) - age   4:     278328 bytes,     446904 total
[2019-12-09T03:46:39.937+0000][1][gc,age       ] GC(31) - age   5:     211504 bytes,     658408 total
[2019-12-09T03:46:39.937+0000][1][gc,age       ] GC(31) - age   6:     729848 bytes,    1388256 total
[2019-12-09T03:46:39.937+0000][1][gc,heap      ] GC(31) ParNew: 72142K->2184K(78656K)
[2019-12-09T03:46:39.937+0000][1][gc,heap      ] GC(31) CMS: 72923K->72923K(174784K)
[2019-12-09T03:46:39.937+0000][1][gc,metaspace ] GC(31) Metaspace: 78262K->78262K(1120256K)
[2019-12-09T03:46:39.937+0000][1][gc           ] GC(31) Pause Young (Allocation Failure) 141M->73M(247M) 4.853ms
[2019-12-09T03:46:39.937+0000][1][gc,cpu       ] GC(31) User=0.01s Sys=0.00s Real=0.01s
[2019-12-09T03:46:39.937+0000][1][safepoint    ] Leaving safepoint region
[2019-12-09T03:46:39.937+0000][1][safepoint    ] Total time for which application threads were stopped: 0.0050231 seconds, Stopping threads took: 0.0000176 seconds
[2019-12-09T03:46:40.937+0000][1][safepoint    ] Application time: 1.0000841 seconds
[2019-12-09T03:46:40.937+0000][1][safepoint    ] Entering safepoint region: Cleanup
[2019-12-09T03:46:40.937+0000][1][safepoint    ] Leaving safepoint region
[2019-12-09T03:46:40.937+0000][1][safepoint    ] Total time for which application threads were stopped: 0.0001067 seconds, Stopping threads took: 0.0000249 seconds
[2019-12-09T03:46:41.937+0000][1][safepoint    ] Application time: 1.0000815 seconds
[2019-12-09T03:46:41.937+0000][1][safepoint    ] Entering safepoint region: Cleanup
[2019-12-09T03:46:41.937+0000][1][safepoint    ] Leaving safepoint region
[2019-12-09T03:46:41.937+0000][1][safepoint    ] Total time for which application threads were stopped: 0.0000960 seconds, Stopping threads took: 0.0000191 seconds
[2019-12-09T03:46:42.938+0000][1][safepoint    ] Application time: 1.0000754 seconds
[2019-12-09T03:46:42.938+0000][1][safepoint    ] Entering safepoint region: Cleanup
[2019-12-09T03:46:42.938+0000][1][safepoint    ] Leaving safepoint region
[2019-12-09T03:46:42.938+0000][1][safepoint    ] Total time for which application threads were stopped: 0.0001092 seconds, Stopping threads took: 0.0000198 seconds
[2019-12-09T03:46:43.938+0000][1][safepoint    ] Application time: 1.0000744 seconds
[2019-12-09T03:46:43.938+0000][1][safepoint    ] Entering safepoint region: Cleanup
[2019-12-09T03:46:43.938+0000][1][safepoint    ] Leaving safepoint region
[2019-12-09T03:46:43.938+0000][1][safepoint    ] Total time for which application threads were stopped: 0.0000956 seconds, Stopping threads took: 0.0000196 seconds
[2019-12-09T03:46:44.938+0000][1][safepoint    ] Application time: 1.0000739 seconds
[2019-12-09T03:46:44.938+0000][1][safepoint    ] Entering safepoint region: Cleanup
[2019-12-09T03:46:44.938+0000][1][safepoint    ] Leaving safepoint region
[2019-12-09T03:46:44.938+0000][1][safepoint    ] Total time for which application threads were stopped: 0.0000983 seconds, Stopping threads took: 0.0000181 seconds
[2019-12-09T03:46:45.938+0000][1][safepoint    ] Application time: 1.0000750 seconds
[2019-12-09T03:46:45.938+0000][1][safepoint    ] Entering safepoint region: Cleanup
[2019-12-09T03:46:45.938+0000][1][safepoint    ] Leaving safepoint region
[2019-12-09T03:46:45.938+0000][1][safepoint    ] Total time for which application threads were stopped: 0.0000949 seconds, Stopping threads took: 0.0000192 seconds
[2019-12-09T03:46:46.938+0000][1][safepoint    ] Application time: 1.0000752 seconds
[2019-12-09T03:46:46.938+0000][1][safepoint    ] Entering safepoint region: Cleanup
[2019-12-09T03:46:46.939+0000][1][safepoint    ] Leaving safepoint region
[2019-12-09T03:46:46.939+0000][1][safepoint    ] Total time for which application threads were stopped: 0.0000960 seconds, Stopping threads took: 0.0000188 seconds
[2019-12-09T03:46:47.939+0000][1][safepoint    ] Application time: 1.0000748 seconds
[2019-12-09T03:46:47.939+0000][1][safepoint    ] Entering safepoint region: Cleanup
[2019-12-09T03:46:47.939+0000][1][safepoint    ] Leaving safepoint region
[2019-12-09T03:46:47.939+0000][1][safepoint    ] Total time for which application threads were stopped: 0.0000981 seconds, Stopping threads took: 0.0000208 seconds
[2019-12-09T03:46:48.939+0000][1][safepoint    ] Application time: 1.0000749 seconds
[2019-12-09T03:46:48.939+0000][1][safepoint    ] Entering safepoint region: Cleanup
[2019-12-09T03:46:48.939+0000][1][safepoint    ] Leaving safepoint region
[2019-12-09T03:46:48.939+0000][1][safepoint    ] Total time for which application threads were stopped: 0.0000971 seconds, Stopping threads took: 0.0000192 seconds
[2019-12-09T03:46:49.939+0000][1][safepoint    ] Application time: 1.0000753 seconds
[2019-12-09T03:46:49.939+0000][1][safepoint    ] Entering safepoint region: Cleanup
[2019-12-09T03:46:49.939+0000][1][safepoint    ] Leaving safepoint region
[2019-12-09T03:46:49.939+0000][1][safepoint    ] Total time for which application threads were stopped: 0.0000941 seconds, Stopping threads took: 0.0000174 seconds
[2019-12-09T03:46:50.939+0000][1][safepoint    ] Application time: 1.0000842 seconds
[2019-12-09T03:46:50.939+0000][1][safepoint    ] Entering safepoint region: Cleanup
[2019-12-09T03:46:50.939+0000][1][safepoint    ] Leaving safepoint region
[2019-12-09T03:46:50.939+0000][1][safepoint    ] Total time for which application threads were stopped: 0.0000956 seconds, Stopping threads took: 0.0000193 seconds
[2019-12-09T03:46:51.940+0000][1][safepoint    ] Application time: 1.0000765 seconds
[2019-12-09T03:46:51.940+0000][1][safepoint    ] Entering safepoint region: Cleanup
[2019-12-09T03:46:51.940+0000][1][safepoint    ] Leaving safepoint region
[2019-12-09T03:46:51.940+0000][1][safepoint    ] Total time for which application threads were stopped: 0.0000961 seconds, Stopping threads took: 0.0000205 seconds
[2019-12-09T03:46:52.940+0000][1][safepoint    ] Application time: 1.0000892 seconds
[2019-12-09T03:46:52.940+0000][1][safepoint    ] Entering safepoint region: Cleanup
[2019-12-09T03:46:52.940+0000][1][safepoint    ] Leaving safepoint region
[2019-12-09T03:46:52.940+0000][1][safepoint    ] Total time for which application threads were stopped: 0.0000971 seconds, Stopping threads took: 0.0000200 seconds
[2019-12-09T03:46:53.940+0000][1][safepoint    ] Application time: 1.0002464 seconds
[2019-12-09T03:46:53.940+0000][1][safepoint    ] Entering safepoint region: Cleanup
[2019-12-09T03:46:53.940+0000][1][safepoint    ] Leaving safepoint region
[2019-12-09T03:46:53.940+0000][1][safepoint    ] Total time for which application threads were stopped: 0.0001480 seconds, Stopping threads took: 0.0000294 seconds
[2019-12-09T03:46:53.979+0000][1][safepoint    ] Application time: 0.0383981 seconds
[2019-12-09T03:46:53.979+0000][1][safepoint    ] Entering safepoint region: RevokeBias
[2019-12-09T03:46:53.979+0000][1][safepoint    ] Leaving safepoint region
[2019-12-09T03:46:53.979+0000][1][safepoint    ] Total time for which application threads were stopped: 0.0001149 seconds, Stopping threads took: 0.0000205 seconds
[2019-12-09T03:46:54.979+0000][1][safepoint    ] Application time: 1.0000865 seconds
[2019-12-09T03:46:54.979+0000][1][safepoint    ] Entering safepoint region: Cleanup
[2019-12-09T03:46:54.979+0000][1][safepoint    ] Leaving safepoint region
[2019-12-09T03:46:54.979+0000][1][safepoint    ] Total time for which application threads were stopped: 0.0000927 seconds, Stopping threads took: 0.0000188 seconds
[2019-12-09T03:46:55.979+0000][1][safepoint    ] Application time: 1.0000765 seconds
[2019-12-09T03:46:55.979+0000][1][safepoint    ] Entering safepoint region: Cleanup
[2019-12-09T03:46:55.979+0000][1][safepoint    ] Leaving safepoint region
[2019-12-09T03:46:55.979+0000][1][safepoint    ] Total time for which application threads were stopped: 0.0000956 seconds, Stopping threads took: 0.0000191 seconds
[2019-12-09T03:46:56.979+0000][1][safepoint    ] Application time: 1.0000760 seconds
[2019-12-09T03:46:56.979+0000][1][safepoint    ] Entering safepoint region: Cleanup
[2019-12-09T03:46:56.980+0000][1][safepoint    ] Leaving safepoint region
[2019-12-09T03:46:56.980+0000][1][safepoint    ] Total time for which application threads were stopped: 0.0001018 seconds, Stopping threads took: 0.0000199 seconds
[2019-12-09T03:46:57.980+0000][1][safepoint    ] Application time: 1.0000776 seconds
[2019-12-09T03:46:57.980+0000][1][safepoint    ] Entering safepoint region: Cleanup
[2019-12-09T03:46:57.980+0000][1][safepoint    ] Leaving safepoint region
[2019-12-09T03:46:57.980+0000][1][safepoint    ] Total time for which application threads were stopped: 0.0000951 seconds, Stopping threads took: 0.0000186 seconds
[2019-12-09T03:46:58.980+0000][1][safepoint    ] Application time: 1.0000752 seconds
[2019-12-09T03:46:58.980+0000][1][safepoint    ] Entering safepoint region: Cleanup
[2019-12-09T03:46:58.980+0000][1][safepoint    ] Leaving safepoint region
[2019-12-09T03:46:58.980+0000][1][safepoint    ] Total time for which application threads were stopped: 0.0000966 seconds, Stopping threads took: 0.0000191 seconds
[2019-12-09T03:46:59.980+0000][1][safepoint    ] Application time: 1.0000762 seconds
[2019-12-09T03:46:59.980+0000][1][safepoint    ] Entering safepoint region: Cleanup
[2019-12-09T03:46:59.980+0000][1][safepoint    ] Leaving safepoint region
[2019-12-09T03:46:59.980+0000][1][safepoint    ] Total time for which application threads were stopped: 0.0000951 seconds, Stopping threads took: 0.0000191 seconds
[2019-12-09T03:47:00.980+0000][1][safepoint    ] Application time: 1.0000781 seconds
[2019-12-09T03:47:00.980+0000][1][safepoint    ] Entering safepoint region: Cleanup
[2019-12-09T03:47:00.980+0000][1][safepoint    ] Leaving safepoint region
[2019-12-09T03:47:00.980+0000][1][safepoint    ] Total time for which application threads were stopped: 0.0000959 seconds, Stopping threads took: 0.0000194 seconds
[2019-12-09T03:47:01.981+0000][1][safepoint    ] Application time: 1.0000887 seconds
[2019-12-09T03:47:01.981+0000][1][safepoint    ] Entering safepoint region: Cleanup
[2019-12-09T03:47:01.981+0000][1][safepoint    ] Leaving safepoint region
[2019-12-09T03:47:01.981+0000][1][safepoint    ] Total time for which application threads were stopped: 0.0001758 seconds, Stopping threads took: 0.0000283 seconds
[2019-12-09T03:47:02.981+0000][1][safepoint    ] Application time: 1.0000789 seconds
[2019-12-09T03:47:02.981+0000][1][safepoint    ] Entering safepoint region: Cleanup
[2019-12-09T03:47:02.981+0000][1][safepoint    ] Leaving safepoint region
[2019-12-09T03:47:02.981+0000][1][safepoint    ] Total time for which application threads were stopped: 0.0001143 seconds, Stopping threads took: 0.0000197 seconds
[2019-12-09T03:47:03.982+0000][1][safepoint    ] Application time: 1.0007141 seconds
[2019-12-09T03:47:03.982+0000][1][safepoint    ] Entering safepoint region: Cleanup
[2019-12-09T03:47:03.982+0000][1][safepoint    ] Leaving safepoint region
[2019-12-09T03:47:03.982+0000][1][safepoint    ] Total time for which application threads were stopped: 0.0001361 seconds, Stopping threads took: 0.0000275 seconds
[2019-12-09T03:47:04.982+0000][1][safepoint    ] Application time: 1.0000780 seconds
[2019-12-09T03:47:04.982+0000][1][safepoint    ] Entering safepoint region: Cleanup
[2019-12-09T03:47:04.982+0000][1][safepoint    ] Leaving safepoint region
[2019-12-09T03:47:04.982+0000][1][safepoint    ] Total time for which application threads were stopped: 0.0001041 seconds, Stopping threads took: 0.0000197 seconds
[2019-12-09T03:47:05.982+0000][1][safepoint    ] Application time: 1.0000874 seconds
[2019-12-09T03:47:05.982+0000][1][safepoint    ] Entering safepoint region: Cleanup
[2019-12-09T03:47:05.982+0000][1][safepoint    ] Leaving safepoint region
[2019-12-09T03:47:05.982+0000][1][safepoint    ] Total time for which application threads were stopped: 0.0001347 seconds, Stopping threads took: 0.0000259 seconds
[2019-12-09T03:47:06.982+0000][1][safepoint    ] Application time: 1.0000771 seconds
[2019-12-09T03:47:06.983+0000][1][safepoint    ] Entering safepoint region: Cleanup
[2019-12-09T03:47:06.983+0000][1][safepoint    ] Leaving safepoint region
[2019-12-09T03:47:06.983+0000][1][safepoint    ] Total time for which application threads were stopped: 0.0000947 seconds, Stopping threads took: 0.0000188 seconds
[2019-12-09T03:47:07.983+0000][1][safepoint    ] Application time: 1.0000765 seconds
[2019-12-09T03:47:07.983+0000][1][safepoint    ] Entering safepoint region: Cleanup
[2019-12-09T03:47:07.983+0000][1][safepoint    ] Leaving safepoint region
[2019-12-09T03:47:07.983+0000][1][safepoint    ] Total time for which application threads were stopped: 0.0000955 seconds, Stopping threads took: 0.0000214 seconds
[2019-12-09T03:47:08.983+0000][1][safepoint    ] Application time: 1.0000775 seconds
[2019-12-09T03:47:08.983+0000][1][safepoint    ] Entering safepoint region: Cleanup
[2019-12-09T03:47:08.983+0000][1][safepoint    ] Leaving safepoint region
[2019-12-09T03:47:08.983+0000][1][safepoint    ] Total time for which application threads were stopped: 0.0000913 seconds, Stopping threads took: 0.0000196 seconds
[2019-12-09T03:47:09.983+0000][1][safepoint    ] Application time: 1.0000753 seconds
[2019-12-09T03:47:09.983+0000][1][safepoint    ] Entering safepoint region: Cleanup
[2019-12-09T03:47:09.983+0000][1][safepoint    ] Leaving safepoint region
[2019-12-09T03:47:09.983+0000][1][safepoint    ] Total time for which application threads were stopped: 0.0000887 seconds, Stopping threads took: 0.0000182 seconds
[2019-12-09T03:47:10.983+0000][1][safepoint    ] Application time: 1.0000779 seconds
[2019-12-09T03:47:10.983+0000][1][safepoint    ] Entering safepoint region: Cleanup
[2019-12-09T03:47:10.983+0000][1][safepoint    ] Leaving safepoint region
[2019-12-09T03:47:10.983+0000][1][safepoint    ] Total time for which application threads were stopped: 0.0000989 seconds, Stopping threads took: 0.0000257 seconds
[2019-12-09T03:47:11.984+0000][1][safepoint    ] Application time: 1.0000774 seconds
[2019-12-09T03:47:11.984+0000][1][safepoint    ] Entering safepoint region: Cleanup
[2019-12-09T03:47:11.984+0000][1][safepoint    ] Leaving safepoint region
[2019-12-09T03:47:11.984+0000][1][safepoint    ] Total time for which application threads were stopped: 0.0001019 seconds, Stopping threads took: 0.0000188 seconds
[2019-12-09T03:47:12.984+0000][1][safepoint    ] Application time: 1.0000761 seconds
[2019-12-09T03:47:12.984+0000][1][safepoint    ] Entering safepoint region: Cleanup
[2019-12-09T03:47:12.984+0000][1][safepoint    ] Leaving safepoint region
[2019-12-09T03:47:12.984+0000][1][safepoint    ] Total time for which application threads were stopped: 0.0000939 seconds, Stopping threads took: 0.0000202 seconds
[2019-12-09T03:47:13.984+0000][1][safepoint    ] Application time: 1.0000818 seconds
[2019-12-09T03:47:13.984+0000][1][safepoint    ] Entering safepoint region: Cleanup
[2019-12-09T03:47:13.984+0000][1][safepoint    ] Leaving safepoint region
[2019-12-09T03:47:13.984+0000][1][safepoint    ] Total time for which application threads were stopped: 0.0001249 seconds, Stopping threads took: 0.0000270 seconds
[2019-12-09T03:47:14.984+0000][1][safepoint    ] Application time: 1.0000755 seconds
[2019-12-09T03:47:14.984+0000][1][safepoint    ] Entering safepoint region: Cleanup
[2019-12-09T03:47:14.984+0000][1][safepoint    ] Leaving safepoint region
[2019-12-09T03:47:14.984+0000][1][safepoint    ] Total time for which application threads were stopped: 0.0000884 seconds, Stopping threads took: 0.0000178 seconds
[2019-12-09T03:47:15.984+0000][1][safepoint    ] Application time: 1.0000740 seconds
[2019-12-09T03:47:15.985+0000][1][safepoint    ] Entering safepoint region: Cleanup
[2019-12-09T03:47:15.985+0000][1][safepoint    ] Leaving safepoint region
[2019-12-09T03:47:15.985+0000][1][safepoint    ] Total time for which application threads were stopped: 0.0000905 seconds, Stopping threads took: 0.0000183 seconds
[2019-12-09T03:47:16.985+0000][1][safepoint    ] Application time: 1.0000782 seconds
[2019-12-09T03:47:16.985+0000][1][safepoint    ] Entering safepoint region: Cleanup
[2019-12-09T03:47:16.985+0000][1][safepoint    ] Leaving safepoint region
[2019-12-09T03:47:16.985+0000][1][safepoint    ] Total time for which application threads were stopped: 0.0000911 seconds, Stopping threads took: 0.0000193 seconds
[2019-12-09T03:47:17.985+0000][1][safepoint    ] Application time: 1.0000788 seconds
[2019-12-09T03:47:17.985+0000][1][safepoint    ] Entering safepoint region: Cleanup
[2019-12-09T03:47:17.985+0000][1][safepoint    ] Leaving safepoint region
[2019-12-09T03:47:17.985+0000][1][safepoint    ] Total time for which application threads were stopped: 0.0000994 seconds, Stopping threads took: 0.0000196 seconds
[2019-12-09T03:47:18.985+0000][1][safepoint    ] Application time: 1.0000783 seconds
[2019-12-09T03:47:18.985+0000][1][safepoint    ] Entering safepoint region: Cleanup
[2019-12-09T03:47:18.985+0000][1][safepoint    ] Leaving safepoint region
[2019-12-09T03:47:18.985+0000][1][safepoint    ] Total time for which application threads were stopped: 0.0000948 seconds, Stopping threads took: 0.0000187 seconds
[2019-12-09T03:47:19.985+0000][1][safepoint    ] Application time: 1.0000847 seconds
[2019-12-09T03:47:19.985+0000][1][safepoint    ] Entering safepoint region: Cleanup
[2019-12-09T03:47:19.985+0000][1][safepoint    ] Leaving safepoint region
[2019-12-09T03:47:19.985+0000][1][safepoint    ] Total time for which application threads were stopped: 0.0000981 seconds, Stopping threads took: 0.0000243 seconds
[2019-12-09T03:47:20.986+0000][1][safepoint    ] Application time: 1.0000796 seconds
[2019-12-09T03:47:20.986+0000][1][safepoint    ] Entering safepoint region: Cleanup
[2019-12-09T03:47:20.986+0000][1][safepoint    ] Leaving safepoint region
[2019-12-09T03:47:20.986+0000][1][safepoint    ] Total time for which application threads were stopped: 0.0001537 seconds, Stopping threads took: 0.0000369 seconds
[2019-12-09T03:47:21.986+0000][1][safepoint    ] Application time: 1.0000769 seconds
[2019-12-09T03:47:21.986+0000][1][safepoint    ] Entering safepoint region: Cleanup
[2019-12-09T03:47:21.986+0000][1][safepoint    ] Leaving safepoint region
[2019-12-09T03:47:21.986+0000][1][safepoint    ] Total time for which application threads were stopped: 0.0000950 seconds, Stopping threads took: 0.0000189 seconds
[2019-12-09T03:47:22.986+0000][1][safepoint    ] Application time: 1.0000764 seconds
[2019-12-09T03:47:22.986+0000][1][safepoint    ] Entering safepoint region: Cleanup
[2019-12-09T03:47:22.986+0000][1][safepoint    ] Leaving safepoint region
[2019-12-09T03:47:22.986+0000][1][safepoint    ] Total time for which application threads were stopped: 0.0000996 seconds, Stopping threads took: 0.0000216 seconds
[2019-12-09T03:47:23.986+0000][1][safepoint    ] Application time: 1.0000880 seconds
[2019-12-09T03:47:23.986+0000][1][safepoint    ] Entering safepoint region: Cleanup
[2019-12-09T03:47:23.986+0000][1][safepoint    ] Leaving safepoint region
[2019-12-09T03:47:23.986+0000][1][safepoint    ] Total time for which application threads were stopped: 0.0001282 seconds, Stopping threads took: 0.0000253 seconds
[2019-12-09T03:47:24.987+0000][1][safepoint    ] Application time: 1.0000792 seconds
[2019-12-09T03:47:24.987+0000][1][safepoint    ] Entering safepoint region: Cleanup
[2019-12-09T03:47:24.987+0000][1][safepoint    ] Leaving safepoint region
[2019-12-09T03:47:24.987+0000][1][safepoint    ] Total time for which application threads were stopped: 0.0001021 seconds, Stopping threads took: 0.0000173 seconds
[2019-12-09T03:47:25.987+0000][1][safepoint    ] Application time: 1.0000777 seconds
[2019-12-09T03:47:25.987+0000][1][safepoint    ] Entering safepoint region: Cleanup
[2019-12-09T03:47:25.987+0000][1][safepoint    ] Leaving safepoint region
[2019-12-09T03:47:25.987+0000][1][safepoint    ] Total time for which application threads were stopped: 0.0000941 seconds, Stopping threads took: 0.0000193 seconds
[2019-12-09T03:47:26.987+0000][1][safepoint    ] Application time: 1.0000760 seconds
[2019-12-09T03:47:26.987+0000][1][safepoint    ] Entering safepoint region: Cleanup
[2019-12-09T03:47:26.987+0000][1][safepoint    ] Leaving safepoint region
[2019-12-09T03:47:26.987+0000][1][safepoint    ] Total time for which application threads were stopped: 0.0000983 seconds, Stopping threads took: 0.0000200 seconds
[2019-12-09T03:47:27.987+0000][1][safepoint    ] Application time: 1.0000773 seconds
[2019-12-09T03:47:27.987+0000][1][safepoint    ] Entering safepoint region: Cleanup
[2019-12-09T03:47:27.987+0000][1][safepoint    ] Leaving safepoint region
[2019-12-09T03:47:27.987+0000][1][safepoint    ] Total time for which application threads were stopped: 0.0000950 seconds, Stopping threads took: 0.0000184 seconds
[2019-12-09T03:47:28.987+0000][1][safepoint    ] Application time: 1.0000767 seconds
[2019-12-09T03:47:28.987+0000][1][safepoint    ] Entering safepoint region: Cleanup
[2019-12-09T03:47:28.988+0000][1][safepoint    ] Leaving safepoint region
[2019-12-09T03:47:28.988+0000][1][safepoint    ] Total time for which application threads were stopped: 0.0000964 seconds, Stopping threads took: 0.0000198 seconds
[2019-12-09T03:47:29.988+0000][1][safepoint    ] Application time: 1.0000769 seconds
[2019-12-09T03:47:29.988+0000][1][safepoint    ] Entering safepoint region: Cleanup
[2019-12-09T03:47:29.988+0000][1][safepoint    ] Leaving safepoint region
[2019-12-09T03:47:29.988+0000][1][safepoint    ] Total time for which application threads were stopped: 0.0001059 seconds, Stopping threads took: 0.0000205 seconds
[2019-12-09T03:47:30.988+0000][1][safepoint    ] Application time: 1.0000787 seconds
[2019-12-09T03:47:30.988+0000][1][safepoint    ] Entering safepoint region: Cleanup
[2019-12-09T03:47:30.988+0000][1][safepoint    ] Leaving safepoint region
[2019-12-09T03:47:30.988+0000][1][safepoint    ] Total time for which application threads were stopped: 0.0000987 seconds, Stopping threads took: 0.0000209 seconds
[2019-12-09T03:47:31.988+0000][1][safepoint    ] Application time: 1.0000746 seconds
[2019-12-09T03:47:31.988+0000][1][safepoint    ] Entering safepoint region: Cleanup
[2019-12-09T03:47:31.988+0000][1][safepoint    ] Leaving safepoint region
[2019-12-09T03:47:31.988+0000][1][safepoint    ] Total time for which application threads were stopped: 0.0000962 seconds, Stopping threads took: 0.0000191 seconds
[2019-12-09T03:47:32.988+0000][1][safepoint    ] Application time: 1.0000768 seconds
[2019-12-09T03:47:32.988+0000][1][safepoint    ] Entering safepoint region: Cleanup
[2019-12-09T03:47:32.988+0000][1][safepoint    ] Leaving safepoint region
[2019-12-09T03:47:32.988+0000][1][safepoint    ] Total time for which application threads were stopped: 0.0000993 seconds, Stopping threads took: 0.0000203 seconds
[2019-12-09T03:47:33.989+0000][1][safepoint    ] Application time: 1.0000897 seconds
[2019-12-09T03:47:33.989+0000][1][safepoint    ] Entering safepoint region: Cleanup
[2019-12-09T03:47:33.989+0000][1][safepoint    ] Leaving safepoint region
[2019-12-09T03:47:33.989+0000][1][safepoint    ] Total time for which application threads were stopped: 0.0001575 seconds, Stopping threads took: 0.0000243 seconds
[2019-12-09T03:47:34.989+0000][1][safepoint    ] Application time: 1.0000790 seconds
[2019-12-09T03:47:34.989+0000][1][safepoint    ] Entering safepoint region: Cleanup
[2019-12-09T03:47:34.989+0000][1][safepoint    ] Leaving safepoint region
[2019-12-09T03:47:34.989+0000][1][safepoint    ] Total time for which application threads were stopped: 0.0001065 seconds, Stopping threads took: 0.0000241 seconds
[2019-12-09T03:47:35.989+0000][1][safepoint    ] Application time: 1.0000762 seconds
[2019-12-09T03:47:35.989+0000][1][safepoint    ] Entering safepoint region: Cleanup
[2019-12-09T03:47:35.989+0000][1][safepoint    ] Leaving safepoint region
[2019-12-09T03:47:35.989+0000][1][safepoint    ] Total time for which application threads were stopped: 0.0001084 seconds, Stopping threads took: 0.0000220 seconds
[2019-12-09T03:47:36.989+0000][1][safepoint    ] Application time: 1.0000782 seconds
[2019-12-09T03:47:36.989+0000][1][safepoint    ] Entering safepoint region: Cleanup
[2019-12-09T03:47:36.989+0000][1][safepoint    ] Leaving safepoint region
[2019-12-09T03:47:36.989+0000][1][safepoint    ] Total time for which application threads were stopped: 0.0000988 seconds, Stopping threads took: 0.0000213 seconds
[2019-12-09T03:47:37.990+0000][1][safepoint    ] Application time: 1.0000768 seconds
[2019-12-09T03:47:37.990+0000][1][safepoint    ] Entering safepoint region: Cleanup
[2019-12-09T03:47:37.990+0000][1][safepoint    ] Leaving safepoint region
[2019-12-09T03:47:37.990+0000][1][safepoint    ] Total time for which application threads were stopped: 0.0001004 seconds, Stopping threads took: 0.0000205 seconds
[2019-12-09T03:47:38.990+0000][1][safepoint    ] Application time: 1.0000759 seconds
[2019-12-09T03:47:38.990+0000][1][safepoint    ] Entering safepoint region: Cleanup
[2019-12-09T03:47:38.990+0000][1][safepoint    ] Leaving safepoint region
[2019-12-09T03:47:38.990+0000][1][safepoint    ] Total time for which application threads were stopped: 0.0000970 seconds, Stopping threads took: 0.0000183 seconds
[2019-12-09T03:47:39.990+0000][1][safepoint    ] Application time: 1.0000760 seconds
[2019-12-09T03:47:39.990+0000][1][safepoint    ] Entering safepoint region: Cleanup
[2019-12-09T03:47:39.990+0000][1][safepoint    ] Leaving safepoint region
[2019-12-09T03:47:39.990+0000][1][safepoint    ] Total time for which application threads were stopped: 0.0000941 seconds, Stopping threads took: 0.0000167 seconds
[2019-12-09T03:47:40.990+0000][1][safepoint    ] Application time: 1.0000805 seconds
[2019-12-09T03:47:40.990+0000][1][safepoint    ] Entering safepoint region: Cleanup
[2019-12-09T03:47:40.990+0000][1][safepoint    ] Leaving safepoint region
[2019-12-09T03:47:40.990+0000][1][safepoint    ] Total time for which application threads were stopped: 0.0001496 seconds, Stopping threads took: 0.0000274 seconds
[2019-12-09T03:47:41.990+0000][1][safepoint    ] Application time: 1.0000768 seconds
[2019-12-09T03:47:41.990+0000][1][safepoint    ] Entering safepoint region: Cleanup
[2019-12-09T03:47:41.991+0000][1][safepoint    ] Leaving safepoint region
[2019-12-09T03:47:41.991+0000][1][safepoint    ] Total time for which application threads were stopped: 0.0000987 seconds, Stopping threads took: 0.0000201 seconds
[2019-12-09T03:47:42.991+0000][1][safepoint    ] Application time: 1.0000755 seconds
[2019-12-09T03:47:42.991+0000][1][safepoint    ] Entering safepoint region: Cleanup
[2019-12-09T03:47:42.991+0000][1][safepoint    ] Leaving safepoint region
[2019-12-09T03:47:42.991+0000][1][safepoint    ] Total time for which application threads were stopped: 0.0001076 seconds, Stopping threads took: 0.0000206 seconds
[2019-12-09T03:47:43.991+0000][1][safepoint    ] Application time: 1.0000794 seconds
[2019-12-09T03:47:43.991+0000][1][safepoint    ] Entering safepoint region: Cleanup
[2019-12-09T03:47:43.991+0000][1][safepoint    ] Leaving safepoint region
[2019-12-09T03:47:43.991+0000][1][safepoint    ] Total time for which application threads were stopped: 0.0001093 seconds, Stopping threads took: 0.0000195 seconds
[2019-12-09T03:47:44.991+0000][1][safepoint    ] Application time: 1.0000857 seconds
[2019-12-09T03:47:44.991+0000][1][safepoint    ] Entering safepoint region: Cleanup
[2019-12-09T03:47:44.991+0000][1][safepoint    ] Leaving safepoint region
[2019-12-09T03:47:44.991+0000][1][safepoint    ] Total time for which application threads were stopped: 0.0001394 seconds, Stopping threads took: 0.0000346 seconds
[2019-12-09T03:47:45.991+0000][1][safepoint    ] Application time: 1.0000864 seconds
[2019-12-09T03:47:45.991+0000][1][safepoint    ] Entering safepoint region: Cleanup
[2019-12-09T03:47:45.992+0000][1][safepoint    ] Leaving safepoint region
[2019-12-09T03:47:45.992+0000][1][safepoint    ] Total time for which application threads were stopped: 0.0000964 seconds, Stopping threads took: 0.0000195 seconds
[2019-12-09T03:47:46.992+0000][1][safepoint    ] Application time: 1.0000794 seconds
[2019-12-09T03:47:46.992+0000][1][safepoint    ] Entering safepoint region: Cleanup
[2019-12-09T03:47:46.992+0000][1][safepoint    ] Leaving safepoint region
[2019-12-09T03:47:46.992+0000][1][safepoint    ] Total time for which application threads were stopped: 0.0001120 seconds, Stopping threads took: 0.0000285 seconds
[2019-12-09T03:47:47.992+0000][1][safepoint    ] Application time: 1.0000771 seconds
[2019-12-09T03:47:47.992+0000][1][safepoint    ] Entering safepoint region: Cleanup
[2019-12-09T03:47:47.992+0000][1][safepoint    ] Leaving safepoint region
[2019-12-09T03:47:47.992+0000][1][safepoint    ] Total time for which application threads were stopped: 0.0000992 seconds, Stopping threads took: 0.0000181 seconds
[2019-12-09T03:47:48.992+0000][1][safepoint    ] Application time: 1.0000784 seconds
[2019-12-09T03:47:48.992+0000][1][safepoint    ] Entering safepoint region: Cleanup
[2019-12-09T03:47:48.992+0000][1][safepoint    ] Leaving safepoint region
[2019-12-09T03:47:48.992+0000][1][safepoint    ] Total time for which application threads were stopped: 0.0000982 seconds, Stopping threads took: 0.0000215 seconds
[2019-12-09T03:47:49.992+0000][1][safepoint    ] Application time: 1.0000766 seconds
[2019-12-09T03:47:49.992+0000][1][safepoint    ] Entering safepoint region: Cleanup
[2019-12-09T03:47:49.992+0000][1][safepoint    ] Leaving safepoint region
[2019-12-09T03:47:49.992+0000][1][safepoint    ] Total time for which application threads were stopped: 0.0000964 seconds, Stopping threads took: 0.0000178 seconds
[2019-12-09T03:47:50.993+0000][1][safepoint    ] Application time: 1.0000811 seconds
[2019-12-09T03:47:50.993+0000][1][safepoint    ] Entering safepoint region: Cleanup
[2019-12-09T03:47:50.993+0000][1][safepoint    ] Leaving safepoint region
[2019-12-09T03:47:50.993+0000][1][safepoint    ] Total time for which application threads were stopped: 0.0001046 seconds, Stopping threads took: 0.0000246 seconds
[2019-12-09T03:47:51.993+0000][1][safepoint    ] Application time: 1.0000777 seconds
[2019-12-09T03:47:51.993+0000][1][safepoint    ] Entering safepoint region: Cleanup
[2019-12-09T03:47:51.993+0000][1][safepoint    ] Leaving safepoint region
[2019-12-09T03:47:51.993+0000][1][safepoint    ] Total time for which application threads were stopped: 0.0000955 seconds, Stopping threads took: 0.0000180 seconds
[2019-12-09T03:47:52.993+0000][1][safepoint    ] Application time: 1.0000761 seconds
[2019-12-09T03:47:52.993+0000][1][safepoint    ] Entering safepoint region: Cleanup
[2019-12-09T03:47:52.993+0000][1][safepoint    ] Leaving safepoint region
[2019-12-09T03:47:52.993+0000][1][safepoint    ] Total time for which application threads were stopped: 0.0001030 seconds, Stopping threads took: 0.0000202 seconds
[2019-12-09T03:47:53.993+0000][1][safepoint    ] Application time: 1.0000771 seconds
[2019-12-09T03:47:53.993+0000][1][safepoint    ] Entering safepoint region: Cleanup
[2019-12-09T03:47:53.993+0000][1][safepoint    ] Leaving safepoint region
[2019-12-09T03:47:53.993+0000][1][safepoint    ] Total time for which application threads were stopped: 0.0000923 seconds, Stopping threads took: 0.0000170 seconds
[2019-12-09T03:47:54.993+0000][1][safepoint    ] Application time: 1.0000780 seconds
[2019-12-09T03:47:54.993+0000][1][safepoint    ] Entering safepoint region: Cleanup
[2019-12-09T03:47:54.994+0000][1][safepoint    ] Leaving safepoint region
[2019-12-09T03:47:54.994+0000][1][safepoint    ] Total time for which application threads were stopped: 0.0001046 seconds, Stopping threads took: 0.0000285 seconds
[2019-12-09T03:47:55.994+0000][1][safepoint    ] Application time: 1.0000937 seconds
[2019-12-09T03:47:55.994+0000][1][safepoint    ] Entering safepoint region: Cleanup
[2019-12-09T03:47:55.994+0000][1][safepoint    ] Leaving safepoint region
[2019-12-09T03:47:55.994+0000][1][safepoint    ] Total time for which application threads were stopped: 0.0001434 seconds, Stopping threads took: 0.0000324 seconds
[2019-12-09T03:47:56.994+0000][1][safepoint    ] Application time: 1.0000774 seconds
[2019-12-09T03:47:56.994+0000][1][safepoint    ] Entering safepoint region: Cleanup
[2019-12-09T03:47:56.994+0000][1][safepoint    ] Leaving safepoint region
[2019-12-09T03:47:56.994+0000][1][safepoint    ] Total time for which application threads were stopped: 0.0000995 seconds, Stopping threads took: 0.0000203 seconds
[2019-12-09T03:47:57.994+0000][1][safepoint    ] Application time: 1.0000752 seconds
[2019-12-09T03:47:57.994+0000][1][safepoint    ] Entering safepoint region: Cleanup
[2019-12-09T03:47:57.994+0000][1][safepoint    ] Leaving safepoint region
[2019-12-09T03:47:57.994+0000][1][safepoint    ] Total time for which application threads were stopped: 0.0000951 seconds, Stopping threads took: 0.0000187 seconds
[2019-12-09T03:47:58.994+0000][1][safepoint    ] Application time: 1.0000750 seconds
[2019-12-09T03:47:58.994+0000][1][safepoint    ] Entering safepoint region: Cleanup
[2019-12-09T03:47:58.994+0000][1][safepoint    ] Leaving safepoint region
[2019-12-09T03:47:58.994+0000][1][safepoint    ] Total time for which application threads were stopped: 0.0000983 seconds, Stopping threads took: 0.0000186 seconds
[2019-12-09T03:47:59.995+0000][1][safepoint    ] Application time: 1.0000797 seconds
[2019-12-09T03:47:59.995+0000][1][safepoint    ] Entering safepoint region: Cleanup
[2019-12-09T03:47:59.995+0000][1][safepoint    ] Leaving safepoint region
[2019-12-09T03:47:59.995+0000][1][safepoint    ] Total time for which application threads were stopped: 0.0001191 seconds, Stopping threads took: 0.0000182 seconds
[2019-12-09T03:48:00.995+0000][1][safepoint    ] Application time: 1.0000829 seconds
[2019-12-09T03:48:00.995+0000][1][safepoint    ] Entering safepoint region: Cleanup
[2019-12-09T03:48:00.995+0000][1][safepoint    ] Leaving safepoint region
[2019-12-09T03:48:00.995+0000][1][safepoint    ] Total time for which application threads were stopped: 0.0001406 seconds, Stopping threads took: 0.0000274 seconds
[2019-12-09T03:48:01.995+0000][1][safepoint    ] Application time: 1.0000795 seconds
[2019-12-09T03:48:01.995+0000][1][safepoint    ] Entering safepoint region: Cleanup
[2019-12-09T03:48:01.995+0000][1][safepoint    ] Leaving safepoint region
[2019-12-09T03:48:01.995+0000][1][safepoint    ] Total time for which application threads were stopped: 0.0000981 seconds, Stopping threads took: 0.0000194 seconds
[2019-12-09T03:48:02.995+0000][1][safepoint    ] Application time: 1.0000779 seconds
[2019-12-09T03:48:02.995+0000][1][safepoint    ] Entering safepoint region: Cleanup
[2019-12-09T03:48:02.995+0000][1][safepoint    ] Leaving safepoint region
[2019-12-09T03:48:02.995+0000][1][safepoint    ] Total time for which application threads were stopped: 0.0001026 seconds, Stopping threads took: 0.0000197 seconds
[2019-12-09T03:48:03.997+0000][1][safepoint    ] Application time: 1.0013865 seconds
[2019-12-09T03:48:03.997+0000][1][safepoint    ] Entering safepoint region: Cleanup
[2019-12-09T03:48:03.997+0000][1][safepoint    ] Leaving safepoint region
[2019-12-09T03:48:03.997+0000][1][safepoint    ] Total time for which application threads were stopped: 0.0001279 seconds, Stopping threads took: 0.0000261 seconds
[2019-12-09T03:48:04.997+0000][1][safepoint    ] Application time: 1.0000758 seconds
[2019-12-09T03:48:04.997+0000][1][safepoint    ] Entering safepoint region: Cleanup
[2019-12-09T03:48:04.997+0000][1][safepoint    ] Leaving safepoint region
[2019-12-09T03:48:04.997+0000][1][safepoint    ] Total time for which application threads were stopped: 0.0001070 seconds, Stopping threads took: 0.0000191 seconds
[2019-12-09T03:48:05.997+0000][1][safepoint    ] Application time: 1.0000856 seconds
[2019-12-09T03:48:05.997+0000][1][safepoint    ] Entering safepoint region: Cleanup
[2019-12-09T03:48:05.998+0000][1][safepoint    ] Leaving safepoint region
[2019-12-09T03:48:05.998+0000][1][safepoint    ] Total time for which application threads were stopped: 0.0001372 seconds, Stopping threads took: 0.0000274 seconds
[2019-12-09T03:48:06.998+0000][1][safepoint    ] Application time: 1.0000797 seconds
[2019-12-09T03:48:06.998+0000][1][safepoint    ] Entering safepoint region: Cleanup
[2019-12-09T03:48:06.998+0000][1][safepoint    ] Leaving safepoint region
[2019-12-09T03:48:06.998+0000][1][safepoint    ] Total time for which application threads were stopped: 0.0001147 seconds, Stopping threads took: 0.0000369 seconds
[2019-12-09T03:48:07.998+0000][1][safepoint    ] Application time: 1.0000759 seconds
[2019-12-09T03:48:07.998+0000][1][safepoint    ] Entering safepoint region: Cleanup
[2019-12-09T03:48:07.998+0000][1][safepoint    ] Leaving safepoint region
[2019-12-09T03:48:07.998+0000][1][safepoint    ] Total time for which application threads were stopped: 0.0001011 seconds, Stopping threads took: 0.0000192 seconds
[2019-12-09T03:48:08.998+0000][1][safepoint    ] Application time: 1.0000765 seconds
[2019-12-09T03:48:08.998+0000][1][safepoint    ] Entering safepoint region: Cleanup
[2019-12-09T03:48:08.998+0000][1][safepoint    ] Leaving safepoint region
[2019-12-09T03:48:08.998+0000][1][safepoint    ] Total time for which application threads were stopped: 0.0001139 seconds, Stopping threads took: 0.0000190 seconds
[2019-12-09T03:48:09.998+0000][1][safepoint    ] Application time: 1.0000840 seconds
[2019-12-09T03:48:09.998+0000][1][safepoint    ] Entering safepoint region: Cleanup
[2019-12-09T03:48:09.999+0000][1][safepoint    ] Leaving safepoint region
[2019-12-09T03:48:09.999+0000][1][safepoint    ] Total time for which application threads were stopped: 0.0001456 seconds, Stopping threads took: 0.0000255 seconds
[2019-12-09T03:48:10.999+0000][1][safepoint    ] Application time: 1.0000928 seconds
[2019-12-09T03:48:10.999+0000][1][safepoint    ] Entering safepoint region: Cleanup
[2019-12-09T03:48:10.999+0000][1][safepoint    ] Leaving safepoint region
[2019-12-09T03:48:10.999+0000][1][safepoint    ] Total time for which application threads were stopped: 0.0001690 seconds, Stopping threads took: 0.0000496 seconds
[2019-12-09T03:48:11.999+0000][1][safepoint    ] Application time: 1.0000768 seconds
[2019-12-09T03:48:11.999+0000][1][safepoint    ] Entering safepoint region: Cleanup
[2019-12-09T03:48:11.999+0000][1][safepoint    ] Leaving safepoint region
[2019-12-09T03:48:11.999+0000][1][safepoint    ] Total time for which application threads were stopped: 0.0000964 seconds, Stopping threads took: 0.0000199 seconds
[2019-12-09T03:48:12.999+0000][1][safepoint    ] Application time: 1.0000728 seconds
[2019-12-09T03:48:12.999+0000][1][safepoint    ] Entering safepoint region: Cleanup
[2019-12-09T03:48:12.999+0000][1][safepoint    ] Leaving safepoint region
[2019-12-09T03:48:12.999+0000][1][safepoint    ] Total time for which application threads were stopped: 0.0001009 seconds, Stopping threads took: 0.0000189 seconds
[2019-12-09T03:48:13.999+0000][1][safepoint    ] Application time: 1.0000815 seconds
[2019-12-09T03:48:13.999+0000][1][safepoint    ] Entering safepoint region: Cleanup
[2019-12-09T03:48:13.999+0000][1][safepoint    ] Leaving safepoint region
[2019-12-09T03:48:14.000+0000][1][safepoint    ] Total time for which application threads were stopped: 0.0000974 seconds, Stopping threads took: 0.0000204 seconds
[2019-12-09T03:48:15.000+0000][1][safepoint    ] Application time: 1.0000622 seconds
[2019-12-09T03:48:15.000+0000][1][safepoint    ] Entering safepoint region: Cleanup
[2019-12-09T03:48:15.000+0000][1][safepoint    ] Leaving safepoint region
[2019-12-09T03:48:15.000+0000][1][safepoint    ] Total time for which application threads were stopped: 0.0001410 seconds, Stopping threads took: 0.0000232 seconds
[2019-12-09T03:48:16.002+0000][1][safepoint    ] Application time: 1.0017973 seconds
[2019-12-09T03:48:16.002+0000][1][safepoint    ] Entering safepoint region: Cleanup
[2019-12-09T03:48:16.002+0000][1][safepoint    ] Leaving safepoint region
[2019-12-09T03:48:16.002+0000][1][safepoint    ] Total time for which application threads were stopped: 0.0001623 seconds, Stopping threads took: 0.0000287 seconds
[2019-12-09T03:48:17.002+0000][1][safepoint    ] Application time: 1.0000838 seconds
[2019-12-09T03:48:17.002+0000][1][safepoint    ] Entering safepoint region: Cleanup
[2019-12-09T03:48:17.002+0000][1][safepoint    ] Leaving safepoint region
[2019-12-09T03:48:17.002+0000][1][safepoint    ] Total time for which application threads were stopped: 0.0000998 seconds, Stopping threads took: 0.0000202 seconds
[2019-12-09T03:48:18.002+0000][1][safepoint    ] Application time: 1.0000750 seconds
[2019-12-09T03:48:18.002+0000][1][safepoint    ] Entering safepoint region: Cleanup
[2019-12-09T03:48:18.002+0000][1][safepoint    ] Leaving safepoint region
[2019-12-09T03:48:18.002+0000][1][safepoint    ] Total time for which application threads were stopped: 0.0000976 seconds, Stopping threads took: 0.0000192 seconds
[2019-12-09T03:48:19.002+0000][1][safepoint    ] Application time: 1.0000764 seconds
[2019-12-09T03:48:19.002+0000][1][safepoint    ] Entering safepoint region: Cleanup
[2019-12-09T03:48:19.002+0000][1][safepoint    ] Leaving safepoint region
[2019-12-09T03:48:19.002+0000][1][safepoint    ] Total time for which application threads were stopped: 0.0001065 seconds, Stopping threads took: 0.0000193 seconds
[2019-12-09T03:48:20.003+0000][1][safepoint    ] Application time: 1.0000770 seconds
[2019-12-09T03:48:20.003+0000][1][safepoint    ] Entering safepoint region: Cleanup
[2019-12-09T03:48:20.003+0000][1][safepoint    ] Leaving safepoint region
[2019-12-09T03:48:20.003+0000][1][safepoint    ] Total time for which application threads were stopped: 0.0000974 seconds, Stopping threads took: 0.0000180 seconds
[2019-12-09T03:48:21.003+0000][1][safepoint    ] Application time: 1.0007500 seconds
[2019-12-09T03:48:21.004+0000][1][safepoint    ] Entering safepoint region: Cleanup
[2019-12-09T03:48:21.004+0000][1][safepoint    ] Leaving safepoint region
[2019-12-09T03:48:21.004+0000][1][safepoint    ] Total time for which application threads were stopped: 0.0001510 seconds, Stopping threads took: 0.0000362 seconds
[2019-12-09T03:48:22.004+0000][1][safepoint    ] Application time: 1.0000782 seconds
[2019-12-09T03:48:22.004+0000][1][safepoint    ] Entering safepoint region: Cleanup
[2019-12-09T03:48:22.004+0000][1][safepoint    ] Leaving safepoint region
[2019-12-09T03:48:22.004+0000][1][safepoint    ] Total time for which application threads were stopped: 0.0001000 seconds, Stopping threads took: 0.0000202 seconds
[2019-12-09T03:48:23.004+0000][1][safepoint    ] Application time: 1.0000771 seconds
[2019-12-09T03:48:23.004+0000][1][safepoint    ] Entering safepoint region: Cleanup
[2019-12-09T03:48:23.004+0000][1][safepoint    ] Leaving safepoint region
[2019-12-09T03:48:23.004+0000][1][safepoint    ] Total time for which application threads were stopped: 0.0000994 seconds, Stopping threads took: 0.0000202 seconds
[2019-12-09T03:48:24.004+0000][1][safepoint    ] Application time: 1.0000813 seconds
[2019-12-09T03:48:24.004+0000][1][safepoint    ] Entering safepoint region: Cleanup
[2019-12-09T03:48:24.004+0000][1][safepoint    ] Leaving safepoint region
[2019-12-09T03:48:24.004+0000][1][safepoint    ] Total time for which application threads were stopped: 0.0000987 seconds, Stopping threads took: 0.0000204 seconds
[2019-12-09T03:48:25.004+0000][1][safepoint    ] Application time: 1.0000798 seconds
[2019-12-09T03:48:25.004+0000][1][safepoint    ] Entering safepoint region: Cleanup
[2019-12-09T03:48:25.005+0000][1][safepoint    ] Leaving safepoint region
[2019-12-09T03:48:25.005+0000][1][safepoint    ] Total time for which application threads were stopped: 0.0001009 seconds, Stopping threads took: 0.0000189 seconds
[2019-12-09T03:48:26.005+0000][1][safepoint    ] Application time: 1.0000786 seconds
[2019-12-09T03:48:26.005+0000][1][safepoint    ] Entering safepoint region: Cleanup
[2019-12-09T03:48:26.005+0000][1][safepoint    ] Leaving safepoint region
[2019-12-09T03:48:26.005+0000][1][safepoint    ] Total time for which application threads were stopped: 0.0001591 seconds, Stopping threads took: 0.0000444 seconds
[2019-12-09T03:48:27.005+0000][1][safepoint    ] Application time: 1.0000816 seconds
[2019-12-09T03:48:27.005+0000][1][safepoint    ] Entering safepoint region: Cleanup
[2019-12-09T03:48:27.005+0000][1][safepoint    ] Leaving safepoint region
[2019-12-09T03:48:27.005+0000][1][safepoint    ] Total time for which application threads were stopped: 0.0000985 seconds, Stopping threads took: 0.0000182 seconds
[2019-12-09T03:48:28.005+0000][1][safepoint    ] Application time: 1.0000798 seconds
[2019-12-09T03:48:28.005+0000][1][safepoint    ] Entering safepoint region: Cleanup
[2019-12-09T03:48:28.005+0000][1][safepoint    ] Leaving safepoint region
[2019-12-09T03:48:28.005+0000][1][safepoint    ] Total time for which application threads were stopped: 0.0000987 seconds, Stopping threads took: 0.0000201 seconds
[2019-12-09T03:48:29.005+0000][1][safepoint    ] Application time: 1.0000789 seconds
[2019-12-09T03:48:29.005+0000][1][safepoint    ] Entering safepoint region: Cleanup
[2019-12-09T03:48:29.005+0000][1][safepoint    ] Leaving safepoint region
[2019-12-09T03:48:29.005+0000][1][safepoint    ] Total time for which application threads were stopped: 0.0000991 seconds, Stopping threads took: 0.0000193 seconds
[2019-12-09T03:48:30.006+0000][1][safepoint    ] Application time: 1.0000835 seconds
[2019-12-09T03:48:30.006+0000][1][safepoint    ] Entering safepoint region: Cleanup
[2019-12-09T03:48:30.006+0000][1][safepoint    ] Leaving safepoint region
[2019-12-09T03:48:30.006+0000][1][safepoint    ] Total time for which application threads were stopped: 0.0001105 seconds, Stopping threads took: 0.0000194 seconds
[2019-12-09T03:48:31.006+0000][1][safepoint    ] Application time: 1.0000791 seconds
[2019-12-09T03:48:31.006+0000][1][safepoint    ] Entering safepoint region: Cleanup
[2019-12-09T03:48:31.006+0000][1][safepoint    ] Leaving safepoint region
[2019-12-09T03:48:31.006+0000][1][safepoint    ] Total time for which application threads were stopped: 0.0001001 seconds, Stopping threads took: 0.0000219 seconds
[2019-12-09T03:48:31.199+0000][1][safepoint    ] Application time: 0.1930554 seconds
[2019-12-09T03:48:31.199+0000][1][safepoint    ] Entering safepoint region: GenCollectForAllocation
[2019-12-09T03:48:31.199+0000][1][gc,start     ] GC(32) Pause Young (Allocation Failure)
[2019-12-09T03:48:31.199+0000][1][gc,task      ] GC(32) Using 2 workers of 2 for evacuation
[2019-12-09T03:48:31.206+0000][1][gc,age       ] GC(32) Desired survivor size 4456448 bytes, new threshold 6 (max threshold 6)
[2019-12-09T03:48:31.206+0000][1][gc,age       ] GC(32) Age table with threshold 6 (max threshold 6)
[2019-12-09T03:48:31.206+0000][1][gc,age       ] GC(32) - age   1:      21568 bytes,      21568 total
[2019-12-09T03:48:31.206+0000][1][gc,age       ] GC(32) - age   2:     115824 bytes,     137392 total
[2019-12-09T03:48:31.206+0000][1][gc,age       ] GC(32) - age   3:      10272 bytes,     147664 total
[2019-12-09T03:48:31.206+0000][1][gc,age       ] GC(32) - age   4:      34184 bytes,     181848 total
[2019-12-09T03:48:31.206+0000][1][gc,age       ] GC(32) - age   5:     278328 bytes,     460176 total
[2019-12-09T03:48:31.206+0000][1][gc,age       ] GC(32) - age   6:     211504 bytes,     671680 total
[2019-12-09T03:48:31.206+0000][1][gc,heap      ] GC(32) ParNew: 72109K->1380K(78656K)
[2019-12-09T03:48:31.206+0000][1][gc,heap      ] GC(32) CMS: 72923K->73654K(174784K)
[2019-12-09T03:48:31.206+0000][1][gc,metaspace ] GC(32) Metaspace: 78282K->78282K(1120256K)
[2019-12-09T03:48:31.206+0000][1][gc           ] GC(32) Pause Young (Allocation Failure) 141M->73M(247M) 6.736ms
[2019-12-09T03:48:31.206+0000][1][gc,cpu       ] GC(32) User=0.01s Sys=0.00s Real=0.01s
[2019-12-09T03:48:31.206+0000][1][safepoint    ] Leaving safepoint region
[2019-12-09T03:48:31.206+0000][1][safepoint    ] Total time for which application threads were stopped: 0.0069531 seconds, Stopping threads took: 0.0000261 seconds
[2019-12-09T03:48:32.206+0000][1][safepoint    ] Application time: 1.0000873 seconds
[2019-12-09T03:48:32.206+0000][1][safepoint    ] Entering safepoint region: Cleanup
[2019-12-09T03:48:32.206+0000][1][safepoint    ] Leaving safepoint region
[2019-12-09T03:48:32.206+0000][1][safepoint    ] Total time for which application threads were stopped: 0.0000954 seconds, Stopping threads took: 0.0000194 seconds
[2019-12-09T03:48:33.206+0000][1][safepoint    ] Application time: 1.0000876 seconds
[2019-12-09T03:48:33.206+0000][1][safepoint    ] Entering safepoint region: Cleanup
[2019-12-09T03:48:33.206+0000][1][safepoint    ] Leaving safepoint region
[2019-12-09T03:48:33.206+0000][1][safepoint    ] Total time for which application threads were stopped: 0.0001002 seconds, Stopping threads took: 0.0000212 seconds
[2019-12-09T03:48:34.207+0000][1][safepoint    ] Application time: 1.0000809 seconds
[2019-12-09T03:48:34.207+0000][1][safepoint    ] Entering safepoint region: Cleanup
[2019-12-09T03:48:34.207+0000][1][safepoint    ] Leaving safepoint region
[2019-12-09T03:48:34.207+0000][1][safepoint    ] Total time for which application threads were stopped: 0.0001183 seconds, Stopping threads took: 0.0000236 seconds
[2019-12-09T03:48:34.470+0000][1][safepoint    ] Application time: 0.2632482 seconds
[2019-12-09T03:48:34.470+0000][1][safepoint    ] Entering safepoint region: RevokeBias
[2019-12-09T03:48:34.470+0000][1][safepoint    ] Leaving safepoint region
[2019-12-09T03:48:34.470+0000][1][safepoint    ] Total time for which application threads were stopped: 0.0001185 seconds, Stopping threads took: 0.0000159 seconds
[2019-12-09T03:48:34.470+0000][1][safepoint    ] Application time: 0.0000555 seconds
[2019-12-09T03:48:34.470+0000][1][safepoint    ] Entering safepoint region: RevokeBias
[2019-12-09T03:48:34.470+0000][1][safepoint    ] Leaving safepoint region
[2019-12-09T03:48:34.470+0000][1][safepoint    ] Total time for which application threads were stopped: 0.0000476 seconds, Stopping threads took: 0.0000066 seconds
[2019-12-09T03:48:35.470+0000][1][safepoint    ] Application time: 1.0000841 seconds
[2019-12-09T03:48:35.470+0000][1][safepoint    ] Entering safepoint region: Cleanup
[2019-12-09T03:48:35.470+0000][1][safepoint    ] Leaving safepoint region
[2019-12-09T03:48:35.470+0000][1][safepoint    ] Total time for which application threads were stopped: 0.0000950 seconds, Stopping threads took: 0.0000178 seconds
[2019-12-09T03:48:36.471+0000][1][safepoint    ] Application time: 1.0000759 seconds
[2019-12-09T03:48:36.471+0000][1][safepoint    ] Entering safepoint region: Cleanup
[2019-12-09T03:48:36.471+0000][1][safepoint    ] Leaving safepoint region
[2019-12-09T03:48:36.471+0000][1][safepoint    ] Total time for which application threads were stopped: 0.0001088 seconds, Stopping threads took: 0.0000181 seconds
[2019-12-09T03:48:37.471+0000][1][safepoint    ] Application time: 1.0000769 seconds
[2019-12-09T03:48:37.471+0000][1][safepoint    ] Entering safepoint region: Cleanup
[2019-12-09T03:48:37.471+0000][1][safepoint    ] Leaving safepoint region
[2019-12-09T03:48:37.471+0000][1][safepoint    ] Total time for which application threads were stopped: 0.0000905 seconds, Stopping threads took: 0.0000163 seconds
[2019-12-09T03:48:38.471+0000][1][safepoint    ] Application time: 1.0000796 seconds
[2019-12-09T03:48:38.471+0000][1][safepoint    ] Entering safepoint region: Cleanup
[2019-12-09T03:48:38.471+0000][1][safepoint    ] Leaving safepoint region
[2019-12-09T03:48:38.471+0000][1][safepoint    ] Total time for which application threads were stopped: 0.0000997 seconds, Stopping threads took: 0.0000187 seconds
[2019-12-09T03:48:39.471+0000][1][safepoint    ] Application time: 1.0000791 seconds
[2019-12-09T03:48:39.471+0000][1][safepoint    ] Entering safepoint region: Cleanup
[2019-12-09T03:48:39.471+0000][1][safepoint    ] Leaving safepoint region
[2019-12-09T03:48:39.471+0000][1][safepoint    ] Total time for which application threads were stopped: 0.0000944 seconds, Stopping threads took: 0.0000184 seconds
[2019-12-09T03:48:40.471+0000][1][safepoint    ] Application time: 1.0000775 seconds
[2019-12-09T03:48:40.471+0000][1][safepoint    ] Entering safepoint region: Cleanup
[2019-12-09T03:48:40.472+0000][1][safepoint    ] Leaving safepoint region
[2019-12-09T03:48:40.472+0000][1][safepoint    ] Total time for which application threads were stopped: 0.0000969 seconds, Stopping threads took: 0.0000183 seconds
[2019-12-09T03:48:41.472+0000][1][safepoint    ] Application time: 1.0000786 seconds
[2019-12-09T03:48:41.472+0000][1][safepoint    ] Entering safepoint region: Cleanup
[2019-12-09T03:48:41.472+0000][1][safepoint    ] Leaving safepoint region
[2019-12-09T03:48:41.472+0000][1][safepoint    ] Total time for which application threads were stopped: 0.0001072 seconds, Stopping threads took: 0.0000232 seconds
[2019-12-09T03:48:42.472+0000][1][safepoint    ] Application time: 1.0000793 seconds
[2019-12-09T03:48:42.472+0000][1][safepoint    ] Entering safepoint region: Cleanup
[2019-12-09T03:48:42.472+0000][1][safepoint    ] Leaving safepoint region
[2019-12-09T03:48:42.472+0000][1][safepoint    ] Total time for which application threads were stopped: 0.0000932 seconds, Stopping threads took: 0.0000168 seconds
[2019-12-09T03:48:43.472+0000][1][safepoint    ] Application time: 1.0000789 seconds
[2019-12-09T03:48:43.472+0000][1][safepoint    ] Entering safepoint region: Cleanup
[2019-12-09T03:48:43.472+0000][1][safepoint    ] Leaving safepoint region
[2019-12-09T03:48:43.472+0000][1][safepoint    ] Total time for which application threads were stopped: 0.0000948 seconds, Stopping threads took: 0.0000186 seconds
[2019-12-09T03:48:44.472+0000][1][safepoint    ] Application time: 1.0000773 seconds
[2019-12-09T03:48:44.472+0000][1][safepoint    ] Entering safepoint region: Cleanup
[2019-12-09T03:48:44.472+0000][1][safepoint    ] Leaving safepoint region
[2019-12-09T03:48:44.472+0000][1][safepoint    ] Total time for which application threads were stopped: 0.0000967 seconds, Stopping threads took: 0.0000185 seconds
[2019-12-09T03:48:45.473+0000][1][safepoint    ] Application time: 1.0000798 seconds
[2019-12-09T03:48:45.473+0000][1][safepoint    ] Entering safepoint region: Cleanup
[2019-12-09T03:48:45.473+0000][1][safepoint    ] Leaving safepoint region
[2019-12-09T03:48:45.473+0000][1][safepoint    ] Total time for which application threads were stopped: 0.0000956 seconds, Stopping threads took: 0.0000193 seconds
[2019-12-09T03:48:46.473+0000][1][safepoint    ] Application time: 1.0000907 seconds
[2019-12-09T03:48:46.473+0000][1][safepoint    ] Entering safepoint region: Cleanup
[2019-12-09T03:48:46.473+0000][1][safepoint    ] Leaving safepoint region
[2019-12-09T03:48:46.473+0000][1][safepoint    ] Total time for which application threads were stopped: 0.0000934 seconds, Stopping threads took: 0.0000178 seconds
[2019-12-09T03:48:47.473+0000][1][safepoint    ] Application time: 1.0000781 seconds
[2019-12-09T03:48:47.473+0000][1][safepoint    ] Entering safepoint region: Cleanup
[2019-12-09T03:48:47.473+0000][1][safepoint    ] Leaving safepoint region
[2019-12-09T03:48:47.473+0000][1][safepoint    ] Total time for which application threads were stopped: 0.0000961 seconds, Stopping threads took: 0.0000185 seconds
[2019-12-09T03:48:48.473+0000][1][safepoint    ] Application time: 1.0000795 seconds
[2019-12-09T03:48:48.473+0000][1][safepoint    ] Entering safepoint region: Cleanup
[2019-12-09T03:48:48.473+0000][1][safepoint    ] Leaving safepoint region
[2019-12-09T03:48:48.473+0000][1][safepoint    ] Total time for which application threads were stopped: 0.0000935 seconds, Stopping threads took: 0.0000173 seconds
[2019-12-09T03:48:49.483+0000][1][safepoint    ] Application time: 1.0093842 seconds
[2019-12-09T03:48:49.483+0000][1][safepoint    ] Entering safepoint region: Cleanup
[2019-12-09T03:48:49.483+0000][1][safepoint    ] Leaving safepoint region
[2019-12-09T03:48:49.483+0000][1][safepoint    ] Total time for which application threads were stopped: 0.0001253 seconds, Stopping threads took: 0.0000251 seconds
[2019-12-09T03:48:50.484+0000][1][safepoint    ] Application time: 1.0008093 seconds
[2019-12-09T03:48:50.484+0000][1][safepoint    ] Entering safepoint region: Cleanup
[2019-12-09T03:48:50.484+0000][1][safepoint    ] Leaving safepoint region
[2019-12-09T03:48:50.484+0000][1][safepoint    ] Total time for which application threads were stopped: 0.0001361 seconds, Stopping threads took: 0.0000353 seconds
[2019-12-09T03:48:51.484+0000][1][safepoint    ] Application time: 1.0000809 seconds
[2019-12-09T03:48:51.484+0000][1][safepoint    ] Entering safepoint region: Cleanup
[2019-12-09T03:48:51.484+0000][1][safepoint    ] Leaving safepoint region
[2019-12-09T03:48:51.484+0000][1][safepoint    ] Total time for which application threads were stopped: 0.0001303 seconds, Stopping threads took: 0.0000255 seconds
[2019-12-09T03:48:52.484+0000][1][safepoint    ] Application time: 1.0000825 seconds
[2019-12-09T03:48:52.484+0000][1][safepoint    ] Entering safepoint region: Cleanup
[2019-12-09T03:48:52.484+0000][1][safepoint    ] Leaving safepoint region
[2019-12-09T03:48:52.484+0000][1][safepoint    ] Total time for which application threads were stopped: 0.0000970 seconds, Stopping threads took: 0.0000223 seconds
[2019-12-09T03:48:53.484+0000][1][safepoint    ] Application time: 1.0000826 seconds
[2019-12-09T03:48:53.485+0000][1][safepoint    ] Entering safepoint region: Cleanup
[2019-12-09T03:48:53.485+0000][1][safepoint    ] Leaving safepoint region
[2019-12-09T03:48:53.485+0000][1][safepoint    ] Total time for which application threads were stopped: 0.0001405 seconds, Stopping threads took: 0.0000254 seconds
[2019-12-09T03:48:54.485+0000][1][safepoint    ] Application time: 1.0000790 seconds
[2019-12-09T03:48:54.485+0000][1][safepoint    ] Entering safepoint region: Cleanup
[2019-12-09T03:48:54.485+0000][1][safepoint    ] Leaving safepoint region
[2019-12-09T03:48:54.485+0000][1][safepoint    ] Total time for which application threads were stopped: 0.0000941 seconds, Stopping threads took: 0.0000187 seconds
[2019-12-09T03:48:55.485+0000][1][safepoint    ] Application time: 1.0000770 seconds
[2019-12-09T03:48:55.485+0000][1][safepoint    ] Entering safepoint region: Cleanup
[2019-12-09T03:48:55.485+0000][1][safepoint    ] Leaving safepoint region
[2019-12-09T03:48:55.485+0000][1][safepoint    ] Total time for which application threads were stopped: 0.0001012 seconds, Stopping threads took: 0.0000182 seconds
[2019-12-09T03:48:56.485+0000][1][safepoint    ] Application time: 1.0000788 seconds
[2019-12-09T03:48:56.485+0000][1][safepoint    ] Entering safepoint region: Cleanup
[2019-12-09T03:48:56.485+0000][1][safepoint    ] Leaving safepoint region
[2019-12-09T03:48:56.485+0000][1][safepoint    ] Total time for which application threads were stopped: 0.0000946 seconds, Stopping threads took: 0.0000192 seconds
[2019-12-09T03:48:57.485+0000][1][safepoint    ] Application time: 1.0000767 seconds
[2019-12-09T03:48:57.485+0000][1][safepoint    ] Entering safepoint region: Cleanup
[2019-12-09T03:48:57.486+0000][1][safepoint    ] Leaving safepoint region
[2019-12-09T03:48:57.486+0000][1][safepoint    ] Total time for which application threads were stopped: 0.0000947 seconds, Stopping threads took: 0.0000178 seconds
[2019-12-09T03:48:58.486+0000][1][safepoint    ] Application time: 1.0000783 seconds
[2019-12-09T03:48:58.486+0000][1][safepoint    ] Entering safepoint region: Cleanup
[2019-12-09T03:48:58.486+0000][1][safepoint    ] Leaving safepoint region
[2019-12-09T03:48:58.486+0000][1][safepoint    ] Total time for which application threads were stopped: 0.0001053 seconds, Stopping threads took: 0.0000190 seconds
[2019-12-09T03:48:59.375+0000][1][safepoint    ] Application time: 0.8892629 seconds
[2019-12-09T03:48:59.375+0000][1][safepoint    ] Entering safepoint region: RevokeBias
[2019-12-09T03:48:59.375+0000][1][safepoint    ] Leaving safepoint region
[2019-12-09T03:48:59.375+0000][1][safepoint    ] Total time for which application threads were stopped: 0.0001402 seconds, Stopping threads took: 0.0000240 seconds
[2019-12-09T03:48:59.375+0000][1][safepoint    ] Application time: 0.0001003 seconds
[2019-12-09T03:48:59.375+0000][1][safepoint    ] Entering safepoint region: RevokeBias
[2019-12-09T03:48:59.375+0000][1][safepoint    ] Leaving safepoint region
[2019-12-09T03:48:59.375+0000][1][safepoint    ] Total time for which application threads were stopped: 0.0000947 seconds, Stopping threads took: 0.0000148 seconds
[2019-12-09T03:48:59.380+0000][1][safepoint    ] Application time: 0.0047856 seconds
[2019-12-09T03:48:59.384+0000][1][safepoint    ] Entering safepoint region: RevokeBias
[2019-12-09T03:48:59.384+0000][1][safepoint    ] Leaving safepoint region
[2019-12-09T03:48:59.385+0000][1][safepoint    ] Total time for which application threads were stopped: 0.0042873 seconds, Stopping threads took: 0.0041995 seconds
[2019-12-09T03:48:59.386+0000][1][safepoint    ] Application time: 0.0014497 seconds
[2019-12-09T03:48:59.386+0000][1][safepoint    ] Entering safepoint region: RevokeBias
[2019-12-09T03:48:59.386+0000][1][safepoint    ] Leaving safepoint region
[2019-12-09T03:48:59.386+0000][1][safepoint    ] Total time for which application threads were stopped: 0.0000933 seconds, Stopping threads took: 0.0000153 seconds
[2019-12-09T03:48:59.386+0000][1][safepoint    ] Application time: 0.0001090 seconds
[2019-12-09T03:48:59.386+0000][1][safepoint    ] Entering safepoint region: RevokeBias
[2019-12-09T03:48:59.386+0000][1][safepoint    ] Leaving safepoint region
[2019-12-09T03:48:59.386+0000][1][safepoint    ] Total time for which application threads were stopped: 0.0000780 seconds, Stopping threads took: 0.0000109 seconds
[2019-12-09T03:48:59.387+0000][1][safepoint    ] Application time: 0.0004917 seconds
[2019-12-09T03:48:59.387+0000][1][safepoint    ] Entering safepoint region: BulkRevokeBias
[2019-12-09T03:48:59.387+0000][1][safepoint    ] Leaving safepoint region
[2019-12-09T03:48:59.387+0000][1][safepoint    ] Total time for which application threads were stopped: 0.0006174 seconds, Stopping threads took: 0.0000148 seconds
[2019-12-09T03:48:59.388+0000][1][safepoint    ] Application time: 0.0001998 seconds
[2019-12-09T03:48:59.388+0000][1][safepoint    ] Entering safepoint region: RevokeBias
[2019-12-09T03:48:59.388+0000][1][safepoint    ] Leaving safepoint region
[2019-12-09T03:48:59.388+0000][1][safepoint    ] Total time for which application threads were stopped: 0.0001030 seconds, Stopping threads took: 0.0000113 seconds
[2019-12-09T03:48:59.396+0000][1][safepoint    ] Application time: 0.0079198 seconds
[2019-12-09T03:48:59.396+0000][1][safepoint    ] Entering safepoint region: RevokeBias
[2019-12-09T03:48:59.396+0000][1][safepoint    ] Leaving safepoint region
[2019-12-09T03:48:59.396+0000][1][safepoint    ] Total time for which application threads were stopped: 0.0000987 seconds, Stopping threads took: 0.0000177 seconds
[2019-12-09T03:48:59.413+0000][1][safepoint    ] Application time: 0.0170478 seconds
[2019-12-09T03:48:59.428+0000][1][safepoint    ] Entering safepoint region: RevokeBias
[2019-12-09T03:48:59.429+0000][1][safepoint    ] Leaving safepoint region
[2019-12-09T03:48:59.429+0000][1][safepoint    ] Total time for which application threads were stopped: 0.0157448 seconds, Stopping threads took: 0.0156145 seconds
[2019-12-09T03:48:59.430+0000][1][safepoint    ] Application time: 0.0015553 seconds
[2019-12-09T03:48:59.430+0000][1][safepoint    ] Entering safepoint region: RevokeBias
[2019-12-09T03:48:59.430+0000][1][safepoint    ] Leaving safepoint region
[2019-12-09T03:48:59.430+0000][1][safepoint    ] Total time for which application threads were stopped: 0.0001032 seconds, Stopping threads took: 0.0000164 seconds
[2019-12-09T03:48:59.442+0000][1][safepoint    ] Application time: 0.0111867 seconds
[2019-12-09T03:48:59.442+0000][1][safepoint    ] Entering safepoint region: RevokeBias
[2019-12-09T03:48:59.442+0000][1][safepoint    ] Leaving safepoint region
[2019-12-09T03:48:59.442+0000][1][safepoint    ] Total time for which application threads were stopped: 0.0001226 seconds, Stopping threads took: 0.0000133 seconds
[2019-12-09T03:48:59.583+0000][1][safepoint    ] Application time: 0.1414825 seconds
[2019-12-09T03:48:59.584+0000][1][safepoint    ] Entering safepoint region: RevokeBias
[2019-12-09T03:48:59.584+0000][1][safepoint    ] Leaving safepoint region
[2019-12-09T03:48:59.584+0000][1][safepoint    ] Total time for which application threads were stopped: 0.0007726 seconds, Stopping threads took: 0.0005433 seconds
[2019-12-09T03:48:59.584+0000][1][safepoint    ] Application time: 0.0001287 seconds
[2019-12-09T03:48:59.584+0000][1][safepoint    ] Entering safepoint region: RevokeBias
[2019-12-09T03:48:59.584+0000][1][safepoint    ] Leaving safepoint region
[2019-12-09T03:48:59.584+0000][1][safepoint    ] Total time for which application threads were stopped: 0.0001610 seconds, Stopping threads took: 0.0000633 seconds
[2019-12-09T03:48:59.586+0000][1][safepoint    ] Application time: 0.0021590 seconds
[2019-12-09T03:48:59.587+0000][1][safepoint    ] Entering safepoint region: RevokeBias
[2019-12-09T03:48:59.587+0000][1][safepoint    ] Leaving safepoint region
[2019-12-09T03:48:59.587+0000][1][safepoint    ] Total time for which application threads were stopped: 0.0003366 seconds, Stopping threads took: 0.0001266 seconds
[2019-12-09T03:48:59.589+0000][1][safepoint    ] Application time: 0.0027026 seconds
[2019-12-09T03:48:59.590+0000][1][safepoint    ] Entering safepoint region: RevokeBias
[2019-12-09T03:48:59.590+0000][1][safepoint    ] Leaving safepoint region
[2019-12-09T03:48:59.590+0000][1][safepoint    ] Total time for which application threads were stopped: 0.0001846 seconds, Stopping threads took: 0.0000148 seconds
[2019-12-09T03:48:59.591+0000][1][safepoint    ] Application time: 0.0014577 seconds
[2019-12-09T03:48:59.591+0000][1][safepoint    ] Entering safepoint region: RevokeBias
[2019-12-09T03:48:59.591+0000][1][safepoint    ] Leaving safepoint region
[2019-12-09T03:48:59.591+0000][1][safepoint    ] Total time for which application threads were stopped: 0.0001024 seconds, Stopping threads took: 0.0000137 seconds
[2019-12-09T03:48:59.592+0000][1][safepoint    ] Application time: 0.0007344 seconds
[2019-12-09T03:48:59.592+0000][1][safepoint    ] Entering safepoint region: RevokeBias
[2019-12-09T03:48:59.592+0000][1][safepoint    ] Leaving safepoint region
[2019-12-09T03:48:59.592+0000][1][safepoint    ] Total time for which application threads were stopped: 0.0001050 seconds, Stopping threads took: 0.0000142 seconds
[2019-12-09T03:48:59.593+0000][1][safepoint    ] Application time: 0.0012805 seconds
[2019-12-09T03:48:59.593+0000][1][safepoint    ] Entering safepoint region: RevokeBias
[2019-12-09T03:48:59.594+0000][1][safepoint    ] Leaving safepoint region
[2019-12-09T03:48:59.594+0000][1][safepoint    ] Total time for which application threads were stopped: 0.0001115 seconds, Stopping threads took: 0.0000146 seconds
[2019-12-09T03:48:59.608+0000][1][safepoint    ] Application time: 0.0140594 seconds
[2019-12-09T03:48:59.608+0000][1][safepoint    ] Entering safepoint region: RevokeBias
[2019-12-09T03:48:59.608+0000][1][safepoint    ] Leaving safepoint region
[2019-12-09T03:48:59.608+0000][1][safepoint    ] Total time for which application threads were stopped: 0.0001172 seconds, Stopping threads took: 0.0000181 seconds
[2019-12-09T03:48:59.611+0000][1][safepoint    ] Application time: 0.0032291 seconds
[2019-12-09T03:48:59.612+0000][1][safepoint    ] Entering safepoint region: RevokeBias
[2019-12-09T03:48:59.612+0000][1][safepoint    ] Leaving safepoint region
[2019-12-09T03:48:59.612+0000][1][safepoint    ] Total time for which application threads were stopped: 0.0006369 seconds, Stopping threads took: 0.0005337 seconds
[2019-12-09T03:48:59.613+0000][1][safepoint    ] Application time: 0.0010241 seconds
[2019-12-09T03:48:59.613+0000][1][safepoint    ] Entering safepoint region: RevokeBias
[2019-12-09T03:48:59.613+0000][1][safepoint    ] Leaving safepoint region
[2019-12-09T03:48:59.613+0000][1][safepoint    ] Total time for which application threads were stopped: 0.0001086 seconds, Stopping threads took: 0.0000146 seconds
[2019-12-09T03:48:59.613+0000][1][safepoint    ] Application time: 0.0000646 seconds
[2019-12-09T03:48:59.613+0000][1][safepoint    ] Entering safepoint region: RevokeBias
[2019-12-09T03:48:59.613+0000][1][safepoint    ] Leaving safepoint region
[2019-12-09T03:48:59.613+0000][1][safepoint    ] Total time for which application threads were stopped: 0.0000792 seconds, Stopping threads took: 0.0000097 seconds
[2019-12-09T03:48:59.614+0000][1][safepoint    ] Application time: 0.0014133 seconds
[2019-12-09T03:48:59.614+0000][1][safepoint    ] Entering safepoint region: RevokeBias
[2019-12-09T03:48:59.615+0000][1][safepoint    ] Leaving safepoint region
[2019-12-09T03:48:59.615+0000][1][safepoint    ] Total time for which application threads were stopped: 0.0001009 seconds, Stopping threads took: 0.0000143 seconds
[2019-12-09T03:48:59.641+0000][1][safepoint    ] Application time: 0.0262643 seconds
[2019-12-09T03:48:59.651+0000][1][safepoint    ] Entering safepoint region: RevokeBias
[2019-12-09T03:48:59.651+0000][1][safepoint    ] Leaving safepoint region
[2019-12-09T03:48:59.651+0000][1][safepoint    ] Total time for which application threads were stopped: 0.0098975 seconds, Stopping threads took: 0.0097443 seconds
[2019-12-09T03:48:59.653+0000][1][safepoint    ] Application time: 0.0026250 seconds
[2019-12-09T03:48:59.654+0000][1][safepoint    ] Entering safepoint region: RevokeBias
[2019-12-09T03:48:59.654+0000][1][safepoint    ] Leaving safepoint region
[2019-12-09T03:48:59.654+0000][1][safepoint    ] Total time for which application threads were stopped: 0.0003566 seconds, Stopping threads took: 0.0002138 seconds
[2019-12-09T03:48:59.660+0000][1][safepoint    ] Application time: 0.0064207 seconds
[2019-12-09T03:48:59.660+0000][1][safepoint    ] Entering safepoint region: RevokeBias
[2019-12-09T03:48:59.660+0000][1][safepoint    ] Leaving safepoint region
[2019-12-09T03:48:59.660+0000][1][safepoint    ] Total time for which application threads were stopped: 0.0001449 seconds, Stopping threads took: 0.0000141 seconds
[2019-12-09T03:48:59.666+0000][1][safepoint    ] Application time: 0.0056078 seconds
[2019-12-09T03:48:59.666+0000][1][safepoint    ] Entering safepoint region: RevokeBias
[2019-12-09T03:48:59.666+0000][1][safepoint    ] Leaving safepoint region
[2019-12-09T03:48:59.666+0000][1][safepoint    ] Total time for which application threads were stopped: 0.0001096 seconds, Stopping threads took: 0.0000137 seconds
[2019-12-09T03:48:59.692+0000][1][safepoint    ] Application time: 0.0259655 seconds
[2019-12-09T03:48:59.692+0000][1][safepoint    ] Entering safepoint region: RevokeBias
[2019-12-09T03:48:59.692+0000][1][safepoint    ] Leaving safepoint region
[2019-12-09T03:48:59.692+0000][1][safepoint    ] Total time for which application threads were stopped: 0.0001427 seconds, Stopping threads took: 0.0000153 seconds
[2019-12-09T03:48:59.694+0000][1][safepoint    ] Application time: 0.0018058 seconds
[2019-12-09T03:48:59.694+0000][1][safepoint    ] Entering safepoint region: RevokeBias
[2019-12-09T03:48:59.695+0000][1][safepoint    ] Leaving safepoint region
[2019-12-09T03:48:59.695+0000][1][safepoint    ] Total time for which application threads were stopped: 0.0011052 seconds, Stopping threads took: 0.0000147 seconds
[2019-12-09T03:48:59.713+0000][1][safepoint    ] Application time: 0.0174743 seconds
[2019-12-09T03:48:59.713+0000][1][safepoint    ] Entering safepoint region: RevokeBias
[2019-12-09T03:48:59.713+0000][1][safepoint    ] Leaving safepoint region
[2019-12-09T03:48:59.713+0000][1][safepoint    ] Total time for which application threads were stopped: 0.0001296 seconds, Stopping threads took: 0.0000144 seconds
[2019-12-09T03:48:59.715+0000][1][safepoint    ] Application time: 0.0021092 seconds
[2019-12-09T03:48:59.715+0000][1][safepoint    ] Entering safepoint region: RevokeBias
[2019-12-09T03:48:59.715+0000][1][safepoint    ] Leaving safepoint region
[2019-12-09T03:48:59.715+0000][1][safepoint    ] Total time for which application threads were stopped: 0.0001059 seconds, Stopping threads took: 0.0000145 seconds
[2019-12-09T03:48:59.738+0000][1][safepoint    ] Application time: 0.0226040 seconds
[2019-12-09T03:48:59.738+0000][1][safepoint    ] Entering safepoint region: RevokeBias
[2019-12-09T03:48:59.738+0000][1][safepoint    ] Leaving safepoint region
[2019-12-09T03:48:59.738+0000][1][safepoint    ] Total time for which application threads were stopped: 0.0001059 seconds, Stopping threads took: 0.0000140 seconds
[2019-12-09T03:48:59.739+0000][1][safepoint    ] Application time: 0.0009034 seconds
[2019-12-09T03:48:59.739+0000][1][safepoint    ] Entering safepoint region: RevokeBias
[2019-12-09T03:48:59.739+0000][1][safepoint    ] Leaving safepoint region
[2019-12-09T03:48:59.739+0000][1][safepoint    ] Total time for which application threads were stopped: 0.0000906 seconds, Stopping threads took: 0.0000139 seconds
[2019-12-09T03:48:59.749+0000][1][safepoint    ] Application time: 0.0099580 seconds
[2019-12-09T03:48:59.749+0000][1][safepoint    ] Entering safepoint region: RevokeBias
[2019-12-09T03:48:59.749+0000][1][safepoint    ] Leaving safepoint region
[2019-12-09T03:48:59.749+0000][1][safepoint    ] Total time for which application threads were stopped: 0.0000925 seconds, Stopping threads took: 0.0000142 seconds
[2019-12-09T03:48:59.749+0000][1][safepoint    ] Application time: 0.0001002 seconds
[2019-12-09T03:48:59.749+0000][1][safepoint    ] Entering safepoint region: RevokeBias
[2019-12-09T03:48:59.749+0000][1][safepoint    ] Leaving safepoint region
[2019-12-09T03:48:59.749+0000][1][safepoint    ] Total time for which application threads were stopped: 0.0000736 seconds, Stopping threads took: 0.0000101 seconds
[2019-12-09T03:48:59.753+0000][1][safepoint    ] Application time: 0.0035493 seconds
[2019-12-09T03:48:59.753+0000][1][safepoint    ] Entering safepoint region: RevokeBias
[2019-12-09T03:48:59.753+0000][1][safepoint    ] Leaving safepoint region
[2019-12-09T03:48:59.753+0000][1][safepoint    ] Total time for which application threads were stopped: 0.0000905 seconds, Stopping threads took: 0.0000144 seconds
[2019-12-09T03:48:59.941+0000][1][safepoint    ] Application time: 0.1883667 seconds
[2019-12-09T03:48:59.941+0000][1][safepoint    ] Entering safepoint region: RevokeBias
[2019-12-09T03:48:59.941+0000][1][safepoint    ] Leaving safepoint region
[2019-12-09T03:48:59.941+0000][1][safepoint    ] Total time for which application threads were stopped: 0.0001661 seconds, Stopping threads took: 0.0000237 seconds
[2019-12-09T03:48:59.942+0000][1][safepoint    ] Application time: 0.0003778 seconds
[2019-12-09T03:48:59.942+0000][1][safepoint    ] Entering safepoint region: RevokeBias
[2019-12-09T03:48:59.942+0000][1][safepoint    ] Leaving safepoint region
[2019-12-09T03:48:59.942+0000][1][safepoint    ] Total time for which application threads were stopped: 0.0001077 seconds, Stopping threads took: 0.0000207 seconds
[2019-12-09T03:48:59.942+0000][1][safepoint    ] Application time: 0.0000590 seconds
[2019-12-09T03:48:59.942+0000][1][safepoint    ] Entering safepoint region: RevokeBias
[2019-12-09T03:48:59.942+0000][1][safepoint    ] Leaving safepoint region
[2019-12-09T03:48:59.942+0000][1][safepoint    ] Total time for which application threads were stopped: 0.0000546 seconds, Stopping threads took: 0.0000076 seconds
[2019-12-09T03:48:59.942+0000][1][safepoint    ] Application time: 0.0000503 seconds
[2019-12-09T03:48:59.942+0000][1][safepoint    ] Entering safepoint region: RevokeBias
[2019-12-09T03:48:59.942+0000][1][safepoint    ] Leaving safepoint region
[2019-12-09T03:48:59.942+0000][1][safepoint    ] Total time for which application threads were stopped: 0.0000815 seconds, Stopping threads took: 0.0000341 seconds
[2019-12-09T03:48:59.942+0000][1][safepoint    ] Application time: 0.0001458 seconds
[2019-12-09T03:48:59.942+0000][1][safepoint    ] Entering safepoint region: RevokeBias
[2019-12-09T03:48:59.942+0000][1][safepoint    ] Leaving safepoint region
[2019-12-09T03:48:59.942+0000][1][safepoint    ] Total time for which application threads were stopped: 0.0000633 seconds, Stopping threads took: 0.0000099 seconds
[2019-12-09T03:48:59.942+0000][1][safepoint    ] Application time: 0.0000487 seconds
[2019-12-09T03:48:59.942+0000][1][safepoint    ] Entering safepoint region: RevokeBias
[2019-12-09T03:48:59.943+0000][1][safepoint    ] Leaving safepoint region
[2019-12-09T03:48:59.943+0000][1][safepoint    ] Total time for which application threads were stopped: 0.0000509 seconds, Stopping threads took: 0.0000076 seconds
[2019-12-09T03:48:59.945+0000][1][safepoint    ] Application time: 0.0021087 seconds
[2019-12-09T03:48:59.945+0000][1][safepoint    ] Entering safepoint region: RevokeBias
[2019-12-09T03:48:59.945+0000][1][safepoint    ] Leaving safepoint region
[2019-12-09T03:48:59.945+0000][1][safepoint    ] Total time for which application threads were stopped: 0.0001194 seconds, Stopping threads took: 0.0000143 seconds
[2019-12-09T03:48:59.947+0000][1][safepoint    ] Application time: 0.0021603 seconds
[2019-12-09T03:48:59.947+0000][1][safepoint    ] Entering safepoint region: RevokeBias
[2019-12-09T03:48:59.947+0000][1][safepoint    ] Leaving safepoint region
[2019-12-09T03:48:59.947+0000][1][safepoint    ] Total time for which application threads were stopped: 0.0000867 seconds, Stopping threads took: 0.0000143 seconds
[2019-12-09T03:48:59.947+0000][1][safepoint    ] Application time: 0.0001017 seconds
[2019-12-09T03:48:59.947+0000][1][safepoint    ] Entering safepoint region: RevokeBias
[2019-12-09T03:48:59.947+0000][1][safepoint    ] Leaving safepoint region
[2019-12-09T03:48:59.947+0000][1][safepoint    ] Total time for which application threads were stopped: 0.0000720 seconds, Stopping threads took: 0.0000111 seconds
[2019-12-09T03:48:59.947+0000][1][safepoint    ] Application time: 0.0001636 seconds
[2019-12-09T03:48:59.947+0000][1][safepoint    ] Entering safepoint region: RevokeBias
[2019-12-09T03:48:59.948+0000][1][safepoint    ] Leaving safepoint region
[2019-12-09T03:48:59.948+0000][1][safepoint    ] Total time for which application threads were stopped: 0.0000815 seconds, Stopping threads took: 0.0000120 seconds
[2019-12-09T03:48:59.948+0000][1][safepoint    ] Application time: 0.0000899 seconds
[2019-12-09T03:48:59.948+0000][1][safepoint    ] Entering safepoint region: RevokeBias
[2019-12-09T03:48:59.948+0000][1][safepoint    ] Leaving safepoint region
[2019-12-09T03:48:59.948+0000][1][safepoint    ] Total time for which application threads were stopped: 0.0000810 seconds, Stopping threads took: 0.0000093 seconds
[2019-12-09T03:48:59.948+0000][1][safepoint    ] Application time: 0.0000858 seconds
[2019-12-09T03:48:59.948+0000][1][safepoint    ] Entering safepoint region: RevokeBias
[2019-12-09T03:48:59.948+0000][1][safepoint    ] Leaving safepoint region
[2019-12-09T03:48:59.948+0000][1][safepoint    ] Total time for which application threads were stopped: 0.0000648 seconds, Stopping threads took: 0.0000106 seconds
[2019-12-09T03:48:59.948+0000][1][safepoint    ] Application time: 0.0000880 seconds
[2019-12-09T03:48:59.948+0000][1][safepoint    ] Entering safepoint region: RevokeBias
[2019-12-09T03:48:59.948+0000][1][safepoint    ] Leaving safepoint region
[2019-12-09T03:48:59.948+0000][1][safepoint    ] Total time for which application threads were stopped: 0.0000620 seconds, Stopping threads took: 0.0000097 seconds
[2019-12-09T03:48:59.951+0000][1][safepoint    ] Application time: 0.0029822 seconds
[2019-12-09T03:48:59.951+0000][1][safepoint    ] Entering safepoint region: RevokeBias
[2019-12-09T03:48:59.951+0000][1][safepoint    ] Leaving safepoint region
[2019-12-09T03:48:59.951+0000][1][safepoint    ] Total time for which application threads were stopped: 0.0000800 seconds, Stopping threads took: 0.0000120 seconds
[2019-12-09T03:48:59.952+0000][1][safepoint    ] Application time: 0.0004075 seconds
[2019-12-09T03:48:59.952+0000][1][safepoint    ] Entering safepoint region: BulkRevokeBias
[2019-12-09T03:48:59.952+0000][1][safepoint    ] Leaving safepoint region
[2019-12-09T03:48:59.952+0000][1][safepoint    ] Total time for which application threads were stopped: 0.0004668 seconds, Stopping threads took: 0.0000133 seconds
[2019-12-09T03:48:59.979+0000][1][safepoint    ] Application time: 0.0273623 seconds
[2019-12-09T03:48:59.979+0000][1][safepoint    ] Entering safepoint region: BulkRevokeBias
[2019-12-09T03:48:59.980+0000][1][safepoint    ] Leaving safepoint region
[2019-12-09T03:48:59.980+0000][1][safepoint    ] Total time for which application threads were stopped: 0.0006295 seconds, Stopping threads took: 0.0000617 seconds
[2019-12-09T03:48:59.987+0000][1][safepoint    ] Application time: 0.0071279 seconds
[2019-12-09T03:48:59.992+0000][1][safepoint    ] Entering safepoint region: RevokeBias
[2019-12-09T03:48:59.992+0000][1][safepoint    ] Leaving safepoint region
[2019-12-09T03:48:59.992+0000][1][safepoint    ] Total time for which application threads were stopped: 0.0051927 seconds, Stopping threads took: 0.0051238 seconds
[2019-12-09T03:48:59.993+0000][1][safepoint    ] Application time: 0.0001321 seconds
[2019-12-09T03:48:59.993+0000][1][safepoint    ] Entering safepoint region: RevokeBias
[2019-12-09T03:48:59.993+0000][1][safepoint    ] Leaving safepoint region
[2019-12-09T03:48:59.993+0000][1][safepoint    ] Total time for which application threads were stopped: 0.0000603 seconds, Stopping threads took: 0.0000100 seconds
[2019-12-09T03:48:59.993+0000][1][safepoint    ] Application time: 0.0005854 seconds
[2019-12-09T03:48:59.993+0000][1][safepoint    ] Entering safepoint region: RevokeBias
[2019-12-09T03:48:59.993+0000][1][safepoint    ] Leaving safepoint region
[2019-12-09T03:48:59.993+0000][1][safepoint    ] Total time for which application threads were stopped: 0.0000805 seconds, Stopping threads took: 0.0000117 seconds
[2019-12-09T03:48:59.998+0000][1][safepoint    ] Application time: 0.0043780 seconds
[2019-12-09T03:48:59.998+0000][1][safepoint    ] Entering safepoint region: RevokeBias
[2019-12-09T03:48:59.998+0000][1][safepoint    ] Leaving safepoint region
[2019-12-09T03:48:59.998+0000][1][safepoint    ] Total time for which application threads were stopped: 0.0000811 seconds, Stopping threads took: 0.0000119 seconds
[2019-12-09T03:48:59.998+0000][1][safepoint    ] Application time: 0.0002488 seconds
[2019-12-09T03:48:59.998+0000][1][safepoint    ] Entering safepoint region: RevokeBias
[2019-12-09T03:48:59.998+0000][1][safepoint    ] Leaving safepoint region
[2019-12-09T03:48:59.998+0000][1][safepoint    ] Total time for which application threads were stopped: 0.0000826 seconds, Stopping threads took: 0.0000093 seconds
[2019-12-09T03:48:59.998+0000][1][safepoint    ] Application time: 0.0000575 seconds
[2019-12-09T03:48:59.998+0000][1][safepoint    ] Entering safepoint region: RevokeBias
[2019-12-09T03:48:59.998+0000][1][safepoint    ] Leaving safepoint region
[2019-12-09T03:48:59.998+0000][1][safepoint    ] Total time for which application threads were stopped: 0.0000735 seconds, Stopping threads took: 0.0000078 seconds
[2019-12-09T03:48:59.998+0000][1][safepoint    ] Application time: 0.0000459 seconds
[2019-12-09T03:48:59.998+0000][1][safepoint    ] Entering safepoint region: RevokeBias
[2019-12-09T03:48:59.998+0000][1][safepoint    ] Leaving safepoint region
[2019-12-09T03:48:59.998+0000][1][safepoint    ] Total time for which application threads were stopped: 0.0000584 seconds, Stopping threads took: 0.0000076 seconds
[2019-12-09T03:48:59.999+0000][1][safepoint    ] Application time: 0.0007551 seconds
[2019-12-09T03:48:59.999+0000][1][safepoint    ] Entering safepoint region: RevokeBias
[2019-12-09T03:48:59.999+0000][1][safepoint    ] Leaving safepoint region
[2019-12-09T03:48:59.999+0000][1][safepoint    ] Total time for which application threads were stopped: 0.0000838 seconds, Stopping threads took: 0.0000125 seconds
[2019-12-09T03:48:59.999+0000][1][safepoint    ] Application time: 0.0000590 seconds
[2019-12-09T03:48:59.999+0000][1][safepoint    ] Entering safepoint region: RevokeBias
[2019-12-09T03:48:59.999+0000][1][safepoint    ] Leaving safepoint region
[2019-12-09T03:48:59.999+0000][1][safepoint    ] Total time for which application threads were stopped: 0.0000684 seconds, Stopping threads took: 0.0000093 seconds
[2019-12-09T03:48:59.999+0000][1][safepoint    ] Application time: 0.0000501 seconds
[2019-12-09T03:48:59.999+0000][1][safepoint    ] Entering safepoint region: RevokeBias
[2019-12-09T03:49:00.000+0000][1][safepoint    ] Leaving safepoint region
[2019-12-09T03:49:00.000+0000][1][safepoint    ] Total time for which application threads were stopped: 0.0000928 seconds, Stopping threads took: 0.0000091 seconds
[2019-12-09T03:49:00.017+0000][1][safepoint    ] Application time: 0.0178665 seconds
[2019-12-09T03:49:00.018+0000][1][safepoint    ] Entering safepoint region: RevokeBias
[2019-12-09T03:49:00.018+0000][1][safepoint    ] Leaving safepoint region
[2019-12-09T03:49:00.018+0000][1][safepoint    ] Total time for which application threads were stopped: 0.0001509 seconds, Stopping threads took: 0.0000201 seconds
[2019-12-09T03:49:00.018+0000][1][safepoint    ] Application time: 0.0001444 seconds
[2019-12-09T03:49:00.018+0000][1][safepoint    ] Entering safepoint region: RevokeBias
[2019-12-09T03:49:00.018+0000][1][safepoint    ] Leaving safepoint region
[2019-12-09T03:49:00.018+0000][1][safepoint    ] Total time for which application threads were stopped: 0.0000848 seconds, Stopping threads took: 0.0000201 seconds
[2019-12-09T03:49:00.018+0000][1][safepoint    ] Application time: 0.0000511 seconds
[2019-12-09T03:49:00.018+0000][1][safepoint    ] Entering safepoint region: RevokeBias
[2019-12-09T03:49:00.018+0000][1][safepoint    ] Leaving safepoint region
[2019-12-09T03:49:00.018+0000][1][safepoint    ] Total time for which application threads were stopped: 0.0000556 seconds, Stopping threads took: 0.0000079 seconds
[2019-12-09T03:49:00.020+0000][1][safepoint    ] Application time: 0.0024255 seconds
[2019-12-09T03:49:00.020+0000][1][safepoint    ] Entering safepoint region: RevokeBias
[2019-12-09T03:49:00.021+0000][1][safepoint    ] Leaving safepoint region
[2019-12-09T03:49:00.021+0000][1][safepoint    ] Total time for which application threads were stopped: 0.0001175 seconds, Stopping threads took: 0.0000164 seconds
[2019-12-09T03:49:00.021+0000][1][safepoint    ] Application time: 0.0003439 seconds
[2019-12-09T03:49:00.021+0000][1][safepoint    ] Entering safepoint region: RevokeBias
[2019-12-09T03:49:00.021+0000][1][safepoint    ] Leaving safepoint region
[2019-12-09T03:49:00.021+0000][1][safepoint    ] Total time for which application threads were stopped: 0.0000806 seconds, Stopping threads took: 0.0000111 seconds
[2019-12-09T03:49:00.021+0000][1][safepoint    ] Application time: 0.0002456 seconds
[2019-12-09T03:49:00.021+0000][1][safepoint    ] Entering safepoint region: RevokeBias
[2019-12-09T03:49:00.021+0000][1][safepoint    ] Leaving safepoint region
[2019-12-09T03:49:00.021+0000][1][safepoint    ] Total time for which application threads were stopped: 0.0000685 seconds, Stopping threads took: 0.0000098 seconds
[2019-12-09T03:49:00.021+0000][1][safepoint    ] Application time: 0.0000672 seconds
[2019-12-09T03:49:00.021+0000][1][safepoint    ] Entering safepoint region: RevokeBias
[2019-12-09T03:49:00.022+0000][1][safepoint    ] Leaving safepoint region
[2019-12-09T03:49:00.022+0000][1][safepoint    ] Total time for which application threads were stopped: 0.0000594 seconds, Stopping threads took: 0.0000078 seconds
[2019-12-09T03:49:00.022+0000][1][safepoint    ] Application time: 0.0000475 seconds
[2019-12-09T03:49:00.022+0000][1][safepoint    ] Entering safepoint region: RevokeBias
[2019-12-09T03:49:00.022+0000][1][safepoint    ] Leaving safepoint region
[2019-12-09T03:49:00.022+0000][1][safepoint    ] Total time for which application threads were stopped: 0.0000575 seconds, Stopping threads took: 0.0000078 seconds
[2019-12-09T03:49:00.022+0000][1][safepoint    ] Application time: 0.0001319 seconds
[2019-12-09T03:49:00.022+0000][1][safepoint    ] Entering safepoint region: RevokeBias
[2019-12-09T03:49:00.022+0000][1][safepoint    ] Leaving safepoint region
[2019-12-09T03:49:00.022+0000][1][safepoint    ] Total time for which application threads were stopped: 0.0000622 seconds, Stopping threads took: 0.0000087 seconds
[2019-12-09T03:49:00.022+0000][1][safepoint    ] Application time: 0.0000571 seconds
[2019-12-09T03:49:00.022+0000][1][safepoint    ] Entering safepoint region: RevokeBias
[2019-12-09T03:49:00.022+0000][1][safepoint    ] Leaving safepoint region
[2019-12-09T03:49:00.022+0000][1][safepoint    ] Total time for which application threads were stopped: 0.0000605 seconds, Stopping threads took: 0.0000078 seconds
[2019-12-09T03:49:00.023+0000][1][safepoint    ] Application time: 0.0007054 seconds
[2019-12-09T03:49:00.023+0000][1][safepoint    ] Entering safepoint region: RevokeBias
[2019-12-09T03:49:00.023+0000][1][safepoint    ] Leaving safepoint region
[2019-12-09T03:49:00.023+0000][1][safepoint    ] Total time for which application threads were stopped: 0.0000764 seconds, Stopping threads took: 0.0000134 seconds
[2019-12-09T03:49:00.026+0000][1][safepoint    ] Application time: 0.0035422 seconds
[2019-12-09T03:49:00.026+0000][1][safepoint    ] Entering safepoint region: RevokeBias
[2019-12-09T03:49:00.026+0000][1][safepoint    ] Leaving safepoint region
[2019-12-09T03:49:00.026+0000][1][safepoint    ] Total time for which application threads were stopped: 0.0000678 seconds, Stopping threads took: 0.0000124 seconds
[2019-12-09T03:49:00.040+0000][1][safepoint    ] Application time: 0.0133556 seconds
[2019-12-09T03:49:00.040+0000][1][safepoint    ] Entering safepoint region: RevokeBias
[2019-12-09T03:49:00.040+0000][1][safepoint    ] Leaving safepoint region
[2019-12-09T03:49:00.040+0000][1][safepoint    ] Total time for which application threads were stopped: 0.0001214 seconds, Stopping threads took: 0.0000249 seconds
[2019-12-09T03:49:00.040+0000][1][safepoint    ] Application time: 0.0000640 seconds
[2019-12-09T03:49:00.040+0000][1][safepoint    ] Entering safepoint region: BulkRevokeBias
[2019-12-09T03:49:00.040+0000][1][safepoint    ] Leaving safepoint region
[2019-12-09T03:49:00.040+0000][1][safepoint    ] Total time for which application threads were stopped: 0.0004063 seconds, Stopping threads took: 0.0000080 seconds
[2019-12-09T03:49:00.041+0000][1][safepoint    ] Application time: 0.0000748 seconds
[2019-12-09T03:49:00.041+0000][1][safepoint    ] Entering safepoint region: RevokeBias
[2019-12-09T03:49:00.041+0000][1][safepoint    ] Leaving safepoint region
[2019-12-09T03:49:00.041+0000][1][safepoint    ] Total time for which application threads were stopped: 0.0000661 seconds, Stopping threads took: 0.0000090 seconds
[2019-12-09T03:49:00.041+0000][1][safepoint    ] Application time: 0.0005468 seconds
[2019-12-09T03:49:00.041+0000][1][safepoint    ] Entering safepoint region: RevokeBias
[2019-12-09T03:49:00.041+0000][1][safepoint    ] Leaving safepoint region
[2019-12-09T03:49:00.041+0000][1][safepoint    ] Total time for which application threads were stopped: 0.0000876 seconds, Stopping threads took: 0.0000121 seconds
[2019-12-09T03:49:00.041+0000][1][safepoint    ] Application time: 0.0001915 seconds
[2019-12-09T03:49:00.041+0000][1][safepoint    ] Entering safepoint region: RevokeBias
[2019-12-09T03:49:00.042+0000][1][safepoint    ] Leaving safepoint region
[2019-12-09T03:49:00.042+0000][1][safepoint    ] Total time for which application threads were stopped: 0.0000724 seconds, Stopping threads took: 0.0000101 seconds
[2019-12-09T03:49:00.042+0000][1][safepoint    ] Application time: 0.0005752 seconds
[2019-12-09T03:49:00.042+0000][1][safepoint    ] Entering safepoint region: RevokeBias
[2019-12-09T03:49:00.042+0000][1][safepoint    ] Leaving safepoint region
[2019-12-09T03:49:00.042+0000][1][safepoint    ] Total time for which application threads were stopped: 0.0000704 seconds, Stopping threads took: 0.0000106 seconds
[2019-12-09T03:49:00.042+0000][1][safepoint    ] Application time: 0.0001491 seconds
[2019-12-09T03:49:00.042+0000][1][safepoint    ] Entering safepoint region: RevokeBias
[2019-12-09T03:49:00.042+0000][1][safepoint    ] Leaving safepoint region
[2019-12-09T03:49:00.042+0000][1][safepoint    ] Total time for which application threads were stopped: 0.0000582 seconds, Stopping threads took: 0.0000084 seconds
[2019-12-09T03:49:00.043+0000][1][safepoint    ] Application time: 0.0002156 seconds
[2019-12-09T03:49:00.043+0000][1][safepoint    ] Entering safepoint region: RevokeBias
[2019-12-09T03:49:00.043+0000][1][safepoint    ] Leaving safepoint region
[2019-12-09T03:49:00.043+0000][1][safepoint    ] Total time for which application threads were stopped: 0.0000734 seconds, Stopping threads took: 0.0000227 seconds
[2019-12-09T03:49:00.044+0000][1][safepoint    ] Application time: 0.0011509 seconds
[2019-12-09T03:49:00.044+0000][1][safepoint    ] Entering safepoint region: RevokeBias
[2019-12-09T03:49:00.044+0000][1][safepoint    ] Leaving safepoint region
[2019-12-09T03:49:00.044+0000][1][safepoint    ] Total time for which application threads were stopped: 0.0000785 seconds, Stopping threads took: 0.0000120 seconds
[2019-12-09T03:49:00.049+0000][1][safepoint    ] Application time: 0.0050897 seconds
[2019-12-09T03:49:00.049+0000][1][safepoint    ] Entering safepoint region: RevokeBias
[2019-12-09T03:49:00.049+0000][1][safepoint    ] Leaving safepoint region
[2019-12-09T03:49:00.049+0000][1][safepoint    ] Total time for which application threads were stopped: 0.0001543 seconds, Stopping threads took: 0.0000721 seconds
[2019-12-09T03:49:00.053+0000][1][safepoint    ] Application time: 0.0040442 seconds
[2019-12-09T03:49:00.053+0000][1][safepoint    ] Entering safepoint region: RevokeBias
[2019-12-09T03:49:00.053+0000][1][safepoint    ] Leaving safepoint region
[2019-12-09T03:49:00.053+0000][1][safepoint    ] Total time for which application threads were stopped: 0.0000769 seconds, Stopping threads took: 0.0000127 seconds
[2019-12-09T03:49:00.054+0000][1][safepoint    ] Application time: 0.0005499 seconds
[2019-12-09T03:49:00.054+0000][1][safepoint    ] Entering safepoint region: RevokeBias
[2019-12-09T03:49:00.054+0000][1][safepoint    ] Leaving safepoint region
[2019-12-09T03:49:00.054+0000][1][safepoint    ] Total time for which application threads were stopped: 0.0000735 seconds, Stopping threads took: 0.0000114 seconds
[2019-12-09T03:49:00.054+0000][1][safepoint    ] Application time: 0.0001178 seconds
[2019-12-09T03:49:00.054+0000][1][safepoint    ] Entering safepoint region: RevokeBias
[2019-12-09T03:49:00.054+0000][1][safepoint    ] Leaving safepoint region
[2019-12-09T03:49:00.054+0000][1][safepoint    ] Total time for which application threads were stopped: 0.0000848 seconds, Stopping threads took: 0.0000088 seconds
[2019-12-09T03:49:00.056+0000][1][safepoint    ] Application time: 0.0013209 seconds
[2019-12-09T03:49:00.056+0000][1][safepoint    ] Entering safepoint region: RevokeBias
[2019-12-09T03:49:00.056+0000][1][safepoint    ] Leaving safepoint region
[2019-12-09T03:49:00.056+0000][1][safepoint    ] Total time for which application threads were stopped: 0.0000904 seconds, Stopping threads took: 0.0000118 seconds
[2019-12-09T03:49:00.061+0000][1][safepoint    ] Application time: 0.0049091 seconds
[2019-12-09T03:49:00.061+0000][1][safepoint    ] Entering safepoint region: RevokeBias
[2019-12-09T03:49:00.061+0000][1][safepoint    ] Leaving safepoint region
[2019-12-09T03:49:00.061+0000][1][safepoint    ] Total time for which application threads were stopped: 0.0000645 seconds, Stopping threads took: 0.0000226 seconds
[2019-12-09T03:49:00.063+0000][1][safepoint    ] Application time: 0.0021445 seconds
[2019-12-09T03:49:00.063+0000][1][safepoint    ] Entering safepoint region: RevokeBias
[2019-12-09T03:49:00.063+0000][1][safepoint    ] Leaving safepoint region
[2019-12-09T03:49:00.063+0000][1][safepoint    ] Total time for which application threads were stopped: 0.0000896 seconds, Stopping threads took: 0.0000518 seconds
[2019-12-09T03:49:00.078+0000][1][gc,heap,exit ] Heap
[2019-12-09T03:49:00.078+0000][1][gc,heap,exit ]  par new generation   total 78656K, used 33109K [0x00000000f0000000, 0x00000000f5550000, 0x00000000f5550000)
[2019-12-09T03:49:00.078+0000][1][gc,heap,exit ]   eden space 69952K,  45% used [0x00000000f0000000, 0x00000000f1efc280, 0x00000000f4450000)
[2019-12-09T03:49:00.078+0000][1][gc,heap,exit ]   from space 8704K,  15% used [0x00000000f4450000, 0x00000000f45a9380, 0x00000000f4cd0000)
[2019-12-09T03:49:00.078+0000][1][gc,heap,exit ]   to   space 8704K,   0% used [0x00000000f4cd0000, 0x00000000f4cd0000, 0x00000000f5550000)
[2019-12-09T03:49:00.078+0000][1][gc,heap,exit ]  concurrent mark-sweep generation total 174784K, used 73654K [0x00000000f5550000, 0x0000000100000000, 0x0000000100000000)
[2019-12-09T03:49:00.078+0000][1][gc,heap,exit ]  Metaspace       used 78605K, capacity 84315K, committed 84384K, reserved 1120256K
[2019-12-09T03:49:00.078+0000][1][gc,heap,exit ]   class space    used 10530K, capacity 12972K, committed 12992K, reserved 1048576K
[2019-12-09T03:49:00.078+0000][1][safepoint    ] Application time: 0.0154727 seconds
[2019-12-09T03:49:00.079+0000][1][safepoint    ] Entering safepoint region: Exit
