[2019-12-09T07:00:11.683+0000][1][gc] Using Concurrent Mark Sweep
[2019-12-09T07:00:11.683+0000][1][gc,heap,coops] Heap address: 0x00000000f0000000, size: 256 MB, Compressed Oops mode: 32-bit
[2019-12-09T07:00:12.029+0000][1][safepoint    ] Entering safepoint region: EnableBiasedLocking
[2019-12-09T07:00:12.029+0000][1][safepoint    ] Leaving safepoint region
[2019-12-09T07:00:12.029+0000][1][safepoint    ] Total time for which application threads were stopped: 0.0463114 seconds, Stopping threads took: 0.0462077 seconds
[2019-12-09T07:00:12.047+0000][1][safepoint    ] Application time: 0.0178587 seconds
[2019-12-09T07:00:12.083+0000][1][safepoint    ] Entering safepoint region: RevokeBias
[2019-12-09T07:00:12.083+0000][1][safepoint    ] Leaving safepoint region
[2019-12-09T07:00:12.083+0000][1][safepoint    ] Total time for which application threads were stopped: 0.0360927 seconds, Stopping threads took: 0.0359710 seconds
[2019-12-09T07:00:12.098+0000][1][safepoint    ] Application time: 0.0142226 seconds
[2019-12-09T07:00:12.098+0000][1][safepoint    ] Entering safepoint region: Deoptimize
[2019-12-09T07:00:12.098+0000][1][safepoint    ] Leaving safepoint region
[2019-12-09T07:00:12.098+0000][1][safepoint    ] Total time for which application threads were stopped: 0.0000591 seconds, Stopping threads took: 0.0000130 seconds
[2019-12-09T07:00:12.906+0000][1][safepoint    ] Application time: 0.8084837 seconds
[2019-12-09T07:00:12.906+0000][1][safepoint    ] Entering safepoint region: Deoptimize
[2019-12-09T07:00:12.906+0000][1][safepoint    ] Leaving safepoint region
[2019-12-09T07:00:12.906+0000][1][safepoint    ] Total time for which application threads were stopped: 0.0001045 seconds, Stopping threads took: 0.0000107 seconds
[2019-12-09T07:00:13.908+0000][1][safepoint    ] Application time: 1.0015725 seconds
[2019-12-09T07:00:13.908+0000][1][safepoint    ] Entering safepoint region: Cleanup
[2019-12-09T07:00:13.908+0000][1][safepoint    ] Leaving safepoint region
[2019-12-09T07:00:13.908+0000][1][safepoint    ] Total time for which application threads were stopped: 0.0000758 seconds, Stopping threads took: 0.0000111 seconds
[2019-12-09T07:00:14.913+0000][1][safepoint    ] Application time: 1.0046257 seconds
[2019-12-09T07:00:14.949+0000][1][safepoint    ] Entering safepoint region: Cleanup
[2019-12-09T07:00:14.949+0000][1][safepoint    ] Leaving safepoint region
[2019-12-09T07:00:14.949+0000][1][safepoint    ] Total time for which application threads were stopped: 0.0358995 seconds, Stopping threads took: 0.0358331 seconds
[2019-12-09T07:00:15.250+0000][1][safepoint    ] Application time: 0.3018013 seconds
[2019-12-09T07:00:15.250+0000][1][safepoint    ] Entering safepoint region: Deoptimize
[2019-12-09T07:00:15.251+0000][1][safepoint    ] Leaving safepoint region
[2019-12-09T07:00:15.251+0000][1][safepoint    ] Total time for which application threads were stopped: 0.0001564 seconds, Stopping threads took: 0.0000109 seconds
[2019-12-09T07:00:15.753+0000][1][safepoint    ] Application time: 0.5022133 seconds
[2019-12-09T07:00:15.753+0000][1][safepoint    ] Entering safepoint region: Deoptimize
[2019-12-09T07:00:15.753+0000][1][safepoint    ] Leaving safepoint region
[2019-12-09T07:00:15.753+0000][1][safepoint    ] Total time for which application threads were stopped: 0.0001677 seconds, Stopping threads took: 0.0000115 seconds
[2019-12-09T07:00:15.842+0000][1][safepoint    ] Application time: 0.0884579 seconds
[2019-12-09T07:00:15.842+0000][1][safepoint    ] Entering safepoint region: Deoptimize
[2019-12-09T07:00:15.842+0000][1][safepoint    ] Leaving safepoint region
[2019-12-09T07:00:15.842+0000][1][safepoint    ] Total time for which application threads were stopped: 0.0001737 seconds, Stopping threads took: 0.0000114 seconds
[2019-12-09T07:00:16.850+0000][1][safepoint    ] Application time: 1.0087287 seconds
[2019-12-09T07:00:16.869+0000][1][safepoint    ] Entering safepoint region: Cleanup
[2019-12-09T07:00:16.869+0000][1][safepoint    ] Leaving safepoint region
[2019-12-09T07:00:16.869+0000][1][safepoint    ] Total time for which application threads were stopped: 0.0183241 seconds, Stopping threads took: 0.0182548 seconds
[2019-12-09T07:00:17.882+0000][1][safepoint    ] Application time: 1.0128402 seconds
[2019-12-09T07:00:17.882+0000][1][safepoint    ] Entering safepoint region: Cleanup
[2019-12-09T07:00:17.882+0000][1][safepoint    ] Leaving safepoint region
[2019-12-09T07:00:17.882+0000][1][safepoint    ] Total time for which application threads were stopped: 0.0001409 seconds, Stopping threads took: 0.0000848 seconds
[2019-12-09T07:00:18.786+0000][1][safepoint    ] Application time: 0.9038459 seconds
[2019-12-09T07:00:18.786+0000][1][safepoint    ] Entering safepoint region: Deoptimize
[2019-12-09T07:00:18.786+0000][1][safepoint    ] Leaving safepoint region
[2019-12-09T07:00:18.786+0000][1][safepoint    ] Total time for which application threads were stopped: 0.0002196 seconds, Stopping threads took: 0.0000108 seconds
[2019-12-09T07:00:19.788+0000][1][safepoint    ] Application time: 1.0017073 seconds
[2019-12-09T07:00:19.788+0000][1][safepoint    ] Entering safepoint region: Cleanup
[2019-12-09T07:00:19.788+0000][1][safepoint    ] Leaving safepoint region
[2019-12-09T07:00:19.788+0000][1][safepoint    ] Total time for which application threads were stopped: 0.0000636 seconds, Stopping threads took: 0.0000246 seconds
[2019-12-09T07:00:20.791+0000][1][safepoint    ] Application time: 1.0028818 seconds
[2019-12-09T07:00:20.791+0000][1][safepoint    ] Entering safepoint region: Cleanup
[2019-12-09T07:00:20.791+0000][1][safepoint    ] Leaving safepoint region
[2019-12-09T07:00:20.791+0000][1][safepoint    ] Total time for which application threads were stopped: 0.0000550 seconds, Stopping threads took: 0.0000133 seconds
[2019-12-09T07:00:21.797+0000][1][safepoint    ] Application time: 1.0058931 seconds
[2019-12-09T07:00:21.852+0000][1][safepoint    ] Entering safepoint region: Cleanup
[2019-12-09T07:00:21.852+0000][1][safepoint    ] Leaving safepoint region
[2019-12-09T07:00:21.852+0000][1][safepoint    ] Total time for which application threads were stopped: 0.0551038 seconds, Stopping threads took: 0.0550248 seconds
[2019-12-09T07:00:22.476+0000][1][safepoint    ] Application time: 0.6245177 seconds
[2019-12-09T07:00:22.476+0000][1][safepoint    ] Entering safepoint region: Deoptimize
[2019-12-09T07:00:22.477+0000][1][safepoint    ] Leaving safepoint region
[2019-12-09T07:00:22.477+0000][1][safepoint    ] Total time for which application threads were stopped: 0.0002497 seconds, Stopping threads took: 0.0000105 seconds
[2019-12-09T07:00:23.406+0000][1][safepoint    ] Application time: 0.9292476 seconds
[2019-12-09T07:00:23.406+0000][1][safepoint    ] Entering safepoint region: Deoptimize
[2019-12-09T07:00:23.406+0000][1][safepoint    ] Leaving safepoint region
[2019-12-09T07:00:23.406+0000][1][safepoint    ] Total time for which application threads were stopped: 0.0003166 seconds, Stopping threads took: 0.0000217 seconds
[2019-12-09T07:00:23.439+0000][1][safepoint    ] Application time: 0.0325784 seconds
[2019-12-09T07:00:23.439+0000][1][safepoint    ] Entering safepoint region: Deoptimize
[2019-12-09T07:00:23.439+0000][1][safepoint    ] Leaving safepoint region
[2019-12-09T07:00:23.439+0000][1][safepoint    ] Total time for which application threads were stopped: 0.0002465 seconds, Stopping threads took: 0.0000118 seconds
[2019-12-09T07:00:23.661+0000][1][safepoint    ] Application time: 0.2221927 seconds
[2019-12-09T07:00:23.661+0000][1][safepoint    ] Entering safepoint region: Deoptimize
[2019-12-09T07:00:23.662+0000][1][safepoint    ] Leaving safepoint region
[2019-12-09T07:00:23.662+0000][1][safepoint    ] Total time for which application threads were stopped: 0.0002907 seconds, Stopping threads took: 0.0000124 seconds
[2019-12-09T07:00:23.765+0000][1][safepoint    ] Application time: 0.1029614 seconds
[2019-12-09T07:00:23.765+0000][1][safepoint    ] Entering safepoint region: RevokeBias
[2019-12-09T07:00:23.765+0000][1][safepoint    ] Leaving safepoint region
[2019-12-09T07:00:23.765+0000][1][safepoint    ] Total time for which application threads were stopped: 0.0002912 seconds, Stopping threads took: 0.0002091 seconds
[2019-12-09T07:00:23.765+0000][1][safepoint    ] Application time: 0.0002352 seconds
[2019-12-09T07:00:23.765+0000][1][safepoint    ] Entering safepoint region: RevokeBias
[2019-12-09T07:00:23.765+0000][1][safepoint    ] Leaving safepoint region
[2019-12-09T07:00:23.765+0000][1][safepoint    ] Total time for which application threads were stopped: 0.0000476 seconds, Stopping threads took: 0.0000087 seconds
[2019-12-09T07:00:23.765+0000][1][safepoint    ] Application time: 0.0000518 seconds
[2019-12-09T07:00:23.765+0000][1][safepoint    ] Entering safepoint region: RevokeBias
[2019-12-09T07:00:23.765+0000][1][safepoint    ] Leaving safepoint region
[2019-12-09T07:00:23.765+0000][1][safepoint    ] Total time for which application threads were stopped: 0.0000376 seconds, Stopping threads took: 0.0000068 seconds
[2019-12-09T07:00:23.765+0000][1][safepoint    ] Application time: 0.0000733 seconds
[2019-12-09T07:00:23.765+0000][1][safepoint    ] Entering safepoint region: RevokeBias
[2019-12-09T07:00:23.765+0000][1][safepoint    ] Leaving safepoint region
[2019-12-09T07:00:23.765+0000][1][safepoint    ] Total time for which application threads were stopped: 0.0000373 seconds, Stopping threads took: 0.0000071 seconds
[2019-12-09T07:00:23.766+0000][1][safepoint    ] Application time: 0.0001512 seconds
[2019-12-09T07:00:23.766+0000][1][safepoint    ] Entering safepoint region: RevokeBias
[2019-12-09T07:00:23.766+0000][1][safepoint    ] Leaving safepoint region
[2019-12-09T07:00:23.766+0000][1][safepoint    ] Total time for which application threads were stopped: 0.0000634 seconds, Stopping threads took: 0.0000078 seconds
[2019-12-09T07:00:23.807+0000][1][safepoint    ] Application time: 0.0412091 seconds
[2019-12-09T07:00:23.807+0000][1][safepoint    ] Entering safepoint region: Deoptimize
[2019-12-09T07:00:23.807+0000][1][safepoint    ] Leaving safepoint region
[2019-12-09T07:00:23.807+0000][1][safepoint    ] Total time for which application threads were stopped: 0.0002603 seconds, Stopping threads took: 0.0000118 seconds
[2019-12-09T07:00:24.817+0000][1][safepoint    ] Application time: 1.0094838 seconds
[2019-12-09T07:00:24.817+0000][1][safepoint    ] Entering safepoint region: Cleanup
[2019-12-09T07:00:24.817+0000][1][safepoint    ] Leaving safepoint region
[2019-12-09T07:00:24.817+0000][1][safepoint    ] Total time for which application threads were stopped: 0.0000940 seconds, Stopping threads took: 0.0000450 seconds
[2019-12-09T07:00:25.728+0000][1][safepoint    ] Application time: 0.9115045 seconds
[2019-12-09T07:00:25.728+0000][1][safepoint    ] Entering safepoint region: GenCollectForAllocation
[2019-12-09T07:00:25.729+0000][1][gc,start     ] GC(0) Pause Young (Allocation Failure)
[2019-12-09T07:00:25.729+0000][1][gc,task      ] GC(0) Using 2 workers of 2 for evacuation
[2019-12-09T07:00:25.878+0000][1][gc,age       ] GC(0) Desired survivor size 4456448 bytes, new threshold 1 (max threshold 6)
[2019-12-09T07:00:25.878+0000][1][gc,age       ] GC(0) Age table with threshold 1 (max threshold 6)
[2019-12-09T07:00:25.878+0000][1][gc,age       ] GC(0) - age   1:    6729632 bytes,    6729632 total
[2019-12-09T07:00:25.878+0000][1][gc,heap      ] GC(0) ParNew: 69952K->6619K(78656K)
[2019-12-09T07:00:25.878+0000][1][gc,heap      ] GC(0) CMS: 0K->0K(174784K)
[2019-12-09T07:00:25.878+0000][1][gc,metaspace ] GC(0) Metaspace: 12953K->12953K(1060864K)
[2019-12-09T07:00:25.878+0000][1][gc           ] GC(0) Pause Young (Allocation Failure) 68M->6M(247M) 149.674ms
[2019-12-09T07:00:25.878+0000][1][gc,cpu       ] GC(0) User=0.02s Sys=0.00s Real=0.15s
[2019-12-09T07:00:25.878+0000][1][safepoint    ] Leaving safepoint region
[2019-12-09T07:00:25.878+0000][1][safepoint    ] Total time for which application threads were stopped: 0.1498234 seconds, Stopping threads took: 0.0000131 seconds
[2019-12-09T07:00:25.886+0000][1][safepoint    ] Application time: 0.0080687 seconds
[2019-12-09T07:00:25.886+0000][1][safepoint    ] Entering safepoint region: RevokeBias
[2019-12-09T07:00:25.886+0000][1][safepoint    ] Leaving safepoint region
[2019-12-09T07:00:25.886+0000][1][safepoint    ] Total time for which application threads were stopped: 0.0000737 seconds, Stopping threads took: 0.0000217 seconds
[2019-12-09T07:00:25.887+0000][1][safepoint    ] Application time: 0.0001054 seconds
[2019-12-09T07:00:25.887+0000][1][safepoint    ] Entering safepoint region: RevokeBias
[2019-12-09T07:00:25.887+0000][1][safepoint    ] Leaving safepoint region
[2019-12-09T07:00:25.887+0000][1][safepoint    ] Total time for which application threads were stopped: 0.0000336 seconds, Stopping threads took: 0.0000077 seconds
[2019-12-09T07:00:25.887+0000][1][safepoint    ] Application time: 0.0000536 seconds
[2019-12-09T07:00:25.887+0000][1][safepoint    ] Entering safepoint region: RevokeBias
[2019-12-09T07:00:25.887+0000][1][safepoint    ] Leaving safepoint region
[2019-12-09T07:00:25.887+0000][1][safepoint    ] Total time for which application threads were stopped: 0.0000268 seconds, Stopping threads took: 0.0000071 seconds
[2019-12-09T07:00:25.887+0000][1][safepoint    ] Application time: 0.0000612 seconds
[2019-12-09T07:00:25.887+0000][1][safepoint    ] Entering safepoint region: RevokeBias
[2019-12-09T07:00:25.887+0000][1][safepoint    ] Leaving safepoint region
[2019-12-09T07:00:25.887+0000][1][safepoint    ] Total time for which application threads were stopped: 0.0000277 seconds, Stopping threads took: 0.0000074 seconds
[2019-12-09T07:00:25.887+0000][1][safepoint    ] Application time: 0.0000493 seconds
[2019-12-09T07:00:25.887+0000][1][safepoint    ] Entering safepoint region: RevokeBias
[2019-12-09T07:00:25.887+0000][1][safepoint    ] Leaving safepoint region
[2019-12-09T07:00:25.887+0000][1][safepoint    ] Total time for which application threads were stopped: 0.0000263 seconds, Stopping threads took: 0.0000070 seconds
[2019-12-09T07:00:25.887+0000][1][safepoint    ] Application time: 0.0000436 seconds
[2019-12-09T07:00:25.887+0000][1][safepoint    ] Entering safepoint region: RevokeBias
[2019-12-09T07:00:25.887+0000][1][safepoint    ] Leaving safepoint region
[2019-12-09T07:00:25.887+0000][1][safepoint    ] Total time for which application threads were stopped: 0.0000257 seconds, Stopping threads took: 0.0000072 seconds
[2019-12-09T07:00:25.887+0000][1][safepoint    ] Application time: 0.0000473 seconds
[2019-12-09T07:00:25.887+0000][1][safepoint    ] Entering safepoint region: RevokeBias
[2019-12-09T07:00:25.887+0000][1][safepoint    ] Leaving safepoint region
[2019-12-09T07:00:25.887+0000][1][safepoint    ] Total time for which application threads were stopped: 0.0000258 seconds, Stopping threads took: 0.0000071 seconds
[2019-12-09T07:00:25.887+0000][1][safepoint    ] Application time: 0.0000434 seconds
[2019-12-09T07:00:25.887+0000][1][safepoint    ] Entering safepoint region: RevokeBias
[2019-12-09T07:00:25.887+0000][1][safepoint    ] Leaving safepoint region
[2019-12-09T07:00:25.887+0000][1][safepoint    ] Total time for which application threads were stopped: 0.0000253 seconds, Stopping threads took: 0.0000071 seconds
[2019-12-09T07:00:25.887+0000][1][safepoint    ] Application time: 0.0000463 seconds
[2019-12-09T07:00:25.887+0000][1][safepoint    ] Entering safepoint region: RevokeBias
[2019-12-09T07:00:25.887+0000][1][safepoint    ] Leaving safepoint region
[2019-12-09T07:00:25.887+0000][1][safepoint    ] Total time for which application threads were stopped: 0.0000258 seconds, Stopping threads took: 0.0000071 seconds
[2019-12-09T07:00:25.887+0000][1][safepoint    ] Application time: 0.0000433 seconds
[2019-12-09T07:00:25.887+0000][1][safepoint    ] Entering safepoint region: RevokeBias
[2019-12-09T07:00:25.887+0000][1][safepoint    ] Leaving safepoint region
[2019-12-09T07:00:25.887+0000][1][safepoint    ] Total time for which application threads were stopped: 0.0000253 seconds, Stopping threads took: 0.0000071 seconds
[2019-12-09T07:00:25.887+0000][1][safepoint    ] Application time: 0.0000475 seconds
[2019-12-09T07:00:25.887+0000][1][safepoint    ] Entering safepoint region: RevokeBias
[2019-12-09T07:00:25.887+0000][1][safepoint    ] Leaving safepoint region
[2019-12-09T07:00:25.887+0000][1][safepoint    ] Total time for which application threads were stopped: 0.0000347 seconds, Stopping threads took: 0.0000128 seconds
[2019-12-09T07:00:25.887+0000][1][safepoint    ] Application time: 0.0000456 seconds
[2019-12-09T07:00:25.887+0000][1][safepoint    ] Entering safepoint region: RevokeBias
[2019-12-09T07:00:25.887+0000][1][safepoint    ] Leaving safepoint region
[2019-12-09T07:00:25.887+0000][1][safepoint    ] Total time for which application threads were stopped: 0.0000271 seconds, Stopping threads took: 0.0000076 seconds
[2019-12-09T07:00:25.888+0000][1][safepoint    ] Application time: 0.0000503 seconds
[2019-12-09T07:00:25.888+0000][1][safepoint    ] Entering safepoint region: RevokeBias
[2019-12-09T07:00:25.888+0000][1][safepoint    ] Leaving safepoint region
[2019-12-09T07:00:25.888+0000][1][safepoint    ] Total time for which application threads were stopped: 0.0000277 seconds, Stopping threads took: 0.0000069 seconds
[2019-12-09T07:00:25.890+0000][1][safepoint    ] Application time: 0.0021323 seconds
[2019-12-09T07:00:25.890+0000][1][safepoint    ] Entering safepoint region: RevokeBias
[2019-12-09T07:00:25.890+0000][1][safepoint    ] Leaving safepoint region
[2019-12-09T07:00:25.890+0000][1][safepoint    ] Total time for which application threads were stopped: 0.0003165 seconds, Stopping threads took: 0.0002814 seconds
[2019-12-09T07:00:25.890+0000][1][safepoint    ] Application time: 0.0000657 seconds
[2019-12-09T07:00:25.890+0000][1][safepoint    ] Entering safepoint region: RevokeBias
[2019-12-09T07:00:25.890+0000][1][safepoint    ] Leaving safepoint region
[2019-12-09T07:00:25.890+0000][1][safepoint    ] Total time for which application threads were stopped: 0.0000299 seconds, Stopping threads took: 0.0000077 seconds
[2019-12-09T07:00:25.890+0000][1][safepoint    ] Application time: 0.0000450 seconds
[2019-12-09T07:00:25.890+0000][1][safepoint    ] Entering safepoint region: RevokeBias
[2019-12-09T07:00:25.890+0000][1][safepoint    ] Leaving safepoint region
[2019-12-09T07:00:25.890+0000][1][safepoint    ] Total time for which application threads were stopped: 0.0000259 seconds, Stopping threads took: 0.0000069 seconds
[2019-12-09T07:00:25.890+0000][1][safepoint    ] Application time: 0.0000534 seconds
[2019-12-09T07:00:25.890+0000][1][safepoint    ] Entering safepoint region: RevokeBias
[2019-12-09T07:00:25.890+0000][1][safepoint    ] Leaving safepoint region
[2019-12-09T07:00:25.890+0000][1][safepoint    ] Total time for which application threads were stopped: 0.0000272 seconds, Stopping threads took: 0.0000072 seconds
[2019-12-09T07:00:25.890+0000][1][safepoint    ] Application time: 0.0000444 seconds
[2019-12-09T07:00:25.890+0000][1][safepoint    ] Entering safepoint region: RevokeBias
[2019-12-09T07:00:25.890+0000][1][safepoint    ] Leaving safepoint region
[2019-12-09T07:00:25.890+0000][1][safepoint    ] Total time for which application threads were stopped: 0.0000259 seconds, Stopping threads took: 0.0000070 seconds
[2019-12-09T07:00:25.890+0000][1][safepoint    ] Application time: 0.0000704 seconds
[2019-12-09T07:00:25.891+0000][1][safepoint    ] Entering safepoint region: RevokeBias
[2019-12-09T07:00:25.891+0000][1][safepoint    ] Leaving safepoint region
[2019-12-09T07:00:25.891+0000][1][safepoint    ] Total time for which application threads were stopped: 0.0000265 seconds, Stopping threads took: 0.0000072 seconds
[2019-12-09T07:00:25.891+0000][1][safepoint    ] Application time: 0.0000439 seconds
[2019-12-09T07:00:25.891+0000][1][safepoint    ] Entering safepoint region: RevokeBias
[2019-12-09T07:00:25.891+0000][1][safepoint    ] Leaving safepoint region
[2019-12-09T07:00:25.891+0000][1][safepoint    ] Total time for which application threads were stopped: 0.0000257 seconds, Stopping threads took: 0.0000071 seconds
[2019-12-09T07:00:25.891+0000][1][safepoint    ] Application time: 0.0000462 seconds
[2019-12-09T07:00:25.891+0000][1][safepoint    ] Entering safepoint region: RevokeBias
[2019-12-09T07:00:25.891+0000][1][safepoint    ] Leaving safepoint region
[2019-12-09T07:00:25.891+0000][1][safepoint    ] Total time for which application threads were stopped: 0.0000479 seconds, Stopping threads took: 0.0000278 seconds
[2019-12-09T07:00:25.891+0000][1][safepoint    ] Application time: 0.0000440 seconds
[2019-12-09T07:00:25.891+0000][1][safepoint    ] Entering safepoint region: RevokeBias
[2019-12-09T07:00:25.891+0000][1][safepoint    ] Leaving safepoint region
[2019-12-09T07:00:25.891+0000][1][safepoint    ] Total time for which application threads were stopped: 0.0000245 seconds, Stopping threads took: 0.0000064 seconds
[2019-12-09T07:00:25.891+0000][1][safepoint    ] Application time: 0.0000498 seconds
[2019-12-09T07:00:25.891+0000][1][safepoint    ] Entering safepoint region: RevokeBias
[2019-12-09T07:00:25.891+0000][1][safepoint    ] Leaving safepoint region
[2019-12-09T07:00:25.891+0000][1][safepoint    ] Total time for which application threads were stopped: 0.0000270 seconds, Stopping threads took: 0.0000069 seconds
[2019-12-09T07:00:25.891+0000][1][safepoint    ] Application time: 0.0000445 seconds
[2019-12-09T07:00:25.891+0000][1][safepoint    ] Entering safepoint region: RevokeBias
[2019-12-09T07:00:25.891+0000][1][safepoint    ] Leaving safepoint region
[2019-12-09T07:00:25.891+0000][1][safepoint    ] Total time for which application threads were stopped: 0.0000258 seconds, Stopping threads took: 0.0000069 seconds
[2019-12-09T07:00:25.891+0000][1][safepoint    ] Application time: 0.0000688 seconds
[2019-12-09T07:00:25.891+0000][1][safepoint    ] Entering safepoint region: RevokeBias
[2019-12-09T07:00:25.891+0000][1][safepoint    ] Leaving safepoint region
[2019-12-09T07:00:25.891+0000][1][safepoint    ] Total time for which application threads were stopped: 0.0000274 seconds, Stopping threads took: 0.0000070 seconds
[2019-12-09T07:00:25.891+0000][1][safepoint    ] Application time: 0.0000449 seconds
[2019-12-09T07:00:25.891+0000][1][safepoint    ] Entering safepoint region: RevokeBias
[2019-12-09T07:00:25.891+0000][1][safepoint    ] Leaving safepoint region
[2019-12-09T07:00:25.891+0000][1][safepoint    ] Total time for which application threads were stopped: 0.0000264 seconds, Stopping threads took: 0.0000071 seconds
[2019-12-09T07:00:25.892+0000][1][safepoint    ] Application time: 0.0003307 seconds
[2019-12-09T07:00:25.892+0000][1][safepoint    ] Entering safepoint region: RevokeBias
[2019-12-09T07:00:25.892+0000][1][safepoint    ] Leaving safepoint region
[2019-12-09T07:00:25.892+0000][1][safepoint    ] Total time for which application threads were stopped: 0.0000383 seconds, Stopping threads took: 0.0000090 seconds
[2019-12-09T07:00:25.892+0000][1][safepoint    ] Application time: 0.0000535 seconds
[2019-12-09T07:00:25.892+0000][1][safepoint    ] Entering safepoint region: RevokeBias
[2019-12-09T07:00:25.892+0000][1][safepoint    ] Leaving safepoint region
[2019-12-09T07:00:25.892+0000][1][safepoint    ] Total time for which application threads were stopped: 0.0000298 seconds, Stopping threads took: 0.0000082 seconds
[2019-12-09T07:00:25.892+0000][1][safepoint    ] Application time: 0.0000643 seconds
[2019-12-09T07:00:25.892+0000][1][safepoint    ] Entering safepoint region: RevokeBias
[2019-12-09T07:00:25.892+0000][1][safepoint    ] Leaving safepoint region
[2019-12-09T07:00:25.892+0000][1][safepoint    ] Total time for which application threads were stopped: 0.0000302 seconds, Stopping threads took: 0.0000076 seconds
[2019-12-09T07:00:25.892+0000][1][safepoint    ] Application time: 0.0000512 seconds
[2019-12-09T07:00:25.892+0000][1][safepoint    ] Entering safepoint region: RevokeBias
[2019-12-09T07:00:25.892+0000][1][safepoint    ] Leaving safepoint region
[2019-12-09T07:00:25.892+0000][1][safepoint    ] Total time for which application threads were stopped: 0.0000304 seconds, Stopping threads took: 0.0000080 seconds
[2019-12-09T07:00:26.957+0000][1][safepoint    ] Application time: 1.0646899 seconds
[2019-12-09T07:00:26.957+0000][1][safepoint    ] Entering safepoint region: Deoptimize
[2019-12-09T07:00:26.957+0000][1][safepoint    ] Leaving safepoint region
[2019-12-09T07:00:26.957+0000][1][safepoint    ] Total time for which application threads were stopped: 0.0005375 seconds, Stopping threads took: 0.0000222 seconds
[2019-12-09T07:00:27.971+0000][1][safepoint    ] Application time: 1.0135341 seconds
[2019-12-09T07:00:27.993+0000][1][safepoint    ] Entering safepoint region: Cleanup
[2019-12-09T07:00:27.993+0000][1][safepoint    ] Leaving safepoint region
[2019-12-09T07:00:27.993+0000][1][safepoint    ] Total time for which application threads were stopped: 0.0221247 seconds, Stopping threads took: 0.0220395 seconds
[2019-12-09T07:00:28.457+0000][1][safepoint    ] Application time: 0.4636880 seconds
[2019-12-09T07:00:28.457+0000][1][safepoint    ] Entering safepoint region: RevokeBias
[2019-12-09T07:00:28.457+0000][1][safepoint    ] Leaving safepoint region
[2019-12-09T07:00:28.457+0000][1][safepoint    ] Total time for which application threads were stopped: 0.0001380 seconds, Stopping threads took: 0.0000592 seconds
[2019-12-09T07:00:29.460+0000][1][safepoint    ] Application time: 1.0029686 seconds
[2019-12-09T07:00:29.469+0000][1][safepoint    ] Entering safepoint region: Cleanup
[2019-12-09T07:00:29.469+0000][1][safepoint    ] Leaving safepoint region
[2019-12-09T07:00:29.469+0000][1][safepoint    ] Total time for which application threads were stopped: 0.0094022 seconds, Stopping threads took: 0.0093456 seconds
[2019-12-09T07:00:29.772+0000][1][safepoint    ] Application time: 0.3025244 seconds
[2019-12-09T07:00:29.795+0000][1][safepoint    ] Entering safepoint region: GenCollectForAllocation
[2019-12-09T07:00:29.795+0000][1][gc,start     ] GC(1) Pause Young (Allocation Failure)
[2019-12-09T07:00:29.795+0000][1][gc,task      ] GC(1) Using 2 workers of 2 for evacuation
[2019-12-09T07:00:30.051+0000][1][gc,age       ] GC(1) Desired survivor size 4456448 bytes, new threshold 6 (max threshold 6)
[2019-12-09T07:00:30.051+0000][1][gc,age       ] GC(1) Age table with threshold 6 (max threshold 6)
[2019-12-09T07:00:30.051+0000][1][gc,age       ] GC(1) - age   1:    1221864 bytes,    1221864 total
[2019-12-09T07:00:30.051+0000][1][gc,heap      ] GC(1) ParNew: 76571K->4316K(78656K)
[2019-12-09T07:00:30.051+0000][1][gc,heap      ] GC(1) CMS: 0K->7060K(174784K)
[2019-12-09T07:00:30.051+0000][1][gc,metaspace ] GC(1) Metaspace: 14927K->14927K(1062912K)
[2019-12-09T07:00:30.051+0000][1][gc           ] GC(1) Pause Young (Allocation Failure) 74M->11M(247M) 256.146ms
[2019-12-09T07:00:30.051+0000][1][gc,cpu       ] GC(1) User=0.07s Sys=0.00s Real=0.25s
[2019-12-09T07:00:30.051+0000][1][safepoint    ] Leaving safepoint region
[2019-12-09T07:00:30.051+0000][1][safepoint    ] Total time for which application threads were stopped: 0.2794172 seconds, Stopping threads took: 0.0231240 seconds
[2019-12-09T07:00:30.097+0000][1][safepoint    ] Application time: 0.0456841 seconds
[2019-12-09T07:00:30.106+0000][1][safepoint    ] Entering safepoint region: BulkRevokeBias
[2019-12-09T07:00:30.106+0000][1][safepoint    ] Leaving safepoint region
[2019-12-09T07:00:30.106+0000][1][safepoint    ] Total time for which application threads were stopped: 0.0091291 seconds, Stopping threads took: 0.0090140 seconds
[2019-12-09T07:00:30.106+0000][1][safepoint    ] Application time: 0.0002061 seconds
[2019-12-09T07:00:30.106+0000][1][safepoint    ] Entering safepoint region: RevokeBias
[2019-12-09T07:00:30.106+0000][1][safepoint    ] Leaving safepoint region
[2019-12-09T07:00:30.106+0000][1][safepoint    ] Total time for which application threads were stopped: 0.0000622 seconds, Stopping threads took: 0.0000109 seconds
[2019-12-09T07:00:30.106+0000][1][safepoint    ] Application time: 0.0000583 seconds
[2019-12-09T07:00:30.106+0000][1][safepoint    ] Entering safepoint region: RevokeBias
[2019-12-09T07:00:30.106+0000][1][safepoint    ] Leaving safepoint region
[2019-12-09T07:00:30.106+0000][1][safepoint    ] Total time for which application threads were stopped: 0.0000464 seconds, Stopping threads took: 0.0000089 seconds
[2019-12-09T07:00:30.107+0000][1][safepoint    ] Application time: 0.0000718 seconds
[2019-12-09T07:00:30.107+0000][1][safepoint    ] Entering safepoint region: RevokeBias
[2019-12-09T07:00:30.107+0000][1][safepoint    ] Leaving safepoint region
[2019-12-09T07:00:30.107+0000][1][safepoint    ] Total time for which application threads were stopped: 0.0000427 seconds, Stopping threads took: 0.0000087 seconds
[2019-12-09T07:00:30.107+0000][1][safepoint    ] Application time: 0.0000540 seconds
[2019-12-09T07:00:30.107+0000][1][safepoint    ] Entering safepoint region: RevokeBias
[2019-12-09T07:00:30.107+0000][1][safepoint    ] Leaving safepoint region
[2019-12-09T07:00:30.107+0000][1][safepoint    ] Total time for which application threads were stopped: 0.0000376 seconds, Stopping threads took: 0.0000084 seconds
[2019-12-09T07:00:30.107+0000][1][safepoint    ] Application time: 0.0000763 seconds
[2019-12-09T07:00:30.107+0000][1][safepoint    ] Entering safepoint region: RevokeBias
[2019-12-09T07:00:30.107+0000][1][safepoint    ] Leaving safepoint region
[2019-12-09T07:00:30.107+0000][1][safepoint    ] Total time for which application threads were stopped: 0.0000387 seconds, Stopping threads took: 0.0000089 seconds
[2019-12-09T07:00:30.107+0000][1][safepoint    ] Application time: 0.0000519 seconds
[2019-12-09T07:00:30.107+0000][1][safepoint    ] Entering safepoint region: RevokeBias
[2019-12-09T07:00:30.107+0000][1][safepoint    ] Leaving safepoint region
[2019-12-09T07:00:30.107+0000][1][safepoint    ] Total time for which application threads were stopped: 0.0000370 seconds, Stopping threads took: 0.0000083 seconds
[2019-12-09T07:00:30.107+0000][1][safepoint    ] Application time: 0.0000579 seconds
[2019-12-09T07:00:30.107+0000][1][safepoint    ] Entering safepoint region: BulkRevokeBias
[2019-12-09T07:00:30.107+0000][1][safepoint    ] Leaving safepoint region
[2019-12-09T07:00:30.107+0000][1][safepoint    ] Total time for which application threads were stopped: 0.0000676 seconds, Stopping threads took: 0.0000084 seconds
[2019-12-09T07:00:30.107+0000][1][safepoint    ] Application time: 0.0000515 seconds
[2019-12-09T07:00:30.107+0000][1][safepoint    ] Entering safepoint region: RevokeBias
[2019-12-09T07:00:30.107+0000][1][safepoint    ] Leaving safepoint region
[2019-12-09T07:00:30.107+0000][1][safepoint    ] Total time for which application threads were stopped: 0.0000364 seconds, Stopping threads took: 0.0000078 seconds
[2019-12-09T07:00:30.107+0000][1][safepoint    ] Application time: 0.0000580 seconds
[2019-12-09T07:00:30.107+0000][1][safepoint    ] Entering safepoint region: BulkRevokeBias
[2019-12-09T07:00:30.107+0000][1][safepoint    ] Leaving safepoint region
[2019-12-09T07:00:30.107+0000][1][safepoint    ] Total time for which application threads were stopped: 0.0000561 seconds, Stopping threads took: 0.0000074 seconds
[2019-12-09T07:00:30.498+0000][1][safepoint    ] Application time: 0.3904805 seconds
[2019-12-09T07:00:30.498+0000][1][safepoint    ] Entering safepoint region: RevokeBias
[2019-12-09T07:00:30.498+0000][1][safepoint    ] Leaving safepoint region
[2019-12-09T07:00:30.498+0000][1][safepoint    ] Total time for which application threads were stopped: 0.0001529 seconds, Stopping threads took: 0.0000621 seconds
[2019-12-09T07:00:30.564+0000][1][safepoint    ] Application time: 0.0657457 seconds
[2019-12-09T07:00:30.564+0000][1][safepoint    ] Entering safepoint region: RevokeBias
[2019-12-09T07:00:30.564+0000][1][safepoint    ] Leaving safepoint region
[2019-12-09T07:00:30.564+0000][1][safepoint    ] Total time for which application threads were stopped: 0.0000918 seconds, Stopping threads took: 0.0000140 seconds
[2019-12-09T07:00:30.849+0000][1][safepoint    ] Application time: 0.2846863 seconds
[2019-12-09T07:00:30.849+0000][1][safepoint    ] Entering safepoint region: RevokeBias
[2019-12-09T07:00:30.849+0000][1][safepoint    ] Leaving safepoint region
[2019-12-09T07:00:30.849+0000][1][safepoint    ] Total time for which application threads were stopped: 0.0001287 seconds, Stopping threads took: 0.0000141 seconds
[2019-12-09T07:00:30.875+0000][1][safepoint    ] Application time: 0.0266561 seconds
[2019-12-09T07:00:30.875+0000][1][safepoint    ] Entering safepoint region: RevokeBias
[2019-12-09T07:00:30.875+0000][1][safepoint    ] Leaving safepoint region
[2019-12-09T07:00:30.876+0000][1][safepoint    ] Total time for which application threads were stopped: 0.0000933 seconds, Stopping threads took: 0.0000146 seconds
[2019-12-09T07:00:30.905+0000][1][safepoint    ] Application time: 0.0291162 seconds
[2019-12-09T07:00:30.905+0000][1][safepoint    ] Entering safepoint region: RevokeBias
[2019-12-09T07:00:30.905+0000][1][safepoint    ] Leaving safepoint region
[2019-12-09T07:00:30.905+0000][1][safepoint    ] Total time for which application threads were stopped: 0.0001006 seconds, Stopping threads took: 0.0000292 seconds
[2019-12-09T07:00:31.441+0000][1][safepoint    ] Application time: 0.5361067 seconds
[2019-12-09T07:00:31.441+0000][1][safepoint    ] Entering safepoint region: GenCollectForAllocation
[2019-12-09T07:00:31.441+0000][1][gc,start     ] GC(2) Pause Young (Allocation Failure)
[2019-12-09T07:00:31.441+0000][1][gc,task      ] GC(2) Using 2 workers of 2 for evacuation
[2019-12-09T07:00:31.475+0000][1][gc,age       ] GC(2) Desired survivor size 4456448 bytes, new threshold 6 (max threshold 6)
[2019-12-09T07:00:31.475+0000][1][gc,age       ] GC(2) Age table with threshold 6 (max threshold 6)
[2019-12-09T07:00:31.475+0000][1][gc,age       ] GC(2) - age   1:     847160 bytes,     847160 total
[2019-12-09T07:00:31.475+0000][1][gc,age       ] GC(2) - age   2:     957400 bytes,    1804560 total
[2019-12-09T07:00:31.475+0000][1][gc,heap      ] GC(2) ParNew: 74268K->2066K(78656K)
[2019-12-09T07:00:31.475+0000][1][gc,heap      ] GC(2) CMS: 7060K->7060K(174784K)
[2019-12-09T07:00:31.475+0000][1][gc,metaspace ] GC(2) Metaspace: 15039K->15039K(1062912K)
[2019-12-09T07:00:31.475+0000][1][gc           ] GC(2) Pause Young (Allocation Failure) 79M->8M(247M) 34.095ms
[2019-12-09T07:00:31.475+0000][1][gc,cpu       ] GC(2) User=0.01s Sys=0.00s Real=0.04s
[2019-12-09T07:00:31.475+0000][1][safepoint    ] Leaving safepoint region
[2019-12-09T07:00:31.475+0000][1][safepoint    ] Total time for which application threads were stopped: 0.0342257 seconds, Stopping threads took: 0.0000131 seconds
[2019-12-09T07:00:31.476+0000][1][safepoint    ] Application time: 0.0008303 seconds
[2019-12-09T07:00:31.476+0000][1][safepoint    ] Entering safepoint region: RevokeBias
[2019-12-09T07:00:31.476+0000][1][safepoint    ] Leaving safepoint region
[2019-12-09T07:00:31.476+0000][1][safepoint    ] Total time for which application threads were stopped: 0.0002426 seconds, Stopping threads took: 0.0000165 seconds
[2019-12-09T07:00:31.478+0000][1][safepoint    ] Application time: 0.0014583 seconds
[2019-12-09T07:00:31.535+0000][1][safepoint    ] Entering safepoint region: RevokeBias
[2019-12-09T07:00:31.535+0000][1][safepoint    ] Leaving safepoint region
[2019-12-09T07:00:31.535+0000][1][safepoint    ] Total time for which application threads were stopped: 0.0571234 seconds, Stopping threads took: 0.0570265 seconds
[2019-12-09T07:00:31.535+0000][1][safepoint    ] Application time: 0.0000944 seconds
[2019-12-09T07:00:31.535+0000][1][safepoint    ] Entering safepoint region: RevokeBias
[2019-12-09T07:00:31.535+0000][1][safepoint    ] Leaving safepoint region
[2019-12-09T07:00:31.535+0000][1][safepoint    ] Total time for which application threads were stopped: 0.0000588 seconds, Stopping threads took: 0.0000092 seconds
[2019-12-09T07:00:31.535+0000][1][safepoint    ] Application time: 0.0000460 seconds
[2019-12-09T07:00:31.535+0000][1][safepoint    ] Entering safepoint region: RevokeBias
[2019-12-09T07:00:31.535+0000][1][safepoint    ] Leaving safepoint region
[2019-12-09T07:00:31.535+0000][1][safepoint    ] Total time for which application threads were stopped: 0.0000434 seconds, Stopping threads took: 0.0000065 seconds
[2019-12-09T07:00:31.535+0000][1][safepoint    ] Application time: 0.0000501 seconds
[2019-12-09T07:00:31.535+0000][1][safepoint    ] Entering safepoint region: RevokeBias
[2019-12-09T07:00:31.535+0000][1][safepoint    ] Leaving safepoint region
[2019-12-09T07:00:31.535+0000][1][safepoint    ] Total time for which application threads were stopped: 0.0000529 seconds, Stopping threads took: 0.0000156 seconds
[2019-12-09T07:00:31.535+0000][1][safepoint    ] Application time: 0.0000437 seconds
[2019-12-09T07:00:31.535+0000][1][safepoint    ] Entering safepoint region: RevokeBias
[2019-12-09T07:00:31.535+0000][1][safepoint    ] Leaving safepoint region
[2019-12-09T07:00:31.535+0000][1][safepoint    ] Total time for which application threads were stopped: 0.0000436 seconds, Stopping threads took: 0.0000066 seconds
[2019-12-09T07:00:31.535+0000][1][safepoint    ] Application time: 0.0000474 seconds
[2019-12-09T07:00:31.535+0000][1][safepoint    ] Entering safepoint region: RevokeBias
[2019-12-09T07:00:31.535+0000][1][safepoint    ] Leaving safepoint region
[2019-12-09T07:00:31.535+0000][1][safepoint    ] Total time for which application threads were stopped: 0.0000434 seconds, Stopping threads took: 0.0000069 seconds
[2019-12-09T07:00:31.536+0000][1][safepoint    ] Application time: 0.0000433 seconds
[2019-12-09T07:00:31.536+0000][1][safepoint    ] Entering safepoint region: RevokeBias
[2019-12-09T07:00:31.536+0000][1][safepoint    ] Leaving safepoint region
[2019-12-09T07:00:31.536+0000][1][safepoint    ] Total time for which application threads were stopped: 0.0000427 seconds, Stopping threads took: 0.0000068 seconds
[2019-12-09T07:00:31.536+0000][1][safepoint    ] Application time: 0.0000453 seconds
[2019-12-09T07:00:31.536+0000][1][safepoint    ] Entering safepoint region: RevokeBias
[2019-12-09T07:00:31.536+0000][1][safepoint    ] Leaving safepoint region
[2019-12-09T07:00:31.536+0000][1][safepoint    ] Total time for which application threads were stopped: 0.0000430 seconds, Stopping threads took: 0.0000070 seconds
[2019-12-09T07:00:31.536+0000][1][safepoint    ] Application time: 0.0000464 seconds
[2019-12-09T07:00:31.536+0000][1][safepoint    ] Entering safepoint region: RevokeBias
[2019-12-09T07:00:31.536+0000][1][safepoint    ] Leaving safepoint region
[2019-12-09T07:00:31.536+0000][1][safepoint    ] Total time for which application threads were stopped: 0.0000454 seconds, Stopping threads took: 0.0000067 seconds
[2019-12-09T07:00:31.536+0000][1][safepoint    ] Application time: 0.0000470 seconds
[2019-12-09T07:00:31.536+0000][1][safepoint    ] Entering safepoint region: RevokeBias
[2019-12-09T07:00:31.536+0000][1][safepoint    ] Leaving safepoint region
[2019-12-09T07:00:31.536+0000][1][safepoint    ] Total time for which application threads were stopped: 0.0000428 seconds, Stopping threads took: 0.0000068 seconds
[2019-12-09T07:00:31.536+0000][1][safepoint    ] Application time: 0.0000519 seconds
[2019-12-09T07:00:31.536+0000][1][safepoint    ] Entering safepoint region: RevokeBias
[2019-12-09T07:00:31.536+0000][1][safepoint    ] Leaving safepoint region
[2019-12-09T07:00:31.536+0000][1][safepoint    ] Total time for which application threads were stopped: 0.0000422 seconds, Stopping threads took: 0.0000071 seconds
[2019-12-09T07:00:31.536+0000][1][safepoint    ] Application time: 0.0000465 seconds
[2019-12-09T07:00:31.536+0000][1][safepoint    ] Entering safepoint region: RevokeBias
[2019-12-09T07:00:31.536+0000][1][safepoint    ] Leaving safepoint region
[2019-12-09T07:00:31.536+0000][1][safepoint    ] Total time for which application threads were stopped: 0.0000437 seconds, Stopping threads took: 0.0000068 seconds
[2019-12-09T07:00:31.536+0000][1][safepoint    ] Application time: 0.0000428 seconds
[2019-12-09T07:00:31.536+0000][1][safepoint    ] Entering safepoint region: RevokeBias
[2019-12-09T07:00:31.536+0000][1][safepoint    ] Leaving safepoint region
[2019-12-09T07:00:31.536+0000][1][safepoint    ] Total time for which application threads were stopped: 0.0000440 seconds, Stopping threads took: 0.0000070 seconds
[2019-12-09T07:00:31.536+0000][1][safepoint    ] Application time: 0.0000454 seconds
[2019-12-09T07:00:31.536+0000][1][safepoint    ] Entering safepoint region: RevokeBias
[2019-12-09T07:00:31.536+0000][1][safepoint    ] Leaving safepoint region
[2019-12-09T07:00:31.536+0000][1][safepoint    ] Total time for which application threads were stopped: 0.0000512 seconds, Stopping threads took: 0.0000125 seconds
[2019-12-09T07:00:31.536+0000][1][safepoint    ] Application time: 0.0000431 seconds
[2019-12-09T07:00:31.536+0000][1][safepoint    ] Entering safepoint region: RevokeBias
[2019-12-09T07:00:31.536+0000][1][safepoint    ] Leaving safepoint region
[2019-12-09T07:00:31.536+0000][1][safepoint    ] Total time for which application threads were stopped: 0.0000441 seconds, Stopping threads took: 0.0000067 seconds
[2019-12-09T07:00:31.542+0000][1][safepoint    ] Application time: 0.0051486 seconds
[2019-12-09T07:00:31.542+0000][1][safepoint    ] Entering safepoint region: RevokeBias
[2019-12-09T07:00:31.542+0000][1][safepoint    ] Leaving safepoint region
[2019-12-09T07:00:31.542+0000][1][safepoint    ] Total time for which application threads were stopped: 0.0000692 seconds, Stopping threads took: 0.0000117 seconds
[2019-12-09T07:00:32.328+0000][1][safepoint    ] Application time: 0.7860529 seconds
[2019-12-09T07:00:32.328+0000][1][safepoint    ] Entering safepoint region: Deoptimize
[2019-12-09T07:00:32.328+0000][1][safepoint    ] Leaving safepoint region
[2019-12-09T07:00:32.328+0000][1][safepoint    ] Total time for which application threads were stopped: 0.0004329 seconds, Stopping threads took: 0.0000152 seconds
[2019-12-09T07:00:32.329+0000][1][safepoint    ] Application time: 0.0005665 seconds
[2019-12-09T07:00:32.329+0000][1][safepoint    ] Entering safepoint region: Deoptimize
[2019-12-09T07:00:32.329+0000][1][safepoint    ] Leaving safepoint region
[2019-12-09T07:00:32.329+0000][1][safepoint    ] Total time for which application threads were stopped: 0.0003249 seconds, Stopping threads took: 0.0000124 seconds
[2019-12-09T07:00:33.330+0000][1][safepoint    ] Application time: 1.0005701 seconds
[2019-12-09T07:00:33.371+0000][1][safepoint    ] Entering safepoint region: Cleanup
[2019-12-09T07:00:33.371+0000][1][safepoint    ] Leaving safepoint region
[2019-12-09T07:00:33.371+0000][1][safepoint    ] Total time for which application threads were stopped: 0.0410899 seconds, Stopping threads took: 0.0410127 seconds
[2019-12-09T07:00:34.378+0000][1][safepoint    ] Application time: 1.0068849 seconds
[2019-12-09T07:00:34.418+0000][1][safepoint    ] Entering safepoint region: Cleanup
[2019-12-09T07:00:34.418+0000][1][safepoint    ] Leaving safepoint region
[2019-12-09T07:00:34.418+0000][1][safepoint    ] Total time for which application threads were stopped: 0.0400557 seconds, Stopping threads took: 0.0399849 seconds
[2019-12-09T07:00:34.603+0000][1][safepoint    ] Application time: 0.1846397 seconds
[2019-12-09T07:00:34.603+0000][1][safepoint    ] Entering safepoint region: GenCollectForAllocation
[2019-12-09T07:00:34.603+0000][1][gc,start     ] GC(3) Pause Young (Allocation Failure)
[2019-12-09T07:00:34.603+0000][1][gc,task      ] GC(3) Using 2 workers of 2 for evacuation
[2019-12-09T07:00:34.718+0000][1][gc,age       ] GC(3) Desired survivor size 4456448 bytes, new threshold 3 (max threshold 6)
[2019-12-09T07:00:34.718+0000][1][gc,age       ] GC(3) Age table with threshold 3 (max threshold 6)
[2019-12-09T07:00:34.718+0000][1][gc,age       ] GC(3) - age   1:    3438616 bytes,    3438616 total
[2019-12-09T07:00:34.718+0000][1][gc,age       ] GC(3) - age   2:     833272 bytes,    4271888 total
[2019-12-09T07:00:34.718+0000][1][gc,age       ] GC(3) - age   3:     955096 bytes,    5226984 total
[2019-12-09T07:00:34.718+0000][1][gc,heap      ] GC(3) ParNew: 72018K->6010K(78656K)
[2019-12-09T07:00:34.718+0000][1][gc,heap      ] GC(3) CMS: 7060K->7060K(174784K)
[2019-12-09T07:00:34.718+0000][1][gc,metaspace ] GC(3) Metaspace: 18586K->18586K(1067008K)
[2019-12-09T07:00:34.718+0000][1][gc           ] GC(3) Pause Young (Allocation Failure) 77M->12M(247M) 115.409ms
[2019-12-09T07:00:34.718+0000][1][gc,cpu       ] GC(3) User=0.03s Sys=0.00s Real=0.12s
[2019-12-09T07:00:34.718+0000][1][safepoint    ] Leaving safepoint region
[2019-12-09T07:00:34.718+0000][1][safepoint    ] Total time for which application threads were stopped: 0.1155589 seconds, Stopping threads took: 0.0000137 seconds
[2019-12-09T07:00:34.720+0000][1][safepoint    ] Application time: 0.0018987 seconds
[2019-12-09T07:00:34.720+0000][1][safepoint    ] Entering safepoint region: BulkRevokeBias
[2019-12-09T07:00:34.720+0000][1][safepoint    ] Leaving safepoint region
[2019-12-09T07:00:34.720+0000][1][safepoint    ] Total time for which application threads were stopped: 0.0001940 seconds, Stopping threads took: 0.0000445 seconds
[2019-12-09T07:00:34.721+0000][1][safepoint    ] Application time: 0.0007580 seconds
[2019-12-09T07:00:34.721+0000][1][safepoint    ] Entering safepoint region: RevokeBias
[2019-12-09T07:00:34.721+0000][1][safepoint    ] Leaving safepoint region
[2019-12-09T07:00:34.721+0000][1][safepoint    ] Total time for which application threads were stopped: 0.0000645 seconds, Stopping threads took: 0.0000099 seconds
[2019-12-09T07:00:34.721+0000][1][safepoint    ] Application time: 0.0000661 seconds
[2019-12-09T07:00:34.721+0000][1][safepoint    ] Entering safepoint region: RevokeBias
[2019-12-09T07:00:34.721+0000][1][safepoint    ] Leaving safepoint region
[2019-12-09T07:00:34.721+0000][1][safepoint    ] Total time for which application threads were stopped: 0.0000476 seconds, Stopping threads took: 0.0000072 seconds
[2019-12-09T07:00:34.721+0000][1][safepoint    ] Application time: 0.0000450 seconds
[2019-12-09T07:00:34.721+0000][1][safepoint    ] Entering safepoint region: RevokeBias
[2019-12-09T07:00:34.721+0000][1][safepoint    ] Leaving safepoint region
[2019-12-09T07:00:34.721+0000][1][safepoint    ] Total time for which application threads were stopped: 0.0000422 seconds, Stopping threads took: 0.0000063 seconds
[2019-12-09T07:00:34.721+0000][1][safepoint    ] Application time: 0.0000489 seconds
[2019-12-09T07:00:34.721+0000][1][safepoint    ] Entering safepoint region: RevokeBias
[2019-12-09T07:00:34.721+0000][1][safepoint    ] Leaving safepoint region
[2019-12-09T07:00:34.721+0000][1][safepoint    ] Total time for which application threads were stopped: 0.0000434 seconds, Stopping threads took: 0.0000071 seconds
[2019-12-09T07:00:34.722+0000][1][safepoint    ] Application time: 0.0001567 seconds
[2019-12-09T07:00:34.722+0000][1][safepoint    ] Entering safepoint region: RevokeBias
[2019-12-09T07:00:34.722+0000][1][safepoint    ] Leaving safepoint region
[2019-12-09T07:00:34.722+0000][1][safepoint    ] Total time for which application threads were stopped: 0.0000477 seconds, Stopping threads took: 0.0000068 seconds
[2019-12-09T07:00:34.722+0000][1][safepoint    ] Application time: 0.0000611 seconds
[2019-12-09T07:00:34.722+0000][1][safepoint    ] Entering safepoint region: RevokeBias
[2019-12-09T07:00:34.722+0000][1][safepoint    ] Leaving safepoint region
[2019-12-09T07:00:34.722+0000][1][safepoint    ] Total time for which application threads were stopped: 0.0000428 seconds, Stopping threads took: 0.0000067 seconds
[2019-12-09T07:00:34.722+0000][1][safepoint    ] Application time: 0.0000509 seconds
[2019-12-09T07:00:34.722+0000][1][safepoint    ] Entering safepoint region: RevokeBias
[2019-12-09T07:00:34.722+0000][1][safepoint    ] Leaving safepoint region
[2019-12-09T07:00:34.722+0000][1][safepoint    ] Total time for which application threads were stopped: 0.0000416 seconds, Stopping threads took: 0.0000063 seconds
[2019-12-09T07:00:34.722+0000][1][safepoint    ] Application time: 0.0000437 seconds
[2019-12-09T07:00:34.722+0000][1][safepoint    ] Entering safepoint region: RevokeBias
[2019-12-09T07:00:34.722+0000][1][safepoint    ] Leaving safepoint region
[2019-12-09T07:00:34.722+0000][1][safepoint    ] Total time for which application threads were stopped: 0.0000414 seconds, Stopping threads took: 0.0000062 seconds
[2019-12-09T07:00:35.723+0000][1][safepoint    ] Application time: 1.0007443 seconds
[2019-12-09T07:00:35.839+0000][1][safepoint    ] Entering safepoint region: Cleanup
[2019-12-09T07:00:35.839+0000][1][safepoint    ] Leaving safepoint region
[2019-12-09T07:00:35.839+0000][1][safepoint    ] Total time for which application threads were stopped: 0.1164621 seconds, Stopping threads took: 0.1164039 seconds
[2019-12-09T07:00:35.882+0000][1][safepoint    ] Application time: 0.0424941 seconds
[2019-12-09T07:00:35.882+0000][1][safepoint    ] Entering safepoint region: GenCollectForAllocation
[2019-12-09T07:00:35.882+0000][1][gc,start     ] GC(4) Pause Young (Allocation Failure)
[2019-12-09T07:00:35.882+0000][1][gc,task      ] GC(4) Using 2 workers of 2 for evacuation
[2019-12-09T07:00:36.006+0000][1][gc,age       ] GC(4) Desired survivor size 4456448 bytes, new threshold 2 (max threshold 6)
[2019-12-09T07:00:36.006+0000][1][gc,age       ] GC(4) Age table with threshold 2 (max threshold 6)
[2019-12-09T07:00:36.006+0000][1][gc,age       ] GC(4) - age   1:    1916128 bytes,    1916128 total
[2019-12-09T07:00:36.006+0000][1][gc,age       ] GC(4) - age   2:    2877752 bytes,    4793880 total
[2019-12-09T07:00:36.006+0000][1][gc,age       ] GC(4) - age   3:     833272 bytes,    5627152 total
[2019-12-09T07:00:36.006+0000][1][gc,heap      ] GC(4) ParNew: 75962K->8220K(78656K)
[2019-12-09T07:00:36.006+0000][1][gc,heap      ] GC(4) CMS: 7060K->8006K(174784K)
[2019-12-09T07:00:36.006+0000][1][gc,metaspace ] GC(4) Metaspace: 18804K->18804K(1067008K)
[2019-12-09T07:00:36.006+0000][1][gc           ] GC(4) Pause Young (Allocation Failure) 81M->15M(247M) 124.555ms
[2019-12-09T07:00:36.006+0000][1][gc,cpu       ] GC(4) User=0.02s Sys=0.00s Real=0.13s
[2019-12-09T07:00:36.006+0000][1][safepoint    ] Leaving safepoint region
[2019-12-09T07:00:36.006+0000][1][safepoint    ] Total time for which application threads were stopped: 0.1246907 seconds, Stopping threads took: 0.0000147 seconds
[2019-12-09T07:00:36.007+0000][1][safepoint    ] Application time: 0.0003747 seconds
[2019-12-09T07:00:36.007+0000][1][safepoint    ] Entering safepoint region: RevokeBias
[2019-12-09T07:00:36.007+0000][1][safepoint    ] Leaving safepoint region
[2019-12-09T07:00:36.007+0000][1][safepoint    ] Total time for which application threads were stopped: 0.0001231 seconds, Stopping threads took: 0.0000540 seconds
[2019-12-09T07:00:36.007+0000][1][safepoint    ] Application time: 0.0000619 seconds
[2019-12-09T07:00:36.007+0000][1][safepoint    ] Entering safepoint region: RevokeBias
[2019-12-09T07:00:36.007+0000][1][safepoint    ] Leaving safepoint region
[2019-12-09T07:00:36.007+0000][1][safepoint    ] Total time for which application threads were stopped: 0.0000473 seconds, Stopping threads took: 0.0000073 seconds
[2019-12-09T07:00:36.007+0000][1][safepoint    ] Application time: 0.0000704 seconds
[2019-12-09T07:00:36.007+0000][1][safepoint    ] Entering safepoint region: RevokeBias
[2019-12-09T07:00:36.007+0000][1][safepoint    ] Leaving safepoint region
[2019-12-09T07:00:36.007+0000][1][safepoint    ] Total time for which application threads were stopped: 0.0000453 seconds, Stopping threads took: 0.0000074 seconds
[2019-12-09T07:00:36.007+0000][1][safepoint    ] Application time: 0.0000491 seconds
[2019-12-09T07:00:36.007+0000][1][safepoint    ] Entering safepoint region: RevokeBias
[2019-12-09T07:00:36.007+0000][1][safepoint    ] Leaving safepoint region
[2019-12-09T07:00:36.007+0000][1][safepoint    ] Total time for which application threads were stopped: 0.0000415 seconds, Stopping threads took: 0.0000070 seconds
[2019-12-09T07:00:36.158+0000][1][safepoint    ] Application time: 0.1503968 seconds
[2019-12-09T07:00:36.158+0000][1][safepoint    ] Entering safepoint region: Deoptimize
[2019-12-09T07:00:36.158+0000][1][safepoint    ] Leaving safepoint region
[2019-12-09T07:00:36.158+0000][1][safepoint    ] Total time for which application threads were stopped: 0.0004416 seconds, Stopping threads took: 0.0000122 seconds
[2019-12-09T07:00:36.565+0000][1][safepoint    ] Application time: 0.4064832 seconds
[2019-12-09T07:00:36.565+0000][1][safepoint    ] Entering safepoint region: Deoptimize
[2019-12-09T07:00:36.565+0000][1][safepoint    ] Leaving safepoint region
[2019-12-09T07:00:36.565+0000][1][safepoint    ] Total time for which application threads were stopped: 0.0004168 seconds, Stopping threads took: 0.0000138 seconds
[2019-12-09T07:00:36.584+0000][1][safepoint    ] Application time: 0.0185429 seconds
[2019-12-09T07:00:36.584+0000][1][safepoint    ] Entering safepoint region: RevokeBias
[2019-12-09T07:00:36.584+0000][1][safepoint    ] Leaving safepoint region
[2019-12-09T07:00:36.584+0000][1][safepoint    ] Total time for which application threads were stopped: 0.0000837 seconds, Stopping threads took: 0.0000133 seconds
[2019-12-09T07:00:37.041+0000][1][safepoint    ] Application time: 0.4568084 seconds
[2019-12-09T07:00:37.041+0000][1][safepoint    ] Entering safepoint region: RevokeBias
[2019-12-09T07:00:37.041+0000][1][safepoint    ] Leaving safepoint region
[2019-12-09T07:00:37.041+0000][1][safepoint    ] Total time for which application threads were stopped: 0.0000836 seconds, Stopping threads took: 0.0000154 seconds
[2019-12-09T07:00:37.041+0000][1][safepoint    ] Application time: 0.0003916 seconds
[2019-12-09T07:00:37.041+0000][1][safepoint    ] Entering safepoint region: RevokeBias
[2019-12-09T07:00:37.041+0000][1][safepoint    ] Leaving safepoint region
[2019-12-09T07:00:37.041+0000][1][safepoint    ] Total time for which application threads were stopped: 0.0000546 seconds, Stopping threads took: 0.0000107 seconds
[2019-12-09T07:00:37.042+0000][1][safepoint    ] Application time: 0.0006604 seconds
[2019-12-09T07:00:37.042+0000][1][safepoint    ] Entering safepoint region: RevokeBias
[2019-12-09T07:00:37.042+0000][1][safepoint    ] Leaving safepoint region
[2019-12-09T07:00:37.042+0000][1][safepoint    ] Total time for which application threads were stopped: 0.0000530 seconds, Stopping threads took: 0.0000111 seconds
[2019-12-09T07:00:37.530+0000][1][safepoint    ] Application time: 0.4874940 seconds
[2019-12-09T07:00:37.530+0000][1][safepoint    ] Entering safepoint region: GenCollectForAllocation
[2019-12-09T07:00:37.530+0000][1][gc,start     ] GC(5) Pause Young (Allocation Failure)
[2019-12-09T07:00:37.530+0000][1][gc,task      ] GC(5) Using 2 workers of 2 for evacuation
[2019-12-09T07:00:37.631+0000][1][gc,age       ] GC(5) Desired survivor size 4456448 bytes, new threshold 6 (max threshold 6)
[2019-12-09T07:00:37.631+0000][1][gc,age       ] GC(5) Age table with threshold 6 (max threshold 6)
[2019-12-09T07:00:37.631+0000][1][gc,age       ] GC(5) - age   1:    2859488 bytes,    2859488 total
[2019-12-09T07:00:37.631+0000][1][gc,age       ] GC(5) - age   2:     442856 bytes,    3302344 total
[2019-12-09T07:00:37.631+0000][1][gc,heap      ] GC(5) ParNew: 78172K->5149K(78656K)
[2019-12-09T07:00:37.631+0000][1][gc,heap      ] GC(5) CMS: 8006K->11660K(174784K)
[2019-12-09T07:00:37.631+0000][1][gc,metaspace ] GC(5) Metaspace: 19145K->19145K(1067008K)
[2019-12-09T07:00:37.631+0000][1][gc           ] GC(5) Pause Young (Allocation Failure) 84M->16M(247M) 101.747ms
[2019-12-09T07:00:37.631+0000][1][gc,cpu       ] GC(5) User=0.02s Sys=0.00s Real=0.10s
[2019-12-09T07:00:37.631+0000][1][safepoint    ] Leaving safepoint region
[2019-12-09T07:00:37.631+0000][1][safepoint    ] Total time for which application threads were stopped: 0.1018912 seconds, Stopping threads took: 0.0000142 seconds
[2019-12-09T07:00:37.632+0000][1][safepoint    ] Application time: 0.0003827 seconds
[2019-12-09T07:00:37.632+0000][1][safepoint    ] Entering safepoint region: RevokeBias
[2019-12-09T07:00:37.632+0000][1][safepoint    ] Leaving safepoint region
[2019-12-09T07:00:37.632+0000][1][safepoint    ] Total time for which application threads were stopped: 0.0001367 seconds, Stopping threads took: 0.0000457 seconds
[2019-12-09T07:00:37.632+0000][1][safepoint    ] Application time: 0.0000633 seconds
[2019-12-09T07:00:37.632+0000][1][safepoint    ] Entering safepoint region: RevokeBias
[2019-12-09T07:00:37.632+0000][1][safepoint    ] Leaving safepoint region
[2019-12-09T07:00:37.632+0000][1][safepoint    ] Total time for which application threads were stopped: 0.0000674 seconds, Stopping threads took: 0.0000081 seconds
[2019-12-09T07:00:37.632+0000][1][safepoint    ] Application time: 0.0000565 seconds
[2019-12-09T07:00:37.632+0000][1][safepoint    ] Entering safepoint region: RevokeBias
[2019-12-09T07:00:37.632+0000][1][safepoint    ] Leaving safepoint region
[2019-12-09T07:00:37.632+0000][1][safepoint    ] Total time for which application threads were stopped: 0.0001067 seconds, Stopping threads took: 0.0000079 seconds
[2019-12-09T07:00:37.632+0000][1][safepoint    ] Application time: 0.0000537 seconds
[2019-12-09T07:00:37.632+0000][1][safepoint    ] Entering safepoint region: RevokeBias
[2019-12-09T07:00:37.632+0000][1][safepoint    ] Leaving safepoint region
[2019-12-09T07:00:37.632+0000][1][safepoint    ] Total time for which application threads were stopped: 0.0000670 seconds, Stopping threads took: 0.0000074 seconds
[2019-12-09T07:00:37.633+0000][1][safepoint    ] Application time: 0.0000629 seconds
[2019-12-09T07:00:37.633+0000][1][safepoint    ] Entering safepoint region: RevokeBias
[2019-12-09T07:00:37.633+0000][1][safepoint    ] Leaving safepoint region
[2019-12-09T07:00:37.633+0000][1][safepoint    ] Total time for which application threads were stopped: 0.0000553 seconds, Stopping threads took: 0.0000063 seconds
[2019-12-09T07:00:37.633+0000][1][safepoint    ] Application time: 0.0000442 seconds
[2019-12-09T07:00:37.633+0000][1][safepoint    ] Entering safepoint region: RevokeBias
[2019-12-09T07:00:37.633+0000][1][safepoint    ] Leaving safepoint region
[2019-12-09T07:00:37.633+0000][1][safepoint    ] Total time for which application threads were stopped: 0.0000721 seconds, Stopping threads took: 0.0000062 seconds
[2019-12-09T07:00:38.320+0000][1][safepoint    ] Application time: 0.6876395 seconds
[2019-12-09T07:00:38.320+0000][1][safepoint    ] Entering safepoint region: RevokeBias
[2019-12-09T07:00:38.320+0000][1][safepoint    ] Leaving safepoint region
[2019-12-09T07:00:38.320+0000][1][safepoint    ] Total time for which application threads were stopped: 0.0000793 seconds, Stopping threads took: 0.0000139 seconds
[2019-12-09T07:00:38.321+0000][1][safepoint    ] Application time: 0.0002395 seconds
[2019-12-09T07:00:38.321+0000][1][safepoint    ] Entering safepoint region: RevokeBias
[2019-12-09T07:00:38.321+0000][1][safepoint    ] Leaving safepoint region
[2019-12-09T07:00:38.321+0000][1][safepoint    ] Total time for which application threads were stopped: 0.0000515 seconds, Stopping threads took: 0.0000105 seconds
[2019-12-09T07:00:38.595+0000][1][safepoint    ] Application time: 0.2740850 seconds
[2019-12-09T07:00:38.595+0000][1][safepoint    ] Entering safepoint region: GenCollectForAllocation
[2019-12-09T07:00:38.595+0000][1][gc,start     ] GC(6) Pause Young (Allocation Failure)
[2019-12-09T07:00:38.595+0000][1][gc,task      ] GC(6) Using 2 workers of 2 for evacuation
[2019-12-09T07:00:38.753+0000][1][gc,age       ] GC(6) Desired survivor size 4456448 bytes, new threshold 6 (max threshold 6)
[2019-12-09T07:00:38.753+0000][1][gc,age       ] GC(6) Age table with threshold 6 (max threshold 6)
[2019-12-09T07:00:38.753+0000][1][gc,age       ] GC(6) - age   1:    1536544 bytes,    1536544 total
[2019-12-09T07:00:38.753+0000][1][gc,age       ] GC(6) - age   2:    2191248 bytes,    3727792 total
[2019-12-09T07:00:38.753+0000][1][gc,age       ] GC(6) - age   3:     442856 bytes,    4170648 total
[2019-12-09T07:00:38.753+0000][1][gc,heap      ] GC(6) ParNew: 75101K->7411K(78656K)
[2019-12-09T07:00:38.753+0000][1][gc,heap      ] GC(6) CMS: 11660K->11660K(174784K)
[2019-12-09T07:00:38.753+0000][1][gc,metaspace ] GC(6) Metaspace: 19449K->19449K(1067008K)
[2019-12-09T07:00:38.753+0000][1][gc           ] GC(6) Pause Young (Allocation Failure) 84M->18M(247M) 157.969ms
[2019-12-09T07:00:38.753+0000][1][gc,cpu       ] GC(6) User=0.03s Sys=0.00s Real=0.15s
[2019-12-09T07:00:38.753+0000][1][safepoint    ] Leaving safepoint region
[2019-12-09T07:00:38.753+0000][1][safepoint    ] Total time for which application threads were stopped: 0.1581016 seconds, Stopping threads took: 0.0000133 seconds
[2019-12-09T07:00:38.755+0000][1][safepoint    ] Application time: 0.0017438 seconds
[2019-12-09T07:00:38.818+0000][1][safepoint    ] Entering safepoint region: RevokeBias
[2019-12-09T07:00:38.818+0000][1][safepoint    ] Leaving safepoint region
[2019-12-09T07:00:38.818+0000][1][safepoint    ] Total time for which application threads were stopped: 0.0630937 seconds, Stopping threads took: 0.0630137 seconds
[2019-12-09T07:00:38.818+0000][1][safepoint    ] Application time: 0.0000762 seconds
[2019-12-09T07:00:38.818+0000][1][safepoint    ] Entering safepoint region: BulkRevokeBias
[2019-12-09T07:00:38.818+0000][1][safepoint    ] Leaving safepoint region
[2019-12-09T07:00:38.818+0000][1][safepoint    ] Total time for which application threads were stopped: 0.0000858 seconds, Stopping threads took: 0.0000094 seconds
[2019-12-09T07:00:38.818+0000][1][safepoint    ] Application time: 0.0000696 seconds
[2019-12-09T07:00:38.818+0000][1][safepoint    ] Entering safepoint region: BulkRevokeBias
[2019-12-09T07:00:38.818+0000][1][safepoint    ] Leaving safepoint region
[2019-12-09T07:00:38.818+0000][1][safepoint    ] Total time for which application threads were stopped: 0.0000739 seconds, Stopping threads took: 0.0000079 seconds
[2019-12-09T07:00:39.852+0000][1][safepoint    ] Application time: 1.0334292 seconds
[2019-12-09T07:00:39.920+0000][1][safepoint    ] Entering safepoint region: Cleanup
[2019-12-09T07:00:39.920+0000][1][safepoint    ] Leaving safepoint region
[2019-12-09T07:00:39.920+0000][1][safepoint    ] Total time for which application threads were stopped: 0.0680379 seconds, Stopping threads took: 0.0679888 seconds
[2019-12-09T07:00:39.979+0000][1][safepoint    ] Application time: 0.0589348 seconds
[2019-12-09T07:00:39.979+0000][1][safepoint    ] Entering safepoint region: GenCollectForAllocation
[2019-12-09T07:00:39.979+0000][1][gc,start     ] GC(7) Pause Young (Allocation Failure)
[2019-12-09T07:00:39.979+0000][1][gc,task      ] GC(7) Using 2 workers of 2 for evacuation
[2019-12-09T07:00:40.130+0000][1][gc,age       ] GC(7) Desired survivor size 4456448 bytes, new threshold 6 (max threshold 6)
[2019-12-09T07:00:40.130+0000][1][gc,age       ] GC(7) Age table with threshold 6 (max threshold 6)
[2019-12-09T07:00:40.130+0000][1][gc,age       ] GC(7) - age   1:     396392 bytes,     396392 total
[2019-12-09T07:00:40.130+0000][1][gc,age       ] GC(7) - age   2:    1128800 bytes,    1525192 total
[2019-12-09T07:00:40.130+0000][1][gc,age       ] GC(7) - age   3:    2191168 bytes,    3716360 total
[2019-12-09T07:00:40.130+0000][1][gc,age       ] GC(7) - age   4:     442856 bytes,    4159216 total
[2019-12-09T07:00:40.130+0000][1][gc,heap      ] GC(7) ParNew: 77363K->6302K(78656K)
[2019-12-09T07:00:40.131+0000][1][gc,heap      ] GC(7) CMS: 11660K->11660K(174784K)
[2019-12-09T07:00:40.131+0000][1][gc,metaspace ] GC(7) Metaspace: 19727K->19727K(1067008K)
[2019-12-09T07:00:40.131+0000][1][gc           ] GC(7) Pause Young (Allocation Failure) 86M->17M(247M) 151.647ms
[2019-12-09T07:00:40.131+0000][1][gc,cpu       ] GC(7) User=0.03s Sys=0.00s Real=0.15s
[2019-12-09T07:00:40.131+0000][1][safepoint    ] Leaving safepoint region
[2019-12-09T07:00:40.131+0000][1][safepoint    ] Total time for which application threads were stopped: 0.1518132 seconds, Stopping threads took: 0.0000560 seconds
[2019-12-09T07:00:40.664+0000][1][safepoint    ] Application time: 0.5331776 seconds
[2019-12-09T07:00:40.664+0000][1][safepoint    ] Entering safepoint region: CollectForMetadataAllocation
[2019-12-09T07:00:40.664+0000][1][safepoint    ] Leaving safepoint region
[2019-12-09T07:00:40.664+0000][1][safepoint    ] Total time for which application threads were stopped: 0.0002752 seconds, Stopping threads took: 0.0000159 seconds
[2019-12-09T07:00:40.949+0000][1][safepoint    ] Application time: 0.2846199 seconds
[2019-12-09T07:00:40.949+0000][1][safepoint    ] Entering safepoint region: CollectForMetadataAllocation
[2019-12-09T07:00:40.949+0000][1][safepoint    ] Leaving safepoint region
[2019-12-09T07:00:40.949+0000][1][safepoint    ] Total time for which application threads were stopped: 0.0002507 seconds, Stopping threads took: 0.0000171 seconds
[2019-12-09T07:00:41.687+0000][1][safepoint    ] Application time: 0.7380083 seconds
[2019-12-09T07:00:41.687+0000][1][safepoint    ] Entering safepoint region: GenCollectForAllocation
[2019-12-09T07:00:41.687+0000][1][gc,start     ] GC(8) Pause Young (Allocation Failure)
[2019-12-09T07:00:41.687+0000][1][gc,task      ] GC(8) Using 2 workers of 2 for evacuation
[2019-12-09T07:00:41.774+0000][1][gc,age       ] GC(8) Desired survivor size 4456448 bytes, new threshold 4 (max threshold 6)
[2019-12-09T07:00:41.774+0000][1][gc,age       ] GC(8) Age table with threshold 4 (max threshold 6)
[2019-12-09T07:00:41.774+0000][1][gc,age       ] GC(8) - age   1:    1009904 bytes,    1009904 total
[2019-12-09T07:00:41.774+0000][1][gc,age       ] GC(8) - age   2:     378040 bytes,    1387944 total
[2019-12-09T07:00:41.774+0000][1][gc,age       ] GC(8) - age   3:    1128656 bytes,    2516600 total
[2019-12-09T07:00:41.774+0000][1][gc,age       ] GC(8) - age   4:    2188952 bytes,    4705552 total
[2019-12-09T07:00:41.774+0000][1][gc,age       ] GC(8) - age   5:     442856 bytes,    5148408 total
[2019-12-09T07:00:41.774+0000][1][gc,heap      ] GC(8) ParNew: 76254K->5300K(78656K)
[2019-12-09T07:00:41.774+0000][1][gc,heap      ] GC(8) CMS: 11660K->11660K(174784K)
[2019-12-09T07:00:41.774+0000][1][gc,metaspace ] GC(8) Metaspace: 20525K->20525K(1069056K)
[2019-12-09T07:00:41.774+0000][1][gc           ] GC(8) Pause Young (Allocation Failure) 85M->16M(247M) 87.046ms
[2019-12-09T07:00:41.774+0000][1][gc,cpu       ] GC(8) User=0.02s Sys=0.00s Real=0.08s
[2019-12-09T07:00:41.774+0000][1][safepoint    ] Leaving safepoint region
[2019-12-09T07:00:41.774+0000][1][safepoint    ] Total time for which application threads were stopped: 0.0871768 seconds, Stopping threads took: 0.0000141 seconds
[2019-12-09T07:00:41.781+0000][1][safepoint    ] Application time: 0.0064500 seconds
[2019-12-09T07:00:41.787+0000][1][safepoint    ] Entering safepoint region: CMS_Initial_Mark
[2019-12-09T07:00:41.787+0000][1][gc,start     ] GC(9) Pause Initial Mark
[2019-12-09T07:00:41.791+0000][1][gc           ] GC(9) Pause Initial Mark 20M->20M(247M) 3.642ms
[2019-12-09T07:00:41.791+0000][1][gc,cpu       ] GC(9) User=0.01s Sys=0.00s Real=0.00s
[2019-12-09T07:00:41.791+0000][1][safepoint    ] Leaving safepoint region
[2019-12-09T07:00:41.791+0000][1][safepoint    ] Total time for which application threads were stopped: 0.0098102 seconds, Stopping threads took: 0.0060742 seconds
[2019-12-09T07:00:41.791+0000][1][gc           ] GC(9) Concurrent Mark
[2019-12-09T07:00:41.854+0000][1][gc           ] GC(9) Concurrent Mark 63.637ms
[2019-12-09T07:00:41.854+0000][1][gc,cpu       ] GC(9) User=0.03s Sys=0.00s Real=0.06s
[2019-12-09T07:00:41.854+0000][1][gc           ] GC(9) Concurrent Preclean
[2019-12-09T07:00:41.855+0000][1][gc           ] GC(9) Concurrent Preclean 0.454ms
[2019-12-09T07:00:41.855+0000][1][gc,cpu       ] GC(9) User=0.00s Sys=0.00s Real=0.01s
[2019-12-09T07:00:41.855+0000][1][gc           ] GC(9) Concurrent Abortable Preclean
[2019-12-09T07:00:42.349+0000][1][safepoint    ] Application time: 0.5586379 seconds
[2019-12-09T07:00:42.349+0000][1][safepoint    ] Entering safepoint region: RevokeBias
[2019-12-09T07:00:42.349+0000][1][safepoint    ] Leaving safepoint region
[2019-12-09T07:00:42.349+0000][1][safepoint    ] Total time for which application threads were stopped: 0.0000885 seconds, Stopping threads took: 0.0000138 seconds
[2019-12-09T07:00:42.377+0000][1][safepoint    ] Application time: 0.0278955 seconds
[2019-12-09T07:00:42.377+0000][1][safepoint    ] Entering safepoint region: RevokeBias
[2019-12-09T07:00:42.377+0000][1][safepoint    ] Leaving safepoint region
[2019-12-09T07:00:42.377+0000][1][safepoint    ] Total time for which application threads were stopped: 0.0000852 seconds, Stopping threads took: 0.0000141 seconds
[2019-12-09T07:00:42.395+0000][1][safepoint    ] Application time: 0.0172371 seconds
[2019-12-09T07:00:42.395+0000][1][safepoint    ] Entering safepoint region: RevokeBias
[2019-12-09T07:00:42.395+0000][1][safepoint    ] Leaving safepoint region
[2019-12-09T07:00:42.395+0000][1][safepoint    ] Total time for which application threads were stopped: 0.0001083 seconds, Stopping threads took: 0.0000192 seconds
[2019-12-09T07:00:42.788+0000][1][safepoint    ] Application time: 0.3936379 seconds
[2019-12-09T07:00:42.788+0000][1][safepoint    ] Entering safepoint region: GenCollectForAllocation
[2019-12-09T07:00:42.788+0000][1][gc,start     ] GC(10) Pause Young (Allocation Failure)
[2019-12-09T07:00:42.789+0000][1][gc,task      ] GC(10) Using 2 workers of 2 for evacuation
[2019-12-09T07:00:42.818+0000][1][gc           ] GC(9) Concurrent Abortable Preclean 962.915ms
[2019-12-09T07:00:42.818+0000][1][gc,cpu       ] GC(9) User=0.31s Sys=0.00s Real=0.96s
[2019-12-09T07:00:42.943+0000][1][gc,age       ] GC(10) Desired survivor size 4456448 bytes, new threshold 6 (max threshold 6)
[2019-12-09T07:00:42.943+0000][1][gc,age       ] GC(10) Age table with threshold 6 (max threshold 6)
[2019-12-09T07:00:42.943+0000][1][gc,age       ] GC(10) - age   1:    1341976 bytes,    1341976 total
[2019-12-09T07:00:42.943+0000][1][gc,age       ] GC(10) - age   2:     632600 bytes,    1974576 total
[2019-12-09T07:00:42.943+0000][1][gc,age       ] GC(10) - age   3:     378040 bytes,    2352616 total
[2019-12-09T07:00:42.943+0000][1][gc,age       ] GC(10) - age   4:    1128656 bytes,    3481272 total
[2019-12-09T07:00:42.943+0000][1][gc,heap      ] GC(10) ParNew: 75252K->6981K(78656K)
[2019-12-09T07:00:42.943+0000][1][gc,heap      ] GC(10) CMS: 11660K->14248K(174784K)
[2019-12-09T07:00:42.943+0000][1][gc,metaspace ] GC(10) Metaspace: 20638K->20638K(1069056K)
[2019-12-09T07:00:42.943+0000][1][gc           ] GC(10) Pause Young (Allocation Failure) 84M->20M(247M) 154.461ms
[2019-12-09T07:00:42.943+0000][1][gc,cpu       ] GC(10) User=0.03s Sys=0.00s Real=0.15s
[2019-12-09T07:00:42.943+0000][1][safepoint    ] Leaving safepoint region
[2019-12-09T07:00:42.943+0000][1][safepoint    ] Total time for which application threads were stopped: 0.1545967 seconds, Stopping threads took: 0.0000152 seconds
[2019-12-09T07:00:42.948+0000][1][safepoint    ] Application time: 0.0047172 seconds
[2019-12-09T07:00:42.956+0000][1][safepoint    ] Entering safepoint region: CMS_Final_Remark
[2019-12-09T07:00:42.956+0000][1][gc,start     ] GC(9) Pause Remark
[2019-12-09T07:00:42.993+0000][1][gc           ] GC(9) Pause Remark 24M->24M(247M) 37.400ms
[2019-12-09T07:00:42.993+0000][1][gc,cpu       ] GC(9) User=0.02s Sys=0.00s Real=0.03s
[2019-12-09T07:00:42.993+0000][1][safepoint    ] Leaving safepoint region
[2019-12-09T07:00:42.993+0000][1][safepoint    ] Total time for which application threads were stopped: 0.0455665 seconds, Stopping threads took: 0.0080490 seconds
[2019-12-09T07:00:42.993+0000][1][gc           ] GC(9) Concurrent Sweep
[2019-12-09T07:00:43.030+0000][1][gc           ] GC(9) Concurrent Sweep 36.434ms
[2019-12-09T07:00:43.030+0000][1][gc,cpu       ] GC(9) User=0.01s Sys=0.00s Real=0.04s
[2019-12-09T07:00:43.030+0000][1][gc           ] GC(9) Concurrent Reset
[2019-12-09T07:00:43.030+0000][1][gc           ] GC(9) Concurrent Reset 0.315ms
[2019-12-09T07:00:43.030+0000][1][gc,cpu       ] GC(9) User=0.00s Sys=0.00s Real=0.00s
[2019-12-09T07:00:43.030+0000][1][gc,heap      ] GC(9) Old: 11660K->14238K(174784K)
[2019-12-09T07:00:43.073+0000][1][safepoint    ] Application time: 0.0797964 seconds
[2019-12-09T07:00:43.073+0000][1][safepoint    ] Entering safepoint region: RevokeBias
[2019-12-09T07:00:43.074+0000][1][safepoint    ] Leaving safepoint region
[2019-12-09T07:00:43.074+0000][1][safepoint    ] Total time for which application threads were stopped: 0.0005481 seconds, Stopping threads took: 0.0000136 seconds
[2019-12-09T07:00:43.103+0000][1][safepoint    ] Application time: 0.0292976 seconds
[2019-12-09T07:00:43.103+0000][1][safepoint    ] Entering safepoint region: RevokeBias
[2019-12-09T07:00:43.103+0000][1][safepoint    ] Leaving safepoint region
[2019-12-09T07:00:43.103+0000][1][safepoint    ] Total time for which application threads were stopped: 0.0001250 seconds, Stopping threads took: 0.0000136 seconds
[2019-12-09T07:00:43.471+0000][1][safepoint    ] Application time: 0.3676010 seconds
[2019-12-09T07:00:43.471+0000][1][safepoint    ] Entering safepoint region: RevokeBias
[2019-12-09T07:00:43.471+0000][1][safepoint    ] Leaving safepoint region
[2019-12-09T07:00:43.471+0000][1][safepoint    ] Total time for which application threads were stopped: 0.0000835 seconds, Stopping threads took: 0.0000131 seconds
[2019-12-09T07:00:43.497+0000][1][safepoint    ] Application time: 0.0260020 seconds
[2019-12-09T07:00:43.497+0000][1][safepoint    ] Entering safepoint region: RevokeBias
[2019-12-09T07:00:43.497+0000][1][safepoint    ] Leaving safepoint region
[2019-12-09T07:00:43.497+0000][1][safepoint    ] Total time for which application threads were stopped: 0.0000842 seconds, Stopping threads took: 0.0000130 seconds
[2019-12-09T07:00:43.748+0000][1][safepoint    ] Application time: 0.2506788 seconds
[2019-12-09T07:00:43.748+0000][1][safepoint    ] Entering safepoint region: RevokeBias
[2019-12-09T07:00:43.748+0000][1][safepoint    ] Leaving safepoint region
[2019-12-09T07:00:43.748+0000][1][safepoint    ] Total time for which application threads were stopped: 0.0000997 seconds, Stopping threads took: 0.0000139 seconds
[2019-12-09T07:00:43.771+0000][1][safepoint    ] Application time: 0.0228591 seconds
[2019-12-09T07:00:43.771+0000][1][safepoint    ] Entering safepoint region: RevokeBias
[2019-12-09T07:00:43.771+0000][1][safepoint    ] Leaving safepoint region
[2019-12-09T07:00:43.771+0000][1][safepoint    ] Total time for which application threads were stopped: 0.0002446 seconds, Stopping threads took: 0.0000147 seconds
[2019-12-09T07:00:43.795+0000][1][safepoint    ] Application time: 0.0243780 seconds
[2019-12-09T07:00:43.795+0000][1][safepoint    ] Entering safepoint region: RevokeBias
[2019-12-09T07:00:43.795+0000][1][safepoint    ] Leaving safepoint region
[2019-12-09T07:00:43.795+0000][1][safepoint    ] Total time for which application threads were stopped: 0.0000900 seconds, Stopping threads took: 0.0000135 seconds
[2019-12-09T07:00:43.874+0000][1][safepoint    ] Application time: 0.0780348 seconds
[2019-12-09T07:00:43.874+0000][1][safepoint    ] Entering safepoint region: GenCollectForAllocation
[2019-12-09T07:00:43.874+0000][1][gc,start     ] GC(11) Pause Young (Allocation Failure)
[2019-12-09T07:00:43.874+0000][1][gc,task      ] GC(11) Using 2 workers of 2 for evacuation
[2019-12-09T07:00:43.944+0000][1][gc,age       ] GC(11) Desired survivor size 4456448 bytes, new threshold 6 (max threshold 6)
[2019-12-09T07:00:43.944+0000][1][gc,age       ] GC(11) Age table with threshold 6 (max threshold 6)
[2019-12-09T07:00:43.944+0000][1][gc,age       ] GC(11) - age   1:    1014648 bytes,    1014648 total
[2019-12-09T07:00:43.944+0000][1][gc,age       ] GC(11) - age   2:      97480 bytes,    1112128 total
[2019-12-09T07:00:43.944+0000][1][gc,age       ] GC(11) - age   3:     632552 bytes,    1744680 total
[2019-12-09T07:00:43.944+0000][1][gc,age       ] GC(11) - age   4:     377936 bytes,    2122616 total
[2019-12-09T07:00:43.944+0000][1][gc,age       ] GC(11) - age   5:    1128368 bytes,    3250984 total
[2019-12-09T07:00:43.944+0000][1][gc,heap      ] GC(11) ParNew: 76933K->4876K(78656K)
[2019-12-09T07:00:43.944+0000][1][gc,heap      ] GC(11) CMS: 14238K->14238K(174784K)
[2019-12-09T07:00:43.944+0000][1][gc,metaspace ] GC(11) Metaspace: 20701K->20701K(1069056K)
[2019-12-09T07:00:43.944+0000][1][gc           ] GC(11) Pause Young (Allocation Failure) 89M->18M(247M) 70.379ms
[2019-12-09T07:00:43.944+0000][1][gc,cpu       ] GC(11) User=0.02s Sys=0.00s Real=0.07s
[2019-12-09T07:00:43.944+0000][1][safepoint    ] Leaving safepoint region
[2019-12-09T07:00:43.944+0000][1][safepoint    ] Total time for which application threads were stopped: 0.0705157 seconds, Stopping threads took: 0.0000135 seconds
[2019-12-09T07:00:44.010+0000][1][safepoint    ] Application time: 0.0653981 seconds
[2019-12-09T07:00:44.027+0000][1][safepoint    ] Entering safepoint region: RevokeBias
[2019-12-09T07:00:44.027+0000][1][safepoint    ] Leaving safepoint region
[2019-12-09T07:00:44.027+0000][1][safepoint    ] Total time for which application threads were stopped: 0.0172991 seconds, Stopping threads took: 0.0172191 seconds
[2019-12-09T07:00:44.049+0000][1][safepoint    ] Application time: 0.0223756 seconds
[2019-12-09T07:00:44.049+0000][1][safepoint    ] Entering safepoint region: RevokeBias
[2019-12-09T07:00:44.049+0000][1][safepoint    ] Leaving safepoint region
[2019-12-09T07:00:44.049+0000][1][safepoint    ] Total time for which application threads were stopped: 0.0001017 seconds, Stopping threads took: 0.0000145 seconds
[2019-12-09T07:00:44.206+0000][1][safepoint    ] Application time: 0.1562402 seconds
[2019-12-09T07:00:44.206+0000][1][safepoint    ] Entering safepoint region: RevokeBias
[2019-12-09T07:00:44.206+0000][1][safepoint    ] Leaving safepoint region
[2019-12-09T07:00:44.206+0000][1][safepoint    ] Total time for which application threads were stopped: 0.0001764 seconds, Stopping threads took: 0.0000142 seconds
[2019-12-09T07:00:44.207+0000][1][safepoint    ] Application time: 0.0013902 seconds
[2019-12-09T07:00:44.207+0000][1][safepoint    ] Entering safepoint region: RevokeBias
[2019-12-09T07:00:44.207+0000][1][safepoint    ] Leaving safepoint region
[2019-12-09T07:00:44.207+0000][1][safepoint    ] Total time for which application threads were stopped: 0.0000693 seconds, Stopping threads took: 0.0000118 seconds
[2019-12-09T07:00:44.584+0000][1][safepoint    ] Application time: 0.3768997 seconds
[2019-12-09T07:00:44.584+0000][1][safepoint    ] Entering safepoint region: RevokeBias
[2019-12-09T07:00:44.584+0000][1][safepoint    ] Leaving safepoint region
[2019-12-09T07:00:44.584+0000][1][safepoint    ] Total time for which application threads were stopped: 0.0000814 seconds, Stopping threads took: 0.0000136 seconds
[2019-12-09T07:00:44.619+0000][1][safepoint    ] Application time: 0.0343961 seconds
[2019-12-09T07:00:44.619+0000][1][safepoint    ] Entering safepoint region: RevokeBias
[2019-12-09T07:00:44.619+0000][1][safepoint    ] Leaving safepoint region
[2019-12-09T07:00:44.619+0000][1][safepoint    ] Total time for which application threads were stopped: 0.0000888 seconds, Stopping threads took: 0.0000138 seconds
[2019-12-09T07:00:44.836+0000][1][safepoint    ] Application time: 0.2169954 seconds
[2019-12-09T07:00:44.836+0000][1][safepoint    ] Entering safepoint region: Deoptimize
[2019-12-09T07:00:44.836+0000][1][safepoint    ] Leaving safepoint region
[2019-12-09T07:00:44.836+0000][1][safepoint    ] Total time for which application threads were stopped: 0.0004264 seconds, Stopping threads took: 0.0000140 seconds
[2019-12-09T07:00:45.990+0000][1][safepoint    ] Application time: 1.1533341 seconds
[2019-12-09T07:00:45.998+0000][1][safepoint    ] Entering safepoint region: Cleanup
[2019-12-09T07:00:45.998+0000][1][safepoint    ] Leaving safepoint region
[2019-12-09T07:00:45.998+0000][1][safepoint    ] Total time for which application threads were stopped: 0.0080777 seconds, Stopping threads took: 0.0079943 seconds
[2019-12-09T07:00:46.552+0000][1][safepoint    ] Application time: 0.5538767 seconds
[2019-12-09T07:00:46.552+0000][1][safepoint    ] Entering safepoint region: GenCollectForAllocation
[2019-12-09T07:00:46.552+0000][1][gc,start     ] GC(12) Pause Young (Allocation Failure)
[2019-12-09T07:00:46.552+0000][1][gc,task      ] GC(12) Using 2 workers of 2 for evacuation
[2019-12-09T07:00:46.624+0000][1][gc,age       ] GC(12) Desired survivor size 4456448 bytes, new threshold 6 (max threshold 6)
[2019-12-09T07:00:46.624+0000][1][gc,age       ] GC(12) Age table with threshold 6 (max threshold 6)
[2019-12-09T07:00:46.624+0000][1][gc,age       ] GC(12) - age   1:    1118504 bytes,    1118504 total
[2019-12-09T07:00:46.624+0000][1][gc,age       ] GC(12) - age   2:     305912 bytes,    1424416 total
[2019-12-09T07:00:46.624+0000][1][gc,age       ] GC(12) - age   3:      97480 bytes,    1521896 total
[2019-12-09T07:00:46.624+0000][1][gc,age       ] GC(12) - age   4:     632488 bytes,    2154384 total
[2019-12-09T07:00:46.624+0000][1][gc,age       ] GC(12) - age   5:     377936 bytes,    2532320 total
[2019-12-09T07:00:46.624+0000][1][gc,age       ] GC(12) - age   6:    1128368 bytes,    3660688 total
[2019-12-09T07:00:46.624+0000][1][gc,heap      ] GC(12) ParNew: 74725K->4486K(78656K)
[2019-12-09T07:00:46.624+0000][1][gc,heap      ] GC(12) CMS: 14238K->14238K(174784K)
[2019-12-09T07:00:46.624+0000][1][gc,metaspace ] GC(12) Metaspace: 22995K->22995K(1071104K)
[2019-12-09T07:00:46.624+0000][1][gc           ] GC(12) Pause Young (Allocation Failure) 86M->18M(247M) 72.487ms
[2019-12-09T07:00:46.624+0000][1][gc,cpu       ] GC(12) User=0.01s Sys=0.00s Real=0.07s
[2019-12-09T07:00:46.624+0000][1][safepoint    ] Leaving safepoint region
[2019-12-09T07:00:46.625+0000][1][safepoint    ] Total time for which application threads were stopped: 0.0727603 seconds, Stopping threads took: 0.0000125 seconds
[2019-12-09T07:00:47.471+0000][1][safepoint    ] Application time: 0.8462816 seconds
[2019-12-09T07:00:47.471+0000][1][safepoint    ] Entering safepoint region: Deoptimize
[2019-12-09T07:00:47.471+0000][1][safepoint    ] Leaving safepoint region
[2019-12-09T07:00:47.471+0000][1][safepoint    ] Total time for which application threads were stopped: 0.0004374 seconds, Stopping threads took: 0.0000134 seconds
[2019-12-09T07:00:48.224+0000][1][safepoint    ] Application time: 0.7527118 seconds
[2019-12-09T07:00:48.224+0000][1][safepoint    ] Entering safepoint region: Deoptimize
[2019-12-09T07:00:48.224+0000][1][safepoint    ] Leaving safepoint region
[2019-12-09T07:00:48.224+0000][1][safepoint    ] Total time for which application threads were stopped: 0.0004510 seconds, Stopping threads took: 0.0000115 seconds
[2019-12-09T07:00:48.337+0000][1][safepoint    ] Application time: 0.1128576 seconds
[2019-12-09T07:00:48.337+0000][1][safepoint    ] Entering safepoint region: Deoptimize
[2019-12-09T07:00:48.338+0000][1][safepoint    ] Leaving safepoint region
[2019-12-09T07:00:48.338+0000][1][safepoint    ] Total time for which application threads were stopped: 0.0004639 seconds, Stopping threads took: 0.0000133 seconds
[2019-12-09T07:00:48.352+0000][1][safepoint    ] Application time: 0.0142836 seconds
[2019-12-09T07:00:48.352+0000][1][safepoint    ] Entering safepoint region: Deoptimize
[2019-12-09T07:00:48.353+0000][1][safepoint    ] Leaving safepoint region
[2019-12-09T07:00:48.353+0000][1][safepoint    ] Total time for which application threads were stopped: 0.0004148 seconds, Stopping threads took: 0.0000140 seconds
[2019-12-09T07:00:49.353+0000][1][safepoint    ] Application time: 1.0001228 seconds
[2019-12-09T07:00:49.353+0000][1][safepoint    ] Entering safepoint region: Cleanup
[2019-12-09T07:00:49.353+0000][1][safepoint    ] Leaving safepoint region
[2019-12-09T07:00:49.353+0000][1][safepoint    ] Total time for which application threads were stopped: 0.0000823 seconds, Stopping threads took: 0.0000451 seconds
[2019-12-09T07:00:50.354+0000][1][safepoint    ] Application time: 1.0008980 seconds
[2019-12-09T07:00:50.407+0000][1][safepoint    ] Entering safepoint region: Cleanup
[2019-12-09T07:00:50.407+0000][1][safepoint    ] Leaving safepoint region
[2019-12-09T07:00:50.407+0000][1][safepoint    ] Total time for which application threads were stopped: 0.0532860 seconds, Stopping threads took: 0.0530391 seconds
[2019-12-09T07:00:51.415+0000][1][safepoint    ] Application time: 1.0076536 seconds
[2019-12-09T07:00:51.484+0000][1][safepoint    ] Entering safepoint region: Cleanup
[2019-12-09T07:00:51.484+0000][1][safepoint    ] Leaving safepoint region
[2019-12-09T07:00:51.484+0000][1][safepoint    ] Total time for which application threads were stopped: 0.0692387 seconds, Stopping threads took: 0.0691606 seconds
[2019-12-09T07:00:52.494+0000][1][safepoint    ] Application time: 1.0097263 seconds
[2019-12-09T07:00:52.557+0000][1][safepoint    ] Entering safepoint region: Cleanup
[2019-12-09T07:00:52.557+0000][1][safepoint    ] Leaving safepoint region
[2019-12-09T07:00:52.557+0000][1][safepoint    ] Total time for which application threads were stopped: 0.0631661 seconds, Stopping threads took: 0.0631162 seconds
[2019-12-09T07:00:53.559+0000][1][safepoint    ] Application time: 1.0018246 seconds
[2019-12-09T07:00:53.627+0000][1][safepoint    ] Entering safepoint region: Cleanup
[2019-12-09T07:00:53.627+0000][1][safepoint    ] Leaving safepoint region
[2019-12-09T07:00:53.627+0000][1][safepoint    ] Total time for which application threads were stopped: 0.0680157 seconds, Stopping threads took: 0.0679645 seconds
[2019-12-09T07:00:54.429+0000][1][safepoint    ] Application time: 0.8024797 seconds
[2019-12-09T07:00:54.429+0000][1][safepoint    ] Entering safepoint region: GenCollectForAllocation
[2019-12-09T07:00:54.429+0000][1][gc,start     ] GC(13) Pause Young (Allocation Failure)
[2019-12-09T07:00:54.429+0000][1][gc,task      ] GC(13) Using 2 workers of 2 for evacuation
[2019-12-09T07:00:54.800+0000][1][gc,age       ] GC(13) Desired survivor size 4456448 bytes, new threshold 1 (max threshold 6)
[2019-12-09T07:00:54.800+0000][1][gc,age       ] GC(13) Age table with threshold 1 (max threshold 6)
[2019-12-09T07:00:54.800+0000][1][gc,age       ] GC(13) - age   1:    6764368 bytes,    6764368 total
[2019-12-09T07:00:54.800+0000][1][gc,age       ] GC(13) - age   2:     740248 bytes,    7504616 total
[2019-12-09T07:00:54.800+0000][1][gc,age       ] GC(13) - age   3:     305648 bytes,    7810264 total
[2019-12-09T07:00:54.800+0000][1][gc,age       ] GC(13) - age   4:      97264 bytes,    7907528 total
[2019-12-09T07:00:54.800+0000][1][gc,age       ] GC(13) - age   5:     629448 bytes,    8536976 total
[2019-12-09T07:00:54.800+0000][1][gc,age       ] GC(13) - age   6:     375744 bytes,    8912720 total
[2019-12-09T07:00:54.800+0000][1][gc,heap      ] GC(13) ParNew: 74438K->8704K(78656K)
[2019-12-09T07:00:54.800+0000][1][gc,heap      ] GC(13) CMS: 14238K->21555K(174784K)
[2019-12-09T07:00:54.800+0000][1][gc,metaspace ] GC(13) Metaspace: 27141K->27141K(1075200K)
[2019-12-09T07:00:54.800+0000][1][gc           ] GC(13) Pause Young (Allocation Failure) 86M->29M(247M) 370.630ms
[2019-12-09T07:00:54.800+0000][1][gc,cpu       ] GC(13) User=0.10s Sys=0.00s Real=0.37s
[2019-12-09T07:00:54.800+0000][1][safepoint    ] Leaving safepoint region
[2019-12-09T07:00:54.800+0000][1][safepoint    ] Total time for which application threads were stopped: 0.3707956 seconds, Stopping threads took: 0.0000147 seconds
[2019-12-09T07:00:55.801+0000][1][safepoint    ] Application time: 1.0005427 seconds
[2019-12-09T07:00:55.805+0000][1][safepoint    ] Entering safepoint region: Cleanup
[2019-12-09T07:00:55.805+0000][1][safepoint    ] Leaving safepoint region
[2019-12-09T07:00:55.805+0000][1][safepoint    ] Total time for which application threads were stopped: 0.0040523 seconds, Stopping threads took: 0.0039903 seconds
[2019-12-09T07:00:57.832+0000][1][safepoint    ] Application time: 2.0268948 seconds
[2019-12-09T07:00:57.872+0000][1][safepoint    ] Entering safepoint region: Cleanup
[2019-12-09T07:00:57.872+0000][1][safepoint    ] Leaving safepoint region
[2019-12-09T07:00:57.872+0000][1][safepoint    ] Total time for which application threads were stopped: 0.0399733 seconds, Stopping threads took: 0.0399032 seconds
[2019-12-09T07:00:58.945+0000][1][safepoint    ] Application time: 1.0730607 seconds
[2019-12-09T07:00:58.945+0000][1][safepoint    ] Entering safepoint region: GenCollectForAllocation
[2019-12-09T07:00:58.945+0000][1][gc,start     ] GC(14) Pause Young (Allocation Failure)
[2019-12-09T07:00:58.945+0000][1][gc,task      ] GC(14) Using 2 workers of 2 for evacuation
[2019-12-09T07:00:59.352+0000][1][gc,age       ] GC(14) Desired survivor size 4456448 bytes, new threshold 1 (max threshold 6)
[2019-12-09T07:00:59.352+0000][1][gc,age       ] GC(14) Age table with threshold 1 (max threshold 6)
[2019-12-09T07:00:59.352+0000][1][gc,age       ] GC(14) - age   1:    8912392 bytes,    8912392 total
[2019-12-09T07:00:59.352+0000][1][gc,heap      ] GC(14) ParNew: 78656K->8704K(78656K)
[2019-12-09T07:00:59.352+0000][1][gc,heap      ] GC(14) CMS: 21555K->34532K(174784K)
[2019-12-09T07:00:59.352+0000][1][gc,metaspace ] GC(14) Metaspace: 27167K->27167K(1075200K)
[2019-12-09T07:00:59.352+0000][1][gc           ] GC(14) Pause Young (Allocation Failure) 97M->42M(247M) 407.246ms
[2019-12-09T07:00:59.352+0000][1][gc,cpu       ] GC(14) User=0.11s Sys=0.00s Real=0.40s
[2019-12-09T07:00:59.352+0000][1][safepoint    ] Leaving safepoint region
[2019-12-09T07:00:59.352+0000][1][safepoint    ] Total time for which application threads were stopped: 0.4074170 seconds, Stopping threads took: 0.0000453 seconds
[2019-12-09T07:01:00.359+0000][1][safepoint    ] Application time: 1.0064461 seconds
[2019-12-09T07:01:00.387+0000][1][safepoint    ] Entering safepoint region: Cleanup
[2019-12-09T07:01:00.387+0000][1][safepoint    ] Leaving safepoint region
[2019-12-09T07:01:00.387+0000][1][safepoint    ] Total time for which application threads were stopped: 0.0281347 seconds, Stopping threads took: 0.0280756 seconds
[2019-12-09T07:01:01.300+0000][1][safepoint    ] Application time: 0.9127361 seconds
[2019-12-09T07:01:01.300+0000][1][safepoint    ] Entering safepoint region: RevokeBias
[2019-12-09T07:01:01.300+0000][1][safepoint    ] Leaving safepoint region
[2019-12-09T07:01:01.300+0000][1][safepoint    ] Total time for which application threads were stopped: 0.0001111 seconds, Stopping threads took: 0.0000305 seconds
[2019-12-09T07:01:02.310+0000][1][safepoint    ] Application time: 1.0099308 seconds
[2019-12-09T07:01:02.394+0000][1][safepoint    ] Entering safepoint region: Cleanup
[2019-12-09T07:01:02.394+0000][1][safepoint    ] Leaving safepoint region
[2019-12-09T07:01:02.394+0000][1][safepoint    ] Total time for which application threads were stopped: 0.0840705 seconds, Stopping threads took: 0.0840128 seconds
[2019-12-09T07:01:03.397+0000][1][safepoint    ] Application time: 1.0028500 seconds
[2019-12-09T07:01:03.412+0000][1][safepoint    ] Entering safepoint region: Cleanup
[2019-12-09T07:01:03.412+0000][1][safepoint    ] Leaving safepoint region
[2019-12-09T07:01:03.412+0000][1][safepoint    ] Total time for which application threads were stopped: 0.0156938 seconds, Stopping threads took: 0.0156142 seconds
[2019-12-09T07:01:03.569+0000][1][safepoint    ] Application time: 0.1562579 seconds
[2019-12-09T07:01:03.569+0000][1][safepoint    ] Entering safepoint region: GenCollectForAllocation
[2019-12-09T07:01:03.569+0000][1][gc,start     ] GC(15) Pause Young (Allocation Failure)
[2019-12-09T07:01:03.569+0000][1][gc,task      ] GC(15) Using 2 workers of 2 for evacuation
[2019-12-09T07:01:04.057+0000][1][gc,age       ] GC(15) Desired survivor size 4456448 bytes, new threshold 1 (max threshold 6)
[2019-12-09T07:01:04.057+0000][1][gc,age       ] GC(15) Age table with threshold 1 (max threshold 6)
[2019-12-09T07:01:04.057+0000][1][gc,age       ] GC(15) - age   1:    8912816 bytes,    8912816 total
[2019-12-09T07:01:04.057+0000][1][gc,heap      ] GC(15) ParNew: 78656K->8704K(78656K)
[2019-12-09T07:01:04.057+0000][1][gc,heap      ] GC(15) CMS: 34532K->45973K(174784K)
[2019-12-09T07:01:04.057+0000][1][gc,metaspace ] GC(15) Metaspace: 29706K->29706K(1077248K)
[2019-12-09T07:01:04.057+0000][1][gc           ] GC(15) Pause Young (Allocation Failure) 110M->53M(247M) 488.094ms
[2019-12-09T07:01:04.057+0000][1][gc,cpu       ] GC(15) User=0.14s Sys=0.00s Real=0.49s
[2019-12-09T07:01:04.057+0000][1][safepoint    ] Leaving safepoint region
[2019-12-09T07:01:04.057+0000][1][safepoint    ] Total time for which application threads were stopped: 0.4882399 seconds, Stopping threads took: 0.0000142 seconds
[2019-12-09T07:01:04.681+0000][1][safepoint    ] Application time: 0.6241983 seconds
[2019-12-09T07:01:04.681+0000][1][safepoint    ] Entering safepoint region: RevokeBias
[2019-12-09T07:01:04.681+0000][1][safepoint    ] Leaving safepoint region
[2019-12-09T07:01:04.681+0000][1][safepoint    ] Total time for which application threads were stopped: 0.0000925 seconds, Stopping threads took: 0.0000139 seconds
[2019-12-09T07:01:05.047+0000][1][safepoint    ] Application time: 0.3656591 seconds
[2019-12-09T07:01:05.047+0000][1][safepoint    ] Entering safepoint region: RevokeBias
[2019-12-09T07:01:05.047+0000][1][safepoint    ] Leaving safepoint region
[2019-12-09T07:01:05.047+0000][1][safepoint    ] Total time for which application threads were stopped: 0.0000878 seconds, Stopping threads took: 0.0000197 seconds
[2019-12-09T07:01:05.069+0000][1][safepoint    ] Application time: 0.0215309 seconds
[2019-12-09T07:01:05.069+0000][1][safepoint    ] Entering safepoint region: RevokeBias
[2019-12-09T07:01:05.069+0000][1][safepoint    ] Leaving safepoint region
[2019-12-09T07:01:05.069+0000][1][safepoint    ] Total time for which application threads were stopped: 0.0000820 seconds, Stopping threads took: 0.0000157 seconds
[2019-12-09T07:01:05.161+0000][1][safepoint    ] Application time: 0.0920616 seconds
[2019-12-09T07:01:05.161+0000][1][safepoint    ] Entering safepoint region: RevokeBias
[2019-12-09T07:01:05.161+0000][1][safepoint    ] Leaving safepoint region
[2019-12-09T07:01:05.161+0000][1][safepoint    ] Total time for which application threads were stopped: 0.0000826 seconds, Stopping threads took: 0.0000139 seconds
[2019-12-09T07:01:05.179+0000][1][safepoint    ] Application time: 0.0181896 seconds
[2019-12-09T07:01:05.179+0000][1][safepoint    ] Entering safepoint region: RevokeBias
[2019-12-09T07:01:05.179+0000][1][safepoint    ] Leaving safepoint region
[2019-12-09T07:01:05.179+0000][1][safepoint    ] Total time for which application threads were stopped: 0.0000787 seconds, Stopping threads took: 0.0000134 seconds
[2019-12-09T07:01:05.235+0000][1][safepoint    ] Application time: 0.0555679 seconds
[2019-12-09T07:01:05.235+0000][1][safepoint    ] Entering safepoint region: RevokeBias
[2019-12-09T07:01:05.235+0000][1][safepoint    ] Leaving safepoint region
[2019-12-09T07:01:05.235+0000][1][safepoint    ] Total time for which application threads were stopped: 0.0000830 seconds, Stopping threads took: 0.0000141 seconds
[2019-12-09T07:01:05.245+0000][1][safepoint    ] Application time: 0.0104485 seconds
[2019-12-09T07:01:05.245+0000][1][safepoint    ] Entering safepoint region: RevokeBias
[2019-12-09T07:01:05.246+0000][1][safepoint    ] Leaving safepoint region
[2019-12-09T07:01:05.246+0000][1][safepoint    ] Total time for which application threads were stopped: 0.0000696 seconds, Stopping threads took: 0.0000122 seconds
[2019-12-09T07:01:05.292+0000][1][safepoint    ] Application time: 0.0465924 seconds
[2019-12-09T07:01:05.292+0000][1][safepoint    ] Entering safepoint region: RevokeBias
[2019-12-09T07:01:05.292+0000][1][safepoint    ] Leaving safepoint region
[2019-12-09T07:01:05.292+0000][1][safepoint    ] Total time for which application threads were stopped: 0.0000821 seconds, Stopping threads took: 0.0000137 seconds
[2019-12-09T07:01:06.320+0000][1][safepoint    ] Application time: 1.0274191 seconds
[2019-12-09T07:01:06.320+0000][1][safepoint    ] Entering safepoint region: Cleanup
[2019-12-09T07:01:06.320+0000][1][safepoint    ] Leaving safepoint region
[2019-12-09T07:01:06.320+0000][1][safepoint    ] Total time for which application threads were stopped: 0.0001091 seconds, Stopping threads took: 0.0000678 seconds
[2019-12-09T07:01:07.093+0000][1][safepoint    ] Application time: 0.7727513 seconds
[2019-12-09T07:01:07.093+0000][1][safepoint    ] Entering safepoint region: GenCollectForAllocation
[2019-12-09T07:01:07.093+0000][1][gc,start     ] GC(16) Pause Young (Allocation Failure)
[2019-12-09T07:01:07.093+0000][1][gc,task      ] GC(16) Using 2 workers of 2 for evacuation
[2019-12-09T07:01:07.376+0000][1][gc,age       ] GC(16) Desired survivor size 4456448 bytes, new threshold 6 (max threshold 6)
[2019-12-09T07:01:07.376+0000][1][gc,age       ] GC(16) Age table with threshold 6 (max threshold 6)
[2019-12-09T07:01:07.376+0000][1][gc,age       ] GC(16) - age   1:    1246960 bytes,    1246960 total
[2019-12-09T07:01:07.376+0000][1][gc,heap      ] GC(16) ParNew: 78656K->8621K(78656K)
[2019-12-09T07:01:07.376+0000][1][gc,heap      ] GC(16) CMS: 45973K->54735K(174784K)
[2019-12-09T07:01:07.376+0000][1][gc,metaspace ] GC(16) Metaspace: 33114K->33114K(1079296K)
[2019-12-09T07:01:07.376+0000][1][gc           ] GC(16) Pause Young (Allocation Failure) 121M->61M(247M) 283.448ms
[2019-12-09T07:01:07.376+0000][1][gc,cpu       ] GC(16) User=0.05s Sys=0.00s Real=0.29s
[2019-12-09T07:01:07.376+0000][1][safepoint    ] Leaving safepoint region
[2019-12-09T07:01:07.376+0000][1][safepoint    ] Total time for which application threads were stopped: 0.2836265 seconds, Stopping threads took: 0.0000316 seconds
[2019-12-09T07:01:08.416+0000][1][safepoint    ] Application time: 1.0394220 seconds
[2019-12-09T07:01:08.499+0000][1][safepoint    ] Entering safepoint region: Cleanup
[2019-12-09T07:01:08.499+0000][1][safepoint    ] Leaving safepoint region
[2019-12-09T07:01:08.499+0000][1][safepoint    ] Total time for which application threads were stopped: 0.0831511 seconds, Stopping threads took: 0.0830511 seconds
[2019-12-09T07:01:09.288+0000][1][safepoint    ] Application time: 0.7888012 seconds
[2019-12-09T07:01:09.288+0000][1][safepoint    ] Entering safepoint region: CollectForMetadataAllocation
[2019-12-09T07:01:09.288+0000][1][safepoint    ] Leaving safepoint region
[2019-12-09T07:01:09.288+0000][1][safepoint    ] Total time for which application threads were stopped: 0.0001879 seconds, Stopping threads took: 0.0000134 seconds
[2019-12-09T07:01:09.385+0000][1][safepoint    ] Application time: 0.0966388 seconds
[2019-12-09T07:01:09.385+0000][1][safepoint    ] Entering safepoint region: CMS_Initial_Mark
[2019-12-09T07:01:09.385+0000][1][gc,start     ] GC(17) Pause Initial Mark
[2019-12-09T07:01:09.491+0000][1][gc           ] GC(17) Pause Initial Mark 123M->123M(247M) 106.038ms
[2019-12-09T07:01:09.491+0000][1][gc,cpu       ] GC(17) User=0.03s Sys=0.00s Real=0.10s
[2019-12-09T07:01:09.491+0000][1][safepoint    ] Leaving safepoint region
[2019-12-09T07:01:09.491+0000][1][safepoint    ] Total time for which application threads were stopped: 0.1062871 seconds, Stopping threads took: 0.0001061 seconds
[2019-12-09T07:01:09.499+0000][1][gc           ] GC(17) Concurrent Mark
[2019-12-09T07:01:09.661+0000][1][safepoint    ] Application time: 0.1698159 seconds
[2019-12-09T07:01:09.661+0000][1][safepoint    ] Entering safepoint region: CollectForMetadataAllocation
[2019-12-09T07:01:09.661+0000][1][safepoint    ] Leaving safepoint region
[2019-12-09T07:01:09.661+0000][1][safepoint    ] Total time for which application threads were stopped: 0.0001699 seconds, Stopping threads took: 0.0000169 seconds
[2019-12-09T07:01:10.287+0000][1][safepoint    ] Application time: 0.6263450 seconds
[2019-12-09T07:01:10.287+0000][1][safepoint    ] Entering safepoint region: CollectForMetadataAllocation
[2019-12-09T07:01:10.288+0000][1][safepoint    ] Leaving safepoint region
[2019-12-09T07:01:10.288+0000][1][safepoint    ] Total time for which application threads were stopped: 0.0002546 seconds, Stopping threads took: 0.0000148 seconds
[2019-12-09T07:01:10.586+0000][1][gc           ] GC(17) Concurrent Mark 1086.915ms
[2019-12-09T07:01:10.586+0000][1][gc,cpu       ] GC(17) User=0.25s Sys=0.01s Real=1.09s
[2019-12-09T07:01:10.586+0000][1][gc           ] GC(17) Concurrent Preclean
[2019-12-09T07:01:10.607+0000][1][safepoint    ] Application time: 0.3194363 seconds
[2019-12-09T07:01:10.607+0000][1][safepoint    ] Entering safepoint region: CollectForMetadataAllocation
[2019-12-09T07:01:10.607+0000][1][safepoint    ] Leaving safepoint region
[2019-12-09T07:01:10.607+0000][1][safepoint    ] Total time for which application threads were stopped: 0.0002366 seconds, Stopping threads took: 0.0000144 seconds
[2019-12-09T07:01:10.608+0000][1][gc           ] GC(17) Concurrent Preclean 22.512ms
[2019-12-09T07:01:10.608+0000][1][gc,cpu       ] GC(17) User=0.00s Sys=0.00s Real=0.02s
[2019-12-09T07:01:10.608+0000][1][gc           ] GC(17) Concurrent Abortable Preclean
[2019-12-09T07:01:10.758+0000][1][safepoint    ] Application time: 0.1504027 seconds
[2019-12-09T07:01:10.758+0000][1][safepoint    ] Entering safepoint region: CollectForMetadataAllocation
[2019-12-09T07:01:10.758+0000][1][safepoint    ] Leaving safepoint region
[2019-12-09T07:01:10.758+0000][1][safepoint    ] Total time for which application threads were stopped: 0.0002587 seconds, Stopping threads took: 0.0000153 seconds
[2019-12-09T07:01:11.034+0000][1][safepoint    ] Application time: 0.2758696 seconds
[2019-12-09T07:01:11.034+0000][1][safepoint    ] Entering safepoint region: CollectForMetadataAllocation
[2019-12-09T07:01:11.034+0000][1][safepoint    ] Leaving safepoint region
[2019-12-09T07:01:11.034+0000][1][safepoint    ] Total time for which application threads were stopped: 0.0001952 seconds, Stopping threads took: 0.0000146 seconds
[2019-12-09T07:01:11.372+0000][1][safepoint    ] Application time: 0.3375491 seconds
[2019-12-09T07:01:11.372+0000][1][safepoint    ] Entering safepoint region: CollectForMetadataAllocation
[2019-12-09T07:01:11.372+0000][1][safepoint    ] Leaving safepoint region
[2019-12-09T07:01:11.372+0000][1][safepoint    ] Total time for which application threads were stopped: 0.0002418 seconds, Stopping threads took: 0.0000141 seconds
[2019-12-09T07:01:11.548+0000][1][safepoint    ] Application time: 0.1764097 seconds
[2019-12-09T07:01:11.548+0000][1][safepoint    ] Entering safepoint region: GenCollectForAllocation
[2019-12-09T07:01:11.549+0000][1][gc,start     ] GC(18) Pause Young (Allocation Failure)
[2019-12-09T07:01:11.549+0000][1][gc,task      ] GC(18) Using 2 workers of 2 for evacuation
[2019-12-09T07:01:11.603+0000][1][gc           ] GC(17) Concurrent Abortable Preclean 994.388ms
[2019-12-09T07:01:11.603+0000][1][gc,cpu       ] GC(17) User=0.23s Sys=0.00s Real=0.99s
[2019-12-09T07:01:11.656+0000][1][gc,age       ] GC(18) Desired survivor size 4456448 bytes, new threshold 6 (max threshold 6)
[2019-12-09T07:01:11.656+0000][1][gc,age       ] GC(18) Age table with threshold 6 (max threshold 6)
[2019-12-09T07:01:11.656+0000][1][gc,age       ] GC(18) - age   1:    2031664 bytes,    2031664 total
[2019-12-09T07:01:11.656+0000][1][gc,age       ] GC(18) - age   2:    1181624 bytes,    3213288 total
[2019-12-09T07:01:11.656+0000][1][gc,heap      ] GC(18) ParNew: 78573K->3575K(78656K)
[2019-12-09T07:01:11.656+0000][1][gc,heap      ] GC(18) CMS: 54735K->54735K(174784K)
[2019-12-09T07:01:11.656+0000][1][gc,metaspace ] GC(18) Metaspace: 35736K->35736K(1083392K)
[2019-12-09T07:01:11.656+0000][1][gc           ] GC(18) Pause Young (Allocation Failure) 130M->56M(247M) 107.814ms
[2019-12-09T07:01:11.656+0000][1][gc,cpu       ] GC(18) User=0.02s Sys=0.00s Real=0.11s
[2019-12-09T07:01:11.656+0000][1][safepoint    ] Leaving safepoint region
[2019-12-09T07:01:11.656+0000][1][safepoint    ] Total time for which application threads were stopped: 0.1079549 seconds, Stopping threads took: 0.0000158 seconds
[2019-12-09T07:01:11.657+0000][1][safepoint    ] Application time: 0.0006680 seconds
[2019-12-09T07:01:11.661+0000][1][safepoint    ] Entering safepoint region: CMS_Final_Remark
[2019-12-09T07:01:11.661+0000][1][gc,start     ] GC(17) Pause Remark
[2019-12-09T07:01:11.814+0000][1][gc           ] GC(17) Pause Remark 58M->58M(247M) 153.646ms
[2019-12-09T07:01:11.814+0000][1][gc,cpu       ] GC(17) User=0.03s Sys=0.00s Real=0.15s
[2019-12-09T07:01:11.814+0000][1][safepoint    ] Leaving safepoint region
[2019-12-09T07:01:11.815+0000][1][safepoint    ] Total time for which application threads were stopped: 0.1574146 seconds, Stopping threads took: 0.0036350 seconds
[2019-12-09T07:01:11.817+0000][1][gc           ] GC(17) Concurrent Sweep
[2019-12-09T07:01:11.984+0000][1][gc           ] GC(17) Concurrent Sweep 167.729ms
[2019-12-09T07:01:11.985+0000][1][gc,cpu       ] GC(17) User=0.05s Sys=0.01s Real=0.16s
[2019-12-09T07:01:11.985+0000][1][gc           ] GC(17) Concurrent Reset
[2019-12-09T07:01:11.985+0000][1][gc           ] GC(17) Concurrent Reset 0.317ms
[2019-12-09T07:01:11.985+0000][1][gc,cpu       ] GC(17) User=0.00s Sys=0.00s Real=0.01s
[2019-12-09T07:01:11.985+0000][1][gc,heap      ] GC(17) Old: 54735K->54506K(174784K)
[2019-12-09T07:01:12.503+0000][1][safepoint    ] Application time: 0.6882298 seconds
[2019-12-09T07:01:12.503+0000][1][safepoint    ] Entering safepoint region: RevokeBias
[2019-12-09T07:01:12.503+0000][1][safepoint    ] Leaving safepoint region
[2019-12-09T07:01:12.503+0000][1][safepoint    ] Total time for which application threads were stopped: 0.0006518 seconds, Stopping threads took: 0.0000384 seconds
[2019-12-09T07:01:13.505+0000][1][safepoint    ] Application time: 1.0012604 seconds
[2019-12-09T07:01:13.507+0000][1][safepoint    ] Entering safepoint region: Cleanup
[2019-12-09T07:01:13.507+0000][1][safepoint    ] Leaving safepoint region
[2019-12-09T07:01:13.507+0000][1][safepoint    ] Total time for which application threads were stopped: 0.0021390 seconds, Stopping threads took: 0.0020757 seconds
[2019-12-09T07:01:14.560+0000][1][safepoint    ] Application time: 1.0528241 seconds
[2019-12-09T07:01:14.564+0000][1][safepoint    ] Entering safepoint region: Cleanup
[2019-12-09T07:01:14.564+0000][1][safepoint    ] Leaving safepoint region
[2019-12-09T07:01:14.564+0000][1][safepoint    ] Total time for which application threads were stopped: 0.0040148 seconds, Stopping threads took: 0.0039793 seconds
[2019-12-09T07:01:15.572+0000][1][safepoint    ] Application time: 1.0079312 seconds
[2019-12-09T07:01:15.618+0000][1][safepoint    ] Entering safepoint region: Cleanup
[2019-12-09T07:01:15.618+0000][1][safepoint    ] Leaving safepoint region
[2019-12-09T07:01:15.618+0000][1][safepoint    ] Total time for which application threads were stopped: 0.0460331 seconds, Stopping threads took: 0.0459915 seconds
[2019-12-09T07:01:15.823+0000][1][safepoint    ] Application time: 0.2049283 seconds
[2019-12-09T07:01:15.828+0000][1][safepoint    ] Entering safepoint region: RevokeBias
[2019-12-09T07:01:15.828+0000][1][safepoint    ] Leaving safepoint region
[2019-12-09T07:01:15.828+0000][1][safepoint    ] Total time for which application threads were stopped: 0.0050909 seconds, Stopping threads took: 0.0050296 seconds
[2019-12-09T07:01:15.840+0000][1][safepoint    ] Application time: 0.0124854 seconds
[2019-12-09T07:01:15.851+0000][1][safepoint    ] Entering safepoint region: RevokeBias
[2019-12-09T07:01:15.851+0000][1][safepoint    ] Leaving safepoint region
[2019-12-09T07:01:15.851+0000][1][safepoint    ] Total time for which application threads were stopped: 0.0106171 seconds, Stopping threads took: 0.0105370 seconds
[2019-12-09T07:01:16.855+0000][1][safepoint    ] Application time: 1.0037211 seconds
[2019-12-09T07:01:16.901+0000][1][safepoint    ] Entering safepoint region: Cleanup
[2019-12-09T07:01:16.901+0000][1][safepoint    ] Leaving safepoint region
[2019-12-09T07:01:16.901+0000][1][safepoint    ] Total time for which application threads were stopped: 0.0460757 seconds, Stopping threads took: 0.0460226 seconds
[2019-12-09T07:01:17.917+0000][1][safepoint    ] Application time: 1.0158799 seconds
[2019-12-09T07:01:17.961+0000][1][safepoint    ] Entering safepoint region: Cleanup
[2019-12-09T07:01:17.961+0000][1][safepoint    ] Leaving safepoint region
[2019-12-09T07:01:17.961+0000][1][safepoint    ] Total time for which application threads were stopped: 0.0443518 seconds, Stopping threads took: 0.0443040 seconds
[2019-12-09T07:01:18.962+0000][1][safepoint    ] Application time: 1.0006098 seconds
[2019-12-09T07:01:18.962+0000][1][safepoint    ] Entering safepoint region: Cleanup
[2019-12-09T07:01:18.962+0000][1][safepoint    ] Leaving safepoint region
[2019-12-09T07:01:18.962+0000][1][safepoint    ] Total time for which application threads were stopped: 0.0000873 seconds, Stopping threads took: 0.0000470 seconds
[2019-12-09T07:01:19.969+0000][1][safepoint    ] Application time: 1.0068708 seconds
[2019-12-09T07:01:19.969+0000][1][safepoint    ] Entering safepoint region: Cleanup
[2019-12-09T07:01:19.969+0000][1][safepoint    ] Leaving safepoint region
[2019-12-09T07:01:19.969+0000][1][safepoint    ] Total time for which application threads were stopped: 0.0002343 seconds, Stopping threads took: 0.0001822 seconds
[2019-12-09T07:01:20.843+0000][1][safepoint    ] Application time: 0.8737386 seconds
[2019-12-09T07:01:20.893+0000][1][safepoint    ] Entering safepoint region: RevokeBias
[2019-12-09T07:01:20.893+0000][1][safepoint    ] Leaving safepoint region
[2019-12-09T07:01:20.893+0000][1][safepoint    ] Total time for which application threads were stopped: 0.0503238 seconds, Stopping threads took: 0.0501554 seconds
[2019-12-09T07:01:20.893+0000][1][safepoint    ] Application time: 0.0002894 seconds
[2019-12-09T07:01:20.893+0000][1][safepoint    ] Entering safepoint region: RevokeBias
[2019-12-09T07:01:20.894+0000][1][safepoint    ] Leaving safepoint region
[2019-12-09T07:01:20.894+0000][1][safepoint    ] Total time for which application threads were stopped: 0.0001253 seconds, Stopping threads took: 0.0000110 seconds
[2019-12-09T07:01:20.894+0000][1][safepoint    ] Application time: 0.0000715 seconds
[2019-12-09T07:01:20.894+0000][1][safepoint    ] Entering safepoint region: RevokeBias
[2019-12-09T07:01:20.894+0000][1][safepoint    ] Leaving safepoint region
[2019-12-09T07:01:20.894+0000][1][safepoint    ] Total time for which application threads were stopped: 0.0001066 seconds, Stopping threads took: 0.0000086 seconds
[2019-12-09T07:01:20.894+0000][1][safepoint    ] Application time: 0.0001024 seconds
[2019-12-09T07:01:20.894+0000][1][safepoint    ] Entering safepoint region: RevokeBias
[2019-12-09T07:01:20.894+0000][1][safepoint    ] Leaving safepoint region
[2019-12-09T07:01:20.894+0000][1][safepoint    ] Total time for which application threads were stopped: 0.0000924 seconds, Stopping threads took: 0.0000082 seconds
[2019-12-09T07:01:20.894+0000][1][safepoint    ] Application time: 0.0000569 seconds
[2019-12-09T07:01:20.894+0000][1][safepoint    ] Entering safepoint region: RevokeBias
[2019-12-09T07:01:20.894+0000][1][safepoint    ] Leaving safepoint region
[2019-12-09T07:01:20.894+0000][1][safepoint    ] Total time for which application threads were stopped: 0.0000680 seconds, Stopping threads took: 0.0000063 seconds
[2019-12-09T07:01:20.894+0000][1][safepoint    ] Application time: 0.0001328 seconds
[2019-12-09T07:01:20.894+0000][1][safepoint    ] Entering safepoint region: RevokeBias
[2019-12-09T07:01:20.894+0000][1][safepoint    ] Leaving safepoint region
[2019-12-09T07:01:20.894+0000][1][safepoint    ] Total time for which application threads were stopped: 0.0000719 seconds, Stopping threads took: 0.0000065 seconds
[2019-12-09T07:01:20.894+0000][1][safepoint    ] Application time: 0.0000551 seconds
[2019-12-09T07:01:20.894+0000][1][safepoint    ] Entering safepoint region: RevokeBias
[2019-12-09T07:01:20.894+0000][1][safepoint    ] Leaving safepoint region
[2019-12-09T07:01:20.894+0000][1][safepoint    ] Total time for which application threads were stopped: 0.0000648 seconds, Stopping threads took: 0.0000061 seconds
[2019-12-09T07:01:20.895+0000][1][safepoint    ] Application time: 0.0001862 seconds
[2019-12-09T07:01:20.895+0000][1][safepoint    ] Entering safepoint region: RevokeBias
[2019-12-09T07:01:20.895+0000][1][safepoint    ] Leaving safepoint region
[2019-12-09T07:01:20.895+0000][1][safepoint    ] Total time for which application threads were stopped: 0.0001162 seconds, Stopping threads took: 0.0000096 seconds
[2019-12-09T07:01:20.895+0000][1][safepoint    ] Application time: 0.0000842 seconds
[2019-12-09T07:01:20.895+0000][1][safepoint    ] Entering safepoint region: RevokeBias
[2019-12-09T07:01:20.895+0000][1][safepoint    ] Leaving safepoint region
[2019-12-09T07:01:20.895+0000][1][safepoint    ] Total time for which application threads were stopped: 0.0000867 seconds, Stopping threads took: 0.0000083 seconds
[2019-12-09T07:01:20.895+0000][1][safepoint    ] Application time: 0.0000526 seconds
[2019-12-09T07:01:20.895+0000][1][safepoint    ] Entering safepoint region: RevokeBias
[2019-12-09T07:01:20.895+0000][1][safepoint    ] Leaving safepoint region
[2019-12-09T07:01:20.895+0000][1][safepoint    ] Total time for which application threads were stopped: 0.0000764 seconds, Stopping threads took: 0.0000084 seconds
[2019-12-09T07:01:20.895+0000][1][safepoint    ] Application time: 0.0000924 seconds
[2019-12-09T07:01:20.895+0000][1][safepoint    ] Entering safepoint region: RevokeBias
[2019-12-09T07:01:20.895+0000][1][safepoint    ] Leaving safepoint region
[2019-12-09T07:01:20.895+0000][1][safepoint    ] Total time for which application threads were stopped: 0.0000889 seconds, Stopping threads took: 0.0000129 seconds
[2019-12-09T07:01:20.895+0000][1][safepoint    ] Application time: 0.0000625 seconds
[2019-12-09T07:01:20.895+0000][1][safepoint    ] Entering safepoint region: RevokeBias
[2019-12-09T07:01:20.895+0000][1][safepoint    ] Leaving safepoint region
[2019-12-09T07:01:20.895+0000][1][safepoint    ] Total time for which application threads were stopped: 0.0000820 seconds, Stopping threads took: 0.0000082 seconds
[2019-12-09T07:01:20.896+0000][1][safepoint    ] Application time: 0.0008868 seconds
[2019-12-09T07:01:20.896+0000][1][safepoint    ] Entering safepoint region: RevokeBias
[2019-12-09T07:01:20.896+0000][1][safepoint    ] Leaving safepoint region
[2019-12-09T07:01:20.896+0000][1][safepoint    ] Total time for which application threads were stopped: 0.0001106 seconds, Stopping threads took: 0.0000115 seconds
[2019-12-09T07:01:21.906+0000][1][safepoint    ] Application time: 1.0096628 seconds
[2019-12-09T07:01:21.906+0000][1][safepoint    ] Entering safepoint region: Cleanup
[2019-12-09T07:01:21.906+0000][1][safepoint    ] Leaving safepoint region
[2019-12-09T07:01:21.906+0000][1][safepoint    ] Total time for which application threads were stopped: 0.0001035 seconds, Stopping threads took: 0.0000466 seconds
[2019-12-09T07:01:22.378+0000][1][safepoint    ] Application time: 0.4714810 seconds
[2019-12-09T07:01:22.378+0000][1][safepoint    ] Entering safepoint region: GenCollectForAllocation
[2019-12-09T07:01:22.378+0000][1][gc,start     ] GC(19) Pause Young (Allocation Failure)
[2019-12-09T07:01:22.378+0000][1][gc,task      ] GC(19) Using 2 workers of 2 for evacuation
[2019-12-09T07:01:22.526+0000][1][gc,age       ] GC(19) Desired survivor size 4456448 bytes, new threshold 2 (max threshold 6)
[2019-12-09T07:01:22.526+0000][1][gc,age       ] GC(19) Age table with threshold 2 (max threshold 6)
[2019-12-09T07:01:22.526+0000][1][gc,age       ] GC(19) - age   1:    2673080 bytes,    2673080 total
[2019-12-09T07:01:22.526+0000][1][gc,age       ] GC(19) - age   2:    1968696 bytes,    4641776 total
[2019-12-09T07:01:22.526+0000][1][gc,age       ] GC(19) - age   3:    1179352 bytes,    5821128 total
[2019-12-09T07:01:22.526+0000][1][gc,heap      ] GC(19) ParNew: 73527K->5898K(78656K)
[2019-12-09T07:01:22.526+0000][1][gc,heap      ] GC(19) CMS: 54506K->54506K(174784K)
[2019-12-09T07:01:22.526+0000][1][gc,metaspace ] GC(19) Metaspace: 43219K->43219K(1089536K)
[2019-12-09T07:01:22.526+0000][1][gc           ] GC(19) Pause Young (Allocation Failure) 125M->58M(247M) 148.334ms
[2019-12-09T07:01:22.526+0000][1][gc,cpu       ] GC(19) User=0.04s Sys=0.00s Real=0.15s
[2019-12-09T07:01:22.526+0000][1][safepoint    ] Leaving safepoint region
[2019-12-09T07:01:22.526+0000][1][safepoint    ] Total time for which application threads were stopped: 0.1484925 seconds, Stopping threads took: 0.0000153 seconds
[2019-12-09T07:01:22.536+0000][1][safepoint    ] Application time: 0.0097756 seconds
[2019-12-09T07:01:22.536+0000][1][safepoint    ] Entering safepoint region: RevokeBias
[2019-12-09T07:01:22.536+0000][1][safepoint    ] Leaving safepoint region
[2019-12-09T07:01:22.536+0000][1][safepoint    ] Total time for which application threads were stopped: 0.0000708 seconds, Stopping threads took: 0.0000147 seconds
[2019-12-09T07:01:22.536+0000][1][safepoint    ] Application time: 0.0000624 seconds
[2019-12-09T07:01:22.536+0000][1][safepoint    ] Entering safepoint region: RevokeBias
[2019-12-09T07:01:22.536+0000][1][safepoint    ] Leaving safepoint region
[2019-12-09T07:01:22.536+0000][1][safepoint    ] Total time for which application threads were stopped: 0.0000358 seconds, Stopping threads took: 0.0000089 seconds
[2019-12-09T07:01:22.536+0000][1][safepoint    ] Application time: 0.0000551 seconds
[2019-12-09T07:01:22.536+0000][1][safepoint    ] Entering safepoint region: RevokeBias
[2019-12-09T07:01:22.536+0000][1][safepoint    ] Leaving safepoint region
[2019-12-09T07:01:22.536+0000][1][safepoint    ] Total time for which application threads were stopped: 0.0000410 seconds, Stopping threads took: 0.0000152 seconds
[2019-12-09T07:01:23.537+0000][1][safepoint    ] Application time: 1.0002765 seconds
[2019-12-09T07:01:23.550+0000][1][safepoint    ] Entering safepoint region: Cleanup
[2019-12-09T07:01:23.550+0000][1][safepoint    ] Leaving safepoint region
[2019-12-09T07:01:23.550+0000][1][safepoint    ] Total time for which application threads were stopped: 0.0130618 seconds, Stopping threads took: 0.0130006 seconds
[2019-12-09T07:01:23.792+0000][1][safepoint    ] Application time: 0.2421070 seconds
[2019-12-09T07:01:23.792+0000][1][safepoint    ] Entering safepoint region: RevokeBias
[2019-12-09T07:01:23.792+0000][1][safepoint    ] Leaving safepoint region
[2019-12-09T07:01:23.792+0000][1][safepoint    ] Total time for which application threads were stopped: 0.0001492 seconds, Stopping threads took: 0.0000430 seconds
[2019-12-09T07:01:23.814+0000][1][safepoint    ] Application time: 0.0215720 seconds
[2019-12-09T07:01:23.814+0000][1][safepoint    ] Entering safepoint region: RevokeBias
[2019-12-09T07:01:23.814+0000][1][safepoint    ] Leaving safepoint region
[2019-12-09T07:01:23.814+0000][1][safepoint    ] Total time for which application threads were stopped: 0.0000825 seconds, Stopping threads took: 0.0000133 seconds
[2019-12-09T07:01:23.923+0000][1][safepoint    ] Application time: 0.1088851 seconds
[2019-12-09T07:01:23.923+0000][1][safepoint    ] Entering safepoint region: RevokeBias
[2019-12-09T07:01:23.923+0000][1][safepoint    ] Leaving safepoint region
[2019-12-09T07:01:23.923+0000][1][safepoint    ] Total time for which application threads were stopped: 0.0001077 seconds, Stopping threads took: 0.0000188 seconds
[2019-12-09T07:01:24.940+0000][1][safepoint    ] Application time: 1.0168207 seconds
[2019-12-09T07:01:24.944+0000][1][safepoint    ] Entering safepoint region: Cleanup
[2019-12-09T07:01:24.944+0000][1][safepoint    ] Leaving safepoint region
[2019-12-09T07:01:24.944+0000][1][safepoint    ] Total time for which application threads were stopped: 0.0042419 seconds, Stopping threads took: 0.0041819 seconds
[2019-12-09T07:01:25.395+0000][1][safepoint    ] Application time: 0.4507521 seconds
[2019-12-09T07:01:25.395+0000][1][safepoint    ] Entering safepoint region: RevokeBias
[2019-12-09T07:01:25.395+0000][1][safepoint    ] Leaving safepoint region
[2019-12-09T07:01:25.395+0000][1][safepoint    ] Total time for which application threads were stopped: 0.0004743 seconds, Stopping threads took: 0.0000140 seconds
[2019-12-09T07:01:25.395+0000][1][safepoint    ] Application time: 0.0002125 seconds
[2019-12-09T07:01:25.395+0000][1][safepoint    ] Entering safepoint region: RevokeBias
[2019-12-09T07:01:25.396+0000][1][safepoint    ] Leaving safepoint region
[2019-12-09T07:01:25.396+0000][1][safepoint    ] Total time for which application threads were stopped: 0.0000660 seconds, Stopping threads took: 0.0000097 seconds
[2019-12-09T07:01:25.396+0000][1][safepoint    ] Application time: 0.0000555 seconds
[2019-12-09T07:01:25.396+0000][1][safepoint    ] Entering safepoint region: RevokeBias
[2019-12-09T07:01:25.396+0000][1][safepoint    ] Leaving safepoint region
[2019-12-09T07:01:25.396+0000][1][safepoint    ] Total time for which application threads were stopped: 0.0000388 seconds, Stopping threads took: 0.0000071 seconds
[2019-12-09T07:01:26.009+0000][1][safepoint    ] Application time: 0.6130377 seconds
[2019-12-09T07:01:26.009+0000][1][safepoint    ] Entering safepoint region: RevokeBias
[2019-12-09T07:01:26.009+0000][1][safepoint    ] Leaving safepoint region
[2019-12-09T07:01:26.009+0000][1][safepoint    ] Total time for which application threads were stopped: 0.0001512 seconds, Stopping threads took: 0.0000482 seconds
[2019-12-09T07:01:26.024+0000][1][safepoint    ] Application time: 0.0148028 seconds
[2019-12-09T07:01:26.055+0000][1][safepoint    ] Entering safepoint region: RevokeBias
[2019-12-09T07:01:26.055+0000][1][safepoint    ] Leaving safepoint region
[2019-12-09T07:01:26.055+0000][1][safepoint    ] Total time for which application threads were stopped: 0.0311031 seconds, Stopping threads took: 0.0309899 seconds
[2019-12-09T07:01:26.078+0000][1][safepoint    ] Application time: 0.0228522 seconds
[2019-12-09T07:01:26.078+0000][1][safepoint    ] Entering safepoint region: RevokeBias
[2019-12-09T07:01:26.078+0000][1][safepoint    ] Leaving safepoint region
[2019-12-09T07:01:26.078+0000][1][safepoint    ] Total time for which application threads were stopped: 0.0000928 seconds, Stopping threads took: 0.0000129 seconds
[2019-12-09T07:01:26.093+0000][1][safepoint    ] Application time: 0.0148581 seconds
[2019-12-09T07:01:26.093+0000][1][safepoint    ] Entering safepoint region: RevokeBias
[2019-12-09T07:01:26.093+0000][1][safepoint    ] Leaving safepoint region
[2019-12-09T07:01:26.093+0000][1][safepoint    ] Total time for which application threads were stopped: 0.0000878 seconds, Stopping threads took: 0.0000133 seconds
[2019-12-09T07:01:26.103+0000][1][safepoint    ] Application time: 0.0103497 seconds
[2019-12-09T07:01:26.103+0000][1][safepoint    ] Entering safepoint region: RevokeBias
[2019-12-09T07:01:26.103+0000][1][safepoint    ] Leaving safepoint region
[2019-12-09T07:01:26.103+0000][1][safepoint    ] Total time for which application threads were stopped: 0.0000843 seconds, Stopping threads took: 0.0000140 seconds
[2019-12-09T07:01:26.104+0000][1][safepoint    ] Application time: 0.0002075 seconds
[2019-12-09T07:01:26.104+0000][1][safepoint    ] Entering safepoint region: RevokeBias
[2019-12-09T07:01:26.104+0000][1][safepoint    ] Leaving safepoint region
[2019-12-09T07:01:26.104+0000][1][safepoint    ] Total time for which application threads were stopped: 0.0000634 seconds, Stopping threads took: 0.0000088 seconds
[2019-12-09T07:01:26.104+0000][1][safepoint    ] Application time: 0.0001217 seconds
[2019-12-09T07:01:26.104+0000][1][safepoint    ] Entering safepoint region: RevokeBias
[2019-12-09T07:01:26.104+0000][1][safepoint    ] Leaving safepoint region
[2019-12-09T07:01:26.104+0000][1][safepoint    ] Total time for which application threads were stopped: 0.0000594 seconds, Stopping threads took: 0.0000096 seconds
[2019-12-09T07:01:26.104+0000][1][safepoint    ] Application time: 0.0000543 seconds
[2019-12-09T07:01:26.104+0000][1][safepoint    ] Entering safepoint region: RevokeBias
[2019-12-09T07:01:26.104+0000][1][safepoint    ] Leaving safepoint region
[2019-12-09T07:01:26.104+0000][1][safepoint    ] Total time for which application threads were stopped: 0.0000426 seconds, Stopping threads took: 0.0000084 seconds
[2019-12-09T07:01:26.104+0000][1][safepoint    ] Application time: 0.0000528 seconds
[2019-12-09T07:01:26.104+0000][1][safepoint    ] Entering safepoint region: RevokeBias
[2019-12-09T07:01:26.104+0000][1][safepoint    ] Leaving safepoint region
[2019-12-09T07:01:26.104+0000][1][safepoint    ] Total time for which application threads were stopped: 0.0000384 seconds, Stopping threads took: 0.0000083 seconds
[2019-12-09T07:01:26.104+0000][1][safepoint    ] Application time: 0.0000506 seconds
[2019-12-09T07:01:26.104+0000][1][safepoint    ] Entering safepoint region: RevokeBias
[2019-12-09T07:01:26.104+0000][1][safepoint    ] Leaving safepoint region
[2019-12-09T07:01:26.104+0000][1][safepoint    ] Total time for which application threads were stopped: 0.0000398 seconds, Stopping threads took: 0.0000084 seconds
[2019-12-09T07:01:26.104+0000][1][safepoint    ] Application time: 0.0000508 seconds
[2019-12-09T07:01:26.104+0000][1][safepoint    ] Entering safepoint region: RevokeBias
[2019-12-09T07:01:26.104+0000][1][safepoint    ] Leaving safepoint region
[2019-12-09T07:01:26.104+0000][1][safepoint    ] Total time for which application threads were stopped: 0.0000420 seconds, Stopping threads took: 0.0000078 seconds
[2019-12-09T07:01:26.104+0000][1][safepoint    ] Application time: 0.0000513 seconds
[2019-12-09T07:01:26.104+0000][1][safepoint    ] Entering safepoint region: RevokeBias
[2019-12-09T07:01:26.104+0000][1][safepoint    ] Leaving safepoint region
[2019-12-09T07:01:26.104+0000][1][safepoint    ] Total time for which application threads were stopped: 0.0000489 seconds, Stopping threads took: 0.0000140 seconds
[2019-12-09T07:01:26.104+0000][1][safepoint    ] Application time: 0.0000517 seconds
[2019-12-09T07:01:26.104+0000][1][safepoint    ] Entering safepoint region: RevokeBias
[2019-12-09T07:01:26.104+0000][1][safepoint    ] Leaving safepoint region
[2019-12-09T07:01:26.104+0000][1][safepoint    ] Total time for which application threads were stopped: 0.0000417 seconds, Stopping threads took: 0.0000081 seconds
[2019-12-09T07:01:26.105+0000][1][safepoint    ] Application time: 0.0000513 seconds
[2019-12-09T07:01:26.105+0000][1][safepoint    ] Entering safepoint region: RevokeBias
[2019-12-09T07:01:26.105+0000][1][safepoint    ] Leaving safepoint region
[2019-12-09T07:01:26.105+0000][1][safepoint    ] Total time for which application threads were stopped: 0.0000417 seconds, Stopping threads took: 0.0000081 seconds
[2019-12-09T07:01:26.105+0000][1][safepoint    ] Application time: 0.0000511 seconds
[2019-12-09T07:01:26.105+0000][1][safepoint    ] Entering safepoint region: RevokeBias
[2019-12-09T07:01:26.105+0000][1][safepoint    ] Leaving safepoint region
[2019-12-09T07:01:26.105+0000][1][safepoint    ] Total time for which application threads were stopped: 0.0000419 seconds, Stopping threads took: 0.0000082 seconds
[2019-12-09T07:01:26.105+0000][1][safepoint    ] Application time: 0.0000567 seconds
[2019-12-09T07:01:26.105+0000][1][safepoint    ] Entering safepoint region: RevokeBias
[2019-12-09T07:01:26.105+0000][1][safepoint    ] Leaving safepoint region
[2019-12-09T07:01:26.105+0000][1][safepoint    ] Total time for which application threads were stopped: 0.0000443 seconds, Stopping threads took: 0.0000084 seconds
[2019-12-09T07:01:26.105+0000][1][safepoint    ] Application time: 0.0000509 seconds
[2019-12-09T07:01:26.105+0000][1][safepoint    ] Entering safepoint region: RevokeBias
[2019-12-09T07:01:26.105+0000][1][safepoint    ] Leaving safepoint region
[2019-12-09T07:01:26.105+0000][1][safepoint    ] Total time for which application threads were stopped: 0.0000382 seconds, Stopping threads took: 0.0000073 seconds
[2019-12-09T07:01:26.105+0000][1][safepoint    ] Application time: 0.0000506 seconds
[2019-12-09T07:01:26.105+0000][1][safepoint    ] Entering safepoint region: RevokeBias
[2019-12-09T07:01:26.105+0000][1][safepoint    ] Leaving safepoint region
[2019-12-09T07:01:26.105+0000][1][safepoint    ] Total time for which application threads were stopped: 0.0000438 seconds, Stopping threads took: 0.0000083 seconds
[2019-12-09T07:01:26.105+0000][1][safepoint    ] Application time: 0.0000503 seconds
[2019-12-09T07:01:26.105+0000][1][safepoint    ] Entering safepoint region: RevokeBias
[2019-12-09T07:01:26.105+0000][1][safepoint    ] Leaving safepoint region
[2019-12-09T07:01:26.105+0000][1][safepoint    ] Total time for which application threads were stopped: 0.0000425 seconds, Stopping threads took: 0.0000080 seconds
[2019-12-09T07:01:26.105+0000][1][safepoint    ] Application time: 0.0000513 seconds
[2019-12-09T07:01:26.105+0000][1][safepoint    ] Entering safepoint region: RevokeBias
[2019-12-09T07:01:26.105+0000][1][safepoint    ] Leaving safepoint region
[2019-12-09T07:01:26.105+0000][1][safepoint    ] Total time for which application threads were stopped: 0.0000421 seconds, Stopping threads took: 0.0000081 seconds
[2019-12-09T07:01:26.105+0000][1][safepoint    ] Application time: 0.0000500 seconds
[2019-12-09T07:01:26.105+0000][1][safepoint    ] Entering safepoint region: RevokeBias
[2019-12-09T07:01:26.105+0000][1][safepoint    ] Leaving safepoint region
[2019-12-09T07:01:26.105+0000][1][safepoint    ] Total time for which application threads were stopped: 0.0000415 seconds, Stopping threads took: 0.0000082 seconds
[2019-12-09T07:01:26.105+0000][1][safepoint    ] Application time: 0.0000500 seconds
[2019-12-09T07:01:26.105+0000][1][safepoint    ] Entering safepoint region: RevokeBias
[2019-12-09T07:01:26.105+0000][1][safepoint    ] Leaving safepoint region
[2019-12-09T07:01:26.105+0000][1][safepoint    ] Total time for which application threads were stopped: 0.0000451 seconds, Stopping threads took: 0.0000132 seconds
[2019-12-09T07:01:26.106+0000][1][safepoint    ] Application time: 0.0000497 seconds
[2019-12-09T07:01:26.106+0000][1][safepoint    ] Entering safepoint region: RevokeBias
[2019-12-09T07:01:26.106+0000][1][safepoint    ] Leaving safepoint region
[2019-12-09T07:01:26.106+0000][1][safepoint    ] Total time for which application threads were stopped: 0.0000402 seconds, Stopping threads took: 0.0000079 seconds
[2019-12-09T07:01:26.106+0000][1][safepoint    ] Application time: 0.0000503 seconds
[2019-12-09T07:01:26.106+0000][1][safepoint    ] Entering safepoint region: BulkRevokeBias
[2019-12-09T07:01:26.106+0000][1][safepoint    ] Leaving safepoint region
[2019-12-09T07:01:26.106+0000][1][safepoint    ] Total time for which application threads were stopped: 0.0001265 seconds, Stopping threads took: 0.0000081 seconds
[2019-12-09T07:01:26.106+0000][1][safepoint    ] Application time: 0.0001776 seconds
[2019-12-09T07:01:26.106+0000][1][safepoint    ] Entering safepoint region: RevokeBias
[2019-12-09T07:01:26.106+0000][1][safepoint    ] Leaving safepoint region
[2019-12-09T07:01:26.106+0000][1][safepoint    ] Total time for which application threads were stopped: 0.0000547 seconds, Stopping threads took: 0.0000080 seconds
[2019-12-09T07:01:26.106+0000][1][safepoint    ] Application time: 0.0000849 seconds
[2019-12-09T07:01:26.106+0000][1][safepoint    ] Entering safepoint region: RevokeBias
[2019-12-09T07:01:26.106+0000][1][safepoint    ] Leaving safepoint region
[2019-12-09T07:01:26.106+0000][1][safepoint    ] Total time for which application threads were stopped: 0.0000461 seconds, Stopping threads took: 0.0000082 seconds
[2019-12-09T07:01:26.106+0000][1][safepoint    ] Application time: 0.0001054 seconds
[2019-12-09T07:01:26.106+0000][1][safepoint    ] Entering safepoint region: RevokeBias
[2019-12-09T07:01:26.106+0000][1][safepoint    ] Leaving safepoint region
[2019-12-09T07:01:26.106+0000][1][safepoint    ] Total time for which application threads were stopped: 0.0000442 seconds, Stopping threads took: 0.0000084 seconds
[2019-12-09T07:01:26.106+0000][1][safepoint    ] Application time: 0.0000629 seconds
[2019-12-09T07:01:26.106+0000][1][safepoint    ] Entering safepoint region: RevokeBias
[2019-12-09T07:01:26.106+0000][1][safepoint    ] Leaving safepoint region
[2019-12-09T07:01:26.106+0000][1][safepoint    ] Total time for which application threads were stopped: 0.0000409 seconds, Stopping threads took: 0.0000082 seconds
[2019-12-09T07:01:26.107+0000][1][safepoint    ] Application time: 0.0000847 seconds
[2019-12-09T07:01:26.107+0000][1][safepoint    ] Entering safepoint region: RevokeBias
[2019-12-09T07:01:26.107+0000][1][safepoint    ] Leaving safepoint region
[2019-12-09T07:01:26.107+0000][1][safepoint    ] Total time for which application threads were stopped: 0.0000428 seconds, Stopping threads took: 0.0000082 seconds
[2019-12-09T07:01:26.107+0000][1][safepoint    ] Application time: 0.0000601 seconds
[2019-12-09T07:01:26.107+0000][1][safepoint    ] Entering safepoint region: RevokeBias
[2019-12-09T07:01:26.107+0000][1][safepoint    ] Leaving safepoint region
[2019-12-09T07:01:26.107+0000][1][safepoint    ] Total time for which application threads were stopped: 0.0000686 seconds, Stopping threads took: 0.0000083 seconds
[2019-12-09T07:01:26.107+0000][1][safepoint    ] Application time: 0.0001898 seconds
[2019-12-09T07:01:26.107+0000][1][safepoint    ] Entering safepoint region: RevokeBias
[2019-12-09T07:01:26.107+0000][1][safepoint    ] Leaving safepoint region
[2019-12-09T07:01:26.107+0000][1][safepoint    ] Total time for which application threads were stopped: 0.0000636 seconds, Stopping threads took: 0.0000089 seconds
[2019-12-09T07:01:26.107+0000][1][safepoint    ] Application time: 0.0003181 seconds
[2019-12-09T07:01:26.107+0000][1][safepoint    ] Entering safepoint region: RevokeBias
[2019-12-09T07:01:26.107+0000][1][safepoint    ] Leaving safepoint region
[2019-12-09T07:01:26.107+0000][1][safepoint    ] Total time for which application threads were stopped: 0.0000651 seconds, Stopping threads took: 0.0000136 seconds
[2019-12-09T07:01:26.108+0000][1][safepoint    ] Application time: 0.0000803 seconds
[2019-12-09T07:01:26.108+0000][1][safepoint    ] Entering safepoint region: RevokeBias
[2019-12-09T07:01:26.108+0000][1][safepoint    ] Leaving safepoint region
[2019-12-09T07:01:26.108+0000][1][safepoint    ] Total time for which application threads were stopped: 0.0000450 seconds, Stopping threads took: 0.0000082 seconds
[2019-12-09T07:01:26.108+0000][1][safepoint    ] Application time: 0.0001965 seconds
[2019-12-09T07:01:26.108+0000][1][safepoint    ] Entering safepoint region: RevokeBias
[2019-12-09T07:01:26.108+0000][1][safepoint    ] Leaving safepoint region
[2019-12-09T07:01:26.108+0000][1][safepoint    ] Total time for which application threads were stopped: 0.0000578 seconds, Stopping threads took: 0.0000096 seconds
[2019-12-09T07:01:26.108+0000][1][safepoint    ] Application time: 0.0000709 seconds
[2019-12-09T07:01:26.108+0000][1][safepoint    ] Entering safepoint region: RevokeBias
[2019-12-09T07:01:26.108+0000][1][safepoint    ] Leaving safepoint region
[2019-12-09T07:01:26.108+0000][1][safepoint    ] Total time for which application threads were stopped: 0.0000445 seconds, Stopping threads took: 0.0000087 seconds
[2019-12-09T07:01:26.108+0000][1][safepoint    ] Application time: 0.0000532 seconds
[2019-12-09T07:01:26.108+0000][1][safepoint    ] Entering safepoint region: RevokeBias
[2019-12-09T07:01:26.108+0000][1][safepoint    ] Leaving safepoint region
[2019-12-09T07:01:26.108+0000][1][safepoint    ] Total time for which application threads were stopped: 0.0000416 seconds, Stopping threads took: 0.0000076 seconds
[2019-12-09T07:01:26.108+0000][1][safepoint    ] Application time: 0.0000506 seconds
[2019-12-09T07:01:26.108+0000][1][safepoint    ] Entering safepoint region: RevokeBias
[2019-12-09T07:01:26.108+0000][1][safepoint    ] Leaving safepoint region
[2019-12-09T07:01:26.108+0000][1][safepoint    ] Total time for which application threads were stopped: 0.0000412 seconds, Stopping threads took: 0.0000082 seconds
[2019-12-09T07:01:26.109+0000][1][safepoint    ] Application time: 0.0003540 seconds
[2019-12-09T07:01:26.109+0000][1][safepoint    ] Entering safepoint region: RevokeBias
[2019-12-09T07:01:26.109+0000][1][safepoint    ] Leaving safepoint region
[2019-12-09T07:01:26.109+0000][1][safepoint    ] Total time for which application threads were stopped: 0.0000484 seconds, Stopping threads took: 0.0000090 seconds
[2019-12-09T07:01:26.109+0000][1][safepoint    ] Application time: 0.0001301 seconds
[2019-12-09T07:01:26.109+0000][1][safepoint    ] Entering safepoint region: RevokeBias
[2019-12-09T07:01:26.109+0000][1][safepoint    ] Leaving safepoint region
[2019-12-09T07:01:26.109+0000][1][safepoint    ] Total time for which application threads were stopped: 0.0000466 seconds, Stopping threads took: 0.0000081 seconds
[2019-12-09T07:01:26.109+0000][1][safepoint    ] Application time: 0.0003707 seconds
[2019-12-09T07:01:26.109+0000][1][safepoint    ] Entering safepoint region: BulkRevokeBias
[2019-12-09T07:01:26.109+0000][1][safepoint    ] Leaving safepoint region
[2019-12-09T07:01:26.109+0000][1][safepoint    ] Total time for which application threads were stopped: 0.0001196 seconds, Stopping threads took: 0.0000102 seconds
[2019-12-09T07:01:26.109+0000][1][safepoint    ] Application time: 0.0000923 seconds
[2019-12-09T07:01:26.109+0000][1][safepoint    ] Entering safepoint region: RevokeBias
[2019-12-09T07:01:26.109+0000][1][safepoint    ] Leaving safepoint region
[2019-12-09T07:01:26.109+0000][1][safepoint    ] Total time for which application threads were stopped: 0.0000479 seconds, Stopping threads took: 0.0000089 seconds
[2019-12-09T07:01:26.110+0000][1][safepoint    ] Application time: 0.0004196 seconds
[2019-12-09T07:01:26.110+0000][1][safepoint    ] Entering safepoint region: RevokeBias
[2019-12-09T07:01:26.110+0000][1][safepoint    ] Leaving safepoint region
[2019-12-09T07:01:26.110+0000][1][safepoint    ] Total time for which application threads were stopped: 0.0000600 seconds, Stopping threads took: 0.0000141 seconds
[2019-12-09T07:01:26.110+0000][1][safepoint    ] Application time: 0.0001191 seconds
[2019-12-09T07:01:26.110+0000][1][safepoint    ] Entering safepoint region: RevokeBias
[2019-12-09T07:01:26.110+0000][1][safepoint    ] Leaving safepoint region
[2019-12-09T07:01:26.110+0000][1][safepoint    ] Total time for which application threads were stopped: 0.0000444 seconds, Stopping threads took: 0.0000083 seconds
[2019-12-09T07:01:26.110+0000][1][safepoint    ] Application time: 0.0001985 seconds
[2019-12-09T07:01:26.110+0000][1][safepoint    ] Entering safepoint region: RevokeBias
[2019-12-09T07:01:26.110+0000][1][safepoint    ] Leaving safepoint region
[2019-12-09T07:01:26.110+0000][1][safepoint    ] Total time for which application threads were stopped: 0.0000532 seconds, Stopping threads took: 0.0000090 seconds
[2019-12-09T07:01:26.112+0000][1][safepoint    ] Application time: 0.0014733 seconds
[2019-12-09T07:01:26.112+0000][1][safepoint    ] Entering safepoint region: RevokeBias
[2019-12-09T07:01:26.112+0000][1][safepoint    ] Leaving safepoint region
[2019-12-09T07:01:26.112+0000][1][safepoint    ] Total time for which application threads were stopped: 0.0000643 seconds, Stopping threads took: 0.0000105 seconds
[2019-12-09T07:01:26.112+0000][1][safepoint    ] Application time: 0.0000611 seconds
[2019-12-09T07:01:26.112+0000][1][safepoint    ] Entering safepoint region: RevokeBias
[2019-12-09T07:01:26.112+0000][1][safepoint    ] Leaving safepoint region
[2019-12-09T07:01:26.112+0000][1][safepoint    ] Total time for which application threads were stopped: 0.0000485 seconds, Stopping threads took: 0.0000082 seconds
[2019-12-09T07:01:26.153+0000][1][safepoint    ] Application time: 0.0405575 seconds
[2019-12-09T07:01:26.219+0000][1][safepoint    ] Entering safepoint region: RevokeBias
[2019-12-09T07:01:26.219+0000][1][safepoint    ] Leaving safepoint region
[2019-12-09T07:01:26.219+0000][1][safepoint    ] Total time for which application threads were stopped: 0.0661193 seconds, Stopping threads took: 0.0660286 seconds
[2019-12-09T07:01:26.219+0000][1][safepoint    ] Application time: 0.0004460 seconds
[2019-12-09T07:01:26.219+0000][1][safepoint    ] Entering safepoint region: RevokeBias
[2019-12-09T07:01:26.219+0000][1][safepoint    ] Leaving safepoint region
[2019-12-09T07:01:26.219+0000][1][safepoint    ] Total time for which application threads were stopped: 0.0001114 seconds, Stopping threads took: 0.0000120 seconds
[2019-12-09T07:01:26.222+0000][1][safepoint    ] Application time: 0.0020990 seconds
[2019-12-09T07:01:26.222+0000][1][safepoint    ] Entering safepoint region: RevokeBias
[2019-12-09T07:01:26.222+0000][1][safepoint    ] Leaving safepoint region
[2019-12-09T07:01:26.222+0000][1][safepoint    ] Total time for which application threads were stopped: 0.0001768 seconds, Stopping threads took: 0.0000138 seconds
[2019-12-09T07:01:26.228+0000][1][safepoint    ] Application time: 0.0059361 seconds
[2019-12-09T07:01:26.228+0000][1][safepoint    ] Entering safepoint region: RevokeBias
[2019-12-09T07:01:26.228+0000][1][safepoint    ] Leaving safepoint region
[2019-12-09T07:01:26.228+0000][1][safepoint    ] Total time for which application threads were stopped: 0.0001223 seconds, Stopping threads took: 0.0000123 seconds
[2019-12-09T07:01:26.230+0000][1][safepoint    ] Application time: 0.0018836 seconds
[2019-12-09T07:01:26.230+0000][1][safepoint    ] Entering safepoint region: RevokeBias
[2019-12-09T07:01:26.230+0000][1][safepoint    ] Leaving safepoint region
[2019-12-09T07:01:26.230+0000][1][safepoint    ] Total time for which application threads were stopped: 0.0000735 seconds, Stopping threads took: 0.0000123 seconds
[2019-12-09T07:01:26.230+0000][1][safepoint    ] Application time: 0.0001607 seconds
[2019-12-09T07:01:26.230+0000][1][safepoint    ] Entering safepoint region: RevokeBias
[2019-12-09T07:01:26.230+0000][1][safepoint    ] Leaving safepoint region
[2019-12-09T07:01:26.230+0000][1][safepoint    ] Total time for which application threads were stopped: 0.0000472 seconds, Stopping threads took: 0.0000162 seconds
[2019-12-09T07:01:26.230+0000][1][safepoint    ] Application time: 0.0000421 seconds
[2019-12-09T07:01:26.230+0000][1][safepoint    ] Entering safepoint region: RevokeBias
[2019-12-09T07:01:26.230+0000][1][safepoint    ] Leaving safepoint region
[2019-12-09T07:01:26.230+0000][1][safepoint    ] Total time for which application threads were stopped: 0.0000300 seconds, Stopping threads took: 0.0000083 seconds
[2019-12-09T07:01:26.230+0000][1][safepoint    ] Application time: 0.0000363 seconds
[2019-12-09T07:01:26.230+0000][1][safepoint    ] Entering safepoint region: RevokeBias
[2019-12-09T07:01:26.230+0000][1][safepoint    ] Leaving safepoint region
[2019-12-09T07:01:26.230+0000][1][safepoint    ] Total time for which application threads were stopped: 0.0000288 seconds, Stopping threads took: 0.0000075 seconds
[2019-12-09T07:01:26.230+0000][1][safepoint    ] Application time: 0.0000357 seconds
[2019-12-09T07:01:26.230+0000][1][safepoint    ] Entering safepoint region: RevokeBias
[2019-12-09T07:01:26.230+0000][1][safepoint    ] Leaving safepoint region
[2019-12-09T07:01:26.230+0000][1][safepoint    ] Total time for which application threads were stopped: 0.0000346 seconds, Stopping threads took: 0.0000095 seconds
[2019-12-09T07:01:26.230+0000][1][safepoint    ] Application time: 0.0000349 seconds
[2019-12-09T07:01:26.230+0000][1][safepoint    ] Entering safepoint region: RevokeBias
[2019-12-09T07:01:26.230+0000][1][safepoint    ] Leaving safepoint region
[2019-12-09T07:01:26.230+0000][1][safepoint    ] Total time for which application threads were stopped: 0.0000270 seconds, Stopping threads took: 0.0000072 seconds
[2019-12-09T07:01:26.230+0000][1][safepoint    ] Application time: 0.0000354 seconds
[2019-12-09T07:01:26.230+0000][1][safepoint    ] Entering safepoint region: RevokeBias
[2019-12-09T07:01:26.230+0000][1][safepoint    ] Leaving safepoint region
[2019-12-09T07:01:26.230+0000][1][safepoint    ] Total time for which application threads were stopped: 0.0000272 seconds, Stopping threads took: 0.0000078 seconds
[2019-12-09T07:01:26.231+0000][1][safepoint    ] Application time: 0.0000359 seconds
[2019-12-09T07:01:26.231+0000][1][safepoint    ] Entering safepoint region: RevokeBias
[2019-12-09T07:01:26.231+0000][1][safepoint    ] Leaving safepoint region
[2019-12-09T07:01:26.231+0000][1][safepoint    ] Total time for which application threads were stopped: 0.0000267 seconds, Stopping threads took: 0.0000072 seconds
[2019-12-09T07:01:26.231+0000][1][safepoint    ] Application time: 0.0000337 seconds
[2019-12-09T07:01:26.231+0000][1][safepoint    ] Entering safepoint region: RevokeBias
[2019-12-09T07:01:26.231+0000][1][safepoint    ] Leaving safepoint region
[2019-12-09T07:01:26.231+0000][1][safepoint    ] Total time for which application threads were stopped: 0.0000270 seconds, Stopping threads took: 0.0000073 seconds
[2019-12-09T07:01:26.231+0000][1][safepoint    ] Application time: 0.0000336 seconds
[2019-12-09T07:01:26.231+0000][1][safepoint    ] Entering safepoint region: RevokeBias
[2019-12-09T07:01:26.231+0000][1][safepoint    ] Leaving safepoint region
[2019-12-09T07:01:26.231+0000][1][safepoint    ] Total time for which application threads were stopped: 0.0000319 seconds, Stopping threads took: 0.0000123 seconds
[2019-12-09T07:01:26.231+0000][1][safepoint    ] Application time: 0.0000389 seconds
[2019-12-09T07:01:26.231+0000][1][safepoint    ] Entering safepoint region: RevokeBias
[2019-12-09T07:01:26.231+0000][1][safepoint    ] Leaving safepoint region
[2019-12-09T07:01:26.231+0000][1][safepoint    ] Total time for which application threads were stopped: 0.0000254 seconds, Stopping threads took: 0.0000067 seconds
[2019-12-09T07:01:26.231+0000][1][safepoint    ] Application time: 0.0000360 seconds
[2019-12-09T07:01:26.231+0000][1][safepoint    ] Entering safepoint region: RevokeBias
[2019-12-09T07:01:26.231+0000][1][safepoint    ] Leaving safepoint region
[2019-12-09T07:01:26.231+0000][1][safepoint    ] Total time for which application threads were stopped: 0.0000329 seconds, Stopping threads took: 0.0000126 seconds
[2019-12-09T07:01:26.231+0000][1][safepoint    ] Application time: 0.0000357 seconds
[2019-12-09T07:01:26.231+0000][1][safepoint    ] Entering safepoint region: RevokeBias
[2019-12-09T07:01:26.231+0000][1][safepoint    ] Leaving safepoint region
[2019-12-09T07:01:26.231+0000][1][safepoint    ] Total time for which application threads were stopped: 0.0000274 seconds, Stopping threads took: 0.0000077 seconds
[2019-12-09T07:01:26.231+0000][1][safepoint    ] Application time: 0.0000344 seconds
[2019-12-09T07:01:26.231+0000][1][safepoint    ] Entering safepoint region: RevokeBias
[2019-12-09T07:01:26.231+0000][1][safepoint    ] Leaving safepoint region
[2019-12-09T07:01:26.231+0000][1][safepoint    ] Total time for which application threads were stopped: 0.0000265 seconds, Stopping threads took: 0.0000079 seconds
[2019-12-09T07:01:26.231+0000][1][safepoint    ] Application time: 0.0000356 seconds
[2019-12-09T07:01:26.231+0000][1][safepoint    ] Entering safepoint region: RevokeBias
[2019-12-09T07:01:26.231+0000][1][safepoint    ] Leaving safepoint region
[2019-12-09T07:01:26.231+0000][1][safepoint    ] Total time for which application threads were stopped: 0.0000398 seconds, Stopping threads took: 0.0000081 seconds
[2019-12-09T07:01:26.231+0000][1][safepoint    ] Application time: 0.0000368 seconds
[2019-12-09T07:01:26.231+0000][1][safepoint    ] Entering safepoint region: RevokeBias
[2019-12-09T07:01:26.231+0000][1][safepoint    ] Leaving safepoint region
[2019-12-09T07:01:26.231+0000][1][safepoint    ] Total time for which application threads were stopped: 0.0000290 seconds, Stopping threads took: 0.0000082 seconds
[2019-12-09T07:01:26.231+0000][1][safepoint    ] Application time: 0.0000355 seconds
[2019-12-09T07:01:26.231+0000][1][safepoint    ] Entering safepoint region: BulkRevokeBias
[2019-12-09T07:01:26.231+0000][1][safepoint    ] Leaving safepoint region
[2019-12-09T07:01:26.231+0000][1][safepoint    ] Total time for which application threads were stopped: 0.0001173 seconds, Stopping threads took: 0.0000079 seconds
[2019-12-09T07:01:26.304+0000][1][safepoint    ] Application time: 0.0723191 seconds
[2019-12-09T07:01:26.304+0000][1][safepoint    ] Entering safepoint region: RevokeBias
[2019-12-09T07:01:26.304+0000][1][safepoint    ] Leaving safepoint region
[2019-12-09T07:01:26.304+0000][1][safepoint    ] Total time for which application threads were stopped: 0.0004975 seconds, Stopping threads took: 0.0004330 seconds
[2019-12-09T07:01:26.342+0000][1][safepoint    ] Application time: 0.0375103 seconds
[2019-12-09T07:01:26.342+0000][1][safepoint    ] Entering safepoint region: RevokeBias
[2019-12-09T07:01:26.342+0000][1][safepoint    ] Leaving safepoint region
[2019-12-09T07:01:26.342+0000][1][safepoint    ] Total time for which application threads were stopped: 0.0001595 seconds, Stopping threads took: 0.0000995 seconds
[2019-12-09T07:01:27.399+0000][1][safepoint    ] Application time: 1.0570258 seconds
[2019-12-09T07:01:27.432+0000][1][safepoint    ] Entering safepoint region: RevokeBias
[2019-12-09T07:01:27.432+0000][1][safepoint    ] Leaving safepoint region
[2019-12-09T07:01:27.432+0000][1][safepoint    ] Total time for which application threads were stopped: 0.0328622 seconds, Stopping threads took: 0.0327533 seconds
[2019-12-09T07:01:27.432+0000][1][safepoint    ] Application time: 0.0001102 seconds
[2019-12-09T07:01:27.432+0000][1][safepoint    ] Entering safepoint region: RevokeBias
[2019-12-09T07:01:27.432+0000][1][safepoint    ] Leaving safepoint region
[2019-12-09T07:01:27.432+0000][1][safepoint    ] Total time for which application threads were stopped: 0.0000378 seconds, Stopping threads took: 0.0000086 seconds
[2019-12-09T07:01:27.769+0000][1][safepoint    ] Application time: 0.3372813 seconds
[2019-12-09T07:01:27.769+0000][1][safepoint    ] Entering safepoint region: GenCollectForAllocation
[2019-12-09T07:01:27.769+0000][1][gc,start     ] GC(20) Pause Young (Allocation Failure)
[2019-12-09T07:01:27.770+0000][1][gc,task      ] GC(20) Using 2 workers of 2 for evacuation
[2019-12-09T07:01:28.011+0000][1][gc,age       ] GC(20) Desired survivor size 4456448 bytes, new threshold 2 (max threshold 6)
[2019-12-09T07:01:28.011+0000][1][gc,age       ] GC(20) Age table with threshold 2 (max threshold 6)
[2019-12-09T07:01:28.011+0000][1][gc,age       ] GC(20) - age   1:    2722528 bytes,    2722528 total
[2019-12-09T07:01:28.011+0000][1][gc,age       ] GC(20) - age   2:    2515624 bytes,    5238152 total
[2019-12-09T07:01:28.011+0000][1][gc,heap      ] GC(20) ParNew: 75850K->7501K(78656K)
[2019-12-09T07:01:28.011+0000][1][gc,heap      ] GC(20) CMS: 54506K->57668K(174784K)
[2019-12-09T07:01:28.011+0000][1][gc,metaspace ] GC(20) Metaspace: 48580K->48580K(1093632K)
[2019-12-09T07:01:28.011+0000][1][gc           ] GC(20) Pause Young (Allocation Failure) 127M->63M(247M) 241.891ms
[2019-12-09T07:01:28.011+0000][1][gc,cpu       ] GC(20) User=0.05s Sys=0.00s Real=0.24s
[2019-12-09T07:01:28.011+0000][1][safepoint    ] Leaving safepoint region
[2019-12-09T07:01:28.011+0000][1][safepoint    ] Total time for which application threads were stopped: 0.2420433 seconds, Stopping threads took: 0.0000235 seconds
[2019-12-09T07:01:28.015+0000][1][safepoint    ] Application time: 0.0032069 seconds
[2019-12-09T07:01:28.015+0000][1][safepoint    ] Entering safepoint region: RevokeBias
[2019-12-09T07:01:28.015+0000][1][safepoint    ] Leaving safepoint region
[2019-12-09T07:01:28.015+0000][1][safepoint    ] Total time for which application threads were stopped: 0.0000677 seconds, Stopping threads took: 0.0000176 seconds
[2019-12-09T07:01:28.458+0000][1][safepoint    ] Application time: 0.4428554 seconds
[2019-12-09T07:01:28.489+0000][1][safepoint    ] Entering safepoint region: RevokeBias
[2019-12-09T07:01:28.489+0000][1][safepoint    ] Leaving safepoint region
[2019-12-09T07:01:28.489+0000][1][safepoint    ] Total time for which application threads were stopped: 0.0316108 seconds, Stopping threads took: 0.0311314 seconds
[2019-12-09T07:01:28.787+0000][1][safepoint    ] Application time: 0.2975282 seconds
[2019-12-09T07:01:28.787+0000][1][safepoint    ] Entering safepoint region: RevokeBias
[2019-12-09T07:01:28.787+0000][1][safepoint    ] Leaving safepoint region
[2019-12-09T07:01:28.787+0000][1][safepoint    ] Total time for which application threads were stopped: 0.0000742 seconds, Stopping threads took: 0.0000164 seconds
[2019-12-09T07:01:29.525+0000][1][safepoint    ] Application time: 0.7379250 seconds
[2019-12-09T07:01:29.525+0000][1][safepoint    ] Entering safepoint region: RevokeBias
[2019-12-09T07:01:29.525+0000][1][safepoint    ] Leaving safepoint region
[2019-12-09T07:01:29.525+0000][1][safepoint    ] Total time for which application threads were stopped: 0.0001214 seconds, Stopping threads took: 0.0000609 seconds
[2019-12-09T07:01:30.528+0000][1][safepoint    ] Application time: 1.0026958 seconds
[2019-12-09T07:01:30.528+0000][1][safepoint    ] Entering safepoint region: Cleanup
[2019-12-09T07:01:30.528+0000][1][safepoint    ] Leaving safepoint region
[2019-12-09T07:01:30.528+0000][1][safepoint    ] Total time for which application threads were stopped: 0.0004820 seconds, Stopping threads took: 0.0000172 seconds
[2019-12-09T07:01:31.529+0000][1][safepoint    ] Application time: 1.0004716 seconds
[2019-12-09T07:01:31.542+0000][1][safepoint    ] Entering safepoint region: Cleanup
[2019-12-09T07:01:31.542+0000][1][safepoint    ] Leaving safepoint region
[2019-12-09T07:01:31.542+0000][1][safepoint    ] Total time for which application threads were stopped: 0.0131483 seconds, Stopping threads took: 0.0130801 seconds
[2019-12-09T07:01:32.021+0000][1][safepoint    ] Application time: 0.4793986 seconds
[2019-12-09T07:01:32.021+0000][1][safepoint    ] Entering safepoint region: RevokeBias
[2019-12-09T07:01:32.021+0000][1][safepoint    ] Leaving safepoint region
[2019-12-09T07:01:32.021+0000][1][safepoint    ] Total time for which application threads were stopped: 0.0000991 seconds, Stopping threads took: 0.0000159 seconds
[2019-12-09T07:01:33.032+0000][1][safepoint    ] Application time: 1.0102283 seconds
[2019-12-09T07:01:33.051+0000][1][safepoint    ] Entering safepoint region: Cleanup
[2019-12-09T07:01:33.051+0000][1][safepoint    ] Leaving safepoint region
[2019-12-09T07:01:33.051+0000][1][safepoint    ] Total time for which application threads were stopped: 0.0191182 seconds, Stopping threads took: 0.0190363 seconds
[2019-12-09T07:01:33.935+0000][1][safepoint    ] Application time: 0.8839945 seconds
[2019-12-09T07:01:33.935+0000][1][safepoint    ] Entering safepoint region: GenCollectForAllocation
[2019-12-09T07:01:33.935+0000][1][gc,start     ] GC(21) Pause Young (Allocation Failure)
[2019-12-09T07:01:33.935+0000][1][gc,task      ] GC(21) Using 2 workers of 2 for evacuation
[2019-12-09T07:01:34.130+0000][1][gc,age       ] GC(21) Desired survivor size 4456448 bytes, new threshold 6 (max threshold 6)
[2019-12-09T07:01:34.130+0000][1][gc,age       ] GC(21) Age table with threshold 6 (max threshold 6)
[2019-12-09T07:01:34.130+0000][1][gc,age       ] GC(21) - age   1:    1614800 bytes,    1614800 total
[2019-12-09T07:01:34.130+0000][1][gc,age       ] GC(21) - age   2:    2654440 bytes,    4269240 total
[2019-12-09T07:01:34.130+0000][1][gc,heap      ] GC(21) ParNew: 77453K->5086K(78656K)
[2019-12-09T07:01:34.130+0000][1][gc,heap      ] GC(21) CMS: 57668K->60190K(174784K)
[2019-12-09T07:01:34.130+0000][1][gc,metaspace ] GC(21) Metaspace: 56070K->56070K(1099776K)
[2019-12-09T07:01:34.130+0000][1][gc           ] GC(21) Pause Young (Allocation Failure) 131M->63M(247M) 194.944ms
[2019-12-09T07:01:34.130+0000][1][gc,cpu       ] GC(21) User=0.04s Sys=0.00s Real=0.19s
[2019-12-09T07:01:34.130+0000][1][safepoint    ] Leaving safepoint region
[2019-12-09T07:01:34.130+0000][1][safepoint    ] Total time for which application threads were stopped: 0.1950939 seconds, Stopping threads took: 0.0000172 seconds
[2019-12-09T07:01:34.515+0000][1][safepoint    ] Application time: 0.3848780 seconds
[2019-12-09T07:01:34.522+0000][1][safepoint    ] Entering safepoint region: RevokeBias
[2019-12-09T07:01:34.522+0000][1][safepoint    ] Leaving safepoint region
[2019-12-09T07:01:34.522+0000][1][safepoint    ] Total time for which application threads were stopped: 0.0071920 seconds, Stopping threads took: 0.0070835 seconds
[2019-12-09T07:01:34.522+0000][1][safepoint    ] Application time: 0.0002297 seconds
[2019-12-09T07:01:34.522+0000][1][safepoint    ] Entering safepoint region: RevokeBias
[2019-12-09T07:01:34.522+0000][1][safepoint    ] Leaving safepoint region
[2019-12-09T07:01:34.522+0000][1][safepoint    ] Total time for which application threads were stopped: 0.0000886 seconds, Stopping threads took: 0.0000112 seconds
[2019-12-09T07:01:34.523+0000][1][safepoint    ] Application time: 0.0000784 seconds
[2019-12-09T07:01:34.523+0000][1][safepoint    ] Entering safepoint region: RevokeBias
[2019-12-09T07:01:34.523+0000][1][safepoint    ] Leaving safepoint region
[2019-12-09T07:01:34.523+0000][1][safepoint    ] Total time for which application threads were stopped: 0.0000709 seconds, Stopping threads took: 0.0000085 seconds
[2019-12-09T07:01:34.523+0000][1][safepoint    ] Application time: 0.0002105 seconds
[2019-12-09T07:01:34.523+0000][1][safepoint    ] Entering safepoint region: RevokeBias
[2019-12-09T07:01:34.523+0000][1][safepoint    ] Leaving safepoint region
[2019-12-09T07:01:34.523+0000][1][safepoint    ] Total time for which application threads were stopped: 0.0000642 seconds, Stopping threads took: 0.0000107 seconds
[2019-12-09T07:01:35.076+0000][1][safepoint    ] Application time: 0.5532043 seconds
[2019-12-09T07:01:35.076+0000][1][safepoint    ] Entering safepoint region: RevokeBias
[2019-12-09T07:01:35.076+0000][1][safepoint    ] Leaving safepoint region
[2019-12-09T07:01:35.076+0000][1][safepoint    ] Total time for which application threads were stopped: 0.0001067 seconds, Stopping threads took: 0.0000146 seconds
[2019-12-09T07:01:35.235+0000][1][safepoint    ] Application time: 0.1585807 seconds
[2019-12-09T07:01:35.235+0000][1][safepoint    ] Entering safepoint region: RevokeBias
[2019-12-09T07:01:35.235+0000][1][safepoint    ] Leaving safepoint region
[2019-12-09T07:01:35.235+0000][1][safepoint    ] Total time for which application threads were stopped: 0.0000723 seconds, Stopping threads took: 0.0000162 seconds
[2019-12-09T07:01:35.395+0000][1][safepoint    ] Application time: 0.1602305 seconds
[2019-12-09T07:01:35.395+0000][1][safepoint    ] Entering safepoint region: Deoptimize
[2019-12-09T07:01:35.396+0000][1][safepoint    ] Leaving safepoint region
[2019-12-09T07:01:35.396+0000][1][safepoint    ] Total time for which application threads were stopped: 0.0006761 seconds, Stopping threads took: 0.0000181 seconds
[2019-12-09T07:01:35.775+0000][1][safepoint    ] Application time: 0.3791240 seconds
[2019-12-09T07:01:35.775+0000][1][safepoint    ] Entering safepoint region: RevokeBias
[2019-12-09T07:01:35.775+0000][1][safepoint    ] Leaving safepoint region
[2019-12-09T07:01:35.775+0000][1][safepoint    ] Total time for which application threads were stopped: 0.0001203 seconds, Stopping threads took: 0.0000166 seconds
[2019-12-09T07:01:35.798+0000][1][safepoint    ] Application time: 0.0226054 seconds
[2019-12-09T07:01:35.798+0000][1][safepoint    ] Entering safepoint region: RevokeBias
[2019-12-09T07:01:35.798+0000][1][safepoint    ] Leaving safepoint region
[2019-12-09T07:01:35.798+0000][1][safepoint    ] Total time for which application threads were stopped: 0.0000889 seconds, Stopping threads took: 0.0000161 seconds
[2019-12-09T07:01:35.798+0000][1][safepoint    ] Application time: 0.0001674 seconds
[2019-12-09T07:01:35.798+0000][1][safepoint    ] Entering safepoint region: RevokeBias
[2019-12-09T07:01:35.798+0000][1][safepoint    ] Leaving safepoint region
[2019-12-09T07:01:35.798+0000][1][safepoint    ] Total time for which application threads were stopped: 0.0000700 seconds, Stopping threads took: 0.0000123 seconds
[2019-12-09T07:01:35.801+0000][1][safepoint    ] Application time: 0.0031022 seconds
[2019-12-09T07:01:35.801+0000][1][safepoint    ] Entering safepoint region: RevokeBias
[2019-12-09T07:01:35.801+0000][1][safepoint    ] Leaving safepoint region
[2019-12-09T07:01:35.801+0000][1][safepoint    ] Total time for which application threads were stopped: 0.0000637 seconds, Stopping threads took: 0.0000113 seconds
[2019-12-09T07:01:36.805+0000][1][safepoint    ] Application time: 1.0033037 seconds
[2019-12-09T07:01:36.816+0000][1][safepoint    ] Entering safepoint region: Cleanup
[2019-12-09T07:01:36.817+0000][1][safepoint    ] Leaving safepoint region
[2019-12-09T07:01:36.817+0000][1][safepoint    ] Total time for which application threads were stopped: 0.0122203 seconds, Stopping threads took: 0.0109995 seconds
[2019-12-09T07:01:37.212+0000][1][safepoint    ] Application time: 0.3948683 seconds
[2019-12-09T07:01:37.212+0000][1][safepoint    ] Entering safepoint region: RevokeBias
[2019-12-09T07:01:37.212+0000][1][safepoint    ] Leaving safepoint region
[2019-12-09T07:01:37.212+0000][1][safepoint    ] Total time for which application threads were stopped: 0.0001035 seconds, Stopping threads took: 0.0000347 seconds
[2019-12-09T07:01:37.818+0000][1][safepoint    ] Application time: 0.6064886 seconds
[2019-12-09T07:01:37.819+0000][1][safepoint    ] Entering safepoint region: Deoptimize
[2019-12-09T07:01:37.819+0000][1][safepoint    ] Leaving safepoint region
[2019-12-09T07:01:37.819+0000][1][safepoint    ] Total time for which application threads were stopped: 0.0006598 seconds, Stopping threads took: 0.0000165 seconds
[2019-12-09T07:01:38.206+0000][1][safepoint    ] Application time: 0.3872371 seconds
[2019-12-09T07:01:38.206+0000][1][safepoint    ] Entering safepoint region: CollectForMetadataAllocation
[2019-12-09T07:01:38.207+0000][1][safepoint    ] Leaving safepoint region
[2019-12-09T07:01:38.207+0000][1][safepoint    ] Total time for which application threads were stopped: 0.0002934 seconds, Stopping threads took: 0.0000167 seconds
[2019-12-09T07:01:38.641+0000][1][safepoint    ] Application time: 0.4339441 seconds
[2019-12-09T07:01:38.641+0000][1][safepoint    ] Entering safepoint region: CollectForMetadataAllocation
[2019-12-09T07:01:38.641+0000][1][safepoint    ] Leaving safepoint region
[2019-12-09T07:01:38.641+0000][1][safepoint    ] Total time for which application threads were stopped: 0.0003057 seconds, Stopping threads took: 0.0000659 seconds
[2019-12-09T07:01:38.913+0000][1][safepoint    ] Application time: 0.2715616 seconds
[2019-12-09T07:01:38.913+0000][1][safepoint    ] Entering safepoint region: CollectForMetadataAllocation
[2019-12-09T07:01:38.913+0000][1][safepoint    ] Leaving safepoint region
[2019-12-09T07:01:38.913+0000][1][safepoint    ] Total time for which application threads were stopped: 0.0002897 seconds, Stopping threads took: 0.0000169 seconds
[2019-12-09T07:01:39.136+0000][1][safepoint    ] Application time: 0.2227556 seconds
[2019-12-09T07:01:39.136+0000][1][safepoint    ] Entering safepoint region: CollectForMetadataAllocation
[2019-12-09T07:01:39.136+0000][1][safepoint    ] Leaving safepoint region
[2019-12-09T07:01:39.136+0000][1][safepoint    ] Total time for which application threads were stopped: 0.0001875 seconds, Stopping threads took: 0.0000162 seconds
[2019-12-09T07:01:39.145+0000][1][safepoint    ] Application time: 0.0094451 seconds
[2019-12-09T07:01:39.145+0000][1][safepoint    ] Entering safepoint region: RevokeBias
[2019-12-09T07:01:39.145+0000][1][safepoint    ] Leaving safepoint region
[2019-12-09T07:01:39.145+0000][1][safepoint    ] Total time for which application threads were stopped: 0.0000808 seconds, Stopping threads took: 0.0000155 seconds
[2019-12-09T07:01:39.146+0000][1][safepoint    ] Application time: 0.0001067 seconds
[2019-12-09T07:01:39.146+0000][1][safepoint    ] Entering safepoint region: RevokeBias
[2019-12-09T07:01:39.146+0000][1][safepoint    ] Leaving safepoint region
[2019-12-09T07:01:39.146+0000][1][safepoint    ] Total time for which application threads were stopped: 0.0000458 seconds, Stopping threads took: 0.0000095 seconds
[2019-12-09T07:01:39.146+0000][1][safepoint    ] Application time: 0.0001001 seconds
[2019-12-09T07:01:39.146+0000][1][safepoint    ] Entering safepoint region: RevokeBias
[2019-12-09T07:01:39.146+0000][1][safepoint    ] Leaving safepoint region
[2019-12-09T07:01:39.146+0000][1][safepoint    ] Total time for which application threads were stopped: 0.0000378 seconds, Stopping threads took: 0.0000081 seconds
[2019-12-09T07:01:39.146+0000][1][safepoint    ] Application time: 0.0001867 seconds
[2019-12-09T07:01:39.146+0000][1][safepoint    ] Entering safepoint region: RevokeBias
[2019-12-09T07:01:39.146+0000][1][safepoint    ] Leaving safepoint region
[2019-12-09T07:01:39.146+0000][1][safepoint    ] Total time for which application threads were stopped: 0.0000488 seconds, Stopping threads took: 0.0000095 seconds
[2019-12-09T07:01:39.146+0000][1][safepoint    ] Application time: 0.0001349 seconds
[2019-12-09T07:01:39.146+0000][1][safepoint    ] Entering safepoint region: RevokeBias
[2019-12-09T07:01:39.146+0000][1][safepoint    ] Leaving safepoint region
[2019-12-09T07:01:39.146+0000][1][safepoint    ] Total time for which application threads were stopped: 0.0000424 seconds, Stopping threads took: 0.0000085 seconds
[2019-12-09T07:01:39.146+0000][1][safepoint    ] Application time: 0.0000820 seconds
[2019-12-09T07:01:39.146+0000][1][safepoint    ] Entering safepoint region: RevokeBias
[2019-12-09T07:01:39.146+0000][1][safepoint    ] Leaving safepoint region
[2019-12-09T07:01:39.146+0000][1][safepoint    ] Total time for which application threads were stopped: 0.0000369 seconds, Stopping threads took: 0.0000076 seconds
[2019-12-09T07:01:39.146+0000][1][safepoint    ] Application time: 0.0000507 seconds
[2019-12-09T07:01:39.147+0000][1][safepoint    ] Entering safepoint region: RevokeBias
[2019-12-09T07:01:39.147+0000][1][safepoint    ] Leaving safepoint region
[2019-12-09T07:01:39.147+0000][1][safepoint    ] Total time for which application threads were stopped: 0.0000339 seconds, Stopping threads took: 0.0000080 seconds
[2019-12-09T07:01:39.147+0000][1][safepoint    ] Application time: 0.0002241 seconds
[2019-12-09T07:01:39.147+0000][1][safepoint    ] Entering safepoint region: RevokeBias
[2019-12-09T07:01:39.147+0000][1][safepoint    ] Leaving safepoint region
[2019-12-09T07:01:39.147+0000][1][safepoint    ] Total time for which application threads were stopped: 0.0000438 seconds, Stopping threads took: 0.0000095 seconds
[2019-12-09T07:01:39.404+0000][1][safepoint    ] Application time: 0.2566669 seconds
[2019-12-09T07:01:39.404+0000][1][safepoint    ] Entering safepoint region: CollectForMetadataAllocation
[2019-12-09T07:01:39.404+0000][1][safepoint    ] Leaving safepoint region
[2019-12-09T07:01:39.404+0000][1][safepoint    ] Total time for which application threads were stopped: 0.0003020 seconds, Stopping threads took: 0.0000278 seconds
[2019-12-09T07:01:39.425+0000][1][safepoint    ] Application time: 0.0209001 seconds
[2019-12-09T07:01:39.426+0000][1][safepoint    ] Entering safepoint region: CollectForMetadataAllocation
[2019-12-09T07:01:39.426+0000][1][safepoint    ] Leaving safepoint region
[2019-12-09T07:01:39.426+0000][1][safepoint    ] Total time for which application threads were stopped: 0.0013543 seconds, Stopping threads took: 0.0013036 seconds
[2019-12-09T07:01:39.652+0000][1][safepoint    ] Application time: 0.2256500 seconds
[2019-12-09T07:01:39.652+0000][1][safepoint    ] Entering safepoint region: CollectForMetadataAllocation
[2019-12-09T07:01:39.652+0000][1][safepoint    ] Leaving safepoint region
[2019-12-09T07:01:39.652+0000][1][safepoint    ] Total time for which application threads were stopped: 0.0002562 seconds, Stopping threads took: 0.0000169 seconds
[2019-12-09T07:01:39.767+0000][1][safepoint    ] Application time: 0.1147123 seconds
[2019-12-09T07:01:39.767+0000][1][safepoint    ] Entering safepoint region: CollectForMetadataAllocation
[2019-12-09T07:01:39.767+0000][1][safepoint    ] Leaving safepoint region
[2019-12-09T07:01:39.767+0000][1][safepoint    ] Total time for which application threads were stopped: 0.0002413 seconds, Stopping threads took: 0.0000159 seconds
[2019-12-09T07:01:39.857+0000][1][safepoint    ] Application time: 0.0902983 seconds
[2019-12-09T07:01:39.857+0000][1][safepoint    ] Entering safepoint region: CollectForMetadataAllocation
[2019-12-09T07:01:39.858+0000][1][safepoint    ] Leaving safepoint region
[2019-12-09T07:01:39.858+0000][1][safepoint    ] Total time for which application threads were stopped: 0.0002708 seconds, Stopping threads took: 0.0000172 seconds
[2019-12-09T07:01:40.182+0000][1][safepoint    ] Application time: 0.3242503 seconds
[2019-12-09T07:01:40.280+0000][1][safepoint    ] Entering safepoint region: CMS_Initial_Mark
[2019-12-09T07:01:40.280+0000][1][gc,start     ] GC(22) Pause Initial Mark
[2019-12-09T07:01:40.547+0000][1][gc           ] GC(22) Pause Initial Mark 121M->121M(247M) 267.503ms
[2019-12-09T07:01:40.547+0000][1][gc,cpu       ] GC(22) User=0.08s Sys=0.00s Real=0.27s
[2019-12-09T07:01:40.547+0000][1][safepoint    ] Leaving safepoint region
[2019-12-09T07:01:40.547+0000][1][safepoint    ] Total time for which application threads were stopped: 0.3653881 seconds, Stopping threads took: 0.0977374 seconds
[2019-12-09T07:01:40.548+0000][1][gc           ] GC(22) Concurrent Mark
[2019-12-09T07:01:40.717+0000][1][safepoint    ] Application time: 0.1693030 seconds
[2019-12-09T07:01:40.717+0000][1][safepoint    ] Entering safepoint region: CollectForMetadataAllocation
[2019-12-09T07:01:40.717+0000][1][safepoint    ] Leaving safepoint region
[2019-12-09T07:01:40.717+0000][1][safepoint    ] Total time for which application threads were stopped: 0.0002591 seconds, Stopping threads took: 0.0000180 seconds
[2019-12-09T07:01:41.312+0000][1][safepoint    ] Application time: 0.5947003 seconds
[2019-12-09T07:01:41.312+0000][1][safepoint    ] Entering safepoint region: CollectForMetadataAllocation
[2019-12-09T07:01:41.312+0000][1][safepoint    ] Leaving safepoint region
[2019-12-09T07:01:41.312+0000][1][safepoint    ] Total time for which application threads were stopped: 0.0002358 seconds, Stopping threads took: 0.0000187 seconds
[2019-12-09T07:01:41.589+0000][1][gc           ] GC(22) Concurrent Mark 1041.491ms
[2019-12-09T07:01:41.589+0000][1][gc,cpu       ] GC(22) User=0.28s Sys=0.00s Real=1.04s
[2019-12-09T07:01:41.589+0000][1][gc           ] GC(22) Concurrent Preclean
[2019-12-09T07:01:41.622+0000][1][gc           ] GC(22) Concurrent Preclean 33.062ms
[2019-12-09T07:01:41.622+0000][1][gc,cpu       ] GC(22) User=0.01s Sys=0.00s Real=0.03s
[2019-12-09T07:01:41.622+0000][1][gc           ] GC(22) Concurrent Abortable Preclean
[2019-12-09T07:01:41.668+0000][1][safepoint    ] Application time: 0.3562196 seconds
[2019-12-09T07:01:41.668+0000][1][safepoint    ] Entering safepoint region: CollectForMetadataAllocation
[2019-12-09T07:01:41.668+0000][1][safepoint    ] Leaving safepoint region
[2019-12-09T07:01:41.668+0000][1][safepoint    ] Total time for which application threads were stopped: 0.0001748 seconds, Stopping threads took: 0.0000158 seconds
[2019-12-09T07:01:41.881+0000][1][safepoint    ] Application time: 0.2123088 seconds
[2019-12-09T07:01:41.881+0000][1][safepoint    ] Entering safepoint region: RevokeBias
[2019-12-09T07:01:41.881+0000][1][safepoint    ] Leaving safepoint region
[2019-12-09T07:01:41.881+0000][1][safepoint    ] Total time for which application threads were stopped: 0.0000882 seconds, Stopping threads took: 0.0000250 seconds
[2019-12-09T07:01:42.149+0000][1][safepoint    ] Application time: 0.2678197 seconds
[2019-12-09T07:01:42.149+0000][1][safepoint    ] Entering safepoint region: GenCollectForAllocation
[2019-12-09T07:01:42.149+0000][1][gc,start     ] GC(23) Pause Young (Allocation Failure)
[2019-12-09T07:01:42.149+0000][1][gc,task      ] GC(23) Using 2 workers of 2 for evacuation
[2019-12-09T07:01:42.394+0000][1][gc,age       ] GC(23) Desired survivor size 4456448 bytes, new threshold 2 (max threshold 6)
[2019-12-09T07:01:42.394+0000][1][gc,age       ] GC(23) Age table with threshold 2 (max threshold 6)
[2019-12-09T07:01:42.394+0000][1][gc,age       ] GC(23) - age   1:    3605936 bytes,    3605936 total
[2019-12-09T07:01:42.394+0000][1][gc,age       ] GC(23) - age   2:    1548144 bytes,    5154080 total
[2019-12-09T07:01:42.394+0000][1][gc,age       ] GC(23) - age   3:    2638928 bytes,    7793008 total
[2019-12-09T07:01:42.394+0000][1][gc,heap      ] GC(23) ParNew: 75038K->8704K(78656K)
[2019-12-09T07:01:42.394+0000][1][gc,heap      ] GC(23) CMS: 60190K->60190K(174784K)
[2019-12-09T07:01:42.394+0000][1][gc,metaspace ] GC(23) Metaspace: 63184K->63184K(1107968K)
[2019-12-09T07:01:42.394+0000][1][gc           ] GC(23) Pause Young (Allocation Failure) 132M->67M(247M) 245.375ms
[2019-12-09T07:01:42.394+0000][1][gc,cpu       ] GC(23) User=0.04s Sys=0.00s Real=0.24s
[2019-12-09T07:01:42.394+0000][1][safepoint    ] Leaving safepoint region
[2019-12-09T07:01:42.394+0000][1][safepoint    ] Total time for which application threads were stopped: 0.2455157 seconds, Stopping threads took: 0.0000155 seconds
[2019-12-09T07:01:42.436+0000][1][safepoint    ] Application time: 0.0416391 seconds
[2019-12-09T07:01:42.436+0000][1][safepoint    ] Entering safepoint region: CollectForMetadataAllocation
[2019-12-09T07:01:42.436+0000][1][safepoint    ] Leaving safepoint region
[2019-12-09T07:01:42.436+0000][1][safepoint    ] Total time for which application threads were stopped: 0.0002396 seconds, Stopping threads took: 0.0000175 seconds
[2019-12-09T07:01:42.660+0000][1][safepoint    ] Application time: 0.2235390 seconds
[2019-12-09T07:01:42.683+0000][1][safepoint    ] Entering safepoint region: RevokeBias
[2019-12-09T07:01:42.683+0000][1][safepoint    ] Leaving safepoint region
[2019-12-09T07:01:42.683+0000][1][safepoint    ] Total time for which application threads were stopped: 0.0233388 seconds, Stopping threads took: 0.0231581 seconds
[2019-12-09T07:01:42.701+0000][1][safepoint    ] Application time: 0.0176701 seconds
[2019-12-09T07:01:42.701+0000][1][safepoint    ] Entering safepoint region: RevokeBias
[2019-12-09T07:01:42.701+0000][1][safepoint    ] Leaving safepoint region
[2019-12-09T07:01:42.701+0000][1][safepoint    ] Total time for which application threads were stopped: 0.0002892 seconds, Stopping threads took: 0.0000225 seconds
[2019-12-09T07:01:42.701+0000][1][safepoint    ] Application time: 0.0000866 seconds
[2019-12-09T07:01:42.701+0000][1][safepoint    ] Entering safepoint region: RevokeBias
[2019-12-09T07:01:42.701+0000][1][safepoint    ] Leaving safepoint region
[2019-12-09T07:01:42.701+0000][1][safepoint    ] Total time for which application threads were stopped: 0.0000695 seconds, Stopping threads took: 0.0000095 seconds
[2019-12-09T07:01:42.744+0000][1][safepoint    ] Application time: 0.0424483 seconds
[2019-12-09T07:01:42.756+0000][1][safepoint    ] Entering safepoint region: RevokeBias
[2019-12-09T07:01:42.756+0000][1][safepoint    ] Leaving safepoint region
[2019-12-09T07:01:42.756+0000][1][safepoint    ] Total time for which application threads were stopped: 0.0123102 seconds, Stopping threads took: 0.0122064 seconds
[2019-12-09T07:01:42.756+0000][1][safepoint    ] Application time: 0.0000916 seconds
[2019-12-09T07:01:42.756+0000][1][safepoint    ] Entering safepoint region: RevokeBias
[2019-12-09T07:01:42.756+0000][1][safepoint    ] Leaving safepoint region
[2019-12-09T07:01:42.756+0000][1][safepoint    ] Total time for which application threads were stopped: 0.0000715 seconds, Stopping threads took: 0.0000132 seconds
[2019-12-09T07:01:42.756+0000][1][safepoint    ] Application time: 0.0000613 seconds
[2019-12-09T07:01:42.756+0000][1][safepoint    ] Entering safepoint region: RevokeBias
[2019-12-09T07:01:42.756+0000][1][safepoint    ] Leaving safepoint region
[2019-12-09T07:01:42.756+0000][1][safepoint    ] Total time for which application threads were stopped: 0.0000586 seconds, Stopping threads took: 0.0000103 seconds
[2019-12-09T07:01:42.756+0000][1][safepoint    ] Application time: 0.0000544 seconds
[2019-12-09T07:01:42.757+0000][1][safepoint    ] Entering safepoint region: RevokeBias
[2019-12-09T07:01:42.757+0000][1][safepoint    ] Leaving safepoint region
[2019-12-09T07:01:42.757+0000][1][safepoint    ] Total time for which application threads were stopped: 0.0000523 seconds, Stopping threads took: 0.0000089 seconds
[2019-12-09T07:01:42.757+0000][1][safepoint    ] Application time: 0.0000521 seconds
[2019-12-09T07:01:42.757+0000][1][safepoint    ] Entering safepoint region: RevokeBias
[2019-12-09T07:01:42.757+0000][1][safepoint    ] Leaving safepoint region
[2019-12-09T07:01:42.757+0000][1][safepoint    ] Total time for which application threads were stopped: 0.0000633 seconds, Stopping threads took: 0.0000088 seconds
[2019-12-09T07:01:43.095+0000][1][safepoint    ] Application time: 0.3380399 seconds
[2019-12-09T07:01:43.095+0000][1][safepoint    ] Entering safepoint region: CollectForMetadataAllocation
[2019-12-09T07:01:43.095+0000][1][safepoint    ] Leaving safepoint region
[2019-12-09T07:01:43.095+0000][1][safepoint    ] Total time for which application threads were stopped: 0.0002619 seconds, Stopping threads took: 0.0000187 seconds
[2019-12-09T07:01:43.378+0000][1][safepoint    ] Application time: 0.2826564 seconds
[2019-12-09T07:01:43.378+0000][1][safepoint    ] Entering safepoint region: CollectForMetadataAllocation
[2019-12-09T07:01:43.378+0000][1][safepoint    ] Leaving safepoint region
[2019-12-09T07:01:43.378+0000][1][safepoint    ] Total time for which application threads were stopped: 0.0001909 seconds, Stopping threads took: 0.0000205 seconds
[2019-12-09T07:01:43.521+0000][1][safepoint    ] Application time: 0.1434021 seconds
[2019-12-09T07:01:43.521+0000][1][safepoint    ] Entering safepoint region: Deoptimize
[2019-12-09T07:01:43.522+0000][1][safepoint    ] Leaving safepoint region
[2019-12-09T07:01:43.522+0000][1][safepoint    ] Total time for which application threads were stopped: 0.0007228 seconds, Stopping threads took: 0.0000160 seconds
[2019-12-09T07:01:43.559+0000][1][safepoint    ] Application time: 0.0367083 seconds
[2019-12-09T07:01:43.559+0000][1][safepoint    ] Entering safepoint region: CollectForMetadataAllocation
[2019-12-09T07:01:43.559+0000][1][safepoint    ] Leaving safepoint region
[2019-12-09T07:01:43.559+0000][1][safepoint    ] Total time for which application threads were stopped: 0.0002420 seconds, Stopping threads took: 0.0000248 seconds
[2019-12-09T07:01:43.635+0000][1][safepoint    ] Application time: 0.0756725 seconds
[2019-12-09T07:01:43.635+0000][1][safepoint    ] Entering safepoint region: RevokeBias
[2019-12-09T07:01:43.635+0000][1][safepoint    ] Leaving safepoint region
[2019-12-09T07:01:43.635+0000][1][safepoint    ] Total time for which application threads were stopped: 0.0000890 seconds, Stopping threads took: 0.0000154 seconds
[2019-12-09T07:01:43.695+0000][1][safepoint    ] Application time: 0.0598499 seconds
[2019-12-09T07:01:43.695+0000][1][safepoint    ] Entering safepoint region: BulkRevokeBias
[2019-12-09T07:01:43.695+0000][1][safepoint    ] Leaving safepoint region
[2019-12-09T07:01:43.695+0000][1][safepoint    ] Total time for which application threads were stopped: 0.0003666 seconds, Stopping threads took: 0.0000191 seconds
[2019-12-09T07:01:43.714+0000][1][safepoint    ] Application time: 0.0185271 seconds
[2019-12-09T07:01:43.714+0000][1][safepoint    ] Entering safepoint region: RevokeBias
[2019-12-09T07:01:43.714+0000][1][safepoint    ] Leaving safepoint region
[2019-12-09T07:01:43.714+0000][1][safepoint    ] Total time for which application threads were stopped: 0.0000846 seconds, Stopping threads took: 0.0000169 seconds
[2019-12-09T07:01:43.740+0000][1][safepoint    ] Application time: 0.0264501 seconds
[2019-12-09T07:01:43.740+0000][1][safepoint    ] Entering safepoint region: RevokeBias
[2019-12-09T07:01:43.740+0000][1][safepoint    ] Leaving safepoint region
[2019-12-09T07:01:43.740+0000][1][safepoint    ] Total time for which application threads were stopped: 0.0000974 seconds, Stopping threads took: 0.0000163 seconds
[2019-12-09T07:01:43.740+0000][1][safepoint    ] Application time: 0.0000560 seconds
[2019-12-09T07:01:43.740+0000][1][safepoint    ] Entering safepoint region: RevokeBias
[2019-12-09T07:01:43.741+0000][1][safepoint    ] Leaving safepoint region
[2019-12-09T07:01:43.741+0000][1][safepoint    ] Total time for which application threads were stopped: 0.0000551 seconds, Stopping threads took: 0.0000089 seconds
[2019-12-09T07:01:43.741+0000][1][safepoint    ] Application time: 0.0000970 seconds
[2019-12-09T07:01:43.741+0000][1][safepoint    ] Entering safepoint region: RevokeBias
[2019-12-09T07:01:43.741+0000][1][safepoint    ] Leaving safepoint region
[2019-12-09T07:01:43.741+0000][1][safepoint    ] Total time for which application threads were stopped: 0.0000828 seconds, Stopping threads took: 0.0000096 seconds
[2019-12-09T07:01:43.741+0000][1][safepoint    ] Application time: 0.0003576 seconds
[2019-12-09T07:01:43.741+0000][1][safepoint    ] Entering safepoint region: RevokeBias
[2019-12-09T07:01:43.741+0000][1][safepoint    ] Leaving safepoint region
[2019-12-09T07:01:43.741+0000][1][safepoint    ] Total time for which application threads were stopped: 0.0000645 seconds, Stopping threads took: 0.0000117 seconds
[2019-12-09T07:01:43.779+0000][1][safepoint    ] Application time: 0.0378331 seconds
[2019-12-09T07:01:43.779+0000][1][safepoint    ] Entering safepoint region: RevokeBias
[2019-12-09T07:01:43.779+0000][1][safepoint    ] Leaving safepoint region
[2019-12-09T07:01:43.779+0000][1][safepoint    ] Total time for which application threads were stopped: 0.0001084 seconds, Stopping threads took: 0.0000160 seconds
[2019-12-09T07:01:43.779+0000][1][safepoint    ] Application time: 0.0000614 seconds
[2019-12-09T07:01:43.779+0000][1][safepoint    ] Entering safepoint region: RevokeBias
[2019-12-09T07:01:43.779+0000][1][safepoint    ] Leaving safepoint region
[2019-12-09T07:01:43.779+0000][1][safepoint    ] Total time for which application threads were stopped: 0.0000548 seconds, Stopping threads took: 0.0000080 seconds
[2019-12-09T07:01:43.779+0000][1][safepoint    ] Application time: 0.0000982 seconds
[2019-12-09T07:01:43.779+0000][1][safepoint    ] Entering safepoint region: RevokeBias
[2019-12-09T07:01:43.779+0000][1][safepoint    ] Leaving safepoint region
[2019-12-09T07:01:43.779+0000][1][safepoint    ] Total time for which application threads were stopped: 0.0000620 seconds, Stopping threads took: 0.0000152 seconds
[2019-12-09T07:01:43.780+0000][1][safepoint    ] Application time: 0.0007345 seconds
[2019-12-09T07:01:43.780+0000][1][safepoint    ] Entering safepoint region: RevokeBias
[2019-12-09T07:01:43.780+0000][1][safepoint    ] Leaving safepoint region
[2019-12-09T07:01:43.780+0000][1][safepoint    ] Total time for which application threads were stopped: 0.0000717 seconds, Stopping threads took: 0.0000136 seconds
[2019-12-09T07:01:43.782+0000][1][safepoint    ] Application time: 0.0012528 seconds
[2019-12-09T07:01:43.782+0000][1][safepoint    ] Entering safepoint region: RevokeBias
[2019-12-09T07:01:43.782+0000][1][safepoint    ] Leaving safepoint region
[2019-12-09T07:01:43.782+0000][1][safepoint    ] Total time for which application threads were stopped: 0.0000858 seconds, Stopping threads took: 0.0000113 seconds
[2019-12-09T07:01:43.782+0000][1][safepoint    ] Application time: 0.0000847 seconds
[2019-12-09T07:01:43.782+0000][1][safepoint    ] Entering safepoint region: RevokeBias
[2019-12-09T07:01:43.782+0000][1][safepoint    ] Leaving safepoint region
[2019-12-09T07:01:43.782+0000][1][safepoint    ] Total time for which application threads were stopped: 0.0000593 seconds, Stopping threads took: 0.0000093 seconds
[2019-12-09T07:01:43.783+0000][1][safepoint    ] Application time: 0.0013283 seconds
[2019-12-09T07:01:43.783+0000][1][safepoint    ] Entering safepoint region: RevokeBias
[2019-12-09T07:01:43.783+0000][1][safepoint    ] Leaving safepoint region
[2019-12-09T07:01:43.783+0000][1][safepoint    ] Total time for which application threads were stopped: 0.0000594 seconds, Stopping threads took: 0.0000110 seconds
[2019-12-09T07:01:43.806+0000][1][safepoint    ] Application time: 0.0224716 seconds
[2019-12-09T07:01:43.806+0000][1][safepoint    ] Entering safepoint region: Deoptimize
[2019-12-09T07:01:43.806+0000][1][safepoint    ] Leaving safepoint region
[2019-12-09T07:01:43.806+0000][1][safepoint    ] Total time for which application threads were stopped: 0.0006817 seconds, Stopping threads took: 0.0000149 seconds
[2019-12-09T07:01:43.853+0000][1][safepoint    ] Application time: 0.0465034 seconds
[2019-12-09T07:01:43.853+0000][1][safepoint    ] Entering safepoint region: RevokeBias
[2019-12-09T07:01:43.853+0000][1][safepoint    ] Leaving safepoint region
[2019-12-09T07:01:43.853+0000][1][safepoint    ] Total time for which application threads were stopped: 0.0004101 seconds, Stopping threads took: 0.0000159 seconds
[2019-12-09T07:01:43.879+0000][1][safepoint    ] Application time: 0.0252854 seconds
[2019-12-09T07:01:43.960+0000][1][safepoint    ] Entering safepoint region: CollectForMetadataAllocation
[2019-12-09T07:01:43.961+0000][1][safepoint    ] Leaving safepoint region
[2019-12-09T07:01:43.961+0000][1][safepoint    ] Total time for which application threads were stopped: 0.0818712 seconds, Stopping threads took: 0.0816258 seconds
[2019-12-09T07:01:44.601+0000][1][safepoint    ] Application time: 0.6407317 seconds
[2019-12-09T07:01:44.672+0000][1][safepoint    ] Entering safepoint region: RevokeBias
[2019-12-09T07:01:44.672+0000][1][safepoint    ] Leaving safepoint region
[2019-12-09T07:01:44.672+0000][1][safepoint    ] Total time for which application threads were stopped: 0.0706613 seconds, Stopping threads took: 0.0704246 seconds
[2019-12-09T07:01:44.672+0000][1][safepoint    ] Application time: 0.0002096 seconds
[2019-12-09T07:01:44.672+0000][1][safepoint    ] Entering safepoint region: RevokeBias
[2019-12-09T07:01:44.672+0000][1][safepoint    ] Leaving safepoint region
[2019-12-09T07:01:44.672+0000][1][safepoint    ] Total time for which application threads were stopped: 0.0001238 seconds, Stopping threads took: 0.0000140 seconds
[2019-12-09T07:01:44.672+0000][1][safepoint    ] Application time: 0.0000409 seconds
[2019-12-09T07:01:44.672+0000][1][safepoint    ] Entering safepoint region: RevokeBias
[2019-12-09T07:01:44.673+0000][1][safepoint    ] Leaving safepoint region
[2019-12-09T07:01:44.673+0000][1][safepoint    ] Total time for which application threads were stopped: 0.0000513 seconds, Stopping threads took: 0.0000095 seconds
[2019-12-09T07:01:44.718+0000][1][safepoint    ] Application time: 0.0452754 seconds
[2019-12-09T07:01:44.718+0000][1][safepoint    ] Entering safepoint region: RevokeBias
[2019-12-09T07:01:44.718+0000][1][safepoint    ] Leaving safepoint region
[2019-12-09T07:01:44.718+0000][1][safepoint    ] Total time for which application threads were stopped: 0.0001389 seconds, Stopping threads took: 0.0000176 seconds
[2019-12-09T07:01:44.718+0000][1][safepoint    ] Application time: 0.0004236 seconds
[2019-12-09T07:01:44.718+0000][1][safepoint    ] Entering safepoint region: RevokeBias
[2019-12-09T07:01:44.719+0000][1][safepoint    ] Leaving safepoint region
[2019-12-09T07:01:44.719+0000][1][safepoint    ] Total time for which application threads were stopped: 0.0000923 seconds, Stopping threads took: 0.0000130 seconds
[2019-12-09T07:01:44.719+0000][1][safepoint    ] Application time: 0.0002104 seconds
[2019-12-09T07:01:44.719+0000][1][safepoint    ] Entering safepoint region: RevokeBias
[2019-12-09T07:01:44.719+0000][1][safepoint    ] Leaving safepoint region
[2019-12-09T07:01:44.719+0000][1][safepoint    ] Total time for which application threads were stopped: 0.0000607 seconds, Stopping threads took: 0.0000120 seconds
[2019-12-09T07:01:44.793+0000][1][safepoint    ] Application time: 0.0742809 seconds
[2019-12-09T07:01:44.793+0000][1][safepoint    ] Entering safepoint region: RevokeBias
[2019-12-09T07:01:44.793+0000][1][safepoint    ] Leaving safepoint region
[2019-12-09T07:01:44.793+0000][1][safepoint    ] Total time for which application threads were stopped: 0.0001255 seconds, Stopping threads took: 0.0000177 seconds
[2019-12-09T07:01:44.827+0000][1][safepoint    ] Application time: 0.0334164 seconds
[2019-12-09T07:01:44.827+0000][1][safepoint    ] Entering safepoint region: RevokeBias
[2019-12-09T07:01:44.827+0000][1][safepoint    ] Leaving safepoint region
[2019-12-09T07:01:44.827+0000][1][safepoint    ] Total time for which application threads were stopped: 0.0001279 seconds, Stopping threads took: 0.0000195 seconds
[2019-12-09T07:01:44.828+0000][1][safepoint    ] Application time: 0.0006341 seconds
[2019-12-09T07:01:44.828+0000][1][safepoint    ] Entering safepoint region: RevokeBias
[2019-12-09T07:01:44.828+0000][1][safepoint    ] Leaving safepoint region
[2019-12-09T07:01:44.828+0000][1][safepoint    ] Total time for which application threads were stopped: 0.0000661 seconds, Stopping threads took: 0.0000147 seconds
[2019-12-09T07:01:44.904+0000][1][safepoint    ] Application time: 0.0759142 seconds
[2019-12-09T07:01:44.937+0000][1][safepoint    ] Entering safepoint region: RevokeBias
[2019-12-09T07:01:44.937+0000][1][safepoint    ] Leaving safepoint region
[2019-12-09T07:01:44.937+0000][1][safepoint    ] Total time for which application threads were stopped: 0.0333551 seconds, Stopping threads took: 0.0332638 seconds
[2019-12-09T07:01:44.937+0000][1][safepoint    ] Application time: 0.0003931 seconds
[2019-12-09T07:01:44.937+0000][1][safepoint    ] Entering safepoint region: RevokeBias
[2019-12-09T07:01:44.937+0000][1][safepoint    ] Leaving safepoint region
[2019-12-09T07:01:44.937+0000][1][safepoint    ] Total time for which application threads were stopped: 0.0001120 seconds, Stopping threads took: 0.0000154 seconds
[2019-12-09T07:01:44.975+0000][1][safepoint    ] Application time: 0.0372576 seconds
[2019-12-09T07:01:44.976+0000][1][safepoint    ] Entering safepoint region: RevokeBias
[2019-12-09T07:01:44.976+0000][1][safepoint    ] Leaving safepoint region
[2019-12-09T07:01:44.976+0000][1][safepoint    ] Total time for which application threads were stopped: 0.0011566 seconds, Stopping threads took: 0.0010020 seconds
[2019-12-09T07:01:44.976+0000][1][safepoint    ] Application time: 0.0005793 seconds
[2019-12-09T07:01:44.977+0000][1][safepoint    ] Entering safepoint region: RevokeBias
[2019-12-09T07:01:44.977+0000][1][safepoint    ] Leaving safepoint region
[2019-12-09T07:01:44.977+0000][1][safepoint    ] Total time for which application threads were stopped: 0.0000761 seconds, Stopping threads took: 0.0000145 seconds
[2019-12-09T07:01:44.977+0000][1][safepoint    ] Application time: 0.0000511 seconds
[2019-12-09T07:01:44.977+0000][1][safepoint    ] Entering safepoint region: RevokeBias
[2019-12-09T07:01:44.977+0000][1][safepoint    ] Leaving safepoint region
[2019-12-09T07:01:44.977+0000][1][safepoint    ] Total time for which application threads were stopped: 0.0000781 seconds, Stopping threads took: 0.0000089 seconds
[2019-12-09T07:01:44.997+0000][1][safepoint    ] Application time: 0.0200020 seconds
[2019-12-09T07:01:45.070+0000][1][safepoint    ] Entering safepoint region: RevokeBias
[2019-12-09T07:01:45.070+0000][1][safepoint    ] Leaving safepoint region
[2019-12-09T07:01:45.070+0000][1][safepoint    ] Total time for which application threads were stopped: 0.0733033 seconds, Stopping threads took: 0.0731124 seconds
[2019-12-09T07:01:45.089+0000][1][safepoint    ] Application time: 0.0186159 seconds
[2019-12-09T07:01:45.129+0000][1][safepoint    ] Entering safepoint region: RevokeBias
[2019-12-09T07:01:45.129+0000][1][safepoint    ] Leaving safepoint region
[2019-12-09T07:01:45.129+0000][1][safepoint    ] Total time for which application threads were stopped: 0.0402333 seconds, Stopping threads took: 0.0401205 seconds
[2019-12-09T07:01:45.140+0000][1][safepoint    ] Application time: 0.0114320 seconds
[2019-12-09T07:01:45.201+0000][1][safepoint    ] Entering safepoint region: RevokeBias
[2019-12-09T07:01:45.201+0000][1][safepoint    ] Leaving safepoint region
[2019-12-09T07:01:45.201+0000][1][safepoint    ] Total time for which application threads were stopped: 0.0605167 seconds, Stopping threads took: 0.0603677 seconds
[2019-12-09T07:01:45.206+0000][1][safepoint    ] Application time: 0.0047424 seconds
[2019-12-09T07:01:45.206+0000][1][safepoint    ] Entering safepoint region: RevokeBias
[2019-12-09T07:01:45.206+0000][1][safepoint    ] Leaving safepoint region
[2019-12-09T07:01:45.206+0000][1][safepoint    ] Total time for which application threads were stopped: 0.0001376 seconds, Stopping threads took: 0.0000167 seconds
[2019-12-09T07:01:45.207+0000][1][safepoint    ] Application time: 0.0009429 seconds
[2019-12-09T07:01:45.207+0000][1][safepoint    ] Entering safepoint region: RevokeBias
[2019-12-09T07:01:45.207+0000][1][safepoint    ] Leaving safepoint region
[2019-12-09T07:01:45.207+0000][1][safepoint    ] Total time for which application threads were stopped: 0.0000847 seconds, Stopping threads took: 0.0000134 seconds
[2019-12-09T07:01:45.207+0000][1][safepoint    ] Application time: 0.0001136 seconds
[2019-12-09T07:01:45.207+0000][1][safepoint    ] Entering safepoint region: RevokeBias
[2019-12-09T07:01:45.207+0000][1][safepoint    ] Leaving safepoint region
[2019-12-09T07:01:45.207+0000][1][safepoint    ] Total time for which application threads were stopped: 0.0000695 seconds, Stopping threads took: 0.0000101 seconds
[2019-12-09T07:01:45.207+0000][1][safepoint    ] Application time: 0.0001246 seconds
[2019-12-09T07:01:45.207+0000][1][safepoint    ] Entering safepoint region: RevokeBias
[2019-12-09T07:01:45.207+0000][1][safepoint    ] Leaving safepoint region
[2019-12-09T07:01:45.207+0000][1][safepoint    ] Total time for which application threads were stopped: 0.0001033 seconds, Stopping threads took: 0.0000097 seconds
[2019-12-09T07:01:45.210+0000][1][safepoint    ] Application time: 0.0030845 seconds
[2019-12-09T07:01:45.211+0000][1][safepoint    ] Entering safepoint region: RevokeBias
[2019-12-09T07:01:45.211+0000][1][safepoint    ] Leaving safepoint region
[2019-12-09T07:01:45.211+0000][1][safepoint    ] Total time for which application threads were stopped: 0.0001120 seconds, Stopping threads took: 0.0000134 seconds
[2019-12-09T07:01:45.211+0000][1][safepoint    ] Application time: 0.0000884 seconds
[2019-12-09T07:01:45.211+0000][1][safepoint    ] Entering safepoint region: RevokeBias
[2019-12-09T07:01:45.211+0000][1][safepoint    ] Leaving safepoint region
[2019-12-09T07:01:45.211+0000][1][safepoint    ] Total time for which application threads were stopped: 0.0000600 seconds, Stopping threads took: 0.0000101 seconds
[2019-12-09T07:01:45.218+0000][1][safepoint    ] Application time: 0.0070414 seconds
[2019-12-09T07:01:45.218+0000][1][safepoint    ] Entering safepoint region: RevokeBias
[2019-12-09T07:01:45.218+0000][1][safepoint    ] Leaving safepoint region
[2019-12-09T07:01:45.218+0000][1][safepoint    ] Total time for which application threads were stopped: 0.0000817 seconds, Stopping threads took: 0.0000102 seconds
[2019-12-09T07:01:45.220+0000][1][safepoint    ] Application time: 0.0020892 seconds
[2019-12-09T07:01:45.220+0000][1][safepoint    ] Entering safepoint region: RevokeBias
[2019-12-09T07:01:45.220+0000][1][safepoint    ] Leaving safepoint region
[2019-12-09T07:01:45.220+0000][1][safepoint    ] Total time for which application threads were stopped: 0.0004021 seconds, Stopping threads took: 0.0000132 seconds
[2019-12-09T07:01:45.221+0000][1][safepoint    ] Application time: 0.0000668 seconds
[2019-12-09T07:01:45.221+0000][1][safepoint    ] Entering safepoint region: RevokeBias
[2019-12-09T07:01:45.221+0000][1][safepoint    ] Leaving safepoint region
[2019-12-09T07:01:45.221+0000][1][safepoint    ] Total time for which application threads were stopped: 0.0000591 seconds, Stopping threads took: 0.0000180 seconds
[2019-12-09T07:01:45.221+0000][1][safepoint    ] Application time: 0.0000976 seconds
[2019-12-09T07:01:45.221+0000][1][safepoint    ] Entering safepoint region: RevokeBias
[2019-12-09T07:01:45.221+0000][1][safepoint    ] Leaving safepoint region
[2019-12-09T07:01:45.221+0000][1][safepoint    ] Total time for which application threads were stopped: 0.0000495 seconds, Stopping threads took: 0.0000077 seconds
[2019-12-09T07:01:45.226+0000][1][safepoint    ] Application time: 0.0052835 seconds
[2019-12-09T07:01:45.226+0000][1][safepoint    ] Entering safepoint region: RevokeBias
[2019-12-09T07:01:45.226+0000][1][safepoint    ] Leaving safepoint region
[2019-12-09T07:01:45.226+0000][1][safepoint    ] Total time for which application threads were stopped: 0.0002500 seconds, Stopping threads took: 0.0001926 seconds
[2019-12-09T07:01:45.244+0000][1][safepoint    ] Application time: 0.0177183 seconds
[2019-12-09T07:01:45.244+0000][1][safepoint    ] Entering safepoint region: RevokeBias
[2019-12-09T07:01:45.244+0000][1][safepoint    ] Leaving safepoint region
[2019-12-09T07:01:45.244+0000][1][safepoint    ] Total time for which application threads were stopped: 0.0000786 seconds, Stopping threads took: 0.0000142 seconds
[2019-12-09T07:01:45.267+0000][1][safepoint    ] Application time: 0.0226046 seconds
[2019-12-09T07:01:45.267+0000][1][safepoint    ] Entering safepoint region: RevokeBias
[2019-12-09T07:01:45.267+0000][1][safepoint    ] Leaving safepoint region
[2019-12-09T07:01:45.267+0000][1][safepoint    ] Total time for which application threads were stopped: 0.0001501 seconds, Stopping threads took: 0.0000630 seconds
[2019-12-09T07:01:45.290+0000][1][safepoint    ] Application time: 0.0227486 seconds
[2019-12-09T07:01:45.290+0000][1][safepoint    ] Entering safepoint region: RevokeBias
[2019-12-09T07:01:45.290+0000][1][safepoint    ] Leaving safepoint region
[2019-12-09T07:01:45.290+0000][1][safepoint    ] Total time for which application threads were stopped: 0.0001149 seconds, Stopping threads took: 0.0000208 seconds
[2019-12-09T07:01:45.303+0000][1][safepoint    ] Application time: 0.0131023 seconds
[2019-12-09T07:01:45.303+0000][1][safepoint    ] Entering safepoint region: RevokeBias
[2019-12-09T07:01:45.303+0000][1][safepoint    ] Leaving safepoint region
[2019-12-09T07:01:45.303+0000][1][safepoint    ] Total time for which application threads were stopped: 0.0001173 seconds, Stopping threads took: 0.0000173 seconds
[2019-12-09T07:01:45.304+0000][1][safepoint    ] Application time: 0.0009633 seconds
[2019-12-09T07:01:45.304+0000][1][safepoint    ] Entering safepoint region: RevokeBias
[2019-12-09T07:01:45.304+0000][1][safepoint    ] Leaving safepoint region
[2019-12-09T07:01:45.304+0000][1][safepoint    ] Total time for which application threads were stopped: 0.0000864 seconds, Stopping threads took: 0.0000136 seconds
[2019-12-09T07:01:45.324+0000][1][safepoint    ] Application time: 0.0195572 seconds
[2019-12-09T07:01:45.324+0000][1][safepoint    ] Entering safepoint region: RevokeBias
[2019-12-09T07:01:45.324+0000][1][safepoint    ] Leaving safepoint region
[2019-12-09T07:01:45.324+0000][1][safepoint    ] Total time for which application threads were stopped: 0.0001966 seconds, Stopping threads took: 0.0001286 seconds
[2019-12-09T07:01:45.325+0000][1][safepoint    ] Application time: 0.0005546 seconds
[2019-12-09T07:01:45.325+0000][1][safepoint    ] Entering safepoint region: RevokeBias
[2019-12-09T07:01:45.325+0000][1][safepoint    ] Leaving safepoint region
[2019-12-09T07:01:45.325+0000][1][safepoint    ] Total time for which application threads were stopped: 0.0000920 seconds, Stopping threads took: 0.0000129 seconds
[2019-12-09T07:01:45.325+0000][1][safepoint    ] Application time: 0.0000994 seconds
[2019-12-09T07:01:45.325+0000][1][safepoint    ] Entering safepoint region: RevokeBias
[2019-12-09T07:01:45.325+0000][1][safepoint    ] Leaving safepoint region
[2019-12-09T07:01:45.325+0000][1][safepoint    ] Total time for which application threads were stopped: 0.0000411 seconds, Stopping threads took: 0.0000087 seconds
[2019-12-09T07:01:45.326+0000][1][safepoint    ] Application time: 0.0006706 seconds
[2019-12-09T07:01:45.326+0000][1][safepoint    ] Entering safepoint region: CollectForMetadataAllocation
[2019-12-09T07:01:45.326+0000][1][safepoint    ] Leaving safepoint region
[2019-12-09T07:01:45.326+0000][1][safepoint    ] Total time for which application threads were stopped: 0.0002498 seconds, Stopping threads took: 0.0000127 seconds
[2019-12-09T07:01:45.326+0000][1][safepoint    ] Application time: 0.0005874 seconds
[2019-12-09T07:01:45.326+0000][1][safepoint    ] Entering safepoint region: RevokeBias
[2019-12-09T07:01:45.326+0000][1][safepoint    ] Leaving safepoint region
[2019-12-09T07:01:45.326+0000][1][safepoint    ] Total time for which application threads were stopped: 0.0000661 seconds, Stopping threads took: 0.0000127 seconds
[2019-12-09T07:01:45.408+0000][1][safepoint    ] Application time: 0.0813141 seconds
[2019-12-09T07:01:45.408+0000][1][safepoint    ] Entering safepoint region: RevokeBias
[2019-12-09T07:01:45.408+0000][1][safepoint    ] Leaving safepoint region
[2019-12-09T07:01:45.408+0000][1][safepoint    ] Total time for which application threads were stopped: 0.0001158 seconds, Stopping threads took: 0.0000179 seconds
[2019-12-09T07:01:45.408+0000][1][safepoint    ] Application time: 0.0000583 seconds
[2019-12-09T07:01:45.408+0000][1][safepoint    ] Entering safepoint region: RevokeBias
[2019-12-09T07:01:45.408+0000][1][safepoint    ] Leaving safepoint region
[2019-12-09T07:01:45.408+0000][1][safepoint    ] Total time for which application threads were stopped: 0.0000692 seconds, Stopping threads took: 0.0000112 seconds
[2019-12-09T07:01:45.595+0000][1][safepoint    ] Application time: 0.1871197 seconds
[2019-12-09T07:01:45.595+0000][1][safepoint    ] Entering safepoint region: RevokeBias
[2019-12-09T07:01:45.595+0000][1][safepoint    ] Leaving safepoint region
[2019-12-09T07:01:45.595+0000][1][safepoint    ] Total time for which application threads were stopped: 0.0001044 seconds, Stopping threads took: 0.0000166 seconds
[2019-12-09T07:01:45.596+0000][1][safepoint    ] Application time: 0.0004224 seconds
[2019-12-09T07:01:45.596+0000][1][safepoint    ] Entering safepoint region: RevokeBias
[2019-12-09T07:01:45.596+0000][1][safepoint    ] Leaving safepoint region
[2019-12-09T07:01:45.596+0000][1][safepoint    ] Total time for which application threads were stopped: 0.0000822 seconds, Stopping threads took: 0.0000130 seconds
[2019-12-09T07:01:45.596+0000][1][safepoint    ] Application time: 0.0005257 seconds
[2019-12-09T07:01:45.596+0000][1][safepoint    ] Entering safepoint region: RevokeBias
[2019-12-09T07:01:45.597+0000][1][safepoint    ] Leaving safepoint region
[2019-12-09T07:01:45.597+0000][1][safepoint    ] Total time for which application threads were stopped: 0.0000763 seconds, Stopping threads took: 0.0000129 seconds
[2019-12-09T07:01:45.597+0000][1][safepoint    ] Application time: 0.0006936 seconds
[2019-12-09T07:01:45.597+0000][1][safepoint    ] Entering safepoint region: RevokeBias
[2019-12-09T07:01:45.597+0000][1][safepoint    ] Leaving safepoint region
[2019-12-09T07:01:45.597+0000][1][safepoint    ] Total time for which application threads were stopped: 0.0000730 seconds, Stopping threads took: 0.0000119 seconds
[2019-12-09T07:01:45.598+0000][1][safepoint    ] Application time: 0.0005954 seconds
[2019-12-09T07:01:45.598+0000][1][safepoint    ] Entering safepoint region: RevokeBias
[2019-12-09T07:01:45.598+0000][1][safepoint    ] Leaving safepoint region
[2019-12-09T07:01:45.598+0000][1][safepoint    ] Total time for which application threads were stopped: 0.0000643 seconds, Stopping threads took: 0.0000114 seconds
[2019-12-09T07:01:45.598+0000][1][safepoint    ] Application time: 0.0000706 seconds
[2019-12-09T07:01:45.598+0000][1][safepoint    ] Entering safepoint region: RevokeBias
[2019-12-09T07:01:45.598+0000][1][safepoint    ] Leaving safepoint region
[2019-12-09T07:01:45.598+0000][1][safepoint    ] Total time for which application threads were stopped: 0.0000486 seconds, Stopping threads took: 0.0000084 seconds
[2019-12-09T07:01:45.598+0000][1][safepoint    ] Application time: 0.0000553 seconds
[2019-12-09T07:01:45.598+0000][1][safepoint    ] Entering safepoint region: RevokeBias
[2019-12-09T07:01:45.598+0000][1][safepoint    ] Leaving safepoint region
[2019-12-09T07:01:45.598+0000][1][safepoint    ] Total time for which application threads were stopped: 0.0000460 seconds, Stopping threads took: 0.0000084 seconds
[2019-12-09T07:01:45.778+0000][1][safepoint    ] Application time: 0.1794067 seconds
[2019-12-09T07:01:45.778+0000][1][safepoint    ] Entering safepoint region: CollectForMetadataAllocation
[2019-12-09T07:01:45.778+0000][1][safepoint    ] Leaving safepoint region
[2019-12-09T07:01:45.778+0000][1][safepoint    ] Total time for which application threads were stopped: 0.0002498 seconds, Stopping threads took: 0.0000203 seconds
[2019-12-09T07:01:45.811+0000][1][safepoint    ] Application time: 0.0327446 seconds
[2019-12-09T07:01:45.811+0000][1][safepoint    ] Entering safepoint region: RevokeBias
[2019-12-09T07:01:45.811+0000][1][safepoint    ] Leaving safepoint region
[2019-12-09T07:01:45.811+0000][1][safepoint    ] Total time for which application threads were stopped: 0.0000902 seconds, Stopping threads took: 0.0000195 seconds
[2019-12-09T07:01:45.818+0000][1][safepoint    ] Application time: 0.0066325 seconds
[2019-12-09T07:01:45.818+0000][1][safepoint    ] Entering safepoint region: RevokeBias
[2019-12-09T07:01:45.818+0000][1][safepoint    ] Leaving safepoint region
[2019-12-09T07:01:45.818+0000][1][safepoint    ] Total time for which application threads were stopped: 0.0000821 seconds, Stopping threads took: 0.0000173 seconds
[2019-12-09T07:01:45.818+0000][1][safepoint    ] Application time: 0.0002554 seconds
[2019-12-09T07:01:45.818+0000][1][safepoint    ] Entering safepoint region: RevokeBias
[2019-12-09T07:01:45.818+0000][1][safepoint    ] Leaving safepoint region
[2019-12-09T07:01:45.818+0000][1][safepoint    ] Total time for which application threads were stopped: 0.0000708 seconds, Stopping threads took: 0.0000131 seconds
[2019-12-09T07:01:45.818+0000][1][safepoint    ] Application time: 0.0003184 seconds
[2019-12-09T07:01:45.818+0000][1][safepoint    ] Entering safepoint region: RevokeBias
[2019-12-09T07:01:45.818+0000][1][safepoint    ] Leaving safepoint region
[2019-12-09T07:01:45.818+0000][1][safepoint    ] Total time for which application threads were stopped: 0.0000619 seconds, Stopping threads took: 0.0000132 seconds
[2019-12-09T07:01:45.819+0000][1][safepoint    ] Application time: 0.0004180 seconds
[2019-12-09T07:01:45.819+0000][1][safepoint    ] Entering safepoint region: RevokeBias
[2019-12-09T07:01:45.819+0000][1][safepoint    ] Leaving safepoint region
[2019-12-09T07:01:45.819+0000][1][safepoint    ] Total time for which application threads were stopped: 0.0000592 seconds, Stopping threads took: 0.0000118 seconds
[2019-12-09T07:01:45.819+0000][1][safepoint    ] Application time: 0.0003319 seconds
[2019-12-09T07:01:45.819+0000][1][safepoint    ] Entering safepoint region: RevokeBias
[2019-12-09T07:01:45.819+0000][1][safepoint    ] Leaving safepoint region
[2019-12-09T07:01:45.819+0000][1][safepoint    ] Total time for which application threads were stopped: 0.0000492 seconds, Stopping threads took: 0.0000110 seconds
[2019-12-09T07:01:45.819+0000][1][safepoint    ] Application time: 0.0000468 seconds
[2019-12-09T07:01:45.819+0000][1][safepoint    ] Entering safepoint region: RevokeBias
[2019-12-09T07:01:45.819+0000][1][safepoint    ] Leaving safepoint region
[2019-12-09T07:01:45.819+0000][1][safepoint    ] Total time for which application threads were stopped: 0.0000428 seconds, Stopping threads took: 0.0000092 seconds
[2019-12-09T07:01:45.819+0000][1][safepoint    ] Application time: 0.0000383 seconds
[2019-12-09T07:01:45.819+0000][1][safepoint    ] Entering safepoint region: RevokeBias
[2019-12-09T07:01:45.819+0000][1][safepoint    ] Leaving safepoint region
[2019-12-09T07:01:45.819+0000][1][safepoint    ] Total time for which application threads were stopped: 0.0000380 seconds, Stopping threads took: 0.0000090 seconds
[2019-12-09T07:01:45.881+0000][1][safepoint    ] Application time: 0.0612172 seconds
[2019-12-09T07:01:45.881+0000][1][safepoint    ] Entering safepoint region: RevokeBias
[2019-12-09T07:01:45.881+0000][1][safepoint    ] Leaving safepoint region
[2019-12-09T07:01:45.881+0000][1][safepoint    ] Total time for which application threads were stopped: 0.0000930 seconds, Stopping threads took: 0.0000161 seconds
[2019-12-09T07:01:45.881+0000][1][safepoint    ] Application time: 0.0000969 seconds
[2019-12-09T07:01:45.881+0000][1][safepoint    ] Entering safepoint region: RevokeBias
[2019-12-09T07:01:45.881+0000][1][safepoint    ] Leaving safepoint region
[2019-12-09T07:01:45.881+0000][1][safepoint    ] Total time for which application threads were stopped: 0.0000534 seconds, Stopping threads took: 0.0000089 seconds
[2019-12-09T07:01:45.881+0000][1][safepoint    ] Application time: 0.0000412 seconds
[2019-12-09T07:01:45.881+0000][1][safepoint    ] Entering safepoint region: RevokeBias
[2019-12-09T07:01:45.881+0000][1][safepoint    ] Leaving safepoint region
[2019-12-09T07:01:45.881+0000][1][safepoint    ] Total time for which application threads were stopped: 0.0000495 seconds, Stopping threads took: 0.0000086 seconds
[2019-12-09T07:01:45.882+0000][1][safepoint    ] Application time: 0.0006405 seconds
[2019-12-09T07:01:45.882+0000][1][safepoint    ] Entering safepoint region: RevokeBias
[2019-12-09T07:01:45.882+0000][1][safepoint    ] Leaving safepoint region
[2019-12-09T07:01:45.882+0000][1][safepoint    ] Total time for which application threads were stopped: 0.0000829 seconds, Stopping threads took: 0.0000165 seconds
[2019-12-09T07:01:45.882+0000][1][safepoint    ] Application time: 0.0006100 seconds
[2019-12-09T07:01:45.883+0000][1][safepoint    ] Entering safepoint region: RevokeBias
[2019-12-09T07:01:45.883+0000][1][safepoint    ] Leaving safepoint region
[2019-12-09T07:01:45.883+0000][1][safepoint    ] Total time for which application threads were stopped: 0.0000598 seconds, Stopping threads took: 0.0000126 seconds
[2019-12-09T07:01:46.138+0000][1][safepoint    ] Application time: 0.2551955 seconds
[2019-12-09T07:01:46.138+0000][1][safepoint    ] Entering safepoint region: RevokeBias
[2019-12-09T07:01:46.138+0000][1][safepoint    ] Leaving safepoint region
[2019-12-09T07:01:46.138+0000][1][safepoint    ] Total time for which application threads were stopped: 0.0001035 seconds, Stopping threads took: 0.0000206 seconds
[2019-12-09T07:01:46.412+0000][1][safepoint    ] Application time: 0.2738070 seconds
[2019-12-09T07:01:46.412+0000][1][safepoint    ] Entering safepoint region: CollectForMetadataAllocation
[2019-12-09T07:01:46.412+0000][1][safepoint    ] Leaving safepoint region
[2019-12-09T07:01:46.412+0000][1][safepoint    ] Total time for which application threads were stopped: 0.0003798 seconds, Stopping threads took: 0.0001352 seconds
[2019-12-09T07:01:46.488+0000][1][safepoint    ] Application time: 0.0758960 seconds
[2019-12-09T07:01:46.488+0000][1][safepoint    ] Entering safepoint region: RevokeBias
[2019-12-09T07:01:46.488+0000][1][safepoint    ] Leaving safepoint region
[2019-12-09T07:01:46.488+0000][1][safepoint    ] Total time for which application threads were stopped: 0.0000959 seconds, Stopping threads took: 0.0000197 seconds
[2019-12-09T07:01:46.551+0000][1][safepoint    ] Application time: 0.0628867 seconds
[2019-12-09T07:01:46.563+0000][1][safepoint    ] Entering safepoint region: RevokeBias
[2019-12-09T07:01:46.563+0000][1][safepoint    ] Leaving safepoint region
[2019-12-09T07:01:46.563+0000][1][safepoint    ] Total time for which application threads were stopped: 0.0117855 seconds, Stopping threads took: 0.0116814 seconds
[2019-12-09T07:01:46.564+0000][1][safepoint    ] Application time: 0.0007710 seconds
[2019-12-09T07:01:46.564+0000][1][safepoint    ] Entering safepoint region: RevokeBias
[2019-12-09T07:01:46.564+0000][1][safepoint    ] Leaving safepoint region
[2019-12-09T07:01:46.564+0000][1][safepoint    ] Total time for which application threads were stopped: 0.0001076 seconds, Stopping threads took: 0.0000248 seconds
[2019-12-09T07:01:46.565+0000][1][safepoint    ] Application time: 0.0006829 seconds
[2019-12-09T07:01:46.565+0000][1][safepoint    ] Entering safepoint region: RevokeBias
[2019-12-09T07:01:46.565+0000][1][safepoint    ] Leaving safepoint region
[2019-12-09T07:01:46.565+0000][1][safepoint    ] Total time for which application threads were stopped: 0.0000833 seconds, Stopping threads took: 0.0000134 seconds
[2019-12-09T07:01:46.565+0000][1][safepoint    ] Application time: 0.0003967 seconds
[2019-12-09T07:01:46.565+0000][1][safepoint    ] Entering safepoint region: RevokeBias
[2019-12-09T07:01:46.565+0000][1][safepoint    ] Leaving safepoint region
[2019-12-09T07:01:46.565+0000][1][safepoint    ] Total time for which application threads were stopped: 0.0000599 seconds, Stopping threads took: 0.0000130 seconds
[2019-12-09T07:01:46.566+0000][1][safepoint    ] Application time: 0.0006821 seconds
[2019-12-09T07:01:46.566+0000][1][safepoint    ] Entering safepoint region: RevokeBias
[2019-12-09T07:01:46.566+0000][1][safepoint    ] Leaving safepoint region
[2019-12-09T07:01:46.566+0000][1][safepoint    ] Total time for which application threads were stopped: 0.0000701 seconds, Stopping threads took: 0.0000204 seconds
[2019-12-09T07:01:46.566+0000][1][safepoint    ] Application time: 0.0002796 seconds
[2019-12-09T07:01:46.566+0000][1][safepoint    ] Entering safepoint region: RevokeBias
[2019-12-09T07:01:46.566+0000][1][safepoint    ] Leaving safepoint region
[2019-12-09T07:01:46.566+0000][1][safepoint    ] Total time for which application threads were stopped: 0.0000524 seconds, Stopping threads took: 0.0000094 seconds
[2019-12-09T07:01:46.567+0000][1][safepoint    ] Application time: 0.0005415 seconds
[2019-12-09T07:01:46.567+0000][1][safepoint    ] Entering safepoint region: RevokeBias
[2019-12-09T07:01:46.567+0000][1][safepoint    ] Leaving safepoint region
[2019-12-09T07:01:46.567+0000][1][safepoint    ] Total time for which application threads were stopped: 0.0000598 seconds, Stopping threads took: 0.0000122 seconds
[2019-12-09T07:01:46.567+0000][1][safepoint    ] Application time: 0.0003266 seconds
[2019-12-09T07:01:46.567+0000][1][safepoint    ] Entering safepoint region: RevokeBias
[2019-12-09T07:01:46.567+0000][1][safepoint    ] Leaving safepoint region
[2019-12-09T07:01:46.567+0000][1][safepoint    ] Total time for which application threads were stopped: 0.0000601 seconds, Stopping threads took: 0.0000111 seconds
[2019-12-09T07:01:46.567+0000][1][safepoint    ] Application time: 0.0000767 seconds
[2019-12-09T07:01:46.567+0000][1][safepoint    ] Entering safepoint region: RevokeBias
[2019-12-09T07:01:46.567+0000][1][safepoint    ] Leaving safepoint region
[2019-12-09T07:01:46.567+0000][1][safepoint    ] Total time for which application threads were stopped: 0.0000518 seconds, Stopping threads took: 0.0000094 seconds
[2019-12-09T07:01:46.568+0000][1][safepoint    ] Application time: 0.0001623 seconds
[2019-12-09T07:01:46.568+0000][1][safepoint    ] Entering safepoint region: RevokeBias
[2019-12-09T07:01:46.568+0000][1][safepoint    ] Leaving safepoint region
[2019-12-09T07:01:46.568+0000][1][safepoint    ] Total time for which application threads were stopped: 0.0000475 seconds, Stopping threads took: 0.0000099 seconds
[2019-12-09T07:01:46.569+0000][1][safepoint    ] Application time: 0.0010361 seconds
[2019-12-09T07:01:46.569+0000][1][safepoint    ] Entering safepoint region: RevokeBias
[2019-12-09T07:01:46.569+0000][1][safepoint    ] Leaving safepoint region
[2019-12-09T07:01:46.569+0000][1][safepoint    ] Total time for which application threads were stopped: 0.0000517 seconds, Stopping threads took: 0.0000122 seconds
[2019-12-09T07:01:46.569+0000][1][safepoint    ] Application time: 0.0001932 seconds
[2019-12-09T07:01:46.569+0000][1][safepoint    ] Entering safepoint region: RevokeBias
[2019-12-09T07:01:46.569+0000][1][safepoint    ] Leaving safepoint region
[2019-12-09T07:01:46.569+0000][1][safepoint    ] Total time for which application threads were stopped: 0.0000467 seconds, Stopping threads took: 0.0000100 seconds
[2019-12-09T07:01:46.569+0000][1][safepoint    ] Application time: 0.0002439 seconds
[2019-12-09T07:01:46.569+0000][1][safepoint    ] Entering safepoint region: RevokeBias
[2019-12-09T07:01:46.569+0000][1][safepoint    ] Leaving safepoint region
[2019-12-09T07:01:46.569+0000][1][safepoint    ] Total time for which application threads were stopped: 0.0000547 seconds, Stopping threads took: 0.0000120 seconds
[2019-12-09T07:01:46.628+0000][1][safepoint    ] Application time: 0.0591053 seconds
[2019-12-09T07:01:46.629+0000][1][safepoint    ] Entering safepoint region: RevokeBias
[2019-12-09T07:01:46.629+0000][1][safepoint    ] Leaving safepoint region
[2019-12-09T07:01:46.629+0000][1][safepoint    ] Total time for which application threads were stopped: 0.0000997 seconds, Stopping threads took: 0.0000190 seconds
[2019-12-09T07:01:46.656+0000][1][safepoint    ] Application time: 0.0271363 seconds
[2019-12-09T07:01:46.656+0000][1][safepoint    ] Entering safepoint region: RevokeBias
[2019-12-09T07:01:46.656+0000][1][safepoint    ] Leaving safepoint region
[2019-12-09T07:01:46.656+0000][1][safepoint    ] Total time for which application threads were stopped: 0.0000806 seconds, Stopping threads took: 0.0000187 seconds
[2019-12-09T07:01:47.097+0000][1][gc           ] GC(22) Concurrent Abortable Preclean 5474.222ms
[2019-12-09T07:01:47.097+0000][1][gc,cpu       ] GC(22) User=1.44s Sys=0.03s Real=5.48s
[2019-12-09T07:01:47.097+0000][1][safepoint    ] Application time: 0.4408723 seconds
[2019-12-09T07:01:47.097+0000][1][safepoint    ] Entering safepoint region: CMS_Final_Remark
[2019-12-09T07:01:47.097+0000][1][gc,start     ] GC(22) Pause Remark
[2019-12-09T07:01:47.298+0000][1][gc           ] GC(22) Pause Remark 90M->90M(247M) 201.202ms
[2019-12-09T07:01:47.298+0000][1][gc,cpu       ] GC(22) User=0.06s Sys=0.00s Real=0.20s
[2019-12-09T07:01:47.298+0000][1][safepoint    ] Leaving safepoint region
[2019-12-09T07:01:47.298+0000][1][safepoint    ] Total time for which application threads were stopped: 0.2013735 seconds, Stopping threads took: 0.0000191 seconds
[2019-12-09T07:01:47.298+0000][1][gc           ] GC(22) Concurrent Sweep
[2019-12-09T07:01:47.463+0000][1][safepoint    ] Application time: 0.1646051 seconds
[2019-12-09T07:01:47.463+0000][1][safepoint    ] Entering safepoint region: RevokeBias
[2019-12-09T07:01:47.464+0000][1][safepoint    ] Leaving safepoint region
[2019-12-09T07:01:47.464+0000][1][safepoint    ] Total time for which application threads were stopped: 0.0009904 seconds, Stopping threads took: 0.0000179 seconds
[2019-12-09T07:01:47.464+0000][1][safepoint    ] Application time: 0.0004807 seconds
[2019-12-09T07:01:47.464+0000][1][safepoint    ] Entering safepoint region: RevokeBias
[2019-12-09T07:01:47.464+0000][1][safepoint    ] Leaving safepoint region
[2019-12-09T07:01:47.464+0000][1][safepoint    ] Total time for which application threads were stopped: 0.0000717 seconds, Stopping threads took: 0.0000144 seconds
[2019-12-09T07:01:47.576+0000][1][safepoint    ] Application time: 0.1111791 seconds
[2019-12-09T07:01:47.636+0000][1][safepoint    ] Entering safepoint region: RevokeBias
[2019-12-09T07:01:47.636+0000][1][safepoint    ] Leaving safepoint region
[2019-12-09T07:01:47.636+0000][1][safepoint    ] Total time for which application threads were stopped: 0.0604223 seconds, Stopping threads took: 0.0603374 seconds
[2019-12-09T07:01:47.660+0000][1][safepoint    ] Application time: 0.0237737 seconds
[2019-12-09T07:01:47.660+0000][1][safepoint    ] Entering safepoint region: RevokeBias
[2019-12-09T07:01:47.660+0000][1][safepoint    ] Leaving safepoint region
[2019-12-09T07:01:47.660+0000][1][safepoint    ] Total time for which application threads were stopped: 0.0002180 seconds, Stopping threads took: 0.0001184 seconds
[2019-12-09T07:01:47.661+0000][1][safepoint    ] Application time: 0.0006071 seconds
[2019-12-09T07:01:47.661+0000][1][safepoint    ] Entering safepoint region: RevokeBias
[2019-12-09T07:01:47.661+0000][1][safepoint    ] Leaving safepoint region
[2019-12-09T07:01:47.661+0000][1][safepoint    ] Total time for which application threads were stopped: 0.0001040 seconds, Stopping threads took: 0.0000139 seconds
[2019-12-09T07:01:47.661+0000][1][safepoint    ] Application time: 0.0006286 seconds
[2019-12-09T07:01:47.661+0000][1][safepoint    ] Entering safepoint region: RevokeBias
[2019-12-09T07:01:47.661+0000][1][safepoint    ] Leaving safepoint region
[2019-12-09T07:01:47.661+0000][1][safepoint    ] Total time for which application threads were stopped: 0.0000757 seconds, Stopping threads took: 0.0000134 seconds
[2019-12-09T07:01:47.662+0000][1][safepoint    ] Application time: 0.0007124 seconds
[2019-12-09T07:01:47.662+0000][1][safepoint    ] Entering safepoint region: RevokeBias
[2019-12-09T07:01:47.662+0000][1][safepoint    ] Leaving safepoint region
[2019-12-09T07:01:47.662+0000][1][safepoint    ] Total time for which application threads were stopped: 0.0000674 seconds, Stopping threads took: 0.0000113 seconds
[2019-12-09T07:01:47.663+0000][1][safepoint    ] Application time: 0.0004854 seconds
[2019-12-09T07:01:47.663+0000][1][safepoint    ] Entering safepoint region: RevokeBias
[2019-12-09T07:01:47.663+0000][1][safepoint    ] Leaving safepoint region
[2019-12-09T07:01:47.663+0000][1][safepoint    ] Total time for which application threads were stopped: 0.0000506 seconds, Stopping threads took: 0.0000097 seconds
[2019-12-09T07:01:47.663+0000][1][safepoint    ] Application time: 0.0000576 seconds
[2019-12-09T07:01:47.663+0000][1][safepoint    ] Entering safepoint region: RevokeBias
[2019-12-09T07:01:47.663+0000][1][safepoint    ] Leaving safepoint region
[2019-12-09T07:01:47.663+0000][1][safepoint    ] Total time for which application threads were stopped: 0.0000375 seconds, Stopping threads took: 0.0000074 seconds
[2019-12-09T07:01:47.663+0000][1][safepoint    ] Application time: 0.0000498 seconds
[2019-12-09T07:01:47.663+0000][1][safepoint    ] Entering safepoint region: RevokeBias
[2019-12-09T07:01:47.663+0000][1][safepoint    ] Leaving safepoint region
[2019-12-09T07:01:47.663+0000][1][safepoint    ] Total time for which application threads were stopped: 0.0000454 seconds, Stopping threads took: 0.0000088 seconds
[2019-12-09T07:01:47.672+0000][1][safepoint    ] Application time: 0.0090062 seconds
[2019-12-09T07:01:47.672+0000][1][safepoint    ] Entering safepoint region: RevokeBias
[2019-12-09T07:01:47.672+0000][1][safepoint    ] Leaving safepoint region
[2019-12-09T07:01:47.672+0000][1][safepoint    ] Total time for which application threads were stopped: 0.0000875 seconds, Stopping threads took: 0.0000131 seconds
[2019-12-09T07:01:47.674+0000][1][safepoint    ] Application time: 0.0019989 seconds
[2019-12-09T07:01:47.674+0000][1][safepoint    ] Entering safepoint region: RevokeBias
[2019-12-09T07:01:47.674+0000][1][safepoint    ] Leaving safepoint region
[2019-12-09T07:01:47.674+0000][1][safepoint    ] Total time for which application threads were stopped: 0.0000593 seconds, Stopping threads took: 0.0000121 seconds
[2019-12-09T07:01:47.674+0000][1][safepoint    ] Application time: 0.0001871 seconds
[2019-12-09T07:01:47.674+0000][1][safepoint    ] Entering safepoint region: RevokeBias
[2019-12-09T07:01:47.675+0000][1][safepoint    ] Leaving safepoint region
[2019-12-09T07:01:47.675+0000][1][safepoint    ] Total time for which application threads were stopped: 0.0000491 seconds, Stopping threads took: 0.0000092 seconds
[2019-12-09T07:01:47.675+0000][1][safepoint    ] Application time: 0.0002484 seconds
[2019-12-09T07:01:47.675+0000][1][safepoint    ] Entering safepoint region: RevokeBias
[2019-12-09T07:01:47.675+0000][1][safepoint    ] Leaving safepoint region
[2019-12-09T07:01:47.675+0000][1][safepoint    ] Total time for which application threads were stopped: 0.0000550 seconds, Stopping threads took: 0.0000113 seconds
[2019-12-09T07:01:47.724+0000][1][gc           ] GC(22) Concurrent Sweep 426.205ms
[2019-12-09T07:01:47.725+0000][1][gc,cpu       ] GC(22) User=0.10s Sys=0.00s Real=0.42s
[2019-12-09T07:01:47.725+0000][1][gc           ] GC(22) Concurrent Reset
[2019-12-09T07:01:47.725+0000][1][gc           ] GC(22) Concurrent Reset 0.341ms
[2019-12-09T07:01:47.725+0000][1][gc,cpu       ] GC(22) User=0.00s Sys=0.00s Real=0.01s
[2019-12-09T07:01:47.725+0000][1][gc,heap      ] GC(22) Old: 60190K->59905K(174784K)
[2019-12-09T07:01:47.787+0000][1][safepoint    ] Application time: 0.1122835 seconds
[2019-12-09T07:01:47.787+0000][1][safepoint    ] Entering safepoint region: BulkRevokeBias
[2019-12-09T07:01:47.788+0000][1][safepoint    ] Leaving safepoint region
[2019-12-09T07:01:47.788+0000][1][safepoint    ] Total time for which application threads were stopped: 0.0007565 seconds, Stopping threads took: 0.0000172 seconds
[2019-12-09T07:01:47.845+0000][1][safepoint    ] Application time: 0.0569519 seconds
[2019-12-09T07:01:47.845+0000][1][safepoint    ] Entering safepoint region: RevokeBias
[2019-12-09T07:01:47.845+0000][1][safepoint    ] Leaving safepoint region
[2019-12-09T07:01:47.845+0000][1][safepoint    ] Total time for which application threads were stopped: 0.0000848 seconds, Stopping threads took: 0.0000168 seconds
[2019-12-09T07:01:48.134+0000][1][safepoint    ] Application time: 0.2886931 seconds
[2019-12-09T07:01:48.134+0000][1][safepoint    ] Entering safepoint region: RevokeBias
[2019-12-09T07:01:48.134+0000][1][safepoint    ] Leaving safepoint region
[2019-12-09T07:01:48.134+0000][1][safepoint    ] Total time for which application threads were stopped: 0.0000851 seconds, Stopping threads took: 0.0000203 seconds
[2019-12-09T07:01:48.152+0000][1][safepoint    ] Application time: 0.0180082 seconds
[2019-12-09T07:01:48.152+0000][1][safepoint    ] Entering safepoint region: RevokeBias
[2019-12-09T07:01:48.152+0000][1][safepoint    ] Leaving safepoint region
[2019-12-09T07:01:48.152+0000][1][safepoint    ] Total time for which application threads were stopped: 0.0000766 seconds, Stopping threads took: 0.0000177 seconds
[2019-12-09T07:01:48.374+0000][1][safepoint    ] Application time: 0.2221759 seconds
[2019-12-09T07:01:48.374+0000][1][safepoint    ] Entering safepoint region: RevokeBias
[2019-12-09T07:01:48.374+0000][1][safepoint    ] Leaving safepoint region
[2019-12-09T07:01:48.374+0000][1][safepoint    ] Total time for which application threads were stopped: 0.0000948 seconds, Stopping threads took: 0.0000213 seconds
[2019-12-09T07:01:48.490+0000][1][safepoint    ] Application time: 0.1153019 seconds
[2019-12-09T07:01:48.490+0000][1][safepoint    ] Entering safepoint region: RevokeBias
[2019-12-09T07:01:48.490+0000][1][safepoint    ] Leaving safepoint region
[2019-12-09T07:01:48.490+0000][1][safepoint    ] Total time for which application threads were stopped: 0.0001115 seconds, Stopping threads took: 0.0000197 seconds
[2019-12-09T07:01:48.490+0000][1][safepoint    ] Application time: 0.0006687 seconds
[2019-12-09T07:01:48.490+0000][1][safepoint    ] Entering safepoint region: RevokeBias
[2019-12-09T07:01:48.490+0000][1][safepoint    ] Leaving safepoint region
[2019-12-09T07:01:48.490+0000][1][safepoint    ] Total time for which application threads were stopped: 0.0000682 seconds, Stopping threads took: 0.0000166 seconds
[2019-12-09T07:01:48.506+0000][1][safepoint    ] Application time: 0.0157478 seconds
[2019-12-09T07:01:48.506+0000][1][safepoint    ] Entering safepoint region: RevokeBias
[2019-12-09T07:01:48.506+0000][1][safepoint    ] Leaving safepoint region
[2019-12-09T07:01:48.506+0000][1][safepoint    ] Total time for which application threads were stopped: 0.0000736 seconds, Stopping threads took: 0.0000147 seconds
[2019-12-09T07:01:48.596+0000][1][safepoint    ] Application time: 0.0892233 seconds
[2019-12-09T07:01:48.622+0000][1][safepoint    ] Entering safepoint region: BulkRevokeBias
[2019-12-09T07:01:48.622+0000][1][safepoint    ] Leaving safepoint region
[2019-12-09T07:01:48.622+0000][1][safepoint    ] Total time for which application threads were stopped: 0.0265300 seconds, Stopping threads took: 0.0261942 seconds
[2019-12-09T07:01:48.628+0000][1][safepoint    ] Application time: 0.0060053 seconds
[2019-12-09T07:01:48.628+0000][1][safepoint    ] Entering safepoint region: RevokeBias
[2019-12-09T07:01:48.628+0000][1][safepoint    ] Leaving safepoint region
[2019-12-09T07:01:48.628+0000][1][safepoint    ] Total time for which application threads were stopped: 0.0001585 seconds, Stopping threads took: 0.0000770 seconds
[2019-12-09T07:01:48.629+0000][1][safepoint    ] Application time: 0.0004507 seconds
[2019-12-09T07:01:48.629+0000][1][safepoint    ] Entering safepoint region: RevokeBias
[2019-12-09T07:01:48.629+0000][1][safepoint    ] Leaving safepoint region
[2019-12-09T07:01:48.629+0000][1][safepoint    ] Total time for which application threads were stopped: 0.0000872 seconds, Stopping threads took: 0.0000169 seconds
[2019-12-09T07:01:48.678+0000][1][safepoint    ] Application time: 0.0488845 seconds
[2019-12-09T07:01:48.678+0000][1][safepoint    ] Entering safepoint region: RevokeBias
[2019-12-09T07:01:48.678+0000][1][safepoint    ] Leaving safepoint region
[2019-12-09T07:01:48.678+0000][1][safepoint    ] Total time for which application threads were stopped: 0.0001883 seconds, Stopping threads took: 0.0000573 seconds
[2019-12-09T07:01:48.682+0000][1][safepoint    ] Application time: 0.0042029 seconds
[2019-12-09T07:01:48.682+0000][1][safepoint    ] Entering safepoint region: RevokeBias
[2019-12-09T07:01:48.682+0000][1][safepoint    ] Leaving safepoint region
[2019-12-09T07:01:48.682+0000][1][safepoint    ] Total time for which application threads were stopped: 0.0001390 seconds, Stopping threads took: 0.0000538 seconds
[2019-12-09T07:01:48.683+0000][1][safepoint    ] Application time: 0.0003418 seconds
[2019-12-09T07:01:48.683+0000][1][safepoint    ] Entering safepoint region: RevokeBias
[2019-12-09T07:01:48.683+0000][1][safepoint    ] Leaving safepoint region
[2019-12-09T07:01:48.683+0000][1][safepoint    ] Total time for which application threads were stopped: 0.0000865 seconds, Stopping threads took: 0.0000141 seconds
[2019-12-09T07:01:48.694+0000][1][safepoint    ] Application time: 0.0107052 seconds
[2019-12-09T07:01:48.694+0000][1][safepoint    ] Entering safepoint region: RevokeBias
[2019-12-09T07:01:48.694+0000][1][safepoint    ] Leaving safepoint region
[2019-12-09T07:01:48.694+0000][1][safepoint    ] Total time for which application threads were stopped: 0.0001415 seconds, Stopping threads took: 0.0000432 seconds
[2019-12-09T07:01:48.694+0000][1][safepoint    ] Application time: 0.0005860 seconds
[2019-12-09T07:01:48.694+0000][1][safepoint    ] Entering safepoint region: RevokeBias
[2019-12-09T07:01:48.694+0000][1][safepoint    ] Leaving safepoint region
[2019-12-09T07:01:48.694+0000][1][safepoint    ] Total time for which application threads were stopped: 0.0000875 seconds, Stopping threads took: 0.0000117 seconds
[2019-12-09T07:01:48.695+0000][1][safepoint    ] Application time: 0.0003477 seconds
[2019-12-09T07:01:48.695+0000][1][safepoint    ] Entering safepoint region: RevokeBias
[2019-12-09T07:01:48.695+0000][1][safepoint    ] Leaving safepoint region
[2019-12-09T07:01:48.695+0000][1][safepoint    ] Total time for which application threads were stopped: 0.0000747 seconds, Stopping threads took: 0.0000106 seconds
[2019-12-09T07:01:48.695+0000][1][safepoint    ] Application time: 0.0003933 seconds
[2019-12-09T07:01:48.695+0000][1][safepoint    ] Entering safepoint region: RevokeBias
[2019-12-09T07:01:48.695+0000][1][safepoint    ] Leaving safepoint region
[2019-12-09T07:01:48.695+0000][1][safepoint    ] Total time for which application threads were stopped: 0.0000771 seconds, Stopping threads took: 0.0000100 seconds
[2019-12-09T07:01:48.696+0000][1][safepoint    ] Application time: 0.0006229 seconds
[2019-12-09T07:01:48.696+0000][1][safepoint    ] Entering safepoint region: RevokeBias
[2019-12-09T07:01:48.696+0000][1][safepoint    ] Leaving safepoint region
[2019-12-09T07:01:48.696+0000][1][safepoint    ] Total time for which application threads were stopped: 0.0000861 seconds, Stopping threads took: 0.0000124 seconds
[2019-12-09T07:01:48.697+0000][1][safepoint    ] Application time: 0.0006419 seconds
[2019-12-09T07:01:48.697+0000][1][safepoint    ] Entering safepoint region: BulkRevokeBias
[2019-12-09T07:01:48.697+0000][1][safepoint    ] Leaving safepoint region
[2019-12-09T07:01:48.697+0000][1][safepoint    ] Total time for which application threads were stopped: 0.0003862 seconds, Stopping threads took: 0.0000116 seconds
[2019-12-09T07:01:48.699+0000][1][safepoint    ] Application time: 0.0021932 seconds
[2019-12-09T07:01:48.699+0000][1][safepoint    ] Entering safepoint region: RevokeBias
[2019-12-09T07:01:48.699+0000][1][safepoint    ] Leaving safepoint region
[2019-12-09T07:01:48.699+0000][1][safepoint    ] Total time for which application threads were stopped: 0.0000699 seconds, Stopping threads took: 0.0000110 seconds
[2019-12-09T07:01:48.701+0000][1][safepoint    ] Application time: 0.0012829 seconds
[2019-12-09T07:01:48.701+0000][1][safepoint    ] Entering safepoint region: RevokeBias
[2019-12-09T07:01:48.701+0000][1][safepoint    ] Leaving safepoint region
[2019-12-09T07:01:48.701+0000][1][safepoint    ] Total time for which application threads were stopped: 0.0000713 seconds, Stopping threads took: 0.0000118 seconds
[2019-12-09T07:01:48.702+0000][1][safepoint    ] Application time: 0.0012633 seconds
[2019-12-09T07:01:48.702+0000][1][safepoint    ] Entering safepoint region: RevokeBias
[2019-12-09T07:01:48.702+0000][1][safepoint    ] Leaving safepoint region
[2019-12-09T07:01:48.702+0000][1][safepoint    ] Total time for which application threads were stopped: 0.0000710 seconds, Stopping threads took: 0.0000133 seconds
[2019-12-09T07:01:48.703+0000][1][safepoint    ] Application time: 0.0004636 seconds
[2019-12-09T07:01:48.703+0000][1][safepoint    ] Entering safepoint region: RevokeBias
[2019-12-09T07:01:48.703+0000][1][safepoint    ] Leaving safepoint region
[2019-12-09T07:01:48.703+0000][1][safepoint    ] Total time for which application threads were stopped: 0.0000814 seconds, Stopping threads took: 0.0000316 seconds
[2019-12-09T07:01:48.705+0000][1][safepoint    ] Application time: 0.0019365 seconds
[2019-12-09T07:01:48.705+0000][1][safepoint    ] Entering safepoint region: RevokeBias
[2019-12-09T07:01:48.705+0000][1][safepoint    ] Leaving safepoint region
[2019-12-09T07:01:48.705+0000][1][safepoint    ] Total time for which application threads were stopped: 0.0003399 seconds, Stopping threads took: 0.0000120 seconds
[2019-12-09T07:01:48.706+0000][1][safepoint    ] Application time: 0.0004477 seconds
[2019-12-09T07:01:48.706+0000][1][safepoint    ] Entering safepoint region: RevokeBias
[2019-12-09T07:01:48.706+0000][1][safepoint    ] Leaving safepoint region
[2019-12-09T07:01:48.706+0000][1][safepoint    ] Total time for which application threads were stopped: 0.0000615 seconds, Stopping threads took: 0.0000125 seconds
[2019-12-09T07:01:48.714+0000][1][safepoint    ] Application time: 0.0082686 seconds
[2019-12-09T07:01:48.714+0000][1][safepoint    ] Entering safepoint region: RevokeBias
[2019-12-09T07:01:48.714+0000][1][safepoint    ] Leaving safepoint region
[2019-12-09T07:01:48.714+0000][1][safepoint    ] Total time for which application threads were stopped: 0.0000548 seconds, Stopping threads took: 0.0000126 seconds
[2019-12-09T07:01:49.234+0000][1][safepoint    ] Application time: 0.5195876 seconds
[2019-12-09T07:01:49.304+0000][1][safepoint    ] Entering safepoint region: RevokeBias
[2019-12-09T07:01:49.304+0000][1][safepoint    ] Leaving safepoint region
[2019-12-09T07:01:49.304+0000][1][safepoint    ] Total time for which application threads were stopped: 0.0703421 seconds, Stopping threads took: 0.0702127 seconds
[2019-12-09T07:01:49.305+0000][1][safepoint    ] Application time: 0.0007953 seconds
[2019-12-09T07:01:49.305+0000][1][safepoint    ] Entering safepoint region: RevokeBias
[2019-12-09T07:01:49.305+0000][1][safepoint    ] Leaving safepoint region
[2019-12-09T07:01:49.305+0000][1][safepoint    ] Total time for which application threads were stopped: 0.0000936 seconds, Stopping threads took: 0.0000163 seconds
[2019-12-09T07:01:49.308+0000][1][safepoint    ] Application time: 0.0035544 seconds
[2019-12-09T07:01:49.308+0000][1][safepoint    ] Entering safepoint region: RevokeBias
[2019-12-09T07:01:49.309+0000][1][safepoint    ] Leaving safepoint region
[2019-12-09T07:01:49.309+0000][1][safepoint    ] Total time for which application threads were stopped: 0.0003055 seconds, Stopping threads took: 0.0000244 seconds
[2019-12-09T07:01:49.592+0000][1][safepoint    ] Application time: 0.2828187 seconds
[2019-12-09T07:01:49.592+0000][1][safepoint    ] Entering safepoint region: RevokeBias
[2019-12-09T07:01:49.592+0000][1][safepoint    ] Leaving safepoint region
[2019-12-09T07:01:49.592+0000][1][safepoint    ] Total time for which application threads were stopped: 0.0002125 seconds, Stopping threads took: 0.0001300 seconds
[2019-12-09T07:01:49.697+0000][1][safepoint    ] Application time: 0.1054743 seconds
[2019-12-09T07:01:49.707+0000][1][safepoint    ] Entering safepoint region: RevokeBias
[2019-12-09T07:01:49.707+0000][1][safepoint    ] Leaving safepoint region
[2019-12-09T07:01:49.707+0000][1][safepoint    ] Total time for which application threads were stopped: 0.0095106 seconds, Stopping threads took: 0.0094186 seconds
[2019-12-09T07:01:49.753+0000][1][safepoint    ] Application time: 0.0464551 seconds
[2019-12-09T07:01:49.760+0000][1][safepoint    ] Entering safepoint region: RevokeBias
[2019-12-09T07:01:49.760+0000][1][safepoint    ] Leaving safepoint region
[2019-12-09T07:01:49.760+0000][1][safepoint    ] Total time for which application threads were stopped: 0.0065087 seconds, Stopping threads took: 0.0064290 seconds
[2019-12-09T07:01:49.760+0000][1][safepoint    ] Application time: 0.0003854 seconds
[2019-12-09T07:01:49.760+0000][1][safepoint    ] Entering safepoint region: RevokeBias
[2019-12-09T07:01:49.760+0000][1][safepoint    ] Leaving safepoint region
[2019-12-09T07:01:49.760+0000][1][safepoint    ] Total time for which application threads were stopped: 0.0000655 seconds, Stopping threads took: 0.0000120 seconds
[2019-12-09T07:01:49.761+0000][1][safepoint    ] Application time: 0.0002721 seconds
[2019-12-09T07:01:49.761+0000][1][safepoint    ] Entering safepoint region: RevokeBias
[2019-12-09T07:01:49.761+0000][1][safepoint    ] Leaving safepoint region
[2019-12-09T07:01:49.761+0000][1][safepoint    ] Total time for which application threads were stopped: 0.0000502 seconds, Stopping threads took: 0.0000104 seconds
[2019-12-09T07:01:49.761+0000][1][safepoint    ] Application time: 0.0000571 seconds
[2019-12-09T07:01:49.761+0000][1][safepoint    ] Entering safepoint region: RevokeBias
[2019-12-09T07:01:49.761+0000][1][safepoint    ] Leaving safepoint region
[2019-12-09T07:01:49.761+0000][1][safepoint    ] Total time for which application threads were stopped: 0.0000476 seconds, Stopping threads took: 0.0000086 seconds
[2019-12-09T07:01:49.761+0000][1][safepoint    ] Application time: 0.0000373 seconds
[2019-12-09T07:01:49.761+0000][1][safepoint    ] Entering safepoint region: RevokeBias
[2019-12-09T07:01:49.761+0000][1][safepoint    ] Leaving safepoint region
[2019-12-09T07:01:49.761+0000][1][safepoint    ] Total time for which application threads were stopped: 0.0000375 seconds, Stopping threads took: 0.0000082 seconds
[2019-12-09T07:01:49.867+0000][1][safepoint    ] Application time: 0.1059527 seconds
[2019-12-09T07:01:49.867+0000][1][safepoint    ] Entering safepoint region: RevokeBias
[2019-12-09T07:01:49.867+0000][1][safepoint    ] Leaving safepoint region
[2019-12-09T07:01:49.867+0000][1][safepoint    ] Total time for which application threads were stopped: 0.0000996 seconds, Stopping threads took: 0.0000168 seconds
[2019-12-09T07:01:49.867+0000][1][safepoint    ] Application time: 0.0000530 seconds
[2019-12-09T07:01:49.867+0000][1][safepoint    ] Entering safepoint region: RevokeBias
[2019-12-09T07:01:49.867+0000][1][safepoint    ] Leaving safepoint region
[2019-12-09T07:01:49.867+0000][1][safepoint    ] Total time for which application threads were stopped: 0.0000516 seconds, Stopping threads took: 0.0000093 seconds
[2019-12-09T07:01:49.870+0000][1][safepoint    ] Application time: 0.0031912 seconds
[2019-12-09T07:01:49.870+0000][1][safepoint    ] Entering safepoint region: BulkRevokeBias
[2019-12-09T07:01:49.871+0000][1][safepoint    ] Leaving safepoint region
[2019-12-09T07:01:49.871+0000][1][safepoint    ] Total time for which application threads were stopped: 0.0003521 seconds, Stopping threads took: 0.0000596 seconds
[2019-12-09T07:01:50.252+0000][1][safepoint    ] Application time: 0.3808640 seconds
[2019-12-09T07:01:50.280+0000][1][safepoint    ] Entering safepoint region: RevokeBias
[2019-12-09T07:01:50.280+0000][1][safepoint    ] Leaving safepoint region
[2019-12-09T07:01:50.280+0000][1][safepoint    ] Total time for which application threads were stopped: 0.0284602 seconds, Stopping threads took: 0.0283527 seconds
[2019-12-09T07:01:50.281+0000][1][safepoint    ] Application time: 0.0005520 seconds
[2019-12-09T07:01:50.281+0000][1][safepoint    ] Entering safepoint region: RevokeBias
[2019-12-09T07:01:50.281+0000][1][safepoint    ] Leaving safepoint region
[2019-12-09T07:01:50.281+0000][1][safepoint    ] Total time for which application threads were stopped: 0.0000900 seconds, Stopping threads took: 0.0000165 seconds
[2019-12-09T07:01:50.289+0000][1][safepoint    ] Application time: 0.0080704 seconds
[2019-12-09T07:01:50.289+0000][1][safepoint    ] Entering safepoint region: RevokeBias
[2019-12-09T07:01:50.289+0000][1][safepoint    ] Leaving safepoint region
[2019-12-09T07:01:50.289+0000][1][safepoint    ] Total time for which application threads were stopped: 0.0001210 seconds, Stopping threads took: 0.0000579 seconds
[2019-12-09T07:01:50.295+0000][1][safepoint    ] Application time: 0.0057302 seconds
[2019-12-09T07:01:50.295+0000][1][safepoint    ] Entering safepoint region: RevokeBias
[2019-12-09T07:01:50.295+0000][1][safepoint    ] Leaving safepoint region
[2019-12-09T07:01:50.295+0000][1][safepoint    ] Total time for which application threads were stopped: 0.0000976 seconds, Stopping threads took: 0.0000181 seconds
[2019-12-09T07:01:50.295+0000][1][safepoint    ] Application time: 0.0004195 seconds
[2019-12-09T07:01:50.295+0000][1][safepoint    ] Entering safepoint region: RevokeBias
[2019-12-09T07:01:50.295+0000][1][safepoint    ] Leaving safepoint region
[2019-12-09T07:01:50.295+0000][1][safepoint    ] Total time for which application threads were stopped: 0.0000817 seconds, Stopping threads took: 0.0000115 seconds
[2019-12-09T07:01:50.296+0000][1][safepoint    ] Application time: 0.0004149 seconds
[2019-12-09T07:01:50.296+0000][1][safepoint    ] Entering safepoint region: RevokeBias
[2019-12-09T07:01:50.296+0000][1][safepoint    ] Leaving safepoint region
[2019-12-09T07:01:50.296+0000][1][safepoint    ] Total time for which application threads were stopped: 0.0000822 seconds, Stopping threads took: 0.0000116 seconds
[2019-12-09T07:01:50.298+0000][1][safepoint    ] Application time: 0.0021920 seconds
[2019-12-09T07:01:50.298+0000][1][safepoint    ] Entering safepoint region: RevokeBias
[2019-12-09T07:01:50.298+0000][1][safepoint    ] Leaving safepoint region
[2019-12-09T07:01:50.298+0000][1][safepoint    ] Total time for which application threads were stopped: 0.0000658 seconds, Stopping threads took: 0.0000137 seconds
[2019-12-09T07:01:50.306+0000][1][safepoint    ] Application time: 0.0080879 seconds
[2019-12-09T07:01:50.306+0000][1][safepoint    ] Entering safepoint region: RevokeBias
[2019-12-09T07:01:50.306+0000][1][safepoint    ] Leaving safepoint region
[2019-12-09T07:01:50.306+0000][1][safepoint    ] Total time for which application threads were stopped: 0.0000726 seconds, Stopping threads took: 0.0000132 seconds
[2019-12-09T07:01:50.307+0000][1][safepoint    ] Application time: 0.0001809 seconds
[2019-12-09T07:01:50.307+0000][1][safepoint    ] Entering safepoint region: RevokeBias
[2019-12-09T07:01:50.307+0000][1][safepoint    ] Leaving safepoint region
[2019-12-09T07:01:50.307+0000][1][safepoint    ] Total time for which application threads were stopped: 0.0000600 seconds, Stopping threads took: 0.0000105 seconds
[2019-12-09T07:01:50.341+0000][1][safepoint    ] Application time: 0.0343646 seconds
[2019-12-09T07:01:50.341+0000][1][safepoint    ] Entering safepoint region: RevokeBias
[2019-12-09T07:01:50.341+0000][1][safepoint    ] Leaving safepoint region
[2019-12-09T07:01:50.341+0000][1][safepoint    ] Total time for which application threads were stopped: 0.0001537 seconds, Stopping threads took: 0.0000715 seconds
[2019-12-09T07:01:50.355+0000][1][safepoint    ] Application time: 0.0136493 seconds
[2019-12-09T07:01:50.355+0000][1][safepoint    ] Entering safepoint region: RevokeBias
[2019-12-09T07:01:50.355+0000][1][safepoint    ] Leaving safepoint region
[2019-12-09T07:01:50.355+0000][1][safepoint    ] Total time for which application threads were stopped: 0.0001332 seconds, Stopping threads took: 0.0000584 seconds
[2019-12-09T07:01:50.485+0000][1][safepoint    ] Application time: 0.1303868 seconds
[2019-12-09T07:01:50.485+0000][1][safepoint    ] Entering safepoint region: RevokeBias
[2019-12-09T07:01:50.485+0000][1][safepoint    ] Leaving safepoint region
[2019-12-09T07:01:50.485+0000][1][safepoint    ] Total time for which application threads were stopped: 0.0000944 seconds, Stopping threads took: 0.0000188 seconds
[2019-12-09T07:01:50.503+0000][1][safepoint    ] Application time: 0.0172959 seconds
[2019-12-09T07:01:50.503+0000][1][safepoint    ] Entering safepoint region: RevokeBias
[2019-12-09T07:01:50.503+0000][1][safepoint    ] Leaving safepoint region
[2019-12-09T07:01:50.503+0000][1][safepoint    ] Total time for which application threads were stopped: 0.0000886 seconds, Stopping threads took: 0.0000149 seconds
[2019-12-09T07:01:50.520+0000][1][safepoint    ] Application time: 0.0166027 seconds
[2019-12-09T07:01:50.520+0000][1][safepoint    ] Entering safepoint region: RevokeBias
[2019-12-09T07:01:50.520+0000][1][safepoint    ] Leaving safepoint region
[2019-12-09T07:01:50.520+0000][1][safepoint    ] Total time for which application threads were stopped: 0.0000943 seconds, Stopping threads took: 0.0000181 seconds
[2019-12-09T07:01:50.520+0000][1][safepoint    ] Application time: 0.0000792 seconds
[2019-12-09T07:01:50.520+0000][1][safepoint    ] Entering safepoint region: RevokeBias
[2019-12-09T07:01:50.520+0000][1][safepoint    ] Leaving safepoint region
[2019-12-09T07:01:50.520+0000][1][safepoint    ] Total time for which application threads were stopped: 0.0000610 seconds, Stopping threads took: 0.0000097 seconds
[2019-12-09T07:01:50.521+0000][1][safepoint    ] Application time: 0.0011047 seconds
[2019-12-09T07:01:50.521+0000][1][safepoint    ] Entering safepoint region: RevokeBias
[2019-12-09T07:01:50.521+0000][1][safepoint    ] Leaving safepoint region
[2019-12-09T07:01:50.521+0000][1][safepoint    ] Total time for which application threads were stopped: 0.0000876 seconds, Stopping threads took: 0.0000204 seconds
[2019-12-09T07:01:50.521+0000][1][safepoint    ] Application time: 0.0001648 seconds
[2019-12-09T07:01:50.521+0000][1][safepoint    ] Entering safepoint region: RevokeBias
[2019-12-09T07:01:50.521+0000][1][safepoint    ] Leaving safepoint region
[2019-12-09T07:01:50.521+0000][1][safepoint    ] Total time for which application threads were stopped: 0.0000588 seconds, Stopping threads took: 0.0000107 seconds
[2019-12-09T07:01:50.521+0000][1][safepoint    ] Application time: 0.0000583 seconds
[2019-12-09T07:01:50.521+0000][1][safepoint    ] Entering safepoint region: RevokeBias
[2019-12-09T07:01:50.521+0000][1][safepoint    ] Leaving safepoint region
[2019-12-09T07:01:50.521+0000][1][safepoint    ] Total time for which application threads were stopped: 0.0000455 seconds, Stopping threads took: 0.0000093 seconds
[2019-12-09T07:01:51.110+0000][1][safepoint    ] Application time: 0.5886970 seconds
[2019-12-09T07:01:51.110+0000][1][safepoint    ] Entering safepoint region: RevokeBias
[2019-12-09T07:01:51.110+0000][1][safepoint    ] Leaving safepoint region
[2019-12-09T07:01:51.110+0000][1][safepoint    ] Total time for which application threads were stopped: 0.0001066 seconds, Stopping threads took: 0.0000213 seconds
[2019-12-09T07:01:51.110+0000][1][safepoint    ] Application time: 0.0000806 seconds
[2019-12-09T07:01:51.110+0000][1][safepoint    ] Entering safepoint region: RevokeBias
[2019-12-09T07:01:51.110+0000][1][safepoint    ] Leaving safepoint region
[2019-12-09T07:01:51.110+0000][1][safepoint    ] Total time for which application threads were stopped: 0.0000606 seconds, Stopping threads took: 0.0000121 seconds
[2019-12-09T07:01:51.170+0000][1][safepoint    ] Application time: 0.0591535 seconds
[2019-12-09T07:01:51.170+0000][1][safepoint    ] Entering safepoint region: BulkRevokeBias
[2019-12-09T07:01:51.170+0000][1][safepoint    ] Leaving safepoint region
[2019-12-09T07:01:51.170+0000][1][safepoint    ] Total time for which application threads were stopped: 0.0005049 seconds, Stopping threads took: 0.0000192 seconds
[2019-12-09T07:01:51.186+0000][1][safepoint    ] Application time: 0.0162729 seconds
[2019-12-09T07:01:51.186+0000][1][safepoint    ] Entering safepoint region: RevokeBias
[2019-12-09T07:01:51.187+0000][1][safepoint    ] Leaving safepoint region
[2019-12-09T07:01:51.187+0000][1][safepoint    ] Total time for which application threads were stopped: 0.0001385 seconds, Stopping threads took: 0.0000705 seconds
[2019-12-09T07:01:51.360+0000][1][safepoint    ] Application time: 0.1735130 seconds
[2019-12-09T07:01:51.388+0000][1][safepoint    ] Entering safepoint region: RevokeBias
[2019-12-09T07:01:51.388+0000][1][safepoint    ] Leaving safepoint region
[2019-12-09T07:01:51.388+0000][1][safepoint    ] Total time for which application threads were stopped: 0.0283916 seconds, Stopping threads took: 0.0282886 seconds
[2019-12-09T07:01:51.402+0000][1][safepoint    ] Application time: 0.0139645 seconds
[2019-12-09T07:01:51.413+0000][1][safepoint    ] Entering safepoint region: RevokeBias
[2019-12-09T07:01:51.413+0000][1][safepoint    ] Leaving safepoint region
[2019-12-09T07:01:51.413+0000][1][safepoint    ] Total time for which application threads were stopped: 0.0109386 seconds, Stopping threads took: 0.0108541 seconds
[2019-12-09T07:01:51.453+0000][1][safepoint    ] Application time: 0.0394987 seconds
[2019-12-09T07:01:51.462+0000][1][safepoint    ] Entering safepoint region: RevokeBias
[2019-12-09T07:01:51.462+0000][1][safepoint    ] Leaving safepoint region
[2019-12-09T07:01:51.462+0000][1][safepoint    ] Total time for which application threads were stopped: 0.0089230 seconds, Stopping threads took: 0.0088248 seconds
[2019-12-09T07:01:51.504+0000][1][safepoint    ] Application time: 0.0426194 seconds
[2019-12-09T07:01:51.516+0000][1][safepoint    ] Entering safepoint region: RevokeBias
[2019-12-09T07:01:51.516+0000][1][safepoint    ] Leaving safepoint region
[2019-12-09T07:01:51.516+0000][1][safepoint    ] Total time for which application threads were stopped: 0.0115924 seconds, Stopping threads took: 0.0115073 seconds
[2019-12-09T07:01:51.666+0000][1][safepoint    ] Application time: 0.1495607 seconds
[2019-12-09T07:01:51.682+0000][1][safepoint    ] Entering safepoint region: RevokeBias
[2019-12-09T07:01:51.682+0000][1][safepoint    ] Leaving safepoint region
[2019-12-09T07:01:51.682+0000][1][safepoint    ] Total time for which application threads were stopped: 0.0161223 seconds, Stopping threads took: 0.0160329 seconds
[2019-12-09T07:01:51.756+0000][1][safepoint    ] Application time: 0.0736592 seconds
[2019-12-09T07:01:51.814+0000][1][safepoint    ] Entering safepoint region: RevokeBias
[2019-12-09T07:01:51.814+0000][1][safepoint    ] Leaving safepoint region
[2019-12-09T07:01:51.814+0000][1][safepoint    ] Total time for which application threads were stopped: 0.0583263 seconds, Stopping threads took: 0.0582088 seconds
[2019-12-09T07:01:51.815+0000][1][safepoint    ] Application time: 0.0012641 seconds
[2019-12-09T07:01:51.815+0000][1][safepoint    ] Entering safepoint region: RevokeBias
[2019-12-09T07:01:51.815+0000][1][safepoint    ] Leaving safepoint region
[2019-12-09T07:01:51.815+0000][1][safepoint    ] Total time for which application threads were stopped: 0.0001328 seconds, Stopping threads took: 0.0000188 seconds
[2019-12-09T07:01:51.821+0000][1][safepoint    ] Application time: 0.0056177 seconds
[2019-12-09T07:01:51.825+0000][1][safepoint    ] Entering safepoint region: RevokeBias
[2019-12-09T07:01:51.825+0000][1][safepoint    ] Leaving safepoint region
[2019-12-09T07:01:51.825+0000][1][safepoint    ] Total time for which application threads were stopped: 0.0043657 seconds, Stopping threads took: 0.0042894 seconds
[2019-12-09T07:01:51.825+0000][1][safepoint    ] Application time: 0.0000726 seconds
[2019-12-09T07:01:51.825+0000][1][safepoint    ] Entering safepoint region: RevokeBias
[2019-12-09T07:01:51.825+0000][1][safepoint    ] Leaving safepoint region
[2019-12-09T07:01:51.825+0000][1][safepoint    ] Total time for which application threads were stopped: 0.0000529 seconds, Stopping threads took: 0.0000111 seconds
[2019-12-09T07:01:51.826+0000][1][safepoint    ] Application time: 0.0002155 seconds
[2019-12-09T07:01:51.826+0000][1][safepoint    ] Entering safepoint region: RevokeBias
[2019-12-09T07:01:51.826+0000][1][safepoint    ] Leaving safepoint region
[2019-12-09T07:01:51.826+0000][1][safepoint    ] Total time for which application threads were stopped: 0.0000647 seconds, Stopping threads took: 0.0000125 seconds
[2019-12-09T07:01:51.827+0000][1][safepoint    ] Application time: 0.0015033 seconds
[2019-12-09T07:01:51.827+0000][1][safepoint    ] Entering safepoint region: RevokeBias
[2019-12-09T07:01:51.827+0000][1][safepoint    ] Leaving safepoint region
[2019-12-09T07:01:51.827+0000][1][safepoint    ] Total time for which application threads were stopped: 0.0000692 seconds, Stopping threads took: 0.0000132 seconds
[2019-12-09T07:01:51.828+0000][1][safepoint    ] Application time: 0.0002602 seconds
[2019-12-09T07:01:51.828+0000][1][safepoint    ] Entering safepoint region: RevokeBias
[2019-12-09T07:01:51.828+0000][1][safepoint    ] Leaving safepoint region
[2019-12-09T07:01:51.828+0000][1][safepoint    ] Total time for which application threads were stopped: 0.0000855 seconds, Stopping threads took: 0.0000125 seconds
[2019-12-09T07:01:51.906+0000][1][safepoint    ] Application time: 0.0779866 seconds
[2019-12-09T07:01:51.907+0000][1][safepoint    ] Entering safepoint region: RevokeBias
[2019-12-09T07:01:51.907+0000][1][safepoint    ] Leaving safepoint region
[2019-12-09T07:01:51.907+0000][1][safepoint    ] Total time for which application threads were stopped: 0.0015526 seconds, Stopping threads took: 0.0014621 seconds
[2019-12-09T07:01:51.999+0000][1][safepoint    ] Application time: 0.0912374 seconds
[2019-12-09T07:01:52.056+0000][1][safepoint    ] Entering safepoint region: RevokeBias
[2019-12-09T07:01:52.056+0000][1][safepoint    ] Leaving safepoint region
[2019-12-09T07:01:52.056+0000][1][safepoint    ] Total time for which application threads were stopped: 0.0573471 seconds, Stopping threads took: 0.0572243 seconds
[2019-12-09T07:01:52.498+0000][1][safepoint    ] Application time: 0.4421710 seconds
[2019-12-09T07:01:52.498+0000][1][safepoint    ] Entering safepoint region: Deoptimize
[2019-12-09T07:01:52.499+0000][1][safepoint    ] Leaving safepoint region
[2019-12-09T07:01:52.499+0000][1][safepoint    ] Total time for which application threads were stopped: 0.0007723 seconds, Stopping threads took: 0.0000193 seconds
[2019-12-09T07:01:53.018+0000][1][safepoint    ] Application time: 0.5195019 seconds
[2019-12-09T07:01:53.018+0000][1][safepoint    ] Entering safepoint region: BulkRevokeBias
[2019-12-09T07:01:53.019+0000][1][safepoint    ] Leaving safepoint region
[2019-12-09T07:01:53.019+0000][1][safepoint    ] Total time for which application threads were stopped: 0.0005363 seconds, Stopping threads took: 0.0000196 seconds
[2019-12-09T07:01:53.019+0000][1][safepoint    ] Application time: 0.0000928 seconds
[2019-12-09T07:01:53.019+0000][1][safepoint    ] Entering safepoint region: RevokeBias
[2019-12-09T07:01:53.019+0000][1][safepoint    ] Leaving safepoint region
[2019-12-09T07:01:53.019+0000][1][safepoint    ] Total time for which application threads were stopped: 0.0000668 seconds, Stopping threads took: 0.0000112 seconds
[2019-12-09T07:01:53.097+0000][1][safepoint    ] Application time: 0.0773916 seconds
[2019-12-09T07:01:53.097+0000][1][safepoint    ] Entering safepoint region: RevokeBias
[2019-12-09T07:01:53.097+0000][1][safepoint    ] Leaving safepoint region
[2019-12-09T07:01:53.097+0000][1][safepoint    ] Total time for which application threads were stopped: 0.0001185 seconds, Stopping threads took: 0.0000195 seconds
[2019-12-09T07:01:53.110+0000][1][safepoint    ] Application time: 0.0130719 seconds
[2019-12-09T07:01:53.110+0000][1][safepoint    ] Entering safepoint region: BulkRevokeBias
[2019-12-09T07:01:53.110+0000][1][safepoint    ] Leaving safepoint region
[2019-12-09T07:01:53.110+0000][1][safepoint    ] Total time for which application threads were stopped: 0.0004260 seconds, Stopping threads took: 0.0000223 seconds
[2019-12-09T07:01:53.111+0000][1][safepoint    ] Application time: 0.0003034 seconds
[2019-12-09T07:01:53.111+0000][1][safepoint    ] Entering safepoint region: RevokeBias
[2019-12-09T07:01:53.111+0000][1][safepoint    ] Leaving safepoint region
[2019-12-09T07:01:53.111+0000][1][safepoint    ] Total time for which application threads were stopped: 0.0001028 seconds, Stopping threads took: 0.0000187 seconds
[2019-12-09T07:01:53.289+0000][1][safepoint    ] Application time: 0.1777765 seconds
[2019-12-09T07:01:53.289+0000][1][safepoint    ] Entering safepoint region: RevokeBias
[2019-12-09T07:01:53.289+0000][1][safepoint    ] Leaving safepoint region
[2019-12-09T07:01:53.289+0000][1][safepoint    ] Total time for which application threads were stopped: 0.0001145 seconds, Stopping threads took: 0.0000194 seconds
[2019-12-09T07:01:53.289+0000][1][safepoint    ] Application time: 0.0002615 seconds
[2019-12-09T07:01:53.310+0000][1][safepoint    ] Entering safepoint region: RevokeBias
[2019-12-09T07:01:53.310+0000][1][safepoint    ] Leaving safepoint region
[2019-12-09T07:01:53.310+0000][1][safepoint    ] Total time for which application threads were stopped: 0.0208820 seconds, Stopping threads took: 0.0207881 seconds
[2019-12-09T07:01:53.312+0000][1][safepoint    ] Application time: 0.0019424 seconds
[2019-12-09T07:01:53.312+0000][1][safepoint    ] Entering safepoint region: RevokeBias
[2019-12-09T07:01:53.312+0000][1][safepoint    ] Leaving safepoint region
[2019-12-09T07:01:53.312+0000][1][safepoint    ] Total time for which application threads were stopped: 0.0000855 seconds, Stopping threads took: 0.0000182 seconds
[2019-12-09T07:01:53.312+0000][1][safepoint    ] Application time: 0.0000625 seconds
[2019-12-09T07:01:53.312+0000][1][safepoint    ] Entering safepoint region: RevokeBias
[2019-12-09T07:01:53.312+0000][1][safepoint    ] Leaving safepoint region
[2019-12-09T07:01:53.312+0000][1][safepoint    ] Total time for which application threads were stopped: 0.0000520 seconds, Stopping threads took: 0.0000160 seconds
[2019-12-09T07:01:53.312+0000][1][safepoint    ] Application time: 0.0000502 seconds
[2019-12-09T07:01:53.312+0000][1][safepoint    ] Entering safepoint region: RevokeBias
[2019-12-09T07:01:53.312+0000][1][safepoint    ] Leaving safepoint region
[2019-12-09T07:01:53.312+0000][1][safepoint    ] Total time for which application threads were stopped: 0.0000426 seconds, Stopping threads took: 0.0000084 seconds
[2019-12-09T07:01:53.312+0000][1][safepoint    ] Application time: 0.0000493 seconds
[2019-12-09T07:01:53.312+0000][1][safepoint    ] Entering safepoint region: RevokeBias
[2019-12-09T07:01:53.312+0000][1][safepoint    ] Leaving safepoint region
[2019-12-09T07:01:53.312+0000][1][safepoint    ] Total time for which application threads were stopped: 0.0000423 seconds, Stopping threads took: 0.0000085 seconds
[2019-12-09T07:01:53.312+0000][1][safepoint    ] Application time: 0.0000486 seconds
[2019-12-09T07:01:53.312+0000][1][safepoint    ] Entering safepoint region: RevokeBias
[2019-12-09T07:01:53.312+0000][1][safepoint    ] Leaving safepoint region
[2019-12-09T07:01:53.312+0000][1][safepoint    ] Total time for which application threads were stopped: 0.0000429 seconds, Stopping threads took: 0.0000084 seconds
[2019-12-09T07:01:53.312+0000][1][safepoint    ] Application time: 0.0000577 seconds
[2019-12-09T07:01:53.312+0000][1][safepoint    ] Entering safepoint region: RevokeBias
[2019-12-09T07:01:53.312+0000][1][safepoint    ] Leaving safepoint region
[2019-12-09T07:01:53.312+0000][1][safepoint    ] Total time for which application threads were stopped: 0.0000371 seconds, Stopping threads took: 0.0000073 seconds
[2019-12-09T07:01:53.312+0000][1][safepoint    ] Application time: 0.0000425 seconds
[2019-12-09T07:01:53.312+0000][1][safepoint    ] Entering safepoint region: RevokeBias
[2019-12-09T07:01:53.313+0000][1][safepoint    ] Leaving safepoint region
[2019-12-09T07:01:53.313+0000][1][safepoint    ] Total time for which application threads were stopped: 0.0000365 seconds, Stopping threads took: 0.0000073 seconds
[2019-12-09T07:01:53.313+0000][1][safepoint    ] Application time: 0.0000425 seconds
[2019-12-09T07:01:53.313+0000][1][safepoint    ] Entering safepoint region: RevokeBias
[2019-12-09T07:01:53.313+0000][1][safepoint    ] Leaving safepoint region
[2019-12-09T07:01:53.313+0000][1][safepoint    ] Total time for which application threads were stopped: 0.0000378 seconds, Stopping threads took: 0.0000075 seconds
[2019-12-09T07:01:53.496+0000][1][safepoint    ] Application time: 0.1834685 seconds
[2019-12-09T07:01:53.496+0000][1][safepoint    ] Entering safepoint region: RevokeBias
[2019-12-09T07:01:53.496+0000][1][safepoint    ] Leaving safepoint region
[2019-12-09T07:01:53.496+0000][1][safepoint    ] Total time for which application threads were stopped: 0.0001021 seconds, Stopping threads took: 0.0000216 seconds
[2019-12-09T07:01:53.595+0000][1][safepoint    ] Application time: 0.0982940 seconds
[2019-12-09T07:01:53.595+0000][1][safepoint    ] Entering safepoint region: RevokeBias
[2019-12-09T07:01:53.595+0000][1][safepoint    ] Leaving safepoint region
[2019-12-09T07:01:53.595+0000][1][safepoint    ] Total time for which application threads were stopped: 0.0001231 seconds, Stopping threads took: 0.0000198 seconds
[2019-12-09T07:01:53.596+0000][1][safepoint    ] Application time: 0.0011118 seconds
[2019-12-09T07:01:53.596+0000][1][safepoint    ] Entering safepoint region: RevokeBias
[2019-12-09T07:01:53.596+0000][1][safepoint    ] Leaving safepoint region
[2019-12-09T07:01:53.596+0000][1][safepoint    ] Total time for which application threads were stopped: 0.0000904 seconds, Stopping threads took: 0.0000188 seconds
[2019-12-09T07:01:54.598+0000][1][safepoint    ] Application time: 1.0017531 seconds
[2019-12-09T07:01:54.598+0000][1][safepoint    ] Entering safepoint region: Cleanup
[2019-12-09T07:01:54.598+0000][1][safepoint    ] Leaving safepoint region
[2019-12-09T07:01:54.598+0000][1][safepoint    ] Total time for which application threads were stopped: 0.0001113 seconds, Stopping threads took: 0.0000295 seconds
[2019-12-09T07:01:56.103+0000][1][safepoint    ] Application time: 1.5050534 seconds
[2019-12-09T07:01:56.103+0000][1][safepoint    ] Entering safepoint region: Cleanup
[2019-12-09T07:01:56.103+0000][1][safepoint    ] Leaving safepoint region
[2019-12-09T07:01:56.103+0000][1][safepoint    ] Total time for which application threads were stopped: 0.0001254 seconds, Stopping threads took: 0.0000257 seconds
[2019-12-09T07:01:56.364+0000][1][safepoint    ] Application time: 0.2607318 seconds
[2019-12-09T07:01:56.364+0000][1][safepoint    ] Entering safepoint region: RevokeBias
[2019-12-09T07:01:56.364+0000][1][safepoint    ] Leaving safepoint region
[2019-12-09T07:01:56.364+0000][1][safepoint    ] Total time for which application threads were stopped: 0.0002232 seconds, Stopping threads took: 0.0000689 seconds
[2019-12-09T07:01:56.365+0000][1][safepoint    ] Application time: 0.0006207 seconds
[2019-12-09T07:01:56.365+0000][1][safepoint    ] Entering safepoint region: BulkRevokeBias
[2019-12-09T07:01:56.365+0000][1][safepoint    ] Leaving safepoint region
[2019-12-09T07:01:56.365+0000][1][safepoint    ] Total time for which application threads were stopped: 0.0004770 seconds, Stopping threads took: 0.0000160 seconds
[2019-12-09T07:01:56.506+0000][1][safepoint    ] Application time: 0.1412212 seconds
[2019-12-09T07:01:56.507+0000][1][safepoint    ] Entering safepoint region: RevokeBias
[2019-12-09T07:01:56.507+0000][1][safepoint    ] Leaving safepoint region
[2019-12-09T07:01:56.507+0000][1][safepoint    ] Total time for which application threads were stopped: 0.0001675 seconds, Stopping threads took: 0.0000549 seconds
[2019-12-09T07:01:56.541+0000][1][safepoint    ] Application time: 0.0346152 seconds
[2019-12-09T07:01:56.541+0000][1][safepoint    ] Entering safepoint region: RevokeBias
[2019-12-09T07:01:56.541+0000][1][safepoint    ] Leaving safepoint region
[2019-12-09T07:01:56.541+0000][1][safepoint    ] Total time for which application threads were stopped: 0.0001211 seconds, Stopping threads took: 0.0000211 seconds
[2019-12-09T07:01:56.549+0000][1][safepoint    ] Application time: 0.0071474 seconds
[2019-12-09T07:01:56.549+0000][1][safepoint    ] Entering safepoint region: GenCollectForAllocation
[2019-12-09T07:01:56.549+0000][1][gc,start     ] GC(24) Pause Young (Allocation Failure)
[2019-12-09T07:01:56.549+0000][1][gc,task      ] GC(24) Using 2 workers of 2 for evacuation
[2019-12-09T07:01:56.724+0000][1][gc,age       ] GC(24) Desired survivor size 4456448 bytes, new threshold 2 (max threshold 6)
[2019-12-09T07:01:56.724+0000][1][gc,age       ] GC(24) Age table with threshold 2 (max threshold 6)
[2019-12-09T07:01:56.724+0000][1][gc,age       ] GC(24) - age   1:    2051600 bytes,    2051600 total
[2019-12-09T07:01:56.724+0000][1][gc,age       ] GC(24) - age   2:    3549024 bytes,    5600624 total
[2019-12-09T07:01:56.724+0000][1][gc,heap      ] GC(24) ParNew: 78656K->6807K(78656K)
[2019-12-09T07:01:56.724+0000][1][gc,heap      ] GC(24) CMS: 59905K->63908K(174784K)
[2019-12-09T07:01:56.724+0000][1][gc,metaspace ] GC(24) Metaspace: 69092K->69092K(1112064K)
[2019-12-09T07:01:56.724+0000][1][gc           ] GC(24) Pause Young (Allocation Failure) 135M->69M(247M) 175.633ms
[2019-12-09T07:01:56.724+0000][1][gc,cpu       ] GC(24) User=0.05s Sys=0.00s Real=0.17s
[2019-12-09T07:01:56.724+0000][1][safepoint    ] Leaving safepoint region
[2019-12-09T07:01:56.724+0000][1][safepoint    ] Total time for which application threads were stopped: 0.1758265 seconds, Stopping threads took: 0.0000177 seconds
[2019-12-09T07:01:57.726+0000][1][safepoint    ] Application time: 1.0012639 seconds
[2019-12-09T07:01:57.726+0000][1][safepoint    ] Entering safepoint region: Cleanup
[2019-12-09T07:01:57.726+0000][1][safepoint    ] Leaving safepoint region
[2019-12-09T07:01:57.726+0000][1][safepoint    ] Total time for which application threads were stopped: 0.0001401 seconds, Stopping threads took: 0.0000256 seconds
[2019-12-09T07:01:58.454+0000][1][safepoint    ] Application time: 0.7280433 seconds
[2019-12-09T07:01:58.467+0000][1][safepoint    ] Entering safepoint region: RevokeBias
[2019-12-09T07:01:58.467+0000][1][safepoint    ] Leaving safepoint region
[2019-12-09T07:01:58.467+0000][1][safepoint    ] Total time for which application threads were stopped: 0.0129467 seconds, Stopping threads took: 0.0128110 seconds
[2019-12-09T07:01:58.471+0000][1][safepoint    ] Application time: 0.0040566 seconds
[2019-12-09T07:01:58.471+0000][1][safepoint    ] Entering safepoint region: RevokeBias
[2019-12-09T07:01:58.471+0000][1][safepoint    ] Leaving safepoint region
[2019-12-09T07:01:58.471+0000][1][safepoint    ] Total time for which application threads were stopped: 0.0000888 seconds, Stopping threads took: 0.0000166 seconds
[2019-12-09T07:01:58.471+0000][1][safepoint    ] Application time: 0.0000961 seconds
[2019-12-09T07:01:58.471+0000][1][safepoint    ] Entering safepoint region: RevokeBias
[2019-12-09T07:01:58.471+0000][1][safepoint    ] Leaving safepoint region
[2019-12-09T07:01:58.471+0000][1][safepoint    ] Total time for which application threads were stopped: 0.0000520 seconds, Stopping threads took: 0.0000089 seconds
[2019-12-09T07:01:58.472+0000][1][safepoint    ] Application time: 0.0005732 seconds
[2019-12-09T07:01:58.472+0000][1][safepoint    ] Entering safepoint region: RevokeBias
[2019-12-09T07:01:58.472+0000][1][safepoint    ] Leaving safepoint region
[2019-12-09T07:01:58.472+0000][1][safepoint    ] Total time for which application threads were stopped: 0.0000738 seconds, Stopping threads took: 0.0000150 seconds
[2019-12-09T07:01:59.474+0000][1][safepoint    ] Application time: 1.0021120 seconds
[2019-12-09T07:01:59.474+0000][1][safepoint    ] Entering safepoint region: Cleanup
[2019-12-09T07:01:59.474+0000][1][safepoint    ] Leaving safepoint region
[2019-12-09T07:01:59.474+0000][1][safepoint    ] Total time for which application threads were stopped: 0.0001173 seconds, Stopping threads took: 0.0000224 seconds
[2019-12-09T07:02:00.026+0000][1][safepoint    ] Application time: 0.5516387 seconds
[2019-12-09T07:02:00.026+0000][1][safepoint    ] Entering safepoint region: RevokeBias
[2019-12-09T07:02:00.026+0000][1][safepoint    ] Leaving safepoint region
[2019-12-09T07:02:00.026+0000][1][safepoint    ] Total time for which application threads were stopped: 0.0001980 seconds, Stopping threads took: 0.0000754 seconds
[2019-12-09T07:02:00.028+0000][1][safepoint    ] Application time: 0.0022361 seconds
[2019-12-09T07:02:00.028+0000][1][safepoint    ] Entering safepoint region: RevokeBias
[2019-12-09T07:02:00.028+0000][1][safepoint    ] Leaving safepoint region
[2019-12-09T07:02:00.028+0000][1][safepoint    ] Total time for which application threads were stopped: 0.0001244 seconds, Stopping threads took: 0.0000436 seconds
[2019-12-09T07:02:00.164+0000][1][safepoint    ] Application time: 0.1350219 seconds
[2019-12-09T07:02:00.164+0000][1][safepoint    ] Entering safepoint region: RevokeBias
[2019-12-09T07:02:00.164+0000][1][safepoint    ] Leaving safepoint region
[2019-12-09T07:02:00.164+0000][1][safepoint    ] Total time for which application threads were stopped: 0.0001425 seconds, Stopping threads took: 0.0000215 seconds
[2019-12-09T07:02:00.460+0000][1][safepoint    ] Application time: 0.2962603 seconds
[2019-12-09T07:02:00.460+0000][1][safepoint    ] Entering safepoint region: RevokeBias
[2019-12-09T07:02:00.460+0000][1][safepoint    ] Leaving safepoint region
[2019-12-09T07:02:00.460+0000][1][safepoint    ] Total time for which application threads were stopped: 0.0001337 seconds, Stopping threads took: 0.0000217 seconds
[2019-12-09T07:02:00.460+0000][1][safepoint    ] Application time: 0.0001968 seconds
[2019-12-09T07:02:00.460+0000][1][safepoint    ] Entering safepoint region: RevokeBias
[2019-12-09T07:02:00.460+0000][1][safepoint    ] Leaving safepoint region
[2019-12-09T07:02:00.460+0000][1][safepoint    ] Total time for which application threads were stopped: 0.0000924 seconds, Stopping threads took: 0.0000168 seconds
[2019-12-09T07:02:00.664+0000][1][safepoint    ] Application time: 0.2035713 seconds
[2019-12-09T07:02:00.664+0000][1][safepoint    ] Entering safepoint region: RevokeBias
[2019-12-09T07:02:00.664+0000][1][safepoint    ] Leaving safepoint region
[2019-12-09T07:02:00.664+0000][1][safepoint    ] Total time for which application threads were stopped: 0.0001645 seconds, Stopping threads took: 0.0000214 seconds
[2019-12-09T07:02:00.664+0000][1][safepoint    ] Application time: 0.0000755 seconds
[2019-12-09T07:02:00.664+0000][1][safepoint    ] Entering safepoint region: RevokeBias
[2019-12-09T07:02:00.664+0000][1][safepoint    ] Leaving safepoint region
[2019-12-09T07:02:00.664+0000][1][safepoint    ] Total time for which application threads were stopped: 0.0000960 seconds, Stopping threads took: 0.0000127 seconds
[2019-12-09T07:02:00.679+0000][1][safepoint    ] Application time: 0.0142703 seconds
[2019-12-09T07:02:00.679+0000][1][safepoint    ] Entering safepoint region: RevokeBias
[2019-12-09T07:02:00.679+0000][1][safepoint    ] Leaving safepoint region
[2019-12-09T07:02:00.679+0000][1][safepoint    ] Total time for which application threads were stopped: 0.0006144 seconds, Stopping threads took: 0.0005147 seconds
[2019-12-09T07:02:00.687+0000][1][safepoint    ] Application time: 0.0073366 seconds
[2019-12-09T07:02:00.727+0000][1][safepoint    ] Entering safepoint region: RevokeBias
[2019-12-09T07:02:00.727+0000][1][safepoint    ] Leaving safepoint region
[2019-12-09T07:02:00.727+0000][1][safepoint    ] Total time for which application threads were stopped: 0.0405310 seconds, Stopping threads took: 0.0404152 seconds
[2019-12-09T07:02:00.732+0000][1][safepoint    ] Application time: 0.0050829 seconds
[2019-12-09T07:02:00.732+0000][1][safepoint    ] Entering safepoint region: RevokeBias
[2019-12-09T07:02:00.733+0000][1][safepoint    ] Leaving safepoint region
[2019-12-09T07:02:00.733+0000][1][safepoint    ] Total time for which application threads were stopped: 0.0001478 seconds, Stopping threads took: 0.0000568 seconds
[2019-12-09T07:02:00.792+0000][1][safepoint    ] Application time: 0.0591589 seconds
[2019-12-09T07:02:00.792+0000][1][safepoint    ] Entering safepoint region: RevokeBias
[2019-12-09T07:02:00.792+0000][1][safepoint    ] Leaving safepoint region
[2019-12-09T07:02:00.792+0000][1][safepoint    ] Total time for which application threads were stopped: 0.0001288 seconds, Stopping threads took: 0.0000215 seconds
[2019-12-09T07:02:01.324+0000][1][safepoint    ] Application time: 0.5320809 seconds
[2019-12-09T07:02:01.331+0000][1][safepoint    ] Entering safepoint region: RevokeBias
[2019-12-09T07:02:01.331+0000][1][safepoint    ] Leaving safepoint region
[2019-12-09T07:02:01.331+0000][1][safepoint    ] Total time for which application threads were stopped: 0.0069212 seconds, Stopping threads took: 0.0067900 seconds
[2019-12-09T07:02:01.331+0000][1][safepoint    ] Application time: 0.0005313 seconds
[2019-12-09T07:02:01.331+0000][1][safepoint    ] Entering safepoint region: RevokeBias
[2019-12-09T07:02:01.332+0000][1][safepoint    ] Leaving safepoint region
[2019-12-09T07:02:01.332+0000][1][safepoint    ] Total time for which application threads were stopped: 0.0000833 seconds, Stopping threads took: 0.0000169 seconds
[2019-12-09T07:02:01.332+0000][1][safepoint    ] Application time: 0.0000719 seconds
[2019-12-09T07:02:01.332+0000][1][safepoint    ] Entering safepoint region: RevokeBias
[2019-12-09T07:02:01.332+0000][1][safepoint    ] Leaving safepoint region
[2019-12-09T07:02:01.332+0000][1][safepoint    ] Total time for which application threads were stopped: 0.0000886 seconds, Stopping threads took: 0.0000101 seconds
[2019-12-09T07:02:01.450+0000][1][safepoint    ] Application time: 0.1177572 seconds
[2019-12-09T07:02:01.450+0000][1][safepoint    ] Entering safepoint region: Deoptimize
[2019-12-09T07:02:01.450+0000][1][safepoint    ] Leaving safepoint region
[2019-12-09T07:02:01.450+0000][1][safepoint    ] Total time for which application threads were stopped: 0.0008773 seconds, Stopping threads took: 0.0000217 seconds
[2019-12-09T07:02:01.701+0000][1][safepoint    ] Application time: 0.2505482 seconds
[2019-12-09T07:02:01.701+0000][1][safepoint    ] Entering safepoint region: RevokeBias
[2019-12-09T07:02:01.701+0000][1][safepoint    ] Leaving safepoint region
[2019-12-09T07:02:01.701+0000][1][safepoint    ] Total time for which application threads were stopped: 0.0001428 seconds, Stopping threads took: 0.0000254 seconds
[2019-12-09T07:02:01.775+0000][1][safepoint    ] Application time: 0.0734442 seconds
[2019-12-09T07:02:01.775+0000][1][safepoint    ] Entering safepoint region: RevokeBias
[2019-12-09T07:02:01.775+0000][1][safepoint    ] Leaving safepoint region
[2019-12-09T07:02:01.775+0000][1][safepoint    ] Total time for which application threads were stopped: 0.0001446 seconds, Stopping threads took: 0.0000408 seconds
[2019-12-09T07:02:01.796+0000][1][safepoint    ] Application time: 0.0209857 seconds
[2019-12-09T07:02:01.796+0000][1][safepoint    ] Entering safepoint region: RevokeBias
[2019-12-09T07:02:01.796+0000][1][safepoint    ] Leaving safepoint region
[2019-12-09T07:02:01.796+0000][1][safepoint    ] Total time for which application threads were stopped: 0.0001282 seconds, Stopping threads took: 0.0000235 seconds
[2019-12-09T07:02:01.861+0000][1][safepoint    ] Application time: 0.0651117 seconds
[2019-12-09T07:02:01.861+0000][1][safepoint    ] Entering safepoint region: RevokeBias
[2019-12-09T07:02:01.861+0000][1][safepoint    ] Leaving safepoint region
[2019-12-09T07:02:01.861+0000][1][safepoint    ] Total time for which application threads were stopped: 0.0001584 seconds, Stopping threads took: 0.0000255 seconds
[2019-12-09T07:02:01.862+0000][1][safepoint    ] Application time: 0.0008286 seconds
[2019-12-09T07:02:01.862+0000][1][safepoint    ] Entering safepoint region: RevokeBias
[2019-12-09T07:02:01.862+0000][1][safepoint    ] Leaving safepoint region
[2019-12-09T07:02:01.862+0000][1][safepoint    ] Total time for which application threads were stopped: 0.0001063 seconds, Stopping threads took: 0.0000179 seconds
[2019-12-09T07:02:01.926+0000][1][safepoint    ] Application time: 0.0634631 seconds
[2019-12-09T07:02:01.993+0000][1][safepoint    ] Entering safepoint region: RevokeBias
[2019-12-09T07:02:01.993+0000][1][safepoint    ] Leaving safepoint region
[2019-12-09T07:02:01.993+0000][1][safepoint    ] Total time for which application threads were stopped: 0.0671108 seconds, Stopping threads took: 0.0669801 seconds
[2019-12-09T07:02:02.371+0000][1][safepoint    ] Application time: 0.3776359 seconds
[2019-12-09T07:02:02.371+0000][1][safepoint    ] Entering safepoint region: RevokeBias
[2019-12-09T07:02:02.371+0000][1][safepoint    ] Leaving safepoint region
[2019-12-09T07:02:02.371+0000][1][safepoint    ] Total time for which application threads were stopped: 0.0001309 seconds, Stopping threads took: 0.0000218 seconds
[2019-12-09T07:02:02.371+0000][1][safepoint    ] Application time: 0.0000990 seconds
[2019-12-09T07:02:02.371+0000][1][safepoint    ] Entering safepoint region: RevokeBias
[2019-12-09T07:02:02.371+0000][1][safepoint    ] Leaving safepoint region
[2019-12-09T07:02:02.371+0000][1][safepoint    ] Total time for which application threads were stopped: 0.0000786 seconds, Stopping threads took: 0.0000125 seconds
[2019-12-09T07:02:02.371+0000][1][safepoint    ] Application time: 0.0000626 seconds
[2019-12-09T07:02:02.371+0000][1][safepoint    ] Entering safepoint region: RevokeBias
[2019-12-09T07:02:02.371+0000][1][safepoint    ] Leaving safepoint region
[2019-12-09T07:02:02.371+0000][1][safepoint    ] Total time for which application threads were stopped: 0.0000628 seconds, Stopping threads took: 0.0000099 seconds
[2019-12-09T07:02:02.371+0000][1][safepoint    ] Application time: 0.0000543 seconds
[2019-12-09T07:02:02.371+0000][1][safepoint    ] Entering safepoint region: RevokeBias
[2019-12-09T07:02:02.371+0000][1][safepoint    ] Leaving safepoint region
[2019-12-09T07:02:02.371+0000][1][safepoint    ] Total time for which application threads were stopped: 0.0000591 seconds, Stopping threads took: 0.0000098 seconds
[2019-12-09T07:02:02.830+0000][1][safepoint    ] Application time: 0.4584531 seconds
[2019-12-09T07:02:02.830+0000][1][safepoint    ] Entering safepoint region: RevokeBias
[2019-12-09T07:02:02.830+0000][1][safepoint    ] Leaving safepoint region
[2019-12-09T07:02:02.830+0000][1][safepoint    ] Total time for which application threads were stopped: 0.0001463 seconds, Stopping threads took: 0.0000403 seconds
[2019-12-09T07:02:02.831+0000][1][safepoint    ] Application time: 0.0008774 seconds
[2019-12-09T07:02:02.848+0000][1][safepoint    ] Entering safepoint region: RevokeBias
[2019-12-09T07:02:02.848+0000][1][safepoint    ] Leaving safepoint region
[2019-12-09T07:02:02.848+0000][1][safepoint    ] Total time for which application threads were stopped: 0.0172017 seconds, Stopping threads took: 0.0170744 seconds
[2019-12-09T07:02:02.848+0000][1][safepoint    ] Application time: 0.0004532 seconds
[2019-12-09T07:02:02.848+0000][1][safepoint    ] Entering safepoint region: RevokeBias
[2019-12-09T07:02:02.849+0000][1][safepoint    ] Leaving safepoint region
[2019-12-09T07:02:02.849+0000][1][safepoint    ] Total time for which application threads were stopped: 0.0001178 seconds, Stopping threads took: 0.0000250 seconds
[2019-12-09T07:02:03.473+0000][1][safepoint    ] Application time: 0.6243362 seconds
[2019-12-09T07:02:03.473+0000][1][safepoint    ] Entering safepoint region: RevokeBias
[2019-12-09T07:02:03.473+0000][1][safepoint    ] Leaving safepoint region
[2019-12-09T07:02:03.473+0000][1][safepoint    ] Total time for which application threads were stopped: 0.0002209 seconds, Stopping threads took: 0.0000924 seconds
[2019-12-09T07:02:03.542+0000][1][safepoint    ] Application time: 0.0685815 seconds
[2019-12-09T07:02:03.583+0000][1][safepoint    ] Entering safepoint region: RevokeBias
[2019-12-09T07:02:03.583+0000][1][safepoint    ] Leaving safepoint region
[2019-12-09T07:02:03.583+0000][1][safepoint    ] Total time for which application threads were stopped: 0.0411964 seconds, Stopping threads took: 0.0410813 seconds
[2019-12-09T07:02:03.586+0000][1][safepoint    ] Application time: 0.0031336 seconds
[2019-12-09T07:02:03.586+0000][1][safepoint    ] Entering safepoint region: RevokeBias
[2019-12-09T07:02:03.586+0000][1][safepoint    ] Leaving safepoint region
[2019-12-09T07:02:03.586+0000][1][safepoint    ] Total time for which application threads were stopped: 0.0002575 seconds, Stopping threads took: 0.0001598 seconds
[2019-12-09T07:02:03.588+0000][1][safepoint    ] Application time: 0.0016770 seconds
[2019-12-09T07:02:03.588+0000][1][safepoint    ] Entering safepoint region: RevokeBias
[2019-12-09T07:02:03.588+0000][1][safepoint    ] Leaving safepoint region
[2019-12-09T07:02:03.588+0000][1][safepoint    ] Total time for which application threads were stopped: 0.0000896 seconds, Stopping threads took: 0.0000153 seconds
[2019-12-09T07:02:03.590+0000][1][safepoint    ] Application time: 0.0015254 seconds
[2019-12-09T07:02:03.590+0000][1][safepoint    ] Entering safepoint region: RevokeBias
[2019-12-09T07:02:03.590+0000][1][safepoint    ] Leaving safepoint region
[2019-12-09T07:02:03.590+0000][1][safepoint    ] Total time for which application threads were stopped: 0.0000770 seconds, Stopping threads took: 0.0000136 seconds
[2019-12-09T07:02:03.592+0000][1][safepoint    ] Application time: 0.0023070 seconds
[2019-12-09T07:02:03.592+0000][1][safepoint    ] Entering safepoint region: RevokeBias
[2019-12-09T07:02:03.592+0000][1][safepoint    ] Leaving safepoint region
[2019-12-09T07:02:03.592+0000][1][safepoint    ] Total time for which application threads were stopped: 0.0000715 seconds, Stopping threads took: 0.0000130 seconds
[2019-12-09T07:02:03.838+0000][1][safepoint    ] Application time: 0.2454276 seconds
[2019-12-09T07:02:03.838+0000][1][safepoint    ] Entering safepoint region: RevokeBias
[2019-12-09T07:02:03.838+0000][1][safepoint    ] Leaving safepoint region
[2019-12-09T07:02:03.838+0000][1][safepoint    ] Total time for which application threads were stopped: 0.0002295 seconds, Stopping threads took: 0.0000969 seconds
[2019-12-09T07:02:03.845+0000][1][safepoint    ] Application time: 0.0066868 seconds
[2019-12-09T07:02:03.846+0000][1][safepoint    ] Entering safepoint region: RevokeBias
[2019-12-09T07:02:03.846+0000][1][safepoint    ] Leaving safepoint region
[2019-12-09T07:02:03.846+0000][1][safepoint    ] Total time for which application threads were stopped: 0.0010488 seconds, Stopping threads took: 0.0009428 seconds
[2019-12-09T07:02:03.846+0000][1][safepoint    ] Application time: 0.0000654 seconds
[2019-12-09T07:02:03.846+0000][1][safepoint    ] Entering safepoint region: RevokeBias
[2019-12-09T07:02:03.846+0000][1][safepoint    ] Leaving safepoint region
[2019-12-09T07:02:03.846+0000][1][safepoint    ] Total time for which application threads were stopped: 0.0000624 seconds, Stopping threads took: 0.0000103 seconds
[2019-12-09T07:02:03.872+0000][1][safepoint    ] Application time: 0.0263898 seconds
[2019-12-09T07:02:03.890+0000][1][safepoint    ] Entering safepoint region: RevokeBias
[2019-12-09T07:02:03.890+0000][1][safepoint    ] Leaving safepoint region
[2019-12-09T07:02:03.890+0000][1][safepoint    ] Total time for which application threads were stopped: 0.0176568 seconds, Stopping threads took: 0.0175367 seconds
[2019-12-09T07:02:03.896+0000][1][safepoint    ] Application time: 0.0063912 seconds
[2019-12-09T07:02:03.896+0000][1][safepoint    ] Entering safepoint region: RevokeBias
[2019-12-09T07:02:03.897+0000][1][safepoint    ] Leaving safepoint region
[2019-12-09T07:02:03.897+0000][1][safepoint    ] Total time for which application threads were stopped: 0.0001977 seconds, Stopping threads took: 0.0000755 seconds
[2019-12-09T07:02:03.900+0000][1][safepoint    ] Application time: 0.0038296 seconds
[2019-12-09T07:02:03.900+0000][1][safepoint    ] Entering safepoint region: RevokeBias
[2019-12-09T07:02:03.901+0000][1][safepoint    ] Leaving safepoint region
[2019-12-09T07:02:03.901+0000][1][safepoint    ] Total time for which application threads were stopped: 0.0001532 seconds, Stopping threads took: 0.0000568 seconds
[2019-12-09T07:02:03.917+0000][1][safepoint    ] Application time: 0.0163183 seconds
[2019-12-09T07:02:03.917+0000][1][safepoint    ] Entering safepoint region: RevokeBias
[2019-12-09T07:02:03.917+0000][1][safepoint    ] Leaving safepoint region
[2019-12-09T07:02:03.917+0000][1][safepoint    ] Total time for which application threads were stopped: 0.0001256 seconds, Stopping threads took: 0.0000399 seconds
[2019-12-09T07:02:03.918+0000][1][safepoint    ] Application time: 0.0009081 seconds
[2019-12-09T07:02:03.918+0000][1][safepoint    ] Entering safepoint region: RevokeBias
[2019-12-09T07:02:03.918+0000][1][safepoint    ] Leaving safepoint region
[2019-12-09T07:02:03.918+0000][1][safepoint    ] Total time for which application threads were stopped: 0.0000983 seconds, Stopping threads took: 0.0000150 seconds
[2019-12-09T07:02:03.919+0000][1][safepoint    ] Application time: 0.0013987 seconds
[2019-12-09T07:02:03.920+0000][1][safepoint    ] Entering safepoint region: RevokeBias
[2019-12-09T07:02:03.920+0000][1][safepoint    ] Leaving safepoint region
[2019-12-09T07:02:03.920+0000][1][safepoint    ] Total time for which application threads were stopped: 0.0000893 seconds, Stopping threads took: 0.0000142 seconds
[2019-12-09T07:02:04.155+0000][1][safepoint    ] Application time: 0.2349526 seconds
[2019-12-09T07:02:04.155+0000][1][safepoint    ] Entering safepoint region: RevokeBias
[2019-12-09T07:02:04.155+0000][1][safepoint    ] Leaving safepoint region
[2019-12-09T07:02:04.155+0000][1][safepoint    ] Total time for which application threads were stopped: 0.0001669 seconds, Stopping threads took: 0.0000243 seconds
[2019-12-09T07:02:04.155+0000][1][safepoint    ] Application time: 0.0000694 seconds
[2019-12-09T07:02:04.155+0000][1][safepoint    ] Entering safepoint region: RevokeBias
[2019-12-09T07:02:04.155+0000][1][safepoint    ] Leaving safepoint region
[2019-12-09T07:02:04.155+0000][1][safepoint    ] Total time for which application threads were stopped: 0.0000763 seconds, Stopping threads took: 0.0000109 seconds
[2019-12-09T07:02:04.299+0000][1][safepoint    ] Application time: 0.1439599 seconds
[2019-12-09T07:02:04.299+0000][1][safepoint    ] Entering safepoint region: GenCollectForAllocation
[2019-12-09T07:02:04.299+0000][1][gc,start     ] GC(25) Pause Young (Allocation Failure)
[2019-12-09T07:02:04.299+0000][1][gc,task      ] GC(25) Using 2 workers of 2 for evacuation
[2019-12-09T07:02:04.392+0000][1][gc,age       ] GC(25) Desired survivor size 4456448 bytes, new threshold 6 (max threshold 6)
[2019-12-09T07:02:04.392+0000][1][gc,age       ] GC(25) Age table with threshold 6 (max threshold 6)
[2019-12-09T07:02:04.392+0000][1][gc,age       ] GC(25) - age   1:    1657184 bytes,    1657184 total
[2019-12-09T07:02:04.392+0000][1][gc,age       ] GC(25) - age   2:    1945984 bytes,    3603168 total
[2019-12-09T07:02:04.392+0000][1][gc,heap      ] GC(25) ParNew: 76759K->5803K(78656K)
[2019-12-09T07:02:04.392+0000][1][gc,heap      ] GC(25) CMS: 63908K->67477K(174784K)
[2019-12-09T07:02:04.392+0000][1][gc,metaspace ] GC(25) Metaspace: 72912K->72912K(1116160K)
[2019-12-09T07:02:04.392+0000][1][gc           ] GC(25) Pause Young (Allocation Failure) 137M->71M(247M) 93.144ms
[2019-12-09T07:02:04.392+0000][1][gc,cpu       ] GC(25) User=0.04s Sys=0.00s Real=0.09s
[2019-12-09T07:02:04.392+0000][1][safepoint    ] Leaving safepoint region
[2019-12-09T07:02:04.392+0000][1][safepoint    ] Total time for which application threads were stopped: 0.0933716 seconds, Stopping threads took: 0.0000224 seconds
[2019-12-09T07:02:04.485+0000][1][safepoint    ] Application time: 0.0924553 seconds
[2019-12-09T07:02:04.485+0000][1][safepoint    ] Entering safepoint region: RevokeBias
[2019-12-09T07:02:04.485+0000][1][safepoint    ] Leaving safepoint region
[2019-12-09T07:02:04.485+0000][1][safepoint    ] Total time for which application threads were stopped: 0.0001900 seconds, Stopping threads took: 0.0000593 seconds
[2019-12-09T07:02:04.499+0000][1][safepoint    ] Application time: 0.0137432 seconds
[2019-12-09T07:02:04.499+0000][1][safepoint    ] Entering safepoint region: RevokeBias
[2019-12-09T07:02:04.499+0000][1][safepoint    ] Leaving safepoint region
[2019-12-09T07:02:04.499+0000][1][safepoint    ] Total time for which application threads were stopped: 0.0001804 seconds, Stopping threads took: 0.0000514 seconds
[2019-12-09T07:02:04.500+0000][1][safepoint    ] Application time: 0.0008152 seconds
[2019-12-09T07:02:04.500+0000][1][safepoint    ] Entering safepoint region: RevokeBias
[2019-12-09T07:02:04.500+0000][1][safepoint    ] Leaving safepoint region
[2019-12-09T07:02:04.500+0000][1][safepoint    ] Total time for which application threads were stopped: 0.0001185 seconds, Stopping threads took: 0.0000164 seconds
[2019-12-09T07:02:04.504+0000][1][safepoint    ] Application time: 0.0039804 seconds
[2019-12-09T07:02:04.504+0000][1][safepoint    ] Entering safepoint region: RevokeBias
[2019-12-09T07:02:04.504+0000][1][safepoint    ] Leaving safepoint region
[2019-12-09T07:02:04.504+0000][1][safepoint    ] Total time for which application threads were stopped: 0.0001029 seconds, Stopping threads took: 0.0000157 seconds
[2019-12-09T07:02:04.504+0000][1][safepoint    ] Application time: 0.0002406 seconds
[2019-12-09T07:02:04.504+0000][1][safepoint    ] Entering safepoint region: RevokeBias
[2019-12-09T07:02:04.504+0000][1][safepoint    ] Leaving safepoint region
[2019-12-09T07:02:04.504+0000][1][safepoint    ] Total time for which application threads were stopped: 0.0000793 seconds, Stopping threads took: 0.0000108 seconds
[2019-12-09T07:02:04.505+0000][1][safepoint    ] Application time: 0.0001854 seconds
[2019-12-09T07:02:04.505+0000][1][safepoint    ] Entering safepoint region: RevokeBias
[2019-12-09T07:02:04.505+0000][1][safepoint    ] Leaving safepoint region
[2019-12-09T07:02:04.505+0000][1][safepoint    ] Total time for which application threads were stopped: 0.0000750 seconds, Stopping threads took: 0.0000106 seconds
[2019-12-09T07:02:04.508+0000][1][safepoint    ] Application time: 0.0029029 seconds
[2019-12-09T07:02:04.508+0000][1][safepoint    ] Entering safepoint region: RevokeBias
[2019-12-09T07:02:04.508+0000][1][safepoint    ] Leaving safepoint region
[2019-12-09T07:02:04.508+0000][1][safepoint    ] Total time for which application threads were stopped: 0.0000908 seconds, Stopping threads took: 0.0000139 seconds
[2019-12-09T07:02:04.722+0000][1][safepoint    ] Application time: 0.2144147 seconds
[2019-12-09T07:02:04.722+0000][1][safepoint    ] Entering safepoint region: RevokeBias
[2019-12-09T07:02:04.722+0000][1][safepoint    ] Leaving safepoint region
[2019-12-09T07:02:04.722+0000][1][safepoint    ] Total time for which application threads were stopped: 0.0001285 seconds, Stopping threads took: 0.0000241 seconds
[2019-12-09T07:02:04.736+0000][1][safepoint    ] Application time: 0.0140381 seconds
[2019-12-09T07:02:04.736+0000][1][safepoint    ] Entering safepoint region: RevokeBias
[2019-12-09T07:02:04.736+0000][1][safepoint    ] Leaving safepoint region
[2019-12-09T07:02:04.736+0000][1][safepoint    ] Total time for which application threads were stopped: 0.0001237 seconds, Stopping threads took: 0.0000205 seconds
[2019-12-09T07:02:04.748+0000][1][safepoint    ] Application time: 0.0112020 seconds
[2019-12-09T07:02:04.748+0000][1][safepoint    ] Entering safepoint region: RevokeBias
[2019-12-09T07:02:04.748+0000][1][safepoint    ] Leaving safepoint region
[2019-12-09T07:02:04.748+0000][1][safepoint    ] Total time for which application threads were stopped: 0.0001232 seconds, Stopping threads took: 0.0000243 seconds
[2019-12-09T07:02:04.803+0000][1][safepoint    ] Application time: 0.0549042 seconds
[2019-12-09T07:02:04.803+0000][1][safepoint    ] Entering safepoint region: RevokeBias
[2019-12-09T07:02:04.803+0000][1][safepoint    ] Leaving safepoint region
[2019-12-09T07:02:04.803+0000][1][safepoint    ] Total time for which application threads were stopped: 0.0001349 seconds, Stopping threads took: 0.0000209 seconds
[2019-12-09T07:02:04.803+0000][1][safepoint    ] Application time: 0.0001360 seconds
[2019-12-09T07:02:04.803+0000][1][safepoint    ] Entering safepoint region: RevokeBias
[2019-12-09T07:02:04.803+0000][1][safepoint    ] Leaving safepoint region
[2019-12-09T07:02:04.803+0000][1][safepoint    ] Total time for which application threads were stopped: 0.0000810 seconds, Stopping threads took: 0.0000116 seconds
[2019-12-09T07:02:04.803+0000][1][safepoint    ] Application time: 0.0000681 seconds
[2019-12-09T07:02:04.803+0000][1][safepoint    ] Entering safepoint region: RevokeBias
[2019-12-09T07:02:04.803+0000][1][safepoint    ] Leaving safepoint region
[2019-12-09T07:02:04.803+0000][1][safepoint    ] Total time for which application threads were stopped: 0.0000600 seconds, Stopping threads took: 0.0000089 seconds
[2019-12-09T07:02:04.803+0000][1][safepoint    ] Application time: 0.0000498 seconds
[2019-12-09T07:02:04.803+0000][1][safepoint    ] Entering safepoint region: RevokeBias
[2019-12-09T07:02:04.803+0000][1][safepoint    ] Leaving safepoint region
[2019-12-09T07:02:04.803+0000][1][safepoint    ] Total time for which application threads were stopped: 0.0000578 seconds, Stopping threads took: 0.0000088 seconds
[2019-12-09T07:02:04.803+0000][1][safepoint    ] Application time: 0.0000486 seconds
[2019-12-09T07:02:04.803+0000][1][safepoint    ] Entering safepoint region: RevokeBias
[2019-12-09T07:02:04.804+0000][1][safepoint    ] Leaving safepoint region
[2019-12-09T07:02:04.804+0000][1][safepoint    ] Total time for which application threads were stopped: 0.0000553 seconds, Stopping threads took: 0.0000087 seconds
[2019-12-09T07:02:04.804+0000][1][safepoint    ] Application time: 0.0000461 seconds
[2019-12-09T07:02:04.804+0000][1][safepoint    ] Entering safepoint region: RevokeBias
[2019-12-09T07:02:04.804+0000][1][safepoint    ] Leaving safepoint region
[2019-12-09T07:02:04.804+0000][1][safepoint    ] Total time for which application threads were stopped: 0.0000537 seconds, Stopping threads took: 0.0000086 seconds
[2019-12-09T07:02:04.804+0000][1][safepoint    ] Application time: 0.0000598 seconds
[2019-12-09T07:02:04.804+0000][1][safepoint    ] Entering safepoint region: RevokeBias
[2019-12-09T07:02:04.804+0000][1][safepoint    ] Leaving safepoint region
[2019-12-09T07:02:04.804+0000][1][safepoint    ] Total time for which application threads were stopped: 0.0000617 seconds, Stopping threads took: 0.0000100 seconds
[2019-12-09T07:02:04.804+0000][1][safepoint    ] Application time: 0.0000472 seconds
[2019-12-09T07:02:04.804+0000][1][safepoint    ] Entering safepoint region: RevokeBias
[2019-12-09T07:02:04.804+0000][1][safepoint    ] Leaving safepoint region
[2019-12-09T07:02:04.804+0000][1][safepoint    ] Total time for which application threads were stopped: 0.0000547 seconds, Stopping threads took: 0.0000084 seconds
[2019-12-09T07:02:04.804+0000][1][safepoint    ] Application time: 0.0000991 seconds
[2019-12-09T07:02:04.804+0000][1][safepoint    ] Entering safepoint region: RevokeBias
[2019-12-09T07:02:04.804+0000][1][safepoint    ] Leaving safepoint region
[2019-12-09T07:02:04.804+0000][1][safepoint    ] Total time for which application threads were stopped: 0.0000626 seconds, Stopping threads took: 0.0000099 seconds
[2019-12-09T07:02:04.855+0000][1][safepoint    ] Application time: 0.0506834 seconds
[2019-12-09T07:02:04.855+0000][1][safepoint    ] Entering safepoint region: RevokeBias
[2019-12-09T07:02:04.855+0000][1][safepoint    ] Leaving safepoint region
[2019-12-09T07:02:04.855+0000][1][safepoint    ] Total time for which application threads were stopped: 0.0001306 seconds, Stopping threads took: 0.0000210 seconds
[2019-12-09T07:02:04.855+0000][1][safepoint    ] Application time: 0.0002400 seconds
[2019-12-09T07:02:04.855+0000][1][safepoint    ] Entering safepoint region: RevokeBias
[2019-12-09T07:02:04.855+0000][1][safepoint    ] Leaving safepoint region
[2019-12-09T07:02:04.855+0000][1][safepoint    ] Total time for which application threads were stopped: 0.0000979 seconds, Stopping threads took: 0.0000164 seconds
[2019-12-09T07:02:05.381+0000][1][safepoint    ] Application time: 0.5257363 seconds
[2019-12-09T07:02:05.381+0000][1][safepoint    ] Entering safepoint region: RevokeBias
[2019-12-09T07:02:05.381+0000][1][safepoint    ] Leaving safepoint region
[2019-12-09T07:02:05.381+0000][1][safepoint    ] Total time for which application threads were stopped: 0.0001535 seconds, Stopping threads took: 0.0000317 seconds
[2019-12-09T07:02:06.003+0000][1][safepoint    ] Application time: 0.6216198 seconds
[2019-12-09T07:02:06.003+0000][1][safepoint    ] Entering safepoint region: RevokeBias
[2019-12-09T07:02:06.003+0000][1][safepoint    ] Leaving safepoint region
[2019-12-09T07:02:06.003+0000][1][safepoint    ] Total time for which application threads were stopped: 0.0001429 seconds, Stopping threads took: 0.0000245 seconds
[2019-12-09T07:02:06.003+0000][1][safepoint    ] Application time: 0.0000752 seconds
[2019-12-09T07:02:06.003+0000][1][safepoint    ] Entering safepoint region: RevokeBias
[2019-12-09T07:02:06.003+0000][1][safepoint    ] Leaving safepoint region
[2019-12-09T07:02:06.003+0000][1][safepoint    ] Total time for which application threads were stopped: 0.0000602 seconds, Stopping threads took: 0.0000090 seconds
[2019-12-09T07:02:07.005+0000][1][safepoint    ] Application time: 1.0015145 seconds
[2019-12-09T07:02:07.005+0000][1][safepoint    ] Entering safepoint region: Cleanup
[2019-12-09T07:02:07.005+0000][1][safepoint    ] Leaving safepoint region
[2019-12-09T07:02:07.005+0000][1][safepoint    ] Total time for which application threads were stopped: 0.0001393 seconds, Stopping threads took: 0.0000282 seconds
[2019-12-09T07:02:08.008+0000][1][safepoint    ] Application time: 1.0028059 seconds
[2019-12-09T07:02:08.008+0000][1][safepoint    ] Entering safepoint region: Cleanup
[2019-12-09T07:02:08.008+0000][1][safepoint    ] Leaving safepoint region
[2019-12-09T07:02:08.008+0000][1][safepoint    ] Total time for which application threads were stopped: 0.0001242 seconds, Stopping threads took: 0.0000275 seconds
[2019-12-09T07:02:09.011+0000][1][safepoint    ] Application time: 1.0028151 seconds
[2019-12-09T07:02:09.011+0000][1][safepoint    ] Entering safepoint region: Cleanup
[2019-12-09T07:02:09.011+0000][1][safepoint    ] Leaving safepoint region
[2019-12-09T07:02:09.011+0000][1][safepoint    ] Total time for which application threads were stopped: 0.0001368 seconds, Stopping threads took: 0.0000298 seconds
[2019-12-09T07:02:10.014+0000][1][safepoint    ] Application time: 1.0028017 seconds
[2019-12-09T07:02:10.014+0000][1][safepoint    ] Entering safepoint region: Cleanup
[2019-12-09T07:02:10.014+0000][1][safepoint    ] Leaving safepoint region
[2019-12-09T07:02:10.014+0000][1][safepoint    ] Total time for which application threads were stopped: 0.0001390 seconds, Stopping threads took: 0.0000306 seconds
[2019-12-09T07:02:11.015+0000][1][safepoint    ] Application time: 1.0007930 seconds
[2019-12-09T07:02:11.015+0000][1][safepoint    ] Entering safepoint region: Cleanup
[2019-12-09T07:02:11.015+0000][1][safepoint    ] Leaving safepoint region
[2019-12-09T07:02:11.015+0000][1][safepoint    ] Total time for which application threads were stopped: 0.0001212 seconds, Stopping threads took: 0.0000275 seconds
[2019-12-09T07:02:12.021+0000][1][safepoint    ] Application time: 1.0058233 seconds
[2019-12-09T07:02:12.021+0000][1][safepoint    ] Entering safepoint region: Cleanup
[2019-12-09T07:02:12.021+0000][1][safepoint    ] Leaving safepoint region
[2019-12-09T07:02:12.021+0000][1][safepoint    ] Total time for which application threads were stopped: 0.0001383 seconds, Stopping threads took: 0.0000280 seconds
[2019-12-09T07:02:13.022+0000][1][safepoint    ] Application time: 1.0008112 seconds
[2019-12-09T07:02:13.022+0000][1][safepoint    ] Entering safepoint region: Cleanup
[2019-12-09T07:02:13.022+0000][1][safepoint    ] Leaving safepoint region
[2019-12-09T07:02:13.022+0000][1][safepoint    ] Total time for which application threads were stopped: 0.0001309 seconds, Stopping threads took: 0.0000290 seconds
[2019-12-09T07:02:14.034+0000][1][safepoint    ] Application time: 1.0124174 seconds
[2019-12-09T07:02:14.034+0000][1][safepoint    ] Entering safepoint region: Cleanup
[2019-12-09T07:02:14.034+0000][1][safepoint    ] Leaving safepoint region
[2019-12-09T07:02:14.035+0000][1][safepoint    ] Total time for which application threads were stopped: 0.0001507 seconds, Stopping threads took: 0.0000363 seconds
[2019-12-09T07:02:15.035+0000][1][safepoint    ] Application time: 1.0002022 seconds
[2019-12-09T07:02:15.035+0000][1][safepoint    ] Entering safepoint region: Cleanup
[2019-12-09T07:02:15.035+0000][1][safepoint    ] Leaving safepoint region
[2019-12-09T07:02:15.035+0000][1][safepoint    ] Total time for which application threads were stopped: 0.0001240 seconds, Stopping threads took: 0.0000262 seconds
[2019-12-09T07:02:16.038+0000][1][safepoint    ] Application time: 1.0028250 seconds
[2019-12-09T07:02:16.038+0000][1][safepoint    ] Entering safepoint region: Cleanup
[2019-12-09T07:02:16.038+0000][1][safepoint    ] Leaving safepoint region
[2019-12-09T07:02:16.038+0000][1][safepoint    ] Total time for which application threads were stopped: 0.0001296 seconds, Stopping threads took: 0.0000267 seconds
[2019-12-09T07:02:17.061+0000][1][safepoint    ] Application time: 1.0232907 seconds
[2019-12-09T07:02:17.061+0000][1][safepoint    ] Entering safepoint region: Cleanup
[2019-12-09T07:02:17.061+0000][1][safepoint    ] Leaving safepoint region
[2019-12-09T07:02:17.061+0000][1][safepoint    ] Total time for which application threads were stopped: 0.0001310 seconds, Stopping threads took: 0.0000270 seconds
[2019-12-09T07:02:18.062+0000][1][safepoint    ] Application time: 1.0003497 seconds
[2019-12-09T07:02:18.062+0000][1][safepoint    ] Entering safepoint region: Cleanup
[2019-12-09T07:02:18.062+0000][1][safepoint    ] Leaving safepoint region
[2019-12-09T07:02:18.062+0000][1][safepoint    ] Total time for which application threads were stopped: 0.0001428 seconds, Stopping threads took: 0.0000273 seconds
[2019-12-09T07:02:18.726+0000][1][safepoint    ] Application time: 0.6640775 seconds
[2019-12-09T07:02:18.726+0000][1][safepoint    ] Entering safepoint region: RevokeBias
[2019-12-09T07:02:18.726+0000][1][safepoint    ] Leaving safepoint region
[2019-12-09T07:02:18.726+0000][1][safepoint    ] Total time for which application threads were stopped: 0.0001571 seconds, Stopping threads took: 0.0000216 seconds
[2019-12-09T07:02:18.773+0000][1][safepoint    ] Application time: 0.0463960 seconds
[2019-12-09T07:02:18.773+0000][1][safepoint    ] Entering safepoint region: RevokeBias
[2019-12-09T07:02:18.773+0000][1][safepoint    ] Leaving safepoint region
[2019-12-09T07:02:18.773+0000][1][safepoint    ] Total time for which application threads were stopped: 0.0001705 seconds, Stopping threads took: 0.0000229 seconds
[2019-12-09T07:02:18.773+0000][1][safepoint    ] Application time: 0.0004668 seconds
[2019-12-09T07:02:18.773+0000][1][safepoint    ] Entering safepoint region: RevokeBias
[2019-12-09T07:02:18.773+0000][1][safepoint    ] Leaving safepoint region
[2019-12-09T07:02:18.773+0000][1][safepoint    ] Total time for which application threads were stopped: 0.0001134 seconds, Stopping threads took: 0.0000188 seconds
[2019-12-09T07:02:18.776+0000][1][safepoint    ] Application time: 0.0020838 seconds
[2019-12-09T07:02:18.776+0000][1][safepoint    ] Entering safepoint region: RevokeBias
[2019-12-09T07:02:18.776+0000][1][safepoint    ] Leaving safepoint region
[2019-12-09T07:02:18.776+0000][1][safepoint    ] Total time for which application threads were stopped: 0.0000856 seconds, Stopping threads took: 0.0000153 seconds
[2019-12-09T07:02:18.790+0000][1][safepoint    ] Application time: 0.0142554 seconds
[2019-12-09T07:02:18.790+0000][1][safepoint    ] Entering safepoint region: RevokeBias
[2019-12-09T07:02:18.790+0000][1][safepoint    ] Leaving safepoint region
[2019-12-09T07:02:18.790+0000][1][safepoint    ] Total time for which application threads were stopped: 0.0001098 seconds, Stopping threads took: 0.0000173 seconds
[2019-12-09T07:02:18.822+0000][1][safepoint    ] Application time: 0.0314754 seconds
[2019-12-09T07:02:18.822+0000][1][safepoint    ] Entering safepoint region: RevokeBias
[2019-12-09T07:02:18.822+0000][1][safepoint    ] Leaving safepoint region
[2019-12-09T07:02:18.822+0000][1][safepoint    ] Total time for which application threads were stopped: 0.0001243 seconds, Stopping threads took: 0.0000224 seconds
[2019-12-09T07:02:18.958+0000][1][safepoint    ] Application time: 0.1361059 seconds
[2019-12-09T07:02:18.958+0000][1][safepoint    ] Entering safepoint region: RevokeBias
[2019-12-09T07:02:18.958+0000][1][safepoint    ] Leaving safepoint region
[2019-12-09T07:02:18.958+0000][1][safepoint    ] Total time for which application threads were stopped: 0.0001484 seconds, Stopping threads took: 0.0000224 seconds
[2019-12-09T07:02:19.010+0000][1][safepoint    ] Application time: 0.0517447 seconds
[2019-12-09T07:02:19.044+0000][1][safepoint    ] Entering safepoint region: RevokeBias
[2019-12-09T07:02:19.044+0000][1][safepoint    ] Leaving safepoint region
[2019-12-09T07:02:19.044+0000][1][safepoint    ] Total time for which application threads were stopped: 0.0341445 seconds, Stopping threads took: 0.0340034 seconds
[2019-12-09T07:02:19.044+0000][1][safepoint    ] Application time: 0.0002250 seconds
[2019-12-09T07:02:19.044+0000][1][safepoint    ] Entering safepoint region: RevokeBias
[2019-12-09T07:02:19.044+0000][1][safepoint    ] Leaving safepoint region
[2019-12-09T07:02:19.044+0000][1][safepoint    ] Total time for which application threads were stopped: 0.0001038 seconds, Stopping threads took: 0.0000155 seconds
[2019-12-09T07:02:19.092+0000][1][safepoint    ] Application time: 0.0479565 seconds
[2019-12-09T07:02:19.098+0000][1][safepoint    ] Entering safepoint region: RevokeBias
[2019-12-09T07:02:19.098+0000][1][safepoint    ] Leaving safepoint region
[2019-12-09T07:02:19.098+0000][1][safepoint    ] Total time for which application threads were stopped: 0.0056602 seconds, Stopping threads took: 0.0055222 seconds
[2019-12-09T07:02:19.099+0000][1][safepoint    ] Application time: 0.0011316 seconds
[2019-12-09T07:02:19.099+0000][1][safepoint    ] Entering safepoint region: RevokeBias
[2019-12-09T07:02:19.099+0000][1][safepoint    ] Leaving safepoint region
[2019-12-09T07:02:19.099+0000][1][safepoint    ] Total time for which application threads were stopped: 0.0001184 seconds, Stopping threads took: 0.0000179 seconds
[2019-12-09T07:02:19.099+0000][1][safepoint    ] Application time: 0.0000666 seconds
[2019-12-09T07:02:19.099+0000][1][safepoint    ] Entering safepoint region: RevokeBias
[2019-12-09T07:02:19.099+0000][1][safepoint    ] Leaving safepoint region
[2019-12-09T07:02:19.099+0000][1][safepoint    ] Total time for which application threads were stopped: 0.0000744 seconds, Stopping threads took: 0.0000099 seconds
[2019-12-09T07:02:19.102+0000][1][safepoint    ] Application time: 0.0022611 seconds
[2019-12-09T07:02:19.102+0000][1][safepoint    ] Entering safepoint region: Deoptimize
[2019-12-09T07:02:19.102+0000][1][safepoint    ] Leaving safepoint region
[2019-12-09T07:02:19.102+0000][1][safepoint    ] Total time for which application threads were stopped: 0.0008656 seconds, Stopping threads took: 0.0000146 seconds
[2019-12-09T07:02:19.319+0000][1][safepoint    ] Application time: 0.2162538 seconds
[2019-12-09T07:02:19.319+0000][1][safepoint    ] Entering safepoint region: RevokeBias
[2019-12-09T07:02:19.319+0000][1][safepoint    ] Leaving safepoint region
[2019-12-09T07:02:19.319+0000][1][safepoint    ] Total time for which application threads were stopped: 0.0003483 seconds, Stopping threads took: 0.0002047 seconds
[2019-12-09T07:02:19.368+0000][1][safepoint    ] Application time: 0.0486712 seconds
[2019-12-09T07:02:19.368+0000][1][safepoint    ] Entering safepoint region: RevokeBias
[2019-12-09T07:02:19.368+0000][1][safepoint    ] Leaving safepoint region
[2019-12-09T07:02:19.368+0000][1][safepoint    ] Total time for which application threads were stopped: 0.0001970 seconds, Stopping threads took: 0.0000649 seconds
[2019-12-09T07:02:19.437+0000][1][safepoint    ] Application time: 0.0685084 seconds
[2019-12-09T07:02:19.437+0000][1][safepoint    ] Entering safepoint region: RevokeBias
[2019-12-09T07:02:19.437+0000][1][safepoint    ] Leaving safepoint region
[2019-12-09T07:02:19.437+0000][1][safepoint    ] Total time for which application threads were stopped: 0.0002148 seconds, Stopping threads took: 0.0000688 seconds
[2019-12-09T07:02:19.445+0000][1][safepoint    ] Application time: 0.0077363 seconds
[2019-12-09T07:02:19.445+0000][1][safepoint    ] Entering safepoint region: RevokeBias
[2019-12-09T07:02:19.445+0000][1][safepoint    ] Leaving safepoint region
[2019-12-09T07:02:19.445+0000][1][safepoint    ] Total time for which application threads were stopped: 0.0001657 seconds, Stopping threads took: 0.0000490 seconds
[2019-12-09T07:02:19.458+0000][1][safepoint    ] Application time: 0.0129616 seconds
[2019-12-09T07:02:19.458+0000][1][safepoint    ] Entering safepoint region: RevokeBias
[2019-12-09T07:02:19.458+0000][1][safepoint    ] Leaving safepoint region
[2019-12-09T07:02:19.458+0000][1][safepoint    ] Total time for which application threads were stopped: 0.0005817 seconds, Stopping threads took: 0.0004650 seconds
[2019-12-09T07:02:19.490+0000][1][safepoint    ] Application time: 0.0315495 seconds
[2019-12-09T07:02:19.490+0000][1][safepoint    ] Entering safepoint region: RevokeBias
[2019-12-09T07:02:19.490+0000][1][safepoint    ] Leaving safepoint region
[2019-12-09T07:02:19.490+0000][1][safepoint    ] Total time for which application threads were stopped: 0.0001730 seconds, Stopping threads took: 0.0000554 seconds
[2019-12-09T07:02:19.509+0000][1][safepoint    ] Application time: 0.0184665 seconds
[2019-12-09T07:02:19.509+0000][1][safepoint    ] Entering safepoint region: RevokeBias
[2019-12-09T07:02:19.509+0000][1][safepoint    ] Leaving safepoint region
[2019-12-09T07:02:19.509+0000][1][safepoint    ] Total time for which application threads were stopped: 0.0002055 seconds, Stopping threads took: 0.0000667 seconds
[2019-12-09T07:02:19.553+0000][1][safepoint    ] Application time: 0.0445338 seconds
[2019-12-09T07:02:19.559+0000][1][safepoint    ] Entering safepoint region: RevokeBias
[2019-12-09T07:02:19.559+0000][1][safepoint    ] Leaving safepoint region
[2019-12-09T07:02:19.559+0000][1][safepoint    ] Total time for which application threads were stopped: 0.0055823 seconds, Stopping threads took: 0.0054210 seconds
[2019-12-09T07:02:19.619+0000][1][safepoint    ] Application time: 0.0597316 seconds
[2019-12-09T07:02:19.619+0000][1][safepoint    ] Entering safepoint region: RevokeBias
[2019-12-09T07:02:19.619+0000][1][safepoint    ] Leaving safepoint region
[2019-12-09T07:02:19.619+0000][1][safepoint    ] Total time for which application threads were stopped: 0.0001713 seconds, Stopping threads took: 0.0000383 seconds
[2019-12-09T07:02:19.622+0000][1][safepoint    ] Application time: 0.0027972 seconds
[2019-12-09T07:02:19.622+0000][1][safepoint    ] Entering safepoint region: RevokeBias
[2019-12-09T07:02:19.622+0000][1][safepoint    ] Leaving safepoint region
[2019-12-09T07:02:19.622+0000][1][safepoint    ] Total time for which application threads were stopped: 0.0001127 seconds, Stopping threads took: 0.0000184 seconds
[2019-12-09T07:02:19.622+0000][1][safepoint    ] Application time: 0.0005395 seconds
[2019-12-09T07:02:19.622+0000][1][safepoint    ] Entering safepoint region: RevokeBias
[2019-12-09T07:02:19.623+0000][1][safepoint    ] Leaving safepoint region
[2019-12-09T07:02:19.623+0000][1][safepoint    ] Total time for which application threads were stopped: 0.0001063 seconds, Stopping threads took: 0.0000176 seconds
[2019-12-09T07:02:19.624+0000][1][safepoint    ] Application time: 0.0012568 seconds
[2019-12-09T07:02:19.624+0000][1][safepoint    ] Entering safepoint region: RevokeBias
[2019-12-09T07:02:19.624+0000][1][safepoint    ] Leaving safepoint region
[2019-12-09T07:02:19.624+0000][1][safepoint    ] Total time for which application threads were stopped: 0.0000963 seconds, Stopping threads took: 0.0000163 seconds
[2019-12-09T07:02:19.952+0000][1][safepoint    ] Application time: 0.3280915 seconds
[2019-12-09T07:02:19.952+0000][1][safepoint    ] Entering safepoint region: RevokeBias
[2019-12-09T07:02:19.952+0000][1][safepoint    ] Leaving safepoint region
[2019-12-09T07:02:19.952+0000][1][safepoint    ] Total time for which application threads were stopped: 0.0001605 seconds, Stopping threads took: 0.0000245 seconds
[2019-12-09T07:02:20.132+0000][1][safepoint    ] Application time: 0.1793731 seconds
[2019-12-09T07:02:20.132+0000][1][safepoint    ] Entering safepoint region: RevokeBias
[2019-12-09T07:02:20.132+0000][1][safepoint    ] Leaving safepoint region
[2019-12-09T07:02:20.132+0000][1][safepoint    ] Total time for which application threads were stopped: 0.0001555 seconds, Stopping threads took: 0.0000216 seconds
[2019-12-09T07:02:20.132+0000][1][safepoint    ] Application time: 0.0001876 seconds
[2019-12-09T07:02:20.132+0000][1][safepoint    ] Entering safepoint region: RevokeBias
[2019-12-09T07:02:20.132+0000][1][safepoint    ] Leaving safepoint region
[2019-12-09T07:02:20.132+0000][1][safepoint    ] Total time for which application threads were stopped: 0.0000881 seconds, Stopping threads took: 0.0000113 seconds
[2019-12-09T07:02:20.138+0000][1][safepoint    ] Application time: 0.0059125 seconds
[2019-12-09T07:02:20.138+0000][1][safepoint    ] Entering safepoint region: RevokeBias
[2019-12-09T07:02:20.138+0000][1][safepoint    ] Leaving safepoint region
[2019-12-09T07:02:20.138+0000][1][safepoint    ] Total time for which application threads were stopped: 0.0001091 seconds, Stopping threads took: 0.0000172 seconds
[2019-12-09T07:02:20.162+0000][1][safepoint    ] Application time: 0.0234322 seconds
[2019-12-09T07:02:20.162+0000][1][safepoint    ] Entering safepoint region: RevokeBias
[2019-12-09T07:02:20.162+0000][1][safepoint    ] Leaving safepoint region
[2019-12-09T07:02:20.162+0000][1][safepoint    ] Total time for which application threads were stopped: 0.0001599 seconds, Stopping threads took: 0.0000201 seconds
[2019-12-09T07:02:20.165+0000][1][safepoint    ] Application time: 0.0029569 seconds
[2019-12-09T07:02:20.165+0000][1][safepoint    ] Entering safepoint region: RevokeBias
[2019-12-09T07:02:20.165+0000][1][safepoint    ] Leaving safepoint region
[2019-12-09T07:02:20.165+0000][1][safepoint    ] Total time for which application threads were stopped: 0.0001178 seconds, Stopping threads took: 0.0000195 seconds
[2019-12-09T07:02:20.168+0000][1][safepoint    ] Application time: 0.0031165 seconds
[2019-12-09T07:02:20.168+0000][1][safepoint    ] Entering safepoint region: RevokeBias
[2019-12-09T07:02:20.168+0000][1][safepoint    ] Leaving safepoint region
[2019-12-09T07:02:20.168+0000][1][safepoint    ] Total time for which application threads were stopped: 0.0001060 seconds, Stopping threads took: 0.0000160 seconds
[2019-12-09T07:02:20.187+0000][1][safepoint    ] Application time: 0.0190488 seconds
[2019-12-09T07:02:20.203+0000][1][safepoint    ] Entering safepoint region: RevokeBias
[2019-12-09T07:02:20.203+0000][1][safepoint    ] Leaving safepoint region
[2019-12-09T07:02:20.203+0000][1][safepoint    ] Total time for which application threads were stopped: 0.0156851 seconds, Stopping threads took: 0.0155496 seconds
[2019-12-09T07:02:20.207+0000][1][safepoint    ] Application time: 0.0044697 seconds
[2019-12-09T07:02:20.207+0000][1][safepoint    ] Entering safepoint region: RevokeBias
[2019-12-09T07:02:20.208+0000][1][safepoint    ] Leaving safepoint region
[2019-12-09T07:02:20.208+0000][1][safepoint    ] Total time for which application threads were stopped: 0.0001180 seconds, Stopping threads took: 0.0000156 seconds
[2019-12-09T07:02:20.210+0000][1][safepoint    ] Application time: 0.0022568 seconds
[2019-12-09T07:02:20.228+0000][1][safepoint    ] Entering safepoint region: RevokeBias
[2019-12-09T07:02:20.228+0000][1][safepoint    ] Leaving safepoint region
[2019-12-09T07:02:20.228+0000][1][safepoint    ] Total time for which application threads were stopped: 0.0180588 seconds, Stopping threads took: 0.0179368 seconds
[2019-12-09T07:02:20.239+0000][1][safepoint    ] Application time: 0.0113732 seconds
[2019-12-09T07:02:20.261+0000][1][safepoint    ] Entering safepoint region: RevokeBias
[2019-12-09T07:02:20.261+0000][1][safepoint    ] Leaving safepoint region
[2019-12-09T07:02:20.261+0000][1][safepoint    ] Total time for which application threads were stopped: 0.0216215 seconds, Stopping threads took: 0.0214962 seconds
[2019-12-09T07:02:20.273+0000][1][safepoint    ] Application time: 0.0120658 seconds
[2019-12-09T07:02:20.273+0000][1][safepoint    ] Entering safepoint region: RevokeBias
[2019-12-09T07:02:20.273+0000][1][safepoint    ] Leaving safepoint region
[2019-12-09T07:02:20.273+0000][1][safepoint    ] Total time for which application threads were stopped: 0.0001716 seconds, Stopping threads took: 0.0000611 seconds
[2019-12-09T07:02:20.279+0000][1][safepoint    ] Application time: 0.0054101 seconds
[2019-12-09T07:02:20.279+0000][1][safepoint    ] Entering safepoint region: RevokeBias
[2019-12-09T07:02:20.279+0000][1][safepoint    ] Leaving safepoint region
[2019-12-09T07:02:20.279+0000][1][safepoint    ] Total time for which application threads were stopped: 0.0001855 seconds, Stopping threads took: 0.0000603 seconds
[2019-12-09T07:02:20.289+0000][1][safepoint    ] Application time: 0.0103691 seconds
[2019-12-09T07:02:20.289+0000][1][safepoint    ] Entering safepoint region: RevokeBias
[2019-12-09T07:02:20.289+0000][1][safepoint    ] Leaving safepoint region
[2019-12-09T07:02:20.289+0000][1][safepoint    ] Total time for which application threads were stopped: 0.0001695 seconds, Stopping threads took: 0.0000639 seconds
[2019-12-09T07:02:20.291+0000][1][safepoint    ] Application time: 0.0013905 seconds
[2019-12-09T07:02:20.291+0000][1][safepoint    ] Entering safepoint region: GenCollectForAllocation
[2019-12-09T07:02:20.291+0000][1][gc,start     ] GC(26) Pause Young (Allocation Failure)
[2019-12-09T07:02:20.291+0000][1][gc,task      ] GC(26) Using 2 workers of 2 for evacuation
[2019-12-09T07:02:20.328+0000][1][gc,age       ] GC(26) Desired survivor size 4456448 bytes, new threshold 2 (max threshold 6)
[2019-12-09T07:02:20.328+0000][1][gc,age       ] GC(26) Age table with threshold 2 (max threshold 6)
[2019-12-09T07:02:20.328+0000][1][gc,age       ] GC(26) - age   1:    3884248 bytes,    3884248 total
[2019-12-09T07:02:20.328+0000][1][gc,age       ] GC(26) - age   2:    1571280 bytes,    5455528 total
[2019-12-09T07:02:20.328+0000][1][gc,age       ] GC(26) - age   3:    1945144 bytes,    7400672 total
[2019-12-09T07:02:20.328+0000][1][gc,heap      ] GC(26) ParNew: 75755K->8311K(78656K)
[2019-12-09T07:02:20.328+0000][1][gc,heap      ] GC(26) CMS: 67477K->67477K(174784K)
[2019-12-09T07:02:20.328+0000][1][gc,metaspace ] GC(26) Metaspace: 76508K->76508K(1118208K)
[2019-12-09T07:02:20.328+0000][1][gc           ] GC(26) Pause Young (Allocation Failure) 139M->74M(247M) 37.003ms
[2019-12-09T07:02:20.328+0000][1][gc,cpu       ] GC(26) User=0.02s Sys=0.00s Real=0.04s
[2019-12-09T07:02:20.328+0000][1][safepoint    ] Leaving safepoint region
[2019-12-09T07:02:20.328+0000][1][safepoint    ] Total time for which application threads were stopped: 0.0372062 seconds, Stopping threads took: 0.0000157 seconds
[2019-12-09T07:02:20.332+0000][1][safepoint    ] Application time: 0.0037357 seconds
[2019-12-09T07:02:20.332+0000][1][safepoint    ] Entering safepoint region: RevokeBias
[2019-12-09T07:02:20.332+0000][1][safepoint    ] Leaving safepoint region
[2019-12-09T07:02:20.332+0000][1][safepoint    ] Total time for which application threads were stopped: 0.0001396 seconds, Stopping threads took: 0.0000206 seconds
[2019-12-09T07:02:20.339+0000][1][safepoint    ] Application time: 0.0071850 seconds
[2019-12-09T07:02:20.339+0000][1][safepoint    ] Entering safepoint region: RevokeBias
[2019-12-09T07:02:20.339+0000][1][safepoint    ] Leaving safepoint region
[2019-12-09T07:02:20.339+0000][1][safepoint    ] Total time for which application threads were stopped: 0.0001527 seconds, Stopping threads took: 0.0000492 seconds
[2019-12-09T07:02:20.366+0000][1][safepoint    ] Application time: 0.0263923 seconds
[2019-12-09T07:02:20.366+0000][1][safepoint    ] Entering safepoint region: RevokeBias
[2019-12-09T07:02:20.366+0000][1][safepoint    ] Leaving safepoint region
[2019-12-09T07:02:20.366+0000][1][safepoint    ] Total time for which application threads were stopped: 0.0001389 seconds, Stopping threads took: 0.0000214 seconds
[2019-12-09T07:02:20.390+0000][1][safepoint    ] Application time: 0.0246422 seconds
[2019-12-09T07:02:20.409+0000][1][safepoint    ] Entering safepoint region: RevokeBias
[2019-12-09T07:02:20.409+0000][1][safepoint    ] Leaving safepoint region
[2019-12-09T07:02:20.409+0000][1][safepoint    ] Total time for which application threads were stopped: 0.0184185 seconds, Stopping threads took: 0.0182145 seconds
[2019-12-09T07:02:20.413+0000][1][safepoint    ] Application time: 0.0039226 seconds
[2019-12-09T07:02:20.420+0000][1][safepoint    ] Entering safepoint region: RevokeBias
[2019-12-09T07:02:20.420+0000][1][safepoint    ] Leaving safepoint region
[2019-12-09T07:02:20.420+0000][1][safepoint    ] Total time for which application threads were stopped: 0.0069367 seconds, Stopping threads took: 0.0068351 seconds
[2019-12-09T07:02:20.432+0000][1][safepoint    ] Application time: 0.0121319 seconds
[2019-12-09T07:02:20.433+0000][1][safepoint    ] Entering safepoint region: RevokeBias
[2019-12-09T07:02:20.433+0000][1][safepoint    ] Leaving safepoint region
[2019-12-09T07:02:20.433+0000][1][safepoint    ] Total time for which application threads were stopped: 0.0010260 seconds, Stopping threads took: 0.0008893 seconds
[2019-12-09T07:02:20.434+0000][1][safepoint    ] Application time: 0.0009902 seconds
[2019-12-09T07:02:20.434+0000][1][safepoint    ] Entering safepoint region: RevokeBias
[2019-12-09T07:02:20.434+0000][1][safepoint    ] Leaving safepoint region
[2019-12-09T07:02:20.434+0000][1][safepoint    ] Total time for which application threads were stopped: 0.0001304 seconds, Stopping threads took: 0.0000164 seconds
[2019-12-09T07:02:20.434+0000][1][safepoint    ] Application time: 0.0001850 seconds
[2019-12-09T07:02:20.434+0000][1][safepoint    ] Entering safepoint region: RevokeBias
[2019-12-09T07:02:20.434+0000][1][safepoint    ] Leaving safepoint region
[2019-12-09T07:02:20.434+0000][1][safepoint    ] Total time for which application threads were stopped: 0.0001142 seconds, Stopping threads took: 0.0000122 seconds
[2019-12-09T07:02:20.469+0000][1][safepoint    ] Application time: 0.0346711 seconds
[2019-12-09T07:02:20.495+0000][1][safepoint    ] Entering safepoint region: RevokeBias
[2019-12-09T07:02:20.495+0000][1][safepoint    ] Leaving safepoint region
[2019-12-09T07:02:20.495+0000][1][safepoint    ] Total time for which application threads were stopped: 0.0257498 seconds, Stopping threads took: 0.0255611 seconds
[2019-12-09T07:02:20.570+0000][1][safepoint    ] Application time: 0.0752468 seconds
[2019-12-09T07:02:20.570+0000][1][safepoint    ] Entering safepoint region: RevokeBias
[2019-12-09T07:02:20.570+0000][1][safepoint    ] Leaving safepoint region
[2019-12-09T07:02:20.570+0000][1][safepoint    ] Total time for which application threads were stopped: 0.0001669 seconds, Stopping threads took: 0.0000242 seconds
[2019-12-09T07:02:20.579+0000][1][safepoint    ] Application time: 0.0085307 seconds
[2019-12-09T07:02:20.579+0000][1][safepoint    ] Entering safepoint region: RevokeBias
[2019-12-09T07:02:20.579+0000][1][safepoint    ] Leaving safepoint region
[2019-12-09T07:02:20.579+0000][1][safepoint    ] Total time for which application threads were stopped: 0.0001430 seconds, Stopping threads took: 0.0000212 seconds
[2019-12-09T07:02:20.582+0000][1][safepoint    ] Application time: 0.0028310 seconds
[2019-12-09T07:02:20.582+0000][1][safepoint    ] Entering safepoint region: RevokeBias
[2019-12-09T07:02:20.582+0000][1][safepoint    ] Leaving safepoint region
[2019-12-09T07:02:20.582+0000][1][safepoint    ] Total time for which application threads were stopped: 0.0001210 seconds, Stopping threads took: 0.0000210 seconds
[2019-12-09T07:02:20.582+0000][1][safepoint    ] Application time: 0.0000531 seconds
[2019-12-09T07:02:20.582+0000][1][safepoint    ] Entering safepoint region: BulkRevokeBias
[2019-12-09T07:02:20.583+0000][1][safepoint    ] Leaving safepoint region
[2019-12-09T07:02:20.583+0000][1][safepoint    ] Total time for which application threads were stopped: 0.0005648 seconds, Stopping threads took: 0.0000091 seconds
[2019-12-09T07:02:20.769+0000][1][safepoint    ] Application time: 0.1864198 seconds
[2019-12-09T07:02:20.769+0000][1][safepoint    ] Entering safepoint region: RevokeBias
[2019-12-09T07:02:20.769+0000][1][safepoint    ] Leaving safepoint region
[2019-12-09T07:02:20.769+0000][1][safepoint    ] Total time for which application threads were stopped: 0.0001661 seconds, Stopping threads took: 0.0000266 seconds
[2019-12-09T07:02:20.901+0000][1][safepoint    ] Application time: 0.1320769 seconds
[2019-12-09T07:02:20.901+0000][1][safepoint    ] Entering safepoint region: RevokeBias
[2019-12-09T07:02:20.902+0000][1][safepoint    ] Leaving safepoint region
[2019-12-09T07:02:20.902+0000][1][safepoint    ] Total time for which application threads were stopped: 0.0001570 seconds, Stopping threads took: 0.0000224 seconds
[2019-12-09T07:02:20.920+0000][1][safepoint    ] Application time: 0.0183523 seconds
[2019-12-09T07:02:20.920+0000][1][safepoint    ] Entering safepoint region: RevokeBias
[2019-12-09T07:02:20.920+0000][1][safepoint    ] Leaving safepoint region
[2019-12-09T07:02:20.920+0000][1][safepoint    ] Total time for which application threads were stopped: 0.0001477 seconds, Stopping threads took: 0.0000230 seconds
[2019-12-09T07:02:20.924+0000][1][safepoint    ] Application time: 0.0039196 seconds
[2019-12-09T07:02:20.924+0000][1][safepoint    ] Entering safepoint region: RevokeBias
[2019-12-09T07:02:20.924+0000][1][safepoint    ] Leaving safepoint region
[2019-12-09T07:02:20.924+0000][1][safepoint    ] Total time for which application threads were stopped: 0.0001338 seconds, Stopping threads took: 0.0000188 seconds
[2019-12-09T07:02:21.177+0000][1][safepoint    ] Application time: 0.2525824 seconds
[2019-12-09T07:02:21.177+0000][1][safepoint    ] Entering safepoint region: RevokeBias
[2019-12-09T07:02:21.177+0000][1][safepoint    ] Leaving safepoint region
[2019-12-09T07:02:21.177+0000][1][safepoint    ] Total time for which application threads were stopped: 0.0001562 seconds, Stopping threads took: 0.0000218 seconds
[2019-12-09T07:02:21.181+0000][1][safepoint    ] Application time: 0.0042174 seconds
[2019-12-09T07:02:21.181+0000][1][safepoint    ] Entering safepoint region: RevokeBias
[2019-12-09T07:02:21.181+0000][1][safepoint    ] Leaving safepoint region
[2019-12-09T07:02:21.181+0000][1][safepoint    ] Total time for which application threads were stopped: 0.0001262 seconds, Stopping threads took: 0.0000197 seconds
[2019-12-09T07:02:21.470+0000][1][safepoint    ] Application time: 0.2885170 seconds
[2019-12-09T07:02:21.470+0000][1][safepoint    ] Entering safepoint region: RevokeBias
[2019-12-09T07:02:21.470+0000][1][safepoint    ] Leaving safepoint region
[2019-12-09T07:02:21.470+0000][1][safepoint    ] Total time for which application threads were stopped: 0.0001576 seconds, Stopping threads took: 0.0000258 seconds
[2019-12-09T07:02:22.006+0000][1][safepoint    ] Application time: 0.5355258 seconds
[2019-12-09T07:02:22.006+0000][1][safepoint    ] Entering safepoint region: RevokeBias
[2019-12-09T07:02:22.006+0000][1][safepoint    ] Leaving safepoint region
[2019-12-09T07:02:22.006+0000][1][safepoint    ] Total time for which application threads were stopped: 0.0002102 seconds, Stopping threads took: 0.0000227 seconds
[2019-12-09T07:02:22.009+0000][1][safepoint    ] Application time: 0.0026763 seconds
[2019-12-09T07:02:22.009+0000][1][safepoint    ] Entering safepoint region: RevokeBias
[2019-12-09T07:02:22.009+0000][1][safepoint    ] Leaving safepoint region
[2019-12-09T07:02:22.009+0000][1][safepoint    ] Total time for which application threads were stopped: 0.0001283 seconds, Stopping threads took: 0.0000183 seconds
[2019-12-09T07:02:22.009+0000][1][safepoint    ] Application time: 0.0004178 seconds
[2019-12-09T07:02:22.009+0000][1][safepoint    ] Entering safepoint region: RevokeBias
[2019-12-09T07:02:22.009+0000][1][safepoint    ] Leaving safepoint region
[2019-12-09T07:02:22.009+0000][1][safepoint    ] Total time for which application threads were stopped: 0.0001043 seconds, Stopping threads took: 0.0000145 seconds
[2019-12-09T07:02:22.010+0000][1][safepoint    ] Application time: 0.0006475 seconds
[2019-12-09T07:02:22.010+0000][1][safepoint    ] Entering safepoint region: RevokeBias
[2019-12-09T07:02:22.010+0000][1][safepoint    ] Leaving safepoint region
[2019-12-09T07:02:22.010+0000][1][safepoint    ] Total time for which application threads were stopped: 0.0000974 seconds, Stopping threads took: 0.0000157 seconds
[2019-12-09T07:02:22.010+0000][1][safepoint    ] Application time: 0.0000680 seconds
[2019-12-09T07:02:22.010+0000][1][safepoint    ] Entering safepoint region: RevokeBias
[2019-12-09T07:02:22.010+0000][1][safepoint    ] Leaving safepoint region
[2019-12-09T07:02:22.010+0000][1][safepoint    ] Total time for which application threads were stopped: 0.0000781 seconds, Stopping threads took: 0.0000106 seconds
[2019-12-09T07:02:22.011+0000][1][safepoint    ] Application time: 0.0002826 seconds
[2019-12-09T07:02:22.011+0000][1][safepoint    ] Entering safepoint region: RevokeBias
[2019-12-09T07:02:22.011+0000][1][safepoint    ] Leaving safepoint region
[2019-12-09T07:02:22.011+0000][1][safepoint    ] Total time for which application threads were stopped: 0.0000802 seconds, Stopping threads took: 0.0000116 seconds
[2019-12-09T07:02:22.015+0000][1][safepoint    ] Application time: 0.0040029 seconds
[2019-12-09T07:02:22.015+0000][1][safepoint    ] Entering safepoint region: RevokeBias
[2019-12-09T07:02:22.015+0000][1][safepoint    ] Leaving safepoint region
[2019-12-09T07:02:22.015+0000][1][safepoint    ] Total time for which application threads were stopped: 0.0002039 seconds, Stopping threads took: 0.0001108 seconds
[2019-12-09T07:02:22.017+0000][1][safepoint    ] Application time: 0.0016828 seconds
[2019-12-09T07:02:22.017+0000][1][safepoint    ] Entering safepoint region: RevokeBias
[2019-12-09T07:02:22.017+0000][1][safepoint    ] Leaving safepoint region
[2019-12-09T07:02:22.017+0000][1][safepoint    ] Total time for which application threads were stopped: 0.0001109 seconds, Stopping threads took: 0.0000155 seconds
[2019-12-09T07:02:22.020+0000][1][safepoint    ] Application time: 0.0031084 seconds
[2019-12-09T07:02:22.020+0000][1][safepoint    ] Entering safepoint region: RevokeBias
[2019-12-09T07:02:22.020+0000][1][safepoint    ] Leaving safepoint region
[2019-12-09T07:02:22.020+0000][1][safepoint    ] Total time for which application threads were stopped: 0.0001007 seconds, Stopping threads took: 0.0000137 seconds
[2019-12-09T07:02:22.070+0000][1][safepoint    ] Application time: 0.0497517 seconds
[2019-12-09T07:02:22.070+0000][1][safepoint    ] Entering safepoint region: RevokeBias
[2019-12-09T07:02:22.070+0000][1][safepoint    ] Leaving safepoint region
[2019-12-09T07:02:22.070+0000][1][safepoint    ] Total time for which application threads were stopped: 0.0001736 seconds, Stopping threads took: 0.0000266 seconds
[2019-12-09T07:02:22.074+0000][1][safepoint    ] Application time: 0.0037805 seconds
[2019-12-09T07:02:22.074+0000][1][safepoint    ] Entering safepoint region: RevokeBias
[2019-12-09T07:02:22.074+0000][1][safepoint    ] Leaving safepoint region
[2019-12-09T07:02:22.074+0000][1][safepoint    ] Total time for which application threads were stopped: 0.0001515 seconds, Stopping threads took: 0.0000235 seconds
[2019-12-09T07:02:22.082+0000][1][safepoint    ] Application time: 0.0077842 seconds
[2019-12-09T07:02:22.082+0000][1][safepoint    ] Entering safepoint region: RevokeBias
[2019-12-09T07:02:22.082+0000][1][safepoint    ] Leaving safepoint region
[2019-12-09T07:02:22.082+0000][1][safepoint    ] Total time for which application threads were stopped: 0.0001417 seconds, Stopping threads took: 0.0000240 seconds
[2019-12-09T07:02:22.094+0000][1][safepoint    ] Application time: 0.0118344 seconds
[2019-12-09T07:02:22.094+0000][1][safepoint    ] Entering safepoint region: RevokeBias
[2019-12-09T07:02:22.094+0000][1][safepoint    ] Leaving safepoint region
[2019-12-09T07:02:22.094+0000][1][safepoint    ] Total time for which application threads were stopped: 0.0001305 seconds, Stopping threads took: 0.0000221 seconds
[2019-12-09T07:02:22.549+0000][1][safepoint    ] Application time: 0.4548355 seconds
[2019-12-09T07:02:22.549+0000][1][safepoint    ] Entering safepoint region: RevokeBias
[2019-12-09T07:02:22.549+0000][1][safepoint    ] Leaving safepoint region
[2019-12-09T07:02:22.549+0000][1][safepoint    ] Total time for which application threads were stopped: 0.0001780 seconds, Stopping threads took: 0.0000286 seconds
[2019-12-09T07:02:22.549+0000][1][safepoint    ] Application time: 0.0001401 seconds
[2019-12-09T07:02:22.549+0000][1][safepoint    ] Entering safepoint region: RevokeBias
[2019-12-09T07:02:22.549+0000][1][safepoint    ] Leaving safepoint region
[2019-12-09T07:02:22.549+0000][1][safepoint    ] Total time for which application threads were stopped: 0.0000945 seconds, Stopping threads took: 0.0000137 seconds
[2019-12-09T07:02:22.550+0000][1][safepoint    ] Application time: 0.0009216 seconds
[2019-12-09T07:02:22.550+0000][1][safepoint    ] Entering safepoint region: RevokeBias
[2019-12-09T07:02:22.550+0000][1][safepoint    ] Leaving safepoint region
[2019-12-09T07:02:22.550+0000][1][safepoint    ] Total time for which application threads were stopped: 0.0001220 seconds, Stopping threads took: 0.0000205 seconds
[2019-12-09T07:02:22.554+0000][1][safepoint    ] Application time: 0.0033733 seconds
[2019-12-09T07:02:22.554+0000][1][safepoint    ] Entering safepoint region: RevokeBias
[2019-12-09T07:02:22.554+0000][1][safepoint    ] Leaving safepoint region
[2019-12-09T07:02:22.554+0000][1][safepoint    ] Total time for which application threads were stopped: 0.0001014 seconds, Stopping threads took: 0.0000182 seconds
[2019-12-09T07:02:22.554+0000][1][safepoint    ] Application time: 0.0002183 seconds
[2019-12-09T07:02:22.554+0000][1][safepoint    ] Entering safepoint region: RevokeBias
[2019-12-09T07:02:22.554+0000][1][safepoint    ] Leaving safepoint region
[2019-12-09T07:02:22.554+0000][1][safepoint    ] Total time for which application threads were stopped: 0.0000923 seconds, Stopping threads took: 0.0000129 seconds
[2019-12-09T07:02:22.554+0000][1][safepoint    ] Application time: 0.0001582 seconds
[2019-12-09T07:02:22.554+0000][1][safepoint    ] Entering safepoint region: RevokeBias
[2019-12-09T07:02:22.554+0000][1][safepoint    ] Leaving safepoint region
[2019-12-09T07:02:22.554+0000][1][safepoint    ] Total time for which application threads were stopped: 0.0000924 seconds, Stopping threads took: 0.0000117 seconds
[2019-12-09T07:02:22.554+0000][1][safepoint    ] Application time: 0.0000806 seconds
[2019-12-09T07:02:22.555+0000][1][safepoint    ] Entering safepoint region: RevokeBias
[2019-12-09T07:02:22.555+0000][1][safepoint    ] Leaving safepoint region
[2019-12-09T07:02:22.555+0000][1][safepoint    ] Total time for which application threads were stopped: 0.0000819 seconds, Stopping threads took: 0.0000105 seconds
[2019-12-09T07:02:22.589+0000][1][safepoint    ] Application time: 0.0341065 seconds
[2019-12-09T07:02:22.589+0000][1][safepoint    ] Entering safepoint region: RevokeBias
[2019-12-09T07:02:22.589+0000][1][safepoint    ] Leaving safepoint region
[2019-12-09T07:02:22.589+0000][1][safepoint    ] Total time for which application threads were stopped: 0.0001411 seconds, Stopping threads took: 0.0000238 seconds
[2019-12-09T07:02:22.593+0000][1][safepoint    ] Application time: 0.0042078 seconds
[2019-12-09T07:02:22.593+0000][1][safepoint    ] Entering safepoint region: RevokeBias
[2019-12-09T07:02:22.593+0000][1][safepoint    ] Leaving safepoint region
[2019-12-09T07:02:22.593+0000][1][safepoint    ] Total time for which application threads were stopped: 0.0001184 seconds, Stopping threads took: 0.0000187 seconds
[2019-12-09T07:02:22.594+0000][1][safepoint    ] Application time: 0.0006909 seconds
[2019-12-09T07:02:22.594+0000][1][safepoint    ] Entering safepoint region: RevokeBias
[2019-12-09T07:02:22.594+0000][1][safepoint    ] Leaving safepoint region
[2019-12-09T07:02:22.594+0000][1][safepoint    ] Total time for which application threads were stopped: 0.0001070 seconds, Stopping threads took: 0.0000173 seconds
[2019-12-09T07:02:22.609+0000][1][safepoint    ] Application time: 0.0150479 seconds
[2019-12-09T07:02:22.609+0000][1][safepoint    ] Entering safepoint region: RevokeBias
[2019-12-09T07:02:22.609+0000][1][safepoint    ] Leaving safepoint region
[2019-12-09T07:02:22.609+0000][1][safepoint    ] Total time for which application threads were stopped: 0.0001267 seconds, Stopping threads took: 0.0000199 seconds
[2019-12-09T07:02:22.616+0000][1][safepoint    ] Application time: 0.0070818 seconds
[2019-12-09T07:02:22.616+0000][1][safepoint    ] Entering safepoint region: RevokeBias
[2019-12-09T07:02:22.616+0000][1][safepoint    ] Leaving safepoint region
[2019-12-09T07:02:22.617+0000][1][safepoint    ] Total time for which application threads were stopped: 0.0001248 seconds, Stopping threads took: 0.0000170 seconds
[2019-12-09T07:02:22.623+0000][1][safepoint    ] Application time: 0.0063367 seconds
[2019-12-09T07:02:22.624+0000][1][safepoint    ] Entering safepoint region: RevokeBias
[2019-12-09T07:02:22.624+0000][1][safepoint    ] Leaving safepoint region
[2019-12-09T07:02:22.624+0000][1][safepoint    ] Total time for which application threads were stopped: 0.0013444 seconds, Stopping threads took: 0.0012428 seconds
[2019-12-09T07:02:22.642+0000][1][safepoint    ] Application time: 0.0175363 seconds
[2019-12-09T07:02:22.642+0000][1][safepoint    ] Entering safepoint region: RevokeBias
[2019-12-09T07:02:22.642+0000][1][safepoint    ] Leaving safepoint region
[2019-12-09T07:02:22.642+0000][1][safepoint    ] Total time for which application threads were stopped: 0.0001316 seconds, Stopping threads took: 0.0000269 seconds
[2019-12-09T07:02:22.656+0000][1][safepoint    ] Application time: 0.0138978 seconds
[2019-12-09T07:02:22.656+0000][1][safepoint    ] Entering safepoint region: RevokeBias
[2019-12-09T07:02:22.656+0000][1][safepoint    ] Leaving safepoint region
[2019-12-09T07:02:22.656+0000][1][safepoint    ] Total time for which application threads were stopped: 0.0001893 seconds, Stopping threads took: 0.0000504 seconds
[2019-12-09T07:02:22.656+0000][1][safepoint    ] Application time: 0.0001507 seconds
[2019-12-09T07:02:22.656+0000][1][safepoint    ] Entering safepoint region: RevokeBias
[2019-12-09T07:02:22.656+0000][1][safepoint    ] Leaving safepoint region
[2019-12-09T07:02:22.656+0000][1][safepoint    ] Total time for which application threads were stopped: 0.0001161 seconds, Stopping threads took: 0.0000188 seconds
[2019-12-09T07:02:23.072+0000][1][safepoint    ] Application time: 0.4159373 seconds
[2019-12-09T07:02:23.072+0000][1][safepoint    ] Entering safepoint region: RevokeBias
[2019-12-09T07:02:23.072+0000][1][safepoint    ] Leaving safepoint region
[2019-12-09T07:02:23.073+0000][1][safepoint    ] Total time for which application threads were stopped: 0.0001671 seconds, Stopping threads took: 0.0000248 seconds
[2019-12-09T07:02:23.073+0000][1][safepoint    ] Application time: 0.0000903 seconds
[2019-12-09T07:02:23.073+0000][1][safepoint    ] Entering safepoint region: RevokeBias
[2019-12-09T07:02:23.073+0000][1][safepoint    ] Leaving safepoint region
[2019-12-09T07:02:23.073+0000][1][safepoint    ] Total time for which application threads were stopped: 0.0001063 seconds, Stopping threads took: 0.0000112 seconds
[2019-12-09T07:02:23.073+0000][1][safepoint    ] Application time: 0.0001261 seconds
[2019-12-09T07:02:23.073+0000][1][safepoint    ] Entering safepoint region: RevokeBias
[2019-12-09T07:02:23.073+0000][1][safepoint    ] Leaving safepoint region
[2019-12-09T07:02:23.073+0000][1][safepoint    ] Total time for which application threads were stopped: 0.0001627 seconds, Stopping threads took: 0.0000429 seconds
[2019-12-09T07:02:23.079+0000][1][safepoint    ] Application time: 0.0057435 seconds
[2019-12-09T07:02:23.079+0000][1][safepoint    ] Entering safepoint region: RevokeBias
[2019-12-09T07:02:23.079+0000][1][safepoint    ] Leaving safepoint region
[2019-12-09T07:02:23.079+0000][1][safepoint    ] Total time for which application threads were stopped: 0.0001250 seconds, Stopping threads took: 0.0000188 seconds
[2019-12-09T07:02:23.130+0000][1][safepoint    ] Application time: 0.0513422 seconds
[2019-12-09T07:02:23.130+0000][1][safepoint    ] Entering safepoint region: RevokeBias
[2019-12-09T07:02:23.130+0000][1][safepoint    ] Leaving safepoint region
[2019-12-09T07:02:23.130+0000][1][safepoint    ] Total time for which application threads were stopped: 0.0001688 seconds, Stopping threads took: 0.0000231 seconds
[2019-12-09T07:02:23.134+0000][1][safepoint    ] Application time: 0.0031223 seconds
[2019-12-09T07:02:23.134+0000][1][safepoint    ] Entering safepoint region: RevokeBias
[2019-12-09T07:02:23.134+0000][1][safepoint    ] Leaving safepoint region
[2019-12-09T07:02:23.134+0000][1][safepoint    ] Total time for which application threads were stopped: 0.0001391 seconds, Stopping threads took: 0.0000181 seconds
[2019-12-09T07:02:23.341+0000][1][safepoint    ] Application time: 0.2069339 seconds
[2019-12-09T07:02:23.341+0000][1][safepoint    ] Entering safepoint region: RevokeBias
[2019-12-09T07:02:23.341+0000][1][safepoint    ] Leaving safepoint region
[2019-12-09T07:02:23.341+0000][1][safepoint    ] Total time for which application threads were stopped: 0.0001795 seconds, Stopping threads took: 0.0000255 seconds
[2019-12-09T07:02:23.430+0000][1][safepoint    ] Application time: 0.0887665 seconds
[2019-12-09T07:02:23.453+0000][1][safepoint    ] Entering safepoint region: RevokeBias
[2019-12-09T07:02:23.453+0000][1][safepoint    ] Leaving safepoint region
[2019-12-09T07:02:23.453+0000][1][safepoint    ] Total time for which application threads were stopped: 0.0233339 seconds, Stopping threads took: 0.0231511 seconds
[2019-12-09T07:02:23.453+0000][1][safepoint    ] Application time: 0.0001609 seconds
[2019-12-09T07:02:23.453+0000][1][safepoint    ] Entering safepoint region: RevokeBias
[2019-12-09T07:02:23.453+0000][1][safepoint    ] Leaving safepoint region
[2019-12-09T07:02:23.453+0000][1][safepoint    ] Total time for which application threads were stopped: 0.0001382 seconds, Stopping threads took: 0.0000160 seconds
[2019-12-09T07:02:23.454+0000][1][safepoint    ] Application time: 0.0001081 seconds
[2019-12-09T07:02:23.454+0000][1][safepoint    ] Entering safepoint region: RevokeBias
[2019-12-09T07:02:23.454+0000][1][safepoint    ] Leaving safepoint region
[2019-12-09T07:02:23.454+0000][1][safepoint    ] Total time for which application threads were stopped: 0.0006294 seconds, Stopping threads took: 0.0000106 seconds
[2019-12-09T07:02:23.476+0000][1][safepoint    ] Application time: 0.0218501 seconds
[2019-12-09T07:02:23.476+0000][1][safepoint    ] Entering safepoint region: RevokeBias
[2019-12-09T07:02:23.476+0000][1][safepoint    ] Leaving safepoint region
[2019-12-09T07:02:23.476+0000][1][safepoint    ] Total time for which application threads were stopped: 0.0002039 seconds, Stopping threads took: 0.0000621 seconds
[2019-12-09T07:02:23.499+0000][1][safepoint    ] Application time: 0.0229197 seconds
[2019-12-09T07:02:23.504+0000][1][safepoint    ] Entering safepoint region: RevokeBias
[2019-12-09T07:02:23.504+0000][1][safepoint    ] Leaving safepoint region
[2019-12-09T07:02:23.504+0000][1][safepoint    ] Total time for which application threads were stopped: 0.0048223 seconds, Stopping threads took: 0.0046590 seconds
[2019-12-09T07:02:23.512+0000][1][safepoint    ] Application time: 0.0081137 seconds
[2019-12-09T07:02:23.525+0000][1][safepoint    ] Entering safepoint region: RevokeBias
[2019-12-09T07:02:23.525+0000][1][safepoint    ] Leaving safepoint region
[2019-12-09T07:02:23.525+0000][1][safepoint    ] Total time for which application threads were stopped: 0.0127190 seconds, Stopping threads took: 0.0125466 seconds
[2019-12-09T07:02:23.566+0000][1][safepoint    ] Application time: 0.0408309 seconds
[2019-12-09T07:02:23.595+0000][1][safepoint    ] Entering safepoint region: RevokeBias
[2019-12-09T07:02:23.595+0000][1][safepoint    ] Leaving safepoint region
[2019-12-09T07:02:23.595+0000][1][safepoint    ] Total time for which application threads were stopped: 0.0291990 seconds, Stopping threads took: 0.0290268 seconds
[2019-12-09T07:02:23.678+0000][1][safepoint    ] Application time: 0.0825310 seconds
[2019-12-09T07:02:23.678+0000][1][safepoint    ] Entering safepoint region: Deoptimize
[2019-12-09T07:02:23.679+0000][1][safepoint    ] Leaving safepoint region
[2019-12-09T07:02:23.679+0000][1][safepoint    ] Total time for which application threads were stopped: 0.0011188 seconds, Stopping threads took: 0.0000836 seconds
[2019-12-09T07:02:24.700+0000][1][safepoint    ] Application time: 1.0210186 seconds
[2019-12-09T07:02:24.700+0000][1][safepoint    ] Entering safepoint region: Cleanup
[2019-12-09T07:02:24.700+0000][1][safepoint    ] Leaving safepoint region
[2019-12-09T07:02:24.700+0000][1][safepoint    ] Total time for which application threads were stopped: 0.0001630 seconds, Stopping threads took: 0.0000318 seconds
[2019-12-09T07:02:25.138+0000][1][safepoint    ] Application time: 0.4378963 seconds
[2019-12-09T07:02:25.138+0000][1][safepoint    ] Entering safepoint region: RevokeBias
[2019-12-09T07:02:25.138+0000][1][safepoint    ] Leaving safepoint region
[2019-12-09T07:02:25.138+0000][1][safepoint    ] Total time for which application threads were stopped: 0.0002326 seconds, Stopping threads took: 0.0000773 seconds
[2019-12-09T07:02:25.146+0000][1][safepoint    ] Application time: 0.0080495 seconds
[2019-12-09T07:02:25.146+0000][1][safepoint    ] Entering safepoint region: GenCollectForAllocation
[2019-12-09T07:02:25.146+0000][1][gc,start     ] GC(27) Pause Young (Allocation Failure)
[2019-12-09T07:02:25.146+0000][1][gc,task      ] GC(27) Using 2 workers of 2 for evacuation
[2019-12-09T07:02:25.191+0000][1][gc,age       ] GC(27) Desired survivor size 4456448 bytes, new threshold 2 (max threshold 6)
[2019-12-09T07:02:25.191+0000][1][gc,age       ] GC(27) Age table with threshold 2 (max threshold 6)
[2019-12-09T07:02:25.191+0000][1][gc,age       ] GC(27) - age   1:    2029424 bytes,    2029424 total
[2019-12-09T07:02:25.191+0000][1][gc,age       ] GC(27) - age   2:    3462000 bytes,    5491424 total
[2019-12-09T07:02:25.191+0000][1][gc,heap      ] GC(27) ParNew: 78020K->6986K(78656K)
[2019-12-09T07:02:25.191+0000][1][gc,heap      ] GC(27) CMS: 67477K->70836K(174784K)
[2019-12-09T07:02:25.191+0000][1][gc,metaspace ] GC(27) Metaspace: 77433K->77433K(1120256K)
[2019-12-09T07:02:25.191+0000][1][gc           ] GC(27) Pause Young (Allocation Failure) 142M->75M(247M) 44.360ms
[2019-12-09T07:02:25.191+0000][1][gc,cpu       ] GC(27) User=0.03s Sys=0.00s Real=0.04s
[2019-12-09T07:02:25.191+0000][1][safepoint    ] Leaving safepoint region
[2019-12-09T07:02:25.191+0000][1][safepoint    ] Total time for which application threads were stopped: 0.0446411 seconds, Stopping threads took: 0.0000683 seconds
[2019-12-09T07:02:25.405+0000][1][safepoint    ] Application time: 0.2136664 seconds
[2019-12-09T07:02:25.405+0000][1][safepoint    ] Entering safepoint region: RevokeBias
[2019-12-09T07:02:25.405+0000][1][safepoint    ] Leaving safepoint region
[2019-12-09T07:02:25.405+0000][1][safepoint    ] Total time for which application threads were stopped: 0.0001952 seconds, Stopping threads took: 0.0000260 seconds
[2019-12-09T07:02:25.461+0000][1][safepoint    ] Application time: 0.0560396 seconds
[2019-12-09T07:02:25.461+0000][1][safepoint    ] Entering safepoint region: RevokeBias
[2019-12-09T07:02:25.461+0000][1][safepoint    ] Leaving safepoint region
[2019-12-09T07:02:25.461+0000][1][safepoint    ] Total time for which application threads were stopped: 0.0001820 seconds, Stopping threads took: 0.0000260 seconds
[2019-12-09T07:02:25.474+0000][1][safepoint    ] Application time: 0.0126362 seconds
[2019-12-09T07:02:25.474+0000][1][safepoint    ] Entering safepoint region: RevokeBias
[2019-12-09T07:02:25.474+0000][1][safepoint    ] Leaving safepoint region
[2019-12-09T07:02:25.474+0000][1][safepoint    ] Total time for which application threads were stopped: 0.0002320 seconds, Stopping threads took: 0.0000914 seconds
[2019-12-09T07:02:25.652+0000][1][safepoint    ] Application time: 0.1781210 seconds
[2019-12-09T07:02:25.652+0000][1][safepoint    ] Entering safepoint region: RevokeBias
[2019-12-09T07:02:25.652+0000][1][safepoint    ] Leaving safepoint region
[2019-12-09T07:02:25.652+0000][1][safepoint    ] Total time for which application threads were stopped: 0.0002282 seconds, Stopping threads took: 0.0000251 seconds
[2019-12-09T07:02:25.789+0000][1][safepoint    ] Application time: 0.1367793 seconds
[2019-12-09T07:02:25.789+0000][1][safepoint    ] Entering safepoint region: RevokeBias
[2019-12-09T07:02:25.789+0000][1][safepoint    ] Leaving safepoint region
[2019-12-09T07:02:25.789+0000][1][safepoint    ] Total time for which application threads were stopped: 0.0001708 seconds, Stopping threads took: 0.0000244 seconds
[2019-12-09T07:02:26.791+0000][1][safepoint    ] Application time: 1.0014069 seconds
[2019-12-09T07:02:26.791+0000][1][safepoint    ] Entering safepoint region: Cleanup
[2019-12-09T07:02:26.791+0000][1][safepoint    ] Leaving safepoint region
[2019-12-09T07:02:26.791+0000][1][safepoint    ] Total time for which application threads were stopped: 0.0001542 seconds, Stopping threads took: 0.0000261 seconds
[2019-12-09T07:02:27.792+0000][1][safepoint    ] Application time: 1.0007885 seconds
[2019-12-09T07:02:27.792+0000][1][safepoint    ] Entering safepoint region: Cleanup
[2019-12-09T07:02:27.792+0000][1][safepoint    ] Leaving safepoint region
[2019-12-09T07:02:27.792+0000][1][safepoint    ] Total time for which application threads were stopped: 0.0001354 seconds, Stopping threads took: 0.0000249 seconds
[2019-12-09T07:02:28.794+0000][1][safepoint    ] Application time: 1.0016515 seconds
[2019-12-09T07:02:28.794+0000][1][safepoint    ] Entering safepoint region: Cleanup
[2019-12-09T07:02:28.794+0000][1][safepoint    ] Leaving safepoint region
[2019-12-09T07:02:28.794+0000][1][safepoint    ] Total time for which application threads were stopped: 0.0001852 seconds, Stopping threads took: 0.0000320 seconds
[2019-12-09T07:02:29.794+0000][1][safepoint    ] Application time: 1.0000787 seconds
[2019-12-09T07:02:29.794+0000][1][safepoint    ] Entering safepoint region: Cleanup
[2019-12-09T07:02:29.794+0000][1][safepoint    ] Leaving safepoint region
[2019-12-09T07:02:29.794+0000][1][safepoint    ] Total time for which application threads were stopped: 0.0001011 seconds, Stopping threads took: 0.0000179 seconds
[2019-12-09T07:02:30.326+0000][1][safepoint    ] Application time: 0.5316488 seconds
[2019-12-09T07:02:30.326+0000][1][safepoint    ] Entering safepoint region: RevokeBias
[2019-12-09T07:02:30.326+0000][1][safepoint    ] Leaving safepoint region
[2019-12-09T07:02:30.326+0000][1][safepoint    ] Total time for which application threads were stopped: 0.0001250 seconds, Stopping threads took: 0.0000204 seconds
[2019-12-09T07:02:30.328+0000][1][safepoint    ] Application time: 0.0021255 seconds
[2019-12-09T07:02:30.328+0000][1][safepoint    ] Entering safepoint region: RevokeBias
[2019-12-09T07:02:30.328+0000][1][safepoint    ] Leaving safepoint region
[2019-12-09T07:02:30.328+0000][1][safepoint    ] Total time for which application threads were stopped: 0.0000886 seconds, Stopping threads took: 0.0000147 seconds
[2019-12-09T07:02:31.328+0000][1][safepoint    ] Application time: 1.0000827 seconds
[2019-12-09T07:02:31.328+0000][1][safepoint    ] Entering safepoint region: Cleanup
[2019-12-09T07:02:31.328+0000][1][safepoint    ] Leaving safepoint region
[2019-12-09T07:02:31.328+0000][1][safepoint    ] Total time for which application threads were stopped: 0.0001174 seconds, Stopping threads took: 0.0000206 seconds
[2019-12-09T07:02:32.328+0000][1][safepoint    ] Application time: 1.0000783 seconds
[2019-12-09T07:02:32.328+0000][1][safepoint    ] Entering safepoint region: Cleanup
[2019-12-09T07:02:32.329+0000][1][safepoint    ] Leaving safepoint region
[2019-12-09T07:02:32.329+0000][1][safepoint    ] Total time for which application threads were stopped: 0.0001188 seconds, Stopping threads took: 0.0000209 seconds
[2019-12-09T07:02:33.330+0000][1][safepoint    ] Application time: 1.0016847 seconds
[2019-12-09T07:02:33.330+0000][1][safepoint    ] Entering safepoint region: Cleanup
[2019-12-09T07:02:33.330+0000][1][safepoint    ] Leaving safepoint region
[2019-12-09T07:02:33.330+0000][1][safepoint    ] Total time for which application threads were stopped: 0.0001347 seconds, Stopping threads took: 0.0000244 seconds
[2019-12-09T07:02:33.483+0000][1][safepoint    ] Application time: 0.1527726 seconds
[2019-12-09T07:02:33.483+0000][1][safepoint    ] Entering safepoint region: RevokeBias
[2019-12-09T07:02:33.483+0000][1][safepoint    ] Leaving safepoint region
[2019-12-09T07:02:33.483+0000][1][safepoint    ] Total time for which application threads were stopped: 0.0001617 seconds, Stopping threads took: 0.0000238 seconds
[2019-12-09T07:02:34.483+0000][1][safepoint    ] Application time: 1.0000825 seconds
[2019-12-09T07:02:34.484+0000][1][safepoint    ] Entering safepoint region: Cleanup
[2019-12-09T07:02:34.484+0000][1][safepoint    ] Leaving safepoint region
[2019-12-09T07:02:34.484+0000][1][safepoint    ] Total time for which application threads were stopped: 0.0001135 seconds, Stopping threads took: 0.0000207 seconds
[2019-12-09T07:02:35.484+0000][1][safepoint    ] Application time: 1.0000780 seconds
[2019-12-09T07:02:35.484+0000][1][safepoint    ] Entering safepoint region: Cleanup
[2019-12-09T07:02:35.484+0000][1][safepoint    ] Leaving safepoint region
[2019-12-09T07:02:35.484+0000][1][safepoint    ] Total time for which application threads were stopped: 0.0001143 seconds, Stopping threads took: 0.0000226 seconds
[2019-12-09T07:02:36.484+0000][1][safepoint    ] Application time: 1.0000779 seconds
[2019-12-09T07:02:36.484+0000][1][safepoint    ] Entering safepoint region: Cleanup
[2019-12-09T07:02:36.484+0000][1][safepoint    ] Leaving safepoint region
[2019-12-09T07:02:36.484+0000][1][safepoint    ] Total time for which application threads were stopped: 0.0001199 seconds, Stopping threads took: 0.0000275 seconds
[2019-12-09T07:02:37.484+0000][1][safepoint    ] Application time: 1.0000764 seconds
[2019-12-09T07:02:37.484+0000][1][safepoint    ] Entering safepoint region: Cleanup
[2019-12-09T07:02:37.484+0000][1][safepoint    ] Leaving safepoint region
[2019-12-09T07:02:37.484+0000][1][safepoint    ] Total time for which application threads were stopped: 0.0001153 seconds, Stopping threads took: 0.0000206 seconds
[2019-12-09T07:02:38.484+0000][1][safepoint    ] Application time: 1.0000765 seconds
[2019-12-09T07:02:38.484+0000][1][safepoint    ] Entering safepoint region: Cleanup
[2019-12-09T07:02:38.485+0000][1][safepoint    ] Leaving safepoint region
[2019-12-09T07:02:38.485+0000][1][safepoint    ] Total time for which application threads were stopped: 0.0001221 seconds, Stopping threads took: 0.0000222 seconds
[2019-12-09T07:02:39.485+0000][1][safepoint    ] Application time: 1.0000787 seconds
[2019-12-09T07:02:39.485+0000][1][safepoint    ] Entering safepoint region: Cleanup
[2019-12-09T07:02:39.485+0000][1][safepoint    ] Leaving safepoint region
[2019-12-09T07:02:39.485+0000][1][safepoint    ] Total time for which application threads were stopped: 0.0001226 seconds, Stopping threads took: 0.0000214 seconds
[2019-12-09T07:02:40.485+0000][1][safepoint    ] Application time: 1.0000760 seconds
[2019-12-09T07:02:40.485+0000][1][safepoint    ] Entering safepoint region: Cleanup
[2019-12-09T07:02:40.485+0000][1][safepoint    ] Leaving safepoint region
[2019-12-09T07:02:40.485+0000][1][safepoint    ] Total time for which application threads were stopped: 0.0001066 seconds, Stopping threads took: 0.0000204 seconds
[2019-12-09T07:02:41.485+0000][1][safepoint    ] Application time: 1.0000794 seconds
[2019-12-09T07:02:41.485+0000][1][safepoint    ] Entering safepoint region: Cleanup
[2019-12-09T07:02:41.485+0000][1][safepoint    ] Leaving safepoint region
[2019-12-09T07:02:41.485+0000][1][safepoint    ] Total time for which application threads were stopped: 0.0001225 seconds, Stopping threads took: 0.0000224 seconds
[2019-12-09T07:02:42.485+0000][1][safepoint    ] Application time: 1.0000918 seconds
[2019-12-09T07:02:42.485+0000][1][safepoint    ] Entering safepoint region: Cleanup
[2019-12-09T07:02:42.486+0000][1][safepoint    ] Leaving safepoint region
[2019-12-09T07:02:42.486+0000][1][safepoint    ] Total time for which application threads were stopped: 0.0001465 seconds, Stopping threads took: 0.0000284 seconds
[2019-12-09T07:02:43.486+0000][1][safepoint    ] Application time: 1.0000810 seconds
[2019-12-09T07:02:43.486+0000][1][safepoint    ] Entering safepoint region: Cleanup
[2019-12-09T07:02:43.486+0000][1][safepoint    ] Leaving safepoint region
[2019-12-09T07:02:43.486+0000][1][safepoint    ] Total time for which application threads were stopped: 0.0001111 seconds, Stopping threads took: 0.0000220 seconds
[2019-12-09T07:02:44.486+0000][1][safepoint    ] Application time: 1.0000810 seconds
[2019-12-09T07:02:44.486+0000][1][safepoint    ] Entering safepoint region: Cleanup
[2019-12-09T07:02:44.486+0000][1][safepoint    ] Leaving safepoint region
[2019-12-09T07:02:44.486+0000][1][safepoint    ] Total time for which application threads were stopped: 0.0001310 seconds, Stopping threads took: 0.0000290 seconds
[2019-12-09T07:02:45.486+0000][1][safepoint    ] Application time: 1.0000795 seconds
[2019-12-09T07:02:45.486+0000][1][safepoint    ] Entering safepoint region: Cleanup
[2019-12-09T07:02:45.486+0000][1][safepoint    ] Leaving safepoint region
[2019-12-09T07:02:45.486+0000][1][safepoint    ] Total time for which application threads were stopped: 0.0001083 seconds, Stopping threads took: 0.0000219 seconds
[2019-12-09T07:02:46.486+0000][1][safepoint    ] Application time: 1.0000796 seconds
[2019-12-09T07:02:46.486+0000][1][safepoint    ] Entering safepoint region: Cleanup
[2019-12-09T07:02:46.487+0000][1][safepoint    ] Leaving safepoint region
[2019-12-09T07:02:46.487+0000][1][safepoint    ] Total time for which application threads were stopped: 0.0001198 seconds, Stopping threads took: 0.0000222 seconds
[2019-12-09T07:02:47.487+0000][1][safepoint    ] Application time: 1.0000959 seconds
[2019-12-09T07:02:47.487+0000][1][safepoint    ] Entering safepoint region: Cleanup
[2019-12-09T07:02:47.487+0000][1][safepoint    ] Leaving safepoint region
[2019-12-09T07:02:47.487+0000][1][safepoint    ] Total time for which application threads were stopped: 0.0001250 seconds, Stopping threads took: 0.0000227 seconds
[2019-12-09T07:02:48.487+0000][1][safepoint    ] Application time: 1.0000794 seconds
[2019-12-09T07:02:48.487+0000][1][safepoint    ] Entering safepoint region: Cleanup
[2019-12-09T07:02:48.487+0000][1][safepoint    ] Leaving safepoint region
[2019-12-09T07:02:48.487+0000][1][safepoint    ] Total time for which application threads were stopped: 0.0001070 seconds, Stopping threads took: 0.0000215 seconds
[2019-12-09T07:02:49.487+0000][1][safepoint    ] Application time: 1.0000790 seconds
[2019-12-09T07:02:49.487+0000][1][safepoint    ] Entering safepoint region: Cleanup
[2019-12-09T07:02:49.487+0000][1][safepoint    ] Leaving safepoint region
[2019-12-09T07:02:49.487+0000][1][safepoint    ] Total time for which application threads were stopped: 0.0001061 seconds, Stopping threads took: 0.0000217 seconds
[2019-12-09T07:02:50.487+0000][1][safepoint    ] Application time: 1.0000787 seconds
[2019-12-09T07:02:50.487+0000][1][safepoint    ] Entering safepoint region: Cleanup
[2019-12-09T07:02:50.488+0000][1][safepoint    ] Leaving safepoint region
[2019-12-09T07:02:50.488+0000][1][safepoint    ] Total time for which application threads were stopped: 0.0001121 seconds, Stopping threads took: 0.0000198 seconds
[2019-12-09T07:02:51.356+0000][1][safepoint    ] Application time: 0.8686642 seconds
[2019-12-09T07:02:51.356+0000][1][safepoint    ] Entering safepoint region: RevokeBias
[2019-12-09T07:02:51.356+0000][1][safepoint    ] Leaving safepoint region
[2019-12-09T07:02:51.356+0000][1][safepoint    ] Total time for which application threads were stopped: 0.0001273 seconds, Stopping threads took: 0.0000173 seconds
[2019-12-09T07:02:51.356+0000][1][safepoint    ] Application time: 0.0000577 seconds
[2019-12-09T07:02:51.356+0000][1][safepoint    ] Entering safepoint region: RevokeBias
[2019-12-09T07:02:51.357+0000][1][safepoint    ] Leaving safepoint region
[2019-12-09T07:02:51.357+0000][1][safepoint    ] Total time for which application threads were stopped: 0.0000572 seconds, Stopping threads took: 0.0000073 seconds
[2019-12-09T07:02:51.364+0000][1][safepoint    ] Application time: 0.0078756 seconds
[2019-12-09T07:02:51.364+0000][1][safepoint    ] Entering safepoint region: RevokeBias
[2019-12-09T07:02:51.365+0000][1][safepoint    ] Leaving safepoint region
[2019-12-09T07:02:51.365+0000][1][safepoint    ] Total time for which application threads were stopped: 0.0001221 seconds, Stopping threads took: 0.0000227 seconds
[2019-12-09T07:02:52.365+0000][1][safepoint    ] Application time: 1.0000934 seconds
[2019-12-09T07:02:52.365+0000][1][safepoint    ] Entering safepoint region: Cleanup
[2019-12-09T07:02:52.365+0000][1][safepoint    ] Leaving safepoint region
[2019-12-09T07:02:52.365+0000][1][safepoint    ] Total time for which application threads were stopped: 0.0001085 seconds, Stopping threads took: 0.0000227 seconds
[2019-12-09T07:02:53.365+0000][1][safepoint    ] Application time: 1.0000741 seconds
[2019-12-09T07:02:53.365+0000][1][safepoint    ] Entering safepoint region: Cleanup
[2019-12-09T07:02:53.365+0000][1][safepoint    ] Leaving safepoint region
[2019-12-09T07:02:53.365+0000][1][safepoint    ] Total time for which application threads were stopped: 0.0001110 seconds, Stopping threads took: 0.0000207 seconds
[2019-12-09T07:02:54.365+0000][1][safepoint    ] Application time: 1.0000776 seconds
[2019-12-09T07:02:54.365+0000][1][safepoint    ] Entering safepoint region: Cleanup
[2019-12-09T07:02:54.365+0000][1][safepoint    ] Leaving safepoint region
[2019-12-09T07:02:54.365+0000][1][safepoint    ] Total time for which application threads were stopped: 0.0001191 seconds, Stopping threads took: 0.0000236 seconds
[2019-12-09T07:02:56.365+0000][1][safepoint    ] Application time: 2.0001476 seconds
[2019-12-09T07:02:56.365+0000][1][safepoint    ] Entering safepoint region: Cleanup
[2019-12-09T07:02:56.366+0000][1][safepoint    ] Leaving safepoint region
[2019-12-09T07:02:56.366+0000][1][safepoint    ] Total time for which application threads were stopped: 0.0001078 seconds, Stopping threads took: 0.0000208 seconds
[2019-12-09T07:02:57.366+0000][1][safepoint    ] Application time: 1.0000802 seconds
[2019-12-09T07:02:57.366+0000][1][safepoint    ] Entering safepoint region: Cleanup
[2019-12-09T07:02:57.366+0000][1][safepoint    ] Leaving safepoint region
[2019-12-09T07:02:57.366+0000][1][safepoint    ] Total time for which application threads were stopped: 0.0001076 seconds, Stopping threads took: 0.0000207 seconds
[2019-12-09T07:02:59.366+0000][1][safepoint    ] Application time: 2.0001506 seconds
[2019-12-09T07:02:59.366+0000][1][safepoint    ] Entering safepoint region: Cleanup
[2019-12-09T07:02:59.366+0000][1][safepoint    ] Leaving safepoint region
[2019-12-09T07:02:59.366+0000][1][safepoint    ] Total time for which application threads were stopped: 0.0001171 seconds, Stopping threads took: 0.0000218 seconds
[2019-12-09T07:03:00.366+0000][1][safepoint    ] Application time: 1.0000678 seconds
[2019-12-09T07:03:00.366+0000][1][safepoint    ] Entering safepoint region: Cleanup
[2019-12-09T07:03:00.366+0000][1][safepoint    ] Leaving safepoint region
[2019-12-09T07:03:00.366+0000][1][safepoint    ] Total time for which application threads were stopped: 0.0001031 seconds, Stopping threads took: 0.0000175 seconds
[2019-12-09T07:03:01.366+0000][1][safepoint    ] Application time: 1.0000792 seconds
[2019-12-09T07:03:01.366+0000][1][safepoint    ] Entering safepoint region: Cleanup
[2019-12-09T07:03:01.367+0000][1][safepoint    ] Leaving safepoint region
[2019-12-09T07:03:01.367+0000][1][safepoint    ] Total time for which application threads were stopped: 0.0001113 seconds, Stopping threads took: 0.0000217 seconds
[2019-12-09T07:03:02.367+0000][1][safepoint    ] Application time: 1.0000802 seconds
[2019-12-09T07:03:02.367+0000][1][safepoint    ] Entering safepoint region: Cleanup
[2019-12-09T07:03:02.367+0000][1][safepoint    ] Leaving safepoint region
[2019-12-09T07:03:02.367+0000][1][safepoint    ] Total time for which application threads were stopped: 0.0001136 seconds, Stopping threads took: 0.0000221 seconds
[2019-12-09T07:03:04.367+0000][1][safepoint    ] Application time: 2.0001470 seconds
[2019-12-09T07:03:04.367+0000][1][safepoint    ] Entering safepoint region: Cleanup
[2019-12-09T07:03:04.367+0000][1][safepoint    ] Leaving safepoint region
[2019-12-09T07:03:04.367+0000][1][safepoint    ] Total time for which application threads were stopped: 0.0001101 seconds, Stopping threads took: 0.0000208 seconds
[2019-12-09T07:03:04.624+0000][1][safepoint    ] Application time: 0.2566981 seconds
[2019-12-09T07:03:04.624+0000][1][safepoint    ] Entering safepoint region: GenCollectForAllocation
[2019-12-09T07:03:04.624+0000][1][gc,start     ] GC(28) Pause Young (Allocation Failure)
[2019-12-09T07:03:04.624+0000][1][gc,task      ] GC(28) Using 2 workers of 2 for evacuation
[2019-12-09T07:03:04.632+0000][1][gc,age       ] GC(28) Desired survivor size 4456448 bytes, new threshold 6 (max threshold 6)
[2019-12-09T07:03:04.632+0000][1][gc,age       ] GC(28) Age table with threshold 6 (max threshold 6)
[2019-12-09T07:03:04.632+0000][1][gc,age       ] GC(28) - age   1:     185392 bytes,     185392 total
[2019-12-09T07:03:04.632+0000][1][gc,age       ] GC(28) - age   2:     749784 bytes,     935176 total
[2019-12-09T07:03:04.632+0000][1][gc,heap      ] GC(28) ParNew: 76885K->3592K(78656K)
[2019-12-09T07:03:04.632+0000][1][gc,heap      ] GC(28) CMS: 70836K->74256K(174784K)
[2019-12-09T07:03:04.632+0000][1][gc,metaspace ] GC(28) Metaspace: 77940K->77940K(1120256K)
[2019-12-09T07:03:04.632+0000][1][gc           ] GC(28) Pause Young (Allocation Failure) 144M->76M(247M) 8.149ms
[2019-12-09T07:03:04.632+0000][1][gc,cpu       ] GC(28) User=0.01s Sys=0.00s Real=0.01s
[2019-12-09T07:03:04.632+0000][1][safepoint    ] Leaving safepoint region
[2019-12-09T07:03:04.632+0000][1][safepoint    ] Total time for which application threads were stopped: 0.0083365 seconds, Stopping threads took: 0.0000179 seconds
[2019-12-09T07:03:05.632+0000][1][safepoint    ] Application time: 1.0000952 seconds
[2019-12-09T07:03:05.632+0000][1][safepoint    ] Entering safepoint region: Cleanup
[2019-12-09T07:03:05.632+0000][1][safepoint    ] Leaving safepoint region
[2019-12-09T07:03:05.632+0000][1][safepoint    ] Total time for which application threads were stopped: 0.0001126 seconds, Stopping threads took: 0.0000209 seconds
[2019-12-09T07:03:06.633+0000][1][safepoint    ] Application time: 1.0000758 seconds
[2019-12-09T07:03:06.633+0000][1][safepoint    ] Entering safepoint region: Cleanup
[2019-12-09T07:03:06.633+0000][1][safepoint    ] Leaving safepoint region
[2019-12-09T07:03:06.633+0000][1][safepoint    ] Total time for which application threads were stopped: 0.0001297 seconds, Stopping threads took: 0.0000215 seconds
[2019-12-09T07:03:08.633+0000][1][safepoint    ] Application time: 2.0001408 seconds
[2019-12-09T07:03:08.633+0000][1][safepoint    ] Entering safepoint region: Cleanup
[2019-12-09T07:03:08.633+0000][1][safepoint    ] Leaving safepoint region
[2019-12-09T07:03:08.633+0000][1][safepoint    ] Total time for which application threads were stopped: 0.0001165 seconds, Stopping threads took: 0.0000205 seconds
[2019-12-09T07:03:09.633+0000][1][safepoint    ] Application time: 1.0000770 seconds
[2019-12-09T07:03:09.633+0000][1][safepoint    ] Entering safepoint region: Cleanup
[2019-12-09T07:03:09.633+0000][1][safepoint    ] Leaving safepoint region
[2019-12-09T07:03:09.633+0000][1][safepoint    ] Total time for which application threads were stopped: 0.0001102 seconds, Stopping threads took: 0.0000216 seconds
[2019-12-09T07:03:10.633+0000][1][safepoint    ] Application time: 1.0000758 seconds
[2019-12-09T07:03:10.633+0000][1][safepoint    ] Entering safepoint region: Cleanup
[2019-12-09T07:03:10.633+0000][1][safepoint    ] Leaving safepoint region
[2019-12-09T07:03:10.633+0000][1][safepoint    ] Total time for which application threads were stopped: 0.0001065 seconds, Stopping threads took: 0.0000203 seconds
[2019-12-09T07:03:11.634+0000][1][safepoint    ] Application time: 1.0000767 seconds
[2019-12-09T07:03:11.634+0000][1][safepoint    ] Entering safepoint region: Cleanup
[2019-12-09T07:03:11.634+0000][1][safepoint    ] Leaving safepoint region
[2019-12-09T07:03:11.634+0000][1][safepoint    ] Total time for which application threads were stopped: 0.0001323 seconds, Stopping threads took: 0.0000196 seconds
[2019-12-09T07:03:12.634+0000][1][safepoint    ] Application time: 1.0000776 seconds
[2019-12-09T07:03:12.634+0000][1][safepoint    ] Entering safepoint region: Cleanup
[2019-12-09T07:03:12.634+0000][1][safepoint    ] Leaving safepoint region
[2019-12-09T07:03:12.634+0000][1][safepoint    ] Total time for which application threads were stopped: 0.0001183 seconds, Stopping threads took: 0.0000210 seconds
[2019-12-09T07:03:14.634+0000][1][safepoint    ] Application time: 2.0001436 seconds
[2019-12-09T07:03:14.634+0000][1][safepoint    ] Entering safepoint region: Cleanup
[2019-12-09T07:03:14.634+0000][1][safepoint    ] Leaving safepoint region
[2019-12-09T07:03:14.634+0000][1][safepoint    ] Total time for which application threads were stopped: 0.0001194 seconds, Stopping threads took: 0.0000284 seconds
[2019-12-09T07:03:15.634+0000][1][safepoint    ] Application time: 1.0000758 seconds
[2019-12-09T07:03:15.634+0000][1][safepoint    ] Entering safepoint region: Cleanup
[2019-12-09T07:03:15.635+0000][1][safepoint    ] Leaving safepoint region
[2019-12-09T07:03:15.635+0000][1][safepoint    ] Total time for which application threads were stopped: 0.0001092 seconds, Stopping threads took: 0.0000218 seconds
[2019-12-09T07:03:16.635+0000][1][safepoint    ] Application time: 1.0000757 seconds
[2019-12-09T07:03:16.635+0000][1][safepoint    ] Entering safepoint region: Cleanup
[2019-12-09T07:03:16.635+0000][1][safepoint    ] Leaving safepoint region
[2019-12-09T07:03:16.635+0000][1][safepoint    ] Total time for which application threads were stopped: 0.0001188 seconds, Stopping threads took: 0.0000205 seconds
[2019-12-09T07:03:17.635+0000][1][safepoint    ] Application time: 1.0000762 seconds
[2019-12-09T07:03:17.635+0000][1][safepoint    ] Entering safepoint region: Cleanup
[2019-12-09T07:03:17.635+0000][1][safepoint    ] Leaving safepoint region
[2019-12-09T07:03:17.635+0000][1][safepoint    ] Total time for which application threads were stopped: 0.0001102 seconds, Stopping threads took: 0.0000207 seconds
[2019-12-09T07:03:19.635+0000][1][safepoint    ] Application time: 2.0001429 seconds
[2019-12-09T07:03:19.635+0000][1][safepoint    ] Entering safepoint region: Cleanup
[2019-12-09T07:03:19.635+0000][1][safepoint    ] Leaving safepoint region
[2019-12-09T07:03:19.635+0000][1][safepoint    ] Total time for which application threads were stopped: 0.0001103 seconds, Stopping threads took: 0.0000218 seconds
[2019-12-09T07:03:20.635+0000][1][safepoint    ] Application time: 1.0000767 seconds
[2019-12-09T07:03:20.635+0000][1][safepoint    ] Entering safepoint region: Cleanup
[2019-12-09T07:03:20.636+0000][1][safepoint    ] Leaving safepoint region
[2019-12-09T07:03:20.636+0000][1][safepoint    ] Total time for which application threads were stopped: 0.0001109 seconds, Stopping threads took: 0.0000194 seconds
[2019-12-09T07:03:21.372+0000][1][safepoint    ] Application time: 0.7367091 seconds
[2019-12-09T07:03:21.372+0000][1][safepoint    ] Entering safepoint region: RevokeBias
[2019-12-09T07:03:21.372+0000][1][safepoint    ] Leaving safepoint region
[2019-12-09T07:03:21.372+0000][1][safepoint    ] Total time for which application threads were stopped: 0.0001750 seconds, Stopping threads took: 0.0000240 seconds
[2019-12-09T07:03:21.373+0000][1][safepoint    ] Application time: 0.0000659 seconds
[2019-12-09T07:03:21.373+0000][1][safepoint    ] Entering safepoint region: RevokeBias
[2019-12-09T07:03:21.373+0000][1][safepoint    ] Leaving safepoint region
[2019-12-09T07:03:21.373+0000][1][safepoint    ] Total time for which application threads were stopped: 0.0000846 seconds, Stopping threads took: 0.0000116 seconds
[2019-12-09T07:03:21.373+0000][1][safepoint    ] Application time: 0.0000618 seconds
[2019-12-09T07:03:21.373+0000][1][safepoint    ] Entering safepoint region: RevokeBias
[2019-12-09T07:03:21.373+0000][1][safepoint    ] Leaving safepoint region
[2019-12-09T07:03:21.373+0000][1][safepoint    ] Total time for which application threads were stopped: 0.0000676 seconds, Stopping threads took: 0.0000094 seconds
[2019-12-09T07:03:21.373+0000][1][safepoint    ] Application time: 0.0000484 seconds
[2019-12-09T07:03:21.373+0000][1][safepoint    ] Entering safepoint region: RevokeBias
[2019-12-09T07:03:21.373+0000][1][safepoint    ] Leaving safepoint region
[2019-12-09T07:03:21.373+0000][1][safepoint    ] Total time for which application threads were stopped: 0.0000648 seconds, Stopping threads took: 0.0000088 seconds
[2019-12-09T07:03:21.373+0000][1][safepoint    ] Application time: 0.0000477 seconds
[2019-12-09T07:03:21.373+0000][1][safepoint    ] Entering safepoint region: RevokeBias
[2019-12-09T07:03:21.373+0000][1][safepoint    ] Leaving safepoint region
[2019-12-09T07:03:21.373+0000][1][safepoint    ] Total time for which application threads were stopped: 0.0000687 seconds, Stopping threads took: 0.0000086 seconds
[2019-12-09T07:03:22.373+0000][1][safepoint    ] Application time: 1.0000797 seconds
[2019-12-09T07:03:22.373+0000][1][safepoint    ] Entering safepoint region: Cleanup
[2019-12-09T07:03:22.373+0000][1][safepoint    ] Leaving safepoint region
[2019-12-09T07:03:22.373+0000][1][safepoint    ] Total time for which application threads were stopped: 0.0001141 seconds, Stopping threads took: 0.0000213 seconds
[2019-12-09T07:03:23.373+0000][1][safepoint    ] Application time: 1.0000768 seconds
[2019-12-09T07:03:23.373+0000][1][safepoint    ] Entering safepoint region: Cleanup
[2019-12-09T07:03:23.374+0000][1][safepoint    ] Leaving safepoint region
[2019-12-09T07:03:23.374+0000][1][safepoint    ] Total time for which application threads were stopped: 0.0001159 seconds, Stopping threads took: 0.0000197 seconds
[2019-12-09T07:03:24.374+0000][1][safepoint    ] Application time: 1.0000770 seconds
[2019-12-09T07:03:24.374+0000][1][safepoint    ] Entering safepoint region: Cleanup
[2019-12-09T07:03:24.374+0000][1][safepoint    ] Leaving safepoint region
[2019-12-09T07:03:24.374+0000][1][safepoint    ] Total time for which application threads were stopped: 0.0001174 seconds, Stopping threads took: 0.0000196 seconds
[2019-12-09T07:03:26.374+0000][1][safepoint    ] Application time: 2.0001438 seconds
[2019-12-09T07:03:26.374+0000][1][safepoint    ] Entering safepoint region: Cleanup
[2019-12-09T07:03:26.374+0000][1][safepoint    ] Leaving safepoint region
[2019-12-09T07:03:26.374+0000][1][safepoint    ] Total time for which application threads were stopped: 0.0001080 seconds, Stopping threads took: 0.0000196 seconds
[2019-12-09T07:03:27.374+0000][1][safepoint    ] Application time: 1.0000768 seconds
[2019-12-09T07:03:27.374+0000][1][safepoint    ] Entering safepoint region: Cleanup
[2019-12-09T07:03:27.374+0000][1][safepoint    ] Leaving safepoint region
[2019-12-09T07:03:27.374+0000][1][safepoint    ] Total time for which application threads were stopped: 0.0001224 seconds, Stopping threads took: 0.0000210 seconds
[2019-12-09T07:03:28.374+0000][1][safepoint    ] Application time: 1.0000786 seconds
[2019-12-09T07:03:28.374+0000][1][safepoint    ] Entering safepoint region: Cleanup
[2019-12-09T07:03:28.375+0000][1][safepoint    ] Leaving safepoint region
[2019-12-09T07:03:28.375+0000][1][safepoint    ] Total time for which application threads were stopped: 0.0001135 seconds, Stopping threads took: 0.0000252 seconds
[2019-12-09T07:03:29.375+0000][1][safepoint    ] Application time: 1.0000785 seconds
[2019-12-09T07:03:29.375+0000][1][safepoint    ] Entering safepoint region: Cleanup
[2019-12-09T07:03:29.375+0000][1][safepoint    ] Leaving safepoint region
[2019-12-09T07:03:29.375+0000][1][safepoint    ] Total time for which application threads were stopped: 0.0001339 seconds, Stopping threads took: 0.0000295 seconds
[2019-12-09T07:03:30.375+0000][1][safepoint    ] Application time: 1.0000769 seconds
[2019-12-09T07:03:30.375+0000][1][safepoint    ] Entering safepoint region: Cleanup
[2019-12-09T07:03:30.375+0000][1][safepoint    ] Leaving safepoint region
[2019-12-09T07:03:30.375+0000][1][safepoint    ] Total time for which application threads were stopped: 0.0001070 seconds, Stopping threads took: 0.0000194 seconds
[2019-12-09T07:03:32.375+0000][1][safepoint    ] Application time: 2.0001452 seconds
[2019-12-09T07:03:32.375+0000][1][safepoint    ] Entering safepoint region: Cleanup
[2019-12-09T07:03:32.375+0000][1][safepoint    ] Leaving safepoint region
[2019-12-09T07:03:32.375+0000][1][safepoint    ] Total time for which application threads were stopped: 0.0001094 seconds, Stopping threads took: 0.0000195 seconds
[2019-12-09T07:03:33.375+0000][1][safepoint    ] Application time: 1.0000776 seconds
[2019-12-09T07:03:33.375+0000][1][safepoint    ] Entering safepoint region: Cleanup
[2019-12-09T07:03:33.376+0000][1][safepoint    ] Leaving safepoint region
[2019-12-09T07:03:33.376+0000][1][safepoint    ] Total time for which application threads were stopped: 0.0001086 seconds, Stopping threads took: 0.0000189 seconds
[2019-12-09T07:03:35.376+0000][1][safepoint    ] Application time: 2.0001412 seconds
[2019-12-09T07:03:35.376+0000][1][safepoint    ] Entering safepoint region: Cleanup
[2019-12-09T07:03:35.376+0000][1][safepoint    ] Leaving safepoint region
[2019-12-09T07:03:35.376+0000][1][safepoint    ] Total time for which application threads were stopped: 0.0001228 seconds, Stopping threads took: 0.0000230 seconds
[2019-12-09T07:03:36.376+0000][1][safepoint    ] Application time: 1.0000788 seconds
[2019-12-09T07:03:36.376+0000][1][safepoint    ] Entering safepoint region: Cleanup
[2019-12-09T07:03:36.376+0000][1][safepoint    ] Leaving safepoint region
[2019-12-09T07:03:36.376+0000][1][safepoint    ] Total time for which application threads were stopped: 0.0001094 seconds, Stopping threads took: 0.0000215 seconds
[2019-12-09T07:03:37.376+0000][1][safepoint    ] Application time: 1.0000762 seconds
[2019-12-09T07:03:37.376+0000][1][safepoint    ] Entering safepoint region: Cleanup
[2019-12-09T07:03:37.376+0000][1][safepoint    ] Leaving safepoint region
[2019-12-09T07:03:37.376+0000][1][safepoint    ] Total time for which application threads were stopped: 0.0001156 seconds, Stopping threads took: 0.0000212 seconds
[2019-12-09T07:03:38.376+0000][1][safepoint    ] Application time: 1.0000763 seconds
[2019-12-09T07:03:38.376+0000][1][safepoint    ] Entering safepoint region: Cleanup
[2019-12-09T07:03:38.377+0000][1][safepoint    ] Leaving safepoint region
[2019-12-09T07:03:38.377+0000][1][safepoint    ] Total time for which application threads were stopped: 0.0001126 seconds, Stopping threads took: 0.0000227 seconds
[2019-12-09T07:03:41.377+0000][1][safepoint    ] Application time: 3.0002070 seconds
[2019-12-09T07:03:41.377+0000][1][safepoint    ] Entering safepoint region: Cleanup
[2019-12-09T07:03:41.377+0000][1][safepoint    ] Leaving safepoint region
[2019-12-09T07:03:41.377+0000][1][safepoint    ] Total time for which application threads were stopped: 0.0001193 seconds, Stopping threads took: 0.0000215 seconds
[2019-12-09T07:03:44.377+0000][1][safepoint    ] Application time: 3.0002129 seconds
[2019-12-09T07:03:44.377+0000][1][safepoint    ] Entering safepoint region: Cleanup
[2019-12-09T07:03:44.377+0000][1][safepoint    ] Leaving safepoint region
[2019-12-09T07:03:44.377+0000][1][safepoint    ] Total time for which application threads were stopped: 0.0001311 seconds, Stopping threads took: 0.0000334 seconds
[2019-12-09T07:03:45.377+0000][1][safepoint    ] Application time: 1.0000764 seconds
[2019-12-09T07:03:45.377+0000][1][safepoint    ] Entering safepoint region: Cleanup
[2019-12-09T07:03:45.378+0000][1][safepoint    ] Leaving safepoint region
[2019-12-09T07:03:45.378+0000][1][safepoint    ] Total time for which application threads were stopped: 0.0001128 seconds, Stopping threads took: 0.0000209 seconds
[2019-12-09T07:03:47.378+0000][1][safepoint    ] Application time: 2.0001443 seconds
[2019-12-09T07:03:47.378+0000][1][safepoint    ] Entering safepoint region: Cleanup
[2019-12-09T07:03:47.378+0000][1][safepoint    ] Leaving safepoint region
[2019-12-09T07:03:47.378+0000][1][safepoint    ] Total time for which application threads were stopped: 0.0001121 seconds, Stopping threads took: 0.0000200 seconds
[2019-12-09T07:03:49.378+0000][1][safepoint    ] Application time: 2.0001396 seconds
[2019-12-09T07:03:49.378+0000][1][safepoint    ] Entering safepoint region: Cleanup
[2019-12-09T07:03:49.378+0000][1][safepoint    ] Leaving safepoint region
[2019-12-09T07:03:49.378+0000][1][safepoint    ] Total time for which application threads were stopped: 0.0001354 seconds, Stopping threads took: 0.0000296 seconds
[2019-12-09T07:03:50.378+0000][1][safepoint    ] Application time: 1.0000762 seconds
[2019-12-09T07:03:50.378+0000][1][safepoint    ] Entering safepoint region: Cleanup
[2019-12-09T07:03:50.378+0000][1][safepoint    ] Leaving safepoint region
[2019-12-09T07:03:50.378+0000][1][safepoint    ] Total time for which application threads were stopped: 0.0001078 seconds, Stopping threads took: 0.0000202 seconds
[2019-12-09T07:03:52.379+0000][1][safepoint    ] Application time: 2.0001408 seconds
[2019-12-09T07:03:52.379+0000][1][safepoint    ] Entering safepoint region: Cleanup
[2019-12-09T07:03:52.379+0000][1][safepoint    ] Leaving safepoint region
[2019-12-09T07:03:52.379+0000][1][safepoint    ] Total time for which application threads were stopped: 0.0001266 seconds, Stopping threads took: 0.0000206 seconds
[2019-12-09T07:03:53.379+0000][1][safepoint    ] Application time: 1.0000763 seconds
[2019-12-09T07:03:53.379+0000][1][safepoint    ] Entering safepoint region: Cleanup
[2019-12-09T07:03:53.379+0000][1][safepoint    ] Leaving safepoint region
[2019-12-09T07:03:53.379+0000][1][safepoint    ] Total time for which application threads were stopped: 0.0001095 seconds, Stopping threads took: 0.0000209 seconds
[2019-12-09T07:03:56.379+0000][1][safepoint    ] Application time: 3.0002138 seconds
[2019-12-09T07:03:56.379+0000][1][safepoint    ] Entering safepoint region: Cleanup
[2019-12-09T07:03:56.379+0000][1][safepoint    ] Leaving safepoint region
[2019-12-09T07:03:56.379+0000][1][safepoint    ] Total time for which application threads were stopped: 0.0001118 seconds, Stopping threads took: 0.0000207 seconds
[2019-12-09T07:03:59.380+0000][1][safepoint    ] Application time: 3.0002131 seconds
[2019-12-09T07:03:59.380+0000][1][safepoint    ] Entering safepoint region: Cleanup
[2019-12-09T07:03:59.380+0000][1][safepoint    ] Leaving safepoint region
[2019-12-09T07:03:59.380+0000][1][safepoint    ] Total time for which application threads were stopped: 0.0001212 seconds, Stopping threads took: 0.0000197 seconds
[2019-12-09T07:04:00.380+0000][1][safepoint    ] Application time: 1.0000767 seconds
[2019-12-09T07:04:00.380+0000][1][safepoint    ] Entering safepoint region: Cleanup
[2019-12-09T07:04:00.380+0000][1][safepoint    ] Leaving safepoint region
[2019-12-09T07:04:00.380+0000][1][safepoint    ] Total time for which application threads were stopped: 0.0001092 seconds, Stopping threads took: 0.0000180 seconds
[2019-12-09T07:04:01.380+0000][1][safepoint    ] Application time: 1.0000868 seconds
[2019-12-09T07:04:01.380+0000][1][safepoint    ] Entering safepoint region: Cleanup
[2019-12-09T07:04:01.380+0000][1][safepoint    ] Leaving safepoint region
[2019-12-09T07:04:01.380+0000][1][safepoint    ] Total time for which application threads were stopped: 0.0001755 seconds, Stopping threads took: 0.0000308 seconds
[2019-12-09T07:04:02.380+0000][1][safepoint    ] Application time: 1.0000930 seconds
[2019-12-09T07:04:02.380+0000][1][safepoint    ] Entering safepoint region: Cleanup
[2019-12-09T07:04:02.381+0000][1][safepoint    ] Leaving safepoint region
[2019-12-09T07:04:02.381+0000][1][safepoint    ] Total time for which application threads were stopped: 0.0001829 seconds, Stopping threads took: 0.0000323 seconds
[2019-12-09T07:04:03.381+0000][1][safepoint    ] Application time: 1.0000822 seconds
[2019-12-09T07:04:03.381+0000][1][safepoint    ] Entering safepoint region: Cleanup
[2019-12-09T07:04:03.381+0000][1][safepoint    ] Leaving safepoint region
[2019-12-09T07:04:03.381+0000][1][safepoint    ] Total time for which application threads were stopped: 0.0001064 seconds, Stopping threads took: 0.0000188 seconds
[2019-12-09T07:04:04.381+0000][1][safepoint    ] Application time: 1.0000777 seconds
[2019-12-09T07:04:04.381+0000][1][safepoint    ] Entering safepoint region: Cleanup
[2019-12-09T07:04:04.381+0000][1][safepoint    ] Leaving safepoint region
[2019-12-09T07:04:04.381+0000][1][safepoint    ] Total time for which application threads were stopped: 0.0001169 seconds, Stopping threads took: 0.0000282 seconds
[2019-12-09T07:04:05.381+0000][1][safepoint    ] Application time: 1.0000760 seconds
[2019-12-09T07:04:05.381+0000][1][safepoint    ] Entering safepoint region: Cleanup
[2019-12-09T07:04:05.381+0000][1][safepoint    ] Leaving safepoint region
[2019-12-09T07:04:05.381+0000][1][safepoint    ] Total time for which application threads were stopped: 0.0001127 seconds, Stopping threads took: 0.0000206 seconds
[2019-12-09T07:04:06.381+0000][1][safepoint    ] Application time: 1.0000763 seconds
[2019-12-09T07:04:06.381+0000][1][safepoint    ] Entering safepoint region: Cleanup
[2019-12-09T07:04:06.382+0000][1][safepoint    ] Leaving safepoint region
[2019-12-09T07:04:06.382+0000][1][safepoint    ] Total time for which application threads were stopped: 0.0001053 seconds, Stopping threads took: 0.0000192 seconds
[2019-12-09T07:04:07.382+0000][1][safepoint    ] Application time: 1.0000749 seconds
[2019-12-09T07:04:07.382+0000][1][safepoint    ] Entering safepoint region: Cleanup
[2019-12-09T07:04:07.382+0000][1][safepoint    ] Leaving safepoint region
[2019-12-09T07:04:07.382+0000][1][safepoint    ] Total time for which application threads were stopped: 0.0001199 seconds, Stopping threads took: 0.0000307 seconds
[2019-12-09T07:04:08.382+0000][1][safepoint    ] Application time: 1.0000778 seconds
[2019-12-09T07:04:08.382+0000][1][safepoint    ] Entering safepoint region: Cleanup
[2019-12-09T07:04:08.382+0000][1][safepoint    ] Leaving safepoint region
[2019-12-09T07:04:08.382+0000][1][safepoint    ] Total time for which application threads were stopped: 0.0001084 seconds, Stopping threads took: 0.0000200 seconds
[2019-12-09T07:04:09.382+0000][1][safepoint    ] Application time: 1.0000791 seconds
[2019-12-09T07:04:09.382+0000][1][safepoint    ] Entering safepoint region: Cleanup
[2019-12-09T07:04:09.382+0000][1][safepoint    ] Leaving safepoint region
[2019-12-09T07:04:09.382+0000][1][safepoint    ] Total time for which application threads were stopped: 0.0001098 seconds, Stopping threads took: 0.0000205 seconds
[2019-12-09T07:04:11.382+0000][1][safepoint    ] Application time: 2.0001440 seconds
[2019-12-09T07:04:11.382+0000][1][safepoint    ] Entering safepoint region: Cleanup
[2019-12-09T07:04:11.383+0000][1][safepoint    ] Leaving safepoint region
[2019-12-09T07:04:11.383+0000][1][safepoint    ] Total time for which application threads were stopped: 0.0001153 seconds, Stopping threads took: 0.0000209 seconds
[2019-12-09T07:04:13.383+0000][1][safepoint    ] Application time: 2.0001418 seconds
[2019-12-09T07:04:13.383+0000][1][safepoint    ] Entering safepoint region: Cleanup
[2019-12-09T07:04:13.383+0000][1][safepoint    ] Leaving safepoint region
[2019-12-09T07:04:13.383+0000][1][safepoint    ] Total time for which application threads were stopped: 0.0001100 seconds, Stopping threads took: 0.0000201 seconds
[2019-12-09T07:04:14.383+0000][1][safepoint    ] Application time: 1.0000835 seconds
[2019-12-09T07:04:14.383+0000][1][safepoint    ] Entering safepoint region: Cleanup
[2019-12-09T07:04:14.383+0000][1][safepoint    ] Leaving safepoint region
[2019-12-09T07:04:14.383+0000][1][safepoint    ] Total time for which application threads were stopped: 0.0001133 seconds, Stopping threads took: 0.0000208 seconds
[2019-12-09T07:04:18.179+0000][1][safepoint    ] Application time: 3.7962011 seconds
[2019-12-09T07:04:18.179+0000][1][safepoint    ] Entering safepoint region: RevokeBias
[2019-12-09T07:04:18.179+0000][1][safepoint    ] Leaving safepoint region
[2019-12-09T07:04:18.179+0000][1][safepoint    ] Total time for which application threads were stopped: 0.0001265 seconds, Stopping threads took: 0.0000181 seconds
[2019-12-09T07:04:18.181+0000][1][safepoint    ] Application time: 0.0016603 seconds
[2019-12-09T07:04:18.181+0000][1][safepoint    ] Entering safepoint region: RevokeBias
[2019-12-09T07:04:18.181+0000][1][safepoint    ] Leaving safepoint region
[2019-12-09T07:04:18.181+0000][1][safepoint    ] Total time for which application threads were stopped: 0.0001091 seconds, Stopping threads took: 0.0000162 seconds
[2019-12-09T07:04:19.181+0000][1][safepoint    ] Application time: 1.0000885 seconds
[2019-12-09T07:04:19.181+0000][1][safepoint    ] Entering safepoint region: Cleanup
[2019-12-09T07:04:19.181+0000][1][safepoint    ] Leaving safepoint region
[2019-12-09T07:04:19.182+0000][1][safepoint    ] Total time for which application threads were stopped: 0.0001159 seconds, Stopping threads took: 0.0000213 seconds
[2019-12-09T07:04:22.182+0000][1][safepoint    ] Application time: 3.0003504 seconds
[2019-12-09T07:04:22.182+0000][1][safepoint    ] Entering safepoint region: Cleanup
[2019-12-09T07:04:22.182+0000][1][safepoint    ] Leaving safepoint region
[2019-12-09T07:04:22.182+0000][1][safepoint    ] Total time for which application threads were stopped: 0.0001469 seconds, Stopping threads took: 0.0000283 seconds
[2019-12-09T07:04:22.515+0000][1][safepoint    ] Application time: 0.3331870 seconds
[2019-12-09T07:04:22.515+0000][1][safepoint    ] Entering safepoint region: RevokeBias
[2019-12-09T07:04:22.515+0000][1][safepoint    ] Leaving safepoint region
[2019-12-09T07:04:22.515+0000][1][safepoint    ] Total time for which application threads were stopped: 0.0001866 seconds, Stopping threads took: 0.0000684 seconds
[2019-12-09T07:04:23.516+0000][1][safepoint    ] Application time: 1.0001011 seconds
[2019-12-09T07:04:23.516+0000][1][safepoint    ] Entering safepoint region: Cleanup
[2019-12-09T07:04:23.516+0000][1][safepoint    ] Leaving safepoint region
[2019-12-09T07:04:23.516+0000][1][safepoint    ] Total time for which application threads were stopped: 0.0001209 seconds, Stopping threads took: 0.0000198 seconds
[2019-12-09T07:04:27.516+0000][1][safepoint    ] Application time: 4.0002709 seconds
[2019-12-09T07:04:27.516+0000][1][safepoint    ] Entering safepoint region: Cleanup
[2019-12-09T07:04:27.516+0000][1][safepoint    ] Leaving safepoint region
[2019-12-09T07:04:27.516+0000][1][safepoint    ] Total time for which application threads were stopped: 0.0001129 seconds, Stopping threads took: 0.0000213 seconds
[2019-12-09T07:04:29.516+0000][1][safepoint    ] Application time: 2.0001433 seconds
[2019-12-09T07:04:29.516+0000][1][safepoint    ] Entering safepoint region: Cleanup
[2019-12-09T07:04:29.516+0000][1][safepoint    ] Leaving safepoint region
[2019-12-09T07:04:29.516+0000][1][safepoint    ] Total time for which application threads were stopped: 0.0001136 seconds, Stopping threads took: 0.0000215 seconds
[2019-12-09T07:04:30.517+0000][1][safepoint    ] Application time: 1.0000775 seconds
[2019-12-09T07:04:30.517+0000][1][safepoint    ] Entering safepoint region: Cleanup
[2019-12-09T07:04:30.517+0000][1][safepoint    ] Leaving safepoint region
[2019-12-09T07:04:30.517+0000][1][safepoint    ] Total time for which application threads were stopped: 0.0001285 seconds, Stopping threads took: 0.0000291 seconds
[2019-12-09T07:04:31.517+0000][1][safepoint    ] Application time: 1.0000794 seconds
[2019-12-09T07:04:31.517+0000][1][safepoint    ] Entering safepoint region: Cleanup
[2019-12-09T07:04:31.517+0000][1][safepoint    ] Leaving safepoint region
[2019-12-09T07:04:31.517+0000][1][safepoint    ] Total time for which application threads were stopped: 0.0001115 seconds, Stopping threads took: 0.0000200 seconds
[2019-12-09T07:04:32.517+0000][1][safepoint    ] Application time: 1.0000782 seconds
[2019-12-09T07:04:32.517+0000][1][safepoint    ] Entering safepoint region: Cleanup
[2019-12-09T07:04:32.517+0000][1][safepoint    ] Leaving safepoint region
[2019-12-09T07:04:32.517+0000][1][safepoint    ] Total time for which application threads were stopped: 0.0001189 seconds, Stopping threads took: 0.0000199 seconds
[2019-12-09T07:04:34.517+0000][1][safepoint    ] Application time: 2.0001451 seconds
[2019-12-09T07:04:34.517+0000][1][safepoint    ] Entering safepoint region: Cleanup
[2019-12-09T07:04:34.518+0000][1][safepoint    ] Leaving safepoint region
[2019-12-09T07:04:34.518+0000][1][safepoint    ] Total time for which application threads were stopped: 0.0001243 seconds, Stopping threads took: 0.0000294 seconds
[2019-12-09T07:04:37.518+0000][1][safepoint    ] Application time: 3.0002158 seconds
[2019-12-09T07:04:37.518+0000][1][safepoint    ] Entering safepoint region: Cleanup
[2019-12-09T07:04:37.518+0000][1][safepoint    ] Leaving safepoint region
[2019-12-09T07:04:37.518+0000][1][safepoint    ] Total time for which application threads were stopped: 0.0001105 seconds, Stopping threads took: 0.0000198 seconds
[2019-12-09T07:04:38.518+0000][1][safepoint    ] Application time: 1.0000794 seconds
[2019-12-09T07:04:38.518+0000][1][safepoint    ] Entering safepoint region: Cleanup
[2019-12-09T07:04:38.518+0000][1][safepoint    ] Leaving safepoint region
[2019-12-09T07:04:38.518+0000][1][safepoint    ] Total time for which application threads were stopped: 0.0001151 seconds, Stopping threads took: 0.0000202 seconds
[2019-12-09T07:04:43.518+0000][1][safepoint    ] Application time: 5.0003487 seconds
[2019-12-09T07:04:43.519+0000][1][safepoint    ] Entering safepoint region: Cleanup
[2019-12-09T07:04:43.519+0000][1][safepoint    ] Leaving safepoint region
[2019-12-09T07:04:43.519+0000][1][safepoint    ] Total time for which application threads were stopped: 0.0001210 seconds, Stopping threads took: 0.0000291 seconds
[2019-12-09T07:04:45.519+0000][1][safepoint    ] Application time: 2.0001468 seconds
[2019-12-09T07:04:45.519+0000][1][safepoint    ] Entering safepoint region: Cleanup
[2019-12-09T07:04:45.519+0000][1][safepoint    ] Leaving safepoint region
[2019-12-09T07:04:45.519+0000][1][safepoint    ] Total time for which application threads were stopped: 0.0001110 seconds, Stopping threads took: 0.0000200 seconds
[2019-12-09T07:04:46.833+0000][1][safepoint    ] Application time: 1.3142115 seconds
[2019-12-09T07:04:46.833+0000][1][safepoint    ] Entering safepoint region: GenCollectForAllocation
[2019-12-09T07:04:46.833+0000][1][gc,start     ] GC(29) Pause Young (Allocation Failure)
[2019-12-09T07:04:46.833+0000][1][gc,task      ] GC(29) Using 2 workers of 2 for evacuation
[2019-12-09T07:04:46.837+0000][1][gc,age       ] GC(29) Desired survivor size 4456448 bytes, new threshold 6 (max threshold 6)
[2019-12-09T07:04:46.837+0000][1][gc,age       ] GC(29) Age table with threshold 6 (max threshold 6)
[2019-12-09T07:04:46.837+0000][1][gc,age       ] GC(29) - age   1:      67112 bytes,      67112 total
[2019-12-09T07:04:46.837+0000][1][gc,age       ] GC(29) - age   2:     174632 bytes,     241744 total
[2019-12-09T07:04:46.837+0000][1][gc,age       ] GC(29) - age   3:     748576 bytes,     990320 total
[2019-12-09T07:04:46.837+0000][1][gc,heap      ] GC(29) ParNew: 73544K->1126K(78656K)
[2019-12-09T07:04:46.837+0000][1][gc,heap      ] GC(29) CMS: 74256K->74256K(174784K)
[2019-12-09T07:04:46.837+0000][1][gc,metaspace ] GC(29) Metaspace: 78430K->78430K(1120256K)
[2019-12-09T07:04:46.837+0000][1][gc           ] GC(29) Pause Young (Allocation Failure) 144M->73M(247M) 3.873ms
[2019-12-09T07:04:46.837+0000][1][gc,cpu       ] GC(29) User=0.00s Sys=0.00s Real=0.01s
[2019-12-09T07:04:46.837+0000][1][safepoint    ] Leaving safepoint region
[2019-12-09T07:04:46.837+0000][1][safepoint    ] Total time for which application threads were stopped: 0.0040511 seconds, Stopping threads took: 0.0000186 seconds
[2019-12-09T07:04:48.837+0000][1][safepoint    ] Application time: 2.0001512 seconds
[2019-12-09T07:04:48.837+0000][1][safepoint    ] Entering safepoint region: Cleanup
[2019-12-09T07:04:48.838+0000][1][safepoint    ] Leaving safepoint region
[2019-12-09T07:04:48.838+0000][1][safepoint    ] Total time for which application threads were stopped: 0.0001107 seconds, Stopping threads took: 0.0000210 seconds
[2019-12-09T07:04:50.838+0000][1][safepoint    ] Application time: 2.0001524 seconds
[2019-12-09T07:04:50.838+0000][1][safepoint    ] Entering safepoint region: Cleanup
[2019-12-09T07:04:50.838+0000][1][safepoint    ] Leaving safepoint region
[2019-12-09T07:04:50.838+0000][1][safepoint    ] Total time for which application threads were stopped: 0.0001141 seconds, Stopping threads took: 0.0000241 seconds
[2019-12-09T07:04:51.838+0000][1][safepoint    ] Application time: 1.0000761 seconds
[2019-12-09T07:04:51.838+0000][1][safepoint    ] Entering safepoint region: Cleanup
[2019-12-09T07:04:51.838+0000][1][safepoint    ] Leaving safepoint region
[2019-12-09T07:04:51.838+0000][1][safepoint    ] Total time for which application threads were stopped: 0.0001269 seconds, Stopping threads took: 0.0000202 seconds
[2019-12-09T07:04:53.838+0000][1][safepoint    ] Application time: 2.0001484 seconds
[2019-12-09T07:04:53.838+0000][1][safepoint    ] Entering safepoint region: Cleanup
[2019-12-09T07:04:53.838+0000][1][safepoint    ] Leaving safepoint region
[2019-12-09T07:04:53.838+0000][1][safepoint    ] Total time for which application threads were stopped: 0.0001030 seconds, Stopping threads took: 0.0000187 seconds
[2019-12-09T07:04:54.838+0000][1][safepoint    ] Application time: 1.0000771 seconds
[2019-12-09T07:04:54.838+0000][1][safepoint    ] Entering safepoint region: Cleanup
[2019-12-09T07:04:54.839+0000][1][safepoint    ] Leaving safepoint region
[2019-12-09T07:04:54.839+0000][1][safepoint    ] Total time for which application threads were stopped: 0.0001225 seconds, Stopping threads took: 0.0000276 seconds
[2019-12-09T07:04:58.839+0000][1][safepoint    ] Application time: 4.0002891 seconds
[2019-12-09T07:04:58.839+0000][1][safepoint    ] Entering safepoint region: Cleanup
[2019-12-09T07:04:58.839+0000][1][safepoint    ] Leaving safepoint region
[2019-12-09T07:04:58.839+0000][1][safepoint    ] Total time for which application threads were stopped: 0.0001099 seconds, Stopping threads took: 0.0000200 seconds
[2019-12-09T07:04:59.839+0000][1][safepoint    ] Application time: 1.0000771 seconds
[2019-12-09T07:04:59.839+0000][1][safepoint    ] Entering safepoint region: Cleanup
[2019-12-09T07:04:59.839+0000][1][safepoint    ] Leaving safepoint region
[2019-12-09T07:04:59.839+0000][1][safepoint    ] Total time for which application threads were stopped: 0.0001163 seconds, Stopping threads took: 0.0000268 seconds
[2019-12-09T07:05:00.839+0000][1][safepoint    ] Application time: 1.0000755 seconds
[2019-12-09T07:05:00.839+0000][1][safepoint    ] Entering safepoint region: Cleanup
[2019-12-09T07:05:00.839+0000][1][safepoint    ] Leaving safepoint region
[2019-12-09T07:05:00.839+0000][1][safepoint    ] Total time for which application threads were stopped: 0.0001084 seconds, Stopping threads took: 0.0000204 seconds
[2019-12-09T07:05:02.840+0000][1][safepoint    ] Application time: 2.0001415 seconds
[2019-12-09T07:05:02.840+0000][1][safepoint    ] Entering safepoint region: Cleanup
[2019-12-09T07:05:02.840+0000][1][safepoint    ] Leaving safepoint region
[2019-12-09T07:05:02.840+0000][1][safepoint    ] Total time for which application threads were stopped: 0.0001250 seconds, Stopping threads took: 0.0000200 seconds
[2019-12-09T07:05:03.840+0000][1][safepoint    ] Application time: 1.0000759 seconds
[2019-12-09T07:05:03.840+0000][1][safepoint    ] Entering safepoint region: Cleanup
[2019-12-09T07:05:03.840+0000][1][safepoint    ] Leaving safepoint region
[2019-12-09T07:05:03.840+0000][1][safepoint    ] Total time for which application threads were stopped: 0.0001049 seconds, Stopping threads took: 0.0000189 seconds
[2019-12-09T07:05:13.841+0000][1][safepoint    ] Application time: 10.0006752 seconds
[2019-12-09T07:05:13.841+0000][1][safepoint    ] Entering safepoint region: Cleanup
[2019-12-09T07:05:13.841+0000][1][safepoint    ] Leaving safepoint region
[2019-12-09T07:05:13.841+0000][1][safepoint    ] Total time for which application threads were stopped: 0.0001123 seconds, Stopping threads took: 0.0000203 seconds
[2019-12-09T07:05:14.841+0000][1][safepoint    ] Application time: 1.0000763 seconds
[2019-12-09T07:05:14.841+0000][1][safepoint    ] Entering safepoint region: Cleanup
[2019-12-09T07:05:14.841+0000][1][safepoint    ] Leaving safepoint region
[2019-12-09T07:05:14.841+0000][1][safepoint    ] Total time for which application threads were stopped: 0.0001066 seconds, Stopping threads took: 0.0000203 seconds
[2019-12-09T07:05:17.841+0000][1][safepoint    ] Application time: 3.0002088 seconds
[2019-12-09T07:05:17.841+0000][1][safepoint    ] Entering safepoint region: Cleanup
[2019-12-09T07:05:17.841+0000][1][safepoint    ] Leaving safepoint region
[2019-12-09T07:05:17.841+0000][1][safepoint    ] Total time for which application threads were stopped: 0.0001115 seconds, Stopping threads took: 0.0000205 seconds
[2019-12-09T07:05:20.842+0000][1][safepoint    ] Application time: 3.0002103 seconds
[2019-12-09T07:05:20.842+0000][1][safepoint    ] Entering safepoint region: Cleanup
[2019-12-09T07:05:20.842+0000][1][safepoint    ] Leaving safepoint region
[2019-12-09T07:05:20.842+0000][1][safepoint    ] Total time for which application threads were stopped: 0.0001217 seconds, Stopping threads took: 0.0000194 seconds
[2019-12-09T07:05:23.842+0000][1][safepoint    ] Application time: 3.0002084 seconds
[2019-12-09T07:05:23.842+0000][1][safepoint    ] Entering safepoint region: Cleanup
[2019-12-09T07:05:23.842+0000][1][safepoint    ] Leaving safepoint region
[2019-12-09T07:05:23.842+0000][1][safepoint    ] Total time for which application threads were stopped: 0.0001183 seconds, Stopping threads took: 0.0000196 seconds
[2019-12-09T07:05:24.842+0000][1][safepoint    ] Application time: 1.0000834 seconds
[2019-12-09T07:05:24.842+0000][1][safepoint    ] Entering safepoint region: Cleanup
[2019-12-09T07:05:24.842+0000][1][safepoint    ] Leaving safepoint region
[2019-12-09T07:05:24.842+0000][1][safepoint    ] Total time for which application threads were stopped: 0.0001109 seconds, Stopping threads took: 0.0000193 seconds
[2019-12-09T07:05:29.843+0000][1][safepoint    ] Application time: 5.0003481 seconds
[2019-12-09T07:05:29.843+0000][1][safepoint    ] Entering safepoint region: Cleanup
[2019-12-09T07:05:29.843+0000][1][safepoint    ] Leaving safepoint region
[2019-12-09T07:05:29.843+0000][1][safepoint    ] Total time for which application threads were stopped: 0.0001152 seconds, Stopping threads took: 0.0000281 seconds
[2019-12-09T07:05:30.843+0000][1][safepoint    ] Application time: 1.0000822 seconds
[2019-12-09T07:05:30.843+0000][1][safepoint    ] Entering safepoint region: Cleanup
[2019-12-09T07:05:30.843+0000][1][safepoint    ] Leaving safepoint region
[2019-12-09T07:05:30.843+0000][1][safepoint    ] Total time for which application threads were stopped: 0.0001495 seconds, Stopping threads took: 0.0000283 seconds
[2019-12-09T07:05:34.843+0000][1][safepoint    ] Application time: 4.0002713 seconds
[2019-12-09T07:05:34.844+0000][1][safepoint    ] Entering safepoint region: Cleanup
[2019-12-09T07:05:34.844+0000][1][safepoint    ] Leaving safepoint region
[2019-12-09T07:05:34.844+0000][1][safepoint    ] Total time for which application threads were stopped: 0.0001108 seconds, Stopping threads took: 0.0000200 seconds
[2019-12-09T07:05:37.844+0000][1][safepoint    ] Application time: 3.0002213 seconds
[2019-12-09T07:05:37.844+0000][1][safepoint    ] Entering safepoint region: Cleanup
[2019-12-09T07:05:37.844+0000][1][safepoint    ] Leaving safepoint region
[2019-12-09T07:05:37.844+0000][1][safepoint    ] Total time for which application threads were stopped: 0.0001135 seconds, Stopping threads took: 0.0000204 seconds
[2019-12-09T07:05:38.844+0000][1][safepoint    ] Application time: 1.0000772 seconds
[2019-12-09T07:05:38.844+0000][1][safepoint    ] Entering safepoint region: Cleanup
[2019-12-09T07:05:38.844+0000][1][safepoint    ] Leaving safepoint region
[2019-12-09T07:05:38.844+0000][1][safepoint    ] Total time for which application threads were stopped: 0.0001167 seconds, Stopping threads took: 0.0000209 seconds
[2019-12-09T07:05:43.845+0000][1][safepoint    ] Application time: 5.0003546 seconds
[2019-12-09T07:05:43.845+0000][1][safepoint    ] Entering safepoint region: Cleanup
[2019-12-09T07:05:43.845+0000][1][safepoint    ] Leaving safepoint region
[2019-12-09T07:05:43.845+0000][1][safepoint    ] Total time for which application threads were stopped: 0.0001247 seconds, Stopping threads took: 0.0000210 seconds
[2019-12-09T07:05:45.845+0000][1][safepoint    ] Application time: 2.0001460 seconds
[2019-12-09T07:05:45.845+0000][1][safepoint    ] Entering safepoint region: Cleanup
[2019-12-09T07:05:45.845+0000][1][safepoint    ] Leaving safepoint region
[2019-12-09T07:05:45.845+0000][1][safepoint    ] Total time for which application threads were stopped: 0.0001095 seconds, Stopping threads took: 0.0000203 seconds
[2019-12-09T07:05:49.845+0000][1][safepoint    ] Application time: 4.0002455 seconds
[2019-12-09T07:05:49.845+0000][1][safepoint    ] Entering safepoint region: Cleanup
[2019-12-09T07:05:49.845+0000][1][safepoint    ] Leaving safepoint region
[2019-12-09T07:05:49.845+0000][1][safepoint    ] Total time for which application threads were stopped: 0.0001084 seconds, Stopping threads took: 0.0000198 seconds
[2019-12-09T07:05:54.846+0000][1][safepoint    ] Application time: 5.0003604 seconds
[2019-12-09T07:05:54.846+0000][1][safepoint    ] Entering safepoint region: Cleanup
[2019-12-09T07:05:54.846+0000][1][safepoint    ] Leaving safepoint region
[2019-12-09T07:05:54.846+0000][1][safepoint    ] Total time for which application threads were stopped: 0.0001191 seconds, Stopping threads took: 0.0000203 seconds
[2019-12-09T07:06:02.847+0000][1][safepoint    ] Application time: 8.0005595 seconds
[2019-12-09T07:06:02.847+0000][1][safepoint    ] Entering safepoint region: Cleanup
[2019-12-09T07:06:02.847+0000][1][safepoint    ] Leaving safepoint region
[2019-12-09T07:06:02.847+0000][1][safepoint    ] Total time for which application threads were stopped: 0.0001269 seconds, Stopping threads took: 0.0000307 seconds
[2019-12-09T07:06:15.848+0000][1][safepoint    ] Application time: 13.0008850 seconds
[2019-12-09T07:06:15.848+0000][1][safepoint    ] Entering safepoint region: Cleanup
[2019-12-09T07:06:15.848+0000][1][safepoint    ] Leaving safepoint region
[2019-12-09T07:06:15.848+0000][1][safepoint    ] Total time for which application threads were stopped: 0.0001392 seconds, Stopping threads took: 0.0000294 seconds
[2019-12-09T07:06:20.848+0000][1][safepoint    ] Application time: 5.0003513 seconds
[2019-12-09T07:06:20.848+0000][1][safepoint    ] Entering safepoint region: Cleanup
[2019-12-09T07:06:20.848+0000][1][safepoint    ] Leaving safepoint region
[2019-12-09T07:06:20.848+0000][1][safepoint    ] Total time for which application threads were stopped: 0.0001107 seconds, Stopping threads took: 0.0000197 seconds
[2019-12-09T07:06:21.848+0000][1][safepoint    ] Application time: 1.0000791 seconds
[2019-12-09T07:06:21.848+0000][1][safepoint    ] Entering safepoint region: Cleanup
[2019-12-09T07:06:21.849+0000][1][safepoint    ] Leaving safepoint region
[2019-12-09T07:06:21.849+0000][1][safepoint    ] Total time for which application threads were stopped: 0.0001207 seconds, Stopping threads took: 0.0000205 seconds
[2019-12-09T07:06:22.849+0000][1][safepoint    ] Application time: 1.0000780 seconds
[2019-12-09T07:06:22.849+0000][1][safepoint    ] Entering safepoint region: Cleanup
[2019-12-09T07:06:22.849+0000][1][safepoint    ] Leaving safepoint region
[2019-12-09T07:06:22.849+0000][1][safepoint    ] Total time for which application threads were stopped: 0.0001290 seconds, Stopping threads took: 0.0000195 seconds
[2019-12-09T07:06:25.849+0000][1][safepoint    ] Application time: 3.0002076 seconds
[2019-12-09T07:06:25.849+0000][1][safepoint    ] Entering safepoint region: Cleanup
[2019-12-09T07:06:25.849+0000][1][safepoint    ] Leaving safepoint region
[2019-12-09T07:06:25.849+0000][1][safepoint    ] Total time for which application threads were stopped: 0.0001196 seconds, Stopping threads took: 0.0000200 seconds
[2019-12-09T07:06:26.849+0000][1][safepoint    ] Application time: 1.0000768 seconds
[2019-12-09T07:06:26.849+0000][1][safepoint    ] Entering safepoint region: Cleanup
[2019-12-09T07:06:26.849+0000][1][safepoint    ] Leaving safepoint region
[2019-12-09T07:06:26.849+0000][1][safepoint    ] Total time for which application threads were stopped: 0.0001122 seconds, Stopping threads took: 0.0000217 seconds
[2019-12-09T07:06:30.850+0000][1][safepoint    ] Application time: 4.0002837 seconds
[2019-12-09T07:06:30.850+0000][1][safepoint    ] Entering safepoint region: Cleanup
[2019-12-09T07:06:30.850+0000][1][safepoint    ] Leaving safepoint region
[2019-12-09T07:06:30.850+0000][1][safepoint    ] Total time for which application threads were stopped: 0.0001148 seconds, Stopping threads took: 0.0000209 seconds
[2019-12-09T07:06:34.850+0000][1][safepoint    ] Application time: 4.0002798 seconds
[2019-12-09T07:06:34.850+0000][1][safepoint    ] Entering safepoint region: Cleanup
[2019-12-09T07:06:34.850+0000][1][safepoint    ] Leaving safepoint region
[2019-12-09T07:06:34.850+0000][1][safepoint    ] Total time for which application threads were stopped: 0.0001140 seconds, Stopping threads took: 0.0000208 seconds
[2019-12-09T07:06:35.850+0000][1][safepoint    ] Application time: 1.0000770 seconds
[2019-12-09T07:06:35.850+0000][1][safepoint    ] Entering safepoint region: Cleanup
[2019-12-09T07:06:35.850+0000][1][safepoint    ] Leaving safepoint region
[2019-12-09T07:06:35.850+0000][1][safepoint    ] Total time for which application threads were stopped: 0.0001175 seconds, Stopping threads took: 0.0000176 seconds
[2019-12-09T07:06:37.069+0000][1][safepoint    ] Application time: 1.2182324 seconds
[2019-12-09T07:06:37.069+0000][1][safepoint    ] Entering safepoint region: GenCollectForAllocation
[2019-12-09T07:06:37.069+0000][1][gc,start     ] GC(30) Pause Young (Allocation Failure)
[2019-12-09T07:06:37.069+0000][1][gc,task      ] GC(30) Using 2 workers of 2 for evacuation
[2019-12-09T07:06:37.073+0000][1][gc,age       ] GC(30) Desired survivor size 4456448 bytes, new threshold 6 (max threshold 6)
[2019-12-09T07:06:37.073+0000][1][gc,age       ] GC(30) Age table with threshold 6 (max threshold 6)
[2019-12-09T07:06:37.073+0000][1][gc,age       ] GC(30) - age   1:      18568 bytes,      18568 total
[2019-12-09T07:06:37.073+0000][1][gc,age       ] GC(30) - age   2:      53024 bytes,      71592 total
[2019-12-09T07:06:37.073+0000][1][gc,age       ] GC(30) - age   3:     173936 bytes,     245528 total
[2019-12-09T07:06:37.073+0000][1][gc,age       ] GC(30) - age   4:     748440 bytes,     993968 total
[2019-12-09T07:06:37.073+0000][1][gc,heap      ] GC(30) ParNew: 71040K->1510K(78656K)
[2019-12-09T07:06:37.073+0000][1][gc,heap      ] GC(30) CMS: 74256K->74256K(174784K)
[2019-12-09T07:06:37.073+0000][1][gc,metaspace ] GC(30) Metaspace: 78602K->78602K(1120256K)
[2019-12-09T07:06:37.073+0000][1][gc           ] GC(30) Pause Young (Allocation Failure) 141M->73M(247M) 3.960ms
[2019-12-09T07:06:37.073+0000][1][gc,cpu       ] GC(30) User=0.01s Sys=0.00s Real=0.00s
[2019-12-09T07:06:37.073+0000][1][safepoint    ] Leaving safepoint region
[2019-12-09T07:06:37.073+0000][1][safepoint    ] Total time for which application threads were stopped: 0.0041704 seconds, Stopping threads took: 0.0000262 seconds
[2019-12-09T07:06:38.331+0000][1][safepoint    ] Application time: 1.2582898 seconds
[2019-12-09T07:06:38.331+0000][1][safepoint    ] Entering safepoint region: RevokeBias
[2019-12-09T07:06:38.331+0000][1][safepoint    ] Leaving safepoint region
[2019-12-09T07:06:38.331+0000][1][safepoint    ] Total time for which application threads were stopped: 0.0001533 seconds, Stopping threads took: 0.0000245 seconds
[2019-12-09T07:06:38.331+0000][1][safepoint    ] Application time: 0.0000661 seconds
[2019-12-09T07:06:38.331+0000][1][safepoint    ] Entering safepoint region: RevokeBias
[2019-12-09T07:06:38.332+0000][1][safepoint    ] Leaving safepoint region
[2019-12-09T07:06:38.332+0000][1][safepoint    ] Total time for which application threads were stopped: 0.0000778 seconds, Stopping threads took: 0.0000094 seconds
[2019-12-09T07:06:38.332+0000][1][safepoint    ] Application time: 0.0000556 seconds
[2019-12-09T07:06:38.332+0000][1][safepoint    ] Entering safepoint region: RevokeBias
[2019-12-09T07:06:38.332+0000][1][safepoint    ] Leaving safepoint region
[2019-12-09T07:06:38.332+0000][1][safepoint    ] Total time for which application threads were stopped: 0.0000780 seconds, Stopping threads took: 0.0000084 seconds
[2019-12-09T07:06:38.332+0000][1][safepoint    ] Application time: 0.0000664 seconds
[2019-12-09T07:06:38.332+0000][1][safepoint    ] Entering safepoint region: RevokeBias
[2019-12-09T07:06:38.332+0000][1][safepoint    ] Leaving safepoint region
[2019-12-09T07:06:38.332+0000][1][safepoint    ] Total time for which application threads were stopped: 0.0001028 seconds, Stopping threads took: 0.0000534 seconds
[2019-12-09T07:06:38.332+0000][1][safepoint    ] Application time: 0.0000538 seconds
[2019-12-09T07:06:38.332+0000][1][safepoint    ] Entering safepoint region: RevokeBias
[2019-12-09T07:06:38.332+0000][1][safepoint    ] Leaving safepoint region
[2019-12-09T07:06:38.332+0000][1][safepoint    ] Total time for which application threads were stopped: 0.0000459 seconds, Stopping threads took: 0.0000070 seconds
[2019-12-09T07:06:38.332+0000][1][safepoint    ] Application time: 0.0000407 seconds
[2019-12-09T07:06:38.332+0000][1][safepoint    ] Entering safepoint region: RevokeBias
[2019-12-09T07:06:38.332+0000][1][safepoint    ] Leaving safepoint region
[2019-12-09T07:06:38.332+0000][1][safepoint    ] Total time for which application threads were stopped: 0.0000443 seconds, Stopping threads took: 0.0000057 seconds
[2019-12-09T07:06:39.332+0000][1][safepoint    ] Application time: 1.0000814 seconds
[2019-12-09T07:06:39.332+0000][1][safepoint    ] Entering safepoint region: Cleanup
[2019-12-09T07:06:39.332+0000][1][safepoint    ] Leaving safepoint region
[2019-12-09T07:06:39.332+0000][1][safepoint    ] Total time for which application threads were stopped: 0.0001193 seconds, Stopping threads took: 0.0000284 seconds
[2019-12-09T07:06:41.333+0000][1][safepoint    ] Application time: 2.0001446 seconds
[2019-12-09T07:06:41.333+0000][1][safepoint    ] Entering safepoint region: Cleanup
[2019-12-09T07:06:41.333+0000][1][safepoint    ] Leaving safepoint region
[2019-12-09T07:06:41.333+0000][1][safepoint    ] Total time for which application threads were stopped: 0.0001115 seconds, Stopping threads took: 0.0000192 seconds
[2019-12-09T07:06:44.333+0000][1][safepoint    ] Application time: 3.0002188 seconds
[2019-12-09T07:06:44.333+0000][1][safepoint    ] Entering safepoint region: Cleanup
[2019-12-09T07:06:44.333+0000][1][safepoint    ] Leaving safepoint region
[2019-12-09T07:06:44.333+0000][1][safepoint    ] Total time for which application threads were stopped: 0.0001187 seconds, Stopping threads took: 0.0000227 seconds
[2019-12-09T07:06:47.337+0000][1][safepoint    ] Application time: 3.0039675 seconds
[2019-12-09T07:06:47.337+0000][1][safepoint    ] Entering safepoint region: Cleanup
[2019-12-09T07:06:47.337+0000][1][safepoint    ] Leaving safepoint region
[2019-12-09T07:06:47.337+0000][1][safepoint    ] Total time for which application threads were stopped: 0.0001284 seconds, Stopping threads took: 0.0000283 seconds
[2019-12-09T07:06:50.337+0000][1][safepoint    ] Application time: 3.0001973 seconds
[2019-12-09T07:06:50.337+0000][1][safepoint    ] Entering safepoint region: Cleanup
[2019-12-09T07:06:50.338+0000][1][safepoint    ] Leaving safepoint region
[2019-12-09T07:06:50.338+0000][1][safepoint    ] Total time for which application threads were stopped: 0.0001370 seconds, Stopping threads took: 0.0000210 seconds
[2019-12-09T07:06:56.338+0000][1][safepoint    ] Application time: 6.0004129 seconds
[2019-12-09T07:06:56.338+0000][1][safepoint    ] Entering safepoint region: Cleanup
[2019-12-09T07:06:56.338+0000][1][safepoint    ] Leaving safepoint region
[2019-12-09T07:06:56.338+0000][1][safepoint    ] Total time for which application threads were stopped: 0.0001097 seconds, Stopping threads took: 0.0000203 seconds
[2019-12-09T07:06:57.338+0000][1][safepoint    ] Application time: 1.0000780 seconds
[2019-12-09T07:06:57.338+0000][1][safepoint    ] Entering safepoint region: Cleanup
[2019-12-09T07:06:57.338+0000][1][safepoint    ] Leaving safepoint region
[2019-12-09T07:06:57.338+0000][1][safepoint    ] Total time for which application threads were stopped: 0.0001093 seconds, Stopping threads took: 0.0000208 seconds
[2019-12-09T07:07:03.339+0000][1][safepoint    ] Application time: 6.0004251 seconds
[2019-12-09T07:07:03.339+0000][1][safepoint    ] Entering safepoint region: Cleanup
[2019-12-09T07:07:03.339+0000][1][safepoint    ] Leaving safepoint region
[2019-12-09T07:07:03.339+0000][1][safepoint    ] Total time for which application threads were stopped: 0.0001127 seconds, Stopping threads took: 0.0000205 seconds
[2019-12-09T07:07:04.339+0000][1][safepoint    ] Application time: 1.0000808 seconds
[2019-12-09T07:07:04.339+0000][1][safepoint    ] Entering safepoint region: Cleanup
[2019-12-09T07:07:04.339+0000][1][safepoint    ] Leaving safepoint region
[2019-12-09T07:07:04.339+0000][1][safepoint    ] Total time for which application threads were stopped: 0.0001073 seconds, Stopping threads took: 0.0000200 seconds
[2019-12-09T07:07:10.340+0000][1][safepoint    ] Application time: 6.0004457 seconds
[2019-12-09T07:07:10.340+0000][1][safepoint    ] Entering safepoint region: Cleanup
[2019-12-09T07:07:10.340+0000][1][safepoint    ] Leaving safepoint region
[2019-12-09T07:07:10.340+0000][1][safepoint    ] Total time for which application threads were stopped: 0.0001418 seconds, Stopping threads took: 0.0000397 seconds
[2019-12-09T07:07:13.340+0000][1][safepoint    ] Application time: 3.0002115 seconds
[2019-12-09T07:07:13.340+0000][1][safepoint    ] Entering safepoint region: Cleanup
[2019-12-09T07:07:13.340+0000][1][safepoint    ] Leaving safepoint region
[2019-12-09T07:07:13.340+0000][1][safepoint    ] Total time for which application threads were stopped: 0.0001062 seconds, Stopping threads took: 0.0000204 seconds
[2019-12-09T07:07:18.341+0000][1][safepoint    ] Application time: 5.0003475 seconds
[2019-12-09T07:07:18.341+0000][1][safepoint    ] Entering safepoint region: Cleanup
[2019-12-09T07:07:18.341+0000][1][safepoint    ] Leaving safepoint region
[2019-12-09T07:07:18.341+0000][1][safepoint    ] Total time for which application threads were stopped: 0.0001073 seconds, Stopping threads took: 0.0000201 seconds
[2019-12-09T07:07:22.341+0000][1][safepoint    ] Application time: 4.0002876 seconds
[2019-12-09T07:07:22.341+0000][1][safepoint    ] Entering safepoint region: Cleanup
[2019-12-09T07:07:22.341+0000][1][safepoint    ] Leaving safepoint region
[2019-12-09T07:07:22.341+0000][1][safepoint    ] Total time for which application threads were stopped: 0.0001076 seconds, Stopping threads took: 0.0000200 seconds
[2019-12-09T07:07:23.179+0000][1][safepoint    ] Application time: 0.8381136 seconds
[2019-12-09T07:07:23.179+0000][1][safepoint    ] Entering safepoint region: RevokeBias
[2019-12-09T07:07:23.179+0000][1][safepoint    ] Leaving safepoint region
[2019-12-09T07:07:23.179+0000][1][safepoint    ] Total time for which application threads were stopped: 0.0001698 seconds, Stopping threads took: 0.0000239 seconds
[2019-12-09T07:07:23.188+0000][1][safepoint    ] Application time: 0.0084882 seconds
[2019-12-09T07:07:23.188+0000][1][safepoint    ] Entering safepoint region: RevokeBias
[2019-12-09T07:07:23.188+0000][1][safepoint    ] Leaving safepoint region
[2019-12-09T07:07:23.188+0000][1][safepoint    ] Total time for which application threads were stopped: 0.0001504 seconds, Stopping threads took: 0.0000210 seconds
[2019-12-09T07:07:23.188+0000][1][safepoint    ] Application time: 0.0000736 seconds
[2019-12-09T07:07:23.188+0000][1][safepoint    ] Entering safepoint region: RevokeBias
[2019-12-09T07:07:23.188+0000][1][safepoint    ] Leaving safepoint region
[2019-12-09T07:07:23.188+0000][1][safepoint    ] Total time for which application threads were stopped: 0.0000508 seconds, Stopping threads took: 0.0000069 seconds
[2019-12-09T07:07:23.203+0000][1][safepoint    ] Application time: 0.0147268 seconds
[2019-12-09T07:07:23.203+0000][1][safepoint    ] Entering safepoint region: RevokeBias
[2019-12-09T07:07:23.203+0000][1][safepoint    ] Leaving safepoint region
[2019-12-09T07:07:23.203+0000][1][safepoint    ] Total time for which application threads were stopped: 0.0001191 seconds, Stopping threads took: 0.0000190 seconds
[2019-12-09T07:07:23.203+0000][1][safepoint    ] Application time: 0.0003409 seconds
[2019-12-09T07:07:23.203+0000][1][safepoint    ] Entering safepoint region: RevokeBias
[2019-12-09T07:07:23.204+0000][1][safepoint    ] Leaving safepoint region
[2019-12-09T07:07:23.204+0000][1][safepoint    ] Total time for which application threads were stopped: 0.0001020 seconds, Stopping threads took: 0.0000143 seconds
[2019-12-09T07:07:23.206+0000][1][safepoint    ] Application time: 0.0025164 seconds
[2019-12-09T07:07:23.206+0000][1][safepoint    ] Entering safepoint region: RevokeBias
[2019-12-09T07:07:23.206+0000][1][safepoint    ] Leaving safepoint region
[2019-12-09T07:07:23.206+0000][1][safepoint    ] Total time for which application threads were stopped: 0.0001014 seconds, Stopping threads took: 0.0000144 seconds
[2019-12-09T07:07:24.206+0000][1][safepoint    ] Application time: 1.0000769 seconds
[2019-12-09T07:07:24.206+0000][1][safepoint    ] Entering safepoint region: Cleanup
[2019-12-09T07:07:24.206+0000][1][safepoint    ] Leaving safepoint region
[2019-12-09T07:07:24.206+0000][1][safepoint    ] Total time for which application threads were stopped: 0.0001205 seconds, Stopping threads took: 0.0000192 seconds
[2019-12-09T07:07:26.069+0000][1][safepoint    ] Application time: 1.8627542 seconds
[2019-12-09T07:07:26.069+0000][1][safepoint    ] Entering safepoint region: RevokeBias
[2019-12-09T07:07:26.069+0000][1][safepoint    ] Leaving safepoint region
[2019-12-09T07:07:26.069+0000][1][safepoint    ] Total time for which application threads were stopped: 0.0001681 seconds, Stopping threads took: 0.0000213 seconds
[2019-12-09T07:07:26.070+0000][1][safepoint    ] Application time: 0.0009275 seconds
[2019-12-09T07:07:26.070+0000][1][safepoint    ] Entering safepoint region: RevokeBias
[2019-12-09T07:07:26.071+0000][1][safepoint    ] Leaving safepoint region
[2019-12-09T07:07:26.071+0000][1][safepoint    ] Total time for which application threads were stopped: 0.0001177 seconds, Stopping threads took: 0.0000179 seconds
[2019-12-09T07:07:26.077+0000][1][safepoint    ] Application time: 0.0060649 seconds
[2019-12-09T07:07:26.077+0000][1][safepoint    ] Entering safepoint region: RevokeBias
[2019-12-09T07:07:26.077+0000][1][safepoint    ] Leaving safepoint region
[2019-12-09T07:07:26.077+0000][1][safepoint    ] Total time for which application threads were stopped: 0.0001267 seconds, Stopping threads took: 0.0000158 seconds
[2019-12-09T07:07:26.078+0000][1][safepoint    ] Application time: 0.0007839 seconds
[2019-12-09T07:07:26.078+0000][1][safepoint    ] Entering safepoint region: RevokeBias
[2019-12-09T07:07:26.078+0000][1][safepoint    ] Leaving safepoint region
[2019-12-09T07:07:26.078+0000][1][safepoint    ] Total time for which application threads were stopped: 0.0001777 seconds, Stopping threads took: 0.0000153 seconds
[2019-12-09T07:07:29.078+0000][1][safepoint    ] Application time: 3.0002188 seconds
[2019-12-09T07:07:29.078+0000][1][safepoint    ] Entering safepoint region: Cleanup
[2019-12-09T07:07:29.078+0000][1][safepoint    ] Leaving safepoint region
[2019-12-09T07:07:29.078+0000][1][safepoint    ] Total time for which application threads were stopped: 0.0001070 seconds, Stopping threads took: 0.0000199 seconds
[2019-12-09T07:07:33.078+0000][1][safepoint    ] Application time: 4.0002765 seconds
[2019-12-09T07:07:33.078+0000][1][safepoint    ] Entering safepoint region: Cleanup
[2019-12-09T07:07:33.079+0000][1][safepoint    ] Leaving safepoint region
[2019-12-09T07:07:33.079+0000][1][safepoint    ] Total time for which application threads were stopped: 0.0001088 seconds, Stopping threads took: 0.0000205 seconds
[2019-12-09T07:07:35.079+0000][1][safepoint    ] Application time: 2.0001455 seconds
[2019-12-09T07:07:35.079+0000][1][safepoint    ] Entering safepoint region: Cleanup
[2019-12-09T07:07:35.079+0000][1][safepoint    ] Leaving safepoint region
[2019-12-09T07:07:35.079+0000][1][safepoint    ] Total time for which application threads were stopped: 0.0001123 seconds, Stopping threads took: 0.0000208 seconds
[2019-12-09T07:07:53.351+0000][1][safepoint    ] Application time: 18.2721547 seconds
[2019-12-09T07:07:53.351+0000][1][safepoint    ] Entering safepoint region: RevokeBias
[2019-12-09T07:07:53.351+0000][1][safepoint    ] Leaving safepoint region
[2019-12-09T07:07:53.351+0000][1][safepoint    ] Total time for which application threads were stopped: 0.0001688 seconds, Stopping threads took: 0.0000261 seconds
[2019-12-09T07:07:57.132+0000][1][safepoint    ] Application time: 3.7804945 seconds
[2019-12-09T07:07:57.132+0000][1][safepoint    ] Entering safepoint region: GenCollectForAllocation
[2019-12-09T07:07:57.132+0000][1][gc,start     ] GC(31) Pause Young (Allocation Failure)
[2019-12-09T07:07:57.132+0000][1][gc,task      ] GC(31) Using 2 workers of 2 for evacuation
[2019-12-09T07:07:57.136+0000][1][gc,age       ] GC(31) Desired survivor size 4456448 bytes, new threshold 6 (max threshold 6)
[2019-12-09T07:07:57.136+0000][1][gc,age       ] GC(31) Age table with threshold 6 (max threshold 6)
[2019-12-09T07:07:57.136+0000][1][gc,age       ] GC(31) - age   1:     160688 bytes,     160688 total
[2019-12-09T07:07:57.136+0000][1][gc,age       ] GC(31) - age   2:       9456 bytes,     170144 total
[2019-12-09T07:07:57.136+0000][1][gc,age       ] GC(31) - age   3:      43128 bytes,     213272 total
[2019-12-09T07:07:57.136+0000][1][gc,age       ] GC(31) - age   4:      70680 bytes,     283952 total
[2019-12-09T07:07:57.136+0000][1][gc,age       ] GC(31) - age   5:     580456 bytes,     864408 total
[2019-12-09T07:07:57.136+0000][1][gc,heap      ] GC(31) ParNew: 71462K->979K(78656K)
[2019-12-09T07:07:57.136+0000][1][gc,heap      ] GC(31) CMS: 74256K->74256K(174784K)
[2019-12-09T07:07:57.136+0000][1][gc,metaspace ] GC(31) Metaspace: 78753K->78753K(1120256K)
[2019-12-09T07:07:57.136+0000][1][gc           ] GC(31) Pause Young (Allocation Failure) 142M->73M(247M) 3.976ms
[2019-12-09T07:07:57.136+0000][1][gc,cpu       ] GC(31) User=0.01s Sys=0.00s Real=0.01s
[2019-12-09T07:07:57.136+0000][1][safepoint    ] Leaving safepoint region
[2019-12-09T07:07:57.136+0000][1][safepoint    ] Total time for which application threads were stopped: 0.0041456 seconds, Stopping threads took: 0.0000183 seconds
[2019-12-09T07:07:58.136+0000][1][safepoint    ] Application time: 1.0000856 seconds
[2019-12-09T07:07:58.136+0000][1][safepoint    ] Entering safepoint region: Cleanup
[2019-12-09T07:07:58.136+0000][1][safepoint    ] Leaving safepoint region
[2019-12-09T07:07:58.136+0000][1][safepoint    ] Total time for which application threads were stopped: 0.0001041 seconds, Stopping threads took: 0.0000186 seconds
[2019-12-09T07:07:59.136+0000][1][safepoint    ] Application time: 1.0000757 seconds
[2019-12-09T07:07:59.136+0000][1][safepoint    ] Entering safepoint region: Cleanup
[2019-12-09T07:07:59.136+0000][1][safepoint    ] Leaving safepoint region
[2019-12-09T07:07:59.136+0000][1][safepoint    ] Total time for which application threads were stopped: 0.0001059 seconds, Stopping threads took: 0.0000183 seconds
[2019-12-09T07:08:00.136+0000][1][safepoint    ] Application time: 1.0000780 seconds
[2019-12-09T07:08:00.136+0000][1][safepoint    ] Entering safepoint region: Cleanup
[2019-12-09T07:08:00.137+0000][1][safepoint    ] Leaving safepoint region
[2019-12-09T07:08:00.137+0000][1][safepoint    ] Total time for which application threads were stopped: 0.0001205 seconds, Stopping threads took: 0.0000209 seconds
[2019-12-09T07:08:06.137+0000][1][safepoint    ] Application time: 6.0004221 seconds
[2019-12-09T07:08:06.137+0000][1][safepoint    ] Entering safepoint region: Cleanup
[2019-12-09T07:08:06.137+0000][1][safepoint    ] Leaving safepoint region
[2019-12-09T07:08:06.137+0000][1][safepoint    ] Total time for which application threads were stopped: 0.0001081 seconds, Stopping threads took: 0.0000198 seconds
[2019-12-09T07:08:12.138+0000][1][safepoint    ] Application time: 6.0004137 seconds
[2019-12-09T07:08:12.138+0000][1][safepoint    ] Entering safepoint region: Cleanup
[2019-12-09T07:08:12.138+0000][1][safepoint    ] Leaving safepoint region
[2019-12-09T07:08:12.138+0000][1][safepoint    ] Total time for which application threads were stopped: 0.0001228 seconds, Stopping threads took: 0.0000199 seconds
[2019-12-09T07:08:13.138+0000][1][safepoint    ] Application time: 1.0000773 seconds
[2019-12-09T07:08:13.138+0000][1][safepoint    ] Entering safepoint region: Cleanup
[2019-12-09T07:08:13.138+0000][1][safepoint    ] Leaving safepoint region
[2019-12-09T07:08:13.138+0000][1][safepoint    ] Total time for which application threads were stopped: 0.0001040 seconds, Stopping threads took: 0.0000199 seconds
[2019-12-09T07:08:18.138+0000][1][safepoint    ] Application time: 5.0003410 seconds
[2019-12-09T07:08:18.138+0000][1][safepoint    ] Entering safepoint region: Cleanup
[2019-12-09T07:08:18.138+0000][1][safepoint    ] Leaving safepoint region
[2019-12-09T07:08:18.138+0000][1][safepoint    ] Total time for which application threads were stopped: 0.0001043 seconds, Stopping threads took: 0.0000176 seconds
[2019-12-09T07:08:31.139+0000][1][safepoint    ] Application time: 13.0008759 seconds
[2019-12-09T07:08:31.139+0000][1][safepoint    ] Entering safepoint region: Cleanup
[2019-12-09T07:08:31.139+0000][1][safepoint    ] Leaving safepoint region
[2019-12-09T07:08:31.140+0000][1][safepoint    ] Total time for which application threads were stopped: 0.0001095 seconds, Stopping threads took: 0.0000197 seconds
[2019-12-09T07:08:36.140+0000][1][safepoint    ] Application time: 5.0003500 seconds
[2019-12-09T07:08:36.140+0000][1][safepoint    ] Entering safepoint region: Cleanup
[2019-12-09T07:08:36.140+0000][1][safepoint    ] Leaving safepoint region
[2019-12-09T07:08:36.140+0000][1][safepoint    ] Total time for which application threads were stopped: 0.0001112 seconds, Stopping threads took: 0.0000198 seconds
[2019-12-09T07:08:44.141+0000][1][safepoint    ] Application time: 8.0005462 seconds
[2019-12-09T07:08:44.141+0000][1][safepoint    ] Entering safepoint region: Cleanup
[2019-12-09T07:08:44.141+0000][1][safepoint    ] Leaving safepoint region
[2019-12-09T07:08:44.141+0000][1][safepoint    ] Total time for which application threads were stopped: 0.0001383 seconds, Stopping threads took: 0.0000313 seconds
[2019-12-09T07:08:49.141+0000][1][safepoint    ] Application time: 5.0003466 seconds
[2019-12-09T07:08:49.141+0000][1][safepoint    ] Entering safepoint region: Cleanup
[2019-12-09T07:08:49.141+0000][1][safepoint    ] Leaving safepoint region
[2019-12-09T07:08:49.141+0000][1][safepoint    ] Total time for which application threads were stopped: 0.0001068 seconds, Stopping threads took: 0.0000206 seconds
[2019-12-09T07:08:50.141+0000][1][safepoint    ] Application time: 1.0000775 seconds
[2019-12-09T07:08:50.141+0000][1][safepoint    ] Entering safepoint region: Cleanup
[2019-12-09T07:08:50.141+0000][1][safepoint    ] Leaving safepoint region
[2019-12-09T07:08:50.141+0000][1][safepoint    ] Total time for which application threads were stopped: 0.0001116 seconds, Stopping threads took: 0.0000212 seconds
[2019-12-09T07:08:52.142+0000][1][safepoint    ] Application time: 2.0001520 seconds
[2019-12-09T07:08:52.142+0000][1][safepoint    ] Entering safepoint region: Cleanup
[2019-12-09T07:08:52.142+0000][1][safepoint    ] Leaving safepoint region
[2019-12-09T07:08:52.142+0000][1][safepoint    ] Total time for which application threads were stopped: 0.0001561 seconds, Stopping threads took: 0.0000407 seconds
[2019-12-09T07:08:59.142+0000][1][safepoint    ] Application time: 7.0004779 seconds
[2019-12-09T07:08:59.142+0000][1][safepoint    ] Entering safepoint region: Cleanup
[2019-12-09T07:08:59.142+0000][1][safepoint    ] Leaving safepoint region
[2019-12-09T07:08:59.142+0000][1][safepoint    ] Total time for which application threads were stopped: 0.0001074 seconds, Stopping threads took: 0.0000191 seconds
[2019-12-09T07:09:00.143+0000][1][safepoint    ] Application time: 1.0000751 seconds
[2019-12-09T07:09:00.143+0000][1][safepoint    ] Entering safepoint region: Cleanup
[2019-12-09T07:09:00.143+0000][1][safepoint    ] Leaving safepoint region
[2019-12-09T07:09:00.143+0000][1][safepoint    ] Total time for which application threads were stopped: 0.0001205 seconds, Stopping threads took: 0.0000200 seconds
[2019-12-09T07:09:07.143+0000][1][safepoint    ] Application time: 7.0004717 seconds
[2019-12-09T07:09:07.143+0000][1][safepoint    ] Entering safepoint region: Cleanup
[2019-12-09T07:09:07.143+0000][1][safepoint    ] Leaving safepoint region
[2019-12-09T07:09:07.143+0000][1][safepoint    ] Total time for which application threads were stopped: 0.0001092 seconds, Stopping threads took: 0.0000195 seconds
[2019-12-09T07:09:08.143+0000][1][safepoint    ] Application time: 1.0000769 seconds
[2019-12-09T07:09:08.143+0000][1][safepoint    ] Entering safepoint region: Cleanup
[2019-12-09T07:09:08.144+0000][1][safepoint    ] Leaving safepoint region
[2019-12-09T07:09:08.144+0000][1][safepoint    ] Total time for which application threads were stopped: 0.0001030 seconds, Stopping threads took: 0.0000176 seconds
[2019-12-09T07:09:13.144+0000][1][safepoint    ] Application time: 5.0003423 seconds
[2019-12-09T07:09:13.144+0000][1][safepoint    ] Entering safepoint region: Cleanup
[2019-12-09T07:09:13.144+0000][1][safepoint    ] Leaving safepoint region
[2019-12-09T07:09:13.144+0000][1][safepoint    ] Total time for which application threads were stopped: 0.0001183 seconds, Stopping threads took: 0.0000341 seconds
[2019-12-09T07:09:33.145+0000][1][safepoint    ] Application time: 20.0013384 seconds
[2019-12-09T07:09:33.145+0000][1][safepoint    ] Entering safepoint region: Cleanup
[2019-12-09T07:09:33.146+0000][1][safepoint    ] Leaving safepoint region
[2019-12-09T07:09:33.146+0000][1][safepoint    ] Total time for which application threads were stopped: 0.0001056 seconds, Stopping threads took: 0.0000175 seconds
[2019-12-09T07:09:34.146+0000][1][safepoint    ] Application time: 1.0000739 seconds
[2019-12-09T07:09:34.146+0000][1][safepoint    ] Entering safepoint region: Cleanup
[2019-12-09T07:09:34.146+0000][1][safepoint    ] Leaving safepoint region
[2019-12-09T07:09:34.146+0000][1][safepoint    ] Total time for which application threads were stopped: 0.0001197 seconds, Stopping threads took: 0.0000332 seconds
[2019-12-09T07:09:39.146+0000][1][safepoint    ] Application time: 5.0003475 seconds
[2019-12-09T07:09:39.146+0000][1][safepoint    ] Entering safepoint region: Cleanup
[2019-12-09T07:09:39.146+0000][1][safepoint    ] Leaving safepoint region
[2019-12-09T07:09:39.146+0000][1][safepoint    ] Total time for which application threads were stopped: 0.0001076 seconds, Stopping threads took: 0.0000197 seconds
[2019-12-09T07:09:42.147+0000][1][safepoint    ] Application time: 3.0002114 seconds
[2019-12-09T07:09:42.147+0000][1][safepoint    ] Entering safepoint region: Cleanup
[2019-12-09T07:09:42.147+0000][1][safepoint    ] Leaving safepoint region
[2019-12-09T07:09:42.147+0000][1][safepoint    ] Total time for which application threads were stopped: 0.0001183 seconds, Stopping threads took: 0.0000277 seconds
[2019-12-09T07:09:43.147+0000][1][safepoint    ] Application time: 1.0000895 seconds
[2019-12-09T07:09:43.147+0000][1][safepoint    ] Entering safepoint region: Cleanup
[2019-12-09T07:09:43.147+0000][1][safepoint    ] Leaving safepoint region
[2019-12-09T07:09:43.147+0000][1][safepoint    ] Total time for which application threads were stopped: 0.0001047 seconds, Stopping threads took: 0.0000189 seconds
[2019-12-09T07:09:51.147+0000][1][safepoint    ] Application time: 8.0005567 seconds
[2019-12-09T07:09:51.148+0000][1][safepoint    ] Entering safepoint region: Cleanup
[2019-12-09T07:09:51.148+0000][1][safepoint    ] Leaving safepoint region
[2019-12-09T07:09:51.148+0000][1][safepoint    ] Total time for which application threads were stopped: 0.0001099 seconds, Stopping threads took: 0.0000206 seconds
[2019-12-09T07:09:51.961+0000][1][safepoint    ] Application time: 0.8131304 seconds
[2019-12-09T07:09:51.961+0000][1][safepoint    ] Entering safepoint region: GenCollectForAllocation
[2019-12-09T07:09:51.961+0000][1][gc,start     ] GC(32) Pause Young (Allocation Failure)
[2019-12-09T07:09:51.961+0000][1][gc,task      ] GC(32) Using 2 workers of 2 for evacuation
[2019-12-09T07:09:51.965+0000][1][gc,age       ] GC(32) Desired survivor size 4456448 bytes, new threshold 6 (max threshold 6)
[2019-12-09T07:09:51.965+0000][1][gc,age       ] GC(32) Age table with threshold 6 (max threshold 6)
[2019-12-09T07:09:51.965+0000][1][gc,age       ] GC(32) - age   1:      13216 bytes,      13216 total
[2019-12-09T07:09:51.965+0000][1][gc,age       ] GC(32) - age   2:     153544 bytes,     166760 total
[2019-12-09T07:09:51.965+0000][1][gc,age       ] GC(32) - age   3:       9400 bytes,     176160 total
[2019-12-09T07:09:51.965+0000][1][gc,age       ] GC(32) - age   4:      43128 bytes,     219288 total
[2019-12-09T07:09:51.965+0000][1][gc,age       ] GC(32) - age   5:      70680 bytes,     289968 total
[2019-12-09T07:09:51.965+0000][1][gc,age       ] GC(32) - age   6:     580384 bytes,     870352 total
[2019-12-09T07:09:51.965+0000][1][gc,heap      ] GC(32) ParNew: 70931K->1317K(78656K)
[2019-12-09T07:09:51.965+0000][1][gc,heap      ] GC(32) CMS: 74256K->74256K(174784K)
[2019-12-09T07:09:51.965+0000][1][gc,metaspace ] GC(32) Metaspace: 78801K->78801K(1122304K)
[2019-12-09T07:09:51.965+0000][1][gc           ] GC(32) Pause Young (Allocation Failure) 141M->73M(247M) 3.940ms
[2019-12-09T07:09:51.965+0000][1][gc,cpu       ] GC(32) User=0.01s Sys=0.00s Real=0.01s
[2019-12-09T07:09:51.965+0000][1][safepoint    ] Leaving safepoint region
[2019-12-09T07:09:51.965+0000][1][safepoint    ] Total time for which application threads were stopped: 0.0041235 seconds, Stopping threads took: 0.0000232 seconds
[2019-12-09T07:09:53.354+0000][1][safepoint    ] Application time: 1.3892106 seconds
[2019-12-09T07:09:53.354+0000][1][safepoint    ] Entering safepoint region: RevokeBias
[2019-12-09T07:09:53.354+0000][1][safepoint    ] Leaving safepoint region
[2019-12-09T07:09:53.354+0000][1][safepoint    ] Total time for which application threads were stopped: 0.0001334 seconds, Stopping threads took: 0.0000234 seconds
[2019-12-09T07:09:53.354+0000][1][safepoint    ] Application time: 0.0000619 seconds
[2019-12-09T07:09:53.354+0000][1][safepoint    ] Entering safepoint region: RevokeBias
[2019-12-09T07:09:53.354+0000][1][safepoint    ] Leaving safepoint region
[2019-12-09T07:09:53.354+0000][1][safepoint    ] Total time for which application threads were stopped: 0.0000527 seconds, Stopping threads took: 0.0000073 seconds
[2019-12-09T07:09:53.354+0000][1][safepoint    ] Application time: 0.0000531 seconds
[2019-12-09T07:09:53.354+0000][1][safepoint    ] Entering safepoint region: RevokeBias
[2019-12-09T07:09:53.355+0000][1][safepoint    ] Leaving safepoint region
[2019-12-09T07:09:53.355+0000][1][safepoint    ] Total time for which application threads were stopped: 0.0000394 seconds, Stopping threads took: 0.0000060 seconds
[2019-12-09T07:09:53.355+0000][1][safepoint    ] Application time: 0.0000392 seconds
[2019-12-09T07:09:53.355+0000][1][safepoint    ] Entering safepoint region: RevokeBias
[2019-12-09T07:09:53.355+0000][1][safepoint    ] Leaving safepoint region
[2019-12-09T07:09:53.355+0000][1][safepoint    ] Total time for which application threads were stopped: 0.0000387 seconds, Stopping threads took: 0.0000058 seconds
[2019-12-09T07:09:53.355+0000][1][safepoint    ] Application time: 0.0000400 seconds
[2019-12-09T07:09:53.355+0000][1][safepoint    ] Entering safepoint region: RevokeBias
[2019-12-09T07:09:53.355+0000][1][safepoint    ] Leaving safepoint region
[2019-12-09T07:09:53.355+0000][1][safepoint    ] Total time for which application threads were stopped: 0.0000600 seconds, Stopping threads took: 0.0000058 seconds
[2019-12-09T07:09:54.355+0000][1][safepoint    ] Application time: 1.0000830 seconds
[2019-12-09T07:09:54.355+0000][1][safepoint    ] Entering safepoint region: Cleanup
[2019-12-09T07:09:54.355+0000][1][safepoint    ] Leaving safepoint region
[2019-12-09T07:09:54.355+0000][1][safepoint    ] Total time for which application threads were stopped: 0.0001081 seconds, Stopping threads took: 0.0000200 seconds
[2019-12-09T07:10:07.356+0000][1][safepoint    ] Application time: 13.0009201 seconds
[2019-12-09T07:10:07.356+0000][1][safepoint    ] Entering safepoint region: Cleanup
[2019-12-09T07:10:07.356+0000][1][safepoint    ] Leaving safepoint region
[2019-12-09T07:10:07.356+0000][1][safepoint    ] Total time for which application threads were stopped: 0.0001603 seconds, Stopping threads took: 0.0000284 seconds
[2019-12-09T07:10:13.358+0000][1][safepoint    ] Application time: 6.0016018 seconds
[2019-12-09T07:10:13.358+0000][1][safepoint    ] Entering safepoint region: Cleanup
[2019-12-09T07:10:13.358+0000][1][safepoint    ] Leaving safepoint region
[2019-12-09T07:10:13.358+0000][1][safepoint    ] Total time for which application threads were stopped: 0.0001496 seconds, Stopping threads took: 0.0000352 seconds
[2019-12-09T07:10:16.358+0000][1][safepoint    ] Application time: 3.0002102 seconds
[2019-12-09T07:10:16.358+0000][1][safepoint    ] Entering safepoint region: Cleanup
[2019-12-09T07:10:16.358+0000][1][safepoint    ] Leaving safepoint region
[2019-12-09T07:10:16.358+0000][1][safepoint    ] Total time for which application threads were stopped: 0.0001053 seconds, Stopping threads took: 0.0000191 seconds
[2019-12-09T07:10:18.358+0000][1][safepoint    ] Application time: 2.0001407 seconds
[2019-12-09T07:10:18.358+0000][1][safepoint    ] Entering safepoint region: Cleanup
[2019-12-09T07:10:18.359+0000][1][safepoint    ] Leaving safepoint region
[2019-12-09T07:10:18.359+0000][1][safepoint    ] Total time for which application threads were stopped: 0.0001067 seconds, Stopping threads took: 0.0000187 seconds
[2019-12-09T07:10:20.359+0000][1][safepoint    ] Application time: 2.0001472 seconds
[2019-12-09T07:10:20.359+0000][1][safepoint    ] Entering safepoint region: Cleanup
[2019-12-09T07:10:20.359+0000][1][safepoint    ] Leaving safepoint region
[2019-12-09T07:10:20.359+0000][1][safepoint    ] Total time for which application threads were stopped: 0.0001061 seconds, Stopping threads took: 0.0000192 seconds
[2019-12-09T07:10:21.359+0000][1][safepoint    ] Application time: 1.0000753 seconds
[2019-12-09T07:10:21.359+0000][1][safepoint    ] Entering safepoint region: Cleanup
[2019-12-09T07:10:21.359+0000][1][safepoint    ] Leaving safepoint region
[2019-12-09T07:10:21.359+0000][1][safepoint    ] Total time for which application threads were stopped: 0.0001067 seconds, Stopping threads took: 0.0000202 seconds
[2019-12-09T07:10:26.359+0000][1][safepoint    ] Application time: 5.0003465 seconds
[2019-12-09T07:10:26.359+0000][1][safepoint    ] Entering safepoint region: Cleanup
[2019-12-09T07:10:26.360+0000][1][safepoint    ] Leaving safepoint region
[2019-12-09T07:10:26.360+0000][1][safepoint    ] Total time for which application threads were stopped: 0.0001072 seconds, Stopping threads took: 0.0000207 seconds
[2019-12-09T07:10:32.360+0000][1][safepoint    ] Application time: 6.0004012 seconds
[2019-12-09T07:10:32.360+0000][1][safepoint    ] Entering safepoint region: Cleanup
[2019-12-09T07:10:32.360+0000][1][safepoint    ] Leaving safepoint region
[2019-12-09T07:10:32.360+0000][1][safepoint    ] Total time for which application threads were stopped: 0.0001149 seconds, Stopping threads took: 0.0000278 seconds
[2019-12-09T07:10:40.361+0000][1][safepoint    ] Application time: 8.0005468 seconds
[2019-12-09T07:10:40.361+0000][1][safepoint    ] Entering safepoint region: Cleanup
[2019-12-09T07:10:40.361+0000][1][safepoint    ] Leaving safepoint region
[2019-12-09T07:10:40.361+0000][1][safepoint    ] Total time for which application threads were stopped: 0.0001089 seconds, Stopping threads took: 0.0000196 seconds
[2019-12-09T07:10:47.361+0000][1][safepoint    ] Application time: 7.0004811 seconds
[2019-12-09T07:10:47.361+0000][1][safepoint    ] Entering safepoint region: Cleanup
[2019-12-09T07:10:47.361+0000][1][safepoint    ] Leaving safepoint region
[2019-12-09T07:10:47.361+0000][1][safepoint    ] Total time for which application threads were stopped: 0.0001114 seconds, Stopping threads took: 0.0000213 seconds
[2019-12-09T07:11:00.362+0000][1][safepoint    ] Application time: 13.0008998 seconds
[2019-12-09T07:11:00.362+0000][1][safepoint    ] Entering safepoint region: Cleanup
[2019-12-09T07:11:00.363+0000][1][safepoint    ] Leaving safepoint region
[2019-12-09T07:11:00.363+0000][1][safepoint    ] Total time for which application threads were stopped: 0.0001106 seconds, Stopping threads took: 0.0000261 seconds
[2019-12-09T07:11:07.363+0000][1][safepoint    ] Application time: 7.0004922 seconds
[2019-12-09T07:11:07.363+0000][1][safepoint    ] Entering safepoint region: Cleanup
[2019-12-09T07:11:07.363+0000][1][safepoint    ] Leaving safepoint region
[2019-12-09T07:11:07.363+0000][1][safepoint    ] Total time for which application threads were stopped: 0.0001088 seconds, Stopping threads took: 0.0000197 seconds
[2019-12-09T07:11:12.364+0000][1][safepoint    ] Application time: 5.0003534 seconds
[2019-12-09T07:11:12.364+0000][1][safepoint    ] Entering safepoint region: Cleanup
[2019-12-09T07:11:12.364+0000][1][safepoint    ] Leaving safepoint region
[2019-12-09T07:11:12.364+0000][1][safepoint    ] Total time for which application threads were stopped: 0.0001182 seconds, Stopping threads took: 0.0000199 seconds
[2019-12-09T07:11:21.364+0000][1][safepoint    ] Application time: 9.0006215 seconds
[2019-12-09T07:11:21.364+0000][1][safepoint    ] Entering safepoint region: Cleanup
[2019-12-09T07:11:21.364+0000][1][safepoint    ] Leaving safepoint region
[2019-12-09T07:11:21.364+0000][1][safepoint    ] Total time for which application threads were stopped: 0.0001085 seconds, Stopping threads took: 0.0000188 seconds
[2019-12-09T07:11:23.365+0000][1][safepoint    ] Application time: 2.0001463 seconds
[2019-12-09T07:11:23.365+0000][1][safepoint    ] Entering safepoint region: Cleanup
[2019-12-09T07:11:23.365+0000][1][safepoint    ] Leaving safepoint region
[2019-12-09T07:11:23.365+0000][1][safepoint    ] Total time for which application threads were stopped: 0.0001355 seconds, Stopping threads took: 0.0000396 seconds
[2019-12-09T07:11:24.365+0000][1][safepoint    ] Application time: 1.0000859 seconds
[2019-12-09T07:11:24.365+0000][1][safepoint    ] Entering safepoint region: Cleanup
[2019-12-09T07:11:24.365+0000][1][safepoint    ] Leaving safepoint region
[2019-12-09T07:11:24.365+0000][1][safepoint    ] Total time for which application threads were stopped: 0.0001126 seconds, Stopping threads took: 0.0000198 seconds
[2019-12-09T07:11:29.365+0000][1][safepoint    ] Application time: 5.0003612 seconds
[2019-12-09T07:11:29.365+0000][1][safepoint    ] Entering safepoint region: Cleanup
[2019-12-09T07:11:29.366+0000][1][safepoint    ] Leaving safepoint region
[2019-12-09T07:11:29.366+0000][1][safepoint    ] Total time for which application threads were stopped: 0.0001475 seconds, Stopping threads took: 0.0000275 seconds
[2019-12-09T07:11:30.366+0000][1][safepoint    ] Application time: 1.0000788 seconds
[2019-12-09T07:11:30.366+0000][1][safepoint    ] Entering safepoint region: Cleanup
[2019-12-09T07:11:30.366+0000][1][safepoint    ] Leaving safepoint region
[2019-12-09T07:11:30.366+0000][1][safepoint    ] Total time for which application threads were stopped: 0.0001133 seconds, Stopping threads took: 0.0000270 seconds
[2019-12-09T07:11:31.366+0000][1][safepoint    ] Application time: 1.0000769 seconds
[2019-12-09T07:11:31.366+0000][1][safepoint    ] Entering safepoint region: Cleanup
[2019-12-09T07:11:31.366+0000][1][safepoint    ] Leaving safepoint region
[2019-12-09T07:11:31.366+0000][1][safepoint    ] Total time for which application threads were stopped: 0.0001056 seconds, Stopping threads took: 0.0000203 seconds
[2019-12-09T07:11:35.366+0000][1][safepoint    ] Application time: 4.0002943 seconds
[2019-12-09T07:11:35.366+0000][1][safepoint    ] Entering safepoint region: Cleanup
[2019-12-09T07:11:35.367+0000][1][safepoint    ] Leaving safepoint region
[2019-12-09T07:11:35.367+0000][1][safepoint    ] Total time for which application threads were stopped: 0.0001086 seconds, Stopping threads took: 0.0000216 seconds
[2019-12-09T07:11:42.367+0000][1][safepoint    ] Application time: 7.0004639 seconds
[2019-12-09T07:11:42.367+0000][1][safepoint    ] Entering safepoint region: Cleanup
[2019-12-09T07:11:42.367+0000][1][safepoint    ] Leaving safepoint region
[2019-12-09T07:11:42.367+0000][1][safepoint    ] Total time for which application threads were stopped: 0.0001093 seconds, Stopping threads took: 0.0000198 seconds
[2019-12-09T07:11:43.367+0000][1][safepoint    ] Application time: 1.0000811 seconds
[2019-12-09T07:11:43.367+0000][1][safepoint    ] Entering safepoint region: Cleanup
[2019-12-09T07:11:43.367+0000][1][safepoint    ] Leaving safepoint region
[2019-12-09T07:11:43.367+0000][1][safepoint    ] Total time for which application threads were stopped: 0.0001366 seconds, Stopping threads took: 0.0000499 seconds
[2019-12-09T07:11:43.789+0000][1][safepoint    ] Application time: 0.4220174 seconds
[2019-12-09T07:11:43.789+0000][1][safepoint    ] Entering safepoint region: GenCollectForAllocation
[2019-12-09T07:11:43.790+0000][1][gc,start     ] GC(33) Pause Young (Allocation Failure)
[2019-12-09T07:11:43.790+0000][1][gc,task      ] GC(33) Using 2 workers of 2 for evacuation
[2019-12-09T07:11:43.794+0000][1][gc,age       ] GC(33) Desired survivor size 4456448 bytes, new threshold 6 (max threshold 6)
[2019-12-09T07:11:43.794+0000][1][gc,age       ] GC(33) Age table with threshold 6 (max threshold 6)
[2019-12-09T07:11:43.794+0000][1][gc,age       ] GC(33) - age   1:      17512 bytes,      17512 total
[2019-12-09T07:11:43.794+0000][1][gc,age       ] GC(33) - age   2:       3960 bytes,      21472 total
[2019-12-09T07:11:43.794+0000][1][gc,age       ] GC(33) - age   3:     153224 bytes,     174696 total
[2019-12-09T07:11:43.794+0000][1][gc,age       ] GC(33) - age   4:       9280 bytes,     183976 total
[2019-12-09T07:11:43.794+0000][1][gc,age       ] GC(33) - age   5:      43128 bytes,     227104 total
[2019-12-09T07:11:43.794+0000][1][gc,age       ] GC(33) - age   6:      70680 bytes,     297784 total
[2019-12-09T07:11:43.794+0000][1][gc,heap      ] GC(33) ParNew: 71269K->856K(78656K)
[2019-12-09T07:11:43.794+0000][1][gc,heap      ] GC(33) CMS: 74256K->74838K(174784K)
[2019-12-09T07:11:43.794+0000][1][gc,metaspace ] GC(33) Metaspace: 78836K->78836K(1122304K)
[2019-12-09T07:11:43.794+0000][1][gc           ] GC(33) Pause Young (Allocation Failure) 142M->73M(247M) 4.795ms
[2019-12-09T07:11:43.794+0000][1][gc,cpu       ] GC(33) User=0.01s Sys=0.00s Real=0.00s
[2019-12-09T07:11:43.794+0000][1][safepoint    ] Leaving safepoint region
[2019-12-09T07:11:43.794+0000][1][safepoint    ] Total time for which application threads were stopped: 0.0050050 seconds, Stopping threads took: 0.0000233 seconds
[2019-12-09T07:11:47.897+0000][1][safepoint    ] Application time: 4.1024532 seconds
[2019-12-09T07:11:47.897+0000][1][safepoint    ] Entering safepoint region: RevokeBias
[2019-12-09T07:11:47.897+0000][1][safepoint    ] Leaving safepoint region
[2019-12-09T07:11:47.897+0000][1][safepoint    ] Total time for which application threads were stopped: 0.0001187 seconds, Stopping threads took: 0.0000171 seconds
[2019-12-09T07:11:47.897+0000][1][safepoint    ] Application time: 0.0000604 seconds
[2019-12-09T07:11:47.897+0000][1][safepoint    ] Entering safepoint region: BulkRevokeBias
[2019-12-09T07:11:47.898+0000][1][safepoint    ] Leaving safepoint region
[2019-12-09T07:11:47.898+0000][1][safepoint    ] Total time for which application threads were stopped: 0.0003702 seconds, Stopping threads took: 0.0000072 seconds
[2019-12-09T07:11:49.898+0000][1][safepoint    ] Application time: 2.0001654 seconds
[2019-12-09T07:11:49.898+0000][1][safepoint    ] Entering safepoint region: Cleanup
[2019-12-09T07:11:49.898+0000][1][safepoint    ] Leaving safepoint region
[2019-12-09T07:11:49.898+0000][1][safepoint    ] Total time for which application threads were stopped: 0.0001054 seconds, Stopping threads took: 0.0000213 seconds
[2019-12-09T07:11:50.898+0000][1][safepoint    ] Application time: 1.0000789 seconds
[2019-12-09T07:11:50.898+0000][1][safepoint    ] Entering safepoint region: Cleanup
[2019-12-09T07:11:50.898+0000][1][safepoint    ] Leaving safepoint region
[2019-12-09T07:11:50.898+0000][1][safepoint    ] Total time for which application threads were stopped: 0.0001054 seconds, Stopping threads took: 0.0000192 seconds
[2019-12-09T07:11:56.898+0000][1][safepoint    ] Application time: 6.0004079 seconds
[2019-12-09T07:11:56.899+0000][1][safepoint    ] Entering safepoint region: Cleanup
[2019-12-09T07:11:56.899+0000][1][safepoint    ] Leaving safepoint region
[2019-12-09T07:11:56.899+0000][1][safepoint    ] Total time for which application threads were stopped: 0.0000964 seconds, Stopping threads took: 0.0000194 seconds
[2019-12-09T07:12:00.307+0000][1][safepoint    ] Application time: 3.4081436 seconds
[2019-12-09T07:12:00.307+0000][1][safepoint    ] Entering safepoint region: RevokeBias
[2019-12-09T07:12:00.307+0000][1][safepoint    ] Leaving safepoint region
[2019-12-09T07:12:00.307+0000][1][safepoint    ] Total time for which application threads were stopped: 0.0001287 seconds, Stopping threads took: 0.0000276 seconds
[2019-12-09T07:12:03.307+0000][1][safepoint    ] Application time: 3.0002208 seconds
[2019-12-09T07:12:03.307+0000][1][safepoint    ] Entering safepoint region: Cleanup
[2019-12-09T07:12:03.307+0000][1][safepoint    ] Leaving safepoint region
[2019-12-09T07:12:03.307+0000][1][safepoint    ] Total time for which application threads were stopped: 0.0001077 seconds, Stopping threads took: 0.0000221 seconds
[2019-12-09T07:12:03.483+0000][1][safepoint    ] Application time: 0.1757697 seconds
[2019-12-09T07:12:03.483+0000][1][safepoint    ] Entering safepoint region: RevokeBias
[2019-12-09T07:12:03.483+0000][1][safepoint    ] Leaving safepoint region
[2019-12-09T07:12:03.483+0000][1][safepoint    ] Total time for which application threads were stopped: 0.0001109 seconds, Stopping threads took: 0.0000170 seconds
[2019-12-09T07:12:05.483+0000][1][safepoint    ] Application time: 2.0001540 seconds
[2019-12-09T07:12:05.483+0000][1][safepoint    ] Entering safepoint region: Cleanup
[2019-12-09T07:12:05.484+0000][1][safepoint    ] Leaving safepoint region
[2019-12-09T07:12:05.484+0000][1][safepoint    ] Total time for which application threads were stopped: 0.0001096 seconds, Stopping threads took: 0.0000268 seconds
[2019-12-09T07:12:06.484+0000][1][safepoint    ] Application time: 1.0000801 seconds
[2019-12-09T07:12:06.484+0000][1][safepoint    ] Entering safepoint region: Cleanup
[2019-12-09T07:12:06.484+0000][1][safepoint    ] Leaving safepoint region
[2019-12-09T07:12:06.484+0000][1][safepoint    ] Total time for which application threads were stopped: 0.0001195 seconds, Stopping threads took: 0.0000317 seconds
[2019-12-09T07:12:13.484+0000][1][safepoint    ] Application time: 7.0004902 seconds
[2019-12-09T07:12:13.484+0000][1][safepoint    ] Entering safepoint region: Cleanup
[2019-12-09T07:12:13.484+0000][1][safepoint    ] Leaving safepoint region
[2019-12-09T07:12:13.484+0000][1][safepoint    ] Total time for which application threads were stopped: 0.0001380 seconds, Stopping threads took: 0.0000270 seconds
[2019-12-09T07:12:22.485+0000][1][safepoint    ] Application time: 9.0006132 seconds
[2019-12-09T07:12:22.485+0000][1][safepoint    ] Entering safepoint region: Cleanup
[2019-12-09T07:12:22.485+0000][1][safepoint    ] Leaving safepoint region
[2019-12-09T07:12:22.485+0000][1][safepoint    ] Total time for which application threads were stopped: 0.0001059 seconds, Stopping threads took: 0.0000201 seconds
[2019-12-09T07:12:30.486+0000][1][safepoint    ] Application time: 8.0005761 seconds
[2019-12-09T07:12:30.486+0000][1][safepoint    ] Entering safepoint region: Cleanup
[2019-12-09T07:12:30.486+0000][1][safepoint    ] Leaving safepoint region
[2019-12-09T07:12:30.486+0000][1][safepoint    ] Total time for which application threads were stopped: 0.0001001 seconds, Stopping threads took: 0.0000195 seconds
[2019-12-09T07:12:36.486+0000][1][safepoint    ] Application time: 6.0004205 seconds
[2019-12-09T07:12:36.486+0000][1][safepoint    ] Entering safepoint region: Cleanup
[2019-12-09T07:12:36.487+0000][1][safepoint    ] Leaving safepoint region
[2019-12-09T07:12:36.487+0000][1][safepoint    ] Total time for which application threads were stopped: 0.0001095 seconds, Stopping threads took: 0.0000274 seconds
[2019-12-09T07:12:43.487+0000][1][safepoint    ] Application time: 7.0004802 seconds
[2019-12-09T07:12:43.487+0000][1][safepoint    ] Entering safepoint region: Cleanup
[2019-12-09T07:12:43.487+0000][1][safepoint    ] Leaving safepoint region
[2019-12-09T07:12:43.487+0000][1][safepoint    ] Total time for which application threads were stopped: 0.0001035 seconds, Stopping threads took: 0.0000195 seconds
[2019-12-09T07:12:44.487+0000][1][safepoint    ] Application time: 1.0000772 seconds
[2019-12-09T07:12:44.487+0000][1][safepoint    ] Entering safepoint region: Cleanup
[2019-12-09T07:12:44.487+0000][1][safepoint    ] Leaving safepoint region
[2019-12-09T07:12:44.487+0000][1][safepoint    ] Total time for which application threads were stopped: 0.0001084 seconds, Stopping threads took: 0.0000197 seconds
[2019-12-09T07:13:03.489+0000][1][safepoint    ] Application time: 19.0012940 seconds
[2019-12-09T07:13:03.489+0000][1][safepoint    ] Entering safepoint region: Cleanup
[2019-12-09T07:13:03.489+0000][1][safepoint    ] Leaving safepoint region
[2019-12-09T07:13:03.489+0000][1][safepoint    ] Total time for which application threads were stopped: 0.0000995 seconds, Stopping threads took: 0.0000195 seconds
[2019-12-09T07:13:08.489+0000][1][safepoint    ] Application time: 5.0003486 seconds
[2019-12-09T07:13:08.489+0000][1][safepoint    ] Entering safepoint region: Cleanup
[2019-12-09T07:13:08.489+0000][1][safepoint    ] Leaving safepoint region
[2019-12-09T07:13:08.489+0000][1][safepoint    ] Total time for which application threads were stopped: 0.0001131 seconds, Stopping threads took: 0.0000297 seconds
[2019-12-09T07:13:12.492+0000][1][safepoint    ] Application time: 4.0025715 seconds
[2019-12-09T07:13:12.492+0000][1][safepoint    ] Entering safepoint region: Cleanup
[2019-12-09T07:13:12.492+0000][1][safepoint    ] Leaving safepoint region
[2019-12-09T07:13:12.492+0000][1][safepoint    ] Total time for which application threads were stopped: 0.0001024 seconds, Stopping threads took: 0.0000197 seconds
[2019-12-09T07:13:14.492+0000][1][safepoint    ] Application time: 2.0001436 seconds
[2019-12-09T07:13:14.492+0000][1][safepoint    ] Entering safepoint region: Cleanup
[2019-12-09T07:13:14.492+0000][1][safepoint    ] Leaving safepoint region
[2019-12-09T07:13:14.492+0000][1][safepoint    ] Total time for which application threads were stopped: 0.0001052 seconds, Stopping threads took: 0.0000205 seconds
[2019-12-09T07:13:19.493+0000][1][safepoint    ] Application time: 5.0003523 seconds
[2019-12-09T07:13:19.493+0000][1][safepoint    ] Entering safepoint region: Cleanup
[2019-12-09T07:13:19.493+0000][1][safepoint    ] Leaving safepoint region
[2019-12-09T07:13:19.493+0000][1][safepoint    ] Total time for which application threads were stopped: 0.0001087 seconds, Stopping threads took: 0.0000212 seconds
[2019-12-09T07:13:24.493+0000][1][safepoint    ] Application time: 5.0003495 seconds
[2019-12-09T07:13:24.493+0000][1][safepoint    ] Entering safepoint region: Cleanup
[2019-12-09T07:13:24.493+0000][1][safepoint    ] Leaving safepoint region
[2019-12-09T07:13:24.493+0000][1][safepoint    ] Total time for which application threads were stopped: 0.0001029 seconds, Stopping threads took: 0.0000201 seconds
[2019-12-09T07:13:29.494+0000][1][safepoint    ] Application time: 5.0003567 seconds
[2019-12-09T07:13:29.494+0000][1][safepoint    ] Entering safepoint region: Cleanup
[2019-12-09T07:13:29.494+0000][1][safepoint    ] Leaving safepoint region
[2019-12-09T07:13:29.494+0000][1][safepoint    ] Total time for which application threads were stopped: 0.0001039 seconds, Stopping threads took: 0.0000205 seconds
[2019-12-09T07:13:32.494+0000][1][safepoint    ] Application time: 3.0002124 seconds
[2019-12-09T07:13:32.494+0000][1][safepoint    ] Entering safepoint region: Cleanup
[2019-12-09T07:13:32.494+0000][1][safepoint    ] Leaving safepoint region
[2019-12-09T07:13:32.494+0000][1][safepoint    ] Total time for which application threads were stopped: 0.0001030 seconds, Stopping threads took: 0.0000200 seconds
[2019-12-09T07:13:34.494+0000][1][safepoint    ] Application time: 2.0001476 seconds
[2019-12-09T07:13:34.494+0000][1][safepoint    ] Entering safepoint region: Cleanup
[2019-12-09T07:13:34.495+0000][1][safepoint    ] Leaving safepoint region
[2019-12-09T07:13:34.495+0000][1][safepoint    ] Total time for which application threads were stopped: 0.0001088 seconds, Stopping threads took: 0.0000211 seconds
[2019-12-09T07:13:36.495+0000][1][safepoint    ] Application time: 2.0001526 seconds
[2019-12-09T07:13:36.495+0000][1][safepoint    ] Entering safepoint region: Cleanup
[2019-12-09T07:13:36.495+0000][1][safepoint    ] Leaving safepoint region
[2019-12-09T07:13:36.495+0000][1][safepoint    ] Total time for which application threads were stopped: 0.0001047 seconds, Stopping threads took: 0.0000208 seconds
[2019-12-09T07:13:37.051+0000][1][safepoint    ] Application time: 0.5564344 seconds
[2019-12-09T07:13:37.051+0000][1][safepoint    ] Entering safepoint region: GenCollectForAllocation
[2019-12-09T07:13:37.051+0000][1][gc,start     ] GC(34) Pause Young (Allocation Failure)
[2019-12-09T07:13:37.051+0000][1][gc,task      ] GC(34) Using 2 workers of 2 for evacuation
[2019-12-09T07:13:37.054+0000][1][gc,age       ] GC(34) Desired survivor size 4456448 bytes, new threshold 6 (max threshold 6)
[2019-12-09T07:13:37.054+0000][1][gc,age       ] GC(34) Age table with threshold 6 (max threshold 6)
[2019-12-09T07:13:37.054+0000][1][gc,age       ] GC(34) - age   1:      12656 bytes,      12656 total
[2019-12-09T07:13:37.054+0000][1][gc,age       ] GC(34) - age   2:       1856 bytes,      14512 total
[2019-12-09T07:13:37.054+0000][1][gc,age       ] GC(34) - age   3:       3960 bytes,      18472 total
[2019-12-09T07:13:37.054+0000][1][gc,age       ] GC(34) - age   4:     153224 bytes,     171696 total
[2019-12-09T07:13:37.054+0000][1][gc,age       ] GC(34) - age   5:       9280 bytes,     180976 total
[2019-12-09T07:13:37.054+0000][1][gc,age       ] GC(34) - age   6:      43008 bytes,     223984 total
[2019-12-09T07:13:37.054+0000][1][gc,heap      ] GC(34) ParNew: 70808K->286K(78656K)
[2019-12-09T07:13:37.054+0000][1][gc,heap      ] GC(34) CMS: 74838K->74908K(174784K)
[2019-12-09T07:13:37.054+0000][1][gc,metaspace ] GC(34) Metaspace: 78861K->78861K(1122304K)
[2019-12-09T07:13:37.054+0000][1][gc           ] GC(34) Pause Young (Allocation Failure) 142M->73M(247M) 3.009ms
[2019-12-09T07:13:37.054+0000][1][gc,cpu       ] GC(34) User=0.01s Sys=0.00s Real=0.00s
[2019-12-09T07:13:37.055+0000][1][safepoint    ] Leaving safepoint region
[2019-12-09T07:13:37.055+0000][1][safepoint    ] Total time for which application threads were stopped: 0.0031791 seconds, Stopping threads took: 0.0000197 seconds
[2019-12-09T07:13:43.055+0000][1][safepoint    ] Application time: 6.0004390 seconds
[2019-12-09T07:13:43.055+0000][1][safepoint    ] Entering safepoint region: Cleanup
[2019-12-09T07:13:43.055+0000][1][safepoint    ] Leaving safepoint region
[2019-12-09T07:13:43.055+0000][1][safepoint    ] Total time for which application threads were stopped: 0.0001136 seconds, Stopping threads took: 0.0000214 seconds
[2019-12-09T07:13:45.055+0000][1][safepoint    ] Application time: 2.0001457 seconds
[2019-12-09T07:13:45.055+0000][1][safepoint    ] Entering safepoint region: Cleanup
[2019-12-09T07:13:45.055+0000][1][safepoint    ] Leaving safepoint region
[2019-12-09T07:13:45.055+0000][1][safepoint    ] Total time for which application threads were stopped: 0.0001154 seconds, Stopping threads took: 0.0000279 seconds
[2019-12-09T07:13:51.056+0000][1][safepoint    ] Application time: 6.0006928 seconds
[2019-12-09T07:13:51.056+0000][1][safepoint    ] Entering safepoint region: Cleanup
[2019-12-09T07:13:51.056+0000][1][safepoint    ] Leaving safepoint region
[2019-12-09T07:13:51.056+0000][1][safepoint    ] Total time for which application threads were stopped: 0.0001009 seconds, Stopping threads took: 0.0000194 seconds
[2019-12-09T07:14:01.057+0000][1][safepoint    ] Application time: 10.0007808 seconds
[2019-12-09T07:14:01.057+0000][1][safepoint    ] Entering safepoint region: Cleanup
[2019-12-09T07:14:01.057+0000][1][safepoint    ] Leaving safepoint region
[2019-12-09T07:14:01.057+0000][1][safepoint    ] Total time for which application threads were stopped: 0.0001006 seconds, Stopping threads took: 0.0000189 seconds
[2019-12-09T07:14:18.058+0000][1][safepoint    ] Application time: 17.0011772 seconds
[2019-12-09T07:14:18.058+0000][1][safepoint    ] Entering safepoint region: Cleanup
[2019-12-09T07:14:18.059+0000][1][safepoint    ] Leaving safepoint region
[2019-12-09T07:14:18.059+0000][1][safepoint    ] Total time for which application threads were stopped: 0.0001110 seconds, Stopping threads took: 0.0000297 seconds
[2019-12-09T07:14:22.059+0000][1][safepoint    ] Application time: 4.0002777 seconds
[2019-12-09T07:14:22.059+0000][1][safepoint    ] Entering safepoint region: Cleanup
[2019-12-09T07:14:22.059+0000][1][safepoint    ] Leaving safepoint region
[2019-12-09T07:14:22.059+0000][1][safepoint    ] Total time for which application threads were stopped: 0.0001072 seconds, Stopping threads took: 0.0000189 seconds
[2019-12-09T07:14:31.060+0000][1][safepoint    ] Application time: 9.0005828 seconds
[2019-12-09T07:14:31.060+0000][1][safepoint    ] Entering safepoint region: Cleanup
[2019-12-09T07:14:31.060+0000][1][safepoint    ] Leaving safepoint region
[2019-12-09T07:14:31.060+0000][1][safepoint    ] Total time for which application threads were stopped: 0.0001009 seconds, Stopping threads took: 0.0000202 seconds
[2019-12-09T07:14:39.060+0000][1][safepoint    ] Application time: 8.0005532 seconds
[2019-12-09T07:14:39.060+0000][1][safepoint    ] Entering safepoint region: Cleanup
[2019-12-09T07:14:39.060+0000][1][safepoint    ] Leaving safepoint region
[2019-12-09T07:14:39.060+0000][1][safepoint    ] Total time for which application threads were stopped: 0.0001000 seconds, Stopping threads took: 0.0000200 seconds
[2019-12-09T07:14:52.061+0000][1][safepoint    ] Application time: 13.0008943 seconds
[2019-12-09T07:14:52.061+0000][1][safepoint    ] Entering safepoint region: Cleanup
[2019-12-09T07:14:52.061+0000][1][safepoint    ] Leaving safepoint region
[2019-12-09T07:14:52.061+0000][1][safepoint    ] Total time for which application threads were stopped: 0.0001231 seconds, Stopping threads took: 0.0000348 seconds
[2019-12-09T07:14:54.062+0000][1][safepoint    ] Application time: 2.0001271 seconds
[2019-12-09T07:14:54.062+0000][1][safepoint    ] Entering safepoint region: Cleanup
[2019-12-09T07:14:54.062+0000][1][safepoint    ] Leaving safepoint region
[2019-12-09T07:14:54.062+0000][1][safepoint    ] Total time for which application threads were stopped: 0.0001267 seconds, Stopping threads took: 0.0000195 seconds
[2019-12-09T07:15:00.062+0000][1][safepoint    ] Application time: 6.0004115 seconds
[2019-12-09T07:15:00.062+0000][1][safepoint    ] Entering safepoint region: Cleanup
[2019-12-09T07:15:00.062+0000][1][safepoint    ] Leaving safepoint region
[2019-12-09T07:15:00.062+0000][1][safepoint    ] Total time for which application threads were stopped: 0.0001022 seconds, Stopping threads took: 0.0000211 seconds
[2019-12-09T07:15:18.064+0000][1][safepoint    ] Application time: 18.0012436 seconds
[2019-12-09T07:15:18.064+0000][1][safepoint    ] Entering safepoint region: Cleanup
[2019-12-09T07:15:18.064+0000][1][safepoint    ] Leaving safepoint region
[2019-12-09T07:15:18.064+0000][1][safepoint    ] Total time for which application threads were stopped: 0.0001218 seconds, Stopping threads took: 0.0000291 seconds
[2019-12-09T07:15:21.064+0000][1][safepoint    ] Application time: 3.0002096 seconds
[2019-12-09T07:15:21.064+0000][1][safepoint    ] Entering safepoint region: Cleanup
[2019-12-09T07:15:21.064+0000][1][safepoint    ] Leaving safepoint region
[2019-12-09T07:15:21.064+0000][1][safepoint    ] Total time for which application threads were stopped: 0.0001041 seconds, Stopping threads took: 0.0000200 seconds
[2019-12-09T07:15:22.064+0000][1][safepoint    ] Application time: 1.0000854 seconds
[2019-12-09T07:15:22.064+0000][1][safepoint    ] Entering safepoint region: Cleanup
[2019-12-09T07:15:22.064+0000][1][safepoint    ] Leaving safepoint region
[2019-12-09T07:15:22.064+0000][1][safepoint    ] Total time for which application threads were stopped: 0.0001291 seconds, Stopping threads took: 0.0000257 seconds
[2019-12-09T07:15:23.064+0000][1][safepoint    ] Application time: 1.0000768 seconds
[2019-12-09T07:15:23.064+0000][1][safepoint    ] Entering safepoint region: Cleanup
[2019-12-09T07:15:23.065+0000][1][safepoint    ] Leaving safepoint region
[2019-12-09T07:15:23.065+0000][1][safepoint    ] Total time for which application threads were stopped: 0.0000988 seconds, Stopping threads took: 0.0000199 seconds
[2019-12-09T07:15:29.065+0000][1][safepoint    ] Application time: 6.0004219 seconds
[2019-12-09T07:15:29.065+0000][1][safepoint    ] Entering safepoint region: Cleanup
[2019-12-09T07:15:29.065+0000][1][safepoint    ] Leaving safepoint region
[2019-12-09T07:15:29.065+0000][1][safepoint    ] Total time for which application threads were stopped: 0.0001107 seconds, Stopping threads took: 0.0000287 seconds
[2019-12-09T07:15:29.269+0000][1][safepoint    ] Application time: 0.2036686 seconds
[2019-12-09T07:15:29.269+0000][1][safepoint    ] Entering safepoint region: GenCollectForAllocation
[2019-12-09T07:15:29.269+0000][1][gc,start     ] GC(35) Pause Young (Allocation Failure)
[2019-12-09T07:15:29.269+0000][1][gc,task      ] GC(35) Using 2 workers of 2 for evacuation
[2019-12-09T07:15:29.271+0000][1][gc,age       ] GC(35) Desired survivor size 4456448 bytes, new threshold 6 (max threshold 6)
[2019-12-09T07:15:29.271+0000][1][gc,age       ] GC(35) Age table with threshold 6 (max threshold 6)
[2019-12-09T07:15:29.271+0000][1][gc,age       ] GC(35) - age   1:      10000 bytes,      10000 total
[2019-12-09T07:15:29.272+0000][1][gc,age       ] GC(35) - age   2:       3544 bytes,      13544 total
[2019-12-09T07:15:29.272+0000][1][gc,age       ] GC(35) - age   3:       1616 bytes,      15160 total
[2019-12-09T07:15:29.272+0000][1][gc,age       ] GC(35) - age   4:       3960 bytes,      19120 total
[2019-12-09T07:15:29.272+0000][1][gc,age       ] GC(35) - age   5:     153224 bytes,     172344 total
[2019-12-09T07:15:29.272+0000][1][gc,age       ] GC(35) - age   6:       9280 bytes,     181624 total
[2019-12-09T07:15:29.272+0000][1][gc,heap      ] GC(35) ParNew: 70238K->235K(78656K)
[2019-12-09T07:15:29.272+0000][1][gc,heap      ] GC(35) CMS: 74908K->74950K(174784K)
[2019-12-09T07:15:29.272+0000][1][gc,metaspace ] GC(35) Metaspace: 78873K->78873K(1122304K)
[2019-12-09T07:15:29.272+0000][1][gc           ] GC(35) Pause Young (Allocation Failure) 141M->73M(247M) 2.593ms
[2019-12-09T07:15:29.272+0000][1][gc,cpu       ] GC(35) User=0.01s Sys=0.00s Real=0.00s
[2019-12-09T07:15:29.272+0000][1][safepoint    ] Leaving safepoint region
[2019-12-09T07:15:29.272+0000][1][safepoint    ] Total time for which application threads were stopped: 0.0027557 seconds, Stopping threads took: 0.0000194 seconds
[2019-12-09T07:15:30.259+0000][1][safepoint    ] Application time: 0.9870327 seconds
[2019-12-09T07:15:30.259+0000][1][safepoint    ] Entering safepoint region: RevokeBias
[2019-12-09T07:15:30.259+0000][1][safepoint    ] Leaving safepoint region
[2019-12-09T07:15:30.259+0000][1][safepoint    ] Total time for which application threads were stopped: 0.0001195 seconds, Stopping threads took: 0.0000194 seconds
[2019-12-09T07:15:31.259+0000][1][safepoint    ] Application time: 1.0000865 seconds
[2019-12-09T07:15:31.259+0000][1][safepoint    ] Entering safepoint region: Cleanup
[2019-12-09T07:15:31.259+0000][1][safepoint    ] Leaving safepoint region
[2019-12-09T07:15:31.259+0000][1][safepoint    ] Total time for which application threads were stopped: 0.0000999 seconds, Stopping threads took: 0.0000190 seconds
[2019-12-09T07:15:44.260+0000][1][safepoint    ] Application time: 13.0009064 seconds
[2019-12-09T07:15:44.260+0000][1][safepoint    ] Entering safepoint region: Cleanup
[2019-12-09T07:15:44.260+0000][1][safepoint    ] Leaving safepoint region
[2019-12-09T07:15:44.260+0000][1][safepoint    ] Total time for which application threads were stopped: 0.0000975 seconds, Stopping threads took: 0.0000194 seconds
[2019-12-09T07:15:50.261+0000][1][safepoint    ] Application time: 6.0004202 seconds
[2019-12-09T07:15:50.261+0000][1][safepoint    ] Entering safepoint region: Cleanup
[2019-12-09T07:15:50.261+0000][1][safepoint    ] Leaving safepoint region
[2019-12-09T07:15:50.261+0000][1][safepoint    ] Total time for which application threads were stopped: 0.0001005 seconds, Stopping threads took: 0.0000202 seconds
[2019-12-09T07:15:51.261+0000][1][safepoint    ] Application time: 1.0000757 seconds
[2019-12-09T07:15:51.261+0000][1][safepoint    ] Entering safepoint region: Cleanup
[2019-12-09T07:15:51.261+0000][1][safepoint    ] Leaving safepoint region
[2019-12-09T07:15:51.261+0000][1][safepoint    ] Total time for which application threads were stopped: 0.0001029 seconds, Stopping threads took: 0.0000198 seconds
[2019-12-09T07:15:55.261+0000][1][safepoint    ] Application time: 4.0002811 seconds
[2019-12-09T07:15:55.261+0000][1][safepoint    ] Entering safepoint region: Cleanup
[2019-12-09T07:15:55.261+0000][1][safepoint    ] Leaving safepoint region
[2019-12-09T07:15:55.261+0000][1][safepoint    ] Total time for which application threads were stopped: 0.0001133 seconds, Stopping threads took: 0.0000278 seconds
[2019-12-09T07:16:20.263+0000][1][safepoint    ] Application time: 25.0017335 seconds
[2019-12-09T07:16:20.263+0000][1][safepoint    ] Entering safepoint region: Cleanup
[2019-12-09T07:16:20.263+0000][1][safepoint    ] Leaving safepoint region
[2019-12-09T07:16:20.263+0000][1][safepoint    ] Total time for which application threads were stopped: 0.0001266 seconds, Stopping threads took: 0.0000357 seconds
[2019-12-09T07:16:45.265+0000][1][safepoint    ] Application time: 25.0016687 seconds
[2019-12-09T07:16:45.265+0000][1][safepoint    ] Entering safepoint region: Cleanup
[2019-12-09T07:16:45.265+0000][1][safepoint    ] Leaving safepoint region
[2019-12-09T07:16:45.265+0000][1][safepoint    ] Total time for which application threads were stopped: 0.0000998 seconds, Stopping threads took: 0.0000231 seconds
[2019-12-09T07:16:51.265+0000][1][safepoint    ] Application time: 6.0004035 seconds
[2019-12-09T07:16:51.265+0000][1][safepoint    ] Entering safepoint region: Cleanup
[2019-12-09T07:16:51.266+0000][1][safepoint    ] Leaving safepoint region
[2019-12-09T07:16:51.266+0000][1][safepoint    ] Total time for which application threads were stopped: 0.0000922 seconds, Stopping threads took: 0.0000183 seconds
[2019-12-09T07:16:58.266+0000][1][safepoint    ] Application time: 7.0004791 seconds
[2019-12-09T07:16:58.266+0000][1][safepoint    ] Entering safepoint region: Cleanup
[2019-12-09T07:16:58.266+0000][1][safepoint    ] Leaving safepoint region
[2019-12-09T07:16:58.266+0000][1][safepoint    ] Total time for which application threads were stopped: 0.0000993 seconds, Stopping threads took: 0.0000248 seconds
[2019-12-09T07:17:10.267+0000][1][safepoint    ] Application time: 12.0008208 seconds
[2019-12-09T07:17:10.267+0000][1][safepoint    ] Entering safepoint region: Cleanup
[2019-12-09T07:17:10.267+0000][1][safepoint    ] Leaving safepoint region
[2019-12-09T07:17:10.267+0000][1][safepoint    ] Total time for which application threads were stopped: 0.0001004 seconds, Stopping threads took: 0.0000208 seconds
[2019-12-09T07:17:17.268+0000][1][safepoint    ] Application time: 7.0004796 seconds
[2019-12-09T07:17:17.268+0000][1][safepoint    ] Entering safepoint region: Cleanup
[2019-12-09T07:17:17.268+0000][1][safepoint    ] Leaving safepoint region
[2019-12-09T07:17:17.268+0000][1][safepoint    ] Total time for which application threads were stopped: 0.0001104 seconds, Stopping threads took: 0.0000197 seconds
[2019-12-09T07:17:22.136+0000][1][safepoint    ] Application time: 4.8680671 seconds
[2019-12-09T07:17:22.136+0000][1][safepoint    ] Entering safepoint region: GenCollectForAllocation
[2019-12-09T07:17:22.136+0000][1][gc,start     ] GC(36) Pause Young (Allocation Failure)
[2019-12-09T07:17:22.136+0000][1][gc,task      ] GC(36) Using 2 workers of 2 for evacuation
[2019-12-09T07:17:22.138+0000][1][gc,age       ] GC(36) Desired survivor size 4456448 bytes, new threshold 6 (max threshold 6)
[2019-12-09T07:17:22.138+0000][1][gc,age       ] GC(36) Age table with threshold 6 (max threshold 6)
[2019-12-09T07:17:22.138+0000][1][gc,age       ] GC(36) - age   1:      10224 bytes,      10224 total
[2019-12-09T07:17:22.138+0000][1][gc,age       ] GC(36) - age   2:       1904 bytes,      12128 total
[2019-12-09T07:17:22.138+0000][1][gc,age       ] GC(36) - age   3:       3544 bytes,      15672 total
[2019-12-09T07:17:22.138+0000][1][gc,age       ] GC(36) - age   4:       1616 bytes,      17288 total
[2019-12-09T07:17:22.138+0000][1][gc,age       ] GC(36) - age   5:       3960 bytes,      21248 total
[2019-12-09T07:17:22.138+0000][1][gc,age       ] GC(36) - age   6:     153224 bytes,     174472 total
[2019-12-09T07:17:22.138+0000][1][gc,heap      ] GC(36) ParNew: 70187K->287K(78656K)
[2019-12-09T07:17:22.138+0000][1][gc,heap      ] GC(36) CMS: 74950K->74959K(174784K)
[2019-12-09T07:17:22.138+0000][1][gc,metaspace ] GC(36) Metaspace: 78911K->78911K(1122304K)
[2019-12-09T07:17:22.138+0000][1][gc           ] GC(36) Pause Young (Allocation Failure) 141M->73M(247M) 2.409ms
[2019-12-09T07:17:22.138+0000][1][gc,cpu       ] GC(36) User=0.01s Sys=0.00s Real=0.00s
[2019-12-09T07:17:22.138+0000][1][safepoint    ] Leaving safepoint region
[2019-12-09T07:17:22.138+0000][1][safepoint    ] Total time for which application threads were stopped: 0.0025789 seconds, Stopping threads took: 0.0000195 seconds
[2019-12-09T07:17:25.139+0000][1][safepoint    ] Application time: 3.0002227 seconds
[2019-12-09T07:17:25.139+0000][1][safepoint    ] Entering safepoint region: Cleanup
[2019-12-09T07:17:25.139+0000][1][safepoint    ] Leaving safepoint region
[2019-12-09T07:17:25.139+0000][1][safepoint    ] Total time for which application threads were stopped: 0.0001028 seconds, Stopping threads took: 0.0000219 seconds
[2019-12-09T07:17:26.139+0000][1][safepoint    ] Application time: 1.0000761 seconds
[2019-12-09T07:17:26.139+0000][1][safepoint    ] Entering safepoint region: Cleanup
[2019-12-09T07:17:26.139+0000][1][safepoint    ] Leaving safepoint region
[2019-12-09T07:17:26.139+0000][1][safepoint    ] Total time for which application threads were stopped: 0.0001095 seconds, Stopping threads took: 0.0000302 seconds
[2019-12-09T07:17:29.139+0000][1][safepoint    ] Application time: 3.0002087 seconds
[2019-12-09T07:17:29.139+0000][1][safepoint    ] Entering safepoint region: Cleanup
[2019-12-09T07:17:29.139+0000][1][safepoint    ] Leaving safepoint region
[2019-12-09T07:17:29.139+0000][1][safepoint    ] Total time for which application threads were stopped: 0.0001009 seconds, Stopping threads took: 0.0000199 seconds
[2019-12-09T07:17:38.146+0000][1][safepoint    ] Application time: 9.0068829 seconds
[2019-12-09T07:17:38.146+0000][1][safepoint    ] Entering safepoint region: Cleanup
[2019-12-09T07:17:38.146+0000][1][safepoint    ] Leaving safepoint region
[2019-12-09T07:17:38.146+0000][1][safepoint    ] Total time for which application threads were stopped: 0.0001030 seconds, Stopping threads took: 0.0000214 seconds
[2019-12-09T07:17:40.147+0000][1][safepoint    ] Application time: 2.0001428 seconds
[2019-12-09T07:17:40.147+0000][1][safepoint    ] Entering safepoint region: Cleanup
[2019-12-09T07:17:40.147+0000][1][safepoint    ] Leaving safepoint region
[2019-12-09T07:17:40.147+0000][1][safepoint    ] Total time for which application threads were stopped: 0.0001136 seconds, Stopping threads took: 0.0000187 seconds
[2019-12-09T07:17:49.148+0000][1][safepoint    ] Application time: 9.0014612 seconds
[2019-12-09T07:17:49.148+0000][1][safepoint    ] Entering safepoint region: Cleanup
[2019-12-09T07:17:49.148+0000][1][safepoint    ] Leaving safepoint region
[2019-12-09T07:17:49.148+0000][1][safepoint    ] Total time for which application threads were stopped: 0.0001000 seconds, Stopping threads took: 0.0000196 seconds
[2019-12-09T07:18:00.149+0000][1][safepoint    ] Application time: 11.0007456 seconds
[2019-12-09T07:18:00.149+0000][1][safepoint    ] Entering safepoint region: Cleanup
[2019-12-09T07:18:00.149+0000][1][safepoint    ] Leaving safepoint region
[2019-12-09T07:18:00.149+0000][1][safepoint    ] Total time for which application threads were stopped: 0.0001516 seconds, Stopping threads took: 0.0000389 seconds
[2019-12-09T07:18:02.149+0000][1][safepoint    ] Application time: 2.0001410 seconds
[2019-12-09T07:18:02.149+0000][1][safepoint    ] Entering safepoint region: Cleanup
[2019-12-09T07:18:02.150+0000][1][safepoint    ] Leaving safepoint region
[2019-12-09T07:18:02.150+0000][1][safepoint    ] Total time for which application threads were stopped: 0.0001006 seconds, Stopping threads took: 0.0000197 seconds
[2019-12-09T07:18:06.150+0000][1][safepoint    ] Application time: 4.0002715 seconds
[2019-12-09T07:18:06.150+0000][1][safepoint    ] Entering safepoint region: Cleanup
[2019-12-09T07:18:06.150+0000][1][safepoint    ] Leaving safepoint region
[2019-12-09T07:18:06.150+0000][1][safepoint    ] Total time for which application threads were stopped: 0.0001101 seconds, Stopping threads took: 0.0000208 seconds
[2019-12-09T07:18:11.150+0000][1][safepoint    ] Application time: 5.0003523 seconds
[2019-12-09T07:18:11.150+0000][1][safepoint    ] Entering safepoint region: Cleanup
[2019-12-09T07:18:11.150+0000][1][safepoint    ] Leaving safepoint region
[2019-12-09T07:18:11.150+0000][1][safepoint    ] Total time for which application threads were stopped: 0.0001097 seconds, Stopping threads took: 0.0000271 seconds
[2019-12-09T07:18:14.151+0000][1][safepoint    ] Application time: 3.0002127 seconds
[2019-12-09T07:18:14.151+0000][1][safepoint    ] Entering safepoint region: Cleanup
[2019-12-09T07:18:14.151+0000][1][safepoint    ] Leaving safepoint region
[2019-12-09T07:18:14.151+0000][1][safepoint    ] Total time for which application threads were stopped: 0.0001019 seconds, Stopping threads took: 0.0000203 seconds
[2019-12-09T07:18:43.154+0000][1][safepoint    ] Application time: 29.0027989 seconds
[2019-12-09T07:18:43.154+0000][1][safepoint    ] Entering safepoint region: Cleanup
[2019-12-09T07:18:43.154+0000][1][safepoint    ] Leaving safepoint region
[2019-12-09T07:18:43.154+0000][1][safepoint    ] Total time for which application threads were stopped: 0.0001119 seconds, Stopping threads took: 0.0000277 seconds
[2019-12-09T07:18:44.154+0000][1][safepoint    ] Application time: 1.0000847 seconds
[2019-12-09T07:18:44.154+0000][1][safepoint    ] Entering safepoint region: Cleanup
[2019-12-09T07:18:44.154+0000][1][safepoint    ] Leaving safepoint region
[2019-12-09T07:18:44.154+0000][1][safepoint    ] Total time for which application threads were stopped: 0.0001015 seconds, Stopping threads took: 0.0000217 seconds
[2019-12-09T07:18:46.154+0000][1][safepoint    ] Application time: 2.0001456 seconds
[2019-12-09T07:18:46.154+0000][1][safepoint    ] Entering safepoint region: Cleanup
[2019-12-09T07:18:46.154+0000][1][safepoint    ] Leaving safepoint region
[2019-12-09T07:18:46.154+0000][1][safepoint    ] Total time for which application threads were stopped: 0.0001012 seconds, Stopping threads took: 0.0000206 seconds
[2019-12-09T07:18:55.155+0000][1][safepoint    ] Application time: 9.0006175 seconds
[2019-12-09T07:18:55.155+0000][1][safepoint    ] Entering safepoint region: Cleanup
[2019-12-09T07:18:55.155+0000][1][safepoint    ] Leaving safepoint region
[2019-12-09T07:18:55.155+0000][1][safepoint    ] Total time for which application threads were stopped: 0.0001076 seconds, Stopping threads took: 0.0000276 seconds
[2019-12-09T07:18:56.155+0000][1][safepoint    ] Application time: 1.0000779 seconds
[2019-12-09T07:18:56.155+0000][1][safepoint    ] Entering safepoint region: Cleanup
[2019-12-09T07:18:56.155+0000][1][safepoint    ] Leaving safepoint region
[2019-12-09T07:18:56.155+0000][1][safepoint    ] Total time for which application threads were stopped: 0.0000998 seconds, Stopping threads took: 0.0000195 seconds
[2019-12-09T07:19:02.156+0000][1][safepoint    ] Application time: 6.0004142 seconds
[2019-12-09T07:19:02.156+0000][1][safepoint    ] Entering safepoint region: Cleanup
[2019-12-09T07:19:02.156+0000][1][safepoint    ] Leaving safepoint region
[2019-12-09T07:19:02.156+0000][1][safepoint    ] Total time for which application threads were stopped: 0.0001050 seconds, Stopping threads took: 0.0000201 seconds
[2019-12-09T07:19:15.573+0000][1][safepoint    ] Application time: 13.4176022 seconds
[2019-12-09T07:19:15.574+0000][1][safepoint    ] Entering safepoint region: GenCollectForAllocation
[2019-12-09T07:19:15.574+0000][1][gc,start     ] GC(37) Pause Young (Allocation Failure)
[2019-12-09T07:19:15.574+0000][1][gc,task      ] GC(37) Using 2 workers of 2 for evacuation
[2019-12-09T07:19:15.576+0000][1][gc,age       ] GC(37) Desired survivor size 4456448 bytes, new threshold 6 (max threshold 6)
[2019-12-09T07:19:15.576+0000][1][gc,age       ] GC(37) Age table with threshold 6 (max threshold 6)
[2019-12-09T07:19:15.576+0000][1][gc,age       ] GC(37) - age   1:      10784 bytes,      10784 total
[2019-12-09T07:19:15.576+0000][1][gc,age       ] GC(37) - age   2:       1192 bytes,      11976 total
[2019-12-09T07:19:15.576+0000][1][gc,age       ] GC(37) - age   3:       1872 bytes,      13848 total
[2019-12-09T07:19:15.576+0000][1][gc,age       ] GC(37) - age   4:       3544 bytes,      17392 total
[2019-12-09T07:19:15.576+0000][1][gc,age       ] GC(37) - age   5:       1616 bytes,      19008 total
[2019-12-09T07:19:15.576+0000][1][gc,age       ] GC(37) - age   6:       3840 bytes,      22848 total
[2019-12-09T07:19:15.576+0000][1][gc,heap      ] GC(37) ParNew: 70181K->111K(78656K)
[2019-12-09T07:19:15.576+0000][1][gc,heap      ] GC(37) CMS: 74959K->75111K(174784K)
[2019-12-09T07:19:15.576+0000][1][gc,metaspace ] GC(37) Metaspace: 78948K->78948K(1122304K)
[2019-12-09T07:19:15.576+0000][1][gc           ] GC(37) Pause Young (Allocation Failure) 141M->73M(247M) 2.611ms
[2019-12-09T07:19:15.576+0000][1][gc,cpu       ] GC(37) User=0.01s Sys=0.00s Real=0.01s
[2019-12-09T07:19:15.576+0000][1][safepoint    ] Leaving safepoint region
[2019-12-09T07:19:15.576+0000][1][safepoint    ] Total time for which application threads were stopped: 0.0028195 seconds, Stopping threads took: 0.0000204 seconds
[2019-12-09T07:19:18.577+0000][1][safepoint    ] Application time: 3.0002298 seconds
[2019-12-09T07:19:18.577+0000][1][safepoint    ] Entering safepoint region: Cleanup
[2019-12-09T07:19:18.577+0000][1][safepoint    ] Leaving safepoint region
[2019-12-09T07:19:18.577+0000][1][safepoint    ] Total time for which application threads were stopped: 0.0001124 seconds, Stopping threads took: 0.0000208 seconds
[2019-12-09T07:19:19.577+0000][1][safepoint    ] Application time: 1.0000778 seconds
[2019-12-09T07:19:19.577+0000][1][safepoint    ] Entering safepoint region: Cleanup
[2019-12-09T07:19:19.577+0000][1][safepoint    ] Leaving safepoint region
[2019-12-09T07:19:19.577+0000][1][safepoint    ] Total time for which application threads were stopped: 0.0001016 seconds, Stopping threads took: 0.0000210 seconds
[2019-12-09T07:19:20.577+0000][1][safepoint    ] Application time: 1.0000753 seconds
[2019-12-09T07:19:20.577+0000][1][safepoint    ] Entering safepoint region: Cleanup
[2019-12-09T07:19:20.577+0000][1][safepoint    ] Leaving safepoint region
[2019-12-09T07:19:20.577+0000][1][safepoint    ] Total time for which application threads were stopped: 0.0001094 seconds, Stopping threads took: 0.0000284 seconds
[2019-12-09T07:19:23.577+0000][1][safepoint    ] Application time: 3.0002155 seconds
[2019-12-09T07:19:23.577+0000][1][safepoint    ] Entering safepoint region: Cleanup
[2019-12-09T07:19:23.578+0000][1][safepoint    ] Leaving safepoint region
[2019-12-09T07:19:23.578+0000][1][safepoint    ] Total time for which application threads were stopped: 0.0001043 seconds, Stopping threads took: 0.0000214 seconds
[2019-12-09T07:19:27.578+0000][1][safepoint    ] Application time: 4.0002824 seconds
[2019-12-09T07:19:27.578+0000][1][safepoint    ] Entering safepoint region: Cleanup
[2019-12-09T07:19:27.578+0000][1][safepoint    ] Leaving safepoint region
[2019-12-09T07:19:27.578+0000][1][safepoint    ] Total time for which application threads were stopped: 0.0001040 seconds, Stopping threads took: 0.0000191 seconds
[2019-12-09T07:19:41.579+0000][1][safepoint    ] Application time: 14.0009486 seconds
[2019-12-09T07:19:41.579+0000][1][safepoint    ] Entering safepoint region: Cleanup
[2019-12-09T07:19:41.579+0000][1][safepoint    ] Leaving safepoint region
[2019-12-09T07:19:41.579+0000][1][safepoint    ] Total time for which application threads were stopped: 0.0001014 seconds, Stopping threads took: 0.0000190 seconds
[2019-12-09T07:19:46.579+0000][1][safepoint    ] Application time: 5.0003121 seconds
[2019-12-09T07:19:46.579+0000][1][safepoint    ] Entering safepoint region: Cleanup
[2019-12-09T07:19:46.580+0000][1][safepoint    ] Leaving safepoint region
[2019-12-09T07:19:46.580+0000][1][safepoint    ] Total time for which application threads were stopped: 0.0001011 seconds, Stopping threads took: 0.0000191 seconds
[2019-12-09T07:19:58.580+0000][1][safepoint    ] Application time: 12.0008185 seconds
[2019-12-09T07:19:58.580+0000][1][safepoint    ] Entering safepoint region: Cleanup
[2019-12-09T07:19:58.581+0000][1][safepoint    ] Leaving safepoint region
[2019-12-09T07:19:58.581+0000][1][safepoint    ] Total time for which application threads were stopped: 0.0001101 seconds, Stopping threads took: 0.0000270 seconds
[2019-12-09T07:20:56.585+0000][1][safepoint    ] Application time: 58.0040869 seconds
[2019-12-09T07:20:56.585+0000][1][safepoint    ] Entering safepoint region: Cleanup
[2019-12-09T07:20:56.585+0000][1][safepoint    ] Leaving safepoint region
[2019-12-09T07:20:56.585+0000][1][safepoint    ] Total time for which application threads were stopped: 0.0001248 seconds, Stopping threads took: 0.0000275 seconds
[2019-12-09T07:21:07.222+0000][1][safepoint    ] Application time: 10.6368054 seconds
[2019-12-09T07:21:07.222+0000][1][safepoint    ] Entering safepoint region: GenCollectForAllocation
[2019-12-09T07:21:07.222+0000][1][gc,start     ] GC(38) Pause Young (Allocation Failure)
[2019-12-09T07:21:07.222+0000][1][gc,task      ] GC(38) Using 2 workers of 2 for evacuation
[2019-12-09T07:21:07.224+0000][1][gc,age       ] GC(38) Desired survivor size 4456448 bytes, new threshold 6 (max threshold 6)
[2019-12-09T07:21:07.224+0000][1][gc,age       ] GC(38) Age table with threshold 6 (max threshold 6)
[2019-12-09T07:21:07.224+0000][1][gc,age       ] GC(38) - age   1:      11120 bytes,      11120 total
[2019-12-09T07:21:07.224+0000][1][gc,age       ] GC(38) - age   2:       2288 bytes,      13408 total
[2019-12-09T07:21:07.224+0000][1][gc,age       ] GC(38) - age   3:       1072 bytes,      14480 total
[2019-12-09T07:21:07.224+0000][1][gc,age       ] GC(38) - age   4:       1872 bytes,      16352 total
[2019-12-09T07:21:07.224+0000][1][gc,age       ] GC(38) - age   5:       3544 bytes,      19896 total
[2019-12-09T07:21:07.224+0000][1][gc,age       ] GC(38) - age   6:       1616 bytes,      21512 total
[2019-12-09T07:21:07.224+0000][1][gc,heap      ] GC(38) ParNew: 70063K->32K(78656K)
[2019-12-09T07:21:07.224+0000][1][gc,heap      ] GC(38) CMS: 75111K->75114K(174784K)
[2019-12-09T07:21:07.224+0000][1][gc,metaspace ] GC(38) Metaspace: 78968K->78968K(1122304K)
[2019-12-09T07:21:07.224+0000][1][gc           ] GC(38) Pause Young (Allocation Failure) 141M->73M(247M) 1.975ms
[2019-12-09T07:21:07.224+0000][1][gc,cpu       ] GC(38) User=0.01s Sys=0.00s Real=0.00s
[2019-12-09T07:21:07.224+0000][1][safepoint    ] Leaving safepoint region
[2019-12-09T07:21:07.224+0000][1][safepoint    ] Total time for which application threads were stopped: 0.0021749 seconds, Stopping threads took: 0.0000193 seconds
[2019-12-09T07:21:32.225+0000][1][safepoint    ] Application time: 25.0016659 seconds
[2019-12-09T07:21:32.226+0000][1][safepoint    ] Entering safepoint region: Cleanup
[2019-12-09T07:21:32.226+0000][1][safepoint    ] Leaving safepoint region
[2019-12-09T07:21:32.226+0000][1][safepoint    ] Total time for which application threads were stopped: 0.0001098 seconds, Stopping threads took: 0.0000300 seconds
[2019-12-09T07:21:47.227+0000][1][safepoint    ] Application time: 15.0010158 seconds
[2019-12-09T07:21:47.227+0000][1][safepoint    ] Entering safepoint region: Cleanup
[2019-12-09T07:21:47.227+0000][1][safepoint    ] Leaving safepoint region
[2019-12-09T07:21:47.227+0000][1][safepoint    ] Total time for which application threads were stopped: 0.0001184 seconds, Stopping threads took: 0.0000345 seconds
[2019-12-09T07:22:01.228+0000][1][safepoint    ] Application time: 14.0009320 seconds
[2019-12-09T07:22:01.228+0000][1][safepoint    ] Entering safepoint region: Cleanup
[2019-12-09T07:22:01.228+0000][1][safepoint    ] Leaving safepoint region
[2019-12-09T07:22:01.228+0000][1][safepoint    ] Total time for which application threads were stopped: 0.0001142 seconds, Stopping threads took: 0.0000297 seconds
[2019-12-09T07:22:03.228+0000][1][safepoint    ] Application time: 2.0001455 seconds
[2019-12-09T07:22:03.228+0000][1][safepoint    ] Entering safepoint region: Cleanup
[2019-12-09T07:22:03.228+0000][1][safepoint    ] Leaving safepoint region
[2019-12-09T07:22:03.228+0000][1][safepoint    ] Total time for which application threads were stopped: 0.0001106 seconds, Stopping threads took: 0.0000309 seconds
[2019-12-09T07:22:19.229+0000][1][safepoint    ] Application time: 16.0010878 seconds
[2019-12-09T07:22:19.229+0000][1][safepoint    ] Entering safepoint region: Cleanup
[2019-12-09T07:22:19.229+0000][1][safepoint    ] Leaving safepoint region
[2019-12-09T07:22:19.229+0000][1][safepoint    ] Total time for which application threads were stopped: 0.0001014 seconds, Stopping threads took: 0.0000203 seconds
[2019-12-09T07:22:21.230+0000][1][safepoint    ] Application time: 2.0001403 seconds
[2019-12-09T07:22:21.230+0000][1][safepoint    ] Entering safepoint region: Cleanup
[2019-12-09T07:22:21.230+0000][1][safepoint    ] Leaving safepoint region
[2019-12-09T07:22:21.230+0000][1][safepoint    ] Total time for which application threads were stopped: 0.0001192 seconds, Stopping threads took: 0.0000190 seconds
[2019-12-09T07:22:31.230+0000][1][safepoint    ] Application time: 10.0006669 seconds
[2019-12-09T07:22:31.230+0000][1][safepoint    ] Entering safepoint region: Cleanup
[2019-12-09T07:22:31.231+0000][1][safepoint    ] Leaving safepoint region
[2019-12-09T07:22:31.231+0000][1][safepoint    ] Total time for which application threads were stopped: 0.0001119 seconds, Stopping threads took: 0.0000291 seconds
[2019-12-09T07:22:41.231+0000][1][safepoint    ] Application time: 10.0006912 seconds
[2019-12-09T07:22:41.231+0000][1][safepoint    ] Entering safepoint region: Cleanup
[2019-12-09T07:22:41.231+0000][1][safepoint    ] Leaving safepoint region
[2019-12-09T07:22:41.231+0000][1][safepoint    ] Total time for which application threads were stopped: 0.0001023 seconds, Stopping threads took: 0.0000204 seconds
[2019-12-09T07:22:52.232+0000][1][safepoint    ] Application time: 11.0007490 seconds
[2019-12-09T07:22:52.232+0000][1][safepoint    ] Entering safepoint region: Cleanup
[2019-12-09T07:22:52.232+0000][1][safepoint    ] Leaving safepoint region
[2019-12-09T07:22:52.232+0000][1][safepoint    ] Total time for which application threads were stopped: 0.0001003 seconds, Stopping threads took: 0.0000214 seconds
[2019-12-09T07:23:02.261+0000][1][safepoint    ] Application time: 10.0291761 seconds
[2019-12-09T07:23:02.262+0000][1][safepoint    ] Entering safepoint region: GenCollectForAllocation
[2019-12-09T07:23:02.262+0000][1][gc,start     ] GC(39) Pause Young (Allocation Failure)
[2019-12-09T07:23:02.262+0000][1][gc,task      ] GC(39) Using 2 workers of 2 for evacuation
[2019-12-09T07:23:02.263+0000][1][gc,age       ] GC(39) Desired survivor size 4456448 bytes, new threshold 6 (max threshold 6)
[2019-12-09T07:23:02.263+0000][1][gc,age       ] GC(39) Age table with threshold 6 (max threshold 6)
[2019-12-09T07:23:02.263+0000][1][gc,age       ] GC(39) - age   1:      10016 bytes,      10016 total
[2019-12-09T07:23:02.263+0000][1][gc,age       ] GC(39) - age   2:       2560 bytes,      12576 total
[2019-12-09T07:23:02.263+0000][1][gc,age       ] GC(39) - age   3:       2288 bytes,      14864 total
[2019-12-09T07:23:02.263+0000][1][gc,age       ] GC(39) - age   4:       1072 bytes,      15936 total
[2019-12-09T07:23:02.263+0000][1][gc,age       ] GC(39) - age   5:       1752 bytes,      17688 total
[2019-12-09T07:23:02.263+0000][1][gc,age       ] GC(39) - age   6:       3152 bytes,      20840 total
[2019-12-09T07:23:02.263+0000][1][gc,heap      ] GC(39) ParNew: 69984K->35K(78656K)
[2019-12-09T07:23:02.263+0000][1][gc,heap      ] GC(39) CMS: 75114K->75116K(174784K)
[2019-12-09T07:23:02.263+0000][1][gc,metaspace ] GC(39) Metaspace: 78983K->78983K(1122304K)
[2019-12-09T07:23:02.263+0000][1][gc           ] GC(39) Pause Young (Allocation Failure) 141M->73M(247M) 1.811ms
[2019-12-09T07:23:02.263+0000][1][gc,cpu       ] GC(39) User=0.00s Sys=0.00s Real=0.00s
[2019-12-09T07:23:02.263+0000][1][safepoint    ] Leaving safepoint region
[2019-12-09T07:23:02.263+0000][1][safepoint    ] Total time for which application threads were stopped: 0.0019905 seconds, Stopping threads took: 0.0000288 seconds
[2019-12-09T07:23:26.265+0000][1][safepoint    ] Application time: 24.0016225 seconds
[2019-12-09T07:23:26.265+0000][1][safepoint    ] Entering safepoint region: Cleanup
[2019-12-09T07:23:26.265+0000][1][safepoint    ] Leaving safepoint region
[2019-12-09T07:23:26.265+0000][1][safepoint    ] Total time for which application threads were stopped: 0.0001087 seconds, Stopping threads took: 0.0000266 seconds
[2019-12-09T07:23:40.266+0000][1][safepoint    ] Application time: 14.0009474 seconds
[2019-12-09T07:23:40.266+0000][1][safepoint    ] Entering safepoint region: Cleanup
[2019-12-09T07:23:40.266+0000][1][safepoint    ] Leaving safepoint region
[2019-12-09T07:23:40.266+0000][1][safepoint    ] Total time for which application threads were stopped: 0.0001035 seconds, Stopping threads took: 0.0000209 seconds
[2019-12-09T07:24:05.268+0000][1][safepoint    ] Application time: 25.0016824 seconds
[2019-12-09T07:24:05.268+0000][1][safepoint    ] Entering safepoint region: Cleanup
[2019-12-09T07:24:05.268+0000][1][safepoint    ] Leaving safepoint region
[2019-12-09T07:24:05.268+0000][1][safepoint    ] Total time for which application threads were stopped: 0.0001079 seconds, Stopping threads took: 0.0000275 seconds
[2019-12-09T07:24:14.269+0000][1][safepoint    ] Application time: 9.0006073 seconds
[2019-12-09T07:24:14.269+0000][1][safepoint    ] Entering safepoint region: Cleanup
[2019-12-09T07:24:14.269+0000][1][safepoint    ] Leaving safepoint region
[2019-12-09T07:24:14.269+0000][1][safepoint    ] Total time for which application threads were stopped: 0.0000971 seconds, Stopping threads took: 0.0000192 seconds
[2019-12-09T07:24:22.269+0000][1][safepoint    ] Application time: 8.0005500 seconds
[2019-12-09T07:24:22.270+0000][1][safepoint    ] Entering safepoint region: Cleanup
[2019-12-09T07:24:22.270+0000][1][safepoint    ] Leaving safepoint region
[2019-12-09T07:24:22.270+0000][1][safepoint    ] Total time for which application threads were stopped: 0.0001125 seconds, Stopping threads took: 0.0000267 seconds
[2019-12-09T07:24:53.788+0000][1][safepoint    ] Application time: 31.5188311 seconds
[2019-12-09T07:24:53.789+0000][1][safepoint    ] Entering safepoint region: GenCollectForAllocation
[2019-12-09T07:24:53.789+0000][1][gc,start     ] GC(40) Pause Young (Allocation Failure)
[2019-12-09T07:24:53.789+0000][1][gc,task      ] GC(40) Using 2 workers of 2 for evacuation
[2019-12-09T07:24:53.790+0000][1][gc,age       ] GC(40) Desired survivor size 4456448 bytes, new threshold 6 (max threshold 6)
[2019-12-09T07:24:53.790+0000][1][gc,age       ] GC(40) Age table with threshold 6 (max threshold 6)
[2019-12-09T07:24:53.790+0000][1][gc,age       ] GC(40) - age   1:      11824 bytes,      11824 total
[2019-12-09T07:24:53.790+0000][1][gc,age       ] GC(40) - age   2:       2024 bytes,      13848 total
[2019-12-09T07:24:53.790+0000][1][gc,age       ] GC(40) - age   3:       2288 bytes,      16136 total
[2019-12-09T07:24:53.790+0000][1][gc,age       ] GC(40) - age   4:       2288 bytes,      18424 total
[2019-12-09T07:24:53.790+0000][1][gc,age       ] GC(40) - age   5:       1072 bytes,      19496 total
[2019-12-09T07:24:53.790+0000][1][gc,age       ] GC(40) - age   6:       1752 bytes,      21248 total
[2019-12-09T07:24:53.790+0000][1][gc,heap      ] GC(40) ParNew: 69945K->27K(78656K)
[2019-12-09T07:24:53.790+0000][1][gc,heap      ] GC(40) CMS: 75116K->75119K(174784K)
[2019-12-09T07:24:53.790+0000][1][gc,metaspace ] GC(40) Metaspace: 79008K->79008K(1122304K)
[2019-12-09T07:24:53.790+0000][1][gc           ] GC(40) Pause Young (Allocation Failure) 141M->73M(247M) 1.820ms
[2019-12-09T07:24:53.790+0000][1][gc,cpu       ] GC(40) User=0.01s Sys=0.00s Real=0.00s
[2019-12-09T07:24:53.790+0000][1][safepoint    ] Leaving safepoint region
[2019-12-09T07:24:53.790+0000][1][safepoint    ] Total time for which application threads were stopped: 0.0020104 seconds, Stopping threads took: 0.0000270 seconds
[2019-12-09T07:25:34.793+0000][1][safepoint    ] Application time: 41.0028261 seconds
[2019-12-09T07:25:34.793+0000][1][safepoint    ] Entering safepoint region: Cleanup
[2019-12-09T07:25:34.793+0000][1][safepoint    ] Leaving safepoint region
[2019-12-09T07:25:34.793+0000][1][safepoint    ] Total time for which application threads were stopped: 0.0001095 seconds, Stopping threads took: 0.0000270 seconds
[2019-12-09T07:25:49.795+0000][1][safepoint    ] Application time: 15.0011915 seconds
[2019-12-09T07:25:49.795+0000][1][safepoint    ] Entering safepoint region: Cleanup
[2019-12-09T07:25:49.795+0000][1][safepoint    ] Leaving safepoint region
[2019-12-09T07:25:49.795+0000][1][safepoint    ] Total time for which application threads were stopped: 0.0001343 seconds, Stopping threads took: 0.0000275 seconds
[2019-12-09T07:26:19.797+0000][1][safepoint    ] Application time: 30.0020218 seconds
[2019-12-09T07:26:19.797+0000][1][safepoint    ] Entering safepoint region: Cleanup
[2019-12-09T07:26:19.797+0000][1][safepoint    ] Leaving safepoint region
[2019-12-09T07:26:19.797+0000][1][safepoint    ] Total time for which application threads were stopped: 0.0001102 seconds, Stopping threads took: 0.0000285 seconds
[2019-12-09T07:26:22.797+0000][1][safepoint    ] Application time: 3.0002118 seconds
[2019-12-09T07:26:22.797+0000][1][safepoint    ] Entering safepoint region: Cleanup
[2019-12-09T07:26:22.797+0000][1][safepoint    ] Leaving safepoint region
[2019-12-09T07:26:22.797+0000][1][safepoint    ] Total time for which application threads were stopped: 0.0001036 seconds, Stopping threads took: 0.0000205 seconds
[2019-12-09T07:26:23.797+0000][1][safepoint    ] Application time: 1.0000769 seconds
[2019-12-09T07:26:23.798+0000][1][safepoint    ] Entering safepoint region: Cleanup
[2019-12-09T07:26:23.798+0000][1][safepoint    ] Leaving safepoint region
[2019-12-09T07:26:23.798+0000][1][safepoint    ] Total time for which application threads were stopped: 0.0000998 seconds, Stopping threads took: 0.0000200 seconds
[2019-12-09T07:26:26.798+0000][1][safepoint    ] Application time: 3.0002131 seconds
[2019-12-09T07:26:26.798+0000][1][safepoint    ] Entering safepoint region: Cleanup
[2019-12-09T07:26:26.798+0000][1][safepoint    ] Leaving safepoint region
[2019-12-09T07:26:26.798+0000][1][safepoint    ] Total time for which application threads were stopped: 0.0001093 seconds, Stopping threads took: 0.0000278 seconds
[2019-12-09T07:26:30.798+0000][1][safepoint    ] Application time: 4.0002778 seconds
[2019-12-09T07:26:30.798+0000][1][safepoint    ] Entering safepoint region: Cleanup
[2019-12-09T07:26:30.798+0000][1][safepoint    ] Leaving safepoint region
[2019-12-09T07:26:30.798+0000][1][safepoint    ] Total time for which application threads were stopped: 0.0001011 seconds, Stopping threads took: 0.0000197 seconds
[2019-12-09T07:26:31.801+0000][1][safepoint    ] Application time: 1.0023334 seconds
[2019-12-09T07:26:31.801+0000][1][safepoint    ] Entering safepoint region: Cleanup
[2019-12-09T07:26:31.801+0000][1][safepoint    ] Leaving safepoint region
[2019-12-09T07:26:31.801+0000][1][safepoint    ] Total time for which application threads were stopped: 0.0001489 seconds, Stopping threads took: 0.0000283 seconds
[2019-12-09T07:26:40.802+0000][1][safepoint    ] Application time: 9.0006238 seconds
[2019-12-09T07:26:40.802+0000][1][safepoint    ] Entering safepoint region: Cleanup
[2019-12-09T07:26:40.802+0000][1][safepoint    ] Leaving safepoint region
[2019-12-09T07:26:40.802+0000][1][safepoint    ] Total time for which application threads were stopped: 0.0001146 seconds, Stopping threads took: 0.0000195 seconds
[2019-12-09T07:26:46.844+0000][1][safepoint    ] Application time: 6.0421450 seconds
[2019-12-09T07:26:46.844+0000][1][safepoint    ] Entering safepoint region: GenCollectForAllocation
[2019-12-09T07:26:46.844+0000][1][gc,start     ] GC(41) Pause Young (Allocation Failure)
[2019-12-09T07:26:46.844+0000][1][gc,task      ] GC(41) Using 2 workers of 2 for evacuation
[2019-12-09T07:26:46.846+0000][1][gc,age       ] GC(41) Desired survivor size 4456448 bytes, new threshold 6 (max threshold 6)
[2019-12-09T07:26:46.846+0000][1][gc,age       ] GC(41) Age table with threshold 6 (max threshold 6)
[2019-12-09T07:26:46.846+0000][1][gc,age       ] GC(41) - age   1:       9304 bytes,       9304 total
[2019-12-09T07:26:46.846+0000][1][gc,age       ] GC(41) - age   2:       3328 bytes,      12632 total
[2019-12-09T07:26:46.846+0000][1][gc,age       ] GC(41) - age   3:       2024 bytes,      14656 total
[2019-12-09T07:26:46.846+0000][1][gc,age       ] GC(41) - age   4:       2168 bytes,      16824 total
[2019-12-09T07:26:46.846+0000][1][gc,age       ] GC(41) - age   5:       2288 bytes,      19112 total
[2019-12-09T07:26:46.846+0000][1][gc,age       ] GC(41) - age   6:       1072 bytes,      20184 total
[2019-12-09T07:26:46.846+0000][1][gc,heap      ] GC(41) ParNew: 69922K->28K(78656K)
[2019-12-09T07:26:46.846+0000][1][gc,heap      ] GC(41) CMS: 75119K->75121K(174784K)
[2019-12-09T07:26:46.846+0000][1][gc,metaspace ] GC(41) Metaspace: 79044K->79044K(1122304K)
[2019-12-09T07:26:46.846+0000][1][gc           ] GC(41) Pause Young (Allocation Failure) 141M->73M(247M) 1.891ms
[2019-12-09T07:26:46.846+0000][1][gc,cpu       ] GC(41) User=0.00s Sys=0.00s Real=0.01s
[2019-12-09T07:26:46.846+0000][1][safepoint    ] Leaving safepoint region
[2019-12-09T07:26:46.846+0000][1][safepoint    ] Total time for which application threads were stopped: 0.0021058 seconds, Stopping threads took: 0.0000373 seconds
[2019-12-09T07:27:01.847+0000][1][safepoint    ] Application time: 15.0010108 seconds
[2019-12-09T07:27:01.847+0000][1][safepoint    ] Entering safepoint region: Cleanup
[2019-12-09T07:27:01.847+0000][1][safepoint    ] Leaving safepoint region
[2019-12-09T07:27:01.847+0000][1][safepoint    ] Total time for which application threads were stopped: 0.0001399 seconds, Stopping threads took: 0.0000329 seconds
[2019-12-09T07:27:15.848+0000][1][safepoint    ] Application time: 14.0009606 seconds
[2019-12-09T07:27:15.848+0000][1][safepoint    ] Entering safepoint region: Cleanup
[2019-12-09T07:27:15.848+0000][1][safepoint    ] Leaving safepoint region
[2019-12-09T07:27:15.848+0000][1][safepoint    ] Total time for which application threads were stopped: 0.0000958 seconds, Stopping threads took: 0.0000190 seconds
[2019-12-09T07:27:29.849+0000][1][safepoint    ] Application time: 14.0009743 seconds
[2019-12-09T07:27:29.849+0000][1][safepoint    ] Entering safepoint region: Cleanup
[2019-12-09T07:27:29.849+0000][1][safepoint    ] Leaving safepoint region
[2019-12-09T07:27:29.849+0000][1][safepoint    ] Total time for which application threads were stopped: 0.0001061 seconds, Stopping threads took: 0.0000257 seconds
[2019-12-09T07:27:52.851+0000][1][safepoint    ] Application time: 23.0015338 seconds
[2019-12-09T07:27:52.851+0000][1][safepoint    ] Entering safepoint region: Cleanup
[2019-12-09T07:27:52.851+0000][1][safepoint    ] Leaving safepoint region
[2019-12-09T07:27:52.851+0000][1][safepoint    ] Total time for which application threads were stopped: 0.0001443 seconds, Stopping threads took: 0.0000269 seconds
[2019-12-09T07:28:01.852+0000][1][safepoint    ] Application time: 9.0006530 seconds
[2019-12-09T07:28:01.852+0000][1][safepoint    ] Entering safepoint region: Cleanup
[2019-12-09T07:28:01.852+0000][1][safepoint    ] Leaving safepoint region
[2019-12-09T07:28:01.852+0000][1][safepoint    ] Total time for which application threads were stopped: 0.0001080 seconds, Stopping threads took: 0.0000203 seconds
[2019-12-09T07:28:07.852+0000][1][safepoint    ] Application time: 6.0004122 seconds
[2019-12-09T07:28:07.852+0000][1][safepoint    ] Entering safepoint region: Cleanup
[2019-12-09T07:28:07.852+0000][1][safepoint    ] Leaving safepoint region
[2019-12-09T07:28:07.852+0000][1][safepoint    ] Total time for which application threads were stopped: 0.0001039 seconds, Stopping threads took: 0.0000218 seconds
[2019-12-09T07:28:11.853+0000][1][safepoint    ] Application time: 4.0002869 seconds
[2019-12-09T07:28:11.853+0000][1][safepoint    ] Entering safepoint region: Cleanup
[2019-12-09T07:28:11.853+0000][1][safepoint    ] Leaving safepoint region
[2019-12-09T07:28:11.853+0000][1][safepoint    ] Total time for which application threads were stopped: 0.0001100 seconds, Stopping threads took: 0.0000295 seconds
[2019-12-09T07:28:13.853+0000][1][safepoint    ] Application time: 2.0001446 seconds
[2019-12-09T07:28:13.853+0000][1][safepoint    ] Entering safepoint region: Cleanup
[2019-12-09T07:28:13.853+0000][1][safepoint    ] Leaving safepoint region
[2019-12-09T07:28:13.853+0000][1][safepoint    ] Total time for which application threads were stopped: 0.0001060 seconds, Stopping threads took: 0.0000217 seconds
[2019-12-09T07:28:30.854+0000][1][safepoint    ] Application time: 17.0011590 seconds
[2019-12-09T07:28:30.854+0000][1][safepoint    ] Entering safepoint region: Cleanup
[2019-12-09T07:28:30.855+0000][1][safepoint    ] Leaving safepoint region
[2019-12-09T07:28:30.855+0000][1][safepoint    ] Total time for which application threads were stopped: 0.0001053 seconds, Stopping threads took: 0.0000209 seconds
[2019-12-09T07:28:37.377+0000][1][safepoint    ] Application time: 6.5220704 seconds
[2019-12-09T07:28:37.377+0000][1][safepoint    ] Entering safepoint region: GenCollectForAllocation
[2019-12-09T07:28:37.377+0000][1][gc,start     ] GC(42) Pause Young (Allocation Failure)
[2019-12-09T07:28:37.377+0000][1][gc,task      ] GC(42) Using 2 workers of 2 for evacuation
[2019-12-09T07:28:37.379+0000][1][gc,age       ] GC(42) Desired survivor size 4456448 bytes, new threshold 6 (max threshold 6)
[2019-12-09T07:28:37.379+0000][1][gc,age       ] GC(42) Age table with threshold 6 (max threshold 6)
[2019-12-09T07:28:37.379+0000][1][gc,age       ] GC(42) - age   1:      12760 bytes,      12760 total
[2019-12-09T07:28:37.379+0000][1][gc,age       ] GC(42) - age   2:        592 bytes,      13352 total
[2019-12-09T07:28:37.379+0000][1][gc,age       ] GC(42) - age   3:       3208 bytes,      16560 total
[2019-12-09T07:28:37.379+0000][1][gc,age       ] GC(42) - age   4:       2024 bytes,      18584 total
[2019-12-09T07:28:37.379+0000][1][gc,age       ] GC(42) - age   5:       2168 bytes,      20752 total
[2019-12-09T07:28:37.379+0000][1][gc,age       ] GC(42) - age   6:       2288 bytes,      23040 total
[2019-12-09T07:28:37.379+0000][1][gc,heap      ] GC(42) ParNew: 69980K->39K(78656K)
[2019-12-09T07:28:37.379+0000][1][gc,heap      ] GC(42) CMS: 75121K->75122K(174784K)
[2019-12-09T07:28:37.379+0000][1][gc,metaspace ] GC(42) Metaspace: 79077K->79077K(1122304K)
[2019-12-09T07:28:37.379+0000][1][gc           ] GC(42) Pause Young (Allocation Failure) 141M->73M(247M) 1.812ms
[2019-12-09T07:28:37.379+0000][1][gc,cpu       ] GC(42) User=0.00s Sys=0.00s Real=0.00s
[2019-12-09T07:28:37.379+0000][1][safepoint    ] Leaving safepoint region
[2019-12-09T07:28:37.379+0000][1][safepoint    ] Total time for which application threads were stopped: 0.0019995 seconds, Stopping threads took: 0.0000389 seconds
[2019-12-09T07:29:03.380+0000][1][safepoint    ] Application time: 26.0017737 seconds
[2019-12-09T07:29:03.380+0000][1][safepoint    ] Entering safepoint region: Cleanup
[2019-12-09T07:29:03.381+0000][1][safepoint    ] Leaving safepoint region
[2019-12-09T07:29:03.381+0000][1][safepoint    ] Total time for which application threads were stopped: 0.0001036 seconds, Stopping threads took: 0.0000203 seconds
[2019-12-09T07:29:05.381+0000][1][safepoint    ] Application time: 2.0001684 seconds
[2019-12-09T07:29:05.381+0000][1][safepoint    ] Entering safepoint region: Cleanup
[2019-12-09T07:29:05.381+0000][1][safepoint    ] Leaving safepoint region
[2019-12-09T07:29:05.381+0000][1][safepoint    ] Total time for which application threads were stopped: 0.0001099 seconds, Stopping threads took: 0.0000232 seconds
[2019-12-09T07:29:56.384+0000][1][safepoint    ] Application time: 51.0033843 seconds
[2019-12-09T07:29:56.384+0000][1][safepoint    ] Entering safepoint region: Cleanup
[2019-12-09T07:29:56.384+0000][1][safepoint    ] Leaving safepoint region
[2019-12-09T07:29:56.384+0000][1][safepoint    ] Total time for which application threads were stopped: 0.0001148 seconds, Stopping threads took: 0.0000300 seconds
[2019-12-09T07:29:57.385+0000][1][safepoint    ] Application time: 1.0000769 seconds
[2019-12-09T07:29:57.385+0000][1][safepoint    ] Entering safepoint region: Cleanup
[2019-12-09T07:29:57.385+0000][1][safepoint    ] Leaving safepoint region
[2019-12-09T07:29:57.385+0000][1][safepoint    ] Total time for which application threads were stopped: 0.0001071 seconds, Stopping threads took: 0.0000191 seconds
[2019-12-09T07:30:01.385+0000][1][safepoint    ] Application time: 4.0002949 seconds
[2019-12-09T07:30:01.385+0000][1][safepoint    ] Entering safepoint region: Cleanup
[2019-12-09T07:30:01.385+0000][1][safepoint    ] Leaving safepoint region
[2019-12-09T07:30:01.385+0000][1][safepoint    ] Total time for which application threads were stopped: 0.0001722 seconds, Stopping threads took: 0.0000362 seconds
[2019-12-09T07:30:14.386+0000][1][safepoint    ] Application time: 13.0009664 seconds
[2019-12-09T07:30:14.386+0000][1][safepoint    ] Entering safepoint region: Cleanup
[2019-12-09T07:30:14.386+0000][1][safepoint    ] Leaving safepoint region
[2019-12-09T07:30:14.386+0000][1][safepoint    ] Total time for which application threads were stopped: 0.0001128 seconds, Stopping threads took: 0.0000280 seconds
[2019-12-09T07:30:32.416+0000][1][safepoint    ] Application time: 18.0300973 seconds
[2019-12-09T07:30:32.417+0000][1][safepoint    ] Entering safepoint region: GenCollectForAllocation
[2019-12-09T07:30:32.417+0000][1][gc,start     ] GC(43) Pause Young (Allocation Failure)
[2019-12-09T07:30:32.417+0000][1][gc,task      ] GC(43) Using 2 workers of 2 for evacuation
[2019-12-09T07:30:32.418+0000][1][gc,age       ] GC(43) Desired survivor size 4456448 bytes, new threshold 6 (max threshold 6)
[2019-12-09T07:30:32.418+0000][1][gc,age       ] GC(43) Age table with threshold 6 (max threshold 6)
[2019-12-09T07:30:32.418+0000][1][gc,age       ] GC(43) - age   1:       9544 bytes,       9544 total
[2019-12-09T07:30:32.418+0000][1][gc,age       ] GC(43) - age   2:       3624 bytes,      13168 total
[2019-12-09T07:30:32.418+0000][1][gc,age       ] GC(43) - age   3:        592 bytes,      13760 total
[2019-12-09T07:30:32.418+0000][1][gc,age       ] GC(43) - age   4:       3088 bytes,      16848 total
[2019-12-09T07:30:32.418+0000][1][gc,age       ] GC(43) - age   5:       2024 bytes,      18872 total
[2019-12-09T07:30:32.418+0000][1][gc,age       ] GC(43) - age   6:       2168 bytes,      21040 total
[2019-12-09T07:30:32.418+0000][1][gc,heap      ] GC(43) ParNew: 69991K->26K(78656K)
[2019-12-09T07:30:32.418+0000][1][gc,heap      ] GC(43) CMS: 75122K->75124K(174784K)
[2019-12-09T07:30:32.418+0000][1][gc,metaspace ] GC(43) Metaspace: 79083K->79083K(1122304K)
[2019-12-09T07:30:32.418+0000][1][gc           ] GC(43) Pause Young (Allocation Failure) 141M->73M(247M) 1.788ms
[2019-12-09T07:30:32.418+0000][1][gc,cpu       ] GC(43) User=0.00s Sys=0.00s Real=0.00s
[2019-12-09T07:30:32.418+0000][1][safepoint    ] Leaving safepoint region
[2019-12-09T07:30:32.418+0000][1][safepoint    ] Total time for which application threads were stopped: 0.0019569 seconds, Stopping threads took: 0.0000218 seconds
[2019-12-09T07:30:35.419+0000][1][safepoint    ] Application time: 3.0002205 seconds
[2019-12-09T07:30:35.419+0000][1][safepoint    ] Entering safepoint region: Cleanup
[2019-12-09T07:30:35.419+0000][1][safepoint    ] Leaving safepoint region
[2019-12-09T07:30:35.419+0000][1][safepoint    ] Total time for which application threads were stopped: 0.0001024 seconds, Stopping threads took: 0.0000197 seconds
[2019-12-09T07:30:36.419+0000][1][safepoint    ] Application time: 1.0000752 seconds
[2019-12-09T07:30:36.419+0000][1][safepoint    ] Entering safepoint region: Cleanup
[2019-12-09T07:30:36.419+0000][1][safepoint    ] Leaving safepoint region
[2019-12-09T07:30:36.419+0000][1][safepoint    ] Total time for which application threads were stopped: 0.0000992 seconds, Stopping threads took: 0.0000194 seconds
[2019-12-09T07:30:53.423+0000][1][safepoint    ] Application time: 17.0037963 seconds
[2019-12-09T07:30:53.423+0000][1][safepoint    ] Entering safepoint region: Cleanup
[2019-12-09T07:30:53.423+0000][1][safepoint    ] Leaving safepoint region
[2019-12-09T07:30:53.423+0000][1][safepoint    ] Total time for which application threads were stopped: 0.0001018 seconds, Stopping threads took: 0.0000204 seconds
[2019-12-09T07:30:54.423+0000][1][safepoint    ] Application time: 1.0000752 seconds
[2019-12-09T07:30:54.423+0000][1][safepoint    ] Entering safepoint region: Cleanup
[2019-12-09T07:30:54.423+0000][1][safepoint    ] Leaving safepoint region
[2019-12-09T07:30:54.423+0000][1][safepoint    ] Total time for which application threads were stopped: 0.0001007 seconds, Stopping threads took: 0.0000195 seconds
[2019-12-09T07:31:20.425+0000][1][safepoint    ] Application time: 26.0019553 seconds
[2019-12-09T07:31:20.425+0000][1][safepoint    ] Entering safepoint region: Cleanup
[2019-12-09T07:31:20.425+0000][1][safepoint    ] Leaving safepoint region
[2019-12-09T07:31:20.425+0000][1][safepoint    ] Total time for which application threads were stopped: 0.0001551 seconds, Stopping threads took: 0.0000420 seconds
[2019-12-09T07:31:29.426+0000][1][safepoint    ] Application time: 9.0006083 seconds
[2019-12-09T07:31:29.426+0000][1][safepoint    ] Entering safepoint region: Cleanup
[2019-12-09T07:31:29.426+0000][1][safepoint    ] Leaving safepoint region
[2019-12-09T07:31:29.426+0000][1][safepoint    ] Total time for which application threads were stopped: 0.0001008 seconds, Stopping threads took: 0.0000194 seconds
[2019-12-09T07:31:30.426+0000][1][safepoint    ] Application time: 1.0000748 seconds
[2019-12-09T07:31:30.426+0000][1][safepoint    ] Entering safepoint region: Cleanup
[2019-12-09T07:31:30.426+0000][1][safepoint    ] Leaving safepoint region
[2019-12-09T07:31:30.426+0000][1][safepoint    ] Total time for which application threads were stopped: 0.0000977 seconds, Stopping threads took: 0.0000191 seconds
[2019-12-09T07:31:59.428+0000][1][safepoint    ] Application time: 29.0020150 seconds
[2019-12-09T07:31:59.428+0000][1][safepoint    ] Entering safepoint region: Cleanup
[2019-12-09T07:31:59.429+0000][1][safepoint    ] Leaving safepoint region
[2019-12-09T07:31:59.429+0000][1][safepoint    ] Total time for which application threads were stopped: 0.0001114 seconds, Stopping threads took: 0.0000268 seconds
[2019-12-09T07:32:01.429+0000][1][safepoint    ] Application time: 2.0001517 seconds
[2019-12-09T07:32:01.429+0000][1][safepoint    ] Entering safepoint region: Cleanup
[2019-12-09T07:32:01.429+0000][1][safepoint    ] Leaving safepoint region
[2019-12-09T07:32:01.429+0000][1][safepoint    ] Total time for which application threads were stopped: 0.0001044 seconds, Stopping threads took: 0.0000190 seconds
[2019-12-09T07:32:23.021+0000][1][safepoint    ] Application time: 21.5918653 seconds
[2019-12-09T07:32:23.021+0000][1][safepoint    ] Entering safepoint region: GenCollectForAllocation
[2019-12-09T07:32:23.021+0000][1][gc,start     ] GC(44) Pause Young (Allocation Failure)
[2019-12-09T07:32:23.021+0000][1][gc,task      ] GC(44) Using 2 workers of 2 for evacuation
[2019-12-09T07:32:23.023+0000][1][gc,age       ] GC(44) Desired survivor size 4456448 bytes, new threshold 6 (max threshold 6)
[2019-12-09T07:32:23.023+0000][1][gc,age       ] GC(44) Age table with threshold 6 (max threshold 6)
[2019-12-09T07:32:23.023+0000][1][gc,age       ] GC(44) - age   1:      20936 bytes,      20936 total
[2019-12-09T07:32:23.023+0000][1][gc,age       ] GC(44) - age   2:        392 bytes,      21328 total
[2019-12-09T07:32:23.023+0000][1][gc,age       ] GC(44) - age   3:       3504 bytes,      24832 total
[2019-12-09T07:32:23.023+0000][1][gc,age       ] GC(44) - age   4:        592 bytes,      25424 total
[2019-12-09T07:32:23.023+0000][1][gc,age       ] GC(44) - age   5:       3088 bytes,      28512 total
[2019-12-09T07:32:23.023+0000][1][gc,age       ] GC(44) - age   6:       1752 bytes,      30264 total
[2019-12-09T07:32:23.023+0000][1][gc,heap      ] GC(44) ParNew: 69947K->37K(78656K)
[2019-12-09T07:32:23.023+0000][1][gc,heap      ] GC(44) CMS: 75124K->75126K(174784K)
[2019-12-09T07:32:23.023+0000][1][gc,metaspace ] GC(44) Metaspace: 79100K->79100K(1122304K)
[2019-12-09T07:32:23.023+0000][1][gc           ] GC(44) Pause Young (Allocation Failure) 141M->73M(247M) 1.870ms
[2019-12-09T07:32:23.023+0000][1][gc,cpu       ] GC(44) User=0.00s Sys=0.00s Real=0.00s
[2019-12-09T07:32:23.023+0000][1][safepoint    ] Leaving safepoint region
[2019-12-09T07:32:23.023+0000][1][safepoint    ] Total time for which application threads were stopped: 0.0020885 seconds, Stopping threads took: 0.0000621 seconds
[2019-12-09T07:32:27.023+0000][1][safepoint    ] Application time: 4.0003005 seconds
[2019-12-09T07:32:27.023+0000][1][safepoint    ] Entering safepoint region: Cleanup
[2019-12-09T07:32:27.023+0000][1][safepoint    ] Leaving safepoint region
[2019-12-09T07:32:27.023+0000][1][safepoint    ] Total time for which application threads were stopped: 0.0001036 seconds, Stopping threads took: 0.0000195 seconds
[2019-12-09T07:32:29.023+0000][1][safepoint    ] Application time: 2.0001469 seconds
[2019-12-09T07:32:29.023+0000][1][safepoint    ] Entering safepoint region: Cleanup
[2019-12-09T07:32:29.024+0000][1][safepoint    ] Leaving safepoint region
[2019-12-09T07:32:29.024+0000][1][safepoint    ] Total time for which application threads were stopped: 0.0001032 seconds, Stopping threads took: 0.0000208 seconds
[2019-12-09T07:32:32.024+0000][1][safepoint    ] Application time: 3.0002230 seconds
[2019-12-09T07:32:32.024+0000][1][safepoint    ] Entering safepoint region: Cleanup
[2019-12-09T07:32:32.024+0000][1][safepoint    ] Leaving safepoint region
[2019-12-09T07:32:32.024+0000][1][safepoint    ] Total time for which application threads were stopped: 0.0001060 seconds, Stopping threads took: 0.0000196 seconds
[2019-12-09T07:32:34.024+0000][1][safepoint    ] Application time: 2.0001525 seconds
[2019-12-09T07:32:34.024+0000][1][safepoint    ] Entering safepoint region: Cleanup
[2019-12-09T07:32:34.024+0000][1][safepoint    ] Leaving safepoint region
[2019-12-09T07:32:34.024+0000][1][safepoint    ] Total time for which application threads were stopped: 0.0001035 seconds, Stopping threads took: 0.0000202 seconds
[2019-12-09T07:32:36.024+0000][1][safepoint    ] Application time: 2.0001501 seconds
[2019-12-09T07:32:36.024+0000][1][safepoint    ] Entering safepoint region: Cleanup
[2019-12-09T07:32:36.025+0000][1][safepoint    ] Leaving safepoint region
[2019-12-09T07:32:36.025+0000][1][safepoint    ] Total time for which application threads were stopped: 0.0001055 seconds, Stopping threads took: 0.0000200 seconds
[2019-12-09T07:32:48.026+0000][1][safepoint    ] Application time: 12.0010139 seconds
[2019-12-09T07:32:48.026+0000][1][safepoint    ] Entering safepoint region: Cleanup
[2019-12-09T07:32:48.026+0000][1][safepoint    ] Leaving safepoint region
[2019-12-09T07:32:48.026+0000][1][safepoint    ] Total time for which application threads were stopped: 0.0001269 seconds, Stopping threads took: 0.0000298 seconds
[2019-12-09T07:32:56.026+0000][1][safepoint    ] Application time: 8.0005590 seconds
[2019-12-09T07:32:56.026+0000][1][safepoint    ] Entering safepoint region: Cleanup
[2019-12-09T07:32:56.026+0000][1][safepoint    ] Leaving safepoint region
[2019-12-09T07:32:56.026+0000][1][safepoint    ] Total time for which application threads were stopped: 0.0001061 seconds, Stopping threads took: 0.0000212 seconds
[2019-12-09T07:32:59.027+0000][1][safepoint    ] Application time: 3.0002122 seconds
[2019-12-09T07:32:59.027+0000][1][safepoint    ] Entering safepoint region: Cleanup
[2019-12-09T07:32:59.027+0000][1][safepoint    ] Leaving safepoint region
[2019-12-09T07:32:59.027+0000][1][safepoint    ] Total time for which application threads were stopped: 0.0001072 seconds, Stopping threads took: 0.0000207 seconds
[2019-12-09T07:33:12.028+0000][1][safepoint    ] Application time: 13.0009421 seconds
[2019-12-09T07:33:12.028+0000][1][safepoint    ] Entering safepoint region: Cleanup
[2019-12-09T07:33:12.028+0000][1][safepoint    ] Leaving safepoint region
[2019-12-09T07:33:12.028+0000][1][safepoint    ] Total time for which application threads were stopped: 0.0001087 seconds, Stopping threads took: 0.0000195 seconds
[2019-12-09T07:33:23.029+0000][1][safepoint    ] Application time: 11.0007752 seconds
[2019-12-09T07:33:23.029+0000][1][safepoint    ] Entering safepoint region: Cleanup
[2019-12-09T07:33:23.029+0000][1][safepoint    ] Leaving safepoint region
[2019-12-09T07:33:23.029+0000][1][safepoint    ] Total time for which application threads were stopped: 0.0001131 seconds, Stopping threads took: 0.0000271 seconds
[2019-12-09T07:33:35.030+0000][1][safepoint    ] Application time: 12.0013851 seconds
[2019-12-09T07:33:35.030+0000][1][safepoint    ] Entering safepoint region: Cleanup
[2019-12-09T07:33:35.030+0000][1][safepoint    ] Leaving safepoint region
[2019-12-09T07:33:35.030+0000][1][safepoint    ] Total time for which application threads were stopped: 0.0001003 seconds, Stopping threads took: 0.0000196 seconds
[2019-12-09T07:33:48.031+0000][1][safepoint    ] Application time: 13.0008803 seconds
[2019-12-09T07:33:48.031+0000][1][safepoint    ] Entering safepoint region: Cleanup
[2019-12-09T07:33:48.031+0000][1][safepoint    ] Leaving safepoint region
[2019-12-09T07:33:48.031+0000][1][safepoint    ] Total time for which application threads were stopped: 0.0001139 seconds, Stopping threads took: 0.0000297 seconds
[2019-12-09T07:33:51.032+0000][1][safepoint    ] Application time: 3.0002116 seconds
[2019-12-09T07:33:51.032+0000][1][safepoint    ] Entering safepoint region: Cleanup
[2019-12-09T07:33:51.032+0000][1][safepoint    ] Leaving safepoint region
[2019-12-09T07:33:51.032+0000][1][safepoint    ] Total time for which application threads were stopped: 0.0001123 seconds, Stopping threads took: 0.0000304 seconds
[2019-12-09T07:33:57.032+0000][1][safepoint    ] Application time: 6.0004137 seconds
[2019-12-09T07:33:57.032+0000][1][safepoint    ] Entering safepoint region: Cleanup
[2019-12-09T07:33:57.032+0000][1][safepoint    ] Leaving safepoint region
[2019-12-09T07:33:57.032+0000][1][safepoint    ] Total time for which application threads were stopped: 0.0001029 seconds, Stopping threads took: 0.0000198 seconds
[2019-12-09T07:34:09.033+0000][1][safepoint    ] Application time: 12.0007903 seconds
[2019-12-09T07:34:09.033+0000][1][safepoint    ] Entering safepoint region: Cleanup
[2019-12-09T07:34:09.033+0000][1][safepoint    ] Leaving safepoint region
[2019-12-09T07:34:09.033+0000][1][safepoint    ] Total time for which application threads were stopped: 0.0001032 seconds, Stopping threads took: 0.0000208 seconds
[2019-12-09T07:34:14.034+0000][1][safepoint    ] Application time: 5.0003556 seconds
[2019-12-09T07:34:14.034+0000][1][safepoint    ] Entering safepoint region: Cleanup
[2019-12-09T07:34:14.034+0000][1][safepoint    ] Leaving safepoint region
[2019-12-09T07:34:14.034+0000][1][safepoint    ] Total time for which application threads were stopped: 0.0001170 seconds, Stopping threads took: 0.0000303 seconds
[2019-12-09T07:34:17.495+0000][1][safepoint    ] Application time: 3.4608583 seconds
[2019-12-09T07:34:17.495+0000][1][safepoint    ] Entering safepoint region: GenCollectForAllocation
[2019-12-09T07:34:17.495+0000][1][gc,start     ] GC(45) Pause Young (Allocation Failure)
[2019-12-09T07:34:17.495+0000][1][gc,task      ] GC(45) Using 2 workers of 2 for evacuation
[2019-12-09T07:34:17.497+0000][1][gc,age       ] GC(45) Desired survivor size 4456448 bytes, new threshold 6 (max threshold 6)
[2019-12-09T07:34:17.497+0000][1][gc,age       ] GC(45) Age table with threshold 6 (max threshold 6)
[2019-12-09T07:34:17.497+0000][1][gc,age       ] GC(45) - age   1:      29824 bytes,      29824 total
[2019-12-09T07:34:17.497+0000][1][gc,age       ] GC(45) - age   2:      11920 bytes,      41744 total
[2019-12-09T07:34:17.497+0000][1][gc,age       ] GC(45) - age   3:        360 bytes,      42104 total
[2019-12-09T07:34:17.497+0000][1][gc,age       ] GC(45) - age   4:       3504 bytes,      45608 total
[2019-12-09T07:34:17.497+0000][1][gc,age       ] GC(45) - age   5:        592 bytes,      46200 total
[2019-12-09T07:34:17.497+0000][1][gc,age       ] GC(45) - age   6:       3088 bytes,      49288 total
[2019-12-09T07:34:17.497+0000][1][gc,heap      ] GC(45) ParNew: 69989K->67K(78656K)
[2019-12-09T07:34:17.497+0000][1][gc,heap      ] GC(45) CMS: 75126K->75128K(174784K)
[2019-12-09T07:34:17.497+0000][1][gc,metaspace ] GC(45) Metaspace: 79111K->79111K(1122304K)
[2019-12-09T07:34:17.497+0000][1][gc           ] GC(45) Pause Young (Allocation Failure) 141M->73M(247M) 1.886ms
[2019-12-09T07:34:17.497+0000][1][gc,cpu       ] GC(45) User=0.00s Sys=0.00s Real=0.00s
[2019-12-09T07:34:17.497+0000][1][safepoint    ] Leaving safepoint region
[2019-12-09T07:34:17.497+0000][1][safepoint    ] Total time for which application threads were stopped: 0.0020687 seconds, Stopping threads took: 0.0000304 seconds
[2019-12-09T07:34:30.498+0000][1][safepoint    ] Application time: 13.0008772 seconds
[2019-12-09T07:34:30.498+0000][1][safepoint    ] Entering safepoint region: Cleanup
[2019-12-09T07:34:30.498+0000][1][safepoint    ] Leaving safepoint region
[2019-12-09T07:34:30.498+0000][1][safepoint    ] Total time for which application threads were stopped: 0.0001006 seconds, Stopping threads took: 0.0000196 seconds
[2019-12-09T07:34:43.499+0000][1][safepoint    ] Application time: 13.0008803 seconds
[2019-12-09T07:34:43.499+0000][1][safepoint    ] Entering safepoint region: Cleanup
[2019-12-09T07:34:43.499+0000][1][safepoint    ] Leaving safepoint region
[2019-12-09T07:34:43.499+0000][1][safepoint    ] Total time for which application threads were stopped: 0.0000982 seconds, Stopping threads took: 0.0000206 seconds
[2019-12-09T07:34:56.500+0000][1][safepoint    ] Application time: 13.0008633 seconds
[2019-12-09T07:34:56.500+0000][1][safepoint    ] Entering safepoint region: Cleanup
[2019-12-09T07:34:56.500+0000][1][safepoint    ] Leaving safepoint region
[2019-12-09T07:34:56.500+0000][1][safepoint    ] Total time for which application threads were stopped: 0.0001102 seconds, Stopping threads took: 0.0000285 seconds
[2019-12-09T07:34:58.500+0000][1][safepoint    ] Application time: 2.0001445 seconds
[2019-12-09T07:34:58.500+0000][1][safepoint    ] Entering safepoint region: Cleanup
[2019-12-09T07:34:58.500+0000][1][safepoint    ] Leaving safepoint region
[2019-12-09T07:34:58.500+0000][1][safepoint    ] Total time for which application threads were stopped: 0.0001009 seconds, Stopping threads took: 0.0000203 seconds
[2019-12-09T07:35:00.500+0000][1][safepoint    ] Application time: 2.0001451 seconds
[2019-12-09T07:35:00.500+0000][1][safepoint    ] Entering safepoint region: Cleanup
[2019-12-09T07:35:00.500+0000][1][safepoint    ] Leaving safepoint region
[2019-12-09T07:35:00.500+0000][1][safepoint    ] Total time for which application threads were stopped: 0.0001271 seconds, Stopping threads took: 0.0000249 seconds
[2019-12-09T07:35:01.501+0000][1][safepoint    ] Application time: 1.0000895 seconds
[2019-12-09T07:35:01.501+0000][1][safepoint    ] Entering safepoint region: Cleanup
[2019-12-09T07:35:01.501+0000][1][safepoint    ] Leaving safepoint region
[2019-12-09T07:35:01.501+0000][1][safepoint    ] Total time for which application threads were stopped: 0.0001615 seconds, Stopping threads took: 0.0000259 seconds
[2019-12-09T07:35:08.501+0000][1][safepoint    ] Application time: 7.0004769 seconds
[2019-12-09T07:35:08.501+0000][1][safepoint    ] Entering safepoint region: Cleanup
[2019-12-09T07:35:08.501+0000][1][safepoint    ] Leaving safepoint region
[2019-12-09T07:35:08.501+0000][1][safepoint    ] Total time for which application threads were stopped: 0.0001040 seconds, Stopping threads took: 0.0000187 seconds
[2019-12-09T07:35:30.503+0000][1][safepoint    ] Application time: 22.0015035 seconds
[2019-12-09T07:35:30.503+0000][1][safepoint    ] Entering safepoint region: Cleanup
[2019-12-09T07:35:30.503+0000][1][safepoint    ] Leaving safepoint region
[2019-12-09T07:35:30.503+0000][1][safepoint    ] Total time for which application threads were stopped: 0.0001097 seconds, Stopping threads took: 0.0000298 seconds
[2019-12-09T07:35:50.504+0000][1][safepoint    ] Application time: 20.0013311 seconds
[2019-12-09T07:35:50.504+0000][1][safepoint    ] Entering safepoint region: Cleanup
[2019-12-09T07:35:50.505+0000][1][safepoint    ] Leaving safepoint region
[2019-12-09T07:35:50.505+0000][1][safepoint    ] Total time for which application threads were stopped: 0.0001120 seconds, Stopping threads took: 0.0000247 seconds
[2019-12-09T07:36:12.535+0000][1][safepoint    ] Application time: 22.0302814 seconds
[2019-12-09T07:36:12.535+0000][1][safepoint    ] Entering safepoint region: GenCollectForAllocation
[2019-12-09T07:36:12.535+0000][1][gc,start     ] GC(46) Pause Young (Allocation Failure)
[2019-12-09T07:36:12.535+0000][1][gc,task      ] GC(46) Using 2 workers of 2 for evacuation
[2019-12-09T07:36:12.537+0000][1][gc,age       ] GC(46) Desired survivor size 4456448 bytes, new threshold 6 (max threshold 6)
[2019-12-09T07:36:12.537+0000][1][gc,age       ] GC(46) Age table with threshold 6 (max threshold 6)
[2019-12-09T07:36:12.537+0000][1][gc,age       ] GC(46) - age   1:      10520 bytes,      10520 total
[2019-12-09T07:36:12.537+0000][1][gc,age       ] GC(46) - age   2:      20648 bytes,      31168 total
[2019-12-09T07:36:12.537+0000][1][gc,age       ] GC(46) - age   3:      11744 bytes,      42912 total
[2019-12-09T07:36:12.537+0000][1][gc,age       ] GC(46) - age   4:        240 bytes,      43152 total
[2019-12-09T07:36:12.537+0000][1][gc,age       ] GC(46) - age   5:       3504 bytes,      46656 total
[2019-12-09T07:36:12.537+0000][1][gc,age       ] GC(46) - age   6:        592 bytes,      47248 total
[2019-12-09T07:36:12.537+0000][1][gc,heap      ] GC(46) ParNew: 70019K->64K(78656K)
[2019-12-09T07:36:12.537+0000][1][gc,heap      ] GC(46) CMS: 75128K->75131K(174784K)
[2019-12-09T07:36:12.537+0000][1][gc,metaspace ] GC(46) Metaspace: 79131K->79131K(1122304K)
[2019-12-09T07:36:12.537+0000][1][gc           ] GC(46) Pause Young (Allocation Failure) 141M->73M(247M) 1.778ms
[2019-12-09T07:36:12.537+0000][1][gc,cpu       ] GC(46) User=0.00s Sys=0.00s Real=0.00s
[2019-12-09T07:36:12.537+0000][1][safepoint    ] Leaving safepoint region
[2019-12-09T07:36:12.537+0000][1][safepoint    ] Total time for which application threads were stopped: 0.0019365 seconds, Stopping threads took: 0.0000176 seconds
[2019-12-09T07:37:05.540+0000][1][safepoint    ] Application time: 53.0035785 seconds
[2019-12-09T07:37:05.540+0000][1][safepoint    ] Entering safepoint region: Cleanup
[2019-12-09T07:37:05.541+0000][1][safepoint    ] Leaving safepoint region
[2019-12-09T07:37:05.541+0000][1][safepoint    ] Total time for which application threads were stopped: 0.0001256 seconds, Stopping threads took: 0.0000249 seconds
[2019-12-09T07:37:06.541+0000][1][safepoint    ] Application time: 1.0000749 seconds
[2019-12-09T07:37:06.541+0000][1][safepoint    ] Entering safepoint region: Cleanup
[2019-12-09T07:37:06.541+0000][1][safepoint    ] Leaving safepoint region
[2019-12-09T07:37:06.541+0000][1][safepoint    ] Total time for which application threads were stopped: 0.0000963 seconds, Stopping threads took: 0.0000202 seconds
[2019-12-09T07:37:07.541+0000][1][safepoint    ] Application time: 1.0000757 seconds
[2019-12-09T07:37:07.541+0000][1][safepoint    ] Entering safepoint region: Cleanup
[2019-12-09T07:37:07.541+0000][1][safepoint    ] Leaving safepoint region
[2019-12-09T07:37:07.541+0000][1][safepoint    ] Total time for which application threads were stopped: 0.0000906 seconds, Stopping threads took: 0.0000185 seconds
[2019-12-09T07:37:08.541+0000][1][safepoint    ] Application time: 1.0000743 seconds
[2019-12-09T07:37:08.541+0000][1][safepoint    ] Entering safepoint region: Cleanup
[2019-12-09T07:37:08.541+0000][1][safepoint    ] Leaving safepoint region
[2019-12-09T07:37:08.541+0000][1][safepoint    ] Total time for which application threads were stopped: 0.0001073 seconds, Stopping threads took: 0.0000191 seconds
[2019-12-09T07:37:09.541+0000][1][safepoint    ] Application time: 1.0000763 seconds
[2019-12-09T07:37:09.541+0000][1][safepoint    ] Entering safepoint region: Cleanup
[2019-12-09T07:37:09.541+0000][1][safepoint    ] Leaving safepoint region
[2019-12-09T07:37:09.541+0000][1][safepoint    ] Total time for which application threads were stopped: 0.0000984 seconds, Stopping threads took: 0.0000243 seconds
[2019-12-09T07:37:10.542+0000][1][safepoint    ] Application time: 1.0000778 seconds
[2019-12-09T07:37:10.542+0000][1][safepoint    ] Entering safepoint region: Cleanup
[2019-12-09T07:37:10.542+0000][1][safepoint    ] Leaving safepoint region
[2019-12-09T07:37:10.542+0000][1][safepoint    ] Total time for which application threads were stopped: 0.0000917 seconds, Stopping threads took: 0.0000178 seconds
[2019-12-09T07:37:11.542+0000][1][safepoint    ] Application time: 1.0000780 seconds
[2019-12-09T07:37:11.542+0000][1][safepoint    ] Entering safepoint region: Cleanup
[2019-12-09T07:37:11.542+0000][1][safepoint    ] Leaving safepoint region
[2019-12-09T07:37:11.542+0000][1][safepoint    ] Total time for which application threads were stopped: 0.0000909 seconds, Stopping threads took: 0.0000177 seconds
[2019-12-09T07:37:12.542+0000][1][safepoint    ] Application time: 1.0000775 seconds
[2019-12-09T07:37:12.542+0000][1][safepoint    ] Entering safepoint region: Cleanup
[2019-12-09T07:37:12.542+0000][1][safepoint    ] Leaving safepoint region
[2019-12-09T07:37:12.542+0000][1][safepoint    ] Total time for which application threads were stopped: 0.0000980 seconds, Stopping threads took: 0.0000196 seconds
[2019-12-09T07:37:13.542+0000][1][safepoint    ] Application time: 1.0000810 seconds
[2019-12-09T07:37:13.542+0000][1][safepoint    ] Entering safepoint region: Cleanup
[2019-12-09T07:37:13.542+0000][1][safepoint    ] Leaving safepoint region
[2019-12-09T07:37:13.542+0000][1][safepoint    ] Total time for which application threads were stopped: 0.0000939 seconds, Stopping threads took: 0.0000194 seconds
[2019-12-09T07:37:14.542+0000][1][safepoint    ] Application time: 1.0000816 seconds
[2019-12-09T07:37:14.542+0000][1][safepoint    ] Entering safepoint region: Cleanup
[2019-12-09T07:37:14.542+0000][1][safepoint    ] Leaving safepoint region
[2019-12-09T07:37:14.542+0000][1][safepoint    ] Total time for which application threads were stopped: 0.0001225 seconds, Stopping threads took: 0.0000253 seconds
[2019-12-09T07:37:15.543+0000][1][safepoint    ] Application time: 1.0000819 seconds
[2019-12-09T07:37:15.543+0000][1][safepoint    ] Entering safepoint region: Cleanup
[2019-12-09T07:37:15.543+0000][1][safepoint    ] Leaving safepoint region
[2019-12-09T07:37:15.543+0000][1][safepoint    ] Total time for which application threads were stopped: 0.0001355 seconds, Stopping threads took: 0.0000243 seconds
[2019-12-09T07:37:16.543+0000][1][safepoint    ] Application time: 1.0000769 seconds
[2019-12-09T07:37:16.543+0000][1][safepoint    ] Entering safepoint region: Cleanup
[2019-12-09T07:37:16.543+0000][1][safepoint    ] Leaving safepoint region
[2019-12-09T07:37:16.543+0000][1][safepoint    ] Total time for which application threads were stopped: 0.0000963 seconds, Stopping threads took: 0.0000196 seconds
[2019-12-09T07:37:17.543+0000][1][safepoint    ] Application time: 1.0000755 seconds
[2019-12-09T07:37:17.543+0000][1][safepoint    ] Entering safepoint region: Cleanup
[2019-12-09T07:37:17.543+0000][1][safepoint    ] Leaving safepoint region
[2019-12-09T07:37:17.543+0000][1][safepoint    ] Total time for which application threads were stopped: 0.0001039 seconds, Stopping threads took: 0.0000274 seconds
[2019-12-09T07:37:18.543+0000][1][safepoint    ] Application time: 1.0000750 seconds
[2019-12-09T07:37:18.543+0000][1][safepoint    ] Entering safepoint region: Cleanup
[2019-12-09T07:37:18.543+0000][1][safepoint    ] Leaving safepoint region
[2019-12-09T07:37:18.543+0000][1][safepoint    ] Total time for which application threads were stopped: 0.0000927 seconds, Stopping threads took: 0.0000191 seconds
[2019-12-09T07:37:19.544+0000][1][safepoint    ] Application time: 1.0000948 seconds
[2019-12-09T07:37:19.544+0000][1][safepoint    ] Entering safepoint region: Cleanup
[2019-12-09T07:37:19.544+0000][1][safepoint    ] Leaving safepoint region
[2019-12-09T07:37:19.544+0000][1][safepoint    ] Total time for which application threads were stopped: 0.0001809 seconds, Stopping threads took: 0.0000587 seconds
[2019-12-09T07:37:20.544+0000][1][safepoint    ] Application time: 1.0000795 seconds
[2019-12-09T07:37:20.544+0000][1][safepoint    ] Entering safepoint region: Cleanup
[2019-12-09T07:37:20.544+0000][1][safepoint    ] Leaving safepoint region
[2019-12-09T07:37:20.544+0000][1][safepoint    ] Total time for which application threads were stopped: 0.0001192 seconds, Stopping threads took: 0.0000242 seconds
[2019-12-09T07:37:21.544+0000][1][safepoint    ] Application time: 1.0000834 seconds
[2019-12-09T07:37:21.544+0000][1][safepoint    ] Entering safepoint region: Cleanup
[2019-12-09T07:37:21.544+0000][1][safepoint    ] Leaving safepoint region
[2019-12-09T07:37:21.544+0000][1][safepoint    ] Total time for which application threads were stopped: 0.0001260 seconds, Stopping threads took: 0.0000259 seconds
[2019-12-09T07:37:22.544+0000][1][safepoint    ] Application time: 1.0000800 seconds
[2019-12-09T07:37:22.544+0000][1][safepoint    ] Entering safepoint region: Cleanup
[2019-12-09T07:37:22.544+0000][1][safepoint    ] Leaving safepoint region
[2019-12-09T07:37:22.544+0000][1][safepoint    ] Total time for which application threads were stopped: 0.0001266 seconds, Stopping threads took: 0.0000272 seconds
[2019-12-09T07:37:23.545+0000][1][safepoint    ] Application time: 1.0000803 seconds
[2019-12-09T07:37:23.545+0000][1][safepoint    ] Entering safepoint region: Cleanup
[2019-12-09T07:37:23.545+0000][1][safepoint    ] Leaving safepoint region
[2019-12-09T07:37:23.545+0000][1][safepoint    ] Total time for which application threads were stopped: 0.0001380 seconds, Stopping threads took: 0.0000248 seconds
[2019-12-09T07:37:24.545+0000][1][safepoint    ] Application time: 1.0000762 seconds
[2019-12-09T07:37:24.545+0000][1][safepoint    ] Entering safepoint region: Cleanup
[2019-12-09T07:37:24.545+0000][1][safepoint    ] Leaving safepoint region
[2019-12-09T07:37:24.545+0000][1][safepoint    ] Total time for which application threads were stopped: 0.0001266 seconds, Stopping threads took: 0.0000259 seconds
[2019-12-09T07:37:25.545+0000][1][safepoint    ] Application time: 1.0000907 seconds
[2019-12-09T07:37:25.545+0000][1][safepoint    ] Entering safepoint region: Cleanup
[2019-12-09T07:37:25.545+0000][1][safepoint    ] Leaving safepoint region
[2019-12-09T07:37:25.545+0000][1][safepoint    ] Total time for which application threads were stopped: 0.0001318 seconds, Stopping threads took: 0.0000323 seconds
[2019-12-09T07:37:26.546+0000][1][safepoint    ] Application time: 1.0004342 seconds
[2019-12-09T07:37:26.546+0000][1][safepoint    ] Entering safepoint region: Cleanup
[2019-12-09T07:37:26.546+0000][1][safepoint    ] Leaving safepoint region
[2019-12-09T07:37:26.546+0000][1][safepoint    ] Total time for which application threads were stopped: 0.0001279 seconds, Stopping threads took: 0.0000269 seconds
[2019-12-09T07:37:27.546+0000][1][safepoint    ] Application time: 1.0000764 seconds
[2019-12-09T07:37:27.546+0000][1][safepoint    ] Entering safepoint region: Cleanup
[2019-12-09T07:37:27.546+0000][1][safepoint    ] Leaving safepoint region
[2019-12-09T07:37:27.546+0000][1][safepoint    ] Total time for which application threads were stopped: 0.0001194 seconds, Stopping threads took: 0.0000345 seconds
[2019-12-09T07:37:28.546+0000][1][safepoint    ] Application time: 1.0000758 seconds
[2019-12-09T07:37:28.546+0000][1][safepoint    ] Entering safepoint region: Cleanup
[2019-12-09T07:37:28.546+0000][1][safepoint    ] Leaving safepoint region
[2019-12-09T07:37:28.546+0000][1][safepoint    ] Total time for which application threads were stopped: 0.0000930 seconds, Stopping threads took: 0.0000178 seconds
[2019-12-09T07:37:29.546+0000][1][safepoint    ] Application time: 1.0000764 seconds
[2019-12-09T07:37:29.546+0000][1][safepoint    ] Entering safepoint region: Cleanup
[2019-12-09T07:37:29.547+0000][1][safepoint    ] Leaving safepoint region
[2019-12-09T07:37:29.547+0000][1][safepoint    ] Total time for which application threads were stopped: 0.0001022 seconds, Stopping threads took: 0.0000200 seconds
[2019-12-09T07:37:30.547+0000][1][safepoint    ] Application time: 1.0002843 seconds
[2019-12-09T07:37:30.547+0000][1][safepoint    ] Entering safepoint region: Cleanup
[2019-12-09T07:37:30.547+0000][1][safepoint    ] Leaving safepoint region
[2019-12-09T07:37:30.547+0000][1][safepoint    ] Total time for which application threads were stopped: 0.0001310 seconds, Stopping threads took: 0.0000322 seconds
[2019-12-09T07:37:31.553+0000][1][safepoint    ] Application time: 1.0057054 seconds
[2019-12-09T07:37:31.553+0000][1][safepoint    ] Entering safepoint region: Cleanup
[2019-12-09T07:37:31.553+0000][1][safepoint    ] Leaving safepoint region
[2019-12-09T07:37:31.553+0000][1][safepoint    ] Total time for which application threads were stopped: 0.0001351 seconds, Stopping threads took: 0.0000336 seconds
[2019-12-09T07:37:32.578+0000][1][safepoint    ] Application time: 1.0248182 seconds
[2019-12-09T07:37:32.578+0000][1][safepoint    ] Entering safepoint region: Cleanup
[2019-12-09T07:37:32.578+0000][1][safepoint    ] Leaving safepoint region
[2019-12-09T07:37:32.578+0000][1][safepoint    ] Total time for which application threads were stopped: 0.0001514 seconds, Stopping threads took: 0.0000344 seconds
[2019-12-09T07:37:33.578+0000][1][safepoint    ] Application time: 1.0000792 seconds
[2019-12-09T07:37:33.578+0000][1][safepoint    ] Entering safepoint region: Cleanup
[2019-12-09T07:37:33.578+0000][1][safepoint    ] Leaving safepoint region
[2019-12-09T07:37:33.578+0000][1][safepoint    ] Total time for which application threads were stopped: 0.0001182 seconds, Stopping threads took: 0.0000259 seconds
[2019-12-09T07:37:34.578+0000][1][safepoint    ] Application time: 1.0000770 seconds
[2019-12-09T07:37:34.578+0000][1][safepoint    ] Entering safepoint region: Cleanup
[2019-12-09T07:37:34.578+0000][1][safepoint    ] Leaving safepoint region
[2019-12-09T07:37:34.578+0000][1][safepoint    ] Total time for which application threads were stopped: 0.0000968 seconds, Stopping threads took: 0.0000234 seconds
[2019-12-09T07:37:35.578+0000][1][safepoint    ] Application time: 1.0000770 seconds
[2019-12-09T07:37:35.579+0000][1][safepoint    ] Entering safepoint region: Cleanup
[2019-12-09T07:37:35.579+0000][1][safepoint    ] Leaving safepoint region
[2019-12-09T07:37:35.579+0000][1][safepoint    ] Total time for which application threads were stopped: 0.0000875 seconds, Stopping threads took: 0.0000173 seconds
[2019-12-09T07:37:36.579+0000][1][safepoint    ] Application time: 1.0000770 seconds
[2019-12-09T07:37:36.579+0000][1][safepoint    ] Entering safepoint region: Cleanup
[2019-12-09T07:37:36.579+0000][1][safepoint    ] Leaving safepoint region
[2019-12-09T07:37:36.579+0000][1][safepoint    ] Total time for which application threads were stopped: 0.0000891 seconds, Stopping threads took: 0.0000171 seconds
[2019-12-09T07:37:37.579+0000][1][safepoint    ] Application time: 1.0000761 seconds
[2019-12-09T07:37:37.579+0000][1][safepoint    ] Entering safepoint region: Cleanup
[2019-12-09T07:37:37.579+0000][1][safepoint    ] Leaving safepoint region
[2019-12-09T07:37:37.579+0000][1][safepoint    ] Total time for which application threads were stopped: 0.0000856 seconds, Stopping threads took: 0.0000157 seconds
[2019-12-09T07:37:38.579+0000][1][safepoint    ] Application time: 1.0000765 seconds
[2019-12-09T07:37:38.579+0000][1][safepoint    ] Entering safepoint region: Cleanup
[2019-12-09T07:37:38.579+0000][1][safepoint    ] Leaving safepoint region
[2019-12-09T07:37:38.579+0000][1][safepoint    ] Total time for which application threads were stopped: 0.0000917 seconds, Stopping threads took: 0.0000177 seconds
[2019-12-09T07:37:39.579+0000][1][safepoint    ] Application time: 1.0000750 seconds
[2019-12-09T07:37:39.579+0000][1][safepoint    ] Entering safepoint region: Cleanup
[2019-12-09T07:37:39.579+0000][1][safepoint    ] Leaving safepoint region
[2019-12-09T07:37:39.579+0000][1][safepoint    ] Total time for which application threads were stopped: 0.0001026 seconds, Stopping threads took: 0.0000191 seconds
[2019-12-09T07:37:40.580+0000][1][safepoint    ] Application time: 1.0000764 seconds
[2019-12-09T07:37:40.580+0000][1][safepoint    ] Entering safepoint region: Cleanup
[2019-12-09T07:37:40.580+0000][1][safepoint    ] Leaving safepoint region
[2019-12-09T07:37:40.580+0000][1][safepoint    ] Total time for which application threads were stopped: 0.0000899 seconds, Stopping threads took: 0.0000181 seconds
[2019-12-09T07:37:41.580+0000][1][safepoint    ] Application time: 1.0000742 seconds
[2019-12-09T07:37:41.580+0000][1][safepoint    ] Entering safepoint region: Cleanup
[2019-12-09T07:37:41.580+0000][1][safepoint    ] Leaving safepoint region
[2019-12-09T07:37:41.580+0000][1][safepoint    ] Total time for which application threads were stopped: 0.0000908 seconds, Stopping threads took: 0.0000189 seconds
[2019-12-09T07:37:42.580+0000][1][safepoint    ] Application time: 1.0000773 seconds
[2019-12-09T07:37:42.580+0000][1][safepoint    ] Entering safepoint region: Cleanup
[2019-12-09T07:37:42.580+0000][1][safepoint    ] Leaving safepoint region
[2019-12-09T07:37:42.580+0000][1][safepoint    ] Total time for which application threads were stopped: 0.0000925 seconds, Stopping threads took: 0.0000182 seconds
[2019-12-09T07:37:43.580+0000][1][safepoint    ] Application time: 1.0000775 seconds
[2019-12-09T07:37:43.580+0000][1][safepoint    ] Entering safepoint region: Cleanup
[2019-12-09T07:37:43.580+0000][1][safepoint    ] Leaving safepoint region
[2019-12-09T07:37:43.580+0000][1][safepoint    ] Total time for which application threads were stopped: 0.0000926 seconds, Stopping threads took: 0.0000184 seconds
[2019-12-09T07:37:44.580+0000][1][safepoint    ] Application time: 1.0000754 seconds
[2019-12-09T07:37:44.580+0000][1][safepoint    ] Entering safepoint region: Cleanup
[2019-12-09T07:37:44.580+0000][1][safepoint    ] Leaving safepoint region
[2019-12-09T07:37:44.580+0000][1][safepoint    ] Total time for which application threads were stopped: 0.0000886 seconds, Stopping threads took: 0.0000170 seconds
[2019-12-09T07:37:45.581+0000][1][safepoint    ] Application time: 1.0000754 seconds
[2019-12-09T07:37:45.581+0000][1][safepoint    ] Entering safepoint region: Cleanup
[2019-12-09T07:37:45.581+0000][1][safepoint    ] Leaving safepoint region
[2019-12-09T07:37:45.581+0000][1][safepoint    ] Total time for which application threads were stopped: 0.0000991 seconds, Stopping threads took: 0.0000181 seconds
[2019-12-09T07:37:46.581+0000][1][safepoint    ] Application time: 1.0000744 seconds
[2019-12-09T07:37:46.581+0000][1][safepoint    ] Entering safepoint region: Cleanup
[2019-12-09T07:37:46.581+0000][1][safepoint    ] Leaving safepoint region
[2019-12-09T07:37:46.581+0000][1][safepoint    ] Total time for which application threads were stopped: 0.0000930 seconds, Stopping threads took: 0.0000213 seconds
[2019-12-09T07:37:47.581+0000][1][safepoint    ] Application time: 1.0000740 seconds
[2019-12-09T07:37:47.581+0000][1][safepoint    ] Entering safepoint region: Cleanup
[2019-12-09T07:37:47.581+0000][1][safepoint    ] Leaving safepoint region
[2019-12-09T07:37:47.581+0000][1][safepoint    ] Total time for which application threads were stopped: 0.0000878 seconds, Stopping threads took: 0.0000177 seconds
[2019-12-09T07:37:48.581+0000][1][safepoint    ] Application time: 1.0000732 seconds
[2019-12-09T07:37:48.581+0000][1][safepoint    ] Entering safepoint region: Cleanup
[2019-12-09T07:37:48.581+0000][1][safepoint    ] Leaving safepoint region
[2019-12-09T07:37:48.581+0000][1][safepoint    ] Total time for which application threads were stopped: 0.0000911 seconds, Stopping threads took: 0.0000175 seconds
[2019-12-09T07:37:49.581+0000][1][safepoint    ] Application time: 1.0000744 seconds
[2019-12-09T07:37:49.581+0000][1][safepoint    ] Entering safepoint region: Cleanup
[2019-12-09T07:37:49.582+0000][1][safepoint    ] Leaving safepoint region
[2019-12-09T07:37:49.582+0000][1][safepoint    ] Total time for which application threads were stopped: 0.0001060 seconds, Stopping threads took: 0.0000185 seconds
[2019-12-09T07:37:50.582+0000][1][safepoint    ] Application time: 1.0000762 seconds
[2019-12-09T07:37:50.582+0000][1][safepoint    ] Entering safepoint region: Cleanup
[2019-12-09T07:37:50.582+0000][1][safepoint    ] Leaving safepoint region
[2019-12-09T07:37:50.582+0000][1][safepoint    ] Total time for which application threads were stopped: 0.0000987 seconds, Stopping threads took: 0.0000188 seconds
[2019-12-09T07:37:51.582+0000][1][safepoint    ] Application time: 1.0000751 seconds
[2019-12-09T07:37:51.582+0000][1][safepoint    ] Entering safepoint region: Cleanup
[2019-12-09T07:37:51.582+0000][1][safepoint    ] Leaving safepoint region
[2019-12-09T07:37:51.582+0000][1][safepoint    ] Total time for which application threads were stopped: 0.0001043 seconds, Stopping threads took: 0.0000183 seconds
[2019-12-09T07:37:52.582+0000][1][safepoint    ] Application time: 1.0000796 seconds
[2019-12-09T07:37:52.582+0000][1][safepoint    ] Entering safepoint region: Cleanup
[2019-12-09T07:37:52.582+0000][1][safepoint    ] Leaving safepoint region
[2019-12-09T07:37:52.582+0000][1][safepoint    ] Total time for which application threads were stopped: 0.0001141 seconds, Stopping threads took: 0.0000433 seconds
[2019-12-09T07:37:53.582+0000][1][safepoint    ] Application time: 1.0000836 seconds
[2019-12-09T07:37:53.582+0000][1][safepoint    ] Entering safepoint region: Cleanup
[2019-12-09T07:37:53.583+0000][1][safepoint    ] Leaving safepoint region
[2019-12-09T07:37:53.583+0000][1][safepoint    ] Total time for which application threads were stopped: 0.0001305 seconds, Stopping threads took: 0.0000582 seconds
[2019-12-09T07:37:54.583+0000][1][safepoint    ] Application time: 1.0000800 seconds
[2019-12-09T07:37:54.583+0000][1][safepoint    ] Entering safepoint region: Cleanup
[2019-12-09T07:37:54.583+0000][1][safepoint    ] Leaving safepoint region
[2019-12-09T07:37:54.583+0000][1][safepoint    ] Total time for which application threads were stopped: 0.0001060 seconds, Stopping threads took: 0.0000246 seconds
[2019-12-09T07:37:55.583+0000][1][safepoint    ] Application time: 1.0000839 seconds
[2019-12-09T07:37:55.583+0000][1][safepoint    ] Entering safepoint region: Cleanup
[2019-12-09T07:37:55.583+0000][1][safepoint    ] Leaving safepoint region
[2019-12-09T07:37:55.583+0000][1][safepoint    ] Total time for which application threads were stopped: 0.0001489 seconds, Stopping threads took: 0.0000711 seconds
[2019-12-09T07:37:56.583+0000][1][safepoint    ] Application time: 1.0000781 seconds
[2019-12-09T07:37:56.583+0000][1][safepoint    ] Entering safepoint region: Cleanup
[2019-12-09T07:37:56.583+0000][1][safepoint    ] Leaving safepoint region
[2019-12-09T07:37:56.583+0000][1][safepoint    ] Total time for which application threads were stopped: 0.0000894 seconds, Stopping threads took: 0.0000166 seconds
[2019-12-09T07:37:57.583+0000][1][safepoint    ] Application time: 1.0000718 seconds
[2019-12-09T07:37:57.583+0000][1][safepoint    ] Entering safepoint region: Cleanup
[2019-12-09T07:37:57.583+0000][1][safepoint    ] Leaving safepoint region
[2019-12-09T07:37:57.583+0000][1][safepoint    ] Total time for which application threads were stopped: 0.0000892 seconds, Stopping threads took: 0.0000169 seconds
[2019-12-09T07:37:58.584+0000][1][safepoint    ] Application time: 1.0000733 seconds
[2019-12-09T07:37:58.584+0000][1][safepoint    ] Entering safepoint region: Cleanup
[2019-12-09T07:37:58.584+0000][1][safepoint    ] Leaving safepoint region
[2019-12-09T07:37:58.584+0000][1][safepoint    ] Total time for which application threads were stopped: 0.0000898 seconds, Stopping threads took: 0.0000176 seconds
[2019-12-09T07:37:59.584+0000][1][safepoint    ] Application time: 1.0000729 seconds
[2019-12-09T07:37:59.584+0000][1][safepoint    ] Entering safepoint region: Cleanup
[2019-12-09T07:37:59.584+0000][1][safepoint    ] Leaving safepoint region
[2019-12-09T07:37:59.584+0000][1][safepoint    ] Total time for which application threads were stopped: 0.0000858 seconds, Stopping threads took: 0.0000162 seconds
[2019-12-09T07:38:00.584+0000][1][safepoint    ] Application time: 1.0000767 seconds
[2019-12-09T07:38:00.584+0000][1][safepoint    ] Entering safepoint region: Cleanup
[2019-12-09T07:38:00.584+0000][1][safepoint    ] Leaving safepoint region
[2019-12-09T07:38:00.584+0000][1][safepoint    ] Total time for which application threads were stopped: 0.0000912 seconds, Stopping threads took: 0.0000163 seconds
[2019-12-09T07:38:01.584+0000][1][safepoint    ] Application time: 1.0000743 seconds
[2019-12-09T07:38:01.584+0000][1][safepoint    ] Entering safepoint region: Cleanup
[2019-12-09T07:38:01.584+0000][1][safepoint    ] Leaving safepoint region
[2019-12-09T07:38:01.584+0000][1][safepoint    ] Total time for which application threads were stopped: 0.0000919 seconds, Stopping threads took: 0.0000181 seconds
[2019-12-09T07:38:02.584+0000][1][safepoint    ] Application time: 1.0000739 seconds
[2019-12-09T07:38:02.584+0000][1][safepoint    ] Entering safepoint region: Cleanup
[2019-12-09T07:38:02.584+0000][1][safepoint    ] Leaving safepoint region
[2019-12-09T07:38:02.584+0000][1][safepoint    ] Total time for which application threads were stopped: 0.0000847 seconds, Stopping threads took: 0.0000155 seconds
[2019-12-09T07:38:03.215+0000][1][safepoint    ] Application time: 0.6306825 seconds
[2019-12-09T07:38:03.215+0000][1][safepoint    ] Entering safepoint region: GenCollectForAllocation
[2019-12-09T07:38:03.215+0000][1][gc,start     ] GC(47) Pause Young (Allocation Failure)
[2019-12-09T07:38:03.215+0000][1][gc,task      ] GC(47) Using 2 workers of 2 for evacuation
[2019-12-09T07:38:03.217+0000][1][gc,age       ] GC(47) Desired survivor size 4456448 bytes, new threshold 6 (max threshold 6)
[2019-12-09T07:38:03.217+0000][1][gc,age       ] GC(47) Age table with threshold 6 (max threshold 6)
[2019-12-09T07:38:03.217+0000][1][gc,age       ] GC(47) - age   1:       8968 bytes,       8968 total
[2019-12-09T07:38:03.217+0000][1][gc,age       ] GC(47) - age   2:       1576 bytes,      10544 total
[2019-12-09T07:38:03.217+0000][1][gc,age       ] GC(47) - age   3:      20528 bytes,      31072 total
[2019-12-09T07:38:03.217+0000][1][gc,age       ] GC(47) - age   4:      11744 bytes,      42816 total
[2019-12-09T07:38:03.217+0000][1][gc,age       ] GC(47) - age   5:        240 bytes,      43056 total
[2019-12-09T07:38:03.217+0000][1][gc,age       ] GC(47) - age   6:       3504 bytes,      46560 total
[2019-12-09T07:38:03.217+0000][1][gc,heap      ] GC(47) ParNew: 69997K->67K(78656K)
[2019-12-09T07:38:03.217+0000][1][gc,heap      ] GC(47) CMS: 75131K->75131K(174784K)
[2019-12-09T07:38:03.217+0000][1][gc,metaspace ] GC(47) Metaspace: 79133K->79133K(1122304K)
[2019-12-09T07:38:03.217+0000][1][gc           ] GC(47) Pause Young (Allocation Failure) 141M->73M(247M) 1.923ms
[2019-12-09T07:38:03.217+0000][1][gc,cpu       ] GC(47) User=0.01s Sys=0.00s Real=0.00s
[2019-12-09T07:38:03.217+0000][1][safepoint    ] Leaving safepoint region
[2019-12-09T07:38:03.217+0000][1][safepoint    ] Total time for which application threads were stopped: 0.0021351 seconds, Stopping threads took: 0.0000341 seconds
[2019-12-09T07:38:04.217+0000][1][safepoint    ] Application time: 1.0000895 seconds
[2019-12-09T07:38:04.217+0000][1][safepoint    ] Entering safepoint region: Cleanup
[2019-12-09T07:38:04.218+0000][1][safepoint    ] Leaving safepoint region
[2019-12-09T07:38:04.218+0000][1][safepoint    ] Total time for which application threads were stopped: 0.0001001 seconds, Stopping threads took: 0.0000187 seconds
[2019-12-09T07:38:05.218+0000][1][safepoint    ] Application time: 1.0000772 seconds
[2019-12-09T07:38:05.218+0000][1][safepoint    ] Entering safepoint region: Cleanup
[2019-12-09T07:38:05.218+0000][1][safepoint    ] Leaving safepoint region
[2019-12-09T07:38:05.218+0000][1][safepoint    ] Total time for which application threads were stopped: 0.0000966 seconds, Stopping threads took: 0.0000192 seconds
[2019-12-09T07:38:06.218+0000][1][safepoint    ] Application time: 1.0000788 seconds
[2019-12-09T07:38:06.218+0000][1][safepoint    ] Entering safepoint region: Cleanup
[2019-12-09T07:38:06.218+0000][1][safepoint    ] Leaving safepoint region
[2019-12-09T07:38:06.218+0000][1][safepoint    ] Total time for which application threads were stopped: 0.0000965 seconds, Stopping threads took: 0.0000194 seconds
[2019-12-09T07:38:07.218+0000][1][safepoint    ] Application time: 1.0000790 seconds
[2019-12-09T07:38:07.218+0000][1][safepoint    ] Entering safepoint region: Cleanup
[2019-12-09T07:38:07.218+0000][1][safepoint    ] Leaving safepoint region
[2019-12-09T07:38:07.218+0000][1][safepoint    ] Total time for which application threads were stopped: 0.0000921 seconds, Stopping threads took: 0.0000180 seconds
[2019-12-09T07:38:08.218+0000][1][safepoint    ] Application time: 1.0000770 seconds
[2019-12-09T07:38:08.218+0000][1][safepoint    ] Entering safepoint region: Cleanup
[2019-12-09T07:38:08.218+0000][1][safepoint    ] Leaving safepoint region
[2019-12-09T07:38:08.218+0000][1][safepoint    ] Total time for which application threads were stopped: 0.0000928 seconds, Stopping threads took: 0.0000195 seconds
[2019-12-09T07:38:09.219+0000][1][safepoint    ] Application time: 1.0000824 seconds
[2019-12-09T07:38:09.219+0000][1][safepoint    ] Entering safepoint region: Cleanup
[2019-12-09T07:38:09.219+0000][1][safepoint    ] Leaving safepoint region
[2019-12-09T07:38:09.219+0000][1][safepoint    ] Total time for which application threads were stopped: 0.0001191 seconds, Stopping threads took: 0.0000189 seconds
[2019-12-09T07:38:10.219+0000][1][safepoint    ] Application time: 1.0000808 seconds
[2019-12-09T07:38:10.219+0000][1][safepoint    ] Entering safepoint region: Cleanup
[2019-12-09T07:38:10.219+0000][1][safepoint    ] Leaving safepoint region
[2019-12-09T07:38:10.219+0000][1][safepoint    ] Total time for which application threads were stopped: 0.0000972 seconds, Stopping threads took: 0.0000196 seconds
[2019-12-09T07:38:11.219+0000][1][safepoint    ] Application time: 1.0000835 seconds
[2019-12-09T07:38:11.219+0000][1][safepoint    ] Entering safepoint region: Cleanup
[2019-12-09T07:38:11.219+0000][1][safepoint    ] Leaving safepoint region
[2019-12-09T07:38:11.219+0000][1][safepoint    ] Total time for which application threads were stopped: 0.0000946 seconds, Stopping threads took: 0.0000189 seconds
[2019-12-09T07:38:12.219+0000][1][safepoint    ] Application time: 1.0000839 seconds
[2019-12-09T07:38:12.219+0000][1][safepoint    ] Entering safepoint region: Cleanup
[2019-12-09T07:38:12.219+0000][1][safepoint    ] Leaving safepoint region
[2019-12-09T07:38:12.219+0000][1][safepoint    ] Total time for which application threads were stopped: 0.0001293 seconds, Stopping threads took: 0.0000257 seconds
[2019-12-09T07:38:13.220+0000][1][safepoint    ] Application time: 1.0000848 seconds
[2019-12-09T07:38:13.220+0000][1][safepoint    ] Entering safepoint region: Cleanup
[2019-12-09T07:38:13.220+0000][1][safepoint    ] Leaving safepoint region
[2019-12-09T07:38:13.220+0000][1][safepoint    ] Total time for which application threads were stopped: 0.0001479 seconds, Stopping threads took: 0.0000264 seconds
[2019-12-09T07:38:14.220+0000][1][safepoint    ] Application time: 1.0000795 seconds
[2019-12-09T07:38:14.220+0000][1][safepoint    ] Entering safepoint region: Cleanup
[2019-12-09T07:38:14.220+0000][1][safepoint    ] Leaving safepoint region
[2019-12-09T07:38:14.220+0000][1][safepoint    ] Total time for which application threads were stopped: 0.0000959 seconds, Stopping threads took: 0.0000180 seconds
[2019-12-09T07:38:15.220+0000][1][safepoint    ] Application time: 1.0000805 seconds
[2019-12-09T07:38:15.220+0000][1][safepoint    ] Entering safepoint region: Cleanup
[2019-12-09T07:38:15.220+0000][1][safepoint    ] Leaving safepoint region
[2019-12-09T07:38:15.220+0000][1][safepoint    ] Total time for which application threads were stopped: 0.0000965 seconds, Stopping threads took: 0.0000187 seconds
[2019-12-09T07:38:16.220+0000][1][safepoint    ] Application time: 1.0000835 seconds
[2019-12-09T07:38:16.220+0000][1][safepoint    ] Entering safepoint region: Cleanup
[2019-12-09T07:38:16.220+0000][1][safepoint    ] Leaving safepoint region
[2019-12-09T07:38:16.220+0000][1][safepoint    ] Total time for which application threads were stopped: 0.0001048 seconds, Stopping threads took: 0.0000266 seconds
[2019-12-09T07:38:17.220+0000][1][safepoint    ] Application time: 1.0000762 seconds
[2019-12-09T07:38:17.221+0000][1][safepoint    ] Entering safepoint region: Cleanup
[2019-12-09T07:38:17.221+0000][1][safepoint    ] Leaving safepoint region
[2019-12-09T07:38:17.221+0000][1][safepoint    ] Total time for which application threads were stopped: 0.0001055 seconds, Stopping threads took: 0.0000199 seconds
[2019-12-09T07:38:18.221+0000][1][safepoint    ] Application time: 1.0000820 seconds
[2019-12-09T07:38:18.221+0000][1][safepoint    ] Entering safepoint region: Cleanup
[2019-12-09T07:38:18.221+0000][1][safepoint    ] Leaving safepoint region
[2019-12-09T07:38:18.221+0000][1][safepoint    ] Total time for which application threads were stopped: 0.0000960 seconds, Stopping threads took: 0.0000195 seconds
[2019-12-09T07:38:19.065+0000][1][safepoint    ] Application time: 0.8444435 seconds
[2019-12-09T07:38:19.065+0000][1][safepoint    ] Entering safepoint region: ICBufferFull
[2019-12-09T07:38:19.066+0000][1][safepoint    ] Leaving safepoint region
[2019-12-09T07:38:19.066+0000][1][safepoint    ] Total time for which application threads were stopped: 0.0002221 seconds, Stopping threads took: 0.0000161 seconds
[2019-12-09T07:38:20.066+0000][1][safepoint    ] Application time: 1.0000842 seconds
[2019-12-09T07:38:20.066+0000][1][safepoint    ] Entering safepoint region: Cleanup
[2019-12-09T07:38:20.066+0000][1][safepoint    ] Leaving safepoint region
[2019-12-09T07:38:20.066+0000][1][safepoint    ] Total time for which application threads were stopped: 0.0001684 seconds, Stopping threads took: 0.0000189 seconds
[2019-12-09T07:38:21.507+0000][1][safepoint    ] Application time: 1.4415392 seconds
[2019-12-09T07:38:21.507+0000][1][safepoint    ] Entering safepoint region: Cleanup
[2019-12-09T07:38:21.508+0000][1][safepoint    ] Leaving safepoint region
[2019-12-09T07:38:21.508+0000][1][safepoint    ] Total time for which application threads were stopped: 0.0001081 seconds, Stopping threads took: 0.0000193 seconds
[2019-12-09T07:38:22.508+0000][1][safepoint    ] Application time: 1.0000760 seconds
[2019-12-09T07:38:22.508+0000][1][safepoint    ] Entering safepoint region: Cleanup
[2019-12-09T07:38:22.508+0000][1][safepoint    ] Leaving safepoint region
[2019-12-09T07:38:22.508+0000][1][safepoint    ] Total time for which application threads were stopped: 0.0000920 seconds, Stopping threads took: 0.0000181 seconds
[2019-12-09T07:38:23.508+0000][1][safepoint    ] Application time: 1.0000760 seconds
[2019-12-09T07:38:23.508+0000][1][safepoint    ] Entering safepoint region: Cleanup
[2019-12-09T07:38:23.508+0000][1][safepoint    ] Leaving safepoint region
[2019-12-09T07:38:23.508+0000][1][safepoint    ] Total time for which application threads were stopped: 0.0000977 seconds, Stopping threads took: 0.0000207 seconds
[2019-12-09T07:38:24.508+0000][1][safepoint    ] Application time: 1.0000768 seconds
[2019-12-09T07:38:24.508+0000][1][safepoint    ] Entering safepoint region: Cleanup
[2019-12-09T07:38:24.508+0000][1][safepoint    ] Leaving safepoint region
[2019-12-09T07:38:24.508+0000][1][safepoint    ] Total time for which application threads were stopped: 0.0000929 seconds, Stopping threads took: 0.0000190 seconds
[2019-12-09T07:38:25.508+0000][1][safepoint    ] Application time: 1.0000742 seconds
[2019-12-09T07:38:25.508+0000][1][safepoint    ] Entering safepoint region: Cleanup
[2019-12-09T07:38:25.508+0000][1][safepoint    ] Leaving safepoint region
[2019-12-09T07:38:25.508+0000][1][safepoint    ] Total time for which application threads were stopped: 0.0001124 seconds, Stopping threads took: 0.0000192 seconds
[2019-12-09T07:38:26.509+0000][1][safepoint    ] Application time: 1.0000740 seconds
[2019-12-09T07:38:26.509+0000][1][safepoint    ] Entering safepoint region: Cleanup
[2019-12-09T07:38:26.509+0000][1][safepoint    ] Leaving safepoint region
[2019-12-09T07:38:26.509+0000][1][safepoint    ] Total time for which application threads were stopped: 0.0000945 seconds, Stopping threads took: 0.0000191 seconds
[2019-12-09T07:38:27.509+0000][1][safepoint    ] Application time: 1.0000737 seconds
[2019-12-09T07:38:27.509+0000][1][safepoint    ] Entering safepoint region: Cleanup
[2019-12-09T07:38:27.509+0000][1][safepoint    ] Leaving safepoint region
[2019-12-09T07:38:27.509+0000][1][safepoint    ] Total time for which application threads were stopped: 0.0000975 seconds, Stopping threads took: 0.0000200 seconds
[2019-12-09T07:38:28.509+0000][1][safepoint    ] Application time: 1.0000763 seconds
[2019-12-09T07:38:28.509+0000][1][safepoint    ] Entering safepoint region: Cleanup
[2019-12-09T07:38:28.509+0000][1][safepoint    ] Leaving safepoint region
[2019-12-09T07:38:28.509+0000][1][safepoint    ] Total time for which application threads were stopped: 0.0000973 seconds, Stopping threads took: 0.0000195 seconds
[2019-12-09T07:38:29.509+0000][1][safepoint    ] Application time: 1.0000754 seconds
[2019-12-09T07:38:29.509+0000][1][safepoint    ] Entering safepoint region: Cleanup
[2019-12-09T07:38:29.509+0000][1][safepoint    ] Leaving safepoint region
[2019-12-09T07:38:29.509+0000][1][safepoint    ] Total time for which application threads were stopped: 0.0000924 seconds, Stopping threads took: 0.0000183 seconds
[2019-12-09T07:38:30.509+0000][1][safepoint    ] Application time: 1.0000769 seconds
[2019-12-09T07:38:30.509+0000][1][safepoint    ] Entering safepoint region: Cleanup
[2019-12-09T07:38:30.510+0000][1][safepoint    ] Leaving safepoint region
[2019-12-09T07:38:30.510+0000][1][safepoint    ] Total time for which application threads were stopped: 0.0000971 seconds, Stopping threads took: 0.0000189 seconds
[2019-12-09T07:38:31.510+0000][1][safepoint    ] Application time: 1.0000771 seconds
[2019-12-09T07:38:31.510+0000][1][safepoint    ] Entering safepoint region: Cleanup
[2019-12-09T07:38:31.510+0000][1][safepoint    ] Leaving safepoint region
[2019-12-09T07:38:31.510+0000][1][safepoint    ] Total time for which application threads were stopped: 0.0001037 seconds, Stopping threads took: 0.0000188 seconds
[2019-12-09T07:38:32.510+0000][1][safepoint    ] Application time: 1.0000762 seconds
[2019-12-09T07:38:32.510+0000][1][safepoint    ] Entering safepoint region: Cleanup
[2019-12-09T07:38:32.510+0000][1][safepoint    ] Leaving safepoint region
[2019-12-09T07:38:32.510+0000][1][safepoint    ] Total time for which application threads were stopped: 0.0000948 seconds, Stopping threads took: 0.0000193 seconds
[2019-12-09T07:38:33.510+0000][1][safepoint    ] Application time: 1.0000752 seconds
[2019-12-09T07:38:33.510+0000][1][safepoint    ] Entering safepoint region: Cleanup
[2019-12-09T07:38:33.510+0000][1][safepoint    ] Leaving safepoint region
[2019-12-09T07:38:33.510+0000][1][safepoint    ] Total time for which application threads were stopped: 0.0001069 seconds, Stopping threads took: 0.0000258 seconds
[2019-12-09T07:38:34.510+0000][1][safepoint    ] Application time: 1.0000759 seconds
[2019-12-09T07:38:34.510+0000][1][safepoint    ] Entering safepoint region: Cleanup
[2019-12-09T07:38:34.510+0000][1][safepoint    ] Leaving safepoint region
[2019-12-09T07:38:34.510+0000][1][safepoint    ] Total time for which application threads were stopped: 0.0000942 seconds, Stopping threads took: 0.0000192 seconds
[2019-12-09T07:38:35.510+0000][1][safepoint    ] Application time: 1.0000742 seconds
[2019-12-09T07:38:35.511+0000][1][safepoint    ] Entering safepoint region: Cleanup
[2019-12-09T07:38:35.511+0000][1][safepoint    ] Leaving safepoint region
[2019-12-09T07:38:35.511+0000][1][safepoint    ] Total time for which application threads were stopped: 0.0000946 seconds, Stopping threads took: 0.0000198 seconds
[2019-12-09T07:38:36.511+0000][1][safepoint    ] Application time: 1.0000746 seconds
[2019-12-09T07:38:36.511+0000][1][safepoint    ] Entering safepoint region: Cleanup
[2019-12-09T07:38:36.511+0000][1][safepoint    ] Leaving safepoint region
[2019-12-09T07:38:36.511+0000][1][safepoint    ] Total time for which application threads were stopped: 0.0001008 seconds, Stopping threads took: 0.0000251 seconds
[2019-12-09T07:38:37.511+0000][1][safepoint    ] Application time: 1.0000771 seconds
[2019-12-09T07:38:37.511+0000][1][safepoint    ] Entering safepoint region: Cleanup
[2019-12-09T07:38:37.511+0000][1][safepoint    ] Leaving safepoint region
[2019-12-09T07:38:37.511+0000][1][safepoint    ] Total time for which application threads were stopped: 0.0000935 seconds, Stopping threads took: 0.0000201 seconds
[2019-12-09T07:38:38.511+0000][1][safepoint    ] Application time: 1.0000770 seconds
[2019-12-09T07:38:38.511+0000][1][safepoint    ] Entering safepoint region: Cleanup
[2019-12-09T07:38:38.511+0000][1][safepoint    ] Leaving safepoint region
[2019-12-09T07:38:38.511+0000][1][safepoint    ] Total time for which application threads were stopped: 0.0000938 seconds, Stopping threads took: 0.0000200 seconds
[2019-12-09T07:38:39.511+0000][1][safepoint    ] Application time: 1.0000754 seconds
[2019-12-09T07:38:39.511+0000][1][safepoint    ] Entering safepoint region: Cleanup
[2019-12-09T07:38:39.511+0000][1][safepoint    ] Leaving safepoint region
[2019-12-09T07:38:39.511+0000][1][safepoint    ] Total time for which application threads were stopped: 0.0000922 seconds, Stopping threads took: 0.0000185 seconds
[2019-12-09T07:38:40.512+0000][1][safepoint    ] Application time: 1.0000747 seconds
[2019-12-09T07:38:40.512+0000][1][safepoint    ] Entering safepoint region: Cleanup
[2019-12-09T07:38:40.512+0000][1][safepoint    ] Leaving safepoint region
[2019-12-09T07:38:40.512+0000][1][safepoint    ] Total time for which application threads were stopped: 0.0001056 seconds, Stopping threads took: 0.0000199 seconds
[2019-12-09T07:38:41.512+0000][1][safepoint    ] Application time: 1.0000765 seconds
[2019-12-09T07:38:41.512+0000][1][safepoint    ] Entering safepoint region: Cleanup
[2019-12-09T07:38:41.512+0000][1][safepoint    ] Leaving safepoint region
[2019-12-09T07:38:41.512+0000][1][safepoint    ] Total time for which application threads were stopped: 0.0000878 seconds, Stopping threads took: 0.0000166 seconds
[2019-12-09T07:38:42.512+0000][1][safepoint    ] Application time: 1.0000773 seconds
[2019-12-09T07:38:42.512+0000][1][safepoint    ] Entering safepoint region: Cleanup
[2019-12-09T07:38:42.512+0000][1][safepoint    ] Leaving safepoint region
[2019-12-09T07:38:42.512+0000][1][safepoint    ] Total time for which application threads were stopped: 0.0000972 seconds, Stopping threads took: 0.0000198 seconds
[2019-12-09T07:38:43.512+0000][1][safepoint    ] Application time: 1.0000741 seconds
[2019-12-09T07:38:43.512+0000][1][safepoint    ] Entering safepoint region: Cleanup
[2019-12-09T07:38:43.512+0000][1][safepoint    ] Leaving safepoint region
[2019-12-09T07:38:43.512+0000][1][safepoint    ] Total time for which application threads were stopped: 0.0000958 seconds, Stopping threads took: 0.0000194 seconds
[2019-12-09T07:38:44.512+0000][1][safepoint    ] Application time: 1.0000760 seconds
[2019-12-09T07:38:44.512+0000][1][safepoint    ] Entering safepoint region: Cleanup
[2019-12-09T07:38:44.513+0000][1][safepoint    ] Leaving safepoint region
[2019-12-09T07:38:44.513+0000][1][safepoint    ] Total time for which application threads were stopped: 0.0000970 seconds, Stopping threads took: 0.0000207 seconds
[2019-12-09T07:38:45.513+0000][1][safepoint    ] Application time: 1.0000759 seconds
[2019-12-09T07:38:45.513+0000][1][safepoint    ] Entering safepoint region: Cleanup
[2019-12-09T07:38:45.513+0000][1][safepoint    ] Leaving safepoint region
[2019-12-09T07:38:45.513+0000][1][safepoint    ] Total time for which application threads were stopped: 0.0001024 seconds, Stopping threads took: 0.0000278 seconds
[2019-12-09T07:38:46.513+0000][1][safepoint    ] Application time: 1.0000752 seconds
[2019-12-09T07:38:46.513+0000][1][safepoint    ] Entering safepoint region: Cleanup
[2019-12-09T07:38:46.513+0000][1][safepoint    ] Leaving safepoint region
[2019-12-09T07:38:46.513+0000][1][safepoint    ] Total time for which application threads were stopped: 0.0001012 seconds, Stopping threads took: 0.0000261 seconds
[2019-12-09T07:38:47.513+0000][1][safepoint    ] Application time: 1.0000771 seconds
[2019-12-09T07:38:47.513+0000][1][safepoint    ] Entering safepoint region: Cleanup
[2019-12-09T07:38:47.513+0000][1][safepoint    ] Leaving safepoint region
[2019-12-09T07:38:47.513+0000][1][safepoint    ] Total time for which application threads were stopped: 0.0000918 seconds, Stopping threads took: 0.0000192 seconds
[2019-12-09T07:38:48.513+0000][1][safepoint    ] Application time: 1.0000770 seconds
[2019-12-09T07:38:48.513+0000][1][safepoint    ] Entering safepoint region: Cleanup
[2019-12-09T07:38:48.513+0000][1][safepoint    ] Leaving safepoint region
[2019-12-09T07:38:48.513+0000][1][safepoint    ] Total time for which application threads were stopped: 0.0000918 seconds, Stopping threads took: 0.0000182 seconds
[2019-12-09T07:38:49.514+0000][1][safepoint    ] Application time: 1.0000739 seconds
[2019-12-09T07:38:49.514+0000][1][safepoint    ] Entering safepoint region: Cleanup
[2019-12-09T07:38:49.514+0000][1][safepoint    ] Leaving safepoint region
[2019-12-09T07:38:49.514+0000][1][safepoint    ] Total time for which application threads were stopped: 0.0000941 seconds, Stopping threads took: 0.0000195 seconds
[2019-12-09T07:38:50.514+0000][1][safepoint    ] Application time: 1.0000630 seconds
[2019-12-09T07:38:50.514+0000][1][safepoint    ] Entering safepoint region: Cleanup
[2019-12-09T07:38:50.514+0000][1][safepoint    ] Leaving safepoint region
[2019-12-09T07:38:50.514+0000][1][safepoint    ] Total time for which application threads were stopped: 0.0000881 seconds, Stopping threads took: 0.0000170 seconds
[2019-12-09T07:38:51.514+0000][1][safepoint    ] Application time: 1.0000744 seconds
[2019-12-09T07:38:51.514+0000][1][safepoint    ] Entering safepoint region: Cleanup
[2019-12-09T07:38:51.514+0000][1][safepoint    ] Leaving safepoint region
[2019-12-09T07:38:51.514+0000][1][safepoint    ] Total time for which application threads were stopped: 0.0000900 seconds, Stopping threads took: 0.0000181 seconds
[2019-12-09T07:38:52.514+0000][1][safepoint    ] Application time: 1.0000773 seconds
[2019-12-09T07:38:52.514+0000][1][safepoint    ] Entering safepoint region: Cleanup
[2019-12-09T07:38:52.514+0000][1][safepoint    ] Leaving safepoint region
[2019-12-09T07:38:52.514+0000][1][safepoint    ] Total time for which application threads were stopped: 0.0000956 seconds, Stopping threads took: 0.0000200 seconds
[2019-12-09T07:38:53.514+0000][1][safepoint    ] Application time: 1.0000749 seconds
[2019-12-09T07:38:53.514+0000][1][safepoint    ] Entering safepoint region: Cleanup
[2019-12-09T07:38:53.514+0000][1][safepoint    ] Leaving safepoint region
[2019-12-09T07:38:53.514+0000][1][safepoint    ] Total time for which application threads were stopped: 0.0000942 seconds, Stopping threads took: 0.0000181 seconds
[2019-12-09T07:39:57.615+0000][1][safepoint    ] Application time: 64.1010034 seconds
[2019-12-09T07:39:57.616+0000][1][safepoint    ] Entering safepoint region: GenCollectForAllocation
[2019-12-09T07:39:57.616+0000][1][gc,start     ] GC(48) Pause Young (Allocation Failure)
[2019-12-09T07:39:57.616+0000][1][gc,task      ] GC(48) Using 2 workers of 2 for evacuation
[2019-12-09T07:39:57.617+0000][1][gc,age       ] GC(48) Desired survivor size 4456448 bytes, new threshold 6 (max threshold 6)
[2019-12-09T07:39:57.617+0000][1][gc,age       ] GC(48) Age table with threshold 6 (max threshold 6)
[2019-12-09T07:39:57.617+0000][1][gc,age       ] GC(48) - age   1:       8784 bytes,       8784 total
[2019-12-09T07:39:57.617+0000][1][gc,age       ] GC(48) - age   2:        984 bytes,       9768 total
[2019-12-09T07:39:57.617+0000][1][gc,age       ] GC(48) - age   3:       1544 bytes,      11312 total
[2019-12-09T07:39:57.617+0000][1][gc,age       ] GC(48) - age   4:      20528 bytes,      31840 total
[2019-12-09T07:39:57.617+0000][1][gc,age       ] GC(48) - age   5:      11624 bytes,      43464 total
[2019-12-09T07:39:57.617+0000][1][gc,age       ] GC(48) - age   6:        240 bytes,      43704 total
[2019-12-09T07:39:57.617+0000][1][gc,heap      ] GC(48) ParNew: 70019K->68K(78656K)
[2019-12-09T07:39:57.617+0000][1][gc,heap      ] GC(48) CMS: 75131K->75135K(174784K)
[2019-12-09T07:39:57.617+0000][1][gc,metaspace ] GC(48) Metaspace: 79144K->79144K(1122304K)
[2019-12-09T07:39:57.617+0000][1][gc           ] GC(48) Pause Young (Allocation Failure) 141M->73M(247M) 1.802ms
[2019-12-09T07:39:57.617+0000][1][gc,cpu       ] GC(48) User=0.00s Sys=0.00s Real=0.00s
[2019-12-09T07:39:57.617+0000][1][safepoint    ] Leaving safepoint region
[2019-12-09T07:39:57.617+0000][1][safepoint    ] Total time for which application threads were stopped: 0.0019733 seconds, Stopping threads took: 0.0000260 seconds
[2019-12-09T07:40:26.619+0000][1][safepoint    ] Application time: 29.0019714 seconds
[2019-12-09T07:40:26.620+0000][1][safepoint    ] Entering safepoint region: Cleanup
[2019-12-09T07:40:26.620+0000][1][safepoint    ] Leaving safepoint region
[2019-12-09T07:40:26.620+0000][1][safepoint    ] Total time for which application threads were stopped: 0.0001146 seconds, Stopping threads took: 0.0000288 seconds
[2019-12-09T07:40:30.620+0000][1][safepoint    ] Application time: 4.0002821 seconds
[2019-12-09T07:40:30.620+0000][1][safepoint    ] Entering safepoint region: Cleanup
[2019-12-09T07:40:30.620+0000][1][safepoint    ] Leaving safepoint region
[2019-12-09T07:40:30.620+0000][1][safepoint    ] Total time for which application threads were stopped: 0.0000985 seconds, Stopping threads took: 0.0000184 seconds
[2019-12-09T07:40:53.622+0000][1][safepoint    ] Application time: 23.0015363 seconds
[2019-12-09T07:40:53.622+0000][1][safepoint    ] Entering safepoint region: Cleanup
[2019-12-09T07:40:53.622+0000][1][safepoint    ] Leaving safepoint region
[2019-12-09T07:40:53.622+0000][1][safepoint    ] Total time for which application threads were stopped: 0.0001120 seconds, Stopping threads took: 0.0000243 seconds
[2019-12-09T07:40:59.622+0000][1][safepoint    ] Application time: 6.0004156 seconds
[2019-12-09T07:40:59.622+0000][1][safepoint    ] Entering safepoint region: Cleanup
[2019-12-09T07:40:59.622+0000][1][safepoint    ] Leaving safepoint region
[2019-12-09T07:40:59.622+0000][1][safepoint    ] Total time for which application threads were stopped: 0.0000998 seconds, Stopping threads took: 0.0000184 seconds
[2019-12-09T07:41:00.622+0000][1][safepoint    ] Application time: 1.0000769 seconds
[2019-12-09T07:41:00.622+0000][1][safepoint    ] Entering safepoint region: Cleanup
[2019-12-09T07:41:00.622+0000][1][safepoint    ] Leaving safepoint region
[2019-12-09T07:41:00.622+0000][1][safepoint    ] Total time for which application threads were stopped: 0.0000948 seconds, Stopping threads took: 0.0000188 seconds
[2019-12-09T07:41:13.623+0000][1][safepoint    ] Application time: 13.0008851 seconds
[2019-12-09T07:41:13.623+0000][1][safepoint    ] Entering safepoint region: Cleanup
[2019-12-09T07:41:13.623+0000][1][safepoint    ] Leaving safepoint region
[2019-12-09T07:41:13.624+0000][1][safepoint    ] Total time for which application threads were stopped: 0.0001022 seconds, Stopping threads took: 0.0000198 seconds
[2019-12-09T07:41:19.624+0000][1][safepoint    ] Application time: 6.0004029 seconds
[2019-12-09T07:41:19.624+0000][1][safepoint    ] Entering safepoint region: Cleanup
[2019-12-09T07:41:19.624+0000][1][safepoint    ] Leaving safepoint region
[2019-12-09T07:41:19.624+0000][1][safepoint    ] Total time for which application threads were stopped: 0.0001025 seconds, Stopping threads took: 0.0000194 seconds
[2019-12-09T07:41:30.625+0000][1][safepoint    ] Application time: 11.0007928 seconds
[2019-12-09T07:41:30.625+0000][1][safepoint    ] Entering safepoint region: Cleanup
[2019-12-09T07:41:30.625+0000][1][safepoint    ] Leaving safepoint region
[2019-12-09T07:41:30.625+0000][1][safepoint    ] Total time for which application threads were stopped: 0.0001103 seconds, Stopping threads took: 0.0000273 seconds
[2019-12-09T07:41:41.626+0000][1][safepoint    ] Application time: 11.0007566 seconds
[2019-12-09T07:41:41.626+0000][1][safepoint    ] Entering safepoint region: Cleanup
[2019-12-09T07:41:41.626+0000][1][safepoint    ] Leaving safepoint region
[2019-12-09T07:41:41.626+0000][1][safepoint    ] Total time for which application threads were stopped: 0.0001021 seconds, Stopping threads took: 0.0000265 seconds
[2019-12-09T07:41:52.656+0000][1][safepoint    ] Application time: 11.0297467 seconds
[2019-12-09T07:41:52.656+0000][1][safepoint    ] Entering safepoint region: GenCollectForAllocation
[2019-12-09T07:41:52.656+0000][1][gc,start     ] GC(49) Pause Young (Allocation Failure)
[2019-12-09T07:41:52.656+0000][1][gc,task      ] GC(49) Using 2 workers of 2 for evacuation
[2019-12-09T07:41:52.657+0000][1][gc,age       ] GC(49) Desired survivor size 4456448 bytes, new threshold 6 (max threshold 6)
[2019-12-09T07:41:52.658+0000][1][gc,age       ] GC(49) Age table with threshold 6 (max threshold 6)
[2019-12-09T07:41:52.658+0000][1][gc,age       ] GC(49) - age   1:      11912 bytes,      11912 total
[2019-12-09T07:41:52.658+0000][1][gc,age       ] GC(49) - age   2:        120 bytes,      12032 total
[2019-12-09T07:41:52.658+0000][1][gc,age       ] GC(49) - age   3:        864 bytes,      12896 total
[2019-12-09T07:41:52.658+0000][1][gc,age       ] GC(49) - age   4:       1544 bytes,      14440 total
[2019-12-09T07:41:52.658+0000][1][gc,age       ] GC(49) - age   5:      20528 bytes,      34968 total
[2019-12-09T07:41:52.658+0000][1][gc,age       ] GC(49) - age   6:      11624 bytes,      46592 total
[2019-12-09T07:41:52.658+0000][1][gc,heap      ] GC(49) ParNew: 70020K->65K(78656K)
[2019-12-09T07:41:52.658+0000][1][gc,heap      ] GC(49) CMS: 75135K->75135K(174784K)
[2019-12-09T07:41:52.658+0000][1][gc,metaspace ] GC(49) Metaspace: 79169K->79169K(1122304K)
[2019-12-09T07:41:52.658+0000][1][gc           ] GC(49) Pause Young (Allocation Failure) 141M->73M(247M) 1.757ms
[2019-12-09T07:41:52.658+0000][1][gc,cpu       ] GC(49) User=0.00s Sys=0.01s Real=0.00s
[2019-12-09T07:41:52.658+0000][1][safepoint    ] Leaving safepoint region
[2019-12-09T07:41:52.658+0000][1][safepoint    ] Total time for which application threads were stopped: 0.0019224 seconds, Stopping threads took: 0.0000205 seconds
[2019-12-09T07:41:53.658+0000][1][safepoint    ] Application time: 1.0000855 seconds
[2019-12-09T07:41:53.658+0000][1][safepoint    ] Entering safepoint region: Cleanup
[2019-12-09T07:41:53.658+0000][1][safepoint    ] Leaving safepoint region
[2019-12-09T07:41:53.658+0000][1][safepoint    ] Total time for which application threads were stopped: 0.0000961 seconds, Stopping threads took: 0.0000189 seconds
[2019-12-09T07:42:03.659+0000][1][safepoint    ] Application time: 10.0006665 seconds
[2019-12-09T07:42:03.659+0000][1][safepoint    ] Entering safepoint region: Cleanup
[2019-12-09T07:42:03.659+0000][1][safepoint    ] Leaving safepoint region
[2019-12-09T07:42:03.659+0000][1][safepoint    ] Total time for which application threads were stopped: 0.0001012 seconds, Stopping threads took: 0.0000196 seconds
[2019-12-09T07:42:12.659+0000][1][safepoint    ] Application time: 9.0006016 seconds
[2019-12-09T07:42:12.659+0000][1][safepoint    ] Entering safepoint region: Cleanup
[2019-12-09T07:42:12.659+0000][1][safepoint    ] Leaving safepoint region
[2019-12-09T07:42:12.659+0000][1][safepoint    ] Total time for which application threads were stopped: 0.0001088 seconds, Stopping threads took: 0.0000284 seconds
[2019-12-09T07:42:13.659+0000][1][safepoint    ] Application time: 1.0000753 seconds
[2019-12-09T07:42:13.660+0000][1][safepoint    ] Entering safepoint region: Cleanup
[2019-12-09T07:42:13.660+0000][1][safepoint    ] Leaving safepoint region
[2019-12-09T07:42:13.660+0000][1][safepoint    ] Total time for which application threads were stopped: 0.0001028 seconds, Stopping threads took: 0.0000198 seconds
[2019-12-09T07:42:23.660+0000][1][safepoint    ] Application time: 10.0006672 seconds
[2019-12-09T07:42:23.660+0000][1][safepoint    ] Entering safepoint region: Cleanup
[2019-12-09T07:42:23.660+0000][1][safepoint    ] Leaving safepoint region
[2019-12-09T07:42:23.660+0000][1][safepoint    ] Total time for which application threads were stopped: 0.0001083 seconds, Stopping threads took: 0.0000264 seconds
[2019-12-09T07:42:27.661+0000][1][safepoint    ] Application time: 4.0002682 seconds
[2019-12-09T07:42:27.661+0000][1][safepoint    ] Entering safepoint region: Cleanup
[2019-12-09T07:42:27.661+0000][1][safepoint    ] Leaving safepoint region
[2019-12-09T07:42:27.661+0000][1][safepoint    ] Total time for which application threads were stopped: 0.0000979 seconds, Stopping threads took: 0.0000191 seconds
[2019-12-09T07:42:34.661+0000][1][safepoint    ] Application time: 7.0004707 seconds
[2019-12-09T07:42:34.661+0000][1][safepoint    ] Entering safepoint region: Cleanup
[2019-12-09T07:42:34.661+0000][1][safepoint    ] Leaving safepoint region
[2019-12-09T07:42:34.661+0000][1][safepoint    ] Total time for which application threads were stopped: 0.0000928 seconds, Stopping threads took: 0.0000168 seconds
[2019-12-09T07:43:00.350+0000][1][safepoint    ] Application time: 25.6880925 seconds
[2019-12-09T07:43:00.350+0000][1][safepoint    ] Entering safepoint region: Cleanup
[2019-12-09T07:43:00.350+0000][1][safepoint    ] Leaving safepoint region
[2019-12-09T07:43:00.350+0000][1][safepoint    ] Total time for which application threads were stopped: 0.0001057 seconds, Stopping threads took: 0.0000349 seconds
[2019-12-09T07:43:01.350+0000][1][safepoint    ] Application time: 1.0000825 seconds
[2019-12-09T07:43:01.350+0000][1][safepoint    ] Entering safepoint region: Cleanup
[2019-12-09T07:43:01.350+0000][1][safepoint    ] Leaving safepoint region
[2019-12-09T07:43:01.350+0000][1][safepoint    ] Total time for which application threads were stopped: 0.0000970 seconds, Stopping threads took: 0.0000183 seconds
[2019-12-09T07:43:24.352+0000][1][safepoint    ] Application time: 23.0017248 seconds
[2019-12-09T07:43:24.352+0000][1][safepoint    ] Entering safepoint region: Cleanup
[2019-12-09T07:43:24.352+0000][1][safepoint    ] Leaving safepoint region
[2019-12-09T07:43:24.352+0000][1][safepoint    ] Total time for which application threads were stopped: 0.0001028 seconds, Stopping threads took: 0.0000269 seconds
[2019-12-09T07:43:30.352+0000][1][safepoint    ] Application time: 6.0004021 seconds
[2019-12-09T07:43:30.352+0000][1][safepoint    ] Entering safepoint region: Cleanup
[2019-12-09T07:43:30.352+0000][1][safepoint    ] Leaving safepoint region
[2019-12-09T07:43:30.352+0000][1][safepoint    ] Total time for which application threads were stopped: 0.0000899 seconds, Stopping threads took: 0.0000164 seconds
[2019-12-09T07:43:33.353+0000][1][safepoint    ] Application time: 3.0002020 seconds
[2019-12-09T07:43:33.353+0000][1][safepoint    ] Entering safepoint region: Cleanup
[2019-12-09T07:43:33.353+0000][1][safepoint    ] Leaving safepoint region
[2019-12-09T07:43:33.353+0000][1][safepoint    ] Total time for which application threads were stopped: 0.0001152 seconds, Stopping threads took: 0.0000252 seconds
[2019-12-09T07:43:45.354+0000][1][safepoint    ] Application time: 12.0007867 seconds
[2019-12-09T07:43:45.354+0000][1][safepoint    ] Entering safepoint region: Cleanup
[2019-12-09T07:43:45.354+0000][1][safepoint    ] Leaving safepoint region
[2019-12-09T07:43:45.354+0000][1][safepoint    ] Total time for which application threads were stopped: 0.0001090 seconds, Stopping threads took: 0.0000309 seconds
[2019-12-09T07:43:47.696+0000][1][safepoint    ] Application time: 2.3419112 seconds
[2019-12-09T07:43:47.696+0000][1][safepoint    ] Entering safepoint region: GenCollectForAllocation
[2019-12-09T07:43:47.696+0000][1][gc,start     ] GC(50) Pause Young (Allocation Failure)
[2019-12-09T07:43:47.696+0000][1][gc,task      ] GC(50) Using 2 workers of 2 for evacuation
[2019-12-09T07:43:47.697+0000][1][gc,age       ] GC(50) Desired survivor size 4456448 bytes, new threshold 6 (max threshold 6)
[2019-12-09T07:43:47.698+0000][1][gc,age       ] GC(50) Age table with threshold 6 (max threshold 6)
[2019-12-09T07:43:47.698+0000][1][gc,age       ] GC(50) - age   1:      21120 bytes,      21120 total
[2019-12-09T07:43:47.698+0000][1][gc,age       ] GC(50) - age   2:       3176 bytes,      24296 total
[2019-12-09T07:43:47.698+0000][1][gc,age       ] GC(50) - age   3:        120 bytes,      24416 total
[2019-12-09T07:43:47.698+0000][1][gc,age       ] GC(50) - age   4:        744 bytes,      25160 total
[2019-12-09T07:43:47.698+0000][1][gc,age       ] GC(50) - age   5:       1544 bytes,      26704 total
[2019-12-09T07:43:47.698+0000][1][gc,age       ] GC(50) - age   6:      20528 bytes,      47232 total
[2019-12-09T07:43:47.698+0000][1][gc,heap      ] GC(50) ParNew: 70017K->67K(78656K)
[2019-12-09T07:43:47.698+0000][1][gc,heap      ] GC(50) CMS: 75135K->75146K(174784K)
[2019-12-09T07:43:47.698+0000][1][gc,metaspace ] GC(50) Metaspace: 79207K->79207K(1122304K)
[2019-12-09T07:43:47.698+0000][1][gc           ] GC(50) Pause Young (Allocation Failure) 141M->73M(247M) 1.851ms
[2019-12-09T07:43:47.698+0000][1][gc,cpu       ] GC(50) User=0.00s Sys=0.00s Real=0.00s
[2019-12-09T07:43:47.698+0000][1][safepoint    ] Leaving safepoint region
[2019-12-09T07:43:47.698+0000][1][safepoint    ] Total time for which application threads were stopped: 0.0020346 seconds, Stopping threads took: 0.0000168 seconds
[2019-12-09T07:44:00.699+0000][1][safepoint    ] Application time: 13.0008947 seconds
[2019-12-09T07:44:00.699+0000][1][safepoint    ] Entering safepoint region: Cleanup
[2019-12-09T07:44:00.699+0000][1][safepoint    ] Leaving safepoint region
[2019-12-09T07:44:00.699+0000][1][safepoint    ] Total time for which application threads were stopped: 0.0000965 seconds, Stopping threads took: 0.0000188 seconds
[2019-12-09T07:44:03.699+0000][1][safepoint    ] Application time: 3.0002074 seconds
[2019-12-09T07:44:03.699+0000][1][safepoint    ] Entering safepoint region: Cleanup
[2019-12-09T07:44:03.699+0000][1][safepoint    ] Leaving safepoint region
[2019-12-09T07:44:03.699+0000][1][safepoint    ] Total time for which application threads were stopped: 0.0000945 seconds, Stopping threads took: 0.0000193 seconds
[2019-12-09T07:44:23.700+0000][1][safepoint    ] Application time: 20.0013447 seconds
[2019-12-09T07:44:23.700+0000][1][safepoint    ] Entering safepoint region: Cleanup
[2019-12-09T07:44:23.701+0000][1][safepoint    ] Leaving safepoint region
[2019-12-09T07:44:23.701+0000][1][safepoint    ] Total time for which application threads were stopped: 0.0000998 seconds, Stopping threads took: 0.0000213 seconds
[2019-12-09T07:44:30.701+0000][1][safepoint    ] Application time: 7.0004767 seconds
[2019-12-09T07:44:30.701+0000][1][safepoint    ] Entering safepoint region: Cleanup
[2019-12-09T07:44:30.701+0000][1][safepoint    ] Leaving safepoint region
[2019-12-09T07:44:30.701+0000][1][safepoint    ] Total time for which application threads were stopped: 0.0000950 seconds, Stopping threads took: 0.0000174 seconds
[2019-12-09T07:44:50.702+0000][1][safepoint    ] Application time: 20.0013414 seconds
[2019-12-09T07:44:50.703+0000][1][safepoint    ] Entering safepoint region: Cleanup
[2019-12-09T07:44:50.703+0000][1][safepoint    ] Leaving safepoint region
[2019-12-09T07:44:50.703+0000][1][safepoint    ] Total time for which application threads were stopped: 0.0001039 seconds, Stopping threads took: 0.0000274 seconds
[2019-12-09T07:45:00.704+0000][1][safepoint    ] Application time: 10.0008792 seconds
[2019-12-09T07:45:00.704+0000][1][safepoint    ] Entering safepoint region: Cleanup
[2019-12-09T07:45:00.704+0000][1][safepoint    ] Leaving safepoint region
[2019-12-09T07:45:00.704+0000][1][safepoint    ] Total time for which application threads were stopped: 0.0001136 seconds, Stopping threads took: 0.0000240 seconds
[2019-12-09T07:45:29.706+0000][1][safepoint    ] Application time: 29.0019290 seconds
[2019-12-09T07:45:29.706+0000][1][safepoint    ] Entering safepoint region: Cleanup
[2019-12-09T07:45:29.706+0000][1][safepoint    ] Leaving safepoint region
[2019-12-09T07:45:29.706+0000][1][safepoint    ] Total time for which application threads were stopped: 0.0001174 seconds, Stopping threads took: 0.0000269 seconds
[2019-12-09T07:45:40.129+0000][1][safepoint    ] Application time: 10.4229165 seconds
[2019-12-09T07:45:40.129+0000][1][safepoint    ] Entering safepoint region: GenCollectForAllocation
[2019-12-09T07:45:40.129+0000][1][gc,start     ] GC(51) Pause Young (Allocation Failure)
[2019-12-09T07:45:40.129+0000][1][gc,task      ] GC(51) Using 2 workers of 2 for evacuation
[2019-12-09T07:45:40.131+0000][1][gc,age       ] GC(51) Desired survivor size 4456448 bytes, new threshold 6 (max threshold 6)
[2019-12-09T07:45:40.131+0000][1][gc,age       ] GC(51) Age table with threshold 6 (max threshold 6)
[2019-12-09T07:45:40.131+0000][1][gc,age       ] GC(51) - age   1:      15576 bytes,      15576 total
[2019-12-09T07:45:40.131+0000][1][gc,age       ] GC(51) - age   2:      12104 bytes,      27680 total
[2019-12-09T07:45:40.131+0000][1][gc,age       ] GC(51) - age   3:       3056 bytes,      30736 total
[2019-12-09T07:45:40.131+0000][1][gc,age       ] GC(51) - age   5:        744 bytes,      31480 total
[2019-12-09T07:45:40.131+0000][1][gc,age       ] GC(51) - age   6:       1544 bytes,      33024 total
[2019-12-09T07:45:40.131+0000][1][gc,heap      ] GC(51) ParNew: 70019K->45K(78656K)
[2019-12-09T07:45:40.131+0000][1][gc,heap      ] GC(51) CMS: 75146K->75166K(174784K)
[2019-12-09T07:45:40.131+0000][1][gc,metaspace ] GC(51) Metaspace: 79221K->79221K(1122304K)
[2019-12-09T07:45:40.131+0000][1][gc           ] GC(51) Pause Young (Allocation Failure) 141M->73M(247M) 1.889ms
[2019-12-09T07:45:40.131+0000][1][gc,cpu       ] GC(51) User=0.01s Sys=0.00s Real=0.00s
[2019-12-09T07:45:40.131+0000][1][safepoint    ] Leaving safepoint region
[2019-12-09T07:45:40.131+0000][1][safepoint    ] Total time for which application threads were stopped: 0.0021240 seconds, Stopping threads took: 0.0000556 seconds
[2019-12-09T07:45:44.131+0000][1][safepoint    ] Application time: 4.0002859 seconds
[2019-12-09T07:45:44.131+0000][1][safepoint    ] Entering safepoint region: Cleanup
[2019-12-09T07:45:44.131+0000][1][safepoint    ] Leaving safepoint region
[2019-12-09T07:45:44.131+0000][1][safepoint    ] Total time for which application threads were stopped: 0.0000976 seconds, Stopping threads took: 0.0000235 seconds
[2019-12-09T07:45:51.132+0000][1][safepoint    ] Application time: 7.0004692 seconds
[2019-12-09T07:45:51.132+0000][1][safepoint    ] Entering safepoint region: Cleanup
[2019-12-09T07:45:51.132+0000][1][safepoint    ] Leaving safepoint region
[2019-12-09T07:45:51.132+0000][1][safepoint    ] Total time for which application threads were stopped: 0.0000847 seconds, Stopping threads took: 0.0000169 seconds
[2019-12-09T07:45:52.132+0000][1][safepoint    ] Application time: 1.0000842 seconds
[2019-12-09T07:45:52.132+0000][1][safepoint    ] Entering safepoint region: Cleanup
[2019-12-09T07:45:52.132+0000][1][safepoint    ] Leaving safepoint region
[2019-12-09T07:45:52.132+0000][1][safepoint    ] Total time for which application threads were stopped: 0.0001237 seconds, Stopping threads took: 0.0000267 seconds
[2019-12-09T07:45:53.132+0000][1][safepoint    ] Application time: 1.0000754 seconds
[2019-12-09T07:45:53.132+0000][1][safepoint    ] Entering safepoint region: Cleanup
[2019-12-09T07:45:53.132+0000][1][safepoint    ] Leaving safepoint region
[2019-12-09T07:45:53.132+0000][1][safepoint    ] Total time for which application threads were stopped: 0.0000817 seconds, Stopping threads took: 0.0000170 seconds
[2019-12-09T07:45:54.132+0000][1][safepoint    ] Application time: 1.0000742 seconds
[2019-12-09T07:45:54.132+0000][1][safepoint    ] Entering safepoint region: Cleanup
[2019-12-09T07:45:54.132+0000][1][safepoint    ] Leaving safepoint region
[2019-12-09T07:45:54.132+0000][1][safepoint    ] Total time for which application threads were stopped: 0.0000846 seconds, Stopping threads took: 0.0000162 seconds
[2019-12-09T07:45:55.133+0000][1][safepoint    ] Application time: 1.0000730 seconds
[2019-12-09T07:45:55.133+0000][1][safepoint    ] Entering safepoint region: Cleanup
[2019-12-09T07:45:55.133+0000][1][safepoint    ] Leaving safepoint region
[2019-12-09T07:45:55.133+0000][1][safepoint    ] Total time for which application threads were stopped: 0.0000958 seconds, Stopping threads took: 0.0000161 seconds
[2019-12-09T07:45:56.133+0000][1][safepoint    ] Application time: 1.0000804 seconds
[2019-12-09T07:45:56.133+0000][1][safepoint    ] Entering safepoint region: Cleanup
[2019-12-09T07:45:56.133+0000][1][safepoint    ] Leaving safepoint region
[2019-12-09T07:45:56.133+0000][1][safepoint    ] Total time for which application threads were stopped: 0.0000861 seconds, Stopping threads took: 0.0000178 seconds
[2019-12-09T07:45:57.133+0000][1][safepoint    ] Application time: 1.0000798 seconds
[2019-12-09T07:45:57.133+0000][1][safepoint    ] Entering safepoint region: Cleanup
[2019-12-09T07:45:57.133+0000][1][safepoint    ] Leaving safepoint region
[2019-12-09T07:45:57.133+0000][1][safepoint    ] Total time for which application threads were stopped: 0.0000834 seconds, Stopping threads took: 0.0000160 seconds
[2019-12-09T07:45:58.133+0000][1][safepoint    ] Application time: 1.0000740 seconds
[2019-12-09T07:45:58.133+0000][1][safepoint    ] Entering safepoint region: Cleanup
[2019-12-09T07:45:58.133+0000][1][safepoint    ] Leaving safepoint region
[2019-12-09T07:45:58.133+0000][1][safepoint    ] Total time for which application threads were stopped: 0.0000840 seconds, Stopping threads took: 0.0000164 seconds
[2019-12-09T07:45:59.133+0000][1][safepoint    ] Application time: 1.0000754 seconds
[2019-12-09T07:45:59.133+0000][1][safepoint    ] Entering safepoint region: Cleanup
[2019-12-09T07:45:59.133+0000][1][safepoint    ] Leaving safepoint region
[2019-12-09T07:45:59.133+0000][1][safepoint    ] Total time for which application threads were stopped: 0.0000841 seconds, Stopping threads took: 0.0000173 seconds
[2019-12-09T07:46:00.134+0000][1][safepoint    ] Application time: 1.0000736 seconds
[2019-12-09T07:46:00.134+0000][1][safepoint    ] Entering safepoint region: Cleanup
[2019-12-09T07:46:00.134+0000][1][safepoint    ] Leaving safepoint region
[2019-12-09T07:46:00.134+0000][1][safepoint    ] Total time for which application threads were stopped: 0.0000829 seconds, Stopping threads took: 0.0000175 seconds
[2019-12-09T07:46:01.134+0000][1][safepoint    ] Application time: 1.0000734 seconds
[2019-12-09T07:46:01.134+0000][1][safepoint    ] Entering safepoint region: Cleanup
[2019-12-09T07:46:01.134+0000][1][safepoint    ] Leaving safepoint region
[2019-12-09T07:46:01.134+0000][1][safepoint    ] Total time for which application threads were stopped: 0.0000851 seconds, Stopping threads took: 0.0000161 seconds
[2019-12-09T07:46:02.134+0000][1][safepoint    ] Application time: 1.0000733 seconds
[2019-12-09T07:46:02.134+0000][1][safepoint    ] Entering safepoint region: Cleanup
[2019-12-09T07:46:02.134+0000][1][safepoint    ] Leaving safepoint region
[2019-12-09T07:46:02.134+0000][1][safepoint    ] Total time for which application threads were stopped: 0.0000865 seconds, Stopping threads took: 0.0000162 seconds
[2019-12-09T07:46:03.134+0000][1][safepoint    ] Application time: 1.0000729 seconds
[2019-12-09T07:46:03.134+0000][1][safepoint    ] Entering safepoint region: Cleanup
[2019-12-09T07:46:03.134+0000][1][safepoint    ] Leaving safepoint region
[2019-12-09T07:46:03.134+0000][1][safepoint    ] Total time for which application threads were stopped: 0.0000808 seconds, Stopping threads took: 0.0000156 seconds
[2019-12-09T07:46:04.134+0000][1][safepoint    ] Application time: 1.0000727 seconds
[2019-12-09T07:46:04.134+0000][1][safepoint    ] Entering safepoint region: Cleanup
[2019-12-09T07:46:04.134+0000][1][safepoint    ] Leaving safepoint region
[2019-12-09T07:46:04.134+0000][1][safepoint    ] Total time for which application threads were stopped: 0.0000846 seconds, Stopping threads took: 0.0000166 seconds
[2019-12-09T07:46:05.134+0000][1][safepoint    ] Application time: 1.0000741 seconds
[2019-12-09T07:46:05.135+0000][1][safepoint    ] Entering safepoint region: Cleanup
[2019-12-09T07:46:05.135+0000][1][safepoint    ] Leaving safepoint region
[2019-12-09T07:46:05.135+0000][1][safepoint    ] Total time for which application threads were stopped: 0.0000989 seconds, Stopping threads took: 0.0000324 seconds
[2019-12-09T07:46:06.135+0000][1][safepoint    ] Application time: 1.0000829 seconds
[2019-12-09T07:46:06.135+0000][1][safepoint    ] Entering safepoint region: Cleanup
[2019-12-09T07:46:06.135+0000][1][safepoint    ] Leaving safepoint region
[2019-12-09T07:46:06.135+0000][1][safepoint    ] Total time for which application threads were stopped: 0.0000849 seconds, Stopping threads took: 0.0000154 seconds
[2019-12-09T07:46:07.135+0000][1][safepoint    ] Application time: 1.0000717 seconds
[2019-12-09T07:46:07.135+0000][1][safepoint    ] Entering safepoint region: Cleanup
[2019-12-09T07:46:07.135+0000][1][safepoint    ] Leaving safepoint region
[2019-12-09T07:46:07.135+0000][1][safepoint    ] Total time for which application threads were stopped: 0.0000809 seconds, Stopping threads took: 0.0000159 seconds
[2019-12-09T07:46:08.135+0000][1][safepoint    ] Application time: 1.0000740 seconds
[2019-12-09T07:46:08.135+0000][1][safepoint    ] Entering safepoint region: Cleanup
[2019-12-09T07:46:08.135+0000][1][safepoint    ] Leaving safepoint region
[2019-12-09T07:46:08.135+0000][1][safepoint    ] Total time for which application threads were stopped: 0.0000818 seconds, Stopping threads took: 0.0000153 seconds
[2019-12-09T07:46:09.135+0000][1][safepoint    ] Application time: 1.0000755 seconds
[2019-12-09T07:46:09.135+0000][1][safepoint    ] Entering safepoint region: Cleanup
[2019-12-09T07:46:09.135+0000][1][safepoint    ] Leaving safepoint region
[2019-12-09T07:46:09.135+0000][1][safepoint    ] Total time for which application threads were stopped: 0.0000859 seconds, Stopping threads took: 0.0000167 seconds
[2019-12-09T07:46:10.135+0000][1][safepoint    ] Application time: 1.0000738 seconds
[2019-12-09T07:46:10.135+0000][1][safepoint    ] Entering safepoint region: Cleanup
[2019-12-09T07:46:10.136+0000][1][safepoint    ] Leaving safepoint region
[2019-12-09T07:46:10.136+0000][1][safepoint    ] Total time for which application threads were stopped: 0.0000823 seconds, Stopping threads took: 0.0000169 seconds
[2019-12-09T07:46:11.136+0000][1][safepoint    ] Application time: 1.0000736 seconds
[2019-12-09T07:46:11.136+0000][1][safepoint    ] Entering safepoint region: Cleanup
[2019-12-09T07:46:11.136+0000][1][safepoint    ] Leaving safepoint region
[2019-12-09T07:46:11.136+0000][1][safepoint    ] Total time for which application threads were stopped: 0.0000972 seconds, Stopping threads took: 0.0000158 seconds
[2019-12-09T07:46:12.136+0000][1][safepoint    ] Application time: 1.0000752 seconds
[2019-12-09T07:46:12.136+0000][1][safepoint    ] Entering safepoint region: Cleanup
[2019-12-09T07:46:12.136+0000][1][safepoint    ] Leaving safepoint region
[2019-12-09T07:46:12.136+0000][1][safepoint    ] Total time for which application threads were stopped: 0.0000828 seconds, Stopping threads took: 0.0000157 seconds
[2019-12-09T07:46:13.136+0000][1][safepoint    ] Application time: 1.0000735 seconds
[2019-12-09T07:46:13.136+0000][1][safepoint    ] Entering safepoint region: Cleanup
[2019-12-09T07:46:13.136+0000][1][safepoint    ] Leaving safepoint region
[2019-12-09T07:46:13.136+0000][1][safepoint    ] Total time for which application threads were stopped: 0.0000854 seconds, Stopping threads took: 0.0000162 seconds
[2019-12-09T07:46:14.136+0000][1][safepoint    ] Application time: 1.0000748 seconds
[2019-12-09T07:46:14.136+0000][1][safepoint    ] Entering safepoint region: Cleanup
[2019-12-09T07:46:14.136+0000][1][safepoint    ] Leaving safepoint region
[2019-12-09T07:46:14.136+0000][1][safepoint    ] Total time for which application threads were stopped: 0.0000914 seconds, Stopping threads took: 0.0000216 seconds
[2019-12-09T07:46:15.136+0000][1][safepoint    ] Application time: 1.0000767 seconds
[2019-12-09T07:46:15.136+0000][1][safepoint    ] Entering safepoint region: Cleanup
[2019-12-09T07:46:15.137+0000][1][safepoint    ] Leaving safepoint region
[2019-12-09T07:46:15.137+0000][1][safepoint    ] Total time for which application threads were stopped: 0.0001508 seconds, Stopping threads took: 0.0000306 seconds
[2019-12-09T07:46:16.137+0000][1][safepoint    ] Application time: 1.0000752 seconds
[2019-12-09T07:46:16.137+0000][1][safepoint    ] Entering safepoint region: Cleanup
[2019-12-09T07:46:16.137+0000][1][safepoint    ] Leaving safepoint region
[2019-12-09T07:46:16.137+0000][1][safepoint    ] Total time for which application threads were stopped: 0.0001044 seconds, Stopping threads took: 0.0000165 seconds
[2019-12-09T07:46:17.137+0000][1][safepoint    ] Application time: 1.0000742 seconds
[2019-12-09T07:46:17.137+0000][1][safepoint    ] Entering safepoint region: Cleanup
[2019-12-09T07:46:17.137+0000][1][safepoint    ] Leaving safepoint region
[2019-12-09T07:46:17.137+0000][1][safepoint    ] Total time for which application threads were stopped: 0.0000819 seconds, Stopping threads took: 0.0000152 seconds
[2019-12-09T07:46:18.137+0000][1][safepoint    ] Application time: 1.0000734 seconds
[2019-12-09T07:46:18.137+0000][1][safepoint    ] Entering safepoint region: Cleanup
[2019-12-09T07:46:18.137+0000][1][safepoint    ] Leaving safepoint region
[2019-12-09T07:46:18.137+0000][1][safepoint    ] Total time for which application threads were stopped: 0.0000817 seconds, Stopping threads took: 0.0000154 seconds
[2019-12-09T07:46:19.137+0000][1][safepoint    ] Application time: 1.0000724 seconds
[2019-12-09T07:46:19.137+0000][1][safepoint    ] Entering safepoint region: Cleanup
[2019-12-09T07:46:19.137+0000][1][safepoint    ] Leaving safepoint region
[2019-12-09T07:46:19.137+0000][1][safepoint    ] Total time for which application threads were stopped: 0.0000810 seconds, Stopping threads took: 0.0000154 seconds
[2019-12-09T07:46:20.137+0000][1][safepoint    ] Application time: 1.0000746 seconds
[2019-12-09T07:46:20.137+0000][1][safepoint    ] Entering safepoint region: Cleanup
[2019-12-09T07:46:20.138+0000][1][safepoint    ] Leaving safepoint region
[2019-12-09T07:46:20.138+0000][1][safepoint    ] Total time for which application threads were stopped: 0.0000808 seconds, Stopping threads took: 0.0000147 seconds
[2019-12-09T07:46:21.138+0000][1][safepoint    ] Application time: 1.0000734 seconds
[2019-12-09T07:46:21.138+0000][1][safepoint    ] Entering safepoint region: Cleanup
[2019-12-09T07:46:21.138+0000][1][safepoint    ] Leaving safepoint region
[2019-12-09T07:46:21.138+0000][1][safepoint    ] Total time for which application threads were stopped: 0.0000980 seconds, Stopping threads took: 0.0000171 seconds
[2019-12-09T07:46:22.138+0000][1][safepoint    ] Application time: 1.0000754 seconds
[2019-12-09T07:46:22.138+0000][1][safepoint    ] Entering safepoint region: Cleanup
[2019-12-09T07:46:22.138+0000][1][safepoint    ] Leaving safepoint region
[2019-12-09T07:46:22.138+0000][1][safepoint    ] Total time for which application threads were stopped: 0.0000869 seconds, Stopping threads took: 0.0000173 seconds
[2019-12-09T07:46:23.138+0000][1][safepoint    ] Application time: 1.0000744 seconds
[2019-12-09T07:46:23.138+0000][1][safepoint    ] Entering safepoint region: Cleanup
[2019-12-09T07:46:23.138+0000][1][safepoint    ] Leaving safepoint region
[2019-12-09T07:46:23.138+0000][1][safepoint    ] Total time for which application threads were stopped: 0.0000882 seconds, Stopping threads took: 0.0000171 seconds
[2019-12-09T07:46:24.138+0000][1][safepoint    ] Application time: 1.0000748 seconds
[2019-12-09T07:46:24.138+0000][1][safepoint    ] Entering safepoint region: Cleanup
[2019-12-09T07:46:24.138+0000][1][safepoint    ] Leaving safepoint region
[2019-12-09T07:46:24.138+0000][1][safepoint    ] Total time for which application threads were stopped: 0.0000834 seconds, Stopping threads took: 0.0000172 seconds
[2019-12-09T07:46:25.138+0000][1][safepoint    ] Application time: 1.0000732 seconds
[2019-12-09T07:46:25.138+0000][1][safepoint    ] Entering safepoint region: Cleanup
[2019-12-09T07:46:25.139+0000][1][safepoint    ] Leaving safepoint region
[2019-12-09T07:46:25.139+0000][1][safepoint    ] Total time for which application threads were stopped: 0.0000953 seconds, Stopping threads took: 0.0000246 seconds
[2019-12-09T07:46:26.139+0000][1][safepoint    ] Application time: 1.0000759 seconds
[2019-12-09T07:46:26.139+0000][1][safepoint    ] Entering safepoint region: Cleanup
[2019-12-09T07:46:26.139+0000][1][safepoint    ] Leaving safepoint region
[2019-12-09T07:46:26.139+0000][1][safepoint    ] Total time for which application threads were stopped: 0.0000942 seconds, Stopping threads took: 0.0000159 seconds
[2019-12-09T07:46:27.139+0000][1][safepoint    ] Application time: 1.0000747 seconds
[2019-12-09T07:46:27.139+0000][1][safepoint    ] Entering safepoint region: Cleanup
[2019-12-09T07:46:27.139+0000][1][safepoint    ] Leaving safepoint region
[2019-12-09T07:46:27.139+0000][1][safepoint    ] Total time for which application threads were stopped: 0.0000824 seconds, Stopping threads took: 0.0000162 seconds
[2019-12-09T07:46:28.139+0000][1][safepoint    ] Application time: 1.0000737 seconds
[2019-12-09T07:46:28.139+0000][1][safepoint    ] Entering safepoint region: Cleanup
[2019-12-09T07:46:28.139+0000][1][safepoint    ] Leaving safepoint region
[2019-12-09T07:46:28.139+0000][1][safepoint    ] Total time for which application threads were stopped: 0.0000845 seconds, Stopping threads took: 0.0000165 seconds
[2019-12-09T07:46:29.139+0000][1][safepoint    ] Application time: 1.0000721 seconds
[2019-12-09T07:46:29.139+0000][1][safepoint    ] Entering safepoint region: Cleanup
[2019-12-09T07:46:29.139+0000][1][safepoint    ] Leaving safepoint region
[2019-12-09T07:46:29.139+0000][1][safepoint    ] Total time for which application threads were stopped: 0.0000919 seconds, Stopping threads took: 0.0000210 seconds
[2019-12-09T07:46:30.139+0000][1][safepoint    ] Application time: 1.0000737 seconds
[2019-12-09T07:46:30.139+0000][1][safepoint    ] Entering safepoint region: Cleanup
[2019-12-09T07:46:30.139+0000][1][safepoint    ] Leaving safepoint region
[2019-12-09T07:46:30.139+0000][1][safepoint    ] Total time for which application threads were stopped: 0.0000845 seconds, Stopping threads took: 0.0000168 seconds
[2019-12-09T07:46:31.140+0000][1][safepoint    ] Application time: 1.0000778 seconds
[2019-12-09T07:46:31.140+0000][1][safepoint    ] Entering safepoint region: Cleanup
[2019-12-09T07:46:31.140+0000][1][safepoint    ] Leaving safepoint region
[2019-12-09T07:46:31.140+0000][1][safepoint    ] Total time for which application threads were stopped: 0.0000844 seconds, Stopping threads took: 0.0000169 seconds
[2019-12-09T07:46:32.140+0000][1][safepoint    ] Application time: 1.0000731 seconds
[2019-12-09T07:46:32.140+0000][1][safepoint    ] Entering safepoint region: Cleanup
[2019-12-09T07:46:32.140+0000][1][safepoint    ] Leaving safepoint region
[2019-12-09T07:46:32.140+0000][1][safepoint    ] Total time for which application threads were stopped: 0.0000821 seconds, Stopping threads took: 0.0000160 seconds
[2019-12-09T07:46:33.140+0000][1][safepoint    ] Application time: 1.0000721 seconds
[2019-12-09T07:46:33.140+0000][1][safepoint    ] Entering safepoint region: Cleanup
[2019-12-09T07:46:33.140+0000][1][safepoint    ] Leaving safepoint region
[2019-12-09T07:46:33.140+0000][1][safepoint    ] Total time for which application threads were stopped: 0.0000822 seconds, Stopping threads took: 0.0000152 seconds
[2019-12-09T07:46:34.140+0000][1][safepoint    ] Application time: 1.0000728 seconds
[2019-12-09T07:46:34.140+0000][1][safepoint    ] Entering safepoint region: Cleanup
[2019-12-09T07:46:34.140+0000][1][safepoint    ] Leaving safepoint region
[2019-12-09T07:46:34.140+0000][1][safepoint    ] Total time for which application threads were stopped: 0.0000824 seconds, Stopping threads took: 0.0000153 seconds
[2019-12-09T07:46:35.140+0000][1][safepoint    ] Application time: 1.0000730 seconds
[2019-12-09T07:46:35.140+0000][1][safepoint    ] Entering safepoint region: Cleanup
[2019-12-09T07:46:35.140+0000][1][safepoint    ] Leaving safepoint region
[2019-12-09T07:46:35.140+0000][1][safepoint    ] Total time for which application threads were stopped: 0.0000908 seconds, Stopping threads took: 0.0000156 seconds
[2019-12-09T07:46:36.140+0000][1][safepoint    ] Application time: 1.0000769 seconds
[2019-12-09T07:46:36.141+0000][1][safepoint    ] Entering safepoint region: Cleanup
[2019-12-09T07:46:36.141+0000][1][safepoint    ] Leaving safepoint region
[2019-12-09T07:46:36.141+0000][1][safepoint    ] Total time for which application threads were stopped: 0.0000984 seconds, Stopping threads took: 0.0000189 seconds
[2019-12-09T07:46:37.141+0000][1][safepoint    ] Application time: 1.0000742 seconds
[2019-12-09T07:46:37.141+0000][1][safepoint    ] Entering safepoint region: Cleanup
[2019-12-09T07:46:37.141+0000][1][safepoint    ] Leaving safepoint region
[2019-12-09T07:46:37.141+0000][1][safepoint    ] Total time for which application threads were stopped: 0.0000879 seconds, Stopping threads took: 0.0000181 seconds
[2019-12-09T07:46:38.141+0000][1][safepoint    ] Application time: 1.0000751 seconds
[2019-12-09T07:46:38.141+0000][1][safepoint    ] Entering safepoint region: Cleanup
[2019-12-09T07:46:38.141+0000][1][safepoint    ] Leaving safepoint region
[2019-12-09T07:46:38.141+0000][1][safepoint    ] Total time for which application threads were stopped: 0.0000892 seconds, Stopping threads took: 0.0000173 seconds
[2019-12-09T07:46:39.141+0000][1][safepoint    ] Application time: 1.0000731 seconds
[2019-12-09T07:46:39.141+0000][1][safepoint    ] Entering safepoint region: Cleanup
[2019-12-09T07:46:39.141+0000][1][safepoint    ] Leaving safepoint region
[2019-12-09T07:46:39.141+0000][1][safepoint    ] Total time for which application threads were stopped: 0.0000892 seconds, Stopping threads took: 0.0000177 seconds
[2019-12-09T07:46:40.141+0000][1][safepoint    ] Application time: 1.0000742 seconds
[2019-12-09T07:46:40.141+0000][1][safepoint    ] Entering safepoint region: Cleanup
[2019-12-09T07:46:40.141+0000][1][safepoint    ] Leaving safepoint region
[2019-12-09T07:46:40.141+0000][1][safepoint    ] Total time for which application threads were stopped: 0.0000865 seconds, Stopping threads took: 0.0000185 seconds
[2019-12-09T07:46:41.142+0000][1][safepoint    ] Application time: 1.0000781 seconds
[2019-12-09T07:46:41.142+0000][1][safepoint    ] Entering safepoint region: Cleanup
[2019-12-09T07:46:41.142+0000][1][safepoint    ] Leaving safepoint region
[2019-12-09T07:46:41.142+0000][1][safepoint    ] Total time for which application threads were stopped: 0.0000890 seconds, Stopping threads took: 0.0000175 seconds
[2019-12-09T07:46:42.142+0000][1][safepoint    ] Application time: 1.0000754 seconds
[2019-12-09T07:46:42.142+0000][1][safepoint    ] Entering safepoint region: Cleanup
[2019-12-09T07:46:42.142+0000][1][safepoint    ] Leaving safepoint region
[2019-12-09T07:46:42.142+0000][1][safepoint    ] Total time for which application threads were stopped: 0.0000888 seconds, Stopping threads took: 0.0000174 seconds
[2019-12-09T07:46:43.142+0000][1][safepoint    ] Application time: 1.0000741 seconds
[2019-12-09T07:46:43.142+0000][1][safepoint    ] Entering safepoint region: Cleanup
[2019-12-09T07:46:43.142+0000][1][safepoint    ] Leaving safepoint region
[2019-12-09T07:46:43.142+0000][1][safepoint    ] Total time for which application threads were stopped: 0.0000902 seconds, Stopping threads took: 0.0000177 seconds
[2019-12-09T07:46:44.142+0000][1][safepoint    ] Application time: 1.0000740 seconds
[2019-12-09T07:46:44.142+0000][1][safepoint    ] Entering safepoint region: Cleanup
[2019-12-09T07:46:44.142+0000][1][safepoint    ] Leaving safepoint region
[2019-12-09T07:46:44.142+0000][1][safepoint    ] Total time for which application threads were stopped: 0.0000874 seconds, Stopping threads took: 0.0000176 seconds
[2019-12-09T07:46:45.142+0000][1][safepoint    ] Application time: 1.0000720 seconds
[2019-12-09T07:46:45.142+0000][1][safepoint    ] Entering safepoint region: Cleanup
[2019-12-09T07:46:45.142+0000][1][safepoint    ] Leaving safepoint region
[2019-12-09T07:46:45.142+0000][1][safepoint    ] Total time for which application threads were stopped: 0.0001143 seconds, Stopping threads took: 0.0000171 seconds
[2019-12-09T07:46:46.143+0000][1][safepoint    ] Application time: 1.0000777 seconds
[2019-12-09T07:46:46.143+0000][1][safepoint    ] Entering safepoint region: Cleanup
[2019-12-09T07:46:46.143+0000][1][safepoint    ] Leaving safepoint region
[2019-12-09T07:46:46.143+0000][1][safepoint    ] Total time for which application threads were stopped: 0.0001042 seconds, Stopping threads took: 0.0000208 seconds
[2019-12-09T07:46:47.143+0000][1][safepoint    ] Application time: 1.0000752 seconds
[2019-12-09T07:46:47.143+0000][1][safepoint    ] Entering safepoint region: Cleanup
[2019-12-09T07:46:47.143+0000][1][safepoint    ] Leaving safepoint region
[2019-12-09T07:46:47.143+0000][1][safepoint    ] Total time for which application threads were stopped: 0.0000868 seconds, Stopping threads took: 0.0000177 seconds
[2019-12-09T07:46:48.143+0000][1][safepoint    ] Application time: 1.0000742 seconds
[2019-12-09T07:46:48.143+0000][1][safepoint    ] Entering safepoint region: Cleanup
[2019-12-09T07:46:48.143+0000][1][safepoint    ] Leaving safepoint region
[2019-12-09T07:46:48.143+0000][1][safepoint    ] Total time for which application threads were stopped: 0.0000889 seconds, Stopping threads took: 0.0000177 seconds
[2019-12-09T07:46:49.143+0000][1][safepoint    ] Application time: 1.0000716 seconds
[2019-12-09T07:46:49.143+0000][1][safepoint    ] Entering safepoint region: Cleanup
[2019-12-09T07:46:49.143+0000][1][safepoint    ] Leaving safepoint region
[2019-12-09T07:46:49.143+0000][1][safepoint    ] Total time for which application threads were stopped: 0.0000887 seconds, Stopping threads took: 0.0000175 seconds
[2019-12-09T07:46:50.143+0000][1][safepoint    ] Application time: 1.0000793 seconds
[2019-12-09T07:46:50.143+0000][1][safepoint    ] Entering safepoint region: Cleanup
[2019-12-09T07:46:50.144+0000][1][safepoint    ] Leaving safepoint region
[2019-12-09T07:46:50.144+0000][1][safepoint    ] Total time for which application threads were stopped: 0.0000907 seconds, Stopping threads took: 0.0000182 seconds
[2019-12-09T07:46:51.144+0000][1][safepoint    ] Application time: 1.0000798 seconds
[2019-12-09T07:46:51.144+0000][1][safepoint    ] Entering safepoint region: Cleanup
[2019-12-09T07:46:51.144+0000][1][safepoint    ] Leaving safepoint region
[2019-12-09T07:46:51.144+0000][1][safepoint    ] Total time for which application threads were stopped: 0.0001368 seconds, Stopping threads took: 0.0000420 seconds
[2019-12-09T07:46:52.144+0000][1][safepoint    ] Application time: 1.0000767 seconds
[2019-12-09T07:46:52.144+0000][1][safepoint    ] Entering safepoint region: Cleanup
[2019-12-09T07:46:52.144+0000][1][safepoint    ] Leaving safepoint region
[2019-12-09T07:46:52.144+0000][1][safepoint    ] Total time for which application threads were stopped: 0.0000855 seconds, Stopping threads took: 0.0000172 seconds
[2019-12-09T07:46:53.144+0000][1][safepoint    ] Application time: 1.0000757 seconds
[2019-12-09T07:46:53.144+0000][1][safepoint    ] Entering safepoint region: Cleanup
[2019-12-09T07:46:53.144+0000][1][safepoint    ] Leaving safepoint region
[2019-12-09T07:46:53.144+0000][1][safepoint    ] Total time for which application threads were stopped: 0.0000881 seconds, Stopping threads took: 0.0000165 seconds
[2019-12-09T07:46:54.144+0000][1][safepoint    ] Application time: 1.0000746 seconds
[2019-12-09T07:46:54.144+0000][1][safepoint    ] Entering safepoint region: Cleanup
[2019-12-09T07:46:54.144+0000][1][safepoint    ] Leaving safepoint region
[2019-12-09T07:46:54.144+0000][1][safepoint    ] Total time for which application threads were stopped: 0.0000876 seconds, Stopping threads took: 0.0000167 seconds
[2019-12-09T07:46:55.145+0000][1][safepoint    ] Application time: 1.0000738 seconds
[2019-12-09T07:46:55.145+0000][1][safepoint    ] Entering safepoint region: Cleanup
[2019-12-09T07:46:55.145+0000][1][safepoint    ] Leaving safepoint region
[2019-12-09T07:46:55.145+0000][1][safepoint    ] Total time for which application threads were stopped: 0.0001002 seconds, Stopping threads took: 0.0000184 seconds
[2019-12-09T07:46:56.145+0000][1][safepoint    ] Application time: 1.0000762 seconds
[2019-12-09T07:46:56.145+0000][1][safepoint    ] Entering safepoint region: Cleanup
[2019-12-09T07:46:56.145+0000][1][safepoint    ] Leaving safepoint region
[2019-12-09T07:46:56.145+0000][1][safepoint    ] Total time for which application threads were stopped: 0.0000892 seconds, Stopping threads took: 0.0000176 seconds
[2019-12-09T07:46:57.145+0000][1][safepoint    ] Application time: 1.0000736 seconds
[2019-12-09T07:46:57.145+0000][1][safepoint    ] Entering safepoint region: Cleanup
[2019-12-09T07:46:57.145+0000][1][safepoint    ] Leaving safepoint region
[2019-12-09T07:46:57.145+0000][1][safepoint    ] Total time for which application threads were stopped: 0.0000898 seconds, Stopping threads took: 0.0000170 seconds
[2019-12-09T07:46:58.145+0000][1][safepoint    ] Application time: 1.0000733 seconds
[2019-12-09T07:46:58.145+0000][1][safepoint    ] Entering safepoint region: Cleanup
[2019-12-09T07:46:58.145+0000][1][safepoint    ] Leaving safepoint region
[2019-12-09T07:46:58.145+0000][1][safepoint    ] Total time for which application threads were stopped: 0.0000882 seconds, Stopping threads took: 0.0000166 seconds
[2019-12-09T07:46:59.145+0000][1][safepoint    ] Application time: 1.0000732 seconds
[2019-12-09T07:46:59.145+0000][1][safepoint    ] Entering safepoint region: Cleanup
[2019-12-09T07:46:59.145+0000][1][safepoint    ] Leaving safepoint region
[2019-12-09T07:46:59.145+0000][1][safepoint    ] Total time for which application threads were stopped: 0.0000884 seconds, Stopping threads took: 0.0000172 seconds
[2019-12-09T07:47:00.146+0000][1][safepoint    ] Application time: 1.0000742 seconds
[2019-12-09T07:47:00.146+0000][1][safepoint    ] Entering safepoint region: Cleanup
[2019-12-09T07:47:00.146+0000][1][safepoint    ] Leaving safepoint region
[2019-12-09T07:47:00.146+0000][1][safepoint    ] Total time for which application threads were stopped: 0.0001145 seconds, Stopping threads took: 0.0000257 seconds
[2019-12-09T07:47:01.146+0000][1][safepoint    ] Application time: 1.0000751 seconds
[2019-12-09T07:47:01.146+0000][1][safepoint    ] Entering safepoint region: Cleanup
[2019-12-09T07:47:01.146+0000][1][safepoint    ] Leaving safepoint region
[2019-12-09T07:47:01.146+0000][1][safepoint    ] Total time for which application threads were stopped: 0.0000878 seconds, Stopping threads took: 0.0000168 seconds
[2019-12-09T07:47:02.146+0000][1][safepoint    ] Application time: 1.0000751 seconds
[2019-12-09T07:47:02.146+0000][1][safepoint    ] Entering safepoint region: Cleanup
[2019-12-09T07:47:02.146+0000][1][safepoint    ] Leaving safepoint region
[2019-12-09T07:47:02.146+0000][1][safepoint    ] Total time for which application threads were stopped: 0.0000886 seconds, Stopping threads took: 0.0000165 seconds
[2019-12-09T07:47:03.146+0000][1][safepoint    ] Application time: 1.0000746 seconds
[2019-12-09T07:47:03.146+0000][1][safepoint    ] Entering safepoint region: Cleanup
[2019-12-09T07:47:03.146+0000][1][safepoint    ] Leaving safepoint region
[2019-12-09T07:47:03.146+0000][1][safepoint    ] Total time for which application threads were stopped: 0.0000886 seconds, Stopping threads took: 0.0000174 seconds
[2019-12-09T07:47:04.146+0000][1][safepoint    ] Application time: 1.0000741 seconds
[2019-12-09T07:47:04.146+0000][1][safepoint    ] Entering safepoint region: Cleanup
[2019-12-09T07:47:04.147+0000][1][safepoint    ] Leaving safepoint region
[2019-12-09T07:47:04.147+0000][1][safepoint    ] Total time for which application threads were stopped: 0.0000870 seconds, Stopping threads took: 0.0000170 seconds
[2019-12-09T07:47:05.147+0000][1][safepoint    ] Application time: 1.0000753 seconds
[2019-12-09T07:47:05.147+0000][1][safepoint    ] Entering safepoint region: Cleanup
[2019-12-09T07:47:05.147+0000][1][safepoint    ] Leaving safepoint region
[2019-12-09T07:47:05.147+0000][1][safepoint    ] Total time for which application threads were stopped: 0.0000996 seconds, Stopping threads took: 0.0000291 seconds
[2019-12-09T07:47:06.147+0000][1][safepoint    ] Application time: 1.0000756 seconds
[2019-12-09T07:47:06.147+0000][1][safepoint    ] Entering safepoint region: Cleanup
[2019-12-09T07:47:06.147+0000][1][safepoint    ] Leaving safepoint region
[2019-12-09T07:47:06.147+0000][1][safepoint    ] Total time for which application threads were stopped: 0.0000867 seconds, Stopping threads took: 0.0000168 seconds
[2019-12-09T07:47:07.147+0000][1][safepoint    ] Application time: 1.0000754 seconds
[2019-12-09T07:47:07.147+0000][1][safepoint    ] Entering safepoint region: Cleanup
[2019-12-09T07:47:07.147+0000][1][safepoint    ] Leaving safepoint region
[2019-12-09T07:47:07.147+0000][1][safepoint    ] Total time for which application threads were stopped: 0.0000897 seconds, Stopping threads took: 0.0000181 seconds
[2019-12-09T07:47:08.147+0000][1][safepoint    ] Application time: 1.0000743 seconds
[2019-12-09T07:47:08.147+0000][1][safepoint    ] Entering safepoint region: Cleanup
[2019-12-09T07:47:08.147+0000][1][safepoint    ] Leaving safepoint region
[2019-12-09T07:47:08.147+0000][1][safepoint    ] Total time for which application threads were stopped: 0.0000873 seconds, Stopping threads took: 0.0000165 seconds
[2019-12-09T07:47:09.147+0000][1][safepoint    ] Application time: 1.0000751 seconds
[2019-12-09T07:47:09.148+0000][1][safepoint    ] Entering safepoint region: Cleanup
[2019-12-09T07:47:09.148+0000][1][safepoint    ] Leaving safepoint region
[2019-12-09T07:47:09.148+0000][1][safepoint    ] Total time for which application threads were stopped: 0.0000871 seconds, Stopping threads took: 0.0000176 seconds
[2019-12-09T07:47:10.148+0000][1][safepoint    ] Application time: 1.0000860 seconds
[2019-12-09T07:47:10.148+0000][1][safepoint    ] Entering safepoint region: Cleanup
[2019-12-09T07:47:10.148+0000][1][safepoint    ] Leaving safepoint region
[2019-12-09T07:47:10.148+0000][1][safepoint    ] Total time for which application threads were stopped: 0.0000875 seconds, Stopping threads took: 0.0000159 seconds
[2019-12-09T07:47:11.148+0000][1][safepoint    ] Application time: 1.0000760 seconds
[2019-12-09T07:47:11.148+0000][1][safepoint    ] Entering safepoint region: Cleanup
[2019-12-09T07:47:11.148+0000][1][safepoint    ] Leaving safepoint region
[2019-12-09T07:47:11.148+0000][1][safepoint    ] Total time for which application threads were stopped: 0.0000916 seconds, Stopping threads took: 0.0000178 seconds
[2019-12-09T07:47:12.767+0000][1][safepoint    ] Application time: 1.6190844 seconds
[2019-12-09T07:47:12.767+0000][1][safepoint    ] Entering safepoint region: Cleanup
[2019-12-09T07:47:12.767+0000][1][safepoint    ] Leaving safepoint region
[2019-12-09T07:47:12.767+0000][1][safepoint    ] Total time for which application threads were stopped: 0.0000893 seconds, Stopping threads took: 0.0000154 seconds
[2019-12-09T07:47:13.767+0000][1][safepoint    ] Application time: 1.0000766 seconds
[2019-12-09T07:47:13.767+0000][1][safepoint    ] Entering safepoint region: Cleanup
[2019-12-09T07:47:13.767+0000][1][safepoint    ] Leaving safepoint region
[2019-12-09T07:47:13.767+0000][1][safepoint    ] Total time for which application threads were stopped: 0.0001090 seconds, Stopping threads took: 0.0000181 seconds
[2019-12-09T07:47:14.768+0000][1][safepoint    ] Application time: 1.0000746 seconds
[2019-12-09T07:47:14.768+0000][1][safepoint    ] Entering safepoint region: Cleanup
[2019-12-09T07:47:14.768+0000][1][safepoint    ] Leaving safepoint region
[2019-12-09T07:47:14.768+0000][1][safepoint    ] Total time for which application threads were stopped: 0.0001432 seconds, Stopping threads took: 0.0000314 seconds
[2019-12-09T07:47:15.768+0000][1][safepoint    ] Application time: 1.0000775 seconds
[2019-12-09T07:47:15.768+0000][1][safepoint    ] Entering safepoint region: Cleanup
[2019-12-09T07:47:15.768+0000][1][safepoint    ] Leaving safepoint region
[2019-12-09T07:47:15.768+0000][1][safepoint    ] Total time for which application threads were stopped: 0.0000999 seconds, Stopping threads took: 0.0000242 seconds
[2019-12-09T07:47:16.768+0000][1][safepoint    ] Application time: 1.0000807 seconds
[2019-12-09T07:47:16.768+0000][1][safepoint    ] Entering safepoint region: Cleanup
[2019-12-09T07:47:16.768+0000][1][safepoint    ] Leaving safepoint region
[2019-12-09T07:47:16.768+0000][1][safepoint    ] Total time for which application threads were stopped: 0.0000945 seconds, Stopping threads took: 0.0000198 seconds
[2019-12-09T07:47:17.768+0000][1][safepoint    ] Application time: 1.0000860 seconds
[2019-12-09T07:47:17.768+0000][1][safepoint    ] Entering safepoint region: Cleanup
[2019-12-09T07:47:17.768+0000][1][safepoint    ] Leaving safepoint region
[2019-12-09T07:47:17.768+0000][1][safepoint    ] Total time for which application threads were stopped: 0.0000982 seconds, Stopping threads took: 0.0000233 seconds
[2019-12-09T07:47:18.768+0000][1][safepoint    ] Application time: 1.0000894 seconds
[2019-12-09T07:47:18.769+0000][1][safepoint    ] Entering safepoint region: Cleanup
[2019-12-09T07:47:18.769+0000][1][safepoint    ] Leaving safepoint region
[2019-12-09T07:47:18.769+0000][1][safepoint    ] Total time for which application threads were stopped: 0.0000982 seconds, Stopping threads took: 0.0000203 seconds
[2019-12-09T07:47:19.769+0000][1][safepoint    ] Application time: 1.0000779 seconds
[2019-12-09T07:47:19.769+0000][1][safepoint    ] Entering safepoint region: Cleanup
[2019-12-09T07:47:19.769+0000][1][safepoint    ] Leaving safepoint region
[2019-12-09T07:47:19.769+0000][1][safepoint    ] Total time for which application threads were stopped: 0.0001011 seconds, Stopping threads took: 0.0000256 seconds
[2019-12-09T07:47:20.769+0000][1][safepoint    ] Application time: 1.0000799 seconds
[2019-12-09T07:47:20.769+0000][1][safepoint    ] Entering safepoint region: Cleanup
[2019-12-09T07:47:20.769+0000][1][safepoint    ] Leaving safepoint region
[2019-12-09T07:47:20.769+0000][1][safepoint    ] Total time for which application threads were stopped: 0.0000929 seconds, Stopping threads took: 0.0000194 seconds
[2019-12-09T07:47:21.769+0000][1][safepoint    ] Application time: 1.0000791 seconds
[2019-12-09T07:47:21.769+0000][1][safepoint    ] Entering safepoint region: Cleanup
[2019-12-09T07:47:21.769+0000][1][safepoint    ] Leaving safepoint region
[2019-12-09T07:47:21.769+0000][1][safepoint    ] Total time for which application threads were stopped: 0.0001055 seconds, Stopping threads took: 0.0000185 seconds
[2019-12-09T07:47:22.769+0000][1][safepoint    ] Application time: 1.0000861 seconds
[2019-12-09T07:47:22.769+0000][1][safepoint    ] Entering safepoint region: Cleanup
[2019-12-09T07:47:22.770+0000][1][safepoint    ] Leaving safepoint region
[2019-12-09T07:47:22.770+0000][1][safepoint    ] Total time for which application threads were stopped: 0.0001330 seconds, Stopping threads took: 0.0000578 seconds
[2019-12-09T07:47:23.770+0000][1][safepoint    ] Application time: 1.0000829 seconds
[2019-12-09T07:47:23.770+0000][1][safepoint    ] Entering safepoint region: Cleanup
[2019-12-09T07:47:23.770+0000][1][safepoint    ] Leaving safepoint region
[2019-12-09T07:47:23.770+0000][1][safepoint    ] Total time for which application threads were stopped: 0.0001044 seconds, Stopping threads took: 0.0000330 seconds
[2019-12-09T07:47:24.770+0000][1][safepoint    ] Application time: 1.0000756 seconds
[2019-12-09T07:47:24.770+0000][1][safepoint    ] Entering safepoint region: Cleanup
[2019-12-09T07:47:24.770+0000][1][safepoint    ] Leaving safepoint region
[2019-12-09T07:47:24.770+0000][1][safepoint    ] Total time for which application threads were stopped: 0.0000921 seconds, Stopping threads took: 0.0000196 seconds
[2019-12-09T07:47:25.770+0000][1][safepoint    ] Application time: 1.0000757 seconds
[2019-12-09T07:47:25.770+0000][1][safepoint    ] Entering safepoint region: Cleanup
[2019-12-09T07:47:25.770+0000][1][safepoint    ] Leaving safepoint region
[2019-12-09T07:47:25.770+0000][1][safepoint    ] Total time for which application threads were stopped: 0.0000932 seconds, Stopping threads took: 0.0000195 seconds
[2019-12-09T07:47:26.770+0000][1][safepoint    ] Application time: 1.0000758 seconds
[2019-12-09T07:47:26.770+0000][1][safepoint    ] Entering safepoint region: Cleanup
[2019-12-09T07:47:26.770+0000][1][safepoint    ] Leaving safepoint region
[2019-12-09T07:47:26.770+0000][1][safepoint    ] Total time for which application threads were stopped: 0.0000890 seconds, Stopping threads took: 0.0000191 seconds
[2019-12-09T07:47:27.770+0000][1][safepoint    ] Application time: 1.0000749 seconds
[2019-12-09T07:47:27.771+0000][1][safepoint    ] Entering safepoint region: Cleanup
[2019-12-09T07:47:27.771+0000][1][safepoint    ] Leaving safepoint region
[2019-12-09T07:47:27.771+0000][1][safepoint    ] Total time for which application threads were stopped: 0.0000893 seconds, Stopping threads took: 0.0000188 seconds
[2019-12-09T07:47:28.771+0000][1][safepoint    ] Application time: 1.0000872 seconds
[2019-12-09T07:47:28.771+0000][1][safepoint    ] Entering safepoint region: Cleanup
[2019-12-09T07:47:28.771+0000][1][safepoint    ] Leaving safepoint region
[2019-12-09T07:47:28.771+0000][1][safepoint    ] Total time for which application threads were stopped: 0.0000877 seconds, Stopping threads took: 0.0000177 seconds
[2019-12-09T07:47:29.771+0000][1][safepoint    ] Application time: 1.0000769 seconds
[2019-12-09T07:47:29.771+0000][1][safepoint    ] Entering safepoint region: Cleanup
[2019-12-09T07:47:29.771+0000][1][safepoint    ] Leaving safepoint region
[2019-12-09T07:47:29.771+0000][1][safepoint    ] Total time for which application threads were stopped: 0.0000905 seconds, Stopping threads took: 0.0000186 seconds
[2019-12-09T07:47:30.771+0000][1][safepoint    ] Application time: 1.0000788 seconds
[2019-12-09T07:47:30.771+0000][1][safepoint    ] Entering safepoint region: Cleanup
[2019-12-09T07:47:30.771+0000][1][safepoint    ] Leaving safepoint region
[2019-12-09T07:47:30.771+0000][1][safepoint    ] Total time for which application threads were stopped: 0.0000900 seconds, Stopping threads took: 0.0000190 seconds
[2019-12-09T07:47:31.771+0000][1][safepoint    ] Application time: 1.0000773 seconds
[2019-12-09T07:47:31.771+0000][1][safepoint    ] Entering safepoint region: Cleanup
[2019-12-09T07:47:31.771+0000][1][safepoint    ] Leaving safepoint region
[2019-12-09T07:47:31.771+0000][1][safepoint    ] Total time for which application threads were stopped: 0.0000902 seconds, Stopping threads took: 0.0000192 seconds
[2019-12-09T07:47:32.772+0000][1][safepoint    ] Application time: 1.0000763 seconds
[2019-12-09T07:47:32.772+0000][1][safepoint    ] Entering safepoint region: Cleanup
[2019-12-09T07:47:32.772+0000][1][safepoint    ] Leaving safepoint region
[2019-12-09T07:47:32.772+0000][1][safepoint    ] Total time for which application threads were stopped: 0.0000910 seconds, Stopping threads took: 0.0000189 seconds
[2019-12-09T07:47:32.775+0000][1][safepoint    ] Application time: 0.0030030 seconds
[2019-12-09T07:47:32.775+0000][1][safepoint    ] Entering safepoint region: GenCollectForAllocation
[2019-12-09T07:47:32.775+0000][1][gc,start     ] GC(52) Pause Young (Allocation Failure)
[2019-12-09T07:47:32.775+0000][1][gc,task      ] GC(52) Using 2 workers of 2 for evacuation
[2019-12-09T07:47:32.776+0000][1][gc,age       ] GC(52) Desired survivor size 4456448 bytes, new threshold 6 (max threshold 6)
[2019-12-09T07:47:32.776+0000][1][gc,age       ] GC(52) Age table with threshold 6 (max threshold 6)
[2019-12-09T07:47:32.776+0000][1][gc,age       ] GC(52) - age   1:       9616 bytes,       9616 total
[2019-12-09T07:47:32.776+0000][1][gc,age       ] GC(52) - age   2:       1112 bytes,      10728 total
[2019-12-09T07:47:32.776+0000][1][gc,age       ] GC(52) - age   3:      12104 bytes,      22832 total
[2019-12-09T07:47:32.776+0000][1][gc,age       ] GC(52) - age   4:       2936 bytes,      25768 total
[2019-12-09T07:47:32.776+0000][1][gc,age       ] GC(52) - age   6:        744 bytes,      26512 total
[2019-12-09T07:47:32.776+0000][1][gc,heap      ] GC(52) ParNew: 69997K->35K(78656K)
[2019-12-09T07:47:32.776+0000][1][gc,heap      ] GC(52) CMS: 75166K->75168K(174784K)
[2019-12-09T07:47:32.776+0000][1][gc,metaspace ] GC(52) Metaspace: 79229K->79229K(1122304K)
[2019-12-09T07:47:32.776+0000][1][gc           ] GC(52) Pause Young (Allocation Failure) 141M->73M(247M) 1.654ms
[2019-12-09T07:47:32.776+0000][1][gc,cpu       ] GC(52) User=0.00s Sys=0.00s Real=0.00s
[2019-12-09T07:47:32.776+0000][1][safepoint    ] Leaving safepoint region
[2019-12-09T07:47:32.776+0000][1][safepoint    ] Total time for which application threads were stopped: 0.0018091 seconds, Stopping threads took: 0.0000268 seconds
[2019-12-09T07:47:33.777+0000][1][safepoint    ] Application time: 1.0000883 seconds
[2019-12-09T07:47:33.777+0000][1][safepoint    ] Entering safepoint region: Cleanup
[2019-12-09T07:47:33.777+0000][1][safepoint    ] Leaving safepoint region
[2019-12-09T07:47:33.777+0000][1][safepoint    ] Total time for which application threads were stopped: 0.0000982 seconds, Stopping threads took: 0.0000180 seconds
[2019-12-09T07:47:34.777+0000][1][safepoint    ] Application time: 1.0000722 seconds
[2019-12-09T07:47:34.777+0000][1][safepoint    ] Entering safepoint region: Cleanup
[2019-12-09T07:47:34.777+0000][1][safepoint    ] Leaving safepoint region
[2019-12-09T07:47:34.777+0000][1][safepoint    ] Total time for which application threads were stopped: 0.0000892 seconds, Stopping threads took: 0.0000231 seconds
[2019-12-09T07:47:35.777+0000][1][safepoint    ] Application time: 1.0000750 seconds
[2019-12-09T07:47:35.777+0000][1][safepoint    ] Entering safepoint region: Cleanup
[2019-12-09T07:47:35.777+0000][1][safepoint    ] Leaving safepoint region
[2019-12-09T07:47:35.777+0000][1][safepoint    ] Total time for which application threads were stopped: 0.0000837 seconds, Stopping threads took: 0.0000170 seconds
[2019-12-09T07:47:36.777+0000][1][safepoint    ] Application time: 1.0000724 seconds
[2019-12-09T07:47:36.777+0000][1][safepoint    ] Entering safepoint region: Cleanup
[2019-12-09T07:47:36.777+0000][1][safepoint    ] Leaving safepoint region
[2019-12-09T07:47:36.777+0000][1][safepoint    ] Total time for which application threads were stopped: 0.0000814 seconds, Stopping threads took: 0.0000157 seconds
[2019-12-09T07:47:37.777+0000][1][safepoint    ] Application time: 1.0000704 seconds
[2019-12-09T07:47:37.777+0000][1][safepoint    ] Entering safepoint region: Cleanup
[2019-12-09T07:47:37.777+0000][1][safepoint    ] Leaving safepoint region
[2019-12-09T07:47:37.777+0000][1][safepoint    ] Total time for which application threads were stopped: 0.0000815 seconds, Stopping threads took: 0.0000161 seconds
[2019-12-09T07:47:38.778+0000][1][safepoint    ] Application time: 1.0000736 seconds
[2019-12-09T07:47:38.778+0000][1][safepoint    ] Entering safepoint region: Cleanup
[2019-12-09T07:47:38.778+0000][1][safepoint    ] Leaving safepoint region
[2019-12-09T07:47:38.778+0000][1][safepoint    ] Total time for which application threads were stopped: 0.0000834 seconds, Stopping threads took: 0.0000169 seconds
[2019-12-09T07:47:39.778+0000][1][safepoint    ] Application time: 1.0000750 seconds
[2019-12-09T07:47:39.778+0000][1][safepoint    ] Entering safepoint region: Cleanup
[2019-12-09T07:47:39.778+0000][1][safepoint    ] Leaving safepoint region
[2019-12-09T07:47:39.778+0000][1][safepoint    ] Total time for which application threads were stopped: 0.0000867 seconds, Stopping threads took: 0.0000178 seconds
[2019-12-09T07:47:40.778+0000][1][safepoint    ] Application time: 1.0000728 seconds
[2019-12-09T07:47:40.778+0000][1][safepoint    ] Entering safepoint region: Cleanup
[2019-12-09T07:47:40.778+0000][1][safepoint    ] Leaving safepoint region
[2019-12-09T07:47:40.778+0000][1][safepoint    ] Total time for which application threads were stopped: 0.0000830 seconds, Stopping threads took: 0.0000162 seconds
[2019-12-09T07:47:41.778+0000][1][safepoint    ] Application time: 1.0000733 seconds
[2019-12-09T07:47:41.778+0000][1][safepoint    ] Entering safepoint region: Cleanup
[2019-12-09T07:47:41.778+0000][1][safepoint    ] Leaving safepoint region
[2019-12-09T07:47:41.778+0000][1][safepoint    ] Total time for which application threads were stopped: 0.0000947 seconds, Stopping threads took: 0.0000172 seconds
[2019-12-09T07:47:42.778+0000][1][safepoint    ] Application time: 1.0000787 seconds
[2019-12-09T07:47:42.778+0000][1][safepoint    ] Entering safepoint region: Cleanup
[2019-12-09T07:47:42.778+0000][1][safepoint    ] Leaving safepoint region
[2019-12-09T07:47:42.778+0000][1][safepoint    ] Total time for which application threads were stopped: 0.0000875 seconds, Stopping threads took: 0.0000167 seconds
[2019-12-09T07:47:43.779+0000][1][safepoint    ] Application time: 1.0001379 seconds
[2019-12-09T07:47:43.779+0000][1][safepoint    ] Entering safepoint region: Cleanup
[2019-12-09T07:47:43.779+0000][1][safepoint    ] Leaving safepoint region
[2019-12-09T07:47:43.780+0000][1][safepoint    ] Total time for which application threads were stopped: 0.0006496 seconds, Stopping threads took: 0.0003390 seconds
[2019-12-09T07:47:44.780+0000][1][safepoint    ] Application time: 1.0000792 seconds
[2019-12-09T07:47:44.780+0000][1][safepoint    ] Entering safepoint region: Cleanup
[2019-12-09T07:47:44.780+0000][1][safepoint    ] Leaving safepoint region
[2019-12-09T07:47:44.780+0000][1][safepoint    ] Total time for which application threads were stopped: 0.0001120 seconds, Stopping threads took: 0.0000175 seconds
[2019-12-09T07:47:45.780+0000][1][safepoint    ] Application time: 1.0000859 seconds
[2019-12-09T07:47:45.780+0000][1][safepoint    ] Entering safepoint region: Cleanup
[2019-12-09T07:47:45.780+0000][1][safepoint    ] Leaving safepoint region
[2019-12-09T07:47:45.780+0000][1][safepoint    ] Total time for which application threads were stopped: 0.0001565 seconds, Stopping threads took: 0.0000855 seconds
[2019-12-09T07:47:46.780+0000][1][safepoint    ] Application time: 1.0000854 seconds
[2019-12-09T07:47:46.780+0000][1][safepoint    ] Entering safepoint region: Cleanup
[2019-12-09T07:47:46.780+0000][1][safepoint    ] Leaving safepoint region
[2019-12-09T07:47:46.780+0000][1][safepoint    ] Total time for which application threads were stopped: 0.0001349 seconds, Stopping threads took: 0.0000641 seconds
[2019-12-09T07:47:47.780+0000][1][safepoint    ] Application time: 1.0000810 seconds
[2019-12-09T07:47:47.781+0000][1][safepoint    ] Entering safepoint region: Cleanup
[2019-12-09T07:47:47.781+0000][1][safepoint    ] Leaving safepoint region
[2019-12-09T07:47:47.781+0000][1][safepoint    ] Total time for which application threads were stopped: 0.0001342 seconds, Stopping threads took: 0.0000621 seconds
[2019-12-09T07:47:48.781+0000][1][safepoint    ] Application time: 1.0001151 seconds
[2019-12-09T07:47:48.781+0000][1][safepoint    ] Entering safepoint region: Cleanup
[2019-12-09T07:47:48.781+0000][1][safepoint    ] Leaving safepoint region
[2019-12-09T07:47:48.781+0000][1][safepoint    ] Total time for which application threads were stopped: 0.0001489 seconds, Stopping threads took: 0.0000710 seconds
[2019-12-09T07:47:49.781+0000][1][safepoint    ] Application time: 1.0000828 seconds
[2019-12-09T07:47:49.781+0000][1][safepoint    ] Entering safepoint region: Cleanup
[2019-12-09T07:47:49.781+0000][1][safepoint    ] Leaving safepoint region
[2019-12-09T07:47:49.781+0000][1][safepoint    ] Total time for which application threads were stopped: 0.0000904 seconds, Stopping threads took: 0.0000201 seconds
[2019-12-09T07:47:50.781+0000][1][safepoint    ] Application time: 1.0000748 seconds
[2019-12-09T07:47:50.781+0000][1][safepoint    ] Entering safepoint region: Cleanup
[2019-12-09T07:47:50.781+0000][1][safepoint    ] Leaving safepoint region
[2019-12-09T07:47:50.781+0000][1][safepoint    ] Total time for which application threads were stopped: 0.0000870 seconds, Stopping threads took: 0.0000171 seconds
[2019-12-09T07:47:51.781+0000][1][safepoint    ] Application time: 1.0000744 seconds
[2019-12-09T07:47:51.781+0000][1][safepoint    ] Entering safepoint region: Cleanup
[2019-12-09T07:47:51.782+0000][1][safepoint    ] Leaving safepoint region
[2019-12-09T07:47:51.782+0000][1][safepoint    ] Total time for which application threads were stopped: 0.0000991 seconds, Stopping threads took: 0.0000174 seconds
[2019-12-09T07:47:52.782+0000][1][safepoint    ] Application time: 1.0000790 seconds
[2019-12-09T07:47:52.782+0000][1][safepoint    ] Entering safepoint region: Cleanup
[2019-12-09T07:47:52.782+0000][1][safepoint    ] Leaving safepoint region
[2019-12-09T07:47:52.782+0000][1][safepoint    ] Total time for which application threads were stopped: 0.0001044 seconds, Stopping threads took: 0.0000175 seconds
[2019-12-09T07:47:53.782+0000][1][safepoint    ] Application time: 1.0000760 seconds
[2019-12-09T07:47:53.782+0000][1][safepoint    ] Entering safepoint region: Cleanup
[2019-12-09T07:47:53.782+0000][1][safepoint    ] Leaving safepoint region
[2019-12-09T07:47:53.782+0000][1][safepoint    ] Total time for which application threads were stopped: 0.0000910 seconds, Stopping threads took: 0.0000181 seconds
[2019-12-09T07:47:54.782+0000][1][safepoint    ] Application time: 1.0000777 seconds
[2019-12-09T07:47:54.782+0000][1][safepoint    ] Entering safepoint region: Cleanup
[2019-12-09T07:47:54.782+0000][1][safepoint    ] Leaving safepoint region
[2019-12-09T07:47:54.782+0000][1][safepoint    ] Total time for which application threads were stopped: 0.0000917 seconds, Stopping threads took: 0.0000188 seconds
[2019-12-09T07:47:55.782+0000][1][safepoint    ] Application time: 1.0000782 seconds
[2019-12-09T07:47:55.782+0000][1][safepoint    ] Entering safepoint region: Cleanup
[2019-12-09T07:47:55.782+0000][1][safepoint    ] Leaving safepoint region
[2019-12-09T07:47:55.782+0000][1][safepoint    ] Total time for which application threads were stopped: 0.0000910 seconds, Stopping threads took: 0.0000189 seconds
[2019-12-09T07:47:56.782+0000][1][safepoint    ] Application time: 1.0000773 seconds
[2019-12-09T07:47:56.783+0000][1][safepoint    ] Entering safepoint region: Cleanup
[2019-12-09T07:47:56.783+0000][1][safepoint    ] Leaving safepoint region
[2019-12-09T07:47:56.783+0000][1][safepoint    ] Total time for which application threads were stopped: 0.0000945 seconds, Stopping threads took: 0.0000193 seconds
[2019-12-09T07:47:57.783+0000][1][safepoint    ] Application time: 1.0001022 seconds
[2019-12-09T07:47:57.783+0000][1][safepoint    ] Entering safepoint region: Cleanup
[2019-12-09T07:47:57.783+0000][1][safepoint    ] Leaving safepoint region
[2019-12-09T07:47:57.783+0000][1][safepoint    ] Total time for which application threads were stopped: 0.0001248 seconds, Stopping threads took: 0.0000447 seconds
[2019-12-09T07:47:58.783+0000][1][safepoint    ] Application time: 1.0000859 seconds
[2019-12-09T07:47:58.783+0000][1][safepoint    ] Entering safepoint region: Cleanup
[2019-12-09T07:47:58.783+0000][1][safepoint    ] Leaving safepoint region
[2019-12-09T07:47:58.783+0000][1][safepoint    ] Total time for which application threads were stopped: 0.0000959 seconds, Stopping threads took: 0.0000192 seconds
[2019-12-09T07:48:00.687+0000][1][safepoint    ] Application time: 1.9043362 seconds
[2019-12-09T07:48:00.687+0000][1][safepoint    ] Entering safepoint region: Cleanup
[2019-12-09T07:48:00.688+0000][1][safepoint    ] Leaving safepoint region
[2019-12-09T07:48:00.688+0000][1][safepoint    ] Total time for which application threads were stopped: 0.0000996 seconds, Stopping threads took: 0.0000196 seconds
[2019-12-09T07:48:01.688+0000][1][safepoint    ] Application time: 1.0000749 seconds
[2019-12-09T07:48:01.688+0000][1][safepoint    ] Entering safepoint region: Cleanup
[2019-12-09T07:48:01.688+0000][1][safepoint    ] Leaving safepoint region
[2019-12-09T07:48:01.688+0000][1][safepoint    ] Total time for which application threads were stopped: 0.0000923 seconds, Stopping threads took: 0.0000199 seconds
[2019-12-09T07:48:02.688+0000][1][safepoint    ] Application time: 1.0000844 seconds
[2019-12-09T07:48:02.688+0000][1][safepoint    ] Entering safepoint region: Cleanup
[2019-12-09T07:48:02.688+0000][1][safepoint    ] Leaving safepoint region
[2019-12-09T07:48:02.688+0000][1][safepoint    ] Total time for which application threads were stopped: 0.0001273 seconds, Stopping threads took: 0.0000244 seconds
[2019-12-09T07:48:03.688+0000][1][safepoint    ] Application time: 1.0000776 seconds
[2019-12-09T07:48:03.688+0000][1][safepoint    ] Entering safepoint region: Cleanup
[2019-12-09T07:48:03.688+0000][1][safepoint    ] Leaving safepoint region
[2019-12-09T07:48:03.688+0000][1][safepoint    ] Total time for which application threads were stopped: 0.0000922 seconds, Stopping threads took: 0.0000202 seconds
[2019-12-09T07:48:04.688+0000][1][safepoint    ] Application time: 1.0000749 seconds
[2019-12-09T07:48:04.688+0000][1][safepoint    ] Entering safepoint region: Cleanup
[2019-12-09T07:48:04.688+0000][1][safepoint    ] Leaving safepoint region
[2019-12-09T07:48:04.688+0000][1][safepoint    ] Total time for which application threads were stopped: 0.0001004 seconds, Stopping threads took: 0.0000286 seconds
[2019-12-09T07:48:05.689+0000][1][safepoint    ] Application time: 1.0000751 seconds
[2019-12-09T07:48:05.689+0000][1][safepoint    ] Entering safepoint region: Cleanup
[2019-12-09T07:48:05.689+0000][1][safepoint    ] Leaving safepoint region
[2019-12-09T07:48:05.689+0000][1][safepoint    ] Total time for which application threads were stopped: 0.0001083 seconds, Stopping threads took: 0.0000187 seconds
[2019-12-09T07:48:06.689+0000][1][safepoint    ] Application time: 1.0000756 seconds
[2019-12-09T07:48:06.689+0000][1][safepoint    ] Entering safepoint region: Cleanup
[2019-12-09T07:48:06.689+0000][1][safepoint    ] Leaving safepoint region
[2019-12-09T07:48:06.689+0000][1][safepoint    ] Total time for which application threads were stopped: 0.0000951 seconds, Stopping threads took: 0.0000194 seconds
[2019-12-09T07:48:07.689+0000][1][safepoint    ] Application time: 1.0000765 seconds
[2019-12-09T07:48:07.689+0000][1][safepoint    ] Entering safepoint region: Cleanup
[2019-12-09T07:48:07.689+0000][1][safepoint    ] Leaving safepoint region
[2019-12-09T07:48:07.689+0000][1][safepoint    ] Total time for which application threads were stopped: 0.0000970 seconds, Stopping threads took: 0.0000210 seconds
[2019-12-09T07:48:08.689+0000][1][safepoint    ] Application time: 1.0000766 seconds
[2019-12-09T07:48:08.689+0000][1][safepoint    ] Entering safepoint region: Cleanup
[2019-12-09T07:48:08.689+0000][1][safepoint    ] Leaving safepoint region
[2019-12-09T07:48:08.689+0000][1][safepoint    ] Total time for which application threads were stopped: 0.0000921 seconds, Stopping threads took: 0.0000192 seconds
[2019-12-09T07:48:09.689+0000][1][safepoint    ] Application time: 1.0000755 seconds
[2019-12-09T07:48:09.690+0000][1][safepoint    ] Entering safepoint region: Cleanup
[2019-12-09T07:48:09.690+0000][1][safepoint    ] Leaving safepoint region
[2019-12-09T07:48:09.690+0000][1][safepoint    ] Total time for which application threads were stopped: 0.0000981 seconds, Stopping threads took: 0.0000192 seconds
[2019-12-09T07:48:10.690+0000][1][safepoint    ] Application time: 1.0000768 seconds
[2019-12-09T07:48:10.690+0000][1][safepoint    ] Entering safepoint region: Cleanup
[2019-12-09T07:48:10.690+0000][1][safepoint    ] Leaving safepoint region
[2019-12-09T07:48:10.690+0000][1][safepoint    ] Total time for which application threads were stopped: 0.0000923 seconds, Stopping threads took: 0.0000196 seconds
[2019-12-09T07:48:11.690+0000][1][safepoint    ] Application time: 1.0000748 seconds
[2019-12-09T07:48:11.690+0000][1][safepoint    ] Entering safepoint region: Cleanup
[2019-12-09T07:48:11.690+0000][1][safepoint    ] Leaving safepoint region
[2019-12-09T07:48:11.690+0000][1][safepoint    ] Total time for which application threads were stopped: 0.0000903 seconds, Stopping threads took: 0.0000188 seconds
[2019-12-09T07:48:12.690+0000][1][safepoint    ] Application time: 1.0000745 seconds
[2019-12-09T07:48:12.690+0000][1][safepoint    ] Entering safepoint region: Cleanup
[2019-12-09T07:48:12.690+0000][1][safepoint    ] Leaving safepoint region
[2019-12-09T07:48:12.690+0000][1][safepoint    ] Total time for which application threads were stopped: 0.0000937 seconds, Stopping threads took: 0.0000204 seconds
[2019-12-09T07:48:13.690+0000][1][safepoint    ] Application time: 1.0000778 seconds
[2019-12-09T07:48:13.690+0000][1][safepoint    ] Entering safepoint region: Cleanup
[2019-12-09T07:48:13.690+0000][1][safepoint    ] Leaving safepoint region
[2019-12-09T07:48:13.690+0000][1][safepoint    ] Total time for which application threads were stopped: 0.0000958 seconds, Stopping threads took: 0.0000200 seconds
[2019-12-09T07:48:14.691+0000][1][safepoint    ] Application time: 1.0000766 seconds
[2019-12-09T07:48:14.691+0000][1][safepoint    ] Entering safepoint region: Cleanup
[2019-12-09T07:48:14.691+0000][1][safepoint    ] Leaving safepoint region
[2019-12-09T07:48:14.691+0000][1][safepoint    ] Total time for which application threads were stopped: 0.0000984 seconds, Stopping threads took: 0.0000185 seconds
[2019-12-09T07:48:15.691+0000][1][safepoint    ] Application time: 1.0000756 seconds
[2019-12-09T07:48:15.691+0000][1][safepoint    ] Entering safepoint region: Cleanup
[2019-12-09T07:48:15.691+0000][1][safepoint    ] Leaving safepoint region
[2019-12-09T07:48:15.691+0000][1][safepoint    ] Total time for which application threads were stopped: 0.0000933 seconds, Stopping threads took: 0.0000190 seconds
[2019-12-09T07:48:16.691+0000][1][safepoint    ] Application time: 1.0000752 seconds
[2019-12-09T07:48:16.691+0000][1][safepoint    ] Entering safepoint region: Cleanup
[2019-12-09T07:48:16.691+0000][1][safepoint    ] Leaving safepoint region
[2019-12-09T07:48:16.691+0000][1][safepoint    ] Total time for which application threads were stopped: 0.0000937 seconds, Stopping threads took: 0.0000182 seconds
[2019-12-09T07:48:17.691+0000][1][safepoint    ] Application time: 1.0000777 seconds
[2019-12-09T07:48:17.691+0000][1][safepoint    ] Entering safepoint region: Cleanup
[2019-12-09T07:48:17.691+0000][1][safepoint    ] Leaving safepoint region
[2019-12-09T07:48:17.691+0000][1][safepoint    ] Total time for which application threads were stopped: 0.0000919 seconds, Stopping threads took: 0.0000197 seconds
[2019-12-09T07:48:18.691+0000][1][safepoint    ] Application time: 1.0000764 seconds
[2019-12-09T07:48:18.691+0000][1][safepoint    ] Entering safepoint region: Cleanup
[2019-12-09T07:48:18.692+0000][1][safepoint    ] Leaving safepoint region
[2019-12-09T07:48:18.692+0000][1][safepoint    ] Total time for which application threads were stopped: 0.0000938 seconds, Stopping threads took: 0.0000199 seconds
[2019-12-09T07:48:19.692+0000][1][safepoint    ] Application time: 1.0000758 seconds
[2019-12-09T07:48:19.692+0000][1][safepoint    ] Entering safepoint region: Cleanup
[2019-12-09T07:48:19.692+0000][1][safepoint    ] Leaving safepoint region
[2019-12-09T07:48:19.692+0000][1][safepoint    ] Total time for which application threads were stopped: 0.0000997 seconds, Stopping threads took: 0.0000266 seconds
[2019-12-09T07:48:20.692+0000][1][safepoint    ] Application time: 1.0000724 seconds
[2019-12-09T07:48:20.692+0000][1][safepoint    ] Entering safepoint region: Cleanup
[2019-12-09T07:48:20.692+0000][1][safepoint    ] Leaving safepoint region
[2019-12-09T07:48:20.692+0000][1][safepoint    ] Total time for which application threads were stopped: 0.0000941 seconds, Stopping threads took: 0.0000201 seconds
[2019-12-09T07:48:21.692+0000][1][safepoint    ] Application time: 1.0000734 seconds
[2019-12-09T07:48:21.692+0000][1][safepoint    ] Entering safepoint region: Cleanup
[2019-12-09T07:48:21.692+0000][1][safepoint    ] Leaving safepoint region
[2019-12-09T07:48:21.692+0000][1][safepoint    ] Total time for which application threads were stopped: 0.0000946 seconds, Stopping threads took: 0.0000206 seconds
[2019-12-09T07:48:22.692+0000][1][safepoint    ] Application time: 1.0000745 seconds
[2019-12-09T07:48:22.692+0000][1][safepoint    ] Entering safepoint region: Cleanup
[2019-12-09T07:48:22.692+0000][1][safepoint    ] Leaving safepoint region
[2019-12-09T07:48:22.692+0000][1][safepoint    ] Total time for which application threads were stopped: 0.0001143 seconds, Stopping threads took: 0.0000192 seconds
[2019-12-09T07:48:23.693+0000][1][safepoint    ] Application time: 1.0000765 seconds
[2019-12-09T07:48:23.693+0000][1][safepoint    ] Entering safepoint region: Cleanup
[2019-12-09T07:48:23.693+0000][1][safepoint    ] Leaving safepoint region
[2019-12-09T07:48:23.693+0000][1][safepoint    ] Total time for which application threads were stopped: 0.0000953 seconds, Stopping threads took: 0.0000194 seconds
[2019-12-09T07:48:24.693+0000][1][safepoint    ] Application time: 1.0000412 seconds
[2019-12-09T07:48:24.693+0000][1][safepoint    ] Entering safepoint region: Cleanup
[2019-12-09T07:48:24.693+0000][1][safepoint    ] Leaving safepoint region
[2019-12-09T07:48:24.693+0000][1][safepoint    ] Total time for which application threads were stopped: 0.0000935 seconds, Stopping threads took: 0.0000194 seconds
[2019-12-09T07:48:25.693+0000][1][safepoint    ] Application time: 1.0000757 seconds
[2019-12-09T07:48:25.693+0000][1][safepoint    ] Entering safepoint region: Cleanup
[2019-12-09T07:48:25.693+0000][1][safepoint    ] Leaving safepoint region
[2019-12-09T07:48:25.693+0000][1][safepoint    ] Total time for which application threads were stopped: 0.0000915 seconds, Stopping threads took: 0.0000188 seconds
[2019-12-09T07:48:26.693+0000][1][safepoint    ] Application time: 1.0000727 seconds
[2019-12-09T07:48:26.693+0000][1][safepoint    ] Entering safepoint region: Cleanup
[2019-12-09T07:48:26.693+0000][1][safepoint    ] Leaving safepoint region
[2019-12-09T07:48:26.693+0000][1][safepoint    ] Total time for which application threads were stopped: 0.0000937 seconds, Stopping threads took: 0.0000204 seconds
[2019-12-09T07:48:27.693+0000][1][safepoint    ] Application time: 1.0000798 seconds
[2019-12-09T07:48:27.693+0000][1][safepoint    ] Entering safepoint region: Cleanup
[2019-12-09T07:48:27.693+0000][1][safepoint    ] Leaving safepoint region
[2019-12-09T07:48:27.693+0000][1][safepoint    ] Total time for which application threads were stopped: 0.0000961 seconds, Stopping threads took: 0.0000206 seconds
[2019-12-09T07:48:28.694+0000][1][safepoint    ] Application time: 1.0000775 seconds
[2019-12-09T07:48:28.694+0000][1][safepoint    ] Entering safepoint region: Cleanup
[2019-12-09T07:48:28.694+0000][1][safepoint    ] Leaving safepoint region
[2019-12-09T07:48:28.694+0000][1][safepoint    ] Total time for which application threads were stopped: 0.0001085 seconds, Stopping threads took: 0.0000251 seconds
[2019-12-09T07:48:29.694+0000][1][safepoint    ] Application time: 1.0000770 seconds
[2019-12-09T07:48:29.694+0000][1][safepoint    ] Entering safepoint region: Cleanup
[2019-12-09T07:48:29.694+0000][1][safepoint    ] Leaving safepoint region
[2019-12-09T07:48:29.694+0000][1][safepoint    ] Total time for which application threads were stopped: 0.0000936 seconds, Stopping threads took: 0.0000186 seconds
[2019-12-09T07:48:30.694+0000][1][safepoint    ] Application time: 1.0000755 seconds
[2019-12-09T07:48:30.694+0000][1][safepoint    ] Entering safepoint region: Cleanup
[2019-12-09T07:48:30.694+0000][1][safepoint    ] Leaving safepoint region
[2019-12-09T07:48:30.694+0000][1][safepoint    ] Total time for which application threads were stopped: 0.0000973 seconds, Stopping threads took: 0.0000186 seconds
[2019-12-09T07:48:31.694+0000][1][safepoint    ] Application time: 1.0000768 seconds
[2019-12-09T07:48:31.694+0000][1][safepoint    ] Entering safepoint region: Cleanup
[2019-12-09T07:48:31.694+0000][1][safepoint    ] Leaving safepoint region
[2019-12-09T07:48:31.694+0000][1][safepoint    ] Total time for which application threads were stopped: 0.0000919 seconds, Stopping threads took: 0.0000190 seconds
[2019-12-09T07:48:32.694+0000][1][safepoint    ] Application time: 1.0000772 seconds
[2019-12-09T07:48:32.694+0000][1][safepoint    ] Entering safepoint region: Cleanup
[2019-12-09T07:48:32.695+0000][1][safepoint    ] Leaving safepoint region
[2019-12-09T07:48:32.695+0000][1][safepoint    ] Total time for which application threads were stopped: 0.0000913 seconds, Stopping threads took: 0.0000187 seconds
[2019-12-09T07:48:33.695+0000][1][safepoint    ] Application time: 1.0000771 seconds
[2019-12-09T07:48:33.695+0000][1][safepoint    ] Entering safepoint region: Cleanup
[2019-12-09T07:48:33.695+0000][1][safepoint    ] Leaving safepoint region
[2019-12-09T07:48:33.695+0000][1][safepoint    ] Total time for which application threads were stopped: 0.0000936 seconds, Stopping threads took: 0.0000196 seconds
[2019-12-09T07:48:34.695+0000][1][safepoint    ] Application time: 1.0000776 seconds
[2019-12-09T07:48:34.695+0000][1][safepoint    ] Entering safepoint region: Cleanup
[2019-12-09T07:48:34.695+0000][1][safepoint    ] Leaving safepoint region
[2019-12-09T07:48:34.695+0000][1][safepoint    ] Total time for which application threads were stopped: 0.0001033 seconds, Stopping threads took: 0.0000272 seconds
[2019-12-09T07:48:35.695+0000][1][safepoint    ] Application time: 1.0000785 seconds
[2019-12-09T07:48:35.695+0000][1][safepoint    ] Entering safepoint region: Cleanup
[2019-12-09T07:48:35.695+0000][1][safepoint    ] Leaving safepoint region
[2019-12-09T07:48:35.695+0000][1][safepoint    ] Total time for which application threads were stopped: 0.0000966 seconds, Stopping threads took: 0.0000204 seconds
[2019-12-09T07:48:36.695+0000][1][safepoint    ] Application time: 1.0000768 seconds
[2019-12-09T07:48:36.695+0000][1][safepoint    ] Entering safepoint region: Cleanup
[2019-12-09T07:48:36.695+0000][1][safepoint    ] Leaving safepoint region
[2019-12-09T07:48:36.695+0000][1][safepoint    ] Total time for which application threads were stopped: 0.0000955 seconds, Stopping threads took: 0.0000189 seconds
[2019-12-09T07:48:37.696+0000][1][safepoint    ] Application time: 1.0000768 seconds
[2019-12-09T07:48:37.696+0000][1][safepoint    ] Entering safepoint region: Cleanup
[2019-12-09T07:48:37.696+0000][1][safepoint    ] Leaving safepoint region
[2019-12-09T07:48:37.696+0000][1][safepoint    ] Total time for which application threads were stopped: 0.0001040 seconds, Stopping threads took: 0.0000194 seconds
[2019-12-09T07:48:38.696+0000][1][safepoint    ] Application time: 1.0000756 seconds
[2019-12-09T07:48:38.696+0000][1][safepoint    ] Entering safepoint region: Cleanup
[2019-12-09T07:48:38.696+0000][1][safepoint    ] Leaving safepoint region
[2019-12-09T07:48:38.696+0000][1][safepoint    ] Total time for which application threads were stopped: 0.0000903 seconds, Stopping threads took: 0.0000198 seconds
[2019-12-09T07:48:39.696+0000][1][safepoint    ] Application time: 1.0000754 seconds
[2019-12-09T07:48:39.696+0000][1][safepoint    ] Entering safepoint region: Cleanup
[2019-12-09T07:48:39.696+0000][1][safepoint    ] Leaving safepoint region
[2019-12-09T07:48:39.696+0000][1][safepoint    ] Total time for which application threads were stopped: 0.0000903 seconds, Stopping threads took: 0.0000182 seconds
[2019-12-09T07:48:40.696+0000][1][safepoint    ] Application time: 1.0000766 seconds
[2019-12-09T07:48:40.696+0000][1][safepoint    ] Entering safepoint region: Cleanup
[2019-12-09T07:48:40.696+0000][1][safepoint    ] Leaving safepoint region
[2019-12-09T07:48:40.696+0000][1][safepoint    ] Total time for which application threads were stopped: 0.0000937 seconds, Stopping threads took: 0.0000199 seconds
[2019-12-09T07:48:41.696+0000][1][safepoint    ] Application time: 1.0000757 seconds
[2019-12-09T07:48:41.696+0000][1][safepoint    ] Entering safepoint region: Cleanup
[2019-12-09T07:48:41.697+0000][1][safepoint    ] Leaving safepoint region
[2019-12-09T07:48:41.697+0000][1][safepoint    ] Total time for which application threads were stopped: 0.0000936 seconds, Stopping threads took: 0.0000199 seconds
[2019-12-09T07:48:42.697+0000][1][safepoint    ] Application time: 1.0000778 seconds
[2019-12-09T07:48:42.697+0000][1][safepoint    ] Entering safepoint region: Cleanup
[2019-12-09T07:48:42.697+0000][1][safepoint    ] Leaving safepoint region
[2019-12-09T07:48:42.697+0000][1][safepoint    ] Total time for which application threads were stopped: 0.0001037 seconds, Stopping threads took: 0.0000304 seconds
[2019-12-09T07:48:43.697+0000][1][safepoint    ] Application time: 1.0000783 seconds
[2019-12-09T07:48:43.697+0000][1][safepoint    ] Entering safepoint region: Cleanup
[2019-12-09T07:48:43.697+0000][1][safepoint    ] Leaving safepoint region
[2019-12-09T07:48:43.697+0000][1][safepoint    ] Total time for which application threads were stopped: 0.0000922 seconds, Stopping threads took: 0.0000188 seconds
[2019-12-09T07:48:44.697+0000][1][safepoint    ] Application time: 1.0000765 seconds
[2019-12-09T07:48:44.697+0000][1][safepoint    ] Entering safepoint region: Cleanup
[2019-12-09T07:48:44.697+0000][1][safepoint    ] Leaving safepoint region
[2019-12-09T07:48:44.697+0000][1][safepoint    ] Total time for which application threads were stopped: 0.0000941 seconds, Stopping threads took: 0.0000200 seconds
[2019-12-09T07:48:45.697+0000][1][safepoint    ] Application time: 1.0000757 seconds
[2019-12-09T07:48:45.697+0000][1][safepoint    ] Entering safepoint region: Cleanup
[2019-12-09T07:48:45.697+0000][1][safepoint    ] Leaving safepoint region
[2019-12-09T07:48:45.697+0000][1][safepoint    ] Total time for which application threads were stopped: 0.0000972 seconds, Stopping threads took: 0.0000197 seconds
[2019-12-09T07:48:46.698+0000][1][safepoint    ] Application time: 1.0000742 seconds
[2019-12-09T07:48:46.698+0000][1][safepoint    ] Entering safepoint region: Cleanup
[2019-12-09T07:48:46.698+0000][1][safepoint    ] Leaving safepoint region
[2019-12-09T07:48:46.698+0000][1][safepoint    ] Total time for which application threads were stopped: 0.0000909 seconds, Stopping threads took: 0.0000178 seconds
[2019-12-09T07:48:47.698+0000][1][safepoint    ] Application time: 1.0000758 seconds
[2019-12-09T07:48:47.698+0000][1][safepoint    ] Entering safepoint region: Cleanup
[2019-12-09T07:48:47.698+0000][1][safepoint    ] Leaving safepoint region
[2019-12-09T07:48:47.698+0000][1][safepoint    ] Total time for which application threads were stopped: 0.0000940 seconds, Stopping threads took: 0.0000194 seconds
[2019-12-09T07:48:48.698+0000][1][safepoint    ] Application time: 1.0000760 seconds
[2019-12-09T07:48:48.698+0000][1][safepoint    ] Entering safepoint region: Cleanup
[2019-12-09T07:48:48.698+0000][1][safepoint    ] Leaving safepoint region
[2019-12-09T07:48:48.698+0000][1][safepoint    ] Total time for which application threads were stopped: 0.0000927 seconds, Stopping threads took: 0.0000184 seconds
[2019-12-09T07:48:49.698+0000][1][safepoint    ] Application time: 1.0000742 seconds
[2019-12-09T07:48:49.698+0000][1][safepoint    ] Entering safepoint region: Cleanup
[2019-12-09T07:48:49.698+0000][1][safepoint    ] Leaving safepoint region
[2019-12-09T07:48:49.698+0000][1][safepoint    ] Total time for which application threads were stopped: 0.0000946 seconds, Stopping threads took: 0.0000201 seconds
[2019-12-09T07:48:50.698+0000][1][safepoint    ] Application time: 1.0000754 seconds
[2019-12-09T07:48:50.698+0000][1][safepoint    ] Entering safepoint region: Cleanup
[2019-12-09T07:48:50.698+0000][1][safepoint    ] Leaving safepoint region
[2019-12-09T07:48:50.698+0000][1][safepoint    ] Total time for which application threads were stopped: 0.0000916 seconds, Stopping threads took: 0.0000188 seconds
[2019-12-09T07:48:51.699+0000][1][safepoint    ] Application time: 1.0000751 seconds
[2019-12-09T07:48:51.699+0000][1][safepoint    ] Entering safepoint region: Cleanup
[2019-12-09T07:48:51.699+0000][1][safepoint    ] Leaving safepoint region
[2019-12-09T07:48:51.699+0000][1][safepoint    ] Total time for which application threads were stopped: 0.0001015 seconds, Stopping threads took: 0.0000194 seconds
[2019-12-09T07:48:52.699+0000][1][safepoint    ] Application time: 1.0000765 seconds
[2019-12-09T07:48:52.699+0000][1][safepoint    ] Entering safepoint region: Cleanup
[2019-12-09T07:48:52.699+0000][1][safepoint    ] Leaving safepoint region
[2019-12-09T07:48:52.699+0000][1][safepoint    ] Total time for which application threads were stopped: 0.0000932 seconds, Stopping threads took: 0.0000185 seconds
[2019-12-09T07:48:53.699+0000][1][safepoint    ] Application time: 1.0000764 seconds
[2019-12-09T07:48:53.699+0000][1][safepoint    ] Entering safepoint region: Cleanup
[2019-12-09T07:48:53.699+0000][1][safepoint    ] Leaving safepoint region
[2019-12-09T07:48:53.699+0000][1][safepoint    ] Total time for which application threads were stopped: 0.0000964 seconds, Stopping threads took: 0.0000217 seconds
[2019-12-09T07:48:54.699+0000][1][safepoint    ] Application time: 1.0000765 seconds
[2019-12-09T07:48:54.699+0000][1][safepoint    ] Entering safepoint region: Cleanup
[2019-12-09T07:48:54.699+0000][1][safepoint    ] Leaving safepoint region
[2019-12-09T07:48:54.699+0000][1][safepoint    ] Total time for which application threads were stopped: 0.0000912 seconds, Stopping threads took: 0.0000181 seconds
[2019-12-09T07:48:55.699+0000][1][safepoint    ] Application time: 1.0000775 seconds
[2019-12-09T07:48:55.699+0000][1][safepoint    ] Entering safepoint region: Cleanup
[2019-12-09T07:48:55.700+0000][1][safepoint    ] Leaving safepoint region
[2019-12-09T07:48:55.700+0000][1][safepoint    ] Total time for which application threads were stopped: 0.0000948 seconds, Stopping threads took: 0.0000196 seconds
[2019-12-09T07:48:56.700+0000][1][safepoint    ] Application time: 1.0000741 seconds
[2019-12-09T07:48:56.700+0000][1][safepoint    ] Entering safepoint region: Cleanup
[2019-12-09T07:48:56.700+0000][1][safepoint    ] Leaving safepoint region
[2019-12-09T07:48:56.700+0000][1][safepoint    ] Total time for which application threads were stopped: 0.0000911 seconds, Stopping threads took: 0.0000176 seconds
[2019-12-09T07:48:57.700+0000][1][safepoint    ] Application time: 1.0000775 seconds
[2019-12-09T07:48:57.700+0000][1][safepoint    ] Entering safepoint region: Cleanup
[2019-12-09T07:48:57.700+0000][1][safepoint    ] Leaving safepoint region
[2019-12-09T07:48:57.700+0000][1][safepoint    ] Total time for which application threads were stopped: 0.0000910 seconds, Stopping threads took: 0.0000174 seconds
[2019-12-09T07:48:58.700+0000][1][safepoint    ] Application time: 1.0000768 seconds
[2019-12-09T07:48:58.700+0000][1][safepoint    ] Entering safepoint region: Cleanup
[2019-12-09T07:48:58.700+0000][1][safepoint    ] Leaving safepoint region
[2019-12-09T07:48:58.700+0000][1][safepoint    ] Total time for which application threads were stopped: 0.0000940 seconds, Stopping threads took: 0.0000198 seconds
[2019-12-09T07:48:59.700+0000][1][safepoint    ] Application time: 1.0000792 seconds
[2019-12-09T07:48:59.700+0000][1][safepoint    ] Entering safepoint region: Cleanup
[2019-12-09T07:48:59.700+0000][1][safepoint    ] Leaving safepoint region
[2019-12-09T07:48:59.700+0000][1][safepoint    ] Total time for which application threads were stopped: 0.0000907 seconds, Stopping threads took: 0.0000190 seconds
[2019-12-09T07:49:01.371+0000][1][safepoint    ] Application time: 1.6701470 seconds
[2019-12-09T07:49:01.371+0000][1][safepoint    ] Entering safepoint region: Cleanup
[2019-12-09T07:49:01.371+0000][1][safepoint    ] Leaving safepoint region
[2019-12-09T07:49:01.371+0000][1][safepoint    ] Total time for which application threads were stopped: 0.0001193 seconds, Stopping threads took: 0.0000208 seconds
[2019-12-09T07:49:02.371+0000][1][safepoint    ] Application time: 1.0000788 seconds
[2019-12-09T07:49:02.371+0000][1][safepoint    ] Entering safepoint region: Cleanup
[2019-12-09T07:49:02.371+0000][1][safepoint    ] Leaving safepoint region
[2019-12-09T07:49:02.371+0000][1][safepoint    ] Total time for which application threads were stopped: 0.0000946 seconds, Stopping threads took: 0.0000206 seconds
[2019-12-09T07:49:03.371+0000][1][safepoint    ] Application time: 1.0000804 seconds
[2019-12-09T07:49:03.371+0000][1][safepoint    ] Entering safepoint region: Cleanup
[2019-12-09T07:49:03.371+0000][1][safepoint    ] Leaving safepoint region
[2019-12-09T07:49:03.371+0000][1][safepoint    ] Total time for which application threads were stopped: 0.0000945 seconds, Stopping threads took: 0.0000195 seconds
[2019-12-09T07:49:04.371+0000][1][safepoint    ] Application time: 1.0000782 seconds
[2019-12-09T07:49:04.371+0000][1][safepoint    ] Entering safepoint region: Cleanup
[2019-12-09T07:49:04.371+0000][1][safepoint    ] Leaving safepoint region
[2019-12-09T07:49:04.371+0000][1][safepoint    ] Total time for which application threads were stopped: 0.0000954 seconds, Stopping threads took: 0.0000194 seconds
[2019-12-09T07:49:05.371+0000][1][safepoint    ] Application time: 1.0000769 seconds
[2019-12-09T07:49:05.372+0000][1][safepoint    ] Entering safepoint region: Cleanup
[2019-12-09T07:49:05.372+0000][1][safepoint    ] Leaving safepoint region
[2019-12-09T07:49:05.372+0000][1][safepoint    ] Total time for which application threads were stopped: 0.0001038 seconds, Stopping threads took: 0.0000297 seconds
[2019-12-09T07:49:06.372+0000][1][safepoint    ] Application time: 1.0000865 seconds
[2019-12-09T07:49:06.372+0000][1][safepoint    ] Entering safepoint region: Cleanup
[2019-12-09T07:49:06.372+0000][1][safepoint    ] Leaving safepoint region
[2019-12-09T07:49:06.372+0000][1][safepoint    ] Total time for which application threads were stopped: 0.0000933 seconds, Stopping threads took: 0.0000198 seconds
[2019-12-09T07:49:07.372+0000][1][safepoint    ] Application time: 1.0000847 seconds
[2019-12-09T07:49:07.372+0000][1][safepoint    ] Entering safepoint region: Cleanup
[2019-12-09T07:49:07.372+0000][1][safepoint    ] Leaving safepoint region
[2019-12-09T07:49:07.372+0000][1][safepoint    ] Total time for which application threads were stopped: 0.0000956 seconds, Stopping threads took: 0.0000210 seconds
[2019-12-09T07:49:08.372+0000][1][safepoint    ] Application time: 1.0000821 seconds
[2019-12-09T07:49:08.372+0000][1][safepoint    ] Entering safepoint region: Cleanup
[2019-12-09T07:49:08.372+0000][1][safepoint    ] Leaving safepoint region
[2019-12-09T07:49:08.372+0000][1][safepoint    ] Total time for which application threads were stopped: 0.0000919 seconds, Stopping threads took: 0.0000194 seconds
[2019-12-09T07:49:09.372+0000][1][safepoint    ] Application time: 1.0000825 seconds
[2019-12-09T07:49:09.372+0000][1][safepoint    ] Entering safepoint region: Cleanup
[2019-12-09T07:49:09.373+0000][1][safepoint    ] Leaving safepoint region
[2019-12-09T07:49:09.373+0000][1][safepoint    ] Total time for which application threads were stopped: 0.0000931 seconds, Stopping threads took: 0.0000196 seconds
[2019-12-09T07:49:10.373+0000][1][safepoint    ] Application time: 1.0000788 seconds
[2019-12-09T07:49:10.373+0000][1][safepoint    ] Entering safepoint region: Cleanup
[2019-12-09T07:49:10.373+0000][1][safepoint    ] Leaving safepoint region
[2019-12-09T07:49:10.373+0000][1][safepoint    ] Total time for which application threads were stopped: 0.0001042 seconds, Stopping threads took: 0.0000210 seconds
[2019-12-09T07:49:11.373+0000][1][safepoint    ] Application time: 1.0000785 seconds
[2019-12-09T07:49:11.373+0000][1][safepoint    ] Entering safepoint region: Cleanup
[2019-12-09T07:49:11.373+0000][1][safepoint    ] Leaving safepoint region
[2019-12-09T07:49:11.373+0000][1][safepoint    ] Total time for which application threads were stopped: 0.0000958 seconds, Stopping threads took: 0.0000194 seconds
[2019-12-09T07:49:12.373+0000][1][safepoint    ] Application time: 1.0000779 seconds
[2019-12-09T07:49:12.373+0000][1][safepoint    ] Entering safepoint region: Cleanup
[2019-12-09T07:49:12.373+0000][1][safepoint    ] Leaving safepoint region
[2019-12-09T07:49:12.373+0000][1][safepoint    ] Total time for which application threads were stopped: 0.0000958 seconds, Stopping threads took: 0.0000205 seconds
[2019-12-09T07:49:13.373+0000][1][safepoint    ] Application time: 1.0000802 seconds
[2019-12-09T07:49:13.373+0000][1][safepoint    ] Entering safepoint region: Cleanup
[2019-12-09T07:49:13.373+0000][1][safepoint    ] Leaving safepoint region
[2019-12-09T07:49:13.373+0000][1][safepoint    ] Total time for which application threads were stopped: 0.0000932 seconds, Stopping threads took: 0.0000192 seconds
[2019-12-09T07:49:14.373+0000][1][safepoint    ] Application time: 1.0000785 seconds
[2019-12-09T07:49:14.374+0000][1][safepoint    ] Entering safepoint region: Cleanup
[2019-12-09T07:49:14.374+0000][1][safepoint    ] Leaving safepoint region
[2019-12-09T07:49:14.374+0000][1][safepoint    ] Total time for which application threads were stopped: 0.0000930 seconds, Stopping threads took: 0.0000208 seconds
[2019-12-09T07:49:15.374+0000][1][safepoint    ] Application time: 1.0000760 seconds
[2019-12-09T07:49:15.374+0000][1][safepoint    ] Entering safepoint region: Cleanup
[2019-12-09T07:49:15.374+0000][1][safepoint    ] Leaving safepoint region
[2019-12-09T07:49:15.374+0000][1][safepoint    ] Total time for which application threads were stopped: 0.0000926 seconds, Stopping threads took: 0.0000196 seconds
[2019-12-09T07:49:16.374+0000][1][safepoint    ] Application time: 1.0000777 seconds
[2019-12-09T07:49:16.374+0000][1][safepoint    ] Entering safepoint region: Cleanup
[2019-12-09T07:49:16.374+0000][1][safepoint    ] Leaving safepoint region
[2019-12-09T07:49:16.374+0000][1][safepoint    ] Total time for which application threads were stopped: 0.0000959 seconds, Stopping threads took: 0.0000198 seconds
[2019-12-09T07:49:17.374+0000][1][safepoint    ] Application time: 1.0000768 seconds
[2019-12-09T07:49:17.374+0000][1][safepoint    ] Entering safepoint region: Cleanup
[2019-12-09T07:49:17.374+0000][1][safepoint    ] Leaving safepoint region
[2019-12-09T07:49:17.374+0000][1][safepoint    ] Total time for which application threads were stopped: 0.0000925 seconds, Stopping threads took: 0.0000186 seconds
[2019-12-09T07:49:18.374+0000][1][safepoint    ] Application time: 1.0000832 seconds
[2019-12-09T07:49:18.374+0000][1][safepoint    ] Entering safepoint region: Cleanup
[2019-12-09T07:49:18.374+0000][1][safepoint    ] Leaving safepoint region
[2019-12-09T07:49:18.374+0000][1][safepoint    ] Total time for which application threads were stopped: 0.0000950 seconds, Stopping threads took: 0.0000201 seconds
[2019-12-09T07:49:19.375+0000][1][safepoint    ] Application time: 1.0000757 seconds
[2019-12-09T07:49:19.375+0000][1][safepoint    ] Entering safepoint region: Cleanup
[2019-12-09T07:49:19.375+0000][1][safepoint    ] Leaving safepoint region
[2019-12-09T07:49:19.375+0000][1][safepoint    ] Total time for which application threads were stopped: 0.0001008 seconds, Stopping threads took: 0.0000182 seconds
[2019-12-09T07:49:20.375+0000][1][safepoint    ] Application time: 1.0000763 seconds
[2019-12-09T07:49:20.375+0000][1][safepoint    ] Entering safepoint region: Cleanup
[2019-12-09T07:49:20.375+0000][1][safepoint    ] Leaving safepoint region
[2019-12-09T07:49:20.375+0000][1][safepoint    ] Total time for which application threads were stopped: 0.0000945 seconds, Stopping threads took: 0.0000188 seconds
[2019-12-09T07:49:21.602+0000][1][safepoint    ] Application time: 1.2273744 seconds
[2019-12-09T07:49:21.602+0000][1][safepoint    ] Entering safepoint region: Cleanup
[2019-12-09T07:49:21.602+0000][1][safepoint    ] Leaving safepoint region
[2019-12-09T07:49:21.602+0000][1][safepoint    ] Total time for which application threads were stopped: 0.0000862 seconds, Stopping threads took: 0.0000171 seconds
[2019-12-09T07:49:22.602+0000][1][safepoint    ] Application time: 1.0000801 seconds
[2019-12-09T07:49:22.603+0000][1][safepoint    ] Entering safepoint region: Cleanup
[2019-12-09T07:49:22.603+0000][1][safepoint    ] Leaving safepoint region
[2019-12-09T07:49:22.603+0000][1][safepoint    ] Total time for which application threads were stopped: 0.0000851 seconds, Stopping threads took: 0.0000175 seconds
[2019-12-09T07:49:23.603+0000][1][safepoint    ] Application time: 1.0000752 seconds
[2019-12-09T07:49:23.603+0000][1][safepoint    ] Entering safepoint region: Cleanup
[2019-12-09T07:49:23.603+0000][1][safepoint    ] Leaving safepoint region
[2019-12-09T07:49:23.603+0000][1][safepoint    ] Total time for which application threads were stopped: 0.0000852 seconds, Stopping threads took: 0.0000185 seconds
[2019-12-09T07:49:24.603+0000][1][safepoint    ] Application time: 1.0000746 seconds
[2019-12-09T07:49:24.603+0000][1][safepoint    ] Entering safepoint region: Cleanup
[2019-12-09T07:49:24.603+0000][1][safepoint    ] Leaving safepoint region
[2019-12-09T07:49:24.603+0000][1][safepoint    ] Total time for which application threads were stopped: 0.0000857 seconds, Stopping threads took: 0.0000190 seconds
[2019-12-09T07:49:25.603+0000][1][safepoint    ] Application time: 1.0000748 seconds
[2019-12-09T07:49:25.603+0000][1][safepoint    ] Entering safepoint region: Cleanup
[2019-12-09T07:49:25.603+0000][1][safepoint    ] Leaving safepoint region
[2019-12-09T07:49:25.603+0000][1][safepoint    ] Total time for which application threads were stopped: 0.0000851 seconds, Stopping threads took: 0.0000172 seconds
[2019-12-09T07:49:26.603+0000][1][safepoint    ] Application time: 1.0000778 seconds
[2019-12-09T07:49:26.603+0000][1][safepoint    ] Entering safepoint region: Cleanup
[2019-12-09T07:49:26.603+0000][1][safepoint    ] Leaving safepoint region
[2019-12-09T07:49:26.603+0000][1][safepoint    ] Total time for which application threads were stopped: 0.0000869 seconds, Stopping threads took: 0.0000181 seconds
[2019-12-09T07:49:27.603+0000][1][safepoint    ] Application time: 1.0000758 seconds
[2019-12-09T07:49:27.603+0000][1][safepoint    ] Entering safepoint region: Cleanup
[2019-12-09T07:49:27.604+0000][1][safepoint    ] Leaving safepoint region
[2019-12-09T07:49:27.604+0000][1][safepoint    ] Total time for which application threads were stopped: 0.0000839 seconds, Stopping threads took: 0.0000165 seconds
[2019-12-09T07:49:27.813+0000][1][safepoint    ] Application time: 0.2091489 seconds
[2019-12-09T07:49:27.813+0000][1][safepoint    ] Entering safepoint region: GenCollectForAllocation
[2019-12-09T07:49:27.813+0000][1][gc,start     ] GC(53) Pause Young (Allocation Failure)
[2019-12-09T07:49:27.813+0000][1][gc,task      ] GC(53) Using 2 workers of 2 for evacuation
[2019-12-09T07:49:27.814+0000][1][gc,age       ] GC(53) Desired survivor size 4456448 bytes, new threshold 6 (max threshold 6)
[2019-12-09T07:49:27.814+0000][1][gc,age       ] GC(53) Age table with threshold 6 (max threshold 6)
[2019-12-09T07:49:27.815+0000][1][gc,age       ] GC(53) - age   1:       9976 bytes,       9976 total
[2019-12-09T07:49:27.815+0000][1][gc,age       ] GC(53) - age   2:       2040 bytes,      12016 total
[2019-12-09T07:49:27.815+0000][1][gc,age       ] GC(53) - age   3:        992 bytes,      13008 total
[2019-12-09T07:49:27.815+0000][1][gc,age       ] GC(53) - age   4:      11984 bytes,      24992 total
[2019-12-09T07:49:27.815+0000][1][gc,age       ] GC(53) - age   5:       2936 bytes,      27928 total
[2019-12-09T07:49:27.815+0000][1][gc,heap      ] GC(53) ParNew: 69987K->42K(78656K)
[2019-12-09T07:49:27.815+0000][1][gc,heap      ] GC(53) CMS: 75168K->75168K(174784K)
[2019-12-09T07:49:27.815+0000][1][gc,metaspace ] GC(53) Metaspace: 79264K->79264K(1122304K)
[2019-12-09T07:49:27.815+0000][1][gc           ] GC(53) Pause Young (Allocation Failure) 141M->73M(247M) 1.708ms
[2019-12-09T07:49:27.815+0000][1][gc,cpu       ] GC(53) User=0.01s Sys=0.00s Real=0.00s
[2019-12-09T07:49:27.815+0000][1][safepoint    ] Leaving safepoint region
[2019-12-09T07:49:27.815+0000][1][safepoint    ] Total time for which application threads were stopped: 0.0018710 seconds, Stopping threads took: 0.0000180 seconds
[2019-12-09T07:49:28.815+0000][1][safepoint    ] Application time: 1.0000858 seconds
[2019-12-09T07:49:28.815+0000][1][safepoint    ] Entering safepoint region: Cleanup
[2019-12-09T07:49:28.815+0000][1][safepoint    ] Leaving safepoint region
[2019-12-09T07:49:28.815+0000][1][safepoint    ] Total time for which application threads were stopped: 0.0000927 seconds, Stopping threads took: 0.0000193 seconds
[2019-12-09T07:49:29.815+0000][1][safepoint    ] Application time: 1.0000742 seconds
[2019-12-09T07:49:29.815+0000][1][safepoint    ] Entering safepoint region: Cleanup
[2019-12-09T07:49:29.815+0000][1][safepoint    ] Leaving safepoint region
[2019-12-09T07:49:29.815+0000][1][safepoint    ] Total time for which application threads were stopped: 0.0000901 seconds, Stopping threads took: 0.0000182 seconds
[2019-12-09T07:49:30.815+0000][1][safepoint    ] Application time: 1.0000759 seconds
[2019-12-09T07:49:30.815+0000][1][safepoint    ] Entering safepoint region: Cleanup
[2019-12-09T07:49:30.815+0000][1][safepoint    ] Leaving safepoint region
[2019-12-09T07:49:30.815+0000][1][safepoint    ] Total time for which application threads were stopped: 0.0000911 seconds, Stopping threads took: 0.0000190 seconds
[2019-12-09T07:49:31.815+0000][1][safepoint    ] Application time: 1.0000738 seconds
[2019-12-09T07:49:31.815+0000][1][safepoint    ] Entering safepoint region: Cleanup
[2019-12-09T07:49:31.815+0000][1][safepoint    ] Leaving safepoint region
[2019-12-09T07:49:31.815+0000][1][safepoint    ] Total time for which application threads were stopped: 0.0000922 seconds, Stopping threads took: 0.0000194 seconds
[2019-12-09T07:49:32.816+0000][1][safepoint    ] Application time: 1.0000832 seconds
[2019-12-09T07:49:32.816+0000][1][safepoint    ] Entering safepoint region: Cleanup
[2019-12-09T07:49:32.816+0000][1][safepoint    ] Leaving safepoint region
[2019-12-09T07:49:32.816+0000][1][safepoint    ] Total time for which application threads were stopped: 0.0001489 seconds, Stopping threads took: 0.0000497 seconds
[2019-12-09T07:49:33.816+0000][1][safepoint    ] Application time: 1.0000835 seconds
[2019-12-09T07:49:33.816+0000][1][safepoint    ] Entering safepoint region: Cleanup
[2019-12-09T07:49:33.816+0000][1][safepoint    ] Leaving safepoint region
[2019-12-09T07:49:33.816+0000][1][safepoint    ] Total time for which application threads were stopped: 0.0000928 seconds, Stopping threads took: 0.0000186 seconds
[2019-12-09T07:49:34.816+0000][1][safepoint    ] Application time: 1.0000765 seconds
[2019-12-09T07:49:34.816+0000][1][safepoint    ] Entering safepoint region: Cleanup
[2019-12-09T07:49:34.816+0000][1][safepoint    ] Leaving safepoint region
[2019-12-09T07:49:34.816+0000][1][safepoint    ] Total time for which application threads were stopped: 0.0000974 seconds, Stopping threads took: 0.0000255 seconds
[2019-12-09T07:49:35.816+0000][1][safepoint    ] Application time: 1.0000777 seconds
[2019-12-09T07:49:35.816+0000][1][safepoint    ] Entering safepoint region: Cleanup
[2019-12-09T07:49:35.816+0000][1][safepoint    ] Leaving safepoint region
[2019-12-09T07:49:35.816+0000][1][safepoint    ] Total time for which application threads were stopped: 0.0000915 seconds, Stopping threads took: 0.0000190 seconds
[2019-12-09T07:49:36.816+0000][1][safepoint    ] Application time: 1.0000789 seconds
[2019-12-09T07:49:36.817+0000][1][safepoint    ] Entering safepoint region: Cleanup
[2019-12-09T07:49:36.817+0000][1][safepoint    ] Leaving safepoint region
[2019-12-09T07:49:36.817+0000][1][safepoint    ] Total time for which application threads were stopped: 0.0000907 seconds, Stopping threads took: 0.0000192 seconds
[2019-12-09T07:49:37.817+0000][1][safepoint    ] Application time: 1.0000761 seconds
[2019-12-09T07:49:37.817+0000][1][safepoint    ] Entering safepoint region: Cleanup
[2019-12-09T07:49:37.817+0000][1][safepoint    ] Leaving safepoint region
[2019-12-09T07:49:37.817+0000][1][safepoint    ] Total time for which application threads were stopped: 0.0001038 seconds, Stopping threads took: 0.0000186 seconds
[2019-12-09T07:49:38.817+0000][1][safepoint    ] Application time: 1.0000746 seconds
[2019-12-09T07:49:38.817+0000][1][safepoint    ] Entering safepoint region: Cleanup
[2019-12-09T07:49:38.817+0000][1][safepoint    ] Leaving safepoint region
[2019-12-09T07:49:38.817+0000][1][safepoint    ] Total time for which application threads were stopped: 0.0000939 seconds, Stopping threads took: 0.0000178 seconds
[2019-12-09T07:49:39.817+0000][1][safepoint    ] Application time: 1.0000753 seconds
[2019-12-09T07:49:39.817+0000][1][safepoint    ] Entering safepoint region: Cleanup
[2019-12-09T07:49:39.817+0000][1][safepoint    ] Leaving safepoint region
[2019-12-09T07:49:39.817+0000][1][safepoint    ] Total time for which application threads were stopped: 0.0000903 seconds, Stopping threads took: 0.0000185 seconds
[2019-12-09T07:49:40.817+0000][1][safepoint    ] Application time: 1.0000772 seconds
[2019-12-09T07:49:40.817+0000][1][safepoint    ] Entering safepoint region: Cleanup
[2019-12-09T07:49:40.817+0000][1][safepoint    ] Leaving safepoint region
[2019-12-09T07:49:40.817+0000][1][safepoint    ] Total time for which application threads were stopped: 0.0000922 seconds, Stopping threads took: 0.0000201 seconds
[2019-12-09T07:49:41.818+0000][1][safepoint    ] Application time: 1.0000754 seconds
[2019-12-09T07:49:41.818+0000][1][safepoint    ] Entering safepoint region: Cleanup
[2019-12-09T07:49:41.818+0000][1][safepoint    ] Leaving safepoint region
[2019-12-09T07:49:41.818+0000][1][safepoint    ] Total time for which application threads were stopped: 0.0000999 seconds, Stopping threads took: 0.0000188 seconds
[2019-12-09T07:49:42.818+0000][1][safepoint    ] Application time: 1.0000748 seconds
[2019-12-09T07:49:42.818+0000][1][safepoint    ] Entering safepoint region: Cleanup
[2019-12-09T07:49:42.818+0000][1][safepoint    ] Leaving safepoint region
[2019-12-09T07:49:42.818+0000][1][safepoint    ] Total time for which application threads were stopped: 0.0000903 seconds, Stopping threads took: 0.0000189 seconds
[2019-12-09T07:49:43.818+0000][1][safepoint    ] Application time: 1.0000755 seconds
[2019-12-09T07:49:43.818+0000][1][safepoint    ] Entering safepoint region: Cleanup
[2019-12-09T07:49:43.818+0000][1][safepoint    ] Leaving safepoint region
[2019-12-09T07:49:43.818+0000][1][safepoint    ] Total time for which application threads were stopped: 0.0000944 seconds, Stopping threads took: 0.0000189 seconds
[2019-12-09T07:49:44.818+0000][1][safepoint    ] Application time: 1.0000769 seconds
[2019-12-09T07:49:44.818+0000][1][safepoint    ] Entering safepoint region: Cleanup
[2019-12-09T07:49:44.818+0000][1][safepoint    ] Leaving safepoint region
[2019-12-09T07:49:44.818+0000][1][safepoint    ] Total time for which application threads were stopped: 0.0000894 seconds, Stopping threads took: 0.0000187 seconds
[2019-12-09T07:49:45.818+0000][1][safepoint    ] Application time: 1.0000756 seconds
[2019-12-09T07:49:45.818+0000][1][safepoint    ] Entering safepoint region: Cleanup
[2019-12-09T07:49:45.819+0000][1][safepoint    ] Leaving safepoint region
[2019-12-09T07:49:45.819+0000][1][safepoint    ] Total time for which application threads were stopped: 0.0000884 seconds, Stopping threads took: 0.0000181 seconds
[2019-12-09T07:49:46.819+0000][1][safepoint    ] Application time: 1.0000778 seconds
[2019-12-09T07:49:46.819+0000][1][safepoint    ] Entering safepoint region: Cleanup
[2019-12-09T07:49:46.819+0000][1][safepoint    ] Leaving safepoint region
[2019-12-09T07:49:46.819+0000][1][safepoint    ] Total time for which application threads were stopped: 0.0001007 seconds, Stopping threads took: 0.0000199 seconds
[2019-12-09T07:49:47.819+0000][1][safepoint    ] Application time: 1.0000766 seconds
[2019-12-09T07:49:47.819+0000][1][safepoint    ] Entering safepoint region: Cleanup
[2019-12-09T07:49:47.819+0000][1][safepoint    ] Leaving safepoint region
[2019-12-09T07:49:47.819+0000][1][safepoint    ] Total time for which application threads were stopped: 0.0000924 seconds, Stopping threads took: 0.0000189 seconds
[2019-12-09T07:49:48.819+0000][1][safepoint    ] Application time: 1.0000761 seconds
[2019-12-09T07:49:48.819+0000][1][safepoint    ] Entering safepoint region: Cleanup
[2019-12-09T07:49:48.819+0000][1][safepoint    ] Leaving safepoint region
[2019-12-09T07:49:48.819+0000][1][safepoint    ] Total time for which application threads were stopped: 0.0001042 seconds, Stopping threads took: 0.0000206 seconds
[2019-12-09T07:49:49.819+0000][1][safepoint    ] Application time: 1.0000743 seconds
[2019-12-09T07:49:49.819+0000][1][safepoint    ] Entering safepoint region: Cleanup
[2019-12-09T07:49:49.819+0000][1][safepoint    ] Leaving safepoint region
[2019-12-09T07:49:49.819+0000][1][safepoint    ] Total time for which application threads were stopped: 0.0000919 seconds, Stopping threads took: 0.0000183 seconds
[2019-12-09T07:49:51.617+0000][1][safepoint    ] Application time: 1.7980410 seconds
[2019-12-09T07:49:51.617+0000][1][safepoint    ] Entering safepoint region: Cleanup
[2019-12-09T07:49:51.618+0000][1][safepoint    ] Leaving safepoint region
[2019-12-09T07:49:51.618+0000][1][safepoint    ] Total time for which application threads were stopped: 0.0000851 seconds, Stopping threads took: 0.0000170 seconds
[2019-12-09T07:49:52.618+0000][1][safepoint    ] Application time: 1.0000768 seconds
[2019-12-09T07:49:52.618+0000][1][safepoint    ] Entering safepoint region: Cleanup
[2019-12-09T07:49:52.618+0000][1][safepoint    ] Leaving safepoint region
[2019-12-09T07:49:52.618+0000][1][safepoint    ] Total time for which application threads were stopped: 0.0000947 seconds, Stopping threads took: 0.0000257 seconds
[2019-12-09T07:49:53.618+0000][1][safepoint    ] Application time: 1.0000755 seconds
[2019-12-09T07:49:53.618+0000][1][safepoint    ] Entering safepoint region: Cleanup
[2019-12-09T07:49:53.618+0000][1][safepoint    ] Leaving safepoint region
[2019-12-09T07:49:53.618+0000][1][safepoint    ] Total time for which application threads were stopped: 0.0000872 seconds, Stopping threads took: 0.0000171 seconds
[2019-12-09T07:49:54.618+0000][1][safepoint    ] Application time: 1.0000752 seconds
[2019-12-09T07:49:54.618+0000][1][safepoint    ] Entering safepoint region: Cleanup
[2019-12-09T07:49:54.618+0000][1][safepoint    ] Leaving safepoint region
[2019-12-09T07:49:54.618+0000][1][safepoint    ] Total time for which application threads were stopped: 0.0000831 seconds, Stopping threads took: 0.0000166 seconds
[2019-12-09T07:49:55.618+0000][1][safepoint    ] Application time: 1.0000763 seconds
[2019-12-09T07:49:55.618+0000][1][safepoint    ] Entering safepoint region: Cleanup
[2019-12-09T07:49:55.618+0000][1][safepoint    ] Leaving safepoint region
[2019-12-09T07:49:55.618+0000][1][safepoint    ] Total time for which application threads were stopped: 0.0000885 seconds, Stopping threads took: 0.0000174 seconds
[2019-12-09T07:49:56.618+0000][1][safepoint    ] Application time: 1.0000749 seconds
[2019-12-09T07:49:56.618+0000][1][safepoint    ] Entering safepoint region: Cleanup
[2019-12-09T07:49:56.619+0000][1][safepoint    ] Leaving safepoint region
[2019-12-09T07:49:56.619+0000][1][safepoint    ] Total time for which application threads were stopped: 0.0000868 seconds, Stopping threads took: 0.0000166 seconds
[2019-12-09T07:49:57.619+0000][1][safepoint    ] Application time: 1.0000750 seconds
[2019-12-09T07:49:57.619+0000][1][safepoint    ] Entering safepoint region: Cleanup
[2019-12-09T07:49:57.619+0000][1][safepoint    ] Leaving safepoint region
[2019-12-09T07:49:57.619+0000][1][safepoint    ] Total time for which application threads were stopped: 0.0001019 seconds, Stopping threads took: 0.0000204 seconds
[2019-12-09T07:49:58.619+0000][1][safepoint    ] Application time: 1.0000739 seconds
[2019-12-09T07:49:58.619+0000][1][safepoint    ] Entering safepoint region: Cleanup
[2019-12-09T07:49:58.619+0000][1][safepoint    ] Leaving safepoint region
[2019-12-09T07:49:58.619+0000][1][safepoint    ] Total time for which application threads were stopped: 0.0000916 seconds, Stopping threads took: 0.0000188 seconds
[2019-12-09T07:49:59.619+0000][1][safepoint    ] Application time: 1.0000752 seconds
[2019-12-09T07:49:59.619+0000][1][safepoint    ] Entering safepoint region: Cleanup
[2019-12-09T07:49:59.619+0000][1][safepoint    ] Leaving safepoint region
[2019-12-09T07:49:59.619+0000][1][safepoint    ] Total time for which application threads were stopped: 0.0000967 seconds, Stopping threads took: 0.0000177 seconds
[2019-12-09T07:50:00.619+0000][1][safepoint    ] Application time: 1.0000772 seconds
[2019-12-09T07:50:00.619+0000][1][safepoint    ] Entering safepoint region: Cleanup
[2019-12-09T07:50:00.619+0000][1][safepoint    ] Leaving safepoint region
[2019-12-09T07:50:00.619+0000][1][safepoint    ] Total time for which application threads were stopped: 0.0000959 seconds, Stopping threads took: 0.0000199 seconds
[2019-12-09T07:50:01.619+0000][1][safepoint    ] Application time: 1.0000776 seconds
[2019-12-09T07:50:01.620+0000][1][safepoint    ] Entering safepoint region: Cleanup
[2019-12-09T07:50:01.620+0000][1][safepoint    ] Leaving safepoint region
[2019-12-09T07:50:01.620+0000][1][safepoint    ] Total time for which application threads were stopped: 0.0000963 seconds, Stopping threads took: 0.0000211 seconds
[2019-12-09T07:50:02.620+0000][1][safepoint    ] Application time: 1.0000932 seconds
[2019-12-09T07:50:02.620+0000][1][safepoint    ] Entering safepoint region: Cleanup
[2019-12-09T07:50:02.620+0000][1][safepoint    ] Leaving safepoint region
[2019-12-09T07:50:02.620+0000][1][safepoint    ] Total time for which application threads were stopped: 0.0000900 seconds, Stopping threads took: 0.0000194 seconds
[2019-12-09T07:50:03.620+0000][1][safepoint    ] Application time: 1.0000776 seconds
[2019-12-09T07:50:03.620+0000][1][safepoint    ] Entering safepoint region: Cleanup
[2019-12-09T07:50:03.620+0000][1][safepoint    ] Leaving safepoint region
[2019-12-09T07:50:03.620+0000][1][safepoint    ] Total time for which application threads were stopped: 0.0000884 seconds, Stopping threads took: 0.0000170 seconds
[2019-12-09T07:50:04.620+0000][1][safepoint    ] Application time: 1.0000748 seconds
[2019-12-09T07:50:04.620+0000][1][safepoint    ] Entering safepoint region: Cleanup
[2019-12-09T07:50:04.620+0000][1][safepoint    ] Leaving safepoint region
[2019-12-09T07:50:04.620+0000][1][safepoint    ] Total time for which application threads were stopped: 0.0000985 seconds, Stopping threads took: 0.0000278 seconds
[2019-12-09T07:50:05.620+0000][1][safepoint    ] Application time: 1.0000800 seconds
[2019-12-09T07:50:05.620+0000][1][safepoint    ] Entering safepoint region: Cleanup
[2019-12-09T07:50:05.620+0000][1][safepoint    ] Leaving safepoint region
[2019-12-09T07:50:05.620+0000][1][safepoint    ] Total time for which application threads were stopped: 0.0000962 seconds, Stopping threads took: 0.0000219 seconds
[2019-12-09T07:50:06.621+0000][1][safepoint    ] Application time: 1.0000757 seconds
[2019-12-09T07:50:06.621+0000][1][safepoint    ] Entering safepoint region: Cleanup
[2019-12-09T07:50:06.621+0000][1][safepoint    ] Leaving safepoint region
[2019-12-09T07:50:06.621+0000][1][safepoint    ] Total time for which application threads were stopped: 0.0001025 seconds, Stopping threads took: 0.0000209 seconds
[2019-12-09T07:50:07.621+0000][1][safepoint    ] Application time: 1.0000784 seconds
[2019-12-09T07:50:07.621+0000][1][safepoint    ] Entering safepoint region: Cleanup
[2019-12-09T07:50:07.621+0000][1][safepoint    ] Leaving safepoint region
[2019-12-09T07:50:07.621+0000][1][safepoint    ] Total time for which application threads were stopped: 0.0000908 seconds, Stopping threads took: 0.0000192 seconds
[2019-12-09T07:50:08.621+0000][1][safepoint    ] Application time: 1.0000789 seconds
[2019-12-09T07:50:08.621+0000][1][safepoint    ] Entering safepoint region: Cleanup
[2019-12-09T07:50:08.621+0000][1][safepoint    ] Leaving safepoint region
[2019-12-09T07:50:08.621+0000][1][safepoint    ] Total time for which application threads were stopped: 0.0000944 seconds, Stopping threads took: 0.0000189 seconds
[2019-12-09T07:50:09.621+0000][1][safepoint    ] Application time: 1.0000760 seconds
[2019-12-09T07:50:09.621+0000][1][safepoint    ] Entering safepoint region: Cleanup
[2019-12-09T07:50:09.621+0000][1][safepoint    ] Leaving safepoint region
[2019-12-09T07:50:09.621+0000][1][safepoint    ] Total time for which application threads were stopped: 0.0000923 seconds, Stopping threads took: 0.0000191 seconds
[2019-12-09T07:50:10.621+0000][1][safepoint    ] Application time: 1.0000756 seconds
[2019-12-09T07:50:10.621+0000][1][safepoint    ] Entering safepoint region: Cleanup
[2019-12-09T07:50:10.622+0000][1][safepoint    ] Leaving safepoint region
[2019-12-09T07:50:10.622+0000][1][safepoint    ] Total time for which application threads were stopped: 0.0000965 seconds, Stopping threads took: 0.0000235 seconds
[2019-12-09T07:50:11.622+0000][1][safepoint    ] Application time: 1.0000476 seconds
[2019-12-09T07:50:11.622+0000][1][safepoint    ] Entering safepoint region: Cleanup
[2019-12-09T07:50:11.622+0000][1][safepoint    ] Leaving safepoint region
[2019-12-09T07:50:11.622+0000][1][safepoint    ] Total time for which application threads were stopped: 0.0001124 seconds, Stopping threads took: 0.0000368 seconds
[2019-12-09T07:50:12.622+0000][1][safepoint    ] Application time: 1.0000778 seconds
[2019-12-09T07:50:12.622+0000][1][safepoint    ] Entering safepoint region: Cleanup
[2019-12-09T07:50:12.622+0000][1][safepoint    ] Leaving safepoint region
[2019-12-09T07:50:12.622+0000][1][safepoint    ] Total time for which application threads were stopped: 0.0000952 seconds, Stopping threads took: 0.0000202 seconds
[2019-12-09T07:50:14.502+0000][1][safepoint    ] Application time: 1.8799684 seconds
[2019-12-09T07:50:14.502+0000][1][safepoint    ] Entering safepoint region: Cleanup
[2019-12-09T07:50:14.502+0000][1][safepoint    ] Leaving safepoint region
[2019-12-09T07:50:14.502+0000][1][safepoint    ] Total time for which application threads were stopped: 0.0000941 seconds, Stopping threads took: 0.0000180 seconds
[2019-12-09T07:50:15.502+0000][1][safepoint    ] Application time: 1.0000822 seconds
[2019-12-09T07:50:15.502+0000][1][safepoint    ] Entering safepoint region: Cleanup
[2019-12-09T07:50:15.502+0000][1][safepoint    ] Leaving safepoint region
[2019-12-09T07:50:15.502+0000][1][safepoint    ] Total time for which application threads were stopped: 0.0000913 seconds, Stopping threads took: 0.0000198 seconds
[2019-12-09T07:50:16.502+0000][1][safepoint    ] Application time: 1.0000773 seconds
[2019-12-09T07:50:16.502+0000][1][safepoint    ] Entering safepoint region: Cleanup
[2019-12-09T07:50:16.503+0000][1][safepoint    ] Leaving safepoint region
[2019-12-09T07:50:16.503+0000][1][safepoint    ] Total time for which application threads were stopped: 0.0000934 seconds, Stopping threads took: 0.0000196 seconds
[2019-12-09T07:50:17.503+0000][1][safepoint    ] Application time: 1.0000754 seconds
[2019-12-09T07:50:17.503+0000][1][safepoint    ] Entering safepoint region: Cleanup
[2019-12-09T07:50:17.503+0000][1][safepoint    ] Leaving safepoint region
[2019-12-09T07:50:17.503+0000][1][safepoint    ] Total time for which application threads were stopped: 0.0001216 seconds, Stopping threads took: 0.0000362 seconds
[2019-12-09T07:50:18.503+0000][1][safepoint    ] Application time: 1.0000744 seconds
[2019-12-09T07:50:18.503+0000][1][safepoint    ] Entering safepoint region: Cleanup
[2019-12-09T07:50:18.503+0000][1][safepoint    ] Leaving safepoint region
[2019-12-09T07:50:18.503+0000][1][safepoint    ] Total time for which application threads were stopped: 0.0000924 seconds, Stopping threads took: 0.0000194 seconds
[2019-12-09T07:50:19.503+0000][1][safepoint    ] Application time: 1.0000768 seconds
[2019-12-09T07:50:19.503+0000][1][safepoint    ] Entering safepoint region: Cleanup
[2019-12-09T07:50:19.503+0000][1][safepoint    ] Leaving safepoint region
[2019-12-09T07:50:19.503+0000][1][safepoint    ] Total time for which application threads were stopped: 0.0000938 seconds, Stopping threads took: 0.0000205 seconds
[2019-12-09T07:50:20.503+0000][1][safepoint    ] Application time: 1.0000771 seconds
[2019-12-09T07:50:20.503+0000][1][safepoint    ] Entering safepoint region: Cleanup
[2019-12-09T07:50:20.503+0000][1][safepoint    ] Leaving safepoint region
[2019-12-09T07:50:20.503+0000][1][safepoint    ] Total time for which application threads were stopped: 0.0000995 seconds, Stopping threads took: 0.0000264 seconds
[2019-12-09T07:50:21.504+0000][1][safepoint    ] Application time: 1.0000758 seconds
[2019-12-09T07:50:21.504+0000][1][safepoint    ] Entering safepoint region: Cleanup
[2019-12-09T07:50:21.504+0000][1][safepoint    ] Leaving safepoint region
[2019-12-09T07:50:21.504+0000][1][safepoint    ] Total time for which application threads were stopped: 0.0000931 seconds, Stopping threads took: 0.0000189 seconds
[2019-12-09T07:50:22.504+0000][1][safepoint    ] Application time: 1.0000773 seconds
[2019-12-09T07:50:22.504+0000][1][safepoint    ] Entering safepoint region: Cleanup
[2019-12-09T07:50:22.504+0000][1][safepoint    ] Leaving safepoint region
[2019-12-09T07:50:22.504+0000][1][safepoint    ] Total time for which application threads were stopped: 0.0000925 seconds, Stopping threads took: 0.0000205 seconds
[2019-12-09T07:50:23.504+0000][1][safepoint    ] Application time: 1.0000758 seconds
[2019-12-09T07:50:23.504+0000][1][safepoint    ] Entering safepoint region: Cleanup
[2019-12-09T07:50:23.504+0000][1][safepoint    ] Leaving safepoint region
[2019-12-09T07:50:23.504+0000][1][safepoint    ] Total time for which application threads were stopped: 0.0001177 seconds, Stopping threads took: 0.0000232 seconds
[2019-12-09T07:50:24.504+0000][1][safepoint    ] Application time: 1.0000765 seconds
[2019-12-09T07:50:24.504+0000][1][safepoint    ] Entering safepoint region: Cleanup
[2019-12-09T07:50:24.504+0000][1][safepoint    ] Leaving safepoint region
[2019-12-09T07:50:24.504+0000][1][safepoint    ] Total time for which application threads were stopped: 0.0000844 seconds, Stopping threads took: 0.0000169 seconds
[2019-12-09T07:50:25.504+0000][1][safepoint    ] Application time: 1.0000764 seconds
[2019-12-09T07:50:25.504+0000][1][safepoint    ] Entering safepoint region: Cleanup
[2019-12-09T07:50:25.504+0000][1][safepoint    ] Leaving safepoint region
[2019-12-09T07:50:25.504+0000][1][safepoint    ] Total time for which application threads were stopped: 0.0000902 seconds, Stopping threads took: 0.0000188 seconds
[2019-12-09T07:50:26.505+0000][1][safepoint    ] Application time: 1.0000797 seconds
[2019-12-09T07:50:26.505+0000][1][safepoint    ] Entering safepoint region: Cleanup
[2019-12-09T07:50:26.505+0000][1][safepoint    ] Leaving safepoint region
[2019-12-09T07:50:26.505+0000][1][safepoint    ] Total time for which application threads were stopped: 0.0001051 seconds, Stopping threads took: 0.0000189 seconds
[2019-12-09T07:50:27.505+0000][1][safepoint    ] Application time: 1.0000771 seconds
[2019-12-09T07:50:27.505+0000][1][safepoint    ] Entering safepoint region: Cleanup
[2019-12-09T07:50:27.505+0000][1][safepoint    ] Leaving safepoint region
[2019-12-09T07:50:27.505+0000][1][safepoint    ] Total time for which application threads were stopped: 0.0000919 seconds, Stopping threads took: 0.0000203 seconds
[2019-12-09T07:50:28.505+0000][1][safepoint    ] Application time: 1.0000762 seconds
[2019-12-09T07:50:28.505+0000][1][safepoint    ] Entering safepoint region: Cleanup
[2019-12-09T07:50:28.505+0000][1][safepoint    ] Leaving safepoint region
[2019-12-09T07:50:28.505+0000][1][safepoint    ] Total time for which application threads were stopped: 0.0000939 seconds, Stopping threads took: 0.0000197 seconds
[2019-12-09T07:50:29.505+0000][1][safepoint    ] Application time: 1.0000777 seconds
[2019-12-09T07:50:29.505+0000][1][safepoint    ] Entering safepoint region: Cleanup
[2019-12-09T07:50:29.505+0000][1][safepoint    ] Leaving safepoint region
[2019-12-09T07:50:29.505+0000][1][safepoint    ] Total time for which application threads were stopped: 0.0000917 seconds, Stopping threads took: 0.0000198 seconds
[2019-12-09T07:50:30.505+0000][1][safepoint    ] Application time: 1.0000786 seconds
[2019-12-09T07:50:30.505+0000][1][safepoint    ] Entering safepoint region: Cleanup
[2019-12-09T07:50:30.506+0000][1][safepoint    ] Leaving safepoint region
[2019-12-09T07:50:30.506+0000][1][safepoint    ] Total time for which application threads were stopped: 0.0000974 seconds, Stopping threads took: 0.0000258 seconds
[2019-12-09T07:50:31.506+0000][1][safepoint    ] Application time: 1.0000763 seconds
[2019-12-09T07:50:31.506+0000][1][safepoint    ] Entering safepoint region: Cleanup
[2019-12-09T07:50:31.506+0000][1][safepoint    ] Leaving safepoint region
[2019-12-09T07:50:31.506+0000][1][safepoint    ] Total time for which application threads were stopped: 0.0000921 seconds, Stopping threads took: 0.0000192 seconds
[2019-12-09T07:50:32.506+0000][1][safepoint    ] Application time: 1.0000764 seconds
[2019-12-09T07:50:32.506+0000][1][safepoint    ] Entering safepoint region: Cleanup
[2019-12-09T07:50:32.506+0000][1][safepoint    ] Leaving safepoint region
[2019-12-09T07:50:32.506+0000][1][safepoint    ] Total time for which application threads were stopped: 0.0000921 seconds, Stopping threads took: 0.0000193 seconds
[2019-12-09T07:50:33.506+0000][1][safepoint    ] Application time: 1.0000789 seconds
[2019-12-09T07:50:33.506+0000][1][safepoint    ] Entering safepoint region: Cleanup
[2019-12-09T07:50:33.506+0000][1][safepoint    ] Leaving safepoint region
[2019-12-09T07:50:33.506+0000][1][safepoint    ] Total time for which application threads were stopped: 0.0001224 seconds, Stopping threads took: 0.0000258 seconds
[2019-12-09T07:50:34.506+0000][1][safepoint    ] Application time: 1.0000759 seconds
[2019-12-09T07:50:34.506+0000][1][safepoint    ] Entering safepoint region: Cleanup
[2019-12-09T07:50:34.506+0000][1][safepoint    ] Leaving safepoint region
[2019-12-09T07:50:34.506+0000][1][safepoint    ] Total time for which application threads were stopped: 0.0000910 seconds, Stopping threads took: 0.0000181 seconds
[2019-12-09T07:50:35.507+0000][1][safepoint    ] Application time: 1.0000763 seconds
[2019-12-09T07:50:35.507+0000][1][safepoint    ] Entering safepoint region: Cleanup
[2019-12-09T07:50:35.507+0000][1][safepoint    ] Leaving safepoint region
[2019-12-09T07:50:35.507+0000][1][safepoint    ] Total time for which application threads were stopped: 0.0001033 seconds, Stopping threads took: 0.0000177 seconds
[2019-12-09T07:50:36.507+0000][1][safepoint    ] Application time: 1.0000765 seconds
[2019-12-09T07:50:36.507+0000][1][safepoint    ] Entering safepoint region: Cleanup
[2019-12-09T07:50:36.507+0000][1][safepoint    ] Leaving safepoint region
[2019-12-09T07:50:36.507+0000][1][safepoint    ] Total time for which application threads were stopped: 0.0000942 seconds, Stopping threads took: 0.0000193 seconds
[2019-12-09T07:50:37.507+0000][1][safepoint    ] Application time: 1.0000742 seconds
[2019-12-09T07:50:37.507+0000][1][safepoint    ] Entering safepoint region: Cleanup
[2019-12-09T07:50:37.507+0000][1][safepoint    ] Leaving safepoint region
[2019-12-09T07:50:37.507+0000][1][safepoint    ] Total time for which application threads were stopped: 0.0000920 seconds, Stopping threads took: 0.0000187 seconds
[2019-12-09T07:50:38.507+0000][1][safepoint    ] Application time: 1.0000753 seconds
[2019-12-09T07:50:38.507+0000][1][safepoint    ] Entering safepoint region: Cleanup
[2019-12-09T07:50:38.507+0000][1][safepoint    ] Leaving safepoint region
[2019-12-09T07:50:38.507+0000][1][safepoint    ] Total time for which application threads were stopped: 0.0000941 seconds, Stopping threads took: 0.0000209 seconds
[2019-12-09T07:50:39.507+0000][1][safepoint    ] Application time: 1.0000756 seconds
[2019-12-09T07:50:39.507+0000][1][safepoint    ] Entering safepoint region: Cleanup
[2019-12-09T07:50:39.508+0000][1][safepoint    ] Leaving safepoint region
[2019-12-09T07:50:39.508+0000][1][safepoint    ] Total time for which application threads were stopped: 0.0000896 seconds, Stopping threads took: 0.0000190 seconds
[2019-12-09T07:50:40.508+0000][1][safepoint    ] Application time: 1.0000382 seconds
[2019-12-09T07:50:40.508+0000][1][safepoint    ] Entering safepoint region: Cleanup
[2019-12-09T07:50:40.508+0000][1][safepoint    ] Leaving safepoint region
[2019-12-09T07:50:40.508+0000][1][safepoint    ] Total time for which application threads were stopped: 0.0001041 seconds, Stopping threads took: 0.0000188 seconds
[2019-12-09T07:50:41.508+0000][1][safepoint    ] Application time: 1.0000744 seconds
[2019-12-09T07:50:41.508+0000][1][safepoint    ] Entering safepoint region: Cleanup
[2019-12-09T07:50:41.508+0000][1][safepoint    ] Leaving safepoint region
[2019-12-09T07:50:41.508+0000][1][safepoint    ] Total time for which application threads were stopped: 0.0000932 seconds, Stopping threads took: 0.0000189 seconds
[2019-12-09T07:50:42.508+0000][1][safepoint    ] Application time: 1.0000752 seconds
[2019-12-09T07:50:42.508+0000][1][safepoint    ] Entering safepoint region: Cleanup
[2019-12-09T07:50:42.508+0000][1][safepoint    ] Leaving safepoint region
[2019-12-09T07:50:42.508+0000][1][safepoint    ] Total time for which application threads were stopped: 0.0000911 seconds, Stopping threads took: 0.0000188 seconds
[2019-12-09T07:50:43.508+0000][1][safepoint    ] Application time: 1.0000871 seconds
[2019-12-09T07:50:43.508+0000][1][safepoint    ] Entering safepoint region: Cleanup
[2019-12-09T07:50:43.508+0000][1][safepoint    ] Leaving safepoint region
[2019-12-09T07:50:43.508+0000][1][safepoint    ] Total time for which application threads were stopped: 0.0001243 seconds, Stopping threads took: 0.0000259 seconds
[2019-12-09T07:50:44.509+0000][1][safepoint    ] Application time: 1.0000791 seconds
[2019-12-09T07:50:44.509+0000][1][safepoint    ] Entering safepoint region: Cleanup
[2019-12-09T07:50:44.509+0000][1][safepoint    ] Leaving safepoint region
[2019-12-09T07:50:44.509+0000][1][safepoint    ] Total time for which application threads were stopped: 0.0000895 seconds, Stopping threads took: 0.0000182 seconds
[2019-12-09T07:50:45.509+0000][1][safepoint    ] Application time: 1.0000745 seconds
[2019-12-09T07:50:45.509+0000][1][safepoint    ] Entering safepoint region: Cleanup
[2019-12-09T07:50:45.509+0000][1][safepoint    ] Leaving safepoint region
[2019-12-09T07:50:45.509+0000][1][safepoint    ] Total time for which application threads were stopped: 0.0000932 seconds, Stopping threads took: 0.0000199 seconds
[2019-12-09T07:50:46.509+0000][1][safepoint    ] Application time: 1.0000760 seconds
[2019-12-09T07:50:46.509+0000][1][safepoint    ] Entering safepoint region: Cleanup
[2019-12-09T07:50:46.509+0000][1][safepoint    ] Leaving safepoint region
[2019-12-09T07:50:46.509+0000][1][safepoint    ] Total time for which application threads were stopped: 0.0000934 seconds, Stopping threads took: 0.0000199 seconds
[2019-12-09T07:50:47.509+0000][1][safepoint    ] Application time: 1.0000760 seconds
[2019-12-09T07:50:47.509+0000][1][safepoint    ] Entering safepoint region: Cleanup
[2019-12-09T07:50:47.509+0000][1][safepoint    ] Leaving safepoint region
[2019-12-09T07:50:47.509+0000][1][safepoint    ] Total time for which application threads were stopped: 0.0000911 seconds, Stopping threads took: 0.0000188 seconds
[2019-12-09T07:50:48.509+0000][1][safepoint    ] Application time: 1.0000768 seconds
[2019-12-09T07:50:48.509+0000][1][safepoint    ] Entering safepoint region: Cleanup
[2019-12-09T07:50:48.509+0000][1][safepoint    ] Leaving safepoint region
[2019-12-09T07:50:48.509+0000][1][safepoint    ] Total time for which application threads were stopped: 0.0000934 seconds, Stopping threads took: 0.0000193 seconds
[2019-12-09T07:50:49.558+0000][1][safepoint    ] Application time: 1.0486731 seconds
[2019-12-09T07:50:49.558+0000][1][safepoint    ] Entering safepoint region: Cleanup
[2019-12-09T07:50:49.558+0000][1][safepoint    ] Leaving safepoint region
[2019-12-09T07:50:49.558+0000][1][safepoint    ] Total time for which application threads were stopped: 0.0001609 seconds, Stopping threads took: 0.0000517 seconds
[2019-12-09T07:50:50.558+0000][1][safepoint    ] Application time: 1.0001001 seconds
[2019-12-09T07:50:50.559+0000][1][safepoint    ] Entering safepoint region: Cleanup
[2019-12-09T07:50:50.559+0000][1][safepoint    ] Leaving safepoint region
[2019-12-09T07:50:50.559+0000][1][safepoint    ] Total time for which application threads were stopped: 0.0001202 seconds, Stopping threads took: 0.0000287 seconds
[2019-12-09T07:50:51.559+0000][1][safepoint    ] Application time: 1.0000909 seconds
[2019-12-09T07:50:51.559+0000][1][safepoint    ] Entering safepoint region: Cleanup
[2019-12-09T07:50:51.559+0000][1][safepoint    ] Leaving safepoint region
[2019-12-09T07:50:51.559+0000][1][safepoint    ] Total time for which application threads were stopped: 0.0001290 seconds, Stopping threads took: 0.0000271 seconds
[2019-12-09T07:50:52.559+0000][1][safepoint    ] Application time: 1.0000815 seconds
[2019-12-09T07:50:52.559+0000][1][safepoint    ] Entering safepoint region: Cleanup
[2019-12-09T07:50:52.559+0000][1][safepoint    ] Leaving safepoint region
[2019-12-09T07:50:52.559+0000][1][safepoint    ] Total time for which application threads were stopped: 0.0001419 seconds, Stopping threads took: 0.0000381 seconds
[2019-12-09T07:50:53.559+0000][1][safepoint    ] Application time: 1.0000776 seconds
[2019-12-09T07:50:53.559+0000][1][safepoint    ] Entering safepoint region: Cleanup
[2019-12-09T07:50:53.559+0000][1][safepoint    ] Leaving safepoint region
[2019-12-09T07:50:53.559+0000][1][safepoint    ] Total time for which application threads were stopped: 0.0001333 seconds, Stopping threads took: 0.0000323 seconds
[2019-12-09T07:50:54.560+0000][1][safepoint    ] Application time: 1.0000790 seconds
[2019-12-09T07:50:54.560+0000][1][safepoint    ] Entering safepoint region: Cleanup
[2019-12-09T07:50:54.560+0000][1][safepoint    ] Leaving safepoint region
[2019-12-09T07:50:54.560+0000][1][safepoint    ] Total time for which application threads were stopped: 0.0000940 seconds, Stopping threads took: 0.0000191 seconds
[2019-12-09T07:50:55.560+0000][1][safepoint    ] Application time: 1.0000794 seconds
[2019-12-09T07:50:55.560+0000][1][safepoint    ] Entering safepoint region: Cleanup
[2019-12-09T07:50:55.560+0000][1][safepoint    ] Leaving safepoint region
[2019-12-09T07:50:55.560+0000][1][safepoint    ] Total time for which application threads were stopped: 0.0000962 seconds, Stopping threads took: 0.0000191 seconds
[2019-12-09T07:50:56.560+0000][1][safepoint    ] Application time: 1.0000831 seconds
[2019-12-09T07:50:56.560+0000][1][safepoint    ] Entering safepoint region: Cleanup
[2019-12-09T07:50:56.560+0000][1][safepoint    ] Leaving safepoint region
[2019-12-09T07:50:56.560+0000][1][safepoint    ] Total time for which application threads were stopped: 0.0000942 seconds, Stopping threads took: 0.0000209 seconds
[2019-12-09T07:50:57.560+0000][1][safepoint    ] Application time: 1.0000765 seconds
[2019-12-09T07:50:57.560+0000][1][safepoint    ] Entering safepoint region: Cleanup
[2019-12-09T07:50:57.560+0000][1][safepoint    ] Leaving safepoint region
[2019-12-09T07:50:57.560+0000][1][safepoint    ] Total time for which application threads were stopped: 0.0001055 seconds, Stopping threads took: 0.0000326 seconds
[2019-12-09T07:50:58.560+0000][1][safepoint    ] Application time: 1.0000811 seconds
[2019-12-09T07:50:58.561+0000][1][safepoint    ] Entering safepoint region: Cleanup
[2019-12-09T07:50:58.561+0000][1][safepoint    ] Leaving safepoint region
[2019-12-09T07:50:58.561+0000][1][safepoint    ] Total time for which application threads were stopped: 0.0000931 seconds, Stopping threads took: 0.0000196 seconds
[2019-12-09T07:50:59.561+0000][1][safepoint    ] Application time: 1.0000745 seconds
[2019-12-09T07:50:59.561+0000][1][safepoint    ] Entering safepoint region: Cleanup
[2019-12-09T07:50:59.561+0000][1][safepoint    ] Leaving safepoint region
[2019-12-09T07:50:59.561+0000][1][safepoint    ] Total time for which application threads were stopped: 0.0000947 seconds, Stopping threads took: 0.0000202 seconds
[2019-12-09T07:51:00.561+0000][1][safepoint    ] Application time: 1.0000767 seconds
[2019-12-09T07:51:00.561+0000][1][safepoint    ] Entering safepoint region: Cleanup
[2019-12-09T07:51:00.561+0000][1][safepoint    ] Leaving safepoint region
[2019-12-09T07:51:00.561+0000][1][safepoint    ] Total time for which application threads were stopped: 0.0000976 seconds, Stopping threads took: 0.0000260 seconds
[2019-12-09T07:51:01.561+0000][1][safepoint    ] Application time: 1.0000777 seconds
[2019-12-09T07:51:01.561+0000][1][safepoint    ] Entering safepoint region: Cleanup
[2019-12-09T07:51:01.561+0000][1][safepoint    ] Leaving safepoint region
[2019-12-09T07:51:01.561+0000][1][safepoint    ] Total time for which application threads were stopped: 0.0000932 seconds, Stopping threads took: 0.0000183 seconds
[2019-12-09T07:51:02.561+0000][1][safepoint    ] Application time: 1.0000753 seconds
[2019-12-09T07:51:02.561+0000][1][safepoint    ] Entering safepoint region: Cleanup
[2019-12-09T07:51:02.561+0000][1][safepoint    ] Leaving safepoint region
[2019-12-09T07:51:02.561+0000][1][safepoint    ] Total time for which application threads were stopped: 0.0000960 seconds, Stopping threads took: 0.0000260 seconds
[2019-12-09T07:51:03.562+0000][1][safepoint    ] Application time: 1.0000743 seconds
[2019-12-09T07:51:03.562+0000][1][safepoint    ] Entering safepoint region: Cleanup
[2019-12-09T07:51:03.562+0000][1][safepoint    ] Leaving safepoint region
[2019-12-09T07:51:03.562+0000][1][safepoint    ] Total time for which application threads were stopped: 0.0000911 seconds, Stopping threads took: 0.0000179 seconds
[2019-12-09T07:51:04.562+0000][1][safepoint    ] Application time: 1.0000889 seconds
[2019-12-09T07:51:04.562+0000][1][safepoint    ] Entering safepoint region: Cleanup
[2019-12-09T07:51:04.562+0000][1][safepoint    ] Leaving safepoint region
[2019-12-09T07:51:04.562+0000][1][safepoint    ] Total time for which application threads were stopped: 0.0000908 seconds, Stopping threads took: 0.0000189 seconds
[2019-12-09T07:51:05.562+0000][1][safepoint    ] Application time: 1.0000776 seconds
[2019-12-09T07:51:05.562+0000][1][safepoint    ] Entering safepoint region: Cleanup
[2019-12-09T07:51:05.562+0000][1][safepoint    ] Leaving safepoint region
[2019-12-09T07:51:05.562+0000][1][safepoint    ] Total time for which application threads were stopped: 0.0000897 seconds, Stopping threads took: 0.0000178 seconds
[2019-12-09T07:51:06.562+0000][1][safepoint    ] Application time: 1.0000757 seconds
[2019-12-09T07:51:06.562+0000][1][safepoint    ] Entering safepoint region: Cleanup
[2019-12-09T07:51:06.562+0000][1][safepoint    ] Leaving safepoint region
[2019-12-09T07:51:06.562+0000][1][safepoint    ] Total time for which application threads were stopped: 0.0000908 seconds, Stopping threads took: 0.0000170 seconds
[2019-12-09T07:51:07.562+0000][1][safepoint    ] Application time: 1.0000767 seconds
[2019-12-09T07:51:07.562+0000][1][safepoint    ] Entering safepoint region: Cleanup
[2019-12-09T07:51:07.563+0000][1][safepoint    ] Leaving safepoint region
[2019-12-09T07:51:07.563+0000][1][safepoint    ] Total time for which application threads were stopped: 0.0000908 seconds, Stopping threads took: 0.0000180 seconds
[2019-12-09T07:51:08.563+0000][1][safepoint    ] Application time: 1.0000754 seconds
[2019-12-09T07:51:08.563+0000][1][safepoint    ] Entering safepoint region: Cleanup
[2019-12-09T07:51:08.563+0000][1][safepoint    ] Leaving safepoint region
[2019-12-09T07:51:08.563+0000][1][safepoint    ] Total time for which application threads were stopped: 0.0001002 seconds, Stopping threads took: 0.0000182 seconds
[2019-12-09T07:51:09.563+0000][1][safepoint    ] Application time: 1.0000777 seconds
[2019-12-09T07:51:09.563+0000][1][safepoint    ] Entering safepoint region: Cleanup
[2019-12-09T07:51:09.563+0000][1][safepoint    ] Leaving safepoint region
[2019-12-09T07:51:09.563+0000][1][safepoint    ] Total time for which application threads were stopped: 0.0000921 seconds, Stopping threads took: 0.0000181 seconds
[2019-12-09T07:51:10.563+0000][1][safepoint    ] Application time: 1.0000771 seconds
[2019-12-09T07:51:10.563+0000][1][safepoint    ] Entering safepoint region: Cleanup
[2019-12-09T07:51:10.563+0000][1][safepoint    ] Leaving safepoint region
[2019-12-09T07:51:10.563+0000][1][safepoint    ] Total time for which application threads were stopped: 0.0000903 seconds, Stopping threads took: 0.0000183 seconds
[2019-12-09T07:51:11.563+0000][1][safepoint    ] Application time: 1.0000754 seconds
[2019-12-09T07:51:11.563+0000][1][safepoint    ] Entering safepoint region: Cleanup
[2019-12-09T07:51:11.563+0000][1][safepoint    ] Leaving safepoint region
[2019-12-09T07:51:11.563+0000][1][safepoint    ] Total time for which application threads were stopped: 0.0000910 seconds, Stopping threads took: 0.0000185 seconds
[2019-12-09T07:51:12.563+0000][1][safepoint    ] Application time: 1.0000759 seconds
[2019-12-09T07:51:12.564+0000][1][safepoint    ] Entering safepoint region: Cleanup
[2019-12-09T07:51:12.564+0000][1][safepoint    ] Leaving safepoint region
[2019-12-09T07:51:12.564+0000][1][safepoint    ] Total time for which application threads were stopped: 0.0000997 seconds, Stopping threads took: 0.0000266 seconds
[2019-12-09T07:51:13.564+0000][1][safepoint    ] Application time: 1.0000822 seconds
[2019-12-09T07:51:13.564+0000][1][safepoint    ] Entering safepoint region: Cleanup
[2019-12-09T07:51:13.564+0000][1][safepoint    ] Leaving safepoint region
[2019-12-09T07:51:13.564+0000][1][safepoint    ] Total time for which application threads were stopped: 0.0000872 seconds, Stopping threads took: 0.0000165 seconds
[2019-12-09T07:51:14.564+0000][1][safepoint    ] Application time: 1.0000756 seconds
[2019-12-09T07:51:14.564+0000][1][safepoint    ] Entering safepoint region: Cleanup
[2019-12-09T07:51:14.564+0000][1][safepoint    ] Leaving safepoint region
[2019-12-09T07:51:14.564+0000][1][safepoint    ] Total time for which application threads were stopped: 0.0000877 seconds, Stopping threads took: 0.0000184 seconds
[2019-12-09T07:51:15.863+0000][1][safepoint    ] Application time: 1.2988620 seconds
[2019-12-09T07:51:15.863+0000][1][safepoint    ] Entering safepoint region: Cleanup
[2019-12-09T07:51:15.863+0000][1][safepoint    ] Leaving safepoint region
[2019-12-09T07:51:15.863+0000][1][safepoint    ] Total time for which application threads were stopped: 0.0000906 seconds, Stopping threads took: 0.0000181 seconds
[2019-12-09T07:51:16.863+0000][1][safepoint    ] Application time: 1.0000771 seconds
[2019-12-09T07:51:16.863+0000][1][safepoint    ] Entering safepoint region: Cleanup
[2019-12-09T07:51:16.863+0000][1][safepoint    ] Leaving safepoint region
[2019-12-09T07:51:16.863+0000][1][safepoint    ] Total time for which application threads were stopped: 0.0000880 seconds, Stopping threads took: 0.0000175 seconds
[2019-12-09T07:51:17.863+0000][1][safepoint    ] Application time: 1.0000789 seconds
[2019-12-09T07:51:17.863+0000][1][safepoint    ] Entering safepoint region: Cleanup
[2019-12-09T07:51:17.863+0000][1][safepoint    ] Leaving safepoint region
[2019-12-09T07:51:17.863+0000][1][safepoint    ] Total time for which application threads were stopped: 0.0000970 seconds, Stopping threads took: 0.0000196 seconds
[2019-12-09T07:51:18.864+0000][1][safepoint    ] Application time: 1.0000776 seconds
[2019-12-09T07:51:18.864+0000][1][safepoint    ] Entering safepoint region: Cleanup
[2019-12-09T07:51:18.864+0000][1][safepoint    ] Leaving safepoint region
[2019-12-09T07:51:18.864+0000][1][safepoint    ] Total time for which application threads were stopped: 0.0000884 seconds, Stopping threads took: 0.0000172 seconds
[2019-12-09T07:51:19.864+0000][1][safepoint    ] Application time: 1.0000748 seconds
[2019-12-09T07:51:19.864+0000][1][safepoint    ] Entering safepoint region: Cleanup
[2019-12-09T07:51:19.864+0000][1][safepoint    ] Leaving safepoint region
[2019-12-09T07:51:19.864+0000][1][safepoint    ] Total time for which application threads were stopped: 0.0000854 seconds, Stopping threads took: 0.0000166 seconds
[2019-12-09T07:51:20.864+0000][1][safepoint    ] Application time: 1.0000878 seconds
[2019-12-09T07:51:20.864+0000][1][safepoint    ] Entering safepoint region: Cleanup
[2019-12-09T07:51:20.864+0000][1][safepoint    ] Leaving safepoint region
[2019-12-09T07:51:20.864+0000][1][safepoint    ] Total time for which application threads were stopped: 0.0001258 seconds, Stopping threads took: 0.0000282 seconds
[2019-12-09T07:51:21.864+0000][1][safepoint    ] Application time: 1.0000755 seconds
[2019-12-09T07:51:21.864+0000][1][safepoint    ] Entering safepoint region: Cleanup
[2019-12-09T07:51:21.864+0000][1][safepoint    ] Leaving safepoint region
[2019-12-09T07:51:21.864+0000][1][safepoint    ] Total time for which application threads were stopped: 0.0000911 seconds, Stopping threads took: 0.0000191 seconds
[2019-12-09T07:51:22.853+0000][1][safepoint    ] Application time: 0.9886988 seconds
[2019-12-09T07:51:22.853+0000][1][safepoint    ] Entering safepoint region: GenCollectForAllocation
[2019-12-09T07:51:22.853+0000][1][gc,start     ] GC(54) Pause Young (Allocation Failure)
[2019-12-09T07:51:22.853+0000][1][gc,task      ] GC(54) Using 2 workers of 2 for evacuation
[2019-12-09T07:51:22.855+0000][1][gc,age       ] GC(54) Desired survivor size 4456448 bytes, new threshold 6 (max threshold 6)
[2019-12-09T07:51:22.855+0000][1][gc,age       ] GC(54) Age table with threshold 6 (max threshold 6)
[2019-12-09T07:51:22.855+0000][1][gc,age       ] GC(54) - age   1:       8496 bytes,       8496 total
[2019-12-09T07:51:22.855+0000][1][gc,age       ] GC(54) - age   2:       1280 bytes,       9776 total
[2019-12-09T07:51:22.855+0000][1][gc,age       ] GC(54) - age   3:       1920 bytes,      11696 total
[2019-12-09T07:51:22.855+0000][1][gc,age       ] GC(54) - age   4:        872 bytes,      12568 total
[2019-12-09T07:51:22.855+0000][1][gc,age       ] GC(54) - age   5:      11984 bytes,      24552 total
[2019-12-09T07:51:22.855+0000][1][gc,age       ] GC(54) - age   6:       2936 bytes,      27488 total
[2019-12-09T07:51:22.855+0000][1][gc,heap      ] GC(54) ParNew: 69994K->41K(78656K)
[2019-12-09T07:51:22.855+0000][1][gc,heap      ] GC(54) CMS: 75168K->75168K(174784K)
[2019-12-09T07:51:22.855+0000][1][gc,metaspace ] GC(54) Metaspace: 79269K->79269K(1122304K)
[2019-12-09T07:51:22.855+0000][1][gc           ] GC(54) Pause Young (Allocation Failure) 141M->73M(247M) 1.718ms
[2019-12-09T07:51:22.855+0000][1][gc,cpu       ] GC(54) User=0.00s Sys=0.00s Real=0.01s
[2019-12-09T07:51:22.855+0000][1][safepoint    ] Leaving safepoint region
[2019-12-09T07:51:22.855+0000][1][safepoint    ] Total time for which application threads were stopped: 0.0018896 seconds, Stopping threads took: 0.0000278 seconds
[2019-12-09T07:51:23.855+0000][1][safepoint    ] Application time: 1.0000854 seconds
[2019-12-09T07:51:23.855+0000][1][safepoint    ] Entering safepoint region: Cleanup
[2019-12-09T07:51:23.855+0000][1][safepoint    ] Leaving safepoint region
[2019-12-09T07:51:23.855+0000][1][safepoint    ] Total time for which application threads were stopped: 0.0000928 seconds, Stopping threads took: 0.0000187 seconds
[2019-12-09T07:51:24.855+0000][1][safepoint    ] Application time: 1.0000749 seconds
[2019-12-09T07:51:24.855+0000][1][safepoint    ] Entering safepoint region: Cleanup
[2019-12-09T07:51:24.855+0000][1][safepoint    ] Leaving safepoint region
[2019-12-09T07:51:24.855+0000][1][safepoint    ] Total time for which application threads were stopped: 0.0000932 seconds, Stopping threads took: 0.0000207 seconds
[2019-12-09T07:51:25.855+0000][1][safepoint    ] Application time: 1.0000781 seconds
[2019-12-09T07:51:25.856+0000][1][safepoint    ] Entering safepoint region: Cleanup
[2019-12-09T07:51:25.856+0000][1][safepoint    ] Leaving safepoint region
[2019-12-09T07:51:25.856+0000][1][safepoint    ] Total time for which application threads were stopped: 0.0000918 seconds, Stopping threads took: 0.0000192 seconds
[2019-12-09T07:51:26.856+0000][1][safepoint    ] Application time: 1.0000815 seconds
[2019-12-09T07:51:26.856+0000][1][safepoint    ] Entering safepoint region: Cleanup
[2019-12-09T07:51:26.856+0000][1][safepoint    ] Leaving safepoint region
[2019-12-09T07:51:26.856+0000][1][safepoint    ] Total time for which application threads were stopped: 0.0000937 seconds, Stopping threads took: 0.0000189 seconds
[2019-12-09T07:51:27.856+0000][1][safepoint    ] Application time: 1.0000838 seconds
[2019-12-09T07:51:27.856+0000][1][safepoint    ] Entering safepoint region: Cleanup
[2019-12-09T07:51:27.856+0000][1][safepoint    ] Leaving safepoint region
[2019-12-09T07:51:27.856+0000][1][safepoint    ] Total time for which application threads were stopped: 0.0001513 seconds, Stopping threads took: 0.0000716 seconds
[2019-12-09T07:51:28.856+0000][1][safepoint    ] Application time: 1.0000834 seconds
[2019-12-09T07:51:28.856+0000][1][safepoint    ] Entering safepoint region: Cleanup
[2019-12-09T07:51:28.856+0000][1][safepoint    ] Leaving safepoint region
[2019-12-09T07:51:28.856+0000][1][safepoint    ] Total time for which application threads were stopped: 0.0000994 seconds, Stopping threads took: 0.0000194 seconds
[2019-12-09T07:51:29.856+0000][1][safepoint    ] Application time: 1.0000769 seconds
[2019-12-09T07:51:29.856+0000][1][safepoint    ] Entering safepoint region: Cleanup
[2019-12-09T07:51:29.857+0000][1][safepoint    ] Leaving safepoint region
[2019-12-09T07:51:29.857+0000][1][safepoint    ] Total time for which application threads were stopped: 0.0001002 seconds, Stopping threads took: 0.0000272 seconds
[2019-12-09T07:51:30.857+0000][1][safepoint    ] Application time: 1.0000771 seconds
[2019-12-09T07:51:30.857+0000][1][safepoint    ] Entering safepoint region: Cleanup
[2019-12-09T07:51:30.857+0000][1][safepoint    ] Leaving safepoint region
[2019-12-09T07:51:30.857+0000][1][safepoint    ] Total time for which application threads were stopped: 0.0000906 seconds, Stopping threads took: 0.0000190 seconds
[2019-12-09T07:51:31.857+0000][1][safepoint    ] Application time: 1.0000782 seconds
[2019-12-09T07:51:31.857+0000][1][safepoint    ] Entering safepoint region: Cleanup
[2019-12-09T07:51:31.857+0000][1][safepoint    ] Leaving safepoint region
[2019-12-09T07:51:31.857+0000][1][safepoint    ] Total time for which application threads were stopped: 0.0000921 seconds, Stopping threads took: 0.0000188 seconds
[2019-12-09T07:51:32.857+0000][1][safepoint    ] Application time: 1.0000770 seconds
[2019-12-09T07:51:32.857+0000][1][safepoint    ] Entering safepoint region: Cleanup
[2019-12-09T07:51:32.857+0000][1][safepoint    ] Leaving safepoint region
[2019-12-09T07:51:32.857+0000][1][safepoint    ] Total time for which application threads were stopped: 0.0000989 seconds, Stopping threads took: 0.0000190 seconds
[2019-12-09T07:51:33.857+0000][1][safepoint    ] Application time: 1.0000766 seconds
[2019-12-09T07:51:33.857+0000][1][safepoint    ] Entering safepoint region: Cleanup
[2019-12-09T07:51:33.857+0000][1][safepoint    ] Leaving safepoint region
[2019-12-09T07:51:33.857+0000][1][safepoint    ] Total time for which application threads were stopped: 0.0000931 seconds, Stopping threads took: 0.0000192 seconds
[2019-12-09T07:51:34.858+0000][1][safepoint    ] Application time: 1.0000794 seconds
[2019-12-09T07:51:34.858+0000][1][safepoint    ] Entering safepoint region: Cleanup
[2019-12-09T07:51:34.858+0000][1][safepoint    ] Leaving safepoint region
[2019-12-09T07:51:34.858+0000][1][safepoint    ] Total time for which application threads were stopped: 0.0000907 seconds, Stopping threads took: 0.0000185 seconds
[2019-12-09T07:51:35.858+0000][1][safepoint    ] Application time: 1.0000465 seconds
[2019-12-09T07:51:35.858+0000][1][safepoint    ] Entering safepoint region: Cleanup
[2019-12-09T07:51:35.858+0000][1][safepoint    ] Leaving safepoint region
[2019-12-09T07:51:35.858+0000][1][safepoint    ] Total time for which application threads were stopped: 0.0000954 seconds, Stopping threads took: 0.0000198 seconds
[2019-12-09T07:51:36.858+0000][1][safepoint    ] Application time: 1.0000787 seconds
[2019-12-09T07:51:36.858+0000][1][safepoint    ] Entering safepoint region: Cleanup
[2019-12-09T07:51:36.858+0000][1][safepoint    ] Leaving safepoint region
[2019-12-09T07:51:36.858+0000][1][safepoint    ] Total time for which application threads were stopped: 0.0000956 seconds, Stopping threads took: 0.0000190 seconds
[2019-12-09T07:51:37.858+0000][1][safepoint    ] Application time: 1.0000794 seconds
[2019-12-09T07:51:37.858+0000][1][safepoint    ] Entering safepoint region: Cleanup
[2019-12-09T07:51:37.858+0000][1][safepoint    ] Leaving safepoint region
[2019-12-09T07:51:37.858+0000][1][safepoint    ] Total time for which application threads were stopped: 0.0000952 seconds, Stopping threads took: 0.0000192 seconds
[2019-12-09T07:51:38.858+0000][1][safepoint    ] Application time: 1.0000848 seconds
[2019-12-09T07:51:38.858+0000][1][safepoint    ] Entering safepoint region: Cleanup
[2019-12-09T07:51:38.858+0000][1][safepoint    ] Leaving safepoint region
[2019-12-09T07:51:38.858+0000][1][safepoint    ] Total time for which application threads were stopped: 0.0000915 seconds, Stopping threads took: 0.0000195 seconds
[2019-12-09T07:51:39.859+0000][1][safepoint    ] Application time: 1.0000792 seconds
[2019-12-09T07:51:39.859+0000][1][safepoint    ] Entering safepoint region: Cleanup
[2019-12-09T07:51:39.859+0000][1][safepoint    ] Leaving safepoint region
[2019-12-09T07:51:39.859+0000][1][safepoint    ] Total time for which application threads were stopped: 0.0001067 seconds, Stopping threads took: 0.0000202 seconds
[2019-12-09T07:51:40.859+0000][1][safepoint    ] Application time: 1.0000735 seconds
[2019-12-09T07:51:40.859+0000][1][safepoint    ] Entering safepoint region: Cleanup
[2019-12-09T07:51:40.859+0000][1][safepoint    ] Leaving safepoint region
[2019-12-09T07:51:40.859+0000][1][safepoint    ] Total time for which application threads were stopped: 0.0000906 seconds, Stopping threads took: 0.0000185 seconds
[2019-12-09T07:51:41.859+0000][1][safepoint    ] Application time: 1.0000825 seconds
[2019-12-09T07:51:41.859+0000][1][safepoint    ] Entering safepoint region: Cleanup
[2019-12-09T07:51:41.859+0000][1][safepoint    ] Leaving safepoint region
[2019-12-09T07:51:41.859+0000][1][safepoint    ] Total time for which application threads were stopped: 0.0000917 seconds, Stopping threads took: 0.0000189 seconds
[2019-12-09T07:51:42.859+0000][1][safepoint    ] Application time: 1.0000792 seconds
[2019-12-09T07:51:42.859+0000][1][safepoint    ] Entering safepoint region: Cleanup
[2019-12-09T07:51:42.859+0000][1][safepoint    ] Leaving safepoint region
[2019-12-09T07:51:42.859+0000][1][safepoint    ] Total time for which application threads were stopped: 0.0001051 seconds, Stopping threads took: 0.0000197 seconds
[2019-12-09T07:51:43.859+0000][1][safepoint    ] Application time: 1.0000827 seconds
[2019-12-09T07:51:43.860+0000][1][safepoint    ] Entering safepoint region: Cleanup
[2019-12-09T07:51:43.860+0000][1][safepoint    ] Leaving safepoint region
[2019-12-09T07:51:43.860+0000][1][safepoint    ] Total time for which application threads were stopped: 0.0001031 seconds, Stopping threads took: 0.0000194 seconds
[2019-12-09T07:51:44.860+0000][1][safepoint    ] Application time: 1.0000818 seconds
[2019-12-09T07:51:44.860+0000][1][safepoint    ] Entering safepoint region: Cleanup
[2019-12-09T07:51:44.860+0000][1][safepoint    ] Leaving safepoint region
[2019-12-09T07:51:44.860+0000][1][safepoint    ] Total time for which application threads were stopped: 0.0000957 seconds, Stopping threads took: 0.0000197 seconds
[2019-12-09T07:51:45.860+0000][1][safepoint    ] Application time: 1.0001949 seconds
[2019-12-09T07:51:45.860+0000][1][safepoint    ] Entering safepoint region: Cleanup
[2019-12-09T07:51:45.860+0000][1][safepoint    ] Leaving safepoint region
[2019-12-09T07:51:45.860+0000][1][safepoint    ] Total time for which application threads were stopped: 0.0000989 seconds, Stopping threads took: 0.0000220 seconds
[2019-12-09T07:51:46.860+0000][1][safepoint    ] Application time: 1.0000858 seconds
[2019-12-09T07:51:46.860+0000][1][safepoint    ] Entering safepoint region: Cleanup
[2019-12-09T07:51:46.860+0000][1][safepoint    ] Leaving safepoint region
[2019-12-09T07:51:46.860+0000][1][safepoint    ] Total time for which application threads were stopped: 0.0001343 seconds, Stopping threads took: 0.0000267 seconds
[2019-12-09T07:51:47.861+0000][1][safepoint    ] Application time: 1.0000823 seconds
[2019-12-09T07:51:47.861+0000][1][safepoint    ] Entering safepoint region: Cleanup
[2019-12-09T07:51:47.861+0000][1][safepoint    ] Leaving safepoint region
[2019-12-09T07:51:47.861+0000][1][safepoint    ] Total time for which application threads were stopped: 0.0001497 seconds, Stopping threads took: 0.0000274 seconds
[2019-12-09T07:51:48.861+0000][1][safepoint    ] Application time: 1.0000735 seconds
[2019-12-09T07:51:48.861+0000][1][safepoint    ] Entering safepoint region: Cleanup
[2019-12-09T07:51:48.861+0000][1][safepoint    ] Leaving safepoint region
[2019-12-09T07:51:48.861+0000][1][safepoint    ] Total time for which application threads were stopped: 0.0000953 seconds, Stopping threads took: 0.0000205 seconds
[2019-12-09T07:51:49.861+0000][1][safepoint    ] Application time: 1.0000765 seconds
[2019-12-09T07:51:49.861+0000][1][safepoint    ] Entering safepoint region: Cleanup
[2019-12-09T07:51:49.861+0000][1][safepoint    ] Leaving safepoint region
[2019-12-09T07:51:49.861+0000][1][safepoint    ] Total time for which application threads were stopped: 0.0000936 seconds, Stopping threads took: 0.0000196 seconds
[2019-12-09T07:51:50.861+0000][1][safepoint    ] Application time: 1.0000755 seconds
[2019-12-09T07:51:50.861+0000][1][safepoint    ] Entering safepoint region: Cleanup
[2019-12-09T07:51:50.861+0000][1][safepoint    ] Leaving safepoint region
[2019-12-09T07:51:50.861+0000][1][safepoint    ] Total time for which application threads were stopped: 0.0000940 seconds, Stopping threads took: 0.0000201 seconds
[2019-12-09T07:51:51.862+0000][1][safepoint    ] Application time: 1.0000760 seconds
[2019-12-09T07:51:51.862+0000][1][safepoint    ] Entering safepoint region: Cleanup
[2019-12-09T07:51:51.862+0000][1][safepoint    ] Leaving safepoint region
[2019-12-09T07:51:51.862+0000][1][safepoint    ] Total time for which application threads were stopped: 0.0000965 seconds, Stopping threads took: 0.0000207 seconds
[2019-12-09T07:51:52.862+0000][1][safepoint    ] Application time: 1.0000757 seconds
[2019-12-09T07:51:52.862+0000][1][safepoint    ] Entering safepoint region: Cleanup
[2019-12-09T07:51:52.862+0000][1][safepoint    ] Leaving safepoint region
[2019-12-09T07:51:52.862+0000][1][safepoint    ] Total time for which application threads were stopped: 0.0000900 seconds, Stopping threads took: 0.0000178 seconds
[2019-12-09T07:51:53.862+0000][1][safepoint    ] Application time: 1.0000752 seconds
[2019-12-09T07:51:53.862+0000][1][safepoint    ] Entering safepoint region: Cleanup
[2019-12-09T07:51:53.862+0000][1][safepoint    ] Leaving safepoint region
[2019-12-09T07:51:53.862+0000][1][safepoint    ] Total time for which application threads were stopped: 0.0000929 seconds, Stopping threads took: 0.0000195 seconds
[2019-12-09T07:51:54.862+0000][1][safepoint    ] Application time: 1.0000759 seconds
[2019-12-09T07:51:54.862+0000][1][safepoint    ] Entering safepoint region: Cleanup
[2019-12-09T07:51:54.862+0000][1][safepoint    ] Leaving safepoint region
[2019-12-09T07:51:54.862+0000][1][safepoint    ] Total time for which application threads were stopped: 0.0000896 seconds, Stopping threads took: 0.0000176 seconds
[2019-12-09T07:51:55.862+0000][1][safepoint    ] Application time: 1.0000752 seconds
[2019-12-09T07:51:55.862+0000][1][safepoint    ] Entering safepoint region: Cleanup
[2019-12-09T07:51:55.862+0000][1][safepoint    ] Leaving safepoint region
[2019-12-09T07:51:55.862+0000][1][safepoint    ] Total time for which application threads were stopped: 0.0000981 seconds, Stopping threads took: 0.0000222 seconds
[2019-12-09T07:51:56.863+0000][1][safepoint    ] Application time: 1.0000748 seconds
[2019-12-09T07:51:56.863+0000][1][safepoint    ] Entering safepoint region: Cleanup
[2019-12-09T07:51:56.863+0000][1][safepoint    ] Leaving safepoint region
[2019-12-09T07:51:56.863+0000][1][safepoint    ] Total time for which application threads were stopped: 0.0001079 seconds, Stopping threads took: 0.0000178 seconds
[2019-12-09T07:51:57.863+0000][1][safepoint    ] Application time: 1.0000757 seconds
[2019-12-09T07:51:57.863+0000][1][safepoint    ] Entering safepoint region: Cleanup
[2019-12-09T07:51:57.863+0000][1][safepoint    ] Leaving safepoint region
[2019-12-09T07:51:57.863+0000][1][safepoint    ] Total time for which application threads were stopped: 0.0000932 seconds, Stopping threads took: 0.0000202 seconds
[2019-12-09T07:51:58.863+0000][1][safepoint    ] Application time: 1.0000745 seconds
[2019-12-09T07:51:58.863+0000][1][safepoint    ] Entering safepoint region: Cleanup
[2019-12-09T07:51:58.863+0000][1][safepoint    ] Leaving safepoint region
[2019-12-09T07:51:58.863+0000][1][safepoint    ] Total time for which application threads were stopped: 0.0000930 seconds, Stopping threads took: 0.0000194 seconds
[2019-12-09T07:51:59.863+0000][1][safepoint    ] Application time: 1.0000742 seconds
[2019-12-09T07:51:59.863+0000][1][safepoint    ] Entering safepoint region: Cleanup
[2019-12-09T07:51:59.863+0000][1][safepoint    ] Leaving safepoint region
[2019-12-09T07:51:59.863+0000][1][safepoint    ] Total time for which application threads were stopped: 0.0000982 seconds, Stopping threads took: 0.0000254 seconds
[2019-12-09T07:52:00.863+0000][1][safepoint    ] Application time: 1.0000751 seconds
[2019-12-09T07:52:00.864+0000][1][safepoint    ] Entering safepoint region: Cleanup
[2019-12-09T07:52:00.864+0000][1][safepoint    ] Leaving safepoint region
[2019-12-09T07:52:00.864+0000][1][safepoint    ] Total time for which application threads were stopped: 0.0001015 seconds, Stopping threads took: 0.0000180 seconds
[2019-12-09T07:52:01.864+0000][1][safepoint    ] Application time: 1.0000387 seconds
[2019-12-09T07:52:01.864+0000][1][safepoint    ] Entering safepoint region: Cleanup
[2019-12-09T07:52:01.864+0000][1][safepoint    ] Leaving safepoint region
[2019-12-09T07:52:01.864+0000][1][safepoint    ] Total time for which application threads were stopped: 0.0001293 seconds, Stopping threads took: 0.0000288 seconds
[2019-12-09T07:52:03.589+0000][1][safepoint    ] Application time: 1.7254056 seconds
[2019-12-09T07:52:03.589+0000][1][safepoint    ] Entering safepoint region: Cleanup
[2019-12-09T07:52:03.589+0000][1][safepoint    ] Leaving safepoint region
[2019-12-09T07:52:03.589+0000][1][safepoint    ] Total time for which application threads were stopped: 0.0000879 seconds, Stopping threads took: 0.0000170 seconds
[2019-12-09T07:52:04.589+0000][1][safepoint    ] Application time: 1.0000813 seconds
[2019-12-09T07:52:04.590+0000][1][safepoint    ] Entering safepoint region: Cleanup
[2019-12-09T07:52:04.590+0000][1][safepoint    ] Leaving safepoint region
[2019-12-09T07:52:04.590+0000][1][safepoint    ] Total time for which application threads were stopped: 0.0000957 seconds, Stopping threads took: 0.0000207 seconds
[2019-12-09T07:52:05.590+0000][1][safepoint    ] Application time: 1.0000937 seconds
[2019-12-09T07:52:05.590+0000][1][safepoint    ] Entering safepoint region: Cleanup
[2019-12-09T07:52:05.590+0000][1][safepoint    ] Leaving safepoint region
[2019-12-09T07:52:05.590+0000][1][safepoint    ] Total time for which application threads were stopped: 0.0000971 seconds, Stopping threads took: 0.0000198 seconds
[2019-12-09T07:52:06.590+0000][1][safepoint    ] Application time: 1.0000816 seconds
[2019-12-09T07:52:06.590+0000][1][safepoint    ] Entering safepoint region: Cleanup
[2019-12-09T07:52:06.590+0000][1][safepoint    ] Leaving safepoint region
[2019-12-09T07:52:06.590+0000][1][safepoint    ] Total time for which application threads were stopped: 0.0000941 seconds, Stopping threads took: 0.0000198 seconds
[2019-12-09T07:52:07.590+0000][1][safepoint    ] Application time: 1.0001100 seconds
[2019-12-09T07:52:07.590+0000][1][safepoint    ] Entering safepoint region: Cleanup
[2019-12-09T07:52:07.590+0000][1][safepoint    ] Leaving safepoint region
[2019-12-09T07:52:07.590+0000][1][safepoint    ] Total time for which application threads were stopped: 0.0001567 seconds, Stopping threads took: 0.0000816 seconds
[2019-12-09T07:52:08.590+0000][1][safepoint    ] Application time: 1.0000909 seconds
[2019-12-09T07:52:08.591+0000][1][safepoint    ] Entering safepoint region: Cleanup
[2019-12-09T07:52:08.591+0000][1][safepoint    ] Leaving safepoint region
[2019-12-09T07:52:08.591+0000][1][safepoint    ] Total time for which application threads were stopped: 0.0001341 seconds, Stopping threads took: 0.0000523 seconds
[2019-12-09T07:52:09.591+0000][1][safepoint    ] Application time: 1.0001675 seconds
[2019-12-09T07:52:09.591+0000][1][safepoint    ] Entering safepoint region: Cleanup
[2019-12-09T07:52:09.591+0000][1][safepoint    ] Leaving safepoint region
[2019-12-09T07:52:09.591+0000][1][safepoint    ] Total time for which application threads were stopped: 0.0001031 seconds, Stopping threads took: 0.0000236 seconds
[2019-12-09T07:52:10.591+0000][1][safepoint    ] Application time: 1.0000954 seconds
[2019-12-09T07:52:10.591+0000][1][safepoint    ] Entering safepoint region: Cleanup
[2019-12-09T07:52:10.591+0000][1][safepoint    ] Leaving safepoint region
[2019-12-09T07:52:10.591+0000][1][safepoint    ] Total time for which application threads were stopped: 0.0001247 seconds, Stopping threads took: 0.0000254 seconds
[2019-12-09T07:52:11.591+0000][1][safepoint    ] Application time: 1.0000753 seconds
[2019-12-09T07:52:11.591+0000][1][safepoint    ] Entering safepoint region: Cleanup
[2019-12-09T07:52:11.592+0000][1][safepoint    ] Leaving safepoint region
[2019-12-09T07:52:11.592+0000][1][safepoint    ] Total time for which application threads were stopped: 0.0001428 seconds, Stopping threads took: 0.0000342 seconds
[2019-12-09T07:52:12.592+0000][1][safepoint    ] Application time: 1.0000751 seconds
[2019-12-09T07:52:12.592+0000][1][safepoint    ] Entering safepoint region: Cleanup
[2019-12-09T07:52:12.592+0000][1][safepoint    ] Leaving safepoint region
[2019-12-09T07:52:12.592+0000][1][safepoint    ] Total time for which application threads were stopped: 0.0001017 seconds, Stopping threads took: 0.0000187 seconds
[2019-12-09T07:52:13.592+0000][1][safepoint    ] Application time: 1.0000757 seconds
[2019-12-09T07:52:13.592+0000][1][safepoint    ] Entering safepoint region: Cleanup
[2019-12-09T07:52:13.592+0000][1][safepoint    ] Leaving safepoint region
[2019-12-09T07:52:13.592+0000][1][safepoint    ] Total time for which application threads were stopped: 0.0001072 seconds, Stopping threads took: 0.0000205 seconds
[2019-12-09T07:52:14.592+0000][1][safepoint    ] Application time: 1.0000742 seconds
[2019-12-09T07:52:14.592+0000][1][safepoint    ] Entering safepoint region: Cleanup
[2019-12-09T07:52:14.592+0000][1][safepoint    ] Leaving safepoint region
[2019-12-09T07:52:14.592+0000][1][safepoint    ] Total time for which application threads were stopped: 0.0000923 seconds, Stopping threads took: 0.0000190 seconds
[2019-12-09T07:52:15.592+0000][1][safepoint    ] Application time: 1.0000774 seconds
[2019-12-09T07:52:15.592+0000][1][safepoint    ] Entering safepoint region: Cleanup
[2019-12-09T07:52:15.592+0000][1][safepoint    ] Leaving safepoint region
[2019-12-09T07:52:15.592+0000][1][safepoint    ] Total time for which application threads were stopped: 0.0000944 seconds, Stopping threads took: 0.0000199 seconds
[2019-12-09T07:52:16.592+0000][1][safepoint    ] Application time: 1.0000771 seconds
[2019-12-09T07:52:16.593+0000][1][safepoint    ] Entering safepoint region: Cleanup
[2019-12-09T07:52:16.593+0000][1][safepoint    ] Leaving safepoint region
[2019-12-09T07:52:16.593+0000][1][safepoint    ] Total time for which application threads were stopped: 0.0001121 seconds, Stopping threads took: 0.0000201 seconds
[2019-12-09T07:52:17.593+0000][1][safepoint    ] Application time: 1.0000805 seconds
[2019-12-09T07:52:17.593+0000][1][safepoint    ] Entering safepoint region: Cleanup
[2019-12-09T07:52:17.593+0000][1][safepoint    ] Leaving safepoint region
[2019-12-09T07:52:17.593+0000][1][safepoint    ] Total time for which application threads were stopped: 0.0000921 seconds, Stopping threads took: 0.0000194 seconds
[2019-12-09T07:52:18.593+0000][1][safepoint    ] Application time: 1.0000751 seconds
[2019-12-09T07:52:18.593+0000][1][safepoint    ] Entering safepoint region: Cleanup
[2019-12-09T07:52:18.593+0000][1][safepoint    ] Leaving safepoint region
[2019-12-09T07:52:18.593+0000][1][safepoint    ] Total time for which application threads were stopped: 0.0000931 seconds, Stopping threads took: 0.0000193 seconds
[2019-12-09T07:52:19.593+0000][1][safepoint    ] Application time: 1.0000755 seconds
[2019-12-09T07:52:19.593+0000][1][safepoint    ] Entering safepoint region: Cleanup
[2019-12-09T07:52:19.593+0000][1][safepoint    ] Leaving safepoint region
[2019-12-09T07:52:19.593+0000][1][safepoint    ] Total time for which application threads were stopped: 0.0000928 seconds, Stopping threads took: 0.0000195 seconds
[2019-12-09T07:52:20.593+0000][1][safepoint    ] Application time: 1.0000758 seconds
[2019-12-09T07:52:20.593+0000][1][safepoint    ] Entering safepoint region: Cleanup
[2019-12-09T07:52:20.593+0000][1][safepoint    ] Leaving safepoint region
[2019-12-09T07:52:20.593+0000][1][safepoint    ] Total time for which application threads were stopped: 0.0000951 seconds, Stopping threads took: 0.0000206 seconds
[2019-12-09T07:52:21.594+0000][1][safepoint    ] Application time: 1.0000745 seconds
[2019-12-09T07:52:21.594+0000][1][safepoint    ] Entering safepoint region: Cleanup
[2019-12-09T07:52:21.594+0000][1][safepoint    ] Leaving safepoint region
[2019-12-09T07:52:21.594+0000][1][safepoint    ] Total time for which application threads were stopped: 0.0001045 seconds, Stopping threads took: 0.0000175 seconds
[2019-12-09T07:52:22.594+0000][1][safepoint    ] Application time: 1.0000754 seconds
[2019-12-09T07:52:22.594+0000][1][safepoint    ] Entering safepoint region: Cleanup
[2019-12-09T07:52:22.594+0000][1][safepoint    ] Leaving safepoint region
[2019-12-09T07:52:22.594+0000][1][safepoint    ] Total time for which application threads were stopped: 0.0000904 seconds, Stopping threads took: 0.0000187 seconds
[2019-12-09T07:52:23.594+0000][1][safepoint    ] Application time: 1.0000723 seconds
[2019-12-09T07:52:23.594+0000][1][safepoint    ] Entering safepoint region: Cleanup
[2019-12-09T07:52:23.594+0000][1][safepoint    ] Leaving safepoint region
[2019-12-09T07:52:23.594+0000][1][safepoint    ] Total time for which application threads were stopped: 0.0000919 seconds, Stopping threads took: 0.0000189 seconds
[2019-12-09T07:52:24.594+0000][1][safepoint    ] Application time: 1.0000737 seconds
[2019-12-09T07:52:24.594+0000][1][safepoint    ] Entering safepoint region: Cleanup
[2019-12-09T07:52:24.594+0000][1][safepoint    ] Leaving safepoint region
[2019-12-09T07:52:24.594+0000][1][safepoint    ] Total time for which application threads were stopped: 0.0000970 seconds, Stopping threads took: 0.0000198 seconds
[2019-12-09T07:52:25.594+0000][1][safepoint    ] Application time: 1.0000738 seconds
[2019-12-09T07:52:25.594+0000][1][safepoint    ] Entering safepoint region: Cleanup
[2019-12-09T07:52:25.595+0000][1][safepoint    ] Leaving safepoint region
[2019-12-09T07:52:25.595+0000][1][safepoint    ] Total time for which application threads were stopped: 0.0000949 seconds, Stopping threads took: 0.0000182 seconds
[2019-12-09T07:52:26.595+0000][1][safepoint    ] Application time: 1.0000769 seconds
[2019-12-09T07:52:26.595+0000][1][safepoint    ] Entering safepoint region: Cleanup
[2019-12-09T07:52:26.595+0000][1][safepoint    ] Leaving safepoint region
[2019-12-09T07:52:26.595+0000][1][safepoint    ] Total time for which application threads were stopped: 0.0000953 seconds, Stopping threads took: 0.0000197 seconds
[2019-12-09T07:52:27.595+0000][1][safepoint    ] Application time: 1.0000748 seconds
[2019-12-09T07:52:27.595+0000][1][safepoint    ] Entering safepoint region: Cleanup
[2019-12-09T07:52:27.595+0000][1][safepoint    ] Leaving safepoint region
[2019-12-09T07:52:27.595+0000][1][safepoint    ] Total time for which application threads were stopped: 0.0000906 seconds, Stopping threads took: 0.0000187 seconds
[2019-12-09T07:52:28.595+0000][1][safepoint    ] Application time: 1.0000752 seconds
[2019-12-09T07:52:28.595+0000][1][safepoint    ] Entering safepoint region: Cleanup
[2019-12-09T07:52:28.595+0000][1][safepoint    ] Leaving safepoint region
[2019-12-09T07:52:28.595+0000][1][safepoint    ] Total time for which application threads were stopped: 0.0000915 seconds, Stopping threads took: 0.0000190 seconds
[2019-12-09T07:52:29.595+0000][1][safepoint    ] Application time: 1.0000756 seconds
[2019-12-09T07:52:29.595+0000][1][safepoint    ] Entering safepoint region: Cleanup
[2019-12-09T07:52:29.595+0000][1][safepoint    ] Leaving safepoint region
[2019-12-09T07:52:29.595+0000][1][safepoint    ] Total time for which application threads were stopped: 0.0000950 seconds, Stopping threads took: 0.0000206 seconds
[2019-12-09T07:52:30.596+0000][1][safepoint    ] Application time: 1.0000846 seconds
[2019-12-09T07:52:30.596+0000][1][safepoint    ] Entering safepoint region: Cleanup
[2019-12-09T07:52:30.596+0000][1][safepoint    ] Leaving safepoint region
[2019-12-09T07:52:30.596+0000][1][safepoint    ] Total time for which application threads were stopped: 0.0001446 seconds, Stopping threads took: 0.0000353 seconds
[2019-12-09T07:52:31.596+0000][1][safepoint    ] Application time: 1.0000738 seconds
[2019-12-09T07:52:31.596+0000][1][safepoint    ] Entering safepoint region: Cleanup
[2019-12-09T07:52:31.596+0000][1][safepoint    ] Leaving safepoint region
[2019-12-09T07:52:31.596+0000][1][safepoint    ] Total time for which application threads were stopped: 0.0000926 seconds, Stopping threads took: 0.0000190 seconds
[2019-12-09T07:52:32.596+0000][1][safepoint    ] Application time: 1.0000747 seconds
[2019-12-09T07:52:32.596+0000][1][safepoint    ] Entering safepoint region: Cleanup
[2019-12-09T07:52:32.596+0000][1][safepoint    ] Leaving safepoint region
[2019-12-09T07:52:32.596+0000][1][safepoint    ] Total time for which application threads were stopped: 0.0000939 seconds, Stopping threads took: 0.0000198 seconds
[2019-12-09T07:52:33.596+0000][1][safepoint    ] Application time: 1.0000765 seconds
[2019-12-09T07:52:33.596+0000][1][safepoint    ] Entering safepoint region: Cleanup
[2019-12-09T07:52:33.596+0000][1][safepoint    ] Leaving safepoint region
[2019-12-09T07:52:33.596+0000][1][safepoint    ] Total time for which application threads were stopped: 0.0000933 seconds, Stopping threads took: 0.0000199 seconds
[2019-12-09T07:52:34.596+0000][1][safepoint    ] Application time: 1.0000749 seconds
[2019-12-09T07:52:34.597+0000][1][safepoint    ] Entering safepoint region: Cleanup
[2019-12-09T07:52:34.597+0000][1][safepoint    ] Leaving safepoint region
[2019-12-09T07:52:34.597+0000][1][safepoint    ] Total time for which application threads were stopped: 0.0000954 seconds, Stopping threads took: 0.0000195 seconds
[2019-12-09T07:52:35.597+0000][1][safepoint    ] Application time: 1.0000767 seconds
[2019-12-09T07:52:35.597+0000][1][safepoint    ] Entering safepoint region: Cleanup
[2019-12-09T07:52:35.597+0000][1][safepoint    ] Leaving safepoint region
[2019-12-09T07:52:35.597+0000][1][safepoint    ] Total time for which application threads were stopped: 0.0000968 seconds, Stopping threads took: 0.0000221 seconds
[2019-12-09T07:52:36.597+0000][1][safepoint    ] Application time: 1.0000756 seconds
[2019-12-09T07:52:36.597+0000][1][safepoint    ] Entering safepoint region: Cleanup
[2019-12-09T07:52:36.597+0000][1][safepoint    ] Leaving safepoint region
[2019-12-09T07:52:36.597+0000][1][safepoint    ] Total time for which application threads were stopped: 0.0000912 seconds, Stopping threads took: 0.0000188 seconds
[2019-12-09T07:52:37.597+0000][1][safepoint    ] Application time: 1.0000748 seconds
[2019-12-09T07:52:37.597+0000][1][safepoint    ] Entering safepoint region: Cleanup
[2019-12-09T07:52:37.597+0000][1][safepoint    ] Leaving safepoint region
[2019-12-09T07:52:37.597+0000][1][safepoint    ] Total time for which application threads were stopped: 0.0000903 seconds, Stopping threads took: 0.0000186 seconds
[2019-12-09T07:52:38.597+0000][1][safepoint    ] Application time: 1.0000748 seconds
[2019-12-09T07:52:38.597+0000][1][safepoint    ] Entering safepoint region: Cleanup
[2019-12-09T07:52:38.597+0000][1][safepoint    ] Leaving safepoint region
[2019-12-09T07:52:38.597+0000][1][safepoint    ] Total time for which application threads were stopped: 0.0000936 seconds, Stopping threads took: 0.0000199 seconds
[2019-12-09T07:52:39.598+0000][1][safepoint    ] Application time: 1.0000747 seconds
[2019-12-09T07:52:39.598+0000][1][safepoint    ] Entering safepoint region: Cleanup
[2019-12-09T07:52:39.598+0000][1][safepoint    ] Leaving safepoint region
[2019-12-09T07:52:39.598+0000][1][safepoint    ] Total time for which application threads were stopped: 0.0000933 seconds, Stopping threads took: 0.0000190 seconds
[2019-12-09T07:52:40.598+0000][1][safepoint    ] Application time: 1.0000848 seconds
[2019-12-09T07:52:40.598+0000][1][safepoint    ] Entering safepoint region: Cleanup
[2019-12-09T07:52:40.598+0000][1][safepoint    ] Leaving safepoint region
[2019-12-09T07:52:40.598+0000][1][safepoint    ] Total time for which application threads were stopped: 0.0001066 seconds, Stopping threads took: 0.0000282 seconds
[2019-12-09T07:52:41.598+0000][1][safepoint    ] Application time: 1.0000760 seconds
[2019-12-09T07:52:41.598+0000][1][safepoint    ] Entering safepoint region: Cleanup
[2019-12-09T07:52:41.598+0000][1][safepoint    ] Leaving safepoint region
[2019-12-09T07:52:41.598+0000][1][safepoint    ] Total time for which application threads were stopped: 0.0000932 seconds, Stopping threads took: 0.0000199 seconds
[2019-12-09T07:52:42.598+0000][1][safepoint    ] Application time: 1.0000765 seconds
[2019-12-09T07:52:42.598+0000][1][safepoint    ] Entering safepoint region: Cleanup
[2019-12-09T07:52:42.598+0000][1][safepoint    ] Leaving safepoint region
[2019-12-09T07:52:42.598+0000][1][safepoint    ] Total time for which application threads were stopped: 0.0000897 seconds, Stopping threads took: 0.0000184 seconds
[2019-12-09T07:52:43.598+0000][1][safepoint    ] Application time: 1.0000793 seconds
[2019-12-09T07:52:43.598+0000][1][safepoint    ] Entering safepoint region: Cleanup
[2019-12-09T07:52:43.599+0000][1][safepoint    ] Leaving safepoint region
[2019-12-09T07:52:43.599+0000][1][safepoint    ] Total time for which application threads were stopped: 0.0000976 seconds, Stopping threads took: 0.0000196 seconds
[2019-12-09T07:52:44.599+0000][1][safepoint    ] Application time: 1.0000749 seconds
[2019-12-09T07:52:44.599+0000][1][safepoint    ] Entering safepoint region: Cleanup
[2019-12-09T07:52:44.599+0000][1][safepoint    ] Leaving safepoint region
[2019-12-09T07:52:44.599+0000][1][safepoint    ] Total time for which application threads were stopped: 0.0000990 seconds, Stopping threads took: 0.0000270 seconds
[2019-12-09T07:52:45.599+0000][1][safepoint    ] Application time: 1.0000776 seconds
[2019-12-09T07:52:45.599+0000][1][safepoint    ] Entering safepoint region: Cleanup
[2019-12-09T07:52:45.599+0000][1][safepoint    ] Leaving safepoint region
[2019-12-09T07:52:45.599+0000][1][safepoint    ] Total time for which application threads were stopped: 0.0001006 seconds, Stopping threads took: 0.0000293 seconds
[2019-12-09T07:52:46.599+0000][1][safepoint    ] Application time: 1.0000760 seconds
[2019-12-09T07:52:46.599+0000][1][safepoint    ] Entering safepoint region: Cleanup
[2019-12-09T07:52:46.599+0000][1][safepoint    ] Leaving safepoint region
[2019-12-09T07:52:46.599+0000][1][safepoint    ] Total time for which application threads were stopped: 0.0000937 seconds, Stopping threads took: 0.0000199 seconds
[2019-12-09T07:52:47.599+0000][1][safepoint    ] Application time: 1.0000777 seconds
[2019-12-09T07:52:47.599+0000][1][safepoint    ] Entering safepoint region: Cleanup
[2019-12-09T07:52:47.599+0000][1][safepoint    ] Leaving safepoint region
[2019-12-09T07:52:47.599+0000][1][safepoint    ] Total time for which application threads were stopped: 0.0000941 seconds, Stopping threads took: 0.0000193 seconds
[2019-12-09T07:52:48.600+0000][1][safepoint    ] Application time: 1.0000755 seconds
[2019-12-09T07:52:48.600+0000][1][safepoint    ] Entering safepoint region: Cleanup
[2019-12-09T07:52:48.600+0000][1][safepoint    ] Leaving safepoint region
[2019-12-09T07:52:48.600+0000][1][safepoint    ] Total time for which application threads were stopped: 0.0000896 seconds, Stopping threads took: 0.0000181 seconds
[2019-12-09T07:52:49.600+0000][1][safepoint    ] Application time: 1.0000765 seconds
[2019-12-09T07:52:49.600+0000][1][safepoint    ] Entering safepoint region: Cleanup
[2019-12-09T07:52:49.600+0000][1][safepoint    ] Leaving safepoint region
[2019-12-09T07:52:49.600+0000][1][safepoint    ] Total time for which application threads were stopped: 0.0000951 seconds, Stopping threads took: 0.0000193 seconds
[2019-12-09T07:52:50.600+0000][1][safepoint    ] Application time: 1.0000780 seconds
[2019-12-09T07:52:50.600+0000][1][safepoint    ] Entering safepoint region: Cleanup
[2019-12-09T07:52:50.600+0000][1][safepoint    ] Leaving safepoint region
[2019-12-09T07:52:50.600+0000][1][safepoint    ] Total time for which application threads were stopped: 0.0001044 seconds, Stopping threads took: 0.0000291 seconds
[2019-12-09T07:52:51.600+0000][1][safepoint    ] Application time: 1.0000759 seconds
[2019-12-09T07:52:51.600+0000][1][safepoint    ] Entering safepoint region: Cleanup
[2019-12-09T07:52:51.600+0000][1][safepoint    ] Leaving safepoint region
[2019-12-09T07:52:51.600+0000][1][safepoint    ] Total time for which application threads were stopped: 0.0000916 seconds, Stopping threads took: 0.0000181 seconds
[2019-12-09T07:52:52.600+0000][1][safepoint    ] Application time: 1.0000756 seconds
[2019-12-09T07:52:52.600+0000][1][safepoint    ] Entering safepoint region: Cleanup
[2019-12-09T07:52:52.601+0000][1][safepoint    ] Leaving safepoint region
[2019-12-09T07:52:52.601+0000][1][safepoint    ] Total time for which application threads were stopped: 0.0000932 seconds, Stopping threads took: 0.0000186 seconds
[2019-12-09T07:52:53.601+0000][1][safepoint    ] Application time: 1.0000765 seconds
[2019-12-09T07:52:53.601+0000][1][safepoint    ] Entering safepoint region: Cleanup
[2019-12-09T07:52:53.601+0000][1][safepoint    ] Leaving safepoint region
[2019-12-09T07:52:53.601+0000][1][safepoint    ] Total time for which application threads were stopped: 0.0001012 seconds, Stopping threads took: 0.0000175 seconds
[2019-12-09T07:52:54.601+0000][1][safepoint    ] Application time: 1.0000743 seconds
[2019-12-09T07:52:54.601+0000][1][safepoint    ] Entering safepoint region: Cleanup
[2019-12-09T07:52:54.601+0000][1][safepoint    ] Leaving safepoint region
[2019-12-09T07:52:54.601+0000][1][safepoint    ] Total time for which application threads were stopped: 0.0000900 seconds, Stopping threads took: 0.0000173 seconds
[2019-12-09T07:52:55.601+0000][1][safepoint    ] Application time: 1.0000758 seconds
[2019-12-09T07:52:55.601+0000][1][safepoint    ] Entering safepoint region: Cleanup
[2019-12-09T07:52:55.601+0000][1][safepoint    ] Leaving safepoint region
[2019-12-09T07:52:55.601+0000][1][safepoint    ] Total time for which application threads were stopped: 0.0001068 seconds, Stopping threads took: 0.0000198 seconds
[2019-12-09T07:52:56.601+0000][1][safepoint    ] Application time: 1.0000754 seconds
[2019-12-09T07:52:56.601+0000][1][safepoint    ] Entering safepoint region: Cleanup
[2019-12-09T07:52:56.601+0000][1][safepoint    ] Leaving safepoint region
[2019-12-09T07:52:56.601+0000][1][safepoint    ] Total time for which application threads were stopped: 0.0000914 seconds, Stopping threads took: 0.0000185 seconds
[2019-12-09T07:52:57.601+0000][1][safepoint    ] Application time: 1.0000758 seconds
[2019-12-09T07:52:57.602+0000][1][safepoint    ] Entering safepoint region: Cleanup
[2019-12-09T07:52:57.602+0000][1][safepoint    ] Leaving safepoint region
[2019-12-09T07:52:57.602+0000][1][safepoint    ] Total time for which application threads were stopped: 0.0000934 seconds, Stopping threads took: 0.0000189 seconds
[2019-12-09T07:52:58.602+0000][1][safepoint    ] Application time: 1.0000852 seconds
[2019-12-09T07:52:58.602+0000][1][safepoint    ] Entering safepoint region: Cleanup
[2019-12-09T07:52:58.602+0000][1][safepoint    ] Leaving safepoint region
[2019-12-09T07:52:58.602+0000][1][safepoint    ] Total time for which application threads were stopped: 0.0000922 seconds, Stopping threads took: 0.0000191 seconds
[2019-12-09T07:52:59.602+0000][1][safepoint    ] Application time: 1.0000765 seconds
[2019-12-09T07:52:59.602+0000][1][safepoint    ] Entering safepoint region: Cleanup
[2019-12-09T07:52:59.602+0000][1][safepoint    ] Leaving safepoint region
[2019-12-09T07:52:59.602+0000][1][safepoint    ] Total time for which application threads were stopped: 0.0000912 seconds, Stopping threads took: 0.0000189 seconds
[2019-12-09T07:53:00.602+0000][1][safepoint    ] Application time: 1.0000756 seconds
[2019-12-09T07:53:00.602+0000][1][safepoint    ] Entering safepoint region: Cleanup
[2019-12-09T07:53:00.602+0000][1][safepoint    ] Leaving safepoint region
[2019-12-09T07:53:00.602+0000][1][safepoint    ] Total time for which application threads were stopped: 0.0000984 seconds, Stopping threads took: 0.0000261 seconds
[2019-12-09T07:53:01.602+0000][1][safepoint    ] Application time: 1.0000776 seconds
[2019-12-09T07:53:01.602+0000][1][safepoint    ] Entering safepoint region: Cleanup
[2019-12-09T07:53:01.602+0000][1][safepoint    ] Leaving safepoint region
[2019-12-09T07:53:01.602+0000][1][safepoint    ] Total time for which application threads were stopped: 0.0000924 seconds, Stopping threads took: 0.0000180 seconds
[2019-12-09T07:53:02.603+0000][1][safepoint    ] Application time: 1.0000749 seconds
[2019-12-09T07:53:02.603+0000][1][safepoint    ] Entering safepoint region: Cleanup
[2019-12-09T07:53:02.603+0000][1][safepoint    ] Leaving safepoint region
[2019-12-09T07:53:02.603+0000][1][safepoint    ] Total time for which application threads were stopped: 0.0001031 seconds, Stopping threads took: 0.0000199 seconds
[2019-12-09T07:53:03.603+0000][1][safepoint    ] Application time: 1.0000760 seconds
[2019-12-09T07:53:03.603+0000][1][safepoint    ] Entering safepoint region: Cleanup
[2019-12-09T07:53:03.603+0000][1][safepoint    ] Leaving safepoint region
[2019-12-09T07:53:03.603+0000][1][safepoint    ] Total time for which application threads were stopped: 0.0000928 seconds, Stopping threads took: 0.0000195 seconds
[2019-12-09T07:53:04.603+0000][1][safepoint    ] Application time: 1.0000758 seconds
[2019-12-09T07:53:04.603+0000][1][safepoint    ] Entering safepoint region: Cleanup
[2019-12-09T07:53:04.603+0000][1][safepoint    ] Leaving safepoint region
[2019-12-09T07:53:04.603+0000][1][safepoint    ] Total time for which application threads were stopped: 0.0000945 seconds, Stopping threads took: 0.0000214 seconds
[2019-12-09T07:53:05.603+0000][1][safepoint    ] Application time: 1.0000723 seconds
[2019-12-09T07:53:05.603+0000][1][safepoint    ] Entering safepoint region: Cleanup
[2019-12-09T07:53:05.603+0000][1][safepoint    ] Leaving safepoint region
[2019-12-09T07:53:05.603+0000][1][safepoint    ] Total time for which application threads were stopped: 0.0000936 seconds, Stopping threads took: 0.0000201 seconds
[2019-12-09T07:53:06.603+0000][1][safepoint    ] Application time: 1.0000774 seconds
[2019-12-09T07:53:06.603+0000][1][safepoint    ] Entering safepoint region: Cleanup
[2019-12-09T07:53:06.604+0000][1][safepoint    ] Leaving safepoint region
[2019-12-09T07:53:06.604+0000][1][safepoint    ] Total time for which application threads were stopped: 0.0000940 seconds, Stopping threads took: 0.0000200 seconds
[2019-12-09T07:53:07.604+0000][1][safepoint    ] Application time: 1.0000787 seconds
[2019-12-09T07:53:07.604+0000][1][safepoint    ] Entering safepoint region: Cleanup
[2019-12-09T07:53:07.604+0000][1][safepoint    ] Leaving safepoint region
[2019-12-09T07:53:07.604+0000][1][safepoint    ] Total time for which application threads were stopped: 0.0000932 seconds, Stopping threads took: 0.0000199 seconds
[2019-12-09T07:53:08.604+0000][1][safepoint    ] Application time: 1.0000783 seconds
[2019-12-09T07:53:08.604+0000][1][safepoint    ] Entering safepoint region: Cleanup
[2019-12-09T07:53:08.604+0000][1][safepoint    ] Leaving safepoint region
[2019-12-09T07:53:08.604+0000][1][safepoint    ] Total time for which application threads were stopped: 0.0000913 seconds, Stopping threads took: 0.0000201 seconds
[2019-12-09T07:53:09.604+0000][1][safepoint    ] Application time: 1.0000768 seconds
[2019-12-09T07:53:09.604+0000][1][safepoint    ] Entering safepoint region: Cleanup
[2019-12-09T07:53:09.604+0000][1][safepoint    ] Leaving safepoint region
[2019-12-09T07:53:09.604+0000][1][safepoint    ] Total time for which application threads were stopped: 0.0000925 seconds, Stopping threads took: 0.0000187 seconds
[2019-12-09T07:53:10.604+0000][1][safepoint    ] Application time: 1.0000773 seconds
[2019-12-09T07:53:10.604+0000][1][safepoint    ] Entering safepoint region: Cleanup
[2019-12-09T07:53:10.604+0000][1][safepoint    ] Leaving safepoint region
[2019-12-09T07:53:10.604+0000][1][safepoint    ] Total time for which application threads were stopped: 0.0001014 seconds, Stopping threads took: 0.0000194 seconds
[2019-12-09T07:53:11.605+0000][1][safepoint    ] Application time: 1.0000763 seconds
[2019-12-09T07:53:11.605+0000][1][safepoint    ] Entering safepoint region: Cleanup
[2019-12-09T07:53:11.605+0000][1][safepoint    ] Leaving safepoint region
[2019-12-09T07:53:11.605+0000][1][safepoint    ] Total time for which application threads were stopped: 0.0000932 seconds, Stopping threads took: 0.0000188 seconds
[2019-12-09T07:53:12.605+0000][1][safepoint    ] Application time: 1.0000768 seconds
[2019-12-09T07:53:12.605+0000][1][safepoint    ] Entering safepoint region: Cleanup
[2019-12-09T07:53:12.605+0000][1][safepoint    ] Leaving safepoint region
[2019-12-09T07:53:12.605+0000][1][safepoint    ] Total time for which application threads were stopped: 0.0000909 seconds, Stopping threads took: 0.0000190 seconds
[2019-12-09T07:53:13.605+0000][1][safepoint    ] Application time: 1.0000733 seconds
[2019-12-09T07:53:13.605+0000][1][safepoint    ] Entering safepoint region: Cleanup
[2019-12-09T07:53:13.605+0000][1][safepoint    ] Leaving safepoint region
[2019-12-09T07:53:13.605+0000][1][safepoint    ] Total time for which application threads were stopped: 0.0000912 seconds, Stopping threads took: 0.0000184 seconds
[2019-12-09T07:53:14.605+0000][1][safepoint    ] Application time: 1.0000749 seconds
[2019-12-09T07:53:14.605+0000][1][safepoint    ] Entering safepoint region: Cleanup
[2019-12-09T07:53:14.605+0000][1][safepoint    ] Leaving safepoint region
[2019-12-09T07:53:14.605+0000][1][safepoint    ] Total time for which application threads were stopped: 0.0000889 seconds, Stopping threads took: 0.0000189 seconds
[2019-12-09T07:53:15.605+0000][1][safepoint    ] Application time: 1.0000768 seconds
[2019-12-09T07:53:15.605+0000][1][safepoint    ] Entering safepoint region: Cleanup
[2019-12-09T07:53:15.605+0000][1][safepoint    ] Leaving safepoint region
[2019-12-09T07:53:15.606+0000][1][safepoint    ] Total time for which application threads were stopped: 0.0001026 seconds, Stopping threads took: 0.0000276 seconds
[2019-12-09T07:53:16.606+0000][1][safepoint    ] Application time: 1.0000752 seconds
[2019-12-09T07:53:16.606+0000][1][safepoint    ] Entering safepoint region: Cleanup
[2019-12-09T07:53:16.606+0000][1][safepoint    ] Leaving safepoint region
[2019-12-09T07:53:16.606+0000][1][safepoint    ] Total time for which application threads were stopped: 0.0000965 seconds, Stopping threads took: 0.0000180 seconds
[2019-12-09T07:53:17.606+0000][1][safepoint    ] Application time: 1.0000748 seconds
[2019-12-09T07:53:17.606+0000][1][safepoint    ] Entering safepoint region: Cleanup
[2019-12-09T07:53:17.606+0000][1][safepoint    ] Leaving safepoint region
[2019-12-09T07:53:17.606+0000][1][safepoint    ] Total time for which application threads were stopped: 0.0000932 seconds, Stopping threads took: 0.0000192 seconds
[2019-12-09T07:53:17.895+0000][1][safepoint    ] Application time: 0.2890619 seconds
[2019-12-09T07:53:17.895+0000][1][safepoint    ] Entering safepoint region: GenCollectForAllocation
[2019-12-09T07:53:17.895+0000][1][gc,start     ] GC(55) Pause Young (Allocation Failure)
[2019-12-09T07:53:17.895+0000][1][gc,task      ] GC(55) Using 2 workers of 2 for evacuation
[2019-12-09T07:53:17.897+0000][1][gc,age       ] GC(55) Desired survivor size 4456448 bytes, new threshold 6 (max threshold 6)
[2019-12-09T07:53:17.897+0000][1][gc,age       ] GC(55) Age table with threshold 6 (max threshold 6)
[2019-12-09T07:53:17.897+0000][1][gc,age       ] GC(55) - age   1:      11512 bytes,      11512 total
[2019-12-09T07:53:17.897+0000][1][gc,age       ] GC(55) - age   2:        272 bytes,      11784 total
[2019-12-09T07:53:17.897+0000][1][gc,age       ] GC(55) - age   3:        920 bytes,      12704 total
[2019-12-09T07:53:17.897+0000][1][gc,age       ] GC(55) - age   4:       1920 bytes,      14624 total
[2019-12-09T07:53:17.897+0000][1][gc,age       ] GC(55) - age   5:        872 bytes,      15496 total
[2019-12-09T07:53:17.897+0000][1][gc,age       ] GC(55) - age   6:      11712 bytes,      27208 total
[2019-12-09T07:53:17.897+0000][1][gc,heap      ] GC(55) ParNew: 69993K->40K(78656K)
[2019-12-09T07:53:17.897+0000][1][gc,heap      ] GC(55) CMS: 75168K->75171K(174784K)
[2019-12-09T07:53:17.897+0000][1][gc,metaspace ] GC(55) Metaspace: 79274K->79274K(1122304K)
[2019-12-09T07:53:17.897+0000][1][gc           ] GC(55) Pause Young (Allocation Failure) 141M->73M(247M) 1.806ms
[2019-12-09T07:53:17.897+0000][1][gc,cpu       ] GC(55) User=0.00s Sys=0.00s Real=0.00s
[2019-12-09T07:53:17.897+0000][1][safepoint    ] Leaving safepoint region
[2019-12-09T07:53:17.897+0000][1][safepoint    ] Total time for which application threads were stopped: 0.0019656 seconds, Stopping threads took: 0.0000188 seconds
[2019-12-09T07:53:18.897+0000][1][safepoint    ] Application time: 1.0000839 seconds
[2019-12-09T07:53:18.897+0000][1][safepoint    ] Entering safepoint region: Cleanup
[2019-12-09T07:53:18.897+0000][1][safepoint    ] Leaving safepoint region
[2019-12-09T07:53:18.897+0000][1][safepoint    ] Total time for which application threads were stopped: 0.0000902 seconds, Stopping threads took: 0.0000173 seconds
[2019-12-09T07:53:20.688+0000][1][safepoint    ] Application time: 1.7909801 seconds
[2019-12-09T07:53:20.688+0000][1][safepoint    ] Entering safepoint region: Cleanup
[2019-12-09T07:53:20.688+0000][1][safepoint    ] Leaving safepoint region
[2019-12-09T07:53:20.688+0000][1][safepoint    ] Total time for which application threads were stopped: 0.0000936 seconds, Stopping threads took: 0.0000169 seconds
[2019-12-09T07:53:21.688+0000][1][safepoint    ] Application time: 1.0000761 seconds
[2019-12-09T07:53:21.688+0000][1][safepoint    ] Entering safepoint region: Cleanup
[2019-12-09T07:53:21.689+0000][1][safepoint    ] Leaving safepoint region
[2019-12-09T07:53:21.689+0000][1][safepoint    ] Total time for which application threads were stopped: 0.0000903 seconds, Stopping threads took: 0.0000174 seconds
[2019-12-09T07:53:22.689+0000][1][safepoint    ] Application time: 1.0000763 seconds
[2019-12-09T07:53:22.689+0000][1][safepoint    ] Entering safepoint region: Cleanup
[2019-12-09T07:53:22.689+0000][1][safepoint    ] Leaving safepoint region
[2019-12-09T07:53:22.689+0000][1][safepoint    ] Total time for which application threads were stopped: 0.0001053 seconds, Stopping threads took: 0.0000197 seconds
[2019-12-09T07:53:23.689+0000][1][safepoint    ] Application time: 1.0000759 seconds
[2019-12-09T07:53:23.689+0000][1][safepoint    ] Entering safepoint region: Cleanup
[2019-12-09T07:53:23.689+0000][1][safepoint    ] Leaving safepoint region
[2019-12-09T07:53:23.689+0000][1][safepoint    ] Total time for which application threads were stopped: 0.0000950 seconds, Stopping threads took: 0.0000219 seconds
[2019-12-09T07:53:24.689+0000][1][safepoint    ] Application time: 1.0000774 seconds
[2019-12-09T07:53:24.689+0000][1][safepoint    ] Entering safepoint region: Cleanup
[2019-12-09T07:53:24.689+0000][1][safepoint    ] Leaving safepoint region
[2019-12-09T07:53:24.689+0000][1][safepoint    ] Total time for which application threads were stopped: 0.0000938 seconds, Stopping threads took: 0.0000218 seconds
[2019-12-09T07:53:25.689+0000][1][safepoint    ] Application time: 1.0000760 seconds
[2019-12-09T07:53:25.689+0000][1][safepoint    ] Entering safepoint region: Cleanup
[2019-12-09T07:53:25.689+0000][1][safepoint    ] Leaving safepoint region
[2019-12-09T07:53:25.689+0000][1][safepoint    ] Total time for which application threads were stopped: 0.0000916 seconds, Stopping threads took: 0.0000188 seconds
[2019-12-09T07:53:26.689+0000][1][safepoint    ] Application time: 1.0000758 seconds
[2019-12-09T07:53:26.690+0000][1][safepoint    ] Entering safepoint region: Cleanup
[2019-12-09T07:53:26.690+0000][1][safepoint    ] Leaving safepoint region
[2019-12-09T07:53:26.690+0000][1][safepoint    ] Total time for which application threads were stopped: 0.0000903 seconds, Stopping threads took: 0.0000191 seconds
[2019-12-09T07:53:27.690+0000][1][safepoint    ] Application time: 1.0000765 seconds
[2019-12-09T07:53:27.690+0000][1][safepoint    ] Entering safepoint region: Cleanup
[2019-12-09T07:53:27.690+0000][1][safepoint    ] Leaving safepoint region
[2019-12-09T07:53:27.690+0000][1][safepoint    ] Total time for which application threads were stopped: 0.0000940 seconds, Stopping threads took: 0.0000187 seconds
[2019-12-09T07:53:28.690+0000][1][safepoint    ] Application time: 1.0000768 seconds
[2019-12-09T07:53:28.690+0000][1][safepoint    ] Entering safepoint region: Cleanup
[2019-12-09T07:53:28.690+0000][1][safepoint    ] Leaving safepoint region
[2019-12-09T07:53:28.690+0000][1][safepoint    ] Total time for which application threads were stopped: 0.0000948 seconds, Stopping threads took: 0.0000194 seconds
[2019-12-09T07:53:29.690+0000][1][safepoint    ] Application time: 1.0000759 seconds
[2019-12-09T07:53:29.690+0000][1][safepoint    ] Entering safepoint region: Cleanup
[2019-12-09T07:53:29.690+0000][1][safepoint    ] Leaving safepoint region
[2019-12-09T07:53:29.690+0000][1][safepoint    ] Total time for which application threads were stopped: 0.0000949 seconds, Stopping threads took: 0.0000200 seconds
[2019-12-09T07:53:30.690+0000][1][safepoint    ] Application time: 1.0000783 seconds
[2019-12-09T07:53:30.690+0000][1][safepoint    ] Entering safepoint region: Cleanup
[2019-12-09T07:53:30.690+0000][1][safepoint    ] Leaving safepoint region
[2019-12-09T07:53:30.690+0000][1][safepoint    ] Total time for which application threads were stopped: 0.0000896 seconds, Stopping threads took: 0.0000187 seconds
[2019-12-09T07:53:31.691+0000][1][safepoint    ] Application time: 1.0000780 seconds
[2019-12-09T07:53:31.691+0000][1][safepoint    ] Entering safepoint region: Cleanup
[2019-12-09T07:53:31.691+0000][1][safepoint    ] Leaving safepoint region
[2019-12-09T07:53:31.691+0000][1][safepoint    ] Total time for which application threads were stopped: 0.0000998 seconds, Stopping threads took: 0.0000178 seconds
[2019-12-09T07:53:32.691+0000][1][safepoint    ] Application time: 1.0000770 seconds
[2019-12-09T07:53:32.691+0000][1][safepoint    ] Entering safepoint region: Cleanup
[2019-12-09T07:53:32.691+0000][1][safepoint    ] Leaving safepoint region
[2019-12-09T07:53:32.691+0000][1][safepoint    ] Total time for which application threads were stopped: 0.0000899 seconds, Stopping threads took: 0.0000199 seconds
[2019-12-09T07:53:33.691+0000][1][safepoint    ] Application time: 1.0000768 seconds
[2019-12-09T07:53:33.691+0000][1][safepoint    ] Entering safepoint region: Cleanup
[2019-12-09T07:53:33.691+0000][1][safepoint    ] Leaving safepoint region
[2019-12-09T07:53:33.691+0000][1][safepoint    ] Total time for which application threads were stopped: 0.0000939 seconds, Stopping threads took: 0.0000197 seconds
[2019-12-09T07:53:34.691+0000][1][safepoint    ] Application time: 1.0000767 seconds
[2019-12-09T07:53:34.691+0000][1][safepoint    ] Entering safepoint region: Cleanup
[2019-12-09T07:53:34.691+0000][1][safepoint    ] Leaving safepoint region
[2019-12-09T07:53:34.691+0000][1][safepoint    ] Total time for which application threads were stopped: 0.0000904 seconds, Stopping threads took: 0.0000189 seconds
[2019-12-09T07:53:35.691+0000][1][safepoint    ] Application time: 1.0000751 seconds
[2019-12-09T07:53:35.691+0000][1][safepoint    ] Entering safepoint region: Cleanup
[2019-12-09T07:53:35.692+0000][1][safepoint    ] Leaving safepoint region
[2019-12-09T07:53:35.692+0000][1][safepoint    ] Total time for which application threads were stopped: 0.0000877 seconds, Stopping threads took: 0.0000177 seconds
[2019-12-09T07:53:36.692+0000][1][safepoint    ] Application time: 1.0000775 seconds
[2019-12-09T07:53:36.692+0000][1][safepoint    ] Entering safepoint region: Cleanup
[2019-12-09T07:53:36.692+0000][1][safepoint    ] Leaving safepoint region
[2019-12-09T07:53:36.692+0000][1][safepoint    ] Total time for which application threads were stopped: 0.0001045 seconds, Stopping threads took: 0.0000307 seconds
[2019-12-09T07:53:37.692+0000][1][safepoint    ] Application time: 1.0000784 seconds
[2019-12-09T07:53:37.692+0000][1][safepoint    ] Entering safepoint region: Cleanup
[2019-12-09T07:53:37.692+0000][1][safepoint    ] Leaving safepoint region
[2019-12-09T07:53:37.692+0000][1][safepoint    ] Total time for which application threads were stopped: 0.0000917 seconds, Stopping threads took: 0.0000188 seconds
[2019-12-09T07:53:38.692+0000][1][safepoint    ] Application time: 1.0000769 seconds
[2019-12-09T07:53:38.692+0000][1][safepoint    ] Entering safepoint region: Cleanup
[2019-12-09T07:53:38.692+0000][1][safepoint    ] Leaving safepoint region
[2019-12-09T07:53:38.692+0000][1][safepoint    ] Total time for which application threads were stopped: 0.0000957 seconds, Stopping threads took: 0.0000184 seconds
[2019-12-09T07:53:39.692+0000][1][safepoint    ] Application time: 1.0000756 seconds
[2019-12-09T07:53:39.692+0000][1][safepoint    ] Entering safepoint region: Cleanup
[2019-12-09T07:53:39.692+0000][1][safepoint    ] Leaving safepoint region
[2019-12-09T07:53:39.692+0000][1][safepoint    ] Total time for which application threads were stopped: 0.0000945 seconds, Stopping threads took: 0.0000189 seconds
[2019-12-09T07:53:40.693+0000][1][safepoint    ] Application time: 1.0000779 seconds
[2019-12-09T07:53:40.693+0000][1][safepoint    ] Entering safepoint region: Cleanup
[2019-12-09T07:53:40.693+0000][1][safepoint    ] Leaving safepoint region
[2019-12-09T07:53:40.693+0000][1][safepoint    ] Total time for which application threads were stopped: 0.0000911 seconds, Stopping threads took: 0.0000183 seconds
[2019-12-09T07:53:41.693+0000][1][safepoint    ] Application time: 1.0000778 seconds
[2019-12-09T07:53:41.693+0000][1][safepoint    ] Entering safepoint region: Cleanup
[2019-12-09T07:53:41.693+0000][1][safepoint    ] Leaving safepoint region
[2019-12-09T07:53:41.693+0000][1][safepoint    ] Total time for which application threads were stopped: 0.0000853 seconds, Stopping threads took: 0.0000166 seconds
[2019-12-09T07:53:42.693+0000][1][safepoint    ] Application time: 1.0000758 seconds
[2019-12-09T07:53:42.693+0000][1][safepoint    ] Entering safepoint region: Cleanup
[2019-12-09T07:53:42.693+0000][1][safepoint    ] Leaving safepoint region
[2019-12-09T07:53:42.693+0000][1][safepoint    ] Total time for which application threads were stopped: 0.0000972 seconds, Stopping threads took: 0.0000184 seconds
[2019-12-09T07:53:43.693+0000][1][safepoint    ] Application time: 1.0000771 seconds
[2019-12-09T07:53:43.693+0000][1][safepoint    ] Entering safepoint region: Cleanup
[2019-12-09T07:53:43.693+0000][1][safepoint    ] Leaving safepoint region
[2019-12-09T07:53:43.693+0000][1][safepoint    ] Total time for which application threads were stopped: 0.0000899 seconds, Stopping threads took: 0.0000181 seconds
[2019-12-09T07:53:44.693+0000][1][safepoint    ] Application time: 1.0000753 seconds
[2019-12-09T07:53:44.693+0000][1][safepoint    ] Entering safepoint region: Cleanup
[2019-12-09T07:53:44.693+0000][1][safepoint    ] Leaving safepoint region
[2019-12-09T07:53:44.693+0000][1][safepoint    ] Total time for which application threads were stopped: 0.0000890 seconds, Stopping threads took: 0.0000197 seconds
[2019-12-09T07:53:45.694+0000][1][safepoint    ] Application time: 1.0000764 seconds
[2019-12-09T07:53:45.694+0000][1][safepoint    ] Entering safepoint region: Cleanup
[2019-12-09T07:53:45.694+0000][1][safepoint    ] Leaving safepoint region
[2019-12-09T07:53:45.694+0000][1][safepoint    ] Total time for which application threads were stopped: 0.0001126 seconds, Stopping threads took: 0.0000277 seconds
[2019-12-09T07:53:46.694+0000][1][safepoint    ] Application time: 1.0000780 seconds
[2019-12-09T07:53:46.694+0000][1][safepoint    ] Entering safepoint region: Cleanup
[2019-12-09T07:53:46.694+0000][1][safepoint    ] Leaving safepoint region
[2019-12-09T07:53:46.694+0000][1][safepoint    ] Total time for which application threads were stopped: 0.0000995 seconds, Stopping threads took: 0.0000209 seconds
[2019-12-09T07:53:47.694+0000][1][safepoint    ] Application time: 1.0000746 seconds
[2019-12-09T07:53:47.694+0000][1][safepoint    ] Entering safepoint region: Cleanup
[2019-12-09T07:53:47.694+0000][1][safepoint    ] Leaving safepoint region
[2019-12-09T07:53:47.694+0000][1][safepoint    ] Total time for which application threads were stopped: 0.0000915 seconds, Stopping threads took: 0.0000195 seconds
[2019-12-09T07:53:48.694+0000][1][safepoint    ] Application time: 1.0000765 seconds
[2019-12-09T07:53:48.694+0000][1][safepoint    ] Entering safepoint region: Cleanup
[2019-12-09T07:53:48.694+0000][1][safepoint    ] Leaving safepoint region
[2019-12-09T07:53:48.694+0000][1][safepoint    ] Total time for which application threads were stopped: 0.0000917 seconds, Stopping threads took: 0.0000179 seconds
[2019-12-09T07:53:49.694+0000][1][safepoint    ] Application time: 1.0000786 seconds
[2019-12-09T07:53:49.694+0000][1][safepoint    ] Entering safepoint region: Cleanup
[2019-12-09T07:53:49.695+0000][1][safepoint    ] Leaving safepoint region
[2019-12-09T07:53:49.695+0000][1][safepoint    ] Total time for which application threads were stopped: 0.0000944 seconds, Stopping threads took: 0.0000195 seconds
[2019-12-09T07:53:50.695+0000][1][safepoint    ] Application time: 1.0000765 seconds
[2019-12-09T07:53:50.695+0000][1][safepoint    ] Entering safepoint region: Cleanup
[2019-12-09T07:53:50.695+0000][1][safepoint    ] Leaving safepoint region
[2019-12-09T07:53:50.695+0000][1][safepoint    ] Total time for which application threads were stopped: 0.0000920 seconds, Stopping threads took: 0.0000171 seconds
[2019-12-09T07:53:51.695+0000][1][safepoint    ] Application time: 1.0000783 seconds
[2019-12-09T07:53:51.695+0000][1][safepoint    ] Entering safepoint region: Cleanup
[2019-12-09T07:53:51.695+0000][1][safepoint    ] Leaving safepoint region
[2019-12-09T07:53:51.695+0000][1][safepoint    ] Total time for which application threads were stopped: 0.0000955 seconds, Stopping threads took: 0.0000182 seconds
[2019-12-09T07:53:52.695+0000][1][safepoint    ] Application time: 1.0000770 seconds
[2019-12-09T07:53:52.695+0000][1][safepoint    ] Entering safepoint region: Cleanup
[2019-12-09T07:53:52.695+0000][1][safepoint    ] Leaving safepoint region
[2019-12-09T07:53:52.695+0000][1][safepoint    ] Total time for which application threads were stopped: 0.0000881 seconds, Stopping threads took: 0.0000179 seconds
[2019-12-09T07:53:53.695+0000][1][safepoint    ] Application time: 1.0000762 seconds
[2019-12-09T07:53:53.695+0000][1][safepoint    ] Entering safepoint region: Cleanup
[2019-12-09T07:53:53.695+0000][1][safepoint    ] Leaving safepoint region
[2019-12-09T07:53:53.695+0000][1][safepoint    ] Total time for which application threads were stopped: 0.0000929 seconds, Stopping threads took: 0.0000202 seconds
[2019-12-09T07:53:54.696+0000][1][safepoint    ] Application time: 1.0000773 seconds
[2019-12-09T07:53:54.696+0000][1][safepoint    ] Entering safepoint region: Cleanup
[2019-12-09T07:53:54.696+0000][1][safepoint    ] Leaving safepoint region
[2019-12-09T07:53:54.696+0000][1][safepoint    ] Total time for which application threads were stopped: 0.0000952 seconds, Stopping threads took: 0.0000190 seconds
[2019-12-09T07:53:55.696+0000][1][safepoint    ] Application time: 1.0000772 seconds
[2019-12-09T07:53:55.696+0000][1][safepoint    ] Entering safepoint region: Cleanup
[2019-12-09T07:53:55.696+0000][1][safepoint    ] Leaving safepoint region
[2019-12-09T07:53:55.696+0000][1][safepoint    ] Total time for which application threads were stopped: 0.0001032 seconds, Stopping threads took: 0.0000279 seconds
[2019-12-09T07:53:56.696+0000][1][safepoint    ] Application time: 1.0000778 seconds
[2019-12-09T07:53:56.696+0000][1][safepoint    ] Entering safepoint region: Cleanup
[2019-12-09T07:53:56.696+0000][1][safepoint    ] Leaving safepoint region
[2019-12-09T07:53:56.696+0000][1][safepoint    ] Total time for which application threads were stopped: 0.0000944 seconds, Stopping threads took: 0.0000199 seconds
[2019-12-09T07:53:57.696+0000][1][safepoint    ] Application time: 1.0000770 seconds
[2019-12-09T07:53:57.696+0000][1][safepoint    ] Entering safepoint region: Cleanup
[2019-12-09T07:53:57.696+0000][1][safepoint    ] Leaving safepoint region
[2019-12-09T07:53:57.696+0000][1][safepoint    ] Total time for which application threads were stopped: 0.0000902 seconds, Stopping threads took: 0.0000195 seconds
[2019-12-09T07:53:58.696+0000][1][safepoint    ] Application time: 1.0000747 seconds
[2019-12-09T07:53:58.696+0000][1][safepoint    ] Entering safepoint region: Cleanup
[2019-12-09T07:53:58.697+0000][1][safepoint    ] Leaving safepoint region
[2019-12-09T07:53:58.697+0000][1][safepoint    ] Total time for which application threads were stopped: 0.0000930 seconds, Stopping threads took: 0.0000187 seconds
[2019-12-09T07:53:59.697+0000][1][safepoint    ] Application time: 1.0000830 seconds
[2019-12-09T07:53:59.697+0000][1][safepoint    ] Entering safepoint region: Cleanup
[2019-12-09T07:53:59.697+0000][1][safepoint    ] Leaving safepoint region
[2019-12-09T07:53:59.697+0000][1][safepoint    ] Total time for which application threads were stopped: 0.0001089 seconds, Stopping threads took: 0.0000184 seconds
[2019-12-09T07:54:00.697+0000][1][safepoint    ] Application time: 1.0000761 seconds
[2019-12-09T07:54:00.697+0000][1][safepoint    ] Entering safepoint region: Cleanup
[2019-12-09T07:54:00.697+0000][1][safepoint    ] Leaving safepoint region
[2019-12-09T07:54:00.697+0000][1][safepoint    ] Total time for which application threads were stopped: 0.0001030 seconds, Stopping threads took: 0.0000203 seconds
[2019-12-09T07:54:01.697+0000][1][safepoint    ] Application time: 1.0000765 seconds
[2019-12-09T07:54:01.697+0000][1][safepoint    ] Entering safepoint region: Cleanup
[2019-12-09T07:54:01.697+0000][1][safepoint    ] Leaving safepoint region
[2019-12-09T07:54:01.697+0000][1][safepoint    ] Total time for which application threads were stopped: 0.0000962 seconds, Stopping threads took: 0.0000208 seconds
[2019-12-09T07:54:02.697+0000][1][safepoint    ] Application time: 1.0000745 seconds
[2019-12-09T07:54:02.697+0000][1][safepoint    ] Entering safepoint region: Cleanup
[2019-12-09T07:54:02.697+0000][1][safepoint    ] Leaving safepoint region
[2019-12-09T07:54:02.697+0000][1][safepoint    ] Total time for which application threads were stopped: 0.0000918 seconds, Stopping threads took: 0.0000192 seconds
[2019-12-09T07:54:03.697+0000][1][safepoint    ] Application time: 1.0000769 seconds
[2019-12-09T07:54:03.698+0000][1][safepoint    ] Entering safepoint region: Cleanup
[2019-12-09T07:54:03.698+0000][1][safepoint    ] Leaving safepoint region
[2019-12-09T07:54:03.698+0000][1][safepoint    ] Total time for which application threads were stopped: 0.0000903 seconds, Stopping threads took: 0.0000186 seconds
[2019-12-09T07:54:04.698+0000][1][safepoint    ] Application time: 1.0000754 seconds
[2019-12-09T07:54:04.698+0000][1][safepoint    ] Entering safepoint region: Cleanup
[2019-12-09T07:54:04.698+0000][1][safepoint    ] Leaving safepoint region
[2019-12-09T07:54:04.698+0000][1][safepoint    ] Total time for which application threads were stopped: 0.0000883 seconds, Stopping threads took: 0.0000182 seconds
[2019-12-09T07:54:05.698+0000][1][safepoint    ] Application time: 1.0000751 seconds
[2019-12-09T07:54:05.698+0000][1][safepoint    ] Entering safepoint region: Cleanup
[2019-12-09T07:54:05.698+0000][1][safepoint    ] Leaving safepoint region
[2019-12-09T07:54:05.698+0000][1][safepoint    ] Total time for which application threads were stopped: 0.0000962 seconds, Stopping threads took: 0.0000203 seconds
[2019-12-09T07:54:06.698+0000][1][safepoint    ] Application time: 1.0000766 seconds
[2019-12-09T07:54:06.698+0000][1][safepoint    ] Entering safepoint region: Cleanup
[2019-12-09T07:54:06.698+0000][1][safepoint    ] Leaving safepoint region
[2019-12-09T07:54:06.698+0000][1][safepoint    ] Total time for which application threads were stopped: 0.0000928 seconds, Stopping threads took: 0.0000186 seconds
[2019-12-09T07:54:07.698+0000][1][safepoint    ] Application time: 1.0000742 seconds
[2019-12-09T07:54:07.698+0000][1][safepoint    ] Entering safepoint region: Cleanup
[2019-12-09T07:54:07.698+0000][1][safepoint    ] Leaving safepoint region
[2019-12-09T07:54:07.698+0000][1][safepoint    ] Total time for which application threads were stopped: 0.0000915 seconds, Stopping threads took: 0.0000194 seconds
[2019-12-09T07:54:08.699+0000][1][safepoint    ] Application time: 1.0000753 seconds
[2019-12-09T07:54:08.699+0000][1][safepoint    ] Entering safepoint region: Cleanup
[2019-12-09T07:54:08.699+0000][1][safepoint    ] Leaving safepoint region
[2019-12-09T07:54:08.699+0000][1][safepoint    ] Total time for which application threads were stopped: 0.0001047 seconds, Stopping threads took: 0.0000207 seconds
[2019-12-09T07:54:09.699+0000][1][safepoint    ] Application time: 1.0000767 seconds
[2019-12-09T07:54:09.699+0000][1][safepoint    ] Entering safepoint region: Cleanup
[2019-12-09T07:54:09.699+0000][1][safepoint    ] Leaving safepoint region
[2019-12-09T07:54:09.699+0000][1][safepoint    ] Total time for which application threads were stopped: 0.0000901 seconds, Stopping threads took: 0.0000185 seconds
[2019-12-09T07:54:10.699+0000][1][safepoint    ] Application time: 1.0000787 seconds
[2019-12-09T07:54:10.699+0000][1][safepoint    ] Entering safepoint region: Cleanup
[2019-12-09T07:54:10.699+0000][1][safepoint    ] Leaving safepoint region
[2019-12-09T07:54:10.699+0000][1][safepoint    ] Total time for which application threads were stopped: 0.0000933 seconds, Stopping threads took: 0.0000190 seconds
[2019-12-09T07:54:11.699+0000][1][safepoint    ] Application time: 1.0000772 seconds
[2019-12-09T07:54:11.699+0000][1][safepoint    ] Entering safepoint region: Cleanup
[2019-12-09T07:54:11.699+0000][1][safepoint    ] Leaving safepoint region
[2019-12-09T07:54:11.699+0000][1][safepoint    ] Total time for which application threads were stopped: 0.0000920 seconds, Stopping threads took: 0.0000191 seconds
[2019-12-09T07:54:12.699+0000][1][safepoint    ] Application time: 1.0000777 seconds
[2019-12-09T07:54:12.699+0000][1][safepoint    ] Entering safepoint region: Cleanup
[2019-12-09T07:54:12.700+0000][1][safepoint    ] Leaving safepoint region
[2019-12-09T07:54:12.700+0000][1][safepoint    ] Total time for which application threads were stopped: 0.0000960 seconds, Stopping threads took: 0.0000202 seconds
[2019-12-09T07:54:13.700+0000][1][safepoint    ] Application time: 1.0000760 seconds
[2019-12-09T07:54:13.700+0000][1][safepoint    ] Entering safepoint region: Cleanup
[2019-12-09T07:54:13.700+0000][1][safepoint    ] Leaving safepoint region
[2019-12-09T07:54:13.700+0000][1][safepoint    ] Total time for which application threads were stopped: 0.0000940 seconds, Stopping threads took: 0.0000212 seconds
[2019-12-09T07:54:14.700+0000][1][safepoint    ] Application time: 1.0000763 seconds
[2019-12-09T07:54:14.700+0000][1][safepoint    ] Entering safepoint region: Cleanup
[2019-12-09T07:54:14.700+0000][1][safepoint    ] Leaving safepoint region
[2019-12-09T07:54:14.700+0000][1][safepoint    ] Total time for which application threads were stopped: 0.0000952 seconds, Stopping threads took: 0.0000198 seconds
[2019-12-09T07:54:15.700+0000][1][safepoint    ] Application time: 1.0000765 seconds
[2019-12-09T07:54:15.700+0000][1][safepoint    ] Entering safepoint region: Cleanup
[2019-12-09T07:54:15.700+0000][1][safepoint    ] Leaving safepoint region
[2019-12-09T07:54:15.700+0000][1][safepoint    ] Total time for which application threads were stopped: 0.0000925 seconds, Stopping threads took: 0.0000186 seconds
[2019-12-09T07:54:16.700+0000][1][safepoint    ] Application time: 1.0000777 seconds
[2019-12-09T07:54:16.700+0000][1][safepoint    ] Entering safepoint region: Cleanup
[2019-12-09T07:54:16.700+0000][1][safepoint    ] Leaving safepoint region
[2019-12-09T07:54:16.700+0000][1][safepoint    ] Total time for which application threads were stopped: 0.0000924 seconds, Stopping threads took: 0.0000202 seconds
[2019-12-09T07:54:17.701+0000][1][safepoint    ] Application time: 1.0000779 seconds
[2019-12-09T07:54:17.701+0000][1][safepoint    ] Entering safepoint region: Cleanup
[2019-12-09T07:54:17.701+0000][1][safepoint    ] Leaving safepoint region
[2019-12-09T07:54:17.701+0000][1][safepoint    ] Total time for which application threads were stopped: 0.0001006 seconds, Stopping threads took: 0.0000269 seconds
[2019-12-09T07:54:18.701+0000][1][safepoint    ] Application time: 1.0000764 seconds
[2019-12-09T07:54:18.701+0000][1][safepoint    ] Entering safepoint region: Cleanup
[2019-12-09T07:54:18.701+0000][1][safepoint    ] Leaving safepoint region
[2019-12-09T07:54:18.701+0000][1][safepoint    ] Total time for which application threads were stopped: 0.0000954 seconds, Stopping threads took: 0.0000198 seconds
[2019-12-09T07:54:19.701+0000][1][safepoint    ] Application time: 1.0000791 seconds
[2019-12-09T07:54:19.701+0000][1][safepoint    ] Entering safepoint region: Cleanup
[2019-12-09T07:54:19.701+0000][1][safepoint    ] Leaving safepoint region
[2019-12-09T07:54:19.701+0000][1][safepoint    ] Total time for which application threads were stopped: 0.0000956 seconds, Stopping threads took: 0.0000200 seconds
[2019-12-09T07:54:21.665+0000][1][safepoint    ] Application time: 1.9642970 seconds
[2019-12-09T07:54:21.665+0000][1][safepoint    ] Entering safepoint region: Cleanup
[2019-12-09T07:54:21.666+0000][1][safepoint    ] Leaving safepoint region
[2019-12-09T07:54:21.666+0000][1][safepoint    ] Total time for which application threads were stopped: 0.0000957 seconds, Stopping threads took: 0.0000192 seconds
[2019-12-09T07:54:22.666+0000][1][safepoint    ] Application time: 1.0000770 seconds
[2019-12-09T07:54:22.666+0000][1][safepoint    ] Entering safepoint region: Cleanup
[2019-12-09T07:54:22.666+0000][1][safepoint    ] Leaving safepoint region
[2019-12-09T07:54:22.666+0000][1][safepoint    ] Total time for which application threads were stopped: 0.0001015 seconds, Stopping threads took: 0.0000191 seconds
[2019-12-09T07:54:23.666+0000][1][safepoint    ] Application time: 1.0000776 seconds
[2019-12-09T07:54:23.666+0000][1][safepoint    ] Entering safepoint region: Cleanup
[2019-12-09T07:54:23.666+0000][1][safepoint    ] Leaving safepoint region
[2019-12-09T07:54:23.666+0000][1][safepoint    ] Total time for which application threads were stopped: 0.0000928 seconds, Stopping threads took: 0.0000199 seconds
[2019-12-09T07:54:24.666+0000][1][safepoint    ] Application time: 1.0000768 seconds
[2019-12-09T07:54:24.666+0000][1][safepoint    ] Entering safepoint region: Cleanup
[2019-12-09T07:54:24.666+0000][1][safepoint    ] Leaving safepoint region
[2019-12-09T07:54:24.666+0000][1][safepoint    ] Total time for which application threads were stopped: 0.0000887 seconds, Stopping threads took: 0.0000186 seconds
[2019-12-09T07:54:25.666+0000][1][safepoint    ] Application time: 1.0000759 seconds
[2019-12-09T07:54:25.666+0000][1][safepoint    ] Entering safepoint region: Cleanup
[2019-12-09T07:54:25.666+0000][1][safepoint    ] Leaving safepoint region
[2019-12-09T07:54:25.666+0000][1][safepoint    ] Total time for which application threads were stopped: 0.0000977 seconds, Stopping threads took: 0.0000269 seconds
[2019-12-09T07:54:26.666+0000][1][safepoint    ] Application time: 1.0000766 seconds
[2019-12-09T07:54:26.666+0000][1][safepoint    ] Entering safepoint region: Cleanup
[2019-12-09T07:54:26.667+0000][1][safepoint    ] Leaving safepoint region
[2019-12-09T07:54:26.667+0000][1][safepoint    ] Total time for which application threads were stopped: 0.0000856 seconds, Stopping threads took: 0.0000178 seconds
[2019-12-09T07:54:27.667+0000][1][safepoint    ] Application time: 1.0000769 seconds
[2019-12-09T07:54:27.667+0000][1][safepoint    ] Entering safepoint region: Cleanup
[2019-12-09T07:54:27.667+0000][1][safepoint    ] Leaving safepoint region
[2019-12-09T07:54:27.667+0000][1][safepoint    ] Total time for which application threads were stopped: 0.0000997 seconds, Stopping threads took: 0.0000289 seconds
[2019-12-09T07:54:28.667+0000][1][safepoint    ] Application time: 1.0000764 seconds
[2019-12-09T07:54:28.667+0000][1][safepoint    ] Entering safepoint region: Cleanup
[2019-12-09T07:54:28.667+0000][1][safepoint    ] Leaving safepoint region
[2019-12-09T07:54:28.667+0000][1][safepoint    ] Total time for which application threads were stopped: 0.0000951 seconds, Stopping threads took: 0.0000259 seconds
[2019-12-09T07:54:29.667+0000][1][safepoint    ] Application time: 1.0000752 seconds
[2019-12-09T07:54:29.667+0000][1][safepoint    ] Entering safepoint region: Cleanup
[2019-12-09T07:54:29.667+0000][1][safepoint    ] Leaving safepoint region
[2019-12-09T07:54:29.667+0000][1][safepoint    ] Total time for which application threads were stopped: 0.0000933 seconds, Stopping threads took: 0.0000242 seconds
[2019-12-09T07:54:30.667+0000][1][safepoint    ] Application time: 1.0000758 seconds
[2019-12-09T07:54:30.667+0000][1][safepoint    ] Entering safepoint region: Cleanup
[2019-12-09T07:54:30.667+0000][1][safepoint    ] Leaving safepoint region
[2019-12-09T07:54:30.667+0000][1][safepoint    ] Total time for which application threads were stopped: 0.0000910 seconds, Stopping threads took: 0.0000200 seconds
[2019-12-09T07:54:31.667+0000][1][safepoint    ] Application time: 1.0000783 seconds
[2019-12-09T07:54:31.668+0000][1][safepoint    ] Entering safepoint region: Cleanup
[2019-12-09T07:54:31.668+0000][1][safepoint    ] Leaving safepoint region
[2019-12-09T07:54:31.668+0000][1][safepoint    ] Total time for which application threads were stopped: 0.0000879 seconds, Stopping threads took: 0.0000181 seconds
[2019-12-09T07:54:32.668+0000][1][safepoint    ] Application time: 1.0000756 seconds
[2019-12-09T07:54:32.668+0000][1][safepoint    ] Entering safepoint region: Cleanup
[2019-12-09T07:54:32.668+0000][1][safepoint    ] Leaving safepoint region
[2019-12-09T07:54:32.668+0000][1][safepoint    ] Total time for which application threads were stopped: 0.0000961 seconds, Stopping threads took: 0.0000226 seconds
[2019-12-09T07:54:33.668+0000][1][safepoint    ] Application time: 1.0000759 seconds
[2019-12-09T07:54:33.668+0000][1][safepoint    ] Entering safepoint region: Cleanup
[2019-12-09T07:54:33.668+0000][1][safepoint    ] Leaving safepoint region
[2019-12-09T07:54:33.668+0000][1][safepoint    ] Total time for which application threads were stopped: 0.0001037 seconds, Stopping threads took: 0.0000182 seconds
[2019-12-09T07:54:34.668+0000][1][safepoint    ] Application time: 1.0000816 seconds
[2019-12-09T07:54:34.668+0000][1][safepoint    ] Entering safepoint region: Cleanup
[2019-12-09T07:54:34.668+0000][1][safepoint    ] Leaving safepoint region
[2019-12-09T07:54:34.668+0000][1][safepoint    ] Total time for which application threads were stopped: 0.0000902 seconds, Stopping threads took: 0.0000193 seconds
[2019-12-09T07:54:35.668+0000][1][safepoint    ] Application time: 1.0000739 seconds
[2019-12-09T07:54:35.668+0000][1][safepoint    ] Entering safepoint region: Cleanup
[2019-12-09T07:54:35.668+0000][1][safepoint    ] Leaving safepoint region
[2019-12-09T07:54:35.668+0000][1][safepoint    ] Total time for which application threads were stopped: 0.0000917 seconds, Stopping threads took: 0.0000190 seconds
[2019-12-09T07:54:36.669+0000][1][safepoint    ] Application time: 1.0000778 seconds
[2019-12-09T07:54:36.669+0000][1][safepoint    ] Entering safepoint region: Cleanup
[2019-12-09T07:54:36.669+0000][1][safepoint    ] Leaving safepoint region
[2019-12-09T07:54:36.669+0000][1][safepoint    ] Total time for which application threads were stopped: 0.0000968 seconds, Stopping threads took: 0.0000197 seconds
[2019-12-09T07:54:37.669+0000][1][safepoint    ] Application time: 1.0000854 seconds
[2019-12-09T07:54:37.669+0000][1][safepoint    ] Entering safepoint region: Cleanup
[2019-12-09T07:54:37.669+0000][1][safepoint    ] Leaving safepoint region
[2019-12-09T07:54:37.669+0000][1][safepoint    ] Total time for which application threads were stopped: 0.0000920 seconds, Stopping threads took: 0.0000200 seconds
[2019-12-09T07:54:38.669+0000][1][safepoint    ] Application time: 1.0000773 seconds
[2019-12-09T07:54:38.669+0000][1][safepoint    ] Entering safepoint region: Cleanup
[2019-12-09T07:54:38.669+0000][1][safepoint    ] Leaving safepoint region
[2019-12-09T07:54:38.669+0000][1][safepoint    ] Total time for which application threads were stopped: 0.0000970 seconds, Stopping threads took: 0.0000278 seconds
[2019-12-09T07:54:39.669+0000][1][safepoint    ] Application time: 1.0000764 seconds
[2019-12-09T07:54:39.669+0000][1][safepoint    ] Entering safepoint region: Cleanup
[2019-12-09T07:54:39.669+0000][1][safepoint    ] Leaving safepoint region
[2019-12-09T07:54:39.669+0000][1][safepoint    ] Total time for which application threads were stopped: 0.0000888 seconds, Stopping threads took: 0.0000181 seconds
[2019-12-09T07:54:40.669+0000][1][safepoint    ] Application time: 1.0000879 seconds
[2019-12-09T07:54:40.669+0000][1][safepoint    ] Entering safepoint region: Cleanup
[2019-12-09T07:54:40.670+0000][1][safepoint    ] Leaving safepoint region
[2019-12-09T07:54:40.670+0000][1][safepoint    ] Total time for which application threads were stopped: 0.0001244 seconds, Stopping threads took: 0.0000274 seconds
[2019-12-09T07:54:41.670+0000][1][safepoint    ] Application time: 1.0000766 seconds
[2019-12-09T07:54:41.670+0000][1][safepoint    ] Entering safepoint region: Cleanup
[2019-12-09T07:54:41.670+0000][1][safepoint    ] Leaving safepoint region
[2019-12-09T07:54:41.670+0000][1][safepoint    ] Total time for which application threads were stopped: 0.0000906 seconds, Stopping threads took: 0.0000180 seconds
[2019-12-09T07:54:42.670+0000][1][safepoint    ] Application time: 1.0000761 seconds
[2019-12-09T07:54:42.670+0000][1][safepoint    ] Entering safepoint region: Cleanup
[2019-12-09T07:54:42.670+0000][1][safepoint    ] Leaving safepoint region
[2019-12-09T07:54:42.670+0000][1][safepoint    ] Total time for which application threads were stopped: 0.0000902 seconds, Stopping threads took: 0.0000185 seconds
[2019-12-09T07:54:43.670+0000][1][safepoint    ] Application time: 1.0000785 seconds
[2019-12-09T07:54:43.670+0000][1][safepoint    ] Entering safepoint region: Cleanup
[2019-12-09T07:54:43.670+0000][1][safepoint    ] Leaving safepoint region
[2019-12-09T07:54:43.670+0000][1][safepoint    ] Total time for which application threads were stopped: 0.0000939 seconds, Stopping threads took: 0.0000181 seconds
[2019-12-09T07:54:44.670+0000][1][safepoint    ] Application time: 1.0000787 seconds
[2019-12-09T07:54:44.670+0000][1][safepoint    ] Entering safepoint region: Cleanup
[2019-12-09T07:54:44.670+0000][1][safepoint    ] Leaving safepoint region
[2019-12-09T07:54:44.670+0000][1][safepoint    ] Total time for which application threads were stopped: 0.0000905 seconds, Stopping threads took: 0.0000191 seconds
[2019-12-09T07:54:45.671+0000][1][safepoint    ] Application time: 1.0000778 seconds
[2019-12-09T07:54:45.671+0000][1][safepoint    ] Entering safepoint region: Cleanup
[2019-12-09T07:54:45.671+0000][1][safepoint    ] Leaving safepoint region
[2019-12-09T07:54:45.671+0000][1][safepoint    ] Total time for which application threads were stopped: 0.0000923 seconds, Stopping threads took: 0.0000189 seconds
[2019-12-09T07:54:46.671+0000][1][safepoint    ] Application time: 1.0000884 seconds
[2019-12-09T07:54:46.671+0000][1][safepoint    ] Entering safepoint region: Cleanup
[2019-12-09T07:54:46.671+0000][1][safepoint    ] Leaving safepoint region
[2019-12-09T07:54:46.671+0000][1][safepoint    ] Total time for which application threads were stopped: 0.0000913 seconds, Stopping threads took: 0.0000193 seconds
[2019-12-09T07:54:47.861+0000][1][safepoint    ] Application time: 1.1896625 seconds
[2019-12-09T07:54:47.861+0000][1][safepoint    ] Entering safepoint region: Cleanup
[2019-12-09T07:54:47.861+0000][1][safepoint    ] Leaving safepoint region
[2019-12-09T07:54:47.861+0000][1][safepoint    ] Total time for which application threads were stopped: 0.0000828 seconds, Stopping threads took: 0.0000154 seconds
[2019-12-09T07:54:48.861+0000][1][safepoint    ] Application time: 1.0000331 seconds
[2019-12-09T07:54:48.861+0000][1][safepoint    ] Entering safepoint region: Cleanup
[2019-12-09T07:54:48.861+0000][1][safepoint    ] Leaving safepoint region
[2019-12-09T07:54:48.861+0000][1][safepoint    ] Total time for which application threads were stopped: 0.0000968 seconds, Stopping threads took: 0.0000244 seconds
[2019-12-09T07:54:49.861+0000][1][safepoint    ] Application time: 1.0000742 seconds
[2019-12-09T07:54:49.861+0000][1][safepoint    ] Entering safepoint region: Cleanup
[2019-12-09T07:54:49.861+0000][1][safepoint    ] Leaving safepoint region
[2019-12-09T07:54:49.861+0000][1][safepoint    ] Total time for which application threads were stopped: 0.0001130 seconds, Stopping threads took: 0.0000194 seconds
[2019-12-09T07:54:50.861+0000][1][safepoint    ] Application time: 1.0000749 seconds
[2019-12-09T07:54:50.861+0000][1][safepoint    ] Entering safepoint region: Cleanup
[2019-12-09T07:54:50.861+0000][1][safepoint    ] Leaving safepoint region
[2019-12-09T07:54:50.861+0000][1][safepoint    ] Total time for which application threads were stopped: 0.0000920 seconds, Stopping threads took: 0.0000194 seconds
[2019-12-09T07:54:51.861+0000][1][safepoint    ] Application time: 1.0000777 seconds
[2019-12-09T07:54:51.861+0000][1][safepoint    ] Entering safepoint region: Cleanup
[2019-12-09T07:54:51.861+0000][1][safepoint    ] Leaving safepoint region
[2019-12-09T07:54:51.861+0000][1][safepoint    ] Total time for which application threads were stopped: 0.0000880 seconds, Stopping threads took: 0.0000176 seconds
[2019-12-09T07:54:52.862+0000][1][safepoint    ] Application time: 1.0000760 seconds
[2019-12-09T07:54:52.862+0000][1][safepoint    ] Entering safepoint region: Cleanup
[2019-12-09T07:54:52.862+0000][1][safepoint    ] Leaving safepoint region
[2019-12-09T07:54:52.862+0000][1][safepoint    ] Total time for which application threads were stopped: 0.0001018 seconds, Stopping threads took: 0.0000171 seconds
[2019-12-09T07:54:53.862+0000][1][safepoint    ] Application time: 1.0000773 seconds
[2019-12-09T07:54:53.862+0000][1][safepoint    ] Entering safepoint region: Cleanup
[2019-12-09T07:54:53.862+0000][1][safepoint    ] Leaving safepoint region
[2019-12-09T07:54:53.862+0000][1][safepoint    ] Total time for which application threads were stopped: 0.0000902 seconds, Stopping threads took: 0.0000181 seconds
[2019-12-09T07:54:54.862+0000][1][safepoint    ] Application time: 1.0000785 seconds
[2019-12-09T07:54:54.862+0000][1][safepoint    ] Entering safepoint region: Cleanup
[2019-12-09T07:54:54.862+0000][1][safepoint    ] Leaving safepoint region
[2019-12-09T07:54:54.862+0000][1][safepoint    ] Total time for which application threads were stopped: 0.0000899 seconds, Stopping threads took: 0.0000176 seconds
[2019-12-09T07:54:55.862+0000][1][safepoint    ] Application time: 1.0000761 seconds
[2019-12-09T07:54:55.862+0000][1][safepoint    ] Entering safepoint region: Cleanup
[2019-12-09T07:54:55.862+0000][1][safepoint    ] Leaving safepoint region
[2019-12-09T07:54:55.862+0000][1][safepoint    ] Total time for which application threads were stopped: 0.0001004 seconds, Stopping threads took: 0.0000284 seconds
[2019-12-09T07:54:56.862+0000][1][safepoint    ] Application time: 1.0000765 seconds
[2019-12-09T07:54:56.862+0000][1][safepoint    ] Entering safepoint region: Cleanup
[2019-12-09T07:54:56.863+0000][1][safepoint    ] Leaving safepoint region
[2019-12-09T07:54:56.863+0000][1][safepoint    ] Total time for which application threads were stopped: 0.0000867 seconds, Stopping threads took: 0.0000183 seconds
[2019-12-09T07:54:57.863+0000][1][safepoint    ] Application time: 1.0000758 seconds
[2019-12-09T07:54:57.863+0000][1][safepoint    ] Entering safepoint region: Cleanup
[2019-12-09T07:54:57.863+0000][1][safepoint    ] Leaving safepoint region
[2019-12-09T07:54:57.863+0000][1][safepoint    ] Total time for which application threads were stopped: 0.0000974 seconds, Stopping threads took: 0.0000266 seconds
[2019-12-09T07:54:58.863+0000][1][safepoint    ] Application time: 1.0000758 seconds
[2019-12-09T07:54:58.863+0000][1][safepoint    ] Entering safepoint region: Cleanup
[2019-12-09T07:54:58.863+0000][1][safepoint    ] Leaving safepoint region
[2019-12-09T07:54:58.863+0000][1][safepoint    ] Total time for which application threads were stopped: 0.0000941 seconds, Stopping threads took: 0.0000177 seconds
[2019-12-09T07:54:59.863+0000][1][safepoint    ] Application time: 1.0000773 seconds
[2019-12-09T07:54:59.863+0000][1][safepoint    ] Entering safepoint region: Cleanup
[2019-12-09T07:54:59.863+0000][1][safepoint    ] Leaving safepoint region
[2019-12-09T07:54:59.863+0000][1][safepoint    ] Total time for which application threads were stopped: 0.0000890 seconds, Stopping threads took: 0.0000184 seconds
[2019-12-09T07:55:00.863+0000][1][safepoint    ] Application time: 1.0000785 seconds
[2019-12-09T07:55:00.863+0000][1][safepoint    ] Entering safepoint region: Cleanup
[2019-12-09T07:55:00.863+0000][1][safepoint    ] Leaving safepoint region
[2019-12-09T07:55:00.863+0000][1][safepoint    ] Total time for which application threads were stopped: 0.0000920 seconds, Stopping threads took: 0.0000193 seconds
[2019-12-09T07:55:01.863+0000][1][safepoint    ] Application time: 1.0000783 seconds
[2019-12-09T07:55:01.864+0000][1][safepoint    ] Entering safepoint region: Cleanup
[2019-12-09T07:55:01.864+0000][1][safepoint    ] Leaving safepoint region
[2019-12-09T07:55:01.864+0000][1][safepoint    ] Total time for which application threads were stopped: 0.0000880 seconds, Stopping threads took: 0.0000183 seconds
[2019-12-09T07:55:02.864+0000][1][safepoint    ] Application time: 1.0000776 seconds
[2019-12-09T07:55:02.864+0000][1][safepoint    ] Entering safepoint region: Cleanup
[2019-12-09T07:55:02.864+0000][1][safepoint    ] Leaving safepoint region
[2019-12-09T07:55:02.864+0000][1][safepoint    ] Total time for which application threads were stopped: 0.0000905 seconds, Stopping threads took: 0.0000192 seconds
[2019-12-09T07:55:03.864+0000][1][safepoint    ] Application time: 1.0000781 seconds
[2019-12-09T07:55:03.864+0000][1][safepoint    ] Entering safepoint region: Cleanup
[2019-12-09T07:55:03.864+0000][1][safepoint    ] Leaving safepoint region
[2019-12-09T07:55:03.864+0000][1][safepoint    ] Total time for which application threads were stopped: 0.0000900 seconds, Stopping threads took: 0.0000180 seconds
[2019-12-09T07:55:04.864+0000][1][safepoint    ] Application time: 1.0000772 seconds
[2019-12-09T07:55:04.864+0000][1][safepoint    ] Entering safepoint region: Cleanup
[2019-12-09T07:55:04.864+0000][1][safepoint    ] Leaving safepoint region
[2019-12-09T07:55:04.864+0000][1][safepoint    ] Total time for which application threads were stopped: 0.0000920 seconds, Stopping threads took: 0.0000193 seconds
[2019-12-09T07:55:05.864+0000][1][safepoint    ] Application time: 1.0000759 seconds
[2019-12-09T07:55:05.864+0000][1][safepoint    ] Entering safepoint region: Cleanup
[2019-12-09T07:55:05.864+0000][1][safepoint    ] Leaving safepoint region
[2019-12-09T07:55:05.864+0000][1][safepoint    ] Total time for which application threads were stopped: 0.0000882 seconds, Stopping threads took: 0.0000184 seconds
[2019-12-09T07:55:06.865+0000][1][safepoint    ] Application time: 1.0000767 seconds
[2019-12-09T07:55:06.865+0000][1][safepoint    ] Entering safepoint region: Cleanup
[2019-12-09T07:55:06.865+0000][1][safepoint    ] Leaving safepoint region
[2019-12-09T07:55:06.865+0000][1][safepoint    ] Total time for which application threads were stopped: 0.0000932 seconds, Stopping threads took: 0.0000197 seconds
[2019-12-09T07:55:07.865+0000][1][safepoint    ] Application time: 1.0000876 seconds
[2019-12-09T07:55:07.865+0000][1][safepoint    ] Entering safepoint region: Cleanup
[2019-12-09T07:55:07.865+0000][1][safepoint    ] Leaving safepoint region
[2019-12-09T07:55:07.865+0000][1][safepoint    ] Total time for which application threads were stopped: 0.0000895 seconds, Stopping threads took: 0.0000186 seconds
[2019-12-09T07:55:08.865+0000][1][safepoint    ] Application time: 1.0000751 seconds
[2019-12-09T07:55:08.865+0000][1][safepoint    ] Entering safepoint region: Cleanup
[2019-12-09T07:55:08.865+0000][1][safepoint    ] Leaving safepoint region
[2019-12-09T07:55:08.865+0000][1][safepoint    ] Total time for which application threads were stopped: 0.0001058 seconds, Stopping threads took: 0.0000205 seconds
[2019-12-09T07:55:09.865+0000][1][safepoint    ] Application time: 1.0000758 seconds
[2019-12-09T07:55:09.865+0000][1][safepoint    ] Entering safepoint region: Cleanup
[2019-12-09T07:55:09.865+0000][1][safepoint    ] Leaving safepoint region
[2019-12-09T07:55:09.865+0000][1][safepoint    ] Total time for which application threads were stopped: 0.0000896 seconds, Stopping threads took: 0.0000176 seconds
[2019-12-09T07:55:10.865+0000][1][safepoint    ] Application time: 1.0000742 seconds
[2019-12-09T07:55:10.865+0000][1][safepoint    ] Entering safepoint region: Cleanup
[2019-12-09T07:55:10.866+0000][1][safepoint    ] Leaving safepoint region
[2019-12-09T07:55:10.866+0000][1][safepoint    ] Total time for which application threads were stopped: 0.0000920 seconds, Stopping threads took: 0.0000192 seconds
[2019-12-09T07:55:11.866+0000][1][safepoint    ] Application time: 1.0000745 seconds
[2019-12-09T07:55:11.866+0000][1][safepoint    ] Entering safepoint region: Cleanup
[2019-12-09T07:55:11.866+0000][1][safepoint    ] Leaving safepoint region
[2019-12-09T07:55:11.866+0000][1][safepoint    ] Total time for which application threads were stopped: 0.0001110 seconds, Stopping threads took: 0.0000199 seconds
[2019-12-09T07:55:12.935+0000][1][safepoint    ] Application time: 1.0692305 seconds
[2019-12-09T07:55:12.935+0000][1][safepoint    ] Entering safepoint region: GenCollectForAllocation
[2019-12-09T07:55:12.935+0000][1][gc,start     ] GC(56) Pause Young (Allocation Failure)
[2019-12-09T07:55:12.935+0000][1][gc,task      ] GC(56) Using 2 workers of 2 for evacuation
[2019-12-09T07:55:12.937+0000][1][gc,age       ] GC(56) Desired survivor size 4456448 bytes, new threshold 6 (max threshold 6)
[2019-12-09T07:55:12.937+0000][1][gc,age       ] GC(56) Age table with threshold 6 (max threshold 6)
[2019-12-09T07:55:12.937+0000][1][gc,age       ] GC(56) - age   1:       7976 bytes,       7976 total
[2019-12-09T07:55:12.937+0000][1][gc,age       ] GC(56) - age   2:       3608 bytes,      11584 total
[2019-12-09T07:55:12.937+0000][1][gc,age       ] GC(56) - age   4:        920 bytes,      12504 total
[2019-12-09T07:55:12.937+0000][1][gc,age       ] GC(56) - age   5:       1920 bytes,      14424 total
[2019-12-09T07:55:12.937+0000][1][gc,age       ] GC(56) - age   6:        872 bytes,      15296 total
[2019-12-09T07:55:12.937+0000][1][gc,heap      ] GC(56) ParNew: 69992K->26K(78656K)
[2019-12-09T07:55:12.937+0000][1][gc,heap      ] GC(56) CMS: 75171K->75183K(174784K)
[2019-12-09T07:55:12.937+0000][1][gc,metaspace ] GC(56) Metaspace: 79279K->79279K(1122304K)
[2019-12-09T07:55:12.937+0000][1][gc           ] GC(56) Pause Young (Allocation Failure) 141M->73M(247M) 1.825ms
[2019-12-09T07:55:12.937+0000][1][gc,cpu       ] GC(56) User=0.00s Sys=0.00s Real=0.00s
[2019-12-09T07:55:12.937+0000][1][safepoint    ] Leaving safepoint region
[2019-12-09T07:55:12.937+0000][1][safepoint    ] Total time for which application threads were stopped: 0.0019833 seconds, Stopping threads took: 0.0000171 seconds
[2019-12-09T07:55:13.937+0000][1][safepoint    ] Application time: 1.0000850 seconds
[2019-12-09T07:55:13.937+0000][1][safepoint    ] Entering safepoint region: Cleanup
[2019-12-09T07:55:13.937+0000][1][safepoint    ] Leaving safepoint region
[2019-12-09T07:55:13.937+0000][1][safepoint    ] Total time for which application threads were stopped: 0.0000967 seconds, Stopping threads took: 0.0000209 seconds
[2019-12-09T07:55:14.937+0000][1][safepoint    ] Application time: 1.0000753 seconds
[2019-12-09T07:55:14.937+0000][1][safepoint    ] Entering safepoint region: Cleanup
[2019-12-09T07:55:14.937+0000][1][safepoint    ] Leaving safepoint region
[2019-12-09T07:55:14.937+0000][1][safepoint    ] Total time for which application threads were stopped: 0.0000910 seconds, Stopping threads took: 0.0000179 seconds
[2019-12-09T07:55:15.938+0000][1][safepoint    ] Application time: 1.0000759 seconds
[2019-12-09T07:55:15.938+0000][1][safepoint    ] Entering safepoint region: Cleanup
[2019-12-09T07:55:15.938+0000][1][safepoint    ] Leaving safepoint region
[2019-12-09T07:55:15.938+0000][1][safepoint    ] Total time for which application threads were stopped: 0.0001145 seconds, Stopping threads took: 0.0000276 seconds
[2019-12-09T07:55:16.938+0000][1][safepoint    ] Application time: 1.0000756 seconds
[2019-12-09T07:55:16.938+0000][1][safepoint    ] Entering safepoint region: Cleanup
[2019-12-09T07:55:16.938+0000][1][safepoint    ] Leaving safepoint region
[2019-12-09T07:55:16.938+0000][1][safepoint    ] Total time for which application threads were stopped: 0.0000906 seconds, Stopping threads took: 0.0000179 seconds
[2019-12-09T07:55:17.938+0000][1][safepoint    ] Application time: 1.0000755 seconds
[2019-12-09T07:55:17.938+0000][1][safepoint    ] Entering safepoint region: Cleanup
[2019-12-09T07:55:17.938+0000][1][safepoint    ] Leaving safepoint region
[2019-12-09T07:55:17.938+0000][1][safepoint    ] Total time for which application threads were stopped: 0.0000907 seconds, Stopping threads took: 0.0000189 seconds
[2019-12-09T07:55:18.938+0000][1][safepoint    ] Application time: 1.0000726 seconds
[2019-12-09T07:55:18.938+0000][1][safepoint    ] Entering safepoint region: Cleanup
[2019-12-09T07:55:18.938+0000][1][safepoint    ] Leaving safepoint region
[2019-12-09T07:55:18.938+0000][1][safepoint    ] Total time for which application threads were stopped: 0.0000931 seconds, Stopping threads took: 0.0000193 seconds
[2019-12-09T07:55:19.938+0000][1][safepoint    ] Application time: 1.0000760 seconds
[2019-12-09T07:55:19.938+0000][1][safepoint    ] Entering safepoint region: Cleanup
[2019-12-09T07:55:19.939+0000][1][safepoint    ] Leaving safepoint region
[2019-12-09T07:55:19.939+0000][1][safepoint    ] Total time for which application threads were stopped: 0.0000922 seconds, Stopping threads took: 0.0000195 seconds
[2019-12-09T07:55:20.939+0000][1][safepoint    ] Application time: 1.0000751 seconds
[2019-12-09T07:55:20.939+0000][1][safepoint    ] Entering safepoint region: Cleanup
[2019-12-09T07:55:20.939+0000][1][safepoint    ] Leaving safepoint region
[2019-12-09T07:55:20.939+0000][1][safepoint    ] Total time for which application threads were stopped: 0.0001067 seconds, Stopping threads took: 0.0000308 seconds
[2019-12-09T07:55:21.939+0000][1][safepoint    ] Application time: 1.0000780 seconds
[2019-12-09T07:55:21.939+0000][1][safepoint    ] Entering safepoint region: Cleanup
[2019-12-09T07:55:21.939+0000][1][safepoint    ] Leaving safepoint region
[2019-12-09T07:55:21.939+0000][1][safepoint    ] Total time for which application threads were stopped: 0.0000918 seconds, Stopping threads took: 0.0000188 seconds
[2019-12-09T07:55:22.939+0000][1][safepoint    ] Application time: 1.0000748 seconds
[2019-12-09T07:55:22.939+0000][1][safepoint    ] Entering safepoint region: Cleanup
[2019-12-09T07:55:22.939+0000][1][safepoint    ] Leaving safepoint region
[2019-12-09T07:55:22.939+0000][1][safepoint    ] Total time for which application threads were stopped: 0.0000912 seconds, Stopping threads took: 0.0000186 seconds
[2019-12-09T07:55:23.939+0000][1][safepoint    ] Application time: 1.0000757 seconds
[2019-12-09T07:55:23.939+0000][1][safepoint    ] Entering safepoint region: Cleanup
[2019-12-09T07:55:23.939+0000][1][safepoint    ] Leaving safepoint region
[2019-12-09T07:55:23.939+0000][1][safepoint    ] Total time for which application threads were stopped: 0.0000930 seconds, Stopping threads took: 0.0000187 seconds
[2019-12-09T07:55:24.939+0000][1][safepoint    ] Application time: 1.0000752 seconds
[2019-12-09T07:55:24.940+0000][1][safepoint    ] Entering safepoint region: Cleanup
[2019-12-09T07:55:24.940+0000][1][safepoint    ] Leaving safepoint region
[2019-12-09T07:55:24.940+0000][1][safepoint    ] Total time for which application threads were stopped: 0.0000986 seconds, Stopping threads took: 0.0000192 seconds
[2019-12-09T07:55:25.940+0000][1][safepoint    ] Application time: 1.0000762 seconds
[2019-12-09T07:55:25.940+0000][1][safepoint    ] Entering safepoint region: Cleanup
[2019-12-09T07:55:25.940+0000][1][safepoint    ] Leaving safepoint region
[2019-12-09T07:55:25.940+0000][1][safepoint    ] Total time for which application threads were stopped: 0.0001038 seconds, Stopping threads took: 0.0000306 seconds
[2019-12-09T07:55:26.940+0000][1][safepoint    ] Application time: 1.0000761 seconds
[2019-12-09T07:55:26.940+0000][1][safepoint    ] Entering safepoint region: Cleanup
[2019-12-09T07:55:26.940+0000][1][safepoint    ] Leaving safepoint region
[2019-12-09T07:55:26.940+0000][1][safepoint    ] Total time for which application threads were stopped: 0.0000942 seconds, Stopping threads took: 0.0000200 seconds
[2019-12-09T07:55:27.940+0000][1][safepoint    ] Application time: 1.0000761 seconds
[2019-12-09T07:55:27.940+0000][1][safepoint    ] Entering safepoint region: Cleanup
[2019-12-09T07:55:27.940+0000][1][safepoint    ] Leaving safepoint region
[2019-12-09T07:55:27.940+0000][1][safepoint    ] Total time for which application threads were stopped: 0.0000916 seconds, Stopping threads took: 0.0000185 seconds
[2019-12-09T07:55:28.940+0000][1][safepoint    ] Application time: 1.0000781 seconds
[2019-12-09T07:55:28.940+0000][1][safepoint    ] Entering safepoint region: Cleanup
[2019-12-09T07:55:28.940+0000][1][safepoint    ] Leaving safepoint region
[2019-12-09T07:55:28.940+0000][1][safepoint    ] Total time for which application threads were stopped: 0.0000915 seconds, Stopping threads took: 0.0000190 seconds
[2019-12-09T07:55:29.941+0000][1][safepoint    ] Application time: 1.0000761 seconds
[2019-12-09T07:55:29.941+0000][1][safepoint    ] Entering safepoint region: Cleanup
[2019-12-09T07:55:29.941+0000][1][safepoint    ] Leaving safepoint region
[2019-12-09T07:55:29.941+0000][1][safepoint    ] Total time for which application threads were stopped: 0.0001047 seconds, Stopping threads took: 0.0000199 seconds
[2019-12-09T07:55:30.941+0000][1][safepoint    ] Application time: 1.0000756 seconds
[2019-12-09T07:55:30.941+0000][1][safepoint    ] Entering safepoint region: Cleanup
[2019-12-09T07:55:30.941+0000][1][safepoint    ] Leaving safepoint region
[2019-12-09T07:55:30.941+0000][1][safepoint    ] Total time for which application threads were stopped: 0.0000906 seconds, Stopping threads took: 0.0000178 seconds
[2019-12-09T07:55:31.941+0000][1][safepoint    ] Application time: 1.0000756 seconds
[2019-12-09T07:55:31.941+0000][1][safepoint    ] Entering safepoint region: Cleanup
[2019-12-09T07:55:31.941+0000][1][safepoint    ] Leaving safepoint region
[2019-12-09T07:55:31.941+0000][1][safepoint    ] Total time for which application threads were stopped: 0.0000920 seconds, Stopping threads took: 0.0000191 seconds
[2019-12-09T07:55:33.166+0000][1][safepoint    ] Application time: 1.2250459 seconds
[2019-12-09T07:55:33.166+0000][1][safepoint    ] Entering safepoint region: Cleanup
[2019-12-09T07:55:33.166+0000][1][safepoint    ] Leaving safepoint region
[2019-12-09T07:55:33.166+0000][1][safepoint    ] Total time for which application threads were stopped: 0.0000885 seconds, Stopping threads took: 0.0000188 seconds
[2019-12-09T07:55:34.166+0000][1][safepoint    ] Application time: 1.0000822 seconds
[2019-12-09T07:55:34.166+0000][1][safepoint    ] Entering safepoint region: Cleanup
[2019-12-09T07:55:34.167+0000][1][safepoint    ] Leaving safepoint region
[2019-12-09T07:55:34.167+0000][1][safepoint    ] Total time for which application threads were stopped: 0.0001030 seconds, Stopping threads took: 0.0000187 seconds
[2019-12-09T07:55:35.167+0000][1][safepoint    ] Application time: 1.0000833 seconds
[2019-12-09T07:55:35.167+0000][1][safepoint    ] Entering safepoint region: Cleanup
[2019-12-09T07:55:35.167+0000][1][safepoint    ] Leaving safepoint region
[2019-12-09T07:55:35.167+0000][1][safepoint    ] Total time for which application threads were stopped: 0.0001168 seconds, Stopping threads took: 0.0000397 seconds
[2019-12-09T07:55:36.167+0000][1][safepoint    ] Application time: 1.0000776 seconds
[2019-12-09T07:55:36.167+0000][1][safepoint    ] Entering safepoint region: Cleanup
[2019-12-09T07:55:36.167+0000][1][safepoint    ] Leaving safepoint region
[2019-12-09T07:55:36.167+0000][1][safepoint    ] Total time for which application threads were stopped: 0.0001003 seconds, Stopping threads took: 0.0000271 seconds
[2019-12-09T07:55:37.167+0000][1][safepoint    ] Application time: 1.0000794 seconds
[2019-12-09T07:55:37.167+0000][1][safepoint    ] Entering safepoint region: Cleanup
[2019-12-09T07:55:37.167+0000][1][safepoint    ] Leaving safepoint region
[2019-12-09T07:55:37.167+0000][1][safepoint    ] Total time for which application threads were stopped: 0.0000916 seconds, Stopping threads took: 0.0000195 seconds
[2019-12-09T07:55:38.167+0000][1][safepoint    ] Application time: 1.0000778 seconds
[2019-12-09T07:55:38.167+0000][1][safepoint    ] Entering safepoint region: Cleanup
[2019-12-09T07:55:38.167+0000][1][safepoint    ] Leaving safepoint region
[2019-12-09T07:55:38.167+0000][1][safepoint    ] Total time for which application threads were stopped: 0.0000913 seconds, Stopping threads took: 0.0000193 seconds
[2019-12-09T07:55:39.168+0000][1][safepoint    ] Application time: 1.0000773 seconds
[2019-12-09T07:55:39.168+0000][1][safepoint    ] Entering safepoint region: Cleanup
[2019-12-09T07:55:39.168+0000][1][safepoint    ] Leaving safepoint region
[2019-12-09T07:55:39.168+0000][1][safepoint    ] Total time for which application threads were stopped: 0.0000890 seconds, Stopping threads took: 0.0000188 seconds
[2019-12-09T07:55:40.168+0000][1][safepoint    ] Application time: 1.0000761 seconds
[2019-12-09T07:55:40.168+0000][1][safepoint    ] Entering safepoint region: Cleanup
[2019-12-09T07:55:40.168+0000][1][safepoint    ] Leaving safepoint region
[2019-12-09T07:55:40.168+0000][1][safepoint    ] Total time for which application threads were stopped: 0.0000907 seconds, Stopping threads took: 0.0000183 seconds
[2019-12-09T07:55:41.168+0000][1][safepoint    ] Application time: 1.0000766 seconds
[2019-12-09T07:55:41.168+0000][1][safepoint    ] Entering safepoint region: Cleanup
[2019-12-09T07:55:41.168+0000][1][safepoint    ] Leaving safepoint region
[2019-12-09T07:55:41.168+0000][1][safepoint    ] Total time for which application threads were stopped: 0.0000895 seconds, Stopping threads took: 0.0000176 seconds
[2019-12-09T07:55:42.168+0000][1][safepoint    ] Application time: 1.0000765 seconds
[2019-12-09T07:55:42.168+0000][1][safepoint    ] Entering safepoint region: Cleanup
[2019-12-09T07:55:42.168+0000][1][safepoint    ] Leaving safepoint region
[2019-12-09T07:55:42.168+0000][1][safepoint    ] Total time for which application threads were stopped: 0.0000909 seconds, Stopping threads took: 0.0000189 seconds
[2019-12-09T07:55:43.168+0000][1][safepoint    ] Application time: 1.0000799 seconds
[2019-12-09T07:55:43.168+0000][1][safepoint    ] Entering safepoint region: Cleanup
[2019-12-09T07:55:43.168+0000][1][safepoint    ] Leaving safepoint region
[2019-12-09T07:55:43.168+0000][1][safepoint    ] Total time for which application threads were stopped: 0.0000904 seconds, Stopping threads took: 0.0000188 seconds
[2019-12-09T07:55:44.169+0000][1][safepoint    ] Application time: 1.0000753 seconds
[2019-12-09T07:55:44.169+0000][1][safepoint    ] Entering safepoint region: Cleanup
[2019-12-09T07:55:44.169+0000][1][safepoint    ] Leaving safepoint region
[2019-12-09T07:55:44.169+0000][1][safepoint    ] Total time for which application threads were stopped: 0.0001028 seconds, Stopping threads took: 0.0000185 seconds
[2019-12-09T07:55:45.169+0000][1][safepoint    ] Application time: 1.0000761 seconds
[2019-12-09T07:55:45.169+0000][1][safepoint    ] Entering safepoint region: Cleanup
[2019-12-09T07:55:45.169+0000][1][safepoint    ] Leaving safepoint region
[2019-12-09T07:55:45.169+0000][1][safepoint    ] Total time for which application threads were stopped: 0.0000988 seconds, Stopping threads took: 0.0000264 seconds
[2019-12-09T07:55:46.169+0000][1][safepoint    ] Application time: 1.0000777 seconds
[2019-12-09T07:55:46.169+0000][1][safepoint    ] Entering safepoint region: Cleanup
[2019-12-09T07:55:46.169+0000][1][safepoint    ] Leaving safepoint region
[2019-12-09T07:55:46.169+0000][1][safepoint    ] Total time for which application threads were stopped: 0.0001003 seconds, Stopping threads took: 0.0000265 seconds
[2019-12-09T07:55:47.169+0000][1][safepoint    ] Application time: 1.0000770 seconds
[2019-12-09T07:55:47.169+0000][1][safepoint    ] Entering safepoint region: Cleanup
[2019-12-09T07:55:47.169+0000][1][safepoint    ] Leaving safepoint region
[2019-12-09T07:55:47.169+0000][1][safepoint    ] Total time for which application threads were stopped: 0.0000921 seconds, Stopping threads took: 0.0000190 seconds
[2019-12-09T07:55:48.169+0000][1][safepoint    ] Application time: 1.0000741 seconds
[2019-12-09T07:55:48.169+0000][1][safepoint    ] Entering safepoint region: Cleanup
[2019-12-09T07:55:48.170+0000][1][safepoint    ] Leaving safepoint region
[2019-12-09T07:55:48.170+0000][1][safepoint    ] Total time for which application threads were stopped: 0.0000909 seconds, Stopping threads took: 0.0000190 seconds
[2019-12-09T07:55:49.170+0000][1][safepoint    ] Application time: 1.0000790 seconds
[2019-12-09T07:55:49.170+0000][1][safepoint    ] Entering safepoint region: Cleanup
[2019-12-09T07:55:49.170+0000][1][safepoint    ] Leaving safepoint region
[2019-12-09T07:55:49.170+0000][1][safepoint    ] Total time for which application threads were stopped: 0.0000945 seconds, Stopping threads took: 0.0000204 seconds
[2019-12-09T07:55:50.170+0000][1][safepoint    ] Application time: 1.0000761 seconds
[2019-12-09T07:55:50.170+0000][1][safepoint    ] Entering safepoint region: Cleanup
[2019-12-09T07:55:50.170+0000][1][safepoint    ] Leaving safepoint region
[2019-12-09T07:55:50.170+0000][1][safepoint    ] Total time for which application threads were stopped: 0.0000897 seconds, Stopping threads took: 0.0000179 seconds
[2019-12-09T07:55:51.170+0000][1][safepoint    ] Application time: 1.0000774 seconds
[2019-12-09T07:55:51.170+0000][1][safepoint    ] Entering safepoint region: Cleanup
[2019-12-09T07:55:51.170+0000][1][safepoint    ] Leaving safepoint region
[2019-12-09T07:55:51.170+0000][1][safepoint    ] Total time for which application threads were stopped: 0.0000918 seconds, Stopping threads took: 0.0000189 seconds
[2019-12-09T07:55:52.170+0000][1][safepoint    ] Application time: 1.0000771 seconds
[2019-12-09T07:55:52.170+0000][1][safepoint    ] Entering safepoint region: Cleanup
[2019-12-09T07:55:52.170+0000][1][safepoint    ] Leaving safepoint region
[2019-12-09T07:55:52.170+0000][1][safepoint    ] Total time for which application threads were stopped: 0.0000958 seconds, Stopping threads took: 0.0000207 seconds
[2019-12-09T07:55:53.171+0000][1][safepoint    ] Application time: 1.0000767 seconds
[2019-12-09T07:55:53.171+0000][1][safepoint    ] Entering safepoint region: Cleanup
[2019-12-09T07:55:53.171+0000][1][safepoint    ] Leaving safepoint region
[2019-12-09T07:55:53.171+0000][1][safepoint    ] Total time for which application threads were stopped: 0.0000930 seconds, Stopping threads took: 0.0000177 seconds
[2019-12-09T07:55:54.171+0000][1][safepoint    ] Application time: 1.0000763 seconds
[2019-12-09T07:55:54.171+0000][1][safepoint    ] Entering safepoint region: Cleanup
[2019-12-09T07:55:54.171+0000][1][safepoint    ] Leaving safepoint region
[2019-12-09T07:55:54.171+0000][1][safepoint    ] Total time for which application threads were stopped: 0.0000935 seconds, Stopping threads took: 0.0000195 seconds
[2019-12-09T07:55:55.171+0000][1][safepoint    ] Application time: 1.0000743 seconds
[2019-12-09T07:55:55.171+0000][1][safepoint    ] Entering safepoint region: Cleanup
[2019-12-09T07:55:55.171+0000][1][safepoint    ] Leaving safepoint region
[2019-12-09T07:55:55.171+0000][1][safepoint    ] Total time for which application threads were stopped: 0.0001029 seconds, Stopping threads took: 0.0000203 seconds
[2019-12-09T07:55:56.171+0000][1][safepoint    ] Application time: 1.0000758 seconds
[2019-12-09T07:55:56.171+0000][1][safepoint    ] Entering safepoint region: Cleanup
[2019-12-09T07:55:56.171+0000][1][safepoint    ] Leaving safepoint region
[2019-12-09T07:55:56.171+0000][1][safepoint    ] Total time for which application threads were stopped: 0.0001035 seconds, Stopping threads took: 0.0000196 seconds
[2019-12-09T07:55:57.171+0000][1][safepoint    ] Application time: 1.0000761 seconds
[2019-12-09T07:55:57.171+0000][1][safepoint    ] Entering safepoint region: Cleanup
[2019-12-09T07:55:57.172+0000][1][safepoint    ] Leaving safepoint region
[2019-12-09T07:55:57.172+0000][1][safepoint    ] Total time for which application threads were stopped: 0.0000918 seconds, Stopping threads took: 0.0000186 seconds
[2019-12-09T07:55:58.172+0000][1][safepoint    ] Application time: 1.0000748 seconds
[2019-12-09T07:55:58.172+0000][1][safepoint    ] Entering safepoint region: Cleanup
[2019-12-09T07:55:58.172+0000][1][safepoint    ] Leaving safepoint region
[2019-12-09T07:55:58.172+0000][1][safepoint    ] Total time for which application threads were stopped: 0.0001038 seconds, Stopping threads took: 0.0000193 seconds
[2019-12-09T07:55:59.172+0000][1][safepoint    ] Application time: 1.0000749 seconds
[2019-12-09T07:55:59.172+0000][1][safepoint    ] Entering safepoint region: Cleanup
[2019-12-09T07:55:59.172+0000][1][safepoint    ] Leaving safepoint region
[2019-12-09T07:55:59.172+0000][1][safepoint    ] Total time for which application threads were stopped: 0.0001008 seconds, Stopping threads took: 0.0000193 seconds
[2019-12-09T07:56:00.172+0000][1][safepoint    ] Application time: 1.0000767 seconds
[2019-12-09T07:56:00.172+0000][1][safepoint    ] Entering safepoint region: Cleanup
[2019-12-09T07:56:00.172+0000][1][safepoint    ] Leaving safepoint region
[2019-12-09T07:56:00.172+0000][1][safepoint    ] Total time for which application threads were stopped: 0.0000918 seconds, Stopping threads took: 0.0000191 seconds
[2019-12-09T07:56:01.172+0000][1][safepoint    ] Application time: 1.0000732 seconds
[2019-12-09T07:56:01.172+0000][1][safepoint    ] Entering safepoint region: Cleanup
[2019-12-09T07:56:01.172+0000][1][safepoint    ] Leaving safepoint region
[2019-12-09T07:56:01.172+0000][1][safepoint    ] Total time for which application threads were stopped: 0.0000920 seconds, Stopping threads took: 0.0000185 seconds
[2019-12-09T07:56:02.172+0000][1][safepoint    ] Application time: 1.0000780 seconds
[2019-12-09T07:56:02.173+0000][1][safepoint    ] Entering safepoint region: Cleanup
[2019-12-09T07:56:02.173+0000][1][safepoint    ] Leaving safepoint region
[2019-12-09T07:56:02.173+0000][1][safepoint    ] Total time for which application threads were stopped: 0.0000945 seconds, Stopping threads took: 0.0000192 seconds
[2019-12-09T07:56:03.173+0000][1][safepoint    ] Application time: 1.0000746 seconds
[2019-12-09T07:56:03.173+0000][1][safepoint    ] Entering safepoint region: Cleanup
[2019-12-09T07:56:03.173+0000][1][safepoint    ] Leaving safepoint region
[2019-12-09T07:56:03.173+0000][1][safepoint    ] Total time for which application threads were stopped: 0.0000905 seconds, Stopping threads took: 0.0000188 seconds
[2019-12-09T07:56:04.173+0000][1][safepoint    ] Application time: 1.0000778 seconds
[2019-12-09T07:56:04.173+0000][1][safepoint    ] Entering safepoint region: Cleanup
[2019-12-09T07:56:04.173+0000][1][safepoint    ] Leaving safepoint region
[2019-12-09T07:56:04.173+0000][1][safepoint    ] Total time for which application threads were stopped: 0.0000933 seconds, Stopping threads took: 0.0000186 seconds
[2019-12-09T07:56:05.173+0000][1][safepoint    ] Application time: 1.0000753 seconds
[2019-12-09T07:56:05.173+0000][1][safepoint    ] Entering safepoint region: Cleanup
[2019-12-09T07:56:05.173+0000][1][safepoint    ] Leaving safepoint region
[2019-12-09T07:56:05.173+0000][1][safepoint    ] Total time for which application threads were stopped: 0.0000981 seconds, Stopping threads took: 0.0000188 seconds
[2019-12-09T07:56:06.173+0000][1][safepoint    ] Application time: 1.0000755 seconds
[2019-12-09T07:56:06.173+0000][1][safepoint    ] Entering safepoint region: Cleanup
[2019-12-09T07:56:06.173+0000][1][safepoint    ] Leaving safepoint region
[2019-12-09T07:56:06.173+0000][1][safepoint    ] Total time for which application threads were stopped: 0.0000962 seconds, Stopping threads took: 0.0000181 seconds
[2019-12-09T07:56:07.174+0000][1][safepoint    ] Application time: 1.0000786 seconds
[2019-12-09T07:56:07.174+0000][1][safepoint    ] Entering safepoint region: Cleanup
[2019-12-09T07:56:07.174+0000][1][safepoint    ] Leaving safepoint region
[2019-12-09T07:56:07.174+0000][1][safepoint    ] Total time for which application threads were stopped: 0.0001121 seconds, Stopping threads took: 0.0000199 seconds
[2019-12-09T07:56:08.174+0000][1][safepoint    ] Application time: 1.0000786 seconds
[2019-12-09T07:56:08.174+0000][1][safepoint    ] Entering safepoint region: Cleanup
[2019-12-09T07:56:08.174+0000][1][safepoint    ] Leaving safepoint region
[2019-12-09T07:56:08.174+0000][1][safepoint    ] Total time for which application threads were stopped: 0.0000917 seconds, Stopping threads took: 0.0000189 seconds
[2019-12-09T07:56:09.174+0000][1][safepoint    ] Application time: 1.0000775 seconds
[2019-12-09T07:56:09.174+0000][1][safepoint    ] Entering safepoint region: Cleanup
[2019-12-09T07:56:09.174+0000][1][safepoint    ] Leaving safepoint region
[2019-12-09T07:56:09.174+0000][1][safepoint    ] Total time for which application threads were stopped: 0.0000905 seconds, Stopping threads took: 0.0000183 seconds
[2019-12-09T07:56:10.174+0000][1][safepoint    ] Application time: 1.0000774 seconds
[2019-12-09T07:56:10.174+0000][1][safepoint    ] Entering safepoint region: Cleanup
[2019-12-09T07:56:10.174+0000][1][safepoint    ] Leaving safepoint region
[2019-12-09T07:56:10.174+0000][1][safepoint    ] Total time for which application threads were stopped: 0.0000906 seconds, Stopping threads took: 0.0000181 seconds
[2019-12-09T07:56:11.174+0000][1][safepoint    ] Application time: 1.0000762 seconds
[2019-12-09T07:56:11.174+0000][1][safepoint    ] Entering safepoint region: Cleanup
[2019-12-09T07:56:11.175+0000][1][safepoint    ] Leaving safepoint region
[2019-12-09T07:56:11.175+0000][1][safepoint    ] Total time for which application threads were stopped: 0.0000941 seconds, Stopping threads took: 0.0000206 seconds
[2019-12-09T07:56:12.175+0000][1][safepoint    ] Application time: 1.0000792 seconds
[2019-12-09T07:56:12.175+0000][1][safepoint    ] Entering safepoint region: Cleanup
[2019-12-09T07:56:12.175+0000][1][safepoint    ] Leaving safepoint region
[2019-12-09T07:56:12.175+0000][1][safepoint    ] Total time for which application threads were stopped: 0.0000921 seconds, Stopping threads took: 0.0000201 seconds
[2019-12-09T07:56:13.175+0000][1][safepoint    ] Application time: 1.0000767 seconds
[2019-12-09T07:56:13.175+0000][1][safepoint    ] Entering safepoint region: Cleanup
[2019-12-09T07:56:13.175+0000][1][safepoint    ] Leaving safepoint region
[2019-12-09T07:56:13.175+0000][1][safepoint    ] Total time for which application threads were stopped: 0.0000917 seconds, Stopping threads took: 0.0000184 seconds
[2019-12-09T07:56:14.175+0000][1][safepoint    ] Application time: 1.0000779 seconds
[2019-12-09T07:56:14.175+0000][1][safepoint    ] Entering safepoint region: Cleanup
[2019-12-09T07:56:14.175+0000][1][safepoint    ] Leaving safepoint region
[2019-12-09T07:56:14.175+0000][1][safepoint    ] Total time for which application threads were stopped: 0.0000907 seconds, Stopping threads took: 0.0000200 seconds
[2019-12-09T07:56:15.175+0000][1][safepoint    ] Application time: 1.0000777 seconds
[2019-12-09T07:56:15.175+0000][1][safepoint    ] Entering safepoint region: Cleanup
[2019-12-09T07:56:15.175+0000][1][safepoint    ] Leaving safepoint region
[2019-12-09T07:56:15.175+0000][1][safepoint    ] Total time for which application threads were stopped: 0.0000940 seconds, Stopping threads took: 0.0000216 seconds
[2019-12-09T07:56:16.176+0000][1][safepoint    ] Application time: 1.0000767 seconds
[2019-12-09T07:56:16.176+0000][1][safepoint    ] Entering safepoint region: Cleanup
[2019-12-09T07:56:16.176+0000][1][safepoint    ] Leaving safepoint region
[2019-12-09T07:56:16.176+0000][1][safepoint    ] Total time for which application threads were stopped: 0.0001032 seconds, Stopping threads took: 0.0000192 seconds
[2019-12-09T07:56:17.176+0000][1][safepoint    ] Application time: 1.0000874 seconds
[2019-12-09T07:56:17.176+0000][1][safepoint    ] Entering safepoint region: Cleanup
[2019-12-09T07:56:17.176+0000][1][safepoint    ] Leaving safepoint region
[2019-12-09T07:56:17.176+0000][1][safepoint    ] Total time for which application threads were stopped: 0.0000953 seconds, Stopping threads took: 0.0000187 seconds
[2019-12-09T07:56:18.176+0000][1][safepoint    ] Application time: 1.0000772 seconds
[2019-12-09T07:56:18.176+0000][1][safepoint    ] Entering safepoint region: Cleanup
[2019-12-09T07:56:18.176+0000][1][safepoint    ] Leaving safepoint region
[2019-12-09T07:56:18.176+0000][1][safepoint    ] Total time for which application threads were stopped: 0.0000925 seconds, Stopping threads took: 0.0000193 seconds
[2019-12-09T07:56:19.176+0000][1][safepoint    ] Application time: 1.0000765 seconds
[2019-12-09T07:56:19.176+0000][1][safepoint    ] Entering safepoint region: Cleanup
[2019-12-09T07:56:19.176+0000][1][safepoint    ] Leaving safepoint region
[2019-12-09T07:56:19.176+0000][1][safepoint    ] Total time for which application threads were stopped: 0.0000940 seconds, Stopping threads took: 0.0000180 seconds
[2019-12-09T07:56:20.176+0000][1][safepoint    ] Application time: 1.0000777 seconds
[2019-12-09T07:56:20.176+0000][1][safepoint    ] Entering safepoint region: Cleanup
[2019-12-09T07:56:20.177+0000][1][safepoint    ] Leaving safepoint region
[2019-12-09T07:56:20.177+0000][1][safepoint    ] Total time for which application threads were stopped: 0.0000954 seconds, Stopping threads took: 0.0000197 seconds
[2019-12-09T07:56:21.177+0000][1][safepoint    ] Application time: 1.0000776 seconds
[2019-12-09T07:56:21.177+0000][1][safepoint    ] Entering safepoint region: Cleanup
[2019-12-09T07:56:21.177+0000][1][safepoint    ] Leaving safepoint region
[2019-12-09T07:56:21.177+0000][1][safepoint    ] Total time for which application threads were stopped: 0.0001063 seconds, Stopping threads took: 0.0000195 seconds
[2019-12-09T07:56:22.177+0000][1][safepoint    ] Application time: 1.0000795 seconds
[2019-12-09T07:56:22.177+0000][1][safepoint    ] Entering safepoint region: Cleanup
[2019-12-09T07:56:22.177+0000][1][safepoint    ] Leaving safepoint region
[2019-12-09T07:56:22.177+0000][1][safepoint    ] Total time for which application threads were stopped: 0.0000923 seconds, Stopping threads took: 0.0000191 seconds
[2019-12-09T07:56:23.177+0000][1][safepoint    ] Application time: 1.0000735 seconds
[2019-12-09T07:56:23.177+0000][1][safepoint    ] Entering safepoint region: Cleanup
[2019-12-09T07:56:23.177+0000][1][safepoint    ] Leaving safepoint region
[2019-12-09T07:56:23.177+0000][1][safepoint    ] Total time for which application threads were stopped: 0.0000897 seconds, Stopping threads took: 0.0000200 seconds
[2019-12-09T07:56:24.177+0000][1][safepoint    ] Application time: 1.0000770 seconds
[2019-12-09T07:56:24.177+0000][1][safepoint    ] Entering safepoint region: Cleanup
[2019-12-09T07:56:24.177+0000][1][safepoint    ] Leaving safepoint region
[2019-12-09T07:56:24.177+0000][1][safepoint    ] Total time for which application threads were stopped: 0.0000940 seconds, Stopping threads took: 0.0000188 seconds
[2019-12-09T07:56:25.177+0000][1][safepoint    ] Application time: 1.0000773 seconds
[2019-12-09T07:56:25.178+0000][1][safepoint    ] Entering safepoint region: Cleanup
[2019-12-09T07:56:25.178+0000][1][safepoint    ] Leaving safepoint region
[2019-12-09T07:56:25.178+0000][1][safepoint    ] Total time for which application threads were stopped: 0.0000958 seconds, Stopping threads took: 0.0000231 seconds
[2019-12-09T07:56:26.178+0000][1][safepoint    ] Application time: 1.0000764 seconds
[2019-12-09T07:56:26.178+0000][1][safepoint    ] Entering safepoint region: Cleanup
[2019-12-09T07:56:26.178+0000][1][safepoint    ] Leaving safepoint region
[2019-12-09T07:56:26.178+0000][1][safepoint    ] Total time for which application threads were stopped: 0.0000942 seconds, Stopping threads took: 0.0000194 seconds
[2019-12-09T07:56:27.178+0000][1][safepoint    ] Application time: 1.0000766 seconds
[2019-12-09T07:56:27.178+0000][1][safepoint    ] Entering safepoint region: Cleanup
[2019-12-09T07:56:27.178+0000][1][safepoint    ] Leaving safepoint region
[2019-12-09T07:56:27.178+0000][1][safepoint    ] Total time for which application threads were stopped: 0.0000935 seconds, Stopping threads took: 0.0000194 seconds
[2019-12-09T07:56:28.178+0000][1][safepoint    ] Application time: 1.0000762 seconds
[2019-12-09T07:56:28.178+0000][1][safepoint    ] Entering safepoint region: Cleanup
[2019-12-09T07:56:28.178+0000][1][safepoint    ] Leaving safepoint region
[2019-12-09T07:56:28.178+0000][1][safepoint    ] Total time for which application threads were stopped: 0.0000936 seconds, Stopping threads took: 0.0000200 seconds
[2019-12-09T07:56:29.178+0000][1][safepoint    ] Application time: 1.0000770 seconds
[2019-12-09T07:56:29.178+0000][1][safepoint    ] Entering safepoint region: Cleanup
[2019-12-09T07:56:29.178+0000][1][safepoint    ] Leaving safepoint region
[2019-12-09T07:56:29.178+0000][1][safepoint    ] Total time for which application threads were stopped: 0.0000919 seconds, Stopping threads took: 0.0000194 seconds
[2019-12-09T07:56:30.179+0000][1][safepoint    ] Application time: 1.0000770 seconds
[2019-12-09T07:56:30.179+0000][1][safepoint    ] Entering safepoint region: Cleanup
[2019-12-09T07:56:30.179+0000][1][safepoint    ] Leaving safepoint region
[2019-12-09T07:56:30.179+0000][1][safepoint    ] Total time for which application threads were stopped: 0.0001077 seconds, Stopping threads took: 0.0000195 seconds
[2019-12-09T07:56:31.179+0000][1][safepoint    ] Application time: 1.0000757 seconds
[2019-12-09T07:56:31.179+0000][1][safepoint    ] Entering safepoint region: Cleanup
[2019-12-09T07:56:31.179+0000][1][safepoint    ] Leaving safepoint region
[2019-12-09T07:56:31.179+0000][1][safepoint    ] Total time for which application threads were stopped: 0.0000905 seconds, Stopping threads took: 0.0000182 seconds
[2019-12-09T07:56:32.179+0000][1][safepoint    ] Application time: 1.0000754 seconds
[2019-12-09T07:56:32.179+0000][1][safepoint    ] Entering safepoint region: Cleanup
[2019-12-09T07:56:32.179+0000][1][safepoint    ] Leaving safepoint region
[2019-12-09T07:56:32.179+0000][1][safepoint    ] Total time for which application threads were stopped: 0.0000913 seconds, Stopping threads took: 0.0000184 seconds
[2019-12-09T07:56:33.179+0000][1][safepoint    ] Application time: 1.0000748 seconds
[2019-12-09T07:56:33.179+0000][1][safepoint    ] Entering safepoint region: Cleanup
[2019-12-09T07:56:33.179+0000][1][safepoint    ] Leaving safepoint region
[2019-12-09T07:56:33.179+0000][1][safepoint    ] Total time for which application threads were stopped: 0.0000957 seconds, Stopping threads took: 0.0000203 seconds
[2019-12-09T07:56:34.179+0000][1][safepoint    ] Application time: 1.0000757 seconds
[2019-12-09T07:56:34.179+0000][1][safepoint    ] Entering safepoint region: Cleanup
[2019-12-09T07:56:34.180+0000][1][safepoint    ] Leaving safepoint region
[2019-12-09T07:56:34.180+0000][1][safepoint    ] Total time for which application threads were stopped: 0.0000919 seconds, Stopping threads took: 0.0000188 seconds
[2019-12-09T07:56:35.180+0000][1][safepoint    ] Application time: 1.0000755 seconds
[2019-12-09T07:56:35.180+0000][1][safepoint    ] Entering safepoint region: Cleanup
[2019-12-09T07:56:35.180+0000][1][safepoint    ] Leaving safepoint region
[2019-12-09T07:56:35.180+0000][1][safepoint    ] Total time for which application threads were stopped: 0.0000950 seconds, Stopping threads took: 0.0000204 seconds
[2019-12-09T07:56:36.180+0000][1][safepoint    ] Application time: 1.0000766 seconds
[2019-12-09T07:56:36.180+0000][1][safepoint    ] Entering safepoint region: Cleanup
[2019-12-09T07:56:36.180+0000][1][safepoint    ] Leaving safepoint region
[2019-12-09T07:56:36.180+0000][1][safepoint    ] Total time for which application threads were stopped: 0.0000925 seconds, Stopping threads took: 0.0000199 seconds
[2019-12-09T07:56:37.180+0000][1][safepoint    ] Application time: 1.0000772 seconds
[2019-12-09T07:56:37.180+0000][1][safepoint    ] Entering safepoint region: Cleanup
[2019-12-09T07:56:37.180+0000][1][safepoint    ] Leaving safepoint region
[2019-12-09T07:56:37.180+0000][1][safepoint    ] Total time for which application threads were stopped: 0.0000922 seconds, Stopping threads took: 0.0000195 seconds
[2019-12-09T07:56:38.180+0000][1][safepoint    ] Application time: 1.0000286 seconds
[2019-12-09T07:56:38.180+0000][1][safepoint    ] Entering safepoint region: Cleanup
[2019-12-09T07:56:38.180+0000][1][safepoint    ] Leaving safepoint region
[2019-12-09T07:56:38.180+0000][1][safepoint    ] Total time for which application threads were stopped: 0.0000907 seconds, Stopping threads took: 0.0000182 seconds
[2019-12-09T07:56:39.180+0000][1][safepoint    ] Application time: 1.0000752 seconds
[2019-12-09T07:56:39.181+0000][1][safepoint    ] Entering safepoint region: Cleanup
[2019-12-09T07:56:39.181+0000][1][safepoint    ] Leaving safepoint region
[2019-12-09T07:56:39.181+0000][1][safepoint    ] Total time for which application threads were stopped: 0.0000925 seconds, Stopping threads took: 0.0000193 seconds
[2019-12-09T07:56:40.181+0000][1][safepoint    ] Application time: 1.0000818 seconds
[2019-12-09T07:56:40.181+0000][1][safepoint    ] Entering safepoint region: Cleanup
[2019-12-09T07:56:40.181+0000][1][safepoint    ] Leaving safepoint region
[2019-12-09T07:56:40.181+0000][1][safepoint    ] Total time for which application threads were stopped: 0.0000923 seconds, Stopping threads took: 0.0000219 seconds
[2019-12-09T07:56:41.181+0000][1][safepoint    ] Application time: 1.0000751 seconds
[2019-12-09T07:56:41.181+0000][1][safepoint    ] Entering safepoint region: Cleanup
[2019-12-09T07:56:41.181+0000][1][safepoint    ] Leaving safepoint region
[2019-12-09T07:56:41.181+0000][1][safepoint    ] Total time for which application threads were stopped: 0.0000926 seconds, Stopping threads took: 0.0000193 seconds
[2019-12-09T07:56:42.181+0000][1][safepoint    ] Application time: 1.0000745 seconds
[2019-12-09T07:56:42.181+0000][1][safepoint    ] Entering safepoint region: Cleanup
[2019-12-09T07:56:42.181+0000][1][safepoint    ] Leaving safepoint region
[2019-12-09T07:56:42.181+0000][1][safepoint    ] Total time for which application threads were stopped: 0.0000908 seconds, Stopping threads took: 0.0000181 seconds
[2019-12-09T07:56:43.181+0000][1][safepoint    ] Application time: 1.0000762 seconds
[2019-12-09T07:56:43.181+0000][1][safepoint    ] Entering safepoint region: Cleanup
[2019-12-09T07:56:43.181+0000][1][safepoint    ] Leaving safepoint region
[2019-12-09T07:56:43.181+0000][1][safepoint    ] Total time for which application threads were stopped: 0.0000910 seconds, Stopping threads took: 0.0000190 seconds
[2019-12-09T07:56:44.182+0000][1][safepoint    ] Application time: 1.0000761 seconds
[2019-12-09T07:56:44.182+0000][1][safepoint    ] Entering safepoint region: Cleanup
[2019-12-09T07:56:44.182+0000][1][safepoint    ] Leaving safepoint region
[2019-12-09T07:56:44.182+0000][1][safepoint    ] Total time for which application threads were stopped: 0.0000893 seconds, Stopping threads took: 0.0000192 seconds
[2019-12-09T07:56:45.182+0000][1][safepoint    ] Application time: 1.0000769 seconds
[2019-12-09T07:56:45.182+0000][1][safepoint    ] Entering safepoint region: Cleanup
[2019-12-09T07:56:45.182+0000][1][safepoint    ] Leaving safepoint region
[2019-12-09T07:56:45.182+0000][1][safepoint    ] Total time for which application threads were stopped: 0.0000923 seconds, Stopping threads took: 0.0000201 seconds
[2019-12-09T07:56:46.182+0000][1][safepoint    ] Application time: 1.0000775 seconds
[2019-12-09T07:56:46.182+0000][1][safepoint    ] Entering safepoint region: Cleanup
[2019-12-09T07:56:46.182+0000][1][safepoint    ] Leaving safepoint region
[2019-12-09T07:56:46.182+0000][1][safepoint    ] Total time for which application threads were stopped: 0.0000933 seconds, Stopping threads took: 0.0000185 seconds
[2019-12-09T07:56:47.182+0000][1][safepoint    ] Application time: 1.0000790 seconds
[2019-12-09T07:56:47.182+0000][1][safepoint    ] Entering safepoint region: Cleanup
[2019-12-09T07:56:47.182+0000][1][safepoint    ] Leaving safepoint region
[2019-12-09T07:56:47.182+0000][1][safepoint    ] Total time for which application threads were stopped: 0.0000927 seconds, Stopping threads took: 0.0000194 seconds
[2019-12-09T07:56:48.182+0000][1][safepoint    ] Application time: 1.0000774 seconds
[2019-12-09T07:56:48.182+0000][1][safepoint    ] Entering safepoint region: Cleanup
[2019-12-09T07:56:48.183+0000][1][safepoint    ] Leaving safepoint region
[2019-12-09T07:56:48.183+0000][1][safepoint    ] Total time for which application threads were stopped: 0.0000911 seconds, Stopping threads took: 0.0000193 seconds
[2019-12-09T07:56:49.183+0000][1][safepoint    ] Application time: 1.0000755 seconds
[2019-12-09T07:56:49.183+0000][1][safepoint    ] Entering safepoint region: Cleanup
[2019-12-09T07:56:49.183+0000][1][safepoint    ] Leaving safepoint region
[2019-12-09T07:56:49.183+0000][1][safepoint    ] Total time for which application threads were stopped: 0.0000995 seconds, Stopping threads took: 0.0000172 seconds
[2019-12-09T07:56:50.183+0000][1][safepoint    ] Application time: 1.0000752 seconds
[2019-12-09T07:56:50.183+0000][1][safepoint    ] Entering safepoint region: Cleanup
[2019-12-09T07:56:50.183+0000][1][safepoint    ] Leaving safepoint region
[2019-12-09T07:56:50.183+0000][1][safepoint    ] Total time for which application threads were stopped: 0.0000949 seconds, Stopping threads took: 0.0000210 seconds
[2019-12-09T07:56:51.183+0000][1][safepoint    ] Application time: 1.0000801 seconds
[2019-12-09T07:56:51.183+0000][1][safepoint    ] Entering safepoint region: Cleanup
[2019-12-09T07:56:51.183+0000][1][safepoint    ] Leaving safepoint region
[2019-12-09T07:56:51.183+0000][1][safepoint    ] Total time for which application threads were stopped: 0.0000959 seconds, Stopping threads took: 0.0000230 seconds
[2019-12-09T07:56:52.183+0000][1][safepoint    ] Application time: 1.0000782 seconds
[2019-12-09T07:56:52.183+0000][1][safepoint    ] Entering safepoint region: Cleanup
[2019-12-09T07:56:52.183+0000][1][safepoint    ] Leaving safepoint region
[2019-12-09T07:56:52.183+0000][1][safepoint    ] Total time for which application threads were stopped: 0.0000906 seconds, Stopping threads took: 0.0000180 seconds
[2019-12-09T07:56:53.183+0000][1][safepoint    ] Application time: 1.0000771 seconds
[2019-12-09T07:56:53.184+0000][1][safepoint    ] Entering safepoint region: Cleanup
[2019-12-09T07:56:53.184+0000][1][safepoint    ] Leaving safepoint region
[2019-12-09T07:56:53.184+0000][1][safepoint    ] Total time for which application threads were stopped: 0.0000885 seconds, Stopping threads took: 0.0000190 seconds
[2019-12-09T07:56:54.556+0000][1][safepoint    ] Application time: 1.3728640 seconds
[2019-12-09T07:56:54.557+0000][1][safepoint    ] Entering safepoint region: Cleanup
[2019-12-09T07:56:54.557+0000][1][safepoint    ] Leaving safepoint region
[2019-12-09T07:56:54.557+0000][1][safepoint    ] Total time for which application threads were stopped: 0.0001055 seconds, Stopping threads took: 0.0000208 seconds
[2019-12-09T07:56:55.557+0000][1][safepoint    ] Application time: 1.0000748 seconds
[2019-12-09T07:56:55.557+0000][1][safepoint    ] Entering safepoint region: Cleanup
[2019-12-09T07:56:55.557+0000][1][safepoint    ] Leaving safepoint region
[2019-12-09T07:56:55.557+0000][1][safepoint    ] Total time for which application threads were stopped: 0.0001179 seconds, Stopping threads took: 0.0000200 seconds
[2019-12-09T07:56:56.557+0000][1][safepoint    ] Application time: 1.0000739 seconds
[2019-12-09T07:56:56.557+0000][1][safepoint    ] Entering safepoint region: Cleanup
[2019-12-09T07:56:56.557+0000][1][safepoint    ] Leaving safepoint region
[2019-12-09T07:56:56.557+0000][1][safepoint    ] Total time for which application threads were stopped: 0.0001106 seconds, Stopping threads took: 0.0000193 seconds
[2019-12-09T07:56:57.557+0000][1][safepoint    ] Application time: 1.0000761 seconds
[2019-12-09T07:56:57.557+0000][1][safepoint    ] Entering safepoint region: Cleanup
[2019-12-09T07:56:57.557+0000][1][safepoint    ] Leaving safepoint region
[2019-12-09T07:56:57.557+0000][1][safepoint    ] Total time for which application threads were stopped: 0.0000910 seconds, Stopping threads took: 0.0000187 seconds
[2019-12-09T07:56:58.557+0000][1][safepoint    ] Application time: 1.0000753 seconds
[2019-12-09T07:56:58.557+0000][1][safepoint    ] Entering safepoint region: Cleanup
[2019-12-09T07:56:58.558+0000][1][safepoint    ] Leaving safepoint region
[2019-12-09T07:56:58.558+0000][1][safepoint    ] Total time for which application threads were stopped: 0.0000923 seconds, Stopping threads took: 0.0000200 seconds
[2019-12-09T07:56:59.558+0000][1][safepoint    ] Application time: 1.0000750 seconds
[2019-12-09T07:56:59.558+0000][1][safepoint    ] Entering safepoint region: Cleanup
[2019-12-09T07:56:59.558+0000][1][safepoint    ] Leaving safepoint region
[2019-12-09T07:56:59.558+0000][1][safepoint    ] Total time for which application threads were stopped: 0.0001037 seconds, Stopping threads took: 0.0000306 seconds
[2019-12-09T07:57:00.558+0000][1][safepoint    ] Application time: 1.0000758 seconds
[2019-12-09T07:57:00.558+0000][1][safepoint    ] Entering safepoint region: Cleanup
[2019-12-09T07:57:00.558+0000][1][safepoint    ] Leaving safepoint region
[2019-12-09T07:57:00.558+0000][1][safepoint    ] Total time for which application threads were stopped: 0.0000905 seconds, Stopping threads took: 0.0000186 seconds
[2019-12-09T07:57:01.558+0000][1][safepoint    ] Application time: 1.0000750 seconds
[2019-12-09T07:57:01.558+0000][1][safepoint    ] Entering safepoint region: Cleanup
[2019-12-09T07:57:01.558+0000][1][safepoint    ] Leaving safepoint region
[2019-12-09T07:57:01.558+0000][1][safepoint    ] Total time for which application threads were stopped: 0.0000941 seconds, Stopping threads took: 0.0000198 seconds
[2019-12-09T07:57:02.558+0000][1][safepoint    ] Application time: 1.0000769 seconds
[2019-12-09T07:57:02.558+0000][1][safepoint    ] Entering safepoint region: Cleanup
[2019-12-09T07:57:02.558+0000][1][safepoint    ] Leaving safepoint region
[2019-12-09T07:57:02.558+0000][1][safepoint    ] Total time for which application threads were stopped: 0.0000976 seconds, Stopping threads took: 0.0000205 seconds
[2019-12-09T07:57:03.559+0000][1][safepoint    ] Application time: 1.0000833 seconds
[2019-12-09T07:57:03.559+0000][1][safepoint    ] Entering safepoint region: Cleanup
[2019-12-09T07:57:03.559+0000][1][safepoint    ] Leaving safepoint region
[2019-12-09T07:57:03.559+0000][1][safepoint    ] Total time for which application threads were stopped: 0.0001223 seconds, Stopping threads took: 0.0000249 seconds
[2019-12-09T07:57:04.559+0000][1][safepoint    ] Application time: 1.0000890 seconds
[2019-12-09T07:57:04.559+0000][1][safepoint    ] Entering safepoint region: Cleanup
[2019-12-09T07:57:04.559+0000][1][safepoint    ] Leaving safepoint region
[2019-12-09T07:57:04.559+0000][1][safepoint    ] Total time for which application threads were stopped: 0.0000958 seconds, Stopping threads took: 0.0000202 seconds
[2019-12-09T07:57:05.559+0000][1][safepoint    ] Application time: 1.0000781 seconds
[2019-12-09T07:57:05.559+0000][1][safepoint    ] Entering safepoint region: Cleanup
[2019-12-09T07:57:05.559+0000][1][safepoint    ] Leaving safepoint region
[2019-12-09T07:57:05.559+0000][1][safepoint    ] Total time for which application threads were stopped: 0.0000930 seconds, Stopping threads took: 0.0000199 seconds
[2019-12-09T07:57:06.559+0000][1][safepoint    ] Application time: 1.0000859 seconds
[2019-12-09T07:57:06.559+0000][1][safepoint    ] Entering safepoint region: Cleanup
[2019-12-09T07:57:06.559+0000][1][safepoint    ] Leaving safepoint region
[2019-12-09T07:57:06.559+0000][1][safepoint    ] Total time for which application threads were stopped: 0.0000956 seconds, Stopping threads took: 0.0000201 seconds
[2019-12-09T07:57:06.896+0000][1][safepoint    ] Application time: 0.3361513 seconds
[2019-12-09T07:57:06.896+0000][1][safepoint    ] Entering safepoint region: GenCollectForAllocation
[2019-12-09T07:57:06.896+0000][1][gc,start     ] GC(57) Pause Young (Allocation Failure)
[2019-12-09T07:57:06.896+0000][1][gc,task      ] GC(57) Using 2 workers of 2 for evacuation
[2019-12-09T07:57:06.898+0000][1][gc,age       ] GC(57) Desired survivor size 4456448 bytes, new threshold 6 (max threshold 6)
[2019-12-09T07:57:06.898+0000][1][gc,age       ] GC(57) Age table with threshold 6 (max threshold 6)
[2019-12-09T07:57:06.898+0000][1][gc,age       ] GC(57) - age   1:      78616 bytes,      78616 total
[2019-12-09T07:57:06.898+0000][1][gc,age       ] GC(57) - age   2:        120 bytes,      78736 total
[2019-12-09T07:57:06.898+0000][1][gc,age       ] GC(57) - age   3:       3608 bytes,      82344 total
[2019-12-09T07:57:06.898+0000][1][gc,age       ] GC(57) - age   5:        920 bytes,      83264 total
[2019-12-09T07:57:06.898+0000][1][gc,age       ] GC(57) - age   6:       1920 bytes,      85184 total
[2019-12-09T07:57:06.898+0000][1][gc,heap      ] GC(57) ParNew: 69978K->88K(78656K)
[2019-12-09T07:57:06.898+0000][1][gc,heap      ] GC(57) CMS: 75183K->75184K(174784K)
[2019-12-09T07:57:06.898+0000][1][gc,metaspace ] GC(57) Metaspace: 79280K->79280K(1122304K)
[2019-12-09T07:57:06.898+0000][1][gc           ] GC(57) Pause Young (Allocation Failure) 141M->73M(247M) 2.536ms
[2019-12-09T07:57:06.898+0000][1][gc,cpu       ] GC(57) User=0.00s Sys=0.00s Real=0.00s
[2019-12-09T07:57:06.898+0000][1][safepoint    ] Leaving safepoint region
[2019-12-09T07:57:06.898+0000][1][safepoint    ] Total time for which application threads were stopped: 0.0027607 seconds, Stopping threads took: 0.0000233 seconds
[2019-12-09T07:57:07.898+0000][1][safepoint    ] Application time: 1.0000903 seconds
[2019-12-09T07:57:07.898+0000][1][safepoint    ] Entering safepoint region: Cleanup
[2019-12-09T07:57:07.899+0000][1][safepoint    ] Leaving safepoint region
[2019-12-09T07:57:07.899+0000][1][safepoint    ] Total time for which application threads were stopped: 0.0000889 seconds, Stopping threads took: 0.0000189 seconds
[2019-12-09T07:57:08.899+0000][1][safepoint    ] Application time: 1.0000820 seconds
[2019-12-09T07:57:08.899+0000][1][safepoint    ] Entering safepoint region: Cleanup
[2019-12-09T07:57:08.899+0000][1][safepoint    ] Leaving safepoint region
[2019-12-09T07:57:08.899+0000][1][safepoint    ] Total time for which application threads were stopped: 0.0000973 seconds, Stopping threads took: 0.0000250 seconds
[2019-12-09T07:57:09.899+0000][1][safepoint    ] Application time: 1.0000760 seconds
[2019-12-09T07:57:09.899+0000][1][safepoint    ] Entering safepoint region: Cleanup
[2019-12-09T07:57:09.899+0000][1][safepoint    ] Leaving safepoint region
[2019-12-09T07:57:09.899+0000][1][safepoint    ] Total time for which application threads were stopped: 0.0000913 seconds, Stopping threads took: 0.0000189 seconds
[2019-12-09T07:57:10.899+0000][1][safepoint    ] Application time: 1.0000820 seconds
[2019-12-09T07:57:10.899+0000][1][safepoint    ] Entering safepoint region: Cleanup
[2019-12-09T07:57:10.899+0000][1][safepoint    ] Leaving safepoint region
[2019-12-09T07:57:10.899+0000][1][safepoint    ] Total time for which application threads were stopped: 0.0000931 seconds, Stopping threads took: 0.0000193 seconds
[2019-12-09T07:57:11.899+0000][1][safepoint    ] Application time: 1.0000492 seconds
[2019-12-09T07:57:11.899+0000][1][safepoint    ] Entering safepoint region: Cleanup
[2019-12-09T07:57:11.899+0000][1][safepoint    ] Leaving safepoint region
[2019-12-09T07:57:11.899+0000][1][safepoint    ] Total time for which application threads were stopped: 0.0001274 seconds, Stopping threads took: 0.0000257 seconds
[2019-12-09T07:57:12.900+0000][1][safepoint    ] Application time: 1.0000717 seconds
[2019-12-09T07:57:12.900+0000][1][safepoint    ] Entering safepoint region: Cleanup
[2019-12-09T07:57:12.900+0000][1][safepoint    ] Leaving safepoint region
[2019-12-09T07:57:12.900+0000][1][safepoint    ] Total time for which application threads were stopped: 0.0000960 seconds, Stopping threads took: 0.0000188 seconds
[2019-12-09T07:57:13.900+0000][1][safepoint    ] Application time: 1.0000857 seconds
[2019-12-09T07:57:13.900+0000][1][safepoint    ] Entering safepoint region: Cleanup
[2019-12-09T07:57:13.900+0000][1][safepoint    ] Leaving safepoint region
[2019-12-09T07:57:13.900+0000][1][safepoint    ] Total time for which application threads were stopped: 0.0000906 seconds, Stopping threads took: 0.0000179 seconds
[2019-12-09T07:57:14.900+0000][1][safepoint    ] Application time: 1.0000816 seconds
[2019-12-09T07:57:14.900+0000][1][safepoint    ] Entering safepoint region: Cleanup
[2019-12-09T07:57:14.900+0000][1][safepoint    ] Leaving safepoint region
[2019-12-09T07:57:14.900+0000][1][safepoint    ] Total time for which application threads were stopped: 0.0001198 seconds, Stopping threads took: 0.0000257 seconds
[2019-12-09T07:57:15.900+0000][1][safepoint    ] Application time: 1.0000744 seconds
[2019-12-09T07:57:15.900+0000][1][safepoint    ] Entering safepoint region: Cleanup
[2019-12-09T07:57:15.900+0000][1][safepoint    ] Leaving safepoint region
[2019-12-09T07:57:15.900+0000][1][safepoint    ] Total time for which application threads were stopped: 0.0000920 seconds, Stopping threads took: 0.0000196 seconds
[2019-12-09T07:57:16.900+0000][1][safepoint    ] Application time: 1.0000533 seconds
[2019-12-09T07:57:16.900+0000][1][safepoint    ] Entering safepoint region: Cleanup
[2019-12-09T07:57:16.901+0000][1][safepoint    ] Leaving safepoint region
[2019-12-09T07:57:16.901+0000][1][safepoint    ] Total time for which application threads were stopped: 0.0000903 seconds, Stopping threads took: 0.0000192 seconds
[2019-12-09T07:57:17.901+0000][1][safepoint    ] Application time: 1.0000760 seconds
[2019-12-09T07:57:17.901+0000][1][safepoint    ] Entering safepoint region: Cleanup
[2019-12-09T07:57:17.901+0000][1][safepoint    ] Leaving safepoint region
[2019-12-09T07:57:17.901+0000][1][safepoint    ] Total time for which application threads were stopped: 0.0001035 seconds, Stopping threads took: 0.0000295 seconds
[2019-12-09T07:57:18.901+0000][1][safepoint    ] Application time: 1.0000760 seconds
[2019-12-09T07:57:18.901+0000][1][safepoint    ] Entering safepoint region: Cleanup
[2019-12-09T07:57:18.901+0000][1][safepoint    ] Leaving safepoint region
[2019-12-09T07:57:18.901+0000][1][safepoint    ] Total time for which application threads were stopped: 0.0000908 seconds, Stopping threads took: 0.0000199 seconds
[2019-12-09T07:57:19.901+0000][1][safepoint    ] Application time: 1.0000753 seconds
[2019-12-09T07:57:19.901+0000][1][safepoint    ] Entering safepoint region: Cleanup
[2019-12-09T07:57:19.901+0000][1][safepoint    ] Leaving safepoint region
[2019-12-09T07:57:19.901+0000][1][safepoint    ] Total time for which application threads were stopped: 0.0000906 seconds, Stopping threads took: 0.0000189 seconds
[2019-12-09T07:57:20.901+0000][1][safepoint    ] Application time: 1.0000758 seconds
[2019-12-09T07:57:20.901+0000][1][safepoint    ] Entering safepoint region: Cleanup
[2019-12-09T07:57:20.901+0000][1][safepoint    ] Leaving safepoint region
[2019-12-09T07:57:20.901+0000][1][safepoint    ] Total time for which application threads were stopped: 0.0000912 seconds, Stopping threads took: 0.0000217 seconds
[2019-12-09T07:57:21.901+0000][1][safepoint    ] Application time: 1.0000761 seconds
[2019-12-09T07:57:21.902+0000][1][safepoint    ] Entering safepoint region: Cleanup
[2019-12-09T07:57:21.902+0000][1][safepoint    ] Leaving safepoint region
[2019-12-09T07:57:21.902+0000][1][safepoint    ] Total time for which application threads were stopped: 0.0000889 seconds, Stopping threads took: 0.0000191 seconds
[2019-12-09T07:57:22.902+0000][1][safepoint    ] Application time: 1.0000855 seconds
[2019-12-09T07:57:22.902+0000][1][safepoint    ] Entering safepoint region: Cleanup
[2019-12-09T07:57:22.902+0000][1][safepoint    ] Leaving safepoint region
[2019-12-09T07:57:22.902+0000][1][safepoint    ] Total time for which application threads were stopped: 0.0001000 seconds, Stopping threads took: 0.0000195 seconds
[2019-12-09T07:57:23.902+0000][1][safepoint    ] Application time: 1.0000761 seconds
[2019-12-09T07:57:23.902+0000][1][safepoint    ] Entering safepoint region: Cleanup
[2019-12-09T07:57:23.902+0000][1][safepoint    ] Leaving safepoint region
[2019-12-09T07:57:23.902+0000][1][safepoint    ] Total time for which application threads were stopped: 0.0000896 seconds, Stopping threads took: 0.0000190 seconds
[2019-12-09T07:57:24.902+0000][1][safepoint    ] Application time: 1.0000749 seconds
[2019-12-09T07:57:24.902+0000][1][safepoint    ] Entering safepoint region: Cleanup
[2019-12-09T07:57:24.902+0000][1][safepoint    ] Leaving safepoint region
[2019-12-09T07:57:24.902+0000][1][safepoint    ] Total time for which application threads were stopped: 0.0000906 seconds, Stopping threads took: 0.0000206 seconds
[2019-12-09T07:57:25.902+0000][1][safepoint    ] Application time: 1.0000748 seconds
[2019-12-09T07:57:25.902+0000][1][safepoint    ] Entering safepoint region: Cleanup
[2019-12-09T07:57:25.902+0000][1][safepoint    ] Leaving safepoint region
[2019-12-09T07:57:25.902+0000][1][safepoint    ] Total time for which application threads were stopped: 0.0000922 seconds, Stopping threads took: 0.0000189 seconds
[2019-12-09T07:57:26.903+0000][1][safepoint    ] Application time: 1.0000749 seconds
[2019-12-09T07:57:26.903+0000][1][safepoint    ] Entering safepoint region: Cleanup
[2019-12-09T07:57:26.903+0000][1][safepoint    ] Leaving safepoint region
[2019-12-09T07:57:26.903+0000][1][safepoint    ] Total time for which application threads were stopped: 0.0000924 seconds, Stopping threads took: 0.0000197 seconds
[2019-12-09T07:57:27.903+0000][1][safepoint    ] Application time: 1.0000736 seconds
[2019-12-09T07:57:27.903+0000][1][safepoint    ] Entering safepoint region: Cleanup
[2019-12-09T07:57:27.903+0000][1][safepoint    ] Leaving safepoint region
[2019-12-09T07:57:27.903+0000][1][safepoint    ] Total time for which application threads were stopped: 0.0000909 seconds, Stopping threads took: 0.0000199 seconds
[2019-12-09T07:57:28.903+0000][1][safepoint    ] Application time: 1.0000738 seconds
[2019-12-09T07:57:28.903+0000][1][safepoint    ] Entering safepoint region: Cleanup
[2019-12-09T07:57:28.903+0000][1][safepoint    ] Leaving safepoint region
[2019-12-09T07:57:28.903+0000][1][safepoint    ] Total time for which application threads were stopped: 0.0000886 seconds, Stopping threads took: 0.0000198 seconds
[2019-12-09T07:57:29.903+0000][1][safepoint    ] Application time: 1.0000730 seconds
[2019-12-09T07:57:29.903+0000][1][safepoint    ] Entering safepoint region: Cleanup
[2019-12-09T07:57:29.903+0000][1][safepoint    ] Leaving safepoint region
[2019-12-09T07:57:29.903+0000][1][safepoint    ] Total time for which application threads were stopped: 0.0000913 seconds, Stopping threads took: 0.0000184 seconds
[2019-12-09T07:57:30.903+0000][1][safepoint    ] Application time: 1.0000741 seconds
[2019-12-09T07:57:30.903+0000][1][safepoint    ] Entering safepoint region: Cleanup
[2019-12-09T07:57:30.904+0000][1][safepoint    ] Leaving safepoint region
[2019-12-09T07:57:30.904+0000][1][safepoint    ] Total time for which application threads were stopped: 0.0000909 seconds, Stopping threads took: 0.0000189 seconds
[2019-12-09T07:57:31.904+0000][1][safepoint    ] Application time: 1.0000741 seconds
[2019-12-09T07:57:31.904+0000][1][safepoint    ] Entering safepoint region: Cleanup
[2019-12-09T07:57:31.904+0000][1][safepoint    ] Leaving safepoint region
[2019-12-09T07:57:31.904+0000][1][safepoint    ] Total time for which application threads were stopped: 0.0000976 seconds, Stopping threads took: 0.0000173 seconds
[2019-12-09T07:57:32.904+0000][1][safepoint    ] Application time: 1.0000765 seconds
[2019-12-09T07:57:32.904+0000][1][safepoint    ] Entering safepoint region: Cleanup
[2019-12-09T07:57:32.904+0000][1][safepoint    ] Leaving safepoint region
[2019-12-09T07:57:32.904+0000][1][safepoint    ] Total time for which application threads were stopped: 0.0000909 seconds, Stopping threads took: 0.0000189 seconds
[2019-12-09T07:57:33.904+0000][1][safepoint    ] Application time: 1.0000745 seconds
[2019-12-09T07:57:33.904+0000][1][safepoint    ] Entering safepoint region: Cleanup
[2019-12-09T07:57:33.904+0000][1][safepoint    ] Leaving safepoint region
[2019-12-09T07:57:33.904+0000][1][safepoint    ] Total time for which application threads were stopped: 0.0000901 seconds, Stopping threads took: 0.0000190 seconds
[2019-12-09T07:57:34.904+0000][1][safepoint    ] Application time: 1.0000738 seconds
[2019-12-09T07:57:34.904+0000][1][safepoint    ] Entering safepoint region: Cleanup
[2019-12-09T07:57:34.904+0000][1][safepoint    ] Leaving safepoint region
[2019-12-09T07:57:34.904+0000][1][safepoint    ] Total time for which application threads were stopped: 0.0000897 seconds, Stopping threads took: 0.0000192 seconds
[2019-12-09T07:57:35.904+0000][1][safepoint    ] Application time: 1.0000756 seconds
[2019-12-09T07:57:35.904+0000][1][safepoint    ] Entering safepoint region: Cleanup
[2019-12-09T07:57:35.905+0000][1][safepoint    ] Leaving safepoint region
[2019-12-09T07:57:35.905+0000][1][safepoint    ] Total time for which application threads were stopped: 0.0000912 seconds, Stopping threads took: 0.0000190 seconds
[2019-12-09T07:57:36.905+0000][1][safepoint    ] Application time: 1.0000747 seconds
[2019-12-09T07:57:36.905+0000][1][safepoint    ] Entering safepoint region: Cleanup
[2019-12-09T07:57:36.905+0000][1][safepoint    ] Leaving safepoint region
[2019-12-09T07:57:36.905+0000][1][safepoint    ] Total time for which application threads were stopped: 0.0000930 seconds, Stopping threads took: 0.0000203 seconds
[2019-12-09T07:57:37.905+0000][1][safepoint    ] Application time: 1.0000758 seconds
[2019-12-09T07:57:37.905+0000][1][safepoint    ] Entering safepoint region: Cleanup
[2019-12-09T07:57:37.905+0000][1][safepoint    ] Leaving safepoint region
[2019-12-09T07:57:37.905+0000][1][safepoint    ] Total time for which application threads were stopped: 0.0000898 seconds, Stopping threads took: 0.0000190 seconds
[2019-12-09T07:57:38.905+0000][1][safepoint    ] Application time: 1.0000752 seconds
[2019-12-09T07:57:38.905+0000][1][safepoint    ] Entering safepoint region: Cleanup
[2019-12-09T07:57:38.905+0000][1][safepoint    ] Leaving safepoint region
[2019-12-09T07:57:38.905+0000][1][safepoint    ] Total time for which application threads were stopped: 0.0000958 seconds, Stopping threads took: 0.0000209 seconds
[2019-12-09T07:57:39.905+0000][1][safepoint    ] Application time: 1.0000748 seconds
[2019-12-09T07:57:39.905+0000][1][safepoint    ] Entering safepoint region: Cleanup
[2019-12-09T07:57:39.905+0000][1][safepoint    ] Leaving safepoint region
[2019-12-09T07:57:39.905+0000][1][safepoint    ] Total time for which application threads were stopped: 0.0000931 seconds, Stopping threads took: 0.0000203 seconds
[2019-12-09T07:57:40.906+0000][1][safepoint    ] Application time: 1.0000746 seconds
[2019-12-09T07:57:40.906+0000][1][safepoint    ] Entering safepoint region: Cleanup
[2019-12-09T07:57:40.906+0000][1][safepoint    ] Leaving safepoint region
[2019-12-09T07:57:40.906+0000][1][safepoint    ] Total time for which application threads were stopped: 0.0000967 seconds, Stopping threads took: 0.0000266 seconds
[2019-12-09T07:57:41.906+0000][1][safepoint    ] Application time: 1.0000809 seconds
[2019-12-09T07:57:41.906+0000][1][safepoint    ] Entering safepoint region: Cleanup
[2019-12-09T07:57:41.906+0000][1][safepoint    ] Leaving safepoint region
[2019-12-09T07:57:41.906+0000][1][safepoint    ] Total time for which application threads were stopped: 0.0000931 seconds, Stopping threads took: 0.0000200 seconds
[2019-12-09T07:57:42.906+0000][1][safepoint    ] Application time: 1.0000754 seconds
[2019-12-09T07:57:42.906+0000][1][safepoint    ] Entering safepoint region: Cleanup
[2019-12-09T07:57:42.906+0000][1][safepoint    ] Leaving safepoint region
[2019-12-09T07:57:42.906+0000][1][safepoint    ] Total time for which application threads were stopped: 0.0000929 seconds, Stopping threads took: 0.0000201 seconds
[2019-12-09T07:57:43.906+0000][1][safepoint    ] Application time: 1.0000774 seconds
[2019-12-09T07:57:43.906+0000][1][safepoint    ] Entering safepoint region: Cleanup
[2019-12-09T07:57:43.906+0000][1][safepoint    ] Leaving safepoint region
[2019-12-09T07:57:43.906+0000][1][safepoint    ] Total time for which application threads were stopped: 0.0000931 seconds, Stopping threads took: 0.0000202 seconds
[2019-12-09T07:57:44.906+0000][1][safepoint    ] Application time: 1.0000756 seconds
[2019-12-09T07:57:44.906+0000][1][safepoint    ] Entering safepoint region: Cleanup
[2019-12-09T07:57:44.907+0000][1][safepoint    ] Leaving safepoint region
[2019-12-09T07:57:44.907+0000][1][safepoint    ] Total time for which application threads were stopped: 0.0000910 seconds, Stopping threads took: 0.0000194 seconds
[2019-12-09T07:57:45.907+0000][1][safepoint    ] Application time: 1.0000754 seconds
[2019-12-09T07:57:45.907+0000][1][safepoint    ] Entering safepoint region: Cleanup
[2019-12-09T07:57:45.907+0000][1][safepoint    ] Leaving safepoint region
[2019-12-09T07:57:45.907+0000][1][safepoint    ] Total time for which application threads were stopped: 0.0000991 seconds, Stopping threads took: 0.0000199 seconds
[2019-12-09T07:57:46.907+0000][1][safepoint    ] Application time: 1.0000729 seconds
[2019-12-09T07:57:46.907+0000][1][safepoint    ] Entering safepoint region: Cleanup
[2019-12-09T07:57:46.907+0000][1][safepoint    ] Leaving safepoint region
[2019-12-09T07:57:46.907+0000][1][safepoint    ] Total time for which application threads were stopped: 0.0000887 seconds, Stopping threads took: 0.0000192 seconds
[2019-12-09T07:57:47.907+0000][1][safepoint    ] Application time: 1.0000743 seconds
[2019-12-09T07:57:47.907+0000][1][safepoint    ] Entering safepoint region: Cleanup
[2019-12-09T07:57:47.907+0000][1][safepoint    ] Leaving safepoint region
[2019-12-09T07:57:47.907+0000][1][safepoint    ] Total time for which application threads were stopped: 0.0000910 seconds, Stopping threads took: 0.0000190 seconds
[2019-12-09T07:57:48.907+0000][1][safepoint    ] Application time: 1.0000824 seconds
[2019-12-09T07:57:48.907+0000][1][safepoint    ] Entering safepoint region: Cleanup
[2019-12-09T07:57:48.907+0000][1][safepoint    ] Leaving safepoint region
[2019-12-09T07:57:48.907+0000][1][safepoint    ] Total time for which application threads were stopped: 0.0000923 seconds, Stopping threads took: 0.0000201 seconds
[2019-12-09T07:57:49.907+0000][1][safepoint    ] Application time: 1.0000744 seconds
[2019-12-09T07:57:49.908+0000][1][safepoint    ] Entering safepoint region: Cleanup
[2019-12-09T07:57:49.908+0000][1][safepoint    ] Leaving safepoint region
[2019-12-09T07:57:49.908+0000][1][safepoint    ] Total time for which application threads were stopped: 0.0000917 seconds, Stopping threads took: 0.0000195 seconds
[2019-12-09T07:57:50.908+0000][1][safepoint    ] Application time: 1.0000760 seconds
[2019-12-09T07:57:50.908+0000][1][safepoint    ] Entering safepoint region: Cleanup
[2019-12-09T07:57:50.908+0000][1][safepoint    ] Leaving safepoint region
[2019-12-09T07:57:50.908+0000][1][safepoint    ] Total time for which application threads were stopped: 0.0000931 seconds, Stopping threads took: 0.0000190 seconds
[2019-12-09T07:57:51.908+0000][1][safepoint    ] Application time: 1.0000765 seconds
[2019-12-09T07:57:51.908+0000][1][safepoint    ] Entering safepoint region: Cleanup
[2019-12-09T07:57:51.908+0000][1][safepoint    ] Leaving safepoint region
[2019-12-09T07:57:51.908+0000][1][safepoint    ] Total time for which application threads were stopped: 0.0000902 seconds, Stopping threads took: 0.0000181 seconds
[2019-12-09T07:57:52.908+0000][1][safepoint    ] Application time: 1.0000755 seconds
[2019-12-09T07:57:52.908+0000][1][safepoint    ] Entering safepoint region: Cleanup
[2019-12-09T07:57:52.908+0000][1][safepoint    ] Leaving safepoint region
[2019-12-09T07:57:52.908+0000][1][safepoint    ] Total time for which application threads were stopped: 0.0000935 seconds, Stopping threads took: 0.0000195 seconds
[2019-12-09T07:57:53.908+0000][1][safepoint    ] Application time: 1.0000753 seconds
[2019-12-09T07:57:53.908+0000][1][safepoint    ] Entering safepoint region: Cleanup
[2019-12-09T07:57:53.908+0000][1][safepoint    ] Leaving safepoint region
[2019-12-09T07:57:53.908+0000][1][safepoint    ] Total time for which application threads were stopped: 0.0000910 seconds, Stopping threads took: 0.0000195 seconds
[2019-12-09T07:57:54.909+0000][1][safepoint    ] Application time: 1.0000756 seconds
[2019-12-09T07:57:54.909+0000][1][safepoint    ] Entering safepoint region: Cleanup
[2019-12-09T07:57:54.909+0000][1][safepoint    ] Leaving safepoint region
[2019-12-09T07:57:54.909+0000][1][safepoint    ] Total time for which application threads were stopped: 0.0000899 seconds, Stopping threads took: 0.0000191 seconds
[2019-12-09T07:57:55.909+0000][1][safepoint    ] Application time: 1.0000904 seconds
[2019-12-09T07:57:55.909+0000][1][safepoint    ] Entering safepoint region: Cleanup
[2019-12-09T07:57:55.909+0000][1][safepoint    ] Leaving safepoint region
[2019-12-09T07:57:55.909+0000][1][safepoint    ] Total time for which application threads were stopped: 0.0000917 seconds, Stopping threads took: 0.0000201 seconds
[2019-12-09T07:57:56.909+0000][1][safepoint    ] Application time: 1.0000766 seconds
[2019-12-09T07:57:56.909+0000][1][safepoint    ] Entering safepoint region: Cleanup
[2019-12-09T07:57:56.909+0000][1][safepoint    ] Leaving safepoint region
[2019-12-09T07:57:56.909+0000][1][safepoint    ] Total time for which application threads were stopped: 0.0000914 seconds, Stopping threads took: 0.0000186 seconds
[2019-12-09T07:57:57.909+0000][1][safepoint    ] Application time: 1.0000761 seconds
[2019-12-09T07:57:57.909+0000][1][safepoint    ] Entering safepoint region: Cleanup
[2019-12-09T07:57:57.909+0000][1][safepoint    ] Leaving safepoint region
[2019-12-09T07:57:57.909+0000][1][safepoint    ] Total time for which application threads were stopped: 0.0000923 seconds, Stopping threads took: 0.0000195 seconds
[2019-12-09T07:57:58.909+0000][1][safepoint    ] Application time: 1.0000755 seconds
[2019-12-09T07:57:58.909+0000][1][safepoint    ] Entering safepoint region: Cleanup
[2019-12-09T07:57:58.910+0000][1][safepoint    ] Leaving safepoint region
[2019-12-09T07:57:58.910+0000][1][safepoint    ] Total time for which application threads were stopped: 0.0000972 seconds, Stopping threads took: 0.0000191 seconds
[2019-12-09T07:57:59.910+0000][1][safepoint    ] Application time: 1.0000758 seconds
[2019-12-09T07:57:59.910+0000][1][safepoint    ] Entering safepoint region: Cleanup
[2019-12-09T07:57:59.910+0000][1][safepoint    ] Leaving safepoint region
[2019-12-09T07:57:59.910+0000][1][safepoint    ] Total time for which application threads were stopped: 0.0001051 seconds, Stopping threads took: 0.0000297 seconds
[2019-12-09T07:58:00.910+0000][1][safepoint    ] Application time: 1.0000753 seconds
[2019-12-09T07:58:00.910+0000][1][safepoint    ] Entering safepoint region: Cleanup
[2019-12-09T07:58:00.910+0000][1][safepoint    ] Leaving safepoint region
[2019-12-09T07:58:00.910+0000][1][safepoint    ] Total time for which application threads were stopped: 0.0000919 seconds, Stopping threads took: 0.0000207 seconds
[2019-12-09T07:58:01.910+0000][1][safepoint    ] Application time: 1.0000754 seconds
[2019-12-09T07:58:01.910+0000][1][safepoint    ] Entering safepoint region: Cleanup
[2019-12-09T07:58:01.910+0000][1][safepoint    ] Leaving safepoint region
[2019-12-09T07:58:01.910+0000][1][safepoint    ] Total time for which application threads were stopped: 0.0000908 seconds, Stopping threads took: 0.0000191 seconds
[2019-12-09T07:58:02.910+0000][1][safepoint    ] Application time: 1.0000747 seconds
[2019-12-09T07:58:02.910+0000][1][safepoint    ] Entering safepoint region: Cleanup
[2019-12-09T07:58:02.910+0000][1][safepoint    ] Leaving safepoint region
[2019-12-09T07:58:02.910+0000][1][safepoint    ] Total time for which application threads were stopped: 0.0000899 seconds, Stopping threads took: 0.0000177 seconds
[2019-12-09T07:58:03.910+0000][1][safepoint    ] Application time: 1.0000760 seconds
[2019-12-09T07:58:03.911+0000][1][safepoint    ] Entering safepoint region: Cleanup
[2019-12-09T07:58:03.911+0000][1][safepoint    ] Leaving safepoint region
[2019-12-09T07:58:03.911+0000][1][safepoint    ] Total time for which application threads were stopped: 0.0000904 seconds, Stopping threads took: 0.0000186 seconds
[2019-12-09T07:58:04.911+0000][1][safepoint    ] Application time: 1.0000738 seconds
[2019-12-09T07:58:04.911+0000][1][safepoint    ] Entering safepoint region: Cleanup
[2019-12-09T07:58:04.911+0000][1][safepoint    ] Leaving safepoint region
[2019-12-09T07:58:04.911+0000][1][safepoint    ] Total time for which application threads were stopped: 0.0000904 seconds, Stopping threads took: 0.0000198 seconds
[2019-12-09T07:58:05.911+0000][1][safepoint    ] Application time: 1.0000741 seconds
[2019-12-09T07:58:05.911+0000][1][safepoint    ] Entering safepoint region: Cleanup
[2019-12-09T07:58:05.911+0000][1][safepoint    ] Leaving safepoint region
[2019-12-09T07:58:05.911+0000][1][safepoint    ] Total time for which application threads were stopped: 0.0000895 seconds, Stopping threads took: 0.0000186 seconds
[2019-12-09T07:58:06.911+0000][1][safepoint    ] Application time: 1.0000760 seconds
[2019-12-09T07:58:06.911+0000][1][safepoint    ] Entering safepoint region: Cleanup
[2019-12-09T07:58:06.911+0000][1][safepoint    ] Leaving safepoint region
[2019-12-09T07:58:06.911+0000][1][safepoint    ] Total time for which application threads were stopped: 0.0000922 seconds, Stopping threads took: 0.0000196 seconds
[2019-12-09T07:58:07.911+0000][1][safepoint    ] Application time: 1.0000740 seconds
[2019-12-09T07:58:07.911+0000][1][safepoint    ] Entering safepoint region: Cleanup
[2019-12-09T07:58:07.911+0000][1][safepoint    ] Leaving safepoint region
[2019-12-09T07:58:07.911+0000][1][safepoint    ] Total time for which application threads were stopped: 0.0000906 seconds, Stopping threads took: 0.0000192 seconds
[2019-12-09T07:58:08.912+0000][1][safepoint    ] Application time: 1.0000734 seconds
[2019-12-09T07:58:08.912+0000][1][safepoint    ] Entering safepoint region: Cleanup
[2019-12-09T07:58:08.912+0000][1][safepoint    ] Leaving safepoint region
[2019-12-09T07:58:08.912+0000][1][safepoint    ] Total time for which application threads were stopped: 0.0001180 seconds, Stopping threads took: 0.0000206 seconds
[2019-12-09T07:58:09.912+0000][1][safepoint    ] Application time: 1.0000744 seconds
[2019-12-09T07:58:09.912+0000][1][safepoint    ] Entering safepoint region: Cleanup
[2019-12-09T07:58:09.912+0000][1][safepoint    ] Leaving safepoint region
[2019-12-09T07:58:09.912+0000][1][safepoint    ] Total time for which application threads were stopped: 0.0000926 seconds, Stopping threads took: 0.0000195 seconds
[2019-12-09T07:58:10.912+0000][1][safepoint    ] Application time: 1.0000732 seconds
[2019-12-09T07:58:10.912+0000][1][safepoint    ] Entering safepoint region: Cleanup
[2019-12-09T07:58:10.912+0000][1][safepoint    ] Leaving safepoint region
[2019-12-09T07:58:10.912+0000][1][safepoint    ] Total time for which application threads were stopped: 0.0001052 seconds, Stopping threads took: 0.0000331 seconds
[2019-12-09T07:58:11.912+0000][1][safepoint    ] Application time: 1.0000750 seconds
[2019-12-09T07:58:11.912+0000][1][safepoint    ] Entering safepoint region: Cleanup
[2019-12-09T07:58:11.912+0000][1][safepoint    ] Leaving safepoint region
[2019-12-09T07:58:11.912+0000][1][safepoint    ] Total time for which application threads were stopped: 0.0000903 seconds, Stopping threads took: 0.0000203 seconds
[2019-12-09T07:58:12.912+0000][1][safepoint    ] Application time: 1.0000746 seconds
[2019-12-09T07:58:12.912+0000][1][safepoint    ] Entering safepoint region: Cleanup
[2019-12-09T07:58:12.913+0000][1][safepoint    ] Leaving safepoint region
[2019-12-09T07:58:12.913+0000][1][safepoint    ] Total time for which application threads were stopped: 0.0000913 seconds, Stopping threads took: 0.0000195 seconds
[2019-12-09T07:58:13.913+0000][1][safepoint    ] Application time: 1.0000749 seconds
[2019-12-09T07:58:13.913+0000][1][safepoint    ] Entering safepoint region: Cleanup
[2019-12-09T07:58:13.913+0000][1][safepoint    ] Leaving safepoint region
[2019-12-09T07:58:13.913+0000][1][safepoint    ] Total time for which application threads were stopped: 0.0000918 seconds, Stopping threads took: 0.0000211 seconds
[2019-12-09T07:58:14.913+0000][1][safepoint    ] Application time: 1.0000771 seconds
[2019-12-09T07:58:14.913+0000][1][safepoint    ] Entering safepoint region: Cleanup
[2019-12-09T07:58:14.913+0000][1][safepoint    ] Leaving safepoint region
[2019-12-09T07:58:14.913+0000][1][safepoint    ] Total time for which application threads were stopped: 0.0000923 seconds, Stopping threads took: 0.0000200 seconds
[2019-12-09T07:58:16.245+0000][1][safepoint    ] Application time: 1.3324412 seconds
[2019-12-09T07:58:16.245+0000][1][safepoint    ] Entering safepoint region: Cleanup
[2019-12-09T07:58:16.246+0000][1][safepoint    ] Leaving safepoint region
[2019-12-09T07:58:16.246+0000][1][safepoint    ] Total time for which application threads were stopped: 0.0000958 seconds, Stopping threads took: 0.0000191 seconds
[2019-12-09T07:58:17.246+0000][1][safepoint    ] Application time: 1.0000786 seconds
[2019-12-09T07:58:17.246+0000][1][safepoint    ] Entering safepoint region: Cleanup
[2019-12-09T07:58:17.246+0000][1][safepoint    ] Leaving safepoint region
[2019-12-09T07:58:17.246+0000][1][safepoint    ] Total time for which application threads were stopped: 0.0000916 seconds, Stopping threads took: 0.0000192 seconds
[2019-12-09T07:58:18.246+0000][1][safepoint    ] Application time: 1.0000745 seconds
[2019-12-09T07:58:18.246+0000][1][safepoint    ] Entering safepoint region: Cleanup
[2019-12-09T07:58:18.246+0000][1][safepoint    ] Leaving safepoint region
[2019-12-09T07:58:18.246+0000][1][safepoint    ] Total time for which application threads were stopped: 0.0000903 seconds, Stopping threads took: 0.0000187 seconds
[2019-12-09T07:58:19.246+0000][1][safepoint    ] Application time: 1.0000777 seconds
[2019-12-09T07:58:19.246+0000][1][safepoint    ] Entering safepoint region: Cleanup
[2019-12-09T07:58:19.246+0000][1][safepoint    ] Leaving safepoint region
[2019-12-09T07:58:19.246+0000][1][safepoint    ] Total time for which application threads were stopped: 0.0000893 seconds, Stopping threads took: 0.0000179 seconds
[2019-12-09T07:58:20.246+0000][1][safepoint    ] Application time: 1.0000742 seconds
[2019-12-09T07:58:20.246+0000][1][safepoint    ] Entering safepoint region: Cleanup
[2019-12-09T07:58:20.246+0000][1][safepoint    ] Leaving safepoint region
[2019-12-09T07:58:20.246+0000][1][safepoint    ] Total time for which application threads were stopped: 0.0000897 seconds, Stopping threads took: 0.0000178 seconds
[2019-12-09T07:58:21.246+0000][1][safepoint    ] Application time: 1.0000770 seconds
[2019-12-09T07:58:21.247+0000][1][safepoint    ] Entering safepoint region: Cleanup
[2019-12-09T07:58:21.247+0000][1][safepoint    ] Leaving safepoint region
[2019-12-09T07:58:21.247+0000][1][safepoint    ] Total time for which application threads were stopped: 0.0000888 seconds, Stopping threads took: 0.0000188 seconds
[2019-12-09T07:58:22.247+0000][1][safepoint    ] Application time: 1.0000763 seconds
[2019-12-09T07:58:22.247+0000][1][safepoint    ] Entering safepoint region: Cleanup
[2019-12-09T07:58:22.247+0000][1][safepoint    ] Leaving safepoint region
[2019-12-09T07:58:22.247+0000][1][safepoint    ] Total time for which application threads were stopped: 0.0000908 seconds, Stopping threads took: 0.0000186 seconds
[2019-12-09T07:58:23.247+0000][1][safepoint    ] Application time: 1.0000785 seconds
[2019-12-09T07:58:23.247+0000][1][safepoint    ] Entering safepoint region: Cleanup
[2019-12-09T07:58:23.247+0000][1][safepoint    ] Leaving safepoint region
[2019-12-09T07:58:23.247+0000][1][safepoint    ] Total time for which application threads were stopped: 0.0000896 seconds, Stopping threads took: 0.0000187 seconds
[2019-12-09T07:58:24.247+0000][1][safepoint    ] Application time: 1.0000779 seconds
[2019-12-09T07:58:24.247+0000][1][safepoint    ] Entering safepoint region: Cleanup
[2019-12-09T07:58:24.247+0000][1][safepoint    ] Leaving safepoint region
[2019-12-09T07:58:24.247+0000][1][safepoint    ] Total time for which application threads were stopped: 0.0000902 seconds, Stopping threads took: 0.0000186 seconds
[2019-12-09T07:58:25.247+0000][1][safepoint    ] Application time: 1.0000785 seconds
[2019-12-09T07:58:25.247+0000][1][safepoint    ] Entering safepoint region: Cleanup
[2019-12-09T07:58:25.247+0000][1][safepoint    ] Leaving safepoint region
[2019-12-09T07:58:25.247+0000][1][safepoint    ] Total time for which application threads were stopped: 0.0000914 seconds, Stopping threads took: 0.0000198 seconds
[2019-12-09T07:58:26.248+0000][1][safepoint    ] Application time: 1.0000759 seconds
[2019-12-09T07:58:26.248+0000][1][safepoint    ] Entering safepoint region: Cleanup
[2019-12-09T07:58:26.248+0000][1][safepoint    ] Leaving safepoint region
[2019-12-09T07:58:26.248+0000][1][safepoint    ] Total time for which application threads were stopped: 0.0000894 seconds, Stopping threads took: 0.0000186 seconds
[2019-12-09T07:58:27.248+0000][1][safepoint    ] Application time: 1.0000761 seconds
[2019-12-09T07:58:27.248+0000][1][safepoint    ] Entering safepoint region: Cleanup
[2019-12-09T07:58:27.248+0000][1][safepoint    ] Leaving safepoint region
[2019-12-09T07:58:27.248+0000][1][safepoint    ] Total time for which application threads were stopped: 0.0000857 seconds, Stopping threads took: 0.0000183 seconds
[2019-12-09T07:58:28.248+0000][1][safepoint    ] Application time: 1.0000747 seconds
[2019-12-09T07:58:28.248+0000][1][safepoint    ] Entering safepoint region: Cleanup
[2019-12-09T07:58:28.248+0000][1][safepoint    ] Leaving safepoint region
[2019-12-09T07:58:28.248+0000][1][safepoint    ] Total time for which application threads were stopped: 0.0000872 seconds, Stopping threads took: 0.0000192 seconds
[2019-12-09T07:58:29.248+0000][1][safepoint    ] Application time: 1.0000761 seconds
[2019-12-09T07:58:29.248+0000][1][safepoint    ] Entering safepoint region: Cleanup
[2019-12-09T07:58:29.248+0000][1][safepoint    ] Leaving safepoint region
[2019-12-09T07:58:29.248+0000][1][safepoint    ] Total time for which application threads were stopped: 0.0000865 seconds, Stopping threads took: 0.0000182 seconds
[2019-12-09T07:58:30.248+0000][1][safepoint    ] Application time: 1.0000779 seconds
[2019-12-09T07:58:30.248+0000][1][safepoint    ] Entering safepoint region: Cleanup
[2019-12-09T07:58:30.248+0000][1][safepoint    ] Leaving safepoint region
[2019-12-09T07:58:30.248+0000][1][safepoint    ] Total time for which application threads were stopped: 0.0000883 seconds, Stopping threads took: 0.0000175 seconds
[2019-12-09T07:58:31.249+0000][1][safepoint    ] Application time: 1.0000746 seconds
[2019-12-09T07:58:31.249+0000][1][safepoint    ] Entering safepoint region: Cleanup
[2019-12-09T07:58:31.249+0000][1][safepoint    ] Leaving safepoint region
[2019-12-09T07:58:31.249+0000][1][safepoint    ] Total time for which application threads were stopped: 0.0000879 seconds, Stopping threads took: 0.0000171 seconds
[2019-12-09T07:58:32.249+0000][1][safepoint    ] Application time: 1.0000763 seconds
[2019-12-09T07:58:32.249+0000][1][safepoint    ] Entering safepoint region: Cleanup
[2019-12-09T07:58:32.249+0000][1][safepoint    ] Leaving safepoint region
[2019-12-09T07:58:32.249+0000][1][safepoint    ] Total time for which application threads were stopped: 0.0000867 seconds, Stopping threads took: 0.0000171 seconds
[2019-12-09T07:58:33.249+0000][1][safepoint    ] Application time: 1.0000746 seconds
[2019-12-09T07:58:33.249+0000][1][safepoint    ] Entering safepoint region: Cleanup
[2019-12-09T07:58:33.249+0000][1][safepoint    ] Leaving safepoint region
[2019-12-09T07:58:33.249+0000][1][safepoint    ] Total time for which application threads were stopped: 0.0000874 seconds, Stopping threads took: 0.0000190 seconds
[2019-12-09T07:58:34.249+0000][1][safepoint    ] Application time: 1.0000817 seconds
[2019-12-09T07:58:34.249+0000][1][safepoint    ] Entering safepoint region: Cleanup
[2019-12-09T07:58:34.249+0000][1][safepoint    ] Leaving safepoint region
[2019-12-09T07:58:34.249+0000][1][safepoint    ] Total time for which application threads were stopped: 0.0000861 seconds, Stopping threads took: 0.0000191 seconds
[2019-12-09T07:58:35.249+0000][1][safepoint    ] Application time: 1.0000873 seconds
[2019-12-09T07:58:35.249+0000][1][safepoint    ] Entering safepoint region: Cleanup
[2019-12-09T07:58:35.249+0000][1][safepoint    ] Leaving safepoint region
[2019-12-09T07:58:35.249+0000][1][safepoint    ] Total time for which application threads were stopped: 0.0000926 seconds, Stopping threads took: 0.0000170 seconds
[2019-12-09T07:58:36.250+0000][1][safepoint    ] Application time: 1.0000738 seconds
[2019-12-09T07:58:36.250+0000][1][safepoint    ] Entering safepoint region: Cleanup
[2019-12-09T07:58:36.250+0000][1][safepoint    ] Leaving safepoint region
[2019-12-09T07:58:36.250+0000][1][safepoint    ] Total time for which application threads were stopped: 0.0001100 seconds, Stopping threads took: 0.0000342 seconds
[2019-12-09T07:58:37.250+0000][1][safepoint    ] Application time: 1.0000850 seconds
[2019-12-09T07:58:37.250+0000][1][safepoint    ] Entering safepoint region: Cleanup
[2019-12-09T07:58:37.250+0000][1][safepoint    ] Leaving safepoint region
[2019-12-09T07:58:37.250+0000][1][safepoint    ] Total time for which application threads were stopped: 0.0000888 seconds, Stopping threads took: 0.0000182 seconds
[2019-12-09T07:58:38.250+0000][1][safepoint    ] Application time: 1.0000723 seconds
[2019-12-09T07:58:38.250+0000][1][safepoint    ] Entering safepoint region: Cleanup
[2019-12-09T07:58:38.250+0000][1][safepoint    ] Leaving safepoint region
[2019-12-09T07:58:38.250+0000][1][safepoint    ] Total time for which application threads were stopped: 0.0000886 seconds, Stopping threads took: 0.0000180 seconds
[2019-12-09T07:58:39.250+0000][1][safepoint    ] Application time: 1.0000736 seconds
[2019-12-09T07:58:39.250+0000][1][safepoint    ] Entering safepoint region: Cleanup
[2019-12-09T07:58:39.250+0000][1][safepoint    ] Leaving safepoint region
[2019-12-09T07:58:39.250+0000][1][safepoint    ] Total time for which application threads were stopped: 0.0000891 seconds, Stopping threads took: 0.0000187 seconds
[2019-12-09T07:58:40.250+0000][1][safepoint    ] Application time: 1.0000764 seconds
[2019-12-09T07:58:40.250+0000][1][safepoint    ] Entering safepoint region: Cleanup
[2019-12-09T07:58:40.250+0000][1][safepoint    ] Leaving safepoint region
[2019-12-09T07:58:40.250+0000][1][safepoint    ] Total time for which application threads were stopped: 0.0000861 seconds, Stopping threads took: 0.0000179 seconds
[2019-12-09T07:58:41.251+0000][1][safepoint    ] Application time: 1.0000779 seconds
[2019-12-09T07:58:41.251+0000][1][safepoint    ] Entering safepoint region: Cleanup
[2019-12-09T07:58:41.251+0000][1][safepoint    ] Leaving safepoint region
[2019-12-09T07:58:41.251+0000][1][safepoint    ] Total time for which application threads were stopped: 0.0001071 seconds, Stopping threads took: 0.0000252 seconds
[2019-12-09T07:58:42.251+0000][1][safepoint    ] Application time: 1.0000757 seconds
[2019-12-09T07:58:42.251+0000][1][safepoint    ] Entering safepoint region: Cleanup
[2019-12-09T07:58:42.251+0000][1][safepoint    ] Leaving safepoint region
[2019-12-09T07:58:42.251+0000][1][safepoint    ] Total time for which application threads were stopped: 0.0000886 seconds, Stopping threads took: 0.0000175 seconds
[2019-12-09T07:58:43.251+0000][1][safepoint    ] Application time: 1.0000775 seconds
[2019-12-09T07:58:43.251+0000][1][safepoint    ] Entering safepoint region: Cleanup
[2019-12-09T07:58:43.251+0000][1][safepoint    ] Leaving safepoint region
[2019-12-09T07:58:43.251+0000][1][safepoint    ] Total time for which application threads were stopped: 0.0000894 seconds, Stopping threads took: 0.0000184 seconds
[2019-12-09T07:58:44.251+0000][1][safepoint    ] Application time: 1.0000754 seconds
[2019-12-09T07:58:44.251+0000][1][safepoint    ] Entering safepoint region: Cleanup
[2019-12-09T07:58:44.251+0000][1][safepoint    ] Leaving safepoint region
[2019-12-09T07:58:44.251+0000][1][safepoint    ] Total time for which application threads were stopped: 0.0000882 seconds, Stopping threads took: 0.0000181 seconds
[2019-12-09T07:58:45.251+0000][1][safepoint    ] Application time: 1.0000757 seconds
[2019-12-09T07:58:45.251+0000][1][safepoint    ] Entering safepoint region: Cleanup
[2019-12-09T07:58:45.251+0000][1][safepoint    ] Leaving safepoint region
[2019-12-09T07:58:45.251+0000][1][safepoint    ] Total time for which application threads were stopped: 0.0000855 seconds, Stopping threads took: 0.0000173 seconds
[2019-12-09T07:58:46.252+0000][1][safepoint    ] Application time: 1.0000759 seconds
[2019-12-09T07:58:46.252+0000][1][safepoint    ] Entering safepoint region: Cleanup
[2019-12-09T07:58:46.252+0000][1][safepoint    ] Leaving safepoint region
[2019-12-09T07:58:46.252+0000][1][safepoint    ] Total time for which application threads were stopped: 0.0001027 seconds, Stopping threads took: 0.0000199 seconds
[2019-12-09T07:58:47.252+0000][1][safepoint    ] Application time: 1.0000743 seconds
[2019-12-09T07:58:47.252+0000][1][safepoint    ] Entering safepoint region: Cleanup
[2019-12-09T07:58:47.252+0000][1][safepoint    ] Leaving safepoint region
[2019-12-09T07:58:47.252+0000][1][safepoint    ] Total time for which application threads were stopped: 0.0000891 seconds, Stopping threads took: 0.0000178 seconds
[2019-12-09T07:58:48.252+0000][1][safepoint    ] Application time: 1.0000769 seconds
[2019-12-09T07:58:48.252+0000][1][safepoint    ] Entering safepoint region: Cleanup
[2019-12-09T07:58:48.252+0000][1][safepoint    ] Leaving safepoint region
[2019-12-09T07:58:48.252+0000][1][safepoint    ] Total time for which application threads were stopped: 0.0000846 seconds, Stopping threads took: 0.0000187 seconds
[2019-12-09T07:58:49.252+0000][1][safepoint    ] Application time: 1.0000770 seconds
[2019-12-09T07:58:49.252+0000][1][safepoint    ] Entering safepoint region: Cleanup
[2019-12-09T07:58:49.252+0000][1][safepoint    ] Leaving safepoint region
[2019-12-09T07:58:49.252+0000][1][safepoint    ] Total time for which application threads were stopped: 0.0000905 seconds, Stopping threads took: 0.0000187 seconds
[2019-12-09T07:58:50.252+0000][1][safepoint    ] Application time: 1.0000765 seconds
[2019-12-09T07:58:50.252+0000][1][safepoint    ] Entering safepoint region: Cleanup
[2019-12-09T07:58:50.252+0000][1][safepoint    ] Leaving safepoint region
[2019-12-09T07:58:50.252+0000][1][safepoint    ] Total time for which application threads were stopped: 0.0000890 seconds, Stopping threads took: 0.0000202 seconds
[2019-12-09T07:58:51.253+0000][1][safepoint    ] Application time: 1.0000776 seconds
[2019-12-09T07:58:51.253+0000][1][safepoint    ] Entering safepoint region: Cleanup
[2019-12-09T07:58:51.253+0000][1][safepoint    ] Leaving safepoint region
[2019-12-09T07:58:51.253+0000][1][safepoint    ] Total time for which application threads were stopped: 0.0001053 seconds, Stopping threads took: 0.0000249 seconds
[2019-12-09T07:58:52.253+0000][1][safepoint    ] Application time: 1.0000775 seconds
[2019-12-09T07:58:52.253+0000][1][safepoint    ] Entering safepoint region: Cleanup
[2019-12-09T07:58:52.253+0000][1][safepoint    ] Leaving safepoint region
[2019-12-09T07:58:52.253+0000][1][safepoint    ] Total time for which application threads were stopped: 0.0000906 seconds, Stopping threads took: 0.0000197 seconds
[2019-12-09T07:58:53.253+0000][1][safepoint    ] Application time: 1.0000751 seconds
[2019-12-09T07:58:53.253+0000][1][safepoint    ] Entering safepoint region: Cleanup
[2019-12-09T07:58:53.253+0000][1][safepoint    ] Leaving safepoint region
[2019-12-09T07:58:53.253+0000][1][safepoint    ] Total time for which application threads were stopped: 0.0000845 seconds, Stopping threads took: 0.0000161 seconds
[2019-12-09T07:58:54.572+0000][1][safepoint    ] Application time: 1.3187202 seconds
[2019-12-09T07:58:54.572+0000][1][safepoint    ] Entering safepoint region: Cleanup
[2019-12-09T07:58:54.572+0000][1][safepoint    ] Leaving safepoint region
[2019-12-09T07:58:54.572+0000][1][safepoint    ] Total time for which application threads were stopped: 0.0000912 seconds, Stopping threads took: 0.0000201 seconds
[2019-12-09T07:58:55.572+0000][1][safepoint    ] Application time: 1.0000753 seconds
[2019-12-09T07:58:55.572+0000][1][safepoint    ] Entering safepoint region: Cleanup
[2019-12-09T07:58:55.572+0000][1][safepoint    ] Leaving safepoint region
[2019-12-09T07:58:55.572+0000][1][safepoint    ] Total time for which application threads were stopped: 0.0000962 seconds, Stopping threads took: 0.0000202 seconds
[2019-12-09T07:58:56.572+0000][1][safepoint    ] Application time: 1.0000757 seconds
[2019-12-09T07:58:56.572+0000][1][safepoint    ] Entering safepoint region: Cleanup
[2019-12-09T07:58:56.572+0000][1][safepoint    ] Leaving safepoint region
[2019-12-09T07:58:56.572+0000][1][safepoint    ] Total time for which application threads were stopped: 0.0000907 seconds, Stopping threads took: 0.0000185 seconds
[2019-12-09T07:58:57.572+0000][1][safepoint    ] Application time: 1.0000752 seconds
[2019-12-09T07:58:57.573+0000][1][safepoint    ] Entering safepoint region: Cleanup
[2019-12-09T07:58:57.573+0000][1][safepoint    ] Leaving safepoint region
[2019-12-09T07:58:57.573+0000][1][safepoint    ] Total time for which application threads were stopped: 0.0000919 seconds, Stopping threads took: 0.0000192 seconds
[2019-12-09T07:58:58.014+0000][1][safepoint    ] Application time: 0.4409812 seconds
[2019-12-09T07:58:58.014+0000][1][safepoint    ] Entering safepoint region: GenCollectForAllocation
[2019-12-09T07:58:58.014+0000][1][gc,start     ] GC(58) Pause Young (Allocation Failure)
[2019-12-09T07:58:58.014+0000][1][gc,task      ] GC(58) Using 2 workers of 2 for evacuation
[2019-12-09T07:58:58.015+0000][1][gc,age       ] GC(58) Desired survivor size 4456448 bytes, new threshold 6 (max threshold 6)
[2019-12-09T07:58:58.015+0000][1][gc,age       ] GC(58) Age table with threshold 6 (max threshold 6)
[2019-12-09T07:58:58.015+0000][1][gc,age       ] GC(58) - age   1:       8344 bytes,       8344 total
[2019-12-09T07:58:58.015+0000][1][gc,age       ] GC(58) - age   2:        216 bytes,       8560 total
[2019-12-09T07:58:58.015+0000][1][gc,age       ] GC(58) - age   3:        120 bytes,       8680 total
[2019-12-09T07:58:58.015+0000][1][gc,age       ] GC(58) - age   4:       3488 bytes,      12168 total
[2019-12-09T07:58:58.015+0000][1][gc,age       ] GC(58) - age   6:        920 bytes,      13088 total
[2019-12-09T07:58:58.015+0000][1][gc,heap      ] GC(58) ParNew: 70040K->17K(78656K)
[2019-12-09T07:58:58.015+0000][1][gc,heap      ] GC(58) CMS: 75184K->75186K(174784K)
[2019-12-09T07:58:58.015+0000][1][gc,metaspace ] GC(58) Metaspace: 79286K->79286K(1122304K)
[2019-12-09T07:58:58.015+0000][1][gc           ] GC(58) Pause Young (Allocation Failure) 141M->73M(247M) 1.686ms
[2019-12-09T07:58:58.015+0000][1][gc,cpu       ] GC(58) User=0.01s Sys=0.00s Real=0.01s
[2019-12-09T07:58:58.015+0000][1][safepoint    ] Leaving safepoint region
[2019-12-09T07:58:58.015+0000][1][safepoint    ] Total time for which application threads were stopped: 0.0018597 seconds, Stopping threads took: 0.0000181 seconds
[2019-12-09T07:58:59.016+0000][1][safepoint    ] Application time: 1.0000866 seconds
[2019-12-09T07:58:59.016+0000][1][safepoint    ] Entering safepoint region: Cleanup
[2019-12-09T07:58:59.016+0000][1][safepoint    ] Leaving safepoint region
[2019-12-09T07:58:59.016+0000][1][safepoint    ] Total time for which application threads were stopped: 0.0001052 seconds, Stopping threads took: 0.0000247 seconds
[2019-12-09T07:59:00.016+0000][1][safepoint    ] Application time: 1.0000817 seconds
[2019-12-09T07:59:00.016+0000][1][safepoint    ] Entering safepoint region: Cleanup
[2019-12-09T07:59:00.016+0000][1][safepoint    ] Leaving safepoint region
[2019-12-09T07:59:00.016+0000][1][safepoint    ] Total time for which application threads were stopped: 0.0000917 seconds, Stopping threads took: 0.0000207 seconds
[2019-12-09T07:59:01.016+0000][1][safepoint    ] Application time: 1.0000752 seconds
[2019-12-09T07:59:01.016+0000][1][safepoint    ] Entering safepoint region: Cleanup
[2019-12-09T07:59:01.016+0000][1][safepoint    ] Leaving safepoint region
[2019-12-09T07:59:01.016+0000][1][safepoint    ] Total time for which application threads were stopped: 0.0000907 seconds, Stopping threads took: 0.0000160 seconds
[2019-12-09T07:59:02.016+0000][1][safepoint    ] Application time: 1.0000736 seconds
[2019-12-09T07:59:02.016+0000][1][safepoint    ] Entering safepoint region: Cleanup
[2019-12-09T07:59:02.016+0000][1][safepoint    ] Leaving safepoint region
[2019-12-09T07:59:02.016+0000][1][safepoint    ] Total time for which application threads were stopped: 0.0000862 seconds, Stopping threads took: 0.0000167 seconds
[2019-12-09T07:59:03.016+0000][1][safepoint    ] Application time: 1.0000748 seconds
[2019-12-09T07:59:03.017+0000][1][safepoint    ] Entering safepoint region: Cleanup
[2019-12-09T07:59:03.017+0000][1][safepoint    ] Leaving safepoint region
[2019-12-09T07:59:03.017+0000][1][safepoint    ] Total time for which application threads were stopped: 0.0000815 seconds, Stopping threads took: 0.0000154 seconds
[2019-12-09T07:59:04.017+0000][1][safepoint    ] Application time: 1.0000738 seconds
[2019-12-09T07:59:04.017+0000][1][safepoint    ] Entering safepoint region: Cleanup
[2019-12-09T07:59:04.017+0000][1][safepoint    ] Leaving safepoint region
[2019-12-09T07:59:04.017+0000][1][safepoint    ] Total time for which application threads were stopped: 0.0000935 seconds, Stopping threads took: 0.0000214 seconds
[2019-12-09T07:59:05.017+0000][1][safepoint    ] Application time: 1.0000740 seconds
[2019-12-09T07:59:05.017+0000][1][safepoint    ] Entering safepoint region: Cleanup
[2019-12-09T07:59:05.017+0000][1][safepoint    ] Leaving safepoint region
[2019-12-09T07:59:05.017+0000][1][safepoint    ] Total time for which application threads were stopped: 0.0000921 seconds, Stopping threads took: 0.0000236 seconds
[2019-12-09T07:59:06.019+0000][1][safepoint    ] Application time: 1.0016944 seconds
[2019-12-09T07:59:06.019+0000][1][safepoint    ] Entering safepoint region: Cleanup
[2019-12-09T07:59:06.019+0000][1][safepoint    ] Leaving safepoint region
[2019-12-09T07:59:06.019+0000][1][safepoint    ] Total time for which application threads were stopped: 0.0001301 seconds, Stopping threads took: 0.0000326 seconds
[2019-12-09T07:59:07.019+0000][1][safepoint    ] Application time: 1.0000738 seconds
[2019-12-09T07:59:07.019+0000][1][safepoint    ] Entering safepoint region: Cleanup
[2019-12-09T07:59:07.019+0000][1][safepoint    ] Leaving safepoint region
[2019-12-09T07:59:07.019+0000][1][safepoint    ] Total time for which application threads were stopped: 0.0000959 seconds, Stopping threads took: 0.0000254 seconds
[2019-12-09T07:59:08.019+0000][1][safepoint    ] Application time: 1.0000776 seconds
[2019-12-09T07:59:08.019+0000][1][safepoint    ] Entering safepoint region: Cleanup
[2019-12-09T07:59:08.019+0000][1][safepoint    ] Leaving safepoint region
[2019-12-09T07:59:08.019+0000][1][safepoint    ] Total time for which application threads were stopped: 0.0001521 seconds, Stopping threads took: 0.0000230 seconds
[2019-12-09T07:59:09.019+0000][1][safepoint    ] Application time: 1.0000791 seconds
[2019-12-09T07:59:09.020+0000][1][safepoint    ] Entering safepoint region: Cleanup
[2019-12-09T07:59:09.020+0000][1][safepoint    ] Leaving safepoint region
[2019-12-09T07:59:09.020+0000][1][safepoint    ] Total time for which application threads were stopped: 0.0001271 seconds, Stopping threads took: 0.0000256 seconds
[2019-12-09T07:59:10.020+0000][1][safepoint    ] Application time: 1.0000748 seconds
[2019-12-09T07:59:10.020+0000][1][safepoint    ] Entering safepoint region: Cleanup
[2019-12-09T07:59:10.020+0000][1][safepoint    ] Leaving safepoint region
[2019-12-09T07:59:10.020+0000][1][safepoint    ] Total time for which application threads were stopped: 0.0001076 seconds, Stopping threads took: 0.0000174 seconds
[2019-12-09T07:59:11.020+0000][1][safepoint    ] Application time: 1.0000723 seconds
[2019-12-09T07:59:11.020+0000][1][safepoint    ] Entering safepoint region: Cleanup
[2019-12-09T07:59:11.020+0000][1][safepoint    ] Leaving safepoint region
[2019-12-09T07:59:11.020+0000][1][safepoint    ] Total time for which application threads were stopped: 0.0000963 seconds, Stopping threads took: 0.0000257 seconds
[2019-12-09T07:59:12.020+0000][1][safepoint    ] Application time: 1.0000733 seconds
[2019-12-09T07:59:12.020+0000][1][safepoint    ] Entering safepoint region: Cleanup
[2019-12-09T07:59:12.020+0000][1][safepoint    ] Leaving safepoint region
[2019-12-09T07:59:12.020+0000][1][safepoint    ] Total time for which application threads were stopped: 0.0000870 seconds, Stopping threads took: 0.0000174 seconds
[2019-12-09T07:59:13.021+0000][1][safepoint    ] Application time: 1.0004251 seconds
[2019-12-09T07:59:13.021+0000][1][safepoint    ] Entering safepoint region: Cleanup
[2019-12-09T07:59:13.021+0000][1][safepoint    ] Leaving safepoint region
[2019-12-09T07:59:13.021+0000][1][safepoint    ] Total time for which application threads were stopped: 0.0001351 seconds, Stopping threads took: 0.0000483 seconds
[2019-12-09T07:59:14.021+0000][1][safepoint    ] Application time: 1.0000838 seconds
[2019-12-09T07:59:14.021+0000][1][safepoint    ] Entering safepoint region: Cleanup
[2019-12-09T07:59:14.021+0000][1][safepoint    ] Leaving safepoint region
[2019-12-09T07:59:14.021+0000][1][safepoint    ] Total time for which application threads were stopped: 0.0000938 seconds, Stopping threads took: 0.0000204 seconds
[2019-12-09T07:59:15.021+0000][1][safepoint    ] Application time: 1.0000749 seconds
[2019-12-09T07:59:15.021+0000][1][safepoint    ] Entering safepoint region: Cleanup
[2019-12-09T07:59:15.021+0000][1][safepoint    ] Leaving safepoint region
[2019-12-09T07:59:15.021+0000][1][safepoint    ] Total time for which application threads were stopped: 0.0000918 seconds, Stopping threads took: 0.0000183 seconds
[2019-12-09T07:59:16.021+0000][1][safepoint    ] Application time: 1.0000765 seconds
[2019-12-09T07:59:16.021+0000][1][safepoint    ] Entering safepoint region: Cleanup
[2019-12-09T07:59:16.022+0000][1][safepoint    ] Leaving safepoint region
[2019-12-09T07:59:16.022+0000][1][safepoint    ] Total time for which application threads were stopped: 0.0000919 seconds, Stopping threads took: 0.0000186 seconds
[2019-12-09T07:59:17.022+0000][1][safepoint    ] Application time: 1.0000753 seconds
[2019-12-09T07:59:17.022+0000][1][safepoint    ] Entering safepoint region: Cleanup
[2019-12-09T07:59:17.022+0000][1][safepoint    ] Leaving safepoint region
[2019-12-09T07:59:17.022+0000][1][safepoint    ] Total time for which application threads were stopped: 0.0001008 seconds, Stopping threads took: 0.0000193 seconds
[2019-12-09T07:59:18.022+0000][1][safepoint    ] Application time: 1.0000881 seconds
[2019-12-09T07:59:18.022+0000][1][safepoint    ] Entering safepoint region: Cleanup
[2019-12-09T07:59:18.022+0000][1][safepoint    ] Leaving safepoint region
[2019-12-09T07:59:18.022+0000][1][safepoint    ] Total time for which application threads were stopped: 0.0001008 seconds, Stopping threads took: 0.0000241 seconds
[2019-12-09T07:59:19.022+0000][1][safepoint    ] Application time: 1.0000845 seconds
[2019-12-09T07:59:19.022+0000][1][safepoint    ] Entering safepoint region: Cleanup
[2019-12-09T07:59:19.022+0000][1][safepoint    ] Leaving safepoint region
[2019-12-09T07:59:19.022+0000][1][safepoint    ] Total time for which application threads were stopped: 0.0000927 seconds, Stopping threads took: 0.0000195 seconds
[2019-12-09T07:59:20.022+0000][1][safepoint    ] Application time: 1.0000753 seconds
[2019-12-09T07:59:20.022+0000][1][safepoint    ] Entering safepoint region: Cleanup
[2019-12-09T07:59:20.022+0000][1][safepoint    ] Leaving safepoint region
[2019-12-09T07:59:20.022+0000][1][safepoint    ] Total time for which application threads were stopped: 0.0000937 seconds, Stopping threads took: 0.0000200 seconds
[2019-12-09T07:59:21.023+0000][1][safepoint    ] Application time: 1.0000762 seconds
[2019-12-09T07:59:21.023+0000][1][safepoint    ] Entering safepoint region: Cleanup
[2019-12-09T07:59:21.023+0000][1][safepoint    ] Leaving safepoint region
[2019-12-09T07:59:21.023+0000][1][safepoint    ] Total time for which application threads were stopped: 0.0000961 seconds, Stopping threads took: 0.0000210 seconds
[2019-12-09T07:59:22.023+0000][1][safepoint    ] Application time: 1.0000790 seconds
[2019-12-09T07:59:22.023+0000][1][safepoint    ] Entering safepoint region: Cleanup
[2019-12-09T07:59:22.023+0000][1][safepoint    ] Leaving safepoint region
[2019-12-09T07:59:22.023+0000][1][safepoint    ] Total time for which application threads were stopped: 0.0000973 seconds, Stopping threads took: 0.0000197 seconds
[2019-12-09T07:59:23.023+0000][1][safepoint    ] Application time: 1.0000796 seconds
[2019-12-09T07:59:23.023+0000][1][safepoint    ] Entering safepoint region: Cleanup
[2019-12-09T07:59:23.023+0000][1][safepoint    ] Leaving safepoint region
[2019-12-09T07:59:23.023+0000][1][safepoint    ] Total time for which application threads were stopped: 0.0000988 seconds, Stopping threads took: 0.0000259 seconds
[2019-12-09T07:59:24.023+0000][1][safepoint    ] Application time: 1.0000912 seconds
[2019-12-09T07:59:24.023+0000][1][safepoint    ] Entering safepoint region: Cleanup
[2019-12-09T07:59:24.023+0000][1][safepoint    ] Leaving safepoint region
[2019-12-09T07:59:24.023+0000][1][safepoint    ] Total time for which application threads were stopped: 0.0000940 seconds, Stopping threads took: 0.0000205 seconds
[2019-12-09T07:59:25.023+0000][1][safepoint    ] Application time: 1.0000839 seconds
[2019-12-09T07:59:25.023+0000][1][safepoint    ] Entering safepoint region: Cleanup
[2019-12-09T07:59:25.024+0000][1][safepoint    ] Leaving safepoint region
[2019-12-09T07:59:25.024+0000][1][safepoint    ] Total time for which application threads were stopped: 0.0001278 seconds, Stopping threads took: 0.0000332 seconds
[2019-12-09T07:59:26.024+0000][1][safepoint    ] Application time: 1.0000784 seconds
[2019-12-09T07:59:26.024+0000][1][safepoint    ] Entering safepoint region: Cleanup
[2019-12-09T07:59:26.024+0000][1][safepoint    ] Leaving safepoint region
[2019-12-09T07:59:26.024+0000][1][safepoint    ] Total time for which application threads were stopped: 0.0000934 seconds, Stopping threads took: 0.0000192 seconds
[2019-12-09T07:59:27.024+0000][1][safepoint    ] Application time: 1.0000792 seconds
[2019-12-09T07:59:27.024+0000][1][safepoint    ] Entering safepoint region: Cleanup
[2019-12-09T07:59:27.024+0000][1][safepoint    ] Leaving safepoint region
[2019-12-09T07:59:27.024+0000][1][safepoint    ] Total time for which application threads were stopped: 0.0001227 seconds, Stopping threads took: 0.0000245 seconds
[2019-12-09T07:59:28.024+0000][1][safepoint    ] Application time: 1.0000775 seconds
[2019-12-09T07:59:28.024+0000][1][safepoint    ] Entering safepoint region: Cleanup
[2019-12-09T07:59:28.024+0000][1][safepoint    ] Leaving safepoint region
[2019-12-09T07:59:28.024+0000][1][safepoint    ] Total time for which application threads were stopped: 0.0000921 seconds, Stopping threads took: 0.0000194 seconds
[2019-12-09T07:59:29.024+0000][1][safepoint    ] Application time: 1.0000829 seconds
[2019-12-09T07:59:29.024+0000][1][safepoint    ] Entering safepoint region: Cleanup
[2019-12-09T07:59:29.024+0000][1][safepoint    ] Leaving safepoint region
[2019-12-09T07:59:29.024+0000][1][safepoint    ] Total time for which application threads were stopped: 0.0000932 seconds, Stopping threads took: 0.0000200 seconds
[2019-12-09T07:59:30.025+0000][1][safepoint    ] Application time: 1.0000829 seconds
[2019-12-09T07:59:30.025+0000][1][safepoint    ] Entering safepoint region: Cleanup
[2019-12-09T07:59:30.025+0000][1][safepoint    ] Leaving safepoint region
[2019-12-09T07:59:30.025+0000][1][safepoint    ] Total time for which application threads were stopped: 0.0001302 seconds, Stopping threads took: 0.0000260 seconds
[2019-12-09T07:59:31.025+0000][1][safepoint    ] Application time: 1.0001479 seconds
[2019-12-09T07:59:31.025+0000][1][safepoint    ] Entering safepoint region: Cleanup
[2019-12-09T07:59:31.025+0000][1][safepoint    ] Leaving safepoint region
[2019-12-09T07:59:31.025+0000][1][safepoint    ] Total time for which application threads were stopped: 0.0001420 seconds, Stopping threads took: 0.0000351 seconds
[2019-12-09T07:59:32.025+0000][1][safepoint    ] Application time: 1.0002037 seconds
[2019-12-09T07:59:32.025+0000][1][safepoint    ] Entering safepoint region: Cleanup
[2019-12-09T07:59:32.025+0000][1][safepoint    ] Leaving safepoint region
[2019-12-09T07:59:32.025+0000][1][safepoint    ] Total time for which application threads were stopped: 0.0001220 seconds, Stopping threads took: 0.0000260 seconds
[2019-12-09T07:59:33.026+0000][1][safepoint    ] Application time: 1.0000790 seconds
[2019-12-09T07:59:33.026+0000][1][safepoint    ] Entering safepoint region: Cleanup
[2019-12-09T07:59:33.026+0000][1][safepoint    ] Leaving safepoint region
[2019-12-09T07:59:33.026+0000][1][safepoint    ] Total time for which application threads were stopped: 0.0000990 seconds, Stopping threads took: 0.0000265 seconds
[2019-12-09T07:59:34.026+0000][1][safepoint    ] Application time: 1.0000810 seconds
[2019-12-09T07:59:34.026+0000][1][safepoint    ] Entering safepoint region: Cleanup
[2019-12-09T07:59:34.026+0000][1][safepoint    ] Leaving safepoint region
[2019-12-09T07:59:34.026+0000][1][safepoint    ] Total time for which application threads were stopped: 0.0001331 seconds, Stopping threads took: 0.0000364 seconds
[2019-12-09T07:59:35.026+0000][1][safepoint    ] Application time: 1.0000773 seconds
[2019-12-09T07:59:35.026+0000][1][safepoint    ] Entering safepoint region: Cleanup
[2019-12-09T07:59:35.026+0000][1][safepoint    ] Leaving safepoint region
[2019-12-09T07:59:35.026+0000][1][safepoint    ] Total time for which application threads were stopped: 0.0001001 seconds, Stopping threads took: 0.0000261 seconds
[2019-12-09T07:59:36.026+0000][1][safepoint    ] Application time: 1.0000767 seconds
[2019-12-09T07:59:36.026+0000][1][safepoint    ] Entering safepoint region: Cleanup
[2019-12-09T07:59:36.026+0000][1][safepoint    ] Leaving safepoint region
[2019-12-09T07:59:36.026+0000][1][safepoint    ] Total time for which application threads were stopped: 0.0000913 seconds, Stopping threads took: 0.0000193 seconds
[2019-12-09T07:59:37.026+0000][1][safepoint    ] Application time: 1.0000758 seconds
[2019-12-09T07:59:37.027+0000][1][safepoint    ] Entering safepoint region: Cleanup
[2019-12-09T07:59:37.027+0000][1][safepoint    ] Leaving safepoint region
[2019-12-09T07:59:37.027+0000][1][safepoint    ] Total time for which application threads were stopped: 0.0000921 seconds, Stopping threads took: 0.0000196 seconds
[2019-12-09T07:59:38.027+0000][1][safepoint    ] Application time: 1.0000855 seconds
[2019-12-09T07:59:38.027+0000][1][safepoint    ] Entering safepoint region: Cleanup
[2019-12-09T07:59:38.027+0000][1][safepoint    ] Leaving safepoint region
[2019-12-09T07:59:38.027+0000][1][safepoint    ] Total time for which application threads were stopped: 0.0000922 seconds, Stopping threads took: 0.0000203 seconds
[2019-12-09T07:59:39.027+0000][1][safepoint    ] Application time: 1.0000765 seconds
[2019-12-09T07:59:39.027+0000][1][safepoint    ] Entering safepoint region: Cleanup
[2019-12-09T07:59:39.027+0000][1][safepoint    ] Leaving safepoint region
[2019-12-09T07:59:39.027+0000][1][safepoint    ] Total time for which application threads were stopped: 0.0000908 seconds, Stopping threads took: 0.0000189 seconds
[2019-12-09T07:59:40.793+0000][1][safepoint    ] Application time: 1.7658926 seconds
[2019-12-09T07:59:40.793+0000][1][safepoint    ] Entering safepoint region: Cleanup
[2019-12-09T07:59:40.793+0000][1][safepoint    ] Leaving safepoint region
[2019-12-09T07:59:40.793+0000][1][safepoint    ] Total time for which application threads were stopped: 0.0000836 seconds, Stopping threads took: 0.0000159 seconds
[2019-12-09T07:59:41.793+0000][1][safepoint    ] Application time: 1.0000764 seconds
[2019-12-09T07:59:41.793+0000][1][safepoint    ] Entering safepoint region: Cleanup
[2019-12-09T07:59:41.793+0000][1][safepoint    ] Leaving safepoint region
[2019-12-09T07:59:41.793+0000][1][safepoint    ] Total time for which application threads were stopped: 0.0000868 seconds, Stopping threads took: 0.0000176 seconds
[2019-12-09T07:59:42.793+0000][1][safepoint    ] Application time: 1.0000767 seconds
[2019-12-09T07:59:42.793+0000][1][safepoint    ] Entering safepoint region: Cleanup
[2019-12-09T07:59:42.793+0000][1][safepoint    ] Leaving safepoint region
[2019-12-09T07:59:42.793+0000][1][safepoint    ] Total time for which application threads were stopped: 0.0000927 seconds, Stopping threads took: 0.0000168 seconds
[2019-12-09T07:59:43.794+0000][1][safepoint    ] Application time: 1.0000759 seconds
[2019-12-09T07:59:43.794+0000][1][safepoint    ] Entering safepoint region: Cleanup
[2019-12-09T07:59:43.794+0000][1][safepoint    ] Leaving safepoint region
[2019-12-09T07:59:43.794+0000][1][safepoint    ] Total time for which application threads were stopped: 0.0001018 seconds, Stopping threads took: 0.0000172 seconds
[2019-12-09T07:59:44.794+0000][1][safepoint    ] Application time: 1.0000811 seconds
[2019-12-09T07:59:44.794+0000][1][safepoint    ] Entering safepoint region: Cleanup
[2019-12-09T07:59:44.794+0000][1][safepoint    ] Leaving safepoint region
[2019-12-09T07:59:44.794+0000][1][safepoint    ] Total time for which application threads were stopped: 0.0001221 seconds, Stopping threads took: 0.0000239 seconds
[2019-12-09T07:59:45.794+0000][1][safepoint    ] Application time: 1.0000796 seconds
[2019-12-09T07:59:45.794+0000][1][safepoint    ] Entering safepoint region: Cleanup
[2019-12-09T07:59:45.794+0000][1][safepoint    ] Leaving safepoint region
[2019-12-09T07:59:45.794+0000][1][safepoint    ] Total time for which application threads were stopped: 0.0001137 seconds, Stopping threads took: 0.0000196 seconds
[2019-12-09T07:59:46.794+0000][1][safepoint    ] Application time: 1.0000820 seconds
[2019-12-09T07:59:46.794+0000][1][safepoint    ] Entering safepoint region: Cleanup
[2019-12-09T07:59:46.794+0000][1][safepoint    ] Leaving safepoint region
[2019-12-09T07:59:46.794+0000][1][safepoint    ] Total time for which application threads were stopped: 0.0001108 seconds, Stopping threads took: 0.0000325 seconds
[2019-12-09T07:59:47.795+0000][1][safepoint    ] Application time: 1.0000942 seconds
[2019-12-09T07:59:47.795+0000][1][safepoint    ] Entering safepoint region: Cleanup
[2019-12-09T07:59:47.795+0000][1][safepoint    ] Leaving safepoint region
[2019-12-09T07:59:47.795+0000][1][safepoint    ] Total time for which application threads were stopped: 0.0001238 seconds, Stopping threads took: 0.0000259 seconds
[2019-12-09T07:59:48.795+0000][1][safepoint    ] Application time: 1.0000825 seconds
[2019-12-09T07:59:48.795+0000][1][safepoint    ] Entering safepoint region: Cleanup
[2019-12-09T07:59:48.795+0000][1][safepoint    ] Leaving safepoint region
[2019-12-09T07:59:48.795+0000][1][safepoint    ] Total time for which application threads were stopped: 0.0000973 seconds, Stopping threads took: 0.0000209 seconds
[2019-12-09T07:59:49.795+0000][1][safepoint    ] Application time: 1.0000781 seconds
[2019-12-09T07:59:49.795+0000][1][safepoint    ] Entering safepoint region: Cleanup
[2019-12-09T07:59:49.795+0000][1][safepoint    ] Leaving safepoint region
[2019-12-09T07:59:49.795+0000][1][safepoint    ] Total time for which application threads were stopped: 0.0000935 seconds, Stopping threads took: 0.0000197 seconds
[2019-12-09T07:59:50.795+0000][1][safepoint    ] Application time: 1.0000754 seconds
[2019-12-09T07:59:50.795+0000][1][safepoint    ] Entering safepoint region: Cleanup
[2019-12-09T07:59:50.795+0000][1][safepoint    ] Leaving safepoint region
[2019-12-09T07:59:50.795+0000][1][safepoint    ] Total time for which application threads were stopped: 0.0000924 seconds, Stopping threads took: 0.0000184 seconds
[2019-12-09T07:59:51.795+0000][1][safepoint    ] Application time: 1.0000765 seconds
[2019-12-09T07:59:51.796+0000][1][safepoint    ] Entering safepoint region: Cleanup
[2019-12-09T07:59:51.796+0000][1][safepoint    ] Leaving safepoint region
[2019-12-09T07:59:51.796+0000][1][safepoint    ] Total time for which application threads were stopped: 0.0000926 seconds, Stopping threads took: 0.0000205 seconds
[2019-12-09T07:59:52.796+0000][1][safepoint    ] Application time: 1.0000736 seconds
[2019-12-09T07:59:52.796+0000][1][safepoint    ] Entering safepoint region: Cleanup
[2019-12-09T07:59:52.796+0000][1][safepoint    ] Leaving safepoint region
[2019-12-09T07:59:52.796+0000][1][safepoint    ] Total time for which application threads were stopped: 0.0000928 seconds, Stopping threads took: 0.0000197 seconds
[2019-12-09T07:59:53.796+0000][1][safepoint    ] Application time: 1.0000747 seconds
[2019-12-09T07:59:53.796+0000][1][safepoint    ] Entering safepoint region: Cleanup
[2019-12-09T07:59:53.796+0000][1][safepoint    ] Leaving safepoint region
[2019-12-09T07:59:53.796+0000][1][safepoint    ] Total time for which application threads were stopped: 0.0000924 seconds, Stopping threads took: 0.0000194 seconds
[2019-12-09T07:59:54.796+0000][1][safepoint    ] Application time: 1.0000751 seconds
[2019-12-09T07:59:54.796+0000][1][safepoint    ] Entering safepoint region: Cleanup
[2019-12-09T07:59:54.796+0000][1][safepoint    ] Leaving safepoint region
[2019-12-09T07:59:54.796+0000][1][safepoint    ] Total time for which application threads were stopped: 0.0000932 seconds, Stopping threads took: 0.0000197 seconds
[2019-12-09T07:59:55.796+0000][1][safepoint    ] Application time: 1.0000765 seconds
[2019-12-09T07:59:55.796+0000][1][safepoint    ] Entering safepoint region: Cleanup
[2019-12-09T07:59:55.796+0000][1][safepoint    ] Leaving safepoint region
[2019-12-09T07:59:55.796+0000][1][safepoint    ] Total time for which application threads were stopped: 0.0000926 seconds, Stopping threads took: 0.0000204 seconds
[2019-12-09T07:59:56.797+0000][1][safepoint    ] Application time: 1.0000742 seconds
[2019-12-09T07:59:56.797+0000][1][safepoint    ] Entering safepoint region: Cleanup
[2019-12-09T07:59:56.797+0000][1][safepoint    ] Leaving safepoint region
[2019-12-09T07:59:56.797+0000][1][safepoint    ] Total time for which application threads were stopped: 0.0001078 seconds, Stopping threads took: 0.0000206 seconds
[2019-12-09T07:59:57.797+0000][1][safepoint    ] Application time: 1.0000738 seconds
[2019-12-09T07:59:57.797+0000][1][safepoint    ] Entering safepoint region: Cleanup
[2019-12-09T07:59:57.797+0000][1][safepoint    ] Leaving safepoint region
[2019-12-09T07:59:57.797+0000][1][safepoint    ] Total time for which application threads were stopped: 0.0000950 seconds, Stopping threads took: 0.0000197 seconds
[2019-12-09T07:59:58.797+0000][1][safepoint    ] Application time: 1.0000762 seconds
[2019-12-09T07:59:58.797+0000][1][safepoint    ] Entering safepoint region: Cleanup
[2019-12-09T07:59:58.797+0000][1][safepoint    ] Leaving safepoint region
[2019-12-09T07:59:58.797+0000][1][safepoint    ] Total time for which application threads were stopped: 0.0000897 seconds, Stopping threads took: 0.0000186 seconds
[2019-12-09T07:59:59.797+0000][1][safepoint    ] Application time: 1.0000753 seconds
[2019-12-09T07:59:59.797+0000][1][safepoint    ] Entering safepoint region: Cleanup
[2019-12-09T07:59:59.797+0000][1][safepoint    ] Leaving safepoint region
[2019-12-09T07:59:59.797+0000][1][safepoint    ] Total time for which application threads were stopped: 0.0000934 seconds, Stopping threads took: 0.0000194 seconds
[2019-12-09T08:00:00.797+0000][1][safepoint    ] Application time: 1.0000749 seconds
[2019-12-09T08:00:00.797+0000][1][safepoint    ] Entering safepoint region: Cleanup
[2019-12-09T08:00:00.798+0000][1][safepoint    ] Leaving safepoint region
[2019-12-09T08:00:00.798+0000][1][safepoint    ] Total time for which application threads were stopped: 0.0000933 seconds, Stopping threads took: 0.0000206 seconds
[2019-12-09T08:00:01.798+0000][1][safepoint    ] Application time: 1.0000740 seconds
[2019-12-09T08:00:01.798+0000][1][safepoint    ] Entering safepoint region: Cleanup
[2019-12-09T08:00:01.798+0000][1][safepoint    ] Leaving safepoint region
[2019-12-09T08:00:01.798+0000][1][safepoint    ] Total time for which application threads were stopped: 0.0000971 seconds, Stopping threads took: 0.0000229 seconds
[2019-12-09T08:00:02.798+0000][1][safepoint    ] Application time: 1.0000783 seconds
[2019-12-09T08:00:02.798+0000][1][safepoint    ] Entering safepoint region: Cleanup
[2019-12-09T08:00:02.798+0000][1][safepoint    ] Leaving safepoint region
[2019-12-09T08:00:02.798+0000][1][safepoint    ] Total time for which application threads were stopped: 0.0000922 seconds, Stopping threads took: 0.0000188 seconds
[2019-12-09T08:00:03.798+0000][1][safepoint    ] Application time: 1.0000779 seconds
[2019-12-09T08:00:03.798+0000][1][safepoint    ] Entering safepoint region: Cleanup
[2019-12-09T08:00:03.798+0000][1][safepoint    ] Leaving safepoint region
[2019-12-09T08:00:03.798+0000][1][safepoint    ] Total time for which application threads were stopped: 0.0000930 seconds, Stopping threads took: 0.0000196 seconds
[2019-12-09T08:00:04.798+0000][1][safepoint    ] Application time: 1.0000767 seconds
[2019-12-09T08:00:04.798+0000][1][safepoint    ] Entering safepoint region: Cleanup
[2019-12-09T08:00:04.798+0000][1][safepoint    ] Leaving safepoint region
[2019-12-09T08:00:04.798+0000][1][safepoint    ] Total time for which application threads were stopped: 0.0000915 seconds, Stopping threads took: 0.0000189 seconds
[2019-12-09T08:00:05.799+0000][1][safepoint    ] Application time: 1.0000762 seconds
[2019-12-09T08:00:05.799+0000][1][safepoint    ] Entering safepoint region: Cleanup
[2019-12-09T08:00:05.799+0000][1][safepoint    ] Leaving safepoint region
[2019-12-09T08:00:05.799+0000][1][safepoint    ] Total time for which application threads were stopped: 0.0000921 seconds, Stopping threads took: 0.0000196 seconds
[2019-12-09T08:00:06.799+0000][1][safepoint    ] Application time: 1.0000769 seconds
[2019-12-09T08:00:06.799+0000][1][safepoint    ] Entering safepoint region: Cleanup
[2019-12-09T08:00:06.799+0000][1][safepoint    ] Leaving safepoint region
[2019-12-09T08:00:06.799+0000][1][safepoint    ] Total time for which application threads were stopped: 0.0000926 seconds, Stopping threads took: 0.0000195 seconds
[2019-12-09T08:00:07.799+0000][1][safepoint    ] Application time: 1.0000775 seconds
[2019-12-09T08:00:07.799+0000][1][safepoint    ] Entering safepoint region: Cleanup
[2019-12-09T08:00:07.799+0000][1][safepoint    ] Leaving safepoint region
[2019-12-09T08:00:07.799+0000][1][safepoint    ] Total time for which application threads were stopped: 0.0000933 seconds, Stopping threads took: 0.0000199 seconds
[2019-12-09T08:00:08.799+0000][1][safepoint    ] Application time: 1.0000758 seconds
[2019-12-09T08:00:08.799+0000][1][safepoint    ] Entering safepoint region: Cleanup
[2019-12-09T08:00:08.799+0000][1][safepoint    ] Leaving safepoint region
[2019-12-09T08:00:08.799+0000][1][safepoint    ] Total time for which application threads were stopped: 0.0000931 seconds, Stopping threads took: 0.0000184 seconds
[2019-12-09T08:00:09.799+0000][1][safepoint    ] Application time: 1.0000745 seconds
[2019-12-09T08:00:09.799+0000][1][safepoint    ] Entering safepoint region: Cleanup
[2019-12-09T08:00:09.800+0000][1][safepoint    ] Leaving safepoint region
[2019-12-09T08:00:09.800+0000][1][safepoint    ] Total time for which application threads were stopped: 0.0000950 seconds, Stopping threads took: 0.0000206 seconds
[2019-12-09T08:00:10.800+0000][1][safepoint    ] Application time: 1.0000771 seconds
[2019-12-09T08:00:10.800+0000][1][safepoint    ] Entering safepoint region: Cleanup
[2019-12-09T08:00:10.800+0000][1][safepoint    ] Leaving safepoint region
[2019-12-09T08:00:10.800+0000][1][safepoint    ] Total time for which application threads were stopped: 0.0001039 seconds, Stopping threads took: 0.0000201 seconds
[2019-12-09T08:00:11.800+0000][1][safepoint    ] Application time: 1.0000771 seconds
[2019-12-09T08:00:11.800+0000][1][safepoint    ] Entering safepoint region: Cleanup
[2019-12-09T08:00:11.800+0000][1][safepoint    ] Leaving safepoint region
[2019-12-09T08:00:11.800+0000][1][safepoint    ] Total time for which application threads were stopped: 0.0001028 seconds, Stopping threads took: 0.0000289 seconds
[2019-12-09T08:00:12.800+0000][1][safepoint    ] Application time: 1.0000780 seconds
[2019-12-09T08:00:12.800+0000][1][safepoint    ] Entering safepoint region: Cleanup
[2019-12-09T08:00:12.800+0000][1][safepoint    ] Leaving safepoint region
[2019-12-09T08:00:12.800+0000][1][safepoint    ] Total time for which application threads were stopped: 0.0000969 seconds, Stopping threads took: 0.0000213 seconds
[2019-12-09T08:00:13.800+0000][1][safepoint    ] Application time: 1.0000755 seconds
[2019-12-09T08:00:13.800+0000][1][safepoint    ] Entering safepoint region: Cleanup
[2019-12-09T08:00:13.800+0000][1][safepoint    ] Leaving safepoint region
[2019-12-09T08:00:13.800+0000][1][safepoint    ] Total time for which application threads were stopped: 0.0000929 seconds, Stopping threads took: 0.0000200 seconds
[2019-12-09T08:00:14.801+0000][1][safepoint    ] Application time: 1.0000744 seconds
[2019-12-09T08:00:14.801+0000][1][safepoint    ] Entering safepoint region: Cleanup
[2019-12-09T08:00:14.801+0000][1][safepoint    ] Leaving safepoint region
[2019-12-09T08:00:14.801+0000][1][safepoint    ] Total time for which application threads were stopped: 0.0000927 seconds, Stopping threads took: 0.0000195 seconds
[2019-12-09T08:00:15.801+0000][1][safepoint    ] Application time: 1.0000764 seconds
[2019-12-09T08:00:15.801+0000][1][safepoint    ] Entering safepoint region: Cleanup
[2019-12-09T08:00:15.801+0000][1][safepoint    ] Leaving safepoint region
[2019-12-09T08:00:15.801+0000][1][safepoint    ] Total time for which application threads were stopped: 0.0000946 seconds, Stopping threads took: 0.0000187 seconds
[2019-12-09T08:00:16.801+0000][1][safepoint    ] Application time: 1.0000751 seconds
[2019-12-09T08:00:16.801+0000][1][safepoint    ] Entering safepoint region: Cleanup
[2019-12-09T08:00:16.801+0000][1][safepoint    ] Leaving safepoint region
[2019-12-09T08:00:16.801+0000][1][safepoint    ] Total time for which application threads were stopped: 0.0000939 seconds, Stopping threads took: 0.0000200 seconds
[2019-12-09T08:00:17.801+0000][1][safepoint    ] Application time: 1.0000776 seconds
[2019-12-09T08:00:17.801+0000][1][safepoint    ] Entering safepoint region: Cleanup
[2019-12-09T08:00:17.801+0000][1][safepoint    ] Leaving safepoint region
[2019-12-09T08:00:17.801+0000][1][safepoint    ] Total time for which application threads were stopped: 0.0000917 seconds, Stopping threads took: 0.0000191 seconds
[2019-12-09T08:00:18.801+0000][1][safepoint    ] Application time: 1.0000758 seconds
[2019-12-09T08:00:18.801+0000][1][safepoint    ] Entering safepoint region: Cleanup
[2019-12-09T08:00:18.801+0000][1][safepoint    ] Leaving safepoint region
[2019-12-09T08:00:18.801+0000][1][safepoint    ] Total time for which application threads were stopped: 0.0000913 seconds, Stopping threads took: 0.0000195 seconds
[2019-12-09T08:00:19.802+0000][1][safepoint    ] Application time: 1.0000757 seconds
[2019-12-09T08:00:19.802+0000][1][safepoint    ] Entering safepoint region: Cleanup
[2019-12-09T08:00:19.802+0000][1][safepoint    ] Leaving safepoint region
[2019-12-09T08:00:19.802+0000][1][safepoint    ] Total time for which application threads were stopped: 0.0001026 seconds, Stopping threads took: 0.0000196 seconds
[2019-12-09T08:00:20.802+0000][1][safepoint    ] Application time: 1.0000788 seconds
[2019-12-09T08:00:20.802+0000][1][safepoint    ] Entering safepoint region: Cleanup
[2019-12-09T08:00:20.802+0000][1][safepoint    ] Leaving safepoint region
[2019-12-09T08:00:20.802+0000][1][safepoint    ] Total time for which application threads were stopped: 0.0000929 seconds, Stopping threads took: 0.0000190 seconds
[2019-12-09T08:00:21.802+0000][1][safepoint    ] Application time: 1.0000750 seconds
[2019-12-09T08:00:21.802+0000][1][safepoint    ] Entering safepoint region: Cleanup
[2019-12-09T08:00:21.802+0000][1][safepoint    ] Leaving safepoint region
[2019-12-09T08:00:21.802+0000][1][safepoint    ] Total time for which application threads were stopped: 0.0001010 seconds, Stopping threads took: 0.0000271 seconds
[2019-12-09T08:00:22.802+0000][1][safepoint    ] Application time: 1.0000761 seconds
[2019-12-09T08:00:22.802+0000][1][safepoint    ] Entering safepoint region: Cleanup
[2019-12-09T08:00:22.802+0000][1][safepoint    ] Leaving safepoint region
[2019-12-09T08:00:22.802+0000][1][safepoint    ] Total time for which application threads were stopped: 0.0000924 seconds, Stopping threads took: 0.0000194 seconds
[2019-12-09T08:00:23.802+0000][1][safepoint    ] Application time: 1.0000760 seconds
[2019-12-09T08:00:23.803+0000][1][safepoint    ] Entering safepoint region: Cleanup
[2019-12-09T08:00:23.803+0000][1][safepoint    ] Leaving safepoint region
[2019-12-09T08:00:23.803+0000][1][safepoint    ] Total time for which application threads were stopped: 0.0000915 seconds, Stopping threads took: 0.0000189 seconds
[2019-12-09T08:00:24.803+0000][1][safepoint    ] Application time: 1.0000740 seconds
[2019-12-09T08:00:24.803+0000][1][safepoint    ] Entering safepoint region: Cleanup
[2019-12-09T08:00:24.803+0000][1][safepoint    ] Leaving safepoint region
[2019-12-09T08:00:24.803+0000][1][safepoint    ] Total time for which application threads were stopped: 0.0000981 seconds, Stopping threads took: 0.0000195 seconds
[2019-12-09T08:00:25.803+0000][1][safepoint    ] Application time: 1.0000792 seconds
[2019-12-09T08:00:25.803+0000][1][safepoint    ] Entering safepoint region: Cleanup
[2019-12-09T08:00:25.803+0000][1][safepoint    ] Leaving safepoint region
[2019-12-09T08:00:25.803+0000][1][safepoint    ] Total time for which application threads were stopped: 0.0000921 seconds, Stopping threads took: 0.0000193 seconds
[2019-12-09T08:00:26.803+0000][1][safepoint    ] Application time: 1.0000746 seconds
[2019-12-09T08:00:26.803+0000][1][safepoint    ] Entering safepoint region: Cleanup
[2019-12-09T08:00:26.803+0000][1][safepoint    ] Leaving safepoint region
[2019-12-09T08:00:26.803+0000][1][safepoint    ] Total time for which application threads were stopped: 0.0000914 seconds, Stopping threads took: 0.0000192 seconds
[2019-12-09T08:00:27.803+0000][1][safepoint    ] Application time: 1.0000768 seconds
[2019-12-09T08:00:27.803+0000][1][safepoint    ] Entering safepoint region: Cleanup
[2019-12-09T08:00:27.803+0000][1][safepoint    ] Leaving safepoint region
[2019-12-09T08:00:27.803+0000][1][safepoint    ] Total time for which application threads were stopped: 0.0001016 seconds, Stopping threads took: 0.0000200 seconds
[2019-12-09T08:00:28.804+0000][1][safepoint    ] Application time: 1.0000744 seconds
[2019-12-09T08:00:28.804+0000][1][safepoint    ] Entering safepoint region: Cleanup
[2019-12-09T08:00:28.804+0000][1][safepoint    ] Leaving safepoint region
[2019-12-09T08:00:28.804+0000][1][safepoint    ] Total time for which application threads were stopped: 0.0001045 seconds, Stopping threads took: 0.0000190 seconds
[2019-12-09T08:00:29.804+0000][1][safepoint    ] Application time: 1.0000736 seconds
[2019-12-09T08:00:29.804+0000][1][safepoint    ] Entering safepoint region: Cleanup
[2019-12-09T08:00:29.804+0000][1][safepoint    ] Leaving safepoint region
[2019-12-09T08:00:29.804+0000][1][safepoint    ] Total time for which application threads were stopped: 0.0000913 seconds, Stopping threads took: 0.0000197 seconds
[2019-12-09T08:00:30.804+0000][1][safepoint    ] Application time: 1.0000755 seconds
[2019-12-09T08:00:30.804+0000][1][safepoint    ] Entering safepoint region: Cleanup
[2019-12-09T08:00:30.804+0000][1][safepoint    ] Leaving safepoint region
[2019-12-09T08:00:30.804+0000][1][safepoint    ] Total time for which application threads were stopped: 0.0000959 seconds, Stopping threads took: 0.0000209 seconds
[2019-12-09T08:00:31.804+0000][1][safepoint    ] Application time: 1.0000754 seconds
[2019-12-09T08:00:31.804+0000][1][safepoint    ] Entering safepoint region: Cleanup
[2019-12-09T08:00:31.804+0000][1][safepoint    ] Leaving safepoint region
[2019-12-09T08:00:31.804+0000][1][safepoint    ] Total time for which application threads were stopped: 0.0001002 seconds, Stopping threads took: 0.0000274 seconds
[2019-12-09T08:00:32.804+0000][1][safepoint    ] Application time: 1.0000790 seconds
[2019-12-09T08:00:32.804+0000][1][safepoint    ] Entering safepoint region: Cleanup
[2019-12-09T08:00:32.805+0000][1][safepoint    ] Leaving safepoint region
[2019-12-09T08:00:32.805+0000][1][safepoint    ] Total time for which application threads were stopped: 0.0000919 seconds, Stopping threads took: 0.0000185 seconds
[2019-12-09T08:00:33.805+0000][1][safepoint    ] Application time: 1.0000763 seconds
[2019-12-09T08:00:33.805+0000][1][safepoint    ] Entering safepoint region: Cleanup
[2019-12-09T08:00:33.805+0000][1][safepoint    ] Leaving safepoint region
[2019-12-09T08:00:33.805+0000][1][safepoint    ] Total time for which application threads were stopped: 0.0000914 seconds, Stopping threads took: 0.0000202 seconds
[2019-12-09T08:00:34.805+0000][1][safepoint    ] Application time: 1.0000770 seconds
[2019-12-09T08:00:34.805+0000][1][safepoint    ] Entering safepoint region: Cleanup
[2019-12-09T08:00:34.805+0000][1][safepoint    ] Leaving safepoint region
[2019-12-09T08:00:34.805+0000][1][safepoint    ] Total time for which application threads were stopped: 0.0001037 seconds, Stopping threads took: 0.0000291 seconds
[2019-12-09T08:00:35.805+0000][1][safepoint    ] Application time: 1.0000755 seconds
[2019-12-09T08:00:35.805+0000][1][safepoint    ] Entering safepoint region: Cleanup
[2019-12-09T08:00:35.805+0000][1][safepoint    ] Leaving safepoint region
[2019-12-09T08:00:35.805+0000][1][safepoint    ] Total time for which application threads were stopped: 0.0000909 seconds, Stopping threads took: 0.0000181 seconds
[2019-12-09T08:00:36.805+0000][1][safepoint    ] Application time: 1.0000754 seconds
[2019-12-09T08:00:36.805+0000][1][safepoint    ] Entering safepoint region: Cleanup
[2019-12-09T08:00:36.805+0000][1][safepoint    ] Leaving safepoint region
[2019-12-09T08:00:36.805+0000][1][safepoint    ] Total time for which application threads were stopped: 0.0000931 seconds, Stopping threads took: 0.0000200 seconds
[2019-12-09T08:00:37.806+0000][1][safepoint    ] Application time: 1.0000759 seconds
[2019-12-09T08:00:37.806+0000][1][safepoint    ] Entering safepoint region: Cleanup
[2019-12-09T08:00:37.806+0000][1][safepoint    ] Leaving safepoint region
[2019-12-09T08:00:37.806+0000][1][safepoint    ] Total time for which application threads were stopped: 0.0000929 seconds, Stopping threads took: 0.0000188 seconds
[2019-12-09T08:00:38.806+0000][1][safepoint    ] Application time: 1.0000754 seconds
[2019-12-09T08:00:38.806+0000][1][safepoint    ] Entering safepoint region: Cleanup
[2019-12-09T08:00:38.806+0000][1][safepoint    ] Leaving safepoint region
[2019-12-09T08:00:38.806+0000][1][safepoint    ] Total time for which application threads were stopped: 0.0000941 seconds, Stopping threads took: 0.0000200 seconds
[2019-12-09T08:00:39.806+0000][1][safepoint    ] Application time: 1.0000739 seconds
[2019-12-09T08:00:39.806+0000][1][safepoint    ] Entering safepoint region: Cleanup
[2019-12-09T08:00:39.806+0000][1][safepoint    ] Leaving safepoint region
[2019-12-09T08:00:39.806+0000][1][safepoint    ] Total time for which application threads were stopped: 0.0000919 seconds, Stopping threads took: 0.0000191 seconds
[2019-12-09T08:00:40.806+0000][1][safepoint    ] Application time: 1.0000760 seconds
[2019-12-09T08:00:40.806+0000][1][safepoint    ] Entering safepoint region: Cleanup
[2019-12-09T08:00:40.806+0000][1][safepoint    ] Leaving safepoint region
[2019-12-09T08:00:40.806+0000][1][safepoint    ] Total time for which application threads were stopped: 0.0000952 seconds, Stopping threads took: 0.0000199 seconds
[2019-12-09T08:00:41.806+0000][1][safepoint    ] Application time: 1.0000767 seconds
[2019-12-09T08:00:41.806+0000][1][safepoint    ] Entering safepoint region: Cleanup
[2019-12-09T08:00:41.807+0000][1][safepoint    ] Leaving safepoint region
[2019-12-09T08:00:41.807+0000][1][safepoint    ] Total time for which application threads were stopped: 0.0001043 seconds, Stopping threads took: 0.0000302 seconds
[2019-12-09T08:00:42.807+0000][1][safepoint    ] Application time: 1.0000748 seconds
[2019-12-09T08:00:42.807+0000][1][safepoint    ] Entering safepoint region: Cleanup
[2019-12-09T08:00:42.807+0000][1][safepoint    ] Leaving safepoint region
[2019-12-09T08:00:42.807+0000][1][safepoint    ] Total time for which application threads were stopped: 0.0001020 seconds, Stopping threads took: 0.0000190 seconds
[2019-12-09T08:00:43.807+0000][1][safepoint    ] Application time: 1.0000711 seconds
[2019-12-09T08:00:43.807+0000][1][safepoint    ] Entering safepoint region: Cleanup
[2019-12-09T08:00:43.807+0000][1][safepoint    ] Leaving safepoint region
[2019-12-09T08:00:43.807+0000][1][safepoint    ] Total time for which application threads were stopped: 0.0000931 seconds, Stopping threads took: 0.0000199 seconds
[2019-12-09T08:00:44.807+0000][1][safepoint    ] Application time: 1.0000770 seconds
[2019-12-09T08:00:44.807+0000][1][safepoint    ] Entering safepoint region: Cleanup
[2019-12-09T08:00:44.807+0000][1][safepoint    ] Leaving safepoint region
[2019-12-09T08:00:44.807+0000][1][safepoint    ] Total time for which application threads were stopped: 0.0000978 seconds, Stopping threads took: 0.0000259 seconds
[2019-12-09T08:00:45.807+0000][1][safepoint    ] Application time: 1.0000784 seconds
[2019-12-09T08:00:45.807+0000][1][safepoint    ] Entering safepoint region: Cleanup
[2019-12-09T08:00:45.807+0000][1][safepoint    ] Leaving safepoint region
[2019-12-09T08:00:45.807+0000][1][safepoint    ] Total time for which application threads were stopped: 0.0000935 seconds, Stopping threads took: 0.0000187 seconds
[2019-12-09T08:00:46.807+0000][1][safepoint    ] Application time: 1.0000774 seconds
[2019-12-09T08:00:46.808+0000][1][safepoint    ] Entering safepoint region: Cleanup
[2019-12-09T08:00:46.808+0000][1][safepoint    ] Leaving safepoint region
[2019-12-09T08:00:46.808+0000][1][safepoint    ] Total time for which application threads were stopped: 0.0000894 seconds, Stopping threads took: 0.0000188 seconds
[2019-12-09T08:00:47.808+0000][1][safepoint    ] Application time: 1.0000758 seconds
[2019-12-09T08:00:47.808+0000][1][safepoint    ] Entering safepoint region: Cleanup
[2019-12-09T08:00:47.808+0000][1][safepoint    ] Leaving safepoint region
[2019-12-09T08:00:47.808+0000][1][safepoint    ] Total time for which application threads were stopped: 0.0000929 seconds, Stopping threads took: 0.0000205 seconds
[2019-12-09T08:00:48.808+0000][1][safepoint    ] Application time: 1.0000806 seconds
[2019-12-09T08:00:48.808+0000][1][safepoint    ] Entering safepoint region: Cleanup
[2019-12-09T08:00:48.808+0000][1][safepoint    ] Leaving safepoint region
[2019-12-09T08:00:48.808+0000][1][safepoint    ] Total time for which application threads were stopped: 0.0000960 seconds, Stopping threads took: 0.0000214 seconds
[2019-12-09T08:00:49.808+0000][1][safepoint    ] Application time: 1.0000762 seconds
[2019-12-09T08:00:49.808+0000][1][safepoint    ] Entering safepoint region: Cleanup
[2019-12-09T08:00:49.808+0000][1][safepoint    ] Leaving safepoint region
[2019-12-09T08:00:49.808+0000][1][safepoint    ] Total time for which application threads were stopped: 0.0000908 seconds, Stopping threads took: 0.0000186 seconds
[2019-12-09T08:00:50.808+0000][1][safepoint    ] Application time: 1.0000768 seconds
[2019-12-09T08:00:50.808+0000][1][safepoint    ] Entering safepoint region: Cleanup
[2019-12-09T08:00:50.808+0000][1][safepoint    ] Leaving safepoint region
[2019-12-09T08:00:50.808+0000][1][safepoint    ] Total time for which application threads were stopped: 0.0000934 seconds, Stopping threads took: 0.0000197 seconds
[2019-12-09T08:00:51.809+0000][1][safepoint    ] Application time: 1.0000776 seconds
[2019-12-09T08:00:51.809+0000][1][safepoint    ] Entering safepoint region: Cleanup
[2019-12-09T08:00:51.809+0000][1][safepoint    ] Leaving safepoint region
[2019-12-09T08:00:51.809+0000][1][safepoint    ] Total time for which application threads were stopped: 0.0001090 seconds, Stopping threads took: 0.0000204 seconds
[2019-12-09T08:00:52.809+0000][1][safepoint    ] Application time: 1.0000767 seconds
[2019-12-09T08:00:52.809+0000][1][safepoint    ] Entering safepoint region: Cleanup
[2019-12-09T08:00:52.809+0000][1][safepoint    ] Leaving safepoint region
[2019-12-09T08:00:52.809+0000][1][safepoint    ] Total time for which application threads were stopped: 0.0000933 seconds, Stopping threads took: 0.0000206 seconds
[2019-12-09T08:00:53.055+0000][1][safepoint    ] Application time: 0.2458940 seconds
[2019-12-09T08:00:53.055+0000][1][safepoint    ] Entering safepoint region: GenCollectForAllocation
[2019-12-09T08:00:53.055+0000][1][gc,start     ] GC(59) Pause Young (Allocation Failure)
[2019-12-09T08:00:53.055+0000][1][gc,task      ] GC(59) Using 2 workers of 2 for evacuation
[2019-12-09T08:00:53.057+0000][1][gc,age       ] GC(59) Desired survivor size 4456448 bytes, new threshold 6 (max threshold 6)
[2019-12-09T08:00:53.057+0000][1][gc,age       ] GC(59) Age table with threshold 6 (max threshold 6)
[2019-12-09T08:00:53.057+0000][1][gc,age       ] GC(59) - age   1:       8984 bytes,       8984 total
[2019-12-09T08:00:53.057+0000][1][gc,age       ] GC(59) - age   2:        520 bytes,       9504 total
[2019-12-09T08:00:53.057+0000][1][gc,age       ] GC(59) - age   3:         64 bytes,       9568 total
[2019-12-09T08:00:53.057+0000][1][gc,age       ] GC(59) - age   5:       3488 bytes,      13056 total
[2019-12-09T08:00:53.057+0000][1][gc,heap      ] GC(59) ParNew: 69969K->20K(78656K)
[2019-12-09T08:00:53.057+0000][1][gc,heap      ] GC(59) CMS: 75186K->75186K(174784K)
[2019-12-09T08:00:53.057+0000][1][gc,metaspace ] GC(59) Metaspace: 79480K->79480K(1122304K)
[2019-12-09T08:00:53.057+0000][1][gc           ] GC(59) Pause Young (Allocation Failure) 141M->73M(247M) 1.773ms
[2019-12-09T08:00:53.057+0000][1][gc,cpu       ] GC(59) User=0.00s Sys=0.00s Real=0.00s
[2019-12-09T08:00:53.057+0000][1][safepoint    ] Leaving safepoint region
[2019-12-09T08:00:53.057+0000][1][safepoint    ] Total time for which application threads were stopped: 0.0019332 seconds, Stopping threads took: 0.0000175 seconds
[2019-12-09T08:00:54.057+0000][1][safepoint    ] Application time: 1.0000861 seconds
[2019-12-09T08:00:54.057+0000][1][safepoint    ] Entering safepoint region: Cleanup
[2019-12-09T08:00:54.057+0000][1][safepoint    ] Leaving safepoint region
[2019-12-09T08:00:54.057+0000][1][safepoint    ] Total time for which application threads were stopped: 0.0000937 seconds, Stopping threads took: 0.0000199 seconds
[2019-12-09T08:00:55.057+0000][1][safepoint    ] Application time: 1.0000769 seconds
[2019-12-09T08:00:55.057+0000][1][safepoint    ] Entering safepoint region: Cleanup
[2019-12-09T08:00:55.057+0000][1][safepoint    ] Leaving safepoint region
[2019-12-09T08:00:55.057+0000][1][safepoint    ] Total time for which application threads were stopped: 0.0000909 seconds, Stopping threads took: 0.0000198 seconds
[2019-12-09T08:00:56.057+0000][1][safepoint    ] Application time: 1.0000787 seconds
[2019-12-09T08:00:56.057+0000][1][safepoint    ] Entering safepoint region: Cleanup
[2019-12-09T08:00:56.057+0000][1][safepoint    ] Leaving safepoint region
[2019-12-09T08:00:56.057+0000][1][safepoint    ] Total time for which application threads were stopped: 0.0000913 seconds, Stopping threads took: 0.0000186 seconds
[2019-12-09T08:00:57.058+0000][1][safepoint    ] Application time: 1.0000752 seconds
[2019-12-09T08:00:57.058+0000][1][safepoint    ] Entering safepoint region: Cleanup
[2019-12-09T08:00:57.058+0000][1][safepoint    ] Leaving safepoint region
[2019-12-09T08:00:57.058+0000][1][safepoint    ] Total time for which application threads were stopped: 0.0000936 seconds, Stopping threads took: 0.0000201 seconds
[2019-12-09T08:00:58.058+0000][1][safepoint    ] Application time: 1.0000895 seconds
[2019-12-09T08:00:58.058+0000][1][safepoint    ] Entering safepoint region: Cleanup
[2019-12-09T08:00:58.058+0000][1][safepoint    ] Leaving safepoint region
[2019-12-09T08:00:58.058+0000][1][safepoint    ] Total time for which application threads were stopped: 0.0001065 seconds, Stopping threads took: 0.0000271 seconds
[2019-12-09T08:00:59.058+0000][1][safepoint    ] Application time: 1.0000811 seconds
[2019-12-09T08:00:59.058+0000][1][safepoint    ] Entering safepoint region: Cleanup
[2019-12-09T08:00:59.058+0000][1][safepoint    ] Leaving safepoint region
[2019-12-09T08:00:59.058+0000][1][safepoint    ] Total time for which application threads were stopped: 0.0000922 seconds, Stopping threads took: 0.0000199 seconds
[2019-12-09T08:01:00.058+0000][1][safepoint    ] Application time: 1.0000809 seconds
[2019-12-09T08:01:00.058+0000][1][safepoint    ] Entering safepoint region: Cleanup
[2019-12-09T08:01:00.058+0000][1][safepoint    ] Leaving safepoint region
[2019-12-09T08:01:00.058+0000][1][safepoint    ] Total time for which application threads were stopped: 0.0000895 seconds, Stopping threads took: 0.0000183 seconds
[2019-12-09T08:01:01.058+0000][1][safepoint    ] Application time: 1.0000776 seconds
[2019-12-09T08:01:01.058+0000][1][safepoint    ] Entering safepoint region: Cleanup
[2019-12-09T08:01:01.059+0000][1][safepoint    ] Leaving safepoint region
[2019-12-09T08:01:01.059+0000][1][safepoint    ] Total time for which application threads were stopped: 0.0000966 seconds, Stopping threads took: 0.0000195 seconds
[2019-12-09T08:01:02.059+0000][1][safepoint    ] Application time: 1.0000773 seconds
[2019-12-09T08:01:02.059+0000][1][safepoint    ] Entering safepoint region: Cleanup
[2019-12-09T08:01:02.059+0000][1][safepoint    ] Leaving safepoint region
[2019-12-09T08:01:02.059+0000][1][safepoint    ] Total time for which application threads were stopped: 0.0000940 seconds, Stopping threads took: 0.0000215 seconds
[2019-12-09T08:01:03.059+0000][1][safepoint    ] Application time: 1.0000770 seconds
[2019-12-09T08:01:03.059+0000][1][safepoint    ] Entering safepoint region: Cleanup
[2019-12-09T08:01:03.059+0000][1][safepoint    ] Leaving safepoint region
[2019-12-09T08:01:03.059+0000][1][safepoint    ] Total time for which application threads were stopped: 0.0000929 seconds, Stopping threads took: 0.0000190 seconds
[2019-12-09T08:01:04.059+0000][1][safepoint    ] Application time: 1.0000837 seconds
[2019-12-09T08:01:04.059+0000][1][safepoint    ] Entering safepoint region: Cleanup
[2019-12-09T08:01:04.059+0000][1][safepoint    ] Leaving safepoint region
[2019-12-09T08:01:04.059+0000][1][safepoint    ] Total time for which application threads were stopped: 0.0001230 seconds, Stopping threads took: 0.0000253 seconds
[2019-12-09T08:01:05.059+0000][1][safepoint    ] Application time: 1.0000738 seconds
[2019-12-09T08:01:05.059+0000][1][safepoint    ] Entering safepoint region: Cleanup
[2019-12-09T08:01:05.059+0000][1][safepoint    ] Leaving safepoint region
[2019-12-09T08:01:05.059+0000][1][safepoint    ] Total time for which application threads were stopped: 0.0000924 seconds, Stopping threads took: 0.0000181 seconds
[2019-12-09T08:01:06.060+0000][1][safepoint    ] Application time: 1.0000774 seconds
[2019-12-09T08:01:06.060+0000][1][safepoint    ] Entering safepoint region: Cleanup
[2019-12-09T08:01:06.060+0000][1][safepoint    ] Leaving safepoint region
[2019-12-09T08:01:06.060+0000][1][safepoint    ] Total time for which application threads were stopped: 0.0001045 seconds, Stopping threads took: 0.0000193 seconds
[2019-12-09T08:01:07.060+0000][1][safepoint    ] Application time: 1.0000761 seconds
[2019-12-09T08:01:07.060+0000][1][safepoint    ] Entering safepoint region: Cleanup
[2019-12-09T08:01:07.060+0000][1][safepoint    ] Leaving safepoint region
[2019-12-09T08:01:07.060+0000][1][safepoint    ] Total time for which application threads were stopped: 0.0000897 seconds, Stopping threads took: 0.0000180 seconds
[2019-12-09T08:01:08.060+0000][1][safepoint    ] Application time: 1.0000758 seconds
[2019-12-09T08:01:08.060+0000][1][safepoint    ] Entering safepoint region: Cleanup
[2019-12-09T08:01:08.060+0000][1][safepoint    ] Leaving safepoint region
[2019-12-09T08:01:08.060+0000][1][safepoint    ] Total time for which application threads were stopped: 0.0000994 seconds, Stopping threads took: 0.0000200 seconds
[2019-12-09T08:01:09.060+0000][1][safepoint    ] Application time: 1.0000757 seconds
[2019-12-09T08:01:09.060+0000][1][safepoint    ] Entering safepoint region: Cleanup
[2019-12-09T08:01:09.060+0000][1][safepoint    ] Leaving safepoint region
[2019-12-09T08:01:09.060+0000][1][safepoint    ] Total time for which application threads were stopped: 0.0000910 seconds, Stopping threads took: 0.0000191 seconds
[2019-12-09T08:01:10.060+0000][1][safepoint    ] Application time: 1.0000775 seconds
[2019-12-09T08:01:10.060+0000][1][safepoint    ] Entering safepoint region: Cleanup
[2019-12-09T08:01:10.061+0000][1][safepoint    ] Leaving safepoint region
[2019-12-09T08:01:10.061+0000][1][safepoint    ] Total time for which application threads were stopped: 0.0000916 seconds, Stopping threads took: 0.0000194 seconds
[2019-12-09T08:01:11.061+0000][1][safepoint    ] Application time: 1.0000767 seconds
[2019-12-09T08:01:11.061+0000][1][safepoint    ] Entering safepoint region: Cleanup
[2019-12-09T08:01:11.061+0000][1][safepoint    ] Leaving safepoint region
[2019-12-09T08:01:11.061+0000][1][safepoint    ] Total time for which application threads were stopped: 0.0001011 seconds, Stopping threads took: 0.0000270 seconds
[2019-12-09T08:01:12.061+0000][1][safepoint    ] Application time: 1.0000784 seconds
[2019-12-09T08:01:12.061+0000][1][safepoint    ] Entering safepoint region: Cleanup
[2019-12-09T08:01:12.061+0000][1][safepoint    ] Leaving safepoint region
[2019-12-09T08:01:12.061+0000][1][safepoint    ] Total time for which application threads were stopped: 0.0000953 seconds, Stopping threads took: 0.0000195 seconds
[2019-12-09T08:01:13.061+0000][1][safepoint    ] Application time: 1.0000789 seconds
[2019-12-09T08:01:13.061+0000][1][safepoint    ] Entering safepoint region: Cleanup
[2019-12-09T08:01:13.061+0000][1][safepoint    ] Leaving safepoint region
[2019-12-09T08:01:13.061+0000][1][safepoint    ] Total time for which application threads were stopped: 0.0000944 seconds, Stopping threads took: 0.0000193 seconds
[2019-12-09T08:01:14.061+0000][1][safepoint    ] Application time: 1.0000791 seconds
[2019-12-09T08:01:14.061+0000][1][safepoint    ] Entering safepoint region: Cleanup
[2019-12-09T08:01:14.061+0000][1][safepoint    ] Leaving safepoint region
[2019-12-09T08:01:14.061+0000][1][safepoint    ] Total time for which application threads were stopped: 0.0000960 seconds, Stopping threads took: 0.0000208 seconds
[2019-12-09T08:01:15.062+0000][1][safepoint    ] Application time: 1.0000792 seconds
[2019-12-09T08:01:15.062+0000][1][safepoint    ] Entering safepoint region: Cleanup
[2019-12-09T08:01:15.062+0000][1][safepoint    ] Leaving safepoint region
[2019-12-09T08:01:15.062+0000][1][safepoint    ] Total time for which application threads were stopped: 0.0000901 seconds, Stopping threads took: 0.0000190 seconds
[2019-12-09T08:01:16.062+0000][1][safepoint    ] Application time: 1.0000756 seconds
[2019-12-09T08:01:16.062+0000][1][safepoint    ] Entering safepoint region: Cleanup
[2019-12-09T08:01:16.062+0000][1][safepoint    ] Leaving safepoint region
[2019-12-09T08:01:16.062+0000][1][safepoint    ] Total time for which application threads were stopped: 0.0000880 seconds, Stopping threads took: 0.0000179 seconds
[2019-12-09T08:01:17.062+0000][1][safepoint    ] Application time: 1.0000756 seconds
[2019-12-09T08:01:17.062+0000][1][safepoint    ] Entering safepoint region: Cleanup
[2019-12-09T08:01:17.062+0000][1][safepoint    ] Leaving safepoint region
[2019-12-09T08:01:17.062+0000][1][safepoint    ] Total time for which application threads were stopped: 0.0000932 seconds, Stopping threads took: 0.0000199 seconds
[2019-12-09T08:01:18.062+0000][1][safepoint    ] Application time: 1.0000810 seconds
[2019-12-09T08:01:18.062+0000][1][safepoint    ] Entering safepoint region: Cleanup
[2019-12-09T08:01:18.062+0000][1][safepoint    ] Leaving safepoint region
[2019-12-09T08:01:18.062+0000][1][safepoint    ] Total time for which application threads were stopped: 0.0000996 seconds, Stopping threads took: 0.0000187 seconds
[2019-12-09T08:01:19.062+0000][1][safepoint    ] Application time: 1.0000750 seconds
[2019-12-09T08:01:19.062+0000][1][safepoint    ] Entering safepoint region: Cleanup
[2019-12-09T08:01:19.062+0000][1][safepoint    ] Leaving safepoint region
[2019-12-09T08:01:19.063+0000][1][safepoint    ] Total time for which application threads were stopped: 0.0000907 seconds, Stopping threads took: 0.0000201 seconds
[2019-12-09T08:01:20.063+0000][1][safepoint    ] Application time: 1.0000728 seconds
[2019-12-09T08:01:20.063+0000][1][safepoint    ] Entering safepoint region: Cleanup
[2019-12-09T08:01:20.063+0000][1][safepoint    ] Leaving safepoint region
[2019-12-09T08:01:20.063+0000][1][safepoint    ] Total time for which application threads were stopped: 0.0001042 seconds, Stopping threads took: 0.0000188 seconds
[2019-12-09T08:01:21.063+0000][1][safepoint    ] Application time: 1.0000458 seconds
[2019-12-09T08:01:21.063+0000][1][safepoint    ] Entering safepoint region: Cleanup
[2019-12-09T08:01:21.063+0000][1][safepoint    ] Leaving safepoint region
[2019-12-09T08:01:21.063+0000][1][safepoint    ] Total time for which application threads were stopped: 0.0000935 seconds, Stopping threads took: 0.0000192 seconds
[2019-12-09T08:01:22.063+0000][1][safepoint    ] Application time: 1.0000753 seconds
[2019-12-09T08:01:22.063+0000][1][safepoint    ] Entering safepoint region: Cleanup
[2019-12-09T08:01:22.063+0000][1][safepoint    ] Leaving safepoint region
[2019-12-09T08:01:22.063+0000][1][safepoint    ] Total time for which application threads were stopped: 0.0000924 seconds, Stopping threads took: 0.0000199 seconds
[2019-12-09T08:01:23.063+0000][1][safepoint    ] Application time: 1.0000745 seconds
[2019-12-09T08:01:23.063+0000][1][safepoint    ] Entering safepoint region: Cleanup
[2019-12-09T08:01:23.063+0000][1][safepoint    ] Leaving safepoint region
[2019-12-09T08:01:23.063+0000][1][safepoint    ] Total time for which application threads were stopped: 0.0000949 seconds, Stopping threads took: 0.0000189 seconds
[2019-12-09T08:01:24.063+0000][1][safepoint    ] Application time: 1.0000821 seconds
[2019-12-09T08:01:24.063+0000][1][safepoint    ] Entering safepoint region: Cleanup
[2019-12-09T08:01:24.064+0000][1][safepoint    ] Leaving safepoint region
[2019-12-09T08:01:24.064+0000][1][safepoint    ] Total time for which application threads were stopped: 0.0001054 seconds, Stopping threads took: 0.0000202 seconds
[2019-12-09T08:01:25.064+0000][1][safepoint    ] Application time: 1.0000798 seconds
[2019-12-09T08:01:25.064+0000][1][safepoint    ] Entering safepoint region: Cleanup
[2019-12-09T08:01:25.064+0000][1][safepoint    ] Leaving safepoint region
[2019-12-09T08:01:25.064+0000][1][safepoint    ] Total time for which application threads were stopped: 0.0000923 seconds, Stopping threads took: 0.0000197 seconds
[2019-12-09T08:01:26.064+0000][1][safepoint    ] Application time: 1.0000780 seconds
[2019-12-09T08:01:26.064+0000][1][safepoint    ] Entering safepoint region: Cleanup
[2019-12-09T08:01:26.064+0000][1][safepoint    ] Leaving safepoint region
[2019-12-09T08:01:26.064+0000][1][safepoint    ] Total time for which application threads were stopped: 0.0000908 seconds, Stopping threads took: 0.0000190 seconds
[2019-12-09T08:01:27.064+0000][1][safepoint    ] Application time: 1.0000948 seconds
[2019-12-09T08:01:27.064+0000][1][safepoint    ] Entering safepoint region: Cleanup
[2019-12-09T08:01:27.064+0000][1][safepoint    ] Leaving safepoint region
[2019-12-09T08:01:27.064+0000][1][safepoint    ] Total time for which application threads were stopped: 0.0001293 seconds, Stopping threads took: 0.0000285 seconds
[2019-12-09T08:01:28.064+0000][1][safepoint    ] Application time: 1.0000787 seconds
[2019-12-09T08:01:28.064+0000][1][safepoint    ] Entering safepoint region: Cleanup
[2019-12-09T08:01:28.065+0000][1][safepoint    ] Leaving safepoint region
[2019-12-09T08:01:28.065+0000][1][safepoint    ] Total time for which application threads were stopped: 0.0001002 seconds, Stopping threads took: 0.0000196 seconds
[2019-12-09T08:01:29.065+0000][1][safepoint    ] Application time: 1.0000777 seconds
[2019-12-09T08:01:29.065+0000][1][safepoint    ] Entering safepoint region: Cleanup
[2019-12-09T08:01:29.065+0000][1][safepoint    ] Leaving safepoint region
[2019-12-09T08:01:29.065+0000][1][safepoint    ] Total time for which application threads were stopped: 0.0000997 seconds, Stopping threads took: 0.0000199 seconds
[2019-12-09T08:01:30.065+0000][1][safepoint    ] Application time: 1.0000771 seconds
[2019-12-09T08:01:30.065+0000][1][safepoint    ] Entering safepoint region: Cleanup
[2019-12-09T08:01:30.065+0000][1][safepoint    ] Leaving safepoint region
[2019-12-09T08:01:30.065+0000][1][safepoint    ] Total time for which application threads were stopped: 0.0000877 seconds, Stopping threads took: 0.0000180 seconds
[2019-12-09T08:01:31.065+0000][1][safepoint    ] Application time: 1.0000770 seconds
[2019-12-09T08:01:31.065+0000][1][safepoint    ] Entering safepoint region: Cleanup
[2019-12-09T08:01:31.065+0000][1][safepoint    ] Leaving safepoint region
[2019-12-09T08:01:31.065+0000][1][safepoint    ] Total time for which application threads were stopped: 0.0000969 seconds, Stopping threads took: 0.0000191 seconds
[2019-12-09T08:01:32.065+0000][1][safepoint    ] Application time: 1.0000770 seconds
[2019-12-09T08:01:32.065+0000][1][safepoint    ] Entering safepoint region: Cleanup
[2019-12-09T08:01:32.065+0000][1][safepoint    ] Leaving safepoint region
[2019-12-09T08:01:32.065+0000][1][safepoint    ] Total time for which application threads were stopped: 0.0000929 seconds, Stopping threads took: 0.0000205 seconds
[2019-12-09T08:01:33.065+0000][1][safepoint    ] Application time: 1.0000764 seconds
[2019-12-09T08:01:33.066+0000][1][safepoint    ] Entering safepoint region: Cleanup
[2019-12-09T08:01:33.066+0000][1][safepoint    ] Leaving safepoint region
[2019-12-09T08:01:33.066+0000][1][safepoint    ] Total time for which application threads were stopped: 0.0000914 seconds, Stopping threads took: 0.0000204 seconds
[2019-12-09T08:01:34.066+0000][1][safepoint    ] Application time: 1.0000858 seconds
[2019-12-09T08:01:34.066+0000][1][safepoint    ] Entering safepoint region: Cleanup
[2019-12-09T08:01:34.066+0000][1][safepoint    ] Leaving safepoint region
[2019-12-09T08:01:34.066+0000][1][safepoint    ] Total time for which application threads were stopped: 0.0000963 seconds, Stopping threads took: 0.0000213 seconds
[2019-12-09T08:01:35.066+0000][1][safepoint    ] Application time: 1.0000838 seconds
[2019-12-09T08:01:35.066+0000][1][safepoint    ] Entering safepoint region: Cleanup
[2019-12-09T08:01:35.066+0000][1][safepoint    ] Leaving safepoint region
[2019-12-09T08:01:35.066+0000][1][safepoint    ] Total time for which application threads were stopped: 0.0000886 seconds, Stopping threads took: 0.0000179 seconds
[2019-12-09T08:01:36.066+0000][1][safepoint    ] Application time: 1.0000775 seconds
[2019-12-09T08:01:36.066+0000][1][safepoint    ] Entering safepoint region: Cleanup
[2019-12-09T08:01:36.066+0000][1][safepoint    ] Leaving safepoint region
[2019-12-09T08:01:36.066+0000][1][safepoint    ] Total time for which application threads were stopped: 0.0000962 seconds, Stopping threads took: 0.0000209 seconds
[2019-12-09T08:01:37.066+0000][1][safepoint    ] Application time: 1.0000760 seconds
[2019-12-09T08:01:37.066+0000][1][safepoint    ] Entering safepoint region: Cleanup
[2019-12-09T08:01:37.066+0000][1][safepoint    ] Leaving safepoint region
[2019-12-09T08:01:37.066+0000][1][safepoint    ] Total time for which application threads were stopped: 0.0000979 seconds, Stopping threads took: 0.0000203 seconds
[2019-12-09T08:01:38.067+0000][1][safepoint    ] Application time: 1.0000786 seconds
[2019-12-09T08:01:38.067+0000][1][safepoint    ] Entering safepoint region: Cleanup
[2019-12-09T08:01:38.067+0000][1][safepoint    ] Leaving safepoint region
[2019-12-09T08:01:38.067+0000][1][safepoint    ] Total time for which application threads were stopped: 0.0001139 seconds, Stopping threads took: 0.0000198 seconds
[2019-12-09T08:01:39.067+0000][1][safepoint    ] Application time: 1.0000771 seconds
[2019-12-09T08:01:39.067+0000][1][safepoint    ] Entering safepoint region: Cleanup
[2019-12-09T08:01:39.067+0000][1][safepoint    ] Leaving safepoint region
[2019-12-09T08:01:39.067+0000][1][safepoint    ] Total time for which application threads were stopped: 0.0000907 seconds, Stopping threads took: 0.0000191 seconds
[2019-12-09T08:01:40.067+0000][1][safepoint    ] Application time: 1.0000779 seconds
[2019-12-09T08:01:40.067+0000][1][safepoint    ] Entering safepoint region: Cleanup
[2019-12-09T08:01:40.067+0000][1][safepoint    ] Leaving safepoint region
[2019-12-09T08:01:40.067+0000][1][safepoint    ] Total time for which application threads were stopped: 0.0001020 seconds, Stopping threads took: 0.0000191 seconds
[2019-12-09T08:01:41.067+0000][1][safepoint    ] Application time: 1.0000771 seconds
[2019-12-09T08:01:41.067+0000][1][safepoint    ] Entering safepoint region: Cleanup
[2019-12-09T08:01:41.067+0000][1][safepoint    ] Leaving safepoint region
[2019-12-09T08:01:41.067+0000][1][safepoint    ] Total time for which application threads were stopped: 0.0000919 seconds, Stopping threads took: 0.0000194 seconds
[2019-12-09T08:01:42.067+0000][1][safepoint    ] Application time: 1.0000786 seconds
[2019-12-09T08:01:42.068+0000][1][safepoint    ] Entering safepoint region: Cleanup
[2019-12-09T08:01:42.068+0000][1][safepoint    ] Leaving safepoint region
[2019-12-09T08:01:42.068+0000][1][safepoint    ] Total time for which application threads were stopped: 0.0000930 seconds, Stopping threads took: 0.0000206 seconds
[2019-12-09T08:01:43.068+0000][1][safepoint    ] Application time: 1.0000748 seconds
[2019-12-09T08:01:43.068+0000][1][safepoint    ] Entering safepoint region: Cleanup
[2019-12-09T08:01:43.068+0000][1][safepoint    ] Leaving safepoint region
[2019-12-09T08:01:43.068+0000][1][safepoint    ] Total time for which application threads were stopped: 0.0000921 seconds, Stopping threads took: 0.0000191 seconds
[2019-12-09T08:01:44.068+0000][1][safepoint    ] Application time: 1.0000749 seconds
[2019-12-09T08:01:44.068+0000][1][safepoint    ] Entering safepoint region: Cleanup
[2019-12-09T08:01:44.068+0000][1][safepoint    ] Leaving safepoint region
[2019-12-09T08:01:44.068+0000][1][safepoint    ] Total time for which application threads were stopped: 0.0000913 seconds, Stopping threads took: 0.0000193 seconds
[2019-12-09T08:01:45.068+0000][1][safepoint    ] Application time: 1.0000776 seconds
[2019-12-09T08:01:45.068+0000][1][safepoint    ] Entering safepoint region: Cleanup
[2019-12-09T08:01:45.068+0000][1][safepoint    ] Leaving safepoint region
[2019-12-09T08:01:45.068+0000][1][safepoint    ] Total time for which application threads were stopped: 0.0001001 seconds, Stopping threads took: 0.0000273 seconds
[2019-12-09T08:01:46.068+0000][1][safepoint    ] Application time: 1.0000598 seconds
[2019-12-09T08:01:46.068+0000][1][safepoint    ] Entering safepoint region: Cleanup
[2019-12-09T08:01:46.068+0000][1][safepoint    ] Leaving safepoint region
[2019-12-09T08:01:46.068+0000][1][safepoint    ] Total time for which application threads were stopped: 0.0000944 seconds, Stopping threads took: 0.0000194 seconds
[2019-12-09T08:01:47.069+0000][1][safepoint    ] Application time: 1.0000757 seconds
[2019-12-09T08:01:47.069+0000][1][safepoint    ] Entering safepoint region: Cleanup
[2019-12-09T08:01:47.069+0000][1][safepoint    ] Leaving safepoint region
[2019-12-09T08:01:47.069+0000][1][safepoint    ] Total time for which application threads were stopped: 0.0000872 seconds, Stopping threads took: 0.0000180 seconds
[2019-12-09T08:01:48.069+0000][1][safepoint    ] Application time: 1.0000774 seconds
[2019-12-09T08:01:48.069+0000][1][safepoint    ] Entering safepoint region: Cleanup
[2019-12-09T08:01:48.069+0000][1][safepoint    ] Leaving safepoint region
[2019-12-09T08:01:48.069+0000][1][safepoint    ] Total time for which application threads were stopped: 0.0000876 seconds, Stopping threads took: 0.0000173 seconds
[2019-12-09T08:01:49.069+0000][1][safepoint    ] Application time: 1.0000756 seconds
[2019-12-09T08:01:49.069+0000][1][safepoint    ] Entering safepoint region: Cleanup
[2019-12-09T08:01:49.069+0000][1][safepoint    ] Leaving safepoint region
[2019-12-09T08:01:49.069+0000][1][safepoint    ] Total time for which application threads were stopped: 0.0000925 seconds, Stopping threads took: 0.0000197 seconds
[2019-12-09T08:01:50.069+0000][1][safepoint    ] Application time: 1.0000764 seconds
[2019-12-09T08:01:50.069+0000][1][safepoint    ] Entering safepoint region: Cleanup
[2019-12-09T08:01:50.069+0000][1][safepoint    ] Leaving safepoint region
[2019-12-09T08:01:50.069+0000][1][safepoint    ] Total time for which application threads were stopped: 0.0000876 seconds, Stopping threads took: 0.0000183 seconds
[2019-12-09T08:01:51.069+0000][1][safepoint    ] Application time: 1.0000755 seconds
[2019-12-09T08:01:51.069+0000][1][safepoint    ] Entering safepoint region: Cleanup
[2019-12-09T08:01:51.069+0000][1][safepoint    ] Leaving safepoint region
[2019-12-09T08:01:51.069+0000][1][safepoint    ] Total time for which application threads were stopped: 0.0000923 seconds, Stopping threads took: 0.0000195 seconds
[2019-12-09T08:01:52.070+0000][1][safepoint    ] Application time: 1.0000753 seconds
[2019-12-09T08:01:52.070+0000][1][safepoint    ] Entering safepoint region: Cleanup
[2019-12-09T08:01:52.070+0000][1][safepoint    ] Leaving safepoint region
[2019-12-09T08:01:52.070+0000][1][safepoint    ] Total time for which application threads were stopped: 0.0000882 seconds, Stopping threads took: 0.0000182 seconds
[2019-12-09T08:01:53.070+0000][1][safepoint    ] Application time: 1.0000737 seconds
[2019-12-09T08:01:53.070+0000][1][safepoint    ] Entering safepoint region: Cleanup
[2019-12-09T08:01:53.070+0000][1][safepoint    ] Leaving safepoint region
[2019-12-09T08:01:53.070+0000][1][safepoint    ] Total time for which application threads were stopped: 0.0000869 seconds, Stopping threads took: 0.0000182 seconds
[2019-12-09T08:01:54.070+0000][1][safepoint    ] Application time: 1.0000740 seconds
[2019-12-09T08:01:54.070+0000][1][safepoint    ] Entering safepoint region: Cleanup
[2019-12-09T08:01:54.070+0000][1][safepoint    ] Leaving safepoint region
[2019-12-09T08:01:54.070+0000][1][safepoint    ] Total time for which application threads were stopped: 0.0000886 seconds, Stopping threads took: 0.0000188 seconds
[2019-12-09T08:01:55.070+0000][1][safepoint    ] Application time: 1.0000741 seconds
[2019-12-09T08:01:55.070+0000][1][safepoint    ] Entering safepoint region: Cleanup
[2019-12-09T08:01:55.070+0000][1][safepoint    ] Leaving safepoint region
[2019-12-09T08:01:55.070+0000][1][safepoint    ] Total time for which application threads were stopped: 0.0000858 seconds, Stopping threads took: 0.0000172 seconds
[2019-12-09T08:01:56.070+0000][1][safepoint    ] Application time: 1.0000748 seconds
[2019-12-09T08:01:56.070+0000][1][safepoint    ] Entering safepoint region: Cleanup
[2019-12-09T08:01:56.070+0000][1][safepoint    ] Leaving safepoint region
[2019-12-09T08:01:56.070+0000][1][safepoint    ] Total time for which application threads were stopped: 0.0000862 seconds, Stopping threads took: 0.0000186 seconds
[2019-12-09T08:01:57.070+0000][1][safepoint    ] Application time: 1.0000741 seconds
[2019-12-09T08:01:57.071+0000][1][safepoint    ] Entering safepoint region: Cleanup
[2019-12-09T08:01:57.071+0000][1][safepoint    ] Leaving safepoint region
[2019-12-09T08:01:57.071+0000][1][safepoint    ] Total time for which application threads were stopped: 0.0000882 seconds, Stopping threads took: 0.0000170 seconds
[2019-12-09T08:01:58.071+0000][1][safepoint    ] Application time: 1.0000846 seconds
[2019-12-09T08:01:58.071+0000][1][safepoint    ] Entering safepoint region: Cleanup
[2019-12-09T08:01:58.071+0000][1][safepoint    ] Leaving safepoint region
[2019-12-09T08:01:58.071+0000][1][safepoint    ] Total time for which application threads were stopped: 0.0000880 seconds, Stopping threads took: 0.0000184 seconds
[2019-12-09T08:01:59.071+0000][1][safepoint    ] Application time: 1.0000731 seconds
[2019-12-09T08:01:59.071+0000][1][safepoint    ] Entering safepoint region: Cleanup
[2019-12-09T08:01:59.071+0000][1][safepoint    ] Leaving safepoint region
[2019-12-09T08:01:59.071+0000][1][safepoint    ] Total time for which application threads were stopped: 0.0000850 seconds, Stopping threads took: 0.0000185 seconds
[2019-12-09T08:02:00.071+0000][1][safepoint    ] Application time: 1.0000786 seconds
[2019-12-09T08:02:00.071+0000][1][safepoint    ] Entering safepoint region: Cleanup
[2019-12-09T08:02:00.071+0000][1][safepoint    ] Leaving safepoint region
[2019-12-09T08:02:00.071+0000][1][safepoint    ] Total time for which application threads were stopped: 0.0000887 seconds, Stopping threads took: 0.0000180 seconds
[2019-12-09T08:02:01.071+0000][1][safepoint    ] Application time: 1.0000759 seconds
[2019-12-09T08:02:01.071+0000][1][safepoint    ] Entering safepoint region: Cleanup
[2019-12-09T08:02:01.071+0000][1][safepoint    ] Leaving safepoint region
[2019-12-09T08:02:01.071+0000][1][safepoint    ] Total time for which application threads were stopped: 0.0000931 seconds, Stopping threads took: 0.0000188 seconds
[2019-12-09T08:02:02.072+0000][1][safepoint    ] Application time: 1.0000797 seconds
[2019-12-09T08:02:02.072+0000][1][safepoint    ] Entering safepoint region: Cleanup
[2019-12-09T08:02:02.072+0000][1][safepoint    ] Leaving safepoint region
[2019-12-09T08:02:02.072+0000][1][safepoint    ] Total time for which application threads were stopped: 0.0001151 seconds, Stopping threads took: 0.0000184 seconds
[2019-12-09T08:02:03.072+0000][1][safepoint    ] Application time: 1.0001001 seconds
[2019-12-09T08:02:03.072+0000][1][safepoint    ] Entering safepoint region: Cleanup
[2019-12-09T08:02:03.072+0000][1][safepoint    ] Leaving safepoint region
[2019-12-09T08:02:03.072+0000][1][safepoint    ] Total time for which application threads were stopped: 0.0000918 seconds, Stopping threads took: 0.0000197 seconds
[2019-12-09T08:02:04.072+0000][1][safepoint    ] Application time: 1.0000785 seconds
[2019-12-09T08:02:04.072+0000][1][safepoint    ] Entering safepoint region: Cleanup
[2019-12-09T08:02:04.072+0000][1][safepoint    ] Leaving safepoint region
[2019-12-09T08:02:04.072+0000][1][safepoint    ] Total time for which application threads were stopped: 0.0000898 seconds, Stopping threads took: 0.0000176 seconds
[2019-12-09T08:02:05.072+0000][1][safepoint    ] Application time: 1.0000774 seconds
[2019-12-09T08:02:05.072+0000][1][safepoint    ] Entering safepoint region: Cleanup
[2019-12-09T08:02:05.072+0000][1][safepoint    ] Leaving safepoint region
[2019-12-09T08:02:05.072+0000][1][safepoint    ] Total time for which application threads were stopped: 0.0000870 seconds, Stopping threads took: 0.0000176 seconds
[2019-12-09T08:02:06.072+0000][1][safepoint    ] Application time: 1.0000767 seconds
[2019-12-09T08:02:06.072+0000][1][safepoint    ] Entering safepoint region: Cleanup
[2019-12-09T08:02:06.073+0000][1][safepoint    ] Leaving safepoint region
[2019-12-09T08:02:06.073+0000][1][safepoint    ] Total time for which application threads were stopped: 0.0000882 seconds, Stopping threads took: 0.0000183 seconds
[2019-12-09T08:02:07.073+0000][1][safepoint    ] Application time: 1.0000791 seconds
[2019-12-09T08:02:07.073+0000][1][safepoint    ] Entering safepoint region: Cleanup
[2019-12-09T08:02:07.073+0000][1][safepoint    ] Leaving safepoint region
[2019-12-09T08:02:07.073+0000][1][safepoint    ] Total time for which application threads were stopped: 0.0001115 seconds, Stopping threads took: 0.0000189 seconds
[2019-12-09T08:02:08.073+0000][1][safepoint    ] Application time: 1.0000779 seconds
[2019-12-09T08:02:08.073+0000][1][safepoint    ] Entering safepoint region: Cleanup
[2019-12-09T08:02:08.073+0000][1][safepoint    ] Leaving safepoint region
[2019-12-09T08:02:08.073+0000][1][safepoint    ] Total time for which application threads were stopped: 0.0000906 seconds, Stopping threads took: 0.0000182 seconds
[2019-12-09T08:02:09.073+0000][1][safepoint    ] Application time: 1.0000766 seconds
[2019-12-09T08:02:09.073+0000][1][safepoint    ] Entering safepoint region: Cleanup
[2019-12-09T08:02:09.073+0000][1][safepoint    ] Leaving safepoint region
[2019-12-09T08:02:09.073+0000][1][safepoint    ] Total time for which application threads were stopped: 0.0000924 seconds, Stopping threads took: 0.0000192 seconds
[2019-12-09T08:02:10.073+0000][1][safepoint    ] Application time: 1.0000764 seconds
[2019-12-09T08:02:10.073+0000][1][safepoint    ] Entering safepoint region: Cleanup
[2019-12-09T08:02:10.073+0000][1][safepoint    ] Leaving safepoint region
[2019-12-09T08:02:10.073+0000][1][safepoint    ] Total time for which application threads were stopped: 0.0000890 seconds, Stopping threads took: 0.0000189 seconds
[2019-12-09T08:02:11.073+0000][1][safepoint    ] Application time: 1.0000752 seconds
[2019-12-09T08:02:11.074+0000][1][safepoint    ] Entering safepoint region: Cleanup
[2019-12-09T08:02:11.074+0000][1][safepoint    ] Leaving safepoint region
[2019-12-09T08:02:11.074+0000][1][safepoint    ] Total time for which application threads were stopped: 0.0000940 seconds, Stopping threads took: 0.0000199 seconds
[2019-12-09T08:02:12.074+0000][1][safepoint    ] Application time: 1.0000771 seconds
[2019-12-09T08:02:12.074+0000][1][safepoint    ] Entering safepoint region: Cleanup
[2019-12-09T08:02:12.074+0000][1][safepoint    ] Leaving safepoint region
[2019-12-09T08:02:12.074+0000][1][safepoint    ] Total time for which application threads were stopped: 0.0000920 seconds, Stopping threads took: 0.0000194 seconds
[2019-12-09T08:02:13.074+0000][1][safepoint    ] Application time: 1.0000766 seconds
[2019-12-09T08:02:13.074+0000][1][safepoint    ] Entering safepoint region: Cleanup
[2019-12-09T08:02:13.074+0000][1][safepoint    ] Leaving safepoint region
[2019-12-09T08:02:13.074+0000][1][safepoint    ] Total time for which application threads were stopped: 0.0000901 seconds, Stopping threads took: 0.0000184 seconds
[2019-12-09T08:02:14.074+0000][1][safepoint    ] Application time: 1.0000781 seconds
[2019-12-09T08:02:14.074+0000][1][safepoint    ] Entering safepoint region: Cleanup
[2019-12-09T08:02:14.074+0000][1][safepoint    ] Leaving safepoint region
[2019-12-09T08:02:14.074+0000][1][safepoint    ] Total time for which application threads were stopped: 0.0000921 seconds, Stopping threads took: 0.0000189 seconds
[2019-12-09T08:02:15.074+0000][1][safepoint    ] Application time: 1.0000762 seconds
[2019-12-09T08:02:15.074+0000][1][safepoint    ] Entering safepoint region: Cleanup
[2019-12-09T08:02:15.074+0000][1][safepoint    ] Leaving safepoint region
[2019-12-09T08:02:15.074+0000][1][safepoint    ] Total time for which application threads were stopped: 0.0001090 seconds, Stopping threads took: 0.0000273 seconds
[2019-12-09T08:02:16.075+0000][1][safepoint    ] Application time: 1.0000792 seconds
[2019-12-09T08:02:16.075+0000][1][safepoint    ] Entering safepoint region: Cleanup
[2019-12-09T08:02:16.075+0000][1][safepoint    ] Leaving safepoint region
[2019-12-09T08:02:16.075+0000][1][safepoint    ] Total time for which application threads were stopped: 0.0001046 seconds, Stopping threads took: 0.0000185 seconds
[2019-12-09T08:02:17.075+0000][1][safepoint    ] Application time: 1.0000758 seconds
[2019-12-09T08:02:17.075+0000][1][safepoint    ] Entering safepoint region: Cleanup
[2019-12-09T08:02:17.075+0000][1][safepoint    ] Leaving safepoint region
[2019-12-09T08:02:17.075+0000][1][safepoint    ] Total time for which application threads were stopped: 0.0000935 seconds, Stopping threads took: 0.0000201 seconds
[2019-12-09T08:02:18.075+0000][1][safepoint    ] Application time: 1.0000793 seconds
[2019-12-09T08:02:18.075+0000][1][safepoint    ] Entering safepoint region: Cleanup
[2019-12-09T08:02:18.075+0000][1][safepoint    ] Leaving safepoint region
[2019-12-09T08:02:18.075+0000][1][safepoint    ] Total time for which application threads were stopped: 0.0000899 seconds, Stopping threads took: 0.0000181 seconds
[2019-12-09T08:02:19.075+0000][1][safepoint    ] Application time: 1.0000749 seconds
[2019-12-09T08:02:19.075+0000][1][safepoint    ] Entering safepoint region: Cleanup
[2019-12-09T08:02:19.075+0000][1][safepoint    ] Leaving safepoint region
[2019-12-09T08:02:19.075+0000][1][safepoint    ] Total time for which application threads were stopped: 0.0000912 seconds, Stopping threads took: 0.0000204 seconds
[2019-12-09T08:02:20.075+0000][1][safepoint    ] Application time: 1.0000747 seconds
[2019-12-09T08:02:20.075+0000][1][safepoint    ] Entering safepoint region: Cleanup
[2019-12-09T08:02:20.076+0000][1][safepoint    ] Leaving safepoint region
[2019-12-09T08:02:20.076+0000][1][safepoint    ] Total time for which application threads were stopped: 0.0000904 seconds, Stopping threads took: 0.0000177 seconds
[2019-12-09T08:02:21.733+0000][1][safepoint    ] Application time: 1.6572989 seconds
[2019-12-09T08:02:21.733+0000][1][safepoint    ] Entering safepoint region: Cleanup
[2019-12-09T08:02:21.733+0000][1][safepoint    ] Leaving safepoint region
[2019-12-09T08:02:21.733+0000][1][safepoint    ] Total time for which application threads were stopped: 0.0000960 seconds, Stopping threads took: 0.0000194 seconds
[2019-12-09T08:02:22.733+0000][1][safepoint    ] Application time: 1.0000763 seconds
[2019-12-09T08:02:22.733+0000][1][safepoint    ] Entering safepoint region: Cleanup
[2019-12-09T08:02:22.733+0000][1][safepoint    ] Leaving safepoint region
[2019-12-09T08:02:22.733+0000][1][safepoint    ] Total time for which application threads were stopped: 0.0000947 seconds, Stopping threads took: 0.0000213 seconds
[2019-12-09T08:02:23.733+0000][1][safepoint    ] Application time: 1.0000775 seconds
[2019-12-09T08:02:23.733+0000][1][safepoint    ] Entering safepoint region: Cleanup
[2019-12-09T08:02:23.733+0000][1][safepoint    ] Leaving safepoint region
[2019-12-09T08:02:23.733+0000][1][safepoint    ] Total time for which application threads were stopped: 0.0000949 seconds, Stopping threads took: 0.0000206 seconds
[2019-12-09T08:02:24.734+0000][1][safepoint    ] Application time: 1.0000755 seconds
[2019-12-09T08:02:24.734+0000][1][safepoint    ] Entering safepoint region: Cleanup
[2019-12-09T08:02:24.734+0000][1][safepoint    ] Leaving safepoint region
[2019-12-09T08:02:24.734+0000][1][safepoint    ] Total time for which application threads were stopped: 0.0000983 seconds, Stopping threads took: 0.0000199 seconds
[2019-12-09T08:02:25.734+0000][1][safepoint    ] Application time: 1.0000740 seconds
[2019-12-09T08:02:25.734+0000][1][safepoint    ] Entering safepoint region: Cleanup
[2019-12-09T08:02:25.734+0000][1][safepoint    ] Leaving safepoint region
[2019-12-09T08:02:25.734+0000][1][safepoint    ] Total time for which application threads were stopped: 0.0000966 seconds, Stopping threads took: 0.0000210 seconds
[2019-12-09T08:02:26.734+0000][1][safepoint    ] Application time: 1.0000769 seconds
[2019-12-09T08:02:26.734+0000][1][safepoint    ] Entering safepoint region: Cleanup
[2019-12-09T08:02:26.734+0000][1][safepoint    ] Leaving safepoint region
[2019-12-09T08:02:26.734+0000][1][safepoint    ] Total time for which application threads were stopped: 0.0000931 seconds, Stopping threads took: 0.0000194 seconds
[2019-12-09T08:02:27.734+0000][1][safepoint    ] Application time: 1.0000764 seconds
[2019-12-09T08:02:27.734+0000][1][safepoint    ] Entering safepoint region: Cleanup
[2019-12-09T08:02:27.734+0000][1][safepoint    ] Leaving safepoint region
[2019-12-09T08:02:27.734+0000][1][safepoint    ] Total time for which application threads were stopped: 0.0000913 seconds, Stopping threads took: 0.0000197 seconds
[2019-12-09T08:02:28.734+0000][1][safepoint    ] Application time: 1.0000795 seconds
[2019-12-09T08:02:28.734+0000][1][safepoint    ] Entering safepoint region: Cleanup
[2019-12-09T08:02:28.735+0000][1][safepoint    ] Leaving safepoint region
[2019-12-09T08:02:28.735+0000][1][safepoint    ] Total time for which application threads were stopped: 0.0000954 seconds, Stopping threads took: 0.0000201 seconds
[2019-12-09T08:02:29.735+0000][1][safepoint    ] Application time: 1.0000761 seconds
[2019-12-09T08:02:29.735+0000][1][safepoint    ] Entering safepoint region: Cleanup
[2019-12-09T08:02:29.735+0000][1][safepoint    ] Leaving safepoint region
[2019-12-09T08:02:29.735+0000][1][safepoint    ] Total time for which application threads were stopped: 0.0001062 seconds, Stopping threads took: 0.0000192 seconds
[2019-12-09T08:02:30.735+0000][1][safepoint    ] Application time: 1.0000762 seconds
[2019-12-09T08:02:30.735+0000][1][safepoint    ] Entering safepoint region: Cleanup
[2019-12-09T08:02:30.735+0000][1][safepoint    ] Leaving safepoint region
[2019-12-09T08:02:30.735+0000][1][safepoint    ] Total time for which application threads were stopped: 0.0000948 seconds, Stopping threads took: 0.0000204 seconds
[2019-12-09T08:02:31.735+0000][1][safepoint    ] Application time: 1.0000767 seconds
[2019-12-09T08:02:31.735+0000][1][safepoint    ] Entering safepoint region: Cleanup
[2019-12-09T08:02:31.735+0000][1][safepoint    ] Leaving safepoint region
[2019-12-09T08:02:31.735+0000][1][safepoint    ] Total time for which application threads were stopped: 0.0000907 seconds, Stopping threads took: 0.0000180 seconds
[2019-12-09T08:02:32.735+0000][1][safepoint    ] Application time: 1.0000742 seconds
[2019-12-09T08:02:32.735+0000][1][safepoint    ] Entering safepoint region: Cleanup
[2019-12-09T08:02:32.735+0000][1][safepoint    ] Leaving safepoint region
[2019-12-09T08:02:32.735+0000][1][safepoint    ] Total time for which application threads were stopped: 0.0000894 seconds, Stopping threads took: 0.0000182 seconds
[2019-12-09T08:02:33.735+0000][1][safepoint    ] Application time: 1.0000758 seconds
[2019-12-09T08:02:33.736+0000][1][safepoint    ] Entering safepoint region: Cleanup
[2019-12-09T08:02:33.736+0000][1][safepoint    ] Leaving safepoint region
[2019-12-09T08:02:33.736+0000][1][safepoint    ] Total time for which application threads were stopped: 0.0000885 seconds, Stopping threads took: 0.0000173 seconds
[2019-12-09T08:02:34.736+0000][1][safepoint    ] Application time: 1.0000851 seconds
[2019-12-09T08:02:34.736+0000][1][safepoint    ] Entering safepoint region: Cleanup
[2019-12-09T08:02:34.736+0000][1][safepoint    ] Leaving safepoint region
[2019-12-09T08:02:34.736+0000][1][safepoint    ] Total time for which application threads were stopped: 0.0000922 seconds, Stopping threads took: 0.0000197 seconds
[2019-12-09T08:02:35.736+0000][1][safepoint    ] Application time: 1.0000745 seconds
[2019-12-09T08:02:35.736+0000][1][safepoint    ] Entering safepoint region: Cleanup
[2019-12-09T08:02:35.736+0000][1][safepoint    ] Leaving safepoint region
[2019-12-09T08:02:35.736+0000][1][safepoint    ] Total time for which application threads were stopped: 0.0000934 seconds, Stopping threads took: 0.0000196 seconds
[2019-12-09T08:02:36.736+0000][1][safepoint    ] Application time: 1.0000743 seconds
[2019-12-09T08:02:36.736+0000][1][safepoint    ] Entering safepoint region: Cleanup
[2019-12-09T08:02:36.736+0000][1][safepoint    ] Leaving safepoint region
[2019-12-09T08:02:36.736+0000][1][safepoint    ] Total time for which application threads were stopped: 0.0001057 seconds, Stopping threads took: 0.0000202 seconds
[2019-12-09T08:02:37.736+0000][1][safepoint    ] Application time: 1.0000759 seconds
[2019-12-09T08:02:37.736+0000][1][safepoint    ] Entering safepoint region: Cleanup
[2019-12-09T08:02:37.736+0000][1][safepoint    ] Leaving safepoint region
[2019-12-09T08:02:37.736+0000][1][safepoint    ] Total time for which application threads were stopped: 0.0000884 seconds, Stopping threads took: 0.0000189 seconds
[2019-12-09T08:02:38.737+0000][1][safepoint    ] Application time: 1.0000772 seconds
[2019-12-09T08:02:38.737+0000][1][safepoint    ] Entering safepoint region: Cleanup
[2019-12-09T08:02:38.737+0000][1][safepoint    ] Leaving safepoint region
[2019-12-09T08:02:38.737+0000][1][safepoint    ] Total time for which application threads were stopped: 0.0001031 seconds, Stopping threads took: 0.0000194 seconds
[2019-12-09T08:02:39.737+0000][1][safepoint    ] Application time: 1.0000737 seconds
[2019-12-09T08:02:39.737+0000][1][safepoint    ] Entering safepoint region: Cleanup
[2019-12-09T08:02:39.737+0000][1][safepoint    ] Leaving safepoint region
[2019-12-09T08:02:39.737+0000][1][safepoint    ] Total time for which application threads were stopped: 0.0000904 seconds, Stopping threads took: 0.0000184 seconds
[2019-12-09T08:02:40.737+0000][1][safepoint    ] Application time: 1.0000757 seconds
[2019-12-09T08:02:40.737+0000][1][safepoint    ] Entering safepoint region: Cleanup
[2019-12-09T08:02:40.737+0000][1][safepoint    ] Leaving safepoint region
[2019-12-09T08:02:40.737+0000][1][safepoint    ] Total time for which application threads were stopped: 0.0000908 seconds, Stopping threads took: 0.0000188 seconds
[2019-12-09T08:02:41.737+0000][1][safepoint    ] Application time: 1.0000752 seconds
[2019-12-09T08:02:41.737+0000][1][safepoint    ] Entering safepoint region: Cleanup
[2019-12-09T08:02:41.737+0000][1][safepoint    ] Leaving safepoint region
[2019-12-09T08:02:41.737+0000][1][safepoint    ] Total time for which application threads were stopped: 0.0000915 seconds, Stopping threads took: 0.0000205 seconds
[2019-12-09T08:02:42.737+0000][1][safepoint    ] Application time: 1.0000748 seconds
[2019-12-09T08:02:42.737+0000][1][safepoint    ] Entering safepoint region: Cleanup
[2019-12-09T08:02:42.738+0000][1][safepoint    ] Leaving safepoint region
[2019-12-09T08:02:42.738+0000][1][safepoint    ] Total time for which application threads were stopped: 0.0000904 seconds, Stopping threads took: 0.0000183 seconds
[2019-12-09T08:02:43.738+0000][1][safepoint    ] Application time: 1.0000772 seconds
[2019-12-09T08:02:43.738+0000][1][safepoint    ] Entering safepoint region: Cleanup
[2019-12-09T08:02:43.738+0000][1][safepoint    ] Leaving safepoint region
[2019-12-09T08:02:43.738+0000][1][safepoint    ] Total time for which application threads were stopped: 0.0001023 seconds, Stopping threads took: 0.0000288 seconds
[2019-12-09T08:02:44.738+0000][1][safepoint    ] Application time: 1.0000740 seconds
[2019-12-09T08:02:44.738+0000][1][safepoint    ] Entering safepoint region: Cleanup
[2019-12-09T08:02:44.738+0000][1][safepoint    ] Leaving safepoint region
[2019-12-09T08:02:44.738+0000][1][safepoint    ] Total time for which application threads were stopped: 0.0000913 seconds, Stopping threads took: 0.0000182 seconds
[2019-12-09T08:02:44.866+0000][1][safepoint    ] Application time: 0.1275830 seconds
[2019-12-09T08:02:44.866+0000][1][safepoint    ] Entering safepoint region: GenCollectForAllocation
[2019-12-09T08:02:44.866+0000][1][gc,start     ] GC(60) Pause Young (Allocation Failure)
[2019-12-09T08:02:44.866+0000][1][gc,task      ] GC(60) Using 2 workers of 2 for evacuation
[2019-12-09T08:02:44.867+0000][1][gc,age       ] GC(60) Desired survivor size 4456448 bytes, new threshold 6 (max threshold 6)
[2019-12-09T08:02:44.868+0000][1][gc,age       ] GC(60) Age table with threshold 6 (max threshold 6)
[2019-12-09T08:02:44.868+0000][1][gc,age       ] GC(60) - age   1:       9416 bytes,       9416 total
[2019-12-09T08:02:44.868+0000][1][gc,age       ] GC(60) - age   2:        848 bytes,      10264 total
[2019-12-09T08:02:44.868+0000][1][gc,age       ] GC(60) - age   3:        520 bytes,      10784 total
[2019-12-09T08:02:44.868+0000][1][gc,age       ] GC(60) - age   4:         64 bytes,      10848 total
[2019-12-09T08:02:44.868+0000][1][gc,age       ] GC(60) - age   6:       3216 bytes,      14064 total
[2019-12-09T08:02:44.868+0000][1][gc,heap      ] GC(60) ParNew: 69941K->19K(78656K)
[2019-12-09T08:02:44.868+0000][1][gc,heap      ] GC(60) CMS: 75186K->75186K(174784K)
[2019-12-09T08:02:44.868+0000][1][gc,metaspace ] GC(60) Metaspace: 79512K->79512K(1122304K)
[2019-12-09T08:02:44.868+0000][1][gc           ] GC(60) Pause Young (Allocation Failure) 141M->73M(247M) 1.884ms
[2019-12-09T08:02:44.868+0000][1][gc,cpu       ] GC(60) User=0.01s Sys=0.00s Real=0.00s
[2019-12-09T08:02:44.868+0000][1][safepoint    ] Leaving safepoint region
[2019-12-09T08:02:44.868+0000][1][safepoint    ] Total time for which application threads were stopped: 0.0021147 seconds, Stopping threads took: 0.0000190 seconds
[2019-12-09T08:02:45.868+0000][1][safepoint    ] Application time: 1.0000917 seconds
[2019-12-09T08:02:45.868+0000][1][safepoint    ] Entering safepoint region: Cleanup
[2019-12-09T08:02:45.868+0000][1][safepoint    ] Leaving safepoint region
[2019-12-09T08:02:45.868+0000][1][safepoint    ] Total time for which application threads were stopped: 0.0001175 seconds, Stopping threads took: 0.0000270 seconds
[2019-12-09T08:02:46.868+0000][1][safepoint    ] Application time: 1.0001002 seconds
[2019-12-09T08:02:46.868+0000][1][safepoint    ] Entering safepoint region: Cleanup
[2019-12-09T08:02:46.868+0000][1][safepoint    ] Leaving safepoint region
[2019-12-09T08:02:46.868+0000][1][safepoint    ] Total time for which application threads were stopped: 0.0001294 seconds, Stopping threads took: 0.0000256 seconds
[2019-12-09T08:02:47.868+0000][1][safepoint    ] Application time: 1.0000803 seconds
[2019-12-09T08:02:47.868+0000][1][safepoint    ] Entering safepoint region: Cleanup
[2019-12-09T08:02:47.869+0000][1][safepoint    ] Leaving safepoint region
[2019-12-09T08:02:47.869+0000][1][safepoint    ] Total time for which application threads were stopped: 0.0001290 seconds, Stopping threads took: 0.0000279 seconds
[2019-12-09T08:02:48.869+0000][1][safepoint    ] Application time: 1.0000778 seconds
[2019-12-09T08:02:48.869+0000][1][safepoint    ] Entering safepoint region: Cleanup
[2019-12-09T08:02:48.869+0000][1][safepoint    ] Leaving safepoint region
[2019-12-09T08:02:48.869+0000][1][safepoint    ] Total time for which application threads were stopped: 0.0001372 seconds, Stopping threads took: 0.0000314 seconds
[2019-12-09T08:02:49.869+0000][1][safepoint    ] Application time: 1.0000757 seconds
[2019-12-09T08:02:49.869+0000][1][safepoint    ] Entering safepoint region: Cleanup
[2019-12-09T08:02:49.869+0000][1][safepoint    ] Leaving safepoint region
[2019-12-09T08:02:49.869+0000][1][safepoint    ] Total time for which application threads were stopped: 0.0000899 seconds, Stopping threads took: 0.0000192 seconds
[2019-12-09T08:02:50.869+0000][1][safepoint    ] Application time: 1.0000767 seconds
[2019-12-09T08:02:50.869+0000][1][safepoint    ] Entering safepoint region: Cleanup
[2019-12-09T08:02:50.869+0000][1][safepoint    ] Leaving safepoint region
[2019-12-09T08:02:50.869+0000][1][safepoint    ] Total time for which application threads were stopped: 0.0000959 seconds, Stopping threads took: 0.0000192 seconds
[2019-12-09T08:02:51.869+0000][1][safepoint    ] Application time: 1.0000759 seconds
[2019-12-09T08:02:51.869+0000][1][safepoint    ] Entering safepoint region: Cleanup
[2019-12-09T08:02:51.869+0000][1][safepoint    ] Leaving safepoint region
[2019-12-09T08:02:51.869+0000][1][safepoint    ] Total time for which application threads were stopped: 0.0000888 seconds, Stopping threads took: 0.0000198 seconds
[2019-12-09T08:02:52.870+0000][1][safepoint    ] Application time: 1.0000764 seconds
[2019-12-09T08:02:52.870+0000][1][safepoint    ] Entering safepoint region: Cleanup
[2019-12-09T08:02:52.870+0000][1][safepoint    ] Leaving safepoint region
[2019-12-09T08:02:52.870+0000][1][safepoint    ] Total time for which application threads were stopped: 0.0000922 seconds, Stopping threads took: 0.0000199 seconds
[2019-12-09T08:02:53.871+0000][1][safepoint    ] Application time: 1.0014699 seconds
[2019-12-09T08:02:53.871+0000][1][safepoint    ] Entering safepoint region: Cleanup
[2019-12-09T08:02:53.871+0000][1][safepoint    ] Leaving safepoint region
[2019-12-09T08:02:53.871+0000][1][safepoint    ] Total time for which application threads were stopped: 0.0001199 seconds, Stopping threads took: 0.0000251 seconds
[2019-12-09T08:02:54.871+0000][1][safepoint    ] Application time: 1.0000743 seconds
[2019-12-09T08:02:54.871+0000][1][safepoint    ] Entering safepoint region: Cleanup
[2019-12-09T08:02:54.872+0000][1][safepoint    ] Leaving safepoint region
[2019-12-09T08:02:54.872+0000][1][safepoint    ] Total time for which application threads were stopped: 0.0001399 seconds, Stopping threads took: 0.0000214 seconds
[2019-12-09T08:02:55.872+0000][1][safepoint    ] Application time: 1.0000752 seconds
[2019-12-09T08:02:55.872+0000][1][safepoint    ] Entering safepoint region: Cleanup
[2019-12-09T08:02:55.872+0000][1][safepoint    ] Leaving safepoint region
[2019-12-09T08:02:55.872+0000][1][safepoint    ] Total time for which application threads were stopped: 0.0000926 seconds, Stopping threads took: 0.0000203 seconds
[2019-12-09T08:02:56.872+0000][1][safepoint    ] Application time: 1.0000738 seconds
[2019-12-09T08:02:56.872+0000][1][safepoint    ] Entering safepoint region: Cleanup
[2019-12-09T08:02:56.872+0000][1][safepoint    ] Leaving safepoint region
[2019-12-09T08:02:56.872+0000][1][safepoint    ] Total time for which application threads were stopped: 0.0000905 seconds, Stopping threads took: 0.0000193 seconds
[2019-12-09T08:02:57.872+0000][1][safepoint    ] Application time: 1.0000748 seconds
[2019-12-09T08:02:57.872+0000][1][safepoint    ] Entering safepoint region: Cleanup
[2019-12-09T08:02:57.872+0000][1][safepoint    ] Leaving safepoint region
[2019-12-09T08:02:57.872+0000][1][safepoint    ] Total time for which application threads were stopped: 0.0000930 seconds, Stopping threads took: 0.0000198 seconds
[2019-12-09T08:02:58.872+0000][1][safepoint    ] Application time: 1.0000744 seconds
[2019-12-09T08:02:58.872+0000][1][safepoint    ] Entering safepoint region: Cleanup
[2019-12-09T08:02:58.872+0000][1][safepoint    ] Leaving safepoint region
[2019-12-09T08:02:58.872+0000][1][safepoint    ] Total time for which application threads were stopped: 0.0000896 seconds, Stopping threads took: 0.0000178 seconds
[2019-12-09T08:02:59.873+0000][1][safepoint    ] Application time: 1.0000755 seconds
[2019-12-09T08:02:59.873+0000][1][safepoint    ] Entering safepoint region: Cleanup
[2019-12-09T08:02:59.873+0000][1][safepoint    ] Leaving safepoint region
[2019-12-09T08:02:59.873+0000][1][safepoint    ] Total time for which application threads were stopped: 0.0000936 seconds, Stopping threads took: 0.0000200 seconds
[2019-12-09T08:03:00.873+0000][1][safepoint    ] Application time: 1.0000749 seconds
[2019-12-09T08:03:00.873+0000][1][safepoint    ] Entering safepoint region: Cleanup
[2019-12-09T08:03:00.873+0000][1][safepoint    ] Leaving safepoint region
[2019-12-09T08:03:00.873+0000][1][safepoint    ] Total time for which application threads were stopped: 0.0000998 seconds, Stopping threads took: 0.0000207 seconds
[2019-12-09T08:03:01.873+0000][1][safepoint    ] Application time: 1.0000751 seconds
[2019-12-09T08:03:01.873+0000][1][safepoint    ] Entering safepoint region: Cleanup
[2019-12-09T08:03:01.873+0000][1][safepoint    ] Leaving safepoint region
[2019-12-09T08:03:01.873+0000][1][safepoint    ] Total time for which application threads were stopped: 0.0000948 seconds, Stopping threads took: 0.0000195 seconds
[2019-12-09T08:03:02.873+0000][1][safepoint    ] Application time: 1.0000751 seconds
[2019-12-09T08:03:02.873+0000][1][safepoint    ] Entering safepoint region: Cleanup
[2019-12-09T08:03:02.873+0000][1][safepoint    ] Leaving safepoint region
[2019-12-09T08:03:02.873+0000][1][safepoint    ] Total time for which application threads were stopped: 0.0000935 seconds, Stopping threads took: 0.0000193 seconds
[2019-12-09T08:03:03.873+0000][1][safepoint    ] Application time: 1.0000748 seconds
[2019-12-09T08:03:03.873+0000][1][safepoint    ] Entering safepoint region: Cleanup
[2019-12-09T08:03:03.874+0000][1][safepoint    ] Leaving safepoint region
[2019-12-09T08:03:03.874+0000][1][safepoint    ] Total time for which application threads were stopped: 0.0000927 seconds, Stopping threads took: 0.0000195 seconds
[2019-12-09T08:03:04.874+0000][1][safepoint    ] Application time: 1.0000752 seconds
[2019-12-09T08:03:04.874+0000][1][safepoint    ] Entering safepoint region: Cleanup
[2019-12-09T08:03:04.874+0000][1][safepoint    ] Leaving safepoint region
[2019-12-09T08:03:04.874+0000][1][safepoint    ] Total time for which application threads were stopped: 0.0001056 seconds, Stopping threads took: 0.0000212 seconds
[2019-12-09T08:03:05.874+0000][1][safepoint    ] Application time: 1.0000755 seconds
[2019-12-09T08:03:05.874+0000][1][safepoint    ] Entering safepoint region: Cleanup
[2019-12-09T08:03:05.874+0000][1][safepoint    ] Leaving safepoint region
[2019-12-09T08:03:05.874+0000][1][safepoint    ] Total time for which application threads were stopped: 0.0000934 seconds, Stopping threads took: 0.0000201 seconds
[2019-12-09T08:03:06.874+0000][1][safepoint    ] Application time: 1.0000773 seconds
[2019-12-09T08:03:06.874+0000][1][safepoint    ] Entering safepoint region: Cleanup
[2019-12-09T08:03:06.874+0000][1][safepoint    ] Leaving safepoint region
[2019-12-09T08:03:06.874+0000][1][safepoint    ] Total time for which application threads were stopped: 0.0000910 seconds, Stopping threads took: 0.0000198 seconds
[2019-12-09T08:03:07.874+0000][1][safepoint    ] Application time: 1.0000701 seconds
[2019-12-09T08:03:07.874+0000][1][safepoint    ] Entering safepoint region: Cleanup
[2019-12-09T08:03:07.874+0000][1][safepoint    ] Leaving safepoint region
[2019-12-09T08:03:07.874+0000][1][safepoint    ] Total time for which application threads were stopped: 0.0000939 seconds, Stopping threads took: 0.0000188 seconds
[2019-12-09T08:03:08.874+0000][1][safepoint    ] Application time: 1.0000750 seconds
[2019-12-09T08:03:08.875+0000][1][safepoint    ] Entering safepoint region: Cleanup
[2019-12-09T08:03:08.875+0000][1][safepoint    ] Leaving safepoint region
[2019-12-09T08:03:08.875+0000][1][safepoint    ] Total time for which application threads were stopped: 0.0000902 seconds, Stopping threads took: 0.0000182 seconds
[2019-12-09T08:03:09.875+0000][1][safepoint    ] Application time: 1.0000728 seconds
[2019-12-09T08:03:09.875+0000][1][safepoint    ] Entering safepoint region: Cleanup
[2019-12-09T08:03:09.875+0000][1][safepoint    ] Leaving safepoint region
[2019-12-09T08:03:09.875+0000][1][safepoint    ] Total time for which application threads were stopped: 0.0000919 seconds, Stopping threads took: 0.0000189 seconds
[2019-12-09T08:03:10.875+0000][1][safepoint    ] Application time: 1.0000770 seconds
[2019-12-09T08:03:10.875+0000][1][safepoint    ] Entering safepoint region: Cleanup
[2019-12-09T08:03:10.875+0000][1][safepoint    ] Leaving safepoint region
[2019-12-09T08:03:10.875+0000][1][safepoint    ] Total time for which application threads were stopped: 0.0000937 seconds, Stopping threads took: 0.0000204 seconds
[2019-12-09T08:03:11.875+0000][1][safepoint    ] Application time: 1.0000760 seconds
[2019-12-09T08:03:11.875+0000][1][safepoint    ] Entering safepoint region: Cleanup
[2019-12-09T08:03:11.875+0000][1][safepoint    ] Leaving safepoint region
[2019-12-09T08:03:11.875+0000][1][safepoint    ] Total time for which application threads were stopped: 0.0000928 seconds, Stopping threads took: 0.0000201 seconds
[2019-12-09T08:03:12.875+0000][1][safepoint    ] Application time: 1.0000757 seconds
[2019-12-09T08:03:12.875+0000][1][safepoint    ] Entering safepoint region: Cleanup
[2019-12-09T08:03:12.875+0000][1][safepoint    ] Leaving safepoint region
[2019-12-09T08:03:12.875+0000][1][safepoint    ] Total time for which application threads were stopped: 0.0000998 seconds, Stopping threads took: 0.0000194 seconds
[2019-12-09T08:03:13.876+0000][1][safepoint    ] Application time: 1.0000765 seconds
[2019-12-09T08:03:13.876+0000][1][safepoint    ] Entering safepoint region: Cleanup
[2019-12-09T08:03:13.876+0000][1][safepoint    ] Leaving safepoint region
[2019-12-09T08:03:13.876+0000][1][safepoint    ] Total time for which application threads were stopped: 0.0001079 seconds, Stopping threads took: 0.0000189 seconds
[2019-12-09T08:03:14.876+0000][1][safepoint    ] Application time: 1.0000740 seconds
[2019-12-09T08:03:14.876+0000][1][safepoint    ] Entering safepoint region: Cleanup
[2019-12-09T08:03:14.876+0000][1][safepoint    ] Leaving safepoint region
[2019-12-09T08:03:14.876+0000][1][safepoint    ] Total time for which application threads were stopped: 0.0000952 seconds, Stopping threads took: 0.0000194 seconds
[2019-12-09T08:03:15.876+0000][1][safepoint    ] Application time: 1.0000772 seconds
[2019-12-09T08:03:15.876+0000][1][safepoint    ] Entering safepoint region: Cleanup
[2019-12-09T08:03:15.876+0000][1][safepoint    ] Leaving safepoint region
[2019-12-09T08:03:15.876+0000][1][safepoint    ] Total time for which application threads were stopped: 0.0000934 seconds, Stopping threads took: 0.0000276 seconds
[2019-12-09T08:03:16.876+0000][1][safepoint    ] Application time: 1.0000752 seconds
[2019-12-09T08:03:16.876+0000][1][safepoint    ] Entering safepoint region: Cleanup
[2019-12-09T08:03:16.876+0000][1][safepoint    ] Leaving safepoint region
[2019-12-09T08:03:16.876+0000][1][safepoint    ] Total time for which application threads were stopped: 0.0000902 seconds, Stopping threads took: 0.0000200 seconds
[2019-12-09T08:03:17.876+0000][1][safepoint    ] Application time: 1.0000757 seconds
[2019-12-09T08:03:17.876+0000][1][safepoint    ] Entering safepoint region: Cleanup
[2019-12-09T08:03:17.877+0000][1][safepoint    ] Leaving safepoint region
[2019-12-09T08:03:17.877+0000][1][safepoint    ] Total time for which application threads were stopped: 0.0000957 seconds, Stopping threads took: 0.0000194 seconds
[2019-12-09T08:03:18.877+0000][1][safepoint    ] Application time: 1.0000746 seconds
[2019-12-09T08:03:18.877+0000][1][safepoint    ] Entering safepoint region: Cleanup
[2019-12-09T08:03:18.877+0000][1][safepoint    ] Leaving safepoint region
[2019-12-09T08:03:18.877+0000][1][safepoint    ] Total time for which application threads were stopped: 0.0001086 seconds, Stopping threads took: 0.0000337 seconds
[2019-12-09T08:03:19.877+0000][1][safepoint    ] Application time: 1.0000770 seconds
[2019-12-09T08:03:19.877+0000][1][safepoint    ] Entering safepoint region: Cleanup
[2019-12-09T08:03:19.877+0000][1][safepoint    ] Leaving safepoint region
[2019-12-09T08:03:19.877+0000][1][safepoint    ] Total time for which application threads were stopped: 0.0000924 seconds, Stopping threads took: 0.0000198 seconds
[2019-12-09T08:03:21.744+0000][1][safepoint    ] Application time: 1.8668012 seconds
[2019-12-09T08:03:21.744+0000][1][safepoint    ] Entering safepoint region: Cleanup
[2019-12-09T08:03:21.744+0000][1][safepoint    ] Leaving safepoint region
[2019-12-09T08:03:21.744+0000][1][safepoint    ] Total time for which application threads were stopped: 0.0000892 seconds, Stopping threads took: 0.0000183 seconds
[2019-12-09T08:03:22.744+0000][1][safepoint    ] Application time: 1.0000762 seconds
[2019-12-09T08:03:22.744+0000][1][safepoint    ] Entering safepoint region: Cleanup
[2019-12-09T08:03:22.744+0000][1][safepoint    ] Leaving safepoint region
[2019-12-09T08:03:22.744+0000][1][safepoint    ] Total time for which application threads were stopped: 0.0000973 seconds, Stopping threads took: 0.0000217 seconds
[2019-12-09T08:03:23.744+0000][1][safepoint    ] Application time: 1.0000752 seconds
[2019-12-09T08:03:23.744+0000][1][safepoint    ] Entering safepoint region: Cleanup
[2019-12-09T08:03:23.744+0000][1][safepoint    ] Leaving safepoint region
[2019-12-09T08:03:23.744+0000][1][safepoint    ] Total time for which application threads were stopped: 0.0000918 seconds, Stopping threads took: 0.0000188 seconds
[2019-12-09T08:03:24.744+0000][1][safepoint    ] Application time: 1.0000761 seconds
[2019-12-09T08:03:24.744+0000][1][safepoint    ] Entering safepoint region: Cleanup
[2019-12-09T08:03:24.745+0000][1][safepoint    ] Leaving safepoint region
[2019-12-09T08:03:24.745+0000][1][safepoint    ] Total time for which application threads were stopped: 0.0000897 seconds, Stopping threads took: 0.0000185 seconds
[2019-12-09T08:03:25.745+0000][1][safepoint    ] Application time: 1.0000761 seconds
[2019-12-09T08:03:25.745+0000][1][safepoint    ] Entering safepoint region: Cleanup
[2019-12-09T08:03:25.745+0000][1][safepoint    ] Leaving safepoint region
[2019-12-09T08:03:25.745+0000][1][safepoint    ] Total time for which application threads were stopped: 0.0000947 seconds, Stopping threads took: 0.0000200 seconds
[2019-12-09T08:03:26.745+0000][1][safepoint    ] Application time: 1.0000770 seconds
[2019-12-09T08:03:26.745+0000][1][safepoint    ] Entering safepoint region: Cleanup
[2019-12-09T08:03:26.745+0000][1][safepoint    ] Leaving safepoint region
[2019-12-09T08:03:26.745+0000][1][safepoint    ] Total time for which application threads were stopped: 0.0000954 seconds, Stopping threads took: 0.0000201 seconds
[2019-12-09T08:03:27.745+0000][1][safepoint    ] Application time: 1.0000781 seconds
[2019-12-09T08:03:27.745+0000][1][safepoint    ] Entering safepoint region: Cleanup
[2019-12-09T08:03:27.745+0000][1][safepoint    ] Leaving safepoint region
[2019-12-09T08:03:27.745+0000][1][safepoint    ] Total time for which application threads were stopped: 0.0000912 seconds, Stopping threads took: 0.0000190 seconds
[2019-12-09T08:03:28.745+0000][1][safepoint    ] Application time: 1.0000783 seconds
[2019-12-09T08:03:28.745+0000][1][safepoint    ] Entering safepoint region: Cleanup
[2019-12-09T08:03:28.745+0000][1][safepoint    ] Leaving safepoint region
[2019-12-09T08:03:28.745+0000][1][safepoint    ] Total time for which application threads were stopped: 0.0000925 seconds, Stopping threads took: 0.0000207 seconds
[2019-12-09T08:03:29.746+0000][1][safepoint    ] Application time: 1.0000744 seconds
[2019-12-09T08:03:29.746+0000][1][safepoint    ] Entering safepoint region: Cleanup
[2019-12-09T08:03:29.746+0000][1][safepoint    ] Leaving safepoint region
[2019-12-09T08:03:29.746+0000][1][safepoint    ] Total time for which application threads were stopped: 0.0000928 seconds, Stopping threads took: 0.0000197 seconds
[2019-12-09T08:03:30.746+0000][1][safepoint    ] Application time: 1.0000755 seconds
[2019-12-09T08:03:30.746+0000][1][safepoint    ] Entering safepoint region: Cleanup
[2019-12-09T08:03:30.746+0000][1][safepoint    ] Leaving safepoint region
[2019-12-09T08:03:30.746+0000][1][safepoint    ] Total time for which application threads were stopped: 0.0000925 seconds, Stopping threads took: 0.0000198 seconds
[2019-12-09T08:03:31.746+0000][1][safepoint    ] Application time: 1.0000758 seconds
[2019-12-09T08:03:31.746+0000][1][safepoint    ] Entering safepoint region: Cleanup
[2019-12-09T08:03:31.746+0000][1][safepoint    ] Leaving safepoint region
[2019-12-09T08:03:31.746+0000][1][safepoint    ] Total time for which application threads were stopped: 0.0000931 seconds, Stopping threads took: 0.0000211 seconds
[2019-12-09T08:03:32.746+0000][1][safepoint    ] Application time: 1.0000766 seconds
[2019-12-09T08:03:32.746+0000][1][safepoint    ] Entering safepoint region: Cleanup
[2019-12-09T08:03:32.746+0000][1][safepoint    ] Leaving safepoint region
[2019-12-09T08:03:32.746+0000][1][safepoint    ] Total time for which application threads were stopped: 0.0000927 seconds, Stopping threads took: 0.0000194 seconds
[2019-12-09T08:03:33.746+0000][1][safepoint    ] Application time: 1.0000755 seconds
[2019-12-09T08:03:33.746+0000][1][safepoint    ] Entering safepoint region: Cleanup
[2019-12-09T08:03:33.747+0000][1][safepoint    ] Leaving safepoint region
[2019-12-09T08:03:33.747+0000][1][safepoint    ] Total time for which application threads were stopped: 0.0000951 seconds, Stopping threads took: 0.0000218 seconds
[2019-12-09T08:03:34.747+0000][1][safepoint    ] Application time: 1.0000770 seconds
[2019-12-09T08:03:34.747+0000][1][safepoint    ] Entering safepoint region: Cleanup
[2019-12-09T08:03:34.747+0000][1][safepoint    ] Leaving safepoint region
[2019-12-09T08:03:34.747+0000][1][safepoint    ] Total time for which application threads were stopped: 0.0001039 seconds, Stopping threads took: 0.0000208 seconds
[2019-12-09T08:03:35.747+0000][1][safepoint    ] Application time: 1.0000684 seconds
[2019-12-09T08:03:35.747+0000][1][safepoint    ] Entering safepoint region: Cleanup
[2019-12-09T08:03:35.747+0000][1][safepoint    ] Leaving safepoint region
[2019-12-09T08:03:35.747+0000][1][safepoint    ] Total time for which application threads were stopped: 0.0000939 seconds, Stopping threads took: 0.0000203 seconds
[2019-12-09T08:03:36.747+0000][1][safepoint    ] Application time: 1.0000779 seconds
[2019-12-09T08:03:36.747+0000][1][safepoint    ] Entering safepoint region: Cleanup
[2019-12-09T08:03:36.747+0000][1][safepoint    ] Leaving safepoint region
[2019-12-09T08:03:36.747+0000][1][safepoint    ] Total time for which application threads were stopped: 0.0000931 seconds, Stopping threads took: 0.0000191 seconds
[2019-12-09T08:03:37.747+0000][1][safepoint    ] Application time: 1.0000789 seconds
[2019-12-09T08:03:37.747+0000][1][safepoint    ] Entering safepoint region: Cleanup
[2019-12-09T08:03:37.747+0000][1][safepoint    ] Leaving safepoint region
[2019-12-09T08:03:37.747+0000][1][safepoint    ] Total time for which application threads were stopped: 0.0000927 seconds, Stopping threads took: 0.0000199 seconds
[2019-12-09T08:03:38.748+0000][1][safepoint    ] Application time: 1.0000755 seconds
[2019-12-09T08:03:38.748+0000][1][safepoint    ] Entering safepoint region: Cleanup
[2019-12-09T08:03:38.748+0000][1][safepoint    ] Leaving safepoint region
[2019-12-09T08:03:38.748+0000][1][safepoint    ] Total time for which application threads were stopped: 0.0000932 seconds, Stopping threads took: 0.0000199 seconds
[2019-12-09T08:03:39.748+0000][1][safepoint    ] Application time: 1.0000752 seconds
[2019-12-09T08:03:39.748+0000][1][safepoint    ] Entering safepoint region: Cleanup
[2019-12-09T08:03:39.748+0000][1][safepoint    ] Leaving safepoint region
[2019-12-09T08:03:39.748+0000][1][safepoint    ] Total time for which application threads were stopped: 0.0000906 seconds, Stopping threads took: 0.0000187 seconds
[2019-12-09T08:03:40.748+0000][1][safepoint    ] Application time: 1.0000321 seconds
[2019-12-09T08:03:40.748+0000][1][safepoint    ] Entering safepoint region: Cleanup
[2019-12-09T08:03:40.748+0000][1][safepoint    ] Leaving safepoint region
[2019-12-09T08:03:40.748+0000][1][safepoint    ] Total time for which application threads were stopped: 0.0000925 seconds, Stopping threads took: 0.0000198 seconds
[2019-12-09T08:03:41.748+0000][1][safepoint    ] Application time: 1.0000777 seconds
[2019-12-09T08:03:41.748+0000][1][safepoint    ] Entering safepoint region: Cleanup
[2019-12-09T08:03:41.748+0000][1][safepoint    ] Leaving safepoint region
[2019-12-09T08:03:41.748+0000][1][safepoint    ] Total time for which application threads were stopped: 0.0000913 seconds, Stopping threads took: 0.0000195 seconds
[2019-12-09T08:03:42.748+0000][1][safepoint    ] Application time: 1.0000761 seconds
[2019-12-09T08:03:42.748+0000][1][safepoint    ] Entering safepoint region: Cleanup
[2019-12-09T08:03:42.748+0000][1][safepoint    ] Leaving safepoint region
[2019-12-09T08:03:42.748+0000][1][safepoint    ] Total time for which application threads were stopped: 0.0000946 seconds, Stopping threads took: 0.0000205 seconds
[2019-12-09T08:03:43.749+0000][1][safepoint    ] Application time: 1.0000787 seconds
[2019-12-09T08:03:43.749+0000][1][safepoint    ] Entering safepoint region: Cleanup
[2019-12-09T08:03:43.749+0000][1][safepoint    ] Leaving safepoint region
[2019-12-09T08:03:43.749+0000][1][safepoint    ] Total time for which application threads were stopped: 0.0000997 seconds, Stopping threads took: 0.0000205 seconds
[2019-12-09T08:03:44.749+0000][1][safepoint    ] Application time: 1.0000842 seconds
[2019-12-09T08:03:44.749+0000][1][safepoint    ] Entering safepoint region: Cleanup
[2019-12-09T08:03:44.749+0000][1][safepoint    ] Leaving safepoint region
[2019-12-09T08:03:44.749+0000][1][safepoint    ] Total time for which application threads were stopped: 0.0000897 seconds, Stopping threads took: 0.0000193 seconds
[2019-12-09T08:03:45.749+0000][1][safepoint    ] Application time: 1.0000772 seconds
[2019-12-09T08:03:45.749+0000][1][safepoint    ] Entering safepoint region: Cleanup
[2019-12-09T08:03:45.749+0000][1][safepoint    ] Leaving safepoint region
[2019-12-09T08:03:45.749+0000][1][safepoint    ] Total time for which application threads were stopped: 0.0001018 seconds, Stopping threads took: 0.0000295 seconds
[2019-12-09T08:03:46.749+0000][1][safepoint    ] Application time: 1.0000762 seconds
[2019-12-09T08:03:46.749+0000][1][safepoint    ] Entering safepoint region: Cleanup
[2019-12-09T08:03:46.749+0000][1][safepoint    ] Leaving safepoint region
[2019-12-09T08:03:46.749+0000][1][safepoint    ] Total time for which application threads were stopped: 0.0000903 seconds, Stopping threads took: 0.0000180 seconds
[2019-12-09T08:03:47.749+0000][1][safepoint    ] Application time: 1.0000768 seconds
[2019-12-09T08:03:47.749+0000][1][safepoint    ] Entering safepoint region: Cleanup
[2019-12-09T08:03:47.750+0000][1][safepoint    ] Leaving safepoint region
[2019-12-09T08:03:47.750+0000][1][safepoint    ] Total time for which application threads were stopped: 0.0000928 seconds, Stopping threads took: 0.0000211 seconds
[2019-12-09T08:03:48.750+0000][1][safepoint    ] Application time: 1.0000760 seconds
[2019-12-09T08:03:48.750+0000][1][safepoint    ] Entering safepoint region: Cleanup
[2019-12-09T08:03:48.750+0000][1][safepoint    ] Leaving safepoint region
[2019-12-09T08:03:48.750+0000][1][safepoint    ] Total time for which application threads were stopped: 0.0001006 seconds, Stopping threads took: 0.0000288 seconds
[2019-12-09T08:03:49.750+0000][1][safepoint    ] Application time: 1.0000762 seconds
[2019-12-09T08:03:49.750+0000][1][safepoint    ] Entering safepoint region: Cleanup
[2019-12-09T08:03:49.750+0000][1][safepoint    ] Leaving safepoint region
[2019-12-09T08:03:49.750+0000][1][safepoint    ] Total time for which application threads were stopped: 0.0000900 seconds, Stopping threads took: 0.0000185 seconds
[2019-12-09T08:03:50.750+0000][1][safepoint    ] Application time: 1.0000756 seconds
[2019-12-09T08:03:50.750+0000][1][safepoint    ] Entering safepoint region: Cleanup
[2019-12-09T08:03:50.750+0000][1][safepoint    ] Leaving safepoint region
[2019-12-09T08:03:50.750+0000][1][safepoint    ] Total time for which application threads were stopped: 0.0000927 seconds, Stopping threads took: 0.0000206 seconds
[2019-12-09T08:03:51.750+0000][1][safepoint    ] Application time: 1.0000767 seconds
[2019-12-09T08:03:51.750+0000][1][safepoint    ] Entering safepoint region: Cleanup
[2019-12-09T08:03:51.750+0000][1][safepoint    ] Leaving safepoint region
[2019-12-09T08:03:51.750+0000][1][safepoint    ] Total time for which application threads were stopped: 0.0000873 seconds, Stopping threads took: 0.0000177 seconds
[2019-12-09T08:03:52.750+0000][1][safepoint    ] Application time: 1.0000756 seconds
[2019-12-09T08:03:52.751+0000][1][safepoint    ] Entering safepoint region: Cleanup
[2019-12-09T08:03:52.751+0000][1][safepoint    ] Leaving safepoint region
[2019-12-09T08:03:52.751+0000][1][safepoint    ] Total time for which application threads were stopped: 0.0000909 seconds, Stopping threads took: 0.0000192 seconds
[2019-12-09T08:03:53.751+0000][1][safepoint    ] Application time: 1.0000772 seconds
[2019-12-09T08:03:53.751+0000][1][safepoint    ] Entering safepoint region: Cleanup
[2019-12-09T08:03:53.751+0000][1][safepoint    ] Leaving safepoint region
[2019-12-09T08:03:53.751+0000][1][safepoint    ] Total time for which application threads were stopped: 0.0000945 seconds, Stopping threads took: 0.0000211 seconds
[2019-12-09T08:03:54.751+0000][1][safepoint    ] Application time: 1.0000750 seconds
[2019-12-09T08:03:54.751+0000][1][safepoint    ] Entering safepoint region: Cleanup
[2019-12-09T08:03:54.751+0000][1][safepoint    ] Leaving safepoint region
[2019-12-09T08:03:54.751+0000][1][safepoint    ] Total time for which application threads were stopped: 0.0000928 seconds, Stopping threads took: 0.0000203 seconds
[2019-12-09T08:03:55.751+0000][1][safepoint    ] Application time: 1.0000759 seconds
[2019-12-09T08:03:55.751+0000][1][safepoint    ] Entering safepoint region: Cleanup
[2019-12-09T08:03:55.751+0000][1][safepoint    ] Leaving safepoint region
[2019-12-09T08:03:55.751+0000][1][safepoint    ] Total time for which application threads were stopped: 0.0000924 seconds, Stopping threads took: 0.0000184 seconds
[2019-12-09T08:03:56.751+0000][1][safepoint    ] Application time: 1.0000752 seconds
[2019-12-09T08:03:56.751+0000][1][safepoint    ] Entering safepoint region: Cleanup
[2019-12-09T08:03:56.751+0000][1][safepoint    ] Leaving safepoint region
[2019-12-09T08:03:56.751+0000][1][safepoint    ] Total time for which application threads were stopped: 0.0000956 seconds, Stopping threads took: 0.0000197 seconds
[2019-12-09T08:03:57.752+0000][1][safepoint    ] Application time: 1.0000760 seconds
[2019-12-09T08:03:57.752+0000][1][safepoint    ] Entering safepoint region: Cleanup
[2019-12-09T08:03:57.752+0000][1][safepoint    ] Leaving safepoint region
[2019-12-09T08:03:57.752+0000][1][safepoint    ] Total time for which application threads were stopped: 0.0001108 seconds, Stopping threads took: 0.0000198 seconds
[2019-12-09T08:03:58.752+0000][1][safepoint    ] Application time: 1.0000768 seconds
[2019-12-09T08:03:58.752+0000][1][safepoint    ] Entering safepoint region: Cleanup
[2019-12-09T08:03:58.752+0000][1][safepoint    ] Leaving safepoint region
[2019-12-09T08:03:58.752+0000][1][safepoint    ] Total time for which application threads were stopped: 0.0000954 seconds, Stopping threads took: 0.0000205 seconds
[2019-12-09T08:03:59.752+0000][1][safepoint    ] Application time: 1.0000766 seconds
[2019-12-09T08:03:59.752+0000][1][safepoint    ] Entering safepoint region: Cleanup
[2019-12-09T08:03:59.752+0000][1][safepoint    ] Leaving safepoint region
[2019-12-09T08:03:59.752+0000][1][safepoint    ] Total time for which application threads were stopped: 0.0000929 seconds, Stopping threads took: 0.0000197 seconds
[2019-12-09T08:04:00.752+0000][1][safepoint    ] Application time: 1.0000756 seconds
[2019-12-09T08:04:00.752+0000][1][safepoint    ] Entering safepoint region: Cleanup
[2019-12-09T08:04:00.752+0000][1][safepoint    ] Leaving safepoint region
[2019-12-09T08:04:00.752+0000][1][safepoint    ] Total time for which application threads were stopped: 0.0001014 seconds, Stopping threads took: 0.0000193 seconds
[2019-12-09T08:04:01.752+0000][1][safepoint    ] Application time: 1.0000740 seconds
[2019-12-09T08:04:01.753+0000][1][safepoint    ] Entering safepoint region: Cleanup
[2019-12-09T08:04:01.753+0000][1][safepoint    ] Leaving safepoint region
[2019-12-09T08:04:01.753+0000][1][safepoint    ] Total time for which application threads were stopped: 0.0000928 seconds, Stopping threads took: 0.0000200 seconds
[2019-12-09T08:04:02.753+0000][1][safepoint    ] Application time: 1.0000840 seconds
[2019-12-09T08:04:02.753+0000][1][safepoint    ] Entering safepoint region: Cleanup
[2019-12-09T08:04:02.753+0000][1][safepoint    ] Leaving safepoint region
[2019-12-09T08:04:02.753+0000][1][safepoint    ] Total time for which application threads were stopped: 0.0000911 seconds, Stopping threads took: 0.0000198 seconds
[2019-12-09T08:04:03.753+0000][1][safepoint    ] Application time: 1.0000776 seconds
[2019-12-09T08:04:03.753+0000][1][safepoint    ] Entering safepoint region: Cleanup
[2019-12-09T08:04:03.753+0000][1][safepoint    ] Leaving safepoint region
[2019-12-09T08:04:03.753+0000][1][safepoint    ] Total time for which application threads were stopped: 0.0000905 seconds, Stopping threads took: 0.0000193 seconds
[2019-12-09T08:04:04.753+0000][1][safepoint    ] Application time: 1.0000771 seconds
[2019-12-09T08:04:04.753+0000][1][safepoint    ] Entering safepoint region: Cleanup
[2019-12-09T08:04:04.753+0000][1][safepoint    ] Leaving safepoint region
[2019-12-09T08:04:04.753+0000][1][safepoint    ] Total time for which application threads were stopped: 0.0000947 seconds, Stopping threads took: 0.0000208 seconds
[2019-12-09T08:04:05.753+0000][1][safepoint    ] Application time: 1.0000769 seconds
[2019-12-09T08:04:05.753+0000][1][safepoint    ] Entering safepoint region: Cleanup
[2019-12-09T08:04:05.753+0000][1][safepoint    ] Leaving safepoint region
[2019-12-09T08:04:05.753+0000][1][safepoint    ] Total time for which application threads were stopped: 0.0000926 seconds, Stopping threads took: 0.0000206 seconds
[2019-12-09T08:04:06.754+0000][1][safepoint    ] Application time: 1.0000761 seconds
[2019-12-09T08:04:06.754+0000][1][safepoint    ] Entering safepoint region: Cleanup
[2019-12-09T08:04:06.754+0000][1][safepoint    ] Leaving safepoint region
[2019-12-09T08:04:06.754+0000][1][safepoint    ] Total time for which application threads were stopped: 0.0001020 seconds, Stopping threads took: 0.0000201 seconds
[2019-12-09T08:04:07.754+0000][1][safepoint    ] Application time: 1.0000775 seconds
[2019-12-09T08:04:07.754+0000][1][safepoint    ] Entering safepoint region: Cleanup
[2019-12-09T08:04:07.754+0000][1][safepoint    ] Leaving safepoint region
[2019-12-09T08:04:07.754+0000][1][safepoint    ] Total time for which application threads were stopped: 0.0000911 seconds, Stopping threads took: 0.0000190 seconds
[2019-12-09T08:04:08.754+0000][1][safepoint    ] Application time: 1.0000763 seconds
[2019-12-09T08:04:08.754+0000][1][safepoint    ] Entering safepoint region: Cleanup
[2019-12-09T08:04:08.754+0000][1][safepoint    ] Leaving safepoint region
[2019-12-09T08:04:08.754+0000][1][safepoint    ] Total time for which application threads were stopped: 0.0000896 seconds, Stopping threads took: 0.0000183 seconds
[2019-12-09T08:04:09.754+0000][1][safepoint    ] Application time: 1.0000772 seconds
[2019-12-09T08:04:09.754+0000][1][safepoint    ] Entering safepoint region: Cleanup
[2019-12-09T08:04:09.754+0000][1][safepoint    ] Leaving safepoint region
[2019-12-09T08:04:09.754+0000][1][safepoint    ] Total time for which application threads were stopped: 0.0000920 seconds, Stopping threads took: 0.0000192 seconds
[2019-12-09T08:04:10.754+0000][1][safepoint    ] Application time: 1.0000781 seconds
[2019-12-09T08:04:10.754+0000][1][safepoint    ] Entering safepoint region: Cleanup
[2019-12-09T08:04:10.755+0000][1][safepoint    ] Leaving safepoint region
[2019-12-09T08:04:10.755+0000][1][safepoint    ] Total time for which application threads were stopped: 0.0000939 seconds, Stopping threads took: 0.0000192 seconds
[2019-12-09T08:04:11.755+0000][1][safepoint    ] Application time: 1.0000765 seconds
[2019-12-09T08:04:11.755+0000][1][safepoint    ] Entering safepoint region: Cleanup
[2019-12-09T08:04:11.755+0000][1][safepoint    ] Leaving safepoint region
[2019-12-09T08:04:11.755+0000][1][safepoint    ] Total time for which application threads were stopped: 0.0000914 seconds, Stopping threads took: 0.0000191 seconds
[2019-12-09T08:04:12.755+0000][1][safepoint    ] Application time: 1.0000774 seconds
[2019-12-09T08:04:12.755+0000][1][safepoint    ] Entering safepoint region: Cleanup
[2019-12-09T08:04:12.755+0000][1][safepoint    ] Leaving safepoint region
[2019-12-09T08:04:12.755+0000][1][safepoint    ] Total time for which application threads were stopped: 0.0000930 seconds, Stopping threads took: 0.0000210 seconds
[2019-12-09T08:04:13.755+0000][1][safepoint    ] Application time: 1.0000760 seconds
[2019-12-09T08:04:13.755+0000][1][safepoint    ] Entering safepoint region: Cleanup
[2019-12-09T08:04:13.755+0000][1][safepoint    ] Leaving safepoint region
[2019-12-09T08:04:13.755+0000][1][safepoint    ] Total time for which application threads were stopped: 0.0000920 seconds, Stopping threads took: 0.0000198 seconds
[2019-12-09T08:04:14.755+0000][1][safepoint    ] Application time: 1.0000751 seconds
[2019-12-09T08:04:14.755+0000][1][safepoint    ] Entering safepoint region: Cleanup
[2019-12-09T08:04:14.755+0000][1][safepoint    ] Leaving safepoint region
[2019-12-09T08:04:14.755+0000][1][safepoint    ] Total time for which application threads were stopped: 0.0000890 seconds, Stopping threads took: 0.0000196 seconds
[2019-12-09T08:04:15.756+0000][1][safepoint    ] Application time: 1.0000754 seconds
[2019-12-09T08:04:15.756+0000][1][safepoint    ] Entering safepoint region: Cleanup
[2019-12-09T08:04:15.756+0000][1][safepoint    ] Leaving safepoint region
[2019-12-09T08:04:15.756+0000][1][safepoint    ] Total time for which application threads were stopped: 0.0001015 seconds, Stopping threads took: 0.0000280 seconds
[2019-12-09T08:04:17.126+0000][1][safepoint    ] Application time: 1.3701148 seconds
[2019-12-09T08:04:17.126+0000][1][safepoint    ] Entering safepoint region: Cleanup
[2019-12-09T08:04:17.126+0000][1][safepoint    ] Leaving safepoint region
[2019-12-09T08:04:17.126+0000][1][safepoint    ] Total time for which application threads were stopped: 0.0000834 seconds, Stopping threads took: 0.0000158 seconds
[2019-12-09T08:04:18.126+0000][1][safepoint    ] Application time: 1.0000753 seconds
[2019-12-09T08:04:18.126+0000][1][safepoint    ] Entering safepoint region: Cleanup
[2019-12-09T08:04:18.126+0000][1][safepoint    ] Leaving safepoint region
[2019-12-09T08:04:18.126+0000][1][safepoint    ] Total time for which application threads were stopped: 0.0000896 seconds, Stopping threads took: 0.0000174 seconds
[2019-12-09T08:04:19.126+0000][1][safepoint    ] Application time: 1.0000762 seconds
[2019-12-09T08:04:19.126+0000][1][safepoint    ] Entering safepoint region: Cleanup
[2019-12-09T08:04:19.126+0000][1][safepoint    ] Leaving safepoint region
[2019-12-09T08:04:19.126+0000][1][safepoint    ] Total time for which application threads were stopped: 0.0000911 seconds, Stopping threads took: 0.0000183 seconds
[2019-12-09T08:04:20.126+0000][1][safepoint    ] Application time: 1.0000773 seconds
[2019-12-09T08:04:20.126+0000][1][safepoint    ] Entering safepoint region: Cleanup
[2019-12-09T08:04:20.127+0000][1][safepoint    ] Leaving safepoint region
[2019-12-09T08:04:20.127+0000][1][safepoint    ] Total time for which application threads were stopped: 0.0000902 seconds, Stopping threads took: 0.0000184 seconds
[2019-12-09T08:04:21.127+0000][1][safepoint    ] Application time: 1.0000773 seconds
[2019-12-09T08:04:21.127+0000][1][safepoint    ] Entering safepoint region: Cleanup
[2019-12-09T08:04:21.127+0000][1][safepoint    ] Leaving safepoint region
[2019-12-09T08:04:21.127+0000][1][safepoint    ] Total time for which application threads were stopped: 0.0001023 seconds, Stopping threads took: 0.0000195 seconds
[2019-12-09T08:04:22.127+0000][1][safepoint    ] Application time: 1.0000801 seconds
[2019-12-09T08:04:22.127+0000][1][safepoint    ] Entering safepoint region: Cleanup
[2019-12-09T08:04:22.127+0000][1][safepoint    ] Leaving safepoint region
[2019-12-09T08:04:22.127+0000][1][safepoint    ] Total time for which application threads were stopped: 0.0001259 seconds, Stopping threads took: 0.0000243 seconds
[2019-12-09T08:04:23.127+0000][1][safepoint    ] Application time: 1.0000851 seconds
[2019-12-09T08:04:23.127+0000][1][safepoint    ] Entering safepoint region: Cleanup
[2019-12-09T08:04:23.127+0000][1][safepoint    ] Leaving safepoint region
[2019-12-09T08:04:23.127+0000][1][safepoint    ] Total time for which application threads were stopped: 0.0001414 seconds, Stopping threads took: 0.0000635 seconds
[2019-12-09T08:04:24.127+0000][1][safepoint    ] Application time: 1.0000854 seconds
[2019-12-09T08:04:24.127+0000][1][safepoint    ] Entering safepoint region: Cleanup
[2019-12-09T08:04:24.128+0000][1][safepoint    ] Leaving safepoint region
[2019-12-09T08:04:24.128+0000][1][safepoint    ] Total time for which application threads were stopped: 0.0000929 seconds, Stopping threads took: 0.0000194 seconds
[2019-12-09T08:04:25.128+0000][1][safepoint    ] Application time: 1.0000779 seconds
[2019-12-09T08:04:25.128+0000][1][safepoint    ] Entering safepoint region: Cleanup
[2019-12-09T08:04:25.128+0000][1][safepoint    ] Leaving safepoint region
[2019-12-09T08:04:25.128+0000][1][safepoint    ] Total time for which application threads were stopped: 0.0001008 seconds, Stopping threads took: 0.0000195 seconds
[2019-12-09T08:04:26.128+0000][1][safepoint    ] Application time: 1.0000752 seconds
[2019-12-09T08:04:26.128+0000][1][safepoint    ] Entering safepoint region: Cleanup
[2019-12-09T08:04:26.128+0000][1][safepoint    ] Leaving safepoint region
[2019-12-09T08:04:26.128+0000][1][safepoint    ] Total time for which application threads were stopped: 0.0000900 seconds, Stopping threads took: 0.0000183 seconds
[2019-12-09T08:04:27.128+0000][1][safepoint    ] Application time: 1.0000773 seconds
[2019-12-09T08:04:27.128+0000][1][safepoint    ] Entering safepoint region: Cleanup
[2019-12-09T08:04:27.128+0000][1][safepoint    ] Leaving safepoint region
[2019-12-09T08:04:27.128+0000][1][safepoint    ] Total time for which application threads were stopped: 0.0001000 seconds, Stopping threads took: 0.0000266 seconds
[2019-12-09T08:04:28.128+0000][1][safepoint    ] Application time: 1.0000873 seconds
[2019-12-09T08:04:28.128+0000][1][safepoint    ] Entering safepoint region: Cleanup
[2019-12-09T08:04:28.128+0000][1][safepoint    ] Leaving safepoint region
[2019-12-09T08:04:28.128+0000][1][safepoint    ] Total time for which application threads were stopped: 0.0001304 seconds, Stopping threads took: 0.0000503 seconds
[2019-12-09T08:04:29.129+0000][1][safepoint    ] Application time: 1.0000883 seconds
[2019-12-09T08:04:29.129+0000][1][safepoint    ] Entering safepoint region: Cleanup
[2019-12-09T08:04:29.129+0000][1][safepoint    ] Leaving safepoint region
[2019-12-09T08:04:29.129+0000][1][safepoint    ] Total time for which application threads were stopped: 0.0001027 seconds, Stopping threads took: 0.0000195 seconds
[2019-12-09T08:04:30.129+0000][1][safepoint    ] Application time: 1.0000794 seconds
[2019-12-09T08:04:30.129+0000][1][safepoint    ] Entering safepoint region: Cleanup
[2019-12-09T08:04:30.129+0000][1][safepoint    ] Leaving safepoint region
[2019-12-09T08:04:30.129+0000][1][safepoint    ] Total time for which application threads were stopped: 0.0000904 seconds, Stopping threads took: 0.0000190 seconds
[2019-12-09T08:04:31.129+0000][1][safepoint    ] Application time: 1.0000794 seconds
[2019-12-09T08:04:31.129+0000][1][safepoint    ] Entering safepoint region: Cleanup
[2019-12-09T08:04:31.129+0000][1][safepoint    ] Leaving safepoint region
[2019-12-09T08:04:31.129+0000][1][safepoint    ] Total time for which application threads were stopped: 0.0001072 seconds, Stopping threads took: 0.0000212 seconds
[2019-12-09T08:04:32.129+0000][1][safepoint    ] Application time: 1.0000786 seconds
[2019-12-09T08:04:32.129+0000][1][safepoint    ] Entering safepoint region: Cleanup
[2019-12-09T08:04:32.129+0000][1][safepoint    ] Leaving safepoint region
[2019-12-09T08:04:32.129+0000][1][safepoint    ] Total time for which application threads were stopped: 0.0000911 seconds, Stopping threads took: 0.0000196 seconds
[2019-12-09T08:04:33.129+0000][1][safepoint    ] Application time: 1.0000755 seconds
[2019-12-09T08:04:33.129+0000][1][safepoint    ] Entering safepoint region: Cleanup
[2019-12-09T08:04:33.130+0000][1][safepoint    ] Leaving safepoint region
[2019-12-09T08:04:33.130+0000][1][safepoint    ] Total time for which application threads were stopped: 0.0001066 seconds, Stopping threads took: 0.0000216 seconds
[2019-12-09T08:04:34.130+0000][1][safepoint    ] Application time: 1.0000962 seconds
[2019-12-09T08:04:34.130+0000][1][safepoint    ] Entering safepoint region: Cleanup
[2019-12-09T08:04:34.130+0000][1][safepoint    ] Leaving safepoint region
[2019-12-09T08:04:34.130+0000][1][safepoint    ] Total time for which application threads were stopped: 0.0000940 seconds, Stopping threads took: 0.0000209 seconds
[2019-12-09T08:04:35.130+0000][1][safepoint    ] Application time: 1.0000765 seconds
[2019-12-09T08:04:35.130+0000][1][safepoint    ] Entering safepoint region: Cleanup
[2019-12-09T08:04:35.130+0000][1][safepoint    ] Leaving safepoint region
[2019-12-09T08:04:35.130+0000][1][safepoint    ] Total time for which application threads were stopped: 0.0000922 seconds, Stopping threads took: 0.0000194 seconds
[2019-12-09T08:04:36.130+0000][1][safepoint    ] Application time: 1.0000791 seconds
[2019-12-09T08:04:36.130+0000][1][safepoint    ] Entering safepoint region: Cleanup
[2019-12-09T08:04:36.130+0000][1][safepoint    ] Leaving safepoint region
[2019-12-09T08:04:36.130+0000][1][safepoint    ] Total time for which application threads were stopped: 0.0000941 seconds, Stopping threads took: 0.0000193 seconds
[2019-12-09T08:04:37.130+0000][1][safepoint    ] Application time: 1.0000770 seconds
[2019-12-09T08:04:37.130+0000][1][safepoint    ] Entering safepoint region: Cleanup
[2019-12-09T08:04:37.130+0000][1][safepoint    ] Leaving safepoint region
[2019-12-09T08:04:37.130+0000][1][safepoint    ] Total time for which application threads were stopped: 0.0001003 seconds, Stopping threads took: 0.0000301 seconds
[2019-12-09T08:04:38.131+0000][1][safepoint    ] Application time: 1.0000763 seconds
[2019-12-09T08:04:38.131+0000][1][safepoint    ] Entering safepoint region: Cleanup
[2019-12-09T08:04:38.131+0000][1][safepoint    ] Leaving safepoint region
[2019-12-09T08:04:38.131+0000][1][safepoint    ] Total time for which application threads were stopped: 0.0001035 seconds, Stopping threads took: 0.0000184 seconds
[2019-12-09T08:04:38.132+0000][1][safepoint    ] Application time: 0.0017714 seconds
[2019-12-09T08:04:38.133+0000][1][safepoint    ] Entering safepoint region: GenCollectForAllocation
[2019-12-09T08:04:38.133+0000][1][gc,start     ] GC(61) Pause Young (Allocation Failure)
[2019-12-09T08:04:38.133+0000][1][gc,task      ] GC(61) Using 2 workers of 2 for evacuation
[2019-12-09T08:04:38.134+0000][1][gc,age       ] GC(61) Desired survivor size 4456448 bytes, new threshold 6 (max threshold 6)
[2019-12-09T08:04:38.134+0000][1][gc,age       ] GC(61) Age table with threshold 6 (max threshold 6)
[2019-12-09T08:04:38.134+0000][1][gc,age       ] GC(61) - age   1:       8096 bytes,       8096 total
[2019-12-09T08:04:38.134+0000][1][gc,age       ] GC(61) - age   2:        880 bytes,       8976 total
[2019-12-09T08:04:38.134+0000][1][gc,age       ] GC(61) - age   3:        728 bytes,       9704 total
[2019-12-09T08:04:38.134+0000][1][gc,age       ] GC(61) - age   4:        400 bytes,      10104 total
[2019-12-09T08:04:38.134+0000][1][gc,age       ] GC(61) - age   5:         64 bytes,      10168 total
[2019-12-09T08:04:38.134+0000][1][gc,heap      ] GC(61) ParNew: 69971K->20K(78656K)
[2019-12-09T08:04:38.134+0000][1][gc,heap      ] GC(61) CMS: 75186K->75190K(174784K)
[2019-12-09T08:04:38.134+0000][1][gc,metaspace ] GC(61) Metaspace: 79540K->79540K(1122304K)
[2019-12-09T08:04:38.134+0000][1][gc           ] GC(61) Pause Young (Allocation Failure) 141M->73M(247M) 1.708ms
[2019-12-09T08:04:38.134+0000][1][gc,cpu       ] GC(61) User=0.00s Sys=0.00s Real=0.00s
[2019-12-09T08:04:38.134+0000][1][safepoint    ] Leaving safepoint region
[2019-12-09T08:04:38.134+0000][1][safepoint    ] Total time for which application threads were stopped: 0.0018704 seconds, Stopping threads took: 0.0000160 seconds
[2019-12-09T08:04:39.134+0000][1][safepoint    ] Application time: 1.0000867 seconds
[2019-12-09T08:04:39.135+0000][1][safepoint    ] Entering safepoint region: Cleanup
[2019-12-09T08:04:39.135+0000][1][safepoint    ] Leaving safepoint region
[2019-12-09T08:04:39.135+0000][1][safepoint    ] Total time for which application threads were stopped: 0.0000947 seconds, Stopping threads took: 0.0000206 seconds
[2019-12-09T08:04:40.135+0000][1][safepoint    ] Application time: 1.0000800 seconds
[2019-12-09T08:04:40.135+0000][1][safepoint    ] Entering safepoint region: Cleanup
[2019-12-09T08:04:40.135+0000][1][safepoint    ] Leaving safepoint region
[2019-12-09T08:04:40.135+0000][1][safepoint    ] Total time for which application threads were stopped: 0.0000926 seconds, Stopping threads took: 0.0000204 seconds
[2019-12-09T08:04:41.135+0000][1][safepoint    ] Application time: 1.0000772 seconds
[2019-12-09T08:04:41.135+0000][1][safepoint    ] Entering safepoint region: Cleanup
[2019-12-09T08:04:41.135+0000][1][safepoint    ] Leaving safepoint region
[2019-12-09T08:04:41.135+0000][1][safepoint    ] Total time for which application threads were stopped: 0.0000925 seconds, Stopping threads took: 0.0000195 seconds
[2019-12-09T08:04:42.135+0000][1][safepoint    ] Application time: 1.0000750 seconds
[2019-12-09T08:04:42.135+0000][1][safepoint    ] Entering safepoint region: Cleanup
[2019-12-09T08:04:42.135+0000][1][safepoint    ] Leaving safepoint region
[2019-12-09T08:04:42.135+0000][1][safepoint    ] Total time for which application threads were stopped: 0.0000943 seconds, Stopping threads took: 0.0000207 seconds
[2019-12-09T08:04:43.135+0000][1][safepoint    ] Application time: 1.0000851 seconds
[2019-12-09T08:04:43.135+0000][1][safepoint    ] Entering safepoint region: Cleanup
[2019-12-09T08:04:43.136+0000][1][safepoint    ] Leaving safepoint region
[2019-12-09T08:04:43.136+0000][1][safepoint    ] Total time for which application threads were stopped: 0.0001277 seconds, Stopping threads took: 0.0000472 seconds
[2019-12-09T08:04:44.136+0000][1][safepoint    ] Application time: 1.0000837 seconds
[2019-12-09T08:04:44.136+0000][1][safepoint    ] Entering safepoint region: Cleanup
[2019-12-09T08:04:44.136+0000][1][safepoint    ] Leaving safepoint region
[2019-12-09T08:04:44.136+0000][1][safepoint    ] Total time for which application threads were stopped: 0.0001091 seconds, Stopping threads took: 0.0000282 seconds
[2019-12-09T08:04:45.136+0000][1][safepoint    ] Application time: 1.0000762 seconds
[2019-12-09T08:04:45.136+0000][1][safepoint    ] Entering safepoint region: Cleanup
[2019-12-09T08:04:45.136+0000][1][safepoint    ] Leaving safepoint region
[2019-12-09T08:04:45.136+0000][1][safepoint    ] Total time for which application threads were stopped: 0.0000983 seconds, Stopping threads took: 0.0000251 seconds
[2019-12-09T08:04:46.136+0000][1][safepoint    ] Application time: 1.0000755 seconds
[2019-12-09T08:04:46.136+0000][1][safepoint    ] Entering safepoint region: Cleanup
[2019-12-09T08:04:46.136+0000][1][safepoint    ] Leaving safepoint region
[2019-12-09T08:04:46.136+0000][1][safepoint    ] Total time for which application threads were stopped: 0.0000928 seconds, Stopping threads took: 0.0000200 seconds
[2019-12-09T08:04:47.136+0000][1][safepoint    ] Application time: 1.0000378 seconds
[2019-12-09T08:04:47.136+0000][1][safepoint    ] Entering safepoint region: Cleanup
[2019-12-09T08:04:47.136+0000][1][safepoint    ] Leaving safepoint region
[2019-12-09T08:04:47.136+0000][1][safepoint    ] Total time for which application threads were stopped: 0.0000931 seconds, Stopping threads took: 0.0000211 seconds
[2019-12-09T08:04:48.136+0000][1][safepoint    ] Application time: 1.0000745 seconds
[2019-12-09T08:04:48.137+0000][1][safepoint    ] Entering safepoint region: Cleanup
[2019-12-09T08:04:48.137+0000][1][safepoint    ] Leaving safepoint region
[2019-12-09T08:04:48.137+0000][1][safepoint    ] Total time for which application threads were stopped: 0.0000907 seconds, Stopping threads took: 0.0000204 seconds
[2019-12-09T08:04:49.137+0000][1][safepoint    ] Application time: 1.0000770 seconds
[2019-12-09T08:04:49.137+0000][1][safepoint    ] Entering safepoint region: Cleanup
[2019-12-09T08:04:49.137+0000][1][safepoint    ] Leaving safepoint region
[2019-12-09T08:04:49.137+0000][1][safepoint    ] Total time for which application threads were stopped: 0.0000949 seconds, Stopping threads took: 0.0000201 seconds
[2019-12-09T08:04:50.137+0000][1][safepoint    ] Application time: 1.0000762 seconds
[2019-12-09T08:04:50.137+0000][1][safepoint    ] Entering safepoint region: Cleanup
[2019-12-09T08:04:50.137+0000][1][safepoint    ] Leaving safepoint region
[2019-12-09T08:04:50.137+0000][1][safepoint    ] Total time for which application threads were stopped: 0.0000913 seconds, Stopping threads took: 0.0000189 seconds
[2019-12-09T08:04:51.137+0000][1][safepoint    ] Application time: 1.0000777 seconds
[2019-12-09T08:04:51.137+0000][1][safepoint    ] Entering safepoint region: Cleanup
[2019-12-09T08:04:51.137+0000][1][safepoint    ] Leaving safepoint region
[2019-12-09T08:04:51.137+0000][1][safepoint    ] Total time for which application threads were stopped: 0.0000928 seconds, Stopping threads took: 0.0000198 seconds
[2019-12-09T08:04:52.137+0000][1][safepoint    ] Application time: 1.0000807 seconds
[2019-12-09T08:04:52.137+0000][1][safepoint    ] Entering safepoint region: Cleanup
[2019-12-09T08:04:52.137+0000][1][safepoint    ] Leaving safepoint region
[2019-12-09T08:04:52.138+0000][1][safepoint    ] Total time for which application threads were stopped: 0.0001278 seconds, Stopping threads took: 0.0000270 seconds
[2019-12-09T08:04:53.138+0000][1][safepoint    ] Application time: 1.0000493 seconds
[2019-12-09T08:04:53.138+0000][1][safepoint    ] Entering safepoint region: Cleanup
[2019-12-09T08:04:53.138+0000][1][safepoint    ] Leaving safepoint region
[2019-12-09T08:04:53.138+0000][1][safepoint    ] Total time for which application threads were stopped: 0.0001032 seconds, Stopping threads took: 0.0000192 seconds
[2019-12-09T08:04:54.610+0000][1][safepoint    ] Application time: 1.4721985 seconds
[2019-12-09T08:04:54.610+0000][1][safepoint    ] Entering safepoint region: Cleanup
[2019-12-09T08:04:54.610+0000][1][safepoint    ] Leaving safepoint region
[2019-12-09T08:04:54.610+0000][1][safepoint    ] Total time for which application threads were stopped: 0.0000849 seconds, Stopping threads took: 0.0000175 seconds
[2019-12-09T08:04:55.610+0000][1][safepoint    ] Application time: 1.0000766 seconds
[2019-12-09T08:04:55.610+0000][1][safepoint    ] Entering safepoint region: Cleanup
[2019-12-09T08:04:55.610+0000][1][safepoint    ] Leaving safepoint region
[2019-12-09T08:04:55.610+0000][1][safepoint    ] Total time for which application threads were stopped: 0.0000936 seconds, Stopping threads took: 0.0000199 seconds
[2019-12-09T08:04:56.610+0000][1][safepoint    ] Application time: 1.0000770 seconds
[2019-12-09T08:04:56.610+0000][1][safepoint    ] Entering safepoint region: Cleanup
[2019-12-09T08:04:56.610+0000][1][safepoint    ] Leaving safepoint region
[2019-12-09T08:04:56.610+0000][1][safepoint    ] Total time for which application threads were stopped: 0.0000911 seconds, Stopping threads took: 0.0000188 seconds
[2019-12-09T08:04:57.611+0000][1][safepoint    ] Application time: 1.0000761 seconds
[2019-12-09T08:04:57.611+0000][1][safepoint    ] Entering safepoint region: Cleanup
[2019-12-09T08:04:57.611+0000][1][safepoint    ] Leaving safepoint region
[2019-12-09T08:04:57.611+0000][1][safepoint    ] Total time for which application threads were stopped: 0.0001034 seconds, Stopping threads took: 0.0000191 seconds
[2019-12-09T08:04:58.611+0000][1][safepoint    ] Application time: 1.0000748 seconds
[2019-12-09T08:04:58.611+0000][1][safepoint    ] Entering safepoint region: Cleanup
[2019-12-09T08:04:58.611+0000][1][safepoint    ] Leaving safepoint region
[2019-12-09T08:04:58.611+0000][1][safepoint    ] Total time for which application threads were stopped: 0.0000907 seconds, Stopping threads took: 0.0000191 seconds
[2019-12-09T08:04:59.611+0000][1][safepoint    ] Application time: 1.0000755 seconds
[2019-12-09T08:04:59.611+0000][1][safepoint    ] Entering safepoint region: Cleanup
[2019-12-09T08:04:59.611+0000][1][safepoint    ] Leaving safepoint region
[2019-12-09T08:04:59.611+0000][1][safepoint    ] Total time for which application threads were stopped: 0.0000995 seconds, Stopping threads took: 0.0000206 seconds
[2019-12-09T08:05:00.611+0000][1][safepoint    ] Application time: 1.0000865 seconds
[2019-12-09T08:05:00.611+0000][1][safepoint    ] Entering safepoint region: Cleanup
[2019-12-09T08:05:00.611+0000][1][safepoint    ] Leaving safepoint region
[2019-12-09T08:05:00.611+0000][1][safepoint    ] Total time for which application threads were stopped: 0.0001204 seconds, Stopping threads took: 0.0000230 seconds
[2019-12-09T08:05:01.611+0000][1][safepoint    ] Application time: 1.0000787 seconds
[2019-12-09T08:05:01.612+0000][1][safepoint    ] Entering safepoint region: Cleanup
[2019-12-09T08:05:01.612+0000][1][safepoint    ] Leaving safepoint region
[2019-12-09T08:05:01.612+0000][1][safepoint    ] Total time for which application threads were stopped: 0.0000982 seconds, Stopping threads took: 0.0000182 seconds
[2019-12-09T08:05:02.612+0000][1][safepoint    ] Application time: 1.0000747 seconds
[2019-12-09T08:05:02.612+0000][1][safepoint    ] Entering safepoint region: Cleanup
[2019-12-09T08:05:02.612+0000][1][safepoint    ] Leaving safepoint region
[2019-12-09T08:05:02.612+0000][1][safepoint    ] Total time for which application threads were stopped: 0.0000908 seconds, Stopping threads took: 0.0000194 seconds
[2019-12-09T08:05:03.613+0000][1][safepoint    ] Application time: 1.0007455 seconds
[2019-12-09T08:05:03.613+0000][1][safepoint    ] Entering safepoint region: Cleanup
[2019-12-09T08:05:03.613+0000][1][safepoint    ] Leaving safepoint region
[2019-12-09T08:05:03.613+0000][1][safepoint    ] Total time for which application threads were stopped: 0.0001646 seconds, Stopping threads took: 0.0000287 seconds
[2019-12-09T08:05:04.613+0000][1][safepoint    ] Application time: 1.0000760 seconds
[2019-12-09T08:05:04.613+0000][1][safepoint    ] Entering safepoint region: Cleanup
[2019-12-09T08:05:04.613+0000][1][safepoint    ] Leaving safepoint region
[2019-12-09T08:05:04.613+0000][1][safepoint    ] Total time for which application threads were stopped: 0.0000932 seconds, Stopping threads took: 0.0000194 seconds
[2019-12-09T08:05:05.613+0000][1][safepoint    ] Application time: 1.0000809 seconds
[2019-12-09T08:05:05.613+0000][1][safepoint    ] Entering safepoint region: Cleanup
[2019-12-09T08:05:05.613+0000][1][safepoint    ] Leaving safepoint region
[2019-12-09T08:05:05.613+0000][1][safepoint    ] Total time for which application threads were stopped: 0.0000903 seconds, Stopping threads took: 0.0000187 seconds
[2019-12-09T08:05:06.613+0000][1][safepoint    ] Application time: 1.0000748 seconds
[2019-12-09T08:05:06.613+0000][1][safepoint    ] Entering safepoint region: Cleanup
[2019-12-09T08:05:06.613+0000][1][safepoint    ] Leaving safepoint region
[2019-12-09T08:05:06.613+0000][1][safepoint    ] Total time for which application threads were stopped: 0.0000903 seconds, Stopping threads took: 0.0000186 seconds
[2019-12-09T08:05:07.614+0000][1][safepoint    ] Application time: 1.0000764 seconds
[2019-12-09T08:05:07.614+0000][1][safepoint    ] Entering safepoint region: Cleanup
[2019-12-09T08:05:07.614+0000][1][safepoint    ] Leaving safepoint region
[2019-12-09T08:05:07.614+0000][1][safepoint    ] Total time for which application threads were stopped: 0.0000907 seconds, Stopping threads took: 0.0000179 seconds
[2019-12-09T08:05:08.614+0000][1][safepoint    ] Application time: 1.0000740 seconds
[2019-12-09T08:05:08.614+0000][1][safepoint    ] Entering safepoint region: Cleanup
[2019-12-09T08:05:08.614+0000][1][safepoint    ] Leaving safepoint region
[2019-12-09T08:05:08.614+0000][1][safepoint    ] Total time for which application threads were stopped: 0.0000932 seconds, Stopping threads took: 0.0000194 seconds
[2019-12-09T08:05:09.614+0000][1][safepoint    ] Application time: 1.0000750 seconds
[2019-12-09T08:05:09.614+0000][1][safepoint    ] Entering safepoint region: Cleanup
[2019-12-09T08:05:09.614+0000][1][safepoint    ] Leaving safepoint region
[2019-12-09T08:05:09.614+0000][1][safepoint    ] Total time for which application threads were stopped: 0.0001007 seconds, Stopping threads took: 0.0000280 seconds
[2019-12-09T08:05:10.614+0000][1][safepoint    ] Application time: 1.0000767 seconds
[2019-12-09T08:05:10.614+0000][1][safepoint    ] Entering safepoint region: Cleanup
[2019-12-09T08:05:10.614+0000][1][safepoint    ] Leaving safepoint region
[2019-12-09T08:05:10.614+0000][1][safepoint    ] Total time for which application threads were stopped: 0.0000898 seconds, Stopping threads took: 0.0000192 seconds
[2019-12-09T08:05:11.614+0000][1][safepoint    ] Application time: 1.0000759 seconds
[2019-12-09T08:05:11.614+0000][1][safepoint    ] Entering safepoint region: Cleanup
[2019-12-09T08:05:11.615+0000][1][safepoint    ] Leaving safepoint region
[2019-12-09T08:05:11.615+0000][1][safepoint    ] Total time for which application threads were stopped: 0.0000910 seconds, Stopping threads took: 0.0000199 seconds
[2019-12-09T08:05:12.615+0000][1][safepoint    ] Application time: 1.0000760 seconds
[2019-12-09T08:05:12.615+0000][1][safepoint    ] Entering safepoint region: Cleanup
[2019-12-09T08:05:12.615+0000][1][safepoint    ] Leaving safepoint region
[2019-12-09T08:05:12.615+0000][1][safepoint    ] Total time for which application threads were stopped: 0.0001055 seconds, Stopping threads took: 0.0000176 seconds
[2019-12-09T08:05:13.615+0000][1][safepoint    ] Application time: 1.0000831 seconds
[2019-12-09T08:05:13.615+0000][1][safepoint    ] Entering safepoint region: Cleanup
[2019-12-09T08:05:13.615+0000][1][safepoint    ] Leaving safepoint region
[2019-12-09T08:05:13.615+0000][1][safepoint    ] Total time for which application threads were stopped: 0.0001253 seconds, Stopping threads took: 0.0000265 seconds
[2019-12-09T08:05:14.615+0000][1][safepoint    ] Application time: 1.0000746 seconds
[2019-12-09T08:05:14.615+0000][1][safepoint    ] Entering safepoint region: Cleanup
[2019-12-09T08:05:14.615+0000][1][safepoint    ] Leaving safepoint region
[2019-12-09T08:05:14.615+0000][1][safepoint    ] Total time for which application threads were stopped: 0.0000891 seconds, Stopping threads took: 0.0000184 seconds
[2019-12-09T08:05:15.615+0000][1][safepoint    ] Application time: 1.0002028 seconds
[2019-12-09T08:05:15.616+0000][1][safepoint    ] Entering safepoint region: Cleanup
[2019-12-09T08:05:15.616+0000][1][safepoint    ] Leaving safepoint region
[2019-12-09T08:05:15.616+0000][1][safepoint    ] Total time for which application threads were stopped: 0.0001359 seconds, Stopping threads took: 0.0000350 seconds
[2019-12-09T08:05:16.616+0000][1][safepoint    ] Application time: 1.0000754 seconds
[2019-12-09T08:05:16.616+0000][1][safepoint    ] Entering safepoint region: Cleanup
[2019-12-09T08:05:16.616+0000][1][safepoint    ] Leaving safepoint region
[2019-12-09T08:05:16.616+0000][1][safepoint    ] Total time for which application threads were stopped: 0.0000892 seconds, Stopping threads took: 0.0000194 seconds
[2019-12-09T08:05:17.616+0000][1][safepoint    ] Application time: 1.0000739 seconds
[2019-12-09T08:05:17.616+0000][1][safepoint    ] Entering safepoint region: Cleanup
[2019-12-09T08:05:17.616+0000][1][safepoint    ] Leaving safepoint region
[2019-12-09T08:05:17.616+0000][1][safepoint    ] Total time for which application threads were stopped: 0.0000911 seconds, Stopping threads took: 0.0000201 seconds
[2019-12-09T08:05:18.616+0000][1][safepoint    ] Application time: 1.0000757 seconds
[2019-12-09T08:05:18.616+0000][1][safepoint    ] Entering safepoint region: Cleanup
[2019-12-09T08:05:18.616+0000][1][safepoint    ] Leaving safepoint region
[2019-12-09T08:05:18.616+0000][1][safepoint    ] Total time for which application threads were stopped: 0.0000926 seconds, Stopping threads took: 0.0000183 seconds
[2019-12-09T08:05:19.616+0000][1][safepoint    ] Application time: 1.0000745 seconds
[2019-12-09T08:05:19.616+0000][1][safepoint    ] Entering safepoint region: Cleanup
[2019-12-09T08:05:19.616+0000][1][safepoint    ] Leaving safepoint region
[2019-12-09T08:05:19.616+0000][1][safepoint    ] Total time for which application threads were stopped: 0.0000915 seconds, Stopping threads took: 0.0000199 seconds
[2019-12-09T08:05:20.617+0000][1][safepoint    ] Application time: 1.0000754 seconds
[2019-12-09T08:05:20.617+0000][1][safepoint    ] Entering safepoint region: Cleanup
[2019-12-09T08:05:20.617+0000][1][safepoint    ] Leaving safepoint region
[2019-12-09T08:05:20.617+0000][1][safepoint    ] Total time for which application threads were stopped: 0.0001027 seconds, Stopping threads took: 0.0000187 seconds
[2019-12-09T08:05:21.788+0000][1][safepoint    ] Application time: 1.1709011 seconds
[2019-12-09T08:05:21.788+0000][1][safepoint    ] Entering safepoint region: Cleanup
[2019-12-09T08:05:21.788+0000][1][safepoint    ] Leaving safepoint region
[2019-12-09T08:05:21.788+0000][1][safepoint    ] Total time for which application threads were stopped: 0.0000997 seconds, Stopping threads took: 0.0000172 seconds
[2019-12-09T08:05:22.788+0000][1][safepoint    ] Application time: 1.0000820 seconds
[2019-12-09T08:05:22.788+0000][1][safepoint    ] Entering safepoint region: Cleanup
[2019-12-09T08:05:22.788+0000][1][safepoint    ] Leaving safepoint region
[2019-12-09T08:05:22.788+0000][1][safepoint    ] Total time for which application threads were stopped: 0.0000866 seconds, Stopping threads took: 0.0000171 seconds
[2019-12-09T08:05:23.788+0000][1][safepoint    ] Application time: 1.0000748 seconds
[2019-12-09T08:05:23.788+0000][1][safepoint    ] Entering safepoint region: Cleanup
[2019-12-09T08:05:23.788+0000][1][safepoint    ] Leaving safepoint region
[2019-12-09T08:05:23.788+0000][1][safepoint    ] Total time for which application threads were stopped: 0.0000962 seconds, Stopping threads took: 0.0000278 seconds
[2019-12-09T08:05:24.788+0000][1][safepoint    ] Application time: 1.0000755 seconds
[2019-12-09T08:05:24.788+0000][1][safepoint    ] Entering safepoint region: Cleanup
[2019-12-09T08:05:24.788+0000][1][safepoint    ] Leaving safepoint region
[2019-12-09T08:05:24.788+0000][1][safepoint    ] Total time for which application threads were stopped: 0.0000896 seconds, Stopping threads took: 0.0000176 seconds
[2019-12-09T08:05:25.788+0000][1][safepoint    ] Application time: 1.0000770 seconds
[2019-12-09T08:05:25.788+0000][1][safepoint    ] Entering safepoint region: Cleanup
[2019-12-09T08:05:25.788+0000][1][safepoint    ] Leaving safepoint region
[2019-12-09T08:05:25.789+0000][1][safepoint    ] Total time for which application threads were stopped: 0.0000886 seconds, Stopping threads took: 0.0000179 seconds
[2019-12-09T08:05:26.789+0000][1][safepoint    ] Application time: 1.0000752 seconds
[2019-12-09T08:05:26.789+0000][1][safepoint    ] Entering safepoint region: Cleanup
[2019-12-09T08:05:26.789+0000][1][safepoint    ] Leaving safepoint region
[2019-12-09T08:05:26.789+0000][1][safepoint    ] Total time for which application threads were stopped: 0.0001031 seconds, Stopping threads took: 0.0000173 seconds
[2019-12-09T08:05:27.789+0000][1][safepoint    ] Application time: 1.0000738 seconds
[2019-12-09T08:05:27.789+0000][1][safepoint    ] Entering safepoint region: Cleanup
[2019-12-09T08:05:27.789+0000][1][safepoint    ] Leaving safepoint region
[2019-12-09T08:05:27.789+0000][1][safepoint    ] Total time for which application threads were stopped: 0.0000872 seconds, Stopping threads took: 0.0000182 seconds
[2019-12-09T08:05:28.789+0000][1][safepoint    ] Application time: 1.0000746 seconds
[2019-12-09T08:05:28.789+0000][1][safepoint    ] Entering safepoint region: Cleanup
[2019-12-09T08:05:28.789+0000][1][safepoint    ] Leaving safepoint region
[2019-12-09T08:05:28.789+0000][1][safepoint    ] Total time for which application threads were stopped: 0.0000884 seconds, Stopping threads took: 0.0000188 seconds
[2019-12-09T08:05:29.789+0000][1][safepoint    ] Application time: 1.0000743 seconds
[2019-12-09T08:05:29.789+0000][1][safepoint    ] Entering safepoint region: Cleanup
[2019-12-09T08:05:29.789+0000][1][safepoint    ] Leaving safepoint region
[2019-12-09T08:05:29.789+0000][1][safepoint    ] Total time for which application threads were stopped: 0.0000863 seconds, Stopping threads took: 0.0000185 seconds
[2019-12-09T08:05:30.789+0000][1][safepoint    ] Application time: 1.0000758 seconds
[2019-12-09T08:05:30.789+0000][1][safepoint    ] Entering safepoint region: Cleanup
[2019-12-09T08:05:30.789+0000][1][safepoint    ] Leaving safepoint region
[2019-12-09T08:05:30.789+0000][1][safepoint    ] Total time for which application threads were stopped: 0.0000849 seconds, Stopping threads took: 0.0000178 seconds
[2019-12-09T08:05:31.790+0000][1][safepoint    ] Application time: 1.0000741 seconds
[2019-12-09T08:05:31.790+0000][1][safepoint    ] Entering safepoint region: Cleanup
[2019-12-09T08:05:31.790+0000][1][safepoint    ] Leaving safepoint region
[2019-12-09T08:05:31.790+0000][1][safepoint    ] Total time for which application threads were stopped: 0.0000878 seconds, Stopping threads took: 0.0000182 seconds
[2019-12-09T08:05:32.790+0000][1][safepoint    ] Application time: 1.0000737 seconds
[2019-12-09T08:05:32.790+0000][1][safepoint    ] Entering safepoint region: Cleanup
[2019-12-09T08:05:32.790+0000][1][safepoint    ] Leaving safepoint region
[2019-12-09T08:05:32.790+0000][1][safepoint    ] Total time for which application threads were stopped: 0.0000849 seconds, Stopping threads took: 0.0000171 seconds
[2019-12-09T08:05:33.790+0000][1][safepoint    ] Application time: 1.0000718 seconds
[2019-12-09T08:05:33.790+0000][1][safepoint    ] Entering safepoint region: Cleanup
[2019-12-09T08:05:33.790+0000][1][safepoint    ] Leaving safepoint region
[2019-12-09T08:05:33.790+0000][1][safepoint    ] Total time for which application threads were stopped: 0.0000922 seconds, Stopping threads took: 0.0000243 seconds
[2019-12-09T08:05:34.790+0000][1][safepoint    ] Application time: 1.0000722 seconds
[2019-12-09T08:05:34.790+0000][1][safepoint    ] Entering safepoint region: Cleanup
[2019-12-09T08:05:34.790+0000][1][safepoint    ] Leaving safepoint region
[2019-12-09T08:05:34.790+0000][1][safepoint    ] Total time for which application threads were stopped: 0.0000855 seconds, Stopping threads took: 0.0000174 seconds
[2019-12-09T08:05:35.790+0000][1][safepoint    ] Application time: 1.0000741 seconds
[2019-12-09T08:05:35.790+0000][1][safepoint    ] Entering safepoint region: Cleanup
[2019-12-09T08:05:35.790+0000][1][safepoint    ] Leaving safepoint region
[2019-12-09T08:05:35.790+0000][1][safepoint    ] Total time for which application threads were stopped: 0.0000872 seconds, Stopping threads took: 0.0000182 seconds
[2019-12-09T08:05:36.790+0000][1][safepoint    ] Application time: 1.0000862 seconds
[2019-12-09T08:05:36.791+0000][1][safepoint    ] Entering safepoint region: Cleanup
[2019-12-09T08:05:36.791+0000][1][safepoint    ] Leaving safepoint region
[2019-12-09T08:05:36.791+0000][1][safepoint    ] Total time for which application threads were stopped: 0.0001290 seconds, Stopping threads took: 0.0000234 seconds
[2019-12-09T08:05:37.791+0000][1][safepoint    ] Application time: 1.0000752 seconds
[2019-12-09T08:05:37.791+0000][1][safepoint    ] Entering safepoint region: Cleanup
[2019-12-09T08:05:37.791+0000][1][safepoint    ] Leaving safepoint region
[2019-12-09T08:05:37.791+0000][1][safepoint    ] Total time for which application threads were stopped: 0.0000857 seconds, Stopping threads took: 0.0000174 seconds
[2019-12-09T08:05:38.791+0000][1][safepoint    ] Application time: 1.0000753 seconds
[2019-12-09T08:05:38.791+0000][1][safepoint    ] Entering safepoint region: Cleanup
[2019-12-09T08:05:38.791+0000][1][safepoint    ] Leaving safepoint region
[2019-12-09T08:05:38.791+0000][1][safepoint    ] Total time for which application threads were stopped: 0.0000868 seconds, Stopping threads took: 0.0000191 seconds
[2019-12-09T08:05:39.791+0000][1][safepoint    ] Application time: 1.0000746 seconds
[2019-12-09T08:05:39.791+0000][1][safepoint    ] Entering safepoint region: Cleanup
[2019-12-09T08:05:39.791+0000][1][safepoint    ] Leaving safepoint region
[2019-12-09T08:05:39.791+0000][1][safepoint    ] Total time for which application threads were stopped: 0.0000831 seconds, Stopping threads took: 0.0000176 seconds
[2019-12-09T08:05:40.791+0000][1][safepoint    ] Application time: 1.0000754 seconds
[2019-12-09T08:05:40.791+0000][1][safepoint    ] Entering safepoint region: Cleanup
[2019-12-09T08:05:40.791+0000][1][safepoint    ] Leaving safepoint region
[2019-12-09T08:05:40.791+0000][1][safepoint    ] Total time for which application threads were stopped: 0.0001037 seconds, Stopping threads took: 0.0000174 seconds
[2019-12-09T08:05:41.792+0000][1][safepoint    ] Application time: 1.0000750 seconds
[2019-12-09T08:05:41.792+0000][1][safepoint    ] Entering safepoint region: Cleanup
[2019-12-09T08:05:41.792+0000][1][safepoint    ] Leaving safepoint region
[2019-12-09T08:05:41.792+0000][1][safepoint    ] Total time for which application threads were stopped: 0.0001059 seconds, Stopping threads took: 0.0000186 seconds
[2019-12-09T08:05:42.792+0000][1][safepoint    ] Application time: 1.0000779 seconds
[2019-12-09T08:05:42.792+0000][1][safepoint    ] Entering safepoint region: Cleanup
[2019-12-09T08:05:42.792+0000][1][safepoint    ] Leaving safepoint region
[2019-12-09T08:05:42.792+0000][1][safepoint    ] Total time for which application threads were stopped: 0.0000963 seconds, Stopping threads took: 0.0000243 seconds
[2019-12-09T08:05:43.792+0000][1][safepoint    ] Application time: 1.0000758 seconds
[2019-12-09T08:05:43.792+0000][1][safepoint    ] Entering safepoint region: Cleanup
[2019-12-09T08:05:43.792+0000][1][safepoint    ] Leaving safepoint region
[2019-12-09T08:05:43.792+0000][1][safepoint    ] Total time for which application threads were stopped: 0.0000948 seconds, Stopping threads took: 0.0000251 seconds
[2019-12-09T08:05:44.792+0000][1][safepoint    ] Application time: 1.0000765 seconds
[2019-12-09T08:05:44.792+0000][1][safepoint    ] Entering safepoint region: Cleanup
[2019-12-09T08:05:44.792+0000][1][safepoint    ] Leaving safepoint region
[2019-12-09T08:05:44.792+0000][1][safepoint    ] Total time for which application threads were stopped: 0.0000929 seconds, Stopping threads took: 0.0000208 seconds
[2019-12-09T08:05:45.792+0000][1][safepoint    ] Application time: 1.0000758 seconds
[2019-12-09T08:05:45.792+0000][1][safepoint    ] Entering safepoint region: Cleanup
[2019-12-09T08:05:45.792+0000][1][safepoint    ] Leaving safepoint region
[2019-12-09T08:05:45.792+0000][1][safepoint    ] Total time for which application threads were stopped: 0.0000919 seconds, Stopping threads took: 0.0000199 seconds
[2019-12-09T08:05:46.793+0000][1][safepoint    ] Application time: 1.0000780 seconds
[2019-12-09T08:05:46.793+0000][1][safepoint    ] Entering safepoint region: Cleanup
[2019-12-09T08:05:46.793+0000][1][safepoint    ] Leaving safepoint region
[2019-12-09T08:05:46.793+0000][1][safepoint    ] Total time for which application threads were stopped: 0.0001068 seconds, Stopping threads took: 0.0000201 seconds
[2019-12-09T08:05:47.793+0000][1][safepoint    ] Application time: 1.0000738 seconds
[2019-12-09T08:05:47.793+0000][1][safepoint    ] Entering safepoint region: Cleanup
[2019-12-09T08:05:47.793+0000][1][safepoint    ] Leaving safepoint region
[2019-12-09T08:05:47.793+0000][1][safepoint    ] Total time for which application threads were stopped: 0.0000903 seconds, Stopping threads took: 0.0000186 seconds
[2019-12-09T08:05:48.793+0000][1][safepoint    ] Application time: 1.0000779 seconds
[2019-12-09T08:05:48.793+0000][1][safepoint    ] Entering safepoint region: Cleanup
[2019-12-09T08:05:48.793+0000][1][safepoint    ] Leaving safepoint region
[2019-12-09T08:05:48.793+0000][1][safepoint    ] Total time for which application threads were stopped: 0.0000961 seconds, Stopping threads took: 0.0000207 seconds
[2019-12-09T08:05:49.793+0000][1][safepoint    ] Application time: 1.0000780 seconds
[2019-12-09T08:05:49.793+0000][1][safepoint    ] Entering safepoint region: Cleanup
[2019-12-09T08:05:49.793+0000][1][safepoint    ] Leaving safepoint region
[2019-12-09T08:05:49.793+0000][1][safepoint    ] Total time for which application threads were stopped: 0.0000957 seconds, Stopping threads took: 0.0000210 seconds
[2019-12-09T08:05:50.793+0000][1][safepoint    ] Application time: 1.0000772 seconds
[2019-12-09T08:05:50.793+0000][1][safepoint    ] Entering safepoint region: Cleanup
[2019-12-09T08:05:50.794+0000][1][safepoint    ] Leaving safepoint region
[2019-12-09T08:05:50.794+0000][1][safepoint    ] Total time for which application threads were stopped: 0.0001040 seconds, Stopping threads took: 0.0000295 seconds
[2019-12-09T08:05:51.803+0000][1][safepoint    ] Application time: 1.0089373 seconds
[2019-12-09T08:05:51.803+0000][1][safepoint    ] Entering safepoint region: Cleanup
[2019-12-09T08:05:51.803+0000][1][safepoint    ] Leaving safepoint region
[2019-12-09T08:05:51.803+0000][1][safepoint    ] Total time for which application threads were stopped: 0.0000994 seconds, Stopping threads took: 0.0000215 seconds
[2019-12-09T08:05:52.803+0000][1][safepoint    ] Application time: 1.0000793 seconds
[2019-12-09T08:05:52.803+0000][1][safepoint    ] Entering safepoint region: Cleanup
[2019-12-09T08:05:52.803+0000][1][safepoint    ] Leaving safepoint region
[2019-12-09T08:05:52.803+0000][1][safepoint    ] Total time for which application threads were stopped: 0.0000963 seconds, Stopping threads took: 0.0000212 seconds
[2019-12-09T08:05:53.803+0000][1][safepoint    ] Application time: 1.0000784 seconds
[2019-12-09T08:05:53.803+0000][1][safepoint    ] Entering safepoint region: Cleanup
[2019-12-09T08:05:53.803+0000][1][safepoint    ] Leaving safepoint region
[2019-12-09T08:05:53.803+0000][1][safepoint    ] Total time for which application threads were stopped: 0.0001052 seconds, Stopping threads took: 0.0000311 seconds
[2019-12-09T08:05:54.803+0000][1][safepoint    ] Application time: 1.0000772 seconds
[2019-12-09T08:05:54.803+0000][1][safepoint    ] Entering safepoint region: Cleanup
[2019-12-09T08:05:54.803+0000][1][safepoint    ] Leaving safepoint region
[2019-12-09T08:05:54.803+0000][1][safepoint    ] Total time for which application threads were stopped: 0.0000928 seconds, Stopping threads took: 0.0000209 seconds
[2019-12-09T08:05:55.803+0000][1][safepoint    ] Application time: 1.0000757 seconds
[2019-12-09T08:05:55.803+0000][1][safepoint    ] Entering safepoint region: Cleanup
[2019-12-09T08:05:55.804+0000][1][safepoint    ] Leaving safepoint region
[2019-12-09T08:05:55.804+0000][1][safepoint    ] Total time for which application threads were stopped: 0.0000874 seconds, Stopping threads took: 0.0000173 seconds
[2019-12-09T08:05:56.804+0000][1][safepoint    ] Application time: 1.0000766 seconds
[2019-12-09T08:05:56.804+0000][1][safepoint    ] Entering safepoint region: Cleanup
[2019-12-09T08:05:56.804+0000][1][safepoint    ] Leaving safepoint region
[2019-12-09T08:05:56.804+0000][1][safepoint    ] Total time for which application threads were stopped: 0.0001044 seconds, Stopping threads took: 0.0000206 seconds
[2019-12-09T08:05:57.804+0000][1][safepoint    ] Application time: 1.0000763 seconds
[2019-12-09T08:05:57.804+0000][1][safepoint    ] Entering safepoint region: Cleanup
[2019-12-09T08:05:57.804+0000][1][safepoint    ] Leaving safepoint region
[2019-12-09T08:05:57.804+0000][1][safepoint    ] Total time for which application threads were stopped: 0.0000909 seconds, Stopping threads took: 0.0000186 seconds
[2019-12-09T08:05:58.804+0000][1][safepoint    ] Application time: 1.0000794 seconds
[2019-12-09T08:05:58.804+0000][1][safepoint    ] Entering safepoint region: Cleanup
[2019-12-09T08:05:58.804+0000][1][safepoint    ] Leaving safepoint region
[2019-12-09T08:05:58.804+0000][1][safepoint    ] Total time for which application threads were stopped: 0.0000920 seconds, Stopping threads took: 0.0000200 seconds
[2019-12-09T08:05:59.804+0000][1][safepoint    ] Application time: 1.0000771 seconds
[2019-12-09T08:05:59.804+0000][1][safepoint    ] Entering safepoint region: Cleanup
[2019-12-09T08:05:59.804+0000][1][safepoint    ] Leaving safepoint region
[2019-12-09T08:05:59.804+0000][1][safepoint    ] Total time for which application threads were stopped: 0.0000926 seconds, Stopping threads took: 0.0000199 seconds
[2019-12-09T08:06:00.804+0000][1][safepoint    ] Application time: 1.0000799 seconds
[2019-12-09T08:06:00.805+0000][1][safepoint    ] Entering safepoint region: Cleanup
[2019-12-09T08:06:00.805+0000][1][safepoint    ] Leaving safepoint region
[2019-12-09T08:06:00.805+0000][1][safepoint    ] Total time for which application threads were stopped: 0.0000933 seconds, Stopping threads took: 0.0000199 seconds
[2019-12-09T08:06:01.805+0000][1][safepoint    ] Application time: 1.0000736 seconds
[2019-12-09T08:06:01.805+0000][1][safepoint    ] Entering safepoint region: Cleanup
[2019-12-09T08:06:01.805+0000][1][safepoint    ] Leaving safepoint region
[2019-12-09T08:06:01.805+0000][1][safepoint    ] Total time for which application threads were stopped: 0.0000928 seconds, Stopping threads took: 0.0000197 seconds
[2019-12-09T08:06:02.805+0000][1][safepoint    ] Application time: 1.0000779 seconds
[2019-12-09T08:06:02.805+0000][1][safepoint    ] Entering safepoint region: Cleanup
[2019-12-09T08:06:02.805+0000][1][safepoint    ] Leaving safepoint region
[2019-12-09T08:06:02.805+0000][1][safepoint    ] Total time for which application threads were stopped: 0.0000933 seconds, Stopping threads took: 0.0000202 seconds
[2019-12-09T08:06:03.805+0000][1][safepoint    ] Application time: 1.0000744 seconds
[2019-12-09T08:06:03.805+0000][1][safepoint    ] Entering safepoint region: Cleanup
[2019-12-09T08:06:03.805+0000][1][safepoint    ] Leaving safepoint region
[2019-12-09T08:06:03.805+0000][1][safepoint    ] Total time for which application threads were stopped: 0.0001010 seconds, Stopping threads took: 0.0000185 seconds
[2019-12-09T08:06:04.805+0000][1][safepoint    ] Application time: 1.0000746 seconds
[2019-12-09T08:06:04.805+0000][1][safepoint    ] Entering safepoint region: Cleanup
[2019-12-09T08:06:04.805+0000][1][safepoint    ] Leaving safepoint region
[2019-12-09T08:06:04.805+0000][1][safepoint    ] Total time for which application threads were stopped: 0.0000905 seconds, Stopping threads took: 0.0000193 seconds
[2019-12-09T08:06:05.806+0000][1][safepoint    ] Application time: 1.0000763 seconds
[2019-12-09T08:06:05.806+0000][1][safepoint    ] Entering safepoint region: Cleanup
[2019-12-09T08:06:05.806+0000][1][safepoint    ] Leaving safepoint region
[2019-12-09T08:06:05.806+0000][1][safepoint    ] Total time for which application threads were stopped: 0.0001064 seconds, Stopping threads took: 0.0000195 seconds
[2019-12-09T08:06:06.806+0000][1][safepoint    ] Application time: 1.0000767 seconds
[2019-12-09T08:06:06.806+0000][1][safepoint    ] Entering safepoint region: Cleanup
[2019-12-09T08:06:06.806+0000][1][safepoint    ] Leaving safepoint region
[2019-12-09T08:06:06.806+0000][1][safepoint    ] Total time for which application threads were stopped: 0.0000931 seconds, Stopping threads took: 0.0000202 seconds
[2019-12-09T08:06:07.806+0000][1][safepoint    ] Application time: 1.0000822 seconds
[2019-12-09T08:06:07.806+0000][1][safepoint    ] Entering safepoint region: Cleanup
[2019-12-09T08:06:07.806+0000][1][safepoint    ] Leaving safepoint region
[2019-12-09T08:06:07.806+0000][1][safepoint    ] Total time for which application threads were stopped: 0.0000937 seconds, Stopping threads took: 0.0000202 seconds
[2019-12-09T08:06:08.806+0000][1][safepoint    ] Application time: 1.0000753 seconds
[2019-12-09T08:06:08.806+0000][1][safepoint    ] Entering safepoint region: Cleanup
[2019-12-09T08:06:08.806+0000][1][safepoint    ] Leaving safepoint region
[2019-12-09T08:06:08.806+0000][1][safepoint    ] Total time for which application threads were stopped: 0.0000929 seconds, Stopping threads took: 0.0000196 seconds
[2019-12-09T08:06:09.806+0000][1][safepoint    ] Application time: 1.0000759 seconds
[2019-12-09T08:06:09.806+0000][1][safepoint    ] Entering safepoint region: Cleanup
[2019-12-09T08:06:09.807+0000][1][safepoint    ] Leaving safepoint region
[2019-12-09T08:06:09.807+0000][1][safepoint    ] Total time for which application threads were stopped: 0.0000911 seconds, Stopping threads took: 0.0000192 seconds
[2019-12-09T08:06:10.807+0000][1][safepoint    ] Application time: 1.0000788 seconds
[2019-12-09T08:06:10.807+0000][1][safepoint    ] Entering safepoint region: Cleanup
[2019-12-09T08:06:10.807+0000][1][safepoint    ] Leaving safepoint region
[2019-12-09T08:06:10.807+0000][1][safepoint    ] Total time for which application threads were stopped: 0.0000940 seconds, Stopping threads took: 0.0000191 seconds
[2019-12-09T08:06:11.807+0000][1][safepoint    ] Application time: 1.0000744 seconds
[2019-12-09T08:06:11.807+0000][1][safepoint    ] Entering safepoint region: Cleanup
[2019-12-09T08:06:11.807+0000][1][safepoint    ] Leaving safepoint region
[2019-12-09T08:06:11.807+0000][1][safepoint    ] Total time for which application threads were stopped: 0.0000918 seconds, Stopping threads took: 0.0000199 seconds
[2019-12-09T08:06:12.807+0000][1][safepoint    ] Application time: 1.0000762 seconds
[2019-12-09T08:06:12.807+0000][1][safepoint    ] Entering safepoint region: Cleanup
[2019-12-09T08:06:12.807+0000][1][safepoint    ] Leaving safepoint region
[2019-12-09T08:06:12.807+0000][1][safepoint    ] Total time for which application threads were stopped: 0.0000965 seconds, Stopping threads took: 0.0000206 seconds
[2019-12-09T08:06:13.807+0000][1][safepoint    ] Application time: 1.0000770 seconds
[2019-12-09T08:06:13.807+0000][1][safepoint    ] Entering safepoint region: Cleanup
[2019-12-09T08:06:13.807+0000][1][safepoint    ] Leaving safepoint region
[2019-12-09T08:06:13.807+0000][1][safepoint    ] Total time for which application threads were stopped: 0.0001033 seconds, Stopping threads took: 0.0000209 seconds
[2019-12-09T08:06:14.808+0000][1][safepoint    ] Application time: 1.0000756 seconds
[2019-12-09T08:06:14.808+0000][1][safepoint    ] Entering safepoint region: Cleanup
[2019-12-09T08:06:14.808+0000][1][safepoint    ] Leaving safepoint region
[2019-12-09T08:06:14.808+0000][1][safepoint    ] Total time for which application threads were stopped: 0.0000904 seconds, Stopping threads took: 0.0000178 seconds
[2019-12-09T08:06:15.808+0000][1][safepoint    ] Application time: 1.0000856 seconds
[2019-12-09T08:06:15.808+0000][1][safepoint    ] Entering safepoint region: Cleanup
[2019-12-09T08:06:15.808+0000][1][safepoint    ] Leaving safepoint region
[2019-12-09T08:06:15.808+0000][1][safepoint    ] Total time for which application threads were stopped: 0.0000892 seconds, Stopping threads took: 0.0000186 seconds
[2019-12-09T08:06:16.808+0000][1][safepoint    ] Application time: 1.0001225 seconds
[2019-12-09T08:06:16.808+0000][1][safepoint    ] Entering safepoint region: Cleanup
[2019-12-09T08:06:16.808+0000][1][safepoint    ] Leaving safepoint region
[2019-12-09T08:06:16.808+0000][1][safepoint    ] Total time for which application threads were stopped: 0.0001292 seconds, Stopping threads took: 0.0000283 seconds
[2019-12-09T08:06:17.808+0000][1][safepoint    ] Application time: 1.0000760 seconds
[2019-12-09T08:06:17.808+0000][1][safepoint    ] Entering safepoint region: Cleanup
[2019-12-09T08:06:17.808+0000][1][safepoint    ] Leaving safepoint region
[2019-12-09T08:06:17.808+0000][1][safepoint    ] Total time for which application threads were stopped: 0.0000921 seconds, Stopping threads took: 0.0000200 seconds
[2019-12-09T08:06:18.809+0000][1][safepoint    ] Application time: 1.0000748 seconds
[2019-12-09T08:06:18.809+0000][1][safepoint    ] Entering safepoint region: Cleanup
[2019-12-09T08:06:18.809+0000][1][safepoint    ] Leaving safepoint region
[2019-12-09T08:06:18.809+0000][1][safepoint    ] Total time for which application threads were stopped: 0.0000925 seconds, Stopping threads took: 0.0000192 seconds
[2019-12-09T08:06:19.809+0000][1][safepoint    ] Application time: 1.0000743 seconds
[2019-12-09T08:06:19.809+0000][1][safepoint    ] Entering safepoint region: Cleanup
[2019-12-09T08:06:19.809+0000][1][safepoint    ] Leaving safepoint region
[2019-12-09T08:06:19.809+0000][1][safepoint    ] Total time for which application threads were stopped: 0.0000903 seconds, Stopping threads took: 0.0000195 seconds
[2019-12-09T08:06:20.809+0000][1][safepoint    ] Application time: 1.0000729 seconds
[2019-12-09T08:06:20.809+0000][1][safepoint    ] Entering safepoint region: Cleanup
[2019-12-09T08:06:20.809+0000][1][safepoint    ] Leaving safepoint region
[2019-12-09T08:06:20.809+0000][1][safepoint    ] Total time for which application threads were stopped: 0.0000878 seconds, Stopping threads took: 0.0000188 seconds
[2019-12-09T08:06:21.809+0000][1][safepoint    ] Application time: 1.0000781 seconds
[2019-12-09T08:06:21.809+0000][1][safepoint    ] Entering safepoint region: Cleanup
[2019-12-09T08:06:21.809+0000][1][safepoint    ] Leaving safepoint region
[2019-12-09T08:06:21.809+0000][1][safepoint    ] Total time for which application threads were stopped: 0.0001067 seconds, Stopping threads took: 0.0000248 seconds
[2019-12-09T08:06:22.809+0000][1][safepoint    ] Application time: 1.0000741 seconds
[2019-12-09T08:06:22.809+0000][1][safepoint    ] Entering safepoint region: Cleanup
[2019-12-09T08:06:22.809+0000][1][safepoint    ] Leaving safepoint region
[2019-12-09T08:06:22.810+0000][1][safepoint    ] Total time for which application threads were stopped: 0.0000952 seconds, Stopping threads took: 0.0000198 seconds
[2019-12-09T08:06:23.810+0000][1][safepoint    ] Application time: 1.0000762 seconds
[2019-12-09T08:06:23.810+0000][1][safepoint    ] Entering safepoint region: Cleanup
[2019-12-09T08:06:23.810+0000][1][safepoint    ] Leaving safepoint region
[2019-12-09T08:06:23.810+0000][1][safepoint    ] Total time for which application threads were stopped: 0.0001152 seconds, Stopping threads took: 0.0000199 seconds
[2019-12-09T08:06:24.810+0000][1][safepoint    ] Application time: 1.0000765 seconds
[2019-12-09T08:06:24.810+0000][1][safepoint    ] Entering safepoint region: Cleanup
[2019-12-09T08:06:24.810+0000][1][safepoint    ] Leaving safepoint region
[2019-12-09T08:06:24.810+0000][1][safepoint    ] Total time for which application threads were stopped: 0.0000918 seconds, Stopping threads took: 0.0000194 seconds
[2019-12-09T08:06:25.810+0000][1][safepoint    ] Application time: 1.0000776 seconds
[2019-12-09T08:06:25.810+0000][1][safepoint    ] Entering safepoint region: Cleanup
[2019-12-09T08:06:25.810+0000][1][safepoint    ] Leaving safepoint region
[2019-12-09T08:06:25.810+0000][1][safepoint    ] Total time for which application threads were stopped: 0.0001015 seconds, Stopping threads took: 0.0000269 seconds
[2019-12-09T08:06:26.810+0000][1][safepoint    ] Application time: 1.0000785 seconds
[2019-12-09T08:06:26.810+0000][1][safepoint    ] Entering safepoint region: Cleanup
[2019-12-09T08:06:26.810+0000][1][safepoint    ] Leaving safepoint region
[2019-12-09T08:06:26.810+0000][1][safepoint    ] Total time for which application threads were stopped: 0.0000972 seconds, Stopping threads took: 0.0000217 seconds
[2019-12-09T08:06:27.810+0000][1][safepoint    ] Application time: 1.0000774 seconds
[2019-12-09T08:06:27.811+0000][1][safepoint    ] Entering safepoint region: Cleanup
[2019-12-09T08:06:27.811+0000][1][safepoint    ] Leaving safepoint region
[2019-12-09T08:06:27.811+0000][1][safepoint    ] Total time for which application threads were stopped: 0.0000957 seconds, Stopping threads took: 0.0000209 seconds
[2019-12-09T08:06:28.811+0000][1][safepoint    ] Application time: 1.0000780 seconds
[2019-12-09T08:06:28.811+0000][1][safepoint    ] Entering safepoint region: Cleanup
[2019-12-09T08:06:28.811+0000][1][safepoint    ] Leaving safepoint region
[2019-12-09T08:06:28.811+0000][1][safepoint    ] Total time for which application threads were stopped: 0.0000938 seconds, Stopping threads took: 0.0000198 seconds
[2019-12-09T08:06:29.811+0000][1][safepoint    ] Application time: 1.0000770 seconds
[2019-12-09T08:06:29.811+0000][1][safepoint    ] Entering safepoint region: Cleanup
[2019-12-09T08:06:29.811+0000][1][safepoint    ] Leaving safepoint region
[2019-12-09T08:06:29.811+0000][1][safepoint    ] Total time for which application threads were stopped: 0.0000910 seconds, Stopping threads took: 0.0000191 seconds
[2019-12-09T08:06:31.365+0000][1][safepoint    ] Application time: 1.5542723 seconds
[2019-12-09T08:06:31.365+0000][1][safepoint    ] Entering safepoint region: Cleanup
[2019-12-09T08:06:31.365+0000][1][safepoint    ] Leaving safepoint region
[2019-12-09T08:06:31.365+0000][1][safepoint    ] Total time for which application threads were stopped: 0.0000967 seconds, Stopping threads took: 0.0000191 seconds
[2019-12-09T08:06:32.366+0000][1][safepoint    ] Application time: 1.0000795 seconds
[2019-12-09T08:06:32.366+0000][1][safepoint    ] Entering safepoint region: Cleanup
[2019-12-09T08:06:32.366+0000][1][safepoint    ] Leaving safepoint region
[2019-12-09T08:06:32.366+0000][1][safepoint    ] Total time for which application threads were stopped: 0.0001010 seconds, Stopping threads took: 0.0000207 seconds
[2019-12-09T08:06:33.175+0000][1][safepoint    ] Application time: 0.8089985 seconds
[2019-12-09T08:06:33.175+0000][1][safepoint    ] Entering safepoint region: GenCollectForAllocation
[2019-12-09T08:06:33.175+0000][1][gc,start     ] GC(62) Pause Young (Allocation Failure)
[2019-12-09T08:06:33.175+0000][1][gc,task      ] GC(62) Using 2 workers of 2 for evacuation
[2019-12-09T08:06:33.176+0000][1][gc,age       ] GC(62) Desired survivor size 4456448 bytes, new threshold 6 (max threshold 6)
[2019-12-09T08:06:33.176+0000][1][gc,age       ] GC(62) Age table with threshold 6 (max threshold 6)
[2019-12-09T08:06:33.176+0000][1][gc,age       ] GC(62) - age   1:       8992 bytes,       8992 total
[2019-12-09T08:06:33.176+0000][1][gc,age       ] GC(62) - age   2:        304 bytes,       9296 total
[2019-12-09T08:06:33.176+0000][1][gc,age       ] GC(62) - age   3:        640 bytes,       9936 total
[2019-12-09T08:06:33.176+0000][1][gc,age       ] GC(62) - age   4:        728 bytes,      10664 total
[2019-12-09T08:06:33.176+0000][1][gc,age       ] GC(62) - age   5:        400 bytes,      11064 total
[2019-12-09T08:06:33.176+0000][1][gc,age       ] GC(62) - age   6:         64 bytes,      11128 total
[2019-12-09T08:06:33.176+0000][1][gc,heap      ] GC(62) ParNew: 69972K->14K(78656K)
[2019-12-09T08:06:33.176+0000][1][gc,heap      ] GC(62) CMS: 75190K->75190K(174784K)
[2019-12-09T08:06:33.177+0000][1][gc,metaspace ] GC(62) Metaspace: 79553K->79553K(1122304K)
[2019-12-09T08:06:33.177+0000][1][gc           ] GC(62) Pause Young (Allocation Failure) 141M->73M(247M) 1.647ms
[2019-12-09T08:06:33.177+0000][1][gc,cpu       ] GC(62) User=0.00s Sys=0.00s Real=0.00s
[2019-12-09T08:06:33.177+0000][1][safepoint    ] Leaving safepoint region
[2019-12-09T08:06:33.177+0000][1][safepoint    ] Total time for which application threads were stopped: 0.0018143 seconds, Stopping threads took: 0.0000172 seconds
[2019-12-09T08:06:34.177+0000][1][safepoint    ] Application time: 1.0000904 seconds
[2019-12-09T08:06:34.177+0000][1][safepoint    ] Entering safepoint region: Cleanup
[2019-12-09T08:06:34.177+0000][1][safepoint    ] Leaving safepoint region
[2019-12-09T08:06:34.177+0000][1][safepoint    ] Total time for which application threads were stopped: 0.0000941 seconds, Stopping threads took: 0.0000214 seconds
[2019-12-09T08:06:35.177+0000][1][safepoint    ] Application time: 1.0000816 seconds
[2019-12-09T08:06:35.177+0000][1][safepoint    ] Entering safepoint region: Cleanup
[2019-12-09T08:06:35.177+0000][1][safepoint    ] Leaving safepoint region
[2019-12-09T08:06:35.177+0000][1][safepoint    ] Total time for which application threads were stopped: 0.0000918 seconds, Stopping threads took: 0.0000200 seconds
[2019-12-09T08:06:36.177+0000][1][safepoint    ] Application time: 1.0000790 seconds
[2019-12-09T08:06:36.177+0000][1][safepoint    ] Entering safepoint region: Cleanup
[2019-12-09T08:06:36.177+0000][1][safepoint    ] Leaving safepoint region
[2019-12-09T08:06:36.177+0000][1][safepoint    ] Total time for which application threads were stopped: 0.0000953 seconds, Stopping threads took: 0.0000206 seconds
[2019-12-09T08:06:37.177+0000][1][safepoint    ] Application time: 1.0000763 seconds
[2019-12-09T08:06:37.177+0000][1][safepoint    ] Entering safepoint region: Cleanup
[2019-12-09T08:06:37.177+0000][1][safepoint    ] Leaving safepoint region
[2019-12-09T08:06:37.177+0000][1][safepoint    ] Total time for which application threads were stopped: 0.0000941 seconds, Stopping threads took: 0.0000194 seconds
[2019-12-09T08:06:38.178+0000][1][safepoint    ] Application time: 1.0000817 seconds
[2019-12-09T08:06:38.178+0000][1][safepoint    ] Entering safepoint region: Cleanup
[2019-12-09T08:06:38.178+0000][1][safepoint    ] Leaving safepoint region
[2019-12-09T08:06:38.178+0000][1][safepoint    ] Total time for which application threads were stopped: 0.0001484 seconds, Stopping threads took: 0.0000499 seconds
[2019-12-09T08:06:39.178+0000][1][safepoint    ] Application time: 1.0000827 seconds
[2019-12-09T08:06:39.178+0000][1][safepoint    ] Entering safepoint region: Cleanup
[2019-12-09T08:06:39.178+0000][1][safepoint    ] Leaving safepoint region
[2019-12-09T08:06:39.178+0000][1][safepoint    ] Total time for which application threads were stopped: 0.0000972 seconds, Stopping threads took: 0.0000203 seconds
[2019-12-09T08:06:40.178+0000][1][safepoint    ] Application time: 1.0000792 seconds
[2019-12-09T08:06:40.178+0000][1][safepoint    ] Entering safepoint region: Cleanup
[2019-12-09T08:06:40.178+0000][1][safepoint    ] Leaving safepoint region
[2019-12-09T08:06:40.178+0000][1][safepoint    ] Total time for which application threads were stopped: 0.0000928 seconds, Stopping threads took: 0.0000199 seconds
[2019-12-09T08:06:41.178+0000][1][safepoint    ] Application time: 1.0000756 seconds
[2019-12-09T08:06:41.178+0000][1][safepoint    ] Entering safepoint region: Cleanup
[2019-12-09T08:06:41.178+0000][1][safepoint    ] Leaving safepoint region
[2019-12-09T08:06:41.178+0000][1][safepoint    ] Total time for which application threads were stopped: 0.0000923 seconds, Stopping threads took: 0.0000187 seconds
[2019-12-09T08:06:42.178+0000][1][safepoint    ] Application time: 1.0000769 seconds
[2019-12-09T08:06:42.179+0000][1][safepoint    ] Entering safepoint region: Cleanup
[2019-12-09T08:06:42.179+0000][1][safepoint    ] Leaving safepoint region
[2019-12-09T08:06:42.179+0000][1][safepoint    ] Total time for which application threads were stopped: 0.0000917 seconds, Stopping threads took: 0.0000199 seconds
[2019-12-09T08:06:43.179+0000][1][safepoint    ] Application time: 1.0000727 seconds
[2019-12-09T08:06:43.179+0000][1][safepoint    ] Entering safepoint region: Cleanup
[2019-12-09T08:06:43.179+0000][1][safepoint    ] Leaving safepoint region
[2019-12-09T08:06:43.179+0000][1][safepoint    ] Total time for which application threads were stopped: 0.0000925 seconds, Stopping threads took: 0.0000195 seconds
[2019-12-09T08:06:44.179+0000][1][safepoint    ] Application time: 1.0000775 seconds
[2019-12-09T08:06:44.179+0000][1][safepoint    ] Entering safepoint region: Cleanup
[2019-12-09T08:06:44.179+0000][1][safepoint    ] Leaving safepoint region
[2019-12-09T08:06:44.179+0000][1][safepoint    ] Total time for which application threads were stopped: 0.0000924 seconds, Stopping threads took: 0.0000199 seconds
[2019-12-09T08:06:45.179+0000][1][safepoint    ] Application time: 1.0000740 seconds
[2019-12-09T08:06:45.179+0000][1][safepoint    ] Entering safepoint region: Cleanup
[2019-12-09T08:06:45.179+0000][1][safepoint    ] Leaving safepoint region
[2019-12-09T08:06:45.179+0000][1][safepoint    ] Total time for which application threads were stopped: 0.0000913 seconds, Stopping threads took: 0.0000200 seconds
[2019-12-09T08:06:46.179+0000][1][safepoint    ] Application time: 1.0000779 seconds
[2019-12-09T08:06:46.179+0000][1][safepoint    ] Entering safepoint region: Cleanup
[2019-12-09T08:06:46.179+0000][1][safepoint    ] Leaving safepoint region
[2019-12-09T08:06:46.179+0000][1][safepoint    ] Total time for which application threads were stopped: 0.0000939 seconds, Stopping threads took: 0.0000196 seconds
[2019-12-09T08:06:47.180+0000][1][safepoint    ] Application time: 1.0000734 seconds
[2019-12-09T08:06:47.180+0000][1][safepoint    ] Entering safepoint region: Cleanup
[2019-12-09T08:06:47.180+0000][1][safepoint    ] Leaving safepoint region
[2019-12-09T08:06:47.180+0000][1][safepoint    ] Total time for which application threads were stopped: 0.0001011 seconds, Stopping threads took: 0.0000184 seconds
[2019-12-09T08:06:48.180+0000][1][safepoint    ] Application time: 1.0000773 seconds
[2019-12-09T08:06:48.180+0000][1][safepoint    ] Entering safepoint region: Cleanup
[2019-12-09T08:06:48.180+0000][1][safepoint    ] Leaving safepoint region
[2019-12-09T08:06:48.180+0000][1][safepoint    ] Total time for which application threads were stopped: 0.0000933 seconds, Stopping threads took: 0.0000199 seconds
[2019-12-09T08:06:49.180+0000][1][safepoint    ] Application time: 1.0000753 seconds
[2019-12-09T08:06:49.180+0000][1][safepoint    ] Entering safepoint region: Cleanup
[2019-12-09T08:06:49.180+0000][1][safepoint    ] Leaving safepoint region
[2019-12-09T08:06:49.180+0000][1][safepoint    ] Total time for which application threads were stopped: 0.0000900 seconds, Stopping threads took: 0.0000179 seconds
[2019-12-09T08:06:50.180+0000][1][safepoint    ] Application time: 1.0000766 seconds
[2019-12-09T08:06:50.180+0000][1][safepoint    ] Entering safepoint region: Cleanup
[2019-12-09T08:06:50.180+0000][1][safepoint    ] Leaving safepoint region
[2019-12-09T08:06:50.180+0000][1][safepoint    ] Total time for which application threads were stopped: 0.0000909 seconds, Stopping threads took: 0.0000178 seconds
[2019-12-09T08:06:51.180+0000][1][safepoint    ] Application time: 1.0000754 seconds
[2019-12-09T08:06:51.180+0000][1][safepoint    ] Entering safepoint region: Cleanup
[2019-12-09T08:06:51.181+0000][1][safepoint    ] Leaving safepoint region
[2019-12-09T08:06:51.181+0000][1][safepoint    ] Total time for which application threads were stopped: 0.0000910 seconds, Stopping threads took: 0.0000194 seconds
[2019-12-09T08:06:52.181+0000][1][safepoint    ] Application time: 1.0000794 seconds
[2019-12-09T08:06:52.181+0000][1][safepoint    ] Entering safepoint region: Cleanup
[2019-12-09T08:06:52.181+0000][1][safepoint    ] Leaving safepoint region
[2019-12-09T08:06:52.181+0000][1][safepoint    ] Total time for which application threads were stopped: 0.0001072 seconds, Stopping threads took: 0.0000328 seconds
[2019-12-09T08:06:53.181+0000][1][safepoint    ] Application time: 1.0000768 seconds
[2019-12-09T08:06:53.181+0000][1][safepoint    ] Entering safepoint region: Cleanup
[2019-12-09T08:06:53.181+0000][1][safepoint    ] Leaving safepoint region
[2019-12-09T08:06:53.181+0000][1][safepoint    ] Total time for which application threads were stopped: 0.0000912 seconds, Stopping threads took: 0.0000186 seconds
[2019-12-09T08:06:54.181+0000][1][safepoint    ] Application time: 1.0000766 seconds
[2019-12-09T08:06:54.181+0000][1][safepoint    ] Entering safepoint region: Cleanup
[2019-12-09T08:06:54.181+0000][1][safepoint    ] Leaving safepoint region
[2019-12-09T08:06:54.181+0000][1][safepoint    ] Total time for which application threads were stopped: 0.0000938 seconds, Stopping threads took: 0.0000192 seconds
[2019-12-09T08:06:55.181+0000][1][safepoint    ] Application time: 1.0000737 seconds
[2019-12-09T08:06:55.181+0000][1][safepoint    ] Entering safepoint region: Cleanup
[2019-12-09T08:06:55.181+0000][1][safepoint    ] Leaving safepoint region
[2019-12-09T08:06:55.181+0000][1][safepoint    ] Total time for which application threads were stopped: 0.0001096 seconds, Stopping threads took: 0.0000194 seconds
[2019-12-09T08:06:56.182+0000][1][safepoint    ] Application time: 1.0000768 seconds
[2019-12-09T08:06:56.182+0000][1][safepoint    ] Entering safepoint region: Cleanup
[2019-12-09T08:06:56.182+0000][1][safepoint    ] Leaving safepoint region
[2019-12-09T08:06:56.182+0000][1][safepoint    ] Total time for which application threads were stopped: 0.0001112 seconds, Stopping threads took: 0.0000288 seconds
[2019-12-09T08:06:57.182+0000][1][safepoint    ] Application time: 1.0000756 seconds
[2019-12-09T08:06:57.182+0000][1][safepoint    ] Entering safepoint region: Cleanup
[2019-12-09T08:06:57.182+0000][1][safepoint    ] Leaving safepoint region
[2019-12-09T08:06:57.182+0000][1][safepoint    ] Total time for which application threads were stopped: 0.0000878 seconds, Stopping threads took: 0.0000180 seconds
[2019-12-09T08:06:58.182+0000][1][safepoint    ] Application time: 1.0000753 seconds
[2019-12-09T08:06:58.182+0000][1][safepoint    ] Entering safepoint region: Cleanup
[2019-12-09T08:06:58.182+0000][1][safepoint    ] Leaving safepoint region
[2019-12-09T08:06:58.182+0000][1][safepoint    ] Total time for which application threads were stopped: 0.0000924 seconds, Stopping threads took: 0.0000194 seconds
[2019-12-09T08:06:59.182+0000][1][safepoint    ] Application time: 1.0000750 seconds
[2019-12-09T08:06:59.182+0000][1][safepoint    ] Entering safepoint region: Cleanup
[2019-12-09T08:06:59.182+0000][1][safepoint    ] Leaving safepoint region
[2019-12-09T08:06:59.182+0000][1][safepoint    ] Total time for which application threads were stopped: 0.0000906 seconds, Stopping threads took: 0.0000189 seconds
[2019-12-09T08:07:00.182+0000][1][safepoint    ] Application time: 1.0000783 seconds
[2019-12-09T08:07:00.182+0000][1][safepoint    ] Entering safepoint region: Cleanup
[2019-12-09T08:07:00.183+0000][1][safepoint    ] Leaving safepoint region
[2019-12-09T08:07:00.183+0000][1][safepoint    ] Total time for which application threads were stopped: 0.0000964 seconds, Stopping threads took: 0.0000190 seconds
[2019-12-09T08:07:01.183+0000][1][safepoint    ] Application time: 1.0000782 seconds
[2019-12-09T08:07:01.183+0000][1][safepoint    ] Entering safepoint region: Cleanup
[2019-12-09T08:07:01.183+0000][1][safepoint    ] Leaving safepoint region
[2019-12-09T08:07:01.183+0000][1][safepoint    ] Total time for which application threads were stopped: 0.0001061 seconds, Stopping threads took: 0.0000319 seconds
[2019-12-09T08:07:02.183+0000][1][safepoint    ] Application time: 1.0000760 seconds
[2019-12-09T08:07:02.183+0000][1][safepoint    ] Entering safepoint region: Cleanup
[2019-12-09T08:07:02.183+0000][1][safepoint    ] Leaving safepoint region
[2019-12-09T08:07:02.183+0000][1][safepoint    ] Total time for which application threads were stopped: 0.0000935 seconds, Stopping threads took: 0.0000193 seconds
[2019-12-09T08:07:03.183+0000][1][safepoint    ] Application time: 1.0000749 seconds
[2019-12-09T08:07:03.183+0000][1][safepoint    ] Entering safepoint region: Cleanup
[2019-12-09T08:07:03.183+0000][1][safepoint    ] Leaving safepoint region
[2019-12-09T08:07:03.183+0000][1][safepoint    ] Total time for which application threads were stopped: 0.0000923 seconds, Stopping threads took: 0.0000203 seconds
[2019-12-09T08:07:04.183+0000][1][safepoint    ] Application time: 1.0000771 seconds
[2019-12-09T08:07:04.183+0000][1][safepoint    ] Entering safepoint region: Cleanup
[2019-12-09T08:07:04.183+0000][1][safepoint    ] Leaving safepoint region
[2019-12-09T08:07:04.183+0000][1][safepoint    ] Total time for which application threads were stopped: 0.0000897 seconds, Stopping threads took: 0.0000189 seconds
[2019-12-09T08:07:05.183+0000][1][safepoint    ] Application time: 1.0000765 seconds
[2019-12-09T08:07:05.184+0000][1][safepoint    ] Entering safepoint region: Cleanup
[2019-12-09T08:07:05.184+0000][1][safepoint    ] Leaving safepoint region
[2019-12-09T08:07:05.184+0000][1][safepoint    ] Total time for which application threads were stopped: 0.0000939 seconds, Stopping threads took: 0.0000191 seconds
[2019-12-09T08:07:06.184+0000][1][safepoint    ] Application time: 1.0000680 seconds
[2019-12-09T08:07:06.184+0000][1][safepoint    ] Entering safepoint region: Cleanup
[2019-12-09T08:07:06.184+0000][1][safepoint    ] Leaving safepoint region
[2019-12-09T08:07:06.184+0000][1][safepoint    ] Total time for which application threads were stopped: 0.0000923 seconds, Stopping threads took: 0.0000194 seconds
[2019-12-09T08:07:07.184+0000][1][safepoint    ] Application time: 1.0000758 seconds
[2019-12-09T08:07:07.184+0000][1][safepoint    ] Entering safepoint region: Cleanup
[2019-12-09T08:07:07.184+0000][1][safepoint    ] Leaving safepoint region
[2019-12-09T08:07:07.184+0000][1][safepoint    ] Total time for which application threads were stopped: 0.0000910 seconds, Stopping threads took: 0.0000200 seconds
[2019-12-09T08:07:08.184+0000][1][safepoint    ] Application time: 1.0000783 seconds
[2019-12-09T08:07:08.184+0000][1][safepoint    ] Entering safepoint region: Cleanup
[2019-12-09T08:07:08.184+0000][1][safepoint    ] Leaving safepoint region
[2019-12-09T08:07:08.184+0000][1][safepoint    ] Total time for which application threads were stopped: 0.0001006 seconds, Stopping threads took: 0.0000195 seconds
[2019-12-09T08:07:09.184+0000][1][safepoint    ] Application time: 1.0000792 seconds
[2019-12-09T08:07:09.184+0000][1][safepoint    ] Entering safepoint region: Cleanup
[2019-12-09T08:07:09.184+0000][1][safepoint    ] Leaving safepoint region
[2019-12-09T08:07:09.184+0000][1][safepoint    ] Total time for which application threads were stopped: 0.0000884 seconds, Stopping threads took: 0.0000189 seconds
[2019-12-09T08:07:10.185+0000][1][safepoint    ] Application time: 1.0000795 seconds
[2019-12-09T08:07:10.185+0000][1][safepoint    ] Entering safepoint region: Cleanup
[2019-12-09T08:07:10.185+0000][1][safepoint    ] Leaving safepoint region
[2019-12-09T08:07:10.185+0000][1][safepoint    ] Total time for which application threads were stopped: 0.0001075 seconds, Stopping threads took: 0.0000195 seconds
[2019-12-09T08:07:11.185+0000][1][safepoint    ] Application time: 1.0000769 seconds
[2019-12-09T08:07:11.185+0000][1][safepoint    ] Entering safepoint region: Cleanup
[2019-12-09T08:07:11.185+0000][1][safepoint    ] Leaving safepoint region
[2019-12-09T08:07:11.185+0000][1][safepoint    ] Total time for which application threads were stopped: 0.0001005 seconds, Stopping threads took: 0.0000279 seconds
[2019-12-09T08:07:12.185+0000][1][safepoint    ] Application time: 1.0000755 seconds
[2019-12-09T08:07:12.185+0000][1][safepoint    ] Entering safepoint region: Cleanup
[2019-12-09T08:07:12.185+0000][1][safepoint    ] Leaving safepoint region
[2019-12-09T08:07:12.185+0000][1][safepoint    ] Total time for which application threads were stopped: 0.0000913 seconds, Stopping threads took: 0.0000199 seconds
[2019-12-09T08:07:13.185+0000][1][safepoint    ] Application time: 1.0000788 seconds
[2019-12-09T08:07:13.185+0000][1][safepoint    ] Entering safepoint region: Cleanup
[2019-12-09T08:07:13.185+0000][1][safepoint    ] Leaving safepoint region
[2019-12-09T08:07:13.185+0000][1][safepoint    ] Total time for which application threads were stopped: 0.0000905 seconds, Stopping threads took: 0.0000181 seconds
[2019-12-09T08:07:14.620+0000][1][safepoint    ] Application time: 1.4349243 seconds
[2019-12-09T08:07:14.620+0000][1][safepoint    ] Entering safepoint region: Cleanup
[2019-12-09T08:07:14.620+0000][1][safepoint    ] Leaving safepoint region
[2019-12-09T08:07:14.620+0000][1][safepoint    ] Total time for which application threads were stopped: 0.0000889 seconds, Stopping threads took: 0.0000194 seconds
[2019-12-09T08:07:15.621+0000][1][safepoint    ] Application time: 1.0000744 seconds
[2019-12-09T08:07:15.621+0000][1][safepoint    ] Entering safepoint region: Cleanup
[2019-12-09T08:07:15.621+0000][1][safepoint    ] Leaving safepoint region
[2019-12-09T08:07:15.621+0000][1][safepoint    ] Total time for which application threads were stopped: 0.0000912 seconds, Stopping threads took: 0.0000191 seconds
[2019-12-09T08:07:16.621+0000][1][safepoint    ] Application time: 1.0000757 seconds
[2019-12-09T08:07:16.621+0000][1][safepoint    ] Entering safepoint region: Cleanup
[2019-12-09T08:07:16.621+0000][1][safepoint    ] Leaving safepoint region
[2019-12-09T08:07:16.621+0000][1][safepoint    ] Total time for which application threads were stopped: 0.0000913 seconds, Stopping threads took: 0.0000189 seconds
[2019-12-09T08:07:17.621+0000][1][safepoint    ] Application time: 1.0000750 seconds
[2019-12-09T08:07:17.621+0000][1][safepoint    ] Entering safepoint region: Cleanup
[2019-12-09T08:07:17.621+0000][1][safepoint    ] Leaving safepoint region
[2019-12-09T08:07:17.621+0000][1][safepoint    ] Total time for which application threads were stopped: 0.0000918 seconds, Stopping threads took: 0.0000186 seconds
[2019-12-09T08:07:18.621+0000][1][safepoint    ] Application time: 1.0000765 seconds
[2019-12-09T08:07:18.621+0000][1][safepoint    ] Entering safepoint region: Cleanup
[2019-12-09T08:07:18.621+0000][1][safepoint    ] Leaving safepoint region
[2019-12-09T08:07:18.621+0000][1][safepoint    ] Total time for which application threads were stopped: 0.0000911 seconds, Stopping threads took: 0.0000184 seconds
[2019-12-09T08:07:19.621+0000][1][safepoint    ] Application time: 1.0000757 seconds
[2019-12-09T08:07:19.621+0000][1][safepoint    ] Entering safepoint region: Cleanup
[2019-12-09T08:07:19.621+0000][1][safepoint    ] Leaving safepoint region
[2019-12-09T08:07:19.621+0000][1][safepoint    ] Total time for which application threads were stopped: 0.0000929 seconds, Stopping threads took: 0.0000198 seconds
[2019-12-09T08:07:20.622+0000][1][safepoint    ] Application time: 1.0000766 seconds
[2019-12-09T08:07:20.622+0000][1][safepoint    ] Entering safepoint region: Cleanup
[2019-12-09T08:07:20.622+0000][1][safepoint    ] Leaving safepoint region
[2019-12-09T08:07:20.622+0000][1][safepoint    ] Total time for which application threads were stopped: 0.0001003 seconds, Stopping threads took: 0.0000188 seconds
[2019-12-09T08:07:21.622+0000][1][safepoint    ] Application time: 1.0000764 seconds
[2019-12-09T08:07:21.622+0000][1][safepoint    ] Entering safepoint region: Cleanup
[2019-12-09T08:07:21.622+0000][1][safepoint    ] Leaving safepoint region
[2019-12-09T08:07:21.622+0000][1][safepoint    ] Total time for which application threads were stopped: 0.0001021 seconds, Stopping threads took: 0.0000301 seconds
[2019-12-09T08:07:22.622+0000][1][safepoint    ] Application time: 1.0000759 seconds
[2019-12-09T08:07:22.622+0000][1][safepoint    ] Entering safepoint region: Cleanup
[2019-12-09T08:07:22.622+0000][1][safepoint    ] Leaving safepoint region
[2019-12-09T08:07:22.622+0000][1][safepoint    ] Total time for which application threads were stopped: 0.0000917 seconds, Stopping threads took: 0.0000195 seconds
[2019-12-09T08:07:23.622+0000][1][safepoint    ] Application time: 1.0000848 seconds
[2019-12-09T08:07:23.622+0000][1][safepoint    ] Entering safepoint region: Cleanup
[2019-12-09T08:07:23.622+0000][1][safepoint    ] Leaving safepoint region
[2019-12-09T08:07:23.622+0000][1][safepoint    ] Total time for which application threads were stopped: 0.0001204 seconds, Stopping threads took: 0.0000243 seconds
[2019-12-09T08:07:24.622+0000][1][safepoint    ] Application time: 1.0000753 seconds
[2019-12-09T08:07:24.623+0000][1][safepoint    ] Entering safepoint region: Cleanup
[2019-12-09T08:07:24.623+0000][1][safepoint    ] Leaving safepoint region
[2019-12-09T08:07:24.623+0000][1][safepoint    ] Total time for which application threads were stopped: 0.0000901 seconds, Stopping threads took: 0.0000178 seconds
[2019-12-09T08:07:25.623+0000][1][safepoint    ] Application time: 1.0000737 seconds
[2019-12-09T08:07:25.623+0000][1][safepoint    ] Entering safepoint region: Cleanup
[2019-12-09T08:07:25.623+0000][1][safepoint    ] Leaving safepoint region
[2019-12-09T08:07:25.623+0000][1][safepoint    ] Total time for which application threads were stopped: 0.0000996 seconds, Stopping threads took: 0.0000278 seconds
[2019-12-09T08:07:26.623+0000][1][safepoint    ] Application time: 1.0000753 seconds
[2019-12-09T08:07:26.623+0000][1][safepoint    ] Entering safepoint region: Cleanup
[2019-12-09T08:07:26.623+0000][1][safepoint    ] Leaving safepoint region
[2019-12-09T08:07:26.623+0000][1][safepoint    ] Total time for which application threads were stopped: 0.0000936 seconds, Stopping threads took: 0.0000195 seconds
[2019-12-09T08:07:27.623+0000][1][safepoint    ] Application time: 1.0000759 seconds
[2019-12-09T08:07:27.623+0000][1][safepoint    ] Entering safepoint region: Cleanup
[2019-12-09T08:07:27.623+0000][1][safepoint    ] Leaving safepoint region
[2019-12-09T08:07:27.623+0000][1][safepoint    ] Total time for which application threads were stopped: 0.0000910 seconds, Stopping threads took: 0.0000199 seconds
[2019-12-09T08:07:28.623+0000][1][safepoint    ] Application time: 1.0000739 seconds
[2019-12-09T08:07:28.623+0000][1][safepoint    ] Entering safepoint region: Cleanup
[2019-12-09T08:07:28.623+0000][1][safepoint    ] Leaving safepoint region
[2019-12-09T08:07:28.623+0000][1][safepoint    ] Total time for which application threads were stopped: 0.0000919 seconds, Stopping threads took: 0.0000191 seconds
[2019-12-09T08:07:29.624+0000][1][safepoint    ] Application time: 1.0000759 seconds
[2019-12-09T08:07:29.624+0000][1][safepoint    ] Entering safepoint region: Cleanup
[2019-12-09T08:07:29.624+0000][1][safepoint    ] Leaving safepoint region
[2019-12-09T08:07:29.624+0000][1][safepoint    ] Total time for which application threads were stopped: 0.0001014 seconds, Stopping threads took: 0.0000198 seconds
[2019-12-09T08:07:30.624+0000][1][safepoint    ] Application time: 1.0000737 seconds
[2019-12-09T08:07:30.624+0000][1][safepoint    ] Entering safepoint region: Cleanup
[2019-12-09T08:07:30.624+0000][1][safepoint    ] Leaving safepoint region
[2019-12-09T08:07:30.624+0000][1][safepoint    ] Total time for which application threads were stopped: 0.0000914 seconds, Stopping threads took: 0.0000193 seconds
[2019-12-09T08:07:31.624+0000][1][safepoint    ] Application time: 1.0000743 seconds
[2019-12-09T08:07:31.624+0000][1][safepoint    ] Entering safepoint region: Cleanup
[2019-12-09T08:07:31.624+0000][1][safepoint    ] Leaving safepoint region
[2019-12-09T08:07:31.624+0000][1][safepoint    ] Total time for which application threads were stopped: 0.0000995 seconds, Stopping threads took: 0.0000261 seconds
[2019-12-09T08:07:32.624+0000][1][safepoint    ] Application time: 1.0000757 seconds
[2019-12-09T08:07:32.624+0000][1][safepoint    ] Entering safepoint region: Cleanup
[2019-12-09T08:07:32.624+0000][1][safepoint    ] Leaving safepoint region
[2019-12-09T08:07:32.624+0000][1][safepoint    ] Total time for which application threads were stopped: 0.0000937 seconds, Stopping threads took: 0.0000198 seconds
[2019-12-09T08:07:33.626+0000][1][safepoint    ] Application time: 1.0013597 seconds
[2019-12-09T08:07:33.626+0000][1][safepoint    ] Entering safepoint region: Cleanup
[2019-12-09T08:07:33.626+0000][1][safepoint    ] Leaving safepoint region
[2019-12-09T08:07:33.626+0000][1][safepoint    ] Total time for which application threads were stopped: 0.0001197 seconds, Stopping threads took: 0.0000237 seconds
[2019-12-09T08:07:34.626+0000][1][safepoint    ] Application time: 1.0000763 seconds
[2019-12-09T08:07:34.626+0000][1][safepoint    ] Entering safepoint region: Cleanup
[2019-12-09T08:07:34.626+0000][1][safepoint    ] Leaving safepoint region
[2019-12-09T08:07:34.626+0000][1][safepoint    ] Total time for which application threads were stopped: 0.0000837 seconds, Stopping threads took: 0.0000172 seconds
[2019-12-09T08:07:35.626+0000][1][safepoint    ] Application time: 1.0000744 seconds
[2019-12-09T08:07:35.626+0000][1][safepoint    ] Entering safepoint region: Cleanup
[2019-12-09T08:07:35.626+0000][1][safepoint    ] Leaving safepoint region
[2019-12-09T08:07:35.626+0000][1][safepoint    ] Total time for which application threads were stopped: 0.0000811 seconds, Stopping threads took: 0.0000159 seconds
[2019-12-09T08:07:36.626+0000][1][safepoint    ] Application time: 1.0000732 seconds
[2019-12-09T08:07:36.626+0000][1][safepoint    ] Entering safepoint region: Cleanup
[2019-12-09T08:07:36.626+0000][1][safepoint    ] Leaving safepoint region
[2019-12-09T08:07:36.626+0000][1][safepoint    ] Total time for which application threads were stopped: 0.0000870 seconds, Stopping threads took: 0.0000173 seconds
[2019-12-09T08:07:37.627+0000][1][safepoint    ] Application time: 1.0000725 seconds
[2019-12-09T08:07:37.627+0000][1][safepoint    ] Entering safepoint region: Cleanup
[2019-12-09T08:07:37.627+0000][1][safepoint    ] Leaving safepoint region
[2019-12-09T08:07:37.627+0000][1][safepoint    ] Total time for which application threads were stopped: 0.0000844 seconds, Stopping threads took: 0.0000170 seconds
[2019-12-09T08:07:38.627+0000][1][safepoint    ] Application time: 1.0000822 seconds
[2019-12-09T08:07:38.627+0000][1][safepoint    ] Entering safepoint region: Cleanup
[2019-12-09T08:07:38.627+0000][1][safepoint    ] Leaving safepoint region
[2019-12-09T08:07:38.627+0000][1][safepoint    ] Total time for which application threads were stopped: 0.0000836 seconds, Stopping threads took: 0.0000166 seconds
[2019-12-09T08:07:39.627+0000][1][safepoint    ] Application time: 1.0000734 seconds
[2019-12-09T08:07:39.627+0000][1][safepoint    ] Entering safepoint region: Cleanup
[2019-12-09T08:07:39.627+0000][1][safepoint    ] Leaving safepoint region
[2019-12-09T08:07:39.627+0000][1][safepoint    ] Total time for which application threads were stopped: 0.0000859 seconds, Stopping threads took: 0.0000170 seconds
[2019-12-09T08:07:40.627+0000][1][safepoint    ] Application time: 1.0000754 seconds
[2019-12-09T08:07:40.627+0000][1][safepoint    ] Entering safepoint region: Cleanup
[2019-12-09T08:07:40.627+0000][1][safepoint    ] Leaving safepoint region
[2019-12-09T08:07:40.627+0000][1][safepoint    ] Total time for which application threads were stopped: 0.0000861 seconds, Stopping threads took: 0.0000162 seconds
[2019-12-09T08:07:41.627+0000][1][safepoint    ] Application time: 1.0000724 seconds
[2019-12-09T08:07:41.627+0000][1][safepoint    ] Entering safepoint region: Cleanup
[2019-12-09T08:07:41.627+0000][1][safepoint    ] Leaving safepoint region
[2019-12-09T08:07:41.627+0000][1][safepoint    ] Total time for which application threads were stopped: 0.0000910 seconds, Stopping threads took: 0.0000166 seconds
[2019-12-09T08:07:42.627+0000][1][safepoint    ] Application time: 1.0000747 seconds
[2019-12-09T08:07:42.627+0000][1][safepoint    ] Entering safepoint region: Cleanup
[2019-12-09T08:07:42.628+0000][1][safepoint    ] Leaving safepoint region
[2019-12-09T08:07:42.628+0000][1][safepoint    ] Total time for which application threads were stopped: 0.0000835 seconds, Stopping threads took: 0.0000178 seconds
[2019-12-09T08:07:43.628+0000][1][safepoint    ] Application time: 1.0000869 seconds
[2019-12-09T08:07:43.628+0000][1][safepoint    ] Entering safepoint region: Cleanup
[2019-12-09T08:07:43.628+0000][1][safepoint    ] Leaving safepoint region
[2019-12-09T08:07:43.628+0000][1][safepoint    ] Total time for which application threads were stopped: 0.0001370 seconds, Stopping threads took: 0.0000367 seconds
[2019-12-09T08:07:44.628+0000][1][safepoint    ] Application time: 1.0000777 seconds
[2019-12-09T08:07:44.628+0000][1][safepoint    ] Entering safepoint region: Cleanup
[2019-12-09T08:07:44.628+0000][1][safepoint    ] Leaving safepoint region
[2019-12-09T08:07:44.628+0000][1][safepoint    ] Total time for which application threads were stopped: 0.0000832 seconds, Stopping threads took: 0.0000182 seconds
[2019-12-09T08:07:45.628+0000][1][safepoint    ] Application time: 1.0000749 seconds
[2019-12-09T08:07:45.628+0000][1][safepoint    ] Entering safepoint region: Cleanup
[2019-12-09T08:07:45.628+0000][1][safepoint    ] Leaving safepoint region
[2019-12-09T08:07:45.628+0000][1][safepoint    ] Total time for which application threads were stopped: 0.0000844 seconds, Stopping threads took: 0.0000165 seconds
[2019-12-09T08:07:46.628+0000][1][safepoint    ] Application time: 1.0000739 seconds
[2019-12-09T08:07:46.628+0000][1][safepoint    ] Entering safepoint region: Cleanup
[2019-12-09T08:07:46.628+0000][1][safepoint    ] Leaving safepoint region
[2019-12-09T08:07:46.628+0000][1][safepoint    ] Total time for which application threads were stopped: 0.0000851 seconds, Stopping threads took: 0.0000181 seconds
[2019-12-09T08:07:47.628+0000][1][safepoint    ] Application time: 1.0000753 seconds
[2019-12-09T08:07:47.628+0000][1][safepoint    ] Entering safepoint region: Cleanup
[2019-12-09T08:07:47.629+0000][1][safepoint    ] Leaving safepoint region
[2019-12-09T08:07:47.629+0000][1][safepoint    ] Total time for which application threads were stopped: 0.0000861 seconds, Stopping threads took: 0.0000181 seconds
[2019-12-09T08:07:48.629+0000][1][safepoint    ] Application time: 1.0000748 seconds
[2019-12-09T08:07:48.629+0000][1][safepoint    ] Entering safepoint region: Cleanup
[2019-12-09T08:07:48.629+0000][1][safepoint    ] Leaving safepoint region
[2019-12-09T08:07:48.629+0000][1][safepoint    ] Total time for which application threads were stopped: 0.0000959 seconds, Stopping threads took: 0.0000169 seconds
[2019-12-09T08:07:49.629+0000][1][safepoint    ] Application time: 1.0000744 seconds
[2019-12-09T08:07:49.629+0000][1][safepoint    ] Entering safepoint region: Cleanup
[2019-12-09T08:07:49.629+0000][1][safepoint    ] Leaving safepoint region
[2019-12-09T08:07:49.629+0000][1][safepoint    ] Total time for which application threads were stopped: 0.0000841 seconds, Stopping threads took: 0.0000175 seconds
[2019-12-09T08:07:50.629+0000][1][safepoint    ] Application time: 1.0000720 seconds
[2019-12-09T08:07:50.629+0000][1][safepoint    ] Entering safepoint region: Cleanup
[2019-12-09T08:07:50.629+0000][1][safepoint    ] Leaving safepoint region
[2019-12-09T08:07:50.629+0000][1][safepoint    ] Total time for which application threads were stopped: 0.0000855 seconds, Stopping threads took: 0.0000171 seconds
[2019-12-09T08:07:51.629+0000][1][safepoint    ] Application time: 1.0000749 seconds
[2019-12-09T08:07:51.629+0000][1][safepoint    ] Entering safepoint region: Cleanup
[2019-12-09T08:07:51.629+0000][1][safepoint    ] Leaving safepoint region
[2019-12-09T08:07:51.629+0000][1][safepoint    ] Total time for which application threads were stopped: 0.0000970 seconds, Stopping threads took: 0.0000184 seconds
[2019-12-09T08:07:52.629+0000][1][safepoint    ] Application time: 1.0000738 seconds
[2019-12-09T08:07:52.629+0000][1][safepoint    ] Entering safepoint region: Cleanup
[2019-12-09T08:07:52.630+0000][1][safepoint    ] Leaving safepoint region
[2019-12-09T08:07:52.630+0000][1][safepoint    ] Total time for which application threads were stopped: 0.0000965 seconds, Stopping threads took: 0.0000207 seconds
[2019-12-09T08:07:53.630+0000][1][safepoint    ] Application time: 1.0000819 seconds
[2019-12-09T08:07:53.630+0000][1][safepoint    ] Entering safepoint region: Cleanup
[2019-12-09T08:07:53.630+0000][1][safepoint    ] Leaving safepoint region
[2019-12-09T08:07:53.630+0000][1][safepoint    ] Total time for which application threads were stopped: 0.0001012 seconds, Stopping threads took: 0.0000199 seconds
[2019-12-09T08:07:54.630+0000][1][safepoint    ] Application time: 1.0000748 seconds
[2019-12-09T08:07:54.630+0000][1][safepoint    ] Entering safepoint region: Cleanup
[2019-12-09T08:07:54.630+0000][1][safepoint    ] Leaving safepoint region
[2019-12-09T08:07:54.630+0000][1][safepoint    ] Total time for which application threads were stopped: 0.0000878 seconds, Stopping threads took: 0.0000182 seconds
[2019-12-09T08:07:55.630+0000][1][safepoint    ] Application time: 1.0000757 seconds
[2019-12-09T08:07:55.630+0000][1][safepoint    ] Entering safepoint region: Cleanup
[2019-12-09T08:07:55.630+0000][1][safepoint    ] Leaving safepoint region
[2019-12-09T08:07:55.630+0000][1][safepoint    ] Total time for which application threads were stopped: 0.0001024 seconds, Stopping threads took: 0.0000279 seconds
[2019-12-09T08:07:56.630+0000][1][safepoint    ] Application time: 1.0000751 seconds
[2019-12-09T08:07:56.630+0000][1][safepoint    ] Entering safepoint region: Cleanup
[2019-12-09T08:07:56.630+0000][1][safepoint    ] Leaving safepoint region
[2019-12-09T08:07:56.630+0000][1][safepoint    ] Total time for which application threads were stopped: 0.0000899 seconds, Stopping threads took: 0.0000183 seconds
[2019-12-09T08:07:57.630+0000][1][safepoint    ] Application time: 1.0000751 seconds
[2019-12-09T08:07:57.631+0000][1][safepoint    ] Entering safepoint region: Cleanup
[2019-12-09T08:07:57.631+0000][1][safepoint    ] Leaving safepoint region
[2019-12-09T08:07:57.631+0000][1][safepoint    ] Total time for which application threads were stopped: 0.0000895 seconds, Stopping threads took: 0.0000177 seconds
[2019-12-09T08:07:58.631+0000][1][safepoint    ] Application time: 1.0000845 seconds
[2019-12-09T08:07:58.631+0000][1][safepoint    ] Entering safepoint region: Cleanup
[2019-12-09T08:07:58.631+0000][1][safepoint    ] Leaving safepoint region
[2019-12-09T08:07:58.631+0000][1][safepoint    ] Total time for which application threads were stopped: 0.0000893 seconds, Stopping threads took: 0.0000179 seconds
[2019-12-09T08:07:59.631+0000][1][safepoint    ] Application time: 1.0000744 seconds
[2019-12-09T08:07:59.631+0000][1][safepoint    ] Entering safepoint region: Cleanup
[2019-12-09T08:07:59.631+0000][1][safepoint    ] Leaving safepoint region
[2019-12-09T08:07:59.631+0000][1][safepoint    ] Total time for which application threads were stopped: 0.0000919 seconds, Stopping threads took: 0.0000193 seconds
[2019-12-09T08:08:00.631+0000][1][safepoint    ] Application time: 1.0000746 seconds
[2019-12-09T08:08:00.631+0000][1][safepoint    ] Entering safepoint region: Cleanup
[2019-12-09T08:08:00.631+0000][1][safepoint    ] Leaving safepoint region
[2019-12-09T08:08:00.631+0000][1][safepoint    ] Total time for which application threads were stopped: 0.0000938 seconds, Stopping threads took: 0.0000211 seconds
[2019-12-09T08:08:01.631+0000][1][safepoint    ] Application time: 1.0000777 seconds
[2019-12-09T08:08:01.631+0000][1][safepoint    ] Entering safepoint region: Cleanup
[2019-12-09T08:08:01.631+0000][1][safepoint    ] Leaving safepoint region
[2019-12-09T08:08:01.631+0000][1][safepoint    ] Total time for which application threads were stopped: 0.0001022 seconds, Stopping threads took: 0.0000199 seconds
[2019-12-09T08:08:02.632+0000][1][safepoint    ] Application time: 1.0000766 seconds
[2019-12-09T08:08:02.632+0000][1][safepoint    ] Entering safepoint region: Cleanup
[2019-12-09T08:08:02.632+0000][1][safepoint    ] Leaving safepoint region
[2019-12-09T08:08:02.632+0000][1][safepoint    ] Total time for which application threads were stopped: 0.0001034 seconds, Stopping threads took: 0.0000191 seconds
[2019-12-09T08:08:03.632+0000][1][safepoint    ] Application time: 1.0000820 seconds
[2019-12-09T08:08:03.632+0000][1][safepoint    ] Entering safepoint region: Cleanup
[2019-12-09T08:08:03.632+0000][1][safepoint    ] Leaving safepoint region
[2019-12-09T08:08:03.632+0000][1][safepoint    ] Total time for which application threads were stopped: 0.0000889 seconds, Stopping threads took: 0.0000188 seconds
[2019-12-09T08:08:04.632+0000][1][safepoint    ] Application time: 1.0000768 seconds
[2019-12-09T08:08:04.632+0000][1][safepoint    ] Entering safepoint region: Cleanup
[2019-12-09T08:08:04.632+0000][1][safepoint    ] Leaving safepoint region
[2019-12-09T08:08:04.632+0000][1][safepoint    ] Total time for which application threads were stopped: 0.0000908 seconds, Stopping threads took: 0.0000196 seconds
[2019-12-09T08:08:05.632+0000][1][safepoint    ] Application time: 1.0000773 seconds
[2019-12-09T08:08:05.632+0000][1][safepoint    ] Entering safepoint region: Cleanup
[2019-12-09T08:08:05.632+0000][1][safepoint    ] Leaving safepoint region
[2019-12-09T08:08:05.632+0000][1][safepoint    ] Total time for which application threads were stopped: 0.0000929 seconds, Stopping threads took: 0.0000193 seconds
[2019-12-09T08:08:06.632+0000][1][safepoint    ] Application time: 1.0000751 seconds
[2019-12-09T08:08:06.632+0000][1][safepoint    ] Entering safepoint region: Cleanup
[2019-12-09T08:08:06.633+0000][1][safepoint    ] Leaving safepoint region
[2019-12-09T08:08:06.633+0000][1][safepoint    ] Total time for which application threads were stopped: 0.0000906 seconds, Stopping threads took: 0.0000192 seconds
[2019-12-09T08:08:07.633+0000][1][safepoint    ] Application time: 1.0000732 seconds
[2019-12-09T08:08:07.633+0000][1][safepoint    ] Entering safepoint region: Cleanup
[2019-12-09T08:08:07.633+0000][1][safepoint    ] Leaving safepoint region
[2019-12-09T08:08:07.633+0000][1][safepoint    ] Total time for which application threads were stopped: 0.0000907 seconds, Stopping threads took: 0.0000194 seconds
[2019-12-09T08:08:08.633+0000][1][safepoint    ] Application time: 1.0000734 seconds
[2019-12-09T08:08:08.633+0000][1][safepoint    ] Entering safepoint region: Cleanup
[2019-12-09T08:08:08.633+0000][1][safepoint    ] Leaving safepoint region
[2019-12-09T08:08:08.633+0000][1][safepoint    ] Total time for which application threads were stopped: 0.0000902 seconds, Stopping threads took: 0.0000194 seconds
[2019-12-09T08:08:09.633+0000][1][safepoint    ] Application time: 1.0000744 seconds
[2019-12-09T08:08:09.633+0000][1][safepoint    ] Entering safepoint region: Cleanup
[2019-12-09T08:08:09.633+0000][1][safepoint    ] Leaving safepoint region
[2019-12-09T08:08:09.633+0000][1][safepoint    ] Total time for which application threads were stopped: 0.0000952 seconds, Stopping threads took: 0.0000204 seconds
[2019-12-09T08:08:10.633+0000][1][safepoint    ] Application time: 1.0000759 seconds
[2019-12-09T08:08:10.633+0000][1][safepoint    ] Entering safepoint region: Cleanup
[2019-12-09T08:08:10.633+0000][1][safepoint    ] Leaving safepoint region
[2019-12-09T08:08:10.633+0000][1][safepoint    ] Total time for which application threads were stopped: 0.0000908 seconds, Stopping threads took: 0.0000195 seconds
[2019-12-09T08:08:11.634+0000][1][safepoint    ] Application time: 1.0000758 seconds
[2019-12-09T08:08:11.634+0000][1][safepoint    ] Entering safepoint region: Cleanup
[2019-12-09T08:08:11.634+0000][1][safepoint    ] Leaving safepoint region
[2019-12-09T08:08:11.634+0000][1][safepoint    ] Total time for which application threads were stopped: 0.0000896 seconds, Stopping threads took: 0.0000187 seconds
[2019-12-09T08:08:12.634+0000][1][safepoint    ] Application time: 1.0000752 seconds
[2019-12-09T08:08:12.634+0000][1][safepoint    ] Entering safepoint region: Cleanup
[2019-12-09T08:08:12.634+0000][1][safepoint    ] Leaving safepoint region
[2019-12-09T08:08:12.634+0000][1][safepoint    ] Total time for which application threads were stopped: 0.0000922 seconds, Stopping threads took: 0.0000195 seconds
[2019-12-09T08:08:14.623+0000][1][safepoint    ] Application time: 1.9889964 seconds
[2019-12-09T08:08:14.623+0000][1][safepoint    ] Entering safepoint region: Cleanup
[2019-12-09T08:08:14.623+0000][1][safepoint    ] Leaving safepoint region
[2019-12-09T08:08:14.623+0000][1][safepoint    ] Total time for which application threads were stopped: 0.0000918 seconds, Stopping threads took: 0.0000187 seconds
[2019-12-09T08:08:15.623+0000][1][safepoint    ] Application time: 1.0000849 seconds
[2019-12-09T08:08:15.623+0000][1][safepoint    ] Entering safepoint region: Cleanup
[2019-12-09T08:08:15.623+0000][1][safepoint    ] Leaving safepoint region
[2019-12-09T08:08:15.623+0000][1][safepoint    ] Total time for which application threads were stopped: 0.0000923 seconds, Stopping threads took: 0.0000195 seconds
[2019-12-09T08:08:16.623+0000][1][safepoint    ] Application time: 1.0000764 seconds
[2019-12-09T08:08:16.623+0000][1][safepoint    ] Entering safepoint region: Cleanup
[2019-12-09T08:08:16.623+0000][1][safepoint    ] Leaving safepoint region
[2019-12-09T08:08:16.623+0000][1][safepoint    ] Total time for which application threads were stopped: 0.0000903 seconds, Stopping threads took: 0.0000179 seconds
[2019-12-09T08:08:17.624+0000][1][safepoint    ] Application time: 1.0000774 seconds
[2019-12-09T08:08:17.624+0000][1][safepoint    ] Entering safepoint region: Cleanup
[2019-12-09T08:08:17.624+0000][1][safepoint    ] Leaving safepoint region
[2019-12-09T08:08:17.624+0000][1][safepoint    ] Total time for which application threads were stopped: 0.0000921 seconds, Stopping threads took: 0.0000198 seconds
[2019-12-09T08:08:18.624+0000][1][safepoint    ] Application time: 1.0000742 seconds
[2019-12-09T08:08:18.624+0000][1][safepoint    ] Entering safepoint region: Cleanup
[2019-12-09T08:08:18.624+0000][1][safepoint    ] Leaving safepoint region
[2019-12-09T08:08:18.624+0000][1][safepoint    ] Total time for which application threads were stopped: 0.0000900 seconds, Stopping threads took: 0.0000183 seconds
[2019-12-09T08:08:19.624+0000][1][safepoint    ] Application time: 1.0000756 seconds
[2019-12-09T08:08:19.624+0000][1][safepoint    ] Entering safepoint region: Cleanup
[2019-12-09T08:08:19.624+0000][1][safepoint    ] Leaving safepoint region
[2019-12-09T08:08:19.624+0000][1][safepoint    ] Total time for which application threads were stopped: 0.0000894 seconds, Stopping threads took: 0.0000183 seconds
[2019-12-09T08:08:20.624+0000][1][safepoint    ] Application time: 1.0000761 seconds
[2019-12-09T08:08:20.624+0000][1][safepoint    ] Entering safepoint region: Cleanup
[2019-12-09T08:08:20.624+0000][1][safepoint    ] Leaving safepoint region
[2019-12-09T08:08:20.624+0000][1][safepoint    ] Total time for which application threads were stopped: 0.0000944 seconds, Stopping threads took: 0.0000188 seconds
[2019-12-09T08:08:21.624+0000][1][safepoint    ] Application time: 1.0000755 seconds
[2019-12-09T08:08:21.624+0000][1][safepoint    ] Entering safepoint region: Cleanup
[2019-12-09T08:08:21.624+0000][1][safepoint    ] Leaving safepoint region
[2019-12-09T08:08:21.624+0000][1][safepoint    ] Total time for which application threads were stopped: 0.0000930 seconds, Stopping threads took: 0.0000191 seconds
[2019-12-09T08:08:22.625+0000][1][safepoint    ] Application time: 1.0000749 seconds
[2019-12-09T08:08:22.625+0000][1][safepoint    ] Entering safepoint region: Cleanup
[2019-12-09T08:08:22.625+0000][1][safepoint    ] Leaving safepoint region
[2019-12-09T08:08:22.625+0000][1][safepoint    ] Total time for which application threads were stopped: 0.0001073 seconds, Stopping threads took: 0.0000198 seconds
[2019-12-09T08:08:23.629+0000][1][safepoint    ] Application time: 1.0047469 seconds
[2019-12-09T08:08:23.630+0000][1][safepoint    ] Entering safepoint region: Cleanup
[2019-12-09T08:08:23.630+0000][1][safepoint    ] Leaving safepoint region
[2019-12-09T08:08:23.630+0000][1][safepoint    ] Total time for which application threads were stopped: 0.0001192 seconds, Stopping threads took: 0.0000222 seconds
[2019-12-09T08:08:24.630+0000][1][safepoint    ] Application time: 1.0000785 seconds
[2019-12-09T08:08:24.630+0000][1][safepoint    ] Entering safepoint region: Cleanup
[2019-12-09T08:08:24.630+0000][1][safepoint    ] Leaving safepoint region
[2019-12-09T08:08:24.630+0000][1][safepoint    ] Total time for which application threads were stopped: 0.0000901 seconds, Stopping threads took: 0.0000191 seconds
[2019-12-09T08:08:25.630+0000][1][safepoint    ] Application time: 1.0000751 seconds
[2019-12-09T08:08:25.630+0000][1][safepoint    ] Entering safepoint region: Cleanup
[2019-12-09T08:08:25.630+0000][1][safepoint    ] Leaving safepoint region
[2019-12-09T08:08:25.630+0000][1][safepoint    ] Total time for which application threads were stopped: 0.0000985 seconds, Stopping threads took: 0.0000269 seconds
[2019-12-09T08:08:26.630+0000][1][safepoint    ] Application time: 1.0000764 seconds
[2019-12-09T08:08:26.630+0000][1][safepoint    ] Entering safepoint region: Cleanup
[2019-12-09T08:08:26.630+0000][1][safepoint    ] Leaving safepoint region
[2019-12-09T08:08:26.630+0000][1][safepoint    ] Total time for which application threads were stopped: 0.0000899 seconds, Stopping threads took: 0.0000200 seconds
[2019-12-09T08:08:27.630+0000][1][safepoint    ] Application time: 1.0000767 seconds
[2019-12-09T08:08:27.630+0000][1][safepoint    ] Entering safepoint region: Cleanup
[2019-12-09T08:08:27.630+0000][1][safepoint    ] Leaving safepoint region
[2019-12-09T08:08:27.630+0000][1][safepoint    ] Total time for which application threads were stopped: 0.0000918 seconds, Stopping threads took: 0.0000194 seconds
[2019-12-09T08:08:28.215+0000][1][safepoint    ] Application time: 0.5843403 seconds
[2019-12-09T08:08:28.215+0000][1][safepoint    ] Entering safepoint region: GenCollectForAllocation
[2019-12-09T08:08:28.215+0000][1][gc,start     ] GC(63) Pause Young (Allocation Failure)
[2019-12-09T08:08:28.215+0000][1][gc,task      ] GC(63) Using 2 workers of 2 for evacuation
[2019-12-09T08:08:28.217+0000][1][gc,age       ] GC(63) Desired survivor size 4456448 bytes, new threshold 6 (max threshold 6)
[2019-12-09T08:08:28.217+0000][1][gc,age       ] GC(63) Age table with threshold 6 (max threshold 6)
[2019-12-09T08:08:28.217+0000][1][gc,age       ] GC(63) - age   1:       8920 bytes,       8920 total
[2019-12-09T08:08:28.217+0000][1][gc,age       ] GC(63) - age   2:        152 bytes,       9072 total
[2019-12-09T08:08:28.217+0000][1][gc,age       ] GC(63) - age   3:         64 bytes,       9136 total
[2019-12-09T08:08:28.217+0000][1][gc,age       ] GC(63) - age   4:        640 bytes,       9776 total
[2019-12-09T08:08:28.217+0000][1][gc,age       ] GC(63) - age   5:        728 bytes,      10504 total
[2019-12-09T08:08:28.217+0000][1][gc,age       ] GC(63) - age   6:        400 bytes,      10904 total
[2019-12-09T08:08:28.217+0000][1][gc,heap      ] GC(63) ParNew: 69966K->14K(78656K)
[2019-12-09T08:08:28.217+0000][1][gc,heap      ] GC(63) CMS: 75190K->75190K(174784K)
[2019-12-09T08:08:28.217+0000][1][gc,metaspace ] GC(63) Metaspace: 79553K->79553K(1122304K)
[2019-12-09T08:08:28.217+0000][1][gc           ] GC(63) Pause Young (Allocation Failure) 141M->73M(247M) 1.668ms
[2019-12-09T08:08:28.217+0000][1][gc,cpu       ] GC(63) User=0.00s Sys=0.00s Real=0.00s
[2019-12-09T08:08:28.217+0000][1][safepoint    ] Leaving safepoint region
[2019-12-09T08:08:28.217+0000][1][safepoint    ] Total time for which application threads were stopped: 0.0018445 seconds, Stopping threads took: 0.0000179 seconds
[2019-12-09T08:08:29.217+0000][1][safepoint    ] Application time: 1.0000856 seconds
[2019-12-09T08:08:29.217+0000][1][safepoint    ] Entering safepoint region: Cleanup
[2019-12-09T08:08:29.217+0000][1][safepoint    ] Leaving safepoint region
[2019-12-09T08:08:29.217+0000][1][safepoint    ] Total time for which application threads were stopped: 0.0000913 seconds, Stopping threads took: 0.0000192 seconds
[2019-12-09T08:08:30.217+0000][1][safepoint    ] Application time: 1.0000766 seconds
[2019-12-09T08:08:30.217+0000][1][safepoint    ] Entering safepoint region: Cleanup
[2019-12-09T08:08:30.217+0000][1][safepoint    ] Leaving safepoint region
[2019-12-09T08:08:30.217+0000][1][safepoint    ] Total time for which application threads were stopped: 0.0000900 seconds, Stopping threads took: 0.0000182 seconds
[2019-12-09T08:08:31.217+0000][1][safepoint    ] Application time: 1.0000746 seconds
[2019-12-09T08:08:31.217+0000][1][safepoint    ] Entering safepoint region: Cleanup
[2019-12-09T08:08:31.217+0000][1][safepoint    ] Leaving safepoint region
[2019-12-09T08:08:31.217+0000][1][safepoint    ] Total time for which application threads were stopped: 0.0000889 seconds, Stopping threads took: 0.0000180 seconds
[2019-12-09T08:08:32.217+0000][1][safepoint    ] Application time: 1.0000752 seconds
[2019-12-09T08:08:32.217+0000][1][safepoint    ] Entering safepoint region: Cleanup
[2019-12-09T08:08:32.218+0000][1][safepoint    ] Leaving safepoint region
[2019-12-09T08:08:32.218+0000][1][safepoint    ] Total time for which application threads were stopped: 0.0000897 seconds, Stopping threads took: 0.0000183 seconds
[2019-12-09T08:08:33.218+0000][1][safepoint    ] Application time: 1.0000837 seconds
[2019-12-09T08:08:33.218+0000][1][safepoint    ] Entering safepoint region: Cleanup
[2019-12-09T08:08:33.218+0000][1][safepoint    ] Leaving safepoint region
[2019-12-09T08:08:33.218+0000][1][safepoint    ] Total time for which application threads were stopped: 0.0001521 seconds, Stopping threads took: 0.0000729 seconds
[2019-12-09T08:08:34.218+0000][1][safepoint    ] Application time: 1.0000817 seconds
[2019-12-09T08:08:34.218+0000][1][safepoint    ] Entering safepoint region: Cleanup
[2019-12-09T08:08:34.218+0000][1][safepoint    ] Leaving safepoint region
[2019-12-09T08:08:34.218+0000][1][safepoint    ] Total time for which application threads were stopped: 0.0000920 seconds, Stopping threads took: 0.0000195 seconds
[2019-12-09T08:08:35.218+0000][1][safepoint    ] Application time: 1.0000753 seconds
[2019-12-09T08:08:35.218+0000][1][safepoint    ] Entering safepoint region: Cleanup
[2019-12-09T08:08:35.218+0000][1][safepoint    ] Leaving safepoint region
[2019-12-09T08:08:35.218+0000][1][safepoint    ] Total time for which application threads were stopped: 0.0000879 seconds, Stopping threads took: 0.0000188 seconds
[2019-12-09T08:08:36.218+0000][1][safepoint    ] Application time: 1.0000756 seconds
[2019-12-09T08:08:36.218+0000][1][safepoint    ] Entering safepoint region: Cleanup
[2019-12-09T08:08:36.219+0000][1][safepoint    ] Leaving safepoint region
[2019-12-09T08:08:36.219+0000][1][safepoint    ] Total time for which application threads were stopped: 0.0000930 seconds, Stopping threads took: 0.0000188 seconds
[2019-12-09T08:08:37.219+0000][1][safepoint    ] Application time: 1.0000754 seconds
[2019-12-09T08:08:37.219+0000][1][safepoint    ] Entering safepoint region: Cleanup
[2019-12-09T08:08:37.219+0000][1][safepoint    ] Leaving safepoint region
[2019-12-09T08:08:37.219+0000][1][safepoint    ] Total time for which application threads were stopped: 0.0001039 seconds, Stopping threads took: 0.0000190 seconds
[2019-12-09T08:08:38.219+0000][1][safepoint    ] Application time: 1.0000736 seconds
[2019-12-09T08:08:38.219+0000][1][safepoint    ] Entering safepoint region: Cleanup
[2019-12-09T08:08:38.219+0000][1][safepoint    ] Leaving safepoint region
[2019-12-09T08:08:38.219+0000][1][safepoint    ] Total time for which application threads were stopped: 0.0000921 seconds, Stopping threads took: 0.0000198 seconds
[2019-12-09T08:08:39.219+0000][1][safepoint    ] Application time: 1.0000733 seconds
[2019-12-09T08:08:39.219+0000][1][safepoint    ] Entering safepoint region: Cleanup
[2019-12-09T08:08:39.219+0000][1][safepoint    ] Leaving safepoint region
[2019-12-09T08:08:39.219+0000][1][safepoint    ] Total time for which application threads were stopped: 0.0000896 seconds, Stopping threads took: 0.0000181 seconds
[2019-12-09T08:08:40.219+0000][1][safepoint    ] Application time: 1.0000720 seconds
[2019-12-09T08:08:40.219+0000][1][safepoint    ] Entering safepoint region: Cleanup
[2019-12-09T08:08:40.219+0000][1][safepoint    ] Leaving safepoint region
[2019-12-09T08:08:40.219+0000][1][safepoint    ] Total time for which application threads were stopped: 0.0000899 seconds, Stopping threads took: 0.0000192 seconds
[2019-12-09T08:08:41.219+0000][1][safepoint    ] Application time: 1.0000720 seconds
[2019-12-09T08:08:41.219+0000][1][safepoint    ] Entering safepoint region: Cleanup
[2019-12-09T08:08:41.220+0000][1][safepoint    ] Leaving safepoint region
[2019-12-09T08:08:41.220+0000][1][safepoint    ] Total time for which application threads were stopped: 0.0000901 seconds, Stopping threads took: 0.0000186 seconds
[2019-12-09T08:08:42.220+0000][1][safepoint    ] Application time: 1.0000710 seconds
[2019-12-09T08:08:42.220+0000][1][safepoint    ] Entering safepoint region: Cleanup
[2019-12-09T08:08:42.220+0000][1][safepoint    ] Leaving safepoint region
[2019-12-09T08:08:42.220+0000][1][safepoint    ] Total time for which application threads were stopped: 0.0000929 seconds, Stopping threads took: 0.0000221 seconds
[2019-12-09T08:08:43.220+0000][1][safepoint    ] Application time: 1.0000733 seconds
[2019-12-09T08:08:43.220+0000][1][safepoint    ] Entering safepoint region: Cleanup
[2019-12-09T08:08:43.220+0000][1][safepoint    ] Leaving safepoint region
[2019-12-09T08:08:43.220+0000][1][safepoint    ] Total time for which application threads were stopped: 0.0000927 seconds, Stopping threads took: 0.0000201 seconds
[2019-12-09T08:08:44.220+0000][1][safepoint    ] Application time: 1.0000759 seconds
[2019-12-09T08:08:44.220+0000][1][safepoint    ] Entering safepoint region: Cleanup
[2019-12-09T08:08:44.220+0000][1][safepoint    ] Leaving safepoint region
[2019-12-09T08:08:44.220+0000][1][safepoint    ] Total time for which application threads were stopped: 0.0000898 seconds, Stopping threads took: 0.0000191 seconds
[2019-12-09T08:08:45.220+0000][1][safepoint    ] Application time: 1.0000789 seconds
[2019-12-09T08:08:45.220+0000][1][safepoint    ] Entering safepoint region: Cleanup
[2019-12-09T08:08:45.220+0000][1][safepoint    ] Leaving safepoint region
[2019-12-09T08:08:45.220+0000][1][safepoint    ] Total time for which application threads were stopped: 0.0000944 seconds, Stopping threads took: 0.0000209 seconds
[2019-12-09T08:08:46.221+0000][1][safepoint    ] Application time: 1.0000776 seconds
[2019-12-09T08:08:46.221+0000][1][safepoint    ] Entering safepoint region: Cleanup
[2019-12-09T08:08:46.221+0000][1][safepoint    ] Leaving safepoint region
[2019-12-09T08:08:46.221+0000][1][safepoint    ] Total time for which application threads were stopped: 0.0000899 seconds, Stopping threads took: 0.0000189 seconds
[2019-12-09T08:08:47.221+0000][1][safepoint    ] Application time: 1.0000775 seconds
[2019-12-09T08:08:47.221+0000][1][safepoint    ] Entering safepoint region: Cleanup
[2019-12-09T08:08:47.221+0000][1][safepoint    ] Leaving safepoint region
[2019-12-09T08:08:47.221+0000][1][safepoint    ] Total time for which application threads were stopped: 0.0000981 seconds, Stopping threads took: 0.0000202 seconds
[2019-12-09T08:08:48.221+0000][1][safepoint    ] Application time: 1.0000794 seconds
[2019-12-09T08:08:48.221+0000][1][safepoint    ] Entering safepoint region: Cleanup
[2019-12-09T08:08:48.221+0000][1][safepoint    ] Leaving safepoint region
[2019-12-09T08:08:48.221+0000][1][safepoint    ] Total time for which application threads were stopped: 0.0001003 seconds, Stopping threads took: 0.0000244 seconds
[2019-12-09T08:08:49.221+0000][1][safepoint    ] Application time: 1.0000774 seconds
[2019-12-09T08:08:49.221+0000][1][safepoint    ] Entering safepoint region: Cleanup
[2019-12-09T08:08:49.221+0000][1][safepoint    ] Leaving safepoint region
[2019-12-09T08:08:49.221+0000][1][safepoint    ] Total time for which application threads were stopped: 0.0000924 seconds, Stopping threads took: 0.0000195 seconds
[2019-12-09T08:08:50.221+0000][1][safepoint    ] Application time: 1.0000778 seconds
[2019-12-09T08:08:50.221+0000][1][safepoint    ] Entering safepoint region: Cleanup
[2019-12-09T08:08:50.222+0000][1][safepoint    ] Leaving safepoint region
[2019-12-09T08:08:50.222+0000][1][safepoint    ] Total time for which application threads were stopped: 0.0000904 seconds, Stopping threads took: 0.0000196 seconds
[2019-12-09T08:08:51.843+0000][1][safepoint    ] Application time: 1.6211330 seconds
[2019-12-09T08:08:51.843+0000][1][safepoint    ] Entering safepoint region: Cleanup
[2019-12-09T08:08:51.843+0000][1][safepoint    ] Leaving safepoint region
[2019-12-09T08:08:51.843+0000][1][safepoint    ] Total time for which application threads were stopped: 0.0000869 seconds, Stopping threads took: 0.0000180 seconds
[2019-12-09T08:08:52.843+0000][1][safepoint    ] Application time: 1.0000810 seconds
[2019-12-09T08:08:52.843+0000][1][safepoint    ] Entering safepoint region: Cleanup
[2019-12-09T08:08:52.843+0000][1][safepoint    ] Leaving safepoint region
[2019-12-09T08:08:52.843+0000][1][safepoint    ] Total time for which application threads were stopped: 0.0000906 seconds, Stopping threads took: 0.0000192 seconds
[2019-12-09T08:08:53.843+0000][1][safepoint    ] Application time: 1.0000761 seconds
[2019-12-09T08:08:53.843+0000][1][safepoint    ] Entering safepoint region: Cleanup
[2019-12-09T08:08:53.843+0000][1][safepoint    ] Leaving safepoint region
[2019-12-09T08:08:53.843+0000][1][safepoint    ] Total time for which application threads were stopped: 0.0000945 seconds, Stopping threads took: 0.0000203 seconds
[2019-12-09T08:08:54.843+0000][1][safepoint    ] Application time: 1.0000778 seconds
[2019-12-09T08:08:54.843+0000][1][safepoint    ] Entering safepoint region: Cleanup
[2019-12-09T08:08:54.843+0000][1][safepoint    ] Leaving safepoint region
[2019-12-09T08:08:54.843+0000][1][safepoint    ] Total time for which application threads were stopped: 0.0000917 seconds, Stopping threads took: 0.0000179 seconds
[2019-12-09T08:08:55.844+0000][1][safepoint    ] Application time: 1.0000749 seconds
[2019-12-09T08:08:55.844+0000][1][safepoint    ] Entering safepoint region: Cleanup
[2019-12-09T08:08:55.844+0000][1][safepoint    ] Leaving safepoint region
[2019-12-09T08:08:55.844+0000][1][safepoint    ] Total time for which application threads were stopped: 0.0000962 seconds, Stopping threads took: 0.0000265 seconds
[2019-12-09T08:08:56.844+0000][1][safepoint    ] Application time: 1.0000880 seconds
[2019-12-09T08:08:56.844+0000][1][safepoint    ] Entering safepoint region: Cleanup
[2019-12-09T08:08:56.844+0000][1][safepoint    ] Leaving safepoint region
[2019-12-09T08:08:56.844+0000][1][safepoint    ] Total time for which application threads were stopped: 0.0000947 seconds, Stopping threads took: 0.0000199 seconds
[2019-12-09T08:08:57.844+0000][1][safepoint    ] Application time: 1.0000755 seconds
[2019-12-09T08:08:57.844+0000][1][safepoint    ] Entering safepoint region: Cleanup
[2019-12-09T08:08:57.844+0000][1][safepoint    ] Leaving safepoint region
[2019-12-09T08:08:57.844+0000][1][safepoint    ] Total time for which application threads were stopped: 0.0000905 seconds, Stopping threads took: 0.0000198 seconds
[2019-12-09T08:08:58.844+0000][1][safepoint    ] Application time: 1.0000773 seconds
[2019-12-09T08:08:58.844+0000][1][safepoint    ] Entering safepoint region: Cleanup
[2019-12-09T08:08:58.844+0000][1][safepoint    ] Leaving safepoint region
[2019-12-09T08:08:58.844+0000][1][safepoint    ] Total time for which application threads were stopped: 0.0000948 seconds, Stopping threads took: 0.0000199 seconds
[2019-12-09T08:08:59.844+0000][1][safepoint    ] Application time: 1.0000746 seconds
[2019-12-09T08:08:59.844+0000][1][safepoint    ] Entering safepoint region: Cleanup
[2019-12-09T08:08:59.845+0000][1][safepoint    ] Leaving safepoint region
[2019-12-09T08:08:59.845+0000][1][safepoint    ] Total time for which application threads were stopped: 0.0001017 seconds, Stopping threads took: 0.0000286 seconds
[2019-12-09T08:09:00.845+0000][1][safepoint    ] Application time: 1.0000754 seconds
[2019-12-09T08:09:00.845+0000][1][safepoint    ] Entering safepoint region: Cleanup
[2019-12-09T08:09:00.845+0000][1][safepoint    ] Leaving safepoint region
[2019-12-09T08:09:00.845+0000][1][safepoint    ] Total time for which application threads were stopped: 0.0001051 seconds, Stopping threads took: 0.0000336 seconds
[2019-12-09T08:09:01.845+0000][1][safepoint    ] Application time: 1.0000803 seconds
[2019-12-09T08:09:01.845+0000][1][safepoint    ] Entering safepoint region: Cleanup
[2019-12-09T08:09:01.845+0000][1][safepoint    ] Leaving safepoint region
[2019-12-09T08:09:01.845+0000][1][safepoint    ] Total time for which application threads were stopped: 0.0000934 seconds, Stopping threads took: 0.0000201 seconds
[2019-12-09T08:09:02.845+0000][1][safepoint    ] Application time: 1.0000775 seconds
[2019-12-09T08:09:02.845+0000][1][safepoint    ] Entering safepoint region: Cleanup
[2019-12-09T08:09:02.845+0000][1][safepoint    ] Leaving safepoint region
[2019-12-09T08:09:02.845+0000][1][safepoint    ] Total time for which application threads were stopped: 0.0000926 seconds, Stopping threads took: 0.0000195 seconds
[2019-12-09T08:09:03.845+0000][1][safepoint    ] Application time: 1.0000790 seconds
[2019-12-09T08:09:03.845+0000][1][safepoint    ] Entering safepoint region: Cleanup
[2019-12-09T08:09:03.845+0000][1][safepoint    ] Leaving safepoint region
[2019-12-09T08:09:03.845+0000][1][safepoint    ] Total time for which application threads were stopped: 0.0000932 seconds, Stopping threads took: 0.0000190 seconds
[2019-12-09T08:09:04.846+0000][1][safepoint    ] Application time: 1.0000768 seconds
[2019-12-09T08:09:04.846+0000][1][safepoint    ] Entering safepoint region: Cleanup
[2019-12-09T08:09:04.846+0000][1][safepoint    ] Leaving safepoint region
[2019-12-09T08:09:04.846+0000][1][safepoint    ] Total time for which application threads were stopped: 0.0000929 seconds, Stopping threads took: 0.0000195 seconds
[2019-12-09T08:09:05.846+0000][1][safepoint    ] Application time: 1.0000814 seconds
[2019-12-09T08:09:05.846+0000][1][safepoint    ] Entering safepoint region: Cleanup
[2019-12-09T08:09:05.846+0000][1][safepoint    ] Leaving safepoint region
[2019-12-09T08:09:05.846+0000][1][safepoint    ] Total time for which application threads were stopped: 0.0000906 seconds, Stopping threads took: 0.0000186 seconds
[2019-12-09T08:09:06.846+0000][1][safepoint    ] Application time: 1.0000766 seconds
[2019-12-09T08:09:06.846+0000][1][safepoint    ] Entering safepoint region: Cleanup
[2019-12-09T08:09:06.846+0000][1][safepoint    ] Leaving safepoint region
[2019-12-09T08:09:06.846+0000][1][safepoint    ] Total time for which application threads were stopped: 0.0000915 seconds, Stopping threads took: 0.0000200 seconds
[2019-12-09T08:09:07.846+0000][1][safepoint    ] Application time: 1.0000761 seconds
[2019-12-09T08:09:07.846+0000][1][safepoint    ] Entering safepoint region: Cleanup
[2019-12-09T08:09:07.846+0000][1][safepoint    ] Leaving safepoint region
[2019-12-09T08:09:07.846+0000][1][safepoint    ] Total time for which application threads were stopped: 0.0000912 seconds, Stopping threads took: 0.0000196 seconds
[2019-12-09T08:09:08.846+0000][1][safepoint    ] Application time: 1.0000758 seconds
[2019-12-09T08:09:08.846+0000][1][safepoint    ] Entering safepoint region: Cleanup
[2019-12-09T08:09:08.846+0000][1][safepoint    ] Leaving safepoint region
[2019-12-09T08:09:08.846+0000][1][safepoint    ] Total time for which application threads were stopped: 0.0000919 seconds, Stopping threads took: 0.0000185 seconds
[2019-12-09T08:09:09.847+0000][1][safepoint    ] Application time: 1.0000765 seconds
[2019-12-09T08:09:09.847+0000][1][safepoint    ] Entering safepoint region: Cleanup
[2019-12-09T08:09:09.847+0000][1][safepoint    ] Leaving safepoint region
[2019-12-09T08:09:09.847+0000][1][safepoint    ] Total time for which application threads were stopped: 0.0001093 seconds, Stopping threads took: 0.0000265 seconds
[2019-12-09T08:09:10.847+0000][1][safepoint    ] Application time: 1.0000751 seconds
[2019-12-09T08:09:10.847+0000][1][safepoint    ] Entering safepoint region: Cleanup
[2019-12-09T08:09:10.847+0000][1][safepoint    ] Leaving safepoint region
[2019-12-09T08:09:10.847+0000][1][safepoint    ] Total time for which application threads were stopped: 0.0000908 seconds, Stopping threads took: 0.0000193 seconds
[2019-12-09T08:09:11.847+0000][1][safepoint    ] Application time: 1.0000787 seconds
[2019-12-09T08:09:11.847+0000][1][safepoint    ] Entering safepoint region: Cleanup
[2019-12-09T08:09:11.847+0000][1][safepoint    ] Leaving safepoint region
[2019-12-09T08:09:11.847+0000][1][safepoint    ] Total time for which application threads were stopped: 0.0000911 seconds, Stopping threads took: 0.0000200 seconds
[2019-12-09T08:09:12.847+0000][1][safepoint    ] Application time: 1.0000775 seconds
[2019-12-09T08:09:12.847+0000][1][safepoint    ] Entering safepoint region: Cleanup
[2019-12-09T08:09:12.847+0000][1][safepoint    ] Leaving safepoint region
[2019-12-09T08:09:12.847+0000][1][safepoint    ] Total time for which application threads were stopped: 0.0000913 seconds, Stopping threads took: 0.0000200 seconds
[2019-12-09T08:09:13.847+0000][1][safepoint    ] Application time: 1.0000730 seconds
[2019-12-09T08:09:13.847+0000][1][safepoint    ] Entering safepoint region: Cleanup
[2019-12-09T08:09:13.848+0000][1][safepoint    ] Leaving safepoint region
[2019-12-09T08:09:13.848+0000][1][safepoint    ] Total time for which application threads were stopped: 0.0000881 seconds, Stopping threads took: 0.0000173 seconds
[2019-12-09T08:09:14.848+0000][1][safepoint    ] Application time: 1.0000776 seconds
[2019-12-09T08:09:14.848+0000][1][safepoint    ] Entering safepoint region: Cleanup
[2019-12-09T08:09:14.848+0000][1][safepoint    ] Leaving safepoint region
[2019-12-09T08:09:14.848+0000][1][safepoint    ] Total time for which application threads were stopped: 0.0000914 seconds, Stopping threads took: 0.0000201 seconds
[2019-12-09T08:09:15.848+0000][1][safepoint    ] Application time: 1.0000807 seconds
[2019-12-09T08:09:15.848+0000][1][safepoint    ] Entering safepoint region: Cleanup
[2019-12-09T08:09:15.848+0000][1][safepoint    ] Leaving safepoint region
[2019-12-09T08:09:15.848+0000][1][safepoint    ] Total time for which application threads were stopped: 0.0001255 seconds, Stopping threads took: 0.0000277 seconds
[2019-12-09T08:09:16.848+0000][1][safepoint    ] Application time: 1.0000759 seconds
[2019-12-09T08:09:16.848+0000][1][safepoint    ] Entering safepoint region: Cleanup
[2019-12-09T08:09:16.848+0000][1][safepoint    ] Leaving safepoint region
[2019-12-09T08:09:16.848+0000][1][safepoint    ] Total time for which application threads were stopped: 0.0000942 seconds, Stopping threads took: 0.0000211 seconds
[2019-12-09T08:09:17.848+0000][1][safepoint    ] Application time: 1.0000789 seconds
[2019-12-09T08:09:17.848+0000][1][safepoint    ] Entering safepoint region: Cleanup
[2019-12-09T08:09:17.848+0000][1][safepoint    ] Leaving safepoint region
[2019-12-09T08:09:17.848+0000][1][safepoint    ] Total time for which application threads were stopped: 0.0000904 seconds, Stopping threads took: 0.0000188 seconds
[2019-12-09T08:09:18.849+0000][1][safepoint    ] Application time: 1.0000755 seconds
[2019-12-09T08:09:18.849+0000][1][safepoint    ] Entering safepoint region: Cleanup
[2019-12-09T08:09:18.849+0000][1][safepoint    ] Leaving safepoint region
[2019-12-09T08:09:18.849+0000][1][safepoint    ] Total time for which application threads were stopped: 0.0001019 seconds, Stopping threads took: 0.0000190 seconds
[2019-12-09T08:09:19.849+0000][1][safepoint    ] Application time: 1.0000753 seconds
[2019-12-09T08:09:19.849+0000][1][safepoint    ] Entering safepoint region: Cleanup
[2019-12-09T08:09:19.849+0000][1][safepoint    ] Leaving safepoint region
[2019-12-09T08:09:19.849+0000][1][safepoint    ] Total time for which application threads were stopped: 0.0001034 seconds, Stopping threads took: 0.0000292 seconds
[2019-12-09T08:09:20.849+0000][1][safepoint    ] Application time: 1.0000731 seconds
[2019-12-09T08:09:20.849+0000][1][safepoint    ] Entering safepoint region: Cleanup
[2019-12-09T08:09:20.849+0000][1][safepoint    ] Leaving safepoint region
[2019-12-09T08:09:20.849+0000][1][safepoint    ] Total time for which application threads were stopped: 0.0000857 seconds, Stopping threads took: 0.0000169 seconds
[2019-12-09T08:09:21.849+0000][1][safepoint    ] Application time: 1.0000776 seconds
[2019-12-09T08:09:21.849+0000][1][safepoint    ] Entering safepoint region: Cleanup
[2019-12-09T08:09:21.849+0000][1][safepoint    ] Leaving safepoint region
[2019-12-09T08:09:21.849+0000][1][safepoint    ] Total time for which application threads were stopped: 0.0000926 seconds, Stopping threads took: 0.0000194 seconds
[2019-12-09T08:09:22.849+0000][1][safepoint    ] Application time: 1.0000771 seconds
[2019-12-09T08:09:22.849+0000][1][safepoint    ] Entering safepoint region: Cleanup
[2019-12-09T08:09:22.850+0000][1][safepoint    ] Leaving safepoint region
[2019-12-09T08:09:22.850+0000][1][safepoint    ] Total time for which application threads were stopped: 0.0001121 seconds, Stopping threads took: 0.0000217 seconds
[2019-12-09T08:09:23.850+0000][1][safepoint    ] Application time: 1.0000760 seconds
[2019-12-09T08:09:23.850+0000][1][safepoint    ] Entering safepoint region: Cleanup
[2019-12-09T08:09:23.850+0000][1][safepoint    ] Leaving safepoint region
[2019-12-09T08:09:23.850+0000][1][safepoint    ] Total time for which application threads were stopped: 0.0000932 seconds, Stopping threads took: 0.0000193 seconds
[2019-12-09T08:09:24.850+0000][1][safepoint    ] Application time: 1.0000767 seconds
[2019-12-09T08:09:24.850+0000][1][safepoint    ] Entering safepoint region: Cleanup
[2019-12-09T08:09:24.850+0000][1][safepoint    ] Leaving safepoint region
[2019-12-09T08:09:24.850+0000][1][safepoint    ] Total time for which application threads were stopped: 0.0000880 seconds, Stopping threads took: 0.0000176 seconds
[2019-12-09T08:09:25.850+0000][1][safepoint    ] Application time: 1.0000755 seconds
[2019-12-09T08:09:25.850+0000][1][safepoint    ] Entering safepoint region: Cleanup
[2019-12-09T08:09:25.850+0000][1][safepoint    ] Leaving safepoint region
[2019-12-09T08:09:25.850+0000][1][safepoint    ] Total time for which application threads were stopped: 0.0000998 seconds, Stopping threads took: 0.0000288 seconds
[2019-12-09T08:09:26.850+0000][1][safepoint    ] Application time: 1.0000755 seconds
[2019-12-09T08:09:26.850+0000][1][safepoint    ] Entering safepoint region: Cleanup
[2019-12-09T08:09:26.850+0000][1][safepoint    ] Leaving safepoint region
[2019-12-09T08:09:26.850+0000][1][safepoint    ] Total time for which application threads were stopped: 0.0000899 seconds, Stopping threads took: 0.0000185 seconds
[2019-12-09T08:09:27.851+0000][1][safepoint    ] Application time: 1.0000868 seconds
[2019-12-09T08:09:27.851+0000][1][safepoint    ] Entering safepoint region: Cleanup
[2019-12-09T08:09:27.851+0000][1][safepoint    ] Leaving safepoint region
[2019-12-09T08:09:27.851+0000][1][safepoint    ] Total time for which application threads were stopped: 0.0001445 seconds, Stopping threads took: 0.0000266 seconds
[2019-12-09T08:09:28.851+0000][1][safepoint    ] Application time: 1.0000867 seconds
[2019-12-09T08:09:28.851+0000][1][safepoint    ] Entering safepoint region: Cleanup
[2019-12-09T08:09:28.851+0000][1][safepoint    ] Leaving safepoint region
[2019-12-09T08:09:28.851+0000][1][safepoint    ] Total time for which application threads were stopped: 0.0000909 seconds, Stopping threads took: 0.0000188 seconds
[2019-12-09T08:09:29.851+0000][1][safepoint    ] Application time: 1.0000762 seconds
[2019-12-09T08:09:29.851+0000][1][safepoint    ] Entering safepoint region: Cleanup
[2019-12-09T08:09:29.851+0000][1][safepoint    ] Leaving safepoint region
[2019-12-09T08:09:29.851+0000][1][safepoint    ] Total time for which application threads were stopped: 0.0000992 seconds, Stopping threads took: 0.0000191 seconds
[2019-12-09T08:09:30.851+0000][1][safepoint    ] Application time: 1.0000737 seconds
[2019-12-09T08:09:30.851+0000][1][safepoint    ] Entering safepoint region: Cleanup
[2019-12-09T08:09:30.851+0000][1][safepoint    ] Leaving safepoint region
[2019-12-09T08:09:30.851+0000][1][safepoint    ] Total time for which application threads were stopped: 0.0000905 seconds, Stopping threads took: 0.0000190 seconds
[2019-12-09T08:09:31.851+0000][1][safepoint    ] Application time: 1.0000775 seconds
[2019-12-09T08:09:31.852+0000][1][safepoint    ] Entering safepoint region: Cleanup
[2019-12-09T08:09:31.852+0000][1][safepoint    ] Leaving safepoint region
[2019-12-09T08:09:31.852+0000][1][safepoint    ] Total time for which application threads were stopped: 0.0000937 seconds, Stopping threads took: 0.0000199 seconds
[2019-12-09T08:09:32.852+0000][1][safepoint    ] Application time: 1.0000814 seconds
[2019-12-09T08:09:32.852+0000][1][safepoint    ] Entering safepoint region: Cleanup
[2019-12-09T08:09:32.852+0000][1][safepoint    ] Leaving safepoint region
[2019-12-09T08:09:32.852+0000][1][safepoint    ] Total time for which application threads were stopped: 0.0001209 seconds, Stopping threads took: 0.0000239 seconds
[2019-12-09T08:09:33.852+0000][1][safepoint    ] Application time: 1.0000860 seconds
[2019-12-09T08:09:33.852+0000][1][safepoint    ] Entering safepoint region: Cleanup
[2019-12-09T08:09:33.852+0000][1][safepoint    ] Leaving safepoint region
[2019-12-09T08:09:33.852+0000][1][safepoint    ] Total time for which application threads were stopped: 0.0001226 seconds, Stopping threads took: 0.0000254 seconds
[2019-12-09T08:09:34.852+0000][1][safepoint    ] Application time: 1.0000764 seconds
[2019-12-09T08:09:34.852+0000][1][safepoint    ] Entering safepoint region: Cleanup
[2019-12-09T08:09:34.852+0000][1][safepoint    ] Leaving safepoint region
[2019-12-09T08:09:34.852+0000][1][safepoint    ] Total time for which application threads were stopped: 0.0000915 seconds, Stopping threads took: 0.0000189 seconds
[2019-12-09T08:09:35.852+0000][1][safepoint    ] Application time: 1.0000821 seconds
[2019-12-09T08:09:35.852+0000][1][safepoint    ] Entering safepoint region: Cleanup
[2019-12-09T08:09:35.853+0000][1][safepoint    ] Leaving safepoint region
[2019-12-09T08:09:35.853+0000][1][safepoint    ] Total time for which application threads were stopped: 0.0001236 seconds, Stopping threads took: 0.0000253 seconds
[2019-12-09T08:09:36.853+0000][1][safepoint    ] Application time: 1.0000831 seconds
[2019-12-09T08:09:36.853+0000][1][safepoint    ] Entering safepoint region: Cleanup
[2019-12-09T08:09:36.853+0000][1][safepoint    ] Leaving safepoint region
[2019-12-09T08:09:36.853+0000][1][safepoint    ] Total time for which application threads were stopped: 0.0001257 seconds, Stopping threads took: 0.0000267 seconds
[2019-12-09T08:09:37.853+0000][1][safepoint    ] Application time: 1.0000800 seconds
[2019-12-09T08:09:37.853+0000][1][safepoint    ] Entering safepoint region: Cleanup
[2019-12-09T08:09:37.853+0000][1][safepoint    ] Leaving safepoint region
[2019-12-09T08:09:37.853+0000][1][safepoint    ] Total time for which application threads were stopped: 0.0001324 seconds, Stopping threads took: 0.0000260 seconds
[2019-12-09T08:09:38.854+0000][1][safepoint    ] Application time: 1.0005740 seconds
[2019-12-09T08:09:38.854+0000][1][safepoint    ] Entering safepoint region: Cleanup
[2019-12-09T08:09:38.854+0000][1][safepoint    ] Leaving safepoint region
[2019-12-09T08:09:38.854+0000][1][safepoint    ] Total time for which application threads were stopped: 0.0001248 seconds, Stopping threads took: 0.0000258 seconds
[2019-12-09T08:09:39.854+0000][1][safepoint    ] Application time: 1.0000834 seconds
[2019-12-09T08:09:39.854+0000][1][safepoint    ] Entering safepoint region: Cleanup
[2019-12-09T08:09:39.854+0000][1][safepoint    ] Leaving safepoint region
[2019-12-09T08:09:39.854+0000][1][safepoint    ] Total time for which application threads were stopped: 0.0001320 seconds, Stopping threads took: 0.0000263 seconds
[2019-12-09T08:09:40.854+0000][1][safepoint    ] Application time: 1.0000835 seconds
[2019-12-09T08:09:40.854+0000][1][safepoint    ] Entering safepoint region: Cleanup
[2019-12-09T08:09:40.854+0000][1][safepoint    ] Leaving safepoint region
[2019-12-09T08:09:40.854+0000][1][safepoint    ] Total time for which application threads were stopped: 0.0001262 seconds, Stopping threads took: 0.0000272 seconds
[2019-12-09T08:09:41.855+0000][1][safepoint    ] Application time: 1.0000820 seconds
[2019-12-09T08:09:41.855+0000][1][safepoint    ] Entering safepoint region: Cleanup
[2019-12-09T08:09:41.855+0000][1][safepoint    ] Leaving safepoint region
[2019-12-09T08:09:41.855+0000][1][safepoint    ] Total time for which application threads were stopped: 0.0001399 seconds, Stopping threads took: 0.0000256 seconds
[2019-12-09T08:09:42.855+0000][1][safepoint    ] Application time: 1.0000834 seconds
[2019-12-09T08:09:42.855+0000][1][safepoint    ] Entering safepoint region: Cleanup
[2019-12-09T08:09:42.855+0000][1][safepoint    ] Leaving safepoint region
[2019-12-09T08:09:42.855+0000][1][safepoint    ] Total time for which application threads were stopped: 0.0001255 seconds, Stopping threads took: 0.0000269 seconds
[2019-12-09T08:09:43.855+0000][1][safepoint    ] Application time: 1.0000844 seconds
[2019-12-09T08:09:43.855+0000][1][safepoint    ] Entering safepoint region: Cleanup
[2019-12-09T08:09:43.855+0000][1][safepoint    ] Leaving safepoint region
[2019-12-09T08:09:43.855+0000][1][safepoint    ] Total time for which application threads were stopped: 0.0001227 seconds, Stopping threads took: 0.0000265 seconds
[2019-12-09T08:09:44.855+0000][1][safepoint    ] Application time: 1.0000810 seconds
[2019-12-09T08:09:44.855+0000][1][safepoint    ] Entering safepoint region: Cleanup
[2019-12-09T08:09:44.855+0000][1][safepoint    ] Leaving safepoint region
[2019-12-09T08:09:44.855+0000][1][safepoint    ] Total time for which application threads were stopped: 0.0001239 seconds, Stopping threads took: 0.0000256 seconds
[2019-12-09T08:09:45.856+0000][1][safepoint    ] Application time: 1.0002077 seconds
[2019-12-09T08:09:45.856+0000][1][safepoint    ] Entering safepoint region: Cleanup
[2019-12-09T08:09:45.856+0000][1][safepoint    ] Leaving safepoint region
[2019-12-09T08:09:45.856+0000][1][safepoint    ] Total time for which application threads were stopped: 0.0001386 seconds, Stopping threads took: 0.0000261 seconds
[2019-12-09T08:09:46.856+0000][1][safepoint    ] Application time: 1.0000811 seconds
[2019-12-09T08:09:46.856+0000][1][safepoint    ] Entering safepoint region: Cleanup
[2019-12-09T08:09:46.856+0000][1][safepoint    ] Leaving safepoint region
[2019-12-09T08:09:46.856+0000][1][safepoint    ] Total time for which application threads were stopped: 0.0001219 seconds, Stopping threads took: 0.0000247 seconds
[2019-12-09T08:09:47.856+0000][1][safepoint    ] Application time: 1.0000822 seconds
[2019-12-09T08:09:47.856+0000][1][safepoint    ] Entering safepoint region: Cleanup
[2019-12-09T08:09:47.856+0000][1][safepoint    ] Leaving safepoint region
[2019-12-09T08:09:47.856+0000][1][safepoint    ] Total time for which application threads were stopped: 0.0001236 seconds, Stopping threads took: 0.0000259 seconds
[2019-12-09T08:09:48.857+0000][1][safepoint    ] Application time: 1.0000824 seconds
[2019-12-09T08:09:48.857+0000][1][safepoint    ] Entering safepoint region: Cleanup
[2019-12-09T08:09:48.857+0000][1][safepoint    ] Leaving safepoint region
[2019-12-09T08:09:48.857+0000][1][safepoint    ] Total time for which application threads were stopped: 0.0001526 seconds, Stopping threads took: 0.0000254 seconds
[2019-12-09T08:09:49.857+0000][1][safepoint    ] Application time: 1.0000836 seconds
[2019-12-09T08:09:49.857+0000][1][safepoint    ] Entering safepoint region: Cleanup
[2019-12-09T08:09:49.857+0000][1][safepoint    ] Leaving safepoint region
[2019-12-09T08:09:49.857+0000][1][safepoint    ] Total time for which application threads were stopped: 0.0001424 seconds, Stopping threads took: 0.0000285 seconds
[2019-12-09T08:09:50.857+0000][1][safepoint    ] Application time: 1.0000813 seconds
[2019-12-09T08:09:50.857+0000][1][safepoint    ] Entering safepoint region: Cleanup
[2019-12-09T08:09:50.857+0000][1][safepoint    ] Leaving safepoint region
[2019-12-09T08:09:50.857+0000][1][safepoint    ] Total time for which application threads were stopped: 0.0001164 seconds, Stopping threads took: 0.0000237 seconds
[2019-12-09T08:09:51.857+0000][1][safepoint    ] Application time: 1.0000795 seconds
[2019-12-09T08:09:51.857+0000][1][safepoint    ] Entering safepoint region: Cleanup
[2019-12-09T08:09:51.857+0000][1][safepoint    ] Leaving safepoint region
[2019-12-09T08:09:51.857+0000][1][safepoint    ] Total time for which application threads were stopped: 0.0000939 seconds, Stopping threads took: 0.0000196 seconds
[2019-12-09T08:09:52.858+0000][1][safepoint    ] Application time: 1.0000868 seconds
[2019-12-09T08:09:52.858+0000][1][safepoint    ] Entering safepoint region: Cleanup
[2019-12-09T08:09:52.858+0000][1][safepoint    ] Leaving safepoint region
[2019-12-09T08:09:52.858+0000][1][safepoint    ] Total time for which application threads were stopped: 0.0001009 seconds, Stopping threads took: 0.0000187 seconds
[2019-12-09T08:09:53.858+0000][1][safepoint    ] Application time: 1.0000783 seconds
[2019-12-09T08:09:53.858+0000][1][safepoint    ] Entering safepoint region: Cleanup
[2019-12-09T08:09:53.858+0000][1][safepoint    ] Leaving safepoint region
[2019-12-09T08:09:53.858+0000][1][safepoint    ] Total time for which application threads were stopped: 0.0000948 seconds, Stopping threads took: 0.0000196 seconds
[2019-12-09T08:09:54.858+0000][1][safepoint    ] Application time: 1.0000770 seconds
[2019-12-09T08:09:54.858+0000][1][safepoint    ] Entering safepoint region: Cleanup
[2019-12-09T08:09:54.858+0000][1][safepoint    ] Leaving safepoint region
[2019-12-09T08:09:54.858+0000][1][safepoint    ] Total time for which application threads were stopped: 0.0000932 seconds, Stopping threads took: 0.0000186 seconds
[2019-12-09T08:09:55.858+0000][1][safepoint    ] Application time: 1.0000775 seconds
[2019-12-09T08:09:55.858+0000][1][safepoint    ] Entering safepoint region: Cleanup
[2019-12-09T08:09:55.858+0000][1][safepoint    ] Leaving safepoint region
[2019-12-09T08:09:55.858+0000][1][safepoint    ] Total time for which application threads were stopped: 0.0000992 seconds, Stopping threads took: 0.0000282 seconds
[2019-12-09T08:09:56.858+0000][1][safepoint    ] Application time: 1.0000778 seconds
[2019-12-09T08:09:56.858+0000][1][safepoint    ] Entering safepoint region: Cleanup
[2019-12-09T08:09:56.859+0000][1][safepoint    ] Leaving safepoint region
[2019-12-09T08:09:56.859+0000][1][safepoint    ] Total time for which application threads were stopped: 0.0000958 seconds, Stopping threads took: 0.0000204 seconds
[2019-12-09T08:09:57.859+0000][1][safepoint    ] Application time: 1.0000779 seconds
[2019-12-09T08:09:57.859+0000][1][safepoint    ] Entering safepoint region: Cleanup
[2019-12-09T08:09:57.859+0000][1][safepoint    ] Leaving safepoint region
[2019-12-09T08:09:57.859+0000][1][safepoint    ] Total time for which application threads were stopped: 0.0000934 seconds, Stopping threads took: 0.0000199 seconds
[2019-12-09T08:09:58.859+0000][1][safepoint    ] Application time: 1.0000757 seconds
[2019-12-09T08:09:58.859+0000][1][safepoint    ] Entering safepoint region: Cleanup
[2019-12-09T08:09:58.859+0000][1][safepoint    ] Leaving safepoint region
[2019-12-09T08:09:58.859+0000][1][safepoint    ] Total time for which application threads were stopped: 0.0001022 seconds, Stopping threads took: 0.0000191 seconds
[2019-12-09T08:09:59.859+0000][1][safepoint    ] Application time: 1.0000757 seconds
[2019-12-09T08:09:59.859+0000][1][safepoint    ] Entering safepoint region: Cleanup
[2019-12-09T08:09:59.859+0000][1][safepoint    ] Leaving safepoint region
[2019-12-09T08:09:59.859+0000][1][safepoint    ] Total time for which application threads were stopped: 0.0000916 seconds, Stopping threads took: 0.0000206 seconds
[2019-12-09T08:10:00.859+0000][1][safepoint    ] Application time: 1.0000759 seconds
[2019-12-09T08:10:00.859+0000][1][safepoint    ] Entering safepoint region: Cleanup
[2019-12-09T08:10:00.859+0000][1][safepoint    ] Leaving safepoint region
[2019-12-09T08:10:00.859+0000][1][safepoint    ] Total time for which application threads were stopped: 0.0000903 seconds, Stopping threads took: 0.0000186 seconds
[2019-12-09T08:10:01.860+0000][1][safepoint    ] Application time: 1.0000793 seconds
[2019-12-09T08:10:01.860+0000][1][safepoint    ] Entering safepoint region: Cleanup
[2019-12-09T08:10:01.860+0000][1][safepoint    ] Leaving safepoint region
[2019-12-09T08:10:01.860+0000][1][safepoint    ] Total time for which application threads were stopped: 0.0000924 seconds, Stopping threads took: 0.0000199 seconds
[2019-12-09T08:10:02.860+0000][1][safepoint    ] Application time: 1.0000880 seconds
[2019-12-09T08:10:02.860+0000][1][safepoint    ] Entering safepoint region: Cleanup
[2019-12-09T08:10:02.860+0000][1][safepoint    ] Leaving safepoint region
[2019-12-09T08:10:02.860+0000][1][safepoint    ] Total time for which application threads were stopped: 0.0000902 seconds, Stopping threads took: 0.0000190 seconds
[2019-12-09T08:10:03.860+0000][1][safepoint    ] Application time: 1.0000780 seconds
[2019-12-09T08:10:03.860+0000][1][safepoint    ] Entering safepoint region: Cleanup
[2019-12-09T08:10:03.860+0000][1][safepoint    ] Leaving safepoint region
[2019-12-09T08:10:03.860+0000][1][safepoint    ] Total time for which application threads were stopped: 0.0000928 seconds, Stopping threads took: 0.0000210 seconds
[2019-12-09T08:10:04.860+0000][1][safepoint    ] Application time: 1.0000766 seconds
[2019-12-09T08:10:04.860+0000][1][safepoint    ] Entering safepoint region: Cleanup
[2019-12-09T08:10:04.860+0000][1][safepoint    ] Leaving safepoint region
[2019-12-09T08:10:04.860+0000][1][safepoint    ] Total time for which application threads were stopped: 0.0000918 seconds, Stopping threads took: 0.0000196 seconds
[2019-12-09T08:10:05.860+0000][1][safepoint    ] Application time: 1.0000763 seconds
[2019-12-09T08:10:05.860+0000][1][safepoint    ] Entering safepoint region: Cleanup
[2019-12-09T08:10:05.861+0000][1][safepoint    ] Leaving safepoint region
[2019-12-09T08:10:05.861+0000][1][safepoint    ] Total time for which application threads were stopped: 0.0000902 seconds, Stopping threads took: 0.0000183 seconds
[2019-12-09T08:10:06.861+0000][1][safepoint    ] Application time: 1.0000769 seconds
[2019-12-09T08:10:06.861+0000][1][safepoint    ] Entering safepoint region: Cleanup
[2019-12-09T08:10:06.861+0000][1][safepoint    ] Leaving safepoint region
[2019-12-09T08:10:06.861+0000][1][safepoint    ] Total time for which application threads were stopped: 0.0001070 seconds, Stopping threads took: 0.0000201 seconds
[2019-12-09T08:10:07.861+0000][1][safepoint    ] Application time: 1.0000775 seconds
[2019-12-09T08:10:07.861+0000][1][safepoint    ] Entering safepoint region: Cleanup
[2019-12-09T08:10:07.861+0000][1][safepoint    ] Leaving safepoint region
[2019-12-09T08:10:07.861+0000][1][safepoint    ] Total time for which application threads were stopped: 0.0000911 seconds, Stopping threads took: 0.0000185 seconds
[2019-12-09T08:10:08.861+0000][1][safepoint    ] Application time: 1.0000759 seconds
[2019-12-09T08:10:08.861+0000][1][safepoint    ] Entering safepoint region: Cleanup
[2019-12-09T08:10:08.861+0000][1][safepoint    ] Leaving safepoint region
[2019-12-09T08:10:08.861+0000][1][safepoint    ] Total time for which application threads were stopped: 0.0000927 seconds, Stopping threads took: 0.0000199 seconds
[2019-12-09T08:10:09.861+0000][1][safepoint    ] Application time: 1.0000778 seconds
[2019-12-09T08:10:09.861+0000][1][safepoint    ] Entering safepoint region: Cleanup
[2019-12-09T08:10:09.861+0000][1][safepoint    ] Leaving safepoint region
[2019-12-09T08:10:09.861+0000][1][safepoint    ] Total time for which application threads were stopped: 0.0000909 seconds, Stopping threads took: 0.0000190 seconds
[2019-12-09T08:10:10.861+0000][1][safepoint    ] Application time: 1.0000763 seconds
[2019-12-09T08:10:10.862+0000][1][safepoint    ] Entering safepoint region: Cleanup
[2019-12-09T08:10:10.862+0000][1][safepoint    ] Leaving safepoint region
[2019-12-09T08:10:10.862+0000][1][safepoint    ] Total time for which application threads were stopped: 0.0000931 seconds, Stopping threads took: 0.0000199 seconds
[2019-12-09T08:10:11.862+0000][1][safepoint    ] Application time: 1.0000755 seconds
[2019-12-09T08:10:11.862+0000][1][safepoint    ] Entering safepoint region: Cleanup
[2019-12-09T08:10:11.862+0000][1][safepoint    ] Leaving safepoint region
[2019-12-09T08:10:11.862+0000][1][safepoint    ] Total time for which application threads were stopped: 0.0000920 seconds, Stopping threads took: 0.0000188 seconds
[2019-12-09T08:10:12.862+0000][1][safepoint    ] Application time: 1.0000747 seconds
[2019-12-09T08:10:12.862+0000][1][safepoint    ] Entering safepoint region: Cleanup
[2019-12-09T08:10:12.862+0000][1][safepoint    ] Leaving safepoint region
[2019-12-09T08:10:12.862+0000][1][safepoint    ] Total time for which application threads were stopped: 0.0000908 seconds, Stopping threads took: 0.0000198 seconds
[2019-12-09T08:10:13.862+0000][1][safepoint    ] Application time: 1.0000756 seconds
[2019-12-09T08:10:13.862+0000][1][safepoint    ] Entering safepoint region: Cleanup
[2019-12-09T08:10:13.862+0000][1][safepoint    ] Leaving safepoint region
[2019-12-09T08:10:13.862+0000][1][safepoint    ] Total time for which application threads were stopped: 0.0000960 seconds, Stopping threads took: 0.0000204 seconds
[2019-12-09T08:10:14.862+0000][1][safepoint    ] Application time: 1.0000776 seconds
[2019-12-09T08:10:14.862+0000][1][safepoint    ] Entering safepoint region: Cleanup
[2019-12-09T08:10:14.862+0000][1][safepoint    ] Leaving safepoint region
[2019-12-09T08:10:14.862+0000][1][safepoint    ] Total time for which application threads were stopped: 0.0000904 seconds, Stopping threads took: 0.0000182 seconds
[2019-12-09T08:10:15.863+0000][1][safepoint    ] Application time: 1.0000776 seconds
[2019-12-09T08:10:15.863+0000][1][safepoint    ] Entering safepoint region: Cleanup
[2019-12-09T08:10:15.863+0000][1][safepoint    ] Leaving safepoint region
[2019-12-09T08:10:15.863+0000][1][safepoint    ] Total time for which application threads were stopped: 0.0001080 seconds, Stopping threads took: 0.0000207 seconds
[2019-12-09T08:10:16.863+0000][1][safepoint    ] Application time: 1.0000754 seconds
[2019-12-09T08:10:16.863+0000][1][safepoint    ] Entering safepoint region: Cleanup
[2019-12-09T08:10:16.863+0000][1][safepoint    ] Leaving safepoint region
[2019-12-09T08:10:16.863+0000][1][safepoint    ] Total time for which application threads were stopped: 0.0000900 seconds, Stopping threads took: 0.0000188 seconds
[2019-12-09T08:10:17.863+0000][1][safepoint    ] Application time: 1.0000748 seconds
[2019-12-09T08:10:17.863+0000][1][safepoint    ] Entering safepoint region: Cleanup
[2019-12-09T08:10:17.863+0000][1][safepoint    ] Leaving safepoint region
[2019-12-09T08:10:17.863+0000][1][safepoint    ] Total time for which application threads were stopped: 0.0000911 seconds, Stopping threads took: 0.0000189 seconds
[2019-12-09T08:10:18.863+0000][1][safepoint    ] Application time: 1.0000750 seconds
[2019-12-09T08:10:18.863+0000][1][safepoint    ] Entering safepoint region: Cleanup
[2019-12-09T08:10:18.863+0000][1][safepoint    ] Leaving safepoint region
[2019-12-09T08:10:18.863+0000][1][safepoint    ] Total time for which application threads were stopped: 0.0000929 seconds, Stopping threads took: 0.0000194 seconds
[2019-12-09T08:10:19.863+0000][1][safepoint    ] Application time: 1.0000736 seconds
[2019-12-09T08:10:19.863+0000][1][safepoint    ] Entering safepoint region: Cleanup
[2019-12-09T08:10:19.864+0000][1][safepoint    ] Leaving safepoint region
[2019-12-09T08:10:19.864+0000][1][safepoint    ] Total time for which application threads were stopped: 0.0000908 seconds, Stopping threads took: 0.0000199 seconds
[2019-12-09T08:10:21.856+0000][1][safepoint    ] Application time: 1.9925282 seconds
[2019-12-09T08:10:21.856+0000][1][safepoint    ] Entering safepoint region: Cleanup
[2019-12-09T08:10:21.856+0000][1][safepoint    ] Leaving safepoint region
[2019-12-09T08:10:21.856+0000][1][safepoint    ] Total time for which application threads were stopped: 0.0000881 seconds, Stopping threads took: 0.0000181 seconds
[2019-12-09T08:10:22.856+0000][1][safepoint    ] Application time: 1.0000770 seconds
[2019-12-09T08:10:22.856+0000][1][safepoint    ] Entering safepoint region: Cleanup
[2019-12-09T08:10:22.856+0000][1][safepoint    ] Leaving safepoint region
[2019-12-09T08:10:22.856+0000][1][safepoint    ] Total time for which application threads were stopped: 0.0000885 seconds, Stopping threads took: 0.0000183 seconds
[2019-12-09T08:10:23.073+0000][1][safepoint    ] Application time: 0.2166412 seconds
[2019-12-09T08:10:23.073+0000][1][safepoint    ] Entering safepoint region: GenCollectForAllocation
[2019-12-09T08:10:23.073+0000][1][gc,start     ] GC(64) Pause Young (Allocation Failure)
[2019-12-09T08:10:23.073+0000][1][gc,task      ] GC(64) Using 2 workers of 2 for evacuation
[2019-12-09T08:10:23.075+0000][1][gc,age       ] GC(64) Desired survivor size 4456448 bytes, new threshold 6 (max threshold 6)
[2019-12-09T08:10:23.075+0000][1][gc,age       ] GC(64) Age table with threshold 6 (max threshold 6)
[2019-12-09T08:10:23.075+0000][1][gc,age       ] GC(64) - age   1:       7896 bytes,       7896 total
[2019-12-09T08:10:23.075+0000][1][gc,age       ] GC(64) - age   2:        120 bytes,       8016 total
[2019-12-09T08:10:23.075+0000][1][gc,age       ] GC(64) - age   4:         64 bytes,       8080 total
[2019-12-09T08:10:23.075+0000][1][gc,age       ] GC(64) - age   5:        640 bytes,       8720 total
[2019-12-09T08:10:23.075+0000][1][gc,age       ] GC(64) - age   6:        728 bytes,       9448 total
[2019-12-09T08:10:23.075+0000][1][gc,heap      ] GC(64) ParNew: 69965K->15K(78656K)
[2019-12-09T08:10:23.075+0000][1][gc,heap      ] GC(64) CMS: 75190K->75190K(174784K)
[2019-12-09T08:10:23.075+0000][1][gc,metaspace ] GC(64) Metaspace: 79555K->79555K(1122304K)
[2019-12-09T08:10:23.075+0000][1][gc           ] GC(64) Pause Young (Allocation Failure) 141M->73M(247M) 1.682ms
[2019-12-09T08:10:23.075+0000][1][gc,cpu       ] GC(64) User=0.00s Sys=0.00s Real=0.01s
[2019-12-09T08:10:23.075+0000][1][safepoint    ] Leaving safepoint region
[2019-12-09T08:10:23.075+0000][1][safepoint    ] Total time for which application threads were stopped: 0.0018720 seconds, Stopping threads took: 0.0000279 seconds
[2019-12-09T08:10:24.075+0000][1][safepoint    ] Application time: 1.0000867 seconds
[2019-12-09T08:10:24.075+0000][1][safepoint    ] Entering safepoint region: Cleanup
[2019-12-09T08:10:24.075+0000][1][safepoint    ] Leaving safepoint region
[2019-12-09T08:10:24.075+0000][1][safepoint    ] Total time for which application threads were stopped: 0.0000907 seconds, Stopping threads took: 0.0000207 seconds
[2019-12-09T08:10:25.075+0000][1][safepoint    ] Application time: 1.0000765 seconds
[2019-12-09T08:10:25.075+0000][1][safepoint    ] Entering safepoint region: Cleanup
[2019-12-09T08:10:25.075+0000][1][safepoint    ] Leaving safepoint region
[2019-12-09T08:10:25.075+0000][1][safepoint    ] Total time for which application threads were stopped: 0.0000917 seconds, Stopping threads took: 0.0000198 seconds
[2019-12-09T08:10:26.075+0000][1][safepoint    ] Application time: 1.0000762 seconds
[2019-12-09T08:10:26.076+0000][1][safepoint    ] Entering safepoint region: Cleanup
[2019-12-09T08:10:26.076+0000][1][safepoint    ] Leaving safepoint region
[2019-12-09T08:10:26.076+0000][1][safepoint    ] Total time for which application threads were stopped: 0.0000992 seconds, Stopping threads took: 0.0000278 seconds
[2019-12-09T08:10:27.076+0000][1][safepoint    ] Application time: 1.0000895 seconds
[2019-12-09T08:10:27.076+0000][1][safepoint    ] Entering safepoint region: Cleanup
[2019-12-09T08:10:27.076+0000][1][safepoint    ] Leaving safepoint region
[2019-12-09T08:10:27.076+0000][1][safepoint    ] Total time for which application threads were stopped: 0.0000988 seconds, Stopping threads took: 0.0000275 seconds
[2019-12-09T08:10:28.076+0000][1][safepoint    ] Application time: 1.0000766 seconds
[2019-12-09T08:10:28.076+0000][1][safepoint    ] Entering safepoint region: Cleanup
[2019-12-09T08:10:28.076+0000][1][safepoint    ] Leaving safepoint region
[2019-12-09T08:10:28.076+0000][1][safepoint    ] Total time for which application threads were stopped: 0.0000915 seconds, Stopping threads took: 0.0000183 seconds
[2019-12-09T08:10:29.076+0000][1][safepoint    ] Application time: 1.0000774 seconds
[2019-12-09T08:10:29.076+0000][1][safepoint    ] Entering safepoint region: Cleanup
[2019-12-09T08:10:29.076+0000][1][safepoint    ] Leaving safepoint region
[2019-12-09T08:10:29.076+0000][1][safepoint    ] Total time for which application threads were stopped: 0.0000923 seconds, Stopping threads took: 0.0000195 seconds
[2019-12-09T08:10:30.076+0000][1][safepoint    ] Application time: 1.0000804 seconds
[2019-12-09T08:10:30.076+0000][1][safepoint    ] Entering safepoint region: Cleanup
[2019-12-09T08:10:30.076+0000][1][safepoint    ] Leaving safepoint region
[2019-12-09T08:10:30.076+0000][1][safepoint    ] Total time for which application threads were stopped: 0.0000916 seconds, Stopping threads took: 0.0000193 seconds
[2019-12-09T08:10:31.077+0000][1][safepoint    ] Application time: 1.0000774 seconds
[2019-12-09T08:10:31.077+0000][1][safepoint    ] Entering safepoint region: Cleanup
[2019-12-09T08:10:31.077+0000][1][safepoint    ] Leaving safepoint region
[2019-12-09T08:10:31.077+0000][1][safepoint    ] Total time for which application threads were stopped: 0.0001026 seconds, Stopping threads took: 0.0000188 seconds
[2019-12-09T08:10:32.077+0000][1][safepoint    ] Application time: 1.0000737 seconds
[2019-12-09T08:10:32.077+0000][1][safepoint    ] Entering safepoint region: Cleanup
[2019-12-09T08:10:32.077+0000][1][safepoint    ] Leaving safepoint region
[2019-12-09T08:10:32.077+0000][1][safepoint    ] Total time for which application threads were stopped: 0.0000912 seconds, Stopping threads took: 0.0000192 seconds
[2019-12-09T08:10:33.077+0000][1][safepoint    ] Application time: 1.0000766 seconds
[2019-12-09T08:10:33.077+0000][1][safepoint    ] Entering safepoint region: Cleanup
[2019-12-09T08:10:33.077+0000][1][safepoint    ] Leaving safepoint region
[2019-12-09T08:10:33.077+0000][1][safepoint    ] Total time for which application threads were stopped: 0.0000917 seconds, Stopping threads took: 0.0000193 seconds
[2019-12-09T08:10:34.077+0000][1][safepoint    ] Application time: 1.0000769 seconds
[2019-12-09T08:10:34.077+0000][1][safepoint    ] Entering safepoint region: Cleanup
[2019-12-09T08:10:34.077+0000][1][safepoint    ] Leaving safepoint region
[2019-12-09T08:10:34.077+0000][1][safepoint    ] Total time for which application threads were stopped: 0.0000898 seconds, Stopping threads took: 0.0000188 seconds
[2019-12-09T08:10:35.077+0000][1][safepoint    ] Application time: 1.0000781 seconds
[2019-12-09T08:10:35.077+0000][1][safepoint    ] Entering safepoint region: Cleanup
[2019-12-09T08:10:35.078+0000][1][safepoint    ] Leaving safepoint region
[2019-12-09T08:10:35.078+0000][1][safepoint    ] Total time for which application threads were stopped: 0.0000916 seconds, Stopping threads took: 0.0000195 seconds
[2019-12-09T08:10:36.078+0000][1][safepoint    ] Application time: 1.0000787 seconds
[2019-12-09T08:10:36.078+0000][1][safepoint    ] Entering safepoint region: Cleanup
[2019-12-09T08:10:36.078+0000][1][safepoint    ] Leaving safepoint region
[2019-12-09T08:10:36.078+0000][1][safepoint    ] Total time for which application threads were stopped: 0.0001046 seconds, Stopping threads took: 0.0000314 seconds
[2019-12-09T08:10:37.078+0000][1][safepoint    ] Application time: 1.0000799 seconds
[2019-12-09T08:10:37.078+0000][1][safepoint    ] Entering safepoint region: Cleanup
[2019-12-09T08:10:37.078+0000][1][safepoint    ] Leaving safepoint region
[2019-12-09T08:10:37.078+0000][1][safepoint    ] Total time for which application threads were stopped: 0.0000995 seconds, Stopping threads took: 0.0000191 seconds
[2019-12-09T08:10:38.078+0000][1][safepoint    ] Application time: 1.0000793 seconds
[2019-12-09T08:10:38.078+0000][1][safepoint    ] Entering safepoint region: Cleanup
[2019-12-09T08:10:38.078+0000][1][safepoint    ] Leaving safepoint region
[2019-12-09T08:10:38.078+0000][1][safepoint    ] Total time for which application threads were stopped: 0.0001036 seconds, Stopping threads took: 0.0000210 seconds
[2019-12-09T08:10:39.078+0000][1][safepoint    ] Application time: 1.0000796 seconds
[2019-12-09T08:10:39.078+0000][1][safepoint    ] Entering safepoint region: Cleanup
[2019-12-09T08:10:39.078+0000][1][safepoint    ] Leaving safepoint region
[2019-12-09T08:10:39.078+0000][1][safepoint    ] Total time for which application threads were stopped: 0.0000961 seconds, Stopping threads took: 0.0000215 seconds
[2019-12-09T08:10:40.079+0000][1][safepoint    ] Application time: 1.0000820 seconds
[2019-12-09T08:10:40.079+0000][1][safepoint    ] Entering safepoint region: Cleanup
[2019-12-09T08:10:40.079+0000][1][safepoint    ] Leaving safepoint region
[2019-12-09T08:10:40.079+0000][1][safepoint    ] Total time for which application threads were stopped: 0.0001087 seconds, Stopping threads took: 0.0000195 seconds
[2019-12-09T08:10:41.079+0000][1][safepoint    ] Application time: 1.0000782 seconds
[2019-12-09T08:10:41.079+0000][1][safepoint    ] Entering safepoint region: Cleanup
[2019-12-09T08:10:41.079+0000][1][safepoint    ] Leaving safepoint region
[2019-12-09T08:10:41.079+0000][1][safepoint    ] Total time for which application threads were stopped: 0.0000981 seconds, Stopping threads took: 0.0000210 seconds
[2019-12-09T08:10:42.079+0000][1][safepoint    ] Application time: 1.0000855 seconds
[2019-12-09T08:10:42.079+0000][1][safepoint    ] Entering safepoint region: Cleanup
[2019-12-09T08:10:42.079+0000][1][safepoint    ] Leaving safepoint region
[2019-12-09T08:10:42.079+0000][1][safepoint    ] Total time for which application threads were stopped: 0.0001279 seconds, Stopping threads took: 0.0000274 seconds
[2019-12-09T08:10:43.079+0000][1][safepoint    ] Application time: 1.0002016 seconds
[2019-12-09T08:10:43.079+0000][1][safepoint    ] Entering safepoint region: Cleanup
[2019-12-09T08:10:43.080+0000][1][safepoint    ] Leaving safepoint region
[2019-12-09T08:10:43.080+0000][1][safepoint    ] Total time for which application threads were stopped: 0.0001318 seconds, Stopping threads took: 0.0000283 seconds
[2019-12-09T08:10:44.080+0000][1][safepoint    ] Application time: 1.0000836 seconds
[2019-12-09T08:10:44.080+0000][1][safepoint    ] Entering safepoint region: Cleanup
[2019-12-09T08:10:44.080+0000][1][safepoint    ] Leaving safepoint region
[2019-12-09T08:10:44.080+0000][1][safepoint    ] Total time for which application threads were stopped: 0.0001521 seconds, Stopping threads took: 0.0000480 seconds
[2019-12-09T08:10:45.080+0000][1][safepoint    ] Application time: 1.0000805 seconds
[2019-12-09T08:10:45.080+0000][1][safepoint    ] Entering safepoint region: Cleanup
[2019-12-09T08:10:45.080+0000][1][safepoint    ] Leaving safepoint region
[2019-12-09T08:10:45.080+0000][1][safepoint    ] Total time for which application threads were stopped: 0.0001300 seconds, Stopping threads took: 0.0000208 seconds
[2019-12-09T08:10:46.080+0000][1][safepoint    ] Application time: 1.0000765 seconds
[2019-12-09T08:10:46.080+0000][1][safepoint    ] Entering safepoint region: Cleanup
[2019-12-09T08:10:46.080+0000][1][safepoint    ] Leaving safepoint region
[2019-12-09T08:10:46.080+0000][1][safepoint    ] Total time for which application threads were stopped: 0.0000940 seconds, Stopping threads took: 0.0000194 seconds
[2019-12-09T08:10:47.080+0000][1][safepoint    ] Application time: 1.0000772 seconds
[2019-12-09T08:10:47.081+0000][1][safepoint    ] Entering safepoint region: Cleanup
[2019-12-09T08:10:47.081+0000][1][safepoint    ] Leaving safepoint region
[2019-12-09T08:10:47.081+0000][1][safepoint    ] Total time for which application threads were stopped: 0.0001037 seconds, Stopping threads took: 0.0000210 seconds
[2019-12-09T08:10:48.081+0000][1][safepoint    ] Application time: 1.0000763 seconds
[2019-12-09T08:10:48.081+0000][1][safepoint    ] Entering safepoint region: Cleanup
[2019-12-09T08:10:48.081+0000][1][safepoint    ] Leaving safepoint region
[2019-12-09T08:10:48.081+0000][1][safepoint    ] Total time for which application threads were stopped: 0.0000963 seconds, Stopping threads took: 0.0000213 seconds
[2019-12-09T08:10:49.081+0000][1][safepoint    ] Application time: 1.0000761 seconds
[2019-12-09T08:10:49.081+0000][1][safepoint    ] Entering safepoint region: Cleanup
[2019-12-09T08:10:49.081+0000][1][safepoint    ] Leaving safepoint region
[2019-12-09T08:10:49.081+0000][1][safepoint    ] Total time for which application threads were stopped: 0.0000916 seconds, Stopping threads took: 0.0000193 seconds
[2019-12-09T08:10:50.081+0000][1][safepoint    ] Application time: 1.0000754 seconds
[2019-12-09T08:10:50.081+0000][1][safepoint    ] Entering safepoint region: Cleanup
[2019-12-09T08:10:50.081+0000][1][safepoint    ] Leaving safepoint region
[2019-12-09T08:10:50.081+0000][1][safepoint    ] Total time for which application threads were stopped: 0.0000923 seconds, Stopping threads took: 0.0000204 seconds
[2019-12-09T08:10:51.081+0000][1][safepoint    ] Application time: 1.0000752 seconds
[2019-12-09T08:10:51.081+0000][1][safepoint    ] Entering safepoint region: Cleanup
[2019-12-09T08:10:51.081+0000][1][safepoint    ] Leaving safepoint region
[2019-12-09T08:10:51.081+0000][1][safepoint    ] Total time for which application threads were stopped: 0.0000928 seconds, Stopping threads took: 0.0000198 seconds
[2019-12-09T08:10:52.082+0000][1][safepoint    ] Application time: 1.0000764 seconds
[2019-12-09T08:10:52.082+0000][1][safepoint    ] Entering safepoint region: Cleanup
[2019-12-09T08:10:52.082+0000][1][safepoint    ] Leaving safepoint region
[2019-12-09T08:10:52.082+0000][1][safepoint    ] Total time for which application threads were stopped: 0.0001061 seconds, Stopping threads took: 0.0000195 seconds
[2019-12-09T08:10:53.082+0000][1][safepoint    ] Application time: 1.0000762 seconds
[2019-12-09T08:10:53.082+0000][1][safepoint    ] Entering safepoint region: Cleanup
[2019-12-09T08:10:53.082+0000][1][safepoint    ] Leaving safepoint region
[2019-12-09T08:10:53.082+0000][1][safepoint    ] Total time for which application threads were stopped: 0.0000920 seconds, Stopping threads took: 0.0000191 seconds
[2019-12-09T08:10:54.082+0000][1][safepoint    ] Application time: 1.0000747 seconds
[2019-12-09T08:10:54.082+0000][1][safepoint    ] Entering safepoint region: Cleanup
[2019-12-09T08:10:54.082+0000][1][safepoint    ] Leaving safepoint region
[2019-12-09T08:10:54.082+0000][1][safepoint    ] Total time for which application threads were stopped: 0.0000929 seconds, Stopping threads took: 0.0000199 seconds
[2019-12-09T08:10:55.082+0000][1][safepoint    ] Application time: 1.0000378 seconds
[2019-12-09T08:10:55.082+0000][1][safepoint    ] Entering safepoint region: Cleanup
[2019-12-09T08:10:55.082+0000][1][safepoint    ] Leaving safepoint region
[2019-12-09T08:10:55.082+0000][1][safepoint    ] Total time for which application threads were stopped: 0.0000906 seconds, Stopping threads took: 0.0000204 seconds
[2019-12-09T08:10:56.082+0000][1][safepoint    ] Application time: 1.0000758 seconds
[2019-12-09T08:10:56.082+0000][1][safepoint    ] Entering safepoint region: Cleanup
[2019-12-09T08:10:56.083+0000][1][safepoint    ] Leaving safepoint region
[2019-12-09T08:10:56.083+0000][1][safepoint    ] Total time for which application threads were stopped: 0.0001092 seconds, Stopping threads took: 0.0000289 seconds
[2019-12-09T08:10:57.083+0000][1][safepoint    ] Application time: 1.0000758 seconds
[2019-12-09T08:10:57.083+0000][1][safepoint    ] Entering safepoint region: Cleanup
[2019-12-09T08:10:57.083+0000][1][safepoint    ] Leaving safepoint region
[2019-12-09T08:10:57.083+0000][1][safepoint    ] Total time for which application threads were stopped: 0.0001102 seconds, Stopping threads took: 0.0000192 seconds
[2019-12-09T08:10:58.083+0000][1][safepoint    ] Application time: 1.0000747 seconds
[2019-12-09T08:10:58.083+0000][1][safepoint    ] Entering safepoint region: Cleanup
[2019-12-09T08:10:58.083+0000][1][safepoint    ] Leaving safepoint region
[2019-12-09T08:10:58.083+0000][1][safepoint    ] Total time for which application threads were stopped: 0.0000912 seconds, Stopping threads took: 0.0000182 seconds
[2019-12-09T08:10:59.083+0000][1][safepoint    ] Application time: 1.0000741 seconds
[2019-12-09T08:10:59.083+0000][1][safepoint    ] Entering safepoint region: Cleanup
[2019-12-09T08:10:59.083+0000][1][safepoint    ] Leaving safepoint region
[2019-12-09T08:10:59.083+0000][1][safepoint    ] Total time for which application threads were stopped: 0.0000921 seconds, Stopping threads took: 0.0000195 seconds
[2019-12-09T08:11:00.083+0000][1][safepoint    ] Application time: 1.0000745 seconds
[2019-12-09T08:11:00.083+0000][1][safepoint    ] Entering safepoint region: Cleanup
[2019-12-09T08:11:00.083+0000][1][safepoint    ] Leaving safepoint region
[2019-12-09T08:11:00.083+0000][1][safepoint    ] Total time for which application threads were stopped: 0.0000908 seconds, Stopping threads took: 0.0000191 seconds
[2019-12-09T08:11:01.949+0000][1][safepoint    ] Application time: 1.8658629 seconds
[2019-12-09T08:11:01.949+0000][1][safepoint    ] Entering safepoint region: Cleanup
[2019-12-09T08:11:01.949+0000][1][safepoint    ] Leaving safepoint region
[2019-12-09T08:11:01.949+0000][1][safepoint    ] Total time for which application threads were stopped: 0.0000988 seconds, Stopping threads took: 0.0000206 seconds
[2019-12-09T08:11:02.949+0000][1][safepoint    ] Application time: 1.0000767 seconds
[2019-12-09T08:11:02.950+0000][1][safepoint    ] Entering safepoint region: Cleanup
[2019-12-09T08:11:02.950+0000][1][safepoint    ] Leaving safepoint region
[2019-12-09T08:11:02.950+0000][1][safepoint    ] Total time for which application threads were stopped: 0.0000925 seconds, Stopping threads took: 0.0000201 seconds
[2019-12-09T08:11:03.950+0000][1][safepoint    ] Application time: 1.0001120 seconds
[2019-12-09T08:11:03.950+0000][1][safepoint    ] Entering safepoint region: Cleanup
[2019-12-09T08:11:03.950+0000][1][safepoint    ] Leaving safepoint region
[2019-12-09T08:11:03.950+0000][1][safepoint    ] Total time for which application threads were stopped: 0.0001347 seconds, Stopping threads took: 0.0000271 seconds
[2019-12-09T08:11:04.950+0000][1][safepoint    ] Application time: 1.0000758 seconds
[2019-12-09T08:11:04.950+0000][1][safepoint    ] Entering safepoint region: Cleanup
[2019-12-09T08:11:04.950+0000][1][safepoint    ] Leaving safepoint region
[2019-12-09T08:11:04.950+0000][1][safepoint    ] Total time for which application threads were stopped: 0.0000869 seconds, Stopping threads took: 0.0000186 seconds
[2019-12-09T08:11:05.950+0000][1][safepoint    ] Application time: 1.0000716 seconds
[2019-12-09T08:11:05.950+0000][1][safepoint    ] Entering safepoint region: Cleanup
[2019-12-09T08:11:05.950+0000][1][safepoint    ] Leaving safepoint region
[2019-12-09T08:11:05.950+0000][1][safepoint    ] Total time for which application threads were stopped: 0.0000881 seconds, Stopping threads took: 0.0000185 seconds
[2019-12-09T08:11:06.950+0000][1][safepoint    ] Application time: 1.0000749 seconds
[2019-12-09T08:11:06.950+0000][1][safepoint    ] Entering safepoint region: Cleanup
[2019-12-09T08:11:06.950+0000][1][safepoint    ] Leaving safepoint region
[2019-12-09T08:11:06.950+0000][1][safepoint    ] Total time for which application threads were stopped: 0.0000884 seconds, Stopping threads took: 0.0000189 seconds
[2019-12-09T08:11:07.951+0000][1][safepoint    ] Application time: 1.0000746 seconds
[2019-12-09T08:11:07.951+0000][1][safepoint    ] Entering safepoint region: Cleanup
[2019-12-09T08:11:07.951+0000][1][safepoint    ] Leaving safepoint region
[2019-12-09T08:11:07.951+0000][1][safepoint    ] Total time for which application threads were stopped: 0.0000859 seconds, Stopping threads took: 0.0000180 seconds
[2019-12-09T08:11:08.951+0000][1][safepoint    ] Application time: 1.0000743 seconds
[2019-12-09T08:11:08.951+0000][1][safepoint    ] Entering safepoint region: Cleanup
[2019-12-09T08:11:08.951+0000][1][safepoint    ] Leaving safepoint region
[2019-12-09T08:11:08.951+0000][1][safepoint    ] Total time for which application threads were stopped: 0.0000864 seconds, Stopping threads took: 0.0000182 seconds
[2019-12-09T08:11:09.951+0000][1][safepoint    ] Application time: 1.0000747 seconds
[2019-12-09T08:11:09.951+0000][1][safepoint    ] Entering safepoint region: Cleanup
[2019-12-09T08:11:09.951+0000][1][safepoint    ] Leaving safepoint region
[2019-12-09T08:11:09.951+0000][1][safepoint    ] Total time for which application threads were stopped: 0.0000865 seconds, Stopping threads took: 0.0000183 seconds
[2019-12-09T08:11:10.951+0000][1][safepoint    ] Application time: 1.0000736 seconds
[2019-12-09T08:11:10.951+0000][1][safepoint    ] Entering safepoint region: Cleanup
[2019-12-09T08:11:10.951+0000][1][safepoint    ] Leaving safepoint region
[2019-12-09T08:11:10.951+0000][1][safepoint    ] Total time for which application threads were stopped: 0.0000869 seconds, Stopping threads took: 0.0000192 seconds
[2019-12-09T08:11:11.951+0000][1][safepoint    ] Application time: 1.0000740 seconds
[2019-12-09T08:11:11.951+0000][1][safepoint    ] Entering safepoint region: Cleanup
[2019-12-09T08:11:11.951+0000][1][safepoint    ] Leaving safepoint region
[2019-12-09T08:11:11.951+0000][1][safepoint    ] Total time for which application threads were stopped: 0.0000893 seconds, Stopping threads took: 0.0000181 seconds
[2019-12-09T08:11:12.951+0000][1][safepoint    ] Application time: 1.0000750 seconds
[2019-12-09T08:11:12.952+0000][1][safepoint    ] Entering safepoint region: Cleanup
[2019-12-09T08:11:12.952+0000][1][safepoint    ] Leaving safepoint region
[2019-12-09T08:11:12.952+0000][1][safepoint    ] Total time for which application threads were stopped: 0.0000961 seconds, Stopping threads took: 0.0000181 seconds
[2019-12-09T08:11:13.952+0000][1][safepoint    ] Application time: 1.0000765 seconds
[2019-12-09T08:11:13.952+0000][1][safepoint    ] Entering safepoint region: Cleanup
[2019-12-09T08:11:13.952+0000][1][safepoint    ] Leaving safepoint region
[2019-12-09T08:11:13.952+0000][1][safepoint    ] Total time for which application threads were stopped: 0.0000884 seconds, Stopping threads took: 0.0000185 seconds
[2019-12-09T08:11:14.952+0000][1][safepoint    ] Application time: 1.0000748 seconds
[2019-12-09T08:11:14.952+0000][1][safepoint    ] Entering safepoint region: Cleanup
[2019-12-09T08:11:14.952+0000][1][safepoint    ] Leaving safepoint region
[2019-12-09T08:11:14.952+0000][1][safepoint    ] Total time for which application threads were stopped: 0.0000900 seconds, Stopping threads took: 0.0000192 seconds
[2019-12-09T08:11:15.952+0000][1][safepoint    ] Application time: 1.0000746 seconds
[2019-12-09T08:11:15.952+0000][1][safepoint    ] Entering safepoint region: Cleanup
[2019-12-09T08:11:15.952+0000][1][safepoint    ] Leaving safepoint region
[2019-12-09T08:11:15.952+0000][1][safepoint    ] Total time for which application threads were stopped: 0.0000860 seconds, Stopping threads took: 0.0000177 seconds
[2019-12-09T08:11:16.952+0000][1][safepoint    ] Application time: 1.0000741 seconds
[2019-12-09T08:11:16.952+0000][1][safepoint    ] Entering safepoint region: Cleanup
[2019-12-09T08:11:16.952+0000][1][safepoint    ] Leaving safepoint region
[2019-12-09T08:11:16.952+0000][1][safepoint    ] Total time for which application threads were stopped: 0.0000883 seconds, Stopping threads took: 0.0000185 seconds
[2019-12-09T08:11:17.952+0000][1][safepoint    ] Application time: 1.0000748 seconds
[2019-12-09T08:11:17.952+0000][1][safepoint    ] Entering safepoint region: Cleanup
[2019-12-09T08:11:17.953+0000][1][safepoint    ] Leaving safepoint region
[2019-12-09T08:11:17.953+0000][1][safepoint    ] Total time for which application threads were stopped: 0.0000906 seconds, Stopping threads took: 0.0000205 seconds
[2019-12-09T08:11:18.953+0000][1][safepoint    ] Application time: 1.0000746 seconds
[2019-12-09T08:11:18.953+0000][1][safepoint    ] Entering safepoint region: Cleanup
[2019-12-09T08:11:18.953+0000][1][safepoint    ] Leaving safepoint region
[2019-12-09T08:11:18.953+0000][1][safepoint    ] Total time for which application threads were stopped: 0.0000877 seconds, Stopping threads took: 0.0000181 seconds
[2019-12-09T08:11:19.953+0000][1][safepoint    ] Application time: 1.0000758 seconds
[2019-12-09T08:11:19.953+0000][1][safepoint    ] Entering safepoint region: Cleanup
[2019-12-09T08:11:19.953+0000][1][safepoint    ] Leaving safepoint region
[2019-12-09T08:11:19.953+0000][1][safepoint    ] Total time for which application threads were stopped: 0.0000857 seconds, Stopping threads took: 0.0000173 seconds
[2019-12-09T08:11:20.953+0000][1][safepoint    ] Application time: 1.0000740 seconds
[2019-12-09T08:11:20.953+0000][1][safepoint    ] Entering safepoint region: Cleanup
[2019-12-09T08:11:20.953+0000][1][safepoint    ] Leaving safepoint region
[2019-12-09T08:11:20.953+0000][1][safepoint    ] Total time for which application threads were stopped: 0.0000871 seconds, Stopping threads took: 0.0000181 seconds
[2019-12-09T08:11:21.953+0000][1][safepoint    ] Application time: 1.0000686 seconds
[2019-12-09T08:11:21.953+0000][1][safepoint    ] Entering safepoint region: Cleanup
[2019-12-09T08:11:21.953+0000][1][safepoint    ] Leaving safepoint region
[2019-12-09T08:11:21.953+0000][1][safepoint    ] Total time for which application threads were stopped: 0.0000854 seconds, Stopping threads took: 0.0000168 seconds
[2019-12-09T08:11:22.953+0000][1][safepoint    ] Application time: 1.0000771 seconds
[2019-12-09T08:11:22.953+0000][1][safepoint    ] Entering safepoint region: Cleanup
[2019-12-09T08:11:22.954+0000][1][safepoint    ] Leaving safepoint region
[2019-12-09T08:11:22.954+0000][1][safepoint    ] Total time for which application threads were stopped: 0.0000885 seconds, Stopping threads took: 0.0000193 seconds
[2019-12-09T08:11:23.954+0000][1][safepoint    ] Application time: 1.0000763 seconds
[2019-12-09T08:11:23.954+0000][1][safepoint    ] Entering safepoint region: Cleanup
[2019-12-09T08:11:23.954+0000][1][safepoint    ] Leaving safepoint region
[2019-12-09T08:11:23.954+0000][1][safepoint    ] Total time for which application threads were stopped: 0.0000979 seconds, Stopping threads took: 0.0000174 seconds
[2019-12-09T08:11:24.954+0000][1][safepoint    ] Application time: 1.0000742 seconds
[2019-12-09T08:11:24.954+0000][1][safepoint    ] Entering safepoint region: Cleanup
[2019-12-09T08:11:24.954+0000][1][safepoint    ] Leaving safepoint region
[2019-12-09T08:11:24.954+0000][1][safepoint    ] Total time for which application threads were stopped: 0.0000919 seconds, Stopping threads took: 0.0000197 seconds
[2019-12-09T08:11:25.954+0000][1][safepoint    ] Application time: 1.0000730 seconds
[2019-12-09T08:11:25.954+0000][1][safepoint    ] Entering safepoint region: Cleanup
[2019-12-09T08:11:25.954+0000][1][safepoint    ] Leaving safepoint region
[2019-12-09T08:11:25.954+0000][1][safepoint    ] Total time for which application threads were stopped: 0.0000997 seconds, Stopping threads took: 0.0000272 seconds
[2019-12-09T08:11:26.954+0000][1][safepoint    ] Application time: 1.0000762 seconds
[2019-12-09T08:11:26.954+0000][1][safepoint    ] Entering safepoint region: Cleanup
[2019-12-09T08:11:26.954+0000][1][safepoint    ] Leaving safepoint region
[2019-12-09T08:11:26.954+0000][1][safepoint    ] Total time for which application threads were stopped: 0.0001212 seconds, Stopping threads took: 0.0000206 seconds
[2019-12-09T08:11:27.955+0000][1][safepoint    ] Application time: 1.0000770 seconds
[2019-12-09T08:11:27.955+0000][1][safepoint    ] Entering safepoint region: Cleanup
[2019-12-09T08:11:27.955+0000][1][safepoint    ] Leaving safepoint region
[2019-12-09T08:11:27.955+0000][1][safepoint    ] Total time for which application threads were stopped: 0.0001044 seconds, Stopping threads took: 0.0000184 seconds
[2019-12-09T08:11:28.955+0000][1][safepoint    ] Application time: 1.0000749 seconds
[2019-12-09T08:11:28.955+0000][1][safepoint    ] Entering safepoint region: Cleanup
[2019-12-09T08:11:28.955+0000][1][safepoint    ] Leaving safepoint region
[2019-12-09T08:11:28.955+0000][1][safepoint    ] Total time for which application threads were stopped: 0.0001117 seconds, Stopping threads took: 0.0000251 seconds
[2019-12-09T08:11:29.955+0000][1][safepoint    ] Application time: 1.0000791 seconds
[2019-12-09T08:11:29.955+0000][1][safepoint    ] Entering safepoint region: Cleanup
[2019-12-09T08:11:29.955+0000][1][safepoint    ] Leaving safepoint region
[2019-12-09T08:11:29.955+0000][1][safepoint    ] Total time for which application threads were stopped: 0.0000933 seconds, Stopping threads took: 0.0000199 seconds
[2019-12-09T08:11:30.955+0000][1][safepoint    ] Application time: 1.0000741 seconds
[2019-12-09T08:11:30.955+0000][1][safepoint    ] Entering safepoint region: Cleanup
[2019-12-09T08:11:30.955+0000][1][safepoint    ] Leaving safepoint region
[2019-12-09T08:11:30.955+0000][1][safepoint    ] Total time for which application threads were stopped: 0.0000937 seconds, Stopping threads took: 0.0000199 seconds
[2019-12-09T08:11:31.955+0000][1][safepoint    ] Application time: 1.0000761 seconds
[2019-12-09T08:11:31.955+0000][1][safepoint    ] Entering safepoint region: Cleanup
[2019-12-09T08:11:31.956+0000][1][safepoint    ] Leaving safepoint region
[2019-12-09T08:11:31.956+0000][1][safepoint    ] Total time for which application threads were stopped: 0.0000954 seconds, Stopping threads took: 0.0000198 seconds
[2019-12-09T08:11:32.956+0000][1][safepoint    ] Application time: 1.0000779 seconds
[2019-12-09T08:11:32.956+0000][1][safepoint    ] Entering safepoint region: Cleanup
[2019-12-09T08:11:32.956+0000][1][safepoint    ] Leaving safepoint region
[2019-12-09T08:11:32.956+0000][1][safepoint    ] Total time for which application threads were stopped: 0.0001146 seconds, Stopping threads took: 0.0000369 seconds
[2019-12-09T08:11:33.956+0000][1][safepoint    ] Application time: 1.0000818 seconds
[2019-12-09T08:11:33.956+0000][1][safepoint    ] Entering safepoint region: Cleanup
[2019-12-09T08:11:33.956+0000][1][safepoint    ] Leaving safepoint region
[2019-12-09T08:11:33.956+0000][1][safepoint    ] Total time for which application threads were stopped: 0.0000985 seconds, Stopping threads took: 0.0000213 seconds
[2019-12-09T08:11:34.956+0000][1][safepoint    ] Application time: 1.0000784 seconds
[2019-12-09T08:11:34.956+0000][1][safepoint    ] Entering safepoint region: Cleanup
[2019-12-09T08:11:34.956+0000][1][safepoint    ] Leaving safepoint region
[2019-12-09T08:11:34.956+0000][1][safepoint    ] Total time for which application threads were stopped: 0.0000984 seconds, Stopping threads took: 0.0000198 seconds
[2019-12-09T08:11:35.956+0000][1][safepoint    ] Application time: 1.0000772 seconds
[2019-12-09T08:11:35.956+0000][1][safepoint    ] Entering safepoint region: Cleanup
[2019-12-09T08:11:35.956+0000][1][safepoint    ] Leaving safepoint region
[2019-12-09T08:11:35.956+0000][1][safepoint    ] Total time for which application threads were stopped: 0.0000945 seconds, Stopping threads took: 0.0000201 seconds
[2019-12-09T08:11:36.957+0000][1][safepoint    ] Application time: 1.0000797 seconds
[2019-12-09T08:11:36.957+0000][1][safepoint    ] Entering safepoint region: Cleanup
[2019-12-09T08:11:36.957+0000][1][safepoint    ] Leaving safepoint region
[2019-12-09T08:11:36.957+0000][1][safepoint    ] Total time for which application threads were stopped: 0.0001181 seconds, Stopping threads took: 0.0000219 seconds
[2019-12-09T08:11:37.957+0000][1][safepoint    ] Application time: 1.0000800 seconds
[2019-12-09T08:11:37.957+0000][1][safepoint    ] Entering safepoint region: Cleanup
[2019-12-09T08:11:37.957+0000][1][safepoint    ] Leaving safepoint region
[2019-12-09T08:11:37.957+0000][1][safepoint    ] Total time for which application threads were stopped: 0.0000901 seconds, Stopping threads took: 0.0000199 seconds
[2019-12-09T08:11:38.957+0000][1][safepoint    ] Application time: 1.0000784 seconds
[2019-12-09T08:11:38.957+0000][1][safepoint    ] Entering safepoint region: Cleanup
[2019-12-09T08:11:38.957+0000][1][safepoint    ] Leaving safepoint region
[2019-12-09T08:11:38.957+0000][1][safepoint    ] Total time for which application threads were stopped: 0.0000928 seconds, Stopping threads took: 0.0000199 seconds
[2019-12-09T08:11:39.957+0000][1][safepoint    ] Application time: 1.0000781 seconds
[2019-12-09T08:11:39.957+0000][1][safepoint    ] Entering safepoint region: Cleanup
[2019-12-09T08:11:39.957+0000][1][safepoint    ] Leaving safepoint region
[2019-12-09T08:11:39.957+0000][1][safepoint    ] Total time for which application threads were stopped: 0.0000908 seconds, Stopping threads took: 0.0000196 seconds
[2019-12-09T08:11:40.957+0000][1][safepoint    ] Application time: 1.0000759 seconds
[2019-12-09T08:11:40.958+0000][1][safepoint    ] Entering safepoint region: Cleanup
[2019-12-09T08:11:40.958+0000][1][safepoint    ] Leaving safepoint region
[2019-12-09T08:11:40.958+0000][1][safepoint    ] Total time for which application threads were stopped: 0.0000936 seconds, Stopping threads took: 0.0000197 seconds
[2019-12-09T08:11:41.958+0000][1][safepoint    ] Application time: 1.0000761 seconds
[2019-12-09T08:11:41.958+0000][1][safepoint    ] Entering safepoint region: Cleanup
[2019-12-09T08:11:41.958+0000][1][safepoint    ] Leaving safepoint region
[2019-12-09T08:11:41.958+0000][1][safepoint    ] Total time for which application threads were stopped: 0.0000933 seconds, Stopping threads took: 0.0000199 seconds
[2019-12-09T08:11:42.958+0000][1][safepoint    ] Application time: 1.0000755 seconds
[2019-12-09T08:11:42.958+0000][1][safepoint    ] Entering safepoint region: Cleanup
[2019-12-09T08:11:42.958+0000][1][safepoint    ] Leaving safepoint region
[2019-12-09T08:11:42.958+0000][1][safepoint    ] Total time for which application threads were stopped: 0.0000932 seconds, Stopping threads took: 0.0000183 seconds
[2019-12-09T08:11:43.958+0000][1][safepoint    ] Application time: 1.0000771 seconds
[2019-12-09T08:11:43.958+0000][1][safepoint    ] Entering safepoint region: Cleanup
[2019-12-09T08:11:43.958+0000][1][safepoint    ] Leaving safepoint region
[2019-12-09T08:11:43.958+0000][1][safepoint    ] Total time for which application threads were stopped: 0.0000921 seconds, Stopping threads took: 0.0000188 seconds
[2019-12-09T08:11:44.958+0000][1][safepoint    ] Application time: 1.0000781 seconds
[2019-12-09T08:11:44.958+0000][1][safepoint    ] Entering safepoint region: Cleanup
[2019-12-09T08:11:44.958+0000][1][safepoint    ] Leaving safepoint region
[2019-12-09T08:11:44.958+0000][1][safepoint    ] Total time for which application threads were stopped: 0.0000908 seconds, Stopping threads took: 0.0000197 seconds
[2019-12-09T08:11:45.959+0000][1][safepoint    ] Application time: 1.0000759 seconds
[2019-12-09T08:11:45.959+0000][1][safepoint    ] Entering safepoint region: Cleanup
[2019-12-09T08:11:45.959+0000][1][safepoint    ] Leaving safepoint region
[2019-12-09T08:11:45.959+0000][1][safepoint    ] Total time for which application threads were stopped: 0.0001030 seconds, Stopping threads took: 0.0000197 seconds
[2019-12-09T08:11:46.959+0000][1][safepoint    ] Application time: 1.0000771 seconds
[2019-12-09T08:11:46.959+0000][1][safepoint    ] Entering safepoint region: Cleanup
[2019-12-09T08:11:46.959+0000][1][safepoint    ] Leaving safepoint region
[2019-12-09T08:11:46.959+0000][1][safepoint    ] Total time for which application threads were stopped: 0.0000928 seconds, Stopping threads took: 0.0000186 seconds
[2019-12-09T08:11:47.959+0000][1][safepoint    ] Application time: 1.0000765 seconds
[2019-12-09T08:11:47.959+0000][1][safepoint    ] Entering safepoint region: Cleanup
[2019-12-09T08:11:47.959+0000][1][safepoint    ] Leaving safepoint region
[2019-12-09T08:11:47.959+0000][1][safepoint    ] Total time for which application threads were stopped: 0.0000924 seconds, Stopping threads took: 0.0000197 seconds
[2019-12-09T08:11:48.959+0000][1][safepoint    ] Application time: 1.0000782 seconds
[2019-12-09T08:11:48.959+0000][1][safepoint    ] Entering safepoint region: Cleanup
[2019-12-09T08:11:48.959+0000][1][safepoint    ] Leaving safepoint region
[2019-12-09T08:11:48.959+0000][1][safepoint    ] Total time for which application threads were stopped: 0.0000927 seconds, Stopping threads took: 0.0000205 seconds
[2019-12-09T08:11:49.959+0000][1][safepoint    ] Application time: 1.0000764 seconds
[2019-12-09T08:11:49.959+0000][1][safepoint    ] Entering safepoint region: Cleanup
[2019-12-09T08:11:49.960+0000][1][safepoint    ] Leaving safepoint region
[2019-12-09T08:11:49.960+0000][1][safepoint    ] Total time for which application threads were stopped: 0.0000894 seconds, Stopping threads took: 0.0000189 seconds
[2019-12-09T08:11:50.960+0000][1][safepoint    ] Application time: 1.0000762 seconds
[2019-12-09T08:11:50.960+0000][1][safepoint    ] Entering safepoint region: Cleanup
[2019-12-09T08:11:50.960+0000][1][safepoint    ] Leaving safepoint region
[2019-12-09T08:11:50.960+0000][1][safepoint    ] Total time for which application threads were stopped: 0.0000914 seconds, Stopping threads took: 0.0000211 seconds
[2019-12-09T08:11:51.960+0000][1][safepoint    ] Application time: 1.0000764 seconds
[2019-12-09T08:11:51.960+0000][1][safepoint    ] Entering safepoint region: Cleanup
[2019-12-09T08:11:51.960+0000][1][safepoint    ] Leaving safepoint region
[2019-12-09T08:11:51.960+0000][1][safepoint    ] Total time for which application threads were stopped: 0.0000957 seconds, Stopping threads took: 0.0000207 seconds
[2019-12-09T08:11:52.960+0000][1][safepoint    ] Application time: 1.0000787 seconds
[2019-12-09T08:11:52.960+0000][1][safepoint    ] Entering safepoint region: Cleanup
[2019-12-09T08:11:52.960+0000][1][safepoint    ] Leaving safepoint region
[2019-12-09T08:11:52.960+0000][1][safepoint    ] Total time for which application threads were stopped: 0.0000946 seconds, Stopping threads took: 0.0000208 seconds
[2019-12-09T08:11:53.960+0000][1][safepoint    ] Application time: 1.0000779 seconds
[2019-12-09T08:11:53.960+0000][1][safepoint    ] Entering safepoint region: Cleanup
[2019-12-09T08:11:53.960+0000][1][safepoint    ] Leaving safepoint region
[2019-12-09T08:11:53.960+0000][1][safepoint    ] Total time for which application threads were stopped: 0.0000927 seconds, Stopping threads took: 0.0000206 seconds
[2019-12-09T08:11:54.961+0000][1][safepoint    ] Application time: 1.0000758 seconds
[2019-12-09T08:11:54.961+0000][1][safepoint    ] Entering safepoint region: Cleanup
[2019-12-09T08:11:54.961+0000][1][safepoint    ] Leaving safepoint region
[2019-12-09T08:11:54.961+0000][1][safepoint    ] Total time for which application threads were stopped: 0.0000932 seconds, Stopping threads took: 0.0000195 seconds
[2019-12-09T08:11:55.961+0000][1][safepoint    ] Application time: 1.0000853 seconds
[2019-12-09T08:11:55.961+0000][1][safepoint    ] Entering safepoint region: Cleanup
[2019-12-09T08:11:55.961+0000][1][safepoint    ] Leaving safepoint region
[2019-12-09T08:11:55.961+0000][1][safepoint    ] Total time for which application threads were stopped: 0.0001008 seconds, Stopping threads took: 0.0000288 seconds
[2019-12-09T08:11:56.961+0000][1][safepoint    ] Application time: 1.0000769 seconds
[2019-12-09T08:11:56.961+0000][1][safepoint    ] Entering safepoint region: Cleanup
[2019-12-09T08:11:56.961+0000][1][safepoint    ] Leaving safepoint region
[2019-12-09T08:11:56.961+0000][1][safepoint    ] Total time for which application threads were stopped: 0.0000905 seconds, Stopping threads took: 0.0000193 seconds
[2019-12-09T08:11:57.961+0000][1][safepoint    ] Application time: 1.0000767 seconds
[2019-12-09T08:11:57.961+0000][1][safepoint    ] Entering safepoint region: Cleanup
[2019-12-09T08:11:57.961+0000][1][safepoint    ] Leaving safepoint region
[2019-12-09T08:11:57.961+0000][1][safepoint    ] Total time for which application threads were stopped: 0.0000941 seconds, Stopping threads took: 0.0000198 seconds
[2019-12-09T08:11:58.961+0000][1][safepoint    ] Application time: 1.0000752 seconds
[2019-12-09T08:11:58.961+0000][1][safepoint    ] Entering safepoint region: Cleanup
[2019-12-09T08:11:58.962+0000][1][safepoint    ] Leaving safepoint region
[2019-12-09T08:11:58.962+0000][1][safepoint    ] Total time for which application threads were stopped: 0.0000945 seconds, Stopping threads took: 0.0000202 seconds
[2019-12-09T08:12:00.134+0000][1][safepoint    ] Application time: 1.1720669 seconds
[2019-12-09T08:12:00.134+0000][1][safepoint    ] Entering safepoint region: Cleanup
[2019-12-09T08:12:00.134+0000][1][safepoint    ] Leaving safepoint region
[2019-12-09T08:12:00.134+0000][1][safepoint    ] Total time for which application threads were stopped: 0.0000999 seconds, Stopping threads took: 0.0000275 seconds
[2019-12-09T08:12:01.134+0000][1][safepoint    ] Application time: 1.0000749 seconds
[2019-12-09T08:12:01.134+0000][1][safepoint    ] Entering safepoint region: Cleanup
[2019-12-09T08:12:01.134+0000][1][safepoint    ] Leaving safepoint region
[2019-12-09T08:12:01.134+0000][1][safepoint    ] Total time for which application threads were stopped: 0.0000870 seconds, Stopping threads took: 0.0000188 seconds
[2019-12-09T08:12:02.134+0000][1][safepoint    ] Application time: 1.0000789 seconds
[2019-12-09T08:12:02.134+0000][1][safepoint    ] Entering safepoint region: Cleanup
[2019-12-09T08:12:02.134+0000][1][safepoint    ] Leaving safepoint region
[2019-12-09T08:12:02.134+0000][1][safepoint    ] Total time for which application threads were stopped: 0.0000916 seconds, Stopping threads took: 0.0000192 seconds
[2019-12-09T08:12:03.134+0000][1][safepoint    ] Application time: 1.0000779 seconds
[2019-12-09T08:12:03.134+0000][1][safepoint    ] Entering safepoint region: Cleanup
[2019-12-09T08:12:03.134+0000][1][safepoint    ] Leaving safepoint region
[2019-12-09T08:12:03.134+0000][1][safepoint    ] Total time for which application threads were stopped: 0.0000930 seconds, Stopping threads took: 0.0000184 seconds
[2019-12-09T08:12:04.135+0000][1][safepoint    ] Application time: 1.0007678 seconds
[2019-12-09T08:12:04.135+0000][1][safepoint    ] Entering safepoint region: Cleanup
[2019-12-09T08:12:04.135+0000][1][safepoint    ] Leaving safepoint region
[2019-12-09T08:12:04.135+0000][1][safepoint    ] Total time for which application threads were stopped: 0.0001267 seconds, Stopping threads took: 0.0000263 seconds
[2019-12-09T08:12:05.135+0000][1][safepoint    ] Application time: 1.0000768 seconds
[2019-12-09T08:12:05.135+0000][1][safepoint    ] Entering safepoint region: Cleanup
[2019-12-09T08:12:05.136+0000][1][safepoint    ] Leaving safepoint region
[2019-12-09T08:12:05.136+0000][1][safepoint    ] Total time for which application threads were stopped: 0.0001044 seconds, Stopping threads took: 0.0000212 seconds
[2019-12-09T08:12:06.136+0000][1][safepoint    ] Application time: 1.0001192 seconds
[2019-12-09T08:12:06.136+0000][1][safepoint    ] Entering safepoint region: Cleanup
[2019-12-09T08:12:06.136+0000][1][safepoint    ] Leaving safepoint region
[2019-12-09T08:12:06.136+0000][1][safepoint    ] Total time for which application threads were stopped: 0.0001177 seconds, Stopping threads took: 0.0000258 seconds
[2019-12-09T08:12:07.136+0000][1][safepoint    ] Application time: 1.0000988 seconds
[2019-12-09T08:12:07.136+0000][1][safepoint    ] Entering safepoint region: Cleanup
[2019-12-09T08:12:07.136+0000][1][safepoint    ] Leaving safepoint region
[2019-12-09T08:12:07.136+0000][1][safepoint    ] Total time for which application threads were stopped: 0.0000921 seconds, Stopping threads took: 0.0000193 seconds
[2019-12-09T08:12:08.136+0000][1][safepoint    ] Application time: 1.0000813 seconds
[2019-12-09T08:12:08.136+0000][1][safepoint    ] Entering safepoint region: Cleanup
[2019-12-09T08:12:08.136+0000][1][safepoint    ] Leaving safepoint region
[2019-12-09T08:12:08.136+0000][1][safepoint    ] Total time for which application threads were stopped: 0.0000906 seconds, Stopping threads took: 0.0000191 seconds
[2019-12-09T08:12:09.136+0000][1][safepoint    ] Application time: 1.0000736 seconds
[2019-12-09T08:12:09.136+0000][1][safepoint    ] Entering safepoint region: Cleanup
[2019-12-09T08:12:09.137+0000][1][safepoint    ] Leaving safepoint region
[2019-12-09T08:12:09.137+0000][1][safepoint    ] Total time for which application threads were stopped: 0.0000889 seconds, Stopping threads took: 0.0000170 seconds
[2019-12-09T08:12:10.137+0000][1][safepoint    ] Application time: 1.0000752 seconds
[2019-12-09T08:12:10.137+0000][1][safepoint    ] Entering safepoint region: Cleanup
[2019-12-09T08:12:10.137+0000][1][safepoint    ] Leaving safepoint region
[2019-12-09T08:12:10.137+0000][1][safepoint    ] Total time for which application threads were stopped: 0.0001028 seconds, Stopping threads took: 0.0000184 seconds
[2019-12-09T08:12:11.137+0000][1][safepoint    ] Application time: 1.0000754 seconds
[2019-12-09T08:12:11.137+0000][1][safepoint    ] Entering safepoint region: Cleanup
[2019-12-09T08:12:11.137+0000][1][safepoint    ] Leaving safepoint region
[2019-12-09T08:12:11.137+0000][1][safepoint    ] Total time for which application threads were stopped: 0.0000874 seconds, Stopping threads took: 0.0000173 seconds
[2019-12-09T08:12:12.137+0000][1][safepoint    ] Application time: 1.0000805 seconds
[2019-12-09T08:12:12.137+0000][1][safepoint    ] Entering safepoint region: Cleanup
[2019-12-09T08:12:12.137+0000][1][safepoint    ] Leaving safepoint region
[2019-12-09T08:12:12.137+0000][1][safepoint    ] Total time for which application threads were stopped: 0.0000881 seconds, Stopping threads took: 0.0000189 seconds
[2019-12-09T08:12:13.137+0000][1][safepoint    ] Application time: 1.0000749 seconds
[2019-12-09T08:12:13.137+0000][1][safepoint    ] Entering safepoint region: Cleanup
[2019-12-09T08:12:13.137+0000][1][safepoint    ] Leaving safepoint region
[2019-12-09T08:12:13.137+0000][1][safepoint    ] Total time for which application threads were stopped: 0.0000864 seconds, Stopping threads took: 0.0000177 seconds
[2019-12-09T08:12:14.137+0000][1][safepoint    ] Application time: 1.0000738 seconds
[2019-12-09T08:12:14.138+0000][1][safepoint    ] Entering safepoint region: Cleanup
[2019-12-09T08:12:14.138+0000][1][safepoint    ] Leaving safepoint region
[2019-12-09T08:12:14.138+0000][1][safepoint    ] Total time for which application threads were stopped: 0.0000877 seconds, Stopping threads took: 0.0000183 seconds
[2019-12-09T08:12:14.156+0000][1][safepoint    ] Application time: 0.0183730 seconds
[2019-12-09T08:12:14.156+0000][1][safepoint    ] Entering safepoint region: GenCollectForAllocation
[2019-12-09T08:12:14.156+0000][1][gc,start     ] GC(65) Pause Young (Allocation Failure)
[2019-12-09T08:12:14.156+0000][1][gc,task      ] GC(65) Using 2 workers of 2 for evacuation
[2019-12-09T08:12:14.158+0000][1][gc,age       ] GC(65) Desired survivor size 4456448 bytes, new threshold 6 (max threshold 6)
[2019-12-09T08:12:14.158+0000][1][gc,age       ] GC(65) Age table with threshold 6 (max threshold 6)
[2019-12-09T08:12:14.158+0000][1][gc,age       ] GC(65) - age   1:      15664 bytes,      15664 total
[2019-12-09T08:12:14.158+0000][1][gc,age       ] GC(65) - age   2:        120 bytes,      15784 total
[2019-12-09T08:12:14.158+0000][1][gc,age       ] GC(65) - age   3:        120 bytes,      15904 total
[2019-12-09T08:12:14.158+0000][1][gc,age       ] GC(65) - age   5:         64 bytes,      15968 total
[2019-12-09T08:12:14.158+0000][1][gc,age       ] GC(65) - age   6:        368 bytes,      16336 total
[2019-12-09T08:12:14.158+0000][1][gc,heap      ] GC(65) ParNew: 69967K->18K(78656K)
[2019-12-09T08:12:14.158+0000][1][gc,heap      ] GC(65) CMS: 75190K->75191K(174784K)
[2019-12-09T08:12:14.158+0000][1][gc,metaspace ] GC(65) Metaspace: 79555K->79555K(1122304K)
[2019-12-09T08:12:14.158+0000][1][gc           ] GC(65) Pause Young (Allocation Failure) 141M->73M(247M) 1.788ms
[2019-12-09T08:12:14.158+0000][1][gc,cpu       ] GC(65) User=0.00s Sys=0.00s Real=0.00s
[2019-12-09T08:12:14.158+0000][1][safepoint    ] Leaving safepoint region
[2019-12-09T08:12:14.158+0000][1][safepoint    ] Total time for which application threads were stopped: 0.0019773 seconds, Stopping threads took: 0.0000222 seconds
[2019-12-09T08:12:15.158+0000][1][safepoint    ] Application time: 1.0000890 seconds
[2019-12-09T08:12:15.158+0000][1][safepoint    ] Entering safepoint region: Cleanup
[2019-12-09T08:12:15.158+0000][1][safepoint    ] Leaving safepoint region
[2019-12-09T08:12:15.158+0000][1][safepoint    ] Total time for which application threads were stopped: 0.0000887 seconds, Stopping threads took: 0.0000191 seconds
[2019-12-09T08:12:16.158+0000][1][safepoint    ] Application time: 1.0000735 seconds
[2019-12-09T08:12:16.158+0000][1][safepoint    ] Entering safepoint region: Cleanup
[2019-12-09T08:12:16.158+0000][1][safepoint    ] Leaving safepoint region
[2019-12-09T08:12:16.158+0000][1][safepoint    ] Total time for which application threads were stopped: 0.0000871 seconds, Stopping threads took: 0.0000177 seconds
[2019-12-09T08:12:17.158+0000][1][safepoint    ] Application time: 1.0000800 seconds
[2019-12-09T08:12:17.159+0000][1][safepoint    ] Entering safepoint region: Cleanup
[2019-12-09T08:12:17.159+0000][1][safepoint    ] Leaving safepoint region
[2019-12-09T08:12:17.159+0000][1][safepoint    ] Total time for which application threads were stopped: 0.0000942 seconds, Stopping threads took: 0.0000209 seconds
[2019-12-09T08:12:18.159+0000][1][safepoint    ] Application time: 1.0000748 seconds
[2019-12-09T08:12:18.159+0000][1][safepoint    ] Entering safepoint region: Cleanup
[2019-12-09T08:12:18.159+0000][1][safepoint    ] Leaving safepoint region
[2019-12-09T08:12:18.159+0000][1][safepoint    ] Total time for which application threads were stopped: 0.0000942 seconds, Stopping threads took: 0.0000221 seconds
[2019-12-09T08:12:19.159+0000][1][safepoint    ] Application time: 1.0000753 seconds
[2019-12-09T08:12:19.159+0000][1][safepoint    ] Entering safepoint region: Cleanup
[2019-12-09T08:12:19.159+0000][1][safepoint    ] Leaving safepoint region
[2019-12-09T08:12:19.159+0000][1][safepoint    ] Total time for which application threads were stopped: 0.0000914 seconds, Stopping threads took: 0.0000188 seconds
[2019-12-09T08:12:20.159+0000][1][safepoint    ] Application time: 1.0000790 seconds
[2019-12-09T08:12:20.159+0000][1][safepoint    ] Entering safepoint region: Cleanup
[2019-12-09T08:12:20.159+0000][1][safepoint    ] Leaving safepoint region
[2019-12-09T08:12:20.159+0000][1][safepoint    ] Total time for which application threads were stopped: 0.0000890 seconds, Stopping threads took: 0.0000187 seconds
[2019-12-09T08:12:21.159+0000][1][safepoint    ] Application time: 1.0000757 seconds
[2019-12-09T08:12:21.159+0000][1][safepoint    ] Entering safepoint region: Cleanup
[2019-12-09T08:12:21.159+0000][1][safepoint    ] Leaving safepoint region
[2019-12-09T08:12:21.159+0000][1][safepoint    ] Total time for which application threads were stopped: 0.0000915 seconds, Stopping threads took: 0.0000191 seconds
[2019-12-09T08:12:22.160+0000][1][safepoint    ] Application time: 1.0000745 seconds
[2019-12-09T08:12:22.160+0000][1][safepoint    ] Entering safepoint region: Cleanup
[2019-12-09T08:12:22.160+0000][1][safepoint    ] Leaving safepoint region
[2019-12-09T08:12:22.160+0000][1][safepoint    ] Total time for which application threads were stopped: 0.0000982 seconds, Stopping threads took: 0.0000190 seconds
[2019-12-09T08:12:23.160+0000][1][safepoint    ] Application time: 1.0000751 seconds
[2019-12-09T08:12:23.160+0000][1][safepoint    ] Entering safepoint region: Cleanup
[2019-12-09T08:12:23.160+0000][1][safepoint    ] Leaving safepoint region
[2019-12-09T08:12:23.160+0000][1][safepoint    ] Total time for which application threads were stopped: 0.0000884 seconds, Stopping threads took: 0.0000182 seconds
[2019-12-09T08:12:24.160+0000][1][safepoint    ] Application time: 1.0000770 seconds
[2019-12-09T08:12:24.160+0000][1][safepoint    ] Entering safepoint region: Cleanup
[2019-12-09T08:12:24.160+0000][1][safepoint    ] Leaving safepoint region
[2019-12-09T08:12:24.160+0000][1][safepoint    ] Total time for which application threads were stopped: 0.0000885 seconds, Stopping threads took: 0.0000186 seconds
[2019-12-09T08:12:25.160+0000][1][safepoint    ] Application time: 1.0000755 seconds
[2019-12-09T08:12:25.160+0000][1][safepoint    ] Entering safepoint region: Cleanup
[2019-12-09T08:12:25.160+0000][1][safepoint    ] Leaving safepoint region
[2019-12-09T08:12:25.160+0000][1][safepoint    ] Total time for which application threads were stopped: 0.0000883 seconds, Stopping threads took: 0.0000185 seconds
[2019-12-09T08:12:26.160+0000][1][safepoint    ] Application time: 1.0000777 seconds
[2019-12-09T08:12:26.160+0000][1][safepoint    ] Entering safepoint region: Cleanup
[2019-12-09T08:12:26.161+0000][1][safepoint    ] Leaving safepoint region
[2019-12-09T08:12:26.161+0000][1][safepoint    ] Total time for which application threads were stopped: 0.0000990 seconds, Stopping threads took: 0.0000277 seconds
[2019-12-09T08:12:27.161+0000][1][safepoint    ] Application time: 1.0000767 seconds
[2019-12-09T08:12:27.161+0000][1][safepoint    ] Entering safepoint region: Cleanup
[2019-12-09T08:12:27.161+0000][1][safepoint    ] Leaving safepoint region
[2019-12-09T08:12:27.161+0000][1][safepoint    ] Total time for which application threads were stopped: 0.0000999 seconds, Stopping threads took: 0.0000288 seconds
[2019-12-09T08:12:28.161+0000][1][safepoint    ] Application time: 1.0000932 seconds
[2019-12-09T08:12:28.161+0000][1][safepoint    ] Entering safepoint region: Cleanup
[2019-12-09T08:12:28.161+0000][1][safepoint    ] Leaving safepoint region
[2019-12-09T08:12:28.161+0000][1][safepoint    ] Total time for which application threads were stopped: 0.0000912 seconds, Stopping threads took: 0.0000182 seconds
[2019-12-09T08:12:29.161+0000][1][safepoint    ] Application time: 1.0000854 seconds
[2019-12-09T08:12:29.161+0000][1][safepoint    ] Entering safepoint region: Cleanup
[2019-12-09T08:12:29.161+0000][1][safepoint    ] Leaving safepoint region
[2019-12-09T08:12:29.161+0000][1][safepoint    ] Total time for which application threads were stopped: 0.0000894 seconds, Stopping threads took: 0.0000194 seconds
[2019-12-09T08:12:30.161+0000][1][safepoint    ] Application time: 1.0000753 seconds
[2019-12-09T08:12:30.161+0000][1][safepoint    ] Entering safepoint region: Cleanup
[2019-12-09T08:12:30.161+0000][1][safepoint    ] Leaving safepoint region
[2019-12-09T08:12:30.161+0000][1][safepoint    ] Total time for which application threads were stopped: 0.0000922 seconds, Stopping threads took: 0.0000186 seconds
[2019-12-09T08:12:31.395+0000][1][safepoint    ] Application time: 1.2332464 seconds
[2019-12-09T08:12:31.395+0000][1][safepoint    ] Entering safepoint region: Cleanup
[2019-12-09T08:12:31.395+0000][1][safepoint    ] Leaving safepoint region
[2019-12-09T08:12:31.395+0000][1][safepoint    ] Total time for which application threads were stopped: 0.0000938 seconds, Stopping threads took: 0.0000197 seconds
[2019-12-09T08:12:32.395+0000][1][safepoint    ] Application time: 1.0000773 seconds
[2019-12-09T08:12:32.395+0000][1][safepoint    ] Entering safepoint region: Cleanup
[2019-12-09T08:12:32.395+0000][1][safepoint    ] Leaving safepoint region
[2019-12-09T08:12:32.395+0000][1][safepoint    ] Total time for which application threads were stopped: 0.0000894 seconds, Stopping threads took: 0.0000190 seconds
[2019-12-09T08:12:33.395+0000][1][safepoint    ] Application time: 1.0000750 seconds
[2019-12-09T08:12:33.395+0000][1][safepoint    ] Entering safepoint region: Cleanup
[2019-12-09T08:12:33.395+0000][1][safepoint    ] Leaving safepoint region
[2019-12-09T08:12:33.395+0000][1][safepoint    ] Total time for which application threads were stopped: 0.0000892 seconds, Stopping threads took: 0.0000176 seconds
[2019-12-09T08:12:34.395+0000][1][safepoint    ] Application time: 1.0000783 seconds
[2019-12-09T08:12:34.395+0000][1][safepoint    ] Entering safepoint region: Cleanup
[2019-12-09T08:12:34.395+0000][1][safepoint    ] Leaving safepoint region
[2019-12-09T08:12:34.395+0000][1][safepoint    ] Total time for which application threads were stopped: 0.0000937 seconds, Stopping threads took: 0.0000209 seconds
[2019-12-09T08:12:35.396+0000][1][safepoint    ] Application time: 1.0000762 seconds
[2019-12-09T08:12:35.396+0000][1][safepoint    ] Entering safepoint region: Cleanup
[2019-12-09T08:12:35.396+0000][1][safepoint    ] Leaving safepoint region
[2019-12-09T08:12:35.396+0000][1][safepoint    ] Total time for which application threads were stopped: 0.0000906 seconds, Stopping threads took: 0.0000188 seconds
[2019-12-09T08:12:36.396+0000][1][safepoint    ] Application time: 1.0000770 seconds
[2019-12-09T08:12:36.396+0000][1][safepoint    ] Entering safepoint region: Cleanup
[2019-12-09T08:12:36.396+0000][1][safepoint    ] Leaving safepoint region
[2019-12-09T08:12:36.396+0000][1][safepoint    ] Total time for which application threads were stopped: 0.0000910 seconds, Stopping threads took: 0.0000199 seconds
[2019-12-09T08:12:37.396+0000][1][safepoint    ] Application time: 1.0000777 seconds
[2019-12-09T08:12:37.396+0000][1][safepoint    ] Entering safepoint region: Cleanup
[2019-12-09T08:12:37.396+0000][1][safepoint    ] Leaving safepoint region
[2019-12-09T08:12:37.396+0000][1][safepoint    ] Total time for which application threads were stopped: 0.0000921 seconds, Stopping threads took: 0.0000187 seconds
[2019-12-09T08:12:38.396+0000][1][safepoint    ] Application time: 1.0000779 seconds
[2019-12-09T08:12:38.396+0000][1][safepoint    ] Entering safepoint region: Cleanup
[2019-12-09T08:12:38.396+0000][1][safepoint    ] Leaving safepoint region
[2019-12-09T08:12:38.396+0000][1][safepoint    ] Total time for which application threads were stopped: 0.0000885 seconds, Stopping threads took: 0.0000189 seconds
[2019-12-09T08:12:39.396+0000][1][safepoint    ] Application time: 1.0000746 seconds
[2019-12-09T08:12:39.396+0000][1][safepoint    ] Entering safepoint region: Cleanup
[2019-12-09T08:12:39.397+0000][1][safepoint    ] Leaving safepoint region
[2019-12-09T08:12:39.397+0000][1][safepoint    ] Total time for which application threads were stopped: 0.0000929 seconds, Stopping threads took: 0.0000201 seconds
[2019-12-09T08:12:40.397+0000][1][safepoint    ] Application time: 1.0000759 seconds
[2019-12-09T08:12:40.397+0000][1][safepoint    ] Entering safepoint region: Cleanup
[2019-12-09T08:12:40.397+0000][1][safepoint    ] Leaving safepoint region
[2019-12-09T08:12:40.397+0000][1][safepoint    ] Total time for which application threads were stopped: 0.0000968 seconds, Stopping threads took: 0.0000174 seconds
[2019-12-09T08:12:41.397+0000][1][safepoint    ] Application time: 1.0000746 seconds
[2019-12-09T08:12:41.397+0000][1][safepoint    ] Entering safepoint region: Cleanup
[2019-12-09T08:12:41.397+0000][1][safepoint    ] Leaving safepoint region
[2019-12-09T08:12:41.397+0000][1][safepoint    ] Total time for which application threads were stopped: 0.0001002 seconds, Stopping threads took: 0.0000272 seconds
[2019-12-09T08:12:42.397+0000][1][safepoint    ] Application time: 1.0000745 seconds
[2019-12-09T08:12:42.397+0000][1][safepoint    ] Entering safepoint region: Cleanup
[2019-12-09T08:12:42.397+0000][1][safepoint    ] Leaving safepoint region
[2019-12-09T08:12:42.397+0000][1][safepoint    ] Total time for which application threads were stopped: 0.0001132 seconds, Stopping threads took: 0.0000326 seconds
[2019-12-09T08:12:43.397+0000][1][safepoint    ] Application time: 1.0000804 seconds
[2019-12-09T08:12:43.397+0000][1][safepoint    ] Entering safepoint region: Cleanup
[2019-12-09T08:12:43.397+0000][1][safepoint    ] Leaving safepoint region
[2019-12-09T08:12:43.397+0000][1][safepoint    ] Total time for which application threads were stopped: 0.0000891 seconds, Stopping threads took: 0.0000194 seconds
[2019-12-09T08:12:44.398+0000][1][safepoint    ] Application time: 1.0000751 seconds
[2019-12-09T08:12:44.398+0000][1][safepoint    ] Entering safepoint region: Cleanup
[2019-12-09T08:12:44.398+0000][1][safepoint    ] Leaving safepoint region
[2019-12-09T08:12:44.398+0000][1][safepoint    ] Total time for which application threads were stopped: 0.0000924 seconds, Stopping threads took: 0.0000195 seconds
[2019-12-09T08:12:45.398+0000][1][safepoint    ] Application time: 1.0000769 seconds
[2019-12-09T08:12:45.398+0000][1][safepoint    ] Entering safepoint region: Cleanup
[2019-12-09T08:12:45.398+0000][1][safepoint    ] Leaving safepoint region
[2019-12-09T08:12:45.398+0000][1][safepoint    ] Total time for which application threads were stopped: 0.0000920 seconds, Stopping threads took: 0.0000191 seconds
[2019-12-09T08:12:46.398+0000][1][safepoint    ] Application time: 1.0000756 seconds
[2019-12-09T08:12:46.398+0000][1][safepoint    ] Entering safepoint region: Cleanup
[2019-12-09T08:12:46.398+0000][1][safepoint    ] Leaving safepoint region
[2019-12-09T08:12:46.398+0000][1][safepoint    ] Total time for which application threads were stopped: 0.0000907 seconds, Stopping threads took: 0.0000188 seconds
[2019-12-09T08:12:47.398+0000][1][safepoint    ] Application time: 1.0000753 seconds
[2019-12-09T08:12:47.398+0000][1][safepoint    ] Entering safepoint region: Cleanup
[2019-12-09T08:12:47.398+0000][1][safepoint    ] Leaving safepoint region
[2019-12-09T08:12:47.398+0000][1][safepoint    ] Total time for which application threads were stopped: 0.0000909 seconds, Stopping threads took: 0.0000184 seconds
[2019-12-09T08:12:48.398+0000][1][safepoint    ] Application time: 1.0000746 seconds
[2019-12-09T08:12:48.398+0000][1][safepoint    ] Entering safepoint region: Cleanup
[2019-12-09T08:12:48.398+0000][1][safepoint    ] Leaving safepoint region
[2019-12-09T08:12:48.398+0000][1][safepoint    ] Total time for which application threads were stopped: 0.0000899 seconds, Stopping threads took: 0.0000191 seconds
[2019-12-09T08:12:49.399+0000][1][safepoint    ] Application time: 1.0000752 seconds
[2019-12-09T08:12:49.399+0000][1][safepoint    ] Entering safepoint region: Cleanup
[2019-12-09T08:12:49.399+0000][1][safepoint    ] Leaving safepoint region
[2019-12-09T08:12:49.399+0000][1][safepoint    ] Total time for which application threads were stopped: 0.0001022 seconds, Stopping threads took: 0.0000197 seconds
[2019-12-09T08:12:50.399+0000][1][safepoint    ] Application time: 1.0000752 seconds
[2019-12-09T08:12:50.399+0000][1][safepoint    ] Entering safepoint region: Cleanup
[2019-12-09T08:12:50.399+0000][1][safepoint    ] Leaving safepoint region
[2019-12-09T08:12:50.399+0000][1][safepoint    ] Total time for which application threads were stopped: 0.0000918 seconds, Stopping threads took: 0.0000192 seconds
[2019-12-09T08:12:51.399+0000][1][safepoint    ] Application time: 1.0000741 seconds
[2019-12-09T08:12:51.399+0000][1][safepoint    ] Entering safepoint region: Cleanup
[2019-12-09T08:12:51.399+0000][1][safepoint    ] Leaving safepoint region
[2019-12-09T08:12:51.399+0000][1][safepoint    ] Total time for which application threads were stopped: 0.0000916 seconds, Stopping threads took: 0.0000184 seconds
[2019-12-09T08:12:52.399+0000][1][safepoint    ] Application time: 1.0000746 seconds
[2019-12-09T08:12:52.399+0000][1][safepoint    ] Entering safepoint region: Cleanup
[2019-12-09T08:12:52.399+0000][1][safepoint    ] Leaving safepoint region
[2019-12-09T08:12:52.399+0000][1][safepoint    ] Total time for which application threads were stopped: 0.0000958 seconds, Stopping threads took: 0.0000197 seconds
[2019-12-09T08:12:53.399+0000][1][safepoint    ] Application time: 1.0000751 seconds
[2019-12-09T08:12:53.399+0000][1][safepoint    ] Entering safepoint region: Cleanup
[2019-12-09T08:12:53.400+0000][1][safepoint    ] Leaving safepoint region
[2019-12-09T08:12:53.400+0000][1][safepoint    ] Total time for which application threads were stopped: 0.0000886 seconds, Stopping threads took: 0.0000180 seconds
[2019-12-09T08:12:54.400+0000][1][safepoint    ] Application time: 1.0000765 seconds
[2019-12-09T08:12:54.400+0000][1][safepoint    ] Entering safepoint region: Cleanup
[2019-12-09T08:12:54.400+0000][1][safepoint    ] Leaving safepoint region
[2019-12-09T08:12:54.400+0000][1][safepoint    ] Total time for which application threads were stopped: 0.0001014 seconds, Stopping threads took: 0.0000285 seconds
[2019-12-09T08:12:55.400+0000][1][safepoint    ] Application time: 1.0000772 seconds
[2019-12-09T08:12:55.400+0000][1][safepoint    ] Entering safepoint region: Cleanup
[2019-12-09T08:12:55.400+0000][1][safepoint    ] Leaving safepoint region
[2019-12-09T08:12:55.400+0000][1][safepoint    ] Total time for which application threads were stopped: 0.0000929 seconds, Stopping threads took: 0.0000198 seconds
[2019-12-09T08:12:56.400+0000][1][safepoint    ] Application time: 1.0000775 seconds
[2019-12-09T08:12:56.400+0000][1][safepoint    ] Entering safepoint region: Cleanup
[2019-12-09T08:12:56.400+0000][1][safepoint    ] Leaving safepoint region
[2019-12-09T08:12:56.400+0000][1][safepoint    ] Total time for which application threads were stopped: 0.0000935 seconds, Stopping threads took: 0.0000199 seconds
[2019-12-09T08:12:57.400+0000][1][safepoint    ] Application time: 1.0000780 seconds
[2019-12-09T08:12:57.400+0000][1][safepoint    ] Entering safepoint region: Cleanup
[2019-12-09T08:12:57.400+0000][1][safepoint    ] Leaving safepoint region
[2019-12-09T08:12:57.400+0000][1][safepoint    ] Total time for which application threads were stopped: 0.0000920 seconds, Stopping threads took: 0.0000199 seconds
[2019-12-09T08:12:58.401+0000][1][safepoint    ] Application time: 1.0000745 seconds
[2019-12-09T08:12:58.401+0000][1][safepoint    ] Entering safepoint region: Cleanup
[2019-12-09T08:12:58.401+0000][1][safepoint    ] Leaving safepoint region
[2019-12-09T08:12:58.401+0000][1][safepoint    ] Total time for which application threads were stopped: 0.0000898 seconds, Stopping threads took: 0.0000200 seconds
[2019-12-09T08:12:59.401+0000][1][safepoint    ] Application time: 1.0000743 seconds
[2019-12-09T08:12:59.401+0000][1][safepoint    ] Entering safepoint region: Cleanup
[2019-12-09T08:12:59.401+0000][1][safepoint    ] Leaving safepoint region
[2019-12-09T08:12:59.401+0000][1][safepoint    ] Total time for which application threads were stopped: 0.0000909 seconds, Stopping threads took: 0.0000182 seconds
[2019-12-09T08:13:00.401+0000][1][safepoint    ] Application time: 1.0000735 seconds
[2019-12-09T08:13:00.401+0000][1][safepoint    ] Entering safepoint region: Cleanup
[2019-12-09T08:13:00.401+0000][1][safepoint    ] Leaving safepoint region
[2019-12-09T08:13:00.401+0000][1][safepoint    ] Total time for which application threads were stopped: 0.0000849 seconds, Stopping threads took: 0.0000160 seconds
[2019-12-09T08:13:01.401+0000][1][safepoint    ] Application time: 1.0000754 seconds
[2019-12-09T08:13:01.401+0000][1][safepoint    ] Entering safepoint region: Cleanup
[2019-12-09T08:13:01.401+0000][1][safepoint    ] Leaving safepoint region
[2019-12-09T08:13:01.401+0000][1][safepoint    ] Total time for which application threads were stopped: 0.0000922 seconds, Stopping threads took: 0.0000194 seconds
[2019-12-09T08:13:02.401+0000][1][safepoint    ] Application time: 1.0000794 seconds
[2019-12-09T08:13:02.401+0000][1][safepoint    ] Entering safepoint region: Cleanup
[2019-12-09T08:13:02.401+0000][1][safepoint    ] Leaving safepoint region
[2019-12-09T08:13:02.401+0000][1][safepoint    ] Total time for which application threads were stopped: 0.0000896 seconds, Stopping threads took: 0.0000198 seconds
[2019-12-09T08:13:03.402+0000][1][safepoint    ] Application time: 1.0000762 seconds
[2019-12-09T08:13:03.402+0000][1][safepoint    ] Entering safepoint region: Cleanup
[2019-12-09T08:13:03.402+0000][1][safepoint    ] Leaving safepoint region
[2019-12-09T08:13:03.402+0000][1][safepoint    ] Total time for which application threads were stopped: 0.0000999 seconds, Stopping threads took: 0.0000190 seconds
[2019-12-09T08:13:04.402+0000][1][safepoint    ] Application time: 1.0000760 seconds
[2019-12-09T08:13:04.402+0000][1][safepoint    ] Entering safepoint region: Cleanup
[2019-12-09T08:13:04.402+0000][1][safepoint    ] Leaving safepoint region
[2019-12-09T08:13:04.402+0000][1][safepoint    ] Total time for which application threads were stopped: 0.0000932 seconds, Stopping threads took: 0.0000199 seconds
[2019-12-09T08:13:05.402+0000][1][safepoint    ] Application time: 1.0000782 seconds
[2019-12-09T08:13:05.402+0000][1][safepoint    ] Entering safepoint region: Cleanup
[2019-12-09T08:13:05.402+0000][1][safepoint    ] Leaving safepoint region
[2019-12-09T08:13:05.402+0000][1][safepoint    ] Total time for which application threads were stopped: 0.0000923 seconds, Stopping threads took: 0.0000195 seconds
[2019-12-09T08:13:06.402+0000][1][safepoint    ] Application time: 1.0000760 seconds
[2019-12-09T08:13:06.402+0000][1][safepoint    ] Entering safepoint region: Cleanup
[2019-12-09T08:13:06.402+0000][1][safepoint    ] Leaving safepoint region
[2019-12-09T08:13:06.402+0000][1][safepoint    ] Total time for which application threads were stopped: 0.0001120 seconds, Stopping threads took: 0.0000200 seconds
[2019-12-09T08:13:07.402+0000][1][safepoint    ] Application time: 1.0000784 seconds
[2019-12-09T08:13:07.403+0000][1][safepoint    ] Entering safepoint region: Cleanup
[2019-12-09T08:13:07.403+0000][1][safepoint    ] Leaving safepoint region
[2019-12-09T08:13:07.403+0000][1][safepoint    ] Total time for which application threads were stopped: 0.0000927 seconds, Stopping threads took: 0.0000200 seconds
[2019-12-09T08:13:08.403+0000][1][safepoint    ] Application time: 1.0000957 seconds
[2019-12-09T08:13:08.403+0000][1][safepoint    ] Entering safepoint region: Cleanup
[2019-12-09T08:13:08.403+0000][1][safepoint    ] Leaving safepoint region
[2019-12-09T08:13:08.403+0000][1][safepoint    ] Total time for which application threads were stopped: 0.0000943 seconds, Stopping threads took: 0.0000198 seconds
[2019-12-09T08:13:09.403+0000][1][safepoint    ] Application time: 1.0000751 seconds
[2019-12-09T08:13:09.403+0000][1][safepoint    ] Entering safepoint region: Cleanup
[2019-12-09T08:13:09.403+0000][1][safepoint    ] Leaving safepoint region
[2019-12-09T08:13:09.403+0000][1][safepoint    ] Total time for which application threads were stopped: 0.0000922 seconds, Stopping threads took: 0.0000198 seconds
[2019-12-09T08:13:10.403+0000][1][safepoint    ] Application time: 1.0000772 seconds
[2019-12-09T08:13:10.403+0000][1][safepoint    ] Entering safepoint region: Cleanup
[2019-12-09T08:13:10.403+0000][1][safepoint    ] Leaving safepoint region
[2019-12-09T08:13:10.403+0000][1][safepoint    ] Total time for which application threads were stopped: 0.0000910 seconds, Stopping threads took: 0.0000191 seconds
[2019-12-09T08:13:11.403+0000][1][safepoint    ] Application time: 1.0000763 seconds
[2019-12-09T08:13:11.403+0000][1][safepoint    ] Entering safepoint region: Cleanup
[2019-12-09T08:13:11.403+0000][1][safepoint    ] Leaving safepoint region
[2019-12-09T08:13:11.403+0000][1][safepoint    ] Total time for which application threads were stopped: 0.0000987 seconds, Stopping threads took: 0.0000271 seconds
[2019-12-09T08:13:12.404+0000][1][safepoint    ] Application time: 1.0000780 seconds
[2019-12-09T08:13:12.404+0000][1][safepoint    ] Entering safepoint region: Cleanup
[2019-12-09T08:13:12.404+0000][1][safepoint    ] Leaving safepoint region
[2019-12-09T08:13:12.404+0000][1][safepoint    ] Total time for which application threads were stopped: 0.0001044 seconds, Stopping threads took: 0.0000196 seconds
[2019-12-09T08:13:13.404+0000][1][safepoint    ] Application time: 1.0000750 seconds
[2019-12-09T08:13:13.404+0000][1][safepoint    ] Entering safepoint region: Cleanup
[2019-12-09T08:13:13.404+0000][1][safepoint    ] Leaving safepoint region
[2019-12-09T08:13:13.404+0000][1][safepoint    ] Total time for which application threads were stopped: 0.0000896 seconds, Stopping threads took: 0.0000178 seconds
[2019-12-09T08:13:14.404+0000][1][safepoint    ] Application time: 1.0000793 seconds
[2019-12-09T08:13:14.404+0000][1][safepoint    ] Entering safepoint region: Cleanup
[2019-12-09T08:13:14.404+0000][1][safepoint    ] Leaving safepoint region
[2019-12-09T08:13:14.404+0000][1][safepoint    ] Total time for which application threads were stopped: 0.0000927 seconds, Stopping threads took: 0.0000185 seconds
[2019-12-09T08:13:15.404+0000][1][safepoint    ] Application time: 1.0000747 seconds
[2019-12-09T08:13:15.404+0000][1][safepoint    ] Entering safepoint region: Cleanup
[2019-12-09T08:13:15.404+0000][1][safepoint    ] Leaving safepoint region
[2019-12-09T08:13:15.404+0000][1][safepoint    ] Total time for which application threads were stopped: 0.0000914 seconds, Stopping threads took: 0.0000192 seconds
[2019-12-09T08:13:16.404+0000][1][safepoint    ] Application time: 1.0000761 seconds
[2019-12-09T08:13:16.404+0000][1][safepoint    ] Entering safepoint region: Cleanup
[2019-12-09T08:13:16.405+0000][1][safepoint    ] Leaving safepoint region
[2019-12-09T08:13:16.405+0000][1][safepoint    ] Total time for which application threads were stopped: 0.0000920 seconds, Stopping threads took: 0.0000194 seconds
[2019-12-09T08:13:17.405+0000][1][safepoint    ] Application time: 1.0000780 seconds
[2019-12-09T08:13:17.405+0000][1][safepoint    ] Entering safepoint region: Cleanup
[2019-12-09T08:13:17.405+0000][1][safepoint    ] Leaving safepoint region
[2019-12-09T08:13:17.405+0000][1][safepoint    ] Total time for which application threads were stopped: 0.0000931 seconds, Stopping threads took: 0.0000196 seconds
[2019-12-09T08:13:18.405+0000][1][safepoint    ] Application time: 1.0000787 seconds
[2019-12-09T08:13:18.405+0000][1][safepoint    ] Entering safepoint region: Cleanup
[2019-12-09T08:13:18.405+0000][1][safepoint    ] Leaving safepoint region
[2019-12-09T08:13:18.405+0000][1][safepoint    ] Total time for which application threads were stopped: 0.0000902 seconds, Stopping threads took: 0.0000181 seconds
[2019-12-09T08:13:19.405+0000][1][safepoint    ] Application time: 1.0000752 seconds
[2019-12-09T08:13:19.405+0000][1][safepoint    ] Entering safepoint region: Cleanup
[2019-12-09T08:13:19.405+0000][1][safepoint    ] Leaving safepoint region
[2019-12-09T08:13:19.405+0000][1][safepoint    ] Total time for which application threads were stopped: 0.0000912 seconds, Stopping threads took: 0.0000184 seconds
[2019-12-09T08:13:20.405+0000][1][safepoint    ] Application time: 1.0000770 seconds
[2019-12-09T08:13:20.405+0000][1][safepoint    ] Entering safepoint region: Cleanup
[2019-12-09T08:13:20.405+0000][1][safepoint    ] Leaving safepoint region
[2019-12-09T08:13:20.405+0000][1][safepoint    ] Total time for which application threads were stopped: 0.0000911 seconds, Stopping threads took: 0.0000194 seconds
[2019-12-09T08:13:21.406+0000][1][safepoint    ] Application time: 1.0000757 seconds
[2019-12-09T08:13:21.406+0000][1][safepoint    ] Entering safepoint region: Cleanup
[2019-12-09T08:13:21.406+0000][1][safepoint    ] Leaving safepoint region
[2019-12-09T08:13:21.406+0000][1][safepoint    ] Total time for which application threads were stopped: 0.0000906 seconds, Stopping threads took: 0.0000192 seconds
[2019-12-09T08:13:22.406+0000][1][safepoint    ] Application time: 1.0000814 seconds
[2019-12-09T08:13:22.406+0000][1][safepoint    ] Entering safepoint region: Cleanup
[2019-12-09T08:13:22.406+0000][1][safepoint    ] Leaving safepoint region
[2019-12-09T08:13:22.406+0000][1][safepoint    ] Total time for which application threads were stopped: 0.0000892 seconds, Stopping threads took: 0.0000191 seconds
[2019-12-09T08:13:23.406+0000][1][safepoint    ] Application time: 1.0000794 seconds
[2019-12-09T08:13:23.406+0000][1][safepoint    ] Entering safepoint region: Cleanup
[2019-12-09T08:13:23.406+0000][1][safepoint    ] Leaving safepoint region
[2019-12-09T08:13:23.406+0000][1][safepoint    ] Total time for which application threads were stopped: 0.0000887 seconds, Stopping threads took: 0.0000194 seconds
[2019-12-09T08:13:24.406+0000][1][safepoint    ] Application time: 1.0000746 seconds
[2019-12-09T08:13:24.406+0000][1][safepoint    ] Entering safepoint region: Cleanup
[2019-12-09T08:13:24.406+0000][1][safepoint    ] Leaving safepoint region
[2019-12-09T08:13:24.406+0000][1][safepoint    ] Total time for which application threads were stopped: 0.0000903 seconds, Stopping threads took: 0.0000182 seconds
[2019-12-09T08:13:25.618+0000][1][safepoint    ] Application time: 1.2121069 seconds
[2019-12-09T08:13:25.618+0000][1][safepoint    ] Entering safepoint region: Cleanup
[2019-12-09T08:13:25.619+0000][1][safepoint    ] Leaving safepoint region
[2019-12-09T08:13:25.619+0000][1][safepoint    ] Total time for which application threads were stopped: 0.0000935 seconds, Stopping threads took: 0.0000194 seconds
[2019-12-09T08:13:26.619+0000][1][safepoint    ] Application time: 1.0000775 seconds
[2019-12-09T08:13:26.619+0000][1][safepoint    ] Entering safepoint region: Cleanup
[2019-12-09T08:13:26.619+0000][1][safepoint    ] Leaving safepoint region
[2019-12-09T08:13:26.619+0000][1][safepoint    ] Total time for which application threads were stopped: 0.0001008 seconds, Stopping threads took: 0.0000302 seconds
[2019-12-09T08:13:27.619+0000][1][safepoint    ] Application time: 1.0000749 seconds
[2019-12-09T08:13:27.619+0000][1][safepoint    ] Entering safepoint region: Cleanup
[2019-12-09T08:13:27.619+0000][1][safepoint    ] Leaving safepoint region
[2019-12-09T08:13:27.619+0000][1][safepoint    ] Total time for which application threads were stopped: 0.0000913 seconds, Stopping threads took: 0.0000195 seconds
[2019-12-09T08:13:28.619+0000][1][safepoint    ] Application time: 1.0000761 seconds
[2019-12-09T08:13:28.619+0000][1][safepoint    ] Entering safepoint region: Cleanup
[2019-12-09T08:13:28.619+0000][1][safepoint    ] Leaving safepoint region
[2019-12-09T08:13:28.619+0000][1][safepoint    ] Total time for which application threads were stopped: 0.0000986 seconds, Stopping threads took: 0.0000191 seconds
[2019-12-09T08:13:29.619+0000][1][safepoint    ] Application time: 1.0000823 seconds
[2019-12-09T08:13:29.619+0000][1][safepoint    ] Entering safepoint region: Cleanup
[2019-12-09T08:13:29.619+0000][1][safepoint    ] Leaving safepoint region
[2019-12-09T08:13:29.619+0000][1][safepoint    ] Total time for which application threads were stopped: 0.0000926 seconds, Stopping threads took: 0.0000184 seconds
[2019-12-09T08:13:30.620+0000][1][safepoint    ] Application time: 1.0000798 seconds
[2019-12-09T08:13:30.620+0000][1][safepoint    ] Entering safepoint region: Cleanup
[2019-12-09T08:13:30.620+0000][1][safepoint    ] Leaving safepoint region
[2019-12-09T08:13:30.620+0000][1][safepoint    ] Total time for which application threads were stopped: 0.0000935 seconds, Stopping threads took: 0.0000196 seconds
[2019-12-09T08:13:31.620+0000][1][safepoint    ] Application time: 1.0000780 seconds
[2019-12-09T08:13:31.620+0000][1][safepoint    ] Entering safepoint region: Cleanup
[2019-12-09T08:13:31.620+0000][1][safepoint    ] Leaving safepoint region
[2019-12-09T08:13:31.620+0000][1][safepoint    ] Total time for which application threads were stopped: 0.0000899 seconds, Stopping threads took: 0.0000189 seconds
[2019-12-09T08:13:32.620+0000][1][safepoint    ] Application time: 1.0000769 seconds
[2019-12-09T08:13:32.620+0000][1][safepoint    ] Entering safepoint region: Cleanup
[2019-12-09T08:13:32.620+0000][1][safepoint    ] Leaving safepoint region
[2019-12-09T08:13:32.620+0000][1][safepoint    ] Total time for which application threads were stopped: 0.0000922 seconds, Stopping threads took: 0.0000243 seconds
[2019-12-09T08:13:33.620+0000][1][safepoint    ] Application time: 1.0000733 seconds
[2019-12-09T08:13:33.620+0000][1][safepoint    ] Entering safepoint region: Cleanup
[2019-12-09T08:13:33.620+0000][1][safepoint    ] Leaving safepoint region
[2019-12-09T08:13:33.620+0000][1][safepoint    ] Total time for which application threads were stopped: 0.0001099 seconds, Stopping threads took: 0.0000192 seconds
[2019-12-09T08:13:34.620+0000][1][safepoint    ] Application time: 1.0000752 seconds
[2019-12-09T08:13:34.620+0000][1][safepoint    ] Entering safepoint region: Cleanup
[2019-12-09T08:13:34.620+0000][1][safepoint    ] Leaving safepoint region
[2019-12-09T08:13:34.621+0000][1][safepoint    ] Total time for which application threads were stopped: 0.0000874 seconds, Stopping threads took: 0.0000164 seconds
[2019-12-09T08:13:35.621+0000][1][safepoint    ] Application time: 1.0000759 seconds
[2019-12-09T08:13:35.621+0000][1][safepoint    ] Entering safepoint region: Cleanup
[2019-12-09T08:13:35.621+0000][1][safepoint    ] Leaving safepoint region
[2019-12-09T08:13:35.621+0000][1][safepoint    ] Total time for which application threads were stopped: 0.0001060 seconds, Stopping threads took: 0.0000205 seconds
[2019-12-09T08:13:36.621+0000][1][safepoint    ] Application time: 1.0000761 seconds
[2019-12-09T08:13:36.621+0000][1][safepoint    ] Entering safepoint region: Cleanup
[2019-12-09T08:13:36.621+0000][1][safepoint    ] Leaving safepoint region
[2019-12-09T08:13:36.621+0000][1][safepoint    ] Total time for which application threads were stopped: 0.0000924 seconds, Stopping threads took: 0.0000194 seconds
[2019-12-09T08:13:37.621+0000][1][safepoint    ] Application time: 1.0000749 seconds
[2019-12-09T08:13:37.621+0000][1][safepoint    ] Entering safepoint region: Cleanup
[2019-12-09T08:13:37.621+0000][1][safepoint    ] Leaving safepoint region
[2019-12-09T08:13:37.621+0000][1][safepoint    ] Total time for which application threads were stopped: 0.0000909 seconds, Stopping threads took: 0.0000189 seconds
[2019-12-09T08:13:38.621+0000][1][safepoint    ] Application time: 1.0000751 seconds
[2019-12-09T08:13:38.621+0000][1][safepoint    ] Entering safepoint region: Cleanup
[2019-12-09T08:13:38.621+0000][1][safepoint    ] Leaving safepoint region
[2019-12-09T08:13:38.621+0000][1][safepoint    ] Total time for which application threads were stopped: 0.0000910 seconds, Stopping threads took: 0.0000204 seconds
[2019-12-09T08:13:39.621+0000][1][safepoint    ] Application time: 1.0000760 seconds
[2019-12-09T08:13:39.622+0000][1][safepoint    ] Entering safepoint region: Cleanup
[2019-12-09T08:13:39.622+0000][1][safepoint    ] Leaving safepoint region
[2019-12-09T08:13:39.622+0000][1][safepoint    ] Total time for which application threads were stopped: 0.0000891 seconds, Stopping threads took: 0.0000190 seconds
[2019-12-09T08:13:40.622+0000][1][safepoint    ] Application time: 1.0000768 seconds
[2019-12-09T08:13:40.622+0000][1][safepoint    ] Entering safepoint region: Cleanup
[2019-12-09T08:13:40.622+0000][1][safepoint    ] Leaving safepoint region
[2019-12-09T08:13:40.622+0000][1][safepoint    ] Total time for which application threads were stopped: 0.0000927 seconds, Stopping threads took: 0.0000200 seconds
[2019-12-09T08:13:41.622+0000][1][safepoint    ] Application time: 1.0000731 seconds
[2019-12-09T08:13:41.622+0000][1][safepoint    ] Entering safepoint region: Cleanup
[2019-12-09T08:13:41.622+0000][1][safepoint    ] Leaving safepoint region
[2019-12-09T08:13:41.622+0000][1][safepoint    ] Total time for which application threads were stopped: 0.0001179 seconds, Stopping threads took: 0.0000267 seconds
[2019-12-09T08:13:42.622+0000][1][safepoint    ] Application time: 1.0000750 seconds
[2019-12-09T08:13:42.622+0000][1][safepoint    ] Entering safepoint region: Cleanup
[2019-12-09T08:13:42.622+0000][1][safepoint    ] Leaving safepoint region
[2019-12-09T08:13:42.622+0000][1][safepoint    ] Total time for which application threads were stopped: 0.0000910 seconds, Stopping threads took: 0.0000192 seconds
[2019-12-09T08:13:43.622+0000][1][safepoint    ] Application time: 1.0000753 seconds
[2019-12-09T08:13:43.622+0000][1][safepoint    ] Entering safepoint region: Cleanup
[2019-12-09T08:13:43.622+0000][1][safepoint    ] Leaving safepoint region
[2019-12-09T08:13:43.622+0000][1][safepoint    ] Total time for which application threads were stopped: 0.0000923 seconds, Stopping threads took: 0.0000197 seconds
[2019-12-09T08:13:44.623+0000][1][safepoint    ] Application time: 1.0000761 seconds
[2019-12-09T08:13:44.623+0000][1][safepoint    ] Entering safepoint region: Cleanup
[2019-12-09T08:13:44.623+0000][1][safepoint    ] Leaving safepoint region
[2019-12-09T08:13:44.623+0000][1][safepoint    ] Total time for which application threads were stopped: 0.0001055 seconds, Stopping threads took: 0.0000209 seconds
[2019-12-09T08:13:45.623+0000][1][safepoint    ] Application time: 1.0000752 seconds
[2019-12-09T08:13:45.623+0000][1][safepoint    ] Entering safepoint region: Cleanup
[2019-12-09T08:13:45.623+0000][1][safepoint    ] Leaving safepoint region
[2019-12-09T08:13:45.623+0000][1][safepoint    ] Total time for which application threads were stopped: 0.0001005 seconds, Stopping threads took: 0.0000279 seconds
[2019-12-09T08:13:46.623+0000][1][safepoint    ] Application time: 1.0000755 seconds
[2019-12-09T08:13:46.623+0000][1][safepoint    ] Entering safepoint region: Cleanup
[2019-12-09T08:13:46.623+0000][1][safepoint    ] Leaving safepoint region
[2019-12-09T08:13:46.623+0000][1][safepoint    ] Total time for which application threads were stopped: 0.0000912 seconds, Stopping threads took: 0.0000198 seconds
[2019-12-09T08:13:47.623+0000][1][safepoint    ] Application time: 1.0000753 seconds
[2019-12-09T08:13:47.623+0000][1][safepoint    ] Entering safepoint region: Cleanup
[2019-12-09T08:13:47.623+0000][1][safepoint    ] Leaving safepoint region
[2019-12-09T08:13:47.623+0000][1][safepoint    ] Total time for which application threads were stopped: 0.0000936 seconds, Stopping threads took: 0.0000188 seconds
[2019-12-09T08:13:48.623+0000][1][safepoint    ] Application time: 1.0000741 seconds
[2019-12-09T08:13:48.623+0000][1][safepoint    ] Entering safepoint region: Cleanup
[2019-12-09T08:13:48.624+0000][1][safepoint    ] Leaving safepoint region
[2019-12-09T08:13:48.624+0000][1][safepoint    ] Total time for which application threads were stopped: 0.0000927 seconds, Stopping threads took: 0.0000179 seconds
[2019-12-09T08:13:49.624+0000][1][safepoint    ] Application time: 1.0000786 seconds
[2019-12-09T08:13:49.624+0000][1][safepoint    ] Entering safepoint region: Cleanup
[2019-12-09T08:13:49.624+0000][1][safepoint    ] Leaving safepoint region
[2019-12-09T08:13:49.624+0000][1][safepoint    ] Total time for which application threads were stopped: 0.0000905 seconds, Stopping threads took: 0.0000197 seconds
[2019-12-09T08:13:50.624+0000][1][safepoint    ] Application time: 1.0000754 seconds
[2019-12-09T08:13:50.624+0000][1][safepoint    ] Entering safepoint region: Cleanup
[2019-12-09T08:13:50.624+0000][1][safepoint    ] Leaving safepoint region
[2019-12-09T08:13:50.624+0000][1][safepoint    ] Total time for which application threads were stopped: 0.0000930 seconds, Stopping threads took: 0.0000187 seconds
[2019-12-09T08:13:51.624+0000][1][safepoint    ] Application time: 1.0000753 seconds
[2019-12-09T08:13:51.624+0000][1][safepoint    ] Entering safepoint region: Cleanup
[2019-12-09T08:13:51.624+0000][1][safepoint    ] Leaving safepoint region
[2019-12-09T08:13:51.624+0000][1][safepoint    ] Total time for which application threads were stopped: 0.0000914 seconds, Stopping threads took: 0.0000199 seconds
[2019-12-09T08:13:52.624+0000][1][safepoint    ] Application time: 1.0000748 seconds
[2019-12-09T08:13:52.624+0000][1][safepoint    ] Entering safepoint region: Cleanup
[2019-12-09T08:13:52.624+0000][1][safepoint    ] Leaving safepoint region
[2019-12-09T08:13:52.624+0000][1][safepoint    ] Total time for which application threads were stopped: 0.0000940 seconds, Stopping threads took: 0.0000227 seconds
[2019-12-09T08:13:53.625+0000][1][safepoint    ] Application time: 1.0000749 seconds
[2019-12-09T08:13:53.625+0000][1][safepoint    ] Entering safepoint region: Cleanup
[2019-12-09T08:13:53.625+0000][1][safepoint    ] Leaving safepoint region
[2019-12-09T08:13:53.625+0000][1][safepoint    ] Total time for which application threads were stopped: 0.0000919 seconds, Stopping threads took: 0.0000190 seconds
[2019-12-09T08:13:54.625+0000][1][safepoint    ] Application time: 1.0000768 seconds
[2019-12-09T08:13:54.625+0000][1][safepoint    ] Entering safepoint region: Cleanup
[2019-12-09T08:13:54.625+0000][1][safepoint    ] Leaving safepoint region
[2019-12-09T08:13:54.625+0000][1][safepoint    ] Total time for which application threads were stopped: 0.0000903 seconds, Stopping threads took: 0.0000186 seconds
[2019-12-09T08:13:55.625+0000][1][safepoint    ] Application time: 1.0000779 seconds
[2019-12-09T08:13:55.625+0000][1][safepoint    ] Entering safepoint region: Cleanup
[2019-12-09T08:13:55.625+0000][1][safepoint    ] Leaving safepoint region
[2019-12-09T08:13:55.625+0000][1][safepoint    ] Total time for which application threads were stopped: 0.0000981 seconds, Stopping threads took: 0.0000266 seconds
[2019-12-09T08:13:56.625+0000][1][safepoint    ] Application time: 1.0000780 seconds
[2019-12-09T08:13:56.625+0000][1][safepoint    ] Entering safepoint region: Cleanup
[2019-12-09T08:13:56.625+0000][1][safepoint    ] Leaving safepoint region
[2019-12-09T08:13:56.625+0000][1][safepoint    ] Total time for which application threads were stopped: 0.0000936 seconds, Stopping threads took: 0.0000198 seconds
[2019-12-09T08:13:57.625+0000][1][safepoint    ] Application time: 1.0000761 seconds
[2019-12-09T08:13:57.625+0000][1][safepoint    ] Entering safepoint region: Cleanup
[2019-12-09T08:13:57.625+0000][1][safepoint    ] Leaving safepoint region
[2019-12-09T08:13:57.625+0000][1][safepoint    ] Total time for which application threads were stopped: 0.0000904 seconds, Stopping threads took: 0.0000186 seconds
[2019-12-09T08:13:58.626+0000][1][safepoint    ] Application time: 1.0000750 seconds
[2019-12-09T08:13:58.626+0000][1][safepoint    ] Entering safepoint region: Cleanup
[2019-12-09T08:13:58.626+0000][1][safepoint    ] Leaving safepoint region
[2019-12-09T08:13:58.626+0000][1][safepoint    ] Total time for which application threads were stopped: 0.0000986 seconds, Stopping threads took: 0.0000183 seconds
[2019-12-09T08:13:59.626+0000][1][safepoint    ] Application time: 1.0000744 seconds
[2019-12-09T08:13:59.626+0000][1][safepoint    ] Entering safepoint region: Cleanup
[2019-12-09T08:13:59.626+0000][1][safepoint    ] Leaving safepoint region
[2019-12-09T08:13:59.626+0000][1][safepoint    ] Total time for which application threads were stopped: 0.0000910 seconds, Stopping threads took: 0.0000192 seconds
[2019-12-09T08:14:00.626+0000][1][safepoint    ] Application time: 1.0000782 seconds
[2019-12-09T08:14:00.626+0000][1][safepoint    ] Entering safepoint region: Cleanup
[2019-12-09T08:14:00.626+0000][1][safepoint    ] Leaving safepoint region
[2019-12-09T08:14:00.626+0000][1][safepoint    ] Total time for which application threads were stopped: 0.0000917 seconds, Stopping threads took: 0.0000196 seconds
[2019-12-09T08:14:01.626+0000][1][safepoint    ] Application time: 1.0000785 seconds
[2019-12-09T08:14:01.626+0000][1][safepoint    ] Entering safepoint region: Cleanup
[2019-12-09T08:14:01.626+0000][1][safepoint    ] Leaving safepoint region
[2019-12-09T08:14:01.626+0000][1][safepoint    ] Total time for which application threads were stopped: 0.0000971 seconds, Stopping threads took: 0.0000219 seconds
[2019-12-09T08:14:02.626+0000][1][safepoint    ] Application time: 1.0000772 seconds
[2019-12-09T08:14:02.626+0000][1][safepoint    ] Entering safepoint region: Cleanup
[2019-12-09T08:14:02.627+0000][1][safepoint    ] Leaving safepoint region
[2019-12-09T08:14:02.627+0000][1][safepoint    ] Total time for which application threads were stopped: 0.0000923 seconds, Stopping threads took: 0.0000194 seconds
[2019-12-09T08:14:03.627+0000][1][safepoint    ] Application time: 1.0000758 seconds
[2019-12-09T08:14:03.627+0000][1][safepoint    ] Entering safepoint region: Cleanup
[2019-12-09T08:14:03.627+0000][1][safepoint    ] Leaving safepoint region
[2019-12-09T08:14:03.627+0000][1][safepoint    ] Total time for which application threads were stopped: 0.0000950 seconds, Stopping threads took: 0.0000219 seconds
[2019-12-09T08:14:05.409+0000][1][safepoint    ] Application time: 1.7822460 seconds
[2019-12-09T08:14:05.409+0000][1][safepoint    ] Entering safepoint region: Cleanup
[2019-12-09T08:14:05.409+0000][1][safepoint    ] Leaving safepoint region
[2019-12-09T08:14:05.409+0000][1][safepoint    ] Total time for which application threads were stopped: 0.0001012 seconds, Stopping threads took: 0.0000188 seconds
[2019-12-09T08:14:06.409+0000][1][safepoint    ] Application time: 1.0000770 seconds
[2019-12-09T08:14:06.409+0000][1][safepoint    ] Entering safepoint region: Cleanup
[2019-12-09T08:14:06.409+0000][1][safepoint    ] Leaving safepoint region
[2019-12-09T08:14:06.409+0000][1][safepoint    ] Total time for which application threads were stopped: 0.0001026 seconds, Stopping threads took: 0.0000289 seconds
[2019-12-09T08:14:07.409+0000][1][safepoint    ] Application time: 1.0000766 seconds
[2019-12-09T08:14:07.410+0000][1][safepoint    ] Entering safepoint region: Cleanup
[2019-12-09T08:14:07.410+0000][1][safepoint    ] Leaving safepoint region
[2019-12-09T08:14:07.410+0000][1][safepoint    ] Total time for which application threads were stopped: 0.0000920 seconds, Stopping threads took: 0.0000193 seconds
[2019-12-09T08:14:08.334+0000][1][safepoint    ] Application time: 0.9239396 seconds
[2019-12-09T08:14:08.334+0000][1][safepoint    ] Entering safepoint region: GenCollectForAllocation
[2019-12-09T08:14:08.334+0000][1][gc,start     ] GC(66) Pause Young (Allocation Failure)
[2019-12-09T08:14:08.334+0000][1][gc,task      ] GC(66) Using 2 workers of 2 for evacuation
[2019-12-09T08:14:08.335+0000][1][gc,age       ] GC(66) Desired survivor size 4456448 bytes, new threshold 6 (max threshold 6)
[2019-12-09T08:14:08.335+0000][1][gc,age       ] GC(66) Age table with threshold 6 (max threshold 6)
[2019-12-09T08:14:08.335+0000][1][gc,age       ] GC(66) - age   1:       9120 bytes,       9120 total
[2019-12-09T08:14:08.335+0000][1][gc,age       ] GC(66) - age   2:        640 bytes,       9760 total
[2019-12-09T08:14:08.335+0000][1][gc,age       ] GC(66) - age   3:        120 bytes,       9880 total
[2019-12-09T08:14:08.335+0000][1][gc,age       ] GC(66) - age   6:         64 bytes,       9944 total
[2019-12-09T08:14:08.335+0000][1][gc,heap      ] GC(66) ParNew: 69970K->20K(78656K)
[2019-12-09T08:14:08.335+0000][1][gc,heap      ] GC(66) CMS: 75191K->75191K(174784K)
[2019-12-09T08:14:08.335+0000][1][gc,metaspace ] GC(66) Metaspace: 79556K->79556K(1122304K)
[2019-12-09T08:14:08.335+0000][1][gc           ] GC(66) Pause Young (Allocation Failure) 141M->73M(247M) 1.585ms
[2019-12-09T08:14:08.335+0000][1][gc,cpu       ] GC(66) User=0.01s Sys=0.00s Real=0.01s
[2019-12-09T08:14:08.335+0000][1][safepoint    ] Leaving safepoint region
[2019-12-09T08:14:08.335+0000][1][safepoint    ] Total time for which application threads were stopped: 0.0017656 seconds, Stopping threads took: 0.0000174 seconds
[2019-12-09T08:14:09.335+0000][1][safepoint    ] Application time: 1.0000869 seconds
[2019-12-09T08:14:09.336+0000][1][safepoint    ] Entering safepoint region: Cleanup
[2019-12-09T08:14:09.336+0000][1][safepoint    ] Leaving safepoint region
[2019-12-09T08:14:09.336+0000][1][safepoint    ] Total time for which application threads were stopped: 0.0000921 seconds, Stopping threads took: 0.0000199 seconds
[2019-12-09T08:14:10.336+0000][1][safepoint    ] Application time: 1.0000761 seconds
[2019-12-09T08:14:10.336+0000][1][safepoint    ] Entering safepoint region: Cleanup
[2019-12-09T08:14:10.336+0000][1][safepoint    ] Leaving safepoint region
[2019-12-09T08:14:10.336+0000][1][safepoint    ] Total time for which application threads were stopped: 0.0000904 seconds, Stopping threads took: 0.0000183 seconds
[2019-12-09T08:14:11.336+0000][1][safepoint    ] Application time: 1.0000755 seconds
[2019-12-09T08:14:11.336+0000][1][safepoint    ] Entering safepoint region: Cleanup
[2019-12-09T08:14:11.336+0000][1][safepoint    ] Leaving safepoint region
[2019-12-09T08:14:11.336+0000][1][safepoint    ] Total time for which application threads were stopped: 0.0001001 seconds, Stopping threads took: 0.0000275 seconds
[2019-12-09T08:14:12.336+0000][1][safepoint    ] Application time: 1.0000746 seconds
[2019-12-09T08:14:12.336+0000][1][safepoint    ] Entering safepoint region: Cleanup
[2019-12-09T08:14:12.336+0000][1][safepoint    ] Leaving safepoint region
[2019-12-09T08:14:12.336+0000][1][safepoint    ] Total time for which application threads were stopped: 0.0000928 seconds, Stopping threads took: 0.0000196 seconds
[2019-12-09T08:14:13.336+0000][1][safepoint    ] Application time: 1.0000860 seconds
[2019-12-09T08:14:13.336+0000][1][safepoint    ] Entering safepoint region: Cleanup
[2019-12-09T08:14:13.337+0000][1][safepoint    ] Leaving safepoint region
[2019-12-09T08:14:13.337+0000][1][safepoint    ] Total time for which application threads were stopped: 0.0001379 seconds, Stopping threads took: 0.0000593 seconds
[2019-12-09T08:14:14.337+0000][1][safepoint    ] Application time: 1.0000836 seconds
[2019-12-09T08:14:14.337+0000][1][safepoint    ] Entering safepoint region: Cleanup
[2019-12-09T08:14:14.337+0000][1][safepoint    ] Leaving safepoint region
[2019-12-09T08:14:14.337+0000][1][safepoint    ] Total time for which application threads were stopped: 0.0001023 seconds, Stopping threads took: 0.0000205 seconds
[2019-12-09T08:14:15.337+0000][1][safepoint    ] Application time: 1.0000769 seconds
[2019-12-09T08:14:15.337+0000][1][safepoint    ] Entering safepoint region: Cleanup
[2019-12-09T08:14:15.337+0000][1][safepoint    ] Leaving safepoint region
[2019-12-09T08:14:15.337+0000][1][safepoint    ] Total time for which application threads were stopped: 0.0000911 seconds, Stopping threads took: 0.0000189 seconds
[2019-12-09T08:14:16.337+0000][1][safepoint    ] Application time: 1.0000733 seconds
[2019-12-09T08:14:16.337+0000][1][safepoint    ] Entering safepoint region: Cleanup
[2019-12-09T08:14:16.337+0000][1][safepoint    ] Leaving safepoint region
[2019-12-09T08:14:16.337+0000][1][safepoint    ] Total time for which application threads were stopped: 0.0000906 seconds, Stopping threads took: 0.0000195 seconds
[2019-12-09T08:14:17.337+0000][1][safepoint    ] Application time: 1.0000777 seconds
[2019-12-09T08:14:17.337+0000][1][safepoint    ] Entering safepoint region: Cleanup
[2019-12-09T08:14:17.337+0000][1][safepoint    ] Leaving safepoint region
[2019-12-09T08:14:17.337+0000][1][safepoint    ] Total time for which application threads were stopped: 0.0000927 seconds, Stopping threads took: 0.0000205 seconds
[2019-12-09T08:14:18.337+0000][1][safepoint    ] Application time: 1.0000742 seconds
[2019-12-09T08:14:18.338+0000][1][safepoint    ] Entering safepoint region: Cleanup
[2019-12-09T08:14:18.338+0000][1][safepoint    ] Leaving safepoint region
[2019-12-09T08:14:18.338+0000][1][safepoint    ] Total time for which application threads were stopped: 0.0000942 seconds, Stopping threads took: 0.0000184 seconds
[2019-12-09T08:14:19.338+0000][1][safepoint    ] Application time: 1.0000780 seconds
[2019-12-09T08:14:19.338+0000][1][safepoint    ] Entering safepoint region: Cleanup
[2019-12-09T08:14:19.338+0000][1][safepoint    ] Leaving safepoint region
[2019-12-09T08:14:19.338+0000][1][safepoint    ] Total time for which application threads were stopped: 0.0000910 seconds, Stopping threads took: 0.0000206 seconds
[2019-12-09T08:14:20.338+0000][1][safepoint    ] Application time: 1.0000763 seconds
[2019-12-09T08:14:20.338+0000][1][safepoint    ] Entering safepoint region: Cleanup
[2019-12-09T08:14:20.338+0000][1][safepoint    ] Leaving safepoint region
[2019-12-09T08:14:20.338+0000][1][safepoint    ] Total time for which application threads were stopped: 0.0000917 seconds, Stopping threads took: 0.0000193 seconds
[2019-12-09T08:14:21.338+0000][1][safepoint    ] Application time: 1.0000769 seconds
[2019-12-09T08:14:21.338+0000][1][safepoint    ] Entering safepoint region: Cleanup
[2019-12-09T08:14:21.338+0000][1][safepoint    ] Leaving safepoint region
[2019-12-09T08:14:21.338+0000][1][safepoint    ] Total time for which application threads were stopped: 0.0000915 seconds, Stopping threads took: 0.0000186 seconds
[2019-12-09T08:14:22.338+0000][1][safepoint    ] Application time: 1.0000755 seconds
[2019-12-09T08:14:22.338+0000][1][safepoint    ] Entering safepoint region: Cleanup
[2019-12-09T08:14:22.338+0000][1][safepoint    ] Leaving safepoint region
[2019-12-09T08:14:22.338+0000][1][safepoint    ] Total time for which application threads were stopped: 0.0000910 seconds, Stopping threads took: 0.0000198 seconds
[2019-12-09T08:14:23.339+0000][1][safepoint    ] Application time: 1.0000776 seconds
[2019-12-09T08:14:23.339+0000][1][safepoint    ] Entering safepoint region: Cleanup
[2019-12-09T08:14:23.339+0000][1][safepoint    ] Leaving safepoint region
[2019-12-09T08:14:23.339+0000][1][safepoint    ] Total time for which application threads were stopped: 0.0000967 seconds, Stopping threads took: 0.0000271 seconds
[2019-12-09T08:14:24.339+0000][1][safepoint    ] Application time: 1.0000774 seconds
[2019-12-09T08:14:24.339+0000][1][safepoint    ] Entering safepoint region: Cleanup
[2019-12-09T08:14:24.339+0000][1][safepoint    ] Leaving safepoint region
[2019-12-09T08:14:24.339+0000][1][safepoint    ] Total time for which application threads were stopped: 0.0000988 seconds, Stopping threads took: 0.0000189 seconds
[2019-12-09T08:14:25.339+0000][1][safepoint    ] Application time: 1.0000759 seconds
[2019-12-09T08:14:25.339+0000][1][safepoint    ] Entering safepoint region: Cleanup
[2019-12-09T08:14:25.339+0000][1][safepoint    ] Leaving safepoint region
[2019-12-09T08:14:25.339+0000][1][safepoint    ] Total time for which application threads were stopped: 0.0000920 seconds, Stopping threads took: 0.0000201 seconds
[2019-12-09T08:14:26.339+0000][1][safepoint    ] Application time: 1.0000765 seconds
[2019-12-09T08:14:26.339+0000][1][safepoint    ] Entering safepoint region: Cleanup
[2019-12-09T08:14:26.339+0000][1][safepoint    ] Leaving safepoint region
[2019-12-09T08:14:26.339+0000][1][safepoint    ] Total time for which application threads were stopped: 0.0000910 seconds, Stopping threads took: 0.0000197 seconds
[2019-12-09T08:14:27.339+0000][1][safepoint    ] Application time: 1.0000733 seconds
[2019-12-09T08:14:27.339+0000][1][safepoint    ] Entering safepoint region: Cleanup
[2019-12-09T08:14:27.340+0000][1][safepoint    ] Leaving safepoint region
[2019-12-09T08:14:27.340+0000][1][safepoint    ] Total time for which application threads were stopped: 0.0000941 seconds, Stopping threads took: 0.0000210 seconds
[2019-12-09T08:14:28.340+0000][1][safepoint    ] Application time: 1.0000752 seconds
[2019-12-09T08:14:28.340+0000][1][safepoint    ] Entering safepoint region: Cleanup
[2019-12-09T08:14:28.340+0000][1][safepoint    ] Leaving safepoint region
[2019-12-09T08:14:28.340+0000][1][safepoint    ] Total time for which application threads were stopped: 0.0001074 seconds, Stopping threads took: 0.0000184 seconds
[2019-12-09T08:14:29.340+0000][1][safepoint    ] Application time: 1.0000754 seconds
[2019-12-09T08:14:29.340+0000][1][safepoint    ] Entering safepoint region: Cleanup
[2019-12-09T08:14:29.340+0000][1][safepoint    ] Leaving safepoint region
[2019-12-09T08:14:29.340+0000][1][safepoint    ] Total time for which application threads were stopped: 0.0000920 seconds, Stopping threads took: 0.0000200 seconds
[2019-12-09T08:14:30.340+0000][1][safepoint    ] Application time: 1.0000749 seconds
[2019-12-09T08:14:30.340+0000][1][safepoint    ] Entering safepoint region: Cleanup
[2019-12-09T08:14:30.340+0000][1][safepoint    ] Leaving safepoint region
[2019-12-09T08:14:30.340+0000][1][safepoint    ] Total time for which application threads were stopped: 0.0000923 seconds, Stopping threads took: 0.0000191 seconds
[2019-12-09T08:14:31.340+0000][1][safepoint    ] Application time: 1.0000754 seconds
[2019-12-09T08:14:31.340+0000][1][safepoint    ] Entering safepoint region: Cleanup
[2019-12-09T08:14:31.340+0000][1][safepoint    ] Leaving safepoint region
[2019-12-09T08:14:31.340+0000][1][safepoint    ] Total time for which application threads were stopped: 0.0000934 seconds, Stopping threads took: 0.0000192 seconds
[2019-12-09T08:14:32.340+0000][1][safepoint    ] Application time: 1.0000752 seconds
[2019-12-09T08:14:32.341+0000][1][safepoint    ] Entering safepoint region: Cleanup
[2019-12-09T08:14:32.341+0000][1][safepoint    ] Leaving safepoint region
[2019-12-09T08:14:32.341+0000][1][safepoint    ] Total time for which application threads were stopped: 0.0000959 seconds, Stopping threads took: 0.0000190 seconds
[2019-12-09T08:14:33.341+0000][1][safepoint    ] Application time: 1.0000843 seconds
[2019-12-09T08:14:33.341+0000][1][safepoint    ] Entering safepoint region: Cleanup
[2019-12-09T08:14:33.341+0000][1][safepoint    ] Leaving safepoint region
[2019-12-09T08:14:33.341+0000][1][safepoint    ] Total time for which application threads were stopped: 0.0000974 seconds, Stopping threads took: 0.0000268 seconds
[2019-12-09T08:14:34.341+0000][1][safepoint    ] Application time: 1.0000745 seconds
[2019-12-09T08:14:34.341+0000][1][safepoint    ] Entering safepoint region: Cleanup
[2019-12-09T08:14:34.341+0000][1][safepoint    ] Leaving safepoint region
[2019-12-09T08:14:34.341+0000][1][safepoint    ] Total time for which application threads were stopped: 0.0000937 seconds, Stopping threads took: 0.0000193 seconds
[2019-12-09T08:14:35.341+0000][1][safepoint    ] Application time: 1.0000743 seconds
[2019-12-09T08:14:35.341+0000][1][safepoint    ] Entering safepoint region: Cleanup
[2019-12-09T08:14:35.341+0000][1][safepoint    ] Leaving safepoint region
[2019-12-09T08:14:35.341+0000][1][safepoint    ] Total time for which application threads were stopped: 0.0001077 seconds, Stopping threads took: 0.0000329 seconds
[2019-12-09T08:14:36.341+0000][1][safepoint    ] Application time: 1.0000747 seconds
[2019-12-09T08:14:36.341+0000][1][safepoint    ] Entering safepoint region: Cleanup
[2019-12-09T08:14:36.341+0000][1][safepoint    ] Leaving safepoint region
[2019-12-09T08:14:36.341+0000][1][safepoint    ] Total time for which application threads were stopped: 0.0000887 seconds, Stopping threads took: 0.0000184 seconds
[2019-12-09T08:14:37.342+0000][1][safepoint    ] Application time: 1.0000748 seconds
[2019-12-09T08:14:37.342+0000][1][safepoint    ] Entering safepoint region: Cleanup
[2019-12-09T08:14:37.342+0000][1][safepoint    ] Leaving safepoint region
[2019-12-09T08:14:37.342+0000][1][safepoint    ] Total time for which application threads were stopped: 0.0000977 seconds, Stopping threads took: 0.0000185 seconds
[2019-12-09T08:14:38.342+0000][1][safepoint    ] Application time: 1.0000764 seconds
[2019-12-09T08:14:38.342+0000][1][safepoint    ] Entering safepoint region: Cleanup
[2019-12-09T08:14:38.342+0000][1][safepoint    ] Leaving safepoint region
[2019-12-09T08:14:38.342+0000][1][safepoint    ] Total time for which application threads were stopped: 0.0000917 seconds, Stopping threads took: 0.0000181 seconds
[2019-12-09T08:14:39.342+0000][1][safepoint    ] Application time: 1.0000766 seconds
[2019-12-09T08:14:39.342+0000][1][safepoint    ] Entering safepoint region: Cleanup
[2019-12-09T08:14:39.342+0000][1][safepoint    ] Leaving safepoint region
[2019-12-09T08:14:39.342+0000][1][safepoint    ] Total time for which application threads were stopped: 0.0000908 seconds, Stopping threads took: 0.0000190 seconds
[2019-12-09T08:14:40.342+0000][1][safepoint    ] Application time: 1.0000783 seconds
[2019-12-09T08:14:40.342+0000][1][safepoint    ] Entering safepoint region: Cleanup
[2019-12-09T08:14:40.342+0000][1][safepoint    ] Leaving safepoint region
[2019-12-09T08:14:40.342+0000][1][safepoint    ] Total time for which application threads were stopped: 0.0000899 seconds, Stopping threads took: 0.0000180 seconds
[2019-12-09T08:14:41.342+0000][1][safepoint    ] Application time: 1.0000757 seconds
[2019-12-09T08:14:41.342+0000][1][safepoint    ] Entering safepoint region: Cleanup
[2019-12-09T08:14:41.343+0000][1][safepoint    ] Leaving safepoint region
[2019-12-09T08:14:41.343+0000][1][safepoint    ] Total time for which application threads were stopped: 0.0000985 seconds, Stopping threads took: 0.0000259 seconds
[2019-12-09T08:14:42.343+0000][1][safepoint    ] Application time: 1.0000757 seconds
[2019-12-09T08:14:42.343+0000][1][safepoint    ] Entering safepoint region: Cleanup
[2019-12-09T08:14:42.343+0000][1][safepoint    ] Leaving safepoint region
[2019-12-09T08:14:42.343+0000][1][safepoint    ] Total time for which application threads were stopped: 0.0001027 seconds, Stopping threads took: 0.0000285 seconds
[2019-12-09T08:14:43.343+0000][1][safepoint    ] Application time: 1.0000759 seconds
[2019-12-09T08:14:43.343+0000][1][safepoint    ] Entering safepoint region: Cleanup
[2019-12-09T08:14:43.343+0000][1][safepoint    ] Leaving safepoint region
[2019-12-09T08:14:43.343+0000][1][safepoint    ] Total time for which application threads were stopped: 0.0001011 seconds, Stopping threads took: 0.0000199 seconds
[2019-12-09T08:14:44.343+0000][1][safepoint    ] Application time: 1.0000744 seconds
[2019-12-09T08:14:44.343+0000][1][safepoint    ] Entering safepoint region: Cleanup
[2019-12-09T08:14:44.343+0000][1][safepoint    ] Leaving safepoint region
[2019-12-09T08:14:44.343+0000][1][safepoint    ] Total time for which application threads were stopped: 0.0000924 seconds, Stopping threads took: 0.0000201 seconds
[2019-12-09T08:14:45.343+0000][1][safepoint    ] Application time: 1.0000772 seconds
[2019-12-09T08:14:45.343+0000][1][safepoint    ] Entering safepoint region: Cleanup
[2019-12-09T08:14:45.343+0000][1][safepoint    ] Leaving safepoint region
[2019-12-09T08:14:45.343+0000][1][safepoint    ] Total time for which application threads were stopped: 0.0000904 seconds, Stopping threads took: 0.0000192 seconds
[2019-12-09T08:14:46.343+0000][1][safepoint    ] Application time: 1.0000772 seconds
[2019-12-09T08:14:46.344+0000][1][safepoint    ] Entering safepoint region: Cleanup
[2019-12-09T08:14:46.344+0000][1][safepoint    ] Leaving safepoint region
[2019-12-09T08:14:46.344+0000][1][safepoint    ] Total time for which application threads were stopped: 0.0000914 seconds, Stopping threads took: 0.0000199 seconds
[2019-12-09T08:14:47.344+0000][1][safepoint    ] Application time: 1.0000765 seconds
[2019-12-09T08:14:47.344+0000][1][safepoint    ] Entering safepoint region: Cleanup
[2019-12-09T08:14:47.344+0000][1][safepoint    ] Leaving safepoint region
[2019-12-09T08:14:47.344+0000][1][safepoint    ] Total time for which application threads were stopped: 0.0000930 seconds, Stopping threads took: 0.0000196 seconds
[2019-12-09T08:14:48.344+0000][1][safepoint    ] Application time: 1.0000755 seconds
[2019-12-09T08:14:48.344+0000][1][safepoint    ] Entering safepoint region: Cleanup
[2019-12-09T08:14:48.344+0000][1][safepoint    ] Leaving safepoint region
[2019-12-09T08:14:48.344+0000][1][safepoint    ] Total time for which application threads were stopped: 0.0000926 seconds, Stopping threads took: 0.0000203 seconds
[2019-12-09T08:14:49.344+0000][1][safepoint    ] Application time: 1.0000787 seconds
[2019-12-09T08:14:49.344+0000][1][safepoint    ] Entering safepoint region: Cleanup
[2019-12-09T08:14:49.344+0000][1][safepoint    ] Leaving safepoint region
[2019-12-09T08:14:49.344+0000][1][safepoint    ] Total time for which application threads were stopped: 0.0000927 seconds, Stopping threads took: 0.0000201 seconds
[2019-12-09T08:14:50.344+0000][1][safepoint    ] Application time: 1.0000767 seconds
[2019-12-09T08:14:50.344+0000][1][safepoint    ] Entering safepoint region: Cleanup
[2019-12-09T08:14:50.344+0000][1][safepoint    ] Leaving safepoint region
[2019-12-09T08:14:50.344+0000][1][safepoint    ] Total time for which application threads were stopped: 0.0000922 seconds, Stopping threads took: 0.0000193 seconds
[2019-12-09T08:14:51.345+0000][1][safepoint    ] Application time: 1.0000755 seconds
[2019-12-09T08:14:51.345+0000][1][safepoint    ] Entering safepoint region: Cleanup
[2019-12-09T08:14:51.345+0000][1][safepoint    ] Leaving safepoint region
[2019-12-09T08:14:51.345+0000][1][safepoint    ] Total time for which application threads were stopped: 0.0001066 seconds, Stopping threads took: 0.0000194 seconds
[2019-12-09T08:14:52.345+0000][1][safepoint    ] Application time: 1.0000758 seconds
[2019-12-09T08:14:52.345+0000][1][safepoint    ] Entering safepoint region: Cleanup
[2019-12-09T08:14:52.345+0000][1][safepoint    ] Leaving safepoint region
[2019-12-09T08:14:52.345+0000][1][safepoint    ] Total time for which application threads were stopped: 0.0000938 seconds, Stopping threads took: 0.0000195 seconds
[2019-12-09T08:14:53.345+0000][1][safepoint    ] Application time: 1.0000786 seconds
[2019-12-09T08:14:53.345+0000][1][safepoint    ] Entering safepoint region: Cleanup
[2019-12-09T08:14:53.345+0000][1][safepoint    ] Leaving safepoint region
[2019-12-09T08:14:53.345+0000][1][safepoint    ] Total time for which application threads were stopped: 0.0001014 seconds, Stopping threads took: 0.0000199 seconds
[2019-12-09T08:14:54.345+0000][1][safepoint    ] Application time: 1.0000756 seconds
[2019-12-09T08:14:54.345+0000][1][safepoint    ] Entering safepoint region: Cleanup
[2019-12-09T08:14:54.345+0000][1][safepoint    ] Leaving safepoint region
[2019-12-09T08:14:54.345+0000][1][safepoint    ] Total time for which application threads were stopped: 0.0000915 seconds, Stopping threads took: 0.0000190 seconds
[2019-12-09T08:14:55.345+0000][1][safepoint    ] Application time: 1.0000762 seconds
[2019-12-09T08:14:55.345+0000][1][safepoint    ] Entering safepoint region: Cleanup
[2019-12-09T08:14:55.346+0000][1][safepoint    ] Leaving safepoint region
[2019-12-09T08:14:55.346+0000][1][safepoint    ] Total time for which application threads were stopped: 0.0000875 seconds, Stopping threads took: 0.0000185 seconds
[2019-12-09T08:14:56.346+0000][1][safepoint    ] Application time: 1.0000741 seconds
[2019-12-09T08:14:56.346+0000][1][safepoint    ] Entering safepoint region: Cleanup
[2019-12-09T08:14:56.346+0000][1][safepoint    ] Leaving safepoint region
[2019-12-09T08:14:56.346+0000][1][safepoint    ] Total time for which application threads were stopped: 0.0001055 seconds, Stopping threads took: 0.0000311 seconds
[2019-12-09T08:14:57.346+0000][1][safepoint    ] Application time: 1.0000763 seconds
[2019-12-09T08:14:57.346+0000][1][safepoint    ] Entering safepoint region: Cleanup
[2019-12-09T08:14:57.346+0000][1][safepoint    ] Leaving safepoint region
[2019-12-09T08:14:57.346+0000][1][safepoint    ] Total time for which application threads were stopped: 0.0000913 seconds, Stopping threads took: 0.0000184 seconds
[2019-12-09T08:14:58.346+0000][1][safepoint    ] Application time: 1.0000758 seconds
[2019-12-09T08:14:58.346+0000][1][safepoint    ] Entering safepoint region: Cleanup
[2019-12-09T08:14:58.346+0000][1][safepoint    ] Leaving safepoint region
[2019-12-09T08:14:58.346+0000][1][safepoint    ] Total time for which application threads were stopped: 0.0000934 seconds, Stopping threads took: 0.0000191 seconds
[2019-12-09T08:14:59.346+0000][1][safepoint    ] Application time: 1.0000772 seconds
[2019-12-09T08:14:59.346+0000][1][safepoint    ] Entering safepoint region: Cleanup
[2019-12-09T08:14:59.346+0000][1][safepoint    ] Leaving safepoint region
[2019-12-09T08:14:59.346+0000][1][safepoint    ] Total time for which application threads were stopped: 0.0000918 seconds, Stopping threads took: 0.0000195 seconds
[2019-12-09T08:15:01.191+0000][1][safepoint    ] Application time: 1.8444905 seconds
[2019-12-09T08:15:01.191+0000][1][safepoint    ] Entering safepoint region: Cleanup
[2019-12-09T08:15:01.191+0000][1][safepoint    ] Leaving safepoint region
[2019-12-09T08:15:01.191+0000][1][safepoint    ] Total time for which application threads were stopped: 0.0000978 seconds, Stopping threads took: 0.0000204 seconds
[2019-12-09T08:15:02.191+0000][1][safepoint    ] Application time: 1.0000802 seconds
[2019-12-09T08:15:02.191+0000][1][safepoint    ] Entering safepoint region: Cleanup
[2019-12-09T08:15:02.191+0000][1][safepoint    ] Leaving safepoint region
[2019-12-09T08:15:02.191+0000][1][safepoint    ] Total time for which application threads were stopped: 0.0000956 seconds, Stopping threads took: 0.0000194 seconds
[2019-12-09T08:15:03.191+0000][1][safepoint    ] Application time: 1.0000940 seconds
[2019-12-09T08:15:03.191+0000][1][safepoint    ] Entering safepoint region: Cleanup
[2019-12-09T08:15:03.192+0000][1][safepoint    ] Leaving safepoint region
[2019-12-09T08:15:03.192+0000][1][safepoint    ] Total time for which application threads were stopped: 0.0001273 seconds, Stopping threads took: 0.0000259 seconds
[2019-12-09T08:15:04.192+0000][1][safepoint    ] Application time: 1.0000812 seconds
[2019-12-09T08:15:04.192+0000][1][safepoint    ] Entering safepoint region: Cleanup
[2019-12-09T08:15:04.192+0000][1][safepoint    ] Leaving safepoint region
[2019-12-09T08:15:04.192+0000][1][safepoint    ] Total time for which application threads were stopped: 0.0001393 seconds, Stopping threads took: 0.0000279 seconds
[2019-12-09T08:15:05.192+0000][1][safepoint    ] Application time: 1.0000744 seconds
[2019-12-09T08:15:05.192+0000][1][safepoint    ] Entering safepoint region: Cleanup
[2019-12-09T08:15:05.192+0000][1][safepoint    ] Leaving safepoint region
[2019-12-09T08:15:05.192+0000][1][safepoint    ] Total time for which application threads were stopped: 0.0000904 seconds, Stopping threads took: 0.0000198 seconds
[2019-12-09T08:15:06.192+0000][1][safepoint    ] Application time: 1.0000746 seconds
[2019-12-09T08:15:06.192+0000][1][safepoint    ] Entering safepoint region: Cleanup
[2019-12-09T08:15:06.192+0000][1][safepoint    ] Leaving safepoint region
[2019-12-09T08:15:06.192+0000][1][safepoint    ] Total time for which application threads were stopped: 0.0000898 seconds, Stopping threads took: 0.0000192 seconds
[2019-12-09T08:15:07.192+0000][1][safepoint    ] Application time: 1.0000753 seconds
[2019-12-09T08:15:07.192+0000][1][safepoint    ] Entering safepoint region: Cleanup
[2019-12-09T08:15:07.192+0000][1][safepoint    ] Leaving safepoint region
[2019-12-09T08:15:07.192+0000][1][safepoint    ] Total time for which application threads were stopped: 0.0000886 seconds, Stopping threads took: 0.0000202 seconds
[2019-12-09T08:15:08.193+0000][1][safepoint    ] Application time: 1.0000755 seconds
[2019-12-09T08:15:08.193+0000][1][safepoint    ] Entering safepoint region: Cleanup
[2019-12-09T08:15:08.193+0000][1][safepoint    ] Leaving safepoint region
[2019-12-09T08:15:08.193+0000][1][safepoint    ] Total time for which application threads were stopped: 0.0001024 seconds, Stopping threads took: 0.0000190 seconds
[2019-12-09T08:15:09.193+0000][1][safepoint    ] Application time: 1.0000770 seconds
[2019-12-09T08:15:09.193+0000][1][safepoint    ] Entering safepoint region: Cleanup
[2019-12-09T08:15:09.193+0000][1][safepoint    ] Leaving safepoint region
[2019-12-09T08:15:09.193+0000][1][safepoint    ] Total time for which application threads were stopped: 0.0000909 seconds, Stopping threads took: 0.0000198 seconds
[2019-12-09T08:15:10.193+0000][1][safepoint    ] Application time: 1.0000769 seconds
[2019-12-09T08:15:10.193+0000][1][safepoint    ] Entering safepoint region: Cleanup
[2019-12-09T08:15:10.193+0000][1][safepoint    ] Leaving safepoint region
[2019-12-09T08:15:10.193+0000][1][safepoint    ] Total time for which application threads were stopped: 0.0000930 seconds, Stopping threads took: 0.0000200 seconds
[2019-12-09T08:15:11.193+0000][1][safepoint    ] Application time: 1.0000761 seconds
[2019-12-09T08:15:11.193+0000][1][safepoint    ] Entering safepoint region: Cleanup
[2019-12-09T08:15:11.193+0000][1][safepoint    ] Leaving safepoint region
[2019-12-09T08:15:11.193+0000][1][safepoint    ] Total time for which application threads were stopped: 0.0001009 seconds, Stopping threads took: 0.0000288 seconds
[2019-12-09T08:15:12.193+0000][1][safepoint    ] Application time: 1.0000788 seconds
[2019-12-09T08:15:12.193+0000][1][safepoint    ] Entering safepoint region: Cleanup
[2019-12-09T08:15:12.194+0000][1][safepoint    ] Leaving safepoint region
[2019-12-09T08:15:12.194+0000][1][safepoint    ] Total time for which application threads were stopped: 0.0000938 seconds, Stopping threads took: 0.0000199 seconds
[2019-12-09T08:15:13.194+0000][1][safepoint    ] Application time: 1.0000782 seconds
[2019-12-09T08:15:13.194+0000][1][safepoint    ] Entering safepoint region: Cleanup
[2019-12-09T08:15:13.194+0000][1][safepoint    ] Leaving safepoint region
[2019-12-09T08:15:13.194+0000][1][safepoint    ] Total time for which application threads were stopped: 0.0000940 seconds, Stopping threads took: 0.0000193 seconds
[2019-12-09T08:15:14.194+0000][1][safepoint    ] Application time: 1.0000776 seconds
[2019-12-09T08:15:14.194+0000][1][safepoint    ] Entering safepoint region: Cleanup
[2019-12-09T08:15:14.194+0000][1][safepoint    ] Leaving safepoint region
[2019-12-09T08:15:14.194+0000][1][safepoint    ] Total time for which application threads were stopped: 0.0000941 seconds, Stopping threads took: 0.0000193 seconds
[2019-12-09T08:15:15.194+0000][1][safepoint    ] Application time: 1.0000757 seconds
[2019-12-09T08:15:15.194+0000][1][safepoint    ] Entering safepoint region: Cleanup
[2019-12-09T08:15:15.194+0000][1][safepoint    ] Leaving safepoint region
[2019-12-09T08:15:15.194+0000][1][safepoint    ] Total time for which application threads were stopped: 0.0000904 seconds, Stopping threads took: 0.0000180 seconds
[2019-12-09T08:15:16.194+0000][1][safepoint    ] Application time: 1.0000838 seconds
[2019-12-09T08:15:16.194+0000][1][safepoint    ] Entering safepoint region: Cleanup
[2019-12-09T08:15:16.194+0000][1][safepoint    ] Leaving safepoint region
[2019-12-09T08:15:16.195+0000][1][safepoint    ] Total time for which application threads were stopped: 0.0001272 seconds, Stopping threads took: 0.0000258 seconds
[2019-12-09T08:15:17.195+0000][1][safepoint    ] Application time: 1.0000780 seconds
[2019-12-09T08:15:17.195+0000][1][safepoint    ] Entering safepoint region: Cleanup
[2019-12-09T08:15:17.195+0000][1][safepoint    ] Leaving safepoint region
[2019-12-09T08:15:17.195+0000][1][safepoint    ] Total time for which application threads were stopped: 0.0001015 seconds, Stopping threads took: 0.0000188 seconds
[2019-12-09T08:15:18.195+0000][1][safepoint    ] Application time: 1.0000757 seconds
[2019-12-09T08:15:18.195+0000][1][safepoint    ] Entering safepoint region: Cleanup
[2019-12-09T08:15:18.195+0000][1][safepoint    ] Leaving safepoint region
[2019-12-09T08:15:18.195+0000][1][safepoint    ] Total time for which application threads were stopped: 0.0000937 seconds, Stopping threads took: 0.0000205 seconds
[2019-12-09T08:15:19.195+0000][1][safepoint    ] Application time: 1.0000768 seconds
[2019-12-09T08:15:19.195+0000][1][safepoint    ] Entering safepoint region: Cleanup
[2019-12-09T08:15:19.195+0000][1][safepoint    ] Leaving safepoint region
[2019-12-09T08:15:19.195+0000][1][safepoint    ] Total time for which application threads were stopped: 0.0000892 seconds, Stopping threads took: 0.0000187 seconds
[2019-12-09T08:15:20.195+0000][1][safepoint    ] Application time: 1.0000748 seconds
[2019-12-09T08:15:20.195+0000][1][safepoint    ] Entering safepoint region: Cleanup
[2019-12-09T08:15:20.195+0000][1][safepoint    ] Leaving safepoint region
[2019-12-09T08:15:20.195+0000][1][safepoint    ] Total time for which application threads were stopped: 0.0000916 seconds, Stopping threads took: 0.0000194 seconds
[2019-12-09T08:15:21.899+0000][1][safepoint    ] Application time: 1.7034852 seconds
[2019-12-09T08:15:21.899+0000][1][safepoint    ] Entering safepoint region: Cleanup
[2019-12-09T08:15:21.899+0000][1][safepoint    ] Leaving safepoint region
[2019-12-09T08:15:21.899+0000][1][safepoint    ] Total time for which application threads were stopped: 0.0000994 seconds, Stopping threads took: 0.0000181 seconds
[2019-12-09T08:15:22.899+0000][1][safepoint    ] Application time: 1.0000778 seconds
[2019-12-09T08:15:22.899+0000][1][safepoint    ] Entering safepoint region: Cleanup
[2019-12-09T08:15:22.899+0000][1][safepoint    ] Leaving safepoint region
[2019-12-09T08:15:22.899+0000][1][safepoint    ] Total time for which application threads were stopped: 0.0000935 seconds, Stopping threads took: 0.0000205 seconds
[2019-12-09T08:15:23.899+0000][1][safepoint    ] Application time: 1.0000773 seconds
[2019-12-09T08:15:23.899+0000][1][safepoint    ] Entering safepoint region: Cleanup
[2019-12-09T08:15:23.899+0000][1][safepoint    ] Leaving safepoint region
[2019-12-09T08:15:23.899+0000][1][safepoint    ] Total time for which application threads were stopped: 0.0000905 seconds, Stopping threads took: 0.0000181 seconds
[2019-12-09T08:15:24.900+0000][1][safepoint    ] Application time: 1.0000759 seconds
[2019-12-09T08:15:24.900+0000][1][safepoint    ] Entering safepoint region: Cleanup
[2019-12-09T08:15:24.900+0000][1][safepoint    ] Leaving safepoint region
[2019-12-09T08:15:24.900+0000][1][safepoint    ] Total time for which application threads were stopped: 0.0000906 seconds, Stopping threads took: 0.0000183 seconds
[2019-12-09T08:15:25.900+0000][1][safepoint    ] Application time: 1.0000733 seconds
[2019-12-09T08:15:25.900+0000][1][safepoint    ] Entering safepoint region: Cleanup
[2019-12-09T08:15:25.900+0000][1][safepoint    ] Leaving safepoint region
[2019-12-09T08:15:25.900+0000][1][safepoint    ] Total time for which application threads were stopped: 0.0000919 seconds, Stopping threads took: 0.0000198 seconds
[2019-12-09T08:15:26.900+0000][1][safepoint    ] Application time: 1.0000767 seconds
[2019-12-09T08:15:26.900+0000][1][safepoint    ] Entering safepoint region: Cleanup
[2019-12-09T08:15:26.900+0000][1][safepoint    ] Leaving safepoint region
[2019-12-09T08:15:26.900+0000][1][safepoint    ] Total time for which application threads were stopped: 0.0000944 seconds, Stopping threads took: 0.0000200 seconds
[2019-12-09T08:15:27.900+0000][1][safepoint    ] Application time: 1.0000800 seconds
[2019-12-09T08:15:27.900+0000][1][safepoint    ] Entering safepoint region: Cleanup
[2019-12-09T08:15:27.900+0000][1][safepoint    ] Leaving safepoint region
[2019-12-09T08:15:27.900+0000][1][safepoint    ] Total time for which application threads were stopped: 0.0000951 seconds, Stopping threads took: 0.0000204 seconds
[2019-12-09T08:15:28.900+0000][1][safepoint    ] Application time: 1.0000763 seconds
[2019-12-09T08:15:28.900+0000][1][safepoint    ] Entering safepoint region: Cleanup
[2019-12-09T08:15:28.901+0000][1][safepoint    ] Leaving safepoint region
[2019-12-09T08:15:28.901+0000][1][safepoint    ] Total time for which application threads were stopped: 0.0000941 seconds, Stopping threads took: 0.0000199 seconds
[2019-12-09T08:15:29.901+0000][1][safepoint    ] Application time: 1.0000758 seconds
[2019-12-09T08:15:29.901+0000][1][safepoint    ] Entering safepoint region: Cleanup
[2019-12-09T08:15:29.901+0000][1][safepoint    ] Leaving safepoint region
[2019-12-09T08:15:29.901+0000][1][safepoint    ] Total time for which application threads were stopped: 0.0001035 seconds, Stopping threads took: 0.0000193 seconds
[2019-12-09T08:15:30.901+0000][1][safepoint    ] Application time: 1.0000753 seconds
[2019-12-09T08:15:30.901+0000][1][safepoint    ] Entering safepoint region: Cleanup
[2019-12-09T08:15:30.901+0000][1][safepoint    ] Leaving safepoint region
[2019-12-09T08:15:30.901+0000][1][safepoint    ] Total time for which application threads were stopped: 0.0000927 seconds, Stopping threads took: 0.0000197 seconds
[2019-12-09T08:15:31.901+0000][1][safepoint    ] Application time: 1.0000751 seconds
[2019-12-09T08:15:31.901+0000][1][safepoint    ] Entering safepoint region: Cleanup
[2019-12-09T08:15:31.901+0000][1][safepoint    ] Leaving safepoint region
[2019-12-09T08:15:31.901+0000][1][safepoint    ] Total time for which application threads were stopped: 0.0000894 seconds, Stopping threads took: 0.0000191 seconds
[2019-12-09T08:15:32.901+0000][1][safepoint    ] Application time: 1.0000751 seconds
[2019-12-09T08:15:32.901+0000][1][safepoint    ] Entering safepoint region: Cleanup
[2019-12-09T08:15:32.901+0000][1][safepoint    ] Leaving safepoint region
[2019-12-09T08:15:32.901+0000][1][safepoint    ] Total time for which application threads were stopped: 0.0000929 seconds, Stopping threads took: 0.0000198 seconds
[2019-12-09T08:15:33.901+0000][1][safepoint    ] Application time: 1.0000755 seconds
[2019-12-09T08:15:33.902+0000][1][safepoint    ] Entering safepoint region: Cleanup
[2019-12-09T08:15:33.902+0000][1][safepoint    ] Leaving safepoint region
[2019-12-09T08:15:33.902+0000][1][safepoint    ] Total time for which application threads were stopped: 0.0000919 seconds, Stopping threads took: 0.0000195 seconds
[2019-12-09T08:15:34.902+0000][1][safepoint    ] Application time: 1.0000764 seconds
[2019-12-09T08:15:34.902+0000][1][safepoint    ] Entering safepoint region: Cleanup
[2019-12-09T08:15:34.902+0000][1][safepoint    ] Leaving safepoint region
[2019-12-09T08:15:34.902+0000][1][safepoint    ] Total time for which application threads were stopped: 0.0000936 seconds, Stopping threads took: 0.0000199 seconds
[2019-12-09T08:15:35.902+0000][1][safepoint    ] Application time: 1.0000740 seconds
[2019-12-09T08:15:35.902+0000][1][safepoint    ] Entering safepoint region: Cleanup
[2019-12-09T08:15:35.902+0000][1][safepoint    ] Leaving safepoint region
[2019-12-09T08:15:35.902+0000][1][safepoint    ] Total time for which application threads were stopped: 0.0001099 seconds, Stopping threads took: 0.0000333 seconds
[2019-12-09T08:15:36.902+0000][1][safepoint    ] Application time: 1.0000751 seconds
[2019-12-09T08:15:36.902+0000][1][safepoint    ] Entering safepoint region: Cleanup
[2019-12-09T08:15:36.902+0000][1][safepoint    ] Leaving safepoint region
[2019-12-09T08:15:36.902+0000][1][safepoint    ] Total time for which application threads were stopped: 0.0000915 seconds, Stopping threads took: 0.0000188 seconds
[2019-12-09T08:15:37.902+0000][1][safepoint    ] Application time: 1.0000778 seconds
[2019-12-09T08:15:37.902+0000][1][safepoint    ] Entering safepoint region: Cleanup
[2019-12-09T08:15:37.902+0000][1][safepoint    ] Leaving safepoint region
[2019-12-09T08:15:37.902+0000][1][safepoint    ] Total time for which application threads were stopped: 0.0000927 seconds, Stopping threads took: 0.0000186 seconds
[2019-12-09T08:15:38.903+0000][1][safepoint    ] Application time: 1.0000765 seconds
[2019-12-09T08:15:38.903+0000][1][safepoint    ] Entering safepoint region: Cleanup
[2019-12-09T08:15:38.903+0000][1][safepoint    ] Leaving safepoint region
[2019-12-09T08:15:38.903+0000][1][safepoint    ] Total time for which application threads were stopped: 0.0001085 seconds, Stopping threads took: 0.0000188 seconds
[2019-12-09T08:15:39.903+0000][1][safepoint    ] Application time: 1.0000740 seconds
[2019-12-09T08:15:39.903+0000][1][safepoint    ] Entering safepoint region: Cleanup
[2019-12-09T08:15:39.903+0000][1][safepoint    ] Leaving safepoint region
[2019-12-09T08:15:39.903+0000][1][safepoint    ] Total time for which application threads were stopped: 0.0000927 seconds, Stopping threads took: 0.0000206 seconds
[2019-12-09T08:15:40.903+0000][1][safepoint    ] Application time: 1.0000758 seconds
[2019-12-09T08:15:40.903+0000][1][safepoint    ] Entering safepoint region: Cleanup
[2019-12-09T08:15:40.903+0000][1][safepoint    ] Leaving safepoint region
[2019-12-09T08:15:40.903+0000][1][safepoint    ] Total time for which application threads were stopped: 0.0000925 seconds, Stopping threads took: 0.0000188 seconds
[2019-12-09T08:15:41.903+0000][1][safepoint    ] Application time: 1.0000747 seconds
[2019-12-09T08:15:41.903+0000][1][safepoint    ] Entering safepoint region: Cleanup
[2019-12-09T08:15:41.903+0000][1][safepoint    ] Leaving safepoint region
[2019-12-09T08:15:41.903+0000][1][safepoint    ] Total time for which application threads were stopped: 0.0001012 seconds, Stopping threads took: 0.0000274 seconds
[2019-12-09T08:15:42.903+0000][1][safepoint    ] Application time: 1.0000759 seconds
[2019-12-09T08:15:42.903+0000][1][safepoint    ] Entering safepoint region: Cleanup
[2019-12-09T08:15:42.904+0000][1][safepoint    ] Leaving safepoint region
[2019-12-09T08:15:42.904+0000][1][safepoint    ] Total time for which application threads were stopped: 0.0000928 seconds, Stopping threads took: 0.0000201 seconds
[2019-12-09T08:15:43.904+0000][1][safepoint    ] Application time: 1.0000767 seconds
[2019-12-09T08:15:43.904+0000][1][safepoint    ] Entering safepoint region: Cleanup
[2019-12-09T08:15:43.904+0000][1][safepoint    ] Leaving safepoint region
[2019-12-09T08:15:43.904+0000][1][safepoint    ] Total time for which application threads were stopped: 0.0000939 seconds, Stopping threads took: 0.0000196 seconds
[2019-12-09T08:15:44.904+0000][1][safepoint    ] Application time: 1.0000755 seconds
[2019-12-09T08:15:44.904+0000][1][safepoint    ] Entering safepoint region: Cleanup
[2019-12-09T08:15:44.904+0000][1][safepoint    ] Leaving safepoint region
[2019-12-09T08:15:44.904+0000][1][safepoint    ] Total time for which application threads were stopped: 0.0000924 seconds, Stopping threads took: 0.0000188 seconds
[2019-12-09T08:15:45.904+0000][1][safepoint    ] Application time: 1.0000760 seconds
[2019-12-09T08:15:45.904+0000][1][safepoint    ] Entering safepoint region: Cleanup
[2019-12-09T08:15:45.904+0000][1][safepoint    ] Leaving safepoint region
[2019-12-09T08:15:45.904+0000][1][safepoint    ] Total time for which application threads were stopped: 0.0000922 seconds, Stopping threads took: 0.0000193 seconds
[2019-12-09T08:15:46.904+0000][1][safepoint    ] Application time: 1.0000747 seconds
[2019-12-09T08:15:46.904+0000][1][safepoint    ] Entering safepoint region: Cleanup
[2019-12-09T08:15:46.904+0000][1][safepoint    ] Leaving safepoint region
[2019-12-09T08:15:46.904+0000][1][safepoint    ] Total time for which application threads were stopped: 0.0000976 seconds, Stopping threads took: 0.0000254 seconds
[2019-12-09T08:15:47.905+0000][1][safepoint    ] Application time: 1.0000767 seconds
[2019-12-09T08:15:47.905+0000][1][safepoint    ] Entering safepoint region: Cleanup
[2019-12-09T08:15:47.905+0000][1][safepoint    ] Leaving safepoint region
[2019-12-09T08:15:47.905+0000][1][safepoint    ] Total time for which application threads were stopped: 0.0000908 seconds, Stopping threads took: 0.0000197 seconds
[2019-12-09T08:15:48.905+0000][1][safepoint    ] Application time: 1.0000769 seconds
[2019-12-09T08:15:48.905+0000][1][safepoint    ] Entering safepoint region: Cleanup
[2019-12-09T08:15:48.905+0000][1][safepoint    ] Leaving safepoint region
[2019-12-09T08:15:48.905+0000][1][safepoint    ] Total time for which application threads were stopped: 0.0000936 seconds, Stopping threads took: 0.0000199 seconds
[2019-12-09T08:15:49.905+0000][1][safepoint    ] Application time: 1.0000760 seconds
[2019-12-09T08:15:49.905+0000][1][safepoint    ] Entering safepoint region: Cleanup
[2019-12-09T08:15:49.905+0000][1][safepoint    ] Leaving safepoint region
[2019-12-09T08:15:49.905+0000][1][safepoint    ] Total time for which application threads were stopped: 0.0000903 seconds, Stopping threads took: 0.0000188 seconds
[2019-12-09T08:15:50.905+0000][1][safepoint    ] Application time: 1.0000789 seconds
[2019-12-09T08:15:50.905+0000][1][safepoint    ] Entering safepoint region: Cleanup
[2019-12-09T08:15:50.905+0000][1][safepoint    ] Leaving safepoint region
[2019-12-09T08:15:50.905+0000][1][safepoint    ] Total time for which application threads were stopped: 0.0001106 seconds, Stopping threads took: 0.0000218 seconds
[2019-12-09T08:15:51.905+0000][1][safepoint    ] Application time: 1.0000751 seconds
[2019-12-09T08:15:51.905+0000][1][safepoint    ] Entering safepoint region: Cleanup
[2019-12-09T08:15:51.906+0000][1][safepoint    ] Leaving safepoint region
[2019-12-09T08:15:51.906+0000][1][safepoint    ] Total time for which application threads were stopped: 0.0000888 seconds, Stopping threads took: 0.0000226 seconds
[2019-12-09T08:15:52.906+0000][1][safepoint    ] Application time: 1.0000772 seconds
[2019-12-09T08:15:52.906+0000][1][safepoint    ] Entering safepoint region: Cleanup
[2019-12-09T08:15:52.906+0000][1][safepoint    ] Leaving safepoint region
[2019-12-09T08:15:52.906+0000][1][safepoint    ] Total time for which application threads were stopped: 0.0000995 seconds, Stopping threads took: 0.0000175 seconds
[2019-12-09T08:15:53.906+0000][1][safepoint    ] Application time: 1.0000754 seconds
[2019-12-09T08:15:53.906+0000][1][safepoint    ] Entering safepoint region: Cleanup
[2019-12-09T08:15:53.906+0000][1][safepoint    ] Leaving safepoint region
[2019-12-09T08:15:53.906+0000][1][safepoint    ] Total time for which application threads were stopped: 0.0000868 seconds, Stopping threads took: 0.0000186 seconds
[2019-12-09T08:15:54.906+0000][1][safepoint    ] Application time: 1.0000760 seconds
[2019-12-09T08:15:54.906+0000][1][safepoint    ] Entering safepoint region: Cleanup
[2019-12-09T08:15:54.906+0000][1][safepoint    ] Leaving safepoint region
[2019-12-09T08:15:54.906+0000][1][safepoint    ] Total time for which application threads were stopped: 0.0000888 seconds, Stopping threads took: 0.0000190 seconds
[2019-12-09T08:15:55.906+0000][1][safepoint    ] Application time: 1.0000727 seconds
[2019-12-09T08:15:55.906+0000][1][safepoint    ] Entering safepoint region: Cleanup
[2019-12-09T08:15:55.906+0000][1][safepoint    ] Leaving safepoint region
[2019-12-09T08:15:55.906+0000][1][safepoint    ] Total time for which application threads were stopped: 0.0000938 seconds, Stopping threads took: 0.0000177 seconds
[2019-12-09T08:15:56.906+0000][1][safepoint    ] Application time: 1.0000756 seconds
[2019-12-09T08:15:56.906+0000][1][safepoint    ] Entering safepoint region: Cleanup
[2019-12-09T08:15:56.907+0000][1][safepoint    ] Leaving safepoint region
[2019-12-09T08:15:56.907+0000][1][safepoint    ] Total time for which application threads were stopped: 0.0000884 seconds, Stopping threads took: 0.0000174 seconds
[2019-12-09T08:15:57.907+0000][1][safepoint    ] Application time: 1.0000772 seconds
[2019-12-09T08:15:57.907+0000][1][safepoint    ] Entering safepoint region: Cleanup
[2019-12-09T08:15:57.907+0000][1][safepoint    ] Leaving safepoint region
[2019-12-09T08:15:57.907+0000][1][safepoint    ] Total time for which application threads were stopped: 0.0001013 seconds, Stopping threads took: 0.0000181 seconds
[2019-12-09T08:15:58.907+0000][1][safepoint    ] Application time: 1.0000756 seconds
[2019-12-09T08:15:58.907+0000][1][safepoint    ] Entering safepoint region: Cleanup
[2019-12-09T08:15:58.907+0000][1][safepoint    ] Leaving safepoint region
[2019-12-09T08:15:58.907+0000][1][safepoint    ] Total time for which application threads were stopped: 0.0000872 seconds, Stopping threads took: 0.0000184 seconds
[2019-12-09T08:15:59.907+0000][1][safepoint    ] Application time: 1.0000763 seconds
[2019-12-09T08:15:59.907+0000][1][safepoint    ] Entering safepoint region: Cleanup
[2019-12-09T08:15:59.907+0000][1][safepoint    ] Leaving safepoint region
[2019-12-09T08:15:59.907+0000][1][safepoint    ] Total time for which application threads were stopped: 0.0000852 seconds, Stopping threads took: 0.0000168 seconds
[2019-12-09T08:16:00.907+0000][1][safepoint    ] Application time: 1.0000741 seconds
[2019-12-09T08:16:00.907+0000][1][safepoint    ] Entering safepoint region: Cleanup
[2019-12-09T08:16:00.907+0000][1][safepoint    ] Leaving safepoint region
[2019-12-09T08:16:00.907+0000][1][safepoint    ] Total time for which application threads were stopped: 0.0000873 seconds, Stopping threads took: 0.0000181 seconds
[2019-12-09T08:16:01.907+0000][1][safepoint    ] Application time: 1.0000767 seconds
[2019-12-09T08:16:01.907+0000][1][safepoint    ] Entering safepoint region: Cleanup
[2019-12-09T08:16:01.907+0000][1][safepoint    ] Leaving safepoint region
[2019-12-09T08:16:01.907+0000][1][safepoint    ] Total time for which application threads were stopped: 0.0000870 seconds, Stopping threads took: 0.0000178 seconds
[2019-12-09T08:16:02.908+0000][1][safepoint    ] Application time: 1.0000499 seconds
[2019-12-09T08:16:02.908+0000][1][safepoint    ] Entering safepoint region: Cleanup
[2019-12-09T08:16:02.908+0000][1][safepoint    ] Leaving safepoint region
[2019-12-09T08:16:02.908+0000][1][safepoint    ] Total time for which application threads were stopped: 0.0000868 seconds, Stopping threads took: 0.0000184 seconds
[2019-12-09T08:16:03.374+0000][1][safepoint    ] Application time: 0.4661255 seconds
[2019-12-09T08:16:03.374+0000][1][safepoint    ] Entering safepoint region: GenCollectForAllocation
[2019-12-09T08:16:03.374+0000][1][gc,start     ] GC(67) Pause Young (Allocation Failure)
[2019-12-09T08:16:03.374+0000][1][gc,task      ] GC(67) Using 2 workers of 2 for evacuation
[2019-12-09T08:16:03.375+0000][1][gc,age       ] GC(67) Desired survivor size 4456448 bytes, new threshold 6 (max threshold 6)
[2019-12-09T08:16:03.375+0000][1][gc,age       ] GC(67) Age table with threshold 6 (max threshold 6)
[2019-12-09T08:16:03.375+0000][1][gc,age       ] GC(67) - age   1:       8864 bytes,       8864 total
[2019-12-09T08:16:03.375+0000][1][gc,age       ] GC(67) - age   2:        520 bytes,       9384 total
[2019-12-09T08:16:03.375+0000][1][gc,age       ] GC(67) - age   3:        488 bytes,       9872 total
[2019-12-09T08:16:03.375+0000][1][gc,age       ] GC(67) - age   4:        120 bytes,       9992 total
[2019-12-09T08:16:03.376+0000][1][gc,heap      ] GC(67) ParNew: 69972K->14K(78656K)
[2019-12-09T08:16:03.376+0000][1][gc,heap      ] GC(67) CMS: 75191K->75191K(174784K)
[2019-12-09T08:16:03.376+0000][1][gc,metaspace ] GC(67) Metaspace: 79556K->79556K(1122304K)
[2019-12-09T08:16:03.376+0000][1][gc           ] GC(67) Pause Young (Allocation Failure) 141M->73M(247M) 1.600ms
[2019-12-09T08:16:03.376+0000][1][gc,cpu       ] GC(67) User=0.01s Sys=0.00s Real=0.01s
[2019-12-09T08:16:03.376+0000][1][safepoint    ] Leaving safepoint region
[2019-12-09T08:16:03.376+0000][1][safepoint    ] Total time for which application threads were stopped: 0.0017615 seconds, Stopping threads took: 0.0000177 seconds
[2019-12-09T08:16:04.376+0000][1][safepoint    ] Application time: 1.0000858 seconds
[2019-12-09T08:16:04.376+0000][1][safepoint    ] Entering safepoint region: Cleanup
[2019-12-09T08:16:04.376+0000][1][safepoint    ] Leaving safepoint region
[2019-12-09T08:16:04.376+0000][1][safepoint    ] Total time for which application threads were stopped: 0.0000908 seconds, Stopping threads took: 0.0000190 seconds
[2019-12-09T08:16:05.376+0000][1][safepoint    ] Application time: 1.0000746 seconds
[2019-12-09T08:16:05.376+0000][1][safepoint    ] Entering safepoint region: Cleanup
[2019-12-09T08:16:05.376+0000][1][safepoint    ] Leaving safepoint region
[2019-12-09T08:16:05.376+0000][1][safepoint    ] Total time for which application threads were stopped: 0.0000914 seconds, Stopping threads took: 0.0000189 seconds
[2019-12-09T08:16:06.376+0000][1][safepoint    ] Application time: 1.0000743 seconds
[2019-12-09T08:16:06.376+0000][1][safepoint    ] Entering safepoint region: Cleanup
[2019-12-09T08:16:06.376+0000][1][safepoint    ] Leaving safepoint region
[2019-12-09T08:16:06.376+0000][1][safepoint    ] Total time for which application threads were stopped: 0.0000927 seconds, Stopping threads took: 0.0000185 seconds
[2019-12-09T08:16:07.376+0000][1][safepoint    ] Application time: 1.0000738 seconds
[2019-12-09T08:16:07.376+0000][1][safepoint    ] Entering safepoint region: Cleanup
[2019-12-09T08:16:07.376+0000][1][safepoint    ] Leaving safepoint region
[2019-12-09T08:16:07.376+0000][1][safepoint    ] Total time for which application threads were stopped: 0.0000918 seconds, Stopping threads took: 0.0000188 seconds
[2019-12-09T08:16:08.377+0000][1][safepoint    ] Application time: 1.0000792 seconds
[2019-12-09T08:16:08.377+0000][1][safepoint    ] Entering safepoint region: Cleanup
[2019-12-09T08:16:08.377+0000][1][safepoint    ] Leaving safepoint region
[2019-12-09T08:16:08.377+0000][1][safepoint    ] Total time for which application threads were stopped: 0.0001501 seconds, Stopping threads took: 0.0000507 seconds
[2019-12-09T08:16:09.377+0000][1][safepoint    ] Application time: 1.0000828 seconds
[2019-12-09T08:16:09.377+0000][1][safepoint    ] Entering safepoint region: Cleanup
[2019-12-09T08:16:09.377+0000][1][safepoint    ] Leaving safepoint region
[2019-12-09T08:16:09.377+0000][1][safepoint    ] Total time for which application threads were stopped: 0.0000909 seconds, Stopping threads took: 0.0000192 seconds
[2019-12-09T08:16:10.377+0000][1][safepoint    ] Application time: 1.0000767 seconds
[2019-12-09T08:16:10.377+0000][1][safepoint    ] Entering safepoint region: Cleanup
[2019-12-09T08:16:10.377+0000][1][safepoint    ] Leaving safepoint region
[2019-12-09T08:16:10.377+0000][1][safepoint    ] Total time for which application threads were stopped: 0.0000909 seconds, Stopping threads took: 0.0000188 seconds
[2019-12-09T08:16:12.139+0000][1][safepoint    ] Application time: 1.7613935 seconds
[2019-12-09T08:16:12.139+0000][1][safepoint    ] Entering safepoint region: Cleanup
[2019-12-09T08:16:12.139+0000][1][safepoint    ] Leaving safepoint region
[2019-12-09T08:16:12.139+0000][1][safepoint    ] Total time for which application threads were stopped: 0.0001003 seconds, Stopping threads took: 0.0000192 seconds
[2019-12-09T08:16:13.139+0000][1][safepoint    ] Application time: 1.0000760 seconds
[2019-12-09T08:16:13.139+0000][1][safepoint    ] Entering safepoint region: Cleanup
[2019-12-09T08:16:13.139+0000][1][safepoint    ] Leaving safepoint region
[2019-12-09T08:16:13.139+0000][1][safepoint    ] Total time for which application threads were stopped: 0.0000919 seconds, Stopping threads took: 0.0000186 seconds
[2019-12-09T08:16:14.139+0000][1][safepoint    ] Application time: 1.0000756 seconds
[2019-12-09T08:16:14.139+0000][1][safepoint    ] Entering safepoint region: Cleanup
[2019-12-09T08:16:14.139+0000][1][safepoint    ] Leaving safepoint region
[2019-12-09T08:16:14.139+0000][1][safepoint    ] Total time for which application threads were stopped: 0.0000934 seconds, Stopping threads took: 0.0000194 seconds
[2019-12-09T08:16:15.139+0000][1][safepoint    ] Application time: 1.0000768 seconds
[2019-12-09T08:16:15.139+0000][1][safepoint    ] Entering safepoint region: Cleanup
[2019-12-09T08:16:15.139+0000][1][safepoint    ] Leaving safepoint region
[2019-12-09T08:16:15.139+0000][1][safepoint    ] Total time for which application threads were stopped: 0.0000931 seconds, Stopping threads took: 0.0000197 seconds
[2019-12-09T08:16:16.139+0000][1][safepoint    ] Application time: 1.0000772 seconds
[2019-12-09T08:16:16.139+0000][1][safepoint    ] Entering safepoint region: Cleanup
[2019-12-09T08:16:16.140+0000][1][safepoint    ] Leaving safepoint region
[2019-12-09T08:16:16.140+0000][1][safepoint    ] Total time for which application threads were stopped: 0.0000905 seconds, Stopping threads took: 0.0000177 seconds
[2019-12-09T08:16:17.140+0000][1][safepoint    ] Application time: 1.0000748 seconds
[2019-12-09T08:16:17.140+0000][1][safepoint    ] Entering safepoint region: Cleanup
[2019-12-09T08:16:17.140+0000][1][safepoint    ] Leaving safepoint region
[2019-12-09T08:16:17.140+0000][1][safepoint    ] Total time for which application threads were stopped: 0.0000991 seconds, Stopping threads took: 0.0000186 seconds
[2019-12-09T08:16:18.140+0000][1][safepoint    ] Application time: 1.0000780 seconds
[2019-12-09T08:16:18.140+0000][1][safepoint    ] Entering safepoint region: Cleanup
[2019-12-09T08:16:18.140+0000][1][safepoint    ] Leaving safepoint region
[2019-12-09T08:16:18.140+0000][1][safepoint    ] Total time for which application threads were stopped: 0.0001146 seconds, Stopping threads took: 0.0000325 seconds
[2019-12-09T08:16:19.140+0000][1][safepoint    ] Application time: 1.0000749 seconds
[2019-12-09T08:16:19.140+0000][1][safepoint    ] Entering safepoint region: Cleanup
[2019-12-09T08:16:19.140+0000][1][safepoint    ] Leaving safepoint region
[2019-12-09T08:16:19.140+0000][1][safepoint    ] Total time for which application threads were stopped: 0.0000917 seconds, Stopping threads took: 0.0000179 seconds
[2019-12-09T08:16:20.140+0000][1][safepoint    ] Application time: 1.0000749 seconds
[2019-12-09T08:16:20.140+0000][1][safepoint    ] Entering safepoint region: Cleanup
[2019-12-09T08:16:20.140+0000][1][safepoint    ] Leaving safepoint region
[2019-12-09T08:16:20.140+0000][1][safepoint    ] Total time for which application threads were stopped: 0.0000920 seconds, Stopping threads took: 0.0000190 seconds
[2019-12-09T08:16:21.140+0000][1][safepoint    ] Application time: 1.0000755 seconds
[2019-12-09T08:16:21.141+0000][1][safepoint    ] Entering safepoint region: Cleanup
[2019-12-09T08:16:21.141+0000][1][safepoint    ] Leaving safepoint region
[2019-12-09T08:16:21.141+0000][1][safepoint    ] Total time for which application threads were stopped: 0.0000894 seconds, Stopping threads took: 0.0000199 seconds
[2019-12-09T08:16:22.141+0000][1][safepoint    ] Application time: 1.0000885 seconds
[2019-12-09T08:16:22.141+0000][1][safepoint    ] Entering safepoint region: Cleanup
[2019-12-09T08:16:22.141+0000][1][safepoint    ] Leaving safepoint region
[2019-12-09T08:16:22.141+0000][1][safepoint    ] Total time for which application threads were stopped: 0.0000866 seconds, Stopping threads took: 0.0000175 seconds
[2019-12-09T08:16:23.141+0000][1][safepoint    ] Application time: 1.0000767 seconds
[2019-12-09T08:16:23.141+0000][1][safepoint    ] Entering safepoint region: Cleanup
[2019-12-09T08:16:23.141+0000][1][safepoint    ] Leaving safepoint region
[2019-12-09T08:16:23.141+0000][1][safepoint    ] Total time for which application threads were stopped: 0.0000903 seconds, Stopping threads took: 0.0000189 seconds
[2019-12-09T08:16:24.141+0000][1][safepoint    ] Application time: 1.0000779 seconds
[2019-12-09T08:16:24.141+0000][1][safepoint    ] Entering safepoint region: Cleanup
[2019-12-09T08:16:24.141+0000][1][safepoint    ] Leaving safepoint region
[2019-12-09T08:16:24.141+0000][1][safepoint    ] Total time for which application threads were stopped: 0.0000893 seconds, Stopping threads took: 0.0000185 seconds
[2019-12-09T08:16:25.141+0000][1][safepoint    ] Application time: 1.0000773 seconds
[2019-12-09T08:16:25.141+0000][1][safepoint    ] Entering safepoint region: Cleanup
[2019-12-09T08:16:25.141+0000][1][safepoint    ] Leaving safepoint region
[2019-12-09T08:16:25.141+0000][1][safepoint    ] Total time for which application threads were stopped: 0.0000906 seconds, Stopping threads took: 0.0000184 seconds
[2019-12-09T08:16:26.142+0000][1][safepoint    ] Application time: 1.0000769 seconds
[2019-12-09T08:16:26.142+0000][1][safepoint    ] Entering safepoint region: Cleanup
[2019-12-09T08:16:26.142+0000][1][safepoint    ] Leaving safepoint region
[2019-12-09T08:16:26.142+0000][1][safepoint    ] Total time for which application threads were stopped: 0.0000893 seconds, Stopping threads took: 0.0000178 seconds
[2019-12-09T08:16:27.142+0000][1][safepoint    ] Application time: 1.0000772 seconds
[2019-12-09T08:16:27.142+0000][1][safepoint    ] Entering safepoint region: Cleanup
[2019-12-09T08:16:27.142+0000][1][safepoint    ] Leaving safepoint region
[2019-12-09T08:16:27.142+0000][1][safepoint    ] Total time for which application threads were stopped: 0.0000910 seconds, Stopping threads took: 0.0000197 seconds
[2019-12-09T08:16:28.142+0000][1][safepoint    ] Application time: 1.0000769 seconds
[2019-12-09T08:16:28.142+0000][1][safepoint    ] Entering safepoint region: Cleanup
[2019-12-09T08:16:28.142+0000][1][safepoint    ] Leaving safepoint region
[2019-12-09T08:16:28.142+0000][1][safepoint    ] Total time for which application threads were stopped: 0.0000934 seconds, Stopping threads took: 0.0000187 seconds
[2019-12-09T08:16:29.142+0000][1][safepoint    ] Application time: 1.0000759 seconds
[2019-12-09T08:16:29.142+0000][1][safepoint    ] Entering safepoint region: Cleanup
[2019-12-09T08:16:29.142+0000][1][safepoint    ] Leaving safepoint region
[2019-12-09T08:16:29.142+0000][1][safepoint    ] Total time for which application threads were stopped: 0.0000923 seconds, Stopping threads took: 0.0000192 seconds
[2019-12-09T08:16:30.142+0000][1][safepoint    ] Application time: 1.0000753 seconds
[2019-12-09T08:16:30.142+0000][1][safepoint    ] Entering safepoint region: Cleanup
[2019-12-09T08:16:30.142+0000][1][safepoint    ] Leaving safepoint region
[2019-12-09T08:16:30.142+0000][1][safepoint    ] Total time for which application threads were stopped: 0.0000913 seconds, Stopping threads took: 0.0000191 seconds
[2019-12-09T08:16:31.143+0000][1][safepoint    ] Application time: 1.0000759 seconds
[2019-12-09T08:16:31.143+0000][1][safepoint    ] Entering safepoint region: Cleanup
[2019-12-09T08:16:31.143+0000][1][safepoint    ] Leaving safepoint region
[2019-12-09T08:16:31.143+0000][1][safepoint    ] Total time for which application threads were stopped: 0.0000967 seconds, Stopping threads took: 0.0000175 seconds
[2019-12-09T08:16:32.143+0000][1][safepoint    ] Application time: 1.0000765 seconds
[2019-12-09T08:16:32.143+0000][1][safepoint    ] Entering safepoint region: Cleanup
[2019-12-09T08:16:32.143+0000][1][safepoint    ] Leaving safepoint region
[2019-12-09T08:16:32.143+0000][1][safepoint    ] Total time for which application threads were stopped: 0.0001007 seconds, Stopping threads took: 0.0000275 seconds
[2019-12-09T08:16:33.143+0000][1][safepoint    ] Application time: 1.0000772 seconds
[2019-12-09T08:16:33.143+0000][1][safepoint    ] Entering safepoint region: Cleanup
[2019-12-09T08:16:33.143+0000][1][safepoint    ] Leaving safepoint region
[2019-12-09T08:16:33.143+0000][1][safepoint    ] Total time for which application threads were stopped: 0.0000908 seconds, Stopping threads took: 0.0000176 seconds
[2019-12-09T08:16:34.143+0000][1][safepoint    ] Application time: 1.0000747 seconds
[2019-12-09T08:16:34.143+0000][1][safepoint    ] Entering safepoint region: Cleanup
[2019-12-09T08:16:34.143+0000][1][safepoint    ] Leaving safepoint region
[2019-12-09T08:16:34.143+0000][1][safepoint    ] Total time for which application threads were stopped: 0.0000918 seconds, Stopping threads took: 0.0000180 seconds
[2019-12-09T08:16:35.143+0000][1][safepoint    ] Application time: 1.0000758 seconds
[2019-12-09T08:16:35.143+0000][1][safepoint    ] Entering safepoint region: Cleanup
[2019-12-09T08:16:35.144+0000][1][safepoint    ] Leaving safepoint region
[2019-12-09T08:16:35.144+0000][1][safepoint    ] Total time for which application threads were stopped: 0.0000889 seconds, Stopping threads took: 0.0000180 seconds
[2019-12-09T08:16:36.144+0000][1][safepoint    ] Application time: 1.0000737 seconds
[2019-12-09T08:16:36.144+0000][1][safepoint    ] Entering safepoint region: Cleanup
[2019-12-09T08:16:36.144+0000][1][safepoint    ] Leaving safepoint region
[2019-12-09T08:16:36.144+0000][1][safepoint    ] Total time for which application threads were stopped: 0.0001023 seconds, Stopping threads took: 0.0000320 seconds
[2019-12-09T08:16:37.144+0000][1][safepoint    ] Application time: 1.0000736 seconds
[2019-12-09T08:16:37.144+0000][1][safepoint    ] Entering safepoint region: Cleanup
[2019-12-09T08:16:37.144+0000][1][safepoint    ] Leaving safepoint region
[2019-12-09T08:16:37.144+0000][1][safepoint    ] Total time for which application threads were stopped: 0.0000892 seconds, Stopping threads took: 0.0000181 seconds
[2019-12-09T08:16:38.144+0000][1][safepoint    ] Application time: 1.0000773 seconds
[2019-12-09T08:16:38.144+0000][1][safepoint    ] Entering safepoint region: Cleanup
[2019-12-09T08:16:38.144+0000][1][safepoint    ] Leaving safepoint region
[2019-12-09T08:16:38.144+0000][1][safepoint    ] Total time for which application threads were stopped: 0.0000919 seconds, Stopping threads took: 0.0000202 seconds
[2019-12-09T08:16:39.144+0000][1][safepoint    ] Application time: 1.0000763 seconds
[2019-12-09T08:16:39.144+0000][1][safepoint    ] Entering safepoint region: Cleanup
[2019-12-09T08:16:39.144+0000][1][safepoint    ] Leaving safepoint region
[2019-12-09T08:16:39.144+0000][1][safepoint    ] Total time for which application threads were stopped: 0.0000930 seconds, Stopping threads took: 0.0000189 seconds
[2019-12-09T08:16:40.144+0000][1][safepoint    ] Application time: 1.0000734 seconds
[2019-12-09T08:16:40.145+0000][1][safepoint    ] Entering safepoint region: Cleanup
[2019-12-09T08:16:40.145+0000][1][safepoint    ] Leaving safepoint region
[2019-12-09T08:16:40.145+0000][1][safepoint    ] Total time for which application threads were stopped: 0.0000913 seconds, Stopping threads took: 0.0000185 seconds
[2019-12-09T08:16:41.145+0000][1][safepoint    ] Application time: 1.0000829 seconds
[2019-12-09T08:16:41.145+0000][1][safepoint    ] Entering safepoint region: Cleanup
[2019-12-09T08:16:41.145+0000][1][safepoint    ] Leaving safepoint region
[2019-12-09T08:16:41.145+0000][1][safepoint    ] Total time for which application threads were stopped: 0.0000912 seconds, Stopping threads took: 0.0000187 seconds
[2019-12-09T08:16:42.145+0000][1][safepoint    ] Application time: 1.0000744 seconds
[2019-12-09T08:16:42.145+0000][1][safepoint    ] Entering safepoint region: Cleanup
[2019-12-09T08:16:42.145+0000][1][safepoint    ] Leaving safepoint region
[2019-12-09T08:16:42.145+0000][1][safepoint    ] Total time for which application threads were stopped: 0.0000894 seconds, Stopping threads took: 0.0000175 seconds
[2019-12-09T08:16:43.145+0000][1][safepoint    ] Application time: 1.0000737 seconds
[2019-12-09T08:16:43.145+0000][1][safepoint    ] Entering safepoint region: Cleanup
[2019-12-09T08:16:43.145+0000][1][safepoint    ] Leaving safepoint region
[2019-12-09T08:16:43.145+0000][1][safepoint    ] Total time for which application threads were stopped: 0.0000949 seconds, Stopping threads took: 0.0000198 seconds
[2019-12-09T08:16:44.145+0000][1][safepoint    ] Application time: 1.0000752 seconds
[2019-12-09T08:16:44.145+0000][1][safepoint    ] Entering safepoint region: Cleanup
[2019-12-09T08:16:44.145+0000][1][safepoint    ] Leaving safepoint region
[2019-12-09T08:16:44.145+0000][1][safepoint    ] Total time for which application threads were stopped: 0.0000881 seconds, Stopping threads took: 0.0000170 seconds
[2019-12-09T08:16:45.146+0000][1][safepoint    ] Application time: 1.0000742 seconds
[2019-12-09T08:16:45.146+0000][1][safepoint    ] Entering safepoint region: Cleanup
[2019-12-09T08:16:45.146+0000][1][safepoint    ] Leaving safepoint region
[2019-12-09T08:16:45.146+0000][1][safepoint    ] Total time for which application threads were stopped: 0.0000905 seconds, Stopping threads took: 0.0000189 seconds
[2019-12-09T08:16:46.146+0000][1][safepoint    ] Application time: 1.0000745 seconds
[2019-12-09T08:16:46.146+0000][1][safepoint    ] Entering safepoint region: Cleanup
[2019-12-09T08:16:46.146+0000][1][safepoint    ] Leaving safepoint region
[2019-12-09T08:16:46.146+0000][1][safepoint    ] Total time for which application threads were stopped: 0.0000943 seconds, Stopping threads took: 0.0000183 seconds
[2019-12-09T08:16:47.146+0000][1][safepoint    ] Application time: 1.0000750 seconds
[2019-12-09T08:16:47.146+0000][1][safepoint    ] Entering safepoint region: Cleanup
[2019-12-09T08:16:47.146+0000][1][safepoint    ] Leaving safepoint region
[2019-12-09T08:16:47.146+0000][1][safepoint    ] Total time for which application threads were stopped: 0.0000949 seconds, Stopping threads took: 0.0000187 seconds
[2019-12-09T08:16:48.146+0000][1][safepoint    ] Application time: 1.0000743 seconds
[2019-12-09T08:16:48.146+0000][1][safepoint    ] Entering safepoint region: Cleanup
[2019-12-09T08:16:48.146+0000][1][safepoint    ] Leaving safepoint region
[2019-12-09T08:16:48.146+0000][1][safepoint    ] Total time for which application threads were stopped: 0.0000940 seconds, Stopping threads took: 0.0000200 seconds
[2019-12-09T08:16:49.146+0000][1][safepoint    ] Application time: 1.0000746 seconds
[2019-12-09T08:16:49.146+0000][1][safepoint    ] Entering safepoint region: Cleanup
[2019-12-09T08:16:49.147+0000][1][safepoint    ] Leaving safepoint region
[2019-12-09T08:16:49.147+0000][1][safepoint    ] Total time for which application threads were stopped: 0.0000912 seconds, Stopping threads took: 0.0000192 seconds
[2019-12-09T08:16:50.147+0000][1][safepoint    ] Application time: 1.0000741 seconds
[2019-12-09T08:16:50.147+0000][1][safepoint    ] Entering safepoint region: Cleanup
[2019-12-09T08:16:50.147+0000][1][safepoint    ] Leaving safepoint region
[2019-12-09T08:16:50.147+0000][1][safepoint    ] Total time for which application threads were stopped: 0.0001037 seconds, Stopping threads took: 0.0000188 seconds
[2019-12-09T08:16:51.910+0000][1][safepoint    ] Application time: 1.7628124 seconds
[2019-12-09T08:16:51.910+0000][1][safepoint    ] Entering safepoint region: Cleanup
[2019-12-09T08:16:51.910+0000][1][safepoint    ] Leaving safepoint region
[2019-12-09T08:16:51.910+0000][1][safepoint    ] Total time for which application threads were stopped: 0.0001022 seconds, Stopping threads took: 0.0000188 seconds
[2019-12-09T08:16:52.910+0000][1][safepoint    ] Application time: 1.0000774 seconds
[2019-12-09T08:16:52.910+0000][1][safepoint    ] Entering safepoint region: Cleanup
[2019-12-09T08:16:52.910+0000][1][safepoint    ] Leaving safepoint region
[2019-12-09T08:16:52.910+0000][1][safepoint    ] Total time for which application threads were stopped: 0.0000947 seconds, Stopping threads took: 0.0000200 seconds
[2019-12-09T08:16:53.910+0000][1][safepoint    ] Application time: 1.0000764 seconds
[2019-12-09T08:16:53.910+0000][1][safepoint    ] Entering safepoint region: Cleanup
[2019-12-09T08:16:53.910+0000][1][safepoint    ] Leaving safepoint region
[2019-12-09T08:16:53.910+0000][1][safepoint    ] Total time for which application threads were stopped: 0.0000953 seconds, Stopping threads took: 0.0000207 seconds
[2019-12-09T08:16:54.910+0000][1][safepoint    ] Application time: 1.0000756 seconds
[2019-12-09T08:16:54.910+0000][1][safepoint    ] Entering safepoint region: Cleanup
[2019-12-09T08:16:54.910+0000][1][safepoint    ] Leaving safepoint region
[2019-12-09T08:16:54.910+0000][1][safepoint    ] Total time for which application threads were stopped: 0.0001017 seconds, Stopping threads took: 0.0000196 seconds
[2019-12-09T08:16:55.910+0000][1][safepoint    ] Application time: 1.0000751 seconds
[2019-12-09T08:16:55.910+0000][1][safepoint    ] Entering safepoint region: Cleanup
[2019-12-09T08:16:55.911+0000][1][safepoint    ] Leaving safepoint region
[2019-12-09T08:16:55.911+0000][1][safepoint    ] Total time for which application threads were stopped: 0.0000922 seconds, Stopping threads took: 0.0000195 seconds
[2019-12-09T08:16:56.911+0000][1][safepoint    ] Application time: 1.0000748 seconds
[2019-12-09T08:16:56.911+0000][1][safepoint    ] Entering safepoint region: Cleanup
[2019-12-09T08:16:56.911+0000][1][safepoint    ] Leaving safepoint region
[2019-12-09T08:16:56.911+0000][1][safepoint    ] Total time for which application threads were stopped: 0.0000949 seconds, Stopping threads took: 0.0000198 seconds
[2019-12-09T08:16:57.911+0000][1][safepoint    ] Application time: 1.0000789 seconds
[2019-12-09T08:16:57.911+0000][1][safepoint    ] Entering safepoint region: Cleanup
[2019-12-09T08:16:57.911+0000][1][safepoint    ] Leaving safepoint region
[2019-12-09T08:16:57.911+0000][1][safepoint    ] Total time for which application threads were stopped: 0.0000949 seconds, Stopping threads took: 0.0000188 seconds
[2019-12-09T08:16:58.911+0000][1][safepoint    ] Application time: 1.0000780 seconds
[2019-12-09T08:16:58.911+0000][1][safepoint    ] Entering safepoint region: Cleanup
[2019-12-09T08:16:58.911+0000][1][safepoint    ] Leaving safepoint region
[2019-12-09T08:16:58.911+0000][1][safepoint    ] Total time for which application threads were stopped: 0.0000921 seconds, Stopping threads took: 0.0000190 seconds
[2019-12-09T08:16:59.911+0000][1][safepoint    ] Application time: 1.0000756 seconds
[2019-12-09T08:16:59.911+0000][1][safepoint    ] Entering safepoint region: Cleanup
[2019-12-09T08:16:59.911+0000][1][safepoint    ] Leaving safepoint region
[2019-12-09T08:16:59.911+0000][1][safepoint    ] Total time for which application threads were stopped: 0.0000929 seconds, Stopping threads took: 0.0000189 seconds
[2019-12-09T08:17:00.912+0000][1][safepoint    ] Application time: 1.0000740 seconds
[2019-12-09T08:17:00.912+0000][1][safepoint    ] Entering safepoint region: Cleanup
[2019-12-09T08:17:00.912+0000][1][safepoint    ] Leaving safepoint region
[2019-12-09T08:17:00.912+0000][1][safepoint    ] Total time for which application threads were stopped: 0.0000941 seconds, Stopping threads took: 0.0000202 seconds
[2019-12-09T08:17:01.912+0000][1][safepoint    ] Application time: 1.0000526 seconds
[2019-12-09T08:17:01.912+0000][1][safepoint    ] Entering safepoint region: Cleanup
[2019-12-09T08:17:01.912+0000][1][safepoint    ] Leaving safepoint region
[2019-12-09T08:17:01.912+0000][1][safepoint    ] Total time for which application threads were stopped: 0.0001293 seconds, Stopping threads took: 0.0000339 seconds
[2019-12-09T08:17:02.912+0000][1][safepoint    ] Application time: 1.0000776 seconds
[2019-12-09T08:17:02.912+0000][1][safepoint    ] Entering safepoint region: Cleanup
[2019-12-09T08:17:02.912+0000][1][safepoint    ] Leaving safepoint region
[2019-12-09T08:17:02.912+0000][1][safepoint    ] Total time for which application threads were stopped: 0.0000913 seconds, Stopping threads took: 0.0000184 seconds
[2019-12-09T08:17:03.912+0000][1][safepoint    ] Application time: 1.0000762 seconds
[2019-12-09T08:17:03.912+0000][1][safepoint    ] Entering safepoint region: Cleanup
[2019-12-09T08:17:03.912+0000][1][safepoint    ] Leaving safepoint region
[2019-12-09T08:17:03.912+0000][1][safepoint    ] Total time for which application threads were stopped: 0.0000932 seconds, Stopping threads took: 0.0000185 seconds
[2019-12-09T08:17:04.912+0000][1][safepoint    ] Application time: 1.0000757 seconds
[2019-12-09T08:17:04.912+0000][1][safepoint    ] Entering safepoint region: Cleanup
[2019-12-09T08:17:04.913+0000][1][safepoint    ] Leaving safepoint region
[2019-12-09T08:17:04.913+0000][1][safepoint    ] Total time for which application threads were stopped: 0.0000926 seconds, Stopping threads took: 0.0000185 seconds
[2019-12-09T08:17:05.913+0000][1][safepoint    ] Application time: 1.0000762 seconds
[2019-12-09T08:17:05.913+0000][1][safepoint    ] Entering safepoint region: Cleanup
[2019-12-09T08:17:05.913+0000][1][safepoint    ] Leaving safepoint region
[2019-12-09T08:17:05.913+0000][1][safepoint    ] Total time for which application threads were stopped: 0.0001028 seconds, Stopping threads took: 0.0000295 seconds
[2019-12-09T08:17:06.913+0000][1][safepoint    ] Application time: 1.0000746 seconds
[2019-12-09T08:17:06.913+0000][1][safepoint    ] Entering safepoint region: Cleanup
[2019-12-09T08:17:06.913+0000][1][safepoint    ] Leaving safepoint region
[2019-12-09T08:17:06.913+0000][1][safepoint    ] Total time for which application threads were stopped: 0.0000996 seconds, Stopping threads took: 0.0000275 seconds
[2019-12-09T08:17:07.913+0000][1][safepoint    ] Application time: 1.0000753 seconds
[2019-12-09T08:17:07.913+0000][1][safepoint    ] Entering safepoint region: Cleanup
[2019-12-09T08:17:07.913+0000][1][safepoint    ] Leaving safepoint region
[2019-12-09T08:17:07.913+0000][1][safepoint    ] Total time for which application threads were stopped: 0.0000900 seconds, Stopping threads took: 0.0000183 seconds
[2019-12-09T08:17:08.913+0000][1][safepoint    ] Application time: 1.0000767 seconds
[2019-12-09T08:17:08.913+0000][1][safepoint    ] Entering safepoint region: Cleanup
[2019-12-09T08:17:08.913+0000][1][safepoint    ] Leaving safepoint region
[2019-12-09T08:17:08.913+0000][1][safepoint    ] Total time for which application threads were stopped: 0.0000935 seconds, Stopping threads took: 0.0000189 seconds
[2019-12-09T08:17:09.914+0000][1][safepoint    ] Application time: 1.0000775 seconds
[2019-12-09T08:17:09.914+0000][1][safepoint    ] Entering safepoint region: Cleanup
[2019-12-09T08:17:09.914+0000][1][safepoint    ] Leaving safepoint region
[2019-12-09T08:17:09.914+0000][1][safepoint    ] Total time for which application threads were stopped: 0.0000948 seconds, Stopping threads took: 0.0000201 seconds
[2019-12-09T08:17:11.309+0000][1][safepoint    ] Application time: 1.3956721 seconds
[2019-12-09T08:17:11.309+0000][1][safepoint    ] Entering safepoint region: Cleanup
[2019-12-09T08:17:11.309+0000][1][safepoint    ] Leaving safepoint region
[2019-12-09T08:17:11.309+0000][1][safepoint    ] Total time for which application threads were stopped: 0.0001017 seconds, Stopping threads took: 0.0000199 seconds
[2019-12-09T08:17:12.310+0000][1][safepoint    ] Application time: 1.0000770 seconds
[2019-12-09T08:17:12.310+0000][1][safepoint    ] Entering safepoint region: Cleanup
[2019-12-09T08:17:12.310+0000][1][safepoint    ] Leaving safepoint region
[2019-12-09T08:17:12.310+0000][1][safepoint    ] Total time for which application threads were stopped: 0.0000963 seconds, Stopping threads took: 0.0000190 seconds
[2019-12-09T08:17:13.310+0000][1][safepoint    ] Application time: 1.0000868 seconds
[2019-12-09T08:17:13.310+0000][1][safepoint    ] Entering safepoint region: Cleanup
[2019-12-09T08:17:13.310+0000][1][safepoint    ] Leaving safepoint region
[2019-12-09T08:17:13.310+0000][1][safepoint    ] Total time for which application threads were stopped: 0.0000949 seconds, Stopping threads took: 0.0000195 seconds
[2019-12-09T08:17:14.310+0000][1][safepoint    ] Application time: 1.0000774 seconds
[2019-12-09T08:17:14.310+0000][1][safepoint    ] Entering safepoint region: Cleanup
[2019-12-09T08:17:14.310+0000][1][safepoint    ] Leaving safepoint region
[2019-12-09T08:17:14.310+0000][1][safepoint    ] Total time for which application threads were stopped: 0.0001018 seconds, Stopping threads took: 0.0000271 seconds
[2019-12-09T08:17:15.310+0000][1][safepoint    ] Application time: 1.0000753 seconds
[2019-12-09T08:17:15.310+0000][1][safepoint    ] Entering safepoint region: Cleanup
[2019-12-09T08:17:15.310+0000][1][safepoint    ] Leaving safepoint region
[2019-12-09T08:17:15.310+0000][1][safepoint    ] Total time for which application threads were stopped: 0.0000940 seconds, Stopping threads took: 0.0000197 seconds
[2019-12-09T08:17:16.310+0000][1][safepoint    ] Application time: 1.0000789 seconds
[2019-12-09T08:17:16.310+0000][1][safepoint    ] Entering safepoint region: Cleanup
[2019-12-09T08:17:16.311+0000][1][safepoint    ] Leaving safepoint region
[2019-12-09T08:17:16.311+0000][1][safepoint    ] Total time for which application threads were stopped: 0.0000958 seconds, Stopping threads took: 0.0000244 seconds
[2019-12-09T08:17:17.311+0000][1][safepoint    ] Application time: 1.0000770 seconds
[2019-12-09T08:17:17.311+0000][1][safepoint    ] Entering safepoint region: Cleanup
[2019-12-09T08:17:17.311+0000][1][safepoint    ] Leaving safepoint region
[2019-12-09T08:17:17.311+0000][1][safepoint    ] Total time for which application threads were stopped: 0.0001059 seconds, Stopping threads took: 0.0000311 seconds
[2019-12-09T08:17:18.311+0000][1][safepoint    ] Application time: 1.0000767 seconds
[2019-12-09T08:17:18.311+0000][1][safepoint    ] Entering safepoint region: Cleanup
[2019-12-09T08:17:18.311+0000][1][safepoint    ] Leaving safepoint region
[2019-12-09T08:17:18.311+0000][1][safepoint    ] Total time for which application threads were stopped: 0.0000971 seconds, Stopping threads took: 0.0000219 seconds
[2019-12-09T08:17:19.311+0000][1][safepoint    ] Application time: 1.0000762 seconds
[2019-12-09T08:17:19.311+0000][1][safepoint    ] Entering safepoint region: Cleanup
[2019-12-09T08:17:19.311+0000][1][safepoint    ] Leaving safepoint region
[2019-12-09T08:17:19.311+0000][1][safepoint    ] Total time for which application threads were stopped: 0.0000911 seconds, Stopping threads took: 0.0000187 seconds
[2019-12-09T08:17:20.311+0000][1][safepoint    ] Application time: 1.0000768 seconds
[2019-12-09T08:17:20.311+0000][1][safepoint    ] Entering safepoint region: Cleanup
[2019-12-09T08:17:20.311+0000][1][safepoint    ] Leaving safepoint region
[2019-12-09T08:17:20.311+0000][1][safepoint    ] Total time for which application threads were stopped: 0.0000941 seconds, Stopping threads took: 0.0000192 seconds
[2019-12-09T08:17:21.312+0000][1][safepoint    ] Application time: 1.0000754 seconds
[2019-12-09T08:17:21.312+0000][1][safepoint    ] Entering safepoint region: Cleanup
[2019-12-09T08:17:21.312+0000][1][safepoint    ] Leaving safepoint region
[2019-12-09T08:17:21.312+0000][1][safepoint    ] Total time for which application threads were stopped: 0.0001006 seconds, Stopping threads took: 0.0000205 seconds
[2019-12-09T08:17:22.312+0000][1][safepoint    ] Application time: 1.0000776 seconds
[2019-12-09T08:17:22.312+0000][1][safepoint    ] Entering safepoint region: Cleanup
[2019-12-09T08:17:22.312+0000][1][safepoint    ] Leaving safepoint region
[2019-12-09T08:17:22.312+0000][1][safepoint    ] Total time for which application threads were stopped: 0.0000924 seconds, Stopping threads took: 0.0000193 seconds
[2019-12-09T08:17:23.312+0000][1][safepoint    ] Application time: 1.0000780 seconds
[2019-12-09T08:17:23.312+0000][1][safepoint    ] Entering safepoint region: Cleanup
[2019-12-09T08:17:23.312+0000][1][safepoint    ] Leaving safepoint region
[2019-12-09T08:17:23.312+0000][1][safepoint    ] Total time for which application threads were stopped: 0.0000915 seconds, Stopping threads took: 0.0000187 seconds
[2019-12-09T08:17:24.312+0000][1][safepoint    ] Application time: 1.0000765 seconds
[2019-12-09T08:17:24.312+0000][1][safepoint    ] Entering safepoint region: Cleanup
[2019-12-09T08:17:24.312+0000][1][safepoint    ] Leaving safepoint region
[2019-12-09T08:17:24.312+0000][1][safepoint    ] Total time for which application threads were stopped: 0.0001023 seconds, Stopping threads took: 0.0000267 seconds
[2019-12-09T08:17:25.312+0000][1][safepoint    ] Application time: 1.0000755 seconds
[2019-12-09T08:17:25.312+0000][1][safepoint    ] Entering safepoint region: Cleanup
[2019-12-09T08:17:25.312+0000][1][safepoint    ] Leaving safepoint region
[2019-12-09T08:17:25.312+0000][1][safepoint    ] Total time for which application threads were stopped: 0.0000910 seconds, Stopping threads took: 0.0000193 seconds
[2019-12-09T08:17:26.313+0000][1][safepoint    ] Application time: 1.0000769 seconds
[2019-12-09T08:17:26.313+0000][1][safepoint    ] Entering safepoint region: Cleanup
[2019-12-09T08:17:26.313+0000][1][safepoint    ] Leaving safepoint region
[2019-12-09T08:17:26.313+0000][1][safepoint    ] Total time for which application threads were stopped: 0.0001059 seconds, Stopping threads took: 0.0000222 seconds
[2019-12-09T08:17:27.313+0000][1][safepoint    ] Application time: 1.0000746 seconds
[2019-12-09T08:17:27.313+0000][1][safepoint    ] Entering safepoint region: Cleanup
[2019-12-09T08:17:27.313+0000][1][safepoint    ] Leaving safepoint region
[2019-12-09T08:17:27.313+0000][1][safepoint    ] Total time for which application threads were stopped: 0.0000908 seconds, Stopping threads took: 0.0000188 seconds
[2019-12-09T08:17:28.313+0000][1][safepoint    ] Application time: 1.0000767 seconds
[2019-12-09T08:17:28.313+0000][1][safepoint    ] Entering safepoint region: Cleanup
[2019-12-09T08:17:28.313+0000][1][safepoint    ] Leaving safepoint region
[2019-12-09T08:17:28.313+0000][1][safepoint    ] Total time for which application threads were stopped: 0.0000976 seconds, Stopping threads took: 0.0000196 seconds
[2019-12-09T08:17:29.313+0000][1][safepoint    ] Application time: 1.0000762 seconds
[2019-12-09T08:17:29.313+0000][1][safepoint    ] Entering safepoint region: Cleanup
[2019-12-09T08:17:29.313+0000][1][safepoint    ] Leaving safepoint region
[2019-12-09T08:17:29.313+0000][1][safepoint    ] Total time for which application threads were stopped: 0.0000929 seconds, Stopping threads took: 0.0000181 seconds
[2019-12-09T08:17:30.313+0000][1][safepoint    ] Application time: 1.0000761 seconds
[2019-12-09T08:17:30.313+0000][1][safepoint    ] Entering safepoint region: Cleanup
[2019-12-09T08:17:30.314+0000][1][safepoint    ] Leaving safepoint region
[2019-12-09T08:17:30.314+0000][1][safepoint    ] Total time for which application threads were stopped: 0.0000907 seconds, Stopping threads took: 0.0000187 seconds
[2019-12-09T08:17:31.314+0000][1][safepoint    ] Application time: 1.0000754 seconds
[2019-12-09T08:17:31.314+0000][1][safepoint    ] Entering safepoint region: Cleanup
[2019-12-09T08:17:31.314+0000][1][safepoint    ] Leaving safepoint region
[2019-12-09T08:17:31.314+0000][1][safepoint    ] Total time for which application threads were stopped: 0.0000931 seconds, Stopping threads took: 0.0000203 seconds
[2019-12-09T08:17:32.314+0000][1][safepoint    ] Application time: 1.0000740 seconds
[2019-12-09T08:17:32.314+0000][1][safepoint    ] Entering safepoint region: Cleanup
[2019-12-09T08:17:32.314+0000][1][safepoint    ] Leaving safepoint region
[2019-12-09T08:17:32.314+0000][1][safepoint    ] Total time for which application threads were stopped: 0.0000993 seconds, Stopping threads took: 0.0000272 seconds
[2019-12-09T08:17:33.314+0000][1][safepoint    ] Application time: 1.0000767 seconds
[2019-12-09T08:17:33.314+0000][1][safepoint    ] Entering safepoint region: Cleanup
[2019-12-09T08:17:33.314+0000][1][safepoint    ] Leaving safepoint region
[2019-12-09T08:17:33.314+0000][1][safepoint    ] Total time for which application threads were stopped: 0.0000941 seconds, Stopping threads took: 0.0000190 seconds
[2019-12-09T08:17:34.314+0000][1][safepoint    ] Application time: 1.0000757 seconds
[2019-12-09T08:17:34.314+0000][1][safepoint    ] Entering safepoint region: Cleanup
[2019-12-09T08:17:34.314+0000][1][safepoint    ] Leaving safepoint region
[2019-12-09T08:17:34.314+0000][1][safepoint    ] Total time for which application threads were stopped: 0.0001027 seconds, Stopping threads took: 0.0000276 seconds
[2019-12-09T08:17:35.333+0000][1][safepoint    ] Application time: 1.0188992 seconds
[2019-12-09T08:17:35.333+0000][1][safepoint    ] Entering safepoint region: Cleanup
[2019-12-09T08:17:35.333+0000][1][safepoint    ] Leaving safepoint region
[2019-12-09T08:17:35.333+0000][1][safepoint    ] Total time for which application threads were stopped: 0.0000942 seconds, Stopping threads took: 0.0000196 seconds
[2019-12-09T08:17:36.334+0000][1][safepoint    ] Application time: 1.0000807 seconds
[2019-12-09T08:17:36.334+0000][1][safepoint    ] Entering safepoint region: Cleanup
[2019-12-09T08:17:36.334+0000][1][safepoint    ] Leaving safepoint region
[2019-12-09T08:17:36.334+0000][1][safepoint    ] Total time for which application threads were stopped: 0.0001098 seconds, Stopping threads took: 0.0000225 seconds
[2019-12-09T08:17:37.334+0000][1][safepoint    ] Application time: 1.0000827 seconds
[2019-12-09T08:17:37.334+0000][1][safepoint    ] Entering safepoint region: Cleanup
[2019-12-09T08:17:37.334+0000][1][safepoint    ] Leaving safepoint region
[2019-12-09T08:17:37.334+0000][1][safepoint    ] Total time for which application threads were stopped: 0.0001282 seconds, Stopping threads took: 0.0000265 seconds
[2019-12-09T08:17:38.334+0000][1][safepoint    ] Application time: 1.0000767 seconds
[2019-12-09T08:17:38.334+0000][1][safepoint    ] Entering safepoint region: Cleanup
[2019-12-09T08:17:38.334+0000][1][safepoint    ] Leaving safepoint region
[2019-12-09T08:17:38.334+0000][1][safepoint    ] Total time for which application threads were stopped: 0.0000947 seconds, Stopping threads took: 0.0000201 seconds
[2019-12-09T08:17:39.334+0000][1][safepoint    ] Application time: 1.0000757 seconds
[2019-12-09T08:17:39.334+0000][1][safepoint    ] Entering safepoint region: Cleanup
[2019-12-09T08:17:39.334+0000][1][safepoint    ] Leaving safepoint region
[2019-12-09T08:17:39.334+0000][1][safepoint    ] Total time for which application threads were stopped: 0.0000921 seconds, Stopping threads took: 0.0000194 seconds
[2019-12-09T08:17:40.334+0000][1][safepoint    ] Application time: 1.0000740 seconds
[2019-12-09T08:17:40.335+0000][1][safepoint    ] Entering safepoint region: Cleanup
[2019-12-09T08:17:40.335+0000][1][safepoint    ] Leaving safepoint region
[2019-12-09T08:17:40.335+0000][1][safepoint    ] Total time for which application threads were stopped: 0.0000954 seconds, Stopping threads took: 0.0000202 seconds
[2019-12-09T08:17:41.335+0000][1][safepoint    ] Application time: 1.0000779 seconds
[2019-12-09T08:17:41.335+0000][1][safepoint    ] Entering safepoint region: Cleanup
[2019-12-09T08:17:41.335+0000][1][safepoint    ] Leaving safepoint region
[2019-12-09T08:17:41.335+0000][1][safepoint    ] Total time for which application threads were stopped: 0.0000947 seconds, Stopping threads took: 0.0000207 seconds
[2019-12-09T08:17:42.335+0000][1][safepoint    ] Application time: 1.0000759 seconds
[2019-12-09T08:17:42.335+0000][1][safepoint    ] Entering safepoint region: Cleanup
[2019-12-09T08:17:42.335+0000][1][safepoint    ] Leaving safepoint region
[2019-12-09T08:17:42.335+0000][1][safepoint    ] Total time for which application threads were stopped: 0.0000941 seconds, Stopping threads took: 0.0000196 seconds
[2019-12-09T08:17:43.335+0000][1][safepoint    ] Application time: 1.0000776 seconds
[2019-12-09T08:17:43.335+0000][1][safepoint    ] Entering safepoint region: Cleanup
[2019-12-09T08:17:43.335+0000][1][safepoint    ] Leaving safepoint region
[2019-12-09T08:17:43.335+0000][1][safepoint    ] Total time for which application threads were stopped: 0.0000917 seconds, Stopping threads took: 0.0000196 seconds
[2019-12-09T08:17:44.335+0000][1][safepoint    ] Application time: 1.0000762 seconds
[2019-12-09T08:17:44.335+0000][1][safepoint    ] Entering safepoint region: Cleanup
[2019-12-09T08:17:44.335+0000][1][safepoint    ] Leaving safepoint region
[2019-12-09T08:17:44.336+0000][1][safepoint    ] Total time for which application threads were stopped: 0.0001025 seconds, Stopping threads took: 0.0000298 seconds
[2019-12-09T08:17:45.336+0000][1][safepoint    ] Application time: 1.0000749 seconds
[2019-12-09T08:17:45.336+0000][1][safepoint    ] Entering safepoint region: Cleanup
[2019-12-09T08:17:45.336+0000][1][safepoint    ] Leaving safepoint region
[2019-12-09T08:17:45.336+0000][1][safepoint    ] Total time for which application threads were stopped: 0.0001024 seconds, Stopping threads took: 0.0000204 seconds
[2019-12-09T08:17:46.336+0000][1][safepoint    ] Application time: 1.0000771 seconds
[2019-12-09T08:17:46.336+0000][1][safepoint    ] Entering safepoint region: Cleanup
[2019-12-09T08:17:46.336+0000][1][safepoint    ] Leaving safepoint region
[2019-12-09T08:17:46.336+0000][1][safepoint    ] Total time for which application threads were stopped: 0.0000931 seconds, Stopping threads took: 0.0000209 seconds
[2019-12-09T08:17:47.336+0000][1][safepoint    ] Application time: 1.0000778 seconds
[2019-12-09T08:17:47.336+0000][1][safepoint    ] Entering safepoint region: Cleanup
[2019-12-09T08:17:47.336+0000][1][safepoint    ] Leaving safepoint region
[2019-12-09T08:17:47.336+0000][1][safepoint    ] Total time for which application threads were stopped: 0.0001009 seconds, Stopping threads took: 0.0000282 seconds
[2019-12-09T08:17:48.336+0000][1][safepoint    ] Application time: 1.0000747 seconds
[2019-12-09T08:17:48.336+0000][1][safepoint    ] Entering safepoint region: Cleanup
[2019-12-09T08:17:48.336+0000][1][safepoint    ] Leaving safepoint region
[2019-12-09T08:17:48.336+0000][1][safepoint    ] Total time for which application threads were stopped: 0.0000921 seconds, Stopping threads took: 0.0000195 seconds
[2019-12-09T08:17:49.336+0000][1][safepoint    ] Application time: 1.0000762 seconds
[2019-12-09T08:17:49.337+0000][1][safepoint    ] Entering safepoint region: Cleanup
[2019-12-09T08:17:49.337+0000][1][safepoint    ] Leaving safepoint region
[2019-12-09T08:17:49.337+0000][1][safepoint    ] Total time for which application threads were stopped: 0.0000930 seconds, Stopping threads took: 0.0000200 seconds
[2019-12-09T08:17:50.337+0000][1][safepoint    ] Application time: 1.0000747 seconds
[2019-12-09T08:17:50.337+0000][1][safepoint    ] Entering safepoint region: Cleanup
[2019-12-09T08:17:50.337+0000][1][safepoint    ] Leaving safepoint region
[2019-12-09T08:17:50.337+0000][1][safepoint    ] Total time for which application threads were stopped: 0.0000959 seconds, Stopping threads took: 0.0000216 seconds
[2019-12-09T08:17:51.337+0000][1][safepoint    ] Application time: 1.0000766 seconds
[2019-12-09T08:17:51.337+0000][1][safepoint    ] Entering safepoint region: Cleanup
[2019-12-09T08:17:51.337+0000][1][safepoint    ] Leaving safepoint region
[2019-12-09T08:17:51.337+0000][1][safepoint    ] Total time for which application threads were stopped: 0.0000942 seconds, Stopping threads took: 0.0000220 seconds
[2019-12-09T08:17:52.337+0000][1][safepoint    ] Application time: 1.0000762 seconds
[2019-12-09T08:17:52.337+0000][1][safepoint    ] Entering safepoint region: Cleanup
[2019-12-09T08:17:52.337+0000][1][safepoint    ] Leaving safepoint region
[2019-12-09T08:17:52.337+0000][1][safepoint    ] Total time for which application threads were stopped: 0.0000935 seconds, Stopping threads took: 0.0000200 seconds
[2019-12-09T08:17:53.337+0000][1][safepoint    ] Application time: 1.0000757 seconds
[2019-12-09T08:17:53.337+0000][1][safepoint    ] Entering safepoint region: Cleanup
[2019-12-09T08:17:53.337+0000][1][safepoint    ] Leaving safepoint region
[2019-12-09T08:17:53.337+0000][1][safepoint    ] Total time for which application threads were stopped: 0.0000919 seconds, Stopping threads took: 0.0000188 seconds
[2019-12-09T08:17:54.687+0000][1][safepoint    ] Application time: 1.3491881 seconds
[2019-12-09T08:17:54.687+0000][1][safepoint    ] Entering safepoint region: Cleanup
[2019-12-09T08:17:54.687+0000][1][safepoint    ] Leaving safepoint region
[2019-12-09T08:17:54.687+0000][1][safepoint    ] Total time for which application threads were stopped: 0.0001044 seconds, Stopping threads took: 0.0000228 seconds
[2019-12-09T08:17:55.687+0000][1][safepoint    ] Application time: 1.0000741 seconds
[2019-12-09T08:17:55.687+0000][1][safepoint    ] Entering safepoint region: Cleanup
[2019-12-09T08:17:55.687+0000][1][safepoint    ] Leaving safepoint region
[2019-12-09T08:17:55.687+0000][1][safepoint    ] Total time for which application threads were stopped: 0.0000969 seconds, Stopping threads took: 0.0000203 seconds
[2019-12-09T08:17:56.687+0000][1][safepoint    ] Application time: 1.0000752 seconds
[2019-12-09T08:17:56.687+0000][1][safepoint    ] Entering safepoint region: Cleanup
[2019-12-09T08:17:56.687+0000][1][safepoint    ] Leaving safepoint region
[2019-12-09T08:17:56.687+0000][1][safepoint    ] Total time for which application threads were stopped: 0.0000975 seconds, Stopping threads took: 0.0000253 seconds
[2019-12-09T08:17:57.687+0000][1][safepoint    ] Application time: 1.0000764 seconds
[2019-12-09T08:17:57.687+0000][1][safepoint    ] Entering safepoint region: Cleanup
[2019-12-09T08:17:57.687+0000][1][safepoint    ] Leaving safepoint region
[2019-12-09T08:17:57.687+0000][1][safepoint    ] Total time for which application threads were stopped: 0.0000979 seconds, Stopping threads took: 0.0000224 seconds
[2019-12-09T08:17:58.352+0000][1][safepoint    ] Application time: 0.6647030 seconds
[2019-12-09T08:17:58.352+0000][1][safepoint    ] Entering safepoint region: GenCollectForAllocation
[2019-12-09T08:17:58.352+0000][1][gc,start     ] GC(68) Pause Young (Allocation Failure)
[2019-12-09T08:17:58.352+0000][1][gc,task      ] GC(68) Using 2 workers of 2 for evacuation
[2019-12-09T08:17:58.354+0000][1][gc,age       ] GC(68) Desired survivor size 4456448 bytes, new threshold 6 (max threshold 6)
[2019-12-09T08:17:58.354+0000][1][gc,age       ] GC(68) Age table with threshold 6 (max threshold 6)
[2019-12-09T08:17:58.354+0000][1][gc,age       ] GC(68) - age   1:       7832 bytes,       7832 total
[2019-12-09T08:17:58.354+0000][1][gc,age       ] GC(68) - age   2:        240 bytes,       8072 total
[2019-12-09T08:17:58.354+0000][1][gc,age       ] GC(68) - age   3:        400 bytes,       8472 total
[2019-12-09T08:17:58.354+0000][1][gc,age       ] GC(68) - age   4:        488 bytes,       8960 total
[2019-12-09T08:17:58.354+0000][1][gc,heap      ] GC(68) ParNew: 69945K->13K(78656K)
[2019-12-09T08:17:58.354+0000][1][gc,heap      ] GC(68) CMS: 75191K->75191K(174784K)
[2019-12-09T08:17:58.354+0000][1][gc,metaspace ] GC(68) Metaspace: 79558K->79558K(1122304K)
[2019-12-09T08:17:58.354+0000][1][gc           ] GC(68) Pause Young (Allocation Failure) 141M->73M(247M) 1.680ms
[2019-12-09T08:17:58.354+0000][1][gc,cpu       ] GC(68) User=0.00s Sys=0.00s Real=0.00s
[2019-12-09T08:17:58.354+0000][1][safepoint    ] Leaving safepoint region
[2019-12-09T08:17:58.354+0000][1][safepoint    ] Total time for which application threads were stopped: 0.0018480 seconds, Stopping threads took: 0.0000195 seconds
[2019-12-09T08:17:59.354+0000][1][safepoint    ] Application time: 1.0000907 seconds
[2019-12-09T08:17:59.354+0000][1][safepoint    ] Entering safepoint region: Cleanup
[2019-12-09T08:17:59.354+0000][1][safepoint    ] Leaving safepoint region
[2019-12-09T08:17:59.354+0000][1][safepoint    ] Total time for which application threads were stopped: 0.0000974 seconds, Stopping threads took: 0.0000214 seconds
[2019-12-09T08:18:00.354+0000][1][safepoint    ] Application time: 1.0000829 seconds
[2019-12-09T08:18:00.354+0000][1][safepoint    ] Entering safepoint region: Cleanup
[2019-12-09T08:18:00.354+0000][1][safepoint    ] Leaving safepoint region
[2019-12-09T08:18:00.355+0000][1][safepoint    ] Total time for which application threads were stopped: 0.0000920 seconds, Stopping threads took: 0.0000189 seconds
[2019-12-09T08:18:01.355+0000][1][safepoint    ] Application time: 1.0000835 seconds
[2019-12-09T08:18:01.355+0000][1][safepoint    ] Entering safepoint region: Cleanup
[2019-12-09T08:18:01.355+0000][1][safepoint    ] Leaving safepoint region
[2019-12-09T08:18:01.355+0000][1][safepoint    ] Total time for which application threads were stopped: 0.0001209 seconds, Stopping threads took: 0.0000283 seconds
[2019-12-09T08:18:02.355+0000][1][safepoint    ] Application time: 1.0000797 seconds
[2019-12-09T08:18:02.355+0000][1][safepoint    ] Entering safepoint region: Cleanup
[2019-12-09T08:18:02.355+0000][1][safepoint    ] Leaving safepoint region
[2019-12-09T08:18:02.355+0000][1][safepoint    ] Total time for which application threads were stopped: 0.0001054 seconds, Stopping threads took: 0.0000287 seconds
[2019-12-09T08:18:03.355+0000][1][safepoint    ] Application time: 1.0000800 seconds
[2019-12-09T08:18:03.355+0000][1][safepoint    ] Entering safepoint region: Cleanup
[2019-12-09T08:18:03.355+0000][1][safepoint    ] Leaving safepoint region
[2019-12-09T08:18:03.355+0000][1][safepoint    ] Total time for which application threads were stopped: 0.0000949 seconds, Stopping threads took: 0.0000191 seconds
[2019-12-09T08:18:04.355+0000][1][safepoint    ] Application time: 1.0000791 seconds
[2019-12-09T08:18:04.355+0000][1][safepoint    ] Entering safepoint region: Cleanup
[2019-12-09T08:18:04.355+0000][1][safepoint    ] Leaving safepoint region
[2019-12-09T08:18:04.355+0000][1][safepoint    ] Total time for which application threads were stopped: 0.0000955 seconds, Stopping threads took: 0.0000189 seconds
[2019-12-09T08:18:05.356+0000][1][safepoint    ] Application time: 1.0000880 seconds
[2019-12-09T08:18:05.356+0000][1][safepoint    ] Entering safepoint region: Cleanup
[2019-12-09T08:18:05.356+0000][1][safepoint    ] Leaving safepoint region
[2019-12-09T08:18:05.356+0000][1][safepoint    ] Total time for which application threads were stopped: 0.0001467 seconds, Stopping threads took: 0.0000260 seconds
[2019-12-09T08:18:06.356+0000][1][safepoint    ] Application time: 1.0000866 seconds
[2019-12-09T08:18:06.356+0000][1][safepoint    ] Entering safepoint region: Cleanup
[2019-12-09T08:18:06.356+0000][1][safepoint    ] Leaving safepoint region
[2019-12-09T08:18:06.356+0000][1][safepoint    ] Total time for which application threads were stopped: 0.0001321 seconds, Stopping threads took: 0.0000283 seconds
[2019-12-09T08:18:07.356+0000][1][safepoint    ] Application time: 1.0000858 seconds
[2019-12-09T08:18:07.356+0000][1][safepoint    ] Entering safepoint region: Cleanup
[2019-12-09T08:18:07.356+0000][1][safepoint    ] Leaving safepoint region
[2019-12-09T08:18:07.356+0000][1][safepoint    ] Total time for which application threads were stopped: 0.0001155 seconds, Stopping threads took: 0.0000272 seconds
[2019-12-09T08:18:08.356+0000][1][safepoint    ] Application time: 1.0000850 seconds
[2019-12-09T08:18:08.356+0000][1][safepoint    ] Entering safepoint region: Cleanup
[2019-12-09T08:18:08.356+0000][1][safepoint    ] Leaving safepoint region
[2019-12-09T08:18:08.356+0000][1][safepoint    ] Total time for which application threads were stopped: 0.0000979 seconds, Stopping threads took: 0.0000219 seconds
[2019-12-09T08:18:09.357+0000][1][safepoint    ] Application time: 1.0000772 seconds
[2019-12-09T08:18:09.357+0000][1][safepoint    ] Entering safepoint region: Cleanup
[2019-12-09T08:18:09.357+0000][1][safepoint    ] Leaving safepoint region
[2019-12-09T08:18:09.357+0000][1][safepoint    ] Total time for which application threads were stopped: 0.0001120 seconds, Stopping threads took: 0.0000196 seconds
[2019-12-09T08:18:10.357+0000][1][safepoint    ] Application time: 1.0000849 seconds
[2019-12-09T08:18:10.357+0000][1][safepoint    ] Entering safepoint region: Cleanup
[2019-12-09T08:18:10.357+0000][1][safepoint    ] Leaving safepoint region
[2019-12-09T08:18:10.357+0000][1][safepoint    ] Total time for which application threads were stopped: 0.0001301 seconds, Stopping threads took: 0.0000269 seconds
[2019-12-09T08:18:11.357+0000][1][safepoint    ] Application time: 1.0000757 seconds
[2019-12-09T08:18:11.357+0000][1][safepoint    ] Entering safepoint region: Cleanup
[2019-12-09T08:18:11.357+0000][1][safepoint    ] Leaving safepoint region
[2019-12-09T08:18:11.357+0000][1][safepoint    ] Total time for which application threads were stopped: 0.0001023 seconds, Stopping threads took: 0.0000186 seconds
[2019-12-09T08:18:12.357+0000][1][safepoint    ] Application time: 1.0000768 seconds
[2019-12-09T08:18:12.357+0000][1][safepoint    ] Entering safepoint region: Cleanup
[2019-12-09T08:18:12.357+0000][1][safepoint    ] Leaving safepoint region
[2019-12-09T08:18:12.357+0000][1][safepoint    ] Total time for which application threads were stopped: 0.0001030 seconds, Stopping threads took: 0.0000286 seconds
[2019-12-09T08:18:13.358+0000][1][safepoint    ] Application time: 1.0000745 seconds
[2019-12-09T08:18:13.358+0000][1][safepoint    ] Entering safepoint region: Cleanup
[2019-12-09T08:18:13.358+0000][1][safepoint    ] Leaving safepoint region
[2019-12-09T08:18:13.358+0000][1][safepoint    ] Total time for which application threads were stopped: 0.0001119 seconds, Stopping threads took: 0.0000239 seconds
[2019-12-09T08:18:14.358+0000][1][safepoint    ] Application time: 1.0000745 seconds
[2019-12-09T08:18:14.358+0000][1][safepoint    ] Entering safepoint region: Cleanup
[2019-12-09T08:18:14.358+0000][1][safepoint    ] Leaving safepoint region
[2019-12-09T08:18:14.358+0000][1][safepoint    ] Total time for which application threads were stopped: 0.0000946 seconds, Stopping threads took: 0.0000195 seconds
[2019-12-09T08:18:15.358+0000][1][safepoint    ] Application time: 1.0000817 seconds
[2019-12-09T08:18:15.358+0000][1][safepoint    ] Entering safepoint region: Cleanup
[2019-12-09T08:18:15.358+0000][1][safepoint    ] Leaving safepoint region
[2019-12-09T08:18:15.358+0000][1][safepoint    ] Total time for which application threads were stopped: 0.0001301 seconds, Stopping threads took: 0.0000273 seconds
[2019-12-09T08:18:16.358+0000][1][safepoint    ] Application time: 1.0000776 seconds
[2019-12-09T08:18:16.358+0000][1][safepoint    ] Entering safepoint region: Cleanup
[2019-12-09T08:18:16.358+0000][1][safepoint    ] Leaving safepoint region
[2019-12-09T08:18:16.358+0000][1][safepoint    ] Total time for which application threads were stopped: 0.0000966 seconds, Stopping threads took: 0.0000223 seconds
[2019-12-09T08:18:17.358+0000][1][safepoint    ] Application time: 1.0000776 seconds
[2019-12-09T08:18:17.359+0000][1][safepoint    ] Entering safepoint region: Cleanup
[2019-12-09T08:18:17.359+0000][1][safepoint    ] Leaving safepoint region
[2019-12-09T08:18:17.359+0000][1][safepoint    ] Total time for which application threads were stopped: 0.0000902 seconds, Stopping threads took: 0.0000184 seconds
[2019-12-09T08:18:18.359+0000][1][safepoint    ] Application time: 1.0000766 seconds
[2019-12-09T08:18:18.359+0000][1][safepoint    ] Entering safepoint region: Cleanup
[2019-12-09T08:18:18.359+0000][1][safepoint    ] Leaving safepoint region
[2019-12-09T08:18:18.359+0000][1][safepoint    ] Total time for which application threads were stopped: 0.0000932 seconds, Stopping threads took: 0.0000185 seconds
[2019-12-09T08:18:19.359+0000][1][safepoint    ] Application time: 1.0000774 seconds
[2019-12-09T08:18:19.359+0000][1][safepoint    ] Entering safepoint region: Cleanup
[2019-12-09T08:18:19.359+0000][1][safepoint    ] Leaving safepoint region
[2019-12-09T08:18:19.359+0000][1][safepoint    ] Total time for which application threads were stopped: 0.0000902 seconds, Stopping threads took: 0.0000201 seconds
[2019-12-09T08:18:20.359+0000][1][safepoint    ] Application time: 1.0000851 seconds
[2019-12-09T08:18:20.359+0000][1][safepoint    ] Entering safepoint region: Cleanup
[2019-12-09T08:18:20.359+0000][1][safepoint    ] Leaving safepoint region
[2019-12-09T08:18:20.359+0000][1][safepoint    ] Total time for which application threads were stopped: 0.0001286 seconds, Stopping threads took: 0.0000270 seconds
[2019-12-09T08:18:21.921+0000][1][safepoint    ] Application time: 1.5612836 seconds
[2019-12-09T08:18:21.921+0000][1][safepoint    ] Entering safepoint region: Cleanup
[2019-12-09T08:18:21.921+0000][1][safepoint    ] Leaving safepoint region
[2019-12-09T08:18:21.921+0000][1][safepoint    ] Total time for which application threads were stopped: 0.0001367 seconds, Stopping threads took: 0.0000195 seconds
[2019-12-09T08:18:22.921+0000][1][safepoint    ] Application time: 1.0000802 seconds
[2019-12-09T08:18:22.921+0000][1][safepoint    ] Entering safepoint region: Cleanup
[2019-12-09T08:18:22.921+0000][1][safepoint    ] Leaving safepoint region
[2019-12-09T08:18:22.921+0000][1][safepoint    ] Total time for which application threads were stopped: 0.0000924 seconds, Stopping threads took: 0.0000194 seconds
[2019-12-09T08:18:23.921+0000][1][safepoint    ] Application time: 1.0000801 seconds
[2019-12-09T08:18:23.921+0000][1][safepoint    ] Entering safepoint region: Cleanup
[2019-12-09T08:18:23.921+0000][1][safepoint    ] Leaving safepoint region
[2019-12-09T08:18:23.921+0000][1][safepoint    ] Total time for which application threads were stopped: 0.0000935 seconds, Stopping threads took: 0.0000192 seconds
[2019-12-09T08:18:24.921+0000][1][safepoint    ] Application time: 1.0000761 seconds
[2019-12-09T08:18:24.921+0000][1][safepoint    ] Entering safepoint region: Cleanup
[2019-12-09T08:18:24.921+0000][1][safepoint    ] Leaving safepoint region
[2019-12-09T08:18:24.921+0000][1][safepoint    ] Total time for which application threads were stopped: 0.0000947 seconds, Stopping threads took: 0.0000194 seconds
[2019-12-09T08:18:25.922+0000][1][safepoint    ] Application time: 1.0000765 seconds
[2019-12-09T08:18:25.922+0000][1][safepoint    ] Entering safepoint region: Cleanup
[2019-12-09T08:18:25.922+0000][1][safepoint    ] Leaving safepoint region
[2019-12-09T08:18:25.922+0000][1][safepoint    ] Total time for which application threads were stopped: 0.0000951 seconds, Stopping threads took: 0.0000195 seconds
[2019-12-09T08:18:26.922+0000][1][safepoint    ] Application time: 1.0000762 seconds
[2019-12-09T08:18:26.922+0000][1][safepoint    ] Entering safepoint region: Cleanup
[2019-12-09T08:18:26.922+0000][1][safepoint    ] Leaving safepoint region
[2019-12-09T08:18:26.922+0000][1][safepoint    ] Total time for which application threads were stopped: 0.0000955 seconds, Stopping threads took: 0.0000197 seconds
[2019-12-09T08:18:27.922+0000][1][safepoint    ] Application time: 1.0000769 seconds
[2019-12-09T08:18:27.922+0000][1][safepoint    ] Entering safepoint region: Cleanup
[2019-12-09T08:18:27.922+0000][1][safepoint    ] Leaving safepoint region
[2019-12-09T08:18:27.922+0000][1][safepoint    ] Total time for which application threads were stopped: 0.0000967 seconds, Stopping threads took: 0.0000205 seconds
[2019-12-09T08:18:28.922+0000][1][safepoint    ] Application time: 1.0000778 seconds
[2019-12-09T08:18:28.922+0000][1][safepoint    ] Entering safepoint region: Cleanup
[2019-12-09T08:18:28.922+0000][1][safepoint    ] Leaving safepoint region
[2019-12-09T08:18:28.922+0000][1][safepoint    ] Total time for which application threads were stopped: 0.0000933 seconds, Stopping threads took: 0.0000194 seconds
[2019-12-09T08:18:29.922+0000][1][safepoint    ] Application time: 1.0000768 seconds
[2019-12-09T08:18:29.922+0000][1][safepoint    ] Entering safepoint region: Cleanup
[2019-12-09T08:18:29.923+0000][1][safepoint    ] Leaving safepoint region
[2019-12-09T08:18:29.923+0000][1][safepoint    ] Total time for which application threads were stopped: 0.0000940 seconds, Stopping threads took: 0.0000198 seconds
[2019-12-09T08:18:30.923+0000][1][safepoint    ] Application time: 1.0000746 seconds
[2019-12-09T08:18:30.923+0000][1][safepoint    ] Entering safepoint region: Cleanup
[2019-12-09T08:18:30.923+0000][1][safepoint    ] Leaving safepoint region
[2019-12-09T08:18:30.923+0000][1][safepoint    ] Total time for which application threads were stopped: 0.0001202 seconds, Stopping threads took: 0.0000411 seconds
[2019-12-09T08:18:31.923+0000][1][safepoint    ] Application time: 1.0000774 seconds
[2019-12-09T08:18:31.923+0000][1][safepoint    ] Entering safepoint region: Cleanup
[2019-12-09T08:18:31.923+0000][1][safepoint    ] Leaving safepoint region
[2019-12-09T08:18:31.923+0000][1][safepoint    ] Total time for which application threads were stopped: 0.0001043 seconds, Stopping threads took: 0.0000201 seconds
[2019-12-09T08:18:32.923+0000][1][safepoint    ] Application time: 1.0000781 seconds
[2019-12-09T08:18:32.923+0000][1][safepoint    ] Entering safepoint region: Cleanup
[2019-12-09T08:18:32.923+0000][1][safepoint    ] Leaving safepoint region
[2019-12-09T08:18:32.923+0000][1][safepoint    ] Total time for which application threads were stopped: 0.0000935 seconds, Stopping threads took: 0.0000200 seconds
[2019-12-09T08:18:33.923+0000][1][safepoint    ] Application time: 1.0000789 seconds
[2019-12-09T08:18:33.923+0000][1][safepoint    ] Entering safepoint region: Cleanup
[2019-12-09T08:18:33.923+0000][1][safepoint    ] Leaving safepoint region
[2019-12-09T08:18:33.923+0000][1][safepoint    ] Total time for which application threads were stopped: 0.0000919 seconds, Stopping threads took: 0.0000195 seconds
[2019-12-09T08:18:34.924+0000][1][safepoint    ] Application time: 1.0000772 seconds
[2019-12-09T08:18:34.924+0000][1][safepoint    ] Entering safepoint region: Cleanup
[2019-12-09T08:18:34.924+0000][1][safepoint    ] Leaving safepoint region
[2019-12-09T08:18:34.924+0000][1][safepoint    ] Total time for which application threads were stopped: 0.0000925 seconds, Stopping threads took: 0.0000190 seconds
[2019-12-09T08:18:35.924+0000][1][safepoint    ] Application time: 1.0000749 seconds
[2019-12-09T08:18:35.924+0000][1][safepoint    ] Entering safepoint region: Cleanup
[2019-12-09T08:18:35.924+0000][1][safepoint    ] Leaving safepoint region
[2019-12-09T08:18:35.924+0000][1][safepoint    ] Total time for which application threads were stopped: 0.0000923 seconds, Stopping threads took: 0.0000191 seconds
[2019-12-09T08:18:36.924+0000][1][safepoint    ] Application time: 1.0000765 seconds
[2019-12-09T08:18:36.924+0000][1][safepoint    ] Entering safepoint region: Cleanup
[2019-12-09T08:18:36.924+0000][1][safepoint    ] Leaving safepoint region
[2019-12-09T08:18:36.924+0000][1][safepoint    ] Total time for which application threads were stopped: 0.0000963 seconds, Stopping threads took: 0.0000200 seconds
[2019-12-09T08:18:37.924+0000][1][safepoint    ] Application time: 1.0000765 seconds
[2019-12-09T08:18:37.924+0000][1][safepoint    ] Entering safepoint region: Cleanup
[2019-12-09T08:18:37.924+0000][1][safepoint    ] Leaving safepoint region
[2019-12-09T08:18:37.924+0000][1][safepoint    ] Total time for which application threads were stopped: 0.0000949 seconds, Stopping threads took: 0.0000193 seconds
[2019-12-09T08:18:38.924+0000][1][safepoint    ] Application time: 1.0000758 seconds
[2019-12-09T08:18:38.924+0000][1][safepoint    ] Entering safepoint region: Cleanup
[2019-12-09T08:18:38.925+0000][1][safepoint    ] Leaving safepoint region
[2019-12-09T08:18:38.925+0000][1][safepoint    ] Total time for which application threads were stopped: 0.0000938 seconds, Stopping threads took: 0.0000186 seconds
[2019-12-09T08:18:39.925+0000][1][safepoint    ] Application time: 1.0000749 seconds
[2019-12-09T08:18:39.925+0000][1][safepoint    ] Entering safepoint region: Cleanup
[2019-12-09T08:18:39.925+0000][1][safepoint    ] Leaving safepoint region
[2019-12-09T08:18:39.925+0000][1][safepoint    ] Total time for which application threads were stopped: 0.0001080 seconds, Stopping threads took: 0.0000195 seconds
[2019-12-09T08:18:40.925+0000][1][safepoint    ] Application time: 1.0000757 seconds
[2019-12-09T08:18:40.925+0000][1][safepoint    ] Entering safepoint region: Cleanup
[2019-12-09T08:18:40.925+0000][1][safepoint    ] Leaving safepoint region
[2019-12-09T08:18:40.925+0000][1][safepoint    ] Total time for which application threads were stopped: 0.0000935 seconds, Stopping threads took: 0.0000186 seconds
[2019-12-09T08:18:41.925+0000][1][safepoint    ] Application time: 1.0000825 seconds
[2019-12-09T08:18:41.925+0000][1][safepoint    ] Entering safepoint region: Cleanup
[2019-12-09T08:18:41.925+0000][1][safepoint    ] Leaving safepoint region
[2019-12-09T08:18:41.925+0000][1][safepoint    ] Total time for which application threads were stopped: 0.0001028 seconds, Stopping threads took: 0.0000273 seconds
[2019-12-09T08:18:42.925+0000][1][safepoint    ] Application time: 1.0000755 seconds
[2019-12-09T08:18:42.925+0000][1][safepoint    ] Entering safepoint region: Cleanup
[2019-12-09T08:18:42.925+0000][1][safepoint    ] Leaving safepoint region
[2019-12-09T08:18:42.925+0000][1][safepoint    ] Total time for which application threads were stopped: 0.0000926 seconds, Stopping threads took: 0.0000195 seconds
[2019-12-09T08:18:43.925+0000][1][safepoint    ] Application time: 1.0000757 seconds
[2019-12-09T08:18:43.926+0000][1][safepoint    ] Entering safepoint region: Cleanup
[2019-12-09T08:18:43.926+0000][1][safepoint    ] Leaving safepoint region
[2019-12-09T08:18:43.926+0000][1][safepoint    ] Total time for which application threads were stopped: 0.0000910 seconds, Stopping threads took: 0.0000178 seconds
[2019-12-09T08:18:44.926+0000][1][safepoint    ] Application time: 1.0000726 seconds
[2019-12-09T08:18:44.926+0000][1][safepoint    ] Entering safepoint region: Cleanup
[2019-12-09T08:18:44.926+0000][1][safepoint    ] Leaving safepoint region
[2019-12-09T08:18:44.926+0000][1][safepoint    ] Total time for which application threads were stopped: 0.0000934 seconds, Stopping threads took: 0.0000202 seconds
[2019-12-09T08:18:45.926+0000][1][safepoint    ] Application time: 1.0000758 seconds
[2019-12-09T08:18:45.926+0000][1][safepoint    ] Entering safepoint region: Cleanup
[2019-12-09T08:18:45.926+0000][1][safepoint    ] Leaving safepoint region
[2019-12-09T08:18:45.926+0000][1][safepoint    ] Total time for which application threads were stopped: 0.0000913 seconds, Stopping threads took: 0.0000192 seconds
[2019-12-09T08:18:46.926+0000][1][safepoint    ] Application time: 1.0000768 seconds
[2019-12-09T08:18:46.926+0000][1][safepoint    ] Entering safepoint region: Cleanup
[2019-12-09T08:18:46.926+0000][1][safepoint    ] Leaving safepoint region
[2019-12-09T08:18:46.926+0000][1][safepoint    ] Total time for which application threads were stopped: 0.0000940 seconds, Stopping threads took: 0.0000192 seconds
[2019-12-09T08:18:47.926+0000][1][safepoint    ] Application time: 1.0000746 seconds
[2019-12-09T08:18:47.926+0000][1][safepoint    ] Entering safepoint region: Cleanup
[2019-12-09T08:18:47.926+0000][1][safepoint    ] Leaving safepoint region
[2019-12-09T08:18:47.926+0000][1][safepoint    ] Total time for which application threads were stopped: 0.0000911 seconds, Stopping threads took: 0.0000185 seconds
[2019-12-09T08:18:48.927+0000][1][safepoint    ] Application time: 1.0000747 seconds
[2019-12-09T08:18:48.927+0000][1][safepoint    ] Entering safepoint region: Cleanup
[2019-12-09T08:18:48.927+0000][1][safepoint    ] Leaving safepoint region
[2019-12-09T08:18:48.927+0000][1][safepoint    ] Total time for which application threads were stopped: 0.0001041 seconds, Stopping threads took: 0.0000186 seconds
[2019-12-09T08:18:49.927+0000][1][safepoint    ] Application time: 1.0000756 seconds
[2019-12-09T08:18:49.927+0000][1][safepoint    ] Entering safepoint region: Cleanup
[2019-12-09T08:18:49.927+0000][1][safepoint    ] Leaving safepoint region
[2019-12-09T08:18:49.927+0000][1][safepoint    ] Total time for which application threads were stopped: 0.0000925 seconds, Stopping threads took: 0.0000197 seconds
[2019-12-09T08:18:51.922+0000][1][safepoint    ] Application time: 1.9955395 seconds
[2019-12-09T08:18:51.923+0000][1][safepoint    ] Entering safepoint region: Cleanup
[2019-12-09T08:18:51.923+0000][1][safepoint    ] Leaving safepoint region
[2019-12-09T08:18:51.923+0000][1][safepoint    ] Total time for which application threads were stopped: 0.0001024 seconds, Stopping threads took: 0.0000259 seconds
[2019-12-09T08:18:52.923+0000][1][safepoint    ] Application time: 1.0000843 seconds
[2019-12-09T08:18:52.923+0000][1][safepoint    ] Entering safepoint region: Cleanup
[2019-12-09T08:18:52.923+0000][1][safepoint    ] Leaving safepoint region
[2019-12-09T08:18:52.923+0000][1][safepoint    ] Total time for which application threads were stopped: 0.0000974 seconds, Stopping threads took: 0.0000206 seconds
[2019-12-09T08:18:53.923+0000][1][safepoint    ] Application time: 1.0000762 seconds
[2019-12-09T08:18:53.923+0000][1][safepoint    ] Entering safepoint region: Cleanup
[2019-12-09T08:18:53.923+0000][1][safepoint    ] Leaving safepoint region
[2019-12-09T08:18:53.923+0000][1][safepoint    ] Total time for which application threads were stopped: 0.0000969 seconds, Stopping threads took: 0.0000203 seconds
[2019-12-09T08:18:54.923+0000][1][safepoint    ] Application time: 1.0000775 seconds
[2019-12-09T08:18:54.923+0000][1][safepoint    ] Entering safepoint region: Cleanup
[2019-12-09T08:18:54.923+0000][1][safepoint    ] Leaving safepoint region
[2019-12-09T08:18:54.923+0000][1][safepoint    ] Total time for which application threads were stopped: 0.0000935 seconds, Stopping threads took: 0.0000209 seconds
[2019-12-09T08:18:55.923+0000][1][safepoint    ] Application time: 1.0000758 seconds
[2019-12-09T08:18:55.923+0000][1][safepoint    ] Entering safepoint region: Cleanup
[2019-12-09T08:18:55.923+0000][1][safepoint    ] Leaving safepoint region
[2019-12-09T08:18:55.923+0000][1][safepoint    ] Total time for which application threads were stopped: 0.0000910 seconds, Stopping threads took: 0.0000183 seconds
[2019-12-09T08:18:56.924+0000][1][safepoint    ] Application time: 1.0000742 seconds
[2019-12-09T08:18:56.924+0000][1][safepoint    ] Entering safepoint region: Cleanup
[2019-12-09T08:18:56.924+0000][1][safepoint    ] Leaving safepoint region
[2019-12-09T08:18:56.924+0000][1][safepoint    ] Total time for which application threads were stopped: 0.0001027 seconds, Stopping threads took: 0.0000183 seconds
[2019-12-09T08:18:57.924+0000][1][safepoint    ] Application time: 1.0000774 seconds
[2019-12-09T08:18:57.924+0000][1][safepoint    ] Entering safepoint region: Cleanup
[2019-12-09T08:18:57.924+0000][1][safepoint    ] Leaving safepoint region
[2019-12-09T08:18:57.924+0000][1][safepoint    ] Total time for which application threads were stopped: 0.0000935 seconds, Stopping threads took: 0.0000186 seconds
[2019-12-09T08:18:58.924+0000][1][safepoint    ] Application time: 1.0000727 seconds
[2019-12-09T08:18:58.924+0000][1][safepoint    ] Entering safepoint region: Cleanup
[2019-12-09T08:18:58.924+0000][1][safepoint    ] Leaving safepoint region
[2019-12-09T08:18:58.924+0000][1][safepoint    ] Total time for which application threads were stopped: 0.0001143 seconds, Stopping threads took: 0.0000207 seconds
[2019-12-09T08:18:59.924+0000][1][safepoint    ] Application time: 1.0000731 seconds
[2019-12-09T08:18:59.924+0000][1][safepoint    ] Entering safepoint region: Cleanup
[2019-12-09T08:18:59.924+0000][1][safepoint    ] Leaving safepoint region
[2019-12-09T08:18:59.924+0000][1][safepoint    ] Total time for which application threads were stopped: 0.0000948 seconds, Stopping threads took: 0.0000185 seconds
[2019-12-09T08:19:00.924+0000][1][safepoint    ] Application time: 1.0000742 seconds
[2019-12-09T08:19:00.925+0000][1][safepoint    ] Entering safepoint region: Cleanup
[2019-12-09T08:19:00.925+0000][1][safepoint    ] Leaving safepoint region
[2019-12-09T08:19:00.925+0000][1][safepoint    ] Total time for which application threads were stopped: 0.0000933 seconds, Stopping threads took: 0.0000199 seconds
[2019-12-09T08:19:01.925+0000][1][safepoint    ] Application time: 1.0000739 seconds
[2019-12-09T08:19:01.925+0000][1][safepoint    ] Entering safepoint region: Cleanup
[2019-12-09T08:19:01.925+0000][1][safepoint    ] Leaving safepoint region
[2019-12-09T08:19:01.925+0000][1][safepoint    ] Total time for which application threads were stopped: 0.0000937 seconds, Stopping threads took: 0.0000200 seconds
[2019-12-09T08:19:02.925+0000][1][safepoint    ] Application time: 1.0000736 seconds
[2019-12-09T08:19:02.925+0000][1][safepoint    ] Entering safepoint region: Cleanup
[2019-12-09T08:19:02.925+0000][1][safepoint    ] Leaving safepoint region
[2019-12-09T08:19:02.925+0000][1][safepoint    ] Total time for which application threads were stopped: 0.0000929 seconds, Stopping threads took: 0.0000195 seconds
[2019-12-09T08:19:03.925+0000][1][safepoint    ] Application time: 1.0000785 seconds
[2019-12-09T08:19:03.925+0000][1][safepoint    ] Entering safepoint region: Cleanup
[2019-12-09T08:19:03.925+0000][1][safepoint    ] Leaving safepoint region
[2019-12-09T08:19:03.925+0000][1][safepoint    ] Total time for which application threads were stopped: 0.0000965 seconds, Stopping threads took: 0.0000203 seconds
[2019-12-09T08:19:04.925+0000][1][safepoint    ] Application time: 1.0000775 seconds
[2019-12-09T08:19:04.925+0000][1][safepoint    ] Entering safepoint region: Cleanup
[2019-12-09T08:19:04.925+0000][1][safepoint    ] Leaving safepoint region
[2019-12-09T08:19:04.925+0000][1][safepoint    ] Total time for which application threads were stopped: 0.0000935 seconds, Stopping threads took: 0.0000191 seconds
[2019-12-09T08:19:05.926+0000][1][safepoint    ] Application time: 1.0000738 seconds
[2019-12-09T08:19:05.926+0000][1][safepoint    ] Entering safepoint region: Cleanup
[2019-12-09T08:19:05.926+0000][1][safepoint    ] Leaving safepoint region
[2019-12-09T08:19:05.926+0000][1][safepoint    ] Total time for which application threads were stopped: 0.0001096 seconds, Stopping threads took: 0.0000187 seconds
[2019-12-09T08:19:06.926+0000][1][safepoint    ] Application time: 1.0000768 seconds
[2019-12-09T08:19:06.926+0000][1][safepoint    ] Entering safepoint region: Cleanup
[2019-12-09T08:19:06.926+0000][1][safepoint    ] Leaving safepoint region
[2019-12-09T08:19:06.926+0000][1][safepoint    ] Total time for which application threads were stopped: 0.0000930 seconds, Stopping threads took: 0.0000196 seconds
[2019-12-09T08:19:08.425+0000][1][safepoint    ] Application time: 1.4990946 seconds
[2019-12-09T08:19:08.425+0000][1][safepoint    ] Entering safepoint region: Cleanup
[2019-12-09T08:19:08.425+0000][1][safepoint    ] Leaving safepoint region
[2019-12-09T08:19:08.425+0000][1][safepoint    ] Total time for which application threads were stopped: 0.0000899 seconds, Stopping threads took: 0.0000184 seconds
[2019-12-09T08:19:09.425+0000][1][safepoint    ] Application time: 1.0000741 seconds
[2019-12-09T08:19:09.425+0000][1][safepoint    ] Entering safepoint region: Cleanup
[2019-12-09T08:19:09.425+0000][1][safepoint    ] Leaving safepoint region
[2019-12-09T08:19:09.425+0000][1][safepoint    ] Total time for which application threads were stopped: 0.0000879 seconds, Stopping threads took: 0.0000180 seconds
[2019-12-09T08:19:10.425+0000][1][safepoint    ] Application time: 1.0000815 seconds
[2019-12-09T08:19:10.425+0000][1][safepoint    ] Entering safepoint region: Cleanup
[2019-12-09T08:19:10.426+0000][1][safepoint    ] Leaving safepoint region
[2019-12-09T08:19:10.426+0000][1][safepoint    ] Total time for which application threads were stopped: 0.0001314 seconds, Stopping threads took: 0.0000267 seconds
[2019-12-09T08:19:11.426+0000][1][safepoint    ] Application time: 1.0000819 seconds
[2019-12-09T08:19:11.426+0000][1][safepoint    ] Entering safepoint region: Cleanup
[2019-12-09T08:19:11.426+0000][1][safepoint    ] Leaving safepoint region
[2019-12-09T08:19:11.426+0000][1][safepoint    ] Total time for which application threads were stopped: 0.0000919 seconds, Stopping threads took: 0.0000213 seconds
[2019-12-09T08:19:12.426+0000][1][safepoint    ] Application time: 1.0000755 seconds
[2019-12-09T08:19:12.426+0000][1][safepoint    ] Entering safepoint region: Cleanup
[2019-12-09T08:19:12.426+0000][1][safepoint    ] Leaving safepoint region
[2019-12-09T08:19:12.426+0000][1][safepoint    ] Total time for which application threads were stopped: 0.0000905 seconds, Stopping threads took: 0.0000183 seconds
[2019-12-09T08:19:13.426+0000][1][safepoint    ] Application time: 1.0000772 seconds
[2019-12-09T08:19:13.426+0000][1][safepoint    ] Entering safepoint region: Cleanup
[2019-12-09T08:19:13.426+0000][1][safepoint    ] Leaving safepoint region
[2019-12-09T08:19:13.426+0000][1][safepoint    ] Total time for which application threads were stopped: 0.0000914 seconds, Stopping threads took: 0.0000197 seconds
[2019-12-09T08:19:14.426+0000][1][safepoint    ] Application time: 1.0000770 seconds
[2019-12-09T08:19:14.426+0000][1][safepoint    ] Entering safepoint region: Cleanup
[2019-12-09T08:19:14.426+0000][1][safepoint    ] Leaving safepoint region
[2019-12-09T08:19:14.426+0000][1][safepoint    ] Total time for which application threads were stopped: 0.0000984 seconds, Stopping threads took: 0.0000195 seconds
[2019-12-09T08:19:15.427+0000][1][safepoint    ] Application time: 1.0000735 seconds
[2019-12-09T08:19:15.427+0000][1][safepoint    ] Entering safepoint region: Cleanup
[2019-12-09T08:19:15.427+0000][1][safepoint    ] Leaving safepoint region
[2019-12-09T08:19:15.427+0000][1][safepoint    ] Total time for which application threads were stopped: 0.0001128 seconds, Stopping threads took: 0.0000231 seconds
[2019-12-09T08:19:16.427+0000][1][safepoint    ] Application time: 1.0000757 seconds
[2019-12-09T08:19:16.427+0000][1][safepoint    ] Entering safepoint region: Cleanup
[2019-12-09T08:19:16.427+0000][1][safepoint    ] Leaving safepoint region
[2019-12-09T08:19:16.427+0000][1][safepoint    ] Total time for which application threads were stopped: 0.0000940 seconds, Stopping threads took: 0.0000206 seconds
[2019-12-09T08:19:17.427+0000][1][safepoint    ] Application time: 1.0000760 seconds
[2019-12-09T08:19:17.427+0000][1][safepoint    ] Entering safepoint region: Cleanup
[2019-12-09T08:19:17.427+0000][1][safepoint    ] Leaving safepoint region
[2019-12-09T08:19:17.427+0000][1][safepoint    ] Total time for which application threads were stopped: 0.0000982 seconds, Stopping threads took: 0.0000180 seconds
[2019-12-09T08:19:18.427+0000][1][safepoint    ] Application time: 1.0000749 seconds
[2019-12-09T08:19:18.427+0000][1][safepoint    ] Entering safepoint region: Cleanup
[2019-12-09T08:19:18.427+0000][1][safepoint    ] Leaving safepoint region
[2019-12-09T08:19:18.427+0000][1][safepoint    ] Total time for which application threads were stopped: 0.0000950 seconds, Stopping threads took: 0.0000198 seconds
[2019-12-09T08:19:19.427+0000][1][safepoint    ] Application time: 1.0000819 seconds
[2019-12-09T08:19:19.427+0000][1][safepoint    ] Entering safepoint region: Cleanup
[2019-12-09T08:19:19.428+0000][1][safepoint    ] Leaving safepoint region
[2019-12-09T08:19:19.428+0000][1][safepoint    ] Total time for which application threads were stopped: 0.0000947 seconds, Stopping threads took: 0.0000199 seconds
[2019-12-09T08:19:20.428+0000][1][safepoint    ] Application time: 1.0000748 seconds
[2019-12-09T08:19:20.428+0000][1][safepoint    ] Entering safepoint region: Cleanup
[2019-12-09T08:19:20.428+0000][1][safepoint    ] Leaving safepoint region
[2019-12-09T08:19:20.428+0000][1][safepoint    ] Total time for which application threads were stopped: 0.0000954 seconds, Stopping threads took: 0.0000226 seconds
[2019-12-09T08:19:21.428+0000][1][safepoint    ] Application time: 1.0000766 seconds
[2019-12-09T08:19:21.428+0000][1][safepoint    ] Entering safepoint region: Cleanup
[2019-12-09T08:19:21.428+0000][1][safepoint    ] Leaving safepoint region
[2019-12-09T08:19:21.428+0000][1][safepoint    ] Total time for which application threads were stopped: 0.0000934 seconds, Stopping threads took: 0.0000198 seconds
[2019-12-09T08:19:22.428+0000][1][safepoint    ] Application time: 1.0000761 seconds
[2019-12-09T08:19:22.428+0000][1][safepoint    ] Entering safepoint region: Cleanup
[2019-12-09T08:19:22.428+0000][1][safepoint    ] Leaving safepoint region
[2019-12-09T08:19:22.428+0000][1][safepoint    ] Total time for which application threads were stopped: 0.0001029 seconds, Stopping threads took: 0.0000286 seconds
[2019-12-09T08:19:23.428+0000][1][safepoint    ] Application time: 1.0000742 seconds
[2019-12-09T08:19:23.428+0000][1][safepoint    ] Entering safepoint region: Cleanup
[2019-12-09T08:19:23.428+0000][1][safepoint    ] Leaving safepoint region
[2019-12-09T08:19:23.428+0000][1][safepoint    ] Total time for which application threads were stopped: 0.0001115 seconds, Stopping threads took: 0.0000198 seconds
[2019-12-09T08:19:24.429+0000][1][safepoint    ] Application time: 1.0000768 seconds
[2019-12-09T08:19:24.429+0000][1][safepoint    ] Entering safepoint region: Cleanup
[2019-12-09T08:19:24.429+0000][1][safepoint    ] Leaving safepoint region
[2019-12-09T08:19:24.429+0000][1][safepoint    ] Total time for which application threads were stopped: 0.0001033 seconds, Stopping threads took: 0.0000193 seconds
[2019-12-09T08:19:25.429+0000][1][safepoint    ] Application time: 1.0000744 seconds
[2019-12-09T08:19:25.429+0000][1][safepoint    ] Entering safepoint region: Cleanup
[2019-12-09T08:19:25.429+0000][1][safepoint    ] Leaving safepoint region
[2019-12-09T08:19:25.429+0000][1][safepoint    ] Total time for which application threads were stopped: 0.0000920 seconds, Stopping threads took: 0.0000196 seconds
[2019-12-09T08:19:26.429+0000][1][safepoint    ] Application time: 1.0000770 seconds
[2019-12-09T08:19:26.429+0000][1][safepoint    ] Entering safepoint region: Cleanup
[2019-12-09T08:19:26.429+0000][1][safepoint    ] Leaving safepoint region
[2019-12-09T08:19:26.429+0000][1][safepoint    ] Total time for which application threads were stopped: 0.0000937 seconds, Stopping threads took: 0.0000203 seconds
[2019-12-09T08:19:27.429+0000][1][safepoint    ] Application time: 1.0000764 seconds
[2019-12-09T08:19:27.429+0000][1][safepoint    ] Entering safepoint region: Cleanup
[2019-12-09T08:19:27.429+0000][1][safepoint    ] Leaving safepoint region
[2019-12-09T08:19:27.429+0000][1][safepoint    ] Total time for which application threads were stopped: 0.0000916 seconds, Stopping threads took: 0.0000186 seconds
[2019-12-09T08:19:28.429+0000][1][safepoint    ] Application time: 1.0000745 seconds
[2019-12-09T08:19:28.429+0000][1][safepoint    ] Entering safepoint region: Cleanup
[2019-12-09T08:19:28.430+0000][1][safepoint    ] Leaving safepoint region
[2019-12-09T08:19:28.430+0000][1][safepoint    ] Total time for which application threads were stopped: 0.0000918 seconds, Stopping threads took: 0.0000182 seconds
[2019-12-09T08:19:29.430+0000][1][safepoint    ] Application time: 1.0000745 seconds
[2019-12-09T08:19:29.430+0000][1][safepoint    ] Entering safepoint region: Cleanup
[2019-12-09T08:19:29.430+0000][1][safepoint    ] Leaving safepoint region
[2019-12-09T08:19:29.430+0000][1][safepoint    ] Total time for which application threads were stopped: 0.0001009 seconds, Stopping threads took: 0.0000268 seconds
[2019-12-09T08:19:30.430+0000][1][safepoint    ] Application time: 1.0000744 seconds
[2019-12-09T08:19:30.430+0000][1][safepoint    ] Entering safepoint region: Cleanup
[2019-12-09T08:19:30.430+0000][1][safepoint    ] Leaving safepoint region
[2019-12-09T08:19:30.430+0000][1][safepoint    ] Total time for which application threads were stopped: 0.0001071 seconds, Stopping threads took: 0.0000182 seconds
[2019-12-09T08:19:32.304+0000][1][safepoint    ] Application time: 1.8744089 seconds
[2019-12-09T08:19:32.304+0000][1][safepoint    ] Entering safepoint region: Cleanup
[2019-12-09T08:19:32.305+0000][1][safepoint    ] Leaving safepoint region
[2019-12-09T08:19:32.305+0000][1][safepoint    ] Total time for which application threads were stopped: 0.0000953 seconds, Stopping threads took: 0.0000182 seconds
[2019-12-09T08:19:33.305+0000][1][safepoint    ] Application time: 1.0000792 seconds
[2019-12-09T08:19:33.305+0000][1][safepoint    ] Entering safepoint region: Cleanup
[2019-12-09T08:19:33.305+0000][1][safepoint    ] Leaving safepoint region
[2019-12-09T08:19:33.305+0000][1][safepoint    ] Total time for which application threads were stopped: 0.0001065 seconds, Stopping threads took: 0.0000319 seconds
[2019-12-09T08:19:34.305+0000][1][safepoint    ] Application time: 1.0000799 seconds
[2019-12-09T08:19:34.305+0000][1][safepoint    ] Entering safepoint region: Cleanup
[2019-12-09T08:19:34.305+0000][1][safepoint    ] Leaving safepoint region
[2019-12-09T08:19:34.305+0000][1][safepoint    ] Total time for which application threads were stopped: 0.0000942 seconds, Stopping threads took: 0.0000199 seconds
[2019-12-09T08:19:35.305+0000][1][safepoint    ] Application time: 1.0000935 seconds
[2019-12-09T08:19:35.305+0000][1][safepoint    ] Entering safepoint region: Cleanup
[2019-12-09T08:19:35.305+0000][1][safepoint    ] Leaving safepoint region
[2019-12-09T08:19:35.305+0000][1][safepoint    ] Total time for which application threads were stopped: 0.0000953 seconds, Stopping threads took: 0.0000209 seconds
[2019-12-09T08:19:36.305+0000][1][safepoint    ] Application time: 1.0000843 seconds
[2019-12-09T08:19:36.305+0000][1][safepoint    ] Entering safepoint region: Cleanup
[2019-12-09T08:19:36.306+0000][1][safepoint    ] Leaving safepoint region
[2019-12-09T08:19:36.306+0000][1][safepoint    ] Total time for which application threads were stopped: 0.0001364 seconds, Stopping threads took: 0.0000515 seconds
[2019-12-09T08:19:37.306+0000][1][safepoint    ] Application time: 1.0000912 seconds
[2019-12-09T08:19:37.306+0000][1][safepoint    ] Entering safepoint region: Cleanup
[2019-12-09T08:19:37.306+0000][1][safepoint    ] Leaving safepoint region
[2019-12-09T08:19:37.306+0000][1][safepoint    ] Total time for which application threads were stopped: 0.0001429 seconds, Stopping threads took: 0.0000183 seconds
[2019-12-09T08:19:38.306+0000][1][safepoint    ] Application time: 1.0000805 seconds
[2019-12-09T08:19:38.306+0000][1][safepoint    ] Entering safepoint region: Cleanup
[2019-12-09T08:19:38.306+0000][1][safepoint    ] Leaving safepoint region
[2019-12-09T08:19:38.306+0000][1][safepoint    ] Total time for which application threads were stopped: 0.0001120 seconds, Stopping threads took: 0.0000235 seconds
[2019-12-09T08:19:39.306+0000][1][safepoint    ] Application time: 1.0000769 seconds
[2019-12-09T08:19:39.306+0000][1][safepoint    ] Entering safepoint region: Cleanup
[2019-12-09T08:19:39.306+0000][1][safepoint    ] Leaving safepoint region
[2019-12-09T08:19:39.306+0000][1][safepoint    ] Total time for which application threads were stopped: 0.0001160 seconds, Stopping threads took: 0.0000200 seconds
[2019-12-09T08:19:40.306+0000][1][safepoint    ] Application time: 1.0000764 seconds
[2019-12-09T08:19:40.306+0000][1][safepoint    ] Entering safepoint region: Cleanup
[2019-12-09T08:19:40.306+0000][1][safepoint    ] Leaving safepoint region
[2019-12-09T08:19:40.306+0000][1][safepoint    ] Total time for which application threads were stopped: 0.0000932 seconds, Stopping threads took: 0.0000193 seconds
[2019-12-09T08:19:41.307+0000][1][safepoint    ] Application time: 1.0000775 seconds
[2019-12-09T08:19:41.307+0000][1][safepoint    ] Entering safepoint region: Cleanup
[2019-12-09T08:19:41.307+0000][1][safepoint    ] Leaving safepoint region
[2019-12-09T08:19:41.307+0000][1][safepoint    ] Total time for which application threads were stopped: 0.0001093 seconds, Stopping threads took: 0.0000202 seconds
[2019-12-09T08:19:42.307+0000][1][safepoint    ] Application time: 1.0000800 seconds
[2019-12-09T08:19:42.307+0000][1][safepoint    ] Entering safepoint region: Cleanup
[2019-12-09T08:19:42.307+0000][1][safepoint    ] Leaving safepoint region
[2019-12-09T08:19:42.307+0000][1][safepoint    ] Total time for which application threads were stopped: 0.0000932 seconds, Stopping threads took: 0.0000198 seconds
[2019-12-09T08:19:43.307+0000][1][safepoint    ] Application time: 1.0000783 seconds
[2019-12-09T08:19:43.307+0000][1][safepoint    ] Entering safepoint region: Cleanup
[2019-12-09T08:19:43.307+0000][1][safepoint    ] Leaving safepoint region
[2019-12-09T08:19:43.307+0000][1][safepoint    ] Total time for which application threads were stopped: 0.0000954 seconds, Stopping threads took: 0.0000232 seconds
[2019-12-09T08:19:44.307+0000][1][safepoint    ] Application time: 1.0000770 seconds
[2019-12-09T08:19:44.307+0000][1][safepoint    ] Entering safepoint region: Cleanup
[2019-12-09T08:19:44.307+0000][1][safepoint    ] Leaving safepoint region
[2019-12-09T08:19:44.307+0000][1][safepoint    ] Total time for which application threads were stopped: 0.0001002 seconds, Stopping threads took: 0.0000191 seconds
[2019-12-09T08:19:45.307+0000][1][safepoint    ] Application time: 1.0000783 seconds
[2019-12-09T08:19:45.308+0000][1][safepoint    ] Entering safepoint region: Cleanup
[2019-12-09T08:19:45.308+0000][1][safepoint    ] Leaving safepoint region
[2019-12-09T08:19:45.308+0000][1][safepoint    ] Total time for which application threads were stopped: 0.0000932 seconds, Stopping threads took: 0.0000202 seconds
[2019-12-09T08:19:46.308+0000][1][safepoint    ] Application time: 1.0000859 seconds
[2019-12-09T08:19:46.308+0000][1][safepoint    ] Entering safepoint region: Cleanup
[2019-12-09T08:19:46.308+0000][1][safepoint    ] Leaving safepoint region
[2019-12-09T08:19:46.308+0000][1][safepoint    ] Total time for which application threads were stopped: 0.0000921 seconds, Stopping threads took: 0.0000196 seconds
[2019-12-09T08:19:47.308+0000][1][safepoint    ] Application time: 1.0000780 seconds
[2019-12-09T08:19:47.308+0000][1][safepoint    ] Entering safepoint region: Cleanup
[2019-12-09T08:19:47.308+0000][1][safepoint    ] Leaving safepoint region
[2019-12-09T08:19:47.308+0000][1][safepoint    ] Total time for which application threads were stopped: 0.0000903 seconds, Stopping threads took: 0.0000189 seconds
[2019-12-09T08:19:48.308+0000][1][safepoint    ] Application time: 1.0000786 seconds
[2019-12-09T08:19:48.308+0000][1][safepoint    ] Entering safepoint region: Cleanup
[2019-12-09T08:19:48.308+0000][1][safepoint    ] Leaving safepoint region
[2019-12-09T08:19:48.308+0000][1][safepoint    ] Total time for which application threads were stopped: 0.0000915 seconds, Stopping threads took: 0.0000183 seconds
[2019-12-09T08:19:48.451+0000][1][safepoint    ] Application time: 0.1428826 seconds
[2019-12-09T08:19:48.451+0000][1][safepoint    ] Entering safepoint region: GenCollectForAllocation
[2019-12-09T08:19:48.451+0000][1][gc,start     ] GC(69) Pause Young (Allocation Failure)
[2019-12-09T08:19:48.451+0000][1][gc,task      ] GC(69) Using 2 workers of 2 for evacuation
[2019-12-09T08:19:48.453+0000][1][gc,age       ] GC(69) Desired survivor size 4456448 bytes, new threshold 6 (max threshold 6)
[2019-12-09T08:19:48.453+0000][1][gc,age       ] GC(69) Age table with threshold 6 (max threshold 6)
[2019-12-09T08:19:48.453+0000][1][gc,age       ] GC(69) - age   1:       9048 bytes,       9048 total
[2019-12-09T08:19:48.453+0000][1][gc,age       ] GC(69) - age   3:        120 bytes,       9168 total
[2019-12-09T08:19:48.453+0000][1][gc,age       ] GC(69) - age   4:        400 bytes,       9568 total
[2019-12-09T08:19:48.453+0000][1][gc,age       ] GC(69) - age   5:        488 bytes,      10056 total
[2019-12-09T08:19:48.453+0000][1][gc,heap      ] GC(69) ParNew: 69965K->13K(78656K)
[2019-12-09T08:19:48.453+0000][1][gc,heap      ] GC(69) CMS: 75191K->75191K(174784K)
[2019-12-09T08:19:48.453+0000][1][gc,metaspace ] GC(69) Metaspace: 79558K->79558K(1122304K)
[2019-12-09T08:19:48.453+0000][1][gc           ] GC(69) Pause Young (Allocation Failure) 141M->73M(247M) 1.595ms
[2019-12-09T08:19:48.453+0000][1][gc,cpu       ] GC(69) User=0.01s Sys=0.00s Real=0.00s
[2019-12-09T08:19:48.453+0000][1][safepoint    ] Leaving safepoint region
[2019-12-09T08:19:48.453+0000][1][safepoint    ] Total time for which application threads were stopped: 0.0017461 seconds, Stopping threads took: 0.0000171 seconds
[2019-12-09T08:19:49.453+0000][1][safepoint    ] Application time: 1.0000839 seconds
[2019-12-09T08:19:49.453+0000][1][safepoint    ] Entering safepoint region: Cleanup
[2019-12-09T08:19:49.453+0000][1][safepoint    ] Leaving safepoint region
[2019-12-09T08:19:49.453+0000][1][safepoint    ] Total time for which application threads were stopped: 0.0001311 seconds, Stopping threads took: 0.0000596 seconds
[2019-12-09T08:19:50.453+0000][1][safepoint    ] Application time: 1.0000823 seconds
[2019-12-09T08:19:50.453+0000][1][safepoint    ] Entering safepoint region: Cleanup
[2019-12-09T08:19:50.453+0000][1][safepoint    ] Leaving safepoint region
[2019-12-09T08:19:50.453+0000][1][safepoint    ] Total time for which application threads were stopped: 0.0001438 seconds, Stopping threads took: 0.0000700 seconds
[2019-12-09T08:19:51.454+0000][1][safepoint    ] Application time: 1.0000864 seconds
[2019-12-09T08:19:51.454+0000][1][safepoint    ] Entering safepoint region: Cleanup
[2019-12-09T08:19:51.454+0000][1][safepoint    ] Leaving safepoint region
[2019-12-09T08:19:51.454+0000][1][safepoint    ] Total time for which application threads were stopped: 0.0001071 seconds, Stopping threads took: 0.0000173 seconds
[2019-12-09T08:19:52.454+0000][1][safepoint    ] Application time: 1.0000782 seconds
[2019-12-09T08:19:52.454+0000][1][safepoint    ] Entering safepoint region: Cleanup
[2019-12-09T08:19:52.454+0000][1][safepoint    ] Leaving safepoint region
[2019-12-09T08:19:52.454+0000][1][safepoint    ] Total time for which application threads were stopped: 0.0001015 seconds, Stopping threads took: 0.0000267 seconds
[2019-12-09T08:19:53.454+0000][1][safepoint    ] Application time: 1.0000752 seconds
[2019-12-09T08:19:53.454+0000][1][safepoint    ] Entering safepoint region: Cleanup
[2019-12-09T08:19:53.454+0000][1][safepoint    ] Leaving safepoint region
[2019-12-09T08:19:53.454+0000][1][safepoint    ] Total time for which application threads were stopped: 0.0000935 seconds, Stopping threads took: 0.0000181 seconds
[2019-12-09T08:19:54.454+0000][1][safepoint    ] Application time: 1.0000770 seconds
[2019-12-09T08:19:54.454+0000][1][safepoint    ] Entering safepoint region: Cleanup
[2019-12-09T08:19:54.454+0000][1][safepoint    ] Leaving safepoint region
[2019-12-09T08:19:54.454+0000][1][safepoint    ] Total time for which application threads were stopped: 0.0001324 seconds, Stopping threads took: 0.0000493 seconds
[2019-12-09T08:19:55.455+0000][1][safepoint    ] Application time: 1.0000926 seconds
[2019-12-09T08:19:55.455+0000][1][safepoint    ] Entering safepoint region: Cleanup
[2019-12-09T08:19:55.455+0000][1][safepoint    ] Leaving safepoint region
[2019-12-09T08:19:55.455+0000][1][safepoint    ] Total time for which application threads were stopped: 0.0000880 seconds, Stopping threads took: 0.0000165 seconds
[2019-12-09T08:19:56.455+0000][1][safepoint    ] Application time: 1.0000759 seconds
[2019-12-09T08:19:56.455+0000][1][safepoint    ] Entering safepoint region: Cleanup
[2019-12-09T08:19:56.455+0000][1][safepoint    ] Leaving safepoint region
[2019-12-09T08:19:56.455+0000][1][safepoint    ] Total time for which application threads were stopped: 0.0000880 seconds, Stopping threads took: 0.0000166 seconds
[2019-12-09T08:19:57.455+0000][1][safepoint    ] Application time: 1.0000730 seconds
[2019-12-09T08:19:57.455+0000][1][safepoint    ] Entering safepoint region: Cleanup
[2019-12-09T08:19:57.455+0000][1][safepoint    ] Leaving safepoint region
[2019-12-09T08:19:57.455+0000][1][safepoint    ] Total time for which application threads were stopped: 0.0000875 seconds, Stopping threads took: 0.0000180 seconds
[2019-12-09T08:19:58.455+0000][1][safepoint    ] Application time: 1.0000729 seconds
[2019-12-09T08:19:58.455+0000][1][safepoint    ] Entering safepoint region: Cleanup
[2019-12-09T08:19:58.455+0000][1][safepoint    ] Leaving safepoint region
[2019-12-09T08:19:58.455+0000][1][safepoint    ] Total time for which application threads were stopped: 0.0000863 seconds, Stopping threads took: 0.0000160 seconds
[2019-12-09T08:19:59.455+0000][1][safepoint    ] Application time: 1.0000740 seconds
[2019-12-09T08:19:59.455+0000][1][safepoint    ] Entering safepoint region: Cleanup
[2019-12-09T08:19:59.455+0000][1][safepoint    ] Leaving safepoint region
[2019-12-09T08:19:59.455+0000][1][safepoint    ] Total time for which application threads were stopped: 0.0000879 seconds, Stopping threads took: 0.0000170 seconds
[2019-12-09T08:20:00.456+0000][1][safepoint    ] Application time: 1.0000730 seconds
[2019-12-09T08:20:00.456+0000][1][safepoint    ] Entering safepoint region: Cleanup
[2019-12-09T08:20:00.456+0000][1][safepoint    ] Leaving safepoint region
[2019-12-09T08:20:00.456+0000][1][safepoint    ] Total time for which application threads were stopped: 0.0000870 seconds, Stopping threads took: 0.0000169 seconds
[2019-12-09T08:20:01.456+0000][1][safepoint    ] Application time: 1.0000443 seconds
[2019-12-09T08:20:01.456+0000][1][safepoint    ] Entering safepoint region: Cleanup
[2019-12-09T08:20:01.456+0000][1][safepoint    ] Leaving safepoint region
[2019-12-09T08:20:01.456+0000][1][safepoint    ] Total time for which application threads were stopped: 0.0001713 seconds, Stopping threads took: 0.0000598 seconds
[2019-12-09T08:20:03.316+0000][1][safepoint    ] Application time: 1.8603844 seconds
[2019-12-09T08:20:03.316+0000][1][safepoint    ] Entering safepoint region: Cleanup
[2019-12-09T08:20:03.316+0000][1][safepoint    ] Leaving safepoint region
[2019-12-09T08:20:03.316+0000][1][safepoint    ] Total time for which application threads were stopped: 0.0000992 seconds, Stopping threads took: 0.0000255 seconds
[2019-12-09T08:20:04.317+0000][1][safepoint    ] Application time: 1.0001029 seconds
[2019-12-09T08:20:04.317+0000][1][safepoint    ] Entering safepoint region: Cleanup
[2019-12-09T08:20:04.317+0000][1][safepoint    ] Leaving safepoint region
[2019-12-09T08:20:04.317+0000][1][safepoint    ] Total time for which application threads were stopped: 0.0001058 seconds, Stopping threads took: 0.0000235 seconds
[2019-12-09T08:20:05.317+0000][1][safepoint    ] Application time: 1.0001237 seconds
[2019-12-09T08:20:05.317+0000][1][safepoint    ] Entering safepoint region: Cleanup
[2019-12-09T08:20:05.317+0000][1][safepoint    ] Leaving safepoint region
[2019-12-09T08:20:05.317+0000][1][safepoint    ] Total time for which application threads were stopped: 0.0001115 seconds, Stopping threads took: 0.0000268 seconds
[2019-12-09T08:20:06.317+0000][1][safepoint    ] Application time: 1.0001199 seconds
[2019-12-09T08:20:06.317+0000][1][safepoint    ] Entering safepoint region: Cleanup
[2019-12-09T08:20:06.317+0000][1][safepoint    ] Leaving safepoint region
[2019-12-09T08:20:06.317+0000][1][safepoint    ] Total time for which application threads were stopped: 0.0001565 seconds, Stopping threads took: 0.0000477 seconds
[2019-12-09T08:20:07.318+0000][1][safepoint    ] Application time: 1.0002408 seconds
[2019-12-09T08:20:07.318+0000][1][safepoint    ] Entering safepoint region: Cleanup
[2019-12-09T08:20:07.318+0000][1][safepoint    ] Leaving safepoint region
[2019-12-09T08:20:07.318+0000][1][safepoint    ] Total time for which application threads were stopped: 0.0001505 seconds, Stopping threads took: 0.0000345 seconds
[2019-12-09T08:20:08.318+0000][1][safepoint    ] Application time: 1.0002612 seconds
[2019-12-09T08:20:08.318+0000][1][safepoint    ] Entering safepoint region: Cleanup
[2019-12-09T08:20:08.318+0000][1][safepoint    ] Leaving safepoint region
[2019-12-09T08:20:08.318+0000][1][safepoint    ] Total time for which application threads were stopped: 0.0001047 seconds, Stopping threads took: 0.0000182 seconds
[2019-12-09T08:20:09.318+0000][1][safepoint    ] Application time: 1.0003018 seconds
[2019-12-09T08:20:09.318+0000][1][safepoint    ] Entering safepoint region: Cleanup
[2019-12-09T08:20:09.319+0000][1][safepoint    ] Leaving safepoint region
[2019-12-09T08:20:09.319+0000][1][safepoint    ] Total time for which application threads were stopped: 0.0001240 seconds, Stopping threads took: 0.0000189 seconds
[2019-12-09T08:20:10.319+0000][1][safepoint    ] Application time: 1.0002357 seconds
[2019-12-09T08:20:10.319+0000][1][safepoint    ] Entering safepoint region: Cleanup
[2019-12-09T08:20:10.319+0000][1][safepoint    ] Leaving safepoint region
[2019-12-09T08:20:10.319+0000][1][safepoint    ] Total time for which application threads were stopped: 0.0001088 seconds, Stopping threads took: 0.0000208 seconds
[2019-12-09T08:20:11.319+0000][1][safepoint    ] Application time: 1.0001056 seconds
[2019-12-09T08:20:11.319+0000][1][safepoint    ] Entering safepoint region: Cleanup
[2019-12-09T08:20:11.319+0000][1][safepoint    ] Leaving safepoint region
[2019-12-09T08:20:11.319+0000][1][safepoint    ] Total time for which application threads were stopped: 0.0001257 seconds, Stopping threads took: 0.0000256 seconds
[2019-12-09T08:20:12.319+0000][1][safepoint    ] Application time: 1.0000847 seconds
[2019-12-09T08:20:12.319+0000][1][safepoint    ] Entering safepoint region: Cleanup
[2019-12-09T08:20:12.320+0000][1][safepoint    ] Leaving safepoint region
[2019-12-09T08:20:12.320+0000][1][safepoint    ] Total time for which application threads were stopped: 0.0001290 seconds, Stopping threads took: 0.0000255 seconds
[2019-12-09T08:20:13.320+0000][1][safepoint    ] Application time: 1.0000770 seconds
[2019-12-09T08:20:13.320+0000][1][safepoint    ] Entering safepoint region: Cleanup
[2019-12-09T08:20:13.320+0000][1][safepoint    ] Leaving safepoint region
[2019-12-09T08:20:13.320+0000][1][safepoint    ] Total time for which application threads were stopped: 0.0001027 seconds, Stopping threads took: 0.0000180 seconds
[2019-12-09T08:20:14.320+0000][1][safepoint    ] Application time: 1.0000775 seconds
[2019-12-09T08:20:14.320+0000][1][safepoint    ] Entering safepoint region: Cleanup
[2019-12-09T08:20:14.320+0000][1][safepoint    ] Leaving safepoint region
[2019-12-09T08:20:14.320+0000][1][safepoint    ] Total time for which application threads were stopped: 0.0000892 seconds, Stopping threads took: 0.0000181 seconds
[2019-12-09T08:20:15.320+0000][1][safepoint    ] Application time: 1.0000978 seconds
[2019-12-09T08:20:15.320+0000][1][safepoint    ] Entering safepoint region: Cleanup
[2019-12-09T08:20:15.320+0000][1][safepoint    ] Leaving safepoint region
[2019-12-09T08:20:15.320+0000][1][safepoint    ] Total time for which application threads were stopped: 0.0001236 seconds, Stopping threads took: 0.0000255 seconds
[2019-12-09T08:20:16.320+0000][1][safepoint    ] Application time: 1.0000797 seconds
[2019-12-09T08:20:16.320+0000][1][safepoint    ] Entering safepoint region: Cleanup
[2019-12-09T08:20:16.320+0000][1][safepoint    ] Leaving safepoint region
[2019-12-09T08:20:16.320+0000][1][safepoint    ] Total time for which application threads were stopped: 0.0000890 seconds, Stopping threads took: 0.0000180 seconds
[2019-12-09T08:20:17.320+0000][1][safepoint    ] Application time: 1.0000824 seconds
[2019-12-09T08:20:17.321+0000][1][safepoint    ] Entering safepoint region: Cleanup
[2019-12-09T08:20:17.321+0000][1][safepoint    ] Leaving safepoint region
[2019-12-09T08:20:17.321+0000][1][safepoint    ] Total time for which application threads were stopped: 0.0000927 seconds, Stopping threads took: 0.0000175 seconds
[2019-12-09T08:20:18.321+0000][1][safepoint    ] Application time: 1.0000887 seconds
[2019-12-09T08:20:18.321+0000][1][safepoint    ] Entering safepoint region: Cleanup
[2019-12-09T08:20:18.321+0000][1][safepoint    ] Leaving safepoint region
[2019-12-09T08:20:18.321+0000][1][safepoint    ] Total time for which application threads were stopped: 0.0000887 seconds, Stopping threads took: 0.0000185 seconds
[2019-12-09T08:20:19.321+0000][1][safepoint    ] Application time: 1.0000772 seconds
[2019-12-09T08:20:19.321+0000][1][safepoint    ] Entering safepoint region: Cleanup
[2019-12-09T08:20:19.321+0000][1][safepoint    ] Leaving safepoint region
[2019-12-09T08:20:19.321+0000][1][safepoint    ] Total time for which application threads were stopped: 0.0000877 seconds, Stopping threads took: 0.0000174 seconds
[2019-12-09T08:20:20.321+0000][1][safepoint    ] Application time: 1.0000775 seconds
[2019-12-09T08:20:20.321+0000][1][safepoint    ] Entering safepoint region: Cleanup
[2019-12-09T08:20:20.321+0000][1][safepoint    ] Leaving safepoint region
[2019-12-09T08:20:20.321+0000][1][safepoint    ] Total time for which application threads were stopped: 0.0000890 seconds, Stopping threads took: 0.0000175 seconds
[2019-12-09T08:20:21.321+0000][1][safepoint    ] Application time: 1.0000764 seconds
[2019-12-09T08:20:21.321+0000][1][safepoint    ] Entering safepoint region: Cleanup
[2019-12-09T08:20:21.321+0000][1][safepoint    ] Leaving safepoint region
[2019-12-09T08:20:21.321+0000][1][safepoint    ] Total time for which application threads were stopped: 0.0001049 seconds, Stopping threads took: 0.0000191 seconds
[2019-12-09T08:20:22.321+0000][1][safepoint    ] Application time: 1.0000769 seconds
[2019-12-09T08:20:22.322+0000][1][safepoint    ] Entering safepoint region: Cleanup
[2019-12-09T08:20:22.322+0000][1][safepoint    ] Leaving safepoint region
[2019-12-09T08:20:22.322+0000][1][safepoint    ] Total time for which application threads were stopped: 0.0000880 seconds, Stopping threads took: 0.0000186 seconds
[2019-12-09T08:20:23.322+0000][1][safepoint    ] Application time: 1.0000784 seconds
[2019-12-09T08:20:23.322+0000][1][safepoint    ] Entering safepoint region: Cleanup
[2019-12-09T08:20:23.322+0000][1][safepoint    ] Leaving safepoint region
[2019-12-09T08:20:23.322+0000][1][safepoint    ] Total time for which application threads were stopped: 0.0000893 seconds, Stopping threads took: 0.0000179 seconds
[2019-12-09T08:20:24.322+0000][1][safepoint    ] Application time: 1.0000777 seconds
[2019-12-09T08:20:24.322+0000][1][safepoint    ] Entering safepoint region: Cleanup
[2019-12-09T08:20:24.322+0000][1][safepoint    ] Leaving safepoint region
[2019-12-09T08:20:24.322+0000][1][safepoint    ] Total time for which application threads were stopped: 0.0000867 seconds, Stopping threads took: 0.0000184 seconds
[2019-12-09T08:20:25.322+0000][1][safepoint    ] Application time: 1.0000769 seconds
[2019-12-09T08:20:25.322+0000][1][safepoint    ] Entering safepoint region: Cleanup
[2019-12-09T08:20:25.322+0000][1][safepoint    ] Leaving safepoint region
[2019-12-09T08:20:25.322+0000][1][safepoint    ] Total time for which application threads were stopped: 0.0000845 seconds, Stopping threads took: 0.0000169 seconds
[2019-12-09T08:20:26.322+0000][1][safepoint    ] Application time: 1.0000775 seconds
[2019-12-09T08:20:26.322+0000][1][safepoint    ] Entering safepoint region: Cleanup
[2019-12-09T08:20:26.322+0000][1][safepoint    ] Leaving safepoint region
[2019-12-09T08:20:26.322+0000][1][safepoint    ] Total time for which application threads were stopped: 0.0000878 seconds, Stopping threads took: 0.0000176 seconds
[2019-12-09T08:20:27.322+0000][1][safepoint    ] Application time: 1.0000779 seconds
[2019-12-09T08:20:27.322+0000][1][safepoint    ] Entering safepoint region: Cleanup
[2019-12-09T08:20:27.323+0000][1][safepoint    ] Leaving safepoint region
[2019-12-09T08:20:27.323+0000][1][safepoint    ] Total time for which application threads were stopped: 0.0000863 seconds, Stopping threads took: 0.0000168 seconds
[2019-12-09T08:20:28.323+0000][1][safepoint    ] Application time: 1.0000762 seconds
[2019-12-09T08:20:28.323+0000][1][safepoint    ] Entering safepoint region: Cleanup
[2019-12-09T08:20:28.323+0000][1][safepoint    ] Leaving safepoint region
[2019-12-09T08:20:28.323+0000][1][safepoint    ] Total time for which application threads were stopped: 0.0001032 seconds, Stopping threads took: 0.0000172 seconds
[2019-12-09T08:20:29.323+0000][1][safepoint    ] Application time: 1.0000744 seconds
[2019-12-09T08:20:29.323+0000][1][safepoint    ] Entering safepoint region: Cleanup
[2019-12-09T08:20:29.323+0000][1][safepoint    ] Leaving safepoint region
[2019-12-09T08:20:29.323+0000][1][safepoint    ] Total time for which application threads were stopped: 0.0000870 seconds, Stopping threads took: 0.0000171 seconds
[2019-12-09T08:20:30.323+0000][1][safepoint    ] Application time: 1.0000767 seconds
[2019-12-09T08:20:30.323+0000][1][safepoint    ] Entering safepoint region: Cleanup
[2019-12-09T08:20:30.323+0000][1][safepoint    ] Leaving safepoint region
[2019-12-09T08:20:30.323+0000][1][safepoint    ] Total time for which application threads were stopped: 0.0000884 seconds, Stopping threads took: 0.0000179 seconds
[2019-12-09T08:20:31.323+0000][1][safepoint    ] Application time: 1.0000755 seconds
[2019-12-09T08:20:31.323+0000][1][safepoint    ] Entering safepoint region: Cleanup
[2019-12-09T08:20:31.323+0000][1][safepoint    ] Leaving safepoint region
[2019-12-09T08:20:31.323+0000][1][safepoint    ] Total time for which application threads were stopped: 0.0000874 seconds, Stopping threads took: 0.0000185 seconds
[2019-12-09T08:20:32.323+0000][1][safepoint    ] Application time: 1.0000810 seconds
[2019-12-09T08:20:32.323+0000][1][safepoint    ] Entering safepoint region: Cleanup
[2019-12-09T08:20:32.324+0000][1][safepoint    ] Leaving safepoint region
[2019-12-09T08:20:32.324+0000][1][safepoint    ] Total time for which application threads were stopped: 0.0000897 seconds, Stopping threads took: 0.0000195 seconds
[2019-12-09T08:20:33.324+0000][1][safepoint    ] Application time: 1.0000744 seconds
[2019-12-09T08:20:33.324+0000][1][safepoint    ] Entering safepoint region: Cleanup
[2019-12-09T08:20:33.324+0000][1][safepoint    ] Leaving safepoint region
[2019-12-09T08:20:33.324+0000][1][safepoint    ] Total time for which application threads were stopped: 0.0000965 seconds, Stopping threads took: 0.0000176 seconds
[2019-12-09T08:20:34.324+0000][1][safepoint    ] Application time: 1.0000767 seconds
[2019-12-09T08:20:34.324+0000][1][safepoint    ] Entering safepoint region: Cleanup
[2019-12-09T08:20:34.324+0000][1][safepoint    ] Leaving safepoint region
[2019-12-09T08:20:34.324+0000][1][safepoint    ] Total time for which application threads were stopped: 0.0000869 seconds, Stopping threads took: 0.0000180 seconds
[2019-12-09T08:20:35.324+0000][1][safepoint    ] Application time: 1.0000749 seconds
[2019-12-09T08:20:35.324+0000][1][safepoint    ] Entering safepoint region: Cleanup
[2019-12-09T08:20:35.324+0000][1][safepoint    ] Leaving safepoint region
[2019-12-09T08:20:35.324+0000][1][safepoint    ] Total time for which application threads were stopped: 0.0000864 seconds, Stopping threads took: 0.0000168 seconds
[2019-12-09T08:20:36.324+0000][1][safepoint    ] Application time: 1.0000740 seconds
[2019-12-09T08:20:36.324+0000][1][safepoint    ] Entering safepoint region: Cleanup
[2019-12-09T08:20:36.324+0000][1][safepoint    ] Leaving safepoint region
[2019-12-09T08:20:36.324+0000][1][safepoint    ] Total time for which application threads were stopped: 0.0000851 seconds, Stopping threads took: 0.0000172 seconds
[2019-12-09T08:20:37.324+0000][1][safepoint    ] Application time: 1.0000749 seconds
[2019-12-09T08:20:37.324+0000][1][safepoint    ] Entering safepoint region: Cleanup
[2019-12-09T08:20:37.324+0000][1][safepoint    ] Leaving safepoint region
[2019-12-09T08:20:37.324+0000][1][safepoint    ] Total time for which application threads were stopped: 0.0000929 seconds, Stopping threads took: 0.0000237 seconds
[2019-12-09T08:20:38.325+0000][1][safepoint    ] Application time: 1.0000761 seconds
[2019-12-09T08:20:38.325+0000][1][safepoint    ] Entering safepoint region: Cleanup
[2019-12-09T08:20:38.325+0000][1][safepoint    ] Leaving safepoint region
[2019-12-09T08:20:38.325+0000][1][safepoint    ] Total time for which application threads were stopped: 0.0000962 seconds, Stopping threads took: 0.0000177 seconds
[2019-12-09T08:20:39.325+0000][1][safepoint    ] Application time: 1.0000736 seconds
[2019-12-09T08:20:39.325+0000][1][safepoint    ] Entering safepoint region: Cleanup
[2019-12-09T08:20:39.325+0000][1][safepoint    ] Leaving safepoint region
[2019-12-09T08:20:39.325+0000][1][safepoint    ] Total time for which application threads were stopped: 0.0000881 seconds, Stopping threads took: 0.0000176 seconds
[2019-12-09T08:20:40.325+0000][1][safepoint    ] Application time: 1.0000754 seconds
[2019-12-09T08:20:40.325+0000][1][safepoint    ] Entering safepoint region: Cleanup
[2019-12-09T08:20:40.325+0000][1][safepoint    ] Leaving safepoint region
[2019-12-09T08:20:40.325+0000][1][safepoint    ] Total time for which application threads were stopped: 0.0000933 seconds, Stopping threads took: 0.0000200 seconds
[2019-12-09T08:20:41.325+0000][1][safepoint    ] Application time: 1.0000723 seconds
[2019-12-09T08:20:41.325+0000][1][safepoint    ] Entering safepoint region: Cleanup
[2019-12-09T08:20:41.325+0000][1][safepoint    ] Leaving safepoint region
[2019-12-09T08:20:41.325+0000][1][safepoint    ] Total time for which application threads were stopped: 0.0000911 seconds, Stopping threads took: 0.0000187 seconds
[2019-12-09T08:20:42.325+0000][1][safepoint    ] Application time: 1.0000750 seconds
[2019-12-09T08:20:42.325+0000][1][safepoint    ] Entering safepoint region: Cleanup
[2019-12-09T08:20:42.326+0000][1][safepoint    ] Leaving safepoint region
[2019-12-09T08:20:42.326+0000][1][safepoint    ] Total time for which application threads were stopped: 0.0000955 seconds, Stopping threads took: 0.0000196 seconds
[2019-12-09T08:20:43.326+0000][1][safepoint    ] Application time: 1.0000744 seconds
[2019-12-09T08:20:43.326+0000][1][safepoint    ] Entering safepoint region: Cleanup
[2019-12-09T08:20:43.326+0000][1][safepoint    ] Leaving safepoint region
[2019-12-09T08:20:43.326+0000][1][safepoint    ] Total time for which application threads were stopped: 0.0001006 seconds, Stopping threads took: 0.0000196 seconds
[2019-12-09T08:20:44.326+0000][1][safepoint    ] Application time: 1.0000738 seconds
[2019-12-09T08:20:44.326+0000][1][safepoint    ] Entering safepoint region: Cleanup
[2019-12-09T08:20:44.326+0000][1][safepoint    ] Leaving safepoint region
[2019-12-09T08:20:44.326+0000][1][safepoint    ] Total time for which application threads were stopped: 0.0000928 seconds, Stopping threads took: 0.0000188 seconds
[2019-12-09T08:20:45.326+0000][1][safepoint    ] Application time: 1.0000737 seconds
[2019-12-09T08:20:45.326+0000][1][safepoint    ] Entering safepoint region: Cleanup
[2019-12-09T08:20:45.326+0000][1][safepoint    ] Leaving safepoint region
[2019-12-09T08:20:45.326+0000][1][safepoint    ] Total time for which application threads were stopped: 0.0000925 seconds, Stopping threads took: 0.0000195 seconds
[2019-12-09T08:20:46.326+0000][1][safepoint    ] Application time: 1.0000731 seconds
[2019-12-09T08:20:46.326+0000][1][safepoint    ] Entering safepoint region: Cleanup
[2019-12-09T08:20:46.326+0000][1][safepoint    ] Leaving safepoint region
[2019-12-09T08:20:46.326+0000][1][safepoint    ] Total time for which application threads were stopped: 0.0000916 seconds, Stopping threads took: 0.0000191 seconds
[2019-12-09T08:20:47.326+0000][1][safepoint    ] Application time: 1.0000765 seconds
[2019-12-09T08:20:47.327+0000][1][safepoint    ] Entering safepoint region: Cleanup
[2019-12-09T08:20:47.327+0000][1][safepoint    ] Leaving safepoint region
[2019-12-09T08:20:47.327+0000][1][safepoint    ] Total time for which application threads were stopped: 0.0000974 seconds, Stopping threads took: 0.0000200 seconds
[2019-12-09T08:20:48.327+0000][1][safepoint    ] Application time: 1.0000852 seconds
[2019-12-09T08:20:48.327+0000][1][safepoint    ] Entering safepoint region: Cleanup
[2019-12-09T08:20:48.327+0000][1][safepoint    ] Leaving safepoint region
[2019-12-09T08:20:48.327+0000][1][safepoint    ] Total time for which application threads were stopped: 0.0000952 seconds, Stopping threads took: 0.0000205 seconds
[2019-12-09T08:20:49.327+0000][1][safepoint    ] Application time: 1.0000777 seconds
[2019-12-09T08:20:49.327+0000][1][safepoint    ] Entering safepoint region: Cleanup
[2019-12-09T08:20:49.327+0000][1][safepoint    ] Leaving safepoint region
[2019-12-09T08:20:49.327+0000][1][safepoint    ] Total time for which application threads were stopped: 0.0000986 seconds, Stopping threads took: 0.0000195 seconds
[2019-12-09T08:20:50.327+0000][1][safepoint    ] Application time: 1.0000774 seconds
[2019-12-09T08:20:50.327+0000][1][safepoint    ] Entering safepoint region: Cleanup
[2019-12-09T08:20:50.327+0000][1][safepoint    ] Leaving safepoint region
[2019-12-09T08:20:50.327+0000][1][safepoint    ] Total time for which application threads were stopped: 0.0000919 seconds, Stopping threads took: 0.0000193 seconds
[2019-12-09T08:20:51.380+0000][1][safepoint    ] Application time: 1.0531048 seconds
[2019-12-09T08:20:51.380+0000][1][safepoint    ] Entering safepoint region: Cleanup
[2019-12-09T08:20:51.380+0000][1][safepoint    ] Leaving safepoint region
[2019-12-09T08:20:51.381+0000][1][safepoint    ] Total time for which application threads were stopped: 0.0000980 seconds, Stopping threads took: 0.0000182 seconds
[2019-12-09T08:20:52.381+0000][1][safepoint    ] Application time: 1.0000770 seconds
[2019-12-09T08:20:52.381+0000][1][safepoint    ] Entering safepoint region: Cleanup
[2019-12-09T08:20:52.381+0000][1][safepoint    ] Leaving safepoint region
[2019-12-09T08:20:52.381+0000][1][safepoint    ] Total time for which application threads were stopped: 0.0001101 seconds, Stopping threads took: 0.0000269 seconds
[2019-12-09T08:20:53.381+0000][1][safepoint    ] Application time: 1.0000759 seconds
[2019-12-09T08:20:53.381+0000][1][safepoint    ] Entering safepoint region: Cleanup
[2019-12-09T08:20:53.381+0000][1][safepoint    ] Leaving safepoint region
[2019-12-09T08:20:53.381+0000][1][safepoint    ] Total time for which application threads were stopped: 0.0000987 seconds, Stopping threads took: 0.0000256 seconds
[2019-12-09T08:20:54.381+0000][1][safepoint    ] Application time: 1.0000771 seconds
[2019-12-09T08:20:54.381+0000][1][safepoint    ] Entering safepoint region: Cleanup
[2019-12-09T08:20:54.381+0000][1][safepoint    ] Leaving safepoint region
[2019-12-09T08:20:54.381+0000][1][safepoint    ] Total time for which application threads were stopped: 0.0000917 seconds, Stopping threads took: 0.0000191 seconds
[2019-12-09T08:20:55.381+0000][1][safepoint    ] Application time: 1.0000745 seconds
[2019-12-09T08:20:55.381+0000][1][safepoint    ] Entering safepoint region: Cleanup
[2019-12-09T08:20:55.381+0000][1][safepoint    ] Leaving safepoint region
[2019-12-09T08:20:55.381+0000][1][safepoint    ] Total time for which application threads were stopped: 0.0000937 seconds, Stopping threads took: 0.0000199 seconds
[2019-12-09T08:20:56.381+0000][1][safepoint    ] Application time: 1.0000754 seconds
[2019-12-09T08:20:56.382+0000][1][safepoint    ] Entering safepoint region: Cleanup
[2019-12-09T08:20:56.382+0000][1][safepoint    ] Leaving safepoint region
[2019-12-09T08:20:56.382+0000][1][safepoint    ] Total time for which application threads were stopped: 0.0000906 seconds, Stopping threads took: 0.0000176 seconds
[2019-12-09T08:20:57.382+0000][1][safepoint    ] Application time: 1.0000757 seconds
[2019-12-09T08:20:57.382+0000][1][safepoint    ] Entering safepoint region: Cleanup
[2019-12-09T08:20:57.382+0000][1][safepoint    ] Leaving safepoint region
[2019-12-09T08:20:57.382+0000][1][safepoint    ] Total time for which application threads were stopped: 0.0000895 seconds, Stopping threads took: 0.0000184 seconds
[2019-12-09T08:20:58.382+0000][1][safepoint    ] Application time: 1.0000745 seconds
[2019-12-09T08:20:58.382+0000][1][safepoint    ] Entering safepoint region: Cleanup
[2019-12-09T08:20:58.382+0000][1][safepoint    ] Leaving safepoint region
[2019-12-09T08:20:58.382+0000][1][safepoint    ] Total time for which application threads were stopped: 0.0000902 seconds, Stopping threads took: 0.0000194 seconds
[2019-12-09T08:20:59.382+0000][1][safepoint    ] Application time: 1.0000773 seconds
[2019-12-09T08:20:59.382+0000][1][safepoint    ] Entering safepoint region: Cleanup
[2019-12-09T08:20:59.382+0000][1][safepoint    ] Leaving safepoint region
[2019-12-09T08:20:59.382+0000][1][safepoint    ] Total time for which application threads were stopped: 0.0000906 seconds, Stopping threads took: 0.0000189 seconds
[2019-12-09T08:21:00.382+0000][1][safepoint    ] Application time: 1.0000757 seconds
[2019-12-09T08:21:00.382+0000][1][safepoint    ] Entering safepoint region: Cleanup
[2019-12-09T08:21:00.382+0000][1][safepoint    ] Leaving safepoint region
[2019-12-09T08:21:00.382+0000][1][safepoint    ] Total time for which application threads were stopped: 0.0000852 seconds, Stopping threads took: 0.0000177 seconds
[2019-12-09T08:21:01.382+0000][1][safepoint    ] Application time: 1.0000765 seconds
[2019-12-09T08:21:01.383+0000][1][safepoint    ] Entering safepoint region: Cleanup
[2019-12-09T08:21:01.383+0000][1][safepoint    ] Leaving safepoint region
[2019-12-09T08:21:01.383+0000][1][safepoint    ] Total time for which application threads were stopped: 0.0000966 seconds, Stopping threads took: 0.0000199 seconds
[2019-12-09T08:21:02.383+0000][1][safepoint    ] Application time: 1.0000630 seconds
[2019-12-09T08:21:02.383+0000][1][safepoint    ] Entering safepoint region: Cleanup
[2019-12-09T08:21:02.383+0000][1][safepoint    ] Leaving safepoint region
[2019-12-09T08:21:02.383+0000][1][safepoint    ] Total time for which application threads were stopped: 0.0001007 seconds, Stopping threads took: 0.0000263 seconds
[2019-12-09T08:21:03.383+0000][1][safepoint    ] Application time: 1.0000761 seconds
[2019-12-09T08:21:03.383+0000][1][safepoint    ] Entering safepoint region: Cleanup
[2019-12-09T08:21:03.383+0000][1][safepoint    ] Leaving safepoint region
[2019-12-09T08:21:03.383+0000][1][safepoint    ] Total time for which application threads were stopped: 0.0000949 seconds, Stopping threads took: 0.0000201 seconds
[2019-12-09T08:21:04.383+0000][1][safepoint    ] Application time: 1.0000798 seconds
[2019-12-09T08:21:04.383+0000][1][safepoint    ] Entering safepoint region: Cleanup
[2019-12-09T08:21:04.383+0000][1][safepoint    ] Leaving safepoint region
[2019-12-09T08:21:04.383+0000][1][safepoint    ] Total time for which application threads were stopped: 0.0000922 seconds, Stopping threads took: 0.0000186 seconds
[2019-12-09T08:21:05.383+0000][1][safepoint    ] Application time: 1.0000752 seconds
[2019-12-09T08:21:05.383+0000][1][safepoint    ] Entering safepoint region: Cleanup
[2019-12-09T08:21:05.383+0000][1][safepoint    ] Leaving safepoint region
[2019-12-09T08:21:05.383+0000][1][safepoint    ] Total time for which application threads were stopped: 0.0000933 seconds, Stopping threads took: 0.0000186 seconds
[2019-12-09T08:21:06.384+0000][1][safepoint    ] Application time: 1.0000755 seconds
[2019-12-09T08:21:06.384+0000][1][safepoint    ] Entering safepoint region: Cleanup
[2019-12-09T08:21:06.384+0000][1][safepoint    ] Leaving safepoint region
[2019-12-09T08:21:06.384+0000][1][safepoint    ] Total time for which application threads were stopped: 0.0001113 seconds, Stopping threads took: 0.0000193 seconds
[2019-12-09T08:21:07.384+0000][1][safepoint    ] Application time: 1.0000737 seconds
[2019-12-09T08:21:07.384+0000][1][safepoint    ] Entering safepoint region: Cleanup
[2019-12-09T08:21:07.384+0000][1][safepoint    ] Leaving safepoint region
[2019-12-09T08:21:07.384+0000][1][safepoint    ] Total time for which application threads were stopped: 0.0001151 seconds, Stopping threads took: 0.0000263 seconds
[2019-12-09T08:21:08.384+0000][1][safepoint    ] Application time: 1.0000775 seconds
[2019-12-09T08:21:08.384+0000][1][safepoint    ] Entering safepoint region: Cleanup
[2019-12-09T08:21:08.384+0000][1][safepoint    ] Leaving safepoint region
[2019-12-09T08:21:08.384+0000][1][safepoint    ] Total time for which application threads were stopped: 0.0000935 seconds, Stopping threads took: 0.0000191 seconds
[2019-12-09T08:21:09.384+0000][1][safepoint    ] Application time: 1.0000740 seconds
[2019-12-09T08:21:09.384+0000][1][safepoint    ] Entering safepoint region: Cleanup
[2019-12-09T08:21:09.384+0000][1][safepoint    ] Leaving safepoint region
[2019-12-09T08:21:09.384+0000][1][safepoint    ] Total time for which application threads were stopped: 0.0000902 seconds, Stopping threads took: 0.0000186 seconds
[2019-12-09T08:21:10.384+0000][1][safepoint    ] Application time: 1.0000763 seconds
[2019-12-09T08:21:10.384+0000][1][safepoint    ] Entering safepoint region: Cleanup
[2019-12-09T08:21:10.385+0000][1][safepoint    ] Leaving safepoint region
[2019-12-09T08:21:10.385+0000][1][safepoint    ] Total time for which application threads were stopped: 0.0000941 seconds, Stopping threads took: 0.0000200 seconds
[2019-12-09T08:21:11.385+0000][1][safepoint    ] Application time: 1.0000768 seconds
[2019-12-09T08:21:11.385+0000][1][safepoint    ] Entering safepoint region: Cleanup
[2019-12-09T08:21:11.385+0000][1][safepoint    ] Leaving safepoint region
[2019-12-09T08:21:11.385+0000][1][safepoint    ] Total time for which application threads were stopped: 0.0000924 seconds, Stopping threads took: 0.0000193 seconds
[2019-12-09T08:21:12.385+0000][1][safepoint    ] Application time: 1.0000735 seconds
[2019-12-09T08:21:12.385+0000][1][safepoint    ] Entering safepoint region: Cleanup
[2019-12-09T08:21:12.385+0000][1][safepoint    ] Leaving safepoint region
[2019-12-09T08:21:12.385+0000][1][safepoint    ] Total time for which application threads were stopped: 0.0001006 seconds, Stopping threads took: 0.0000286 seconds
[2019-12-09T08:21:13.385+0000][1][safepoint    ] Application time: 1.0000827 seconds
[2019-12-09T08:21:13.385+0000][1][safepoint    ] Entering safepoint region: Cleanup
[2019-12-09T08:21:13.385+0000][1][safepoint    ] Leaving safepoint region
[2019-12-09T08:21:13.385+0000][1][safepoint    ] Total time for which application threads were stopped: 0.0000915 seconds, Stopping threads took: 0.0000191 seconds
[2019-12-09T08:21:14.385+0000][1][safepoint    ] Application time: 1.0000757 seconds
[2019-12-09T08:21:14.385+0000][1][safepoint    ] Entering safepoint region: Cleanup
[2019-12-09T08:21:14.385+0000][1][safepoint    ] Leaving safepoint region
[2019-12-09T08:21:14.385+0000][1][safepoint    ] Total time for which application threads were stopped: 0.0000886 seconds, Stopping threads took: 0.0000182 seconds
[2019-12-09T08:21:15.386+0000][1][safepoint    ] Application time: 1.0000759 seconds
[2019-12-09T08:21:15.386+0000][1][safepoint    ] Entering safepoint region: Cleanup
[2019-12-09T08:21:15.386+0000][1][safepoint    ] Leaving safepoint region
[2019-12-09T08:21:15.386+0000][1][safepoint    ] Total time for which application threads were stopped: 0.0000883 seconds, Stopping threads took: 0.0000184 seconds
[2019-12-09T08:21:16.386+0000][1][safepoint    ] Application time: 1.0000727 seconds
[2019-12-09T08:21:16.386+0000][1][safepoint    ] Entering safepoint region: Cleanup
[2019-12-09T08:21:16.386+0000][1][safepoint    ] Leaving safepoint region
[2019-12-09T08:21:16.386+0000][1][safepoint    ] Total time for which application threads were stopped: 0.0000912 seconds, Stopping threads took: 0.0000189 seconds
[2019-12-09T08:21:17.386+0000][1][safepoint    ] Application time: 1.0000739 seconds
[2019-12-09T08:21:17.386+0000][1][safepoint    ] Entering safepoint region: Cleanup
[2019-12-09T08:21:17.386+0000][1][safepoint    ] Leaving safepoint region
[2019-12-09T08:21:17.386+0000][1][safepoint    ] Total time for which application threads were stopped: 0.0001006 seconds, Stopping threads took: 0.0000274 seconds
[2019-12-09T08:21:18.386+0000][1][safepoint    ] Application time: 1.0000741 seconds
[2019-12-09T08:21:18.386+0000][1][safepoint    ] Entering safepoint region: Cleanup
[2019-12-09T08:21:18.386+0000][1][safepoint    ] Leaving safepoint region
[2019-12-09T08:21:18.386+0000][1][safepoint    ] Total time for which application threads were stopped: 0.0000912 seconds, Stopping threads took: 0.0000193 seconds
[2019-12-09T08:21:19.386+0000][1][safepoint    ] Application time: 1.0000750 seconds
[2019-12-09T08:21:19.386+0000][1][safepoint    ] Entering safepoint region: Cleanup
[2019-12-09T08:21:19.386+0000][1][safepoint    ] Leaving safepoint region
[2019-12-09T08:21:19.386+0000][1][safepoint    ] Total time for which application threads were stopped: 0.0000882 seconds, Stopping threads took: 0.0000186 seconds
[2019-12-09T08:21:20.541+0000][1][safepoint    ] Application time: 1.1541303 seconds
[2019-12-09T08:21:20.541+0000][1][safepoint    ] Entering safepoint region: Cleanup
[2019-12-09T08:21:20.541+0000][1][safepoint    ] Leaving safepoint region
[2019-12-09T08:21:20.541+0000][1][safepoint    ] Total time for which application threads were stopped: 0.0001280 seconds, Stopping threads took: 0.0000187 seconds
[2019-12-09T08:21:21.541+0000][1][safepoint    ] Application time: 1.0000764 seconds
[2019-12-09T08:21:21.541+0000][1][safepoint    ] Entering safepoint region: Cleanup
[2019-12-09T08:21:21.541+0000][1][safepoint    ] Leaving safepoint region
[2019-12-09T08:21:21.541+0000][1][safepoint    ] Total time for which application threads were stopped: 0.0000894 seconds, Stopping threads took: 0.0000184 seconds
[2019-12-09T08:21:22.541+0000][1][safepoint    ] Application time: 1.0000821 seconds
[2019-12-09T08:21:22.541+0000][1][safepoint    ] Entering safepoint region: Cleanup
[2019-12-09T08:21:22.541+0000][1][safepoint    ] Leaving safepoint region
[2019-12-09T08:21:22.541+0000][1][safepoint    ] Total time for which application threads were stopped: 0.0001353 seconds, Stopping threads took: 0.0000257 seconds
[2019-12-09T08:21:23.541+0000][1][safepoint    ] Application time: 1.0000811 seconds
[2019-12-09T08:21:23.541+0000][1][safepoint    ] Entering safepoint region: Cleanup
[2019-12-09T08:21:23.541+0000][1][safepoint    ] Leaving safepoint region
[2019-12-09T08:21:23.541+0000][1][safepoint    ] Total time for which application threads were stopped: 0.0000888 seconds, Stopping threads took: 0.0000185 seconds
[2019-12-09T08:21:24.542+0000][1][safepoint    ] Application time: 1.0000820 seconds
[2019-12-09T08:21:24.542+0000][1][safepoint    ] Entering safepoint region: Cleanup
[2019-12-09T08:21:24.542+0000][1][safepoint    ] Leaving safepoint region
[2019-12-09T08:21:24.542+0000][1][safepoint    ] Total time for which application threads were stopped: 0.0001059 seconds, Stopping threads took: 0.0000194 seconds
[2019-12-09T08:21:25.542+0000][1][safepoint    ] Application time: 1.0000816 seconds
[2019-12-09T08:21:25.542+0000][1][safepoint    ] Entering safepoint region: Cleanup
[2019-12-09T08:21:25.542+0000][1][safepoint    ] Leaving safepoint region
[2019-12-09T08:21:25.542+0000][1][safepoint    ] Total time for which application threads were stopped: 0.0001303 seconds, Stopping threads took: 0.0000273 seconds
[2019-12-09T08:21:26.542+0000][1][safepoint    ] Application time: 1.0000840 seconds
[2019-12-09T08:21:26.542+0000][1][safepoint    ] Entering safepoint region: Cleanup
[2019-12-09T08:21:26.542+0000][1][safepoint    ] Leaving safepoint region
[2019-12-09T08:21:26.542+0000][1][safepoint    ] Total time for which application threads were stopped: 0.0000917 seconds, Stopping threads took: 0.0000199 seconds
[2019-12-09T08:21:27.542+0000][1][safepoint    ] Application time: 1.0000759 seconds
[2019-12-09T08:21:27.542+0000][1][safepoint    ] Entering safepoint region: Cleanup
[2019-12-09T08:21:27.542+0000][1][safepoint    ] Leaving safepoint region
[2019-12-09T08:21:27.542+0000][1][safepoint    ] Total time for which application threads were stopped: 0.0000904 seconds, Stopping threads took: 0.0000190 seconds
[2019-12-09T08:21:28.543+0000][1][safepoint    ] Application time: 1.0000727 seconds
[2019-12-09T08:21:28.543+0000][1][safepoint    ] Entering safepoint region: Cleanup
[2019-12-09T08:21:28.543+0000][1][safepoint    ] Leaving safepoint region
[2019-12-09T08:21:28.543+0000][1][safepoint    ] Total time for which application threads were stopped: 0.0000887 seconds, Stopping threads took: 0.0000183 seconds
[2019-12-09T08:21:29.543+0000][1][safepoint    ] Application time: 1.0000746 seconds
[2019-12-09T08:21:29.543+0000][1][safepoint    ] Entering safepoint region: Cleanup
[2019-12-09T08:21:29.543+0000][1][safepoint    ] Leaving safepoint region
[2019-12-09T08:21:29.543+0000][1][safepoint    ] Total time for which application threads were stopped: 0.0000924 seconds, Stopping threads took: 0.0000196 seconds
[2019-12-09T08:21:30.543+0000][1][safepoint    ] Application time: 1.0000729 seconds
[2019-12-09T08:21:30.543+0000][1][safepoint    ] Entering safepoint region: Cleanup
[2019-12-09T08:21:30.543+0000][1][safepoint    ] Leaving safepoint region
[2019-12-09T08:21:30.543+0000][1][safepoint    ] Total time for which application threads were stopped: 0.0000849 seconds, Stopping threads took: 0.0000163 seconds
[2019-12-09T08:21:31.543+0000][1][safepoint    ] Application time: 1.0000766 seconds
[2019-12-09T08:21:31.543+0000][1][safepoint    ] Entering safepoint region: Cleanup
[2019-12-09T08:21:31.543+0000][1][safepoint    ] Leaving safepoint region
[2019-12-09T08:21:31.543+0000][1][safepoint    ] Total time for which application threads were stopped: 0.0000902 seconds, Stopping threads took: 0.0000182 seconds
[2019-12-09T08:21:32.543+0000][1][safepoint    ] Application time: 1.0000773 seconds
[2019-12-09T08:21:32.543+0000][1][safepoint    ] Entering safepoint region: Cleanup
[2019-12-09T08:21:32.543+0000][1][safepoint    ] Leaving safepoint region
[2019-12-09T08:21:32.543+0000][1][safepoint    ] Total time for which application threads were stopped: 0.0000984 seconds, Stopping threads took: 0.0000180 seconds
[2019-12-09T08:21:33.544+0000][1][safepoint    ] Application time: 1.0000787 seconds
[2019-12-09T08:21:33.544+0000][1][safepoint    ] Entering safepoint region: Cleanup
[2019-12-09T08:21:33.544+0000][1][safepoint    ] Leaving safepoint region
[2019-12-09T08:21:33.544+0000][1][safepoint    ] Total time for which application threads were stopped: 0.0001025 seconds, Stopping threads took: 0.0000185 seconds
[2019-12-09T08:21:34.544+0000][1][safepoint    ] Application time: 1.0000771 seconds
[2019-12-09T08:21:34.544+0000][1][safepoint    ] Entering safepoint region: Cleanup
[2019-12-09T08:21:34.544+0000][1][safepoint    ] Leaving safepoint region
[2019-12-09T08:21:34.544+0000][1][safepoint    ] Total time for which application threads were stopped: 0.0000893 seconds, Stopping threads took: 0.0000190 seconds
[2019-12-09T08:21:35.544+0000][1][safepoint    ] Application time: 1.0000765 seconds
[2019-12-09T08:21:35.544+0000][1][safepoint    ] Entering safepoint region: Cleanup
[2019-12-09T08:21:35.544+0000][1][safepoint    ] Leaving safepoint region
[2019-12-09T08:21:35.544+0000][1][safepoint    ] Total time for which application threads were stopped: 0.0000883 seconds, Stopping threads took: 0.0000178 seconds
[2019-12-09T08:21:36.544+0000][1][safepoint    ] Application time: 1.0000764 seconds
[2019-12-09T08:21:36.544+0000][1][safepoint    ] Entering safepoint region: Cleanup
[2019-12-09T08:21:36.544+0000][1][safepoint    ] Leaving safepoint region
[2019-12-09T08:21:36.544+0000][1][safepoint    ] Total time for which application threads were stopped: 0.0000937 seconds, Stopping threads took: 0.0000197 seconds
[2019-12-09T08:21:37.544+0000][1][safepoint    ] Application time: 1.0000764 seconds
[2019-12-09T08:21:37.544+0000][1][safepoint    ] Entering safepoint region: Cleanup
[2019-12-09T08:21:37.545+0000][1][safepoint    ] Leaving safepoint region
[2019-12-09T08:21:37.545+0000][1][safepoint    ] Total time for which application threads were stopped: 0.0000915 seconds, Stopping threads took: 0.0000192 seconds
[2019-12-09T08:21:38.545+0000][1][safepoint    ] Application time: 1.0000783 seconds
[2019-12-09T08:21:38.545+0000][1][safepoint    ] Entering safepoint region: Cleanup
[2019-12-09T08:21:38.545+0000][1][safepoint    ] Leaving safepoint region
[2019-12-09T08:21:38.545+0000][1][safepoint    ] Total time for which application threads were stopped: 0.0001111 seconds, Stopping threads took: 0.0000365 seconds
[2019-12-09T08:21:39.545+0000][1][safepoint    ] Application time: 1.0000745 seconds
[2019-12-09T08:21:39.545+0000][1][safepoint    ] Entering safepoint region: Cleanup
[2019-12-09T08:21:39.545+0000][1][safepoint    ] Leaving safepoint region
[2019-12-09T08:21:39.545+0000][1][safepoint    ] Total time for which application threads were stopped: 0.0000900 seconds, Stopping threads took: 0.0000189 seconds
[2019-12-09T08:21:40.545+0000][1][safepoint    ] Application time: 1.0000760 seconds
[2019-12-09T08:21:40.545+0000][1][safepoint    ] Entering safepoint region: Cleanup
[2019-12-09T08:21:40.545+0000][1][safepoint    ] Leaving safepoint region
[2019-12-09T08:21:40.545+0000][1][safepoint    ] Total time for which application threads were stopped: 0.0000897 seconds, Stopping threads took: 0.0000180 seconds
[2019-12-09T08:21:41.545+0000][1][safepoint    ] Application time: 1.0000771 seconds
[2019-12-09T08:21:41.545+0000][1][safepoint    ] Entering safepoint region: Cleanup
[2019-12-09T08:21:41.545+0000][1][safepoint    ] Leaving safepoint region
[2019-12-09T08:21:41.545+0000][1][safepoint    ] Total time for which application threads were stopped: 0.0000924 seconds, Stopping threads took: 0.0000185 seconds
[2019-12-09T08:21:42.545+0000][1][safepoint    ] Application time: 1.0000756 seconds
[2019-12-09T08:21:42.546+0000][1][safepoint    ] Entering safepoint region: Cleanup
[2019-12-09T08:21:42.546+0000][1][safepoint    ] Leaving safepoint region
[2019-12-09T08:21:42.546+0000][1][safepoint    ] Total time for which application threads were stopped: 0.0000971 seconds, Stopping threads took: 0.0000175 seconds
[2019-12-09T08:21:43.489+0000][1][safepoint    ] Application time: 0.9435080 seconds
[2019-12-09T08:21:43.489+0000][1][safepoint    ] Entering safepoint region: GenCollectForAllocation
[2019-12-09T08:21:43.489+0000][1][gc,start     ] GC(70) Pause Young (Allocation Failure)
[2019-12-09T08:21:43.489+0000][1][gc,task      ] GC(70) Using 2 workers of 2 for evacuation
[2019-12-09T08:21:43.491+0000][1][gc,age       ] GC(70) Desired survivor size 4456448 bytes, new threshold 6 (max threshold 6)
[2019-12-09T08:21:43.491+0000][1][gc,age       ] GC(70) Age table with threshold 6 (max threshold 6)
[2019-12-09T08:21:43.491+0000][1][gc,age       ] GC(70) - age   1:       9480 bytes,       9480 total
[2019-12-09T08:21:43.491+0000][1][gc,age       ] GC(70) - age   2:        816 bytes,      10296 total
[2019-12-09T08:21:43.491+0000][1][gc,age       ] GC(70) - age   5:        400 bytes,      10696 total
[2019-12-09T08:21:43.491+0000][1][gc,age       ] GC(70) - age   6:        488 bytes,      11184 total
[2019-12-09T08:21:43.491+0000][1][gc,heap      ] GC(70) ParNew: 69965K->19K(78656K)
[2019-12-09T08:21:43.491+0000][1][gc,heap      ] GC(70) CMS: 75191K->75191K(174784K)
[2019-12-09T08:21:43.491+0000][1][gc,metaspace ] GC(70) Metaspace: 79558K->79558K(1122304K)
[2019-12-09T08:21:43.491+0000][1][gc           ] GC(70) Pause Young (Allocation Failure) 141M->73M(247M) 1.621ms
[2019-12-09T08:21:43.491+0000][1][gc,cpu       ] GC(70) User=0.00s Sys=0.00s Real=0.00s
[2019-12-09T08:21:43.491+0000][1][safepoint    ] Leaving safepoint region
[2019-12-09T08:21:43.491+0000][1][safepoint    ] Total time for which application threads were stopped: 0.0017806 seconds, Stopping threads took: 0.0000185 seconds
[2019-12-09T08:21:44.562+0000][1][safepoint    ] Application time: 1.0711735 seconds
[2019-12-09T08:21:44.562+0000][1][safepoint    ] Entering safepoint region: Cleanup
[2019-12-09T08:21:44.562+0000][1][safepoint    ] Leaving safepoint region
[2019-12-09T08:21:44.562+0000][1][safepoint    ] Total time for which application threads were stopped: 0.0000891 seconds, Stopping threads took: 0.0000189 seconds
[2019-12-09T08:21:45.562+0000][1][safepoint    ] Application time: 1.0000733 seconds
[2019-12-09T08:21:45.562+0000][1][safepoint    ] Entering safepoint region: Cleanup
[2019-12-09T08:21:45.562+0000][1][safepoint    ] Leaving safepoint region
[2019-12-09T08:21:45.562+0000][1][safepoint    ] Total time for which application threads were stopped: 0.0000937 seconds, Stopping threads took: 0.0000197 seconds
[2019-12-09T08:21:46.563+0000][1][safepoint    ] Application time: 1.0001054 seconds
[2019-12-09T08:21:46.563+0000][1][safepoint    ] Entering safepoint region: Cleanup
[2019-12-09T08:21:46.563+0000][1][safepoint    ] Leaving safepoint region
[2019-12-09T08:21:46.563+0000][1][safepoint    ] Total time for which application threads were stopped: 0.0001071 seconds, Stopping threads took: 0.0000196 seconds
[2019-12-09T08:21:47.563+0000][1][safepoint    ] Application time: 1.0000761 seconds
[2019-12-09T08:21:47.563+0000][1][safepoint    ] Entering safepoint region: Cleanup
[2019-12-09T08:21:47.563+0000][1][safepoint    ] Leaving safepoint region
[2019-12-09T08:21:47.563+0000][1][safepoint    ] Total time for which application threads were stopped: 0.0000976 seconds, Stopping threads took: 0.0000256 seconds
[2019-12-09T08:21:48.563+0000][1][safepoint    ] Application time: 1.0000759 seconds
[2019-12-09T08:21:48.563+0000][1][safepoint    ] Entering safepoint region: Cleanup
[2019-12-09T08:21:48.563+0000][1][safepoint    ] Leaving safepoint region
[2019-12-09T08:21:48.563+0000][1][safepoint    ] Total time for which application threads were stopped: 0.0000889 seconds, Stopping threads took: 0.0000172 seconds
[2019-12-09T08:21:49.564+0000][1][safepoint    ] Application time: 1.0010348 seconds
[2019-12-09T08:21:49.564+0000][1][safepoint    ] Entering safepoint region: Cleanup
[2019-12-09T08:21:49.564+0000][1][safepoint    ] Leaving safepoint region
[2019-12-09T08:21:49.564+0000][1][safepoint    ] Total time for which application threads were stopped: 0.0001442 seconds, Stopping threads took: 0.0000633 seconds
[2019-12-09T08:21:50.564+0000][1][safepoint    ] Application time: 1.0000955 seconds
[2019-12-09T08:21:50.565+0000][1][safepoint    ] Entering safepoint region: Cleanup
[2019-12-09T08:21:50.565+0000][1][safepoint    ] Leaving safepoint region
[2019-12-09T08:21:50.565+0000][1][safepoint    ] Total time for which application threads were stopped: 0.0000964 seconds, Stopping threads took: 0.0000204 seconds
[2019-12-09T08:21:51.565+0000][1][safepoint    ] Application time: 1.0000798 seconds
[2019-12-09T08:21:51.565+0000][1][safepoint    ] Entering safepoint region: Cleanup
[2019-12-09T08:21:51.565+0000][1][safepoint    ] Leaving safepoint region
[2019-12-09T08:21:51.565+0000][1][safepoint    ] Total time for which application threads were stopped: 0.0000986 seconds, Stopping threads took: 0.0000183 seconds
[2019-12-09T08:21:52.565+0000][1][safepoint    ] Application time: 1.0000767 seconds
[2019-12-09T08:21:52.565+0000][1][safepoint    ] Entering safepoint region: Cleanup
[2019-12-09T08:21:52.565+0000][1][safepoint    ] Leaving safepoint region
[2019-12-09T08:21:52.565+0000][1][safepoint    ] Total time for which application threads were stopped: 0.0001003 seconds, Stopping threads took: 0.0000186 seconds
[2019-12-09T08:21:53.565+0000][1][safepoint    ] Application time: 1.0000749 seconds
[2019-12-09T08:21:53.565+0000][1][safepoint    ] Entering safepoint region: Cleanup
[2019-12-09T08:21:53.565+0000][1][safepoint    ] Leaving safepoint region
[2019-12-09T08:21:53.565+0000][1][safepoint    ] Total time for which application threads were stopped: 0.0000945 seconds, Stopping threads took: 0.0000186 seconds
[2019-12-09T08:21:54.565+0000][1][safepoint    ] Application time: 1.0000780 seconds
[2019-12-09T08:21:54.565+0000][1][safepoint    ] Entering safepoint region: Cleanup
[2019-12-09T08:21:54.565+0000][1][safepoint    ] Leaving safepoint region
[2019-12-09T08:21:54.566+0000][1][safepoint    ] Total time for which application threads were stopped: 0.0000903 seconds, Stopping threads took: 0.0000186 seconds
[2019-12-09T08:21:55.566+0000][1][safepoint    ] Application time: 1.0000777 seconds
[2019-12-09T08:21:55.566+0000][1][safepoint    ] Entering safepoint region: Cleanup
[2019-12-09T08:21:55.566+0000][1][safepoint    ] Leaving safepoint region
[2019-12-09T08:21:55.566+0000][1][safepoint    ] Total time for which application threads were stopped: 0.0000957 seconds, Stopping threads took: 0.0000170 seconds
[2019-12-09T08:21:56.566+0000][1][safepoint    ] Application time: 1.0000759 seconds
[2019-12-09T08:21:56.566+0000][1][safepoint    ] Entering safepoint region: Cleanup
[2019-12-09T08:21:56.566+0000][1][safepoint    ] Leaving safepoint region
[2019-12-09T08:21:56.566+0000][1][safepoint    ] Total time for which application threads were stopped: 0.0000919 seconds, Stopping threads took: 0.0000200 seconds
[2019-12-09T08:21:57.566+0000][1][safepoint    ] Application time: 1.0000772 seconds
[2019-12-09T08:21:57.566+0000][1][safepoint    ] Entering safepoint region: Cleanup
[2019-12-09T08:21:57.566+0000][1][safepoint    ] Leaving safepoint region
[2019-12-09T08:21:57.566+0000][1][safepoint    ] Total time for which application threads were stopped: 0.0000919 seconds, Stopping threads took: 0.0000190 seconds
[2019-12-09T08:21:58.566+0000][1][safepoint    ] Application time: 1.0000739 seconds
[2019-12-09T08:21:58.566+0000][1][safepoint    ] Entering safepoint region: Cleanup
[2019-12-09T08:21:58.566+0000][1][safepoint    ] Leaving safepoint region
[2019-12-09T08:21:58.566+0000][1][safepoint    ] Total time for which application threads were stopped: 0.0000876 seconds, Stopping threads took: 0.0000173 seconds
[2019-12-09T08:21:59.566+0000][1][safepoint    ] Application time: 1.0000798 seconds
[2019-12-09T08:21:59.566+0000][1][safepoint    ] Entering safepoint region: Cleanup
[2019-12-09T08:21:59.567+0000][1][safepoint    ] Leaving safepoint region
[2019-12-09T08:21:59.567+0000][1][safepoint    ] Total time for which application threads were stopped: 0.0001012 seconds, Stopping threads took: 0.0000195 seconds
[2019-12-09T08:22:00.567+0000][1][safepoint    ] Application time: 1.0000782 seconds
[2019-12-09T08:22:00.567+0000][1][safepoint    ] Entering safepoint region: Cleanup
[2019-12-09T08:22:00.567+0000][1][safepoint    ] Leaving safepoint region
[2019-12-09T08:22:00.567+0000][1][safepoint    ] Total time for which application threads were stopped: 0.0000897 seconds, Stopping threads took: 0.0000205 seconds
[2019-12-09T08:22:01.567+0000][1][safepoint    ] Application time: 1.0000828 seconds
[2019-12-09T08:22:01.567+0000][1][safepoint    ] Entering safepoint region: Cleanup
[2019-12-09T08:22:01.567+0000][1][safepoint    ] Leaving safepoint region
[2019-12-09T08:22:01.567+0000][1][safepoint    ] Total time for which application threads were stopped: 0.0000926 seconds, Stopping threads took: 0.0000196 seconds
[2019-12-09T08:22:02.567+0000][1][safepoint    ] Application time: 1.0000758 seconds
[2019-12-09T08:22:02.567+0000][1][safepoint    ] Entering safepoint region: Cleanup
[2019-12-09T08:22:02.567+0000][1][safepoint    ] Leaving safepoint region
[2019-12-09T08:22:02.567+0000][1][safepoint    ] Total time for which application threads were stopped: 0.0000891 seconds, Stopping threads took: 0.0000188 seconds
[2019-12-09T08:22:03.567+0000][1][safepoint    ] Application time: 1.0000755 seconds
[2019-12-09T08:22:03.567+0000][1][safepoint    ] Entering safepoint region: Cleanup
[2019-12-09T08:22:03.567+0000][1][safepoint    ] Leaving safepoint region
[2019-12-09T08:22:03.567+0000][1][safepoint    ] Total time for which application threads were stopped: 0.0000920 seconds, Stopping threads took: 0.0000183 seconds
[2019-12-09T08:22:04.568+0000][1][safepoint    ] Application time: 1.0000779 seconds
[2019-12-09T08:22:04.568+0000][1][safepoint    ] Entering safepoint region: Cleanup
[2019-12-09T08:22:04.568+0000][1][safepoint    ] Leaving safepoint region
[2019-12-09T08:22:04.568+0000][1][safepoint    ] Total time for which application threads were stopped: 0.0000922 seconds, Stopping threads took: 0.0000189 seconds
[2019-12-09T08:22:05.568+0000][1][safepoint    ] Application time: 1.0000448 seconds
[2019-12-09T08:22:05.568+0000][1][safepoint    ] Entering safepoint region: Cleanup
[2019-12-09T08:22:05.568+0000][1][safepoint    ] Leaving safepoint region
[2019-12-09T08:22:05.568+0000][1][safepoint    ] Total time for which application threads were stopped: 0.0000876 seconds, Stopping threads took: 0.0000164 seconds
[2019-12-09T08:22:06.568+0000][1][safepoint    ] Application time: 1.0000751 seconds
[2019-12-09T08:22:06.568+0000][1][safepoint    ] Entering safepoint region: Cleanup
[2019-12-09T08:22:06.568+0000][1][safepoint    ] Leaving safepoint region
[2019-12-09T08:22:06.568+0000][1][safepoint    ] Total time for which application threads were stopped: 0.0000911 seconds, Stopping threads took: 0.0000189 seconds
[2019-12-09T08:22:07.568+0000][1][safepoint    ] Application time: 1.0000737 seconds
[2019-12-09T08:22:07.568+0000][1][safepoint    ] Entering safepoint region: Cleanup
[2019-12-09T08:22:07.568+0000][1][safepoint    ] Leaving safepoint region
[2019-12-09T08:22:07.568+0000][1][safepoint    ] Total time for which application threads were stopped: 0.0000900 seconds, Stopping threads took: 0.0000178 seconds
[2019-12-09T08:22:08.568+0000][1][safepoint    ] Application time: 1.0000763 seconds
[2019-12-09T08:22:08.568+0000][1][safepoint    ] Entering safepoint region: Cleanup
[2019-12-09T08:22:08.568+0000][1][safepoint    ] Leaving safepoint region
[2019-12-09T08:22:08.568+0000][1][safepoint    ] Total time for which application threads were stopped: 0.0000879 seconds, Stopping threads took: 0.0000179 seconds
[2019-12-09T08:22:09.569+0000][1][safepoint    ] Application time: 1.0000776 seconds
[2019-12-09T08:22:09.569+0000][1][safepoint    ] Entering safepoint region: Cleanup
[2019-12-09T08:22:09.569+0000][1][safepoint    ] Leaving safepoint region
[2019-12-09T08:22:09.569+0000][1][safepoint    ] Total time for which application threads were stopped: 0.0000937 seconds, Stopping threads took: 0.0000183 seconds
[2019-12-09T08:22:10.569+0000][1][safepoint    ] Application time: 1.0000837 seconds
[2019-12-09T08:22:10.569+0000][1][safepoint    ] Entering safepoint region: Cleanup
[2019-12-09T08:22:10.569+0000][1][safepoint    ] Leaving safepoint region
[2019-12-09T08:22:10.569+0000][1][safepoint    ] Total time for which application threads were stopped: 0.0001204 seconds, Stopping threads took: 0.0000251 seconds
[2019-12-09T08:22:11.569+0000][1][safepoint    ] Application time: 1.0000764 seconds
[2019-12-09T08:22:11.569+0000][1][safepoint    ] Entering safepoint region: Cleanup
[2019-12-09T08:22:11.569+0000][1][safepoint    ] Leaving safepoint region
[2019-12-09T08:22:11.569+0000][1][safepoint    ] Total time for which application threads were stopped: 0.0000953 seconds, Stopping threads took: 0.0000198 seconds
[2019-12-09T08:22:12.569+0000][1][safepoint    ] Application time: 1.0000730 seconds
[2019-12-09T08:22:12.569+0000][1][safepoint    ] Entering safepoint region: Cleanup
[2019-12-09T08:22:12.569+0000][1][safepoint    ] Leaving safepoint region
[2019-12-09T08:22:12.569+0000][1][safepoint    ] Total time for which application threads were stopped: 0.0000874 seconds, Stopping threads took: 0.0000176 seconds
[2019-12-09T08:22:13.569+0000][1][safepoint    ] Application time: 1.0000822 seconds
[2019-12-09T08:22:13.569+0000][1][safepoint    ] Entering safepoint region: Cleanup
[2019-12-09T08:22:13.570+0000][1][safepoint    ] Leaving safepoint region
[2019-12-09T08:22:13.570+0000][1][safepoint    ] Total time for which application threads were stopped: 0.0000906 seconds, Stopping threads took: 0.0000194 seconds
[2019-12-09T08:22:14.570+0000][1][safepoint    ] Application time: 1.0000779 seconds
[2019-12-09T08:22:14.570+0000][1][safepoint    ] Entering safepoint region: Cleanup
[2019-12-09T08:22:14.570+0000][1][safepoint    ] Leaving safepoint region
[2019-12-09T08:22:14.570+0000][1][safepoint    ] Total time for which application threads were stopped: 0.0001045 seconds, Stopping threads took: 0.0000287 seconds
[2019-12-09T08:22:15.570+0000][1][safepoint    ] Application time: 1.0000766 seconds
[2019-12-09T08:22:15.570+0000][1][safepoint    ] Entering safepoint region: Cleanup
[2019-12-09T08:22:15.570+0000][1][safepoint    ] Leaving safepoint region
[2019-12-09T08:22:15.570+0000][1][safepoint    ] Total time for which application threads were stopped: 0.0000889 seconds, Stopping threads took: 0.0000179 seconds
[2019-12-09T08:22:16.570+0000][1][safepoint    ] Application time: 1.0000779 seconds
[2019-12-09T08:22:16.570+0000][1][safepoint    ] Entering safepoint region: Cleanup
[2019-12-09T08:22:16.570+0000][1][safepoint    ] Leaving safepoint region
[2019-12-09T08:22:16.570+0000][1][safepoint    ] Total time for which application threads were stopped: 0.0000912 seconds, Stopping threads took: 0.0000197 seconds
[2019-12-09T08:22:17.570+0000][1][safepoint    ] Application time: 1.0000768 seconds
[2019-12-09T08:22:17.570+0000][1][safepoint    ] Entering safepoint region: Cleanup
[2019-12-09T08:22:17.570+0000][1][safepoint    ] Leaving safepoint region
[2019-12-09T08:22:17.570+0000][1][safepoint    ] Total time for which application threads were stopped: 0.0000869 seconds, Stopping threads took: 0.0000175 seconds
[2019-12-09T08:22:18.570+0000][1][safepoint    ] Application time: 1.0000742 seconds
[2019-12-09T08:22:18.571+0000][1][safepoint    ] Entering safepoint region: Cleanup
[2019-12-09T08:22:18.571+0000][1][safepoint    ] Leaving safepoint region
[2019-12-09T08:22:18.571+0000][1][safepoint    ] Total time for which application threads were stopped: 0.0000861 seconds, Stopping threads took: 0.0000180 seconds
[2019-12-09T08:22:19.571+0000][1][safepoint    ] Application time: 1.0000745 seconds
[2019-12-09T08:22:19.571+0000][1][safepoint    ] Entering safepoint region: Cleanup
[2019-12-09T08:22:19.571+0000][1][safepoint    ] Leaving safepoint region
[2019-12-09T08:22:19.571+0000][1][safepoint    ] Total time for which application threads were stopped: 0.0000884 seconds, Stopping threads took: 0.0000177 seconds
[2019-12-09T08:22:20.571+0000][1][safepoint    ] Application time: 1.0000764 seconds
[2019-12-09T08:22:20.571+0000][1][safepoint    ] Entering safepoint region: Cleanup
[2019-12-09T08:22:20.571+0000][1][safepoint    ] Leaving safepoint region
[2019-12-09T08:22:20.571+0000][1][safepoint    ] Total time for which application threads were stopped: 0.0000903 seconds, Stopping threads took: 0.0000183 seconds
[2019-12-09T08:22:21.974+0000][1][safepoint    ] Application time: 1.4026432 seconds
[2019-12-09T08:22:21.974+0000][1][safepoint    ] Entering safepoint region: Cleanup
[2019-12-09T08:22:21.974+0000][1][safepoint    ] Leaving safepoint region
[2019-12-09T08:22:21.974+0000][1][safepoint    ] Total time for which application threads were stopped: 0.0001012 seconds, Stopping threads took: 0.0000287 seconds
[2019-12-09T08:22:22.974+0000][1][safepoint    ] Application time: 1.0000755 seconds
[2019-12-09T08:22:22.974+0000][1][safepoint    ] Entering safepoint region: Cleanup
[2019-12-09T08:22:22.974+0000][1][safepoint    ] Leaving safepoint region
[2019-12-09T08:22:22.974+0000][1][safepoint    ] Total time for which application threads were stopped: 0.0000900 seconds, Stopping threads took: 0.0000180 seconds
[2019-12-09T08:22:23.974+0000][1][safepoint    ] Application time: 1.0000746 seconds
[2019-12-09T08:22:23.974+0000][1][safepoint    ] Entering safepoint region: Cleanup
[2019-12-09T08:22:23.974+0000][1][safepoint    ] Leaving safepoint region
[2019-12-09T08:22:23.974+0000][1][safepoint    ] Total time for which application threads were stopped: 0.0000876 seconds, Stopping threads took: 0.0000176 seconds
[2019-12-09T08:22:24.974+0000][1][safepoint    ] Application time: 1.0000748 seconds
[2019-12-09T08:22:24.974+0000][1][safepoint    ] Entering safepoint region: Cleanup
[2019-12-09T08:22:24.974+0000][1][safepoint    ] Leaving safepoint region
[2019-12-09T08:22:24.974+0000][1][safepoint    ] Total time for which application threads were stopped: 0.0000875 seconds, Stopping threads took: 0.0000177 seconds
[2019-12-09T08:22:25.974+0000][1][safepoint    ] Application time: 1.0000746 seconds
[2019-12-09T08:22:25.974+0000][1][safepoint    ] Entering safepoint region: Cleanup
[2019-12-09T08:22:25.975+0000][1][safepoint    ] Leaving safepoint region
[2019-12-09T08:22:25.975+0000][1][safepoint    ] Total time for which application threads were stopped: 0.0000889 seconds, Stopping threads took: 0.0000184 seconds
[2019-12-09T08:22:26.975+0000][1][safepoint    ] Application time: 1.0000733 seconds
[2019-12-09T08:22:26.975+0000][1][safepoint    ] Entering safepoint region: Cleanup
[2019-12-09T08:22:26.975+0000][1][safepoint    ] Leaving safepoint region
[2019-12-09T08:22:26.975+0000][1][safepoint    ] Total time for which application threads were stopped: 0.0001015 seconds, Stopping threads took: 0.0000214 seconds
[2019-12-09T08:22:27.975+0000][1][safepoint    ] Application time: 1.0000742 seconds
[2019-12-09T08:22:27.975+0000][1][safepoint    ] Entering safepoint region: Cleanup
[2019-12-09T08:22:27.975+0000][1][safepoint    ] Leaving safepoint region
[2019-12-09T08:22:27.975+0000][1][safepoint    ] Total time for which application threads were stopped: 0.0000859 seconds, Stopping threads took: 0.0000174 seconds
[2019-12-09T08:22:28.975+0000][1][safepoint    ] Application time: 1.0000730 seconds
[2019-12-09T08:22:28.975+0000][1][safepoint    ] Entering safepoint region: Cleanup
[2019-12-09T08:22:28.975+0000][1][safepoint    ] Leaving safepoint region
[2019-12-09T08:22:28.975+0000][1][safepoint    ] Total time for which application threads were stopped: 0.0000838 seconds, Stopping threads took: 0.0000179 seconds
[2019-12-09T08:22:29.975+0000][1][safepoint    ] Application time: 1.0000716 seconds
[2019-12-09T08:22:29.975+0000][1][safepoint    ] Entering safepoint region: Cleanup
[2019-12-09T08:22:29.975+0000][1][safepoint    ] Leaving safepoint region
[2019-12-09T08:22:29.975+0000][1][safepoint    ] Total time for which application threads were stopped: 0.0000871 seconds, Stopping threads took: 0.0000184 seconds
[2019-12-09T08:22:30.975+0000][1][safepoint    ] Application time: 1.0000731 seconds
[2019-12-09T08:22:30.975+0000][1][safepoint    ] Entering safepoint region: Cleanup
[2019-12-09T08:22:30.975+0000][1][safepoint    ] Leaving safepoint region
[2019-12-09T08:22:30.975+0000][1][safepoint    ] Total time for which application threads were stopped: 0.0000874 seconds, Stopping threads took: 0.0000190 seconds
[2019-12-09T08:22:31.976+0000][1][safepoint    ] Application time: 1.0000751 seconds
[2019-12-09T08:22:31.976+0000][1][safepoint    ] Entering safepoint region: Cleanup
[2019-12-09T08:22:31.976+0000][1][safepoint    ] Leaving safepoint region
[2019-12-09T08:22:31.976+0000][1][safepoint    ] Total time for which application threads were stopped: 0.0000853 seconds, Stopping threads took: 0.0000170 seconds
[2019-12-09T08:22:32.976+0000][1][safepoint    ] Application time: 1.0000748 seconds
[2019-12-09T08:22:32.976+0000][1][safepoint    ] Entering safepoint region: Cleanup
[2019-12-09T08:22:32.976+0000][1][safepoint    ] Leaving safepoint region
[2019-12-09T08:22:32.976+0000][1][safepoint    ] Total time for which application threads were stopped: 0.0000839 seconds, Stopping threads took: 0.0000160 seconds
[2019-12-09T08:22:33.976+0000][1][safepoint    ] Application time: 1.0000788 seconds
[2019-12-09T08:22:33.976+0000][1][safepoint    ] Entering safepoint region: Cleanup
[2019-12-09T08:22:33.976+0000][1][safepoint    ] Leaving safepoint region
[2019-12-09T08:22:33.976+0000][1][safepoint    ] Total time for which application threads were stopped: 0.0001046 seconds, Stopping threads took: 0.0000204 seconds
[2019-12-09T08:22:34.976+0000][1][safepoint    ] Application time: 1.0000752 seconds
[2019-12-09T08:22:34.976+0000][1][safepoint    ] Entering safepoint region: Cleanup
[2019-12-09T08:22:34.976+0000][1][safepoint    ] Leaving safepoint region
[2019-12-09T08:22:34.976+0000][1][safepoint    ] Total time for which application threads were stopped: 0.0000927 seconds, Stopping threads took: 0.0000206 seconds
[2019-12-09T08:22:35.976+0000][1][safepoint    ] Application time: 1.0000755 seconds
[2019-12-09T08:22:35.976+0000][1][safepoint    ] Entering safepoint region: Cleanup
[2019-12-09T08:22:35.976+0000][1][safepoint    ] Leaving safepoint region
[2019-12-09T08:22:35.977+0000][1][safepoint    ] Total time for which application threads were stopped: 0.0001036 seconds, Stopping threads took: 0.0000205 seconds
[2019-12-09T08:22:36.977+0000][1][safepoint    ] Application time: 1.0000776 seconds
[2019-12-09T08:22:36.977+0000][1][safepoint    ] Entering safepoint region: Cleanup
[2019-12-09T08:22:36.977+0000][1][safepoint    ] Leaving safepoint region
[2019-12-09T08:22:36.977+0000][1][safepoint    ] Total time for which application threads were stopped: 0.0001033 seconds, Stopping threads took: 0.0000197 seconds
[2019-12-09T08:22:37.977+0000][1][safepoint    ] Application time: 1.0000772 seconds
[2019-12-09T08:22:37.977+0000][1][safepoint    ] Entering safepoint region: Cleanup
[2019-12-09T08:22:37.977+0000][1][safepoint    ] Leaving safepoint region
[2019-12-09T08:22:37.977+0000][1][safepoint    ] Total time for which application threads were stopped: 0.0000930 seconds, Stopping threads took: 0.0000200 seconds
[2019-12-09T08:22:38.977+0000][1][safepoint    ] Application time: 1.0000296 seconds
[2019-12-09T08:22:38.977+0000][1][safepoint    ] Entering safepoint region: Cleanup
[2019-12-09T08:22:38.977+0000][1][safepoint    ] Leaving safepoint region
[2019-12-09T08:22:38.977+0000][1][safepoint    ] Total time for which application threads were stopped: 0.0000926 seconds, Stopping threads took: 0.0000207 seconds
[2019-12-09T08:22:39.977+0000][1][safepoint    ] Application time: 1.0000768 seconds
[2019-12-09T08:22:39.977+0000][1][safepoint    ] Entering safepoint region: Cleanup
[2019-12-09T08:22:39.977+0000][1][safepoint    ] Leaving safepoint region
[2019-12-09T08:22:39.977+0000][1][safepoint    ] Total time for which application threads were stopped: 0.0000920 seconds, Stopping threads took: 0.0000192 seconds
[2019-12-09T08:22:40.977+0000][1][safepoint    ] Application time: 1.0000795 seconds
[2019-12-09T08:22:40.977+0000][1][safepoint    ] Entering safepoint region: Cleanup
[2019-12-09T08:22:40.978+0000][1][safepoint    ] Leaving safepoint region
[2019-12-09T08:22:40.978+0000][1][safepoint    ] Total time for which application threads were stopped: 0.0000945 seconds, Stopping threads took: 0.0000197 seconds
[2019-12-09T08:22:41.978+0000][1][safepoint    ] Application time: 1.0000779 seconds
[2019-12-09T08:22:41.978+0000][1][safepoint    ] Entering safepoint region: Cleanup
[2019-12-09T08:22:41.978+0000][1][safepoint    ] Leaving safepoint region
[2019-12-09T08:22:41.978+0000][1][safepoint    ] Total time for which application threads were stopped: 0.0000925 seconds, Stopping threads took: 0.0000194 seconds
[2019-12-09T08:22:42.978+0000][1][safepoint    ] Application time: 1.0000768 seconds
[2019-12-09T08:22:42.978+0000][1][safepoint    ] Entering safepoint region: Cleanup
[2019-12-09T08:22:42.978+0000][1][safepoint    ] Leaving safepoint region
[2019-12-09T08:22:42.978+0000][1][safepoint    ] Total time for which application threads were stopped: 0.0000933 seconds, Stopping threads took: 0.0000199 seconds
[2019-12-09T08:22:43.978+0000][1][safepoint    ] Application time: 1.0000750 seconds
[2019-12-09T08:22:43.978+0000][1][safepoint    ] Entering safepoint region: Cleanup
[2019-12-09T08:22:43.978+0000][1][safepoint    ] Leaving safepoint region
[2019-12-09T08:22:43.978+0000][1][safepoint    ] Total time for which application threads were stopped: 0.0000936 seconds, Stopping threads took: 0.0000193 seconds
[2019-12-09T08:22:44.978+0000][1][safepoint    ] Application time: 1.0000762 seconds
[2019-12-09T08:22:44.978+0000][1][safepoint    ] Entering safepoint region: Cleanup
[2019-12-09T08:22:44.978+0000][1][safepoint    ] Leaving safepoint region
[2019-12-09T08:22:44.978+0000][1][safepoint    ] Total time for which application threads were stopped: 0.0000938 seconds, Stopping threads took: 0.0000194 seconds
[2019-12-09T08:22:45.979+0000][1][safepoint    ] Application time: 1.0000766 seconds
[2019-12-09T08:22:45.979+0000][1][safepoint    ] Entering safepoint region: Cleanup
[2019-12-09T08:22:45.979+0000][1][safepoint    ] Leaving safepoint region
[2019-12-09T08:22:45.979+0000][1][safepoint    ] Total time for which application threads were stopped: 0.0000929 seconds, Stopping threads took: 0.0000190 seconds
[2019-12-09T08:22:46.979+0000][1][safepoint    ] Application time: 1.0000766 seconds
[2019-12-09T08:22:46.979+0000][1][safepoint    ] Entering safepoint region: Cleanup
[2019-12-09T08:22:46.979+0000][1][safepoint    ] Leaving safepoint region
[2019-12-09T08:22:46.979+0000][1][safepoint    ] Total time for which application threads were stopped: 0.0000911 seconds, Stopping threads took: 0.0000191 seconds
[2019-12-09T08:22:47.979+0000][1][safepoint    ] Application time: 1.0000759 seconds
[2019-12-09T08:22:47.979+0000][1][safepoint    ] Entering safepoint region: Cleanup
[2019-12-09T08:22:47.979+0000][1][safepoint    ] Leaving safepoint region
[2019-12-09T08:22:47.979+0000][1][safepoint    ] Total time for which application threads were stopped: 0.0000905 seconds, Stopping threads took: 0.0000177 seconds
[2019-12-09T08:22:48.979+0000][1][safepoint    ] Application time: 1.0000761 seconds
[2019-12-09T08:22:48.979+0000][1][safepoint    ] Entering safepoint region: Cleanup
[2019-12-09T08:22:48.979+0000][1][safepoint    ] Leaving safepoint region
[2019-12-09T08:22:48.979+0000][1][safepoint    ] Total time for which application threads were stopped: 0.0000921 seconds, Stopping threads took: 0.0000184 seconds
[2019-12-09T08:22:49.979+0000][1][safepoint    ] Application time: 1.0000756 seconds
[2019-12-09T08:22:49.979+0000][1][safepoint    ] Entering safepoint region: Cleanup
[2019-12-09T08:22:49.979+0000][1][safepoint    ] Leaving safepoint region
[2019-12-09T08:22:49.979+0000][1][safepoint    ] Total time for which application threads were stopped: 0.0000952 seconds, Stopping threads took: 0.0000198 seconds
[2019-12-09T08:22:50.980+0000][1][safepoint    ] Application time: 1.0000752 seconds
[2019-12-09T08:22:50.980+0000][1][safepoint    ] Entering safepoint region: Cleanup
[2019-12-09T08:22:50.980+0000][1][safepoint    ] Leaving safepoint region
[2019-12-09T08:22:50.980+0000][1][safepoint    ] Total time for which application threads were stopped: 0.0001020 seconds, Stopping threads took: 0.0000181 seconds
[2019-12-09T08:22:51.980+0000][1][safepoint    ] Application time: 1.0000763 seconds
[2019-12-09T08:22:51.980+0000][1][safepoint    ] Entering safepoint region: Cleanup
[2019-12-09T08:22:51.980+0000][1][safepoint    ] Leaving safepoint region
[2019-12-09T08:22:51.980+0000][1][safepoint    ] Total time for which application threads were stopped: 0.0000893 seconds, Stopping threads took: 0.0000187 seconds
[2019-12-09T08:22:52.980+0000][1][safepoint    ] Application time: 1.0000752 seconds
[2019-12-09T08:22:52.980+0000][1][safepoint    ] Entering safepoint region: Cleanup
[2019-12-09T08:22:52.980+0000][1][safepoint    ] Leaving safepoint region
[2019-12-09T08:22:52.980+0000][1][safepoint    ] Total time for which application threads were stopped: 0.0000892 seconds, Stopping threads took: 0.0000178 seconds
[2019-12-09T08:22:53.980+0000][1][safepoint    ] Application time: 1.0000732 seconds
[2019-12-09T08:22:53.980+0000][1][safepoint    ] Entering safepoint region: Cleanup
[2019-12-09T08:22:53.980+0000][1][safepoint    ] Leaving safepoint region
[2019-12-09T08:22:53.980+0000][1][safepoint    ] Total time for which application threads were stopped: 0.0000925 seconds, Stopping threads took: 0.0000191 seconds
[2019-12-09T08:22:54.980+0000][1][safepoint    ] Application time: 1.0000777 seconds
[2019-12-09T08:22:54.980+0000][1][safepoint    ] Entering safepoint region: Cleanup
[2019-12-09T08:22:54.980+0000][1][safepoint    ] Leaving safepoint region
[2019-12-09T08:22:54.981+0000][1][safepoint    ] Total time for which application threads were stopped: 0.0000910 seconds, Stopping threads took: 0.0000186 seconds
[2019-12-09T08:22:55.981+0000][1][safepoint    ] Application time: 1.0000734 seconds
[2019-12-09T08:22:55.981+0000][1][safepoint    ] Entering safepoint region: Cleanup
[2019-12-09T08:22:55.981+0000][1][safepoint    ] Leaving safepoint region
[2019-12-09T08:22:55.981+0000][1][safepoint    ] Total time for which application threads were stopped: 0.0001242 seconds, Stopping threads took: 0.0000273 seconds
[2019-12-09T08:22:56.981+0000][1][safepoint    ] Application time: 1.0000741 seconds
[2019-12-09T08:22:56.981+0000][1][safepoint    ] Entering safepoint region: Cleanup
[2019-12-09T08:22:56.981+0000][1][safepoint    ] Leaving safepoint region
[2019-12-09T08:22:56.981+0000][1][safepoint    ] Total time for which application threads were stopped: 0.0000911 seconds, Stopping threads took: 0.0000227 seconds
[2019-12-09T08:22:57.981+0000][1][safepoint    ] Application time: 1.0000750 seconds
[2019-12-09T08:22:57.981+0000][1][safepoint    ] Entering safepoint region: Cleanup
[2019-12-09T08:22:57.981+0000][1][safepoint    ] Leaving safepoint region
[2019-12-09T08:22:57.981+0000][1][safepoint    ] Total time for which application threads were stopped: 0.0000885 seconds, Stopping threads took: 0.0000179 seconds
[2019-12-09T08:22:58.981+0000][1][safepoint    ] Application time: 1.0000753 seconds
[2019-12-09T08:22:58.981+0000][1][safepoint    ] Entering safepoint region: Cleanup
[2019-12-09T08:22:58.981+0000][1][safepoint    ] Leaving safepoint region
[2019-12-09T08:22:58.981+0000][1][safepoint    ] Total time for which application threads were stopped: 0.0000859 seconds, Stopping threads took: 0.0000170 seconds
[2019-12-09T08:22:59.981+0000][1][safepoint    ] Application time: 1.0000749 seconds
[2019-12-09T08:22:59.981+0000][1][safepoint    ] Entering safepoint region: Cleanup
[2019-12-09T08:22:59.981+0000][1][safepoint    ] Leaving safepoint region
[2019-12-09T08:22:59.981+0000][1][safepoint    ] Total time for which application threads were stopped: 0.0000868 seconds, Stopping threads took: 0.0000181 seconds
[2019-12-09T08:23:00.982+0000][1][safepoint    ] Application time: 1.0000760 seconds
[2019-12-09T08:23:00.982+0000][1][safepoint    ] Entering safepoint region: Cleanup
[2019-12-09T08:23:00.982+0000][1][safepoint    ] Leaving safepoint region
[2019-12-09T08:23:00.982+0000][1][safepoint    ] Total time for which application threads were stopped: 0.0000999 seconds, Stopping threads took: 0.0000177 seconds
[2019-12-09T08:23:01.982+0000][1][safepoint    ] Application time: 1.0000830 seconds
[2019-12-09T08:23:01.982+0000][1][safepoint    ] Entering safepoint region: Cleanup
[2019-12-09T08:23:01.982+0000][1][safepoint    ] Leaving safepoint region
[2019-12-09T08:23:01.982+0000][1][safepoint    ] Total time for which application threads were stopped: 0.0001280 seconds, Stopping threads took: 0.0000278 seconds
[2019-12-09T08:23:02.982+0000][1][safepoint    ] Application time: 1.0000773 seconds
[2019-12-09T08:23:02.982+0000][1][safepoint    ] Entering safepoint region: Cleanup
[2019-12-09T08:23:02.982+0000][1][safepoint    ] Leaving safepoint region
[2019-12-09T08:23:02.982+0000][1][safepoint    ] Total time for which application threads were stopped: 0.0000860 seconds, Stopping threads took: 0.0000172 seconds
[2019-12-09T08:23:03.982+0000][1][safepoint    ] Application time: 1.0000770 seconds
[2019-12-09T08:23:03.982+0000][1][safepoint    ] Entering safepoint region: Cleanup
[2019-12-09T08:23:03.982+0000][1][safepoint    ] Leaving safepoint region
[2019-12-09T08:23:03.982+0000][1][safepoint    ] Total time for which application threads were stopped: 0.0000900 seconds, Stopping threads took: 0.0000177 seconds
[2019-12-09T08:23:04.982+0000][1][safepoint    ] Application time: 1.0000767 seconds
[2019-12-09T08:23:04.982+0000][1][safepoint    ] Entering safepoint region: Cleanup
[2019-12-09T08:23:04.983+0000][1][safepoint    ] Leaving safepoint region
[2019-12-09T08:23:04.983+0000][1][safepoint    ] Total time for which application threads were stopped: 0.0000858 seconds, Stopping threads took: 0.0000169 seconds
[2019-12-09T08:23:05.983+0000][1][safepoint    ] Application time: 1.0000757 seconds
[2019-12-09T08:23:05.983+0000][1][safepoint    ] Entering safepoint region: Cleanup
[2019-12-09T08:23:05.983+0000][1][safepoint    ] Leaving safepoint region
[2019-12-09T08:23:05.983+0000][1][safepoint    ] Total time for which application threads were stopped: 0.0000967 seconds, Stopping threads took: 0.0000178 seconds
[2019-12-09T08:23:06.983+0000][1][safepoint    ] Application time: 1.0000757 seconds
[2019-12-09T08:23:06.983+0000][1][safepoint    ] Entering safepoint region: Cleanup
[2019-12-09T08:23:06.983+0000][1][safepoint    ] Leaving safepoint region
[2019-12-09T08:23:06.983+0000][1][safepoint    ] Total time for which application threads were stopped: 0.0000906 seconds, Stopping threads took: 0.0000185 seconds
[2019-12-09T08:23:07.983+0000][1][safepoint    ] Application time: 1.0000751 seconds
[2019-12-09T08:23:07.983+0000][1][safepoint    ] Entering safepoint region: Cleanup
[2019-12-09T08:23:07.983+0000][1][safepoint    ] Leaving safepoint region
[2019-12-09T08:23:07.983+0000][1][safepoint    ] Total time for which application threads were stopped: 0.0000883 seconds, Stopping threads took: 0.0000185 seconds
[2019-12-09T08:23:08.983+0000][1][safepoint    ] Application time: 1.0000813 seconds
[2019-12-09T08:23:08.983+0000][1][safepoint    ] Entering safepoint region: Cleanup
[2019-12-09T08:23:08.983+0000][1][safepoint    ] Leaving safepoint region
[2019-12-09T08:23:08.983+0000][1][safepoint    ] Total time for which application threads were stopped: 0.0000892 seconds, Stopping threads took: 0.0000181 seconds
[2019-12-09T08:23:09.983+0000][1][safepoint    ] Application time: 1.0000749 seconds
[2019-12-09T08:23:09.983+0000][1][safepoint    ] Entering safepoint region: Cleanup
[2019-12-09T08:23:09.984+0000][1][safepoint    ] Leaving safepoint region
[2019-12-09T08:23:09.984+0000][1][safepoint    ] Total time for which application threads were stopped: 0.0000914 seconds, Stopping threads took: 0.0000190 seconds
[2019-12-09T08:23:10.984+0000][1][safepoint    ] Application time: 1.0000758 seconds
[2019-12-09T08:23:10.984+0000][1][safepoint    ] Entering safepoint region: Cleanup
[2019-12-09T08:23:10.984+0000][1][safepoint    ] Leaving safepoint region
[2019-12-09T08:23:10.984+0000][1][safepoint    ] Total time for which application threads were stopped: 0.0001085 seconds, Stopping threads took: 0.0000189 seconds
[2019-12-09T08:23:11.984+0000][1][safepoint    ] Application time: 1.0000737 seconds
[2019-12-09T08:23:11.984+0000][1][safepoint    ] Entering safepoint region: Cleanup
[2019-12-09T08:23:11.984+0000][1][safepoint    ] Leaving safepoint region
[2019-12-09T08:23:11.984+0000][1][safepoint    ] Total time for which application threads were stopped: 0.0000916 seconds, Stopping threads took: 0.0000185 seconds
[2019-12-09T08:23:12.984+0000][1][safepoint    ] Application time: 1.0000746 seconds
[2019-12-09T08:23:12.984+0000][1][safepoint    ] Entering safepoint region: Cleanup
[2019-12-09T08:23:12.984+0000][1][safepoint    ] Leaving safepoint region
[2019-12-09T08:23:12.984+0000][1][safepoint    ] Total time for which application threads were stopped: 0.0001024 seconds, Stopping threads took: 0.0000180 seconds
[2019-12-09T08:23:13.984+0000][1][safepoint    ] Application time: 1.0000761 seconds
[2019-12-09T08:23:13.984+0000][1][safepoint    ] Entering safepoint region: Cleanup
[2019-12-09T08:23:13.984+0000][1][safepoint    ] Leaving safepoint region
[2019-12-09T08:23:13.984+0000][1][safepoint    ] Total time for which application threads were stopped: 0.0000871 seconds, Stopping threads took: 0.0000179 seconds
[2019-12-09T08:23:14.984+0000][1][safepoint    ] Application time: 1.0000762 seconds
[2019-12-09T08:23:14.984+0000][1][safepoint    ] Entering safepoint region: Cleanup
[2019-12-09T08:23:14.985+0000][1][safepoint    ] Leaving safepoint region
[2019-12-09T08:23:14.985+0000][1][safepoint    ] Total time for which application threads were stopped: 0.0000902 seconds, Stopping threads took: 0.0000192 seconds
[2019-12-09T08:23:15.985+0000][1][safepoint    ] Application time: 1.0000791 seconds
[2019-12-09T08:23:15.985+0000][1][safepoint    ] Entering safepoint region: Cleanup
[2019-12-09T08:23:15.985+0000][1][safepoint    ] Leaving safepoint region
[2019-12-09T08:23:15.985+0000][1][safepoint    ] Total time for which application threads were stopped: 0.0001129 seconds, Stopping threads took: 0.0000213 seconds
[2019-12-09T08:23:16.985+0000][1][safepoint    ] Application time: 1.0000773 seconds
[2019-12-09T08:23:16.985+0000][1][safepoint    ] Entering safepoint region: Cleanup
[2019-12-09T08:23:16.985+0000][1][safepoint    ] Leaving safepoint region
[2019-12-09T08:23:16.985+0000][1][safepoint    ] Total time for which application threads were stopped: 0.0000928 seconds, Stopping threads took: 0.0000199 seconds
[2019-12-09T08:23:17.985+0000][1][safepoint    ] Application time: 1.0000769 seconds
[2019-12-09T08:23:17.985+0000][1][safepoint    ] Entering safepoint region: Cleanup
[2019-12-09T08:23:17.985+0000][1][safepoint    ] Leaving safepoint region
[2019-12-09T08:23:17.985+0000][1][safepoint    ] Total time for which application threads were stopped: 0.0000975 seconds, Stopping threads took: 0.0000196 seconds
[2019-12-09T08:23:18.985+0000][1][safepoint    ] Application time: 1.0000768 seconds
[2019-12-09T08:23:18.985+0000][1][safepoint    ] Entering safepoint region: Cleanup
[2019-12-09T08:23:18.985+0000][1][safepoint    ] Leaving safepoint region
[2019-12-09T08:23:18.985+0000][1][safepoint    ] Total time for which application threads were stopped: 0.0000943 seconds, Stopping threads took: 0.0000200 seconds
[2019-12-09T08:23:19.986+0000][1][safepoint    ] Application time: 1.0000768 seconds
[2019-12-09T08:23:19.986+0000][1][safepoint    ] Entering safepoint region: Cleanup
[2019-12-09T08:23:19.986+0000][1][safepoint    ] Leaving safepoint region
[2019-12-09T08:23:19.986+0000][1][safepoint    ] Total time for which application threads were stopped: 0.0000938 seconds, Stopping threads took: 0.0000201 seconds
[2019-12-09T08:23:20.986+0000][1][safepoint    ] Application time: 1.0000761 seconds
[2019-12-09T08:23:20.986+0000][1][safepoint    ] Entering safepoint region: Cleanup
[2019-12-09T08:23:20.986+0000][1][safepoint    ] Leaving safepoint region
[2019-12-09T08:23:20.986+0000][1][safepoint    ] Total time for which application threads were stopped: 0.0000917 seconds, Stopping threads took: 0.0000186 seconds
[2019-12-09T08:23:21.986+0000][1][safepoint    ] Application time: 1.0000763 seconds
[2019-12-09T08:23:21.986+0000][1][safepoint    ] Entering safepoint region: Cleanup
[2019-12-09T08:23:21.986+0000][1][safepoint    ] Leaving safepoint region
[2019-12-09T08:23:21.986+0000][1][safepoint    ] Total time for which application threads were stopped: 0.0000926 seconds, Stopping threads took: 0.0000200 seconds
[2019-12-09T08:23:22.986+0000][1][safepoint    ] Application time: 1.0000755 seconds
[2019-12-09T08:23:22.986+0000][1][safepoint    ] Entering safepoint region: Cleanup
[2019-12-09T08:23:22.986+0000][1][safepoint    ] Leaving safepoint region
[2019-12-09T08:23:22.986+0000][1][safepoint    ] Total time for which application threads were stopped: 0.0000939 seconds, Stopping threads took: 0.0000189 seconds
[2019-12-09T08:23:23.986+0000][1][safepoint    ] Application time: 1.0000773 seconds
[2019-12-09T08:23:23.986+0000][1][safepoint    ] Entering safepoint region: Cleanup
[2019-12-09T08:23:23.986+0000][1][safepoint    ] Leaving safepoint region
[2019-12-09T08:23:23.986+0000][1][safepoint    ] Total time for which application threads were stopped: 0.0000935 seconds, Stopping threads took: 0.0000195 seconds
[2019-12-09T08:23:24.987+0000][1][safepoint    ] Application time: 1.0000782 seconds
[2019-12-09T08:23:24.987+0000][1][safepoint    ] Entering safepoint region: Cleanup
[2019-12-09T08:23:24.987+0000][1][safepoint    ] Leaving safepoint region
[2019-12-09T08:23:24.987+0000][1][safepoint    ] Total time for which application threads were stopped: 0.0001066 seconds, Stopping threads took: 0.0000198 seconds
[2019-12-09T08:23:25.987+0000][1][safepoint    ] Application time: 1.0000763 seconds
[2019-12-09T08:23:25.987+0000][1][safepoint    ] Entering safepoint region: Cleanup
[2019-12-09T08:23:25.987+0000][1][safepoint    ] Leaving safepoint region
[2019-12-09T08:23:25.987+0000][1][safepoint    ] Total time for which application threads were stopped: 0.0000951 seconds, Stopping threads took: 0.0000205 seconds
[2019-12-09T08:23:26.987+0000][1][safepoint    ] Application time: 1.0000762 seconds
[2019-12-09T08:23:26.987+0000][1][safepoint    ] Entering safepoint region: Cleanup
[2019-12-09T08:23:26.987+0000][1][safepoint    ] Leaving safepoint region
[2019-12-09T08:23:26.987+0000][1][safepoint    ] Total time for which application threads were stopped: 0.0000999 seconds, Stopping threads took: 0.0000239 seconds
[2019-12-09T08:23:27.987+0000][1][safepoint    ] Application time: 1.0000767 seconds
[2019-12-09T08:23:27.987+0000][1][safepoint    ] Entering safepoint region: Cleanup
[2019-12-09T08:23:27.987+0000][1][safepoint    ] Leaving safepoint region
[2019-12-09T08:23:27.987+0000][1][safepoint    ] Total time for which application threads were stopped: 0.0000942 seconds, Stopping threads took: 0.0000185 seconds
[2019-12-09T08:23:28.987+0000][1][safepoint    ] Application time: 1.0000759 seconds
[2019-12-09T08:23:28.988+0000][1][safepoint    ] Entering safepoint region: Cleanup
[2019-12-09T08:23:28.988+0000][1][safepoint    ] Leaving safepoint region
[2019-12-09T08:23:28.988+0000][1][safepoint    ] Total time for which application threads were stopped: 0.0000992 seconds, Stopping threads took: 0.0000191 seconds
[2019-12-09T08:23:29.988+0000][1][safepoint    ] Application time: 1.0000755 seconds
[2019-12-09T08:23:29.988+0000][1][safepoint    ] Entering safepoint region: Cleanup
[2019-12-09T08:23:29.988+0000][1][safepoint    ] Leaving safepoint region
[2019-12-09T08:23:29.988+0000][1][safepoint    ] Total time for which application threads were stopped: 0.0000925 seconds, Stopping threads took: 0.0000186 seconds
[2019-12-09T08:23:31.372+0000][1][safepoint    ] Application time: 1.3845144 seconds
[2019-12-09T08:23:31.372+0000][1][safepoint    ] Entering safepoint region: Cleanup
[2019-12-09T08:23:31.372+0000][1][safepoint    ] Leaving safepoint region
[2019-12-09T08:23:31.372+0000][1][safepoint    ] Total time for which application threads were stopped: 0.0000963 seconds, Stopping threads took: 0.0000204 seconds
[2019-12-09T08:23:32.373+0000][1][safepoint    ] Application time: 1.0000769 seconds
[2019-12-09T08:23:32.373+0000][1][safepoint    ] Entering safepoint region: Cleanup
[2019-12-09T08:23:32.373+0000][1][safepoint    ] Leaving safepoint region
[2019-12-09T08:23:32.373+0000][1][safepoint    ] Total time for which application threads were stopped: 0.0001012 seconds, Stopping threads took: 0.0000193 seconds
[2019-12-09T08:23:33.373+0000][1][safepoint    ] Application time: 1.0000748 seconds
[2019-12-09T08:23:33.373+0000][1][safepoint    ] Entering safepoint region: Cleanup
[2019-12-09T08:23:33.373+0000][1][safepoint    ] Leaving safepoint region
[2019-12-09T08:23:33.373+0000][1][safepoint    ] Total time for which application threads were stopped: 0.0000974 seconds, Stopping threads took: 0.0000226 seconds
[2019-12-09T08:23:33.530+0000][1][safepoint    ] Application time: 0.1574307 seconds
[2019-12-09T08:23:33.530+0000][1][safepoint    ] Entering safepoint region: GenCollectForAllocation
[2019-12-09T08:23:33.531+0000][1][gc,start     ] GC(71) Pause Young (Allocation Failure)
[2019-12-09T08:23:33.531+0000][1][gc,task      ] GC(71) Using 2 workers of 2 for evacuation
[2019-12-09T08:23:33.532+0000][1][gc,age       ] GC(71) Desired survivor size 4456448 bytes, new threshold 6 (max threshold 6)
[2019-12-09T08:23:33.532+0000][1][gc,age       ] GC(71) Age table with threshold 6 (max threshold 6)
[2019-12-09T08:23:33.532+0000][1][gc,age       ] GC(71) - age   1:       9168 bytes,       9168 total
[2019-12-09T08:23:33.532+0000][1][gc,age       ] GC(71) - age   2:        152 bytes,       9320 total
[2019-12-09T08:23:33.532+0000][1][gc,age       ] GC(71) - age   3:        816 bytes,      10136 total
[2019-12-09T08:23:33.532+0000][1][gc,age       ] GC(71) - age   6:        400 bytes,      10536 total
[2019-12-09T08:23:33.532+0000][1][gc,heap      ] GC(71) ParNew: 69971K->12K(78656K)
[2019-12-09T08:23:33.532+0000][1][gc,heap      ] GC(71) CMS: 75191K->75191K(174784K)
[2019-12-09T08:23:33.532+0000][1][gc,metaspace ] GC(71) Metaspace: 79561K->79561K(1122304K)
[2019-12-09T08:23:33.532+0000][1][gc           ] GC(71) Pause Young (Allocation Failure) 141M->73M(247M) 1.624ms
[2019-12-09T08:23:33.532+0000][1][gc,cpu       ] GC(71) User=0.00s Sys=0.00s Real=0.00s
[2019-12-09T08:23:33.532+0000][1][safepoint    ] Leaving safepoint region
[2019-12-09T08:23:33.532+0000][1][safepoint    ] Total time for which application threads were stopped: 0.0017753 seconds, Stopping threads took: 0.0000163 seconds
[2019-12-09T08:23:34.532+0000][1][safepoint    ] Application time: 1.0000848 seconds
[2019-12-09T08:23:34.532+0000][1][safepoint    ] Entering safepoint region: Cleanup
[2019-12-09T08:23:34.532+0000][1][safepoint    ] Leaving safepoint region
[2019-12-09T08:23:34.532+0000][1][safepoint    ] Total time for which application threads were stopped: 0.0000933 seconds, Stopping threads took: 0.0000240 seconds
[2019-12-09T08:23:35.532+0000][1][safepoint    ] Application time: 1.0000793 seconds
[2019-12-09T08:23:35.533+0000][1][safepoint    ] Entering safepoint region: Cleanup
[2019-12-09T08:23:35.533+0000][1][safepoint    ] Leaving safepoint region
[2019-12-09T08:23:35.533+0000][1][safepoint    ] Total time for which application threads were stopped: 0.0000949 seconds, Stopping threads took: 0.0000251 seconds
[2019-12-09T08:23:36.533+0000][1][safepoint    ] Application time: 1.0000807 seconds
[2019-12-09T08:23:36.533+0000][1][safepoint    ] Entering safepoint region: Cleanup
[2019-12-09T08:23:36.533+0000][1][safepoint    ] Leaving safepoint region
[2019-12-09T08:23:36.533+0000][1][safepoint    ] Total time for which application threads were stopped: 0.0001248 seconds, Stopping threads took: 0.0000538 seconds
[2019-12-09T08:23:37.533+0000][1][safepoint    ] Application time: 1.0000839 seconds
[2019-12-09T08:23:37.533+0000][1][safepoint    ] Entering safepoint region: Cleanup
[2019-12-09T08:23:37.533+0000][1][safepoint    ] Leaving safepoint region
[2019-12-09T08:23:37.533+0000][1][safepoint    ] Total time for which application threads were stopped: 0.0001269 seconds, Stopping threads took: 0.0000519 seconds
[2019-12-09T08:23:38.533+0000][1][safepoint    ] Application time: 1.0000805 seconds
[2019-12-09T08:23:38.533+0000][1][safepoint    ] Entering safepoint region: Cleanup
[2019-12-09T08:23:38.533+0000][1][safepoint    ] Leaving safepoint region
[2019-12-09T08:23:38.533+0000][1][safepoint    ] Total time for which application threads were stopped: 0.0000933 seconds, Stopping threads took: 0.0000191 seconds
[2019-12-09T08:23:39.533+0000][1][safepoint    ] Application time: 1.0000762 seconds
[2019-12-09T08:23:39.533+0000][1][safepoint    ] Entering safepoint region: Cleanup
[2019-12-09T08:23:39.534+0000][1][safepoint    ] Leaving safepoint region
[2019-12-09T08:23:39.534+0000][1][safepoint    ] Total time for which application threads were stopped: 0.0000925 seconds, Stopping threads took: 0.0000178 seconds
[2019-12-09T08:23:40.534+0000][1][safepoint    ] Application time: 1.0000770 seconds
[2019-12-09T08:23:40.534+0000][1][safepoint    ] Entering safepoint region: Cleanup
[2019-12-09T08:23:40.534+0000][1][safepoint    ] Leaving safepoint region
[2019-12-09T08:23:40.534+0000][1][safepoint    ] Total time for which application threads were stopped: 0.0000931 seconds, Stopping threads took: 0.0000177 seconds
[2019-12-09T08:23:41.534+0000][1][safepoint    ] Application time: 1.0000759 seconds
[2019-12-09T08:23:41.534+0000][1][safepoint    ] Entering safepoint region: Cleanup
[2019-12-09T08:23:41.534+0000][1][safepoint    ] Leaving safepoint region
[2019-12-09T08:23:41.534+0000][1][safepoint    ] Total time for which application threads were stopped: 0.0000947 seconds, Stopping threads took: 0.0000186 seconds
[2019-12-09T08:23:42.534+0000][1][safepoint    ] Application time: 1.0000785 seconds
[2019-12-09T08:23:42.534+0000][1][safepoint    ] Entering safepoint region: Cleanup
[2019-12-09T08:23:42.534+0000][1][safepoint    ] Leaving safepoint region
[2019-12-09T08:23:42.534+0000][1][safepoint    ] Total time for which application threads were stopped: 0.0001007 seconds, Stopping threads took: 0.0000185 seconds
[2019-12-09T08:23:43.534+0000][1][safepoint    ] Application time: 1.0000751 seconds
[2019-12-09T08:23:43.534+0000][1][safepoint    ] Entering safepoint region: Cleanup
[2019-12-09T08:23:43.534+0000][1][safepoint    ] Leaving safepoint region
[2019-12-09T08:23:43.534+0000][1][safepoint    ] Total time for which application threads were stopped: 0.0000961 seconds, Stopping threads took: 0.0000277 seconds
[2019-12-09T08:23:44.535+0000][1][safepoint    ] Application time: 1.0000756 seconds
[2019-12-09T08:23:44.535+0000][1][safepoint    ] Entering safepoint region: Cleanup
[2019-12-09T08:23:44.535+0000][1][safepoint    ] Leaving safepoint region
[2019-12-09T08:23:44.535+0000][1][safepoint    ] Total time for which application threads were stopped: 0.0001067 seconds, Stopping threads took: 0.0000184 seconds
[2019-12-09T08:23:45.535+0000][1][safepoint    ] Application time: 1.0000738 seconds
[2019-12-09T08:23:45.535+0000][1][safepoint    ] Entering safepoint region: Cleanup
[2019-12-09T08:23:45.535+0000][1][safepoint    ] Leaving safepoint region
[2019-12-09T08:23:45.535+0000][1][safepoint    ] Total time for which application threads were stopped: 0.0000860 seconds, Stopping threads took: 0.0000166 seconds
[2019-12-09T08:23:46.535+0000][1][safepoint    ] Application time: 1.0000738 seconds
[2019-12-09T08:23:46.535+0000][1][safepoint    ] Entering safepoint region: Cleanup
[2019-12-09T08:23:46.535+0000][1][safepoint    ] Leaving safepoint region
[2019-12-09T08:23:46.535+0000][1][safepoint    ] Total time for which application threads were stopped: 0.0000846 seconds, Stopping threads took: 0.0000170 seconds
[2019-12-09T08:24:59.540+0000][1][safepoint    ] Application time: 73.0049075 seconds
[2019-12-09T08:24:59.540+0000][1][safepoint    ] Entering safepoint region: Cleanup
[2019-12-09T08:24:59.540+0000][1][safepoint    ] Leaving safepoint region
[2019-12-09T08:24:59.540+0000][1][safepoint    ] Total time for which application threads were stopped: 0.0001025 seconds, Stopping threads took: 0.0000190 seconds
[2019-12-09T08:25:00.540+0000][1][safepoint    ] Application time: 1.0000756 seconds
[2019-12-09T08:25:00.540+0000][1][safepoint    ] Entering safepoint region: Cleanup
[2019-12-09T08:25:00.540+0000][1][safepoint    ] Leaving safepoint region
[2019-12-09T08:25:00.540+0000][1][safepoint    ] Total time for which application threads were stopped: 0.0000942 seconds, Stopping threads took: 0.0000184 seconds
[2019-12-09T08:25:10.541+0000][1][safepoint    ] Application time: 10.0006811 seconds
[2019-12-09T08:25:10.541+0000][1][safepoint    ] Entering safepoint region: Cleanup
[2019-12-09T08:25:10.541+0000][1][safepoint    ] Leaving safepoint region
[2019-12-09T08:25:10.541+0000][1][safepoint    ] Total time for which application threads were stopped: 0.0000956 seconds, Stopping threads took: 0.0000181 seconds
[2019-12-09T08:25:28.567+0000][1][safepoint    ] Application time: 18.0262670 seconds
[2019-12-09T08:25:28.568+0000][1][safepoint    ] Entering safepoint region: GenCollectForAllocation
[2019-12-09T08:25:28.568+0000][1][gc,start     ] GC(72) Pause Young (Allocation Failure)
[2019-12-09T08:25:28.568+0000][1][gc,task      ] GC(72) Using 2 workers of 2 for evacuation
[2019-12-09T08:25:28.569+0000][1][gc,age       ] GC(72) Desired survivor size 4456448 bytes, new threshold 6 (max threshold 6)
[2019-12-09T08:25:28.569+0000][1][gc,age       ] GC(72) Age table with threshold 6 (max threshold 6)
[2019-12-09T08:25:28.569+0000][1][gc,age       ] GC(72) - age   1:       8808 bytes,       8808 total
[2019-12-09T08:25:28.569+0000][1][gc,age       ] GC(72) - age   2:        528 bytes,       9336 total
[2019-12-09T08:25:28.569+0000][1][gc,age       ] GC(72) - age   3:        152 bytes,       9488 total
[2019-12-09T08:25:28.569+0000][1][gc,age       ] GC(72) - age   4:        696 bytes,      10184 total
[2019-12-09T08:25:28.569+0000][1][gc,heap      ] GC(72) ParNew: 69964K->13K(78656K)
[2019-12-09T08:25:28.569+0000][1][gc,heap      ] GC(72) CMS: 75191K->75192K(174784K)
[2019-12-09T08:25:28.569+0000][1][gc,metaspace ] GC(72) Metaspace: 79562K->79562K(1122304K)
[2019-12-09T08:25:28.569+0000][1][gc           ] GC(72) Pause Young (Allocation Failure) 141M->73M(247M) 1.599ms
[2019-12-09T08:25:28.569+0000][1][gc,cpu       ] GC(72) User=0.00s Sys=0.00s Real=0.00s
[2019-12-09T08:25:28.569+0000][1][safepoint    ] Leaving safepoint region
[2019-12-09T08:25:28.569+0000][1][safepoint    ] Total time for which application threads were stopped: 0.0017571 seconds, Stopping threads took: 0.0000180 seconds
[2019-12-09T08:25:30.569+0000][1][safepoint    ] Application time: 2.0001501 seconds
[2019-12-09T08:25:30.569+0000][1][safepoint    ] Entering safepoint region: Cleanup
[2019-12-09T08:25:30.570+0000][1][safepoint    ] Leaving safepoint region
[2019-12-09T08:25:30.570+0000][1][safepoint    ] Total time for which application threads were stopped: 0.0000940 seconds, Stopping threads took: 0.0000170 seconds
[2019-12-09T08:25:51.571+0000][1][safepoint    ] Application time: 21.0013582 seconds
[2019-12-09T08:25:51.571+0000][1][safepoint    ] Entering safepoint region: Cleanup
[2019-12-09T08:25:51.571+0000][1][safepoint    ] Leaving safepoint region
[2019-12-09T08:25:51.571+0000][1][safepoint    ] Total time for which application threads were stopped: 0.0001059 seconds, Stopping threads took: 0.0000285 seconds
[2019-12-09T08:26:31.574+0000][1][safepoint    ] Application time: 40.0027862 seconds
[2019-12-09T08:26:31.574+0000][1][safepoint    ] Entering safepoint region: Cleanup
[2019-12-09T08:26:31.574+0000][1][safepoint    ] Leaving safepoint region
[2019-12-09T08:26:31.574+0000][1][safepoint    ] Total time for which application threads were stopped: 0.0000932 seconds, Stopping threads took: 0.0000183 seconds
[2019-12-09T08:26:38.574+0000][1][safepoint    ] Application time: 7.0004657 seconds
[2019-12-09T08:26:38.574+0000][1][safepoint    ] Entering safepoint region: Cleanup
[2019-12-09T08:26:38.575+0000][1][safepoint    ] Leaving safepoint region
[2019-12-09T08:26:38.575+0000][1][safepoint    ] Total time for which application threads were stopped: 0.0000936 seconds, Stopping threads took: 0.0000164 seconds
[2019-12-09T08:26:39.575+0000][1][safepoint    ] Application time: 1.0000749 seconds
[2019-12-09T08:26:39.575+0000][1][safepoint    ] Entering safepoint region: Cleanup
[2019-12-09T08:26:39.575+0000][1][safepoint    ] Leaving safepoint region
[2019-12-09T08:26:39.575+0000][1][safepoint    ] Total time for which application threads were stopped: 0.0000976 seconds, Stopping threads took: 0.0000292 seconds
[2019-12-09T08:26:40.575+0000][1][safepoint    ] Application time: 1.0000741 seconds
[2019-12-09T08:26:40.575+0000][1][safepoint    ] Entering safepoint region: Cleanup
[2019-12-09T08:26:40.575+0000][1][safepoint    ] Leaving safepoint region
[2019-12-09T08:26:40.575+0000][1][safepoint    ] Total time for which application threads were stopped: 0.0000847 seconds, Stopping threads took: 0.0000169 seconds
[2019-12-09T08:26:41.575+0000][1][safepoint    ] Application time: 1.0000735 seconds
[2019-12-09T08:26:41.575+0000][1][safepoint    ] Entering safepoint region: Cleanup
[2019-12-09T08:26:41.575+0000][1][safepoint    ] Leaving safepoint region
[2019-12-09T08:26:41.575+0000][1][safepoint    ] Total time for which application threads were stopped: 0.0000868 seconds, Stopping threads took: 0.0000171 seconds
[2019-12-09T08:26:42.575+0000][1][safepoint    ] Application time: 1.0000745 seconds
[2019-12-09T08:26:42.575+0000][1][safepoint    ] Entering safepoint region: Cleanup
[2019-12-09T08:26:42.575+0000][1][safepoint    ] Leaving safepoint region
[2019-12-09T08:26:42.575+0000][1][safepoint    ] Total time for which application threads were stopped: 0.0000933 seconds, Stopping threads took: 0.0000233 seconds
[2019-12-09T08:26:43.575+0000][1][safepoint    ] Application time: 1.0000746 seconds
[2019-12-09T08:26:43.575+0000][1][safepoint    ] Entering safepoint region: Cleanup
[2019-12-09T08:26:43.576+0000][1][safepoint    ] Leaving safepoint region
[2019-12-09T08:26:43.576+0000][1][safepoint    ] Total time for which application threads were stopped: 0.0000836 seconds, Stopping threads took: 0.0000164 seconds
[2019-12-09T08:26:44.576+0000][1][safepoint    ] Application time: 1.0000746 seconds
[2019-12-09T08:26:44.576+0000][1][safepoint    ] Entering safepoint region: Cleanup
[2019-12-09T08:26:44.576+0000][1][safepoint    ] Leaving safepoint region
[2019-12-09T08:26:44.576+0000][1][safepoint    ] Total time for which application threads were stopped: 0.0000963 seconds, Stopping threads took: 0.0000169 seconds
[2019-12-09T08:26:45.576+0000][1][safepoint    ] Application time: 1.0000747 seconds
[2019-12-09T08:26:45.576+0000][1][safepoint    ] Entering safepoint region: Cleanup
[2019-12-09T08:26:45.576+0000][1][safepoint    ] Leaving safepoint region
[2019-12-09T08:26:45.576+0000][1][safepoint    ] Total time for which application threads were stopped: 0.0000834 seconds, Stopping threads took: 0.0000163 seconds
[2019-12-09T08:26:46.576+0000][1][safepoint    ] Application time: 1.0000759 seconds
[2019-12-09T08:26:46.576+0000][1][safepoint    ] Entering safepoint region: Cleanup
[2019-12-09T08:26:46.576+0000][1][safepoint    ] Leaving safepoint region
[2019-12-09T08:26:46.576+0000][1][safepoint    ] Total time for which application threads were stopped: 0.0000948 seconds, Stopping threads took: 0.0000227 seconds
[2019-12-09T08:26:47.576+0000][1][safepoint    ] Application time: 1.0000755 seconds
[2019-12-09T08:26:47.576+0000][1][safepoint    ] Entering safepoint region: Cleanup
[2019-12-09T08:26:47.576+0000][1][safepoint    ] Leaving safepoint region
[2019-12-09T08:26:47.576+0000][1][safepoint    ] Total time for which application threads were stopped: 0.0000944 seconds, Stopping threads took: 0.0000229 seconds
[2019-12-09T08:26:48.576+0000][1][safepoint    ] Application time: 1.0000733 seconds
[2019-12-09T08:26:48.576+0000][1][safepoint    ] Entering safepoint region: Cleanup
[2019-12-09T08:26:48.576+0000][1][safepoint    ] Leaving safepoint region
[2019-12-09T08:26:48.576+0000][1][safepoint    ] Total time for which application threads were stopped: 0.0000872 seconds, Stopping threads took: 0.0000172 seconds
[2019-12-09T08:26:49.577+0000][1][safepoint    ] Application time: 1.0000757 seconds
[2019-12-09T08:26:49.577+0000][1][safepoint    ] Entering safepoint region: Cleanup
[2019-12-09T08:26:49.577+0000][1][safepoint    ] Leaving safepoint region
[2019-12-09T08:26:49.577+0000][1][safepoint    ] Total time for which application threads were stopped: 0.0000873 seconds, Stopping threads took: 0.0000176 seconds
[2019-12-09T08:26:50.577+0000][1][safepoint    ] Application time: 1.0000871 seconds
[2019-12-09T08:26:50.577+0000][1][safepoint    ] Entering safepoint region: Cleanup
[2019-12-09T08:26:50.577+0000][1][safepoint    ] Leaving safepoint region
[2019-12-09T08:26:50.577+0000][1][safepoint    ] Total time for which application threads were stopped: 0.0000853 seconds, Stopping threads took: 0.0000180 seconds
[2019-12-09T08:26:51.577+0000][1][safepoint    ] Application time: 1.0000749 seconds
[2019-12-09T08:26:51.577+0000][1][safepoint    ] Entering safepoint region: Cleanup
[2019-12-09T08:26:51.577+0000][1][safepoint    ] Leaving safepoint region
[2019-12-09T08:26:51.577+0000][1][safepoint    ] Total time for which application threads were stopped: 0.0000872 seconds, Stopping threads took: 0.0000167 seconds
[2019-12-09T08:26:52.577+0000][1][safepoint    ] Application time: 1.0000749 seconds
[2019-12-09T08:26:52.577+0000][1][safepoint    ] Entering safepoint region: Cleanup
[2019-12-09T08:26:52.577+0000][1][safepoint    ] Leaving safepoint region
[2019-12-09T08:26:52.577+0000][1][safepoint    ] Total time for which application threads were stopped: 0.0000864 seconds, Stopping threads took: 0.0000165 seconds
[2019-12-09T08:26:53.577+0000][1][safepoint    ] Application time: 1.0000742 seconds
[2019-12-09T08:26:53.577+0000][1][safepoint    ] Entering safepoint region: Cleanup
[2019-12-09T08:26:53.577+0000][1][safepoint    ] Leaving safepoint region
[2019-12-09T08:26:53.577+0000][1][safepoint    ] Total time for which application threads were stopped: 0.0000850 seconds, Stopping threads took: 0.0000172 seconds
[2019-12-09T08:26:54.730+0000][1][safepoint    ] Application time: 1.1524085 seconds
[2019-12-09T08:26:54.730+0000][1][safepoint    ] Entering safepoint region: Cleanup
[2019-12-09T08:26:54.730+0000][1][safepoint    ] Leaving safepoint region
[2019-12-09T08:26:54.730+0000][1][safepoint    ] Total time for which application threads were stopped: 0.0000959 seconds, Stopping threads took: 0.0000184 seconds
[2019-12-09T08:26:55.730+0000][1][safepoint    ] Application time: 1.0000747 seconds
[2019-12-09T08:26:55.730+0000][1][safepoint    ] Entering safepoint region: Cleanup
[2019-12-09T08:26:55.730+0000][1][safepoint    ] Leaving safepoint region
[2019-12-09T08:26:55.730+0000][1][safepoint    ] Total time for which application threads were stopped: 0.0000913 seconds, Stopping threads took: 0.0000187 seconds
[2019-12-09T08:26:56.730+0000][1][safepoint    ] Application time: 1.0000757 seconds
[2019-12-09T08:26:56.730+0000][1][safepoint    ] Entering safepoint region: Cleanup
[2019-12-09T08:26:56.730+0000][1][safepoint    ] Leaving safepoint region
[2019-12-09T08:26:56.730+0000][1][safepoint    ] Total time for which application threads were stopped: 0.0000925 seconds, Stopping threads took: 0.0000189 seconds
[2019-12-09T08:26:57.730+0000][1][safepoint    ] Application time: 1.0000740 seconds
[2019-12-09T08:26:57.731+0000][1][safepoint    ] Entering safepoint region: Cleanup
[2019-12-09T08:26:57.731+0000][1][safepoint    ] Leaving safepoint region
[2019-12-09T08:26:57.731+0000][1][safepoint    ] Total time for which application threads were stopped: 0.0000930 seconds, Stopping threads took: 0.0000193 seconds
[2019-12-09T08:26:58.731+0000][1][safepoint    ] Application time: 1.0000734 seconds
[2019-12-09T08:26:58.731+0000][1][safepoint    ] Entering safepoint region: Cleanup
[2019-12-09T08:26:58.731+0000][1][safepoint    ] Leaving safepoint region
[2019-12-09T08:26:58.731+0000][1][safepoint    ] Total time for which application threads were stopped: 0.0000911 seconds, Stopping threads took: 0.0000185 seconds
[2019-12-09T08:26:59.731+0000][1][safepoint    ] Application time: 1.0000787 seconds
[2019-12-09T08:26:59.731+0000][1][safepoint    ] Entering safepoint region: Cleanup
[2019-12-09T08:26:59.731+0000][1][safepoint    ] Leaving safepoint region
[2019-12-09T08:26:59.731+0000][1][safepoint    ] Total time for which application threads were stopped: 0.0000942 seconds, Stopping threads took: 0.0000201 seconds
[2019-12-09T08:27:00.731+0000][1][safepoint    ] Application time: 1.0000774 seconds
[2019-12-09T08:27:00.731+0000][1][safepoint    ] Entering safepoint region: Cleanup
[2019-12-09T08:27:00.731+0000][1][safepoint    ] Leaving safepoint region
[2019-12-09T08:27:00.731+0000][1][safepoint    ] Total time for which application threads were stopped: 0.0000938 seconds, Stopping threads took: 0.0000186 seconds
[2019-12-09T08:27:01.731+0000][1][safepoint    ] Application time: 1.0000783 seconds
[2019-12-09T08:27:01.731+0000][1][safepoint    ] Entering safepoint region: Cleanup
[2019-12-09T08:27:01.731+0000][1][safepoint    ] Leaving safepoint region
[2019-12-09T08:27:01.731+0000][1][safepoint    ] Total time for which application threads were stopped: 0.0000911 seconds, Stopping threads took: 0.0000185 seconds
[2019-12-09T08:27:02.732+0000][1][safepoint    ] Application time: 1.0000789 seconds
[2019-12-09T08:27:02.732+0000][1][safepoint    ] Entering safepoint region: Cleanup
[2019-12-09T08:27:02.732+0000][1][safepoint    ] Leaving safepoint region
[2019-12-09T08:27:02.732+0000][1][safepoint    ] Total time for which application threads were stopped: 0.0001040 seconds, Stopping threads took: 0.0000193 seconds
[2019-12-09T08:27:03.732+0000][1][safepoint    ] Application time: 1.0000840 seconds
[2019-12-09T08:27:03.732+0000][1][safepoint    ] Entering safepoint region: Cleanup
[2019-12-09T08:27:03.732+0000][1][safepoint    ] Leaving safepoint region
[2019-12-09T08:27:03.732+0000][1][safepoint    ] Total time for which application threads were stopped: 0.0001389 seconds, Stopping threads took: 0.0000282 seconds
[2019-12-09T08:27:04.732+0000][1][safepoint    ] Application time: 1.0000832 seconds
[2019-12-09T08:27:04.732+0000][1][safepoint    ] Entering safepoint region: Cleanup
[2019-12-09T08:27:04.732+0000][1][safepoint    ] Leaving safepoint region
[2019-12-09T08:27:04.732+0000][1][safepoint    ] Total time for which application threads were stopped: 0.0000960 seconds, Stopping threads took: 0.0000209 seconds
[2019-12-09T08:27:05.732+0000][1][safepoint    ] Application time: 1.0000775 seconds
[2019-12-09T08:27:05.732+0000][1][safepoint    ] Entering safepoint region: Cleanup
[2019-12-09T08:27:05.732+0000][1][safepoint    ] Leaving safepoint region
[2019-12-09T08:27:05.732+0000][1][safepoint    ] Total time for which application threads were stopped: 0.0000914 seconds, Stopping threads took: 0.0000184 seconds
[2019-12-09T08:27:06.733+0000][1][safepoint    ] Application time: 1.0000772 seconds
[2019-12-09T08:27:06.733+0000][1][safepoint    ] Entering safepoint region: Cleanup
[2019-12-09T08:27:06.733+0000][1][safepoint    ] Leaving safepoint region
[2019-12-09T08:27:06.733+0000][1][safepoint    ] Total time for which application threads were stopped: 0.0000940 seconds, Stopping threads took: 0.0000194 seconds
[2019-12-09T08:27:07.733+0000][1][safepoint    ] Application time: 1.0000770 seconds
[2019-12-09T08:27:07.733+0000][1][safepoint    ] Entering safepoint region: Cleanup
[2019-12-09T08:27:07.733+0000][1][safepoint    ] Leaving safepoint region
[2019-12-09T08:27:07.733+0000][1][safepoint    ] Total time for which application threads were stopped: 0.0000916 seconds, Stopping threads took: 0.0000196 seconds
[2019-12-09T08:27:08.733+0000][1][safepoint    ] Application time: 1.0000753 seconds
[2019-12-09T08:27:08.733+0000][1][safepoint    ] Entering safepoint region: Cleanup
[2019-12-09T08:27:08.733+0000][1][safepoint    ] Leaving safepoint region
[2019-12-09T08:27:08.733+0000][1][safepoint    ] Total time for which application threads were stopped: 0.0000896 seconds, Stopping threads took: 0.0000182 seconds
[2019-12-09T08:27:09.733+0000][1][safepoint    ] Application time: 1.0000770 seconds
[2019-12-09T08:27:09.733+0000][1][safepoint    ] Entering safepoint region: Cleanup
[2019-12-09T08:27:09.733+0000][1][safepoint    ] Leaving safepoint region
[2019-12-09T08:27:09.733+0000][1][safepoint    ] Total time for which application threads were stopped: 0.0000938 seconds, Stopping threads took: 0.0000200 seconds
[2019-12-09T08:27:10.733+0000][1][safepoint    ] Application time: 1.0000763 seconds
[2019-12-09T08:27:10.733+0000][1][safepoint    ] Entering safepoint region: Cleanup
[2019-12-09T08:27:10.734+0000][1][safepoint    ] Leaving safepoint region
[2019-12-09T08:27:10.734+0000][1][safepoint    ] Total time for which application threads were stopped: 0.0000923 seconds, Stopping threads took: 0.0000189 seconds
[2019-12-09T08:27:11.734+0000][1][safepoint    ] Application time: 1.0000761 seconds
[2019-12-09T08:27:11.734+0000][1][safepoint    ] Entering safepoint region: Cleanup
[2019-12-09T08:27:11.734+0000][1][safepoint    ] Leaving safepoint region
[2019-12-09T08:27:11.734+0000][1][safepoint    ] Total time for which application threads were stopped: 0.0001113 seconds, Stopping threads took: 0.0000180 seconds
[2019-12-09T08:27:12.734+0000][1][safepoint    ] Application time: 1.0000761 seconds
[2019-12-09T08:27:12.734+0000][1][safepoint    ] Entering safepoint region: Cleanup
[2019-12-09T08:27:12.734+0000][1][safepoint    ] Leaving safepoint region
[2019-12-09T08:27:12.734+0000][1][safepoint    ] Total time for which application threads were stopped: 0.0000939 seconds, Stopping threads took: 0.0000193 seconds
[2019-12-09T08:27:13.734+0000][1][safepoint    ] Application time: 1.0000807 seconds
[2019-12-09T08:27:13.734+0000][1][safepoint    ] Entering safepoint region: Cleanup
[2019-12-09T08:27:13.734+0000][1][safepoint    ] Leaving safepoint region
[2019-12-09T08:27:13.734+0000][1][safepoint    ] Total time for which application threads were stopped: 0.0001194 seconds, Stopping threads took: 0.0000242 seconds
[2019-12-09T08:27:14.734+0000][1][safepoint    ] Application time: 1.0000748 seconds
[2019-12-09T08:27:14.734+0000][1][safepoint    ] Entering safepoint region: Cleanup
[2019-12-09T08:27:14.734+0000][1][safepoint    ] Leaving safepoint region
[2019-12-09T08:27:14.734+0000][1][safepoint    ] Total time for which application threads were stopped: 0.0000938 seconds, Stopping threads took: 0.0000187 seconds
[2019-12-09T08:27:15.735+0000][1][safepoint    ] Application time: 1.0000735 seconds
[2019-12-09T08:27:15.735+0000][1][safepoint    ] Entering safepoint region: Cleanup
[2019-12-09T08:27:15.735+0000][1][safepoint    ] Leaving safepoint region
[2019-12-09T08:27:15.735+0000][1][safepoint    ] Total time for which application threads were stopped: 0.0000890 seconds, Stopping threads took: 0.0000185 seconds
[2019-12-09T08:27:16.735+0000][1][safepoint    ] Application time: 1.0000767 seconds
[2019-12-09T08:27:16.735+0000][1][safepoint    ] Entering safepoint region: Cleanup
[2019-12-09T08:27:16.735+0000][1][safepoint    ] Leaving safepoint region
[2019-12-09T08:27:16.735+0000][1][safepoint    ] Total time for which application threads were stopped: 0.0000921 seconds, Stopping threads took: 0.0000186 seconds
[2019-12-09T08:27:17.735+0000][1][safepoint    ] Application time: 1.0000751 seconds
[2019-12-09T08:27:17.735+0000][1][safepoint    ] Entering safepoint region: Cleanup
[2019-12-09T08:27:17.735+0000][1][safepoint    ] Leaving safepoint region
[2019-12-09T08:27:17.735+0000][1][safepoint    ] Total time for which application threads were stopped: 0.0000922 seconds, Stopping threads took: 0.0000198 seconds
[2019-12-09T08:27:18.610+0000][1][safepoint    ] Application time: 0.8746554 seconds
[2019-12-09T08:27:18.610+0000][1][safepoint    ] Entering safepoint region: GenCollectForAllocation
[2019-12-09T08:27:18.610+0000][1][gc,start     ] GC(73) Pause Young (Allocation Failure)
[2019-12-09T08:27:18.610+0000][1][gc,task      ] GC(73) Using 2 workers of 2 for evacuation
[2019-12-09T08:27:18.611+0000][1][gc,age       ] GC(73) Desired survivor size 4456448 bytes, new threshold 6 (max threshold 6)
[2019-12-09T08:27:18.611+0000][1][gc,age       ] GC(73) Age table with threshold 6 (max threshold 6)
[2019-12-09T08:27:18.611+0000][1][gc,age       ] GC(73) - age   1:       8480 bytes,       8480 total
[2019-12-09T08:27:18.611+0000][1][gc,age       ] GC(73) - age   2:        120 bytes,       8600 total
[2019-12-09T08:27:18.611+0000][1][gc,age       ] GC(73) - age   3:        408 bytes,       9008 total
[2019-12-09T08:27:18.611+0000][1][gc,age       ] GC(73) - age   4:        152 bytes,       9160 total
[2019-12-09T08:27:18.611+0000][1][gc,age       ] GC(73) - age   5:        696 bytes,       9856 total
[2019-12-09T08:27:18.611+0000][1][gc,heap      ] GC(73) ParNew: 69965K->14K(78656K)
[2019-12-09T08:27:18.611+0000][1][gc,heap      ] GC(73) CMS: 75192K->75192K(174784K)
[2019-12-09T08:27:18.611+0000][1][gc,metaspace ] GC(73) Metaspace: 79564K->79564K(1122304K)
[2019-12-09T08:27:18.611+0000][1][gc           ] GC(73) Pause Young (Allocation Failure) 141M->73M(247M) 1.596ms
[2019-12-09T08:27:18.611+0000][1][gc,cpu       ] GC(73) User=0.00s Sys=0.00s Real=0.00s
[2019-12-09T08:27:18.611+0000][1][safepoint    ] Leaving safepoint region
[2019-12-09T08:27:18.611+0000][1][safepoint    ] Total time for which application threads were stopped: 0.0017444 seconds, Stopping threads took: 0.0000173 seconds
[2019-12-09T08:27:19.612+0000][1][safepoint    ] Application time: 1.0000900 seconds
[2019-12-09T08:27:19.612+0000][1][safepoint    ] Entering safepoint region: Cleanup
[2019-12-09T08:27:19.612+0000][1][safepoint    ] Leaving safepoint region
[2019-12-09T08:27:19.612+0000][1][safepoint    ] Total time for which application threads were stopped: 0.0001424 seconds, Stopping threads took: 0.0000678 seconds
[2019-12-09T08:27:20.860+0000][1][safepoint    ] Application time: 1.2485838 seconds
[2019-12-09T08:27:20.860+0000][1][safepoint    ] Entering safepoint region: Cleanup
[2019-12-09T08:27:20.860+0000][1][safepoint    ] Leaving safepoint region
[2019-12-09T08:27:20.860+0000][1][safepoint    ] Total time for which application threads were stopped: 0.0000907 seconds, Stopping threads took: 0.0000198 seconds
[2019-12-09T08:27:21.861+0000][1][safepoint    ] Application time: 1.0000774 seconds
[2019-12-09T08:27:21.861+0000][1][safepoint    ] Entering safepoint region: Cleanup
[2019-12-09T08:27:21.861+0000][1][safepoint    ] Leaving safepoint region
[2019-12-09T08:27:21.861+0000][1][safepoint    ] Total time for which application threads were stopped: 0.0000993 seconds, Stopping threads took: 0.0000188 seconds
[2019-12-09T08:27:22.861+0000][1][safepoint    ] Application time: 1.0000763 seconds
[2019-12-09T08:27:22.861+0000][1][safepoint    ] Entering safepoint region: Cleanup
[2019-12-09T08:27:22.861+0000][1][safepoint    ] Leaving safepoint region
[2019-12-09T08:27:22.861+0000][1][safepoint    ] Total time for which application threads were stopped: 0.0000961 seconds, Stopping threads took: 0.0000248 seconds
[2019-12-09T08:27:23.861+0000][1][safepoint    ] Application time: 1.0000770 seconds
[2019-12-09T08:27:23.861+0000][1][safepoint    ] Entering safepoint region: Cleanup
[2019-12-09T08:27:23.861+0000][1][safepoint    ] Leaving safepoint region
[2019-12-09T08:27:23.861+0000][1][safepoint    ] Total time for which application threads were stopped: 0.0000887 seconds, Stopping threads took: 0.0000187 seconds
[2019-12-09T08:27:24.861+0000][1][safepoint    ] Application time: 1.0000762 seconds
[2019-12-09T08:27:24.861+0000][1][safepoint    ] Entering safepoint region: Cleanup
[2019-12-09T08:27:24.861+0000][1][safepoint    ] Leaving safepoint region
[2019-12-09T08:27:24.861+0000][1][safepoint    ] Total time for which application threads were stopped: 0.0000941 seconds, Stopping threads took: 0.0000200 seconds
[2019-12-09T08:27:25.861+0000][1][safepoint    ] Application time: 1.0000931 seconds
[2019-12-09T08:27:25.862+0000][1][safepoint    ] Entering safepoint region: Cleanup
[2019-12-09T08:27:25.862+0000][1][safepoint    ] Leaving safepoint region
[2019-12-09T08:27:25.862+0000][1][safepoint    ] Total time for which application threads were stopped: 0.0001293 seconds, Stopping threads took: 0.0000278 seconds
[2019-12-09T08:27:26.862+0000][1][safepoint    ] Application time: 1.0000773 seconds
[2019-12-09T08:27:26.862+0000][1][safepoint    ] Entering safepoint region: Cleanup
[2019-12-09T08:27:26.862+0000][1][safepoint    ] Leaving safepoint region
[2019-12-09T08:27:26.862+0000][1][safepoint    ] Total time for which application threads were stopped: 0.0000932 seconds, Stopping threads took: 0.0000195 seconds
[2019-12-09T08:27:27.862+0000][1][safepoint    ] Application time: 1.0000757 seconds
[2019-12-09T08:27:27.862+0000][1][safepoint    ] Entering safepoint region: Cleanup
[2019-12-09T08:27:27.862+0000][1][safepoint    ] Leaving safepoint region
[2019-12-09T08:27:27.862+0000][1][safepoint    ] Total time for which application threads were stopped: 0.0000989 seconds, Stopping threads took: 0.0000266 seconds
[2019-12-09T08:27:28.862+0000][1][safepoint    ] Application time: 1.0000790 seconds
[2019-12-09T08:27:28.862+0000][1][safepoint    ] Entering safepoint region: Cleanup
[2019-12-09T08:27:28.862+0000][1][safepoint    ] Leaving safepoint region
[2019-12-09T08:27:28.862+0000][1][safepoint    ] Total time for which application threads were stopped: 0.0000932 seconds, Stopping threads took: 0.0000189 seconds
[2019-12-09T08:27:29.862+0000][1][safepoint    ] Application time: 1.0000781 seconds
[2019-12-09T08:27:29.862+0000][1][safepoint    ] Entering safepoint region: Cleanup
[2019-12-09T08:27:29.862+0000][1][safepoint    ] Leaving safepoint region
[2019-12-09T08:27:29.863+0000][1][safepoint    ] Total time for which application threads were stopped: 0.0000943 seconds, Stopping threads took: 0.0000196 seconds
[2019-12-09T08:27:30.863+0000][1][safepoint    ] Application time: 1.0000766 seconds
[2019-12-09T08:27:30.863+0000][1][safepoint    ] Entering safepoint region: Cleanup
[2019-12-09T08:27:30.863+0000][1][safepoint    ] Leaving safepoint region
[2019-12-09T08:27:30.863+0000][1][safepoint    ] Total time for which application threads were stopped: 0.0001031 seconds, Stopping threads took: 0.0000182 seconds
[2019-12-09T08:27:31.863+0000][1][safepoint    ] Application time: 1.0000756 seconds
[2019-12-09T08:27:31.863+0000][1][safepoint    ] Entering safepoint region: Cleanup
[2019-12-09T08:27:31.863+0000][1][safepoint    ] Leaving safepoint region
[2019-12-09T08:27:31.863+0000][1][safepoint    ] Total time for which application threads were stopped: 0.0000911 seconds, Stopping threads took: 0.0000196 seconds
[2019-12-09T08:27:32.863+0000][1][safepoint    ] Application time: 1.0000768 seconds
[2019-12-09T08:27:32.863+0000][1][safepoint    ] Entering safepoint region: Cleanup
[2019-12-09T08:27:32.863+0000][1][safepoint    ] Leaving safepoint region
[2019-12-09T08:27:32.863+0000][1][safepoint    ] Total time for which application threads were stopped: 0.0000923 seconds, Stopping threads took: 0.0000187 seconds
[2019-12-09T08:27:33.863+0000][1][safepoint    ] Application time: 1.0000798 seconds
[2019-12-09T08:27:33.863+0000][1][safepoint    ] Entering safepoint region: Cleanup
[2019-12-09T08:27:33.863+0000][1][safepoint    ] Leaving safepoint region
[2019-12-09T08:27:33.863+0000][1][safepoint    ] Total time for which application threads were stopped: 0.0000891 seconds, Stopping threads took: 0.0000178 seconds
[2019-12-09T08:27:34.863+0000][1][safepoint    ] Application time: 1.0000788 seconds
[2019-12-09T08:27:34.863+0000][1][safepoint    ] Entering safepoint region: Cleanup
[2019-12-09T08:27:34.864+0000][1][safepoint    ] Leaving safepoint region
[2019-12-09T08:27:34.864+0000][1][safepoint    ] Total time for which application threads were stopped: 0.0000936 seconds, Stopping threads took: 0.0000194 seconds
[2019-12-09T08:27:35.864+0000][1][safepoint    ] Application time: 1.0000758 seconds
[2019-12-09T08:27:35.864+0000][1][safepoint    ] Entering safepoint region: Cleanup
[2019-12-09T08:27:35.864+0000][1][safepoint    ] Leaving safepoint region
[2019-12-09T08:27:35.864+0000][1][safepoint    ] Total time for which application threads were stopped: 0.0000924 seconds, Stopping threads took: 0.0000203 seconds
[2019-12-09T08:27:36.864+0000][1][safepoint    ] Application time: 1.0000767 seconds
[2019-12-09T08:27:36.864+0000][1][safepoint    ] Entering safepoint region: Cleanup
[2019-12-09T08:27:36.864+0000][1][safepoint    ] Leaving safepoint region
[2019-12-09T08:27:36.864+0000][1][safepoint    ] Total time for which application threads were stopped: 0.0000985 seconds, Stopping threads took: 0.0000199 seconds
[2019-12-09T08:27:37.864+0000][1][safepoint    ] Application time: 1.0000771 seconds
[2019-12-09T08:27:37.864+0000][1][safepoint    ] Entering safepoint region: Cleanup
[2019-12-09T08:27:37.864+0000][1][safepoint    ] Leaving safepoint region
[2019-12-09T08:27:37.864+0000][1][safepoint    ] Total time for which application threads were stopped: 0.0000957 seconds, Stopping threads took: 0.0000206 seconds
[2019-12-09T08:27:38.864+0000][1][safepoint    ] Application time: 1.0001341 seconds
[2019-12-09T08:27:38.864+0000][1][safepoint    ] Entering safepoint region: Cleanup
[2019-12-09T08:27:38.865+0000][1][safepoint    ] Leaving safepoint region
[2019-12-09T08:27:38.865+0000][1][safepoint    ] Total time for which application threads were stopped: 0.0001257 seconds, Stopping threads took: 0.0000266 seconds
[2019-12-09T08:27:39.865+0000][1][safepoint    ] Application time: 1.0000774 seconds
[2019-12-09T08:27:39.865+0000][1][safepoint    ] Entering safepoint region: Cleanup
[2019-12-09T08:27:39.865+0000][1][safepoint    ] Leaving safepoint region
[2019-12-09T08:27:39.865+0000][1][safepoint    ] Total time for which application threads were stopped: 0.0001030 seconds, Stopping threads took: 0.0000279 seconds
[2019-12-09T08:27:40.865+0000][1][safepoint    ] Application time: 1.0000755 seconds
[2019-12-09T08:27:40.865+0000][1][safepoint    ] Entering safepoint region: Cleanup
[2019-12-09T08:27:40.865+0000][1][safepoint    ] Leaving safepoint region
[2019-12-09T08:27:40.865+0000][1][safepoint    ] Total time for which application threads were stopped: 0.0000968 seconds, Stopping threads took: 0.0000188 seconds
[2019-12-09T08:27:41.865+0000][1][safepoint    ] Application time: 1.0000773 seconds
[2019-12-09T08:27:41.865+0000][1][safepoint    ] Entering safepoint region: Cleanup
[2019-12-09T08:27:41.865+0000][1][safepoint    ] Leaving safepoint region
[2019-12-09T08:27:41.865+0000][1][safepoint    ] Total time for which application threads were stopped: 0.0000903 seconds, Stopping threads took: 0.0000188 seconds
[2019-12-09T08:27:42.865+0000][1][safepoint    ] Application time: 1.0000755 seconds
[2019-12-09T08:27:42.865+0000][1][safepoint    ] Entering safepoint region: Cleanup
[2019-12-09T08:27:42.865+0000][1][safepoint    ] Leaving safepoint region
[2019-12-09T08:27:42.865+0000][1][safepoint    ] Total time for which application threads were stopped: 0.0000980 seconds, Stopping threads took: 0.0000266 seconds
[2019-12-09T08:27:43.866+0000][1][safepoint    ] Application time: 1.0000763 seconds
[2019-12-09T08:27:43.866+0000][1][safepoint    ] Entering safepoint region: Cleanup
[2019-12-09T08:27:43.866+0000][1][safepoint    ] Leaving safepoint region
[2019-12-09T08:27:43.866+0000][1][safepoint    ] Total time for which application threads were stopped: 0.0000915 seconds, Stopping threads took: 0.0000194 seconds
[2019-12-09T08:27:44.866+0000][1][safepoint    ] Application time: 1.0000767 seconds
[2019-12-09T08:27:44.866+0000][1][safepoint    ] Entering safepoint region: Cleanup
[2019-12-09T08:27:44.866+0000][1][safepoint    ] Leaving safepoint region
[2019-12-09T08:27:44.866+0000][1][safepoint    ] Total time for which application threads were stopped: 0.0000910 seconds, Stopping threads took: 0.0000196 seconds
[2019-12-09T08:27:45.866+0000][1][safepoint    ] Application time: 1.0000740 seconds
[2019-12-09T08:27:45.866+0000][1][safepoint    ] Entering safepoint region: Cleanup
[2019-12-09T08:27:45.866+0000][1][safepoint    ] Leaving safepoint region
[2019-12-09T08:27:45.866+0000][1][safepoint    ] Total time for which application threads were stopped: 0.0000921 seconds, Stopping threads took: 0.0000183 seconds
[2019-12-09T08:27:46.866+0000][1][safepoint    ] Application time: 1.0000748 seconds
[2019-12-09T08:27:46.866+0000][1][safepoint    ] Entering safepoint region: Cleanup
[2019-12-09T08:27:46.866+0000][1][safepoint    ] Leaving safepoint region
[2019-12-09T08:27:46.866+0000][1][safepoint    ] Total time for which application threads were stopped: 0.0000961 seconds, Stopping threads took: 0.0000208 seconds
[2019-12-09T08:27:47.866+0000][1][safepoint    ] Application time: 1.0000776 seconds
[2019-12-09T08:27:47.866+0000][1][safepoint    ] Entering safepoint region: Cleanup
[2019-12-09T08:27:47.866+0000][1][safepoint    ] Leaving safepoint region
[2019-12-09T08:27:47.866+0000][1][safepoint    ] Total time for which application threads were stopped: 0.0000930 seconds, Stopping threads took: 0.0000189 seconds
[2019-12-09T08:27:48.867+0000][1][safepoint    ] Application time: 1.0000763 seconds
[2019-12-09T08:27:48.867+0000][1][safepoint    ] Entering safepoint region: Cleanup
[2019-12-09T08:27:48.867+0000][1][safepoint    ] Leaving safepoint region
[2019-12-09T08:27:48.867+0000][1][safepoint    ] Total time for which application threads were stopped: 0.0001053 seconds, Stopping threads took: 0.0000184 seconds
[2019-12-09T08:27:49.867+0000][1][safepoint    ] Application time: 1.0000776 seconds
[2019-12-09T08:27:49.867+0000][1][safepoint    ] Entering safepoint region: Cleanup
[2019-12-09T08:27:49.867+0000][1][safepoint    ] Leaving safepoint region
[2019-12-09T08:27:49.867+0000][1][safepoint    ] Total time for which application threads were stopped: 0.0000929 seconds, Stopping threads took: 0.0000198 seconds
[2019-12-09T08:27:50.867+0000][1][safepoint    ] Application time: 1.0000760 seconds
[2019-12-09T08:27:50.867+0000][1][safepoint    ] Entering safepoint region: Cleanup
[2019-12-09T08:27:50.867+0000][1][safepoint    ] Leaving safepoint region
[2019-12-09T08:27:50.867+0000][1][safepoint    ] Total time for which application threads were stopped: 0.0000925 seconds, Stopping threads took: 0.0000193 seconds
[2019-12-09T08:27:51.867+0000][1][safepoint    ] Application time: 1.0000764 seconds
[2019-12-09T08:27:51.867+0000][1][safepoint    ] Entering safepoint region: Cleanup
[2019-12-09T08:27:51.867+0000][1][safepoint    ] Leaving safepoint region
[2019-12-09T08:27:51.867+0000][1][safepoint    ] Total time for which application threads were stopped: 0.0000930 seconds, Stopping threads took: 0.0000199 seconds
[2019-12-09T08:27:52.867+0000][1][safepoint    ] Application time: 1.0000755 seconds
[2019-12-09T08:27:52.867+0000][1][safepoint    ] Entering safepoint region: Cleanup
[2019-12-09T08:27:52.868+0000][1][safepoint    ] Leaving safepoint region
[2019-12-09T08:27:52.868+0000][1][safepoint    ] Total time for which application threads were stopped: 0.0000907 seconds, Stopping threads took: 0.0000186 seconds
[2019-12-09T08:27:53.868+0000][1][safepoint    ] Application time: 1.0000756 seconds
[2019-12-09T08:27:53.868+0000][1][safepoint    ] Entering safepoint region: Cleanup
[2019-12-09T08:27:53.868+0000][1][safepoint    ] Leaving safepoint region
[2019-12-09T08:27:53.868+0000][1][safepoint    ] Total time for which application threads were stopped: 0.0000923 seconds, Stopping threads took: 0.0000194 seconds
[2019-12-09T08:27:54.868+0000][1][safepoint    ] Application time: 1.0000747 seconds
[2019-12-09T08:27:54.868+0000][1][safepoint    ] Entering safepoint region: Cleanup
[2019-12-09T08:27:54.868+0000][1][safepoint    ] Leaving safepoint region
[2019-12-09T08:27:54.868+0000][1][safepoint    ] Total time for which application threads were stopped: 0.0000913 seconds, Stopping threads took: 0.0000186 seconds
[2019-12-09T08:27:55.868+0000][1][safepoint    ] Application time: 1.0000742 seconds
[2019-12-09T08:27:55.868+0000][1][safepoint    ] Entering safepoint region: Cleanup
[2019-12-09T08:27:55.868+0000][1][safepoint    ] Leaving safepoint region
[2019-12-09T08:27:55.868+0000][1][safepoint    ] Total time for which application threads were stopped: 0.0000951 seconds, Stopping threads took: 0.0000188 seconds
[2019-12-09T08:27:56.868+0000][1][safepoint    ] Application time: 1.0000730 seconds
[2019-12-09T08:27:56.868+0000][1][safepoint    ] Entering safepoint region: Cleanup
[2019-12-09T08:27:56.868+0000][1][safepoint    ] Leaving safepoint region
[2019-12-09T08:27:56.868+0000][1][safepoint    ] Total time for which application threads were stopped: 0.0000907 seconds, Stopping threads took: 0.0000194 seconds
[2019-12-09T08:27:57.869+0000][1][safepoint    ] Application time: 1.0000781 seconds
[2019-12-09T08:27:57.869+0000][1][safepoint    ] Entering safepoint region: Cleanup
[2019-12-09T08:27:57.869+0000][1][safepoint    ] Leaving safepoint region
[2019-12-09T08:27:57.869+0000][1][safepoint    ] Total time for which application threads were stopped: 0.0000937 seconds, Stopping threads took: 0.0000203 seconds
[2019-12-09T08:27:58.869+0000][1][safepoint    ] Application time: 1.0000728 seconds
[2019-12-09T08:27:58.869+0000][1][safepoint    ] Entering safepoint region: Cleanup
[2019-12-09T08:27:58.869+0000][1][safepoint    ] Leaving safepoint region
[2019-12-09T08:27:58.869+0000][1][safepoint    ] Total time for which application threads were stopped: 0.0001074 seconds, Stopping threads took: 0.0000248 seconds
[2019-12-09T08:27:59.869+0000][1][safepoint    ] Application time: 1.0000779 seconds
[2019-12-09T08:27:59.869+0000][1][safepoint    ] Entering safepoint region: Cleanup
[2019-12-09T08:27:59.869+0000][1][safepoint    ] Leaving safepoint region
[2019-12-09T08:27:59.869+0000][1][safepoint    ] Total time for which application threads were stopped: 0.0000905 seconds, Stopping threads took: 0.0000183 seconds
[2019-12-09T08:28:00.869+0000][1][safepoint    ] Application time: 1.0000897 seconds
[2019-12-09T08:28:00.869+0000][1][safepoint    ] Entering safepoint region: Cleanup
[2019-12-09T08:28:00.869+0000][1][safepoint    ] Leaving safepoint region
[2019-12-09T08:28:00.869+0000][1][safepoint    ] Total time for which application threads were stopped: 0.0000982 seconds, Stopping threads took: 0.0000219 seconds
[2019-12-09T08:28:01.869+0000][1][safepoint    ] Application time: 1.0000768 seconds
[2019-12-09T08:28:01.869+0000][1][safepoint    ] Entering safepoint region: Cleanup
[2019-12-09T08:28:01.870+0000][1][safepoint    ] Leaving safepoint region
[2019-12-09T08:28:01.870+0000][1][safepoint    ] Total time for which application threads were stopped: 0.0000950 seconds, Stopping threads took: 0.0000198 seconds
[2019-12-09T08:28:03.531+0000][1][safepoint    ] Application time: 1.6615023 seconds
[2019-12-09T08:28:03.531+0000][1][safepoint    ] Entering safepoint region: Cleanup
[2019-12-09T08:28:03.531+0000][1][safepoint    ] Leaving safepoint region
[2019-12-09T08:28:03.531+0000][1][safepoint    ] Total time for which application threads were stopped: 0.0000872 seconds, Stopping threads took: 0.0000177 seconds
[2019-12-09T08:28:04.531+0000][1][safepoint    ] Application time: 1.0000783 seconds
[2019-12-09T08:28:04.531+0000][1][safepoint    ] Entering safepoint region: Cleanup
[2019-12-09T08:28:04.531+0000][1][safepoint    ] Leaving safepoint region
[2019-12-09T08:28:04.531+0000][1][safepoint    ] Total time for which application threads were stopped: 0.0000857 seconds, Stopping threads took: 0.0000168 seconds
[2019-12-09T08:28:05.531+0000][1][safepoint    ] Application time: 1.0000751 seconds
[2019-12-09T08:28:05.532+0000][1][safepoint    ] Entering safepoint region: Cleanup
[2019-12-09T08:28:05.532+0000][1][safepoint    ] Leaving safepoint region
[2019-12-09T08:28:05.532+0000][1][safepoint    ] Total time for which application threads were stopped: 0.0000879 seconds, Stopping threads took: 0.0000179 seconds
[2019-12-09T08:28:06.532+0000][1][safepoint    ] Application time: 1.0000769 seconds
[2019-12-09T08:28:06.532+0000][1][safepoint    ] Entering safepoint region: Cleanup
[2019-12-09T08:28:06.532+0000][1][safepoint    ] Leaving safepoint region
[2019-12-09T08:28:06.532+0000][1][safepoint    ] Total time for which application threads were stopped: 0.0000883 seconds, Stopping threads took: 0.0000186 seconds
[2019-12-09T08:28:07.532+0000][1][safepoint    ] Application time: 1.0000732 seconds
[2019-12-09T08:28:07.532+0000][1][safepoint    ] Entering safepoint region: Cleanup
[2019-12-09T08:28:07.532+0000][1][safepoint    ] Leaving safepoint region
[2019-12-09T08:28:07.532+0000][1][safepoint    ] Total time for which application threads were stopped: 0.0000890 seconds, Stopping threads took: 0.0000192 seconds
[2019-12-09T08:28:08.532+0000][1][safepoint    ] Application time: 1.0000792 seconds
[2019-12-09T08:28:08.532+0000][1][safepoint    ] Entering safepoint region: Cleanup
[2019-12-09T08:28:08.532+0000][1][safepoint    ] Leaving safepoint region
[2019-12-09T08:28:08.532+0000][1][safepoint    ] Total time for which application threads were stopped: 0.0000919 seconds, Stopping threads took: 0.0000194 seconds
[2019-12-09T08:28:09.532+0000][1][safepoint    ] Application time: 1.0000746 seconds
[2019-12-09T08:28:09.532+0000][1][safepoint    ] Entering safepoint region: Cleanup
[2019-12-09T08:28:09.532+0000][1][safepoint    ] Leaving safepoint region
[2019-12-09T08:28:09.532+0000][1][safepoint    ] Total time for which application threads were stopped: 0.0000888 seconds, Stopping threads took: 0.0000183 seconds
[2019-12-09T08:28:10.532+0000][1][safepoint    ] Application time: 1.0000746 seconds
[2019-12-09T08:28:10.533+0000][1][safepoint    ] Entering safepoint region: Cleanup
[2019-12-09T08:28:10.533+0000][1][safepoint    ] Leaving safepoint region
[2019-12-09T08:28:10.533+0000][1][safepoint    ] Total time for which application threads were stopped: 0.0001017 seconds, Stopping threads took: 0.0000167 seconds
[2019-12-09T08:28:11.533+0000][1][safepoint    ] Application time: 1.0000838 seconds
[2019-12-09T08:28:11.533+0000][1][safepoint    ] Entering safepoint region: Cleanup
[2019-12-09T08:28:11.533+0000][1][safepoint    ] Leaving safepoint region
[2019-12-09T08:28:11.533+0000][1][safepoint    ] Total time for which application threads were stopped: 0.0000902 seconds, Stopping threads took: 0.0000180 seconds
[2019-12-09T08:28:12.533+0000][1][safepoint    ] Application time: 1.0000742 seconds
[2019-12-09T08:28:12.533+0000][1][safepoint    ] Entering safepoint region: Cleanup
[2019-12-09T08:28:12.533+0000][1][safepoint    ] Leaving safepoint region
[2019-12-09T08:28:12.533+0000][1][safepoint    ] Total time for which application threads were stopped: 0.0000920 seconds, Stopping threads took: 0.0000230 seconds
[2019-12-09T08:28:13.533+0000][1][safepoint    ] Application time: 1.0000814 seconds
[2019-12-09T08:28:13.533+0000][1][safepoint    ] Entering safepoint region: Cleanup
[2019-12-09T08:28:13.533+0000][1][safepoint    ] Leaving safepoint region
[2019-12-09T08:28:13.533+0000][1][safepoint    ] Total time for which application threads were stopped: 0.0000922 seconds, Stopping threads took: 0.0000192 seconds
[2019-12-09T08:28:14.533+0000][1][safepoint    ] Application time: 1.0000775 seconds
[2019-12-09T08:28:14.533+0000][1][safepoint    ] Entering safepoint region: Cleanup
[2019-12-09T08:28:14.533+0000][1][safepoint    ] Leaving safepoint region
[2019-12-09T08:28:14.533+0000][1][safepoint    ] Total time for which application threads were stopped: 0.0000893 seconds, Stopping threads took: 0.0000176 seconds
[2019-12-09T08:28:15.534+0000][1][safepoint    ] Application time: 1.0000754 seconds
[2019-12-09T08:28:15.534+0000][1][safepoint    ] Entering safepoint region: Cleanup
[2019-12-09T08:28:15.534+0000][1][safepoint    ] Leaving safepoint region
[2019-12-09T08:28:15.534+0000][1][safepoint    ] Total time for which application threads were stopped: 0.0000882 seconds, Stopping threads took: 0.0000187 seconds
[2019-12-09T08:28:16.534+0000][1][safepoint    ] Application time: 1.0000766 seconds
[2019-12-09T08:28:16.534+0000][1][safepoint    ] Entering safepoint region: Cleanup
[2019-12-09T08:28:16.534+0000][1][safepoint    ] Leaving safepoint region
[2019-12-09T08:28:16.534+0000][1][safepoint    ] Total time for which application threads were stopped: 0.0000887 seconds, Stopping threads took: 0.0000188 seconds
[2019-12-09T08:28:17.534+0000][1][safepoint    ] Application time: 1.0000767 seconds
[2019-12-09T08:28:17.534+0000][1][safepoint    ] Entering safepoint region: Cleanup
[2019-12-09T08:28:17.534+0000][1][safepoint    ] Leaving safepoint region
[2019-12-09T08:28:17.534+0000][1][safepoint    ] Total time for which application threads were stopped: 0.0000888 seconds, Stopping threads took: 0.0000191 seconds
[2019-12-09T08:28:18.534+0000][1][safepoint    ] Application time: 1.0000777 seconds
[2019-12-09T08:28:18.534+0000][1][safepoint    ] Entering safepoint region: Cleanup
[2019-12-09T08:28:18.534+0000][1][safepoint    ] Leaving safepoint region
[2019-12-09T08:28:18.534+0000][1][safepoint    ] Total time for which application threads were stopped: 0.0000922 seconds, Stopping threads took: 0.0000187 seconds
[2019-12-09T08:28:19.534+0000][1][safepoint    ] Application time: 1.0000766 seconds
[2019-12-09T08:28:19.534+0000][1][safepoint    ] Entering safepoint region: Cleanup
[2019-12-09T08:28:19.534+0000][1][safepoint    ] Leaving safepoint region
[2019-12-09T08:28:19.535+0000][1][safepoint    ] Total time for which application threads were stopped: 0.0000912 seconds, Stopping threads took: 0.0000182 seconds
[2019-12-09T08:28:20.535+0000][1][safepoint    ] Application time: 1.0000771 seconds
[2019-12-09T08:28:20.535+0000][1][safepoint    ] Entering safepoint region: Cleanup
[2019-12-09T08:28:20.535+0000][1][safepoint    ] Leaving safepoint region
[2019-12-09T08:28:20.535+0000][1][safepoint    ] Total time for which application threads were stopped: 0.0001002 seconds, Stopping threads took: 0.0000183 seconds
[2019-12-09T08:28:21.535+0000][1][safepoint    ] Application time: 1.0000754 seconds
[2019-12-09T08:28:21.535+0000][1][safepoint    ] Entering safepoint region: Cleanup
[2019-12-09T08:28:21.535+0000][1][safepoint    ] Leaving safepoint region
[2019-12-09T08:28:21.535+0000][1][safepoint    ] Total time for which application threads were stopped: 0.0000886 seconds, Stopping threads took: 0.0000186 seconds
[2019-12-09T08:28:22.535+0000][1][safepoint    ] Application time: 1.0000755 seconds
[2019-12-09T08:28:22.535+0000][1][safepoint    ] Entering safepoint region: Cleanup
[2019-12-09T08:28:22.535+0000][1][safepoint    ] Leaving safepoint region
[2019-12-09T08:28:22.535+0000][1][safepoint    ] Total time for which application threads were stopped: 0.0000942 seconds, Stopping threads took: 0.0000200 seconds
[2019-12-09T08:28:23.535+0000][1][safepoint    ] Application time: 1.0000753 seconds
[2019-12-09T08:28:23.535+0000][1][safepoint    ] Entering safepoint region: Cleanup
[2019-12-09T08:28:23.535+0000][1][safepoint    ] Leaving safepoint region
[2019-12-09T08:28:23.535+0000][1][safepoint    ] Total time for which application threads were stopped: 0.0000910 seconds, Stopping threads took: 0.0000186 seconds
[2019-12-09T08:28:24.535+0000][1][safepoint    ] Application time: 1.0000759 seconds
[2019-12-09T08:28:24.535+0000][1][safepoint    ] Entering safepoint region: Cleanup
[2019-12-09T08:28:24.536+0000][1][safepoint    ] Leaving safepoint region
[2019-12-09T08:28:24.536+0000][1][safepoint    ] Total time for which application threads were stopped: 0.0000890 seconds, Stopping threads took: 0.0000182 seconds
[2019-12-09T08:28:25.536+0000][1][safepoint    ] Application time: 1.0000764 seconds
[2019-12-09T08:28:25.536+0000][1][safepoint    ] Entering safepoint region: Cleanup
[2019-12-09T08:28:25.536+0000][1][safepoint    ] Leaving safepoint region
[2019-12-09T08:28:25.536+0000][1][safepoint    ] Total time for which application threads were stopped: 0.0000944 seconds, Stopping threads took: 0.0000189 seconds
[2019-12-09T08:28:26.536+0000][1][safepoint    ] Application time: 1.0000761 seconds
[2019-12-09T08:28:26.536+0000][1][safepoint    ] Entering safepoint region: Cleanup
[2019-12-09T08:28:26.536+0000][1][safepoint    ] Leaving safepoint region
[2019-12-09T08:28:26.536+0000][1][safepoint    ] Total time for which application threads were stopped: 0.0000912 seconds, Stopping threads took: 0.0000181 seconds
[2019-12-09T08:28:27.536+0000][1][safepoint    ] Application time: 1.0000742 seconds
[2019-12-09T08:28:27.536+0000][1][safepoint    ] Entering safepoint region: Cleanup
[2019-12-09T08:28:27.536+0000][1][safepoint    ] Leaving safepoint region
[2019-12-09T08:28:27.536+0000][1][safepoint    ] Total time for which application threads were stopped: 0.0000861 seconds, Stopping threads took: 0.0000178 seconds
[2019-12-09T08:28:28.536+0000][1][safepoint    ] Application time: 1.0000761 seconds
[2019-12-09T08:28:28.536+0000][1][safepoint    ] Entering safepoint region: Cleanup
[2019-12-09T08:28:28.536+0000][1][safepoint    ] Leaving safepoint region
[2019-12-09T08:28:28.536+0000][1][safepoint    ] Total time for which application threads were stopped: 0.0000854 seconds, Stopping threads took: 0.0000173 seconds
[2019-12-09T08:28:29.536+0000][1][safepoint    ] Application time: 1.0000754 seconds
[2019-12-09T08:28:29.537+0000][1][safepoint    ] Entering safepoint region: Cleanup
[2019-12-09T08:28:29.537+0000][1][safepoint    ] Leaving safepoint region
[2019-12-09T08:28:29.537+0000][1][safepoint    ] Total time for which application threads were stopped: 0.0000903 seconds, Stopping threads took: 0.0000185 seconds
[2019-12-09T08:28:31.532+0000][1][safepoint    ] Application time: 1.9950952 seconds
[2019-12-09T08:28:31.532+0000][1][safepoint    ] Entering safepoint region: Cleanup
[2019-12-09T08:28:31.532+0000][1][safepoint    ] Leaving safepoint region
[2019-12-09T08:28:31.532+0000][1][safepoint    ] Total time for which application threads were stopped: 0.0000856 seconds, Stopping threads took: 0.0000170 seconds
[2019-12-09T08:28:32.532+0000][1][safepoint    ] Application time: 1.0000755 seconds
[2019-12-09T08:28:32.532+0000][1][safepoint    ] Entering safepoint region: Cleanup
[2019-12-09T08:28:32.532+0000][1][safepoint    ] Leaving safepoint region
[2019-12-09T08:28:32.532+0000][1][safepoint    ] Total time for which application threads were stopped: 0.0000888 seconds, Stopping threads took: 0.0000185 seconds
[2019-12-09T08:28:33.532+0000][1][safepoint    ] Application time: 1.0000747 seconds
[2019-12-09T08:28:33.532+0000][1][safepoint    ] Entering safepoint region: Cleanup
[2019-12-09T08:28:33.532+0000][1][safepoint    ] Leaving safepoint region
[2019-12-09T08:28:33.532+0000][1][safepoint    ] Total time for which application threads were stopped: 0.0000885 seconds, Stopping threads took: 0.0000186 seconds
[2019-12-09T08:28:34.532+0000][1][safepoint    ] Application time: 1.0000751 seconds
[2019-12-09T08:28:34.532+0000][1][safepoint    ] Entering safepoint region: Cleanup
[2019-12-09T08:28:34.532+0000][1][safepoint    ] Leaving safepoint region
[2019-12-09T08:28:34.532+0000][1][safepoint    ] Total time for which application threads were stopped: 0.0000836 seconds, Stopping threads took: 0.0000169 seconds
[2019-12-09T08:28:35.532+0000][1][safepoint    ] Application time: 1.0000768 seconds
[2019-12-09T08:28:35.532+0000][1][safepoint    ] Entering safepoint region: Cleanup
[2019-12-09T08:28:35.533+0000][1][safepoint    ] Leaving safepoint region
[2019-12-09T08:28:35.533+0000][1][safepoint    ] Total time for which application threads were stopped: 0.0000802 seconds, Stopping threads took: 0.0000154 seconds
[2019-12-09T08:28:36.533+0000][1][safepoint    ] Application time: 1.0000759 seconds
[2019-12-09T08:28:36.533+0000][1][safepoint    ] Entering safepoint region: Cleanup
[2019-12-09T08:28:36.533+0000][1][safepoint    ] Leaving safepoint region
[2019-12-09T08:28:36.533+0000][1][safepoint    ] Total time for which application threads were stopped: 0.0000911 seconds, Stopping threads took: 0.0000252 seconds
[2019-12-09T08:28:37.533+0000][1][safepoint    ] Application time: 1.0000780 seconds
[2019-12-09T08:28:37.533+0000][1][safepoint    ] Entering safepoint region: Cleanup
[2019-12-09T08:28:37.533+0000][1][safepoint    ] Leaving safepoint region
[2019-12-09T08:28:37.533+0000][1][safepoint    ] Total time for which application threads were stopped: 0.0000940 seconds, Stopping threads took: 0.0000259 seconds
[2019-12-09T08:28:38.533+0000][1][safepoint    ] Application time: 1.0000772 seconds
[2019-12-09T08:28:38.533+0000][1][safepoint    ] Entering safepoint region: Cleanup
[2019-12-09T08:28:38.533+0000][1][safepoint    ] Leaving safepoint region
[2019-12-09T08:28:38.533+0000][1][safepoint    ] Total time for which application threads were stopped: 0.0000865 seconds, Stopping threads took: 0.0000186 seconds
[2019-12-09T08:28:39.533+0000][1][safepoint    ] Application time: 1.0000761 seconds
[2019-12-09T08:28:39.533+0000][1][safepoint    ] Entering safepoint region: Cleanup
[2019-12-09T08:28:39.533+0000][1][safepoint    ] Leaving safepoint region
[2019-12-09T08:28:39.533+0000][1][safepoint    ] Total time for which application threads were stopped: 0.0000960 seconds, Stopping threads took: 0.0000179 seconds
[2019-12-09T08:28:40.533+0000][1][safepoint    ] Application time: 1.0000774 seconds
[2019-12-09T08:28:40.533+0000][1][safepoint    ] Entering safepoint region: Cleanup
[2019-12-09T08:28:40.534+0000][1][safepoint    ] Leaving safepoint region
[2019-12-09T08:28:40.534+0000][1][safepoint    ] Total time for which application threads were stopped: 0.0000978 seconds, Stopping threads took: 0.0000180 seconds
[2019-12-09T08:28:41.534+0000][1][safepoint    ] Application time: 1.0000775 seconds
[2019-12-09T08:28:41.534+0000][1][safepoint    ] Entering safepoint region: Cleanup
[2019-12-09T08:28:41.534+0000][1][safepoint    ] Leaving safepoint region
[2019-12-09T08:28:41.534+0000][1][safepoint    ] Total time for which application threads were stopped: 0.0001015 seconds, Stopping threads took: 0.0000305 seconds
[2019-12-09T08:28:42.534+0000][1][safepoint    ] Application time: 1.0000776 seconds
[2019-12-09T08:28:42.534+0000][1][safepoint    ] Entering safepoint region: Cleanup
[2019-12-09T08:28:42.534+0000][1][safepoint    ] Leaving safepoint region
[2019-12-09T08:28:42.534+0000][1][safepoint    ] Total time for which application threads were stopped: 0.0000958 seconds, Stopping threads took: 0.0000251 seconds
[2019-12-09T08:28:43.534+0000][1][safepoint    ] Application time: 1.0000781 seconds
[2019-12-09T08:28:43.534+0000][1][safepoint    ] Entering safepoint region: Cleanup
[2019-12-09T08:28:43.534+0000][1][safepoint    ] Leaving safepoint region
[2019-12-09T08:28:43.534+0000][1][safepoint    ] Total time for which application threads were stopped: 0.0000900 seconds, Stopping threads took: 0.0000185 seconds
[2019-12-09T08:28:44.534+0000][1][safepoint    ] Application time: 1.0000787 seconds
[2019-12-09T08:28:44.534+0000][1][safepoint    ] Entering safepoint region: Cleanup
[2019-12-09T08:28:44.534+0000][1][safepoint    ] Leaving safepoint region
[2019-12-09T08:28:44.534+0000][1][safepoint    ] Total time for which application threads were stopped: 0.0000951 seconds, Stopping threads took: 0.0000181 seconds
[2019-12-09T08:28:45.534+0000][1][safepoint    ] Application time: 1.0000796 seconds
[2019-12-09T08:28:45.535+0000][1][safepoint    ] Entering safepoint region: Cleanup
[2019-12-09T08:28:45.535+0000][1][safepoint    ] Leaving safepoint region
[2019-12-09T08:28:45.535+0000][1][safepoint    ] Total time for which application threads were stopped: 0.0000893 seconds, Stopping threads took: 0.0000195 seconds
[2019-12-09T08:28:46.535+0000][1][safepoint    ] Application time: 1.0000807 seconds
[2019-12-09T08:28:46.535+0000][1][safepoint    ] Entering safepoint region: Cleanup
[2019-12-09T08:28:46.535+0000][1][safepoint    ] Leaving safepoint region
[2019-12-09T08:28:46.535+0000][1][safepoint    ] Total time for which application threads were stopped: 0.0000873 seconds, Stopping threads took: 0.0000174 seconds
[2019-12-09T08:28:47.535+0000][1][safepoint    ] Application time: 1.0000790 seconds
[2019-12-09T08:28:47.535+0000][1][safepoint    ] Entering safepoint region: Cleanup
[2019-12-09T08:28:47.535+0000][1][safepoint    ] Leaving safepoint region
[2019-12-09T08:28:47.535+0000][1][safepoint    ] Total time for which application threads were stopped: 0.0000970 seconds, Stopping threads took: 0.0000260 seconds
[2019-12-09T08:28:48.535+0000][1][safepoint    ] Application time: 1.0000807 seconds
[2019-12-09T08:28:48.535+0000][1][safepoint    ] Entering safepoint region: Cleanup
[2019-12-09T08:28:48.535+0000][1][safepoint    ] Leaving safepoint region
[2019-12-09T08:28:48.535+0000][1][safepoint    ] Total time for which application threads were stopped: 0.0000894 seconds, Stopping threads took: 0.0000183 seconds
[2019-12-09T08:28:49.535+0000][1][safepoint    ] Application time: 1.0000838 seconds
[2019-12-09T08:28:49.535+0000][1][safepoint    ] Entering safepoint region: Cleanup
[2019-12-09T08:28:49.535+0000][1][safepoint    ] Leaving safepoint region
[2019-12-09T08:28:49.535+0000][1][safepoint    ] Total time for which application threads were stopped: 0.0000896 seconds, Stopping threads took: 0.0000183 seconds
[2019-12-09T08:28:50.536+0000][1][safepoint    ] Application time: 1.0000868 seconds
[2019-12-09T08:28:50.536+0000][1][safepoint    ] Entering safepoint region: Cleanup
[2019-12-09T08:28:50.536+0000][1][safepoint    ] Leaving safepoint region
[2019-12-09T08:28:50.536+0000][1][safepoint    ] Total time for which application threads were stopped: 0.0001091 seconds, Stopping threads took: 0.0000254 seconds
[2019-12-09T08:28:51.536+0000][1][safepoint    ] Application time: 1.0000864 seconds
[2019-12-09T08:28:51.536+0000][1][safepoint    ] Entering safepoint region: Cleanup
[2019-12-09T08:28:51.536+0000][1][safepoint    ] Leaving safepoint region
[2019-12-09T08:28:51.536+0000][1][safepoint    ] Total time for which application threads were stopped: 0.0001051 seconds, Stopping threads took: 0.0000266 seconds
[2019-12-09T08:28:52.536+0000][1][safepoint    ] Application time: 1.0000789 seconds
[2019-12-09T08:28:52.536+0000][1][safepoint    ] Entering safepoint region: Cleanup
[2019-12-09T08:28:52.536+0000][1][safepoint    ] Leaving safepoint region
[2019-12-09T08:28:52.536+0000][1][safepoint    ] Total time for which application threads were stopped: 0.0000945 seconds, Stopping threads took: 0.0000242 seconds
[2019-12-09T08:28:53.536+0000][1][safepoint    ] Application time: 1.0000784 seconds
[2019-12-09T08:28:53.536+0000][1][safepoint    ] Entering safepoint region: Cleanup
[2019-12-09T08:28:53.536+0000][1][safepoint    ] Leaving safepoint region
[2019-12-09T08:28:53.536+0000][1][safepoint    ] Total time for which application threads were stopped: 0.0000892 seconds, Stopping threads took: 0.0000188 seconds
[2019-12-09T08:28:54.536+0000][1][safepoint    ] Application time: 1.0000844 seconds
[2019-12-09T08:28:54.536+0000][1][safepoint    ] Entering safepoint region: Cleanup
[2019-12-09T08:28:54.537+0000][1][safepoint    ] Leaving safepoint region
[2019-12-09T08:28:54.537+0000][1][safepoint    ] Total time for which application threads were stopped: 0.0000923 seconds, Stopping threads took: 0.0000198 seconds
[2019-12-09T08:28:55.537+0000][1][safepoint    ] Application time: 1.0001341 seconds
[2019-12-09T08:28:55.537+0000][1][safepoint    ] Entering safepoint region: Cleanup
[2019-12-09T08:28:55.537+0000][1][safepoint    ] Leaving safepoint region
[2019-12-09T08:28:55.537+0000][1][safepoint    ] Total time for which application threads were stopped: 0.0001146 seconds, Stopping threads took: 0.0000278 seconds
[2019-12-09T08:28:56.537+0000][1][safepoint    ] Application time: 1.0001080 seconds
[2019-12-09T08:28:56.537+0000][1][safepoint    ] Entering safepoint region: Cleanup
[2019-12-09T08:28:56.537+0000][1][safepoint    ] Leaving safepoint region
[2019-12-09T08:28:56.537+0000][1][safepoint    ] Total time for which application threads were stopped: 0.0001368 seconds, Stopping threads took: 0.0000269 seconds
[2019-12-09T08:28:57.537+0000][1][safepoint    ] Application time: 1.0000870 seconds
[2019-12-09T08:28:57.537+0000][1][safepoint    ] Entering safepoint region: Cleanup
[2019-12-09T08:28:57.537+0000][1][safepoint    ] Leaving safepoint region
[2019-12-09T08:28:57.537+0000][1][safepoint    ] Total time for which application threads were stopped: 0.0001440 seconds, Stopping threads took: 0.0000386 seconds
[2019-12-09T08:28:58.538+0000][1][safepoint    ] Application time: 1.0000816 seconds
[2019-12-09T08:28:58.538+0000][1][safepoint    ] Entering safepoint region: Cleanup
[2019-12-09T08:28:58.538+0000][1][safepoint    ] Leaving safepoint region
[2019-12-09T08:28:58.538+0000][1][safepoint    ] Total time for which application threads were stopped: 0.0001426 seconds, Stopping threads took: 0.0000207 seconds
[2019-12-09T08:28:59.538+0000][1][safepoint    ] Application time: 1.0000772 seconds
[2019-12-09T08:28:59.538+0000][1][safepoint    ] Entering safepoint region: Cleanup
[2019-12-09T08:28:59.538+0000][1][safepoint    ] Leaving safepoint region
[2019-12-09T08:28:59.538+0000][1][safepoint    ] Total time for which application threads were stopped: 0.0000968 seconds, Stopping threads took: 0.0000206 seconds
[2019-12-09T08:29:00.538+0000][1][safepoint    ] Application time: 1.0001052 seconds
[2019-12-09T08:29:00.538+0000][1][safepoint    ] Entering safepoint region: Cleanup
[2019-12-09T08:29:00.538+0000][1][safepoint    ] Leaving safepoint region
[2019-12-09T08:29:00.538+0000][1][safepoint    ] Total time for which application threads were stopped: 0.0000961 seconds, Stopping threads took: 0.0000200 seconds
[2019-12-09T08:29:01.538+0000][1][safepoint    ] Application time: 1.0001057 seconds
[2019-12-09T08:29:01.538+0000][1][safepoint    ] Entering safepoint region: Cleanup
[2019-12-09T08:29:01.538+0000][1][safepoint    ] Leaving safepoint region
[2019-12-09T08:29:01.538+0000][1][safepoint    ] Total time for which application threads were stopped: 0.0001265 seconds, Stopping threads took: 0.0000265 seconds
[2019-12-09T08:29:02.539+0000][1][safepoint    ] Application time: 1.0000796 seconds
[2019-12-09T08:29:02.539+0000][1][safepoint    ] Entering safepoint region: Cleanup
[2019-12-09T08:29:02.539+0000][1][safepoint    ] Leaving safepoint region
[2019-12-09T08:29:02.539+0000][1][safepoint    ] Total time for which application threads were stopped: 0.0001472 seconds, Stopping threads took: 0.0000258 seconds
[2019-12-09T08:29:03.539+0000][1][safepoint    ] Application time: 1.0000753 seconds
[2019-12-09T08:29:03.539+0000][1][safepoint    ] Entering safepoint region: Cleanup
[2019-12-09T08:29:03.539+0000][1][safepoint    ] Leaving safepoint region
[2019-12-09T08:29:03.539+0000][1][safepoint    ] Total time for which application threads were stopped: 0.0000885 seconds, Stopping threads took: 0.0000186 seconds
[2019-12-09T08:29:04.539+0000][1][safepoint    ] Application time: 1.0000761 seconds
[2019-12-09T08:29:04.539+0000][1][safepoint    ] Entering safepoint region: Cleanup
[2019-12-09T08:29:04.539+0000][1][safepoint    ] Leaving safepoint region
[2019-12-09T08:29:04.539+0000][1][safepoint    ] Total time for which application threads were stopped: 0.0000919 seconds, Stopping threads took: 0.0000186 seconds
[2019-12-09T08:29:05.539+0000][1][safepoint    ] Application time: 1.0000761 seconds
[2019-12-09T08:29:05.539+0000][1][safepoint    ] Entering safepoint region: Cleanup
[2019-12-09T08:29:05.539+0000][1][safepoint    ] Leaving safepoint region
[2019-12-09T08:29:05.539+0000][1][safepoint    ] Total time for which application threads were stopped: 0.0000939 seconds, Stopping threads took: 0.0000195 seconds
[2019-12-09T08:29:06.539+0000][1][safepoint    ] Application time: 1.0000775 seconds
[2019-12-09T08:29:06.540+0000][1][safepoint    ] Entering safepoint region: Cleanup
[2019-12-09T08:29:06.540+0000][1][safepoint    ] Leaving safepoint region
[2019-12-09T08:29:06.540+0000][1][safepoint    ] Total time for which application threads were stopped: 0.0000896 seconds, Stopping threads took: 0.0000180 seconds
[2019-12-09T08:29:07.540+0000][1][safepoint    ] Application time: 1.0000893 seconds
[2019-12-09T08:29:07.540+0000][1][safepoint    ] Entering safepoint region: Cleanup
[2019-12-09T08:29:07.540+0000][1][safepoint    ] Leaving safepoint region
[2019-12-09T08:29:07.540+0000][1][safepoint    ] Total time for which application threads were stopped: 0.0001034 seconds, Stopping threads took: 0.0000189 seconds
[2019-12-09T08:29:08.540+0000][1][safepoint    ] Application time: 1.0000781 seconds
[2019-12-09T08:29:08.540+0000][1][safepoint    ] Entering safepoint region: Cleanup
[2019-12-09T08:29:08.540+0000][1][safepoint    ] Leaving safepoint region
[2019-12-09T08:29:08.540+0000][1][safepoint    ] Total time for which application threads were stopped: 0.0000953 seconds, Stopping threads took: 0.0000223 seconds
[2019-12-09T08:29:09.540+0000][1][safepoint    ] Application time: 1.0000754 seconds
[2019-12-09T08:29:09.540+0000][1][safepoint    ] Entering safepoint region: Cleanup
[2019-12-09T08:29:09.540+0000][1][safepoint    ] Leaving safepoint region
[2019-12-09T08:29:09.540+0000][1][safepoint    ] Total time for which application threads were stopped: 0.0000921 seconds, Stopping threads took: 0.0000197 seconds
[2019-12-09T08:29:10.540+0000][1][safepoint    ] Application time: 1.0000772 seconds
[2019-12-09T08:29:10.540+0000][1][safepoint    ] Entering safepoint region: Cleanup
[2019-12-09T08:29:10.540+0000][1][safepoint    ] Leaving safepoint region
[2019-12-09T08:29:10.540+0000][1][safepoint    ] Total time for which application threads were stopped: 0.0000909 seconds, Stopping threads took: 0.0000180 seconds
[2019-12-09T08:29:11.541+0000][1][safepoint    ] Application time: 1.0000345 seconds
[2019-12-09T08:29:11.541+0000][1][safepoint    ] Entering safepoint region: Cleanup
[2019-12-09T08:29:11.541+0000][1][safepoint    ] Leaving safepoint region
[2019-12-09T08:29:11.541+0000][1][safepoint    ] Total time for which application threads were stopped: 0.0000946 seconds, Stopping threads took: 0.0000215 seconds
[2019-12-09T08:29:12.541+0000][1][safepoint    ] Application time: 1.0000865 seconds
[2019-12-09T08:29:12.541+0000][1][safepoint    ] Entering safepoint region: Cleanup
[2019-12-09T08:29:12.541+0000][1][safepoint    ] Leaving safepoint region
[2019-12-09T08:29:12.541+0000][1][safepoint    ] Total time for which application threads were stopped: 0.0000937 seconds, Stopping threads took: 0.0000202 seconds
[2019-12-09T08:29:13.541+0000][1][safepoint    ] Application time: 1.0000768 seconds
[2019-12-09T08:29:13.541+0000][1][safepoint    ] Entering safepoint region: Cleanup
[2019-12-09T08:29:13.541+0000][1][safepoint    ] Leaving safepoint region
[2019-12-09T08:29:13.541+0000][1][safepoint    ] Total time for which application threads were stopped: 0.0000943 seconds, Stopping threads took: 0.0000200 seconds
[2019-12-09T08:29:13.647+0000][1][safepoint    ] Application time: 0.1061049 seconds
[2019-12-09T08:29:13.647+0000][1][safepoint    ] Entering safepoint region: GenCollectForAllocation
[2019-12-09T08:29:13.647+0000][1][gc,start     ] GC(74) Pause Young (Allocation Failure)
[2019-12-09T08:29:13.647+0000][1][gc,task      ] GC(74) Using 2 workers of 2 for evacuation
[2019-12-09T08:29:13.649+0000][1][gc,age       ] GC(74) Desired survivor size 4456448 bytes, new threshold 6 (max threshold 6)
[2019-12-09T08:29:13.649+0000][1][gc,age       ] GC(74) Age table with threshold 6 (max threshold 6)
[2019-12-09T08:29:13.649+0000][1][gc,age       ] GC(74) - age   1:      10640 bytes,      10640 total
[2019-12-09T08:29:13.649+0000][1][gc,age       ] GC(74) - age   2:        328 bytes,      10968 total
[2019-12-09T08:29:13.649+0000][1][gc,age       ] GC(74) - age   4:        408 bytes,      11376 total
[2019-12-09T08:29:13.649+0000][1][gc,age       ] GC(74) - age   5:        152 bytes,      11528 total
[2019-12-09T08:29:13.649+0000][1][gc,age       ] GC(74) - age   6:        696 bytes,      12224 total
[2019-12-09T08:29:13.649+0000][1][gc,heap      ] GC(74) ParNew: 69966K->19K(78656K)
[2019-12-09T08:29:13.649+0000][1][gc,heap      ] GC(74) CMS: 75192K->75192K(174784K)
[2019-12-09T08:29:13.649+0000][1][gc,metaspace ] GC(74) Metaspace: 79571K->79571K(1122304K)
[2019-12-09T08:29:13.649+0000][1][gc           ] GC(74) Pause Young (Allocation Failure) 141M->73M(247M) 1.632ms
[2019-12-09T08:29:13.649+0000][1][gc,cpu       ] GC(74) User=0.00s Sys=0.00s Real=0.00s
[2019-12-09T08:29:13.649+0000][1][safepoint    ] Leaving safepoint region
[2019-12-09T08:29:13.649+0000][1][safepoint    ] Total time for which application threads were stopped: 0.0017988 seconds, Stopping threads took: 0.0000180 seconds
[2019-12-09T08:29:14.649+0000][1][safepoint    ] Application time: 1.0000858 seconds
[2019-12-09T08:29:14.649+0000][1][safepoint    ] Entering safepoint region: Cleanup
[2019-12-09T08:29:14.649+0000][1][safepoint    ] Leaving safepoint region
[2019-12-09T08:29:14.649+0000][1][safepoint    ] Total time for which application threads were stopped: 0.0000923 seconds, Stopping threads took: 0.0000196 seconds
[2019-12-09T08:29:15.651+0000][1][safepoint    ] Application time: 1.0021004 seconds
[2019-12-09T08:29:15.651+0000][1][safepoint    ] Entering safepoint region: Cleanup
[2019-12-09T08:29:15.651+0000][1][safepoint    ] Leaving safepoint region
[2019-12-09T08:29:15.651+0000][1][safepoint    ] Total time for which application threads were stopped: 0.0000917 seconds, Stopping threads took: 0.0000192 seconds
[2019-12-09T08:29:16.652+0000][1][safepoint    ] Application time: 1.0000784 seconds
[2019-12-09T08:29:16.652+0000][1][safepoint    ] Entering safepoint region: Cleanup
[2019-12-09T08:29:16.652+0000][1][safepoint    ] Leaving safepoint region
[2019-12-09T08:29:16.652+0000][1][safepoint    ] Total time for which application threads were stopped: 0.0001031 seconds, Stopping threads took: 0.0000177 seconds
[2019-12-09T08:29:17.652+0000][1][safepoint    ] Application time: 1.0000760 seconds
[2019-12-09T08:29:17.652+0000][1][safepoint    ] Entering safepoint region: Cleanup
[2019-12-09T08:29:17.652+0000][1][safepoint    ] Leaving safepoint region
[2019-12-09T08:29:17.652+0000][1][safepoint    ] Total time for which application threads were stopped: 0.0000870 seconds, Stopping threads took: 0.0000180 seconds
[2019-12-09T08:29:18.652+0000][1][safepoint    ] Application time: 1.0000825 seconds
[2019-12-09T08:29:18.652+0000][1][safepoint    ] Entering safepoint region: Cleanup
[2019-12-09T08:29:18.652+0000][1][safepoint    ] Leaving safepoint region
[2019-12-09T08:29:18.652+0000][1][safepoint    ] Total time for which application threads were stopped: 0.0001318 seconds, Stopping threads took: 0.0000497 seconds
[2019-12-09T08:29:19.652+0000][1][safepoint    ] Application time: 1.0000888 seconds
[2019-12-09T08:29:19.652+0000][1][safepoint    ] Entering safepoint region: Cleanup
[2019-12-09T08:29:19.652+0000][1][safepoint    ] Leaving safepoint region
[2019-12-09T08:29:19.652+0000][1][safepoint    ] Total time for which application threads were stopped: 0.0000905 seconds, Stopping threads took: 0.0000190 seconds
[2019-12-09T08:29:20.652+0000][1][safepoint    ] Application time: 1.0000744 seconds
[2019-12-09T08:29:20.653+0000][1][safepoint    ] Entering safepoint region: Cleanup
[2019-12-09T08:29:20.653+0000][1][safepoint    ] Leaving safepoint region
[2019-12-09T08:29:20.653+0000][1][safepoint    ] Total time for which application threads were stopped: 0.0000889 seconds, Stopping threads took: 0.0000181 seconds
[2019-12-09T08:29:21.653+0000][1][safepoint    ] Application time: 1.0000757 seconds
[2019-12-09T08:29:21.653+0000][1][safepoint    ] Entering safepoint region: Cleanup
[2019-12-09T08:29:21.653+0000][1][safepoint    ] Leaving safepoint region
[2019-12-09T08:29:21.653+0000][1][safepoint    ] Total time for which application threads were stopped: 0.0000868 seconds, Stopping threads took: 0.0000176 seconds
[2019-12-09T08:29:22.653+0000][1][safepoint    ] Application time: 1.0000749 seconds
[2019-12-09T08:29:22.653+0000][1][safepoint    ] Entering safepoint region: Cleanup
[2019-12-09T08:29:22.653+0000][1][safepoint    ] Leaving safepoint region
[2019-12-09T08:29:22.653+0000][1][safepoint    ] Total time for which application threads were stopped: 0.0000983 seconds, Stopping threads took: 0.0000257 seconds
[2019-12-09T08:29:23.653+0000][1][safepoint    ] Application time: 1.0000819 seconds
[2019-12-09T08:29:23.653+0000][1][safepoint    ] Entering safepoint region: Cleanup
[2019-12-09T08:29:23.653+0000][1][safepoint    ] Leaving safepoint region
[2019-12-09T08:29:23.653+0000][1][safepoint    ] Total time for which application threads were stopped: 0.0001250 seconds, Stopping threads took: 0.0000521 seconds
[2019-12-09T08:29:24.653+0000][1][safepoint    ] Application time: 1.0000855 seconds
[2019-12-09T08:29:24.653+0000][1][safepoint    ] Entering safepoint region: Cleanup
[2019-12-09T08:29:24.653+0000][1][safepoint    ] Leaving safepoint region
[2019-12-09T08:29:24.653+0000][1][safepoint    ] Total time for which application threads were stopped: 0.0000857 seconds, Stopping threads took: 0.0000172 seconds
[2019-12-09T08:29:25.654+0000][1][safepoint    ] Application time: 1.0000730 seconds
[2019-12-09T08:29:25.654+0000][1][safepoint    ] Entering safepoint region: Cleanup
[2019-12-09T08:29:25.654+0000][1][safepoint    ] Leaving safepoint region
[2019-12-09T08:29:25.654+0000][1][safepoint    ] Total time for which application threads were stopped: 0.0000866 seconds, Stopping threads took: 0.0000174 seconds
[2019-12-09T08:29:26.654+0000][1][safepoint    ] Application time: 1.0000929 seconds
[2019-12-09T08:29:26.654+0000][1][safepoint    ] Entering safepoint region: Cleanup
[2019-12-09T08:29:26.654+0000][1][safepoint    ] Leaving safepoint region
[2019-12-09T08:29:26.654+0000][1][safepoint    ] Total time for which application threads were stopped: 0.0001201 seconds, Stopping threads took: 0.0000255 seconds
[2019-12-09T08:29:27.654+0000][1][safepoint    ] Application time: 1.0000757 seconds
[2019-12-09T08:29:27.654+0000][1][safepoint    ] Entering safepoint region: Cleanup
[2019-12-09T08:29:27.654+0000][1][safepoint    ] Leaving safepoint region
[2019-12-09T08:29:27.654+0000][1][safepoint    ] Total time for which application threads were stopped: 0.0000876 seconds, Stopping threads took: 0.0000178 seconds
[2019-12-09T08:29:28.654+0000][1][safepoint    ] Application time: 1.0000765 seconds
[2019-12-09T08:29:28.654+0000][1][safepoint    ] Entering safepoint region: Cleanup
[2019-12-09T08:29:28.654+0000][1][safepoint    ] Leaving safepoint region
[2019-12-09T08:29:28.654+0000][1][safepoint    ] Total time for which application threads were stopped: 0.0001383 seconds, Stopping threads took: 0.0000620 seconds
[2019-12-09T08:29:29.655+0000][1][safepoint    ] Application time: 1.0000854 seconds
[2019-12-09T08:29:29.655+0000][1][safepoint    ] Entering safepoint region: Cleanup
[2019-12-09T08:29:29.655+0000][1][safepoint    ] Leaving safepoint region
[2019-12-09T08:29:29.655+0000][1][safepoint    ] Total time for which application threads were stopped: 0.0000895 seconds, Stopping threads took: 0.0000182 seconds
[2019-12-09T08:29:31.374+0000][1][safepoint    ] Application time: 1.7196871 seconds
[2019-12-09T08:29:31.374+0000][1][safepoint    ] Entering safepoint region: Cleanup
[2019-12-09T08:29:31.374+0000][1][safepoint    ] Leaving safepoint region
[2019-12-09T08:29:31.374+0000][1][safepoint    ] Total time for which application threads were stopped: 0.0000963 seconds, Stopping threads took: 0.0000195 seconds
[2019-12-09T08:29:32.375+0000][1][safepoint    ] Application time: 1.0000767 seconds
[2019-12-09T08:29:32.375+0000][1][safepoint    ] Entering safepoint region: Cleanup
[2019-12-09T08:29:32.375+0000][1][safepoint    ] Leaving safepoint region
[2019-12-09T08:29:32.375+0000][1][safepoint    ] Total time for which application threads were stopped: 0.0001119 seconds, Stopping threads took: 0.0000196 seconds
[2019-12-09T08:29:33.375+0000][1][safepoint    ] Application time: 1.0000770 seconds
[2019-12-09T08:29:33.375+0000][1][safepoint    ] Entering safepoint region: Cleanup
[2019-12-09T08:29:33.375+0000][1][safepoint    ] Leaving safepoint region
[2019-12-09T08:29:33.375+0000][1][safepoint    ] Total time for which application threads were stopped: 0.0000911 seconds, Stopping threads took: 0.0000184 seconds
[2019-12-09T08:29:34.375+0000][1][safepoint    ] Application time: 1.0000757 seconds
[2019-12-09T08:29:34.375+0000][1][safepoint    ] Entering safepoint region: Cleanup
[2019-12-09T08:29:34.375+0000][1][safepoint    ] Leaving safepoint region
[2019-12-09T08:29:34.375+0000][1][safepoint    ] Total time for which application threads were stopped: 0.0000947 seconds, Stopping threads took: 0.0000193 seconds
[2019-12-09T08:29:35.375+0000][1][safepoint    ] Application time: 1.0000758 seconds
[2019-12-09T08:29:35.375+0000][1][safepoint    ] Entering safepoint region: Cleanup
[2019-12-09T08:29:35.375+0000][1][safepoint    ] Leaving safepoint region
[2019-12-09T08:29:35.375+0000][1][safepoint    ] Total time for which application threads were stopped: 0.0000968 seconds, Stopping threads took: 0.0000203 seconds
[2019-12-09T08:29:36.375+0000][1][safepoint    ] Application time: 1.0000747 seconds
[2019-12-09T08:29:36.375+0000][1][safepoint    ] Entering safepoint region: Cleanup
[2019-12-09T08:29:36.376+0000][1][safepoint    ] Leaving safepoint region
[2019-12-09T08:29:36.376+0000][1][safepoint    ] Total time for which application threads were stopped: 0.0000927 seconds, Stopping threads took: 0.0000194 seconds
[2019-12-09T08:29:37.376+0000][1][safepoint    ] Application time: 1.0000756 seconds
[2019-12-09T08:29:37.376+0000][1][safepoint    ] Entering safepoint region: Cleanup
[2019-12-09T08:29:37.376+0000][1][safepoint    ] Leaving safepoint region
[2019-12-09T08:29:37.376+0000][1][safepoint    ] Total time for which application threads were stopped: 0.0000937 seconds, Stopping threads took: 0.0000209 seconds
[2019-12-09T08:29:38.376+0000][1][safepoint    ] Application time: 1.0000732 seconds
[2019-12-09T08:29:38.376+0000][1][safepoint    ] Entering safepoint region: Cleanup
[2019-12-09T08:29:38.376+0000][1][safepoint    ] Leaving safepoint region
[2019-12-09T08:29:38.376+0000][1][safepoint    ] Total time for which application threads were stopped: 0.0000910 seconds, Stopping threads took: 0.0000181 seconds
[2019-12-09T08:29:39.376+0000][1][safepoint    ] Application time: 1.0000740 seconds
[2019-12-09T08:29:39.376+0000][1][safepoint    ] Entering safepoint region: Cleanup
[2019-12-09T08:29:39.376+0000][1][safepoint    ] Leaving safepoint region
[2019-12-09T08:29:39.376+0000][1][safepoint    ] Total time for which application threads were stopped: 0.0000922 seconds, Stopping threads took: 0.0000193 seconds
[2019-12-09T08:29:40.376+0000][1][safepoint    ] Application time: 1.0000765 seconds
[2019-12-09T08:29:40.376+0000][1][safepoint    ] Entering safepoint region: Cleanup
[2019-12-09T08:29:40.376+0000][1][safepoint    ] Leaving safepoint region
[2019-12-09T08:29:40.376+0000][1][safepoint    ] Total time for which application threads were stopped: 0.0000949 seconds, Stopping threads took: 0.0000207 seconds
[2019-12-09T08:29:41.377+0000][1][safepoint    ] Application time: 1.0000743 seconds
[2019-12-09T08:29:41.377+0000][1][safepoint    ] Entering safepoint region: Cleanup
[2019-12-09T08:29:41.377+0000][1][safepoint    ] Leaving safepoint region
[2019-12-09T08:29:41.377+0000][1][safepoint    ] Total time for which application threads were stopped: 0.0000925 seconds, Stopping threads took: 0.0000184 seconds
[2019-12-09T08:29:42.377+0000][1][safepoint    ] Application time: 1.0000763 seconds
[2019-12-09T08:29:42.377+0000][1][safepoint    ] Entering safepoint region: Cleanup
[2019-12-09T08:29:42.377+0000][1][safepoint    ] Leaving safepoint region
[2019-12-09T08:29:42.377+0000][1][safepoint    ] Total time for which application threads were stopped: 0.0000941 seconds, Stopping threads took: 0.0000198 seconds
[2019-12-09T08:29:43.377+0000][1][safepoint    ] Application time: 1.0000756 seconds
[2019-12-09T08:29:43.377+0000][1][safepoint    ] Entering safepoint region: Cleanup
[2019-12-09T08:29:43.377+0000][1][safepoint    ] Leaving safepoint region
[2019-12-09T08:29:43.377+0000][1][safepoint    ] Total time for which application threads were stopped: 0.0000924 seconds, Stopping threads took: 0.0000188 seconds
[2019-12-09T08:29:44.377+0000][1][safepoint    ] Application time: 1.0000751 seconds
[2019-12-09T08:29:44.377+0000][1][safepoint    ] Entering safepoint region: Cleanup
[2019-12-09T08:29:44.377+0000][1][safepoint    ] Leaving safepoint region
[2019-12-09T08:29:44.377+0000][1][safepoint    ] Total time for which application threads were stopped: 0.0001000 seconds, Stopping threads took: 0.0000271 seconds
[2019-12-09T08:29:45.377+0000][1][safepoint    ] Application time: 1.0000735 seconds
[2019-12-09T08:29:45.377+0000][1][safepoint    ] Entering safepoint region: Cleanup
[2019-12-09T08:29:45.377+0000][1][safepoint    ] Leaving safepoint region
[2019-12-09T08:29:45.377+0000][1][safepoint    ] Total time for which application threads were stopped: 0.0000915 seconds, Stopping threads took: 0.0000191 seconds
[2019-12-09T08:29:46.378+0000][1][safepoint    ] Application time: 1.0000794 seconds
[2019-12-09T08:29:46.378+0000][1][safepoint    ] Entering safepoint region: Cleanup
[2019-12-09T08:29:46.378+0000][1][safepoint    ] Leaving safepoint region
[2019-12-09T08:29:46.378+0000][1][safepoint    ] Total time for which application threads were stopped: 0.0001068 seconds, Stopping threads took: 0.0000193 seconds
[2019-12-09T08:29:47.378+0000][1][safepoint    ] Application time: 1.0000774 seconds
[2019-12-09T08:29:47.378+0000][1][safepoint    ] Entering safepoint region: Cleanup
[2019-12-09T08:29:47.378+0000][1][safepoint    ] Leaving safepoint region
[2019-12-09T08:29:47.378+0000][1][safepoint    ] Total time for which application threads were stopped: 0.0000929 seconds, Stopping threads took: 0.0000199 seconds
[2019-12-09T08:29:48.378+0000][1][safepoint    ] Application time: 1.0000750 seconds
[2019-12-09T08:29:48.378+0000][1][safepoint    ] Entering safepoint region: Cleanup
[2019-12-09T08:29:48.378+0000][1][safepoint    ] Leaving safepoint region
[2019-12-09T08:29:48.378+0000][1][safepoint    ] Total time for which application threads were stopped: 0.0000964 seconds, Stopping threads took: 0.0000190 seconds
[2019-12-09T08:29:49.378+0000][1][safepoint    ] Application time: 1.0000782 seconds
[2019-12-09T08:29:49.378+0000][1][safepoint    ] Entering safepoint region: Cleanup
[2019-12-09T08:29:49.378+0000][1][safepoint    ] Leaving safepoint region
[2019-12-09T08:29:49.378+0000][1][safepoint    ] Total time for which application threads were stopped: 0.0000955 seconds, Stopping threads took: 0.0000190 seconds
[2019-12-09T08:29:50.378+0000][1][safepoint    ] Application time: 1.0000764 seconds
[2019-12-09T08:29:50.379+0000][1][safepoint    ] Entering safepoint region: Cleanup
[2019-12-09T08:29:50.379+0000][1][safepoint    ] Leaving safepoint region
[2019-12-09T08:29:50.379+0000][1][safepoint    ] Total time for which application threads were stopped: 0.0000919 seconds, Stopping threads took: 0.0000194 seconds
[2019-12-09T08:29:51.379+0000][1][safepoint    ] Application time: 1.0000770 seconds
[2019-12-09T08:29:51.379+0000][1][safepoint    ] Entering safepoint region: Cleanup
[2019-12-09T08:29:51.379+0000][1][safepoint    ] Leaving safepoint region
[2019-12-09T08:29:51.379+0000][1][safepoint    ] Total time for which application threads were stopped: 0.0000931 seconds, Stopping threads took: 0.0000200 seconds
[2019-12-09T08:29:52.379+0000][1][safepoint    ] Application time: 1.0000777 seconds
[2019-12-09T08:29:52.379+0000][1][safepoint    ] Entering safepoint region: Cleanup
[2019-12-09T08:29:52.379+0000][1][safepoint    ] Leaving safepoint region
[2019-12-09T08:29:52.379+0000][1][safepoint    ] Total time for which application threads were stopped: 0.0000911 seconds, Stopping threads took: 0.0000195 seconds
[2019-12-09T08:29:53.665+0000][1][safepoint    ] Application time: 1.2857367 seconds
[2019-12-09T08:29:53.665+0000][1][safepoint    ] Entering safepoint region: Cleanup
[2019-12-09T08:29:53.665+0000][1][safepoint    ] Leaving safepoint region
[2019-12-09T08:29:53.665+0000][1][safepoint    ] Total time for which application threads were stopped: 0.0000941 seconds, Stopping threads took: 0.0000263 seconds
[2019-12-09T08:29:54.665+0000][1][safepoint    ] Application time: 1.0000764 seconds
[2019-12-09T08:29:54.665+0000][1][safepoint    ] Entering safepoint region: Cleanup
[2019-12-09T08:29:54.665+0000][1][safepoint    ] Leaving safepoint region
[2019-12-09T08:29:54.665+0000][1][safepoint    ] Total time for which application threads were stopped: 0.0000944 seconds, Stopping threads took: 0.0000226 seconds
[2019-12-09T08:29:55.665+0000][1][safepoint    ] Application time: 1.0000785 seconds
[2019-12-09T08:29:55.665+0000][1][safepoint    ] Entering safepoint region: Cleanup
[2019-12-09T08:29:55.665+0000][1][safepoint    ] Leaving safepoint region
[2019-12-09T08:29:55.665+0000][1][safepoint    ] Total time for which application threads were stopped: 0.0000907 seconds, Stopping threads took: 0.0000171 seconds
[2019-12-09T08:29:56.665+0000][1][safepoint    ] Application time: 1.0000751 seconds
[2019-12-09T08:29:56.665+0000][1][safepoint    ] Entering safepoint region: Cleanup
[2019-12-09T08:29:56.666+0000][1][safepoint    ] Leaving safepoint region
[2019-12-09T08:29:56.666+0000][1][safepoint    ] Total time for which application threads were stopped: 0.0000911 seconds, Stopping threads took: 0.0000174 seconds
[2019-12-09T08:29:57.666+0000][1][safepoint    ] Application time: 1.0000766 seconds
[2019-12-09T08:29:57.666+0000][1][safepoint    ] Entering safepoint region: Cleanup
[2019-12-09T08:29:57.666+0000][1][safepoint    ] Leaving safepoint region
[2019-12-09T08:29:57.666+0000][1][safepoint    ] Total time for which application threads were stopped: 0.0001046 seconds, Stopping threads took: 0.0000174 seconds
[2019-12-09T08:29:58.666+0000][1][safepoint    ] Application time: 1.0000872 seconds
[2019-12-09T08:29:58.666+0000][1][safepoint    ] Entering safepoint region: Cleanup
[2019-12-09T08:29:58.666+0000][1][safepoint    ] Leaving safepoint region
[2019-12-09T08:29:58.666+0000][1][safepoint    ] Total time for which application threads were stopped: 0.0001344 seconds, Stopping threads took: 0.0000602 seconds
[2019-12-09T08:29:59.666+0000][1][safepoint    ] Application time: 1.0000800 seconds
[2019-12-09T08:29:59.666+0000][1][safepoint    ] Entering safepoint region: Cleanup
[2019-12-09T08:29:59.666+0000][1][safepoint    ] Leaving safepoint region
[2019-12-09T08:29:59.666+0000][1][safepoint    ] Total time for which application threads were stopped: 0.0000844 seconds, Stopping threads took: 0.0000176 seconds
[2019-12-09T08:30:00.666+0000][1][safepoint    ] Application time: 1.0000755 seconds
[2019-12-09T08:30:00.666+0000][1][safepoint    ] Entering safepoint region: Cleanup
[2019-12-09T08:30:00.666+0000][1][safepoint    ] Leaving safepoint region
[2019-12-09T08:30:00.666+0000][1][safepoint    ] Total time for which application threads were stopped: 0.0000856 seconds, Stopping threads took: 0.0000175 seconds
[2019-12-09T08:30:01.666+0000][1][safepoint    ] Application time: 1.0000772 seconds
[2019-12-09T08:30:01.667+0000][1][safepoint    ] Entering safepoint region: Cleanup
[2019-12-09T08:30:01.667+0000][1][safepoint    ] Leaving safepoint region
[2019-12-09T08:30:01.667+0000][1][safepoint    ] Total time for which application threads were stopped: 0.0000946 seconds, Stopping threads took: 0.0000189 seconds
[2019-12-09T08:30:02.667+0000][1][safepoint    ] Application time: 1.0000864 seconds
[2019-12-09T08:30:02.667+0000][1][safepoint    ] Entering safepoint region: Cleanup
[2019-12-09T08:30:02.667+0000][1][safepoint    ] Leaving safepoint region
[2019-12-09T08:30:02.667+0000][1][safepoint    ] Total time for which application threads were stopped: 0.0000898 seconds, Stopping threads took: 0.0000184 seconds
[2019-12-09T08:30:03.667+0000][1][safepoint    ] Application time: 1.0000815 seconds
[2019-12-09T08:30:03.667+0000][1][safepoint    ] Entering safepoint region: Cleanup
[2019-12-09T08:30:03.667+0000][1][safepoint    ] Leaving safepoint region
[2019-12-09T08:30:03.667+0000][1][safepoint    ] Total time for which application threads were stopped: 0.0001292 seconds, Stopping threads took: 0.0000500 seconds
[2019-12-09T08:30:04.667+0000][1][safepoint    ] Application time: 1.0000829 seconds
[2019-12-09T08:30:04.667+0000][1][safepoint    ] Entering safepoint region: Cleanup
[2019-12-09T08:30:04.667+0000][1][safepoint    ] Leaving safepoint region
[2019-12-09T08:30:04.667+0000][1][safepoint    ] Total time for which application threads were stopped: 0.0000954 seconds, Stopping threads took: 0.0000265 seconds
[2019-12-09T08:30:05.667+0000][1][safepoint    ] Application time: 1.0000811 seconds
[2019-12-09T08:30:05.667+0000][1][safepoint    ] Entering safepoint region: Cleanup
[2019-12-09T08:30:05.667+0000][1][safepoint    ] Leaving safepoint region
[2019-12-09T08:30:05.667+0000][1][safepoint    ] Total time for which application threads were stopped: 0.0000921 seconds, Stopping threads took: 0.0000174 seconds
[2019-12-09T08:30:06.668+0000][1][safepoint    ] Application time: 1.0000807 seconds
[2019-12-09T08:30:06.668+0000][1][safepoint    ] Entering safepoint region: Cleanup
[2019-12-09T08:30:06.668+0000][1][safepoint    ] Leaving safepoint region
[2019-12-09T08:30:06.668+0000][1][safepoint    ] Total time for which application threads were stopped: 0.0001100 seconds, Stopping threads took: 0.0000195 seconds
[2019-12-09T08:30:07.668+0000][1][safepoint    ] Application time: 1.0000742 seconds
[2019-12-09T08:30:07.668+0000][1][safepoint    ] Entering safepoint region: Cleanup
[2019-12-09T08:30:07.668+0000][1][safepoint    ] Leaving safepoint region
[2019-12-09T08:30:07.668+0000][1][safepoint    ] Total time for which application threads were stopped: 0.0000879 seconds, Stopping threads took: 0.0000183 seconds
[2019-12-09T08:30:08.668+0000][1][safepoint    ] Application time: 1.0000742 seconds
[2019-12-09T08:30:08.668+0000][1][safepoint    ] Entering safepoint region: Cleanup
[2019-12-09T08:30:08.668+0000][1][safepoint    ] Leaving safepoint region
[2019-12-09T08:30:08.668+0000][1][safepoint    ] Total time for which application threads were stopped: 0.0000935 seconds, Stopping threads took: 0.0000200 seconds
[2019-12-09T08:30:09.668+0000][1][safepoint    ] Application time: 1.0000736 seconds
[2019-12-09T08:30:09.668+0000][1][safepoint    ] Entering safepoint region: Cleanup
[2019-12-09T08:30:09.668+0000][1][safepoint    ] Leaving safepoint region
[2019-12-09T08:30:09.668+0000][1][safepoint    ] Total time for which application threads were stopped: 0.0000898 seconds, Stopping threads took: 0.0000193 seconds
[2019-12-09T08:30:10.668+0000][1][safepoint    ] Application time: 1.0000769 seconds
[2019-12-09T08:30:10.668+0000][1][safepoint    ] Entering safepoint region: Cleanup
[2019-12-09T08:30:10.669+0000][1][safepoint    ] Leaving safepoint region
[2019-12-09T08:30:10.669+0000][1][safepoint    ] Total time for which application threads were stopped: 0.0000889 seconds, Stopping threads took: 0.0000169 seconds
[2019-12-09T08:30:12.027+0000][1][safepoint    ] Application time: 1.3589635 seconds
[2019-12-09T08:30:12.028+0000][1][safepoint    ] Entering safepoint region: Cleanup
[2019-12-09T08:30:12.028+0000][1][safepoint    ] Leaving safepoint region
[2019-12-09T08:30:12.028+0000][1][safepoint    ] Total time for which application threads were stopped: 0.0000881 seconds, Stopping threads took: 0.0000190 seconds
[2019-12-09T08:30:13.028+0000][1][safepoint    ] Application time: 1.0000831 seconds
[2019-12-09T08:30:13.028+0000][1][safepoint    ] Entering safepoint region: Cleanup
[2019-12-09T08:30:13.028+0000][1][safepoint    ] Leaving safepoint region
[2019-12-09T08:30:13.028+0000][1][safepoint    ] Total time for which application threads were stopped: 0.0000866 seconds, Stopping threads took: 0.0000180 seconds
[2019-12-09T08:30:14.028+0000][1][safepoint    ] Application time: 1.0000792 seconds
[2019-12-09T08:30:14.028+0000][1][safepoint    ] Entering safepoint region: Cleanup
[2019-12-09T08:30:14.028+0000][1][safepoint    ] Leaving safepoint region
[2019-12-09T08:30:14.028+0000][1][safepoint    ] Total time for which application threads were stopped: 0.0000913 seconds, Stopping threads took: 0.0000205 seconds
[2019-12-09T08:30:15.028+0000][1][safepoint    ] Application time: 1.0000773 seconds
[2019-12-09T08:30:15.028+0000][1][safepoint    ] Entering safepoint region: Cleanup
[2019-12-09T08:30:15.028+0000][1][safepoint    ] Leaving safepoint region
[2019-12-09T08:30:15.028+0000][1][safepoint    ] Total time for which application threads were stopped: 0.0000995 seconds, Stopping threads took: 0.0000181 seconds
[2019-12-09T08:30:16.028+0000][1][safepoint    ] Application time: 1.0000748 seconds
[2019-12-09T08:30:16.028+0000][1][safepoint    ] Entering safepoint region: Cleanup
[2019-12-09T08:30:16.028+0000][1][safepoint    ] Leaving safepoint region
[2019-12-09T08:30:16.028+0000][1][safepoint    ] Total time for which application threads were stopped: 0.0000892 seconds, Stopping threads took: 0.0000187 seconds
[2019-12-09T08:30:17.028+0000][1][safepoint    ] Application time: 1.0000764 seconds
[2019-12-09T08:30:17.029+0000][1][safepoint    ] Entering safepoint region: Cleanup
[2019-12-09T08:30:17.029+0000][1][safepoint    ] Leaving safepoint region
[2019-12-09T08:30:17.029+0000][1][safepoint    ] Total time for which application threads were stopped: 0.0000887 seconds, Stopping threads took: 0.0000190 seconds
[2019-12-09T08:30:18.029+0000][1][safepoint    ] Application time: 1.0000747 seconds
[2019-12-09T08:30:18.029+0000][1][safepoint    ] Entering safepoint region: Cleanup
[2019-12-09T08:30:18.029+0000][1][safepoint    ] Leaving safepoint region
[2019-12-09T08:30:18.029+0000][1][safepoint    ] Total time for which application threads were stopped: 0.0000879 seconds, Stopping threads took: 0.0000190 seconds
[2019-12-09T08:30:19.029+0000][1][safepoint    ] Application time: 1.0000739 seconds
[2019-12-09T08:30:19.029+0000][1][safepoint    ] Entering safepoint region: Cleanup
[2019-12-09T08:30:19.029+0000][1][safepoint    ] Leaving safepoint region
[2019-12-09T08:30:19.029+0000][1][safepoint    ] Total time for which application threads were stopped: 0.0000889 seconds, Stopping threads took: 0.0000178 seconds
[2019-12-09T08:30:20.029+0000][1][safepoint    ] Application time: 1.0000811 seconds
[2019-12-09T08:30:20.029+0000][1][safepoint    ] Entering safepoint region: Cleanup
[2019-12-09T08:30:20.029+0000][1][safepoint    ] Leaving safepoint region
[2019-12-09T08:30:20.029+0000][1][safepoint    ] Total time for which application threads were stopped: 0.0000870 seconds, Stopping threads took: 0.0000184 seconds
[2019-12-09T08:30:21.029+0000][1][safepoint    ] Application time: 1.0000761 seconds
[2019-12-09T08:30:21.029+0000][1][safepoint    ] Entering safepoint region: Cleanup
[2019-12-09T08:30:21.029+0000][1][safepoint    ] Leaving safepoint region
[2019-12-09T08:30:21.029+0000][1][safepoint    ] Total time for which application threads were stopped: 0.0000891 seconds, Stopping threads took: 0.0000193 seconds
[2019-12-09T08:30:22.029+0000][1][safepoint    ] Application time: 1.0000776 seconds
[2019-12-09T08:30:22.030+0000][1][safepoint    ] Entering safepoint region: Cleanup
[2019-12-09T08:30:22.030+0000][1][safepoint    ] Leaving safepoint region
[2019-12-09T08:30:22.030+0000][1][safepoint    ] Total time for which application threads were stopped: 0.0000903 seconds, Stopping threads took: 0.0000192 seconds
[2019-12-09T08:30:23.030+0000][1][safepoint    ] Application time: 1.0000910 seconds
[2019-12-09T08:30:23.030+0000][1][safepoint    ] Entering safepoint region: Cleanup
[2019-12-09T08:30:23.030+0000][1][safepoint    ] Leaving safepoint region
[2019-12-09T08:30:23.030+0000][1][safepoint    ] Total time for which application threads were stopped: 0.0001298 seconds, Stopping threads took: 0.0000348 seconds
[2019-12-09T08:30:24.030+0000][1][safepoint    ] Application time: 1.0000799 seconds
[2019-12-09T08:30:24.030+0000][1][safepoint    ] Entering safepoint region: Cleanup
[2019-12-09T08:30:24.030+0000][1][safepoint    ] Leaving safepoint region
[2019-12-09T08:30:24.030+0000][1][safepoint    ] Total time for which application threads were stopped: 0.0000897 seconds, Stopping threads took: 0.0000188 seconds
[2019-12-09T08:30:25.030+0000][1][safepoint    ] Application time: 1.0000800 seconds
[2019-12-09T08:30:25.030+0000][1][safepoint    ] Entering safepoint region: Cleanup
[2019-12-09T08:30:25.030+0000][1][safepoint    ] Leaving safepoint region
[2019-12-09T08:30:25.030+0000][1][safepoint    ] Total time for which application threads were stopped: 0.0000960 seconds, Stopping threads took: 0.0000184 seconds
[2019-12-09T08:30:26.030+0000][1][safepoint    ] Application time: 1.0000798 seconds
[2019-12-09T08:30:26.030+0000][1][safepoint    ] Entering safepoint region: Cleanup
[2019-12-09T08:30:26.030+0000][1][safepoint    ] Leaving safepoint region
[2019-12-09T08:30:26.030+0000][1][safepoint    ] Total time for which application threads were stopped: 0.0000887 seconds, Stopping threads took: 0.0000185 seconds
[2019-12-09T08:30:27.031+0000][1][safepoint    ] Application time: 1.0000788 seconds
[2019-12-09T08:30:27.031+0000][1][safepoint    ] Entering safepoint region: Cleanup
[2019-12-09T08:30:27.031+0000][1][safepoint    ] Leaving safepoint region
[2019-12-09T08:30:27.031+0000][1][safepoint    ] Total time for which application threads were stopped: 0.0001036 seconds, Stopping threads took: 0.0000189 seconds
[2019-12-09T08:30:28.031+0000][1][safepoint    ] Application time: 1.0000778 seconds
[2019-12-09T08:30:28.031+0000][1][safepoint    ] Entering safepoint region: Cleanup
[2019-12-09T08:30:28.031+0000][1][safepoint    ] Leaving safepoint region
[2019-12-09T08:30:28.031+0000][1][safepoint    ] Total time for which application threads were stopped: 0.0000902 seconds, Stopping threads took: 0.0000190 seconds
[2019-12-09T08:30:29.031+0000][1][safepoint    ] Application time: 1.0000797 seconds
[2019-12-09T08:30:29.031+0000][1][safepoint    ] Entering safepoint region: Cleanup
[2019-12-09T08:30:29.031+0000][1][safepoint    ] Leaving safepoint region
[2019-12-09T08:30:29.031+0000][1][safepoint    ] Total time for which application threads were stopped: 0.0000890 seconds, Stopping threads took: 0.0000187 seconds
[2019-12-09T08:30:30.031+0000][1][safepoint    ] Application time: 1.0000797 seconds
[2019-12-09T08:30:30.031+0000][1][safepoint    ] Entering safepoint region: Cleanup
[2019-12-09T08:30:30.031+0000][1][safepoint    ] Leaving safepoint region
[2019-12-09T08:30:30.031+0000][1][safepoint    ] Total time for which application threads were stopped: 0.0000903 seconds, Stopping threads took: 0.0000194 seconds
[2019-12-09T08:30:31.031+0000][1][safepoint    ] Application time: 1.0000797 seconds
[2019-12-09T08:30:31.031+0000][1][safepoint    ] Entering safepoint region: Cleanup
[2019-12-09T08:30:31.031+0000][1][safepoint    ] Leaving safepoint region
[2019-12-09T08:30:31.031+0000][1][safepoint    ] Total time for which application threads were stopped: 0.0000910 seconds, Stopping threads took: 0.0000190 seconds
[2019-12-09T08:30:32.032+0000][1][safepoint    ] Application time: 1.0000795 seconds
[2019-12-09T08:30:32.032+0000][1][safepoint    ] Entering safepoint region: Cleanup
[2019-12-09T08:30:32.032+0000][1][safepoint    ] Leaving safepoint region
[2019-12-09T08:30:32.032+0000][1][safepoint    ] Total time for which application threads were stopped: 0.0001010 seconds, Stopping threads took: 0.0000190 seconds
[2019-12-09T08:30:33.032+0000][1][safepoint    ] Application time: 1.0000771 seconds
[2019-12-09T08:30:33.032+0000][1][safepoint    ] Entering safepoint region: Cleanup
[2019-12-09T08:30:33.032+0000][1][safepoint    ] Leaving safepoint region
[2019-12-09T08:30:33.032+0000][1][safepoint    ] Total time for which application threads were stopped: 0.0000894 seconds, Stopping threads took: 0.0000189 seconds
[2019-12-09T08:30:34.032+0000][1][safepoint    ] Application time: 1.0000757 seconds
[2019-12-09T08:30:34.032+0000][1][safepoint    ] Entering safepoint region: Cleanup
[2019-12-09T08:30:34.032+0000][1][safepoint    ] Leaving safepoint region
[2019-12-09T08:30:34.032+0000][1][safepoint    ] Total time for which application threads were stopped: 0.0000883 seconds, Stopping threads took: 0.0000190 seconds
[2019-12-09T08:30:35.032+0000][1][safepoint    ] Application time: 1.0000778 seconds
[2019-12-09T08:30:35.032+0000][1][safepoint    ] Entering safepoint region: Cleanup
[2019-12-09T08:30:35.032+0000][1][safepoint    ] Leaving safepoint region
[2019-12-09T08:30:35.032+0000][1][safepoint    ] Total time for which application threads were stopped: 0.0000977 seconds, Stopping threads took: 0.0000196 seconds
[2019-12-09T08:30:36.032+0000][1][safepoint    ] Application time: 1.0000804 seconds
[2019-12-09T08:30:36.032+0000][1][safepoint    ] Entering safepoint region: Cleanup
[2019-12-09T08:30:36.033+0000][1][safepoint    ] Leaving safepoint region
[2019-12-09T08:30:36.033+0000][1][safepoint    ] Total time for which application threads were stopped: 0.0000961 seconds, Stopping threads took: 0.0000199 seconds
[2019-12-09T08:30:37.033+0000][1][safepoint    ] Application time: 1.0000773 seconds
[2019-12-09T08:30:37.033+0000][1][safepoint    ] Entering safepoint region: Cleanup
[2019-12-09T08:30:37.033+0000][1][safepoint    ] Leaving safepoint region
[2019-12-09T08:30:37.033+0000][1][safepoint    ] Total time for which application threads were stopped: 0.0001095 seconds, Stopping threads took: 0.0000200 seconds
[2019-12-09T08:30:38.033+0000][1][safepoint    ] Application time: 1.0000859 seconds
[2019-12-09T08:30:38.033+0000][1][safepoint    ] Entering safepoint region: Cleanup
[2019-12-09T08:30:38.033+0000][1][safepoint    ] Leaving safepoint region
[2019-12-09T08:30:38.033+0000][1][safepoint    ] Total time for which application threads were stopped: 0.0000935 seconds, Stopping threads took: 0.0000194 seconds
[2019-12-09T08:30:39.033+0000][1][safepoint    ] Application time: 1.0000772 seconds
[2019-12-09T08:30:39.033+0000][1][safepoint    ] Entering safepoint region: Cleanup
[2019-12-09T08:30:39.033+0000][1][safepoint    ] Leaving safepoint region
[2019-12-09T08:30:39.033+0000][1][safepoint    ] Total time for which application threads were stopped: 0.0000938 seconds, Stopping threads took: 0.0000199 seconds
[2019-12-09T08:30:40.033+0000][1][safepoint    ] Application time: 1.0000791 seconds
[2019-12-09T08:30:40.033+0000][1][safepoint    ] Entering safepoint region: Cleanup
[2019-12-09T08:30:40.033+0000][1][safepoint    ] Leaving safepoint region
[2019-12-09T08:30:40.033+0000][1][safepoint    ] Total time for which application threads were stopped: 0.0000937 seconds, Stopping threads took: 0.0000209 seconds
[2019-12-09T08:30:41.034+0000][1][safepoint    ] Application time: 1.0000802 seconds
[2019-12-09T08:30:41.034+0000][1][safepoint    ] Entering safepoint region: Cleanup
[2019-12-09T08:30:41.034+0000][1][safepoint    ] Leaving safepoint region
[2019-12-09T08:30:41.034+0000][1][safepoint    ] Total time for which application threads were stopped: 0.0000915 seconds, Stopping threads took: 0.0000189 seconds
[2019-12-09T08:30:42.034+0000][1][safepoint    ] Application time: 1.0000767 seconds
[2019-12-09T08:30:42.034+0000][1][safepoint    ] Entering safepoint region: Cleanup
[2019-12-09T08:30:42.034+0000][1][safepoint    ] Leaving safepoint region
[2019-12-09T08:30:42.034+0000][1][safepoint    ] Total time for which application threads were stopped: 0.0000927 seconds, Stopping threads took: 0.0000194 seconds
[2019-12-09T08:30:43.034+0000][1][safepoint    ] Application time: 1.0000751 seconds
[2019-12-09T08:30:43.034+0000][1][safepoint    ] Entering safepoint region: Cleanup
[2019-12-09T08:30:43.034+0000][1][safepoint    ] Leaving safepoint region
[2019-12-09T08:30:43.034+0000][1][safepoint    ] Total time for which application threads were stopped: 0.0000910 seconds, Stopping threads took: 0.0000190 seconds
[2019-12-09T08:30:44.034+0000][1][safepoint    ] Application time: 1.0000772 seconds
[2019-12-09T08:30:44.034+0000][1][safepoint    ] Entering safepoint region: Cleanup
[2019-12-09T08:30:44.034+0000][1][safepoint    ] Leaving safepoint region
[2019-12-09T08:30:44.034+0000][1][safepoint    ] Total time for which application threads were stopped: 0.0000912 seconds, Stopping threads took: 0.0000196 seconds
[2019-12-09T08:30:45.034+0000][1][safepoint    ] Application time: 1.0000783 seconds
[2019-12-09T08:30:45.034+0000][1][safepoint    ] Entering safepoint region: Cleanup
[2019-12-09T08:30:45.034+0000][1][safepoint    ] Leaving safepoint region
[2019-12-09T08:30:45.034+0000][1][safepoint    ] Total time for which application threads were stopped: 0.0000979 seconds, Stopping threads took: 0.0000191 seconds
[2019-12-09T08:30:46.035+0000][1][safepoint    ] Application time: 1.0000766 seconds
[2019-12-09T08:30:46.035+0000][1][safepoint    ] Entering safepoint region: Cleanup
[2019-12-09T08:30:46.035+0000][1][safepoint    ] Leaving safepoint region
[2019-12-09T08:30:46.035+0000][1][safepoint    ] Total time for which application threads were stopped: 0.0001004 seconds, Stopping threads took: 0.0000191 seconds
[2019-12-09T08:30:47.035+0000][1][safepoint    ] Application time: 1.0000783 seconds
[2019-12-09T08:30:47.035+0000][1][safepoint    ] Entering safepoint region: Cleanup
[2019-12-09T08:30:47.035+0000][1][safepoint    ] Leaving safepoint region
[2019-12-09T08:30:47.035+0000][1][safepoint    ] Total time for which application threads were stopped: 0.0000934 seconds, Stopping threads took: 0.0000199 seconds
[2019-12-09T08:30:48.035+0000][1][safepoint    ] Application time: 1.0000755 seconds
[2019-12-09T08:30:48.035+0000][1][safepoint    ] Entering safepoint region: Cleanup
[2019-12-09T08:30:48.035+0000][1][safepoint    ] Leaving safepoint region
[2019-12-09T08:30:48.035+0000][1][safepoint    ] Total time for which application threads were stopped: 0.0000933 seconds, Stopping threads took: 0.0000206 seconds
[2019-12-09T08:30:49.035+0000][1][safepoint    ] Application time: 1.0000765 seconds
[2019-12-09T08:30:49.035+0000][1][safepoint    ] Entering safepoint region: Cleanup
[2019-12-09T08:30:49.035+0000][1][safepoint    ] Leaving safepoint region
[2019-12-09T08:30:49.035+0000][1][safepoint    ] Total time for which application threads were stopped: 0.0000912 seconds, Stopping threads took: 0.0000188 seconds
[2019-12-09T08:30:50.035+0000][1][safepoint    ] Application time: 1.0000786 seconds
[2019-12-09T08:30:50.036+0000][1][safepoint    ] Entering safepoint region: Cleanup
[2019-12-09T08:30:50.036+0000][1][safepoint    ] Leaving safepoint region
[2019-12-09T08:30:50.036+0000][1][safepoint    ] Total time for which application threads were stopped: 0.0000954 seconds, Stopping threads took: 0.0000197 seconds
[2019-12-09T08:30:51.036+0000][1][safepoint    ] Application time: 1.0000790 seconds
[2019-12-09T08:30:51.036+0000][1][safepoint    ] Entering safepoint region: Cleanup
[2019-12-09T08:30:51.036+0000][1][safepoint    ] Leaving safepoint region
[2019-12-09T08:30:51.036+0000][1][safepoint    ] Total time for which application threads were stopped: 0.0000954 seconds, Stopping threads took: 0.0000197 seconds
[2019-12-09T08:30:52.036+0000][1][safepoint    ] Application time: 1.0000779 seconds
[2019-12-09T08:30:52.036+0000][1][safepoint    ] Entering safepoint region: Cleanup
[2019-12-09T08:30:52.036+0000][1][safepoint    ] Leaving safepoint region
[2019-12-09T08:30:52.036+0000][1][safepoint    ] Total time for which application threads were stopped: 0.0000941 seconds, Stopping threads took: 0.0000200 seconds
[2019-12-09T08:30:53.036+0000][1][safepoint    ] Application time: 1.0000776 seconds
[2019-12-09T08:30:53.036+0000][1][safepoint    ] Entering safepoint region: Cleanup
[2019-12-09T08:30:53.036+0000][1][safepoint    ] Leaving safepoint region
[2019-12-09T08:30:53.036+0000][1][safepoint    ] Total time for which application threads were stopped: 0.0001052 seconds, Stopping threads took: 0.0000275 seconds
[2019-12-09T08:30:54.036+0000][1][safepoint    ] Application time: 1.0000778 seconds
[2019-12-09T08:30:54.036+0000][1][safepoint    ] Entering safepoint region: Cleanup
[2019-12-09T08:30:54.036+0000][1][safepoint    ] Leaving safepoint region
[2019-12-09T08:30:54.036+0000][1][safepoint    ] Total time for which application threads were stopped: 0.0000959 seconds, Stopping threads took: 0.0000186 seconds
[2019-12-09T08:30:55.037+0000][1][safepoint    ] Application time: 1.0000761 seconds
[2019-12-09T08:30:55.037+0000][1][safepoint    ] Entering safepoint region: Cleanup
[2019-12-09T08:30:55.037+0000][1][safepoint    ] Leaving safepoint region
[2019-12-09T08:30:55.037+0000][1][safepoint    ] Total time for which application threads were stopped: 0.0001045 seconds, Stopping threads took: 0.0000183 seconds
[2019-12-09T08:30:56.037+0000][1][safepoint    ] Application time: 1.0000748 seconds
[2019-12-09T08:30:56.037+0000][1][safepoint    ] Entering safepoint region: Cleanup
[2019-12-09T08:30:56.037+0000][1][safepoint    ] Leaving safepoint region
[2019-12-09T08:30:56.037+0000][1][safepoint    ] Total time for which application threads were stopped: 0.0000911 seconds, Stopping threads took: 0.0000185 seconds
[2019-12-09T08:30:57.037+0000][1][safepoint    ] Application time: 1.0000760 seconds
[2019-12-09T08:30:57.037+0000][1][safepoint    ] Entering safepoint region: Cleanup
[2019-12-09T08:30:57.037+0000][1][safepoint    ] Leaving safepoint region
[2019-12-09T08:30:57.037+0000][1][safepoint    ] Total time for which application threads were stopped: 0.0000946 seconds, Stopping threads took: 0.0000197 seconds
[2019-12-09T08:30:58.037+0000][1][safepoint    ] Application time: 1.0000765 seconds
[2019-12-09T08:30:58.037+0000][1][safepoint    ] Entering safepoint region: Cleanup
[2019-12-09T08:30:58.037+0000][1][safepoint    ] Leaving safepoint region
[2019-12-09T08:30:58.037+0000][1][safepoint    ] Total time for which application threads were stopped: 0.0000911 seconds, Stopping threads took: 0.0000201 seconds
[2019-12-09T08:30:59.037+0000][1][safepoint    ] Application time: 1.0000767 seconds
[2019-12-09T08:30:59.037+0000][1][safepoint    ] Entering safepoint region: Cleanup
[2019-12-09T08:30:59.038+0000][1][safepoint    ] Leaving safepoint region
[2019-12-09T08:30:59.038+0000][1][safepoint    ] Total time for which application threads were stopped: 0.0000902 seconds, Stopping threads took: 0.0000183 seconds
[2019-12-09T08:31:00.038+0000][1][safepoint    ] Application time: 1.0000770 seconds
[2019-12-09T08:31:00.038+0000][1][safepoint    ] Entering safepoint region: Cleanup
[2019-12-09T08:31:00.038+0000][1][safepoint    ] Leaving safepoint region
[2019-12-09T08:31:00.038+0000][1][safepoint    ] Total time for which application threads were stopped: 0.0000942 seconds, Stopping threads took: 0.0000209 seconds
[2019-12-09T08:31:01.038+0000][1][safepoint    ] Application time: 1.0000764 seconds
[2019-12-09T08:31:01.038+0000][1][safepoint    ] Entering safepoint region: Cleanup
[2019-12-09T08:31:01.038+0000][1][safepoint    ] Leaving safepoint region
[2019-12-09T08:31:01.038+0000][1][safepoint    ] Total time for which application threads were stopped: 0.0000938 seconds, Stopping threads took: 0.0000209 seconds
[2019-12-09T08:31:02.038+0000][1][safepoint    ] Application time: 1.0000806 seconds
[2019-12-09T08:31:02.038+0000][1][safepoint    ] Entering safepoint region: Cleanup
[2019-12-09T08:31:02.038+0000][1][safepoint    ] Leaving safepoint region
[2019-12-09T08:31:02.038+0000][1][safepoint    ] Total time for which application threads were stopped: 0.0000949 seconds, Stopping threads took: 0.0000191 seconds
[2019-12-09T08:31:03.038+0000][1][safepoint    ] Application time: 1.0000811 seconds
[2019-12-09T08:31:03.038+0000][1][safepoint    ] Entering safepoint region: Cleanup
[2019-12-09T08:31:03.038+0000][1][safepoint    ] Leaving safepoint region
[2019-12-09T08:31:03.038+0000][1][safepoint    ] Total time for which application threads were stopped: 0.0000936 seconds, Stopping threads took: 0.0000211 seconds
[2019-12-09T08:31:04.689+0000][1][safepoint    ] Application time: 1.6504557 seconds
[2019-12-09T08:31:04.689+0000][1][safepoint    ] Entering safepoint region: GenCollectForAllocation
[2019-12-09T08:31:04.689+0000][1][gc,start     ] GC(75) Pause Young (Allocation Failure)
[2019-12-09T08:31:04.689+0000][1][gc,task      ] GC(75) Using 2 workers of 2 for evacuation
[2019-12-09T08:31:04.691+0000][1][gc,age       ] GC(75) Desired survivor size 4456448 bytes, new threshold 6 (max threshold 6)
[2019-12-09T08:31:04.691+0000][1][gc,age       ] GC(75) Age table with threshold 6 (max threshold 6)
[2019-12-09T08:31:04.691+0000][1][gc,age       ] GC(75) - age   1:       9056 bytes,       9056 total
[2019-12-09T08:31:04.691+0000][1][gc,age       ] GC(75) - age   2:        984 bytes,      10040 total
[2019-12-09T08:31:04.691+0000][1][gc,age       ] GC(75) - age   3:         56 bytes,      10096 total
[2019-12-09T08:31:04.691+0000][1][gc,age       ] GC(75) - age   5:        408 bytes,      10504 total
[2019-12-09T08:31:04.691+0000][1][gc,age       ] GC(75) - age   6:        152 bytes,      10656 total
[2019-12-09T08:31:04.691+0000][1][gc,heap      ] GC(75) ParNew: 69971K->17K(78656K)
[2019-12-09T08:31:04.691+0000][1][gc,heap      ] GC(75) CMS: 75192K->75192K(174784K)
[2019-12-09T08:31:04.691+0000][1][gc,metaspace ] GC(75) Metaspace: 79574K->79574K(1122304K)
[2019-12-09T08:31:04.691+0000][1][gc           ] GC(75) Pause Young (Allocation Failure) 141M->73M(247M) 1.660ms
[2019-12-09T08:31:04.691+0000][1][gc,cpu       ] GC(75) User=0.00s Sys=0.00s Real=0.00s
[2019-12-09T08:31:04.691+0000][1][safepoint    ] Leaving safepoint region
[2019-12-09T08:31:04.691+0000][1][safepoint    ] Total time for which application threads were stopped: 0.0018220 seconds, Stopping threads took: 0.0000195 seconds
[2019-12-09T08:31:05.691+0000][1][safepoint    ] Application time: 1.0000871 seconds
[2019-12-09T08:31:05.691+0000][1][safepoint    ] Entering safepoint region: Cleanup
[2019-12-09T08:31:05.691+0000][1][safepoint    ] Leaving safepoint region
[2019-12-09T08:31:05.691+0000][1][safepoint    ] Total time for which application threads were stopped: 0.0000974 seconds, Stopping threads took: 0.0000253 seconds
[2019-12-09T08:31:06.691+0000][1][safepoint    ] Application time: 1.0000815 seconds
[2019-12-09T08:31:06.691+0000][1][safepoint    ] Entering safepoint region: Cleanup
[2019-12-09T08:31:06.691+0000][1][safepoint    ] Leaving safepoint region
[2019-12-09T08:31:06.691+0000][1][safepoint    ] Total time for which application threads were stopped: 0.0000942 seconds, Stopping threads took: 0.0000190 seconds
[2019-12-09T08:31:07.691+0000][1][safepoint    ] Application time: 1.0000746 seconds
[2019-12-09T08:31:07.691+0000][1][safepoint    ] Entering safepoint region: Cleanup
[2019-12-09T08:31:07.691+0000][1][safepoint    ] Leaving safepoint region
[2019-12-09T08:31:07.691+0000][1][safepoint    ] Total time for which application threads were stopped: 0.0000985 seconds, Stopping threads took: 0.0000198 seconds
[2019-12-09T08:31:08.692+0000][1][safepoint    ] Application time: 1.0000780 seconds
[2019-12-09T08:31:08.692+0000][1][safepoint    ] Entering safepoint region: Cleanup
[2019-12-09T08:31:08.692+0000][1][safepoint    ] Leaving safepoint region
[2019-12-09T08:31:08.692+0000][1][safepoint    ] Total time for which application threads were stopped: 0.0000903 seconds, Stopping threads took: 0.0000172 seconds
[2019-12-09T08:31:09.692+0000][1][safepoint    ] Application time: 1.0000739 seconds
[2019-12-09T08:31:09.692+0000][1][safepoint    ] Entering safepoint region: Cleanup
[2019-12-09T08:31:09.692+0000][1][safepoint    ] Leaving safepoint region
[2019-12-09T08:31:09.692+0000][1][safepoint    ] Total time for which application threads were stopped: 0.0000981 seconds, Stopping threads took: 0.0000189 seconds
[2019-12-09T08:31:10.692+0000][1][safepoint    ] Application time: 1.0000788 seconds
[2019-12-09T08:31:10.692+0000][1][safepoint    ] Entering safepoint region: Cleanup
[2019-12-09T08:31:10.692+0000][1][safepoint    ] Leaving safepoint region
[2019-12-09T08:31:10.692+0000][1][safepoint    ] Total time for which application threads were stopped: 0.0000957 seconds, Stopping threads took: 0.0000189 seconds
[2019-12-09T08:31:11.692+0000][1][safepoint    ] Application time: 1.0000743 seconds
[2019-12-09T08:31:11.692+0000][1][safepoint    ] Entering safepoint region: Cleanup
[2019-12-09T08:31:11.692+0000][1][safepoint    ] Leaving safepoint region
[2019-12-09T08:31:11.692+0000][1][safepoint    ] Total time for which application threads were stopped: 0.0000979 seconds, Stopping threads took: 0.0000178 seconds
[2019-12-09T08:31:12.692+0000][1][safepoint    ] Application time: 1.0000810 seconds
[2019-12-09T08:31:12.692+0000][1][safepoint    ] Entering safepoint region: Cleanup
[2019-12-09T08:31:12.693+0000][1][safepoint    ] Leaving safepoint region
[2019-12-09T08:31:12.693+0000][1][safepoint    ] Total time for which application threads were stopped: 0.0001121 seconds, Stopping threads took: 0.0000304 seconds
[2019-12-09T08:31:13.693+0000][1][safepoint    ] Application time: 1.0000810 seconds
[2019-12-09T08:31:13.693+0000][1][safepoint    ] Entering safepoint region: Cleanup
[2019-12-09T08:31:13.693+0000][1][safepoint    ] Leaving safepoint region
[2019-12-09T08:31:13.693+0000][1][safepoint    ] Total time for which application threads were stopped: 0.0001096 seconds, Stopping threads took: 0.0000165 seconds
[2019-12-09T08:31:14.693+0000][1][safepoint    ] Application time: 1.0000714 seconds
[2019-12-09T08:31:14.693+0000][1][safepoint    ] Entering safepoint region: Cleanup
[2019-12-09T08:31:14.693+0000][1][safepoint    ] Leaving safepoint region
[2019-12-09T08:31:14.693+0000][1][safepoint    ] Total time for which application threads were stopped: 0.0001025 seconds, Stopping threads took: 0.0000190 seconds
[2019-12-09T08:31:15.693+0000][1][safepoint    ] Application time: 1.0000826 seconds
[2019-12-09T08:31:15.693+0000][1][safepoint    ] Entering safepoint region: Cleanup
[2019-12-09T08:31:15.693+0000][1][safepoint    ] Leaving safepoint region
[2019-12-09T08:31:15.693+0000][1][safepoint    ] Total time for which application threads were stopped: 0.0001028 seconds, Stopping threads took: 0.0000199 seconds
[2019-12-09T08:31:16.693+0000][1][safepoint    ] Application time: 1.0000811 seconds
[2019-12-09T08:31:16.693+0000][1][safepoint    ] Entering safepoint region: Cleanup
[2019-12-09T08:31:16.693+0000][1][safepoint    ] Leaving safepoint region
[2019-12-09T08:31:16.693+0000][1][safepoint    ] Total time for which application threads were stopped: 0.0000988 seconds, Stopping threads took: 0.0000198 seconds
[2019-12-09T08:31:17.694+0000][1][safepoint    ] Application time: 1.0000732 seconds
[2019-12-09T08:31:17.694+0000][1][safepoint    ] Entering safepoint region: Cleanup
[2019-12-09T08:31:17.694+0000][1][safepoint    ] Leaving safepoint region
[2019-12-09T08:31:17.694+0000][1][safepoint    ] Total time for which application threads were stopped: 0.0000907 seconds, Stopping threads took: 0.0000189 seconds
[2019-12-09T08:31:18.694+0000][1][safepoint    ] Application time: 1.0000777 seconds
[2019-12-09T08:31:18.694+0000][1][safepoint    ] Entering safepoint region: Cleanup
[2019-12-09T08:31:18.694+0000][1][safepoint    ] Leaving safepoint region
[2019-12-09T08:31:18.694+0000][1][safepoint    ] Total time for which application threads were stopped: 0.0000875 seconds, Stopping threads took: 0.0000166 seconds
[2019-12-09T08:31:19.694+0000][1][safepoint    ] Application time: 1.0000858 seconds
[2019-12-09T08:31:19.694+0000][1][safepoint    ] Entering safepoint region: Cleanup
[2019-12-09T08:31:19.694+0000][1][safepoint    ] Leaving safepoint region
[2019-12-09T08:31:19.694+0000][1][safepoint    ] Total time for which application threads were stopped: 0.0000932 seconds, Stopping threads took: 0.0000196 seconds
[2019-12-09T08:31:20.694+0000][1][safepoint    ] Application time: 1.0000748 seconds
[2019-12-09T08:31:20.694+0000][1][safepoint    ] Entering safepoint region: Cleanup
[2019-12-09T08:31:20.694+0000][1][safepoint    ] Leaving safepoint region
[2019-12-09T08:31:20.694+0000][1][safepoint    ] Total time for which application threads were stopped: 0.0000936 seconds, Stopping threads took: 0.0000194 seconds
[2019-12-09T08:31:21.694+0000][1][safepoint    ] Application time: 1.0000762 seconds
[2019-12-09T08:31:21.694+0000][1][safepoint    ] Entering safepoint region: Cleanup
[2019-12-09T08:31:21.694+0000][1][safepoint    ] Leaving safepoint region
[2019-12-09T08:31:21.694+0000][1][safepoint    ] Total time for which application threads were stopped: 0.0000912 seconds, Stopping threads took: 0.0000189 seconds
[2019-12-09T08:31:22.695+0000][1][safepoint    ] Application time: 1.0000757 seconds
[2019-12-09T08:31:22.695+0000][1][safepoint    ] Entering safepoint region: Cleanup
[2019-12-09T08:31:22.695+0000][1][safepoint    ] Leaving safepoint region
[2019-12-09T08:31:22.695+0000][1][safepoint    ] Total time for which application threads were stopped: 0.0001136 seconds, Stopping threads took: 0.0000191 seconds
[2019-12-09T08:31:23.696+0000][1][safepoint    ] Application time: 1.0009829 seconds
[2019-12-09T08:31:23.696+0000][1][safepoint    ] Entering safepoint region: Cleanup
[2019-12-09T08:31:23.696+0000][1][safepoint    ] Leaving safepoint region
[2019-12-09T08:31:23.696+0000][1][safepoint    ] Total time for which application threads were stopped: 0.0007405 seconds, Stopping threads took: 0.0006281 seconds
[2019-12-09T08:31:24.697+0000][1][safepoint    ] Application time: 1.0000778 seconds
[2019-12-09T08:31:24.697+0000][1][safepoint    ] Entering safepoint region: Cleanup
[2019-12-09T08:31:24.697+0000][1][safepoint    ] Leaving safepoint region
[2019-12-09T08:31:24.697+0000][1][safepoint    ] Total time for which application threads were stopped: 0.0001224 seconds, Stopping threads took: 0.0000185 seconds
[2019-12-09T08:31:25.697+0000][1][safepoint    ] Application time: 1.0000789 seconds
[2019-12-09T08:31:25.697+0000][1][safepoint    ] Entering safepoint region: Cleanup
[2019-12-09T08:31:25.697+0000][1][safepoint    ] Leaving safepoint region
[2019-12-09T08:31:25.697+0000][1][safepoint    ] Total time for which application threads were stopped: 0.0000914 seconds, Stopping threads took: 0.0000179 seconds
[2019-12-09T08:31:26.697+0000][1][safepoint    ] Application time: 1.0000826 seconds
[2019-12-09T08:31:26.697+0000][1][safepoint    ] Entering safepoint region: Cleanup
[2019-12-09T08:31:26.697+0000][1][safepoint    ] Leaving safepoint region
[2019-12-09T08:31:26.697+0000][1][safepoint    ] Total time for which application threads were stopped: 0.0001332 seconds, Stopping threads took: 0.0000267 seconds
[2019-12-09T08:31:27.697+0000][1][safepoint    ] Application time: 1.0000753 seconds
[2019-12-09T08:31:27.697+0000][1][safepoint    ] Entering safepoint region: Cleanup
[2019-12-09T08:31:27.697+0000][1][safepoint    ] Leaving safepoint region
[2019-12-09T08:31:27.697+0000][1][safepoint    ] Total time for which application threads were stopped: 0.0000929 seconds, Stopping threads took: 0.0000197 seconds
[2019-12-09T08:31:28.698+0000][1][safepoint    ] Application time: 1.0000759 seconds
[2019-12-09T08:31:28.698+0000][1][safepoint    ] Entering safepoint region: Cleanup
[2019-12-09T08:31:28.698+0000][1][safepoint    ] Leaving safepoint region
[2019-12-09T08:31:28.698+0000][1][safepoint    ] Total time for which application threads were stopped: 0.0000867 seconds, Stopping threads took: 0.0000167 seconds
[2019-12-09T08:31:29.698+0000][1][safepoint    ] Application time: 1.0000752 seconds
[2019-12-09T08:31:29.698+0000][1][safepoint    ] Entering safepoint region: Cleanup
[2019-12-09T08:31:29.698+0000][1][safepoint    ] Leaving safepoint region
[2019-12-09T08:31:29.698+0000][1][safepoint    ] Total time for which application threads were stopped: 0.0000864 seconds, Stopping threads took: 0.0000180 seconds
[2019-12-09T08:31:30.698+0000][1][safepoint    ] Application time: 1.0000830 seconds
[2019-12-09T08:31:30.698+0000][1][safepoint    ] Entering safepoint region: Cleanup
[2019-12-09T08:31:30.698+0000][1][safepoint    ] Leaving safepoint region
[2019-12-09T08:31:30.698+0000][1][safepoint    ] Total time for which application threads were stopped: 0.0001103 seconds, Stopping threads took: 0.0000313 seconds
[2019-12-09T08:31:31.698+0000][1][safepoint    ] Application time: 1.0000782 seconds
[2019-12-09T08:31:31.698+0000][1][safepoint    ] Entering safepoint region: Cleanup
[2019-12-09T08:31:31.698+0000][1][safepoint    ] Leaving safepoint region
[2019-12-09T08:31:31.698+0000][1][safepoint    ] Total time for which application threads were stopped: 0.0000995 seconds, Stopping threads took: 0.0000189 seconds
[2019-12-09T08:31:32.698+0000][1][safepoint    ] Application time: 1.0000815 seconds
[2019-12-09T08:31:32.698+0000][1][safepoint    ] Entering safepoint region: Cleanup
[2019-12-09T08:31:32.698+0000][1][safepoint    ] Leaving safepoint region
[2019-12-09T08:31:32.699+0000][1][safepoint    ] Total time for which application threads were stopped: 0.0001074 seconds, Stopping threads took: 0.0000205 seconds
[2019-12-09T08:31:33.699+0000][1][safepoint    ] Application time: 1.0000936 seconds
[2019-12-09T08:31:33.699+0000][1][safepoint    ] Entering safepoint region: Cleanup
[2019-12-09T08:31:33.699+0000][1][safepoint    ] Leaving safepoint region
[2019-12-09T08:31:33.699+0000][1][safepoint    ] Total time for which application threads were stopped: 0.0001495 seconds, Stopping threads took: 0.0000704 seconds
[2019-12-09T08:31:34.699+0000][1][safepoint    ] Application time: 1.0000839 seconds
[2019-12-09T08:31:34.699+0000][1][safepoint    ] Entering safepoint region: Cleanup
[2019-12-09T08:31:34.699+0000][1][safepoint    ] Leaving safepoint region
[2019-12-09T08:31:34.699+0000][1][safepoint    ] Total time for which application threads were stopped: 0.0000898 seconds, Stopping threads took: 0.0000189 seconds
[2019-12-09T08:31:35.699+0000][1][safepoint    ] Application time: 1.0000756 seconds
[2019-12-09T08:31:35.699+0000][1][safepoint    ] Entering safepoint region: Cleanup
[2019-12-09T08:31:35.699+0000][1][safepoint    ] Leaving safepoint region
[2019-12-09T08:31:35.699+0000][1][safepoint    ] Total time for which application threads were stopped: 0.0000876 seconds, Stopping threads took: 0.0000181 seconds
[2019-12-09T08:31:36.699+0000][1][safepoint    ] Application time: 1.0000756 seconds
[2019-12-09T08:31:36.699+0000][1][safepoint    ] Entering safepoint region: Cleanup
[2019-12-09T08:31:36.699+0000][1][safepoint    ] Leaving safepoint region
[2019-12-09T08:31:36.699+0000][1][safepoint    ] Total time for which application threads were stopped: 0.0000979 seconds, Stopping threads took: 0.0000184 seconds
[2019-12-09T08:31:37.700+0000][1][safepoint    ] Application time: 1.0000760 seconds
[2019-12-09T08:31:37.700+0000][1][safepoint    ] Entering safepoint region: Cleanup
[2019-12-09T08:31:37.700+0000][1][safepoint    ] Leaving safepoint region
[2019-12-09T08:31:37.700+0000][1][safepoint    ] Total time for which application threads were stopped: 0.0000907 seconds, Stopping threads took: 0.0000177 seconds
[2019-12-09T08:31:38.700+0000][1][safepoint    ] Application time: 1.0000833 seconds
[2019-12-09T08:31:38.700+0000][1][safepoint    ] Entering safepoint region: Cleanup
[2019-12-09T08:31:38.700+0000][1][safepoint    ] Leaving safepoint region
[2019-12-09T08:31:38.700+0000][1][safepoint    ] Total time for which application threads were stopped: 0.0001344 seconds, Stopping threads took: 0.0000461 seconds
[2019-12-09T08:31:39.700+0000][1][safepoint    ] Application time: 1.0000848 seconds
[2019-12-09T08:31:39.700+0000][1][safepoint    ] Entering safepoint region: Cleanup
[2019-12-09T08:31:39.700+0000][1][safepoint    ] Leaving safepoint region
[2019-12-09T08:31:39.700+0000][1][safepoint    ] Total time for which application threads were stopped: 0.0000896 seconds, Stopping threads took: 0.0000179 seconds
[2019-12-09T08:31:40.700+0000][1][safepoint    ] Application time: 1.0000741 seconds
[2019-12-09T08:31:40.700+0000][1][safepoint    ] Entering safepoint region: Cleanup
[2019-12-09T08:31:40.700+0000][1][safepoint    ] Leaving safepoint region
[2019-12-09T08:31:40.700+0000][1][safepoint    ] Total time for which application threads were stopped: 0.0000894 seconds, Stopping threads took: 0.0000189 seconds
[2019-12-09T08:31:41.700+0000][1][safepoint    ] Application time: 1.0000737 seconds
[2019-12-09T08:31:41.700+0000][1][safepoint    ] Entering safepoint region: Cleanup
[2019-12-09T08:31:41.701+0000][1][safepoint    ] Leaving safepoint region
[2019-12-09T08:31:41.701+0000][1][safepoint    ] Total time for which application threads were stopped: 0.0000898 seconds, Stopping threads took: 0.0000189 seconds
[2019-12-09T08:31:42.701+0000][1][safepoint    ] Application time: 1.0000727 seconds
[2019-12-09T08:31:42.701+0000][1][safepoint    ] Entering safepoint region: Cleanup
[2019-12-09T08:31:42.701+0000][1][safepoint    ] Leaving safepoint region
[2019-12-09T08:31:42.701+0000][1][safepoint    ] Total time for which application threads were stopped: 0.0001021 seconds, Stopping threads took: 0.0000181 seconds
[2019-12-09T08:31:43.701+0000][1][safepoint    ] Application time: 1.0000739 seconds
[2019-12-09T08:31:43.701+0000][1][safepoint    ] Entering safepoint region: Cleanup
[2019-12-09T08:31:43.701+0000][1][safepoint    ] Leaving safepoint region
[2019-12-09T08:31:43.701+0000][1][safepoint    ] Total time for which application threads were stopped: 0.0000922 seconds, Stopping threads took: 0.0000192 seconds
[2019-12-09T08:31:44.701+0000][1][safepoint    ] Application time: 1.0000759 seconds
[2019-12-09T08:31:44.701+0000][1][safepoint    ] Entering safepoint region: Cleanup
[2019-12-09T08:31:44.701+0000][1][safepoint    ] Leaving safepoint region
[2019-12-09T08:31:44.701+0000][1][safepoint    ] Total time for which application threads were stopped: 0.0000887 seconds, Stopping threads took: 0.0000175 seconds
[2019-12-09T08:31:45.701+0000][1][safepoint    ] Application time: 1.0000748 seconds
[2019-12-09T08:31:45.701+0000][1][safepoint    ] Entering safepoint region: Cleanup
[2019-12-09T08:31:45.701+0000][1][safepoint    ] Leaving safepoint region
[2019-12-09T08:31:45.701+0000][1][safepoint    ] Total time for which application threads were stopped: 0.0000923 seconds, Stopping threads took: 0.0000183 seconds
[2019-12-09T08:31:46.701+0000][1][safepoint    ] Application time: 1.0000763 seconds
[2019-12-09T08:31:46.701+0000][1][safepoint    ] Entering safepoint region: Cleanup
[2019-12-09T08:31:46.702+0000][1][safepoint    ] Leaving safepoint region
[2019-12-09T08:31:46.702+0000][1][safepoint    ] Total time for which application threads were stopped: 0.0001048 seconds, Stopping threads took: 0.0000273 seconds
[2019-12-09T08:31:47.702+0000][1][safepoint    ] Application time: 1.0000761 seconds
[2019-12-09T08:31:47.702+0000][1][safepoint    ] Entering safepoint region: Cleanup
[2019-12-09T08:31:47.702+0000][1][safepoint    ] Leaving safepoint region
[2019-12-09T08:31:47.702+0000][1][safepoint    ] Total time for which application threads were stopped: 0.0000911 seconds, Stopping threads took: 0.0000198 seconds
[2019-12-09T08:31:48.702+0000][1][safepoint    ] Application time: 1.0000745 seconds
[2019-12-09T08:31:48.702+0000][1][safepoint    ] Entering safepoint region: Cleanup
[2019-12-09T08:31:48.702+0000][1][safepoint    ] Leaving safepoint region
[2019-12-09T08:31:48.702+0000][1][safepoint    ] Total time for which application threads were stopped: 0.0000941 seconds, Stopping threads took: 0.0000208 seconds
[2019-12-09T08:31:49.702+0000][1][safepoint    ] Application time: 1.0000739 seconds
[2019-12-09T08:31:49.702+0000][1][safepoint    ] Entering safepoint region: Cleanup
[2019-12-09T08:31:49.702+0000][1][safepoint    ] Leaving safepoint region
[2019-12-09T08:31:49.702+0000][1][safepoint    ] Total time for which application threads were stopped: 0.0000929 seconds, Stopping threads took: 0.0000184 seconds
[2019-12-09T08:31:50.702+0000][1][safepoint    ] Application time: 1.0000757 seconds
[2019-12-09T08:31:50.702+0000][1][safepoint    ] Entering safepoint region: Cleanup
[2019-12-09T08:31:50.702+0000][1][safepoint    ] Leaving safepoint region
[2019-12-09T08:31:50.702+0000][1][safepoint    ] Total time for which application threads were stopped: 0.0000939 seconds, Stopping threads took: 0.0000196 seconds
[2019-12-09T08:31:51.702+0000][1][safepoint    ] Application time: 1.0000752 seconds
[2019-12-09T08:31:51.703+0000][1][safepoint    ] Entering safepoint region: Cleanup
[2019-12-09T08:31:51.703+0000][1][safepoint    ] Leaving safepoint region
[2019-12-09T08:31:51.703+0000][1][safepoint    ] Total time for which application threads were stopped: 0.0000925 seconds, Stopping threads took: 0.0000196 seconds
[2019-12-09T08:31:52.703+0000][1][safepoint    ] Application time: 1.0000754 seconds
[2019-12-09T08:31:52.703+0000][1][safepoint    ] Entering safepoint region: Cleanup
[2019-12-09T08:31:52.703+0000][1][safepoint    ] Leaving safepoint region
[2019-12-09T08:31:52.703+0000][1][safepoint    ] Total time for which application threads were stopped: 0.0000895 seconds, Stopping threads took: 0.0000186 seconds
[2019-12-09T08:31:53.703+0000][1][safepoint    ] Application time: 1.0000760 seconds
[2019-12-09T08:31:53.703+0000][1][safepoint    ] Entering safepoint region: Cleanup
[2019-12-09T08:31:53.703+0000][1][safepoint    ] Leaving safepoint region
[2019-12-09T08:31:53.703+0000][1][safepoint    ] Total time for which application threads were stopped: 0.0000926 seconds, Stopping threads took: 0.0000198 seconds
[2019-12-09T08:31:54.703+0000][1][safepoint    ] Application time: 1.0000740 seconds
[2019-12-09T08:31:54.703+0000][1][safepoint    ] Entering safepoint region: Cleanup
[2019-12-09T08:31:54.703+0000][1][safepoint    ] Leaving safepoint region
[2019-12-09T08:31:54.703+0000][1][safepoint    ] Total time for which application threads were stopped: 0.0000891 seconds, Stopping threads took: 0.0000184 seconds
[2019-12-09T08:31:55.703+0000][1][safepoint    ] Application time: 1.0000756 seconds
[2019-12-09T08:31:55.703+0000][1][safepoint    ] Entering safepoint region: Cleanup
[2019-12-09T08:31:55.703+0000][1][safepoint    ] Leaving safepoint region
[2019-12-09T08:31:55.703+0000][1][safepoint    ] Total time for which application threads were stopped: 0.0000890 seconds, Stopping threads took: 0.0000182 seconds
[2019-12-09T08:31:56.704+0000][1][safepoint    ] Application time: 1.0000757 seconds
[2019-12-09T08:31:56.704+0000][1][safepoint    ] Entering safepoint region: Cleanup
[2019-12-09T08:31:56.704+0000][1][safepoint    ] Leaving safepoint region
[2019-12-09T08:31:56.704+0000][1][safepoint    ] Total time for which application threads were stopped: 0.0000970 seconds, Stopping threads took: 0.0000216 seconds
[2019-12-09T08:31:57.704+0000][1][safepoint    ] Application time: 1.0000890 seconds
[2019-12-09T08:31:57.704+0000][1][safepoint    ] Entering safepoint region: Cleanup
[2019-12-09T08:31:57.704+0000][1][safepoint    ] Leaving safepoint region
[2019-12-09T08:31:57.704+0000][1][safepoint    ] Total time for which application threads were stopped: 0.0000936 seconds, Stopping threads took: 0.0000199 seconds
[2019-12-09T08:31:58.704+0000][1][safepoint    ] Application time: 1.0000757 seconds
[2019-12-09T08:31:58.704+0000][1][safepoint    ] Entering safepoint region: Cleanup
[2019-12-09T08:31:58.704+0000][1][safepoint    ] Leaving safepoint region
[2019-12-09T08:31:58.704+0000][1][safepoint    ] Total time for which application threads were stopped: 0.0000889 seconds, Stopping threads took: 0.0000196 seconds
[2019-12-09T08:31:59.704+0000][1][safepoint    ] Application time: 1.0000746 seconds
[2019-12-09T08:31:59.704+0000][1][safepoint    ] Entering safepoint region: Cleanup
[2019-12-09T08:31:59.704+0000][1][safepoint    ] Leaving safepoint region
[2019-12-09T08:31:59.704+0000][1][safepoint    ] Total time for which application threads were stopped: 0.0000925 seconds, Stopping threads took: 0.0000199 seconds
[2019-12-09T08:32:00.704+0000][1][safepoint    ] Application time: 1.0000739 seconds
[2019-12-09T08:32:00.704+0000][1][safepoint    ] Entering safepoint region: Cleanup
[2019-12-09T08:32:00.704+0000][1][safepoint    ] Leaving safepoint region
[2019-12-09T08:32:00.705+0000][1][safepoint    ] Total time for which application threads were stopped: 0.0000901 seconds, Stopping threads took: 0.0000193 seconds
[2019-12-09T08:32:01.705+0000][1][safepoint    ] Application time: 1.0000777 seconds
[2019-12-09T08:32:01.705+0000][1][safepoint    ] Entering safepoint region: Cleanup
[2019-12-09T08:32:01.705+0000][1][safepoint    ] Leaving safepoint region
[2019-12-09T08:32:01.705+0000][1][safepoint    ] Total time for which application threads were stopped: 0.0001042 seconds, Stopping threads took: 0.0000200 seconds
[2019-12-09T08:32:02.705+0000][1][safepoint    ] Application time: 1.0000762 seconds
[2019-12-09T08:32:02.705+0000][1][safepoint    ] Entering safepoint region: Cleanup
[2019-12-09T08:32:02.705+0000][1][safepoint    ] Leaving safepoint region
[2019-12-09T08:32:02.705+0000][1][safepoint    ] Total time for which application threads were stopped: 0.0000954 seconds, Stopping threads took: 0.0000202 seconds
[2019-12-09T08:32:03.705+0000][1][safepoint    ] Application time: 1.0000752 seconds
[2019-12-09T08:32:03.705+0000][1][safepoint    ] Entering safepoint region: Cleanup
[2019-12-09T08:32:03.705+0000][1][safepoint    ] Leaving safepoint region
[2019-12-09T08:32:03.705+0000][1][safepoint    ] Total time for which application threads were stopped: 0.0000896 seconds, Stopping threads took: 0.0000191 seconds
[2019-12-09T08:32:04.705+0000][1][safepoint    ] Application time: 1.0000757 seconds
[2019-12-09T08:32:04.705+0000][1][safepoint    ] Entering safepoint region: Cleanup
[2019-12-09T08:32:04.705+0000][1][safepoint    ] Leaving safepoint region
[2019-12-09T08:32:04.705+0000][1][safepoint    ] Total time for which application threads were stopped: 0.0000908 seconds, Stopping threads took: 0.0000184 seconds
[2019-12-09T08:32:05.705+0000][1][safepoint    ] Application time: 1.0000746 seconds
[2019-12-09T08:32:05.705+0000][1][safepoint    ] Entering safepoint region: Cleanup
[2019-12-09T08:32:05.706+0000][1][safepoint    ] Leaving safepoint region
[2019-12-09T08:32:05.706+0000][1][safepoint    ] Total time for which application threads were stopped: 0.0000878 seconds, Stopping threads took: 0.0000183 seconds
[2019-12-09T08:32:06.706+0000][1][safepoint    ] Application time: 1.0000813 seconds
[2019-12-09T08:32:06.706+0000][1][safepoint    ] Entering safepoint region: Cleanup
[2019-12-09T08:32:06.706+0000][1][safepoint    ] Leaving safepoint region
[2019-12-09T08:32:06.706+0000][1][safepoint    ] Total time for which application threads were stopped: 0.0000906 seconds, Stopping threads took: 0.0000189 seconds
[2019-12-09T08:32:07.706+0000][1][safepoint    ] Application time: 1.0000747 seconds
[2019-12-09T08:32:07.706+0000][1][safepoint    ] Entering safepoint region: Cleanup
[2019-12-09T08:32:07.706+0000][1][safepoint    ] Leaving safepoint region
[2019-12-09T08:32:07.706+0000][1][safepoint    ] Total time for which application threads were stopped: 0.0000878 seconds, Stopping threads took: 0.0000187 seconds
[2019-12-09T08:32:08.706+0000][1][safepoint    ] Application time: 1.0000794 seconds
[2019-12-09T08:32:08.706+0000][1][safepoint    ] Entering safepoint region: Cleanup
[2019-12-09T08:32:08.706+0000][1][safepoint    ] Leaving safepoint region
[2019-12-09T08:32:08.706+0000][1][safepoint    ] Total time for which application threads were stopped: 0.0000978 seconds, Stopping threads took: 0.0000276 seconds
[2019-12-09T08:32:09.706+0000][1][safepoint    ] Application time: 1.0000742 seconds
[2019-12-09T08:32:09.706+0000][1][safepoint    ] Entering safepoint region: Cleanup
[2019-12-09T08:32:09.706+0000][1][safepoint    ] Leaving safepoint region
[2019-12-09T08:32:09.706+0000][1][safepoint    ] Total time for which application threads were stopped: 0.0000882 seconds, Stopping threads took: 0.0000181 seconds
[2019-12-09T08:32:10.706+0000][1][safepoint    ] Application time: 1.0000779 seconds
[2019-12-09T08:32:10.707+0000][1][safepoint    ] Entering safepoint region: Cleanup
[2019-12-09T08:32:10.707+0000][1][safepoint    ] Leaving safepoint region
[2019-12-09T08:32:10.707+0000][1][safepoint    ] Total time for which application threads were stopped: 0.0000949 seconds, Stopping threads took: 0.0000190 seconds
[2019-12-09T08:32:11.707+0000][1][safepoint    ] Application time: 1.0000743 seconds
[2019-12-09T08:32:11.707+0000][1][safepoint    ] Entering safepoint region: Cleanup
[2019-12-09T08:32:11.707+0000][1][safepoint    ] Leaving safepoint region
[2019-12-09T08:32:11.707+0000][1][safepoint    ] Total time for which application threads were stopped: 0.0000893 seconds, Stopping threads took: 0.0000181 seconds
[2019-12-09T08:32:12.707+0000][1][safepoint    ] Application time: 1.0000813 seconds
[2019-12-09T08:32:12.707+0000][1][safepoint    ] Entering safepoint region: Cleanup
[2019-12-09T08:32:12.707+0000][1][safepoint    ] Leaving safepoint region
[2019-12-09T08:32:12.707+0000][1][safepoint    ] Total time for which application threads were stopped: 0.0000885 seconds, Stopping threads took: 0.0000179 seconds
[2019-12-09T08:32:13.707+0000][1][safepoint    ] Application time: 1.0000736 seconds
[2019-12-09T08:32:13.707+0000][1][safepoint    ] Entering safepoint region: Cleanup
[2019-12-09T08:32:13.707+0000][1][safepoint    ] Leaving safepoint region
[2019-12-09T08:32:13.707+0000][1][safepoint    ] Total time for which application threads were stopped: 0.0000897 seconds, Stopping threads took: 0.0000192 seconds
[2019-12-09T08:32:14.773+0000][1][safepoint    ] Application time: 1.0654770 seconds
[2019-12-09T08:32:14.773+0000][1][safepoint    ] Entering safepoint region: Cleanup
[2019-12-09T08:32:14.773+0000][1][safepoint    ] Leaving safepoint region
[2019-12-09T08:32:14.773+0000][1][safepoint    ] Total time for which application threads were stopped: 0.0000957 seconds, Stopping threads took: 0.0000189 seconds
[2019-12-09T08:32:15.773+0000][1][safepoint    ] Application time: 1.0000808 seconds
[2019-12-09T08:32:15.773+0000][1][safepoint    ] Entering safepoint region: Cleanup
[2019-12-09T08:32:15.773+0000][1][safepoint    ] Leaving safepoint region
[2019-12-09T08:32:15.773+0000][1][safepoint    ] Total time for which application threads were stopped: 0.0000919 seconds, Stopping threads took: 0.0000200 seconds
[2019-12-09T08:32:16.773+0000][1][safepoint    ] Application time: 1.0000763 seconds
[2019-12-09T08:32:16.773+0000][1][safepoint    ] Entering safepoint region: Cleanup
[2019-12-09T08:32:16.773+0000][1][safepoint    ] Leaving safepoint region
[2019-12-09T08:32:16.773+0000][1][safepoint    ] Total time for which application threads were stopped: 0.0000907 seconds, Stopping threads took: 0.0000184 seconds
[2019-12-09T08:32:17.773+0000][1][safepoint    ] Application time: 1.0000813 seconds
[2019-12-09T08:32:17.773+0000][1][safepoint    ] Entering safepoint region: Cleanup
[2019-12-09T08:32:17.773+0000][1][safepoint    ] Leaving safepoint region
[2019-12-09T08:32:17.774+0000][1][safepoint    ] Total time for which application threads were stopped: 0.0001050 seconds, Stopping threads took: 0.0000198 seconds
[2019-12-09T08:32:18.774+0000][1][safepoint    ] Application time: 1.0000744 seconds
[2019-12-09T08:32:18.774+0000][1][safepoint    ] Entering safepoint region: Cleanup
[2019-12-09T08:32:18.774+0000][1][safepoint    ] Leaving safepoint region
[2019-12-09T08:32:18.774+0000][1][safepoint    ] Total time for which application threads were stopped: 0.0001013 seconds, Stopping threads took: 0.0000204 seconds
[2019-12-09T08:32:19.774+0000][1][safepoint    ] Application time: 1.0000753 seconds
[2019-12-09T08:32:19.774+0000][1][safepoint    ] Entering safepoint region: Cleanup
[2019-12-09T08:32:19.774+0000][1][safepoint    ] Leaving safepoint region
[2019-12-09T08:32:19.774+0000][1][safepoint    ] Total time for which application threads were stopped: 0.0000932 seconds, Stopping threads took: 0.0000190 seconds
[2019-12-09T08:32:20.774+0000][1][safepoint    ] Application time: 1.0000756 seconds
[2019-12-09T08:32:20.774+0000][1][safepoint    ] Entering safepoint region: Cleanup
[2019-12-09T08:32:20.774+0000][1][safepoint    ] Leaving safepoint region
[2019-12-09T08:32:20.774+0000][1][safepoint    ] Total time for which application threads were stopped: 0.0000929 seconds, Stopping threads took: 0.0000198 seconds
[2019-12-09T08:32:21.774+0000][1][safepoint    ] Application time: 1.0000759 seconds
[2019-12-09T08:32:21.774+0000][1][safepoint    ] Entering safepoint region: Cleanup
[2019-12-09T08:32:21.774+0000][1][safepoint    ] Leaving safepoint region
[2019-12-09T08:32:21.774+0000][1][safepoint    ] Total time for which application threads were stopped: 0.0000912 seconds, Stopping threads took: 0.0000188 seconds
[2019-12-09T08:32:22.774+0000][1][safepoint    ] Application time: 1.0000898 seconds
[2019-12-09T08:32:22.775+0000][1][safepoint    ] Entering safepoint region: Cleanup
[2019-12-09T08:32:22.775+0000][1][safepoint    ] Leaving safepoint region
[2019-12-09T08:32:22.775+0000][1][safepoint    ] Total time for which application threads were stopped: 0.0000968 seconds, Stopping threads took: 0.0000209 seconds
[2019-12-09T08:32:23.775+0000][1][safepoint    ] Application time: 1.0000847 seconds
[2019-12-09T08:32:23.775+0000][1][safepoint    ] Entering safepoint region: Cleanup
[2019-12-09T08:32:23.775+0000][1][safepoint    ] Leaving safepoint region
[2019-12-09T08:32:23.775+0000][1][safepoint    ] Total time for which application threads were stopped: 0.0001193 seconds, Stopping threads took: 0.0000241 seconds
[2019-12-09T08:32:24.775+0000][1][safepoint    ] Application time: 1.0000767 seconds
[2019-12-09T08:32:24.775+0000][1][safepoint    ] Entering safepoint region: Cleanup
[2019-12-09T08:32:24.775+0000][1][safepoint    ] Leaving safepoint region
[2019-12-09T08:32:24.775+0000][1][safepoint    ] Total time for which application threads were stopped: 0.0000951 seconds, Stopping threads took: 0.0000198 seconds
[2019-12-09T08:32:25.775+0000][1][safepoint    ] Application time: 1.0000750 seconds
[2019-12-09T08:32:25.775+0000][1][safepoint    ] Entering safepoint region: Cleanup
[2019-12-09T08:32:25.775+0000][1][safepoint    ] Leaving safepoint region
[2019-12-09T08:32:25.775+0000][1][safepoint    ] Total time for which application threads were stopped: 0.0000906 seconds, Stopping threads took: 0.0000194 seconds
[2019-12-09T08:32:26.775+0000][1][safepoint    ] Application time: 1.0000743 seconds
[2019-12-09T08:32:26.775+0000][1][safepoint    ] Entering safepoint region: Cleanup
[2019-12-09T08:32:26.776+0000][1][safepoint    ] Leaving safepoint region
[2019-12-09T08:32:26.776+0000][1][safepoint    ] Total time for which application threads were stopped: 0.0000912 seconds, Stopping threads took: 0.0000182 seconds
[2019-12-09T08:32:27.776+0000][1][safepoint    ] Application time: 1.0000890 seconds
[2019-12-09T08:32:27.776+0000][1][safepoint    ] Entering safepoint region: Cleanup
[2019-12-09T08:32:27.776+0000][1][safepoint    ] Leaving safepoint region
[2019-12-09T08:32:27.776+0000][1][safepoint    ] Total time for which application threads were stopped: 0.0001524 seconds, Stopping threads took: 0.0000443 seconds
[2019-12-09T08:32:28.776+0000][1][safepoint    ] Application time: 1.0000764 seconds
[2019-12-09T08:32:28.776+0000][1][safepoint    ] Entering safepoint region: Cleanup
[2019-12-09T08:32:28.776+0000][1][safepoint    ] Leaving safepoint region
[2019-12-09T08:32:28.776+0000][1][safepoint    ] Total time for which application threads were stopped: 0.0000873 seconds, Stopping threads took: 0.0000172 seconds
[2019-12-09T08:32:29.776+0000][1][safepoint    ] Application time: 1.0000813 seconds
[2019-12-09T08:32:29.776+0000][1][safepoint    ] Entering safepoint region: Cleanup
[2019-12-09T08:32:29.776+0000][1][safepoint    ] Leaving safepoint region
[2019-12-09T08:32:29.776+0000][1][safepoint    ] Total time for which application threads were stopped: 0.0000922 seconds, Stopping threads took: 0.0000193 seconds
[2019-12-09T08:32:31.408+0000][1][safepoint    ] Application time: 1.6316595 seconds
[2019-12-09T08:32:31.408+0000][1][safepoint    ] Entering safepoint region: Cleanup
[2019-12-09T08:32:31.408+0000][1][safepoint    ] Leaving safepoint region
[2019-12-09T08:32:31.408+0000][1][safepoint    ] Total time for which application threads were stopped: 0.0001364 seconds, Stopping threads took: 0.0000257 seconds
[2019-12-09T08:32:32.408+0000][1][safepoint    ] Application time: 1.0000793 seconds
[2019-12-09T08:32:32.408+0000][1][safepoint    ] Entering safepoint region: Cleanup
[2019-12-09T08:32:32.408+0000][1][safepoint    ] Leaving safepoint region
[2019-12-09T08:32:32.408+0000][1][safepoint    ] Total time for which application threads were stopped: 0.0000925 seconds, Stopping threads took: 0.0000211 seconds
[2019-12-09T08:32:33.408+0000][1][safepoint    ] Application time: 1.0000768 seconds
[2019-12-09T08:32:33.408+0000][1][safepoint    ] Entering safepoint region: Cleanup
[2019-12-09T08:32:33.409+0000][1][safepoint    ] Leaving safepoint region
[2019-12-09T08:32:33.409+0000][1][safepoint    ] Total time for which application threads were stopped: 0.0000942 seconds, Stopping threads took: 0.0000217 seconds
[2019-12-09T08:32:34.409+0000][1][safepoint    ] Application time: 1.0000761 seconds
[2019-12-09T08:32:34.409+0000][1][safepoint    ] Entering safepoint region: Cleanup
[2019-12-09T08:32:34.409+0000][1][safepoint    ] Leaving safepoint region
[2019-12-09T08:32:34.409+0000][1][safepoint    ] Total time for which application threads were stopped: 0.0001016 seconds, Stopping threads took: 0.0000192 seconds
[2019-12-09T08:32:35.409+0000][1][safepoint    ] Application time: 1.0000748 seconds
[2019-12-09T08:32:35.409+0000][1][safepoint    ] Entering safepoint region: Cleanup
[2019-12-09T08:32:35.409+0000][1][safepoint    ] Leaving safepoint region
[2019-12-09T08:32:35.409+0000][1][safepoint    ] Total time for which application threads were stopped: 0.0000947 seconds, Stopping threads took: 0.0000197 seconds
[2019-12-09T08:32:36.409+0000][1][safepoint    ] Application time: 1.0000739 seconds
[2019-12-09T08:32:36.409+0000][1][safepoint    ] Entering safepoint region: Cleanup
[2019-12-09T08:32:36.409+0000][1][safepoint    ] Leaving safepoint region
[2019-12-09T08:32:36.409+0000][1][safepoint    ] Total time for which application threads were stopped: 0.0000941 seconds, Stopping threads took: 0.0000199 seconds
[2019-12-09T08:32:37.409+0000][1][safepoint    ] Application time: 1.0000763 seconds
[2019-12-09T08:32:37.409+0000][1][safepoint    ] Entering safepoint region: Cleanup
[2019-12-09T08:32:37.409+0000][1][safepoint    ] Leaving safepoint region
[2019-12-09T08:32:37.409+0000][1][safepoint    ] Total time for which application threads were stopped: 0.0000970 seconds, Stopping threads took: 0.0000210 seconds
[2019-12-09T08:32:38.409+0000][1][safepoint    ] Application time: 1.0000792 seconds
[2019-12-09T08:32:38.410+0000][1][safepoint    ] Entering safepoint region: Cleanup
[2019-12-09T08:32:38.410+0000][1][safepoint    ] Leaving safepoint region
[2019-12-09T08:32:38.410+0000][1][safepoint    ] Total time for which application threads were stopped: 0.0001007 seconds, Stopping threads took: 0.0000286 seconds
[2019-12-09T08:32:39.410+0000][1][safepoint    ] Application time: 1.0000764 seconds
[2019-12-09T08:32:39.410+0000][1][safepoint    ] Entering safepoint region: Cleanup
[2019-12-09T08:32:39.410+0000][1][safepoint    ] Leaving safepoint region
[2019-12-09T08:32:39.410+0000][1][safepoint    ] Total time for which application threads were stopped: 0.0000908 seconds, Stopping threads took: 0.0000190 seconds
[2019-12-09T08:32:40.410+0000][1][safepoint    ] Application time: 1.0000793 seconds
[2019-12-09T08:32:40.410+0000][1][safepoint    ] Entering safepoint region: Cleanup
[2019-12-09T08:32:40.410+0000][1][safepoint    ] Leaving safepoint region
[2019-12-09T08:32:40.410+0000][1][safepoint    ] Total time for which application threads were stopped: 0.0000946 seconds, Stopping threads took: 0.0000203 seconds
[2019-12-09T08:32:41.410+0000][1][safepoint    ] Application time: 1.0000747 seconds
[2019-12-09T08:32:41.410+0000][1][safepoint    ] Entering safepoint region: Cleanup
[2019-12-09T08:32:41.410+0000][1][safepoint    ] Leaving safepoint region
[2019-12-09T08:32:41.410+0000][1][safepoint    ] Total time for which application threads were stopped: 0.0000937 seconds, Stopping threads took: 0.0000203 seconds
[2019-12-09T08:32:42.410+0000][1][safepoint    ] Application time: 1.0000738 seconds
[2019-12-09T08:32:42.410+0000][1][safepoint    ] Entering safepoint region: Cleanup
[2019-12-09T08:32:42.410+0000][1][safepoint    ] Leaving safepoint region
[2019-12-09T08:32:42.410+0000][1][safepoint    ] Total time for which application threads were stopped: 0.0000913 seconds, Stopping threads took: 0.0000187 seconds
[2019-12-09T08:32:43.411+0000][1][safepoint    ] Application time: 1.0000765 seconds
[2019-12-09T08:32:43.411+0000][1][safepoint    ] Entering safepoint region: Cleanup
[2019-12-09T08:32:43.411+0000][1][safepoint    ] Leaving safepoint region
[2019-12-09T08:32:43.411+0000][1][safepoint    ] Total time for which application threads were stopped: 0.0001072 seconds, Stopping threads took: 0.0000194 seconds
[2019-12-09T08:32:44.411+0000][1][safepoint    ] Application time: 1.0000770 seconds
[2019-12-09T08:32:44.411+0000][1][safepoint    ] Entering safepoint region: Cleanup
[2019-12-09T08:32:44.411+0000][1][safepoint    ] Leaving safepoint region
[2019-12-09T08:32:44.411+0000][1][safepoint    ] Total time for which application threads were stopped: 0.0000956 seconds, Stopping threads took: 0.0000211 seconds
[2019-12-09T08:32:45.411+0000][1][safepoint    ] Application time: 1.0000756 seconds
[2019-12-09T08:32:45.411+0000][1][safepoint    ] Entering safepoint region: Cleanup
[2019-12-09T08:32:45.411+0000][1][safepoint    ] Leaving safepoint region
[2019-12-09T08:32:45.411+0000][1][safepoint    ] Total time for which application threads were stopped: 0.0000935 seconds, Stopping threads took: 0.0000207 seconds
[2019-12-09T08:32:46.411+0000][1][safepoint    ] Application time: 1.0000754 seconds
[2019-12-09T08:32:46.411+0000][1][safepoint    ] Entering safepoint region: Cleanup
[2019-12-09T08:32:46.411+0000][1][safepoint    ] Leaving safepoint region
[2019-12-09T08:32:46.411+0000][1][safepoint    ] Total time for which application threads were stopped: 0.0000955 seconds, Stopping threads took: 0.0000199 seconds
[2019-12-09T08:32:47.411+0000][1][safepoint    ] Application time: 1.0000746 seconds
[2019-12-09T08:32:47.411+0000][1][safepoint    ] Entering safepoint region: Cleanup
[2019-12-09T08:32:47.412+0000][1][safepoint    ] Leaving safepoint region
[2019-12-09T08:32:47.412+0000][1][safepoint    ] Total time for which application threads were stopped: 0.0000932 seconds, Stopping threads took: 0.0000205 seconds
[2019-12-09T08:32:48.412+0000][1][safepoint    ] Application time: 1.0000757 seconds
[2019-12-09T08:32:48.412+0000][1][safepoint    ] Entering safepoint region: Cleanup
[2019-12-09T08:32:48.412+0000][1][safepoint    ] Leaving safepoint region
[2019-12-09T08:32:48.412+0000][1][safepoint    ] Total time for which application threads were stopped: 0.0000910 seconds, Stopping threads took: 0.0000198 seconds
[2019-12-09T08:32:49.412+0000][1][safepoint    ] Application time: 1.0000758 seconds
[2019-12-09T08:32:49.412+0000][1][safepoint    ] Entering safepoint region: Cleanup
[2019-12-09T08:32:49.412+0000][1][safepoint    ] Leaving safepoint region
[2019-12-09T08:32:49.412+0000][1][safepoint    ] Total time for which application threads were stopped: 0.0000933 seconds, Stopping threads took: 0.0000199 seconds
[2019-12-09T08:32:50.412+0000][1][safepoint    ] Application time: 1.0000757 seconds
[2019-12-09T08:32:50.412+0000][1][safepoint    ] Entering safepoint region: Cleanup
[2019-12-09T08:32:50.412+0000][1][safepoint    ] Leaving safepoint region
[2019-12-09T08:32:50.412+0000][1][safepoint    ] Total time for which application threads were stopped: 0.0000953 seconds, Stopping threads took: 0.0000205 seconds
[2019-12-09T08:32:51.412+0000][1][safepoint    ] Application time: 1.0000744 seconds
[2019-12-09T08:32:51.412+0000][1][safepoint    ] Entering safepoint region: Cleanup
[2019-12-09T08:32:51.412+0000][1][safepoint    ] Leaving safepoint region
[2019-12-09T08:32:51.412+0000][1][safepoint    ] Total time for which application threads were stopped: 0.0000944 seconds, Stopping threads took: 0.0000201 seconds
[2019-12-09T08:32:52.413+0000][1][safepoint    ] Application time: 1.0000758 seconds
[2019-12-09T08:32:52.413+0000][1][safepoint    ] Entering safepoint region: Cleanup
[2019-12-09T08:32:52.413+0000][1][safepoint    ] Leaving safepoint region
[2019-12-09T08:32:52.413+0000][1][safepoint    ] Total time for which application threads were stopped: 0.0000933 seconds, Stopping threads took: 0.0000190 seconds
[2019-12-09T08:32:53.413+0000][1][safepoint    ] Application time: 1.0000744 seconds
[2019-12-09T08:32:53.413+0000][1][safepoint    ] Entering safepoint region: Cleanup
[2019-12-09T08:32:53.413+0000][1][safepoint    ] Leaving safepoint region
[2019-12-09T08:32:53.413+0000][1][safepoint    ] Total time for which application threads were stopped: 0.0000915 seconds, Stopping threads took: 0.0000192 seconds
[2019-12-09T08:32:54.413+0000][1][safepoint    ] Application time: 1.0000759 seconds
[2019-12-09T08:32:54.413+0000][1][safepoint    ] Entering safepoint region: Cleanup
[2019-12-09T08:32:54.413+0000][1][safepoint    ] Leaving safepoint region
[2019-12-09T08:32:54.413+0000][1][safepoint    ] Total time for which application threads were stopped: 0.0000913 seconds, Stopping threads took: 0.0000201 seconds
[2019-12-09T08:32:55.413+0000][1][safepoint    ] Application time: 1.0000743 seconds
[2019-12-09T08:32:55.413+0000][1][safepoint    ] Entering safepoint region: Cleanup
[2019-12-09T08:32:55.413+0000][1][safepoint    ] Leaving safepoint region
[2019-12-09T08:32:55.413+0000][1][safepoint    ] Total time for which application threads were stopped: 0.0000939 seconds, Stopping threads took: 0.0000207 seconds
[2019-12-09T08:32:56.413+0000][1][safepoint    ] Application time: 1.0000766 seconds
[2019-12-09T08:32:56.413+0000][1][safepoint    ] Entering safepoint region: Cleanup
[2019-12-09T08:32:56.414+0000][1][safepoint    ] Leaving safepoint region
[2019-12-09T08:32:56.414+0000][1][safepoint    ] Total time for which application threads were stopped: 0.0000951 seconds, Stopping threads took: 0.0000232 seconds
[2019-12-09T08:32:57.414+0000][1][safepoint    ] Application time: 1.0000754 seconds
[2019-12-09T08:32:57.414+0000][1][safepoint    ] Entering safepoint region: Cleanup
[2019-12-09T08:32:57.414+0000][1][safepoint    ] Leaving safepoint region
[2019-12-09T08:32:57.414+0000][1][safepoint    ] Total time for which application threads were stopped: 0.0001090 seconds, Stopping threads took: 0.0000203 seconds
[2019-12-09T08:32:58.414+0000][1][safepoint    ] Application time: 1.0000776 seconds
[2019-12-09T08:32:58.414+0000][1][safepoint    ] Entering safepoint region: Cleanup
[2019-12-09T08:32:58.414+0000][1][safepoint    ] Leaving safepoint region
[2019-12-09T08:32:58.414+0000][1][safepoint    ] Total time for which application threads were stopped: 0.0000916 seconds, Stopping threads took: 0.0000198 seconds
[2019-12-09T08:32:58.727+0000][1][safepoint    ] Application time: 0.3128615 seconds
[2019-12-09T08:32:58.727+0000][1][safepoint    ] Entering safepoint region: GenCollectForAllocation
[2019-12-09T08:32:58.727+0000][1][gc,start     ] GC(76) Pause Young (Allocation Failure)
[2019-12-09T08:32:58.727+0000][1][gc,task      ] GC(76) Using 2 workers of 2 for evacuation
[2019-12-09T08:32:58.729+0000][1][gc,age       ] GC(76) Desired survivor size 4456448 bytes, new threshold 6 (max threshold 6)
[2019-12-09T08:32:58.729+0000][1][gc,age       ] GC(76) Age table with threshold 6 (max threshold 6)
[2019-12-09T08:32:58.729+0000][1][gc,age       ] GC(76) - age   1:      16336 bytes,      16336 total
[2019-12-09T08:32:58.729+0000][1][gc,age       ] GC(76) - age   2:        240 bytes,      16576 total
[2019-12-09T08:32:58.729+0000][1][gc,age       ] GC(76) - age   3:        864 bytes,      17440 total
[2019-12-09T08:32:58.729+0000][1][gc,age       ] GC(76) - age   4:         56 bytes,      17496 total
[2019-12-09T08:32:58.729+0000][1][gc,age       ] GC(76) - age   6:        136 bytes,      17632 total
[2019-12-09T08:32:58.729+0000][1][gc,heap      ] GC(76) ParNew: 69969K->21K(78656K)
[2019-12-09T08:32:58.729+0000][1][gc,heap      ] GC(76) CMS: 75192K->75193K(174784K)
[2019-12-09T08:32:58.729+0000][1][gc,metaspace ] GC(76) Metaspace: 79582K->79582K(1122304K)
[2019-12-09T08:32:58.729+0000][1][gc           ] GC(76) Pause Young (Allocation Failure) 141M->73M(247M) 1.622ms
[2019-12-09T08:32:58.729+0000][1][gc,cpu       ] GC(76) User=0.00s Sys=0.00s Real=0.00s
[2019-12-09T08:32:58.729+0000][1][safepoint    ] Leaving safepoint region
[2019-12-09T08:32:58.729+0000][1][safepoint    ] Total time for which application threads were stopped: 0.0017808 seconds, Stopping threads took: 0.0000171 seconds
[2019-12-09T08:32:59.729+0000][1][safepoint    ] Application time: 1.0000848 seconds
[2019-12-09T08:32:59.729+0000][1][safepoint    ] Entering safepoint region: Cleanup
[2019-12-09T08:32:59.729+0000][1][safepoint    ] Leaving safepoint region
[2019-12-09T08:32:59.729+0000][1][safepoint    ] Total time for which application threads were stopped: 0.0000882 seconds, Stopping threads took: 0.0000180 seconds
[2019-12-09T08:33:00.729+0000][1][safepoint    ] Application time: 1.0000795 seconds
[2019-12-09T08:33:00.729+0000][1][safepoint    ] Entering safepoint region: Cleanup
[2019-12-09T08:33:00.729+0000][1][safepoint    ] Leaving safepoint region
[2019-12-09T08:33:00.729+0000][1][safepoint    ] Total time for which application threads were stopped: 0.0000930 seconds, Stopping threads took: 0.0000204 seconds
[2019-12-09T08:33:01.729+0000][1][safepoint    ] Application time: 1.0000764 seconds
[2019-12-09T08:33:01.729+0000][1][safepoint    ] Entering safepoint region: Cleanup
[2019-12-09T08:33:01.729+0000][1][safepoint    ] Leaving safepoint region
[2019-12-09T08:33:01.729+0000][1][safepoint    ] Total time for which application threads were stopped: 0.0000998 seconds, Stopping threads took: 0.0000193 seconds
[2019-12-09T08:33:02.729+0000][1][safepoint    ] Application time: 1.0000727 seconds
[2019-12-09T08:33:02.729+0000][1][safepoint    ] Entering safepoint region: Cleanup
[2019-12-09T08:33:02.729+0000][1][safepoint    ] Leaving safepoint region
[2019-12-09T08:33:02.729+0000][1][safepoint    ] Total time for which application threads were stopped: 0.0000890 seconds, Stopping threads took: 0.0000184 seconds
[2019-12-09T08:33:04.661+0000][1][safepoint    ] Application time: 1.9317940 seconds
[2019-12-09T08:33:04.661+0000][1][safepoint    ] Entering safepoint region: Cleanup
[2019-12-09T08:33:04.661+0000][1][safepoint    ] Leaving safepoint region
[2019-12-09T08:33:04.661+0000][1][safepoint    ] Total time for which application threads were stopped: 0.0000870 seconds, Stopping threads took: 0.0000183 seconds
[2019-12-09T08:33:05.661+0000][1][safepoint    ] Application time: 1.0000767 seconds
[2019-12-09T08:33:05.662+0000][1][safepoint    ] Entering safepoint region: Cleanup
[2019-12-09T08:33:05.662+0000][1][safepoint    ] Leaving safepoint region
[2019-12-09T08:33:05.662+0000][1][safepoint    ] Total time for which application threads were stopped: 0.0000898 seconds, Stopping threads took: 0.0000184 seconds
[2019-12-09T08:33:06.662+0000][1][safepoint    ] Application time: 1.0000770 seconds
[2019-12-09T08:33:06.662+0000][1][safepoint    ] Entering safepoint region: Cleanup
[2019-12-09T08:33:06.662+0000][1][safepoint    ] Leaving safepoint region
[2019-12-09T08:33:06.662+0000][1][safepoint    ] Total time for which application threads were stopped: 0.0000848 seconds, Stopping threads took: 0.0000169 seconds
[2019-12-09T08:33:07.662+0000][1][safepoint    ] Application time: 1.0000775 seconds
[2019-12-09T08:33:07.662+0000][1][safepoint    ] Entering safepoint region: Cleanup
[2019-12-09T08:33:07.662+0000][1][safepoint    ] Leaving safepoint region
[2019-12-09T08:33:07.662+0000][1][safepoint    ] Total time for which application threads were stopped: 0.0000889 seconds, Stopping threads took: 0.0000176 seconds
[2019-12-09T08:33:08.662+0000][1][safepoint    ] Application time: 1.0000737 seconds
[2019-12-09T08:33:08.662+0000][1][safepoint    ] Entering safepoint region: Cleanup
[2019-12-09T08:33:08.662+0000][1][safepoint    ] Leaving safepoint region
[2019-12-09T08:33:08.662+0000][1][safepoint    ] Total time for which application threads were stopped: 0.0000961 seconds, Stopping threads took: 0.0000267 seconds
[2019-12-09T08:33:09.662+0000][1][safepoint    ] Application time: 1.0000756 seconds
[2019-12-09T08:33:09.662+0000][1][safepoint    ] Entering safepoint region: Cleanup
[2019-12-09T08:33:09.662+0000][1][safepoint    ] Leaving safepoint region
[2019-12-09T08:33:09.662+0000][1][safepoint    ] Total time for which application threads were stopped: 0.0000857 seconds, Stopping threads took: 0.0000176 seconds
[2019-12-09T08:33:10.662+0000][1][safepoint    ] Application time: 1.0000810 seconds
[2019-12-09T08:33:10.663+0000][1][safepoint    ] Entering safepoint region: Cleanup
[2019-12-09T08:33:10.663+0000][1][safepoint    ] Leaving safepoint region
[2019-12-09T08:33:10.663+0000][1][safepoint    ] Total time for which application threads were stopped: 0.0001017 seconds, Stopping threads took: 0.0000219 seconds
[2019-12-09T08:33:11.663+0000][1][safepoint    ] Application time: 1.0000788 seconds
[2019-12-09T08:33:11.663+0000][1][safepoint    ] Entering safepoint region: Cleanup
[2019-12-09T08:33:11.663+0000][1][safepoint    ] Leaving safepoint region
[2019-12-09T08:33:11.663+0000][1][safepoint    ] Total time for which application threads were stopped: 0.0000983 seconds, Stopping threads took: 0.0000177 seconds
[2019-12-09T08:33:12.663+0000][1][safepoint    ] Application time: 1.0000772 seconds
[2019-12-09T08:33:12.663+0000][1][safepoint    ] Entering safepoint region: Cleanup
[2019-12-09T08:33:12.663+0000][1][safepoint    ] Leaving safepoint region
[2019-12-09T08:33:12.663+0000][1][safepoint    ] Total time for which application threads were stopped: 0.0000998 seconds, Stopping threads took: 0.0000196 seconds
[2019-12-09T08:33:13.663+0000][1][safepoint    ] Application time: 1.0000785 seconds
[2019-12-09T08:33:13.663+0000][1][safepoint    ] Entering safepoint region: Cleanup
[2019-12-09T08:33:13.663+0000][1][safepoint    ] Leaving safepoint region
[2019-12-09T08:33:13.663+0000][1][safepoint    ] Total time for which application threads were stopped: 0.0000967 seconds, Stopping threads took: 0.0000298 seconds
[2019-12-09T08:33:14.663+0000][1][safepoint    ] Application time: 1.0000792 seconds
[2019-12-09T08:33:14.663+0000][1][safepoint    ] Entering safepoint region: Cleanup
[2019-12-09T08:33:14.663+0000][1][safepoint    ] Leaving safepoint region
[2019-12-09T08:33:14.663+0000][1][safepoint    ] Total time for which application threads were stopped: 0.0000885 seconds, Stopping threads took: 0.0000193 seconds
[2019-12-09T08:33:15.664+0000][1][safepoint    ] Application time: 1.0000903 seconds
[2019-12-09T08:33:15.664+0000][1][safepoint    ] Entering safepoint region: Cleanup
[2019-12-09T08:33:15.664+0000][1][safepoint    ] Leaving safepoint region
[2019-12-09T08:33:15.664+0000][1][safepoint    ] Total time for which application threads were stopped: 0.0001470 seconds, Stopping threads took: 0.0000271 seconds
[2019-12-09T08:33:16.664+0000][1][safepoint    ] Application time: 1.0001506 seconds
[2019-12-09T08:33:16.664+0000][1][safepoint    ] Entering safepoint region: Cleanup
[2019-12-09T08:33:16.664+0000][1][safepoint    ] Leaving safepoint region
[2019-12-09T08:33:16.664+0000][1][safepoint    ] Total time for which application threads were stopped: 0.0000938 seconds, Stopping threads took: 0.0000195 seconds
[2019-12-09T08:33:17.664+0000][1][safepoint    ] Application time: 1.0000868 seconds
[2019-12-09T08:33:17.664+0000][1][safepoint    ] Entering safepoint region: Cleanup
[2019-12-09T08:33:17.664+0000][1][safepoint    ] Leaving safepoint region
[2019-12-09T08:33:17.664+0000][1][safepoint    ] Total time for which application threads were stopped: 0.0000959 seconds, Stopping threads took: 0.0000243 seconds
[2019-12-09T08:33:18.664+0000][1][safepoint    ] Application time: 1.0001433 seconds
[2019-12-09T08:33:18.664+0000][1][safepoint    ] Entering safepoint region: Cleanup
[2019-12-09T08:33:18.665+0000][1][safepoint    ] Leaving safepoint region
[2019-12-09T08:33:18.665+0000][1][safepoint    ] Total time for which application threads were stopped: 0.0001399 seconds, Stopping threads took: 0.0000255 seconds
[2019-12-09T08:33:19.670+0000][1][safepoint    ] Application time: 1.0056460 seconds
[2019-12-09T08:33:19.670+0000][1][safepoint    ] Entering safepoint region: Cleanup
[2019-12-09T08:33:19.670+0000][1][safepoint    ] Leaving safepoint region
[2019-12-09T08:33:19.670+0000][1][safepoint    ] Total time for which application threads were stopped: 0.0000881 seconds, Stopping threads took: 0.0000170 seconds
[2019-12-09T08:33:20.670+0000][1][safepoint    ] Application time: 1.0000762 seconds
[2019-12-09T08:33:20.670+0000][1][safepoint    ] Entering safepoint region: Cleanup
[2019-12-09T08:33:20.671+0000][1][safepoint    ] Leaving safepoint region
[2019-12-09T08:33:20.671+0000][1][safepoint    ] Total time for which application threads were stopped: 0.0000824 seconds, Stopping threads took: 0.0000169 seconds
[2019-12-09T08:33:21.671+0000][1][safepoint    ] Application time: 1.0000765 seconds
[2019-12-09T08:33:21.671+0000][1][safepoint    ] Entering safepoint region: Cleanup
[2019-12-09T08:33:21.671+0000][1][safepoint    ] Leaving safepoint region
[2019-12-09T08:33:21.671+0000][1][safepoint    ] Total time for which application threads were stopped: 0.0001006 seconds, Stopping threads took: 0.0000194 seconds
[2019-12-09T08:33:22.671+0000][1][safepoint    ] Application time: 1.0000742 seconds
[2019-12-09T08:33:22.671+0000][1][safepoint    ] Entering safepoint region: Cleanup
[2019-12-09T08:33:22.671+0000][1][safepoint    ] Leaving safepoint region
[2019-12-09T08:33:22.671+0000][1][safepoint    ] Total time for which application threads were stopped: 0.0000869 seconds, Stopping threads took: 0.0000179 seconds
[2019-12-09T08:33:23.671+0000][1][safepoint    ] Application time: 1.0000737 seconds
[2019-12-09T08:33:23.671+0000][1][safepoint    ] Entering safepoint region: Cleanup
[2019-12-09T08:33:23.671+0000][1][safepoint    ] Leaving safepoint region
[2019-12-09T08:33:23.671+0000][1][safepoint    ] Total time for which application threads were stopped: 0.0000846 seconds, Stopping threads took: 0.0000166 seconds
[2019-12-09T08:33:24.671+0000][1][safepoint    ] Application time: 1.0000760 seconds
[2019-12-09T08:33:24.671+0000][1][safepoint    ] Entering safepoint region: Cleanup
[2019-12-09T08:33:24.671+0000][1][safepoint    ] Leaving safepoint region
[2019-12-09T08:33:24.671+0000][1][safepoint    ] Total time for which application threads were stopped: 0.0000889 seconds, Stopping threads took: 0.0000190 seconds
[2019-12-09T08:33:25.671+0000][1][safepoint    ] Application time: 1.0000728 seconds
[2019-12-09T08:33:25.671+0000][1][safepoint    ] Entering safepoint region: Cleanup
[2019-12-09T08:33:25.671+0000][1][safepoint    ] Leaving safepoint region
[2019-12-09T08:33:25.671+0000][1][safepoint    ] Total time for which application threads were stopped: 0.0000872 seconds, Stopping threads took: 0.0000180 seconds
[2019-12-09T08:33:26.672+0000][1][safepoint    ] Application time: 1.0000768 seconds
[2019-12-09T08:33:26.672+0000][1][safepoint    ] Entering safepoint region: Cleanup
[2019-12-09T08:33:26.672+0000][1][safepoint    ] Leaving safepoint region
[2019-12-09T08:33:26.672+0000][1][safepoint    ] Total time for which application threads were stopped: 0.0000968 seconds, Stopping threads took: 0.0000177 seconds
[2019-12-09T08:33:27.672+0000][1][safepoint    ] Application time: 1.0000759 seconds
[2019-12-09T08:33:27.672+0000][1][safepoint    ] Entering safepoint region: Cleanup
[2019-12-09T08:33:27.672+0000][1][safepoint    ] Leaving safepoint region
[2019-12-09T08:33:27.672+0000][1][safepoint    ] Total time for which application threads were stopped: 0.0000869 seconds, Stopping threads took: 0.0000181 seconds
[2019-12-09T08:33:28.672+0000][1][safepoint    ] Application time: 1.0000764 seconds
[2019-12-09T08:33:28.672+0000][1][safepoint    ] Entering safepoint region: Cleanup
[2019-12-09T08:33:28.672+0000][1][safepoint    ] Leaving safepoint region
[2019-12-09T08:33:28.672+0000][1][safepoint    ] Total time for which application threads were stopped: 0.0000887 seconds, Stopping threads took: 0.0000182 seconds
[2019-12-09T08:33:29.672+0000][1][safepoint    ] Application time: 1.0000787 seconds
[2019-12-09T08:33:29.672+0000][1][safepoint    ] Entering safepoint region: Cleanup
[2019-12-09T08:33:29.672+0000][1][safepoint    ] Leaving safepoint region
[2019-12-09T08:33:29.672+0000][1][safepoint    ] Total time for which application threads were stopped: 0.0000866 seconds, Stopping threads took: 0.0000172 seconds
[2019-12-09T08:33:30.672+0000][1][safepoint    ] Application time: 1.0000784 seconds
[2019-12-09T08:33:30.672+0000][1][safepoint    ] Entering safepoint region: Cleanup
[2019-12-09T08:33:30.672+0000][1][safepoint    ] Leaving safepoint region
[2019-12-09T08:33:30.672+0000][1][safepoint    ] Total time for which application threads were stopped: 0.0000871 seconds, Stopping threads took: 0.0000180 seconds
[2019-12-09T08:33:31.673+0000][1][safepoint    ] Application time: 1.0000763 seconds
[2019-12-09T08:33:31.673+0000][1][safepoint    ] Entering safepoint region: Cleanup
[2019-12-09T08:33:31.673+0000][1][safepoint    ] Leaving safepoint region
[2019-12-09T08:33:31.673+0000][1][safepoint    ] Total time for which application threads were stopped: 0.0000859 seconds, Stopping threads took: 0.0000180 seconds
[2019-12-09T08:33:32.673+0000][1][safepoint    ] Application time: 1.0000720 seconds
[2019-12-09T08:33:32.673+0000][1][safepoint    ] Entering safepoint region: Cleanup
[2019-12-09T08:33:32.673+0000][1][safepoint    ] Leaving safepoint region
[2019-12-09T08:33:32.673+0000][1][safepoint    ] Total time for which application threads were stopped: 0.0000860 seconds, Stopping threads took: 0.0000169 seconds
[2019-12-09T08:33:33.673+0000][1][safepoint    ] Application time: 1.0000728 seconds
[2019-12-09T08:33:33.673+0000][1][safepoint    ] Entering safepoint region: Cleanup
[2019-12-09T08:33:33.673+0000][1][safepoint    ] Leaving safepoint region
[2019-12-09T08:33:33.673+0000][1][safepoint    ] Total time for which application threads were stopped: 0.0000852 seconds, Stopping threads took: 0.0000173 seconds
[2019-12-09T08:33:34.673+0000][1][safepoint    ] Application time: 1.0000726 seconds
[2019-12-09T08:33:34.673+0000][1][safepoint    ] Entering safepoint region: Cleanup
[2019-12-09T08:33:34.673+0000][1][safepoint    ] Leaving safepoint region
[2019-12-09T08:33:34.673+0000][1][safepoint    ] Total time for which application threads were stopped: 0.0000877 seconds, Stopping threads took: 0.0000175 seconds
[2019-12-09T08:33:35.673+0000][1][safepoint    ] Application time: 1.0000808 seconds
[2019-12-09T08:33:35.673+0000][1][safepoint    ] Entering safepoint region: Cleanup
[2019-12-09T08:33:35.673+0000][1][safepoint    ] Leaving safepoint region
[2019-12-09T08:33:35.673+0000][1][safepoint    ] Total time for which application threads were stopped: 0.0000871 seconds, Stopping threads took: 0.0000180 seconds
[2019-12-09T08:33:36.674+0000][1][safepoint    ] Application time: 1.0000744 seconds
[2019-12-09T08:33:36.674+0000][1][safepoint    ] Entering safepoint region: Cleanup
[2019-12-09T08:33:36.674+0000][1][safepoint    ] Leaving safepoint region
[2019-12-09T08:33:36.674+0000][1][safepoint    ] Total time for which application threads were stopped: 0.0000852 seconds, Stopping threads took: 0.0000168 seconds
[2019-12-09T08:33:37.674+0000][1][safepoint    ] Application time: 1.0000758 seconds
[2019-12-09T08:33:37.674+0000][1][safepoint    ] Entering safepoint region: Cleanup
[2019-12-09T08:33:37.674+0000][1][safepoint    ] Leaving safepoint region
[2019-12-09T08:33:37.674+0000][1][safepoint    ] Total time for which application threads were stopped: 0.0000853 seconds, Stopping threads took: 0.0000173 seconds
[2019-12-09T08:33:38.674+0000][1][safepoint    ] Application time: 1.0000735 seconds
[2019-12-09T08:33:38.674+0000][1][safepoint    ] Entering safepoint region: Cleanup
[2019-12-09T08:33:38.674+0000][1][safepoint    ] Leaving safepoint region
[2019-12-09T08:33:38.674+0000][1][safepoint    ] Total time for which application threads were stopped: 0.0001124 seconds, Stopping threads took: 0.0000253 seconds
[2019-12-09T08:33:39.674+0000][1][safepoint    ] Application time: 1.0000767 seconds
[2019-12-09T08:33:39.674+0000][1][safepoint    ] Entering safepoint region: Cleanup
[2019-12-09T08:33:39.674+0000][1][safepoint    ] Leaving safepoint region
[2019-12-09T08:33:39.674+0000][1][safepoint    ] Total time for which application threads were stopped: 0.0000857 seconds, Stopping threads took: 0.0000172 seconds
[2019-12-09T08:33:40.674+0000][1][safepoint    ] Application time: 1.0000747 seconds
[2019-12-09T08:33:40.674+0000][1][safepoint    ] Entering safepoint region: Cleanup
[2019-12-09T08:33:40.674+0000][1][safepoint    ] Leaving safepoint region
[2019-12-09T08:33:40.674+0000][1][safepoint    ] Total time for which application threads were stopped: 0.0000882 seconds, Stopping threads took: 0.0000190 seconds
[2019-12-09T08:33:41.675+0000][1][safepoint    ] Application time: 1.0000769 seconds
[2019-12-09T08:33:41.675+0000][1][safepoint    ] Entering safepoint region: Cleanup
[2019-12-09T08:33:41.675+0000][1][safepoint    ] Leaving safepoint region
[2019-12-09T08:33:41.675+0000][1][safepoint    ] Total time for which application threads were stopped: 0.0000902 seconds, Stopping threads took: 0.0000168 seconds
[2019-12-09T08:33:42.675+0000][1][safepoint    ] Application time: 1.0000777 seconds
[2019-12-09T08:33:42.675+0000][1][safepoint    ] Entering safepoint region: Cleanup
[2019-12-09T08:33:42.675+0000][1][safepoint    ] Leaving safepoint region
[2019-12-09T08:33:42.675+0000][1][safepoint    ] Total time for which application threads were stopped: 0.0000884 seconds, Stopping threads took: 0.0000190 seconds
[2019-12-09T08:33:43.675+0000][1][safepoint    ] Application time: 1.0000761 seconds
[2019-12-09T08:33:43.675+0000][1][safepoint    ] Entering safepoint region: Cleanup
[2019-12-09T08:33:43.675+0000][1][safepoint    ] Leaving safepoint region
[2019-12-09T08:33:43.675+0000][1][safepoint    ] Total time for which application threads were stopped: 0.0000871 seconds, Stopping threads took: 0.0000178 seconds
[2019-12-09T08:33:44.675+0000][1][safepoint    ] Application time: 1.0000762 seconds
[2019-12-09T08:33:44.675+0000][1][safepoint    ] Entering safepoint region: Cleanup
[2019-12-09T08:33:44.675+0000][1][safepoint    ] Leaving safepoint region
[2019-12-09T08:33:44.675+0000][1][safepoint    ] Total time for which application threads were stopped: 0.0000834 seconds, Stopping threads took: 0.0000175 seconds
[2019-12-09T08:33:45.675+0000][1][safepoint    ] Application time: 1.0000747 seconds
[2019-12-09T08:33:45.675+0000][1][safepoint    ] Entering safepoint region: Cleanup
[2019-12-09T08:33:45.675+0000][1][safepoint    ] Leaving safepoint region
[2019-12-09T08:33:45.675+0000][1][safepoint    ] Total time for which application threads were stopped: 0.0000859 seconds, Stopping threads took: 0.0000198 seconds
[2019-12-09T08:33:46.675+0000][1][safepoint    ] Application time: 1.0000771 seconds
[2019-12-09T08:33:46.676+0000][1][safepoint    ] Entering safepoint region: Cleanup
[2019-12-09T08:33:46.676+0000][1][safepoint    ] Leaving safepoint region
[2019-12-09T08:33:46.676+0000][1][safepoint    ] Total time for which application threads were stopped: 0.0000895 seconds, Stopping threads took: 0.0000177 seconds
[2019-12-09T08:33:47.676+0000][1][safepoint    ] Application time: 1.0000786 seconds
[2019-12-09T08:33:47.676+0000][1][safepoint    ] Entering safepoint region: Cleanup
[2019-12-09T08:33:47.676+0000][1][safepoint    ] Leaving safepoint region
[2019-12-09T08:33:47.676+0000][1][safepoint    ] Total time for which application threads were stopped: 0.0000897 seconds, Stopping threads took: 0.0000185 seconds
[2019-12-09T08:33:48.676+0000][1][safepoint    ] Application time: 1.0000782 seconds
[2019-12-09T08:33:48.676+0000][1][safepoint    ] Entering safepoint region: Cleanup
[2019-12-09T08:33:48.676+0000][1][safepoint    ] Leaving safepoint region
[2019-12-09T08:33:48.676+0000][1][safepoint    ] Total time for which application threads were stopped: 0.0000884 seconds, Stopping threads took: 0.0000186 seconds
[2019-12-09T08:33:49.676+0000][1][safepoint    ] Application time: 1.0000778 seconds
[2019-12-09T08:33:49.676+0000][1][safepoint    ] Entering safepoint region: Cleanup
[2019-12-09T08:33:49.676+0000][1][safepoint    ] Leaving safepoint region
[2019-12-09T08:33:49.676+0000][1][safepoint    ] Total time for which application threads were stopped: 0.0000901 seconds, Stopping threads took: 0.0000186 seconds
[2019-12-09T08:33:50.676+0000][1][safepoint    ] Application time: 1.0000776 seconds
[2019-12-09T08:33:50.676+0000][1][safepoint    ] Entering safepoint region: Cleanup
[2019-12-09T08:33:50.676+0000][1][safepoint    ] Leaving safepoint region
[2019-12-09T08:33:50.676+0000][1][safepoint    ] Total time for which application threads were stopped: 0.0000880 seconds, Stopping threads took: 0.0000178 seconds
[2019-12-09T08:33:51.677+0000][1][safepoint    ] Application time: 1.0000772 seconds
[2019-12-09T08:33:51.677+0000][1][safepoint    ] Entering safepoint region: Cleanup
[2019-12-09T08:33:51.677+0000][1][safepoint    ] Leaving safepoint region
[2019-12-09T08:33:51.677+0000][1][safepoint    ] Total time for which application threads were stopped: 0.0001121 seconds, Stopping threads took: 0.0000179 seconds
[2019-12-09T08:33:52.677+0000][1][safepoint    ] Application time: 1.0000767 seconds
[2019-12-09T08:33:52.677+0000][1][safepoint    ] Entering safepoint region: Cleanup
[2019-12-09T08:33:52.677+0000][1][safepoint    ] Leaving safepoint region
[2019-12-09T08:33:52.677+0000][1][safepoint    ] Total time for which application threads were stopped: 0.0000874 seconds, Stopping threads took: 0.0000171 seconds
[2019-12-09T08:33:53.677+0000][1][safepoint    ] Application time: 1.0000750 seconds
[2019-12-09T08:33:53.677+0000][1][safepoint    ] Entering safepoint region: Cleanup
[2019-12-09T08:33:53.677+0000][1][safepoint    ] Leaving safepoint region
[2019-12-09T08:33:53.677+0000][1][safepoint    ] Total time for which application threads were stopped: 0.0000910 seconds, Stopping threads took: 0.0000185 seconds
[2019-12-09T08:33:54.677+0000][1][safepoint    ] Application time: 1.0000769 seconds
[2019-12-09T08:33:54.677+0000][1][safepoint    ] Entering safepoint region: Cleanup
[2019-12-09T08:33:54.677+0000][1][safepoint    ] Leaving safepoint region
[2019-12-09T08:33:54.677+0000][1][safepoint    ] Total time for which application threads were stopped: 0.0000898 seconds, Stopping threads took: 0.0000185 seconds
[2019-12-09T08:33:55.678+0000][1][safepoint    ] Application time: 1.0004029 seconds
[2019-12-09T08:33:55.678+0000][1][safepoint    ] Entering safepoint region: Cleanup
[2019-12-09T08:33:55.678+0000][1][safepoint    ] Leaving safepoint region
[2019-12-09T08:33:55.678+0000][1][safepoint    ] Total time for which application threads were stopped: 0.0001131 seconds, Stopping threads took: 0.0000219 seconds
[2019-12-09T08:33:56.678+0000][1][safepoint    ] Application time: 1.0000769 seconds
[2019-12-09T08:33:56.678+0000][1][safepoint    ] Entering safepoint region: Cleanup
[2019-12-09T08:33:56.678+0000][1][safepoint    ] Leaving safepoint region
[2019-12-09T08:33:56.678+0000][1][safepoint    ] Total time for which application threads were stopped: 0.0000946 seconds, Stopping threads took: 0.0000199 seconds
[2019-12-09T08:33:57.678+0000][1][safepoint    ] Application time: 1.0000757 seconds
[2019-12-09T08:33:57.678+0000][1][safepoint    ] Entering safepoint region: Cleanup
[2019-12-09T08:33:57.678+0000][1][safepoint    ] Leaving safepoint region
[2019-12-09T08:33:57.678+0000][1][safepoint    ] Total time for which application threads were stopped: 0.0000897 seconds, Stopping threads took: 0.0000173 seconds
[2019-12-09T08:33:58.678+0000][1][safepoint    ] Application time: 1.0000827 seconds
[2019-12-09T08:33:58.678+0000][1][safepoint    ] Entering safepoint region: Cleanup
[2019-12-09T08:33:58.679+0000][1][safepoint    ] Leaving safepoint region
[2019-12-09T08:33:58.679+0000][1][safepoint    ] Total time for which application threads were stopped: 0.0001079 seconds, Stopping threads took: 0.0000236 seconds
[2019-12-09T08:33:59.679+0000][1][safepoint    ] Application time: 1.0000779 seconds
[2019-12-09T08:33:59.679+0000][1][safepoint    ] Entering safepoint region: Cleanup
[2019-12-09T08:33:59.679+0000][1][safepoint    ] Leaving safepoint region
[2019-12-09T08:33:59.679+0000][1][safepoint    ] Total time for which application threads were stopped: 0.0001069 seconds, Stopping threads took: 0.0000322 seconds
[2019-12-09T08:34:00.679+0000][1][safepoint    ] Application time: 1.0000805 seconds
[2019-12-09T08:34:00.679+0000][1][safepoint    ] Entering safepoint region: Cleanup
[2019-12-09T08:34:00.679+0000][1][safepoint    ] Leaving safepoint region
[2019-12-09T08:34:00.679+0000][1][safepoint    ] Total time for which application threads were stopped: 0.0001273 seconds, Stopping threads took: 0.0000260 seconds
[2019-12-09T08:34:01.679+0000][1][safepoint    ] Application time: 1.0000756 seconds
[2019-12-09T08:34:01.679+0000][1][safepoint    ] Entering safepoint region: Cleanup
[2019-12-09T08:34:01.679+0000][1][safepoint    ] Leaving safepoint region
[2019-12-09T08:34:01.679+0000][1][safepoint    ] Total time for which application threads were stopped: 0.0000890 seconds, Stopping threads took: 0.0000177 seconds
[2019-12-09T08:34:02.679+0000][1][safepoint    ] Application time: 1.0000736 seconds
[2019-12-09T08:34:02.679+0000][1][safepoint    ] Entering safepoint region: Cleanup
[2019-12-09T08:34:02.679+0000][1][safepoint    ] Leaving safepoint region
[2019-12-09T08:34:02.679+0000][1][safepoint    ] Total time for which application threads were stopped: 0.0000928 seconds, Stopping threads took: 0.0000191 seconds
[2019-12-09T08:34:03.680+0000][1][safepoint    ] Application time: 1.0000860 seconds
[2019-12-09T08:34:03.680+0000][1][safepoint    ] Entering safepoint region: Cleanup
[2019-12-09T08:34:03.680+0000][1][safepoint    ] Leaving safepoint region
[2019-12-09T08:34:03.680+0000][1][safepoint    ] Total time for which application threads were stopped: 0.0001073 seconds, Stopping threads took: 0.0000192 seconds
[2019-12-09T08:34:04.680+0000][1][safepoint    ] Application time: 1.0000760 seconds
[2019-12-09T08:34:04.680+0000][1][safepoint    ] Entering safepoint region: Cleanup
[2019-12-09T08:34:04.680+0000][1][safepoint    ] Leaving safepoint region
[2019-12-09T08:34:04.680+0000][1][safepoint    ] Total time for which application threads were stopped: 0.0000945 seconds, Stopping threads took: 0.0000185 seconds
[2019-12-09T08:34:05.680+0000][1][safepoint    ] Application time: 1.0000748 seconds
[2019-12-09T08:34:05.680+0000][1][safepoint    ] Entering safepoint region: Cleanup
[2019-12-09T08:34:05.680+0000][1][safepoint    ] Leaving safepoint region
[2019-12-09T08:34:05.680+0000][1][safepoint    ] Total time for which application threads were stopped: 0.0001013 seconds, Stopping threads took: 0.0000181 seconds
[2019-12-09T08:34:06.680+0000][1][safepoint    ] Application time: 1.0000751 seconds
[2019-12-09T08:34:06.680+0000][1][safepoint    ] Entering safepoint region: Cleanup
[2019-12-09T08:34:06.680+0000][1][safepoint    ] Leaving safepoint region
[2019-12-09T08:34:06.680+0000][1][safepoint    ] Total time for which application threads were stopped: 0.0001014 seconds, Stopping threads took: 0.0000181 seconds
[2019-12-09T08:34:07.680+0000][1][safepoint    ] Application time: 1.0000753 seconds
[2019-12-09T08:34:07.680+0000][1][safepoint    ] Entering safepoint region: Cleanup
[2019-12-09T08:34:07.681+0000][1][safepoint    ] Leaving safepoint region
[2019-12-09T08:34:07.681+0000][1][safepoint    ] Total time for which application threads were stopped: 0.0001082 seconds, Stopping threads took: 0.0000176 seconds
[2019-12-09T08:34:08.681+0000][1][safepoint    ] Application time: 1.0000842 seconds
[2019-12-09T08:34:08.681+0000][1][safepoint    ] Entering safepoint region: Cleanup
[2019-12-09T08:34:08.681+0000][1][safepoint    ] Leaving safepoint region
[2019-12-09T08:34:08.681+0000][1][safepoint    ] Total time for which application threads were stopped: 0.0001250 seconds, Stopping threads took: 0.0000308 seconds
[2019-12-09T08:34:09.681+0000][1][safepoint    ] Application time: 1.0000755 seconds
[2019-12-09T08:34:09.681+0000][1][safepoint    ] Entering safepoint region: Cleanup
[2019-12-09T08:34:09.681+0000][1][safepoint    ] Leaving safepoint region
[2019-12-09T08:34:09.681+0000][1][safepoint    ] Total time for which application threads were stopped: 0.0001121 seconds, Stopping threads took: 0.0000186 seconds
[2019-12-09T08:34:10.681+0000][1][safepoint    ] Application time: 1.0000738 seconds
[2019-12-09T08:34:10.681+0000][1][safepoint    ] Entering safepoint region: Cleanup
[2019-12-09T08:34:10.681+0000][1][safepoint    ] Leaving safepoint region
[2019-12-09T08:34:10.681+0000][1][safepoint    ] Total time for which application threads were stopped: 0.0001168 seconds, Stopping threads took: 0.0000239 seconds
[2019-12-09T08:34:11.681+0000][1][safepoint    ] Application time: 1.0000732 seconds
[2019-12-09T08:34:11.681+0000][1][safepoint    ] Entering safepoint region: Cleanup
[2019-12-09T08:34:11.682+0000][1][safepoint    ] Leaving safepoint region
[2019-12-09T08:34:11.682+0000][1][safepoint    ] Total time for which application threads were stopped: 0.0001172 seconds, Stopping threads took: 0.0000245 seconds
[2019-12-09T08:34:12.682+0000][1][safepoint    ] Application time: 1.0000744 seconds
[2019-12-09T08:34:12.682+0000][1][safepoint    ] Entering safepoint region: Cleanup
[2019-12-09T08:34:12.682+0000][1][safepoint    ] Leaving safepoint region
[2019-12-09T08:34:12.682+0000][1][safepoint    ] Total time for which application threads were stopped: 0.0001216 seconds, Stopping threads took: 0.0000262 seconds
[2019-12-09T08:34:13.682+0000][1][safepoint    ] Application time: 1.0000769 seconds
[2019-12-09T08:34:13.682+0000][1][safepoint    ] Entering safepoint region: Cleanup
[2019-12-09T08:34:13.682+0000][1][safepoint    ] Leaving safepoint region
[2019-12-09T08:34:13.682+0000][1][safepoint    ] Total time for which application threads were stopped: 0.0001235 seconds, Stopping threads took: 0.0000266 seconds
[2019-12-09T08:34:14.682+0000][1][safepoint    ] Application time: 1.0000763 seconds
[2019-12-09T08:34:14.682+0000][1][safepoint    ] Entering safepoint region: Cleanup
[2019-12-09T08:34:14.682+0000][1][safepoint    ] Leaving safepoint region
[2019-12-09T08:34:14.682+0000][1][safepoint    ] Total time for which application threads were stopped: 0.0001277 seconds, Stopping threads took: 0.0000252 seconds
[2019-12-09T08:34:15.682+0000][1][safepoint    ] Application time: 1.0000992 seconds
[2019-12-09T08:34:15.682+0000][1][safepoint    ] Entering safepoint region: Cleanup
[2019-12-09T08:34:15.683+0000][1][safepoint    ] Leaving safepoint region
[2019-12-09T08:34:15.683+0000][1][safepoint    ] Total time for which application threads were stopped: 0.0001200 seconds, Stopping threads took: 0.0000250 seconds
[2019-12-09T08:34:16.683+0000][1][safepoint    ] Application time: 1.0000753 seconds
[2019-12-09T08:34:16.683+0000][1][safepoint    ] Entering safepoint region: Cleanup
[2019-12-09T08:34:16.683+0000][1][safepoint    ] Leaving safepoint region
[2019-12-09T08:34:16.683+0000][1][safepoint    ] Total time for which application threads were stopped: 0.0001217 seconds, Stopping threads took: 0.0000252 seconds
[2019-12-09T08:34:18.248+0000][1][safepoint    ] Application time: 1.5652113 seconds
[2019-12-09T08:34:18.248+0000][1][safepoint    ] Entering safepoint region: Cleanup
[2019-12-09T08:34:18.248+0000][1][safepoint    ] Leaving safepoint region
[2019-12-09T08:34:18.248+0000][1][safepoint    ] Total time for which application threads were stopped: 0.0000984 seconds, Stopping threads took: 0.0000182 seconds
[2019-12-09T08:34:19.248+0000][1][safepoint    ] Application time: 1.0000719 seconds
[2019-12-09T08:34:19.248+0000][1][safepoint    ] Entering safepoint region: Cleanup
[2019-12-09T08:34:19.248+0000][1][safepoint    ] Leaving safepoint region
[2019-12-09T08:34:19.248+0000][1][safepoint    ] Total time for which application threads were stopped: 0.0000920 seconds, Stopping threads took: 0.0000185 seconds
[2019-12-09T08:34:20.248+0000][1][safepoint    ] Application time: 1.0000728 seconds
[2019-12-09T08:34:20.249+0000][1][safepoint    ] Entering safepoint region: Cleanup
[2019-12-09T08:34:20.249+0000][1][safepoint    ] Leaving safepoint region
[2019-12-09T08:34:20.249+0000][1][safepoint    ] Total time for which application threads were stopped: 0.0000936 seconds, Stopping threads took: 0.0000195 seconds
[2019-12-09T08:34:21.249+0000][1][safepoint    ] Application time: 1.0000682 seconds
[2019-12-09T08:34:21.249+0000][1][safepoint    ] Entering safepoint region: Cleanup
[2019-12-09T08:34:21.249+0000][1][safepoint    ] Leaving safepoint region
[2019-12-09T08:34:21.249+0000][1][safepoint    ] Total time for which application threads were stopped: 0.0000929 seconds, Stopping threads took: 0.0000192 seconds
[2019-12-09T08:34:22.249+0000][1][safepoint    ] Application time: 1.0000733 seconds
[2019-12-09T08:34:22.249+0000][1][safepoint    ] Entering safepoint region: Cleanup
[2019-12-09T08:34:22.249+0000][1][safepoint    ] Leaving safepoint region
[2019-12-09T08:34:22.249+0000][1][safepoint    ] Total time for which application threads were stopped: 0.0000921 seconds, Stopping threads took: 0.0000196 seconds
[2019-12-09T08:34:23.249+0000][1][safepoint    ] Application time: 1.0000743 seconds
[2019-12-09T08:34:23.249+0000][1][safepoint    ] Entering safepoint region: Cleanup
[2019-12-09T08:34:23.249+0000][1][safepoint    ] Leaving safepoint region
[2019-12-09T08:34:23.249+0000][1][safepoint    ] Total time for which application threads were stopped: 0.0000911 seconds, Stopping threads took: 0.0000181 seconds
[2019-12-09T08:34:24.249+0000][1][safepoint    ] Application time: 1.0000727 seconds
[2019-12-09T08:34:24.249+0000][1][safepoint    ] Entering safepoint region: Cleanup
[2019-12-09T08:34:24.249+0000][1][safepoint    ] Leaving safepoint region
[2019-12-09T08:34:24.249+0000][1][safepoint    ] Total time for which application threads were stopped: 0.0000923 seconds, Stopping threads took: 0.0000200 seconds
[2019-12-09T08:34:25.250+0000][1][safepoint    ] Application time: 1.0000721 seconds
[2019-12-09T08:34:25.250+0000][1][safepoint    ] Entering safepoint region: Cleanup
[2019-12-09T08:34:25.250+0000][1][safepoint    ] Leaving safepoint region
[2019-12-09T08:34:25.250+0000][1][safepoint    ] Total time for which application threads were stopped: 0.0000928 seconds, Stopping threads took: 0.0000201 seconds
[2019-12-09T08:34:26.250+0000][1][safepoint    ] Application time: 1.0000740 seconds
[2019-12-09T08:34:26.250+0000][1][safepoint    ] Entering safepoint region: Cleanup
[2019-12-09T08:34:26.250+0000][1][safepoint    ] Leaving safepoint region
[2019-12-09T08:34:26.250+0000][1][safepoint    ] Total time for which application threads were stopped: 0.0000924 seconds, Stopping threads took: 0.0000186 seconds
[2019-12-09T08:34:27.250+0000][1][safepoint    ] Application time: 1.0000765 seconds
[2019-12-09T08:34:27.250+0000][1][safepoint    ] Entering safepoint region: Cleanup
[2019-12-09T08:34:27.250+0000][1][safepoint    ] Leaving safepoint region
[2019-12-09T08:34:27.250+0000][1][safepoint    ] Total time for which application threads were stopped: 0.0000931 seconds, Stopping threads took: 0.0000188 seconds
[2019-12-09T08:34:28.250+0000][1][safepoint    ] Application time: 1.0000759 seconds
[2019-12-09T08:34:28.250+0000][1][safepoint    ] Entering safepoint region: Cleanup
[2019-12-09T08:34:28.250+0000][1][safepoint    ] Leaving safepoint region
[2019-12-09T08:34:28.250+0000][1][safepoint    ] Total time for which application threads were stopped: 0.0000912 seconds, Stopping threads took: 0.0000187 seconds
[2019-12-09T08:34:29.250+0000][1][safepoint    ] Application time: 1.0000755 seconds
[2019-12-09T08:34:29.250+0000][1][safepoint    ] Entering safepoint region: Cleanup
[2019-12-09T08:34:29.251+0000][1][safepoint    ] Leaving safepoint region
[2019-12-09T08:34:29.251+0000][1][safepoint    ] Total time for which application threads were stopped: 0.0000928 seconds, Stopping threads took: 0.0000183 seconds
[2019-12-09T08:34:30.251+0000][1][safepoint    ] Application time: 1.0000748 seconds
[2019-12-09T08:34:30.251+0000][1][safepoint    ] Entering safepoint region: Cleanup
[2019-12-09T08:34:30.251+0000][1][safepoint    ] Leaving safepoint region
[2019-12-09T08:34:30.251+0000][1][safepoint    ] Total time for which application threads were stopped: 0.0001039 seconds, Stopping threads took: 0.0000186 seconds
[2019-12-09T08:34:31.251+0000][1][safepoint    ] Application time: 1.0000747 seconds
[2019-12-09T08:34:31.251+0000][1][safepoint    ] Entering safepoint region: Cleanup
[2019-12-09T08:34:31.251+0000][1][safepoint    ] Leaving safepoint region
[2019-12-09T08:34:31.251+0000][1][safepoint    ] Total time for which application threads were stopped: 0.0000949 seconds, Stopping threads took: 0.0000203 seconds
[2019-12-09T08:34:32.251+0000][1][safepoint    ] Application time: 1.0000748 seconds
[2019-12-09T08:34:32.251+0000][1][safepoint    ] Entering safepoint region: Cleanup
[2019-12-09T08:34:32.251+0000][1][safepoint    ] Leaving safepoint region
[2019-12-09T08:34:32.251+0000][1][safepoint    ] Total time for which application threads were stopped: 0.0001013 seconds, Stopping threads took: 0.0000281 seconds
[2019-12-09T08:34:33.251+0000][1][safepoint    ] Application time: 1.0000733 seconds
[2019-12-09T08:34:33.251+0000][1][safepoint    ] Entering safepoint region: Cleanup
[2019-12-09T08:34:33.251+0000][1][safepoint    ] Leaving safepoint region
[2019-12-09T08:34:33.251+0000][1][safepoint    ] Total time for which application threads were stopped: 0.0000910 seconds, Stopping threads took: 0.0000183 seconds
[2019-12-09T08:34:34.251+0000][1][safepoint    ] Application time: 1.0000746 seconds
[2019-12-09T08:34:34.252+0000][1][safepoint    ] Entering safepoint region: Cleanup
[2019-12-09T08:34:34.252+0000][1][safepoint    ] Leaving safepoint region
[2019-12-09T08:34:34.252+0000][1][safepoint    ] Total time for which application threads were stopped: 0.0000944 seconds, Stopping threads took: 0.0000200 seconds
[2019-12-09T08:34:35.252+0000][1][safepoint    ] Application time: 1.0000805 seconds
[2019-12-09T08:34:35.252+0000][1][safepoint    ] Entering safepoint region: Cleanup
[2019-12-09T08:34:35.252+0000][1][safepoint    ] Leaving safepoint region
[2019-12-09T08:34:35.252+0000][1][safepoint    ] Total time for which application threads were stopped: 0.0000891 seconds, Stopping threads took: 0.0000188 seconds
[2019-12-09T08:34:36.252+0000][1][safepoint    ] Application time: 1.0000752 seconds
[2019-12-09T08:34:36.252+0000][1][safepoint    ] Entering safepoint region: Cleanup
[2019-12-09T08:34:36.252+0000][1][safepoint    ] Leaving safepoint region
[2019-12-09T08:34:36.252+0000][1][safepoint    ] Total time for which application threads were stopped: 0.0000922 seconds, Stopping threads took: 0.0000194 seconds
[2019-12-09T08:34:37.252+0000][1][safepoint    ] Application time: 1.0000760 seconds
[2019-12-09T08:34:37.252+0000][1][safepoint    ] Entering safepoint region: Cleanup
[2019-12-09T08:34:37.252+0000][1][safepoint    ] Leaving safepoint region
[2019-12-09T08:34:37.252+0000][1][safepoint    ] Total time for which application threads were stopped: 0.0000932 seconds, Stopping threads took: 0.0000188 seconds
[2019-12-09T08:34:38.252+0000][1][safepoint    ] Application time: 1.0000757 seconds
[2019-12-09T08:34:38.252+0000][1][safepoint    ] Entering safepoint region: Cleanup
[2019-12-09T08:34:38.252+0000][1][safepoint    ] Leaving safepoint region
[2019-12-09T08:34:38.252+0000][1][safepoint    ] Total time for which application threads were stopped: 0.0000984 seconds, Stopping threads took: 0.0000257 seconds
[2019-12-09T08:34:39.270+0000][1][safepoint    ] Application time: 1.0170792 seconds
[2019-12-09T08:34:39.270+0000][1][safepoint    ] Entering safepoint region: Cleanup
[2019-12-09T08:34:39.270+0000][1][safepoint    ] Leaving safepoint region
[2019-12-09T08:34:39.270+0000][1][safepoint    ] Total time for which application threads were stopped: 0.0000857 seconds, Stopping threads took: 0.0000177 seconds
[2019-12-09T08:34:40.270+0000][1][safepoint    ] Application time: 1.0000761 seconds
[2019-12-09T08:34:40.270+0000][1][safepoint    ] Entering safepoint region: Cleanup
[2019-12-09T08:34:40.270+0000][1][safepoint    ] Leaving safepoint region
[2019-12-09T08:34:40.270+0000][1][safepoint    ] Total time for which application threads were stopped: 0.0000887 seconds, Stopping threads took: 0.0000198 seconds
[2019-12-09T08:34:41.270+0000][1][safepoint    ] Application time: 1.0000810 seconds
[2019-12-09T08:34:41.270+0000][1][safepoint    ] Entering safepoint region: Cleanup
[2019-12-09T08:34:41.270+0000][1][safepoint    ] Leaving safepoint region
[2019-12-09T08:34:41.270+0000][1][safepoint    ] Total time for which application threads were stopped: 0.0001367 seconds, Stopping threads took: 0.0000564 seconds
[2019-12-09T08:34:42.270+0000][1][safepoint    ] Application time: 1.0000843 seconds
[2019-12-09T08:34:42.270+0000][1][safepoint    ] Entering safepoint region: Cleanup
[2019-12-09T08:34:42.270+0000][1][safepoint    ] Leaving safepoint region
[2019-12-09T08:34:42.270+0000][1][safepoint    ] Total time for which application threads were stopped: 0.0001012 seconds, Stopping threads took: 0.0000314 seconds
[2019-12-09T08:34:43.270+0000][1][safepoint    ] Application time: 1.0000730 seconds
[2019-12-09T08:34:43.270+0000][1][safepoint    ] Entering safepoint region: Cleanup
[2019-12-09T08:34:43.270+0000][1][safepoint    ] Leaving safepoint region
[2019-12-09T08:34:43.271+0000][1][safepoint    ] Total time for which application threads were stopped: 0.0000868 seconds, Stopping threads took: 0.0000185 seconds
[2019-12-09T08:34:44.271+0000][1][safepoint    ] Application time: 1.0000734 seconds
[2019-12-09T08:34:44.271+0000][1][safepoint    ] Entering safepoint region: Cleanup
[2019-12-09T08:34:44.271+0000][1][safepoint    ] Leaving safepoint region
[2019-12-09T08:34:44.271+0000][1][safepoint    ] Total time for which application threads were stopped: 0.0001015 seconds, Stopping threads took: 0.0000186 seconds
[2019-12-09T08:34:45.271+0000][1][safepoint    ] Application time: 1.0000729 seconds
[2019-12-09T08:34:45.271+0000][1][safepoint    ] Entering safepoint region: Cleanup
[2019-12-09T08:34:45.271+0000][1][safepoint    ] Leaving safepoint region
[2019-12-09T08:34:45.271+0000][1][safepoint    ] Total time for which application threads were stopped: 0.0000877 seconds, Stopping threads took: 0.0000192 seconds
[2019-12-09T08:34:46.271+0000][1][safepoint    ] Application time: 1.0000749 seconds
[2019-12-09T08:34:46.271+0000][1][safepoint    ] Entering safepoint region: Cleanup
[2019-12-09T08:34:46.271+0000][1][safepoint    ] Leaving safepoint region
[2019-12-09T08:34:46.271+0000][1][safepoint    ] Total time for which application threads were stopped: 0.0000870 seconds, Stopping threads took: 0.0000181 seconds
[2019-12-09T08:34:47.271+0000][1][safepoint    ] Application time: 1.0000754 seconds
[2019-12-09T08:34:47.271+0000][1][safepoint    ] Entering safepoint region: Cleanup
[2019-12-09T08:34:47.271+0000][1][safepoint    ] Leaving safepoint region
[2019-12-09T08:34:47.271+0000][1][safepoint    ] Total time for which application threads were stopped: 0.0000873 seconds, Stopping threads took: 0.0000182 seconds
[2019-12-09T08:34:48.271+0000][1][safepoint    ] Application time: 1.0000762 seconds
[2019-12-09T08:34:48.271+0000][1][safepoint    ] Entering safepoint region: Cleanup
[2019-12-09T08:34:48.271+0000][1][safepoint    ] Leaving safepoint region
[2019-12-09T08:34:48.271+0000][1][safepoint    ] Total time for which application threads were stopped: 0.0000861 seconds, Stopping threads took: 0.0000181 seconds
[2019-12-09T08:34:49.272+0000][1][safepoint    ] Application time: 1.0000755 seconds
[2019-12-09T08:34:49.272+0000][1][safepoint    ] Entering safepoint region: Cleanup
[2019-12-09T08:34:49.272+0000][1][safepoint    ] Leaving safepoint region
[2019-12-09T08:34:49.272+0000][1][safepoint    ] Total time for which application threads were stopped: 0.0000889 seconds, Stopping threads took: 0.0000185 seconds
[2019-12-09T08:34:50.272+0000][1][safepoint    ] Application time: 1.0000763 seconds
[2019-12-09T08:34:50.272+0000][1][safepoint    ] Entering safepoint region: Cleanup
[2019-12-09T08:34:50.272+0000][1][safepoint    ] Leaving safepoint region
[2019-12-09T08:34:50.272+0000][1][safepoint    ] Total time for which application threads were stopped: 0.0000955 seconds, Stopping threads took: 0.0000214 seconds
[2019-12-09T08:34:51.272+0000][1][safepoint    ] Application time: 1.0000756 seconds
[2019-12-09T08:34:51.272+0000][1][safepoint    ] Entering safepoint region: Cleanup
[2019-12-09T08:34:51.272+0000][1][safepoint    ] Leaving safepoint region
[2019-12-09T08:34:51.272+0000][1][safepoint    ] Total time for which application threads were stopped: 0.0000932 seconds, Stopping threads took: 0.0000190 seconds
[2019-12-09T08:34:52.272+0000][1][safepoint    ] Application time: 1.0000754 seconds
[2019-12-09T08:34:52.272+0000][1][safepoint    ] Entering safepoint region: Cleanup
[2019-12-09T08:34:52.272+0000][1][safepoint    ] Leaving safepoint region
[2019-12-09T08:34:52.272+0000][1][safepoint    ] Total time for which application threads were stopped: 0.0000987 seconds, Stopping threads took: 0.0000260 seconds
[2019-12-09T08:34:52.689+0000][1][safepoint    ] Application time: 0.4166469 seconds
[2019-12-09T08:34:52.689+0000][1][safepoint    ] Entering safepoint region: GenCollectForAllocation
[2019-12-09T08:34:52.689+0000][1][gc,start     ] GC(77) Pause Young (Allocation Failure)
[2019-12-09T08:34:52.689+0000][1][gc,task      ] GC(77) Using 2 workers of 2 for evacuation
[2019-12-09T08:34:52.691+0000][1][gc,age       ] GC(77) Desired survivor size 4456448 bytes, new threshold 6 (max threshold 6)
[2019-12-09T08:34:52.691+0000][1][gc,age       ] GC(77) Age table with threshold 6 (max threshold 6)
[2019-12-09T08:34:52.691+0000][1][gc,age       ] GC(77) - age   1:      10192 bytes,      10192 total
[2019-12-09T08:34:52.691+0000][1][gc,age       ] GC(77) - age   2:       6992 bytes,      17184 total
[2019-12-09T08:34:52.691+0000][1][gc,age       ] GC(77) - age   4:        864 bytes,      18048 total
[2019-12-09T08:34:52.691+0000][1][gc,age       ] GC(77) - age   5:         56 bytes,      18104 total
[2019-12-09T08:34:52.691+0000][1][gc,heap      ] GC(77) ParNew: 69947K->31K(78656K)
[2019-12-09T08:34:52.691+0000][1][gc,heap      ] GC(77) CMS: 75193K->75193K(174784K)
[2019-12-09T08:34:52.691+0000][1][gc,metaspace ] GC(77) Metaspace: 79596K->79596K(1122304K)
[2019-12-09T08:34:52.691+0000][1][gc           ] GC(77) Pause Young (Allocation Failure) 141M->73M(247M) 1.764ms
[2019-12-09T08:34:52.691+0000][1][gc,cpu       ] GC(77) User=0.01s Sys=0.00s Real=0.00s
[2019-12-09T08:34:52.691+0000][1][safepoint    ] Leaving safepoint region
[2019-12-09T08:34:52.691+0000][1][safepoint    ] Total time for which application threads were stopped: 0.0019643 seconds, Stopping threads took: 0.0000343 seconds
[2019-12-09T08:34:53.691+0000][1][safepoint    ] Application time: 1.0000983 seconds
[2019-12-09T08:34:53.691+0000][1][safepoint    ] Entering safepoint region: Cleanup
[2019-12-09T08:34:53.691+0000][1][safepoint    ] Leaving safepoint region
[2019-12-09T08:34:53.691+0000][1][safepoint    ] Total time for which application threads were stopped: 0.0001317 seconds, Stopping threads took: 0.0000288 seconds
[2019-12-09T08:34:54.691+0000][1][safepoint    ] Application time: 1.0000750 seconds
[2019-12-09T08:34:54.691+0000][1][safepoint    ] Entering safepoint region: Cleanup
[2019-12-09T08:34:54.691+0000][1][safepoint    ] Leaving safepoint region
[2019-12-09T08:34:54.691+0000][1][safepoint    ] Total time for which application threads were stopped: 0.0001082 seconds, Stopping threads took: 0.0000202 seconds
[2019-12-09T08:34:55.692+0000][1][safepoint    ] Application time: 1.0000834 seconds
[2019-12-09T08:34:55.692+0000][1][safepoint    ] Entering safepoint region: Cleanup
[2019-12-09T08:34:55.692+0000][1][safepoint    ] Leaving safepoint region
[2019-12-09T08:34:55.692+0000][1][safepoint    ] Total time for which application threads were stopped: 0.0001123 seconds, Stopping threads took: 0.0000217 seconds
[2019-12-09T08:34:56.692+0000][1][safepoint    ] Application time: 1.0000759 seconds
[2019-12-09T08:34:56.692+0000][1][safepoint    ] Entering safepoint region: Cleanup
[2019-12-09T08:34:56.692+0000][1][safepoint    ] Leaving safepoint region
[2019-12-09T08:34:56.692+0000][1][safepoint    ] Total time for which application threads were stopped: 0.0000913 seconds, Stopping threads took: 0.0000190 seconds
[2019-12-09T08:34:57.692+0000][1][safepoint    ] Application time: 1.0000758 seconds
[2019-12-09T08:34:57.692+0000][1][safepoint    ] Entering safepoint region: Cleanup
[2019-12-09T08:34:57.692+0000][1][safepoint    ] Leaving safepoint region
[2019-12-09T08:34:57.692+0000][1][safepoint    ] Total time for which application threads were stopped: 0.0000948 seconds, Stopping threads took: 0.0000206 seconds
[2019-12-09T08:34:58.692+0000][1][safepoint    ] Application time: 1.0000845 seconds
[2019-12-09T08:34:58.692+0000][1][safepoint    ] Entering safepoint region: Cleanup
[2019-12-09T08:34:58.692+0000][1][safepoint    ] Leaving safepoint region
[2019-12-09T08:34:58.692+0000][1][safepoint    ] Total time for which application threads were stopped: 0.0001003 seconds, Stopping threads took: 0.0000277 seconds
[2019-12-09T08:34:59.692+0000][1][safepoint    ] Application time: 1.0000784 seconds
[2019-12-09T08:34:59.693+0000][1][safepoint    ] Entering safepoint region: Cleanup
[2019-12-09T08:34:59.693+0000][1][safepoint    ] Leaving safepoint region
[2019-12-09T08:34:59.693+0000][1][safepoint    ] Total time for which application threads were stopped: 0.0000950 seconds, Stopping threads took: 0.0000200 seconds
[2019-12-09T08:35:00.693+0000][1][safepoint    ] Application time: 1.0000781 seconds
[2019-12-09T08:35:00.693+0000][1][safepoint    ] Entering safepoint region: Cleanup
[2019-12-09T08:35:00.693+0000][1][safepoint    ] Leaving safepoint region
[2019-12-09T08:35:00.693+0000][1][safepoint    ] Total time for which application threads were stopped: 0.0000936 seconds, Stopping threads took: 0.0000194 seconds
[2019-12-09T08:35:01.693+0000][1][safepoint    ] Application time: 1.0000814 seconds
[2019-12-09T08:35:01.693+0000][1][safepoint    ] Entering safepoint region: Cleanup
[2019-12-09T08:35:01.693+0000][1][safepoint    ] Leaving safepoint region
[2019-12-09T08:35:01.693+0000][1][safepoint    ] Total time for which application threads were stopped: 0.0000960 seconds, Stopping threads took: 0.0000204 seconds
[2019-12-09T08:35:02.693+0000][1][safepoint    ] Application time: 1.0000774 seconds
[2019-12-09T08:35:02.693+0000][1][safepoint    ] Entering safepoint region: Cleanup
[2019-12-09T08:35:02.693+0000][1][safepoint    ] Leaving safepoint region
[2019-12-09T08:35:02.693+0000][1][safepoint    ] Total time for which application threads were stopped: 0.0000942 seconds, Stopping threads took: 0.0000201 seconds
[2019-12-09T08:35:03.693+0000][1][safepoint    ] Application time: 1.0000796 seconds
[2019-12-09T08:35:03.693+0000][1][safepoint    ] Entering safepoint region: Cleanup
[2019-12-09T08:35:03.693+0000][1][safepoint    ] Leaving safepoint region
[2019-12-09T08:35:03.693+0000][1][safepoint    ] Total time for which application threads were stopped: 0.0000934 seconds, Stopping threads took: 0.0000194 seconds
[2019-12-09T08:35:04.694+0000][1][safepoint    ] Application time: 1.0000774 seconds
[2019-12-09T08:35:04.694+0000][1][safepoint    ] Entering safepoint region: Cleanup
[2019-12-09T08:35:04.694+0000][1][safepoint    ] Leaving safepoint region
[2019-12-09T08:35:04.694+0000][1][safepoint    ] Total time for which application threads were stopped: 0.0001045 seconds, Stopping threads took: 0.0000199 seconds
[2019-12-09T08:35:05.694+0000][1][safepoint    ] Application time: 1.0000784 seconds
[2019-12-09T08:35:05.694+0000][1][safepoint    ] Entering safepoint region: Cleanup
[2019-12-09T08:35:05.694+0000][1][safepoint    ] Leaving safepoint region
[2019-12-09T08:35:05.694+0000][1][safepoint    ] Total time for which application threads were stopped: 0.0001078 seconds, Stopping threads took: 0.0000186 seconds
[2019-12-09T08:35:06.694+0000][1][safepoint    ] Application time: 1.0000779 seconds
[2019-12-09T08:35:06.694+0000][1][safepoint    ] Entering safepoint region: Cleanup
[2019-12-09T08:35:06.694+0000][1][safepoint    ] Leaving safepoint region
[2019-12-09T08:35:06.694+0000][1][safepoint    ] Total time for which application threads were stopped: 0.0000993 seconds, Stopping threads took: 0.0000216 seconds
[2019-12-09T08:35:07.694+0000][1][safepoint    ] Application time: 1.0000455 seconds
[2019-12-09T08:35:07.694+0000][1][safepoint    ] Entering safepoint region: Cleanup
[2019-12-09T08:35:07.694+0000][1][safepoint    ] Leaving safepoint region
[2019-12-09T08:35:07.694+0000][1][safepoint    ] Total time for which application threads were stopped: 0.0000961 seconds, Stopping threads took: 0.0000206 seconds
[2019-12-09T08:35:08.694+0000][1][safepoint    ] Application time: 1.0000811 seconds
[2019-12-09T08:35:08.695+0000][1][safepoint    ] Entering safepoint region: Cleanup
[2019-12-09T08:35:08.695+0000][1][safepoint    ] Leaving safepoint region
[2019-12-09T08:35:08.695+0000][1][safepoint    ] Total time for which application threads were stopped: 0.0001224 seconds, Stopping threads took: 0.0000363 seconds
[2019-12-09T08:35:09.695+0000][1][safepoint    ] Application time: 1.0000836 seconds
[2019-12-09T08:35:09.695+0000][1][safepoint    ] Entering safepoint region: Cleanup
[2019-12-09T08:35:09.695+0000][1][safepoint    ] Leaving safepoint region
[2019-12-09T08:35:09.695+0000][1][safepoint    ] Total time for which application threads were stopped: 0.0001207 seconds, Stopping threads took: 0.0000295 seconds
[2019-12-09T08:35:10.695+0000][1][safepoint    ] Application time: 1.0000962 seconds
[2019-12-09T08:35:10.695+0000][1][safepoint    ] Entering safepoint region: Cleanup
[2019-12-09T08:35:10.695+0000][1][safepoint    ] Leaving safepoint region
[2019-12-09T08:35:10.695+0000][1][safepoint    ] Total time for which application threads were stopped: 0.0001331 seconds, Stopping threads took: 0.0000282 seconds
[2019-12-09T08:35:11.695+0000][1][safepoint    ] Application time: 1.0000777 seconds
[2019-12-09T08:35:11.695+0000][1][safepoint    ] Entering safepoint region: Cleanup
[2019-12-09T08:35:11.695+0000][1][safepoint    ] Leaving safepoint region
[2019-12-09T08:35:11.695+0000][1][safepoint    ] Total time for which application threads were stopped: 0.0001474 seconds, Stopping threads took: 0.0000333 seconds
[2019-12-09T08:35:12.696+0000][1][safepoint    ] Application time: 1.0000760 seconds
[2019-12-09T08:35:12.696+0000][1][safepoint    ] Entering safepoint region: Cleanup
[2019-12-09T08:35:12.696+0000][1][safepoint    ] Leaving safepoint region
[2019-12-09T08:35:12.696+0000][1][safepoint    ] Total time for which application threads were stopped: 0.0000937 seconds, Stopping threads took: 0.0000201 seconds
[2019-12-09T08:35:13.696+0000][1][safepoint    ] Application time: 1.0000871 seconds
[2019-12-09T08:35:13.696+0000][1][safepoint    ] Entering safepoint region: Cleanup
[2019-12-09T08:35:13.696+0000][1][safepoint    ] Leaving safepoint region
[2019-12-09T08:35:13.696+0000][1][safepoint    ] Total time for which application threads were stopped: 0.0000946 seconds, Stopping threads took: 0.0000200 seconds
[2019-12-09T08:35:14.696+0000][1][safepoint    ] Application time: 1.0000747 seconds
[2019-12-09T08:35:14.696+0000][1][safepoint    ] Entering safepoint region: Cleanup
[2019-12-09T08:35:14.696+0000][1][safepoint    ] Leaving safepoint region
[2019-12-09T08:35:14.696+0000][1][safepoint    ] Total time for which application threads were stopped: 0.0000942 seconds, Stopping threads took: 0.0000201 seconds
[2019-12-09T08:35:15.696+0000][1][safepoint    ] Application time: 1.0000764 seconds
[2019-12-09T08:35:15.696+0000][1][safepoint    ] Entering safepoint region: Cleanup
[2019-12-09T08:35:15.696+0000][1][safepoint    ] Leaving safepoint region
[2019-12-09T08:35:15.696+0000][1][safepoint    ] Total time for which application threads were stopped: 0.0000957 seconds, Stopping threads took: 0.0000194 seconds
[2019-12-09T08:35:16.696+0000][1][safepoint    ] Application time: 1.0000753 seconds
[2019-12-09T08:35:16.696+0000][1][safepoint    ] Entering safepoint region: Cleanup
[2019-12-09T08:35:16.697+0000][1][safepoint    ] Leaving safepoint region
[2019-12-09T08:35:16.697+0000][1][safepoint    ] Total time for which application threads were stopped: 0.0000947 seconds, Stopping threads took: 0.0000206 seconds
[2019-12-09T08:35:17.697+0000][1][safepoint    ] Application time: 1.0000770 seconds
[2019-12-09T08:35:17.697+0000][1][safepoint    ] Entering safepoint region: Cleanup
[2019-12-09T08:35:17.697+0000][1][safepoint    ] Leaving safepoint region
[2019-12-09T08:35:17.697+0000][1][safepoint    ] Total time for which application threads were stopped: 0.0001041 seconds, Stopping threads took: 0.0000307 seconds
[2019-12-09T08:35:18.697+0000][1][safepoint    ] Application time: 1.0000760 seconds
[2019-12-09T08:35:18.697+0000][1][safepoint    ] Entering safepoint region: Cleanup
[2019-12-09T08:35:18.697+0000][1][safepoint    ] Leaving safepoint region
[2019-12-09T08:35:18.697+0000][1][safepoint    ] Total time for which application threads were stopped: 0.0001137 seconds, Stopping threads took: 0.0000364 seconds
[2019-12-09T08:35:19.697+0000][1][safepoint    ] Application time: 1.0000758 seconds
[2019-12-09T08:35:19.697+0000][1][safepoint    ] Entering safepoint region: Cleanup
[2019-12-09T08:35:19.697+0000][1][safepoint    ] Leaving safepoint region
[2019-12-09T08:35:19.697+0000][1][safepoint    ] Total time for which application threads were stopped: 0.0000939 seconds, Stopping threads took: 0.0000200 seconds
[2019-12-09T08:35:20.697+0000][1][safepoint    ] Application time: 1.0000756 seconds
[2019-12-09T08:35:20.697+0000][1][safepoint    ] Entering safepoint region: Cleanup
[2019-12-09T08:35:20.697+0000][1][safepoint    ] Leaving safepoint region
[2019-12-09T08:35:20.697+0000][1][safepoint    ] Total time for which application threads were stopped: 0.0000985 seconds, Stopping threads took: 0.0000197 seconds
[2019-12-09T08:35:21.698+0000][1][safepoint    ] Application time: 1.0000769 seconds
[2019-12-09T08:35:21.698+0000][1][safepoint    ] Entering safepoint region: Cleanup
[2019-12-09T08:35:21.698+0000][1][safepoint    ] Leaving safepoint region
[2019-12-09T08:35:21.698+0000][1][safepoint    ] Total time for which application threads were stopped: 0.0000948 seconds, Stopping threads took: 0.0000194 seconds
[2019-12-09T08:35:22.698+0000][1][safepoint    ] Application time: 1.0000867 seconds
[2019-12-09T08:35:22.698+0000][1][safepoint    ] Entering safepoint region: Cleanup
[2019-12-09T08:35:22.698+0000][1][safepoint    ] Leaving safepoint region
[2019-12-09T08:35:22.698+0000][1][safepoint    ] Total time for which application threads were stopped: 0.0000974 seconds, Stopping threads took: 0.0000200 seconds
[2019-12-09T08:35:23.698+0000][1][safepoint    ] Application time: 1.0000767 seconds
[2019-12-09T08:35:23.698+0000][1][safepoint    ] Entering safepoint region: Cleanup
[2019-12-09T08:35:23.698+0000][1][safepoint    ] Leaving safepoint region
[2019-12-09T08:35:23.698+0000][1][safepoint    ] Total time for which application threads were stopped: 0.0000939 seconds, Stopping threads took: 0.0000199 seconds
[2019-12-09T08:35:24.698+0000][1][safepoint    ] Application time: 1.0000761 seconds
[2019-12-09T08:35:24.698+0000][1][safepoint    ] Entering safepoint region: Cleanup
[2019-12-09T08:35:24.698+0000][1][safepoint    ] Leaving safepoint region
[2019-12-09T08:35:24.698+0000][1][safepoint    ] Total time for which application threads were stopped: 0.0000950 seconds, Stopping threads took: 0.0000192 seconds
[2019-12-09T08:35:25.698+0000][1][safepoint    ] Application time: 1.0000755 seconds
[2019-12-09T08:35:25.698+0000][1][safepoint    ] Entering safepoint region: Cleanup
[2019-12-09T08:35:25.699+0000][1][safepoint    ] Leaving safepoint region
[2019-12-09T08:35:25.699+0000][1][safepoint    ] Total time for which application threads were stopped: 0.0000930 seconds, Stopping threads took: 0.0000199 seconds
[2019-12-09T08:35:26.699+0000][1][safepoint    ] Application time: 1.0000753 seconds
[2019-12-09T08:35:26.699+0000][1][safepoint    ] Entering safepoint region: Cleanup
[2019-12-09T08:35:26.699+0000][1][safepoint    ] Leaving safepoint region
[2019-12-09T08:35:26.699+0000][1][safepoint    ] Total time for which application threads were stopped: 0.0001057 seconds, Stopping threads took: 0.0000302 seconds
[2019-12-09T08:35:27.699+0000][1][safepoint    ] Application time: 1.0000745 seconds
[2019-12-09T08:35:27.699+0000][1][safepoint    ] Entering safepoint region: Cleanup
[2019-12-09T08:35:27.699+0000][1][safepoint    ] Leaving safepoint region
[2019-12-09T08:35:27.699+0000][1][safepoint    ] Total time for which application threads were stopped: 0.0000953 seconds, Stopping threads took: 0.0000193 seconds
[2019-12-09T08:35:28.699+0000][1][safepoint    ] Application time: 1.0000753 seconds
[2019-12-09T08:35:28.699+0000][1][safepoint    ] Entering safepoint region: Cleanup
[2019-12-09T08:35:28.699+0000][1][safepoint    ] Leaving safepoint region
[2019-12-09T08:35:28.699+0000][1][safepoint    ] Total time for which application threads were stopped: 0.0001016 seconds, Stopping threads took: 0.0000191 seconds
[2019-12-09T08:35:29.699+0000][1][safepoint    ] Application time: 1.0000752 seconds
[2019-12-09T08:35:29.699+0000][1][safepoint    ] Entering safepoint region: Cleanup
[2019-12-09T08:35:29.699+0000][1][safepoint    ] Leaving safepoint region
[2019-12-09T08:35:29.699+0000][1][safepoint    ] Total time for which application threads were stopped: 0.0000948 seconds, Stopping threads took: 0.0000201 seconds
[2019-12-09T08:35:30.700+0000][1][safepoint    ] Application time: 1.0000749 seconds
[2019-12-09T08:35:30.700+0000][1][safepoint    ] Entering safepoint region: Cleanup
[2019-12-09T08:35:30.700+0000][1][safepoint    ] Leaving safepoint region
[2019-12-09T08:35:30.700+0000][1][safepoint    ] Total time for which application threads were stopped: 0.0000931 seconds, Stopping threads took: 0.0000195 seconds
[2019-12-09T08:35:31.700+0000][1][safepoint    ] Application time: 1.0000751 seconds
[2019-12-09T08:35:31.700+0000][1][safepoint    ] Entering safepoint region: Cleanup
[2019-12-09T08:35:31.700+0000][1][safepoint    ] Leaving safepoint region
[2019-12-09T08:35:31.700+0000][1][safepoint    ] Total time for which application threads were stopped: 0.0000944 seconds, Stopping threads took: 0.0000185 seconds
[2019-12-09T08:35:32.700+0000][1][safepoint    ] Application time: 1.0000750 seconds
[2019-12-09T08:35:32.700+0000][1][safepoint    ] Entering safepoint region: Cleanup
[2019-12-09T08:35:32.700+0000][1][safepoint    ] Leaving safepoint region
[2019-12-09T08:35:32.700+0000][1][safepoint    ] Total time for which application threads were stopped: 0.0000932 seconds, Stopping threads took: 0.0000199 seconds
[2019-12-09T08:35:33.700+0000][1][safepoint    ] Application time: 1.0000756 seconds
[2019-12-09T08:35:33.700+0000][1][safepoint    ] Entering safepoint region: Cleanup
[2019-12-09T08:35:33.700+0000][1][safepoint    ] Leaving safepoint region
[2019-12-09T08:35:33.700+0000][1][safepoint    ] Total time for which application threads were stopped: 0.0000919 seconds, Stopping threads took: 0.0000191 seconds
[2019-12-09T08:35:34.700+0000][1][safepoint    ] Application time: 1.0000751 seconds
[2019-12-09T08:35:34.700+0000][1][safepoint    ] Entering safepoint region: Cleanup
[2019-12-09T08:35:34.700+0000][1][safepoint    ] Leaving safepoint region
[2019-12-09T08:35:34.700+0000][1][safepoint    ] Total time for which application threads were stopped: 0.0000921 seconds, Stopping threads took: 0.0000188 seconds
[2019-12-09T08:35:35.701+0000][1][safepoint    ] Application time: 1.0000764 seconds
[2019-12-09T08:35:35.701+0000][1][safepoint    ] Entering safepoint region: Cleanup
[2019-12-09T08:35:35.701+0000][1][safepoint    ] Leaving safepoint region
[2019-12-09T08:35:35.701+0000][1][safepoint    ] Total time for which application threads were stopped: 0.0001029 seconds, Stopping threads took: 0.0000197 seconds
[2019-12-09T08:35:36.701+0000][1][safepoint    ] Application time: 1.0000746 seconds
[2019-12-09T08:35:36.701+0000][1][safepoint    ] Entering safepoint region: Cleanup
[2019-12-09T08:35:36.701+0000][1][safepoint    ] Leaving safepoint region
[2019-12-09T08:35:36.701+0000][1][safepoint    ] Total time for which application threads were stopped: 0.0000938 seconds, Stopping threads took: 0.0000199 seconds
[2019-12-09T08:35:37.701+0000][1][safepoint    ] Application time: 1.0000745 seconds
[2019-12-09T08:35:37.701+0000][1][safepoint    ] Entering safepoint region: Cleanup
[2019-12-09T08:35:37.701+0000][1][safepoint    ] Leaving safepoint region
[2019-12-09T08:35:37.701+0000][1][safepoint    ] Total time for which application threads were stopped: 0.0000927 seconds, Stopping threads took: 0.0000190 seconds
[2019-12-09T08:35:38.701+0000][1][safepoint    ] Application time: 1.0000765 seconds
[2019-12-09T08:35:38.701+0000][1][safepoint    ] Entering safepoint region: Cleanup
[2019-12-09T08:35:38.701+0000][1][safepoint    ] Leaving safepoint region
[2019-12-09T08:35:38.701+0000][1][safepoint    ] Total time for which application threads were stopped: 0.0001092 seconds, Stopping threads took: 0.0000281 seconds
[2019-12-09T08:35:39.701+0000][1][safepoint    ] Application time: 1.0000720 seconds
[2019-12-09T08:35:39.702+0000][1][safepoint    ] Entering safepoint region: Cleanup
[2019-12-09T08:35:39.702+0000][1][safepoint    ] Leaving safepoint region
[2019-12-09T08:35:39.702+0000][1][safepoint    ] Total time for which application threads were stopped: 0.0001069 seconds, Stopping threads took: 0.0000194 seconds
[2019-12-09T08:35:40.702+0000][1][safepoint    ] Application time: 1.0000844 seconds
[2019-12-09T08:35:40.702+0000][1][safepoint    ] Entering safepoint region: Cleanup
[2019-12-09T08:35:40.702+0000][1][safepoint    ] Leaving safepoint region
[2019-12-09T08:35:40.702+0000][1][safepoint    ] Total time for which application threads were stopped: 0.0000935 seconds, Stopping threads took: 0.0000194 seconds
[2019-12-09T08:35:41.702+0000][1][safepoint    ] Application time: 1.0000755 seconds
[2019-12-09T08:35:41.702+0000][1][safepoint    ] Entering safepoint region: Cleanup
[2019-12-09T08:35:41.702+0000][1][safepoint    ] Leaving safepoint region
[2019-12-09T08:35:41.702+0000][1][safepoint    ] Total time for which application threads were stopped: 0.0000936 seconds, Stopping threads took: 0.0000194 seconds
[2019-12-09T08:35:42.702+0000][1][safepoint    ] Application time: 1.0000754 seconds
[2019-12-09T08:35:42.702+0000][1][safepoint    ] Entering safepoint region: Cleanup
[2019-12-09T08:35:42.702+0000][1][safepoint    ] Leaving safepoint region
[2019-12-09T08:35:42.702+0000][1][safepoint    ] Total time for which application threads were stopped: 0.0000924 seconds, Stopping threads took: 0.0000185 seconds
[2019-12-09T08:35:43.702+0000][1][safepoint    ] Application time: 1.0000764 seconds
[2019-12-09T08:35:43.702+0000][1][safepoint    ] Entering safepoint region: Cleanup
[2019-12-09T08:35:43.702+0000][1][safepoint    ] Leaving safepoint region
[2019-12-09T08:35:43.702+0000][1][safepoint    ] Total time for which application threads were stopped: 0.0000960 seconds, Stopping threads took: 0.0000189 seconds
[2019-12-09T08:35:44.703+0000][1][safepoint    ] Application time: 1.0000744 seconds
[2019-12-09T08:35:44.703+0000][1][safepoint    ] Entering safepoint region: Cleanup
[2019-12-09T08:35:44.703+0000][1][safepoint    ] Leaving safepoint region
[2019-12-09T08:35:44.703+0000][1][safepoint    ] Total time for which application threads were stopped: 0.0001102 seconds, Stopping threads took: 0.0000196 seconds
[2019-12-09T08:35:45.703+0000][1][safepoint    ] Application time: 1.0000759 seconds
[2019-12-09T08:35:45.703+0000][1][safepoint    ] Entering safepoint region: Cleanup
[2019-12-09T08:35:45.703+0000][1][safepoint    ] Leaving safepoint region
[2019-12-09T08:35:45.703+0000][1][safepoint    ] Total time for which application threads were stopped: 0.0000923 seconds, Stopping threads took: 0.0000185 seconds
[2019-12-09T08:35:46.703+0000][1][safepoint    ] Application time: 1.0000753 seconds
[2019-12-09T08:35:46.703+0000][1][safepoint    ] Entering safepoint region: Cleanup
[2019-12-09T08:35:46.703+0000][1][safepoint    ] Leaving safepoint region
[2019-12-09T08:35:46.703+0000][1][safepoint    ] Total time for which application threads were stopped: 0.0000940 seconds, Stopping threads took: 0.0000188 seconds
[2019-12-09T08:35:47.703+0000][1][safepoint    ] Application time: 1.0000776 seconds
[2019-12-09T08:35:47.703+0000][1][safepoint    ] Entering safepoint region: Cleanup
[2019-12-09T08:35:47.703+0000][1][safepoint    ] Leaving safepoint region
[2019-12-09T08:35:47.703+0000][1][safepoint    ] Total time for which application threads were stopped: 0.0000936 seconds, Stopping threads took: 0.0000193 seconds
[2019-12-09T08:35:48.703+0000][1][safepoint    ] Application time: 1.0000770 seconds
[2019-12-09T08:35:48.703+0000][1][safepoint    ] Entering safepoint region: Cleanup
[2019-12-09T08:35:48.704+0000][1][safepoint    ] Leaving safepoint region
[2019-12-09T08:35:48.704+0000][1][safepoint    ] Total time for which application threads were stopped: 0.0000985 seconds, Stopping threads took: 0.0000188 seconds
[2019-12-09T08:35:49.704+0000][1][safepoint    ] Application time: 1.0000751 seconds
[2019-12-09T08:35:49.704+0000][1][safepoint    ] Entering safepoint region: Cleanup
[2019-12-09T08:35:49.704+0000][1][safepoint    ] Leaving safepoint region
[2019-12-09T08:35:49.704+0000][1][safepoint    ] Total time for which application threads were stopped: 0.0000956 seconds, Stopping threads took: 0.0000207 seconds
[2019-12-09T08:35:50.704+0000][1][safepoint    ] Application time: 1.0000754 seconds
[2019-12-09T08:35:50.704+0000][1][safepoint    ] Entering safepoint region: Cleanup
[2019-12-09T08:35:50.704+0000][1][safepoint    ] Leaving safepoint region
[2019-12-09T08:35:50.704+0000][1][safepoint    ] Total time for which application threads were stopped: 0.0000948 seconds, Stopping threads took: 0.0000197 seconds
[2019-12-09T08:35:52.091+0000][1][safepoint    ] Application time: 1.3872768 seconds
[2019-12-09T08:35:52.091+0000][1][safepoint    ] Entering safepoint region: Cleanup
[2019-12-09T08:35:52.091+0000][1][safepoint    ] Leaving safepoint region
[2019-12-09T08:35:52.091+0000][1][safepoint    ] Total time for which application threads were stopped: 0.0000956 seconds, Stopping threads took: 0.0000192 seconds
[2019-12-09T08:35:53.092+0000][1][safepoint    ] Application time: 1.0000762 seconds
[2019-12-09T08:35:53.092+0000][1][safepoint    ] Entering safepoint region: Cleanup
[2019-12-09T08:35:53.092+0000][1][safepoint    ] Leaving safepoint region
[2019-12-09T08:35:53.092+0000][1][safepoint    ] Total time for which application threads were stopped: 0.0000940 seconds, Stopping threads took: 0.0000188 seconds
[2019-12-09T08:35:54.092+0000][1][safepoint    ] Application time: 1.0000770 seconds
[2019-12-09T08:35:54.092+0000][1][safepoint    ] Entering safepoint region: Cleanup
[2019-12-09T08:35:54.092+0000][1][safepoint    ] Leaving safepoint region
[2019-12-09T08:35:54.092+0000][1][safepoint    ] Total time for which application threads were stopped: 0.0000948 seconds, Stopping threads took: 0.0000194 seconds
[2019-12-09T08:35:55.092+0000][1][safepoint    ] Application time: 1.0000757 seconds
[2019-12-09T08:35:55.092+0000][1][safepoint    ] Entering safepoint region: Cleanup
[2019-12-09T08:35:55.092+0000][1][safepoint    ] Leaving safepoint region
[2019-12-09T08:35:55.092+0000][1][safepoint    ] Total time for which application threads were stopped: 0.0000917 seconds, Stopping threads took: 0.0000187 seconds
[2019-12-09T08:35:56.092+0000][1][safepoint    ] Application time: 1.0000758 seconds
[2019-12-09T08:35:56.092+0000][1][safepoint    ] Entering safepoint region: Cleanup
[2019-12-09T08:35:56.092+0000][1][safepoint    ] Leaving safepoint region
[2019-12-09T08:35:56.092+0000][1][safepoint    ] Total time for which application threads were stopped: 0.0000921 seconds, Stopping threads took: 0.0000191 seconds
[2019-12-09T08:35:57.092+0000][1][safepoint    ] Application time: 1.0000769 seconds
[2019-12-09T08:35:57.092+0000][1][safepoint    ] Entering safepoint region: Cleanup
[2019-12-09T08:35:57.093+0000][1][safepoint    ] Leaving safepoint region
[2019-12-09T08:35:57.093+0000][1][safepoint    ] Total time for which application threads were stopped: 0.0000947 seconds, Stopping threads took: 0.0000193 seconds
[2019-12-09T08:35:58.093+0000][1][safepoint    ] Application time: 1.0000758 seconds
[2019-12-09T08:35:58.093+0000][1][safepoint    ] Entering safepoint region: Cleanup
[2019-12-09T08:35:58.093+0000][1][safepoint    ] Leaving safepoint region
[2019-12-09T08:35:58.093+0000][1][safepoint    ] Total time for which application threads were stopped: 0.0001058 seconds, Stopping threads took: 0.0000212 seconds
[2019-12-09T08:35:59.093+0000][1][safepoint    ] Application time: 1.0000758 seconds
[2019-12-09T08:35:59.093+0000][1][safepoint    ] Entering safepoint region: Cleanup
[2019-12-09T08:35:59.093+0000][1][safepoint    ] Leaving safepoint region
[2019-12-09T08:35:59.093+0000][1][safepoint    ] Total time for which application threads were stopped: 0.0000930 seconds, Stopping threads took: 0.0000184 seconds
[2019-12-09T08:36:00.093+0000][1][safepoint    ] Application time: 1.0000762 seconds
[2019-12-09T08:36:00.093+0000][1][safepoint    ] Entering safepoint region: Cleanup
[2019-12-09T08:36:00.093+0000][1][safepoint    ] Leaving safepoint region
[2019-12-09T08:36:00.093+0000][1][safepoint    ] Total time for which application threads were stopped: 0.0000938 seconds, Stopping threads took: 0.0000199 seconds
[2019-12-09T08:36:01.093+0000][1][safepoint    ] Application time: 1.0000923 seconds
[2019-12-09T08:36:01.093+0000][1][safepoint    ] Entering safepoint region: Cleanup
[2019-12-09T08:36:01.093+0000][1][safepoint    ] Leaving safepoint region
[2019-12-09T08:36:01.093+0000][1][safepoint    ] Total time for which application threads were stopped: 0.0001308 seconds, Stopping threads took: 0.0000276 seconds
[2019-12-09T08:36:02.094+0000][1][safepoint    ] Application time: 1.0000785 seconds
[2019-12-09T08:36:02.094+0000][1][safepoint    ] Entering safepoint region: Cleanup
[2019-12-09T08:36:02.094+0000][1][safepoint    ] Leaving safepoint region
[2019-12-09T08:36:02.094+0000][1][safepoint    ] Total time for which application threads were stopped: 0.0000958 seconds, Stopping threads took: 0.0000189 seconds
[2019-12-09T08:36:03.094+0000][1][safepoint    ] Application time: 1.0000758 seconds
[2019-12-09T08:36:03.094+0000][1][safepoint    ] Entering safepoint region: Cleanup
[2019-12-09T08:36:03.094+0000][1][safepoint    ] Leaving safepoint region
[2019-12-09T08:36:03.094+0000][1][safepoint    ] Total time for which application threads were stopped: 0.0000941 seconds, Stopping threads took: 0.0000191 seconds
[2019-12-09T08:36:04.094+0000][1][safepoint    ] Application time: 1.0000759 seconds
[2019-12-09T08:36:04.094+0000][1][safepoint    ] Entering safepoint region: Cleanup
[2019-12-09T08:36:04.094+0000][1][safepoint    ] Leaving safepoint region
[2019-12-09T08:36:04.094+0000][1][safepoint    ] Total time for which application threads were stopped: 0.0000957 seconds, Stopping threads took: 0.0000208 seconds
[2019-12-09T08:36:05.094+0000][1][safepoint    ] Application time: 1.0000757 seconds
[2019-12-09T08:36:05.094+0000][1][safepoint    ] Entering safepoint region: Cleanup
[2019-12-09T08:36:05.094+0000][1][safepoint    ] Leaving safepoint region
[2019-12-09T08:36:05.094+0000][1][safepoint    ] Total time for which application threads were stopped: 0.0000941 seconds, Stopping threads took: 0.0000195 seconds
[2019-12-09T08:36:06.094+0000][1][safepoint    ] Application time: 1.0000764 seconds
[2019-12-09T08:36:06.094+0000][1][safepoint    ] Entering safepoint region: Cleanup
[2019-12-09T08:36:06.095+0000][1][safepoint    ] Leaving safepoint region
[2019-12-09T08:36:06.095+0000][1][safepoint    ] Total time for which application threads were stopped: 0.0001015 seconds, Stopping threads took: 0.0000202 seconds
[2019-12-09T08:36:07.095+0000][1][safepoint    ] Application time: 1.0000766 seconds
[2019-12-09T08:36:07.095+0000][1][safepoint    ] Entering safepoint region: Cleanup
[2019-12-09T08:36:07.095+0000][1][safepoint    ] Leaving safepoint region
[2019-12-09T08:36:07.095+0000][1][safepoint    ] Total time for which application threads were stopped: 0.0001013 seconds, Stopping threads took: 0.0000179 seconds
[2019-12-09T08:36:08.095+0000][1][safepoint    ] Application time: 1.0000765 seconds
[2019-12-09T08:36:08.095+0000][1][safepoint    ] Entering safepoint region: Cleanup
[2019-12-09T08:36:08.095+0000][1][safepoint    ] Leaving safepoint region
[2019-12-09T08:36:08.095+0000][1][safepoint    ] Total time for which application threads were stopped: 0.0000959 seconds, Stopping threads took: 0.0000206 seconds
[2019-12-09T08:36:09.095+0000][1][safepoint    ] Application time: 1.0000767 seconds
[2019-12-09T08:36:09.095+0000][1][safepoint    ] Entering safepoint region: Cleanup
[2019-12-09T08:36:09.095+0000][1][safepoint    ] Leaving safepoint region
[2019-12-09T08:36:09.095+0000][1][safepoint    ] Total time for which application threads were stopped: 0.0001021 seconds, Stopping threads took: 0.0000263 seconds
[2019-12-09T08:36:10.095+0000][1][safepoint    ] Application time: 1.0000791 seconds
[2019-12-09T08:36:10.095+0000][1][safepoint    ] Entering safepoint region: Cleanup
[2019-12-09T08:36:10.095+0000][1][safepoint    ] Leaving safepoint region
[2019-12-09T08:36:10.095+0000][1][safepoint    ] Total time for which application threads were stopped: 0.0000938 seconds, Stopping threads took: 0.0000191 seconds
[2019-12-09T08:36:11.096+0000][1][safepoint    ] Application time: 1.0000935 seconds
[2019-12-09T08:36:11.096+0000][1][safepoint    ] Entering safepoint region: Cleanup
[2019-12-09T08:36:11.096+0000][1][safepoint    ] Leaving safepoint region
[2019-12-09T08:36:11.096+0000][1][safepoint    ] Total time for which application threads were stopped: 0.0001605 seconds, Stopping threads took: 0.0000283 seconds
[2019-12-09T08:36:12.096+0000][1][safepoint    ] Application time: 1.0000807 seconds
[2019-12-09T08:36:12.096+0000][1][safepoint    ] Entering safepoint region: Cleanup
[2019-12-09T08:36:12.096+0000][1][safepoint    ] Leaving safepoint region
[2019-12-09T08:36:12.096+0000][1][safepoint    ] Total time for which application threads were stopped: 0.0000934 seconds, Stopping threads took: 0.0000194 seconds
[2019-12-09T08:36:13.096+0000][1][safepoint    ] Application time: 1.0000783 seconds
[2019-12-09T08:36:13.096+0000][1][safepoint    ] Entering safepoint region: Cleanup
[2019-12-09T08:36:13.096+0000][1][safepoint    ] Leaving safepoint region
[2019-12-09T08:36:13.096+0000][1][safepoint    ] Total time for which application threads were stopped: 0.0000951 seconds, Stopping threads took: 0.0000205 seconds
[2019-12-09T08:36:14.096+0000][1][safepoint    ] Application time: 1.0000802 seconds
[2019-12-09T08:36:14.096+0000][1][safepoint    ] Entering safepoint region: Cleanup
[2019-12-09T08:36:14.096+0000][1][safepoint    ] Leaving safepoint region
[2019-12-09T08:36:14.096+0000][1][safepoint    ] Total time for which application threads were stopped: 0.0000933 seconds, Stopping threads took: 0.0000200 seconds
[2019-12-09T08:36:15.096+0000][1][safepoint    ] Application time: 1.0000795 seconds
[2019-12-09T08:36:15.097+0000][1][safepoint    ] Entering safepoint region: Cleanup
[2019-12-09T08:36:15.097+0000][1][safepoint    ] Leaving safepoint region
[2019-12-09T08:36:15.097+0000][1][safepoint    ] Total time for which application threads were stopped: 0.0000932 seconds, Stopping threads took: 0.0000183 seconds
[2019-12-09T08:36:16.097+0000][1][safepoint    ] Application time: 1.0000804 seconds
[2019-12-09T08:36:16.097+0000][1][safepoint    ] Entering safepoint region: Cleanup
[2019-12-09T08:36:16.097+0000][1][safepoint    ] Leaving safepoint region
[2019-12-09T08:36:16.097+0000][1][safepoint    ] Total time for which application threads were stopped: 0.0000966 seconds, Stopping threads took: 0.0000199 seconds
[2019-12-09T08:36:17.097+0000][1][safepoint    ] Application time: 1.0000802 seconds
[2019-12-09T08:36:17.097+0000][1][safepoint    ] Entering safepoint region: Cleanup
[2019-12-09T08:36:17.097+0000][1][safepoint    ] Leaving safepoint region
[2019-12-09T08:36:17.097+0000][1][safepoint    ] Total time for which application threads were stopped: 0.0000966 seconds, Stopping threads took: 0.0000197 seconds
[2019-12-09T08:36:18.097+0000][1][safepoint    ] Application time: 1.0000801 seconds
[2019-12-09T08:36:18.097+0000][1][safepoint    ] Entering safepoint region: Cleanup
[2019-12-09T08:36:18.097+0000][1][safepoint    ] Leaving safepoint region
[2019-12-09T08:36:18.097+0000][1][safepoint    ] Total time for which application threads were stopped: 0.0000935 seconds, Stopping threads took: 0.0000199 seconds
[2019-12-09T08:36:19.097+0000][1][safepoint    ] Application time: 1.0000798 seconds
[2019-12-09T08:36:19.097+0000][1][safepoint    ] Entering safepoint region: Cleanup
[2019-12-09T08:36:19.097+0000][1][safepoint    ] Leaving safepoint region
[2019-12-09T08:36:19.098+0000][1][safepoint    ] Total time for which application threads were stopped: 0.0000935 seconds, Stopping threads took: 0.0000188 seconds
[2019-12-09T08:36:20.098+0000][1][safepoint    ] Application time: 1.0000781 seconds
[2019-12-09T08:36:20.098+0000][1][safepoint    ] Entering safepoint region: Cleanup
[2019-12-09T08:36:20.098+0000][1][safepoint    ] Leaving safepoint region
[2019-12-09T08:36:20.098+0000][1][safepoint    ] Total time for which application threads were stopped: 0.0001053 seconds, Stopping threads took: 0.0000198 seconds
[2019-12-09T08:36:21.099+0000][1][safepoint    ] Application time: 1.0011806 seconds
[2019-12-09T08:36:21.099+0000][1][safepoint    ] Entering safepoint region: Cleanup
[2019-12-09T08:36:21.099+0000][1][safepoint    ] Leaving safepoint region
[2019-12-09T08:36:21.099+0000][1][safepoint    ] Total time for which application threads were stopped: 0.0001297 seconds, Stopping threads took: 0.0000258 seconds
[2019-12-09T08:36:22.115+0000][1][safepoint    ] Application time: 1.0160256 seconds
[2019-12-09T08:36:22.115+0000][1][safepoint    ] Entering safepoint region: Cleanup
[2019-12-09T08:36:22.115+0000][1][safepoint    ] Leaving safepoint region
[2019-12-09T08:36:22.115+0000][1][safepoint    ] Total time for which application threads were stopped: 0.0001284 seconds, Stopping threads took: 0.0000272 seconds
[2019-12-09T08:36:23.115+0000][1][safepoint    ] Application time: 1.0000782 seconds
[2019-12-09T08:36:23.115+0000][1][safepoint    ] Entering safepoint region: Cleanup
[2019-12-09T08:36:23.115+0000][1][safepoint    ] Leaving safepoint region
[2019-12-09T08:36:23.115+0000][1][safepoint    ] Total time for which application threads were stopped: 0.0000857 seconds, Stopping threads took: 0.0000182 seconds
[2019-12-09T08:36:24.116+0000][1][safepoint    ] Application time: 1.0000776 seconds
[2019-12-09T08:36:24.116+0000][1][safepoint    ] Entering safepoint region: Cleanup
[2019-12-09T08:36:24.116+0000][1][safepoint    ] Leaving safepoint region
[2019-12-09T08:36:24.116+0000][1][safepoint    ] Total time for which application threads were stopped: 0.0001050 seconds, Stopping threads took: 0.0000192 seconds
[2019-12-09T08:36:25.116+0000][1][safepoint    ] Application time: 1.0000764 seconds
[2019-12-09T08:36:25.116+0000][1][safepoint    ] Entering safepoint region: Cleanup
[2019-12-09T08:36:25.116+0000][1][safepoint    ] Leaving safepoint region
[2019-12-09T08:36:25.116+0000][1][safepoint    ] Total time for which application threads were stopped: 0.0000858 seconds, Stopping threads took: 0.0000170 seconds
[2019-12-09T08:36:26.116+0000][1][safepoint    ] Application time: 1.0000774 seconds
[2019-12-09T08:36:26.116+0000][1][safepoint    ] Entering safepoint region: Cleanup
[2019-12-09T08:36:26.116+0000][1][safepoint    ] Leaving safepoint region
[2019-12-09T08:36:26.116+0000][1][safepoint    ] Total time for which application threads were stopped: 0.0000889 seconds, Stopping threads took: 0.0000183 seconds
[2019-12-09T08:36:27.116+0000][1][safepoint    ] Application time: 1.0000788 seconds
[2019-12-09T08:36:27.116+0000][1][safepoint    ] Entering safepoint region: Cleanup
[2019-12-09T08:36:27.116+0000][1][safepoint    ] Leaving safepoint region
[2019-12-09T08:36:27.116+0000][1][safepoint    ] Total time for which application threads were stopped: 0.0000857 seconds, Stopping threads took: 0.0000165 seconds
[2019-12-09T08:36:28.116+0000][1][safepoint    ] Application time: 1.0000785 seconds
[2019-12-09T08:36:28.116+0000][1][safepoint    ] Entering safepoint region: Cleanup
[2019-12-09T08:36:28.116+0000][1][safepoint    ] Leaving safepoint region
[2019-12-09T08:36:28.116+0000][1][safepoint    ] Total time for which application threads were stopped: 0.0000878 seconds, Stopping threads took: 0.0000174 seconds
[2019-12-09T08:36:29.117+0000][1][safepoint    ] Application time: 1.0000781 seconds
[2019-12-09T08:36:29.117+0000][1][safepoint    ] Entering safepoint region: Cleanup
[2019-12-09T08:36:29.117+0000][1][safepoint    ] Leaving safepoint region
[2019-12-09T08:36:29.117+0000][1][safepoint    ] Total time for which application threads were stopped: 0.0000870 seconds, Stopping threads took: 0.0000181 seconds
[2019-12-09T08:36:30.117+0000][1][safepoint    ] Application time: 1.0000790 seconds
[2019-12-09T08:36:30.117+0000][1][safepoint    ] Entering safepoint region: Cleanup
[2019-12-09T08:36:30.117+0000][1][safepoint    ] Leaving safepoint region
[2019-12-09T08:36:30.117+0000][1][safepoint    ] Total time for which application threads were stopped: 0.0000888 seconds, Stopping threads took: 0.0000183 seconds
[2019-12-09T08:36:31.117+0000][1][safepoint    ] Application time: 1.0000796 seconds
[2019-12-09T08:36:31.117+0000][1][safepoint    ] Entering safepoint region: Cleanup
[2019-12-09T08:36:31.117+0000][1][safepoint    ] Leaving safepoint region
[2019-12-09T08:36:31.117+0000][1][safepoint    ] Total time for which application threads were stopped: 0.0000881 seconds, Stopping threads took: 0.0000182 seconds
[2019-12-09T08:36:32.117+0000][1][safepoint    ] Application time: 1.0000773 seconds
[2019-12-09T08:36:32.117+0000][1][safepoint    ] Entering safepoint region: Cleanup
[2019-12-09T08:36:32.117+0000][1][safepoint    ] Leaving safepoint region
[2019-12-09T08:36:32.117+0000][1][safepoint    ] Total time for which application threads were stopped: 0.0000855 seconds, Stopping threads took: 0.0000167 seconds
[2019-12-09T08:36:33.117+0000][1][safepoint    ] Application time: 1.0000782 seconds
[2019-12-09T08:36:33.117+0000][1][safepoint    ] Entering safepoint region: Cleanup
[2019-12-09T08:36:33.117+0000][1][safepoint    ] Leaving safepoint region
[2019-12-09T08:36:33.117+0000][1][safepoint    ] Total time for which application threads were stopped: 0.0000918 seconds, Stopping threads took: 0.0000192 seconds
[2019-12-09T08:36:34.118+0000][1][safepoint    ] Application time: 1.0000773 seconds
[2019-12-09T08:36:34.118+0000][1][safepoint    ] Entering safepoint region: Cleanup
[2019-12-09T08:36:34.118+0000][1][safepoint    ] Leaving safepoint region
[2019-12-09T08:36:34.118+0000][1][safepoint    ] Total time for which application threads were stopped: 0.0000926 seconds, Stopping threads took: 0.0000194 seconds
[2019-12-09T08:36:35.118+0000][1][safepoint    ] Application time: 1.0000784 seconds
[2019-12-09T08:36:35.118+0000][1][safepoint    ] Entering safepoint region: Cleanup
[2019-12-09T08:36:35.118+0000][1][safepoint    ] Leaving safepoint region
[2019-12-09T08:36:35.118+0000][1][safepoint    ] Total time for which application threads were stopped: 0.0000883 seconds, Stopping threads took: 0.0000190 seconds
[2019-12-09T08:36:36.118+0000][1][safepoint    ] Application time: 1.0000776 seconds
[2019-12-09T08:36:36.118+0000][1][safepoint    ] Entering safepoint region: Cleanup
[2019-12-09T08:36:36.118+0000][1][safepoint    ] Leaving safepoint region
[2019-12-09T08:36:36.118+0000][1][safepoint    ] Total time for which application threads were stopped: 0.0000874 seconds, Stopping threads took: 0.0000176 seconds
[2019-12-09T08:36:37.118+0000][1][safepoint    ] Application time: 1.0000766 seconds
[2019-12-09T08:36:37.118+0000][1][safepoint    ] Entering safepoint region: Cleanup
[2019-12-09T08:36:37.118+0000][1][safepoint    ] Leaving safepoint region
[2019-12-09T08:36:37.118+0000][1][safepoint    ] Total time for which application threads were stopped: 0.0000870 seconds, Stopping threads took: 0.0000183 seconds
[2019-12-09T08:36:38.118+0000][1][safepoint    ] Application time: 1.0000765 seconds
[2019-12-09T08:36:38.118+0000][1][safepoint    ] Entering safepoint region: Cleanup
[2019-12-09T08:36:38.118+0000][1][safepoint    ] Leaving safepoint region
[2019-12-09T08:36:38.118+0000][1][safepoint    ] Total time for which application threads were stopped: 0.0000855 seconds, Stopping threads took: 0.0000171 seconds
[2019-12-09T08:36:39.118+0000][1][safepoint    ] Application time: 1.0000792 seconds
[2019-12-09T08:36:39.119+0000][1][safepoint    ] Entering safepoint region: Cleanup
[2019-12-09T08:36:39.119+0000][1][safepoint    ] Leaving safepoint region
[2019-12-09T08:36:39.119+0000][1][safepoint    ] Total time for which application threads were stopped: 0.0000971 seconds, Stopping threads took: 0.0000273 seconds
[2019-12-09T08:36:40.119+0000][1][safepoint    ] Application time: 1.0000908 seconds
[2019-12-09T08:36:40.119+0000][1][safepoint    ] Entering safepoint region: Cleanup
[2019-12-09T08:36:40.119+0000][1][safepoint    ] Leaving safepoint region
[2019-12-09T08:36:40.119+0000][1][safepoint    ] Total time for which application threads were stopped: 0.0000868 seconds, Stopping threads took: 0.0000174 seconds
[2019-12-09T08:36:41.119+0000][1][safepoint    ] Application time: 1.0000812 seconds
[2019-12-09T08:36:41.119+0000][1][safepoint    ] Entering safepoint region: Cleanup
[2019-12-09T08:36:41.119+0000][1][safepoint    ] Leaving safepoint region
[2019-12-09T08:36:41.119+0000][1][safepoint    ] Total time for which application threads were stopped: 0.0000930 seconds, Stopping threads took: 0.0000188 seconds
[2019-12-09T08:36:42.119+0000][1][safepoint    ] Application time: 1.0000775 seconds
[2019-12-09T08:36:42.119+0000][1][safepoint    ] Entering safepoint region: Cleanup
[2019-12-09T08:36:42.119+0000][1][safepoint    ] Leaving safepoint region
[2019-12-09T08:36:42.119+0000][1][safepoint    ] Total time for which application threads were stopped: 0.0000873 seconds, Stopping threads took: 0.0000165 seconds
[2019-12-09T08:36:43.119+0000][1][safepoint    ] Application time: 1.0000764 seconds
[2019-12-09T08:36:43.119+0000][1][safepoint    ] Entering safepoint region: Cleanup
[2019-12-09T08:36:43.119+0000][1][safepoint    ] Leaving safepoint region
[2019-12-09T08:36:43.119+0000][1][safepoint    ] Total time for which application threads were stopped: 0.0000903 seconds, Stopping threads took: 0.0000190 seconds
[2019-12-09T08:36:43.805+0000][1][safepoint    ] Application time: 0.6853745 seconds
[2019-12-09T08:36:43.805+0000][1][safepoint    ] Entering safepoint region: GenCollectForAllocation
[2019-12-09T08:36:43.805+0000][1][gc,start     ] GC(78) Pause Young (Allocation Failure)
[2019-12-09T08:36:43.805+0000][1][gc,task      ] GC(78) Using 2 workers of 2 for evacuation
[2019-12-09T08:36:43.807+0000][1][gc,age       ] GC(78) Desired survivor size 4456448 bytes, new threshold 6 (max threshold 6)
[2019-12-09T08:36:43.807+0000][1][gc,age       ] GC(78) Age table with threshold 6 (max threshold 6)
[2019-12-09T08:36:43.807+0000][1][gc,age       ] GC(78) - age   1:      10224 bytes,      10224 total
[2019-12-09T08:36:43.807+0000][1][gc,age       ] GC(78) - age   2:        824 bytes,      11048 total
[2019-12-09T08:36:43.807+0000][1][gc,age       ] GC(78) - age   3:       6752 bytes,      17800 total
[2019-12-09T08:36:43.807+0000][1][gc,age       ] GC(78) - age   5:        864 bytes,      18664 total
[2019-12-09T08:36:43.807+0000][1][gc,age       ] GC(78) - age   6:         56 bytes,      18720 total
[2019-12-09T08:36:43.807+0000][1][gc,heap      ] GC(78) ParNew: 69983K->26K(78656K)
[2019-12-09T08:36:43.807+0000][1][gc,heap      ] GC(78) CMS: 75193K->75193K(174784K)
[2019-12-09T08:36:43.807+0000][1][gc,metaspace ] GC(78) Metaspace: 79614K->79614K(1122304K)
[2019-12-09T08:36:43.807+0000][1][gc           ] GC(78) Pause Young (Allocation Failure) 141M->73M(247M) 1.835ms
[2019-12-09T08:36:43.807+0000][1][gc,cpu       ] GC(78) User=0.01s Sys=0.00s Real=0.00s
[2019-12-09T08:36:43.807+0000][1][safepoint    ] Leaving safepoint region
[2019-12-09T08:36:43.807+0000][1][safepoint    ] Total time for which application threads were stopped: 0.0020494 seconds, Stopping threads took: 0.0000304 seconds
[2019-12-09T08:36:44.807+0000][1][safepoint    ] Application time: 1.0000828 seconds
[2019-12-09T08:36:44.807+0000][1][safepoint    ] Entering safepoint region: Cleanup
[2019-12-09T08:36:44.807+0000][1][safepoint    ] Leaving safepoint region
[2019-12-09T08:36:44.807+0000][1][safepoint    ] Total time for which application threads were stopped: 0.0000891 seconds, Stopping threads took: 0.0000183 seconds
[2019-12-09T08:36:45.807+0000][1][safepoint    ] Application time: 1.0000839 seconds
[2019-12-09T08:36:45.807+0000][1][safepoint    ] Entering safepoint region: Cleanup
[2019-12-09T08:36:45.807+0000][1][safepoint    ] Leaving safepoint region
[2019-12-09T08:36:45.807+0000][1][safepoint    ] Total time for which application threads were stopped: 0.0001245 seconds, Stopping threads took: 0.0000235 seconds
[2019-12-09T08:36:46.807+0000][1][safepoint    ] Application time: 1.0000726 seconds
[2019-12-09T08:36:46.807+0000][1][safepoint    ] Entering safepoint region: Cleanup
[2019-12-09T08:36:46.808+0000][1][safepoint    ] Leaving safepoint region
[2019-12-09T08:36:46.808+0000][1][safepoint    ] Total time for which application threads were stopped: 0.0000890 seconds, Stopping threads took: 0.0000179 seconds
[2019-12-09T08:36:47.808+0000][1][safepoint    ] Application time: 1.0000767 seconds
[2019-12-09T08:36:47.808+0000][1][safepoint    ] Entering safepoint region: Cleanup
[2019-12-09T08:36:47.808+0000][1][safepoint    ] Leaving safepoint region
[2019-12-09T08:36:47.808+0000][1][safepoint    ] Total time for which application threads were stopped: 0.0000981 seconds, Stopping threads took: 0.0000172 seconds
[2019-12-09T08:36:48.808+0000][1][safepoint    ] Application time: 1.0000760 seconds
[2019-12-09T08:36:48.808+0000][1][safepoint    ] Entering safepoint region: Cleanup
[2019-12-09T08:36:48.808+0000][1][safepoint    ] Leaving safepoint region
[2019-12-09T08:36:48.808+0000][1][safepoint    ] Total time for which application threads were stopped: 0.0000904 seconds, Stopping threads took: 0.0000183 seconds
[2019-12-09T08:36:49.808+0000][1][safepoint    ] Application time: 1.0000726 seconds
[2019-12-09T08:36:49.808+0000][1][safepoint    ] Entering safepoint region: Cleanup
[2019-12-09T08:36:49.808+0000][1][safepoint    ] Leaving safepoint region
[2019-12-09T08:36:49.808+0000][1][safepoint    ] Total time for which application threads were stopped: 0.0000867 seconds, Stopping threads took: 0.0000168 seconds
[2019-12-09T08:36:50.808+0000][1][safepoint    ] Application time: 1.0000751 seconds
[2019-12-09T08:36:50.808+0000][1][safepoint    ] Entering safepoint region: Cleanup
[2019-12-09T08:36:50.808+0000][1][safepoint    ] Leaving safepoint region
[2019-12-09T08:36:50.808+0000][1][safepoint    ] Total time for which application threads were stopped: 0.0000868 seconds, Stopping threads took: 0.0000182 seconds
[2019-12-09T08:36:52.124+0000][1][safepoint    ] Application time: 1.3154160 seconds
[2019-12-09T08:36:52.124+0000][1][safepoint    ] Entering safepoint region: Cleanup
[2019-12-09T08:36:52.124+0000][1][safepoint    ] Leaving safepoint region
[2019-12-09T08:36:52.124+0000][1][safepoint    ] Total time for which application threads were stopped: 0.0001318 seconds, Stopping threads took: 0.0000264 seconds
[2019-12-09T08:36:53.124+0000][1][safepoint    ] Application time: 1.0000854 seconds
[2019-12-09T08:36:53.124+0000][1][safepoint    ] Entering safepoint region: Cleanup
[2019-12-09T08:36:53.124+0000][1][safepoint    ] Leaving safepoint region
[2019-12-09T08:36:53.124+0000][1][safepoint    ] Total time for which application threads were stopped: 0.0000876 seconds, Stopping threads took: 0.0000188 seconds
[2019-12-09T08:36:54.124+0000][1][safepoint    ] Application time: 1.0000763 seconds
[2019-12-09T08:36:54.124+0000][1][safepoint    ] Entering safepoint region: Cleanup
[2019-12-09T08:36:54.124+0000][1][safepoint    ] Leaving safepoint region
[2019-12-09T08:36:54.124+0000][1][safepoint    ] Total time for which application threads were stopped: 0.0000886 seconds, Stopping threads took: 0.0000187 seconds
[2019-12-09T08:36:55.125+0000][1][safepoint    ] Application time: 1.0002289 seconds
[2019-12-09T08:36:55.125+0000][1][safepoint    ] Entering safepoint region: Cleanup
[2019-12-09T08:36:55.125+0000][1][safepoint    ] Leaving safepoint region
[2019-12-09T08:36:55.125+0000][1][safepoint    ] Total time for which application threads were stopped: 0.0001223 seconds, Stopping threads took: 0.0000244 seconds
[2019-12-09T08:36:56.125+0000][1][safepoint    ] Application time: 1.0000983 seconds
[2019-12-09T08:36:56.125+0000][1][safepoint    ] Entering safepoint region: Cleanup
[2019-12-09T08:36:56.125+0000][1][safepoint    ] Leaving safepoint region
[2019-12-09T08:36:56.125+0000][1][safepoint    ] Total time for which application threads were stopped: 0.0000962 seconds, Stopping threads took: 0.0000183 seconds
[2019-12-09T08:36:57.125+0000][1][safepoint    ] Application time: 1.0000751 seconds
[2019-12-09T08:36:57.125+0000][1][safepoint    ] Entering safepoint region: Cleanup
[2019-12-09T08:36:57.125+0000][1][safepoint    ] Leaving safepoint region
[2019-12-09T08:36:57.125+0000][1][safepoint    ] Total time for which application threads were stopped: 0.0000876 seconds, Stopping threads took: 0.0000176 seconds
[2019-12-09T08:36:58.125+0000][1][safepoint    ] Application time: 1.0000764 seconds
[2019-12-09T08:36:58.125+0000][1][safepoint    ] Entering safepoint region: Cleanup
[2019-12-09T08:36:58.125+0000][1][safepoint    ] Leaving safepoint region
[2019-12-09T08:36:58.125+0000][1][safepoint    ] Total time for which application threads were stopped: 0.0000900 seconds, Stopping threads took: 0.0000182 seconds
[2019-12-09T08:36:59.125+0000][1][safepoint    ] Application time: 1.0000781 seconds
[2019-12-09T08:36:59.125+0000][1][safepoint    ] Entering safepoint region: Cleanup
[2019-12-09T08:36:59.125+0000][1][safepoint    ] Leaving safepoint region
[2019-12-09T08:36:59.125+0000][1][safepoint    ] Total time for which application threads were stopped: 0.0000888 seconds, Stopping threads took: 0.0000181 seconds
[2019-12-09T08:37:00.126+0000][1][safepoint    ] Application time: 1.0000787 seconds
[2019-12-09T08:37:00.126+0000][1][safepoint    ] Entering safepoint region: Cleanup
[2019-12-09T08:37:00.126+0000][1][safepoint    ] Leaving safepoint region
[2019-12-09T08:37:00.126+0000][1][safepoint    ] Total time for which application threads were stopped: 0.0000874 seconds, Stopping threads took: 0.0000180 seconds
[2019-12-09T08:37:01.126+0000][1][safepoint    ] Application time: 1.0000609 seconds
[2019-12-09T08:37:01.126+0000][1][safepoint    ] Entering safepoint region: Cleanup
[2019-12-09T08:37:01.126+0000][1][safepoint    ] Leaving safepoint region
[2019-12-09T08:37:01.126+0000][1][safepoint    ] Total time for which application threads were stopped: 0.0001204 seconds, Stopping threads took: 0.0000244 seconds
[2019-12-09T08:37:02.126+0000][1][safepoint    ] Application time: 1.0000800 seconds
[2019-12-09T08:37:02.126+0000][1][safepoint    ] Entering safepoint region: Cleanup
[2019-12-09T08:37:02.126+0000][1][safepoint    ] Leaving safepoint region
[2019-12-09T08:37:02.126+0000][1][safepoint    ] Total time for which application threads were stopped: 0.0000877 seconds, Stopping threads took: 0.0000182 seconds
[2019-12-09T08:37:03.126+0000][1][safepoint    ] Application time: 1.0000780 seconds
[2019-12-09T08:37:03.126+0000][1][safepoint    ] Entering safepoint region: Cleanup
[2019-12-09T08:37:03.126+0000][1][safepoint    ] Leaving safepoint region
[2019-12-09T08:37:03.126+0000][1][safepoint    ] Total time for which application threads were stopped: 0.0000880 seconds, Stopping threads took: 0.0000173 seconds
[2019-12-09T08:37:04.126+0000][1][safepoint    ] Application time: 1.0000793 seconds
[2019-12-09T08:37:04.126+0000][1][safepoint    ] Entering safepoint region: Cleanup
[2019-12-09T08:37:04.126+0000][1][safepoint    ] Leaving safepoint region
[2019-12-09T08:37:04.126+0000][1][safepoint    ] Total time for which application threads were stopped: 0.0000859 seconds, Stopping threads took: 0.0000174 seconds
[2019-12-09T08:37:05.127+0000][1][safepoint    ] Application time: 1.0000785 seconds
[2019-12-09T08:37:05.127+0000][1][safepoint    ] Entering safepoint region: Cleanup
[2019-12-09T08:37:05.127+0000][1][safepoint    ] Leaving safepoint region
[2019-12-09T08:37:05.127+0000][1][safepoint    ] Total time for which application threads were stopped: 0.0000861 seconds, Stopping threads took: 0.0000172 seconds
[2019-12-09T08:37:06.127+0000][1][safepoint    ] Application time: 1.0000745 seconds
[2019-12-09T08:37:06.127+0000][1][safepoint    ] Entering safepoint region: Cleanup
[2019-12-09T08:37:06.127+0000][1][safepoint    ] Leaving safepoint region
[2019-12-09T08:37:06.127+0000][1][safepoint    ] Total time for which application threads were stopped: 0.0000880 seconds, Stopping threads took: 0.0000177 seconds
[2019-12-09T08:37:07.127+0000][1][safepoint    ] Application time: 1.0000772 seconds
[2019-12-09T08:37:07.127+0000][1][safepoint    ] Entering safepoint region: Cleanup
[2019-12-09T08:37:07.127+0000][1][safepoint    ] Leaving safepoint region
[2019-12-09T08:37:07.127+0000][1][safepoint    ] Total time for which application threads were stopped: 0.0000857 seconds, Stopping threads took: 0.0000177 seconds
[2019-12-09T08:37:08.127+0000][1][safepoint    ] Application time: 1.0000763 seconds
[2019-12-09T08:37:08.127+0000][1][safepoint    ] Entering safepoint region: Cleanup
[2019-12-09T08:37:08.127+0000][1][safepoint    ] Leaving safepoint region
[2019-12-09T08:37:08.127+0000][1][safepoint    ] Total time for which application threads were stopped: 0.0000886 seconds, Stopping threads took: 0.0000182 seconds
[2019-12-09T08:37:09.127+0000][1][safepoint    ] Application time: 1.0000768 seconds
[2019-12-09T08:37:09.127+0000][1][safepoint    ] Entering safepoint region: Cleanup
[2019-12-09T08:37:09.127+0000][1][safepoint    ] Leaving safepoint region
[2019-12-09T08:37:09.127+0000][1][safepoint    ] Total time for which application threads were stopped: 0.0000938 seconds, Stopping threads took: 0.0000261 seconds
[2019-12-09T08:37:10.127+0000][1][safepoint    ] Application time: 1.0000781 seconds
[2019-12-09T08:37:10.128+0000][1][safepoint    ] Entering safepoint region: Cleanup
[2019-12-09T08:37:10.128+0000][1][safepoint    ] Leaving safepoint region
[2019-12-09T08:37:10.128+0000][1][safepoint    ] Total time for which application threads were stopped: 0.0000858 seconds, Stopping threads took: 0.0000178 seconds
[2019-12-09T08:37:11.128+0000][1][safepoint    ] Application time: 1.0000759 seconds
[2019-12-09T08:37:11.128+0000][1][safepoint    ] Entering safepoint region: Cleanup
[2019-12-09T08:37:11.128+0000][1][safepoint    ] Leaving safepoint region
[2019-12-09T08:37:11.128+0000][1][safepoint    ] Total time for which application threads were stopped: 0.0000867 seconds, Stopping threads took: 0.0000192 seconds
[2019-12-09T08:37:12.128+0000][1][safepoint    ] Application time: 1.0000773 seconds
[2019-12-09T08:37:12.128+0000][1][safepoint    ] Entering safepoint region: Cleanup
[2019-12-09T08:37:12.128+0000][1][safepoint    ] Leaving safepoint region
[2019-12-09T08:37:12.128+0000][1][safepoint    ] Total time for which application threads were stopped: 0.0000886 seconds, Stopping threads took: 0.0000176 seconds
[2019-12-09T08:37:13.128+0000][1][safepoint    ] Application time: 1.0000800 seconds
[2019-12-09T08:37:13.128+0000][1][safepoint    ] Entering safepoint region: Cleanup
[2019-12-09T08:37:13.128+0000][1][safepoint    ] Leaving safepoint region
[2019-12-09T08:37:13.128+0000][1][safepoint    ] Total time for which application threads were stopped: 0.0000885 seconds, Stopping threads took: 0.0000187 seconds
[2019-12-09T08:37:14.128+0000][1][safepoint    ] Application time: 1.0000784 seconds
[2019-12-09T08:37:14.128+0000][1][safepoint    ] Entering safepoint region: Cleanup
[2019-12-09T08:37:14.128+0000][1][safepoint    ] Leaving safepoint region
[2019-12-09T08:37:14.128+0000][1][safepoint    ] Total time for which application threads were stopped: 0.0000852 seconds, Stopping threads took: 0.0000170 seconds
[2019-12-09T08:37:15.128+0000][1][safepoint    ] Application time: 1.0000795 seconds
[2019-12-09T08:37:15.128+0000][1][safepoint    ] Entering safepoint region: Cleanup
[2019-12-09T08:37:15.129+0000][1][safepoint    ] Leaving safepoint region
[2019-12-09T08:37:15.129+0000][1][safepoint    ] Total time for which application threads were stopped: 0.0000881 seconds, Stopping threads took: 0.0000180 seconds
[2019-12-09T08:37:16.129+0000][1][safepoint    ] Application time: 1.0000773 seconds
[2019-12-09T08:37:16.129+0000][1][safepoint    ] Entering safepoint region: Cleanup
[2019-12-09T08:37:16.129+0000][1][safepoint    ] Leaving safepoint region
[2019-12-09T08:37:16.129+0000][1][safepoint    ] Total time for which application threads were stopped: 0.0000967 seconds, Stopping threads took: 0.0000269 seconds
[2019-12-09T08:37:17.129+0000][1][safepoint    ] Application time: 1.0000764 seconds
[2019-12-09T08:37:17.129+0000][1][safepoint    ] Entering safepoint region: Cleanup
[2019-12-09T08:37:17.129+0000][1][safepoint    ] Leaving safepoint region
[2019-12-09T08:37:17.129+0000][1][safepoint    ] Total time for which application threads were stopped: 0.0000864 seconds, Stopping threads took: 0.0000169 seconds
[2019-12-09T08:37:18.129+0000][1][safepoint    ] Application time: 1.0000763 seconds
[2019-12-09T08:37:18.129+0000][1][safepoint    ] Entering safepoint region: Cleanup
[2019-12-09T08:37:18.129+0000][1][safepoint    ] Leaving safepoint region
[2019-12-09T08:37:18.129+0000][1][safepoint    ] Total time for which application threads were stopped: 0.0000875 seconds, Stopping threads took: 0.0000175 seconds
[2019-12-09T08:37:19.129+0000][1][safepoint    ] Application time: 1.0000803 seconds
[2019-12-09T08:37:19.129+0000][1][safepoint    ] Entering safepoint region: Cleanup
[2019-12-09T08:37:19.129+0000][1][safepoint    ] Leaving safepoint region
[2019-12-09T08:37:19.129+0000][1][safepoint    ] Total time for which application threads were stopped: 0.0000885 seconds, Stopping threads took: 0.0000183 seconds
[2019-12-09T08:37:20.129+0000][1][safepoint    ] Application time: 1.0000778 seconds
[2019-12-09T08:37:20.129+0000][1][safepoint    ] Entering safepoint region: Cleanup
[2019-12-09T08:37:20.130+0000][1][safepoint    ] Leaving safepoint region
[2019-12-09T08:37:20.130+0000][1][safepoint    ] Total time for which application threads were stopped: 0.0000884 seconds, Stopping threads took: 0.0000180 seconds
[2019-12-09T08:37:22.129+0000][1][safepoint    ] Application time: 1.9995242 seconds
[2019-12-09T08:37:22.129+0000][1][safepoint    ] Entering safepoint region: Cleanup
[2019-12-09T08:37:22.129+0000][1][safepoint    ] Leaving safepoint region
[2019-12-09T08:37:22.129+0000][1][safepoint    ] Total time for which application threads were stopped: 0.0000942 seconds, Stopping threads took: 0.0000190 seconds
[2019-12-09T08:37:23.129+0000][1][safepoint    ] Application time: 1.0000751 seconds
[2019-12-09T08:37:23.129+0000][1][safepoint    ] Entering safepoint region: Cleanup
[2019-12-09T08:37:23.129+0000][1][safepoint    ] Leaving safepoint region
[2019-12-09T08:37:23.129+0000][1][safepoint    ] Total time for which application threads were stopped: 0.0000958 seconds, Stopping threads took: 0.0000197 seconds
[2019-12-09T08:37:24.130+0000][1][safepoint    ] Application time: 1.0000752 seconds
[2019-12-09T08:37:24.130+0000][1][safepoint    ] Entering safepoint region: Cleanup
[2019-12-09T08:37:24.130+0000][1][safepoint    ] Leaving safepoint region
[2019-12-09T08:37:24.130+0000][1][safepoint    ] Total time for which application threads were stopped: 0.0000945 seconds, Stopping threads took: 0.0000189 seconds
[2019-12-09T08:37:25.130+0000][1][safepoint    ] Application time: 1.0000749 seconds
[2019-12-09T08:37:25.130+0000][1][safepoint    ] Entering safepoint region: Cleanup
[2019-12-09T08:37:25.130+0000][1][safepoint    ] Leaving safepoint region
[2019-12-09T08:37:25.130+0000][1][safepoint    ] Total time for which application threads were stopped: 0.0000961 seconds, Stopping threads took: 0.0000207 seconds
[2019-12-09T08:37:26.130+0000][1][safepoint    ] Application time: 1.0000756 seconds
[2019-12-09T08:37:26.130+0000][1][safepoint    ] Entering safepoint region: Cleanup
[2019-12-09T08:37:26.130+0000][1][safepoint    ] Leaving safepoint region
[2019-12-09T08:37:26.130+0000][1][safepoint    ] Total time for which application threads were stopped: 0.0001062 seconds, Stopping threads took: 0.0000196 seconds
[2019-12-09T08:37:27.130+0000][1][safepoint    ] Application time: 1.0000749 seconds
[2019-12-09T08:37:27.130+0000][1][safepoint    ] Entering safepoint region: Cleanup
[2019-12-09T08:37:27.130+0000][1][safepoint    ] Leaving safepoint region
[2019-12-09T08:37:27.130+0000][1][safepoint    ] Total time for which application threads were stopped: 0.0000983 seconds, Stopping threads took: 0.0000202 seconds
[2019-12-09T08:37:28.130+0000][1][safepoint    ] Application time: 1.0000749 seconds
[2019-12-09T08:37:28.130+0000][1][safepoint    ] Entering safepoint region: Cleanup
[2019-12-09T08:37:28.131+0000][1][safepoint    ] Leaving safepoint region
[2019-12-09T08:37:28.131+0000][1][safepoint    ] Total time for which application threads were stopped: 0.0001108 seconds, Stopping threads took: 0.0000207 seconds
[2019-12-09T08:37:29.131+0000][1][safepoint    ] Application time: 1.0000725 seconds
[2019-12-09T08:37:29.131+0000][1][safepoint    ] Entering safepoint region: Cleanup
[2019-12-09T08:37:29.131+0000][1][safepoint    ] Leaving safepoint region
[2019-12-09T08:37:29.131+0000][1][safepoint    ] Total time for which application threads were stopped: 0.0001258 seconds, Stopping threads took: 0.0000323 seconds
[2019-12-09T08:37:30.131+0000][1][safepoint    ] Application time: 1.0000748 seconds
[2019-12-09T08:37:30.131+0000][1][safepoint    ] Entering safepoint region: Cleanup
[2019-12-09T08:37:30.131+0000][1][safepoint    ] Leaving safepoint region
[2019-12-09T08:37:30.131+0000][1][safepoint    ] Total time for which application threads were stopped: 0.0001192 seconds, Stopping threads took: 0.0000249 seconds
[2019-12-09T08:37:31.131+0000][1][safepoint    ] Application time: 1.0000749 seconds
[2019-12-09T08:37:31.131+0000][1][safepoint    ] Entering safepoint region: Cleanup
[2019-12-09T08:37:31.131+0000][1][safepoint    ] Leaving safepoint region
[2019-12-09T08:37:31.131+0000][1][safepoint    ] Total time for which application threads were stopped: 0.0001165 seconds, Stopping threads took: 0.0000254 seconds
[2019-12-09T08:37:32.131+0000][1][safepoint    ] Application time: 1.0000742 seconds
[2019-12-09T08:37:32.131+0000][1][safepoint    ] Entering safepoint region: Cleanup
[2019-12-09T08:37:32.132+0000][1][safepoint    ] Leaving safepoint region
[2019-12-09T08:37:32.132+0000][1][safepoint    ] Total time for which application threads were stopped: 0.0001247 seconds, Stopping threads took: 0.0000275 seconds
[2019-12-09T08:37:33.132+0000][1][safepoint    ] Application time: 1.0000713 seconds
[2019-12-09T08:37:33.132+0000][1][safepoint    ] Entering safepoint region: Cleanup
[2019-12-09T08:37:33.132+0000][1][safepoint    ] Leaving safepoint region
[2019-12-09T08:37:33.132+0000][1][safepoint    ] Total time for which application threads were stopped: 0.0001373 seconds, Stopping threads took: 0.0000275 seconds
[2019-12-09T08:37:34.132+0000][1][safepoint    ] Application time: 1.0000778 seconds
[2019-12-09T08:37:34.132+0000][1][safepoint    ] Entering safepoint region: Cleanup
[2019-12-09T08:37:34.132+0000][1][safepoint    ] Leaving safepoint region
[2019-12-09T08:37:34.132+0000][1][safepoint    ] Total time for which application threads were stopped: 0.0001259 seconds, Stopping threads took: 0.0000271 seconds
[2019-12-09T08:37:35.132+0000][1][safepoint    ] Application time: 1.0000779 seconds
[2019-12-09T08:37:35.132+0000][1][safepoint    ] Entering safepoint region: Cleanup
[2019-12-09T08:37:35.132+0000][1][safepoint    ] Leaving safepoint region
[2019-12-09T08:37:35.132+0000][1][safepoint    ] Total time for which application threads were stopped: 0.0001305 seconds, Stopping threads took: 0.0000280 seconds
[2019-12-09T08:37:36.132+0000][1][safepoint    ] Application time: 1.0000789 seconds
[2019-12-09T08:37:36.132+0000][1][safepoint    ] Entering safepoint region: Cleanup
[2019-12-09T08:37:36.133+0000][1][safepoint    ] Leaving safepoint region
[2019-12-09T08:37:36.133+0000][1][safepoint    ] Total time for which application threads were stopped: 0.0001272 seconds, Stopping threads took: 0.0000270 seconds
[2019-12-09T08:37:37.133+0000][1][safepoint    ] Application time: 1.0000783 seconds
[2019-12-09T08:37:37.133+0000][1][safepoint    ] Entering safepoint region: Cleanup
[2019-12-09T08:37:37.133+0000][1][safepoint    ] Leaving safepoint region
[2019-12-09T08:37:37.133+0000][1][safepoint    ] Total time for which application threads were stopped: 0.0001303 seconds, Stopping threads took: 0.0000276 seconds
[2019-12-09T08:37:38.133+0000][1][safepoint    ] Application time: 1.0000781 seconds
[2019-12-09T08:37:38.133+0000][1][safepoint    ] Entering safepoint region: Cleanup
[2019-12-09T08:37:38.133+0000][1][safepoint    ] Leaving safepoint region
[2019-12-09T08:37:38.133+0000][1][safepoint    ] Total time for which application threads were stopped: 0.0001278 seconds, Stopping threads took: 0.0000267 seconds
[2019-12-09T08:37:39.133+0000][1][safepoint    ] Application time: 1.0000777 seconds
[2019-12-09T08:37:39.133+0000][1][safepoint    ] Entering safepoint region: Cleanup
[2019-12-09T08:37:39.133+0000][1][safepoint    ] Leaving safepoint region
[2019-12-09T08:37:39.133+0000][1][safepoint    ] Total time for which application threads were stopped: 0.0001257 seconds, Stopping threads took: 0.0000345 seconds
[2019-12-09T08:37:40.133+0000][1][safepoint    ] Application time: 1.0000785 seconds
[2019-12-09T08:37:40.134+0000][1][safepoint    ] Entering safepoint region: Cleanup
[2019-12-09T08:37:40.134+0000][1][safepoint    ] Leaving safepoint region
[2019-12-09T08:37:40.134+0000][1][safepoint    ] Total time for which application threads were stopped: 0.0001207 seconds, Stopping threads took: 0.0000263 seconds
[2019-12-09T08:37:41.134+0000][1][safepoint    ] Application time: 1.0000900 seconds
[2019-12-09T08:37:41.134+0000][1][safepoint    ] Entering safepoint region: Cleanup
[2019-12-09T08:37:41.134+0000][1][safepoint    ] Leaving safepoint region
[2019-12-09T08:37:41.134+0000][1][safepoint    ] Total time for which application threads were stopped: 0.0001277 seconds, Stopping threads took: 0.0000271 seconds
[2019-12-09T08:37:42.134+0000][1][safepoint    ] Application time: 1.0000793 seconds
[2019-12-09T08:37:42.134+0000][1][safepoint    ] Entering safepoint region: Cleanup
[2019-12-09T08:37:42.134+0000][1][safepoint    ] Leaving safepoint region
[2019-12-09T08:37:42.134+0000][1][safepoint    ] Total time for which application threads were stopped: 0.0001271 seconds, Stopping threads took: 0.0000282 seconds
[2019-12-09T08:37:43.134+0000][1][safepoint    ] Application time: 1.0000738 seconds
[2019-12-09T08:37:43.134+0000][1][safepoint    ] Entering safepoint region: Cleanup
[2019-12-09T08:37:43.134+0000][1][safepoint    ] Leaving safepoint region
[2019-12-09T08:37:43.134+0000][1][safepoint    ] Total time for which application threads were stopped: 0.0001290 seconds, Stopping threads took: 0.0000260 seconds
[2019-12-09T08:37:44.134+0000][1][safepoint    ] Application time: 1.0000795 seconds
[2019-12-09T08:37:44.135+0000][1][safepoint    ] Entering safepoint region: Cleanup
[2019-12-09T08:37:44.135+0000][1][safepoint    ] Leaving safepoint region
[2019-12-09T08:37:44.135+0000][1][safepoint    ] Total time for which application threads were stopped: 0.0001284 seconds, Stopping threads took: 0.0000261 seconds
[2019-12-09T08:37:45.135+0000][1][safepoint    ] Application time: 1.0000928 seconds
[2019-12-09T08:37:45.135+0000][1][safepoint    ] Entering safepoint region: Cleanup
[2019-12-09T08:37:45.135+0000][1][safepoint    ] Leaving safepoint region
[2019-12-09T08:37:45.135+0000][1][safepoint    ] Total time for which application threads were stopped: 0.0001252 seconds, Stopping threads took: 0.0000265 seconds
[2019-12-09T08:37:46.135+0000][1][safepoint    ] Application time: 1.0000790 seconds
[2019-12-09T08:37:46.135+0000][1][safepoint    ] Entering safepoint region: Cleanup
[2019-12-09T08:37:46.135+0000][1][safepoint    ] Leaving safepoint region
[2019-12-09T08:37:46.135+0000][1][safepoint    ] Total time for which application threads were stopped: 0.0001270 seconds, Stopping threads took: 0.0000271 seconds
[2019-12-09T08:37:47.135+0000][1][safepoint    ] Application time: 1.0000801 seconds
[2019-12-09T08:37:47.135+0000][1][safepoint    ] Entering safepoint region: Cleanup
[2019-12-09T08:37:47.135+0000][1][safepoint    ] Leaving safepoint region
[2019-12-09T08:37:47.135+0000][1][safepoint    ] Total time for which application threads were stopped: 0.0001246 seconds, Stopping threads took: 0.0000271 seconds
[2019-12-09T08:37:48.136+0000][1][safepoint    ] Application time: 1.0000776 seconds
[2019-12-09T08:37:48.136+0000][1][safepoint    ] Entering safepoint region: Cleanup
[2019-12-09T08:37:48.136+0000][1][safepoint    ] Leaving safepoint region
[2019-12-09T08:37:48.136+0000][1][safepoint    ] Total time for which application threads were stopped: 0.0001385 seconds, Stopping threads took: 0.0000287 seconds
[2019-12-09T08:37:49.136+0000][1][safepoint    ] Application time: 1.0000783 seconds
[2019-12-09T08:37:49.136+0000][1][safepoint    ] Entering safepoint region: Cleanup
[2019-12-09T08:37:49.136+0000][1][safepoint    ] Leaving safepoint region
[2019-12-09T08:37:49.136+0000][1][safepoint    ] Total time for which application threads were stopped: 0.0001286 seconds, Stopping threads took: 0.0000288 seconds
[2019-12-09T08:37:50.136+0000][1][safepoint    ] Application time: 1.0000783 seconds
[2019-12-09T08:37:50.136+0000][1][safepoint    ] Entering safepoint region: Cleanup
[2019-12-09T08:37:50.136+0000][1][safepoint    ] Leaving safepoint region
[2019-12-09T08:37:50.136+0000][1][safepoint    ] Total time for which application threads were stopped: 0.0001256 seconds, Stopping threads took: 0.0000266 seconds
[2019-12-09T08:37:51.136+0000][1][safepoint    ] Application time: 1.0000805 seconds
[2019-12-09T08:37:51.136+0000][1][safepoint    ] Entering safepoint region: Cleanup
[2019-12-09T08:37:51.136+0000][1][safepoint    ] Leaving safepoint region
[2019-12-09T08:37:51.136+0000][1][safepoint    ] Total time for which application threads were stopped: 0.0001245 seconds, Stopping threads took: 0.0000279 seconds
[2019-12-09T08:37:52.151+0000][1][safepoint    ] Application time: 1.0145906 seconds
[2019-12-09T08:37:52.151+0000][1][safepoint    ] Entering safepoint region: Cleanup
[2019-12-09T08:37:52.151+0000][1][safepoint    ] Leaving safepoint region
[2019-12-09T08:37:52.151+0000][1][safepoint    ] Total time for which application threads were stopped: 0.0000932 seconds, Stopping threads took: 0.0000192 seconds
[2019-12-09T08:37:53.151+0000][1][safepoint    ] Application time: 1.0000783 seconds
[2019-12-09T08:37:53.151+0000][1][safepoint    ] Entering safepoint region: Cleanup
[2019-12-09T08:37:53.151+0000][1][safepoint    ] Leaving safepoint region
[2019-12-09T08:37:53.151+0000][1][safepoint    ] Total time for which application threads were stopped: 0.0000900 seconds, Stopping threads took: 0.0000183 seconds
[2019-12-09T08:37:54.152+0000][1][safepoint    ] Application time: 1.0000780 seconds
[2019-12-09T08:37:54.152+0000][1][safepoint    ] Entering safepoint region: Cleanup
[2019-12-09T08:37:54.152+0000][1][safepoint    ] Leaving safepoint region
[2019-12-09T08:37:54.152+0000][1][safepoint    ] Total time for which application threads were stopped: 0.0000914 seconds, Stopping threads took: 0.0000182 seconds
[2019-12-09T08:37:55.152+0000][1][safepoint    ] Application time: 1.0000771 seconds
[2019-12-09T08:37:55.152+0000][1][safepoint    ] Entering safepoint region: Cleanup
[2019-12-09T08:37:55.152+0000][1][safepoint    ] Leaving safepoint region
[2019-12-09T08:37:55.152+0000][1][safepoint    ] Total time for which application threads were stopped: 0.0000900 seconds, Stopping threads took: 0.0000176 seconds
[2019-12-09T08:37:56.152+0000][1][safepoint    ] Application time: 1.0000758 seconds
[2019-12-09T08:37:56.152+0000][1][safepoint    ] Entering safepoint region: Cleanup
[2019-12-09T08:37:56.152+0000][1][safepoint    ] Leaving safepoint region
[2019-12-09T08:37:56.152+0000][1][safepoint    ] Total time for which application threads were stopped: 0.0000967 seconds, Stopping threads took: 0.0000197 seconds
[2019-12-09T08:37:57.152+0000][1][safepoint    ] Application time: 1.0000771 seconds
[2019-12-09T08:37:57.152+0000][1][safepoint    ] Entering safepoint region: Cleanup
[2019-12-09T08:37:57.152+0000][1][safepoint    ] Leaving safepoint region
[2019-12-09T08:37:57.152+0000][1][safepoint    ] Total time for which application threads were stopped: 0.0000910 seconds, Stopping threads took: 0.0000181 seconds
[2019-12-09T08:37:58.152+0000][1][safepoint    ] Application time: 1.0000786 seconds
[2019-12-09T08:37:58.152+0000][1][safepoint    ] Entering safepoint region: Cleanup
[2019-12-09T08:37:58.152+0000][1][safepoint    ] Leaving safepoint region
[2019-12-09T08:37:58.152+0000][1][safepoint    ] Total time for which application threads were stopped: 0.0000967 seconds, Stopping threads took: 0.0000189 seconds
[2019-12-09T08:37:59.153+0000][1][safepoint    ] Application time: 1.0000795 seconds
[2019-12-09T08:37:59.153+0000][1][safepoint    ] Entering safepoint region: Cleanup
[2019-12-09T08:37:59.153+0000][1][safepoint    ] Leaving safepoint region
[2019-12-09T08:37:59.153+0000][1][safepoint    ] Total time for which application threads were stopped: 0.0001151 seconds, Stopping threads took: 0.0000294 seconds
[2019-12-09T08:38:00.153+0000][1][safepoint    ] Application time: 1.0000810 seconds
[2019-12-09T08:38:00.153+0000][1][safepoint    ] Entering safepoint region: Cleanup
[2019-12-09T08:38:00.153+0000][1][safepoint    ] Leaving safepoint region
[2019-12-09T08:38:00.153+0000][1][safepoint    ] Total time for which application threads were stopped: 0.0000940 seconds, Stopping threads took: 0.0000203 seconds
[2019-12-09T08:38:01.153+0000][1][safepoint    ] Application time: 1.0000805 seconds
[2019-12-09T08:38:01.153+0000][1][safepoint    ] Entering safepoint region: Cleanup
[2019-12-09T08:38:01.153+0000][1][safepoint    ] Leaving safepoint region
[2019-12-09T08:38:01.153+0000][1][safepoint    ] Total time for which application threads were stopped: 0.0001016 seconds, Stopping threads took: 0.0000227 seconds
[2019-12-09T08:38:02.153+0000][1][safepoint    ] Application time: 1.0000795 seconds
[2019-12-09T08:38:02.153+0000][1][safepoint    ] Entering safepoint region: Cleanup
[2019-12-09T08:38:02.153+0000][1][safepoint    ] Leaving safepoint region
[2019-12-09T08:38:02.153+0000][1][safepoint    ] Total time for which application threads were stopped: 0.0000971 seconds, Stopping threads took: 0.0000192 seconds
[2019-12-09T08:38:03.153+0000][1][safepoint    ] Application time: 1.0000809 seconds
[2019-12-09T08:38:03.154+0000][1][safepoint    ] Entering safepoint region: Cleanup
[2019-12-09T08:38:03.154+0000][1][safepoint    ] Leaving safepoint region
[2019-12-09T08:38:03.154+0000][1][safepoint    ] Total time for which application threads were stopped: 0.0001063 seconds, Stopping threads took: 0.0000194 seconds
[2019-12-09T08:38:04.154+0000][1][safepoint    ] Application time: 1.0000888 seconds
[2019-12-09T08:38:04.154+0000][1][safepoint    ] Entering safepoint region: Cleanup
[2019-12-09T08:38:04.154+0000][1][safepoint    ] Leaving safepoint region
[2019-12-09T08:38:04.154+0000][1][safepoint    ] Total time for which application threads were stopped: 0.0000888 seconds, Stopping threads took: 0.0000182 seconds
[2019-12-09T08:38:05.154+0000][1][safepoint    ] Application time: 1.0000774 seconds
[2019-12-09T08:38:05.154+0000][1][safepoint    ] Entering safepoint region: Cleanup
[2019-12-09T08:38:05.154+0000][1][safepoint    ] Leaving safepoint region
[2019-12-09T08:38:05.154+0000][1][safepoint    ] Total time for which application threads were stopped: 0.0000910 seconds, Stopping threads took: 0.0000182 seconds
[2019-12-09T08:38:06.154+0000][1][safepoint    ] Application time: 1.0000784 seconds
[2019-12-09T08:38:06.154+0000][1][safepoint    ] Entering safepoint region: Cleanup
[2019-12-09T08:38:06.154+0000][1][safepoint    ] Leaving safepoint region
[2019-12-09T08:38:06.154+0000][1][safepoint    ] Total time for which application threads were stopped: 0.0000925 seconds, Stopping threads took: 0.0000197 seconds
[2019-12-09T08:38:07.154+0000][1][safepoint    ] Application time: 1.0000427 seconds
[2019-12-09T08:38:07.154+0000][1][safepoint    ] Entering safepoint region: Cleanup
[2019-12-09T08:38:07.154+0000][1][safepoint    ] Leaving safepoint region
[2019-12-09T08:38:07.154+0000][1][safepoint    ] Total time for which application threads were stopped: 0.0000920 seconds, Stopping threads took: 0.0000195 seconds
[2019-12-09T08:38:08.154+0000][1][safepoint    ] Application time: 1.0000759 seconds
[2019-12-09T08:38:08.155+0000][1][safepoint    ] Entering safepoint region: Cleanup
[2019-12-09T08:38:08.155+0000][1][safepoint    ] Leaving safepoint region
[2019-12-09T08:38:08.155+0000][1][safepoint    ] Total time for which application threads were stopped: 0.0000909 seconds, Stopping threads took: 0.0000192 seconds
[2019-12-09T08:38:09.155+0000][1][safepoint    ] Application time: 1.0000770 seconds
[2019-12-09T08:38:09.155+0000][1][safepoint    ] Entering safepoint region: Cleanup
[2019-12-09T08:38:09.155+0000][1][safepoint    ] Leaving safepoint region
[2019-12-09T08:38:09.155+0000][1][safepoint    ] Total time for which application threads were stopped: 0.0000986 seconds, Stopping threads took: 0.0000266 seconds
[2019-12-09T08:38:10.155+0000][1][safepoint    ] Application time: 1.0000793 seconds
[2019-12-09T08:38:10.155+0000][1][safepoint    ] Entering safepoint region: Cleanup
[2019-12-09T08:38:10.155+0000][1][safepoint    ] Leaving safepoint region
[2019-12-09T08:38:10.155+0000][1][safepoint    ] Total time for which application threads were stopped: 0.0000897 seconds, Stopping threads took: 0.0000194 seconds
[2019-12-09T08:38:11.155+0000][1][safepoint    ] Application time: 1.0000766 seconds
[2019-12-09T08:38:11.155+0000][1][safepoint    ] Entering safepoint region: Cleanup
[2019-12-09T08:38:11.155+0000][1][safepoint    ] Leaving safepoint region
[2019-12-09T08:38:11.155+0000][1][safepoint    ] Total time for which application threads were stopped: 0.0000927 seconds, Stopping threads took: 0.0000194 seconds
[2019-12-09T08:38:12.155+0000][1][safepoint    ] Application time: 1.0000767 seconds
[2019-12-09T08:38:12.155+0000][1][safepoint    ] Entering safepoint region: Cleanup
[2019-12-09T08:38:12.155+0000][1][safepoint    ] Leaving safepoint region
[2019-12-09T08:38:12.155+0000][1][safepoint    ] Total time for which application threads were stopped: 0.0000882 seconds, Stopping threads took: 0.0000173 seconds
[2019-12-09T08:38:13.156+0000][1][safepoint    ] Application time: 1.0000744 seconds
[2019-12-09T08:38:13.156+0000][1][safepoint    ] Entering safepoint region: Cleanup
[2019-12-09T08:38:13.156+0000][1][safepoint    ] Leaving safepoint region
[2019-12-09T08:38:13.156+0000][1][safepoint    ] Total time for which application threads were stopped: 0.0000885 seconds, Stopping threads took: 0.0000185 seconds
[2019-12-09T08:38:14.156+0000][1][safepoint    ] Application time: 1.0000752 seconds
[2019-12-09T08:38:14.156+0000][1][safepoint    ] Entering safepoint region: Cleanup
[2019-12-09T08:38:14.156+0000][1][safepoint    ] Leaving safepoint region
[2019-12-09T08:38:14.156+0000][1][safepoint    ] Total time for which application threads were stopped: 0.0000906 seconds, Stopping threads took: 0.0000188 seconds
[2019-12-09T08:38:15.156+0000][1][safepoint    ] Application time: 1.0000844 seconds
[2019-12-09T08:38:15.156+0000][1][safepoint    ] Entering safepoint region: Cleanup
[2019-12-09T08:38:15.156+0000][1][safepoint    ] Leaving safepoint region
[2019-12-09T08:38:15.156+0000][1][safepoint    ] Total time for which application threads were stopped: 0.0000919 seconds, Stopping threads took: 0.0000192 seconds
[2019-12-09T08:38:16.156+0000][1][safepoint    ] Application time: 1.0000765 seconds
[2019-12-09T08:38:16.156+0000][1][safepoint    ] Entering safepoint region: Cleanup
[2019-12-09T08:38:16.156+0000][1][safepoint    ] Leaving safepoint region
[2019-12-09T08:38:16.156+0000][1][safepoint    ] Total time for which application threads were stopped: 0.0000895 seconds, Stopping threads took: 0.0000181 seconds
[2019-12-09T08:38:17.156+0000][1][safepoint    ] Application time: 1.0000783 seconds
[2019-12-09T08:38:17.156+0000][1][safepoint    ] Entering safepoint region: Cleanup
[2019-12-09T08:38:17.156+0000][1][safepoint    ] Leaving safepoint region
[2019-12-09T08:38:17.156+0000][1][safepoint    ] Total time for which application threads were stopped: 0.0000921 seconds, Stopping threads took: 0.0000188 seconds
[2019-12-09T08:38:18.156+0000][1][safepoint    ] Application time: 1.0000550 seconds
[2019-12-09T08:38:18.157+0000][1][safepoint    ] Entering safepoint region: Cleanup
[2019-12-09T08:38:18.157+0000][1][safepoint    ] Leaving safepoint region
[2019-12-09T08:38:18.157+0000][1][safepoint    ] Total time for which application threads were stopped: 0.0000924 seconds, Stopping threads took: 0.0000202 seconds
[2019-12-09T08:38:19.157+0000][1][safepoint    ] Application time: 1.0000783 seconds
[2019-12-09T08:38:19.157+0000][1][safepoint    ] Entering safepoint region: Cleanup
[2019-12-09T08:38:19.157+0000][1][safepoint    ] Leaving safepoint region
[2019-12-09T08:38:19.157+0000][1][safepoint    ] Total time for which application threads were stopped: 0.0000908 seconds, Stopping threads took: 0.0000182 seconds
[2019-12-09T08:38:20.157+0000][1][safepoint    ] Application time: 1.0000776 seconds
[2019-12-09T08:38:20.157+0000][1][safepoint    ] Entering safepoint region: Cleanup
[2019-12-09T08:38:20.157+0000][1][safepoint    ] Leaving safepoint region
[2019-12-09T08:38:20.157+0000][1][safepoint    ] Total time for which application threads were stopped: 0.0000945 seconds, Stopping threads took: 0.0000195 seconds
[2019-12-09T08:38:21.157+0000][1][safepoint    ] Application time: 1.0000808 seconds
[2019-12-09T08:38:21.157+0000][1][safepoint    ] Entering safepoint region: Cleanup
[2019-12-09T08:38:21.157+0000][1][safepoint    ] Leaving safepoint region
[2019-12-09T08:38:21.157+0000][1][safepoint    ] Total time for which application threads were stopped: 0.0000972 seconds, Stopping threads took: 0.0000208 seconds
[2019-12-09T08:38:22.157+0000][1][safepoint    ] Application time: 1.0000801 seconds
[2019-12-09T08:38:22.157+0000][1][safepoint    ] Entering safepoint region: Cleanup
[2019-12-09T08:38:22.157+0000][1][safepoint    ] Leaving safepoint region
[2019-12-09T08:38:22.157+0000][1][safepoint    ] Total time for which application threads were stopped: 0.0000943 seconds, Stopping threads took: 0.0000200 seconds
[2019-12-09T08:38:23.158+0000][1][safepoint    ] Application time: 1.0000792 seconds
[2019-12-09T08:38:23.158+0000][1][safepoint    ] Entering safepoint region: Cleanup
[2019-12-09T08:38:23.158+0000][1][safepoint    ] Leaving safepoint region
[2019-12-09T08:38:23.158+0000][1][safepoint    ] Total time for which application threads were stopped: 0.0001058 seconds, Stopping threads took: 0.0000196 seconds
[2019-12-09T08:38:24.166+0000][1][safepoint    ] Application time: 1.0080600 seconds
[2019-12-09T08:38:24.166+0000][1][safepoint    ] Entering safepoint region: Cleanup
[2019-12-09T08:38:24.166+0000][1][safepoint    ] Leaving safepoint region
[2019-12-09T08:38:24.166+0000][1][safepoint    ] Total time for which application threads were stopped: 0.0000938 seconds, Stopping threads took: 0.0000195 seconds
[2019-12-09T08:38:25.166+0000][1][safepoint    ] Application time: 1.0000842 seconds
[2019-12-09T08:38:25.166+0000][1][safepoint    ] Entering safepoint region: Cleanup
[2019-12-09T08:38:25.166+0000][1][safepoint    ] Leaving safepoint region
[2019-12-09T08:38:25.166+0000][1][safepoint    ] Total time for which application threads were stopped: 0.0000948 seconds, Stopping threads took: 0.0000207 seconds
[2019-12-09T08:38:26.166+0000][1][safepoint    ] Application time: 1.0000782 seconds
[2019-12-09T08:38:26.166+0000][1][safepoint    ] Entering safepoint region: Cleanup
[2019-12-09T08:38:26.166+0000][1][safepoint    ] Leaving safepoint region
[2019-12-09T08:38:26.166+0000][1][safepoint    ] Total time for which application threads were stopped: 0.0000936 seconds, Stopping threads took: 0.0000195 seconds
[2019-12-09T08:38:27.166+0000][1][safepoint    ] Application time: 1.0000808 seconds
[2019-12-09T08:38:27.167+0000][1][safepoint    ] Entering safepoint region: Cleanup
[2019-12-09T08:38:27.167+0000][1][safepoint    ] Leaving safepoint region
[2019-12-09T08:38:27.167+0000][1][safepoint    ] Total time for which application threads were stopped: 0.0000957 seconds, Stopping threads took: 0.0000206 seconds
[2019-12-09T08:38:28.167+0000][1][safepoint    ] Application time: 1.0000753 seconds
[2019-12-09T08:38:28.167+0000][1][safepoint    ] Entering safepoint region: Cleanup
[2019-12-09T08:38:28.167+0000][1][safepoint    ] Leaving safepoint region
[2019-12-09T08:38:28.167+0000][1][safepoint    ] Total time for which application threads were stopped: 0.0000961 seconds, Stopping threads took: 0.0000198 seconds
[2019-12-09T08:38:29.167+0000][1][safepoint    ] Application time: 1.0000771 seconds
[2019-12-09T08:38:29.167+0000][1][safepoint    ] Entering safepoint region: Cleanup
[2019-12-09T08:38:29.167+0000][1][safepoint    ] Leaving safepoint region
[2019-12-09T08:38:29.167+0000][1][safepoint    ] Total time for which application threads were stopped: 0.0000945 seconds, Stopping threads took: 0.0000216 seconds
[2019-12-09T08:38:30.167+0000][1][safepoint    ] Application time: 1.0000809 seconds
[2019-12-09T08:38:30.167+0000][1][safepoint    ] Entering safepoint region: Cleanup
[2019-12-09T08:38:30.167+0000][1][safepoint    ] Leaving safepoint region
[2019-12-09T08:38:30.167+0000][1][safepoint    ] Total time for which application threads were stopped: 0.0000938 seconds, Stopping threads took: 0.0000199 seconds
[2019-12-09T08:38:31.167+0000][1][safepoint    ] Application time: 1.0000799 seconds
[2019-12-09T08:38:31.167+0000][1][safepoint    ] Entering safepoint region: Cleanup
[2019-12-09T08:38:31.167+0000][1][safepoint    ] Leaving safepoint region
[2019-12-09T08:38:31.167+0000][1][safepoint    ] Total time for which application threads were stopped: 0.0000953 seconds, Stopping threads took: 0.0000205 seconds
[2019-12-09T08:38:32.168+0000][1][safepoint    ] Application time: 1.0000790 seconds
[2019-12-09T08:38:32.168+0000][1][safepoint    ] Entering safepoint region: Cleanup
[2019-12-09T08:38:32.168+0000][1][safepoint    ] Leaving safepoint region
[2019-12-09T08:38:32.168+0000][1][safepoint    ] Total time for which application threads were stopped: 0.0001025 seconds, Stopping threads took: 0.0000199 seconds
[2019-12-09T08:38:33.168+0000][1][safepoint    ] Application time: 1.0000769 seconds
[2019-12-09T08:38:33.168+0000][1][safepoint    ] Entering safepoint region: Cleanup
[2019-12-09T08:38:33.168+0000][1][safepoint    ] Leaving safepoint region
[2019-12-09T08:38:33.168+0000][1][safepoint    ] Total time for which application threads were stopped: 0.0000938 seconds, Stopping threads took: 0.0000206 seconds
[2019-12-09T08:38:34.168+0000][1][safepoint    ] Application time: 1.0000801 seconds
[2019-12-09T08:38:34.168+0000][1][safepoint    ] Entering safepoint region: Cleanup
[2019-12-09T08:38:34.168+0000][1][safepoint    ] Leaving safepoint region
[2019-12-09T08:38:34.168+0000][1][safepoint    ] Total time for which application threads were stopped: 0.0000912 seconds, Stopping threads took: 0.0000191 seconds
[2019-12-09T08:38:35.168+0000][1][safepoint    ] Application time: 1.0000796 seconds
[2019-12-09T08:38:35.168+0000][1][safepoint    ] Entering safepoint region: Cleanup
[2019-12-09T08:38:35.168+0000][1][safepoint    ] Leaving safepoint region
[2019-12-09T08:38:35.168+0000][1][safepoint    ] Total time for which application threads were stopped: 0.0000977 seconds, Stopping threads took: 0.0000191 seconds
[2019-12-09T08:38:35.780+0000][1][safepoint    ] Application time: 0.6118358 seconds
[2019-12-09T08:38:35.780+0000][1][safepoint    ] Entering safepoint region: GenCollectForAllocation
[2019-12-09T08:38:35.780+0000][1][gc,start     ] GC(79) Pause Young (Allocation Failure)
[2019-12-09T08:38:35.780+0000][1][gc,task      ] GC(79) Using 2 workers of 2 for evacuation
[2019-12-09T08:38:35.782+0000][1][gc,age       ] GC(79) Desired survivor size 4456448 bytes, new threshold 6 (max threshold 6)
[2019-12-09T08:38:35.782+0000][1][gc,age       ] GC(79) Age table with threshold 6 (max threshold 6)
[2019-12-09T08:38:35.782+0000][1][gc,age       ] GC(79) - age   1:      10800 bytes,      10800 total
[2019-12-09T08:38:35.782+0000][1][gc,age       ] GC(79) - age   2:        336 bytes,      11136 total
[2019-12-09T08:38:35.782+0000][1][gc,age       ] GC(79) - age   3:        584 bytes,      11720 total
[2019-12-09T08:38:35.782+0000][1][gc,age       ] GC(79) - age   4:       6752 bytes,      18472 total
[2019-12-09T08:38:35.782+0000][1][gc,age       ] GC(79) - age   6:        864 bytes,      19336 total
[2019-12-09T08:38:35.782+0000][1][gc,heap      ] GC(79) ParNew: 69968K->24K(78656K)
[2019-12-09T08:38:35.782+0000][1][gc,heap      ] GC(79) CMS: 75193K->75193K(174784K)
[2019-12-09T08:38:35.782+0000][1][gc,metaspace ] GC(79) Metaspace: 79642K->79642K(1122304K)
[2019-12-09T08:38:35.782+0000][1][gc           ] GC(79) Pause Young (Allocation Failure) 141M->73M(247M) 1.723ms
[2019-12-09T08:38:35.782+0000][1][gc,cpu       ] GC(79) User=0.01s Sys=0.00s Real=0.00s
[2019-12-09T08:38:35.782+0000][1][safepoint    ] Leaving safepoint region
[2019-12-09T08:38:35.782+0000][1][safepoint    ] Total time for which application threads were stopped: 0.0019153 seconds, Stopping threads took: 0.0000246 seconds
[2019-12-09T08:38:36.782+0000][1][safepoint    ] Application time: 1.0000921 seconds
[2019-12-09T08:38:36.782+0000][1][safepoint    ] Entering safepoint region: Cleanup
[2019-12-09T08:38:36.782+0000][1][safepoint    ] Leaving safepoint region
[2019-12-09T08:38:36.782+0000][1][safepoint    ] Total time for which application threads were stopped: 0.0000920 seconds, Stopping threads took: 0.0000189 seconds
[2019-12-09T08:38:37.782+0000][1][safepoint    ] Application time: 1.0000774 seconds
[2019-12-09T08:38:37.783+0000][1][safepoint    ] Entering safepoint region: Cleanup
[2019-12-09T08:38:37.783+0000][1][safepoint    ] Leaving safepoint region
[2019-12-09T08:38:37.783+0000][1][safepoint    ] Total time for which application threads were stopped: 0.0000946 seconds, Stopping threads took: 0.0000189 seconds
[2019-12-09T08:38:38.783+0000][1][safepoint    ] Application time: 1.0000762 seconds
[2019-12-09T08:38:38.783+0000][1][safepoint    ] Entering safepoint region: Cleanup
[2019-12-09T08:38:38.783+0000][1][safepoint    ] Leaving safepoint region
[2019-12-09T08:38:38.783+0000][1][safepoint    ] Total time for which application threads were stopped: 0.0000992 seconds, Stopping threads took: 0.0000265 seconds
[2019-12-09T08:38:39.783+0000][1][safepoint    ] Application time: 1.0000766 seconds
[2019-12-09T08:38:39.783+0000][1][safepoint    ] Entering safepoint region: Cleanup
[2019-12-09T08:38:39.783+0000][1][safepoint    ] Leaving safepoint region
[2019-12-09T08:38:39.783+0000][1][safepoint    ] Total time for which application threads were stopped: 0.0000905 seconds, Stopping threads took: 0.0000176 seconds
[2019-12-09T08:38:40.783+0000][1][safepoint    ] Application time: 1.0000770 seconds
[2019-12-09T08:38:40.783+0000][1][safepoint    ] Entering safepoint region: Cleanup
[2019-12-09T08:38:40.783+0000][1][safepoint    ] Leaving safepoint region
[2019-12-09T08:38:40.783+0000][1][safepoint    ] Total time for which application threads were stopped: 0.0000914 seconds, Stopping threads took: 0.0000179 seconds
[2019-12-09T08:38:41.783+0000][1][safepoint    ] Application time: 1.0000803 seconds
[2019-12-09T08:38:41.783+0000][1][safepoint    ] Entering safepoint region: Cleanup
[2019-12-09T08:38:41.783+0000][1][safepoint    ] Leaving safepoint region
[2019-12-09T08:38:41.783+0000][1][safepoint    ] Total time for which application threads were stopped: 0.0000968 seconds, Stopping threads took: 0.0000208 seconds
[2019-12-09T08:38:42.784+0000][1][safepoint    ] Application time: 1.0000821 seconds
[2019-12-09T08:38:42.784+0000][1][safepoint    ] Entering safepoint region: Cleanup
[2019-12-09T08:38:42.784+0000][1][safepoint    ] Leaving safepoint region
[2019-12-09T08:38:42.784+0000][1][safepoint    ] Total time for which application threads were stopped: 0.0001095 seconds, Stopping threads took: 0.0000191 seconds
[2019-12-09T08:38:43.784+0000][1][safepoint    ] Application time: 1.0001289 seconds
[2019-12-09T08:38:43.784+0000][1][safepoint    ] Entering safepoint region: Cleanup
[2019-12-09T08:38:43.784+0000][1][safepoint    ] Leaving safepoint region
[2019-12-09T08:38:43.784+0000][1][safepoint    ] Total time for which application threads were stopped: 0.0000976 seconds, Stopping threads took: 0.0000193 seconds
[2019-12-09T08:38:44.784+0000][1][safepoint    ] Application time: 1.0000992 seconds
[2019-12-09T08:38:44.784+0000][1][safepoint    ] Entering safepoint region: Cleanup
[2019-12-09T08:38:44.784+0000][1][safepoint    ] Leaving safepoint region
[2019-12-09T08:38:44.784+0000][1][safepoint    ] Total time for which application threads were stopped: 0.0001332 seconds, Stopping threads took: 0.0000294 seconds
[2019-12-09T08:38:45.784+0000][1][safepoint    ] Application time: 1.0000879 seconds
[2019-12-09T08:38:45.784+0000][1][safepoint    ] Entering safepoint region: Cleanup
[2019-12-09T08:38:45.785+0000][1][safepoint    ] Leaving safepoint region
[2019-12-09T08:38:45.785+0000][1][safepoint    ] Total time for which application threads were stopped: 0.0001320 seconds, Stopping threads took: 0.0000263 seconds
[2019-12-09T08:38:46.785+0000][1][safepoint    ] Application time: 1.0000842 seconds
[2019-12-09T08:38:46.785+0000][1][safepoint    ] Entering safepoint region: Cleanup
[2019-12-09T08:38:46.785+0000][1][safepoint    ] Leaving safepoint region
[2019-12-09T08:38:46.785+0000][1][safepoint    ] Total time for which application threads were stopped: 0.0001427 seconds, Stopping threads took: 0.0000280 seconds
[2019-12-09T08:38:47.785+0000][1][safepoint    ] Application time: 1.0000818 seconds
[2019-12-09T08:38:47.785+0000][1][safepoint    ] Entering safepoint region: Cleanup
[2019-12-09T08:38:47.785+0000][1][safepoint    ] Leaving safepoint region
[2019-12-09T08:38:47.785+0000][1][safepoint    ] Total time for which application threads were stopped: 0.0001383 seconds, Stopping threads took: 0.0000269 seconds
[2019-12-09T08:38:48.785+0000][1][safepoint    ] Application time: 1.0000774 seconds
[2019-12-09T08:38:48.785+0000][1][safepoint    ] Entering safepoint region: Cleanup
[2019-12-09T08:38:48.785+0000][1][safepoint    ] Leaving safepoint region
[2019-12-09T08:38:48.785+0000][1][safepoint    ] Total time for which application threads were stopped: 0.0000926 seconds, Stopping threads took: 0.0000185 seconds
[2019-12-09T08:38:49.785+0000][1][safepoint    ] Application time: 1.0000735 seconds
[2019-12-09T08:38:49.786+0000][1][safepoint    ] Entering safepoint region: Cleanup
[2019-12-09T08:38:49.786+0000][1][safepoint    ] Leaving safepoint region
[2019-12-09T08:38:49.786+0000][1][safepoint    ] Total time for which application threads were stopped: 0.0000943 seconds, Stopping threads took: 0.0000193 seconds
[2019-12-09T08:38:50.786+0000][1][safepoint    ] Application time: 1.0000756 seconds
[2019-12-09T08:38:50.786+0000][1][safepoint    ] Entering safepoint region: Cleanup
[2019-12-09T08:38:50.786+0000][1][safepoint    ] Leaving safepoint region
[2019-12-09T08:38:50.786+0000][1][safepoint    ] Total time for which application threads were stopped: 0.0000941 seconds, Stopping threads took: 0.0000198 seconds
[2019-12-09T08:38:51.786+0000][1][safepoint    ] Application time: 1.0000755 seconds
[2019-12-09T08:38:51.786+0000][1][safepoint    ] Entering safepoint region: Cleanup
[2019-12-09T08:38:51.786+0000][1][safepoint    ] Leaving safepoint region
[2019-12-09T08:38:51.786+0000][1][safepoint    ] Total time for which application threads were stopped: 0.0000956 seconds, Stopping threads took: 0.0000209 seconds
[2019-12-09T08:38:52.786+0000][1][safepoint    ] Application time: 1.0000763 seconds
[2019-12-09T08:38:52.786+0000][1][safepoint    ] Entering safepoint region: Cleanup
[2019-12-09T08:38:52.786+0000][1][safepoint    ] Leaving safepoint region
[2019-12-09T08:38:52.786+0000][1][safepoint    ] Total time for which application threads were stopped: 0.0000914 seconds, Stopping threads took: 0.0000185 seconds
[2019-12-09T08:38:54.509+0000][1][safepoint    ] Application time: 1.7228757 seconds
[2019-12-09T08:38:54.509+0000][1][safepoint    ] Entering safepoint region: Cleanup
[2019-12-09T08:38:54.509+0000][1][safepoint    ] Leaving safepoint region
[2019-12-09T08:38:54.509+0000][1][safepoint    ] Total time for which application threads were stopped: 0.0000939 seconds, Stopping threads took: 0.0000195 seconds
[2019-12-09T08:38:55.509+0000][1][safepoint    ] Application time: 1.0000768 seconds
[2019-12-09T08:38:55.509+0000][1][safepoint    ] Entering safepoint region: Cleanup
[2019-12-09T08:38:55.509+0000][1][safepoint    ] Leaving safepoint region
[2019-12-09T08:38:55.509+0000][1][safepoint    ] Total time for which application threads were stopped: 0.0000935 seconds, Stopping threads took: 0.0000186 seconds
[2019-12-09T08:38:56.510+0000][1][safepoint    ] Application time: 1.0000790 seconds
[2019-12-09T08:38:56.510+0000][1][safepoint    ] Entering safepoint region: Cleanup
[2019-12-09T08:38:56.510+0000][1][safepoint    ] Leaving safepoint region
[2019-12-09T08:38:56.510+0000][1][safepoint    ] Total time for which application threads were stopped: 0.0001028 seconds, Stopping threads took: 0.0000194 seconds
[2019-12-09T08:38:57.510+0000][1][safepoint    ] Application time: 1.0000775 seconds
[2019-12-09T08:38:57.510+0000][1][safepoint    ] Entering safepoint region: Cleanup
[2019-12-09T08:38:57.510+0000][1][safepoint    ] Leaving safepoint region
[2019-12-09T08:38:57.510+0000][1][safepoint    ] Total time for which application threads were stopped: 0.0000954 seconds, Stopping threads took: 0.0000208 seconds
[2019-12-09T08:38:58.510+0000][1][safepoint    ] Application time: 1.0000749 seconds
[2019-12-09T08:38:58.510+0000][1][safepoint    ] Entering safepoint region: Cleanup
[2019-12-09T08:38:58.510+0000][1][safepoint    ] Leaving safepoint region
[2019-12-09T08:38:58.510+0000][1][safepoint    ] Total time for which application threads were stopped: 0.0000934 seconds, Stopping threads took: 0.0000190 seconds
[2019-12-09T08:38:59.510+0000][1][safepoint    ] Application time: 1.0000764 seconds
[2019-12-09T08:38:59.510+0000][1][safepoint    ] Entering safepoint region: Cleanup
[2019-12-09T08:38:59.510+0000][1][safepoint    ] Leaving safepoint region
[2019-12-09T08:38:59.510+0000][1][safepoint    ] Total time for which application threads were stopped: 0.0000881 seconds, Stopping threads took: 0.0000176 seconds
[2019-12-09T08:39:00.510+0000][1][safepoint    ] Application time: 1.0000778 seconds
[2019-12-09T08:39:00.510+0000][1][safepoint    ] Entering safepoint region: Cleanup
[2019-12-09T08:39:00.511+0000][1][safepoint    ] Leaving safepoint region
[2019-12-09T08:39:00.511+0000][1][safepoint    ] Total time for which application threads were stopped: 0.0000918 seconds, Stopping threads took: 0.0000196 seconds
[2019-12-09T08:39:01.511+0000][1][safepoint    ] Application time: 1.0000774 seconds
[2019-12-09T08:39:01.511+0000][1][safepoint    ] Entering safepoint region: Cleanup
[2019-12-09T08:39:01.511+0000][1][safepoint    ] Leaving safepoint region
[2019-12-09T08:39:01.511+0000][1][safepoint    ] Total time for which application threads were stopped: 0.0000955 seconds, Stopping threads took: 0.0000201 seconds
[2019-12-09T08:39:02.511+0000][1][safepoint    ] Application time: 1.0000790 seconds
[2019-12-09T08:39:02.511+0000][1][safepoint    ] Entering safepoint region: Cleanup
[2019-12-09T08:39:02.511+0000][1][safepoint    ] Leaving safepoint region
[2019-12-09T08:39:02.511+0000][1][safepoint    ] Total time for which application threads were stopped: 0.0000903 seconds, Stopping threads took: 0.0000179 seconds
[2019-12-09T08:39:03.511+0000][1][safepoint    ] Application time: 1.0000755 seconds
[2019-12-09T08:39:03.511+0000][1][safepoint    ] Entering safepoint region: Cleanup
[2019-12-09T08:39:03.511+0000][1][safepoint    ] Leaving safepoint region
[2019-12-09T08:39:03.511+0000][1][safepoint    ] Total time for which application threads were stopped: 0.0000911 seconds, Stopping threads took: 0.0000180 seconds
[2019-12-09T08:39:04.511+0000][1][safepoint    ] Application time: 1.0000773 seconds
[2019-12-09T08:39:04.511+0000][1][safepoint    ] Entering safepoint region: Cleanup
[2019-12-09T08:39:04.511+0000][1][safepoint    ] Leaving safepoint region
[2019-12-09T08:39:04.511+0000][1][safepoint    ] Total time for which application threads were stopped: 0.0000919 seconds, Stopping threads took: 0.0000190 seconds
[2019-12-09T08:39:05.512+0000][1][safepoint    ] Application time: 1.0000872 seconds
[2019-12-09T08:39:05.512+0000][1][safepoint    ] Entering safepoint region: Cleanup
[2019-12-09T08:39:05.512+0000][1][safepoint    ] Leaving safepoint region
[2019-12-09T08:39:05.512+0000][1][safepoint    ] Total time for which application threads were stopped: 0.0001455 seconds, Stopping threads took: 0.0000244 seconds
[2019-12-09T08:39:06.512+0000][1][safepoint    ] Application time: 1.0000750 seconds
[2019-12-09T08:39:06.512+0000][1][safepoint    ] Entering safepoint region: Cleanup
[2019-12-09T08:39:06.512+0000][1][safepoint    ] Leaving safepoint region
[2019-12-09T08:39:06.512+0000][1][safepoint    ] Total time for which application threads were stopped: 0.0000885 seconds, Stopping threads took: 0.0000172 seconds
[2019-12-09T08:39:07.512+0000][1][safepoint    ] Application time: 1.0000797 seconds
[2019-12-09T08:39:07.512+0000][1][safepoint    ] Entering safepoint region: Cleanup
[2019-12-09T08:39:07.512+0000][1][safepoint    ] Leaving safepoint region
[2019-12-09T08:39:07.512+0000][1][safepoint    ] Total time for which application threads were stopped: 0.0000915 seconds, Stopping threads took: 0.0000187 seconds
[2019-12-09T08:39:08.512+0000][1][safepoint    ] Application time: 1.0000846 seconds
[2019-12-09T08:39:08.512+0000][1][safepoint    ] Entering safepoint region: Cleanup
[2019-12-09T08:39:08.512+0000][1][safepoint    ] Leaving safepoint region
[2019-12-09T08:39:08.512+0000][1][safepoint    ] Total time for which application threads were stopped: 0.0001318 seconds, Stopping threads took: 0.0000268 seconds
[2019-12-09T08:39:09.513+0000][1][safepoint    ] Application time: 1.0000851 seconds
[2019-12-09T08:39:09.513+0000][1][safepoint    ] Entering safepoint region: Cleanup
[2019-12-09T08:39:09.513+0000][1][safepoint    ] Leaving safepoint region
[2019-12-09T08:39:09.513+0000][1][safepoint    ] Total time for which application threads were stopped: 0.0001000 seconds, Stopping threads took: 0.0000262 seconds
[2019-12-09T08:39:10.513+0000][1][safepoint    ] Application time: 1.0000766 seconds
[2019-12-09T08:39:10.513+0000][1][safepoint    ] Entering safepoint region: Cleanup
[2019-12-09T08:39:10.513+0000][1][safepoint    ] Leaving safepoint region
[2019-12-09T08:39:10.513+0000][1][safepoint    ] Total time for which application threads were stopped: 0.0000940 seconds, Stopping threads took: 0.0000195 seconds
[2019-12-09T08:39:11.513+0000][1][safepoint    ] Application time: 1.0000763 seconds
[2019-12-09T08:39:11.513+0000][1][safepoint    ] Entering safepoint region: Cleanup
[2019-12-09T08:39:11.513+0000][1][safepoint    ] Leaving safepoint region
[2019-12-09T08:39:11.513+0000][1][safepoint    ] Total time for which application threads were stopped: 0.0000926 seconds, Stopping threads took: 0.0000196 seconds
[2019-12-09T08:39:12.513+0000][1][safepoint    ] Application time: 1.0000755 seconds
[2019-12-09T08:39:12.513+0000][1][safepoint    ] Entering safepoint region: Cleanup
[2019-12-09T08:39:12.513+0000][1][safepoint    ] Leaving safepoint region
[2019-12-09T08:39:12.513+0000][1][safepoint    ] Total time for which application threads were stopped: 0.0000954 seconds, Stopping threads took: 0.0000174 seconds
[2019-12-09T08:39:13.513+0000][1][safepoint    ] Application time: 1.0000806 seconds
[2019-12-09T08:39:13.513+0000][1][safepoint    ] Entering safepoint region: Cleanup
[2019-12-09T08:39:13.513+0000][1][safepoint    ] Leaving safepoint region
[2019-12-09T08:39:13.514+0000][1][safepoint    ] Total time for which application threads were stopped: 0.0000962 seconds, Stopping threads took: 0.0000189 seconds
[2019-12-09T08:39:14.514+0000][1][safepoint    ] Application time: 1.0000774 seconds
[2019-12-09T08:39:14.514+0000][1][safepoint    ] Entering safepoint region: Cleanup
[2019-12-09T08:39:14.514+0000][1][safepoint    ] Leaving safepoint region
[2019-12-09T08:39:14.514+0000][1][safepoint    ] Total time for which application threads were stopped: 0.0001033 seconds, Stopping threads took: 0.0000183 seconds
[2019-12-09T08:39:15.514+0000][1][safepoint    ] Application time: 1.0000764 seconds
[2019-12-09T08:39:15.514+0000][1][safepoint    ] Entering safepoint region: Cleanup
[2019-12-09T08:39:15.514+0000][1][safepoint    ] Leaving safepoint region
[2019-12-09T08:39:15.514+0000][1][safepoint    ] Total time for which application threads were stopped: 0.0000919 seconds, Stopping threads took: 0.0000186 seconds
[2019-12-09T08:39:16.514+0000][1][safepoint    ] Application time: 1.0000784 seconds
[2019-12-09T08:39:16.514+0000][1][safepoint    ] Entering safepoint region: Cleanup
[2019-12-09T08:39:16.514+0000][1][safepoint    ] Leaving safepoint region
[2019-12-09T08:39:16.514+0000][1][safepoint    ] Total time for which application threads were stopped: 0.0000924 seconds, Stopping threads took: 0.0000196 seconds
[2019-12-09T08:39:17.514+0000][1][safepoint    ] Application time: 1.0000761 seconds
[2019-12-09T08:39:17.514+0000][1][safepoint    ] Entering safepoint region: Cleanup
[2019-12-09T08:39:17.514+0000][1][safepoint    ] Leaving safepoint region
[2019-12-09T08:39:17.514+0000][1][safepoint    ] Total time for which application threads were stopped: 0.0000913 seconds, Stopping threads took: 0.0000183 seconds
[2019-12-09T08:39:18.514+0000][1][safepoint    ] Application time: 1.0000766 seconds
[2019-12-09T08:39:18.515+0000][1][safepoint    ] Entering safepoint region: Cleanup
[2019-12-09T08:39:18.515+0000][1][safepoint    ] Leaving safepoint region
[2019-12-09T08:39:18.515+0000][1][safepoint    ] Total time for which application threads were stopped: 0.0000928 seconds, Stopping threads took: 0.0000202 seconds
[2019-12-09T08:39:19.515+0000][1][safepoint    ] Application time: 1.0000770 seconds
[2019-12-09T08:39:19.515+0000][1][safepoint    ] Entering safepoint region: Cleanup
[2019-12-09T08:39:19.515+0000][1][safepoint    ] Leaving safepoint region
[2019-12-09T08:39:19.515+0000][1][safepoint    ] Total time for which application threads were stopped: 0.0000992 seconds, Stopping threads took: 0.0000247 seconds
[2019-12-09T08:39:20.515+0000][1][safepoint    ] Application time: 1.0000771 seconds
[2019-12-09T08:39:20.515+0000][1][safepoint    ] Entering safepoint region: Cleanup
[2019-12-09T08:39:20.515+0000][1][safepoint    ] Leaving safepoint region
[2019-12-09T08:39:20.515+0000][1][safepoint    ] Total time for which application threads were stopped: 0.0000937 seconds, Stopping threads took: 0.0000187 seconds
[2019-12-09T08:39:21.515+0000][1][safepoint    ] Application time: 1.0000771 seconds
[2019-12-09T08:39:21.515+0000][1][safepoint    ] Entering safepoint region: Cleanup
[2019-12-09T08:39:21.515+0000][1][safepoint    ] Leaving safepoint region
[2019-12-09T08:39:21.515+0000][1][safepoint    ] Total time for which application threads were stopped: 0.0000922 seconds, Stopping threads took: 0.0000194 seconds
[2019-12-09T08:39:22.515+0000][1][safepoint    ] Application time: 1.0000751 seconds
[2019-12-09T08:39:22.515+0000][1][safepoint    ] Entering safepoint region: Cleanup
[2019-12-09T08:39:22.515+0000][1][safepoint    ] Leaving safepoint region
[2019-12-09T08:39:22.515+0000][1][safepoint    ] Total time for which application threads were stopped: 0.0000940 seconds, Stopping threads took: 0.0000198 seconds
[2019-12-09T08:39:23.516+0000][1][safepoint    ] Application time: 1.0000747 seconds
[2019-12-09T08:39:23.516+0000][1][safepoint    ] Entering safepoint region: Cleanup
[2019-12-09T08:39:23.516+0000][1][safepoint    ] Leaving safepoint region
[2019-12-09T08:39:23.516+0000][1][safepoint    ] Total time for which application threads were stopped: 0.0000916 seconds, Stopping threads took: 0.0000188 seconds
[2019-12-09T08:39:24.516+0000][1][safepoint    ] Application time: 1.0000805 seconds
[2019-12-09T08:39:24.516+0000][1][safepoint    ] Entering safepoint region: Cleanup
[2019-12-09T08:39:24.516+0000][1][safepoint    ] Leaving safepoint region
[2019-12-09T08:39:24.516+0000][1][safepoint    ] Total time for which application threads were stopped: 0.0000888 seconds, Stopping threads took: 0.0000181 seconds
[2019-12-09T08:39:25.516+0000][1][safepoint    ] Application time: 1.0000770 seconds
[2019-12-09T08:39:25.516+0000][1][safepoint    ] Entering safepoint region: Cleanup
[2019-12-09T08:39:25.516+0000][1][safepoint    ] Leaving safepoint region
[2019-12-09T08:39:25.516+0000][1][safepoint    ] Total time for which application threads were stopped: 0.0000934 seconds, Stopping threads took: 0.0000189 seconds
[2019-12-09T08:39:26.516+0000][1][safepoint    ] Application time: 1.0000750 seconds
[2019-12-09T08:39:26.516+0000][1][safepoint    ] Entering safepoint region: Cleanup
[2019-12-09T08:39:26.516+0000][1][safepoint    ] Leaving safepoint region
[2019-12-09T08:39:26.516+0000][1][safepoint    ] Total time for which application threads were stopped: 0.0000888 seconds, Stopping threads took: 0.0000172 seconds
[2019-12-09T08:39:27.516+0000][1][safepoint    ] Application time: 1.0000753 seconds
[2019-12-09T08:39:27.516+0000][1][safepoint    ] Entering safepoint region: Cleanup
[2019-12-09T08:39:27.517+0000][1][safepoint    ] Leaving safepoint region
[2019-12-09T08:39:27.517+0000][1][safepoint    ] Total time for which application threads were stopped: 0.0000897 seconds, Stopping threads took: 0.0000189 seconds
[2019-12-09T08:39:28.517+0000][1][safepoint    ] Application time: 1.0000770 seconds
[2019-12-09T08:39:28.517+0000][1][safepoint    ] Entering safepoint region: Cleanup
[2019-12-09T08:39:28.517+0000][1][safepoint    ] Leaving safepoint region
[2019-12-09T08:39:28.517+0000][1][safepoint    ] Total time for which application threads were stopped: 0.0001034 seconds, Stopping threads took: 0.0000185 seconds
[2019-12-09T08:39:29.517+0000][1][safepoint    ] Application time: 1.0000786 seconds
[2019-12-09T08:39:29.517+0000][1][safepoint    ] Entering safepoint region: Cleanup
[2019-12-09T08:39:29.517+0000][1][safepoint    ] Leaving safepoint region
[2019-12-09T08:39:29.517+0000][1][safepoint    ] Total time for which application threads were stopped: 0.0000930 seconds, Stopping threads took: 0.0000188 seconds
[2019-12-09T08:39:30.517+0000][1][safepoint    ] Application time: 1.0000775 seconds
[2019-12-09T08:39:30.517+0000][1][safepoint    ] Entering safepoint region: Cleanup
[2019-12-09T08:39:30.517+0000][1][safepoint    ] Leaving safepoint region
[2019-12-09T08:39:30.517+0000][1][safepoint    ] Total time for which application threads were stopped: 0.0000923 seconds, Stopping threads took: 0.0000188 seconds
[2019-12-09T08:39:31.517+0000][1][safepoint    ] Application time: 1.0000992 seconds
[2019-12-09T08:39:31.517+0000][1][safepoint    ] Entering safepoint region: Cleanup
[2019-12-09T08:39:31.517+0000][1][safepoint    ] Leaving safepoint region
[2019-12-09T08:39:31.517+0000][1][safepoint    ] Total time for which application threads were stopped: 0.0001274 seconds, Stopping threads took: 0.0000268 seconds
[2019-12-09T08:39:32.518+0000][1][safepoint    ] Application time: 1.0000859 seconds
[2019-12-09T08:39:32.518+0000][1][safepoint    ] Entering safepoint region: Cleanup
[2019-12-09T08:39:32.518+0000][1][safepoint    ] Leaving safepoint region
[2019-12-09T08:39:32.518+0000][1][safepoint    ] Total time for which application threads were stopped: 0.0001061 seconds, Stopping threads took: 0.0000212 seconds
[2019-12-09T08:40:28.882+0000][1][safepoint    ] Application time: 56.3640111 seconds
[2019-12-09T08:40:28.882+0000][1][safepoint    ] Entering safepoint region: GenCollectForAllocation
[2019-12-09T08:40:28.882+0000][1][gc,start     ] GC(80) Pause Young (Allocation Failure)
[2019-12-09T08:40:28.882+0000][1][gc,task      ] GC(80) Using 2 workers of 2 for evacuation
[2019-12-09T08:40:28.883+0000][1][gc,age       ] GC(80) Desired survivor size 4456448 bytes, new threshold 6 (max threshold 6)
[2019-12-09T08:40:28.883+0000][1][gc,age       ] GC(80) Age table with threshold 6 (max threshold 6)
[2019-12-09T08:40:28.884+0000][1][gc,age       ] GC(80) - age   1:      10688 bytes,      10688 total
[2019-12-09T08:40:28.884+0000][1][gc,age       ] GC(80) - age   2:       2064 bytes,      12752 total
[2019-12-09T08:40:28.884+0000][1][gc,age       ] GC(80) - age   3:        336 bytes,      13088 total
[2019-12-09T08:40:28.884+0000][1][gc,age       ] GC(80) - age   4:        584 bytes,      13672 total
[2019-12-09T08:40:28.884+0000][1][gc,age       ] GC(80) - age   5:       6752 bytes,      20424 total
[2019-12-09T08:40:28.884+0000][1][gc,heap      ] GC(80) ParNew: 69976K->36K(78656K)
[2019-12-09T08:40:28.884+0000][1][gc,heap      ] GC(80) CMS: 75193K->75194K(174784K)
[2019-12-09T08:40:28.884+0000][1][gc,metaspace ] GC(80) Metaspace: 79644K->79644K(1122304K)
[2019-12-09T08:40:28.884+0000][1][gc           ] GC(80) Pause Young (Allocation Failure) 141M->73M(247M) 1.707ms
[2019-12-09T08:40:28.884+0000][1][gc,cpu       ] GC(80) User=0.00s Sys=0.00s Real=0.00s
[2019-12-09T08:40:28.884+0000][1][safepoint    ] Leaving safepoint region
[2019-12-09T08:40:28.884+0000][1][safepoint    ] Total time for which application threads were stopped: 0.0018796 seconds, Stopping threads took: 0.0000257 seconds
[2019-12-09T08:41:13.887+0000][1][safepoint    ] Application time: 45.0030060 seconds
[2019-12-09T08:41:13.887+0000][1][safepoint    ] Entering safepoint region: Cleanup
[2019-12-09T08:41:13.887+0000][1][safepoint    ] Leaving safepoint region
[2019-12-09T08:41:13.887+0000][1][safepoint    ] Total time for which application threads were stopped: 0.0001081 seconds, Stopping threads took: 0.0000323 seconds
[2019-12-09T08:41:53.889+0000][1][safepoint    ] Application time: 40.0027228 seconds
[2019-12-09T08:41:53.890+0000][1][safepoint    ] Entering safepoint region: Cleanup
[2019-12-09T08:41:53.890+0000][1][safepoint    ] Leaving safepoint region
[2019-12-09T08:41:53.890+0000][1][safepoint    ] Total time for which application threads were stopped: 0.0001137 seconds, Stopping threads took: 0.0000251 seconds
[2019-12-09T08:42:21.922+0000][1][safepoint    ] Application time: 28.0319209 seconds
[2019-12-09T08:42:21.922+0000][1][safepoint    ] Entering safepoint region: GenCollectForAllocation
[2019-12-09T08:42:21.922+0000][1][gc,start     ] GC(81) Pause Young (Allocation Failure)
[2019-12-09T08:42:21.922+0000][1][gc,task      ] GC(81) Using 2 workers of 2 for evacuation
[2019-12-09T08:42:21.923+0000][1][gc,age       ] GC(81) Desired survivor size 4456448 bytes, new threshold 6 (max threshold 6)
[2019-12-09T08:42:21.923+0000][1][gc,age       ] GC(81) Age table with threshold 6 (max threshold 6)
[2019-12-09T08:42:21.923+0000][1][gc,age       ] GC(81) - age   1:       9328 bytes,       9328 total
[2019-12-09T08:42:21.923+0000][1][gc,age       ] GC(81) - age   2:        736 bytes,      10064 total
[2019-12-09T08:42:21.923+0000][1][gc,age       ] GC(81) - age   3:       2064 bytes,      12128 total
[2019-12-09T08:42:21.923+0000][1][gc,age       ] GC(81) - age   4:        216 bytes,      12344 total
[2019-12-09T08:42:21.923+0000][1][gc,age       ] GC(81) - age   5:        584 bytes,      12928 total
[2019-12-09T08:42:21.923+0000][1][gc,age       ] GC(81) - age   6:       6480 bytes,      19408 total
[2019-12-09T08:42:21.923+0000][1][gc,heap      ] GC(81) ParNew: 69988K->24K(78656K)
[2019-12-09T08:42:21.923+0000][1][gc,heap      ] GC(81) CMS: 75194K->75194K(174784K)
[2019-12-09T08:42:21.923+0000][1][gc,metaspace ] GC(81) Metaspace: 79645K->79645K(1122304K)
[2019-12-09T08:42:21.923+0000][1][gc           ] GC(81) Pause Young (Allocation Failure) 141M->73M(247M) 1.702ms
[2019-12-09T08:42:21.923+0000][1][gc,cpu       ] GC(81) User=0.01s Sys=0.00s Real=0.00s
[2019-12-09T08:42:21.923+0000][1][safepoint    ] Leaving safepoint region
[2019-12-09T08:42:21.923+0000][1][safepoint    ] Total time for which application threads were stopped: 0.0019100 seconds, Stopping threads took: 0.0000534 seconds
[2019-12-09T08:42:30.924+0000][1][safepoint    ] Application time: 9.0006517 seconds
[2019-12-09T08:42:30.924+0000][1][safepoint    ] Entering safepoint region: Cleanup
[2019-12-09T08:42:30.924+0000][1][safepoint    ] Leaving safepoint region
[2019-12-09T08:42:30.924+0000][1][safepoint    ] Total time for which application threads were stopped: 0.0001320 seconds, Stopping threads took: 0.0000258 seconds
[2019-12-09T08:44:13.959+0000][1][safepoint    ] Application time: 103.0345879 seconds
[2019-12-09T08:44:13.959+0000][1][safepoint    ] Entering safepoint region: GenCollectForAllocation
[2019-12-09T08:44:13.959+0000][1][gc,start     ] GC(82) Pause Young (Allocation Failure)
[2019-12-09T08:44:13.959+0000][1][gc,task      ] GC(82) Using 2 workers of 2 for evacuation
[2019-12-09T08:44:13.961+0000][1][gc,age       ] GC(82) Desired survivor size 4456448 bytes, new threshold 6 (max threshold 6)
[2019-12-09T08:44:13.961+0000][1][gc,age       ] GC(82) Age table with threshold 6 (max threshold 6)
[2019-12-09T08:44:13.961+0000][1][gc,age       ] GC(82) - age   1:       9560 bytes,       9560 total
[2019-12-09T08:44:13.961+0000][1][gc,age       ] GC(82) - age   2:       1120 bytes,      10680 total
[2019-12-09T08:44:13.961+0000][1][gc,age       ] GC(82) - age   3:        736 bytes,      11416 total
[2019-12-09T08:44:13.961+0000][1][gc,age       ] GC(82) - age   4:       1944 bytes,      13360 total
[2019-12-09T08:44:13.961+0000][1][gc,age       ] GC(82) - age   5:        216 bytes,      13576 total
[2019-12-09T08:44:13.961+0000][1][gc,age       ] GC(82) - age   6:        584 bytes,      14160 total
[2019-12-09T08:44:13.961+0000][1][gc,heap      ] GC(82) ParNew: 69976K->17K(78656K)
[2019-12-09T08:44:13.961+0000][1][gc,heap      ] GC(82) CMS: 75194K->75200K(174784K)
[2019-12-09T08:44:13.961+0000][1][gc,metaspace ] GC(82) Metaspace: 79645K->79645K(1122304K)
[2019-12-09T08:44:13.961+0000][1][gc           ] GC(82) Pause Young (Allocation Failure) 141M->73M(247M) 1.742ms
[2019-12-09T08:44:13.961+0000][1][gc,cpu       ] GC(82) User=0.00s Sys=0.00s Real=0.00s
[2019-12-09T08:44:13.961+0000][1][safepoint    ] Leaving safepoint region
[2019-12-09T08:44:13.961+0000][1][safepoint    ] Total time for which application threads were stopped: 0.0019174 seconds, Stopping threads took: 0.0000274 seconds
[2019-12-09T08:44:21.961+0000][1][safepoint    ] Application time: 8.0005588 seconds
[2019-12-09T08:44:21.962+0000][1][safepoint    ] Entering safepoint region: Cleanup
[2019-12-09T08:44:21.962+0000][1][safepoint    ] Leaving safepoint region
[2019-12-09T08:44:21.962+0000][1][safepoint    ] Total time for which application threads were stopped: 0.0000935 seconds, Stopping threads took: 0.0000179 seconds
[2019-12-09T08:45:01.964+0000][1][safepoint    ] Application time: 40.0026615 seconds
[2019-12-09T08:45:01.964+0000][1][safepoint    ] Entering safepoint region: Cleanup
[2019-12-09T08:45:01.964+0000][1][safepoint    ] Leaving safepoint region
[2019-12-09T08:45:01.964+0000][1][safepoint    ] Total time for which application threads were stopped: 0.0001035 seconds, Stopping threads took: 0.0000226 seconds
[2019-12-09T08:45:07.965+0000][1][safepoint    ] Application time: 6.0004116 seconds
[2019-12-09T08:45:07.965+0000][1][safepoint    ] Entering safepoint region: Cleanup
[2019-12-09T08:45:07.965+0000][1][safepoint    ] Leaving safepoint region
[2019-12-09T08:45:07.965+0000][1][safepoint    ] Total time for which application threads were stopped: 0.0001061 seconds, Stopping threads took: 0.0000286 seconds
[2019-12-09T08:45:13.965+0000][1][safepoint    ] Application time: 6.0004190 seconds
[2019-12-09T08:45:13.965+0000][1][safepoint    ] Entering safepoint region: Cleanup
[2019-12-09T08:45:13.966+0000][1][safepoint    ] Leaving safepoint region
[2019-12-09T08:45:13.966+0000][1][safepoint    ] Total time for which application threads were stopped: 0.0000958 seconds, Stopping threads took: 0.0000181 seconds
[2019-12-09T08:45:56.970+0000][1][safepoint    ] Application time: 43.0041189 seconds
[2019-12-09T08:45:56.970+0000][1][safepoint    ] Entering safepoint region: Cleanup
[2019-12-09T08:45:56.970+0000][1][safepoint    ] Leaving safepoint region
[2019-12-09T08:45:56.970+0000][1][safepoint    ] Total time for which application threads were stopped: 0.0000947 seconds, Stopping threads took: 0.0000166 seconds
[2019-12-09T08:45:57.970+0000][1][safepoint    ] Application time: 1.0000756 seconds
[2019-12-09T08:45:57.970+0000][1][safepoint    ] Entering safepoint region: Cleanup
[2019-12-09T08:45:57.970+0000][1][safepoint    ] Leaving safepoint region
[2019-12-09T08:45:57.970+0000][1][safepoint    ] Total time for which application threads were stopped: 0.0001184 seconds, Stopping threads took: 0.0000166 seconds
[2019-12-09T08:46:09.006+0000][1][safepoint    ] Application time: 11.0359359 seconds
[2019-12-09T08:46:09.006+0000][1][safepoint    ] Entering safepoint region: GenCollectForAllocation
[2019-12-09T08:46:09.006+0000][1][gc,start     ] GC(83) Pause Young (Allocation Failure)
[2019-12-09T08:46:09.006+0000][1][gc,task      ] GC(83) Using 2 workers of 2 for evacuation
[2019-12-09T08:46:09.033+0000][1][gc,age       ] GC(83) Desired survivor size 4456448 bytes, new threshold 6 (max threshold 6)
[2019-12-09T08:46:09.033+0000][1][gc,age       ] GC(83) Age table with threshold 6 (max threshold 6)
[2019-12-09T08:46:09.033+0000][1][gc,age       ] GC(83) - age   1:       9120 bytes,       9120 total
[2019-12-09T08:46:09.033+0000][1][gc,age       ] GC(83) - age   2:        240 bytes,       9360 total
[2019-12-09T08:46:09.033+0000][1][gc,age       ] GC(83) - age   3:        968 bytes,      10328 total
[2019-12-09T08:46:09.033+0000][1][gc,age       ] GC(83) - age   4:        616 bytes,      10944 total
[2019-12-09T08:46:09.033+0000][1][gc,age       ] GC(83) - age   5:       1944 bytes,      12888 total
[2019-12-09T08:46:09.033+0000][1][gc,age       ] GC(83) - age   6:        216 bytes,      13104 total
[2019-12-09T08:46:09.033+0000][1][gc,heap      ] GC(83) ParNew: 69969K->14K(78656K)
[2019-12-09T08:46:09.033+0000][1][gc,heap      ] GC(83) CMS: 75200K->75201K(174784K)
[2019-12-09T08:46:09.033+0000][1][gc,metaspace ] GC(83) Metaspace: 79646K->79646K(1122304K)
[2019-12-09T08:46:09.033+0000][1][gc           ] GC(83) Pause Young (Allocation Failure) 141M->73M(247M) 26.932ms
[2019-12-09T08:46:09.033+0000][1][gc,cpu       ] GC(83) User=0.01s Sys=0.00s Real=0.02s
[2019-12-09T08:46:09.033+0000][1][safepoint    ] Leaving safepoint region
[2019-12-09T08:46:09.033+0000][1][safepoint    ] Total time for which application threads were stopped: 0.0271708 seconds, Stopping threads took: 0.0000341 seconds
[2019-12-09T08:47:14.038+0000][1][safepoint    ] Application time: 65.0048290 seconds
[2019-12-09T08:47:14.038+0000][1][safepoint    ] Entering safepoint region: Cleanup
[2019-12-09T08:47:14.038+0000][1][safepoint    ] Leaving safepoint region
[2019-12-09T08:47:14.038+0000][1][safepoint    ] Total time for which application threads were stopped: 0.0001047 seconds, Stopping threads took: 0.0000255 seconds
[2019-12-09T08:47:42.040+0000][1][safepoint    ] Application time: 28.0019028 seconds
[2019-12-09T08:47:42.040+0000][1][safepoint    ] Entering safepoint region: Cleanup
[2019-12-09T08:47:42.040+0000][1][safepoint    ] Leaving safepoint region
[2019-12-09T08:47:42.040+0000][1][safepoint    ] Total time for which application threads were stopped: 0.0001032 seconds, Stopping threads took: 0.0000261 seconds
[2019-12-09T08:48:03.032+0000][1][safepoint    ] Application time: 20.9921260 seconds
[2019-12-09T08:48:03.032+0000][1][safepoint    ] Entering safepoint region: GenCollectForAllocation
[2019-12-09T08:48:03.033+0000][1][gc,start     ] GC(84) Pause Young (Allocation Failure)
[2019-12-09T08:48:03.033+0000][1][gc,task      ] GC(84) Using 2 workers of 2 for evacuation
[2019-12-09T08:48:03.034+0000][1][gc,age       ] GC(84) Desired survivor size 4456448 bytes, new threshold 6 (max threshold 6)
[2019-12-09T08:48:03.034+0000][1][gc,age       ] GC(84) Age table with threshold 6 (max threshold 6)
[2019-12-09T08:48:03.034+0000][1][gc,age       ] GC(84) - age   1:      10632 bytes,      10632 total
[2019-12-09T08:48:03.034+0000][1][gc,age       ] GC(84) - age   3:        240 bytes,      10872 total
[2019-12-09T08:48:03.034+0000][1][gc,age       ] GC(84) - age   4:        968 bytes,      11840 total
[2019-12-09T08:48:03.034+0000][1][gc,age       ] GC(84) - age   5:        616 bytes,      12456 total
[2019-12-09T08:48:03.034+0000][1][gc,age       ] GC(84) - age   6:       1944 bytes,      14400 total
[2019-12-09T08:48:03.034+0000][1][gc,heap      ] GC(84) ParNew: 69923K->19K(78656K)
[2019-12-09T08:48:03.034+0000][1][gc,heap      ] GC(84) CMS: 75201K->75201K(174784K)
[2019-12-09T08:48:03.034+0000][1][gc,metaspace ] GC(84) Metaspace: 79652K->79652K(1122304K)
[2019-12-09T08:48:03.034+0000][1][gc           ] GC(84) Pause Young (Allocation Failure) 141M->73M(247M) 1.735ms
[2019-12-09T08:48:03.034+0000][1][gc,cpu       ] GC(84) User=0.00s Sys=0.00s Real=0.00s
[2019-12-09T08:48:03.034+0000][1][safepoint    ] Leaving safepoint region
[2019-12-09T08:48:03.034+0000][1][safepoint    ] Total time for which application threads were stopped: 0.0019409 seconds, Stopping threads took: 0.0000353 seconds
[2019-12-09T08:48:31.036+0000][1][safepoint    ] Application time: 28.0019645 seconds
[2019-12-09T08:48:31.036+0000][1][safepoint    ] Entering safepoint region: Cleanup
[2019-12-09T08:48:31.036+0000][1][safepoint    ] Leaving safepoint region
[2019-12-09T08:48:31.036+0000][1][safepoint    ] Total time for which application threads were stopped: 0.0001060 seconds, Stopping threads took: 0.0000283 seconds
[2019-12-09T08:49:31.041+0000][1][safepoint    ] Application time: 60.0041171 seconds
[2019-12-09T08:49:31.041+0000][1][safepoint    ] Entering safepoint region: Cleanup
[2019-12-09T08:49:31.041+0000][1][safepoint    ] Leaving safepoint region
[2019-12-09T08:49:31.041+0000][1][safepoint    ] Total time for which application threads were stopped: 0.0001207 seconds, Stopping threads took: 0.0000276 seconds
[2019-12-09T08:49:54.131+0000][1][safepoint    ] Application time: 23.0901560 seconds
[2019-12-09T08:49:54.131+0000][1][safepoint    ] Entering safepoint region: GenCollectForAllocation
[2019-12-09T08:49:54.131+0000][1][gc,start     ] GC(85) Pause Young (Allocation Failure)
[2019-12-09T08:49:54.131+0000][1][gc,task      ] GC(85) Using 2 workers of 2 for evacuation
[2019-12-09T08:49:54.133+0000][1][gc,age       ] GC(85) Desired survivor size 4456448 bytes, new threshold 6 (max threshold 6)
[2019-12-09T08:49:54.133+0000][1][gc,age       ] GC(85) Age table with threshold 6 (max threshold 6)
[2019-12-09T08:49:54.133+0000][1][gc,age       ] GC(85) - age   1:       8392 bytes,       8392 total
[2019-12-09T08:49:54.133+0000][1][gc,age       ] GC(85) - age   2:        992 bytes,       9384 total
[2019-12-09T08:49:54.133+0000][1][gc,age       ] GC(85) - age   4:        240 bytes,       9624 total
[2019-12-09T08:49:54.133+0000][1][gc,age       ] GC(85) - age   5:        968 bytes,      10592 total
[2019-12-09T08:49:54.133+0000][1][gc,age       ] GC(85) - age   6:        616 bytes,      11208 total
[2019-12-09T08:49:54.133+0000][1][gc,heap      ] GC(85) ParNew: 69971K->20K(78656K)
[2019-12-09T08:49:54.133+0000][1][gc,heap      ] GC(85) CMS: 75201K->75203K(174784K)
[2019-12-09T08:49:54.133+0000][1][gc,metaspace ] GC(85) Metaspace: 79654K->79654K(1122304K)
[2019-12-09T08:49:54.133+0000][1][gc           ] GC(85) Pause Young (Allocation Failure) 141M->73M(247M) 1.647ms
[2019-12-09T08:49:54.133+0000][1][gc,cpu       ] GC(85) User=0.01s Sys=0.00s Real=0.00s
[2019-12-09T08:49:54.133+0000][1][safepoint    ] Leaving safepoint region
[2019-12-09T08:49:54.133+0000][1][safepoint    ] Total time for which application threads were stopped: 0.0018164 seconds, Stopping threads took: 0.0000271 seconds
[2019-12-09T08:50:43.136+0000][1][safepoint    ] Application time: 49.0032126 seconds
[2019-12-09T08:50:43.136+0000][1][safepoint    ] Entering safepoint region: Cleanup
[2019-12-09T08:50:43.136+0000][1][safepoint    ] Leaving safepoint region
[2019-12-09T08:50:43.136+0000][1][safepoint    ] Total time for which application threads were stopped: 0.0001007 seconds, Stopping threads took: 0.0000169 seconds
[2019-12-09T08:50:46.136+0000][1][safepoint    ] Application time: 3.0002096 seconds
[2019-12-09T08:50:46.136+0000][1][safepoint    ] Entering safepoint region: Cleanup
[2019-12-09T08:50:46.136+0000][1][safepoint    ] Leaving safepoint region
[2019-12-09T08:50:46.136+0000][1][safepoint    ] Total time for which application threads were stopped: 0.0000936 seconds, Stopping threads took: 0.0000178 seconds
[2019-12-09T08:50:49.137+0000][1][safepoint    ] Application time: 3.0002140 seconds
[2019-12-09T08:50:49.137+0000][1][safepoint    ] Entering safepoint region: Cleanup
[2019-12-09T08:50:49.137+0000][1][safepoint    ] Leaving safepoint region
[2019-12-09T08:50:49.137+0000][1][safepoint    ] Total time for which application threads were stopped: 0.0000925 seconds, Stopping threads took: 0.0000168 seconds
[2019-12-09T08:51:05.138+0000][1][safepoint    ] Application time: 16.0010729 seconds
[2019-12-09T08:51:05.138+0000][1][safepoint    ] Entering safepoint region: Cleanup
[2019-12-09T08:51:05.138+0000][1][safepoint    ] Leaving safepoint region
[2019-12-09T08:51:05.138+0000][1][safepoint    ] Total time for which application threads were stopped: 0.0000893 seconds, Stopping threads took: 0.0000165 seconds
[2019-12-09T08:51:06.138+0000][1][safepoint    ] Application time: 1.0000738 seconds
[2019-12-09T08:51:06.138+0000][1][safepoint    ] Entering safepoint region: Cleanup
[2019-12-09T08:51:06.138+0000][1][safepoint    ] Leaving safepoint region
[2019-12-09T08:51:06.138+0000][1][safepoint    ] Total time for which application threads were stopped: 0.0000863 seconds, Stopping threads took: 0.0000170 seconds
[2019-12-09T08:51:07.138+0000][1][safepoint    ] Application time: 1.0000748 seconds
[2019-12-09T08:51:07.138+0000][1][safepoint    ] Entering safepoint region: Cleanup
[2019-12-09T08:51:07.138+0000][1][safepoint    ] Leaving safepoint region
[2019-12-09T08:51:07.138+0000][1][safepoint    ] Total time for which application threads were stopped: 0.0000892 seconds, Stopping threads took: 0.0000230 seconds
[2019-12-09T08:51:08.139+0000][1][safepoint    ] Application time: 1.0000738 seconds
[2019-12-09T08:51:08.139+0000][1][safepoint    ] Entering safepoint region: Cleanup
[2019-12-09T08:51:08.139+0000][1][safepoint    ] Leaving safepoint region
[2019-12-09T08:51:08.139+0000][1][safepoint    ] Total time for which application threads were stopped: 0.0000869 seconds, Stopping threads took: 0.0000168 seconds
[2019-12-09T08:51:09.139+0000][1][safepoint    ] Application time: 1.0000749 seconds
[2019-12-09T08:51:09.139+0000][1][safepoint    ] Entering safepoint region: Cleanup
[2019-12-09T08:51:09.139+0000][1][safepoint    ] Leaving safepoint region
[2019-12-09T08:51:09.139+0000][1][safepoint    ] Total time for which application threads were stopped: 0.0000897 seconds, Stopping threads took: 0.0000161 seconds
[2019-12-09T08:51:10.139+0000][1][safepoint    ] Application time: 1.0000736 seconds
[2019-12-09T08:51:10.139+0000][1][safepoint    ] Entering safepoint region: Cleanup
[2019-12-09T08:51:10.139+0000][1][safepoint    ] Leaving safepoint region
[2019-12-09T08:51:10.139+0000][1][safepoint    ] Total time for which application threads were stopped: 0.0000853 seconds, Stopping threads took: 0.0000171 seconds
[2019-12-09T08:51:11.139+0000][1][safepoint    ] Application time: 1.0000753 seconds
[2019-12-09T08:51:11.139+0000][1][safepoint    ] Entering safepoint region: Cleanup
[2019-12-09T08:51:11.139+0000][1][safepoint    ] Leaving safepoint region
[2019-12-09T08:51:11.139+0000][1][safepoint    ] Total time for which application threads were stopped: 0.0000853 seconds, Stopping threads took: 0.0000169 seconds
[2019-12-09T08:51:12.139+0000][1][safepoint    ] Application time: 1.0000743 seconds
[2019-12-09T08:51:12.139+0000][1][safepoint    ] Entering safepoint region: Cleanup
[2019-12-09T08:51:12.139+0000][1][safepoint    ] Leaving safepoint region
[2019-12-09T08:51:12.139+0000][1][safepoint    ] Total time for which application threads were stopped: 0.0000918 seconds, Stopping threads took: 0.0000154 seconds
[2019-12-09T08:51:13.139+0000][1][safepoint    ] Application time: 1.0000752 seconds
[2019-12-09T08:51:13.140+0000][1][safepoint    ] Entering safepoint region: Cleanup
[2019-12-09T08:51:13.140+0000][1][safepoint    ] Leaving safepoint region
[2019-12-09T08:51:13.140+0000][1][safepoint    ] Total time for which application threads were stopped: 0.0000860 seconds, Stopping threads took: 0.0000174 seconds
[2019-12-09T08:51:14.140+0000][1][safepoint    ] Application time: 1.0000861 seconds
[2019-12-09T08:51:14.140+0000][1][safepoint    ] Entering safepoint region: Cleanup
[2019-12-09T08:51:14.140+0000][1][safepoint    ] Leaving safepoint region
[2019-12-09T08:51:14.140+0000][1][safepoint    ] Total time for which application threads were stopped: 0.0000973 seconds, Stopping threads took: 0.0000167 seconds
[2019-12-09T08:51:15.140+0000][1][safepoint    ] Application time: 1.0000743 seconds
[2019-12-09T08:51:15.140+0000][1][safepoint    ] Entering safepoint region: Cleanup
[2019-12-09T08:51:15.140+0000][1][safepoint    ] Leaving safepoint region
[2019-12-09T08:51:15.140+0000][1][safepoint    ] Total time for which application threads were stopped: 0.0000835 seconds, Stopping threads took: 0.0000178 seconds
[2019-12-09T08:51:16.140+0000][1][safepoint    ] Application time: 1.0000745 seconds
[2019-12-09T08:51:16.140+0000][1][safepoint    ] Entering safepoint region: Cleanup
[2019-12-09T08:51:16.140+0000][1][safepoint    ] Leaving safepoint region
[2019-12-09T08:51:16.140+0000][1][safepoint    ] Total time for which application threads were stopped: 0.0000887 seconds, Stopping threads took: 0.0000180 seconds
[2019-12-09T08:51:17.140+0000][1][safepoint    ] Application time: 1.0000739 seconds
[2019-12-09T08:51:17.140+0000][1][safepoint    ] Entering safepoint region: Cleanup
[2019-12-09T08:51:17.140+0000][1][safepoint    ] Leaving safepoint region
[2019-12-09T08:51:17.140+0000][1][safepoint    ] Total time for which application threads were stopped: 0.0000845 seconds, Stopping threads took: 0.0000178 seconds
[2019-12-09T08:51:18.141+0000][1][safepoint    ] Application time: 1.0000766 seconds
[2019-12-09T08:51:18.141+0000][1][safepoint    ] Entering safepoint region: Cleanup
[2019-12-09T08:51:18.141+0000][1][safepoint    ] Leaving safepoint region
[2019-12-09T08:51:18.141+0000][1][safepoint    ] Total time for which application threads were stopped: 0.0000881 seconds, Stopping threads took: 0.0000161 seconds
[2019-12-09T08:51:19.141+0000][1][safepoint    ] Application time: 1.0000670 seconds
[2019-12-09T08:51:19.141+0000][1][safepoint    ] Entering safepoint region: Cleanup
[2019-12-09T08:51:19.141+0000][1][safepoint    ] Leaving safepoint region
[2019-12-09T08:51:19.141+0000][1][safepoint    ] Total time for which application threads were stopped: 0.0000869 seconds, Stopping threads took: 0.0000169 seconds
[2019-12-09T08:51:20.141+0000][1][safepoint    ] Application time: 1.0000749 seconds
[2019-12-09T08:51:20.141+0000][1][safepoint    ] Entering safepoint region: Cleanup
[2019-12-09T08:51:20.141+0000][1][safepoint    ] Leaving safepoint region
[2019-12-09T08:51:20.141+0000][1][safepoint    ] Total time for which application threads were stopped: 0.0000844 seconds, Stopping threads took: 0.0000169 seconds
[2019-12-09T08:51:21.141+0000][1][safepoint    ] Application time: 1.0000762 seconds
[2019-12-09T08:51:21.141+0000][1][safepoint    ] Entering safepoint region: Cleanup
[2019-12-09T08:51:21.141+0000][1][safepoint    ] Leaving safepoint region
[2019-12-09T08:51:21.141+0000][1][safepoint    ] Total time for which application threads were stopped: 0.0000870 seconds, Stopping threads took: 0.0000175 seconds
[2019-12-09T08:51:22.141+0000][1][safepoint    ] Application time: 1.0000762 seconds
[2019-12-09T08:51:22.141+0000][1][safepoint    ] Entering safepoint region: Cleanup
[2019-12-09T08:51:22.141+0000][1][safepoint    ] Leaving safepoint region
[2019-12-09T08:51:22.141+0000][1][safepoint    ] Total time for which application threads were stopped: 0.0000849 seconds, Stopping threads took: 0.0000166 seconds
[2019-12-09T08:51:23.142+0000][1][safepoint    ] Application time: 1.0000768 seconds
[2019-12-09T08:51:23.142+0000][1][safepoint    ] Entering safepoint region: Cleanup
[2019-12-09T08:51:23.142+0000][1][safepoint    ] Leaving safepoint region
[2019-12-09T08:51:23.142+0000][1][safepoint    ] Total time for which application threads were stopped: 0.0000902 seconds, Stopping threads took: 0.0000175 seconds
[2019-12-09T08:51:24.142+0000][1][safepoint    ] Application time: 1.0000768 seconds
[2019-12-09T08:51:24.142+0000][1][safepoint    ] Entering safepoint region: Cleanup
[2019-12-09T08:51:24.142+0000][1][safepoint    ] Leaving safepoint region
[2019-12-09T08:51:24.142+0000][1][safepoint    ] Total time for which application threads were stopped: 0.0000853 seconds, Stopping threads took: 0.0000159 seconds
[2019-12-09T08:51:25.142+0000][1][safepoint    ] Application time: 1.0000745 seconds
[2019-12-09T08:51:25.142+0000][1][safepoint    ] Entering safepoint region: Cleanup
[2019-12-09T08:51:25.142+0000][1][safepoint    ] Leaving safepoint region
[2019-12-09T08:51:25.142+0000][1][safepoint    ] Total time for which application threads were stopped: 0.0000879 seconds, Stopping threads took: 0.0000186 seconds
[2019-12-09T08:51:26.142+0000][1][safepoint    ] Application time: 1.0000750 seconds
[2019-12-09T08:51:26.142+0000][1][safepoint    ] Entering safepoint region: Cleanup
[2019-12-09T08:51:26.142+0000][1][safepoint    ] Leaving safepoint region
[2019-12-09T08:51:26.142+0000][1][safepoint    ] Total time for which application threads were stopped: 0.0000853 seconds, Stopping threads took: 0.0000184 seconds
[2019-12-09T08:51:27.142+0000][1][safepoint    ] Application time: 1.0000765 seconds
[2019-12-09T08:51:27.142+0000][1][safepoint    ] Entering safepoint region: Cleanup
[2019-12-09T08:51:27.142+0000][1][safepoint    ] Leaving safepoint region
[2019-12-09T08:51:27.142+0000][1][safepoint    ] Total time for which application threads were stopped: 0.0000866 seconds, Stopping threads took: 0.0000177 seconds
[2019-12-09T08:51:28.143+0000][1][safepoint    ] Application time: 1.0000765 seconds
[2019-12-09T08:51:28.143+0000][1][safepoint    ] Entering safepoint region: Cleanup
[2019-12-09T08:51:28.143+0000][1][safepoint    ] Leaving safepoint region
[2019-12-09T08:51:28.143+0000][1][safepoint    ] Total time for which application threads were stopped: 0.0000853 seconds, Stopping threads took: 0.0000166 seconds
[2019-12-09T08:51:29.143+0000][1][safepoint    ] Application time: 1.0000885 seconds
[2019-12-09T08:51:29.143+0000][1][safepoint    ] Entering safepoint region: Cleanup
[2019-12-09T08:51:29.143+0000][1][safepoint    ] Leaving safepoint region
[2019-12-09T08:51:29.143+0000][1][safepoint    ] Total time for which application threads were stopped: 0.0000893 seconds, Stopping threads took: 0.0000161 seconds
[2019-12-09T08:51:30.143+0000][1][safepoint    ] Application time: 1.0000781 seconds
[2019-12-09T08:51:30.143+0000][1][safepoint    ] Entering safepoint region: Cleanup
[2019-12-09T08:51:30.143+0000][1][safepoint    ] Leaving safepoint region
[2019-12-09T08:51:30.143+0000][1][safepoint    ] Total time for which application threads were stopped: 0.0000926 seconds, Stopping threads took: 0.0000182 seconds
[2019-12-09T08:51:31.143+0000][1][safepoint    ] Application time: 1.0000798 seconds
[2019-12-09T08:51:31.143+0000][1][safepoint    ] Entering safepoint region: Cleanup
[2019-12-09T08:51:31.143+0000][1][safepoint    ] Leaving safepoint region
[2019-12-09T08:51:31.143+0000][1][safepoint    ] Total time for which application threads were stopped: 0.0000926 seconds, Stopping threads took: 0.0000186 seconds
[2019-12-09T08:51:32.143+0000][1][safepoint    ] Application time: 1.0000816 seconds
[2019-12-09T08:51:32.143+0000][1][safepoint    ] Entering safepoint region: Cleanup
[2019-12-09T08:51:32.144+0000][1][safepoint    ] Leaving safepoint region
[2019-12-09T08:51:32.144+0000][1][safepoint    ] Total time for which application threads were stopped: 0.0000917 seconds, Stopping threads took: 0.0000201 seconds
[2019-12-09T08:51:33.144+0000][1][safepoint    ] Application time: 1.0000785 seconds
[2019-12-09T08:51:33.144+0000][1][safepoint    ] Entering safepoint region: Cleanup
[2019-12-09T08:51:33.144+0000][1][safepoint    ] Leaving safepoint region
[2019-12-09T08:51:33.144+0000][1][safepoint    ] Total time for which application threads were stopped: 0.0001066 seconds, Stopping threads took: 0.0000326 seconds
[2019-12-09T08:51:34.144+0000][1][safepoint    ] Application time: 1.0000846 seconds
[2019-12-09T08:51:34.144+0000][1][safepoint    ] Entering safepoint region: Cleanup
[2019-12-09T08:51:34.144+0000][1][safepoint    ] Leaving safepoint region
[2019-12-09T08:51:34.144+0000][1][safepoint    ] Total time for which application threads were stopped: 0.0001367 seconds, Stopping threads took: 0.0000545 seconds
[2019-12-09T08:51:35.144+0000][1][safepoint    ] Application time: 1.0000842 seconds
[2019-12-09T08:51:35.144+0000][1][safepoint    ] Entering safepoint region: Cleanup
[2019-12-09T08:51:35.144+0000][1][safepoint    ] Leaving safepoint region
[2019-12-09T08:51:35.144+0000][1][safepoint    ] Total time for which application threads were stopped: 0.0001069 seconds, Stopping threads took: 0.0000327 seconds
[2019-12-09T08:51:36.144+0000][1][safepoint    ] Application time: 1.0000761 seconds
[2019-12-09T08:51:36.144+0000][1][safepoint    ] Entering safepoint region: Cleanup
[2019-12-09T08:51:36.144+0000][1][safepoint    ] Leaving safepoint region
[2019-12-09T08:51:36.144+0000][1][safepoint    ] Total time for which application threads were stopped: 0.0000930 seconds, Stopping threads took: 0.0000188 seconds
[2019-12-09T08:51:37.145+0000][1][safepoint    ] Application time: 1.0000763 seconds
[2019-12-09T08:51:37.145+0000][1][safepoint    ] Entering safepoint region: Cleanup
[2019-12-09T08:51:37.145+0000][1][safepoint    ] Leaving safepoint region
[2019-12-09T08:51:37.145+0000][1][safepoint    ] Total time for which application threads were stopped: 0.0001194 seconds, Stopping threads took: 0.0000291 seconds
[2019-12-09T08:51:38.145+0000][1][safepoint    ] Application time: 1.0000758 seconds
[2019-12-09T08:51:38.145+0000][1][safepoint    ] Entering safepoint region: Cleanup
[2019-12-09T08:51:38.145+0000][1][safepoint    ] Leaving safepoint region
[2019-12-09T08:51:38.145+0000][1][safepoint    ] Total time for which application threads were stopped: 0.0000934 seconds, Stopping threads took: 0.0000191 seconds
[2019-12-09T08:51:39.145+0000][1][safepoint    ] Application time: 1.0000853 seconds
[2019-12-09T08:51:39.145+0000][1][safepoint    ] Entering safepoint region: Cleanup
[2019-12-09T08:51:39.145+0000][1][safepoint    ] Leaving safepoint region
[2019-12-09T08:51:39.145+0000][1][safepoint    ] Total time for which application threads were stopped: 0.0001041 seconds, Stopping threads took: 0.0000248 seconds
[2019-12-09T08:51:40.145+0000][1][safepoint    ] Application time: 1.0000867 seconds
[2019-12-09T08:51:40.145+0000][1][safepoint    ] Entering safepoint region: Cleanup
[2019-12-09T08:51:40.145+0000][1][safepoint    ] Leaving safepoint region
[2019-12-09T08:51:40.145+0000][1][safepoint    ] Total time for which application threads were stopped: 0.0000920 seconds, Stopping threads took: 0.0000192 seconds
[2019-12-09T08:51:41.145+0000][1][safepoint    ] Application time: 1.0000747 seconds
[2019-12-09T08:51:41.146+0000][1][safepoint    ] Entering safepoint region: Cleanup
[2019-12-09T08:51:41.146+0000][1][safepoint    ] Leaving safepoint region
[2019-12-09T08:51:41.146+0000][1][safepoint    ] Total time for which application threads were stopped: 0.0000919 seconds, Stopping threads took: 0.0000191 seconds
[2019-12-09T08:51:42.146+0000][1][safepoint    ] Application time: 1.0000746 seconds
[2019-12-09T08:51:42.146+0000][1][safepoint    ] Entering safepoint region: Cleanup
[2019-12-09T08:51:42.146+0000][1][safepoint    ] Leaving safepoint region
[2019-12-09T08:51:42.146+0000][1][safepoint    ] Total time for which application threads were stopped: 0.0000904 seconds, Stopping threads took: 0.0000171 seconds
[2019-12-09T08:51:43.146+0000][1][safepoint    ] Application time: 1.0000746 seconds
[2019-12-09T08:51:43.146+0000][1][safepoint    ] Entering safepoint region: Cleanup
[2019-12-09T08:51:43.146+0000][1][safepoint    ] Leaving safepoint region
[2019-12-09T08:51:43.146+0000][1][safepoint    ] Total time for which application threads were stopped: 0.0000895 seconds, Stopping threads took: 0.0000174 seconds
[2019-12-09T08:51:44.146+0000][1][safepoint    ] Application time: 1.0000799 seconds
[2019-12-09T08:51:44.146+0000][1][safepoint    ] Entering safepoint region: Cleanup
[2019-12-09T08:51:44.146+0000][1][safepoint    ] Leaving safepoint region
[2019-12-09T08:51:44.146+0000][1][safepoint    ] Total time for which application threads were stopped: 0.0001504 seconds, Stopping threads took: 0.0000727 seconds
[2019-12-09T08:51:46.120+0000][1][safepoint    ] Application time: 1.9740345 seconds
[2019-12-09T08:51:46.120+0000][1][safepoint    ] Entering safepoint region: Cleanup
[2019-12-09T08:51:46.121+0000][1][safepoint    ] Leaving safepoint region
[2019-12-09T08:51:46.121+0000][1][safepoint    ] Total time for which application threads were stopped: 0.0000882 seconds, Stopping threads took: 0.0000174 seconds
[2019-12-09T08:51:47.121+0000][1][safepoint    ] Application time: 1.0000810 seconds
[2019-12-09T08:51:47.121+0000][1][safepoint    ] Entering safepoint region: Cleanup
[2019-12-09T08:51:47.121+0000][1][safepoint    ] Leaving safepoint region
[2019-12-09T08:51:47.121+0000][1][safepoint    ] Total time for which application threads were stopped: 0.0001007 seconds, Stopping threads took: 0.0000189 seconds
[2019-12-09T08:51:48.121+0000][1][safepoint    ] Application time: 1.0000804 seconds
[2019-12-09T08:51:48.121+0000][1][safepoint    ] Entering safepoint region: Cleanup
[2019-12-09T08:51:48.121+0000][1][safepoint    ] Leaving safepoint region
[2019-12-09T08:51:48.121+0000][1][safepoint    ] Total time for which application threads were stopped: 0.0000930 seconds, Stopping threads took: 0.0000196 seconds
[2019-12-09T08:51:49.121+0000][1][safepoint    ] Application time: 1.0000901 seconds
[2019-12-09T08:51:49.121+0000][1][safepoint    ] Entering safepoint region: Cleanup
[2019-12-09T08:51:49.121+0000][1][safepoint    ] Leaving safepoint region
[2019-12-09T08:51:49.121+0000][1][safepoint    ] Total time for which application threads were stopped: 0.0000951 seconds, Stopping threads took: 0.0000187 seconds
[2019-12-09T08:51:49.149+0000][1][safepoint    ] Application time: 0.0277833 seconds
[2019-12-09T08:51:49.149+0000][1][safepoint    ] Entering safepoint region: GenCollectForAllocation
[2019-12-09T08:51:49.149+0000][1][gc,start     ] GC(86) Pause Young (Allocation Failure)
[2019-12-09T08:51:49.149+0000][1][gc,task      ] GC(86) Using 2 workers of 2 for evacuation
[2019-12-09T08:51:49.151+0000][1][gc,age       ] GC(86) Desired survivor size 4456448 bytes, new threshold 6 (max threshold 6)
[2019-12-09T08:51:49.151+0000][1][gc,age       ] GC(86) Age table with threshold 6 (max threshold 6)
[2019-12-09T08:51:49.151+0000][1][gc,age       ] GC(86) - age   1:      11288 bytes,      11288 total
[2019-12-09T08:51:49.151+0000][1][gc,age       ] GC(86) - age   2:        312 bytes,      11600 total
[2019-12-09T08:51:49.151+0000][1][gc,age       ] GC(86) - age   3:        960 bytes,      12560 total
[2019-12-09T08:51:49.151+0000][1][gc,age       ] GC(86) - age   5:        120 bytes,      12680 total
[2019-12-09T08:51:49.151+0000][1][gc,age       ] GC(86) - age   6:        968 bytes,      13648 total
[2019-12-09T08:51:49.151+0000][1][gc,heap      ] GC(86) ParNew: 69972K->18K(78656K)
[2019-12-09T08:51:49.151+0000][1][gc,heap      ] GC(86) CMS: 75203K->75203K(174784K)
[2019-12-09T08:51:49.151+0000][1][gc,metaspace ] GC(86) Metaspace: 79674K->79674K(1122304K)
[2019-12-09T08:51:49.151+0000][1][gc           ] GC(86) Pause Young (Allocation Failure) 141M->73M(247M) 1.662ms
[2019-12-09T08:51:49.151+0000][1][gc,cpu       ] GC(86) User=0.00s Sys=0.00s Real=0.00s
[2019-12-09T08:51:49.151+0000][1][safepoint    ] Leaving safepoint region
[2019-12-09T08:51:49.151+0000][1][safepoint    ] Total time for which application threads were stopped: 0.0018140 seconds, Stopping threads took: 0.0000146 seconds
[2019-12-09T08:51:50.151+0000][1][safepoint    ] Application time: 1.0000839 seconds
[2019-12-09T08:51:50.151+0000][1][safepoint    ] Entering safepoint region: Cleanup
[2019-12-09T08:51:50.151+0000][1][safepoint    ] Leaving safepoint region
[2019-12-09T08:51:50.151+0000][1][safepoint    ] Total time for which application threads were stopped: 0.0000921 seconds, Stopping threads took: 0.0000186 seconds
[2019-12-09T08:51:51.151+0000][1][safepoint    ] Application time: 1.0000761 seconds
[2019-12-09T08:51:51.151+0000][1][safepoint    ] Entering safepoint region: Cleanup
[2019-12-09T08:51:51.151+0000][1][safepoint    ] Leaving safepoint region
[2019-12-09T08:51:51.151+0000][1][safepoint    ] Total time for which application threads were stopped: 0.0000936 seconds, Stopping threads took: 0.0000201 seconds
[2019-12-09T08:51:52.151+0000][1][safepoint    ] Application time: 1.0000740 seconds
[2019-12-09T08:51:52.151+0000][1][safepoint    ] Entering safepoint region: Cleanup
[2019-12-09T08:51:52.151+0000][1][safepoint    ] Leaving safepoint region
[2019-12-09T08:51:52.151+0000][1][safepoint    ] Total time for which application threads were stopped: 0.0001016 seconds, Stopping threads took: 0.0000267 seconds
[2019-12-09T08:51:53.152+0000][1][safepoint    ] Application time: 1.0000762 seconds
[2019-12-09T08:51:53.152+0000][1][safepoint    ] Entering safepoint region: Cleanup
[2019-12-09T08:51:53.152+0000][1][safepoint    ] Leaving safepoint region
[2019-12-09T08:51:53.152+0000][1][safepoint    ] Total time for which application threads were stopped: 0.0001036 seconds, Stopping threads took: 0.0000194 seconds
[2019-12-09T08:51:54.152+0000][1][safepoint    ] Application time: 1.0000840 seconds
[2019-12-09T08:51:54.152+0000][1][safepoint    ] Entering safepoint region: Cleanup
[2019-12-09T08:51:54.152+0000][1][safepoint    ] Leaving safepoint region
[2019-12-09T08:51:54.152+0000][1][safepoint    ] Total time for which application threads were stopped: 0.0001005 seconds, Stopping threads took: 0.0000235 seconds
[2019-12-09T08:51:55.152+0000][1][safepoint    ] Application time: 1.0000836 seconds
[2019-12-09T08:51:55.152+0000][1][safepoint    ] Entering safepoint region: Cleanup
[2019-12-09T08:51:55.152+0000][1][safepoint    ] Leaving safepoint region
[2019-12-09T08:51:55.152+0000][1][safepoint    ] Total time for which application threads were stopped: 0.0000904 seconds, Stopping threads took: 0.0000188 seconds
[2019-12-09T08:51:56.152+0000][1][safepoint    ] Application time: 1.0000783 seconds
[2019-12-09T08:51:56.152+0000][1][safepoint    ] Entering safepoint region: Cleanup
[2019-12-09T08:51:56.152+0000][1][safepoint    ] Leaving safepoint region
[2019-12-09T08:51:56.152+0000][1][safepoint    ] Total time for which application threads were stopped: 0.0000952 seconds, Stopping threads took: 0.0000201 seconds
[2019-12-09T08:51:57.152+0000][1][safepoint    ] Application time: 1.0000764 seconds
[2019-12-09T08:51:57.153+0000][1][safepoint    ] Entering safepoint region: Cleanup
[2019-12-09T08:51:57.153+0000][1][safepoint    ] Leaving safepoint region
[2019-12-09T08:51:57.153+0000][1][safepoint    ] Total time for which application threads were stopped: 0.0000960 seconds, Stopping threads took: 0.0000184 seconds
[2019-12-09T08:51:58.153+0000][1][safepoint    ] Application time: 1.0000746 seconds
[2019-12-09T08:51:58.153+0000][1][safepoint    ] Entering safepoint region: Cleanup
[2019-12-09T08:51:58.153+0000][1][safepoint    ] Leaving safepoint region
[2019-12-09T08:51:58.153+0000][1][safepoint    ] Total time for which application threads were stopped: 0.0000907 seconds, Stopping threads took: 0.0000187 seconds
[2019-12-09T08:51:59.153+0000][1][safepoint    ] Application time: 1.0000744 seconds
[2019-12-09T08:51:59.153+0000][1][safepoint    ] Entering safepoint region: Cleanup
[2019-12-09T08:51:59.153+0000][1][safepoint    ] Leaving safepoint region
[2019-12-09T08:51:59.153+0000][1][safepoint    ] Total time for which application threads were stopped: 0.0000906 seconds, Stopping threads took: 0.0000196 seconds
[2019-12-09T08:52:00.153+0000][1][safepoint    ] Application time: 1.0000767 seconds
[2019-12-09T08:52:00.153+0000][1][safepoint    ] Entering safepoint region: Cleanup
[2019-12-09T08:52:00.153+0000][1][safepoint    ] Leaving safepoint region
[2019-12-09T08:52:00.153+0000][1][safepoint    ] Total time for which application threads were stopped: 0.0000930 seconds, Stopping threads took: 0.0000193 seconds
[2019-12-09T08:52:01.153+0000][1][safepoint    ] Application time: 1.0000746 seconds
[2019-12-09T08:52:01.153+0000][1][safepoint    ] Entering safepoint region: Cleanup
[2019-12-09T08:52:01.153+0000][1][safepoint    ] Leaving safepoint region
[2019-12-09T08:52:01.153+0000][1][safepoint    ] Total time for which application threads were stopped: 0.0000955 seconds, Stopping threads took: 0.0000215 seconds
[2019-12-09T08:52:02.154+0000][1][safepoint    ] Application time: 1.0000799 seconds
[2019-12-09T08:52:02.154+0000][1][safepoint    ] Entering safepoint region: Cleanup
[2019-12-09T08:52:02.154+0000][1][safepoint    ] Leaving safepoint region
[2019-12-09T08:52:02.154+0000][1][safepoint    ] Total time for which application threads were stopped: 0.0001207 seconds, Stopping threads took: 0.0000285 seconds
[2019-12-09T08:52:03.154+0000][1][safepoint    ] Application time: 1.0000763 seconds
[2019-12-09T08:52:03.154+0000][1][safepoint    ] Entering safepoint region: Cleanup
[2019-12-09T08:52:03.154+0000][1][safepoint    ] Leaving safepoint region
[2019-12-09T08:52:03.154+0000][1][safepoint    ] Total time for which application threads were stopped: 0.0000942 seconds, Stopping threads took: 0.0000189 seconds
[2019-12-09T08:52:04.154+0000][1][safepoint    ] Application time: 1.0000788 seconds
[2019-12-09T08:52:04.154+0000][1][safepoint    ] Entering safepoint region: Cleanup
[2019-12-09T08:52:04.154+0000][1][safepoint    ] Leaving safepoint region
[2019-12-09T08:52:04.154+0000][1][safepoint    ] Total time for which application threads were stopped: 0.0000950 seconds, Stopping threads took: 0.0000198 seconds
[2019-12-09T08:52:05.154+0000][1][safepoint    ] Application time: 1.0000759 seconds
[2019-12-09T08:52:05.154+0000][1][safepoint    ] Entering safepoint region: Cleanup
[2019-12-09T08:52:05.154+0000][1][safepoint    ] Leaving safepoint region
[2019-12-09T08:52:05.154+0000][1][safepoint    ] Total time for which application threads were stopped: 0.0000911 seconds, Stopping threads took: 0.0000180 seconds
[2019-12-09T08:52:06.154+0000][1][safepoint    ] Application time: 1.0000787 seconds
[2019-12-09T08:52:06.154+0000][1][safepoint    ] Entering safepoint region: Cleanup
[2019-12-09T08:52:06.155+0000][1][safepoint    ] Leaving safepoint region
[2019-12-09T08:52:06.155+0000][1][safepoint    ] Total time for which application threads were stopped: 0.0000930 seconds, Stopping threads took: 0.0000202 seconds
[2019-12-09T08:52:07.155+0000][1][safepoint    ] Application time: 1.0000761 seconds
[2019-12-09T08:52:07.155+0000][1][safepoint    ] Entering safepoint region: Cleanup
[2019-12-09T08:52:07.155+0000][1][safepoint    ] Leaving safepoint region
[2019-12-09T08:52:07.155+0000][1][safepoint    ] Total time for which application threads were stopped: 0.0000914 seconds, Stopping threads took: 0.0000214 seconds
[2019-12-09T08:52:08.155+0000][1][safepoint    ] Application time: 1.0000775 seconds
[2019-12-09T08:52:08.155+0000][1][safepoint    ] Entering safepoint region: Cleanup
[2019-12-09T08:52:08.155+0000][1][safepoint    ] Leaving safepoint region
[2019-12-09T08:52:08.155+0000][1][safepoint    ] Total time for which application threads were stopped: 0.0000935 seconds, Stopping threads took: 0.0000195 seconds
[2019-12-09T08:52:09.155+0000][1][safepoint    ] Application time: 1.0000747 seconds
[2019-12-09T08:52:09.155+0000][1][safepoint    ] Entering safepoint region: Cleanup
[2019-12-09T08:52:09.155+0000][1][safepoint    ] Leaving safepoint region
[2019-12-09T08:52:09.155+0000][1][safepoint    ] Total time for which application threads were stopped: 0.0000947 seconds, Stopping threads took: 0.0000175 seconds
[2019-12-09T08:52:10.155+0000][1][safepoint    ] Application time: 1.0000772 seconds
[2019-12-09T08:52:10.155+0000][1][safepoint    ] Entering safepoint region: Cleanup
[2019-12-09T08:52:10.155+0000][1][safepoint    ] Leaving safepoint region
[2019-12-09T08:52:10.155+0000][1][safepoint    ] Total time for which application threads were stopped: 0.0000872 seconds, Stopping threads took: 0.0000177 seconds
[2019-12-09T08:52:11.156+0000][1][safepoint    ] Application time: 1.0000773 seconds
[2019-12-09T08:52:11.156+0000][1][safepoint    ] Entering safepoint region: Cleanup
[2019-12-09T08:52:11.156+0000][1][safepoint    ] Leaving safepoint region
[2019-12-09T08:52:11.156+0000][1][safepoint    ] Total time for which application threads were stopped: 0.0000907 seconds, Stopping threads took: 0.0000185 seconds
[2019-12-09T08:52:12.156+0000][1][safepoint    ] Application time: 1.0000761 seconds
[2019-12-09T08:52:12.156+0000][1][safepoint    ] Entering safepoint region: Cleanup
[2019-12-09T08:52:12.156+0000][1][safepoint    ] Leaving safepoint region
[2019-12-09T08:52:12.156+0000][1][safepoint    ] Total time for which application threads were stopped: 0.0000914 seconds, Stopping threads took: 0.0000191 seconds
[2019-12-09T08:52:13.156+0000][1][safepoint    ] Application time: 1.0000768 seconds
[2019-12-09T08:52:13.156+0000][1][safepoint    ] Entering safepoint region: Cleanup
[2019-12-09T08:52:13.156+0000][1][safepoint    ] Leaving safepoint region
[2019-12-09T08:52:13.156+0000][1][safepoint    ] Total time for which application threads were stopped: 0.0000917 seconds, Stopping threads took: 0.0000188 seconds
[2019-12-09T08:52:14.156+0000][1][safepoint    ] Application time: 1.0000747 seconds
[2019-12-09T08:52:14.156+0000][1][safepoint    ] Entering safepoint region: Cleanup
[2019-12-09T08:52:14.156+0000][1][safepoint    ] Leaving safepoint region
[2019-12-09T08:52:14.156+0000][1][safepoint    ] Total time for which application threads were stopped: 0.0000898 seconds, Stopping threads took: 0.0000176 seconds
[2019-12-09T08:52:15.156+0000][1][safepoint    ] Application time: 1.0000741 seconds
[2019-12-09T08:52:15.156+0000][1][safepoint    ] Entering safepoint region: Cleanup
[2019-12-09T08:52:15.156+0000][1][safepoint    ] Leaving safepoint region
[2019-12-09T08:52:15.156+0000][1][safepoint    ] Total time for which application threads were stopped: 0.0000914 seconds, Stopping threads took: 0.0000188 seconds
[2019-12-09T08:52:16.157+0000][1][safepoint    ] Application time: 1.0000752 seconds
[2019-12-09T08:52:16.157+0000][1][safepoint    ] Entering safepoint region: Cleanup
[2019-12-09T08:52:16.157+0000][1][safepoint    ] Leaving safepoint region
[2019-12-09T08:52:16.157+0000][1][safepoint    ] Total time for which application threads were stopped: 0.0000908 seconds, Stopping threads took: 0.0000184 seconds
[2019-12-09T08:52:17.157+0000][1][safepoint    ] Application time: 1.0000855 seconds
[2019-12-09T08:52:17.157+0000][1][safepoint    ] Entering safepoint region: Cleanup
[2019-12-09T08:52:17.157+0000][1][safepoint    ] Leaving safepoint region
[2019-12-09T08:52:17.157+0000][1][safepoint    ] Total time for which application threads were stopped: 0.0001075 seconds, Stopping threads took: 0.0000179 seconds
[2019-12-09T08:52:18.157+0000][1][safepoint    ] Application time: 1.0000744 seconds
[2019-12-09T08:52:18.157+0000][1][safepoint    ] Entering safepoint region: Cleanup
[2019-12-09T08:52:18.157+0000][1][safepoint    ] Leaving safepoint region
[2019-12-09T08:52:18.157+0000][1][safepoint    ] Total time for which application threads were stopped: 0.0000922 seconds, Stopping threads took: 0.0000179 seconds
[2019-12-09T08:52:19.157+0000][1][safepoint    ] Application time: 1.0000760 seconds
[2019-12-09T08:52:19.157+0000][1][safepoint    ] Entering safepoint region: Cleanup
[2019-12-09T08:52:19.157+0000][1][safepoint    ] Leaving safepoint region
[2019-12-09T08:52:19.157+0000][1][safepoint    ] Total time for which application threads were stopped: 0.0000893 seconds, Stopping threads took: 0.0000185 seconds
[2019-12-09T08:52:20.157+0000][1][safepoint    ] Application time: 1.0000754 seconds
[2019-12-09T08:52:20.157+0000][1][safepoint    ] Entering safepoint region: Cleanup
[2019-12-09T08:52:20.158+0000][1][safepoint    ] Leaving safepoint region
[2019-12-09T08:52:20.158+0000][1][safepoint    ] Total time for which application threads were stopped: 0.0000916 seconds, Stopping threads took: 0.0000183 seconds
[2019-12-09T08:52:21.158+0000][1][safepoint    ] Application time: 1.0000746 seconds
[2019-12-09T08:52:21.158+0000][1][safepoint    ] Entering safepoint region: Cleanup
[2019-12-09T08:52:21.158+0000][1][safepoint    ] Leaving safepoint region
[2019-12-09T08:52:21.158+0000][1][safepoint    ] Total time for which application threads were stopped: 0.0001046 seconds, Stopping threads took: 0.0000204 seconds
[2019-12-09T08:52:22.158+0000][1][safepoint    ] Application time: 1.0000754 seconds
[2019-12-09T08:52:22.158+0000][1][safepoint    ] Entering safepoint region: Cleanup
[2019-12-09T08:52:22.158+0000][1][safepoint    ] Leaving safepoint region
[2019-12-09T08:52:22.158+0000][1][safepoint    ] Total time for which application threads were stopped: 0.0000957 seconds, Stopping threads took: 0.0000197 seconds
[2019-12-09T08:52:23.158+0000][1][safepoint    ] Application time: 1.0000752 seconds
[2019-12-09T08:52:23.158+0000][1][safepoint    ] Entering safepoint region: Cleanup
[2019-12-09T08:52:23.158+0000][1][safepoint    ] Leaving safepoint region
[2019-12-09T08:52:23.158+0000][1][safepoint    ] Total time for which application threads were stopped: 0.0000905 seconds, Stopping threads took: 0.0000185 seconds
[2019-12-09T08:52:24.158+0000][1][safepoint    ] Application time: 1.0000754 seconds
[2019-12-09T08:52:24.158+0000][1][safepoint    ] Entering safepoint region: Cleanup
[2019-12-09T08:52:24.158+0000][1][safepoint    ] Leaving safepoint region
[2019-12-09T08:52:24.158+0000][1][safepoint    ] Total time for which application threads were stopped: 0.0000921 seconds, Stopping threads took: 0.0000187 seconds
[2019-12-09T08:52:25.158+0000][1][safepoint    ] Application time: 1.0000739 seconds
[2019-12-09T08:52:25.159+0000][1][safepoint    ] Entering safepoint region: Cleanup
[2019-12-09T08:52:25.159+0000][1][safepoint    ] Leaving safepoint region
[2019-12-09T08:52:25.159+0000][1][safepoint    ] Total time for which application threads were stopped: 0.0001010 seconds, Stopping threads took: 0.0000178 seconds
[2019-12-09T08:52:26.159+0000][1][safepoint    ] Application time: 1.0000752 seconds
[2019-12-09T08:52:26.159+0000][1][safepoint    ] Entering safepoint region: Cleanup
[2019-12-09T08:52:26.159+0000][1][safepoint    ] Leaving safepoint region
[2019-12-09T08:52:26.159+0000][1][safepoint    ] Total time for which application threads were stopped: 0.0000932 seconds, Stopping threads took: 0.0000184 seconds
[2019-12-09T08:52:27.159+0000][1][safepoint    ] Application time: 1.0000719 seconds
[2019-12-09T08:52:27.159+0000][1][safepoint    ] Entering safepoint region: Cleanup
[2019-12-09T08:52:27.159+0000][1][safepoint    ] Leaving safepoint region
[2019-12-09T08:52:27.159+0000][1][safepoint    ] Total time for which application threads were stopped: 0.0000894 seconds, Stopping threads took: 0.0000192 seconds
[2019-12-09T08:52:28.159+0000][1][safepoint    ] Application time: 1.0000758 seconds
[2019-12-09T08:52:28.159+0000][1][safepoint    ] Entering safepoint region: Cleanup
[2019-12-09T08:52:28.159+0000][1][safepoint    ] Leaving safepoint region
[2019-12-09T08:52:28.159+0000][1][safepoint    ] Total time for which application threads were stopped: 0.0000923 seconds, Stopping threads took: 0.0000189 seconds
[2019-12-09T08:52:29.159+0000][1][safepoint    ] Application time: 1.0000751 seconds
[2019-12-09T08:52:29.159+0000][1][safepoint    ] Entering safepoint region: Cleanup
[2019-12-09T08:52:29.159+0000][1][safepoint    ] Leaving safepoint region
[2019-12-09T08:52:29.159+0000][1][safepoint    ] Total time for which application threads were stopped: 0.0000908 seconds, Stopping threads took: 0.0000176 seconds
[2019-12-09T08:52:30.160+0000][1][safepoint    ] Application time: 1.0000737 seconds
[2019-12-09T08:52:30.160+0000][1][safepoint    ] Entering safepoint region: Cleanup
[2019-12-09T08:52:30.160+0000][1][safepoint    ] Leaving safepoint region
[2019-12-09T08:52:30.160+0000][1][safepoint    ] Total time for which application threads were stopped: 0.0000896 seconds, Stopping threads took: 0.0000185 seconds
[2019-12-09T08:52:31.160+0000][1][safepoint    ] Application time: 1.0000745 seconds
[2019-12-09T08:52:31.160+0000][1][safepoint    ] Entering safepoint region: Cleanup
[2019-12-09T08:52:31.160+0000][1][safepoint    ] Leaving safepoint region
[2019-12-09T08:52:31.160+0000][1][safepoint    ] Total time for which application threads were stopped: 0.0000937 seconds, Stopping threads took: 0.0000202 seconds
[2019-12-09T08:52:32.160+0000][1][safepoint    ] Application time: 1.0000794 seconds
[2019-12-09T08:52:32.160+0000][1][safepoint    ] Entering safepoint region: Cleanup
[2019-12-09T08:52:32.160+0000][1][safepoint    ] Leaving safepoint region
[2019-12-09T08:52:32.160+0000][1][safepoint    ] Total time for which application threads were stopped: 0.0000979 seconds, Stopping threads took: 0.0000261 seconds
[2019-12-09T08:52:33.160+0000][1][safepoint    ] Application time: 1.0000758 seconds
[2019-12-09T08:52:33.160+0000][1][safepoint    ] Entering safepoint region: Cleanup
[2019-12-09T08:52:33.160+0000][1][safepoint    ] Leaving safepoint region
[2019-12-09T08:52:33.160+0000][1][safepoint    ] Total time for which application threads were stopped: 0.0000932 seconds, Stopping threads took: 0.0000194 seconds
[2019-12-09T08:52:34.160+0000][1][safepoint    ] Application time: 1.0000792 seconds
[2019-12-09T08:52:34.160+0000][1][safepoint    ] Entering safepoint region: Cleanup
[2019-12-09T08:52:34.160+0000][1][safepoint    ] Leaving safepoint region
[2019-12-09T08:52:34.161+0000][1][safepoint    ] Total time for which application threads were stopped: 0.0000927 seconds, Stopping threads took: 0.0000198 seconds
[2019-12-09T08:52:35.161+0000][1][safepoint    ] Application time: 1.0000769 seconds
[2019-12-09T08:52:35.161+0000][1][safepoint    ] Entering safepoint region: Cleanup
[2019-12-09T08:52:35.161+0000][1][safepoint    ] Leaving safepoint region
[2019-12-09T08:52:35.161+0000][1][safepoint    ] Total time for which application threads were stopped: 0.0001031 seconds, Stopping threads took: 0.0000187 seconds
[2019-12-09T08:52:36.161+0000][1][safepoint    ] Application time: 1.0000796 seconds
[2019-12-09T08:52:36.161+0000][1][safepoint    ] Entering safepoint region: Cleanup
[2019-12-09T08:52:36.161+0000][1][safepoint    ] Leaving safepoint region
[2019-12-09T08:52:36.161+0000][1][safepoint    ] Total time for which application threads were stopped: 0.0000923 seconds, Stopping threads took: 0.0000193 seconds
[2019-12-09T08:52:37.161+0000][1][safepoint    ] Application time: 1.0000772 seconds
[2019-12-09T08:52:37.161+0000][1][safepoint    ] Entering safepoint region: Cleanup
[2019-12-09T08:52:37.161+0000][1][safepoint    ] Leaving safepoint region
[2019-12-09T08:52:37.161+0000][1][safepoint    ] Total time for which application threads were stopped: 0.0000895 seconds, Stopping threads took: 0.0000183 seconds
[2019-12-09T08:52:38.161+0000][1][safepoint    ] Application time: 1.0000754 seconds
[2019-12-09T08:52:38.161+0000][1][safepoint    ] Entering safepoint region: Cleanup
[2019-12-09T08:52:38.161+0000][1][safepoint    ] Leaving safepoint region
[2019-12-09T08:52:38.161+0000][1][safepoint    ] Total time for which application threads were stopped: 0.0000937 seconds, Stopping threads took: 0.0000185 seconds
[2019-12-09T08:52:39.161+0000][1][safepoint    ] Application time: 1.0000770 seconds
[2019-12-09T08:52:39.161+0000][1][safepoint    ] Entering safepoint region: Cleanup
[2019-12-09T08:52:39.162+0000][1][safepoint    ] Leaving safepoint region
[2019-12-09T08:52:39.162+0000][1][safepoint    ] Total time for which application threads were stopped: 0.0000931 seconds, Stopping threads took: 0.0000194 seconds
[2019-12-09T08:52:40.162+0000][1][safepoint    ] Application time: 1.0000786 seconds
[2019-12-09T08:52:40.162+0000][1][safepoint    ] Entering safepoint region: Cleanup
[2019-12-09T08:52:40.162+0000][1][safepoint    ] Leaving safepoint region
[2019-12-09T08:52:40.162+0000][1][safepoint    ] Total time for which application threads were stopped: 0.0000898 seconds, Stopping threads took: 0.0000187 seconds
[2019-12-09T08:52:41.162+0000][1][safepoint    ] Application time: 1.0000761 seconds
[2019-12-09T08:52:41.162+0000][1][safepoint    ] Entering safepoint region: Cleanup
[2019-12-09T08:52:41.162+0000][1][safepoint    ] Leaving safepoint region
[2019-12-09T08:52:41.162+0000][1][safepoint    ] Total time for which application threads were stopped: 0.0001010 seconds, Stopping threads took: 0.0000278 seconds
[2019-12-09T08:52:42.162+0000][1][safepoint    ] Application time: 1.0000767 seconds
[2019-12-09T08:52:42.162+0000][1][safepoint    ] Entering safepoint region: Cleanup
[2019-12-09T08:52:42.162+0000][1][safepoint    ] Leaving safepoint region
[2019-12-09T08:52:42.162+0000][1][safepoint    ] Total time for which application threads were stopped: 0.0000968 seconds, Stopping threads took: 0.0000263 seconds
[2019-12-09T08:52:43.162+0000][1][safepoint    ] Application time: 1.0000780 seconds
[2019-12-09T08:52:43.162+0000][1][safepoint    ] Entering safepoint region: Cleanup
[2019-12-09T08:52:43.162+0000][1][safepoint    ] Leaving safepoint region
[2019-12-09T08:52:43.162+0000][1][safepoint    ] Total time for which application threads were stopped: 0.0000926 seconds, Stopping threads took: 0.0000193 seconds
[2019-12-09T08:52:44.163+0000][1][safepoint    ] Application time: 1.0000774 seconds
[2019-12-09T08:52:44.163+0000][1][safepoint    ] Entering safepoint region: Cleanup
[2019-12-09T08:52:44.163+0000][1][safepoint    ] Leaving safepoint region
[2019-12-09T08:52:44.163+0000][1][safepoint    ] Total time for which application threads were stopped: 0.0000921 seconds, Stopping threads took: 0.0000192 seconds
[2019-12-09T08:52:45.163+0000][1][safepoint    ] Application time: 1.0000752 seconds
[2019-12-09T08:52:45.163+0000][1][safepoint    ] Entering safepoint region: Cleanup
[2019-12-09T08:52:45.163+0000][1][safepoint    ] Leaving safepoint region
[2019-12-09T08:52:45.163+0000][1][safepoint    ] Total time for which application threads were stopped: 0.0000943 seconds, Stopping threads took: 0.0000207 seconds
[2019-12-09T08:52:46.163+0000][1][safepoint    ] Application time: 1.0000765 seconds
[2019-12-09T08:52:46.163+0000][1][safepoint    ] Entering safepoint region: Cleanup
[2019-12-09T08:52:46.163+0000][1][safepoint    ] Leaving safepoint region
[2019-12-09T08:52:46.163+0000][1][safepoint    ] Total time for which application threads were stopped: 0.0000906 seconds, Stopping threads took: 0.0000187 seconds
[2019-12-09T08:52:47.163+0000][1][safepoint    ] Application time: 1.0000763 seconds
[2019-12-09T08:52:47.163+0000][1][safepoint    ] Entering safepoint region: Cleanup
[2019-12-09T08:52:47.163+0000][1][safepoint    ] Leaving safepoint region
[2019-12-09T08:52:47.163+0000][1][safepoint    ] Total time for which application threads were stopped: 0.0000833 seconds, Stopping threads took: 0.0000160 seconds
[2019-12-09T08:52:48.163+0000][1][safepoint    ] Application time: 1.0000777 seconds
[2019-12-09T08:52:48.163+0000][1][safepoint    ] Entering safepoint region: Cleanup
[2019-12-09T08:52:48.163+0000][1][safepoint    ] Leaving safepoint region
[2019-12-09T08:52:48.163+0000][1][safepoint    ] Total time for which application threads were stopped: 0.0000881 seconds, Stopping threads took: 0.0000176 seconds
[2019-12-09T08:52:49.164+0000][1][safepoint    ] Application time: 1.0000758 seconds
[2019-12-09T08:52:49.164+0000][1][safepoint    ] Entering safepoint region: Cleanup
[2019-12-09T08:52:49.164+0000][1][safepoint    ] Leaving safepoint region
[2019-12-09T08:52:49.164+0000][1][safepoint    ] Total time for which application threads were stopped: 0.0000844 seconds, Stopping threads took: 0.0000165 seconds
[2019-12-09T08:52:50.164+0000][1][safepoint    ] Application time: 1.0000771 seconds
[2019-12-09T08:52:50.164+0000][1][safepoint    ] Entering safepoint region: Cleanup
[2019-12-09T08:52:50.164+0000][1][safepoint    ] Leaving safepoint region
[2019-12-09T08:52:50.164+0000][1][safepoint    ] Total time for which application threads were stopped: 0.0000905 seconds, Stopping threads took: 0.0000177 seconds
[2019-12-09T08:52:51.164+0000][1][safepoint    ] Application time: 1.0000774 seconds
[2019-12-09T08:52:51.164+0000][1][safepoint    ] Entering safepoint region: Cleanup
[2019-12-09T08:52:51.164+0000][1][safepoint    ] Leaving safepoint region
[2019-12-09T08:52:51.164+0000][1][safepoint    ] Total time for which application threads were stopped: 0.0000998 seconds, Stopping threads took: 0.0000258 seconds
[2019-12-09T08:52:52.164+0000][1][safepoint    ] Application time: 1.0000765 seconds
[2019-12-09T08:52:52.164+0000][1][safepoint    ] Entering safepoint region: Cleanup
[2019-12-09T08:52:52.164+0000][1][safepoint    ] Leaving safepoint region
[2019-12-09T08:52:52.164+0000][1][safepoint    ] Total time for which application threads were stopped: 0.0000863 seconds, Stopping threads took: 0.0000172 seconds
[2019-12-09T08:52:53.164+0000][1][safepoint    ] Application time: 1.0000746 seconds
[2019-12-09T08:52:53.164+0000][1][safepoint    ] Entering safepoint region: Cleanup
[2019-12-09T08:52:53.164+0000][1][safepoint    ] Leaving safepoint region
[2019-12-09T08:52:53.164+0000][1][safepoint    ] Total time for which application threads were stopped: 0.0000873 seconds, Stopping threads took: 0.0000179 seconds
[2019-12-09T08:52:54.165+0000][1][safepoint    ] Application time: 1.0000769 seconds
[2019-12-09T08:52:54.165+0000][1][safepoint    ] Entering safepoint region: Cleanup
[2019-12-09T08:52:54.165+0000][1][safepoint    ] Leaving safepoint region
[2019-12-09T08:52:54.165+0000][1][safepoint    ] Total time for which application threads were stopped: 0.0000909 seconds, Stopping threads took: 0.0000183 seconds
[2019-12-09T08:52:55.165+0000][1][safepoint    ] Application time: 1.0000759 seconds
[2019-12-09T08:52:55.165+0000][1][safepoint    ] Entering safepoint region: Cleanup
[2019-12-09T08:52:55.165+0000][1][safepoint    ] Leaving safepoint region
[2019-12-09T08:52:55.165+0000][1][safepoint    ] Total time for which application threads were stopped: 0.0000882 seconds, Stopping threads took: 0.0000188 seconds
[2019-12-09T08:52:56.165+0000][1][safepoint    ] Application time: 1.0000774 seconds
[2019-12-09T08:52:56.165+0000][1][safepoint    ] Entering safepoint region: Cleanup
[2019-12-09T08:52:56.165+0000][1][safepoint    ] Leaving safepoint region
[2019-12-09T08:52:56.165+0000][1][safepoint    ] Total time for which application threads were stopped: 0.0000884 seconds, Stopping threads took: 0.0000179 seconds
[2019-12-09T08:52:57.165+0000][1][safepoint    ] Application time: 1.0000771 seconds
[2019-12-09T08:52:57.165+0000][1][safepoint    ] Entering safepoint region: Cleanup
[2019-12-09T08:52:57.165+0000][1][safepoint    ] Leaving safepoint region
[2019-12-09T08:52:57.165+0000][1][safepoint    ] Total time for which application threads were stopped: 0.0000875 seconds, Stopping threads took: 0.0000176 seconds
[2019-12-09T08:52:58.165+0000][1][safepoint    ] Application time: 1.0000752 seconds
[2019-12-09T08:52:58.165+0000][1][safepoint    ] Entering safepoint region: Cleanup
[2019-12-09T08:52:58.165+0000][1][safepoint    ] Leaving safepoint region
[2019-12-09T08:52:58.165+0000][1][safepoint    ] Total time for which application threads were stopped: 0.0000857 seconds, Stopping threads took: 0.0000171 seconds
[2019-12-09T08:52:59.165+0000][1][safepoint    ] Application time: 1.0000746 seconds
[2019-12-09T08:52:59.166+0000][1][safepoint    ] Entering safepoint region: Cleanup
[2019-12-09T08:52:59.166+0000][1][safepoint    ] Leaving safepoint region
[2019-12-09T08:52:59.166+0000][1][safepoint    ] Total time for which application threads were stopped: 0.0000865 seconds, Stopping threads took: 0.0000180 seconds
[2019-12-09T08:53:00.166+0000][1][safepoint    ] Application time: 1.0000748 seconds
[2019-12-09T08:53:00.166+0000][1][safepoint    ] Entering safepoint region: Cleanup
[2019-12-09T08:53:00.166+0000][1][safepoint    ] Leaving safepoint region
[2019-12-09T08:53:00.166+0000][1][safepoint    ] Total time for which application threads were stopped: 0.0000875 seconds, Stopping threads took: 0.0000188 seconds
[2019-12-09T08:53:01.421+0000][1][safepoint    ] Application time: 1.2553551 seconds
[2019-12-09T08:53:01.421+0000][1][safepoint    ] Entering safepoint region: Cleanup
[2019-12-09T08:53:01.421+0000][1][safepoint    ] Leaving safepoint region
[2019-12-09T08:53:01.421+0000][1][safepoint    ] Total time for which application threads were stopped: 0.0001140 seconds, Stopping threads took: 0.0000320 seconds
[2019-12-09T08:53:02.421+0000][1][safepoint    ] Application time: 1.0000770 seconds
[2019-12-09T08:53:02.421+0000][1][safepoint    ] Entering safepoint region: Cleanup
[2019-12-09T08:53:02.422+0000][1][safepoint    ] Leaving safepoint region
[2019-12-09T08:53:02.422+0000][1][safepoint    ] Total time for which application threads were stopped: 0.0000961 seconds, Stopping threads took: 0.0000210 seconds
[2019-12-09T08:53:03.422+0000][1][safepoint    ] Application time: 1.0000766 seconds
[2019-12-09T08:53:03.422+0000][1][safepoint    ] Entering safepoint region: Cleanup
[2019-12-09T08:53:03.422+0000][1][safepoint    ] Leaving safepoint region
[2019-12-09T08:53:03.422+0000][1][safepoint    ] Total time for which application threads were stopped: 0.0001052 seconds, Stopping threads took: 0.0000207 seconds
[2019-12-09T08:53:04.422+0000][1][safepoint    ] Application time: 1.0000744 seconds
[2019-12-09T08:53:04.422+0000][1][safepoint    ] Entering safepoint region: Cleanup
[2019-12-09T08:53:04.422+0000][1][safepoint    ] Leaving safepoint region
[2019-12-09T08:53:04.422+0000][1][safepoint    ] Total time for which application threads were stopped: 0.0000937 seconds, Stopping threads took: 0.0000191 seconds
[2019-12-09T08:53:05.422+0000][1][safepoint    ] Application time: 1.0000738 seconds
[2019-12-09T08:53:05.422+0000][1][safepoint    ] Entering safepoint region: Cleanup
[2019-12-09T08:53:05.422+0000][1][safepoint    ] Leaving safepoint region
[2019-12-09T08:53:05.422+0000][1][safepoint    ] Total time for which application threads were stopped: 0.0000952 seconds, Stopping threads took: 0.0000188 seconds
[2019-12-09T08:53:06.422+0000][1][safepoint    ] Application time: 1.0000747 seconds
[2019-12-09T08:53:06.422+0000][1][safepoint    ] Entering safepoint region: Cleanup
[2019-12-09T08:53:06.422+0000][1][safepoint    ] Leaving safepoint region
[2019-12-09T08:53:06.422+0000][1][safepoint    ] Total time for which application threads were stopped: 0.0000931 seconds, Stopping threads took: 0.0000195 seconds
[2019-12-09T08:53:07.422+0000][1][safepoint    ] Application time: 1.0000766 seconds
[2019-12-09T08:53:07.423+0000][1][safepoint    ] Entering safepoint region: Cleanup
[2019-12-09T08:53:07.423+0000][1][safepoint    ] Leaving safepoint region
[2019-12-09T08:53:07.423+0000][1][safepoint    ] Total time for which application threads were stopped: 0.0000913 seconds, Stopping threads took: 0.0000186 seconds
[2019-12-09T08:53:08.423+0000][1][safepoint    ] Application time: 1.0000751 seconds
[2019-12-09T08:53:08.423+0000][1][safepoint    ] Entering safepoint region: Cleanup
[2019-12-09T08:53:08.423+0000][1][safepoint    ] Leaving safepoint region
[2019-12-09T08:53:08.423+0000][1][safepoint    ] Total time for which application threads were stopped: 0.0000953 seconds, Stopping threads took: 0.0000187 seconds
[2019-12-09T08:53:09.423+0000][1][safepoint    ] Application time: 1.0000746 seconds
[2019-12-09T08:53:09.423+0000][1][safepoint    ] Entering safepoint region: Cleanup
[2019-12-09T08:53:09.423+0000][1][safepoint    ] Leaving safepoint region
[2019-12-09T08:53:09.423+0000][1][safepoint    ] Total time for which application threads were stopped: 0.0000925 seconds, Stopping threads took: 0.0000190 seconds
[2019-12-09T08:53:10.423+0000][1][safepoint    ] Application time: 1.0000759 seconds
[2019-12-09T08:53:10.423+0000][1][safepoint    ] Entering safepoint region: Cleanup
[2019-12-09T08:53:10.423+0000][1][safepoint    ] Leaving safepoint region
[2019-12-09T08:53:10.423+0000][1][safepoint    ] Total time for which application threads were stopped: 0.0000935 seconds, Stopping threads took: 0.0000189 seconds
[2019-12-09T08:53:11.423+0000][1][safepoint    ] Application time: 1.0000759 seconds
[2019-12-09T08:53:11.423+0000][1][safepoint    ] Entering safepoint region: Cleanup
[2019-12-09T08:53:11.423+0000][1][safepoint    ] Leaving safepoint region
[2019-12-09T08:53:11.423+0000][1][safepoint    ] Total time for which application threads were stopped: 0.0001012 seconds, Stopping threads took: 0.0000203 seconds
[2019-12-09T08:53:12.424+0000][1][safepoint    ] Application time: 1.0000821 seconds
[2019-12-09T08:53:12.424+0000][1][safepoint    ] Entering safepoint region: Cleanup
[2019-12-09T08:53:12.424+0000][1][safepoint    ] Leaving safepoint region
[2019-12-09T08:53:12.424+0000][1][safepoint    ] Total time for which application threads were stopped: 0.0001107 seconds, Stopping threads took: 0.0000285 seconds
[2019-12-09T08:53:13.424+0000][1][safepoint    ] Application time: 1.0000746 seconds
[2019-12-09T08:53:13.424+0000][1][safepoint    ] Entering safepoint region: Cleanup
[2019-12-09T08:53:13.424+0000][1][safepoint    ] Leaving safepoint region
[2019-12-09T08:53:13.424+0000][1][safepoint    ] Total time for which application threads were stopped: 0.0000939 seconds, Stopping threads took: 0.0000197 seconds
[2019-12-09T08:53:14.424+0000][1][safepoint    ] Application time: 1.0000715 seconds
[2019-12-09T08:53:14.424+0000][1][safepoint    ] Entering safepoint region: Cleanup
[2019-12-09T08:53:14.424+0000][1][safepoint    ] Leaving safepoint region
[2019-12-09T08:53:14.424+0000][1][safepoint    ] Total time for which application threads were stopped: 0.0000938 seconds, Stopping threads took: 0.0000192 seconds
[2019-12-09T08:53:15.424+0000][1][safepoint    ] Application time: 1.0000753 seconds
[2019-12-09T08:53:15.424+0000][1][safepoint    ] Entering safepoint region: Cleanup
[2019-12-09T08:53:15.424+0000][1][safepoint    ] Leaving safepoint region
[2019-12-09T08:53:15.424+0000][1][safepoint    ] Total time for which application threads were stopped: 0.0000963 seconds, Stopping threads took: 0.0000211 seconds
[2019-12-09T08:53:16.424+0000][1][safepoint    ] Application time: 1.0000726 seconds
[2019-12-09T08:53:16.424+0000][1][safepoint    ] Entering safepoint region: Cleanup
[2019-12-09T08:53:16.425+0000][1][safepoint    ] Leaving safepoint region
[2019-12-09T08:53:16.425+0000][1][safepoint    ] Total time for which application threads were stopped: 0.0000931 seconds, Stopping threads took: 0.0000188 seconds
[2019-12-09T08:53:17.425+0000][1][safepoint    ] Application time: 1.0000796 seconds
[2019-12-09T08:53:17.425+0000][1][safepoint    ] Entering safepoint region: Cleanup
[2019-12-09T08:53:17.425+0000][1][safepoint    ] Leaving safepoint region
[2019-12-09T08:53:17.425+0000][1][safepoint    ] Total time for which application threads were stopped: 0.0000939 seconds, Stopping threads took: 0.0000205 seconds
[2019-12-09T08:53:18.425+0000][1][safepoint    ] Application time: 1.0000760 seconds
[2019-12-09T08:53:18.425+0000][1][safepoint    ] Entering safepoint region: Cleanup
[2019-12-09T08:53:18.425+0000][1][safepoint    ] Leaving safepoint region
[2019-12-09T08:53:18.425+0000][1][safepoint    ] Total time for which application threads were stopped: 0.0000930 seconds, Stopping threads took: 0.0000191 seconds
[2019-12-09T08:53:19.425+0000][1][safepoint    ] Application time: 1.0000773 seconds
[2019-12-09T08:53:19.425+0000][1][safepoint    ] Entering safepoint region: Cleanup
[2019-12-09T08:53:19.425+0000][1][safepoint    ] Leaving safepoint region
[2019-12-09T08:53:19.425+0000][1][safepoint    ] Total time for which application threads were stopped: 0.0000934 seconds, Stopping threads took: 0.0000190 seconds
[2019-12-09T08:53:20.425+0000][1][safepoint    ] Application time: 1.0000731 seconds
[2019-12-09T08:53:20.425+0000][1][safepoint    ] Entering safepoint region: Cleanup
[2019-12-09T08:53:20.425+0000][1][safepoint    ] Leaving safepoint region
[2019-12-09T08:53:20.425+0000][1][safepoint    ] Total time for which application threads were stopped: 0.0000901 seconds, Stopping threads took: 0.0000188 seconds
[2019-12-09T08:53:22.191+0000][1][safepoint    ] Application time: 1.7652745 seconds
[2019-12-09T08:53:22.191+0000][1][safepoint    ] Entering safepoint region: Cleanup
[2019-12-09T08:53:22.191+0000][1][safepoint    ] Leaving safepoint region
[2019-12-09T08:53:22.191+0000][1][safepoint    ] Total time for which application threads were stopped: 0.0001047 seconds, Stopping threads took: 0.0000178 seconds
[2019-12-09T08:53:23.191+0000][1][safepoint    ] Application time: 1.0000742 seconds
[2019-12-09T08:53:23.191+0000][1][safepoint    ] Entering safepoint region: Cleanup
[2019-12-09T08:53:23.191+0000][1][safepoint    ] Leaving safepoint region
[2019-12-09T08:53:23.191+0000][1][safepoint    ] Total time for which application threads were stopped: 0.0001019 seconds, Stopping threads took: 0.0000173 seconds
[2019-12-09T08:53:24.191+0000][1][safepoint    ] Application time: 1.0000778 seconds
[2019-12-09T08:53:24.191+0000][1][safepoint    ] Entering safepoint region: Cleanup
[2019-12-09T08:53:24.191+0000][1][safepoint    ] Leaving safepoint region
[2019-12-09T08:53:24.191+0000][1][safepoint    ] Total time for which application threads were stopped: 0.0000896 seconds, Stopping threads took: 0.0000182 seconds
[2019-12-09T08:53:25.191+0000][1][safepoint    ] Application time: 1.0000764 seconds
[2019-12-09T08:53:25.191+0000][1][safepoint    ] Entering safepoint region: Cleanup
[2019-12-09T08:53:25.191+0000][1][safepoint    ] Leaving safepoint region
[2019-12-09T08:53:25.191+0000][1][safepoint    ] Total time for which application threads were stopped: 0.0000968 seconds, Stopping threads took: 0.0000167 seconds
[2019-12-09T08:53:26.192+0000][1][safepoint    ] Application time: 1.0000742 seconds
[2019-12-09T08:53:26.192+0000][1][safepoint    ] Entering safepoint region: Cleanup
[2019-12-09T08:53:26.192+0000][1][safepoint    ] Leaving safepoint region
[2019-12-09T08:53:26.192+0000][1][safepoint    ] Total time for which application threads were stopped: 0.0000960 seconds, Stopping threads took: 0.0000153 seconds
[2019-12-09T08:53:27.192+0000][1][safepoint    ] Application time: 1.0000728 seconds
[2019-12-09T08:53:27.192+0000][1][safepoint    ] Entering safepoint region: Cleanup
[2019-12-09T08:53:27.192+0000][1][safepoint    ] Leaving safepoint region
[2019-12-09T08:53:27.192+0000][1][safepoint    ] Total time for which application threads were stopped: 0.0000866 seconds, Stopping threads took: 0.0000163 seconds
[2019-12-09T08:53:28.192+0000][1][safepoint    ] Application time: 1.0000742 seconds
[2019-12-09T08:53:28.192+0000][1][safepoint    ] Entering safepoint region: Cleanup
[2019-12-09T08:53:28.192+0000][1][safepoint    ] Leaving safepoint region
[2019-12-09T08:53:28.192+0000][1][safepoint    ] Total time for which application threads were stopped: 0.0000875 seconds, Stopping threads took: 0.0000176 seconds
[2019-12-09T08:53:29.192+0000][1][safepoint    ] Application time: 1.0000755 seconds
[2019-12-09T08:53:29.192+0000][1][safepoint    ] Entering safepoint region: Cleanup
[2019-12-09T08:53:29.192+0000][1][safepoint    ] Leaving safepoint region
[2019-12-09T08:53:29.192+0000][1][safepoint    ] Total time for which application threads were stopped: 0.0000822 seconds, Stopping threads took: 0.0000159 seconds
[2019-12-09T08:53:30.192+0000][1][safepoint    ] Application time: 1.0000738 seconds
[2019-12-09T08:53:30.192+0000][1][safepoint    ] Entering safepoint region: Cleanup
[2019-12-09T08:53:30.193+0000][1][safepoint    ] Leaving safepoint region
[2019-12-09T08:53:30.193+0000][1][safepoint    ] Total time for which application threads were stopped: 0.0000878 seconds, Stopping threads took: 0.0000180 seconds
[2019-12-09T08:53:31.193+0000][1][safepoint    ] Application time: 1.0000737 seconds
[2019-12-09T08:53:31.193+0000][1][safepoint    ] Entering safepoint region: Cleanup
[2019-12-09T08:53:31.193+0000][1][safepoint    ] Leaving safepoint region
[2019-12-09T08:53:31.193+0000][1][safepoint    ] Total time for which application threads were stopped: 0.0001050 seconds, Stopping threads took: 0.0000163 seconds
[2019-12-09T08:53:32.193+0000][1][safepoint    ] Application time: 1.0000766 seconds
[2019-12-09T08:53:32.193+0000][1][safepoint    ] Entering safepoint region: Cleanup
[2019-12-09T08:53:32.193+0000][1][safepoint    ] Leaving safepoint region
[2019-12-09T08:53:32.193+0000][1][safepoint    ] Total time for which application threads were stopped: 0.0000981 seconds, Stopping threads took: 0.0000178 seconds
[2019-12-09T08:53:33.193+0000][1][safepoint    ] Application time: 1.0000769 seconds
[2019-12-09T08:53:33.193+0000][1][safepoint    ] Entering safepoint region: Cleanup
[2019-12-09T08:53:33.193+0000][1][safepoint    ] Leaving safepoint region
[2019-12-09T08:53:33.193+0000][1][safepoint    ] Total time for which application threads were stopped: 0.0000886 seconds, Stopping threads took: 0.0000178 seconds
[2019-12-09T08:53:34.193+0000][1][safepoint    ] Application time: 1.0000747 seconds
[2019-12-09T08:53:34.193+0000][1][safepoint    ] Entering safepoint region: Cleanup
[2019-12-09T08:53:34.193+0000][1][safepoint    ] Leaving safepoint region
[2019-12-09T08:53:34.193+0000][1][safepoint    ] Total time for which application threads were stopped: 0.0000877 seconds, Stopping threads took: 0.0000164 seconds
[2019-12-09T08:53:35.193+0000][1][safepoint    ] Application time: 1.0000762 seconds
[2019-12-09T08:53:35.193+0000][1][safepoint    ] Entering safepoint region: Cleanup
[2019-12-09T08:53:35.194+0000][1][safepoint    ] Leaving safepoint region
[2019-12-09T08:53:35.194+0000][1][safepoint    ] Total time for which application threads were stopped: 0.0000889 seconds, Stopping threads took: 0.0000183 seconds
[2019-12-09T08:53:36.194+0000][1][safepoint    ] Application time: 1.0000745 seconds
[2019-12-09T08:53:36.194+0000][1][safepoint    ] Entering safepoint region: Cleanup
[2019-12-09T08:53:36.194+0000][1][safepoint    ] Leaving safepoint region
[2019-12-09T08:53:36.194+0000][1][safepoint    ] Total time for which application threads were stopped: 0.0000907 seconds, Stopping threads took: 0.0000178 seconds
[2019-12-09T08:53:37.194+0000][1][safepoint    ] Application time: 1.0000760 seconds
[2019-12-09T08:53:37.194+0000][1][safepoint    ] Entering safepoint region: Cleanup
[2019-12-09T08:53:37.194+0000][1][safepoint    ] Leaving safepoint region
[2019-12-09T08:53:37.194+0000][1][safepoint    ] Total time for which application threads were stopped: 0.0000885 seconds, Stopping threads took: 0.0000170 seconds
[2019-12-09T08:53:38.194+0000][1][safepoint    ] Application time: 1.0000736 seconds
[2019-12-09T08:53:38.194+0000][1][safepoint    ] Entering safepoint region: Cleanup
[2019-12-09T08:53:38.194+0000][1][safepoint    ] Leaving safepoint region
[2019-12-09T08:53:38.194+0000][1][safepoint    ] Total time for which application threads were stopped: 0.0000887 seconds, Stopping threads took: 0.0000166 seconds
[2019-12-09T08:53:39.194+0000][1][safepoint    ] Application time: 1.0000726 seconds
[2019-12-09T08:53:39.194+0000][1][safepoint    ] Entering safepoint region: Cleanup
[2019-12-09T08:53:39.194+0000][1][safepoint    ] Leaving safepoint region
[2019-12-09T08:53:39.194+0000][1][safepoint    ] Total time for which application threads were stopped: 0.0000913 seconds, Stopping threads took: 0.0000161 seconds
[2019-12-09T08:53:40.195+0000][1][safepoint    ] Application time: 1.0000762 seconds
[2019-12-09T08:53:40.195+0000][1][safepoint    ] Entering safepoint region: Cleanup
[2019-12-09T08:53:40.195+0000][1][safepoint    ] Leaving safepoint region
[2019-12-09T08:53:40.195+0000][1][safepoint    ] Total time for which application threads were stopped: 0.0000906 seconds, Stopping threads took: 0.0000188 seconds
[2019-12-09T08:53:41.195+0000][1][safepoint    ] Application time: 1.0000737 seconds
[2019-12-09T08:53:41.195+0000][1][safepoint    ] Entering safepoint region: Cleanup
[2019-12-09T08:53:41.195+0000][1][safepoint    ] Leaving safepoint region
[2019-12-09T08:53:41.195+0000][1][safepoint    ] Total time for which application threads were stopped: 0.0000886 seconds, Stopping threads took: 0.0000163 seconds
[2019-12-09T08:53:42.195+0000][1][safepoint    ] Application time: 1.0000764 seconds
[2019-12-09T08:53:42.195+0000][1][safepoint    ] Entering safepoint region: Cleanup
[2019-12-09T08:53:42.195+0000][1][safepoint    ] Leaving safepoint region
[2019-12-09T08:53:42.195+0000][1][safepoint    ] Total time for which application threads were stopped: 0.0000937 seconds, Stopping threads took: 0.0000245 seconds
[2019-12-09T08:53:43.195+0000][1][safepoint    ] Application time: 1.0000761 seconds
[2019-12-09T08:53:43.195+0000][1][safepoint    ] Entering safepoint region: Cleanup
[2019-12-09T08:53:43.195+0000][1][safepoint    ] Leaving safepoint region
[2019-12-09T08:53:43.195+0000][1][safepoint    ] Total time for which application threads were stopped: 0.0000899 seconds, Stopping threads took: 0.0000181 seconds
[2019-12-09T08:53:44.188+0000][1][safepoint    ] Application time: 0.9931936 seconds
[2019-12-09T08:53:44.189+0000][1][safepoint    ] Entering safepoint region: GenCollectForAllocation
[2019-12-09T08:53:44.189+0000][1][gc,start     ] GC(87) Pause Young (Allocation Failure)
[2019-12-09T08:53:44.189+0000][1][gc,task      ] GC(87) Using 2 workers of 2 for evacuation
[2019-12-09T08:53:44.190+0000][1][gc,age       ] GC(87) Desired survivor size 4456448 bytes, new threshold 6 (max threshold 6)
[2019-12-09T08:53:44.190+0000][1][gc,age       ] GC(87) Age table with threshold 6 (max threshold 6)
[2019-12-09T08:53:44.190+0000][1][gc,age       ] GC(87) - age   1:       9136 bytes,       9136 total
[2019-12-09T08:53:44.190+0000][1][gc,age       ] GC(87) - age   2:       1776 bytes,      10912 total
[2019-12-09T08:53:44.190+0000][1][gc,age       ] GC(87) - age   3:        192 bytes,      11104 total
[2019-12-09T08:53:44.190+0000][1][gc,age       ] GC(87) - age   4:        960 bytes,      12064 total
[2019-12-09T08:53:44.190+0000][1][gc,age       ] GC(87) - age   6:        120 bytes,      12184 total
[2019-12-09T08:53:44.190+0000][1][gc,heap      ] GC(87) ParNew: 69970K->17K(78656K)
[2019-12-09T08:53:44.190+0000][1][gc,heap      ] GC(87) CMS: 75203K->75204K(174784K)
[2019-12-09T08:53:44.190+0000][1][gc,metaspace ] GC(87) Metaspace: 79676K->79676K(1122304K)
[2019-12-09T08:53:44.190+0000][1][gc           ] GC(87) Pause Young (Allocation Failure) 141M->73M(247M) 1.659ms
[2019-12-09T08:53:44.190+0000][1][gc,cpu       ] GC(87) User=0.00s Sys=0.01s Real=0.00s
[2019-12-09T08:53:44.190+0000][1][safepoint    ] Leaving safepoint region
[2019-12-09T08:53:44.190+0000][1][safepoint    ] Total time for which application threads were stopped: 0.0018220 seconds, Stopping threads took: 0.0000177 seconds
[2019-12-09T08:53:45.190+0000][1][safepoint    ] Application time: 1.0000874 seconds
[2019-12-09T08:53:45.190+0000][1][safepoint    ] Entering safepoint region: Cleanup
[2019-12-09T08:53:45.191+0000][1][safepoint    ] Leaving safepoint region
[2019-12-09T08:53:45.191+0000][1][safepoint    ] Total time for which application threads were stopped: 0.0000920 seconds, Stopping threads took: 0.0000191 seconds
[2019-12-09T08:53:46.191+0000][1][safepoint    ] Application time: 1.0000749 seconds
[2019-12-09T08:53:46.191+0000][1][safepoint    ] Entering safepoint region: Cleanup
[2019-12-09T08:53:46.191+0000][1][safepoint    ] Leaving safepoint region
[2019-12-09T08:53:46.191+0000][1][safepoint    ] Total time for which application threads were stopped: 0.0001078 seconds, Stopping threads took: 0.0000341 seconds
[2019-12-09T08:53:47.191+0000][1][safepoint    ] Application time: 1.0000745 seconds
[2019-12-09T08:53:47.191+0000][1][safepoint    ] Entering safepoint region: Cleanup
[2019-12-09T08:53:47.191+0000][1][safepoint    ] Leaving safepoint region
[2019-12-09T08:53:47.191+0000][1][safepoint    ] Total time for which application threads were stopped: 0.0000918 seconds, Stopping threads took: 0.0000191 seconds
[2019-12-09T08:53:48.191+0000][1][safepoint    ] Application time: 1.0000756 seconds
[2019-12-09T08:53:48.191+0000][1][safepoint    ] Entering safepoint region: Cleanup
[2019-12-09T08:53:48.191+0000][1][safepoint    ] Leaving safepoint region
[2019-12-09T08:53:48.191+0000][1][safepoint    ] Total time for which application threads were stopped: 0.0000928 seconds, Stopping threads took: 0.0000192 seconds
[2019-12-09T08:53:49.191+0000][1][safepoint    ] Application time: 1.0000758 seconds
[2019-12-09T08:53:49.191+0000][1][safepoint    ] Entering safepoint region: Cleanup
[2019-12-09T08:53:49.191+0000][1][safepoint    ] Leaving safepoint region
[2019-12-09T08:53:49.191+0000][1][safepoint    ] Total time for which application threads were stopped: 0.0001002 seconds, Stopping threads took: 0.0000270 seconds
[2019-12-09T08:53:50.192+0000][1][safepoint    ] Application time: 1.0000763 seconds
[2019-12-09T08:53:50.192+0000][1][safepoint    ] Entering safepoint region: Cleanup
[2019-12-09T08:53:50.192+0000][1][safepoint    ] Leaving safepoint region
[2019-12-09T08:53:50.192+0000][1][safepoint    ] Total time for which application threads were stopped: 0.0000906 seconds, Stopping threads took: 0.0000197 seconds
[2019-12-09T08:53:51.192+0000][1][safepoint    ] Application time: 1.0000743 seconds
[2019-12-09T08:53:51.192+0000][1][safepoint    ] Entering safepoint region: Cleanup
[2019-12-09T08:53:51.192+0000][1][safepoint    ] Leaving safepoint region
[2019-12-09T08:53:51.192+0000][1][safepoint    ] Total time for which application threads were stopped: 0.0000897 seconds, Stopping threads took: 0.0000183 seconds
[2019-12-09T08:53:52.192+0000][1][safepoint    ] Application time: 1.0000746 seconds
[2019-12-09T08:53:52.192+0000][1][safepoint    ] Entering safepoint region: Cleanup
[2019-12-09T08:53:52.192+0000][1][safepoint    ] Leaving safepoint region
[2019-12-09T08:53:52.192+0000][1][safepoint    ] Total time for which application threads were stopped: 0.0000908 seconds, Stopping threads took: 0.0000191 seconds
[2019-12-09T08:53:53.192+0000][1][safepoint    ] Application time: 1.0000762 seconds
[2019-12-09T08:53:53.192+0000][1][safepoint    ] Entering safepoint region: Cleanup
[2019-12-09T08:53:53.192+0000][1][safepoint    ] Leaving safepoint region
[2019-12-09T08:53:53.192+0000][1][safepoint    ] Total time for which application threads were stopped: 0.0000919 seconds, Stopping threads took: 0.0000192 seconds
[2019-12-09T08:53:54.192+0000][1][safepoint    ] Application time: 1.0000777 seconds
[2019-12-09T08:53:54.192+0000][1][safepoint    ] Entering safepoint region: Cleanup
[2019-12-09T08:53:54.192+0000][1][safepoint    ] Leaving safepoint region
[2019-12-09T08:53:54.192+0000][1][safepoint    ] Total time for which application threads were stopped: 0.0000889 seconds, Stopping threads took: 0.0000179 seconds
[2019-12-09T08:53:55.193+0000][1][safepoint    ] Application time: 1.0000746 seconds
[2019-12-09T08:53:55.193+0000][1][safepoint    ] Entering safepoint region: Cleanup
[2019-12-09T08:53:55.193+0000][1][safepoint    ] Leaving safepoint region
[2019-12-09T08:53:55.193+0000][1][safepoint    ] Total time for which application threads were stopped: 0.0001122 seconds, Stopping threads took: 0.0000189 seconds
[2019-12-09T08:53:56.193+0000][1][safepoint    ] Application time: 1.0000771 seconds
[2019-12-09T08:53:56.193+0000][1][safepoint    ] Entering safepoint region: Cleanup
[2019-12-09T08:53:56.193+0000][1][safepoint    ] Leaving safepoint region
[2019-12-09T08:53:56.193+0000][1][safepoint    ] Total time for which application threads were stopped: 0.0000910 seconds, Stopping threads took: 0.0000190 seconds
[2019-12-09T08:53:57.193+0000][1][safepoint    ] Application time: 1.0000755 seconds
[2019-12-09T08:53:57.193+0000][1][safepoint    ] Entering safepoint region: Cleanup
[2019-12-09T08:53:57.193+0000][1][safepoint    ] Leaving safepoint region
[2019-12-09T08:53:57.193+0000][1][safepoint    ] Total time for which application threads were stopped: 0.0000913 seconds, Stopping threads took: 0.0000180 seconds
[2019-12-09T08:53:58.193+0000][1][safepoint    ] Application time: 1.0000763 seconds
[2019-12-09T08:53:58.193+0000][1][safepoint    ] Entering safepoint region: Cleanup
[2019-12-09T08:53:58.193+0000][1][safepoint    ] Leaving safepoint region
[2019-12-09T08:53:58.193+0000][1][safepoint    ] Total time for which application threads were stopped: 0.0000952 seconds, Stopping threads took: 0.0000201 seconds
[2019-12-09T08:53:59.193+0000][1][safepoint    ] Application time: 1.0000774 seconds
[2019-12-09T08:53:59.193+0000][1][safepoint    ] Entering safepoint region: Cleanup
[2019-12-09T08:53:59.194+0000][1][safepoint    ] Leaving safepoint region
[2019-12-09T08:53:59.194+0000][1][safepoint    ] Total time for which application threads were stopped: 0.0000995 seconds, Stopping threads took: 0.0000268 seconds
[2019-12-09T08:54:00.194+0000][1][safepoint    ] Application time: 1.0000763 seconds
[2019-12-09T08:54:00.194+0000][1][safepoint    ] Entering safepoint region: Cleanup
[2019-12-09T08:54:00.194+0000][1][safepoint    ] Leaving safepoint region
[2019-12-09T08:54:00.194+0000][1][safepoint    ] Total time for which application threads were stopped: 0.0001030 seconds, Stopping threads took: 0.0000254 seconds
[2019-12-09T08:54:01.194+0000][1][safepoint    ] Application time: 1.0000822 seconds
[2019-12-09T08:54:01.194+0000][1][safepoint    ] Entering safepoint region: Cleanup
[2019-12-09T08:54:01.194+0000][1][safepoint    ] Leaving safepoint region
[2019-12-09T08:54:01.194+0000][1][safepoint    ] Total time for which application threads were stopped: 0.0000978 seconds, Stopping threads took: 0.0000266 seconds
[2019-12-09T08:54:02.194+0000][1][safepoint    ] Application time: 1.0000757 seconds
[2019-12-09T08:54:02.194+0000][1][safepoint    ] Entering safepoint region: Cleanup
[2019-12-09T08:54:02.194+0000][1][safepoint    ] Leaving safepoint region
[2019-12-09T08:54:02.194+0000][1][safepoint    ] Total time for which application threads were stopped: 0.0000934 seconds, Stopping threads took: 0.0000193 seconds
[2019-12-09T08:54:03.194+0000][1][safepoint    ] Application time: 1.0000804 seconds
[2019-12-09T08:54:03.194+0000][1][safepoint    ] Entering safepoint region: Cleanup
[2019-12-09T08:54:03.194+0000][1][safepoint    ] Leaving safepoint region
[2019-12-09T08:54:03.194+0000][1][safepoint    ] Total time for which application threads were stopped: 0.0000917 seconds, Stopping threads took: 0.0000185 seconds
[2019-12-09T08:54:04.195+0000][1][safepoint    ] Application time: 1.0000757 seconds
[2019-12-09T08:54:04.195+0000][1][safepoint    ] Entering safepoint region: Cleanup
[2019-12-09T08:54:04.195+0000][1][safepoint    ] Leaving safepoint region
[2019-12-09T08:54:04.195+0000][1][safepoint    ] Total time for which application threads were stopped: 0.0000919 seconds, Stopping threads took: 0.0000186 seconds
[2019-12-09T08:54:05.195+0000][1][safepoint    ] Application time: 1.0000770 seconds
[2019-12-09T08:54:05.195+0000][1][safepoint    ] Entering safepoint region: Cleanup
[2019-12-09T08:54:05.195+0000][1][safepoint    ] Leaving safepoint region
[2019-12-09T08:54:05.195+0000][1][safepoint    ] Total time for which application threads were stopped: 0.0000899 seconds, Stopping threads took: 0.0000176 seconds
[2019-12-09T08:54:06.195+0000][1][safepoint    ] Application time: 1.0000743 seconds
[2019-12-09T08:54:06.195+0000][1][safepoint    ] Entering safepoint region: Cleanup
[2019-12-09T08:54:06.195+0000][1][safepoint    ] Leaving safepoint region
[2019-12-09T08:54:06.195+0000][1][safepoint    ] Total time for which application threads were stopped: 0.0000900 seconds, Stopping threads took: 0.0000189 seconds
[2019-12-09T08:54:07.195+0000][1][safepoint    ] Application time: 1.0000773 seconds
[2019-12-09T08:54:07.195+0000][1][safepoint    ] Entering safepoint region: Cleanup
[2019-12-09T08:54:07.195+0000][1][safepoint    ] Leaving safepoint region
[2019-12-09T08:54:07.195+0000][1][safepoint    ] Total time for which application threads were stopped: 0.0000922 seconds, Stopping threads took: 0.0000183 seconds
[2019-12-09T08:54:08.195+0000][1][safepoint    ] Application time: 1.0000756 seconds
[2019-12-09T08:54:08.195+0000][1][safepoint    ] Entering safepoint region: Cleanup
[2019-12-09T08:54:08.196+0000][1][safepoint    ] Leaving safepoint region
[2019-12-09T08:54:08.196+0000][1][safepoint    ] Total time for which application threads were stopped: 0.0000975 seconds, Stopping threads took: 0.0000188 seconds
[2019-12-09T08:54:09.196+0000][1][safepoint    ] Application time: 1.0000789 seconds
[2019-12-09T08:54:09.196+0000][1][safepoint    ] Entering safepoint region: Cleanup
[2019-12-09T08:54:09.196+0000][1][safepoint    ] Leaving safepoint region
[2019-12-09T08:54:09.196+0000][1][safepoint    ] Total time for which application threads were stopped: 0.0001084 seconds, Stopping threads took: 0.0000361 seconds
[2019-12-09T08:54:10.196+0000][1][safepoint    ] Application time: 1.0000737 seconds
[2019-12-09T08:54:10.196+0000][1][safepoint    ] Entering safepoint region: Cleanup
[2019-12-09T08:54:10.196+0000][1][safepoint    ] Leaving safepoint region
[2019-12-09T08:54:10.196+0000][1][safepoint    ] Total time for which application threads were stopped: 0.0000876 seconds, Stopping threads took: 0.0000172 seconds
[2019-12-09T08:54:11.196+0000][1][safepoint    ] Application time: 1.0000746 seconds
[2019-12-09T08:54:11.196+0000][1][safepoint    ] Entering safepoint region: Cleanup
[2019-12-09T08:54:11.196+0000][1][safepoint    ] Leaving safepoint region
[2019-12-09T08:54:11.196+0000][1][safepoint    ] Total time for which application threads were stopped: 0.0000915 seconds, Stopping threads took: 0.0000175 seconds
[2019-12-09T08:54:12.196+0000][1][safepoint    ] Application time: 1.0000801 seconds
[2019-12-09T08:54:12.196+0000][1][safepoint    ] Entering safepoint region: Cleanup
[2019-12-09T08:54:12.196+0000][1][safepoint    ] Leaving safepoint region
[2019-12-09T08:54:12.196+0000][1][safepoint    ] Total time for which application threads were stopped: 0.0001052 seconds, Stopping threads took: 0.0000316 seconds
[2019-12-09T08:54:13.197+0000][1][safepoint    ] Application time: 1.0000779 seconds
[2019-12-09T08:54:13.197+0000][1][safepoint    ] Entering safepoint region: Cleanup
[2019-12-09T08:54:13.197+0000][1][safepoint    ] Leaving safepoint region
[2019-12-09T08:54:13.197+0000][1][safepoint    ] Total time for which application threads were stopped: 0.0000962 seconds, Stopping threads took: 0.0000195 seconds
[2019-12-09T08:54:14.197+0000][1][safepoint    ] Application time: 1.0000742 seconds
[2019-12-09T08:54:14.197+0000][1][safepoint    ] Entering safepoint region: Cleanup
[2019-12-09T08:54:14.197+0000][1][safepoint    ] Leaving safepoint region
[2019-12-09T08:54:14.197+0000][1][safepoint    ] Total time for which application threads were stopped: 0.0000903 seconds, Stopping threads took: 0.0000179 seconds
[2019-12-09T08:54:15.197+0000][1][safepoint    ] Application time: 1.0000765 seconds
[2019-12-09T08:54:15.197+0000][1][safepoint    ] Entering safepoint region: Cleanup
[2019-12-09T08:54:15.197+0000][1][safepoint    ] Leaving safepoint region
[2019-12-09T08:54:15.197+0000][1][safepoint    ] Total time for which application threads were stopped: 0.0000929 seconds, Stopping threads took: 0.0000179 seconds
[2019-12-09T08:54:16.364+0000][1][safepoint    ] Application time: 1.1667553 seconds
[2019-12-09T08:54:16.364+0000][1][safepoint    ] Entering safepoint region: Cleanup
[2019-12-09T08:54:16.364+0000][1][safepoint    ] Leaving safepoint region
[2019-12-09T08:54:16.364+0000][1][safepoint    ] Total time for which application threads were stopped: 0.0000868 seconds, Stopping threads took: 0.0000174 seconds
[2019-12-09T08:54:17.364+0000][1][safepoint    ] Application time: 1.0000762 seconds
[2019-12-09T08:54:17.364+0000][1][safepoint    ] Entering safepoint region: Cleanup
[2019-12-09T08:54:17.364+0000][1][safepoint    ] Leaving safepoint region
[2019-12-09T08:54:17.364+0000][1][safepoint    ] Total time for which application threads were stopped: 0.0000860 seconds, Stopping threads took: 0.0000168 seconds
[2019-12-09T08:54:18.364+0000][1][safepoint    ] Application time: 1.0000764 seconds
[2019-12-09T08:54:18.364+0000][1][safepoint    ] Entering safepoint region: Cleanup
[2019-12-09T08:54:18.364+0000][1][safepoint    ] Leaving safepoint region
[2019-12-09T08:54:18.364+0000][1][safepoint    ] Total time for which application threads were stopped: 0.0000886 seconds, Stopping threads took: 0.0000181 seconds
[2019-12-09T08:54:19.364+0000][1][safepoint    ] Application time: 1.0000764 seconds
[2019-12-09T08:54:19.364+0000][1][safepoint    ] Entering safepoint region: Cleanup
[2019-12-09T08:54:19.364+0000][1][safepoint    ] Leaving safepoint region
[2019-12-09T08:54:19.364+0000][1][safepoint    ] Total time for which application threads were stopped: 0.0000956 seconds, Stopping threads took: 0.0000182 seconds
[2019-12-09T08:54:20.365+0000][1][safepoint    ] Application time: 1.0000732 seconds
[2019-12-09T08:54:20.365+0000][1][safepoint    ] Entering safepoint region: Cleanup
[2019-12-09T08:54:20.365+0000][1][safepoint    ] Leaving safepoint region
[2019-12-09T08:54:20.365+0000][1][safepoint    ] Total time for which application threads were stopped: 0.0001003 seconds, Stopping threads took: 0.0000181 seconds
[2019-12-09T08:54:21.365+0000][1][safepoint    ] Application time: 1.0000773 seconds
[2019-12-09T08:54:21.365+0000][1][safepoint    ] Entering safepoint region: Cleanup
[2019-12-09T08:54:21.365+0000][1][safepoint    ] Leaving safepoint region
[2019-12-09T08:54:21.365+0000][1][safepoint    ] Total time for which application threads were stopped: 0.0000871 seconds, Stopping threads took: 0.0000165 seconds
[2019-12-09T08:54:22.365+0000][1][safepoint    ] Application time: 1.0000774 seconds
[2019-12-09T08:54:22.365+0000][1][safepoint    ] Entering safepoint region: Cleanup
[2019-12-09T08:54:22.365+0000][1][safepoint    ] Leaving safepoint region
[2019-12-09T08:54:22.365+0000][1][safepoint    ] Total time for which application threads were stopped: 0.0000889 seconds, Stopping threads took: 0.0000187 seconds
[2019-12-09T08:54:23.365+0000][1][safepoint    ] Application time: 1.0000769 seconds
[2019-12-09T08:54:23.365+0000][1][safepoint    ] Entering safepoint region: Cleanup
[2019-12-09T08:54:23.365+0000][1][safepoint    ] Leaving safepoint region
[2019-12-09T08:54:23.365+0000][1][safepoint    ] Total time for which application threads were stopped: 0.0000865 seconds, Stopping threads took: 0.0000169 seconds
[2019-12-09T08:54:24.365+0000][1][safepoint    ] Application time: 1.0000754 seconds
[2019-12-09T08:54:24.365+0000][1][safepoint    ] Entering safepoint region: Cleanup
[2019-12-09T08:54:24.365+0000][1][safepoint    ] Leaving safepoint region
[2019-12-09T08:54:24.365+0000][1][safepoint    ] Total time for which application threads were stopped: 0.0000856 seconds, Stopping threads took: 0.0000176 seconds
[2019-12-09T08:54:25.366+0000][1][safepoint    ] Application time: 1.0000753 seconds
[2019-12-09T08:54:25.366+0000][1][safepoint    ] Entering safepoint region: Cleanup
[2019-12-09T08:54:25.366+0000][1][safepoint    ] Leaving safepoint region
[2019-12-09T08:54:25.366+0000][1][safepoint    ] Total time for which application threads were stopped: 0.0000856 seconds, Stopping threads took: 0.0000181 seconds
[2019-12-09T08:54:26.366+0000][1][safepoint    ] Application time: 1.0000770 seconds
[2019-12-09T08:54:26.366+0000][1][safepoint    ] Entering safepoint region: Cleanup
[2019-12-09T08:54:26.366+0000][1][safepoint    ] Leaving safepoint region
[2019-12-09T08:54:26.366+0000][1][safepoint    ] Total time for which application threads were stopped: 0.0000893 seconds, Stopping threads took: 0.0000181 seconds
[2019-12-09T08:54:27.366+0000][1][safepoint    ] Application time: 1.0000781 seconds
[2019-12-09T08:54:27.366+0000][1][safepoint    ] Entering safepoint region: Cleanup
[2019-12-09T08:54:27.366+0000][1][safepoint    ] Leaving safepoint region
[2019-12-09T08:54:27.366+0000][1][safepoint    ] Total time for which application threads were stopped: 0.0000892 seconds, Stopping threads took: 0.0000179 seconds
[2019-12-09T08:54:28.366+0000][1][safepoint    ] Application time: 1.0000749 seconds
[2019-12-09T08:54:28.366+0000][1][safepoint    ] Entering safepoint region: Cleanup
[2019-12-09T08:54:28.366+0000][1][safepoint    ] Leaving safepoint region
[2019-12-09T08:54:28.366+0000][1][safepoint    ] Total time for which application threads were stopped: 0.0000876 seconds, Stopping threads took: 0.0000185 seconds
[2019-12-09T08:54:29.366+0000][1][safepoint    ] Application time: 1.0000754 seconds
[2019-12-09T08:54:29.366+0000][1][safepoint    ] Entering safepoint region: Cleanup
[2019-12-09T08:54:29.366+0000][1][safepoint    ] Leaving safepoint region
[2019-12-09T08:54:29.366+0000][1][safepoint    ] Total time for which application threads were stopped: 0.0000952 seconds, Stopping threads took: 0.0000177 seconds
[2019-12-09T08:54:30.366+0000][1][safepoint    ] Application time: 1.0000745 seconds
[2019-12-09T08:54:30.367+0000][1][safepoint    ] Entering safepoint region: Cleanup
[2019-12-09T08:54:30.367+0000][1][safepoint    ] Leaving safepoint region
[2019-12-09T08:54:30.367+0000][1][safepoint    ] Total time for which application threads were stopped: 0.0000853 seconds, Stopping threads took: 0.0000171 seconds
[2019-12-09T08:54:31.422+0000][1][safepoint    ] Application time: 1.0554507 seconds
[2019-12-09T08:54:31.422+0000][1][safepoint    ] Entering safepoint region: Cleanup
[2019-12-09T08:54:31.422+0000][1][safepoint    ] Leaving safepoint region
[2019-12-09T08:54:31.422+0000][1][safepoint    ] Total time for which application threads were stopped: 0.0000930 seconds, Stopping threads took: 0.0000201 seconds
[2019-12-09T08:54:32.422+0000][1][safepoint    ] Application time: 1.0000823 seconds
[2019-12-09T08:54:32.422+0000][1][safepoint    ] Entering safepoint region: Cleanup
[2019-12-09T08:54:32.422+0000][1][safepoint    ] Leaving safepoint region
[2019-12-09T08:54:32.422+0000][1][safepoint    ] Total time for which application threads were stopped: 0.0000933 seconds, Stopping threads took: 0.0000185 seconds
[2019-12-09T08:54:33.422+0000][1][safepoint    ] Application time: 1.0000791 seconds
[2019-12-09T08:54:33.423+0000][1][safepoint    ] Entering safepoint region: Cleanup
[2019-12-09T08:54:33.423+0000][1][safepoint    ] Leaving safepoint region
[2019-12-09T08:54:33.423+0000][1][safepoint    ] Total time for which application threads were stopped: 0.0000939 seconds, Stopping threads took: 0.0000193 seconds
[2019-12-09T08:54:34.423+0000][1][safepoint    ] Application time: 1.0000795 seconds
[2019-12-09T08:54:34.423+0000][1][safepoint    ] Entering safepoint region: Cleanup
[2019-12-09T08:54:34.423+0000][1][safepoint    ] Leaving safepoint region
[2019-12-09T08:54:34.423+0000][1][safepoint    ] Total time for which application threads were stopped: 0.0000915 seconds, Stopping threads took: 0.0000182 seconds
[2019-12-09T08:54:35.423+0000][1][safepoint    ] Application time: 1.0000779 seconds
[2019-12-09T08:54:35.423+0000][1][safepoint    ] Entering safepoint region: Cleanup
[2019-12-09T08:54:35.423+0000][1][safepoint    ] Leaving safepoint region
[2019-12-09T08:54:35.423+0000][1][safepoint    ] Total time for which application threads were stopped: 0.0000909 seconds, Stopping threads took: 0.0000182 seconds
[2019-12-09T08:54:36.423+0000][1][safepoint    ] Application time: 1.0000773 seconds
[2019-12-09T08:54:36.423+0000][1][safepoint    ] Entering safepoint region: Cleanup
[2019-12-09T08:54:36.423+0000][1][safepoint    ] Leaving safepoint region
[2019-12-09T08:54:36.423+0000][1][safepoint    ] Total time for which application threads were stopped: 0.0000982 seconds, Stopping threads took: 0.0000217 seconds
[2019-12-09T08:54:37.423+0000][1][safepoint    ] Application time: 1.0000782 seconds
[2019-12-09T08:54:37.423+0000][1][safepoint    ] Entering safepoint region: Cleanup
[2019-12-09T08:54:37.423+0000][1][safepoint    ] Leaving safepoint region
[2019-12-09T08:54:37.423+0000][1][safepoint    ] Total time for which application threads were stopped: 0.0000917 seconds, Stopping threads took: 0.0000185 seconds
[2019-12-09T08:54:38.424+0000][1][safepoint    ] Application time: 1.0000764 seconds
[2019-12-09T08:54:38.424+0000][1][safepoint    ] Entering safepoint region: Cleanup
[2019-12-09T08:54:38.424+0000][1][safepoint    ] Leaving safepoint region
[2019-12-09T08:54:38.424+0000][1][safepoint    ] Total time for which application threads were stopped: 0.0001033 seconds, Stopping threads took: 0.0000190 seconds
[2019-12-09T08:54:39.424+0000][1][safepoint    ] Application time: 1.0000773 seconds
[2019-12-09T08:54:39.424+0000][1][safepoint    ] Entering safepoint region: Cleanup
[2019-12-09T08:54:39.424+0000][1][safepoint    ] Leaving safepoint region
[2019-12-09T08:54:39.424+0000][1][safepoint    ] Total time for which application threads were stopped: 0.0000985 seconds, Stopping threads took: 0.0000183 seconds
[2019-12-09T08:54:40.424+0000][1][safepoint    ] Application time: 1.0000756 seconds
[2019-12-09T08:54:40.424+0000][1][safepoint    ] Entering safepoint region: Cleanup
[2019-12-09T08:54:40.424+0000][1][safepoint    ] Leaving safepoint region
[2019-12-09T08:54:40.424+0000][1][safepoint    ] Total time for which application threads were stopped: 0.0000912 seconds, Stopping threads took: 0.0000199 seconds
[2019-12-09T08:54:41.424+0000][1][safepoint    ] Application time: 1.0000793 seconds
[2019-12-09T08:54:41.424+0000][1][safepoint    ] Entering safepoint region: Cleanup
[2019-12-09T08:54:41.424+0000][1][safepoint    ] Leaving safepoint region
[2019-12-09T08:54:41.424+0000][1][safepoint    ] Total time for which application threads were stopped: 0.0000960 seconds, Stopping threads took: 0.0000202 seconds
[2019-12-09T08:54:42.424+0000][1][safepoint    ] Application time: 1.0000915 seconds
[2019-12-09T08:54:42.424+0000][1][safepoint    ] Entering safepoint region: Cleanup
[2019-12-09T08:54:42.425+0000][1][safepoint    ] Leaving safepoint region
[2019-12-09T08:54:42.425+0000][1][safepoint    ] Total time for which application threads were stopped: 0.0001309 seconds, Stopping threads took: 0.0000337 seconds
[2019-12-09T08:54:43.425+0000][1][safepoint    ] Application time: 1.0000890 seconds
[2019-12-09T08:54:43.425+0000][1][safepoint    ] Entering safepoint region: Cleanup
[2019-12-09T08:54:43.425+0000][1][safepoint    ] Leaving safepoint region
[2019-12-09T08:54:43.425+0000][1][safepoint    ] Total time for which application threads were stopped: 0.0000938 seconds, Stopping threads took: 0.0000203 seconds
[2019-12-09T08:54:44.425+0000][1][safepoint    ] Application time: 1.0000745 seconds
[2019-12-09T08:54:44.425+0000][1][safepoint    ] Entering safepoint region: Cleanup
[2019-12-09T08:54:44.425+0000][1][safepoint    ] Leaving safepoint region
[2019-12-09T08:54:44.425+0000][1][safepoint    ] Total time for which application threads were stopped: 0.0000906 seconds, Stopping threads took: 0.0000182 seconds
[2019-12-09T08:54:45.425+0000][1][safepoint    ] Application time: 1.0000767 seconds
[2019-12-09T08:54:45.425+0000][1][safepoint    ] Entering safepoint region: Cleanup
[2019-12-09T08:54:45.425+0000][1][safepoint    ] Leaving safepoint region
[2019-12-09T08:54:45.425+0000][1][safepoint    ] Total time for which application threads were stopped: 0.0000897 seconds, Stopping threads took: 0.0000190 seconds
[2019-12-09T08:54:46.425+0000][1][safepoint    ] Application time: 1.0000763 seconds
[2019-12-09T08:54:46.425+0000][1][safepoint    ] Entering safepoint region: Cleanup
[2019-12-09T08:54:46.425+0000][1][safepoint    ] Leaving safepoint region
[2019-12-09T08:54:46.425+0000][1][safepoint    ] Total time for which application threads were stopped: 0.0000908 seconds, Stopping threads took: 0.0000183 seconds
[2019-12-09T08:54:47.426+0000][1][safepoint    ] Application time: 1.0000750 seconds
[2019-12-09T08:54:47.426+0000][1][safepoint    ] Entering safepoint region: Cleanup
[2019-12-09T08:54:47.426+0000][1][safepoint    ] Leaving safepoint region
[2019-12-09T08:54:47.426+0000][1][safepoint    ] Total time for which application threads were stopped: 0.0000947 seconds, Stopping threads took: 0.0000191 seconds
[2019-12-09T08:54:48.426+0000][1][safepoint    ] Application time: 1.0000786 seconds
[2019-12-09T08:54:48.426+0000][1][safepoint    ] Entering safepoint region: Cleanup
[2019-12-09T08:54:48.426+0000][1][safepoint    ] Leaving safepoint region
[2019-12-09T08:54:48.426+0000][1][safepoint    ] Total time for which application threads were stopped: 0.0000933 seconds, Stopping threads took: 0.0000200 seconds
[2019-12-09T08:54:49.426+0000][1][safepoint    ] Application time: 1.0000739 seconds
[2019-12-09T08:54:49.426+0000][1][safepoint    ] Entering safepoint region: Cleanup
[2019-12-09T08:54:49.426+0000][1][safepoint    ] Leaving safepoint region
[2019-12-09T08:54:49.426+0000][1][safepoint    ] Total time for which application threads were stopped: 0.0000959 seconds, Stopping threads took: 0.0000201 seconds
[2019-12-09T08:54:50.426+0000][1][safepoint    ] Application time: 1.0000758 seconds
[2019-12-09T08:54:50.426+0000][1][safepoint    ] Entering safepoint region: Cleanup
[2019-12-09T08:54:50.426+0000][1][safepoint    ] Leaving safepoint region
[2019-12-09T08:54:50.426+0000][1][safepoint    ] Total time for which application threads were stopped: 0.0000945 seconds, Stopping threads took: 0.0000186 seconds
[2019-12-09T08:54:51.426+0000][1][safepoint    ] Application time: 1.0000746 seconds
[2019-12-09T08:54:51.426+0000][1][safepoint    ] Entering safepoint region: Cleanup
[2019-12-09T08:54:51.427+0000][1][safepoint    ] Leaving safepoint region
[2019-12-09T08:54:51.427+0000][1][safepoint    ] Total time for which application threads were stopped: 0.0000905 seconds, Stopping threads took: 0.0000171 seconds
[2019-12-09T08:54:52.427+0000][1][safepoint    ] Application time: 1.0000752 seconds
[2019-12-09T08:54:52.427+0000][1][safepoint    ] Entering safepoint region: Cleanup
