[2019-12-08T11:32:34.249+0000][1][gc] Using Concurrent Mark Sweep
[2019-12-08T11:32:34.249+0000][1][gc,heap,coops] Heap address: 0x00000000f0000000, size: 256 MB, Compressed Oops mode: 32-bit
[2019-12-08T11:32:34.460+0000][1][safepoint    ] Entering safepoint region: EnableBiasedLocking
[2019-12-08T11:32:34.460+0000][1][safepoint    ] Leaving safepoint region
[2019-12-08T11:32:34.460+0000][1][safepoint    ] Total time for which application threads were stopped: 0.0138219 seconds, Stopping threads took: 0.0137277 seconds
[2019-12-08T11:32:34.481+0000][1][safepoint    ] Application time: 0.0186522 seconds
[2019-12-08T11:32:34.499+0000][1][safepoint    ] Entering safepoint region: RevokeBias
[2019-12-08T11:32:34.499+0000][1][safepoint    ] Leaving safepoint region
[2019-12-08T11:32:34.499+0000][1][safepoint    ] Total time for which application threads were stopped: 0.0181025 seconds, Stopping threads took: 0.0180260 seconds
[2019-12-08T11:32:34.520+0000][1][safepoint    ] Application time: 0.0211293 seconds
[2019-12-08T11:32:34.520+0000][1][safepoint    ] Entering safepoint region: Deoptimize
[2019-12-08T11:32:34.520+0000][1][safepoint    ] Leaving safepoint region
[2019-12-08T11:32:34.520+0000][1][safepoint    ] Total time for which application threads were stopped: 0.0000503 seconds, Stopping threads took: 0.0000100 seconds
[2019-12-08T11:32:34.833+0000][1][safepoint    ] Application time: 0.3128729 seconds
[2019-12-08T11:32:34.855+0000][1][safepoint    ] Entering safepoint region: Deoptimize
[2019-12-08T11:32:34.855+0000][1][safepoint    ] Leaving safepoint region
[2019-12-08T11:32:34.855+0000][1][safepoint    ] Total time for which application threads were stopped: 0.0218401 seconds, Stopping threads took: 0.0217385 seconds
[2019-12-08T11:32:35.859+0000][1][safepoint    ] Application time: 1.0038576 seconds
[2019-12-08T11:32:35.859+0000][1][safepoint    ] Entering safepoint region: Cleanup
[2019-12-08T11:32:35.859+0000][1][safepoint    ] Leaving safepoint region
[2019-12-08T11:32:35.859+0000][1][safepoint    ] Total time for which application threads were stopped: 0.0000893 seconds, Stopping threads took: 0.0000156 seconds
[2019-12-08T11:32:36.304+0000][1][safepoint    ] Application time: 0.4452572 seconds
[2019-12-08T11:32:36.304+0000][1][safepoint    ] Entering safepoint region: Deoptimize
[2019-12-08T11:32:36.304+0000][1][safepoint    ] Leaving safepoint region
[2019-12-08T11:32:36.304+0000][1][safepoint    ] Total time for which application threads were stopped: 0.0001641 seconds, Stopping threads took: 0.0000115 seconds
[2019-12-08T11:32:36.529+0000][1][safepoint    ] Application time: 0.2248355 seconds
[2019-12-08T11:32:36.529+0000][1][safepoint    ] Entering safepoint region: Deoptimize
[2019-12-08T11:32:36.529+0000][1][safepoint    ] Leaving safepoint region
[2019-12-08T11:32:36.529+0000][1][safepoint    ] Total time for which application threads were stopped: 0.0001654 seconds, Stopping threads took: 0.0000112 seconds
[2019-12-08T11:32:36.550+0000][1][safepoint    ] Application time: 0.0203838 seconds
[2019-12-08T11:32:36.550+0000][1][safepoint    ] Entering safepoint region: Deoptimize
[2019-12-08T11:32:36.550+0000][1][safepoint    ] Leaving safepoint region
[2019-12-08T11:32:36.550+0000][1][safepoint    ] Total time for which application threads were stopped: 0.0001498 seconds, Stopping threads took: 0.0000131 seconds
[2019-12-08T11:32:37.555+0000][1][safepoint    ] Application time: 1.0050416 seconds
[2019-12-08T11:32:37.568+0000][1][safepoint    ] Entering safepoint region: Cleanup
[2019-12-08T11:32:37.568+0000][1][safepoint    ] Leaving safepoint region
[2019-12-08T11:32:37.568+0000][1][safepoint    ] Total time for which application threads were stopped: 0.0128430 seconds, Stopping threads took: 0.0127713 seconds
[2019-12-08T11:32:38.569+0000][1][safepoint    ] Application time: 1.0008490 seconds
[2019-12-08T11:32:38.569+0000][1][safepoint    ] Entering safepoint region: Cleanup
[2019-12-08T11:32:38.569+0000][1][safepoint    ] Leaving safepoint region
[2019-12-08T11:32:38.569+0000][1][safepoint    ] Total time for which application threads were stopped: 0.0000658 seconds, Stopping threads took: 0.0000127 seconds
[2019-12-08T11:32:38.988+0000][1][safepoint    ] Application time: 0.4196590 seconds
[2019-12-08T11:32:38.989+0000][1][safepoint    ] Entering safepoint region: Deoptimize
[2019-12-08T11:32:38.989+0000][1][safepoint    ] Leaving safepoint region
[2019-12-08T11:32:38.989+0000][1][safepoint    ] Total time for which application threads were stopped: 0.0002422 seconds, Stopping threads took: 0.0000114 seconds
[2019-12-08T11:32:39.904+0000][1][safepoint    ] Application time: 0.9149434 seconds
[2019-12-08T11:32:39.904+0000][1][safepoint    ] Entering safepoint region: RevokeBias
[2019-12-08T11:32:39.904+0000][1][safepoint    ] Leaving safepoint region
[2019-12-08T11:32:39.904+0000][1][safepoint    ] Total time for which application threads were stopped: 0.0001193 seconds, Stopping threads took: 0.0000107 seconds
[2019-12-08T11:32:40.298+0000][1][safepoint    ] Application time: 0.3938692 seconds
[2019-12-08T11:32:40.298+0000][1][safepoint    ] Entering safepoint region: Deoptimize
[2019-12-08T11:32:40.298+0000][1][safepoint    ] Leaving safepoint region
[2019-12-08T11:32:40.298+0000][1][safepoint    ] Total time for which application threads were stopped: 0.0002491 seconds, Stopping threads took: 0.0000119 seconds
[2019-12-08T11:32:40.942+0000][1][safepoint    ] Application time: 0.6441765 seconds
[2019-12-08T11:32:40.942+0000][1][safepoint    ] Entering safepoint region: Deoptimize
[2019-12-08T11:32:40.943+0000][1][safepoint    ] Leaving safepoint region
[2019-12-08T11:32:40.943+0000][1][safepoint    ] Total time for which application threads were stopped: 0.0002695 seconds, Stopping threads took: 0.0000110 seconds
[2019-12-08T11:32:40.943+0000][1][safepoint    ] Application time: 0.0001862 seconds
[2019-12-08T11:32:40.943+0000][1][safepoint    ] Entering safepoint region: Deoptimize
[2019-12-08T11:32:40.943+0000][1][safepoint    ] Leaving safepoint region
[2019-12-08T11:32:40.943+0000][1][safepoint    ] Total time for which application threads were stopped: 0.0001569 seconds, Stopping threads took: 0.0000085 seconds
[2019-12-08T11:32:41.095+0000][1][safepoint    ] Application time: 0.1518288 seconds
[2019-12-08T11:32:41.095+0000][1][safepoint    ] Entering safepoint region: Deoptimize
[2019-12-08T11:32:41.095+0000][1][safepoint    ] Leaving safepoint region
[2019-12-08T11:32:41.095+0000][1][safepoint    ] Total time for which application threads were stopped: 0.0002832 seconds, Stopping threads took: 0.0000137 seconds
[2019-12-08T11:32:41.145+0000][1][safepoint    ] Application time: 0.0496694 seconds
[2019-12-08T11:32:41.145+0000][1][safepoint    ] Entering safepoint region: RevokeBias
[2019-12-08T11:32:41.145+0000][1][safepoint    ] Leaving safepoint region
[2019-12-08T11:32:41.145+0000][1][safepoint    ] Total time for which application threads were stopped: 0.0001248 seconds, Stopping threads took: 0.0000525 seconds
[2019-12-08T11:32:41.152+0000][1][safepoint    ] Application time: 0.0068250 seconds
[2019-12-08T11:32:41.156+0000][1][safepoint    ] Entering safepoint region: RevokeBias
[2019-12-08T11:32:41.156+0000][1][safepoint    ] Leaving safepoint region
[2019-12-08T11:32:41.156+0000][1][safepoint    ] Total time for which application threads were stopped: 0.0040696 seconds, Stopping threads took: 0.0040155 seconds
[2019-12-08T11:32:41.164+0000][1][safepoint    ] Application time: 0.0084402 seconds
[2019-12-08T11:32:41.169+0000][1][safepoint    ] Entering safepoint region: RevokeBias
[2019-12-08T11:32:41.169+0000][1][safepoint    ] Leaving safepoint region
[2019-12-08T11:32:41.169+0000][1][safepoint    ] Total time for which application threads were stopped: 0.0044963 seconds, Stopping threads took: 0.0044536 seconds
[2019-12-08T11:32:41.173+0000][1][safepoint    ] Application time: 0.0039300 seconds
[2019-12-08T11:32:41.177+0000][1][safepoint    ] Entering safepoint region: RevokeBias
[2019-12-08T11:32:41.177+0000][1][safepoint    ] Leaving safepoint region
[2019-12-08T11:32:41.177+0000][1][safepoint    ] Total time for which application threads were stopped: 0.0040347 seconds, Stopping threads took: 0.0039945 seconds
[2019-12-08T11:32:41.180+0000][1][safepoint    ] Application time: 0.0029258 seconds
[2019-12-08T11:32:41.182+0000][1][safepoint    ] Entering safepoint region: RevokeBias
[2019-12-08T11:32:41.182+0000][1][safepoint    ] Leaving safepoint region
[2019-12-08T11:32:41.182+0000][1][safepoint    ] Total time for which application threads were stopped: 0.0020475 seconds, Stopping threads took: 0.0019978 seconds
[2019-12-08T11:32:41.186+0000][1][safepoint    ] Application time: 0.0039189 seconds
[2019-12-08T11:32:41.186+0000][1][safepoint    ] Entering safepoint region: RevokeBias
[2019-12-08T11:32:41.186+0000][1][safepoint    ] Leaving safepoint region
[2019-12-08T11:32:41.186+0000][1][safepoint    ] Total time for which application threads were stopped: 0.0000354 seconds, Stopping threads took: 0.0000083 seconds
[2019-12-08T11:32:42.091+0000][1][safepoint    ] Application time: 0.9049657 seconds
[2019-12-08T11:32:42.091+0000][1][safepoint    ] Entering safepoint region: GenCollectForAllocation
[2019-12-08T11:32:42.091+0000][1][gc,start     ] GC(0) Pause Young (Allocation Failure)
[2019-12-08T11:32:42.092+0000][1][gc,task      ] GC(0) Using 4 workers of 4 for evacuation
[2019-12-08T11:32:42.151+0000][1][gc,age       ] GC(0) Desired survivor size 4456448 bytes, new threshold 1 (max threshold 6)
[2019-12-08T11:32:42.151+0000][1][gc,age       ] GC(0) Age table with threshold 1 (max threshold 6)
[2019-12-08T11:32:42.151+0000][1][gc,age       ] GC(0) - age   1:    6717424 bytes,    6717424 total
[2019-12-08T11:32:42.151+0000][1][gc,heap      ] GC(0) ParNew: 69952K->6640K(78656K)
[2019-12-08T11:32:42.151+0000][1][gc,heap      ] GC(0) CMS: 0K->0K(174784K)
[2019-12-08T11:32:42.151+0000][1][gc,metaspace ] GC(0) Metaspace: 12903K->12903K(1060864K)
[2019-12-08T11:32:42.151+0000][1][gc           ] GC(0) Pause Young (Allocation Failure) 68M->6M(247M) 60.135ms
[2019-12-08T11:32:42.151+0000][1][gc,cpu       ] GC(0) User=0.03s Sys=0.00s Real=0.06s
[2019-12-08T11:32:42.151+0000][1][safepoint    ] Leaving safepoint region
[2019-12-08T11:32:42.151+0000][1][safepoint    ] Total time for which application threads were stopped: 0.0603139 seconds, Stopping threads took: 0.0000145 seconds
[2019-12-08T11:32:42.155+0000][1][safepoint    ] Application time: 0.0042653 seconds
[2019-12-08T11:32:42.163+0000][1][safepoint    ] Entering safepoint region: RevokeBias
[2019-12-08T11:32:42.163+0000][1][safepoint    ] Leaving safepoint region
[2019-12-08T11:32:42.163+0000][1][safepoint    ] Total time for which application threads were stopped: 0.0074877 seconds, Stopping threads took: 0.0074345 seconds
[2019-12-08T11:32:42.171+0000][1][safepoint    ] Application time: 0.0079551 seconds
[2019-12-08T11:32:42.171+0000][1][safepoint    ] Entering safepoint region: RevokeBias
[2019-12-08T11:32:42.171+0000][1][safepoint    ] Leaving safepoint region
[2019-12-08T11:32:42.171+0000][1][safepoint    ] Total time for which application threads were stopped: 0.0000491 seconds, Stopping threads took: 0.0000095 seconds
[2019-12-08T11:32:42.171+0000][1][safepoint    ] Application time: 0.0000622 seconds
[2019-12-08T11:32:42.171+0000][1][safepoint    ] Entering safepoint region: RevokeBias
[2019-12-08T11:32:42.171+0000][1][safepoint    ] Leaving safepoint region
[2019-12-08T11:32:42.171+0000][1][safepoint    ] Total time for which application threads were stopped: 0.0000294 seconds, Stopping threads took: 0.0000062 seconds
[2019-12-08T11:32:42.171+0000][1][safepoint    ] Application time: 0.0000449 seconds
[2019-12-08T11:32:42.171+0000][1][safepoint    ] Entering safepoint region: RevokeBias
[2019-12-08T11:32:42.171+0000][1][safepoint    ] Leaving safepoint region
[2019-12-08T11:32:42.171+0000][1][safepoint    ] Total time for which application threads were stopped: 0.0000258 seconds, Stopping threads took: 0.0000063 seconds
[2019-12-08T11:32:42.171+0000][1][safepoint    ] Application time: 0.0000509 seconds
[2019-12-08T11:32:42.171+0000][1][safepoint    ] Entering safepoint region: RevokeBias
[2019-12-08T11:32:42.171+0000][1][safepoint    ] Leaving safepoint region
[2019-12-08T11:32:42.171+0000][1][safepoint    ] Total time for which application threads were stopped: 0.0000346 seconds, Stopping threads took: 0.0000157 seconds
[2019-12-08T11:32:42.171+0000][1][safepoint    ] Application time: 0.0000444 seconds
[2019-12-08T11:32:42.171+0000][1][safepoint    ] Entering safepoint region: RevokeBias
[2019-12-08T11:32:42.171+0000][1][safepoint    ] Leaving safepoint region
[2019-12-08T11:32:42.171+0000][1][safepoint    ] Total time for which application threads were stopped: 0.0000252 seconds, Stopping threads took: 0.0000063 seconds
[2019-12-08T11:32:42.171+0000][1][safepoint    ] Application time: 0.0000539 seconds
[2019-12-08T11:32:42.171+0000][1][safepoint    ] Entering safepoint region: RevokeBias
[2019-12-08T11:32:42.171+0000][1][safepoint    ] Leaving safepoint region
[2019-12-08T11:32:42.171+0000][1][safepoint    ] Total time for which application threads were stopped: 0.0000251 seconds, Stopping threads took: 0.0000061 seconds
[2019-12-08T11:32:42.171+0000][1][safepoint    ] Application time: 0.0000453 seconds
[2019-12-08T11:32:42.171+0000][1][safepoint    ] Entering safepoint region: RevokeBias
[2019-12-08T11:32:42.171+0000][1][safepoint    ] Leaving safepoint region
[2019-12-08T11:32:42.171+0000][1][safepoint    ] Total time for which application threads were stopped: 0.0000254 seconds, Stopping threads took: 0.0000070 seconds
[2019-12-08T11:32:42.172+0000][1][safepoint    ] Application time: 0.0000537 seconds
[2019-12-08T11:32:42.172+0000][1][safepoint    ] Entering safepoint region: RevokeBias
[2019-12-08T11:32:42.172+0000][1][safepoint    ] Leaving safepoint region
[2019-12-08T11:32:42.172+0000][1][safepoint    ] Total time for which application threads were stopped: 0.0000278 seconds, Stopping threads took: 0.0000072 seconds
[2019-12-08T11:32:42.172+0000][1][safepoint    ] Application time: 0.0000444 seconds
[2019-12-08T11:32:42.172+0000][1][safepoint    ] Entering safepoint region: RevokeBias
[2019-12-08T11:32:42.172+0000][1][safepoint    ] Leaving safepoint region
[2019-12-08T11:32:42.172+0000][1][safepoint    ] Total time for which application threads were stopped: 0.0000251 seconds, Stopping threads took: 0.0000061 seconds
[2019-12-08T11:32:42.172+0000][1][safepoint    ] Application time: 0.0000501 seconds
[2019-12-08T11:32:42.172+0000][1][safepoint    ] Entering safepoint region: RevokeBias
[2019-12-08T11:32:42.172+0000][1][safepoint    ] Leaving safepoint region
[2019-12-08T11:32:42.172+0000][1][safepoint    ] Total time for which application threads were stopped: 0.0000283 seconds, Stopping threads took: 0.0000073 seconds
[2019-12-08T11:32:42.172+0000][1][safepoint    ] Application time: 0.0000467 seconds
[2019-12-08T11:32:42.172+0000][1][safepoint    ] Entering safepoint region: RevokeBias
[2019-12-08T11:32:42.172+0000][1][safepoint    ] Leaving safepoint region
[2019-12-08T11:32:42.172+0000][1][safepoint    ] Total time for which application threads were stopped: 0.0000253 seconds, Stopping threads took: 0.0000063 seconds
[2019-12-08T11:32:42.172+0000][1][safepoint    ] Application time: 0.0000526 seconds
[2019-12-08T11:32:42.172+0000][1][safepoint    ] Entering safepoint region: RevokeBias
[2019-12-08T11:32:42.172+0000][1][safepoint    ] Leaving safepoint region
[2019-12-08T11:32:42.172+0000][1][safepoint    ] Total time for which application threads were stopped: 0.0000261 seconds, Stopping threads took: 0.0000062 seconds
[2019-12-08T11:32:42.172+0000][1][safepoint    ] Application time: 0.0000448 seconds
[2019-12-08T11:32:42.172+0000][1][safepoint    ] Entering safepoint region: RevokeBias
[2019-12-08T11:32:42.172+0000][1][safepoint    ] Leaving safepoint region
[2019-12-08T11:32:42.172+0000][1][safepoint    ] Total time for which application threads were stopped: 0.0000251 seconds, Stopping threads took: 0.0000066 seconds
[2019-12-08T11:32:42.172+0000][1][safepoint    ] Application time: 0.0000502 seconds
[2019-12-08T11:32:42.172+0000][1][safepoint    ] Entering safepoint region: RevokeBias
[2019-12-08T11:32:42.172+0000][1][safepoint    ] Leaving safepoint region
[2019-12-08T11:32:42.172+0000][1][safepoint    ] Total time for which application threads were stopped: 0.0000334 seconds, Stopping threads took: 0.0000129 seconds
[2019-12-08T11:32:42.172+0000][1][safepoint    ] Application time: 0.0000444 seconds
[2019-12-08T11:32:42.172+0000][1][safepoint    ] Entering safepoint region: RevokeBias
[2019-12-08T11:32:42.172+0000][1][safepoint    ] Leaving safepoint region
[2019-12-08T11:32:42.172+0000][1][safepoint    ] Total time for which application threads were stopped: 0.0000253 seconds, Stopping threads took: 0.0000066 seconds
[2019-12-08T11:32:42.172+0000][1][safepoint    ] Application time: 0.0000526 seconds
[2019-12-08T11:32:42.172+0000][1][safepoint    ] Entering safepoint region: RevokeBias
[2019-12-08T11:32:42.172+0000][1][safepoint    ] Leaving safepoint region
[2019-12-08T11:32:42.172+0000][1][safepoint    ] Total time for which application threads were stopped: 0.0000261 seconds, Stopping threads took: 0.0000066 seconds
[2019-12-08T11:32:42.172+0000][1][safepoint    ] Application time: 0.0000450 seconds
[2019-12-08T11:32:42.172+0000][1][safepoint    ] Entering safepoint region: RevokeBias
[2019-12-08T11:32:42.172+0000][1][safepoint    ] Leaving safepoint region
[2019-12-08T11:32:42.172+0000][1][safepoint    ] Total time for which application threads were stopped: 0.0000256 seconds, Stopping threads took: 0.0000067 seconds
[2019-12-08T11:32:42.172+0000][1][safepoint    ] Application time: 0.0000732 seconds
[2019-12-08T11:32:42.172+0000][1][safepoint    ] Entering safepoint region: RevokeBias
[2019-12-08T11:32:42.172+0000][1][safepoint    ] Leaving safepoint region
[2019-12-08T11:32:42.172+0000][1][safepoint    ] Total time for which application threads were stopped: 0.0000273 seconds, Stopping threads took: 0.0000071 seconds
[2019-12-08T11:32:42.173+0000][1][safepoint    ] Application time: 0.0000442 seconds
[2019-12-08T11:32:42.173+0000][1][safepoint    ] Entering safepoint region: RevokeBias
[2019-12-08T11:32:42.173+0000][1][safepoint    ] Leaving safepoint region
[2019-12-08T11:32:42.173+0000][1][safepoint    ] Total time for which application threads were stopped: 0.0000245 seconds, Stopping threads took: 0.0000066 seconds
[2019-12-08T11:32:42.173+0000][1][safepoint    ] Application time: 0.0000475 seconds
[2019-12-08T11:32:42.173+0000][1][safepoint    ] Entering safepoint region: RevokeBias
[2019-12-08T11:32:42.173+0000][1][safepoint    ] Leaving safepoint region
[2019-12-08T11:32:42.173+0000][1][safepoint    ] Total time for which application threads were stopped: 0.0000247 seconds, Stopping threads took: 0.0000068 seconds
[2019-12-08T11:32:42.173+0000][1][safepoint    ] Application time: 0.0000573 seconds
[2019-12-08T11:32:42.173+0000][1][safepoint    ] Entering safepoint region: RevokeBias
[2019-12-08T11:32:42.173+0000][1][safepoint    ] Leaving safepoint region
[2019-12-08T11:32:42.173+0000][1][safepoint    ] Total time for which application threads were stopped: 0.0000253 seconds, Stopping threads took: 0.0000066 seconds
[2019-12-08T11:32:42.173+0000][1][safepoint    ] Application time: 0.0000509 seconds
[2019-12-08T11:32:42.173+0000][1][safepoint    ] Entering safepoint region: RevokeBias
[2019-12-08T11:32:42.173+0000][1][safepoint    ] Leaving safepoint region
[2019-12-08T11:32:42.173+0000][1][safepoint    ] Total time for which application threads were stopped: 0.0000261 seconds, Stopping threads took: 0.0000066 seconds
[2019-12-08T11:32:42.173+0000][1][safepoint    ] Application time: 0.0000450 seconds
[2019-12-08T11:32:42.173+0000][1][safepoint    ] Entering safepoint region: RevokeBias
[2019-12-08T11:32:42.173+0000][1][safepoint    ] Leaving safepoint region
[2019-12-08T11:32:42.173+0000][1][safepoint    ] Total time for which application threads were stopped: 0.0000261 seconds, Stopping threads took: 0.0000067 seconds
[2019-12-08T11:32:42.173+0000][1][safepoint    ] Application time: 0.0000682 seconds
[2019-12-08T11:32:42.173+0000][1][safepoint    ] Entering safepoint region: RevokeBias
[2019-12-08T11:32:42.173+0000][1][safepoint    ] Leaving safepoint region
[2019-12-08T11:32:42.173+0000][1][safepoint    ] Total time for which application threads were stopped: 0.0000334 seconds, Stopping threads took: 0.0000127 seconds
[2019-12-08T11:32:42.173+0000][1][safepoint    ] Application time: 0.0000457 seconds
[2019-12-08T11:32:42.173+0000][1][safepoint    ] Entering safepoint region: RevokeBias
[2019-12-08T11:32:42.173+0000][1][safepoint    ] Leaving safepoint region
[2019-12-08T11:32:42.173+0000][1][safepoint    ] Total time for which application threads were stopped: 0.0000263 seconds, Stopping threads took: 0.0000070 seconds
[2019-12-08T11:32:42.173+0000][1][safepoint    ] Application time: 0.0002962 seconds
[2019-12-08T11:32:42.173+0000][1][safepoint    ] Entering safepoint region: RevokeBias
[2019-12-08T11:32:42.173+0000][1][safepoint    ] Leaving safepoint region
[2019-12-08T11:32:42.173+0000][1][safepoint    ] Total time for which application threads were stopped: 0.0000392 seconds, Stopping threads took: 0.0000094 seconds
[2019-12-08T11:32:42.174+0000][1][safepoint    ] Application time: 0.0000551 seconds
[2019-12-08T11:32:42.174+0000][1][safepoint    ] Entering safepoint region: RevokeBias
[2019-12-08T11:32:42.174+0000][1][safepoint    ] Leaving safepoint region
[2019-12-08T11:32:42.174+0000][1][safepoint    ] Total time for which application threads were stopped: 0.0000309 seconds, Stopping threads took: 0.0000087 seconds
[2019-12-08T11:32:42.174+0000][1][safepoint    ] Application time: 0.0000687 seconds
[2019-12-08T11:32:42.174+0000][1][safepoint    ] Entering safepoint region: RevokeBias
[2019-12-08T11:32:42.174+0000][1][safepoint    ] Leaving safepoint region
[2019-12-08T11:32:42.174+0000][1][safepoint    ] Total time for which application threads were stopped: 0.0000531 seconds, Stopping threads took: 0.0000080 seconds
[2019-12-08T11:32:42.174+0000][1][safepoint    ] Application time: 0.0000541 seconds
[2019-12-08T11:32:42.174+0000][1][safepoint    ] Entering safepoint region: RevokeBias
[2019-12-08T11:32:42.174+0000][1][safepoint    ] Leaving safepoint region
[2019-12-08T11:32:42.174+0000][1][safepoint    ] Total time for which application threads were stopped: 0.0000330 seconds, Stopping threads took: 0.0000079 seconds
[2019-12-08T11:32:42.519+0000][1][safepoint    ] Application time: 0.3456394 seconds
[2019-12-08T11:32:42.519+0000][1][safepoint    ] Entering safepoint region: RevokeBias
[2019-12-08T11:32:42.520+0000][1][safepoint    ] Leaving safepoint region
[2019-12-08T11:32:42.520+0000][1][safepoint    ] Total time for which application threads were stopped: 0.0000934 seconds, Stopping threads took: 0.0000124 seconds
[2019-12-08T11:32:42.762+0000][1][safepoint    ] Application time: 0.2422941 seconds
[2019-12-08T11:32:42.762+0000][1][safepoint    ] Entering safepoint region: Deoptimize
[2019-12-08T11:32:42.762+0000][1][safepoint    ] Leaving safepoint region
[2019-12-08T11:32:42.762+0000][1][safepoint    ] Total time for which application threads were stopped: 0.0003911 seconds, Stopping threads took: 0.0000129 seconds
[2019-12-08T11:32:43.507+0000][1][safepoint    ] Application time: 0.7446070 seconds
[2019-12-08T11:32:43.507+0000][1][safepoint    ] Entering safepoint region: RevokeBias
[2019-12-08T11:32:43.507+0000][1][safepoint    ] Leaving safepoint region
[2019-12-08T11:32:43.507+0000][1][safepoint    ] Total time for which application threads were stopped: 0.0001117 seconds, Stopping threads took: 0.0000123 seconds
[2019-12-08T11:32:44.296+0000][1][safepoint    ] Application time: 0.7893241 seconds
[2019-12-08T11:32:44.310+0000][1][safepoint    ] Entering safepoint region: RevokeBias
[2019-12-08T11:32:44.310+0000][1][safepoint    ] Leaving safepoint region
[2019-12-08T11:32:44.310+0000][1][safepoint    ] Total time for which application threads were stopped: 0.0134357 seconds, Stopping threads took: 0.0133262 seconds
[2019-12-08T11:32:44.340+0000][1][safepoint    ] Application time: 0.0299446 seconds
[2019-12-08T11:32:44.340+0000][1][safepoint    ] Entering safepoint region: GenCollectForAllocation
[2019-12-08T11:32:44.340+0000][1][gc,start     ] GC(1) Pause Young (Allocation Failure)
[2019-12-08T11:32:44.340+0000][1][gc,task      ] GC(1) Using 4 workers of 4 for evacuation
[2019-12-08T11:32:44.544+0000][1][gc,age       ] GC(1) Desired survivor size 4456448 bytes, new threshold 6 (max threshold 6)
[2019-12-08T11:32:44.544+0000][1][gc,age       ] GC(1) Age table with threshold 6 (max threshold 6)
[2019-12-08T11:32:44.544+0000][1][gc,age       ] GC(1) - age   1:    1221928 bytes,    1221928 total
[2019-12-08T11:32:44.544+0000][1][gc,heap      ] GC(1) ParNew: 76592K->4131K(78656K)
[2019-12-08T11:32:44.544+0000][1][gc,heap      ] GC(1) CMS: 0K->7050K(174784K)
[2019-12-08T11:32:44.544+0000][1][gc,metaspace ] GC(1) Metaspace: 14844K->14844K(1062912K)
[2019-12-08T11:32:44.544+0000][1][gc           ] GC(1) Pause Young (Allocation Failure) 74M->10M(247M) 203.748ms
[2019-12-08T11:32:44.544+0000][1][gc,cpu       ] GC(1) User=0.15s Sys=0.00s Real=0.21s
[2019-12-08T11:32:44.544+0000][1][safepoint    ] Leaving safepoint region
[2019-12-08T11:32:44.544+0000][1][safepoint    ] Total time for which application threads were stopped: 0.2039008 seconds, Stopping threads took: 0.0000246 seconds
[2019-12-08T11:32:44.545+0000][1][safepoint    ] Application time: 0.0010526 seconds
[2019-12-08T11:32:44.554+0000][1][safepoint    ] Entering safepoint region: BulkRevokeBias
[2019-12-08T11:32:44.554+0000][1][safepoint    ] Leaving safepoint region
[2019-12-08T11:32:44.554+0000][1][safepoint    ] Total time for which application threads were stopped: 0.0090943 seconds, Stopping threads took: 0.0089496 seconds
[2019-12-08T11:32:44.554+0000][1][safepoint    ] Application time: 0.0001324 seconds
[2019-12-08T11:32:44.554+0000][1][safepoint    ] Entering safepoint region: RevokeBias
[2019-12-08T11:32:44.554+0000][1][safepoint    ] Leaving safepoint region
[2019-12-08T11:32:44.554+0000][1][safepoint    ] Total time for which application threads were stopped: 0.0000523 seconds, Stopping threads took: 0.0000083 seconds
[2019-12-08T11:32:44.554+0000][1][safepoint    ] Application time: 0.0000570 seconds
[2019-12-08T11:32:44.554+0000][1][safepoint    ] Entering safepoint region: RevokeBias
[2019-12-08T11:32:44.554+0000][1][safepoint    ] Leaving safepoint region
[2019-12-08T11:32:44.554+0000][1][safepoint    ] Total time for which application threads were stopped: 0.0000489 seconds, Stopping threads took: 0.0000071 seconds
[2019-12-08T11:32:44.554+0000][1][safepoint    ] Application time: 0.0000435 seconds
[2019-12-08T11:32:44.554+0000][1][safepoint    ] Entering safepoint region: RevokeBias
[2019-12-08T11:32:44.554+0000][1][safepoint    ] Leaving safepoint region
[2019-12-08T11:32:44.554+0000][1][safepoint    ] Total time for which application threads were stopped: 0.0000484 seconds, Stopping threads took: 0.0000070 seconds
[2019-12-08T11:32:44.554+0000][1][safepoint    ] Application time: 0.0000514 seconds
[2019-12-08T11:32:44.554+0000][1][safepoint    ] Entering safepoint region: RevokeBias
[2019-12-08T11:32:44.554+0000][1][safepoint    ] Leaving safepoint region
[2019-12-08T11:32:44.554+0000][1][safepoint    ] Total time for which application threads were stopped: 0.0000483 seconds, Stopping threads took: 0.0000070 seconds
[2019-12-08T11:32:44.555+0000][1][safepoint    ] Application time: 0.0000429 seconds
[2019-12-08T11:32:44.555+0000][1][safepoint    ] Entering safepoint region: RevokeBias
[2019-12-08T11:32:44.555+0000][1][safepoint    ] Leaving safepoint region
[2019-12-08T11:32:44.555+0000][1][safepoint    ] Total time for which application threads were stopped: 0.0000475 seconds, Stopping threads took: 0.0000069 seconds
[2019-12-08T11:32:44.555+0000][1][safepoint    ] Application time: 0.0000454 seconds
[2019-12-08T11:32:44.555+0000][1][safepoint    ] Entering safepoint region: BulkRevokeBias
[2019-12-08T11:32:44.555+0000][1][safepoint    ] Leaving safepoint region
[2019-12-08T11:32:44.555+0000][1][safepoint    ] Total time for which application threads were stopped: 0.0000815 seconds, Stopping threads took: 0.0000070 seconds
[2019-12-08T11:32:44.555+0000][1][safepoint    ] Application time: 0.0000591 seconds
[2019-12-08T11:32:44.555+0000][1][safepoint    ] Entering safepoint region: RevokeBias
[2019-12-08T11:32:44.555+0000][1][safepoint    ] Leaving safepoint region
[2019-12-08T11:32:44.555+0000][1][safepoint    ] Total time for which application threads were stopped: 0.0000572 seconds, Stopping threads took: 0.0000083 seconds
[2019-12-08T11:32:44.555+0000][1][safepoint    ] Application time: 0.0000607 seconds
[2019-12-08T11:32:44.555+0000][1][safepoint    ] Entering safepoint region: BulkRevokeBias
[2019-12-08T11:32:44.555+0000][1][safepoint    ] Leaving safepoint region
[2019-12-08T11:32:44.555+0000][1][safepoint    ] Total time for which application threads were stopped: 0.0000781 seconds, Stopping threads took: 0.0000077 seconds
[2019-12-08T11:32:45.391+0000][1][safepoint    ] Application time: 0.8356810 seconds
[2019-12-08T11:32:45.391+0000][1][safepoint    ] Entering safepoint region: GenCollectForAllocation
[2019-12-08T11:32:45.391+0000][1][gc,start     ] GC(2) Pause Young (Allocation Failure)
[2019-12-08T11:32:45.391+0000][1][gc,task      ] GC(2) Using 4 workers of 4 for evacuation
[2019-12-08T11:32:45.427+0000][1][gc,age       ] GC(2) Desired survivor size 4456448 bytes, new threshold 6 (max threshold 6)
[2019-12-08T11:32:45.427+0000][1][gc,age       ] GC(2) Age table with threshold 6 (max threshold 6)
[2019-12-08T11:32:45.427+0000][1][gc,age       ] GC(2) - age   1:    1083104 bytes,    1083104 total
[2019-12-08T11:32:45.427+0000][1][gc,age       ] GC(2) - age   2:     952928 bytes,    2036032 total
[2019-12-08T11:32:45.427+0000][1][gc,heap      ] GC(2) ParNew: 74083K->2216K(78656K)
[2019-12-08T11:32:45.427+0000][1][gc,heap      ] GC(2) CMS: 7050K->7050K(174784K)
[2019-12-08T11:32:45.427+0000][1][gc,metaspace ] GC(2) Metaspace: 14955K->14955K(1062912K)
[2019-12-08T11:32:45.427+0000][1][gc           ] GC(2) Pause Young (Allocation Failure) 79M->9M(247M) 36.468ms
[2019-12-08T11:32:45.427+0000][1][gc,cpu       ] GC(2) User=0.01s Sys=0.00s Real=0.03s
[2019-12-08T11:32:45.427+0000][1][safepoint    ] Leaving safepoint region
[2019-12-08T11:32:45.427+0000][1][safepoint    ] Total time for which application threads were stopped: 0.0366371 seconds, Stopping threads took: 0.0000150 seconds
[2019-12-08T11:32:45.432+0000][1][safepoint    ] Application time: 0.0043344 seconds
[2019-12-08T11:32:45.444+0000][1][safepoint    ] Entering safepoint region: RevokeBias
[2019-12-08T11:32:45.444+0000][1][safepoint    ] Leaving safepoint region
[2019-12-08T11:32:45.444+0000][1][safepoint    ] Total time for which application threads were stopped: 0.0121168 seconds, Stopping threads took: 0.0120428 seconds
[2019-12-08T11:32:45.444+0000][1][safepoint    ] Application time: 0.0000688 seconds
[2019-12-08T11:32:45.444+0000][1][safepoint    ] Entering safepoint region: RevokeBias
[2019-12-08T11:32:45.444+0000][1][safepoint    ] Leaving safepoint region
[2019-12-08T11:32:45.444+0000][1][safepoint    ] Total time for which application threads were stopped: 0.0000396 seconds, Stopping threads took: 0.0000090 seconds
[2019-12-08T11:32:45.444+0000][1][safepoint    ] Application time: 0.0000655 seconds
[2019-12-08T11:32:45.444+0000][1][safepoint    ] Entering safepoint region: RevokeBias
[2019-12-08T11:32:45.444+0000][1][safepoint    ] Leaving safepoint region
[2019-12-08T11:32:45.444+0000][1][safepoint    ] Total time for which application threads were stopped: 0.0000319 seconds, Stopping threads took: 0.0000077 seconds
[2019-12-08T11:32:45.444+0000][1][safepoint    ] Application time: 0.0000495 seconds
[2019-12-08T11:32:45.444+0000][1][safepoint    ] Entering safepoint region: RevokeBias
[2019-12-08T11:32:45.444+0000][1][safepoint    ] Leaving safepoint region
[2019-12-08T11:32:45.444+0000][1][safepoint    ] Total time for which application threads were stopped: 0.0000335 seconds, Stopping threads took: 0.0000077 seconds
[2019-12-08T11:32:45.444+0000][1][safepoint    ] Application time: 0.0000544 seconds
[2019-12-08T11:32:45.444+0000][1][safepoint    ] Entering safepoint region: RevokeBias
[2019-12-08T11:32:45.444+0000][1][safepoint    ] Leaving safepoint region
[2019-12-08T11:32:45.444+0000][1][safepoint    ] Total time for which application threads were stopped: 0.0000501 seconds, Stopping threads took: 0.0000170 seconds
[2019-12-08T11:32:45.444+0000][1][safepoint    ] Application time: 0.0000434 seconds
[2019-12-08T11:32:45.444+0000][1][safepoint    ] Entering safepoint region: RevokeBias
[2019-12-08T11:32:45.444+0000][1][safepoint    ] Leaving safepoint region
[2019-12-08T11:32:45.444+0000][1][safepoint    ] Total time for which application threads were stopped: 0.0000288 seconds, Stopping threads took: 0.0000069 seconds
[2019-12-08T11:32:45.444+0000][1][safepoint    ] Application time: 0.0000470 seconds
[2019-12-08T11:32:45.444+0000][1][safepoint    ] Entering safepoint region: RevokeBias
[2019-12-08T11:32:45.444+0000][1][safepoint    ] Leaving safepoint region
[2019-12-08T11:32:45.445+0000][1][safepoint    ] Total time for which application threads were stopped: 0.0000303 seconds, Stopping threads took: 0.0000069 seconds
[2019-12-08T11:32:45.445+0000][1][safepoint    ] Application time: 0.0000429 seconds
[2019-12-08T11:32:45.445+0000][1][safepoint    ] Entering safepoint region: RevokeBias
[2019-12-08T11:32:45.445+0000][1][safepoint    ] Leaving safepoint region
[2019-12-08T11:32:45.445+0000][1][safepoint    ] Total time for which application threads were stopped: 0.0000270 seconds, Stopping threads took: 0.0000063 seconds
[2019-12-08T11:32:45.445+0000][1][safepoint    ] Application time: 0.0000480 seconds
[2019-12-08T11:32:45.445+0000][1][safepoint    ] Entering safepoint region: RevokeBias
[2019-12-08T11:32:45.445+0000][1][safepoint    ] Leaving safepoint region
[2019-12-08T11:32:45.445+0000][1][safepoint    ] Total time for which application threads were stopped: 0.0000287 seconds, Stopping threads took: 0.0000070 seconds
[2019-12-08T11:32:45.445+0000][1][safepoint    ] Application time: 0.0000459 seconds
[2019-12-08T11:32:45.445+0000][1][safepoint    ] Entering safepoint region: RevokeBias
[2019-12-08T11:32:45.445+0000][1][safepoint    ] Leaving safepoint region
[2019-12-08T11:32:45.445+0000][1][safepoint    ] Total time for which application threads were stopped: 0.0000296 seconds, Stopping threads took: 0.0000073 seconds
[2019-12-08T11:32:45.445+0000][1][safepoint    ] Application time: 0.0000498 seconds
[2019-12-08T11:32:45.445+0000][1][safepoint    ] Entering safepoint region: RevokeBias
[2019-12-08T11:32:45.445+0000][1][safepoint    ] Leaving safepoint region
[2019-12-08T11:32:45.445+0000][1][safepoint    ] Total time for which application threads were stopped: 0.0000316 seconds, Stopping threads took: 0.0000076 seconds
[2019-12-08T11:32:45.445+0000][1][safepoint    ] Application time: 0.0000438 seconds
[2019-12-08T11:32:45.445+0000][1][safepoint    ] Entering safepoint region: RevokeBias
[2019-12-08T11:32:45.445+0000][1][safepoint    ] Leaving safepoint region
[2019-12-08T11:32:45.445+0000][1][safepoint    ] Total time for which application threads were stopped: 0.0000295 seconds, Stopping threads took: 0.0000072 seconds
[2019-12-08T11:32:45.445+0000][1][safepoint    ] Application time: 0.0000465 seconds
[2019-12-08T11:32:45.445+0000][1][safepoint    ] Entering safepoint region: RevokeBias
[2019-12-08T11:32:45.445+0000][1][safepoint    ] Leaving safepoint region
[2019-12-08T11:32:45.445+0000][1][safepoint    ] Total time for which application threads were stopped: 0.0000292 seconds, Stopping threads took: 0.0000070 seconds
[2019-12-08T11:32:45.445+0000][1][safepoint    ] Application time: 0.0000432 seconds
[2019-12-08T11:32:45.445+0000][1][safepoint    ] Entering safepoint region: RevokeBias
[2019-12-08T11:32:45.445+0000][1][safepoint    ] Leaving safepoint region
[2019-12-08T11:32:45.445+0000][1][safepoint    ] Total time for which application threads were stopped: 0.0000277 seconds, Stopping threads took: 0.0000066 seconds
[2019-12-08T11:32:45.445+0000][1][safepoint    ] Application time: 0.0000461 seconds
[2019-12-08T11:32:45.445+0000][1][safepoint    ] Entering safepoint region: RevokeBias
[2019-12-08T11:32:45.445+0000][1][safepoint    ] Leaving safepoint region
[2019-12-08T11:32:45.445+0000][1][safepoint    ] Total time for which application threads were stopped: 0.0000356 seconds, Stopping threads took: 0.0000132 seconds
[2019-12-08T11:32:45.445+0000][1][safepoint    ] Application time: 0.0000434 seconds
[2019-12-08T11:32:45.445+0000][1][safepoint    ] Entering safepoint region: RevokeBias
[2019-12-08T11:32:45.445+0000][1][safepoint    ] Leaving safepoint region
[2019-12-08T11:32:45.445+0000][1][safepoint    ] Total time for which application threads were stopped: 0.0000280 seconds, Stopping threads took: 0.0000069 seconds
[2019-12-08T11:32:45.445+0000][1][safepoint    ] Application time: 0.0000460 seconds
[2019-12-08T11:32:45.445+0000][1][safepoint    ] Entering safepoint region: RevokeBias
[2019-12-08T11:32:45.445+0000][1][safepoint    ] Leaving safepoint region
[2019-12-08T11:32:45.445+0000][1][safepoint    ] Total time for which application threads were stopped: 0.0000280 seconds, Stopping threads took: 0.0000065 seconds
[2019-12-08T11:32:45.445+0000][1][safepoint    ] Application time: 0.0000434 seconds
[2019-12-08T11:32:45.445+0000][1][safepoint    ] Entering safepoint region: RevokeBias
[2019-12-08T11:32:45.445+0000][1][safepoint    ] Leaving safepoint region
[2019-12-08T11:32:45.445+0000][1][safepoint    ] Total time for which application threads were stopped: 0.0000278 seconds, Stopping threads took: 0.0000067 seconds
[2019-12-08T11:32:46.181+0000][1][safepoint    ] Application time: 0.7352112 seconds
[2019-12-08T11:32:46.181+0000][1][safepoint    ] Entering safepoint region: Deoptimize
[2019-12-08T11:32:46.181+0000][1][safepoint    ] Leaving safepoint region
[2019-12-08T11:32:46.181+0000][1][safepoint    ] Total time for which application threads were stopped: 0.0004758 seconds, Stopping threads took: 0.0000126 seconds
[2019-12-08T11:32:46.189+0000][1][safepoint    ] Application time: 0.0074842 seconds
[2019-12-08T11:32:46.189+0000][1][safepoint    ] Entering safepoint region: Deoptimize
[2019-12-08T11:32:46.189+0000][1][safepoint    ] Leaving safepoint region
[2019-12-08T11:32:46.189+0000][1][safepoint    ] Total time for which application threads were stopped: 0.0003870 seconds, Stopping threads took: 0.0000127 seconds
[2019-12-08T11:32:47.202+0000][1][safepoint    ] Application time: 1.0125693 seconds
[2019-12-08T11:32:47.223+0000][1][safepoint    ] Entering safepoint region: Cleanup
[2019-12-08T11:32:47.223+0000][1][safepoint    ] Leaving safepoint region
[2019-12-08T11:32:47.223+0000][1][safepoint    ] Total time for which application threads were stopped: 0.0211721 seconds, Stopping threads took: 0.0210772 seconds
[2019-12-08T11:32:47.407+0000][1][safepoint    ] Application time: 0.1836566 seconds
[2019-12-08T11:32:47.407+0000][1][safepoint    ] Entering safepoint region: GenCollectForAllocation
[2019-12-08T11:32:47.407+0000][1][gc,start     ] GC(3) Pause Young (Allocation Failure)
[2019-12-08T11:32:47.407+0000][1][gc,task      ] GC(3) Using 4 workers of 4 for evacuation
[2019-12-08T11:32:47.465+0000][1][gc,age       ] GC(3) Desired survivor size 4456448 bytes, new threshold 3 (max threshold 6)
[2019-12-08T11:32:47.465+0000][1][gc,age       ] GC(3) Age table with threshold 3 (max threshold 6)
[2019-12-08T11:32:47.465+0000][1][gc,age       ] GC(3) - age   1:    3207712 bytes,    3207712 total
[2019-12-08T11:32:47.465+0000][1][gc,age       ] GC(3) - age   2:    1065744 bytes,    4273456 total
[2019-12-08T11:32:47.465+0000][1][gc,age       ] GC(3) - age   3:     950752 bytes,    5224208 total
[2019-12-08T11:32:47.465+0000][1][gc,heap      ] GC(3) ParNew: 72168K->5836K(78656K)
[2019-12-08T11:32:47.465+0000][1][gc,heap      ] GC(3) CMS: 7050K->7050K(174784K)
[2019-12-08T11:32:47.465+0000][1][gc,metaspace ] GC(3) Metaspace: 18445K->18445K(1067008K)
[2019-12-08T11:32:47.465+0000][1][gc           ] GC(3) Pause Young (Allocation Failure) 77M->12M(247M) 58.315ms
[2019-12-08T11:32:47.465+0000][1][gc,cpu       ] GC(3) User=0.03s Sys=0.00s Real=0.06s
[2019-12-08T11:32:47.465+0000][1][safepoint    ] Leaving safepoint region
[2019-12-08T11:32:47.465+0000][1][safepoint    ] Total time for which application threads were stopped: 0.0584624 seconds, Stopping threads took: 0.0000118 seconds
[2019-12-08T11:32:47.483+0000][1][safepoint    ] Application time: 0.0177778 seconds
[2019-12-08T11:32:47.497+0000][1][safepoint    ] Entering safepoint region: BulkRevokeBias
[2019-12-08T11:32:47.497+0000][1][safepoint    ] Leaving safepoint region
[2019-12-08T11:32:47.497+0000][1][safepoint    ] Total time for which application threads were stopped: 0.0141194 seconds, Stopping threads took: 0.0139484 seconds
[2019-12-08T11:32:47.498+0000][1][safepoint    ] Application time: 0.0007243 seconds
[2019-12-08T11:32:47.498+0000][1][safepoint    ] Entering safepoint region: RevokeBias
[2019-12-08T11:32:47.498+0000][1][safepoint    ] Leaving safepoint region
[2019-12-08T11:32:47.498+0000][1][safepoint    ] Total time for which application threads were stopped: 0.0000763 seconds, Stopping threads took: 0.0000101 seconds
[2019-12-08T11:32:47.500+0000][1][safepoint    ] Application time: 0.0019568 seconds
[2019-12-08T11:32:47.500+0000][1][safepoint    ] Entering safepoint region: RevokeBias
[2019-12-08T11:32:47.500+0000][1][safepoint    ] Leaving safepoint region
[2019-12-08T11:32:47.500+0000][1][safepoint    ] Total time for which application threads were stopped: 0.0000752 seconds, Stopping threads took: 0.0000111 seconds
[2019-12-08T11:32:47.500+0000][1][safepoint    ] Application time: 0.0000645 seconds
[2019-12-08T11:32:47.500+0000][1][safepoint    ] Entering safepoint region: RevokeBias
[2019-12-08T11:32:47.500+0000][1][safepoint    ] Leaving safepoint region
[2019-12-08T11:32:47.500+0000][1][safepoint    ] Total time for which application threads were stopped: 0.0000622 seconds, Stopping threads took: 0.0000090 seconds
[2019-12-08T11:32:47.500+0000][1][safepoint    ] Application time: 0.0000710 seconds
[2019-12-08T11:32:47.500+0000][1][safepoint    ] Entering safepoint region: RevokeBias
[2019-12-08T11:32:47.500+0000][1][safepoint    ] Leaving safepoint region
[2019-12-08T11:32:47.500+0000][1][safepoint    ] Total time for which application threads were stopped: 0.0000554 seconds, Stopping threads took: 0.0000078 seconds
[2019-12-08T11:32:47.500+0000][1][safepoint    ] Application time: 0.0000536 seconds
[2019-12-08T11:32:47.500+0000][1][safepoint    ] Entering safepoint region: RevokeBias
[2019-12-08T11:32:47.500+0000][1][safepoint    ] Leaving safepoint region
[2019-12-08T11:32:47.500+0000][1][safepoint    ] Total time for which application threads were stopped: 0.0000558 seconds, Stopping threads took: 0.0000080 seconds
[2019-12-08T11:32:48.211+0000][1][safepoint    ] Application time: 0.7103843 seconds
[2019-12-08T11:32:48.211+0000][1][safepoint    ] Entering safepoint region: GenCollectForAllocation
[2019-12-08T11:32:48.211+0000][1][gc,start     ] GC(4) Pause Young (Allocation Failure)
[2019-12-08T11:32:48.211+0000][1][gc,task      ] GC(4) Using 4 workers of 4 for evacuation
[2019-12-08T11:32:48.300+0000][1][gc,age       ] GC(4) Desired survivor size 4456448 bytes, new threshold 2 (max threshold 6)
[2019-12-08T11:32:48.300+0000][1][gc,age       ] GC(4) Age table with threshold 2 (max threshold 6)
[2019-12-08T11:32:48.300+0000][1][gc,age       ] GC(4) - age   1:    1981680 bytes,    1981680 total
[2019-12-08T11:32:48.300+0000][1][gc,age       ] GC(4) - age   2:    2646648 bytes,    4628328 total
[2019-12-08T11:32:48.300+0000][1][gc,age       ] GC(4) - age   3:    1065744 bytes,    5694072 total
[2019-12-08T11:32:48.300+0000][1][gc,heap      ] GC(4) ParNew: 75788K->7982K(78656K)
[2019-12-08T11:32:48.300+0000][1][gc,heap      ] GC(4) CMS: 7050K->7992K(174784K)
[2019-12-08T11:32:48.300+0000][1][gc,metaspace ] GC(4) Metaspace: 18668K->18668K(1067008K)
[2019-12-08T11:32:48.300+0000][1][gc           ] GC(4) Pause Young (Allocation Failure) 80M->15M(247M) 89.124ms
[2019-12-08T11:32:48.300+0000][1][gc,cpu       ] GC(4) User=0.03s Sys=0.00s Real=0.08s
[2019-12-08T11:32:48.300+0000][1][safepoint    ] Leaving safepoint region
[2019-12-08T11:32:48.300+0000][1][safepoint    ] Total time for which application threads were stopped: 0.0892989 seconds, Stopping threads took: 0.0000172 seconds
[2019-12-08T11:32:48.307+0000][1][safepoint    ] Application time: 0.0068207 seconds
[2019-12-08T11:32:48.307+0000][1][safepoint    ] Entering safepoint region: RevokeBias
[2019-12-08T11:32:48.307+0000][1][safepoint    ] Leaving safepoint region
[2019-12-08T11:32:48.307+0000][1][safepoint    ] Total time for which application threads were stopped: 0.0001441 seconds, Stopping threads took: 0.0000457 seconds
[2019-12-08T11:32:48.307+0000][1][safepoint    ] Application time: 0.0000654 seconds
[2019-12-08T11:32:48.307+0000][1][safepoint    ] Entering safepoint region: RevokeBias
[2019-12-08T11:32:48.307+0000][1][safepoint    ] Leaving safepoint region
[2019-12-08T11:32:48.307+0000][1][safepoint    ] Total time for which application threads were stopped: 0.0000725 seconds, Stopping threads took: 0.0000085 seconds
[2019-12-08T11:32:48.307+0000][1][safepoint    ] Application time: 0.0000593 seconds
[2019-12-08T11:32:48.307+0000][1][safepoint    ] Entering safepoint region: RevokeBias
[2019-12-08T11:32:48.307+0000][1][safepoint    ] Leaving safepoint region
[2019-12-08T11:32:48.307+0000][1][safepoint    ] Total time for which application threads were stopped: 0.0000662 seconds, Stopping threads took: 0.0000078 seconds
[2019-12-08T11:32:48.307+0000][1][safepoint    ] Application time: 0.0000527 seconds
[2019-12-08T11:32:48.307+0000][1][safepoint    ] Entering safepoint region: RevokeBias
[2019-12-08T11:32:48.307+0000][1][safepoint    ] Leaving safepoint region
[2019-12-08T11:32:48.307+0000][1][safepoint    ] Total time for which application threads were stopped: 0.0000648 seconds, Stopping threads took: 0.0000081 seconds
[2019-12-08T11:32:48.393+0000][1][safepoint    ] Application time: 0.0852242 seconds
[2019-12-08T11:32:48.393+0000][1][safepoint    ] Entering safepoint region: Deoptimize
[2019-12-08T11:32:48.393+0000][1][safepoint    ] Leaving safepoint region
[2019-12-08T11:32:48.393+0000][1][safepoint    ] Total time for which application threads were stopped: 0.0004254 seconds, Stopping threads took: 0.0000252 seconds
[2019-12-08T11:32:48.636+0000][1][safepoint    ] Application time: 0.2430987 seconds
[2019-12-08T11:32:48.636+0000][1][safepoint    ] Entering safepoint region: Deoptimize
[2019-12-08T11:32:48.637+0000][1][safepoint    ] Leaving safepoint region
[2019-12-08T11:32:48.637+0000][1][safepoint    ] Total time for which application threads were stopped: 0.0004348 seconds, Stopping threads took: 0.0000132 seconds
[2019-12-08T11:32:48.653+0000][1][safepoint    ] Application time: 0.0158036 seconds
[2019-12-08T11:32:48.653+0000][1][safepoint    ] Entering safepoint region: RevokeBias
[2019-12-08T11:32:48.653+0000][1][safepoint    ] Leaving safepoint region
[2019-12-08T11:32:48.653+0000][1][safepoint    ] Total time for which application threads were stopped: 0.0000711 seconds, Stopping threads took: 0.0000117 seconds
[2019-12-08T11:32:48.982+0000][1][safepoint    ] Application time: 0.3290402 seconds
[2019-12-08T11:32:48.982+0000][1][safepoint    ] Entering safepoint region: RevokeBias
[2019-12-08T11:32:48.982+0000][1][safepoint    ] Leaving safepoint region
[2019-12-08T11:32:48.982+0000][1][safepoint    ] Total time for which application threads were stopped: 0.0000758 seconds, Stopping threads took: 0.0000126 seconds
[2019-12-08T11:32:49.231+0000][1][safepoint    ] Application time: 0.2489069 seconds
[2019-12-08T11:32:49.231+0000][1][safepoint    ] Entering safepoint region: GenCollectForAllocation
[2019-12-08T11:32:49.231+0000][1][gc,start     ] GC(5) Pause Young (Allocation Failure)
[2019-12-08T11:32:49.231+0000][1][gc,task      ] GC(5) Using 4 workers of 4 for evacuation
[2019-12-08T11:32:49.306+0000][1][gc,age       ] GC(5) Desired survivor size 4456448 bytes, new threshold 6 (max threshold 6)
[2019-12-08T11:32:49.306+0000][1][gc,age       ] GC(5) Age table with threshold 6 (max threshold 6)
[2019-12-08T11:32:49.306+0000][1][gc,age       ] GC(5) - age   1:    2861272 bytes,    2861272 total
[2019-12-08T11:32:49.306+0000][1][gc,age       ] GC(5) - age   2:     446304 bytes,    3307576 total
[2019-12-08T11:32:49.306+0000][1][gc,heap      ] GC(5) ParNew: 77934K->6276K(78656K)
[2019-12-08T11:32:49.306+0000][1][gc,heap      ] GC(5) CMS: 7992K->11647K(174784K)
[2019-12-08T11:32:49.306+0000][1][gc,metaspace ] GC(5) Metaspace: 19004K->19004K(1067008K)
[2019-12-08T11:32:49.306+0000][1][gc           ] GC(5) Pause Young (Allocation Failure) 83M->17M(247M) 75.224ms
[2019-12-08T11:32:49.306+0000][1][gc,cpu       ] GC(5) User=0.04s Sys=0.00s Real=0.07s
[2019-12-08T11:32:49.306+0000][1][safepoint    ] Leaving safepoint region
[2019-12-08T11:32:49.306+0000][1][safepoint    ] Total time for which application threads were stopped: 0.0753703 seconds, Stopping threads took: 0.0000139 seconds
[2019-12-08T11:32:49.320+0000][1][safepoint    ] Application time: 0.0140840 seconds
[2019-12-08T11:32:49.320+0000][1][safepoint    ] Entering safepoint region: RevokeBias
[2019-12-08T11:32:49.320+0000][1][safepoint    ] Leaving safepoint region
[2019-12-08T11:32:49.320+0000][1][safepoint    ] Total time for which application threads were stopped: 0.0000785 seconds, Stopping threads took: 0.0000139 seconds
[2019-12-08T11:32:49.320+0000][1][safepoint    ] Application time: 0.0000637 seconds
[2019-12-08T11:32:49.320+0000][1][safepoint    ] Entering safepoint region: RevokeBias
[2019-12-08T11:32:49.320+0000][1][safepoint    ] Leaving safepoint region
[2019-12-08T11:32:49.320+0000][1][safepoint    ] Total time for which application threads were stopped: 0.0000410 seconds, Stopping threads took: 0.0000088 seconds
[2019-12-08T11:32:49.321+0000][1][safepoint    ] Application time: 0.0000602 seconds
[2019-12-08T11:32:49.321+0000][1][safepoint    ] Entering safepoint region: RevokeBias
[2019-12-08T11:32:49.321+0000][1][safepoint    ] Leaving safepoint region
[2019-12-08T11:32:49.321+0000][1][safepoint    ] Total time for which application threads were stopped: 0.0000398 seconds, Stopping threads took: 0.0000087 seconds
[2019-12-08T11:32:49.321+0000][1][safepoint    ] Application time: 0.0000636 seconds
[2019-12-08T11:32:49.321+0000][1][safepoint    ] Entering safepoint region: RevokeBias
[2019-12-08T11:32:49.321+0000][1][safepoint    ] Leaving safepoint region
[2019-12-08T11:32:49.321+0000][1][safepoint    ] Total time for which application threads were stopped: 0.0000574 seconds, Stopping threads took: 0.0000210 seconds
[2019-12-08T11:32:49.321+0000][1][safepoint    ] Application time: 0.0000596 seconds
[2019-12-08T11:32:49.321+0000][1][safepoint    ] Entering safepoint region: RevokeBias
[2019-12-08T11:32:49.321+0000][1][safepoint    ] Leaving safepoint region
[2019-12-08T11:32:49.321+0000][1][safepoint    ] Total time for which application threads were stopped: 0.0000390 seconds, Stopping threads took: 0.0000086 seconds
[2019-12-08T11:32:49.321+0000][1][safepoint    ] Application time: 0.0000508 seconds
[2019-12-08T11:32:49.321+0000][1][safepoint    ] Entering safepoint region: RevokeBias
[2019-12-08T11:32:49.321+0000][1][safepoint    ] Leaving safepoint region
[2019-12-08T11:32:49.321+0000][1][safepoint    ] Total time for which application threads were stopped: 0.0000381 seconds, Stopping threads took: 0.0000089 seconds
[2019-12-08T11:32:49.779+0000][1][safepoint    ] Application time: 0.4576081 seconds
[2019-12-08T11:32:49.779+0000][1][safepoint    ] Entering safepoint region: RevokeBias
[2019-12-08T11:32:49.779+0000][1][safepoint    ] Leaving safepoint region
[2019-12-08T11:32:49.779+0000][1][safepoint    ] Total time for which application threads were stopped: 0.0000727 seconds, Stopping threads took: 0.0000137 seconds
[2019-12-08T11:32:49.779+0000][1][safepoint    ] Application time: 0.0002078 seconds
[2019-12-08T11:32:49.779+0000][1][safepoint    ] Entering safepoint region: RevokeBias
[2019-12-08T11:32:49.779+0000][1][safepoint    ] Leaving safepoint region
[2019-12-08T11:32:49.779+0000][1][safepoint    ] Total time for which application threads were stopped: 0.0000471 seconds, Stopping threads took: 0.0000097 seconds
[2019-12-08T11:32:49.918+0000][1][safepoint    ] Application time: 0.1389145 seconds
[2019-12-08T11:32:49.918+0000][1][safepoint    ] Entering safepoint region: GenCollectForAllocation
[2019-12-08T11:32:49.918+0000][1][gc,start     ] GC(6) Pause Young (Allocation Failure)
[2019-12-08T11:32:49.918+0000][1][gc,task      ] GC(6) Using 4 workers of 4 for evacuation
[2019-12-08T11:32:49.956+0000][1][gc,age       ] GC(6) Desired survivor size 4456448 bytes, new threshold 6 (max threshold 6)
[2019-12-08T11:32:49.956+0000][1][gc,age       ] GC(6) Age table with threshold 6 (max threshold 6)
[2019-12-08T11:32:49.956+0000][1][gc,age       ] GC(6) - age   1:    1516744 bytes,    1516744 total
[2019-12-08T11:32:49.956+0000][1][gc,age       ] GC(6) - age   2:    2191096 bytes,    3707840 total
[2019-12-08T11:32:49.956+0000][1][gc,age       ] GC(6) - age   3:     446304 bytes,    4154144 total
[2019-12-08T11:32:49.956+0000][1][gc,heap      ] GC(6) ParNew: 76228K->4575K(78656K)
[2019-12-08T11:32:49.956+0000][1][gc,heap      ] GC(6) CMS: 11647K->11647K(174784K)
[2019-12-08T11:32:49.956+0000][1][gc,metaspace ] GC(6) Metaspace: 19307K->19307K(1067008K)
[2019-12-08T11:32:49.956+0000][1][gc           ] GC(6) Pause Young (Allocation Failure) 85M->15M(247M) 38.150ms
[2019-12-08T11:32:49.956+0000][1][gc,cpu       ] GC(6) User=0.03s Sys=0.00s Real=0.04s
[2019-12-08T11:32:49.956+0000][1][safepoint    ] Leaving safepoint region
[2019-12-08T11:32:49.956+0000][1][safepoint    ] Total time for which application threads were stopped: 0.0382678 seconds, Stopping threads took: 0.0000126 seconds
[2019-12-08T11:32:49.964+0000][1][safepoint    ] Application time: 0.0076879 seconds
[2019-12-08T11:32:50.006+0000][1][safepoint    ] Entering safepoint region: RevokeBias
[2019-12-08T11:32:50.006+0000][1][safepoint    ] Leaving safepoint region
[2019-12-08T11:32:50.006+0000][1][safepoint    ] Total time for which application threads were stopped: 0.0417887 seconds, Stopping threads took: 0.0416750 seconds
[2019-12-08T11:32:50.006+0000][1][safepoint    ] Application time: 0.0000802 seconds
[2019-12-08T11:32:50.006+0000][1][safepoint    ] Entering safepoint region: RevokeBias
[2019-12-08T11:32:50.006+0000][1][safepoint    ] Leaving safepoint region
[2019-12-08T11:32:50.006+0000][1][safepoint    ] Total time for which application threads were stopped: 0.0000612 seconds, Stopping threads took: 0.0000105 seconds
[2019-12-08T11:32:50.006+0000][1][safepoint    ] Application time: 0.0000685 seconds
[2019-12-08T11:32:50.006+0000][1][safepoint    ] Entering safepoint region: BulkRevokeBias
[2019-12-08T11:32:50.006+0000][1][safepoint    ] Leaving safepoint region
[2019-12-08T11:32:50.006+0000][1][safepoint    ] Total time for which application threads were stopped: 0.0000914 seconds, Stopping threads took: 0.0000086 seconds
[2019-12-08T11:32:50.006+0000][1][safepoint    ] Application time: 0.0000562 seconds
[2019-12-08T11:32:50.006+0000][1][safepoint    ] Entering safepoint region: BulkRevokeBias
[2019-12-08T11:32:50.006+0000][1][safepoint    ] Leaving safepoint region
[2019-12-08T11:32:50.006+0000][1][safepoint    ] Total time for which application threads were stopped: 0.0000711 seconds, Stopping threads took: 0.0000077 seconds
[2019-12-08T11:32:50.701+0000][1][safepoint    ] Application time: 0.6948043 seconds
[2019-12-08T11:32:50.701+0000][1][safepoint    ] Entering safepoint region: GenCollectForAllocation
[2019-12-08T11:32:50.701+0000][1][gc,start     ] GC(7) Pause Young (Allocation Failure)
[2019-12-08T11:32:50.701+0000][1][gc,task      ] GC(7) Using 4 workers of 4 for evacuation
[2019-12-08T11:32:50.741+0000][1][gc,age       ] GC(7) Desired survivor size 4456448 bytes, new threshold 6 (max threshold 6)
[2019-12-08T11:32:50.741+0000][1][gc,age       ] GC(7) Age table with threshold 6 (max threshold 6)
[2019-12-08T11:32:50.741+0000][1][gc,age       ] GC(7) - age   1:     396832 bytes,     396832 total
[2019-12-08T11:32:50.741+0000][1][gc,age       ] GC(7) - age   2:    1128824 bytes,    1525656 total
[2019-12-08T11:32:50.741+0000][1][gc,age       ] GC(7) - age   3:    2191016 bytes,    3716672 total
[2019-12-08T11:32:50.741+0000][1][gc,age       ] GC(7) - age   4:     446304 bytes,    4162976 total
[2019-12-08T11:32:50.741+0000][1][gc,heap      ] GC(7) ParNew: 74527K->5098K(78656K)
[2019-12-08T11:32:50.741+0000][1][gc,heap      ] GC(7) CMS: 11647K->11647K(174784K)
[2019-12-08T11:32:50.741+0000][1][gc,metaspace ] GC(7) Metaspace: 19589K->19589K(1067008K)
[2019-12-08T11:32:50.741+0000][1][gc           ] GC(7) Pause Young (Allocation Failure) 84M->16M(247M) 39.862ms
[2019-12-08T11:32:50.741+0000][1][gc,cpu       ] GC(7) User=0.02s Sys=0.00s Real=0.04s
[2019-12-08T11:32:50.741+0000][1][safepoint    ] Leaving safepoint region
[2019-12-08T11:32:50.741+0000][1][safepoint    ] Total time for which application threads were stopped: 0.0400052 seconds, Stopping threads took: 0.0000140 seconds
[2019-12-08T11:32:51.264+0000][1][safepoint    ] Application time: 0.5229032 seconds
[2019-12-08T11:32:51.264+0000][1][safepoint    ] Entering safepoint region: CollectForMetadataAllocation
[2019-12-08T11:32:51.264+0000][1][safepoint    ] Leaving safepoint region
[2019-12-08T11:32:51.264+0000][1][safepoint    ] Total time for which application threads were stopped: 0.0002625 seconds, Stopping threads took: 0.0000135 seconds
[2019-12-08T11:32:51.495+0000][1][safepoint    ] Application time: 0.2306515 seconds
[2019-12-08T11:32:51.495+0000][1][safepoint    ] Entering safepoint region: CollectForMetadataAllocation
[2019-12-08T11:32:51.495+0000][1][safepoint    ] Leaving safepoint region
[2019-12-08T11:32:51.495+0000][1][safepoint    ] Total time for which application threads were stopped: 0.0002504 seconds, Stopping threads took: 0.0000144 seconds
[2019-12-08T11:32:51.939+0000][1][safepoint    ] Application time: 0.4433944 seconds
[2019-12-08T11:32:51.939+0000][1][safepoint    ] Entering safepoint region: GenCollectForAllocation
[2019-12-08T11:32:51.939+0000][1][gc,start     ] GC(8) Pause Young (Allocation Failure)
[2019-12-08T11:32:51.939+0000][1][gc,task      ] GC(8) Using 4 workers of 4 for evacuation
[2019-12-08T11:32:52.056+0000][1][gc,age       ] GC(8) Desired survivor size 4456448 bytes, new threshold 4 (max threshold 6)
[2019-12-08T11:32:52.056+0000][1][gc,age       ] GC(8) Age table with threshold 4 (max threshold 6)
[2019-12-08T11:32:52.056+0000][1][gc,age       ] GC(8) - age   1:     924808 bytes,     924808 total
[2019-12-08T11:32:52.056+0000][1][gc,age       ] GC(8) - age   2:     363768 bytes,    1288576 total
[2019-12-08T11:32:52.056+0000][1][gc,age       ] GC(8) - age   3:    1128680 bytes,    2417256 total
[2019-12-08T11:32:52.056+0000][1][gc,age       ] GC(8) - age   4:    2188800 bytes,    4606056 total
[2019-12-08T11:32:52.056+0000][1][gc,age       ] GC(8) - age   5:     446304 bytes,    5052360 total
[2019-12-08T11:32:52.056+0000][1][gc,heap      ] GC(8) ParNew: 75050K->6295K(78656K)
[2019-12-08T11:32:52.056+0000][1][gc,heap      ] GC(8) CMS: 11647K->11647K(174784K)
[2019-12-08T11:32:52.056+0000][1][gc,metaspace ] GC(8) Metaspace: 20394K->20394K(1069056K)
[2019-12-08T11:32:52.056+0000][1][gc           ] GC(8) Pause Young (Allocation Failure) 84M->17M(247M) 117.218ms
[2019-12-08T11:32:52.056+0000][1][gc,cpu       ] GC(8) User=0.01s Sys=0.00s Real=0.12s
[2019-12-08T11:32:52.056+0000][1][safepoint    ] Leaving safepoint region
[2019-12-08T11:32:52.056+0000][1][safepoint    ] Total time for which application threads were stopped: 0.1173741 seconds, Stopping threads took: 0.0000283 seconds
[2019-12-08T11:32:52.063+0000][1][safepoint    ] Application time: 0.0067141 seconds
[2019-12-08T11:32:52.075+0000][1][safepoint    ] Entering safepoint region: CMS_Initial_Mark
[2019-12-08T11:32:52.075+0000][1][gc,start     ] GC(9) Pause Initial Mark
[2019-12-08T11:32:52.079+0000][1][gc           ] GC(9) Pause Initial Mark 22M->22M(247M) 3.935ms
[2019-12-08T11:32:52.079+0000][1][gc,cpu       ] GC(9) User=0.00s Sys=0.00s Real=0.00s
[2019-12-08T11:32:52.079+0000][1][safepoint    ] Leaving safepoint region
[2019-12-08T11:32:52.079+0000][1][safepoint    ] Total time for which application threads were stopped: 0.0160782 seconds, Stopping threads took: 0.0120453 seconds
[2019-12-08T11:32:52.079+0000][1][gc           ] GC(9) Concurrent Mark
[2019-12-08T11:32:52.117+0000][1][gc           ] GC(9) Concurrent Mark 38.291ms
[2019-12-08T11:32:52.117+0000][1][gc,cpu       ] GC(9) User=0.04s Sys=0.00s Real=0.04s
[2019-12-08T11:32:52.117+0000][1][gc           ] GC(9) Concurrent Preclean
[2019-12-08T11:32:52.118+0000][1][gc           ] GC(9) Concurrent Preclean 0.390ms
[2019-12-08T11:32:52.146+0000][1][gc,cpu       ] GC(9) User=0.01s Sys=0.00s Real=0.03s
[2019-12-08T11:32:52.146+0000][1][gc           ] GC(9) Concurrent Abortable Preclean
[2019-12-08T11:32:52.706+0000][1][safepoint    ] Application time: 0.6270021 seconds
[2019-12-08T11:32:52.706+0000][1][safepoint    ] Entering safepoint region: GenCollectForAllocation
[2019-12-08T11:32:52.706+0000][1][gc,start     ] GC(10) Pause Young (Allocation Failure)
[2019-12-08T11:32:52.706+0000][1][gc,task      ] GC(10) Using 4 workers of 4 for evacuation
[2019-12-08T11:32:52.757+0000][1][gc           ] GC(9) Concurrent Abortable Preclean 610.949ms
[2019-12-08T11:32:52.757+0000][1][gc,cpu       ] GC(9) User=0.35s Sys=0.01s Real=0.61s
[2019-12-08T11:32:52.800+0000][1][gc,age       ] GC(10) Desired survivor size 4456448 bytes, new threshold 6 (max threshold 6)
[2019-12-08T11:32:52.800+0000][1][gc,age       ] GC(10) Age table with threshold 6 (max threshold 6)
[2019-12-08T11:32:52.800+0000][1][gc,age       ] GC(10) - age   1:    1084912 bytes,    1084912 total
[2019-12-08T11:32:52.800+0000][1][gc,age       ] GC(10) - age   2:     648088 bytes,    1733000 total
[2019-12-08T11:32:52.800+0000][1][gc,age       ] GC(10) - age   3:     363768 bytes,    2096768 total
[2019-12-08T11:32:52.800+0000][1][gc,age       ] GC(10) - age   4:    1128680 bytes,    3225448 total
[2019-12-08T11:32:52.800+0000][1][gc,heap      ] GC(10) ParNew: 76247K->6327K(78656K)
[2019-12-08T11:32:52.800+0000][1][gc,heap      ] GC(10) CMS: 11647K->14239K(174784K)
[2019-12-08T11:32:52.800+0000][1][gc,metaspace ] GC(10) Metaspace: 20500K->20500K(1069056K)
[2019-12-08T11:32:52.800+0000][1][gc           ] GC(10) Pause Young (Allocation Failure) 85M->20M(247M) 93.948ms
[2019-12-08T11:32:52.800+0000][1][gc,cpu       ] GC(10) User=0.04s Sys=0.00s Real=0.09s
[2019-12-08T11:32:52.800+0000][1][safepoint    ] Leaving safepoint region
[2019-12-08T11:32:52.800+0000][1][safepoint    ] Total time for which application threads were stopped: 0.0940777 seconds, Stopping threads took: 0.0000147 seconds
[2019-12-08T11:32:52.819+0000][1][safepoint    ] Application time: 0.0187270 seconds
[2019-12-08T11:32:52.876+0000][1][safepoint    ] Entering safepoint region: CMS_Final_Remark
[2019-12-08T11:32:52.876+0000][1][gc,start     ] GC(9) Pause Remark
[2019-12-08T11:32:52.898+0000][1][gc           ] GC(9) Pause Remark 26M->26M(247M) 22.041ms
[2019-12-08T11:32:52.898+0000][1][gc,cpu       ] GC(9) User=0.02s Sys=0.00s Real=0.02s
[2019-12-08T11:32:52.898+0000][1][safepoint    ] Leaving safepoint region
[2019-12-08T11:32:52.898+0000][1][safepoint    ] Total time for which application threads were stopped: 0.0792029 seconds, Stopping threads took: 0.0570382 seconds
[2019-12-08T11:32:52.901+0000][1][gc           ] GC(9) Concurrent Sweep
[2019-12-08T11:32:52.921+0000][1][gc           ] GC(9) Concurrent Sweep 20.704ms
[2019-12-08T11:32:52.921+0000][1][gc,cpu       ] GC(9) User=0.03s Sys=0.00s Real=0.02s
[2019-12-08T11:32:52.922+0000][1][gc           ] GC(9) Concurrent Reset
[2019-12-08T11:32:52.922+0000][1][gc           ] GC(9) Concurrent Reset 0.339ms
[2019-12-08T11:32:52.922+0000][1][gc,cpu       ] GC(9) User=0.00s Sys=0.00s Real=0.00s
[2019-12-08T11:32:52.922+0000][1][gc,heap      ] GC(9) Old: 11647K->14229K(174784K)
[2019-12-08T11:32:53.369+0000][1][safepoint    ] Application time: 0.4713354 seconds
[2019-12-08T11:32:53.369+0000][1][safepoint    ] Entering safepoint region: GenCollectForAllocation
[2019-12-08T11:32:53.370+0000][1][gc,start     ] GC(11) Pause Young (Allocation Failure)
[2019-12-08T11:32:53.370+0000][1][gc,task      ] GC(11) Using 4 workers of 4 for evacuation
[2019-12-08T11:32:53.499+0000][1][gc,age       ] GC(11) Desired survivor size 4456448 bytes, new threshold 6 (max threshold 6)
[2019-12-08T11:32:53.499+0000][1][gc,age       ] GC(11) Age table with threshold 6 (max threshold 6)
[2019-12-08T11:32:53.499+0000][1][gc,age       ] GC(11) - age   1:     948056 bytes,     948056 total
[2019-12-08T11:32:53.499+0000][1][gc,age       ] GC(11) - age   2:      97712 bytes,    1045768 total
[2019-12-08T11:32:53.499+0000][1][gc,age       ] GC(11) - age   3:     648040 bytes,    1693808 total
[2019-12-08T11:32:53.499+0000][1][gc,age       ] GC(11) - age   4:     363664 bytes,    2057472 total
[2019-12-08T11:32:53.499+0000][1][gc,age       ] GC(11) - age   5:    1128392 bytes,    3185864 total
[2019-12-08T11:32:53.499+0000][1][gc,heap      ] GC(11) ParNew: 76279K->3734K(78656K)
[2019-12-08T11:32:53.499+0000][1][gc,heap      ] GC(11) CMS: 14229K->14229K(174784K)
[2019-12-08T11:32:53.499+0000][1][gc,metaspace ] GC(11) Metaspace: 20582K->20582K(1069056K)
[2019-12-08T11:32:53.499+0000][1][gc           ] GC(11) Pause Young (Allocation Failure) 88M->17M(247M) 129.139ms
[2019-12-08T11:32:53.499+0000][1][gc,cpu       ] GC(11) User=0.06s Sys=0.00s Real=0.13s
[2019-12-08T11:32:53.499+0000][1][safepoint    ] Leaving safepoint region
[2019-12-08T11:32:53.499+0000][1][safepoint    ] Total time for which application threads were stopped: 0.1296847 seconds, Stopping threads took: 0.0000148 seconds
[2019-12-08T11:32:54.064+0000][1][safepoint    ] Application time: 0.5649847 seconds
[2019-12-08T11:32:54.064+0000][1][safepoint    ] Entering safepoint region: Deoptimize
[2019-12-08T11:32:54.065+0000][1][safepoint    ] Leaving safepoint region
[2019-12-08T11:32:54.065+0000][1][safepoint    ] Total time for which application threads were stopped: 0.0004515 seconds, Stopping threads took: 0.0000136 seconds
[2019-12-08T11:32:55.020+0000][1][safepoint    ] Application time: 0.9553023 seconds
[2019-12-08T11:32:55.020+0000][1][safepoint    ] Entering safepoint region: GenCollectForAllocation
[2019-12-08T11:32:55.020+0000][1][gc,start     ] GC(12) Pause Young (Allocation Failure)
[2019-12-08T11:32:55.020+0000][1][gc,task      ] GC(12) Using 4 workers of 4 for evacuation
[2019-12-08T11:32:55.050+0000][1][gc,age       ] GC(12) Desired survivor size 4456448 bytes, new threshold 6 (max threshold 6)
[2019-12-08T11:32:55.050+0000][1][gc,age       ] GC(12) Age table with threshold 6 (max threshold 6)
[2019-12-08T11:32:55.050+0000][1][gc,age       ] GC(12) - age   1:    1031792 bytes,    1031792 total
[2019-12-08T11:32:55.050+0000][1][gc,age       ] GC(12) - age   2:     306008 bytes,    1337800 total
[2019-12-08T11:32:55.050+0000][1][gc,age       ] GC(12) - age   3:      97712 bytes,    1435512 total
[2019-12-08T11:32:55.050+0000][1][gc,age       ] GC(12) - age   4:     647976 bytes,    2083488 total
[2019-12-08T11:32:55.050+0000][1][gc,age       ] GC(12) - age   5:     363664 bytes,    2447152 total
[2019-12-08T11:32:55.050+0000][1][gc,age       ] GC(12) - age   6:    1128392 bytes,    3575544 total
[2019-12-08T11:32:55.050+0000][1][gc,heap      ] GC(12) ParNew: 73686K->4561K(78656K)
[2019-12-08T11:32:55.050+0000][1][gc,heap      ] GC(12) CMS: 14229K->14229K(174784K)
[2019-12-08T11:32:55.050+0000][1][gc,metaspace ] GC(12) Metaspace: 22808K->22808K(1071104K)
[2019-12-08T11:32:55.050+0000][1][gc           ] GC(12) Pause Young (Allocation Failure) 85M->18M(247M) 30.030ms
[2019-12-08T11:32:55.050+0000][1][gc,cpu       ] GC(12) User=0.01s Sys=0.00s Real=0.03s
[2019-12-08T11:32:55.050+0000][1][safepoint    ] Leaving safepoint region
[2019-12-08T11:32:55.050+0000][1][safepoint    ] Total time for which application threads were stopped: 0.0301969 seconds, Stopping threads took: 0.0000128 seconds
[2019-12-08T11:32:55.560+0000][1][safepoint    ] Application time: 0.5094875 seconds
[2019-12-08T11:32:55.560+0000][1][safepoint    ] Entering safepoint region: Deoptimize
[2019-12-08T11:32:55.560+0000][1][safepoint    ] Leaving safepoint region
[2019-12-08T11:32:55.560+0000][1][safepoint    ] Total time for which application threads were stopped: 0.0006838 seconds, Stopping threads took: 0.0000122 seconds
[2019-12-08T11:32:55.863+0000][1][safepoint    ] Application time: 0.3029821 seconds
[2019-12-08T11:32:55.863+0000][1][safepoint    ] Entering safepoint region: Deoptimize
[2019-12-08T11:32:55.864+0000][1][safepoint    ] Leaving safepoint region
[2019-12-08T11:32:55.864+0000][1][safepoint    ] Total time for which application threads were stopped: 0.0005014 seconds, Stopping threads took: 0.0000114 seconds
[2019-12-08T11:32:55.922+0000][1][safepoint    ] Application time: 0.0581554 seconds
[2019-12-08T11:32:55.922+0000][1][safepoint    ] Entering safepoint region: Deoptimize
[2019-12-08T11:32:55.922+0000][1][safepoint    ] Leaving safepoint region
[2019-12-08T11:32:55.923+0000][1][safepoint    ] Total time for which application threads were stopped: 0.0004885 seconds, Stopping threads took: 0.0000132 seconds
[2019-12-08T11:32:55.927+0000][1][safepoint    ] Application time: 0.0041380 seconds
[2019-12-08T11:32:55.927+0000][1][safepoint    ] Entering safepoint region: Deoptimize
[2019-12-08T11:32:55.927+0000][1][safepoint    ] Leaving safepoint region
[2019-12-08T11:32:55.927+0000][1][safepoint    ] Total time for which application threads were stopped: 0.0004373 seconds, Stopping threads took: 0.0000297 seconds
[2019-12-08T11:32:55.997+0000][1][safepoint    ] Application time: 0.0703345 seconds
[2019-12-08T11:32:55.998+0000][1][safepoint    ] Entering safepoint region: RevokeBias
[2019-12-08T11:32:55.998+0000][1][safepoint    ] Leaving safepoint region
[2019-12-08T11:32:55.998+0000][1][safepoint    ] Total time for which application threads were stopped: 0.0000697 seconds, Stopping threads took: 0.0000146 seconds
[2019-12-08T11:32:56.998+0000][1][safepoint    ] Application time: 1.0001325 seconds
[2019-12-08T11:32:57.041+0000][1][safepoint    ] Entering safepoint region: Cleanup
[2019-12-08T11:32:57.041+0000][1][safepoint    ] Leaving safepoint region
[2019-12-08T11:32:57.041+0000][1][safepoint    ] Total time for which application threads were stopped: 0.0432915 seconds, Stopping threads took: 0.0430328 seconds
[2019-12-08T11:32:58.050+0000][1][safepoint    ] Application time: 1.0090098 seconds
[2019-12-08T11:32:58.095+0000][1][safepoint    ] Entering safepoint region: Cleanup
[2019-12-08T11:32:58.095+0000][1][safepoint    ] Leaving safepoint region
[2019-12-08T11:32:58.095+0000][1][safepoint    ] Total time for which application threads were stopped: 0.0447402 seconds, Stopping threads took: 0.0446592 seconds
[2019-12-08T11:32:59.096+0000][1][safepoint    ] Application time: 1.0008781 seconds
[2019-12-08T11:32:59.096+0000][1][safepoint    ] Entering safepoint region: Cleanup
[2019-12-08T11:32:59.096+0000][1][safepoint    ] Leaving safepoint region
[2019-12-08T11:32:59.096+0000][1][safepoint    ] Total time for which application threads were stopped: 0.0001021 seconds, Stopping threads took: 0.0000641 seconds
[2019-12-08T11:32:59.823+0000][1][safepoint    ] Application time: 0.7272773 seconds
[2019-12-08T11:32:59.826+0000][1][safepoint    ] Entering safepoint region: GenCollectForAllocation
[2019-12-08T11:32:59.826+0000][1][gc,start     ] GC(13) Pause Young (Allocation Failure)
[2019-12-08T11:32:59.826+0000][1][gc,task      ] GC(13) Using 4 workers of 4 for evacuation
[2019-12-08T11:32:59.899+0000][1][gc,age       ] GC(13) Desired survivor size 4456448 bytes, new threshold 1 (max threshold 6)
[2019-12-08T11:32:59.899+0000][1][gc,age       ] GC(13) Age table with threshold 1 (max threshold 6)
[2019-12-08T11:32:59.899+0000][1][gc,age       ] GC(13) - age   1:    6490080 bytes,    6490080 total
[2019-12-08T11:32:59.899+0000][1][gc,age       ] GC(13) - age   2:    1007056 bytes,    7497136 total
[2019-12-08T11:32:59.899+0000][1][gc,age       ] GC(13) - age   3:     305712 bytes,    7802848 total
[2019-12-08T11:32:59.899+0000][1][gc,age       ] GC(13) - age   4:      97528 bytes,    7900376 total
[2019-12-08T11:32:59.899+0000][1][gc,age       ] GC(13) - age   5:     644936 bytes,    8545312 total
[2019-12-08T11:32:59.899+0000][1][gc,age       ] GC(13) - age   6:     361472 bytes,    8906784 total
[2019-12-08T11:32:59.899+0000][1][gc,heap      ] GC(13) ParNew: 74513K->8704K(78656K)
[2019-12-08T11:32:59.899+0000][1][gc,heap      ] GC(13) CMS: 14229K->21446K(174784K)
[2019-12-08T11:32:59.899+0000][1][gc,metaspace ] GC(13) Metaspace: 27076K->27076K(1075200K)
[2019-12-08T11:32:59.899+0000][1][gc           ] GC(13) Pause Young (Allocation Failure) 86M->29M(247M) 73.412ms
[2019-12-08T11:32:59.899+0000][1][gc,cpu       ] GC(13) User=0.08s Sys=0.00s Real=0.07s
[2019-12-08T11:32:59.899+0000][1][safepoint    ] Leaving safepoint region
[2019-12-08T11:32:59.899+0000][1][safepoint    ] Total time for which application threads were stopped: 0.0760940 seconds, Stopping threads took: 0.0025529 seconds
[2019-12-08T11:33:00.918+0000][1][safepoint    ] Application time: 1.0184244 seconds
[2019-12-08T11:33:01.002+0000][1][safepoint    ] Entering safepoint region: Cleanup
[2019-12-08T11:33:01.002+0000][1][safepoint    ] Leaving safepoint region
[2019-12-08T11:33:01.002+0000][1][safepoint    ] Total time for which application threads were stopped: 0.0840680 seconds, Stopping threads took: 0.0840239 seconds
[2019-12-08T11:33:03.008+0000][1][safepoint    ] Application time: 2.0062696 seconds
[2019-12-08T11:33:03.080+0000][1][safepoint    ] Entering safepoint region: Cleanup
[2019-12-08T11:33:03.080+0000][1][safepoint    ] Leaving safepoint region
[2019-12-08T11:33:03.080+0000][1][safepoint    ] Total time for which application threads were stopped: 0.0723043 seconds, Stopping threads took: 0.0722592 seconds
[2019-12-08T11:33:04.191+0000][1][safepoint    ] Application time: 1.1103028 seconds
[2019-12-08T11:33:04.207+0000][1][safepoint    ] Entering safepoint region: GenCollectForAllocation
[2019-12-08T11:33:04.207+0000][1][gc,start     ] GC(14) Pause Young (Allocation Failure)
[2019-12-08T11:33:04.207+0000][1][gc,task      ] GC(14) Using 4 workers of 4 for evacuation
[2019-12-08T11:33:04.586+0000][1][gc,age       ] GC(14) Desired survivor size 4456448 bytes, new threshold 1 (max threshold 6)
[2019-12-08T11:33:04.586+0000][1][gc,age       ] GC(14) Age table with threshold 1 (max threshold 6)
[2019-12-08T11:33:04.586+0000][1][gc,age       ] GC(14) - age   1:    8912568 bytes,    8912568 total
[2019-12-08T11:33:04.586+0000][1][gc,heap      ] GC(14) ParNew: 78656K->8704K(78656K)
[2019-12-08T11:33:04.586+0000][1][gc,heap      ] GC(14) CMS: 21446K->34439K(174784K)
[2019-12-08T11:33:04.586+0000][1][gc,metaspace ] GC(14) Metaspace: 27104K->27104K(1075200K)
[2019-12-08T11:33:04.586+0000][1][gc           ] GC(14) Pause Young (Allocation Failure) 97M->42M(247M) 379.451ms
[2019-12-08T11:33:04.586+0000][1][gc,cpu       ] GC(14) User=0.17s Sys=0.00s Real=0.38s
[2019-12-08T11:33:04.586+0000][1][safepoint    ] Leaving safepoint region
[2019-12-08T11:33:04.586+0000][1][safepoint    ] Total time for which application threads were stopped: 0.3955108 seconds, Stopping threads took: 0.0159330 seconds
[2019-12-08T11:33:04.867+0000][1][safepoint    ] Application time: 0.2810415 seconds
[2019-12-08T11:33:04.867+0000][1][safepoint    ] Entering safepoint region: RevokeBias
[2019-12-08T11:33:04.868+0000][1][safepoint    ] Leaving safepoint region
[2019-12-08T11:33:04.868+0000][1][safepoint    ] Total time for which application threads were stopped: 0.0001553 seconds, Stopping threads took: 0.0000180 seconds
[2019-12-08T11:33:06.352+0000][1][safepoint    ] Application time: 1.4841563 seconds
[2019-12-08T11:33:06.352+0000][1][safepoint    ] Entering safepoint region: Deoptimize
[2019-12-08T11:33:06.352+0000][1][safepoint    ] Leaving safepoint region
[2019-12-08T11:33:06.352+0000][1][safepoint    ] Total time for which application threads were stopped: 0.0005453 seconds, Stopping threads took: 0.0000157 seconds
[2019-12-08T11:33:07.359+0000][1][safepoint    ] Application time: 1.0064071 seconds
[2019-12-08T11:33:07.394+0000][1][safepoint    ] Entering safepoint region: Cleanup
[2019-12-08T11:33:07.394+0000][1][safepoint    ] Leaving safepoint region
[2019-12-08T11:33:07.394+0000][1][safepoint    ] Total time for which application threads were stopped: 0.0351688 seconds, Stopping threads took: 0.0350827 seconds
[2019-12-08T11:33:07.403+0000][1][safepoint    ] Application time: 0.0087906 seconds
[2019-12-08T11:33:07.403+0000][1][safepoint    ] Entering safepoint region: RevokeBias
[2019-12-08T11:33:07.403+0000][1][safepoint    ] Leaving safepoint region
[2019-12-08T11:33:07.403+0000][1][safepoint    ] Total time for which application threads were stopped: 0.0000751 seconds, Stopping threads took: 0.0000116 seconds
[2019-12-08T11:33:08.242+0000][1][safepoint    ] Application time: 0.8391903 seconds
[2019-12-08T11:33:08.242+0000][1][safepoint    ] Entering safepoint region: GenCollectForAllocation
[2019-12-08T11:33:08.242+0000][1][gc,start     ] GC(15) Pause Young (Allocation Failure)
[2019-12-08T11:33:08.242+0000][1][gc,task      ] GC(15) Using 4 workers of 4 for evacuation
[2019-12-08T11:33:08.685+0000][1][gc,age       ] GC(15) Desired survivor size 4456448 bytes, new threshold 1 (max threshold 6)
[2019-12-08T11:33:08.685+0000][1][gc,age       ] GC(15) Age table with threshold 1 (max threshold 6)
[2019-12-08T11:33:08.685+0000][1][gc,age       ] GC(15) - age   1:    8581008 bytes,    8581008 total
[2019-12-08T11:33:08.685+0000][1][gc,heap      ] GC(15) ParNew: 78652K->8704K(78656K)
[2019-12-08T11:33:08.685+0000][1][gc,heap      ] GC(15) CMS: 34439K->46387K(174784K)
[2019-12-08T11:33:08.685+0000][1][gc,metaspace ] GC(15) Metaspace: 29511K->29511K(1077248K)
[2019-12-08T11:33:08.685+0000][1][gc           ] GC(15) Pause Young (Allocation Failure) 110M->53M(247M) 442.868ms
[2019-12-08T11:33:08.685+0000][1][gc,cpu       ] GC(15) User=0.17s Sys=0.00s Real=0.44s
[2019-12-08T11:33:08.685+0000][1][safepoint    ] Leaving safepoint region
[2019-12-08T11:33:08.685+0000][1][safepoint    ] Total time for which application threads were stopped: 0.4430216 seconds, Stopping threads took: 0.0000129 seconds
[2019-12-08T11:33:09.635+0000][1][safepoint    ] Application time: 0.9496578 seconds
[2019-12-08T11:33:09.635+0000][1][safepoint    ] Entering safepoint region: RevokeBias
[2019-12-08T11:33:09.635+0000][1][safepoint    ] Leaving safepoint region
[2019-12-08T11:33:09.635+0000][1][safepoint    ] Total time for which application threads were stopped: 0.0001156 seconds, Stopping threads took: 0.0000136 seconds
[2019-12-08T11:33:09.887+0000][1][safepoint    ] Application time: 0.2525325 seconds
[2019-12-08T11:33:09.887+0000][1][safepoint    ] Entering safepoint region: RevokeBias
[2019-12-08T11:33:09.888+0000][1][safepoint    ] Leaving safepoint region
[2019-12-08T11:33:09.888+0000][1][safepoint    ] Total time for which application threads were stopped: 0.0000753 seconds, Stopping threads took: 0.0000122 seconds
[2019-12-08T11:33:10.060+0000][1][safepoint    ] Application time: 0.1723612 seconds
[2019-12-08T11:33:10.060+0000][1][safepoint    ] Entering safepoint region: RevokeBias
[2019-12-08T11:33:10.060+0000][1][safepoint    ] Leaving safepoint region
[2019-12-08T11:33:10.060+0000][1][safepoint    ] Total time for which application threads were stopped: 0.0000828 seconds, Stopping threads took: 0.0000138 seconds
[2019-12-08T11:33:10.124+0000][1][safepoint    ] Application time: 0.0637403 seconds
[2019-12-08T11:33:10.124+0000][1][safepoint    ] Entering safepoint region: RevokeBias
[2019-12-08T11:33:10.124+0000][1][safepoint    ] Leaving safepoint region
[2019-12-08T11:33:10.124+0000][1][safepoint    ] Total time for which application threads were stopped: 0.0000707 seconds, Stopping threads took: 0.0000131 seconds
[2019-12-08T11:33:11.127+0000][1][safepoint    ] Application time: 1.0027967 seconds
[2019-12-08T11:33:11.135+0000][1][safepoint    ] Entering safepoint region: Cleanup
[2019-12-08T11:33:11.135+0000][1][safepoint    ] Leaving safepoint region
[2019-12-08T11:33:11.135+0000][1][safepoint    ] Total time for which application threads were stopped: 0.0082558 seconds, Stopping threads took: 0.0082157 seconds
[2019-12-08T11:33:11.640+0000][1][safepoint    ] Application time: 0.5052548 seconds
[2019-12-08T11:33:11.640+0000][1][safepoint    ] Entering safepoint region: GenCollectForAllocation
[2019-12-08T11:33:11.640+0000][1][gc,start     ] GC(16) Pause Young (Allocation Failure)
[2019-12-08T11:33:11.640+0000][1][gc,task      ] GC(16) Using 4 workers of 4 for evacuation
[2019-12-08T11:33:11.851+0000][1][gc,age       ] GC(16) Desired survivor size 4456448 bytes, new threshold 6 (max threshold 6)
[2019-12-08T11:33:11.851+0000][1][gc,age       ] GC(16) Age table with threshold 6 (max threshold 6)
[2019-12-08T11:33:11.851+0000][1][gc,age       ] GC(16) - age   1:    1263144 bytes,    1263144 total
[2019-12-08T11:33:11.851+0000][1][gc,heap      ] GC(16) ParNew: 78656K->8375K(78656K)
[2019-12-08T11:33:11.851+0000][1][gc,heap      ] GC(16) CMS: 46387K->54909K(174784K)
[2019-12-08T11:33:11.851+0000][1][gc,metaspace ] GC(16) Metaspace: 32998K->32998K(1079296K)
[2019-12-08T11:33:11.851+0000][1][gc           ] GC(16) Pause Young (Allocation Failure) 122M->61M(247M) 210.789ms
[2019-12-08T11:33:11.851+0000][1][gc,cpu       ] GC(16) User=0.12s Sys=0.00s Real=0.22s
[2019-12-08T11:33:11.851+0000][1][safepoint    ] Leaving safepoint region
[2019-12-08T11:33:11.851+0000][1][safepoint    ] Total time for which application threads were stopped: 0.2109474 seconds, Stopping threads took: 0.0000163 seconds
[2019-12-08T11:33:12.862+0000][1][safepoint    ] Application time: 1.0104388 seconds
[2019-12-08T11:33:12.903+0000][1][safepoint    ] Entering safepoint region: Cleanup
[2019-12-08T11:33:12.903+0000][1][safepoint    ] Leaving safepoint region
[2019-12-08T11:33:12.903+0000][1][safepoint    ] Total time for which application threads were stopped: 0.0411122 seconds, Stopping threads took: 0.0410397 seconds
[2019-12-08T11:33:13.918+0000][1][safepoint    ] Application time: 1.0154779 seconds
[2019-12-08T11:33:13.923+0000][1][safepoint    ] Entering safepoint region: Cleanup
[2019-12-08T11:33:13.923+0000][1][safepoint    ] Leaving safepoint region
[2019-12-08T11:33:13.923+0000][1][safepoint    ] Total time for which application threads were stopped: 0.0044198 seconds, Stopping threads took: 0.0043652 seconds
[2019-12-08T11:33:14.031+0000][1][safepoint    ] Application time: 0.1079084 seconds
[2019-12-08T11:33:14.031+0000][1][safepoint    ] Entering safepoint region: CollectForMetadataAllocation
[2019-12-08T11:33:14.031+0000][1][safepoint    ] Leaving safepoint region
[2019-12-08T11:33:14.031+0000][1][safepoint    ] Total time for which application threads were stopped: 0.0002383 seconds, Stopping threads took: 0.0000148 seconds
[2019-12-08T11:33:14.379+0000][1][safepoint    ] Application time: 0.3478357 seconds
[2019-12-08T11:33:14.379+0000][1][safepoint    ] Entering safepoint region: CollectForMetadataAllocation
[2019-12-08T11:33:14.379+0000][1][safepoint    ] Leaving safepoint region
[2019-12-08T11:33:14.379+0000][1][safepoint    ] Total time for which application threads were stopped: 0.0001640 seconds, Stopping threads took: 0.0000236 seconds
[2019-12-08T11:33:14.602+0000][1][safepoint    ] Application time: 0.2226828 seconds
[2019-12-08T11:33:14.602+0000][1][safepoint    ] Entering safepoint region: CollectForMetadataAllocation
[2019-12-08T11:33:14.602+0000][1][safepoint    ] Leaving safepoint region
[2019-12-08T11:33:14.602+0000][1][safepoint    ] Total time for which application threads were stopped: 0.0002398 seconds, Stopping threads took: 0.0000124 seconds
[2019-12-08T11:33:14.737+0000][1][safepoint    ] Application time: 0.1345142 seconds
[2019-12-08T11:33:14.737+0000][1][safepoint    ] Entering safepoint region: CollectForMetadataAllocation
[2019-12-08T11:33:14.737+0000][1][safepoint    ] Leaving safepoint region
[2019-12-08T11:33:14.737+0000][1][safepoint    ] Total time for which application threads were stopped: 0.0003140 seconds, Stopping threads took: 0.0000530 seconds
[2019-12-08T11:33:14.800+0000][1][safepoint    ] Application time: 0.0631334 seconds
[2019-12-08T11:33:14.800+0000][1][safepoint    ] Entering safepoint region: CollectForMetadataAllocation
[2019-12-08T11:33:14.800+0000][1][safepoint    ] Leaving safepoint region
[2019-12-08T11:33:14.800+0000][1][safepoint    ] Total time for which application threads were stopped: 0.0002421 seconds, Stopping threads took: 0.0000129 seconds
[2019-12-08T11:33:14.872+0000][1][safepoint    ] Application time: 0.0712885 seconds
[2019-12-08T11:33:14.872+0000][1][safepoint    ] Entering safepoint region: CollectForMetadataAllocation
[2019-12-08T11:33:14.872+0000][1][safepoint    ] Leaving safepoint region
[2019-12-08T11:33:14.872+0000][1][safepoint    ] Total time for which application threads were stopped: 0.0002551 seconds, Stopping threads took: 0.0000150 seconds
[2019-12-08T11:33:14.944+0000][1][safepoint    ] Application time: 0.0724302 seconds
[2019-12-08T11:33:14.944+0000][1][safepoint    ] Entering safepoint region: CollectForMetadataAllocation
[2019-12-08T11:33:14.944+0000][1][safepoint    ] Leaving safepoint region
[2019-12-08T11:33:14.944+0000][1][safepoint    ] Total time for which application threads were stopped: 0.0001366 seconds, Stopping threads took: 0.0000120 seconds
[2019-12-08T11:33:14.946+0000][1][safepoint    ] Application time: 0.0016273 seconds
[2019-12-08T11:33:14.946+0000][1][safepoint    ] Entering safepoint region: GenCollectForAllocation
[2019-12-08T11:33:14.946+0000][1][gc,start     ] GC(17) Pause Young (Allocation Failure)
[2019-12-08T11:33:14.946+0000][1][gc,task      ] GC(17) Using 4 workers of 4 for evacuation
[2019-12-08T11:33:15.008+0000][1][gc,age       ] GC(17) Desired survivor size 4456448 bytes, new threshold 6 (max threshold 6)
[2019-12-08T11:33:15.008+0000][1][gc,age       ] GC(17) Age table with threshold 6 (max threshold 6)
[2019-12-08T11:33:15.008+0000][1][gc,age       ] GC(17) - age   1:    1959288 bytes,    1959288 total
[2019-12-08T11:33:15.008+0000][1][gc,age       ] GC(17) - age   2:    1196944 bytes,    3156232 total
[2019-12-08T11:33:15.008+0000][1][gc,heap      ] GC(17) ParNew: 78327K->3487K(78656K)
[2019-12-08T11:33:15.008+0000][1][gc,heap      ] GC(17) CMS: 54909K->54909K(174784K)
[2019-12-08T11:33:15.008+0000][1][gc,metaspace ] GC(17) Metaspace: 35419K->35419K(1081344K)
[2019-12-08T11:33:15.008+0000][1][gc           ] GC(17) Pause Young (Allocation Failure) 130M->57M(247M) 61.400ms
[2019-12-08T11:33:15.008+0000][1][gc,cpu       ] GC(17) User=0.04s Sys=0.00s Real=0.06s
[2019-12-08T11:33:15.008+0000][1][safepoint    ] Leaving safepoint region
[2019-12-08T11:33:15.008+0000][1][safepoint    ] Total time for which application threads were stopped: 0.0615146 seconds, Stopping threads took: 0.0000123 seconds
[2019-12-08T11:33:15.018+0000][1][safepoint    ] Application time: 0.0101103 seconds
[2019-12-08T11:33:15.018+0000][1][safepoint    ] Entering safepoint region: CMS_Initial_Mark
[2019-12-08T11:33:15.018+0000][1][gc,start     ] GC(18) Pause Initial Mark
[2019-12-08T11:33:15.023+0000][1][gc           ] GC(18) Pause Initial Mark 58M->58M(247M) 4.730ms
[2019-12-08T11:33:15.023+0000][1][gc,cpu       ] GC(18) User=0.00s Sys=0.00s Real=0.01s
[2019-12-08T11:33:15.023+0000][1][safepoint    ] Leaving safepoint region
[2019-12-08T11:33:15.023+0000][1][safepoint    ] Total time for which application threads were stopped: 0.0048428 seconds, Stopping threads took: 0.0000173 seconds
[2019-12-08T11:33:15.023+0000][1][gc           ] GC(18) Concurrent Mark
[2019-12-08T11:33:15.202+0000][1][safepoint    ] Application time: 0.1790893 seconds
[2019-12-08T11:33:15.202+0000][1][safepoint    ] Entering safepoint region: CollectForMetadataAllocation
[2019-12-08T11:33:15.202+0000][1][safepoint    ] Leaving safepoint region
[2019-12-08T11:33:15.202+0000][1][safepoint    ] Total time for which application threads were stopped: 0.0002539 seconds, Stopping threads took: 0.0000160 seconds
[2019-12-08T11:33:15.453+0000][1][safepoint    ] Application time: 0.2507323 seconds
[2019-12-08T11:33:15.453+0000][1][safepoint    ] Entering safepoint region: CollectForMetadataAllocation
[2019-12-08T11:33:15.453+0000][1][safepoint    ] Leaving safepoint region
[2019-12-08T11:33:15.453+0000][1][safepoint    ] Total time for which application threads were stopped: 0.0001609 seconds, Stopping threads took: 0.0000150 seconds
[2019-12-08T11:33:15.474+0000][1][gc           ] GC(18) Concurrent Mark 451.304ms
[2019-12-08T11:33:15.474+0000][1][gc,cpu       ] GC(18) User=0.26s Sys=0.00s Real=0.45s
[2019-12-08T11:33:15.474+0000][1][gc           ] GC(18) Concurrent Preclean
[2019-12-08T11:33:15.475+0000][1][gc           ] GC(18) Concurrent Preclean 1.119ms
[2019-12-08T11:33:15.475+0000][1][gc,cpu       ] GC(18) User=0.00s Sys=0.00s Real=0.00s
[2019-12-08T11:33:15.475+0000][1][gc           ] GC(18) Concurrent Abortable Preclean
[2019-12-08T11:33:15.584+0000][1][safepoint    ] Application time: 0.1307682 seconds
[2019-12-08T11:33:15.584+0000][1][safepoint    ] Entering safepoint region: CollectForMetadataAllocation
[2019-12-08T11:33:15.584+0000][1][safepoint    ] Leaving safepoint region
[2019-12-08T11:33:15.584+0000][1][safepoint    ] Total time for which application threads were stopped: 0.0002206 seconds, Stopping threads took: 0.0000170 seconds
[2019-12-08T11:33:15.820+0000][1][safepoint    ] Application time: 0.2356952 seconds
[2019-12-08T11:33:15.820+0000][1][safepoint    ] Entering safepoint region: CollectForMetadataAllocation
[2019-12-08T11:33:15.820+0000][1][safepoint    ] Leaving safepoint region
[2019-12-08T11:33:15.820+0000][1][safepoint    ] Total time for which application threads were stopped: 0.0002466 seconds, Stopping threads took: 0.0000163 seconds
[2019-12-08T11:33:15.852+0000][1][safepoint    ] Application time: 0.0322924 seconds
[2019-12-08T11:33:15.852+0000][1][safepoint    ] Entering safepoint region: RevokeBias
[2019-12-08T11:33:15.852+0000][1][safepoint    ] Leaving safepoint region
[2019-12-08T11:33:15.852+0000][1][safepoint    ] Total time for which application threads were stopped: 0.0001038 seconds, Stopping threads took: 0.0000135 seconds
[2019-12-08T11:33:15.951+0000][1][safepoint    ] Application time: 0.0982389 seconds
[2019-12-08T11:33:15.951+0000][1][safepoint    ] Entering safepoint region: CollectForMetadataAllocation
[2019-12-08T11:33:15.951+0000][1][safepoint    ] Leaving safepoint region
[2019-12-08T11:33:15.951+0000][1][safepoint    ] Total time for which application threads were stopped: 0.0002307 seconds, Stopping threads took: 0.0000147 seconds
[2019-12-08T11:33:15.978+0000][1][safepoint    ] Application time: 0.0267848 seconds
[2019-12-08T11:33:16.008+0000][1][safepoint    ] Entering safepoint region: CollectForMetadataAllocation
[2019-12-08T11:33:16.008+0000][1][safepoint    ] Leaving safepoint region
[2019-12-08T11:33:16.008+0000][1][safepoint    ] Total time for which application threads were stopped: 0.0306432 seconds, Stopping threads took: 0.0305976 seconds
[2019-12-08T11:33:16.239+0000][1][safepoint    ] Application time: 0.2306079 seconds
[2019-12-08T11:33:16.239+0000][1][safepoint    ] Entering safepoint region: CollectForMetadataAllocation
[2019-12-08T11:33:16.239+0000][1][safepoint    ] Leaving safepoint region
[2019-12-08T11:33:16.239+0000][1][safepoint    ] Total time for which application threads were stopped: 0.0002562 seconds, Stopping threads took: 0.0000140 seconds
[2019-12-08T11:33:16.580+0000][1][safepoint    ] Application time: 0.3403821 seconds
[2019-12-08T11:33:16.580+0000][1][safepoint    ] Entering safepoint region: CollectForMetadataAllocation
[2019-12-08T11:33:16.580+0000][1][safepoint    ] Leaving safepoint region
[2019-12-08T11:33:16.580+0000][1][safepoint    ] Total time for which application threads were stopped: 0.0001580 seconds, Stopping threads took: 0.0000145 seconds
[2019-12-08T11:33:16.737+0000][1][safepoint    ] Application time: 0.1568289 seconds
[2019-12-08T11:33:16.737+0000][1][safepoint    ] Entering safepoint region: CollectForMetadataAllocation
[2019-12-08T11:33:16.737+0000][1][safepoint    ] Leaving safepoint region
[2019-12-08T11:33:16.737+0000][1][safepoint    ] Total time for which application threads were stopped: 0.0002883 seconds, Stopping threads took: 0.0000151 seconds
[2019-12-08T11:33:16.908+0000][1][safepoint    ] Application time: 0.1707744 seconds
[2019-12-08T11:33:16.908+0000][1][safepoint    ] Entering safepoint region: CollectForMetadataAllocation
[2019-12-08T11:33:16.908+0000][1][safepoint    ] Leaving safepoint region
[2019-12-08T11:33:16.908+0000][1][safepoint    ] Total time for which application threads were stopped: 0.0002379 seconds, Stopping threads took: 0.0000213 seconds
[2019-12-08T11:33:17.130+0000][1][safepoint    ] Application time: 0.2215579 seconds
[2019-12-08T11:33:17.130+0000][1][safepoint    ] Entering safepoint region: CollectForMetadataAllocation
[2019-12-08T11:33:17.130+0000][1][safepoint    ] Leaving safepoint region
[2019-12-08T11:33:17.130+0000][1][safepoint    ] Total time for which application threads were stopped: 0.0002496 seconds, Stopping threads took: 0.0000169 seconds
[2019-12-08T11:33:17.385+0000][1][safepoint    ] Application time: 0.2547010 seconds
[2019-12-08T11:33:17.385+0000][1][safepoint    ] Entering safepoint region: CollectForMetadataAllocation
[2019-12-08T11:33:17.385+0000][1][safepoint    ] Leaving safepoint region
[2019-12-08T11:33:17.385+0000][1][safepoint    ] Total time for which application threads were stopped: 0.0002657 seconds, Stopping threads took: 0.0000292 seconds
[2019-12-08T11:33:17.663+0000][1][safepoint    ] Application time: 0.2776872 seconds
[2019-12-08T11:33:17.663+0000][1][safepoint    ] Entering safepoint region: CollectForMetadataAllocation
[2019-12-08T11:33:17.663+0000][1][safepoint    ] Leaving safepoint region
[2019-12-08T11:33:17.663+0000][1][safepoint    ] Total time for which application threads were stopped: 0.0002515 seconds, Stopping threads took: 0.0000181 seconds
[2019-12-08T11:33:17.773+0000][1][safepoint    ] Application time: 0.1102146 seconds
[2019-12-08T11:33:17.773+0000][1][safepoint    ] Entering safepoint region: CollectForMetadataAllocation
[2019-12-08T11:33:17.773+0000][1][safepoint    ] Leaving safepoint region
[2019-12-08T11:33:17.773+0000][1][safepoint    ] Total time for which application threads were stopped: 0.0002309 seconds, Stopping threads took: 0.0000137 seconds
[2019-12-08T11:33:18.022+0000][1][safepoint    ] Application time: 0.2486467 seconds
[2019-12-08T11:33:18.022+0000][1][safepoint    ] Entering safepoint region: CollectForMetadataAllocation
[2019-12-08T11:33:18.022+0000][1][safepoint    ] Leaving safepoint region
[2019-12-08T11:33:18.022+0000][1][safepoint    ] Total time for which application threads were stopped: 0.0002400 seconds, Stopping threads took: 0.0000144 seconds
[2019-12-08T11:33:18.272+0000][1][safepoint    ] Application time: 0.2493020 seconds
[2019-12-08T11:33:18.272+0000][1][safepoint    ] Entering safepoint region: CollectForMetadataAllocation
[2019-12-08T11:33:18.272+0000][1][safepoint    ] Leaving safepoint region
[2019-12-08T11:33:18.272+0000][1][safepoint    ] Total time for which application threads were stopped: 0.0002326 seconds, Stopping threads took: 0.0000167 seconds
[2019-12-08T11:33:18.497+0000][1][safepoint    ] Application time: 0.2247038 seconds
[2019-12-08T11:33:18.497+0000][1][safepoint    ] Entering safepoint region: CollectForMetadataAllocation
[2019-12-08T11:33:18.497+0000][1][safepoint    ] Leaving safepoint region
[2019-12-08T11:33:18.497+0000][1][safepoint    ] Total time for which application threads were stopped: 0.0002597 seconds, Stopping threads took: 0.0000160 seconds
[2019-12-08T11:33:19.027+0000][1][safepoint    ] Application time: 0.5294905 seconds
[2019-12-08T11:33:19.027+0000][1][safepoint    ] Entering safepoint region: CollectForMetadataAllocation
[2019-12-08T11:33:19.027+0000][1][safepoint    ] Leaving safepoint region
[2019-12-08T11:33:19.027+0000][1][safepoint    ] Total time for which application threads were stopped: 0.0002638 seconds, Stopping threads took: 0.0000169 seconds
[2019-12-08T11:33:19.295+0000][1][safepoint    ] Application time: 0.2679089 seconds
[2019-12-08T11:33:19.295+0000][1][safepoint    ] Entering safepoint region: CollectForMetadataAllocation
[2019-12-08T11:33:19.295+0000][1][safepoint    ] Leaving safepoint region
[2019-12-08T11:33:19.295+0000][1][safepoint    ] Total time for which application threads were stopped: 0.0001662 seconds, Stopping threads took: 0.0000158 seconds
[2019-12-08T11:33:19.425+0000][1][safepoint    ] Application time: 0.1295843 seconds
[2019-12-08T11:33:19.461+0000][1][safepoint    ] Entering safepoint region: CollectForMetadataAllocation
[2019-12-08T11:33:19.461+0000][1][safepoint    ] Leaving safepoint region
[2019-12-08T11:33:19.461+0000][1][safepoint    ] Total time for which application threads were stopped: 0.0364381 seconds, Stopping threads took: 0.0362041 seconds
[2019-12-08T11:33:19.659+0000][1][safepoint    ] Application time: 0.1977117 seconds
[2019-12-08T11:33:19.685+0000][1][safepoint    ] Entering safepoint region: CollectForMetadataAllocation
[2019-12-08T11:33:19.685+0000][1][safepoint    ] Leaving safepoint region
[2019-12-08T11:33:19.685+0000][1][safepoint    ] Total time for which application threads were stopped: 0.0263260 seconds, Stopping threads took: 0.0261064 seconds
[2019-12-08T11:33:19.946+0000][1][safepoint    ] Application time: 0.2606318 seconds
[2019-12-08T11:33:19.946+0000][1][safepoint    ] Entering safepoint region: CollectForMetadataAllocation
[2019-12-08T11:33:19.946+0000][1][safepoint    ] Leaving safepoint region
[2019-12-08T11:33:19.946+0000][1][safepoint    ] Total time for which application threads were stopped: 0.0002152 seconds, Stopping threads took: 0.0000131 seconds
[2019-12-08T11:33:20.045+0000][1][safepoint    ] Application time: 0.0987306 seconds
[2019-12-08T11:33:20.045+0000][1][safepoint    ] Entering safepoint region: RevokeBias
[2019-12-08T11:33:20.045+0000][1][safepoint    ] Leaving safepoint region
[2019-12-08T11:33:20.045+0000][1][safepoint    ] Total time for which application threads were stopped: 0.0002430 seconds, Stopping threads took: 0.0001513 seconds
[2019-12-08T11:33:20.045+0000][1][safepoint    ] Application time: 0.0000792 seconds
[2019-12-08T11:33:20.045+0000][1][safepoint    ] Entering safepoint region: RevokeBias
[2019-12-08T11:33:20.045+0000][1][safepoint    ] Leaving safepoint region
[2019-12-08T11:33:20.045+0000][1][safepoint    ] Total time for which application threads were stopped: 0.0000650 seconds, Stopping threads took: 0.0000100 seconds
[2019-12-08T11:33:20.045+0000][1][safepoint    ] Application time: 0.0001270 seconds
[2019-12-08T11:33:20.045+0000][1][safepoint    ] Entering safepoint region: RevokeBias
[2019-12-08T11:33:20.045+0000][1][safepoint    ] Leaving safepoint region
[2019-12-08T11:33:20.045+0000][1][safepoint    ] Total time for which application threads were stopped: 0.0000597 seconds, Stopping threads took: 0.0000088 seconds
[2019-12-08T11:33:20.100+0000][1][safepoint    ] Application time: 0.0543324 seconds
[2019-12-08T11:33:20.100+0000][1][safepoint    ] Entering safepoint region: CollectForMetadataAllocation
[2019-12-08T11:33:20.100+0000][1][safepoint    ] Leaving safepoint region
[2019-12-08T11:33:20.100+0000][1][safepoint    ] Total time for which application threads were stopped: 0.0002393 seconds, Stopping threads took: 0.0000137 seconds
[2019-12-08T11:33:20.763+0000][1][gc           ] GC(18) Concurrent Abortable Preclean 5287.332ms
[2019-12-08T11:33:20.763+0000][1][gc,cpu       ] GC(18) User=2.86s Sys=0.03s Real=5.29s
[2019-12-08T11:33:20.763+0000][1][safepoint    ] Application time: 0.6626090 seconds
[2019-12-08T11:33:20.827+0000][1][safepoint    ] Entering safepoint region: CMS_Final_Remark
[2019-12-08T11:33:20.827+0000][1][gc,start     ] GC(18) Pause Remark
[2019-12-08T11:33:20.991+0000][1][gc           ] GC(18) Pause Remark 90M->90M(247M) 163.774ms
[2019-12-08T11:33:20.991+0000][1][gc,cpu       ] GC(18) User=0.08s Sys=0.00s Real=0.17s
[2019-12-08T11:33:20.991+0000][1][safepoint    ] Leaving safepoint region
[2019-12-08T11:33:20.991+0000][1][safepoint    ] Total time for which application threads were stopped: 0.2283338 seconds, Stopping threads took: 0.0644098 seconds
[2019-12-08T11:33:20.991+0000][1][gc           ] GC(18) Concurrent Sweep
[2019-12-08T11:33:21.353+0000][1][gc           ] GC(18) Concurrent Sweep 362.240ms
[2019-12-08T11:33:21.353+0000][1][gc,cpu       ] GC(18) User=0.17s Sys=0.00s Real=0.36s
[2019-12-08T11:33:21.353+0000][1][gc           ] GC(18) Concurrent Reset
[2019-12-08T11:33:21.354+0000][1][gc           ] GC(18) Concurrent Reset 0.331ms
[2019-12-08T11:33:21.354+0000][1][gc,cpu       ] GC(18) User=0.00s Sys=0.00s Real=0.00s
[2019-12-08T11:33:21.354+0000][1][gc,heap      ] GC(18) Old: 54909K->54721K(174784K)
[2019-12-08T11:33:22.000+0000][1][safepoint    ] Application time: 1.0087545 seconds
[2019-12-08T11:33:22.026+0000][1][safepoint    ] Entering safepoint region: Cleanup
[2019-12-08T11:33:22.027+0000][1][safepoint    ] Leaving safepoint region
[2019-12-08T11:33:22.027+0000][1][safepoint    ] Total time for which application threads were stopped: 0.0277213 seconds, Stopping threads took: 0.0266816 seconds
[2019-12-08T11:33:24.031+0000][1][safepoint    ] Application time: 2.0033534 seconds
[2019-12-08T11:33:24.031+0000][1][safepoint    ] Entering safepoint region: Cleanup
[2019-12-08T11:33:24.031+0000][1][safepoint    ] Leaving safepoint region
[2019-12-08T11:33:24.031+0000][1][safepoint    ] Total time for which application threads were stopped: 0.0000984 seconds, Stopping threads took: 0.0000461 seconds
[2019-12-08T11:33:24.994+0000][1][safepoint    ] Application time: 0.9627284 seconds
[2019-12-08T11:33:25.049+0000][1][safepoint    ] Entering safepoint region: RevokeBias
[2019-12-08T11:33:25.049+0000][1][safepoint    ] Leaving safepoint region
[2019-12-08T11:33:25.049+0000][1][safepoint    ] Total time for which application threads were stopped: 0.0551898 seconds, Stopping threads took: 0.0549996 seconds
[2019-12-08T11:33:25.062+0000][1][safepoint    ] Application time: 0.0127660 seconds
[2019-12-08T11:33:25.062+0000][1][safepoint    ] Entering safepoint region: RevokeBias
[2019-12-08T11:33:25.062+0000][1][safepoint    ] Leaving safepoint region
[2019-12-08T11:33:25.062+0000][1][safepoint    ] Total time for which application threads were stopped: 0.0001809 seconds, Stopping threads took: 0.0000543 seconds
[2019-12-08T11:33:25.075+0000][1][safepoint    ] Application time: 0.0127705 seconds
[2019-12-08T11:33:25.075+0000][1][safepoint    ] Entering safepoint region: RevokeBias
[2019-12-08T11:33:25.075+0000][1][safepoint    ] Leaving safepoint region
[2019-12-08T11:33:25.075+0000][1][safepoint    ] Total time for which application threads were stopped: 0.0001234 seconds, Stopping threads took: 0.0000147 seconds
[2019-12-08T11:33:25.075+0000][1][safepoint    ] Application time: 0.0002186 seconds
[2019-12-08T11:33:25.075+0000][1][safepoint    ] Entering safepoint region: RevokeBias
[2019-12-08T11:33:25.075+0000][1][safepoint    ] Leaving safepoint region
[2019-12-08T11:33:25.075+0000][1][safepoint    ] Total time for which application threads were stopped: 0.0001089 seconds, Stopping threads took: 0.0000123 seconds
[2019-12-08T11:33:25.075+0000][1][safepoint    ] Application time: 0.0000960 seconds
[2019-12-08T11:33:25.075+0000][1][safepoint    ] Entering safepoint region: RevokeBias
[2019-12-08T11:33:25.075+0000][1][safepoint    ] Leaving safepoint region
[2019-12-08T11:33:25.075+0000][1][safepoint    ] Total time for which application threads were stopped: 0.0000723 seconds, Stopping threads took: 0.0000085 seconds
[2019-12-08T11:33:25.075+0000][1][safepoint    ] Application time: 0.0000574 seconds
[2019-12-08T11:33:25.075+0000][1][safepoint    ] Entering safepoint region: RevokeBias
[2019-12-08T11:33:25.076+0000][1][safepoint    ] Leaving safepoint region
[2019-12-08T11:33:25.076+0000][1][safepoint    ] Total time for which application threads were stopped: 0.0000654 seconds, Stopping threads took: 0.0000088 seconds
[2019-12-08T11:33:25.076+0000][1][safepoint    ] Application time: 0.0001098 seconds
[2019-12-08T11:33:25.076+0000][1][safepoint    ] Entering safepoint region: RevokeBias
[2019-12-08T11:33:25.076+0000][1][safepoint    ] Leaving safepoint region
[2019-12-08T11:33:25.076+0000][1][safepoint    ] Total time for which application threads were stopped: 0.0000764 seconds, Stopping threads took: 0.0000108 seconds
[2019-12-08T11:33:25.076+0000][1][safepoint    ] Application time: 0.0000813 seconds
[2019-12-08T11:33:25.076+0000][1][safepoint    ] Entering safepoint region: RevokeBias
[2019-12-08T11:33:25.076+0000][1][safepoint    ] Leaving safepoint region
[2019-12-08T11:33:25.076+0000][1][safepoint    ] Total time for which application threads were stopped: 0.0000702 seconds, Stopping threads took: 0.0000146 seconds
[2019-12-08T11:33:25.632+0000][1][safepoint    ] Application time: 0.5557915 seconds
[2019-12-08T11:33:25.632+0000][1][safepoint    ] Entering safepoint region: GenCollectForAllocation
[2019-12-08T11:33:25.632+0000][1][gc,start     ] GC(19) Pause Young (Allocation Failure)
[2019-12-08T11:33:25.632+0000][1][gc,task      ] GC(19) Using 4 workers of 4 for evacuation
[2019-12-08T11:33:25.700+0000][1][gc,age       ] GC(19) Desired survivor size 4456448 bytes, new threshold 2 (max threshold 6)
[2019-12-08T11:33:25.700+0000][1][gc,age       ] GC(19) Age table with threshold 2 (max threshold 6)
[2019-12-08T11:33:25.700+0000][1][gc,age       ] GC(19) - age   1:    2706016 bytes,    2706016 total
[2019-12-08T11:33:25.700+0000][1][gc,age       ] GC(19) - age   2:    1931032 bytes,    4637048 total
[2019-12-08T11:33:25.700+0000][1][gc,age       ] GC(19) - age   3:    1195088 bytes,    5832136 total
[2019-12-08T11:33:25.700+0000][1][gc,heap      ] GC(19) ParNew: 73439K->6509K(78656K)
[2019-12-08T11:33:25.700+0000][1][gc,heap      ] GC(19) CMS: 54721K->54721K(174784K)
[2019-12-08T11:33:25.700+0000][1][gc,metaspace ] GC(19) Metaspace: 43003K->43003K(1089536K)
[2019-12-08T11:33:25.700+0000][1][gc           ] GC(19) Pause Young (Allocation Failure) 125M->59M(247M) 68.368ms
[2019-12-08T11:33:25.700+0000][1][gc,cpu       ] GC(19) User=0.04s Sys=0.00s Real=0.06s
[2019-12-08T11:33:25.700+0000][1][safepoint    ] Leaving safepoint region
[2019-12-08T11:33:25.700+0000][1][safepoint    ] Total time for which application threads were stopped: 0.0685254 seconds, Stopping threads took: 0.0000163 seconds
[2019-12-08T11:33:25.761+0000][1][safepoint    ] Application time: 0.0603329 seconds
[2019-12-08T11:33:25.761+0000][1][safepoint    ] Entering safepoint region: RevokeBias
[2019-12-08T11:33:25.761+0000][1][safepoint    ] Leaving safepoint region
[2019-12-08T11:33:25.761+0000][1][safepoint    ] Total time for which application threads were stopped: 0.0000689 seconds, Stopping threads took: 0.0000166 seconds
[2019-12-08T11:33:26.762+0000][1][safepoint    ] Application time: 1.0009239 seconds
[2019-12-08T11:33:26.775+0000][1][safepoint    ] Entering safepoint region: Cleanup
[2019-12-08T11:33:26.775+0000][1][safepoint    ] Leaving safepoint region
[2019-12-08T11:33:26.775+0000][1][safepoint    ] Total time for which application threads were stopped: 0.0134693 seconds, Stopping threads took: 0.0133797 seconds
[2019-12-08T11:33:26.814+0000][1][safepoint    ] Application time: 0.0388371 seconds
[2019-12-08T11:33:26.814+0000][1][safepoint    ] Entering safepoint region: RevokeBias
[2019-12-08T11:33:26.814+0000][1][safepoint    ] Leaving safepoint region
[2019-12-08T11:33:26.814+0000][1][safepoint    ] Total time for which application threads were stopped: 0.0000782 seconds, Stopping threads took: 0.0000131 seconds
[2019-12-08T11:33:26.821+0000][1][safepoint    ] Application time: 0.0072839 seconds
[2019-12-08T11:33:26.821+0000][1][safepoint    ] Entering safepoint region: RevokeBias
[2019-12-08T11:33:26.822+0000][1][safepoint    ] Leaving safepoint region
[2019-12-08T11:33:26.822+0000][1][safepoint    ] Total time for which application threads were stopped: 0.0000728 seconds, Stopping threads took: 0.0000116 seconds
[2019-12-08T11:33:27.830+0000][1][safepoint    ] Application time: 1.0081620 seconds
[2019-12-08T11:33:27.849+0000][1][safepoint    ] Entering safepoint region: Cleanup
[2019-12-08T11:33:27.850+0000][1][safepoint    ] Leaving safepoint region
[2019-12-08T11:33:27.850+0000][1][safepoint    ] Total time for which application threads were stopped: 0.0201199 seconds, Stopping threads took: 0.0196495 seconds
[2019-12-08T11:33:27.970+0000][1][safepoint    ] Application time: 0.1198338 seconds
[2019-12-08T11:33:27.970+0000][1][safepoint    ] Entering safepoint region: RevokeBias
[2019-12-08T11:33:27.970+0000][1][safepoint    ] Leaving safepoint region
[2019-12-08T11:33:27.970+0000][1][safepoint    ] Total time for which application threads were stopped: 0.0001252 seconds, Stopping threads took: 0.0000583 seconds
[2019-12-08T11:33:27.970+0000][1][safepoint    ] Application time: 0.0001984 seconds
[2019-12-08T11:33:27.970+0000][1][safepoint    ] Entering safepoint region: RevokeBias
[2019-12-08T11:33:27.970+0000][1][safepoint    ] Leaving safepoint region
[2019-12-08T11:33:27.970+0000][1][safepoint    ] Total time for which application threads were stopped: 0.0000530 seconds, Stopping threads took: 0.0000089 seconds
[2019-12-08T11:33:27.970+0000][1][safepoint    ] Application time: 0.0000522 seconds
[2019-12-08T11:33:27.970+0000][1][safepoint    ] Entering safepoint region: RevokeBias
[2019-12-08T11:33:27.970+0000][1][safepoint    ] Leaving safepoint region
[2019-12-08T11:33:27.970+0000][1][safepoint    ] Total time for which application threads were stopped: 0.0000328 seconds, Stopping threads took: 0.0000068 seconds
[2019-12-08T11:33:28.395+0000][1][safepoint    ] Application time: 0.4244919 seconds
[2019-12-08T11:33:28.395+0000][1][safepoint    ] Entering safepoint region: RevokeBias
[2019-12-08T11:33:28.395+0000][1][safepoint    ] Leaving safepoint region
[2019-12-08T11:33:28.395+0000][1][safepoint    ] Total time for which application threads were stopped: 0.0002097 seconds, Stopping threads took: 0.0001243 seconds
[2019-12-08T11:33:28.408+0000][1][safepoint    ] Application time: 0.0127253 seconds
[2019-12-08T11:33:28.408+0000][1][safepoint    ] Entering safepoint region: RevokeBias
[2019-12-08T11:33:28.408+0000][1][safepoint    ] Leaving safepoint region
[2019-12-08T11:33:28.408+0000][1][safepoint    ] Total time for which application threads were stopped: 0.0000845 seconds, Stopping threads took: 0.0000124 seconds
[2019-12-08T11:33:28.412+0000][1][safepoint    ] Application time: 0.0039336 seconds
[2019-12-08T11:33:28.419+0000][1][safepoint    ] Entering safepoint region: RevokeBias
[2019-12-08T11:33:28.419+0000][1][safepoint    ] Leaving safepoint region
[2019-12-08T11:33:28.419+0000][1][safepoint    ] Total time for which application threads were stopped: 0.0076988 seconds, Stopping threads took: 0.0076127 seconds
[2019-12-08T11:33:28.422+0000][1][safepoint    ] Application time: 0.0029076 seconds
[2019-12-08T11:33:28.422+0000][1][safepoint    ] Entering safepoint region: RevokeBias
[2019-12-08T11:33:28.422+0000][1][safepoint    ] Leaving safepoint region
[2019-12-08T11:33:28.423+0000][1][safepoint    ] Total time for which application threads were stopped: 0.0000765 seconds, Stopping threads took: 0.0000106 seconds
[2019-12-08T11:33:28.423+0000][1][safepoint    ] Application time: 0.0001946 seconds
[2019-12-08T11:33:28.423+0000][1][safepoint    ] Entering safepoint region: RevokeBias
[2019-12-08T11:33:28.423+0000][1][safepoint    ] Leaving safepoint region
[2019-12-08T11:33:28.423+0000][1][safepoint    ] Total time for which application threads were stopped: 0.0000609 seconds, Stopping threads took: 0.0000080 seconds
[2019-12-08T11:33:28.423+0000][1][safepoint    ] Application time: 0.0004130 seconds
[2019-12-08T11:33:28.423+0000][1][safepoint    ] Entering safepoint region: RevokeBias
[2019-12-08T11:33:28.423+0000][1][safepoint    ] Leaving safepoint region
[2019-12-08T11:33:28.423+0000][1][safepoint    ] Total time for which application threads were stopped: 0.0000594 seconds, Stopping threads took: 0.0000083 seconds
[2019-12-08T11:33:28.423+0000][1][safepoint    ] Application time: 0.0001950 seconds
[2019-12-08T11:33:28.423+0000][1][safepoint    ] Entering safepoint region: RevokeBias
[2019-12-08T11:33:28.424+0000][1][safepoint    ] Leaving safepoint region
[2019-12-08T11:33:28.424+0000][1][safepoint    ] Total time for which application threads were stopped: 0.0000651 seconds, Stopping threads took: 0.0000086 seconds
[2019-12-08T11:33:28.424+0000][1][safepoint    ] Application time: 0.0000689 seconds
[2019-12-08T11:33:28.424+0000][1][safepoint    ] Entering safepoint region: RevokeBias
[2019-12-08T11:33:28.424+0000][1][safepoint    ] Leaving safepoint region
[2019-12-08T11:33:28.424+0000][1][safepoint    ] Total time for which application threads were stopped: 0.0000800 seconds, Stopping threads took: 0.0000135 seconds
[2019-12-08T11:33:28.424+0000][1][safepoint    ] Application time: 0.0000541 seconds
[2019-12-08T11:33:28.424+0000][1][safepoint    ] Entering safepoint region: RevokeBias
[2019-12-08T11:33:28.424+0000][1][safepoint    ] Leaving safepoint region
[2019-12-08T11:33:28.424+0000][1][safepoint    ] Total time for which application threads were stopped: 0.0000513 seconds, Stopping threads took: 0.0000077 seconds
[2019-12-08T11:33:28.424+0000][1][safepoint    ] Application time: 0.0000506 seconds
[2019-12-08T11:33:28.424+0000][1][safepoint    ] Entering safepoint region: RevokeBias
[2019-12-08T11:33:28.424+0000][1][safepoint    ] Leaving safepoint region
[2019-12-08T11:33:28.424+0000][1][safepoint    ] Total time for which application threads were stopped: 0.0000485 seconds, Stopping threads took: 0.0000073 seconds
[2019-12-08T11:33:28.424+0000][1][safepoint    ] Application time: 0.0000496 seconds
[2019-12-08T11:33:28.424+0000][1][safepoint    ] Entering safepoint region: RevokeBias
[2019-12-08T11:33:28.424+0000][1][safepoint    ] Leaving safepoint region
[2019-12-08T11:33:28.424+0000][1][safepoint    ] Total time for which application threads were stopped: 0.0000475 seconds, Stopping threads took: 0.0000075 seconds
[2019-12-08T11:33:28.424+0000][1][safepoint    ] Application time: 0.0000503 seconds
[2019-12-08T11:33:28.424+0000][1][safepoint    ] Entering safepoint region: RevokeBias
[2019-12-08T11:33:28.424+0000][1][safepoint    ] Leaving safepoint region
[2019-12-08T11:33:28.424+0000][1][safepoint    ] Total time for which application threads were stopped: 0.0000468 seconds, Stopping threads took: 0.0000073 seconds
[2019-12-08T11:33:28.424+0000][1][safepoint    ] Application time: 0.0000499 seconds
[2019-12-08T11:33:28.424+0000][1][safepoint    ] Entering safepoint region: RevokeBias
[2019-12-08T11:33:28.424+0000][1][safepoint    ] Leaving safepoint region
[2019-12-08T11:33:28.424+0000][1][safepoint    ] Total time for which application threads were stopped: 0.0000467 seconds, Stopping threads took: 0.0000073 seconds
[2019-12-08T11:33:28.424+0000][1][safepoint    ] Application time: 0.0000494 seconds
[2019-12-08T11:33:28.424+0000][1][safepoint    ] Entering safepoint region: RevokeBias
[2019-12-08T11:33:28.424+0000][1][safepoint    ] Leaving safepoint region
[2019-12-08T11:33:28.424+0000][1][safepoint    ] Total time for which application threads were stopped: 0.0000484 seconds, Stopping threads took: 0.0000077 seconds
[2019-12-08T11:33:28.424+0000][1][safepoint    ] Application time: 0.0000497 seconds
[2019-12-08T11:33:28.424+0000][1][safepoint    ] Entering safepoint region: RevokeBias
[2019-12-08T11:33:28.424+0000][1][safepoint    ] Leaving safepoint region
[2019-12-08T11:33:28.425+0000][1][safepoint    ] Total time for which application threads were stopped: 0.0000470 seconds, Stopping threads took: 0.0000074 seconds
[2019-12-08T11:33:28.425+0000][1][safepoint    ] Application time: 0.0000493 seconds
[2019-12-08T11:33:28.425+0000][1][safepoint    ] Entering safepoint region: RevokeBias
[2019-12-08T11:33:28.425+0000][1][safepoint    ] Leaving safepoint region
[2019-12-08T11:33:28.425+0000][1][safepoint    ] Total time for which application threads were stopped: 0.0000480 seconds, Stopping threads took: 0.0000075 seconds
[2019-12-08T11:33:28.425+0000][1][safepoint    ] Application time: 0.0000488 seconds
[2019-12-08T11:33:28.425+0000][1][safepoint    ] Entering safepoint region: RevokeBias
[2019-12-08T11:33:28.425+0000][1][safepoint    ] Leaving safepoint region
[2019-12-08T11:33:28.425+0000][1][safepoint    ] Total time for which application threads were stopped: 0.0000643 seconds, Stopping threads took: 0.0000225 seconds
[2019-12-08T11:33:28.425+0000][1][safepoint    ] Application time: 0.0000515 seconds
[2019-12-08T11:33:28.425+0000][1][safepoint    ] Entering safepoint region: RevokeBias
[2019-12-08T11:33:28.425+0000][1][safepoint    ] Leaving safepoint region
[2019-12-08T11:33:28.425+0000][1][safepoint    ] Total time for which application threads were stopped: 0.0000521 seconds, Stopping threads took: 0.0000117 seconds
[2019-12-08T11:33:28.425+0000][1][safepoint    ] Application time: 0.0000500 seconds
[2019-12-08T11:33:28.425+0000][1][safepoint    ] Entering safepoint region: RevokeBias
[2019-12-08T11:33:28.425+0000][1][safepoint    ] Leaving safepoint region
[2019-12-08T11:33:28.425+0000][1][safepoint    ] Total time for which application threads were stopped: 0.0000472 seconds, Stopping threads took: 0.0000075 seconds
[2019-12-08T11:33:28.425+0000][1][safepoint    ] Application time: 0.0000501 seconds
[2019-12-08T11:33:28.425+0000][1][safepoint    ] Entering safepoint region: RevokeBias
[2019-12-08T11:33:28.425+0000][1][safepoint    ] Leaving safepoint region
[2019-12-08T11:33:28.425+0000][1][safepoint    ] Total time for which application threads were stopped: 0.0000476 seconds, Stopping threads took: 0.0000076 seconds
[2019-12-08T11:33:28.425+0000][1][safepoint    ] Application time: 0.0000496 seconds
[2019-12-08T11:33:28.425+0000][1][safepoint    ] Entering safepoint region: RevokeBias
[2019-12-08T11:33:28.425+0000][1][safepoint    ] Leaving safepoint region
[2019-12-08T11:33:28.425+0000][1][safepoint    ] Total time for which application threads were stopped: 0.0000472 seconds, Stopping threads took: 0.0000076 seconds
[2019-12-08T11:33:28.425+0000][1][safepoint    ] Application time: 0.0000496 seconds
[2019-12-08T11:33:28.425+0000][1][safepoint    ] Entering safepoint region: RevokeBias
[2019-12-08T11:33:28.425+0000][1][safepoint    ] Leaving safepoint region
[2019-12-08T11:33:28.425+0000][1][safepoint    ] Total time for which application threads were stopped: 0.0000468 seconds, Stopping threads took: 0.0000073 seconds
[2019-12-08T11:33:28.425+0000][1][safepoint    ] Application time: 0.0000493 seconds
[2019-12-08T11:33:28.425+0000][1][safepoint    ] Entering safepoint region: RevokeBias
[2019-12-08T11:33:28.425+0000][1][safepoint    ] Leaving safepoint region
[2019-12-08T11:33:28.425+0000][1][safepoint    ] Total time for which application threads were stopped: 0.0000472 seconds, Stopping threads took: 0.0000075 seconds
[2019-12-08T11:33:28.425+0000][1][safepoint    ] Application time: 0.0000502 seconds
[2019-12-08T11:33:28.425+0000][1][safepoint    ] Entering safepoint region: BulkRevokeBias
[2019-12-08T11:33:28.426+0000][1][safepoint    ] Leaving safepoint region
[2019-12-08T11:33:28.426+0000][1][safepoint    ] Total time for which application threads were stopped: 0.0001093 seconds, Stopping threads took: 0.0000075 seconds
[2019-12-08T11:33:28.426+0000][1][safepoint    ] Application time: 0.0001719 seconds
[2019-12-08T11:33:28.426+0000][1][safepoint    ] Entering safepoint region: RevokeBias
[2019-12-08T11:33:28.426+0000][1][safepoint    ] Leaving safepoint region
[2019-12-08T11:33:28.426+0000][1][safepoint    ] Total time for which application threads were stopped: 0.0000652 seconds, Stopping threads took: 0.0000089 seconds
[2019-12-08T11:33:28.426+0000][1][safepoint    ] Application time: 0.0000848 seconds
[2019-12-08T11:33:28.426+0000][1][safepoint    ] Entering safepoint region: RevokeBias
[2019-12-08T11:33:28.426+0000][1][safepoint    ] Leaving safepoint region
[2019-12-08T11:33:28.426+0000][1][safepoint    ] Total time for which application threads were stopped: 0.0000576 seconds, Stopping threads took: 0.0000088 seconds
[2019-12-08T11:33:28.426+0000][1][safepoint    ] Application time: 0.0001189 seconds
[2019-12-08T11:33:28.426+0000][1][safepoint    ] Entering safepoint region: RevokeBias
[2019-12-08T11:33:28.426+0000][1][safepoint    ] Leaving safepoint region
[2019-12-08T11:33:28.426+0000][1][safepoint    ] Total time for which application threads were stopped: 0.0000560 seconds, Stopping threads took: 0.0000081 seconds
[2019-12-08T11:33:28.426+0000][1][safepoint    ] Application time: 0.0000707 seconds
[2019-12-08T11:33:28.426+0000][1][safepoint    ] Entering safepoint region: RevokeBias
[2019-12-08T11:33:28.426+0000][1][safepoint    ] Leaving safepoint region
[2019-12-08T11:33:28.426+0000][1][safepoint    ] Total time for which application threads were stopped: 0.0000528 seconds, Stopping threads took: 0.0000116 seconds
[2019-12-08T11:33:28.427+0000][1][safepoint    ] Application time: 0.0006201 seconds
[2019-12-08T11:33:28.427+0000][1][safepoint    ] Entering safepoint region: RevokeBias
[2019-12-08T11:33:28.427+0000][1][safepoint    ] Leaving safepoint region
[2019-12-08T11:33:28.427+0000][1][safepoint    ] Total time for which application threads were stopped: 0.0000569 seconds, Stopping threads took: 0.0000114 seconds
[2019-12-08T11:33:28.427+0000][1][safepoint    ] Application time: 0.0000836 seconds
[2019-12-08T11:33:28.427+0000][1][safepoint    ] Entering safepoint region: RevokeBias
[2019-12-08T11:33:28.427+0000][1][safepoint    ] Leaving safepoint region
[2019-12-08T11:33:28.427+0000][1][safepoint    ] Total time for which application threads were stopped: 0.0000567 seconds, Stopping threads took: 0.0000084 seconds
[2019-12-08T11:33:28.427+0000][1][safepoint    ] Application time: 0.0001230 seconds
[2019-12-08T11:33:28.427+0000][1][safepoint    ] Entering safepoint region: RevokeBias
[2019-12-08T11:33:28.427+0000][1][safepoint    ] Leaving safepoint region
[2019-12-08T11:33:28.427+0000][1][safepoint    ] Total time for which application threads were stopped: 0.0000485 seconds, Stopping threads took: 0.0000079 seconds
[2019-12-08T11:33:28.427+0000][1][safepoint    ] Application time: 0.0000571 seconds
[2019-12-08T11:33:28.427+0000][1][safepoint    ] Entering safepoint region: RevokeBias
[2019-12-08T11:33:28.428+0000][1][safepoint    ] Leaving safepoint region
[2019-12-08T11:33:28.428+0000][1][safepoint    ] Total time for which application threads were stopped: 0.0000562 seconds, Stopping threads took: 0.0000079 seconds
[2019-12-08T11:33:28.428+0000][1][safepoint    ] Application time: 0.0000537 seconds
[2019-12-08T11:33:28.428+0000][1][safepoint    ] Entering safepoint region: RevokeBias
[2019-12-08T11:33:28.428+0000][1][safepoint    ] Leaving safepoint region
[2019-12-08T11:33:28.428+0000][1][safepoint    ] Total time for which application threads were stopped: 0.0000407 seconds, Stopping threads took: 0.0000081 seconds
[2019-12-08T11:33:28.428+0000][1][safepoint    ] Application time: 0.0001914 seconds
[2019-12-08T11:33:28.428+0000][1][safepoint    ] Entering safepoint region: RevokeBias
[2019-12-08T11:33:28.428+0000][1][safepoint    ] Leaving safepoint region
[2019-12-08T11:33:28.428+0000][1][safepoint    ] Total time for which application threads were stopped: 0.0000590 seconds, Stopping threads took: 0.0000094 seconds
[2019-12-08T11:33:28.428+0000][1][safepoint    ] Application time: 0.0000581 seconds
[2019-12-08T11:33:28.428+0000][1][safepoint    ] Entering safepoint region: RevokeBias
[2019-12-08T11:33:28.428+0000][1][safepoint    ] Leaving safepoint region
[2019-12-08T11:33:28.428+0000][1][safepoint    ] Total time for which application threads were stopped: 0.0000415 seconds, Stopping threads took: 0.0000084 seconds
[2019-12-08T11:33:28.428+0000][1][safepoint    ] Application time: 0.0000567 seconds
[2019-12-08T11:33:28.428+0000][1][safepoint    ] Entering safepoint region: RevokeBias
[2019-12-08T11:33:28.428+0000][1][safepoint    ] Leaving safepoint region
[2019-12-08T11:33:28.428+0000][1][safepoint    ] Total time for which application threads were stopped: 0.0000584 seconds, Stopping threads took: 0.0000085 seconds
[2019-12-08T11:33:28.428+0000][1][safepoint    ] Application time: 0.0000535 seconds
[2019-12-08T11:33:28.428+0000][1][safepoint    ] Entering safepoint region: RevokeBias
[2019-12-08T11:33:28.428+0000][1][safepoint    ] Leaving safepoint region
[2019-12-08T11:33:28.428+0000][1][safepoint    ] Total time for which application threads were stopped: 0.0000436 seconds, Stopping threads took: 0.0000081 seconds
[2019-12-08T11:33:28.429+0000][1][safepoint    ] Application time: 0.0002907 seconds
[2019-12-08T11:33:28.429+0000][1][safepoint    ] Entering safepoint region: RevokeBias
[2019-12-08T11:33:28.429+0000][1][safepoint    ] Leaving safepoint region
[2019-12-08T11:33:28.429+0000][1][safepoint    ] Total time for which application threads were stopped: 0.0000631 seconds, Stopping threads took: 0.0000145 seconds
[2019-12-08T11:33:28.429+0000][1][safepoint    ] Application time: 0.0000751 seconds
[2019-12-08T11:33:28.429+0000][1][safepoint    ] Entering safepoint region: RevokeBias
[2019-12-08T11:33:28.429+0000][1][safepoint    ] Leaving safepoint region
[2019-12-08T11:33:28.429+0000][1][safepoint    ] Total time for which application threads were stopped: 0.0000486 seconds, Stopping threads took: 0.0000084 seconds
[2019-12-08T11:33:28.429+0000][1][safepoint    ] Application time: 0.0000528 seconds
[2019-12-08T11:33:28.429+0000][1][safepoint    ] Entering safepoint region: RevokeBias
[2019-12-08T11:33:28.429+0000][1][safepoint    ] Leaving safepoint region
[2019-12-08T11:33:28.429+0000][1][safepoint    ] Total time for which application threads were stopped: 0.0000427 seconds, Stopping threads took: 0.0000080 seconds
[2019-12-08T11:33:28.429+0000][1][safepoint    ] Application time: 0.0000506 seconds
[2019-12-08T11:33:28.429+0000][1][safepoint    ] Entering safepoint region: RevokeBias
[2019-12-08T11:33:28.429+0000][1][safepoint    ] Leaving safepoint region
[2019-12-08T11:33:28.429+0000][1][safepoint    ] Total time for which application threads were stopped: 0.0000423 seconds, Stopping threads took: 0.0000077 seconds
[2019-12-08T11:33:28.429+0000][1][safepoint    ] Application time: 0.0000513 seconds
[2019-12-08T11:33:28.429+0000][1][safepoint    ] Entering safepoint region: RevokeBias
[2019-12-08T11:33:28.429+0000][1][safepoint    ] Leaving safepoint region
[2019-12-08T11:33:28.429+0000][1][safepoint    ] Total time for which application threads were stopped: 0.0000408 seconds, Stopping threads took: 0.0000081 seconds
[2019-12-08T11:33:28.429+0000][1][safepoint    ] Application time: 0.0000526 seconds
[2019-12-08T11:33:28.429+0000][1][safepoint    ] Entering safepoint region: RevokeBias
[2019-12-08T11:33:28.429+0000][1][safepoint    ] Leaving safepoint region
[2019-12-08T11:33:28.429+0000][1][safepoint    ] Total time for which application threads were stopped: 0.0000421 seconds, Stopping threads took: 0.0000084 seconds
[2019-12-08T11:33:28.429+0000][1][safepoint    ] Application time: 0.0000521 seconds
[2019-12-08T11:33:28.429+0000][1][safepoint    ] Entering safepoint region: RevokeBias
[2019-12-08T11:33:28.429+0000][1][safepoint    ] Leaving safepoint region
[2019-12-08T11:33:28.429+0000][1][safepoint    ] Total time for which application threads were stopped: 0.0000398 seconds, Stopping threads took: 0.0000078 seconds
[2019-12-08T11:33:28.429+0000][1][safepoint    ] Application time: 0.0000525 seconds
[2019-12-08T11:33:28.429+0000][1][safepoint    ] Entering safepoint region: RevokeBias
[2019-12-08T11:33:28.429+0000][1][safepoint    ] Leaving safepoint region
[2019-12-08T11:33:28.429+0000][1][safepoint    ] Total time for which application threads were stopped: 0.0000435 seconds, Stopping threads took: 0.0000079 seconds
[2019-12-08T11:33:28.430+0000][1][safepoint    ] Application time: 0.0000537 seconds
[2019-12-08T11:33:28.430+0000][1][safepoint    ] Entering safepoint region: RevokeBias
[2019-12-08T11:33:28.430+0000][1][safepoint    ] Leaving safepoint region
[2019-12-08T11:33:28.430+0000][1][safepoint    ] Total time for which application threads were stopped: 0.0000414 seconds, Stopping threads took: 0.0000081 seconds
[2019-12-08T11:33:28.430+0000][1][safepoint    ] Application time: 0.0000677 seconds
[2019-12-08T11:33:28.430+0000][1][safepoint    ] Entering safepoint region: RevokeBias
[2019-12-08T11:33:28.430+0000][1][safepoint    ] Leaving safepoint region
[2019-12-08T11:33:28.430+0000][1][safepoint    ] Total time for which application threads were stopped: 0.0000414 seconds, Stopping threads took: 0.0000080 seconds
[2019-12-08T11:33:28.430+0000][1][safepoint    ] Application time: 0.0000522 seconds
[2019-12-08T11:33:28.430+0000][1][safepoint    ] Entering safepoint region: RevokeBias
[2019-12-08T11:33:28.430+0000][1][safepoint    ] Leaving safepoint region
[2019-12-08T11:33:28.430+0000][1][safepoint    ] Total time for which application threads were stopped: 0.0000499 seconds, Stopping threads took: 0.0000170 seconds
[2019-12-08T11:33:28.430+0000][1][safepoint    ] Application time: 0.0000509 seconds
[2019-12-08T11:33:28.430+0000][1][safepoint    ] Entering safepoint region: RevokeBias
[2019-12-08T11:33:28.430+0000][1][safepoint    ] Leaving safepoint region
[2019-12-08T11:33:28.430+0000][1][safepoint    ] Total time for which application threads were stopped: 0.0000394 seconds, Stopping threads took: 0.0000080 seconds
[2019-12-08T11:33:28.430+0000][1][safepoint    ] Application time: 0.0000509 seconds
[2019-12-08T11:33:28.430+0000][1][safepoint    ] Entering safepoint region: RevokeBias
[2019-12-08T11:33:28.430+0000][1][safepoint    ] Leaving safepoint region
[2019-12-08T11:33:28.430+0000][1][safepoint    ] Total time for which application threads were stopped: 0.0000363 seconds, Stopping threads took: 0.0000073 seconds
[2019-12-08T11:33:28.430+0000][1][safepoint    ] Application time: 0.0000489 seconds
[2019-12-08T11:33:28.430+0000][1][safepoint    ] Entering safepoint region: RevokeBias
[2019-12-08T11:33:28.430+0000][1][safepoint    ] Leaving safepoint region
[2019-12-08T11:33:28.430+0000][1][safepoint    ] Total time for which application threads were stopped: 0.0000364 seconds, Stopping threads took: 0.0000075 seconds
[2019-12-08T11:33:28.430+0000][1][safepoint    ] Application time: 0.0000490 seconds
[2019-12-08T11:33:28.430+0000][1][safepoint    ] Entering safepoint region: RevokeBias
[2019-12-08T11:33:28.430+0000][1][safepoint    ] Leaving safepoint region
[2019-12-08T11:33:28.430+0000][1][safepoint    ] Total time for which application threads were stopped: 0.0000344 seconds, Stopping threads took: 0.0000071 seconds
[2019-12-08T11:33:28.430+0000][1][safepoint    ] Application time: 0.0000488 seconds
[2019-12-08T11:33:28.430+0000][1][safepoint    ] Entering safepoint region: BulkRevokeBias
[2019-12-08T11:33:28.430+0000][1][safepoint    ] Leaving safepoint region
[2019-12-08T11:33:28.430+0000][1][safepoint    ] Total time for which application threads were stopped: 0.0000943 seconds, Stopping threads took: 0.0000077 seconds
[2019-12-08T11:33:28.463+0000][1][safepoint    ] Application time: 0.0324018 seconds
[2019-12-08T11:33:28.464+0000][1][safepoint    ] Entering safepoint region: RevokeBias
[2019-12-08T11:33:28.464+0000][1][safepoint    ] Leaving safepoint region
[2019-12-08T11:33:28.464+0000][1][safepoint    ] Total time for which application threads were stopped: 0.0015032 seconds, Stopping threads took: 0.0014323 seconds
[2019-12-08T11:33:28.464+0000][1][safepoint    ] Application time: 0.0001067 seconds
[2019-12-08T11:33:28.464+0000][1][safepoint    ] Entering safepoint region: RevokeBias
[2019-12-08T11:33:28.464+0000][1][safepoint    ] Leaving safepoint region
[2019-12-08T11:33:28.464+0000][1][safepoint    ] Total time for which application threads were stopped: 0.0000469 seconds, Stopping threads took: 0.0000100 seconds
[2019-12-08T11:33:28.465+0000][1][safepoint    ] Application time: 0.0001810 seconds
[2019-12-08T11:33:28.465+0000][1][safepoint    ] Entering safepoint region: RevokeBias
[2019-12-08T11:33:28.465+0000][1][safepoint    ] Leaving safepoint region
[2019-12-08T11:33:28.465+0000][1][safepoint    ] Total time for which application threads were stopped: 0.0000701 seconds, Stopping threads took: 0.0000100 seconds
[2019-12-08T11:33:28.465+0000][1][safepoint    ] Application time: 0.0000750 seconds
[2019-12-08T11:33:28.465+0000][1][safepoint    ] Entering safepoint region: RevokeBias
[2019-12-08T11:33:28.465+0000][1][safepoint    ] Leaving safepoint region
[2019-12-08T11:33:28.465+0000][1][safepoint    ] Total time for which application threads were stopped: 0.0000421 seconds, Stopping threads took: 0.0000087 seconds
[2019-12-08T11:33:28.465+0000][1][safepoint    ] Application time: 0.0000512 seconds
[2019-12-08T11:33:28.465+0000][1][safepoint    ] Entering safepoint region: RevokeBias
[2019-12-08T11:33:28.465+0000][1][safepoint    ] Leaving safepoint region
[2019-12-08T11:33:28.465+0000][1][safepoint    ] Total time for which application threads were stopped: 0.0000513 seconds, Stopping threads took: 0.0000210 seconds
[2019-12-08T11:33:28.465+0000][1][safepoint    ] Application time: 0.0000507 seconds
[2019-12-08T11:33:28.465+0000][1][safepoint    ] Entering safepoint region: RevokeBias
[2019-12-08T11:33:28.465+0000][1][safepoint    ] Leaving safepoint region
[2019-12-08T11:33:28.465+0000][1][safepoint    ] Total time for which application threads were stopped: 0.0000386 seconds, Stopping threads took: 0.0000085 seconds
[2019-12-08T11:33:28.466+0000][1][safepoint    ] Application time: 0.0003547 seconds
[2019-12-08T11:33:28.466+0000][1][safepoint    ] Entering safepoint region: RevokeBias
[2019-12-08T11:33:28.466+0000][1][safepoint    ] Leaving safepoint region
[2019-12-08T11:33:28.466+0000][1][safepoint    ] Total time for which application threads were stopped: 0.0000529 seconds, Stopping threads took: 0.0000102 seconds
[2019-12-08T11:33:28.488+0000][1][safepoint    ] Application time: 0.0221273 seconds
[2019-12-08T11:33:28.488+0000][1][safepoint    ] Entering safepoint region: RevokeBias
[2019-12-08T11:33:28.488+0000][1][safepoint    ] Leaving safepoint region
[2019-12-08T11:33:28.488+0000][1][safepoint    ] Total time for which application threads were stopped: 0.0000768 seconds, Stopping threads took: 0.0000138 seconds
[2019-12-08T11:33:28.491+0000][1][safepoint    ] Application time: 0.0033431 seconds
[2019-12-08T11:33:28.491+0000][1][safepoint    ] Entering safepoint region: RevokeBias
[2019-12-08T11:33:28.491+0000][1][safepoint    ] Leaving safepoint region
[2019-12-08T11:33:28.491+0000][1][safepoint    ] Total time for which application threads were stopped: 0.0000618 seconds, Stopping threads took: 0.0000113 seconds
[2019-12-08T11:33:28.506+0000][1][safepoint    ] Application time: 0.0148530 seconds
[2019-12-08T11:33:28.506+0000][1][safepoint    ] Entering safepoint region: BulkRevokeBias
[2019-12-08T11:33:28.506+0000][1][safepoint    ] Leaving safepoint region
[2019-12-08T11:33:28.506+0000][1][safepoint    ] Total time for which application threads were stopped: 0.0001410 seconds, Stopping threads took: 0.0000125 seconds
[2019-12-08T11:33:28.534+0000][1][safepoint    ] Application time: 0.0277517 seconds
[2019-12-08T11:33:28.542+0000][1][safepoint    ] Entering safepoint region: RevokeBias
[2019-12-08T11:33:28.542+0000][1][safepoint    ] Leaving safepoint region
[2019-12-08T11:33:28.542+0000][1][safepoint    ] Total time for which application threads were stopped: 0.0077553 seconds, Stopping threads took: 0.0076559 seconds
[2019-12-08T11:33:28.542+0000][1][safepoint    ] Application time: 0.0001678 seconds
[2019-12-08T11:33:28.542+0000][1][safepoint    ] Entering safepoint region: RevokeBias
[2019-12-08T11:33:28.542+0000][1][safepoint    ] Leaving safepoint region
[2019-12-08T11:33:28.542+0000][1][safepoint    ] Total time for which application threads were stopped: 0.0000526 seconds, Stopping threads took: 0.0000095 seconds
[2019-12-08T11:33:28.542+0000][1][safepoint    ] Application time: 0.0002784 seconds
[2019-12-08T11:33:28.542+0000][1][safepoint    ] Entering safepoint region: RevokeBias
[2019-12-08T11:33:28.542+0000][1][safepoint    ] Leaving safepoint region
[2019-12-08T11:33:28.542+0000][1][safepoint    ] Total time for which application threads were stopped: 0.0000541 seconds, Stopping threads took: 0.0000106 seconds
[2019-12-08T11:33:28.553+0000][1][safepoint    ] Application time: 0.0106500 seconds
[2019-12-08T11:33:28.553+0000][1][safepoint    ] Entering safepoint region: RevokeBias
[2019-12-08T11:33:28.553+0000][1][safepoint    ] Leaving safepoint region
[2019-12-08T11:33:28.553+0000][1][safepoint    ] Total time for which application threads were stopped: 0.0001509 seconds, Stopping threads took: 0.0000777 seconds
[2019-12-08T11:33:28.553+0000][1][safepoint    ] Application time: 0.0000684 seconds
[2019-12-08T11:33:28.553+0000][1][safepoint    ] Entering safepoint region: RevokeBias
[2019-12-08T11:33:28.553+0000][1][safepoint    ] Leaving safepoint region
[2019-12-08T11:33:28.553+0000][1][safepoint    ] Total time for which application threads were stopped: 0.0000550 seconds, Stopping threads took: 0.0000158 seconds
[2019-12-08T11:33:28.556+0000][1][safepoint    ] Application time: 0.0023182 seconds
[2019-12-08T11:33:28.556+0000][1][safepoint    ] Entering safepoint region: RevokeBias
[2019-12-08T11:33:28.556+0000][1][safepoint    ] Leaving safepoint region
[2019-12-08T11:33:28.556+0000][1][safepoint    ] Total time for which application threads were stopped: 0.0000648 seconds, Stopping threads took: 0.0000105 seconds
[2019-12-08T11:33:28.556+0000][1][safepoint    ] Application time: 0.0000622 seconds
[2019-12-08T11:33:28.556+0000][1][safepoint    ] Entering safepoint region: RevokeBias
[2019-12-08T11:33:28.556+0000][1][safepoint    ] Leaving safepoint region
[2019-12-08T11:33:28.556+0000][1][safepoint    ] Total time for which application threads were stopped: 0.0000428 seconds, Stopping threads took: 0.0000084 seconds
[2019-12-08T11:33:28.556+0000][1][safepoint    ] Application time: 0.0002290 seconds
[2019-12-08T11:33:28.556+0000][1][safepoint    ] Entering safepoint region: RevokeBias
[2019-12-08T11:33:28.556+0000][1][safepoint    ] Leaving safepoint region
[2019-12-08T11:33:28.556+0000][1][safepoint    ] Total time for which application threads were stopped: 0.0000448 seconds, Stopping threads took: 0.0000090 seconds
[2019-12-08T11:33:28.822+0000][1][safepoint    ] Application time: 0.2658307 seconds
[2019-12-08T11:33:28.822+0000][1][safepoint    ] Entering safepoint region: RevokeBias
[2019-12-08T11:33:28.822+0000][1][safepoint    ] Leaving safepoint region
[2019-12-08T11:33:28.822+0000][1][safepoint    ] Total time for which application threads were stopped: 0.0001589 seconds, Stopping threads took: 0.0000546 seconds
[2019-12-08T11:33:28.847+0000][1][safepoint    ] Application time: 0.0246527 seconds
[2019-12-08T11:33:28.847+0000][1][safepoint    ] Entering safepoint region: RevokeBias
[2019-12-08T11:33:28.847+0000][1][safepoint    ] Leaving safepoint region
[2019-12-08T11:33:28.847+0000][1][safepoint    ] Total time for which application threads were stopped: 0.0001864 seconds, Stopping threads took: 0.0001271 seconds
[2019-12-08T11:33:29.250+0000][1][safepoint    ] Application time: 0.4023967 seconds
[2019-12-08T11:33:29.250+0000][1][safepoint    ] Entering safepoint region: RevokeBias
[2019-12-08T11:33:29.250+0000][1][safepoint    ] Leaving safepoint region
[2019-12-08T11:33:29.250+0000][1][safepoint    ] Total time for which application threads were stopped: 0.0000679 seconds, Stopping threads took: 0.0000148 seconds
[2019-12-08T11:33:29.619+0000][1][safepoint    ] Application time: 0.3691319 seconds
[2019-12-08T11:33:29.619+0000][1][safepoint    ] Entering safepoint region: GenCollectForAllocation
[2019-12-08T11:33:29.619+0000][1][gc,start     ] GC(20) Pause Young (Allocation Failure)
[2019-12-08T11:33:29.619+0000][1][gc,task      ] GC(20) Using 4 workers of 4 for evacuation
[2019-12-08T11:33:29.699+0000][1][gc,age       ] GC(20) Desired survivor size 4456448 bytes, new threshold 2 (max threshold 6)
[2019-12-08T11:33:29.699+0000][1][gc,age       ] GC(20) Age table with threshold 2 (max threshold 6)
[2019-12-08T11:33:29.699+0000][1][gc,age       ] GC(20) - age   1:    2709760 bytes,    2709760 total
[2019-12-08T11:33:29.699+0000][1][gc,age       ] GC(20) - age   2:    2550792 bytes,    5260552 total
[2019-12-08T11:33:29.699+0000][1][gc,heap      ] GC(20) ParNew: 76461K->8704K(78656K)
[2019-12-08T11:33:29.699+0000][1][gc,heap      ] GC(20) CMS: 54721K->57862K(174784K)
[2019-12-08T11:33:29.699+0000][1][gc,metaspace ] GC(20) Metaspace: 48335K->48335K(1093632K)
[2019-12-08T11:33:29.699+0000][1][gc           ] GC(20) Pause Young (Allocation Failure) 128M->65M(247M) 80.319ms
[2019-12-08T11:33:29.699+0000][1][gc,cpu       ] GC(20) User=0.04s Sys=0.00s Real=0.08s
[2019-12-08T11:33:29.699+0000][1][safepoint    ] Leaving safepoint region
[2019-12-08T11:33:29.699+0000][1][safepoint    ] Total time for which application threads were stopped: 0.0804846 seconds, Stopping threads took: 0.0000159 seconds
[2019-12-08T11:33:29.853+0000][1][safepoint    ] Application time: 0.1536701 seconds
[2019-12-08T11:33:29.934+0000][1][safepoint    ] Entering safepoint region: RevokeBias
[2019-12-08T11:33:29.934+0000][1][safepoint    ] Leaving safepoint region
[2019-12-08T11:33:29.934+0000][1][safepoint    ] Total time for which application threads were stopped: 0.0810254 seconds, Stopping threads took: 0.0809437 seconds
[2019-12-08T11:33:29.934+0000][1][safepoint    ] Application time: 0.0001023 seconds
[2019-12-08T11:33:29.934+0000][1][safepoint    ] Entering safepoint region: RevokeBias
[2019-12-08T11:33:29.934+0000][1][safepoint    ] Leaving safepoint region
[2019-12-08T11:33:29.934+0000][1][safepoint    ] Total time for which application threads were stopped: 0.0000385 seconds, Stopping threads took: 0.0000089 seconds
[2019-12-08T11:33:30.278+0000][1][safepoint    ] Application time: 0.3439469 seconds
[2019-12-08T11:33:30.278+0000][1][safepoint    ] Entering safepoint region: RevokeBias
[2019-12-08T11:33:30.279+0000][1][safepoint    ] Leaving safepoint region
[2019-12-08T11:33:30.279+0000][1][safepoint    ] Total time for which application threads were stopped: 0.0004627 seconds, Stopping threads took: 0.0000149 seconds
[2019-12-08T11:33:30.965+0000][1][safepoint    ] Application time: 0.6860423 seconds
[2019-12-08T11:33:31.006+0000][1][safepoint    ] Entering safepoint region: RevokeBias
[2019-12-08T11:33:31.006+0000][1][safepoint    ] Leaving safepoint region
[2019-12-08T11:33:31.006+0000][1][safepoint    ] Total time for which application threads were stopped: 0.0416120 seconds, Stopping threads took: 0.0415365 seconds
[2019-12-08T11:33:32.010+0000][1][safepoint    ] Application time: 1.0033376 seconds
[2019-12-08T11:33:32.013+0000][1][safepoint    ] Entering safepoint region: Cleanup
[2019-12-08T11:33:32.014+0000][1][safepoint    ] Leaving safepoint region
[2019-12-08T11:33:32.014+0000][1][safepoint    ] Total time for which application threads were stopped: 0.0041701 seconds, Stopping threads took: 0.0036276 seconds
[2019-12-08T11:33:32.055+0000][1][safepoint    ] Application time: 0.0408131 seconds
[2019-12-08T11:33:32.055+0000][1][safepoint    ] Entering safepoint region: RevokeBias
[2019-12-08T11:33:32.055+0000][1][safepoint    ] Leaving safepoint region
[2019-12-08T11:33:32.055+0000][1][safepoint    ] Total time for which application threads were stopped: 0.0001501 seconds, Stopping threads took: 0.0000797 seconds
[2019-12-08T11:33:32.630+0000][1][safepoint    ] Application time: 0.5753765 seconds
[2019-12-08T11:33:32.630+0000][1][safepoint    ] Entering safepoint region: RevokeBias
[2019-12-08T11:33:32.630+0000][1][safepoint    ] Leaving safepoint region
[2019-12-08T11:33:32.630+0000][1][safepoint    ] Total time for which application threads were stopped: 0.0001475 seconds, Stopping threads took: 0.0000170 seconds
[2019-12-08T11:33:32.979+0000][1][safepoint    ] Application time: 0.3481286 seconds
[2019-12-08T11:33:32.979+0000][1][safepoint    ] Entering safepoint region: GenCollectForAllocation
[2019-12-08T11:33:32.979+0000][1][gc,start     ] GC(21) Pause Young (Allocation Failure)
[2019-12-08T11:33:32.979+0000][1][gc,task      ] GC(21) Using 4 workers of 4 for evacuation
[2019-12-08T11:33:33.087+0000][1][gc,age       ] GC(21) Desired survivor size 4456448 bytes, new threshold 6 (max threshold 6)
[2019-12-08T11:33:33.087+0000][1][gc,age       ] GC(21) Age table with threshold 6 (max threshold 6)
[2019-12-08T11:33:33.087+0000][1][gc,age       ] GC(21) - age   1:    1661312 bytes,    1661312 total
[2019-12-08T11:33:33.087+0000][1][gc,age       ] GC(21) - age   2:    2642248 bytes,    4303560 total
[2019-12-08T11:33:33.087+0000][1][gc,heap      ] GC(21) ParNew: 78656K->5556K(78656K)
[2019-12-08T11:33:33.087+0000][1][gc,heap      ] GC(21) CMS: 57862K->60418K(174784K)
[2019-12-08T11:33:33.087+0000][1][gc,metaspace ] GC(21) Metaspace: 56118K->56118K(1099776K)
[2019-12-08T11:33:33.087+0000][1][gc           ] GC(21) Pause Young (Allocation Failure) 133M->64M(247M) 107.993ms
[2019-12-08T11:33:33.087+0000][1][gc,cpu       ] GC(21) User=0.06s Sys=0.00s Real=0.11s
[2019-12-08T11:33:33.087+0000][1][safepoint    ] Leaving safepoint region
[2019-12-08T11:33:33.087+0000][1][safepoint    ] Total time for which application threads were stopped: 0.1082055 seconds, Stopping threads took: 0.0000312 seconds
[2019-12-08T11:33:33.459+0000][1][safepoint    ] Application time: 0.3718374 seconds
[2019-12-08T11:33:33.459+0000][1][safepoint    ] Entering safepoint region: RevokeBias
[2019-12-08T11:33:33.459+0000][1][safepoint    ] Leaving safepoint region
[2019-12-08T11:33:33.459+0000][1][safepoint    ] Total time for which application threads were stopped: 0.0001022 seconds, Stopping threads took: 0.0000153 seconds
[2019-12-08T11:33:33.594+0000][1][safepoint    ] Application time: 0.1349461 seconds
[2019-12-08T11:33:33.594+0000][1][safepoint    ] Entering safepoint region: Deoptimize
[2019-12-08T11:33:33.594+0000][1][safepoint    ] Leaving safepoint region
[2019-12-08T11:33:33.594+0000][1][safepoint    ] Total time for which application threads were stopped: 0.0006406 seconds, Stopping threads took: 0.0000152 seconds
[2019-12-08T11:33:33.741+0000][1][safepoint    ] Application time: 0.1463083 seconds
[2019-12-08T11:33:33.741+0000][1][safepoint    ] Entering safepoint region: RevokeBias
[2019-12-08T11:33:33.741+0000][1][safepoint    ] Leaving safepoint region
[2019-12-08T11:33:33.741+0000][1][safepoint    ] Total time for which application threads were stopped: 0.0001295 seconds, Stopping threads took: 0.0000207 seconds
[2019-12-08T11:33:33.743+0000][1][safepoint    ] Application time: 0.0018658 seconds
[2019-12-08T11:33:33.743+0000][1][safepoint    ] Entering safepoint region: RevokeBias
[2019-12-08T11:33:33.743+0000][1][safepoint    ] Leaving safepoint region
[2019-12-08T11:33:33.743+0000][1][safepoint    ] Total time for which application threads were stopped: 0.0000634 seconds, Stopping threads took: 0.0000121 seconds
[2019-12-08T11:33:33.743+0000][1][safepoint    ] Application time: 0.0001241 seconds
[2019-12-08T11:33:33.743+0000][1][safepoint    ] Entering safepoint region: RevokeBias
[2019-12-08T11:33:33.743+0000][1][safepoint    ] Leaving safepoint region
[2019-12-08T11:33:33.743+0000][1][safepoint    ] Total time for which application threads were stopped: 0.0000456 seconds, Stopping threads took: 0.0000080 seconds
[2019-12-08T11:33:33.746+0000][1][safepoint    ] Application time: 0.0028383 seconds
[2019-12-08T11:33:33.746+0000][1][safepoint    ] Entering safepoint region: RevokeBias
[2019-12-08T11:33:33.746+0000][1][safepoint    ] Leaving safepoint region
[2019-12-08T11:33:33.746+0000][1][safepoint    ] Total time for which application threads were stopped: 0.0000578 seconds, Stopping threads took: 0.0000113 seconds
[2019-12-08T11:33:34.580+0000][1][safepoint    ] Application time: 0.8335925 seconds
[2019-12-08T11:33:34.580+0000][1][safepoint    ] Entering safepoint region: RevokeBias
[2019-12-08T11:33:34.581+0000][1][safepoint    ] Leaving safepoint region
[2019-12-08T11:33:34.581+0000][1][safepoint    ] Total time for which application threads were stopped: 0.0011894 seconds, Stopping threads took: 0.0000204 seconds
[2019-12-08T11:33:35.265+0000][1][safepoint    ] Application time: 0.6842251 seconds
[2019-12-08T11:33:35.265+0000][1][safepoint    ] Entering safepoint region: Deoptimize
[2019-12-08T11:33:35.266+0000][1][safepoint    ] Leaving safepoint region
[2019-12-08T11:33:35.266+0000][1][safepoint    ] Total time for which application threads were stopped: 0.0007228 seconds, Stopping threads took: 0.0000155 seconds
[2019-12-08T11:33:36.274+0000][1][safepoint    ] Application time: 1.0078277 seconds
[2019-12-08T11:33:36.294+0000][1][safepoint    ] Entering safepoint region: Cleanup
[2019-12-08T11:33:36.294+0000][1][safepoint    ] Leaving safepoint region
[2019-12-08T11:33:36.294+0000][1][safepoint    ] Total time for which application threads were stopped: 0.0203337 seconds, Stopping threads took: 0.0202513 seconds
[2019-12-08T11:33:36.643+0000][1][safepoint    ] Application time: 0.3486274 seconds
[2019-12-08T11:33:36.643+0000][1][safepoint    ] Entering safepoint region: RevokeBias
[2019-12-08T11:33:36.643+0000][1][safepoint    ] Leaving safepoint region
[2019-12-08T11:33:36.643+0000][1][safepoint    ] Total time for which application threads were stopped: 0.0001027 seconds, Stopping threads took: 0.0000165 seconds
[2019-12-08T11:33:36.690+0000][1][safepoint    ] Application time: 0.0468724 seconds
[2019-12-08T11:33:36.690+0000][1][safepoint    ] Entering safepoint region: RevokeBias
[2019-12-08T11:33:36.690+0000][1][safepoint    ] Leaving safepoint region
[2019-12-08T11:33:36.690+0000][1][safepoint    ] Total time for which application threads were stopped: 0.0000871 seconds, Stopping threads took: 0.0000163 seconds
[2019-12-08T11:33:36.703+0000][1][safepoint    ] Application time: 0.0128586 seconds
[2019-12-08T11:33:36.703+0000][1][safepoint    ] Entering safepoint region: RevokeBias
[2019-12-08T11:33:36.703+0000][1][safepoint    ] Leaving safepoint region
[2019-12-08T11:33:36.703+0000][1][safepoint    ] Total time for which application threads were stopped: 0.0000847 seconds, Stopping threads took: 0.0000164 seconds
[2019-12-08T11:33:36.703+0000][1][safepoint    ] Application time: 0.0002242 seconds
[2019-12-08T11:33:36.703+0000][1][safepoint    ] Entering safepoint region: RevokeBias
[2019-12-08T11:33:36.703+0000][1][safepoint    ] Leaving safepoint region
[2019-12-08T11:33:36.703+0000][1][safepoint    ] Total time for which application threads were stopped: 0.0000666 seconds, Stopping threads took: 0.0000105 seconds
[2019-12-08T11:33:36.703+0000][1][safepoint    ] Application time: 0.0000739 seconds
[2019-12-08T11:33:36.703+0000][1][safepoint    ] Entering safepoint region: RevokeBias
[2019-12-08T11:33:36.703+0000][1][safepoint    ] Leaving safepoint region
[2019-12-08T11:33:36.703+0000][1][safepoint    ] Total time for which application threads were stopped: 0.0000403 seconds, Stopping threads took: 0.0000081 seconds
[2019-12-08T11:33:36.704+0000][1][safepoint    ] Application time: 0.0002301 seconds
[2019-12-08T11:33:36.704+0000][1][safepoint    ] Entering safepoint region: RevokeBias
[2019-12-08T11:33:36.704+0000][1][safepoint    ] Leaving safepoint region
[2019-12-08T11:33:36.704+0000][1][safepoint    ] Total time for which application threads were stopped: 0.0000579 seconds, Stopping threads took: 0.0000122 seconds
[2019-12-08T11:33:36.704+0000][1][safepoint    ] Application time: 0.0000586 seconds
[2019-12-08T11:33:36.704+0000][1][safepoint    ] Entering safepoint region: RevokeBias
[2019-12-08T11:33:36.704+0000][1][safepoint    ] Leaving safepoint region
[2019-12-08T11:33:36.704+0000][1][safepoint    ] Total time for which application threads were stopped: 0.0000544 seconds, Stopping threads took: 0.0000077 seconds
[2019-12-08T11:33:36.704+0000][1][safepoint    ] Application time: 0.0001217 seconds
[2019-12-08T11:33:36.704+0000][1][safepoint    ] Entering safepoint region: RevokeBias
[2019-12-08T11:33:36.704+0000][1][safepoint    ] Leaving safepoint region
[2019-12-08T11:33:36.704+0000][1][safepoint    ] Total time for which application threads were stopped: 0.0000421 seconds, Stopping threads took: 0.0000087 seconds
[2019-12-08T11:33:36.704+0000][1][safepoint    ] Application time: 0.0001145 seconds
[2019-12-08T11:33:36.704+0000][1][safepoint    ] Entering safepoint region: RevokeBias
[2019-12-08T11:33:36.704+0000][1][safepoint    ] Leaving safepoint region
[2019-12-08T11:33:36.704+0000][1][safepoint    ] Total time for which application threads were stopped: 0.0000345 seconds, Stopping threads took: 0.0000078 seconds
[2019-12-08T11:33:37.137+0000][1][safepoint    ] Application time: 0.4330230 seconds
[2019-12-08T11:33:37.137+0000][1][safepoint    ] Entering safepoint region: RevokeBias
[2019-12-08T11:33:37.137+0000][1][safepoint    ] Leaving safepoint region
[2019-12-08T11:33:37.137+0000][1][safepoint    ] Total time for which application threads were stopped: 0.0003715 seconds, Stopping threads took: 0.0002590 seconds
[2019-12-08T11:33:37.138+0000][1][safepoint    ] Application time: 0.0002304 seconds
[2019-12-08T11:33:37.138+0000][1][safepoint    ] Entering safepoint region: RevokeBias
[2019-12-08T11:33:37.138+0000][1][safepoint    ] Leaving safepoint region
[2019-12-08T11:33:37.138+0000][1][safepoint    ] Total time for which application threads were stopped: 0.0000715 seconds, Stopping threads took: 0.0000122 seconds
[2019-12-08T11:33:37.138+0000][1][safepoint    ] Application time: 0.0000609 seconds
[2019-12-08T11:33:37.138+0000][1][safepoint    ] Entering safepoint region: RevokeBias
[2019-12-08T11:33:37.138+0000][1][safepoint    ] Leaving safepoint region
[2019-12-08T11:33:37.138+0000][1][safepoint    ] Total time for which application threads were stopped: 0.0000471 seconds, Stopping threads took: 0.0000082 seconds
[2019-12-08T11:33:37.138+0000][1][safepoint    ] Application time: 0.0001937 seconds
[2019-12-08T11:33:37.138+0000][1][safepoint    ] Entering safepoint region: RevokeBias
[2019-12-08T11:33:37.138+0000][1][safepoint    ] Leaving safepoint region
[2019-12-08T11:33:37.138+0000][1][safepoint    ] Total time for which application threads were stopped: 0.0000525 seconds, Stopping threads took: 0.0000097 seconds
[2019-12-08T11:33:37.979+0000][1][safepoint    ] Application time: 0.8407793 seconds
[2019-12-08T11:33:37.979+0000][1][safepoint    ] Entering safepoint region: RevokeBias
[2019-12-08T11:33:37.979+0000][1][safepoint    ] Leaving safepoint region
[2019-12-08T11:33:37.979+0000][1][safepoint    ] Total time for which application threads were stopped: 0.0000957 seconds, Stopping threads took: 0.0000167 seconds
[2019-12-08T11:33:38.248+0000][1][safepoint    ] Application time: 0.2685807 seconds
[2019-12-08T11:33:38.279+0000][1][safepoint    ] Entering safepoint region: GenCollectForAllocation
[2019-12-08T11:33:38.279+0000][1][gc,start     ] GC(22) Pause Young (Allocation Failure)
[2019-12-08T11:33:38.279+0000][1][gc,task      ] GC(22) Using 4 workers of 4 for evacuation
[2019-12-08T11:33:38.398+0000][1][gc,age       ] GC(22) Desired survivor size 4456448 bytes, new threshold 2 (max threshold 6)
[2019-12-08T11:33:38.398+0000][1][gc,age       ] GC(22) Age table with threshold 2 (max threshold 6)
[2019-12-08T11:33:38.398+0000][1][gc,age       ] GC(22) - age   1:    3562736 bytes,    3562736 total
[2019-12-08T11:33:38.398+0000][1][gc,age       ] GC(22) - age   2:    1588752 bytes,    5151488 total
[2019-12-08T11:33:38.398+0000][1][gc,age       ] GC(22) - age   3:    2621824 bytes,    7773312 total
[2019-12-08T11:33:38.398+0000][1][gc,heap      ] GC(22) ParNew: 75508K->8704K(78656K)
[2019-12-08T11:33:38.398+0000][1][gc,heap      ] GC(22) CMS: 60418K->60569K(174784K)
[2019-12-08T11:33:38.398+0000][1][gc,metaspace ] GC(22) Metaspace: 63387K->63387K(1107968K)
[2019-12-08T11:33:38.398+0000][1][gc           ] GC(22) Pause Young (Allocation Failure) 132M->67M(247M) 119.617ms
[2019-12-08T11:33:38.398+0000][1][gc,cpu       ] GC(22) User=0.06s Sys=0.00s Real=0.12s
[2019-12-08T11:33:38.398+0000][1][safepoint    ] Leaving safepoint region
[2019-12-08T11:33:38.398+0000][1][safepoint    ] Total time for which application threads were stopped: 0.1507353 seconds, Stopping threads took: 0.0309745 seconds
[2019-12-08T11:33:38.705+0000][1][safepoint    ] Application time: 0.3062497 seconds
[2019-12-08T11:33:38.705+0000][1][safepoint    ] Entering safepoint region: Deoptimize
[2019-12-08T11:33:38.705+0000][1][safepoint    ] Leaving safepoint region
[2019-12-08T11:33:38.705+0000][1][safepoint    ] Total time for which application threads were stopped: 0.0006616 seconds, Stopping threads took: 0.0000174 seconds
[2019-12-08T11:33:38.755+0000][1][safepoint    ] Application time: 0.0494076 seconds
[2019-12-08T11:33:38.755+0000][1][safepoint    ] Entering safepoint region: BulkRevokeBias
[2019-12-08T11:33:38.755+0000][1][safepoint    ] Leaving safepoint region
[2019-12-08T11:33:38.755+0000][1][safepoint    ] Total time for which application threads were stopped: 0.0001872 seconds, Stopping threads took: 0.0000152 seconds
[2019-12-08T11:33:38.756+0000][1][safepoint    ] Application time: 0.0011447 seconds
[2019-12-08T11:33:38.756+0000][1][safepoint    ] Entering safepoint region: RevokeBias
[2019-12-08T11:33:38.756+0000][1][safepoint    ] Leaving safepoint region
[2019-12-08T11:33:38.756+0000][1][safepoint    ] Total time for which application threads were stopped: 0.0000774 seconds, Stopping threads took: 0.0000146 seconds
[2019-12-08T11:33:38.756+0000][1][safepoint    ] Application time: 0.0001616 seconds
[2019-12-08T11:33:38.757+0000][1][safepoint    ] Entering safepoint region: RevokeBias
[2019-12-08T11:33:38.757+0000][1][safepoint    ] Leaving safepoint region
[2019-12-08T11:33:38.757+0000][1][safepoint    ] Total time for which application threads were stopped: 0.0000540 seconds, Stopping threads took: 0.0000098 seconds
[2019-12-08T11:33:38.757+0000][1][safepoint    ] Application time: 0.0004310 seconds
[2019-12-08T11:33:38.757+0000][1][safepoint    ] Entering safepoint region: RevokeBias
[2019-12-08T11:33:38.757+0000][1][safepoint    ] Leaving safepoint region
[2019-12-08T11:33:38.757+0000][1][safepoint    ] Total time for which application threads were stopped: 0.0000643 seconds, Stopping threads took: 0.0000111 seconds
[2019-12-08T11:33:38.757+0000][1][safepoint    ] Application time: 0.0000590 seconds
[2019-12-08T11:33:38.757+0000][1][safepoint    ] Entering safepoint region: RevokeBias
[2019-12-08T11:33:38.757+0000][1][safepoint    ] Leaving safepoint region
[2019-12-08T11:33:38.757+0000][1][safepoint    ] Total time for which application threads were stopped: 0.0000518 seconds, Stopping threads took: 0.0000085 seconds
[2019-12-08T11:33:38.757+0000][1][safepoint    ] Application time: 0.0000984 seconds
[2019-12-08T11:33:38.757+0000][1][safepoint    ] Entering safepoint region: RevokeBias
[2019-12-08T11:33:38.757+0000][1][safepoint    ] Leaving safepoint region
[2019-12-08T11:33:38.757+0000][1][safepoint    ] Total time for which application threads were stopped: 0.0000510 seconds, Stopping threads took: 0.0000092 seconds
[2019-12-08T11:33:38.758+0000][1][safepoint    ] Application time: 0.0003007 seconds
[2019-12-08T11:33:38.758+0000][1][safepoint    ] Entering safepoint region: RevokeBias
[2019-12-08T11:33:38.758+0000][1][safepoint    ] Leaving safepoint region
[2019-12-08T11:33:38.758+0000][1][safepoint    ] Total time for which application threads were stopped: 0.0000539 seconds, Stopping threads took: 0.0000107 seconds
[2019-12-08T11:33:38.758+0000][1][safepoint    ] Application time: 0.0001971 seconds
[2019-12-08T11:33:38.758+0000][1][safepoint    ] Entering safepoint region: RevokeBias
[2019-12-08T11:33:38.758+0000][1][safepoint    ] Leaving safepoint region
[2019-12-08T11:33:38.758+0000][1][safepoint    ] Total time for which application threads were stopped: 0.0000564 seconds, Stopping threads took: 0.0000097 seconds
[2019-12-08T11:33:38.758+0000][1][safepoint    ] Application time: 0.0000609 seconds
[2019-12-08T11:33:38.758+0000][1][safepoint    ] Entering safepoint region: RevokeBias
[2019-12-08T11:33:38.758+0000][1][safepoint    ] Leaving safepoint region
[2019-12-08T11:33:38.758+0000][1][safepoint    ] Total time for which application threads were stopped: 0.0000511 seconds, Stopping threads took: 0.0000095 seconds
[2019-12-08T11:33:38.758+0000][1][safepoint    ] Application time: 0.0001090 seconds
[2019-12-08T11:33:38.758+0000][1][safepoint    ] Entering safepoint region: RevokeBias
[2019-12-08T11:33:38.758+0000][1][safepoint    ] Leaving safepoint region
[2019-12-08T11:33:38.758+0000][1][safepoint    ] Total time for which application threads were stopped: 0.0000495 seconds, Stopping threads took: 0.0000093 seconds
[2019-12-08T11:33:38.759+0000][1][safepoint    ] Application time: 0.0005895 seconds
[2019-12-08T11:33:38.759+0000][1][safepoint    ] Entering safepoint region: RevokeBias
[2019-12-08T11:33:38.759+0000][1][safepoint    ] Leaving safepoint region
[2019-12-08T11:33:38.759+0000][1][safepoint    ] Total time for which application threads were stopped: 0.0000578 seconds, Stopping threads took: 0.0000113 seconds
[2019-12-08T11:33:38.760+0000][1][safepoint    ] Application time: 0.0012080 seconds
[2019-12-08T11:33:38.760+0000][1][safepoint    ] Entering safepoint region: RevokeBias
[2019-12-08T11:33:38.760+0000][1][safepoint    ] Leaving safepoint region
[2019-12-08T11:33:38.760+0000][1][safepoint    ] Total time for which application threads were stopped: 0.0000617 seconds, Stopping threads took: 0.0000110 seconds
[2019-12-08T11:33:38.760+0000][1][safepoint    ] Application time: 0.0001018 seconds
[2019-12-08T11:33:38.760+0000][1][safepoint    ] Entering safepoint region: RevokeBias
[2019-12-08T11:33:38.760+0000][1][safepoint    ] Leaving safepoint region
[2019-12-08T11:33:38.761+0000][1][safepoint    ] Total time for which application threads were stopped: 0.0000524 seconds, Stopping threads took: 0.0000098 seconds
[2019-12-08T11:33:38.762+0000][1][safepoint    ] Application time: 0.0014063 seconds
[2019-12-08T11:33:38.762+0000][1][safepoint    ] Entering safepoint region: BulkRevokeBias
[2019-12-08T11:33:38.762+0000][1][safepoint    ] Leaving safepoint region
[2019-12-08T11:33:38.762+0000][1][safepoint    ] Total time for which application threads were stopped: 0.0001403 seconds, Stopping threads took: 0.0000113 seconds
[2019-12-08T11:33:38.791+0000][1][safepoint    ] Application time: 0.0293947 seconds
[2019-12-08T11:33:38.802+0000][1][safepoint    ] Entering safepoint region: Deoptimize
[2019-12-08T11:33:38.802+0000][1][safepoint    ] Leaving safepoint region
[2019-12-08T11:33:38.802+0000][1][safepoint    ] Total time for which application threads were stopped: 0.0109439 seconds, Stopping threads took: 0.0102941 seconds
[2019-12-08T11:33:38.825+0000][1][safepoint    ] Application time: 0.0222669 seconds
[2019-12-08T11:33:38.825+0000][1][safepoint    ] Entering safepoint region: RevokeBias
[2019-12-08T11:33:38.825+0000][1][safepoint    ] Leaving safepoint region
[2019-12-08T11:33:38.825+0000][1][safepoint    ] Total time for which application threads were stopped: 0.0001363 seconds, Stopping threads took: 0.0000601 seconds
[2019-12-08T11:33:38.938+0000][1][safepoint    ] Application time: 0.1128157 seconds
[2019-12-08T11:33:38.960+0000][1][safepoint    ] Entering safepoint region: RevokeBias
[2019-12-08T11:33:38.960+0000][1][safepoint    ] Leaving safepoint region
[2019-12-08T11:33:38.960+0000][1][safepoint    ] Total time for which application threads were stopped: 0.0224814 seconds, Stopping threads took: 0.0223945 seconds
[2019-12-08T11:33:38.960+0000][1][safepoint    ] Application time: 0.0000756 seconds
[2019-12-08T11:33:38.960+0000][1][safepoint    ] Entering safepoint region: RevokeBias
[2019-12-08T11:33:38.960+0000][1][safepoint    ] Leaving safepoint region
[2019-12-08T11:33:38.960+0000][1][safepoint    ] Total time for which application threads were stopped: 0.0000550 seconds, Stopping threads took: 0.0000113 seconds
[2019-12-08T11:33:38.960+0000][1][safepoint    ] Application time: 0.0000427 seconds
[2019-12-08T11:33:38.960+0000][1][safepoint    ] Entering safepoint region: RevokeBias
[2019-12-08T11:33:38.960+0000][1][safepoint    ] Leaving safepoint region
[2019-12-08T11:33:38.960+0000][1][safepoint    ] Total time for which application threads were stopped: 0.0000384 seconds, Stopping threads took: 0.0000086 seconds
[2019-12-08T11:33:38.961+0000][1][safepoint    ] Application time: 0.0000402 seconds
[2019-12-08T11:33:38.961+0000][1][safepoint    ] Entering safepoint region: RevokeBias
[2019-12-08T11:33:38.961+0000][1][safepoint    ] Leaving safepoint region
[2019-12-08T11:33:38.961+0000][1][safepoint    ] Total time for which application threads were stopped: 0.0000364 seconds, Stopping threads took: 0.0000088 seconds
[2019-12-08T11:33:38.961+0000][1][safepoint    ] Application time: 0.0000512 seconds
[2019-12-08T11:33:38.961+0000][1][safepoint    ] Entering safepoint region: RevokeBias
[2019-12-08T11:33:38.961+0000][1][safepoint    ] Leaving safepoint region
[2019-12-08T11:33:38.961+0000][1][safepoint    ] Total time for which application threads were stopped: 0.0000581 seconds, Stopping threads took: 0.0000091 seconds
[2019-12-08T11:33:38.961+0000][1][safepoint    ] Application time: 0.0000510 seconds
[2019-12-08T11:33:38.961+0000][1][safepoint    ] Entering safepoint region: RevokeBias
[2019-12-08T11:33:38.961+0000][1][safepoint    ] Leaving safepoint region
[2019-12-08T11:33:38.961+0000][1][safepoint    ] Total time for which application threads were stopped: 0.0000420 seconds, Stopping threads took: 0.0000093 seconds
[2019-12-08T11:33:38.961+0000][1][safepoint    ] Application time: 0.0000415 seconds
[2019-12-08T11:33:38.961+0000][1][safepoint    ] Entering safepoint region: RevokeBias
[2019-12-08T11:33:38.961+0000][1][safepoint    ] Leaving safepoint region
[2019-12-08T11:33:38.961+0000][1][safepoint    ] Total time for which application threads were stopped: 0.0000376 seconds, Stopping threads took: 0.0000088 seconds
[2019-12-08T11:33:38.961+0000][1][safepoint    ] Application time: 0.0000418 seconds
[2019-12-08T11:33:38.961+0000][1][safepoint    ] Entering safepoint region: RevokeBias
[2019-12-08T11:33:38.961+0000][1][safepoint    ] Leaving safepoint region
[2019-12-08T11:33:38.961+0000][1][safepoint    ] Total time for which application threads were stopped: 0.0000376 seconds, Stopping threads took: 0.0000088 seconds
[2019-12-08T11:33:39.160+0000][1][safepoint    ] Application time: 0.1988691 seconds
[2019-12-08T11:33:39.175+0000][1][safepoint    ] Entering safepoint region: RevokeBias
[2019-12-08T11:33:39.175+0000][1][safepoint    ] Leaving safepoint region
[2019-12-08T11:33:39.175+0000][1][safepoint    ] Total time for which application threads were stopped: 0.0153411 seconds, Stopping threads took: 0.0152533 seconds
[2019-12-08T11:33:39.175+0000][1][safepoint    ] Application time: 0.0001897 seconds
[2019-12-08T11:33:39.175+0000][1][safepoint    ] Entering safepoint region: RevokeBias
[2019-12-08T11:33:39.176+0000][1][safepoint    ] Leaving safepoint region
[2019-12-08T11:33:39.176+0000][1][safepoint    ] Total time for which application threads were stopped: 0.0000619 seconds, Stopping threads took: 0.0000118 seconds
[2019-12-08T11:33:39.176+0000][1][safepoint    ] Application time: 0.0000592 seconds
[2019-12-08T11:33:39.176+0000][1][safepoint    ] Entering safepoint region: RevokeBias
[2019-12-08T11:33:39.176+0000][1][safepoint    ] Leaving safepoint region
[2019-12-08T11:33:39.176+0000][1][safepoint    ] Total time for which application threads were stopped: 0.0000404 seconds, Stopping threads took: 0.0000082 seconds
[2019-12-08T11:33:39.176+0000][1][safepoint    ] Application time: 0.0002739 seconds
[2019-12-08T11:33:39.176+0000][1][safepoint    ] Entering safepoint region: RevokeBias
[2019-12-08T11:33:39.176+0000][1][safepoint    ] Leaving safepoint region
[2019-12-08T11:33:39.176+0000][1][safepoint    ] Total time for which application threads were stopped: 0.0000620 seconds, Stopping threads took: 0.0000119 seconds
[2019-12-08T11:33:39.176+0000][1][safepoint    ] Application time: 0.0000575 seconds
[2019-12-08T11:33:39.176+0000][1][safepoint    ] Entering safepoint region: RevokeBias
[2019-12-08T11:33:39.176+0000][1][safepoint    ] Leaving safepoint region
[2019-12-08T11:33:39.176+0000][1][safepoint    ] Total time for which application threads were stopped: 0.0000428 seconds, Stopping threads took: 0.0000080 seconds
[2019-12-08T11:33:39.179+0000][1][safepoint    ] Application time: 0.0028207 seconds
[2019-12-08T11:33:39.190+0000][1][safepoint    ] Entering safepoint region: RevokeBias
[2019-12-08T11:33:39.190+0000][1][safepoint    ] Leaving safepoint region
[2019-12-08T11:33:39.190+0000][1][safepoint    ] Total time for which application threads were stopped: 0.0108460 seconds, Stopping threads took: 0.0107896 seconds
[2019-12-08T11:33:39.194+0000][1][safepoint    ] Application time: 0.0042170 seconds
[2019-12-08T11:33:39.194+0000][1][safepoint    ] Entering safepoint region: RevokeBias
[2019-12-08T11:33:39.194+0000][1][safepoint    ] Leaving safepoint region
[2019-12-08T11:33:39.194+0000][1][safepoint    ] Total time for which application threads were stopped: 0.0001048 seconds, Stopping threads took: 0.0000564 seconds
[2019-12-08T11:33:39.199+0000][1][safepoint    ] Application time: 0.0045653 seconds
[2019-12-08T11:33:39.199+0000][1][safepoint    ] Entering safepoint region: RevokeBias
[2019-12-08T11:33:39.199+0000][1][safepoint    ] Leaving safepoint region
[2019-12-08T11:33:39.199+0000][1][safepoint    ] Total time for which application threads were stopped: 0.0001180 seconds, Stopping threads took: 0.0000734 seconds
[2019-12-08T11:33:39.204+0000][1][safepoint    ] Application time: 0.0048426 seconds
[2019-12-08T11:33:39.204+0000][1][safepoint    ] Entering safepoint region: RevokeBias
[2019-12-08T11:33:39.204+0000][1][safepoint    ] Leaving safepoint region
[2019-12-08T11:33:39.204+0000][1][safepoint    ] Total time for which application threads were stopped: 0.0000852 seconds, Stopping threads took: 0.0000407 seconds
[2019-12-08T11:33:39.208+0000][1][safepoint    ] Application time: 0.0040514 seconds
[2019-12-08T11:33:39.208+0000][1][safepoint    ] Entering safepoint region: RevokeBias
[2019-12-08T11:33:39.208+0000][1][safepoint    ] Leaving safepoint region
[2019-12-08T11:33:39.208+0000][1][safepoint    ] Total time for which application threads were stopped: 0.0000700 seconds, Stopping threads took: 0.0000150 seconds
[2019-12-08T11:33:39.221+0000][1][safepoint    ] Application time: 0.0126862 seconds
[2019-12-08T11:33:39.221+0000][1][safepoint    ] Entering safepoint region: RevokeBias
[2019-12-08T11:33:39.221+0000][1][safepoint    ] Leaving safepoint region
[2019-12-08T11:33:39.221+0000][1][safepoint    ] Total time for which application threads were stopped: 0.0000834 seconds, Stopping threads took: 0.0000150 seconds
[2019-12-08T11:33:39.221+0000][1][safepoint    ] Application time: 0.0002946 seconds
[2019-12-08T11:33:39.221+0000][1][safepoint    ] Entering safepoint region: RevokeBias
[2019-12-08T11:33:39.221+0000][1][safepoint    ] Leaving safepoint region
[2019-12-08T11:33:39.221+0000][1][safepoint    ] Total time for which application threads were stopped: 0.0000909 seconds, Stopping threads took: 0.0000105 seconds
[2019-12-08T11:33:39.225+0000][1][safepoint    ] Application time: 0.0033839 seconds
[2019-12-08T11:33:39.276+0000][1][safepoint    ] Entering safepoint region: RevokeBias
[2019-12-08T11:33:39.276+0000][1][safepoint    ] Leaving safepoint region
[2019-12-08T11:33:39.276+0000][1][safepoint    ] Total time for which application threads were stopped: 0.0512146 seconds, Stopping threads took: 0.0511011 seconds
[2019-12-08T11:33:39.276+0000][1][safepoint    ] Application time: 0.0005583 seconds
[2019-12-08T11:33:39.276+0000][1][safepoint    ] Entering safepoint region: RevokeBias
[2019-12-08T11:33:39.276+0000][1][safepoint    ] Leaving safepoint region
[2019-12-08T11:33:39.277+0000][1][safepoint    ] Total time for which application threads were stopped: 0.0000751 seconds, Stopping threads took: 0.0000136 seconds
[2019-12-08T11:33:39.277+0000][1][safepoint    ] Application time: 0.0000610 seconds
[2019-12-08T11:33:39.277+0000][1][safepoint    ] Entering safepoint region: RevokeBias
[2019-12-08T11:33:39.277+0000][1][safepoint    ] Leaving safepoint region
[2019-12-08T11:33:39.277+0000][1][safepoint    ] Total time for which application threads were stopped: 0.0000467 seconds, Stopping threads took: 0.0000085 seconds
[2019-12-08T11:33:39.285+0000][1][safepoint    ] Application time: 0.0088298 seconds
[2019-12-08T11:33:39.297+0000][1][safepoint    ] Entering safepoint region: RevokeBias
[2019-12-08T11:33:39.297+0000][1][safepoint    ] Leaving safepoint region
[2019-12-08T11:33:39.297+0000][1][safepoint    ] Total time for which application threads were stopped: 0.0115616 seconds, Stopping threads took: 0.0114891 seconds
[2019-12-08T11:33:39.297+0000][1][safepoint    ] Application time: 0.0000545 seconds
[2019-12-08T11:33:39.297+0000][1][safepoint    ] Entering safepoint region: RevokeBias
[2019-12-08T11:33:39.297+0000][1][safepoint    ] Leaving safepoint region
[2019-12-08T11:33:39.297+0000][1][safepoint    ] Total time for which application threads were stopped: 0.0000513 seconds, Stopping threads took: 0.0000086 seconds
[2019-12-08T11:33:39.300+0000][1][safepoint    ] Application time: 0.0026217 seconds
[2019-12-08T11:33:39.300+0000][1][safepoint    ] Entering safepoint region: RevokeBias
[2019-12-08T11:33:39.300+0000][1][safepoint    ] Leaving safepoint region
[2019-12-08T11:33:39.300+0000][1][safepoint    ] Total time for which application threads were stopped: 0.0000718 seconds, Stopping threads took: 0.0000139 seconds
[2019-12-08T11:33:39.301+0000][1][safepoint    ] Application time: 0.0013213 seconds
[2019-12-08T11:33:39.301+0000][1][safepoint    ] Entering safepoint region: RevokeBias
[2019-12-08T11:33:39.301+0000][1][safepoint    ] Leaving safepoint region
[2019-12-08T11:33:39.301+0000][1][safepoint    ] Total time for which application threads were stopped: 0.0000740 seconds, Stopping threads took: 0.0000238 seconds
[2019-12-08T11:33:39.301+0000][1][safepoint    ] Application time: 0.0000668 seconds
[2019-12-08T11:33:39.301+0000][1][safepoint    ] Entering safepoint region: RevokeBias
[2019-12-08T11:33:39.301+0000][1][safepoint    ] Leaving safepoint region
[2019-12-08T11:33:39.301+0000][1][safepoint    ] Total time for which application threads were stopped: 0.0000409 seconds, Stopping threads took: 0.0000079 seconds
[2019-12-08T11:33:39.313+0000][1][safepoint    ] Application time: 0.0114481 seconds
[2019-12-08T11:33:39.388+0000][1][safepoint    ] Entering safepoint region: RevokeBias
[2019-12-08T11:33:39.388+0000][1][safepoint    ] Leaving safepoint region
[2019-12-08T11:33:39.388+0000][1][safepoint    ] Total time for which application threads were stopped: 0.0749929 seconds, Stopping threads took: 0.0748663 seconds
[2019-12-08T11:33:39.388+0000][1][safepoint    ] Application time: 0.0002054 seconds
[2019-12-08T11:33:39.388+0000][1][safepoint    ] Entering safepoint region: RevokeBias
[2019-12-08T11:33:39.388+0000][1][safepoint    ] Leaving safepoint region
[2019-12-08T11:33:39.388+0000][1][safepoint    ] Total time for which application threads were stopped: 0.0000578 seconds, Stopping threads took: 0.0000115 seconds
[2019-12-08T11:33:39.388+0000][1][safepoint    ] Application time: 0.0001910 seconds
[2019-12-08T11:33:39.388+0000][1][safepoint    ] Entering safepoint region: RevokeBias
[2019-12-08T11:33:39.388+0000][1][safepoint    ] Leaving safepoint region
[2019-12-08T11:33:39.388+0000][1][safepoint    ] Total time for which application threads were stopped: 0.0000510 seconds, Stopping threads took: 0.0000086 seconds
[2019-12-08T11:33:39.395+0000][1][safepoint    ] Application time: 0.0062992 seconds
[2019-12-08T11:33:39.395+0000][1][safepoint    ] Entering safepoint region: RevokeBias
[2019-12-08T11:33:39.395+0000][1][safepoint    ] Leaving safepoint region
[2019-12-08T11:33:39.395+0000][1][safepoint    ] Total time for which application threads were stopped: 0.0001195 seconds, Stopping threads took: 0.0000479 seconds
[2019-12-08T11:33:39.399+0000][1][safepoint    ] Application time: 0.0038842 seconds
[2019-12-08T11:33:39.399+0000][1][safepoint    ] Entering safepoint region: RevokeBias
[2019-12-08T11:33:39.399+0000][1][safepoint    ] Leaving safepoint region
[2019-12-08T11:33:39.399+0000][1][safepoint    ] Total time for which application threads were stopped: 0.0000863 seconds, Stopping threads took: 0.0000137 seconds
[2019-12-08T11:33:39.399+0000][1][safepoint    ] Application time: 0.0005220 seconds
[2019-12-08T11:33:39.399+0000][1][safepoint    ] Entering safepoint region: RevokeBias
[2019-12-08T11:33:39.400+0000][1][safepoint    ] Leaving safepoint region
[2019-12-08T11:33:39.400+0000][1][safepoint    ] Total time for which application threads were stopped: 0.0000769 seconds, Stopping threads took: 0.0000136 seconds
[2019-12-08T11:33:39.400+0000][1][safepoint    ] Application time: 0.0000992 seconds
[2019-12-08T11:33:39.400+0000][1][safepoint    ] Entering safepoint region: RevokeBias
[2019-12-08T11:33:39.400+0000][1][safepoint    ] Leaving safepoint region
[2019-12-08T11:33:39.400+0000][1][safepoint    ] Total time for which application threads were stopped: 0.0000763 seconds, Stopping threads took: 0.0000089 seconds
[2019-12-08T11:33:39.400+0000][1][safepoint    ] Application time: 0.0002784 seconds
[2019-12-08T11:33:39.400+0000][1][safepoint    ] Entering safepoint region: RevokeBias
[2019-12-08T11:33:39.400+0000][1][safepoint    ] Leaving safepoint region
[2019-12-08T11:33:39.400+0000][1][safepoint    ] Total time for which application threads were stopped: 0.0001165 seconds, Stopping threads took: 0.0000116 seconds
[2019-12-08T11:33:39.400+0000][1][safepoint    ] Application time: 0.0000547 seconds
[2019-12-08T11:33:39.400+0000][1][safepoint    ] Entering safepoint region: RevokeBias
[2019-12-08T11:33:39.400+0000][1][safepoint    ] Leaving safepoint region
[2019-12-08T11:33:39.400+0000][1][safepoint    ] Total time for which application threads were stopped: 0.0000506 seconds, Stopping threads took: 0.0000082 seconds
[2019-12-08T11:33:39.400+0000][1][safepoint    ] Application time: 0.0000356 seconds
[2019-12-08T11:33:39.400+0000][1][safepoint    ] Entering safepoint region: RevokeBias
[2019-12-08T11:33:39.400+0000][1][safepoint    ] Leaving safepoint region
[2019-12-08T11:33:39.400+0000][1][safepoint    ] Total time for which application threads were stopped: 0.0000459 seconds, Stopping threads took: 0.0000076 seconds
[2019-12-08T11:33:39.404+0000][1][safepoint    ] Application time: 0.0033368 seconds
[2019-12-08T11:33:39.404+0000][1][safepoint    ] Entering safepoint region: RevokeBias
[2019-12-08T11:33:39.404+0000][1][safepoint    ] Leaving safepoint region
[2019-12-08T11:33:39.404+0000][1][safepoint    ] Total time for which application threads were stopped: 0.0000857 seconds, Stopping threads took: 0.0000133 seconds
[2019-12-08T11:33:39.404+0000][1][safepoint    ] Application time: 0.0000509 seconds
[2019-12-08T11:33:39.404+0000][1][safepoint    ] Entering safepoint region: RevokeBias
[2019-12-08T11:33:39.404+0000][1][safepoint    ] Leaving safepoint region
[2019-12-08T11:33:39.404+0000][1][safepoint    ] Total time for which application threads were stopped: 0.0000470 seconds, Stopping threads took: 0.0000075 seconds
[2019-12-08T11:33:39.407+0000][1][safepoint    ] Application time: 0.0033491 seconds
[2019-12-08T11:33:39.407+0000][1][safepoint    ] Entering safepoint region: RevokeBias
[2019-12-08T11:33:39.408+0000][1][safepoint    ] Leaving safepoint region
[2019-12-08T11:33:39.408+0000][1][safepoint    ] Total time for which application threads were stopped: 0.0004787 seconds, Stopping threads took: 0.0000429 seconds
[2019-12-08T11:33:39.408+0000][1][safepoint    ] Application time: 0.0000720 seconds
[2019-12-08T11:33:39.408+0000][1][safepoint    ] Entering safepoint region: RevokeBias
[2019-12-08T11:33:39.408+0000][1][safepoint    ] Leaving safepoint region
[2019-12-08T11:33:39.408+0000][1][safepoint    ] Total time for which application threads were stopped: 0.0000681 seconds, Stopping threads took: 0.0000103 seconds
[2019-12-08T11:33:39.426+0000][1][safepoint    ] Application time: 0.0177435 seconds
[2019-12-08T11:33:39.426+0000][1][safepoint    ] Entering safepoint region: RevokeBias
[2019-12-08T11:33:39.426+0000][1][safepoint    ] Leaving safepoint region
[2019-12-08T11:33:39.426+0000][1][safepoint    ] Total time for which application threads were stopped: 0.0001008 seconds, Stopping threads took: 0.0000148 seconds
[2019-12-08T11:33:39.426+0000][1][safepoint    ] Application time: 0.0002212 seconds
[2019-12-08T11:33:39.426+0000][1][safepoint    ] Entering safepoint region: RevokeBias
[2019-12-08T11:33:39.426+0000][1][safepoint    ] Leaving safepoint region
[2019-12-08T11:33:39.426+0000][1][safepoint    ] Total time for which application threads were stopped: 0.0000648 seconds, Stopping threads took: 0.0000104 seconds
[2019-12-08T11:33:39.426+0000][1][safepoint    ] Application time: 0.0001790 seconds
[2019-12-08T11:33:39.426+0000][1][safepoint    ] Entering safepoint region: RevokeBias
[2019-12-08T11:33:39.426+0000][1][safepoint    ] Leaving safepoint region
[2019-12-08T11:33:39.426+0000][1][safepoint    ] Total time for which application threads were stopped: 0.0000642 seconds, Stopping threads took: 0.0000098 seconds
[2019-12-08T11:33:39.427+0000][1][safepoint    ] Application time: 0.0003473 seconds
[2019-12-08T11:33:39.427+0000][1][safepoint    ] Entering safepoint region: RevokeBias
[2019-12-08T11:33:39.427+0000][1][safepoint    ] Leaving safepoint region
[2019-12-08T11:33:39.427+0000][1][safepoint    ] Total time for which application threads were stopped: 0.0000700 seconds, Stopping threads took: 0.0000122 seconds
[2019-12-08T11:33:39.429+0000][1][safepoint    ] Application time: 0.0018957 seconds
[2019-12-08T11:33:39.429+0000][1][safepoint    ] Entering safepoint region: RevokeBias
[2019-12-08T11:33:39.429+0000][1][safepoint    ] Leaving safepoint region
[2019-12-08T11:33:39.429+0000][1][safepoint    ] Total time for which application threads were stopped: 0.0000954 seconds, Stopping threads took: 0.0000125 seconds
[2019-12-08T11:33:39.429+0000][1][safepoint    ] Application time: 0.0000839 seconds
[2019-12-08T11:33:39.429+0000][1][safepoint    ] Entering safepoint region: RevokeBias
[2019-12-08T11:33:39.429+0000][1][safepoint    ] Leaving safepoint region
[2019-12-08T11:33:39.429+0000][1][safepoint    ] Total time for which application threads were stopped: 0.0000602 seconds, Stopping threads took: 0.0000096 seconds
[2019-12-08T11:33:39.429+0000][1][safepoint    ] Application time: 0.0001161 seconds
[2019-12-08T11:33:39.429+0000][1][safepoint    ] Entering safepoint region: RevokeBias
[2019-12-08T11:33:39.429+0000][1][safepoint    ] Leaving safepoint region
[2019-12-08T11:33:39.429+0000][1][safepoint    ] Total time for which application threads were stopped: 0.0000604 seconds, Stopping threads took: 0.0000097 seconds
[2019-12-08T11:33:39.429+0000][1][safepoint    ] Application time: 0.0000400 seconds
[2019-12-08T11:33:39.429+0000][1][safepoint    ] Entering safepoint region: RevokeBias
[2019-12-08T11:33:39.429+0000][1][safepoint    ] Leaving safepoint region
[2019-12-08T11:33:39.429+0000][1][safepoint    ] Total time for which application threads were stopped: 0.0000572 seconds, Stopping threads took: 0.0000089 seconds
[2019-12-08T11:33:39.429+0000][1][safepoint    ] Application time: 0.0000369 seconds
[2019-12-08T11:33:39.429+0000][1][safepoint    ] Entering safepoint region: RevokeBias
[2019-12-08T11:33:39.429+0000][1][safepoint    ] Leaving safepoint region
[2019-12-08T11:33:39.429+0000][1][safepoint    ] Total time for which application threads were stopped: 0.0000533 seconds, Stopping threads took: 0.0000087 seconds
[2019-12-08T11:33:39.430+0000][1][safepoint    ] Application time: 0.0005575 seconds
[2019-12-08T11:33:39.430+0000][1][safepoint    ] Entering safepoint region: RevokeBias
[2019-12-08T11:33:39.430+0000][1][safepoint    ] Leaving safepoint region
[2019-12-08T11:33:39.430+0000][1][safepoint    ] Total time for which application threads were stopped: 0.0000746 seconds, Stopping threads took: 0.0000123 seconds
[2019-12-08T11:33:39.433+0000][1][safepoint    ] Application time: 0.0030017 seconds
[2019-12-08T11:33:39.433+0000][1][safepoint    ] Entering safepoint region: RevokeBias
[2019-12-08T11:33:39.433+0000][1][safepoint    ] Leaving safepoint region
[2019-12-08T11:33:39.433+0000][1][safepoint    ] Total time for which application threads were stopped: 0.0000712 seconds, Stopping threads took: 0.0000121 seconds
[2019-12-08T11:33:39.433+0000][1][safepoint    ] Application time: 0.0001651 seconds
[2019-12-08T11:33:39.433+0000][1][safepoint    ] Entering safepoint region: RevokeBias
[2019-12-08T11:33:39.433+0000][1][safepoint    ] Leaving safepoint region
[2019-12-08T11:33:39.433+0000][1][safepoint    ] Total time for which application threads were stopped: 0.0000669 seconds, Stopping threads took: 0.0000105 seconds
[2019-12-08T11:33:39.434+0000][1][safepoint    ] Application time: 0.0007165 seconds
[2019-12-08T11:33:39.434+0000][1][safepoint    ] Entering safepoint region: RevokeBias
[2019-12-08T11:33:39.434+0000][1][safepoint    ] Leaving safepoint region
[2019-12-08T11:33:39.434+0000][1][safepoint    ] Total time for which application threads were stopped: 0.0000741 seconds, Stopping threads took: 0.0000138 seconds
[2019-12-08T11:33:39.435+0000][1][safepoint    ] Application time: 0.0008668 seconds
[2019-12-08T11:33:39.435+0000][1][safepoint    ] Entering safepoint region: RevokeBias
[2019-12-08T11:33:39.435+0000][1][safepoint    ] Leaving safepoint region
[2019-12-08T11:33:39.435+0000][1][safepoint    ] Total time for which application threads were stopped: 0.0000712 seconds, Stopping threads took: 0.0000129 seconds
[2019-12-08T11:33:39.435+0000][1][safepoint    ] Application time: 0.0002035 seconds
[2019-12-08T11:33:39.435+0000][1][safepoint    ] Entering safepoint region: RevokeBias
[2019-12-08T11:33:39.436+0000][1][safepoint    ] Leaving safepoint region
[2019-12-08T11:33:39.436+0000][1][safepoint    ] Total time for which application threads were stopped: 0.0000659 seconds, Stopping threads took: 0.0000105 seconds
[2019-12-08T11:33:39.448+0000][1][safepoint    ] Application time: 0.0122532 seconds
[2019-12-08T11:33:39.448+0000][1][safepoint    ] Entering safepoint region: RevokeBias
[2019-12-08T11:33:39.448+0000][1][safepoint    ] Leaving safepoint region
[2019-12-08T11:33:39.448+0000][1][safepoint    ] Total time for which application threads were stopped: 0.0000713 seconds, Stopping threads took: 0.0000133 seconds
[2019-12-08T11:33:39.448+0000][1][safepoint    ] Application time: 0.0002522 seconds
[2019-12-08T11:33:39.459+0000][1][safepoint    ] Entering safepoint region: RevokeBias
[2019-12-08T11:33:39.459+0000][1][safepoint    ] Leaving safepoint region
[2019-12-08T11:33:39.459+0000][1][safepoint    ] Total time for which application threads were stopped: 0.0106095 seconds, Stopping threads took: 0.0105432 seconds
[2019-12-08T11:33:39.460+0000][1][safepoint    ] Application time: 0.0012111 seconds
[2019-12-08T11:33:39.460+0000][1][safepoint    ] Entering safepoint region: RevokeBias
[2019-12-08T11:33:39.460+0000][1][safepoint    ] Leaving safepoint region
[2019-12-08T11:33:39.460+0000][1][safepoint    ] Total time for which application threads were stopped: 0.0001040 seconds, Stopping threads took: 0.0000491 seconds
[2019-12-08T11:33:39.461+0000][1][safepoint    ] Application time: 0.0011349 seconds
[2019-12-08T11:33:39.465+0000][1][safepoint    ] Entering safepoint region: RevokeBias
[2019-12-08T11:33:39.465+0000][1][safepoint    ] Leaving safepoint region
[2019-12-08T11:33:39.465+0000][1][safepoint    ] Total time for which application threads were stopped: 0.0034765 seconds, Stopping threads took: 0.0034149 seconds
[2019-12-08T11:33:39.477+0000][1][safepoint    ] Application time: 0.0119189 seconds
[2019-12-08T11:33:39.477+0000][1][safepoint    ] Entering safepoint region: RevokeBias
[2019-12-08T11:33:39.477+0000][1][safepoint    ] Leaving safepoint region
[2019-12-08T11:33:39.477+0000][1][safepoint    ] Total time for which application threads were stopped: 0.0001151 seconds, Stopping threads took: 0.0000543 seconds
[2019-12-08T11:33:39.505+0000][1][safepoint    ] Application time: 0.0279348 seconds
[2019-12-08T11:33:39.505+0000][1][safepoint    ] Entering safepoint region: RevokeBias
[2019-12-08T11:33:39.505+0000][1][safepoint    ] Leaving safepoint region
[2019-12-08T11:33:39.505+0000][1][safepoint    ] Total time for which application threads were stopped: 0.0000902 seconds, Stopping threads took: 0.0000134 seconds
[2019-12-08T11:33:39.520+0000][1][safepoint    ] Application time: 0.0148940 seconds
[2019-12-08T11:33:39.528+0000][1][safepoint    ] Entering safepoint region: RevokeBias
[2019-12-08T11:33:39.528+0000][1][safepoint    ] Leaving safepoint region
[2019-12-08T11:33:39.528+0000][1][safepoint    ] Total time for which application threads were stopped: 0.0080447 seconds, Stopping threads took: 0.0079560 seconds
[2019-12-08T11:33:39.538+0000][1][safepoint    ] Application time: 0.0098213 seconds
[2019-12-08T11:33:39.538+0000][1][safepoint    ] Entering safepoint region: RevokeBias
[2019-12-08T11:33:39.538+0000][1][safepoint    ] Leaving safepoint region
[2019-12-08T11:33:39.538+0000][1][safepoint    ] Total time for which application threads were stopped: 0.0001277 seconds, Stopping threads took: 0.0000535 seconds
[2019-12-08T11:33:39.564+0000][1][safepoint    ] Application time: 0.0258422 seconds
[2019-12-08T11:33:39.564+0000][1][safepoint    ] Entering safepoint region: RevokeBias
[2019-12-08T11:33:39.564+0000][1][safepoint    ] Leaving safepoint region
[2019-12-08T11:33:39.564+0000][1][safepoint    ] Total time for which application threads were stopped: 0.0001177 seconds, Stopping threads took: 0.0000172 seconds
[2019-12-08T11:33:39.564+0000][1][safepoint    ] Application time: 0.0000834 seconds
[2019-12-08T11:33:39.564+0000][1][safepoint    ] Entering safepoint region: RevokeBias
[2019-12-08T11:33:39.564+0000][1][safepoint    ] Leaving safepoint region
[2019-12-08T11:33:39.564+0000][1][safepoint    ] Total time for which application threads were stopped: 0.0002214 seconds, Stopping threads took: 0.0001549 seconds
[2019-12-08T11:33:39.595+0000][1][safepoint    ] Application time: 0.0304429 seconds
[2019-12-08T11:33:39.595+0000][1][safepoint    ] Entering safepoint region: RevokeBias
[2019-12-08T11:33:39.595+0000][1][safepoint    ] Leaving safepoint region
[2019-12-08T11:33:39.595+0000][1][safepoint    ] Total time for which application threads were stopped: 0.0001183 seconds, Stopping threads took: 0.0000378 seconds
[2019-12-08T11:33:39.601+0000][1][safepoint    ] Application time: 0.0058667 seconds
[2019-12-08T11:33:39.601+0000][1][safepoint    ] Entering safepoint region: RevokeBias
[2019-12-08T11:33:39.601+0000][1][safepoint    ] Leaving safepoint region
[2019-12-08T11:33:39.601+0000][1][safepoint    ] Total time for which application threads were stopped: 0.0001558 seconds, Stopping threads took: 0.0000657 seconds
[2019-12-08T11:33:39.637+0000][1][safepoint    ] Application time: 0.0358236 seconds
[2019-12-08T11:33:39.637+0000][1][safepoint    ] Entering safepoint region: RevokeBias
[2019-12-08T11:33:39.637+0000][1][safepoint    ] Leaving safepoint region
[2019-12-08T11:33:39.637+0000][1][safepoint    ] Total time for which application threads were stopped: 0.0005746 seconds, Stopping threads took: 0.0004760 seconds
[2019-12-08T11:33:39.718+0000][1][safepoint    ] Application time: 0.0808752 seconds
[2019-12-08T11:33:39.718+0000][1][safepoint    ] Entering safepoint region: RevokeBias
[2019-12-08T11:33:39.718+0000][1][safepoint    ] Leaving safepoint region
[2019-12-08T11:33:39.718+0000][1][safepoint    ] Total time for which application threads were stopped: 0.0002523 seconds, Stopping threads took: 0.0001825 seconds
[2019-12-08T11:33:39.730+0000][1][safepoint    ] Application time: 0.0119100 seconds
[2019-12-08T11:33:39.760+0000][1][safepoint    ] Entering safepoint region: RevokeBias
[2019-12-08T11:33:39.760+0000][1][safepoint    ] Leaving safepoint region
[2019-12-08T11:33:39.760+0000][1][safepoint    ] Total time for which application threads were stopped: 0.0296373 seconds, Stopping threads took: 0.0295548 seconds
[2019-12-08T11:33:39.761+0000][1][safepoint    ] Application time: 0.0005915 seconds
[2019-12-08T11:33:39.761+0000][1][safepoint    ] Entering safepoint region: RevokeBias
[2019-12-08T11:33:39.761+0000][1][safepoint    ] Leaving safepoint region
[2019-12-08T11:33:39.761+0000][1][safepoint    ] Total time for which application threads were stopped: 0.0001065 seconds, Stopping threads took: 0.0000320 seconds
[2019-12-08T11:33:39.781+0000][1][safepoint    ] Application time: 0.0202935 seconds
[2019-12-08T11:33:39.781+0000][1][safepoint    ] Entering safepoint region: RevokeBias
[2019-12-08T11:33:39.781+0000][1][safepoint    ] Leaving safepoint region
[2019-12-08T11:33:39.781+0000][1][safepoint    ] Total time for which application threads were stopped: 0.0002094 seconds, Stopping threads took: 0.0000420 seconds
[2019-12-08T11:33:39.787+0000][1][safepoint    ] Application time: 0.0055469 seconds
[2019-12-08T11:33:39.787+0000][1][safepoint    ] Entering safepoint region: RevokeBias
[2019-12-08T11:33:39.787+0000][1][safepoint    ] Leaving safepoint region
[2019-12-08T11:33:39.787+0000][1][safepoint    ] Total time for which application threads were stopped: 0.0000796 seconds, Stopping threads took: 0.0000167 seconds
[2019-12-08T11:33:39.809+0000][1][safepoint    ] Application time: 0.0218516 seconds
[2019-12-08T11:33:39.809+0000][1][safepoint    ] Entering safepoint region: RevokeBias
[2019-12-08T11:33:39.809+0000][1][safepoint    ] Leaving safepoint region
[2019-12-08T11:33:39.809+0000][1][safepoint    ] Total time for which application threads were stopped: 0.0000773 seconds, Stopping threads took: 0.0000150 seconds
[2019-12-08T11:33:39.821+0000][1][safepoint    ] Application time: 0.0117903 seconds
[2019-12-08T11:33:39.821+0000][1][safepoint    ] Entering safepoint region: RevokeBias
[2019-12-08T11:33:39.821+0000][1][safepoint    ] Leaving safepoint region
[2019-12-08T11:33:39.821+0000][1][safepoint    ] Total time for which application threads were stopped: 0.0000789 seconds, Stopping threads took: 0.0000154 seconds
[2019-12-08T11:33:39.905+0000][1][safepoint    ] Application time: 0.0841717 seconds
[2019-12-08T11:33:39.905+0000][1][safepoint    ] Entering safepoint region: RevokeBias
[2019-12-08T11:33:39.905+0000][1][safepoint    ] Leaving safepoint region
[2019-12-08T11:33:39.905+0000][1][safepoint    ] Total time for which application threads were stopped: 0.0000952 seconds, Stopping threads took: 0.0000208 seconds
[2019-12-08T11:33:40.122+0000][1][safepoint    ] Application time: 0.2166922 seconds
[2019-12-08T11:33:40.138+0000][1][safepoint    ] Entering safepoint region: RevokeBias
[2019-12-08T11:33:40.138+0000][1][safepoint    ] Leaving safepoint region
[2019-12-08T11:33:40.138+0000][1][safepoint    ] Total time for which application threads were stopped: 0.0159694 seconds, Stopping threads took: 0.0158555 seconds
[2019-12-08T11:33:40.139+0000][1][safepoint    ] Application time: 0.0006229 seconds
[2019-12-08T11:33:40.139+0000][1][safepoint    ] Entering safepoint region: RevokeBias
[2019-12-08T11:33:40.139+0000][1][safepoint    ] Leaving safepoint region
[2019-12-08T11:33:40.139+0000][1][safepoint    ] Total time for which application threads were stopped: 0.0000899 seconds, Stopping threads took: 0.0000170 seconds
[2019-12-08T11:33:40.156+0000][1][safepoint    ] Application time: 0.0171701 seconds
[2019-12-08T11:33:40.156+0000][1][safepoint    ] Entering safepoint region: RevokeBias
[2019-12-08T11:33:40.156+0000][1][safepoint    ] Leaving safepoint region
[2019-12-08T11:33:40.156+0000][1][safepoint    ] Total time for which application threads were stopped: 0.0001333 seconds, Stopping threads took: 0.0000543 seconds
[2019-12-08T11:33:40.156+0000][1][safepoint    ] Application time: 0.0004629 seconds
[2019-12-08T11:33:40.156+0000][1][safepoint    ] Entering safepoint region: RevokeBias
[2019-12-08T11:33:40.157+0000][1][safepoint    ] Leaving safepoint region
[2019-12-08T11:33:40.157+0000][1][safepoint    ] Total time for which application threads were stopped: 0.0000817 seconds, Stopping threads took: 0.0000138 seconds
[2019-12-08T11:33:40.158+0000][1][safepoint    ] Application time: 0.0012797 seconds
[2019-12-08T11:33:40.158+0000][1][safepoint    ] Entering safepoint region: RevokeBias
[2019-12-08T11:33:40.158+0000][1][safepoint    ] Leaving safepoint region
[2019-12-08T11:33:40.158+0000][1][safepoint    ] Total time for which application threads were stopped: 0.0000683 seconds, Stopping threads took: 0.0000137 seconds
[2019-12-08T11:33:40.159+0000][1][safepoint    ] Application time: 0.0006791 seconds
[2019-12-08T11:33:40.159+0000][1][safepoint    ] Entering safepoint region: RevokeBias
[2019-12-08T11:33:40.159+0000][1][safepoint    ] Leaving safepoint region
[2019-12-08T11:33:40.159+0000][1][safepoint    ] Total time for which application threads were stopped: 0.0000976 seconds, Stopping threads took: 0.0000133 seconds
[2019-12-08T11:33:40.161+0000][1][safepoint    ] Application time: 0.0027219 seconds
[2019-12-08T11:33:40.161+0000][1][safepoint    ] Entering safepoint region: RevokeBias
[2019-12-08T11:33:40.162+0000][1][safepoint    ] Leaving safepoint region
[2019-12-08T11:33:40.162+0000][1][safepoint    ] Total time for which application threads were stopped: 0.0000817 seconds, Stopping threads took: 0.0000133 seconds
[2019-12-08T11:33:40.162+0000][1][safepoint    ] Application time: 0.0004610 seconds
[2019-12-08T11:33:40.162+0000][1][safepoint    ] Entering safepoint region: RevokeBias
[2019-12-08T11:33:40.162+0000][1][safepoint    ] Leaving safepoint region
[2019-12-08T11:33:40.162+0000][1][safepoint    ] Total time for which application threads were stopped: 0.0000568 seconds, Stopping threads took: 0.0000121 seconds
[2019-12-08T11:33:40.163+0000][1][safepoint    ] Application time: 0.0005491 seconds
[2019-12-08T11:33:40.163+0000][1][safepoint    ] Entering safepoint region: RevokeBias
[2019-12-08T11:33:40.163+0000][1][safepoint    ] Leaving safepoint region
[2019-12-08T11:33:40.163+0000][1][safepoint    ] Total time for which application threads were stopped: 0.0000764 seconds, Stopping threads took: 0.0000115 seconds
[2019-12-08T11:33:40.163+0000][1][safepoint    ] Application time: 0.0002029 seconds
[2019-12-08T11:33:40.163+0000][1][safepoint    ] Entering safepoint region: RevokeBias
[2019-12-08T11:33:40.163+0000][1][safepoint    ] Leaving safepoint region
[2019-12-08T11:33:40.163+0000][1][safepoint    ] Total time for which application threads were stopped: 0.0000488 seconds, Stopping threads took: 0.0000092 seconds
[2019-12-08T11:33:40.163+0000][1][safepoint    ] Application time: 0.0002142 seconds
[2019-12-08T11:33:40.163+0000][1][safepoint    ] Entering safepoint region: RevokeBias
[2019-12-08T11:33:40.163+0000][1][safepoint    ] Leaving safepoint region
[2019-12-08T11:33:40.163+0000][1][safepoint    ] Total time for which application threads were stopped: 0.0000537 seconds, Stopping threads took: 0.0000108 seconds
[2019-12-08T11:33:40.167+0000][1][safepoint    ] Application time: 0.0033686 seconds
[2019-12-08T11:33:40.167+0000][1][safepoint    ] Entering safepoint region: RevokeBias
[2019-12-08T11:33:40.167+0000][1][safepoint    ] Leaving safepoint region
[2019-12-08T11:33:40.167+0000][1][safepoint    ] Total time for which application threads were stopped: 0.0000548 seconds, Stopping threads took: 0.0000149 seconds
[2019-12-08T11:33:40.167+0000][1][safepoint    ] Application time: 0.0000525 seconds
[2019-12-08T11:33:40.167+0000][1][safepoint    ] Entering safepoint region: RevokeBias
[2019-12-08T11:33:40.167+0000][1][safepoint    ] Leaving safepoint region
[2019-12-08T11:33:40.167+0000][1][safepoint    ] Total time for which application threads were stopped: 0.0000517 seconds, Stopping threads took: 0.0000079 seconds
[2019-12-08T11:33:40.167+0000][1][safepoint    ] Application time: 0.0000486 seconds
[2019-12-08T11:33:40.167+0000][1][safepoint    ] Entering safepoint region: RevokeBias
[2019-12-08T11:33:40.167+0000][1][safepoint    ] Leaving safepoint region
[2019-12-08T11:33:40.167+0000][1][safepoint    ] Total time for which application threads were stopped: 0.0000424 seconds, Stopping threads took: 0.0000086 seconds
[2019-12-08T11:33:40.172+0000][1][safepoint    ] Application time: 0.0045500 seconds
[2019-12-08T11:33:40.172+0000][1][safepoint    ] Entering safepoint region: RevokeBias
[2019-12-08T11:33:40.172+0000][1][safepoint    ] Leaving safepoint region
[2019-12-08T11:33:40.172+0000][1][safepoint    ] Total time for which application threads were stopped: 0.0000609 seconds, Stopping threads took: 0.0000118 seconds
[2019-12-08T11:33:40.173+0000][1][safepoint    ] Application time: 0.0010894 seconds
[2019-12-08T11:33:40.173+0000][1][safepoint    ] Entering safepoint region: RevokeBias
[2019-12-08T11:33:40.173+0000][1][safepoint    ] Leaving safepoint region
[2019-12-08T11:33:40.173+0000][1][safepoint    ] Total time for which application threads were stopped: 0.0000643 seconds, Stopping threads took: 0.0000135 seconds
[2019-12-08T11:33:40.178+0000][1][safepoint    ] Application time: 0.0053949 seconds
[2019-12-08T11:33:40.178+0000][1][safepoint    ] Entering safepoint region: RevokeBias
[2019-12-08T11:33:40.178+0000][1][safepoint    ] Leaving safepoint region
[2019-12-08T11:33:40.178+0000][1][safepoint    ] Total time for which application threads were stopped: 0.0000596 seconds, Stopping threads took: 0.0000133 seconds
[2019-12-08T11:33:40.181+0000][1][safepoint    ] Application time: 0.0022728 seconds
[2019-12-08T11:33:40.181+0000][1][safepoint    ] Entering safepoint region: RevokeBias
[2019-12-08T11:33:40.181+0000][1][safepoint    ] Leaving safepoint region
[2019-12-08T11:33:40.181+0000][1][safepoint    ] Total time for which application threads were stopped: 0.0000638 seconds, Stopping threads took: 0.0000123 seconds
[2019-12-08T11:33:40.182+0000][1][safepoint    ] Application time: 0.0012709 seconds
[2019-12-08T11:33:40.182+0000][1][safepoint    ] Entering safepoint region: RevokeBias
[2019-12-08T11:33:40.182+0000][1][safepoint    ] Leaving safepoint region
[2019-12-08T11:33:40.182+0000][1][safepoint    ] Total time for which application threads were stopped: 0.0000607 seconds, Stopping threads took: 0.0000123 seconds
[2019-12-08T11:33:40.191+0000][1][safepoint    ] Application time: 0.0086575 seconds
[2019-12-08T11:33:40.191+0000][1][safepoint    ] Entering safepoint region: RevokeBias
[2019-12-08T11:33:40.191+0000][1][safepoint    ] Leaving safepoint region
[2019-12-08T11:33:40.191+0000][1][safepoint    ] Total time for which application threads were stopped: 0.0000571 seconds, Stopping threads took: 0.0000137 seconds
[2019-12-08T11:33:40.242+0000][1][safepoint    ] Application time: 0.0509228 seconds
[2019-12-08T11:33:40.242+0000][1][safepoint    ] Entering safepoint region: RevokeBias
[2019-12-08T11:33:40.242+0000][1][safepoint    ] Leaving safepoint region
[2019-12-08T11:33:40.242+0000][1][safepoint    ] Total time for which application threads were stopped: 0.0000997 seconds, Stopping threads took: 0.0000214 seconds
[2019-12-08T11:33:40.242+0000][1][safepoint    ] Application time: 0.0005975 seconds
[2019-12-08T11:33:40.242+0000][1][safepoint    ] Entering safepoint region: RevokeBias
[2019-12-08T11:33:40.243+0000][1][safepoint    ] Leaving safepoint region
[2019-12-08T11:33:40.243+0000][1][safepoint    ] Total time for which application threads were stopped: 0.0000795 seconds, Stopping threads took: 0.0000162 seconds
[2019-12-08T11:33:40.244+0000][1][safepoint    ] Application time: 0.0012067 seconds
[2019-12-08T11:33:40.244+0000][1][safepoint    ] Entering safepoint region: BulkRevokeBias
[2019-12-08T11:33:40.244+0000][1][safepoint    ] Leaving safepoint region
[2019-12-08T11:33:40.244+0000][1][safepoint    ] Total time for which application threads were stopped: 0.0003102 seconds, Stopping threads took: 0.0000142 seconds
[2019-12-08T11:33:40.700+0000][1][safepoint    ] Application time: 0.4556305 seconds
[2019-12-08T11:33:40.700+0000][1][safepoint    ] Entering safepoint region: RevokeBias
[2019-12-08T11:33:40.700+0000][1][safepoint    ] Leaving safepoint region
[2019-12-08T11:33:40.700+0000][1][safepoint    ] Total time for which application threads were stopped: 0.0001004 seconds, Stopping threads took: 0.0000212 seconds
[2019-12-08T11:33:40.700+0000][1][safepoint    ] Application time: 0.0004685 seconds
[2019-12-08T11:33:40.700+0000][1][safepoint    ] Entering safepoint region: RevokeBias
[2019-12-08T11:33:40.700+0000][1][safepoint    ] Leaving safepoint region
[2019-12-08T11:33:40.700+0000][1][safepoint    ] Total time for which application threads were stopped: 0.0000792 seconds, Stopping threads took: 0.0000163 seconds
[2019-12-08T11:33:41.133+0000][1][safepoint    ] Application time: 0.4323860 seconds
[2019-12-08T11:33:41.133+0000][1][safepoint    ] Entering safepoint region: RevokeBias
[2019-12-08T11:33:41.133+0000][1][safepoint    ] Leaving safepoint region
[2019-12-08T11:33:41.133+0000][1][safepoint    ] Total time for which application threads were stopped: 0.0001360 seconds, Stopping threads took: 0.0000422 seconds
[2019-12-08T11:33:41.133+0000][1][safepoint    ] Application time: 0.0002732 seconds
[2019-12-08T11:33:41.133+0000][1][safepoint    ] Entering safepoint region: RevokeBias
[2019-12-08T11:33:41.133+0000][1][safepoint    ] Leaving safepoint region
[2019-12-08T11:33:41.133+0000][1][safepoint    ] Total time for which application threads were stopped: 0.0000766 seconds, Stopping threads took: 0.0000135 seconds
[2019-12-08T11:33:41.134+0000][1][safepoint    ] Application time: 0.0003431 seconds
[2019-12-08T11:33:41.134+0000][1][safepoint    ] Entering safepoint region: RevokeBias
[2019-12-08T11:33:41.134+0000][1][safepoint    ] Leaving safepoint region
[2019-12-08T11:33:41.134+0000][1][safepoint    ] Total time for which application threads were stopped: 0.0000667 seconds, Stopping threads took: 0.0000132 seconds
[2019-12-08T11:33:41.135+0000][1][safepoint    ] Application time: 0.0008437 seconds
[2019-12-08T11:33:41.135+0000][1][safepoint    ] Entering safepoint region: RevokeBias
[2019-12-08T11:33:41.135+0000][1][safepoint    ] Leaving safepoint region
[2019-12-08T11:33:41.135+0000][1][safepoint    ] Total time for which application threads were stopped: 0.0000928 seconds, Stopping threads took: 0.0000141 seconds
[2019-12-08T11:33:41.162+0000][1][safepoint    ] Application time: 0.0272373 seconds
[2019-12-08T11:33:41.162+0000][1][safepoint    ] Entering safepoint region: RevokeBias
[2019-12-08T11:33:41.162+0000][1][safepoint    ] Leaving safepoint region
[2019-12-08T11:33:41.162+0000][1][safepoint    ] Total time for which application threads were stopped: 0.0001475 seconds, Stopping threads took: 0.0000663 seconds
[2019-12-08T11:33:41.162+0000][1][safepoint    ] Application time: 0.0000971 seconds
[2019-12-08T11:33:41.162+0000][1][safepoint    ] Entering safepoint region: RevokeBias
[2019-12-08T11:33:41.162+0000][1][safepoint    ] Leaving safepoint region
[2019-12-08T11:33:41.162+0000][1][safepoint    ] Total time for which application threads were stopped: 0.0000605 seconds, Stopping threads took: 0.0000114 seconds
[2019-12-08T11:33:41.163+0000][1][safepoint    ] Application time: 0.0002892 seconds
[2019-12-08T11:33:41.163+0000][1][safepoint    ] Entering safepoint region: RevokeBias
[2019-12-08T11:33:41.163+0000][1][safepoint    ] Leaving safepoint region
[2019-12-08T11:33:41.163+0000][1][safepoint    ] Total time for which application threads were stopped: 0.0001023 seconds, Stopping threads took: 0.0000287 seconds
[2019-12-08T11:33:41.185+0000][1][safepoint    ] Application time: 0.0220220 seconds
[2019-12-08T11:33:41.213+0000][1][safepoint    ] Entering safepoint region: RevokeBias
[2019-12-08T11:33:41.214+0000][1][safepoint    ] Leaving safepoint region
[2019-12-08T11:33:41.214+0000][1][safepoint    ] Total time for which application threads were stopped: 0.0290783 seconds, Stopping threads took: 0.0279010 seconds
[2019-12-08T11:33:41.216+0000][1][safepoint    ] Application time: 0.0018591 seconds
[2019-12-08T11:33:41.216+0000][1][safepoint    ] Entering safepoint region: RevokeBias
[2019-12-08T11:33:41.216+0000][1][safepoint    ] Leaving safepoint region
[2019-12-08T11:33:41.216+0000][1][safepoint    ] Total time for which application threads were stopped: 0.0001572 seconds, Stopping threads took: 0.0000763 seconds
[2019-12-08T11:33:41.217+0000][1][safepoint    ] Application time: 0.0008878 seconds
[2019-12-08T11:33:41.217+0000][1][safepoint    ] Entering safepoint region: RevokeBias
[2019-12-08T11:33:41.217+0000][1][safepoint    ] Leaving safepoint region
[2019-12-08T11:33:41.217+0000][1][safepoint    ] Total time for which application threads were stopped: 0.0000826 seconds, Stopping threads took: 0.0000135 seconds
[2019-12-08T11:33:41.218+0000][1][safepoint    ] Application time: 0.0013790 seconds
[2019-12-08T11:33:41.218+0000][1][safepoint    ] Entering safepoint region: BulkRevokeBias
[2019-12-08T11:33:41.219+0000][1][safepoint    ] Leaving safepoint region
[2019-12-08T11:33:41.219+0000][1][safepoint    ] Total time for which application threads were stopped: 0.0004540 seconds, Stopping threads took: 0.0000121 seconds
[2019-12-08T11:33:41.220+0000][1][safepoint    ] Application time: 0.0011774 seconds
[2019-12-08T11:33:41.220+0000][1][safepoint    ] Entering safepoint region: RevokeBias
[2019-12-08T11:33:41.220+0000][1][safepoint    ] Leaving safepoint region
[2019-12-08T11:33:41.220+0000][1][safepoint    ] Total time for which application threads were stopped: 0.0000708 seconds, Stopping threads took: 0.0000122 seconds
[2019-12-08T11:33:41.221+0000][1][safepoint    ] Application time: 0.0007278 seconds
[2019-12-08T11:33:41.221+0000][1][safepoint    ] Entering safepoint region: RevokeBias
[2019-12-08T11:33:41.221+0000][1][safepoint    ] Leaving safepoint region
[2019-12-08T11:33:41.221+0000][1][safepoint    ] Total time for which application threads were stopped: 0.0000730 seconds, Stopping threads took: 0.0000132 seconds
[2019-12-08T11:33:41.221+0000][1][safepoint    ] Application time: 0.0003036 seconds
[2019-12-08T11:33:41.221+0000][1][safepoint    ] Entering safepoint region: RevokeBias
[2019-12-08T11:33:41.221+0000][1][safepoint    ] Leaving safepoint region
[2019-12-08T11:33:41.221+0000][1][safepoint    ] Total time for which application threads were stopped: 0.0000615 seconds, Stopping threads took: 0.0000108 seconds
[2019-12-08T11:33:41.233+0000][1][safepoint    ] Application time: 0.0117054 seconds
[2019-12-08T11:33:41.233+0000][1][safepoint    ] Entering safepoint region: RevokeBias
[2019-12-08T11:33:41.233+0000][1][safepoint    ] Leaving safepoint region
[2019-12-08T11:33:41.233+0000][1][safepoint    ] Total time for which application threads were stopped: 0.0001532 seconds, Stopping threads took: 0.0000775 seconds
[2019-12-08T11:33:41.250+0000][1][safepoint    ] Application time: 0.0169630 seconds
[2019-12-08T11:33:41.250+0000][1][safepoint    ] Entering safepoint region: RevokeBias
[2019-12-08T11:33:41.250+0000][1][safepoint    ] Leaving safepoint region
[2019-12-08T11:33:41.250+0000][1][safepoint    ] Total time for which application threads were stopped: 0.0001281 seconds, Stopping threads took: 0.0000494 seconds
[2019-12-08T11:33:41.251+0000][1][safepoint    ] Application time: 0.0009989 seconds
[2019-12-08T11:33:41.251+0000][1][safepoint    ] Entering safepoint region: RevokeBias
[2019-12-08T11:33:41.251+0000][1][safepoint    ] Leaving safepoint region
[2019-12-08T11:33:41.251+0000][1][safepoint    ] Total time for which application threads were stopped: 0.0000782 seconds, Stopping threads took: 0.0000161 seconds
[2019-12-08T11:33:41.260+0000][1][safepoint    ] Application time: 0.0088551 seconds
[2019-12-08T11:33:41.260+0000][1][safepoint    ] Entering safepoint region: RevokeBias
[2019-12-08T11:33:41.260+0000][1][safepoint    ] Leaving safepoint region
[2019-12-08T11:33:41.260+0000][1][safepoint    ] Total time for which application threads were stopped: 0.0000655 seconds, Stopping threads took: 0.0000151 seconds
[2019-12-08T11:33:41.369+0000][1][safepoint    ] Application time: 0.1083229 seconds
[2019-12-08T11:33:41.369+0000][1][safepoint    ] Entering safepoint region: RevokeBias
[2019-12-08T11:33:41.369+0000][1][safepoint    ] Leaving safepoint region
[2019-12-08T11:33:41.369+0000][1][safepoint    ] Total time for which application threads were stopped: 0.0001212 seconds, Stopping threads took: 0.0000201 seconds
[2019-12-08T11:33:41.369+0000][1][safepoint    ] Application time: 0.0004393 seconds
[2019-12-08T11:33:41.369+0000][1][safepoint    ] Entering safepoint region: RevokeBias
[2019-12-08T11:33:41.369+0000][1][safepoint    ] Leaving safepoint region
[2019-12-08T11:33:41.369+0000][1][safepoint    ] Total time for which application threads were stopped: 0.0000837 seconds, Stopping threads took: 0.0000171 seconds
[2019-12-08T11:33:41.415+0000][1][safepoint    ] Application time: 0.0456085 seconds
[2019-12-08T11:33:41.415+0000][1][safepoint    ] Entering safepoint region: RevokeBias
[2019-12-08T11:33:41.415+0000][1][safepoint    ] Leaving safepoint region
[2019-12-08T11:33:41.415+0000][1][safepoint    ] Total time for which application threads were stopped: 0.0001003 seconds, Stopping threads took: 0.0000182 seconds
[2019-12-08T11:33:41.449+0000][1][safepoint    ] Application time: 0.0335323 seconds
[2019-12-08T11:33:41.449+0000][1][safepoint    ] Entering safepoint region: RevokeBias
[2019-12-08T11:33:41.449+0000][1][safepoint    ] Leaving safepoint region
[2019-12-08T11:33:41.449+0000][1][safepoint    ] Total time for which application threads were stopped: 0.0002119 seconds, Stopping threads took: 0.0000368 seconds
[2019-12-08T11:33:41.449+0000][1][safepoint    ] Application time: 0.0003709 seconds
[2019-12-08T11:33:41.449+0000][1][safepoint    ] Entering safepoint region: RevokeBias
[2019-12-08T11:33:41.449+0000][1][safepoint    ] Leaving safepoint region
[2019-12-08T11:33:41.449+0000][1][safepoint    ] Total time for which application threads were stopped: 0.0001086 seconds, Stopping threads took: 0.0000144 seconds
[2019-12-08T11:33:41.450+0000][1][safepoint    ] Application time: 0.0003110 seconds
[2019-12-08T11:33:41.450+0000][1][safepoint    ] Entering safepoint region: RevokeBias
[2019-12-08T11:33:41.450+0000][1][safepoint    ] Leaving safepoint region
[2019-12-08T11:33:41.450+0000][1][safepoint    ] Total time for which application threads were stopped: 0.0000997 seconds, Stopping threads took: 0.0000139 seconds
[2019-12-08T11:33:41.450+0000][1][safepoint    ] Application time: 0.0002867 seconds
[2019-12-08T11:33:41.450+0000][1][safepoint    ] Entering safepoint region: RevokeBias
[2019-12-08T11:33:41.450+0000][1][safepoint    ] Leaving safepoint region
[2019-12-08T11:33:41.450+0000][1][safepoint    ] Total time for which application threads were stopped: 0.0001059 seconds, Stopping threads took: 0.0000131 seconds
[2019-12-08T11:33:41.450+0000][1][safepoint    ] Application time: 0.0001823 seconds
[2019-12-08T11:33:41.451+0000][1][safepoint    ] Entering safepoint region: RevokeBias
[2019-12-08T11:33:41.451+0000][1][safepoint    ] Leaving safepoint region
[2019-12-08T11:33:41.451+0000][1][safepoint    ] Total time for which application threads were stopped: 0.0001600 seconds, Stopping threads took: 0.0000115 seconds
[2019-12-08T11:33:41.451+0000][1][safepoint    ] Application time: 0.0002603 seconds
[2019-12-08T11:33:41.451+0000][1][safepoint    ] Entering safepoint region: RevokeBias
[2019-12-08T11:33:41.451+0000][1][safepoint    ] Leaving safepoint region
[2019-12-08T11:33:41.451+0000][1][safepoint    ] Total time for which application threads were stopped: 0.0000915 seconds, Stopping threads took: 0.0000127 seconds
[2019-12-08T11:33:41.458+0000][1][safepoint    ] Application time: 0.0067522 seconds
[2019-12-08T11:33:41.458+0000][1][safepoint    ] Entering safepoint region: RevokeBias
[2019-12-08T11:33:41.458+0000][1][safepoint    ] Leaving safepoint region
[2019-12-08T11:33:41.458+0000][1][safepoint    ] Total time for which application threads were stopped: 0.0001351 seconds, Stopping threads took: 0.0000122 seconds
[2019-12-08T11:33:41.458+0000][1][safepoint    ] Application time: 0.0000728 seconds
[2019-12-08T11:33:41.458+0000][1][safepoint    ] Entering safepoint region: RevokeBias
[2019-12-08T11:33:41.458+0000][1][safepoint    ] Leaving safepoint region
[2019-12-08T11:33:41.458+0000][1][safepoint    ] Total time for which application threads were stopped: 0.0000464 seconds, Stopping threads took: 0.0000089 seconds
[2019-12-08T11:33:41.463+0000][1][safepoint    ] Application time: 0.0044026 seconds
[2019-12-08T11:33:41.463+0000][1][safepoint    ] Entering safepoint region: RevokeBias
[2019-12-08T11:33:41.463+0000][1][safepoint    ] Leaving safepoint region
[2019-12-08T11:33:41.463+0000][1][safepoint    ] Total time for which application threads were stopped: 0.0008995 seconds, Stopping threads took: 0.0000114 seconds
[2019-12-08T11:33:41.465+0000][1][safepoint    ] Application time: 0.0011075 seconds
[2019-12-08T11:33:41.465+0000][1][safepoint    ] Entering safepoint region: RevokeBias
[2019-12-08T11:33:41.465+0000][1][safepoint    ] Leaving safepoint region
[2019-12-08T11:33:41.465+0000][1][safepoint    ] Total time for which application threads were stopped: 0.0001089 seconds, Stopping threads took: 0.0000127 seconds
[2019-12-08T11:33:41.466+0000][1][safepoint    ] Application time: 0.0016078 seconds
[2019-12-08T11:33:41.466+0000][1][safepoint    ] Entering safepoint region: RevokeBias
[2019-12-08T11:33:41.467+0000][1][safepoint    ] Leaving safepoint region
[2019-12-08T11:33:41.467+0000][1][safepoint    ] Total time for which application threads were stopped: 0.0008105 seconds, Stopping threads took: 0.0000129 seconds
[2019-12-08T11:33:41.703+0000][1][safepoint    ] Application time: 0.2356387 seconds
[2019-12-08T11:33:41.703+0000][1][safepoint    ] Entering safepoint region: RevokeBias
[2019-12-08T11:33:41.703+0000][1][safepoint    ] Leaving safepoint region
[2019-12-08T11:33:41.703+0000][1][safepoint    ] Total time for which application threads were stopped: 0.0001156 seconds, Stopping threads took: 0.0000202 seconds
[2019-12-08T11:33:41.713+0000][1][safepoint    ] Application time: 0.0102966 seconds
[2019-12-08T11:33:41.718+0000][1][safepoint    ] Entering safepoint region: RevokeBias
[2019-12-08T11:33:41.718+0000][1][safepoint    ] Leaving safepoint region
[2019-12-08T11:33:41.718+0000][1][safepoint    ] Total time for which application threads were stopped: 0.0052163 seconds, Stopping threads took: 0.0051387 seconds
[2019-12-08T11:33:41.725+0000][1][safepoint    ] Application time: 0.0062098 seconds
[2019-12-08T11:33:41.725+0000][1][safepoint    ] Entering safepoint region: BulkRevokeBias
[2019-12-08T11:33:41.725+0000][1][safepoint    ] Leaving safepoint region
[2019-12-08T11:33:41.725+0000][1][safepoint    ] Total time for which application threads were stopped: 0.0002960 seconds, Stopping threads took: 0.0000167 seconds
[2019-12-08T11:33:41.901+0000][1][safepoint    ] Application time: 0.1757885 seconds
[2019-12-08T11:33:41.901+0000][1][safepoint    ] Entering safepoint region: RevokeBias
[2019-12-08T11:33:41.901+0000][1][safepoint    ] Leaving safepoint region
[2019-12-08T11:33:41.901+0000][1][safepoint    ] Total time for which application threads were stopped: 0.0001241 seconds, Stopping threads took: 0.0000208 seconds
[2019-12-08T11:33:41.901+0000][1][safepoint    ] Application time: 0.0000603 seconds
[2019-12-08T11:33:41.901+0000][1][safepoint    ] Entering safepoint region: RevokeBias
[2019-12-08T11:33:41.901+0000][1][safepoint    ] Leaving safepoint region
[2019-12-08T11:33:41.901+0000][1][safepoint    ] Total time for which application threads were stopped: 0.0000636 seconds, Stopping threads took: 0.0000128 seconds
[2019-12-08T11:33:42.229+0000][1][safepoint    ] Application time: 0.3275956 seconds
[2019-12-08T11:33:42.229+0000][1][safepoint    ] Entering safepoint region: RevokeBias
[2019-12-08T11:33:42.229+0000][1][safepoint    ] Leaving safepoint region
[2019-12-08T11:33:42.229+0000][1][safepoint    ] Total time for which application threads were stopped: 0.0001367 seconds, Stopping threads took: 0.0000219 seconds
[2019-12-08T11:33:42.232+0000][1][safepoint    ] Application time: 0.0029441 seconds
[2019-12-08T11:33:42.232+0000][1][safepoint    ] Entering safepoint region: RevokeBias
[2019-12-08T11:33:42.232+0000][1][safepoint    ] Leaving safepoint region
[2019-12-08T11:33:42.232+0000][1][safepoint    ] Total time for which application threads were stopped: 0.0001355 seconds, Stopping threads took: 0.0000180 seconds
[2019-12-08T11:33:42.233+0000][1][safepoint    ] Application time: 0.0005505 seconds
[2019-12-08T11:33:42.233+0000][1][safepoint    ] Entering safepoint region: RevokeBias
[2019-12-08T11:33:42.233+0000][1][safepoint    ] Leaving safepoint region
[2019-12-08T11:33:42.233+0000][1][safepoint    ] Total time for which application threads were stopped: 0.0000884 seconds, Stopping threads took: 0.0000151 seconds
[2019-12-08T11:33:42.233+0000][1][safepoint    ] Application time: 0.0005388 seconds
[2019-12-08T11:33:42.233+0000][1][safepoint    ] Entering safepoint region: RevokeBias
[2019-12-08T11:33:42.233+0000][1][safepoint    ] Leaving safepoint region
[2019-12-08T11:33:42.233+0000][1][safepoint    ] Total time for which application threads were stopped: 0.0000939 seconds, Stopping threads took: 0.0000163 seconds
[2019-12-08T11:33:42.236+0000][1][safepoint    ] Application time: 0.0024034 seconds
[2019-12-08T11:33:42.236+0000][1][safepoint    ] Entering safepoint region: RevokeBias
[2019-12-08T11:33:42.236+0000][1][safepoint    ] Leaving safepoint region
[2019-12-08T11:33:42.236+0000][1][safepoint    ] Total time for which application threads were stopped: 0.0001400 seconds, Stopping threads took: 0.0000681 seconds
[2019-12-08T11:33:42.236+0000][1][safepoint    ] Application time: 0.0005601 seconds
[2019-12-08T11:33:42.236+0000][1][safepoint    ] Entering safepoint region: RevokeBias
[2019-12-08T11:33:42.237+0000][1][safepoint    ] Leaving safepoint region
[2019-12-08T11:33:42.237+0000][1][safepoint    ] Total time for which application threads were stopped: 0.0000825 seconds, Stopping threads took: 0.0000138 seconds
[2019-12-08T11:33:42.238+0000][1][safepoint    ] Application time: 0.0016450 seconds
[2019-12-08T11:33:42.238+0000][1][safepoint    ] Entering safepoint region: RevokeBias
[2019-12-08T11:33:42.238+0000][1][safepoint    ] Leaving safepoint region
[2019-12-08T11:33:42.238+0000][1][safepoint    ] Total time for which application threads were stopped: 0.0001010 seconds, Stopping threads took: 0.0000138 seconds
[2019-12-08T11:33:42.238+0000][1][safepoint    ] Application time: 0.0000579 seconds
[2019-12-08T11:33:42.238+0000][1][safepoint    ] Entering safepoint region: RevokeBias
[2019-12-08T11:33:42.238+0000][1][safepoint    ] Leaving safepoint region
[2019-12-08T11:33:42.238+0000][1][safepoint    ] Total time for which application threads were stopped: 0.0000641 seconds, Stopping threads took: 0.0000098 seconds
[2019-12-08T11:33:42.252+0000][1][safepoint    ] Application time: 0.0134433 seconds
[2019-12-08T11:33:42.252+0000][1][safepoint    ] Entering safepoint region: RevokeBias
[2019-12-08T11:33:42.252+0000][1][safepoint    ] Leaving safepoint region
[2019-12-08T11:33:42.252+0000][1][safepoint    ] Total time for which application threads were stopped: 0.0000784 seconds, Stopping threads took: 0.0000124 seconds
[2019-12-08T11:33:42.254+0000][1][safepoint    ] Application time: 0.0023414 seconds
[2019-12-08T11:33:42.254+0000][1][safepoint    ] Entering safepoint region: RevokeBias
[2019-12-08T11:33:42.255+0000][1][safepoint    ] Leaving safepoint region
[2019-12-08T11:33:42.255+0000][1][safepoint    ] Total time for which application threads were stopped: 0.0000992 seconds, Stopping threads took: 0.0000150 seconds
[2019-12-08T11:33:42.255+0000][1][safepoint    ] Application time: 0.0000604 seconds
[2019-12-08T11:33:42.255+0000][1][safepoint    ] Entering safepoint region: RevokeBias
[2019-12-08T11:33:42.255+0000][1][safepoint    ] Leaving safepoint region
[2019-12-08T11:33:42.255+0000][1][safepoint    ] Total time for which application threads were stopped: 0.0000711 seconds, Stopping threads took: 0.0000105 seconds
[2019-12-08T11:33:42.255+0000][1][safepoint    ] Application time: 0.0002307 seconds
[2019-12-08T11:33:42.283+0000][1][safepoint    ] Entering safepoint region: RevokeBias
[2019-12-08T11:33:42.283+0000][1][safepoint    ] Leaving safepoint region
[2019-12-08T11:33:42.283+0000][1][safepoint    ] Total time for which application threads were stopped: 0.0284655 seconds, Stopping threads took: 0.0283556 seconds
[2019-12-08T11:33:42.306+0000][1][safepoint    ] Application time: 0.0227495 seconds
[2019-12-08T11:33:42.306+0000][1][safepoint    ] Entering safepoint region: RevokeBias
[2019-12-08T11:33:42.307+0000][1][safepoint    ] Leaving safepoint region
[2019-12-08T11:33:42.307+0000][1][safepoint    ] Total time for which application threads were stopped: 0.0004825 seconds, Stopping threads took: 0.0000187 seconds
[2019-12-08T11:33:42.322+0000][1][safepoint    ] Application time: 0.0152217 seconds
[2019-12-08T11:33:42.326+0000][1][safepoint    ] Entering safepoint region: RevokeBias
[2019-12-08T11:33:42.326+0000][1][safepoint    ] Leaving safepoint region
[2019-12-08T11:33:42.326+0000][1][safepoint    ] Total time for which application threads were stopped: 0.0042901 seconds, Stopping threads took: 0.0041954 seconds
[2019-12-08T11:33:42.342+0000][1][safepoint    ] Application time: 0.0154875 seconds
[2019-12-08T11:33:42.342+0000][1][safepoint    ] Entering safepoint region: RevokeBias
[2019-12-08T11:33:42.342+0000][1][safepoint    ] Leaving safepoint region
[2019-12-08T11:33:42.342+0000][1][safepoint    ] Total time for which application threads were stopped: 0.0005760 seconds, Stopping threads took: 0.0004862 seconds
[2019-12-08T11:33:42.410+0000][1][safepoint    ] Application time: 0.0678509 seconds
[2019-12-08T11:33:42.472+0000][1][safepoint    ] Entering safepoint region: RevokeBias
[2019-12-08T11:33:42.472+0000][1][safepoint    ] Leaving safepoint region
[2019-12-08T11:33:42.472+0000][1][safepoint    ] Total time for which application threads were stopped: 0.0616455 seconds, Stopping threads took: 0.0615459 seconds
[2019-12-08T11:33:42.508+0000][1][safepoint    ] Application time: 0.0358694 seconds
[2019-12-08T11:33:42.508+0000][1][safepoint    ] Entering safepoint region: RevokeBias
[2019-12-08T11:33:42.508+0000][1][safepoint    ] Leaving safepoint region
[2019-12-08T11:33:42.508+0000][1][safepoint    ] Total time for which application threads were stopped: 0.0001485 seconds, Stopping threads took: 0.0000544 seconds
[2019-12-08T11:33:42.508+0000][1][safepoint    ] Application time: 0.0001914 seconds
[2019-12-08T11:33:42.508+0000][1][safepoint    ] Entering safepoint region: RevokeBias
[2019-12-08T11:33:42.508+0000][1][safepoint    ] Leaving safepoint region
[2019-12-08T11:33:42.508+0000][1][safepoint    ] Total time for which application threads were stopped: 0.0000684 seconds, Stopping threads took: 0.0000120 seconds
[2019-12-08T11:33:42.517+0000][1][safepoint    ] Application time: 0.0089896 seconds
[2019-12-08T11:33:42.517+0000][1][safepoint    ] Entering safepoint region: RevokeBias
[2019-12-08T11:33:42.517+0000][1][safepoint    ] Leaving safepoint region
[2019-12-08T11:33:42.517+0000][1][safepoint    ] Total time for which application threads were stopped: 0.0000975 seconds, Stopping threads took: 0.0000152 seconds
[2019-12-08T11:33:42.517+0000][1][safepoint    ] Application time: 0.0000614 seconds
[2019-12-08T11:33:42.517+0000][1][safepoint    ] Entering safepoint region: RevokeBias
[2019-12-08T11:33:42.517+0000][1][safepoint    ] Leaving safepoint region
[2019-12-08T11:33:42.517+0000][1][safepoint    ] Total time for which application threads were stopped: 0.0000598 seconds, Stopping threads took: 0.0000097 seconds
[2019-12-08T11:33:42.518+0000][1][safepoint    ] Application time: 0.0000685 seconds
[2019-12-08T11:33:42.518+0000][1][safepoint    ] Entering safepoint region: RevokeBias
[2019-12-08T11:33:42.518+0000][1][safepoint    ] Leaving safepoint region
[2019-12-08T11:33:42.518+0000][1][safepoint    ] Total time for which application threads were stopped: 0.0000567 seconds, Stopping threads took: 0.0000090 seconds
[2019-12-08T11:33:42.519+0000][1][safepoint    ] Application time: 0.0009485 seconds
[2019-12-08T11:33:42.519+0000][1][safepoint    ] Entering safepoint region: RevokeBias
[2019-12-08T11:33:42.519+0000][1][safepoint    ] Leaving safepoint region
[2019-12-08T11:33:42.519+0000][1][safepoint    ] Total time for which application threads were stopped: 0.0000778 seconds, Stopping threads took: 0.0000144 seconds
[2019-12-08T11:33:42.519+0000][1][safepoint    ] Application time: 0.0001672 seconds
[2019-12-08T11:33:42.519+0000][1][safepoint    ] Entering safepoint region: RevokeBias
[2019-12-08T11:33:42.519+0000][1][safepoint    ] Leaving safepoint region
[2019-12-08T11:33:42.519+0000][1][safepoint    ] Total time for which application threads were stopped: 0.0000635 seconds, Stopping threads took: 0.0000108 seconds
[2019-12-08T11:33:42.519+0000][1][safepoint    ] Application time: 0.0000556 seconds
[2019-12-08T11:33:42.519+0000][1][safepoint    ] Entering safepoint region: RevokeBias
[2019-12-08T11:33:42.519+0000][1][safepoint    ] Leaving safepoint region
[2019-12-08T11:33:42.519+0000][1][safepoint    ] Total time for which application threads were stopped: 0.0000517 seconds, Stopping threads took: 0.0000090 seconds
[2019-12-08T11:33:42.722+0000][1][safepoint    ] Application time: 0.2031697 seconds
[2019-12-08T11:33:42.722+0000][1][safepoint    ] Entering safepoint region: RevokeBias
[2019-12-08T11:33:42.722+0000][1][safepoint    ] Leaving safepoint region
[2019-12-08T11:33:42.722+0000][1][safepoint    ] Total time for which application threads were stopped: 0.0001042 seconds, Stopping threads took: 0.0000216 seconds
[2019-12-08T11:33:42.729+0000][1][safepoint    ] Application time: 0.0070479 seconds
[2019-12-08T11:33:42.729+0000][1][safepoint    ] Entering safepoint region: RevokeBias
[2019-12-08T11:33:42.729+0000][1][safepoint    ] Leaving safepoint region
[2019-12-08T11:33:42.729+0000][1][safepoint    ] Total time for which application threads were stopped: 0.0000855 seconds, Stopping threads took: 0.0000184 seconds
[2019-12-08T11:33:42.744+0000][1][safepoint    ] Application time: 0.0142224 seconds
[2019-12-08T11:33:42.744+0000][1][safepoint    ] Entering safepoint region: RevokeBias
[2019-12-08T11:33:42.744+0000][1][safepoint    ] Leaving safepoint region
[2019-12-08T11:33:42.744+0000][1][safepoint    ] Total time for which application threads were stopped: 0.0000966 seconds, Stopping threads took: 0.0000188 seconds
[2019-12-08T11:33:42.824+0000][1][safepoint    ] Application time: 0.0799969 seconds
[2019-12-08T11:33:42.848+0000][1][safepoint    ] Entering safepoint region: RevokeBias
[2019-12-08T11:33:42.848+0000][1][safepoint    ] Leaving safepoint region
[2019-12-08T11:33:42.848+0000][1][safepoint    ] Total time for which application threads were stopped: 0.0239543 seconds, Stopping threads took: 0.0238679 seconds
[2019-12-08T11:33:42.871+0000][1][safepoint    ] Application time: 0.0228395 seconds
[2019-12-08T11:33:42.871+0000][1][safepoint    ] Entering safepoint region: RevokeBias
[2019-12-08T11:33:42.871+0000][1][safepoint    ] Leaving safepoint region
[2019-12-08T11:33:42.871+0000][1][safepoint    ] Total time for which application threads were stopped: 0.0001529 seconds, Stopping threads took: 0.0000695 seconds
[2019-12-08T11:33:42.871+0000][1][safepoint    ] Application time: 0.0002794 seconds
[2019-12-08T11:33:42.871+0000][1][safepoint    ] Entering safepoint region: RevokeBias
[2019-12-08T11:33:42.871+0000][1][safepoint    ] Leaving safepoint region
[2019-12-08T11:33:42.871+0000][1][safepoint    ] Total time for which application threads were stopped: 0.0000777 seconds, Stopping threads took: 0.0000155 seconds
[2019-12-08T11:33:42.871+0000][1][safepoint    ] Application time: 0.0000528 seconds
[2019-12-08T11:33:42.871+0000][1][safepoint    ] Entering safepoint region: RevokeBias
[2019-12-08T11:33:42.871+0000][1][safepoint    ] Leaving safepoint region
[2019-12-08T11:33:42.871+0000][1][safepoint    ] Total time for which application threads were stopped: 0.0000493 seconds, Stopping threads took: 0.0000101 seconds
[2019-12-08T11:33:42.872+0000][1][safepoint    ] Application time: 0.0001691 seconds
[2019-12-08T11:33:42.872+0000][1][safepoint    ] Entering safepoint region: RevokeBias
[2019-12-08T11:33:42.872+0000][1][safepoint    ] Leaving safepoint region
[2019-12-08T11:33:42.872+0000][1][safepoint    ] Total time for which application threads were stopped: 0.0000610 seconds, Stopping threads took: 0.0000131 seconds
[2019-12-08T11:33:42.873+0000][1][safepoint    ] Application time: 0.0014637 seconds
[2019-12-08T11:33:42.873+0000][1][safepoint    ] Entering safepoint region: RevokeBias
[2019-12-08T11:33:42.873+0000][1][safepoint    ] Leaving safepoint region
[2019-12-08T11:33:42.873+0000][1][safepoint    ] Total time for which application threads were stopped: 0.0000766 seconds, Stopping threads took: 0.0000186 seconds
[2019-12-08T11:33:42.873+0000][1][safepoint    ] Application time: 0.0002894 seconds
[2019-12-08T11:33:42.873+0000][1][safepoint    ] Entering safepoint region: RevokeBias
[2019-12-08T11:33:42.874+0000][1][safepoint    ] Leaving safepoint region
[2019-12-08T11:33:42.874+0000][1][safepoint    ] Total time for which application threads were stopped: 0.0000597 seconds, Stopping threads took: 0.0000125 seconds
[2019-12-08T11:33:42.880+0000][1][safepoint    ] Application time: 0.0059578 seconds
[2019-12-08T11:33:42.880+0000][1][safepoint    ] Entering safepoint region: RevokeBias
[2019-12-08T11:33:42.880+0000][1][safepoint    ] Leaving safepoint region
[2019-12-08T11:33:42.880+0000][1][safepoint    ] Total time for which application threads were stopped: 0.0000726 seconds, Stopping threads took: 0.0000157 seconds
[2019-12-08T11:33:42.880+0000][1][safepoint    ] Application time: 0.0000529 seconds
[2019-12-08T11:33:42.880+0000][1][safepoint    ] Entering safepoint region: RevokeBias
[2019-12-08T11:33:42.880+0000][1][safepoint    ] Leaving safepoint region
[2019-12-08T11:33:42.880+0000][1][safepoint    ] Total time for which application threads were stopped: 0.0000523 seconds, Stopping threads took: 0.0000098 seconds
[2019-12-08T11:33:43.088+0000][1][safepoint    ] Application time: 0.2079487 seconds
[2019-12-08T11:33:43.088+0000][1][safepoint    ] Entering safepoint region: Deoptimize
[2019-12-08T11:33:43.088+0000][1][safepoint    ] Leaving safepoint region
[2019-12-08T11:33:43.088+0000][1][safepoint    ] Total time for which application threads were stopped: 0.0006966 seconds, Stopping threads took: 0.0000208 seconds
[2019-12-08T11:33:43.330+0000][1][safepoint    ] Application time: 0.2412615 seconds
[2019-12-08T11:33:43.330+0000][1][safepoint    ] Entering safepoint region: BulkRevokeBias
[2019-12-08T11:33:43.330+0000][1][safepoint    ] Leaving safepoint region
[2019-12-08T11:33:43.330+0000][1][safepoint    ] Total time for which application threads were stopped: 0.0005053 seconds, Stopping threads took: 0.0000217 seconds
[2019-12-08T11:33:43.330+0000][1][safepoint    ] Application time: 0.0000846 seconds
[2019-12-08T11:33:43.330+0000][1][safepoint    ] Entering safepoint region: RevokeBias
[2019-12-08T11:33:43.330+0000][1][safepoint    ] Leaving safepoint region
[2019-12-08T11:33:43.330+0000][1][safepoint    ] Total time for which application threads were stopped: 0.0000697 seconds, Stopping threads took: 0.0000121 seconds
[2019-12-08T11:33:43.348+0000][1][safepoint    ] Application time: 0.0173876 seconds
[2019-12-08T11:33:43.348+0000][1][safepoint    ] Entering safepoint region: RevokeBias
[2019-12-08T11:33:43.348+0000][1][safepoint    ] Leaving safepoint region
[2019-12-08T11:33:43.348+0000][1][safepoint    ] Total time for which application threads were stopped: 0.0000831 seconds, Stopping threads took: 0.0000190 seconds
[2019-12-08T11:33:43.354+0000][1][safepoint    ] Application time: 0.0063424 seconds
[2019-12-08T11:33:43.354+0000][1][safepoint    ] Entering safepoint region: BulkRevokeBias
[2019-12-08T11:33:43.355+0000][1][safepoint    ] Leaving safepoint region
[2019-12-08T11:33:43.355+0000][1][safepoint    ] Total time for which application threads were stopped: 0.0004031 seconds, Stopping threads took: 0.0000187 seconds
[2019-12-08T11:33:43.355+0000][1][safepoint    ] Application time: 0.0002635 seconds
[2019-12-08T11:33:43.355+0000][1][safepoint    ] Entering safepoint region: RevokeBias
[2019-12-08T11:33:43.355+0000][1][safepoint    ] Leaving safepoint region
[2019-12-08T11:33:43.355+0000][1][safepoint    ] Total time for which application threads were stopped: 0.0000674 seconds, Stopping threads took: 0.0000155 seconds
[2019-12-08T11:33:43.579+0000][1][safepoint    ] Application time: 0.2237083 seconds
[2019-12-08T11:33:43.579+0000][1][safepoint    ] Entering safepoint region: RevokeBias
[2019-12-08T11:33:43.579+0000][1][safepoint    ] Leaving safepoint region
[2019-12-08T11:33:43.579+0000][1][safepoint    ] Total time for which application threads were stopped: 0.0001206 seconds, Stopping threads took: 0.0000218 seconds
[2019-12-08T11:33:43.579+0000][1][safepoint    ] Application time: 0.0004065 seconds
[2019-12-08T11:33:43.579+0000][1][safepoint    ] Entering safepoint region: RevokeBias
[2019-12-08T11:33:43.579+0000][1][safepoint    ] Leaving safepoint region
[2019-12-08T11:33:43.579+0000][1][safepoint    ] Total time for which application threads were stopped: 0.0000832 seconds, Stopping threads took: 0.0000152 seconds
[2019-12-08T11:33:43.581+0000][1][safepoint    ] Application time: 0.0015272 seconds
[2019-12-08T11:33:43.581+0000][1][safepoint    ] Entering safepoint region: RevokeBias
[2019-12-08T11:33:43.581+0000][1][safepoint    ] Leaving safepoint region
[2019-12-08T11:33:43.581+0000][1][safepoint    ] Total time for which application threads were stopped: 0.0000754 seconds, Stopping threads took: 0.0000162 seconds
[2019-12-08T11:33:43.581+0000][1][safepoint    ] Application time: 0.0000639 seconds
[2019-12-08T11:33:43.581+0000][1][safepoint    ] Entering safepoint region: RevokeBias
[2019-12-08T11:33:43.581+0000][1][safepoint    ] Leaving safepoint region
[2019-12-08T11:33:43.581+0000][1][safepoint    ] Total time for which application threads were stopped: 0.0000464 seconds, Stopping threads took: 0.0000094 seconds
[2019-12-08T11:33:43.581+0000][1][safepoint    ] Application time: 0.0000515 seconds
[2019-12-08T11:33:43.581+0000][1][safepoint    ] Entering safepoint region: RevokeBias
[2019-12-08T11:33:43.581+0000][1][safepoint    ] Leaving safepoint region
[2019-12-08T11:33:43.581+0000][1][safepoint    ] Total time for which application threads were stopped: 0.0000436 seconds, Stopping threads took: 0.0000090 seconds
[2019-12-08T11:33:43.581+0000][1][safepoint    ] Application time: 0.0000503 seconds
[2019-12-08T11:33:43.581+0000][1][safepoint    ] Entering safepoint region: RevokeBias
[2019-12-08T11:33:43.581+0000][1][safepoint    ] Leaving safepoint region
[2019-12-08T11:33:43.581+0000][1][safepoint    ] Total time for which application threads were stopped: 0.0000429 seconds, Stopping threads took: 0.0000089 seconds
[2019-12-08T11:33:43.581+0000][1][safepoint    ] Application time: 0.0000495 seconds
[2019-12-08T11:33:43.581+0000][1][safepoint    ] Entering safepoint region: RevokeBias
[2019-12-08T11:33:43.582+0000][1][safepoint    ] Leaving safepoint region
[2019-12-08T11:33:43.582+0000][1][safepoint    ] Total time for which application threads were stopped: 0.0000432 seconds, Stopping threads took: 0.0000089 seconds
[2019-12-08T11:33:43.582+0000][1][safepoint    ] Application time: 0.0000595 seconds
[2019-12-08T11:33:43.582+0000][1][safepoint    ] Entering safepoint region: RevokeBias
[2019-12-08T11:33:43.582+0000][1][safepoint    ] Leaving safepoint region
[2019-12-08T11:33:43.582+0000][1][safepoint    ] Total time for which application threads were stopped: 0.0000375 seconds, Stopping threads took: 0.0000077 seconds
[2019-12-08T11:33:43.582+0000][1][safepoint    ] Application time: 0.0000628 seconds
[2019-12-08T11:33:43.582+0000][1][safepoint    ] Entering safepoint region: RevokeBias
[2019-12-08T11:33:43.582+0000][1][safepoint    ] Leaving safepoint region
[2019-12-08T11:33:43.582+0000][1][safepoint    ] Total time for which application threads were stopped: 0.0000478 seconds, Stopping threads took: 0.0000103 seconds
[2019-12-08T11:33:43.582+0000][1][safepoint    ] Application time: 0.0000459 seconds
[2019-12-08T11:33:43.582+0000][1][safepoint    ] Entering safepoint region: RevokeBias
[2019-12-08T11:33:43.582+0000][1][safepoint    ] Leaving safepoint region
[2019-12-08T11:33:43.582+0000][1][safepoint    ] Total time for which application threads were stopped: 0.0000388 seconds, Stopping threads took: 0.0000084 seconds
[2019-12-08T11:33:43.644+0000][1][safepoint    ] Application time: 0.0616867 seconds
[2019-12-08T11:33:43.644+0000][1][safepoint    ] Entering safepoint region: RevokeBias
[2019-12-08T11:33:43.644+0000][1][safepoint    ] Leaving safepoint region
[2019-12-08T11:33:43.644+0000][1][safepoint    ] Total time for which application threads were stopped: 0.0001233 seconds, Stopping threads took: 0.0000223 seconds
[2019-12-08T11:33:43.676+0000][1][safepoint    ] Application time: 0.0321344 seconds
[2019-12-08T11:33:43.679+0000][1][safepoint    ] Entering safepoint region: RevokeBias
[2019-12-08T11:33:43.679+0000][1][safepoint    ] Leaving safepoint region
[2019-12-08T11:33:43.679+0000][1][safepoint    ] Total time for which application threads were stopped: 0.0034034 seconds, Stopping threads took: 0.0033210 seconds
[2019-12-08T11:33:43.680+0000][1][safepoint    ] Application time: 0.0009323 seconds
[2019-12-08T11:33:43.680+0000][1][safepoint    ] Entering safepoint region: RevokeBias
[2019-12-08T11:33:43.680+0000][1][safepoint    ] Leaving safepoint region
[2019-12-08T11:33:43.680+0000][1][safepoint    ] Total time for which application threads were stopped: 0.0000861 seconds, Stopping threads took: 0.0000178 seconds
[2019-12-08T11:33:44.685+0000][1][safepoint    ] Application time: 1.0045873 seconds
[2019-12-08T11:33:44.685+0000][1][safepoint    ] Entering safepoint region: Cleanup
[2019-12-08T11:33:44.685+0000][1][safepoint    ] Leaving safepoint region
[2019-12-08T11:33:44.685+0000][1][safepoint    ] Total time for which application threads were stopped: 0.0000952 seconds, Stopping threads took: 0.0000245 seconds
[2019-12-08T11:33:45.169+0000][1][safepoint    ] Application time: 0.4835445 seconds
[2019-12-08T11:33:45.169+0000][1][safepoint    ] Entering safepoint region: RevokeBias
[2019-12-08T11:33:45.169+0000][1][safepoint    ] Leaving safepoint region
[2019-12-08T11:33:45.169+0000][1][safepoint    ] Total time for which application threads were stopped: 0.0001307 seconds, Stopping threads took: 0.0000217 seconds
[2019-12-08T11:33:45.169+0000][1][safepoint    ] Application time: 0.0001305 seconds
[2019-12-08T11:33:45.169+0000][1][safepoint    ] Entering safepoint region: RevokeBias
[2019-12-08T11:33:45.169+0000][1][safepoint    ] Leaving safepoint region
[2019-12-08T11:33:45.169+0000][1][safepoint    ] Total time for which application threads were stopped: 0.0000768 seconds, Stopping threads took: 0.0000131 seconds
[2019-12-08T11:33:45.170+0000][1][safepoint    ] Application time: 0.0005814 seconds
[2019-12-08T11:33:45.170+0000][1][safepoint    ] Entering safepoint region: RevokeBias
[2019-12-08T11:33:45.170+0000][1][safepoint    ] Leaving safepoint region
[2019-12-08T11:33:45.170+0000][1][safepoint    ] Total time for which application threads were stopped: 0.0000902 seconds, Stopping threads took: 0.0000153 seconds
[2019-12-08T11:33:46.174+0000][1][safepoint    ] Application time: 1.0039941 seconds
[2019-12-08T11:33:46.174+0000][1][safepoint    ] Entering safepoint region: Cleanup
[2019-12-08T11:33:46.174+0000][1][safepoint    ] Leaving safepoint region
[2019-12-08T11:33:46.174+0000][1][safepoint    ] Total time for which application threads were stopped: 0.0001095 seconds, Stopping threads took: 0.0000236 seconds
[2019-12-08T11:33:47.175+0000][1][safepoint    ] Application time: 1.0008469 seconds
[2019-12-08T11:33:47.175+0000][1][safepoint    ] Entering safepoint region: Cleanup
[2019-12-08T11:33:47.175+0000][1][safepoint    ] Leaving safepoint region
[2019-12-08T11:33:47.175+0000][1][safepoint    ] Total time for which application threads were stopped: 0.0000946 seconds, Stopping threads took: 0.0000232 seconds
[2019-12-08T11:33:48.178+0000][1][safepoint    ] Application time: 1.0030039 seconds
[2019-12-08T11:33:48.178+0000][1][safepoint    ] Entering safepoint region: Cleanup
[2019-12-08T11:33:48.178+0000][1][safepoint    ] Leaving safepoint region
[2019-12-08T11:33:48.178+0000][1][safepoint    ] Total time for which application threads were stopped: 0.0001032 seconds, Stopping threads took: 0.0000248 seconds
[2019-12-08T11:33:49.180+0000][1][safepoint    ] Application time: 1.0019603 seconds
[2019-12-08T11:33:49.180+0000][1][safepoint    ] Entering safepoint region: Cleanup
[2019-12-08T11:33:49.180+0000][1][safepoint    ] Leaving safepoint region
[2019-12-08T11:33:49.180+0000][1][safepoint    ] Total time for which application threads were stopped: 0.0001079 seconds, Stopping threads took: 0.0000256 seconds
[2019-12-08T11:33:50.180+0000][1][safepoint    ] Application time: 1.0000920 seconds
[2019-12-08T11:33:50.180+0000][1][safepoint    ] Entering safepoint region: Cleanup
[2019-12-08T11:33:50.180+0000][1][safepoint    ] Leaving safepoint region
[2019-12-08T11:33:50.180+0000][1][safepoint    ] Total time for which application threads were stopped: 0.0001078 seconds, Stopping threads took: 0.0000266 seconds
[2019-12-08T11:33:51.183+0000][1][safepoint    ] Application time: 1.0024490 seconds
[2019-12-08T11:33:51.183+0000][1][safepoint    ] Entering safepoint region: Cleanup
[2019-12-08T11:33:51.183+0000][1][safepoint    ] Leaving safepoint region
[2019-12-08T11:33:51.183+0000][1][safepoint    ] Total time for which application threads were stopped: 0.0001065 seconds, Stopping threads took: 0.0000253 seconds
[2019-12-08T11:33:52.183+0000][1][safepoint    ] Application time: 1.0000939 seconds
[2019-12-08T11:33:52.183+0000][1][safepoint    ] Entering safepoint region: Cleanup
[2019-12-08T11:33:52.183+0000][1][safepoint    ] Leaving safepoint region
[2019-12-08T11:33:52.183+0000][1][safepoint    ] Total time for which application threads were stopped: 0.0001271 seconds, Stopping threads took: 0.0000382 seconds
[2019-12-08T11:33:53.185+0000][1][safepoint    ] Application time: 1.0014997 seconds
[2019-12-08T11:33:53.185+0000][1][safepoint    ] Entering safepoint region: Cleanup
[2019-12-08T11:33:53.185+0000][1][safepoint    ] Leaving safepoint region
[2019-12-08T11:33:53.185+0000][1][safepoint    ] Total time for which application threads were stopped: 0.0001179 seconds, Stopping threads took: 0.0000272 seconds
[2019-12-08T11:33:54.185+0000][1][safepoint    ] Application time: 1.0000888 seconds
[2019-12-08T11:33:54.185+0000][1][safepoint    ] Entering safepoint region: Cleanup
[2019-12-08T11:33:54.185+0000][1][safepoint    ] Leaving safepoint region
[2019-12-08T11:33:54.185+0000][1][safepoint    ] Total time for which application threads were stopped: 0.0001296 seconds, Stopping threads took: 0.0000296 seconds
[2019-12-08T11:33:55.185+0000][1][safepoint    ] Application time: 1.0002804 seconds
[2019-12-08T11:33:55.185+0000][1][safepoint    ] Entering safepoint region: Cleanup
[2019-12-08T11:33:55.186+0000][1][safepoint    ] Leaving safepoint region
[2019-12-08T11:33:55.186+0000][1][safepoint    ] Total time for which application threads were stopped: 0.0001213 seconds, Stopping threads took: 0.0000312 seconds
[2019-12-08T11:33:56.188+0000][1][safepoint    ] Application time: 1.0021170 seconds
[2019-12-08T11:33:56.188+0000][1][safepoint    ] Entering safepoint region: Cleanup
[2019-12-08T11:33:56.188+0000][1][safepoint    ] Leaving safepoint region
[2019-12-08T11:33:56.188+0000][1][safepoint    ] Total time for which application threads were stopped: 0.0001161 seconds, Stopping threads took: 0.0000263 seconds
[2019-12-08T11:33:57.188+0000][1][safepoint    ] Application time: 1.0003031 seconds
[2019-12-08T11:33:57.188+0000][1][safepoint    ] Entering safepoint region: Cleanup
[2019-12-08T11:33:57.188+0000][1][safepoint    ] Leaving safepoint region
[2019-12-08T11:33:57.188+0000][1][safepoint    ] Total time for which application threads were stopped: 0.0001148 seconds, Stopping threads took: 0.0000245 seconds
[2019-12-08T11:33:58.189+0000][1][safepoint    ] Application time: 1.0003924 seconds
[2019-12-08T11:33:58.189+0000][1][safepoint    ] Entering safepoint region: Cleanup
[2019-12-08T11:33:58.189+0000][1][safepoint    ] Leaving safepoint region
[2019-12-08T11:33:58.189+0000][1][safepoint    ] Total time for which application threads were stopped: 0.0000998 seconds, Stopping threads took: 0.0000230 seconds
[2019-12-08T11:33:59.189+0000][1][safepoint    ] Application time: 1.0000782 seconds
[2019-12-08T11:33:59.189+0000][1][safepoint    ] Entering safepoint region: Cleanup
[2019-12-08T11:33:59.189+0000][1][safepoint    ] Leaving safepoint region
[2019-12-08T11:33:59.189+0000][1][safepoint    ] Total time for which application threads were stopped: 0.0000764 seconds, Stopping threads took: 0.0000172 seconds
[2019-12-08T11:34:00.189+0000][1][safepoint    ] Application time: 1.0000781 seconds
[2019-12-08T11:34:00.189+0000][1][safepoint    ] Entering safepoint region: Cleanup
[2019-12-08T11:34:00.189+0000][1][safepoint    ] Leaving safepoint region
[2019-12-08T11:34:00.189+0000][1][safepoint    ] Total time for which application threads were stopped: 0.0000859 seconds, Stopping threads took: 0.0000164 seconds
[2019-12-08T11:34:01.189+0000][1][safepoint    ] Application time: 1.0000906 seconds
[2019-12-08T11:34:01.189+0000][1][safepoint    ] Entering safepoint region: Cleanup
[2019-12-08T11:34:01.190+0000][1][safepoint    ] Leaving safepoint region
[2019-12-08T11:34:01.190+0000][1][safepoint    ] Total time for which application threads were stopped: 0.0001402 seconds, Stopping threads took: 0.0000280 seconds
[2019-12-08T11:34:02.192+0000][1][safepoint    ] Application time: 1.0026112 seconds
[2019-12-08T11:34:02.192+0000][1][safepoint    ] Entering safepoint region: Cleanup
[2019-12-08T11:34:02.192+0000][1][safepoint    ] Leaving safepoint region
[2019-12-08T11:34:02.192+0000][1][safepoint    ] Total time for which application threads were stopped: 0.0000983 seconds, Stopping threads took: 0.0000243 seconds
[2019-12-08T11:34:02.946+0000][1][safepoint    ] Application time: 0.7534564 seconds
[2019-12-08T11:34:02.946+0000][1][safepoint    ] Entering safepoint region: GenCollectForAllocation
[2019-12-08T11:34:02.946+0000][1][gc,start     ] GC(23) Pause Young (Allocation Failure)
[2019-12-08T11:34:02.946+0000][1][gc,task      ] GC(23) Using 4 workers of 4 for evacuation
[2019-12-08T11:34:02.959+0000][1][gc,age       ] GC(23) Desired survivor size 4456448 bytes, new threshold 2 (max threshold 6)
[2019-12-08T11:34:02.959+0000][1][gc,age       ] GC(23) Age table with threshold 2 (max threshold 6)
[2019-12-08T11:34:02.959+0000][1][gc,age       ] GC(23) - age   1:    1961464 bytes,    1961464 total
[2019-12-08T11:34:02.959+0000][1][gc,age       ] GC(23) - age   2:    3499192 bytes,    5460656 total
[2019-12-08T11:34:02.959+0000][1][gc,heap      ] GC(23) ParNew: 78656K->6679K(78656K)
[2019-12-08T11:34:02.959+0000][1][gc,heap      ] GC(23) CMS: 60569K->64709K(174784K)
[2019-12-08T11:34:02.959+0000][1][gc,metaspace ] GC(23) Metaspace: 68262K->68262K(1112064K)
[2019-12-08T11:34:02.959+0000][1][gc           ] GC(23) Pause Young (Allocation Failure) 135M->69M(247M) 13.177ms
[2019-12-08T11:34:02.959+0000][1][gc,cpu       ] GC(23) User=0.05s Sys=0.00s Real=0.01s
[2019-12-08T11:34:02.959+0000][1][safepoint    ] Leaving safepoint region
[2019-12-08T11:34:02.959+0000][1][safepoint    ] Total time for which application threads were stopped: 0.0133775 seconds, Stopping threads took: 0.0000336 seconds
[2019-12-08T11:34:03.959+0000][1][safepoint    ] Application time: 1.0001016 seconds
[2019-12-08T11:34:03.959+0000][1][safepoint    ] Entering safepoint region: Cleanup
[2019-12-08T11:34:03.959+0000][1][safepoint    ] Leaving safepoint region
[2019-12-08T11:34:03.959+0000][1][safepoint    ] Total time for which application threads were stopped: 0.0001000 seconds, Stopping threads took: 0.0000200 seconds
[2019-12-08T11:34:04.959+0000][1][safepoint    ] Application time: 1.0000788 seconds
[2019-12-08T11:34:04.960+0000][1][safepoint    ] Entering safepoint region: Cleanup
[2019-12-08T11:34:04.960+0000][1][safepoint    ] Leaving safepoint region
[2019-12-08T11:34:04.960+0000][1][safepoint    ] Total time for which application threads were stopped: 0.0000854 seconds, Stopping threads took: 0.0000180 seconds
[2019-12-08T11:34:05.960+0000][1][safepoint    ] Application time: 1.0000899 seconds
[2019-12-08T11:34:05.960+0000][1][safepoint    ] Entering safepoint region: Cleanup
[2019-12-08T11:34:05.960+0000][1][safepoint    ] Leaving safepoint region
[2019-12-08T11:34:05.960+0000][1][safepoint    ] Total time for which application threads were stopped: 0.0000898 seconds, Stopping threads took: 0.0000195 seconds
[2019-12-08T11:34:06.960+0000][1][safepoint    ] Application time: 1.0000819 seconds
[2019-12-08T11:34:06.960+0000][1][safepoint    ] Entering safepoint region: Cleanup
[2019-12-08T11:34:06.960+0000][1][safepoint    ] Leaving safepoint region
[2019-12-08T11:34:06.960+0000][1][safepoint    ] Total time for which application threads were stopped: 0.0000908 seconds, Stopping threads took: 0.0000213 seconds
[2019-12-08T11:34:07.960+0000][1][safepoint    ] Application time: 1.0000818 seconds
[2019-12-08T11:34:07.960+0000][1][safepoint    ] Entering safepoint region: Cleanup
[2019-12-08T11:34:07.960+0000][1][safepoint    ] Leaving safepoint region
[2019-12-08T11:34:07.960+0000][1][safepoint    ] Total time for which application threads were stopped: 0.0000855 seconds, Stopping threads took: 0.0000205 seconds
[2019-12-08T11:34:08.960+0000][1][safepoint    ] Application time: 1.0000813 seconds
[2019-12-08T11:34:08.960+0000][1][safepoint    ] Entering safepoint region: Cleanup
[2019-12-08T11:34:08.960+0000][1][safepoint    ] Leaving safepoint region
[2019-12-08T11:34:08.960+0000][1][safepoint    ] Total time for which application threads were stopped: 0.0000843 seconds, Stopping threads took: 0.0000207 seconds
[2019-12-08T11:34:09.961+0000][1][safepoint    ] Application time: 1.0000791 seconds
[2019-12-08T11:34:09.961+0000][1][safepoint    ] Entering safepoint region: Cleanup
[2019-12-08T11:34:09.961+0000][1][safepoint    ] Leaving safepoint region
[2019-12-08T11:34:09.961+0000][1][safepoint    ] Total time for which application threads were stopped: 0.0000893 seconds, Stopping threads took: 0.0000188 seconds
[2019-12-08T11:34:10.961+0000][1][safepoint    ] Application time: 1.0000785 seconds
[2019-12-08T11:34:10.961+0000][1][safepoint    ] Entering safepoint region: Cleanup
[2019-12-08T11:34:10.961+0000][1][safepoint    ] Leaving safepoint region
[2019-12-08T11:34:10.961+0000][1][safepoint    ] Total time for which application threads were stopped: 0.0000864 seconds, Stopping threads took: 0.0000205 seconds
[2019-12-08T11:34:11.961+0000][1][safepoint    ] Application time: 1.0000789 seconds
[2019-12-08T11:34:11.961+0000][1][safepoint    ] Entering safepoint region: Cleanup
[2019-12-08T11:34:11.961+0000][1][safepoint    ] Leaving safepoint region
[2019-12-08T11:34:11.961+0000][1][safepoint    ] Total time for which application threads were stopped: 0.0000874 seconds, Stopping threads took: 0.0000202 seconds
[2019-12-08T11:34:12.961+0000][1][safepoint    ] Application time: 1.0000769 seconds
[2019-12-08T11:34:12.961+0000][1][safepoint    ] Entering safepoint region: Cleanup
[2019-12-08T11:34:12.961+0000][1][safepoint    ] Leaving safepoint region
[2019-12-08T11:34:12.961+0000][1][safepoint    ] Total time for which application threads were stopped: 0.0000928 seconds, Stopping threads took: 0.0000195 seconds
[2019-12-08T11:34:13.961+0000][1][safepoint    ] Application time: 1.0000760 seconds
[2019-12-08T11:34:13.961+0000][1][safepoint    ] Entering safepoint region: Cleanup
[2019-12-08T11:34:13.961+0000][1][safepoint    ] Leaving safepoint region
[2019-12-08T11:34:13.961+0000][1][safepoint    ] Total time for which application threads were stopped: 0.0000891 seconds, Stopping threads took: 0.0000185 seconds
[2019-12-08T11:34:14.962+0000][1][safepoint    ] Application time: 1.0000822 seconds
[2019-12-08T11:34:14.962+0000][1][safepoint    ] Entering safepoint region: Cleanup
[2019-12-08T11:34:14.962+0000][1][safepoint    ] Leaving safepoint region
[2019-12-08T11:34:14.962+0000][1][safepoint    ] Total time for which application threads were stopped: 0.0001056 seconds, Stopping threads took: 0.0000188 seconds
[2019-12-08T11:34:15.962+0000][1][safepoint    ] Application time: 1.0000794 seconds
[2019-12-08T11:34:15.962+0000][1][safepoint    ] Entering safepoint region: Cleanup
[2019-12-08T11:34:15.962+0000][1][safepoint    ] Leaving safepoint region
[2019-12-08T11:34:15.962+0000][1][safepoint    ] Total time for which application threads were stopped: 0.0000922 seconds, Stopping threads took: 0.0000200 seconds
[2019-12-08T11:34:16.962+0000][1][safepoint    ] Application time: 1.0000784 seconds
[2019-12-08T11:34:16.962+0000][1][safepoint    ] Entering safepoint region: Cleanup
[2019-12-08T11:34:16.962+0000][1][safepoint    ] Leaving safepoint region
[2019-12-08T11:34:16.962+0000][1][safepoint    ] Total time for which application threads were stopped: 0.0000923 seconds, Stopping threads took: 0.0000193 seconds
[2019-12-08T11:34:17.962+0000][1][safepoint    ] Application time: 1.0000773 seconds
[2019-12-08T11:34:17.962+0000][1][safepoint    ] Entering safepoint region: Cleanup
[2019-12-08T11:34:17.962+0000][1][safepoint    ] Leaving safepoint region
[2019-12-08T11:34:17.962+0000][1][safepoint    ] Total time for which application threads were stopped: 0.0000889 seconds, Stopping threads took: 0.0000177 seconds
[2019-12-08T11:34:18.962+0000][1][safepoint    ] Application time: 1.0000759 seconds
[2019-12-08T11:34:18.962+0000][1][safepoint    ] Entering safepoint region: Cleanup
[2019-12-08T11:34:18.963+0000][1][safepoint    ] Leaving safepoint region
[2019-12-08T11:34:18.963+0000][1][safepoint    ] Total time for which application threads were stopped: 0.0001028 seconds, Stopping threads took: 0.0000283 seconds
[2019-12-08T11:34:19.963+0000][1][safepoint    ] Application time: 1.0000786 seconds
[2019-12-08T11:34:19.963+0000][1][safepoint    ] Entering safepoint region: Cleanup
[2019-12-08T11:34:19.963+0000][1][safepoint    ] Leaving safepoint region
[2019-12-08T11:34:19.963+0000][1][safepoint    ] Total time for which application threads were stopped: 0.0000868 seconds, Stopping threads took: 0.0000188 seconds
[2019-12-08T11:34:20.963+0000][1][safepoint    ] Application time: 1.0000796 seconds
[2019-12-08T11:34:20.963+0000][1][safepoint    ] Entering safepoint region: Cleanup
[2019-12-08T11:34:20.963+0000][1][safepoint    ] Leaving safepoint region
[2019-12-08T11:34:20.963+0000][1][safepoint    ] Total time for which application threads were stopped: 0.0000878 seconds, Stopping threads took: 0.0000200 seconds
[2019-12-08T11:34:21.963+0000][1][safepoint    ] Application time: 1.0000806 seconds
[2019-12-08T11:34:21.963+0000][1][safepoint    ] Entering safepoint region: Cleanup
[2019-12-08T11:34:21.963+0000][1][safepoint    ] Leaving safepoint region
[2019-12-08T11:34:21.963+0000][1][safepoint    ] Total time for which application threads were stopped: 0.0000919 seconds, Stopping threads took: 0.0000203 seconds
[2019-12-08T11:34:22.963+0000][1][safepoint    ] Application time: 1.0000801 seconds
[2019-12-08T11:34:22.963+0000][1][safepoint    ] Entering safepoint region: Cleanup
[2019-12-08T11:34:22.963+0000][1][safepoint    ] Leaving safepoint region
[2019-12-08T11:34:22.963+0000][1][safepoint    ] Total time for which application threads were stopped: 0.0000856 seconds, Stopping threads took: 0.0000188 seconds
[2019-12-08T11:34:23.964+0000][1][safepoint    ] Application time: 1.0000828 seconds
[2019-12-08T11:34:23.964+0000][1][safepoint    ] Entering safepoint region: Cleanup
[2019-12-08T11:34:23.964+0000][1][safepoint    ] Leaving safepoint region
[2019-12-08T11:34:23.964+0000][1][safepoint    ] Total time for which application threads were stopped: 0.0000930 seconds, Stopping threads took: 0.0000201 seconds
[2019-12-08T11:34:24.964+0000][1][safepoint    ] Application time: 1.0000786 seconds
[2019-12-08T11:34:24.964+0000][1][safepoint    ] Entering safepoint region: Cleanup
[2019-12-08T11:34:24.964+0000][1][safepoint    ] Leaving safepoint region
[2019-12-08T11:34:24.964+0000][1][safepoint    ] Total time for which application threads were stopped: 0.0000885 seconds, Stopping threads took: 0.0000210 seconds
[2019-12-08T11:34:25.964+0000][1][safepoint    ] Application time: 1.0000802 seconds
[2019-12-08T11:34:25.964+0000][1][safepoint    ] Entering safepoint region: Cleanup
[2019-12-08T11:34:25.964+0000][1][safepoint    ] Leaving safepoint region
[2019-12-08T11:34:25.964+0000][1][safepoint    ] Total time for which application threads were stopped: 0.0000908 seconds, Stopping threads took: 0.0000189 seconds
[2019-12-08T11:34:26.964+0000][1][safepoint    ] Application time: 1.0000812 seconds
[2019-12-08T11:34:26.964+0000][1][safepoint    ] Entering safepoint region: Cleanup
[2019-12-08T11:34:26.964+0000][1][safepoint    ] Leaving safepoint region
[2019-12-08T11:34:26.964+0000][1][safepoint    ] Total time for which application threads were stopped: 0.0000975 seconds, Stopping threads took: 0.0000191 seconds
[2019-12-08T11:34:27.964+0000][1][safepoint    ] Application time: 1.0000793 seconds
[2019-12-08T11:34:27.964+0000][1][safepoint    ] Entering safepoint region: Cleanup
[2019-12-08T11:34:27.965+0000][1][safepoint    ] Leaving safepoint region
[2019-12-08T11:34:27.965+0000][1][safepoint    ] Total time for which application threads were stopped: 0.0000970 seconds, Stopping threads took: 0.0000201 seconds
[2019-12-08T11:34:28.965+0000][1][safepoint    ] Application time: 1.0000792 seconds
[2019-12-08T11:34:28.965+0000][1][safepoint    ] Entering safepoint region: Cleanup
[2019-12-08T11:34:28.965+0000][1][safepoint    ] Leaving safepoint region
[2019-12-08T11:34:28.965+0000][1][safepoint    ] Total time for which application threads were stopped: 0.0001110 seconds, Stopping threads took: 0.0000271 seconds
[2019-12-08T11:34:29.965+0000][1][safepoint    ] Application time: 1.0000781 seconds
[2019-12-08T11:34:29.965+0000][1][safepoint    ] Entering safepoint region: Cleanup
[2019-12-08T11:34:29.965+0000][1][safepoint    ] Leaving safepoint region
[2019-12-08T11:34:29.965+0000][1][safepoint    ] Total time for which application threads were stopped: 0.0000863 seconds, Stopping threads took: 0.0000189 seconds
[2019-12-08T11:34:30.965+0000][1][safepoint    ] Application time: 1.0000774 seconds
[2019-12-08T11:34:30.965+0000][1][safepoint    ] Entering safepoint region: Cleanup
[2019-12-08T11:34:30.965+0000][1][safepoint    ] Leaving safepoint region
[2019-12-08T11:34:30.965+0000][1][safepoint    ] Total time for which application threads were stopped: 0.0000888 seconds, Stopping threads took: 0.0000205 seconds
[2019-12-08T11:34:31.965+0000][1][safepoint    ] Application time: 1.0000822 seconds
[2019-12-08T11:34:31.965+0000][1][safepoint    ] Entering safepoint region: Cleanup
[2019-12-08T11:34:31.965+0000][1][safepoint    ] Leaving safepoint region
[2019-12-08T11:34:31.965+0000][1][safepoint    ] Total time for which application threads were stopped: 0.0000920 seconds, Stopping threads took: 0.0000211 seconds
[2019-12-08T11:34:32.965+0000][1][safepoint    ] Application time: 1.0000802 seconds
[2019-12-08T11:34:32.966+0000][1][safepoint    ] Entering safepoint region: Cleanup
[2019-12-08T11:34:32.966+0000][1][safepoint    ] Leaving safepoint region
[2019-12-08T11:34:32.966+0000][1][safepoint    ] Total time for which application threads were stopped: 0.0000951 seconds, Stopping threads took: 0.0000210 seconds
[2019-12-08T11:34:33.966+0000][1][safepoint    ] Application time: 1.0000906 seconds
[2019-12-08T11:34:33.966+0000][1][safepoint    ] Entering safepoint region: Cleanup
[2019-12-08T11:34:33.966+0000][1][safepoint    ] Leaving safepoint region
[2019-12-08T11:34:33.966+0000][1][safepoint    ] Total time for which application threads were stopped: 0.0000924 seconds, Stopping threads took: 0.0000191 seconds
[2019-12-08T11:34:34.966+0000][1][safepoint    ] Application time: 1.0000800 seconds
[2019-12-08T11:34:34.966+0000][1][safepoint    ] Entering safepoint region: Cleanup
[2019-12-08T11:34:34.966+0000][1][safepoint    ] Leaving safepoint region
[2019-12-08T11:34:34.966+0000][1][safepoint    ] Total time for which application threads were stopped: 0.0000942 seconds, Stopping threads took: 0.0000189 seconds
[2019-12-08T11:34:35.966+0000][1][safepoint    ] Application time: 1.0000776 seconds
[2019-12-08T11:34:35.966+0000][1][safepoint    ] Entering safepoint region: Cleanup
[2019-12-08T11:34:35.966+0000][1][safepoint    ] Leaving safepoint region
[2019-12-08T11:34:35.966+0000][1][safepoint    ] Total time for which application threads were stopped: 0.0000904 seconds, Stopping threads took: 0.0000213 seconds
[2019-12-08T11:34:36.966+0000][1][safepoint    ] Application time: 1.0000860 seconds
[2019-12-08T11:34:36.966+0000][1][safepoint    ] Entering safepoint region: Cleanup
[2019-12-08T11:34:36.966+0000][1][safepoint    ] Leaving safepoint region
[2019-12-08T11:34:36.966+0000][1][safepoint    ] Total time for which application threads were stopped: 0.0000974 seconds, Stopping threads took: 0.0000211 seconds
[2019-12-08T11:34:37.967+0000][1][safepoint    ] Application time: 1.0000809 seconds
[2019-12-08T11:34:37.967+0000][1][safepoint    ] Entering safepoint region: Cleanup
[2019-12-08T11:34:37.967+0000][1][safepoint    ] Leaving safepoint region
[2019-12-08T11:34:37.967+0000][1][safepoint    ] Total time for which application threads were stopped: 0.0001147 seconds, Stopping threads took: 0.0000207 seconds
[2019-12-08T11:34:38.967+0000][1][safepoint    ] Application time: 1.0000826 seconds
[2019-12-08T11:34:38.967+0000][1][safepoint    ] Entering safepoint region: Cleanup
[2019-12-08T11:34:38.967+0000][1][safepoint    ] Leaving safepoint region
[2019-12-08T11:34:38.967+0000][1][safepoint    ] Total time for which application threads were stopped: 0.0000995 seconds, Stopping threads took: 0.0000285 seconds
[2019-12-08T11:34:39.967+0000][1][safepoint    ] Application time: 1.0000798 seconds
[2019-12-08T11:34:39.967+0000][1][safepoint    ] Entering safepoint region: Cleanup
[2019-12-08T11:34:39.967+0000][1][safepoint    ] Leaving safepoint region
[2019-12-08T11:34:39.967+0000][1][safepoint    ] Total time for which application threads were stopped: 0.0000881 seconds, Stopping threads took: 0.0000192 seconds
[2019-12-08T11:34:40.967+0000][1][safepoint    ] Application time: 1.0000806 seconds
[2019-12-08T11:34:40.967+0000][1][safepoint    ] Entering safepoint region: Cleanup
[2019-12-08T11:34:40.967+0000][1][safepoint    ] Leaving safepoint region
[2019-12-08T11:34:40.967+0000][1][safepoint    ] Total time for which application threads were stopped: 0.0000891 seconds, Stopping threads took: 0.0000190 seconds
[2019-12-08T11:34:41.967+0000][1][safepoint    ] Application time: 1.0000794 seconds
[2019-12-08T11:34:41.968+0000][1][safepoint    ] Entering safepoint region: Cleanup
[2019-12-08T11:34:41.968+0000][1][safepoint    ] Leaving safepoint region
[2019-12-08T11:34:41.968+0000][1][safepoint    ] Total time for which application threads were stopped: 0.0000938 seconds, Stopping threads took: 0.0000209 seconds
[2019-12-08T11:34:42.968+0000][1][safepoint    ] Application time: 1.0000795 seconds
[2019-12-08T11:34:42.968+0000][1][safepoint    ] Entering safepoint region: Cleanup
[2019-12-08T11:34:42.968+0000][1][safepoint    ] Leaving safepoint region
[2019-12-08T11:34:42.968+0000][1][safepoint    ] Total time for which application threads were stopped: 0.0000888 seconds, Stopping threads took: 0.0000190 seconds
[2019-12-08T11:34:44.968+0000][1][safepoint    ] Application time: 2.0001512 seconds
[2019-12-08T11:34:44.968+0000][1][safepoint    ] Entering safepoint region: Cleanup
[2019-12-08T11:34:44.968+0000][1][safepoint    ] Leaving safepoint region
[2019-12-08T11:34:44.968+0000][1][safepoint    ] Total time for which application threads were stopped: 0.0000970 seconds, Stopping threads took: 0.0000192 seconds
[2019-12-08T11:34:45.968+0000][1][safepoint    ] Application time: 1.0000828 seconds
[2019-12-08T11:34:45.968+0000][1][safepoint    ] Entering safepoint region: Cleanup
[2019-12-08T11:34:45.968+0000][1][safepoint    ] Leaving safepoint region
[2019-12-08T11:34:45.968+0000][1][safepoint    ] Total time for which application threads were stopped: 0.0000885 seconds, Stopping threads took: 0.0000199 seconds
[2019-12-08T11:34:46.968+0000][1][safepoint    ] Application time: 1.0000773 seconds
[2019-12-08T11:34:46.968+0000][1][safepoint    ] Entering safepoint region: Cleanup
[2019-12-08T11:34:46.969+0000][1][safepoint    ] Leaving safepoint region
[2019-12-08T11:34:46.969+0000][1][safepoint    ] Total time for which application threads were stopped: 0.0000903 seconds, Stopping threads took: 0.0000206 seconds
[2019-12-08T11:34:47.969+0000][1][safepoint    ] Application time: 1.0000761 seconds
[2019-12-08T11:34:47.969+0000][1][safepoint    ] Entering safepoint region: Cleanup
[2019-12-08T11:34:47.969+0000][1][safepoint    ] Leaving safepoint region
[2019-12-08T11:34:47.969+0000][1][safepoint    ] Total time for which application threads were stopped: 0.0000994 seconds, Stopping threads took: 0.0000188 seconds
[2019-12-08T11:34:48.969+0000][1][safepoint    ] Application time: 1.0000760 seconds
[2019-12-08T11:34:48.969+0000][1][safepoint    ] Entering safepoint region: Cleanup
[2019-12-08T11:34:48.969+0000][1][safepoint    ] Leaving safepoint region
[2019-12-08T11:34:48.969+0000][1][safepoint    ] Total time for which application threads were stopped: 0.0000975 seconds, Stopping threads took: 0.0000194 seconds
[2019-12-08T11:34:49.969+0000][1][safepoint    ] Application time: 1.0000762 seconds
[2019-12-08T11:34:49.969+0000][1][safepoint    ] Entering safepoint region: Cleanup
[2019-12-08T11:34:49.969+0000][1][safepoint    ] Leaving safepoint region
[2019-12-08T11:34:49.969+0000][1][safepoint    ] Total time for which application threads were stopped: 0.0000940 seconds, Stopping threads took: 0.0000190 seconds
[2019-12-08T11:34:50.969+0000][1][safepoint    ] Application time: 1.0000811 seconds
[2019-12-08T11:34:50.969+0000][1][safepoint    ] Entering safepoint region: Cleanup
[2019-12-08T11:34:50.969+0000][1][safepoint    ] Leaving safepoint region
[2019-12-08T11:34:50.969+0000][1][safepoint    ] Total time for which application threads were stopped: 0.0000901 seconds, Stopping threads took: 0.0000192 seconds
[2019-12-08T11:34:51.969+0000][1][safepoint    ] Application time: 1.0000809 seconds
[2019-12-08T11:34:51.970+0000][1][safepoint    ] Entering safepoint region: Cleanup
[2019-12-08T11:34:51.970+0000][1][safepoint    ] Leaving safepoint region
[2019-12-08T11:34:51.970+0000][1][safepoint    ] Total time for which application threads were stopped: 0.0000987 seconds, Stopping threads took: 0.0000274 seconds
[2019-12-08T11:34:52.970+0000][1][safepoint    ] Application time: 1.0000920 seconds
[2019-12-08T11:34:52.970+0000][1][safepoint    ] Entering safepoint region: Cleanup
[2019-12-08T11:34:52.970+0000][1][safepoint    ] Leaving safepoint region
[2019-12-08T11:34:52.970+0000][1][safepoint    ] Total time for which application threads were stopped: 0.0000882 seconds, Stopping threads took: 0.0000189 seconds
[2019-12-08T11:34:53.970+0000][1][safepoint    ] Application time: 1.0000789 seconds
[2019-12-08T11:34:53.970+0000][1][safepoint    ] Entering safepoint region: Cleanup
[2019-12-08T11:34:53.970+0000][1][safepoint    ] Leaving safepoint region
[2019-12-08T11:34:53.970+0000][1][safepoint    ] Total time for which application threads were stopped: 0.0000883 seconds, Stopping threads took: 0.0000246 seconds
[2019-12-08T11:34:54.970+0000][1][safepoint    ] Application time: 1.0000814 seconds
[2019-12-08T11:34:54.970+0000][1][safepoint    ] Entering safepoint region: Cleanup
[2019-12-08T11:34:54.970+0000][1][safepoint    ] Leaving safepoint region
[2019-12-08T11:34:54.970+0000][1][safepoint    ] Total time for which application threads were stopped: 0.0000839 seconds, Stopping threads took: 0.0000197 seconds
[2019-12-08T11:34:55.970+0000][1][safepoint    ] Application time: 1.0000802 seconds
[2019-12-08T11:34:55.970+0000][1][safepoint    ] Entering safepoint region: Cleanup
[2019-12-08T11:34:55.970+0000][1][safepoint    ] Leaving safepoint region
[2019-12-08T11:34:55.970+0000][1][safepoint    ] Total time for which application threads were stopped: 0.0000880 seconds, Stopping threads took: 0.0000180 seconds
[2019-12-08T11:34:56.971+0000][1][safepoint    ] Application time: 1.0000767 seconds
[2019-12-08T11:34:56.971+0000][1][safepoint    ] Entering safepoint region: Cleanup
[2019-12-08T11:34:56.971+0000][1][safepoint    ] Leaving safepoint region
[2019-12-08T11:34:56.971+0000][1][safepoint    ] Total time for which application threads were stopped: 0.0000927 seconds, Stopping threads took: 0.0000207 seconds
[2019-12-08T11:34:57.971+0000][1][safepoint    ] Application time: 1.0000804 seconds
[2019-12-08T11:34:57.971+0000][1][safepoint    ] Entering safepoint region: Cleanup
[2019-12-08T11:34:57.971+0000][1][safepoint    ] Leaving safepoint region
[2019-12-08T11:34:57.971+0000][1][safepoint    ] Total time for which application threads were stopped: 0.0000834 seconds, Stopping threads took: 0.0000188 seconds
[2019-12-08T11:34:58.971+0000][1][safepoint    ] Application time: 1.0000790 seconds
[2019-12-08T11:34:58.971+0000][1][safepoint    ] Entering safepoint region: Cleanup
[2019-12-08T11:34:58.971+0000][1][safepoint    ] Leaving safepoint region
[2019-12-08T11:34:58.971+0000][1][safepoint    ] Total time for which application threads were stopped: 0.0000976 seconds, Stopping threads took: 0.0000207 seconds
[2019-12-08T11:34:59.971+0000][1][safepoint    ] Application time: 1.0000812 seconds
[2019-12-08T11:34:59.971+0000][1][safepoint    ] Entering safepoint region: Cleanup
[2019-12-08T11:34:59.971+0000][1][safepoint    ] Leaving safepoint region
[2019-12-08T11:34:59.971+0000][1][safepoint    ] Total time for which application threads were stopped: 0.0001004 seconds, Stopping threads took: 0.0000187 seconds
[2019-12-08T11:35:00.971+0000][1][safepoint    ] Application time: 1.0000803 seconds
[2019-12-08T11:35:00.971+0000][1][safepoint    ] Entering safepoint region: Cleanup
[2019-12-08T11:35:00.972+0000][1][safepoint    ] Leaving safepoint region
[2019-12-08T11:35:00.972+0000][1][safepoint    ] Total time for which application threads were stopped: 0.0000900 seconds, Stopping threads took: 0.0000193 seconds
[2019-12-08T11:35:01.972+0000][1][safepoint    ] Application time: 1.0000858 seconds
[2019-12-08T11:35:01.972+0000][1][safepoint    ] Entering safepoint region: Cleanup
[2019-12-08T11:35:01.972+0000][1][safepoint    ] Leaving safepoint region
[2019-12-08T11:35:01.972+0000][1][safepoint    ] Total time for which application threads were stopped: 0.0001352 seconds, Stopping threads took: 0.0000412 seconds
[2019-12-08T11:35:02.972+0000][1][safepoint    ] Application time: 1.0000970 seconds
[2019-12-08T11:35:02.972+0000][1][safepoint    ] Entering safepoint region: Cleanup
[2019-12-08T11:35:02.972+0000][1][safepoint    ] Leaving safepoint region
[2019-12-08T11:35:02.972+0000][1][safepoint    ] Total time for which application threads were stopped: 0.0000851 seconds, Stopping threads took: 0.0000181 seconds
[2019-12-08T11:35:03.972+0000][1][safepoint    ] Application time: 1.0000795 seconds
[2019-12-08T11:35:03.972+0000][1][safepoint    ] Entering safepoint region: Cleanup
[2019-12-08T11:35:03.972+0000][1][safepoint    ] Leaving safepoint region
[2019-12-08T11:35:03.972+0000][1][safepoint    ] Total time for which application threads were stopped: 0.0000887 seconds, Stopping threads took: 0.0000180 seconds
[2019-12-08T11:35:04.972+0000][1][safepoint    ] Application time: 1.0000858 seconds
[2019-12-08T11:35:04.972+0000][1][safepoint    ] Entering safepoint region: Cleanup
[2019-12-08T11:35:04.972+0000][1][safepoint    ] Leaving safepoint region
[2019-12-08T11:35:04.972+0000][1][safepoint    ] Total time for which application threads were stopped: 0.0000875 seconds, Stopping threads took: 0.0000202 seconds
[2019-12-08T11:35:05.973+0000][1][safepoint    ] Application time: 1.0000819 seconds
[2019-12-08T11:35:05.973+0000][1][safepoint    ] Entering safepoint region: Cleanup
[2019-12-08T11:35:05.973+0000][1][safepoint    ] Leaving safepoint region
[2019-12-08T11:35:05.973+0000][1][safepoint    ] Total time for which application threads were stopped: 0.0000843 seconds, Stopping threads took: 0.0000197 seconds
[2019-12-08T11:35:06.973+0000][1][safepoint    ] Application time: 1.0000884 seconds
[2019-12-08T11:35:06.973+0000][1][safepoint    ] Entering safepoint region: Cleanup
[2019-12-08T11:35:06.973+0000][1][safepoint    ] Leaving safepoint region
[2019-12-08T11:35:06.973+0000][1][safepoint    ] Total time for which application threads were stopped: 0.0000857 seconds, Stopping threads took: 0.0000175 seconds
[2019-12-08T11:35:07.973+0000][1][safepoint    ] Application time: 1.0000777 seconds
[2019-12-08T11:35:07.973+0000][1][safepoint    ] Entering safepoint region: Cleanup
[2019-12-08T11:35:07.973+0000][1][safepoint    ] Leaving safepoint region
[2019-12-08T11:35:07.973+0000][1][safepoint    ] Total time for which application threads were stopped: 0.0000885 seconds, Stopping threads took: 0.0000181 seconds
[2019-12-08T11:35:08.973+0000][1][safepoint    ] Application time: 1.0000768 seconds
[2019-12-08T11:35:08.973+0000][1][safepoint    ] Entering safepoint region: Cleanup
[2019-12-08T11:35:08.973+0000][1][safepoint    ] Leaving safepoint region
[2019-12-08T11:35:08.973+0000][1][safepoint    ] Total time for which application threads were stopped: 0.0000825 seconds, Stopping threads took: 0.0000172 seconds
[2019-12-08T11:35:09.973+0000][1][safepoint    ] Application time: 1.0000819 seconds
[2019-12-08T11:35:09.973+0000][1][safepoint    ] Entering safepoint region: Cleanup
[2019-12-08T11:35:09.973+0000][1][safepoint    ] Leaving safepoint region
[2019-12-08T11:35:09.973+0000][1][safepoint    ] Total time for which application threads were stopped: 0.0000885 seconds, Stopping threads took: 0.0000178 seconds
[2019-12-08T11:35:10.974+0000][1][safepoint    ] Application time: 1.0000778 seconds
[2019-12-08T11:35:10.974+0000][1][safepoint    ] Entering safepoint region: Cleanup
[2019-12-08T11:35:10.974+0000][1][safepoint    ] Leaving safepoint region
[2019-12-08T11:35:10.974+0000][1][safepoint    ] Total time for which application threads were stopped: 0.0000933 seconds, Stopping threads took: 0.0000180 seconds
[2019-12-08T11:35:11.974+0000][1][safepoint    ] Application time: 1.0000824 seconds
[2019-12-08T11:35:11.974+0000][1][safepoint    ] Entering safepoint region: Cleanup
[2019-12-08T11:35:11.974+0000][1][safepoint    ] Leaving safepoint region
[2019-12-08T11:35:11.974+0000][1][safepoint    ] Total time for which application threads were stopped: 0.0000885 seconds, Stopping threads took: 0.0000194 seconds
[2019-12-08T11:35:12.974+0000][1][safepoint    ] Application time: 1.0000813 seconds
[2019-12-08T11:35:12.974+0000][1][safepoint    ] Entering safepoint region: Cleanup
[2019-12-08T11:35:12.974+0000][1][safepoint    ] Leaving safepoint region
[2019-12-08T11:35:12.974+0000][1][safepoint    ] Total time for which application threads were stopped: 0.0000935 seconds, Stopping threads took: 0.0000195 seconds
[2019-12-08T11:35:13.974+0000][1][safepoint    ] Application time: 1.0000788 seconds
[2019-12-08T11:35:13.974+0000][1][safepoint    ] Entering safepoint region: Cleanup
[2019-12-08T11:35:13.974+0000][1][safepoint    ] Leaving safepoint region
[2019-12-08T11:35:13.974+0000][1][safepoint    ] Total time for which application threads were stopped: 0.0000807 seconds, Stopping threads took: 0.0000174 seconds
[2019-12-08T11:35:14.974+0000][1][safepoint    ] Application time: 1.0000799 seconds
[2019-12-08T11:35:14.974+0000][1][safepoint    ] Entering safepoint region: Cleanup
[2019-12-08T11:35:14.975+0000][1][safepoint    ] Leaving safepoint region
[2019-12-08T11:35:14.975+0000][1][safepoint    ] Total time for which application threads were stopped: 0.0000828 seconds, Stopping threads took: 0.0000169 seconds
[2019-12-08T11:35:15.975+0000][1][safepoint    ] Application time: 1.0000827 seconds
[2019-12-08T11:35:15.975+0000][1][safepoint    ] Entering safepoint region: Cleanup
[2019-12-08T11:35:15.975+0000][1][safepoint    ] Leaving safepoint region
[2019-12-08T11:35:15.975+0000][1][safepoint    ] Total time for which application threads were stopped: 0.0000921 seconds, Stopping threads took: 0.0000240 seconds
[2019-12-08T11:35:16.975+0000][1][safepoint    ] Application time: 1.0000826 seconds
[2019-12-08T11:35:16.975+0000][1][safepoint    ] Entering safepoint region: Cleanup
[2019-12-08T11:35:16.975+0000][1][safepoint    ] Leaving safepoint region
[2019-12-08T11:35:16.975+0000][1][safepoint    ] Total time for which application threads were stopped: 0.0000899 seconds, Stopping threads took: 0.0000190 seconds
[2019-12-08T11:35:17.975+0000][1][safepoint    ] Application time: 1.0000801 seconds
[2019-12-08T11:35:17.975+0000][1][safepoint    ] Entering safepoint region: Cleanup
[2019-12-08T11:35:17.975+0000][1][safepoint    ] Leaving safepoint region
[2019-12-08T11:35:17.975+0000][1][safepoint    ] Total time for which application threads were stopped: 0.0000843 seconds, Stopping threads took: 0.0000165 seconds
[2019-12-08T11:35:18.975+0000][1][safepoint    ] Application time: 1.0000789 seconds
[2019-12-08T11:35:18.975+0000][1][safepoint    ] Entering safepoint region: Cleanup
[2019-12-08T11:35:18.975+0000][1][safepoint    ] Leaving safepoint region
[2019-12-08T11:35:18.975+0000][1][safepoint    ] Total time for which application threads were stopped: 0.0000870 seconds, Stopping threads took: 0.0000191 seconds
[2019-12-08T11:35:19.976+0000][1][safepoint    ] Application time: 1.0000800 seconds
[2019-12-08T11:35:19.976+0000][1][safepoint    ] Entering safepoint region: Cleanup
[2019-12-08T11:35:19.976+0000][1][safepoint    ] Leaving safepoint region
[2019-12-08T11:35:19.976+0000][1][safepoint    ] Total time for which application threads were stopped: 0.0000917 seconds, Stopping threads took: 0.0000190 seconds
[2019-12-08T11:35:20.976+0000][1][safepoint    ] Application time: 1.0000741 seconds
[2019-12-08T11:35:20.976+0000][1][safepoint    ] Entering safepoint region: Cleanup
[2019-12-08T11:35:20.976+0000][1][safepoint    ] Leaving safepoint region
[2019-12-08T11:35:20.976+0000][1][safepoint    ] Total time for which application threads were stopped: 0.0000851 seconds, Stopping threads took: 0.0000182 seconds
[2019-12-08T11:35:21.976+0000][1][safepoint    ] Application time: 1.0000795 seconds
[2019-12-08T11:35:21.976+0000][1][safepoint    ] Entering safepoint region: Cleanup
[2019-12-08T11:35:21.976+0000][1][safepoint    ] Leaving safepoint region
[2019-12-08T11:35:21.976+0000][1][safepoint    ] Total time for which application threads were stopped: 0.0000866 seconds, Stopping threads took: 0.0000195 seconds
[2019-12-08T11:35:22.976+0000][1][safepoint    ] Application time: 1.0000814 seconds
[2019-12-08T11:35:22.976+0000][1][safepoint    ] Entering safepoint region: Cleanup
[2019-12-08T11:35:22.976+0000][1][safepoint    ] Leaving safepoint region
[2019-12-08T11:35:22.976+0000][1][safepoint    ] Total time for which application threads were stopped: 0.0000822 seconds, Stopping threads took: 0.0000170 seconds
[2019-12-08T11:35:23.976+0000][1][safepoint    ] Application time: 1.0000797 seconds
[2019-12-08T11:35:23.976+0000][1][safepoint    ] Entering safepoint region: Cleanup
[2019-12-08T11:35:23.976+0000][1][safepoint    ] Leaving safepoint region
[2019-12-08T11:35:23.976+0000][1][safepoint    ] Total time for which application threads were stopped: 0.0000908 seconds, Stopping threads took: 0.0000243 seconds
[2019-12-08T11:35:24.977+0000][1][safepoint    ] Application time: 1.0000768 seconds
[2019-12-08T11:35:24.977+0000][1][safepoint    ] Entering safepoint region: Cleanup
[2019-12-08T11:35:24.977+0000][1][safepoint    ] Leaving safepoint region
[2019-12-08T11:35:24.977+0000][1][safepoint    ] Total time for which application threads were stopped: 0.0000824 seconds, Stopping threads took: 0.0000170 seconds
[2019-12-08T11:35:25.977+0000][1][safepoint    ] Application time: 1.0000772 seconds
[2019-12-08T11:35:25.977+0000][1][safepoint    ] Entering safepoint region: Cleanup
[2019-12-08T11:35:25.977+0000][1][safepoint    ] Leaving safepoint region
[2019-12-08T11:35:25.977+0000][1][safepoint    ] Total time for which application threads were stopped: 0.0000926 seconds, Stopping threads took: 0.0000200 seconds
[2019-12-08T11:35:26.977+0000][1][safepoint    ] Application time: 1.0000783 seconds
[2019-12-08T11:35:26.977+0000][1][safepoint    ] Entering safepoint region: Cleanup
[2019-12-08T11:35:26.977+0000][1][safepoint    ] Leaving safepoint region
[2019-12-08T11:35:26.977+0000][1][safepoint    ] Total time for which application threads were stopped: 0.0000807 seconds, Stopping threads took: 0.0000169 seconds
[2019-12-08T11:35:27.977+0000][1][safepoint    ] Application time: 1.0000774 seconds
[2019-12-08T11:35:27.977+0000][1][safepoint    ] Entering safepoint region: Cleanup
[2019-12-08T11:35:27.977+0000][1][safepoint    ] Leaving safepoint region
[2019-12-08T11:35:27.977+0000][1][safepoint    ] Total time for which application threads were stopped: 0.0000806 seconds, Stopping threads took: 0.0000174 seconds
[2019-12-08T11:35:28.977+0000][1][safepoint    ] Application time: 1.0000782 seconds
[2019-12-08T11:35:28.977+0000][1][safepoint    ] Entering safepoint region: Cleanup
[2019-12-08T11:35:28.977+0000][1][safepoint    ] Leaving safepoint region
[2019-12-08T11:35:28.977+0000][1][safepoint    ] Total time for which application threads were stopped: 0.0000825 seconds, Stopping threads took: 0.0000183 seconds
[2019-12-08T11:35:29.978+0000][1][safepoint    ] Application time: 1.0000786 seconds
[2019-12-08T11:35:29.978+0000][1][safepoint    ] Entering safepoint region: Cleanup
[2019-12-08T11:35:29.978+0000][1][safepoint    ] Leaving safepoint region
[2019-12-08T11:35:29.978+0000][1][safepoint    ] Total time for which application threads were stopped: 0.0001002 seconds, Stopping threads took: 0.0000195 seconds
[2019-12-08T11:35:30.978+0000][1][safepoint    ] Application time: 1.0000789 seconds
[2019-12-08T11:35:30.978+0000][1][safepoint    ] Entering safepoint region: Cleanup
[2019-12-08T11:35:30.978+0000][1][safepoint    ] Leaving safepoint region
[2019-12-08T11:35:30.978+0000][1][safepoint    ] Total time for which application threads were stopped: 0.0000867 seconds, Stopping threads took: 0.0000185 seconds
[2019-12-08T11:35:31.978+0000][1][safepoint    ] Application time: 1.0000780 seconds
[2019-12-08T11:35:31.978+0000][1][safepoint    ] Entering safepoint region: Cleanup
[2019-12-08T11:35:31.978+0000][1][safepoint    ] Leaving safepoint region
[2019-12-08T11:35:31.978+0000][1][safepoint    ] Total time for which application threads were stopped: 0.0000812 seconds, Stopping threads took: 0.0000190 seconds
[2019-12-08T11:35:32.978+0000][1][safepoint    ] Application time: 1.0000780 seconds
[2019-12-08T11:35:32.978+0000][1][safepoint    ] Entering safepoint region: Cleanup
[2019-12-08T11:35:32.978+0000][1][safepoint    ] Leaving safepoint region
[2019-12-08T11:35:32.978+0000][1][safepoint    ] Total time for which application threads were stopped: 0.0000914 seconds, Stopping threads took: 0.0000191 seconds
[2019-12-08T11:35:33.978+0000][1][safepoint    ] Application time: 1.0000785 seconds
[2019-12-08T11:35:33.978+0000][1][safepoint    ] Entering safepoint region: Cleanup
[2019-12-08T11:35:33.979+0000][1][safepoint    ] Leaving safepoint region
[2019-12-08T11:35:33.979+0000][1][safepoint    ] Total time for which application threads were stopped: 0.0000911 seconds, Stopping threads took: 0.0000243 seconds
[2019-12-08T11:35:34.979+0000][1][safepoint    ] Application time: 1.0000774 seconds
[2019-12-08T11:35:34.979+0000][1][safepoint    ] Entering safepoint region: Cleanup
[2019-12-08T11:35:34.979+0000][1][safepoint    ] Leaving safepoint region
[2019-12-08T11:35:34.979+0000][1][safepoint    ] Total time for which application threads were stopped: 0.0000952 seconds, Stopping threads took: 0.0000179 seconds
[2019-12-08T11:35:35.979+0000][1][safepoint    ] Application time: 1.0000769 seconds
[2019-12-08T11:35:35.979+0000][1][safepoint    ] Entering safepoint region: Cleanup
[2019-12-08T11:35:35.979+0000][1][safepoint    ] Leaving safepoint region
[2019-12-08T11:35:35.979+0000][1][safepoint    ] Total time for which application threads were stopped: 0.0000844 seconds, Stopping threads took: 0.0000173 seconds
[2019-12-08T11:35:36.979+0000][1][safepoint    ] Application time: 1.0000762 seconds
[2019-12-08T11:35:36.979+0000][1][safepoint    ] Entering safepoint region: Cleanup
[2019-12-08T11:35:36.979+0000][1][safepoint    ] Leaving safepoint region
[2019-12-08T11:35:36.979+0000][1][safepoint    ] Total time for which application threads were stopped: 0.0000824 seconds, Stopping threads took: 0.0000184 seconds
[2019-12-08T11:35:37.979+0000][1][safepoint    ] Application time: 1.0000771 seconds
[2019-12-08T11:35:37.979+0000][1][safepoint    ] Entering safepoint region: Cleanup
[2019-12-08T11:35:37.979+0000][1][safepoint    ] Leaving safepoint region
[2019-12-08T11:35:37.979+0000][1][safepoint    ] Total time for which application threads were stopped: 0.0000803 seconds, Stopping threads took: 0.0000177 seconds
[2019-12-08T11:35:38.979+0000][1][safepoint    ] Application time: 1.0000834 seconds
[2019-12-08T11:35:38.979+0000][1][safepoint    ] Entering safepoint region: Cleanup
[2019-12-08T11:35:38.980+0000][1][safepoint    ] Leaving safepoint region
[2019-12-08T11:35:38.980+0000][1][safepoint    ] Total time for which application threads were stopped: 0.0000944 seconds, Stopping threads took: 0.0000201 seconds
[2019-12-08T11:35:39.980+0000][1][safepoint    ] Application time: 1.0000820 seconds
[2019-12-08T11:35:39.980+0000][1][safepoint    ] Entering safepoint region: Cleanup
[2019-12-08T11:35:39.980+0000][1][safepoint    ] Leaving safepoint region
[2019-12-08T11:35:39.980+0000][1][safepoint    ] Total time for which application threads were stopped: 0.0000883 seconds, Stopping threads took: 0.0000207 seconds
[2019-12-08T11:35:40.980+0000][1][safepoint    ] Application time: 1.0000775 seconds
[2019-12-08T11:35:40.980+0000][1][safepoint    ] Entering safepoint region: Cleanup
[2019-12-08T11:35:40.980+0000][1][safepoint    ] Leaving safepoint region
[2019-12-08T11:35:40.980+0000][1][safepoint    ] Total time for which application threads were stopped: 0.0000836 seconds, Stopping threads took: 0.0000192 seconds
[2019-12-08T11:35:41.980+0000][1][safepoint    ] Application time: 1.0000515 seconds
[2019-12-08T11:35:41.980+0000][1][safepoint    ] Entering safepoint region: Cleanup
[2019-12-08T11:35:41.980+0000][1][safepoint    ] Leaving safepoint region
[2019-12-08T11:35:41.980+0000][1][safepoint    ] Total time for which application threads were stopped: 0.0000860 seconds, Stopping threads took: 0.0000181 seconds
[2019-12-08T11:35:42.980+0000][1][safepoint    ] Application time: 1.0000767 seconds
[2019-12-08T11:35:42.980+0000][1][safepoint    ] Entering safepoint region: Cleanup
[2019-12-08T11:35:42.980+0000][1][safepoint    ] Leaving safepoint region
[2019-12-08T11:35:42.980+0000][1][safepoint    ] Total time for which application threads were stopped: 0.0000933 seconds, Stopping threads took: 0.0000185 seconds
[2019-12-08T11:35:43.980+0000][1][safepoint    ] Application time: 1.0000777 seconds
[2019-12-08T11:35:43.981+0000][1][safepoint    ] Entering safepoint region: Cleanup
[2019-12-08T11:35:43.981+0000][1][safepoint    ] Leaving safepoint region
[2019-12-08T11:35:43.981+0000][1][safepoint    ] Total time for which application threads were stopped: 0.0001055 seconds, Stopping threads took: 0.0000340 seconds
[2019-12-08T11:35:44.981+0000][1][safepoint    ] Application time: 1.0000890 seconds
[2019-12-08T11:35:44.981+0000][1][safepoint    ] Entering safepoint region: Cleanup
[2019-12-08T11:35:44.981+0000][1][safepoint    ] Leaving safepoint region
[2019-12-08T11:35:44.981+0000][1][safepoint    ] Total time for which application threads were stopped: 0.0000835 seconds, Stopping threads took: 0.0000189 seconds
[2019-12-08T11:35:45.981+0000][1][safepoint    ] Application time: 1.0000780 seconds
[2019-12-08T11:35:45.981+0000][1][safepoint    ] Entering safepoint region: Cleanup
[2019-12-08T11:35:45.981+0000][1][safepoint    ] Leaving safepoint region
[2019-12-08T11:35:45.981+0000][1][safepoint    ] Total time for which application threads were stopped: 0.0000974 seconds, Stopping threads took: 0.0000188 seconds
[2019-12-08T11:35:46.981+0000][1][safepoint    ] Application time: 1.0000767 seconds
[2019-12-08T11:35:46.981+0000][1][safepoint    ] Entering safepoint region: Cleanup
[2019-12-08T11:35:46.981+0000][1][safepoint    ] Leaving safepoint region
[2019-12-08T11:35:46.981+0000][1][safepoint    ] Total time for which application threads were stopped: 0.0000867 seconds, Stopping threads took: 0.0000198 seconds
[2019-12-08T11:35:47.981+0000][1][safepoint    ] Application time: 1.0000772 seconds
[2019-12-08T11:35:47.981+0000][1][safepoint    ] Entering safepoint region: Cleanup
[2019-12-08T11:35:47.981+0000][1][safepoint    ] Leaving safepoint region
[2019-12-08T11:35:47.981+0000][1][safepoint    ] Total time for which application threads were stopped: 0.0000847 seconds, Stopping threads took: 0.0000169 seconds
[2019-12-08T11:35:48.982+0000][1][safepoint    ] Application time: 1.0000776 seconds
[2019-12-08T11:35:48.982+0000][1][safepoint    ] Entering safepoint region: Cleanup
[2019-12-08T11:35:48.982+0000][1][safepoint    ] Leaving safepoint region
[2019-12-08T11:35:48.982+0000][1][safepoint    ] Total time for which application threads were stopped: 0.0000880 seconds, Stopping threads took: 0.0000175 seconds
[2019-12-08T11:35:49.982+0000][1][safepoint    ] Application time: 1.0000782 seconds
[2019-12-08T11:35:49.982+0000][1][safepoint    ] Entering safepoint region: Cleanup
[2019-12-08T11:35:49.982+0000][1][safepoint    ] Leaving safepoint region
[2019-12-08T11:35:49.982+0000][1][safepoint    ] Total time for which application threads were stopped: 0.0000827 seconds, Stopping threads took: 0.0000186 seconds
[2019-12-08T11:35:50.982+0000][1][safepoint    ] Application time: 1.0000794 seconds
[2019-12-08T11:35:50.982+0000][1][safepoint    ] Entering safepoint region: Cleanup
[2019-12-08T11:35:50.982+0000][1][safepoint    ] Leaving safepoint region
[2019-12-08T11:35:50.982+0000][1][safepoint    ] Total time for which application threads were stopped: 0.0000855 seconds, Stopping threads took: 0.0000191 seconds
[2019-12-08T11:35:51.982+0000][1][safepoint    ] Application time: 1.0000762 seconds
[2019-12-08T11:35:51.982+0000][1][safepoint    ] Entering safepoint region: Cleanup
[2019-12-08T11:35:51.982+0000][1][safepoint    ] Leaving safepoint region
[2019-12-08T11:35:51.982+0000][1][safepoint    ] Total time for which application threads were stopped: 0.0000898 seconds, Stopping threads took: 0.0000263 seconds
[2019-12-08T11:35:52.982+0000][1][safepoint    ] Application time: 1.0000784 seconds
[2019-12-08T11:35:52.982+0000][1][safepoint    ] Entering safepoint region: Cleanup
[2019-12-08T11:35:52.982+0000][1][safepoint    ] Leaving safepoint region
[2019-12-08T11:35:52.982+0000][1][safepoint    ] Total time for which application threads were stopped: 0.0000838 seconds, Stopping threads took: 0.0000189 seconds
[2019-12-08T11:35:53.983+0000][1][safepoint    ] Application time: 1.0000768 seconds
[2019-12-08T11:35:53.983+0000][1][safepoint    ] Entering safepoint region: Cleanup
[2019-12-08T11:35:53.983+0000][1][safepoint    ] Leaving safepoint region
[2019-12-08T11:35:53.983+0000][1][safepoint    ] Total time for which application threads were stopped: 0.0000954 seconds, Stopping threads took: 0.0000199 seconds
[2019-12-08T11:35:54.983+0000][1][safepoint    ] Application time: 1.0000802 seconds
[2019-12-08T11:35:54.983+0000][1][safepoint    ] Entering safepoint region: Cleanup
[2019-12-08T11:35:54.983+0000][1][safepoint    ] Leaving safepoint region
[2019-12-08T11:35:54.983+0000][1][safepoint    ] Total time for which application threads were stopped: 0.0000826 seconds, Stopping threads took: 0.0000184 seconds
[2019-12-08T11:35:55.983+0000][1][safepoint    ] Application time: 1.0000807 seconds
[2019-12-08T11:35:55.983+0000][1][safepoint    ] Entering safepoint region: Cleanup
[2019-12-08T11:35:55.983+0000][1][safepoint    ] Leaving safepoint region
[2019-12-08T11:35:55.983+0000][1][safepoint    ] Total time for which application threads were stopped: 0.0000876 seconds, Stopping threads took: 0.0000189 seconds
[2019-12-08T11:35:56.983+0000][1][safepoint    ] Application time: 1.0000788 seconds
[2019-12-08T11:35:56.983+0000][1][safepoint    ] Entering safepoint region: Cleanup
[2019-12-08T11:35:56.983+0000][1][safepoint    ] Leaving safepoint region
[2019-12-08T11:35:56.983+0000][1][safepoint    ] Total time for which application threads were stopped: 0.0000865 seconds, Stopping threads took: 0.0000190 seconds
[2019-12-08T11:35:57.983+0000][1][safepoint    ] Application time: 1.0000747 seconds
[2019-12-08T11:35:57.983+0000][1][safepoint    ] Entering safepoint region: Cleanup
[2019-12-08T11:35:57.984+0000][1][safepoint    ] Leaving safepoint region
[2019-12-08T11:35:57.984+0000][1][safepoint    ] Total time for which application threads were stopped: 0.0000828 seconds, Stopping threads took: 0.0000189 seconds
[2019-12-08T11:35:58.984+0000][1][safepoint    ] Application time: 1.0000797 seconds
[2019-12-08T11:35:58.984+0000][1][safepoint    ] Entering safepoint region: Cleanup
[2019-12-08T11:35:58.984+0000][1][safepoint    ] Leaving safepoint region
[2019-12-08T11:35:58.984+0000][1][safepoint    ] Total time for which application threads were stopped: 0.0000956 seconds, Stopping threads took: 0.0000279 seconds
[2019-12-08T11:35:59.984+0000][1][safepoint    ] Application time: 1.0000786 seconds
[2019-12-08T11:35:59.984+0000][1][safepoint    ] Entering safepoint region: Cleanup
[2019-12-08T11:35:59.984+0000][1][safepoint    ] Leaving safepoint region
[2019-12-08T11:35:59.984+0000][1][safepoint    ] Total time for which application threads were stopped: 0.0000857 seconds, Stopping threads took: 0.0000194 seconds
[2019-12-08T11:36:00.984+0000][1][safepoint    ] Application time: 1.0000765 seconds
[2019-12-08T11:36:00.984+0000][1][safepoint    ] Entering safepoint region: Cleanup
[2019-12-08T11:36:00.984+0000][1][safepoint    ] Leaving safepoint region
[2019-12-08T11:36:00.984+0000][1][safepoint    ] Total time for which application threads were stopped: 0.0000821 seconds, Stopping threads took: 0.0000194 seconds
[2019-12-08T11:36:01.984+0000][1][safepoint    ] Application time: 1.0000823 seconds
[2019-12-08T11:36:01.984+0000][1][safepoint    ] Entering safepoint region: Cleanup
[2019-12-08T11:36:01.984+0000][1][safepoint    ] Leaving safepoint region
[2019-12-08T11:36:01.984+0000][1][safepoint    ] Total time for which application threads were stopped: 0.0001134 seconds, Stopping threads took: 0.0000262 seconds
[2019-12-08T11:36:02.985+0000][1][safepoint    ] Application time: 1.0000813 seconds
[2019-12-08T11:36:02.985+0000][1][safepoint    ] Entering safepoint region: Cleanup
[2019-12-08T11:36:02.985+0000][1][safepoint    ] Leaving safepoint region
[2019-12-08T11:36:02.985+0000][1][safepoint    ] Total time for which application threads were stopped: 0.0000864 seconds, Stopping threads took: 0.0000200 seconds
[2019-12-08T11:36:03.985+0000][1][safepoint    ] Application time: 1.0000868 seconds
[2019-12-08T11:36:03.985+0000][1][safepoint    ] Entering safepoint region: Cleanup
[2019-12-08T11:36:03.985+0000][1][safepoint    ] Leaving safepoint region
[2019-12-08T11:36:03.985+0000][1][safepoint    ] Total time for which application threads were stopped: 0.0000862 seconds, Stopping threads took: 0.0000183 seconds
[2019-12-08T11:36:04.985+0000][1][safepoint    ] Application time: 1.0000871 seconds
[2019-12-08T11:36:04.985+0000][1][safepoint    ] Entering safepoint region: Cleanup
[2019-12-08T11:36:04.985+0000][1][safepoint    ] Leaving safepoint region
[2019-12-08T11:36:04.985+0000][1][safepoint    ] Total time for which application threads were stopped: 0.0000906 seconds, Stopping threads took: 0.0000199 seconds
[2019-12-08T11:36:05.985+0000][1][safepoint    ] Application time: 1.0000915 seconds
[2019-12-08T11:36:05.985+0000][1][safepoint    ] Entering safepoint region: Cleanup
[2019-12-08T11:36:05.985+0000][1][safepoint    ] Leaving safepoint region
[2019-12-08T11:36:05.985+0000][1][safepoint    ] Total time for which application threads were stopped: 0.0000869 seconds, Stopping threads took: 0.0000199 seconds
[2019-12-08T11:36:06.985+0000][1][safepoint    ] Application time: 1.0000850 seconds
[2019-12-08T11:36:06.985+0000][1][safepoint    ] Entering safepoint region: Cleanup
[2019-12-08T11:36:06.985+0000][1][safepoint    ] Leaving safepoint region
[2019-12-08T11:36:06.986+0000][1][safepoint    ] Total time for which application threads were stopped: 0.0000890 seconds, Stopping threads took: 0.0000189 seconds
[2019-12-08T11:36:07.986+0000][1][safepoint    ] Application time: 1.0000778 seconds
[2019-12-08T11:36:07.986+0000][1][safepoint    ] Entering safepoint region: Cleanup
[2019-12-08T11:36:07.986+0000][1][safepoint    ] Leaving safepoint region
[2019-12-08T11:36:07.986+0000][1][safepoint    ] Total time for which application threads were stopped: 0.0000972 seconds, Stopping threads took: 0.0000189 seconds
[2019-12-08T11:36:08.014+0000][1][safepoint    ] Application time: 0.0284515 seconds
[2019-12-08T11:36:08.014+0000][1][safepoint    ] Entering safepoint region: GenCollectForAllocation
[2019-12-08T11:36:08.014+0000][1][gc,start     ] GC(24) Pause Young (Allocation Failure)
[2019-12-08T11:36:08.014+0000][1][gc,task      ] GC(24) Using 4 workers of 4 for evacuation
[2019-12-08T11:36:08.023+0000][1][gc,age       ] GC(24) Desired survivor size 4456448 bytes, new threshold 6 (max threshold 6)
[2019-12-08T11:36:08.023+0000][1][gc,age       ] GC(24) Age table with threshold 6 (max threshold 6)
[2019-12-08T11:36:08.023+0000][1][gc,age       ] GC(24) - age   1:      31480 bytes,      31480 total
[2019-12-08T11:36:08.023+0000][1][gc,age       ] GC(24) - age   2:    1930112 bytes,    1961592 total
[2019-12-08T11:36:08.023+0000][1][gc,heap      ] GC(24) ParNew: 76631K->5669K(78656K)
[2019-12-08T11:36:08.023+0000][1][gc,heap      ] GC(24) CMS: 64709K->68257K(174784K)
[2019-12-08T11:36:08.023+0000][1][gc,metaspace ] GC(24) Metaspace: 68567K->68567K(1112064K)
[2019-12-08T11:36:08.023+0000][1][gc           ] GC(24) Pause Young (Allocation Failure) 138M->72M(247M) 8.732ms
[2019-12-08T11:36:08.023+0000][1][gc,cpu       ] GC(24) User=0.03s Sys=0.00s Real=0.01s
[2019-12-08T11:36:08.023+0000][1][safepoint    ] Leaving safepoint region
[2019-12-08T11:36:08.023+0000][1][safepoint    ] Total time for which application threads were stopped: 0.0088787 seconds, Stopping threads took: 0.0000147 seconds
[2019-12-08T11:36:09.023+0000][1][safepoint    ] Application time: 1.0000916 seconds
[2019-12-08T11:36:09.023+0000][1][safepoint    ] Entering safepoint region: Cleanup
[2019-12-08T11:36:09.023+0000][1][safepoint    ] Leaving safepoint region
[2019-12-08T11:36:09.023+0000][1][safepoint    ] Total time for which application threads were stopped: 0.0000838 seconds, Stopping threads took: 0.0000194 seconds
[2019-12-08T11:36:10.023+0000][1][safepoint    ] Application time: 1.0000773 seconds
[2019-12-08T11:36:10.023+0000][1][safepoint    ] Entering safepoint region: Cleanup
[2019-12-08T11:36:10.023+0000][1][safepoint    ] Leaving safepoint region
[2019-12-08T11:36:10.024+0000][1][safepoint    ] Total time for which application threads were stopped: 0.0000893 seconds, Stopping threads took: 0.0000184 seconds
[2019-12-08T11:36:11.024+0000][1][safepoint    ] Application time: 1.0000763 seconds
[2019-12-08T11:36:11.024+0000][1][safepoint    ] Entering safepoint region: Cleanup
[2019-12-08T11:36:11.024+0000][1][safepoint    ] Leaving safepoint region
[2019-12-08T11:36:11.024+0000][1][safepoint    ] Total time for which application threads were stopped: 0.0000955 seconds, Stopping threads took: 0.0000179 seconds
[2019-12-08T11:36:12.024+0000][1][safepoint    ] Application time: 1.0000771 seconds
[2019-12-08T11:36:12.024+0000][1][safepoint    ] Entering safepoint region: Cleanup
[2019-12-08T11:36:12.024+0000][1][safepoint    ] Leaving safepoint region
[2019-12-08T11:36:12.024+0000][1][safepoint    ] Total time for which application threads were stopped: 0.0000923 seconds, Stopping threads took: 0.0000214 seconds
[2019-12-08T11:36:13.024+0000][1][safepoint    ] Application time: 1.0000765 seconds
[2019-12-08T11:36:13.024+0000][1][safepoint    ] Entering safepoint region: Cleanup
[2019-12-08T11:36:13.024+0000][1][safepoint    ] Leaving safepoint region
[2019-12-08T11:36:13.024+0000][1][safepoint    ] Total time for which application threads were stopped: 0.0001030 seconds, Stopping threads took: 0.0000204 seconds
[2019-12-08T11:36:14.024+0000][1][safepoint    ] Application time: 1.0000759 seconds
[2019-12-08T11:36:14.024+0000][1][safepoint    ] Entering safepoint region: Cleanup
[2019-12-08T11:36:14.024+0000][1][safepoint    ] Leaving safepoint region
[2019-12-08T11:36:14.024+0000][1][safepoint    ] Total time for which application threads were stopped: 0.0000855 seconds, Stopping threads took: 0.0000181 seconds
[2019-12-08T11:36:15.024+0000][1][safepoint    ] Application time: 1.0000770 seconds
[2019-12-08T11:36:15.024+0000][1][safepoint    ] Entering safepoint region: Cleanup
[2019-12-08T11:36:15.025+0000][1][safepoint    ] Leaving safepoint region
[2019-12-08T11:36:15.025+0000][1][safepoint    ] Total time for which application threads were stopped: 0.0000962 seconds, Stopping threads took: 0.0000205 seconds
[2019-12-08T11:36:16.025+0000][1][safepoint    ] Application time: 1.0000752 seconds
[2019-12-08T11:36:16.025+0000][1][safepoint    ] Entering safepoint region: Cleanup
[2019-12-08T11:36:16.025+0000][1][safepoint    ] Leaving safepoint region
[2019-12-08T11:36:16.025+0000][1][safepoint    ] Total time for which application threads were stopped: 0.0000936 seconds, Stopping threads took: 0.0000192 seconds
[2019-12-08T11:36:17.025+0000][1][safepoint    ] Application time: 1.0000779 seconds
[2019-12-08T11:36:17.025+0000][1][safepoint    ] Entering safepoint region: Cleanup
[2019-12-08T11:36:17.025+0000][1][safepoint    ] Leaving safepoint region
[2019-12-08T11:36:17.025+0000][1][safepoint    ] Total time for which application threads were stopped: 0.0000961 seconds, Stopping threads took: 0.0000264 seconds
[2019-12-08T11:36:18.025+0000][1][safepoint    ] Application time: 1.0000783 seconds
[2019-12-08T11:36:18.025+0000][1][safepoint    ] Entering safepoint region: Cleanup
[2019-12-08T11:36:18.025+0000][1][safepoint    ] Leaving safepoint region
[2019-12-08T11:36:18.025+0000][1][safepoint    ] Total time for which application threads were stopped: 0.0000906 seconds, Stopping threads took: 0.0000186 seconds
[2019-12-08T11:36:19.025+0000][1][safepoint    ] Application time: 1.0000757 seconds
[2019-12-08T11:36:19.025+0000][1][safepoint    ] Entering safepoint region: Cleanup
[2019-12-08T11:36:19.025+0000][1][safepoint    ] Leaving safepoint region
[2019-12-08T11:36:19.025+0000][1][safepoint    ] Total time for which application threads were stopped: 0.0000850 seconds, Stopping threads took: 0.0000193 seconds
[2019-12-08T11:36:20.026+0000][1][safepoint    ] Application time: 1.0000818 seconds
[2019-12-08T11:36:20.026+0000][1][safepoint    ] Entering safepoint region: Cleanup
[2019-12-08T11:36:20.026+0000][1][safepoint    ] Leaving safepoint region
[2019-12-08T11:36:20.026+0000][1][safepoint    ] Total time for which application threads were stopped: 0.0001134 seconds, Stopping threads took: 0.0000234 seconds
[2019-12-08T11:36:21.026+0000][1][safepoint    ] Application time: 1.0000933 seconds
[2019-12-08T11:36:21.026+0000][1][safepoint    ] Entering safepoint region: Cleanup
[2019-12-08T11:36:21.026+0000][1][safepoint    ] Leaving safepoint region
[2019-12-08T11:36:21.026+0000][1][safepoint    ] Total time for which application threads were stopped: 0.0000880 seconds, Stopping threads took: 0.0000184 seconds
[2019-12-08T11:36:22.026+0000][1][safepoint    ] Application time: 1.0000771 seconds
[2019-12-08T11:36:22.026+0000][1][safepoint    ] Entering safepoint region: Cleanup
[2019-12-08T11:36:22.026+0000][1][safepoint    ] Leaving safepoint region
[2019-12-08T11:36:22.026+0000][1][safepoint    ] Total time for which application threads were stopped: 0.0000911 seconds, Stopping threads took: 0.0000192 seconds
[2019-12-08T11:36:23.026+0000][1][safepoint    ] Application time: 1.0000773 seconds
[2019-12-08T11:36:23.026+0000][1][safepoint    ] Entering safepoint region: Cleanup
[2019-12-08T11:36:23.026+0000][1][safepoint    ] Leaving safepoint region
[2019-12-08T11:36:23.026+0000][1][safepoint    ] Total time for which application threads were stopped: 0.0000851 seconds, Stopping threads took: 0.0000192 seconds
[2019-12-08T11:36:24.026+0000][1][safepoint    ] Application time: 1.0000773 seconds
[2019-12-08T11:36:24.026+0000][1][safepoint    ] Entering safepoint region: Cleanup
[2019-12-08T11:36:24.027+0000][1][safepoint    ] Leaving safepoint region
[2019-12-08T11:36:24.027+0000][1][safepoint    ] Total time for which application threads were stopped: 0.0000842 seconds, Stopping threads took: 0.0000180 seconds
[2019-12-08T11:36:25.027+0000][1][safepoint    ] Application time: 1.0000797 seconds
[2019-12-08T11:36:25.027+0000][1][safepoint    ] Entering safepoint region: Cleanup
[2019-12-08T11:36:25.027+0000][1][safepoint    ] Leaving safepoint region
[2019-12-08T11:36:25.027+0000][1][safepoint    ] Total time for which application threads were stopped: 0.0001046 seconds, Stopping threads took: 0.0000282 seconds
[2019-12-08T11:36:26.027+0000][1][safepoint    ] Application time: 1.0000825 seconds
[2019-12-08T11:36:26.027+0000][1][safepoint    ] Entering safepoint region: Cleanup
[2019-12-08T11:36:26.027+0000][1][safepoint    ] Leaving safepoint region
[2019-12-08T11:36:26.027+0000][1][safepoint    ] Total time for which application threads were stopped: 0.0000888 seconds, Stopping threads took: 0.0000200 seconds
[2019-12-08T11:36:27.027+0000][1][safepoint    ] Application time: 1.0000835 seconds
[2019-12-08T11:36:27.027+0000][1][safepoint    ] Entering safepoint region: Cleanup
[2019-12-08T11:36:27.027+0000][1][safepoint    ] Leaving safepoint region
[2019-12-08T11:36:27.027+0000][1][safepoint    ] Total time for which application threads were stopped: 0.0000966 seconds, Stopping threads took: 0.0000298 seconds
[2019-12-08T11:36:28.027+0000][1][safepoint    ] Application time: 1.0000780 seconds
[2019-12-08T11:36:28.027+0000][1][safepoint    ] Entering safepoint region: Cleanup
[2019-12-08T11:36:28.027+0000][1][safepoint    ] Leaving safepoint region
[2019-12-08T11:36:28.027+0000][1][safepoint    ] Total time for which application threads were stopped: 0.0000841 seconds, Stopping threads took: 0.0000194 seconds
[2019-12-08T11:36:29.027+0000][1][safepoint    ] Application time: 1.0000792 seconds
[2019-12-08T11:36:29.028+0000][1][safepoint    ] Entering safepoint region: Cleanup
[2019-12-08T11:36:29.028+0000][1][safepoint    ] Leaving safepoint region
[2019-12-08T11:36:29.028+0000][1][safepoint    ] Total time for which application threads were stopped: 0.0001009 seconds, Stopping threads took: 0.0000203 seconds
[2019-12-08T11:36:30.028+0000][1][safepoint    ] Application time: 1.0000945 seconds
[2019-12-08T11:36:30.028+0000][1][safepoint    ] Entering safepoint region: Cleanup
[2019-12-08T11:36:30.028+0000][1][safepoint    ] Leaving safepoint region
[2019-12-08T11:36:30.028+0000][1][safepoint    ] Total time for which application threads were stopped: 0.0000851 seconds, Stopping threads took: 0.0000188 seconds
[2019-12-08T11:36:31.028+0000][1][safepoint    ] Application time: 1.0000872 seconds
[2019-12-08T11:36:31.028+0000][1][safepoint    ] Entering safepoint region: Cleanup
[2019-12-08T11:36:31.028+0000][1][safepoint    ] Leaving safepoint region
[2019-12-08T11:36:31.028+0000][1][safepoint    ] Total time for which application threads were stopped: 0.0000921 seconds, Stopping threads took: 0.0000204 seconds
[2019-12-08T11:36:32.028+0000][1][safepoint    ] Application time: 1.0000818 seconds
[2019-12-08T11:36:32.028+0000][1][safepoint    ] Entering safepoint region: Cleanup
[2019-12-08T11:36:32.028+0000][1][safepoint    ] Leaving safepoint region
[2019-12-08T11:36:32.028+0000][1][safepoint    ] Total time for which application threads were stopped: 0.0000876 seconds, Stopping threads took: 0.0000209 seconds
[2019-12-08T11:36:33.028+0000][1][safepoint    ] Application time: 1.0000818 seconds
[2019-12-08T11:36:33.028+0000][1][safepoint    ] Entering safepoint region: Cleanup
[2019-12-08T11:36:33.028+0000][1][safepoint    ] Leaving safepoint region
[2019-12-08T11:36:33.028+0000][1][safepoint    ] Total time for which application threads were stopped: 0.0000864 seconds, Stopping threads took: 0.0000195 seconds
[2019-12-08T11:36:34.029+0000][1][safepoint    ] Application time: 1.0000780 seconds
[2019-12-08T11:36:34.029+0000][1][safepoint    ] Entering safepoint region: Cleanup
[2019-12-08T11:36:34.029+0000][1][safepoint    ] Leaving safepoint region
[2019-12-08T11:36:34.029+0000][1][safepoint    ] Total time for which application threads were stopped: 0.0000971 seconds, Stopping threads took: 0.0000200 seconds
[2019-12-08T11:36:35.029+0000][1][safepoint    ] Application time: 1.0000782 seconds
[2019-12-08T11:36:35.029+0000][1][safepoint    ] Entering safepoint region: Cleanup
[2019-12-08T11:36:35.029+0000][1][safepoint    ] Leaving safepoint region
[2019-12-08T11:36:35.029+0000][1][safepoint    ] Total time for which application threads were stopped: 0.0000869 seconds, Stopping threads took: 0.0000190 seconds
[2019-12-08T11:36:36.029+0000][1][safepoint    ] Application time: 1.0000784 seconds
[2019-12-08T11:36:36.029+0000][1][safepoint    ] Entering safepoint region: Cleanup
[2019-12-08T11:36:36.029+0000][1][safepoint    ] Leaving safepoint region
[2019-12-08T11:36:36.029+0000][1][safepoint    ] Total time for which application threads were stopped: 0.0000857 seconds, Stopping threads took: 0.0000194 seconds
[2019-12-08T11:36:37.029+0000][1][safepoint    ] Application time: 1.0000673 seconds
[2019-12-08T11:36:37.029+0000][1][safepoint    ] Entering safepoint region: Cleanup
[2019-12-08T11:36:37.029+0000][1][safepoint    ] Leaving safepoint region
[2019-12-08T11:36:37.029+0000][1][safepoint    ] Total time for which application threads were stopped: 0.0000920 seconds, Stopping threads took: 0.0000200 seconds
[2019-12-08T11:36:38.029+0000][1][safepoint    ] Application time: 1.0000790 seconds
[2019-12-08T11:36:38.029+0000][1][safepoint    ] Entering safepoint region: Cleanup
[2019-12-08T11:36:38.030+0000][1][safepoint    ] Leaving safepoint region
[2019-12-08T11:36:38.030+0000][1][safepoint    ] Total time for which application threads were stopped: 0.0000857 seconds, Stopping threads took: 0.0000187 seconds
[2019-12-08T11:36:39.030+0000][1][safepoint    ] Application time: 1.0000799 seconds
[2019-12-08T11:36:39.030+0000][1][safepoint    ] Entering safepoint region: Cleanup
[2019-12-08T11:36:39.030+0000][1][safepoint    ] Leaving safepoint region
[2019-12-08T11:36:39.030+0000][1][safepoint    ] Total time for which application threads were stopped: 0.0000938 seconds, Stopping threads took: 0.0000180 seconds
[2019-12-08T11:36:40.030+0000][1][safepoint    ] Application time: 1.0000773 seconds
[2019-12-08T11:36:40.030+0000][1][safepoint    ] Entering safepoint region: Cleanup
[2019-12-08T11:36:40.030+0000][1][safepoint    ] Leaving safepoint region
[2019-12-08T11:36:40.030+0000][1][safepoint    ] Total time for which application threads were stopped: 0.0000840 seconds, Stopping threads took: 0.0000179 seconds
[2019-12-08T11:36:41.030+0000][1][safepoint    ] Application time: 1.0000850 seconds
[2019-12-08T11:36:41.030+0000][1][safepoint    ] Entering safepoint region: Cleanup
[2019-12-08T11:36:41.030+0000][1][safepoint    ] Leaving safepoint region
[2019-12-08T11:36:41.030+0000][1][safepoint    ] Total time for which application threads were stopped: 0.0000854 seconds, Stopping threads took: 0.0000187 seconds
[2019-12-08T11:36:42.030+0000][1][safepoint    ] Application time: 1.0000813 seconds
[2019-12-08T11:36:42.030+0000][1][safepoint    ] Entering safepoint region: Cleanup
[2019-12-08T11:36:42.030+0000][1][safepoint    ] Leaving safepoint region
[2019-12-08T11:36:42.030+0000][1][safepoint    ] Total time for which application threads were stopped: 0.0000912 seconds, Stopping threads took: 0.0000198 seconds
[2019-12-08T11:36:43.030+0000][1][safepoint    ] Application time: 1.0000801 seconds
[2019-12-08T11:36:43.030+0000][1][safepoint    ] Entering safepoint region: Cleanup
[2019-12-08T11:36:43.031+0000][1][safepoint    ] Leaving safepoint region
[2019-12-08T11:36:43.031+0000][1][safepoint    ] Total time for which application threads were stopped: 0.0000894 seconds, Stopping threads took: 0.0000191 seconds
[2019-12-08T11:36:44.031+0000][1][safepoint    ] Application time: 1.0000894 seconds
[2019-12-08T11:36:44.031+0000][1][safepoint    ] Entering safepoint region: Cleanup
[2019-12-08T11:36:44.031+0000][1][safepoint    ] Leaving safepoint region
[2019-12-08T11:36:44.031+0000][1][safepoint    ] Total time for which application threads were stopped: 0.0000946 seconds, Stopping threads took: 0.0000201 seconds
[2019-12-08T11:36:45.031+0000][1][safepoint    ] Application time: 1.0000780 seconds
[2019-12-08T11:36:45.031+0000][1][safepoint    ] Entering safepoint region: Cleanup
[2019-12-08T11:36:45.031+0000][1][safepoint    ] Leaving safepoint region
[2019-12-08T11:36:45.031+0000][1][safepoint    ] Total time for which application threads were stopped: 0.0000884 seconds, Stopping threads took: 0.0000174 seconds
[2019-12-08T11:36:49.031+0000][1][safepoint    ] Application time: 4.0002890 seconds
[2019-12-08T11:36:49.031+0000][1][safepoint    ] Entering safepoint region: Cleanup
[2019-12-08T11:36:49.031+0000][1][safepoint    ] Leaving safepoint region
[2019-12-08T11:36:49.031+0000][1][safepoint    ] Total time for which application threads were stopped: 0.0000944 seconds, Stopping threads took: 0.0000189 seconds
[2019-12-08T11:36:50.032+0000][1][safepoint    ] Application time: 1.0000757 seconds
[2019-12-08T11:36:50.032+0000][1][safepoint    ] Entering safepoint region: Cleanup
[2019-12-08T11:36:50.032+0000][1][safepoint    ] Leaving safepoint region
[2019-12-08T11:36:50.032+0000][1][safepoint    ] Total time for which application threads were stopped: 0.0000963 seconds, Stopping threads took: 0.0000189 seconds
[2019-12-08T11:36:52.032+0000][1][safepoint    ] Application time: 2.0001208 seconds
[2019-12-08T11:36:52.032+0000][1][safepoint    ] Entering safepoint region: Cleanup
[2019-12-08T11:36:52.032+0000][1][safepoint    ] Leaving safepoint region
[2019-12-08T11:36:52.032+0000][1][safepoint    ] Total time for which application threads were stopped: 0.0001064 seconds, Stopping threads took: 0.0000194 seconds
[2019-12-08T11:36:53.032+0000][1][safepoint    ] Application time: 1.0000796 seconds
[2019-12-08T11:36:53.032+0000][1][safepoint    ] Entering safepoint region: Cleanup
[2019-12-08T11:36:53.032+0000][1][safepoint    ] Leaving safepoint region
[2019-12-08T11:36:53.032+0000][1][safepoint    ] Total time for which application threads were stopped: 0.0000942 seconds, Stopping threads took: 0.0000260 seconds
[2019-12-08T11:37:01.033+0000][1][safepoint    ] Application time: 8.0005833 seconds
[2019-12-08T11:37:01.033+0000][1][safepoint    ] Entering safepoint region: Cleanup
[2019-12-08T11:37:01.033+0000][1][safepoint    ] Leaving safepoint region
[2019-12-08T11:37:01.033+0000][1][safepoint    ] Total time for which application threads were stopped: 0.0000989 seconds, Stopping threads took: 0.0000263 seconds
[2019-12-08T11:37:02.033+0000][1][safepoint    ] Application time: 1.0000851 seconds
[2019-12-08T11:37:02.033+0000][1][safepoint    ] Entering safepoint region: Cleanup
[2019-12-08T11:37:02.033+0000][1][safepoint    ] Leaving safepoint region
[2019-12-08T11:37:02.033+0000][1][safepoint    ] Total time for which application threads were stopped: 0.0000921 seconds, Stopping threads took: 0.0000210 seconds
[2019-12-08T11:37:04.033+0000][1][safepoint    ] Application time: 2.0001588 seconds
[2019-12-08T11:37:04.033+0000][1][safepoint    ] Entering safepoint region: Cleanup
[2019-12-08T11:37:04.033+0000][1][safepoint    ] Leaving safepoint region
[2019-12-08T11:37:04.033+0000][1][safepoint    ] Total time for which application threads were stopped: 0.0000897 seconds, Stopping threads took: 0.0000190 seconds
[2019-12-08T11:37:08.034+0000][1][safepoint    ] Application time: 4.0002941 seconds
[2019-12-08T11:37:08.034+0000][1][safepoint    ] Entering safepoint region: Cleanup
[2019-12-08T11:37:08.034+0000][1][safepoint    ] Leaving safepoint region
[2019-12-08T11:37:08.034+0000][1][safepoint    ] Total time for which application threads were stopped: 0.0000895 seconds, Stopping threads took: 0.0000195 seconds
[2019-12-08T11:37:11.034+0000][1][safepoint    ] Application time: 3.0002133 seconds
[2019-12-08T11:37:11.034+0000][1][safepoint    ] Entering safepoint region: Cleanup
[2019-12-08T11:37:11.034+0000][1][safepoint    ] Leaving safepoint region
[2019-12-08T11:37:11.034+0000][1][safepoint    ] Total time for which application threads were stopped: 0.0000845 seconds, Stopping threads took: 0.0000185 seconds
[2019-12-08T11:37:12.034+0000][1][safepoint    ] Application time: 1.0000756 seconds
[2019-12-08T11:37:12.034+0000][1][safepoint    ] Entering safepoint region: Cleanup
[2019-12-08T11:37:12.034+0000][1][safepoint    ] Leaving safepoint region
[2019-12-08T11:37:12.034+0000][1][safepoint    ] Total time for which application threads were stopped: 0.0000841 seconds, Stopping threads took: 0.0000192 seconds
[2019-12-08T11:37:13.034+0000][1][safepoint    ] Application time: 1.0000783 seconds
[2019-12-08T11:37:13.034+0000][1][safepoint    ] Entering safepoint region: Cleanup
[2019-12-08T11:37:13.035+0000][1][safepoint    ] Leaving safepoint region
[2019-12-08T11:37:13.035+0000][1][safepoint    ] Total time for which application threads were stopped: 0.0000942 seconds, Stopping threads took: 0.0000202 seconds
[2019-12-08T11:37:14.035+0000][1][safepoint    ] Application time: 1.0000792 seconds
[2019-12-08T11:37:14.035+0000][1][safepoint    ] Entering safepoint region: Cleanup
[2019-12-08T11:37:14.035+0000][1][safepoint    ] Leaving safepoint region
[2019-12-08T11:37:14.035+0000][1][safepoint    ] Total time for which application threads were stopped: 0.0000984 seconds, Stopping threads took: 0.0000243 seconds
[2019-12-08T11:37:15.035+0000][1][safepoint    ] Application time: 1.0000768 seconds
[2019-12-08T11:37:15.035+0000][1][safepoint    ] Entering safepoint region: Cleanup
[2019-12-08T11:37:15.035+0000][1][safepoint    ] Leaving safepoint region
[2019-12-08T11:37:15.035+0000][1][safepoint    ] Total time for which application threads were stopped: 0.0000858 seconds, Stopping threads took: 0.0000199 seconds
[2019-12-08T11:37:16.035+0000][1][safepoint    ] Application time: 1.0000834 seconds
[2019-12-08T11:37:16.035+0000][1][safepoint    ] Entering safepoint region: Cleanup
[2019-12-08T11:37:16.035+0000][1][safepoint    ] Leaving safepoint region
[2019-12-08T11:37:16.035+0000][1][safepoint    ] Total time for which application threads were stopped: 0.0000931 seconds, Stopping threads took: 0.0000193 seconds
[2019-12-08T11:37:17.035+0000][1][safepoint    ] Application time: 1.0000781 seconds
[2019-12-08T11:37:17.035+0000][1][safepoint    ] Entering safepoint region: Cleanup
[2019-12-08T11:37:17.035+0000][1][safepoint    ] Leaving safepoint region
[2019-12-08T11:37:17.035+0000][1][safepoint    ] Total time for which application threads were stopped: 0.0000832 seconds, Stopping threads took: 0.0000192 seconds
[2019-12-08T11:37:18.036+0000][1][safepoint    ] Application time: 1.0000873 seconds
[2019-12-08T11:37:18.036+0000][1][safepoint    ] Entering safepoint region: Cleanup
[2019-12-08T11:37:18.036+0000][1][safepoint    ] Leaving safepoint region
[2019-12-08T11:37:18.036+0000][1][safepoint    ] Total time for which application threads were stopped: 0.0001548 seconds, Stopping threads took: 0.0000272 seconds
[2019-12-08T11:37:19.036+0000][1][safepoint    ] Application time: 1.0000780 seconds
[2019-12-08T11:37:19.036+0000][1][safepoint    ] Entering safepoint region: Cleanup
[2019-12-08T11:37:19.036+0000][1][safepoint    ] Leaving safepoint region
[2019-12-08T11:37:19.036+0000][1][safepoint    ] Total time for which application threads were stopped: 0.0000843 seconds, Stopping threads took: 0.0000192 seconds
[2019-12-08T11:37:20.036+0000][1][safepoint    ] Application time: 1.0000768 seconds
[2019-12-08T11:37:20.036+0000][1][safepoint    ] Entering safepoint region: Cleanup
[2019-12-08T11:37:20.036+0000][1][safepoint    ] Leaving safepoint region
[2019-12-08T11:37:20.036+0000][1][safepoint    ] Total time for which application threads were stopped: 0.0000859 seconds, Stopping threads took: 0.0000201 seconds
[2019-12-08T11:37:21.036+0000][1][safepoint    ] Application time: 1.0000807 seconds
[2019-12-08T11:37:21.036+0000][1][safepoint    ] Entering safepoint region: Cleanup
[2019-12-08T11:37:21.036+0000][1][safepoint    ] Leaving safepoint region
[2019-12-08T11:37:21.036+0000][1][safepoint    ] Total time for which application threads were stopped: 0.0000857 seconds, Stopping threads took: 0.0000203 seconds
[2019-12-08T11:37:22.036+0000][1][safepoint    ] Application time: 1.0000781 seconds
[2019-12-08T11:37:22.036+0000][1][safepoint    ] Entering safepoint region: Cleanup
[2019-12-08T11:37:22.037+0000][1][safepoint    ] Leaving safepoint region
[2019-12-08T11:37:22.037+0000][1][safepoint    ] Total time for which application threads were stopped: 0.0000916 seconds, Stopping threads took: 0.0000190 seconds
[2019-12-08T11:37:23.037+0000][1][safepoint    ] Application time: 1.0000772 seconds
[2019-12-08T11:37:23.037+0000][1][safepoint    ] Entering safepoint region: Cleanup
[2019-12-08T11:37:23.037+0000][1][safepoint    ] Leaving safepoint region
[2019-12-08T11:37:23.037+0000][1][safepoint    ] Total time for which application threads were stopped: 0.0001096 seconds, Stopping threads took: 0.0000311 seconds
[2019-12-08T11:37:24.037+0000][1][safepoint    ] Application time: 1.0000794 seconds
[2019-12-08T11:37:24.037+0000][1][safepoint    ] Entering safepoint region: Cleanup
[2019-12-08T11:37:24.037+0000][1][safepoint    ] Leaving safepoint region
[2019-12-08T11:37:24.037+0000][1][safepoint    ] Total time for which application threads were stopped: 0.0000880 seconds, Stopping threads took: 0.0000177 seconds
[2019-12-08T11:37:25.037+0000][1][safepoint    ] Application time: 1.0000776 seconds
[2019-12-08T11:37:25.037+0000][1][safepoint    ] Entering safepoint region: Cleanup
[2019-12-08T11:37:25.037+0000][1][safepoint    ] Leaving safepoint region
[2019-12-08T11:37:25.037+0000][1][safepoint    ] Total time for which application threads were stopped: 0.0000972 seconds, Stopping threads took: 0.0000206 seconds
[2019-12-08T11:37:26.037+0000][1][safepoint    ] Application time: 1.0000855 seconds
[2019-12-08T11:37:26.037+0000][1][safepoint    ] Entering safepoint region: Cleanup
[2019-12-08T11:37:26.037+0000][1][safepoint    ] Leaving safepoint region
[2019-12-08T11:37:26.037+0000][1][safepoint    ] Total time for which application threads were stopped: 0.0000923 seconds, Stopping threads took: 0.0000195 seconds
[2019-12-08T11:37:27.038+0000][1][safepoint    ] Application time: 1.0000854 seconds
[2019-12-08T11:37:27.038+0000][1][safepoint    ] Entering safepoint region: Cleanup
[2019-12-08T11:37:27.038+0000][1][safepoint    ] Leaving safepoint region
[2019-12-08T11:37:27.038+0000][1][safepoint    ] Total time for which application threads were stopped: 0.0000864 seconds, Stopping threads took: 0.0000203 seconds
[2019-12-08T11:37:28.038+0000][1][safepoint    ] Application time: 1.0000807 seconds
[2019-12-08T11:37:28.038+0000][1][safepoint    ] Entering safepoint region: Cleanup
[2019-12-08T11:37:28.038+0000][1][safepoint    ] Leaving safepoint region
[2019-12-08T11:37:28.038+0000][1][safepoint    ] Total time for which application threads were stopped: 0.0000858 seconds, Stopping threads took: 0.0000203 seconds
[2019-12-08T11:37:29.038+0000][1][safepoint    ] Application time: 1.0000786 seconds
[2019-12-08T11:37:29.038+0000][1][safepoint    ] Entering safepoint region: Cleanup
[2019-12-08T11:37:29.038+0000][1][safepoint    ] Leaving safepoint region
[2019-12-08T11:37:29.038+0000][1][safepoint    ] Total time for which application threads were stopped: 0.0000936 seconds, Stopping threads took: 0.0000203 seconds
[2019-12-08T11:37:30.038+0000][1][safepoint    ] Application time: 1.0000779 seconds
[2019-12-08T11:37:30.038+0000][1][safepoint    ] Entering safepoint region: Cleanup
[2019-12-08T11:37:30.038+0000][1][safepoint    ] Leaving safepoint region
[2019-12-08T11:37:30.038+0000][1][safepoint    ] Total time for which application threads were stopped: 0.0000951 seconds, Stopping threads took: 0.0000212 seconds
[2019-12-08T11:37:31.038+0000][1][safepoint    ] Application time: 1.0000814 seconds
[2019-12-08T11:37:31.038+0000][1][safepoint    ] Entering safepoint region: Cleanup
[2019-12-08T11:37:31.038+0000][1][safepoint    ] Leaving safepoint region
[2019-12-08T11:37:31.039+0000][1][safepoint    ] Total time for which application threads were stopped: 0.0000888 seconds, Stopping threads took: 0.0000199 seconds
[2019-12-08T11:37:32.039+0000][1][safepoint    ] Application time: 1.0000765 seconds
[2019-12-08T11:37:32.039+0000][1][safepoint    ] Entering safepoint region: Cleanup
[2019-12-08T11:37:32.039+0000][1][safepoint    ] Leaving safepoint region
[2019-12-08T11:37:32.039+0000][1][safepoint    ] Total time for which application threads were stopped: 0.0001051 seconds, Stopping threads took: 0.0000188 seconds
[2019-12-08T11:37:33.039+0000][1][safepoint    ] Application time: 1.0000758 seconds
[2019-12-08T11:37:33.039+0000][1][safepoint    ] Entering safepoint region: Cleanup
[2019-12-08T11:37:33.039+0000][1][safepoint    ] Leaving safepoint region
[2019-12-08T11:37:33.039+0000][1][safepoint    ] Total time for which application threads were stopped: 0.0000877 seconds, Stopping threads took: 0.0000196 seconds
[2019-12-08T11:37:34.039+0000][1][safepoint    ] Application time: 1.0000754 seconds
[2019-12-08T11:37:34.039+0000][1][safepoint    ] Entering safepoint region: Cleanup
[2019-12-08T11:37:34.039+0000][1][safepoint    ] Leaving safepoint region
[2019-12-08T11:37:34.039+0000][1][safepoint    ] Total time for which application threads were stopped: 0.0000853 seconds, Stopping threads took: 0.0000198 seconds
[2019-12-08T11:37:35.039+0000][1][safepoint    ] Application time: 1.0000781 seconds
[2019-12-08T11:37:35.039+0000][1][safepoint    ] Entering safepoint region: Cleanup
[2019-12-08T11:37:35.039+0000][1][safepoint    ] Leaving safepoint region
[2019-12-08T11:37:35.039+0000][1][safepoint    ] Total time for which application threads were stopped: 0.0000843 seconds, Stopping threads took: 0.0000190 seconds
[2019-12-08T11:37:36.039+0000][1][safepoint    ] Application time: 1.0000859 seconds
[2019-12-08T11:37:36.039+0000][1][safepoint    ] Entering safepoint region: Cleanup
[2019-12-08T11:37:36.040+0000][1][safepoint    ] Leaving safepoint region
[2019-12-08T11:37:36.040+0000][1][safepoint    ] Total time for which application threads were stopped: 0.0000875 seconds, Stopping threads took: 0.0000199 seconds
[2019-12-08T11:37:37.040+0000][1][safepoint    ] Application time: 1.0000832 seconds
[2019-12-08T11:37:37.040+0000][1][safepoint    ] Entering safepoint region: Cleanup
[2019-12-08T11:37:37.040+0000][1][safepoint    ] Leaving safepoint region
[2019-12-08T11:37:37.040+0000][1][safepoint    ] Total time for which application threads were stopped: 0.0000915 seconds, Stopping threads took: 0.0000189 seconds
[2019-12-08T11:37:38.040+0000][1][safepoint    ] Application time: 1.0000787 seconds
[2019-12-08T11:37:38.040+0000][1][safepoint    ] Entering safepoint region: Cleanup
[2019-12-08T11:37:38.040+0000][1][safepoint    ] Leaving safepoint region
[2019-12-08T11:37:38.040+0000][1][safepoint    ] Total time for which application threads were stopped: 0.0000859 seconds, Stopping threads took: 0.0000197 seconds
[2019-12-08T11:37:39.040+0000][1][safepoint    ] Application time: 1.0000806 seconds
[2019-12-08T11:37:39.040+0000][1][safepoint    ] Entering safepoint region: Cleanup
[2019-12-08T11:37:39.040+0000][1][safepoint    ] Leaving safepoint region
[2019-12-08T11:37:39.040+0000][1][safepoint    ] Total time for which application threads were stopped: 0.0000864 seconds, Stopping threads took: 0.0000196 seconds
[2019-12-08T11:37:40.040+0000][1][safepoint    ] Application time: 1.0000786 seconds
[2019-12-08T11:37:40.040+0000][1][safepoint    ] Entering safepoint region: Cleanup
[2019-12-08T11:37:40.040+0000][1][safepoint    ] Leaving safepoint region
[2019-12-08T11:37:40.040+0000][1][safepoint    ] Total time for which application threads were stopped: 0.0000829 seconds, Stopping threads took: 0.0000183 seconds
[2019-12-08T11:37:41.041+0000][1][safepoint    ] Application time: 1.0000791 seconds
[2019-12-08T11:37:41.041+0000][1][safepoint    ] Entering safepoint region: Cleanup
[2019-12-08T11:37:41.041+0000][1][safepoint    ] Leaving safepoint region
[2019-12-08T11:37:41.041+0000][1][safepoint    ] Total time for which application threads were stopped: 0.0000879 seconds, Stopping threads took: 0.0000210 seconds
[2019-12-08T11:37:42.041+0000][1][safepoint    ] Application time: 1.0000939 seconds
[2019-12-08T11:37:42.041+0000][1][safepoint    ] Entering safepoint region: Cleanup
[2019-12-08T11:37:42.041+0000][1][safepoint    ] Leaving safepoint region
[2019-12-08T11:37:42.041+0000][1][safepoint    ] Total time for which application threads were stopped: 0.0000863 seconds, Stopping threads took: 0.0000192 seconds
[2019-12-08T11:37:43.041+0000][1][safepoint    ] Application time: 1.0000780 seconds
[2019-12-08T11:37:43.041+0000][1][safepoint    ] Entering safepoint region: Cleanup
[2019-12-08T11:37:43.041+0000][1][safepoint    ] Leaving safepoint region
[2019-12-08T11:37:43.041+0000][1][safepoint    ] Total time for which application threads were stopped: 0.0000932 seconds, Stopping threads took: 0.0000189 seconds
[2019-12-08T11:37:44.041+0000][1][safepoint    ] Application time: 1.0000777 seconds
[2019-12-08T11:37:44.041+0000][1][safepoint    ] Entering safepoint region: Cleanup
[2019-12-08T11:37:44.041+0000][1][safepoint    ] Leaving safepoint region
[2019-12-08T11:37:44.041+0000][1][safepoint    ] Total time for which application threads were stopped: 0.0000825 seconds, Stopping threads took: 0.0000183 seconds
[2019-12-08T11:37:45.041+0000][1][safepoint    ] Application time: 1.0000800 seconds
[2019-12-08T11:37:45.041+0000][1][safepoint    ] Entering safepoint region: Cleanup
[2019-12-08T11:37:45.041+0000][1][safepoint    ] Leaving safepoint region
[2019-12-08T11:37:45.041+0000][1][safepoint    ] Total time for which application threads were stopped: 0.0000843 seconds, Stopping threads took: 0.0000186 seconds
[2019-12-08T11:37:46.042+0000][1][safepoint    ] Application time: 1.0000826 seconds
[2019-12-08T11:37:46.042+0000][1][safepoint    ] Entering safepoint region: Cleanup
[2019-12-08T11:37:46.042+0000][1][safepoint    ] Leaving safepoint region
[2019-12-08T11:37:46.042+0000][1][safepoint    ] Total time for which application threads were stopped: 0.0001007 seconds, Stopping threads took: 0.0000197 seconds
[2019-12-08T11:37:47.042+0000][1][safepoint    ] Application time: 1.0000827 seconds
[2019-12-08T11:37:47.042+0000][1][safepoint    ] Entering safepoint region: Cleanup
[2019-12-08T11:37:47.042+0000][1][safepoint    ] Leaving safepoint region
[2019-12-08T11:37:47.042+0000][1][safepoint    ] Total time for which application threads were stopped: 0.0000985 seconds, Stopping threads took: 0.0000195 seconds
[2019-12-08T11:37:48.042+0000][1][safepoint    ] Application time: 1.0000875 seconds
[2019-12-08T11:37:48.042+0000][1][safepoint    ] Entering safepoint region: Cleanup
[2019-12-08T11:37:48.042+0000][1][safepoint    ] Leaving safepoint region
[2019-12-08T11:37:48.042+0000][1][safepoint    ] Total time for which application threads were stopped: 0.0000862 seconds, Stopping threads took: 0.0000199 seconds
[2019-12-08T11:37:49.042+0000][1][safepoint    ] Application time: 1.0000829 seconds
[2019-12-08T11:37:49.042+0000][1][safepoint    ] Entering safepoint region: Cleanup
[2019-12-08T11:37:49.042+0000][1][safepoint    ] Leaving safepoint region
[2019-12-08T11:37:49.042+0000][1][safepoint    ] Total time for which application threads were stopped: 0.0000855 seconds, Stopping threads took: 0.0000193 seconds
[2019-12-08T11:37:50.042+0000][1][safepoint    ] Application time: 1.0000844 seconds
[2019-12-08T11:37:50.043+0000][1][safepoint    ] Entering safepoint region: Cleanup
[2019-12-08T11:37:50.043+0000][1][safepoint    ] Leaving safepoint region
[2019-12-08T11:37:50.043+0000][1][safepoint    ] Total time for which application threads were stopped: 0.0000867 seconds, Stopping threads took: 0.0000196 seconds
[2019-12-08T11:37:51.043+0000][1][safepoint    ] Application time: 1.0000785 seconds
[2019-12-08T11:37:51.043+0000][1][safepoint    ] Entering safepoint region: Cleanup
[2019-12-08T11:37:51.043+0000][1][safepoint    ] Leaving safepoint region
[2019-12-08T11:37:51.043+0000][1][safepoint    ] Total time for which application threads were stopped: 0.0000861 seconds, Stopping threads took: 0.0000200 seconds
[2019-12-08T11:37:52.043+0000][1][safepoint    ] Application time: 1.0000777 seconds
[2019-12-08T11:37:52.043+0000][1][safepoint    ] Entering safepoint region: Cleanup
[2019-12-08T11:37:52.043+0000][1][safepoint    ] Leaving safepoint region
[2019-12-08T11:37:52.043+0000][1][safepoint    ] Total time for which application threads were stopped: 0.0001132 seconds, Stopping threads took: 0.0000262 seconds
[2019-12-08T11:37:53.043+0000][1][safepoint    ] Application time: 1.0000772 seconds
[2019-12-08T11:37:53.043+0000][1][safepoint    ] Entering safepoint region: Cleanup
[2019-12-08T11:37:53.043+0000][1][safepoint    ] Leaving safepoint region
[2019-12-08T11:37:53.043+0000][1][safepoint    ] Total time for which application threads were stopped: 0.0000919 seconds, Stopping threads took: 0.0000274 seconds
[2019-12-08T11:37:54.043+0000][1][safepoint    ] Application time: 1.0000821 seconds
[2019-12-08T11:37:54.043+0000][1][safepoint    ] Entering safepoint region: Cleanup
[2019-12-08T11:37:54.043+0000][1][safepoint    ] Leaving safepoint region
[2019-12-08T11:37:54.043+0000][1][safepoint    ] Total time for which application threads were stopped: 0.0000848 seconds, Stopping threads took: 0.0000193 seconds
[2019-12-08T11:37:55.044+0000][1][safepoint    ] Application time: 1.0000790 seconds
[2019-12-08T11:37:55.044+0000][1][safepoint    ] Entering safepoint region: Cleanup
[2019-12-08T11:37:55.044+0000][1][safepoint    ] Leaving safepoint region
[2019-12-08T11:37:55.044+0000][1][safepoint    ] Total time for which application threads were stopped: 0.0000855 seconds, Stopping threads took: 0.0000188 seconds
[2019-12-08T11:37:56.044+0000][1][safepoint    ] Application time: 1.0000827 seconds
[2019-12-08T11:37:56.044+0000][1][safepoint    ] Entering safepoint region: Cleanup
[2019-12-08T11:37:56.044+0000][1][safepoint    ] Leaving safepoint region
[2019-12-08T11:37:56.044+0000][1][safepoint    ] Total time for which application threads were stopped: 0.0000949 seconds, Stopping threads took: 0.0000280 seconds
[2019-12-08T11:37:57.044+0000][1][safepoint    ] Application time: 1.0000861 seconds
[2019-12-08T11:37:57.044+0000][1][safepoint    ] Entering safepoint region: Cleanup
[2019-12-08T11:37:57.044+0000][1][safepoint    ] Leaving safepoint region
[2019-12-08T11:37:57.044+0000][1][safepoint    ] Total time for which application threads were stopped: 0.0000861 seconds, Stopping threads took: 0.0000202 seconds
[2019-12-08T11:37:58.044+0000][1][safepoint    ] Application time: 1.0000819 seconds
[2019-12-08T11:37:58.044+0000][1][safepoint    ] Entering safepoint region: Cleanup
[2019-12-08T11:37:58.044+0000][1][safepoint    ] Leaving safepoint region
[2019-12-08T11:37:58.044+0000][1][safepoint    ] Total time for which application threads were stopped: 0.0000863 seconds, Stopping threads took: 0.0000206 seconds
[2019-12-08T11:37:59.044+0000][1][safepoint    ] Application time: 1.0000785 seconds
[2019-12-08T11:37:59.044+0000][1][safepoint    ] Entering safepoint region: Cleanup
[2019-12-08T11:37:59.045+0000][1][safepoint    ] Leaving safepoint region
[2019-12-08T11:37:59.045+0000][1][safepoint    ] Total time for which application threads were stopped: 0.0000918 seconds, Stopping threads took: 0.0000189 seconds
[2019-12-08T11:38:00.045+0000][1][safepoint    ] Application time: 1.0000851 seconds
[2019-12-08T11:38:00.045+0000][1][safepoint    ] Entering safepoint region: Cleanup
[2019-12-08T11:38:00.045+0000][1][safepoint    ] Leaving safepoint region
[2019-12-08T11:38:00.045+0000][1][safepoint    ] Total time for which application threads were stopped: 0.0001057 seconds, Stopping threads took: 0.0000386 seconds
[2019-12-08T11:38:01.045+0000][1][safepoint    ] Application time: 1.0000876 seconds
[2019-12-08T11:38:01.045+0000][1][safepoint    ] Entering safepoint region: Cleanup
[2019-12-08T11:38:01.045+0000][1][safepoint    ] Leaving safepoint region
[2019-12-08T11:38:01.045+0000][1][safepoint    ] Total time for which application threads were stopped: 0.0000860 seconds, Stopping threads took: 0.0000199 seconds
[2019-12-08T11:38:02.045+0000][1][safepoint    ] Application time: 1.0000888 seconds
[2019-12-08T11:38:02.045+0000][1][safepoint    ] Entering safepoint region: Cleanup
[2019-12-08T11:38:02.045+0000][1][safepoint    ] Leaving safepoint region
[2019-12-08T11:38:02.045+0000][1][safepoint    ] Total time for which application threads were stopped: 0.0001171 seconds, Stopping threads took: 0.0000270 seconds
[2019-12-08T11:38:03.045+0000][1][safepoint    ] Application time: 1.0000761 seconds
[2019-12-08T11:38:03.045+0000][1][safepoint    ] Entering safepoint region: Cleanup
[2019-12-08T11:38:03.045+0000][1][safepoint    ] Leaving safepoint region
[2019-12-08T11:38:03.045+0000][1][safepoint    ] Total time for which application threads were stopped: 0.0000868 seconds, Stopping threads took: 0.0000197 seconds
[2019-12-08T11:38:04.046+0000][1][safepoint    ] Application time: 1.0000841 seconds
[2019-12-08T11:38:04.046+0000][1][safepoint    ] Entering safepoint region: Cleanup
[2019-12-08T11:38:04.046+0000][1][safepoint    ] Leaving safepoint region
[2019-12-08T11:38:04.046+0000][1][safepoint    ] Total time for which application threads were stopped: 0.0001365 seconds, Stopping threads took: 0.0000283 seconds
[2019-12-08T11:38:05.046+0000][1][safepoint    ] Application time: 1.0000781 seconds
[2019-12-08T11:38:05.046+0000][1][safepoint    ] Entering safepoint region: Cleanup
[2019-12-08T11:38:05.046+0000][1][safepoint    ] Leaving safepoint region
[2019-12-08T11:38:05.046+0000][1][safepoint    ] Total time for which application threads were stopped: 0.0000844 seconds, Stopping threads took: 0.0000188 seconds
[2019-12-08T11:38:06.046+0000][1][safepoint    ] Application time: 1.0000781 seconds
[2019-12-08T11:38:06.046+0000][1][safepoint    ] Entering safepoint region: Cleanup
[2019-12-08T11:38:06.046+0000][1][safepoint    ] Leaving safepoint region
[2019-12-08T11:38:06.046+0000][1][safepoint    ] Total time for which application threads were stopped: 0.0000833 seconds, Stopping threads took: 0.0000191 seconds
[2019-12-08T11:38:07.046+0000][1][safepoint    ] Application time: 1.0000819 seconds
[2019-12-08T11:38:07.046+0000][1][safepoint    ] Entering safepoint region: Cleanup
[2019-12-08T11:38:07.046+0000][1][safepoint    ] Leaving safepoint region
[2019-12-08T11:38:07.046+0000][1][safepoint    ] Total time for which application threads were stopped: 0.0000843 seconds, Stopping threads took: 0.0000192 seconds
[2019-12-08T11:38:08.088+0000][1][safepoint    ] Application time: 1.0413350 seconds
[2019-12-08T11:38:08.088+0000][1][safepoint    ] Entering safepoint region: Cleanup
[2019-12-08T11:38:08.088+0000][1][safepoint    ] Leaving safepoint region
[2019-12-08T11:38:08.088+0000][1][safepoint    ] Total time for which application threads were stopped: 0.0001158 seconds, Stopping threads took: 0.0000170 seconds
[2019-12-08T11:38:09.088+0000][1][safepoint    ] Application time: 1.0000780 seconds
[2019-12-08T11:38:09.088+0000][1][safepoint    ] Entering safepoint region: Cleanup
[2019-12-08T11:38:09.088+0000][1][safepoint    ] Leaving safepoint region
[2019-12-08T11:38:09.088+0000][1][safepoint    ] Total time for which application threads were stopped: 0.0000802 seconds, Stopping threads took: 0.0000170 seconds
[2019-12-08T11:38:10.088+0000][1][safepoint    ] Application time: 1.0000821 seconds
[2019-12-08T11:38:10.088+0000][1][safepoint    ] Entering safepoint region: Cleanup
[2019-12-08T11:38:10.088+0000][1][safepoint    ] Leaving safepoint region
[2019-12-08T11:38:10.088+0000][1][safepoint    ] Total time for which application threads were stopped: 0.0000899 seconds, Stopping threads took: 0.0000248 seconds
[2019-12-08T11:38:11.088+0000][1][safepoint    ] Application time: 1.0000867 seconds
[2019-12-08T11:38:11.088+0000][1][safepoint    ] Entering safepoint region: Cleanup
[2019-12-08T11:38:11.088+0000][1][safepoint    ] Leaving safepoint region
[2019-12-08T11:38:11.088+0000][1][safepoint    ] Total time for which application threads were stopped: 0.0000842 seconds, Stopping threads took: 0.0000172 seconds
[2019-12-08T11:38:12.089+0000][1][safepoint    ] Application time: 1.0000780 seconds
[2019-12-08T11:38:12.089+0000][1][safepoint    ] Entering safepoint region: Cleanup
[2019-12-08T11:38:12.089+0000][1][safepoint    ] Leaving safepoint region
[2019-12-08T11:38:12.089+0000][1][safepoint    ] Total time for which application threads were stopped: 0.0000790 seconds, Stopping threads took: 0.0000167 seconds
[2019-12-08T11:38:13.072+0000][1][safepoint    ] Application time: 0.9833545 seconds
[2019-12-08T11:38:13.072+0000][1][safepoint    ] Entering safepoint region: GenCollectForAllocation
[2019-12-08T11:38:13.072+0000][1][gc,start     ] GC(25) Pause Young (Allocation Failure)
[2019-12-08T11:38:13.072+0000][1][gc,task      ] GC(25) Using 4 workers of 4 for evacuation
[2019-12-08T11:38:13.075+0000][1][gc,age       ] GC(25) Desired survivor size 4456448 bytes, new threshold 6 (max threshold 6)
[2019-12-08T11:38:13.075+0000][1][gc,age       ] GC(25) Age table with threshold 6 (max threshold 6)
[2019-12-08T11:38:13.075+0000][1][gc,age       ] GC(25) - age   1:      15248 bytes,      15248 total
[2019-12-08T11:38:13.075+0000][1][gc,age       ] GC(25) - age   2:      26528 bytes,      41776 total
[2019-12-08T11:38:13.075+0000][1][gc,age       ] GC(25) - age   3:    1929952 bytes,    1971728 total
[2019-12-08T11:38:13.075+0000][1][gc,heap      ] GC(25) ParNew: 75621K->3318K(78656K)
[2019-12-08T11:38:13.075+0000][1][gc,heap      ] GC(25) CMS: 68257K->68257K(174784K)
[2019-12-08T11:38:13.075+0000][1][gc,metaspace ] GC(25) Metaspace: 68840K->68840K(1112064K)
[2019-12-08T11:38:13.075+0000][1][gc           ] GC(25) Pause Young (Allocation Failure) 140M->69M(247M) 2.991ms
[2019-12-08T11:38:13.075+0000][1][gc,cpu       ] GC(25) User=0.01s Sys=0.00s Real=0.00s
[2019-12-08T11:38:13.075+0000][1][safepoint    ] Leaving safepoint region
[2019-12-08T11:38:13.075+0000][1][safepoint    ] Total time for which application threads were stopped: 0.0031466 seconds, Stopping threads took: 0.0000177 seconds
[2019-12-08T11:38:14.075+0000][1][safepoint    ] Application time: 1.0000865 seconds
[2019-12-08T11:38:14.075+0000][1][safepoint    ] Entering safepoint region: Cleanup
[2019-12-08T11:38:14.075+0000][1][safepoint    ] Leaving safepoint region
[2019-12-08T11:38:14.075+0000][1][safepoint    ] Total time for which application threads were stopped: 0.0000837 seconds, Stopping threads took: 0.0000190 seconds
[2019-12-08T11:38:15.076+0000][1][safepoint    ] Application time: 1.0000764 seconds
[2019-12-08T11:38:15.076+0000][1][safepoint    ] Entering safepoint region: Cleanup
[2019-12-08T11:38:15.076+0000][1][safepoint    ] Leaving safepoint region
[2019-12-08T11:38:15.076+0000][1][safepoint    ] Total time for which application threads were stopped: 0.0000844 seconds, Stopping threads took: 0.0000188 seconds
[2019-12-08T11:38:16.076+0000][1][safepoint    ] Application time: 1.0000760 seconds
[2019-12-08T11:38:16.076+0000][1][safepoint    ] Entering safepoint region: Cleanup
[2019-12-08T11:38:16.076+0000][1][safepoint    ] Leaving safepoint region
[2019-12-08T11:38:16.076+0000][1][safepoint    ] Total time for which application threads were stopped: 0.0000810 seconds, Stopping threads took: 0.0000177 seconds
[2019-12-08T11:38:17.076+0000][1][safepoint    ] Application time: 1.0000773 seconds
[2019-12-08T11:38:17.076+0000][1][safepoint    ] Entering safepoint region: Cleanup
[2019-12-08T11:38:17.076+0000][1][safepoint    ] Leaving safepoint region
[2019-12-08T11:38:17.076+0000][1][safepoint    ] Total time for which application threads were stopped: 0.0000883 seconds, Stopping threads took: 0.0000204 seconds
[2019-12-08T11:38:18.076+0000][1][safepoint    ] Application time: 1.0000879 seconds
[2019-12-08T11:38:18.076+0000][1][safepoint    ] Entering safepoint region: Cleanup
[2019-12-08T11:38:18.076+0000][1][safepoint    ] Leaving safepoint region
[2019-12-08T11:38:18.076+0000][1][safepoint    ] Total time for which application threads were stopped: 0.0001221 seconds, Stopping threads took: 0.0000458 seconds
[2019-12-08T11:38:19.076+0000][1][safepoint    ] Application time: 1.0000877 seconds
[2019-12-08T11:38:19.076+0000][1][safepoint    ] Entering safepoint region: Cleanup
[2019-12-08T11:38:19.077+0000][1][safepoint    ] Leaving safepoint region
[2019-12-08T11:38:19.077+0000][1][safepoint    ] Total time for which application threads were stopped: 0.0000888 seconds, Stopping threads took: 0.0000201 seconds
[2019-12-08T11:38:20.077+0000][1][safepoint    ] Application time: 1.0000785 seconds
[2019-12-08T11:38:20.077+0000][1][safepoint    ] Entering safepoint region: Cleanup
[2019-12-08T11:38:20.077+0000][1][safepoint    ] Leaving safepoint region
[2019-12-08T11:38:20.077+0000][1][safepoint    ] Total time for which application threads were stopped: 0.0001053 seconds, Stopping threads took: 0.0000202 seconds
[2019-12-08T11:38:21.077+0000][1][safepoint    ] Application time: 1.0000813 seconds
[2019-12-08T11:38:21.077+0000][1][safepoint    ] Entering safepoint region: Cleanup
[2019-12-08T11:38:21.077+0000][1][safepoint    ] Leaving safepoint region
[2019-12-08T11:38:21.077+0000][1][safepoint    ] Total time for which application threads were stopped: 0.0000852 seconds, Stopping threads took: 0.0000184 seconds
[2019-12-08T11:38:22.077+0000][1][safepoint    ] Application time: 1.0000795 seconds
[2019-12-08T11:38:22.077+0000][1][safepoint    ] Entering safepoint region: Cleanup
[2019-12-08T11:38:22.077+0000][1][safepoint    ] Leaving safepoint region
[2019-12-08T11:38:22.077+0000][1][safepoint    ] Total time for which application threads were stopped: 0.0000868 seconds, Stopping threads took: 0.0000194 seconds
[2019-12-08T11:38:23.077+0000][1][safepoint    ] Application time: 1.0000756 seconds
[2019-12-08T11:38:23.077+0000][1][safepoint    ] Entering safepoint region: Cleanup
[2019-12-08T11:38:23.077+0000][1][safepoint    ] Leaving safepoint region
[2019-12-08T11:38:23.077+0000][1][safepoint    ] Total time for which application threads were stopped: 0.0000832 seconds, Stopping threads took: 0.0000188 seconds
[2019-12-08T11:38:24.077+0000][1][safepoint    ] Application time: 1.0000908 seconds
[2019-12-08T11:38:24.078+0000][1][safepoint    ] Entering safepoint region: Cleanup
[2019-12-08T11:38:24.078+0000][1][safepoint    ] Leaving safepoint region
[2019-12-08T11:38:24.078+0000][1][safepoint    ] Total time for which application threads were stopped: 0.0000874 seconds, Stopping threads took: 0.0000195 seconds
[2019-12-08T11:38:25.078+0000][1][safepoint    ] Application time: 1.0000794 seconds
[2019-12-08T11:38:25.078+0000][1][safepoint    ] Entering safepoint region: Cleanup
[2019-12-08T11:38:25.078+0000][1][safepoint    ] Leaving safepoint region
[2019-12-08T11:38:25.078+0000][1][safepoint    ] Total time for which application threads were stopped: 0.0000984 seconds, Stopping threads took: 0.0000209 seconds
[2019-12-08T11:38:26.078+0000][1][safepoint    ] Application time: 1.0000797 seconds
[2019-12-08T11:38:26.078+0000][1][safepoint    ] Entering safepoint region: Cleanup
[2019-12-08T11:38:26.078+0000][1][safepoint    ] Leaving safepoint region
[2019-12-08T11:38:26.078+0000][1][safepoint    ] Total time for which application threads were stopped: 0.0000968 seconds, Stopping threads took: 0.0000189 seconds
[2019-12-08T11:38:27.078+0000][1][safepoint    ] Application time: 1.0000786 seconds
[2019-12-08T11:38:27.078+0000][1][safepoint    ] Entering safepoint region: Cleanup
[2019-12-08T11:38:27.078+0000][1][safepoint    ] Leaving safepoint region
[2019-12-08T11:38:27.078+0000][1][safepoint    ] Total time for which application threads were stopped: 0.0000863 seconds, Stopping threads took: 0.0000195 seconds
[2019-12-08T11:38:28.078+0000][1][safepoint    ] Application time: 1.0000815 seconds
[2019-12-08T11:38:28.078+0000][1][safepoint    ] Entering safepoint region: Cleanup
[2019-12-08T11:38:28.078+0000][1][safepoint    ] Leaving safepoint region
[2019-12-08T11:38:28.078+0000][1][safepoint    ] Total time for which application threads were stopped: 0.0000839 seconds, Stopping threads took: 0.0000177 seconds
[2019-12-08T11:38:29.079+0000][1][safepoint    ] Application time: 1.0000769 seconds
[2019-12-08T11:38:29.079+0000][1][safepoint    ] Entering safepoint region: Cleanup
[2019-12-08T11:38:29.079+0000][1][safepoint    ] Leaving safepoint region
[2019-12-08T11:38:29.079+0000][1][safepoint    ] Total time for which application threads were stopped: 0.0000844 seconds, Stopping threads took: 0.0000187 seconds
[2019-12-08T11:38:30.079+0000][1][safepoint    ] Application time: 1.0000784 seconds
[2019-12-08T11:38:30.079+0000][1][safepoint    ] Entering safepoint region: Cleanup
[2019-12-08T11:38:30.079+0000][1][safepoint    ] Leaving safepoint region
[2019-12-08T11:38:30.079+0000][1][safepoint    ] Total time for which application threads were stopped: 0.0000854 seconds, Stopping threads took: 0.0000203 seconds
[2019-12-08T11:38:31.079+0000][1][safepoint    ] Application time: 1.0000834 seconds
[2019-12-08T11:38:31.079+0000][1][safepoint    ] Entering safepoint region: Cleanup
[2019-12-08T11:38:31.079+0000][1][safepoint    ] Leaving safepoint region
[2019-12-08T11:38:31.079+0000][1][safepoint    ] Total time for which application threads were stopped: 0.0000844 seconds, Stopping threads took: 0.0000193 seconds
[2019-12-08T11:38:32.079+0000][1][safepoint    ] Application time: 1.0000779 seconds
[2019-12-08T11:38:32.079+0000][1][safepoint    ] Entering safepoint region: Cleanup
[2019-12-08T11:38:32.079+0000][1][safepoint    ] Leaving safepoint region
[2019-12-08T11:38:32.079+0000][1][safepoint    ] Total time for which application threads were stopped: 0.0000819 seconds, Stopping threads took: 0.0000183 seconds
[2019-12-08T11:38:33.079+0000][1][safepoint    ] Application time: 1.0000751 seconds
[2019-12-08T11:38:33.079+0000][1][safepoint    ] Entering safepoint region: Cleanup
[2019-12-08T11:38:33.079+0000][1][safepoint    ] Leaving safepoint region
[2019-12-08T11:38:33.079+0000][1][safepoint    ] Total time for which application threads were stopped: 0.0000848 seconds, Stopping threads took: 0.0000196 seconds
[2019-12-08T11:38:34.094+0000][1][safepoint    ] Application time: 1.0145246 seconds
[2019-12-08T11:38:34.094+0000][1][safepoint    ] Entering safepoint region: Cleanup
[2019-12-08T11:38:34.094+0000][1][safepoint    ] Leaving safepoint region
[2019-12-08T11:38:34.094+0000][1][safepoint    ] Total time for which application threads were stopped: 0.0000921 seconds, Stopping threads took: 0.0000174 seconds
[2019-12-08T11:38:35.094+0000][1][safepoint    ] Application time: 1.0000836 seconds
[2019-12-08T11:38:35.094+0000][1][safepoint    ] Entering safepoint region: Cleanup
[2019-12-08T11:38:35.094+0000][1][safepoint    ] Leaving safepoint region
[2019-12-08T11:38:35.094+0000][1][safepoint    ] Total time for which application threads were stopped: 0.0000835 seconds, Stopping threads took: 0.0000171 seconds
[2019-12-08T11:38:36.094+0000][1][safepoint    ] Application time: 1.0000917 seconds
[2019-12-08T11:38:36.095+0000][1][safepoint    ] Entering safepoint region: Cleanup
[2019-12-08T11:38:36.095+0000][1][safepoint    ] Leaving safepoint region
[2019-12-08T11:38:36.095+0000][1][safepoint    ] Total time for which application threads were stopped: 0.0000842 seconds, Stopping threads took: 0.0000171 seconds
[2019-12-08T11:38:37.095+0000][1][safepoint    ] Application time: 1.0000824 seconds
[2019-12-08T11:38:37.095+0000][1][safepoint    ] Entering safepoint region: Cleanup
[2019-12-08T11:38:37.095+0000][1][safepoint    ] Leaving safepoint region
[2019-12-08T11:38:37.095+0000][1][safepoint    ] Total time for which application threads were stopped: 0.0000841 seconds, Stopping threads took: 0.0000176 seconds
[2019-12-08T11:38:38.095+0000][1][safepoint    ] Application time: 1.0000816 seconds
[2019-12-08T11:38:38.095+0000][1][safepoint    ] Entering safepoint region: Cleanup
[2019-12-08T11:38:38.095+0000][1][safepoint    ] Leaving safepoint region
[2019-12-08T11:38:38.095+0000][1][safepoint    ] Total time for which application threads were stopped: 0.0000848 seconds, Stopping threads took: 0.0000173 seconds
[2019-12-08T11:38:39.095+0000][1][safepoint    ] Application time: 1.0000812 seconds
[2019-12-08T11:38:39.095+0000][1][safepoint    ] Entering safepoint region: Cleanup
[2019-12-08T11:38:39.095+0000][1][safepoint    ] Leaving safepoint region
[2019-12-08T11:38:39.095+0000][1][safepoint    ] Total time for which application threads were stopped: 0.0000840 seconds, Stopping threads took: 0.0000184 seconds
[2019-12-08T11:38:40.095+0000][1][safepoint    ] Application time: 1.0000774 seconds
[2019-12-08T11:38:40.095+0000][1][safepoint    ] Entering safepoint region: Cleanup
[2019-12-08T11:38:40.095+0000][1][safepoint    ] Leaving safepoint region
[2019-12-08T11:38:40.095+0000][1][safepoint    ] Total time for which application threads were stopped: 0.0001234 seconds, Stopping threads took: 0.0000488 seconds
[2019-12-08T11:38:41.096+0000][1][safepoint    ] Application time: 1.0000824 seconds
[2019-12-08T11:38:41.096+0000][1][safepoint    ] Entering safepoint region: Cleanup
[2019-12-08T11:38:41.096+0000][1][safepoint    ] Leaving safepoint region
[2019-12-08T11:38:41.096+0000][1][safepoint    ] Total time for which application threads were stopped: 0.0001257 seconds, Stopping threads took: 0.0000479 seconds
[2019-12-08T11:38:42.096+0000][1][safepoint    ] Application time: 1.0000819 seconds
[2019-12-08T11:38:42.096+0000][1][safepoint    ] Entering safepoint region: Cleanup
[2019-12-08T11:38:42.096+0000][1][safepoint    ] Leaving safepoint region
[2019-12-08T11:38:42.096+0000][1][safepoint    ] Total time for which application threads were stopped: 0.0000803 seconds, Stopping threads took: 0.0000166 seconds
[2019-12-08T11:38:43.096+0000][1][safepoint    ] Application time: 1.0000780 seconds
[2019-12-08T11:38:43.096+0000][1][safepoint    ] Entering safepoint region: Cleanup
[2019-12-08T11:38:43.096+0000][1][safepoint    ] Leaving safepoint region
[2019-12-08T11:38:43.096+0000][1][safepoint    ] Total time for which application threads were stopped: 0.0000798 seconds, Stopping threads took: 0.0000177 seconds
[2019-12-08T11:38:44.096+0000][1][safepoint    ] Application time: 1.0000781 seconds
[2019-12-08T11:38:44.096+0000][1][safepoint    ] Entering safepoint region: Cleanup
[2019-12-08T11:38:44.096+0000][1][safepoint    ] Leaving safepoint region
[2019-12-08T11:38:44.096+0000][1][safepoint    ] Total time for which application threads were stopped: 0.0000807 seconds, Stopping threads took: 0.0000174 seconds
[2019-12-08T11:38:45.096+0000][1][safepoint    ] Application time: 1.0000789 seconds
[2019-12-08T11:38:45.096+0000][1][safepoint    ] Entering safepoint region: Cleanup
[2019-12-08T11:38:45.097+0000][1][safepoint    ] Leaving safepoint region
[2019-12-08T11:38:45.097+0000][1][safepoint    ] Total time for which application threads were stopped: 0.0000848 seconds, Stopping threads took: 0.0000176 seconds
[2019-12-08T11:38:46.097+0000][1][safepoint    ] Application time: 1.0000785 seconds
[2019-12-08T11:38:46.097+0000][1][safepoint    ] Entering safepoint region: Cleanup
[2019-12-08T11:38:46.097+0000][1][safepoint    ] Leaving safepoint region
[2019-12-08T11:38:46.097+0000][1][safepoint    ] Total time for which application threads were stopped: 0.0000973 seconds, Stopping threads took: 0.0000204 seconds
[2019-12-08T11:38:47.097+0000][1][safepoint    ] Application time: 1.0000796 seconds
[2019-12-08T11:38:47.097+0000][1][safepoint    ] Entering safepoint region: Cleanup
[2019-12-08T11:38:47.097+0000][1][safepoint    ] Leaving safepoint region
[2019-12-08T11:38:47.097+0000][1][safepoint    ] Total time for which application threads were stopped: 0.0000820 seconds, Stopping threads took: 0.0000194 seconds
[2019-12-08T11:38:48.097+0000][1][safepoint    ] Application time: 1.0000760 seconds
[2019-12-08T11:38:48.097+0000][1][safepoint    ] Entering safepoint region: Cleanup
[2019-12-08T11:38:48.097+0000][1][safepoint    ] Leaving safepoint region
[2019-12-08T11:38:48.097+0000][1][safepoint    ] Total time for which application threads were stopped: 0.0000790 seconds, Stopping threads took: 0.0000172 seconds
[2019-12-08T11:38:49.097+0000][1][safepoint    ] Application time: 1.0000776 seconds
[2019-12-08T11:38:49.097+0000][1][safepoint    ] Entering safepoint region: Cleanup
[2019-12-08T11:38:49.097+0000][1][safepoint    ] Leaving safepoint region
[2019-12-08T11:38:49.097+0000][1][safepoint    ] Total time for which application threads were stopped: 0.0000847 seconds, Stopping threads took: 0.0000200 seconds
[2019-12-08T11:38:50.097+0000][1][safepoint    ] Application time: 1.0000842 seconds
[2019-12-08T11:38:50.097+0000][1][safepoint    ] Entering safepoint region: Cleanup
[2019-12-08T11:38:50.098+0000][1][safepoint    ] Leaving safepoint region
[2019-12-08T11:38:50.098+0000][1][safepoint    ] Total time for which application threads were stopped: 0.0000856 seconds, Stopping threads took: 0.0000195 seconds
[2019-12-08T11:38:51.098+0000][1][safepoint    ] Application time: 1.0000766 seconds
[2019-12-08T11:38:51.098+0000][1][safepoint    ] Entering safepoint region: Cleanup
[2019-12-08T11:38:51.098+0000][1][safepoint    ] Leaving safepoint region
[2019-12-08T11:38:51.098+0000][1][safepoint    ] Total time for which application threads were stopped: 0.0000865 seconds, Stopping threads took: 0.0000204 seconds
[2019-12-08T11:38:52.098+0000][1][safepoint    ] Application time: 1.0000765 seconds
[2019-12-08T11:38:52.098+0000][1][safepoint    ] Entering safepoint region: Cleanup
[2019-12-08T11:38:52.098+0000][1][safepoint    ] Leaving safepoint region
[2019-12-08T11:38:52.098+0000][1][safepoint    ] Total time for which application threads were stopped: 0.0000963 seconds, Stopping threads took: 0.0000271 seconds
[2019-12-08T11:38:53.098+0000][1][safepoint    ] Application time: 1.0000772 seconds
[2019-12-08T11:38:53.098+0000][1][safepoint    ] Entering safepoint region: Cleanup
[2019-12-08T11:38:53.098+0000][1][safepoint    ] Leaving safepoint region
[2019-12-08T11:38:53.098+0000][1][safepoint    ] Total time for which application threads were stopped: 0.0000867 seconds, Stopping threads took: 0.0000233 seconds
[2019-12-08T11:38:54.098+0000][1][safepoint    ] Application time: 1.0000765 seconds
[2019-12-08T11:38:54.098+0000][1][safepoint    ] Entering safepoint region: Cleanup
[2019-12-08T11:38:54.098+0000][1][safepoint    ] Leaving safepoint region
[2019-12-08T11:38:54.098+0000][1][safepoint    ] Total time for which application threads were stopped: 0.0000863 seconds, Stopping threads took: 0.0000203 seconds
[2019-12-08T11:38:55.098+0000][1][safepoint    ] Application time: 1.0000777 seconds
[2019-12-08T11:38:55.099+0000][1][safepoint    ] Entering safepoint region: Cleanup
[2019-12-08T11:38:55.099+0000][1][safepoint    ] Leaving safepoint region
[2019-12-08T11:38:55.099+0000][1][safepoint    ] Total time for which application threads were stopped: 0.0000810 seconds, Stopping threads took: 0.0000182 seconds
[2019-12-08T11:38:56.099+0000][1][safepoint    ] Application time: 1.0000888 seconds
[2019-12-08T11:38:56.099+0000][1][safepoint    ] Entering safepoint region: Cleanup
[2019-12-08T11:38:56.099+0000][1][safepoint    ] Leaving safepoint region
[2019-12-08T11:38:56.099+0000][1][safepoint    ] Total time for which application threads were stopped: 0.0000947 seconds, Stopping threads took: 0.0000284 seconds
[2019-12-08T11:38:57.518+0000][1][safepoint    ] Application time: 1.4193794 seconds
[2019-12-08T11:38:57.518+0000][1][safepoint    ] Entering safepoint region: Cleanup
[2019-12-08T11:38:57.518+0000][1][safepoint    ] Leaving safepoint region
[2019-12-08T11:38:57.518+0000][1][safepoint    ] Total time for which application threads were stopped: 0.0000746 seconds, Stopping threads took: 0.0000146 seconds
[2019-12-08T11:38:58.518+0000][1][safepoint    ] Application time: 1.0000859 seconds
[2019-12-08T11:38:58.518+0000][1][safepoint    ] Entering safepoint region: Cleanup
[2019-12-08T11:38:58.519+0000][1][safepoint    ] Leaving safepoint region
[2019-12-08T11:38:58.519+0000][1][safepoint    ] Total time for which application threads were stopped: 0.0001132 seconds, Stopping threads took: 0.0000256 seconds
[2019-12-08T11:38:59.519+0000][1][safepoint    ] Application time: 1.0000898 seconds
[2019-12-08T11:38:59.519+0000][1][safepoint    ] Entering safepoint region: Cleanup
[2019-12-08T11:38:59.519+0000][1][safepoint    ] Leaving safepoint region
[2019-12-08T11:38:59.519+0000][1][safepoint    ] Total time for which application threads were stopped: 0.0000914 seconds, Stopping threads took: 0.0000225 seconds
[2019-12-08T11:39:00.519+0000][1][safepoint    ] Application time: 1.0000853 seconds
[2019-12-08T11:39:00.519+0000][1][safepoint    ] Entering safepoint region: Cleanup
[2019-12-08T11:39:00.519+0000][1][safepoint    ] Leaving safepoint region
[2019-12-08T11:39:00.519+0000][1][safepoint    ] Total time for which application threads were stopped: 0.0000838 seconds, Stopping threads took: 0.0000180 seconds
[2019-12-08T11:39:01.519+0000][1][safepoint    ] Application time: 1.0000483 seconds
[2019-12-08T11:39:01.519+0000][1][safepoint    ] Entering safepoint region: Cleanup
[2019-12-08T11:39:01.519+0000][1][safepoint    ] Leaving safepoint region
[2019-12-08T11:39:01.519+0000][1][safepoint    ] Total time for which application threads were stopped: 0.0001130 seconds, Stopping threads took: 0.0000337 seconds
[2019-12-08T11:39:02.519+0000][1][safepoint    ] Application time: 1.0000752 seconds
[2019-12-08T11:39:02.519+0000][1][safepoint    ] Entering safepoint region: Cleanup
[2019-12-08T11:39:02.519+0000][1][safepoint    ] Leaving safepoint region
[2019-12-08T11:39:02.519+0000][1][safepoint    ] Total time for which application threads were stopped: 0.0000933 seconds, Stopping threads took: 0.0000270 seconds
[2019-12-08T11:39:03.520+0000][1][safepoint    ] Application time: 1.0000790 seconds
[2019-12-08T11:39:03.520+0000][1][safepoint    ] Entering safepoint region: Cleanup
[2019-12-08T11:39:03.520+0000][1][safepoint    ] Leaving safepoint region
[2019-12-08T11:39:03.520+0000][1][safepoint    ] Total time for which application threads were stopped: 0.0000868 seconds, Stopping threads took: 0.0000197 seconds
[2019-12-08T11:39:04.520+0000][1][safepoint    ] Application time: 1.0000767 seconds
[2019-12-08T11:39:04.520+0000][1][safepoint    ] Entering safepoint region: Cleanup
[2019-12-08T11:39:04.520+0000][1][safepoint    ] Leaving safepoint region
[2019-12-08T11:39:04.520+0000][1][safepoint    ] Total time for which application threads were stopped: 0.0000790 seconds, Stopping threads took: 0.0000170 seconds
[2019-12-08T11:39:05.520+0000][1][safepoint    ] Application time: 1.0000926 seconds
[2019-12-08T11:39:05.520+0000][1][safepoint    ] Entering safepoint region: Cleanup
[2019-12-08T11:39:05.520+0000][1][safepoint    ] Leaving safepoint region
[2019-12-08T11:39:05.520+0000][1][safepoint    ] Total time for which application threads were stopped: 0.0000865 seconds, Stopping threads took: 0.0000199 seconds
[2019-12-08T11:39:06.520+0000][1][safepoint    ] Application time: 1.0000762 seconds
[2019-12-08T11:39:06.520+0000][1][safepoint    ] Entering safepoint region: Cleanup
[2019-12-08T11:39:06.520+0000][1][safepoint    ] Leaving safepoint region
[2019-12-08T11:39:06.520+0000][1][safepoint    ] Total time for which application threads were stopped: 0.0000801 seconds, Stopping threads took: 0.0000187 seconds
[2019-12-08T11:39:07.520+0000][1][safepoint    ] Application time: 1.0000775 seconds
[2019-12-08T11:39:07.520+0000][1][safepoint    ] Entering safepoint region: Cleanup
[2019-12-08T11:39:07.520+0000][1][safepoint    ] Leaving safepoint region
[2019-12-08T11:39:07.520+0000][1][safepoint    ] Total time for which application threads were stopped: 0.0000838 seconds, Stopping threads took: 0.0000221 seconds
[2019-12-08T11:39:08.521+0000][1][safepoint    ] Application time: 1.0000769 seconds
[2019-12-08T11:39:08.521+0000][1][safepoint    ] Entering safepoint region: Cleanup
[2019-12-08T11:39:08.521+0000][1][safepoint    ] Leaving safepoint region
[2019-12-08T11:39:08.521+0000][1][safepoint    ] Total time for which application threads were stopped: 0.0000844 seconds, Stopping threads took: 0.0000210 seconds
[2019-12-08T11:39:09.521+0000][1][safepoint    ] Application time: 1.0000820 seconds
[2019-12-08T11:39:09.521+0000][1][safepoint    ] Entering safepoint region: Cleanup
[2019-12-08T11:39:09.521+0000][1][safepoint    ] Leaving safepoint region
[2019-12-08T11:39:09.521+0000][1][safepoint    ] Total time for which application threads were stopped: 0.0000840 seconds, Stopping threads took: 0.0000216 seconds
[2019-12-08T11:39:10.521+0000][1][safepoint    ] Application time: 1.0000781 seconds
[2019-12-08T11:39:10.521+0000][1][safepoint    ] Entering safepoint region: Cleanup
[2019-12-08T11:39:10.521+0000][1][safepoint    ] Leaving safepoint region
[2019-12-08T11:39:10.521+0000][1][safepoint    ] Total time for which application threads were stopped: 0.0000951 seconds, Stopping threads took: 0.0000191 seconds
[2019-12-08T11:39:11.521+0000][1][safepoint    ] Application time: 1.0000821 seconds
[2019-12-08T11:39:11.521+0000][1][safepoint    ] Entering safepoint region: Cleanup
[2019-12-08T11:39:11.521+0000][1][safepoint    ] Leaving safepoint region
[2019-12-08T11:39:11.521+0000][1][safepoint    ] Total time for which application threads were stopped: 0.0000830 seconds, Stopping threads took: 0.0000173 seconds
[2019-12-08T11:39:12.521+0000][1][safepoint    ] Application time: 1.0000761 seconds
[2019-12-08T11:39:12.521+0000][1][safepoint    ] Entering safepoint region: Cleanup
[2019-12-08T11:39:12.521+0000][1][safepoint    ] Leaving safepoint region
[2019-12-08T11:39:12.521+0000][1][safepoint    ] Total time for which application threads were stopped: 0.0000958 seconds, Stopping threads took: 0.0000248 seconds
[2019-12-08T11:39:13.522+0000][1][safepoint    ] Application time: 1.0000758 seconds
[2019-12-08T11:39:13.522+0000][1][safepoint    ] Entering safepoint region: Cleanup
[2019-12-08T11:39:13.522+0000][1][safepoint    ] Leaving safepoint region
[2019-12-08T11:39:13.522+0000][1][safepoint    ] Total time for which application threads were stopped: 0.0001001 seconds, Stopping threads took: 0.0000178 seconds
[2019-12-08T11:39:14.522+0000][1][safepoint    ] Application time: 1.0000766 seconds
[2019-12-08T11:39:14.522+0000][1][safepoint    ] Entering safepoint region: Cleanup
[2019-12-08T11:39:14.522+0000][1][safepoint    ] Leaving safepoint region
[2019-12-08T11:39:14.522+0000][1][safepoint    ] Total time for which application threads were stopped: 0.0000954 seconds, Stopping threads took: 0.0000210 seconds
[2019-12-08T11:39:15.522+0000][1][safepoint    ] Application time: 1.0000765 seconds
[2019-12-08T11:39:15.522+0000][1][safepoint    ] Entering safepoint region: Cleanup
[2019-12-08T11:39:15.522+0000][1][safepoint    ] Leaving safepoint region
[2019-12-08T11:39:15.522+0000][1][safepoint    ] Total time for which application threads were stopped: 0.0000789 seconds, Stopping threads took: 0.0000164 seconds
[2019-12-08T11:39:16.522+0000][1][safepoint    ] Application time: 1.0000768 seconds
[2019-12-08T11:39:16.522+0000][1][safepoint    ] Entering safepoint region: Cleanup
[2019-12-08T11:39:16.522+0000][1][safepoint    ] Leaving safepoint region
[2019-12-08T11:39:16.522+0000][1][safepoint    ] Total time for which application threads were stopped: 0.0000802 seconds, Stopping threads took: 0.0000178 seconds
[2019-12-08T11:39:17.522+0000][1][safepoint    ] Application time: 1.0000783 seconds
[2019-12-08T11:39:17.522+0000][1][safepoint    ] Entering safepoint region: Cleanup
[2019-12-08T11:39:17.523+0000][1][safepoint    ] Leaving safepoint region
[2019-12-08T11:39:17.523+0000][1][safepoint    ] Total time for which application threads were stopped: 0.0000846 seconds, Stopping threads took: 0.0000192 seconds
[2019-12-08T11:39:18.523+0000][1][safepoint    ] Application time: 1.0000790 seconds
[2019-12-08T11:39:18.523+0000][1][safepoint    ] Entering safepoint region: Cleanup
[2019-12-08T11:39:18.523+0000][1][safepoint    ] Leaving safepoint region
[2019-12-08T11:39:18.523+0000][1][safepoint    ] Total time for which application threads were stopped: 0.0000933 seconds, Stopping threads took: 0.0000191 seconds
[2019-12-08T11:39:19.523+0000][1][safepoint    ] Application time: 1.0000760 seconds
[2019-12-08T11:39:19.523+0000][1][safepoint    ] Entering safepoint region: Cleanup
[2019-12-08T11:39:19.523+0000][1][safepoint    ] Leaving safepoint region
[2019-12-08T11:39:19.523+0000][1][safepoint    ] Total time for which application threads were stopped: 0.0000823 seconds, Stopping threads took: 0.0000185 seconds
[2019-12-08T11:39:20.523+0000][1][safepoint    ] Application time: 1.0000765 seconds
[2019-12-08T11:39:20.523+0000][1][safepoint    ] Entering safepoint region: Cleanup
[2019-12-08T11:39:20.523+0000][1][safepoint    ] Leaving safepoint region
[2019-12-08T11:39:20.523+0000][1][safepoint    ] Total time for which application threads were stopped: 0.0000890 seconds, Stopping threads took: 0.0000186 seconds
[2019-12-08T11:39:21.523+0000][1][safepoint    ] Application time: 1.0000748 seconds
[2019-12-08T11:39:21.523+0000][1][safepoint    ] Entering safepoint region: Cleanup
[2019-12-08T11:39:21.523+0000][1][safepoint    ] Leaving safepoint region
[2019-12-08T11:39:21.523+0000][1][safepoint    ] Total time for which application threads were stopped: 0.0000829 seconds, Stopping threads took: 0.0000187 seconds
[2019-12-08T11:39:22.523+0000][1][safepoint    ] Application time: 1.0000777 seconds
[2019-12-08T11:39:22.523+0000][1][safepoint    ] Entering safepoint region: Cleanup
[2019-12-08T11:39:22.524+0000][1][safepoint    ] Leaving safepoint region
[2019-12-08T11:39:22.524+0000][1][safepoint    ] Total time for which application threads were stopped: 0.0000981 seconds, Stopping threads took: 0.0000187 seconds
[2019-12-08T11:39:23.524+0000][1][safepoint    ] Application time: 1.0000780 seconds
[2019-12-08T11:39:23.524+0000][1][safepoint    ] Entering safepoint region: Cleanup
[2019-12-08T11:39:23.524+0000][1][safepoint    ] Leaving safepoint region
[2019-12-08T11:39:23.524+0000][1][safepoint    ] Total time for which application threads were stopped: 0.0000947 seconds, Stopping threads took: 0.0000292 seconds
[2019-12-08T11:39:24.549+0000][1][safepoint    ] Application time: 1.0254241 seconds
[2019-12-08T11:39:24.549+0000][1][safepoint    ] Entering safepoint region: Cleanup
[2019-12-08T11:39:24.549+0000][1][safepoint    ] Leaving safepoint region
[2019-12-08T11:39:24.549+0000][1][safepoint    ] Total time for which application threads were stopped: 0.0000808 seconds, Stopping threads took: 0.0000183 seconds
[2019-12-08T11:39:25.549+0000][1][safepoint    ] Application time: 1.0000760 seconds
[2019-12-08T11:39:25.549+0000][1][safepoint    ] Entering safepoint region: Cleanup
[2019-12-08T11:39:25.549+0000][1][safepoint    ] Leaving safepoint region
[2019-12-08T11:39:25.550+0000][1][safepoint    ] Total time for which application threads were stopped: 0.0000825 seconds, Stopping threads took: 0.0000193 seconds
[2019-12-08T11:39:26.550+0000][1][safepoint    ] Application time: 1.0000811 seconds
[2019-12-08T11:39:26.550+0000][1][safepoint    ] Entering safepoint region: Cleanup
[2019-12-08T11:39:26.550+0000][1][safepoint    ] Leaving safepoint region
[2019-12-08T11:39:26.550+0000][1][safepoint    ] Total time for which application threads were stopped: 0.0000863 seconds, Stopping threads took: 0.0000157 seconds
[2019-12-08T11:39:27.550+0000][1][safepoint    ] Application time: 1.0000730 seconds
[2019-12-08T11:39:27.550+0000][1][safepoint    ] Entering safepoint region: Cleanup
[2019-12-08T11:39:27.550+0000][1][safepoint    ] Leaving safepoint region
[2019-12-08T11:39:27.550+0000][1][safepoint    ] Total time for which application threads were stopped: 0.0000836 seconds, Stopping threads took: 0.0000165 seconds
[2019-12-08T11:39:28.550+0000][1][safepoint    ] Application time: 1.0000732 seconds
[2019-12-08T11:39:28.550+0000][1][safepoint    ] Entering safepoint region: Cleanup
[2019-12-08T11:39:28.550+0000][1][safepoint    ] Leaving safepoint region
[2019-12-08T11:39:28.550+0000][1][safepoint    ] Total time for which application threads were stopped: 0.0000868 seconds, Stopping threads took: 0.0000161 seconds
[2019-12-08T11:39:29.550+0000][1][safepoint    ] Application time: 1.0000845 seconds
[2019-12-08T11:39:29.550+0000][1][safepoint    ] Entering safepoint region: Cleanup
[2019-12-08T11:39:29.550+0000][1][safepoint    ] Leaving safepoint region
[2019-12-08T11:39:29.550+0000][1][safepoint    ] Total time for which application threads were stopped: 0.0000862 seconds, Stopping threads took: 0.0000171 seconds
[2019-12-08T11:39:30.550+0000][1][safepoint    ] Application time: 1.0000798 seconds
[2019-12-08T11:39:30.550+0000][1][safepoint    ] Entering safepoint region: Cleanup
[2019-12-08T11:39:30.550+0000][1][safepoint    ] Leaving safepoint region
[2019-12-08T11:39:30.551+0000][1][safepoint    ] Total time for which application threads were stopped: 0.0000814 seconds, Stopping threads took: 0.0000159 seconds
[2019-12-08T11:39:31.551+0000][1][safepoint    ] Application time: 1.0000793 seconds
[2019-12-08T11:39:31.551+0000][1][safepoint    ] Entering safepoint region: Cleanup
[2019-12-08T11:39:31.551+0000][1][safepoint    ] Leaving safepoint region
[2019-12-08T11:39:31.551+0000][1][safepoint    ] Total time for which application threads were stopped: 0.0001201 seconds, Stopping threads took: 0.0000161 seconds
[2019-12-08T11:39:32.551+0000][1][safepoint    ] Application time: 1.0000800 seconds
[2019-12-08T11:39:32.551+0000][1][safepoint    ] Entering safepoint region: Cleanup
[2019-12-08T11:39:32.551+0000][1][safepoint    ] Leaving safepoint region
[2019-12-08T11:39:32.551+0000][1][safepoint    ] Total time for which application threads were stopped: 0.0000976 seconds, Stopping threads took: 0.0000158 seconds
[2019-12-08T11:39:33.551+0000][1][safepoint    ] Application time: 1.0000834 seconds
[2019-12-08T11:39:33.551+0000][1][safepoint    ] Entering safepoint region: Cleanup
[2019-12-08T11:39:33.551+0000][1][safepoint    ] Leaving safepoint region
[2019-12-08T11:39:33.551+0000][1][safepoint    ] Total time for which application threads were stopped: 0.0001140 seconds, Stopping threads took: 0.0000224 seconds
[2019-12-08T11:39:34.551+0000][1][safepoint    ] Application time: 1.0000878 seconds
[2019-12-08T11:39:34.551+0000][1][safepoint    ] Entering safepoint region: Cleanup
[2019-12-08T11:39:34.551+0000][1][safepoint    ] Leaving safepoint region
[2019-12-08T11:39:34.551+0000][1][safepoint    ] Total time for which application threads were stopped: 0.0000823 seconds, Stopping threads took: 0.0000192 seconds
[2019-12-08T11:39:35.551+0000][1][safepoint    ] Application time: 1.0000756 seconds
[2019-12-08T11:39:35.552+0000][1][safepoint    ] Entering safepoint region: Cleanup
[2019-12-08T11:39:35.552+0000][1][safepoint    ] Leaving safepoint region
[2019-12-08T11:39:35.552+0000][1][safepoint    ] Total time for which application threads were stopped: 0.0000786 seconds, Stopping threads took: 0.0000167 seconds
[2019-12-08T11:39:36.552+0000][1][safepoint    ] Application time: 1.0000770 seconds
[2019-12-08T11:39:36.552+0000][1][safepoint    ] Entering safepoint region: Cleanup
[2019-12-08T11:39:36.552+0000][1][safepoint    ] Leaving safepoint region
[2019-12-08T11:39:36.552+0000][1][safepoint    ] Total time for which application threads were stopped: 0.0000880 seconds, Stopping threads took: 0.0000212 seconds
[2019-12-08T11:39:37.552+0000][1][safepoint    ] Application time: 1.0000903 seconds
[2019-12-08T11:39:37.552+0000][1][safepoint    ] Entering safepoint region: Cleanup
[2019-12-08T11:39:37.552+0000][1][safepoint    ] Leaving safepoint region
[2019-12-08T11:39:37.552+0000][1][safepoint    ] Total time for which application threads were stopped: 0.0000825 seconds, Stopping threads took: 0.0000208 seconds
[2019-12-08T11:39:38.552+0000][1][safepoint    ] Application time: 1.0000835 seconds
[2019-12-08T11:39:38.552+0000][1][safepoint    ] Entering safepoint region: Cleanup
[2019-12-08T11:39:38.552+0000][1][safepoint    ] Leaving safepoint region
[2019-12-08T11:39:38.552+0000][1][safepoint    ] Total time for which application threads were stopped: 0.0000848 seconds, Stopping threads took: 0.0000181 seconds
[2019-12-08T11:39:39.552+0000][1][safepoint    ] Application time: 1.0000803 seconds
[2019-12-08T11:39:39.552+0000][1][safepoint    ] Entering safepoint region: Cleanup
[2019-12-08T11:39:39.552+0000][1][safepoint    ] Leaving safepoint region
[2019-12-08T11:39:39.552+0000][1][safepoint    ] Total time for which application threads were stopped: 0.0000791 seconds, Stopping threads took: 0.0000167 seconds
[2019-12-08T11:39:40.553+0000][1][safepoint    ] Application time: 1.0000845 seconds
[2019-12-08T11:39:40.553+0000][1][safepoint    ] Entering safepoint region: Cleanup
[2019-12-08T11:39:40.553+0000][1][safepoint    ] Leaving safepoint region
[2019-12-08T11:39:40.553+0000][1][safepoint    ] Total time for which application threads were stopped: 0.0001039 seconds, Stopping threads took: 0.0000230 seconds
[2019-12-08T11:39:41.553+0000][1][safepoint    ] Application time: 1.0000668 seconds
[2019-12-08T11:39:41.553+0000][1][safepoint    ] Entering safepoint region: Cleanup
[2019-12-08T11:39:41.553+0000][1][safepoint    ] Leaving safepoint region
[2019-12-08T11:39:41.553+0000][1][safepoint    ] Total time for which application threads were stopped: 0.0000816 seconds, Stopping threads took: 0.0000173 seconds
[2019-12-08T11:39:42.553+0000][1][safepoint    ] Application time: 1.0000838 seconds
[2019-12-08T11:39:42.553+0000][1][safepoint    ] Entering safepoint region: Cleanup
[2019-12-08T11:39:42.553+0000][1][safepoint    ] Leaving safepoint region
[2019-12-08T11:39:42.553+0000][1][safepoint    ] Total time for which application threads were stopped: 0.0001033 seconds, Stopping threads took: 0.0000184 seconds
[2019-12-08T11:39:43.553+0000][1][safepoint    ] Application time: 1.0000860 seconds
[2019-12-08T11:39:43.553+0000][1][safepoint    ] Entering safepoint region: Cleanup
[2019-12-08T11:39:43.553+0000][1][safepoint    ] Leaving safepoint region
[2019-12-08T11:39:43.553+0000][1][safepoint    ] Total time for which application threads were stopped: 0.0001224 seconds, Stopping threads took: 0.0000236 seconds
[2019-12-08T11:39:44.554+0000][1][safepoint    ] Application time: 1.0001619 seconds
[2019-12-08T11:39:44.554+0000][1][safepoint    ] Entering safepoint region: Cleanup
[2019-12-08T11:39:44.554+0000][1][safepoint    ] Leaving safepoint region
[2019-12-08T11:39:44.554+0000][1][safepoint    ] Total time for which application threads were stopped: 0.0001278 seconds, Stopping threads took: 0.0000254 seconds
[2019-12-08T11:39:45.554+0000][1][safepoint    ] Application time: 1.0000813 seconds
[2019-12-08T11:39:45.554+0000][1][safepoint    ] Entering safepoint region: Cleanup
[2019-12-08T11:39:45.554+0000][1][safepoint    ] Leaving safepoint region
[2019-12-08T11:39:45.554+0000][1][safepoint    ] Total time for which application threads were stopped: 0.0001096 seconds, Stopping threads took: 0.0000229 seconds
[2019-12-08T11:39:46.554+0000][1][safepoint    ] Application time: 1.0000810 seconds
[2019-12-08T11:39:46.554+0000][1][safepoint    ] Entering safepoint region: Cleanup
[2019-12-08T11:39:46.554+0000][1][safepoint    ] Leaving safepoint region
[2019-12-08T11:39:46.554+0000][1][safepoint    ] Total time for which application threads were stopped: 0.0000857 seconds, Stopping threads took: 0.0000179 seconds
[2019-12-08T11:39:47.554+0000][1][safepoint    ] Application time: 1.0001047 seconds
[2019-12-08T11:39:47.554+0000][1][safepoint    ] Entering safepoint region: Cleanup
[2019-12-08T11:39:47.555+0000][1][safepoint    ] Leaving safepoint region
[2019-12-08T11:39:47.555+0000][1][safepoint    ] Total time for which application threads were stopped: 0.0002265 seconds, Stopping threads took: 0.0001060 seconds
[2019-12-08T11:39:48.555+0000][1][safepoint    ] Application time: 1.0000856 seconds
[2019-12-08T11:39:48.555+0000][1][safepoint    ] Entering safepoint region: Cleanup
[2019-12-08T11:39:48.555+0000][1][safepoint    ] Leaving safepoint region
[2019-12-08T11:39:48.555+0000][1][safepoint    ] Total time for which application threads were stopped: 0.0000903 seconds, Stopping threads took: 0.0000203 seconds
[2019-12-08T11:39:49.555+0000][1][safepoint    ] Application time: 1.0000801 seconds
[2019-12-08T11:39:49.555+0000][1][safepoint    ] Entering safepoint region: Cleanup
[2019-12-08T11:39:49.555+0000][1][safepoint    ] Leaving safepoint region
[2019-12-08T11:39:49.555+0000][1][safepoint    ] Total time for which application threads were stopped: 0.0000811 seconds, Stopping threads took: 0.0000183 seconds
[2019-12-08T11:39:50.555+0000][1][safepoint    ] Application time: 1.0000788 seconds
[2019-12-08T11:39:50.555+0000][1][safepoint    ] Entering safepoint region: Cleanup
[2019-12-08T11:39:50.555+0000][1][safepoint    ] Leaving safepoint region
[2019-12-08T11:39:50.555+0000][1][safepoint    ] Total time for which application threads were stopped: 0.0000876 seconds, Stopping threads took: 0.0000175 seconds
[2019-12-08T11:39:51.555+0000][1][safepoint    ] Application time: 1.0000791 seconds
[2019-12-08T11:39:51.555+0000][1][safepoint    ] Entering safepoint region: Cleanup
[2019-12-08T11:39:51.555+0000][1][safepoint    ] Leaving safepoint region
[2019-12-08T11:39:51.555+0000][1][safepoint    ] Total time for which application threads were stopped: 0.0000943 seconds, Stopping threads took: 0.0000196 seconds
[2019-12-08T11:39:52.556+0000][1][safepoint    ] Application time: 1.0000900 seconds
[2019-12-08T11:39:52.556+0000][1][safepoint    ] Entering safepoint region: Cleanup
[2019-12-08T11:39:52.556+0000][1][safepoint    ] Leaving safepoint region
[2019-12-08T11:39:52.556+0000][1][safepoint    ] Total time for which application threads were stopped: 0.0001149 seconds, Stopping threads took: 0.0000182 seconds
[2019-12-08T11:39:53.556+0000][1][safepoint    ] Application time: 1.0000908 seconds
[2019-12-08T11:39:53.556+0000][1][safepoint    ] Entering safepoint region: Cleanup
[2019-12-08T11:39:53.556+0000][1][safepoint    ] Leaving safepoint region
[2019-12-08T11:39:53.556+0000][1][safepoint    ] Total time for which application threads were stopped: 0.0000937 seconds, Stopping threads took: 0.0000281 seconds
[2019-12-08T11:39:54.556+0000][1][safepoint    ] Application time: 1.0000809 seconds
[2019-12-08T11:39:54.556+0000][1][safepoint    ] Entering safepoint region: Cleanup
[2019-12-08T11:39:54.556+0000][1][safepoint    ] Leaving safepoint region
[2019-12-08T11:39:54.556+0000][1][safepoint    ] Total time for which application threads were stopped: 0.0000871 seconds, Stopping threads took: 0.0000184 seconds
[2019-12-08T11:39:55.556+0000][1][safepoint    ] Application time: 1.0000822 seconds
[2019-12-08T11:39:55.556+0000][1][safepoint    ] Entering safepoint region: Cleanup
[2019-12-08T11:39:55.556+0000][1][safepoint    ] Leaving safepoint region
[2019-12-08T11:39:55.556+0000][1][safepoint    ] Total time for which application threads were stopped: 0.0000847 seconds, Stopping threads took: 0.0000197 seconds
[2019-12-08T11:39:56.556+0000][1][safepoint    ] Application time: 1.0000784 seconds
[2019-12-08T11:39:56.556+0000][1][safepoint    ] Entering safepoint region: Cleanup
[2019-12-08T11:39:56.557+0000][1][safepoint    ] Leaving safepoint region
[2019-12-08T11:39:56.557+0000][1][safepoint    ] Total time for which application threads were stopped: 0.0000920 seconds, Stopping threads took: 0.0000251 seconds
[2019-12-08T11:39:57.557+0000][1][safepoint    ] Application time: 1.0000777 seconds
[2019-12-08T11:39:57.557+0000][1][safepoint    ] Entering safepoint region: Cleanup
[2019-12-08T11:39:57.557+0000][1][safepoint    ] Leaving safepoint region
[2019-12-08T11:39:57.557+0000][1][safepoint    ] Total time for which application threads were stopped: 0.0000938 seconds, Stopping threads took: 0.0000184 seconds
[2019-12-08T11:39:58.557+0000][1][safepoint    ] Application time: 1.0000750 seconds
[2019-12-08T11:39:58.557+0000][1][safepoint    ] Entering safepoint region: Cleanup
[2019-12-08T11:39:58.557+0000][1][safepoint    ] Leaving safepoint region
[2019-12-08T11:39:58.557+0000][1][safepoint    ] Total time for which application threads were stopped: 0.0000823 seconds, Stopping threads took: 0.0000176 seconds
[2019-12-08T11:39:59.557+0000][1][safepoint    ] Application time: 1.0000833 seconds
[2019-12-08T11:39:59.557+0000][1][safepoint    ] Entering safepoint region: Cleanup
[2019-12-08T11:39:59.557+0000][1][safepoint    ] Leaving safepoint region
[2019-12-08T11:39:59.557+0000][1][safepoint    ] Total time for which application threads were stopped: 0.0000840 seconds, Stopping threads took: 0.0000191 seconds
[2019-12-08T11:40:00.557+0000][1][safepoint    ] Application time: 1.0000787 seconds
[2019-12-08T11:40:00.557+0000][1][safepoint    ] Entering safepoint region: Cleanup
[2019-12-08T11:40:00.557+0000][1][safepoint    ] Leaving safepoint region
[2019-12-08T11:40:00.557+0000][1][safepoint    ] Total time for which application threads were stopped: 0.0000851 seconds, Stopping threads took: 0.0000191 seconds
[2019-12-08T11:40:01.557+0000][1][safepoint    ] Application time: 1.0000870 seconds
[2019-12-08T11:40:01.558+0000][1][safepoint    ] Entering safepoint region: Cleanup
[2019-12-08T11:40:01.558+0000][1][safepoint    ] Leaving safepoint region
[2019-12-08T11:40:01.558+0000][1][safepoint    ] Total time for which application threads were stopped: 0.0000847 seconds, Stopping threads took: 0.0000194 seconds
[2019-12-08T11:40:02.558+0000][1][safepoint    ] Application time: 1.0000911 seconds
[2019-12-08T11:40:02.558+0000][1][safepoint    ] Entering safepoint region: Cleanup
[2019-12-08T11:40:02.558+0000][1][safepoint    ] Leaving safepoint region
[2019-12-08T11:40:02.558+0000][1][safepoint    ] Total time for which application threads were stopped: 0.0000841 seconds, Stopping threads took: 0.0000182 seconds
[2019-12-08T11:40:03.558+0000][1][safepoint    ] Application time: 1.0000953 seconds
[2019-12-08T11:40:03.558+0000][1][safepoint    ] Entering safepoint region: Cleanup
[2019-12-08T11:40:03.558+0000][1][safepoint    ] Leaving safepoint region
[2019-12-08T11:40:03.558+0000][1][safepoint    ] Total time for which application threads were stopped: 0.0000828 seconds, Stopping threads took: 0.0000185 seconds
[2019-12-08T11:40:04.558+0000][1][safepoint    ] Application time: 1.0000855 seconds
[2019-12-08T11:40:04.558+0000][1][safepoint    ] Entering safepoint region: Cleanup
[2019-12-08T11:40:04.558+0000][1][safepoint    ] Leaving safepoint region
[2019-12-08T11:40:04.558+0000][1][safepoint    ] Total time for which application threads were stopped: 0.0000855 seconds, Stopping threads took: 0.0000192 seconds
[2019-12-08T11:40:05.558+0000][1][safepoint    ] Application time: 1.0000783 seconds
[2019-12-08T11:40:05.558+0000][1][safepoint    ] Entering safepoint region: Cleanup
[2019-12-08T11:40:05.558+0000][1][safepoint    ] Leaving safepoint region
[2019-12-08T11:40:05.558+0000][1][safepoint    ] Total time for which application threads were stopped: 0.0000803 seconds, Stopping threads took: 0.0000168 seconds
[2019-12-08T11:40:06.559+0000][1][safepoint    ] Application time: 1.0000775 seconds
[2019-12-08T11:40:06.559+0000][1][safepoint    ] Entering safepoint region: Cleanup
[2019-12-08T11:40:06.559+0000][1][safepoint    ] Leaving safepoint region
[2019-12-08T11:40:06.559+0000][1][safepoint    ] Total time for which application threads were stopped: 0.0000849 seconds, Stopping threads took: 0.0000185 seconds
[2019-12-08T11:40:07.559+0000][1][safepoint    ] Application time: 1.0000770 seconds
[2019-12-08T11:40:07.559+0000][1][safepoint    ] Entering safepoint region: Cleanup
[2019-12-08T11:40:07.559+0000][1][safepoint    ] Leaving safepoint region
[2019-12-08T11:40:07.559+0000][1][safepoint    ] Total time for which application threads were stopped: 0.0000899 seconds, Stopping threads took: 0.0000179 seconds
[2019-12-08T11:40:08.559+0000][1][safepoint    ] Application time: 1.0000760 seconds
[2019-12-08T11:40:08.559+0000][1][safepoint    ] Entering safepoint region: Cleanup
[2019-12-08T11:40:08.559+0000][1][safepoint    ] Leaving safepoint region
[2019-12-08T11:40:08.559+0000][1][safepoint    ] Total time for which application threads were stopped: 0.0000857 seconds, Stopping threads took: 0.0000199 seconds
[2019-12-08T11:40:09.559+0000][1][safepoint    ] Application time: 1.0000749 seconds
[2019-12-08T11:40:09.559+0000][1][safepoint    ] Entering safepoint region: Cleanup
[2019-12-08T11:40:09.559+0000][1][safepoint    ] Leaving safepoint region
[2019-12-08T11:40:09.559+0000][1][safepoint    ] Total time for which application threads were stopped: 0.0000831 seconds, Stopping threads took: 0.0000183 seconds
[2019-12-08T11:40:10.559+0000][1][safepoint    ] Application time: 1.0000775 seconds
[2019-12-08T11:40:10.559+0000][1][safepoint    ] Entering safepoint region: Cleanup
[2019-12-08T11:40:10.559+0000][1][safepoint    ] Leaving safepoint region
[2019-12-08T11:40:10.559+0000][1][safepoint    ] Total time for which application threads were stopped: 0.0000841 seconds, Stopping threads took: 0.0000195 seconds
[2019-12-08T11:40:11.560+0000][1][safepoint    ] Application time: 1.0000756 seconds
[2019-12-08T11:40:11.560+0000][1][safepoint    ] Entering safepoint region: Cleanup
[2019-12-08T11:40:11.560+0000][1][safepoint    ] Leaving safepoint region
[2019-12-08T11:40:11.560+0000][1][safepoint    ] Total time for which application threads were stopped: 0.0000817 seconds, Stopping threads took: 0.0000187 seconds
[2019-12-08T11:40:12.560+0000][1][safepoint    ] Application time: 1.0000884 seconds
[2019-12-08T11:40:12.560+0000][1][safepoint    ] Entering safepoint region: Cleanup
[2019-12-08T11:40:12.560+0000][1][safepoint    ] Leaving safepoint region
[2019-12-08T11:40:12.560+0000][1][safepoint    ] Total time for which application threads were stopped: 0.0000829 seconds, Stopping threads took: 0.0000179 seconds
[2019-12-08T11:40:13.560+0000][1][safepoint    ] Application time: 1.0000869 seconds
[2019-12-08T11:40:13.560+0000][1][safepoint    ] Entering safepoint region: Cleanup
[2019-12-08T11:40:13.560+0000][1][safepoint    ] Leaving safepoint region
[2019-12-08T11:40:13.560+0000][1][safepoint    ] Total time for which application threads were stopped: 0.0000897 seconds, Stopping threads took: 0.0000192 seconds
[2019-12-08T11:40:14.560+0000][1][safepoint    ] Application time: 1.0000801 seconds
[2019-12-08T11:40:14.560+0000][1][safepoint    ] Entering safepoint region: Cleanup
[2019-12-08T11:40:14.560+0000][1][safepoint    ] Leaving safepoint region
[2019-12-08T11:40:14.560+0000][1][safepoint    ] Total time for which application threads were stopped: 0.0000837 seconds, Stopping threads took: 0.0000180 seconds
[2019-12-08T11:40:15.560+0000][1][safepoint    ] Application time: 1.0000761 seconds
[2019-12-08T11:40:15.560+0000][1][safepoint    ] Entering safepoint region: Cleanup
[2019-12-08T11:40:15.561+0000][1][safepoint    ] Leaving safepoint region
[2019-12-08T11:40:15.561+0000][1][safepoint    ] Total time for which application threads were stopped: 0.0000822 seconds, Stopping threads took: 0.0000177 seconds
[2019-12-08T11:40:16.561+0000][1][safepoint    ] Application time: 1.0000808 seconds
[2019-12-08T11:40:16.561+0000][1][safepoint    ] Entering safepoint region: Cleanup
[2019-12-08T11:40:16.561+0000][1][safepoint    ] Leaving safepoint region
[2019-12-08T11:40:16.561+0000][1][safepoint    ] Total time for which application threads were stopped: 0.0001189 seconds, Stopping threads took: 0.0000234 seconds
[2019-12-08T11:40:17.561+0000][1][safepoint    ] Application time: 1.0000773 seconds
[2019-12-08T11:40:17.561+0000][1][safepoint    ] Entering safepoint region: Cleanup
[2019-12-08T11:40:17.561+0000][1][safepoint    ] Leaving safepoint region
[2019-12-08T11:40:17.561+0000][1][safepoint    ] Total time for which application threads were stopped: 0.0000851 seconds, Stopping threads took: 0.0000193 seconds
[2019-12-08T11:40:18.561+0000][1][safepoint    ] Application time: 1.0000791 seconds
[2019-12-08T11:40:18.561+0000][1][safepoint    ] Entering safepoint region: Cleanup
[2019-12-08T11:40:18.561+0000][1][safepoint    ] Leaving safepoint region
[2019-12-08T11:40:18.561+0000][1][safepoint    ] Total time for which application threads were stopped: 0.0000912 seconds, Stopping threads took: 0.0000190 seconds
[2019-12-08T11:40:18.577+0000][1][safepoint    ] Application time: 0.0158375 seconds
[2019-12-08T11:40:18.577+0000][1][safepoint    ] Entering safepoint region: GenCollectForAllocation
[2019-12-08T11:40:18.577+0000][1][gc,start     ] GC(26) Pause Young (Allocation Failure)
[2019-12-08T11:40:18.577+0000][1][gc,task      ] GC(26) Using 4 workers of 4 for evacuation
[2019-12-08T11:40:18.581+0000][1][gc,age       ] GC(26) Desired survivor size 4456448 bytes, new threshold 6 (max threshold 6)
[2019-12-08T11:40:18.581+0000][1][gc,age       ] GC(26) Age table with threshold 6 (max threshold 6)
[2019-12-08T11:40:18.581+0000][1][gc,age       ] GC(26) - age   1:       9608 bytes,       9608 total
[2019-12-08T11:40:18.581+0000][1][gc,age       ] GC(26) - age   2:      10264 bytes,      19872 total
[2019-12-08T11:40:18.581+0000][1][gc,age       ] GC(26) - age   3:      26496 bytes,      46368 total
[2019-12-08T11:40:18.581+0000][1][gc,age       ] GC(26) - age   4:    1836528 bytes,    1882896 total
[2019-12-08T11:40:18.581+0000][1][gc,heap      ] GC(26) ParNew: 73270K->2691K(78656K)
[2019-12-08T11:40:18.581+0000][1][gc,heap      ] GC(26) CMS: 68257K->68257K(174784K)
[2019-12-08T11:40:18.581+0000][1][gc,metaspace ] GC(26) Metaspace: 68947K->68947K(1112064K)
[2019-12-08T11:40:18.581+0000][1][gc           ] GC(26) Pause Young (Allocation Failure) 138M->69M(247M) 3.892ms
[2019-12-08T11:40:18.581+0000][1][gc,cpu       ] GC(26) User=0.01s Sys=0.00s Real=0.01s
[2019-12-08T11:40:18.581+0000][1][safepoint    ] Leaving safepoint region
[2019-12-08T11:40:18.581+0000][1][safepoint    ] Total time for which application threads were stopped: 0.0040841 seconds, Stopping threads took: 0.0000147 seconds
[2019-12-08T11:40:19.581+0000][1][safepoint    ] Application time: 1.0001027 seconds
[2019-12-08T11:40:19.581+0000][1][safepoint    ] Entering safepoint region: Cleanup
[2019-12-08T11:40:19.581+0000][1][safepoint    ] Leaving safepoint region
[2019-12-08T11:40:19.581+0000][1][safepoint    ] Total time for which application threads were stopped: 0.0000854 seconds, Stopping threads took: 0.0000194 seconds
[2019-12-08T11:40:20.581+0000][1][safepoint    ] Application time: 1.0000916 seconds
[2019-12-08T11:40:20.582+0000][1][safepoint    ] Entering safepoint region: Cleanup
[2019-12-08T11:40:20.582+0000][1][safepoint    ] Leaving safepoint region
[2019-12-08T11:40:20.582+0000][1][safepoint    ] Total time for which application threads were stopped: 0.0001139 seconds, Stopping threads took: 0.0000237 seconds
[2019-12-08T11:40:21.582+0000][1][safepoint    ] Application time: 1.0000846 seconds
[2019-12-08T11:40:21.582+0000][1][safepoint    ] Entering safepoint region: Cleanup
[2019-12-08T11:40:21.582+0000][1][safepoint    ] Leaving safepoint region
[2019-12-08T11:40:21.582+0000][1][safepoint    ] Total time for which application threads were stopped: 0.0000847 seconds, Stopping threads took: 0.0000189 seconds
[2019-12-08T11:40:22.582+0000][1][safepoint    ] Application time: 1.0000833 seconds
[2019-12-08T11:40:22.582+0000][1][safepoint    ] Entering safepoint region: Cleanup
[2019-12-08T11:40:22.582+0000][1][safepoint    ] Leaving safepoint region
[2019-12-08T11:40:22.582+0000][1][safepoint    ] Total time for which application threads were stopped: 0.0000861 seconds, Stopping threads took: 0.0000189 seconds
[2019-12-08T11:40:23.582+0000][1][safepoint    ] Application time: 1.0000891 seconds
[2019-12-08T11:40:23.582+0000][1][safepoint    ] Entering safepoint region: Cleanup
[2019-12-08T11:40:23.582+0000][1][safepoint    ] Leaving safepoint region
[2019-12-08T11:40:23.582+0000][1][safepoint    ] Total time for which application threads were stopped: 0.0001218 seconds, Stopping threads took: 0.0000251 seconds
[2019-12-08T11:40:24.582+0000][1][safepoint    ] Application time: 1.0000859 seconds
[2019-12-08T11:40:24.582+0000][1][safepoint    ] Entering safepoint region: Cleanup
[2019-12-08T11:40:24.583+0000][1][safepoint    ] Leaving safepoint region
[2019-12-08T11:40:24.583+0000][1][safepoint    ] Total time for which application threads were stopped: 0.0001152 seconds, Stopping threads took: 0.0000260 seconds
[2019-12-08T11:40:25.583+0000][1][safepoint    ] Application time: 1.0000795 seconds
[2019-12-08T11:40:25.583+0000][1][safepoint    ] Entering safepoint region: Cleanup
[2019-12-08T11:40:25.583+0000][1][safepoint    ] Leaving safepoint region
[2019-12-08T11:40:25.583+0000][1][safepoint    ] Total time for which application threads were stopped: 0.0000827 seconds, Stopping threads took: 0.0000186 seconds
[2019-12-08T11:40:26.583+0000][1][safepoint    ] Application time: 1.0000785 seconds
[2019-12-08T11:40:26.583+0000][1][safepoint    ] Entering safepoint region: Cleanup
[2019-12-08T11:40:26.583+0000][1][safepoint    ] Leaving safepoint region
[2019-12-08T11:40:26.583+0000][1][safepoint    ] Total time for which application threads were stopped: 0.0000843 seconds, Stopping threads took: 0.0000196 seconds
[2019-12-08T11:40:27.583+0000][1][safepoint    ] Application time: 1.0000792 seconds
[2019-12-08T11:40:27.583+0000][1][safepoint    ] Entering safepoint region: Cleanup
[2019-12-08T11:40:27.583+0000][1][safepoint    ] Leaving safepoint region
[2019-12-08T11:40:27.583+0000][1][safepoint    ] Total time for which application threads were stopped: 0.0000909 seconds, Stopping threads took: 0.0000232 seconds
[2019-12-08T11:40:28.583+0000][1][safepoint    ] Application time: 1.0000800 seconds
[2019-12-08T11:40:28.583+0000][1][safepoint    ] Entering safepoint region: Cleanup
[2019-12-08T11:40:28.583+0000][1][safepoint    ] Leaving safepoint region
[2019-12-08T11:40:28.583+0000][1][safepoint    ] Total time for which application threads were stopped: 0.0000882 seconds, Stopping threads took: 0.0000191 seconds
[2019-12-08T11:40:29.584+0000][1][safepoint    ] Application time: 1.0000779 seconds
[2019-12-08T11:40:29.584+0000][1][safepoint    ] Entering safepoint region: Cleanup
[2019-12-08T11:40:29.584+0000][1][safepoint    ] Leaving safepoint region
[2019-12-08T11:40:29.584+0000][1][safepoint    ] Total time for which application threads were stopped: 0.0000878 seconds, Stopping threads took: 0.0000219 seconds
[2019-12-08T11:40:30.584+0000][1][safepoint    ] Application time: 1.0000777 seconds
[2019-12-08T11:40:30.584+0000][1][safepoint    ] Entering safepoint region: Cleanup
[2019-12-08T11:40:30.584+0000][1][safepoint    ] Leaving safepoint region
[2019-12-08T11:40:30.584+0000][1][safepoint    ] Total time for which application threads were stopped: 0.0000822 seconds, Stopping threads took: 0.0000179 seconds
[2019-12-08T11:40:31.584+0000][1][safepoint    ] Application time: 1.0000751 seconds
[2019-12-08T11:40:31.584+0000][1][safepoint    ] Entering safepoint region: Cleanup
[2019-12-08T11:40:31.584+0000][1][safepoint    ] Leaving safepoint region
[2019-12-08T11:40:31.584+0000][1][safepoint    ] Total time for which application threads were stopped: 0.0000865 seconds, Stopping threads took: 0.0000200 seconds
[2019-12-08T11:40:32.584+0000][1][safepoint    ] Application time: 1.0000875 seconds
[2019-12-08T11:40:32.584+0000][1][safepoint    ] Entering safepoint region: Cleanup
[2019-12-08T11:40:32.584+0000][1][safepoint    ] Leaving safepoint region
[2019-12-08T11:40:32.584+0000][1][safepoint    ] Total time for which application threads were stopped: 0.0000967 seconds, Stopping threads took: 0.0000184 seconds
[2019-12-08T11:40:33.593+0000][1][safepoint    ] Application time: 1.0086939 seconds
[2019-12-08T11:40:33.593+0000][1][safepoint    ] Entering safepoint region: Cleanup
[2019-12-08T11:40:33.593+0000][1][safepoint    ] Leaving safepoint region
[2019-12-08T11:40:33.593+0000][1][safepoint    ] Total time for which application threads were stopped: 0.0000841 seconds, Stopping threads took: 0.0000160 seconds
[2019-12-08T11:40:34.593+0000][1][safepoint    ] Application time: 1.0000778 seconds
[2019-12-08T11:40:34.593+0000][1][safepoint    ] Entering safepoint region: Cleanup
[2019-12-08T11:40:34.593+0000][1][safepoint    ] Leaving safepoint region
[2019-12-08T11:40:34.593+0000][1][safepoint    ] Total time for which application threads were stopped: 0.0000789 seconds, Stopping threads took: 0.0000188 seconds
[2019-12-08T11:40:35.593+0000][1][safepoint    ] Application time: 1.0000771 seconds
[2019-12-08T11:40:35.593+0000][1][safepoint    ] Entering safepoint region: Cleanup
[2019-12-08T11:40:35.593+0000][1][safepoint    ] Leaving safepoint region
[2019-12-08T11:40:35.593+0000][1][safepoint    ] Total time for which application threads were stopped: 0.0000759 seconds, Stopping threads took: 0.0000172 seconds
[2019-12-08T11:40:36.594+0000][1][safepoint    ] Application time: 1.0000871 seconds
[2019-12-08T11:40:36.594+0000][1][safepoint    ] Entering safepoint region: Cleanup
[2019-12-08T11:40:36.594+0000][1][safepoint    ] Leaving safepoint region
[2019-12-08T11:40:36.594+0000][1][safepoint    ] Total time for which application threads were stopped: 0.0001270 seconds, Stopping threads took: 0.0000243 seconds
[2019-12-08T11:40:37.594+0000][1][safepoint    ] Application time: 1.0000812 seconds
[2019-12-08T11:40:37.594+0000][1][safepoint    ] Entering safepoint region: Cleanup
[2019-12-08T11:40:37.594+0000][1][safepoint    ] Leaving safepoint region
[2019-12-08T11:40:37.594+0000][1][safepoint    ] Total time for which application threads were stopped: 0.0000744 seconds, Stopping threads took: 0.0000152 seconds
[2019-12-08T11:40:38.594+0000][1][safepoint    ] Application time: 1.0000779 seconds
[2019-12-08T11:40:38.594+0000][1][safepoint    ] Entering safepoint region: Cleanup
[2019-12-08T11:40:38.594+0000][1][safepoint    ] Leaving safepoint region
[2019-12-08T11:40:38.594+0000][1][safepoint    ] Total time for which application threads were stopped: 0.0000821 seconds, Stopping threads took: 0.0000179 seconds
[2019-12-08T11:40:39.594+0000][1][safepoint    ] Application time: 1.0002433 seconds
[2019-12-08T11:40:39.594+0000][1][safepoint    ] Entering safepoint region: Cleanup
[2019-12-08T11:40:39.595+0000][1][safepoint    ] Leaving safepoint region
[2019-12-08T11:40:39.595+0000][1][safepoint    ] Total time for which application threads were stopped: 0.0001544 seconds, Stopping threads took: 0.0000527 seconds
[2019-12-08T11:40:40.595+0000][1][safepoint    ] Application time: 1.0001167 seconds
[2019-12-08T11:40:40.595+0000][1][safepoint    ] Entering safepoint region: Cleanup
[2019-12-08T11:40:40.595+0000][1][safepoint    ] Leaving safepoint region
[2019-12-08T11:40:40.595+0000][1][safepoint    ] Total time for which application threads were stopped: 0.0001152 seconds, Stopping threads took: 0.0000265 seconds
[2019-12-08T11:40:41.595+0000][1][safepoint    ] Application time: 1.0000808 seconds
[2019-12-08T11:40:41.595+0000][1][safepoint    ] Entering safepoint region: Cleanup
[2019-12-08T11:40:41.595+0000][1][safepoint    ] Leaving safepoint region
[2019-12-08T11:40:41.595+0000][1][safepoint    ] Total time for which application threads were stopped: 0.0001089 seconds, Stopping threads took: 0.0000244 seconds
[2019-12-08T11:40:42.595+0000][1][safepoint    ] Application time: 1.0000823 seconds
[2019-12-08T11:40:42.595+0000][1][safepoint    ] Entering safepoint region: Cleanup
[2019-12-08T11:40:42.595+0000][1][safepoint    ] Leaving safepoint region
[2019-12-08T11:40:42.595+0000][1][safepoint    ] Total time for which application threads were stopped: 0.0000832 seconds, Stopping threads took: 0.0000190 seconds
[2019-12-08T11:40:43.595+0000][1][safepoint    ] Application time: 1.0000787 seconds
[2019-12-08T11:40:43.595+0000][1][safepoint    ] Entering safepoint region: Cleanup
[2019-12-08T11:40:43.595+0000][1][safepoint    ] Leaving safepoint region
[2019-12-08T11:40:43.595+0000][1][safepoint    ] Total time for which application threads were stopped: 0.0000799 seconds, Stopping threads took: 0.0000174 seconds
[2019-12-08T11:40:44.596+0000][1][safepoint    ] Application time: 1.0000778 seconds
[2019-12-08T11:40:44.596+0000][1][safepoint    ] Entering safepoint region: Cleanup
[2019-12-08T11:40:44.596+0000][1][safepoint    ] Leaving safepoint region
[2019-12-08T11:40:44.596+0000][1][safepoint    ] Total time for which application threads were stopped: 0.0000813 seconds, Stopping threads took: 0.0000177 seconds
[2019-12-08T11:40:45.596+0000][1][safepoint    ] Application time: 1.0000790 seconds
[2019-12-08T11:40:45.596+0000][1][safepoint    ] Entering safepoint region: Cleanup
[2019-12-08T11:40:45.596+0000][1][safepoint    ] Leaving safepoint region
[2019-12-08T11:40:45.596+0000][1][safepoint    ] Total time for which application threads were stopped: 0.0000785 seconds, Stopping threads took: 0.0000175 seconds
[2019-12-08T11:40:46.596+0000][1][safepoint    ] Application time: 1.0000755 seconds
[2019-12-08T11:40:46.596+0000][1][safepoint    ] Entering safepoint region: Cleanup
[2019-12-08T11:40:46.596+0000][1][safepoint    ] Leaving safepoint region
[2019-12-08T11:40:46.596+0000][1][safepoint    ] Total time for which application threads were stopped: 0.0000869 seconds, Stopping threads took: 0.0000240 seconds
[2019-12-08T11:40:47.596+0000][1][safepoint    ] Application time: 1.0000800 seconds
[2019-12-08T11:40:47.596+0000][1][safepoint    ] Entering safepoint region: Cleanup
[2019-12-08T11:40:47.596+0000][1][safepoint    ] Leaving safepoint region
[2019-12-08T11:40:47.596+0000][1][safepoint    ] Total time for which application threads were stopped: 0.0000845 seconds, Stopping threads took: 0.0000199 seconds
[2019-12-08T11:40:48.596+0000][1][safepoint    ] Application time: 1.0000794 seconds
[2019-12-08T11:40:48.596+0000][1][safepoint    ] Entering safepoint region: Cleanup
[2019-12-08T11:40:48.596+0000][1][safepoint    ] Leaving safepoint region
[2019-12-08T11:40:48.596+0000][1][safepoint    ] Total time for which application threads were stopped: 0.0000899 seconds, Stopping threads took: 0.0000211 seconds
[2019-12-08T11:40:49.596+0000][1][safepoint    ] Application time: 1.0000789 seconds
[2019-12-08T11:40:49.597+0000][1][safepoint    ] Entering safepoint region: Cleanup
[2019-12-08T11:40:49.597+0000][1][safepoint    ] Leaving safepoint region
[2019-12-08T11:40:49.597+0000][1][safepoint    ] Total time for which application threads were stopped: 0.0000855 seconds, Stopping threads took: 0.0000206 seconds
[2019-12-08T11:40:50.597+0000][1][safepoint    ] Application time: 1.0000849 seconds
[2019-12-08T11:40:50.597+0000][1][safepoint    ] Entering safepoint region: Cleanup
[2019-12-08T11:40:50.597+0000][1][safepoint    ] Leaving safepoint region
[2019-12-08T11:40:50.597+0000][1][safepoint    ] Total time for which application threads were stopped: 0.0000803 seconds, Stopping threads took: 0.0000172 seconds
[2019-12-08T11:40:51.597+0000][1][safepoint    ] Application time: 1.0000781 seconds
[2019-12-08T11:40:51.597+0000][1][safepoint    ] Entering safepoint region: Cleanup
[2019-12-08T11:40:51.597+0000][1][safepoint    ] Leaving safepoint region
[2019-12-08T11:40:51.597+0000][1][safepoint    ] Total time for which application threads were stopped: 0.0000878 seconds, Stopping threads took: 0.0000176 seconds
[2019-12-08T11:40:52.597+0000][1][safepoint    ] Application time: 1.0000800 seconds
[2019-12-08T11:40:52.597+0000][1][safepoint    ] Entering safepoint region: Cleanup
[2019-12-08T11:40:52.597+0000][1][safepoint    ] Leaving safepoint region
[2019-12-08T11:40:52.597+0000][1][safepoint    ] Total time for which application threads were stopped: 0.0000836 seconds, Stopping threads took: 0.0000185 seconds
[2019-12-08T11:40:54.173+0000][1][safepoint    ] Application time: 1.5756955 seconds
[2019-12-08T11:40:54.173+0000][1][safepoint    ] Entering safepoint region: Cleanup
[2019-12-08T11:40:54.173+0000][1][safepoint    ] Leaving safepoint region
[2019-12-08T11:40:54.173+0000][1][safepoint    ] Total time for which application threads were stopped: 0.0000899 seconds, Stopping threads took: 0.0000250 seconds
[2019-12-08T11:40:55.173+0000][1][safepoint    ] Application time: 1.0000774 seconds
[2019-12-08T11:40:55.173+0000][1][safepoint    ] Entering safepoint region: Cleanup
[2019-12-08T11:40:55.173+0000][1][safepoint    ] Leaving safepoint region
[2019-12-08T11:40:55.173+0000][1][safepoint    ] Total time for which application threads were stopped: 0.0000803 seconds, Stopping threads took: 0.0000177 seconds
[2019-12-08T11:40:56.173+0000][1][safepoint    ] Application time: 1.0000801 seconds
[2019-12-08T11:40:56.173+0000][1][safepoint    ] Entering safepoint region: Cleanup
[2019-12-08T11:40:56.173+0000][1][safepoint    ] Leaving safepoint region
[2019-12-08T11:40:56.173+0000][1][safepoint    ] Total time for which application threads were stopped: 0.0000873 seconds, Stopping threads took: 0.0000211 seconds
[2019-12-08T11:40:57.174+0000][1][safepoint    ] Application time: 1.0000841 seconds
[2019-12-08T11:40:57.174+0000][1][safepoint    ] Entering safepoint region: Cleanup
[2019-12-08T11:40:57.174+0000][1][safepoint    ] Leaving safepoint region
[2019-12-08T11:40:57.174+0000][1][safepoint    ] Total time for which application threads were stopped: 0.0000932 seconds, Stopping threads took: 0.0000269 seconds
[2019-12-08T11:40:58.174+0000][1][safepoint    ] Application time: 1.0000959 seconds
[2019-12-08T11:40:58.174+0000][1][safepoint    ] Entering safepoint region: Cleanup
[2019-12-08T11:40:58.174+0000][1][safepoint    ] Leaving safepoint region
[2019-12-08T11:40:58.174+0000][1][safepoint    ] Total time for which application threads were stopped: 0.0000855 seconds, Stopping threads took: 0.0000205 seconds
[2019-12-08T11:40:59.174+0000][1][safepoint    ] Application time: 1.0000835 seconds
[2019-12-08T11:40:59.174+0000][1][safepoint    ] Entering safepoint region: Cleanup
[2019-12-08T11:40:59.174+0000][1][safepoint    ] Leaving safepoint region
[2019-12-08T11:40:59.174+0000][1][safepoint    ] Total time for which application threads were stopped: 0.0000845 seconds, Stopping threads took: 0.0000197 seconds
[2019-12-08T11:41:00.174+0000][1][safepoint    ] Application time: 1.0000837 seconds
[2019-12-08T11:41:00.174+0000][1][safepoint    ] Entering safepoint region: Cleanup
[2019-12-08T11:41:00.174+0000][1][safepoint    ] Leaving safepoint region
[2019-12-08T11:41:00.174+0000][1][safepoint    ] Total time for which application threads were stopped: 0.0000856 seconds, Stopping threads took: 0.0000169 seconds
[2019-12-08T11:41:01.174+0000][1][safepoint    ] Application time: 1.0000751 seconds
[2019-12-08T11:41:01.174+0000][1][safepoint    ] Entering safepoint region: Cleanup
[2019-12-08T11:41:01.175+0000][1][safepoint    ] Leaving safepoint region
[2019-12-08T11:41:01.175+0000][1][safepoint    ] Total time for which application threads were stopped: 0.0000819 seconds, Stopping threads took: 0.0000184 seconds
[2019-12-08T11:41:02.175+0000][1][safepoint    ] Application time: 1.0000857 seconds
[2019-12-08T11:41:02.175+0000][1][safepoint    ] Entering safepoint region: Cleanup
[2019-12-08T11:41:02.175+0000][1][safepoint    ] Leaving safepoint region
[2019-12-08T11:41:02.175+0000][1][safepoint    ] Total time for which application threads were stopped: 0.0001046 seconds, Stopping threads took: 0.0000201 seconds
[2019-12-08T11:41:03.175+0000][1][safepoint    ] Application time: 1.0000774 seconds
[2019-12-08T11:41:03.175+0000][1][safepoint    ] Entering safepoint region: Cleanup
[2019-12-08T11:41:03.175+0000][1][safepoint    ] Leaving safepoint region
[2019-12-08T11:41:03.175+0000][1][safepoint    ] Total time for which application threads were stopped: 0.0000783 seconds, Stopping threads took: 0.0000161 seconds
[2019-12-08T11:41:04.175+0000][1][safepoint    ] Application time: 1.0000778 seconds
[2019-12-08T11:41:04.175+0000][1][safepoint    ] Entering safepoint region: Cleanup
[2019-12-08T11:41:04.175+0000][1][safepoint    ] Leaving safepoint region
[2019-12-08T11:41:04.175+0000][1][safepoint    ] Total time for which application threads were stopped: 0.0000867 seconds, Stopping threads took: 0.0000179 seconds
[2019-12-08T11:41:05.175+0000][1][safepoint    ] Application time: 1.0000816 seconds
[2019-12-08T11:41:05.175+0000][1][safepoint    ] Entering safepoint region: Cleanup
[2019-12-08T11:41:05.175+0000][1][safepoint    ] Leaving safepoint region
[2019-12-08T11:41:05.175+0000][1][safepoint    ] Total time for which application threads were stopped: 0.0000804 seconds, Stopping threads took: 0.0000167 seconds
[2019-12-08T11:41:06.175+0000][1][safepoint    ] Application time: 1.0000818 seconds
[2019-12-08T11:41:06.176+0000][1][safepoint    ] Entering safepoint region: Cleanup
[2019-12-08T11:41:06.176+0000][1][safepoint    ] Leaving safepoint region
[2019-12-08T11:41:06.176+0000][1][safepoint    ] Total time for which application threads were stopped: 0.0000866 seconds, Stopping threads took: 0.0000200 seconds
[2019-12-08T11:41:07.176+0000][1][safepoint    ] Application time: 1.0000806 seconds
[2019-12-08T11:41:07.176+0000][1][safepoint    ] Entering safepoint region: Cleanup
[2019-12-08T11:41:07.176+0000][1][safepoint    ] Leaving safepoint region
[2019-12-08T11:41:07.176+0000][1][safepoint    ] Total time for which application threads were stopped: 0.0000834 seconds, Stopping threads took: 0.0000194 seconds
[2019-12-08T11:41:08.176+0000][1][safepoint    ] Application time: 1.0000807 seconds
[2019-12-08T11:41:08.176+0000][1][safepoint    ] Entering safepoint region: Cleanup
[2019-12-08T11:41:08.176+0000][1][safepoint    ] Leaving safepoint region
[2019-12-08T11:41:08.176+0000][1][safepoint    ] Total time for which application threads were stopped: 0.0000824 seconds, Stopping threads took: 0.0000186 seconds
[2019-12-08T11:41:09.176+0000][1][safepoint    ] Application time: 1.0000860 seconds
[2019-12-08T11:41:09.176+0000][1][safepoint    ] Entering safepoint region: Cleanup
[2019-12-08T11:41:09.176+0000][1][safepoint    ] Leaving safepoint region
[2019-12-08T11:41:09.176+0000][1][safepoint    ] Total time for which application threads were stopped: 0.0000873 seconds, Stopping threads took: 0.0000201 seconds
[2019-12-08T11:41:10.176+0000][1][safepoint    ] Application time: 1.0000928 seconds
[2019-12-08T11:41:10.176+0000][1][safepoint    ] Entering safepoint region: Cleanup
[2019-12-08T11:41:10.176+0000][1][safepoint    ] Leaving safepoint region
[2019-12-08T11:41:10.176+0000][1][safepoint    ] Total time for which application threads were stopped: 0.0000837 seconds, Stopping threads took: 0.0000191 seconds
[2019-12-08T11:41:11.177+0000][1][safepoint    ] Application time: 1.0000791 seconds
[2019-12-08T11:41:11.177+0000][1][safepoint    ] Entering safepoint region: Cleanup
[2019-12-08T11:41:11.177+0000][1][safepoint    ] Leaving safepoint region
[2019-12-08T11:41:11.177+0000][1][safepoint    ] Total time for which application threads were stopped: 0.0000809 seconds, Stopping threads took: 0.0000175 seconds
[2019-12-08T11:41:12.177+0000][1][safepoint    ] Application time: 1.0000751 seconds
[2019-12-08T11:41:12.177+0000][1][safepoint    ] Entering safepoint region: Cleanup
[2019-12-08T11:41:12.177+0000][1][safepoint    ] Leaving safepoint region
[2019-12-08T11:41:12.177+0000][1][safepoint    ] Total time for which application threads were stopped: 0.0000734 seconds, Stopping threads took: 0.0000149 seconds
[2019-12-08T11:41:13.177+0000][1][safepoint    ] Application time: 1.0000753 seconds
[2019-12-08T11:41:13.177+0000][1][safepoint    ] Entering safepoint region: Cleanup
[2019-12-08T11:41:13.177+0000][1][safepoint    ] Leaving safepoint region
[2019-12-08T11:41:13.177+0000][1][safepoint    ] Total time for which application threads were stopped: 0.0000768 seconds, Stopping threads took: 0.0000165 seconds
[2019-12-08T11:41:14.177+0000][1][safepoint    ] Application time: 1.0000756 seconds
[2019-12-08T11:41:14.177+0000][1][safepoint    ] Entering safepoint region: Cleanup
[2019-12-08T11:41:14.177+0000][1][safepoint    ] Leaving safepoint region
[2019-12-08T11:41:14.177+0000][1][safepoint    ] Total time for which application threads were stopped: 0.0000782 seconds, Stopping threads took: 0.0000172 seconds
[2019-12-08T11:41:15.177+0000][1][safepoint    ] Application time: 1.0000742 seconds
[2019-12-08T11:41:15.177+0000][1][safepoint    ] Entering safepoint region: Cleanup
[2019-12-08T11:41:15.177+0000][1][safepoint    ] Leaving safepoint region
[2019-12-08T11:41:15.177+0000][1][safepoint    ] Total time for which application threads were stopped: 0.0000787 seconds, Stopping threads took: 0.0000170 seconds
[2019-12-08T11:41:16.178+0000][1][safepoint    ] Application time: 1.0000781 seconds
[2019-12-08T11:41:16.178+0000][1][safepoint    ] Entering safepoint region: Cleanup
[2019-12-08T11:41:16.178+0000][1][safepoint    ] Leaving safepoint region
[2019-12-08T11:41:16.178+0000][1][safepoint    ] Total time for which application threads were stopped: 0.0000798 seconds, Stopping threads took: 0.0000188 seconds
[2019-12-08T11:41:17.178+0000][1][safepoint    ] Application time: 1.0000820 seconds
[2019-12-08T11:41:17.178+0000][1][safepoint    ] Entering safepoint region: Cleanup
[2019-12-08T11:41:17.178+0000][1][safepoint    ] Leaving safepoint region
[2019-12-08T11:41:17.178+0000][1][safepoint    ] Total time for which application threads were stopped: 0.0000840 seconds, Stopping threads took: 0.0000202 seconds
[2019-12-08T11:41:18.178+0000][1][safepoint    ] Application time: 1.0000784 seconds
[2019-12-08T11:41:18.178+0000][1][safepoint    ] Entering safepoint region: Cleanup
[2019-12-08T11:41:18.178+0000][1][safepoint    ] Leaving safepoint region
[2019-12-08T11:41:18.178+0000][1][safepoint    ] Total time for which application threads were stopped: 0.0000788 seconds, Stopping threads took: 0.0000176 seconds
[2019-12-08T11:41:19.178+0000][1][safepoint    ] Application time: 1.0000803 seconds
[2019-12-08T11:41:19.178+0000][1][safepoint    ] Entering safepoint region: Cleanup
[2019-12-08T11:41:19.178+0000][1][safepoint    ] Leaving safepoint region
[2019-12-08T11:41:19.178+0000][1][safepoint    ] Total time for which application threads were stopped: 0.0000817 seconds, Stopping threads took: 0.0000178 seconds
[2019-12-08T11:41:20.178+0000][1][safepoint    ] Application time: 1.0000813 seconds
[2019-12-08T11:41:20.178+0000][1][safepoint    ] Entering safepoint region: Cleanup
[2019-12-08T11:41:20.178+0000][1][safepoint    ] Leaving safepoint region
[2019-12-08T11:41:20.178+0000][1][safepoint    ] Total time for which application threads were stopped: 0.0000841 seconds, Stopping threads took: 0.0000190 seconds
[2019-12-08T11:41:21.179+0000][1][safepoint    ] Application time: 1.0000860 seconds
[2019-12-08T11:41:21.179+0000][1][safepoint    ] Entering safepoint region: Cleanup
[2019-12-08T11:41:21.179+0000][1][safepoint    ] Leaving safepoint region
[2019-12-08T11:41:21.179+0000][1][safepoint    ] Total time for which application threads were stopped: 0.0000826 seconds, Stopping threads took: 0.0000182 seconds
[2019-12-08T11:41:22.179+0000][1][safepoint    ] Application time: 1.0000785 seconds
[2019-12-08T11:41:22.179+0000][1][safepoint    ] Entering safepoint region: Cleanup
[2019-12-08T11:41:22.179+0000][1][safepoint    ] Leaving safepoint region
[2019-12-08T11:41:22.179+0000][1][safepoint    ] Total time for which application threads were stopped: 0.0000817 seconds, Stopping threads took: 0.0000174 seconds
[2019-12-08T11:41:23.179+0000][1][safepoint    ] Application time: 1.0000764 seconds
[2019-12-08T11:41:23.179+0000][1][safepoint    ] Entering safepoint region: Cleanup
[2019-12-08T11:41:23.179+0000][1][safepoint    ] Leaving safepoint region
[2019-12-08T11:41:23.179+0000][1][safepoint    ] Total time for which application threads were stopped: 0.0000798 seconds, Stopping threads took: 0.0000177 seconds
[2019-12-08T11:41:24.179+0000][1][safepoint    ] Application time: 1.0000763 seconds
[2019-12-08T11:41:24.179+0000][1][safepoint    ] Entering safepoint region: Cleanup
[2019-12-08T11:41:24.179+0000][1][safepoint    ] Leaving safepoint region
[2019-12-08T11:41:24.179+0000][1][safepoint    ] Total time for which application threads were stopped: 0.0000880 seconds, Stopping threads took: 0.0000175 seconds
[2019-12-08T11:41:25.179+0000][1][safepoint    ] Application time: 1.0000858 seconds
[2019-12-08T11:41:25.179+0000][1][safepoint    ] Entering safepoint region: Cleanup
[2019-12-08T11:41:25.179+0000][1][safepoint    ] Leaving safepoint region
[2019-12-08T11:41:25.179+0000][1][safepoint    ] Total time for which application threads were stopped: 0.0000817 seconds, Stopping threads took: 0.0000186 seconds
[2019-12-08T11:41:26.180+0000][1][safepoint    ] Application time: 1.0000799 seconds
[2019-12-08T11:41:26.180+0000][1][safepoint    ] Entering safepoint region: Cleanup
[2019-12-08T11:41:26.180+0000][1][safepoint    ] Leaving safepoint region
[2019-12-08T11:41:26.180+0000][1][safepoint    ] Total time for which application threads were stopped: 0.0000781 seconds, Stopping threads took: 0.0000175 seconds
[2019-12-08T11:41:27.180+0000][1][safepoint    ] Application time: 1.0000736 seconds
[2019-12-08T11:41:27.180+0000][1][safepoint    ] Entering safepoint region: Cleanup
[2019-12-08T11:41:27.180+0000][1][safepoint    ] Leaving safepoint region
[2019-12-08T11:41:27.180+0000][1][safepoint    ] Total time for which application threads were stopped: 0.0000763 seconds, Stopping threads took: 0.0000182 seconds
[2019-12-08T11:41:28.180+0000][1][safepoint    ] Application time: 1.0000747 seconds
[2019-12-08T11:41:28.180+0000][1][safepoint    ] Entering safepoint region: Cleanup
[2019-12-08T11:41:28.180+0000][1][safepoint    ] Leaving safepoint region
[2019-12-08T11:41:28.180+0000][1][safepoint    ] Total time for which application threads were stopped: 0.0000775 seconds, Stopping threads took: 0.0000168 seconds
[2019-12-08T11:41:29.180+0000][1][safepoint    ] Application time: 1.0000754 seconds
[2019-12-08T11:41:29.180+0000][1][safepoint    ] Entering safepoint region: Cleanup
[2019-12-08T11:41:29.180+0000][1][safepoint    ] Leaving safepoint region
[2019-12-08T11:41:29.180+0000][1][safepoint    ] Total time for which application threads were stopped: 0.0000783 seconds, Stopping threads took: 0.0000170 seconds
[2019-12-08T11:41:30.180+0000][1][safepoint    ] Application time: 1.0000779 seconds
[2019-12-08T11:41:30.180+0000][1][safepoint    ] Entering safepoint region: Cleanup
[2019-12-08T11:41:30.180+0000][1][safepoint    ] Leaving safepoint region
[2019-12-08T11:41:30.180+0000][1][safepoint    ] Total time for which application threads were stopped: 0.0000809 seconds, Stopping threads took: 0.0000172 seconds
[2019-12-08T11:41:31.181+0000][1][safepoint    ] Application time: 1.0000792 seconds
[2019-12-08T11:41:31.181+0000][1][safepoint    ] Entering safepoint region: Cleanup
[2019-12-08T11:41:31.181+0000][1][safepoint    ] Leaving safepoint region
[2019-12-08T11:41:31.181+0000][1][safepoint    ] Total time for which application threads were stopped: 0.0000988 seconds, Stopping threads took: 0.0000172 seconds
[2019-12-08T11:41:32.181+0000][1][safepoint    ] Application time: 1.0000799 seconds
[2019-12-08T11:41:32.181+0000][1][safepoint    ] Entering safepoint region: Cleanup
[2019-12-08T11:41:32.181+0000][1][safepoint    ] Leaving safepoint region
[2019-12-08T11:41:32.181+0000][1][safepoint    ] Total time for which application threads were stopped: 0.0000845 seconds, Stopping threads took: 0.0000192 seconds
[2019-12-08T11:41:33.181+0000][1][safepoint    ] Application time: 1.0000767 seconds
[2019-12-08T11:41:33.181+0000][1][safepoint    ] Entering safepoint region: Cleanup
[2019-12-08T11:41:33.181+0000][1][safepoint    ] Leaving safepoint region
[2019-12-08T11:41:33.181+0000][1][safepoint    ] Total time for which application threads were stopped: 0.0000774 seconds, Stopping threads took: 0.0000170 seconds
[2019-12-08T11:41:34.181+0000][1][safepoint    ] Application time: 1.0000773 seconds
[2019-12-08T11:41:34.181+0000][1][safepoint    ] Entering safepoint region: Cleanup
[2019-12-08T11:41:34.181+0000][1][safepoint    ] Leaving safepoint region
[2019-12-08T11:41:34.181+0000][1][safepoint    ] Total time for which application threads were stopped: 0.0000818 seconds, Stopping threads took: 0.0000179 seconds
[2019-12-08T11:41:35.181+0000][1][safepoint    ] Application time: 1.0000761 seconds
[2019-12-08T11:41:35.181+0000][1][safepoint    ] Entering safepoint region: Cleanup
[2019-12-08T11:41:35.182+0000][1][safepoint    ] Leaving safepoint region
[2019-12-08T11:41:35.182+0000][1][safepoint    ] Total time for which application threads were stopped: 0.0000817 seconds, Stopping threads took: 0.0000182 seconds
[2019-12-08T11:41:36.182+0000][1][safepoint    ] Application time: 1.0000777 seconds
[2019-12-08T11:41:36.182+0000][1][safepoint    ] Entering safepoint region: Cleanup
[2019-12-08T11:41:36.182+0000][1][safepoint    ] Leaving safepoint region
[2019-12-08T11:41:36.182+0000][1][safepoint    ] Total time for which application threads were stopped: 0.0000875 seconds, Stopping threads took: 0.0000175 seconds
[2019-12-08T11:41:37.182+0000][1][safepoint    ] Application time: 1.0000775 seconds
[2019-12-08T11:41:37.182+0000][1][safepoint    ] Entering safepoint region: Cleanup
[2019-12-08T11:41:37.182+0000][1][safepoint    ] Leaving safepoint region
[2019-12-08T11:41:37.182+0000][1][safepoint    ] Total time for which application threads were stopped: 0.0000982 seconds, Stopping threads took: 0.0000180 seconds
[2019-12-08T11:41:38.182+0000][1][safepoint    ] Application time: 1.0000759 seconds
[2019-12-08T11:41:38.182+0000][1][safepoint    ] Entering safepoint region: Cleanup
[2019-12-08T11:41:38.182+0000][1][safepoint    ] Leaving safepoint region
[2019-12-08T11:41:38.182+0000][1][safepoint    ] Total time for which application threads were stopped: 0.0000854 seconds, Stopping threads took: 0.0000174 seconds
[2019-12-08T11:41:39.182+0000][1][safepoint    ] Application time: 1.0000828 seconds
[2019-12-08T11:41:39.182+0000][1][safepoint    ] Entering safepoint region: Cleanup
[2019-12-08T11:41:39.182+0000][1][safepoint    ] Leaving safepoint region
[2019-12-08T11:41:39.182+0000][1][safepoint    ] Total time for which application threads were stopped: 0.0000818 seconds, Stopping threads took: 0.0000186 seconds
[2019-12-08T11:41:40.182+0000][1][safepoint    ] Application time: 1.0000890 seconds
[2019-12-08T11:41:40.183+0000][1][safepoint    ] Entering safepoint region: Cleanup
[2019-12-08T11:41:40.183+0000][1][safepoint    ] Leaving safepoint region
[2019-12-08T11:41:40.183+0000][1][safepoint    ] Total time for which application threads were stopped: 0.0000811 seconds, Stopping threads took: 0.0000196 seconds
[2019-12-08T11:41:41.183+0000][1][safepoint    ] Application time: 1.0000932 seconds
[2019-12-08T11:41:41.183+0000][1][safepoint    ] Entering safepoint region: Cleanup
[2019-12-08T11:41:41.183+0000][1][safepoint    ] Leaving safepoint region
[2019-12-08T11:41:41.183+0000][1][safepoint    ] Total time for which application threads were stopped: 0.0001082 seconds, Stopping threads took: 0.0000261 seconds
[2019-12-08T11:41:42.183+0000][1][safepoint    ] Application time: 1.0000844 seconds
[2019-12-08T11:41:42.183+0000][1][safepoint    ] Entering safepoint region: Cleanup
[2019-12-08T11:41:42.183+0000][1][safepoint    ] Leaving safepoint region
[2019-12-08T11:41:42.183+0000][1][safepoint    ] Total time for which application threads were stopped: 0.0000790 seconds, Stopping threads took: 0.0000159 seconds
[2019-12-08T11:41:43.183+0000][1][safepoint    ] Application time: 1.0000851 seconds
[2019-12-08T11:41:43.183+0000][1][safepoint    ] Entering safepoint region: Cleanup
[2019-12-08T11:41:43.183+0000][1][safepoint    ] Leaving safepoint region
[2019-12-08T11:41:43.183+0000][1][safepoint    ] Total time for which application threads were stopped: 0.0000782 seconds, Stopping threads took: 0.0000182 seconds
[2019-12-08T11:41:44.183+0000][1][safepoint    ] Application time: 1.0000823 seconds
[2019-12-08T11:41:44.183+0000][1][safepoint    ] Entering safepoint region: Cleanup
[2019-12-08T11:41:44.183+0000][1][safepoint    ] Leaving safepoint region
[2019-12-08T11:41:44.183+0000][1][safepoint    ] Total time for which application threads were stopped: 0.0000793 seconds, Stopping threads took: 0.0000170 seconds
[2019-12-08T11:41:45.184+0000][1][safepoint    ] Application time: 1.0000764 seconds
[2019-12-08T11:41:45.184+0000][1][safepoint    ] Entering safepoint region: Cleanup
[2019-12-08T11:41:45.184+0000][1][safepoint    ] Leaving safepoint region
[2019-12-08T11:41:45.184+0000][1][safepoint    ] Total time for which application threads were stopped: 0.0000800 seconds, Stopping threads took: 0.0000172 seconds
[2019-12-08T11:41:46.184+0000][1][safepoint    ] Application time: 1.0000813 seconds
[2019-12-08T11:41:46.184+0000][1][safepoint    ] Entering safepoint region: Cleanup
[2019-12-08T11:41:46.184+0000][1][safepoint    ] Leaving safepoint region
[2019-12-08T11:41:46.184+0000][1][safepoint    ] Total time for which application threads were stopped: 0.0000820 seconds, Stopping threads took: 0.0000179 seconds
[2019-12-08T11:41:47.184+0000][1][safepoint    ] Application time: 1.0000753 seconds
[2019-12-08T11:41:47.184+0000][1][safepoint    ] Entering safepoint region: Cleanup
[2019-12-08T11:41:47.184+0000][1][safepoint    ] Leaving safepoint region
[2019-12-08T11:41:47.184+0000][1][safepoint    ] Total time for which application threads were stopped: 0.0000845 seconds, Stopping threads took: 0.0000202 seconds
[2019-12-08T11:41:48.184+0000][1][safepoint    ] Application time: 1.0000756 seconds
[2019-12-08T11:41:48.184+0000][1][safepoint    ] Entering safepoint region: Cleanup
[2019-12-08T11:41:48.184+0000][1][safepoint    ] Leaving safepoint region
[2019-12-08T11:41:48.184+0000][1][safepoint    ] Total time for which application threads were stopped: 0.0000759 seconds, Stopping threads took: 0.0000172 seconds
[2019-12-08T11:41:49.184+0000][1][safepoint    ] Application time: 1.0000767 seconds
[2019-12-08T11:41:49.184+0000][1][safepoint    ] Entering safepoint region: Cleanup
[2019-12-08T11:41:49.184+0000][1][safepoint    ] Leaving safepoint region
[2019-12-08T11:41:49.184+0000][1][safepoint    ] Total time for which application threads were stopped: 0.0000788 seconds, Stopping threads took: 0.0000186 seconds
[2019-12-08T11:41:50.185+0000][1][safepoint    ] Application time: 1.0000754 seconds
[2019-12-08T11:41:50.185+0000][1][safepoint    ] Entering safepoint region: Cleanup
[2019-12-08T11:41:50.185+0000][1][safepoint    ] Leaving safepoint region
[2019-12-08T11:41:50.185+0000][1][safepoint    ] Total time for which application threads were stopped: 0.0000838 seconds, Stopping threads took: 0.0000225 seconds
[2019-12-08T11:41:51.185+0000][1][safepoint    ] Application time: 1.0000747 seconds
[2019-12-08T11:41:51.185+0000][1][safepoint    ] Entering safepoint region: Cleanup
[2019-12-08T11:41:51.185+0000][1][safepoint    ] Leaving safepoint region
[2019-12-08T11:41:51.185+0000][1][safepoint    ] Total time for which application threads were stopped: 0.0000777 seconds, Stopping threads took: 0.0000171 seconds
[2019-12-08T11:41:52.185+0000][1][safepoint    ] Application time: 1.0000827 seconds
[2019-12-08T11:41:52.185+0000][1][safepoint    ] Entering safepoint region: Cleanup
[2019-12-08T11:41:52.185+0000][1][safepoint    ] Leaving safepoint region
[2019-12-08T11:41:52.185+0000][1][safepoint    ] Total time for which application threads were stopped: 0.0000782 seconds, Stopping threads took: 0.0000186 seconds
[2019-12-08T11:41:53.185+0000][1][safepoint    ] Application time: 1.0000791 seconds
[2019-12-08T11:41:53.185+0000][1][safepoint    ] Entering safepoint region: Cleanup
[2019-12-08T11:41:53.185+0000][1][safepoint    ] Leaving safepoint region
[2019-12-08T11:41:53.185+0000][1][safepoint    ] Total time for which application threads were stopped: 0.0001136 seconds, Stopping threads took: 0.0000237 seconds
[2019-12-08T11:41:54.185+0000][1][safepoint    ] Application time: 1.0000822 seconds
[2019-12-08T11:41:54.185+0000][1][safepoint    ] Entering safepoint region: Cleanup
[2019-12-08T11:41:54.185+0000][1][safepoint    ] Leaving safepoint region
[2019-12-08T11:41:54.185+0000][1][safepoint    ] Total time for which application threads were stopped: 0.0000848 seconds, Stopping threads took: 0.0000243 seconds
[2019-12-08T11:41:55.186+0000][1][safepoint    ] Application time: 1.0000815 seconds
[2019-12-08T11:41:55.186+0000][1][safepoint    ] Entering safepoint region: Cleanup
[2019-12-08T11:41:55.186+0000][1][safepoint    ] Leaving safepoint region
[2019-12-08T11:41:55.186+0000][1][safepoint    ] Total time for which application threads were stopped: 0.0000944 seconds, Stopping threads took: 0.0000193 seconds
[2019-12-08T11:41:56.186+0000][1][safepoint    ] Application time: 1.0000790 seconds
[2019-12-08T11:41:56.186+0000][1][safepoint    ] Entering safepoint region: Cleanup
[2019-12-08T11:41:56.186+0000][1][safepoint    ] Leaving safepoint region
[2019-12-08T11:41:56.186+0000][1][safepoint    ] Total time for which application threads were stopped: 0.0000747 seconds, Stopping threads took: 0.0000168 seconds
[2019-12-08T11:41:57.186+0000][1][safepoint    ] Application time: 1.0000770 seconds
[2019-12-08T11:41:57.186+0000][1][safepoint    ] Entering safepoint region: Cleanup
[2019-12-08T11:41:57.186+0000][1][safepoint    ] Leaving safepoint region
[2019-12-08T11:41:57.186+0000][1][safepoint    ] Total time for which application threads were stopped: 0.0000863 seconds, Stopping threads took: 0.0000249 seconds
[2019-12-08T11:41:58.186+0000][1][safepoint    ] Application time: 1.0000779 seconds
[2019-12-08T11:41:58.186+0000][1][safepoint    ] Entering safepoint region: Cleanup
[2019-12-08T11:41:58.186+0000][1][safepoint    ] Leaving safepoint region
[2019-12-08T11:41:58.186+0000][1][safepoint    ] Total time for which application threads were stopped: 0.0000819 seconds, Stopping threads took: 0.0000183 seconds
[2019-12-08T11:41:59.186+0000][1][safepoint    ] Application time: 1.0000774 seconds
[2019-12-08T11:41:59.186+0000][1][safepoint    ] Entering safepoint region: Cleanup
[2019-12-08T11:41:59.187+0000][1][safepoint    ] Leaving safepoint region
[2019-12-08T11:41:59.187+0000][1][safepoint    ] Total time for which application threads were stopped: 0.0000816 seconds, Stopping threads took: 0.0000163 seconds
[2019-12-08T11:42:00.187+0000][1][safepoint    ] Application time: 1.0000775 seconds
[2019-12-08T11:42:00.187+0000][1][safepoint    ] Entering safepoint region: Cleanup
[2019-12-08T11:42:00.187+0000][1][safepoint    ] Leaving safepoint region
[2019-12-08T11:42:00.187+0000][1][safepoint    ] Total time for which application threads were stopped: 0.0001000 seconds, Stopping threads took: 0.0000270 seconds
[2019-12-08T11:42:01.187+0000][1][safepoint    ] Application time: 1.0000766 seconds
[2019-12-08T11:42:01.187+0000][1][safepoint    ] Entering safepoint region: Cleanup
[2019-12-08T11:42:01.187+0000][1][safepoint    ] Leaving safepoint region
[2019-12-08T11:42:01.187+0000][1][safepoint    ] Total time for which application threads were stopped: 0.0000798 seconds, Stopping threads took: 0.0000195 seconds
[2019-12-08T11:42:02.187+0000][1][safepoint    ] Application time: 1.0000904 seconds
[2019-12-08T11:42:02.187+0000][1][safepoint    ] Entering safepoint region: Cleanup
[2019-12-08T11:42:02.187+0000][1][safepoint    ] Leaving safepoint region
[2019-12-08T11:42:02.187+0000][1][safepoint    ] Total time for which application threads were stopped: 0.0001250 seconds, Stopping threads took: 0.0000277 seconds
[2019-12-08T11:42:03.187+0000][1][safepoint    ] Application time: 1.0000850 seconds
[2019-12-08T11:42:03.187+0000][1][safepoint    ] Entering safepoint region: Cleanup
[2019-12-08T11:42:03.187+0000][1][safepoint    ] Leaving safepoint region
[2019-12-08T11:42:03.187+0000][1][safepoint    ] Total time for which application threads were stopped: 0.0000800 seconds, Stopping threads took: 0.0000176 seconds
[2019-12-08T11:42:04.188+0000][1][safepoint    ] Application time: 1.0000792 seconds
[2019-12-08T11:42:04.188+0000][1][safepoint    ] Entering safepoint region: Cleanup
[2019-12-08T11:42:04.188+0000][1][safepoint    ] Leaving safepoint region
[2019-12-08T11:42:04.188+0000][1][safepoint    ] Total time for which application threads were stopped: 0.0000786 seconds, Stopping threads took: 0.0000177 seconds
[2019-12-08T11:42:05.188+0000][1][safepoint    ] Application time: 1.0000758 seconds
[2019-12-08T11:42:05.188+0000][1][safepoint    ] Entering safepoint region: Cleanup
[2019-12-08T11:42:05.188+0000][1][safepoint    ] Leaving safepoint region
[2019-12-08T11:42:05.188+0000][1][safepoint    ] Total time for which application threads were stopped: 0.0000794 seconds, Stopping threads took: 0.0000176 seconds
[2019-12-08T11:42:06.188+0000][1][safepoint    ] Application time: 1.0000821 seconds
[2019-12-08T11:42:06.188+0000][1][safepoint    ] Entering safepoint region: Cleanup
[2019-12-08T11:42:06.188+0000][1][safepoint    ] Leaving safepoint region
[2019-12-08T11:42:06.188+0000][1][safepoint    ] Total time for which application threads were stopped: 0.0000783 seconds, Stopping threads took: 0.0000173 seconds
[2019-12-08T11:42:07.188+0000][1][safepoint    ] Application time: 1.0000791 seconds
[2019-12-08T11:42:07.188+0000][1][safepoint    ] Entering safepoint region: Cleanup
[2019-12-08T11:42:07.188+0000][1][safepoint    ] Leaving safepoint region
[2019-12-08T11:42:07.188+0000][1][safepoint    ] Total time for which application threads were stopped: 0.0000782 seconds, Stopping threads took: 0.0000165 seconds
[2019-12-08T11:42:08.188+0000][1][safepoint    ] Application time: 1.0000776 seconds
[2019-12-08T11:42:08.188+0000][1][safepoint    ] Entering safepoint region: Cleanup
[2019-12-08T11:42:08.188+0000][1][safepoint    ] Leaving safepoint region
[2019-12-08T11:42:08.188+0000][1][safepoint    ] Total time for which application threads were stopped: 0.0000756 seconds, Stopping threads took: 0.0000170 seconds
[2019-12-08T11:42:09.188+0000][1][safepoint    ] Application time: 1.0000787 seconds
[2019-12-08T11:42:09.189+0000][1][safepoint    ] Entering safepoint region: Cleanup
[2019-12-08T11:42:09.189+0000][1][safepoint    ] Leaving safepoint region
[2019-12-08T11:42:09.189+0000][1][safepoint    ] Total time for which application threads were stopped: 0.0000778 seconds, Stopping threads took: 0.0000177 seconds
[2019-12-08T11:42:10.189+0000][1][safepoint    ] Application time: 1.0000789 seconds
[2019-12-08T11:42:10.189+0000][1][safepoint    ] Entering safepoint region: Cleanup
[2019-12-08T11:42:10.189+0000][1][safepoint    ] Leaving safepoint region
[2019-12-08T11:42:10.189+0000][1][safepoint    ] Total time for which application threads were stopped: 0.0000878 seconds, Stopping threads took: 0.0000248 seconds
[2019-12-08T11:42:11.189+0000][1][safepoint    ] Application time: 1.0000787 seconds
[2019-12-08T11:42:11.189+0000][1][safepoint    ] Entering safepoint region: Cleanup
[2019-12-08T11:42:11.189+0000][1][safepoint    ] Leaving safepoint region
[2019-12-08T11:42:11.189+0000][1][safepoint    ] Total time for which application threads were stopped: 0.0000835 seconds, Stopping threads took: 0.0000201 seconds
[2019-12-08T11:42:12.189+0000][1][safepoint    ] Application time: 1.0000820 seconds
[2019-12-08T11:42:12.189+0000][1][safepoint    ] Entering safepoint region: Cleanup
[2019-12-08T11:42:12.189+0000][1][safepoint    ] Leaving safepoint region
[2019-12-08T11:42:12.189+0000][1][safepoint    ] Total time for which application threads were stopped: 0.0000799 seconds, Stopping threads took: 0.0000175 seconds
[2019-12-08T11:42:13.189+0000][1][safepoint    ] Application time: 1.0000773 seconds
[2019-12-08T11:42:13.189+0000][1][safepoint    ] Entering safepoint region: Cleanup
[2019-12-08T11:42:13.189+0000][1][safepoint    ] Leaving safepoint region
[2019-12-08T11:42:13.189+0000][1][safepoint    ] Total time for which application threads were stopped: 0.0000786 seconds, Stopping threads took: 0.0000182 seconds
[2019-12-08T11:42:14.190+0000][1][safepoint    ] Application time: 1.0000766 seconds
[2019-12-08T11:42:14.190+0000][1][safepoint    ] Entering safepoint region: Cleanup
[2019-12-08T11:42:14.190+0000][1][safepoint    ] Leaving safepoint region
[2019-12-08T11:42:14.190+0000][1][safepoint    ] Total time for which application threads were stopped: 0.0000783 seconds, Stopping threads took: 0.0000179 seconds
[2019-12-08T11:42:15.190+0000][1][safepoint    ] Application time: 1.0000738 seconds
[2019-12-08T11:42:15.190+0000][1][safepoint    ] Entering safepoint region: Cleanup
[2019-12-08T11:42:15.190+0000][1][safepoint    ] Leaving safepoint region
[2019-12-08T11:42:15.190+0000][1][safepoint    ] Total time for which application threads were stopped: 0.0000782 seconds, Stopping threads took: 0.0000175 seconds
[2019-12-08T11:42:16.190+0000][1][safepoint    ] Application time: 1.0000863 seconds
[2019-12-08T11:42:16.190+0000][1][safepoint    ] Entering safepoint region: Cleanup
[2019-12-08T11:42:16.190+0000][1][safepoint    ] Leaving safepoint region
[2019-12-08T11:42:16.190+0000][1][safepoint    ] Total time for which application threads were stopped: 0.0000810 seconds, Stopping threads took: 0.0000178 seconds
[2019-12-08T11:42:17.190+0000][1][safepoint    ] Application time: 1.0000754 seconds
[2019-12-08T11:42:17.190+0000][1][safepoint    ] Entering safepoint region: Cleanup
[2019-12-08T11:42:17.190+0000][1][safepoint    ] Leaving safepoint region
[2019-12-08T11:42:17.190+0000][1][safepoint    ] Total time for which application threads were stopped: 0.0000772 seconds, Stopping threads took: 0.0000174 seconds
[2019-12-08T11:42:18.190+0000][1][safepoint    ] Application time: 1.0000858 seconds
[2019-12-08T11:42:18.190+0000][1][safepoint    ] Entering safepoint region: Cleanup
[2019-12-08T11:42:18.190+0000][1][safepoint    ] Leaving safepoint region
[2019-12-08T11:42:18.190+0000][1][safepoint    ] Total time for which application threads were stopped: 0.0000992 seconds, Stopping threads took: 0.0000227 seconds
[2019-12-08T11:42:19.191+0000][1][safepoint    ] Application time: 1.0000781 seconds
[2019-12-08T11:42:19.191+0000][1][safepoint    ] Entering safepoint region: Cleanup
[2019-12-08T11:42:19.191+0000][1][safepoint    ] Leaving safepoint region
[2019-12-08T11:42:19.191+0000][1][safepoint    ] Total time for which application threads were stopped: 0.0000784 seconds, Stopping threads took: 0.0000167 seconds
[2019-12-08T11:42:20.191+0000][1][safepoint    ] Application time: 1.0000767 seconds
[2019-12-08T11:42:20.191+0000][1][safepoint    ] Entering safepoint region: Cleanup
[2019-12-08T11:42:20.191+0000][1][safepoint    ] Leaving safepoint region
[2019-12-08T11:42:20.191+0000][1][safepoint    ] Total time for which application threads were stopped: 0.0000858 seconds, Stopping threads took: 0.0000177 seconds
[2019-12-08T11:42:21.191+0000][1][safepoint    ] Application time: 1.0000735 seconds
[2019-12-08T11:42:21.191+0000][1][safepoint    ] Entering safepoint region: Cleanup
[2019-12-08T11:42:21.191+0000][1][safepoint    ] Leaving safepoint region
[2019-12-08T11:42:21.191+0000][1][safepoint    ] Total time for which application threads were stopped: 0.0000809 seconds, Stopping threads took: 0.0000180 seconds
[2019-12-08T11:42:22.191+0000][1][safepoint    ] Application time: 1.0000764 seconds
[2019-12-08T11:42:22.191+0000][1][safepoint    ] Entering safepoint region: Cleanup
[2019-12-08T11:42:22.191+0000][1][safepoint    ] Leaving safepoint region
[2019-12-08T11:42:22.191+0000][1][safepoint    ] Total time for which application threads were stopped: 0.0000850 seconds, Stopping threads took: 0.0000178 seconds
[2019-12-08T11:42:23.191+0000][1][safepoint    ] Application time: 1.0000816 seconds
[2019-12-08T11:42:23.191+0000][1][safepoint    ] Entering safepoint region: Cleanup
[2019-12-08T11:42:23.191+0000][1][safepoint    ] Leaving safepoint region
[2019-12-08T11:42:23.191+0000][1][safepoint    ] Total time for which application threads were stopped: 0.0000864 seconds, Stopping threads took: 0.0000172 seconds
[2019-12-08T11:42:23.675+0000][1][safepoint    ] Application time: 0.4835142 seconds
[2019-12-08T11:42:23.675+0000][1][safepoint    ] Entering safepoint region: GenCollectForAllocation
[2019-12-08T11:42:23.675+0000][1][gc,start     ] GC(27) Pause Young (Allocation Failure)
[2019-12-08T11:42:23.675+0000][1][gc,task      ] GC(27) Using 4 workers of 4 for evacuation
[2019-12-08T11:42:23.679+0000][1][gc,age       ] GC(27) Desired survivor size 4456448 bytes, new threshold 6 (max threshold 6)
[2019-12-08T11:42:23.679+0000][1][gc,age       ] GC(27) Age table with threshold 6 (max threshold 6)
[2019-12-08T11:42:23.679+0000][1][gc,age       ] GC(27) - age   1:       5816 bytes,       5816 total
[2019-12-08T11:42:23.679+0000][1][gc,age       ] GC(27) - age   2:       5872 bytes,      11688 total
[2019-12-08T11:42:23.679+0000][1][gc,age       ] GC(27) - age   3:      10048 bytes,      21736 total
[2019-12-08T11:42:23.679+0000][1][gc,age       ] GC(27) - age   4:      26496 bytes,      48232 total
[2019-12-08T11:42:23.679+0000][1][gc,age       ] GC(27) - age   5:    1836472 bytes,    1884704 total
[2019-12-08T11:42:23.679+0000][1][gc,heap      ] GC(27) ParNew: 72643K->2936K(78656K)
[2019-12-08T11:42:23.679+0000][1][gc,heap      ] GC(27) CMS: 68257K->68257K(174784K)
[2019-12-08T11:42:23.679+0000][1][gc,metaspace ] GC(27) Metaspace: 68982K->68982K(1112064K)
[2019-12-08T11:42:23.679+0000][1][gc           ] GC(27) Pause Young (Allocation Failure) 137M->69M(247M) 3.638ms
[2019-12-08T11:42:23.679+0000][1][gc,cpu       ] GC(27) User=0.01s Sys=0.00s Real=0.00s
[2019-12-08T11:42:23.679+0000][1][safepoint    ] Leaving safepoint region
[2019-12-08T11:42:23.679+0000][1][safepoint    ] Total time for which application threads were stopped: 0.0038020 seconds, Stopping threads took: 0.0000246 seconds
[2019-12-08T11:42:24.679+0000][1][safepoint    ] Application time: 1.0000950 seconds
[2019-12-08T11:42:24.679+0000][1][safepoint    ] Entering safepoint region: Cleanup
[2019-12-08T11:42:24.679+0000][1][safepoint    ] Leaving safepoint region
[2019-12-08T11:42:24.679+0000][1][safepoint    ] Total time for which application threads were stopped: 0.0000812 seconds, Stopping threads took: 0.0000196 seconds
[2019-12-08T11:42:25.679+0000][1][safepoint    ] Application time: 1.0000776 seconds
[2019-12-08T11:42:25.679+0000][1][safepoint    ] Entering safepoint region: Cleanup
[2019-12-08T11:42:25.679+0000][1][safepoint    ] Leaving safepoint region
[2019-12-08T11:42:25.679+0000][1][safepoint    ] Total time for which application threads were stopped: 0.0000801 seconds, Stopping threads took: 0.0000182 seconds
[2019-12-08T11:42:26.679+0000][1][safepoint    ] Application time: 1.0000843 seconds
[2019-12-08T11:42:26.679+0000][1][safepoint    ] Entering safepoint region: Cleanup
[2019-12-08T11:42:26.679+0000][1][safepoint    ] Leaving safepoint region
[2019-12-08T11:42:26.679+0000][1][safepoint    ] Total time for which application threads were stopped: 0.0000798 seconds, Stopping threads took: 0.0000171 seconds
[2019-12-08T11:42:27.680+0000][1][safepoint    ] Application time: 1.0000799 seconds
[2019-12-08T11:42:27.680+0000][1][safepoint    ] Entering safepoint region: Cleanup
[2019-12-08T11:42:27.680+0000][1][safepoint    ] Leaving safepoint region
[2019-12-08T11:42:27.680+0000][1][safepoint    ] Total time for which application threads were stopped: 0.0000809 seconds, Stopping threads took: 0.0000194 seconds
[2019-12-08T11:42:28.680+0000][1][safepoint    ] Application time: 1.0002925 seconds
[2019-12-08T11:42:28.680+0000][1][safepoint    ] Entering safepoint region: Cleanup
[2019-12-08T11:42:28.680+0000][1][safepoint    ] Leaving safepoint region
[2019-12-08T11:42:28.680+0000][1][safepoint    ] Total time for which application threads were stopped: 0.0001120 seconds, Stopping threads took: 0.0000257 seconds
[2019-12-08T11:42:29.680+0000][1][safepoint    ] Application time: 1.0000859 seconds
[2019-12-08T11:42:29.680+0000][1][safepoint    ] Entering safepoint region: Cleanup
[2019-12-08T11:42:29.680+0000][1][safepoint    ] Leaving safepoint region
[2019-12-08T11:42:29.680+0000][1][safepoint    ] Total time for which application threads were stopped: 0.0000861 seconds, Stopping threads took: 0.0000178 seconds
[2019-12-08T11:42:30.680+0000][1][safepoint    ] Application time: 1.0000844 seconds
[2019-12-08T11:42:30.680+0000][1][safepoint    ] Entering safepoint region: Cleanup
[2019-12-08T11:42:30.681+0000][1][safepoint    ] Leaving safepoint region
[2019-12-08T11:42:30.681+0000][1][safepoint    ] Total time for which application threads were stopped: 0.0000886 seconds, Stopping threads took: 0.0000221 seconds
[2019-12-08T11:42:31.681+0000][1][safepoint    ] Application time: 1.0001722 seconds
[2019-12-08T11:42:31.681+0000][1][safepoint    ] Entering safepoint region: Cleanup
[2019-12-08T11:42:31.681+0000][1][safepoint    ] Leaving safepoint region
[2019-12-08T11:42:31.681+0000][1][safepoint    ] Total time for which application threads were stopped: 0.0000947 seconds, Stopping threads took: 0.0000275 seconds
[2019-12-08T11:42:32.681+0000][1][safepoint    ] Application time: 1.0000841 seconds
[2019-12-08T11:42:32.681+0000][1][safepoint    ] Entering safepoint region: Cleanup
[2019-12-08T11:42:32.681+0000][1][safepoint    ] Leaving safepoint region
[2019-12-08T11:42:32.681+0000][1][safepoint    ] Total time for which application threads were stopped: 0.0001057 seconds, Stopping threads took: 0.0000250 seconds
[2019-12-08T11:42:33.681+0000][1][safepoint    ] Application time: 1.0000823 seconds
[2019-12-08T11:42:33.681+0000][1][safepoint    ] Entering safepoint region: Cleanup
[2019-12-08T11:42:33.681+0000][1][safepoint    ] Leaving safepoint region
[2019-12-08T11:42:33.681+0000][1][safepoint    ] Total time for which application threads were stopped: 0.0000830 seconds, Stopping threads took: 0.0000193 seconds
[2019-12-08T11:42:34.681+0000][1][safepoint    ] Application time: 1.0000808 seconds
[2019-12-08T11:42:34.681+0000][1][safepoint    ] Entering safepoint region: Cleanup
[2019-12-08T11:42:34.682+0000][1][safepoint    ] Leaving safepoint region
[2019-12-08T11:42:34.682+0000][1][safepoint    ] Total time for which application threads were stopped: 0.0000869 seconds, Stopping threads took: 0.0000188 seconds
[2019-12-08T11:42:35.682+0000][1][safepoint    ] Application time: 1.0000790 seconds
[2019-12-08T11:42:35.682+0000][1][safepoint    ] Entering safepoint region: Cleanup
[2019-12-08T11:42:35.682+0000][1][safepoint    ] Leaving safepoint region
[2019-12-08T11:42:35.682+0000][1][safepoint    ] Total time for which application threads were stopped: 0.0000946 seconds, Stopping threads took: 0.0000191 seconds
[2019-12-08T11:42:36.682+0000][1][safepoint    ] Application time: 1.0000824 seconds
[2019-12-08T11:42:36.682+0000][1][safepoint    ] Entering safepoint region: Cleanup
[2019-12-08T11:42:36.682+0000][1][safepoint    ] Leaving safepoint region
[2019-12-08T11:42:36.682+0000][1][safepoint    ] Total time for which application threads were stopped: 0.0000975 seconds, Stopping threads took: 0.0000203 seconds
[2019-12-08T11:42:37.682+0000][1][safepoint    ] Application time: 1.0000851 seconds
[2019-12-08T11:42:37.682+0000][1][safepoint    ] Entering safepoint region: Cleanup
[2019-12-08T11:42:37.682+0000][1][safepoint    ] Leaving safepoint region
[2019-12-08T11:42:37.682+0000][1][safepoint    ] Total time for which application threads were stopped: 0.0000826 seconds, Stopping threads took: 0.0000201 seconds
[2019-12-08T11:42:38.682+0000][1][safepoint    ] Application time: 1.0000780 seconds
[2019-12-08T11:42:38.682+0000][1][safepoint    ] Entering safepoint region: Cleanup
[2019-12-08T11:42:38.682+0000][1][safepoint    ] Leaving safepoint region
[2019-12-08T11:42:38.682+0000][1][safepoint    ] Total time for which application threads were stopped: 0.0000818 seconds, Stopping threads took: 0.0000195 seconds
[2019-12-08T11:42:39.682+0000][1][safepoint    ] Application time: 1.0000775 seconds
[2019-12-08T11:42:39.683+0000][1][safepoint    ] Entering safepoint region: Cleanup
[2019-12-08T11:42:39.683+0000][1][safepoint    ] Leaving safepoint region
[2019-12-08T11:42:39.683+0000][1][safepoint    ] Total time for which application threads were stopped: 0.0000823 seconds, Stopping threads took: 0.0000187 seconds
[2019-12-08T11:42:40.683+0000][1][safepoint    ] Application time: 1.0000873 seconds
[2019-12-08T11:42:40.683+0000][1][safepoint    ] Entering safepoint region: Cleanup
[2019-12-08T11:42:40.683+0000][1][safepoint    ] Leaving safepoint region
[2019-12-08T11:42:40.683+0000][1][safepoint    ] Total time for which application threads were stopped: 0.0000819 seconds, Stopping threads took: 0.0000197 seconds
[2019-12-08T11:42:41.683+0000][1][safepoint    ] Application time: 1.0000773 seconds
[2019-12-08T11:42:41.683+0000][1][safepoint    ] Entering safepoint region: Cleanup
[2019-12-08T11:42:41.683+0000][1][safepoint    ] Leaving safepoint region
[2019-12-08T11:42:41.683+0000][1][safepoint    ] Total time for which application threads were stopped: 0.0000820 seconds, Stopping threads took: 0.0000186 seconds
[2019-12-08T11:42:42.683+0000][1][safepoint    ] Application time: 1.0000757 seconds
[2019-12-08T11:42:42.683+0000][1][safepoint    ] Entering safepoint region: Cleanup
[2019-12-08T11:42:42.683+0000][1][safepoint    ] Leaving safepoint region
[2019-12-08T11:42:42.683+0000][1][safepoint    ] Total time for which application threads were stopped: 0.0000824 seconds, Stopping threads took: 0.0000183 seconds
[2019-12-08T11:42:43.683+0000][1][safepoint    ] Application time: 1.0000776 seconds
[2019-12-08T11:42:43.683+0000][1][safepoint    ] Entering safepoint region: Cleanup
[2019-12-08T11:42:43.683+0000][1][safepoint    ] Leaving safepoint region
[2019-12-08T11:42:43.683+0000][1][safepoint    ] Total time for which application threads were stopped: 0.0000853 seconds, Stopping threads took: 0.0000210 seconds
[2019-12-08T11:42:44.684+0000][1][safepoint    ] Application time: 1.0000793 seconds
[2019-12-08T11:42:44.684+0000][1][safepoint    ] Entering safepoint region: Cleanup
[2019-12-08T11:42:44.684+0000][1][safepoint    ] Leaving safepoint region
[2019-12-08T11:42:44.684+0000][1][safepoint    ] Total time for which application threads were stopped: 0.0000815 seconds, Stopping threads took: 0.0000190 seconds
[2019-12-08T11:42:45.684+0000][1][safepoint    ] Application time: 1.0000773 seconds
[2019-12-08T11:42:45.684+0000][1][safepoint    ] Entering safepoint region: Cleanup
[2019-12-08T11:42:45.684+0000][1][safepoint    ] Leaving safepoint region
[2019-12-08T11:42:45.684+0000][1][safepoint    ] Total time for which application threads were stopped: 0.0000836 seconds, Stopping threads took: 0.0000182 seconds
[2019-12-08T11:42:46.684+0000][1][safepoint    ] Application time: 1.0000778 seconds
[2019-12-08T11:42:46.684+0000][1][safepoint    ] Entering safepoint region: Cleanup
[2019-12-08T11:42:46.684+0000][1][safepoint    ] Leaving safepoint region
[2019-12-08T11:42:46.684+0000][1][safepoint    ] Total time for which application threads were stopped: 0.0000800 seconds, Stopping threads took: 0.0000186 seconds
[2019-12-08T11:42:47.684+0000][1][safepoint    ] Application time: 1.0000814 seconds
[2019-12-08T11:42:47.684+0000][1][safepoint    ] Entering safepoint region: Cleanup
[2019-12-08T11:42:47.684+0000][1][safepoint    ] Leaving safepoint region
[2019-12-08T11:42:47.684+0000][1][safepoint    ] Total time for which application threads were stopped: 0.0000812 seconds, Stopping threads took: 0.0000190 seconds
[2019-12-08T11:42:48.684+0000][1][safepoint    ] Application time: 1.0000792 seconds
[2019-12-08T11:42:48.684+0000][1][safepoint    ] Entering safepoint region: Cleanup
[2019-12-08T11:42:48.684+0000][1][safepoint    ] Leaving safepoint region
[2019-12-08T11:42:48.684+0000][1][safepoint    ] Total time for which application threads were stopped: 0.0000853 seconds, Stopping threads took: 0.0000207 seconds
[2019-12-08T11:42:49.685+0000][1][safepoint    ] Application time: 1.0000778 seconds
[2019-12-08T11:42:49.685+0000][1][safepoint    ] Entering safepoint region: Cleanup
[2019-12-08T11:42:49.685+0000][1][safepoint    ] Leaving safepoint region
[2019-12-08T11:42:49.685+0000][1][safepoint    ] Total time for which application threads were stopped: 0.0000822 seconds, Stopping threads took: 0.0000200 seconds
[2019-12-08T11:42:50.685+0000][1][safepoint    ] Application time: 1.0000762 seconds
[2019-12-08T11:42:50.685+0000][1][safepoint    ] Entering safepoint region: Cleanup
[2019-12-08T11:42:50.685+0000][1][safepoint    ] Leaving safepoint region
[2019-12-08T11:42:50.685+0000][1][safepoint    ] Total time for which application threads were stopped: 0.0000819 seconds, Stopping threads took: 0.0000187 seconds
[2019-12-08T11:42:51.685+0000][1][safepoint    ] Application time: 1.0000770 seconds
[2019-12-08T11:42:51.685+0000][1][safepoint    ] Entering safepoint region: Cleanup
[2019-12-08T11:42:51.685+0000][1][safepoint    ] Leaving safepoint region
[2019-12-08T11:42:51.685+0000][1][safepoint    ] Total time for which application threads were stopped: 0.0000838 seconds, Stopping threads took: 0.0000190 seconds
[2019-12-08T11:42:52.685+0000][1][safepoint    ] Application time: 1.0000760 seconds
[2019-12-08T11:42:52.685+0000][1][safepoint    ] Entering safepoint region: Cleanup
[2019-12-08T11:42:52.685+0000][1][safepoint    ] Leaving safepoint region
[2019-12-08T11:42:52.685+0000][1][safepoint    ] Total time for which application threads were stopped: 0.0000808 seconds, Stopping threads took: 0.0000186 seconds
[2019-12-08T11:42:53.685+0000][1][safepoint    ] Application time: 1.0000769 seconds
[2019-12-08T11:42:53.685+0000][1][safepoint    ] Entering safepoint region: Cleanup
[2019-12-08T11:42:53.685+0000][1][safepoint    ] Leaving safepoint region
[2019-12-08T11:42:53.685+0000][1][safepoint    ] Total time for which application threads were stopped: 0.0000883 seconds, Stopping threads took: 0.0000236 seconds
[2019-12-08T11:42:54.686+0000][1][safepoint    ] Application time: 1.0000818 seconds
[2019-12-08T11:42:54.686+0000][1][safepoint    ] Entering safepoint region: Cleanup
[2019-12-08T11:42:54.686+0000][1][safepoint    ] Leaving safepoint region
[2019-12-08T11:42:54.686+0000][1][safepoint    ] Total time for which application threads were stopped: 0.0000815 seconds, Stopping threads took: 0.0000176 seconds
[2019-12-08T11:42:55.686+0000][1][safepoint    ] Application time: 1.0000783 seconds
[2019-12-08T11:42:55.686+0000][1][safepoint    ] Entering safepoint region: Cleanup
[2019-12-08T11:42:55.686+0000][1][safepoint    ] Leaving safepoint region
[2019-12-08T11:42:55.686+0000][1][safepoint    ] Total time for which application threads were stopped: 0.0000846 seconds, Stopping threads took: 0.0000194 seconds
[2019-12-08T11:42:56.686+0000][1][safepoint    ] Application time: 1.0000778 seconds
[2019-12-08T11:42:56.686+0000][1][safepoint    ] Entering safepoint region: Cleanup
[2019-12-08T11:42:56.686+0000][1][safepoint    ] Leaving safepoint region
[2019-12-08T11:42:56.686+0000][1][safepoint    ] Total time for which application threads were stopped: 0.0000911 seconds, Stopping threads took: 0.0000256 seconds
[2019-12-08T11:42:57.686+0000][1][safepoint    ] Application time: 1.0000783 seconds
[2019-12-08T11:42:57.686+0000][1][safepoint    ] Entering safepoint region: Cleanup
[2019-12-08T11:42:57.686+0000][1][safepoint    ] Leaving safepoint region
[2019-12-08T11:42:57.686+0000][1][safepoint    ] Total time for which application threads were stopped: 0.0000898 seconds, Stopping threads took: 0.0000267 seconds
[2019-12-08T11:42:58.686+0000][1][safepoint    ] Application time: 1.0000766 seconds
[2019-12-08T11:42:58.686+0000][1][safepoint    ] Entering safepoint region: Cleanup
[2019-12-08T11:42:58.686+0000][1][safepoint    ] Leaving safepoint region
[2019-12-08T11:42:58.686+0000][1][safepoint    ] Total time for which application threads were stopped: 0.0000858 seconds, Stopping threads took: 0.0000208 seconds
[2019-12-08T11:42:59.687+0000][1][safepoint    ] Application time: 1.0000746 seconds
[2019-12-08T11:42:59.687+0000][1][safepoint    ] Entering safepoint region: Cleanup
[2019-12-08T11:42:59.687+0000][1][safepoint    ] Leaving safepoint region
[2019-12-08T11:42:59.687+0000][1][safepoint    ] Total time for which application threads were stopped: 0.0000811 seconds, Stopping threads took: 0.0000186 seconds
[2019-12-08T11:43:00.687+0000][1][safepoint    ] Application time: 1.0000845 seconds
[2019-12-08T11:43:00.687+0000][1][safepoint    ] Entering safepoint region: Cleanup
[2019-12-08T11:43:00.687+0000][1][safepoint    ] Leaving safepoint region
[2019-12-08T11:43:00.687+0000][1][safepoint    ] Total time for which application threads were stopped: 0.0000794 seconds, Stopping threads took: 0.0000184 seconds
[2019-12-08T11:43:01.687+0000][1][safepoint    ] Application time: 1.0000785 seconds
[2019-12-08T11:43:01.687+0000][1][safepoint    ] Entering safepoint region: Cleanup
[2019-12-08T11:43:01.687+0000][1][safepoint    ] Leaving safepoint region
[2019-12-08T11:43:01.687+0000][1][safepoint    ] Total time for which application threads were stopped: 0.0000880 seconds, Stopping threads took: 0.0000223 seconds
[2019-12-08T11:43:02.687+0000][1][safepoint    ] Application time: 1.0000787 seconds
[2019-12-08T11:43:02.687+0000][1][safepoint    ] Entering safepoint region: Cleanup
[2019-12-08T11:43:02.687+0000][1][safepoint    ] Leaving safepoint region
[2019-12-08T11:43:02.687+0000][1][safepoint    ] Total time for which application threads were stopped: 0.0000841 seconds, Stopping threads took: 0.0000190 seconds
[2019-12-08T11:43:03.687+0000][1][safepoint    ] Application time: 1.0000736 seconds
[2019-12-08T11:43:03.687+0000][1][safepoint    ] Entering safepoint region: Cleanup
[2019-12-08T11:43:03.687+0000][1][safepoint    ] Leaving safepoint region
[2019-12-08T11:43:03.687+0000][1][safepoint    ] Total time for which application threads were stopped: 0.0000847 seconds, Stopping threads took: 0.0000204 seconds
[2019-12-08T11:43:04.688+0000][1][safepoint    ] Application time: 1.0000761 seconds
[2019-12-08T11:43:04.688+0000][1][safepoint    ] Entering safepoint region: Cleanup
[2019-12-08T11:43:04.688+0000][1][safepoint    ] Leaving safepoint region
[2019-12-08T11:43:04.688+0000][1][safepoint    ] Total time for which application threads were stopped: 0.0000802 seconds, Stopping threads took: 0.0000188 seconds
[2019-12-08T11:43:05.688+0000][1][safepoint    ] Application time: 1.0000868 seconds
[2019-12-08T11:43:05.688+0000][1][safepoint    ] Entering safepoint region: Cleanup
[2019-12-08T11:43:05.688+0000][1][safepoint    ] Leaving safepoint region
[2019-12-08T11:43:05.688+0000][1][safepoint    ] Total time for which application threads were stopped: 0.0000804 seconds, Stopping threads took: 0.0000193 seconds
[2019-12-08T11:43:06.688+0000][1][safepoint    ] Application time: 1.0000820 seconds
[2019-12-08T11:43:06.688+0000][1][safepoint    ] Entering safepoint region: Cleanup
[2019-12-08T11:43:06.688+0000][1][safepoint    ] Leaving safepoint region
[2019-12-08T11:43:06.688+0000][1][safepoint    ] Total time for which application threads were stopped: 0.0000894 seconds, Stopping threads took: 0.0000255 seconds
[2019-12-08T11:43:07.688+0000][1][safepoint    ] Application time: 1.0000816 seconds
[2019-12-08T11:43:07.688+0000][1][safepoint    ] Entering safepoint region: Cleanup
[2019-12-08T11:43:07.688+0000][1][safepoint    ] Leaving safepoint region
[2019-12-08T11:43:07.688+0000][1][safepoint    ] Total time for which application threads were stopped: 0.0000819 seconds, Stopping threads took: 0.0000186 seconds
[2019-12-08T11:43:08.688+0000][1][safepoint    ] Application time: 1.0000768 seconds
[2019-12-08T11:43:08.688+0000][1][safepoint    ] Entering safepoint region: Cleanup
[2019-12-08T11:43:08.688+0000][1][safepoint    ] Leaving safepoint region
[2019-12-08T11:43:08.688+0000][1][safepoint    ] Total time for which application threads were stopped: 0.0000834 seconds, Stopping threads took: 0.0000187 seconds
[2019-12-08T11:43:09.689+0000][1][safepoint    ] Application time: 1.0000743 seconds
[2019-12-08T11:43:09.689+0000][1][safepoint    ] Entering safepoint region: Cleanup
[2019-12-08T11:43:09.689+0000][1][safepoint    ] Leaving safepoint region
[2019-12-08T11:43:09.689+0000][1][safepoint    ] Total time for which application threads were stopped: 0.0000926 seconds, Stopping threads took: 0.0000182 seconds
[2019-12-08T11:43:10.689+0000][1][safepoint    ] Application time: 1.0000752 seconds
[2019-12-08T11:43:10.689+0000][1][safepoint    ] Entering safepoint region: Cleanup
[2019-12-08T11:43:10.689+0000][1][safepoint    ] Leaving safepoint region
[2019-12-08T11:43:10.689+0000][1][safepoint    ] Total time for which application threads were stopped: 0.0000836 seconds, Stopping threads took: 0.0000177 seconds
[2019-12-08T11:43:11.689+0000][1][safepoint    ] Application time: 1.0000740 seconds
[2019-12-08T11:43:11.689+0000][1][safepoint    ] Entering safepoint region: Cleanup
[2019-12-08T11:43:11.689+0000][1][safepoint    ] Leaving safepoint region
[2019-12-08T11:43:11.689+0000][1][safepoint    ] Total time for which application threads were stopped: 0.0000823 seconds, Stopping threads took: 0.0000189 seconds
[2019-12-08T11:43:12.689+0000][1][safepoint    ] Application time: 1.0000779 seconds
[2019-12-08T11:43:12.689+0000][1][safepoint    ] Entering safepoint region: Cleanup
[2019-12-08T11:43:12.689+0000][1][safepoint    ] Leaving safepoint region
[2019-12-08T11:43:12.689+0000][1][safepoint    ] Total time for which application threads were stopped: 0.0000781 seconds, Stopping threads took: 0.0000171 seconds
[2019-12-08T11:43:13.689+0000][1][safepoint    ] Application time: 1.0000759 seconds
[2019-12-08T11:43:13.689+0000][1][safepoint    ] Entering safepoint region: Cleanup
[2019-12-08T11:43:13.689+0000][1][safepoint    ] Leaving safepoint region
[2019-12-08T11:43:13.689+0000][1][safepoint    ] Total time for which application threads were stopped: 0.0000825 seconds, Stopping threads took: 0.0000195 seconds
[2019-12-08T11:43:14.690+0000][1][safepoint    ] Application time: 1.0000760 seconds
[2019-12-08T11:43:14.690+0000][1][safepoint    ] Entering safepoint region: Cleanup
[2019-12-08T11:43:14.690+0000][1][safepoint    ] Leaving safepoint region
[2019-12-08T11:43:14.690+0000][1][safepoint    ] Total time for which application threads were stopped: 0.0000802 seconds, Stopping threads took: 0.0000186 seconds
[2019-12-08T11:43:15.690+0000][1][safepoint    ] Application time: 1.0000772 seconds
[2019-12-08T11:43:15.690+0000][1][safepoint    ] Entering safepoint region: Cleanup
[2019-12-08T11:43:15.690+0000][1][safepoint    ] Leaving safepoint region
[2019-12-08T11:43:15.690+0000][1][safepoint    ] Total time for which application threads were stopped: 0.0000839 seconds, Stopping threads took: 0.0000196 seconds
[2019-12-08T11:43:16.690+0000][1][safepoint    ] Application time: 1.0000771 seconds
[2019-12-08T11:43:16.690+0000][1][safepoint    ] Entering safepoint region: Cleanup
[2019-12-08T11:43:16.690+0000][1][safepoint    ] Leaving safepoint region
[2019-12-08T11:43:16.690+0000][1][safepoint    ] Total time for which application threads were stopped: 0.0000917 seconds, Stopping threads took: 0.0000281 seconds
[2019-12-08T11:43:17.690+0000][1][safepoint    ] Application time: 1.0000759 seconds
[2019-12-08T11:43:17.690+0000][1][safepoint    ] Entering safepoint region: Cleanup
[2019-12-08T11:43:17.690+0000][1][safepoint    ] Leaving safepoint region
[2019-12-08T11:43:17.690+0000][1][safepoint    ] Total time for which application threads were stopped: 0.0000821 seconds, Stopping threads took: 0.0000206 seconds
[2019-12-08T11:43:18.690+0000][1][safepoint    ] Application time: 1.0000760 seconds
[2019-12-08T11:43:18.690+0000][1][safepoint    ] Entering safepoint region: Cleanup
[2019-12-08T11:43:18.690+0000][1][safepoint    ] Leaving safepoint region
[2019-12-08T11:43:18.690+0000][1][safepoint    ] Total time for which application threads were stopped: 0.0000807 seconds, Stopping threads took: 0.0000191 seconds
[2019-12-08T11:43:19.691+0000][1][safepoint    ] Application time: 1.0000771 seconds
[2019-12-08T11:43:19.691+0000][1][safepoint    ] Entering safepoint region: Cleanup
[2019-12-08T11:43:19.691+0000][1][safepoint    ] Leaving safepoint region
[2019-12-08T11:43:19.691+0000][1][safepoint    ] Total time for which application threads were stopped: 0.0000911 seconds, Stopping threads took: 0.0000185 seconds
[2019-12-08T11:43:20.691+0000][1][safepoint    ] Application time: 1.0000775 seconds
[2019-12-08T11:43:20.691+0000][1][safepoint    ] Entering safepoint region: Cleanup
[2019-12-08T11:43:20.691+0000][1][safepoint    ] Leaving safepoint region
[2019-12-08T11:43:20.691+0000][1][safepoint    ] Total time for which application threads were stopped: 0.0000858 seconds, Stopping threads took: 0.0000181 seconds
[2019-12-08T11:43:21.691+0000][1][safepoint    ] Application time: 1.0000764 seconds
[2019-12-08T11:43:21.691+0000][1][safepoint    ] Entering safepoint region: Cleanup
[2019-12-08T11:43:21.691+0000][1][safepoint    ] Leaving safepoint region
[2019-12-08T11:43:21.691+0000][1][safepoint    ] Total time for which application threads were stopped: 0.0000822 seconds, Stopping threads took: 0.0000191 seconds
[2019-12-08T11:43:22.691+0000][1][safepoint    ] Application time: 1.0000832 seconds
[2019-12-08T11:43:22.691+0000][1][safepoint    ] Entering safepoint region: Cleanup
[2019-12-08T11:43:22.691+0000][1][safepoint    ] Leaving safepoint region
[2019-12-08T11:43:22.691+0000][1][safepoint    ] Total time for which application threads were stopped: 0.0000903 seconds, Stopping threads took: 0.0000233 seconds
[2019-12-08T11:43:23.691+0000][1][safepoint    ] Application time: 1.0000810 seconds
[2019-12-08T11:43:23.691+0000][1][safepoint    ] Entering safepoint region: Cleanup
[2019-12-08T11:43:23.692+0000][1][safepoint    ] Leaving safepoint region
[2019-12-08T11:43:23.692+0000][1][safepoint    ] Total time for which application threads were stopped: 0.0000828 seconds, Stopping threads took: 0.0000199 seconds
[2019-12-08T11:43:24.692+0000][1][safepoint    ] Application time: 1.0000788 seconds
[2019-12-08T11:43:24.692+0000][1][safepoint    ] Entering safepoint region: Cleanup
[2019-12-08T11:43:24.692+0000][1][safepoint    ] Leaving safepoint region
[2019-12-08T11:43:24.692+0000][1][safepoint    ] Total time for which application threads were stopped: 0.0000969 seconds, Stopping threads took: 0.0000195 seconds
[2019-12-08T11:43:25.692+0000][1][safepoint    ] Application time: 1.0000808 seconds
[2019-12-08T11:43:25.692+0000][1][safepoint    ] Entering safepoint region: Cleanup
[2019-12-08T11:43:25.692+0000][1][safepoint    ] Leaving safepoint region
[2019-12-08T11:43:25.692+0000][1][safepoint    ] Total time for which application threads were stopped: 0.0000946 seconds, Stopping threads took: 0.0000187 seconds
[2019-12-08T11:43:26.692+0000][1][safepoint    ] Application time: 1.0000761 seconds
[2019-12-08T11:43:26.692+0000][1][safepoint    ] Entering safepoint region: Cleanup
[2019-12-08T11:43:26.692+0000][1][safepoint    ] Leaving safepoint region
[2019-12-08T11:43:26.692+0000][1][safepoint    ] Total time for which application threads were stopped: 0.0000887 seconds, Stopping threads took: 0.0000194 seconds
[2019-12-08T11:43:27.692+0000][1][safepoint    ] Application time: 1.0000774 seconds
[2019-12-08T11:43:27.692+0000][1][safepoint    ] Entering safepoint region: Cleanup
[2019-12-08T11:43:27.692+0000][1][safepoint    ] Leaving safepoint region
[2019-12-08T11:43:27.692+0000][1][safepoint    ] Total time for which application threads were stopped: 0.0000802 seconds, Stopping threads took: 0.0000189 seconds
[2019-12-08T11:43:28.692+0000][1][safepoint    ] Application time: 1.0000780 seconds
[2019-12-08T11:43:28.692+0000][1][safepoint    ] Entering safepoint region: Cleanup
[2019-12-08T11:43:28.693+0000][1][safepoint    ] Leaving safepoint region
[2019-12-08T11:43:28.693+0000][1][safepoint    ] Total time for which application threads were stopped: 0.0000835 seconds, Stopping threads took: 0.0000188 seconds
[2019-12-08T11:43:29.693+0000][1][safepoint    ] Application time: 1.0000789 seconds
[2019-12-08T11:43:29.693+0000][1][safepoint    ] Entering safepoint region: Cleanup
[2019-12-08T11:43:29.693+0000][1][safepoint    ] Leaving safepoint region
[2019-12-08T11:43:29.693+0000][1][safepoint    ] Total time for which application threads were stopped: 0.0000901 seconds, Stopping threads took: 0.0000292 seconds
[2019-12-08T11:43:30.693+0000][1][safepoint    ] Application time: 1.0000770 seconds
[2019-12-08T11:43:30.693+0000][1][safepoint    ] Entering safepoint region: Cleanup
[2019-12-08T11:43:30.693+0000][1][safepoint    ] Leaving safepoint region
[2019-12-08T11:43:30.693+0000][1][safepoint    ] Total time for which application threads were stopped: 0.0000837 seconds, Stopping threads took: 0.0000203 seconds
[2019-12-08T11:43:31.693+0000][1][safepoint    ] Application time: 1.0000806 seconds
[2019-12-08T11:43:31.693+0000][1][safepoint    ] Entering safepoint region: Cleanup
[2019-12-08T11:43:31.693+0000][1][safepoint    ] Leaving safepoint region
[2019-12-08T11:43:31.693+0000][1][safepoint    ] Total time for which application threads were stopped: 0.0000906 seconds, Stopping threads took: 0.0000209 seconds
[2019-12-08T11:43:32.693+0000][1][safepoint    ] Application time: 1.0000782 seconds
[2019-12-08T11:43:32.693+0000][1][safepoint    ] Entering safepoint region: Cleanup
[2019-12-08T11:43:32.693+0000][1][safepoint    ] Leaving safepoint region
[2019-12-08T11:43:32.693+0000][1][safepoint    ] Total time for which application threads were stopped: 0.0000846 seconds, Stopping threads took: 0.0000191 seconds
[2019-12-08T11:43:33.693+0000][1][safepoint    ] Application time: 1.0000815 seconds
[2019-12-08T11:43:33.694+0000][1][safepoint    ] Entering safepoint region: Cleanup
[2019-12-08T11:43:33.694+0000][1][safepoint    ] Leaving safepoint region
[2019-12-08T11:43:33.694+0000][1][safepoint    ] Total time for which application threads were stopped: 0.0000812 seconds, Stopping threads took: 0.0000190 seconds
[2019-12-08T11:43:34.694+0000][1][safepoint    ] Application time: 1.0000764 seconds
[2019-12-08T11:43:34.694+0000][1][safepoint    ] Entering safepoint region: Cleanup
[2019-12-08T11:43:34.694+0000][1][safepoint    ] Leaving safepoint region
[2019-12-08T11:43:34.694+0000][1][safepoint    ] Total time for which application threads were stopped: 0.0000826 seconds, Stopping threads took: 0.0000199 seconds
[2019-12-08T11:43:35.694+0000][1][safepoint    ] Application time: 1.0000795 seconds
[2019-12-08T11:43:35.694+0000][1][safepoint    ] Entering safepoint region: Cleanup
[2019-12-08T11:43:35.694+0000][1][safepoint    ] Leaving safepoint region
[2019-12-08T11:43:35.694+0000][1][safepoint    ] Total time for which application threads were stopped: 0.0000837 seconds, Stopping threads took: 0.0000194 seconds
[2019-12-08T11:43:36.694+0000][1][safepoint    ] Application time: 1.0000779 seconds
[2019-12-08T11:43:36.694+0000][1][safepoint    ] Entering safepoint region: Cleanup
[2019-12-08T11:43:36.694+0000][1][safepoint    ] Leaving safepoint region
[2019-12-08T11:43:36.694+0000][1][safepoint    ] Total time for which application threads were stopped: 0.0000909 seconds, Stopping threads took: 0.0000196 seconds
[2019-12-08T11:43:37.694+0000][1][safepoint    ] Application time: 1.0000773 seconds
[2019-12-08T11:43:37.694+0000][1][safepoint    ] Entering safepoint region: Cleanup
[2019-12-08T11:43:37.694+0000][1][safepoint    ] Leaving safepoint region
[2019-12-08T11:43:37.694+0000][1][safepoint    ] Total time for which application threads were stopped: 0.0000825 seconds, Stopping threads took: 0.0000187 seconds
[2019-12-08T11:43:38.695+0000][1][safepoint    ] Application time: 1.0000774 seconds
[2019-12-08T11:43:38.695+0000][1][safepoint    ] Entering safepoint region: Cleanup
[2019-12-08T11:43:38.695+0000][1][safepoint    ] Leaving safepoint region
[2019-12-08T11:43:38.695+0000][1][safepoint    ] Total time for which application threads were stopped: 0.0000851 seconds, Stopping threads took: 0.0000183 seconds
[2019-12-08T11:43:39.695+0000][1][safepoint    ] Application time: 1.0000739 seconds
[2019-12-08T11:43:39.695+0000][1][safepoint    ] Entering safepoint region: Cleanup
[2019-12-08T11:43:39.695+0000][1][safepoint    ] Leaving safepoint region
[2019-12-08T11:43:39.695+0000][1][safepoint    ] Total time for which application threads were stopped: 0.0000802 seconds, Stopping threads took: 0.0000181 seconds
[2019-12-08T11:43:40.695+0000][1][safepoint    ] Application time: 1.0000759 seconds
[2019-12-08T11:43:40.695+0000][1][safepoint    ] Entering safepoint region: Cleanup
[2019-12-08T11:43:40.695+0000][1][safepoint    ] Leaving safepoint region
[2019-12-08T11:43:40.695+0000][1][safepoint    ] Total time for which application threads were stopped: 0.0000870 seconds, Stopping threads took: 0.0000194 seconds
[2019-12-08T11:43:41.695+0000][1][safepoint    ] Application time: 1.0000802 seconds
[2019-12-08T11:43:41.695+0000][1][safepoint    ] Entering safepoint region: Cleanup
[2019-12-08T11:43:41.695+0000][1][safepoint    ] Leaving safepoint region
[2019-12-08T11:43:41.695+0000][1][safepoint    ] Total time for which application threads were stopped: 0.0000844 seconds, Stopping threads took: 0.0000193 seconds
[2019-12-08T11:43:42.695+0000][1][safepoint    ] Application time: 1.0000799 seconds
[2019-12-08T11:43:42.695+0000][1][safepoint    ] Entering safepoint region: Cleanup
[2019-12-08T11:43:42.695+0000][1][safepoint    ] Leaving safepoint region
[2019-12-08T11:43:42.695+0000][1][safepoint    ] Total time for which application threads were stopped: 0.0000810 seconds, Stopping threads took: 0.0000186 seconds
[2019-12-08T11:43:43.696+0000][1][safepoint    ] Application time: 1.0000767 seconds
[2019-12-08T11:43:43.696+0000][1][safepoint    ] Entering safepoint region: Cleanup
[2019-12-08T11:43:43.696+0000][1][safepoint    ] Leaving safepoint region
[2019-12-08T11:43:43.696+0000][1][safepoint    ] Total time for which application threads were stopped: 0.0000822 seconds, Stopping threads took: 0.0000211 seconds
[2019-12-08T11:43:44.696+0000][1][safepoint    ] Application time: 1.0000915 seconds
[2019-12-08T11:43:44.696+0000][1][safepoint    ] Entering safepoint region: Cleanup
[2019-12-08T11:43:44.696+0000][1][safepoint    ] Leaving safepoint region
[2019-12-08T11:43:44.696+0000][1][safepoint    ] Total time for which application threads were stopped: 0.0000830 seconds, Stopping threads took: 0.0000189 seconds
[2019-12-08T11:43:45.696+0000][1][safepoint    ] Application time: 1.0000809 seconds
[2019-12-08T11:43:45.696+0000][1][safepoint    ] Entering safepoint region: Cleanup
[2019-12-08T11:43:45.696+0000][1][safepoint    ] Leaving safepoint region
[2019-12-08T11:43:45.696+0000][1][safepoint    ] Total time for which application threads were stopped: 0.0000820 seconds, Stopping threads took: 0.0000201 seconds
[2019-12-08T11:43:46.696+0000][1][safepoint    ] Application time: 1.0000769 seconds
[2019-12-08T11:43:46.696+0000][1][safepoint    ] Entering safepoint region: Cleanup
[2019-12-08T11:43:46.696+0000][1][safepoint    ] Leaving safepoint region
[2019-12-08T11:43:46.696+0000][1][safepoint    ] Total time for which application threads were stopped: 0.0000888 seconds, Stopping threads took: 0.0000184 seconds
[2019-12-08T11:43:47.696+0000][1][safepoint    ] Application time: 1.0000766 seconds
[2019-12-08T11:43:47.696+0000][1][safepoint    ] Entering safepoint region: Cleanup
[2019-12-08T11:43:47.696+0000][1][safepoint    ] Leaving safepoint region
[2019-12-08T11:43:47.696+0000][1][safepoint    ] Total time for which application threads were stopped: 0.0000806 seconds, Stopping threads took: 0.0000182 seconds
[2019-12-08T11:43:47.732+0000][1][safepoint    ] Application time: 0.0357988 seconds
[2019-12-08T11:43:47.732+0000][1][safepoint    ] Entering safepoint region: RevokeBias
[2019-12-08T11:43:47.732+0000][1][safepoint    ] Leaving safepoint region
[2019-12-08T11:43:47.732+0000][1][safepoint    ] Total time for which application threads were stopped: 0.0001185 seconds, Stopping threads took: 0.0000210 seconds
[2019-12-08T11:43:48.733+0000][1][safepoint    ] Application time: 1.0000905 seconds
[2019-12-08T11:43:48.733+0000][1][safepoint    ] Entering safepoint region: Cleanup
[2019-12-08T11:43:48.733+0000][1][safepoint    ] Leaving safepoint region
[2019-12-08T11:43:48.733+0000][1][safepoint    ] Total time for which application threads were stopped: 0.0001244 seconds, Stopping threads took: 0.0000187 seconds
[2019-12-08T11:43:49.733+0000][1][safepoint    ] Application time: 1.0000899 seconds
[2019-12-08T11:43:49.733+0000][1][safepoint    ] Entering safepoint region: Cleanup
[2019-12-08T11:43:49.733+0000][1][safepoint    ] Leaving safepoint region
[2019-12-08T11:43:49.733+0000][1][safepoint    ] Total time for which application threads were stopped: 0.0000794 seconds, Stopping threads took: 0.0000173 seconds
[2019-12-08T11:43:50.733+0000][1][safepoint    ] Application time: 1.0000861 seconds
[2019-12-08T11:43:50.733+0000][1][safepoint    ] Entering safepoint region: Cleanup
[2019-12-08T11:43:50.733+0000][1][safepoint    ] Leaving safepoint region
[2019-12-08T11:43:50.733+0000][1][safepoint    ] Total time for which application threads were stopped: 0.0000837 seconds, Stopping threads took: 0.0000195 seconds
[2019-12-08T11:43:51.733+0000][1][safepoint    ] Application time: 1.0000818 seconds
[2019-12-08T11:43:51.733+0000][1][safepoint    ] Entering safepoint region: Cleanup
[2019-12-08T11:43:51.733+0000][1][safepoint    ] Leaving safepoint region
[2019-12-08T11:43:51.733+0000][1][safepoint    ] Total time for which application threads were stopped: 0.0001106 seconds, Stopping threads took: 0.0000240 seconds
[2019-12-08T11:43:52.733+0000][1][safepoint    ] Application time: 1.0000768 seconds
[2019-12-08T11:43:52.733+0000][1][safepoint    ] Entering safepoint region: Cleanup
[2019-12-08T11:43:52.734+0000][1][safepoint    ] Leaving safepoint region
[2019-12-08T11:43:52.734+0000][1][safepoint    ] Total time for which application threads were stopped: 0.0000814 seconds, Stopping threads took: 0.0000182 seconds
[2019-12-08T11:43:53.734+0000][1][safepoint    ] Application time: 1.0000787 seconds
[2019-12-08T11:43:53.734+0000][1][safepoint    ] Entering safepoint region: Cleanup
[2019-12-08T11:43:53.734+0000][1][safepoint    ] Leaving safepoint region
[2019-12-08T11:43:53.734+0000][1][safepoint    ] Total time for which application threads were stopped: 0.0001128 seconds, Stopping threads took: 0.0000247 seconds
[2019-12-08T11:43:54.734+0000][1][safepoint    ] Application time: 1.0000858 seconds
[2019-12-08T11:43:54.734+0000][1][safepoint    ] Entering safepoint region: Cleanup
[2019-12-08T11:43:54.734+0000][1][safepoint    ] Leaving safepoint region
[2019-12-08T11:43:54.734+0000][1][safepoint    ] Total time for which application threads were stopped: 0.0000872 seconds, Stopping threads took: 0.0000254 seconds
[2019-12-08T11:43:55.734+0000][1][safepoint    ] Application time: 1.0000897 seconds
[2019-12-08T11:43:55.734+0000][1][safepoint    ] Entering safepoint region: Cleanup
[2019-12-08T11:43:55.734+0000][1][safepoint    ] Leaving safepoint region
[2019-12-08T11:43:55.734+0000][1][safepoint    ] Total time for which application threads were stopped: 0.0000828 seconds, Stopping threads took: 0.0000192 seconds
[2019-12-08T11:43:56.734+0000][1][safepoint    ] Application time: 1.0000788 seconds
[2019-12-08T11:43:56.734+0000][1][safepoint    ] Entering safepoint region: Cleanup
[2019-12-08T11:43:56.734+0000][1][safepoint    ] Leaving safepoint region
[2019-12-08T11:43:56.734+0000][1][safepoint    ] Total time for which application threads were stopped: 0.0000809 seconds, Stopping threads took: 0.0000197 seconds
[2019-12-08T11:43:57.734+0000][1][safepoint    ] Application time: 1.0000751 seconds
[2019-12-08T11:43:57.735+0000][1][safepoint    ] Entering safepoint region: Cleanup
[2019-12-08T11:43:57.735+0000][1][safepoint    ] Leaving safepoint region
[2019-12-08T11:43:57.735+0000][1][safepoint    ] Total time for which application threads were stopped: 0.0000788 seconds, Stopping threads took: 0.0000181 seconds
[2019-12-08T11:43:58.735+0000][1][safepoint    ] Application time: 1.0000775 seconds
[2019-12-08T11:43:58.735+0000][1][safepoint    ] Entering safepoint region: Cleanup
[2019-12-08T11:43:58.735+0000][1][safepoint    ] Leaving safepoint region
[2019-12-08T11:43:58.735+0000][1][safepoint    ] Total time for which application threads were stopped: 0.0000893 seconds, Stopping threads took: 0.0000274 seconds
[2019-12-08T11:43:59.735+0000][1][safepoint    ] Application time: 1.0000747 seconds
[2019-12-08T11:43:59.735+0000][1][safepoint    ] Entering safepoint region: Cleanup
[2019-12-08T11:43:59.735+0000][1][safepoint    ] Leaving safepoint region
[2019-12-08T11:43:59.735+0000][1][safepoint    ] Total time for which application threads were stopped: 0.0000800 seconds, Stopping threads took: 0.0000180 seconds
[2019-12-08T11:44:00.735+0000][1][safepoint    ] Application time: 1.0000744 seconds
[2019-12-08T11:44:00.735+0000][1][safepoint    ] Entering safepoint region: Cleanup
[2019-12-08T11:44:00.735+0000][1][safepoint    ] Leaving safepoint region
[2019-12-08T11:44:00.735+0000][1][safepoint    ] Total time for which application threads were stopped: 0.0000908 seconds, Stopping threads took: 0.0000170 seconds
[2019-12-08T11:44:01.735+0000][1][safepoint    ] Application time: 1.0000792 seconds
[2019-12-08T11:44:01.735+0000][1][safepoint    ] Entering safepoint region: Cleanup
[2019-12-08T11:44:01.735+0000][1][safepoint    ] Leaving safepoint region
[2019-12-08T11:44:01.735+0000][1][safepoint    ] Total time for which application threads were stopped: 0.0000818 seconds, Stopping threads took: 0.0000188 seconds
[2019-12-08T11:44:02.735+0000][1][safepoint    ] Application time: 1.0000902 seconds
[2019-12-08T11:44:02.736+0000][1][safepoint    ] Entering safepoint region: Cleanup
[2019-12-08T11:44:02.736+0000][1][safepoint    ] Leaving safepoint region
[2019-12-08T11:44:02.736+0000][1][safepoint    ] Total time for which application threads were stopped: 0.0000832 seconds, Stopping threads took: 0.0000198 seconds
[2019-12-08T11:44:03.736+0000][1][safepoint    ] Application time: 1.0000804 seconds
[2019-12-08T11:44:03.736+0000][1][safepoint    ] Entering safepoint region: Cleanup
[2019-12-08T11:44:03.736+0000][1][safepoint    ] Leaving safepoint region
[2019-12-08T11:44:03.736+0000][1][safepoint    ] Total time for which application threads were stopped: 0.0000863 seconds, Stopping threads took: 0.0000189 seconds
[2019-12-08T11:44:04.736+0000][1][safepoint    ] Application time: 1.0000846 seconds
[2019-12-08T11:44:04.736+0000][1][safepoint    ] Entering safepoint region: Cleanup
[2019-12-08T11:44:04.736+0000][1][safepoint    ] Leaving safepoint region
[2019-12-08T11:44:04.736+0000][1][safepoint    ] Total time for which application threads were stopped: 0.0000866 seconds, Stopping threads took: 0.0000192 seconds
[2019-12-08T11:44:05.736+0000][1][safepoint    ] Application time: 1.0000810 seconds
[2019-12-08T11:44:05.736+0000][1][safepoint    ] Entering safepoint region: Cleanup
[2019-12-08T11:44:05.736+0000][1][safepoint    ] Leaving safepoint region
[2019-12-08T11:44:05.736+0000][1][safepoint    ] Total time for which application threads were stopped: 0.0000802 seconds, Stopping threads took: 0.0000191 seconds
[2019-12-08T11:44:06.736+0000][1][safepoint    ] Application time: 1.0000871 seconds
[2019-12-08T11:44:06.736+0000][1][safepoint    ] Entering safepoint region: Cleanup
[2019-12-08T11:44:06.736+0000][1][safepoint    ] Leaving safepoint region
[2019-12-08T11:44:06.736+0000][1][safepoint    ] Total time for which application threads were stopped: 0.0000905 seconds, Stopping threads took: 0.0000169 seconds
[2019-12-08T11:44:07.737+0000][1][safepoint    ] Application time: 1.0000805 seconds
[2019-12-08T11:44:07.737+0000][1][safepoint    ] Entering safepoint region: Cleanup
[2019-12-08T11:44:07.737+0000][1][safepoint    ] Leaving safepoint region
[2019-12-08T11:44:07.737+0000][1][safepoint    ] Total time for which application threads were stopped: 0.0000775 seconds, Stopping threads took: 0.0000167 seconds
[2019-12-08T11:44:08.737+0000][1][safepoint    ] Application time: 1.0000956 seconds
[2019-12-08T11:44:08.737+0000][1][safepoint    ] Entering safepoint region: Cleanup
[2019-12-08T11:44:08.737+0000][1][safepoint    ] Leaving safepoint region
[2019-12-08T11:44:08.737+0000][1][safepoint    ] Total time for which application threads were stopped: 0.0000773 seconds, Stopping threads took: 0.0000184 seconds
[2019-12-08T11:44:09.737+0000][1][safepoint    ] Application time: 1.0000804 seconds
[2019-12-08T11:44:09.737+0000][1][safepoint    ] Entering safepoint region: Cleanup
[2019-12-08T11:44:09.737+0000][1][safepoint    ] Leaving safepoint region
[2019-12-08T11:44:09.737+0000][1][safepoint    ] Total time for which application threads were stopped: 0.0000778 seconds, Stopping threads took: 0.0000172 seconds
[2019-12-08T11:44:10.737+0000][1][safepoint    ] Application time: 1.0000802 seconds
[2019-12-08T11:44:10.737+0000][1][safepoint    ] Entering safepoint region: Cleanup
[2019-12-08T11:44:10.737+0000][1][safepoint    ] Leaving safepoint region
[2019-12-08T11:44:10.737+0000][1][safepoint    ] Total time for which application threads were stopped: 0.0000844 seconds, Stopping threads took: 0.0000182 seconds
[2019-12-08T11:44:11.737+0000][1][safepoint    ] Application time: 1.0000788 seconds
[2019-12-08T11:44:11.737+0000][1][safepoint    ] Entering safepoint region: Cleanup
[2019-12-08T11:44:11.737+0000][1][safepoint    ] Leaving safepoint region
[2019-12-08T11:44:11.737+0000][1][safepoint    ] Total time for which application threads were stopped: 0.0000770 seconds, Stopping threads took: 0.0000174 seconds
[2019-12-08T11:44:12.737+0000][1][safepoint    ] Application time: 1.0000837 seconds
[2019-12-08T11:44:12.738+0000][1][safepoint    ] Entering safepoint region: Cleanup
[2019-12-08T11:44:12.738+0000][1][safepoint    ] Leaving safepoint region
[2019-12-08T11:44:12.738+0000][1][safepoint    ] Total time for which application threads were stopped: 0.0000924 seconds, Stopping threads took: 0.0000292 seconds
[2019-12-08T11:44:13.738+0000][1][safepoint    ] Application time: 1.0000827 seconds
[2019-12-08T11:44:13.738+0000][1][safepoint    ] Entering safepoint region: Cleanup
[2019-12-08T11:44:13.738+0000][1][safepoint    ] Leaving safepoint region
[2019-12-08T11:44:13.738+0000][1][safepoint    ] Total time for which application threads were stopped: 0.0000773 seconds, Stopping threads took: 0.0000176 seconds
[2019-12-08T11:44:14.738+0000][1][safepoint    ] Application time: 1.0000775 seconds
[2019-12-08T11:44:14.738+0000][1][safepoint    ] Entering safepoint region: Cleanup
[2019-12-08T11:44:14.738+0000][1][safepoint    ] Leaving safepoint region
[2019-12-08T11:44:14.738+0000][1][safepoint    ] Total time for which application threads were stopped: 0.0000787 seconds, Stopping threads took: 0.0000174 seconds
[2019-12-08T11:44:15.738+0000][1][safepoint    ] Application time: 1.0000844 seconds
[2019-12-08T11:44:15.738+0000][1][safepoint    ] Entering safepoint region: Cleanup
[2019-12-08T11:44:15.738+0000][1][safepoint    ] Leaving safepoint region
[2019-12-08T11:44:15.738+0000][1][safepoint    ] Total time for which application threads were stopped: 0.0000739 seconds, Stopping threads took: 0.0000163 seconds
[2019-12-08T11:44:16.738+0000][1][safepoint    ] Application time: 1.0000788 seconds
[2019-12-08T11:44:16.738+0000][1][safepoint    ] Entering safepoint region: Cleanup
[2019-12-08T11:44:16.738+0000][1][safepoint    ] Leaving safepoint region
[2019-12-08T11:44:16.738+0000][1][safepoint    ] Total time for which application threads were stopped: 0.0000809 seconds, Stopping threads took: 0.0000166 seconds
[2019-12-08T11:44:17.738+0000][1][safepoint    ] Application time: 1.0000788 seconds
[2019-12-08T11:44:17.738+0000][1][safepoint    ] Entering safepoint region: Cleanup
[2019-12-08T11:44:17.739+0000][1][safepoint    ] Leaving safepoint region
[2019-12-08T11:44:17.739+0000][1][safepoint    ] Total time for which application threads were stopped: 0.0000802 seconds, Stopping threads took: 0.0000169 seconds
[2019-12-08T11:44:18.739+0000][1][safepoint    ] Application time: 1.0000793 seconds
[2019-12-08T11:44:18.739+0000][1][safepoint    ] Entering safepoint region: Cleanup
[2019-12-08T11:44:18.739+0000][1][safepoint    ] Leaving safepoint region
[2019-12-08T11:44:18.739+0000][1][safepoint    ] Total time for which application threads were stopped: 0.0001001 seconds, Stopping threads took: 0.0000190 seconds
[2019-12-08T11:44:19.739+0000][1][safepoint    ] Application time: 1.0000803 seconds
[2019-12-08T11:44:19.739+0000][1][safepoint    ] Entering safepoint region: Cleanup
[2019-12-08T11:44:19.739+0000][1][safepoint    ] Leaving safepoint region
[2019-12-08T11:44:19.739+0000][1][safepoint    ] Total time for which application threads were stopped: 0.0000741 seconds, Stopping threads took: 0.0000159 seconds
[2019-12-08T11:44:20.739+0000][1][safepoint    ] Application time: 1.0000780 seconds
[2019-12-08T11:44:20.739+0000][1][safepoint    ] Entering safepoint region: Cleanup
[2019-12-08T11:44:20.739+0000][1][safepoint    ] Leaving safepoint region
[2019-12-08T11:44:20.739+0000][1][safepoint    ] Total time for which application threads were stopped: 0.0000760 seconds, Stopping threads took: 0.0000173 seconds
[2019-12-08T11:44:21.739+0000][1][safepoint    ] Application time: 1.0000824 seconds
[2019-12-08T11:44:21.739+0000][1][safepoint    ] Entering safepoint region: Cleanup
[2019-12-08T11:44:21.739+0000][1][safepoint    ] Leaving safepoint region
[2019-12-08T11:44:21.739+0000][1][safepoint    ] Total time for which application threads were stopped: 0.0000743 seconds, Stopping threads took: 0.0000168 seconds
[2019-12-08T11:44:22.739+0000][1][safepoint    ] Application time: 1.0000794 seconds
[2019-12-08T11:44:22.739+0000][1][safepoint    ] Entering safepoint region: Cleanup
[2019-12-08T11:44:22.739+0000][1][safepoint    ] Leaving safepoint region
[2019-12-08T11:44:22.739+0000][1][safepoint    ] Total time for which application threads were stopped: 0.0000743 seconds, Stopping threads took: 0.0000170 seconds
[2019-12-08T11:44:23.740+0000][1][safepoint    ] Application time: 1.0000779 seconds
[2019-12-08T11:44:23.740+0000][1][safepoint    ] Entering safepoint region: Cleanup
[2019-12-08T11:44:23.740+0000][1][safepoint    ] Leaving safepoint region
[2019-12-08T11:44:23.740+0000][1][safepoint    ] Total time for which application threads were stopped: 0.0000749 seconds, Stopping threads took: 0.0000170 seconds
[2019-12-08T11:44:24.740+0000][1][safepoint    ] Application time: 1.0000794 seconds
[2019-12-08T11:44:24.740+0000][1][safepoint    ] Entering safepoint region: Cleanup
[2019-12-08T11:44:24.740+0000][1][safepoint    ] Leaving safepoint region
[2019-12-08T11:44:24.740+0000][1][safepoint    ] Total time for which application threads were stopped: 0.0000770 seconds, Stopping threads took: 0.0000168 seconds
[2019-12-08T11:44:25.740+0000][1][safepoint    ] Application time: 1.0000877 seconds
[2019-12-08T11:44:25.740+0000][1][safepoint    ] Entering safepoint region: Cleanup
[2019-12-08T11:44:25.740+0000][1][safepoint    ] Leaving safepoint region
[2019-12-08T11:44:25.740+0000][1][safepoint    ] Total time for which application threads were stopped: 0.0000771 seconds, Stopping threads took: 0.0000189 seconds
[2019-12-08T11:44:26.740+0000][1][safepoint    ] Application time: 1.0000805 seconds
[2019-12-08T11:44:26.740+0000][1][safepoint    ] Entering safepoint region: Cleanup
[2019-12-08T11:44:26.740+0000][1][safepoint    ] Leaving safepoint region
[2019-12-08T11:44:26.740+0000][1][safepoint    ] Total time for which application threads were stopped: 0.0000847 seconds, Stopping threads took: 0.0000209 seconds
[2019-12-08T11:44:27.740+0000][1][safepoint    ] Application time: 1.0000896 seconds
[2019-12-08T11:44:27.740+0000][1][safepoint    ] Entering safepoint region: Cleanup
[2019-12-08T11:44:27.740+0000][1][safepoint    ] Leaving safepoint region
[2019-12-08T11:44:27.740+0000][1][safepoint    ] Total time for which application threads were stopped: 0.0000860 seconds, Stopping threads took: 0.0000204 seconds
[2019-12-08T11:44:28.741+0000][1][safepoint    ] Application time: 1.0000806 seconds
[2019-12-08T11:44:28.741+0000][1][safepoint    ] Entering safepoint region: Cleanup
[2019-12-08T11:44:28.741+0000][1][safepoint    ] Leaving safepoint region
[2019-12-08T11:44:28.741+0000][1][safepoint    ] Total time for which application threads were stopped: 0.0000867 seconds, Stopping threads took: 0.0000205 seconds
[2019-12-08T11:44:29.741+0000][1][safepoint    ] Application time: 1.0000825 seconds
[2019-12-08T11:44:29.741+0000][1][safepoint    ] Entering safepoint region: Cleanup
[2019-12-08T11:44:29.741+0000][1][safepoint    ] Leaving safepoint region
[2019-12-08T11:44:29.741+0000][1][safepoint    ] Total time for which application threads were stopped: 0.0000849 seconds, Stopping threads took: 0.0000194 seconds
[2019-12-08T11:44:30.741+0000][1][safepoint    ] Application time: 1.0000793 seconds
[2019-12-08T11:44:30.741+0000][1][safepoint    ] Entering safepoint region: Cleanup
[2019-12-08T11:44:30.741+0000][1][safepoint    ] Leaving safepoint region
[2019-12-08T11:44:30.741+0000][1][safepoint    ] Total time for which application threads were stopped: 0.0000859 seconds, Stopping threads took: 0.0000202 seconds
[2019-12-08T11:44:30.761+0000][1][safepoint    ] Application time: 0.0201333 seconds
[2019-12-08T11:44:30.761+0000][1][safepoint    ] Entering safepoint region: GenCollectForAllocation
[2019-12-08T11:44:30.761+0000][1][gc,start     ] GC(28) Pause Young (Allocation Failure)
[2019-12-08T11:44:30.761+0000][1][gc,task      ] GC(28) Using 4 workers of 4 for evacuation
[2019-12-08T11:44:30.764+0000][1][gc,age       ] GC(28) Desired survivor size 4456448 bytes, new threshold 6 (max threshold 6)
[2019-12-08T11:44:30.764+0000][1][gc,age       ] GC(28) Age table with threshold 6 (max threshold 6)
[2019-12-08T11:44:30.764+0000][1][gc,age       ] GC(28) - age   1:       7168 bytes,       7168 total
[2019-12-08T11:44:30.764+0000][1][gc,age       ] GC(28) - age   2:       1808 bytes,       8976 total
[2019-12-08T11:44:30.764+0000][1][gc,age       ] GC(28) - age   3:       5656 bytes,      14632 total
[2019-12-08T11:44:30.764+0000][1][gc,age       ] GC(28) - age   4:      10048 bytes,      24680 total
[2019-12-08T11:44:30.764+0000][1][gc,age       ] GC(28) - age   5:      26496 bytes,      51176 total
[2019-12-08T11:44:30.764+0000][1][gc,age       ] GC(28) - age   6:    1836472 bytes,    1887648 total
[2019-12-08T11:44:30.764+0000][1][gc,heap      ] GC(28) ParNew: 72840K->3149K(78656K)
[2019-12-08T11:44:30.764+0000][1][gc,heap      ] GC(28) CMS: 68257K->68257K(174784K)
[2019-12-08T11:44:30.764+0000][1][gc,metaspace ] GC(28) Metaspace: 68991K->68991K(1112064K)
[2019-12-08T11:44:30.764+0000][1][gc           ] GC(28) Pause Young (Allocation Failure) 137M->69M(247M) 2.900ms
[2019-12-08T11:44:30.764+0000][1][gc,cpu       ] GC(28) User=0.01s Sys=0.00s Real=0.00s
[2019-12-08T11:44:30.764+0000][1][safepoint    ] Leaving safepoint region
[2019-12-08T11:44:30.764+0000][1][safepoint    ] Total time for which application threads were stopped: 0.0030485 seconds, Stopping threads took: 0.0000216 seconds
[2019-12-08T11:44:35.769+0000][1][safepoint    ] Application time: 5.0051028 seconds
[2019-12-08T11:44:35.769+0000][1][safepoint    ] Entering safepoint region: Cleanup
[2019-12-08T11:44:35.770+0000][1][safepoint    ] Leaving safepoint region
[2019-12-08T11:44:35.770+0000][1][safepoint    ] Total time for which application threads were stopped: 0.0000926 seconds, Stopping threads took: 0.0000168 seconds
[2019-12-08T11:45:01.772+0000][1][safepoint    ] Application time: 26.0024311 seconds
[2019-12-08T11:45:01.772+0000][1][safepoint    ] Entering safepoint region: Cleanup
[2019-12-08T11:45:01.772+0000][1][safepoint    ] Leaving safepoint region
[2019-12-08T11:45:01.772+0000][1][safepoint    ] Total time for which application threads were stopped: 0.0000967 seconds, Stopping threads took: 0.0000268 seconds
[2019-12-08T11:45:04.772+0000][1][safepoint    ] Application time: 3.0002256 seconds
[2019-12-08T11:45:04.772+0000][1][safepoint    ] Entering safepoint region: Cleanup
[2019-12-08T11:45:04.772+0000][1][safepoint    ] Leaving safepoint region
[2019-12-08T11:45:04.772+0000][1][safepoint    ] Total time for which application threads were stopped: 0.0000892 seconds, Stopping threads took: 0.0000205 seconds
[2019-12-08T11:45:46.775+0000][1][safepoint    ] Application time: 42.0029653 seconds
[2019-12-08T11:45:46.776+0000][1][safepoint    ] Entering safepoint region: Cleanup
[2019-12-08T11:45:46.776+0000][1][safepoint    ] Leaving safepoint region
[2019-12-08T11:45:46.776+0000][1][safepoint    ] Total time for which application threads were stopped: 0.0000863 seconds, Stopping threads took: 0.0000186 seconds
[2019-12-08T11:46:16.778+0000][1][safepoint    ] Application time: 30.0020038 seconds
[2019-12-08T11:46:16.778+0000][1][safepoint    ] Entering safepoint region: Cleanup
[2019-12-08T11:46:16.778+0000][1][safepoint    ] Leaving safepoint region
[2019-12-08T11:46:16.778+0000][1][safepoint    ] Total time for which application threads were stopped: 0.0001007 seconds, Stopping threads took: 0.0000183 seconds
[2019-12-08T11:46:17.778+0000][1][safepoint    ] Application time: 1.0000826 seconds
[2019-12-08T11:46:17.778+0000][1][safepoint    ] Entering safepoint region: Cleanup
[2019-12-08T11:46:17.778+0000][1][safepoint    ] Leaving safepoint region
[2019-12-08T11:46:17.778+0000][1][safepoint    ] Total time for which application threads were stopped: 0.0000871 seconds, Stopping threads took: 0.0000189 seconds
[2019-12-08T11:46:18.778+0000][1][safepoint    ] Application time: 1.0000819 seconds
[2019-12-08T11:46:18.778+0000][1][safepoint    ] Entering safepoint region: Cleanup
[2019-12-08T11:46:18.778+0000][1][safepoint    ] Leaving safepoint region
[2019-12-08T11:46:18.778+0000][1][safepoint    ] Total time for which application threads were stopped: 0.0000843 seconds, Stopping threads took: 0.0000193 seconds
[2019-12-08T11:46:19.778+0000][1][safepoint    ] Application time: 1.0000779 seconds
[2019-12-08T11:46:19.778+0000][1][safepoint    ] Entering safepoint region: Cleanup
[2019-12-08T11:46:19.778+0000][1][safepoint    ] Leaving safepoint region
[2019-12-08T11:46:19.778+0000][1][safepoint    ] Total time for which application threads were stopped: 0.0000832 seconds, Stopping threads took: 0.0000191 seconds
[2019-12-08T11:46:20.778+0000][1][safepoint    ] Application time: 1.0000796 seconds
[2019-12-08T11:46:20.778+0000][1][safepoint    ] Entering safepoint region: Cleanup
[2019-12-08T11:46:20.779+0000][1][safepoint    ] Leaving safepoint region
[2019-12-08T11:46:20.779+0000][1][safepoint    ] Total time for which application threads were stopped: 0.0000846 seconds, Stopping threads took: 0.0000199 seconds
[2019-12-08T11:46:21.779+0000][1][safepoint    ] Application time: 1.0000775 seconds
[2019-12-08T11:46:21.779+0000][1][safepoint    ] Entering safepoint region: Cleanup
[2019-12-08T11:46:21.779+0000][1][safepoint    ] Leaving safepoint region
[2019-12-08T11:46:21.779+0000][1][safepoint    ] Total time for which application threads were stopped: 0.0000928 seconds, Stopping threads took: 0.0000281 seconds
[2019-12-08T11:46:22.779+0000][1][safepoint    ] Application time: 1.0000807 seconds
[2019-12-08T11:46:22.779+0000][1][safepoint    ] Entering safepoint region: Cleanup
[2019-12-08T11:46:22.779+0000][1][safepoint    ] Leaving safepoint region
[2019-12-08T11:46:22.779+0000][1][safepoint    ] Total time for which application threads were stopped: 0.0000911 seconds, Stopping threads took: 0.0000282 seconds
[2019-12-08T11:46:23.779+0000][1][safepoint    ] Application time: 1.0000787 seconds
[2019-12-08T11:46:23.779+0000][1][safepoint    ] Entering safepoint region: Cleanup
[2019-12-08T11:46:23.779+0000][1][safepoint    ] Leaving safepoint region
[2019-12-08T11:46:23.779+0000][1][safepoint    ] Total time for which application threads were stopped: 0.0000872 seconds, Stopping threads took: 0.0000213 seconds
[2019-12-08T11:46:24.779+0000][1][safepoint    ] Application time: 1.0000810 seconds
[2019-12-08T11:46:24.779+0000][1][safepoint    ] Entering safepoint region: Cleanup
[2019-12-08T11:46:24.779+0000][1][safepoint    ] Leaving safepoint region
[2019-12-08T11:46:24.779+0000][1][safepoint    ] Total time for which application threads were stopped: 0.0000852 seconds, Stopping threads took: 0.0000195 seconds
[2019-12-08T11:46:25.779+0000][1][safepoint    ] Application time: 1.0000757 seconds
[2019-12-08T11:46:25.780+0000][1][safepoint    ] Entering safepoint region: Cleanup
[2019-12-08T11:46:25.780+0000][1][safepoint    ] Leaving safepoint region
[2019-12-08T11:46:25.780+0000][1][safepoint    ] Total time for which application threads were stopped: 0.0000855 seconds, Stopping threads took: 0.0000200 seconds
[2019-12-08T11:46:26.780+0000][1][safepoint    ] Application time: 1.0000919 seconds
[2019-12-08T11:46:26.780+0000][1][safepoint    ] Entering safepoint region: Cleanup
[2019-12-08T11:46:26.780+0000][1][safepoint    ] Leaving safepoint region
[2019-12-08T11:46:26.780+0000][1][safepoint    ] Total time for which application threads were stopped: 0.0000836 seconds, Stopping threads took: 0.0000187 seconds
[2019-12-08T11:46:27.780+0000][1][safepoint    ] Application time: 1.0000763 seconds
[2019-12-08T11:46:27.780+0000][1][safepoint    ] Entering safepoint region: Cleanup
[2019-12-08T11:46:27.780+0000][1][safepoint    ] Leaving safepoint region
[2019-12-08T11:46:27.780+0000][1][safepoint    ] Total time for which application threads were stopped: 0.0000829 seconds, Stopping threads took: 0.0000176 seconds
[2019-12-08T11:46:28.780+0000][1][safepoint    ] Application time: 1.0000780 seconds
[2019-12-08T11:46:28.780+0000][1][safepoint    ] Entering safepoint region: Cleanup
[2019-12-08T11:46:28.780+0000][1][safepoint    ] Leaving safepoint region
[2019-12-08T11:46:28.780+0000][1][safepoint    ] Total time for which application threads were stopped: 0.0000864 seconds, Stopping threads took: 0.0000209 seconds
[2019-12-08T11:46:29.780+0000][1][safepoint    ] Application time: 1.0000763 seconds
[2019-12-08T11:46:29.780+0000][1][safepoint    ] Entering safepoint region: Cleanup
[2019-12-08T11:46:29.780+0000][1][safepoint    ] Leaving safepoint region
[2019-12-08T11:46:29.780+0000][1][safepoint    ] Total time for which application threads were stopped: 0.0000834 seconds, Stopping threads took: 0.0000197 seconds
[2019-12-08T11:46:30.781+0000][1][safepoint    ] Application time: 1.0000752 seconds
[2019-12-08T11:46:30.781+0000][1][safepoint    ] Entering safepoint region: Cleanup
[2019-12-08T11:46:30.781+0000][1][safepoint    ] Leaving safepoint region
[2019-12-08T11:46:30.781+0000][1][safepoint    ] Total time for which application threads were stopped: 0.0000841 seconds, Stopping threads took: 0.0000187 seconds
[2019-12-08T11:46:31.781+0000][1][safepoint    ] Application time: 1.0000753 seconds
[2019-12-08T11:46:31.781+0000][1][safepoint    ] Entering safepoint region: Cleanup
[2019-12-08T11:46:31.781+0000][1][safepoint    ] Leaving safepoint region
[2019-12-08T11:46:31.781+0000][1][safepoint    ] Total time for which application threads were stopped: 0.0001047 seconds, Stopping threads took: 0.0000380 seconds
[2019-12-08T11:46:32.781+0000][1][safepoint    ] Application time: 1.0000801 seconds
[2019-12-08T11:46:32.781+0000][1][safepoint    ] Entering safepoint region: Cleanup
[2019-12-08T11:46:32.781+0000][1][safepoint    ] Leaving safepoint region
[2019-12-08T11:46:32.781+0000][1][safepoint    ] Total time for which application threads were stopped: 0.0000922 seconds, Stopping threads took: 0.0000282 seconds
[2019-12-08T11:46:33.781+0000][1][safepoint    ] Application time: 1.0000783 seconds
[2019-12-08T11:46:33.781+0000][1][safepoint    ] Entering safepoint region: Cleanup
[2019-12-08T11:46:33.781+0000][1][safepoint    ] Leaving safepoint region
[2019-12-08T11:46:33.781+0000][1][safepoint    ] Total time for which application threads were stopped: 0.0000843 seconds, Stopping threads took: 0.0000193 seconds
[2019-12-08T11:46:34.781+0000][1][safepoint    ] Application time: 1.0000771 seconds
[2019-12-08T11:46:34.781+0000][1][safepoint    ] Entering safepoint region: Cleanup
[2019-12-08T11:46:34.781+0000][1][safepoint    ] Leaving safepoint region
[2019-12-08T11:46:34.781+0000][1][safepoint    ] Total time for which application threads were stopped: 0.0000852 seconds, Stopping threads took: 0.0000197 seconds
[2019-12-08T11:46:35.782+0000][1][safepoint    ] Application time: 1.0000794 seconds
[2019-12-08T11:46:35.782+0000][1][safepoint    ] Entering safepoint region: Cleanup
[2019-12-08T11:46:35.782+0000][1][safepoint    ] Leaving safepoint region
[2019-12-08T11:46:35.782+0000][1][safepoint    ] Total time for which application threads were stopped: 0.0000985 seconds, Stopping threads took: 0.0000205 seconds
[2019-12-08T11:46:36.782+0000][1][safepoint    ] Application time: 1.0000796 seconds
[2019-12-08T11:46:36.782+0000][1][safepoint    ] Entering safepoint region: Cleanup
[2019-12-08T11:46:36.782+0000][1][safepoint    ] Leaving safepoint region
[2019-12-08T11:46:36.782+0000][1][safepoint    ] Total time for which application threads were stopped: 0.0000880 seconds, Stopping threads took: 0.0000210 seconds
[2019-12-08T11:46:37.782+0000][1][safepoint    ] Application time: 1.0000783 seconds
[2019-12-08T11:46:37.782+0000][1][safepoint    ] Entering safepoint region: Cleanup
[2019-12-08T11:46:37.782+0000][1][safepoint    ] Leaving safepoint region
[2019-12-08T11:46:37.782+0000][1][safepoint    ] Total time for which application threads were stopped: 0.0000843 seconds, Stopping threads took: 0.0000188 seconds
[2019-12-08T11:46:38.255+0000][1][safepoint    ] Application time: 0.4727404 seconds
[2019-12-08T11:46:38.255+0000][1][safepoint    ] Entering safepoint region: GenCollectForAllocation
[2019-12-08T11:46:38.255+0000][1][gc,start     ] GC(29) Pause Young (Allocation Failure)
[2019-12-08T11:46:38.255+0000][1][gc,task      ] GC(29) Using 4 workers of 4 for evacuation
[2019-12-08T11:46:38.260+0000][1][gc,age       ] GC(29) Desired survivor size 4456448 bytes, new threshold 6 (max threshold 6)
[2019-12-08T11:46:38.260+0000][1][gc,age       ] GC(29) Age table with threshold 6 (max threshold 6)
[2019-12-08T11:46:38.260+0000][1][gc,age       ] GC(29) - age   1:       6576 bytes,       6576 total
[2019-12-08T11:46:38.260+0000][1][gc,age       ] GC(29) - age   2:       3224 bytes,       9800 total
[2019-12-08T11:46:38.260+0000][1][gc,age       ] GC(29) - age   3:       1592 bytes,      11392 total
[2019-12-08T11:46:38.260+0000][1][gc,age       ] GC(29) - age   4:       5624 bytes,      17016 total
[2019-12-08T11:46:38.260+0000][1][gc,age       ] GC(29) - age   5:      10048 bytes,      27064 total
[2019-12-08T11:46:38.260+0000][1][gc,age       ] GC(29) - age   6:      26496 bytes,      53560 total
[2019-12-08T11:46:38.260+0000][1][gc,heap      ] GC(29) ParNew: 73101K->1141K(78656K)
[2019-12-08T11:46:38.260+0000][1][gc,heap      ] GC(29) CMS: 68257K->70099K(174784K)
[2019-12-08T11:46:38.260+0000][1][gc,metaspace ] GC(29) Metaspace: 68993K->68993K(1112064K)
[2019-12-08T11:46:38.260+0000][1][gc           ] GC(29) Pause Young (Allocation Failure) 138M->69M(247M) 5.338ms
[2019-12-08T11:46:38.260+0000][1][gc,cpu       ] GC(29) User=0.01s Sys=0.00s Real=0.00s
[2019-12-08T11:46:38.260+0000][1][safepoint    ] Leaving safepoint region
[2019-12-08T11:46:38.260+0000][1][safepoint    ] Total time for which application threads were stopped: 0.0054954 seconds, Stopping threads took: 0.0000176 seconds
[2019-12-08T11:46:39.260+0000][1][safepoint    ] Application time: 1.0000859 seconds
[2019-12-08T11:46:39.261+0000][1][safepoint    ] Entering safepoint region: Cleanup
[2019-12-08T11:46:39.261+0000][1][safepoint    ] Leaving safepoint region
[2019-12-08T11:46:39.261+0000][1][safepoint    ] Total time for which application threads were stopped: 0.0000779 seconds, Stopping threads took: 0.0000175 seconds
[2019-12-08T11:46:40.261+0000][1][safepoint    ] Application time: 1.0000844 seconds
[2019-12-08T11:46:40.261+0000][1][safepoint    ] Entering safepoint region: Cleanup
[2019-12-08T11:46:40.261+0000][1][safepoint    ] Leaving safepoint region
[2019-12-08T11:46:40.261+0000][1][safepoint    ] Total time for which application threads were stopped: 0.0001008 seconds, Stopping threads took: 0.0000225 seconds
[2019-12-08T11:46:41.261+0000][1][safepoint    ] Application time: 1.0000825 seconds
[2019-12-08T11:46:41.261+0000][1][safepoint    ] Entering safepoint region: Cleanup
[2019-12-08T11:46:41.261+0000][1][safepoint    ] Leaving safepoint region
[2019-12-08T11:46:41.261+0000][1][safepoint    ] Total time for which application threads were stopped: 0.0000815 seconds, Stopping threads took: 0.0000210 seconds
[2019-12-08T11:46:42.261+0000][1][safepoint    ] Application time: 1.0000768 seconds
[2019-12-08T11:46:42.261+0000][1][safepoint    ] Entering safepoint region: Cleanup
[2019-12-08T11:46:42.261+0000][1][safepoint    ] Leaving safepoint region
[2019-12-08T11:46:42.261+0000][1][safepoint    ] Total time for which application threads were stopped: 0.0000759 seconds, Stopping threads took: 0.0000176 seconds
[2019-12-08T11:46:43.261+0000][1][safepoint    ] Application time: 1.0000743 seconds
[2019-12-08T11:46:43.261+0000][1][safepoint    ] Entering safepoint region: Cleanup
[2019-12-08T11:46:43.261+0000][1][safepoint    ] Leaving safepoint region
[2019-12-08T11:46:43.261+0000][1][safepoint    ] Total time for which application threads were stopped: 0.0000764 seconds, Stopping threads took: 0.0000171 seconds
[2019-12-08T11:46:44.261+0000][1][safepoint    ] Application time: 1.0000759 seconds
[2019-12-08T11:46:44.262+0000][1][safepoint    ] Entering safepoint region: Cleanup
[2019-12-08T11:46:44.262+0000][1][safepoint    ] Leaving safepoint region
[2019-12-08T11:46:44.262+0000][1][safepoint    ] Total time for which application threads were stopped: 0.0000790 seconds, Stopping threads took: 0.0000177 seconds
[2019-12-08T11:46:45.262+0000][1][safepoint    ] Application time: 1.0000745 seconds
[2019-12-08T11:46:45.262+0000][1][safepoint    ] Entering safepoint region: Cleanup
[2019-12-08T11:46:45.262+0000][1][safepoint    ] Leaving safepoint region
[2019-12-08T11:46:45.262+0000][1][safepoint    ] Total time for which application threads were stopped: 0.0000736 seconds, Stopping threads took: 0.0000168 seconds
[2019-12-08T11:46:46.262+0000][1][safepoint    ] Application time: 1.0000801 seconds
[2019-12-08T11:46:46.262+0000][1][safepoint    ] Entering safepoint region: Cleanup
[2019-12-08T11:46:46.262+0000][1][safepoint    ] Leaving safepoint region
[2019-12-08T11:46:46.262+0000][1][safepoint    ] Total time for which application threads were stopped: 0.0000933 seconds, Stopping threads took: 0.0000189 seconds
[2019-12-08T11:46:47.262+0000][1][safepoint    ] Application time: 1.0000745 seconds
[2019-12-08T11:46:47.262+0000][1][safepoint    ] Entering safepoint region: Cleanup
[2019-12-08T11:46:47.262+0000][1][safepoint    ] Leaving safepoint region
[2019-12-08T11:46:47.262+0000][1][safepoint    ] Total time for which application threads were stopped: 0.0000770 seconds, Stopping threads took: 0.0000184 seconds
[2019-12-08T11:46:48.262+0000][1][safepoint    ] Application time: 1.0000781 seconds
[2019-12-08T11:46:48.262+0000][1][safepoint    ] Entering safepoint region: Cleanup
[2019-12-08T11:46:48.262+0000][1][safepoint    ] Leaving safepoint region
[2019-12-08T11:46:48.262+0000][1][safepoint    ] Total time for which application threads were stopped: 0.0000745 seconds, Stopping threads took: 0.0000179 seconds
[2019-12-08T11:46:49.262+0000][1][safepoint    ] Application time: 1.0000736 seconds
[2019-12-08T11:46:49.263+0000][1][safepoint    ] Entering safepoint region: Cleanup
[2019-12-08T11:46:49.263+0000][1][safepoint    ] Leaving safepoint region
[2019-12-08T11:46:49.263+0000][1][safepoint    ] Total time for which application threads were stopped: 0.0000777 seconds, Stopping threads took: 0.0000183 seconds
[2019-12-08T11:46:50.263+0000][1][safepoint    ] Application time: 1.0000741 seconds
[2019-12-08T11:46:50.263+0000][1][safepoint    ] Entering safepoint region: Cleanup
[2019-12-08T11:46:50.263+0000][1][safepoint    ] Leaving safepoint region
[2019-12-08T11:46:50.263+0000][1][safepoint    ] Total time for which application threads were stopped: 0.0000754 seconds, Stopping threads took: 0.0000182 seconds
[2019-12-08T11:46:51.263+0000][1][safepoint    ] Application time: 1.0000754 seconds
[2019-12-08T11:46:51.263+0000][1][safepoint    ] Entering safepoint region: Cleanup
[2019-12-08T11:46:51.263+0000][1][safepoint    ] Leaving safepoint region
[2019-12-08T11:46:51.263+0000][1][safepoint    ] Total time for which application threads were stopped: 0.0000769 seconds, Stopping threads took: 0.0000176 seconds
[2019-12-08T11:46:52.263+0000][1][safepoint    ] Application time: 1.0000812 seconds
[2019-12-08T11:46:52.263+0000][1][safepoint    ] Entering safepoint region: Cleanup
[2019-12-08T11:46:52.263+0000][1][safepoint    ] Leaving safepoint region
[2019-12-08T11:46:52.263+0000][1][safepoint    ] Total time for which application threads were stopped: 0.0000782 seconds, Stopping threads took: 0.0000180 seconds
[2019-12-08T11:46:53.263+0000][1][safepoint    ] Application time: 1.0000540 seconds
[2019-12-08T11:46:53.263+0000][1][safepoint    ] Entering safepoint region: Cleanup
[2019-12-08T11:46:53.263+0000][1][safepoint    ] Leaving safepoint region
[2019-12-08T11:46:53.263+0000][1][safepoint    ] Total time for which application threads were stopped: 0.0000836 seconds, Stopping threads took: 0.0000189 seconds
[2019-12-08T11:46:54.263+0000][1][safepoint    ] Application time: 1.0000781 seconds
[2019-12-08T11:46:54.263+0000][1][safepoint    ] Entering safepoint region: Cleanup
[2019-12-08T11:46:54.264+0000][1][safepoint    ] Leaving safepoint region
[2019-12-08T11:46:54.264+0000][1][safepoint    ] Total time for which application threads were stopped: 0.0000796 seconds, Stopping threads took: 0.0000199 seconds
[2019-12-08T11:46:55.264+0000][1][safepoint    ] Application time: 1.0000784 seconds
[2019-12-08T11:46:55.264+0000][1][safepoint    ] Entering safepoint region: Cleanup
[2019-12-08T11:46:55.264+0000][1][safepoint    ] Leaving safepoint region
[2019-12-08T11:46:55.264+0000][1][safepoint    ] Total time for which application threads were stopped: 0.0000993 seconds, Stopping threads took: 0.0000252 seconds
[2019-12-08T11:46:56.264+0000][1][safepoint    ] Application time: 1.0000770 seconds
[2019-12-08T11:46:56.264+0000][1][safepoint    ] Entering safepoint region: Cleanup
[2019-12-08T11:46:56.264+0000][1][safepoint    ] Leaving safepoint region
[2019-12-08T11:46:56.264+0000][1][safepoint    ] Total time for which application threads were stopped: 0.0000767 seconds, Stopping threads took: 0.0000180 seconds
[2019-12-08T11:46:57.264+0000][1][safepoint    ] Application time: 1.0000776 seconds
[2019-12-08T11:46:57.264+0000][1][safepoint    ] Entering safepoint region: Cleanup
[2019-12-08T11:46:57.264+0000][1][safepoint    ] Leaving safepoint region
[2019-12-08T11:46:57.264+0000][1][safepoint    ] Total time for which application threads were stopped: 0.0000748 seconds, Stopping threads took: 0.0000169 seconds
[2019-12-08T11:46:58.264+0000][1][safepoint    ] Application time: 1.0000790 seconds
[2019-12-08T11:46:58.264+0000][1][safepoint    ] Entering safepoint region: Cleanup
[2019-12-08T11:46:58.264+0000][1][safepoint    ] Leaving safepoint region
[2019-12-08T11:46:58.264+0000][1][safepoint    ] Total time for which application threads were stopped: 0.0000738 seconds, Stopping threads took: 0.0000179 seconds
[2019-12-08T11:46:59.264+0000][1][safepoint    ] Application time: 1.0000794 seconds
[2019-12-08T11:46:59.264+0000][1][safepoint    ] Entering safepoint region: Cleanup
[2019-12-08T11:46:59.265+0000][1][safepoint    ] Leaving safepoint region
[2019-12-08T11:46:59.265+0000][1][safepoint    ] Total time for which application threads were stopped: 0.0000846 seconds, Stopping threads took: 0.0000254 seconds
[2019-12-08T11:47:00.265+0000][1][safepoint    ] Application time: 1.0000776 seconds
[2019-12-08T11:47:00.265+0000][1][safepoint    ] Entering safepoint region: Cleanup
[2019-12-08T11:47:00.265+0000][1][safepoint    ] Leaving safepoint region
[2019-12-08T11:47:00.265+0000][1][safepoint    ] Total time for which application threads were stopped: 0.0000855 seconds, Stopping threads took: 0.0000168 seconds
[2019-12-08T11:47:01.265+0000][1][safepoint    ] Application time: 1.0000759 seconds
[2019-12-08T11:47:01.265+0000][1][safepoint    ] Entering safepoint region: Cleanup
[2019-12-08T11:47:01.265+0000][1][safepoint    ] Leaving safepoint region
[2019-12-08T11:47:01.265+0000][1][safepoint    ] Total time for which application threads were stopped: 0.0000828 seconds, Stopping threads took: 0.0000194 seconds
[2019-12-08T11:47:02.265+0000][1][safepoint    ] Application time: 1.0000823 seconds
[2019-12-08T11:47:02.265+0000][1][safepoint    ] Entering safepoint region: Cleanup
[2019-12-08T11:47:02.265+0000][1][safepoint    ] Leaving safepoint region
[2019-12-08T11:47:02.265+0000][1][safepoint    ] Total time for which application threads were stopped: 0.0000810 seconds, Stopping threads took: 0.0000195 seconds
[2019-12-08T11:47:03.857+0000][1][safepoint    ] Application time: 1.5914861 seconds
[2019-12-08T11:47:03.857+0000][1][safepoint    ] Entering safepoint region: Cleanup
[2019-12-08T11:47:03.857+0000][1][safepoint    ] Leaving safepoint region
[2019-12-08T11:47:03.857+0000][1][safepoint    ] Total time for which application threads were stopped: 0.0002152 seconds, Stopping threads took: 0.0001020 seconds
[2019-12-08T11:47:04.857+0000][1][safepoint    ] Application time: 1.0000851 seconds
[2019-12-08T11:47:04.857+0000][1][safepoint    ] Entering safepoint region: Cleanup
[2019-12-08T11:47:04.857+0000][1][safepoint    ] Leaving safepoint region
[2019-12-08T11:47:04.857+0000][1][safepoint    ] Total time for which application threads were stopped: 0.0000949 seconds, Stopping threads took: 0.0000191 seconds
[2019-12-08T11:47:05.857+0000][1][safepoint    ] Application time: 1.0000876 seconds
[2019-12-08T11:47:05.857+0000][1][safepoint    ] Entering safepoint region: Cleanup
[2019-12-08T11:47:05.857+0000][1][safepoint    ] Leaving safepoint region
[2019-12-08T11:47:05.857+0000][1][safepoint    ] Total time for which application threads were stopped: 0.0001055 seconds, Stopping threads took: 0.0000245 seconds
[2019-12-08T11:47:06.857+0000][1][safepoint    ] Application time: 1.0000852 seconds
[2019-12-08T11:47:06.858+0000][1][safepoint    ] Entering safepoint region: Cleanup
[2019-12-08T11:47:06.858+0000][1][safepoint    ] Leaving safepoint region
[2019-12-08T11:47:06.858+0000][1][safepoint    ] Total time for which application threads were stopped: 0.0001057 seconds, Stopping threads took: 0.0000248 seconds
[2019-12-08T11:47:07.858+0000][1][safepoint    ] Application time: 1.0000967 seconds
[2019-12-08T11:47:07.858+0000][1][safepoint    ] Entering safepoint region: Cleanup
[2019-12-08T11:47:07.858+0000][1][safepoint    ] Leaving safepoint region
[2019-12-08T11:47:07.858+0000][1][safepoint    ] Total time for which application threads were stopped: 0.0000772 seconds, Stopping threads took: 0.0000180 seconds
[2019-12-08T11:47:08.858+0000][1][safepoint    ] Application time: 1.0000783 seconds
[2019-12-08T11:47:08.858+0000][1][safepoint    ] Entering safepoint region: Cleanup
[2019-12-08T11:47:08.858+0000][1][safepoint    ] Leaving safepoint region
[2019-12-08T11:47:08.858+0000][1][safepoint    ] Total time for which application threads were stopped: 0.0000862 seconds, Stopping threads took: 0.0000234 seconds
[2019-12-08T11:47:09.858+0000][1][safepoint    ] Application time: 1.0000873 seconds
[2019-12-08T11:47:09.858+0000][1][safepoint    ] Entering safepoint region: Cleanup
[2019-12-08T11:47:09.858+0000][1][safepoint    ] Leaving safepoint region
[2019-12-08T11:47:09.858+0000][1][safepoint    ] Total time for which application threads were stopped: 0.0000795 seconds, Stopping threads took: 0.0000192 seconds
[2019-12-08T11:47:10.858+0000][1][safepoint    ] Application time: 1.0000771 seconds
[2019-12-08T11:47:10.858+0000][1][safepoint    ] Entering safepoint region: Cleanup
[2019-12-08T11:47:10.858+0000][1][safepoint    ] Leaving safepoint region
[2019-12-08T11:47:10.858+0000][1][safepoint    ] Total time for which application threads were stopped: 0.0000792 seconds, Stopping threads took: 0.0000196 seconds
[2019-12-08T11:47:11.859+0000][1][safepoint    ] Application time: 1.0000766 seconds
[2019-12-08T11:47:11.859+0000][1][safepoint    ] Entering safepoint region: Cleanup
[2019-12-08T11:47:11.859+0000][1][safepoint    ] Leaving safepoint region
[2019-12-08T11:47:11.859+0000][1][safepoint    ] Total time for which application threads were stopped: 0.0000791 seconds, Stopping threads took: 0.0000191 seconds
[2019-12-08T11:47:12.859+0000][1][safepoint    ] Application time: 1.0000796 seconds
[2019-12-08T11:47:12.859+0000][1][safepoint    ] Entering safepoint region: Cleanup
[2019-12-08T11:47:12.859+0000][1][safepoint    ] Leaving safepoint region
[2019-12-08T11:47:12.859+0000][1][safepoint    ] Total time for which application threads were stopped: 0.0000780 seconds, Stopping threads took: 0.0000185 seconds
[2019-12-08T11:47:13.859+0000][1][safepoint    ] Application time: 1.0000752 seconds
[2019-12-08T11:47:13.859+0000][1][safepoint    ] Entering safepoint region: Cleanup
[2019-12-08T11:47:13.859+0000][1][safepoint    ] Leaving safepoint region
[2019-12-08T11:47:13.859+0000][1][safepoint    ] Total time for which application threads were stopped: 0.0000762 seconds, Stopping threads took: 0.0000190 seconds
[2019-12-08T11:47:14.859+0000][1][safepoint    ] Application time: 1.0000775 seconds
[2019-12-08T11:47:14.859+0000][1][safepoint    ] Entering safepoint region: Cleanup
[2019-12-08T11:47:14.859+0000][1][safepoint    ] Leaving safepoint region
[2019-12-08T11:47:14.859+0000][1][safepoint    ] Total time for which application threads were stopped: 0.0000788 seconds, Stopping threads took: 0.0000187 seconds
[2019-12-08T11:47:15.859+0000][1][safepoint    ] Application time: 1.0000783 seconds
[2019-12-08T11:47:15.859+0000][1][safepoint    ] Entering safepoint region: Cleanup
[2019-12-08T11:47:15.859+0000][1][safepoint    ] Leaving safepoint region
[2019-12-08T11:47:15.859+0000][1][safepoint    ] Total time for which application threads were stopped: 0.0000807 seconds, Stopping threads took: 0.0000199 seconds
[2019-12-08T11:47:16.860+0000][1][safepoint    ] Application time: 1.0000793 seconds
[2019-12-08T11:47:16.860+0000][1][safepoint    ] Entering safepoint region: Cleanup
[2019-12-08T11:47:16.860+0000][1][safepoint    ] Leaving safepoint region
[2019-12-08T11:47:16.860+0000][1][safepoint    ] Total time for which application threads were stopped: 0.0000798 seconds, Stopping threads took: 0.0000199 seconds
[2019-12-08T11:47:17.860+0000][1][safepoint    ] Application time: 1.0000786 seconds
[2019-12-08T11:47:17.860+0000][1][safepoint    ] Entering safepoint region: Cleanup
[2019-12-08T11:47:17.860+0000][1][safepoint    ] Leaving safepoint region
[2019-12-08T11:47:17.860+0000][1][safepoint    ] Total time for which application threads were stopped: 0.0000784 seconds, Stopping threads took: 0.0000183 seconds
[2019-12-08T11:47:18.860+0000][1][safepoint    ] Application time: 1.0000777 seconds
[2019-12-08T11:47:18.860+0000][1][safepoint    ] Entering safepoint region: Cleanup
[2019-12-08T11:47:18.860+0000][1][safepoint    ] Leaving safepoint region
[2019-12-08T11:47:18.860+0000][1][safepoint    ] Total time for which application threads were stopped: 0.0000811 seconds, Stopping threads took: 0.0000203 seconds
[2019-12-08T11:47:19.860+0000][1][safepoint    ] Application time: 1.0000771 seconds
[2019-12-08T11:47:19.860+0000][1][safepoint    ] Entering safepoint region: Cleanup
[2019-12-08T11:47:19.860+0000][1][safepoint    ] Leaving safepoint region
[2019-12-08T11:47:19.860+0000][1][safepoint    ] Total time for which application threads were stopped: 0.0000758 seconds, Stopping threads took: 0.0000182 seconds
[2019-12-08T11:47:20.860+0000][1][safepoint    ] Application time: 1.0000786 seconds
[2019-12-08T11:47:20.860+0000][1][safepoint    ] Entering safepoint region: Cleanup
[2019-12-08T11:47:20.860+0000][1][safepoint    ] Leaving safepoint region
[2019-12-08T11:47:20.860+0000][1][safepoint    ] Total time for which application threads were stopped: 0.0000791 seconds, Stopping threads took: 0.0000207 seconds
[2019-12-08T11:47:21.861+0000][1][safepoint    ] Application time: 1.0000829 seconds
[2019-12-08T11:47:21.861+0000][1][safepoint    ] Entering safepoint region: Cleanup
[2019-12-08T11:47:21.861+0000][1][safepoint    ] Leaving safepoint region
[2019-12-08T11:47:21.861+0000][1][safepoint    ] Total time for which application threads were stopped: 0.0001113 seconds, Stopping threads took: 0.0000273 seconds
[2019-12-08T11:47:22.861+0000][1][safepoint    ] Application time: 1.0001015 seconds
[2019-12-08T11:47:22.861+0000][1][safepoint    ] Entering safepoint region: Cleanup
[2019-12-08T11:47:22.861+0000][1][safepoint    ] Leaving safepoint region
[2019-12-08T11:47:22.861+0000][1][safepoint    ] Total time for which application threads were stopped: 0.0000801 seconds, Stopping threads took: 0.0000198 seconds
[2019-12-08T11:47:24.279+0000][1][safepoint    ] Application time: 1.4184725 seconds
[2019-12-08T11:47:24.279+0000][1][safepoint    ] Entering safepoint region: Cleanup
[2019-12-08T11:47:24.280+0000][1][safepoint    ] Leaving safepoint region
[2019-12-08T11:47:24.280+0000][1][safepoint    ] Total time for which application threads were stopped: 0.0000755 seconds, Stopping threads took: 0.0000181 seconds
[2019-12-08T11:47:25.280+0000][1][safepoint    ] Application time: 1.0000754 seconds
[2019-12-08T11:47:25.280+0000][1][safepoint    ] Entering safepoint region: Cleanup
[2019-12-08T11:47:25.280+0000][1][safepoint    ] Leaving safepoint region
[2019-12-08T11:47:25.280+0000][1][safepoint    ] Total time for which application threads were stopped: 0.0000890 seconds, Stopping threads took: 0.0000167 seconds
[2019-12-08T11:47:26.280+0000][1][safepoint    ] Application time: 1.0000777 seconds
[2019-12-08T11:47:26.280+0000][1][safepoint    ] Entering safepoint region: Cleanup
[2019-12-08T11:47:26.280+0000][1][safepoint    ] Leaving safepoint region
[2019-12-08T11:47:26.280+0000][1][safepoint    ] Total time for which application threads were stopped: 0.0000741 seconds, Stopping threads took: 0.0000186 seconds
[2019-12-08T11:47:27.280+0000][1][safepoint    ] Application time: 1.0000774 seconds
[2019-12-08T11:47:27.280+0000][1][safepoint    ] Entering safepoint region: Cleanup
[2019-12-08T11:47:27.280+0000][1][safepoint    ] Leaving safepoint region
[2019-12-08T11:47:27.280+0000][1][safepoint    ] Total time for which application threads were stopped: 0.0000764 seconds, Stopping threads took: 0.0000181 seconds
[2019-12-08T11:47:28.280+0000][1][safepoint    ] Application time: 1.0000768 seconds
[2019-12-08T11:47:28.280+0000][1][safepoint    ] Entering safepoint region: Cleanup
[2019-12-08T11:47:28.280+0000][1][safepoint    ] Leaving safepoint region
[2019-12-08T11:47:28.280+0000][1][safepoint    ] Total time for which application threads were stopped: 0.0000737 seconds, Stopping threads took: 0.0000172 seconds
[2019-12-08T11:47:29.280+0000][1][safepoint    ] Application time: 1.0000792 seconds
[2019-12-08T11:47:29.280+0000][1][safepoint    ] Entering safepoint region: Cleanup
[2019-12-08T11:47:29.280+0000][1][safepoint    ] Leaving safepoint region
[2019-12-08T11:47:29.280+0000][1][safepoint    ] Total time for which application threads were stopped: 0.0000765 seconds, Stopping threads took: 0.0000175 seconds
[2019-12-08T11:47:30.281+0000][1][safepoint    ] Application time: 1.0000791 seconds
[2019-12-08T11:47:30.281+0000][1][safepoint    ] Entering safepoint region: Cleanup
[2019-12-08T11:47:30.281+0000][1][safepoint    ] Leaving safepoint region
[2019-12-08T11:47:30.281+0000][1][safepoint    ] Total time for which application threads were stopped: 0.0000875 seconds, Stopping threads took: 0.0000175 seconds
[2019-12-08T11:47:31.281+0000][1][safepoint    ] Application time: 1.0000981 seconds
[2019-12-08T11:47:31.281+0000][1][safepoint    ] Entering safepoint region: Cleanup
[2019-12-08T11:47:31.281+0000][1][safepoint    ] Leaving safepoint region
[2019-12-08T11:47:31.281+0000][1][safepoint    ] Total time for which application threads were stopped: 0.0000751 seconds, Stopping threads took: 0.0000165 seconds
[2019-12-08T11:47:32.281+0000][1][safepoint    ] Application time: 1.0000860 seconds
[2019-12-08T11:47:32.281+0000][1][safepoint    ] Entering safepoint region: Cleanup
[2019-12-08T11:47:32.281+0000][1][safepoint    ] Leaving safepoint region
[2019-12-08T11:47:32.281+0000][1][safepoint    ] Total time for which application threads were stopped: 0.0000819 seconds, Stopping threads took: 0.0000189 seconds
[2019-12-08T11:47:33.281+0000][1][safepoint    ] Application time: 1.0000789 seconds
[2019-12-08T11:47:33.281+0000][1][safepoint    ] Entering safepoint region: Cleanup
[2019-12-08T11:47:33.281+0000][1][safepoint    ] Leaving safepoint region
[2019-12-08T11:47:33.281+0000][1][safepoint    ] Total time for which application threads were stopped: 0.0000721 seconds, Stopping threads took: 0.0000160 seconds
[2019-12-08T11:47:34.281+0000][1][safepoint    ] Application time: 1.0000788 seconds
[2019-12-08T11:47:34.281+0000][1][safepoint    ] Entering safepoint region: Cleanup
[2019-12-08T11:47:34.281+0000][1][safepoint    ] Leaving safepoint region
[2019-12-08T11:47:34.282+0000][1][safepoint    ] Total time for which application threads were stopped: 0.0000741 seconds, Stopping threads took: 0.0000175 seconds
[2019-12-08T11:47:35.282+0000][1][safepoint    ] Application time: 1.0000781 seconds
[2019-12-08T11:47:35.282+0000][1][safepoint    ] Entering safepoint region: Cleanup
[2019-12-08T11:47:35.282+0000][1][safepoint    ] Leaving safepoint region
[2019-12-08T11:47:35.282+0000][1][safepoint    ] Total time for which application threads were stopped: 0.0000911 seconds, Stopping threads took: 0.0000163 seconds
[2019-12-08T11:47:36.282+0000][1][safepoint    ] Application time: 1.0000896 seconds
[2019-12-08T11:47:36.282+0000][1][safepoint    ] Entering safepoint region: Cleanup
[2019-12-08T11:47:36.282+0000][1][safepoint    ] Leaving safepoint region
[2019-12-08T11:47:36.282+0000][1][safepoint    ] Total time for which application threads were stopped: 0.0000741 seconds, Stopping threads took: 0.0000173 seconds
[2019-12-08T11:47:37.282+0000][1][safepoint    ] Application time: 1.0000894 seconds
[2019-12-08T11:47:37.282+0000][1][safepoint    ] Entering safepoint region: Cleanup
[2019-12-08T11:47:37.282+0000][1][safepoint    ] Leaving safepoint region
[2019-12-08T11:47:37.282+0000][1][safepoint    ] Total time for which application threads were stopped: 0.0000732 seconds, Stopping threads took: 0.0000166 seconds
[2019-12-08T11:47:38.283+0000][1][safepoint    ] Application time: 1.0007990 seconds
[2019-12-08T11:47:38.283+0000][1][safepoint    ] Entering safepoint region: Cleanup
[2019-12-08T11:47:38.283+0000][1][safepoint    ] Leaving safepoint region
[2019-12-08T11:47:38.283+0000][1][safepoint    ] Total time for which application threads were stopped: 0.0000963 seconds, Stopping threads took: 0.0000200 seconds
[2019-12-08T11:47:39.283+0000][1][safepoint    ] Application time: 1.0000811 seconds
[2019-12-08T11:47:39.283+0000][1][safepoint    ] Entering safepoint region: Cleanup
[2019-12-08T11:47:39.283+0000][1][safepoint    ] Leaving safepoint region
[2019-12-08T11:47:39.283+0000][1][safepoint    ] Total time for which application threads were stopped: 0.0000695 seconds, Stopping threads took: 0.0000165 seconds
[2019-12-08T11:47:40.879+0000][1][safepoint    ] Application time: 1.5962174 seconds
[2019-12-08T11:47:40.880+0000][1][safepoint    ] Entering safepoint region: Cleanup
[2019-12-08T11:47:40.880+0000][1][safepoint    ] Leaving safepoint region
[2019-12-08T11:47:40.880+0000][1][safepoint    ] Total time for which application threads were stopped: 0.0000750 seconds, Stopping threads took: 0.0000177 seconds
[2019-12-08T11:47:41.880+0000][1][safepoint    ] Application time: 1.0000820 seconds
[2019-12-08T11:47:41.880+0000][1][safepoint    ] Entering safepoint region: Cleanup
[2019-12-08T11:47:41.880+0000][1][safepoint    ] Leaving safepoint region
[2019-12-08T11:47:41.880+0000][1][safepoint    ] Total time for which application threads were stopped: 0.0000818 seconds, Stopping threads took: 0.0000167 seconds
[2019-12-08T11:47:42.880+0000][1][safepoint    ] Application time: 1.0000868 seconds
[2019-12-08T11:47:42.880+0000][1][safepoint    ] Entering safepoint region: Cleanup
[2019-12-08T11:47:42.880+0000][1][safepoint    ] Leaving safepoint region
[2019-12-08T11:47:42.880+0000][1][safepoint    ] Total time for which application threads were stopped: 0.0000960 seconds, Stopping threads took: 0.0000227 seconds
[2019-12-08T11:47:43.880+0000][1][safepoint    ] Application time: 1.0000802 seconds
[2019-12-08T11:47:43.880+0000][1][safepoint    ] Entering safepoint region: Cleanup
[2019-12-08T11:47:43.880+0000][1][safepoint    ] Leaving safepoint region
[2019-12-08T11:47:43.880+0000][1][safepoint    ] Total time for which application threads were stopped: 0.0000730 seconds, Stopping threads took: 0.0000165 seconds
[2019-12-08T11:47:44.880+0000][1][safepoint    ] Application time: 1.0000954 seconds
[2019-12-08T11:47:44.880+0000][1][safepoint    ] Entering safepoint region: Cleanup
[2019-12-08T11:47:44.880+0000][1][safepoint    ] Leaving safepoint region
[2019-12-08T11:47:44.880+0000][1][safepoint    ] Total time for which application threads were stopped: 0.0000766 seconds, Stopping threads took: 0.0000176 seconds
[2019-12-08T11:47:45.881+0000][1][safepoint    ] Application time: 1.0001487 seconds
[2019-12-08T11:47:45.881+0000][1][safepoint    ] Entering safepoint region: Cleanup
[2019-12-08T11:47:45.881+0000][1][safepoint    ] Leaving safepoint region
[2019-12-08T11:47:45.881+0000][1][safepoint    ] Total time for which application threads were stopped: 0.0001484 seconds, Stopping threads took: 0.0000366 seconds
[2019-12-08T11:47:46.881+0000][1][safepoint    ] Application time: 1.0000845 seconds
[2019-12-08T11:47:46.881+0000][1][safepoint    ] Entering safepoint region: Cleanup
[2019-12-08T11:47:46.881+0000][1][safepoint    ] Leaving safepoint region
[2019-12-08T11:47:46.881+0000][1][safepoint    ] Total time for which application threads were stopped: 0.0001031 seconds, Stopping threads took: 0.0000266 seconds
[2019-12-08T11:47:47.881+0000][1][safepoint    ] Application time: 1.0001199 seconds
[2019-12-08T11:47:47.881+0000][1][safepoint    ] Entering safepoint region: Cleanup
[2019-12-08T11:47:47.881+0000][1][safepoint    ] Leaving safepoint region
[2019-12-08T11:47:47.881+0000][1][safepoint    ] Total time for which application threads were stopped: 0.0001020 seconds, Stopping threads took: 0.0000330 seconds
[2019-12-08T11:47:48.881+0000][1][safepoint    ] Application time: 1.0001462 seconds
[2019-12-08T11:47:48.882+0000][1][safepoint    ] Entering safepoint region: Cleanup
[2019-12-08T11:47:48.882+0000][1][safepoint    ] Leaving safepoint region
[2019-12-08T11:47:48.882+0000][1][safepoint    ] Total time for which application threads were stopped: 0.0001140 seconds, Stopping threads took: 0.0000274 seconds
[2019-12-08T11:47:49.882+0000][1][safepoint    ] Application time: 1.0000786 seconds
[2019-12-08T11:47:49.882+0000][1][safepoint    ] Entering safepoint region: Cleanup
[2019-12-08T11:47:49.882+0000][1][safepoint    ] Leaving safepoint region
[2019-12-08T11:47:49.882+0000][1][safepoint    ] Total time for which application threads were stopped: 0.0001024 seconds, Stopping threads took: 0.0000226 seconds
[2019-12-08T11:47:50.882+0000][1][safepoint    ] Application time: 1.0001002 seconds
[2019-12-08T11:47:50.882+0000][1][safepoint    ] Entering safepoint region: Cleanup
[2019-12-08T11:47:50.882+0000][1][safepoint    ] Leaving safepoint region
[2019-12-08T11:47:50.882+0000][1][safepoint    ] Total time for which application threads were stopped: 0.0000808 seconds, Stopping threads took: 0.0000199 seconds
[2019-12-08T11:47:51.882+0000][1][safepoint    ] Application time: 1.0000776 seconds
[2019-12-08T11:47:51.882+0000][1][safepoint    ] Entering safepoint region: Cleanup
[2019-12-08T11:47:51.882+0000][1][safepoint    ] Leaving safepoint region
[2019-12-08T11:47:51.882+0000][1][safepoint    ] Total time for which application threads were stopped: 0.0000806 seconds, Stopping threads took: 0.0000208 seconds
[2019-12-08T11:47:52.882+0000][1][safepoint    ] Application time: 1.0000777 seconds
[2019-12-08T11:47:52.882+0000][1][safepoint    ] Entering safepoint region: Cleanup
[2019-12-08T11:47:52.883+0000][1][safepoint    ] Leaving safepoint region
[2019-12-08T11:47:52.883+0000][1][safepoint    ] Total time for which application threads were stopped: 0.0000793 seconds, Stopping threads took: 0.0000193 seconds
[2019-12-08T11:47:53.883+0000][1][safepoint    ] Application time: 1.0000744 seconds
[2019-12-08T11:47:53.883+0000][1][safepoint    ] Entering safepoint region: Cleanup
[2019-12-08T11:47:53.883+0000][1][safepoint    ] Leaving safepoint region
[2019-12-08T11:47:53.883+0000][1][safepoint    ] Total time for which application threads were stopped: 0.0000947 seconds, Stopping threads took: 0.0000213 seconds
[2019-12-08T11:47:54.883+0000][1][safepoint    ] Application time: 1.0000765 seconds
[2019-12-08T11:47:54.883+0000][1][safepoint    ] Entering safepoint region: Cleanup
[2019-12-08T11:47:54.883+0000][1][safepoint    ] Leaving safepoint region
[2019-12-08T11:47:54.883+0000][1][safepoint    ] Total time for which application threads were stopped: 0.0000911 seconds, Stopping threads took: 0.0000198 seconds
[2019-12-08T11:47:55.883+0000][1][safepoint    ] Application time: 1.0000775 seconds
[2019-12-08T11:47:55.883+0000][1][safepoint    ] Entering safepoint region: Cleanup
[2019-12-08T11:47:55.883+0000][1][safepoint    ] Leaving safepoint region
[2019-12-08T11:47:55.883+0000][1][safepoint    ] Total time for which application threads were stopped: 0.0000930 seconds, Stopping threads took: 0.0000288 seconds
[2019-12-08T11:47:56.883+0000][1][safepoint    ] Application time: 1.0000790 seconds
[2019-12-08T11:47:56.883+0000][1][safepoint    ] Entering safepoint region: Cleanup
[2019-12-08T11:47:56.883+0000][1][safepoint    ] Leaving safepoint region
[2019-12-08T11:47:56.883+0000][1][safepoint    ] Total time for which application threads were stopped: 0.0000789 seconds, Stopping threads took: 0.0000191 seconds
[2019-12-08T11:47:57.883+0000][1][safepoint    ] Application time: 1.0000832 seconds
[2019-12-08T11:47:57.883+0000][1][safepoint    ] Entering safepoint region: Cleanup
[2019-12-08T11:47:57.884+0000][1][safepoint    ] Leaving safepoint region
[2019-12-08T11:47:57.884+0000][1][safepoint    ] Total time for which application threads were stopped: 0.0000809 seconds, Stopping threads took: 0.0000199 seconds
[2019-12-08T11:47:58.884+0000][1][safepoint    ] Application time: 1.0000821 seconds
[2019-12-08T11:47:58.884+0000][1][safepoint    ] Entering safepoint region: Cleanup
[2019-12-08T11:47:58.884+0000][1][safepoint    ] Leaving safepoint region
[2019-12-08T11:47:58.884+0000][1][safepoint    ] Total time for which application threads were stopped: 0.0000943 seconds, Stopping threads took: 0.0000349 seconds
[2019-12-08T11:47:59.884+0000][1][safepoint    ] Application time: 1.0000777 seconds
[2019-12-08T11:47:59.884+0000][1][safepoint    ] Entering safepoint region: Cleanup
[2019-12-08T11:47:59.884+0000][1][safepoint    ] Leaving safepoint region
[2019-12-08T11:47:59.884+0000][1][safepoint    ] Total time for which application threads were stopped: 0.0000925 seconds, Stopping threads took: 0.0000266 seconds
[2019-12-08T11:48:00.884+0000][1][safepoint    ] Application time: 1.0000771 seconds
[2019-12-08T11:48:00.884+0000][1][safepoint    ] Entering safepoint region: Cleanup
[2019-12-08T11:48:00.884+0000][1][safepoint    ] Leaving safepoint region
[2019-12-08T11:48:00.884+0000][1][safepoint    ] Total time for which application threads were stopped: 0.0000812 seconds, Stopping threads took: 0.0000197 seconds
[2019-12-08T11:48:01.884+0000][1][safepoint    ] Application time: 1.0000783 seconds
[2019-12-08T11:48:01.884+0000][1][safepoint    ] Entering safepoint region: Cleanup
[2019-12-08T11:48:01.884+0000][1][safepoint    ] Leaving safepoint region
[2019-12-08T11:48:01.884+0000][1][safepoint    ] Total time for which application threads were stopped: 0.0000866 seconds, Stopping threads took: 0.0000201 seconds
[2019-12-08T11:48:02.884+0000][1][safepoint    ] Application time: 1.0000796 seconds
[2019-12-08T11:48:02.885+0000][1][safepoint    ] Entering safepoint region: Cleanup
[2019-12-08T11:48:02.885+0000][1][safepoint    ] Leaving safepoint region
[2019-12-08T11:48:02.885+0000][1][safepoint    ] Total time for which application threads were stopped: 0.0000806 seconds, Stopping threads took: 0.0000200 seconds
[2019-12-08T11:48:03.885+0000][1][safepoint    ] Application time: 1.0000904 seconds
[2019-12-08T11:48:03.885+0000][1][safepoint    ] Entering safepoint region: Cleanup
[2019-12-08T11:48:03.885+0000][1][safepoint    ] Leaving safepoint region
[2019-12-08T11:48:03.885+0000][1][safepoint    ] Total time for which application threads were stopped: 0.0000795 seconds, Stopping threads took: 0.0000197 seconds
[2019-12-08T11:48:04.885+0000][1][safepoint    ] Application time: 1.0000807 seconds
[2019-12-08T11:48:04.885+0000][1][safepoint    ] Entering safepoint region: Cleanup
[2019-12-08T11:48:04.885+0000][1][safepoint    ] Leaving safepoint region
[2019-12-08T11:48:04.885+0000][1][safepoint    ] Total time for which application threads were stopped: 0.0000916 seconds, Stopping threads took: 0.0000205 seconds
[2019-12-08T11:48:05.885+0000][1][safepoint    ] Application time: 1.0000810 seconds
[2019-12-08T11:48:05.885+0000][1][safepoint    ] Entering safepoint region: Cleanup
[2019-12-08T11:48:05.885+0000][1][safepoint    ] Leaving safepoint region
[2019-12-08T11:48:05.885+0000][1][safepoint    ] Total time for which application threads were stopped: 0.0000894 seconds, Stopping threads took: 0.0000198 seconds
[2019-12-08T11:48:06.885+0000][1][safepoint    ] Application time: 1.0000793 seconds
[2019-12-08T11:48:06.885+0000][1][safepoint    ] Entering safepoint region: Cleanup
[2019-12-08T11:48:06.885+0000][1][safepoint    ] Leaving safepoint region
[2019-12-08T11:48:06.885+0000][1][safepoint    ] Total time for which application threads were stopped: 0.0000795 seconds, Stopping threads took: 0.0000209 seconds
[2019-12-08T11:48:07.886+0000][1][safepoint    ] Application time: 1.0000892 seconds
[2019-12-08T11:48:07.886+0000][1][safepoint    ] Entering safepoint region: Cleanup
[2019-12-08T11:48:07.886+0000][1][safepoint    ] Leaving safepoint region
[2019-12-08T11:48:07.886+0000][1][safepoint    ] Total time for which application threads were stopped: 0.0000847 seconds, Stopping threads took: 0.0000206 seconds
[2019-12-08T11:48:08.886+0000][1][safepoint    ] Application time: 1.0000915 seconds
[2019-12-08T11:48:08.886+0000][1][safepoint    ] Entering safepoint region: Cleanup
[2019-12-08T11:48:08.886+0000][1][safepoint    ] Leaving safepoint region
[2019-12-08T11:48:08.886+0000][1][safepoint    ] Total time for which application threads were stopped: 0.0000796 seconds, Stopping threads took: 0.0000200 seconds
[2019-12-08T11:48:09.886+0000][1][safepoint    ] Application time: 1.0000869 seconds
[2019-12-08T11:48:09.886+0000][1][safepoint    ] Entering safepoint region: Cleanup
[2019-12-08T11:48:09.886+0000][1][safepoint    ] Leaving safepoint region
[2019-12-08T11:48:09.886+0000][1][safepoint    ] Total time for which application threads were stopped: 0.0000810 seconds, Stopping threads took: 0.0000211 seconds
[2019-12-08T11:48:10.886+0000][1][safepoint    ] Application time: 1.0000851 seconds
[2019-12-08T11:48:10.886+0000][1][safepoint    ] Entering safepoint region: Cleanup
[2019-12-08T11:48:10.886+0000][1][safepoint    ] Leaving safepoint region
[2019-12-08T11:48:10.886+0000][1][safepoint    ] Total time for which application threads were stopped: 0.0000869 seconds, Stopping threads took: 0.0000264 seconds
[2019-12-08T11:48:11.886+0000][1][safepoint    ] Application time: 1.0000828 seconds
[2019-12-08T11:48:11.886+0000][1][safepoint    ] Entering safepoint region: Cleanup
[2019-12-08T11:48:11.887+0000][1][safepoint    ] Leaving safepoint region
[2019-12-08T11:48:11.887+0000][1][safepoint    ] Total time for which application threads were stopped: 0.0000793 seconds, Stopping threads took: 0.0000193 seconds
[2019-12-08T11:48:12.887+0000][1][safepoint    ] Application time: 1.0000782 seconds
[2019-12-08T11:48:12.887+0000][1][safepoint    ] Entering safepoint region: Cleanup
[2019-12-08T11:48:12.887+0000][1][safepoint    ] Leaving safepoint region
[2019-12-08T11:48:12.887+0000][1][safepoint    ] Total time for which application threads were stopped: 0.0000893 seconds, Stopping threads took: 0.0000180 seconds
[2019-12-08T11:48:13.887+0000][1][safepoint    ] Application time: 1.0000808 seconds
[2019-12-08T11:48:13.887+0000][1][safepoint    ] Entering safepoint region: Cleanup
[2019-12-08T11:48:13.887+0000][1][safepoint    ] Leaving safepoint region
[2019-12-08T11:48:13.887+0000][1][safepoint    ] Total time for which application threads were stopped: 0.0000795 seconds, Stopping threads took: 0.0000205 seconds
[2019-12-08T11:48:14.887+0000][1][safepoint    ] Application time: 1.0000812 seconds
[2019-12-08T11:48:14.887+0000][1][safepoint    ] Entering safepoint region: Cleanup
[2019-12-08T11:48:14.887+0000][1][safepoint    ] Leaving safepoint region
[2019-12-08T11:48:14.887+0000][1][safepoint    ] Total time for which application threads were stopped: 0.0000779 seconds, Stopping threads took: 0.0000194 seconds
[2019-12-08T11:48:15.887+0000][1][safepoint    ] Application time: 1.0000797 seconds
[2019-12-08T11:48:15.887+0000][1][safepoint    ] Entering safepoint region: Cleanup
[2019-12-08T11:48:15.887+0000][1][safepoint    ] Leaving safepoint region
[2019-12-08T11:48:15.887+0000][1][safepoint    ] Total time for which application threads were stopped: 0.0000837 seconds, Stopping threads took: 0.0000186 seconds
[2019-12-08T11:48:16.887+0000][1][safepoint    ] Application time: 1.0000787 seconds
[2019-12-08T11:48:16.887+0000][1][safepoint    ] Entering safepoint region: Cleanup
[2019-12-08T11:48:16.888+0000][1][safepoint    ] Leaving safepoint region
[2019-12-08T11:48:16.888+0000][1][safepoint    ] Total time for which application threads were stopped: 0.0000796 seconds, Stopping threads took: 0.0000192 seconds
[2019-12-08T11:48:17.888+0000][1][safepoint    ] Application time: 1.0000792 seconds
[2019-12-08T11:48:17.888+0000][1][safepoint    ] Entering safepoint region: Cleanup
[2019-12-08T11:48:17.888+0000][1][safepoint    ] Leaving safepoint region
[2019-12-08T11:48:17.888+0000][1][safepoint    ] Total time for which application threads were stopped: 0.0000857 seconds, Stopping threads took: 0.0000188 seconds
[2019-12-08T11:48:18.888+0000][1][safepoint    ] Application time: 1.0000777 seconds
[2019-12-08T11:48:18.888+0000][1][safepoint    ] Entering safepoint region: Cleanup
[2019-12-08T11:48:18.888+0000][1][safepoint    ] Leaving safepoint region
[2019-12-08T11:48:18.888+0000][1][safepoint    ] Total time for which application threads were stopped: 0.0000790 seconds, Stopping threads took: 0.0000201 seconds
[2019-12-08T11:48:19.888+0000][1][safepoint    ] Application time: 1.0000795 seconds
[2019-12-08T11:48:19.888+0000][1][safepoint    ] Entering safepoint region: Cleanup
[2019-12-08T11:48:19.888+0000][1][safepoint    ] Leaving safepoint region
[2019-12-08T11:48:19.888+0000][1][safepoint    ] Total time for which application threads were stopped: 0.0000797 seconds, Stopping threads took: 0.0000198 seconds
[2019-12-08T11:48:20.888+0000][1][safepoint    ] Application time: 1.0000792 seconds
[2019-12-08T11:48:20.888+0000][1][safepoint    ] Entering safepoint region: Cleanup
[2019-12-08T11:48:20.888+0000][1][safepoint    ] Leaving safepoint region
[2019-12-08T11:48:20.888+0000][1][safepoint    ] Total time for which application threads were stopped: 0.0000830 seconds, Stopping threads took: 0.0000256 seconds
[2019-12-08T11:48:21.888+0000][1][safepoint    ] Application time: 1.0000780 seconds
[2019-12-08T11:48:21.888+0000][1][safepoint    ] Entering safepoint region: Cleanup
[2019-12-08T11:48:21.889+0000][1][safepoint    ] Leaving safepoint region
[2019-12-08T11:48:21.889+0000][1][safepoint    ] Total time for which application threads were stopped: 0.0000781 seconds, Stopping threads took: 0.0000196 seconds
[2019-12-08T11:48:22.889+0000][1][safepoint    ] Application time: 1.0000804 seconds
[2019-12-08T11:48:22.889+0000][1][safepoint    ] Entering safepoint region: Cleanup
[2019-12-08T11:48:22.889+0000][1][safepoint    ] Leaving safepoint region
[2019-12-08T11:48:22.889+0000][1][safepoint    ] Total time for which application threads were stopped: 0.0000924 seconds, Stopping threads took: 0.0000202 seconds
[2019-12-08T11:48:23.889+0000][1][safepoint    ] Application time: 1.0000794 seconds
[2019-12-08T11:48:23.889+0000][1][safepoint    ] Entering safepoint region: Cleanup
[2019-12-08T11:48:23.889+0000][1][safepoint    ] Leaving safepoint region
[2019-12-08T11:48:23.889+0000][1][safepoint    ] Total time for which application threads were stopped: 0.0000812 seconds, Stopping threads took: 0.0000198 seconds
[2019-12-08T11:48:24.889+0000][1][safepoint    ] Application time: 1.0000758 seconds
[2019-12-08T11:48:24.889+0000][1][safepoint    ] Entering safepoint region: Cleanup
[2019-12-08T11:48:24.889+0000][1][safepoint    ] Leaving safepoint region
[2019-12-08T11:48:24.889+0000][1][safepoint    ] Total time for which application threads were stopped: 0.0000799 seconds, Stopping threads took: 0.0000191 seconds
[2019-12-08T11:48:25.889+0000][1][safepoint    ] Application time: 1.0000796 seconds
[2019-12-08T11:48:25.889+0000][1][safepoint    ] Entering safepoint region: Cleanup
[2019-12-08T11:48:25.889+0000][1][safepoint    ] Leaving safepoint region
[2019-12-08T11:48:25.889+0000][1][safepoint    ] Total time for which application threads were stopped: 0.0000811 seconds, Stopping threads took: 0.0000193 seconds
[2019-12-08T11:48:26.889+0000][1][safepoint    ] Application time: 1.0000795 seconds
[2019-12-08T11:48:26.889+0000][1][safepoint    ] Entering safepoint region: Cleanup
[2019-12-08T11:48:26.890+0000][1][safepoint    ] Leaving safepoint region
[2019-12-08T11:48:26.890+0000][1][safepoint    ] Total time for which application threads were stopped: 0.0000787 seconds, Stopping threads took: 0.0000197 seconds
[2019-12-08T11:48:27.890+0000][1][safepoint    ] Application time: 1.0000770 seconds
[2019-12-08T11:48:27.890+0000][1][safepoint    ] Entering safepoint region: Cleanup
[2019-12-08T11:48:27.890+0000][1][safepoint    ] Leaving safepoint region
[2019-12-08T11:48:27.890+0000][1][safepoint    ] Total time for which application threads were stopped: 0.0000919 seconds, Stopping threads took: 0.0000190 seconds
[2019-12-08T11:48:29.300+0000][1][safepoint    ] Application time: 1.4102146 seconds
[2019-12-08T11:48:29.300+0000][1][safepoint    ] Entering safepoint region: Cleanup
[2019-12-08T11:48:29.300+0000][1][safepoint    ] Leaving safepoint region
[2019-12-08T11:48:29.300+0000][1][safepoint    ] Total time for which application threads were stopped: 0.0000733 seconds, Stopping threads took: 0.0000147 seconds
[2019-12-08T11:48:30.300+0000][1][safepoint    ] Application time: 1.0000731 seconds
[2019-12-08T11:48:30.300+0000][1][safepoint    ] Entering safepoint region: Cleanup
[2019-12-08T11:48:30.300+0000][1][safepoint    ] Leaving safepoint region
[2019-12-08T11:48:30.300+0000][1][safepoint    ] Total time for which application threads were stopped: 0.0000681 seconds, Stopping threads took: 0.0000154 seconds
[2019-12-08T11:48:31.300+0000][1][safepoint    ] Application time: 1.0000738 seconds
[2019-12-08T11:48:31.300+0000][1][safepoint    ] Entering safepoint region: Cleanup
[2019-12-08T11:48:31.300+0000][1][safepoint    ] Leaving safepoint region
[2019-12-08T11:48:31.300+0000][1][safepoint    ] Total time for which application threads were stopped: 0.0000815 seconds, Stopping threads took: 0.0000222 seconds
[2019-12-08T11:48:32.301+0000][1][safepoint    ] Application time: 1.0000751 seconds
[2019-12-08T11:48:32.301+0000][1][safepoint    ] Entering safepoint region: Cleanup
[2019-12-08T11:48:32.301+0000][1][safepoint    ] Leaving safepoint region
[2019-12-08T11:48:32.301+0000][1][safepoint    ] Total time for which application threads were stopped: 0.0000743 seconds, Stopping threads took: 0.0000159 seconds
[2019-12-08T11:48:33.301+0000][1][safepoint    ] Application time: 1.0000722 seconds
[2019-12-08T11:48:33.301+0000][1][safepoint    ] Entering safepoint region: Cleanup
[2019-12-08T11:48:33.301+0000][1][safepoint    ] Leaving safepoint region
[2019-12-08T11:48:33.301+0000][1][safepoint    ] Total time for which application threads were stopped: 0.0000996 seconds, Stopping threads took: 0.0000274 seconds
[2019-12-08T11:48:34.301+0000][1][safepoint    ] Application time: 1.0000807 seconds
[2019-12-08T11:48:34.301+0000][1][safepoint    ] Entering safepoint region: Cleanup
[2019-12-08T11:48:34.301+0000][1][safepoint    ] Leaving safepoint region
[2019-12-08T11:48:34.301+0000][1][safepoint    ] Total time for which application threads were stopped: 0.0000711 seconds, Stopping threads took: 0.0000158 seconds
[2019-12-08T11:48:35.301+0000][1][safepoint    ] Application time: 1.0000770 seconds
[2019-12-08T11:48:35.301+0000][1][safepoint    ] Entering safepoint region: Cleanup
[2019-12-08T11:48:35.301+0000][1][safepoint    ] Leaving safepoint region
[2019-12-08T11:48:35.301+0000][1][safepoint    ] Total time for which application threads were stopped: 0.0000748 seconds, Stopping threads took: 0.0000173 seconds
[2019-12-08T11:48:36.301+0000][1][safepoint    ] Application time: 1.0000651 seconds
[2019-12-08T11:48:36.301+0000][1][safepoint    ] Entering safepoint region: Cleanup
[2019-12-08T11:48:36.301+0000][1][safepoint    ] Leaving safepoint region
[2019-12-08T11:48:36.301+0000][1][safepoint    ] Total time for which application threads were stopped: 0.0000896 seconds, Stopping threads took: 0.0000177 seconds
[2019-12-08T11:48:37.302+0000][1][safepoint    ] Application time: 1.0000773 seconds
[2019-12-08T11:48:37.302+0000][1][safepoint    ] Entering safepoint region: Cleanup
[2019-12-08T11:48:37.302+0000][1][safepoint    ] Leaving safepoint region
[2019-12-08T11:48:37.302+0000][1][safepoint    ] Total time for which application threads were stopped: 0.0000826 seconds, Stopping threads took: 0.0000231 seconds
[2019-12-08T11:48:38.302+0000][1][safepoint    ] Application time: 1.0000777 seconds
[2019-12-08T11:48:38.302+0000][1][safepoint    ] Entering safepoint region: Cleanup
[2019-12-08T11:48:38.302+0000][1][safepoint    ] Leaving safepoint region
[2019-12-08T11:48:38.302+0000][1][safepoint    ] Total time for which application threads were stopped: 0.0001028 seconds, Stopping threads took: 0.0000244 seconds
[2019-12-08T11:48:39.302+0000][1][safepoint    ] Application time: 1.0000739 seconds
[2019-12-08T11:48:39.302+0000][1][safepoint    ] Entering safepoint region: Cleanup
[2019-12-08T11:48:39.302+0000][1][safepoint    ] Leaving safepoint region
[2019-12-08T11:48:39.302+0000][1][safepoint    ] Total time for which application threads were stopped: 0.0000812 seconds, Stopping threads took: 0.0000189 seconds
[2019-12-08T11:48:40.302+0000][1][safepoint    ] Application time: 1.0000761 seconds
[2019-12-08T11:48:40.302+0000][1][safepoint    ] Entering safepoint region: Cleanup
[2019-12-08T11:48:40.302+0000][1][safepoint    ] Leaving safepoint region
[2019-12-08T11:48:40.302+0000][1][safepoint    ] Total time for which application threads were stopped: 0.0000768 seconds, Stopping threads took: 0.0000177 seconds
[2019-12-08T11:48:41.302+0000][1][safepoint    ] Application time: 1.0000772 seconds
[2019-12-08T11:48:41.302+0000][1][safepoint    ] Entering safepoint region: Cleanup
[2019-12-08T11:48:41.302+0000][1][safepoint    ] Leaving safepoint region
[2019-12-08T11:48:41.302+0000][1][safepoint    ] Total time for which application threads were stopped: 0.0000870 seconds, Stopping threads took: 0.0000185 seconds
[2019-12-08T11:48:42.303+0000][1][safepoint    ] Application time: 1.0000773 seconds
[2019-12-08T11:48:42.303+0000][1][safepoint    ] Entering safepoint region: Cleanup
[2019-12-08T11:48:42.303+0000][1][safepoint    ] Leaving safepoint region
[2019-12-08T11:48:42.303+0000][1][safepoint    ] Total time for which application threads were stopped: 0.0000748 seconds, Stopping threads took: 0.0000192 seconds
[2019-12-08T11:48:43.303+0000][1][safepoint    ] Application time: 1.0000933 seconds
[2019-12-08T11:48:43.303+0000][1][safepoint    ] Entering safepoint region: Cleanup
[2019-12-08T11:48:43.303+0000][1][safepoint    ] Leaving safepoint region
[2019-12-08T11:48:43.303+0000][1][safepoint    ] Total time for which application threads were stopped: 0.0000752 seconds, Stopping threads took: 0.0000191 seconds
[2019-12-08T11:48:43.307+0000][1][safepoint    ] Application time: 0.0036920 seconds
[2019-12-08T11:48:43.307+0000][1][safepoint    ] Entering safepoint region: GenCollectForAllocation
[2019-12-08T11:48:43.307+0000][1][gc,start     ] GC(30) Pause Young (Allocation Failure)
[2019-12-08T11:48:43.307+0000][1][gc,task      ] GC(30) Using 4 workers of 4 for evacuation
[2019-12-08T11:48:43.308+0000][1][gc,age       ] GC(30) Desired survivor size 4456448 bytes, new threshold 6 (max threshold 6)
[2019-12-08T11:48:43.308+0000][1][gc,age       ] GC(30) Age table with threshold 6 (max threshold 6)
[2019-12-08T11:48:43.308+0000][1][gc,age       ] GC(30) - age   1:       8400 bytes,       8400 total
[2019-12-08T11:48:43.308+0000][1][gc,age       ] GC(30) - age   2:       1664 bytes,      10064 total
[2019-12-08T11:48:43.308+0000][1][gc,age       ] GC(30) - age   3:       2944 bytes,      13008 total
[2019-12-08T11:48:43.308+0000][1][gc,age       ] GC(30) - age   4:       1592 bytes,      14600 total
[2019-12-08T11:48:43.308+0000][1][gc,age       ] GC(30) - age   5:       5592 bytes,      20192 total
[2019-12-08T11:48:43.308+0000][1][gc,age       ] GC(30) - age   6:      10048 bytes,      30240 total
[2019-12-08T11:48:43.308+0000][1][gc,heap      ] GC(30) ParNew: 71093K->295K(78656K)
[2019-12-08T11:48:43.308+0000][1][gc,heap      ] GC(30) CMS: 70099K->70125K(174784K)
[2019-12-08T11:48:43.308+0000][1][gc,metaspace ] GC(30) Metaspace: 68993K->68993K(1112064K)
[2019-12-08T11:48:43.308+0000][1][gc           ] GC(30) Pause Young (Allocation Failure) 137M->68M(247M) 1.239ms
[2019-12-08T11:48:43.308+0000][1][gc,cpu       ] GC(30) User=0.00s Sys=0.00s Real=0.00s
[2019-12-08T11:48:43.308+0000][1][safepoint    ] Leaving safepoint region
[2019-12-08T11:48:43.308+0000][1][safepoint    ] Total time for which application threads were stopped: 0.0013953 seconds, Stopping threads took: 0.0000159 seconds
[2019-12-08T11:48:44.308+0000][1][safepoint    ] Application time: 1.0000929 seconds
[2019-12-08T11:48:44.308+0000][1][safepoint    ] Entering safepoint region: Cleanup
[2019-12-08T11:48:44.308+0000][1][safepoint    ] Leaving safepoint region
[2019-12-08T11:48:44.308+0000][1][safepoint    ] Total time for which application threads were stopped: 0.0000763 seconds, Stopping threads took: 0.0000201 seconds
[2019-12-08T11:48:45.308+0000][1][safepoint    ] Application time: 1.0000772 seconds
[2019-12-08T11:48:45.308+0000][1][safepoint    ] Entering safepoint region: Cleanup
[2019-12-08T11:48:45.308+0000][1][safepoint    ] Leaving safepoint region
[2019-12-08T11:48:45.308+0000][1][safepoint    ] Total time for which application threads were stopped: 0.0000727 seconds, Stopping threads took: 0.0000178 seconds
[2019-12-08T11:48:46.308+0000][1][safepoint    ] Application time: 1.0000768 seconds
[2019-12-08T11:48:46.309+0000][1][safepoint    ] Entering safepoint region: Cleanup
[2019-12-08T11:48:46.309+0000][1][safepoint    ] Leaving safepoint region
[2019-12-08T11:48:46.309+0000][1][safepoint    ] Total time for which application threads were stopped: 0.0000735 seconds, Stopping threads took: 0.0000184 seconds
[2019-12-08T11:48:47.309+0000][1][safepoint    ] Application time: 1.0000753 seconds
[2019-12-08T11:48:47.309+0000][1][safepoint    ] Entering safepoint region: Cleanup
[2019-12-08T11:48:47.309+0000][1][safepoint    ] Leaving safepoint region
[2019-12-08T11:48:47.309+0000][1][safepoint    ] Total time for which application threads were stopped: 0.0000756 seconds, Stopping threads took: 0.0000197 seconds
[2019-12-08T11:48:48.309+0000][1][safepoint    ] Application time: 1.0000774 seconds
[2019-12-08T11:48:48.309+0000][1][safepoint    ] Entering safepoint region: Cleanup
[2019-12-08T11:48:48.309+0000][1][safepoint    ] Leaving safepoint region
[2019-12-08T11:48:48.309+0000][1][safepoint    ] Total time for which application threads were stopped: 0.0001218 seconds, Stopping threads took: 0.0000525 seconds
[2019-12-08T11:48:49.309+0000][1][safepoint    ] Application time: 1.0000794 seconds
[2019-12-08T11:48:49.309+0000][1][safepoint    ] Entering safepoint region: Cleanup
[2019-12-08T11:48:49.309+0000][1][safepoint    ] Leaving safepoint region
[2019-12-08T11:48:49.309+0000][1][safepoint    ] Total time for which application threads were stopped: 0.0000675 seconds, Stopping threads took: 0.0000161 seconds
[2019-12-08T11:48:50.309+0000][1][safepoint    ] Application time: 1.0000751 seconds
[2019-12-08T11:48:50.309+0000][1][safepoint    ] Entering safepoint region: Cleanup
[2019-12-08T11:48:50.309+0000][1][safepoint    ] Leaving safepoint region
[2019-12-08T11:48:50.309+0000][1][safepoint    ] Total time for which application threads were stopped: 0.0000722 seconds, Stopping threads took: 0.0000175 seconds
[2019-12-08T11:48:51.309+0000][1][safepoint    ] Application time: 1.0000766 seconds
[2019-12-08T11:48:51.310+0000][1][safepoint    ] Entering safepoint region: Cleanup
[2019-12-08T11:48:51.310+0000][1][safepoint    ] Leaving safepoint region
[2019-12-08T11:48:51.310+0000][1][safepoint    ] Total time for which application threads were stopped: 0.0000734 seconds, Stopping threads took: 0.0000189 seconds
[2019-12-08T11:48:52.310+0000][1][safepoint    ] Application time: 1.0000797 seconds
[2019-12-08T11:48:52.310+0000][1][safepoint    ] Entering safepoint region: Cleanup
[2019-12-08T11:48:52.310+0000][1][safepoint    ] Leaving safepoint region
[2019-12-08T11:48:52.310+0000][1][safepoint    ] Total time for which application threads were stopped: 0.0000761 seconds, Stopping threads took: 0.0000192 seconds
[2019-12-08T11:48:53.310+0000][1][safepoint    ] Application time: 1.0000762 seconds
[2019-12-08T11:48:53.310+0000][1][safepoint    ] Entering safepoint region: Cleanup
[2019-12-08T11:48:53.310+0000][1][safepoint    ] Leaving safepoint region
[2019-12-08T11:48:53.310+0000][1][safepoint    ] Total time for which application threads were stopped: 0.0000754 seconds, Stopping threads took: 0.0000185 seconds
[2019-12-08T11:48:54.310+0000][1][safepoint    ] Application time: 1.0000816 seconds
[2019-12-08T11:48:54.310+0000][1][safepoint    ] Entering safepoint region: Cleanup
[2019-12-08T11:48:54.310+0000][1][safepoint    ] Leaving safepoint region
[2019-12-08T11:48:54.310+0000][1][safepoint    ] Total time for which application threads were stopped: 0.0000767 seconds, Stopping threads took: 0.0000194 seconds
[2019-12-08T11:48:55.310+0000][1][safepoint    ] Application time: 1.0000744 seconds
[2019-12-08T11:48:55.310+0000][1][safepoint    ] Entering safepoint region: Cleanup
[2019-12-08T11:48:55.310+0000][1][safepoint    ] Leaving safepoint region
[2019-12-08T11:48:55.310+0000][1][safepoint    ] Total time for which application threads were stopped: 0.0000790 seconds, Stopping threads took: 0.0000236 seconds
[2019-12-08T11:48:56.310+0000][1][safepoint    ] Application time: 1.0000751 seconds
[2019-12-08T11:48:56.310+0000][1][safepoint    ] Entering safepoint region: Cleanup
[2019-12-08T11:48:56.311+0000][1][safepoint    ] Leaving safepoint region
[2019-12-08T11:48:56.311+0000][1][safepoint    ] Total time for which application threads were stopped: 0.0000718 seconds, Stopping threads took: 0.0000182 seconds
[2019-12-08T11:48:57.311+0000][1][safepoint    ] Application time: 1.0000770 seconds
[2019-12-08T11:48:57.311+0000][1][safepoint    ] Entering safepoint region: Cleanup
[2019-12-08T11:48:57.311+0000][1][safepoint    ] Leaving safepoint region
[2019-12-08T11:48:57.311+0000][1][safepoint    ] Total time for which application threads were stopped: 0.0000918 seconds, Stopping threads took: 0.0000184 seconds
[2019-12-08T11:48:58.311+0000][1][safepoint    ] Application time: 1.0000760 seconds
[2019-12-08T11:48:58.311+0000][1][safepoint    ] Entering safepoint region: Cleanup
[2019-12-08T11:48:58.311+0000][1][safepoint    ] Leaving safepoint region
[2019-12-08T11:48:58.311+0000][1][safepoint    ] Total time for which application threads were stopped: 0.0000741 seconds, Stopping threads took: 0.0000192 seconds
[2019-12-08T11:48:59.311+0000][1][safepoint    ] Application time: 1.0000756 seconds
[2019-12-08T11:48:59.311+0000][1][safepoint    ] Entering safepoint region: Cleanup
[2019-12-08T11:48:59.311+0000][1][safepoint    ] Leaving safepoint region
[2019-12-08T11:48:59.311+0000][1][safepoint    ] Total time for which application threads were stopped: 0.0000745 seconds, Stopping threads took: 0.0000196 seconds
[2019-12-08T11:49:00.311+0000][1][safepoint    ] Application time: 1.0000776 seconds
[2019-12-08T11:49:00.311+0000][1][safepoint    ] Entering safepoint region: Cleanup
[2019-12-08T11:49:00.311+0000][1][safepoint    ] Leaving safepoint region
[2019-12-08T11:49:00.311+0000][1][safepoint    ] Total time for which application threads were stopped: 0.0000808 seconds, Stopping threads took: 0.0000255 seconds
[2019-12-08T11:49:01.311+0000][1][safepoint    ] Application time: 1.0000776 seconds
[2019-12-08T11:49:01.311+0000][1][safepoint    ] Entering safepoint region: Cleanup
[2019-12-08T11:49:01.312+0000][1][safepoint    ] Leaving safepoint region
[2019-12-08T11:49:01.312+0000][1][safepoint    ] Total time for which application threads were stopped: 0.0000782 seconds, Stopping threads took: 0.0000194 seconds
[2019-12-08T11:49:02.312+0000][1][safepoint    ] Application time: 1.0000733 seconds
[2019-12-08T11:49:02.312+0000][1][safepoint    ] Entering safepoint region: Cleanup
[2019-12-08T11:49:02.312+0000][1][safepoint    ] Leaving safepoint region
[2019-12-08T11:49:02.312+0000][1][safepoint    ] Total time for which application threads were stopped: 0.0000947 seconds, Stopping threads took: 0.0000195 seconds
[2019-12-08T11:49:03.312+0000][1][safepoint    ] Application time: 1.0000776 seconds
[2019-12-08T11:49:03.312+0000][1][safepoint    ] Entering safepoint region: Cleanup
[2019-12-08T11:49:03.312+0000][1][safepoint    ] Leaving safepoint region
[2019-12-08T11:49:03.312+0000][1][safepoint    ] Total time for which application threads were stopped: 0.0000769 seconds, Stopping threads took: 0.0000200 seconds
[2019-12-08T11:49:04.312+0000][1][safepoint    ] Application time: 1.0000753 seconds
[2019-12-08T11:49:04.312+0000][1][safepoint    ] Entering safepoint region: Cleanup
[2019-12-08T11:49:04.312+0000][1][safepoint    ] Leaving safepoint region
[2019-12-08T11:49:04.312+0000][1][safepoint    ] Total time for which application threads were stopped: 0.0000720 seconds, Stopping threads took: 0.0000174 seconds
[2019-12-08T11:49:05.312+0000][1][safepoint    ] Application time: 1.0000799 seconds
[2019-12-08T11:49:05.312+0000][1][safepoint    ] Entering safepoint region: Cleanup
[2019-12-08T11:49:05.312+0000][1][safepoint    ] Leaving safepoint region
[2019-12-08T11:49:05.312+0000][1][safepoint    ] Total time for which application threads were stopped: 0.0000738 seconds, Stopping threads took: 0.0000182 seconds
[2019-12-08T11:49:06.312+0000][1][safepoint    ] Application time: 1.0000982 seconds
[2019-12-08T11:49:06.312+0000][1][safepoint    ] Entering safepoint region: Cleanup
[2019-12-08T11:49:06.313+0000][1][safepoint    ] Leaving safepoint region
[2019-12-08T11:49:06.313+0000][1][safepoint    ] Total time for which application threads were stopped: 0.0000775 seconds, Stopping threads took: 0.0000194 seconds
[2019-12-08T11:49:07.313+0000][1][safepoint    ] Application time: 1.0000886 seconds
[2019-12-08T11:49:07.313+0000][1][safepoint    ] Entering safepoint region: Cleanup
[2019-12-08T11:49:07.313+0000][1][safepoint    ] Leaving safepoint region
[2019-12-08T11:49:07.313+0000][1][safepoint    ] Total time for which application threads were stopped: 0.0001165 seconds, Stopping threads took: 0.0000196 seconds
[2019-12-08T11:49:08.313+0000][1][safepoint    ] Application time: 1.0000962 seconds
[2019-12-08T11:49:08.313+0000][1][safepoint    ] Entering safepoint region: Cleanup
[2019-12-08T11:49:08.313+0000][1][safepoint    ] Leaving safepoint region
[2019-12-08T11:49:08.313+0000][1][safepoint    ] Total time for which application threads were stopped: 0.0001067 seconds, Stopping threads took: 0.0000326 seconds
[2019-12-08T11:49:09.313+0000][1][safepoint    ] Application time: 1.0000823 seconds
[2019-12-08T11:49:09.313+0000][1][safepoint    ] Entering safepoint region: Cleanup
[2019-12-08T11:49:09.313+0000][1][safepoint    ] Leaving safepoint region
[2019-12-08T11:49:09.313+0000][1][safepoint    ] Total time for which application threads were stopped: 0.0000741 seconds, Stopping threads took: 0.0000181 seconds
[2019-12-08T11:49:10.313+0000][1][safepoint    ] Application time: 1.0000765 seconds
[2019-12-08T11:49:10.313+0000][1][safepoint    ] Entering safepoint region: Cleanup
[2019-12-08T11:49:10.313+0000][1][safepoint    ] Leaving safepoint region
[2019-12-08T11:49:10.313+0000][1][safepoint    ] Total time for which application threads were stopped: 0.0000754 seconds, Stopping threads took: 0.0000196 seconds
[2019-12-08T11:49:11.314+0000][1][safepoint    ] Application time: 1.0000747 seconds
[2019-12-08T11:49:11.314+0000][1][safepoint    ] Entering safepoint region: Cleanup
[2019-12-08T11:49:11.314+0000][1][safepoint    ] Leaving safepoint region
[2019-12-08T11:49:11.314+0000][1][safepoint    ] Total time for which application threads were stopped: 0.0000751 seconds, Stopping threads took: 0.0000195 seconds
[2019-12-08T11:49:12.314+0000][1][safepoint    ] Application time: 1.0000862 seconds
[2019-12-08T11:49:12.314+0000][1][safepoint    ] Entering safepoint region: Cleanup
[2019-12-08T11:49:12.314+0000][1][safepoint    ] Leaving safepoint region
[2019-12-08T11:49:12.314+0000][1][safepoint    ] Total time for which application threads were stopped: 0.0000739 seconds, Stopping threads took: 0.0000182 seconds
[2019-12-08T11:49:13.314+0000][1][safepoint    ] Application time: 1.0000767 seconds
[2019-12-08T11:49:13.314+0000][1][safepoint    ] Entering safepoint region: Cleanup
[2019-12-08T11:49:13.314+0000][1][safepoint    ] Leaving safepoint region
[2019-12-08T11:49:13.314+0000][1][safepoint    ] Total time for which application threads were stopped: 0.0000763 seconds, Stopping threads took: 0.0000196 seconds
[2019-12-08T11:49:14.320+0000][1][safepoint    ] Application time: 1.0055279 seconds
[2019-12-08T11:49:14.320+0000][1][safepoint    ] Entering safepoint region: Cleanup
[2019-12-08T11:49:14.320+0000][1][safepoint    ] Leaving safepoint region
[2019-12-08T11:49:14.320+0000][1][safepoint    ] Total time for which application threads were stopped: 0.0000743 seconds, Stopping threads took: 0.0000177 seconds
[2019-12-08T11:49:15.320+0000][1][safepoint    ] Application time: 1.0000773 seconds
[2019-12-08T11:49:15.320+0000][1][safepoint    ] Entering safepoint region: Cleanup
[2019-12-08T11:49:15.320+0000][1][safepoint    ] Leaving safepoint region
[2019-12-08T11:49:15.320+0000][1][safepoint    ] Total time for which application threads were stopped: 0.0000804 seconds, Stopping threads took: 0.0000185 seconds
[2019-12-08T11:49:16.320+0000][1][safepoint    ] Application time: 1.0000773 seconds
[2019-12-08T11:49:16.320+0000][1][safepoint    ] Entering safepoint region: Cleanup
[2019-12-08T11:49:16.320+0000][1][safepoint    ] Leaving safepoint region
[2019-12-08T11:49:16.320+0000][1][safepoint    ] Total time for which application threads were stopped: 0.0000743 seconds, Stopping threads took: 0.0000165 seconds
[2019-12-08T11:49:17.320+0000][1][safepoint    ] Application time: 1.0000765 seconds
[2019-12-08T11:49:17.320+0000][1][safepoint    ] Entering safepoint region: Cleanup
[2019-12-08T11:49:17.320+0000][1][safepoint    ] Leaving safepoint region
[2019-12-08T11:49:17.320+0000][1][safepoint    ] Total time for which application threads were stopped: 0.0000734 seconds, Stopping threads took: 0.0000168 seconds
[2019-12-08T11:49:18.320+0000][1][safepoint    ] Application time: 1.0000912 seconds
[2019-12-08T11:49:18.320+0000][1][safepoint    ] Entering safepoint region: Cleanup
[2019-12-08T11:49:18.321+0000][1][safepoint    ] Leaving safepoint region
[2019-12-08T11:49:18.321+0000][1][safepoint    ] Total time for which application threads were stopped: 0.0001194 seconds, Stopping threads took: 0.0000501 seconds
[2019-12-08T11:49:19.321+0000][1][safepoint    ] Application time: 1.0000865 seconds
[2019-12-08T11:49:19.321+0000][1][safepoint    ] Entering safepoint region: Cleanup
[2019-12-08T11:49:19.321+0000][1][safepoint    ] Leaving safepoint region
[2019-12-08T11:49:19.321+0000][1][safepoint    ] Total time for which application threads were stopped: 0.0000844 seconds, Stopping threads took: 0.0000194 seconds
[2019-12-08T11:49:20.321+0000][1][safepoint    ] Application time: 1.0000911 seconds
[2019-12-08T11:49:20.321+0000][1][safepoint    ] Entering safepoint region: Cleanup
[2019-12-08T11:49:20.321+0000][1][safepoint    ] Leaving safepoint region
[2019-12-08T11:49:20.321+0000][1][safepoint    ] Total time for which application threads were stopped: 0.0000862 seconds, Stopping threads took: 0.0000203 seconds
[2019-12-08T11:49:21.321+0000][1][safepoint    ] Application time: 1.0000753 seconds
[2019-12-08T11:49:21.321+0000][1][safepoint    ] Entering safepoint region: Cleanup
[2019-12-08T11:49:21.321+0000][1][safepoint    ] Leaving safepoint region
[2019-12-08T11:49:21.321+0000][1][safepoint    ] Total time for which application threads were stopped: 0.0000759 seconds, Stopping threads took: 0.0000194 seconds
[2019-12-08T11:49:22.321+0000][1][safepoint    ] Application time: 1.0000762 seconds
[2019-12-08T11:49:22.321+0000][1][safepoint    ] Entering safepoint region: Cleanup
[2019-12-08T11:49:22.321+0000][1][safepoint    ] Leaving safepoint region
[2019-12-08T11:49:22.321+0000][1][safepoint    ] Total time for which application threads were stopped: 0.0000835 seconds, Stopping threads took: 0.0000194 seconds
[2019-12-08T11:49:23.321+0000][1][safepoint    ] Application time: 1.0000869 seconds
[2019-12-08T11:49:23.322+0000][1][safepoint    ] Entering safepoint region: Cleanup
[2019-12-08T11:49:23.322+0000][1][safepoint    ] Leaving safepoint region
[2019-12-08T11:49:23.322+0000][1][safepoint    ] Total time for which application threads were stopped: 0.0001446 seconds, Stopping threads took: 0.0000522 seconds
[2019-12-08T11:49:24.322+0000][1][safepoint    ] Application time: 1.0000921 seconds
[2019-12-08T11:49:24.322+0000][1][safepoint    ] Entering safepoint region: Cleanup
[2019-12-08T11:49:24.322+0000][1][safepoint    ] Leaving safepoint region
[2019-12-08T11:49:24.322+0000][1][safepoint    ] Total time for which application threads were stopped: 0.0000798 seconds, Stopping threads took: 0.0000207 seconds
[2019-12-08T11:49:25.322+0000][1][safepoint    ] Application time: 1.0000822 seconds
[2019-12-08T11:49:25.322+0000][1][safepoint    ] Entering safepoint region: Cleanup
[2019-12-08T11:49:25.322+0000][1][safepoint    ] Leaving safepoint region
[2019-12-08T11:49:25.322+0000][1][safepoint    ] Total time for which application threads were stopped: 0.0000883 seconds, Stopping threads took: 0.0000315 seconds
[2019-12-08T11:49:26.322+0000][1][safepoint    ] Application time: 1.0000794 seconds
[2019-12-08T11:49:26.322+0000][1][safepoint    ] Entering safepoint region: Cleanup
[2019-12-08T11:49:26.322+0000][1][safepoint    ] Leaving safepoint region
[2019-12-08T11:49:26.322+0000][1][safepoint    ] Total time for which application threads were stopped: 0.0000761 seconds, Stopping threads took: 0.0000190 seconds
[2019-12-08T11:49:27.322+0000][1][safepoint    ] Application time: 1.0000777 seconds
[2019-12-08T11:49:27.322+0000][1][safepoint    ] Entering safepoint region: Cleanup
[2019-12-08T11:49:27.322+0000][1][safepoint    ] Leaving safepoint region
[2019-12-08T11:49:27.322+0000][1][safepoint    ] Total time for which application threads were stopped: 0.0000762 seconds, Stopping threads took: 0.0000194 seconds
[2019-12-08T11:49:28.323+0000][1][safepoint    ] Application time: 1.0000797 seconds
[2019-12-08T11:49:28.323+0000][1][safepoint    ] Entering safepoint region: Cleanup
[2019-12-08T11:49:28.323+0000][1][safepoint    ] Leaving safepoint region
[2019-12-08T11:49:28.323+0000][1][safepoint    ] Total time for which application threads were stopped: 0.0000787 seconds, Stopping threads took: 0.0000175 seconds
[2019-12-08T11:49:29.323+0000][1][safepoint    ] Application time: 1.0000850 seconds
[2019-12-08T11:49:29.323+0000][1][safepoint    ] Entering safepoint region: Cleanup
[2019-12-08T11:49:29.323+0000][1][safepoint    ] Leaving safepoint region
[2019-12-08T11:49:29.323+0000][1][safepoint    ] Total time for which application threads were stopped: 0.0000756 seconds, Stopping threads took: 0.0000195 seconds
[2019-12-08T11:49:30.323+0000][1][safepoint    ] Application time: 1.0000830 seconds
[2019-12-08T11:49:30.323+0000][1][safepoint    ] Entering safepoint region: Cleanup
[2019-12-08T11:49:30.323+0000][1][safepoint    ] Leaving safepoint region
[2019-12-08T11:49:30.323+0000][1][safepoint    ] Total time for which application threads were stopped: 0.0000754 seconds, Stopping threads took: 0.0000178 seconds
[2019-12-08T11:49:31.323+0000][1][safepoint    ] Application time: 1.0000787 seconds
[2019-12-08T11:49:31.323+0000][1][safepoint    ] Entering safepoint region: Cleanup
[2019-12-08T11:49:31.323+0000][1][safepoint    ] Leaving safepoint region
[2019-12-08T11:49:31.323+0000][1][safepoint    ] Total time for which application threads were stopped: 0.0000790 seconds, Stopping threads took: 0.0000190 seconds
[2019-12-08T11:49:32.323+0000][1][safepoint    ] Application time: 1.0000763 seconds
[2019-12-08T11:49:32.323+0000][1][safepoint    ] Entering safepoint region: Cleanup
[2019-12-08T11:49:32.323+0000][1][safepoint    ] Leaving safepoint region
[2019-12-08T11:49:32.323+0000][1][safepoint    ] Total time for which application threads were stopped: 0.0000749 seconds, Stopping threads took: 0.0000197 seconds
[2019-12-08T11:49:33.324+0000][1][safepoint    ] Application time: 1.0000743 seconds
[2019-12-08T11:49:33.324+0000][1][safepoint    ] Entering safepoint region: Cleanup
[2019-12-08T11:49:33.324+0000][1][safepoint    ] Leaving safepoint region
[2019-12-08T11:49:33.324+0000][1][safepoint    ] Total time for which application threads were stopped: 0.0000749 seconds, Stopping threads took: 0.0000185 seconds
[2019-12-08T11:49:34.324+0000][1][safepoint    ] Application time: 1.0000773 seconds
[2019-12-08T11:49:34.324+0000][1][safepoint    ] Entering safepoint region: Cleanup
[2019-12-08T11:49:34.324+0000][1][safepoint    ] Leaving safepoint region
[2019-12-08T11:49:34.324+0000][1][safepoint    ] Total time for which application threads were stopped: 0.0000752 seconds, Stopping threads took: 0.0000187 seconds
[2019-12-08T11:49:35.324+0000][1][safepoint    ] Application time: 1.0000781 seconds
[2019-12-08T11:49:35.324+0000][1][safepoint    ] Entering safepoint region: Cleanup
[2019-12-08T11:49:35.324+0000][1][safepoint    ] Leaving safepoint region
[2019-12-08T11:49:35.324+0000][1][safepoint    ] Total time for which application threads were stopped: 0.0000758 seconds, Stopping threads took: 0.0000193 seconds
[2019-12-08T11:49:36.324+0000][1][safepoint    ] Application time: 1.0000887 seconds
[2019-12-08T11:49:36.324+0000][1][safepoint    ] Entering safepoint region: Cleanup
[2019-12-08T11:49:36.324+0000][1][safepoint    ] Leaving safepoint region
[2019-12-08T11:49:36.324+0000][1][safepoint    ] Total time for which application threads were stopped: 0.0000758 seconds, Stopping threads took: 0.0000196 seconds
[2019-12-08T11:49:37.324+0000][1][safepoint    ] Application time: 1.0000805 seconds
[2019-12-08T11:49:37.324+0000][1][safepoint    ] Entering safepoint region: Cleanup
[2019-12-08T11:49:37.324+0000][1][safepoint    ] Leaving safepoint region
[2019-12-08T11:49:37.324+0000][1][safepoint    ] Total time for which application threads were stopped: 0.0000747 seconds, Stopping threads took: 0.0000199 seconds
[2019-12-08T11:49:38.325+0000][1][safepoint    ] Application time: 1.0001208 seconds
[2019-12-08T11:49:38.325+0000][1][safepoint    ] Entering safepoint region: Cleanup
[2019-12-08T11:49:38.325+0000][1][safepoint    ] Leaving safepoint region
[2019-12-08T11:49:38.325+0000][1][safepoint    ] Total time for which application threads were stopped: 0.0001064 seconds, Stopping threads took: 0.0000257 seconds
[2019-12-08T11:49:39.325+0000][1][safepoint    ] Application time: 1.0000827 seconds
[2019-12-08T11:49:39.325+0000][1][safepoint    ] Entering safepoint region: Cleanup
[2019-12-08T11:49:39.325+0000][1][safepoint    ] Leaving safepoint region
[2019-12-08T11:49:39.325+0000][1][safepoint    ] Total time for which application threads were stopped: 0.0000764 seconds, Stopping threads took: 0.0000194 seconds
[2019-12-08T11:49:40.325+0000][1][safepoint    ] Application time: 1.0000843 seconds
[2019-12-08T11:49:40.325+0000][1][safepoint    ] Entering safepoint region: Cleanup
[2019-12-08T11:49:40.325+0000][1][safepoint    ] Leaving safepoint region
[2019-12-08T11:49:40.325+0000][1][safepoint    ] Total time for which application threads were stopped: 0.0000759 seconds, Stopping threads took: 0.0000186 seconds
[2019-12-08T11:49:41.325+0000][1][safepoint    ] Application time: 1.0000790 seconds
[2019-12-08T11:49:41.325+0000][1][safepoint    ] Entering safepoint region: Cleanup
[2019-12-08T11:49:41.325+0000][1][safepoint    ] Leaving safepoint region
[2019-12-08T11:49:41.325+0000][1][safepoint    ] Total time for which application threads were stopped: 0.0000779 seconds, Stopping threads took: 0.0000197 seconds
[2019-12-08T11:49:42.325+0000][1][safepoint    ] Application time: 1.0000762 seconds
[2019-12-08T11:49:42.325+0000][1][safepoint    ] Entering safepoint region: Cleanup
[2019-12-08T11:49:42.325+0000][1][safepoint    ] Leaving safepoint region
[2019-12-08T11:49:42.325+0000][1][safepoint    ] Total time for which application threads were stopped: 0.0000877 seconds, Stopping threads took: 0.0000199 seconds
[2019-12-08T11:49:43.326+0000][1][safepoint    ] Application time: 1.0000812 seconds
[2019-12-08T11:49:43.326+0000][1][safepoint    ] Entering safepoint region: Cleanup
[2019-12-08T11:49:43.326+0000][1][safepoint    ] Leaving safepoint region
[2019-12-08T11:49:43.326+0000][1][safepoint    ] Total time for which application threads were stopped: 0.0000913 seconds, Stopping threads took: 0.0000188 seconds
[2019-12-08T11:49:44.326+0000][1][safepoint    ] Application time: 1.0000775 seconds
[2019-12-08T11:49:44.326+0000][1][safepoint    ] Entering safepoint region: Cleanup
[2019-12-08T11:49:44.326+0000][1][safepoint    ] Leaving safepoint region
[2019-12-08T11:49:44.326+0000][1][safepoint    ] Total time for which application threads were stopped: 0.0000814 seconds, Stopping threads took: 0.0000202 seconds
[2019-12-08T11:49:45.326+0000][1][safepoint    ] Application time: 1.0000779 seconds
[2019-12-08T11:49:45.326+0000][1][safepoint    ] Entering safepoint region: Cleanup
[2019-12-08T11:49:45.326+0000][1][safepoint    ] Leaving safepoint region
[2019-12-08T11:49:45.326+0000][1][safepoint    ] Total time for which application threads were stopped: 0.0000732 seconds, Stopping threads took: 0.0000187 seconds
[2019-12-08T11:49:46.326+0000][1][safepoint    ] Application time: 1.0000768 seconds
[2019-12-08T11:49:46.326+0000][1][safepoint    ] Entering safepoint region: Cleanup
[2019-12-08T11:49:46.326+0000][1][safepoint    ] Leaving safepoint region
[2019-12-08T11:49:46.326+0000][1][safepoint    ] Total time for which application threads were stopped: 0.0000735 seconds, Stopping threads took: 0.0000183 seconds
[2019-12-08T11:49:47.326+0000][1][safepoint    ] Application time: 1.0000752 seconds
[2019-12-08T11:49:47.326+0000][1][safepoint    ] Entering safepoint region: Cleanup
[2019-12-08T11:49:47.326+0000][1][safepoint    ] Leaving safepoint region
[2019-12-08T11:49:47.326+0000][1][safepoint    ] Total time for which application threads were stopped: 0.0000817 seconds, Stopping threads took: 0.0000248 seconds
[2019-12-08T11:49:48.327+0000][1][safepoint    ] Application time: 1.0000791 seconds
[2019-12-08T11:49:48.327+0000][1][safepoint    ] Entering safepoint region: Cleanup
[2019-12-08T11:49:48.327+0000][1][safepoint    ] Leaving safepoint region
[2019-12-08T11:49:48.327+0000][1][safepoint    ] Total time for which application threads were stopped: 0.0000891 seconds, Stopping threads took: 0.0000187 seconds
[2019-12-08T11:49:49.327+0000][1][safepoint    ] Application time: 1.0000763 seconds
[2019-12-08T11:49:49.327+0000][1][safepoint    ] Entering safepoint region: Cleanup
[2019-12-08T11:49:49.327+0000][1][safepoint    ] Leaving safepoint region
[2019-12-08T11:49:49.327+0000][1][safepoint    ] Total time for which application threads were stopped: 0.0000751 seconds, Stopping threads took: 0.0000198 seconds
[2019-12-08T11:49:50.327+0000][1][safepoint    ] Application time: 1.0000782 seconds
[2019-12-08T11:49:50.327+0000][1][safepoint    ] Entering safepoint region: Cleanup
[2019-12-08T11:49:50.327+0000][1][safepoint    ] Leaving safepoint region
[2019-12-08T11:49:50.327+0000][1][safepoint    ] Total time for which application threads were stopped: 0.0000762 seconds, Stopping threads took: 0.0000194 seconds
[2019-12-08T11:49:51.327+0000][1][safepoint    ] Application time: 1.0000811 seconds
[2019-12-08T11:49:51.327+0000][1][safepoint    ] Entering safepoint region: Cleanup
[2019-12-08T11:49:51.327+0000][1][safepoint    ] Leaving safepoint region
[2019-12-08T11:49:51.327+0000][1][safepoint    ] Total time for which application threads were stopped: 0.0000757 seconds, Stopping threads took: 0.0000195 seconds
[2019-12-08T11:49:52.327+0000][1][safepoint    ] Application time: 1.0000793 seconds
[2019-12-08T11:49:52.327+0000][1][safepoint    ] Entering safepoint region: Cleanup
[2019-12-08T11:49:52.327+0000][1][safepoint    ] Leaving safepoint region
[2019-12-08T11:49:52.327+0000][1][safepoint    ] Total time for which application threads were stopped: 0.0000774 seconds, Stopping threads took: 0.0000209 seconds
[2019-12-08T11:49:53.328+0000][1][safepoint    ] Application time: 1.0000842 seconds
[2019-12-08T11:49:53.328+0000][1][safepoint    ] Entering safepoint region: Cleanup
[2019-12-08T11:49:53.328+0000][1][safepoint    ] Leaving safepoint region
[2019-12-08T11:49:53.328+0000][1][safepoint    ] Total time for which application threads were stopped: 0.0001118 seconds, Stopping threads took: 0.0000249 seconds
[2019-12-08T11:49:54.328+0000][1][safepoint    ] Application time: 1.0000801 seconds
[2019-12-08T11:49:54.328+0000][1][safepoint    ] Entering safepoint region: Cleanup
[2019-12-08T11:49:54.328+0000][1][safepoint    ] Leaving safepoint region
[2019-12-08T11:49:54.328+0000][1][safepoint    ] Total time for which application threads were stopped: 0.0000764 seconds, Stopping threads took: 0.0000188 seconds
[2019-12-08T11:49:55.328+0000][1][safepoint    ] Application time: 1.0000808 seconds
[2019-12-08T11:49:55.328+0000][1][safepoint    ] Entering safepoint region: Cleanup
[2019-12-08T11:49:55.328+0000][1][safepoint    ] Leaving safepoint region
[2019-12-08T11:49:55.328+0000][1][safepoint    ] Total time for which application threads were stopped: 0.0000917 seconds, Stopping threads took: 0.0000211 seconds
[2019-12-08T11:49:56.328+0000][1][safepoint    ] Application time: 1.0000777 seconds
[2019-12-08T11:49:56.328+0000][1][safepoint    ] Entering safepoint region: Cleanup
[2019-12-08T11:49:56.328+0000][1][safepoint    ] Leaving safepoint region
[2019-12-08T11:49:56.328+0000][1][safepoint    ] Total time for which application threads were stopped: 0.0000846 seconds, Stopping threads took: 0.0000253 seconds
[2019-12-08T11:49:57.328+0000][1][safepoint    ] Application time: 1.0000779 seconds
[2019-12-08T11:49:57.328+0000][1][safepoint    ] Entering safepoint region: Cleanup
[2019-12-08T11:49:57.329+0000][1][safepoint    ] Leaving safepoint region
[2019-12-08T11:49:57.329+0000][1][safepoint    ] Total time for which application threads were stopped: 0.0000831 seconds, Stopping threads took: 0.0000260 seconds
[2019-12-08T11:49:58.329+0000][1][safepoint    ] Application time: 1.0000769 seconds
[2019-12-08T11:49:58.329+0000][1][safepoint    ] Entering safepoint region: Cleanup
[2019-12-08T11:49:58.329+0000][1][safepoint    ] Leaving safepoint region
[2019-12-08T11:49:58.329+0000][1][safepoint    ] Total time for which application threads were stopped: 0.0000899 seconds, Stopping threads took: 0.0000189 seconds
[2019-12-08T11:49:59.329+0000][1][safepoint    ] Application time: 1.0000790 seconds
[2019-12-08T11:49:59.329+0000][1][safepoint    ] Entering safepoint region: Cleanup
[2019-12-08T11:49:59.329+0000][1][safepoint    ] Leaving safepoint region
[2019-12-08T11:49:59.329+0000][1][safepoint    ] Total time for which application threads were stopped: 0.0000755 seconds, Stopping threads took: 0.0000196 seconds
[2019-12-08T11:50:00.329+0000][1][safepoint    ] Application time: 1.0000465 seconds
[2019-12-08T11:50:00.329+0000][1][safepoint    ] Entering safepoint region: Cleanup
[2019-12-08T11:50:00.329+0000][1][safepoint    ] Leaving safepoint region
[2019-12-08T11:50:00.329+0000][1][safepoint    ] Total time for which application threads were stopped: 0.0000990 seconds, Stopping threads took: 0.0000253 seconds
[2019-12-08T11:50:01.329+0000][1][safepoint    ] Application time: 1.0000926 seconds
[2019-12-08T11:50:01.329+0000][1][safepoint    ] Entering safepoint region: Cleanup
[2019-12-08T11:50:01.329+0000][1][safepoint    ] Leaving safepoint region
[2019-12-08T11:50:01.329+0000][1][safepoint    ] Total time for which application threads were stopped: 0.0000853 seconds, Stopping threads took: 0.0000281 seconds
[2019-12-08T11:50:02.329+0000][1][safepoint    ] Application time: 1.0000819 seconds
[2019-12-08T11:50:02.329+0000][1][safepoint    ] Entering safepoint region: Cleanup
[2019-12-08T11:50:02.330+0000][1][safepoint    ] Leaving safepoint region
[2019-12-08T11:50:02.330+0000][1][safepoint    ] Total time for which application threads were stopped: 0.0000768 seconds, Stopping threads took: 0.0000195 seconds
[2019-12-08T11:50:03.330+0000][1][safepoint    ] Application time: 1.0000794 seconds
[2019-12-08T11:50:03.330+0000][1][safepoint    ] Entering safepoint region: Cleanup
[2019-12-08T11:50:03.330+0000][1][safepoint    ] Leaving safepoint region
[2019-12-08T11:50:03.330+0000][1][safepoint    ] Total time for which application threads were stopped: 0.0000872 seconds, Stopping threads took: 0.0000217 seconds
[2019-12-08T11:50:04.330+0000][1][safepoint    ] Application time: 1.0000774 seconds
[2019-12-08T11:50:04.330+0000][1][safepoint    ] Entering safepoint region: Cleanup
[2019-12-08T11:50:04.330+0000][1][safepoint    ] Leaving safepoint region
[2019-12-08T11:50:04.330+0000][1][safepoint    ] Total time for which application threads were stopped: 0.0000751 seconds, Stopping threads took: 0.0000192 seconds
[2019-12-08T11:50:05.330+0000][1][safepoint    ] Application time: 1.0000796 seconds
[2019-12-08T11:50:05.330+0000][1][safepoint    ] Entering safepoint region: Cleanup
[2019-12-08T11:50:05.330+0000][1][safepoint    ] Leaving safepoint region
[2019-12-08T11:50:05.330+0000][1][safepoint    ] Total time for which application threads were stopped: 0.0000781 seconds, Stopping threads took: 0.0000201 seconds
[2019-12-08T11:50:06.330+0000][1][safepoint    ] Application time: 1.0000794 seconds
[2019-12-08T11:50:06.330+0000][1][safepoint    ] Entering safepoint region: Cleanup
[2019-12-08T11:50:06.330+0000][1][safepoint    ] Leaving safepoint region
[2019-12-08T11:50:06.330+0000][1][safepoint    ] Total time for which application threads were stopped: 0.0000885 seconds, Stopping threads took: 0.0000190 seconds
[2019-12-08T11:50:07.330+0000][1][safepoint    ] Application time: 1.0000787 seconds
[2019-12-08T11:50:07.331+0000][1][safepoint    ] Entering safepoint region: Cleanup
[2019-12-08T11:50:07.331+0000][1][safepoint    ] Leaving safepoint region
[2019-12-08T11:50:07.331+0000][1][safepoint    ] Total time for which application threads were stopped: 0.0000814 seconds, Stopping threads took: 0.0000261 seconds
[2019-12-08T11:50:08.331+0000][1][safepoint    ] Application time: 1.0000815 seconds
[2019-12-08T11:50:08.331+0000][1][safepoint    ] Entering safepoint region: Cleanup
[2019-12-08T11:50:08.331+0000][1][safepoint    ] Leaving safepoint region
[2019-12-08T11:50:08.331+0000][1][safepoint    ] Total time for which application threads were stopped: 0.0001330 seconds, Stopping threads took: 0.0000212 seconds
[2019-12-08T11:50:09.348+0000][1][safepoint    ] Application time: 1.0172244 seconds
[2019-12-08T11:50:09.348+0000][1][safepoint    ] Entering safepoint region: Cleanup
[2019-12-08T11:50:09.348+0000][1][safepoint    ] Leaving safepoint region
[2019-12-08T11:50:09.348+0000][1][safepoint    ] Total time for which application threads were stopped: 0.0000812 seconds, Stopping threads took: 0.0000172 seconds
[2019-12-08T11:50:10.348+0000][1][safepoint    ] Application time: 1.0000739 seconds
[2019-12-08T11:50:10.348+0000][1][safepoint    ] Entering safepoint region: Cleanup
[2019-12-08T11:50:10.348+0000][1][safepoint    ] Leaving safepoint region
[2019-12-08T11:50:10.348+0000][1][safepoint    ] Total time for which application threads were stopped: 0.0000717 seconds, Stopping threads took: 0.0000180 seconds
[2019-12-08T11:50:11.348+0000][1][safepoint    ] Application time: 1.0000766 seconds
[2019-12-08T11:50:11.349+0000][1][safepoint    ] Entering safepoint region: Cleanup
[2019-12-08T11:50:11.349+0000][1][safepoint    ] Leaving safepoint region
[2019-12-08T11:50:11.349+0000][1][safepoint    ] Total time for which application threads were stopped: 0.0000690 seconds, Stopping threads took: 0.0000169 seconds
[2019-12-08T11:50:12.349+0000][1][safepoint    ] Application time: 1.0000747 seconds
[2019-12-08T11:50:12.349+0000][1][safepoint    ] Entering safepoint region: Cleanup
[2019-12-08T11:50:12.349+0000][1][safepoint    ] Leaving safepoint region
[2019-12-08T11:50:12.349+0000][1][safepoint    ] Total time for which application threads were stopped: 0.0000811 seconds, Stopping threads took: 0.0000256 seconds
[2019-12-08T11:50:13.349+0000][1][safepoint    ] Application time: 1.0000734 seconds
[2019-12-08T11:50:13.349+0000][1][safepoint    ] Entering safepoint region: Cleanup
[2019-12-08T11:50:13.349+0000][1][safepoint    ] Leaving safepoint region
[2019-12-08T11:50:13.349+0000][1][safepoint    ] Total time for which application threads were stopped: 0.0000706 seconds, Stopping threads took: 0.0000170 seconds
[2019-12-08T11:50:14.349+0000][1][safepoint    ] Application time: 1.0000760 seconds
[2019-12-08T11:50:14.349+0000][1][safepoint    ] Entering safepoint region: Cleanup
[2019-12-08T11:50:14.349+0000][1][safepoint    ] Leaving safepoint region
[2019-12-08T11:50:14.349+0000][1][safepoint    ] Total time for which application threads were stopped: 0.0000715 seconds, Stopping threads took: 0.0000163 seconds
[2019-12-08T11:50:15.349+0000][1][safepoint    ] Application time: 1.0000735 seconds
[2019-12-08T11:50:15.349+0000][1][safepoint    ] Entering safepoint region: Cleanup
[2019-12-08T11:50:15.349+0000][1][safepoint    ] Leaving safepoint region
[2019-12-08T11:50:15.349+0000][1][safepoint    ] Total time for which application threads were stopped: 0.0000706 seconds, Stopping threads took: 0.0000162 seconds
[2019-12-08T11:50:16.349+0000][1][safepoint    ] Application time: 1.0000767 seconds
[2019-12-08T11:50:16.349+0000][1][safepoint    ] Entering safepoint region: Cleanup
[2019-12-08T11:50:16.350+0000][1][safepoint    ] Leaving safepoint region
[2019-12-08T11:50:16.350+0000][1][safepoint    ] Total time for which application threads were stopped: 0.0000758 seconds, Stopping threads took: 0.0000205 seconds
[2019-12-08T11:50:17.350+0000][1][safepoint    ] Application time: 1.0000783 seconds
[2019-12-08T11:50:17.350+0000][1][safepoint    ] Entering safepoint region: Cleanup
[2019-12-08T11:50:17.350+0000][1][safepoint    ] Leaving safepoint region
[2019-12-08T11:50:17.350+0000][1][safepoint    ] Total time for which application threads were stopped: 0.0000889 seconds, Stopping threads took: 0.0000229 seconds
[2019-12-08T11:50:18.350+0000][1][safepoint    ] Application time: 1.0000728 seconds
[2019-12-08T11:50:18.350+0000][1][safepoint    ] Entering safepoint region: Cleanup
[2019-12-08T11:50:18.350+0000][1][safepoint    ] Leaving safepoint region
[2019-12-08T11:50:18.350+0000][1][safepoint    ] Total time for which application threads were stopped: 0.0000698 seconds, Stopping threads took: 0.0000155 seconds
[2019-12-08T11:50:19.350+0000][1][safepoint    ] Application time: 1.0000821 seconds
[2019-12-08T11:50:19.350+0000][1][safepoint    ] Entering safepoint region: Cleanup
[2019-12-08T11:50:19.350+0000][1][safepoint    ] Leaving safepoint region
[2019-12-08T11:50:19.350+0000][1][safepoint    ] Total time for which application threads were stopped: 0.0000721 seconds, Stopping threads took: 0.0000176 seconds
[2019-12-08T11:50:20.350+0000][1][safepoint    ] Application time: 1.0000749 seconds
[2019-12-08T11:50:20.350+0000][1][safepoint    ] Entering safepoint region: Cleanup
[2019-12-08T11:50:20.350+0000][1][safepoint    ] Leaving safepoint region
[2019-12-08T11:50:20.350+0000][1][safepoint    ] Total time for which application threads were stopped: 0.0000715 seconds, Stopping threads took: 0.0000169 seconds
[2019-12-08T11:50:21.350+0000][1][safepoint    ] Application time: 1.0000745 seconds
[2019-12-08T11:50:21.350+0000][1][safepoint    ] Entering safepoint region: Cleanup
[2019-12-08T11:50:21.350+0000][1][safepoint    ] Leaving safepoint region
[2019-12-08T11:50:21.350+0000][1][safepoint    ] Total time for which application threads were stopped: 0.0000713 seconds, Stopping threads took: 0.0000168 seconds
[2019-12-08T11:50:22.351+0000][1][safepoint    ] Application time: 1.0000781 seconds
[2019-12-08T11:50:22.351+0000][1][safepoint    ] Entering safepoint region: Cleanup
[2019-12-08T11:50:22.351+0000][1][safepoint    ] Leaving safepoint region
[2019-12-08T11:50:22.351+0000][1][safepoint    ] Total time for which application threads were stopped: 0.0000725 seconds, Stopping threads took: 0.0000196 seconds
[2019-12-08T11:50:23.352+0000][1][safepoint    ] Application time: 1.0010478 seconds
[2019-12-08T11:50:23.352+0000][1][safepoint    ] Entering safepoint region: Cleanup
[2019-12-08T11:50:23.352+0000][1][safepoint    ] Leaving safepoint region
[2019-12-08T11:50:23.352+0000][1][safepoint    ] Total time for which application threads were stopped: 0.0001308 seconds, Stopping threads took: 0.0000387 seconds
[2019-12-08T11:50:24.352+0000][1][safepoint    ] Application time: 1.0000941 seconds
[2019-12-08T11:50:24.352+0000][1][safepoint    ] Entering safepoint region: Cleanup
[2019-12-08T11:50:24.352+0000][1][safepoint    ] Leaving safepoint region
[2019-12-08T11:50:24.352+0000][1][safepoint    ] Total time for which application threads were stopped: 0.0000750 seconds, Stopping threads took: 0.0000196 seconds
[2019-12-08T11:50:25.352+0000][1][safepoint    ] Application time: 1.0000843 seconds
[2019-12-08T11:50:25.352+0000][1][safepoint    ] Entering safepoint region: Cleanup
[2019-12-08T11:50:25.352+0000][1][safepoint    ] Leaving safepoint region
[2019-12-08T11:50:25.352+0000][1][safepoint    ] Total time for which application threads were stopped: 0.0000764 seconds, Stopping threads took: 0.0000199 seconds
[2019-12-08T11:50:26.352+0000][1][safepoint    ] Application time: 1.0000850 seconds
[2019-12-08T11:50:26.352+0000][1][safepoint    ] Entering safepoint region: Cleanup
[2019-12-08T11:50:26.353+0000][1][safepoint    ] Leaving safepoint region
[2019-12-08T11:50:26.353+0000][1][safepoint    ] Total time for which application threads were stopped: 0.0000797 seconds, Stopping threads took: 0.0000202 seconds
[2019-12-08T11:50:27.353+0000][1][safepoint    ] Application time: 1.0000818 seconds
[2019-12-08T11:50:27.353+0000][1][safepoint    ] Entering safepoint region: Cleanup
[2019-12-08T11:50:27.353+0000][1][safepoint    ] Leaving safepoint region
[2019-12-08T11:50:27.353+0000][1][safepoint    ] Total time for which application threads were stopped: 0.0000928 seconds, Stopping threads took: 0.0000195 seconds
[2019-12-08T11:50:28.353+0000][1][safepoint    ] Application time: 1.0000786 seconds
[2019-12-08T11:50:28.353+0000][1][safepoint    ] Entering safepoint region: Cleanup
[2019-12-08T11:50:28.353+0000][1][safepoint    ] Leaving safepoint region
[2019-12-08T11:50:28.353+0000][1][safepoint    ] Total time for which application threads were stopped: 0.0000751 seconds, Stopping threads took: 0.0000195 seconds
[2019-12-08T11:50:29.353+0000][1][safepoint    ] Application time: 1.0000813 seconds
[2019-12-08T11:50:29.353+0000][1][safepoint    ] Entering safepoint region: Cleanup
[2019-12-08T11:50:29.353+0000][1][safepoint    ] Leaving safepoint region
[2019-12-08T11:50:29.353+0000][1][safepoint    ] Total time for which application threads were stopped: 0.0000765 seconds, Stopping threads took: 0.0000194 seconds
[2019-12-08T11:50:30.353+0000][1][safepoint    ] Application time: 1.0000939 seconds
[2019-12-08T11:50:30.353+0000][1][safepoint    ] Entering safepoint region: Cleanup
[2019-12-08T11:50:30.353+0000][1][safepoint    ] Leaving safepoint region
[2019-12-08T11:50:30.353+0000][1][safepoint    ] Total time for which application threads were stopped: 0.0000791 seconds, Stopping threads took: 0.0000211 seconds
[2019-12-08T11:50:31.353+0000][1][safepoint    ] Application time: 1.0000942 seconds
[2019-12-08T11:50:31.353+0000][1][safepoint    ] Entering safepoint region: Cleanup
[2019-12-08T11:50:31.354+0000][1][safepoint    ] Leaving safepoint region
[2019-12-08T11:50:31.354+0000][1][safepoint    ] Total time for which application threads were stopped: 0.0000753 seconds, Stopping threads took: 0.0000179 seconds
[2019-12-08T11:50:32.354+0000][1][safepoint    ] Application time: 1.0000820 seconds
[2019-12-08T11:50:32.354+0000][1][safepoint    ] Entering safepoint region: Cleanup
[2019-12-08T11:50:32.354+0000][1][safepoint    ] Leaving safepoint region
[2019-12-08T11:50:32.354+0000][1][safepoint    ] Total time for which application threads were stopped: 0.0000904 seconds, Stopping threads took: 0.0000317 seconds
[2019-12-08T11:50:33.354+0000][1][safepoint    ] Application time: 1.0000811 seconds
[2019-12-08T11:50:33.354+0000][1][safepoint    ] Entering safepoint region: Cleanup
[2019-12-08T11:50:33.354+0000][1][safepoint    ] Leaving safepoint region
[2019-12-08T11:50:33.354+0000][1][safepoint    ] Total time for which application threads were stopped: 0.0000767 seconds, Stopping threads took: 0.0000194 seconds
[2019-12-08T11:50:34.354+0000][1][safepoint    ] Application time: 1.0000896 seconds
[2019-12-08T11:50:34.354+0000][1][safepoint    ] Entering safepoint region: Cleanup
[2019-12-08T11:50:34.354+0000][1][safepoint    ] Leaving safepoint region
[2019-12-08T11:50:34.354+0000][1][safepoint    ] Total time for which application threads were stopped: 0.0000751 seconds, Stopping threads took: 0.0000189 seconds
[2019-12-08T11:50:35.354+0000][1][safepoint    ] Application time: 1.0000965 seconds
[2019-12-08T11:50:35.354+0000][1][safepoint    ] Entering safepoint region: Cleanup
[2019-12-08T11:50:35.354+0000][1][safepoint    ] Leaving safepoint region
[2019-12-08T11:50:35.354+0000][1][safepoint    ] Total time for which application threads were stopped: 0.0000769 seconds, Stopping threads took: 0.0000190 seconds
[2019-12-08T11:50:36.354+0000][1][safepoint    ] Application time: 1.0000823 seconds
[2019-12-08T11:50:36.355+0000][1][safepoint    ] Entering safepoint region: Cleanup
[2019-12-08T11:50:36.355+0000][1][safepoint    ] Leaving safepoint region
[2019-12-08T11:50:36.355+0000][1][safepoint    ] Total time for which application threads were stopped: 0.0000738 seconds, Stopping threads took: 0.0000180 seconds
[2019-12-08T11:50:37.355+0000][1][safepoint    ] Application time: 1.0000908 seconds
[2019-12-08T11:50:37.355+0000][1][safepoint    ] Entering safepoint region: Cleanup
[2019-12-08T11:50:37.355+0000][1][safepoint    ] Leaving safepoint region
[2019-12-08T11:50:37.355+0000][1][safepoint    ] Total time for which application threads were stopped: 0.0000811 seconds, Stopping threads took: 0.0000199 seconds
[2019-12-08T11:50:38.901+0000][1][safepoint    ] Application time: 1.5465688 seconds
[2019-12-08T11:50:38.901+0000][1][safepoint    ] Entering safepoint region: Cleanup
[2019-12-08T11:50:38.901+0000][1][safepoint    ] Leaving safepoint region
[2019-12-08T11:50:38.902+0000][1][safepoint    ] Total time for which application threads were stopped: 0.0000797 seconds, Stopping threads took: 0.0000216 seconds
[2019-12-08T11:50:39.902+0000][1][safepoint    ] Application time: 1.0000810 seconds
[2019-12-08T11:50:39.902+0000][1][safepoint    ] Entering safepoint region: Cleanup
[2019-12-08T11:50:39.902+0000][1][safepoint    ] Leaving safepoint region
[2019-12-08T11:50:39.902+0000][1][safepoint    ] Total time for which application threads were stopped: 0.0000979 seconds, Stopping threads took: 0.0000197 seconds
[2019-12-08T11:50:40.902+0000][1][safepoint    ] Application time: 1.0000854 seconds
[2019-12-08T11:50:40.902+0000][1][safepoint    ] Entering safepoint region: Cleanup
[2019-12-08T11:50:40.902+0000][1][safepoint    ] Leaving safepoint region
[2019-12-08T11:50:40.902+0000][1][safepoint    ] Total time for which application threads were stopped: 0.0000768 seconds, Stopping threads took: 0.0000198 seconds
[2019-12-08T11:50:41.902+0000][1][safepoint    ] Application time: 1.0000921 seconds
[2019-12-08T11:50:41.902+0000][1][safepoint    ] Entering safepoint region: Cleanup
[2019-12-08T11:50:41.902+0000][1][safepoint    ] Leaving safepoint region
[2019-12-08T11:50:41.902+0000][1][safepoint    ] Total time for which application threads were stopped: 0.0000773 seconds, Stopping threads took: 0.0000200 seconds
[2019-12-08T11:50:42.902+0000][1][safepoint    ] Application time: 1.0000737 seconds
[2019-12-08T11:50:42.902+0000][1][safepoint    ] Entering safepoint region: Cleanup
[2019-12-08T11:50:42.902+0000][1][safepoint    ] Leaving safepoint region
[2019-12-08T11:50:42.902+0000][1][safepoint    ] Total time for which application threads were stopped: 0.0000771 seconds, Stopping threads took: 0.0000193 seconds
[2019-12-08T11:50:43.902+0000][1][safepoint    ] Application time: 1.0000782 seconds
[2019-12-08T11:50:43.902+0000][1][safepoint    ] Entering safepoint region: Cleanup
[2019-12-08T11:50:43.903+0000][1][safepoint    ] Leaving safepoint region
[2019-12-08T11:50:43.903+0000][1][safepoint    ] Total time for which application threads were stopped: 0.0000766 seconds, Stopping threads took: 0.0000197 seconds
[2019-12-08T11:50:44.903+0000][1][safepoint    ] Application time: 1.0000777 seconds
[2019-12-08T11:50:44.903+0000][1][safepoint    ] Entering safepoint region: Cleanup
[2019-12-08T11:50:44.903+0000][1][safepoint    ] Leaving safepoint region
[2019-12-08T11:50:44.903+0000][1][safepoint    ] Total time for which application threads were stopped: 0.0000902 seconds, Stopping threads took: 0.0000186 seconds
[2019-12-08T11:50:45.903+0000][1][safepoint    ] Application time: 1.0000812 seconds
[2019-12-08T11:50:45.903+0000][1][safepoint    ] Entering safepoint region: Cleanup
[2019-12-08T11:50:45.903+0000][1][safepoint    ] Leaving safepoint region
[2019-12-08T11:50:45.903+0000][1][safepoint    ] Total time for which application threads were stopped: 0.0000766 seconds, Stopping threads took: 0.0000197 seconds
[2019-12-08T11:50:46.903+0000][1][safepoint    ] Application time: 1.0000803 seconds
[2019-12-08T11:50:46.903+0000][1][safepoint    ] Entering safepoint region: Cleanup
[2019-12-08T11:50:46.903+0000][1][safepoint    ] Leaving safepoint region
[2019-12-08T11:50:46.903+0000][1][safepoint    ] Total time for which application threads were stopped: 0.0000776 seconds, Stopping threads took: 0.0000191 seconds
[2019-12-08T11:50:47.903+0000][1][safepoint    ] Application time: 1.0000803 seconds
[2019-12-08T11:50:47.903+0000][1][safepoint    ] Entering safepoint region: Cleanup
[2019-12-08T11:50:47.903+0000][1][safepoint    ] Leaving safepoint region
[2019-12-08T11:50:47.903+0000][1][safepoint    ] Total time for which application threads were stopped: 0.0000859 seconds, Stopping threads took: 0.0000187 seconds
[2019-12-08T11:50:48.903+0000][1][safepoint    ] Application time: 1.0000909 seconds
[2019-12-08T11:50:48.904+0000][1][safepoint    ] Entering safepoint region: Cleanup
[2019-12-08T11:50:48.904+0000][1][safepoint    ] Leaving safepoint region
[2019-12-08T11:50:48.904+0000][1][safepoint    ] Total time for which application threads were stopped: 0.0000777 seconds, Stopping threads took: 0.0000205 seconds
[2019-12-08T11:50:49.904+0000][1][safepoint    ] Application time: 1.0000835 seconds
[2019-12-08T11:50:49.904+0000][1][safepoint    ] Entering safepoint region: Cleanup
[2019-12-08T11:50:49.904+0000][1][safepoint    ] Leaving safepoint region
[2019-12-08T11:50:49.904+0000][1][safepoint    ] Total time for which application threads were stopped: 0.0000759 seconds, Stopping threads took: 0.0000185 seconds
[2019-12-08T11:50:50.904+0000][1][safepoint    ] Application time: 1.0000801 seconds
[2019-12-08T11:50:50.904+0000][1][safepoint    ] Entering safepoint region: Cleanup
[2019-12-08T11:50:50.904+0000][1][safepoint    ] Leaving safepoint region
[2019-12-08T11:50:50.904+0000][1][safepoint    ] Total time for which application threads were stopped: 0.0000771 seconds, Stopping threads took: 0.0000193 seconds
[2019-12-08T11:50:50.988+0000][1][safepoint    ] Application time: 0.0843837 seconds
[2019-12-08T11:50:50.988+0000][1][safepoint    ] Entering safepoint region: GenCollectForAllocation
[2019-12-08T11:50:50.989+0000][1][gc,start     ] GC(31) Pause Young (Allocation Failure)
[2019-12-08T11:50:50.989+0000][1][gc,task      ] GC(31) Using 4 workers of 4 for evacuation
[2019-12-08T11:50:50.990+0000][1][gc,age       ] GC(31) Desired survivor size 4456448 bytes, new threshold 6 (max threshold 6)
[2019-12-08T11:50:50.990+0000][1][gc,age       ] GC(31) Age table with threshold 6 (max threshold 6)
[2019-12-08T11:50:50.990+0000][1][gc,age       ] GC(31) - age   1:       6248 bytes,       6248 total
[2019-12-08T11:50:50.990+0000][1][gc,age       ] GC(31) - age   2:       3496 bytes,       9744 total
[2019-12-08T11:50:50.990+0000][1][gc,age       ] GC(31) - age   3:       1600 bytes,      11344 total
[2019-12-08T11:50:50.990+0000][1][gc,age       ] GC(31) - age   4:       2944 bytes,      14288 total
[2019-12-08T11:50:50.990+0000][1][gc,age       ] GC(31) - age   5:       1592 bytes,      15880 total
[2019-12-08T11:50:50.990+0000][1][gc,age       ] GC(31) - age   6:       5592 bytes,      21472 total
[2019-12-08T11:50:50.990+0000][1][gc,heap      ] GC(31) ParNew: 70193K->79K(78656K)
[2019-12-08T11:50:50.990+0000][1][gc,heap      ] GC(31) CMS: 70125K->70135K(174784K)
[2019-12-08T11:50:50.990+0000][1][gc,metaspace ] GC(31) Metaspace: 68995K->68995K(1112064K)
[2019-12-08T11:50:50.990+0000][1][gc           ] GC(31) Pause Young (Allocation Failure) 137M->68M(247M) 1.450ms
[2019-12-08T11:50:50.990+0000][1][gc,cpu       ] GC(31) User=0.00s Sys=0.00s Real=0.00s
[2019-12-08T11:50:50.990+0000][1][safepoint    ] Leaving safepoint region
[2019-12-08T11:50:50.990+0000][1][safepoint    ] Total time for which application threads were stopped: 0.0016235 seconds, Stopping threads took: 0.0000240 seconds
[2019-12-08T11:50:51.990+0000][1][safepoint    ] Application time: 1.0000903 seconds
[2019-12-08T11:50:51.990+0000][1][safepoint    ] Entering safepoint region: Cleanup
[2019-12-08T11:50:51.990+0000][1][safepoint    ] Leaving safepoint region
[2019-12-08T11:50:51.990+0000][1][safepoint    ] Total time for which application threads were stopped: 0.0000770 seconds, Stopping threads took: 0.0000198 seconds
[2019-12-08T11:50:52.990+0000][1][safepoint    ] Application time: 1.0000803 seconds
[2019-12-08T11:50:52.990+0000][1][safepoint    ] Entering safepoint region: Cleanup
[2019-12-08T11:50:52.990+0000][1][safepoint    ] Leaving safepoint region
[2019-12-08T11:50:52.990+0000][1][safepoint    ] Total time for which application threads were stopped: 0.0000770 seconds, Stopping threads took: 0.0000191 seconds
[2019-12-08T11:50:53.991+0000][1][safepoint    ] Application time: 1.0001257 seconds
[2019-12-08T11:50:53.991+0000][1][safepoint    ] Entering safepoint region: Cleanup
[2019-12-08T11:50:53.991+0000][1][safepoint    ] Leaving safepoint region
[2019-12-08T11:50:53.991+0000][1][safepoint    ] Total time for which application threads were stopped: 0.0001238 seconds, Stopping threads took: 0.0000255 seconds
[2019-12-08T11:50:54.991+0000][1][safepoint    ] Application time: 1.0000937 seconds
[2019-12-08T11:50:54.991+0000][1][safepoint    ] Entering safepoint region: Cleanup
[2019-12-08T11:50:54.991+0000][1][safepoint    ] Leaving safepoint region
[2019-12-08T11:50:54.991+0000][1][safepoint    ] Total time for which application threads were stopped: 0.0000827 seconds, Stopping threads took: 0.0000205 seconds
[2019-12-08T11:50:55.991+0000][1][safepoint    ] Application time: 1.0000905 seconds
[2019-12-08T11:50:55.991+0000][1][safepoint    ] Entering safepoint region: Cleanup
[2019-12-08T11:50:55.991+0000][1][safepoint    ] Leaving safepoint region
[2019-12-08T11:50:55.991+0000][1][safepoint    ] Total time for which application threads were stopped: 0.0000889 seconds, Stopping threads took: 0.0000290 seconds
[2019-12-08T11:50:56.991+0000][1][safepoint    ] Application time: 1.0000859 seconds
[2019-12-08T11:50:56.991+0000][1][safepoint    ] Entering safepoint region: Cleanup
[2019-12-08T11:50:56.991+0000][1][safepoint    ] Leaving safepoint region
[2019-12-08T11:50:56.991+0000][1][safepoint    ] Total time for which application threads were stopped: 0.0000790 seconds, Stopping threads took: 0.0000194 seconds
[2019-12-08T11:50:57.991+0000][1][safepoint    ] Application time: 1.0000829 seconds
[2019-12-08T11:50:57.992+0000][1][safepoint    ] Entering safepoint region: Cleanup
[2019-12-08T11:50:57.992+0000][1][safepoint    ] Leaving safepoint region
[2019-12-08T11:50:57.992+0000][1][safepoint    ] Total time for which application threads were stopped: 0.0000778 seconds, Stopping threads took: 0.0000199 seconds
[2019-12-08T11:50:58.992+0000][1][safepoint    ] Application time: 1.0000861 seconds
[2019-12-08T11:50:58.992+0000][1][safepoint    ] Entering safepoint region: Cleanup
[2019-12-08T11:50:58.992+0000][1][safepoint    ] Leaving safepoint region
[2019-12-08T11:50:58.992+0000][1][safepoint    ] Total time for which application threads were stopped: 0.0000762 seconds, Stopping threads took: 0.0000192 seconds
[2019-12-08T11:50:59.992+0000][1][safepoint    ] Application time: 1.0000903 seconds
[2019-12-08T11:50:59.992+0000][1][safepoint    ] Entering safepoint region: Cleanup
[2019-12-08T11:50:59.992+0000][1][safepoint    ] Leaving safepoint region
[2019-12-08T11:50:59.992+0000][1][safepoint    ] Total time for which application threads were stopped: 0.0001564 seconds, Stopping threads took: 0.0000875 seconds
[2019-12-08T11:51:01.121+0000][1][safepoint    ] Application time: 1.1286028 seconds
[2019-12-08T11:51:01.121+0000][1][safepoint    ] Entering safepoint region: Cleanup
[2019-12-08T11:51:01.121+0000][1][safepoint    ] Leaving safepoint region
[2019-12-08T11:51:01.121+0000][1][safepoint    ] Total time for which application threads were stopped: 0.0001148 seconds, Stopping threads took: 0.0000384 seconds
[2019-12-08T11:51:02.121+0000][1][safepoint    ] Application time: 1.0000893 seconds
[2019-12-08T11:51:02.121+0000][1][safepoint    ] Entering safepoint region: Cleanup
[2019-12-08T11:51:02.121+0000][1][safepoint    ] Leaving safepoint region
[2019-12-08T11:51:02.121+0000][1][safepoint    ] Total time for which application threads were stopped: 0.0000783 seconds, Stopping threads took: 0.0000192 seconds
[2019-12-08T11:51:03.121+0000][1][safepoint    ] Application time: 1.0000856 seconds
[2019-12-08T11:51:03.121+0000][1][safepoint    ] Entering safepoint region: Cleanup
[2019-12-08T11:51:03.121+0000][1][safepoint    ] Leaving safepoint region
[2019-12-08T11:51:03.121+0000][1][safepoint    ] Total time for which application threads were stopped: 0.0000903 seconds, Stopping threads took: 0.0000196 seconds
[2019-12-08T11:51:04.121+0000][1][safepoint    ] Application time: 1.0000873 seconds
[2019-12-08T11:51:04.121+0000][1][safepoint    ] Entering safepoint region: Cleanup
[2019-12-08T11:51:04.121+0000][1][safepoint    ] Leaving safepoint region
[2019-12-08T11:51:04.122+0000][1][safepoint    ] Total time for which application threads were stopped: 0.0000773 seconds, Stopping threads took: 0.0000202 seconds
[2019-12-08T11:51:05.122+0000][1][safepoint    ] Application time: 1.0000796 seconds
[2019-12-08T11:51:05.122+0000][1][safepoint    ] Entering safepoint region: Cleanup
[2019-12-08T11:51:05.122+0000][1][safepoint    ] Leaving safepoint region
[2019-12-08T11:51:05.122+0000][1][safepoint    ] Total time for which application threads were stopped: 0.0000798 seconds, Stopping threads took: 0.0000173 seconds
[2019-12-08T11:51:06.122+0000][1][safepoint    ] Application time: 1.0000936 seconds
[2019-12-08T11:51:06.122+0000][1][safepoint    ] Entering safepoint region: Cleanup
[2019-12-08T11:51:06.122+0000][1][safepoint    ] Leaving safepoint region
[2019-12-08T11:51:06.122+0000][1][safepoint    ] Total time for which application threads were stopped: 0.0000768 seconds, Stopping threads took: 0.0000212 seconds
[2019-12-08T11:51:07.122+0000][1][safepoint    ] Application time: 1.0001127 seconds
[2019-12-08T11:51:07.122+0000][1][safepoint    ] Entering safepoint region: Cleanup
[2019-12-08T11:51:07.122+0000][1][safepoint    ] Leaving safepoint region
[2019-12-08T11:51:07.122+0000][1][safepoint    ] Total time for which application threads were stopped: 0.0000749 seconds, Stopping threads took: 0.0000189 seconds
[2019-12-08T11:51:08.123+0000][1][safepoint    ] Application time: 1.0006369 seconds
[2019-12-08T11:51:08.123+0000][1][safepoint    ] Entering safepoint region: Cleanup
[2019-12-08T11:51:08.123+0000][1][safepoint    ] Leaving safepoint region
[2019-12-08T11:51:08.123+0000][1][safepoint    ] Total time for which application threads were stopped: 0.0001050 seconds, Stopping threads took: 0.0000274 seconds
[2019-12-08T11:51:09.123+0000][1][safepoint    ] Application time: 1.0000855 seconds
[2019-12-08T11:51:09.123+0000][1][safepoint    ] Entering safepoint region: Cleanup
[2019-12-08T11:51:09.123+0000][1][safepoint    ] Leaving safepoint region
[2019-12-08T11:51:09.123+0000][1][safepoint    ] Total time for which application threads were stopped: 0.0000827 seconds, Stopping threads took: 0.0000223 seconds
[2019-12-08T11:51:10.123+0000][1][safepoint    ] Application time: 1.0000835 seconds
[2019-12-08T11:51:10.123+0000][1][safepoint    ] Entering safepoint region: Cleanup
[2019-12-08T11:51:10.123+0000][1][safepoint    ] Leaving safepoint region
[2019-12-08T11:51:10.123+0000][1][safepoint    ] Total time for which application threads were stopped: 0.0000762 seconds, Stopping threads took: 0.0000178 seconds
[2019-12-08T11:51:11.123+0000][1][safepoint    ] Application time: 1.0000853 seconds
[2019-12-08T11:51:11.124+0000][1][safepoint    ] Entering safepoint region: Cleanup
[2019-12-08T11:51:11.124+0000][1][safepoint    ] Leaving safepoint region
[2019-12-08T11:51:11.124+0000][1][safepoint    ] Total time for which application threads were stopped: 0.0000756 seconds, Stopping threads took: 0.0000197 seconds
[2019-12-08T11:51:12.124+0000][1][safepoint    ] Application time: 1.0000794 seconds
[2019-12-08T11:51:12.124+0000][1][safepoint    ] Entering safepoint region: Cleanup
[2019-12-08T11:51:12.124+0000][1][safepoint    ] Leaving safepoint region
[2019-12-08T11:51:12.124+0000][1][safepoint    ] Total time for which application threads were stopped: 0.0000787 seconds, Stopping threads took: 0.0000195 seconds
[2019-12-08T11:51:13.124+0000][1][safepoint    ] Application time: 1.0000790 seconds
[2019-12-08T11:51:13.124+0000][1][safepoint    ] Entering safepoint region: Cleanup
[2019-12-08T11:51:13.124+0000][1][safepoint    ] Leaving safepoint region
[2019-12-08T11:51:13.124+0000][1][safepoint    ] Total time for which application threads were stopped: 0.0000747 seconds, Stopping threads took: 0.0000195 seconds
[2019-12-08T11:51:14.124+0000][1][safepoint    ] Application time: 1.0000810 seconds
[2019-12-08T11:51:14.124+0000][1][safepoint    ] Entering safepoint region: Cleanup
[2019-12-08T11:51:14.124+0000][1][safepoint    ] Leaving safepoint region
[2019-12-08T11:51:14.124+0000][1][safepoint    ] Total time for which application threads were stopped: 0.0000744 seconds, Stopping threads took: 0.0000183 seconds
[2019-12-08T11:51:15.124+0000][1][safepoint    ] Application time: 1.0000784 seconds
[2019-12-08T11:51:15.124+0000][1][safepoint    ] Entering safepoint region: Cleanup
[2019-12-08T11:51:15.124+0000][1][safepoint    ] Leaving safepoint region
[2019-12-08T11:51:15.124+0000][1][safepoint    ] Total time for which application threads were stopped: 0.0000713 seconds, Stopping threads took: 0.0000181 seconds
[2019-12-08T11:51:16.124+0000][1][safepoint    ] Application time: 1.0000764 seconds
[2019-12-08T11:51:16.125+0000][1][safepoint    ] Entering safepoint region: Cleanup
[2019-12-08T11:51:16.125+0000][1][safepoint    ] Leaving safepoint region
[2019-12-08T11:51:16.125+0000][1][safepoint    ] Total time for which application threads were stopped: 0.0000776 seconds, Stopping threads took: 0.0000194 seconds
[2019-12-08T11:51:17.125+0000][1][safepoint    ] Application time: 1.0000763 seconds
[2019-12-08T11:51:17.125+0000][1][safepoint    ] Entering safepoint region: Cleanup
[2019-12-08T11:51:17.125+0000][1][safepoint    ] Leaving safepoint region
[2019-12-08T11:51:17.125+0000][1][safepoint    ] Total time for which application threads were stopped: 0.0000725 seconds, Stopping threads took: 0.0000172 seconds
[2019-12-08T11:51:19.016+0000][1][safepoint    ] Application time: 1.8916192 seconds
[2019-12-08T11:51:19.016+0000][1][safepoint    ] Entering safepoint region: Cleanup
[2019-12-08T11:51:19.016+0000][1][safepoint    ] Leaving safepoint region
[2019-12-08T11:51:19.016+0000][1][safepoint    ] Total time for which application threads were stopped: 0.0000684 seconds, Stopping threads took: 0.0000169 seconds
[2019-12-08T11:51:20.017+0000][1][safepoint    ] Application time: 1.0000779 seconds
[2019-12-08T11:51:20.017+0000][1][safepoint    ] Entering safepoint region: Cleanup
[2019-12-08T11:51:20.017+0000][1][safepoint    ] Leaving safepoint region
[2019-12-08T11:51:20.017+0000][1][safepoint    ] Total time for which application threads were stopped: 0.0000690 seconds, Stopping threads took: 0.0000178 seconds
[2019-12-08T11:51:21.017+0000][1][safepoint    ] Application time: 1.0000854 seconds
[2019-12-08T11:51:21.017+0000][1][safepoint    ] Entering safepoint region: Cleanup
[2019-12-08T11:51:21.017+0000][1][safepoint    ] Leaving safepoint region
[2019-12-08T11:51:21.017+0000][1][safepoint    ] Total time for which application threads were stopped: 0.0000705 seconds, Stopping threads took: 0.0000170 seconds
[2019-12-08T11:51:22.017+0000][1][safepoint    ] Application time: 1.0000789 seconds
[2019-12-08T11:51:22.017+0000][1][safepoint    ] Entering safepoint region: Cleanup
[2019-12-08T11:51:22.017+0000][1][safepoint    ] Leaving safepoint region
[2019-12-08T11:51:22.017+0000][1][safepoint    ] Total time for which application threads were stopped: 0.0000699 seconds, Stopping threads took: 0.0000167 seconds
[2019-12-08T11:51:23.017+0000][1][safepoint    ] Application time: 1.0000782 seconds
[2019-12-08T11:51:23.017+0000][1][safepoint    ] Entering safepoint region: Cleanup
[2019-12-08T11:51:23.017+0000][1][safepoint    ] Leaving safepoint region
[2019-12-08T11:51:23.017+0000][1][safepoint    ] Total time for which application threads were stopped: 0.0000708 seconds, Stopping threads took: 0.0000179 seconds
[2019-12-08T11:51:24.017+0000][1][safepoint    ] Application time: 1.0000792 seconds
[2019-12-08T11:51:24.017+0000][1][safepoint    ] Entering safepoint region: Cleanup
[2019-12-08T11:51:24.017+0000][1][safepoint    ] Leaving safepoint region
[2019-12-08T11:51:24.017+0000][1][safepoint    ] Total time for which application threads were stopped: 0.0000790 seconds, Stopping threads took: 0.0000192 seconds
[2019-12-08T11:51:25.018+0000][1][safepoint    ] Application time: 1.0000746 seconds
[2019-12-08T11:51:25.018+0000][1][safepoint    ] Entering safepoint region: Cleanup
[2019-12-08T11:51:25.018+0000][1][safepoint    ] Leaving safepoint region
[2019-12-08T11:51:25.018+0000][1][safepoint    ] Total time for which application threads were stopped: 0.0000705 seconds, Stopping threads took: 0.0000179 seconds
[2019-12-08T11:51:26.018+0000][1][safepoint    ] Application time: 1.0000768 seconds
[2019-12-08T11:51:26.018+0000][1][safepoint    ] Entering safepoint region: Cleanup
[2019-12-08T11:51:26.018+0000][1][safepoint    ] Leaving safepoint region
[2019-12-08T11:51:26.018+0000][1][safepoint    ] Total time for which application threads were stopped: 0.0000697 seconds, Stopping threads took: 0.0000178 seconds
[2019-12-08T11:51:27.018+0000][1][safepoint    ] Application time: 1.0000752 seconds
[2019-12-08T11:51:27.018+0000][1][safepoint    ] Entering safepoint region: Cleanup
[2019-12-08T11:51:27.018+0000][1][safepoint    ] Leaving safepoint region
[2019-12-08T11:51:27.018+0000][1][safepoint    ] Total time for which application threads were stopped: 0.0000694 seconds, Stopping threads took: 0.0000183 seconds
[2019-12-08T11:51:28.018+0000][1][safepoint    ] Application time: 1.0000747 seconds
[2019-12-08T11:51:28.018+0000][1][safepoint    ] Entering safepoint region: Cleanup
[2019-12-08T11:51:28.018+0000][1][safepoint    ] Leaving safepoint region
[2019-12-08T11:51:28.018+0000][1][safepoint    ] Total time for which application threads were stopped: 0.0000717 seconds, Stopping threads took: 0.0000187 seconds
[2019-12-08T11:51:29.018+0000][1][safepoint    ] Application time: 1.0000772 seconds
[2019-12-08T11:51:29.018+0000][1][safepoint    ] Entering safepoint region: Cleanup
[2019-12-08T11:51:29.018+0000][1][safepoint    ] Leaving safepoint region
[2019-12-08T11:51:29.018+0000][1][safepoint    ] Total time for which application threads were stopped: 0.0000708 seconds, Stopping threads took: 0.0000182 seconds
[2019-12-08T11:51:30.018+0000][1][safepoint    ] Application time: 1.0000789 seconds
[2019-12-08T11:51:30.019+0000][1][safepoint    ] Entering safepoint region: Cleanup
[2019-12-08T11:51:30.019+0000][1][safepoint    ] Leaving safepoint region
[2019-12-08T11:51:30.019+0000][1][safepoint    ] Total time for which application threads were stopped: 0.0000708 seconds, Stopping threads took: 0.0000176 seconds
[2019-12-08T11:51:31.019+0000][1][safepoint    ] Application time: 1.0000781 seconds
[2019-12-08T11:51:31.019+0000][1][safepoint    ] Entering safepoint region: Cleanup
[2019-12-08T11:51:31.019+0000][1][safepoint    ] Leaving safepoint region
[2019-12-08T11:51:31.019+0000][1][safepoint    ] Total time for which application threads were stopped: 0.0000766 seconds, Stopping threads took: 0.0000197 seconds
[2019-12-08T11:51:32.019+0000][1][safepoint    ] Application time: 1.0000786 seconds
[2019-12-08T11:51:32.019+0000][1][safepoint    ] Entering safepoint region: Cleanup
[2019-12-08T11:51:32.019+0000][1][safepoint    ] Leaving safepoint region
[2019-12-08T11:51:32.019+0000][1][safepoint    ] Total time for which application threads were stopped: 0.0000768 seconds, Stopping threads took: 0.0000190 seconds
[2019-12-08T11:51:33.019+0000][1][safepoint    ] Application time: 1.0000817 seconds
[2019-12-08T11:51:33.019+0000][1][safepoint    ] Entering safepoint region: Cleanup
[2019-12-08T11:51:33.019+0000][1][safepoint    ] Leaving safepoint region
[2019-12-08T11:51:33.019+0000][1][safepoint    ] Total time for which application threads were stopped: 0.0000699 seconds, Stopping threads took: 0.0000167 seconds
[2019-12-08T11:51:34.019+0000][1][safepoint    ] Application time: 1.0000840 seconds
[2019-12-08T11:51:34.019+0000][1][safepoint    ] Entering safepoint region: Cleanup
[2019-12-08T11:51:34.019+0000][1][safepoint    ] Leaving safepoint region
[2019-12-08T11:51:34.019+0000][1][safepoint    ] Total time for which application threads were stopped: 0.0000753 seconds, Stopping threads took: 0.0000200 seconds
[2019-12-08T11:51:35.019+0000][1][safepoint    ] Application time: 1.0000809 seconds
[2019-12-08T11:51:35.019+0000][1][safepoint    ] Entering safepoint region: Cleanup
[2019-12-08T11:51:35.020+0000][1][safepoint    ] Leaving safepoint region
[2019-12-08T11:51:35.020+0000][1][safepoint    ] Total time for which application threads were stopped: 0.0000781 seconds, Stopping threads took: 0.0000246 seconds
[2019-12-08T11:51:36.020+0000][1][safepoint    ] Application time: 1.0000794 seconds
[2019-12-08T11:51:36.020+0000][1][safepoint    ] Entering safepoint region: Cleanup
[2019-12-08T11:51:36.020+0000][1][safepoint    ] Leaving safepoint region
[2019-12-08T11:51:36.020+0000][1][safepoint    ] Total time for which application threads were stopped: 0.0000789 seconds, Stopping threads took: 0.0000258 seconds
[2019-12-08T11:51:37.020+0000][1][safepoint    ] Application time: 1.0000778 seconds
[2019-12-08T11:51:37.020+0000][1][safepoint    ] Entering safepoint region: Cleanup
[2019-12-08T11:51:37.020+0000][1][safepoint    ] Leaving safepoint region
[2019-12-08T11:51:37.020+0000][1][safepoint    ] Total time for which application threads were stopped: 0.0000705 seconds, Stopping threads took: 0.0000174 seconds
[2019-12-08T11:51:38.020+0000][1][safepoint    ] Application time: 1.0000782 seconds
[2019-12-08T11:51:38.020+0000][1][safepoint    ] Entering safepoint region: Cleanup
[2019-12-08T11:51:38.020+0000][1][safepoint    ] Leaving safepoint region
[2019-12-08T11:51:38.020+0000][1][safepoint    ] Total time for which application threads were stopped: 0.0000728 seconds, Stopping threads took: 0.0000181 seconds
[2019-12-08T11:51:39.020+0000][1][safepoint    ] Application time: 1.0000800 seconds
[2019-12-08T11:51:39.020+0000][1][safepoint    ] Entering safepoint region: Cleanup
[2019-12-08T11:51:39.020+0000][1][safepoint    ] Leaving safepoint region
[2019-12-08T11:51:39.020+0000][1][safepoint    ] Total time for which application threads were stopped: 0.0000742 seconds, Stopping threads took: 0.0000187 seconds
[2019-12-08T11:51:40.020+0000][1][safepoint    ] Application time: 1.0000463 seconds
[2019-12-08T11:51:40.020+0000][1][safepoint    ] Entering safepoint region: Cleanup
[2019-12-08T11:51:40.020+0000][1][safepoint    ] Leaving safepoint region
[2019-12-08T11:51:40.020+0000][1][safepoint    ] Total time for which application threads were stopped: 0.0000718 seconds, Stopping threads took: 0.0000174 seconds
[2019-12-08T11:51:41.021+0000][1][safepoint    ] Application time: 1.0000777 seconds
[2019-12-08T11:51:41.021+0000][1][safepoint    ] Entering safepoint region: Cleanup
[2019-12-08T11:51:41.021+0000][1][safepoint    ] Leaving safepoint region
[2019-12-08T11:51:41.021+0000][1][safepoint    ] Total time for which application threads were stopped: 0.0000731 seconds, Stopping threads took: 0.0000178 seconds
[2019-12-08T11:51:42.021+0000][1][safepoint    ] Application time: 1.0000860 seconds
[2019-12-08T11:51:42.021+0000][1][safepoint    ] Entering safepoint region: Cleanup
[2019-12-08T11:51:42.021+0000][1][safepoint    ] Leaving safepoint region
[2019-12-08T11:51:42.021+0000][1][safepoint    ] Total time for which application threads were stopped: 0.0000695 seconds, Stopping threads took: 0.0000177 seconds
[2019-12-08T11:51:43.021+0000][1][safepoint    ] Application time: 1.0000810 seconds
[2019-12-08T11:51:43.021+0000][1][safepoint    ] Entering safepoint region: Cleanup
[2019-12-08T11:51:43.021+0000][1][safepoint    ] Leaving safepoint region
[2019-12-08T11:51:43.021+0000][1][safepoint    ] Total time for which application threads were stopped: 0.0000691 seconds, Stopping threads took: 0.0000182 seconds
[2019-12-08T11:51:44.021+0000][1][safepoint    ] Application time: 1.0000811 seconds
[2019-12-08T11:51:44.021+0000][1][safepoint    ] Entering safepoint region: Cleanup
[2019-12-08T11:51:44.021+0000][1][safepoint    ] Leaving safepoint region
[2019-12-08T11:51:44.021+0000][1][safepoint    ] Total time for which application threads were stopped: 0.0000752 seconds, Stopping threads took: 0.0000201 seconds
[2019-12-08T11:51:45.021+0000][1][safepoint    ] Application time: 1.0000801 seconds
[2019-12-08T11:51:45.021+0000][1][safepoint    ] Entering safepoint region: Cleanup
[2019-12-08T11:51:45.021+0000][1][safepoint    ] Leaving safepoint region
[2019-12-08T11:51:45.021+0000][1][safepoint    ] Total time for which application threads were stopped: 0.0000830 seconds, Stopping threads took: 0.0000267 seconds
[2019-12-08T11:51:46.022+0000][1][safepoint    ] Application time: 1.0000820 seconds
[2019-12-08T11:51:46.022+0000][1][safepoint    ] Entering safepoint region: Cleanup
[2019-12-08T11:51:46.022+0000][1][safepoint    ] Leaving safepoint region
[2019-12-08T11:51:46.022+0000][1][safepoint    ] Total time for which application threads were stopped: 0.0000873 seconds, Stopping threads took: 0.0000198 seconds
[2019-12-08T11:51:47.022+0000][1][safepoint    ] Application time: 1.0000802 seconds
[2019-12-08T11:51:47.022+0000][1][safepoint    ] Entering safepoint region: Cleanup
[2019-12-08T11:51:47.022+0000][1][safepoint    ] Leaving safepoint region
[2019-12-08T11:51:47.022+0000][1][safepoint    ] Total time for which application threads were stopped: 0.0000709 seconds, Stopping threads took: 0.0000176 seconds
[2019-12-08T11:51:48.022+0000][1][safepoint    ] Application time: 1.0000943 seconds
[2019-12-08T11:51:48.022+0000][1][safepoint    ] Entering safepoint region: Cleanup
[2019-12-08T11:51:48.022+0000][1][safepoint    ] Leaving safepoint region
[2019-12-08T11:51:48.022+0000][1][safepoint    ] Total time for which application threads were stopped: 0.0000720 seconds, Stopping threads took: 0.0000172 seconds
[2019-12-08T11:51:49.022+0000][1][safepoint    ] Application time: 1.0000815 seconds
[2019-12-08T11:51:49.022+0000][1][safepoint    ] Entering safepoint region: Cleanup
[2019-12-08T11:51:49.022+0000][1][safepoint    ] Leaving safepoint region
[2019-12-08T11:51:49.022+0000][1][safepoint    ] Total time for which application threads were stopped: 0.0000723 seconds, Stopping threads took: 0.0000185 seconds
[2019-12-08T11:51:50.022+0000][1][safepoint    ] Application time: 1.0000852 seconds
[2019-12-08T11:51:50.022+0000][1][safepoint    ] Entering safepoint region: Cleanup
[2019-12-08T11:51:50.023+0000][1][safepoint    ] Leaving safepoint region
[2019-12-08T11:51:50.023+0000][1][safepoint    ] Total time for which application threads were stopped: 0.0000771 seconds, Stopping threads took: 0.0000209 seconds
[2019-12-08T11:51:51.023+0000][1][safepoint    ] Application time: 1.0001534 seconds
[2019-12-08T11:51:51.023+0000][1][safepoint    ] Entering safepoint region: Cleanup
[2019-12-08T11:51:51.023+0000][1][safepoint    ] Leaving safepoint region
[2019-12-08T11:51:51.023+0000][1][safepoint    ] Total time for which application threads were stopped: 0.0001003 seconds, Stopping threads took: 0.0000252 seconds
[2019-12-08T11:51:52.023+0000][1][safepoint    ] Application time: 1.0000850 seconds
[2019-12-08T11:51:52.023+0000][1][safepoint    ] Entering safepoint region: Cleanup
[2019-12-08T11:51:52.023+0000][1][safepoint    ] Leaving safepoint region
[2019-12-08T11:51:52.023+0000][1][safepoint    ] Total time for which application threads were stopped: 0.0001541 seconds, Stopping threads took: 0.0000563 seconds
[2019-12-08T11:51:53.023+0000][1][safepoint    ] Application time: 1.0000935 seconds
[2019-12-08T11:51:53.023+0000][1][safepoint    ] Entering safepoint region: Cleanup
[2019-12-08T11:51:53.023+0000][1][safepoint    ] Leaving safepoint region
[2019-12-08T11:51:53.023+0000][1][safepoint    ] Total time for which application threads were stopped: 0.0001001 seconds, Stopping threads took: 0.0000256 seconds
[2019-12-08T11:51:54.023+0000][1][safepoint    ] Application time: 1.0000852 seconds
[2019-12-08T11:51:54.024+0000][1][safepoint    ] Entering safepoint region: Cleanup
[2019-12-08T11:51:54.024+0000][1][safepoint    ] Leaving safepoint region
[2019-12-08T11:51:54.024+0000][1][safepoint    ] Total time for which application threads were stopped: 0.0001067 seconds, Stopping threads took: 0.0000239 seconds
[2019-12-08T11:51:55.024+0000][1][safepoint    ] Application time: 1.0000805 seconds
[2019-12-08T11:51:55.024+0000][1][safepoint    ] Entering safepoint region: Cleanup
[2019-12-08T11:51:55.024+0000][1][safepoint    ] Leaving safepoint region
[2019-12-08T11:51:55.024+0000][1][safepoint    ] Total time for which application threads were stopped: 0.0000894 seconds, Stopping threads took: 0.0000353 seconds
[2019-12-08T11:51:56.024+0000][1][safepoint    ] Application time: 1.0000779 seconds
[2019-12-08T11:51:56.024+0000][1][safepoint    ] Entering safepoint region: Cleanup
[2019-12-08T11:51:56.024+0000][1][safepoint    ] Leaving safepoint region
[2019-12-08T11:51:56.024+0000][1][safepoint    ] Total time for which application threads were stopped: 0.0000746 seconds, Stopping threads took: 0.0000212 seconds
[2019-12-08T11:51:57.024+0000][1][safepoint    ] Application time: 1.0000872 seconds
[2019-12-08T11:51:57.024+0000][1][safepoint    ] Entering safepoint region: Cleanup
[2019-12-08T11:51:57.024+0000][1][safepoint    ] Leaving safepoint region
[2019-12-08T11:51:57.024+0000][1][safepoint    ] Total time for which application threads were stopped: 0.0000834 seconds, Stopping threads took: 0.0000200 seconds
[2019-12-08T11:51:58.024+0000][1][safepoint    ] Application time: 1.0000914 seconds
[2019-12-08T11:51:58.024+0000][1][safepoint    ] Entering safepoint region: Cleanup
[2019-12-08T11:51:58.024+0000][1][safepoint    ] Leaving safepoint region
[2019-12-08T11:51:58.024+0000][1][safepoint    ] Total time for which application threads were stopped: 0.0000734 seconds, Stopping threads took: 0.0000185 seconds
[2019-12-08T11:51:59.025+0000][1][safepoint    ] Application time: 1.0000753 seconds
[2019-12-08T11:51:59.025+0000][1][safepoint    ] Entering safepoint region: Cleanup
[2019-12-08T11:51:59.025+0000][1][safepoint    ] Leaving safepoint region
[2019-12-08T11:51:59.025+0000][1][safepoint    ] Total time for which application threads were stopped: 0.0000779 seconds, Stopping threads took: 0.0000205 seconds
[2019-12-08T11:52:00.025+0000][1][safepoint    ] Application time: 1.0000778 seconds
[2019-12-08T11:52:00.025+0000][1][safepoint    ] Entering safepoint region: Cleanup
[2019-12-08T11:52:00.025+0000][1][safepoint    ] Leaving safepoint region
[2019-12-08T11:52:00.025+0000][1][safepoint    ] Total time for which application threads were stopped: 0.0000733 seconds, Stopping threads took: 0.0000195 seconds
[2019-12-08T11:52:01.025+0000][1][safepoint    ] Application time: 1.0000846 seconds
[2019-12-08T11:52:01.025+0000][1][safepoint    ] Entering safepoint region: Cleanup
[2019-12-08T11:52:01.025+0000][1][safepoint    ] Leaving safepoint region
[2019-12-08T11:52:01.025+0000][1][safepoint    ] Total time for which application threads were stopped: 0.0000783 seconds, Stopping threads took: 0.0000203 seconds
[2019-12-08T11:52:02.025+0000][1][safepoint    ] Application time: 1.0003763 seconds
[2019-12-08T11:52:02.025+0000][1][safepoint    ] Entering safepoint region: Cleanup
[2019-12-08T11:52:02.026+0000][1][safepoint    ] Leaving safepoint region
[2019-12-08T11:52:02.026+0000][1][safepoint    ] Total time for which application threads were stopped: 0.0001142 seconds, Stopping threads took: 0.0000342 seconds
[2019-12-08T11:52:03.026+0000][1][safepoint    ] Application time: 1.0000832 seconds
[2019-12-08T11:52:03.026+0000][1][safepoint    ] Entering safepoint region: Cleanup
[2019-12-08T11:52:03.026+0000][1][safepoint    ] Leaving safepoint region
[2019-12-08T11:52:03.026+0000][1][safepoint    ] Total time for which application threads were stopped: 0.0000847 seconds, Stopping threads took: 0.0000218 seconds
[2019-12-08T11:52:04.026+0000][1][safepoint    ] Application time: 1.0000833 seconds
[2019-12-08T11:52:04.026+0000][1][safepoint    ] Entering safepoint region: Cleanup
[2019-12-08T11:52:04.026+0000][1][safepoint    ] Leaving safepoint region
[2019-12-08T11:52:04.026+0000][1][safepoint    ] Total time for which application threads were stopped: 0.0000760 seconds, Stopping threads took: 0.0000197 seconds
[2019-12-08T11:52:05.026+0000][1][safepoint    ] Application time: 1.0000789 seconds
[2019-12-08T11:52:05.026+0000][1][safepoint    ] Entering safepoint region: Cleanup
[2019-12-08T11:52:05.026+0000][1][safepoint    ] Leaving safepoint region
[2019-12-08T11:52:05.026+0000][1][safepoint    ] Total time for which application threads were stopped: 0.0000870 seconds, Stopping threads took: 0.0000209 seconds
[2019-12-08T11:52:06.026+0000][1][safepoint    ] Application time: 1.0000776 seconds
[2019-12-08T11:52:06.026+0000][1][safepoint    ] Entering safepoint region: Cleanup
[2019-12-08T11:52:06.026+0000][1][safepoint    ] Leaving safepoint region
[2019-12-08T11:52:06.026+0000][1][safepoint    ] Total time for which application threads were stopped: 0.0000748 seconds, Stopping threads took: 0.0000181 seconds
[2019-12-08T11:52:07.026+0000][1][safepoint    ] Application time: 1.0000787 seconds
[2019-12-08T11:52:07.027+0000][1][safepoint    ] Entering safepoint region: Cleanup
[2019-12-08T11:52:07.027+0000][1][safepoint    ] Leaving safepoint region
[2019-12-08T11:52:07.027+0000][1][safepoint    ] Total time for which application threads were stopped: 0.0000769 seconds, Stopping threads took: 0.0000203 seconds
[2019-12-08T11:52:08.027+0000][1][safepoint    ] Application time: 1.0000935 seconds
[2019-12-08T11:52:08.027+0000][1][safepoint    ] Entering safepoint region: Cleanup
[2019-12-08T11:52:08.027+0000][1][safepoint    ] Leaving safepoint region
[2019-12-08T11:52:08.027+0000][1][safepoint    ] Total time for which application threads were stopped: 0.0000761 seconds, Stopping threads took: 0.0000198 seconds
[2019-12-08T11:52:09.027+0000][1][safepoint    ] Application time: 1.0000810 seconds
[2019-12-08T11:52:09.027+0000][1][safepoint    ] Entering safepoint region: Cleanup
[2019-12-08T11:52:09.027+0000][1][safepoint    ] Leaving safepoint region
[2019-12-08T11:52:09.027+0000][1][safepoint    ] Total time for which application threads were stopped: 0.0000746 seconds, Stopping threads took: 0.0000197 seconds
[2019-12-08T11:52:10.027+0000][1][safepoint    ] Application time: 1.0000790 seconds
[2019-12-08T11:52:10.027+0000][1][safepoint    ] Entering safepoint region: Cleanup
[2019-12-08T11:52:10.027+0000][1][safepoint    ] Leaving safepoint region
[2019-12-08T11:52:10.027+0000][1][safepoint    ] Total time for which application threads were stopped: 0.0000769 seconds, Stopping threads took: 0.0000212 seconds
[2019-12-08T11:52:11.027+0000][1][safepoint    ] Application time: 1.0000844 seconds
[2019-12-08T11:52:11.027+0000][1][safepoint    ] Entering safepoint region: Cleanup
[2019-12-08T11:52:11.027+0000][1][safepoint    ] Leaving safepoint region
[2019-12-08T11:52:11.027+0000][1][safepoint    ] Total time for which application threads were stopped: 0.0000772 seconds, Stopping threads took: 0.0000195 seconds
[2019-12-08T11:52:12.028+0000][1][safepoint    ] Application time: 1.0000819 seconds
[2019-12-08T11:52:12.028+0000][1][safepoint    ] Entering safepoint region: Cleanup
[2019-12-08T11:52:12.028+0000][1][safepoint    ] Leaving safepoint region
[2019-12-08T11:52:12.028+0000][1][safepoint    ] Total time for which application threads were stopped: 0.0000753 seconds, Stopping threads took: 0.0000188 seconds
[2019-12-08T11:52:13.028+0000][1][safepoint    ] Application time: 1.0000876 seconds
[2019-12-08T11:52:13.028+0000][1][safepoint    ] Entering safepoint region: Cleanup
[2019-12-08T11:52:13.028+0000][1][safepoint    ] Leaving safepoint region
[2019-12-08T11:52:13.028+0000][1][safepoint    ] Total time for which application threads were stopped: 0.0000754 seconds, Stopping threads took: 0.0000201 seconds
[2019-12-08T11:52:14.396+0000][1][safepoint    ] Application time: 1.3678358 seconds
[2019-12-08T11:52:14.396+0000][1][safepoint    ] Entering safepoint region: Cleanup
[2019-12-08T11:52:14.396+0000][1][safepoint    ] Leaving safepoint region
[2019-12-08T11:52:14.396+0000][1][safepoint    ] Total time for which application threads were stopped: 0.0000823 seconds, Stopping threads took: 0.0000200 seconds
[2019-12-08T11:52:15.396+0000][1][safepoint    ] Application time: 1.0000767 seconds
[2019-12-08T11:52:15.396+0000][1][safepoint    ] Entering safepoint region: Cleanup
[2019-12-08T11:52:15.396+0000][1][safepoint    ] Leaving safepoint region
[2019-12-08T11:52:15.396+0000][1][safepoint    ] Total time for which application threads were stopped: 0.0000836 seconds, Stopping threads took: 0.0000197 seconds
[2019-12-08T11:52:16.396+0000][1][safepoint    ] Application time: 1.0000816 seconds
[2019-12-08T11:52:16.396+0000][1][safepoint    ] Entering safepoint region: Cleanup
[2019-12-08T11:52:16.396+0000][1][safepoint    ] Leaving safepoint region
[2019-12-08T11:52:16.396+0000][1][safepoint    ] Total time for which application threads were stopped: 0.0000800 seconds, Stopping threads took: 0.0000211 seconds
[2019-12-08T11:52:17.396+0000][1][safepoint    ] Application time: 1.0000788 seconds
[2019-12-08T11:52:17.396+0000][1][safepoint    ] Entering safepoint region: Cleanup
[2019-12-08T11:52:17.396+0000][1][safepoint    ] Leaving safepoint region
[2019-12-08T11:52:17.396+0000][1][safepoint    ] Total time for which application threads were stopped: 0.0000753 seconds, Stopping threads took: 0.0000190 seconds
[2019-12-08T11:52:18.397+0000][1][safepoint    ] Application time: 1.0000845 seconds
[2019-12-08T11:52:18.397+0000][1][safepoint    ] Entering safepoint region: Cleanup
[2019-12-08T11:52:18.397+0000][1][safepoint    ] Leaving safepoint region
[2019-12-08T11:52:18.397+0000][1][safepoint    ] Total time for which application threads were stopped: 0.0001109 seconds, Stopping threads took: 0.0000474 seconds
[2019-12-08T11:52:19.397+0000][1][safepoint    ] Application time: 1.0000904 seconds
[2019-12-08T11:52:19.397+0000][1][safepoint    ] Entering safepoint region: Cleanup
[2019-12-08T11:52:19.397+0000][1][safepoint    ] Leaving safepoint region
[2019-12-08T11:52:19.397+0000][1][safepoint    ] Total time for which application threads were stopped: 0.0000750 seconds, Stopping threads took: 0.0000197 seconds
[2019-12-08T11:52:20.397+0000][1][safepoint    ] Application time: 1.0000799 seconds
[2019-12-08T11:52:20.397+0000][1][safepoint    ] Entering safepoint region: Cleanup
[2019-12-08T11:52:20.397+0000][1][safepoint    ] Leaving safepoint region
[2019-12-08T11:52:20.397+0000][1][safepoint    ] Total time for which application threads were stopped: 0.0000767 seconds, Stopping threads took: 0.0000216 seconds
[2019-12-08T11:52:21.397+0000][1][safepoint    ] Application time: 1.0000844 seconds
[2019-12-08T11:52:21.397+0000][1][safepoint    ] Entering safepoint region: Cleanup
[2019-12-08T11:52:21.397+0000][1][safepoint    ] Leaving safepoint region
[2019-12-08T11:52:21.397+0000][1][safepoint    ] Total time for which application threads were stopped: 0.0000849 seconds, Stopping threads took: 0.0000191 seconds
[2019-12-08T11:52:22.397+0000][1][safepoint    ] Application time: 1.0000824 seconds
[2019-12-08T11:52:22.397+0000][1][safepoint    ] Entering safepoint region: Cleanup
[2019-12-08T11:52:22.397+0000][1][safepoint    ] Leaving safepoint region
[2019-12-08T11:52:22.397+0000][1][safepoint    ] Total time for which application threads were stopped: 0.0000737 seconds, Stopping threads took: 0.0000180 seconds
[2019-12-08T11:52:23.398+0000][1][safepoint    ] Application time: 1.0000896 seconds
[2019-12-08T11:52:23.398+0000][1][safepoint    ] Entering safepoint region: Cleanup
[2019-12-08T11:52:23.398+0000][1][safepoint    ] Leaving safepoint region
[2019-12-08T11:52:23.398+0000][1][safepoint    ] Total time for which application threads were stopped: 0.0001506 seconds, Stopping threads took: 0.0000618 seconds
[2019-12-08T11:52:24.398+0000][1][safepoint    ] Application time: 1.0000940 seconds
[2019-12-08T11:52:24.398+0000][1][safepoint    ] Entering safepoint region: Cleanup
[2019-12-08T11:52:24.398+0000][1][safepoint    ] Leaving safepoint region
[2019-12-08T11:52:24.398+0000][1][safepoint    ] Total time for which application threads were stopped: 0.0000721 seconds, Stopping threads took: 0.0000189 seconds
[2019-12-08T11:52:25.398+0000][1][safepoint    ] Application time: 1.0000796 seconds
[2019-12-08T11:52:25.398+0000][1][safepoint    ] Entering safepoint region: Cleanup
[2019-12-08T11:52:25.398+0000][1][safepoint    ] Leaving safepoint region
[2019-12-08T11:52:25.398+0000][1][safepoint    ] Total time for which application threads were stopped: 0.0000827 seconds, Stopping threads took: 0.0000193 seconds
[2019-12-08T11:52:26.398+0000][1][safepoint    ] Application time: 1.0000836 seconds
[2019-12-08T11:52:26.398+0000][1][safepoint    ] Entering safepoint region: Cleanup
[2019-12-08T11:52:26.398+0000][1][safepoint    ] Leaving safepoint region
[2019-12-08T11:52:26.398+0000][1][safepoint    ] Total time for which application threads were stopped: 0.0000751 seconds, Stopping threads took: 0.0000194 seconds
[2019-12-08T11:52:27.398+0000][1][safepoint    ] Application time: 1.0000778 seconds
[2019-12-08T11:52:27.399+0000][1][safepoint    ] Entering safepoint region: Cleanup
[2019-12-08T11:52:27.399+0000][1][safepoint    ] Leaving safepoint region
[2019-12-08T11:52:27.399+0000][1][safepoint    ] Total time for which application threads were stopped: 0.0000724 seconds, Stopping threads took: 0.0000188 seconds
[2019-12-08T11:52:28.399+0000][1][safepoint    ] Application time: 1.0000817 seconds
[2019-12-08T11:52:28.399+0000][1][safepoint    ] Entering safepoint region: Cleanup
[2019-12-08T11:52:28.399+0000][1][safepoint    ] Leaving safepoint region
[2019-12-08T11:52:28.399+0000][1][safepoint    ] Total time for which application threads were stopped: 0.0000737 seconds, Stopping threads took: 0.0000197 seconds
[2019-12-08T11:52:29.399+0000][1][safepoint    ] Application time: 1.0000780 seconds
[2019-12-08T11:52:29.399+0000][1][safepoint    ] Entering safepoint region: Cleanup
[2019-12-08T11:52:29.399+0000][1][safepoint    ] Leaving safepoint region
[2019-12-08T11:52:29.399+0000][1][safepoint    ] Total time for which application threads were stopped: 0.0000717 seconds, Stopping threads took: 0.0000182 seconds
[2019-12-08T11:52:30.399+0000][1][safepoint    ] Application time: 1.0000858 seconds
[2019-12-08T11:52:30.399+0000][1][safepoint    ] Entering safepoint region: Cleanup
[2019-12-08T11:52:30.399+0000][1][safepoint    ] Leaving safepoint region
[2019-12-08T11:52:30.399+0000][1][safepoint    ] Total time for which application threads were stopped: 0.0000751 seconds, Stopping threads took: 0.0000187 seconds
[2019-12-08T11:52:31.399+0000][1][safepoint    ] Application time: 1.0000818 seconds
[2019-12-08T11:52:31.399+0000][1][safepoint    ] Entering safepoint region: Cleanup
[2019-12-08T11:52:31.399+0000][1][safepoint    ] Leaving safepoint region
[2019-12-08T11:52:31.399+0000][1][safepoint    ] Total time for which application threads were stopped: 0.0000743 seconds, Stopping threads took: 0.0000192 seconds
[2019-12-08T11:52:32.399+0000][1][safepoint    ] Application time: 1.0000811 seconds
[2019-12-08T11:52:32.399+0000][1][safepoint    ] Entering safepoint region: Cleanup
[2019-12-08T11:52:32.400+0000][1][safepoint    ] Leaving safepoint region
[2019-12-08T11:52:32.400+0000][1][safepoint    ] Total time for which application threads were stopped: 0.0000731 seconds, Stopping threads took: 0.0000186 seconds
[2019-12-08T11:52:33.400+0000][1][safepoint    ] Application time: 1.0000859 seconds
[2019-12-08T11:52:33.400+0000][1][safepoint    ] Entering safepoint region: Cleanup
[2019-12-08T11:52:33.400+0000][1][safepoint    ] Leaving safepoint region
[2019-12-08T11:52:33.400+0000][1][safepoint    ] Total time for which application threads were stopped: 0.0000747 seconds, Stopping threads took: 0.0000201 seconds
[2019-12-08T11:52:34.400+0000][1][safepoint    ] Application time: 1.0000785 seconds
[2019-12-08T11:52:34.400+0000][1][safepoint    ] Entering safepoint region: Cleanup
[2019-12-08T11:52:34.400+0000][1][safepoint    ] Leaving safepoint region
[2019-12-08T11:52:34.400+0000][1][safepoint    ] Total time for which application threads were stopped: 0.0000719 seconds, Stopping threads took: 0.0000182 seconds
[2019-12-08T11:52:35.400+0000][1][safepoint    ] Application time: 1.0000901 seconds
[2019-12-08T11:52:35.400+0000][1][safepoint    ] Entering safepoint region: Cleanup
[2019-12-08T11:52:35.400+0000][1][safepoint    ] Leaving safepoint region
[2019-12-08T11:52:35.400+0000][1][safepoint    ] Total time for which application threads were stopped: 0.0000753 seconds, Stopping threads took: 0.0000194 seconds
[2019-12-08T11:52:36.400+0000][1][safepoint    ] Application time: 1.0000811 seconds
[2019-12-08T11:52:36.400+0000][1][safepoint    ] Entering safepoint region: Cleanup
[2019-12-08T11:52:36.400+0000][1][safepoint    ] Leaving safepoint region
[2019-12-08T11:52:36.400+0000][1][safepoint    ] Total time for which application threads were stopped: 0.0000761 seconds, Stopping threads took: 0.0000191 seconds
[2019-12-08T11:52:37.629+0000][1][safepoint    ] Application time: 1.2283405 seconds
[2019-12-08T11:52:37.629+0000][1][safepoint    ] Entering safepoint region: Cleanup
[2019-12-08T11:52:37.629+0000][1][safepoint    ] Leaving safepoint region
[2019-12-08T11:52:37.629+0000][1][safepoint    ] Total time for which application threads were stopped: 0.0000698 seconds, Stopping threads took: 0.0000169 seconds
[2019-12-08T11:52:38.629+0000][1][safepoint    ] Application time: 1.0000851 seconds
[2019-12-08T11:52:38.629+0000][1][safepoint    ] Entering safepoint region: Cleanup
[2019-12-08T11:52:38.629+0000][1][safepoint    ] Leaving safepoint region
[2019-12-08T11:52:38.629+0000][1][safepoint    ] Total time for which application threads were stopped: 0.0000720 seconds, Stopping threads took: 0.0000169 seconds
[2019-12-08T11:52:39.629+0000][1][safepoint    ] Application time: 1.0000738 seconds
[2019-12-08T11:52:39.629+0000][1][safepoint    ] Entering safepoint region: Cleanup
[2019-12-08T11:52:39.629+0000][1][safepoint    ] Leaving safepoint region
[2019-12-08T11:52:39.629+0000][1][safepoint    ] Total time for which application threads were stopped: 0.0000716 seconds, Stopping threads took: 0.0000196 seconds
[2019-12-08T11:52:40.629+0000][1][safepoint    ] Application time: 1.0000760 seconds
[2019-12-08T11:52:40.629+0000][1][safepoint    ] Entering safepoint region: Cleanup
[2019-12-08T11:52:40.629+0000][1][safepoint    ] Leaving safepoint region
[2019-12-08T11:52:40.629+0000][1][safepoint    ] Total time for which application threads were stopped: 0.0000779 seconds, Stopping threads took: 0.0000192 seconds
[2019-12-08T11:52:41.630+0000][1][safepoint    ] Application time: 1.0000749 seconds
[2019-12-08T11:52:41.630+0000][1][safepoint    ] Entering safepoint region: Cleanup
[2019-12-08T11:52:41.630+0000][1][safepoint    ] Leaving safepoint region
[2019-12-08T11:52:41.630+0000][1][safepoint    ] Total time for which application threads were stopped: 0.0000746 seconds, Stopping threads took: 0.0000192 seconds
[2019-12-08T11:52:42.630+0000][1][safepoint    ] Application time: 1.0000758 seconds
[2019-12-08T11:52:42.630+0000][1][safepoint    ] Entering safepoint region: Cleanup
[2019-12-08T11:52:42.630+0000][1][safepoint    ] Leaving safepoint region
[2019-12-08T11:52:42.630+0000][1][safepoint    ] Total time for which application threads were stopped: 0.0000733 seconds, Stopping threads took: 0.0000192 seconds
[2019-12-08T11:52:43.630+0000][1][safepoint    ] Application time: 1.0000751 seconds
[2019-12-08T11:52:43.630+0000][1][safepoint    ] Entering safepoint region: Cleanup
[2019-12-08T11:52:43.630+0000][1][safepoint    ] Leaving safepoint region
[2019-12-08T11:52:43.630+0000][1][safepoint    ] Total time for which application threads were stopped: 0.0000734 seconds, Stopping threads took: 0.0000185 seconds
[2019-12-08T11:52:44.630+0000][1][safepoint    ] Application time: 1.0000763 seconds
[2019-12-08T11:52:44.630+0000][1][safepoint    ] Entering safepoint region: Cleanup
[2019-12-08T11:52:44.630+0000][1][safepoint    ] Leaving safepoint region
[2019-12-08T11:52:44.630+0000][1][safepoint    ] Total time for which application threads were stopped: 0.0000724 seconds, Stopping threads took: 0.0000191 seconds
[2019-12-08T11:52:45.630+0000][1][safepoint    ] Application time: 1.0000787 seconds
[2019-12-08T11:52:45.630+0000][1][safepoint    ] Entering safepoint region: Cleanup
[2019-12-08T11:52:45.630+0000][1][safepoint    ] Leaving safepoint region
[2019-12-08T11:52:45.630+0000][1][safepoint    ] Total time for which application threads were stopped: 0.0000739 seconds, Stopping threads took: 0.0000189 seconds
[2019-12-08T11:52:46.630+0000][1][safepoint    ] Application time: 1.0000755 seconds
[2019-12-08T11:52:46.631+0000][1][safepoint    ] Entering safepoint region: Cleanup
[2019-12-08T11:52:46.631+0000][1][safepoint    ] Leaving safepoint region
[2019-12-08T11:52:46.631+0000][1][safepoint    ] Total time for which application threads were stopped: 0.0000721 seconds, Stopping threads took: 0.0000182 seconds
[2019-12-08T11:52:47.631+0000][1][safepoint    ] Application time: 1.0000728 seconds
[2019-12-08T11:52:47.631+0000][1][safepoint    ] Entering safepoint region: Cleanup
[2019-12-08T11:52:47.631+0000][1][safepoint    ] Leaving safepoint region
[2019-12-08T11:52:47.631+0000][1][safepoint    ] Total time for which application threads were stopped: 0.0000788 seconds, Stopping threads took: 0.0000179 seconds
[2019-12-08T11:52:48.631+0000][1][safepoint    ] Application time: 1.0000783 seconds
[2019-12-08T11:52:48.631+0000][1][safepoint    ] Entering safepoint region: Cleanup
[2019-12-08T11:52:48.631+0000][1][safepoint    ] Leaving safepoint region
[2019-12-08T11:52:48.631+0000][1][safepoint    ] Total time for which application threads were stopped: 0.0000747 seconds, Stopping threads took: 0.0000186 seconds
[2019-12-08T11:52:49.631+0000][1][safepoint    ] Application time: 1.0000781 seconds
[2019-12-08T11:52:49.631+0000][1][safepoint    ] Entering safepoint region: Cleanup
[2019-12-08T11:52:49.631+0000][1][safepoint    ] Leaving safepoint region
[2019-12-08T11:52:49.631+0000][1][safepoint    ] Total time for which application threads were stopped: 0.0000740 seconds, Stopping threads took: 0.0000191 seconds
[2019-12-08T11:52:50.631+0000][1][safepoint    ] Application time: 1.0000819 seconds
[2019-12-08T11:52:50.631+0000][1][safepoint    ] Entering safepoint region: Cleanup
[2019-12-08T11:52:50.631+0000][1][safepoint    ] Leaving safepoint region
[2019-12-08T11:52:50.631+0000][1][safepoint    ] Total time for which application threads were stopped: 0.0000744 seconds, Stopping threads took: 0.0000195 seconds
[2019-12-08T11:52:51.631+0000][1][safepoint    ] Application time: 1.0000779 seconds
[2019-12-08T11:52:51.632+0000][1][safepoint    ] Entering safepoint region: Cleanup
[2019-12-08T11:52:51.632+0000][1][safepoint    ] Leaving safepoint region
[2019-12-08T11:52:51.632+0000][1][safepoint    ] Total time for which application threads were stopped: 0.0000752 seconds, Stopping threads took: 0.0000193 seconds
[2019-12-08T11:52:52.632+0000][1][safepoint    ] Application time: 1.0000785 seconds
[2019-12-08T11:52:52.632+0000][1][safepoint    ] Entering safepoint region: Cleanup
[2019-12-08T11:52:52.632+0000][1][safepoint    ] Leaving safepoint region
[2019-12-08T11:52:52.632+0000][1][safepoint    ] Total time for which application threads were stopped: 0.0000750 seconds, Stopping threads took: 0.0000187 seconds
[2019-12-08T11:52:54.071+0000][1][safepoint    ] Application time: 1.4394174 seconds
[2019-12-08T11:52:54.071+0000][1][safepoint    ] Entering safepoint region: Cleanup
[2019-12-08T11:52:54.071+0000][1][safepoint    ] Leaving safepoint region
[2019-12-08T11:52:54.071+0000][1][safepoint    ] Total time for which application threads were stopped: 0.0000697 seconds, Stopping threads took: 0.0000172 seconds
[2019-12-08T11:52:55.071+0000][1][safepoint    ] Application time: 1.0000786 seconds
[2019-12-08T11:52:55.071+0000][1][safepoint    ] Entering safepoint region: Cleanup
[2019-12-08T11:52:55.071+0000][1][safepoint    ] Leaving safepoint region
[2019-12-08T11:52:55.071+0000][1][safepoint    ] Total time for which application threads were stopped: 0.0000664 seconds, Stopping threads took: 0.0000172 seconds
[2019-12-08T11:52:56.072+0000][1][safepoint    ] Application time: 1.0000833 seconds
[2019-12-08T11:52:56.072+0000][1][safepoint    ] Entering safepoint region: Cleanup
[2019-12-08T11:52:56.072+0000][1][safepoint    ] Leaving safepoint region
[2019-12-08T11:52:56.072+0000][1][safepoint    ] Total time for which application threads were stopped: 0.0000634 seconds, Stopping threads took: 0.0000158 seconds
[2019-12-08T11:52:57.072+0000][1][safepoint    ] Application time: 1.0000798 seconds
[2019-12-08T11:52:57.072+0000][1][safepoint    ] Entering safepoint region: Cleanup
[2019-12-08T11:52:57.072+0000][1][safepoint    ] Leaving safepoint region
[2019-12-08T11:52:57.072+0000][1][safepoint    ] Total time for which application threads were stopped: 0.0000746 seconds, Stopping threads took: 0.0000240 seconds
[2019-12-08T11:52:58.072+0000][1][safepoint    ] Application time: 1.0000742 seconds
[2019-12-08T11:52:58.072+0000][1][safepoint    ] Entering safepoint region: Cleanup
[2019-12-08T11:52:58.072+0000][1][safepoint    ] Leaving safepoint region
[2019-12-08T11:52:58.072+0000][1][safepoint    ] Total time for which application threads were stopped: 0.0000806 seconds, Stopping threads took: 0.0000293 seconds
[2019-12-08T11:52:58.412+0000][1][safepoint    ] Application time: 0.3398487 seconds
[2019-12-08T11:52:58.412+0000][1][safepoint    ] Entering safepoint region: GenCollectForAllocation
[2019-12-08T11:52:58.412+0000][1][gc,start     ] GC(32) Pause Young (Allocation Failure)
[2019-12-08T11:52:58.412+0000][1][gc,task      ] GC(32) Using 4 workers of 4 for evacuation
[2019-12-08T11:52:58.413+0000][1][gc,age       ] GC(32) Desired survivor size 4456448 bytes, new threshold 6 (max threshold 6)
[2019-12-08T11:52:58.413+0000][1][gc,age       ] GC(32) Age table with threshold 6 (max threshold 6)
[2019-12-08T11:52:58.413+0000][1][gc,age       ] GC(32) - age   1:       5424 bytes,       5424 total
[2019-12-08T11:52:58.413+0000][1][gc,age       ] GC(32) - age   2:       2480 bytes,       7904 total
[2019-12-08T11:52:58.413+0000][1][gc,age       ] GC(32) - age   3:       3280 bytes,      11184 total
[2019-12-08T11:52:58.413+0000][1][gc,age       ] GC(32) - age   4:       1600 bytes,      12784 total
[2019-12-08T11:52:58.413+0000][1][gc,age       ] GC(32) - age   5:       2944 bytes,      15728 total
[2019-12-08T11:52:58.413+0000][1][gc,age       ] GC(32) - age   6:       1592 bytes,      17320 total
[2019-12-08T11:52:58.413+0000][1][gc,heap      ] GC(32) ParNew: 70031K->31K(78656K)
[2019-12-08T11:52:58.413+0000][1][gc,heap      ] GC(32) CMS: 70135K->70140K(174784K)
[2019-12-08T11:52:58.413+0000][1][gc,metaspace ] GC(32) Metaspace: 68997K->68997K(1112064K)
[2019-12-08T11:52:58.413+0000][1][gc           ] GC(32) Pause Young (Allocation Failure) 136M->68M(247M) 1.124ms
[2019-12-08T11:52:58.413+0000][1][gc,cpu       ] GC(32) User=0.00s Sys=0.00s Real=0.00s
[2019-12-08T11:52:58.413+0000][1][safepoint    ] Leaving safepoint region
[2019-12-08T11:52:58.413+0000][1][safepoint    ] Total time for which application threads were stopped: 0.0012974 seconds, Stopping threads took: 0.0000313 seconds
[2019-12-08T11:52:59.413+0000][1][safepoint    ] Application time: 1.0000929 seconds
[2019-12-08T11:52:59.413+0000][1][safepoint    ] Entering safepoint region: Cleanup
[2019-12-08T11:52:59.413+0000][1][safepoint    ] Leaving safepoint region
[2019-12-08T11:52:59.413+0000][1][safepoint    ] Total time for which application threads were stopped: 0.0000786 seconds, Stopping threads took: 0.0000202 seconds
[2019-12-08T11:53:00.414+0000][1][safepoint    ] Application time: 1.0000785 seconds
[2019-12-08T11:53:00.414+0000][1][safepoint    ] Entering safepoint region: Cleanup
[2019-12-08T11:53:00.414+0000][1][safepoint    ] Leaving safepoint region
[2019-12-08T11:53:00.414+0000][1][safepoint    ] Total time for which application threads were stopped: 0.0000724 seconds, Stopping threads took: 0.0000180 seconds
[2019-12-08T11:53:01.414+0000][1][safepoint    ] Application time: 1.0000820 seconds
[2019-12-08T11:53:01.414+0000][1][safepoint    ] Entering safepoint region: Cleanup
[2019-12-08T11:53:01.414+0000][1][safepoint    ] Leaving safepoint region
[2019-12-08T11:53:01.414+0000][1][safepoint    ] Total time for which application threads were stopped: 0.0000798 seconds, Stopping threads took: 0.0000188 seconds
[2019-12-08T11:53:02.414+0000][1][safepoint    ] Application time: 1.0000781 seconds
[2019-12-08T11:53:02.414+0000][1][safepoint    ] Entering safepoint region: Cleanup
[2019-12-08T11:53:02.414+0000][1][safepoint    ] Leaving safepoint region
[2019-12-08T11:53:02.414+0000][1][safepoint    ] Total time for which application threads were stopped: 0.0000829 seconds, Stopping threads took: 0.0000260 seconds
[2019-12-08T11:53:03.414+0000][1][safepoint    ] Application time: 1.0000872 seconds
[2019-12-08T11:53:03.414+0000][1][safepoint    ] Entering safepoint region: Cleanup
[2019-12-08T11:53:03.414+0000][1][safepoint    ] Leaving safepoint region
[2019-12-08T11:53:03.414+0000][1][safepoint    ] Total time for which application threads were stopped: 0.0001097 seconds, Stopping threads took: 0.0000479 seconds
[2019-12-08T11:53:04.414+0000][1][safepoint    ] Application time: 1.0000827 seconds
[2019-12-08T11:53:04.414+0000][1][safepoint    ] Entering safepoint region: Cleanup
[2019-12-08T11:53:04.415+0000][1][safepoint    ] Leaving safepoint region
[2019-12-08T11:53:04.415+0000][1][safepoint    ] Total time for which application threads were stopped: 0.0000817 seconds, Stopping threads took: 0.0000198 seconds
[2019-12-08T11:53:05.415+0000][1][safepoint    ] Application time: 1.0000754 seconds
[2019-12-08T11:53:05.415+0000][1][safepoint    ] Entering safepoint region: Cleanup
[2019-12-08T11:53:05.415+0000][1][safepoint    ] Leaving safepoint region
[2019-12-08T11:53:05.415+0000][1][safepoint    ] Total time for which application threads were stopped: 0.0000890 seconds, Stopping threads took: 0.0000194 seconds
[2019-12-08T11:53:06.415+0000][1][safepoint    ] Application time: 1.0000777 seconds
[2019-12-08T11:53:06.415+0000][1][safepoint    ] Entering safepoint region: Cleanup
[2019-12-08T11:53:06.415+0000][1][safepoint    ] Leaving safepoint region
[2019-12-08T11:53:06.415+0000][1][safepoint    ] Total time for which application threads were stopped: 0.0000746 seconds, Stopping threads took: 0.0000184 seconds
[2019-12-08T11:53:07.415+0000][1][safepoint    ] Application time: 1.0000800 seconds
[2019-12-08T11:53:07.415+0000][1][safepoint    ] Entering safepoint region: Cleanup
[2019-12-08T11:53:07.415+0000][1][safepoint    ] Leaving safepoint region
[2019-12-08T11:53:07.415+0000][1][safepoint    ] Total time for which application threads were stopped: 0.0000758 seconds, Stopping threads took: 0.0000199 seconds
[2019-12-08T11:53:08.415+0000][1][safepoint    ] Application time: 1.0000770 seconds
[2019-12-08T11:53:08.415+0000][1][safepoint    ] Entering safepoint region: Cleanup
[2019-12-08T11:53:08.415+0000][1][safepoint    ] Leaving safepoint region
[2019-12-08T11:53:08.415+0000][1][safepoint    ] Total time for which application threads were stopped: 0.0000766 seconds, Stopping threads took: 0.0000200 seconds
[2019-12-08T11:53:09.415+0000][1][safepoint    ] Application time: 1.0000807 seconds
[2019-12-08T11:53:09.415+0000][1][safepoint    ] Entering safepoint region: Cleanup
[2019-12-08T11:53:09.416+0000][1][safepoint    ] Leaving safepoint region
[2019-12-08T11:53:09.416+0000][1][safepoint    ] Total time for which application threads were stopped: 0.0000774 seconds, Stopping threads took: 0.0000206 seconds
[2019-12-08T11:53:10.416+0000][1][safepoint    ] Application time: 1.0000820 seconds
[2019-12-08T11:53:10.416+0000][1][safepoint    ] Entering safepoint region: Cleanup
[2019-12-08T11:53:10.416+0000][1][safepoint    ] Leaving safepoint region
[2019-12-08T11:53:10.416+0000][1][safepoint    ] Total time for which application threads were stopped: 0.0000871 seconds, Stopping threads took: 0.0000183 seconds
[2019-12-08T11:53:11.416+0000][1][safepoint    ] Application time: 1.0000797 seconds
[2019-12-08T11:53:11.416+0000][1][safepoint    ] Entering safepoint region: Cleanup
[2019-12-08T11:53:11.416+0000][1][safepoint    ] Leaving safepoint region
[2019-12-08T11:53:11.416+0000][1][safepoint    ] Total time for which application threads were stopped: 0.0000789 seconds, Stopping threads took: 0.0000208 seconds
[2019-12-08T11:53:12.416+0000][1][safepoint    ] Application time: 1.0000814 seconds
[2019-12-08T11:53:12.416+0000][1][safepoint    ] Entering safepoint region: Cleanup
[2019-12-08T11:53:12.416+0000][1][safepoint    ] Leaving safepoint region
[2019-12-08T11:53:12.416+0000][1][safepoint    ] Total time for which application threads were stopped: 0.0000744 seconds, Stopping threads took: 0.0000183 seconds
[2019-12-08T11:53:13.416+0000][1][safepoint    ] Application time: 1.0000802 seconds
[2019-12-08T11:53:13.416+0000][1][safepoint    ] Entering safepoint region: Cleanup
[2019-12-08T11:53:13.416+0000][1][safepoint    ] Leaving safepoint region
[2019-12-08T11:53:13.416+0000][1][safepoint    ] Total time for which application threads were stopped: 0.0000751 seconds, Stopping threads took: 0.0000199 seconds
[2019-12-08T11:53:14.416+0000][1][safepoint    ] Application time: 1.0000788 seconds
[2019-12-08T11:53:14.416+0000][1][safepoint    ] Entering safepoint region: Cleanup
[2019-12-08T11:53:14.417+0000][1][safepoint    ] Leaving safepoint region
[2019-12-08T11:53:14.417+0000][1][safepoint    ] Total time for which application threads were stopped: 0.0000756 seconds, Stopping threads took: 0.0000198 seconds
[2019-12-08T11:53:15.417+0000][1][safepoint    ] Application time: 1.0000817 seconds
[2019-12-08T11:53:15.417+0000][1][safepoint    ] Entering safepoint region: Cleanup
[2019-12-08T11:53:15.417+0000][1][safepoint    ] Leaving safepoint region
[2019-12-08T11:53:15.417+0000][1][safepoint    ] Total time for which application threads were stopped: 0.0000893 seconds, Stopping threads took: 0.0000332 seconds
[2019-12-08T11:53:16.417+0000][1][safepoint    ] Application time: 1.0000780 seconds
[2019-12-08T11:53:16.417+0000][1][safepoint    ] Entering safepoint region: Cleanup
[2019-12-08T11:53:16.417+0000][1][safepoint    ] Leaving safepoint region
[2019-12-08T11:53:16.417+0000][1][safepoint    ] Total time for which application threads were stopped: 0.0000733 seconds, Stopping threads took: 0.0000185 seconds
[2019-12-08T11:53:17.417+0000][1][safepoint    ] Application time: 1.0000819 seconds
[2019-12-08T11:53:17.417+0000][1][safepoint    ] Entering safepoint region: Cleanup
[2019-12-08T11:53:17.417+0000][1][safepoint    ] Leaving safepoint region
[2019-12-08T11:53:17.417+0000][1][safepoint    ] Total time for which application threads were stopped: 0.0000768 seconds, Stopping threads took: 0.0000195 seconds
[2019-12-08T11:53:18.417+0000][1][safepoint    ] Application time: 1.0000797 seconds
[2019-12-08T11:53:18.417+0000][1][safepoint    ] Entering safepoint region: Cleanup
[2019-12-08T11:53:18.417+0000][1][safepoint    ] Leaving safepoint region
[2019-12-08T11:53:18.417+0000][1][safepoint    ] Total time for which application threads were stopped: 0.0000759 seconds, Stopping threads took: 0.0000199 seconds
[2019-12-08T11:53:20.077+0000][1][safepoint    ] Application time: 1.6592389 seconds
[2019-12-08T11:53:20.077+0000][1][safepoint    ] Entering safepoint region: Cleanup
[2019-12-08T11:53:20.077+0000][1][safepoint    ] Leaving safepoint region
[2019-12-08T11:53:20.077+0000][1][safepoint    ] Total time for which application threads were stopped: 0.0000838 seconds, Stopping threads took: 0.0000179 seconds
[2019-12-08T11:53:21.077+0000][1][safepoint    ] Application time: 1.0000810 seconds
[2019-12-08T11:53:21.077+0000][1][safepoint    ] Entering safepoint region: Cleanup
[2019-12-08T11:53:21.077+0000][1][safepoint    ] Leaving safepoint region
[2019-12-08T11:53:21.077+0000][1][safepoint    ] Total time for which application threads were stopped: 0.0000731 seconds, Stopping threads took: 0.0000192 seconds
[2019-12-08T11:53:22.077+0000][1][safepoint    ] Application time: 1.0000771 seconds
[2019-12-08T11:53:22.077+0000][1][safepoint    ] Entering safepoint region: Cleanup
[2019-12-08T11:53:22.077+0000][1][safepoint    ] Leaving safepoint region
[2019-12-08T11:53:22.077+0000][1][safepoint    ] Total time for which application threads were stopped: 0.0000716 seconds, Stopping threads took: 0.0000220 seconds
[2019-12-08T11:53:23.077+0000][1][safepoint    ] Application time: 1.0000785 seconds
[2019-12-08T11:53:23.077+0000][1][safepoint    ] Entering safepoint region: Cleanup
[2019-12-08T11:53:23.077+0000][1][safepoint    ] Leaving safepoint region
[2019-12-08T11:53:23.077+0000][1][safepoint    ] Total time for which application threads were stopped: 0.0000815 seconds, Stopping threads took: 0.0000269 seconds
[2019-12-08T11:53:24.077+0000][1][safepoint    ] Application time: 1.0000797 seconds
[2019-12-08T11:53:24.077+0000][1][safepoint    ] Entering safepoint region: Cleanup
[2019-12-08T11:53:24.077+0000][1][safepoint    ] Leaving safepoint region
[2019-12-08T11:53:24.077+0000][1][safepoint    ] Total time for which application threads were stopped: 0.0000729 seconds, Stopping threads took: 0.0000195 seconds
[2019-12-08T11:53:25.078+0000][1][safepoint    ] Application time: 1.0000830 seconds
[2019-12-08T11:53:25.078+0000][1][safepoint    ] Entering safepoint region: Cleanup
[2019-12-08T11:53:25.078+0000][1][safepoint    ] Leaving safepoint region
[2019-12-08T11:53:25.078+0000][1][safepoint    ] Total time for which application threads were stopped: 0.0000743 seconds, Stopping threads took: 0.0000187 seconds
[2019-12-08T11:53:26.078+0000][1][safepoint    ] Application time: 1.0000602 seconds
[2019-12-08T11:53:26.078+0000][1][safepoint    ] Entering safepoint region: Cleanup
[2019-12-08T11:53:26.078+0000][1][safepoint    ] Leaving safepoint region
[2019-12-08T11:53:26.078+0000][1][safepoint    ] Total time for which application threads were stopped: 0.0001230 seconds, Stopping threads took: 0.0000583 seconds
[2019-12-08T11:53:27.078+0000][1][safepoint    ] Application time: 1.0000848 seconds
[2019-12-08T11:53:27.078+0000][1][safepoint    ] Entering safepoint region: Cleanup
[2019-12-08T11:53:27.078+0000][1][safepoint    ] Leaving safepoint region
[2019-12-08T11:53:27.078+0000][1][safepoint    ] Total time for which application threads were stopped: 0.0000680 seconds, Stopping threads took: 0.0000175 seconds
[2019-12-08T11:53:28.078+0000][1][safepoint    ] Application time: 1.0000784 seconds
[2019-12-08T11:53:28.078+0000][1][safepoint    ] Entering safepoint region: Cleanup
[2019-12-08T11:53:28.078+0000][1][safepoint    ] Leaving safepoint region
[2019-12-08T11:53:28.078+0000][1][safepoint    ] Total time for which application threads were stopped: 0.0000675 seconds, Stopping threads took: 0.0000173 seconds
[2019-12-08T11:53:29.078+0000][1][safepoint    ] Application time: 1.0000754 seconds
[2019-12-08T11:53:29.078+0000][1][safepoint    ] Entering safepoint region: Cleanup
[2019-12-08T11:53:29.078+0000][1][safepoint    ] Leaving safepoint region
[2019-12-08T11:53:29.078+0000][1][safepoint    ] Total time for which application threads were stopped: 0.0000739 seconds, Stopping threads took: 0.0000227 seconds
[2019-12-08T11:53:30.078+0000][1][safepoint    ] Application time: 1.0000783 seconds
[2019-12-08T11:53:30.079+0000][1][safepoint    ] Entering safepoint region: Cleanup
[2019-12-08T11:53:30.079+0000][1][safepoint    ] Leaving safepoint region
[2019-12-08T11:53:30.079+0000][1][safepoint    ] Total time for which application threads were stopped: 0.0000695 seconds, Stopping threads took: 0.0000172 seconds
[2019-12-08T11:53:31.079+0000][1][safepoint    ] Application time: 1.0000793 seconds
[2019-12-08T11:53:31.079+0000][1][safepoint    ] Entering safepoint region: Cleanup
[2019-12-08T11:53:31.079+0000][1][safepoint    ] Leaving safepoint region
[2019-12-08T11:53:31.079+0000][1][safepoint    ] Total time for which application threads were stopped: 0.0000816 seconds, Stopping threads took: 0.0000171 seconds
[2019-12-08T11:53:32.079+0000][1][safepoint    ] Application time: 1.0000789 seconds
[2019-12-08T11:53:32.079+0000][1][safepoint    ] Entering safepoint region: Cleanup
[2019-12-08T11:53:32.079+0000][1][safepoint    ] Leaving safepoint region
[2019-12-08T11:53:32.079+0000][1][safepoint    ] Total time for which application threads were stopped: 0.0000748 seconds, Stopping threads took: 0.0000241 seconds
[2019-12-08T11:53:33.079+0000][1][safepoint    ] Application time: 1.0000813 seconds
[2019-12-08T11:53:33.079+0000][1][safepoint    ] Entering safepoint region: Cleanup
[2019-12-08T11:53:33.079+0000][1][safepoint    ] Leaving safepoint region
[2019-12-08T11:53:33.079+0000][1][safepoint    ] Total time for which application threads were stopped: 0.0000791 seconds, Stopping threads took: 0.0000272 seconds
[2019-12-08T11:53:34.079+0000][1][safepoint    ] Application time: 1.0000758 seconds
[2019-12-08T11:53:34.079+0000][1][safepoint    ] Entering safepoint region: Cleanup
[2019-12-08T11:53:34.079+0000][1][safepoint    ] Leaving safepoint region
[2019-12-08T11:53:34.079+0000][1][safepoint    ] Total time for which application threads were stopped: 0.0000667 seconds, Stopping threads took: 0.0000168 seconds
[2019-12-08T11:53:35.079+0000][1][safepoint    ] Application time: 1.0000780 seconds
[2019-12-08T11:53:35.079+0000][1][safepoint    ] Entering safepoint region: Cleanup
[2019-12-08T11:53:35.079+0000][1][safepoint    ] Leaving safepoint region
[2019-12-08T11:53:35.079+0000][1][safepoint    ] Total time for which application threads were stopped: 0.0000663 seconds, Stopping threads took: 0.0000179 seconds
[2019-12-08T11:53:36.080+0000][1][safepoint    ] Application time: 1.0000800 seconds
[2019-12-08T11:53:36.080+0000][1][safepoint    ] Entering safepoint region: Cleanup
[2019-12-08T11:53:36.080+0000][1][safepoint    ] Leaving safepoint region
[2019-12-08T11:53:36.080+0000][1][safepoint    ] Total time for which application threads were stopped: 0.0000683 seconds, Stopping threads took: 0.0000173 seconds
[2019-12-08T11:53:37.080+0000][1][safepoint    ] Application time: 1.0000799 seconds
[2019-12-08T11:53:37.080+0000][1][safepoint    ] Entering safepoint region: Cleanup
[2019-12-08T11:53:37.080+0000][1][safepoint    ] Leaving safepoint region
[2019-12-08T11:53:37.080+0000][1][safepoint    ] Total time for which application threads were stopped: 0.0000703 seconds, Stopping threads took: 0.0000235 seconds
[2019-12-08T11:53:38.080+0000][1][safepoint    ] Application time: 1.0000782 seconds
[2019-12-08T11:53:38.080+0000][1][safepoint    ] Entering safepoint region: Cleanup
[2019-12-08T11:53:38.080+0000][1][safepoint    ] Leaving safepoint region
[2019-12-08T11:53:38.080+0000][1][safepoint    ] Total time for which application threads were stopped: 0.0000686 seconds, Stopping threads took: 0.0000175 seconds
[2019-12-08T11:53:39.080+0000][1][safepoint    ] Application time: 1.0000765 seconds
[2019-12-08T11:53:39.080+0000][1][safepoint    ] Entering safepoint region: Cleanup
[2019-12-08T11:53:39.080+0000][1][safepoint    ] Leaving safepoint region
[2019-12-08T11:53:39.080+0000][1][safepoint    ] Total time for which application threads were stopped: 0.0000681 seconds, Stopping threads took: 0.0000188 seconds
[2019-12-08T11:53:40.080+0000][1][safepoint    ] Application time: 1.0000765 seconds
[2019-12-08T11:53:40.080+0000][1][safepoint    ] Entering safepoint region: Cleanup
[2019-12-08T11:53:40.080+0000][1][safepoint    ] Leaving safepoint region
[2019-12-08T11:53:40.080+0000][1][safepoint    ] Total time for which application threads were stopped: 0.0000705 seconds, Stopping threads took: 0.0000190 seconds
[2019-12-08T11:53:41.090+0000][1][safepoint    ] Application time: 1.0101173 seconds
[2019-12-08T11:53:41.090+0000][1][safepoint    ] Entering safepoint region: Cleanup
[2019-12-08T11:53:41.091+0000][1][safepoint    ] Leaving safepoint region
[2019-12-08T11:53:41.091+0000][1][safepoint    ] Total time for which application threads were stopped: 0.0000717 seconds, Stopping threads took: 0.0000160 seconds
[2019-12-08T11:53:42.091+0000][1][safepoint    ] Application time: 1.0001009 seconds
[2019-12-08T11:53:42.091+0000][1][safepoint    ] Entering safepoint region: Cleanup
[2019-12-08T11:53:42.091+0000][1][safepoint    ] Leaving safepoint region
[2019-12-08T11:53:42.091+0000][1][safepoint    ] Total time for which application threads were stopped: 0.0000978 seconds, Stopping threads took: 0.0000404 seconds
[2019-12-08T11:53:43.091+0000][1][safepoint    ] Application time: 1.0001034 seconds
[2019-12-08T11:53:43.091+0000][1][safepoint    ] Entering safepoint region: Cleanup
[2019-12-08T11:53:43.091+0000][1][safepoint    ] Leaving safepoint region
[2019-12-08T11:53:43.091+0000][1][safepoint    ] Total time for which application threads were stopped: 0.0001120 seconds, Stopping threads took: 0.0000352 seconds
[2019-12-08T11:53:44.091+0000][1][safepoint    ] Application time: 1.0000821 seconds
[2019-12-08T11:53:44.091+0000][1][safepoint    ] Entering safepoint region: Cleanup
[2019-12-08T11:53:44.091+0000][1][safepoint    ] Leaving safepoint region
[2019-12-08T11:53:44.091+0000][1][safepoint    ] Total time for which application threads were stopped: 0.0000746 seconds, Stopping threads took: 0.0000188 seconds
[2019-12-08T11:53:45.091+0000][1][safepoint    ] Application time: 1.0000823 seconds
[2019-12-08T11:53:45.091+0000][1][safepoint    ] Entering safepoint region: Cleanup
[2019-12-08T11:53:45.091+0000][1][safepoint    ] Leaving safepoint region
[2019-12-08T11:53:45.091+0000][1][safepoint    ] Total time for which application threads were stopped: 0.0000663 seconds, Stopping threads took: 0.0000172 seconds
[2019-12-08T11:53:46.091+0000][1][safepoint    ] Application time: 1.0000823 seconds
[2019-12-08T11:53:46.092+0000][1][safepoint    ] Entering safepoint region: Cleanup
[2019-12-08T11:53:46.092+0000][1][safepoint    ] Leaving safepoint region
[2019-12-08T11:53:46.092+0000][1][safepoint    ] Total time for which application threads were stopped: 0.0000688 seconds, Stopping threads took: 0.0000166 seconds
[2019-12-08T11:53:47.092+0000][1][safepoint    ] Application time: 1.0000808 seconds
[2019-12-08T11:53:47.092+0000][1][safepoint    ] Entering safepoint region: Cleanup
[2019-12-08T11:53:47.092+0000][1][safepoint    ] Leaving safepoint region
[2019-12-08T11:53:47.092+0000][1][safepoint    ] Total time for which application threads were stopped: 0.0000715 seconds, Stopping threads took: 0.0000180 seconds
[2019-12-08T11:53:48.092+0000][1][safepoint    ] Application time: 1.0000823 seconds
[2019-12-08T11:53:48.092+0000][1][safepoint    ] Entering safepoint region: Cleanup
[2019-12-08T11:53:48.092+0000][1][safepoint    ] Leaving safepoint region
[2019-12-08T11:53:48.092+0000][1][safepoint    ] Total time for which application threads were stopped: 0.0000668 seconds, Stopping threads took: 0.0000173 seconds
[2019-12-08T11:53:49.092+0000][1][safepoint    ] Application time: 1.0001021 seconds
[2019-12-08T11:53:49.092+0000][1][safepoint    ] Entering safepoint region: Cleanup
[2019-12-08T11:53:49.092+0000][1][safepoint    ] Leaving safepoint region
[2019-12-08T11:53:49.092+0000][1][safepoint    ] Total time for which application threads were stopped: 0.0000732 seconds, Stopping threads took: 0.0000187 seconds
[2019-12-08T11:53:50.092+0000][1][safepoint    ] Application time: 1.0001138 seconds
[2019-12-08T11:53:50.092+0000][1][safepoint    ] Entering safepoint region: Cleanup
[2019-12-08T11:53:50.092+0000][1][safepoint    ] Leaving safepoint region
[2019-12-08T11:53:50.093+0000][1][safepoint    ] Total time for which application threads were stopped: 0.0001721 seconds, Stopping threads took: 0.0000680 seconds
[2019-12-08T11:53:51.093+0000][1][safepoint    ] Application time: 1.0001000 seconds
[2019-12-08T11:53:51.093+0000][1][safepoint    ] Entering safepoint region: Cleanup
[2019-12-08T11:53:51.093+0000][1][safepoint    ] Leaving safepoint region
[2019-12-08T11:53:51.093+0000][1][safepoint    ] Total time for which application threads were stopped: 0.0001250 seconds, Stopping threads took: 0.0000247 seconds
[2019-12-08T11:53:52.093+0000][1][safepoint    ] Application time: 1.0000750 seconds
[2019-12-08T11:53:52.093+0000][1][safepoint    ] Entering safepoint region: Cleanup
[2019-12-08T11:53:52.093+0000][1][safepoint    ] Leaving safepoint region
[2019-12-08T11:53:52.093+0000][1][safepoint    ] Total time for which application threads were stopped: 0.0000792 seconds, Stopping threads took: 0.0000257 seconds
[2019-12-08T11:53:53.093+0000][1][safepoint    ] Application time: 1.0000839 seconds
[2019-12-08T11:53:53.093+0000][1][safepoint    ] Entering safepoint region: Cleanup
[2019-12-08T11:53:53.093+0000][1][safepoint    ] Leaving safepoint region
[2019-12-08T11:53:53.093+0000][1][safepoint    ] Total time for which application threads were stopped: 0.0000853 seconds, Stopping threads took: 0.0000184 seconds
[2019-12-08T11:53:54.093+0000][1][safepoint    ] Application time: 1.0000798 seconds
[2019-12-08T11:53:54.093+0000][1][safepoint    ] Entering safepoint region: Cleanup
[2019-12-08T11:53:54.093+0000][1][safepoint    ] Leaving safepoint region
[2019-12-08T11:53:54.093+0000][1][safepoint    ] Total time for which application threads were stopped: 0.0000744 seconds, Stopping threads took: 0.0000196 seconds
[2019-12-08T11:53:55.093+0000][1][safepoint    ] Application time: 1.0000798 seconds
[2019-12-08T11:53:55.093+0000][1][safepoint    ] Entering safepoint region: Cleanup
[2019-12-08T11:53:55.094+0000][1][safepoint    ] Leaving safepoint region
[2019-12-08T11:53:55.094+0000][1][safepoint    ] Total time for which application threads were stopped: 0.0000726 seconds, Stopping threads took: 0.0000189 seconds
[2019-12-08T11:53:56.094+0000][1][safepoint    ] Application time: 1.0000765 seconds
[2019-12-08T11:53:56.094+0000][1][safepoint    ] Entering safepoint region: Cleanup
[2019-12-08T11:53:56.094+0000][1][safepoint    ] Leaving safepoint region
[2019-12-08T11:53:56.094+0000][1][safepoint    ] Total time for which application threads were stopped: 0.0000863 seconds, Stopping threads took: 0.0000179 seconds
[2019-12-08T11:53:57.094+0000][1][safepoint    ] Application time: 1.0000792 seconds
[2019-12-08T11:53:57.094+0000][1][safepoint    ] Entering safepoint region: Cleanup
[2019-12-08T11:53:57.094+0000][1][safepoint    ] Leaving safepoint region
[2019-12-08T11:53:57.094+0000][1][safepoint    ] Total time for which application threads were stopped: 0.0000885 seconds, Stopping threads took: 0.0000289 seconds
[2019-12-08T11:53:58.094+0000][1][safepoint    ] Application time: 1.0000807 seconds
[2019-12-08T11:53:58.094+0000][1][safepoint    ] Entering safepoint region: Cleanup
[2019-12-08T11:53:58.094+0000][1][safepoint    ] Leaving safepoint region
[2019-12-08T11:53:58.094+0000][1][safepoint    ] Total time for which application threads were stopped: 0.0000809 seconds, Stopping threads took: 0.0000194 seconds
[2019-12-08T11:53:59.094+0000][1][safepoint    ] Application time: 1.0000840 seconds
[2019-12-08T11:53:59.094+0000][1][safepoint    ] Entering safepoint region: Cleanup
[2019-12-08T11:53:59.094+0000][1][safepoint    ] Leaving safepoint region
[2019-12-08T11:53:59.094+0000][1][safepoint    ] Total time for which application threads were stopped: 0.0000756 seconds, Stopping threads took: 0.0000197 seconds
[2019-12-08T11:54:00.094+0000][1][safepoint    ] Application time: 1.0000852 seconds
[2019-12-08T11:54:00.094+0000][1][safepoint    ] Entering safepoint region: Cleanup
[2019-12-08T11:54:00.095+0000][1][safepoint    ] Leaving safepoint region
[2019-12-08T11:54:00.095+0000][1][safepoint    ] Total time for which application threads were stopped: 0.0000717 seconds, Stopping threads took: 0.0000193 seconds
[2019-12-08T11:54:01.095+0000][1][safepoint    ] Application time: 1.0000897 seconds
[2019-12-08T11:54:01.095+0000][1][safepoint    ] Entering safepoint region: Cleanup
[2019-12-08T11:54:01.095+0000][1][safepoint    ] Leaving safepoint region
[2019-12-08T11:54:01.095+0000][1][safepoint    ] Total time for which application threads were stopped: 0.0000902 seconds, Stopping threads took: 0.0000332 seconds
[2019-12-08T11:54:02.095+0000][1][safepoint    ] Application time: 1.0000825 seconds
[2019-12-08T11:54:02.095+0000][1][safepoint    ] Entering safepoint region: Cleanup
[2019-12-08T11:54:02.095+0000][1][safepoint    ] Leaving safepoint region
[2019-12-08T11:54:02.095+0000][1][safepoint    ] Total time for which application threads were stopped: 0.0000754 seconds, Stopping threads took: 0.0000200 seconds
[2019-12-08T11:54:03.095+0000][1][safepoint    ] Application time: 1.0000819 seconds
[2019-12-08T11:54:03.095+0000][1][safepoint    ] Entering safepoint region: Cleanup
[2019-12-08T11:54:03.095+0000][1][safepoint    ] Leaving safepoint region
[2019-12-08T11:54:03.095+0000][1][safepoint    ] Total time for which application threads were stopped: 0.0000864 seconds, Stopping threads took: 0.0000254 seconds
[2019-12-08T11:54:04.095+0000][1][safepoint    ] Application time: 1.0000795 seconds
[2019-12-08T11:54:04.095+0000][1][safepoint    ] Entering safepoint region: Cleanup
[2019-12-08T11:54:04.095+0000][1][safepoint    ] Leaving safepoint region
[2019-12-08T11:54:04.095+0000][1][safepoint    ] Total time for which application threads were stopped: 0.0000761 seconds, Stopping threads took: 0.0000209 seconds
[2019-12-08T11:54:05.095+0000][1][safepoint    ] Application time: 1.0000805 seconds
[2019-12-08T11:54:05.095+0000][1][safepoint    ] Entering safepoint region: Cleanup
[2019-12-08T11:54:05.096+0000][1][safepoint    ] Leaving safepoint region
[2019-12-08T11:54:05.096+0000][1][safepoint    ] Total time for which application threads were stopped: 0.0000729 seconds, Stopping threads took: 0.0000193 seconds
[2019-12-08T11:54:06.096+0000][1][safepoint    ] Application time: 1.0000840 seconds
[2019-12-08T11:54:06.096+0000][1][safepoint    ] Entering safepoint region: Cleanup
[2019-12-08T11:54:06.096+0000][1][safepoint    ] Leaving safepoint region
[2019-12-08T11:54:06.096+0000][1][safepoint    ] Total time for which application threads were stopped: 0.0000853 seconds, Stopping threads took: 0.0000321 seconds
[2019-12-08T11:54:07.096+0000][1][safepoint    ] Application time: 1.0000838 seconds
[2019-12-08T11:54:07.096+0000][1][safepoint    ] Entering safepoint region: Cleanup
[2019-12-08T11:54:07.096+0000][1][safepoint    ] Leaving safepoint region
[2019-12-08T11:54:07.096+0000][1][safepoint    ] Total time for which application threads were stopped: 0.0000728 seconds, Stopping threads took: 0.0000190 seconds
[2019-12-08T11:54:08.096+0000][1][safepoint    ] Application time: 1.0000816 seconds
[2019-12-08T11:54:08.096+0000][1][safepoint    ] Entering safepoint region: Cleanup
[2019-12-08T11:54:08.096+0000][1][safepoint    ] Leaving safepoint region
[2019-12-08T11:54:08.096+0000][1][safepoint    ] Total time for which application threads were stopped: 0.0000698 seconds, Stopping threads took: 0.0000183 seconds
[2019-12-08T11:54:09.096+0000][1][safepoint    ] Application time: 1.0000777 seconds
[2019-12-08T11:54:09.096+0000][1][safepoint    ] Entering safepoint region: Cleanup
[2019-12-08T11:54:09.096+0000][1][safepoint    ] Leaving safepoint region
[2019-12-08T11:54:09.096+0000][1][safepoint    ] Total time for which application threads were stopped: 0.0000749 seconds, Stopping threads took: 0.0000203 seconds
[2019-12-08T11:54:10.096+0000][1][safepoint    ] Application time: 1.0000797 seconds
[2019-12-08T11:54:10.096+0000][1][safepoint    ] Entering safepoint region: Cleanup
[2019-12-08T11:54:10.096+0000][1][safepoint    ] Leaving safepoint region
[2019-12-08T11:54:10.097+0000][1][safepoint    ] Total time for which application threads were stopped: 0.0000732 seconds, Stopping threads took: 0.0000182 seconds
[2019-12-08T11:54:11.097+0000][1][safepoint    ] Application time: 1.0000838 seconds
[2019-12-08T11:54:11.097+0000][1][safepoint    ] Entering safepoint region: Cleanup
[2019-12-08T11:54:11.097+0000][1][safepoint    ] Leaving safepoint region
[2019-12-08T11:54:11.097+0000][1][safepoint    ] Total time for which application threads were stopped: 0.0000921 seconds, Stopping threads took: 0.0000203 seconds
[2019-12-08T11:54:12.097+0000][1][safepoint    ] Application time: 1.0000839 seconds
[2019-12-08T11:54:12.097+0000][1][safepoint    ] Entering safepoint region: Cleanup
[2019-12-08T11:54:12.097+0000][1][safepoint    ] Leaving safepoint region
[2019-12-08T11:54:12.097+0000][1][safepoint    ] Total time for which application threads were stopped: 0.0000783 seconds, Stopping threads took: 0.0000189 seconds
[2019-12-08T11:54:13.097+0000][1][safepoint    ] Application time: 1.0000879 seconds
[2019-12-08T11:54:13.097+0000][1][safepoint    ] Entering safepoint region: Cleanup
[2019-12-08T11:54:13.097+0000][1][safepoint    ] Leaving safepoint region
[2019-12-08T11:54:13.097+0000][1][safepoint    ] Total time for which application threads were stopped: 0.0000866 seconds, Stopping threads took: 0.0000193 seconds
[2019-12-08T11:54:14.097+0000][1][safepoint    ] Application time: 1.0000844 seconds
[2019-12-08T11:54:14.097+0000][1][safepoint    ] Entering safepoint region: Cleanup
[2019-12-08T11:54:14.097+0000][1][safepoint    ] Leaving safepoint region
[2019-12-08T11:54:14.097+0000][1][safepoint    ] Total time for which application threads were stopped: 0.0000754 seconds, Stopping threads took: 0.0000202 seconds
[2019-12-08T11:54:15.097+0000][1][safepoint    ] Application time: 1.0000859 seconds
[2019-12-08T11:54:15.097+0000][1][safepoint    ] Entering safepoint region: Cleanup
[2019-12-08T11:54:15.098+0000][1][safepoint    ] Leaving safepoint region
[2019-12-08T11:54:15.098+0000][1][safepoint    ] Total time for which application threads were stopped: 0.0000720 seconds, Stopping threads took: 0.0000183 seconds
[2019-12-08T11:54:16.098+0000][1][safepoint    ] Application time: 1.0000798 seconds
[2019-12-08T11:54:16.098+0000][1][safepoint    ] Entering safepoint region: Cleanup
[2019-12-08T11:54:16.098+0000][1][safepoint    ] Leaving safepoint region
[2019-12-08T11:54:16.098+0000][1][safepoint    ] Total time for which application threads were stopped: 0.0000947 seconds, Stopping threads took: 0.0000205 seconds
[2019-12-08T11:54:17.098+0000][1][safepoint    ] Application time: 1.0000777 seconds
[2019-12-08T11:54:17.098+0000][1][safepoint    ] Entering safepoint region: Cleanup
[2019-12-08T11:54:17.098+0000][1][safepoint    ] Leaving safepoint region
[2019-12-08T11:54:17.098+0000][1][safepoint    ] Total time for which application threads were stopped: 0.0000749 seconds, Stopping threads took: 0.0000201 seconds
[2019-12-08T11:54:18.098+0000][1][safepoint    ] Application time: 1.0000849 seconds
[2019-12-08T11:54:18.098+0000][1][safepoint    ] Entering safepoint region: Cleanup
[2019-12-08T11:54:18.098+0000][1][safepoint    ] Leaving safepoint region
[2019-12-08T11:54:18.098+0000][1][safepoint    ] Total time for which application threads were stopped: 0.0000731 seconds, Stopping threads took: 0.0000197 seconds
[2019-12-08T11:54:19.098+0000][1][safepoint    ] Application time: 1.0000827 seconds
[2019-12-08T11:54:19.098+0000][1][safepoint    ] Entering safepoint region: Cleanup
[2019-12-08T11:54:19.098+0000][1][safepoint    ] Leaving safepoint region
[2019-12-08T11:54:19.098+0000][1][safepoint    ] Total time for which application threads were stopped: 0.0000704 seconds, Stopping threads took: 0.0000183 seconds
[2019-12-08T11:54:20.098+0000][1][safepoint    ] Application time: 1.0000763 seconds
[2019-12-08T11:54:20.098+0000][1][safepoint    ] Entering safepoint region: Cleanup
[2019-12-08T11:54:20.098+0000][1][safepoint    ] Leaving safepoint region
[2019-12-08T11:54:20.098+0000][1][safepoint    ] Total time for which application threads were stopped: 0.0000725 seconds, Stopping threads took: 0.0000184 seconds
[2019-12-08T11:54:21.099+0000][1][safepoint    ] Application time: 1.0000803 seconds
[2019-12-08T11:54:21.099+0000][1][safepoint    ] Entering safepoint region: Cleanup
[2019-12-08T11:54:21.099+0000][1][safepoint    ] Leaving safepoint region
[2019-12-08T11:54:21.099+0000][1][safepoint    ] Total time for which application threads were stopped: 0.0000978 seconds, Stopping threads took: 0.0000193 seconds
[2019-12-08T11:54:22.099+0000][1][safepoint    ] Application time: 1.0000776 seconds
[2019-12-08T11:54:22.099+0000][1][safepoint    ] Entering safepoint region: Cleanup
[2019-12-08T11:54:22.099+0000][1][safepoint    ] Leaving safepoint region
[2019-12-08T11:54:22.099+0000][1][safepoint    ] Total time for which application threads were stopped: 0.0000743 seconds, Stopping threads took: 0.0000204 seconds
[2019-12-08T11:54:23.099+0000][1][safepoint    ] Application time: 1.0000815 seconds
[2019-12-08T11:54:23.099+0000][1][safepoint    ] Entering safepoint region: Cleanup
[2019-12-08T11:54:23.099+0000][1][safepoint    ] Leaving safepoint region
[2019-12-08T11:54:23.099+0000][1][safepoint    ] Total time for which application threads were stopped: 0.0000730 seconds, Stopping threads took: 0.0000181 seconds
[2019-12-08T11:54:24.099+0000][1][safepoint    ] Application time: 1.0000768 seconds
[2019-12-08T11:54:24.099+0000][1][safepoint    ] Entering safepoint region: Cleanup
[2019-12-08T11:54:24.099+0000][1][safepoint    ] Leaving safepoint region
[2019-12-08T11:54:24.099+0000][1][safepoint    ] Total time for which application threads were stopped: 0.0000783 seconds, Stopping threads took: 0.0000206 seconds
[2019-12-08T11:54:25.099+0000][1][safepoint    ] Application time: 1.0000795 seconds
[2019-12-08T11:54:25.099+0000][1][safepoint    ] Entering safepoint region: Cleanup
[2019-12-08T11:54:25.099+0000][1][safepoint    ] Leaving safepoint region
[2019-12-08T11:54:25.099+0000][1][safepoint    ] Total time for which application threads were stopped: 0.0000733 seconds, Stopping threads took: 0.0000186 seconds
[2019-12-08T11:54:26.100+0000][1][safepoint    ] Application time: 1.0000752 seconds
[2019-12-08T11:54:26.100+0000][1][safepoint    ] Entering safepoint region: Cleanup
[2019-12-08T11:54:26.100+0000][1][safepoint    ] Leaving safepoint region
[2019-12-08T11:54:26.100+0000][1][safepoint    ] Total time for which application threads were stopped: 0.0000692 seconds, Stopping threads took: 0.0000177 seconds
[2019-12-08T11:54:27.100+0000][1][safepoint    ] Application time: 1.0000781 seconds
[2019-12-08T11:54:27.100+0000][1][safepoint    ] Entering safepoint region: Cleanup
[2019-12-08T11:54:27.100+0000][1][safepoint    ] Leaving safepoint region
[2019-12-08T11:54:27.100+0000][1][safepoint    ] Total time for which application threads were stopped: 0.0000739 seconds, Stopping threads took: 0.0000196 seconds
[2019-12-08T11:54:28.100+0000][1][safepoint    ] Application time: 1.0000781 seconds
[2019-12-08T11:54:28.100+0000][1][safepoint    ] Entering safepoint region: Cleanup
[2019-12-08T11:54:28.100+0000][1][safepoint    ] Leaving safepoint region
[2019-12-08T11:54:28.100+0000][1][safepoint    ] Total time for which application threads were stopped: 0.0000718 seconds, Stopping threads took: 0.0000182 seconds
[2019-12-08T11:54:29.100+0000][1][safepoint    ] Application time: 1.0000776 seconds
[2019-12-08T11:54:29.100+0000][1][safepoint    ] Entering safepoint region: Cleanup
[2019-12-08T11:54:29.100+0000][1][safepoint    ] Leaving safepoint region
[2019-12-08T11:54:29.100+0000][1][safepoint    ] Total time for which application threads were stopped: 0.0000764 seconds, Stopping threads took: 0.0000196 seconds
[2019-12-08T11:54:30.100+0000][1][safepoint    ] Application time: 1.0000840 seconds
[2019-12-08T11:54:30.100+0000][1][safepoint    ] Entering safepoint region: Cleanup
[2019-12-08T11:54:30.100+0000][1][safepoint    ] Leaving safepoint region
[2019-12-08T11:54:30.100+0000][1][safepoint    ] Total time for which application threads were stopped: 0.0000749 seconds, Stopping threads took: 0.0000192 seconds
[2019-12-08T11:54:31.100+0000][1][safepoint    ] Application time: 1.0000838 seconds
[2019-12-08T11:54:31.101+0000][1][safepoint    ] Entering safepoint region: Cleanup
[2019-12-08T11:54:31.101+0000][1][safepoint    ] Leaving safepoint region
[2019-12-08T11:54:31.101+0000][1][safepoint    ] Total time for which application threads were stopped: 0.0000752 seconds, Stopping threads took: 0.0000202 seconds
[2019-12-08T11:54:32.101+0000][1][safepoint    ] Application time: 1.0000994 seconds
[2019-12-08T11:54:32.101+0000][1][safepoint    ] Entering safepoint region: Cleanup
[2019-12-08T11:54:32.101+0000][1][safepoint    ] Leaving safepoint region
[2019-12-08T11:54:32.101+0000][1][safepoint    ] Total time for which application threads were stopped: 0.0000964 seconds, Stopping threads took: 0.0000202 seconds
[2019-12-08T11:54:33.101+0000][1][safepoint    ] Application time: 1.0000845 seconds
[2019-12-08T11:54:33.101+0000][1][safepoint    ] Entering safepoint region: Cleanup
[2019-12-08T11:54:33.101+0000][1][safepoint    ] Leaving safepoint region
[2019-12-08T11:54:33.101+0000][1][safepoint    ] Total time for which application threads were stopped: 0.0000759 seconds, Stopping threads took: 0.0000199 seconds
[2019-12-08T11:54:34.101+0000][1][safepoint    ] Application time: 1.0000876 seconds
[2019-12-08T11:54:34.101+0000][1][safepoint    ] Entering safepoint region: Cleanup
[2019-12-08T11:54:34.101+0000][1][safepoint    ] Leaving safepoint region
[2019-12-08T11:54:34.101+0000][1][safepoint    ] Total time for which application threads were stopped: 0.0000789 seconds, Stopping threads took: 0.0000211 seconds
[2019-12-08T11:54:35.101+0000][1][safepoint    ] Application time: 1.0000794 seconds
[2019-12-08T11:54:35.101+0000][1][safepoint    ] Entering safepoint region: Cleanup
[2019-12-08T11:54:35.101+0000][1][safepoint    ] Leaving safepoint region
[2019-12-08T11:54:35.101+0000][1][safepoint    ] Total time for which application threads were stopped: 0.0000754 seconds, Stopping threads took: 0.0000200 seconds
[2019-12-08T11:54:36.102+0000][1][safepoint    ] Application time: 1.0000838 seconds
[2019-12-08T11:54:36.102+0000][1][safepoint    ] Entering safepoint region: Cleanup
[2019-12-08T11:54:36.102+0000][1][safepoint    ] Leaving safepoint region
[2019-12-08T11:54:36.102+0000][1][safepoint    ] Total time for which application threads were stopped: 0.0000794 seconds, Stopping threads took: 0.0000187 seconds
[2019-12-08T11:54:37.102+0000][1][safepoint    ] Application time: 1.0000907 seconds
[2019-12-08T11:54:37.102+0000][1][safepoint    ] Entering safepoint region: Cleanup
[2019-12-08T11:54:37.102+0000][1][safepoint    ] Leaving safepoint region
[2019-12-08T11:54:37.102+0000][1][safepoint    ] Total time for which application threads were stopped: 0.0000699 seconds, Stopping threads took: 0.0000183 seconds
[2019-12-08T11:54:38.102+0000][1][safepoint    ] Application time: 1.0000805 seconds
[2019-12-08T11:54:38.102+0000][1][safepoint    ] Entering safepoint region: Cleanup
[2019-12-08T11:54:38.102+0000][1][safepoint    ] Leaving safepoint region
[2019-12-08T11:54:38.102+0000][1][safepoint    ] Total time for which application threads were stopped: 0.0000882 seconds, Stopping threads took: 0.0000203 seconds
[2019-12-08T11:54:39.102+0000][1][safepoint    ] Application time: 1.0000771 seconds
[2019-12-08T11:54:39.102+0000][1][safepoint    ] Entering safepoint region: Cleanup
[2019-12-08T11:54:39.102+0000][1][safepoint    ] Leaving safepoint region
[2019-12-08T11:54:39.102+0000][1][safepoint    ] Total time for which application threads were stopped: 0.0000730 seconds, Stopping threads took: 0.0000193 seconds
[2019-12-08T11:54:40.102+0000][1][safepoint    ] Application time: 1.0000800 seconds
[2019-12-08T11:54:40.102+0000][1][safepoint    ] Entering safepoint region: Cleanup
[2019-12-08T11:54:40.102+0000][1][safepoint    ] Leaving safepoint region
[2019-12-08T11:54:40.102+0000][1][safepoint    ] Total time for which application threads were stopped: 0.0000725 seconds, Stopping threads took: 0.0000199 seconds
[2019-12-08T11:54:41.103+0000][1][safepoint    ] Application time: 1.0000824 seconds
[2019-12-08T11:54:41.103+0000][1][safepoint    ] Entering safepoint region: Cleanup
[2019-12-08T11:54:41.103+0000][1][safepoint    ] Leaving safepoint region
[2019-12-08T11:54:41.103+0000][1][safepoint    ] Total time for which application threads were stopped: 0.0000741 seconds, Stopping threads took: 0.0000199 seconds
[2019-12-08T11:54:42.103+0000][1][safepoint    ] Application time: 1.0000810 seconds
[2019-12-08T11:54:42.103+0000][1][safepoint    ] Entering safepoint region: Cleanup
[2019-12-08T11:54:42.103+0000][1][safepoint    ] Leaving safepoint region
[2019-12-08T11:54:42.103+0000][1][safepoint    ] Total time for which application threads were stopped: 0.0000727 seconds, Stopping threads took: 0.0000184 seconds
[2019-12-08T11:54:43.103+0000][1][safepoint    ] Application time: 1.0000848 seconds
[2019-12-08T11:54:43.103+0000][1][safepoint    ] Entering safepoint region: Cleanup
[2019-12-08T11:54:43.103+0000][1][safepoint    ] Leaving safepoint region
[2019-12-08T11:54:43.103+0000][1][safepoint    ] Total time for which application threads were stopped: 0.0000755 seconds, Stopping threads took: 0.0000201 seconds
[2019-12-08T11:54:44.103+0000][1][safepoint    ] Application time: 1.0000814 seconds
[2019-12-08T11:54:44.103+0000][1][safepoint    ] Entering safepoint region: Cleanup
[2019-12-08T11:54:44.103+0000][1][safepoint    ] Leaving safepoint region
[2019-12-08T11:54:44.103+0000][1][safepoint    ] Total time for which application threads were stopped: 0.0000747 seconds, Stopping threads took: 0.0000175 seconds
[2019-12-08T11:54:45.103+0000][1][safepoint    ] Application time: 1.0000780 seconds
[2019-12-08T11:54:45.103+0000][1][safepoint    ] Entering safepoint region: Cleanup
[2019-12-08T11:54:45.103+0000][1][safepoint    ] Leaving safepoint region
[2019-12-08T11:54:45.103+0000][1][safepoint    ] Total time for which application threads were stopped: 0.0000774 seconds, Stopping threads took: 0.0000195 seconds
[2019-12-08T11:54:46.104+0000][1][safepoint    ] Application time: 1.0000816 seconds
[2019-12-08T11:54:46.104+0000][1][safepoint    ] Entering safepoint region: Cleanup
[2019-12-08T11:54:46.104+0000][1][safepoint    ] Leaving safepoint region
[2019-12-08T11:54:46.104+0000][1][safepoint    ] Total time for which application threads were stopped: 0.0000804 seconds, Stopping threads took: 0.0000193 seconds
[2019-12-08T11:54:47.104+0000][1][safepoint    ] Application time: 1.0000791 seconds
[2019-12-08T11:54:47.104+0000][1][safepoint    ] Entering safepoint region: Cleanup
[2019-12-08T11:54:47.104+0000][1][safepoint    ] Leaving safepoint region
[2019-12-08T11:54:47.104+0000][1][safepoint    ] Total time for which application threads were stopped: 0.0000778 seconds, Stopping threads took: 0.0000185 seconds
[2019-12-08T11:54:48.104+0000][1][safepoint    ] Application time: 1.0000811 seconds
[2019-12-08T11:54:48.104+0000][1][safepoint    ] Entering safepoint region: Cleanup
[2019-12-08T11:54:48.104+0000][1][safepoint    ] Leaving safepoint region
[2019-12-08T11:54:48.104+0000][1][safepoint    ] Total time for which application threads were stopped: 0.0000805 seconds, Stopping threads took: 0.0000260 seconds
[2019-12-08T11:54:49.104+0000][1][safepoint    ] Application time: 1.0000824 seconds
[2019-12-08T11:54:49.104+0000][1][safepoint    ] Entering safepoint region: Cleanup
[2019-12-08T11:54:49.104+0000][1][safepoint    ] Leaving safepoint region
[2019-12-08T11:54:49.104+0000][1][safepoint    ] Total time for which application threads were stopped: 0.0000743 seconds, Stopping threads took: 0.0000203 seconds
[2019-12-08T11:54:50.104+0000][1][safepoint    ] Application time: 1.0000791 seconds
[2019-12-08T11:54:50.104+0000][1][safepoint    ] Entering safepoint region: Cleanup
[2019-12-08T11:54:50.104+0000][1][safepoint    ] Leaving safepoint region
[2019-12-08T11:54:50.104+0000][1][safepoint    ] Total time for which application threads were stopped: 0.0000737 seconds, Stopping threads took: 0.0000191 seconds
[2019-12-08T11:54:51.105+0000][1][safepoint    ] Application time: 1.0000787 seconds
[2019-12-08T11:54:51.105+0000][1][safepoint    ] Entering safepoint region: Cleanup
[2019-12-08T11:54:51.105+0000][1][safepoint    ] Leaving safepoint region
[2019-12-08T11:54:51.105+0000][1][safepoint    ] Total time for which application threads were stopped: 0.0000716 seconds, Stopping threads took: 0.0000184 seconds
[2019-12-08T11:54:52.105+0000][1][safepoint    ] Application time: 1.0000788 seconds
[2019-12-08T11:54:52.105+0000][1][safepoint    ] Entering safepoint region: Cleanup
[2019-12-08T11:54:52.105+0000][1][safepoint    ] Leaving safepoint region
[2019-12-08T11:54:52.105+0000][1][safepoint    ] Total time for which application threads were stopped: 0.0000779 seconds, Stopping threads took: 0.0000180 seconds
[2019-12-08T11:54:53.105+0000][1][safepoint    ] Application time: 1.0000791 seconds
[2019-12-08T11:54:53.105+0000][1][safepoint    ] Entering safepoint region: Cleanup
[2019-12-08T11:54:53.105+0000][1][safepoint    ] Leaving safepoint region
[2019-12-08T11:54:53.105+0000][1][safepoint    ] Total time for which application threads were stopped: 0.0000752 seconds, Stopping threads took: 0.0000196 seconds
[2019-12-08T11:54:54.105+0000][1][safepoint    ] Application time: 1.0000768 seconds
[2019-12-08T11:54:54.105+0000][1][safepoint    ] Entering safepoint region: Cleanup
[2019-12-08T11:54:54.105+0000][1][safepoint    ] Leaving safepoint region
[2019-12-08T11:54:54.105+0000][1][safepoint    ] Total time for which application threads were stopped: 0.0000750 seconds, Stopping threads took: 0.0000198 seconds
[2019-12-08T11:54:55.105+0000][1][safepoint    ] Application time: 1.0000788 seconds
[2019-12-08T11:54:55.105+0000][1][safepoint    ] Entering safepoint region: Cleanup
[2019-12-08T11:54:55.105+0000][1][safepoint    ] Leaving safepoint region
[2019-12-08T11:54:55.105+0000][1][safepoint    ] Total time for which application threads were stopped: 0.0000753 seconds, Stopping threads took: 0.0000184 seconds
[2019-12-08T11:54:56.105+0000][1][safepoint    ] Application time: 1.0000773 seconds
[2019-12-08T11:54:56.106+0000][1][safepoint    ] Entering safepoint region: Cleanup
[2019-12-08T11:54:56.106+0000][1][safepoint    ] Leaving safepoint region
[2019-12-08T11:54:56.106+0000][1][safepoint    ] Total time for which application threads were stopped: 0.0000753 seconds, Stopping threads took: 0.0000189 seconds
[2019-12-08T11:54:57.106+0000][1][safepoint    ] Application time: 1.0000921 seconds
[2019-12-08T11:54:57.106+0000][1][safepoint    ] Entering safepoint region: Cleanup
[2019-12-08T11:54:57.106+0000][1][safepoint    ] Leaving safepoint region
[2019-12-08T11:54:57.106+0000][1][safepoint    ] Total time for which application threads were stopped: 0.0000826 seconds, Stopping threads took: 0.0000278 seconds
[2019-12-08T11:54:58.106+0000][1][safepoint    ] Application time: 1.0000790 seconds
[2019-12-08T11:54:58.106+0000][1][safepoint    ] Entering safepoint region: Cleanup
[2019-12-08T11:54:58.106+0000][1][safepoint    ] Leaving safepoint region
[2019-12-08T11:54:58.106+0000][1][safepoint    ] Total time for which application threads were stopped: 0.0000743 seconds, Stopping threads took: 0.0000192 seconds
[2019-12-08T11:54:59.106+0000][1][safepoint    ] Application time: 1.0000788 seconds
[2019-12-08T11:54:59.106+0000][1][safepoint    ] Entering safepoint region: Cleanup
[2019-12-08T11:54:59.106+0000][1][safepoint    ] Leaving safepoint region
[2019-12-08T11:54:59.106+0000][1][safepoint    ] Total time for which application threads were stopped: 0.0000741 seconds, Stopping threads took: 0.0000194 seconds
[2019-12-08T11:55:00.106+0000][1][safepoint    ] Application time: 1.0000821 seconds
[2019-12-08T11:55:00.106+0000][1][safepoint    ] Entering safepoint region: Cleanup
[2019-12-08T11:55:00.106+0000][1][safepoint    ] Leaving safepoint region
[2019-12-08T11:55:00.106+0000][1][safepoint    ] Total time for which application threads were stopped: 0.0000749 seconds, Stopping threads took: 0.0000184 seconds
[2019-12-08T11:55:01.107+0000][1][safepoint    ] Application time: 1.0000849 seconds
[2019-12-08T11:55:01.107+0000][1][safepoint    ] Entering safepoint region: Cleanup
[2019-12-08T11:55:01.107+0000][1][safepoint    ] Leaving safepoint region
[2019-12-08T11:55:01.107+0000][1][safepoint    ] Total time for which application threads were stopped: 0.0000764 seconds, Stopping threads took: 0.0000198 seconds
[2019-12-08T11:55:02.107+0000][1][safepoint    ] Application time: 1.0000914 seconds
[2019-12-08T11:55:02.107+0000][1][safepoint    ] Entering safepoint region: Cleanup
[2019-12-08T11:55:02.107+0000][1][safepoint    ] Leaving safepoint region
[2019-12-08T11:55:02.107+0000][1][safepoint    ] Total time for which application threads were stopped: 0.0000772 seconds, Stopping threads took: 0.0000193 seconds
[2019-12-08T11:55:03.107+0000][1][safepoint    ] Application time: 1.0000841 seconds
[2019-12-08T11:55:03.107+0000][1][safepoint    ] Entering safepoint region: Cleanup
[2019-12-08T11:55:03.107+0000][1][safepoint    ] Leaving safepoint region
[2019-12-08T11:55:03.107+0000][1][safepoint    ] Total time for which application threads were stopped: 0.0000839 seconds, Stopping threads took: 0.0000285 seconds
[2019-12-08T11:55:04.107+0000][1][safepoint    ] Application time: 1.0000778 seconds
[2019-12-08T11:55:04.107+0000][1][safepoint    ] Entering safepoint region: Cleanup
[2019-12-08T11:55:04.107+0000][1][safepoint    ] Leaving safepoint region
[2019-12-08T11:55:04.107+0000][1][safepoint    ] Total time for which application threads were stopped: 0.0000744 seconds, Stopping threads took: 0.0000200 seconds
[2019-12-08T11:55:04.140+0000][1][safepoint    ] Application time: 0.0327846 seconds
[2019-12-08T11:55:04.140+0000][1][safepoint    ] Entering safepoint region: GenCollectForAllocation
[2019-12-08T11:55:04.140+0000][1][gc,start     ] GC(33) Pause Young (Allocation Failure)
[2019-12-08T11:55:04.140+0000][1][gc,task      ] GC(33) Using 4 workers of 4 for evacuation
[2019-12-08T11:55:04.141+0000][1][gc,age       ] GC(33) Desired survivor size 4456448 bytes, new threshold 6 (max threshold 6)
[2019-12-08T11:55:04.141+0000][1][gc,age       ] GC(33) Age table with threshold 6 (max threshold 6)
[2019-12-08T11:55:04.141+0000][1][gc,age       ] GC(33) - age   1:       5736 bytes,       5736 total
[2019-12-08T11:55:04.141+0000][1][gc,age       ] GC(33) - age   2:        688 bytes,       6424 total
[2019-12-08T11:55:04.141+0000][1][gc,age       ] GC(33) - age   3:       2264 bytes,       8688 total
[2019-12-08T11:55:04.141+0000][1][gc,age       ] GC(33) - age   4:       3248 bytes,      11936 total
[2019-12-08T11:55:04.141+0000][1][gc,age       ] GC(33) - age   5:       1600 bytes,      13536 total
[2019-12-08T11:55:04.141+0000][1][gc,age       ] GC(33) - age   6:       2944 bytes,      16480 total
[2019-12-08T11:55:04.141+0000][1][gc,heap      ] GC(33) ParNew: 69983K->25K(78656K)
[2019-12-08T11:55:04.141+0000][1][gc,heap      ] GC(33) CMS: 70140K->70142K(174784K)
[2019-12-08T11:55:04.141+0000][1][gc,metaspace ] GC(33) Metaspace: 69012K->69012K(1112064K)
[2019-12-08T11:55:04.141+0000][1][gc           ] GC(33) Pause Young (Allocation Failure) 136M->68M(247M) 1.211ms
[2019-12-08T11:55:04.141+0000][1][gc,cpu       ] GC(33) User=0.00s Sys=0.00s Real=0.01s
[2019-12-08T11:55:04.141+0000][1][safepoint    ] Leaving safepoint region
[2019-12-08T11:55:04.141+0000][1][safepoint    ] Total time for which application threads were stopped: 0.0013616 seconds, Stopping threads took: 0.0000176 seconds
[2019-12-08T11:55:05.142+0000][1][safepoint    ] Application time: 1.0000928 seconds
[2019-12-08T11:55:05.142+0000][1][safepoint    ] Entering safepoint region: Cleanup
[2019-12-08T11:55:05.142+0000][1][safepoint    ] Leaving safepoint region
[2019-12-08T11:55:05.142+0000][1][safepoint    ] Total time for which application threads were stopped: 0.0000983 seconds, Stopping threads took: 0.0000221 seconds
[2019-12-08T11:55:06.142+0000][1][safepoint    ] Application time: 1.0000791 seconds
[2019-12-08T11:55:06.142+0000][1][safepoint    ] Entering safepoint region: Cleanup
[2019-12-08T11:55:06.142+0000][1][safepoint    ] Leaving safepoint region
[2019-12-08T11:55:06.142+0000][1][safepoint    ] Total time for which application threads were stopped: 0.0000729 seconds, Stopping threads took: 0.0000181 seconds
[2019-12-08T11:55:07.142+0000][1][safepoint    ] Application time: 1.0000828 seconds
[2019-12-08T11:55:07.142+0000][1][safepoint    ] Entering safepoint region: Cleanup
[2019-12-08T11:55:07.142+0000][1][safepoint    ] Leaving safepoint region
[2019-12-08T11:55:07.142+0000][1][safepoint    ] Total time for which application threads were stopped: 0.0000881 seconds, Stopping threads took: 0.0000198 seconds
[2019-12-08T11:55:08.142+0000][1][safepoint    ] Application time: 1.0000891 seconds
[2019-12-08T11:55:08.142+0000][1][safepoint    ] Entering safepoint region: Cleanup
[2019-12-08T11:55:08.142+0000][1][safepoint    ] Leaving safepoint region
[2019-12-08T11:55:08.142+0000][1][safepoint    ] Total time for which application threads were stopped: 0.0000784 seconds, Stopping threads took: 0.0000188 seconds
[2019-12-08T11:55:09.142+0000][1][safepoint    ] Application time: 1.0001498 seconds
[2019-12-08T11:55:09.142+0000][1][safepoint    ] Entering safepoint region: Cleanup
[2019-12-08T11:55:09.142+0000][1][safepoint    ] Leaving safepoint region
[2019-12-08T11:55:09.143+0000][1][safepoint    ] Total time for which application threads were stopped: 0.0000972 seconds, Stopping threads took: 0.0000325 seconds
[2019-12-08T11:55:10.143+0000][1][safepoint    ] Application time: 1.0000810 seconds
[2019-12-08T11:55:10.143+0000][1][safepoint    ] Entering safepoint region: Cleanup
[2019-12-08T11:55:10.143+0000][1][safepoint    ] Leaving safepoint region
[2019-12-08T11:55:10.143+0000][1][safepoint    ] Total time for which application threads were stopped: 0.0001238 seconds, Stopping threads took: 0.0000225 seconds
[2019-12-08T11:55:11.143+0000][1][safepoint    ] Application time: 1.0000788 seconds
[2019-12-08T11:55:11.143+0000][1][safepoint    ] Entering safepoint region: Cleanup
[2019-12-08T11:55:11.143+0000][1][safepoint    ] Leaving safepoint region
[2019-12-08T11:55:11.143+0000][1][safepoint    ] Total time for which application threads were stopped: 0.0000749 seconds, Stopping threads took: 0.0000159 seconds
[2019-12-08T11:55:12.143+0000][1][safepoint    ] Application time: 1.0000790 seconds
[2019-12-08T11:55:12.143+0000][1][safepoint    ] Entering safepoint region: Cleanup
[2019-12-08T11:55:12.143+0000][1][safepoint    ] Leaving safepoint region
[2019-12-08T11:55:12.143+0000][1][safepoint    ] Total time for which application threads were stopped: 0.0000682 seconds, Stopping threads took: 0.0000177 seconds
[2019-12-08T11:55:13.143+0000][1][safepoint    ] Application time: 1.0000811 seconds
[2019-12-08T11:55:13.143+0000][1][safepoint    ] Entering safepoint region: Cleanup
[2019-12-08T11:55:13.143+0000][1][safepoint    ] Leaving safepoint region
[2019-12-08T11:55:13.143+0000][1][safepoint    ] Total time for which application threads were stopped: 0.0001259 seconds, Stopping threads took: 0.0000606 seconds
[2019-12-08T11:55:14.143+0000][1][safepoint    ] Application time: 1.0000884 seconds
[2019-12-08T11:55:14.143+0000][1][safepoint    ] Entering safepoint region: Cleanup
[2019-12-08T11:55:14.144+0000][1][safepoint    ] Leaving safepoint region
[2019-12-08T11:55:14.144+0000][1][safepoint    ] Total time for which application threads were stopped: 0.0000696 seconds, Stopping threads took: 0.0000169 seconds
[2019-12-08T11:55:15.144+0000][1][safepoint    ] Application time: 1.0000767 seconds
[2019-12-08T11:55:15.144+0000][1][safepoint    ] Entering safepoint region: Cleanup
[2019-12-08T11:55:15.144+0000][1][safepoint    ] Leaving safepoint region
[2019-12-08T11:55:15.144+0000][1][safepoint    ] Total time for which application threads were stopped: 0.0000800 seconds, Stopping threads took: 0.0000158 seconds
[2019-12-08T11:55:16.144+0000][1][safepoint    ] Application time: 1.0000757 seconds
[2019-12-08T11:55:16.144+0000][1][safepoint    ] Entering safepoint region: Cleanup
[2019-12-08T11:55:16.144+0000][1][safepoint    ] Leaving safepoint region
[2019-12-08T11:55:16.144+0000][1][safepoint    ] Total time for which application threads were stopped: 0.0000769 seconds, Stopping threads took: 0.0000183 seconds
[2019-12-08T11:55:17.144+0000][1][safepoint    ] Application time: 1.0000780 seconds
[2019-12-08T11:55:17.144+0000][1][safepoint    ] Entering safepoint region: Cleanup
[2019-12-08T11:55:17.144+0000][1][safepoint    ] Leaving safepoint region
[2019-12-08T11:55:17.144+0000][1][safepoint    ] Total time for which application threads were stopped: 0.0000758 seconds, Stopping threads took: 0.0000184 seconds
[2019-12-08T11:55:18.144+0000][1][safepoint    ] Application time: 1.0000987 seconds
[2019-12-08T11:55:18.144+0000][1][safepoint    ] Entering safepoint region: Cleanup
[2019-12-08T11:55:18.144+0000][1][safepoint    ] Leaving safepoint region
[2019-12-08T11:55:18.144+0000][1][safepoint    ] Total time for which application threads were stopped: 0.0000947 seconds, Stopping threads took: 0.0000250 seconds
[2019-12-08T11:55:19.144+0000][1][safepoint    ] Application time: 1.0000940 seconds
[2019-12-08T11:55:19.144+0000][1][safepoint    ] Entering safepoint region: Cleanup
[2019-12-08T11:55:19.145+0000][1][safepoint    ] Leaving safepoint region
[2019-12-08T11:55:19.145+0000][1][safepoint    ] Total time for which application threads were stopped: 0.0001087 seconds, Stopping threads took: 0.0000332 seconds
[2019-12-08T11:55:20.145+0000][1][safepoint    ] Application time: 1.0000830 seconds
[2019-12-08T11:55:20.145+0000][1][safepoint    ] Entering safepoint region: Cleanup
[2019-12-08T11:55:20.145+0000][1][safepoint    ] Leaving safepoint region
[2019-12-08T11:55:20.145+0000][1][safepoint    ] Total time for which application threads were stopped: 0.0000866 seconds, Stopping threads took: 0.0000168 seconds
[2019-12-08T11:55:21.145+0000][1][safepoint    ] Application time: 1.0000855 seconds
[2019-12-08T11:55:21.145+0000][1][safepoint    ] Entering safepoint region: Cleanup
[2019-12-08T11:55:21.145+0000][1][safepoint    ] Leaving safepoint region
[2019-12-08T11:55:21.145+0000][1][safepoint    ] Total time for which application threads were stopped: 0.0000675 seconds, Stopping threads took: 0.0000187 seconds
[2019-12-08T11:55:22.145+0000][1][safepoint    ] Application time: 1.0000767 seconds
[2019-12-08T11:55:22.145+0000][1][safepoint    ] Entering safepoint region: Cleanup
[2019-12-08T11:55:22.145+0000][1][safepoint    ] Leaving safepoint region
[2019-12-08T11:55:22.145+0000][1][safepoint    ] Total time for which application threads were stopped: 0.0000641 seconds, Stopping threads took: 0.0000166 seconds
[2019-12-08T11:55:23.145+0000][1][safepoint    ] Application time: 1.0000779 seconds
[2019-12-08T11:55:23.145+0000][1][safepoint    ] Entering safepoint region: Cleanup
[2019-12-08T11:55:23.145+0000][1][safepoint    ] Leaving safepoint region
[2019-12-08T11:55:23.145+0000][1][safepoint    ] Total time for which application threads were stopped: 0.0000722 seconds, Stopping threads took: 0.0000227 seconds
[2019-12-08T11:55:24.145+0000][1][safepoint    ] Application time: 1.0000750 seconds
[2019-12-08T11:55:24.145+0000][1][safepoint    ] Entering safepoint region: Cleanup
[2019-12-08T11:55:24.145+0000][1][safepoint    ] Leaving safepoint region
[2019-12-08T11:55:24.145+0000][1][safepoint    ] Total time for which application threads were stopped: 0.0000728 seconds, Stopping threads took: 0.0000222 seconds
[2019-12-08T11:55:25.146+0000][1][safepoint    ] Application time: 1.0000769 seconds
[2019-12-08T11:55:25.146+0000][1][safepoint    ] Entering safepoint region: Cleanup
[2019-12-08T11:55:25.146+0000][1][safepoint    ] Leaving safepoint region
[2019-12-08T11:55:25.146+0000][1][safepoint    ] Total time for which application threads were stopped: 0.0000738 seconds, Stopping threads took: 0.0000223 seconds
[2019-12-08T11:55:26.146+0000][1][safepoint    ] Application time: 1.0000885 seconds
[2019-12-08T11:55:26.146+0000][1][safepoint    ] Entering safepoint region: Cleanup
[2019-12-08T11:55:26.146+0000][1][safepoint    ] Leaving safepoint region
[2019-12-08T11:55:26.146+0000][1][safepoint    ] Total time for which application threads were stopped: 0.0000680 seconds, Stopping threads took: 0.0000169 seconds
[2019-12-08T11:55:27.146+0000][1][safepoint    ] Application time: 1.0000778 seconds
[2019-12-08T11:55:27.146+0000][1][safepoint    ] Entering safepoint region: Cleanup
[2019-12-08T11:55:27.146+0000][1][safepoint    ] Leaving safepoint region
[2019-12-08T11:55:27.146+0000][1][safepoint    ] Total time for which application threads were stopped: 0.0000673 seconds, Stopping threads took: 0.0000166 seconds
[2019-12-08T11:55:28.146+0000][1][safepoint    ] Application time: 1.0000761 seconds
[2019-12-08T11:55:28.146+0000][1][safepoint    ] Entering safepoint region: Cleanup
[2019-12-08T11:55:28.146+0000][1][safepoint    ] Leaving safepoint region
[2019-12-08T11:55:28.146+0000][1][safepoint    ] Total time for which application threads were stopped: 0.0000666 seconds, Stopping threads took: 0.0000177 seconds
[2019-12-08T11:55:29.146+0000][1][safepoint    ] Application time: 1.0000798 seconds
[2019-12-08T11:55:29.146+0000][1][safepoint    ] Entering safepoint region: Cleanup
[2019-12-08T11:55:29.146+0000][1][safepoint    ] Leaving safepoint region
[2019-12-08T11:55:29.146+0000][1][safepoint    ] Total time for which application threads were stopped: 0.0000802 seconds, Stopping threads took: 0.0000296 seconds
[2019-12-08T11:55:30.146+0000][1][safepoint    ] Application time: 1.0000776 seconds
[2019-12-08T11:55:30.146+0000][1][safepoint    ] Entering safepoint region: Cleanup
[2019-12-08T11:55:30.146+0000][1][safepoint    ] Leaving safepoint region
[2019-12-08T11:55:30.146+0000][1][safepoint    ] Total time for which application threads were stopped: 0.0000750 seconds, Stopping threads took: 0.0000172 seconds
[2019-12-08T11:55:31.147+0000][1][safepoint    ] Application time: 1.0000785 seconds
[2019-12-08T11:55:31.147+0000][1][safepoint    ] Entering safepoint region: Cleanup
[2019-12-08T11:55:31.147+0000][1][safepoint    ] Leaving safepoint region
[2019-12-08T11:55:31.147+0000][1][safepoint    ] Total time for which application threads were stopped: 0.0000659 seconds, Stopping threads took: 0.0000174 seconds
[2019-12-08T11:55:32.147+0000][1][safepoint    ] Application time: 1.0000762 seconds
[2019-12-08T11:55:32.147+0000][1][safepoint    ] Entering safepoint region: Cleanup
[2019-12-08T11:55:32.147+0000][1][safepoint    ] Leaving safepoint region
[2019-12-08T11:55:32.147+0000][1][safepoint    ] Total time for which application threads were stopped: 0.0000705 seconds, Stopping threads took: 0.0000169 seconds
[2019-12-08T11:55:33.147+0000][1][safepoint    ] Application time: 1.0000741 seconds
[2019-12-08T11:55:33.147+0000][1][safepoint    ] Entering safepoint region: Cleanup
[2019-12-08T11:55:33.147+0000][1][safepoint    ] Leaving safepoint region
[2019-12-08T11:55:33.147+0000][1][safepoint    ] Total time for which application threads were stopped: 0.0000680 seconds, Stopping threads took: 0.0000181 seconds
[2019-12-08T11:55:34.147+0000][1][safepoint    ] Application time: 1.0000637 seconds
[2019-12-08T11:55:34.147+0000][1][safepoint    ] Entering safepoint region: Cleanup
[2019-12-08T11:55:34.147+0000][1][safepoint    ] Leaving safepoint region
[2019-12-08T11:55:34.147+0000][1][safepoint    ] Total time for which application threads were stopped: 0.0000723 seconds, Stopping threads took: 0.0000176 seconds
[2019-12-08T11:55:35.147+0000][1][safepoint    ] Application time: 1.0000780 seconds
[2019-12-08T11:55:35.147+0000][1][safepoint    ] Entering safepoint region: Cleanup
[2019-12-08T11:55:35.147+0000][1][safepoint    ] Leaving safepoint region
[2019-12-08T11:55:35.147+0000][1][safepoint    ] Total time for which application threads were stopped: 0.0000723 seconds, Stopping threads took: 0.0000217 seconds
[2019-12-08T11:55:36.147+0000][1][safepoint    ] Application time: 1.0000751 seconds
[2019-12-08T11:55:36.147+0000][1][safepoint    ] Entering safepoint region: Cleanup
[2019-12-08T11:55:36.147+0000][1][safepoint    ] Leaving safepoint region
[2019-12-08T11:55:36.147+0000][1][safepoint    ] Total time for which application threads were stopped: 0.0000674 seconds, Stopping threads took: 0.0000166 seconds
[2019-12-08T11:55:37.148+0000][1][safepoint    ] Application time: 1.0000749 seconds
[2019-12-08T11:55:37.148+0000][1][safepoint    ] Entering safepoint region: Cleanup
[2019-12-08T11:55:37.148+0000][1][safepoint    ] Leaving safepoint region
[2019-12-08T11:55:37.148+0000][1][safepoint    ] Total time for which application threads were stopped: 0.0000655 seconds, Stopping threads took: 0.0000169 seconds
[2019-12-08T11:55:38.148+0000][1][safepoint    ] Application time: 1.0000753 seconds
[2019-12-08T11:55:38.148+0000][1][safepoint    ] Entering safepoint region: Cleanup
[2019-12-08T11:55:38.148+0000][1][safepoint    ] Leaving safepoint region
[2019-12-08T11:55:38.148+0000][1][safepoint    ] Total time for which application threads were stopped: 0.0000669 seconds, Stopping threads took: 0.0000175 seconds
[2019-12-08T11:55:39.148+0000][1][safepoint    ] Application time: 1.0000759 seconds
[2019-12-08T11:55:39.148+0000][1][safepoint    ] Entering safepoint region: Cleanup
[2019-12-08T11:55:39.148+0000][1][safepoint    ] Leaving safepoint region
[2019-12-08T11:55:39.148+0000][1][safepoint    ] Total time for which application threads were stopped: 0.0000721 seconds, Stopping threads took: 0.0000159 seconds
[2019-12-08T11:55:40.148+0000][1][safepoint    ] Application time: 1.0000762 seconds
[2019-12-08T11:55:40.148+0000][1][safepoint    ] Entering safepoint region: Cleanup
[2019-12-08T11:55:40.148+0000][1][safepoint    ] Leaving safepoint region
[2019-12-08T11:55:40.148+0000][1][safepoint    ] Total time for which application threads were stopped: 0.0000661 seconds, Stopping threads took: 0.0000171 seconds
[2019-12-08T11:55:41.148+0000][1][safepoint    ] Application time: 1.0000752 seconds
[2019-12-08T11:55:41.148+0000][1][safepoint    ] Entering safepoint region: Cleanup
[2019-12-08T11:55:41.148+0000][1][safepoint    ] Leaving safepoint region
[2019-12-08T11:55:41.148+0000][1][safepoint    ] Total time for which application threads were stopped: 0.0000678 seconds, Stopping threads took: 0.0000171 seconds
[2019-12-08T11:55:42.148+0000][1][safepoint    ] Application time: 1.0000759 seconds
[2019-12-08T11:55:42.148+0000][1][safepoint    ] Entering safepoint region: Cleanup
[2019-12-08T11:55:42.148+0000][1][safepoint    ] Leaving safepoint region
[2019-12-08T11:55:42.148+0000][1][safepoint    ] Total time for which application threads were stopped: 0.0000654 seconds, Stopping threads took: 0.0000168 seconds
[2019-12-08T11:55:43.149+0000][1][safepoint    ] Application time: 1.0000756 seconds
[2019-12-08T11:55:43.149+0000][1][safepoint    ] Entering safepoint region: Cleanup
[2019-12-08T11:55:43.149+0000][1][safepoint    ] Leaving safepoint region
[2019-12-08T11:55:43.149+0000][1][safepoint    ] Total time for which application threads were stopped: 0.0000755 seconds, Stopping threads took: 0.0000171 seconds
[2019-12-08T11:55:44.149+0000][1][safepoint    ] Application time: 1.0000788 seconds
[2019-12-08T11:55:44.149+0000][1][safepoint    ] Entering safepoint region: Cleanup
[2019-12-08T11:55:44.149+0000][1][safepoint    ] Leaving safepoint region
[2019-12-08T11:55:44.149+0000][1][safepoint    ] Total time for which application threads were stopped: 0.0000669 seconds, Stopping threads took: 0.0000175 seconds
[2019-12-08T11:55:45.149+0000][1][safepoint    ] Application time: 1.0000748 seconds
[2019-12-08T11:55:45.149+0000][1][safepoint    ] Entering safepoint region: Cleanup
[2019-12-08T11:55:45.149+0000][1][safepoint    ] Leaving safepoint region
[2019-12-08T11:55:45.149+0000][1][safepoint    ] Total time for which application threads were stopped: 0.0000645 seconds, Stopping threads took: 0.0000160 seconds
[2019-12-08T11:55:46.149+0000][1][safepoint    ] Application time: 1.0000753 seconds
[2019-12-08T11:55:46.149+0000][1][safepoint    ] Entering safepoint region: Cleanup
[2019-12-08T11:55:46.149+0000][1][safepoint    ] Leaving safepoint region
[2019-12-08T11:55:46.149+0000][1][safepoint    ] Total time for which application threads were stopped: 0.0000645 seconds, Stopping threads took: 0.0000163 seconds
[2019-12-08T11:55:47.149+0000][1][safepoint    ] Application time: 1.0000755 seconds
[2019-12-08T11:55:47.149+0000][1][safepoint    ] Entering safepoint region: Cleanup
[2019-12-08T11:55:47.149+0000][1][safepoint    ] Leaving safepoint region
[2019-12-08T11:55:47.149+0000][1][safepoint    ] Total time for which application threads were stopped: 0.0000682 seconds, Stopping threads took: 0.0000168 seconds
[2019-12-08T11:55:48.149+0000][1][safepoint    ] Application time: 1.0000754 seconds
[2019-12-08T11:55:48.149+0000][1][safepoint    ] Entering safepoint region: Cleanup
[2019-12-08T11:55:48.149+0000][1][safepoint    ] Leaving safepoint region
[2019-12-08T11:55:48.149+0000][1][safepoint    ] Total time for which application threads were stopped: 0.0000713 seconds, Stopping threads took: 0.0000175 seconds
[2019-12-08T11:55:49.150+0000][1][safepoint    ] Application time: 1.0000744 seconds
[2019-12-08T11:55:49.150+0000][1][safepoint    ] Entering safepoint region: Cleanup
[2019-12-08T11:55:49.150+0000][1][safepoint    ] Leaving safepoint region
[2019-12-08T11:55:49.150+0000][1][safepoint    ] Total time for which application threads were stopped: 0.0000729 seconds, Stopping threads took: 0.0000169 seconds
[2019-12-08T11:55:50.150+0000][1][safepoint    ] Application time: 1.0000764 seconds
[2019-12-08T11:55:50.150+0000][1][safepoint    ] Entering safepoint region: Cleanup
[2019-12-08T11:55:50.150+0000][1][safepoint    ] Leaving safepoint region
[2019-12-08T11:55:50.150+0000][1][safepoint    ] Total time for which application threads were stopped: 0.0000745 seconds, Stopping threads took: 0.0000157 seconds
[2019-12-08T11:55:51.150+0000][1][safepoint    ] Application time: 1.0000789 seconds
[2019-12-08T11:55:51.150+0000][1][safepoint    ] Entering safepoint region: Cleanup
[2019-12-08T11:55:51.150+0000][1][safepoint    ] Leaving safepoint region
[2019-12-08T11:55:51.150+0000][1][safepoint    ] Total time for which application threads were stopped: 0.0000679 seconds, Stopping threads took: 0.0000171 seconds
[2019-12-08T11:55:52.150+0000][1][safepoint    ] Application time: 1.0000767 seconds
[2019-12-08T11:55:52.150+0000][1][safepoint    ] Entering safepoint region: Cleanup
[2019-12-08T11:55:52.150+0000][1][safepoint    ] Leaving safepoint region
[2019-12-08T11:55:52.150+0000][1][safepoint    ] Total time for which application threads were stopped: 0.0000665 seconds, Stopping threads took: 0.0000173 seconds
[2019-12-08T11:55:53.150+0000][1][safepoint    ] Application time: 1.0000766 seconds
[2019-12-08T11:55:53.150+0000][1][safepoint    ] Entering safepoint region: Cleanup
[2019-12-08T11:55:53.150+0000][1][safepoint    ] Leaving safepoint region
[2019-12-08T11:55:53.150+0000][1][safepoint    ] Total time for which application threads were stopped: 0.0000815 seconds, Stopping threads took: 0.0000253 seconds
[2019-12-08T11:55:54.150+0000][1][safepoint    ] Application time: 1.0000768 seconds
[2019-12-08T11:55:54.150+0000][1][safepoint    ] Entering safepoint region: Cleanup
[2019-12-08T11:55:54.150+0000][1][safepoint    ] Leaving safepoint region
[2019-12-08T11:55:54.151+0000][1][safepoint    ] Total time for which application threads were stopped: 0.0000663 seconds, Stopping threads took: 0.0000164 seconds
[2019-12-08T11:55:55.151+0000][1][safepoint    ] Application time: 1.0000762 seconds
[2019-12-08T11:55:55.151+0000][1][safepoint    ] Entering safepoint region: Cleanup
[2019-12-08T11:55:55.151+0000][1][safepoint    ] Leaving safepoint region
[2019-12-08T11:55:55.151+0000][1][safepoint    ] Total time for which application threads were stopped: 0.0000665 seconds, Stopping threads took: 0.0000176 seconds
[2019-12-08T11:55:56.151+0000][1][safepoint    ] Application time: 1.0000892 seconds
[2019-12-08T11:55:56.151+0000][1][safepoint    ] Entering safepoint region: Cleanup
[2019-12-08T11:55:56.151+0000][1][safepoint    ] Leaving safepoint region
[2019-12-08T11:55:56.151+0000][1][safepoint    ] Total time for which application threads were stopped: 0.0000944 seconds, Stopping threads took: 0.0000238 seconds
[2019-12-08T11:55:57.151+0000][1][safepoint    ] Application time: 1.0000779 seconds
[2019-12-08T11:55:57.151+0000][1][safepoint    ] Entering safepoint region: Cleanup
[2019-12-08T11:55:57.151+0000][1][safepoint    ] Leaving safepoint region
[2019-12-08T11:55:57.151+0000][1][safepoint    ] Total time for which application threads were stopped: 0.0000732 seconds, Stopping threads took: 0.0000209 seconds
[2019-12-08T11:55:58.151+0000][1][safepoint    ] Application time: 1.0000781 seconds
[2019-12-08T11:55:58.151+0000][1][safepoint    ] Entering safepoint region: Cleanup
[2019-12-08T11:55:58.151+0000][1][safepoint    ] Leaving safepoint region
[2019-12-08T11:55:58.151+0000][1][safepoint    ] Total time for which application threads were stopped: 0.0000703 seconds, Stopping threads took: 0.0000175 seconds
[2019-12-08T11:55:59.151+0000][1][safepoint    ] Application time: 1.0000784 seconds
[2019-12-08T11:55:59.151+0000][1][safepoint    ] Entering safepoint region: Cleanup
[2019-12-08T11:55:59.151+0000][1][safepoint    ] Leaving safepoint region
[2019-12-08T11:55:59.151+0000][1][safepoint    ] Total time for which application threads were stopped: 0.0000749 seconds, Stopping threads took: 0.0000169 seconds
[2019-12-08T11:56:00.151+0000][1][safepoint    ] Application time: 1.0000797 seconds
[2019-12-08T11:56:00.152+0000][1][safepoint    ] Entering safepoint region: Cleanup
[2019-12-08T11:56:00.152+0000][1][safepoint    ] Leaving safepoint region
[2019-12-08T11:56:00.152+0000][1][safepoint    ] Total time for which application threads were stopped: 0.0000669 seconds, Stopping threads took: 0.0000163 seconds
[2019-12-08T11:56:01.152+0000][1][safepoint    ] Application time: 1.0000796 seconds
[2019-12-08T11:56:01.152+0000][1][safepoint    ] Entering safepoint region: Cleanup
[2019-12-08T11:56:01.152+0000][1][safepoint    ] Leaving safepoint region
[2019-12-08T11:56:01.152+0000][1][safepoint    ] Total time for which application threads were stopped: 0.0000810 seconds, Stopping threads took: 0.0000298 seconds
[2019-12-08T11:56:02.152+0000][1][safepoint    ] Application time: 1.0000778 seconds
[2019-12-08T11:56:02.152+0000][1][safepoint    ] Entering safepoint region: Cleanup
[2019-12-08T11:56:02.152+0000][1][safepoint    ] Leaving safepoint region
[2019-12-08T11:56:02.152+0000][1][safepoint    ] Total time for which application threads were stopped: 0.0000675 seconds, Stopping threads took: 0.0000165 seconds
[2019-12-08T11:56:03.152+0000][1][safepoint    ] Application time: 1.0000761 seconds
[2019-12-08T11:56:03.152+0000][1][safepoint    ] Entering safepoint region: Cleanup
[2019-12-08T11:56:03.152+0000][1][safepoint    ] Leaving safepoint region
[2019-12-08T11:56:03.152+0000][1][safepoint    ] Total time for which application threads were stopped: 0.0000688 seconds, Stopping threads took: 0.0000181 seconds
[2019-12-08T11:56:04.152+0000][1][safepoint    ] Application time: 1.0000768 seconds
[2019-12-08T11:56:04.152+0000][1][safepoint    ] Entering safepoint region: Cleanup
[2019-12-08T11:56:04.152+0000][1][safepoint    ] Leaving safepoint region
[2019-12-08T11:56:04.152+0000][1][safepoint    ] Total time for which application threads were stopped: 0.0000710 seconds, Stopping threads took: 0.0000217 seconds
[2019-12-08T11:56:05.152+0000][1][safepoint    ] Application time: 1.0000768 seconds
[2019-12-08T11:56:05.152+0000][1][safepoint    ] Entering safepoint region: Cleanup
[2019-12-08T11:56:05.152+0000][1][safepoint    ] Leaving safepoint region
[2019-12-08T11:56:05.152+0000][1][safepoint    ] Total time for which application threads were stopped: 0.0000666 seconds, Stopping threads took: 0.0000168 seconds
[2019-12-08T11:56:06.153+0000][1][safepoint    ] Application time: 1.0000769 seconds
[2019-12-08T11:56:06.153+0000][1][safepoint    ] Entering safepoint region: Cleanup
[2019-12-08T11:56:06.153+0000][1][safepoint    ] Leaving safepoint region
[2019-12-08T11:56:06.153+0000][1][safepoint    ] Total time for which application threads were stopped: 0.0000668 seconds, Stopping threads took: 0.0000175 seconds
[2019-12-08T11:56:07.153+0000][1][safepoint    ] Application time: 1.0000773 seconds
[2019-12-08T11:56:07.153+0000][1][safepoint    ] Entering safepoint region: Cleanup
[2019-12-08T11:56:07.153+0000][1][safepoint    ] Leaving safepoint region
[2019-12-08T11:56:07.153+0000][1][safepoint    ] Total time for which application threads were stopped: 0.0000673 seconds, Stopping threads took: 0.0000175 seconds
[2019-12-08T11:56:08.153+0000][1][safepoint    ] Application time: 1.0000775 seconds
[2019-12-08T11:56:08.153+0000][1][safepoint    ] Entering safepoint region: Cleanup
[2019-12-08T11:56:08.153+0000][1][safepoint    ] Leaving safepoint region
[2019-12-08T11:56:08.153+0000][1][safepoint    ] Total time for which application threads were stopped: 0.0000673 seconds, Stopping threads took: 0.0000168 seconds
[2019-12-08T11:56:09.153+0000][1][safepoint    ] Application time: 1.0000833 seconds
[2019-12-08T11:56:09.153+0000][1][safepoint    ] Entering safepoint region: Cleanup
[2019-12-08T11:56:09.153+0000][1][safepoint    ] Leaving safepoint region
[2019-12-08T11:56:09.153+0000][1][safepoint    ] Total time for which application threads were stopped: 0.0000750 seconds, Stopping threads took: 0.0000197 seconds
[2019-12-08T11:56:10.153+0000][1][safepoint    ] Application time: 1.0000754 seconds
[2019-12-08T11:56:10.153+0000][1][safepoint    ] Entering safepoint region: Cleanup
[2019-12-08T11:56:10.153+0000][1][safepoint    ] Leaving safepoint region
[2019-12-08T11:56:10.153+0000][1][safepoint    ] Total time for which application threads were stopped: 0.0000709 seconds, Stopping threads took: 0.0000192 seconds
[2019-12-08T11:56:11.153+0000][1][safepoint    ] Application time: 1.0000786 seconds
[2019-12-08T11:56:11.153+0000][1][safepoint    ] Entering safepoint region: Cleanup
[2019-12-08T11:56:11.154+0000][1][safepoint    ] Leaving safepoint region
[2019-12-08T11:56:11.154+0000][1][safepoint    ] Total time for which application threads were stopped: 0.0000723 seconds, Stopping threads took: 0.0000185 seconds
[2019-12-08T11:56:12.154+0000][1][safepoint    ] Application time: 1.0000749 seconds
[2019-12-08T11:56:12.154+0000][1][safepoint    ] Entering safepoint region: Cleanup
[2019-12-08T11:56:12.154+0000][1][safepoint    ] Leaving safepoint region
[2019-12-08T11:56:12.154+0000][1][safepoint    ] Total time for which application threads were stopped: 0.0000891 seconds, Stopping threads took: 0.0000191 seconds
[2019-12-08T11:56:13.154+0000][1][safepoint    ] Application time: 1.0000780 seconds
[2019-12-08T11:56:13.154+0000][1][safepoint    ] Entering safepoint region: Cleanup
[2019-12-08T11:56:13.154+0000][1][safepoint    ] Leaving safepoint region
[2019-12-08T11:56:13.154+0000][1][safepoint    ] Total time for which application threads were stopped: 0.0000708 seconds, Stopping threads took: 0.0000185 seconds
[2019-12-08T11:56:14.154+0000][1][safepoint    ] Application time: 1.0000777 seconds
[2019-12-08T11:56:14.154+0000][1][safepoint    ] Entering safepoint region: Cleanup
[2019-12-08T11:56:14.154+0000][1][safepoint    ] Leaving safepoint region
[2019-12-08T11:56:14.154+0000][1][safepoint    ] Total time for which application threads were stopped: 0.0000746 seconds, Stopping threads took: 0.0000209 seconds
[2019-12-08T11:56:15.154+0000][1][safepoint    ] Application time: 1.0000762 seconds
[2019-12-08T11:56:15.154+0000][1][safepoint    ] Entering safepoint region: Cleanup
[2019-12-08T11:56:15.154+0000][1][safepoint    ] Leaving safepoint region
[2019-12-08T11:56:15.154+0000][1][safepoint    ] Total time for which application threads were stopped: 0.0000701 seconds, Stopping threads took: 0.0000179 seconds
[2019-12-08T11:56:16.185+0000][1][safepoint    ] Application time: 1.0305505 seconds
[2019-12-08T11:56:16.185+0000][1][safepoint    ] Entering safepoint region: Cleanup
[2019-12-08T11:56:16.185+0000][1][safepoint    ] Leaving safepoint region
[2019-12-08T11:56:16.185+0000][1][safepoint    ] Total time for which application threads were stopped: 0.0000790 seconds, Stopping threads took: 0.0000187 seconds
[2019-12-08T11:56:17.185+0000][1][safepoint    ] Application time: 1.0000797 seconds
[2019-12-08T11:56:17.185+0000][1][safepoint    ] Entering safepoint region: Cleanup
[2019-12-08T11:56:17.185+0000][1][safepoint    ] Leaving safepoint region
[2019-12-08T11:56:17.185+0000][1][safepoint    ] Total time for which application threads were stopped: 0.0000702 seconds, Stopping threads took: 0.0000171 seconds
[2019-12-08T11:56:18.185+0000][1][safepoint    ] Application time: 1.0000774 seconds
[2019-12-08T11:56:18.185+0000][1][safepoint    ] Entering safepoint region: Cleanup
[2019-12-08T11:56:18.185+0000][1][safepoint    ] Leaving safepoint region
[2019-12-08T11:56:18.185+0000][1][safepoint    ] Total time for which application threads were stopped: 0.0000689 seconds, Stopping threads took: 0.0000175 seconds
[2019-12-08T11:56:19.185+0000][1][safepoint    ] Application time: 1.0000773 seconds
[2019-12-08T11:56:19.185+0000][1][safepoint    ] Entering safepoint region: Cleanup
[2019-12-08T11:56:19.185+0000][1][safepoint    ] Leaving safepoint region
[2019-12-08T11:56:19.185+0000][1][safepoint    ] Total time for which application threads were stopped: 0.0000746 seconds, Stopping threads took: 0.0000243 seconds
[2019-12-08T11:56:20.186+0000][1][safepoint    ] Application time: 1.0000771 seconds
[2019-12-08T11:56:20.186+0000][1][safepoint    ] Entering safepoint region: Cleanup
[2019-12-08T11:56:20.186+0000][1][safepoint    ] Leaving safepoint region
[2019-12-08T11:56:20.186+0000][1][safepoint    ] Total time for which application threads were stopped: 0.0000790 seconds, Stopping threads took: 0.0000172 seconds
[2019-12-08T11:56:21.186+0000][1][safepoint    ] Application time: 1.0000782 seconds
[2019-12-08T11:56:21.186+0000][1][safepoint    ] Entering safepoint region: Cleanup
[2019-12-08T11:56:21.186+0000][1][safepoint    ] Leaving safepoint region
[2019-12-08T11:56:21.186+0000][1][safepoint    ] Total time for which application threads were stopped: 0.0000679 seconds, Stopping threads took: 0.0000173 seconds
[2019-12-08T11:56:22.186+0000][1][safepoint    ] Application time: 1.0000715 seconds
[2019-12-08T11:56:22.186+0000][1][safepoint    ] Entering safepoint region: Cleanup
[2019-12-08T11:56:22.186+0000][1][safepoint    ] Leaving safepoint region
[2019-12-08T11:56:22.186+0000][1][safepoint    ] Total time for which application threads were stopped: 0.0000666 seconds, Stopping threads took: 0.0000161 seconds
[2019-12-08T11:56:23.186+0000][1][safepoint    ] Application time: 1.0000769 seconds
[2019-12-08T11:56:23.186+0000][1][safepoint    ] Entering safepoint region: Cleanup
[2019-12-08T11:56:23.186+0000][1][safepoint    ] Leaving safepoint region
[2019-12-08T11:56:23.186+0000][1][safepoint    ] Total time for which application threads were stopped: 0.0000694 seconds, Stopping threads took: 0.0000170 seconds
[2019-12-08T11:56:24.186+0000][1][safepoint    ] Application time: 1.0000783 seconds
[2019-12-08T11:56:24.186+0000][1][safepoint    ] Entering safepoint region: Cleanup
[2019-12-08T11:56:24.186+0000][1][safepoint    ] Leaving safepoint region
[2019-12-08T11:56:24.186+0000][1][safepoint    ] Total time for which application threads were stopped: 0.0000707 seconds, Stopping threads took: 0.0000191 seconds
[2019-12-08T11:56:25.187+0000][1][safepoint    ] Application time: 1.0000785 seconds
[2019-12-08T11:56:25.187+0000][1][safepoint    ] Entering safepoint region: Cleanup
[2019-12-08T11:56:25.187+0000][1][safepoint    ] Leaving safepoint region
[2019-12-08T11:56:25.187+0000][1][safepoint    ] Total time for which application threads were stopped: 0.0000717 seconds, Stopping threads took: 0.0000182 seconds
[2019-12-08T11:56:26.187+0000][1][safepoint    ] Application time: 1.0000810 seconds
[2019-12-08T11:56:26.187+0000][1][safepoint    ] Entering safepoint region: Cleanup
[2019-12-08T11:56:26.187+0000][1][safepoint    ] Leaving safepoint region
[2019-12-08T11:56:26.187+0000][1][safepoint    ] Total time for which application threads were stopped: 0.0000731 seconds, Stopping threads took: 0.0000188 seconds
[2019-12-08T11:56:27.187+0000][1][safepoint    ] Application time: 1.0000774 seconds
[2019-12-08T11:56:27.187+0000][1][safepoint    ] Entering safepoint region: Cleanup
[2019-12-08T11:56:27.187+0000][1][safepoint    ] Leaving safepoint region
[2019-12-08T11:56:27.187+0000][1][safepoint    ] Total time for which application threads were stopped: 0.0000718 seconds, Stopping threads took: 0.0000186 seconds
[2019-12-08T11:56:28.187+0000][1][safepoint    ] Application time: 1.0000807 seconds
[2019-12-08T11:56:28.187+0000][1][safepoint    ] Entering safepoint region: Cleanup
[2019-12-08T11:56:28.187+0000][1][safepoint    ] Leaving safepoint region
[2019-12-08T11:56:28.187+0000][1][safepoint    ] Total time for which application threads were stopped: 0.0000725 seconds, Stopping threads took: 0.0000186 seconds
[2019-12-08T11:56:29.187+0000][1][safepoint    ] Application time: 1.0000793 seconds
[2019-12-08T11:56:29.187+0000][1][safepoint    ] Entering safepoint region: Cleanup
[2019-12-08T11:56:29.187+0000][1][safepoint    ] Leaving safepoint region
[2019-12-08T11:56:29.187+0000][1][safepoint    ] Total time for which application threads were stopped: 0.0000709 seconds, Stopping threads took: 0.0000184 seconds
[2019-12-08T11:56:30.188+0000][1][safepoint    ] Application time: 1.0000896 seconds
[2019-12-08T11:56:30.188+0000][1][safepoint    ] Entering safepoint region: Cleanup
[2019-12-08T11:56:30.188+0000][1][safepoint    ] Leaving safepoint region
[2019-12-08T11:56:30.188+0000][1][safepoint    ] Total time for which application threads were stopped: 0.0000951 seconds, Stopping threads took: 0.0000244 seconds
[2019-12-08T11:56:31.188+0000][1][safepoint    ] Application time: 1.0000819 seconds
[2019-12-08T11:56:31.188+0000][1][safepoint    ] Entering safepoint region: Cleanup
[2019-12-08T11:56:31.188+0000][1][safepoint    ] Leaving safepoint region
[2019-12-08T11:56:31.188+0000][1][safepoint    ] Total time for which application threads were stopped: 0.0000710 seconds, Stopping threads took: 0.0000182 seconds
[2019-12-08T11:56:32.188+0000][1][safepoint    ] Application time: 1.0000774 seconds
[2019-12-08T11:56:32.188+0000][1][safepoint    ] Entering safepoint region: Cleanup
[2019-12-08T11:56:32.188+0000][1][safepoint    ] Leaving safepoint region
[2019-12-08T11:56:32.188+0000][1][safepoint    ] Total time for which application threads were stopped: 0.0000731 seconds, Stopping threads took: 0.0000182 seconds
[2019-12-08T11:56:33.188+0000][1][safepoint    ] Application time: 1.0000782 seconds
[2019-12-08T11:56:33.188+0000][1][safepoint    ] Entering safepoint region: Cleanup
[2019-12-08T11:56:33.188+0000][1][safepoint    ] Leaving safepoint region
[2019-12-08T11:56:33.188+0000][1][safepoint    ] Total time for which application threads were stopped: 0.0000752 seconds, Stopping threads took: 0.0000198 seconds
[2019-12-08T11:56:34.188+0000][1][safepoint    ] Application time: 1.0001028 seconds
[2019-12-08T11:56:34.188+0000][1][safepoint    ] Entering safepoint region: Cleanup
[2019-12-08T11:56:34.188+0000][1][safepoint    ] Leaving safepoint region
[2019-12-08T11:56:34.188+0000][1][safepoint    ] Total time for which application threads were stopped: 0.0000837 seconds, Stopping threads took: 0.0000270 seconds
[2019-12-08T11:56:35.189+0000][1][safepoint    ] Application time: 1.0000929 seconds
[2019-12-08T11:56:35.189+0000][1][safepoint    ] Entering safepoint region: Cleanup
[2019-12-08T11:56:35.189+0000][1][safepoint    ] Leaving safepoint region
[2019-12-08T11:56:35.189+0000][1][safepoint    ] Total time for which application threads were stopped: 0.0000957 seconds, Stopping threads took: 0.0000266 seconds
[2019-12-08T11:56:36.189+0000][1][safepoint    ] Application time: 1.0000922 seconds
[2019-12-08T11:56:36.189+0000][1][safepoint    ] Entering safepoint region: Cleanup
[2019-12-08T11:56:36.189+0000][1][safepoint    ] Leaving safepoint region
[2019-12-08T11:56:36.189+0000][1][safepoint    ] Total time for which application threads were stopped: 0.0000750 seconds, Stopping threads took: 0.0000187 seconds
[2019-12-08T11:56:37.189+0000][1][safepoint    ] Application time: 1.0000929 seconds
[2019-12-08T11:56:37.189+0000][1][safepoint    ] Entering safepoint region: Cleanup
[2019-12-08T11:56:37.189+0000][1][safepoint    ] Leaving safepoint region
[2019-12-08T11:56:37.189+0000][1][safepoint    ] Total time for which application threads were stopped: 0.0000758 seconds, Stopping threads took: 0.0000209 seconds
[2019-12-08T11:56:38.189+0000][1][safepoint    ] Application time: 1.0000860 seconds
[2019-12-08T11:56:38.189+0000][1][safepoint    ] Entering safepoint region: Cleanup
[2019-12-08T11:56:38.189+0000][1][safepoint    ] Leaving safepoint region
[2019-12-08T11:56:38.189+0000][1][safepoint    ] Total time for which application threads were stopped: 0.0001740 seconds, Stopping threads took: 0.0000973 seconds
[2019-12-08T11:56:39.190+0000][1][safepoint    ] Application time: 1.0000901 seconds
[2019-12-08T11:56:39.190+0000][1][safepoint    ] Entering safepoint region: Cleanup
[2019-12-08T11:56:39.190+0000][1][safepoint    ] Leaving safepoint region
[2019-12-08T11:56:39.190+0000][1][safepoint    ] Total time for which application threads were stopped: 0.0000832 seconds, Stopping threads took: 0.0000268 seconds
[2019-12-08T11:56:40.190+0000][1][safepoint    ] Application time: 1.0000834 seconds
[2019-12-08T11:56:40.190+0000][1][safepoint    ] Entering safepoint region: Cleanup
[2019-12-08T11:56:40.190+0000][1][safepoint    ] Leaving safepoint region
[2019-12-08T11:56:40.190+0000][1][safepoint    ] Total time for which application threads were stopped: 0.0000828 seconds, Stopping threads took: 0.0000231 seconds
[2019-12-08T11:56:41.190+0000][1][safepoint    ] Application time: 1.0000798 seconds
[2019-12-08T11:56:41.190+0000][1][safepoint    ] Entering safepoint region: Cleanup
[2019-12-08T11:56:41.190+0000][1][safepoint    ] Leaving safepoint region
[2019-12-08T11:56:41.190+0000][1][safepoint    ] Total time for which application threads were stopped: 0.0000745 seconds, Stopping threads took: 0.0000193 seconds
[2019-12-08T11:56:42.190+0000][1][safepoint    ] Application time: 1.0000811 seconds
[2019-12-08T11:56:42.190+0000][1][safepoint    ] Entering safepoint region: Cleanup
[2019-12-08T11:56:42.190+0000][1][safepoint    ] Leaving safepoint region
[2019-12-08T11:56:42.190+0000][1][safepoint    ] Total time for which application threads were stopped: 0.0000706 seconds, Stopping threads took: 0.0000182 seconds
[2019-12-08T11:56:43.194+0000][1][safepoint    ] Application time: 1.0042726 seconds
[2019-12-08T11:56:43.195+0000][1][safepoint    ] Entering safepoint region: Cleanup
[2019-12-08T11:56:43.195+0000][1][safepoint    ] Leaving safepoint region
[2019-12-08T11:56:43.195+0000][1][safepoint    ] Total time for which application threads were stopped: 0.0000740 seconds, Stopping threads took: 0.0000177 seconds
[2019-12-08T11:56:44.195+0000][1][safepoint    ] Application time: 1.0000731 seconds
[2019-12-08T11:56:44.195+0000][1][safepoint    ] Entering safepoint region: Cleanup
[2019-12-08T11:56:44.195+0000][1][safepoint    ] Leaving safepoint region
[2019-12-08T11:56:44.195+0000][1][safepoint    ] Total time for which application threads were stopped: 0.0000752 seconds, Stopping threads took: 0.0000245 seconds
[2019-12-08T11:56:45.195+0000][1][safepoint    ] Application time: 1.0000748 seconds
[2019-12-08T11:56:45.195+0000][1][safepoint    ] Entering safepoint region: Cleanup
[2019-12-08T11:56:45.195+0000][1][safepoint    ] Leaving safepoint region
[2019-12-08T11:56:45.195+0000][1][safepoint    ] Total time for which application threads were stopped: 0.0000704 seconds, Stopping threads took: 0.0000171 seconds
[2019-12-08T11:56:46.195+0000][1][safepoint    ] Application time: 1.0000857 seconds
[2019-12-08T11:56:46.195+0000][1][safepoint    ] Entering safepoint region: Cleanup
[2019-12-08T11:56:46.195+0000][1][safepoint    ] Leaving safepoint region
[2019-12-08T11:56:46.195+0000][1][safepoint    ] Total time for which application threads were stopped: 0.0000707 seconds, Stopping threads took: 0.0000188 seconds
[2019-12-08T11:56:47.195+0000][1][safepoint    ] Application time: 1.0000788 seconds
[2019-12-08T11:56:47.195+0000][1][safepoint    ] Entering safepoint region: Cleanup
[2019-12-08T11:56:47.195+0000][1][safepoint    ] Leaving safepoint region
[2019-12-08T11:56:47.195+0000][1][safepoint    ] Total time for which application threads were stopped: 0.0000665 seconds, Stopping threads took: 0.0000177 seconds
[2019-12-08T11:56:48.195+0000][1][safepoint    ] Application time: 1.0000770 seconds
[2019-12-08T11:56:48.195+0000][1][safepoint    ] Entering safepoint region: Cleanup
[2019-12-08T11:56:48.196+0000][1][safepoint    ] Leaving safepoint region
[2019-12-08T11:56:48.196+0000][1][safepoint    ] Total time for which application threads were stopped: 0.0000661 seconds, Stopping threads took: 0.0000167 seconds
[2019-12-08T11:56:49.196+0000][1][safepoint    ] Application time: 1.0000742 seconds
[2019-12-08T11:56:49.196+0000][1][safepoint    ] Entering safepoint region: Cleanup
[2019-12-08T11:56:49.196+0000][1][safepoint    ] Leaving safepoint region
[2019-12-08T11:56:49.196+0000][1][safepoint    ] Total time for which application threads were stopped: 0.0000651 seconds, Stopping threads took: 0.0000166 seconds
[2019-12-08T11:56:50.196+0000][1][safepoint    ] Application time: 1.0000878 seconds
[2019-12-08T11:56:50.196+0000][1][safepoint    ] Entering safepoint region: Cleanup
[2019-12-08T11:56:50.196+0000][1][safepoint    ] Leaving safepoint region
[2019-12-08T11:56:50.196+0000][1][safepoint    ] Total time for which application threads were stopped: 0.0000656 seconds, Stopping threads took: 0.0000166 seconds
[2019-12-08T11:56:51.196+0000][1][safepoint    ] Application time: 1.0000844 seconds
[2019-12-08T11:56:51.196+0000][1][safepoint    ] Entering safepoint region: Cleanup
[2019-12-08T11:56:51.196+0000][1][safepoint    ] Leaving safepoint region
[2019-12-08T11:56:51.196+0000][1][safepoint    ] Total time for which application threads were stopped: 0.0000676 seconds, Stopping threads took: 0.0000176 seconds
[2019-12-08T11:56:52.196+0000][1][safepoint    ] Application time: 1.0000873 seconds
[2019-12-08T11:56:52.196+0000][1][safepoint    ] Entering safepoint region: Cleanup
[2019-12-08T11:56:52.196+0000][1][safepoint    ] Leaving safepoint region
[2019-12-08T11:56:52.196+0000][1][safepoint    ] Total time for which application threads were stopped: 0.0000783 seconds, Stopping threads took: 0.0000258 seconds
[2019-12-08T11:56:53.196+0000][1][safepoint    ] Application time: 1.0000786 seconds
[2019-12-08T11:56:53.196+0000][1][safepoint    ] Entering safepoint region: Cleanup
[2019-12-08T11:56:53.196+0000][1][safepoint    ] Leaving safepoint region
[2019-12-08T11:56:53.196+0000][1][safepoint    ] Total time for which application threads were stopped: 0.0000868 seconds, Stopping threads took: 0.0000166 seconds
[2019-12-08T11:56:54.197+0000][1][safepoint    ] Application time: 1.0000757 seconds
[2019-12-08T11:56:54.197+0000][1][safepoint    ] Entering safepoint region: Cleanup
[2019-12-08T11:56:54.197+0000][1][safepoint    ] Leaving safepoint region
[2019-12-08T11:56:54.197+0000][1][safepoint    ] Total time for which application threads were stopped: 0.0000658 seconds, Stopping threads took: 0.0000160 seconds
[2019-12-08T11:56:55.197+0000][1][safepoint    ] Application time: 1.0000825 seconds
[2019-12-08T11:56:55.197+0000][1][safepoint    ] Entering safepoint region: Cleanup
[2019-12-08T11:56:55.197+0000][1][safepoint    ] Leaving safepoint region
[2019-12-08T11:56:55.197+0000][1][safepoint    ] Total time for which application threads were stopped: 0.0000846 seconds, Stopping threads took: 0.0000217 seconds
[2019-12-08T11:56:56.197+0000][1][safepoint    ] Application time: 1.0000875 seconds
[2019-12-08T11:56:56.197+0000][1][safepoint    ] Entering safepoint region: Cleanup
[2019-12-08T11:56:56.197+0000][1][safepoint    ] Leaving safepoint region
[2019-12-08T11:56:56.197+0000][1][safepoint    ] Total time for which application threads were stopped: 0.0001269 seconds, Stopping threads took: 0.0000595 seconds
[2019-12-08T11:56:57.197+0000][1][safepoint    ] Application time: 1.0000849 seconds
[2019-12-08T11:56:57.197+0000][1][safepoint    ] Entering safepoint region: Cleanup
[2019-12-08T11:56:57.197+0000][1][safepoint    ] Leaving safepoint region
[2019-12-08T11:56:57.197+0000][1][safepoint    ] Total time for which application threads were stopped: 0.0000678 seconds, Stopping threads took: 0.0000178 seconds
[2019-12-08T11:56:58.197+0000][1][safepoint    ] Application time: 1.0000782 seconds
[2019-12-08T11:56:58.197+0000][1][safepoint    ] Entering safepoint region: Cleanup
[2019-12-08T11:56:58.197+0000][1][safepoint    ] Leaving safepoint region
[2019-12-08T11:56:58.197+0000][1][safepoint    ] Total time for which application threads were stopped: 0.0000810 seconds, Stopping threads took: 0.0000266 seconds
[2019-12-08T11:56:59.198+0000][1][safepoint    ] Application time: 1.0000838 seconds
[2019-12-08T11:56:59.198+0000][1][safepoint    ] Entering safepoint region: Cleanup
[2019-12-08T11:56:59.198+0000][1][safepoint    ] Leaving safepoint region
[2019-12-08T11:56:59.198+0000][1][safepoint    ] Total time for which application threads were stopped: 0.0000744 seconds, Stopping threads took: 0.0000202 seconds
[2019-12-08T11:57:00.198+0000][1][safepoint    ] Application time: 1.0001896 seconds
[2019-12-08T11:57:00.198+0000][1][safepoint    ] Entering safepoint region: Cleanup
[2019-12-08T11:57:00.198+0000][1][safepoint    ] Leaving safepoint region
[2019-12-08T11:57:00.198+0000][1][safepoint    ] Total time for which application threads were stopped: 0.0001038 seconds, Stopping threads took: 0.0000247 seconds
[2019-12-08T11:57:05.203+0000][1][safepoint    ] Application time: 5.0047366 seconds
[2019-12-08T11:57:05.203+0000][1][safepoint    ] Entering safepoint region: Cleanup
[2019-12-08T11:57:05.203+0000][1][safepoint    ] Leaving safepoint region
[2019-12-08T11:57:05.203+0000][1][safepoint    ] Total time for which application threads were stopped: 0.0001303 seconds, Stopping threads took: 0.0000446 seconds
[2019-12-08T11:57:13.498+0000][1][safepoint    ] Application time: 8.2947461 seconds
[2019-12-08T11:57:13.498+0000][1][safepoint    ] Entering safepoint region: GenCollectForAllocation
[2019-12-08T11:57:13.498+0000][1][gc,start     ] GC(34) Pause Young (Allocation Failure)
[2019-12-08T11:57:13.498+0000][1][gc,task      ] GC(34) Using 4 workers of 4 for evacuation
[2019-12-08T11:57:13.499+0000][1][gc,age       ] GC(34) Desired survivor size 4456448 bytes, new threshold 6 (max threshold 6)
[2019-12-08T11:57:13.499+0000][1][gc,age       ] GC(34) Age table with threshold 6 (max threshold 6)
[2019-12-08T11:57:13.499+0000][1][gc,age       ] GC(34) - age   1:       6248 bytes,       6248 total
[2019-12-08T11:57:13.499+0000][1][gc,age       ] GC(34) - age   2:       1608 bytes,       7856 total
[2019-12-08T11:57:13.499+0000][1][gc,age       ] GC(34) - age   3:        440 bytes,       8296 total
[2019-12-08T11:57:13.499+0000][1][gc,age       ] GC(34) - age   4:       2264 bytes,      10560 total
[2019-12-08T11:57:13.499+0000][1][gc,age       ] GC(34) - age   5:       3216 bytes,      13776 total
[2019-12-08T11:57:13.499+0000][1][gc,age       ] GC(34) - age   6:       1600 bytes,      15376 total
[2019-12-08T11:57:13.499+0000][1][gc,heap      ] GC(34) ParNew: 69977K->22K(78656K)
[2019-12-08T11:57:13.499+0000][1][gc,heap      ] GC(34) CMS: 70142K->70145K(174784K)
[2019-12-08T11:57:13.499+0000][1][gc,metaspace ] GC(34) Metaspace: 69012K->69012K(1112064K)
[2019-12-08T11:57:13.499+0000][1][gc           ] GC(34) Pause Young (Allocation Failure) 136M->68M(247M) 1.058ms
[2019-12-08T11:57:13.499+0000][1][gc,cpu       ] GC(34) User=0.01s Sys=0.00s Real=0.00s
[2019-12-08T11:57:13.499+0000][1][safepoint    ] Leaving safepoint region
[2019-12-08T11:57:13.499+0000][1][safepoint    ] Total time for which application threads were stopped: 0.0012282 seconds, Stopping threads took: 0.0000301 seconds
[2019-12-08T11:57:28.500+0000][1][safepoint    ] Application time: 15.0010770 seconds
[2019-12-08T11:57:28.500+0000][1][safepoint    ] Entering safepoint region: Cleanup
[2019-12-08T11:57:28.500+0000][1][safepoint    ] Leaving safepoint region
[2019-12-08T11:57:28.500+0000][1][safepoint    ] Total time for which application threads were stopped: 0.0000762 seconds, Stopping threads took: 0.0000188 seconds
[2019-12-08T11:58:13.503+0000][1][safepoint    ] Application time: 45.0031183 seconds
[2019-12-08T11:58:13.503+0000][1][safepoint    ] Entering safepoint region: Cleanup
[2019-12-08T11:58:13.503+0000][1][safepoint    ] Leaving safepoint region
[2019-12-08T11:58:13.503+0000][1][safepoint    ] Total time for which application threads were stopped: 0.0000746 seconds, Stopping threads took: 0.0000205 seconds
[2019-12-08T11:58:14.503+0000][1][safepoint    ] Application time: 1.0000757 seconds
[2019-12-08T11:58:14.503+0000][1][safepoint    ] Entering safepoint region: Cleanup
[2019-12-08T11:58:14.504+0000][1][safepoint    ] Leaving safepoint region
[2019-12-08T11:58:14.504+0000][1][safepoint    ] Total time for which application threads were stopped: 0.0000711 seconds, Stopping threads took: 0.0000179 seconds
[2019-12-08T11:58:15.504+0000][1][safepoint    ] Application time: 1.0000924 seconds
[2019-12-08T11:58:15.504+0000][1][safepoint    ] Entering safepoint region: Cleanup
[2019-12-08T11:58:15.504+0000][1][safepoint    ] Leaving safepoint region
[2019-12-08T11:58:15.504+0000][1][safepoint    ] Total time for which application threads were stopped: 0.0000953 seconds, Stopping threads took: 0.0000390 seconds
[2019-12-08T11:58:16.504+0000][1][safepoint    ] Application time: 1.0000815 seconds
[2019-12-08T11:58:16.504+0000][1][safepoint    ] Entering safepoint region: Cleanup
[2019-12-08T11:58:16.504+0000][1][safepoint    ] Leaving safepoint region
[2019-12-08T11:58:16.504+0000][1][safepoint    ] Total time for which application threads were stopped: 0.0000754 seconds, Stopping threads took: 0.0000201 seconds
[2019-12-08T11:58:17.504+0000][1][safepoint    ] Application time: 1.0000802 seconds
[2019-12-08T11:58:17.504+0000][1][safepoint    ] Entering safepoint region: Cleanup
[2019-12-08T11:58:17.504+0000][1][safepoint    ] Leaving safepoint region
[2019-12-08T11:58:17.504+0000][1][safepoint    ] Total time for which application threads were stopped: 0.0000755 seconds, Stopping threads took: 0.0000182 seconds
[2019-12-08T11:58:18.504+0000][1][safepoint    ] Application time: 1.0000781 seconds
[2019-12-08T11:58:18.504+0000][1][safepoint    ] Entering safepoint region: Cleanup
[2019-12-08T11:58:18.504+0000][1][safepoint    ] Leaving safepoint region
[2019-12-08T11:58:18.504+0000][1][safepoint    ] Total time for which application threads were stopped: 0.0000723 seconds, Stopping threads took: 0.0000180 seconds
[2019-12-08T11:58:19.504+0000][1][safepoint    ] Application time: 1.0000821 seconds
[2019-12-08T11:58:19.504+0000][1][safepoint    ] Entering safepoint region: Cleanup
[2019-12-08T11:58:19.505+0000][1][safepoint    ] Leaving safepoint region
[2019-12-08T11:58:19.505+0000][1][safepoint    ] Total time for which application threads were stopped: 0.0000729 seconds, Stopping threads took: 0.0000185 seconds
[2019-12-08T11:58:20.505+0000][1][safepoint    ] Application time: 1.0000825 seconds
[2019-12-08T11:58:20.505+0000][1][safepoint    ] Entering safepoint region: Cleanup
[2019-12-08T11:58:20.505+0000][1][safepoint    ] Leaving safepoint region
[2019-12-08T11:58:20.505+0000][1][safepoint    ] Total time for which application threads were stopped: 0.0000895 seconds, Stopping threads took: 0.0000326 seconds
[2019-12-08T11:58:21.505+0000][1][safepoint    ] Application time: 1.0000838 seconds
[2019-12-08T11:58:21.505+0000][1][safepoint    ] Entering safepoint region: Cleanup
[2019-12-08T11:58:21.505+0000][1][safepoint    ] Leaving safepoint region
[2019-12-08T11:58:21.505+0000][1][safepoint    ] Total time for which application threads were stopped: 0.0000740 seconds, Stopping threads took: 0.0000184 seconds
[2019-12-08T11:58:22.505+0000][1][safepoint    ] Application time: 1.0000873 seconds
[2019-12-08T11:58:22.505+0000][1][safepoint    ] Entering safepoint region: Cleanup
[2019-12-08T11:58:22.505+0000][1][safepoint    ] Leaving safepoint region
[2019-12-08T11:58:22.505+0000][1][safepoint    ] Total time for which application threads were stopped: 0.0000741 seconds, Stopping threads took: 0.0000190 seconds
[2019-12-08T11:58:23.505+0000][1][safepoint    ] Application time: 1.0000888 seconds
[2019-12-08T11:58:23.505+0000][1][safepoint    ] Entering safepoint region: Cleanup
[2019-12-08T11:58:23.505+0000][1][safepoint    ] Leaving safepoint region
[2019-12-08T11:58:23.505+0000][1][safepoint    ] Total time for which application threads were stopped: 0.0000754 seconds, Stopping threads took: 0.0000194 seconds
[2019-12-08T11:58:24.505+0000][1][safepoint    ] Application time: 1.0000812 seconds
[2019-12-08T11:58:24.506+0000][1][safepoint    ] Entering safepoint region: Cleanup
[2019-12-08T11:58:24.506+0000][1][safepoint    ] Leaving safepoint region
[2019-12-08T11:58:24.506+0000][1][safepoint    ] Total time for which application threads were stopped: 0.0000762 seconds, Stopping threads took: 0.0000201 seconds
[2019-12-08T11:58:25.506+0000][1][safepoint    ] Application time: 1.0000816 seconds
[2019-12-08T11:58:25.506+0000][1][safepoint    ] Entering safepoint region: Cleanup
[2019-12-08T11:58:25.506+0000][1][safepoint    ] Leaving safepoint region
[2019-12-08T11:58:25.506+0000][1][safepoint    ] Total time for which application threads were stopped: 0.0000830 seconds, Stopping threads took: 0.0000275 seconds
[2019-12-08T11:58:26.506+0000][1][safepoint    ] Application time: 1.0000851 seconds
[2019-12-08T11:58:26.506+0000][1][safepoint    ] Entering safepoint region: Cleanup
[2019-12-08T11:58:26.506+0000][1][safepoint    ] Leaving safepoint region
[2019-12-08T11:58:26.506+0000][1][safepoint    ] Total time for which application threads were stopped: 0.0000773 seconds, Stopping threads took: 0.0000192 seconds
[2019-12-08T11:58:27.506+0000][1][safepoint    ] Application time: 1.0000822 seconds
[2019-12-08T11:58:27.506+0000][1][safepoint    ] Entering safepoint region: Cleanup
[2019-12-08T11:58:27.506+0000][1][safepoint    ] Leaving safepoint region
[2019-12-08T11:58:27.506+0000][1][safepoint    ] Total time for which application threads were stopped: 0.0000757 seconds, Stopping threads took: 0.0000191 seconds
[2019-12-08T11:58:28.506+0000][1][safepoint    ] Application time: 1.0000837 seconds
[2019-12-08T11:58:28.506+0000][1][safepoint    ] Entering safepoint region: Cleanup
[2019-12-08T11:58:28.506+0000][1][safepoint    ] Leaving safepoint region
[2019-12-08T11:58:28.506+0000][1][safepoint    ] Total time for which application threads were stopped: 0.0000795 seconds, Stopping threads took: 0.0000183 seconds
[2019-12-08T11:58:29.507+0000][1][safepoint    ] Application time: 1.0000862 seconds
[2019-12-08T11:58:29.507+0000][1][safepoint    ] Entering safepoint region: Cleanup
[2019-12-08T11:58:29.507+0000][1][safepoint    ] Leaving safepoint region
[2019-12-08T11:58:29.507+0000][1][safepoint    ] Total time for which application threads were stopped: 0.0000768 seconds, Stopping threads took: 0.0000185 seconds
[2019-12-08T11:58:30.507+0000][1][safepoint    ] Application time: 1.0000827 seconds
[2019-12-08T11:58:30.507+0000][1][safepoint    ] Entering safepoint region: Cleanup
[2019-12-08T11:58:30.507+0000][1][safepoint    ] Leaving safepoint region
[2019-12-08T11:58:30.507+0000][1][safepoint    ] Total time for which application threads were stopped: 0.0000781 seconds, Stopping threads took: 0.0000199 seconds
[2019-12-08T11:58:31.507+0000][1][safepoint    ] Application time: 1.0000793 seconds
[2019-12-08T11:58:31.507+0000][1][safepoint    ] Entering safepoint region: Cleanup
[2019-12-08T11:58:31.507+0000][1][safepoint    ] Leaving safepoint region
[2019-12-08T11:58:31.507+0000][1][safepoint    ] Total time for which application threads were stopped: 0.0000740 seconds, Stopping threads took: 0.0000190 seconds
[2019-12-08T11:58:32.507+0000][1][safepoint    ] Application time: 1.0000819 seconds
[2019-12-08T11:58:32.507+0000][1][safepoint    ] Entering safepoint region: Cleanup
[2019-12-08T11:58:32.507+0000][1][safepoint    ] Leaving safepoint region
[2019-12-08T11:58:32.507+0000][1][safepoint    ] Total time for which application threads were stopped: 0.0000752 seconds, Stopping threads took: 0.0000189 seconds
[2019-12-08T11:58:33.507+0000][1][safepoint    ] Application time: 1.0000882 seconds
[2019-12-08T11:58:33.507+0000][1][safepoint    ] Entering safepoint region: Cleanup
[2019-12-08T11:58:33.507+0000][1][safepoint    ] Leaving safepoint region
[2019-12-08T11:58:33.507+0000][1][safepoint    ] Total time for which application threads were stopped: 0.0000717 seconds, Stopping threads took: 0.0000181 seconds
[2019-12-08T11:58:34.508+0000][1][safepoint    ] Application time: 1.0000763 seconds
[2019-12-08T11:58:34.508+0000][1][safepoint    ] Entering safepoint region: Cleanup
[2019-12-08T11:58:34.508+0000][1][safepoint    ] Leaving safepoint region
[2019-12-08T11:58:34.508+0000][1][safepoint    ] Total time for which application threads were stopped: 0.0000820 seconds, Stopping threads took: 0.0000269 seconds
[2019-12-08T11:58:35.508+0000][1][safepoint    ] Application time: 1.0000836 seconds
[2019-12-08T11:58:35.508+0000][1][safepoint    ] Entering safepoint region: Cleanup
[2019-12-08T11:58:35.508+0000][1][safepoint    ] Leaving safepoint region
[2019-12-08T11:58:35.508+0000][1][safepoint    ] Total time for which application threads were stopped: 0.0000836 seconds, Stopping threads took: 0.0000188 seconds
[2019-12-08T11:58:36.508+0000][1][safepoint    ] Application time: 1.0000801 seconds
[2019-12-08T11:58:36.508+0000][1][safepoint    ] Entering safepoint region: Cleanup
[2019-12-08T11:58:36.508+0000][1][safepoint    ] Leaving safepoint region
[2019-12-08T11:58:36.508+0000][1][safepoint    ] Total time for which application threads were stopped: 0.0000744 seconds, Stopping threads took: 0.0000191 seconds
[2019-12-08T11:58:37.508+0000][1][safepoint    ] Application time: 1.0000825 seconds
[2019-12-08T11:58:37.508+0000][1][safepoint    ] Entering safepoint region: Cleanup
[2019-12-08T11:58:37.508+0000][1][safepoint    ] Leaving safepoint region
[2019-12-08T11:58:37.508+0000][1][safepoint    ] Total time for which application threads were stopped: 0.0000751 seconds, Stopping threads took: 0.0000192 seconds
[2019-12-08T11:58:38.508+0000][1][safepoint    ] Application time: 1.0000785 seconds
[2019-12-08T11:58:38.508+0000][1][safepoint    ] Entering safepoint region: Cleanup
[2019-12-08T11:58:38.508+0000][1][safepoint    ] Leaving safepoint region
[2019-12-08T11:58:38.508+0000][1][safepoint    ] Total time for which application threads were stopped: 0.0000756 seconds, Stopping threads took: 0.0000203 seconds
[2019-12-08T11:58:39.509+0000][1][safepoint    ] Application time: 1.0000773 seconds
[2019-12-08T11:58:39.509+0000][1][safepoint    ] Entering safepoint region: Cleanup
[2019-12-08T11:58:39.509+0000][1][safepoint    ] Leaving safepoint region
[2019-12-08T11:58:39.509+0000][1][safepoint    ] Total time for which application threads were stopped: 0.0000733 seconds, Stopping threads took: 0.0000186 seconds
[2019-12-08T11:58:40.509+0000][1][safepoint    ] Application time: 1.0000764 seconds
[2019-12-08T11:58:40.509+0000][1][safepoint    ] Entering safepoint region: Cleanup
[2019-12-08T11:58:40.509+0000][1][safepoint    ] Leaving safepoint region
[2019-12-08T11:58:40.509+0000][1][safepoint    ] Total time for which application threads were stopped: 0.0000720 seconds, Stopping threads took: 0.0000182 seconds
[2019-12-08T11:58:41.509+0000][1][safepoint    ] Application time: 1.0000761 seconds
[2019-12-08T11:58:41.509+0000][1][safepoint    ] Entering safepoint region: Cleanup
[2019-12-08T11:58:41.509+0000][1][safepoint    ] Leaving safepoint region
[2019-12-08T11:58:41.509+0000][1][safepoint    ] Total time for which application threads were stopped: 0.0000726 seconds, Stopping threads took: 0.0000182 seconds
[2019-12-08T11:58:42.509+0000][1][safepoint    ] Application time: 1.0000743 seconds
[2019-12-08T11:58:42.509+0000][1][safepoint    ] Entering safepoint region: Cleanup
[2019-12-08T11:58:42.509+0000][1][safepoint    ] Leaving safepoint region
[2019-12-08T11:58:42.509+0000][1][safepoint    ] Total time for which application threads were stopped: 0.0000725 seconds, Stopping threads took: 0.0000175 seconds
[2019-12-08T11:58:43.509+0000][1][safepoint    ] Application time: 1.0000771 seconds
[2019-12-08T11:58:43.509+0000][1][safepoint    ] Entering safepoint region: Cleanup
[2019-12-08T11:58:43.509+0000][1][safepoint    ] Leaving safepoint region
[2019-12-08T11:58:43.509+0000][1][safepoint    ] Total time for which application threads were stopped: 0.0000746 seconds, Stopping threads took: 0.0000189 seconds
[2019-12-08T11:58:44.510+0000][1][safepoint    ] Application time: 1.0000783 seconds
[2019-12-08T11:58:44.510+0000][1][safepoint    ] Entering safepoint region: Cleanup
[2019-12-08T11:58:44.510+0000][1][safepoint    ] Leaving safepoint region
[2019-12-08T11:58:44.510+0000][1][safepoint    ] Total time for which application threads were stopped: 0.0000747 seconds, Stopping threads took: 0.0000193 seconds
[2019-12-08T11:58:45.510+0000][1][safepoint    ] Application time: 1.0000857 seconds
[2019-12-08T11:58:45.510+0000][1][safepoint    ] Entering safepoint region: Cleanup
[2019-12-08T11:58:45.510+0000][1][safepoint    ] Leaving safepoint region
[2019-12-08T11:58:45.510+0000][1][safepoint    ] Total time for which application threads were stopped: 0.0000835 seconds, Stopping threads took: 0.0000180 seconds
[2019-12-08T11:58:46.510+0000][1][safepoint    ] Application time: 1.0000806 seconds
[2019-12-08T11:58:46.510+0000][1][safepoint    ] Entering safepoint region: Cleanup
[2019-12-08T11:58:46.510+0000][1][safepoint    ] Leaving safepoint region
[2019-12-08T11:58:46.510+0000][1][safepoint    ] Total time for which application threads were stopped: 0.0000734 seconds, Stopping threads took: 0.0000198 seconds
[2019-12-08T11:58:47.510+0000][1][safepoint    ] Application time: 1.0000786 seconds
[2019-12-08T11:58:47.510+0000][1][safepoint    ] Entering safepoint region: Cleanup
[2019-12-08T11:58:47.510+0000][1][safepoint    ] Leaving safepoint region
[2019-12-08T11:58:47.510+0000][1][safepoint    ] Total time for which application threads were stopped: 0.0000731 seconds, Stopping threads took: 0.0000190 seconds
[2019-12-08T11:58:48.510+0000][1][safepoint    ] Application time: 1.0000826 seconds
[2019-12-08T11:58:48.510+0000][1][safepoint    ] Entering safepoint region: Cleanup
[2019-12-08T11:58:48.510+0000][1][safepoint    ] Leaving safepoint region
[2019-12-08T11:58:48.510+0000][1][safepoint    ] Total time for which application threads were stopped: 0.0000748 seconds, Stopping threads took: 0.0000193 seconds
[2019-12-08T11:58:49.511+0000][1][safepoint    ] Application time: 1.0000795 seconds
[2019-12-08T11:58:49.511+0000][1][safepoint    ] Entering safepoint region: Cleanup
[2019-12-08T11:58:49.511+0000][1][safepoint    ] Leaving safepoint region
[2019-12-08T11:58:49.511+0000][1][safepoint    ] Total time for which application threads were stopped: 0.0000743 seconds, Stopping threads took: 0.0000196 seconds
[2019-12-08T11:58:50.511+0000][1][safepoint    ] Application time: 1.0000834 seconds
[2019-12-08T11:58:50.511+0000][1][safepoint    ] Entering safepoint region: Cleanup
[2019-12-08T11:58:50.511+0000][1][safepoint    ] Leaving safepoint region
[2019-12-08T11:58:50.511+0000][1][safepoint    ] Total time for which application threads were stopped: 0.0000725 seconds, Stopping threads took: 0.0000186 seconds
[2019-12-08T11:58:51.511+0000][1][safepoint    ] Application time: 1.0000834 seconds
[2019-12-08T11:58:51.511+0000][1][safepoint    ] Entering safepoint region: Cleanup
[2019-12-08T11:58:51.511+0000][1][safepoint    ] Leaving safepoint region
[2019-12-08T11:58:51.511+0000][1][safepoint    ] Total time for which application threads were stopped: 0.0000718 seconds, Stopping threads took: 0.0000182 seconds
[2019-12-08T11:58:52.511+0000][1][safepoint    ] Application time: 1.0000760 seconds
[2019-12-08T11:58:52.511+0000][1][safepoint    ] Entering safepoint region: Cleanup
[2019-12-08T11:58:52.511+0000][1][safepoint    ] Leaving safepoint region
[2019-12-08T11:58:52.511+0000][1][safepoint    ] Total time for which application threads were stopped: 0.0000740 seconds, Stopping threads took: 0.0000195 seconds
[2019-12-08T11:58:53.511+0000][1][safepoint    ] Application time: 1.0000766 seconds
[2019-12-08T11:58:53.511+0000][1][safepoint    ] Entering safepoint region: Cleanup
[2019-12-08T11:58:53.511+0000][1][safepoint    ] Leaving safepoint region
[2019-12-08T11:58:53.511+0000][1][safepoint    ] Total time for which application threads were stopped: 0.0000755 seconds, Stopping threads took: 0.0000200 seconds
[2019-12-08T11:58:54.511+0000][1][safepoint    ] Application time: 1.0000909 seconds
[2019-12-08T11:58:54.512+0000][1][safepoint    ] Entering safepoint region: Cleanup
[2019-12-08T11:58:54.512+0000][1][safepoint    ] Leaving safepoint region
[2019-12-08T11:58:54.512+0000][1][safepoint    ] Total time for which application threads were stopped: 0.0000751 seconds, Stopping threads took: 0.0000196 seconds
[2019-12-08T11:58:55.512+0000][1][safepoint    ] Application time: 1.0001044 seconds
[2019-12-08T11:58:55.512+0000][1][safepoint    ] Entering safepoint region: Cleanup
[2019-12-08T11:58:55.512+0000][1][safepoint    ] Leaving safepoint region
[2019-12-08T11:58:55.512+0000][1][safepoint    ] Total time for which application threads were stopped: 0.0000757 seconds, Stopping threads took: 0.0000210 seconds
[2019-12-08T11:58:56.512+0000][1][safepoint    ] Application time: 1.0000864 seconds
[2019-12-08T11:58:56.512+0000][1][safepoint    ] Entering safepoint region: Cleanup
[2019-12-08T11:58:56.512+0000][1][safepoint    ] Leaving safepoint region
[2019-12-08T11:58:56.512+0000][1][safepoint    ] Total time for which application threads were stopped: 0.0000885 seconds, Stopping threads took: 0.0000205 seconds
[2019-12-08T11:58:57.512+0000][1][safepoint    ] Application time: 1.0000777 seconds
[2019-12-08T11:58:57.512+0000][1][safepoint    ] Entering safepoint region: Cleanup
[2019-12-08T11:58:57.512+0000][1][safepoint    ] Leaving safepoint region
[2019-12-08T11:58:57.512+0000][1][safepoint    ] Total time for which application threads were stopped: 0.0000767 seconds, Stopping threads took: 0.0000189 seconds
[2019-12-08T11:58:58.512+0000][1][safepoint    ] Application time: 1.0000861 seconds
[2019-12-08T11:58:58.512+0000][1][safepoint    ] Entering safepoint region: Cleanup
[2019-12-08T11:58:58.512+0000][1][safepoint    ] Leaving safepoint region
[2019-12-08T11:58:58.512+0000][1][safepoint    ] Total time for which application threads were stopped: 0.0000813 seconds, Stopping threads took: 0.0000271 seconds
[2019-12-08T11:58:59.513+0000][1][safepoint    ] Application time: 1.0000889 seconds
[2019-12-08T11:58:59.513+0000][1][safepoint    ] Entering safepoint region: Cleanup
[2019-12-08T11:58:59.513+0000][1][safepoint    ] Leaving safepoint region
[2019-12-08T11:58:59.513+0000][1][safepoint    ] Total time for which application threads were stopped: 0.0000754 seconds, Stopping threads took: 0.0000195 seconds
[2019-12-08T11:59:00.513+0000][1][safepoint    ] Application time: 1.0001001 seconds
[2019-12-08T11:59:00.513+0000][1][safepoint    ] Entering safepoint region: Cleanup
[2019-12-08T11:59:00.513+0000][1][safepoint    ] Leaving safepoint region
[2019-12-08T11:59:00.513+0000][1][safepoint    ] Total time for which application threads were stopped: 0.0000727 seconds, Stopping threads took: 0.0000194 seconds
[2019-12-08T11:59:01.513+0000][1][safepoint    ] Application time: 1.0000893 seconds
[2019-12-08T11:59:01.513+0000][1][safepoint    ] Entering safepoint region: Cleanup
[2019-12-08T11:59:01.513+0000][1][safepoint    ] Leaving safepoint region
[2019-12-08T11:59:01.513+0000][1][safepoint    ] Total time for which application threads were stopped: 0.0001149 seconds, Stopping threads took: 0.0000289 seconds
[2019-12-08T11:59:02.513+0000][1][safepoint    ] Application time: 1.0000908 seconds
[2019-12-08T11:59:02.513+0000][1][safepoint    ] Entering safepoint region: Cleanup
[2019-12-08T11:59:02.513+0000][1][safepoint    ] Leaving safepoint region
[2019-12-08T11:59:02.513+0000][1][safepoint    ] Total time for which application threads were stopped: 0.0000779 seconds, Stopping threads took: 0.0000197 seconds
[2019-12-08T11:59:03.513+0000][1][safepoint    ] Application time: 1.0000900 seconds
[2019-12-08T11:59:03.514+0000][1][safepoint    ] Entering safepoint region: Cleanup
[2019-12-08T11:59:03.514+0000][1][safepoint    ] Leaving safepoint region
[2019-12-08T11:59:03.514+0000][1][safepoint    ] Total time for which application threads were stopped: 0.0000742 seconds, Stopping threads took: 0.0000198 seconds
[2019-12-08T11:59:04.514+0000][1][safepoint    ] Application time: 1.0000805 seconds
[2019-12-08T11:59:04.514+0000][1][safepoint    ] Entering safepoint region: Cleanup
[2019-12-08T11:59:04.514+0000][1][safepoint    ] Leaving safepoint region
[2019-12-08T11:59:04.514+0000][1][safepoint    ] Total time for which application threads were stopped: 0.0000829 seconds, Stopping threads took: 0.0000259 seconds
[2019-12-08T11:59:05.514+0000][1][safepoint    ] Application time: 1.0000809 seconds
[2019-12-08T11:59:05.514+0000][1][safepoint    ] Entering safepoint region: Cleanup
[2019-12-08T11:59:05.514+0000][1][safepoint    ] Leaving safepoint region
[2019-12-08T11:59:05.514+0000][1][safepoint    ] Total time for which application threads were stopped: 0.0000763 seconds, Stopping threads took: 0.0000203 seconds
[2019-12-08T11:59:06.514+0000][1][safepoint    ] Application time: 1.0000806 seconds
[2019-12-08T11:59:06.514+0000][1][safepoint    ] Entering safepoint region: Cleanup
[2019-12-08T11:59:06.514+0000][1][safepoint    ] Leaving safepoint region
[2019-12-08T11:59:06.514+0000][1][safepoint    ] Total time for which application threads were stopped: 0.0000765 seconds, Stopping threads took: 0.0000197 seconds
[2019-12-08T11:59:07.514+0000][1][safepoint    ] Application time: 1.0000802 seconds
[2019-12-08T11:59:07.514+0000][1][safepoint    ] Entering safepoint region: Cleanup
[2019-12-08T11:59:07.514+0000][1][safepoint    ] Leaving safepoint region
[2019-12-08T11:59:07.514+0000][1][safepoint    ] Total time for which application threads were stopped: 0.0001000 seconds, Stopping threads took: 0.0000263 seconds
[2019-12-08T11:59:08.515+0000][1][safepoint    ] Application time: 1.0000937 seconds
[2019-12-08T11:59:08.515+0000][1][safepoint    ] Entering safepoint region: Cleanup
[2019-12-08T11:59:08.515+0000][1][safepoint    ] Leaving safepoint region
[2019-12-08T11:59:08.515+0000][1][safepoint    ] Total time for which application threads were stopped: 0.0000784 seconds, Stopping threads took: 0.0000212 seconds
[2019-12-08T11:59:09.515+0000][1][safepoint    ] Application time: 1.0000863 seconds
[2019-12-08T11:59:09.515+0000][1][safepoint    ] Entering safepoint region: Cleanup
[2019-12-08T11:59:09.515+0000][1][safepoint    ] Leaving safepoint region
[2019-12-08T11:59:09.515+0000][1][safepoint    ] Total time for which application threads were stopped: 0.0000747 seconds, Stopping threads took: 0.0000194 seconds
[2019-12-08T11:59:10.515+0000][1][safepoint    ] Application time: 1.0000871 seconds
[2019-12-08T11:59:10.515+0000][1][safepoint    ] Entering safepoint region: Cleanup
[2019-12-08T11:59:10.515+0000][1][safepoint    ] Leaving safepoint region
[2019-12-08T11:59:10.515+0000][1][safepoint    ] Total time for which application threads were stopped: 0.0000760 seconds, Stopping threads took: 0.0000194 seconds
[2019-12-08T11:59:11.515+0000][1][safepoint    ] Application time: 1.0000832 seconds
[2019-12-08T11:59:11.515+0000][1][safepoint    ] Entering safepoint region: Cleanup
[2019-12-08T11:59:11.515+0000][1][safepoint    ] Leaving safepoint region
[2019-12-08T11:59:11.515+0000][1][safepoint    ] Total time for which application threads were stopped: 0.0000777 seconds, Stopping threads took: 0.0000197 seconds
[2019-12-08T11:59:12.515+0000][1][safepoint    ] Application time: 1.0000816 seconds
[2019-12-08T11:59:12.515+0000][1][safepoint    ] Entering safepoint region: Cleanup
[2019-12-08T11:59:12.515+0000][1][safepoint    ] Leaving safepoint region
[2019-12-08T11:59:12.515+0000][1][safepoint    ] Total time for which application threads were stopped: 0.0000743 seconds, Stopping threads took: 0.0000190 seconds
[2019-12-08T11:59:13.516+0000][1][safepoint    ] Application time: 1.0000802 seconds
[2019-12-08T11:59:13.516+0000][1][safepoint    ] Entering safepoint region: Cleanup
[2019-12-08T11:59:13.516+0000][1][safepoint    ] Leaving safepoint region
[2019-12-08T11:59:13.516+0000][1][safepoint    ] Total time for which application threads were stopped: 0.0000727 seconds, Stopping threads took: 0.0000189 seconds
[2019-12-08T11:59:14.833+0000][1][safepoint    ] Application time: 1.3177175 seconds
[2019-12-08T11:59:14.833+0000][1][safepoint    ] Entering safepoint region: Cleanup
[2019-12-08T11:59:14.833+0000][1][safepoint    ] Leaving safepoint region
[2019-12-08T11:59:14.833+0000][1][safepoint    ] Total time for which application threads were stopped: 0.0000730 seconds, Stopping threads took: 0.0000177 seconds
[2019-12-08T11:59:15.834+0000][1][safepoint    ] Application time: 1.0000775 seconds
[2019-12-08T11:59:15.834+0000][1][safepoint    ] Entering safepoint region: Cleanup
[2019-12-08T11:59:15.834+0000][1][safepoint    ] Leaving safepoint region
[2019-12-08T11:59:15.834+0000][1][safepoint    ] Total time for which application threads were stopped: 0.0000872 seconds, Stopping threads took: 0.0000189 seconds
[2019-12-08T11:59:16.834+0000][1][safepoint    ] Application time: 1.0000766 seconds
[2019-12-08T11:59:16.834+0000][1][safepoint    ] Entering safepoint region: Cleanup
[2019-12-08T11:59:16.834+0000][1][safepoint    ] Leaving safepoint region
[2019-12-08T11:59:16.834+0000][1][safepoint    ] Total time for which application threads were stopped: 0.0000746 seconds, Stopping threads took: 0.0000186 seconds
[2019-12-08T11:59:17.834+0000][1][safepoint    ] Application time: 1.0000759 seconds
[2019-12-08T11:59:17.834+0000][1][safepoint    ] Entering safepoint region: Cleanup
[2019-12-08T11:59:17.834+0000][1][safepoint    ] Leaving safepoint region
[2019-12-08T11:59:17.834+0000][1][safepoint    ] Total time for which application threads were stopped: 0.0000741 seconds, Stopping threads took: 0.0000189 seconds
[2019-12-08T11:59:18.542+0000][1][safepoint    ] Application time: 0.7076611 seconds
[2019-12-08T11:59:18.542+0000][1][safepoint    ] Entering safepoint region: GenCollectForAllocation
[2019-12-08T11:59:18.542+0000][1][gc,start     ] GC(35) Pause Young (Allocation Failure)
[2019-12-08T11:59:18.542+0000][1][gc,task      ] GC(35) Using 4 workers of 4 for evacuation
[2019-12-08T11:59:18.543+0000][1][gc,age       ] GC(35) Desired survivor size 4456448 bytes, new threshold 6 (max threshold 6)
[2019-12-08T11:59:18.543+0000][1][gc,age       ] GC(35) Age table with threshold 6 (max threshold 6)
[2019-12-08T11:59:18.543+0000][1][gc,age       ] GC(35) - age   1:       6328 bytes,       6328 total
[2019-12-08T11:59:18.543+0000][1][gc,age       ] GC(35) - age   2:       1280 bytes,       7608 total
[2019-12-08T11:59:18.543+0000][1][gc,age       ] GC(35) - age   3:       1576 bytes,       9184 total
[2019-12-08T11:59:18.543+0000][1][gc,age       ] GC(35) - age   4:        440 bytes,       9624 total
[2019-12-08T11:59:18.543+0000][1][gc,age       ] GC(35) - age   5:       2264 bytes,      11888 total
[2019-12-08T11:59:18.543+0000][1][gc,age       ] GC(35) - age   6:       3216 bytes,      15104 total
[2019-12-08T11:59:18.543+0000][1][gc,heap      ] GC(35) ParNew: 69974K->22K(78656K)
[2019-12-08T11:59:18.543+0000][1][gc,heap      ] GC(35) CMS: 70145K->70146K(174784K)
[2019-12-08T11:59:18.543+0000][1][gc,metaspace ] GC(35) Metaspace: 69015K->69015K(1112064K)
[2019-12-08T11:59:18.543+0000][1][gc           ] GC(35) Pause Young (Allocation Failure) 136M->68M(247M) 1.064ms
[2019-12-08T11:59:18.543+0000][1][gc,cpu       ] GC(35) User=0.00s Sys=0.00s Real=0.00s
[2019-12-08T11:59:18.543+0000][1][safepoint    ] Leaving safepoint region
[2019-12-08T11:59:18.543+0000][1][safepoint    ] Total time for which application threads were stopped: 0.0012154 seconds, Stopping threads took: 0.0000193 seconds
[2019-12-08T11:59:19.543+0000][1][safepoint    ] Application time: 1.0000895 seconds
[2019-12-08T11:59:19.543+0000][1][safepoint    ] Entering safepoint region: Cleanup
[2019-12-08T11:59:19.543+0000][1][safepoint    ] Leaving safepoint region
[2019-12-08T11:59:19.543+0000][1][safepoint    ] Total time for which application threads were stopped: 0.0000758 seconds, Stopping threads took: 0.0000250 seconds
[2019-12-08T11:59:20.543+0000][1][safepoint    ] Application time: 1.0000775 seconds
[2019-12-08T11:59:20.543+0000][1][safepoint    ] Entering safepoint region: Cleanup
[2019-12-08T11:59:20.543+0000][1][safepoint    ] Leaving safepoint region
[2019-12-08T11:59:20.543+0000][1][safepoint    ] Total time for which application threads were stopped: 0.0000687 seconds, Stopping threads took: 0.0000172 seconds
[2019-12-08T11:59:21.543+0000][1][safepoint    ] Application time: 1.0000786 seconds
[2019-12-08T11:59:21.543+0000][1][safepoint    ] Entering safepoint region: Cleanup
[2019-12-08T11:59:21.544+0000][1][safepoint    ] Leaving safepoint region
[2019-12-08T11:59:21.544+0000][1][safepoint    ] Total time for which application threads were stopped: 0.0000717 seconds, Stopping threads took: 0.0000183 seconds
[2019-12-08T11:59:22.544+0000][1][safepoint    ] Application time: 1.0000797 seconds
[2019-12-08T11:59:22.544+0000][1][safepoint    ] Entering safepoint region: Cleanup
[2019-12-08T11:59:22.544+0000][1][safepoint    ] Leaving safepoint region
[2019-12-08T11:59:22.544+0000][1][safepoint    ] Total time for which application threads were stopped: 0.0000841 seconds, Stopping threads took: 0.0000340 seconds
[2019-12-08T11:59:23.544+0000][1][safepoint    ] Application time: 1.0000764 seconds
[2019-12-08T11:59:23.544+0000][1][safepoint    ] Entering safepoint region: Cleanup
[2019-12-08T11:59:23.544+0000][1][safepoint    ] Leaving safepoint region
[2019-12-08T11:59:23.544+0000][1][safepoint    ] Total time for which application threads were stopped: 0.0001071 seconds, Stopping threads took: 0.0000478 seconds
[2019-12-08T11:59:24.544+0000][1][safepoint    ] Application time: 1.0000922 seconds
[2019-12-08T11:59:24.544+0000][1][safepoint    ] Entering safepoint region: Cleanup
[2019-12-08T11:59:24.544+0000][1][safepoint    ] Leaving safepoint region
[2019-12-08T11:59:24.544+0000][1][safepoint    ] Total time for which application threads were stopped: 0.0000768 seconds, Stopping threads took: 0.0000186 seconds
[2019-12-08T11:59:25.544+0000][1][safepoint    ] Application time: 1.0000880 seconds
[2019-12-08T11:59:25.544+0000][1][safepoint    ] Entering safepoint region: Cleanup
[2019-12-08T11:59:25.544+0000][1][safepoint    ] Leaving safepoint region
[2019-12-08T11:59:25.544+0000][1][safepoint    ] Total time for which application threads were stopped: 0.0000704 seconds, Stopping threads took: 0.0000177 seconds
[2019-12-08T11:59:26.544+0000][1][safepoint    ] Application time: 1.0000844 seconds
[2019-12-08T11:59:26.545+0000][1][safepoint    ] Entering safepoint region: Cleanup
[2019-12-08T11:59:26.545+0000][1][safepoint    ] Leaving safepoint region
[2019-12-08T11:59:26.545+0000][1][safepoint    ] Total time for which application threads were stopped: 0.0000704 seconds, Stopping threads took: 0.0000178 seconds
[2019-12-08T11:59:27.545+0000][1][safepoint    ] Application time: 1.0000842 seconds
[2019-12-08T11:59:27.545+0000][1][safepoint    ] Entering safepoint region: Cleanup
[2019-12-08T11:59:27.545+0000][1][safepoint    ] Leaving safepoint region
[2019-12-08T11:59:27.545+0000][1][safepoint    ] Total time for which application threads were stopped: 0.0000734 seconds, Stopping threads took: 0.0000187 seconds
[2019-12-08T11:59:28.545+0000][1][safepoint    ] Application time: 1.0000838 seconds
[2019-12-08T11:59:28.545+0000][1][safepoint    ] Entering safepoint region: Cleanup
[2019-12-08T11:59:28.545+0000][1][safepoint    ] Leaving safepoint region
[2019-12-08T11:59:28.545+0000][1][safepoint    ] Total time for which application threads were stopped: 0.0000787 seconds, Stopping threads took: 0.0000189 seconds
[2019-12-08T11:59:29.545+0000][1][safepoint    ] Application time: 1.0000806 seconds
[2019-12-08T11:59:29.545+0000][1][safepoint    ] Entering safepoint region: Cleanup
[2019-12-08T11:59:29.545+0000][1][safepoint    ] Leaving safepoint region
[2019-12-08T11:59:29.545+0000][1][safepoint    ] Total time for which application threads were stopped: 0.0000740 seconds, Stopping threads took: 0.0000192 seconds
[2019-12-08T11:59:30.545+0000][1][safepoint    ] Application time: 1.0000773 seconds
[2019-12-08T11:59:30.545+0000][1][safepoint    ] Entering safepoint region: Cleanup
[2019-12-08T11:59:30.545+0000][1][safepoint    ] Leaving safepoint region
[2019-12-08T11:59:30.545+0000][1][safepoint    ] Total time for which application threads were stopped: 0.0000741 seconds, Stopping threads took: 0.0000194 seconds
[2019-12-08T11:59:31.545+0000][1][safepoint    ] Application time: 1.0000779 seconds
[2019-12-08T11:59:31.546+0000][1][safepoint    ] Entering safepoint region: Cleanup
[2019-12-08T11:59:31.546+0000][1][safepoint    ] Leaving safepoint region
[2019-12-08T11:59:31.546+0000][1][safepoint    ] Total time for which application threads were stopped: 0.0000696 seconds, Stopping threads took: 0.0000180 seconds
[2019-12-08T11:59:32.546+0000][1][safepoint    ] Application time: 1.0000794 seconds
[2019-12-08T11:59:32.546+0000][1][safepoint    ] Entering safepoint region: Cleanup
[2019-12-08T11:59:32.546+0000][1][safepoint    ] Leaving safepoint region
[2019-12-08T11:59:32.546+0000][1][safepoint    ] Total time for which application threads were stopped: 0.0000743 seconds, Stopping threads took: 0.0000200 seconds
[2019-12-08T11:59:33.546+0000][1][safepoint    ] Application time: 1.0000767 seconds
[2019-12-08T11:59:33.546+0000][1][safepoint    ] Entering safepoint region: Cleanup
[2019-12-08T11:59:33.546+0000][1][safepoint    ] Leaving safepoint region
[2019-12-08T11:59:33.546+0000][1][safepoint    ] Total time for which application threads were stopped: 0.0000713 seconds, Stopping threads took: 0.0000192 seconds
[2019-12-08T11:59:34.546+0000][1][safepoint    ] Application time: 1.0000779 seconds
[2019-12-08T11:59:34.546+0000][1][safepoint    ] Entering safepoint region: Cleanup
[2019-12-08T11:59:34.546+0000][1][safepoint    ] Leaving safepoint region
[2019-12-08T11:59:34.546+0000][1][safepoint    ] Total time for which application threads were stopped: 0.0000718 seconds, Stopping threads took: 0.0000181 seconds
[2019-12-08T11:59:35.546+0000][1][safepoint    ] Application time: 1.0000771 seconds
[2019-12-08T11:59:35.546+0000][1][safepoint    ] Entering safepoint region: Cleanup
[2019-12-08T11:59:35.546+0000][1][safepoint    ] Leaving safepoint region
[2019-12-08T11:59:35.546+0000][1][safepoint    ] Total time for which application threads were stopped: 0.0000718 seconds, Stopping threads took: 0.0000177 seconds
[2019-12-08T11:59:36.546+0000][1][safepoint    ] Application time: 1.0000776 seconds
[2019-12-08T11:59:36.547+0000][1][safepoint    ] Entering safepoint region: Cleanup
[2019-12-08T11:59:36.547+0000][1][safepoint    ] Leaving safepoint region
[2019-12-08T11:59:36.547+0000][1][safepoint    ] Total time for which application threads were stopped: 0.0000721 seconds, Stopping threads took: 0.0000183 seconds
[2019-12-08T11:59:37.547+0000][1][safepoint    ] Application time: 1.0000779 seconds
[2019-12-08T11:59:37.547+0000][1][safepoint    ] Entering safepoint region: Cleanup
[2019-12-08T11:59:37.547+0000][1][safepoint    ] Leaving safepoint region
[2019-12-08T11:59:37.547+0000][1][safepoint    ] Total time for which application threads were stopped: 0.0000748 seconds, Stopping threads took: 0.0000207 seconds
[2019-12-08T11:59:38.547+0000][1][safepoint    ] Application time: 1.0000776 seconds
[2019-12-08T11:59:38.547+0000][1][safepoint    ] Entering safepoint region: Cleanup
[2019-12-08T11:59:38.547+0000][1][safepoint    ] Leaving safepoint region
[2019-12-08T11:59:38.547+0000][1][safepoint    ] Total time for which application threads were stopped: 0.0000719 seconds, Stopping threads took: 0.0000184 seconds
[2019-12-08T11:59:39.547+0000][1][safepoint    ] Application time: 1.0000831 seconds
[2019-12-08T11:59:39.547+0000][1][safepoint    ] Entering safepoint region: Cleanup
[2019-12-08T11:59:39.547+0000][1][safepoint    ] Leaving safepoint region
[2019-12-08T11:59:39.547+0000][1][safepoint    ] Total time for which application threads were stopped: 0.0000723 seconds, Stopping threads took: 0.0000187 seconds
[2019-12-08T11:59:40.547+0000][1][safepoint    ] Application time: 1.0000791 seconds
[2019-12-08T11:59:40.547+0000][1][safepoint    ] Entering safepoint region: Cleanup
[2019-12-08T11:59:40.547+0000][1][safepoint    ] Leaving safepoint region
[2019-12-08T11:59:40.547+0000][1][safepoint    ] Total time for which application threads were stopped: 0.0000747 seconds, Stopping threads took: 0.0000189 seconds
[2019-12-08T11:59:41.547+0000][1][safepoint    ] Application time: 1.0000774 seconds
[2019-12-08T11:59:41.547+0000][1][safepoint    ] Entering safepoint region: Cleanup
[2019-12-08T11:59:41.548+0000][1][safepoint    ] Leaving safepoint region
[2019-12-08T11:59:41.548+0000][1][safepoint    ] Total time for which application threads were stopped: 0.0000684 seconds, Stopping threads took: 0.0000175 seconds
[2019-12-08T11:59:42.548+0000][1][safepoint    ] Application time: 1.0000789 seconds
[2019-12-08T11:59:42.548+0000][1][safepoint    ] Entering safepoint region: Cleanup
[2019-12-08T11:59:42.548+0000][1][safepoint    ] Leaving safepoint region
[2019-12-08T11:59:42.548+0000][1][safepoint    ] Total time for which application threads were stopped: 0.0000953 seconds, Stopping threads took: 0.0000386 seconds
[2019-12-08T11:59:43.548+0000][1][safepoint    ] Application time: 1.0000786 seconds
[2019-12-08T11:59:43.548+0000][1][safepoint    ] Entering safepoint region: Cleanup
[2019-12-08T11:59:43.548+0000][1][safepoint    ] Leaving safepoint region
[2019-12-08T11:59:43.548+0000][1][safepoint    ] Total time for which application threads were stopped: 0.0000744 seconds, Stopping threads took: 0.0000195 seconds
[2019-12-08T11:59:44.548+0000][1][safepoint    ] Application time: 1.0000619 seconds
[2019-12-08T11:59:44.548+0000][1][safepoint    ] Entering safepoint region: Cleanup
[2019-12-08T11:59:44.548+0000][1][safepoint    ] Leaving safepoint region
[2019-12-08T11:59:44.548+0000][1][safepoint    ] Total time for which application threads were stopped: 0.0000737 seconds, Stopping threads took: 0.0000182 seconds
[2019-12-08T11:59:45.548+0000][1][safepoint    ] Application time: 1.0000824 seconds
[2019-12-08T11:59:45.548+0000][1][safepoint    ] Entering safepoint region: Cleanup
[2019-12-08T11:59:45.548+0000][1][safepoint    ] Leaving safepoint region
[2019-12-08T11:59:45.548+0000][1][safepoint    ] Total time for which application threads were stopped: 0.0000746 seconds, Stopping threads took: 0.0000190 seconds
[2019-12-08T11:59:46.548+0000][1][safepoint    ] Application time: 1.0000811 seconds
[2019-12-08T11:59:46.548+0000][1][safepoint    ] Entering safepoint region: Cleanup
[2019-12-08T11:59:46.549+0000][1][safepoint    ] Leaving safepoint region
[2019-12-08T11:59:46.549+0000][1][safepoint    ] Total time for which application threads were stopped: 0.0000723 seconds, Stopping threads took: 0.0000189 seconds
[2019-12-08T11:59:47.549+0000][1][safepoint    ] Application time: 1.0000790 seconds
[2019-12-08T11:59:47.549+0000][1][safepoint    ] Entering safepoint region: Cleanup
[2019-12-08T11:59:47.549+0000][1][safepoint    ] Leaving safepoint region
[2019-12-08T11:59:47.549+0000][1][safepoint    ] Total time for which application threads were stopped: 0.0000882 seconds, Stopping threads took: 0.0000191 seconds
[2019-12-08T11:59:48.549+0000][1][safepoint    ] Application time: 1.0000799 seconds
[2019-12-08T11:59:48.549+0000][1][safepoint    ] Entering safepoint region: Cleanup
[2019-12-08T11:59:48.549+0000][1][safepoint    ] Leaving safepoint region
[2019-12-08T11:59:48.549+0000][1][safepoint    ] Total time for which application threads were stopped: 0.0000746 seconds, Stopping threads took: 0.0000187 seconds
[2019-12-08T11:59:49.549+0000][1][safepoint    ] Application time: 1.0000805 seconds
[2019-12-08T11:59:49.549+0000][1][safepoint    ] Entering safepoint region: Cleanup
[2019-12-08T11:59:49.549+0000][1][safepoint    ] Leaving safepoint region
[2019-12-08T11:59:49.549+0000][1][safepoint    ] Total time for which application threads were stopped: 0.0000756 seconds, Stopping threads took: 0.0000206 seconds
[2019-12-08T11:59:50.549+0000][1][safepoint    ] Application time: 1.0000771 seconds
[2019-12-08T11:59:50.549+0000][1][safepoint    ] Entering safepoint region: Cleanup
[2019-12-08T11:59:50.549+0000][1][safepoint    ] Leaving safepoint region
[2019-12-08T11:59:50.549+0000][1][safepoint    ] Total time for which application threads were stopped: 0.0000738 seconds, Stopping threads took: 0.0000187 seconds
[2019-12-08T11:59:51.549+0000][1][safepoint    ] Application time: 1.0000767 seconds
[2019-12-08T11:59:51.549+0000][1][safepoint    ] Entering safepoint region: Cleanup
[2019-12-08T11:59:51.550+0000][1][safepoint    ] Leaving safepoint region
[2019-12-08T11:59:51.550+0000][1][safepoint    ] Total time for which application threads were stopped: 0.0000711 seconds, Stopping threads took: 0.0000173 seconds
[2019-12-08T11:59:52.550+0000][1][safepoint    ] Application time: 1.0000806 seconds
[2019-12-08T11:59:52.550+0000][1][safepoint    ] Entering safepoint region: Cleanup
[2019-12-08T11:59:52.550+0000][1][safepoint    ] Leaving safepoint region
[2019-12-08T11:59:52.550+0000][1][safepoint    ] Total time for which application threads were stopped: 0.0000923 seconds, Stopping threads took: 0.0000270 seconds
[2019-12-08T11:59:53.550+0000][1][safepoint    ] Application time: 1.0000786 seconds
[2019-12-08T11:59:53.550+0000][1][safepoint    ] Entering safepoint region: Cleanup
[2019-12-08T11:59:53.550+0000][1][safepoint    ] Leaving safepoint region
[2019-12-08T11:59:53.550+0000][1][safepoint    ] Total time for which application threads were stopped: 0.0000716 seconds, Stopping threads took: 0.0000182 seconds
[2019-12-08T11:59:54.550+0000][1][safepoint    ] Application time: 1.0000777 seconds
[2019-12-08T11:59:54.550+0000][1][safepoint    ] Entering safepoint region: Cleanup
[2019-12-08T11:59:54.550+0000][1][safepoint    ] Leaving safepoint region
[2019-12-08T11:59:54.550+0000][1][safepoint    ] Total time for which application threads were stopped: 0.0000737 seconds, Stopping threads took: 0.0000186 seconds
[2019-12-08T11:59:55.550+0000][1][safepoint    ] Application time: 1.0000803 seconds
[2019-12-08T11:59:55.550+0000][1][safepoint    ] Entering safepoint region: Cleanup
[2019-12-08T11:59:55.550+0000][1][safepoint    ] Leaving safepoint region
[2019-12-08T11:59:55.550+0000][1][safepoint    ] Total time for which application threads were stopped: 0.0000740 seconds, Stopping threads took: 0.0000199 seconds
[2019-12-08T11:59:56.550+0000][1][safepoint    ] Application time: 1.0000799 seconds
[2019-12-08T11:59:56.550+0000][1][safepoint    ] Entering safepoint region: Cleanup
[2019-12-08T11:59:56.550+0000][1][safepoint    ] Leaving safepoint region
[2019-12-08T11:59:56.550+0000][1][safepoint    ] Total time for which application threads were stopped: 0.0000722 seconds, Stopping threads took: 0.0000187 seconds
[2019-12-08T11:59:57.551+0000][1][safepoint    ] Application time: 1.0000787 seconds
[2019-12-08T11:59:57.551+0000][1][safepoint    ] Entering safepoint region: Cleanup
[2019-12-08T11:59:57.551+0000][1][safepoint    ] Leaving safepoint region
[2019-12-08T11:59:57.551+0000][1][safepoint    ] Total time for which application threads were stopped: 0.0000899 seconds, Stopping threads took: 0.0000226 seconds
[2019-12-08T11:59:58.551+0000][1][safepoint    ] Application time: 1.0000830 seconds
[2019-12-08T11:59:58.551+0000][1][safepoint    ] Entering safepoint region: Cleanup
[2019-12-08T11:59:58.551+0000][1][safepoint    ] Leaving safepoint region
[2019-12-08T11:59:58.551+0000][1][safepoint    ] Total time for which application threads were stopped: 0.0001120 seconds, Stopping threads took: 0.0000303 seconds
[2019-12-08T11:59:59.551+0000][1][safepoint    ] Application time: 1.0000825 seconds
[2019-12-08T11:59:59.551+0000][1][safepoint    ] Entering safepoint region: Cleanup
[2019-12-08T11:59:59.551+0000][1][safepoint    ] Leaving safepoint region
[2019-12-08T11:59:59.551+0000][1][safepoint    ] Total time for which application threads were stopped: 0.0000752 seconds, Stopping threads took: 0.0000194 seconds
[2019-12-08T12:00:00.551+0000][1][safepoint    ] Application time: 1.0000772 seconds
[2019-12-08T12:00:00.551+0000][1][safepoint    ] Entering safepoint region: Cleanup
[2019-12-08T12:00:00.551+0000][1][safepoint    ] Leaving safepoint region
[2019-12-08T12:00:00.551+0000][1][safepoint    ] Total time for which application threads were stopped: 0.0000718 seconds, Stopping threads took: 0.0000191 seconds
[2019-12-08T12:00:01.551+0000][1][safepoint    ] Application time: 1.0000793 seconds
[2019-12-08T12:00:01.551+0000][1][safepoint    ] Entering safepoint region: Cleanup
[2019-12-08T12:00:01.552+0000][1][safepoint    ] Leaving safepoint region
[2019-12-08T12:00:01.552+0000][1][safepoint    ] Total time for which application threads were stopped: 0.0000952 seconds, Stopping threads took: 0.0000238 seconds
[2019-12-08T12:00:03.298+0000][1][safepoint    ] Application time: 1.7467512 seconds
[2019-12-08T12:00:03.298+0000][1][safepoint    ] Entering safepoint region: Cleanup
[2019-12-08T12:00:03.298+0000][1][safepoint    ] Leaving safepoint region
[2019-12-08T12:00:03.298+0000][1][safepoint    ] Total time for which application threads were stopped: 0.0000962 seconds, Stopping threads took: 0.0000248 seconds
[2019-12-08T12:00:04.299+0000][1][safepoint    ] Application time: 1.0000856 seconds
[2019-12-08T12:00:04.299+0000][1][safepoint    ] Entering safepoint region: Cleanup
[2019-12-08T12:00:04.299+0000][1][safepoint    ] Leaving safepoint region
[2019-12-08T12:00:04.299+0000][1][safepoint    ] Total time for which application threads were stopped: 0.0001099 seconds, Stopping threads took: 0.0000511 seconds
[2019-12-08T12:00:05.299+0000][1][safepoint    ] Application time: 1.0000616 seconds
[2019-12-08T12:00:05.299+0000][1][safepoint    ] Entering safepoint region: Cleanup
[2019-12-08T12:00:05.299+0000][1][safepoint    ] Leaving safepoint region
[2019-12-08T12:00:05.299+0000][1][safepoint    ] Total time for which application threads were stopped: 0.0000723 seconds, Stopping threads took: 0.0000232 seconds
[2019-12-08T12:00:06.299+0000][1][safepoint    ] Application time: 1.0000863 seconds
[2019-12-08T12:00:06.299+0000][1][safepoint    ] Entering safepoint region: Cleanup
[2019-12-08T12:00:06.299+0000][1][safepoint    ] Leaving safepoint region
[2019-12-08T12:00:06.299+0000][1][safepoint    ] Total time for which application threads were stopped: 0.0000719 seconds, Stopping threads took: 0.0000182 seconds
[2019-12-08T12:00:07.299+0000][1][safepoint    ] Application time: 1.0000773 seconds
[2019-12-08T12:00:07.299+0000][1][safepoint    ] Entering safepoint region: Cleanup
[2019-12-08T12:00:07.299+0000][1][safepoint    ] Leaving safepoint region
[2019-12-08T12:00:07.299+0000][1][safepoint    ] Total time for which application threads were stopped: 0.0000811 seconds, Stopping threads took: 0.0000253 seconds
[2019-12-08T12:00:08.299+0000][1][safepoint    ] Application time: 1.0000854 seconds
[2019-12-08T12:00:08.299+0000][1][safepoint    ] Entering safepoint region: Cleanup
[2019-12-08T12:00:08.299+0000][1][safepoint    ] Leaving safepoint region
[2019-12-08T12:00:08.299+0000][1][safepoint    ] Total time for which application threads were stopped: 0.0000783 seconds, Stopping threads took: 0.0000205 seconds
[2019-12-08T12:00:09.299+0000][1][safepoint    ] Application time: 1.0000828 seconds
[2019-12-08T12:00:09.300+0000][1][safepoint    ] Entering safepoint region: Cleanup
[2019-12-08T12:00:09.300+0000][1][safepoint    ] Leaving safepoint region
[2019-12-08T12:00:09.300+0000][1][safepoint    ] Total time for which application threads were stopped: 0.0000754 seconds, Stopping threads took: 0.0000196 seconds
[2019-12-08T12:00:10.300+0000][1][safepoint    ] Application time: 1.0000855 seconds
[2019-12-08T12:00:10.300+0000][1][safepoint    ] Entering safepoint region: Cleanup
[2019-12-08T12:00:10.300+0000][1][safepoint    ] Leaving safepoint region
[2019-12-08T12:00:10.300+0000][1][safepoint    ] Total time for which application threads were stopped: 0.0000755 seconds, Stopping threads took: 0.0000215 seconds
[2019-12-08T12:00:11.300+0000][1][safepoint    ] Application time: 1.0000907 seconds
[2019-12-08T12:00:11.300+0000][1][safepoint    ] Entering safepoint region: Cleanup
[2019-12-08T12:00:11.300+0000][1][safepoint    ] Leaving safepoint region
[2019-12-08T12:00:11.300+0000][1][safepoint    ] Total time for which application threads were stopped: 0.0000813 seconds, Stopping threads took: 0.0000255 seconds
[2019-12-08T12:00:12.300+0000][1][safepoint    ] Application time: 1.0000709 seconds
[2019-12-08T12:00:12.300+0000][1][safepoint    ] Entering safepoint region: Cleanup
[2019-12-08T12:00:12.300+0000][1][safepoint    ] Leaving safepoint region
[2019-12-08T12:00:12.300+0000][1][safepoint    ] Total time for which application threads were stopped: 0.0001025 seconds, Stopping threads took: 0.0000230 seconds
[2019-12-08T12:00:13.300+0000][1][safepoint    ] Application time: 1.0000823 seconds
[2019-12-08T12:00:13.300+0000][1][safepoint    ] Entering safepoint region: Cleanup
[2019-12-08T12:00:13.300+0000][1][safepoint    ] Leaving safepoint region
[2019-12-08T12:00:13.300+0000][1][safepoint    ] Total time for which application threads were stopped: 0.0001138 seconds, Stopping threads took: 0.0000348 seconds
[2019-12-08T12:00:14.301+0000][1][safepoint    ] Application time: 1.0000808 seconds
[2019-12-08T12:00:14.301+0000][1][safepoint    ] Entering safepoint region: Cleanup
[2019-12-08T12:00:14.301+0000][1][safepoint    ] Leaving safepoint region
[2019-12-08T12:00:14.301+0000][1][safepoint    ] Total time for which application threads were stopped: 0.0000663 seconds, Stopping threads took: 0.0000160 seconds
[2019-12-08T12:00:15.301+0000][1][safepoint    ] Application time: 1.0000768 seconds
[2019-12-08T12:00:15.301+0000][1][safepoint    ] Entering safepoint region: Cleanup
[2019-12-08T12:00:15.301+0000][1][safepoint    ] Leaving safepoint region
[2019-12-08T12:00:15.301+0000][1][safepoint    ] Total time for which application threads were stopped: 0.0000679 seconds, Stopping threads took: 0.0000175 seconds
[2019-12-08T12:00:16.301+0000][1][safepoint    ] Application time: 1.0000970 seconds
[2019-12-08T12:00:16.301+0000][1][safepoint    ] Entering safepoint region: Cleanup
[2019-12-08T12:00:16.301+0000][1][safepoint    ] Leaving safepoint region
[2019-12-08T12:00:16.301+0000][1][safepoint    ] Total time for which application threads were stopped: 0.0000672 seconds, Stopping threads took: 0.0000164 seconds
[2019-12-08T12:00:17.301+0000][1][safepoint    ] Application time: 1.0000795 seconds
[2019-12-08T12:00:17.301+0000][1][safepoint    ] Entering safepoint region: Cleanup
[2019-12-08T12:00:17.301+0000][1][safepoint    ] Leaving safepoint region
[2019-12-08T12:00:17.301+0000][1][safepoint    ] Total time for which application threads were stopped: 0.0000663 seconds, Stopping threads took: 0.0000165 seconds
[2019-12-08T12:00:18.301+0000][1][safepoint    ] Application time: 1.0000780 seconds
[2019-12-08T12:00:18.301+0000][1][safepoint    ] Entering safepoint region: Cleanup
[2019-12-08T12:00:18.301+0000][1][safepoint    ] Leaving safepoint region
[2019-12-08T12:00:18.301+0000][1][safepoint    ] Total time for which application threads were stopped: 0.0000714 seconds, Stopping threads took: 0.0000210 seconds
[2019-12-08T12:00:19.301+0000][1][safepoint    ] Application time: 1.0000790 seconds
[2019-12-08T12:00:19.301+0000][1][safepoint    ] Entering safepoint region: Cleanup
[2019-12-08T12:00:19.301+0000][1][safepoint    ] Leaving safepoint region
[2019-12-08T12:00:19.301+0000][1][safepoint    ] Total time for which application threads were stopped: 0.0000673 seconds, Stopping threads took: 0.0000163 seconds
[2019-12-08T12:00:20.302+0000][1][safepoint    ] Application time: 1.0000776 seconds
[2019-12-08T12:00:20.302+0000][1][safepoint    ] Entering safepoint region: Cleanup
[2019-12-08T12:00:20.302+0000][1][safepoint    ] Leaving safepoint region
[2019-12-08T12:00:20.302+0000][1][safepoint    ] Total time for which application threads were stopped: 0.0000665 seconds, Stopping threads took: 0.0000162 seconds
[2019-12-08T12:00:21.302+0000][1][safepoint    ] Application time: 1.0000775 seconds
[2019-12-08T12:00:21.302+0000][1][safepoint    ] Entering safepoint region: Cleanup
[2019-12-08T12:00:21.302+0000][1][safepoint    ] Leaving safepoint region
[2019-12-08T12:00:21.302+0000][1][safepoint    ] Total time for which application threads were stopped: 0.0000643 seconds, Stopping threads took: 0.0000162 seconds
[2019-12-08T12:00:22.302+0000][1][safepoint    ] Application time: 1.0000818 seconds
[2019-12-08T12:00:22.302+0000][1][safepoint    ] Entering safepoint region: Cleanup
[2019-12-08T12:00:22.302+0000][1][safepoint    ] Leaving safepoint region
[2019-12-08T12:00:22.302+0000][1][safepoint    ] Total time for which application threads were stopped: 0.0000757 seconds, Stopping threads took: 0.0000199 seconds
[2019-12-08T12:00:23.302+0000][1][safepoint    ] Application time: 1.0000787 seconds
[2019-12-08T12:00:23.302+0000][1][safepoint    ] Entering safepoint region: Cleanup
[2019-12-08T12:00:23.302+0000][1][safepoint    ] Leaving safepoint region
[2019-12-08T12:00:23.302+0000][1][safepoint    ] Total time for which application threads were stopped: 0.0000831 seconds, Stopping threads took: 0.0000193 seconds
[2019-12-08T12:00:24.302+0000][1][safepoint    ] Application time: 1.0000813 seconds
[2019-12-08T12:00:24.302+0000][1][safepoint    ] Entering safepoint region: Cleanup
[2019-12-08T12:00:24.302+0000][1][safepoint    ] Leaving safepoint region
[2019-12-08T12:00:24.302+0000][1][safepoint    ] Total time for which application threads were stopped: 0.0000770 seconds, Stopping threads took: 0.0000211 seconds
[2019-12-08T12:00:25.303+0000][1][safepoint    ] Application time: 1.0000808 seconds
[2019-12-08T12:00:25.303+0000][1][safepoint    ] Entering safepoint region: Cleanup
[2019-12-08T12:00:25.303+0000][1][safepoint    ] Leaving safepoint region
[2019-12-08T12:00:25.303+0000][1][safepoint    ] Total time for which application threads were stopped: 0.0000747 seconds, Stopping threads took: 0.0000196 seconds
[2019-12-08T12:00:26.303+0000][1][safepoint    ] Application time: 1.0000878 seconds
[2019-12-08T12:00:26.303+0000][1][safepoint    ] Entering safepoint region: Cleanup
[2019-12-08T12:00:26.303+0000][1][safepoint    ] Leaving safepoint region
[2019-12-08T12:00:26.303+0000][1][safepoint    ] Total time for which application threads were stopped: 0.0000829 seconds, Stopping threads took: 0.0000190 seconds
[2019-12-08T12:00:27.303+0000][1][safepoint    ] Application time: 1.0000819 seconds
[2019-12-08T12:00:27.303+0000][1][safepoint    ] Entering safepoint region: Cleanup
[2019-12-08T12:00:27.303+0000][1][safepoint    ] Leaving safepoint region
[2019-12-08T12:00:27.303+0000][1][safepoint    ] Total time for which application threads were stopped: 0.0000756 seconds, Stopping threads took: 0.0000208 seconds
[2019-12-08T12:00:28.303+0000][1][safepoint    ] Application time: 1.0000784 seconds
[2019-12-08T12:00:28.303+0000][1][safepoint    ] Entering safepoint region: Cleanup
[2019-12-08T12:00:28.303+0000][1][safepoint    ] Leaving safepoint region
[2019-12-08T12:00:28.303+0000][1][safepoint    ] Total time for which application threads were stopped: 0.0000774 seconds, Stopping threads took: 0.0000208 seconds
[2019-12-08T12:00:29.303+0000][1][safepoint    ] Application time: 1.0000782 seconds
[2019-12-08T12:00:29.303+0000][1][safepoint    ] Entering safepoint region: Cleanup
[2019-12-08T12:00:29.303+0000][1][safepoint    ] Leaving safepoint region
[2019-12-08T12:00:29.303+0000][1][safepoint    ] Total time for which application threads were stopped: 0.0000723 seconds, Stopping threads took: 0.0000185 seconds
[2019-12-08T12:00:30.304+0000][1][safepoint    ] Application time: 1.0000754 seconds
[2019-12-08T12:00:30.304+0000][1][safepoint    ] Entering safepoint region: Cleanup
[2019-12-08T12:00:30.304+0000][1][safepoint    ] Leaving safepoint region
[2019-12-08T12:00:30.304+0000][1][safepoint    ] Total time for which application threads were stopped: 0.0000699 seconds, Stopping threads took: 0.0000191 seconds
[2019-12-08T12:00:31.304+0000][1][safepoint    ] Application time: 1.0000765 seconds
[2019-12-08T12:00:31.304+0000][1][safepoint    ] Entering safepoint region: Cleanup
[2019-12-08T12:00:31.304+0000][1][safepoint    ] Leaving safepoint region
[2019-12-08T12:00:31.304+0000][1][safepoint    ] Total time for which application threads were stopped: 0.0000710 seconds, Stopping threads took: 0.0000196 seconds
[2019-12-08T12:00:32.304+0000][1][safepoint    ] Application time: 1.0000757 seconds
[2019-12-08T12:00:32.304+0000][1][safepoint    ] Entering safepoint region: Cleanup
[2019-12-08T12:00:32.304+0000][1][safepoint    ] Leaving safepoint region
[2019-12-08T12:00:32.304+0000][1][safepoint    ] Total time for which application threads were stopped: 0.0000717 seconds, Stopping threads took: 0.0000186 seconds
[2019-12-08T12:00:33.304+0000][1][safepoint    ] Application time: 1.0000778 seconds
[2019-12-08T12:00:33.304+0000][1][safepoint    ] Entering safepoint region: Cleanup
[2019-12-08T12:00:33.304+0000][1][safepoint    ] Leaving safepoint region
[2019-12-08T12:00:33.304+0000][1][safepoint    ] Total time for which application threads were stopped: 0.0000788 seconds, Stopping threads took: 0.0000177 seconds
[2019-12-08T12:00:34.304+0000][1][safepoint    ] Application time: 1.0000777 seconds
[2019-12-08T12:00:34.304+0000][1][safepoint    ] Entering safepoint region: Cleanup
[2019-12-08T12:00:34.304+0000][1][safepoint    ] Leaving safepoint region
[2019-12-08T12:00:34.304+0000][1][safepoint    ] Total time for which application threads were stopped: 0.0000716 seconds, Stopping threads took: 0.0000186 seconds
[2019-12-08T12:00:35.304+0000][1][safepoint    ] Application time: 1.0000772 seconds
[2019-12-08T12:00:35.305+0000][1][safepoint    ] Entering safepoint region: Cleanup
[2019-12-08T12:00:35.305+0000][1][safepoint    ] Leaving safepoint region
[2019-12-08T12:00:35.305+0000][1][safepoint    ] Total time for which application threads were stopped: 0.0000742 seconds, Stopping threads took: 0.0000204 seconds
[2019-12-08T12:00:36.305+0000][1][safepoint    ] Application time: 1.0000750 seconds
[2019-12-08T12:00:36.305+0000][1][safepoint    ] Entering safepoint region: Cleanup
[2019-12-08T12:00:36.305+0000][1][safepoint    ] Leaving safepoint region
[2019-12-08T12:00:36.305+0000][1][safepoint    ] Total time for which application threads were stopped: 0.0000749 seconds, Stopping threads took: 0.0000196 seconds
[2019-12-08T12:00:37.305+0000][1][safepoint    ] Application time: 1.0000752 seconds
[2019-12-08T12:00:37.305+0000][1][safepoint    ] Entering safepoint region: Cleanup
[2019-12-08T12:00:37.305+0000][1][safepoint    ] Leaving safepoint region
[2019-12-08T12:00:37.305+0000][1][safepoint    ] Total time for which application threads were stopped: 0.0000757 seconds, Stopping threads took: 0.0000196 seconds
[2019-12-08T12:00:38.305+0000][1][safepoint    ] Application time: 1.0000765 seconds
[2019-12-08T12:00:38.305+0000][1][safepoint    ] Entering safepoint region: Cleanup
[2019-12-08T12:00:38.305+0000][1][safepoint    ] Leaving safepoint region
[2019-12-08T12:00:38.305+0000][1][safepoint    ] Total time for which application threads were stopped: 0.0000816 seconds, Stopping threads took: 0.0000247 seconds
[2019-12-08T12:00:39.305+0000][1][safepoint    ] Application time: 1.0000803 seconds
[2019-12-08T12:00:39.305+0000][1][safepoint    ] Entering safepoint region: Cleanup
[2019-12-08T12:00:39.305+0000][1][safepoint    ] Leaving safepoint region
[2019-12-08T12:00:39.305+0000][1][safepoint    ] Total time for which application threads were stopped: 0.0000730 seconds, Stopping threads took: 0.0000190 seconds
[2019-12-08T12:00:40.305+0000][1][safepoint    ] Application time: 1.0000770 seconds
[2019-12-08T12:00:40.305+0000][1][safepoint    ] Entering safepoint region: Cleanup
[2019-12-08T12:00:40.306+0000][1][safepoint    ] Leaving safepoint region
[2019-12-08T12:00:40.306+0000][1][safepoint    ] Total time for which application threads were stopped: 0.0000723 seconds, Stopping threads took: 0.0000178 seconds
[2019-12-08T12:00:41.306+0000][1][safepoint    ] Application time: 1.0000760 seconds
[2019-12-08T12:00:41.306+0000][1][safepoint    ] Entering safepoint region: Cleanup
[2019-12-08T12:00:41.306+0000][1][safepoint    ] Leaving safepoint region
[2019-12-08T12:00:41.306+0000][1][safepoint    ] Total time for which application threads were stopped: 0.0000882 seconds, Stopping threads took: 0.0000338 seconds
[2019-12-08T12:00:42.306+0000][1][safepoint    ] Application time: 1.0000789 seconds
[2019-12-08T12:00:42.306+0000][1][safepoint    ] Entering safepoint region: Cleanup
[2019-12-08T12:00:42.306+0000][1][safepoint    ] Leaving safepoint region
[2019-12-08T12:00:42.306+0000][1][safepoint    ] Total time for which application threads were stopped: 0.0000765 seconds, Stopping threads took: 0.0000201 seconds
[2019-12-08T12:00:43.306+0000][1][safepoint    ] Application time: 1.0000817 seconds
[2019-12-08T12:00:43.306+0000][1][safepoint    ] Entering safepoint region: Cleanup
[2019-12-08T12:00:43.306+0000][1][safepoint    ] Leaving safepoint region
[2019-12-08T12:00:43.306+0000][1][safepoint    ] Total time for which application threads were stopped: 0.0000743 seconds, Stopping threads took: 0.0000191 seconds
[2019-12-08T12:00:44.306+0000][1][safepoint    ] Application time: 1.0000906 seconds
[2019-12-08T12:00:44.306+0000][1][safepoint    ] Entering safepoint region: Cleanup
[2019-12-08T12:00:44.306+0000][1][safepoint    ] Leaving safepoint region
[2019-12-08T12:00:44.306+0000][1][safepoint    ] Total time for which application threads were stopped: 0.0000750 seconds, Stopping threads took: 0.0000194 seconds
[2019-12-08T12:00:45.306+0000][1][safepoint    ] Application time: 1.0000838 seconds
[2019-12-08T12:00:45.307+0000][1][safepoint    ] Entering safepoint region: Cleanup
[2019-12-08T12:00:45.307+0000][1][safepoint    ] Leaving safepoint region
[2019-12-08T12:00:45.307+0000][1][safepoint    ] Total time for which application threads were stopped: 0.0000838 seconds, Stopping threads took: 0.0000280 seconds
[2019-12-08T12:00:46.307+0000][1][safepoint    ] Application time: 1.0001058 seconds
[2019-12-08T12:00:46.307+0000][1][safepoint    ] Entering safepoint region: Cleanup
[2019-12-08T12:00:46.307+0000][1][safepoint    ] Leaving safepoint region
[2019-12-08T12:00:46.307+0000][1][safepoint    ] Total time for which application threads were stopped: 0.0000748 seconds, Stopping threads took: 0.0000198 seconds
[2019-12-08T12:00:47.307+0000][1][safepoint    ] Application time: 1.0000811 seconds
[2019-12-08T12:00:47.307+0000][1][safepoint    ] Entering safepoint region: Cleanup
[2019-12-08T12:00:47.307+0000][1][safepoint    ] Leaving safepoint region
[2019-12-08T12:00:47.307+0000][1][safepoint    ] Total time for which application threads were stopped: 0.0000760 seconds, Stopping threads took: 0.0000197 seconds
[2019-12-08T12:00:48.307+0000][1][safepoint    ] Application time: 1.0000829 seconds
[2019-12-08T12:00:48.307+0000][1][safepoint    ] Entering safepoint region: Cleanup
[2019-12-08T12:00:48.307+0000][1][safepoint    ] Leaving safepoint region
[2019-12-08T12:00:48.307+0000][1][safepoint    ] Total time for which application threads were stopped: 0.0000797 seconds, Stopping threads took: 0.0000211 seconds
[2019-12-08T12:00:49.307+0000][1][safepoint    ] Application time: 1.0000811 seconds
[2019-12-08T12:00:49.307+0000][1][safepoint    ] Entering safepoint region: Cleanup
[2019-12-08T12:00:49.307+0000][1][safepoint    ] Leaving safepoint region
[2019-12-08T12:00:49.307+0000][1][safepoint    ] Total time for which application threads were stopped: 0.0000773 seconds, Stopping threads took: 0.0000216 seconds
[2019-12-08T12:00:50.308+0000][1][safepoint    ] Application time: 1.0000835 seconds
[2019-12-08T12:00:50.308+0000][1][safepoint    ] Entering safepoint region: Cleanup
[2019-12-08T12:00:50.308+0000][1][safepoint    ] Leaving safepoint region
[2019-12-08T12:00:50.308+0000][1][safepoint    ] Total time for which application threads were stopped: 0.0000832 seconds, Stopping threads took: 0.0000266 seconds
[2019-12-08T12:00:51.308+0000][1][safepoint    ] Application time: 1.0000834 seconds
[2019-12-08T12:00:51.308+0000][1][safepoint    ] Entering safepoint region: Cleanup
[2019-12-08T12:00:51.308+0000][1][safepoint    ] Leaving safepoint region
[2019-12-08T12:00:51.308+0000][1][safepoint    ] Total time for which application threads were stopped: 0.0000778 seconds, Stopping threads took: 0.0000207 seconds
[2019-12-08T12:00:52.308+0000][1][safepoint    ] Application time: 1.0000806 seconds
[2019-12-08T12:00:52.308+0000][1][safepoint    ] Entering safepoint region: Cleanup
[2019-12-08T12:00:52.308+0000][1][safepoint    ] Leaving safepoint region
[2019-12-08T12:00:52.308+0000][1][safepoint    ] Total time for which application threads were stopped: 0.0000750 seconds, Stopping threads took: 0.0000203 seconds
[2019-12-08T12:00:53.309+0000][1][safepoint    ] Application time: 1.0006894 seconds
[2019-12-08T12:00:53.309+0000][1][safepoint    ] Entering safepoint region: Cleanup
[2019-12-08T12:00:53.309+0000][1][safepoint    ] Leaving safepoint region
[2019-12-08T12:00:53.309+0000][1][safepoint    ] Total time for which application threads were stopped: 0.0000993 seconds, Stopping threads took: 0.0000277 seconds
[2019-12-08T12:00:54.309+0000][1][safepoint    ] Application time: 1.0000875 seconds
[2019-12-08T12:00:54.309+0000][1][safepoint    ] Entering safepoint region: Cleanup
[2019-12-08T12:00:54.309+0000][1][safepoint    ] Leaving safepoint region
[2019-12-08T12:00:54.309+0000][1][safepoint    ] Total time for which application threads were stopped: 0.0000860 seconds, Stopping threads took: 0.0000197 seconds
[2019-12-08T12:00:55.309+0000][1][safepoint    ] Application time: 1.0000857 seconds
[2019-12-08T12:00:55.309+0000][1][safepoint    ] Entering safepoint region: Cleanup
[2019-12-08T12:00:55.309+0000][1][safepoint    ] Leaving safepoint region
[2019-12-08T12:00:55.309+0000][1][safepoint    ] Total time for which application threads were stopped: 0.0000784 seconds, Stopping threads took: 0.0000201 seconds
[2019-12-08T12:00:56.309+0000][1][safepoint    ] Application time: 1.0000802 seconds
[2019-12-08T12:00:56.309+0000][1][safepoint    ] Entering safepoint region: Cleanup
[2019-12-08T12:00:56.310+0000][1][safepoint    ] Leaving safepoint region
[2019-12-08T12:00:56.310+0000][1][safepoint    ] Total time for which application threads were stopped: 0.0000760 seconds, Stopping threads took: 0.0000211 seconds
[2019-12-08T12:00:57.310+0000][1][safepoint    ] Application time: 1.0000833 seconds
[2019-12-08T12:00:57.310+0000][1][safepoint    ] Entering safepoint region: Cleanup
[2019-12-08T12:00:57.310+0000][1][safepoint    ] Leaving safepoint region
[2019-12-08T12:00:57.310+0000][1][safepoint    ] Total time for which application threads were stopped: 0.0000961 seconds, Stopping threads took: 0.0000207 seconds
[2019-12-08T12:00:58.310+0000][1][safepoint    ] Application time: 1.0000825 seconds
[2019-12-08T12:00:58.310+0000][1][safepoint    ] Entering safepoint region: Cleanup
[2019-12-08T12:00:58.310+0000][1][safepoint    ] Leaving safepoint region
[2019-12-08T12:00:58.310+0000][1][safepoint    ] Total time for which application threads were stopped: 0.0000795 seconds, Stopping threads took: 0.0000246 seconds
[2019-12-08T12:00:59.310+0000][1][safepoint    ] Application time: 1.0000860 seconds
[2019-12-08T12:00:59.310+0000][1][safepoint    ] Entering safepoint region: Cleanup
[2019-12-08T12:00:59.310+0000][1][safepoint    ] Leaving safepoint region
[2019-12-08T12:00:59.310+0000][1][safepoint    ] Total time for which application threads were stopped: 0.0000774 seconds, Stopping threads took: 0.0000201 seconds
[2019-12-08T12:01:00.310+0000][1][safepoint    ] Application time: 1.0000857 seconds
[2019-12-08T12:01:00.310+0000][1][safepoint    ] Entering safepoint region: Cleanup
[2019-12-08T12:01:00.310+0000][1][safepoint    ] Leaving safepoint region
[2019-12-08T12:01:00.310+0000][1][safepoint    ] Total time for which application threads were stopped: 0.0000763 seconds, Stopping threads took: 0.0000209 seconds
[2019-12-08T12:01:01.310+0000][1][safepoint    ] Application time: 1.0000364 seconds
[2019-12-08T12:01:01.310+0000][1][safepoint    ] Entering safepoint region: Cleanup
[2019-12-08T12:01:01.311+0000][1][safepoint    ] Leaving safepoint region
[2019-12-08T12:01:01.311+0000][1][safepoint    ] Total time for which application threads were stopped: 0.0001047 seconds, Stopping threads took: 0.0000280 seconds
[2019-12-08T12:01:02.311+0000][1][safepoint    ] Application time: 1.0000845 seconds
[2019-12-08T12:01:02.311+0000][1][safepoint    ] Entering safepoint region: Cleanup
[2019-12-08T12:01:02.311+0000][1][safepoint    ] Leaving safepoint region
[2019-12-08T12:01:02.311+0000][1][safepoint    ] Total time for which application threads were stopped: 0.0001210 seconds, Stopping threads took: 0.0000451 seconds
[2019-12-08T12:01:03.311+0000][1][safepoint    ] Application time: 1.0001008 seconds
[2019-12-08T12:01:03.311+0000][1][safepoint    ] Entering safepoint region: Cleanup
[2019-12-08T12:01:03.311+0000][1][safepoint    ] Leaving safepoint region
[2019-12-08T12:01:03.311+0000][1][safepoint    ] Total time for which application threads were stopped: 0.0000754 seconds, Stopping threads took: 0.0000202 seconds
[2019-12-08T12:01:04.311+0000][1][safepoint    ] Application time: 1.0000834 seconds
[2019-12-08T12:01:04.311+0000][1][safepoint    ] Entering safepoint region: Cleanup
[2019-12-08T12:01:04.311+0000][1][safepoint    ] Leaving safepoint region
[2019-12-08T12:01:04.311+0000][1][safepoint    ] Total time for which application threads were stopped: 0.0000754 seconds, Stopping threads took: 0.0000195 seconds
[2019-12-08T12:01:05.335+0000][1][safepoint    ] Application time: 1.0237427 seconds
[2019-12-08T12:01:05.335+0000][1][safepoint    ] Entering safepoint region: Cleanup
[2019-12-08T12:01:05.335+0000][1][safepoint    ] Leaving safepoint region
[2019-12-08T12:01:05.335+0000][1][safepoint    ] Total time for which application threads were stopped: 0.0000696 seconds, Stopping threads took: 0.0000178 seconds
[2019-12-08T12:01:06.335+0000][1][safepoint    ] Application time: 1.0000783 seconds
[2019-12-08T12:01:06.335+0000][1][safepoint    ] Entering safepoint region: Cleanup
[2019-12-08T12:01:06.335+0000][1][safepoint    ] Leaving safepoint region
[2019-12-08T12:01:06.335+0000][1][safepoint    ] Total time for which application threads were stopped: 0.0000760 seconds, Stopping threads took: 0.0000248 seconds
[2019-12-08T12:01:07.335+0000][1][safepoint    ] Application time: 1.0000802 seconds
[2019-12-08T12:01:07.335+0000][1][safepoint    ] Entering safepoint region: Cleanup
[2019-12-08T12:01:07.335+0000][1][safepoint    ] Leaving safepoint region
[2019-12-08T12:01:07.335+0000][1][safepoint    ] Total time for which application threads were stopped: 0.0000690 seconds, Stopping threads took: 0.0000172 seconds
[2019-12-08T12:01:08.336+0000][1][safepoint    ] Application time: 1.0000801 seconds
[2019-12-08T12:01:08.336+0000][1][safepoint    ] Entering safepoint region: Cleanup
[2019-12-08T12:01:08.336+0000][1][safepoint    ] Leaving safepoint region
[2019-12-08T12:01:08.336+0000][1][safepoint    ] Total time for which application threads were stopped: 0.0000737 seconds, Stopping threads took: 0.0000185 seconds
[2019-12-08T12:01:09.336+0000][1][safepoint    ] Application time: 1.0000761 seconds
[2019-12-08T12:01:09.336+0000][1][safepoint    ] Entering safepoint region: Cleanup
[2019-12-08T12:01:09.336+0000][1][safepoint    ] Leaving safepoint region
[2019-12-08T12:01:09.336+0000][1][safepoint    ] Total time for which application threads were stopped: 0.0000657 seconds, Stopping threads took: 0.0000170 seconds
[2019-12-08T12:01:10.336+0000][1][safepoint    ] Application time: 1.0000755 seconds
[2019-12-08T12:01:10.336+0000][1][safepoint    ] Entering safepoint region: Cleanup
[2019-12-08T12:01:10.336+0000][1][safepoint    ] Leaving safepoint region
[2019-12-08T12:01:10.336+0000][1][safepoint    ] Total time for which application threads were stopped: 0.0000671 seconds, Stopping threads took: 0.0000173 seconds
[2019-12-08T12:01:11.336+0000][1][safepoint    ] Application time: 1.0000761 seconds
[2019-12-08T12:01:11.336+0000][1][safepoint    ] Entering safepoint region: Cleanup
[2019-12-08T12:01:11.336+0000][1][safepoint    ] Leaving safepoint region
[2019-12-08T12:01:11.336+0000][1][safepoint    ] Total time for which application threads were stopped: 0.0000667 seconds, Stopping threads took: 0.0000175 seconds
[2019-12-08T12:01:12.336+0000][1][safepoint    ] Application time: 1.0000776 seconds
[2019-12-08T12:01:12.336+0000][1][safepoint    ] Entering safepoint region: Cleanup
[2019-12-08T12:01:12.336+0000][1][safepoint    ] Leaving safepoint region
[2019-12-08T12:01:12.336+0000][1][safepoint    ] Total time for which application threads were stopped: 0.0000693 seconds, Stopping threads took: 0.0000179 seconds
[2019-12-08T12:01:13.336+0000][1][safepoint    ] Application time: 1.0000798 seconds
[2019-12-08T12:01:13.336+0000][1][safepoint    ] Entering safepoint region: Cleanup
[2019-12-08T12:01:13.337+0000][1][safepoint    ] Leaving safepoint region
[2019-12-08T12:01:13.337+0000][1][safepoint    ] Total time for which application threads were stopped: 0.0000719 seconds, Stopping threads took: 0.0000191 seconds
[2019-12-08T12:01:14.337+0000][1][safepoint    ] Application time: 1.0000817 seconds
[2019-12-08T12:01:14.337+0000][1][safepoint    ] Entering safepoint region: Cleanup
[2019-12-08T12:01:14.337+0000][1][safepoint    ] Leaving safepoint region
[2019-12-08T12:01:14.337+0000][1][safepoint    ] Total time for which application threads were stopped: 0.0001428 seconds, Stopping threads took: 0.0000799 seconds
[2019-12-08T12:01:15.337+0000][1][safepoint    ] Application time: 1.0000823 seconds
[2019-12-08T12:01:15.337+0000][1][safepoint    ] Entering safepoint region: Cleanup
[2019-12-08T12:01:15.337+0000][1][safepoint    ] Leaving safepoint region
[2019-12-08T12:01:15.337+0000][1][safepoint    ] Total time for which application threads were stopped: 0.0000713 seconds, Stopping threads took: 0.0000177 seconds
[2019-12-08T12:01:16.337+0000][1][safepoint    ] Application time: 1.0000833 seconds
[2019-12-08T12:01:16.337+0000][1][safepoint    ] Entering safepoint region: Cleanup
[2019-12-08T12:01:16.337+0000][1][safepoint    ] Leaving safepoint region
[2019-12-08T12:01:16.337+0000][1][safepoint    ] Total time for which application threads were stopped: 0.0000681 seconds, Stopping threads took: 0.0000176 seconds
[2019-12-08T12:01:17.337+0000][1][safepoint    ] Application time: 1.0000748 seconds
[2019-12-08T12:01:17.337+0000][1][safepoint    ] Entering safepoint region: Cleanup
[2019-12-08T12:01:17.337+0000][1][safepoint    ] Leaving safepoint region
[2019-12-08T12:01:17.337+0000][1][safepoint    ] Total time for which application threads were stopped: 0.0000672 seconds, Stopping threads took: 0.0000173 seconds
[2019-12-08T12:01:18.337+0000][1][safepoint    ] Application time: 1.0000760 seconds
[2019-12-08T12:01:18.337+0000][1][safepoint    ] Entering safepoint region: Cleanup
[2019-12-08T12:01:18.337+0000][1][safepoint    ] Leaving safepoint region
[2019-12-08T12:01:18.337+0000][1][safepoint    ] Total time for which application threads were stopped: 0.0000685 seconds, Stopping threads took: 0.0000176 seconds
[2019-12-08T12:01:19.338+0000][1][safepoint    ] Application time: 1.0000762 seconds
[2019-12-08T12:01:19.338+0000][1][safepoint    ] Entering safepoint region: Cleanup
[2019-12-08T12:01:19.338+0000][1][safepoint    ] Leaving safepoint region
[2019-12-08T12:01:19.338+0000][1][safepoint    ] Total time for which application threads were stopped: 0.0000708 seconds, Stopping threads took: 0.0000174 seconds
[2019-12-08T12:01:20.338+0000][1][safepoint    ] Application time: 1.0000769 seconds
[2019-12-08T12:01:20.338+0000][1][safepoint    ] Entering safepoint region: Cleanup
[2019-12-08T12:01:20.338+0000][1][safepoint    ] Leaving safepoint region
[2019-12-08T12:01:20.338+0000][1][safepoint    ] Total time for which application threads were stopped: 0.0000676 seconds, Stopping threads took: 0.0000177 seconds
[2019-12-08T12:01:21.338+0000][1][safepoint    ] Application time: 1.0000764 seconds
[2019-12-08T12:01:21.338+0000][1][safepoint    ] Entering safepoint region: Cleanup
[2019-12-08T12:01:21.338+0000][1][safepoint    ] Leaving safepoint region
[2019-12-08T12:01:21.338+0000][1][safepoint    ] Total time for which application threads were stopped: 0.0000686 seconds, Stopping threads took: 0.0000179 seconds
[2019-12-08T12:01:22.338+0000][1][safepoint    ] Application time: 1.0000747 seconds
[2019-12-08T12:01:22.338+0000][1][safepoint    ] Entering safepoint region: Cleanup
[2019-12-08T12:01:22.338+0000][1][safepoint    ] Leaving safepoint region
[2019-12-08T12:01:22.338+0000][1][safepoint    ] Total time for which application threads were stopped: 0.0000672 seconds, Stopping threads took: 0.0000170 seconds
[2019-12-08T12:01:23.338+0000][1][safepoint    ] Application time: 1.0000774 seconds
[2019-12-08T12:01:23.338+0000][1][safepoint    ] Entering safepoint region: Cleanup
[2019-12-08T12:01:23.338+0000][1][safepoint    ] Leaving safepoint region
[2019-12-08T12:01:23.338+0000][1][safepoint    ] Total time for which application threads were stopped: 0.0000701 seconds, Stopping threads took: 0.0000184 seconds
[2019-12-08T12:01:24.338+0000][1][safepoint    ] Application time: 1.0000761 seconds
[2019-12-08T12:01:24.338+0000][1][safepoint    ] Entering safepoint region: Cleanup
[2019-12-08T12:01:24.338+0000][1][safepoint    ] Leaving safepoint region
[2019-12-08T12:01:24.338+0000][1][safepoint    ] Total time for which application threads were stopped: 0.0000659 seconds, Stopping threads took: 0.0000167 seconds
[2019-12-08T12:01:25.339+0000][1][safepoint    ] Application time: 1.0000748 seconds
[2019-12-08T12:01:25.339+0000][1][safepoint    ] Entering safepoint region: Cleanup
[2019-12-08T12:01:25.339+0000][1][safepoint    ] Leaving safepoint region
[2019-12-08T12:01:25.339+0000][1][safepoint    ] Total time for which application threads were stopped: 0.0000674 seconds, Stopping threads took: 0.0000177 seconds
[2019-12-08T12:01:26.339+0000][1][safepoint    ] Application time: 1.0000408 seconds
[2019-12-08T12:01:26.339+0000][1][safepoint    ] Entering safepoint region: Cleanup
[2019-12-08T12:01:26.339+0000][1][safepoint    ] Leaving safepoint region
[2019-12-08T12:01:26.339+0000][1][safepoint    ] Total time for which application threads were stopped: 0.0000758 seconds, Stopping threads took: 0.0000200 seconds
[2019-12-08T12:01:27.339+0000][1][safepoint    ] Application time: 1.0000804 seconds
[2019-12-08T12:01:27.339+0000][1][safepoint    ] Entering safepoint region: Cleanup
[2019-12-08T12:01:27.339+0000][1][safepoint    ] Leaving safepoint region
[2019-12-08T12:01:27.339+0000][1][safepoint    ] Total time for which application threads were stopped: 0.0000669 seconds, Stopping threads took: 0.0000181 seconds
[2019-12-08T12:01:28.339+0000][1][safepoint    ] Application time: 1.0000818 seconds
[2019-12-08T12:01:28.339+0000][1][safepoint    ] Entering safepoint region: Cleanup
[2019-12-08T12:01:28.339+0000][1][safepoint    ] Leaving safepoint region
[2019-12-08T12:01:28.339+0000][1][safepoint    ] Total time for which application threads were stopped: 0.0000700 seconds, Stopping threads took: 0.0000192 seconds
[2019-12-08T12:01:28.420+0000][1][safepoint    ] Application time: 0.0807142 seconds
[2019-12-08T12:01:28.420+0000][1][safepoint    ] Entering safepoint region: GenCollectForAllocation
[2019-12-08T12:01:28.420+0000][1][gc,start     ] GC(36) Pause Young (Allocation Failure)
[2019-12-08T12:01:28.420+0000][1][gc,task      ] GC(36) Using 4 workers of 4 for evacuation
[2019-12-08T12:01:28.421+0000][1][gc,age       ] GC(36) Desired survivor size 4456448 bytes, new threshold 6 (max threshold 6)
[2019-12-08T12:01:28.421+0000][1][gc,age       ] GC(36) Age table with threshold 6 (max threshold 6)
[2019-12-08T12:01:28.421+0000][1][gc,age       ] GC(36) - age   1:       3984 bytes,       3984 total
[2019-12-08T12:01:28.421+0000][1][gc,age       ] GC(36) - age   2:       1640 bytes,       5624 total
[2019-12-08T12:01:28.421+0000][1][gc,age       ] GC(36) - age   3:       1064 bytes,       6688 total
[2019-12-08T12:01:28.421+0000][1][gc,age       ] GC(36) - age   4:       1544 bytes,       8232 total
[2019-12-08T12:01:28.421+0000][1][gc,age       ] GC(36) - age   5:        440 bytes,       8672 total
[2019-12-08T12:01:28.421+0000][1][gc,age       ] GC(36) - age   6:       2264 bytes,      10936 total
[2019-12-08T12:01:28.421+0000][1][gc,heap      ] GC(36) ParNew: 69929K->22K(78656K)
[2019-12-08T12:01:28.421+0000][1][gc,heap      ] GC(36) CMS: 70146K->70149K(174784K)
[2019-12-08T12:01:28.421+0000][1][gc,metaspace ] GC(36) Metaspace: 69015K->69015K(1112064K)
[2019-12-08T12:01:28.421+0000][1][gc           ] GC(36) Pause Young (Allocation Failure) 136M->68M(247M) 1.107ms
[2019-12-08T12:01:28.421+0000][1][gc,cpu       ] GC(36) User=0.00s Sys=0.00s Real=0.01s
[2019-12-08T12:01:28.421+0000][1][safepoint    ] Leaving safepoint region
[2019-12-08T12:01:28.421+0000][1][safepoint    ] Total time for which application threads were stopped: 0.0012922 seconds, Stopping threads took: 0.0000255 seconds
[2019-12-08T12:01:29.421+0000][1][safepoint    ] Application time: 1.0000912 seconds
[2019-12-08T12:01:29.421+0000][1][safepoint    ] Entering safepoint region: Cleanup
[2019-12-08T12:01:29.421+0000][1][safepoint    ] Leaving safepoint region
[2019-12-08T12:01:29.421+0000][1][safepoint    ] Total time for which application threads were stopped: 0.0000828 seconds, Stopping threads took: 0.0000273 seconds
[2019-12-08T12:01:30.422+0000][1][safepoint    ] Application time: 1.0000797 seconds
[2019-12-08T12:01:30.422+0000][1][safepoint    ] Entering safepoint region: Cleanup
[2019-12-08T12:01:30.422+0000][1][safepoint    ] Leaving safepoint region
[2019-12-08T12:01:30.422+0000][1][safepoint    ] Total time for which application threads were stopped: 0.0000733 seconds, Stopping threads took: 0.0000183 seconds
[2019-12-08T12:01:31.422+0000][1][safepoint    ] Application time: 1.0000841 seconds
[2019-12-08T12:01:31.422+0000][1][safepoint    ] Entering safepoint region: Cleanup
[2019-12-08T12:01:31.422+0000][1][safepoint    ] Leaving safepoint region
[2019-12-08T12:01:31.422+0000][1][safepoint    ] Total time for which application threads were stopped: 0.0000799 seconds, Stopping threads took: 0.0000195 seconds
[2019-12-08T12:01:32.422+0000][1][safepoint    ] Application time: 1.0000848 seconds
[2019-12-08T12:01:32.422+0000][1][safepoint    ] Entering safepoint region: Cleanup
[2019-12-08T12:01:32.422+0000][1][safepoint    ] Leaving safepoint region
[2019-12-08T12:01:32.422+0000][1][safepoint    ] Total time for which application threads were stopped: 0.0000812 seconds, Stopping threads took: 0.0000215 seconds
[2019-12-08T12:01:33.422+0000][1][safepoint    ] Application time: 1.0000858 seconds
[2019-12-08T12:01:33.422+0000][1][safepoint    ] Entering safepoint region: Cleanup
[2019-12-08T12:01:33.422+0000][1][safepoint    ] Leaving safepoint region
[2019-12-08T12:01:33.422+0000][1][safepoint    ] Total time for which application threads were stopped: 0.0000994 seconds, Stopping threads took: 0.0000264 seconds
[2019-12-08T12:01:34.422+0000][1][safepoint    ] Application time: 1.0000821 seconds
[2019-12-08T12:01:34.422+0000][1][safepoint    ] Entering safepoint region: Cleanup
[2019-12-08T12:01:34.423+0000][1][safepoint    ] Leaving safepoint region
[2019-12-08T12:01:34.423+0000][1][safepoint    ] Total time for which application threads were stopped: 0.0001146 seconds, Stopping threads took: 0.0000393 seconds
[2019-12-08T12:01:35.423+0000][1][safepoint    ] Application time: 1.0000841 seconds
[2019-12-08T12:01:35.423+0000][1][safepoint    ] Entering safepoint region: Cleanup
[2019-12-08T12:01:35.423+0000][1][safepoint    ] Leaving safepoint region
[2019-12-08T12:01:35.423+0000][1][safepoint    ] Total time for which application threads were stopped: 0.0001112 seconds, Stopping threads took: 0.0000288 seconds
[2019-12-08T12:01:36.423+0000][1][safepoint    ] Application time: 1.0000744 seconds
[2019-12-08T12:01:36.423+0000][1][safepoint    ] Entering safepoint region: Cleanup
[2019-12-08T12:01:36.423+0000][1][safepoint    ] Leaving safepoint region
[2019-12-08T12:01:36.423+0000][1][safepoint    ] Total time for which application threads were stopped: 0.0000716 seconds, Stopping threads took: 0.0000182 seconds
[2019-12-08T12:01:37.423+0000][1][safepoint    ] Application time: 1.0000840 seconds
[2019-12-08T12:01:37.423+0000][1][safepoint    ] Entering safepoint region: Cleanup
[2019-12-08T12:01:37.423+0000][1][safepoint    ] Leaving safepoint region
[2019-12-08T12:01:37.423+0000][1][safepoint    ] Total time for which application threads were stopped: 0.0000735 seconds, Stopping threads took: 0.0000196 seconds
[2019-12-08T12:01:38.423+0000][1][safepoint    ] Application time: 1.0000780 seconds
[2019-12-08T12:01:38.423+0000][1][safepoint    ] Entering safepoint region: Cleanup
[2019-12-08T12:01:38.423+0000][1][safepoint    ] Leaving safepoint region
[2019-12-08T12:01:38.423+0000][1][safepoint    ] Total time for which application threads were stopped: 0.0000767 seconds, Stopping threads took: 0.0000208 seconds
[2019-12-08T12:01:39.423+0000][1][safepoint    ] Application time: 1.0000761 seconds
[2019-12-08T12:01:39.424+0000][1][safepoint    ] Entering safepoint region: Cleanup
[2019-12-08T12:01:39.424+0000][1][safepoint    ] Leaving safepoint region
[2019-12-08T12:01:39.424+0000][1][safepoint    ] Total time for which application threads were stopped: 0.0000899 seconds, Stopping threads took: 0.0000324 seconds
[2019-12-08T12:01:40.424+0000][1][safepoint    ] Application time: 1.0000783 seconds
[2019-12-08T12:01:40.424+0000][1][safepoint    ] Entering safepoint region: Cleanup
[2019-12-08T12:01:40.424+0000][1][safepoint    ] Leaving safepoint region
[2019-12-08T12:01:40.424+0000][1][safepoint    ] Total time for which application threads were stopped: 0.0000745 seconds, Stopping threads took: 0.0000197 seconds
[2019-12-08T12:01:41.424+0000][1][safepoint    ] Application time: 1.0000796 seconds
[2019-12-08T12:01:41.424+0000][1][safepoint    ] Entering safepoint region: Cleanup
[2019-12-08T12:01:41.424+0000][1][safepoint    ] Leaving safepoint region
[2019-12-08T12:01:41.424+0000][1][safepoint    ] Total time for which application threads were stopped: 0.0000731 seconds, Stopping threads took: 0.0000194 seconds
[2019-12-08T12:01:43.189+0000][1][safepoint    ] Application time: 1.7652581 seconds
[2019-12-08T12:01:43.189+0000][1][safepoint    ] Entering safepoint region: Cleanup
[2019-12-08T12:01:43.189+0000][1][safepoint    ] Leaving safepoint region
[2019-12-08T12:01:43.189+0000][1][safepoint    ] Total time for which application threads were stopped: 0.0000788 seconds, Stopping threads took: 0.0000223 seconds
[2019-12-08T12:01:44.189+0000][1][safepoint    ] Application time: 1.0000776 seconds
[2019-12-08T12:01:44.190+0000][1][safepoint    ] Entering safepoint region: Cleanup
[2019-12-08T12:01:44.190+0000][1][safepoint    ] Leaving safepoint region
[2019-12-08T12:01:44.190+0000][1][safepoint    ] Total time for which application threads were stopped: 0.0000762 seconds, Stopping threads took: 0.0000202 seconds
[2019-12-08T12:01:45.190+0000][1][safepoint    ] Application time: 1.0000808 seconds
[2019-12-08T12:01:45.190+0000][1][safepoint    ] Entering safepoint region: Cleanup
[2019-12-08T12:01:45.190+0000][1][safepoint    ] Leaving safepoint region
[2019-12-08T12:01:45.190+0000][1][safepoint    ] Total time for which application threads were stopped: 0.0000765 seconds, Stopping threads took: 0.0000207 seconds
[2019-12-08T12:01:46.190+0000][1][safepoint    ] Application time: 1.0000815 seconds
[2019-12-08T12:01:46.190+0000][1][safepoint    ] Entering safepoint region: Cleanup
[2019-12-08T12:01:46.190+0000][1][safepoint    ] Leaving safepoint region
[2019-12-08T12:01:46.190+0000][1][safepoint    ] Total time for which application threads were stopped: 0.0000784 seconds, Stopping threads took: 0.0000221 seconds
[2019-12-08T12:01:47.190+0000][1][safepoint    ] Application time: 1.0000744 seconds
[2019-12-08T12:01:47.190+0000][1][safepoint    ] Entering safepoint region: Cleanup
[2019-12-08T12:01:47.190+0000][1][safepoint    ] Leaving safepoint region
[2019-12-08T12:01:47.190+0000][1][safepoint    ] Total time for which application threads were stopped: 0.0000703 seconds, Stopping threads took: 0.0000173 seconds
[2019-12-08T12:01:48.190+0000][1][safepoint    ] Application time: 1.0000739 seconds
[2019-12-08T12:01:48.190+0000][1][safepoint    ] Entering safepoint region: Cleanup
[2019-12-08T12:01:48.190+0000][1][safepoint    ] Leaving safepoint region
[2019-12-08T12:01:48.190+0000][1][safepoint    ] Total time for which application threads were stopped: 0.0000723 seconds, Stopping threads took: 0.0000185 seconds
[2019-12-08T12:01:49.190+0000][1][safepoint    ] Application time: 1.0000796 seconds
[2019-12-08T12:01:49.191+0000][1][safepoint    ] Entering safepoint region: Cleanup
[2019-12-08T12:01:49.191+0000][1][safepoint    ] Leaving safepoint region
[2019-12-08T12:01:49.191+0000][1][safepoint    ] Total time for which application threads were stopped: 0.0000747 seconds, Stopping threads took: 0.0000192 seconds
[2019-12-08T12:01:50.191+0000][1][safepoint    ] Application time: 1.0000779 seconds
[2019-12-08T12:01:50.191+0000][1][safepoint    ] Entering safepoint region: Cleanup
[2019-12-08T12:01:50.191+0000][1][safepoint    ] Leaving safepoint region
[2019-12-08T12:01:50.191+0000][1][safepoint    ] Total time for which application threads were stopped: 0.0000823 seconds, Stopping threads took: 0.0000267 seconds
[2019-12-08T12:01:51.191+0000][1][safepoint    ] Application time: 1.0000959 seconds
[2019-12-08T12:01:51.191+0000][1][safepoint    ] Entering safepoint region: Cleanup
[2019-12-08T12:01:51.191+0000][1][safepoint    ] Leaving safepoint region
[2019-12-08T12:01:51.191+0000][1][safepoint    ] Total time for which application threads were stopped: 0.0000745 seconds, Stopping threads took: 0.0000188 seconds
[2019-12-08T12:01:52.191+0000][1][safepoint    ] Application time: 1.0000762 seconds
[2019-12-08T12:01:52.191+0000][1][safepoint    ] Entering safepoint region: Cleanup
[2019-12-08T12:01:52.191+0000][1][safepoint    ] Leaving safepoint region
[2019-12-08T12:01:52.191+0000][1][safepoint    ] Total time for which application threads were stopped: 0.0000793 seconds, Stopping threads took: 0.0000194 seconds
[2019-12-08T12:01:53.191+0000][1][safepoint    ] Application time: 1.0000790 seconds
[2019-12-08T12:01:53.191+0000][1][safepoint    ] Entering safepoint region: Cleanup
[2019-12-08T12:01:53.191+0000][1][safepoint    ] Leaving safepoint region
[2019-12-08T12:01:53.191+0000][1][safepoint    ] Total time for which application threads were stopped: 0.0000765 seconds, Stopping threads took: 0.0000204 seconds
[2019-12-08T12:01:54.191+0000][1][safepoint    ] Application time: 1.0000795 seconds
[2019-12-08T12:01:54.192+0000][1][safepoint    ] Entering safepoint region: Cleanup
[2019-12-08T12:01:54.192+0000][1][safepoint    ] Leaving safepoint region
[2019-12-08T12:01:54.192+0000][1][safepoint    ] Total time for which application threads were stopped: 0.0000786 seconds, Stopping threads took: 0.0000215 seconds
[2019-12-08T12:01:55.192+0000][1][safepoint    ] Application time: 1.0000879 seconds
[2019-12-08T12:01:55.192+0000][1][safepoint    ] Entering safepoint region: Cleanup
[2019-12-08T12:01:55.192+0000][1][safepoint    ] Leaving safepoint region
[2019-12-08T12:01:55.192+0000][1][safepoint    ] Total time for which application threads were stopped: 0.0000726 seconds, Stopping threads took: 0.0000184 seconds
[2019-12-08T12:01:56.192+0000][1][safepoint    ] Application time: 1.0000768 seconds
[2019-12-08T12:01:56.192+0000][1][safepoint    ] Entering safepoint region: Cleanup
[2019-12-08T12:01:56.192+0000][1][safepoint    ] Leaving safepoint region
[2019-12-08T12:01:56.192+0000][1][safepoint    ] Total time for which application threads were stopped: 0.0000761 seconds, Stopping threads took: 0.0000213 seconds
[2019-12-08T12:01:57.192+0000][1][safepoint    ] Application time: 1.0000876 seconds
[2019-12-08T12:01:57.192+0000][1][safepoint    ] Entering safepoint region: Cleanup
[2019-12-08T12:01:57.192+0000][1][safepoint    ] Leaving safepoint region
[2019-12-08T12:01:57.192+0000][1][safepoint    ] Total time for which application threads were stopped: 0.0000753 seconds, Stopping threads took: 0.0000202 seconds
[2019-12-08T12:01:58.192+0000][1][safepoint    ] Application time: 1.0000789 seconds
[2019-12-08T12:01:58.192+0000][1][safepoint    ] Entering safepoint region: Cleanup
[2019-12-08T12:01:58.192+0000][1][safepoint    ] Leaving safepoint region
[2019-12-08T12:01:58.192+0000][1][safepoint    ] Total time for which application threads were stopped: 0.0000725 seconds, Stopping threads took: 0.0000187 seconds
[2019-12-08T12:01:59.192+0000][1][safepoint    ] Application time: 1.0000817 seconds
[2019-12-08T12:01:59.193+0000][1][safepoint    ] Entering safepoint region: Cleanup
[2019-12-08T12:01:59.193+0000][1][safepoint    ] Leaving safepoint region
[2019-12-08T12:01:59.193+0000][1][safepoint    ] Total time for which application threads were stopped: 0.0000851 seconds, Stopping threads took: 0.0000293 seconds
[2019-12-08T12:02:00.193+0000][1][safepoint    ] Application time: 1.0000935 seconds
[2019-12-08T12:02:00.193+0000][1][safepoint    ] Entering safepoint region: Cleanup
[2019-12-08T12:02:00.193+0000][1][safepoint    ] Leaving safepoint region
[2019-12-08T12:02:00.193+0000][1][safepoint    ] Total time for which application threads were stopped: 0.0000804 seconds, Stopping threads took: 0.0000194 seconds
[2019-12-08T12:02:01.193+0000][1][safepoint    ] Application time: 1.0000863 seconds
[2019-12-08T12:02:01.193+0000][1][safepoint    ] Entering safepoint region: Cleanup
[2019-12-08T12:02:01.193+0000][1][safepoint    ] Leaving safepoint region
[2019-12-08T12:02:01.193+0000][1][safepoint    ] Total time for which application threads were stopped: 0.0000771 seconds, Stopping threads took: 0.0000209 seconds
[2019-12-08T12:02:02.193+0000][1][safepoint    ] Application time: 1.0000897 seconds
[2019-12-08T12:02:02.193+0000][1][safepoint    ] Entering safepoint region: Cleanup
[2019-12-08T12:02:02.193+0000][1][safepoint    ] Leaving safepoint region
[2019-12-08T12:02:02.193+0000][1][safepoint    ] Total time for which application threads were stopped: 0.0001031 seconds, Stopping threads took: 0.0000270 seconds
[2019-12-08T12:02:03.193+0000][1][safepoint    ] Application time: 1.0000956 seconds
[2019-12-08T12:02:03.193+0000][1][safepoint    ] Entering safepoint region: Cleanup
[2019-12-08T12:02:03.194+0000][1][safepoint    ] Leaving safepoint region
[2019-12-08T12:02:03.194+0000][1][safepoint    ] Total time for which application threads were stopped: 0.0000783 seconds, Stopping threads took: 0.0000206 seconds
[2019-12-08T12:02:04.194+0000][1][safepoint    ] Application time: 1.0000923 seconds
[2019-12-08T12:02:04.194+0000][1][safepoint    ] Entering safepoint region: Cleanup
[2019-12-08T12:02:04.194+0000][1][safepoint    ] Leaving safepoint region
[2019-12-08T12:02:04.194+0000][1][safepoint    ] Total time for which application threads were stopped: 0.0000999 seconds, Stopping threads took: 0.0000212 seconds
[2019-12-08T12:02:05.194+0000][1][safepoint    ] Application time: 1.0000945 seconds
[2019-12-08T12:02:05.194+0000][1][safepoint    ] Entering safepoint region: Cleanup
[2019-12-08T12:02:05.194+0000][1][safepoint    ] Leaving safepoint region
[2019-12-08T12:02:05.194+0000][1][safepoint    ] Total time for which application threads were stopped: 0.0000765 seconds, Stopping threads took: 0.0000203 seconds
[2019-12-08T12:02:06.194+0000][1][safepoint    ] Application time: 1.0000894 seconds
[2019-12-08T12:02:06.194+0000][1][safepoint    ] Entering safepoint region: Cleanup
[2019-12-08T12:02:06.194+0000][1][safepoint    ] Leaving safepoint region
[2019-12-08T12:02:06.194+0000][1][safepoint    ] Total time for which application threads were stopped: 0.0000850 seconds, Stopping threads took: 0.0000290 seconds
[2019-12-08T12:02:07.194+0000][1][safepoint    ] Application time: 1.0000842 seconds
[2019-12-08T12:02:07.194+0000][1][safepoint    ] Entering safepoint region: Cleanup
[2019-12-08T12:02:07.194+0000][1][safepoint    ] Leaving safepoint region
[2019-12-08T12:02:07.194+0000][1][safepoint    ] Total time for which application threads were stopped: 0.0000786 seconds, Stopping threads took: 0.0000207 seconds
[2019-12-08T12:02:08.600+0000][1][safepoint    ] Application time: 1.4056047 seconds
[2019-12-08T12:02:08.600+0000][1][safepoint    ] Entering safepoint region: Cleanup
[2019-12-08T12:02:08.600+0000][1][safepoint    ] Leaving safepoint region
[2019-12-08T12:02:08.600+0000][1][safepoint    ] Total time for which application threads were stopped: 0.0000703 seconds, Stopping threads took: 0.0000173 seconds
[2019-12-08T12:02:09.600+0000][1][safepoint    ] Application time: 1.0000895 seconds
[2019-12-08T12:02:09.600+0000][1][safepoint    ] Entering safepoint region: Cleanup
[2019-12-08T12:02:09.600+0000][1][safepoint    ] Leaving safepoint region
[2019-12-08T12:02:09.600+0000][1][safepoint    ] Total time for which application threads were stopped: 0.0000693 seconds, Stopping threads took: 0.0000165 seconds
[2019-12-08T12:02:10.600+0000][1][safepoint    ] Application time: 1.0000800 seconds
[2019-12-08T12:02:10.600+0000][1][safepoint    ] Entering safepoint region: Cleanup
[2019-12-08T12:02:10.600+0000][1][safepoint    ] Leaving safepoint region
[2019-12-08T12:02:10.600+0000][1][safepoint    ] Total time for which application threads were stopped: 0.0000947 seconds, Stopping threads took: 0.0000228 seconds
[2019-12-08T12:02:11.601+0000][1][safepoint    ] Application time: 1.0000762 seconds
[2019-12-08T12:02:11.601+0000][1][safepoint    ] Entering safepoint region: Cleanup
[2019-12-08T12:02:11.601+0000][1][safepoint    ] Leaving safepoint region
[2019-12-08T12:02:11.601+0000][1][safepoint    ] Total time for which application threads were stopped: 0.0000679 seconds, Stopping threads took: 0.0000171 seconds
[2019-12-08T12:02:12.601+0000][1][safepoint    ] Application time: 1.0000404 seconds
[2019-12-08T12:02:12.601+0000][1][safepoint    ] Entering safepoint region: Cleanup
[2019-12-08T12:02:12.601+0000][1][safepoint    ] Leaving safepoint region
[2019-12-08T12:02:12.601+0000][1][safepoint    ] Total time for which application threads were stopped: 0.0000702 seconds, Stopping threads took: 0.0000172 seconds
[2019-12-08T12:02:13.601+0000][1][safepoint    ] Application time: 1.0001048 seconds
[2019-12-08T12:02:13.601+0000][1][safepoint    ] Entering safepoint region: Cleanup
[2019-12-08T12:02:13.601+0000][1][safepoint    ] Leaving safepoint region
[2019-12-08T12:02:13.601+0000][1][safepoint    ] Total time for which application threads were stopped: 0.0001110 seconds, Stopping threads took: 0.0000531 seconds
[2019-12-08T12:02:14.601+0000][1][safepoint    ] Application time: 1.0000906 seconds
[2019-12-08T12:02:14.601+0000][1][safepoint    ] Entering safepoint region: Cleanup
[2019-12-08T12:02:14.601+0000][1][safepoint    ] Leaving safepoint region
[2019-12-08T12:02:14.601+0000][1][safepoint    ] Total time for which application threads were stopped: 0.0000819 seconds, Stopping threads took: 0.0000211 seconds
[2019-12-08T12:02:15.601+0000][1][safepoint    ] Application time: 1.0000982 seconds
[2019-12-08T12:02:15.601+0000][1][safepoint    ] Entering safepoint region: Cleanup
[2019-12-08T12:02:15.601+0000][1][safepoint    ] Leaving safepoint region
[2019-12-08T12:02:15.601+0000][1][safepoint    ] Total time for which application threads were stopped: 0.0000812 seconds, Stopping threads took: 0.0000203 seconds
[2019-12-08T12:02:16.602+0000][1][safepoint    ] Application time: 1.0000835 seconds
[2019-12-08T12:02:16.602+0000][1][safepoint    ] Entering safepoint region: Cleanup
[2019-12-08T12:02:16.602+0000][1][safepoint    ] Leaving safepoint region
[2019-12-08T12:02:16.602+0000][1][safepoint    ] Total time for which application threads were stopped: 0.0000926 seconds, Stopping threads took: 0.0000197 seconds
[2019-12-08T12:02:17.602+0000][1][safepoint    ] Application time: 1.0000789 seconds
[2019-12-08T12:02:17.602+0000][1][safepoint    ] Entering safepoint region: Cleanup
[2019-12-08T12:02:17.602+0000][1][safepoint    ] Leaving safepoint region
[2019-12-08T12:02:17.602+0000][1][safepoint    ] Total time for which application threads were stopped: 0.0000682 seconds, Stopping threads took: 0.0000175 seconds
[2019-12-08T12:02:18.602+0000][1][safepoint    ] Application time: 1.0000831 seconds
[2019-12-08T12:02:18.602+0000][1][safepoint    ] Entering safepoint region: Cleanup
[2019-12-08T12:02:18.602+0000][1][safepoint    ] Leaving safepoint region
[2019-12-08T12:02:18.602+0000][1][safepoint    ] Total time for which application threads were stopped: 0.0001204 seconds, Stopping threads took: 0.0000460 seconds
[2019-12-08T12:02:19.602+0000][1][safepoint    ] Application time: 1.0000819 seconds
[2019-12-08T12:02:19.602+0000][1][safepoint    ] Entering safepoint region: Cleanup
[2019-12-08T12:02:19.602+0000][1][safepoint    ] Leaving safepoint region
[2019-12-08T12:02:19.602+0000][1][safepoint    ] Total time for which application threads were stopped: 0.0000641 seconds, Stopping threads took: 0.0000173 seconds
[2019-12-08T12:02:20.602+0000][1][safepoint    ] Application time: 1.0000817 seconds
[2019-12-08T12:02:20.602+0000][1][safepoint    ] Entering safepoint region: Cleanup
[2019-12-08T12:02:20.602+0000][1][safepoint    ] Leaving safepoint region
[2019-12-08T12:02:20.602+0000][1][safepoint    ] Total time for which application threads were stopped: 0.0000786 seconds, Stopping threads took: 0.0000205 seconds
[2019-12-08T12:02:21.603+0000][1][safepoint    ] Application time: 1.0000784 seconds
[2019-12-08T12:02:21.603+0000][1][safepoint    ] Entering safepoint region: Cleanup
[2019-12-08T12:02:21.603+0000][1][safepoint    ] Leaving safepoint region
[2019-12-08T12:02:21.603+0000][1][safepoint    ] Total time for which application threads were stopped: 0.0000675 seconds, Stopping threads took: 0.0000178 seconds
[2019-12-08T12:02:22.603+0000][1][safepoint    ] Application time: 1.0000797 seconds
[2019-12-08T12:02:22.603+0000][1][safepoint    ] Entering safepoint region: Cleanup
[2019-12-08T12:02:22.603+0000][1][safepoint    ] Leaving safepoint region
[2019-12-08T12:02:22.603+0000][1][safepoint    ] Total time for which application threads were stopped: 0.0000716 seconds, Stopping threads took: 0.0000182 seconds
[2019-12-08T12:02:23.603+0000][1][safepoint    ] Application time: 1.0000799 seconds
[2019-12-08T12:02:23.603+0000][1][safepoint    ] Entering safepoint region: Cleanup
[2019-12-08T12:02:23.603+0000][1][safepoint    ] Leaving safepoint region
[2019-12-08T12:02:23.603+0000][1][safepoint    ] Total time for which application threads were stopped: 0.0001057 seconds, Stopping threads took: 0.0000478 seconds
[2019-12-08T12:02:24.603+0000][1][safepoint    ] Application time: 1.0000848 seconds
[2019-12-08T12:02:24.603+0000][1][safepoint    ] Entering safepoint region: Cleanup
[2019-12-08T12:02:24.603+0000][1][safepoint    ] Leaving safepoint region
[2019-12-08T12:02:24.603+0000][1][safepoint    ] Total time for which application threads were stopped: 0.0000732 seconds, Stopping threads took: 0.0000190 seconds
[2019-12-08T12:02:25.603+0000][1][safepoint    ] Application time: 1.0000815 seconds
[2019-12-08T12:02:25.603+0000][1][safepoint    ] Entering safepoint region: Cleanup
[2019-12-08T12:02:25.603+0000][1][safepoint    ] Leaving safepoint region
[2019-12-08T12:02:25.603+0000][1][safepoint    ] Total time for which application threads were stopped: 0.0000722 seconds, Stopping threads took: 0.0000183 seconds
[2019-12-08T12:02:26.604+0000][1][safepoint    ] Application time: 1.0000822 seconds
[2019-12-08T12:02:26.604+0000][1][safepoint    ] Entering safepoint region: Cleanup
[2019-12-08T12:02:26.604+0000][1][safepoint    ] Leaving safepoint region
[2019-12-08T12:02:26.604+0000][1][safepoint    ] Total time for which application threads were stopped: 0.0000724 seconds, Stopping threads took: 0.0000178 seconds
[2019-12-08T12:02:27.604+0000][1][safepoint    ] Application time: 1.0000786 seconds
[2019-12-08T12:02:27.604+0000][1][safepoint    ] Entering safepoint region: Cleanup
[2019-12-08T12:02:27.604+0000][1][safepoint    ] Leaving safepoint region
[2019-12-08T12:02:27.604+0000][1][safepoint    ] Total time for which application threads were stopped: 0.0000689 seconds, Stopping threads took: 0.0000173 seconds
[2019-12-08T12:02:28.604+0000][1][safepoint    ] Application time: 1.0000808 seconds
[2019-12-08T12:02:28.604+0000][1][safepoint    ] Entering safepoint region: Cleanup
[2019-12-08T12:02:28.604+0000][1][safepoint    ] Leaving safepoint region
[2019-12-08T12:02:28.604+0000][1][safepoint    ] Total time for which application threads were stopped: 0.0000671 seconds, Stopping threads took: 0.0000175 seconds
[2019-12-08T12:02:29.604+0000][1][safepoint    ] Application time: 1.0000872 seconds
[2019-12-08T12:02:29.604+0000][1][safepoint    ] Entering safepoint region: Cleanup
[2019-12-08T12:02:29.604+0000][1][safepoint    ] Leaving safepoint region
[2019-12-08T12:02:29.604+0000][1][safepoint    ] Total time for which application threads were stopped: 0.0000656 seconds, Stopping threads took: 0.0000157 seconds
[2019-12-08T12:02:31.380+0000][1][safepoint    ] Application time: 1.7760918 seconds
[2019-12-08T12:02:31.380+0000][1][safepoint    ] Entering safepoint region: Cleanup
[2019-12-08T12:02:31.380+0000][1][safepoint    ] Leaving safepoint region
[2019-12-08T12:02:31.380+0000][1][safepoint    ] Total time for which application threads were stopped: 0.0000717 seconds, Stopping threads took: 0.0000165 seconds
[2019-12-08T12:02:32.380+0000][1][safepoint    ] Application time: 1.0000806 seconds
[2019-12-08T12:02:32.380+0000][1][safepoint    ] Entering safepoint region: Cleanup
[2019-12-08T12:02:32.381+0000][1][safepoint    ] Leaving safepoint region
[2019-12-08T12:02:32.381+0000][1][safepoint    ] Total time for which application threads were stopped: 0.0000686 seconds, Stopping threads took: 0.0000164 seconds
[2019-12-08T12:02:33.381+0000][1][safepoint    ] Application time: 1.0000815 seconds
[2019-12-08T12:02:33.381+0000][1][safepoint    ] Entering safepoint region: Cleanup
[2019-12-08T12:02:33.381+0000][1][safepoint    ] Leaving safepoint region
[2019-12-08T12:02:33.381+0000][1][safepoint    ] Total time for which application threads were stopped: 0.0000898 seconds, Stopping threads took: 0.0000331 seconds
[2019-12-08T12:02:34.381+0000][1][safepoint    ] Application time: 1.0000937 seconds
[2019-12-08T12:02:34.381+0000][1][safepoint    ] Entering safepoint region: Cleanup
[2019-12-08T12:02:34.381+0000][1][safepoint    ] Leaving safepoint region
[2019-12-08T12:02:34.381+0000][1][safepoint    ] Total time for which application threads were stopped: 0.0000769 seconds, Stopping threads took: 0.0000209 seconds
[2019-12-08T12:02:35.381+0000][1][safepoint    ] Application time: 1.0000851 seconds
[2019-12-08T12:02:35.381+0000][1][safepoint    ] Entering safepoint region: Cleanup
[2019-12-08T12:02:35.381+0000][1][safepoint    ] Leaving safepoint region
[2019-12-08T12:02:35.381+0000][1][safepoint    ] Total time for which application threads were stopped: 0.0000812 seconds, Stopping threads took: 0.0000252 seconds
[2019-12-08T12:02:36.381+0000][1][safepoint    ] Application time: 1.0000840 seconds
[2019-12-08T12:02:36.381+0000][1][safepoint    ] Entering safepoint region: Cleanup
[2019-12-08T12:02:36.381+0000][1][safepoint    ] Leaving safepoint region
[2019-12-08T12:02:36.381+0000][1][safepoint    ] Total time for which application threads were stopped: 0.0000738 seconds, Stopping threads took: 0.0000185 seconds
[2019-12-08T12:02:37.382+0000][1][safepoint    ] Application time: 1.0000935 seconds
[2019-12-08T12:02:37.382+0000][1][safepoint    ] Entering safepoint region: Cleanup
[2019-12-08T12:02:37.382+0000][1][safepoint    ] Leaving safepoint region
[2019-12-08T12:02:37.382+0000][1][safepoint    ] Total time for which application threads were stopped: 0.0000758 seconds, Stopping threads took: 0.0000196 seconds
[2019-12-08T12:02:38.382+0000][1][safepoint    ] Application time: 1.0000760 seconds
[2019-12-08T12:02:38.382+0000][1][safepoint    ] Entering safepoint region: Cleanup
[2019-12-08T12:02:38.382+0000][1][safepoint    ] Leaving safepoint region
[2019-12-08T12:02:38.382+0000][1][safepoint    ] Total time for which application threads were stopped: 0.0000987 seconds, Stopping threads took: 0.0000259 seconds
[2019-12-08T12:02:39.382+0000][1][safepoint    ] Application time: 1.0000873 seconds
[2019-12-08T12:02:39.382+0000][1][safepoint    ] Entering safepoint region: Cleanup
[2019-12-08T12:02:39.382+0000][1][safepoint    ] Leaving safepoint region
[2019-12-08T12:02:39.382+0000][1][safepoint    ] Total time for which application threads were stopped: 0.0000924 seconds, Stopping threads took: 0.0000212 seconds
[2019-12-08T12:02:40.382+0000][1][safepoint    ] Application time: 1.0000791 seconds
[2019-12-08T12:02:40.382+0000][1][safepoint    ] Entering safepoint region: Cleanup
[2019-12-08T12:02:40.382+0000][1][safepoint    ] Leaving safepoint region
[2019-12-08T12:02:40.382+0000][1][safepoint    ] Total time for which application threads were stopped: 0.0000738 seconds, Stopping threads took: 0.0000199 seconds
[2019-12-08T12:02:41.382+0000][1][safepoint    ] Application time: 1.0000759 seconds
[2019-12-08T12:02:41.382+0000][1][safepoint    ] Entering safepoint region: Cleanup
[2019-12-08T12:02:41.382+0000][1][safepoint    ] Leaving safepoint region
[2019-12-08T12:02:41.382+0000][1][safepoint    ] Total time for which application threads were stopped: 0.0000759 seconds, Stopping threads took: 0.0000190 seconds
[2019-12-08T12:02:42.383+0000][1][safepoint    ] Application time: 1.0000822 seconds
[2019-12-08T12:02:42.383+0000][1][safepoint    ] Entering safepoint region: Cleanup
[2019-12-08T12:02:42.383+0000][1][safepoint    ] Leaving safepoint region
[2019-12-08T12:02:42.383+0000][1][safepoint    ] Total time for which application threads were stopped: 0.0000947 seconds, Stopping threads took: 0.0000203 seconds
[2019-12-08T12:02:43.383+0000][1][safepoint    ] Application time: 1.0000821 seconds
[2019-12-08T12:02:43.383+0000][1][safepoint    ] Entering safepoint region: Cleanup
[2019-12-08T12:02:43.383+0000][1][safepoint    ] Leaving safepoint region
[2019-12-08T12:02:43.383+0000][1][safepoint    ] Total time for which application threads were stopped: 0.0000736 seconds, Stopping threads took: 0.0000186 seconds
[2019-12-08T12:02:44.383+0000][1][safepoint    ] Application time: 1.0000821 seconds
[2019-12-08T12:02:44.383+0000][1][safepoint    ] Entering safepoint region: Cleanup
[2019-12-08T12:02:44.383+0000][1][safepoint    ] Leaving safepoint region
[2019-12-08T12:02:44.383+0000][1][safepoint    ] Total time for which application threads were stopped: 0.0000768 seconds, Stopping threads took: 0.0000216 seconds
[2019-12-08T12:02:45.383+0000][1][safepoint    ] Application time: 1.0000791 seconds
[2019-12-08T12:02:45.383+0000][1][safepoint    ] Entering safepoint region: Cleanup
[2019-12-08T12:02:45.383+0000][1][safepoint    ] Leaving safepoint region
[2019-12-08T12:02:45.383+0000][1][safepoint    ] Total time for which application threads were stopped: 0.0000764 seconds, Stopping threads took: 0.0000193 seconds
[2019-12-08T12:02:46.383+0000][1][safepoint    ] Application time: 1.0000777 seconds
[2019-12-08T12:02:46.383+0000][1][safepoint    ] Entering safepoint region: Cleanup
[2019-12-08T12:02:46.383+0000][1][safepoint    ] Leaving safepoint region
[2019-12-08T12:02:46.383+0000][1][safepoint    ] Total time for which application threads were stopped: 0.0000774 seconds, Stopping threads took: 0.0000203 seconds
[2019-12-08T12:02:47.384+0000][1][safepoint    ] Application time: 1.0000785 seconds
[2019-12-08T12:02:47.384+0000][1][safepoint    ] Entering safepoint region: Cleanup
[2019-12-08T12:02:47.384+0000][1][safepoint    ] Leaving safepoint region
[2019-12-08T12:02:47.384+0000][1][safepoint    ] Total time for which application threads were stopped: 0.0000923 seconds, Stopping threads took: 0.0000198 seconds
[2019-12-08T12:02:48.384+0000][1][safepoint    ] Application time: 1.0000777 seconds
[2019-12-08T12:02:48.384+0000][1][safepoint    ] Entering safepoint region: Cleanup
[2019-12-08T12:02:48.384+0000][1][safepoint    ] Leaving safepoint region
[2019-12-08T12:02:48.384+0000][1][safepoint    ] Total time for which application threads were stopped: 0.0000742 seconds, Stopping threads took: 0.0000189 seconds
[2019-12-08T12:02:49.384+0000][1][safepoint    ] Application time: 1.0000773 seconds
[2019-12-08T12:02:49.384+0000][1][safepoint    ] Entering safepoint region: Cleanup
[2019-12-08T12:02:49.384+0000][1][safepoint    ] Leaving safepoint region
[2019-12-08T12:02:49.384+0000][1][safepoint    ] Total time for which application threads were stopped: 0.0000796 seconds, Stopping threads took: 0.0000213 seconds
[2019-12-08T12:02:50.384+0000][1][safepoint    ] Application time: 1.0000783 seconds
[2019-12-08T12:02:50.384+0000][1][safepoint    ] Entering safepoint region: Cleanup
[2019-12-08T12:02:50.384+0000][1][safepoint    ] Leaving safepoint region
[2019-12-08T12:02:50.384+0000][1][safepoint    ] Total time for which application threads were stopped: 0.0000758 seconds, Stopping threads took: 0.0000202 seconds
[2019-12-08T12:02:51.384+0000][1][safepoint    ] Application time: 1.0000937 seconds
[2019-12-08T12:02:51.384+0000][1][safepoint    ] Entering safepoint region: Cleanup
[2019-12-08T12:02:51.385+0000][1][safepoint    ] Leaving safepoint region
[2019-12-08T12:02:51.385+0000][1][safepoint    ] Total time for which application threads were stopped: 0.0000756 seconds, Stopping threads took: 0.0000197 seconds
[2019-12-08T12:02:52.385+0000][1][safepoint    ] Application time: 1.0000840 seconds
[2019-12-08T12:02:52.385+0000][1][safepoint    ] Entering safepoint region: Cleanup
[2019-12-08T12:02:52.385+0000][1][safepoint    ] Leaving safepoint region
[2019-12-08T12:02:52.385+0000][1][safepoint    ] Total time for which application threads were stopped: 0.0000913 seconds, Stopping threads took: 0.0000190 seconds
[2019-12-08T12:02:53.385+0000][1][safepoint    ] Application time: 1.0000800 seconds
[2019-12-08T12:02:53.385+0000][1][safepoint    ] Entering safepoint region: Cleanup
[2019-12-08T12:02:53.385+0000][1][safepoint    ] Leaving safepoint region
[2019-12-08T12:02:53.385+0000][1][safepoint    ] Total time for which application threads were stopped: 0.0000754 seconds, Stopping threads took: 0.0000203 seconds
[2019-12-08T12:02:54.385+0000][1][safepoint    ] Application time: 1.0000950 seconds
[2019-12-08T12:02:54.385+0000][1][safepoint    ] Entering safepoint region: Cleanup
[2019-12-08T12:02:54.385+0000][1][safepoint    ] Leaving safepoint region
[2019-12-08T12:02:54.385+0000][1][safepoint    ] Total time for which application threads were stopped: 0.0000766 seconds, Stopping threads took: 0.0000201 seconds
[2019-12-08T12:02:55.385+0000][1][safepoint    ] Application time: 1.0000804 seconds
[2019-12-08T12:02:55.385+0000][1][safepoint    ] Entering safepoint region: Cleanup
[2019-12-08T12:02:55.385+0000][1][safepoint    ] Leaving safepoint region
[2019-12-08T12:02:55.385+0000][1][safepoint    ] Total time for which application threads were stopped: 0.0000762 seconds, Stopping threads took: 0.0000200 seconds
[2019-12-08T12:02:56.385+0000][1][safepoint    ] Application time: 1.0000774 seconds
[2019-12-08T12:02:56.385+0000][1][safepoint    ] Entering safepoint region: Cleanup
[2019-12-08T12:02:56.386+0000][1][safepoint    ] Leaving safepoint region
[2019-12-08T12:02:56.386+0000][1][safepoint    ] Total time for which application threads were stopped: 0.0000743 seconds, Stopping threads took: 0.0000196 seconds
[2019-12-08T12:02:57.386+0000][1][safepoint    ] Application time: 1.0000807 seconds
[2019-12-08T12:02:57.386+0000][1][safepoint    ] Entering safepoint region: Cleanup
[2019-12-08T12:02:57.386+0000][1][safepoint    ] Leaving safepoint region
[2019-12-08T12:02:57.386+0000][1][safepoint    ] Total time for which application threads were stopped: 0.0000880 seconds, Stopping threads took: 0.0000329 seconds
[2019-12-08T12:02:58.386+0000][1][safepoint    ] Application time: 1.0000769 seconds
[2019-12-08T12:02:58.386+0000][1][safepoint    ] Entering safepoint region: Cleanup
[2019-12-08T12:02:58.386+0000][1][safepoint    ] Leaving safepoint region
[2019-12-08T12:02:58.386+0000][1][safepoint    ] Total time for which application threads were stopped: 0.0000762 seconds, Stopping threads took: 0.0000214 seconds
[2019-12-08T12:02:59.386+0000][1][safepoint    ] Application time: 1.0000772 seconds
[2019-12-08T12:02:59.386+0000][1][safepoint    ] Entering safepoint region: Cleanup
[2019-12-08T12:02:59.386+0000][1][safepoint    ] Leaving safepoint region
[2019-12-08T12:02:59.386+0000][1][safepoint    ] Total time for which application threads were stopped: 0.0000828 seconds, Stopping threads took: 0.0000265 seconds
[2019-12-08T12:03:00.386+0000][1][safepoint    ] Application time: 1.0000785 seconds
[2019-12-08T12:03:00.386+0000][1][safepoint    ] Entering safepoint region: Cleanup
[2019-12-08T12:03:00.386+0000][1][safepoint    ] Leaving safepoint region
[2019-12-08T12:03:00.386+0000][1][safepoint    ] Total time for which application threads were stopped: 0.0000749 seconds, Stopping threads took: 0.0000215 seconds
[2019-12-08T12:03:01.386+0000][1][safepoint    ] Application time: 1.0000798 seconds
[2019-12-08T12:03:01.387+0000][1][safepoint    ] Entering safepoint region: Cleanup
[2019-12-08T12:03:01.387+0000][1][safepoint    ] Leaving safepoint region
[2019-12-08T12:03:01.387+0000][1][safepoint    ] Total time for which application threads were stopped: 0.0000777 seconds, Stopping threads took: 0.0000213 seconds
[2019-12-08T12:03:02.387+0000][1][safepoint    ] Application time: 1.0000814 seconds
[2019-12-08T12:03:02.387+0000][1][safepoint    ] Entering safepoint region: Cleanup
[2019-12-08T12:03:02.387+0000][1][safepoint    ] Leaving safepoint region
[2019-12-08T12:03:02.387+0000][1][safepoint    ] Total time for which application threads were stopped: 0.0000745 seconds, Stopping threads took: 0.0000198 seconds
[2019-12-08T12:03:03.618+0000][1][safepoint    ] Application time: 1.2309206 seconds
[2019-12-08T12:03:03.618+0000][1][safepoint    ] Entering safepoint region: Cleanup
[2019-12-08T12:03:03.618+0000][1][safepoint    ] Leaving safepoint region
[2019-12-08T12:03:03.618+0000][1][safepoint    ] Total time for which application threads were stopped: 0.0001049 seconds, Stopping threads took: 0.0000453 seconds
[2019-12-08T12:03:04.618+0000][1][safepoint    ] Application time: 1.0000847 seconds
[2019-12-08T12:03:04.618+0000][1][safepoint    ] Entering safepoint region: Cleanup
[2019-12-08T12:03:04.618+0000][1][safepoint    ] Leaving safepoint region
[2019-12-08T12:03:04.618+0000][1][safepoint    ] Total time for which application threads were stopped: 0.0000708 seconds, Stopping threads took: 0.0000178 seconds
[2019-12-08T12:03:05.618+0000][1][safepoint    ] Application time: 1.0000837 seconds
[2019-12-08T12:03:05.618+0000][1][safepoint    ] Entering safepoint region: Cleanup
[2019-12-08T12:03:05.618+0000][1][safepoint    ] Leaving safepoint region
[2019-12-08T12:03:05.618+0000][1][safepoint    ] Total time for which application threads were stopped: 0.0000728 seconds, Stopping threads took: 0.0000185 seconds
[2019-12-08T12:03:06.618+0000][1][safepoint    ] Application time: 1.0000807 seconds
[2019-12-08T12:03:06.618+0000][1][safepoint    ] Entering safepoint region: Cleanup
[2019-12-08T12:03:06.618+0000][1][safepoint    ] Leaving safepoint region
[2019-12-08T12:03:06.618+0000][1][safepoint    ] Total time for which application threads were stopped: 0.0000820 seconds, Stopping threads took: 0.0000259 seconds
[2019-12-08T12:03:07.619+0000][1][safepoint    ] Application time: 1.0000770 seconds
[2019-12-08T12:03:07.619+0000][1][safepoint    ] Entering safepoint region: Cleanup
[2019-12-08T12:03:07.619+0000][1][safepoint    ] Leaving safepoint region
[2019-12-08T12:03:07.619+0000][1][safepoint    ] Total time for which application threads were stopped: 0.0000724 seconds, Stopping threads took: 0.0000181 seconds
[2019-12-08T12:03:08.619+0000][1][safepoint    ] Application time: 1.0000802 seconds
[2019-12-08T12:03:08.619+0000][1][safepoint    ] Entering safepoint region: Cleanup
[2019-12-08T12:03:08.619+0000][1][safepoint    ] Leaving safepoint region
[2019-12-08T12:03:08.619+0000][1][safepoint    ] Total time for which application threads were stopped: 0.0001233 seconds, Stopping threads took: 0.0000608 seconds
[2019-12-08T12:03:09.619+0000][1][safepoint    ] Application time: 1.0000824 seconds
[2019-12-08T12:03:09.619+0000][1][safepoint    ] Entering safepoint region: Cleanup
[2019-12-08T12:03:09.619+0000][1][safepoint    ] Leaving safepoint region
[2019-12-08T12:03:09.619+0000][1][safepoint    ] Total time for which application threads were stopped: 0.0000743 seconds, Stopping threads took: 0.0000194 seconds
[2019-12-08T12:03:10.619+0000][1][safepoint    ] Application time: 1.0000790 seconds
[2019-12-08T12:03:10.619+0000][1][safepoint    ] Entering safepoint region: Cleanup
[2019-12-08T12:03:10.619+0000][1][safepoint    ] Leaving safepoint region
[2019-12-08T12:03:10.619+0000][1][safepoint    ] Total time for which application threads were stopped: 0.0000729 seconds, Stopping threads took: 0.0000184 seconds
[2019-12-08T12:03:11.619+0000][1][safepoint    ] Application time: 1.0000787 seconds
[2019-12-08T12:03:11.619+0000][1][safepoint    ] Entering safepoint region: Cleanup
[2019-12-08T12:03:11.619+0000][1][safepoint    ] Leaving safepoint region
[2019-12-08T12:03:11.619+0000][1][safepoint    ] Total time for which application threads were stopped: 0.0000731 seconds, Stopping threads took: 0.0000186 seconds
[2019-12-08T12:03:12.620+0000][1][safepoint    ] Application time: 1.0000832 seconds
[2019-12-08T12:03:12.620+0000][1][safepoint    ] Entering safepoint region: Cleanup
[2019-12-08T12:03:12.620+0000][1][safepoint    ] Leaving safepoint region
[2019-12-08T12:03:12.620+0000][1][safepoint    ] Total time for which application threads were stopped: 0.0000764 seconds, Stopping threads took: 0.0000195 seconds
[2019-12-08T12:03:13.620+0000][1][safepoint    ] Application time: 1.0000509 seconds
[2019-12-08T12:03:13.620+0000][1][safepoint    ] Entering safepoint region: Cleanup
[2019-12-08T12:03:13.620+0000][1][safepoint    ] Leaving safepoint region
[2019-12-08T12:03:13.620+0000][1][safepoint    ] Total time for which application threads were stopped: 0.0000792 seconds, Stopping threads took: 0.0000189 seconds
[2019-12-08T12:03:14.620+0000][1][safepoint    ] Application time: 1.0000885 seconds
[2019-12-08T12:03:14.620+0000][1][safepoint    ] Entering safepoint region: Cleanup
[2019-12-08T12:03:14.620+0000][1][safepoint    ] Leaving safepoint region
[2019-12-08T12:03:14.620+0000][1][safepoint    ] Total time for which application threads were stopped: 0.0000745 seconds, Stopping threads took: 0.0000197 seconds
[2019-12-08T12:03:15.620+0000][1][safepoint    ] Application time: 1.0000778 seconds
[2019-12-08T12:03:15.620+0000][1][safepoint    ] Entering safepoint region: Cleanup
[2019-12-08T12:03:15.620+0000][1][safepoint    ] Leaving safepoint region
[2019-12-08T12:03:15.620+0000][1][safepoint    ] Total time for which application threads were stopped: 0.0000725 seconds, Stopping threads took: 0.0000194 seconds
[2019-12-08T12:03:16.620+0000][1][safepoint    ] Application time: 1.0000774 seconds
[2019-12-08T12:03:16.620+0000][1][safepoint    ] Entering safepoint region: Cleanup
[2019-12-08T12:03:16.620+0000][1][safepoint    ] Leaving safepoint region
[2019-12-08T12:03:16.620+0000][1][safepoint    ] Total time for which application threads were stopped: 0.0000726 seconds, Stopping threads took: 0.0000181 seconds
[2019-12-08T12:03:17.621+0000][1][safepoint    ] Application time: 1.0000762 seconds
[2019-12-08T12:03:17.621+0000][1][safepoint    ] Entering safepoint region: Cleanup
[2019-12-08T12:03:17.621+0000][1][safepoint    ] Leaving safepoint region
[2019-12-08T12:03:17.621+0000][1][safepoint    ] Total time for which application threads were stopped: 0.0000719 seconds, Stopping threads took: 0.0000187 seconds
[2019-12-08T12:03:18.621+0000][1][safepoint    ] Application time: 1.0001478 seconds
[2019-12-08T12:03:18.621+0000][1][safepoint    ] Entering safepoint region: Cleanup
[2019-12-08T12:03:18.621+0000][1][safepoint    ] Leaving safepoint region
[2019-12-08T12:03:18.621+0000][1][safepoint    ] Total time for which application threads were stopped: 0.0000809 seconds, Stopping threads took: 0.0000184 seconds
[2019-12-08T12:03:19.621+0000][1][safepoint    ] Application time: 1.0000999 seconds
[2019-12-08T12:03:19.621+0000][1][safepoint    ] Entering safepoint region: Cleanup
[2019-12-08T12:03:19.621+0000][1][safepoint    ] Leaving safepoint region
[2019-12-08T12:03:19.621+0000][1][safepoint    ] Total time for which application threads were stopped: 0.0000758 seconds, Stopping threads took: 0.0000200 seconds
[2019-12-08T12:03:20.621+0000][1][safepoint    ] Application time: 1.0000857 seconds
[2019-12-08T12:03:20.621+0000][1][safepoint    ] Entering safepoint region: Cleanup
[2019-12-08T12:03:20.621+0000][1][safepoint    ] Leaving safepoint region
[2019-12-08T12:03:20.621+0000][1][safepoint    ] Total time for which application threads were stopped: 0.0000728 seconds, Stopping threads took: 0.0000184 seconds
[2019-12-08T12:03:21.621+0000][1][safepoint    ] Application time: 1.0000812 seconds
[2019-12-08T12:03:21.621+0000][1][safepoint    ] Entering safepoint region: Cleanup
[2019-12-08T12:03:21.621+0000][1][safepoint    ] Leaving safepoint region
[2019-12-08T12:03:21.621+0000][1][safepoint    ] Total time for which application threads were stopped: 0.0000742 seconds, Stopping threads took: 0.0000186 seconds
[2019-12-08T12:03:22.622+0000][1][safepoint    ] Application time: 1.0000779 seconds
[2019-12-08T12:03:22.622+0000][1][safepoint    ] Entering safepoint region: Cleanup
[2019-12-08T12:03:22.622+0000][1][safepoint    ] Leaving safepoint region
[2019-12-08T12:03:22.622+0000][1][safepoint    ] Total time for which application threads were stopped: 0.0000841 seconds, Stopping threads took: 0.0000191 seconds
[2019-12-08T12:03:23.622+0000][1][safepoint    ] Application time: 1.0000896 seconds
[2019-12-08T12:03:23.622+0000][1][safepoint    ] Entering safepoint region: Cleanup
[2019-12-08T12:03:23.622+0000][1][safepoint    ] Leaving safepoint region
[2019-12-08T12:03:23.622+0000][1][safepoint    ] Total time for which application threads were stopped: 0.0000750 seconds, Stopping threads took: 0.0000194 seconds
[2019-12-08T12:03:24.622+0000][1][safepoint    ] Application time: 1.0000785 seconds
[2019-12-08T12:03:24.622+0000][1][safepoint    ] Entering safepoint region: Cleanup
[2019-12-08T12:03:24.622+0000][1][safepoint    ] Leaving safepoint region
[2019-12-08T12:03:24.622+0000][1][safepoint    ] Total time for which application threads were stopped: 0.0000874 seconds, Stopping threads took: 0.0000194 seconds
[2019-12-08T12:03:25.622+0000][1][safepoint    ] Application time: 1.0000791 seconds
[2019-12-08T12:03:25.622+0000][1][safepoint    ] Entering safepoint region: Cleanup
[2019-12-08T12:03:25.622+0000][1][safepoint    ] Leaving safepoint region
[2019-12-08T12:03:25.622+0000][1][safepoint    ] Total time for which application threads were stopped: 0.0000716 seconds, Stopping threads took: 0.0000183 seconds
[2019-12-08T12:03:26.622+0000][1][safepoint    ] Application time: 1.0000770 seconds
[2019-12-08T12:03:26.622+0000][1][safepoint    ] Entering safepoint region: Cleanup
[2019-12-08T12:03:26.622+0000][1][safepoint    ] Leaving safepoint region
[2019-12-08T12:03:26.622+0000][1][safepoint    ] Total time for which application threads were stopped: 0.0000695 seconds, Stopping threads took: 0.0000187 seconds
[2019-12-08T12:03:27.623+0000][1][safepoint    ] Application time: 1.0000789 seconds
[2019-12-08T12:03:27.623+0000][1][safepoint    ] Entering safepoint region: Cleanup
[2019-12-08T12:03:27.623+0000][1][safepoint    ] Leaving safepoint region
[2019-12-08T12:03:27.623+0000][1][safepoint    ] Total time for which application threads were stopped: 0.0000728 seconds, Stopping threads took: 0.0000196 seconds
[2019-12-08T12:03:28.623+0000][1][safepoint    ] Application time: 1.0000859 seconds
[2019-12-08T12:03:28.623+0000][1][safepoint    ] Entering safepoint region: Cleanup
[2019-12-08T12:03:28.623+0000][1][safepoint    ] Leaving safepoint region
[2019-12-08T12:03:28.623+0000][1][safepoint    ] Total time for which application threads were stopped: 0.0000749 seconds, Stopping threads took: 0.0000184 seconds
[2019-12-08T12:03:29.623+0000][1][safepoint    ] Application time: 1.0000771 seconds
[2019-12-08T12:03:29.623+0000][1][safepoint    ] Entering safepoint region: Cleanup
[2019-12-08T12:03:29.623+0000][1][safepoint    ] Leaving safepoint region
[2019-12-08T12:03:29.623+0000][1][safepoint    ] Total time for which application threads were stopped: 0.0000711 seconds, Stopping threads took: 0.0000184 seconds
[2019-12-08T12:03:30.623+0000][1][safepoint    ] Application time: 1.0000803 seconds
[2019-12-08T12:03:30.623+0000][1][safepoint    ] Entering safepoint region: Cleanup
[2019-12-08T12:03:30.623+0000][1][safepoint    ] Leaving safepoint region
[2019-12-08T12:03:30.623+0000][1][safepoint    ] Total time for which application threads were stopped: 0.0000742 seconds, Stopping threads took: 0.0000200 seconds
[2019-12-08T12:03:31.623+0000][1][safepoint    ] Application time: 1.0000773 seconds
[2019-12-08T12:03:31.623+0000][1][safepoint    ] Entering safepoint region: Cleanup
[2019-12-08T12:03:31.623+0000][1][safepoint    ] Leaving safepoint region
[2019-12-08T12:03:31.623+0000][1][safepoint    ] Total time for which application threads were stopped: 0.0000713 seconds, Stopping threads took: 0.0000183 seconds
[2019-12-08T12:03:32.623+0000][1][safepoint    ] Application time: 1.0000756 seconds
[2019-12-08T12:03:32.624+0000][1][safepoint    ] Entering safepoint region: Cleanup
[2019-12-08T12:03:32.624+0000][1][safepoint    ] Leaving safepoint region
[2019-12-08T12:03:32.624+0000][1][safepoint    ] Total time for which application threads were stopped: 0.0000716 seconds, Stopping threads took: 0.0000190 seconds
[2019-12-08T12:03:33.624+0000][1][safepoint    ] Application time: 1.0000978 seconds
[2019-12-08T12:03:33.624+0000][1][safepoint    ] Entering safepoint region: Cleanup
[2019-12-08T12:03:33.624+0000][1][safepoint    ] Leaving safepoint region
[2019-12-08T12:03:33.624+0000][1][safepoint    ] Total time for which application threads were stopped: 0.0000720 seconds, Stopping threads took: 0.0000187 seconds
[2019-12-08T12:03:33.628+0000][1][safepoint    ] Application time: 0.0040255 seconds
[2019-12-08T12:03:33.628+0000][1][safepoint    ] Entering safepoint region: GenCollectForAllocation
[2019-12-08T12:03:33.628+0000][1][gc,start     ] GC(37) Pause Young (Allocation Failure)
[2019-12-08T12:03:33.628+0000][1][gc,task      ] GC(37) Using 4 workers of 4 for evacuation
[2019-12-08T12:03:33.629+0000][1][gc,age       ] GC(37) Desired survivor size 4456448 bytes, new threshold 6 (max threshold 6)
[2019-12-08T12:03:33.629+0000][1][gc,age       ] GC(37) Age table with threshold 6 (max threshold 6)
[2019-12-08T12:03:33.629+0000][1][gc,age       ] GC(37) - age   1:       6240 bytes,       6240 total
[2019-12-08T12:03:33.629+0000][1][gc,age       ] GC(37) - age   2:        216 bytes,       6456 total
[2019-12-08T12:03:33.629+0000][1][gc,age       ] GC(37) - age   3:       1424 bytes,       7880 total
[2019-12-08T12:03:33.629+0000][1][gc,age       ] GC(37) - age   4:       1064 bytes,       8944 total
[2019-12-08T12:03:33.629+0000][1][gc,age       ] GC(37) - age   5:       1544 bytes,      10488 total
[2019-12-08T12:03:33.629+0000][1][gc,age       ] GC(37) - age   6:        440 bytes,      10928 total
[2019-12-08T12:03:33.629+0000][1][gc,heap      ] GC(37) ParNew: 69974K->16K(78656K)
[2019-12-08T12:03:33.629+0000][1][gc,heap      ] GC(37) CMS: 70149K->70152K(174784K)
[2019-12-08T12:03:33.629+0000][1][gc,metaspace ] GC(37) Metaspace: 69016K->69016K(1112064K)
[2019-12-08T12:03:33.629+0000][1][gc           ] GC(37) Pause Young (Allocation Failure) 136M->68M(247M) 1.006ms
[2019-12-08T12:03:33.629+0000][1][gc,cpu       ] GC(37) User=0.00s Sys=0.00s Real=0.00s
[2019-12-08T12:03:33.629+0000][1][safepoint    ] Leaving safepoint region
[2019-12-08T12:03:33.629+0000][1][safepoint    ] Total time for which application threads were stopped: 0.0011367 seconds, Stopping threads took: 0.0000137 seconds
[2019-12-08T12:03:34.629+0000][1][safepoint    ] Application time: 1.0000855 seconds
[2019-12-08T12:03:34.629+0000][1][safepoint    ] Entering safepoint region: Cleanup
[2019-12-08T12:03:34.629+0000][1][safepoint    ] Leaving safepoint region
[2019-12-08T12:03:34.629+0000][1][safepoint    ] Total time for which application threads were stopped: 0.0000699 seconds, Stopping threads took: 0.0000180 seconds
[2019-12-08T12:03:35.629+0000][1][safepoint    ] Application time: 1.0000759 seconds
[2019-12-08T12:03:35.629+0000][1][safepoint    ] Entering safepoint region: Cleanup
[2019-12-08T12:03:35.629+0000][1][safepoint    ] Leaving safepoint region
[2019-12-08T12:03:35.629+0000][1][safepoint    ] Total time for which application threads were stopped: 0.0000714 seconds, Stopping threads took: 0.0000187 seconds
[2019-12-08T12:03:36.629+0000][1][safepoint    ] Application time: 1.0000786 seconds
[2019-12-08T12:03:36.629+0000][1][safepoint    ] Entering safepoint region: Cleanup
[2019-12-08T12:03:36.630+0000][1][safepoint    ] Leaving safepoint region
[2019-12-08T12:03:36.630+0000][1][safepoint    ] Total time for which application threads were stopped: 0.0000781 seconds, Stopping threads took: 0.0000186 seconds
[2019-12-08T12:03:37.630+0000][1][safepoint    ] Application time: 1.0000733 seconds
[2019-12-08T12:03:37.630+0000][1][safepoint    ] Entering safepoint region: Cleanup
[2019-12-08T12:03:37.630+0000][1][safepoint    ] Leaving safepoint region
[2019-12-08T12:03:37.630+0000][1][safepoint    ] Total time for which application threads were stopped: 0.0000920 seconds, Stopping threads took: 0.0000353 seconds
[2019-12-08T12:03:38.630+0000][1][safepoint    ] Application time: 1.0000759 seconds
[2019-12-08T12:03:38.630+0000][1][safepoint    ] Entering safepoint region: Cleanup
[2019-12-08T12:03:38.630+0000][1][safepoint    ] Leaving safepoint region
[2019-12-08T12:03:38.630+0000][1][safepoint    ] Total time for which application threads were stopped: 0.0000772 seconds, Stopping threads took: 0.0000195 seconds
[2019-12-08T12:03:39.630+0000][1][safepoint    ] Application time: 1.0000796 seconds
[2019-12-08T12:03:39.630+0000][1][safepoint    ] Entering safepoint region: Cleanup
[2019-12-08T12:03:39.630+0000][1][safepoint    ] Leaving safepoint region
[2019-12-08T12:03:39.630+0000][1][safepoint    ] Total time for which application threads were stopped: 0.0000698 seconds, Stopping threads took: 0.0000187 seconds
[2019-12-08T12:03:40.630+0000][1][safepoint    ] Application time: 1.0000746 seconds
[2019-12-08T12:03:40.630+0000][1][safepoint    ] Entering safepoint region: Cleanup
[2019-12-08T12:03:40.630+0000][1][safepoint    ] Leaving safepoint region
[2019-12-08T12:03:40.630+0000][1][safepoint    ] Total time for which application threads were stopped: 0.0000675 seconds, Stopping threads took: 0.0000173 seconds
[2019-12-08T12:03:41.630+0000][1][safepoint    ] Application time: 1.0000750 seconds
[2019-12-08T12:03:41.630+0000][1][safepoint    ] Entering safepoint region: Cleanup
[2019-12-08T12:03:41.630+0000][1][safepoint    ] Leaving safepoint region
[2019-12-08T12:03:41.630+0000][1][safepoint    ] Total time for which application threads were stopped: 0.0000689 seconds, Stopping threads took: 0.0000173 seconds
[2019-12-08T12:03:42.631+0000][1][safepoint    ] Application time: 1.0000757 seconds
[2019-12-08T12:03:42.631+0000][1][safepoint    ] Entering safepoint region: Cleanup
[2019-12-08T12:03:42.631+0000][1][safepoint    ] Leaving safepoint region
[2019-12-08T12:03:42.631+0000][1][safepoint    ] Total time for which application threads were stopped: 0.0000704 seconds, Stopping threads took: 0.0000183 seconds
[2019-12-08T12:03:43.634+0000][1][safepoint    ] Application time: 1.0030419 seconds
[2019-12-08T12:03:43.634+0000][1][safepoint    ] Entering safepoint region: Cleanup
[2019-12-08T12:03:43.634+0000][1][safepoint    ] Leaving safepoint region
[2019-12-08T12:03:43.634+0000][1][safepoint    ] Total time for which application threads were stopped: 0.0000718 seconds, Stopping threads took: 0.0000169 seconds
[2019-12-08T12:03:44.634+0000][1][safepoint    ] Application time: 1.0000745 seconds
[2019-12-08T12:03:44.634+0000][1][safepoint    ] Entering safepoint region: Cleanup
[2019-12-08T12:03:44.634+0000][1][safepoint    ] Leaving safepoint region
[2019-12-08T12:03:44.634+0000][1][safepoint    ] Total time for which application threads were stopped: 0.0000757 seconds, Stopping threads took: 0.0000243 seconds
[2019-12-08T12:03:45.634+0000][1][safepoint    ] Application time: 1.0000782 seconds
[2019-12-08T12:03:45.634+0000][1][safepoint    ] Entering safepoint region: Cleanup
[2019-12-08T12:03:45.634+0000][1][safepoint    ] Leaving safepoint region
[2019-12-08T12:03:45.634+0000][1][safepoint    ] Total time for which application threads were stopped: 0.0001090 seconds, Stopping threads took: 0.0000375 seconds
[2019-12-08T12:03:46.634+0000][1][safepoint    ] Application time: 1.0000731 seconds
[2019-12-08T12:03:46.634+0000][1][safepoint    ] Entering safepoint region: Cleanup
[2019-12-08T12:03:46.634+0000][1][safepoint    ] Leaving safepoint region
[2019-12-08T12:03:46.634+0000][1][safepoint    ] Total time for which application threads were stopped: 0.0000723 seconds, Stopping threads took: 0.0000180 seconds
[2019-12-08T12:03:47.634+0000][1][safepoint    ] Application time: 1.0000769 seconds
[2019-12-08T12:03:47.635+0000][1][safepoint    ] Entering safepoint region: Cleanup
[2019-12-08T12:03:47.635+0000][1][safepoint    ] Leaving safepoint region
[2019-12-08T12:03:47.635+0000][1][safepoint    ] Total time for which application threads were stopped: 0.0000817 seconds, Stopping threads took: 0.0000179 seconds
[2019-12-08T12:03:48.635+0000][1][safepoint    ] Application time: 1.0000795 seconds
[2019-12-08T12:03:48.635+0000][1][safepoint    ] Entering safepoint region: Cleanup
[2019-12-08T12:03:48.635+0000][1][safepoint    ] Leaving safepoint region
[2019-12-08T12:03:48.635+0000][1][safepoint    ] Total time for which application threads were stopped: 0.0001346 seconds, Stopping threads took: 0.0000770 seconds
[2019-12-08T12:03:49.635+0000][1][safepoint    ] Application time: 1.0000952 seconds
[2019-12-08T12:03:49.635+0000][1][safepoint    ] Entering safepoint region: Cleanup
[2019-12-08T12:03:49.635+0000][1][safepoint    ] Leaving safepoint region
[2019-12-08T12:03:49.635+0000][1][safepoint    ] Total time for which application threads were stopped: 0.0000683 seconds, Stopping threads took: 0.0000164 seconds
[2019-12-08T12:03:50.635+0000][1][safepoint    ] Application time: 1.0000797 seconds
[2019-12-08T12:03:50.635+0000][1][safepoint    ] Entering safepoint region: Cleanup
[2019-12-08T12:03:50.635+0000][1][safepoint    ] Leaving safepoint region
[2019-12-08T12:03:50.635+0000][1][safepoint    ] Total time for which application threads were stopped: 0.0000674 seconds, Stopping threads took: 0.0000158 seconds
[2019-12-08T12:03:51.635+0000][1][safepoint    ] Application time: 1.0000820 seconds
[2019-12-08T12:03:51.635+0000][1][safepoint    ] Entering safepoint region: Cleanup
[2019-12-08T12:03:51.635+0000][1][safepoint    ] Leaving safepoint region
[2019-12-08T12:03:51.635+0000][1][safepoint    ] Total time for which application threads were stopped: 0.0000713 seconds, Stopping threads took: 0.0000195 seconds
[2019-12-08T12:03:52.636+0000][1][safepoint    ] Application time: 1.0000821 seconds
[2019-12-08T12:03:52.636+0000][1][safepoint    ] Entering safepoint region: Cleanup
[2019-12-08T12:03:52.636+0000][1][safepoint    ] Leaving safepoint region
[2019-12-08T12:03:52.636+0000][1][safepoint    ] Total time for which application threads were stopped: 0.0001000 seconds, Stopping threads took: 0.0000429 seconds
[2019-12-08T12:03:53.636+0000][1][safepoint    ] Application time: 1.0000963 seconds
[2019-12-08T12:03:53.636+0000][1][safepoint    ] Entering safepoint region: Cleanup
[2019-12-08T12:03:53.636+0000][1][safepoint    ] Leaving safepoint region
[2019-12-08T12:03:53.636+0000][1][safepoint    ] Total time for which application threads were stopped: 0.0001117 seconds, Stopping threads took: 0.0000507 seconds
[2019-12-08T12:03:54.636+0000][1][safepoint    ] Application time: 1.0000939 seconds
[2019-12-08T12:03:54.636+0000][1][safepoint    ] Entering safepoint region: Cleanup
[2019-12-08T12:03:54.636+0000][1][safepoint    ] Leaving safepoint region
[2019-12-08T12:03:54.636+0000][1][safepoint    ] Total time for which application threads were stopped: 0.0000699 seconds, Stopping threads took: 0.0000181 seconds
[2019-12-08T12:03:55.636+0000][1][safepoint    ] Application time: 1.0000797 seconds
[2019-12-08T12:03:55.636+0000][1][safepoint    ] Entering safepoint region: Cleanup
[2019-12-08T12:03:55.636+0000][1][safepoint    ] Leaving safepoint region
[2019-12-08T12:03:55.636+0000][1][safepoint    ] Total time for which application threads were stopped: 0.0000720 seconds, Stopping threads took: 0.0000176 seconds
[2019-12-08T12:03:56.636+0000][1][safepoint    ] Application time: 1.0000770 seconds
[2019-12-08T12:03:56.636+0000][1][safepoint    ] Entering safepoint region: Cleanup
[2019-12-08T12:03:56.636+0000][1][safepoint    ] Leaving safepoint region
[2019-12-08T12:03:56.636+0000][1][safepoint    ] Total time for which application threads were stopped: 0.0000650 seconds, Stopping threads took: 0.0000167 seconds
[2019-12-08T12:03:57.637+0000][1][safepoint    ] Application time: 1.0000794 seconds
[2019-12-08T12:03:57.637+0000][1][safepoint    ] Entering safepoint region: Cleanup
[2019-12-08T12:03:57.637+0000][1][safepoint    ] Leaving safepoint region
[2019-12-08T12:03:57.637+0000][1][safepoint    ] Total time for which application threads were stopped: 0.0000764 seconds, Stopping threads took: 0.0000175 seconds
[2019-12-08T12:03:58.637+0000][1][safepoint    ] Application time: 1.0000837 seconds
[2019-12-08T12:03:58.637+0000][1][safepoint    ] Entering safepoint region: Cleanup
[2019-12-08T12:03:58.637+0000][1][safepoint    ] Leaving safepoint region
[2019-12-08T12:03:58.637+0000][1][safepoint    ] Total time for which application threads were stopped: 0.0000994 seconds, Stopping threads took: 0.0000427 seconds
[2019-12-08T12:03:59.637+0000][1][safepoint    ] Application time: 1.0001029 seconds
[2019-12-08T12:03:59.637+0000][1][safepoint    ] Entering safepoint region: Cleanup
[2019-12-08T12:03:59.637+0000][1][safepoint    ] Leaving safepoint region
[2019-12-08T12:03:59.637+0000][1][safepoint    ] Total time for which application threads were stopped: 0.0000824 seconds, Stopping threads took: 0.0000273 seconds
[2019-12-08T12:04:00.637+0000][1][safepoint    ] Application time: 1.0001020 seconds
[2019-12-08T12:04:00.637+0000][1][safepoint    ] Entering safepoint region: Cleanup
[2019-12-08T12:04:00.637+0000][1][safepoint    ] Leaving safepoint region
[2019-12-08T12:04:00.637+0000][1][safepoint    ] Total time for which application threads were stopped: 0.0000732 seconds, Stopping threads took: 0.0000189 seconds
[2019-12-08T12:04:01.637+0000][1][safepoint    ] Application time: 1.0000941 seconds
[2019-12-08T12:04:01.637+0000][1][safepoint    ] Entering safepoint region: Cleanup
[2019-12-08T12:04:01.637+0000][1][safepoint    ] Leaving safepoint region
[2019-12-08T12:04:01.637+0000][1][safepoint    ] Total time for which application threads were stopped: 0.0000740 seconds, Stopping threads took: 0.0000186 seconds
[2019-12-08T12:04:02.638+0000][1][safepoint    ] Application time: 1.0000895 seconds
[2019-12-08T12:04:02.638+0000][1][safepoint    ] Entering safepoint region: Cleanup
[2019-12-08T12:04:02.638+0000][1][safepoint    ] Leaving safepoint region
[2019-12-08T12:04:02.638+0000][1][safepoint    ] Total time for which application threads were stopped: 0.0000758 seconds, Stopping threads took: 0.0000197 seconds
[2019-12-08T12:04:03.638+0000][1][safepoint    ] Application time: 1.0000880 seconds
[2019-12-08T12:04:03.638+0000][1][safepoint    ] Entering safepoint region: Cleanup
[2019-12-08T12:04:03.638+0000][1][safepoint    ] Leaving safepoint region
[2019-12-08T12:04:03.638+0000][1][safepoint    ] Total time for which application threads were stopped: 0.0000710 seconds, Stopping threads took: 0.0000179 seconds
[2019-12-08T12:04:04.638+0000][1][safepoint    ] Application time: 1.0000848 seconds
[2019-12-08T12:04:04.638+0000][1][safepoint    ] Entering safepoint region: Cleanup
[2019-12-08T12:04:04.638+0000][1][safepoint    ] Leaving safepoint region
[2019-12-08T12:04:04.638+0000][1][safepoint    ] Total time for which application threads were stopped: 0.0000751 seconds, Stopping threads took: 0.0000208 seconds
[2019-12-08T12:04:06.506+0000][1][safepoint    ] Application time: 1.8675778 seconds
[2019-12-08T12:04:06.506+0000][1][safepoint    ] Entering safepoint region: Cleanup
[2019-12-08T12:04:06.506+0000][1][safepoint    ] Leaving safepoint region
[2019-12-08T12:04:06.506+0000][1][safepoint    ] Total time for which application threads were stopped: 0.0000735 seconds, Stopping threads took: 0.0000201 seconds
[2019-12-08T12:04:07.506+0000][1][safepoint    ] Application time: 1.0000795 seconds
[2019-12-08T12:04:07.506+0000][1][safepoint    ] Entering safepoint region: Cleanup
[2019-12-08T12:04:07.506+0000][1][safepoint    ] Leaving safepoint region
[2019-12-08T12:04:07.506+0000][1][safepoint    ] Total time for which application threads were stopped: 0.0000737 seconds, Stopping threads took: 0.0000232 seconds
[2019-12-08T12:04:08.506+0000][1][safepoint    ] Application time: 1.0000824 seconds
[2019-12-08T12:04:08.506+0000][1][safepoint    ] Entering safepoint region: Cleanup
[2019-12-08T12:04:08.506+0000][1][safepoint    ] Leaving safepoint region
[2019-12-08T12:04:08.506+0000][1][safepoint    ] Total time for which application threads were stopped: 0.0000710 seconds, Stopping threads took: 0.0000177 seconds
[2019-12-08T12:04:09.506+0000][1][safepoint    ] Application time: 1.0000770 seconds
[2019-12-08T12:04:09.506+0000][1][safepoint    ] Entering safepoint region: Cleanup
[2019-12-08T12:04:09.506+0000][1][safepoint    ] Leaving safepoint region
[2019-12-08T12:04:09.506+0000][1][safepoint    ] Total time for which application threads were stopped: 0.0000721 seconds, Stopping threads took: 0.0000190 seconds
[2019-12-08T12:04:10.506+0000][1][safepoint    ] Application time: 1.0000748 seconds
[2019-12-08T12:04:10.506+0000][1][safepoint    ] Entering safepoint region: Cleanup
[2019-12-08T12:04:10.507+0000][1][safepoint    ] Leaving safepoint region
[2019-12-08T12:04:10.507+0000][1][safepoint    ] Total time for which application threads were stopped: 0.0000670 seconds, Stopping threads took: 0.0000166 seconds
[2019-12-08T12:04:11.507+0000][1][safepoint    ] Application time: 1.0000823 seconds
[2019-12-08T12:04:11.507+0000][1][safepoint    ] Entering safepoint region: Cleanup
[2019-12-08T12:04:11.507+0000][1][safepoint    ] Leaving safepoint region
[2019-12-08T12:04:11.507+0000][1][safepoint    ] Total time for which application threads were stopped: 0.0000831 seconds, Stopping threads took: 0.0000181 seconds
[2019-12-08T12:04:12.507+0000][1][safepoint    ] Application time: 1.0000793 seconds
[2019-12-08T12:04:12.507+0000][1][safepoint    ] Entering safepoint region: Cleanup
[2019-12-08T12:04:12.507+0000][1][safepoint    ] Leaving safepoint region
[2019-12-08T12:04:12.507+0000][1][safepoint    ] Total time for which application threads were stopped: 0.0000723 seconds, Stopping threads took: 0.0000172 seconds
[2019-12-08T12:04:13.507+0000][1][safepoint    ] Application time: 1.0000813 seconds
[2019-12-08T12:04:13.507+0000][1][safepoint    ] Entering safepoint region: Cleanup
[2019-12-08T12:04:13.507+0000][1][safepoint    ] Leaving safepoint region
[2019-12-08T12:04:13.507+0000][1][safepoint    ] Total time for which application threads were stopped: 0.0000744 seconds, Stopping threads took: 0.0000211 seconds
[2019-12-08T12:04:14.507+0000][1][safepoint    ] Application time: 1.0000815 seconds
[2019-12-08T12:04:14.507+0000][1][safepoint    ] Entering safepoint region: Cleanup
[2019-12-08T12:04:14.507+0000][1][safepoint    ] Leaving safepoint region
[2019-12-08T12:04:14.507+0000][1][safepoint    ] Total time for which application threads were stopped: 0.0000718 seconds, Stopping threads took: 0.0000183 seconds
[2019-12-08T12:04:15.507+0000][1][safepoint    ] Application time: 1.0000793 seconds
[2019-12-08T12:04:15.507+0000][1][safepoint    ] Entering safepoint region: Cleanup
[2019-12-08T12:04:15.507+0000][1][safepoint    ] Leaving safepoint region
[2019-12-08T12:04:15.507+0000][1][safepoint    ] Total time for which application threads were stopped: 0.0000712 seconds, Stopping threads took: 0.0000179 seconds
[2019-12-08T12:04:16.508+0000][1][safepoint    ] Application time: 1.0000751 seconds
[2019-12-08T12:04:16.508+0000][1][safepoint    ] Entering safepoint region: Cleanup
[2019-12-08T12:04:16.508+0000][1][safepoint    ] Leaving safepoint region
[2019-12-08T12:04:16.508+0000][1][safepoint    ] Total time for which application threads were stopped: 0.0000674 seconds, Stopping threads took: 0.0000169 seconds
[2019-12-08T12:04:17.508+0000][1][safepoint    ] Application time: 1.0000786 seconds
[2019-12-08T12:04:17.508+0000][1][safepoint    ] Entering safepoint region: Cleanup
[2019-12-08T12:04:17.508+0000][1][safepoint    ] Leaving safepoint region
[2019-12-08T12:04:17.508+0000][1][safepoint    ] Total time for which application threads were stopped: 0.0000696 seconds, Stopping threads took: 0.0000173 seconds
[2019-12-08T12:04:18.508+0000][1][safepoint    ] Application time: 1.0000753 seconds
[2019-12-08T12:04:18.508+0000][1][safepoint    ] Entering safepoint region: Cleanup
[2019-12-08T12:04:18.508+0000][1][safepoint    ] Leaving safepoint region
[2019-12-08T12:04:18.508+0000][1][safepoint    ] Total time for which application threads were stopped: 0.0000699 seconds, Stopping threads took: 0.0000176 seconds
[2019-12-08T12:04:19.508+0000][1][safepoint    ] Application time: 1.0000654 seconds
[2019-12-08T12:04:19.508+0000][1][safepoint    ] Entering safepoint region: Cleanup
[2019-12-08T12:04:19.508+0000][1][safepoint    ] Leaving safepoint region
[2019-12-08T12:04:19.508+0000][1][safepoint    ] Total time for which application threads were stopped: 0.0000716 seconds, Stopping threads took: 0.0000185 seconds
[2019-12-08T12:04:20.508+0000][1][safepoint    ] Application time: 1.0000796 seconds
[2019-12-08T12:04:20.508+0000][1][safepoint    ] Entering safepoint region: Cleanup
[2019-12-08T12:04:20.508+0000][1][safepoint    ] Leaving safepoint region
[2019-12-08T12:04:20.508+0000][1][safepoint    ] Total time for which application threads were stopped: 0.0000742 seconds, Stopping threads took: 0.0000179 seconds
[2019-12-08T12:04:21.508+0000][1][safepoint    ] Application time: 1.0000779 seconds
[2019-12-08T12:04:21.509+0000][1][safepoint    ] Entering safepoint region: Cleanup
[2019-12-08T12:04:21.509+0000][1][safepoint    ] Leaving safepoint region
[2019-12-08T12:04:21.509+0000][1][safepoint    ] Total time for which application threads were stopped: 0.0000727 seconds, Stopping threads took: 0.0000177 seconds
[2019-12-08T12:04:22.509+0000][1][safepoint    ] Application time: 1.0000759 seconds
[2019-12-08T12:04:22.509+0000][1][safepoint    ] Entering safepoint region: Cleanup
[2019-12-08T12:04:22.509+0000][1][safepoint    ] Leaving safepoint region
[2019-12-08T12:04:22.509+0000][1][safepoint    ] Total time for which application threads were stopped: 0.0000762 seconds, Stopping threads took: 0.0000195 seconds
[2019-12-08T12:04:23.647+0000][1][safepoint    ] Application time: 1.1384283 seconds
[2019-12-08T12:04:23.647+0000][1][safepoint    ] Entering safepoint region: Cleanup
[2019-12-08T12:04:23.647+0000][1][safepoint    ] Leaving safepoint region
[2019-12-08T12:04:23.647+0000][1][safepoint    ] Total time for which application threads were stopped: 0.0000698 seconds, Stopping threads took: 0.0000178 seconds
[2019-12-08T12:04:24.647+0000][1][safepoint    ] Application time: 1.0000793 seconds
[2019-12-08T12:04:24.647+0000][1][safepoint    ] Entering safepoint region: Cleanup
[2019-12-08T12:04:24.648+0000][1][safepoint    ] Leaving safepoint region
[2019-12-08T12:04:24.648+0000][1][safepoint    ] Total time for which application threads were stopped: 0.0000787 seconds, Stopping threads took: 0.0000290 seconds
[2019-12-08T12:04:25.648+0000][1][safepoint    ] Application time: 1.0000767 seconds
[2019-12-08T12:04:25.648+0000][1][safepoint    ] Entering safepoint region: Cleanup
[2019-12-08T12:04:25.648+0000][1][safepoint    ] Leaving safepoint region
[2019-12-08T12:04:25.648+0000][1][safepoint    ] Total time for which application threads were stopped: 0.0000756 seconds, Stopping threads took: 0.0000168 seconds
[2019-12-08T12:04:26.648+0000][1][safepoint    ] Application time: 1.0000766 seconds
[2019-12-08T12:04:26.648+0000][1][safepoint    ] Entering safepoint region: Cleanup
[2019-12-08T12:04:26.648+0000][1][safepoint    ] Leaving safepoint region
[2019-12-08T12:04:26.648+0000][1][safepoint    ] Total time for which application threads were stopped: 0.0000767 seconds, Stopping threads took: 0.0000172 seconds
[2019-12-08T12:04:27.648+0000][1][safepoint    ] Application time: 1.0000734 seconds
[2019-12-08T12:04:27.648+0000][1][safepoint    ] Entering safepoint region: Cleanup
[2019-12-08T12:04:27.648+0000][1][safepoint    ] Leaving safepoint region
[2019-12-08T12:04:27.648+0000][1][safepoint    ] Total time for which application threads were stopped: 0.0000678 seconds, Stopping threads took: 0.0000160 seconds
[2019-12-08T12:04:28.648+0000][1][safepoint    ] Application time: 1.0000796 seconds
[2019-12-08T12:04:28.648+0000][1][safepoint    ] Entering safepoint region: Cleanup
[2019-12-08T12:04:28.648+0000][1][safepoint    ] Leaving safepoint region
[2019-12-08T12:04:28.648+0000][1][safepoint    ] Total time for which application threads were stopped: 0.0000691 seconds, Stopping threads took: 0.0000215 seconds
[2019-12-08T12:04:29.648+0000][1][safepoint    ] Application time: 1.0000867 seconds
[2019-12-08T12:04:29.648+0000][1][safepoint    ] Entering safepoint region: Cleanup
[2019-12-08T12:04:29.648+0000][1][safepoint    ] Leaving safepoint region
[2019-12-08T12:04:29.648+0000][1][safepoint    ] Total time for which application threads were stopped: 0.0000739 seconds, Stopping threads took: 0.0000222 seconds
[2019-12-08T12:04:30.649+0000][1][safepoint    ] Application time: 1.0000861 seconds
[2019-12-08T12:04:30.649+0000][1][safepoint    ] Entering safepoint region: Cleanup
[2019-12-08T12:04:30.649+0000][1][safepoint    ] Leaving safepoint region
[2019-12-08T12:04:30.649+0000][1][safepoint    ] Total time for which application threads were stopped: 0.0001061 seconds, Stopping threads took: 0.0000507 seconds
[2019-12-08T12:04:31.649+0000][1][safepoint    ] Application time: 1.0000858 seconds
[2019-12-08T12:04:31.649+0000][1][safepoint    ] Entering safepoint region: Cleanup
[2019-12-08T12:04:31.649+0000][1][safepoint    ] Leaving safepoint region
[2019-12-08T12:04:31.649+0000][1][safepoint    ] Total time for which application threads were stopped: 0.0000927 seconds, Stopping threads took: 0.0000410 seconds
[2019-12-08T12:04:32.649+0000][1][safepoint    ] Application time: 1.0000885 seconds
[2019-12-08T12:04:32.649+0000][1][safepoint    ] Entering safepoint region: Cleanup
[2019-12-08T12:04:32.649+0000][1][safepoint    ] Leaving safepoint region
[2019-12-08T12:04:32.649+0000][1][safepoint    ] Total time for which application threads were stopped: 0.0000776 seconds, Stopping threads took: 0.0000227 seconds
[2019-12-08T12:04:33.649+0000][1][safepoint    ] Application time: 1.0000904 seconds
[2019-12-08T12:04:33.649+0000][1][safepoint    ] Entering safepoint region: Cleanup
[2019-12-08T12:04:33.649+0000][1][safepoint    ] Leaving safepoint region
[2019-12-08T12:04:33.649+0000][1][safepoint    ] Total time for which application threads were stopped: 0.0001110 seconds, Stopping threads took: 0.0000479 seconds
[2019-12-08T12:04:34.649+0000][1][safepoint    ] Application time: 1.0000905 seconds
[2019-12-08T12:04:34.649+0000][1][safepoint    ] Entering safepoint region: Cleanup
[2019-12-08T12:04:34.650+0000][1][safepoint    ] Leaving safepoint region
[2019-12-08T12:04:34.650+0000][1][safepoint    ] Total time for which application threads were stopped: 0.0000744 seconds, Stopping threads took: 0.0000189 seconds
[2019-12-08T12:04:35.650+0000][1][safepoint    ] Application time: 1.0000826 seconds
[2019-12-08T12:04:35.650+0000][1][safepoint    ] Entering safepoint region: Cleanup
[2019-12-08T12:04:35.650+0000][1][safepoint    ] Leaving safepoint region
[2019-12-08T12:04:35.650+0000][1][safepoint    ] Total time for which application threads were stopped: 0.0000845 seconds, Stopping threads took: 0.0000202 seconds
[2019-12-08T12:04:36.650+0000][1][safepoint    ] Application time: 1.0000816 seconds
[2019-12-08T12:04:36.650+0000][1][safepoint    ] Entering safepoint region: Cleanup
[2019-12-08T12:04:36.650+0000][1][safepoint    ] Leaving safepoint region
[2019-12-08T12:04:36.650+0000][1][safepoint    ] Total time for which application threads were stopped: 0.0000735 seconds, Stopping threads took: 0.0000189 seconds
[2019-12-08T12:04:37.650+0000][1][safepoint    ] Application time: 1.0000814 seconds
[2019-12-08T12:04:37.650+0000][1][safepoint    ] Entering safepoint region: Cleanup
[2019-12-08T12:04:37.650+0000][1][safepoint    ] Leaving safepoint region
[2019-12-08T12:04:37.650+0000][1][safepoint    ] Total time for which application threads were stopped: 0.0000739 seconds, Stopping threads took: 0.0000183 seconds
[2019-12-08T12:04:38.650+0000][1][safepoint    ] Application time: 1.0000873 seconds
[2019-12-08T12:04:38.650+0000][1][safepoint    ] Entering safepoint region: Cleanup
[2019-12-08T12:04:38.650+0000][1][safepoint    ] Leaving safepoint region
[2019-12-08T12:04:38.650+0000][1][safepoint    ] Total time for which application threads were stopped: 0.0001132 seconds, Stopping threads took: 0.0000479 seconds
[2019-12-08T12:04:39.650+0000][1][safepoint    ] Application time: 1.0000985 seconds
[2019-12-08T12:04:39.651+0000][1][safepoint    ] Entering safepoint region: Cleanup
[2019-12-08T12:04:39.651+0000][1][safepoint    ] Leaving safepoint region
[2019-12-08T12:04:39.651+0000][1][safepoint    ] Total time for which application threads were stopped: 0.0000764 seconds, Stopping threads took: 0.0000205 seconds
[2019-12-08T12:04:40.651+0000][1][safepoint    ] Application time: 1.0001131 seconds
[2019-12-08T12:04:40.651+0000][1][safepoint    ] Entering safepoint region: Cleanup
[2019-12-08T12:04:40.651+0000][1][safepoint    ] Leaving safepoint region
[2019-12-08T12:04:40.651+0000][1][safepoint    ] Total time for which application threads were stopped: 0.0000755 seconds, Stopping threads took: 0.0000188 seconds
[2019-12-08T12:04:41.651+0000][1][safepoint    ] Application time: 1.0001067 seconds
[2019-12-08T12:04:41.651+0000][1][safepoint    ] Entering safepoint region: Cleanup
[2019-12-08T12:04:41.651+0000][1][safepoint    ] Leaving safepoint region
[2019-12-08T12:04:41.651+0000][1][safepoint    ] Total time for which application threads were stopped: 0.0000749 seconds, Stopping threads took: 0.0000195 seconds
[2019-12-08T12:04:43.453+0000][1][safepoint    ] Application time: 1.8016835 seconds
[2019-12-08T12:04:43.453+0000][1][safepoint    ] Entering safepoint region: Cleanup
[2019-12-08T12:04:43.453+0000][1][safepoint    ] Leaving safepoint region
[2019-12-08T12:04:43.453+0000][1][safepoint    ] Total time for which application threads were stopped: 0.0000711 seconds, Stopping threads took: 0.0000183 seconds
[2019-12-08T12:04:44.453+0000][1][safepoint    ] Application time: 1.0000820 seconds
[2019-12-08T12:04:44.453+0000][1][safepoint    ] Entering safepoint region: Cleanup
[2019-12-08T12:04:44.453+0000][1][safepoint    ] Leaving safepoint region
[2019-12-08T12:04:44.453+0000][1][safepoint    ] Total time for which application threads were stopped: 0.0000846 seconds, Stopping threads took: 0.0000203 seconds
[2019-12-08T12:04:45.453+0000][1][safepoint    ] Application time: 1.0000834 seconds
[2019-12-08T12:04:45.453+0000][1][safepoint    ] Entering safepoint region: Cleanup
[2019-12-08T12:04:45.453+0000][1][safepoint    ] Leaving safepoint region
[2019-12-08T12:04:45.453+0000][1][safepoint    ] Total time for which application threads were stopped: 0.0000758 seconds, Stopping threads took: 0.0000196 seconds
[2019-12-08T12:04:46.453+0000][1][safepoint    ] Application time: 1.0000802 seconds
[2019-12-08T12:04:46.453+0000][1][safepoint    ] Entering safepoint region: Cleanup
[2019-12-08T12:04:46.453+0000][1][safepoint    ] Leaving safepoint region
[2019-12-08T12:04:46.453+0000][1][safepoint    ] Total time for which application threads were stopped: 0.0000888 seconds, Stopping threads took: 0.0000268 seconds
[2019-12-08T12:04:47.454+0000][1][safepoint    ] Application time: 1.0000814 seconds
[2019-12-08T12:04:47.454+0000][1][safepoint    ] Entering safepoint region: Cleanup
[2019-12-08T12:04:47.454+0000][1][safepoint    ] Leaving safepoint region
[2019-12-08T12:04:47.454+0000][1][safepoint    ] Total time for which application threads were stopped: 0.0001056 seconds, Stopping threads took: 0.0000193 seconds
[2019-12-08T12:04:48.454+0000][1][safepoint    ] Application time: 1.0000915 seconds
[2019-12-08T12:04:48.454+0000][1][safepoint    ] Entering safepoint region: Cleanup
[2019-12-08T12:04:48.454+0000][1][safepoint    ] Leaving safepoint region
[2019-12-08T12:04:48.454+0000][1][safepoint    ] Total time for which application threads were stopped: 0.0000766 seconds, Stopping threads took: 0.0000211 seconds
[2019-12-08T12:04:49.454+0000][1][safepoint    ] Application time: 1.0000914 seconds
[2019-12-08T12:04:49.454+0000][1][safepoint    ] Entering safepoint region: Cleanup
[2019-12-08T12:04:49.454+0000][1][safepoint    ] Leaving safepoint region
[2019-12-08T12:04:49.454+0000][1][safepoint    ] Total time for which application threads were stopped: 0.0000783 seconds, Stopping threads took: 0.0000210 seconds
[2019-12-08T12:04:50.454+0000][1][safepoint    ] Application time: 1.0000869 seconds
[2019-12-08T12:04:50.454+0000][1][safepoint    ] Entering safepoint region: Cleanup
[2019-12-08T12:04:50.454+0000][1][safepoint    ] Leaving safepoint region
[2019-12-08T12:04:50.454+0000][1][safepoint    ] Total time for which application threads were stopped: 0.0000755 seconds, Stopping threads took: 0.0000199 seconds
[2019-12-08T12:04:51.454+0000][1][safepoint    ] Application time: 1.0000838 seconds
[2019-12-08T12:04:51.455+0000][1][safepoint    ] Entering safepoint region: Cleanup
[2019-12-08T12:04:51.455+0000][1][safepoint    ] Leaving safepoint region
[2019-12-08T12:04:51.455+0000][1][safepoint    ] Total time for which application threads were stopped: 0.0000777 seconds, Stopping threads took: 0.0000198 seconds
[2019-12-08T12:04:52.455+0000][1][safepoint    ] Application time: 1.0000767 seconds
[2019-12-08T12:04:52.455+0000][1][safepoint    ] Entering safepoint region: Cleanup
[2019-12-08T12:04:52.455+0000][1][safepoint    ] Leaving safepoint region
[2019-12-08T12:04:52.455+0000][1][safepoint    ] Total time for which application threads were stopped: 0.0000771 seconds, Stopping threads took: 0.0000223 seconds
[2019-12-08T12:04:53.455+0000][1][safepoint    ] Application time: 1.0000777 seconds
[2019-12-08T12:04:53.455+0000][1][safepoint    ] Entering safepoint region: Cleanup
[2019-12-08T12:04:53.455+0000][1][safepoint    ] Leaving safepoint region
[2019-12-08T12:04:53.455+0000][1][safepoint    ] Total time for which application threads were stopped: 0.0000758 seconds, Stopping threads took: 0.0000209 seconds
[2019-12-08T12:04:54.455+0000][1][safepoint    ] Application time: 1.0000771 seconds
[2019-12-08T12:04:54.455+0000][1][safepoint    ] Entering safepoint region: Cleanup
[2019-12-08T12:04:54.455+0000][1][safepoint    ] Leaving safepoint region
[2019-12-08T12:04:54.455+0000][1][safepoint    ] Total time for which application threads were stopped: 0.0000763 seconds, Stopping threads took: 0.0000212 seconds
[2019-12-08T12:04:55.455+0000][1][safepoint    ] Application time: 1.0000846 seconds
[2019-12-08T12:04:55.455+0000][1][safepoint    ] Entering safepoint region: Cleanup
[2019-12-08T12:04:55.455+0000][1][safepoint    ] Leaving safepoint region
[2019-12-08T12:04:55.455+0000][1][safepoint    ] Total time for which application threads were stopped: 0.0000757 seconds, Stopping threads took: 0.0000206 seconds
[2019-12-08T12:04:56.455+0000][1][safepoint    ] Application time: 1.0000766 seconds
[2019-12-08T12:04:56.456+0000][1][safepoint    ] Entering safepoint region: Cleanup
[2019-12-08T12:04:56.456+0000][1][safepoint    ] Leaving safepoint region
[2019-12-08T12:04:56.456+0000][1][safepoint    ] Total time for which application threads were stopped: 0.0000741 seconds, Stopping threads took: 0.0000195 seconds
[2019-12-08T12:04:57.456+0000][1][safepoint    ] Application time: 1.0000769 seconds
[2019-12-08T12:04:57.456+0000][1][safepoint    ] Entering safepoint region: Cleanup
[2019-12-08T12:04:57.456+0000][1][safepoint    ] Leaving safepoint region
[2019-12-08T12:04:57.456+0000][1][safepoint    ] Total time for which application threads were stopped: 0.0000782 seconds, Stopping threads took: 0.0000233 seconds
[2019-12-08T12:04:58.456+0000][1][safepoint    ] Application time: 1.0000795 seconds
[2019-12-08T12:04:58.456+0000][1][safepoint    ] Entering safepoint region: Cleanup
[2019-12-08T12:04:58.456+0000][1][safepoint    ] Leaving safepoint region
[2019-12-08T12:04:58.456+0000][1][safepoint    ] Total time for which application threads were stopped: 0.0000731 seconds, Stopping threads took: 0.0000190 seconds
[2019-12-08T12:04:59.456+0000][1][safepoint    ] Application time: 1.0000781 seconds
[2019-12-08T12:04:59.456+0000][1][safepoint    ] Entering safepoint region: Cleanup
[2019-12-08T12:04:59.456+0000][1][safepoint    ] Leaving safepoint region
[2019-12-08T12:04:59.456+0000][1][safepoint    ] Total time for which application threads were stopped: 0.0000835 seconds, Stopping threads took: 0.0000267 seconds
[2019-12-08T12:05:00.456+0000][1][safepoint    ] Application time: 1.0000761 seconds
[2019-12-08T12:05:00.456+0000][1][safepoint    ] Entering safepoint region: Cleanup
[2019-12-08T12:05:00.456+0000][1][safepoint    ] Leaving safepoint region
[2019-12-08T12:05:00.456+0000][1][safepoint    ] Total time for which application threads were stopped: 0.0000758 seconds, Stopping threads took: 0.0000206 seconds
[2019-12-08T12:05:01.456+0000][1][safepoint    ] Application time: 1.0000778 seconds
[2019-12-08T12:05:01.457+0000][1][safepoint    ] Entering safepoint region: Cleanup
[2019-12-08T12:05:01.457+0000][1][safepoint    ] Leaving safepoint region
[2019-12-08T12:05:01.457+0000][1][safepoint    ] Total time for which application threads were stopped: 0.0000765 seconds, Stopping threads took: 0.0000213 seconds
[2019-12-08T12:05:02.457+0000][1][safepoint    ] Application time: 1.0000815 seconds
[2019-12-08T12:05:02.457+0000][1][safepoint    ] Entering safepoint region: Cleanup
[2019-12-08T12:05:02.457+0000][1][safepoint    ] Leaving safepoint region
[2019-12-08T12:05:02.457+0000][1][safepoint    ] Total time for which application threads were stopped: 0.0000774 seconds, Stopping threads took: 0.0000211 seconds
[2019-12-08T12:05:03.457+0000][1][safepoint    ] Application time: 1.0001020 seconds
[2019-12-08T12:05:03.457+0000][1][safepoint    ] Entering safepoint region: Cleanup
[2019-12-08T12:05:03.457+0000][1][safepoint    ] Leaving safepoint region
[2019-12-08T12:05:03.457+0000][1][safepoint    ] Total time for which application threads were stopped: 0.0000759 seconds, Stopping threads took: 0.0000196 seconds
[2019-12-08T12:05:04.457+0000][1][safepoint    ] Application time: 1.0000813 seconds
[2019-12-08T12:05:04.457+0000][1][safepoint    ] Entering safepoint region: Cleanup
[2019-12-08T12:05:04.457+0000][1][safepoint    ] Leaving safepoint region
[2019-12-08T12:05:04.457+0000][1][safepoint    ] Total time for which application threads were stopped: 0.0000738 seconds, Stopping threads took: 0.0000191 seconds
[2019-12-08T12:05:05.457+0000][1][safepoint    ] Application time: 1.0000827 seconds
[2019-12-08T12:05:05.457+0000][1][safepoint    ] Entering safepoint region: Cleanup
[2019-12-08T12:05:05.457+0000][1][safepoint    ] Leaving safepoint region
[2019-12-08T12:05:05.457+0000][1][safepoint    ] Total time for which application threads were stopped: 0.0000771 seconds, Stopping threads took: 0.0000190 seconds
[2019-12-08T12:05:06.458+0000][1][safepoint    ] Application time: 1.0000800 seconds
[2019-12-08T12:05:06.458+0000][1][safepoint    ] Entering safepoint region: Cleanup
[2019-12-08T12:05:06.458+0000][1][safepoint    ] Leaving safepoint region
[2019-12-08T12:05:06.458+0000][1][safepoint    ] Total time for which application threads were stopped: 0.0000797 seconds, Stopping threads took: 0.0000194 seconds
[2019-12-08T12:05:07.458+0000][1][safepoint    ] Application time: 1.0000767 seconds
[2019-12-08T12:05:07.458+0000][1][safepoint    ] Entering safepoint region: Cleanup
[2019-12-08T12:05:07.458+0000][1][safepoint    ] Leaving safepoint region
[2019-12-08T12:05:07.458+0000][1][safepoint    ] Total time for which application threads were stopped: 0.0000801 seconds, Stopping threads took: 0.0000260 seconds
[2019-12-08T12:05:08.458+0000][1][safepoint    ] Application time: 1.0000792 seconds
[2019-12-08T12:05:08.458+0000][1][safepoint    ] Entering safepoint region: Cleanup
[2019-12-08T12:05:08.458+0000][1][safepoint    ] Leaving safepoint region
[2019-12-08T12:05:08.458+0000][1][safepoint    ] Total time for which application threads were stopped: 0.0000758 seconds, Stopping threads took: 0.0000190 seconds
[2019-12-08T12:05:09.458+0000][1][safepoint    ] Application time: 1.0000797 seconds
[2019-12-08T12:05:09.458+0000][1][safepoint    ] Entering safepoint region: Cleanup
[2019-12-08T12:05:09.458+0000][1][safepoint    ] Leaving safepoint region
[2019-12-08T12:05:09.458+0000][1][safepoint    ] Total time for which application threads were stopped: 0.0000735 seconds, Stopping threads took: 0.0000190 seconds
[2019-12-08T12:05:10.458+0000][1][safepoint    ] Application time: 1.0000786 seconds
[2019-12-08T12:05:10.458+0000][1][safepoint    ] Entering safepoint region: Cleanup
[2019-12-08T12:05:10.458+0000][1][safepoint    ] Leaving safepoint region
[2019-12-08T12:05:10.458+0000][1][safepoint    ] Total time for which application threads were stopped: 0.0000725 seconds, Stopping threads took: 0.0000186 seconds
[2019-12-08T12:05:11.458+0000][1][safepoint    ] Application time: 1.0000769 seconds
[2019-12-08T12:05:11.459+0000][1][safepoint    ] Entering safepoint region: Cleanup
[2019-12-08T12:05:11.459+0000][1][safepoint    ] Leaving safepoint region
[2019-12-08T12:05:11.459+0000][1][safepoint    ] Total time for which application threads were stopped: 0.0000748 seconds, Stopping threads took: 0.0000196 seconds
[2019-12-08T12:05:12.459+0000][1][safepoint    ] Application time: 1.0000946 seconds
[2019-12-08T12:05:12.459+0000][1][safepoint    ] Entering safepoint region: Cleanup
[2019-12-08T12:05:12.459+0000][1][safepoint    ] Leaving safepoint region
[2019-12-08T12:05:12.459+0000][1][safepoint    ] Total time for which application threads were stopped: 0.0000762 seconds, Stopping threads took: 0.0000197 seconds
[2019-12-08T12:05:13.459+0000][1][safepoint    ] Application time: 1.0000774 seconds
[2019-12-08T12:05:13.459+0000][1][safepoint    ] Entering safepoint region: Cleanup
[2019-12-08T12:05:13.459+0000][1][safepoint    ] Leaving safepoint region
[2019-12-08T12:05:13.459+0000][1][safepoint    ] Total time for which application threads were stopped: 0.0000762 seconds, Stopping threads took: 0.0000209 seconds
[2019-12-08T12:05:14.459+0000][1][safepoint    ] Application time: 1.0000839 seconds
[2019-12-08T12:05:14.459+0000][1][safepoint    ] Entering safepoint region: Cleanup
[2019-12-08T12:05:14.459+0000][1][safepoint    ] Leaving safepoint region
[2019-12-08T12:05:14.459+0000][1][safepoint    ] Total time for which application threads were stopped: 0.0000761 seconds, Stopping threads took: 0.0000196 seconds
[2019-12-08T12:05:15.459+0000][1][safepoint    ] Application time: 1.0000800 seconds
[2019-12-08T12:05:15.459+0000][1][safepoint    ] Entering safepoint region: Cleanup
[2019-12-08T12:05:15.459+0000][1][safepoint    ] Leaving safepoint region
[2019-12-08T12:05:15.459+0000][1][safepoint    ] Total time for which application threads were stopped: 0.0000765 seconds, Stopping threads took: 0.0000197 seconds
[2019-12-08T12:05:16.460+0000][1][safepoint    ] Application time: 1.0000777 seconds
[2019-12-08T12:05:16.460+0000][1][safepoint    ] Entering safepoint region: Cleanup
[2019-12-08T12:05:16.460+0000][1][safepoint    ] Leaving safepoint region
[2019-12-08T12:05:16.460+0000][1][safepoint    ] Total time for which application threads were stopped: 0.0000757 seconds, Stopping threads took: 0.0000202 seconds
[2019-12-08T12:05:17.460+0000][1][safepoint    ] Application time: 1.0000803 seconds
[2019-12-08T12:05:17.460+0000][1][safepoint    ] Entering safepoint region: Cleanup
[2019-12-08T12:05:17.460+0000][1][safepoint    ] Leaving safepoint region
[2019-12-08T12:05:17.460+0000][1][safepoint    ] Total time for which application threads were stopped: 0.0000725 seconds, Stopping threads took: 0.0000183 seconds
[2019-12-08T12:05:18.460+0000][1][safepoint    ] Application time: 1.0000806 seconds
[2019-12-08T12:05:18.460+0000][1][safepoint    ] Entering safepoint region: Cleanup
[2019-12-08T12:05:18.460+0000][1][safepoint    ] Leaving safepoint region
[2019-12-08T12:05:18.460+0000][1][safepoint    ] Total time for which application threads were stopped: 0.0000831 seconds, Stopping threads took: 0.0000193 seconds
[2019-12-08T12:05:19.460+0000][1][safepoint    ] Application time: 1.0000877 seconds
[2019-12-08T12:05:19.460+0000][1][safepoint    ] Entering safepoint region: Cleanup
[2019-12-08T12:05:19.460+0000][1][safepoint    ] Leaving safepoint region
[2019-12-08T12:05:19.460+0000][1][safepoint    ] Total time for which application threads were stopped: 0.0000766 seconds, Stopping threads took: 0.0000203 seconds
[2019-12-08T12:05:20.460+0000][1][safepoint    ] Application time: 1.0000900 seconds
[2019-12-08T12:05:20.460+0000][1][safepoint    ] Entering safepoint region: Cleanup
[2019-12-08T12:05:20.460+0000][1][safepoint    ] Leaving safepoint region
[2019-12-08T12:05:20.460+0000][1][safepoint    ] Total time for which application threads were stopped: 0.0000755 seconds, Stopping threads took: 0.0000198 seconds
[2019-12-08T12:05:21.461+0000][1][safepoint    ] Application time: 1.0000858 seconds
[2019-12-08T12:05:21.461+0000][1][safepoint    ] Entering safepoint region: Cleanup
[2019-12-08T12:05:21.461+0000][1][safepoint    ] Leaving safepoint region
[2019-12-08T12:05:21.461+0000][1][safepoint    ] Total time for which application threads were stopped: 0.0000763 seconds, Stopping threads took: 0.0000199 seconds
[2019-12-08T12:05:22.461+0000][1][safepoint    ] Application time: 1.0000783 seconds
[2019-12-08T12:05:22.461+0000][1][safepoint    ] Entering safepoint region: Cleanup
[2019-12-08T12:05:22.461+0000][1][safepoint    ] Leaving safepoint region
[2019-12-08T12:05:22.461+0000][1][safepoint    ] Total time for which application threads were stopped: 0.0000769 seconds, Stopping threads took: 0.0000196 seconds
[2019-12-08T12:05:23.461+0000][1][safepoint    ] Application time: 1.0000752 seconds
[2019-12-08T12:05:23.461+0000][1][safepoint    ] Entering safepoint region: Cleanup
[2019-12-08T12:05:23.461+0000][1][safepoint    ] Leaving safepoint region
[2019-12-08T12:05:23.461+0000][1][safepoint    ] Total time for which application threads were stopped: 0.0000760 seconds, Stopping threads took: 0.0000208 seconds
[2019-12-08T12:05:24.461+0000][1][safepoint    ] Application time: 1.0000893 seconds
[2019-12-08T12:05:24.461+0000][1][safepoint    ] Entering safepoint region: Cleanup
[2019-12-08T12:05:24.461+0000][1][safepoint    ] Leaving safepoint region
[2019-12-08T12:05:24.461+0000][1][safepoint    ] Total time for which application threads were stopped: 0.0000770 seconds, Stopping threads took: 0.0000211 seconds
[2019-12-08T12:05:25.461+0000][1][safepoint    ] Application time: 1.0000777 seconds
[2019-12-08T12:05:25.461+0000][1][safepoint    ] Entering safepoint region: Cleanup
[2019-12-08T12:05:25.461+0000][1][safepoint    ] Leaving safepoint region
[2019-12-08T12:05:25.461+0000][1][safepoint    ] Total time for which application threads were stopped: 0.0000741 seconds, Stopping threads took: 0.0000196 seconds
[2019-12-08T12:05:26.462+0000][1][safepoint    ] Application time: 1.0000817 seconds
[2019-12-08T12:05:26.462+0000][1][safepoint    ] Entering safepoint region: Cleanup
[2019-12-08T12:05:26.462+0000][1][safepoint    ] Leaving safepoint region
[2019-12-08T12:05:26.462+0000][1][safepoint    ] Total time for which application threads were stopped: 0.0000772 seconds, Stopping threads took: 0.0000194 seconds
[2019-12-08T12:05:27.462+0000][1][safepoint    ] Application time: 1.0000946 seconds
[2019-12-08T12:05:27.462+0000][1][safepoint    ] Entering safepoint region: Cleanup
[2019-12-08T12:05:27.462+0000][1][safepoint    ] Leaving safepoint region
[2019-12-08T12:05:27.462+0000][1][safepoint    ] Total time for which application threads were stopped: 0.0000768 seconds, Stopping threads took: 0.0000204 seconds
[2019-12-08T12:05:28.462+0000][1][safepoint    ] Application time: 1.0000781 seconds
[2019-12-08T12:05:28.462+0000][1][safepoint    ] Entering safepoint region: Cleanup
[2019-12-08T12:05:28.462+0000][1][safepoint    ] Leaving safepoint region
[2019-12-08T12:05:28.462+0000][1][safepoint    ] Total time for which application threads were stopped: 0.0000733 seconds, Stopping threads took: 0.0000188 seconds
[2019-12-08T12:05:29.462+0000][1][safepoint    ] Application time: 1.0000894 seconds
[2019-12-08T12:05:29.462+0000][1][safepoint    ] Entering safepoint region: Cleanup
[2019-12-08T12:05:29.462+0000][1][safepoint    ] Leaving safepoint region
[2019-12-08T12:05:29.462+0000][1][safepoint    ] Total time for which application threads were stopped: 0.0000748 seconds, Stopping threads took: 0.0000191 seconds
[2019-12-08T12:05:30.462+0000][1][safepoint    ] Application time: 1.0000790 seconds
[2019-12-08T12:05:30.462+0000][1][safepoint    ] Entering safepoint region: Cleanup
[2019-12-08T12:05:30.462+0000][1][safepoint    ] Leaving safepoint region
[2019-12-08T12:05:30.462+0000][1][safepoint    ] Total time for which application threads were stopped: 0.0000735 seconds, Stopping threads took: 0.0000186 seconds
[2019-12-08T12:05:31.463+0000][1][safepoint    ] Application time: 1.0000864 seconds
[2019-12-08T12:05:31.463+0000][1][safepoint    ] Entering safepoint region: Cleanup
[2019-12-08T12:05:31.463+0000][1][safepoint    ] Leaving safepoint region
[2019-12-08T12:05:31.463+0000][1][safepoint    ] Total time for which application threads were stopped: 0.0000858 seconds, Stopping threads took: 0.0000209 seconds
[2019-12-08T12:05:32.463+0000][1][safepoint    ] Application time: 1.0000836 seconds
[2019-12-08T12:05:32.463+0000][1][safepoint    ] Entering safepoint region: Cleanup
[2019-12-08T12:05:32.463+0000][1][safepoint    ] Leaving safepoint region
[2019-12-08T12:05:32.463+0000][1][safepoint    ] Total time for which application threads were stopped: 0.0000771 seconds, Stopping threads took: 0.0000200 seconds
[2019-12-08T12:05:33.463+0000][1][safepoint    ] Application time: 1.0000796 seconds
[2019-12-08T12:05:33.463+0000][1][safepoint    ] Entering safepoint region: Cleanup
[2019-12-08T12:05:33.463+0000][1][safepoint    ] Leaving safepoint region
[2019-12-08T12:05:33.463+0000][1][safepoint    ] Total time for which application threads were stopped: 0.0000751 seconds, Stopping threads took: 0.0000197 seconds
[2019-12-08T12:05:34.463+0000][1][safepoint    ] Application time: 1.0000805 seconds
[2019-12-08T12:05:34.463+0000][1][safepoint    ] Entering safepoint region: Cleanup
[2019-12-08T12:05:34.463+0000][1][safepoint    ] Leaving safepoint region
[2019-12-08T12:05:34.463+0000][1][safepoint    ] Total time for which application threads were stopped: 0.0000734 seconds, Stopping threads took: 0.0000198 seconds
[2019-12-08T12:05:35.463+0000][1][safepoint    ] Application time: 1.0000811 seconds
[2019-12-08T12:05:35.463+0000][1][safepoint    ] Entering safepoint region: Cleanup
[2019-12-08T12:05:35.463+0000][1][safepoint    ] Leaving safepoint region
[2019-12-08T12:05:35.464+0000][1][safepoint    ] Total time for which application threads were stopped: 0.0000766 seconds, Stopping threads took: 0.0000209 seconds
[2019-12-08T12:05:36.464+0000][1][safepoint    ] Application time: 1.0000804 seconds
[2019-12-08T12:05:36.464+0000][1][safepoint    ] Entering safepoint region: Cleanup
[2019-12-08T12:05:36.464+0000][1][safepoint    ] Leaving safepoint region
[2019-12-08T12:05:36.464+0000][1][safepoint    ] Total time for which application threads were stopped: 0.0000898 seconds, Stopping threads took: 0.0000189 seconds
[2019-12-08T12:05:37.464+0000][1][safepoint    ] Application time: 1.0000794 seconds
[2019-12-08T12:05:37.464+0000][1][safepoint    ] Entering safepoint region: Cleanup
[2019-12-08T12:05:37.464+0000][1][safepoint    ] Leaving safepoint region
[2019-12-08T12:05:37.464+0000][1][safepoint    ] Total time for which application threads were stopped: 0.0000766 seconds, Stopping threads took: 0.0000200 seconds
[2019-12-08T12:05:38.464+0000][1][safepoint    ] Application time: 1.0000802 seconds
[2019-12-08T12:05:38.464+0000][1][safepoint    ] Entering safepoint region: Cleanup
[2019-12-08T12:05:38.464+0000][1][safepoint    ] Leaving safepoint region
[2019-12-08T12:05:38.464+0000][1][safepoint    ] Total time for which application threads were stopped: 0.0000756 seconds, Stopping threads took: 0.0000200 seconds
[2019-12-08T12:05:39.464+0000][1][safepoint    ] Application time: 1.0000745 seconds
[2019-12-08T12:05:39.464+0000][1][safepoint    ] Entering safepoint region: Cleanup
[2019-12-08T12:05:39.464+0000][1][safepoint    ] Leaving safepoint region
[2019-12-08T12:05:39.464+0000][1][safepoint    ] Total time for which application threads were stopped: 0.0000753 seconds, Stopping threads took: 0.0000194 seconds
[2019-12-08T12:05:40.464+0000][1][safepoint    ] Application time: 1.0000776 seconds
[2019-12-08T12:05:40.464+0000][1][safepoint    ] Entering safepoint region: Cleanup
[2019-12-08T12:05:40.465+0000][1][safepoint    ] Leaving safepoint region
[2019-12-08T12:05:40.465+0000][1][safepoint    ] Total time for which application threads were stopped: 0.0000726 seconds, Stopping threads took: 0.0000194 seconds
[2019-12-08T12:05:41.465+0000][1][safepoint    ] Application time: 1.0000837 seconds
[2019-12-08T12:05:41.465+0000][1][safepoint    ] Entering safepoint region: Cleanup
[2019-12-08T12:05:41.465+0000][1][safepoint    ] Leaving safepoint region
[2019-12-08T12:05:41.465+0000][1][safepoint    ] Total time for which application threads were stopped: 0.0000948 seconds, Stopping threads took: 0.0000202 seconds
[2019-12-08T12:05:42.206+0000][1][safepoint    ] Application time: 0.7413735 seconds
[2019-12-08T12:05:42.206+0000][1][safepoint    ] Entering safepoint region: GenCollectForAllocation
[2019-12-08T12:05:42.206+0000][1][gc,start     ] GC(38) Pause Young (Allocation Failure)
[2019-12-08T12:05:42.206+0000][1][gc,task      ] GC(38) Using 4 workers of 4 for evacuation
[2019-12-08T12:05:42.208+0000][1][gc,age       ] GC(38) Desired survivor size 4456448 bytes, new threshold 6 (max threshold 6)
[2019-12-08T12:05:42.208+0000][1][gc,age       ] GC(38) Age table with threshold 6 (max threshold 6)
[2019-12-08T12:05:42.208+0000][1][gc,age       ] GC(38) - age   1:       8432 bytes,       8432 total
[2019-12-08T12:05:42.208+0000][1][gc,age       ] GC(38) - age   2:       2360 bytes,      10792 total
[2019-12-08T12:05:42.208+0000][1][gc,age       ] GC(38) - age   4:       1392 bytes,      12184 total
[2019-12-08T12:05:42.208+0000][1][gc,age       ] GC(38) - age   5:       1064 bytes,      13248 total
[2019-12-08T12:05:42.208+0000][1][gc,age       ] GC(38) - age   6:       1544 bytes,      14792 total
[2019-12-08T12:05:42.208+0000][1][gc,heap      ] GC(38) ParNew: 69968K->19K(78656K)
[2019-12-08T12:05:42.208+0000][1][gc,heap      ] GC(38) CMS: 70152K->70152K(174784K)
[2019-12-08T12:05:42.208+0000][1][gc,metaspace ] GC(38) Metaspace: 69022K->69022K(1112064K)
[2019-12-08T12:05:42.208+0000][1][gc           ] GC(38) Pause Young (Allocation Failure) 136M->68M(247M) 1.542ms
[2019-12-08T12:05:42.208+0000][1][gc,cpu       ] GC(38) User=0.00s Sys=0.00s Real=0.00s
[2019-12-08T12:05:42.208+0000][1][safepoint    ] Leaving safepoint region
[2019-12-08T12:05:42.208+0000][1][safepoint    ] Total time for which application threads were stopped: 0.0017270 seconds, Stopping threads took: 0.0000218 seconds
[2019-12-08T12:05:43.208+0000][1][safepoint    ] Application time: 1.0000916 seconds
[2019-12-08T12:05:43.208+0000][1][safepoint    ] Entering safepoint region: Cleanup
[2019-12-08T12:05:43.208+0000][1][safepoint    ] Leaving safepoint region
[2019-12-08T12:05:43.208+0000][1][safepoint    ] Total time for which application threads were stopped: 0.0000829 seconds, Stopping threads took: 0.0000194 seconds
[2019-12-08T12:05:44.208+0000][1][safepoint    ] Application time: 1.0000798 seconds
[2019-12-08T12:05:44.208+0000][1][safepoint    ] Entering safepoint region: Cleanup
[2019-12-08T12:05:44.208+0000][1][safepoint    ] Leaving safepoint region
[2019-12-08T12:05:44.208+0000][1][safepoint    ] Total time for which application threads were stopped: 0.0000806 seconds, Stopping threads took: 0.0000194 seconds
[2019-12-08T12:05:45.208+0000][1][safepoint    ] Application time: 1.0000900 seconds
[2019-12-08T12:05:45.208+0000][1][safepoint    ] Entering safepoint region: Cleanup
[2019-12-08T12:05:45.208+0000][1][safepoint    ] Leaving safepoint region
[2019-12-08T12:05:45.208+0000][1][safepoint    ] Total time for which application threads were stopped: 0.0000738 seconds, Stopping threads took: 0.0000194 seconds
[2019-12-08T12:05:46.209+0000][1][safepoint    ] Application time: 1.0000894 seconds
[2019-12-08T12:05:46.209+0000][1][safepoint    ] Entering safepoint region: Cleanup
[2019-12-08T12:05:46.209+0000][1][safepoint    ] Leaving safepoint region
[2019-12-08T12:05:46.209+0000][1][safepoint    ] Total time for which application threads were stopped: 0.0000907 seconds, Stopping threads took: 0.0000200 seconds
[2019-12-08T12:05:47.209+0000][1][safepoint    ] Application time: 1.0000780 seconds
[2019-12-08T12:05:47.209+0000][1][safepoint    ] Entering safepoint region: Cleanup
[2019-12-08T12:05:47.209+0000][1][safepoint    ] Leaving safepoint region
[2019-12-08T12:05:47.209+0000][1][safepoint    ] Total time for which application threads were stopped: 0.0000724 seconds, Stopping threads took: 0.0000185 seconds
[2019-12-08T12:05:48.209+0000][1][safepoint    ] Application time: 1.0000794 seconds
[2019-12-08T12:05:48.209+0000][1][safepoint    ] Entering safepoint region: Cleanup
[2019-12-08T12:05:48.209+0000][1][safepoint    ] Leaving safepoint region
[2019-12-08T12:05:48.209+0000][1][safepoint    ] Total time for which application threads were stopped: 0.0000743 seconds, Stopping threads took: 0.0000197 seconds
[2019-12-08T12:05:49.209+0000][1][safepoint    ] Application time: 1.0000791 seconds
[2019-12-08T12:05:49.209+0000][1][safepoint    ] Entering safepoint region: Cleanup
[2019-12-08T12:05:49.209+0000][1][safepoint    ] Leaving safepoint region
[2019-12-08T12:05:49.209+0000][1][safepoint    ] Total time for which application threads were stopped: 0.0000739 seconds, Stopping threads took: 0.0000188 seconds
[2019-12-08T12:05:50.209+0000][1][safepoint    ] Application time: 1.0000768 seconds
[2019-12-08T12:05:50.209+0000][1][safepoint    ] Entering safepoint region: Cleanup
[2019-12-08T12:05:50.209+0000][1][safepoint    ] Leaving safepoint region
[2019-12-08T12:05:50.209+0000][1][safepoint    ] Total time for which application threads were stopped: 0.0000714 seconds, Stopping threads took: 0.0000182 seconds
[2019-12-08T12:05:51.210+0000][1][safepoint    ] Application time: 1.0000944 seconds
[2019-12-08T12:05:51.210+0000][1][safepoint    ] Entering safepoint region: Cleanup
[2019-12-08T12:05:51.210+0000][1][safepoint    ] Leaving safepoint region
[2019-12-08T12:05:51.210+0000][1][safepoint    ] Total time for which application threads were stopped: 0.0000942 seconds, Stopping threads took: 0.0000194 seconds
[2019-12-08T12:05:52.210+0000][1][safepoint    ] Application time: 1.0000800 seconds
[2019-12-08T12:05:52.210+0000][1][safepoint    ] Entering safepoint region: Cleanup
[2019-12-08T12:05:52.210+0000][1][safepoint    ] Leaving safepoint region
[2019-12-08T12:05:52.210+0000][1][safepoint    ] Total time for which application threads were stopped: 0.0000786 seconds, Stopping threads took: 0.0000213 seconds
[2019-12-08T12:05:53.210+0000][1][safepoint    ] Application time: 1.0000849 seconds
[2019-12-08T12:05:53.210+0000][1][safepoint    ] Entering safepoint region: Cleanup
[2019-12-08T12:05:53.210+0000][1][safepoint    ] Leaving safepoint region
[2019-12-08T12:05:53.210+0000][1][safepoint    ] Total time for which application threads were stopped: 0.0000779 seconds, Stopping threads took: 0.0000202 seconds
[2019-12-08T12:05:54.210+0000][1][safepoint    ] Application time: 1.0000793 seconds
[2019-12-08T12:05:54.210+0000][1][safepoint    ] Entering safepoint region: Cleanup
[2019-12-08T12:05:54.210+0000][1][safepoint    ] Leaving safepoint region
[2019-12-08T12:05:54.210+0000][1][safepoint    ] Total time for which application threads were stopped: 0.0000777 seconds, Stopping threads took: 0.0000208 seconds
[2019-12-08T12:05:55.210+0000][1][safepoint    ] Application time: 1.0001040 seconds
[2019-12-08T12:05:55.210+0000][1][safepoint    ] Entering safepoint region: Cleanup
[2019-12-08T12:05:55.211+0000][1][safepoint    ] Leaving safepoint region
[2019-12-08T12:05:55.211+0000][1][safepoint    ] Total time for which application threads were stopped: 0.0000773 seconds, Stopping threads took: 0.0000214 seconds
[2019-12-08T12:05:56.211+0000][1][safepoint    ] Application time: 1.0000940 seconds
[2019-12-08T12:05:56.211+0000][1][safepoint    ] Entering safepoint region: Cleanup
[2019-12-08T12:05:56.211+0000][1][safepoint    ] Leaving safepoint region
[2019-12-08T12:05:56.211+0000][1][safepoint    ] Total time for which application threads were stopped: 0.0000828 seconds, Stopping threads took: 0.0000235 seconds
[2019-12-08T12:05:57.211+0000][1][safepoint    ] Application time: 1.0000810 seconds
[2019-12-08T12:05:57.211+0000][1][safepoint    ] Entering safepoint region: Cleanup
[2019-12-08T12:05:57.211+0000][1][safepoint    ] Leaving safepoint region
[2019-12-08T12:05:57.211+0000][1][safepoint    ] Total time for which application threads were stopped: 0.0000795 seconds, Stopping threads took: 0.0000210 seconds
[2019-12-08T12:05:58.211+0000][1][safepoint    ] Application time: 1.0000841 seconds
[2019-12-08T12:05:58.211+0000][1][safepoint    ] Entering safepoint region: Cleanup
[2019-12-08T12:05:58.211+0000][1][safepoint    ] Leaving safepoint region
[2019-12-08T12:05:58.211+0000][1][safepoint    ] Total time for which application threads were stopped: 0.0000785 seconds, Stopping threads took: 0.0000203 seconds
[2019-12-08T12:05:59.211+0000][1][safepoint    ] Application time: 1.0000874 seconds
[2019-12-08T12:05:59.211+0000][1][safepoint    ] Entering safepoint region: Cleanup
[2019-12-08T12:05:59.211+0000][1][safepoint    ] Leaving safepoint region
[2019-12-08T12:05:59.211+0000][1][safepoint    ] Total time for which application threads were stopped: 0.0000799 seconds, Stopping threads took: 0.0000201 seconds
[2019-12-08T12:06:00.212+0000][1][safepoint    ] Application time: 1.0000893 seconds
[2019-12-08T12:06:00.212+0000][1][safepoint    ] Entering safepoint region: Cleanup
[2019-12-08T12:06:00.212+0000][1][safepoint    ] Leaving safepoint region
[2019-12-08T12:06:00.212+0000][1][safepoint    ] Total time for which application threads were stopped: 0.0000861 seconds, Stopping threads took: 0.0000270 seconds
[2019-12-08T12:06:01.212+0000][1][safepoint    ] Application time: 1.0000966 seconds
[2019-12-08T12:06:01.212+0000][1][safepoint    ] Entering safepoint region: Cleanup
[2019-12-08T12:06:01.212+0000][1][safepoint    ] Leaving safepoint region
[2019-12-08T12:06:01.212+0000][1][safepoint    ] Total time for which application threads were stopped: 0.0000805 seconds, Stopping threads took: 0.0000206 seconds
[2019-12-08T12:06:02.212+0000][1][safepoint    ] Application time: 1.0000807 seconds
[2019-12-08T12:06:02.212+0000][1][safepoint    ] Entering safepoint region: Cleanup
[2019-12-08T12:06:02.212+0000][1][safepoint    ] Leaving safepoint region
[2019-12-08T12:06:02.212+0000][1][safepoint    ] Total time for which application threads were stopped: 0.0000870 seconds, Stopping threads took: 0.0000189 seconds
[2019-12-08T12:06:03.212+0000][1][safepoint    ] Application time: 1.0000935 seconds
[2019-12-08T12:06:03.212+0000][1][safepoint    ] Entering safepoint region: Cleanup
[2019-12-08T12:06:03.212+0000][1][safepoint    ] Leaving safepoint region
[2019-12-08T12:06:03.212+0000][1][safepoint    ] Total time for which application threads were stopped: 0.0000866 seconds, Stopping threads took: 0.0000221 seconds
[2019-12-08T12:06:04.212+0000][1][safepoint    ] Application time: 1.0000984 seconds
[2019-12-08T12:06:04.212+0000][1][safepoint    ] Entering safepoint region: Cleanup
[2019-12-08T12:06:04.213+0000][1][safepoint    ] Leaving safepoint region
[2019-12-08T12:06:04.213+0000][1][safepoint    ] Total time for which application threads were stopped: 0.0000788 seconds, Stopping threads took: 0.0000208 seconds
[2019-12-08T12:06:05.213+0000][1][safepoint    ] Application time: 1.0000885 seconds
[2019-12-08T12:06:05.213+0000][1][safepoint    ] Entering safepoint region: Cleanup
[2019-12-08T12:06:05.213+0000][1][safepoint    ] Leaving safepoint region
[2019-12-08T12:06:05.213+0000][1][safepoint    ] Total time for which application threads were stopped: 0.0000829 seconds, Stopping threads took: 0.0000226 seconds
[2019-12-08T12:06:06.213+0000][1][safepoint    ] Application time: 1.0000960 seconds
[2019-12-08T12:06:06.213+0000][1][safepoint    ] Entering safepoint region: Cleanup
[2019-12-08T12:06:06.213+0000][1][safepoint    ] Leaving safepoint region
[2019-12-08T12:06:06.213+0000][1][safepoint    ] Total time for which application threads were stopped: 0.0000796 seconds, Stopping threads took: 0.0000216 seconds
[2019-12-08T12:06:07.213+0000][1][safepoint    ] Application time: 1.0000802 seconds
[2019-12-08T12:06:07.213+0000][1][safepoint    ] Entering safepoint region: Cleanup
[2019-12-08T12:06:07.213+0000][1][safepoint    ] Leaving safepoint region
[2019-12-08T12:06:07.213+0000][1][safepoint    ] Total time for which application threads were stopped: 0.0000765 seconds, Stopping threads took: 0.0000208 seconds
[2019-12-08T12:06:08.213+0000][1][safepoint    ] Application time: 1.0000858 seconds
[2019-12-08T12:06:08.213+0000][1][safepoint    ] Entering safepoint region: Cleanup
[2019-12-08T12:06:08.213+0000][1][safepoint    ] Leaving safepoint region
[2019-12-08T12:06:08.213+0000][1][safepoint    ] Total time for which application threads were stopped: 0.0000848 seconds, Stopping threads took: 0.0000284 seconds
[2019-12-08T12:06:09.214+0000][1][safepoint    ] Application time: 1.0000832 seconds
[2019-12-08T12:06:09.214+0000][1][safepoint    ] Entering safepoint region: Cleanup
[2019-12-08T12:06:09.214+0000][1][safepoint    ] Leaving safepoint region
[2019-12-08T12:06:09.214+0000][1][safepoint    ] Total time for which application threads were stopped: 0.0000794 seconds, Stopping threads took: 0.0000204 seconds
[2019-12-08T12:06:10.214+0000][1][safepoint    ] Application time: 1.0000767 seconds
[2019-12-08T12:06:10.214+0000][1][safepoint    ] Entering safepoint region: Cleanup
[2019-12-08T12:06:10.214+0000][1][safepoint    ] Leaving safepoint region
[2019-12-08T12:06:10.214+0000][1][safepoint    ] Total time for which application threads were stopped: 0.0000771 seconds, Stopping threads took: 0.0000198 seconds
[2019-12-08T12:06:11.214+0000][1][safepoint    ] Application time: 1.0000769 seconds
[2019-12-08T12:06:11.214+0000][1][safepoint    ] Entering safepoint region: Cleanup
[2019-12-08T12:06:11.214+0000][1][safepoint    ] Leaving safepoint region
[2019-12-08T12:06:11.214+0000][1][safepoint    ] Total time for which application threads were stopped: 0.0000770 seconds, Stopping threads took: 0.0000195 seconds
[2019-12-08T12:06:12.214+0000][1][safepoint    ] Application time: 1.0000738 seconds
[2019-12-08T12:06:12.214+0000][1][safepoint    ] Entering safepoint region: Cleanup
[2019-12-08T12:06:12.214+0000][1][safepoint    ] Leaving safepoint region
[2019-12-08T12:06:12.214+0000][1][safepoint    ] Total time for which application threads were stopped: 0.0000691 seconds, Stopping threads took: 0.0000158 seconds
[2019-12-08T12:06:13.214+0000][1][safepoint    ] Application time: 1.0000742 seconds
[2019-12-08T12:06:13.214+0000][1][safepoint    ] Entering safepoint region: Cleanup
[2019-12-08T12:06:13.214+0000][1][safepoint    ] Leaving safepoint region
[2019-12-08T12:06:13.214+0000][1][safepoint    ] Total time for which application threads were stopped: 0.0000736 seconds, Stopping threads took: 0.0000186 seconds
[2019-12-08T12:06:14.214+0000][1][safepoint    ] Application time: 1.0000764 seconds
[2019-12-08T12:06:14.215+0000][1][safepoint    ] Entering safepoint region: Cleanup
[2019-12-08T12:06:14.215+0000][1][safepoint    ] Leaving safepoint region
[2019-12-08T12:06:14.215+0000][1][safepoint    ] Total time for which application threads were stopped: 0.0000736 seconds, Stopping threads took: 0.0000185 seconds
[2019-12-08T12:06:15.215+0000][1][safepoint    ] Application time: 1.0000758 seconds
[2019-12-08T12:06:15.215+0000][1][safepoint    ] Entering safepoint region: Cleanup
[2019-12-08T12:06:15.215+0000][1][safepoint    ] Leaving safepoint region
[2019-12-08T12:06:15.215+0000][1][safepoint    ] Total time for which application threads were stopped: 0.0000707 seconds, Stopping threads took: 0.0000195 seconds
[2019-12-08T12:06:16.215+0000][1][safepoint    ] Application time: 1.0000760 seconds
[2019-12-08T12:06:16.215+0000][1][safepoint    ] Entering safepoint region: Cleanup
[2019-12-08T12:06:16.215+0000][1][safepoint    ] Leaving safepoint region
[2019-12-08T12:06:16.215+0000][1][safepoint    ] Total time for which application threads were stopped: 0.0000704 seconds, Stopping threads took: 0.0000177 seconds
[2019-12-08T12:06:17.215+0000][1][safepoint    ] Application time: 1.0000758 seconds
[2019-12-08T12:06:17.215+0000][1][safepoint    ] Entering safepoint region: Cleanup
[2019-12-08T12:06:17.215+0000][1][safepoint    ] Leaving safepoint region
[2019-12-08T12:06:17.215+0000][1][safepoint    ] Total time for which application threads were stopped: 0.0000699 seconds, Stopping threads took: 0.0000180 seconds
[2019-12-08T12:06:18.215+0000][1][safepoint    ] Application time: 1.0000816 seconds
[2019-12-08T12:06:18.215+0000][1][safepoint    ] Entering safepoint region: Cleanup
[2019-12-08T12:06:18.215+0000][1][safepoint    ] Leaving safepoint region
[2019-12-08T12:06:18.215+0000][1][safepoint    ] Total time for which application threads were stopped: 0.0000718 seconds, Stopping threads took: 0.0000196 seconds
[2019-12-08T12:06:19.215+0000][1][safepoint    ] Application time: 1.0000504 seconds
[2019-12-08T12:06:19.215+0000][1][safepoint    ] Entering safepoint region: Cleanup
[2019-12-08T12:06:19.215+0000][1][safepoint    ] Leaving safepoint region
[2019-12-08T12:06:19.215+0000][1][safepoint    ] Total time for which application threads were stopped: 0.0000681 seconds, Stopping threads took: 0.0000178 seconds
[2019-12-08T12:06:20.216+0000][1][safepoint    ] Application time: 1.0000754 seconds
[2019-12-08T12:06:20.216+0000][1][safepoint    ] Entering safepoint region: Cleanup
[2019-12-08T12:06:20.216+0000][1][safepoint    ] Leaving safepoint region
[2019-12-08T12:06:20.216+0000][1][safepoint    ] Total time for which application threads were stopped: 0.0000720 seconds, Stopping threads took: 0.0000206 seconds
[2019-12-08T12:06:21.216+0000][1][safepoint    ] Application time: 1.0000763 seconds
[2019-12-08T12:06:21.216+0000][1][safepoint    ] Entering safepoint region: Cleanup
[2019-12-08T12:06:21.216+0000][1][safepoint    ] Leaving safepoint region
[2019-12-08T12:06:21.216+0000][1][safepoint    ] Total time for which application threads were stopped: 0.0000670 seconds, Stopping threads took: 0.0000177 seconds
[2019-12-08T12:06:22.216+0000][1][safepoint    ] Application time: 1.0000783 seconds
[2019-12-08T12:06:22.216+0000][1][safepoint    ] Entering safepoint region: Cleanup
[2019-12-08T12:06:22.216+0000][1][safepoint    ] Leaving safepoint region
[2019-12-08T12:06:22.216+0000][1][safepoint    ] Total time for which application threads were stopped: 0.0000695 seconds, Stopping threads took: 0.0000178 seconds
[2019-12-08T12:06:23.216+0000][1][safepoint    ] Application time: 1.0000745 seconds
[2019-12-08T12:06:23.216+0000][1][safepoint    ] Entering safepoint region: Cleanup
[2019-12-08T12:06:23.216+0000][1][safepoint    ] Leaving safepoint region
[2019-12-08T12:06:23.216+0000][1][safepoint    ] Total time for which application threads were stopped: 0.0000649 seconds, Stopping threads took: 0.0000162 seconds
[2019-12-08T12:06:24.216+0000][1][safepoint    ] Application time: 1.0000753 seconds
[2019-12-08T12:06:24.216+0000][1][safepoint    ] Entering safepoint region: Cleanup
[2019-12-08T12:06:24.216+0000][1][safepoint    ] Leaving safepoint region
[2019-12-08T12:06:24.216+0000][1][safepoint    ] Total time for which application threads were stopped: 0.0000673 seconds, Stopping threads took: 0.0000172 seconds
[2019-12-08T12:06:25.216+0000][1][safepoint    ] Application time: 1.0000807 seconds
[2019-12-08T12:06:25.216+0000][1][safepoint    ] Entering safepoint region: Cleanup
[2019-12-08T12:06:25.216+0000][1][safepoint    ] Leaving safepoint region
[2019-12-08T12:06:25.216+0000][1][safepoint    ] Total time for which application threads were stopped: 0.0000711 seconds, Stopping threads took: 0.0000219 seconds
[2019-12-08T12:06:26.217+0000][1][safepoint    ] Application time: 1.0000766 seconds
[2019-12-08T12:06:26.217+0000][1][safepoint    ] Entering safepoint region: Cleanup
[2019-12-08T12:06:26.217+0000][1][safepoint    ] Leaving safepoint region
[2019-12-08T12:06:26.217+0000][1][safepoint    ] Total time for which application threads were stopped: 0.0000676 seconds, Stopping threads took: 0.0000168 seconds
[2019-12-08T12:06:27.217+0000][1][safepoint    ] Application time: 1.0000883 seconds
[2019-12-08T12:06:27.217+0000][1][safepoint    ] Entering safepoint region: Cleanup
[2019-12-08T12:06:27.217+0000][1][safepoint    ] Leaving safepoint region
[2019-12-08T12:06:27.217+0000][1][safepoint    ] Total time for which application threads were stopped: 0.0000685 seconds, Stopping threads took: 0.0000172 seconds
[2019-12-08T12:06:28.217+0000][1][safepoint    ] Application time: 1.0000860 seconds
[2019-12-08T12:06:28.217+0000][1][safepoint    ] Entering safepoint region: Cleanup
[2019-12-08T12:06:28.217+0000][1][safepoint    ] Leaving safepoint region
[2019-12-08T12:06:28.217+0000][1][safepoint    ] Total time for which application threads were stopped: 0.0000728 seconds, Stopping threads took: 0.0000231 seconds
[2019-12-08T12:06:29.217+0000][1][safepoint    ] Application time: 1.0000847 seconds
[2019-12-08T12:06:29.217+0000][1][safepoint    ] Entering safepoint region: Cleanup
[2019-12-08T12:06:29.217+0000][1][safepoint    ] Leaving safepoint region
[2019-12-08T12:06:29.217+0000][1][safepoint    ] Total time for which application threads were stopped: 0.0000705 seconds, Stopping threads took: 0.0000189 seconds
[2019-12-08T12:06:30.217+0000][1][safepoint    ] Application time: 1.0000819 seconds
[2019-12-08T12:06:30.217+0000][1][safepoint    ] Entering safepoint region: Cleanup
[2019-12-08T12:06:30.217+0000][1][safepoint    ] Leaving safepoint region
[2019-12-08T12:06:30.217+0000][1][safepoint    ] Total time for which application threads were stopped: 0.0000684 seconds, Stopping threads took: 0.0000170 seconds
[2019-12-08T12:06:31.217+0000][1][safepoint    ] Application time: 1.0000830 seconds
[2019-12-08T12:06:31.217+0000][1][safepoint    ] Entering safepoint region: Cleanup
[2019-12-08T12:06:31.218+0000][1][safepoint    ] Leaving safepoint region
[2019-12-08T12:06:31.218+0000][1][safepoint    ] Total time for which application threads were stopped: 0.0000688 seconds, Stopping threads took: 0.0000182 seconds
[2019-12-08T12:06:32.218+0000][1][safepoint    ] Application time: 1.0000824 seconds
[2019-12-08T12:06:32.218+0000][1][safepoint    ] Entering safepoint region: Cleanup
[2019-12-08T12:06:32.218+0000][1][safepoint    ] Leaving safepoint region
[2019-12-08T12:06:32.218+0000][1][safepoint    ] Total time for which application threads were stopped: 0.0000868 seconds, Stopping threads took: 0.0000180 seconds
[2019-12-08T12:06:33.218+0000][1][safepoint    ] Application time: 1.0000792 seconds
[2019-12-08T12:06:33.218+0000][1][safepoint    ] Entering safepoint region: Cleanup
[2019-12-08T12:06:33.218+0000][1][safepoint    ] Leaving safepoint region
[2019-12-08T12:06:33.218+0000][1][safepoint    ] Total time for which application threads were stopped: 0.0000694 seconds, Stopping threads took: 0.0000186 seconds
[2019-12-08T12:06:34.218+0000][1][safepoint    ] Application time: 1.0000807 seconds
[2019-12-08T12:06:34.218+0000][1][safepoint    ] Entering safepoint region: Cleanup
[2019-12-08T12:06:34.218+0000][1][safepoint    ] Leaving safepoint region
[2019-12-08T12:06:34.218+0000][1][safepoint    ] Total time for which application threads were stopped: 0.0000746 seconds, Stopping threads took: 0.0000210 seconds
[2019-12-08T12:06:35.218+0000][1][safepoint    ] Application time: 1.0000813 seconds
[2019-12-08T12:06:35.218+0000][1][safepoint    ] Entering safepoint region: Cleanup
[2019-12-08T12:06:35.218+0000][1][safepoint    ] Leaving safepoint region
[2019-12-08T12:06:35.218+0000][1][safepoint    ] Total time for which application threads were stopped: 0.0000687 seconds, Stopping threads took: 0.0000173 seconds
[2019-12-08T12:06:36.218+0000][1][safepoint    ] Application time: 1.0000805 seconds
[2019-12-08T12:06:36.218+0000][1][safepoint    ] Entering safepoint region: Cleanup
[2019-12-08T12:06:36.218+0000][1][safepoint    ] Leaving safepoint region
[2019-12-08T12:06:36.218+0000][1][safepoint    ] Total time for which application threads were stopped: 0.0000696 seconds, Stopping threads took: 0.0000202 seconds
[2019-12-08T12:06:37.219+0000][1][safepoint    ] Application time: 1.0000798 seconds
[2019-12-08T12:06:37.219+0000][1][safepoint    ] Entering safepoint region: Cleanup
[2019-12-08T12:06:37.219+0000][1][safepoint    ] Leaving safepoint region
[2019-12-08T12:06:37.219+0000][1][safepoint    ] Total time for which application threads were stopped: 0.0000662 seconds, Stopping threads took: 0.0000171 seconds
[2019-12-08T12:06:38.219+0000][1][safepoint    ] Application time: 1.0001098 seconds
[2019-12-08T12:06:38.219+0000][1][safepoint    ] Entering safepoint region: Cleanup
[2019-12-08T12:06:38.219+0000][1][safepoint    ] Leaving safepoint region
[2019-12-08T12:06:38.219+0000][1][safepoint    ] Total time for which application threads were stopped: 0.0000769 seconds, Stopping threads took: 0.0000196 seconds
[2019-12-08T12:06:39.219+0000][1][safepoint    ] Application time: 1.0000823 seconds
[2019-12-08T12:06:39.219+0000][1][safepoint    ] Entering safepoint region: Cleanup
[2019-12-08T12:06:39.219+0000][1][safepoint    ] Leaving safepoint region
[2019-12-08T12:06:39.219+0000][1][safepoint    ] Total time for which application threads were stopped: 0.0000769 seconds, Stopping threads took: 0.0000215 seconds
[2019-12-08T12:06:40.219+0000][1][safepoint    ] Application time: 1.0000794 seconds
[2019-12-08T12:06:40.219+0000][1][safepoint    ] Entering safepoint region: Cleanup
[2019-12-08T12:06:40.219+0000][1][safepoint    ] Leaving safepoint region
[2019-12-08T12:06:40.219+0000][1][safepoint    ] Total time for which application threads were stopped: 0.0000745 seconds, Stopping threads took: 0.0000194 seconds
[2019-12-08T12:06:41.219+0000][1][safepoint    ] Application time: 1.0000839 seconds
[2019-12-08T12:06:41.219+0000][1][safepoint    ] Entering safepoint region: Cleanup
[2019-12-08T12:06:41.219+0000][1][safepoint    ] Leaving safepoint region
[2019-12-08T12:06:41.219+0000][1][safepoint    ] Total time for which application threads were stopped: 0.0000739 seconds, Stopping threads took: 0.0000192 seconds
[2019-12-08T12:06:42.220+0000][1][safepoint    ] Application time: 1.0000789 seconds
[2019-12-08T12:06:42.220+0000][1][safepoint    ] Entering safepoint region: Cleanup
[2019-12-08T12:06:42.220+0000][1][safepoint    ] Leaving safepoint region
[2019-12-08T12:06:42.220+0000][1][safepoint    ] Total time for which application threads were stopped: 0.0000694 seconds, Stopping threads took: 0.0000173 seconds
[2019-12-08T12:06:43.220+0000][1][safepoint    ] Application time: 1.0000769 seconds
[2019-12-08T12:06:43.220+0000][1][safepoint    ] Entering safepoint region: Cleanup
[2019-12-08T12:06:43.220+0000][1][safepoint    ] Leaving safepoint region
[2019-12-08T12:06:43.220+0000][1][safepoint    ] Total time for which application threads were stopped: 0.0000758 seconds, Stopping threads took: 0.0000199 seconds
[2019-12-08T12:06:44.220+0000][1][safepoint    ] Application time: 1.0000804 seconds
[2019-12-08T12:06:44.220+0000][1][safepoint    ] Entering safepoint region: Cleanup
[2019-12-08T12:06:44.220+0000][1][safepoint    ] Leaving safepoint region
[2019-12-08T12:06:44.220+0000][1][safepoint    ] Total time for which application threads were stopped: 0.0000770 seconds, Stopping threads took: 0.0000196 seconds
[2019-12-08T12:06:45.220+0000][1][safepoint    ] Application time: 1.0000764 seconds
[2019-12-08T12:06:45.220+0000][1][safepoint    ] Entering safepoint region: Cleanup
[2019-12-08T12:06:45.220+0000][1][safepoint    ] Leaving safepoint region
[2019-12-08T12:06:45.220+0000][1][safepoint    ] Total time for which application threads were stopped: 0.0000739 seconds, Stopping threads took: 0.0000193 seconds
[2019-12-08T12:06:46.220+0000][1][safepoint    ] Application time: 1.0000758 seconds
[2019-12-08T12:06:46.220+0000][1][safepoint    ] Entering safepoint region: Cleanup
[2019-12-08T12:06:46.220+0000][1][safepoint    ] Leaving safepoint region
[2019-12-08T12:06:46.220+0000][1][safepoint    ] Total time for which application threads were stopped: 0.0000755 seconds, Stopping threads took: 0.0000194 seconds
[2019-12-08T12:06:47.221+0000][1][safepoint    ] Application time: 1.0000846 seconds
[2019-12-08T12:06:47.221+0000][1][safepoint    ] Entering safepoint region: Cleanup
[2019-12-08T12:06:47.221+0000][1][safepoint    ] Leaving safepoint region
[2019-12-08T12:06:47.221+0000][1][safepoint    ] Total time for which application threads were stopped: 0.0000742 seconds, Stopping threads took: 0.0000191 seconds
[2019-12-08T12:06:48.221+0000][1][safepoint    ] Application time: 1.0000778 seconds
[2019-12-08T12:06:48.221+0000][1][safepoint    ] Entering safepoint region: Cleanup
[2019-12-08T12:06:48.221+0000][1][safepoint    ] Leaving safepoint region
[2019-12-08T12:06:48.221+0000][1][safepoint    ] Total time for which application threads were stopped: 0.0000746 seconds, Stopping threads took: 0.0000197 seconds
[2019-12-08T12:06:49.221+0000][1][safepoint    ] Application time: 1.0000960 seconds
[2019-12-08T12:06:49.221+0000][1][safepoint    ] Entering safepoint region: Cleanup
[2019-12-08T12:06:49.221+0000][1][safepoint    ] Leaving safepoint region
[2019-12-08T12:06:49.221+0000][1][safepoint    ] Total time for which application threads were stopped: 0.0000769 seconds, Stopping threads took: 0.0000215 seconds
[2019-12-08T12:06:50.221+0000][1][safepoint    ] Application time: 1.0000806 seconds
[2019-12-08T12:06:50.221+0000][1][safepoint    ] Entering safepoint region: Cleanup
[2019-12-08T12:06:50.221+0000][1][safepoint    ] Leaving safepoint region
[2019-12-08T12:06:50.221+0000][1][safepoint    ] Total time for which application threads were stopped: 0.0000755 seconds, Stopping threads took: 0.0000201 seconds
[2019-12-08T12:06:51.221+0000][1][safepoint    ] Application time: 1.0000803 seconds
[2019-12-08T12:06:51.221+0000][1][safepoint    ] Entering safepoint region: Cleanup
[2019-12-08T12:06:51.221+0000][1][safepoint    ] Leaving safepoint region
[2019-12-08T12:06:51.221+0000][1][safepoint    ] Total time for which application threads were stopped: 0.0000757 seconds, Stopping threads took: 0.0000194 seconds
[2019-12-08T12:06:52.222+0000][1][safepoint    ] Application time: 1.0000954 seconds
[2019-12-08T12:06:52.222+0000][1][safepoint    ] Entering safepoint region: Cleanup
[2019-12-08T12:06:52.222+0000][1][safepoint    ] Leaving safepoint region
[2019-12-08T12:06:52.222+0000][1][safepoint    ] Total time for which application threads were stopped: 0.0000755 seconds, Stopping threads took: 0.0000199 seconds
[2019-12-08T12:06:53.222+0000][1][safepoint    ] Application time: 1.0000937 seconds
[2019-12-08T12:06:53.222+0000][1][safepoint    ] Entering safepoint region: Cleanup
[2019-12-08T12:06:53.222+0000][1][safepoint    ] Leaving safepoint region
[2019-12-08T12:06:53.222+0000][1][safepoint    ] Total time for which application threads were stopped: 0.0000751 seconds, Stopping threads took: 0.0000198 seconds
[2019-12-08T12:06:54.222+0000][1][safepoint    ] Application time: 1.0000841 seconds
[2019-12-08T12:06:54.222+0000][1][safepoint    ] Entering safepoint region: Cleanup
[2019-12-08T12:06:54.222+0000][1][safepoint    ] Leaving safepoint region
[2019-12-08T12:06:54.222+0000][1][safepoint    ] Total time for which application threads were stopped: 0.0000784 seconds, Stopping threads took: 0.0000203 seconds
[2019-12-08T12:06:55.222+0000][1][safepoint    ] Application time: 1.0000843 seconds
[2019-12-08T12:06:55.222+0000][1][safepoint    ] Entering safepoint region: Cleanup
[2019-12-08T12:06:55.222+0000][1][safepoint    ] Leaving safepoint region
[2019-12-08T12:06:55.222+0000][1][safepoint    ] Total time for which application threads were stopped: 0.0000743 seconds, Stopping threads took: 0.0000194 seconds
[2019-12-08T12:06:56.222+0000][1][safepoint    ] Application time: 1.0000882 seconds
[2019-12-08T12:06:56.222+0000][1][safepoint    ] Entering safepoint region: Cleanup
[2019-12-08T12:06:56.222+0000][1][safepoint    ] Leaving safepoint region
[2019-12-08T12:06:56.222+0000][1][safepoint    ] Total time for which application threads were stopped: 0.0000726 seconds, Stopping threads took: 0.0000198 seconds
[2019-12-08T12:06:57.223+0000][1][safepoint    ] Application time: 1.0000856 seconds
[2019-12-08T12:06:57.223+0000][1][safepoint    ] Entering safepoint region: Cleanup
[2019-12-08T12:06:57.223+0000][1][safepoint    ] Leaving safepoint region
[2019-12-08T12:06:57.223+0000][1][safepoint    ] Total time for which application threads were stopped: 0.0000984 seconds, Stopping threads took: 0.0000272 seconds
[2019-12-08T12:06:58.223+0000][1][safepoint    ] Application time: 1.0000814 seconds
[2019-12-08T12:06:58.223+0000][1][safepoint    ] Entering safepoint region: Cleanup
[2019-12-08T12:06:58.223+0000][1][safepoint    ] Leaving safepoint region
[2019-12-08T12:06:58.223+0000][1][safepoint    ] Total time for which application threads were stopped: 0.0000766 seconds, Stopping threads took: 0.0000195 seconds
[2019-12-08T12:06:59.223+0000][1][safepoint    ] Application time: 1.0000851 seconds
[2019-12-08T12:06:59.223+0000][1][safepoint    ] Entering safepoint region: Cleanup
[2019-12-08T12:06:59.223+0000][1][safepoint    ] Leaving safepoint region
[2019-12-08T12:06:59.223+0000][1][safepoint    ] Total time for which application threads were stopped: 0.0000772 seconds, Stopping threads took: 0.0000205 seconds
[2019-12-08T12:07:00.223+0000][1][safepoint    ] Application time: 1.0000791 seconds
[2019-12-08T12:07:00.223+0000][1][safepoint    ] Entering safepoint region: Cleanup
[2019-12-08T12:07:00.223+0000][1][safepoint    ] Leaving safepoint region
[2019-12-08T12:07:00.223+0000][1][safepoint    ] Total time for which application threads were stopped: 0.0000817 seconds, Stopping threads took: 0.0000262 seconds
[2019-12-08T12:07:01.223+0000][1][safepoint    ] Application time: 1.0000814 seconds
[2019-12-08T12:07:01.223+0000][1][safepoint    ] Entering safepoint region: Cleanup
[2019-12-08T12:07:01.224+0000][1][safepoint    ] Leaving safepoint region
[2019-12-08T12:07:01.224+0000][1][safepoint    ] Total time for which application threads were stopped: 0.0000775 seconds, Stopping threads took: 0.0000204 seconds
[2019-12-08T12:07:02.224+0000][1][safepoint    ] Application time: 1.0000835 seconds
[2019-12-08T12:07:02.224+0000][1][safepoint    ] Entering safepoint region: Cleanup
[2019-12-08T12:07:02.224+0000][1][safepoint    ] Leaving safepoint region
[2019-12-08T12:07:02.224+0000][1][safepoint    ] Total time for which application threads were stopped: 0.0001103 seconds, Stopping threads took: 0.0000369 seconds
[2019-12-08T12:07:03.224+0000][1][safepoint    ] Application time: 1.0000842 seconds
[2019-12-08T12:07:03.224+0000][1][safepoint    ] Entering safepoint region: Cleanup
[2019-12-08T12:07:03.224+0000][1][safepoint    ] Leaving safepoint region
[2019-12-08T12:07:03.224+0000][1][safepoint    ] Total time for which application threads were stopped: 0.0000825 seconds, Stopping threads took: 0.0000237 seconds
[2019-12-08T12:07:04.224+0000][1][safepoint    ] Application time: 1.0000795 seconds
[2019-12-08T12:07:04.224+0000][1][safepoint    ] Entering safepoint region: Cleanup
[2019-12-08T12:07:04.224+0000][1][safepoint    ] Leaving safepoint region
[2019-12-08T12:07:04.224+0000][1][safepoint    ] Total time for which application threads were stopped: 0.0000758 seconds, Stopping threads took: 0.0000192 seconds
[2019-12-08T12:07:05.224+0000][1][safepoint    ] Application time: 1.0000776 seconds
[2019-12-08T12:07:05.224+0000][1][safepoint    ] Entering safepoint region: Cleanup
[2019-12-08T12:07:05.224+0000][1][safepoint    ] Leaving safepoint region
[2019-12-08T12:07:05.224+0000][1][safepoint    ] Total time for which application threads were stopped: 0.0000764 seconds, Stopping threads took: 0.0000198 seconds
[2019-12-08T12:07:06.224+0000][1][safepoint    ] Application time: 1.0000794 seconds
[2019-12-08T12:07:06.225+0000][1][safepoint    ] Entering safepoint region: Cleanup
[2019-12-08T12:07:06.225+0000][1][safepoint    ] Leaving safepoint region
[2019-12-08T12:07:06.225+0000][1][safepoint    ] Total time for which application threads were stopped: 0.0000763 seconds, Stopping threads took: 0.0000191 seconds
[2019-12-08T12:07:07.225+0000][1][safepoint    ] Application time: 1.0000805 seconds
[2019-12-08T12:07:07.225+0000][1][safepoint    ] Entering safepoint region: Cleanup
[2019-12-08T12:07:07.225+0000][1][safepoint    ] Leaving safepoint region
[2019-12-08T12:07:07.225+0000][1][safepoint    ] Total time for which application threads were stopped: 0.0000849 seconds, Stopping threads took: 0.0000285 seconds
[2019-12-08T12:07:08.225+0000][1][safepoint    ] Application time: 1.0000486 seconds
[2019-12-08T12:07:08.225+0000][1][safepoint    ] Entering safepoint region: Cleanup
[2019-12-08T12:07:08.225+0000][1][safepoint    ] Leaving safepoint region
[2019-12-08T12:07:08.225+0000][1][safepoint    ] Total time for which application threads were stopped: 0.0000758 seconds, Stopping threads took: 0.0000203 seconds
[2019-12-08T12:07:09.225+0000][1][safepoint    ] Application time: 1.0000780 seconds
[2019-12-08T12:07:09.225+0000][1][safepoint    ] Entering safepoint region: Cleanup
[2019-12-08T12:07:09.225+0000][1][safepoint    ] Leaving safepoint region
[2019-12-08T12:07:09.225+0000][1][safepoint    ] Total time for which application threads were stopped: 0.0000841 seconds, Stopping threads took: 0.0000282 seconds
[2019-12-08T12:07:10.225+0000][1][safepoint    ] Application time: 1.0000869 seconds
[2019-12-08T12:07:10.225+0000][1][safepoint    ] Entering safepoint region: Cleanup
[2019-12-08T12:07:10.225+0000][1][safepoint    ] Leaving safepoint region
[2019-12-08T12:07:10.225+0000][1][safepoint    ] Total time for which application threads were stopped: 0.0000778 seconds, Stopping threads took: 0.0000209 seconds
[2019-12-08T12:07:11.225+0000][1][safepoint    ] Application time: 1.0000796 seconds
[2019-12-08T12:07:11.226+0000][1][safepoint    ] Entering safepoint region: Cleanup
[2019-12-08T12:07:11.226+0000][1][safepoint    ] Leaving safepoint region
[2019-12-08T12:07:11.226+0000][1][safepoint    ] Total time for which application threads were stopped: 0.0000764 seconds, Stopping threads took: 0.0000213 seconds
[2019-12-08T12:07:12.226+0000][1][safepoint    ] Application time: 1.0000810 seconds
[2019-12-08T12:07:12.226+0000][1][safepoint    ] Entering safepoint region: Cleanup
[2019-12-08T12:07:12.226+0000][1][safepoint    ] Leaving safepoint region
[2019-12-08T12:07:12.226+0000][1][safepoint    ] Total time for which application threads were stopped: 0.0000727 seconds, Stopping threads took: 0.0000184 seconds
[2019-12-08T12:07:13.226+0000][1][safepoint    ] Application time: 1.0000771 seconds
[2019-12-08T12:07:13.226+0000][1][safepoint    ] Entering safepoint region: Cleanup
[2019-12-08T12:07:13.226+0000][1][safepoint    ] Leaving safepoint region
[2019-12-08T12:07:13.226+0000][1][safepoint    ] Total time for which application threads were stopped: 0.0000742 seconds, Stopping threads took: 0.0000183 seconds
[2019-12-08T12:07:14.226+0000][1][safepoint    ] Application time: 1.0000751 seconds
[2019-12-08T12:07:14.226+0000][1][safepoint    ] Entering safepoint region: Cleanup
[2019-12-08T12:07:14.226+0000][1][safepoint    ] Leaving safepoint region
[2019-12-08T12:07:14.226+0000][1][safepoint    ] Total time for which application threads were stopped: 0.0000746 seconds, Stopping threads took: 0.0000177 seconds
[2019-12-08T12:07:15.226+0000][1][safepoint    ] Application time: 1.0000769 seconds
[2019-12-08T12:07:15.226+0000][1][safepoint    ] Entering safepoint region: Cleanup
[2019-12-08T12:07:15.226+0000][1][safepoint    ] Leaving safepoint region
[2019-12-08T12:07:15.226+0000][1][safepoint    ] Total time for which application threads were stopped: 0.0000737 seconds, Stopping threads took: 0.0000185 seconds
[2019-12-08T12:07:16.226+0000][1][safepoint    ] Application time: 1.0000769 seconds
[2019-12-08T12:07:16.226+0000][1][safepoint    ] Entering safepoint region: Cleanup
[2019-12-08T12:07:16.227+0000][1][safepoint    ] Leaving safepoint region
[2019-12-08T12:07:16.227+0000][1][safepoint    ] Total time for which application threads were stopped: 0.0000742 seconds, Stopping threads took: 0.0000193 seconds
[2019-12-08T12:07:17.227+0000][1][safepoint    ] Application time: 1.0000763 seconds
[2019-12-08T12:07:17.227+0000][1][safepoint    ] Entering safepoint region: Cleanup
[2019-12-08T12:07:17.227+0000][1][safepoint    ] Leaving safepoint region
[2019-12-08T12:07:17.227+0000][1][safepoint    ] Total time for which application threads were stopped: 0.0000982 seconds, Stopping threads took: 0.0000419 seconds
[2019-12-08T12:07:18.227+0000][1][safepoint    ] Application time: 1.0000757 seconds
[2019-12-08T12:07:18.227+0000][1][safepoint    ] Entering safepoint region: Cleanup
[2019-12-08T12:07:18.227+0000][1][safepoint    ] Leaving safepoint region
[2019-12-08T12:07:18.227+0000][1][safepoint    ] Total time for which application threads were stopped: 0.0000735 seconds, Stopping threads took: 0.0000195 seconds
[2019-12-08T12:07:19.227+0000][1][safepoint    ] Application time: 1.0000771 seconds
[2019-12-08T12:07:19.227+0000][1][safepoint    ] Entering safepoint region: Cleanup
[2019-12-08T12:07:19.227+0000][1][safepoint    ] Leaving safepoint region
[2019-12-08T12:07:19.227+0000][1][safepoint    ] Total time for which application threads were stopped: 0.0000726 seconds, Stopping threads took: 0.0000185 seconds
[2019-12-08T12:07:20.227+0000][1][safepoint    ] Application time: 1.0000749 seconds
[2019-12-08T12:07:20.227+0000][1][safepoint    ] Entering safepoint region: Cleanup
[2019-12-08T12:07:20.227+0000][1][safepoint    ] Leaving safepoint region
[2019-12-08T12:07:20.227+0000][1][safepoint    ] Total time for which application threads were stopped: 0.0000747 seconds, Stopping threads took: 0.0000197 seconds
[2019-12-08T12:07:21.227+0000][1][safepoint    ] Application time: 1.0000759 seconds
[2019-12-08T12:07:21.227+0000][1][safepoint    ] Entering safepoint region: Cleanup
[2019-12-08T12:07:21.228+0000][1][safepoint    ] Leaving safepoint region
[2019-12-08T12:07:21.228+0000][1][safepoint    ] Total time for which application threads were stopped: 0.0000734 seconds, Stopping threads took: 0.0000187 seconds
[2019-12-08T12:07:22.228+0000][1][safepoint    ] Application time: 1.0000780 seconds
[2019-12-08T12:07:22.228+0000][1][safepoint    ] Entering safepoint region: Cleanup
[2019-12-08T12:07:22.228+0000][1][safepoint    ] Leaving safepoint region
[2019-12-08T12:07:22.228+0000][1][safepoint    ] Total time for which application threads were stopped: 0.0000825 seconds, Stopping threads took: 0.0000190 seconds
[2019-12-08T12:07:23.228+0000][1][safepoint    ] Application time: 1.0000693 seconds
[2019-12-08T12:07:23.228+0000][1][safepoint    ] Entering safepoint region: Cleanup
[2019-12-08T12:07:23.228+0000][1][safepoint    ] Leaving safepoint region
[2019-12-08T12:07:23.228+0000][1][safepoint    ] Total time for which application threads were stopped: 0.0000792 seconds, Stopping threads took: 0.0000212 seconds
[2019-12-08T12:07:24.228+0000][1][safepoint    ] Application time: 1.0000777 seconds
[2019-12-08T12:07:24.228+0000][1][safepoint    ] Entering safepoint region: Cleanup
[2019-12-08T12:07:24.228+0000][1][safepoint    ] Leaving safepoint region
[2019-12-08T12:07:24.228+0000][1][safepoint    ] Total time for which application threads were stopped: 0.0000757 seconds, Stopping threads took: 0.0000194 seconds
[2019-12-08T12:07:25.228+0000][1][safepoint    ] Application time: 1.0000750 seconds
[2019-12-08T12:07:25.228+0000][1][safepoint    ] Entering safepoint region: Cleanup
[2019-12-08T12:07:25.228+0000][1][safepoint    ] Leaving safepoint region
[2019-12-08T12:07:25.228+0000][1][safepoint    ] Total time for which application threads were stopped: 0.0000752 seconds, Stopping threads took: 0.0000189 seconds
[2019-12-08T12:07:26.228+0000][1][safepoint    ] Application time: 1.0000773 seconds
[2019-12-08T12:07:26.228+0000][1][safepoint    ] Entering safepoint region: Cleanup
[2019-12-08T12:07:26.228+0000][1][safepoint    ] Leaving safepoint region
[2019-12-08T12:07:26.229+0000][1][safepoint    ] Total time for which application threads were stopped: 0.0000743 seconds, Stopping threads took: 0.0000203 seconds
[2019-12-08T12:07:27.229+0000][1][safepoint    ] Application time: 1.0000785 seconds
[2019-12-08T12:07:27.229+0000][1][safepoint    ] Entering safepoint region: Cleanup
[2019-12-08T12:07:27.229+0000][1][safepoint    ] Leaving safepoint region
[2019-12-08T12:07:27.229+0000][1][safepoint    ] Total time for which application threads were stopped: 0.0000925 seconds, Stopping threads took: 0.0000188 seconds
[2019-12-08T12:07:28.713+0000][1][safepoint    ] Application time: 1.4839835 seconds
[2019-12-08T12:07:28.713+0000][1][safepoint    ] Entering safepoint region: Cleanup
[2019-12-08T12:07:28.713+0000][1][safepoint    ] Leaving safepoint region
[2019-12-08T12:07:28.713+0000][1][safepoint    ] Total time for which application threads were stopped: 0.0000674 seconds, Stopping threads took: 0.0000158 seconds
[2019-12-08T12:07:29.713+0000][1][safepoint    ] Application time: 1.0000723 seconds
[2019-12-08T12:07:29.713+0000][1][safepoint    ] Entering safepoint region: Cleanup
[2019-12-08T12:07:29.713+0000][1][safepoint    ] Leaving safepoint region
[2019-12-08T12:07:29.713+0000][1][safepoint    ] Total time for which application threads were stopped: 0.0000654 seconds, Stopping threads took: 0.0000155 seconds
[2019-12-08T12:07:30.713+0000][1][safepoint    ] Application time: 1.0000757 seconds
[2019-12-08T12:07:30.713+0000][1][safepoint    ] Entering safepoint region: Cleanup
[2019-12-08T12:07:30.713+0000][1][safepoint    ] Leaving safepoint region
[2019-12-08T12:07:30.713+0000][1][safepoint    ] Total time for which application threads were stopped: 0.0000634 seconds, Stopping threads took: 0.0000159 seconds
[2019-12-08T12:07:31.713+0000][1][safepoint    ] Application time: 1.0000765 seconds
[2019-12-08T12:07:31.713+0000][1][safepoint    ] Entering safepoint region: Cleanup
[2019-12-08T12:07:31.713+0000][1][safepoint    ] Leaving safepoint region
[2019-12-08T12:07:31.713+0000][1][safepoint    ] Total time for which application threads were stopped: 0.0000661 seconds, Stopping threads took: 0.0000170 seconds
[2019-12-08T12:07:32.713+0000][1][safepoint    ] Application time: 1.0000813 seconds
[2019-12-08T12:07:32.713+0000][1][safepoint    ] Entering safepoint region: Cleanup
[2019-12-08T12:07:32.713+0000][1][safepoint    ] Leaving safepoint region
[2019-12-08T12:07:32.713+0000][1][safepoint    ] Total time for which application threads were stopped: 0.0000642 seconds, Stopping threads took: 0.0000158 seconds
[2019-12-08T12:07:33.714+0000][1][safepoint    ] Application time: 1.0000786 seconds
[2019-12-08T12:07:33.714+0000][1][safepoint    ] Entering safepoint region: Cleanup
[2019-12-08T12:07:33.714+0000][1][safepoint    ] Leaving safepoint region
[2019-12-08T12:07:33.714+0000][1][safepoint    ] Total time for which application threads were stopped: 0.0000655 seconds, Stopping threads took: 0.0000174 seconds
[2019-12-08T12:07:34.714+0000][1][safepoint    ] Application time: 1.0000789 seconds
[2019-12-08T12:07:34.714+0000][1][safepoint    ] Entering safepoint region: Cleanup
[2019-12-08T12:07:34.714+0000][1][safepoint    ] Leaving safepoint region
[2019-12-08T12:07:34.714+0000][1][safepoint    ] Total time for which application threads were stopped: 0.0000651 seconds, Stopping threads took: 0.0000164 seconds
[2019-12-08T12:07:35.714+0000][1][safepoint    ] Application time: 1.0000762 seconds
[2019-12-08T12:07:35.714+0000][1][safepoint    ] Entering safepoint region: Cleanup
[2019-12-08T12:07:35.714+0000][1][safepoint    ] Leaving safepoint region
[2019-12-08T12:07:35.714+0000][1][safepoint    ] Total time for which application threads were stopped: 0.0000653 seconds, Stopping threads took: 0.0000165 seconds
[2019-12-08T12:07:36.714+0000][1][safepoint    ] Application time: 1.0000730 seconds
[2019-12-08T12:07:36.714+0000][1][safepoint    ] Entering safepoint region: Cleanup
[2019-12-08T12:07:36.714+0000][1][safepoint    ] Leaving safepoint region
[2019-12-08T12:07:36.714+0000][1][safepoint    ] Total time for which application threads were stopped: 0.0000648 seconds, Stopping threads took: 0.0000157 seconds
[2019-12-08T12:07:37.714+0000][1][safepoint    ] Application time: 1.0000774 seconds
[2019-12-08T12:07:37.714+0000][1][safepoint    ] Entering safepoint region: Cleanup
[2019-12-08T12:07:37.714+0000][1][safepoint    ] Leaving safepoint region
[2019-12-08T12:07:37.714+0000][1][safepoint    ] Total time for which application threads were stopped: 0.0000755 seconds, Stopping threads took: 0.0000156 seconds
[2019-12-08T12:07:38.714+0000][1][safepoint    ] Application time: 1.0000857 seconds
[2019-12-08T12:07:38.714+0000][1][safepoint    ] Entering safepoint region: Cleanup
[2019-12-08T12:07:38.715+0000][1][safepoint    ] Leaving safepoint region
[2019-12-08T12:07:38.715+0000][1][safepoint    ] Total time for which application threads were stopped: 0.0000762 seconds, Stopping threads took: 0.0000168 seconds
[2019-12-08T12:07:39.715+0000][1][safepoint    ] Application time: 1.0000803 seconds
[2019-12-08T12:07:39.715+0000][1][safepoint    ] Entering safepoint region: Cleanup
[2019-12-08T12:07:39.715+0000][1][safepoint    ] Leaving safepoint region
[2019-12-08T12:07:39.715+0000][1][safepoint    ] Total time for which application threads were stopped: 0.0000887 seconds, Stopping threads took: 0.0000182 seconds
[2019-12-08T12:07:40.715+0000][1][safepoint    ] Application time: 1.0000825 seconds
[2019-12-08T12:07:40.715+0000][1][safepoint    ] Entering safepoint region: Cleanup
[2019-12-08T12:07:40.715+0000][1][safepoint    ] Leaving safepoint region
[2019-12-08T12:07:40.715+0000][1][safepoint    ] Total time for which application threads were stopped: 0.0000712 seconds, Stopping threads took: 0.0000196 seconds
[2019-12-08T12:07:41.715+0000][1][safepoint    ] Application time: 1.0000790 seconds
[2019-12-08T12:07:41.715+0000][1][safepoint    ] Entering safepoint region: Cleanup
[2019-12-08T12:07:41.715+0000][1][safepoint    ] Leaving safepoint region
[2019-12-08T12:07:41.715+0000][1][safepoint    ] Total time for which application threads were stopped: 0.0000732 seconds, Stopping threads took: 0.0000180 seconds
[2019-12-08T12:07:42.715+0000][1][safepoint    ] Application time: 1.0000777 seconds
[2019-12-08T12:07:42.715+0000][1][safepoint    ] Entering safepoint region: Cleanup
[2019-12-08T12:07:42.715+0000][1][safepoint    ] Leaving safepoint region
[2019-12-08T12:07:42.715+0000][1][safepoint    ] Total time for which application threads were stopped: 0.0000737 seconds, Stopping threads took: 0.0000164 seconds
[2019-12-08T12:07:43.715+0000][1][safepoint    ] Application time: 1.0000851 seconds
[2019-12-08T12:07:43.715+0000][1][safepoint    ] Entering safepoint region: Cleanup
[2019-12-08T12:07:43.716+0000][1][safepoint    ] Leaving safepoint region
[2019-12-08T12:07:43.716+0000][1][safepoint    ] Total time for which application threads were stopped: 0.0001136 seconds, Stopping threads took: 0.0000484 seconds
[2019-12-08T12:07:44.716+0000][1][safepoint    ] Application time: 1.0000839 seconds
[2019-12-08T12:07:44.716+0000][1][safepoint    ] Entering safepoint region: Cleanup
[2019-12-08T12:07:44.716+0000][1][safepoint    ] Leaving safepoint region
[2019-12-08T12:07:44.716+0000][1][safepoint    ] Total time for which application threads were stopped: 0.0000873 seconds, Stopping threads took: 0.0000325 seconds
[2019-12-08T12:07:45.716+0000][1][safepoint    ] Application time: 1.0000792 seconds
[2019-12-08T12:07:45.716+0000][1][safepoint    ] Entering safepoint region: Cleanup
[2019-12-08T12:07:45.716+0000][1][safepoint    ] Leaving safepoint region
[2019-12-08T12:07:45.716+0000][1][safepoint    ] Total time for which application threads were stopped: 0.0000738 seconds, Stopping threads took: 0.0000184 seconds
[2019-12-08T12:07:46.716+0000][1][safepoint    ] Application time: 1.0000811 seconds
[2019-12-08T12:07:46.716+0000][1][safepoint    ] Entering safepoint region: Cleanup
[2019-12-08T12:07:46.716+0000][1][safepoint    ] Leaving safepoint region
[2019-12-08T12:07:46.716+0000][1][safepoint    ] Total time for which application threads were stopped: 0.0000716 seconds, Stopping threads took: 0.0000186 seconds
[2019-12-08T12:07:47.716+0000][1][safepoint    ] Application time: 1.0000835 seconds
[2019-12-08T12:07:47.716+0000][1][safepoint    ] Entering safepoint region: Cleanup
[2019-12-08T12:07:47.716+0000][1][safepoint    ] Leaving safepoint region
[2019-12-08T12:07:47.716+0000][1][safepoint    ] Total time for which application threads were stopped: 0.0000784 seconds, Stopping threads took: 0.0000176 seconds
[2019-12-08T12:07:48.716+0000][1][safepoint    ] Application time: 1.0000801 seconds
[2019-12-08T12:07:48.717+0000][1][safepoint    ] Entering safepoint region: Cleanup
[2019-12-08T12:07:48.717+0000][1][safepoint    ] Leaving safepoint region
[2019-12-08T12:07:48.717+0000][1][safepoint    ] Total time for which application threads were stopped: 0.0001095 seconds, Stopping threads took: 0.0000538 seconds
[2019-12-08T12:07:48.717+0000][1][safepoint    ] Application time: 0.0003743 seconds
[2019-12-08T12:07:48.717+0000][1][safepoint    ] Entering safepoint region: GenCollectForAllocation
[2019-12-08T12:07:48.717+0000][1][gc,start     ] GC(39) Pause Young (Allocation Failure)
[2019-12-08T12:07:48.717+0000][1][gc,task      ] GC(39) Using 4 workers of 4 for evacuation
[2019-12-08T12:07:48.718+0000][1][gc,age       ] GC(39) Desired survivor size 4456448 bytes, new threshold 6 (max threshold 6)
[2019-12-08T12:07:48.718+0000][1][gc,age       ] GC(39) Age table with threshold 6 (max threshold 6)
[2019-12-08T12:07:48.718+0000][1][gc,age       ] GC(39) - age   1:       4344 bytes,       4344 total
[2019-12-08T12:07:48.718+0000][1][gc,age       ] GC(39) - age   2:         96 bytes,       4440 total
[2019-12-08T12:07:48.718+0000][1][gc,age       ] GC(39) - age   3:       2176 bytes,       6616 total
[2019-12-08T12:07:48.718+0000][1][gc,age       ] GC(39) - age   5:       1392 bytes,       8008 total
[2019-12-08T12:07:48.718+0000][1][gc,age       ] GC(39) - age   6:       1064 bytes,       9072 total
[2019-12-08T12:07:48.718+0000][1][gc,heap      ] GC(39) ParNew: 69971K->16K(78656K)
[2019-12-08T12:07:48.718+0000][1][gc,heap      ] GC(39) CMS: 70152K->70154K(174784K)
[2019-12-08T12:07:48.718+0000][1][gc,metaspace ] GC(39) Metaspace: 69024K->69024K(1112064K)
[2019-12-08T12:07:48.718+0000][1][gc           ] GC(39) Pause Young (Allocation Failure) 136M->68M(247M) 1.052ms
[2019-12-08T12:07:48.718+0000][1][gc,cpu       ] GC(39) User=0.00s Sys=0.00s Real=0.00s
[2019-12-08T12:07:48.718+0000][1][safepoint    ] Leaving safepoint region
[2019-12-08T12:07:48.718+0000][1][safepoint    ] Total time for which application threads were stopped: 0.0011593 seconds, Stopping threads took: 0.0000064 seconds
[2019-12-08T12:07:49.718+0000][1][safepoint    ] Application time: 1.0000871 seconds
[2019-12-08T12:07:49.718+0000][1][safepoint    ] Entering safepoint region: Cleanup
[2019-12-08T12:07:49.718+0000][1][safepoint    ] Leaving safepoint region
[2019-12-08T12:07:49.718+0000][1][safepoint    ] Total time for which application threads were stopped: 0.0000721 seconds, Stopping threads took: 0.0000176 seconds
[2019-12-08T12:07:50.718+0000][1][safepoint    ] Application time: 1.0000890 seconds
[2019-12-08T12:07:50.718+0000][1][safepoint    ] Entering safepoint region: Cleanup
[2019-12-08T12:07:50.719+0000][1][safepoint    ] Leaving safepoint region
[2019-12-08T12:07:50.719+0000][1][safepoint    ] Total time for which application threads were stopped: 0.0000738 seconds, Stopping threads took: 0.0000183 seconds
[2019-12-08T12:07:51.719+0000][1][safepoint    ] Application time: 1.0000859 seconds
[2019-12-08T12:07:51.719+0000][1][safepoint    ] Entering safepoint region: Cleanup
[2019-12-08T12:07:51.719+0000][1][safepoint    ] Leaving safepoint region
[2019-12-08T12:07:51.719+0000][1][safepoint    ] Total time for which application threads were stopped: 0.0000850 seconds, Stopping threads took: 0.0000187 seconds
[2019-12-08T12:07:52.719+0000][1][safepoint    ] Application time: 1.0000818 seconds
[2019-12-08T12:07:52.719+0000][1][safepoint    ] Entering safepoint region: Cleanup
[2019-12-08T12:07:52.719+0000][1][safepoint    ] Leaving safepoint region
[2019-12-08T12:07:52.719+0000][1][safepoint    ] Total time for which application threads were stopped: 0.0000715 seconds, Stopping threads took: 0.0000188 seconds
[2019-12-08T12:07:53.719+0000][1][safepoint    ] Application time: 1.0000888 seconds
[2019-12-08T12:07:53.719+0000][1][safepoint    ] Entering safepoint region: Cleanup
[2019-12-08T12:07:53.719+0000][1][safepoint    ] Leaving safepoint region
[2019-12-08T12:07:53.719+0000][1][safepoint    ] Total time for which application threads were stopped: 0.0000748 seconds, Stopping threads took: 0.0000190 seconds
[2019-12-08T12:07:54.719+0000][1][safepoint    ] Application time: 1.0000911 seconds
[2019-12-08T12:07:54.719+0000][1][safepoint    ] Entering safepoint region: Cleanup
[2019-12-08T12:07:54.719+0000][1][safepoint    ] Leaving safepoint region
[2019-12-08T12:07:54.719+0000][1][safepoint    ] Total time for which application threads were stopped: 0.0000712 seconds, Stopping threads took: 0.0000187 seconds
[2019-12-08T12:07:55.719+0000][1][safepoint    ] Application time: 1.0000826 seconds
[2019-12-08T12:07:55.719+0000][1][safepoint    ] Entering safepoint region: Cleanup
[2019-12-08T12:07:55.719+0000][1][safepoint    ] Leaving safepoint region
[2019-12-08T12:07:55.720+0000][1][safepoint    ] Total time for which application threads were stopped: 0.0000709 seconds, Stopping threads took: 0.0000176 seconds
[2019-12-08T12:07:56.720+0000][1][safepoint    ] Application time: 1.0000781 seconds
[2019-12-08T12:07:56.720+0000][1][safepoint    ] Entering safepoint region: Cleanup
[2019-12-08T12:07:56.720+0000][1][safepoint    ] Leaving safepoint region
[2019-12-08T12:07:56.720+0000][1][safepoint    ] Total time for which application threads were stopped: 0.0000865 seconds, Stopping threads took: 0.0000183 seconds
[2019-12-08T12:07:57.720+0000][1][safepoint    ] Application time: 1.0000808 seconds
[2019-12-08T12:07:57.720+0000][1][safepoint    ] Entering safepoint region: Cleanup
[2019-12-08T12:07:57.720+0000][1][safepoint    ] Leaving safepoint region
[2019-12-08T12:07:57.720+0000][1][safepoint    ] Total time for which application threads were stopped: 0.0000770 seconds, Stopping threads took: 0.0000203 seconds
[2019-12-08T12:07:58.720+0000][1][safepoint    ] Application time: 1.0000893 seconds
[2019-12-08T12:07:58.720+0000][1][safepoint    ] Entering safepoint region: Cleanup
[2019-12-08T12:07:58.720+0000][1][safepoint    ] Leaving safepoint region
[2019-12-08T12:07:58.720+0000][1][safepoint    ] Total time for which application threads were stopped: 0.0000743 seconds, Stopping threads took: 0.0000195 seconds
[2019-12-08T12:08:00.555+0000][1][safepoint    ] Application time: 1.8345293 seconds
[2019-12-08T12:08:00.555+0000][1][safepoint    ] Entering safepoint region: Cleanup
[2019-12-08T12:08:00.555+0000][1][safepoint    ] Leaving safepoint region
[2019-12-08T12:08:00.555+0000][1][safepoint    ] Total time for which application threads were stopped: 0.0000906 seconds, Stopping threads took: 0.0000298 seconds
[2019-12-08T12:08:01.555+0000][1][safepoint    ] Application time: 1.0000838 seconds
[2019-12-08T12:08:01.555+0000][1][safepoint    ] Entering safepoint region: Cleanup
[2019-12-08T12:08:01.555+0000][1][safepoint    ] Leaving safepoint region
[2019-12-08T12:08:01.555+0000][1][safepoint    ] Total time for which application threads were stopped: 0.0001694 seconds, Stopping threads took: 0.0000681 seconds
[2019-12-08T12:08:02.555+0000][1][safepoint    ] Application time: 1.0000840 seconds
[2019-12-08T12:08:02.555+0000][1][safepoint    ] Entering safepoint region: Cleanup
[2019-12-08T12:08:02.555+0000][1][safepoint    ] Leaving safepoint region
[2019-12-08T12:08:02.555+0000][1][safepoint    ] Total time for which application threads were stopped: 0.0000750 seconds, Stopping threads took: 0.0000197 seconds
[2019-12-08T12:08:03.555+0000][1][safepoint    ] Application time: 1.0000785 seconds
[2019-12-08T12:08:03.555+0000][1][safepoint    ] Entering safepoint region: Cleanup
[2019-12-08T12:08:03.555+0000][1][safepoint    ] Leaving safepoint region
[2019-12-08T12:08:03.555+0000][1][safepoint    ] Total time for which application threads were stopped: 0.0000742 seconds, Stopping threads took: 0.0000197 seconds
[2019-12-08T12:08:04.556+0000][1][safepoint    ] Application time: 1.0000798 seconds
[2019-12-08T12:08:04.556+0000][1][safepoint    ] Entering safepoint region: Cleanup
[2019-12-08T12:08:04.556+0000][1][safepoint    ] Leaving safepoint region
[2019-12-08T12:08:04.556+0000][1][safepoint    ] Total time for which application threads were stopped: 0.0001003 seconds, Stopping threads took: 0.0000284 seconds
[2019-12-08T12:08:05.556+0000][1][safepoint    ] Application time: 1.0000825 seconds
[2019-12-08T12:08:05.556+0000][1][safepoint    ] Entering safepoint region: Cleanup
[2019-12-08T12:08:05.556+0000][1][safepoint    ] Leaving safepoint region
[2019-12-08T12:08:05.556+0000][1][safepoint    ] Total time for which application threads were stopped: 0.0000761 seconds, Stopping threads took: 0.0000214 seconds
[2019-12-08T12:08:06.556+0000][1][safepoint    ] Application time: 1.0000846 seconds
[2019-12-08T12:08:06.556+0000][1][safepoint    ] Entering safepoint region: Cleanup
[2019-12-08T12:08:06.556+0000][1][safepoint    ] Leaving safepoint region
[2019-12-08T12:08:06.556+0000][1][safepoint    ] Total time for which application threads were stopped: 0.0000757 seconds, Stopping threads took: 0.0000203 seconds
[2019-12-08T12:08:07.556+0000][1][safepoint    ] Application time: 1.0000806 seconds
[2019-12-08T12:08:07.556+0000][1][safepoint    ] Entering safepoint region: Cleanup
[2019-12-08T12:08:07.556+0000][1][safepoint    ] Leaving safepoint region
[2019-12-08T12:08:07.556+0000][1][safepoint    ] Total time for which application threads were stopped: 0.0000728 seconds, Stopping threads took: 0.0000185 seconds
[2019-12-08T12:08:08.556+0000][1][safepoint    ] Application time: 1.0000757 seconds
[2019-12-08T12:08:08.556+0000][1][safepoint    ] Entering safepoint region: Cleanup
[2019-12-08T12:08:08.557+0000][1][safepoint    ] Leaving safepoint region
[2019-12-08T12:08:08.557+0000][1][safepoint    ] Total time for which application threads were stopped: 0.0000758 seconds, Stopping threads took: 0.0000192 seconds
[2019-12-08T12:08:09.557+0000][1][safepoint    ] Application time: 1.0000774 seconds
[2019-12-08T12:08:09.557+0000][1][safepoint    ] Entering safepoint region: Cleanup
[2019-12-08T12:08:09.557+0000][1][safepoint    ] Leaving safepoint region
[2019-12-08T12:08:09.557+0000][1][safepoint    ] Total time for which application threads were stopped: 0.0000929 seconds, Stopping threads took: 0.0000271 seconds
[2019-12-08T12:08:10.557+0000][1][safepoint    ] Application time: 1.0000761 seconds
[2019-12-08T12:08:10.557+0000][1][safepoint    ] Entering safepoint region: Cleanup
[2019-12-08T12:08:10.557+0000][1][safepoint    ] Leaving safepoint region
[2019-12-08T12:08:10.557+0000][1][safepoint    ] Total time for which application threads were stopped: 0.0000725 seconds, Stopping threads took: 0.0000184 seconds
[2019-12-08T12:08:11.557+0000][1][safepoint    ] Application time: 1.0000770 seconds
[2019-12-08T12:08:11.557+0000][1][safepoint    ] Entering safepoint region: Cleanup
[2019-12-08T12:08:11.557+0000][1][safepoint    ] Leaving safepoint region
[2019-12-08T12:08:11.557+0000][1][safepoint    ] Total time for which application threads were stopped: 0.0000769 seconds, Stopping threads took: 0.0000187 seconds
[2019-12-08T12:08:12.557+0000][1][safepoint    ] Application time: 1.0000761 seconds
[2019-12-08T12:08:12.557+0000][1][safepoint    ] Entering safepoint region: Cleanup
[2019-12-08T12:08:12.557+0000][1][safepoint    ] Leaving safepoint region
[2019-12-08T12:08:12.557+0000][1][safepoint    ] Total time for which application threads were stopped: 0.0000765 seconds, Stopping threads took: 0.0000200 seconds
[2019-12-08T12:08:13.557+0000][1][safepoint    ] Application time: 1.0000799 seconds
[2019-12-08T12:08:13.557+0000][1][safepoint    ] Entering safepoint region: Cleanup
[2019-12-08T12:08:13.558+0000][1][safepoint    ] Leaving safepoint region
[2019-12-08T12:08:13.558+0000][1][safepoint    ] Total time for which application threads were stopped: 0.0000764 seconds, Stopping threads took: 0.0000209 seconds
[2019-12-08T12:08:14.558+0000][1][safepoint    ] Application time: 1.0000826 seconds
[2019-12-08T12:08:14.558+0000][1][safepoint    ] Entering safepoint region: Cleanup
[2019-12-08T12:08:14.558+0000][1][safepoint    ] Leaving safepoint region
[2019-12-08T12:08:14.558+0000][1][safepoint    ] Total time for which application threads were stopped: 0.0001003 seconds, Stopping threads took: 0.0000293 seconds
[2019-12-08T12:08:15.558+0000][1][safepoint    ] Application time: 1.0000783 seconds
[2019-12-08T12:08:15.558+0000][1][safepoint    ] Entering safepoint region: Cleanup
[2019-12-08T12:08:15.558+0000][1][safepoint    ] Leaving safepoint region
[2019-12-08T12:08:15.558+0000][1][safepoint    ] Total time for which application threads were stopped: 0.0000762 seconds, Stopping threads took: 0.0000211 seconds
[2019-12-08T12:08:16.558+0000][1][safepoint    ] Application time: 1.0000813 seconds
[2019-12-08T12:08:16.558+0000][1][safepoint    ] Entering safepoint region: Cleanup
[2019-12-08T12:08:16.558+0000][1][safepoint    ] Leaving safepoint region
[2019-12-08T12:08:16.558+0000][1][safepoint    ] Total time for which application threads were stopped: 0.0000773 seconds, Stopping threads took: 0.0000199 seconds
[2019-12-08T12:08:17.558+0000][1][safepoint    ] Application time: 1.0000849 seconds
[2019-12-08T12:08:17.558+0000][1][safepoint    ] Entering safepoint region: Cleanup
[2019-12-08T12:08:17.558+0000][1][safepoint    ] Leaving safepoint region
[2019-12-08T12:08:17.558+0000][1][safepoint    ] Total time for which application threads were stopped: 0.0000741 seconds, Stopping threads took: 0.0000196 seconds
[2019-12-08T12:08:18.558+0000][1][safepoint    ] Application time: 1.0000849 seconds
[2019-12-08T12:08:18.558+0000][1][safepoint    ] Entering safepoint region: Cleanup
[2019-12-08T12:08:18.559+0000][1][safepoint    ] Leaving safepoint region
[2019-12-08T12:08:18.559+0000][1][safepoint    ] Total time for which application threads were stopped: 0.0000744 seconds, Stopping threads took: 0.0000189 seconds
[2019-12-08T12:08:19.559+0000][1][safepoint    ] Application time: 1.0000816 seconds
[2019-12-08T12:08:19.559+0000][1][safepoint    ] Entering safepoint region: Cleanup
[2019-12-08T12:08:19.559+0000][1][safepoint    ] Leaving safepoint region
[2019-12-08T12:08:19.559+0000][1][safepoint    ] Total time for which application threads were stopped: 0.0000788 seconds, Stopping threads took: 0.0000216 seconds
[2019-12-08T12:08:20.559+0000][1][safepoint    ] Application time: 1.0000843 seconds
[2019-12-08T12:08:20.559+0000][1][safepoint    ] Entering safepoint region: Cleanup
[2019-12-08T12:08:20.559+0000][1][safepoint    ] Leaving safepoint region
[2019-12-08T12:08:20.559+0000][1][safepoint    ] Total time for which application threads were stopped: 0.0000770 seconds, Stopping threads took: 0.0000219 seconds
[2019-12-08T12:08:21.559+0000][1][safepoint    ] Application time: 1.0000871 seconds
[2019-12-08T12:08:21.559+0000][1][safepoint    ] Entering safepoint region: Cleanup
[2019-12-08T12:08:21.559+0000][1][safepoint    ] Leaving safepoint region
[2019-12-08T12:08:21.559+0000][1][safepoint    ] Total time for which application threads were stopped: 0.0000754 seconds, Stopping threads took: 0.0000202 seconds
[2019-12-08T12:08:22.559+0000][1][safepoint    ] Application time: 1.0000846 seconds
[2019-12-08T12:08:22.559+0000][1][safepoint    ] Entering safepoint region: Cleanup
[2019-12-08T12:08:22.559+0000][1][safepoint    ] Leaving safepoint region
[2019-12-08T12:08:22.559+0000][1][safepoint    ] Total time for which application threads were stopped: 0.0000769 seconds, Stopping threads took: 0.0000202 seconds
[2019-12-08T12:08:23.559+0000][1][safepoint    ] Application time: 1.0000833 seconds
[2019-12-08T12:08:23.560+0000][1][safepoint    ] Entering safepoint region: Cleanup
[2019-12-08T12:08:23.560+0000][1][safepoint    ] Leaving safepoint region
[2019-12-08T12:08:23.560+0000][1][safepoint    ] Total time for which application threads were stopped: 0.0000798 seconds, Stopping threads took: 0.0000212 seconds
[2019-12-08T12:08:24.560+0000][1][safepoint    ] Application time: 1.0000955 seconds
[2019-12-08T12:08:24.560+0000][1][safepoint    ] Entering safepoint region: Cleanup
[2019-12-08T12:08:24.560+0000][1][safepoint    ] Leaving safepoint region
[2019-12-08T12:08:24.560+0000][1][safepoint    ] Total time for which application threads were stopped: 0.0000831 seconds, Stopping threads took: 0.0000280 seconds
[2019-12-08T12:08:25.560+0000][1][safepoint    ] Application time: 1.0000857 seconds
[2019-12-08T12:08:25.560+0000][1][safepoint    ] Entering safepoint region: Cleanup
[2019-12-08T12:08:25.560+0000][1][safepoint    ] Leaving safepoint region
[2019-12-08T12:08:25.560+0000][1][safepoint    ] Total time for which application threads were stopped: 0.0000737 seconds, Stopping threads took: 0.0000193 seconds
[2019-12-08T12:08:26.560+0000][1][safepoint    ] Application time: 1.0000795 seconds
[2019-12-08T12:08:26.560+0000][1][safepoint    ] Entering safepoint region: Cleanup
[2019-12-08T12:08:26.560+0000][1][safepoint    ] Leaving safepoint region
[2019-12-08T12:08:26.560+0000][1][safepoint    ] Total time for which application threads were stopped: 0.0000766 seconds, Stopping threads took: 0.0000200 seconds
[2019-12-08T12:08:27.560+0000][1][safepoint    ] Application time: 1.0000828 seconds
[2019-12-08T12:08:27.560+0000][1][safepoint    ] Entering safepoint region: Cleanup
[2019-12-08T12:08:27.560+0000][1][safepoint    ] Leaving safepoint region
[2019-12-08T12:08:27.560+0000][1][safepoint    ] Total time for which application threads were stopped: 0.0000769 seconds, Stopping threads took: 0.0000201 seconds
[2019-12-08T12:08:28.561+0000][1][safepoint    ] Application time: 1.0000882 seconds
[2019-12-08T12:08:28.561+0000][1][safepoint    ] Entering safepoint region: Cleanup
[2019-12-08T12:08:28.561+0000][1][safepoint    ] Leaving safepoint region
[2019-12-08T12:08:28.561+0000][1][safepoint    ] Total time for which application threads were stopped: 0.0000768 seconds, Stopping threads took: 0.0000198 seconds
[2019-12-08T12:08:29.561+0000][1][safepoint    ] Application time: 1.0000864 seconds
[2019-12-08T12:08:29.561+0000][1][safepoint    ] Entering safepoint region: Cleanup
[2019-12-08T12:08:29.561+0000][1][safepoint    ] Leaving safepoint region
[2019-12-08T12:08:29.561+0000][1][safepoint    ] Total time for which application threads were stopped: 0.0000748 seconds, Stopping threads took: 0.0000190 seconds
[2019-12-08T12:08:30.561+0000][1][safepoint    ] Application time: 1.0001044 seconds
[2019-12-08T12:08:30.561+0000][1][safepoint    ] Entering safepoint region: Cleanup
[2019-12-08T12:08:30.561+0000][1][safepoint    ] Leaving safepoint region
[2019-12-08T12:08:30.561+0000][1][safepoint    ] Total time for which application threads were stopped: 0.0000811 seconds, Stopping threads took: 0.0000199 seconds
[2019-12-08T12:08:31.561+0000][1][safepoint    ] Application time: 1.0000953 seconds
[2019-12-08T12:08:31.561+0000][1][safepoint    ] Entering safepoint region: Cleanup
[2019-12-08T12:08:31.561+0000][1][safepoint    ] Leaving safepoint region
[2019-12-08T12:08:31.561+0000][1][safepoint    ] Total time for which application threads were stopped: 0.0000854 seconds, Stopping threads took: 0.0000207 seconds
[2019-12-08T12:08:32.561+0000][1][safepoint    ] Application time: 1.0000854 seconds
[2019-12-08T12:08:32.561+0000][1][safepoint    ] Entering safepoint region: Cleanup
[2019-12-08T12:08:32.562+0000][1][safepoint    ] Leaving safepoint region
[2019-12-08T12:08:32.562+0000][1][safepoint    ] Total time for which application threads were stopped: 0.0000890 seconds, Stopping threads took: 0.0000212 seconds
[2019-12-08T12:08:33.562+0000][1][safepoint    ] Application time: 1.0000885 seconds
[2019-12-08T12:08:33.562+0000][1][safepoint    ] Entering safepoint region: Cleanup
[2019-12-08T12:08:33.562+0000][1][safepoint    ] Leaving safepoint region
[2019-12-08T12:08:33.562+0000][1][safepoint    ] Total time for which application threads were stopped: 0.0001113 seconds, Stopping threads took: 0.0000383 seconds
[2019-12-08T12:08:34.562+0000][1][safepoint    ] Application time: 1.0000818 seconds
[2019-12-08T12:08:34.562+0000][1][safepoint    ] Entering safepoint region: Cleanup
[2019-12-08T12:08:34.562+0000][1][safepoint    ] Leaving safepoint region
[2019-12-08T12:08:34.562+0000][1][safepoint    ] Total time for which application threads were stopped: 0.0000980 seconds, Stopping threads took: 0.0000201 seconds
[2019-12-08T12:08:35.562+0000][1][safepoint    ] Application time: 1.0000881 seconds
[2019-12-08T12:08:35.562+0000][1][safepoint    ] Entering safepoint region: Cleanup
[2019-12-08T12:08:35.562+0000][1][safepoint    ] Leaving safepoint region
[2019-12-08T12:08:35.562+0000][1][safepoint    ] Total time for which application threads were stopped: 0.0000867 seconds, Stopping threads took: 0.0000194 seconds
[2019-12-08T12:08:36.562+0000][1][safepoint    ] Application time: 1.0000811 seconds
[2019-12-08T12:08:36.562+0000][1][safepoint    ] Entering safepoint region: Cleanup
[2019-12-08T12:08:36.562+0000][1][safepoint    ] Leaving safepoint region
[2019-12-08T12:08:36.562+0000][1][safepoint    ] Total time for which application threads were stopped: 0.0000825 seconds, Stopping threads took: 0.0000207 seconds
[2019-12-08T12:08:37.563+0000][1][safepoint    ] Application time: 1.0000786 seconds
[2019-12-08T12:08:37.563+0000][1][safepoint    ] Entering safepoint region: Cleanup
[2019-12-08T12:08:37.563+0000][1][safepoint    ] Leaving safepoint region
[2019-12-08T12:08:37.563+0000][1][safepoint    ] Total time for which application threads were stopped: 0.0000831 seconds, Stopping threads took: 0.0000188 seconds
[2019-12-08T12:08:38.563+0000][1][safepoint    ] Application time: 1.0000820 seconds
[2019-12-08T12:08:38.563+0000][1][safepoint    ] Entering safepoint region: Cleanup
[2019-12-08T12:08:38.563+0000][1][safepoint    ] Leaving safepoint region
[2019-12-08T12:08:38.563+0000][1][safepoint    ] Total time for which application threads were stopped: 0.0000843 seconds, Stopping threads took: 0.0000187 seconds
[2019-12-08T12:08:39.563+0000][1][safepoint    ] Application time: 1.0000780 seconds
[2019-12-08T12:08:39.563+0000][1][safepoint    ] Entering safepoint region: Cleanup
[2019-12-08T12:08:39.563+0000][1][safepoint    ] Leaving safepoint region
[2019-12-08T12:08:39.563+0000][1][safepoint    ] Total time for which application threads were stopped: 0.0000916 seconds, Stopping threads took: 0.0000218 seconds
[2019-12-08T12:08:40.563+0000][1][safepoint    ] Application time: 1.0000794 seconds
[2019-12-08T12:08:40.563+0000][1][safepoint    ] Entering safepoint region: Cleanup
[2019-12-08T12:08:40.563+0000][1][safepoint    ] Leaving safepoint region
[2019-12-08T12:08:40.563+0000][1][safepoint    ] Total time for which application threads were stopped: 0.0000822 seconds, Stopping threads took: 0.0000198 seconds
[2019-12-08T12:08:41.563+0000][1][safepoint    ] Application time: 1.0000834 seconds
[2019-12-08T12:08:41.563+0000][1][safepoint    ] Entering safepoint region: Cleanup
[2019-12-08T12:08:41.563+0000][1][safepoint    ] Leaving safepoint region
[2019-12-08T12:08:41.563+0000][1][safepoint    ] Total time for which application threads were stopped: 0.0000828 seconds, Stopping threads took: 0.0000198 seconds
[2019-12-08T12:08:42.564+0000][1][safepoint    ] Application time: 1.0000799 seconds
[2019-12-08T12:08:42.564+0000][1][safepoint    ] Entering safepoint region: Cleanup
[2019-12-08T12:08:42.564+0000][1][safepoint    ] Leaving safepoint region
[2019-12-08T12:08:42.564+0000][1][safepoint    ] Total time for which application threads were stopped: 0.0000982 seconds, Stopping threads took: 0.0000226 seconds
[2019-12-08T12:08:43.564+0000][1][safepoint    ] Application time: 1.0000772 seconds
[2019-12-08T12:08:43.564+0000][1][safepoint    ] Entering safepoint region: Cleanup
[2019-12-08T12:08:43.564+0000][1][safepoint    ] Leaving safepoint region
[2019-12-08T12:08:43.564+0000][1][safepoint    ] Total time for which application threads were stopped: 0.0000792 seconds, Stopping threads took: 0.0000187 seconds
[2019-12-08T12:08:44.564+0000][1][safepoint    ] Application time: 1.0000794 seconds
[2019-12-08T12:08:44.564+0000][1][safepoint    ] Entering safepoint region: Cleanup
[2019-12-08T12:08:44.564+0000][1][safepoint    ] Leaving safepoint region
[2019-12-08T12:08:44.564+0000][1][safepoint    ] Total time for which application threads were stopped: 0.0000934 seconds, Stopping threads took: 0.0000214 seconds
[2019-12-08T12:08:45.564+0000][1][safepoint    ] Application time: 1.0000766 seconds
[2019-12-08T12:08:45.564+0000][1][safepoint    ] Entering safepoint region: Cleanup
[2019-12-08T12:08:45.564+0000][1][safepoint    ] Leaving safepoint region
[2019-12-08T12:08:45.564+0000][1][safepoint    ] Total time for which application threads were stopped: 0.0000782 seconds, Stopping threads took: 0.0000204 seconds
[2019-12-08T12:08:46.564+0000][1][safepoint    ] Application time: 1.0000813 seconds
[2019-12-08T12:08:46.564+0000][1][safepoint    ] Entering safepoint region: Cleanup
[2019-12-08T12:08:46.565+0000][1][safepoint    ] Leaving safepoint region
[2019-12-08T12:08:46.565+0000][1][safepoint    ] Total time for which application threads were stopped: 0.0000843 seconds, Stopping threads took: 0.0000201 seconds
[2019-12-08T12:08:47.565+0000][1][safepoint    ] Application time: 1.0000793 seconds
[2019-12-08T12:08:47.565+0000][1][safepoint    ] Entering safepoint region: Cleanup
[2019-12-08T12:08:47.565+0000][1][safepoint    ] Leaving safepoint region
[2019-12-08T12:08:47.565+0000][1][safepoint    ] Total time for which application threads were stopped: 0.0000916 seconds, Stopping threads took: 0.0000193 seconds
[2019-12-08T12:08:48.565+0000][1][safepoint    ] Application time: 1.0000812 seconds
[2019-12-08T12:08:48.565+0000][1][safepoint    ] Entering safepoint region: Cleanup
[2019-12-08T12:08:48.565+0000][1][safepoint    ] Leaving safepoint region
[2019-12-08T12:08:48.565+0000][1][safepoint    ] Total time for which application threads were stopped: 0.0000793 seconds, Stopping threads took: 0.0000190 seconds
[2019-12-08T12:08:49.565+0000][1][safepoint    ] Application time: 1.0000819 seconds
[2019-12-08T12:08:49.565+0000][1][safepoint    ] Entering safepoint region: Cleanup
[2019-12-08T12:08:49.565+0000][1][safepoint    ] Leaving safepoint region
[2019-12-08T12:08:49.565+0000][1][safepoint    ] Total time for which application threads were stopped: 0.0000812 seconds, Stopping threads took: 0.0000198 seconds
[2019-12-08T12:08:50.565+0000][1][safepoint    ] Application time: 1.0000937 seconds
[2019-12-08T12:08:50.565+0000][1][safepoint    ] Entering safepoint region: Cleanup
[2019-12-08T12:08:50.565+0000][1][safepoint    ] Leaving safepoint region
[2019-12-08T12:08:50.565+0000][1][safepoint    ] Total time for which application threads were stopped: 0.0000812 seconds, Stopping threads took: 0.0000199 seconds
[2019-12-08T12:08:51.565+0000][1][safepoint    ] Application time: 1.0000845 seconds
[2019-12-08T12:08:51.566+0000][1][safepoint    ] Entering safepoint region: Cleanup
[2019-12-08T12:08:51.566+0000][1][safepoint    ] Leaving safepoint region
[2019-12-08T12:08:51.566+0000][1][safepoint    ] Total time for which application threads were stopped: 0.0000811 seconds, Stopping threads took: 0.0000198 seconds
[2019-12-08T12:08:52.582+0000][1][safepoint    ] Application time: 1.0165517 seconds
[2019-12-08T12:08:52.582+0000][1][safepoint    ] Entering safepoint region: Cleanup
[2019-12-08T12:08:52.582+0000][1][safepoint    ] Leaving safepoint region
[2019-12-08T12:08:52.582+0000][1][safepoint    ] Total time for which application threads were stopped: 0.0001064 seconds, Stopping threads took: 0.0000234 seconds
[2019-12-08T12:08:53.582+0000][1][safepoint    ] Application time: 1.0000779 seconds
[2019-12-08T12:08:53.582+0000][1][safepoint    ] Entering safepoint region: Cleanup
[2019-12-08T12:08:53.582+0000][1][safepoint    ] Leaving safepoint region
[2019-12-08T12:08:53.582+0000][1][safepoint    ] Total time for which application threads were stopped: 0.0000797 seconds, Stopping threads took: 0.0000191 seconds
[2019-12-08T12:08:54.583+0000][1][safepoint    ] Application time: 1.0000806 seconds
[2019-12-08T12:08:54.583+0000][1][safepoint    ] Entering safepoint region: Cleanup
[2019-12-08T12:08:54.583+0000][1][safepoint    ] Leaving safepoint region
[2019-12-08T12:08:54.583+0000][1][safepoint    ] Total time for which application threads were stopped: 0.0001242 seconds, Stopping threads took: 0.0000182 seconds
[2019-12-08T12:08:55.583+0000][1][safepoint    ] Application time: 1.0000840 seconds
[2019-12-08T12:08:55.583+0000][1][safepoint    ] Entering safepoint region: Cleanup
[2019-12-08T12:08:55.583+0000][1][safepoint    ] Leaving safepoint region
[2019-12-08T12:08:55.583+0000][1][safepoint    ] Total time for which application threads were stopped: 0.0000741 seconds, Stopping threads took: 0.0000185 seconds
[2019-12-08T12:08:56.583+0000][1][safepoint    ] Application time: 1.0000770 seconds
[2019-12-08T12:08:56.583+0000][1][safepoint    ] Entering safepoint region: Cleanup
[2019-12-08T12:08:56.583+0000][1][safepoint    ] Leaving safepoint region
[2019-12-08T12:08:56.583+0000][1][safepoint    ] Total time for which application threads were stopped: 0.0000809 seconds, Stopping threads took: 0.0000190 seconds
[2019-12-08T12:08:57.583+0000][1][safepoint    ] Application time: 1.0000771 seconds
[2019-12-08T12:08:57.583+0000][1][safepoint    ] Entering safepoint region: Cleanup
[2019-12-08T12:08:57.583+0000][1][safepoint    ] Leaving safepoint region
[2019-12-08T12:08:57.583+0000][1][safepoint    ] Total time for which application threads were stopped: 0.0000794 seconds, Stopping threads took: 0.0000192 seconds
[2019-12-08T12:08:58.583+0000][1][safepoint    ] Application time: 1.0000746 seconds
[2019-12-08T12:08:58.583+0000][1][safepoint    ] Entering safepoint region: Cleanup
[2019-12-08T12:08:58.583+0000][1][safepoint    ] Leaving safepoint region
[2019-12-08T12:08:58.583+0000][1][safepoint    ] Total time for which application threads were stopped: 0.0000750 seconds, Stopping threads took: 0.0000184 seconds
[2019-12-08T12:08:59.584+0000][1][safepoint    ] Application time: 1.0000739 seconds
[2019-12-08T12:08:59.584+0000][1][safepoint    ] Entering safepoint region: Cleanup
[2019-12-08T12:08:59.584+0000][1][safepoint    ] Leaving safepoint region
[2019-12-08T12:08:59.584+0000][1][safepoint    ] Total time for which application threads were stopped: 0.0000780 seconds, Stopping threads took: 0.0000180 seconds
[2019-12-08T12:09:00.584+0000][1][safepoint    ] Application time: 1.0000760 seconds
[2019-12-08T12:09:00.584+0000][1][safepoint    ] Entering safepoint region: Cleanup
[2019-12-08T12:09:00.584+0000][1][safepoint    ] Leaving safepoint region
[2019-12-08T12:09:00.584+0000][1][safepoint    ] Total time for which application threads were stopped: 0.0000816 seconds, Stopping threads took: 0.0000240 seconds
[2019-12-08T12:09:01.584+0000][1][safepoint    ] Application time: 1.0000777 seconds
[2019-12-08T12:09:01.584+0000][1][safepoint    ] Entering safepoint region: Cleanup
[2019-12-08T12:09:01.584+0000][1][safepoint    ] Leaving safepoint region
[2019-12-08T12:09:01.584+0000][1][safepoint    ] Total time for which application threads were stopped: 0.0000776 seconds, Stopping threads took: 0.0000194 seconds
[2019-12-08T12:09:02.584+0000][1][safepoint    ] Application time: 1.0000749 seconds
[2019-12-08T12:09:02.584+0000][1][safepoint    ] Entering safepoint region: Cleanup
[2019-12-08T12:09:02.584+0000][1][safepoint    ] Leaving safepoint region
[2019-12-08T12:09:02.584+0000][1][safepoint    ] Total time for which application threads were stopped: 0.0000799 seconds, Stopping threads took: 0.0000193 seconds
[2019-12-08T12:09:03.584+0000][1][safepoint    ] Application time: 1.0000770 seconds
[2019-12-08T12:09:03.584+0000][1][safepoint    ] Entering safepoint region: Cleanup
[2019-12-08T12:09:03.584+0000][1][safepoint    ] Leaving safepoint region
[2019-12-08T12:09:03.584+0000][1][safepoint    ] Total time for which application threads were stopped: 0.0000757 seconds, Stopping threads took: 0.0000173 seconds
[2019-12-08T12:09:04.585+0000][1][safepoint    ] Application time: 1.0000768 seconds
[2019-12-08T12:09:04.585+0000][1][safepoint    ] Entering safepoint region: Cleanup
[2019-12-08T12:09:04.585+0000][1][safepoint    ] Leaving safepoint region
[2019-12-08T12:09:04.585+0000][1][safepoint    ] Total time for which application threads were stopped: 0.0000815 seconds, Stopping threads took: 0.0000190 seconds
[2019-12-08T12:09:05.585+0000][1][safepoint    ] Application time: 1.0000789 seconds
[2019-12-08T12:09:05.585+0000][1][safepoint    ] Entering safepoint region: Cleanup
[2019-12-08T12:09:05.585+0000][1][safepoint    ] Leaving safepoint region
[2019-12-08T12:09:05.585+0000][1][safepoint    ] Total time for which application threads were stopped: 0.0000824 seconds, Stopping threads took: 0.0000196 seconds
[2019-12-08T12:09:06.585+0000][1][safepoint    ] Application time: 1.0000796 seconds
[2019-12-08T12:09:06.585+0000][1][safepoint    ] Entering safepoint region: Cleanup
[2019-12-08T12:09:06.585+0000][1][safepoint    ] Leaving safepoint region
[2019-12-08T12:09:06.585+0000][1][safepoint    ] Total time for which application threads were stopped: 0.0000827 seconds, Stopping threads took: 0.0000194 seconds
[2019-12-08T12:09:07.585+0000][1][safepoint    ] Application time: 1.0000758 seconds
[2019-12-08T12:09:07.585+0000][1][safepoint    ] Entering safepoint region: Cleanup
[2019-12-08T12:09:07.585+0000][1][safepoint    ] Leaving safepoint region
[2019-12-08T12:09:07.585+0000][1][safepoint    ] Total time for which application threads were stopped: 0.0000800 seconds, Stopping threads took: 0.0000193 seconds
[2019-12-08T12:09:08.585+0000][1][safepoint    ] Application time: 1.0000794 seconds
[2019-12-08T12:09:08.585+0000][1][safepoint    ] Entering safepoint region: Cleanup
[2019-12-08T12:09:08.585+0000][1][safepoint    ] Leaving safepoint region
[2019-12-08T12:09:08.585+0000][1][safepoint    ] Total time for which application threads were stopped: 0.0000831 seconds, Stopping threads took: 0.0000195 seconds
[2019-12-08T12:09:09.586+0000][1][safepoint    ] Application time: 1.0000775 seconds
[2019-12-08T12:09:09.586+0000][1][safepoint    ] Entering safepoint region: Cleanup
[2019-12-08T12:09:09.586+0000][1][safepoint    ] Leaving safepoint region
[2019-12-08T12:09:09.586+0000][1][safepoint    ] Total time for which application threads were stopped: 0.0000869 seconds, Stopping threads took: 0.0000247 seconds
[2019-12-08T12:09:10.586+0000][1][safepoint    ] Application time: 1.0000784 seconds
[2019-12-08T12:09:10.586+0000][1][safepoint    ] Entering safepoint region: Cleanup
[2019-12-08T12:09:10.586+0000][1][safepoint    ] Leaving safepoint region
[2019-12-08T12:09:10.586+0000][1][safepoint    ] Total time for which application threads were stopped: 0.0000810 seconds, Stopping threads took: 0.0000190 seconds
[2019-12-08T12:09:11.586+0000][1][safepoint    ] Application time: 1.0000794 seconds
[2019-12-08T12:09:11.586+0000][1][safepoint    ] Entering safepoint region: Cleanup
[2019-12-08T12:09:11.586+0000][1][safepoint    ] Leaving safepoint region
[2019-12-08T12:09:11.586+0000][1][safepoint    ] Total time for which application threads were stopped: 0.0000824 seconds, Stopping threads took: 0.0000187 seconds
[2019-12-08T12:09:12.586+0000][1][safepoint    ] Application time: 1.0000789 seconds
[2019-12-08T12:09:12.586+0000][1][safepoint    ] Entering safepoint region: Cleanup
[2019-12-08T12:09:12.586+0000][1][safepoint    ] Leaving safepoint region
[2019-12-08T12:09:12.586+0000][1][safepoint    ] Total time for which application threads were stopped: 0.0000848 seconds, Stopping threads took: 0.0000208 seconds
[2019-12-08T12:09:13.586+0000][1][safepoint    ] Application time: 1.0000792 seconds
[2019-12-08T12:09:13.586+0000][1][safepoint    ] Entering safepoint region: Cleanup
[2019-12-08T12:09:13.586+0000][1][safepoint    ] Leaving safepoint region
[2019-12-08T12:09:13.586+0000][1][safepoint    ] Total time for which application threads were stopped: 0.0000833 seconds, Stopping threads took: 0.0000200 seconds
[2019-12-08T12:09:14.587+0000][1][safepoint    ] Application time: 1.0000765 seconds
[2019-12-08T12:09:14.587+0000][1][safepoint    ] Entering safepoint region: Cleanup
[2019-12-08T12:09:14.587+0000][1][safepoint    ] Leaving safepoint region
[2019-12-08T12:09:14.587+0000][1][safepoint    ] Total time for which application threads were stopped: 0.0000953 seconds, Stopping threads took: 0.0000206 seconds
[2019-12-08T12:09:15.587+0000][1][safepoint    ] Application time: 1.0000781 seconds
[2019-12-08T12:09:15.587+0000][1][safepoint    ] Entering safepoint region: Cleanup
[2019-12-08T12:09:15.587+0000][1][safepoint    ] Leaving safepoint region
[2019-12-08T12:09:15.587+0000][1][safepoint    ] Total time for which application threads were stopped: 0.0000806 seconds, Stopping threads took: 0.0000198 seconds
[2019-12-08T12:09:16.587+0000][1][safepoint    ] Application time: 1.0000757 seconds
[2019-12-08T12:09:16.587+0000][1][safepoint    ] Entering safepoint region: Cleanup
[2019-12-08T12:09:16.587+0000][1][safepoint    ] Leaving safepoint region
[2019-12-08T12:09:16.587+0000][1][safepoint    ] Total time for which application threads were stopped: 0.0000860 seconds, Stopping threads took: 0.0000211 seconds
[2019-12-08T12:09:17.587+0000][1][safepoint    ] Application time: 1.0000758 seconds
[2019-12-08T12:09:17.587+0000][1][safepoint    ] Entering safepoint region: Cleanup
[2019-12-08T12:09:17.587+0000][1][safepoint    ] Leaving safepoint region
[2019-12-08T12:09:17.587+0000][1][safepoint    ] Total time for which application threads were stopped: 0.0000801 seconds, Stopping threads took: 0.0000189 seconds
[2019-12-08T12:09:18.587+0000][1][safepoint    ] Application time: 1.0000757 seconds
[2019-12-08T12:09:18.587+0000][1][safepoint    ] Entering safepoint region: Cleanup
[2019-12-08T12:09:18.588+0000][1][safepoint    ] Leaving safepoint region
[2019-12-08T12:09:18.588+0000][1][safepoint    ] Total time for which application threads were stopped: 0.0000808 seconds, Stopping threads took: 0.0000187 seconds
[2019-12-08T12:09:19.588+0000][1][safepoint    ] Application time: 1.0000791 seconds
[2019-12-08T12:09:19.588+0000][1][safepoint    ] Entering safepoint region: Cleanup
[2019-12-08T12:09:19.588+0000][1][safepoint    ] Leaving safepoint region
[2019-12-08T12:09:19.588+0000][1][safepoint    ] Total time for which application threads were stopped: 0.0000905 seconds, Stopping threads took: 0.0000197 seconds
[2019-12-08T12:09:20.588+0000][1][safepoint    ] Application time: 1.0000782 seconds
[2019-12-08T12:09:20.588+0000][1][safepoint    ] Entering safepoint region: Cleanup
[2019-12-08T12:09:20.588+0000][1][safepoint    ] Leaving safepoint region
[2019-12-08T12:09:20.588+0000][1][safepoint    ] Total time for which application threads were stopped: 0.0000822 seconds, Stopping threads took: 0.0000190 seconds
[2019-12-08T12:09:21.588+0000][1][safepoint    ] Application time: 1.0000763 seconds
[2019-12-08T12:09:21.588+0000][1][safepoint    ] Entering safepoint region: Cleanup
[2019-12-08T12:09:21.588+0000][1][safepoint    ] Leaving safepoint region
[2019-12-08T12:09:21.588+0000][1][safepoint    ] Total time for which application threads were stopped: 0.0000787 seconds, Stopping threads took: 0.0000188 seconds
[2019-12-08T12:09:22.588+0000][1][safepoint    ] Application time: 1.0000765 seconds
[2019-12-08T12:09:22.588+0000][1][safepoint    ] Entering safepoint region: Cleanup
[2019-12-08T12:09:22.588+0000][1][safepoint    ] Leaving safepoint region
[2019-12-08T12:09:22.588+0000][1][safepoint    ] Total time for which application threads were stopped: 0.0000786 seconds, Stopping threads took: 0.0000185 seconds
[2019-12-08T12:09:23.588+0000][1][safepoint    ] Application time: 1.0000773 seconds
[2019-12-08T12:09:23.588+0000][1][safepoint    ] Entering safepoint region: Cleanup
[2019-12-08T12:09:23.589+0000][1][safepoint    ] Leaving safepoint region
[2019-12-08T12:09:23.589+0000][1][safepoint    ] Total time for which application threads were stopped: 0.0000788 seconds, Stopping threads took: 0.0000185 seconds
[2019-12-08T12:09:24.589+0000][1][safepoint    ] Application time: 1.0000775 seconds
[2019-12-08T12:09:24.589+0000][1][safepoint    ] Entering safepoint region: Cleanup
[2019-12-08T12:09:24.589+0000][1][safepoint    ] Leaving safepoint region
[2019-12-08T12:09:24.589+0000][1][safepoint    ] Total time for which application threads were stopped: 0.0000945 seconds, Stopping threads took: 0.0000194 seconds
[2019-12-08T12:09:25.589+0000][1][safepoint    ] Application time: 1.0000793 seconds
[2019-12-08T12:09:25.589+0000][1][safepoint    ] Entering safepoint region: Cleanup
[2019-12-08T12:09:25.589+0000][1][safepoint    ] Leaving safepoint region
[2019-12-08T12:09:25.589+0000][1][safepoint    ] Total time for which application threads were stopped: 0.0000770 seconds, Stopping threads took: 0.0000173 seconds
[2019-12-08T12:09:26.589+0000][1][safepoint    ] Application time: 1.0000755 seconds
[2019-12-08T12:09:26.589+0000][1][safepoint    ] Entering safepoint region: Cleanup
[2019-12-08T12:09:26.589+0000][1][safepoint    ] Leaving safepoint region
[2019-12-08T12:09:26.589+0000][1][safepoint    ] Total time for which application threads were stopped: 0.0000782 seconds, Stopping threads took: 0.0000186 seconds
[2019-12-08T12:09:27.600+0000][1][safepoint    ] Application time: 1.0103633 seconds
[2019-12-08T12:09:27.600+0000][1][safepoint    ] Entering safepoint region: Cleanup
[2019-12-08T12:09:27.600+0000][1][safepoint    ] Leaving safepoint region
[2019-12-08T12:09:27.600+0000][1][safepoint    ] Total time for which application threads were stopped: 0.0001078 seconds, Stopping threads took: 0.0000396 seconds
[2019-12-08T12:09:28.600+0000][1][safepoint    ] Application time: 1.0000876 seconds
[2019-12-08T12:09:28.600+0000][1][safepoint    ] Entering safepoint region: Cleanup
[2019-12-08T12:09:28.600+0000][1][safepoint    ] Leaving safepoint region
[2019-12-08T12:09:28.600+0000][1][safepoint    ] Total time for which application threads were stopped: 0.0000913 seconds, Stopping threads took: 0.0000195 seconds
[2019-12-08T12:09:29.600+0000][1][safepoint    ] Application time: 1.0000894 seconds
[2019-12-08T12:09:29.600+0000][1][safepoint    ] Entering safepoint region: Cleanup
[2019-12-08T12:09:29.600+0000][1][safepoint    ] Leaving safepoint region
[2019-12-08T12:09:29.600+0000][1][safepoint    ] Total time for which application threads were stopped: 0.0000828 seconds, Stopping threads took: 0.0000196 seconds
[2019-12-08T12:09:30.600+0000][1][safepoint    ] Application time: 1.0000841 seconds
[2019-12-08T12:09:30.600+0000][1][safepoint    ] Entering safepoint region: Cleanup
[2019-12-08T12:09:30.600+0000][1][safepoint    ] Leaving safepoint region
[2019-12-08T12:09:30.600+0000][1][safepoint    ] Total time for which application threads were stopped: 0.0001017 seconds, Stopping threads took: 0.0000221 seconds
[2019-12-08T12:09:31.600+0000][1][safepoint    ] Application time: 1.0000788 seconds
[2019-12-08T12:09:31.600+0000][1][safepoint    ] Entering safepoint region: Cleanup
[2019-12-08T12:09:31.600+0000][1][safepoint    ] Leaving safepoint region
[2019-12-08T12:09:31.600+0000][1][safepoint    ] Total time for which application threads were stopped: 0.0000791 seconds, Stopping threads took: 0.0000189 seconds
[2019-12-08T12:09:32.601+0000][1][safepoint    ] Application time: 1.0000852 seconds
[2019-12-08T12:09:32.601+0000][1][safepoint    ] Entering safepoint region: Cleanup
[2019-12-08T12:09:32.601+0000][1][safepoint    ] Leaving safepoint region
[2019-12-08T12:09:32.601+0000][1][safepoint    ] Total time for which application threads were stopped: 0.0000770 seconds, Stopping threads took: 0.0000194 seconds
[2019-12-08T12:09:33.601+0000][1][safepoint    ] Application time: 1.0000843 seconds
[2019-12-08T12:09:33.601+0000][1][safepoint    ] Entering safepoint region: Cleanup
[2019-12-08T12:09:33.601+0000][1][safepoint    ] Leaving safepoint region
[2019-12-08T12:09:33.601+0000][1][safepoint    ] Total time for which application threads were stopped: 0.0000762 seconds, Stopping threads took: 0.0000188 seconds
[2019-12-08T12:09:34.601+0000][1][safepoint    ] Application time: 1.0001073 seconds
[2019-12-08T12:09:34.601+0000][1][safepoint    ] Entering safepoint region: Cleanup
[2019-12-08T12:09:34.601+0000][1][safepoint    ] Leaving safepoint region
[2019-12-08T12:09:34.601+0000][1][safepoint    ] Total time for which application threads were stopped: 0.0000807 seconds, Stopping threads took: 0.0000190 seconds
[2019-12-08T12:09:35.601+0000][1][safepoint    ] Application time: 1.0000818 seconds
[2019-12-08T12:09:35.601+0000][1][safepoint    ] Entering safepoint region: Cleanup
[2019-12-08T12:09:35.601+0000][1][safepoint    ] Leaving safepoint region
[2019-12-08T12:09:35.601+0000][1][safepoint    ] Total time for which application threads were stopped: 0.0000781 seconds, Stopping threads took: 0.0000189 seconds
[2019-12-08T12:09:36.601+0000][1][safepoint    ] Application time: 1.0000820 seconds
[2019-12-08T12:09:36.601+0000][1][safepoint    ] Entering safepoint region: Cleanup
[2019-12-08T12:09:36.601+0000][1][safepoint    ] Leaving safepoint region
[2019-12-08T12:09:36.601+0000][1][safepoint    ] Total time for which application threads were stopped: 0.0000799 seconds, Stopping threads took: 0.0000185 seconds
[2019-12-08T12:09:37.602+0000][1][safepoint    ] Application time: 1.0000784 seconds
[2019-12-08T12:09:37.602+0000][1][safepoint    ] Entering safepoint region: Cleanup
[2019-12-08T12:09:37.602+0000][1][safepoint    ] Leaving safepoint region
[2019-12-08T12:09:37.602+0000][1][safepoint    ] Total time for which application threads were stopped: 0.0000774 seconds, Stopping threads took: 0.0000183 seconds
[2019-12-08T12:09:38.602+0000][1][safepoint    ] Application time: 1.0000813 seconds
[2019-12-08T12:09:38.602+0000][1][safepoint    ] Entering safepoint region: Cleanup
[2019-12-08T12:09:38.602+0000][1][safepoint    ] Leaving safepoint region
[2019-12-08T12:09:38.602+0000][1][safepoint    ] Total time for which application threads were stopped: 0.0000791 seconds, Stopping threads took: 0.0000189 seconds
[2019-12-08T12:09:39.602+0000][1][safepoint    ] Application time: 1.0000808 seconds
[2019-12-08T12:09:39.602+0000][1][safepoint    ] Entering safepoint region: Cleanup
[2019-12-08T12:09:39.602+0000][1][safepoint    ] Leaving safepoint region
[2019-12-08T12:09:39.602+0000][1][safepoint    ] Total time for which application threads were stopped: 0.0000805 seconds, Stopping threads took: 0.0000194 seconds
[2019-12-08T12:09:40.602+0000][1][safepoint    ] Application time: 1.0000767 seconds
[2019-12-08T12:09:40.602+0000][1][safepoint    ] Entering safepoint region: Cleanup
[2019-12-08T12:09:40.602+0000][1][safepoint    ] Leaving safepoint region
[2019-12-08T12:09:40.602+0000][1][safepoint    ] Total time for which application threads were stopped: 0.0000774 seconds, Stopping threads took: 0.0000178 seconds
[2019-12-08T12:09:41.602+0000][1][safepoint    ] Application time: 1.0000808 seconds
[2019-12-08T12:09:41.602+0000][1][safepoint    ] Entering safepoint region: Cleanup
[2019-12-08T12:09:41.602+0000][1][safepoint    ] Leaving safepoint region
[2019-12-08T12:09:41.602+0000][1][safepoint    ] Total time for which application threads were stopped: 0.0000773 seconds, Stopping threads took: 0.0000182 seconds
[2019-12-08T12:09:42.602+0000][1][safepoint    ] Application time: 1.0000787 seconds
[2019-12-08T12:09:42.603+0000][1][safepoint    ] Entering safepoint region: Cleanup
[2019-12-08T12:09:42.603+0000][1][safepoint    ] Leaving safepoint region
[2019-12-08T12:09:42.603+0000][1][safepoint    ] Total time for which application threads were stopped: 0.0000781 seconds, Stopping threads took: 0.0000188 seconds
[2019-12-08T12:09:43.603+0000][1][safepoint    ] Application time: 1.0000851 seconds
[2019-12-08T12:09:43.603+0000][1][safepoint    ] Entering safepoint region: Cleanup
[2019-12-08T12:09:43.603+0000][1][safepoint    ] Leaving safepoint region
[2019-12-08T12:09:43.603+0000][1][safepoint    ] Total time for which application threads were stopped: 0.0000793 seconds, Stopping threads took: 0.0000189 seconds
[2019-12-08T12:09:44.603+0000][1][safepoint    ] Application time: 1.0000801 seconds
[2019-12-08T12:09:44.603+0000][1][safepoint    ] Entering safepoint region: Cleanup
[2019-12-08T12:09:44.603+0000][1][safepoint    ] Leaving safepoint region
[2019-12-08T12:09:44.603+0000][1][safepoint    ] Total time for which application threads were stopped: 0.0000791 seconds, Stopping threads took: 0.0000193 seconds
[2019-12-08T12:09:45.603+0000][1][safepoint    ] Application time: 1.0000793 seconds
[2019-12-08T12:09:45.603+0000][1][safepoint    ] Entering safepoint region: Cleanup
[2019-12-08T12:09:45.603+0000][1][safepoint    ] Leaving safepoint region
[2019-12-08T12:09:45.603+0000][1][safepoint    ] Total time for which application threads were stopped: 0.0000784 seconds, Stopping threads took: 0.0000194 seconds
[2019-12-08T12:09:46.603+0000][1][safepoint    ] Application time: 1.0000805 seconds
[2019-12-08T12:09:46.603+0000][1][safepoint    ] Entering safepoint region: Cleanup
[2019-12-08T12:09:46.603+0000][1][safepoint    ] Leaving safepoint region
[2019-12-08T12:09:46.603+0000][1][safepoint    ] Total time for which application threads were stopped: 0.0000793 seconds, Stopping threads took: 0.0000186 seconds
[2019-12-08T12:09:47.603+0000][1][safepoint    ] Application time: 1.0000818 seconds
[2019-12-08T12:09:47.603+0000][1][safepoint    ] Entering safepoint region: Cleanup
[2019-12-08T12:09:47.604+0000][1][safepoint    ] Leaving safepoint region
[2019-12-08T12:09:47.604+0000][1][safepoint    ] Total time for which application threads were stopped: 0.0000778 seconds, Stopping threads took: 0.0000182 seconds
[2019-12-08T12:09:48.604+0000][1][safepoint    ] Application time: 1.0000841 seconds
[2019-12-08T12:09:48.604+0000][1][safepoint    ] Entering safepoint region: Cleanup
[2019-12-08T12:09:48.604+0000][1][safepoint    ] Leaving safepoint region
[2019-12-08T12:09:48.604+0000][1][safepoint    ] Total time for which application threads were stopped: 0.0000958 seconds, Stopping threads took: 0.0000180 seconds
[2019-12-08T12:09:49.604+0000][1][safepoint    ] Application time: 1.0000793 seconds
[2019-12-08T12:09:49.604+0000][1][safepoint    ] Entering safepoint region: Cleanup
[2019-12-08T12:09:49.604+0000][1][safepoint    ] Leaving safepoint region
[2019-12-08T12:09:49.604+0000][1][safepoint    ] Total time for which application threads were stopped: 0.0000733 seconds, Stopping threads took: 0.0000165 seconds
[2019-12-08T12:09:50.604+0000][1][safepoint    ] Application time: 1.0000819 seconds
[2019-12-08T12:09:50.604+0000][1][safepoint    ] Entering safepoint region: Cleanup
[2019-12-08T12:09:50.604+0000][1][safepoint    ] Leaving safepoint region
[2019-12-08T12:09:50.604+0000][1][safepoint    ] Total time for which application threads were stopped: 0.0000741 seconds, Stopping threads took: 0.0000174 seconds
[2019-12-08T12:09:51.604+0000][1][safepoint    ] Application time: 1.0000791 seconds
[2019-12-08T12:09:51.604+0000][1][safepoint    ] Entering safepoint region: Cleanup
[2019-12-08T12:09:51.604+0000][1][safepoint    ] Leaving safepoint region
[2019-12-08T12:09:51.604+0000][1][safepoint    ] Total time for which application threads were stopped: 0.0000746 seconds, Stopping threads took: 0.0000168 seconds
[2019-12-08T12:09:52.604+0000][1][safepoint    ] Application time: 1.0000791 seconds
[2019-12-08T12:09:52.604+0000][1][safepoint    ] Entering safepoint region: Cleanup
[2019-12-08T12:09:52.604+0000][1][safepoint    ] Leaving safepoint region
[2019-12-08T12:09:52.604+0000][1][safepoint    ] Total time for which application threads were stopped: 0.0000758 seconds, Stopping threads took: 0.0000179 seconds
[2019-12-08T12:09:53.605+0000][1][safepoint    ] Application time: 1.0000774 seconds
[2019-12-08T12:09:53.605+0000][1][safepoint    ] Entering safepoint region: Cleanup
[2019-12-08T12:09:53.605+0000][1][safepoint    ] Leaving safepoint region
[2019-12-08T12:09:53.605+0000][1][safepoint    ] Total time for which application threads were stopped: 0.0000761 seconds, Stopping threads took: 0.0000184 seconds
[2019-12-08T12:09:54.324+0000][1][safepoint    ] Application time: 0.7189211 seconds
[2019-12-08T12:09:54.324+0000][1][safepoint    ] Entering safepoint region: GenCollectForAllocation
[2019-12-08T12:09:54.324+0000][1][gc,start     ] GC(40) Pause Young (Allocation Failure)
[2019-12-08T12:09:54.324+0000][1][gc,task      ] GC(40) Using 4 workers of 4 for evacuation
[2019-12-08T12:09:54.325+0000][1][gc,age       ] GC(40) Desired survivor size 4456448 bytes, new threshold 6 (max threshold 6)
[2019-12-08T12:09:54.325+0000][1][gc,age       ] GC(40) Age table with threshold 6 (max threshold 6)
[2019-12-08T12:09:54.325+0000][1][gc,age       ] GC(40) - age   1:       3968 bytes,       3968 total
[2019-12-08T12:09:54.325+0000][1][gc,age       ] GC(40) - age   2:        312 bytes,       4280 total
[2019-12-08T12:09:54.325+0000][1][gc,age       ] GC(40) - age   3:         32 bytes,       4312 total
[2019-12-08T12:09:54.325+0000][1][gc,age       ] GC(40) - age   4:       2176 bytes,       6488 total
[2019-12-08T12:09:54.325+0000][1][gc,age       ] GC(40) - age   6:       1392 bytes,       7880 total
[2019-12-08T12:09:54.325+0000][1][gc,heap      ] GC(40) ParNew: 69968K->10K(78656K)
[2019-12-08T12:09:54.325+0000][1][gc,heap      ] GC(40) CMS: 70154K->70155K(174784K)
[2019-12-08T12:09:54.325+0000][1][gc,metaspace ] GC(40) Metaspace: 69024K->69024K(1112064K)
[2019-12-08T12:09:54.325+0000][1][gc           ] GC(40) Pause Young (Allocation Failure) 136M->68M(247M) 0.987ms
[2019-12-08T12:09:54.325+0000][1][gc,cpu       ] GC(40) User=0.00s Sys=0.00s Real=0.00s
[2019-12-08T12:09:54.325+0000][1][safepoint    ] Leaving safepoint region
[2019-12-08T12:09:54.325+0000][1][safepoint    ] Total time for which application threads were stopped: 0.0011551 seconds, Stopping threads took: 0.0000188 seconds
[2019-12-08T12:09:55.325+0000][1][safepoint    ] Application time: 1.0000872 seconds
[2019-12-08T12:09:55.325+0000][1][safepoint    ] Entering safepoint region: Cleanup
[2019-12-08T12:09:55.325+0000][1][safepoint    ] Leaving safepoint region
[2019-12-08T12:09:55.325+0000][1][safepoint    ] Total time for which application threads were stopped: 0.0000780 seconds, Stopping threads took: 0.0000183 seconds
[2019-12-08T12:09:56.325+0000][1][safepoint    ] Application time: 1.0000839 seconds
[2019-12-08T12:09:56.325+0000][1][safepoint    ] Entering safepoint region: Cleanup
[2019-12-08T12:09:56.325+0000][1][safepoint    ] Leaving safepoint region
[2019-12-08T12:09:56.325+0000][1][safepoint    ] Total time for which application threads were stopped: 0.0000793 seconds, Stopping threads took: 0.0000174 seconds
[2019-12-08T12:09:57.325+0000][1][safepoint    ] Application time: 1.0000877 seconds
[2019-12-08T12:09:57.325+0000][1][safepoint    ] Entering safepoint region: Cleanup
[2019-12-08T12:09:57.325+0000][1][safepoint    ] Leaving safepoint region
[2019-12-08T12:09:57.325+0000][1][safepoint    ] Total time for which application threads were stopped: 0.0000774 seconds, Stopping threads took: 0.0000186 seconds
[2019-12-08T12:09:58.325+0000][1][safepoint    ] Application time: 1.0000820 seconds
[2019-12-08T12:09:58.325+0000][1][safepoint    ] Entering safepoint region: Cleanup
[2019-12-08T12:09:58.326+0000][1][safepoint    ] Leaving safepoint region
[2019-12-08T12:09:58.326+0000][1][safepoint    ] Total time for which application threads were stopped: 0.0000749 seconds, Stopping threads took: 0.0000177 seconds
[2019-12-08T12:09:59.326+0000][1][safepoint    ] Application time: 1.0000741 seconds
[2019-12-08T12:09:59.326+0000][1][safepoint    ] Entering safepoint region: Cleanup
[2019-12-08T12:09:59.326+0000][1][safepoint    ] Leaving safepoint region
[2019-12-08T12:09:59.326+0000][1][safepoint    ] Total time for which application threads were stopped: 0.0000912 seconds, Stopping threads took: 0.0000174 seconds
[2019-12-08T12:10:00.326+0000][1][safepoint    ] Application time: 1.0000814 seconds
[2019-12-08T12:10:00.326+0000][1][safepoint    ] Entering safepoint region: Cleanup
[2019-12-08T12:10:00.326+0000][1][safepoint    ] Leaving safepoint region
[2019-12-08T12:10:00.326+0000][1][safepoint    ] Total time for which application threads were stopped: 0.0001371 seconds, Stopping threads took: 0.0000196 seconds
[2019-12-08T12:10:01.326+0000][1][safepoint    ] Application time: 1.0000736 seconds
[2019-12-08T12:10:01.326+0000][1][safepoint    ] Entering safepoint region: Cleanup
[2019-12-08T12:10:01.326+0000][1][safepoint    ] Leaving safepoint region
[2019-12-08T12:10:01.326+0000][1][safepoint    ] Total time for which application threads were stopped: 0.0000922 seconds, Stopping threads took: 0.0000272 seconds
[2019-12-08T12:10:02.326+0000][1][safepoint    ] Application time: 1.0000786 seconds
[2019-12-08T12:10:02.326+0000][1][safepoint    ] Entering safepoint region: Cleanup
[2019-12-08T12:10:02.326+0000][1][safepoint    ] Leaving safepoint region
[2019-12-08T12:10:02.326+0000][1][safepoint    ] Total time for which application threads were stopped: 0.0000851 seconds, Stopping threads took: 0.0000202 seconds
[2019-12-08T12:10:03.327+0000][1][safepoint    ] Application time: 1.0000885 seconds
[2019-12-08T12:10:03.327+0000][1][safepoint    ] Entering safepoint region: Cleanup
[2019-12-08T12:10:03.327+0000][1][safepoint    ] Leaving safepoint region
[2019-12-08T12:10:03.327+0000][1][safepoint    ] Total time for which application threads were stopped: 0.0001107 seconds, Stopping threads took: 0.0000204 seconds
[2019-12-08T12:10:04.327+0000][1][safepoint    ] Application time: 1.0000864 seconds
[2019-12-08T12:10:04.327+0000][1][safepoint    ] Entering safepoint region: Cleanup
[2019-12-08T12:10:04.327+0000][1][safepoint    ] Leaving safepoint region
[2019-12-08T12:10:04.327+0000][1][safepoint    ] Total time for which application threads were stopped: 0.0000891 seconds, Stopping threads took: 0.0000179 seconds
[2019-12-08T12:10:05.327+0000][1][safepoint    ] Application time: 1.0000848 seconds
[2019-12-08T12:10:05.327+0000][1][safepoint    ] Entering safepoint region: Cleanup
[2019-12-08T12:10:05.327+0000][1][safepoint    ] Leaving safepoint region
[2019-12-08T12:10:05.327+0000][1][safepoint    ] Total time for which application threads were stopped: 0.0000897 seconds, Stopping threads took: 0.0000200 seconds
[2019-12-08T12:10:06.327+0000][1][safepoint    ] Application time: 1.0000882 seconds
[2019-12-08T12:10:06.327+0000][1][safepoint    ] Entering safepoint region: Cleanup
[2019-12-08T12:10:06.327+0000][1][safepoint    ] Leaving safepoint region
[2019-12-08T12:10:06.327+0000][1][safepoint    ] Total time for which application threads were stopped: 0.0000915 seconds, Stopping threads took: 0.0000187 seconds
[2019-12-08T12:10:07.327+0000][1][safepoint    ] Application time: 1.0000864 seconds
[2019-12-08T12:10:07.328+0000][1][safepoint    ] Entering safepoint region: Cleanup
[2019-12-08T12:10:07.328+0000][1][safepoint    ] Leaving safepoint region
[2019-12-08T12:10:07.328+0000][1][safepoint    ] Total time for which application threads were stopped: 0.0000903 seconds, Stopping threads took: 0.0000191 seconds
[2019-12-08T12:10:08.328+0000][1][safepoint    ] Application time: 1.0000981 seconds
[2019-12-08T12:10:08.328+0000][1][safepoint    ] Entering safepoint region: Cleanup
[2019-12-08T12:10:08.328+0000][1][safepoint    ] Leaving safepoint region
[2019-12-08T12:10:08.328+0000][1][safepoint    ] Total time for which application threads were stopped: 0.0000824 seconds, Stopping threads took: 0.0000198 seconds
[2019-12-08T12:10:09.328+0000][1][safepoint    ] Application time: 1.0000938 seconds
[2019-12-08T12:10:09.328+0000][1][safepoint    ] Entering safepoint region: Cleanup
[2019-12-08T12:10:09.328+0000][1][safepoint    ] Leaving safepoint region
[2019-12-08T12:10:09.328+0000][1][safepoint    ] Total time for which application threads were stopped: 0.0001067 seconds, Stopping threads took: 0.0000280 seconds
[2019-12-08T12:10:10.328+0000][1][safepoint    ] Application time: 1.0000842 seconds
[2019-12-08T12:10:10.328+0000][1][safepoint    ] Entering safepoint region: Cleanup
[2019-12-08T12:10:10.328+0000][1][safepoint    ] Leaving safepoint region
[2019-12-08T12:10:10.328+0000][1][safepoint    ] Total time for which application threads were stopped: 0.0000933 seconds, Stopping threads took: 0.0000289 seconds
[2019-12-08T12:10:11.328+0000][1][safepoint    ] Application time: 1.0000860 seconds
[2019-12-08T12:10:11.328+0000][1][safepoint    ] Entering safepoint region: Cleanup
[2019-12-08T12:10:11.329+0000][1][safepoint    ] Leaving safepoint region
[2019-12-08T12:10:11.329+0000][1][safepoint    ] Total time for which application threads were stopped: 0.0000862 seconds, Stopping threads took: 0.0000212 seconds
[2019-12-08T12:10:12.329+0000][1][safepoint    ] Application time: 1.0000863 seconds
[2019-12-08T12:10:12.329+0000][1][safepoint    ] Entering safepoint region: Cleanup
[2019-12-08T12:10:12.329+0000][1][safepoint    ] Leaving safepoint region
[2019-12-08T12:10:12.329+0000][1][safepoint    ] Total time for which application threads were stopped: 0.0001003 seconds, Stopping threads took: 0.0000198 seconds
[2019-12-08T12:10:13.329+0000][1][safepoint    ] Application time: 1.0000839 seconds
[2019-12-08T12:10:13.329+0000][1][safepoint    ] Entering safepoint region: Cleanup
[2019-12-08T12:10:13.329+0000][1][safepoint    ] Leaving safepoint region
[2019-12-08T12:10:13.329+0000][1][safepoint    ] Total time for which application threads were stopped: 0.0000858 seconds, Stopping threads took: 0.0000211 seconds
[2019-12-08T12:10:14.329+0000][1][safepoint    ] Application time: 1.0000790 seconds
[2019-12-08T12:10:14.329+0000][1][safepoint    ] Entering safepoint region: Cleanup
[2019-12-08T12:10:14.329+0000][1][safepoint    ] Leaving safepoint region
[2019-12-08T12:10:14.329+0000][1][safepoint    ] Total time for which application threads were stopped: 0.0000843 seconds, Stopping threads took: 0.0000199 seconds
[2019-12-08T12:10:15.329+0000][1][safepoint    ] Application time: 1.0000892 seconds
[2019-12-08T12:10:15.329+0000][1][safepoint    ] Entering safepoint region: Cleanup
[2019-12-08T12:10:15.329+0000][1][safepoint    ] Leaving safepoint region
[2019-12-08T12:10:15.329+0000][1][safepoint    ] Total time for which application threads were stopped: 0.0000835 seconds, Stopping threads took: 0.0000210 seconds
[2019-12-08T12:10:16.329+0000][1][safepoint    ] Application time: 1.0000860 seconds
[2019-12-08T12:10:16.330+0000][1][safepoint    ] Entering safepoint region: Cleanup
[2019-12-08T12:10:16.330+0000][1][safepoint    ] Leaving safepoint region
[2019-12-08T12:10:16.330+0000][1][safepoint    ] Total time for which application threads were stopped: 0.0000832 seconds, Stopping threads took: 0.0000189 seconds
[2019-12-08T12:10:17.330+0000][1][safepoint    ] Application time: 1.0000964 seconds
[2019-12-08T12:10:17.330+0000][1][safepoint    ] Entering safepoint region: Cleanup
[2019-12-08T12:10:17.330+0000][1][safepoint    ] Leaving safepoint region
[2019-12-08T12:10:17.330+0000][1][safepoint    ] Total time for which application threads were stopped: 0.0000831 seconds, Stopping threads took: 0.0000199 seconds
[2019-12-08T12:10:18.330+0000][1][safepoint    ] Application time: 1.0000837 seconds
[2019-12-08T12:10:18.330+0000][1][safepoint    ] Entering safepoint region: Cleanup
[2019-12-08T12:10:18.330+0000][1][safepoint    ] Leaving safepoint region
[2019-12-08T12:10:18.330+0000][1][safepoint    ] Total time for which application threads were stopped: 0.0000813 seconds, Stopping threads took: 0.0000192 seconds
[2019-12-08T12:10:19.330+0000][1][safepoint    ] Application time: 1.0000958 seconds
[2019-12-08T12:10:19.330+0000][1][safepoint    ] Entering safepoint region: Cleanup
[2019-12-08T12:10:19.330+0000][1][safepoint    ] Leaving safepoint region
[2019-12-08T12:10:19.330+0000][1][safepoint    ] Total time for which application threads were stopped: 0.0000839 seconds, Stopping threads took: 0.0000187 seconds
[2019-12-08T12:10:20.330+0000][1][safepoint    ] Application time: 1.0000915 seconds
[2019-12-08T12:10:20.330+0000][1][safepoint    ] Entering safepoint region: Cleanup
[2019-12-08T12:10:20.330+0000][1][safepoint    ] Leaving safepoint region
[2019-12-08T12:10:20.330+0000][1][safepoint    ] Total time for which application threads were stopped: 0.0000818 seconds, Stopping threads took: 0.0000184 seconds
[2019-12-08T12:10:21.331+0000][1][safepoint    ] Application time: 1.0001010 seconds
[2019-12-08T12:10:21.331+0000][1][safepoint    ] Entering safepoint region: Cleanup
[2019-12-08T12:10:21.331+0000][1][safepoint    ] Leaving safepoint region
[2019-12-08T12:10:21.331+0000][1][safepoint    ] Total time for which application threads were stopped: 0.0001066 seconds, Stopping threads took: 0.0000191 seconds
[2019-12-08T12:10:22.331+0000][1][safepoint    ] Application time: 1.0001014 seconds
[2019-12-08T12:10:22.331+0000][1][safepoint    ] Entering safepoint region: Cleanup
[2019-12-08T12:10:22.331+0000][1][safepoint    ] Leaving safepoint region
[2019-12-08T12:10:22.331+0000][1][safepoint    ] Total time for which application threads were stopped: 0.0001086 seconds, Stopping threads took: 0.0000264 seconds
[2019-12-08T12:10:23.628+0000][1][safepoint    ] Application time: 1.2972575 seconds
[2019-12-08T12:10:23.628+0000][1][safepoint    ] Entering safepoint region: Cleanup
[2019-12-08T12:10:23.628+0000][1][safepoint    ] Leaving safepoint region
[2019-12-08T12:10:23.628+0000][1][safepoint    ] Total time for which application threads were stopped: 0.0000836 seconds, Stopping threads took: 0.0000188 seconds
[2019-12-08T12:10:24.628+0000][1][safepoint    ] Application time: 1.0000889 seconds
[2019-12-08T12:10:24.629+0000][1][safepoint    ] Entering safepoint region: Cleanup
[2019-12-08T12:10:24.629+0000][1][safepoint    ] Leaving safepoint region
[2019-12-08T12:10:24.629+0000][1][safepoint    ] Total time for which application threads were stopped: 0.0001172 seconds, Stopping threads took: 0.0000288 seconds
[2019-12-08T12:10:25.629+0000][1][safepoint    ] Application time: 1.0000863 seconds
[2019-12-08T12:10:25.629+0000][1][safepoint    ] Entering safepoint region: Cleanup
[2019-12-08T12:10:25.629+0000][1][safepoint    ] Leaving safepoint region
[2019-12-08T12:10:25.629+0000][1][safepoint    ] Total time for which application threads were stopped: 0.0001202 seconds, Stopping threads took: 0.0000545 seconds
[2019-12-08T12:10:26.629+0000][1][safepoint    ] Application time: 1.0000961 seconds
[2019-12-08T12:10:26.629+0000][1][safepoint    ] Entering safepoint region: Cleanup
[2019-12-08T12:10:26.629+0000][1][safepoint    ] Leaving safepoint region
[2019-12-08T12:10:26.629+0000][1][safepoint    ] Total time for which application threads were stopped: 0.0001480 seconds, Stopping threads took: 0.0000589 seconds
[2019-12-08T12:10:27.629+0000][1][safepoint    ] Application time: 1.0000906 seconds
[2019-12-08T12:10:27.629+0000][1][safepoint    ] Entering safepoint region: Cleanup
[2019-12-08T12:10:27.629+0000][1][safepoint    ] Leaving safepoint region
[2019-12-08T12:10:27.629+0000][1][safepoint    ] Total time for which application threads were stopped: 0.0001058 seconds, Stopping threads took: 0.0000255 seconds
[2019-12-08T12:10:28.630+0000][1][safepoint    ] Application time: 1.0000895 seconds
[2019-12-08T12:10:28.630+0000][1][safepoint    ] Entering safepoint region: Cleanup
[2019-12-08T12:10:28.630+0000][1][safepoint    ] Leaving safepoint region
[2019-12-08T12:10:28.630+0000][1][safepoint    ] Total time for which application threads were stopped: 0.0000829 seconds, Stopping threads took: 0.0000206 seconds
[2019-12-08T12:10:29.630+0000][1][safepoint    ] Application time: 1.0000934 seconds
[2019-12-08T12:10:29.630+0000][1][safepoint    ] Entering safepoint region: Cleanup
[2019-12-08T12:10:29.630+0000][1][safepoint    ] Leaving safepoint region
[2019-12-08T12:10:29.630+0000][1][safepoint    ] Total time for which application threads were stopped: 0.0000828 seconds, Stopping threads took: 0.0000191 seconds
[2019-12-08T12:10:30.630+0000][1][safepoint    ] Application time: 1.0000794 seconds
[2019-12-08T12:10:30.630+0000][1][safepoint    ] Entering safepoint region: Cleanup
[2019-12-08T12:10:30.630+0000][1][safepoint    ] Leaving safepoint region
[2019-12-08T12:10:30.630+0000][1][safepoint    ] Total time for which application threads were stopped: 0.0000777 seconds, Stopping threads took: 0.0000184 seconds
[2019-12-08T12:10:31.630+0000][1][safepoint    ] Application time: 1.0000766 seconds
[2019-12-08T12:10:31.630+0000][1][safepoint    ] Entering safepoint region: Cleanup
[2019-12-08T12:10:31.630+0000][1][safepoint    ] Leaving safepoint region
[2019-12-08T12:10:31.630+0000][1][safepoint    ] Total time for which application threads were stopped: 0.0000802 seconds, Stopping threads took: 0.0000192 seconds
[2019-12-08T12:10:32.630+0000][1][safepoint    ] Application time: 1.0000778 seconds
[2019-12-08T12:10:32.630+0000][1][safepoint    ] Entering safepoint region: Cleanup
[2019-12-08T12:10:32.630+0000][1][safepoint    ] Leaving safepoint region
[2019-12-08T12:10:32.631+0000][1][safepoint    ] Total time for which application threads were stopped: 0.0000837 seconds, Stopping threads took: 0.0000189 seconds
[2019-12-08T12:10:33.631+0000][1][safepoint    ] Application time: 1.0000762 seconds
[2019-12-08T12:10:33.631+0000][1][safepoint    ] Entering safepoint region: Cleanup
[2019-12-08T12:10:33.631+0000][1][safepoint    ] Leaving safepoint region
[2019-12-08T12:10:33.631+0000][1][safepoint    ] Total time for which application threads were stopped: 0.0000951 seconds, Stopping threads took: 0.0000184 seconds
[2019-12-08T12:10:34.631+0000][1][safepoint    ] Application time: 1.0000826 seconds
[2019-12-08T12:10:34.631+0000][1][safepoint    ] Entering safepoint region: Cleanup
[2019-12-08T12:10:34.631+0000][1][safepoint    ] Leaving safepoint region
[2019-12-08T12:10:34.631+0000][1][safepoint    ] Total time for which application threads were stopped: 0.0000894 seconds, Stopping threads took: 0.0000189 seconds
[2019-12-08T12:10:35.631+0000][1][safepoint    ] Application time: 1.0000830 seconds
[2019-12-08T12:10:35.631+0000][1][safepoint    ] Entering safepoint region: Cleanup
[2019-12-08T12:10:35.631+0000][1][safepoint    ] Leaving safepoint region
[2019-12-08T12:10:35.631+0000][1][safepoint    ] Total time for which application threads were stopped: 0.0001136 seconds, Stopping threads took: 0.0000267 seconds
[2019-12-08T12:10:36.631+0000][1][safepoint    ] Application time: 1.0000792 seconds
[2019-12-08T12:10:36.631+0000][1][safepoint    ] Entering safepoint region: Cleanup
[2019-12-08T12:10:36.631+0000][1][safepoint    ] Leaving safepoint region
[2019-12-08T12:10:36.631+0000][1][safepoint    ] Total time for which application threads were stopped: 0.0000836 seconds, Stopping threads took: 0.0000195 seconds
[2019-12-08T12:10:37.632+0000][1][safepoint    ] Application time: 1.0000791 seconds
[2019-12-08T12:10:37.632+0000][1][safepoint    ] Entering safepoint region: Cleanup
[2019-12-08T12:10:37.632+0000][1][safepoint    ] Leaving safepoint region
[2019-12-08T12:10:37.632+0000][1][safepoint    ] Total time for which application threads were stopped: 0.0000926 seconds, Stopping threads took: 0.0000295 seconds
[2019-12-08T12:10:38.632+0000][1][safepoint    ] Application time: 1.0000791 seconds
[2019-12-08T12:10:38.632+0000][1][safepoint    ] Entering safepoint region: Cleanup
[2019-12-08T12:10:38.632+0000][1][safepoint    ] Leaving safepoint region
[2019-12-08T12:10:38.632+0000][1][safepoint    ] Total time for which application threads were stopped: 0.0000825 seconds, Stopping threads took: 0.0000212 seconds
[2019-12-08T12:10:39.632+0000][1][safepoint    ] Application time: 1.0000792 seconds
[2019-12-08T12:10:39.632+0000][1][safepoint    ] Entering safepoint region: Cleanup
[2019-12-08T12:10:39.632+0000][1][safepoint    ] Leaving safepoint region
[2019-12-08T12:10:39.632+0000][1][safepoint    ] Total time for which application threads were stopped: 0.0000842 seconds, Stopping threads took: 0.0000212 seconds
[2019-12-08T12:10:40.632+0000][1][safepoint    ] Application time: 1.0000825 seconds
[2019-12-08T12:10:40.632+0000][1][safepoint    ] Entering safepoint region: Cleanup
[2019-12-08T12:10:40.632+0000][1][safepoint    ] Leaving safepoint region
[2019-12-08T12:10:40.632+0000][1][safepoint    ] Total time for which application threads were stopped: 0.0000833 seconds, Stopping threads took: 0.0000199 seconds
[2019-12-08T12:10:41.632+0000][1][safepoint    ] Application time: 1.0000831 seconds
[2019-12-08T12:10:41.632+0000][1][safepoint    ] Entering safepoint region: Cleanup
[2019-12-08T12:10:41.632+0000][1][safepoint    ] Leaving safepoint region
[2019-12-08T12:10:41.632+0000][1][safepoint    ] Total time for which application threads were stopped: 0.0000847 seconds, Stopping threads took: 0.0000206 seconds
[2019-12-08T12:10:42.633+0000][1][safepoint    ] Application time: 1.0000782 seconds
[2019-12-08T12:10:42.633+0000][1][safepoint    ] Entering safepoint region: Cleanup
[2019-12-08T12:10:42.633+0000][1][safepoint    ] Leaving safepoint region
[2019-12-08T12:10:42.633+0000][1][safepoint    ] Total time for which application threads were stopped: 0.0000975 seconds, Stopping threads took: 0.0000209 seconds
[2019-12-08T12:10:43.633+0000][1][safepoint    ] Application time: 1.0000815 seconds
[2019-12-08T12:10:43.633+0000][1][safepoint    ] Entering safepoint region: Cleanup
[2019-12-08T12:10:43.633+0000][1][safepoint    ] Leaving safepoint region
[2019-12-08T12:10:43.633+0000][1][safepoint    ] Total time for which application threads were stopped: 0.0000797 seconds, Stopping threads took: 0.0000188 seconds
[2019-12-08T12:10:44.633+0000][1][safepoint    ] Application time: 1.0000799 seconds
[2019-12-08T12:10:44.633+0000][1][safepoint    ] Entering safepoint region: Cleanup
[2019-12-08T12:10:44.633+0000][1][safepoint    ] Leaving safepoint region
[2019-12-08T12:10:44.633+0000][1][safepoint    ] Total time for which application threads were stopped: 0.0000810 seconds, Stopping threads took: 0.0000185 seconds
[2019-12-08T12:10:45.633+0000][1][safepoint    ] Application time: 1.0000803 seconds
[2019-12-08T12:10:45.633+0000][1][safepoint    ] Entering safepoint region: Cleanup
[2019-12-08T12:10:45.633+0000][1][safepoint    ] Leaving safepoint region
[2019-12-08T12:10:45.633+0000][1][safepoint    ] Total time for which application threads were stopped: 0.0000819 seconds, Stopping threads took: 0.0000198 seconds
[2019-12-08T12:10:46.633+0000][1][safepoint    ] Application time: 1.0000764 seconds
[2019-12-08T12:10:46.633+0000][1][safepoint    ] Entering safepoint region: Cleanup
[2019-12-08T12:10:46.634+0000][1][safepoint    ] Leaving safepoint region
[2019-12-08T12:10:46.634+0000][1][safepoint    ] Total time for which application threads were stopped: 0.0000794 seconds, Stopping threads took: 0.0000186 seconds
[2019-12-08T12:10:47.634+0000][1][safepoint    ] Application time: 1.0000777 seconds
[2019-12-08T12:10:47.634+0000][1][safepoint    ] Entering safepoint region: Cleanup
[2019-12-08T12:10:47.634+0000][1][safepoint    ] Leaving safepoint region
[2019-12-08T12:10:47.634+0000][1][safepoint    ] Total time for which application threads were stopped: 0.0000983 seconds, Stopping threads took: 0.0000193 seconds
[2019-12-08T12:10:48.634+0000][1][safepoint    ] Application time: 1.0000818 seconds
[2019-12-08T12:10:48.634+0000][1][safepoint    ] Entering safepoint region: Cleanup
[2019-12-08T12:10:48.634+0000][1][safepoint    ] Leaving safepoint region
[2019-12-08T12:10:48.634+0000][1][safepoint    ] Total time for which application threads were stopped: 0.0000861 seconds, Stopping threads took: 0.0000205 seconds
[2019-12-08T12:10:49.634+0000][1][safepoint    ] Application time: 1.0000785 seconds
[2019-12-08T12:10:49.634+0000][1][safepoint    ] Entering safepoint region: Cleanup
[2019-12-08T12:10:49.634+0000][1][safepoint    ] Leaving safepoint region
[2019-12-08T12:10:49.634+0000][1][safepoint    ] Total time for which application threads were stopped: 0.0000799 seconds, Stopping threads took: 0.0000187 seconds
[2019-12-08T12:10:50.634+0000][1][safepoint    ] Application time: 1.0000878 seconds
[2019-12-08T12:10:50.634+0000][1][safepoint    ] Entering safepoint region: Cleanup
[2019-12-08T12:10:50.634+0000][1][safepoint    ] Leaving safepoint region
[2019-12-08T12:10:50.634+0000][1][safepoint    ] Total time for which application threads were stopped: 0.0000813 seconds, Stopping threads took: 0.0000194 seconds
[2019-12-08T12:10:51.634+0000][1][safepoint    ] Application time: 1.0000799 seconds
[2019-12-08T12:10:51.634+0000][1][safepoint    ] Entering safepoint region: Cleanup
[2019-12-08T12:10:51.635+0000][1][safepoint    ] Leaving safepoint region
[2019-12-08T12:10:51.635+0000][1][safepoint    ] Total time for which application threads were stopped: 0.0000825 seconds, Stopping threads took: 0.0000202 seconds
[2019-12-08T12:10:52.635+0000][1][safepoint    ] Application time: 1.0000795 seconds
[2019-12-08T12:10:52.635+0000][1][safepoint    ] Entering safepoint region: Cleanup
[2019-12-08T12:10:52.635+0000][1][safepoint    ] Leaving safepoint region
[2019-12-08T12:10:52.635+0000][1][safepoint    ] Total time for which application threads were stopped: 0.0000826 seconds, Stopping threads took: 0.0000213 seconds
[2019-12-08T12:10:53.635+0000][1][safepoint    ] Application time: 1.0000752 seconds
[2019-12-08T12:10:53.635+0000][1][safepoint    ] Entering safepoint region: Cleanup
[2019-12-08T12:10:53.635+0000][1][safepoint    ] Leaving safepoint region
[2019-12-08T12:10:53.635+0000][1][safepoint    ] Total time for which application threads were stopped: 0.0000809 seconds, Stopping threads took: 0.0000195 seconds
[2019-12-08T12:10:54.635+0000][1][safepoint    ] Application time: 1.0000799 seconds
[2019-12-08T12:10:54.635+0000][1][safepoint    ] Entering safepoint region: Cleanup
[2019-12-08T12:10:54.635+0000][1][safepoint    ] Leaving safepoint region
[2019-12-08T12:10:54.635+0000][1][safepoint    ] Total time for which application threads were stopped: 0.0000830 seconds, Stopping threads took: 0.0000193 seconds
[2019-12-08T12:10:55.635+0000][1][safepoint    ] Application time: 1.0000791 seconds
[2019-12-08T12:10:55.635+0000][1][safepoint    ] Entering safepoint region: Cleanup
[2019-12-08T12:10:55.635+0000][1][safepoint    ] Leaving safepoint region
[2019-12-08T12:10:55.635+0000][1][safepoint    ] Total time for which application threads were stopped: 0.0000786 seconds, Stopping threads took: 0.0000182 seconds
[2019-12-08T12:10:56.635+0000][1][safepoint    ] Application time: 1.0000767 seconds
[2019-12-08T12:10:56.636+0000][1][safepoint    ] Entering safepoint region: Cleanup
[2019-12-08T12:10:56.636+0000][1][safepoint    ] Leaving safepoint region
[2019-12-08T12:10:56.636+0000][1][safepoint    ] Total time for which application threads were stopped: 0.0000787 seconds, Stopping threads took: 0.0000193 seconds
[2019-12-08T12:10:57.636+0000][1][safepoint    ] Application time: 1.0000750 seconds
[2019-12-08T12:10:57.636+0000][1][safepoint    ] Entering safepoint region: Cleanup
[2019-12-08T12:10:57.636+0000][1][safepoint    ] Leaving safepoint region
[2019-12-08T12:10:57.636+0000][1][safepoint    ] Total time for which application threads were stopped: 0.0000811 seconds, Stopping threads took: 0.0000199 seconds
[2019-12-08T12:10:58.636+0000][1][safepoint    ] Application time: 1.0000782 seconds
[2019-12-08T12:10:58.636+0000][1][safepoint    ] Entering safepoint region: Cleanup
[2019-12-08T12:10:58.636+0000][1][safepoint    ] Leaving safepoint region
[2019-12-08T12:10:58.636+0000][1][safepoint    ] Total time for which application threads were stopped: 0.0000789 seconds, Stopping threads took: 0.0000181 seconds
[2019-12-08T12:10:59.636+0000][1][safepoint    ] Application time: 1.0000799 seconds
[2019-12-08T12:10:59.636+0000][1][safepoint    ] Entering safepoint region: Cleanup
[2019-12-08T12:10:59.636+0000][1][safepoint    ] Leaving safepoint region
[2019-12-08T12:10:59.636+0000][1][safepoint    ] Total time for which application threads were stopped: 0.0000811 seconds, Stopping threads took: 0.0000189 seconds
[2019-12-08T12:11:00.636+0000][1][safepoint    ] Application time: 1.0000802 seconds
[2019-12-08T12:11:00.636+0000][1][safepoint    ] Entering safepoint region: Cleanup
[2019-12-08T12:11:00.636+0000][1][safepoint    ] Leaving safepoint region
[2019-12-08T12:11:00.636+0000][1][safepoint    ] Total time for which application threads were stopped: 0.0000817 seconds, Stopping threads took: 0.0000202 seconds
[2019-12-08T12:11:01.636+0000][1][safepoint    ] Application time: 1.0000783 seconds
[2019-12-08T12:11:01.637+0000][1][safepoint    ] Entering safepoint region: Cleanup
[2019-12-08T12:11:01.637+0000][1][safepoint    ] Leaving safepoint region
[2019-12-08T12:11:01.637+0000][1][safepoint    ] Total time for which application threads were stopped: 0.0000886 seconds, Stopping threads took: 0.0000255 seconds
[2019-12-08T12:11:02.637+0000][1][safepoint    ] Application time: 1.0000879 seconds
[2019-12-08T12:11:02.637+0000][1][safepoint    ] Entering safepoint region: Cleanup
[2019-12-08T12:11:02.637+0000][1][safepoint    ] Leaving safepoint region
[2019-12-08T12:11:02.637+0000][1][safepoint    ] Total time for which application threads were stopped: 0.0000820 seconds, Stopping threads took: 0.0000203 seconds
[2019-12-08T12:11:03.637+0000][1][safepoint    ] Application time: 1.0000742 seconds
[2019-12-08T12:11:03.637+0000][1][safepoint    ] Entering safepoint region: Cleanup
[2019-12-08T12:11:03.637+0000][1][safepoint    ] Leaving safepoint region
[2019-12-08T12:11:03.637+0000][1][safepoint    ] Total time for which application threads were stopped: 0.0000798 seconds, Stopping threads took: 0.0000182 seconds
[2019-12-08T12:11:04.637+0000][1][safepoint    ] Application time: 1.0000780 seconds
[2019-12-08T12:11:04.637+0000][1][safepoint    ] Entering safepoint region: Cleanup
[2019-12-08T12:11:04.637+0000][1][safepoint    ] Leaving safepoint region
[2019-12-08T12:11:04.637+0000][1][safepoint    ] Total time for which application threads were stopped: 0.0000809 seconds, Stopping threads took: 0.0000206 seconds
[2019-12-08T12:11:05.637+0000][1][safepoint    ] Application time: 1.0000770 seconds
[2019-12-08T12:11:05.637+0000][1][safepoint    ] Entering safepoint region: Cleanup
[2019-12-08T12:11:05.637+0000][1][safepoint    ] Leaving safepoint region
[2019-12-08T12:11:05.637+0000][1][safepoint    ] Total time for which application threads were stopped: 0.0000794 seconds, Stopping threads took: 0.0000190 seconds
[2019-12-08T12:11:06.638+0000][1][safepoint    ] Application time: 1.0000788 seconds
[2019-12-08T12:11:06.638+0000][1][safepoint    ] Entering safepoint region: Cleanup
[2019-12-08T12:11:06.638+0000][1][safepoint    ] Leaving safepoint region
[2019-12-08T12:11:06.638+0000][1][safepoint    ] Total time for which application threads were stopped: 0.0000804 seconds, Stopping threads took: 0.0000189 seconds
[2019-12-08T12:11:07.638+0000][1][safepoint    ] Application time: 1.0000777 seconds
[2019-12-08T12:11:07.638+0000][1][safepoint    ] Entering safepoint region: Cleanup
[2019-12-08T12:11:07.638+0000][1][safepoint    ] Leaving safepoint region
[2019-12-08T12:11:07.638+0000][1][safepoint    ] Total time for which application threads were stopped: 0.0000788 seconds, Stopping threads took: 0.0000186 seconds
[2019-12-08T12:11:08.638+0000][1][safepoint    ] Application time: 1.0000806 seconds
[2019-12-08T12:11:08.638+0000][1][safepoint    ] Entering safepoint region: Cleanup
[2019-12-08T12:11:08.638+0000][1][safepoint    ] Leaving safepoint region
[2019-12-08T12:11:08.638+0000][1][safepoint    ] Total time for which application threads were stopped: 0.0000808 seconds, Stopping threads took: 0.0000188 seconds
[2019-12-08T12:11:09.638+0000][1][safepoint    ] Application time: 1.0000793 seconds
[2019-12-08T12:11:09.638+0000][1][safepoint    ] Entering safepoint region: Cleanup
[2019-12-08T12:11:09.638+0000][1][safepoint    ] Leaving safepoint region
[2019-12-08T12:11:09.638+0000][1][safepoint    ] Total time for which application threads were stopped: 0.0000836 seconds, Stopping threads took: 0.0000224 seconds
[2019-12-08T12:11:10.638+0000][1][safepoint    ] Application time: 1.0000782 seconds
[2019-12-08T12:11:10.638+0000][1][safepoint    ] Entering safepoint region: Cleanup
[2019-12-08T12:11:10.638+0000][1][safepoint    ] Leaving safepoint region
[2019-12-08T12:11:10.638+0000][1][safepoint    ] Total time for which application threads were stopped: 0.0000890 seconds, Stopping threads took: 0.0000263 seconds
[2019-12-08T12:11:11.639+0000][1][safepoint    ] Application time: 1.0000795 seconds
[2019-12-08T12:11:11.639+0000][1][safepoint    ] Entering safepoint region: Cleanup
[2019-12-08T12:11:11.639+0000][1][safepoint    ] Leaving safepoint region
[2019-12-08T12:11:11.639+0000][1][safepoint    ] Total time for which application threads were stopped: 0.0000795 seconds, Stopping threads took: 0.0000192 seconds
[2019-12-08T12:11:12.639+0000][1][safepoint    ] Application time: 1.0000789 seconds
[2019-12-08T12:11:12.639+0000][1][safepoint    ] Entering safepoint region: Cleanup
[2019-12-08T12:11:12.639+0000][1][safepoint    ] Leaving safepoint region
[2019-12-08T12:11:12.639+0000][1][safepoint    ] Total time for which application threads were stopped: 0.0000832 seconds, Stopping threads took: 0.0000199 seconds
[2019-12-08T12:11:13.639+0000][1][safepoint    ] Application time: 1.0000778 seconds
[2019-12-08T12:11:13.639+0000][1][safepoint    ] Entering safepoint region: Cleanup
[2019-12-08T12:11:13.639+0000][1][safepoint    ] Leaving safepoint region
[2019-12-08T12:11:13.639+0000][1][safepoint    ] Total time for which application threads were stopped: 0.0000836 seconds, Stopping threads took: 0.0000207 seconds
[2019-12-08T12:11:14.639+0000][1][safepoint    ] Application time: 1.0000780 seconds
[2019-12-08T12:11:14.639+0000][1][safepoint    ] Entering safepoint region: Cleanup
[2019-12-08T12:11:14.639+0000][1][safepoint    ] Leaving safepoint region
[2019-12-08T12:11:14.639+0000][1][safepoint    ] Total time for which application threads were stopped: 0.0000823 seconds, Stopping threads took: 0.0000202 seconds
[2019-12-08T12:11:15.639+0000][1][safepoint    ] Application time: 1.0000762 seconds
[2019-12-08T12:11:15.639+0000][1][safepoint    ] Entering safepoint region: Cleanup
[2019-12-08T12:11:15.639+0000][1][safepoint    ] Leaving safepoint region
[2019-12-08T12:11:15.639+0000][1][safepoint    ] Total time for which application threads were stopped: 0.0000795 seconds, Stopping threads took: 0.0000183 seconds
[2019-12-08T12:11:16.640+0000][1][safepoint    ] Application time: 1.0000826 seconds
[2019-12-08T12:11:16.640+0000][1][safepoint    ] Entering safepoint region: Cleanup
[2019-12-08T12:11:16.640+0000][1][safepoint    ] Leaving safepoint region
[2019-12-08T12:11:16.640+0000][1][safepoint    ] Total time for which application threads were stopped: 0.0000826 seconds, Stopping threads took: 0.0000200 seconds
[2019-12-08T12:11:17.640+0000][1][safepoint    ] Application time: 1.0000794 seconds
[2019-12-08T12:11:17.640+0000][1][safepoint    ] Entering safepoint region: Cleanup
[2019-12-08T12:11:17.640+0000][1][safepoint    ] Leaving safepoint region
[2019-12-08T12:11:17.640+0000][1][safepoint    ] Total time for which application threads were stopped: 0.0000808 seconds, Stopping threads took: 0.0000185 seconds
[2019-12-08T12:11:18.640+0000][1][safepoint    ] Application time: 1.0000818 seconds
[2019-12-08T12:11:18.640+0000][1][safepoint    ] Entering safepoint region: Cleanup
[2019-12-08T12:11:18.640+0000][1][safepoint    ] Leaving safepoint region
[2019-12-08T12:11:18.640+0000][1][safepoint    ] Total time for which application threads were stopped: 0.0000836 seconds, Stopping threads took: 0.0000212 seconds
[2019-12-08T12:11:19.640+0000][1][safepoint    ] Application time: 1.0000766 seconds
[2019-12-08T12:11:19.640+0000][1][safepoint    ] Entering safepoint region: Cleanup
[2019-12-08T12:11:19.640+0000][1][safepoint    ] Leaving safepoint region
[2019-12-08T12:11:19.640+0000][1][safepoint    ] Total time for which application threads were stopped: 0.0000796 seconds, Stopping threads took: 0.0000191 seconds
[2019-12-08T12:11:20.640+0000][1][safepoint    ] Application time: 1.0000792 seconds
[2019-12-08T12:11:20.640+0000][1][safepoint    ] Entering safepoint region: Cleanup
[2019-12-08T12:11:20.640+0000][1][safepoint    ] Leaving safepoint region
[2019-12-08T12:11:20.640+0000][1][safepoint    ] Total time for which application threads were stopped: 0.0000791 seconds, Stopping threads took: 0.0000176 seconds
[2019-12-08T12:11:21.641+0000][1][safepoint    ] Application time: 1.0000795 seconds
[2019-12-08T12:11:21.641+0000][1][safepoint    ] Entering safepoint region: Cleanup
[2019-12-08T12:11:21.641+0000][1][safepoint    ] Leaving safepoint region
[2019-12-08T12:11:21.641+0000][1][safepoint    ] Total time for which application threads were stopped: 0.0000799 seconds, Stopping threads took: 0.0000194 seconds
[2019-12-08T12:11:22.641+0000][1][safepoint    ] Application time: 1.0000911 seconds
[2019-12-08T12:11:22.641+0000][1][safepoint    ] Entering safepoint region: Cleanup
[2019-12-08T12:11:22.641+0000][1][safepoint    ] Leaving safepoint region
[2019-12-08T12:11:22.641+0000][1][safepoint    ] Total time for which application threads were stopped: 0.0000827 seconds, Stopping threads took: 0.0000197 seconds
[2019-12-08T12:11:23.641+0000][1][safepoint    ] Application time: 1.0000839 seconds
[2019-12-08T12:11:23.641+0000][1][safepoint    ] Entering safepoint region: Cleanup
[2019-12-08T12:11:23.641+0000][1][safepoint    ] Leaving safepoint region
[2019-12-08T12:11:23.641+0000][1][safepoint    ] Total time for which application threads were stopped: 0.0000808 seconds, Stopping threads took: 0.0000192 seconds
[2019-12-08T12:11:24.641+0000][1][safepoint    ] Application time: 1.0000774 seconds
[2019-12-08T12:11:24.641+0000][1][safepoint    ] Entering safepoint region: Cleanup
[2019-12-08T12:11:24.641+0000][1][safepoint    ] Leaving safepoint region
[2019-12-08T12:11:24.641+0000][1][safepoint    ] Total time for which application threads were stopped: 0.0000822 seconds, Stopping threads took: 0.0000204 seconds
[2019-12-08T12:11:25.641+0000][1][safepoint    ] Application time: 1.0000800 seconds
[2019-12-08T12:11:25.641+0000][1][safepoint    ] Entering safepoint region: Cleanup
[2019-12-08T12:11:25.642+0000][1][safepoint    ] Leaving safepoint region
[2019-12-08T12:11:25.642+0000][1][safepoint    ] Total time for which application threads were stopped: 0.0000833 seconds, Stopping threads took: 0.0000205 seconds
[2019-12-08T12:11:26.642+0000][1][safepoint    ] Application time: 1.0000894 seconds
[2019-12-08T12:11:26.642+0000][1][safepoint    ] Entering safepoint region: Cleanup
[2019-12-08T12:11:26.642+0000][1][safepoint    ] Leaving safepoint region
[2019-12-08T12:11:26.642+0000][1][safepoint    ] Total time for which application threads were stopped: 0.0000981 seconds, Stopping threads took: 0.0000204 seconds
[2019-12-08T12:11:27.642+0000][1][safepoint    ] Application time: 1.0000927 seconds
[2019-12-08T12:11:27.642+0000][1][safepoint    ] Entering safepoint region: Cleanup
[2019-12-08T12:11:27.642+0000][1][safepoint    ] Leaving safepoint region
[2019-12-08T12:11:27.642+0000][1][safepoint    ] Total time for which application threads were stopped: 0.0000853 seconds, Stopping threads took: 0.0000204 seconds
[2019-12-08T12:11:28.642+0000][1][safepoint    ] Application time: 1.0001026 seconds
[2019-12-08T12:11:28.642+0000][1][safepoint    ] Entering safepoint region: Cleanup
[2019-12-08T12:11:28.642+0000][1][safepoint    ] Leaving safepoint region
[2019-12-08T12:11:28.642+0000][1][safepoint    ] Total time for which application threads were stopped: 0.0000959 seconds, Stopping threads took: 0.0000208 seconds
[2019-12-08T12:11:29.664+0000][1][safepoint    ] Application time: 1.0217055 seconds
[2019-12-08T12:11:29.664+0000][1][safepoint    ] Entering safepoint region: Cleanup
[2019-12-08T12:11:29.664+0000][1][safepoint    ] Leaving safepoint region
[2019-12-08T12:11:29.664+0000][1][safepoint    ] Total time for which application threads were stopped: 0.0000727 seconds, Stopping threads took: 0.0000167 seconds
[2019-12-08T12:11:30.664+0000][1][safepoint    ] Application time: 1.0000782 seconds
[2019-12-08T12:11:30.664+0000][1][safepoint    ] Entering safepoint region: Cleanup
[2019-12-08T12:11:30.664+0000][1][safepoint    ] Leaving safepoint region
[2019-12-08T12:11:30.664+0000][1][safepoint    ] Total time for which application threads were stopped: 0.0000779 seconds, Stopping threads took: 0.0000183 seconds
[2019-12-08T12:11:31.664+0000][1][safepoint    ] Application time: 1.0000770 seconds
[2019-12-08T12:11:31.664+0000][1][safepoint    ] Entering safepoint region: Cleanup
[2019-12-08T12:11:31.664+0000][1][safepoint    ] Leaving safepoint region
[2019-12-08T12:11:31.664+0000][1][safepoint    ] Total time for which application threads were stopped: 0.0000750 seconds, Stopping threads took: 0.0000175 seconds
[2019-12-08T12:11:32.664+0000][1][safepoint    ] Application time: 1.0000820 seconds
[2019-12-08T12:11:32.665+0000][1][safepoint    ] Entering safepoint region: Cleanup
[2019-12-08T12:11:32.665+0000][1][safepoint    ] Leaving safepoint region
[2019-12-08T12:11:32.665+0000][1][safepoint    ] Total time for which application threads were stopped: 0.0000777 seconds, Stopping threads took: 0.0000181 seconds
[2019-12-08T12:11:33.665+0000][1][safepoint    ] Application time: 1.0000877 seconds
[2019-12-08T12:11:33.665+0000][1][safepoint    ] Entering safepoint region: Cleanup
[2019-12-08T12:11:33.665+0000][1][safepoint    ] Leaving safepoint region
[2019-12-08T12:11:33.665+0000][1][safepoint    ] Total time for which application threads were stopped: 0.0000753 seconds, Stopping threads took: 0.0000186 seconds
[2019-12-08T12:11:34.665+0000][1][safepoint    ] Application time: 1.0000745 seconds
[2019-12-08T12:11:34.665+0000][1][safepoint    ] Entering safepoint region: Cleanup
[2019-12-08T12:11:34.665+0000][1][safepoint    ] Leaving safepoint region
[2019-12-08T12:11:34.665+0000][1][safepoint    ] Total time for which application threads were stopped: 0.0000765 seconds, Stopping threads took: 0.0000165 seconds
[2019-12-08T12:11:35.665+0000][1][safepoint    ] Application time: 1.0000832 seconds
[2019-12-08T12:11:35.665+0000][1][safepoint    ] Entering safepoint region: Cleanup
[2019-12-08T12:11:35.665+0000][1][safepoint    ] Leaving safepoint region
[2019-12-08T12:11:35.665+0000][1][safepoint    ] Total time for which application threads were stopped: 0.0000761 seconds, Stopping threads took: 0.0000185 seconds
[2019-12-08T12:11:36.665+0000][1][safepoint    ] Application time: 1.0000815 seconds
[2019-12-08T12:11:36.665+0000][1][safepoint    ] Entering safepoint region: Cleanup
[2019-12-08T12:11:36.665+0000][1][safepoint    ] Leaving safepoint region
[2019-12-08T12:11:36.665+0000][1][safepoint    ] Total time for which application threads were stopped: 0.0000899 seconds, Stopping threads took: 0.0000186 seconds
[2019-12-08T12:11:37.665+0000][1][safepoint    ] Application time: 1.0000835 seconds
[2019-12-08T12:11:37.666+0000][1][safepoint    ] Entering safepoint region: Cleanup
[2019-12-08T12:11:37.666+0000][1][safepoint    ] Leaving safepoint region
[2019-12-08T12:11:37.666+0000][1][safepoint    ] Total time for which application threads were stopped: 0.0000821 seconds, Stopping threads took: 0.0000212 seconds
[2019-12-08T12:11:38.666+0000][1][safepoint    ] Application time: 1.0000835 seconds
[2019-12-08T12:11:38.666+0000][1][safepoint    ] Entering safepoint region: Cleanup
[2019-12-08T12:11:38.666+0000][1][safepoint    ] Leaving safepoint region
[2019-12-08T12:11:38.666+0000][1][safepoint    ] Total time for which application threads were stopped: 0.0001103 seconds, Stopping threads took: 0.0000241 seconds
[2019-12-08T12:11:39.666+0000][1][safepoint    ] Application time: 1.0000852 seconds
[2019-12-08T12:11:39.666+0000][1][safepoint    ] Entering safepoint region: Cleanup
[2019-12-08T12:11:39.666+0000][1][safepoint    ] Leaving safepoint region
[2019-12-08T12:11:39.666+0000][1][safepoint    ] Total time for which application threads were stopped: 0.0000801 seconds, Stopping threads took: 0.0000188 seconds
[2019-12-08T12:11:40.666+0000][1][safepoint    ] Application time: 1.0000811 seconds
[2019-12-08T12:11:40.666+0000][1][safepoint    ] Entering safepoint region: Cleanup
[2019-12-08T12:11:40.666+0000][1][safepoint    ] Leaving safepoint region
[2019-12-08T12:11:40.666+0000][1][safepoint    ] Total time for which application threads were stopped: 0.0000785 seconds, Stopping threads took: 0.0000190 seconds
[2019-12-08T12:11:41.666+0000][1][safepoint    ] Application time: 1.0000773 seconds
[2019-12-08T12:11:41.666+0000][1][safepoint    ] Entering safepoint region: Cleanup
[2019-12-08T12:11:41.666+0000][1][safepoint    ] Leaving safepoint region
[2019-12-08T12:11:41.666+0000][1][safepoint    ] Total time for which application threads were stopped: 0.0000784 seconds, Stopping threads took: 0.0000189 seconds
[2019-12-08T12:11:42.667+0000][1][safepoint    ] Application time: 1.0000764 seconds
[2019-12-08T12:11:42.667+0000][1][safepoint    ] Entering safepoint region: Cleanup
[2019-12-08T12:11:42.667+0000][1][safepoint    ] Leaving safepoint region
[2019-12-08T12:11:42.667+0000][1][safepoint    ] Total time for which application threads were stopped: 0.0000893 seconds, Stopping threads took: 0.0000280 seconds
[2019-12-08T12:11:43.667+0000][1][safepoint    ] Application time: 1.0000786 seconds
[2019-12-08T12:11:43.667+0000][1][safepoint    ] Entering safepoint region: Cleanup
[2019-12-08T12:11:43.667+0000][1][safepoint    ] Leaving safepoint region
[2019-12-08T12:11:43.667+0000][1][safepoint    ] Total time for which application threads were stopped: 0.0000778 seconds, Stopping threads took: 0.0000184 seconds
[2019-12-08T12:11:44.667+0000][1][safepoint    ] Application time: 1.0000761 seconds
[2019-12-08T12:11:44.667+0000][1][safepoint    ] Entering safepoint region: Cleanup
[2019-12-08T12:11:44.667+0000][1][safepoint    ] Leaving safepoint region
[2019-12-08T12:11:44.667+0000][1][safepoint    ] Total time for which application threads were stopped: 0.0000770 seconds, Stopping threads took: 0.0000197 seconds
[2019-12-08T12:11:45.667+0000][1][safepoint    ] Application time: 1.0000786 seconds
[2019-12-08T12:11:45.667+0000][1][safepoint    ] Entering safepoint region: Cleanup
[2019-12-08T12:11:45.667+0000][1][safepoint    ] Leaving safepoint region
[2019-12-08T12:11:45.667+0000][1][safepoint    ] Total time for which application threads were stopped: 0.0000841 seconds, Stopping threads took: 0.0000192 seconds
[2019-12-08T12:11:46.667+0000][1][safepoint    ] Application time: 1.0000769 seconds
[2019-12-08T12:11:46.667+0000][1][safepoint    ] Entering safepoint region: Cleanup
[2019-12-08T12:11:46.667+0000][1][safepoint    ] Leaving safepoint region
[2019-12-08T12:11:46.667+0000][1][safepoint    ] Total time for which application threads were stopped: 0.0000837 seconds, Stopping threads took: 0.0000198 seconds
[2019-12-08T12:11:47.667+0000][1][safepoint    ] Application time: 1.0000755 seconds
[2019-12-08T12:11:47.668+0000][1][safepoint    ] Entering safepoint region: Cleanup
[2019-12-08T12:11:47.668+0000][1][safepoint    ] Leaving safepoint region
[2019-12-08T12:11:47.668+0000][1][safepoint    ] Total time for which application threads were stopped: 0.0000762 seconds, Stopping threads took: 0.0000180 seconds
[2019-12-08T12:11:48.668+0000][1][safepoint    ] Application time: 1.0000770 seconds
[2019-12-08T12:11:48.668+0000][1][safepoint    ] Entering safepoint region: Cleanup
[2019-12-08T12:11:48.668+0000][1][safepoint    ] Leaving safepoint region
[2019-12-08T12:11:48.668+0000][1][safepoint    ] Total time for which application threads were stopped: 0.0000789 seconds, Stopping threads took: 0.0000209 seconds
[2019-12-08T12:11:49.668+0000][1][safepoint    ] Application time: 1.0000751 seconds
[2019-12-08T12:11:49.668+0000][1][safepoint    ] Entering safepoint region: Cleanup
[2019-12-08T12:11:49.668+0000][1][safepoint    ] Leaving safepoint region
[2019-12-08T12:11:49.668+0000][1][safepoint    ] Total time for which application threads were stopped: 0.0000812 seconds, Stopping threads took: 0.0000195 seconds
[2019-12-08T12:11:50.668+0000][1][safepoint    ] Application time: 1.0000767 seconds
[2019-12-08T12:11:50.668+0000][1][safepoint    ] Entering safepoint region: Cleanup
[2019-12-08T12:11:50.668+0000][1][safepoint    ] Leaving safepoint region
[2019-12-08T12:11:50.668+0000][1][safepoint    ] Total time for which application threads were stopped: 0.0000794 seconds, Stopping threads took: 0.0000200 seconds
[2019-12-08T12:11:51.668+0000][1][safepoint    ] Application time: 1.0000763 seconds
[2019-12-08T12:11:51.668+0000][1][safepoint    ] Entering safepoint region: Cleanup
[2019-12-08T12:11:51.668+0000][1][safepoint    ] Leaving safepoint region
[2019-12-08T12:11:51.668+0000][1][safepoint    ] Total time for which application threads were stopped: 0.0000831 seconds, Stopping threads took: 0.0000257 seconds
[2019-12-08T12:11:52.668+0000][1][safepoint    ] Application time: 1.0000756 seconds
[2019-12-08T12:11:52.669+0000][1][safepoint    ] Entering safepoint region: Cleanup
[2019-12-08T12:11:52.669+0000][1][safepoint    ] Leaving safepoint region
[2019-12-08T12:11:52.669+0000][1][safepoint    ] Total time for which application threads were stopped: 0.0000842 seconds, Stopping threads took: 0.0000246 seconds
[2019-12-08T12:11:53.669+0000][1][safepoint    ] Application time: 1.0000763 seconds
[2019-12-08T12:11:53.669+0000][1][safepoint    ] Entering safepoint region: Cleanup
[2019-12-08T12:11:53.669+0000][1][safepoint    ] Leaving safepoint region
[2019-12-08T12:11:53.669+0000][1][safepoint    ] Total time for which application threads were stopped: 0.0000783 seconds, Stopping threads took: 0.0000200 seconds
[2019-12-08T12:11:54.669+0000][1][safepoint    ] Application time: 1.0000567 seconds
[2019-12-08T12:11:54.669+0000][1][safepoint    ] Entering safepoint region: Cleanup
[2019-12-08T12:11:54.669+0000][1][safepoint    ] Leaving safepoint region
[2019-12-08T12:11:54.669+0000][1][safepoint    ] Total time for which application threads were stopped: 0.0000803 seconds, Stopping threads took: 0.0000180 seconds
[2019-12-08T12:11:55.669+0000][1][safepoint    ] Application time: 1.0000770 seconds
[2019-12-08T12:11:55.669+0000][1][safepoint    ] Entering safepoint region: Cleanup
[2019-12-08T12:11:55.669+0000][1][safepoint    ] Leaving safepoint region
[2019-12-08T12:11:55.669+0000][1][safepoint    ] Total time for which application threads were stopped: 0.0000779 seconds, Stopping threads took: 0.0000186 seconds
[2019-12-08T12:11:56.669+0000][1][safepoint    ] Application time: 1.0000768 seconds
[2019-12-08T12:11:56.669+0000][1][safepoint    ] Entering safepoint region: Cleanup
[2019-12-08T12:11:56.669+0000][1][safepoint    ] Leaving safepoint region
[2019-12-08T12:11:56.669+0000][1][safepoint    ] Total time for which application threads were stopped: 0.0000759 seconds, Stopping threads took: 0.0000178 seconds
[2019-12-08T12:11:57.669+0000][1][safepoint    ] Application time: 1.0000792 seconds
[2019-12-08T12:11:57.669+0000][1][safepoint    ] Entering safepoint region: Cleanup
[2019-12-08T12:11:57.670+0000][1][safepoint    ] Leaving safepoint region
[2019-12-08T12:11:57.670+0000][1][safepoint    ] Total time for which application threads were stopped: 0.0000777 seconds, Stopping threads took: 0.0000193 seconds
[2019-12-08T12:11:58.670+0000][1][safepoint    ] Application time: 1.0000768 seconds
[2019-12-08T12:11:58.670+0000][1][safepoint    ] Entering safepoint region: Cleanup
[2019-12-08T12:11:58.670+0000][1][safepoint    ] Leaving safepoint region
[2019-12-08T12:11:58.670+0000][1][safepoint    ] Total time for which application threads were stopped: 0.0000944 seconds, Stopping threads took: 0.0000187 seconds
[2019-12-08T12:11:59.670+0000][1][safepoint    ] Application time: 1.0000758 seconds
[2019-12-08T12:11:59.670+0000][1][safepoint    ] Entering safepoint region: Cleanup
[2019-12-08T12:11:59.670+0000][1][safepoint    ] Leaving safepoint region
[2019-12-08T12:11:59.670+0000][1][safepoint    ] Total time for which application threads were stopped: 0.0000877 seconds, Stopping threads took: 0.0000281 seconds
[2019-12-08T12:12:00.848+0000][1][safepoint    ] Application time: 1.1781094 seconds
[2019-12-08T12:12:00.848+0000][1][safepoint    ] Entering safepoint region: Cleanup
[2019-12-08T12:12:00.848+0000][1][safepoint    ] Leaving safepoint region
[2019-12-08T12:12:00.848+0000][1][safepoint    ] Total time for which application threads were stopped: 0.0000823 seconds, Stopping threads took: 0.0000213 seconds
[2019-12-08T12:12:01.742+0000][1][safepoint    ] Application time: 0.8933801 seconds
[2019-12-08T12:12:01.742+0000][1][safepoint    ] Entering safepoint region: GenCollectForAllocation
[2019-12-08T12:12:01.742+0000][1][gc,start     ] GC(41) Pause Young (Allocation Failure)
[2019-12-08T12:12:01.742+0000][1][gc,task      ] GC(41) Using 4 workers of 4 for evacuation
[2019-12-08T12:12:01.744+0000][1][gc,age       ] GC(41) Desired survivor size 4456448 bytes, new threshold 6 (max threshold 6)
[2019-12-08T12:12:01.744+0000][1][gc,age       ] GC(41) Age table with threshold 6 (max threshold 6)
[2019-12-08T12:12:01.744+0000][1][gc,age       ] GC(41) - age   1:       3984 bytes,       3984 total
[2019-12-08T12:12:01.744+0000][1][gc,age       ] GC(41) - age   2:        280 bytes,       4264 total
[2019-12-08T12:12:01.744+0000][1][gc,age       ] GC(41) - age   3:         96 bytes,       4360 total
[2019-12-08T12:12:01.744+0000][1][gc,age       ] GC(41) - age   5:       2176 bytes,       6536 total
[2019-12-08T12:12:01.744+0000][1][gc,heap      ] GC(41) ParNew: 69928K->8K(78656K)
[2019-12-08T12:12:01.744+0000][1][gc,heap      ] GC(41) CMS: 70155K->70156K(174784K)
[2019-12-08T12:12:01.744+0000][1][gc,metaspace ] GC(41) Metaspace: 69027K->69027K(1112064K)
[2019-12-08T12:12:01.744+0000][1][gc           ] GC(41) Pause Young (Allocation Failure) 136M->68M(247M) 2.477ms
[2019-12-08T12:12:01.744+0000][1][gc,cpu       ] GC(41) User=0.00s Sys=0.00s Real=0.00s
[2019-12-08T12:12:01.744+0000][1][safepoint    ] Leaving safepoint region
[2019-12-08T12:12:01.744+0000][1][safepoint    ] Total time for which application threads were stopped: 0.0026966 seconds, Stopping threads took: 0.0000348 seconds
[2019-12-08T12:12:02.744+0000][1][safepoint    ] Application time: 1.0000947 seconds
[2019-12-08T12:12:02.744+0000][1][safepoint    ] Entering safepoint region: Cleanup
[2019-12-08T12:12:02.745+0000][1][safepoint    ] Leaving safepoint region
[2019-12-08T12:12:02.745+0000][1][safepoint    ] Total time for which application threads were stopped: 0.0000848 seconds, Stopping threads took: 0.0000211 seconds
[2019-12-08T12:12:03.745+0000][1][safepoint    ] Application time: 1.0001223 seconds
[2019-12-08T12:12:03.745+0000][1][safepoint    ] Entering safepoint region: Cleanup
[2019-12-08T12:12:03.745+0000][1][safepoint    ] Leaving safepoint region
[2019-12-08T12:12:03.745+0000][1][safepoint    ] Total time for which application threads were stopped: 0.0000854 seconds, Stopping threads took: 0.0000216 seconds
[2019-12-08T12:12:04.745+0000][1][safepoint    ] Application time: 1.0000832 seconds
[2019-12-08T12:12:04.745+0000][1][safepoint    ] Entering safepoint region: Cleanup
[2019-12-08T12:12:04.745+0000][1][safepoint    ] Leaving safepoint region
[2019-12-08T12:12:04.745+0000][1][safepoint    ] Total time for which application threads were stopped: 0.0000852 seconds, Stopping threads took: 0.0000198 seconds
[2019-12-08T12:12:05.745+0000][1][safepoint    ] Application time: 1.0000854 seconds
[2019-12-08T12:12:05.745+0000][1][safepoint    ] Entering safepoint region: Cleanup
[2019-12-08T12:12:05.745+0000][1][safepoint    ] Leaving safepoint region
[2019-12-08T12:12:05.745+0000][1][safepoint    ] Total time for which application threads were stopped: 0.0000867 seconds, Stopping threads took: 0.0000228 seconds
[2019-12-08T12:12:06.745+0000][1][safepoint    ] Application time: 1.0000856 seconds
[2019-12-08T12:12:06.745+0000][1][safepoint    ] Entering safepoint region: Cleanup
[2019-12-08T12:12:06.745+0000][1][safepoint    ] Leaving safepoint region
[2019-12-08T12:12:06.745+0000][1][safepoint    ] Total time for which application threads were stopped: 0.0000877 seconds, Stopping threads took: 0.0000212 seconds
[2019-12-08T12:12:07.746+0000][1][safepoint    ] Application time: 1.0000839 seconds
[2019-12-08T12:12:07.746+0000][1][safepoint    ] Entering safepoint region: Cleanup
[2019-12-08T12:12:07.746+0000][1][safepoint    ] Leaving safepoint region
[2019-12-08T12:12:07.746+0000][1][safepoint    ] Total time for which application threads were stopped: 0.0001176 seconds, Stopping threads took: 0.0000281 seconds
[2019-12-08T12:12:08.746+0000][1][safepoint    ] Application time: 1.0000889 seconds
[2019-12-08T12:12:08.746+0000][1][safepoint    ] Entering safepoint region: Cleanup
[2019-12-08T12:12:08.746+0000][1][safepoint    ] Leaving safepoint region
[2019-12-08T12:12:08.746+0000][1][safepoint    ] Total time for which application threads were stopped: 0.0001269 seconds, Stopping threads took: 0.0000282 seconds
[2019-12-08T12:12:09.746+0000][1][safepoint    ] Application time: 1.0000878 seconds
[2019-12-08T12:12:09.746+0000][1][safepoint    ] Entering safepoint region: Cleanup
[2019-12-08T12:12:09.746+0000][1][safepoint    ] Leaving safepoint region
[2019-12-08T12:12:09.746+0000][1][safepoint    ] Total time for which application threads were stopped: 0.0001068 seconds, Stopping threads took: 0.0000399 seconds
[2019-12-08T12:12:10.746+0000][1][safepoint    ] Application time: 1.0000825 seconds
[2019-12-08T12:12:10.746+0000][1][safepoint    ] Entering safepoint region: Cleanup
[2019-12-08T12:12:10.746+0000][1][safepoint    ] Leaving safepoint region
[2019-12-08T12:12:10.746+0000][1][safepoint    ] Total time for which application threads were stopped: 0.0000994 seconds, Stopping threads took: 0.0000347 seconds
[2019-12-08T12:12:11.747+0000][1][safepoint    ] Application time: 1.0000827 seconds
[2019-12-08T12:12:11.747+0000][1][safepoint    ] Entering safepoint region: Cleanup
[2019-12-08T12:12:11.747+0000][1][safepoint    ] Leaving safepoint region
[2019-12-08T12:12:11.747+0000][1][safepoint    ] Total time for which application threads were stopped: 0.0001023 seconds, Stopping threads took: 0.0000195 seconds
[2019-12-08T12:12:12.747+0000][1][safepoint    ] Application time: 1.0000837 seconds
[2019-12-08T12:12:12.747+0000][1][safepoint    ] Entering safepoint region: Cleanup
[2019-12-08T12:12:12.747+0000][1][safepoint    ] Leaving safepoint region
[2019-12-08T12:12:12.747+0000][1][safepoint    ] Total time for which application threads were stopped: 0.0000808 seconds, Stopping threads took: 0.0000195 seconds
[2019-12-08T12:12:13.747+0000][1][safepoint    ] Application time: 1.0000874 seconds
[2019-12-08T12:12:13.747+0000][1][safepoint    ] Entering safepoint region: Cleanup
[2019-12-08T12:12:13.747+0000][1][safepoint    ] Leaving safepoint region
[2019-12-08T12:12:13.747+0000][1][safepoint    ] Total time for which application threads were stopped: 0.0000825 seconds, Stopping threads took: 0.0000204 seconds
[2019-12-08T12:12:14.747+0000][1][safepoint    ] Application time: 1.0000918 seconds
[2019-12-08T12:12:14.747+0000][1][safepoint    ] Entering safepoint region: Cleanup
[2019-12-08T12:12:14.747+0000][1][safepoint    ] Leaving safepoint region
[2019-12-08T12:12:14.747+0000][1][safepoint    ] Total time for which application threads were stopped: 0.0000835 seconds, Stopping threads took: 0.0000211 seconds
[2019-12-08T12:12:15.747+0000][1][safepoint    ] Application time: 1.0000809 seconds
[2019-12-08T12:12:15.747+0000][1][safepoint    ] Entering safepoint region: Cleanup
[2019-12-08T12:12:15.748+0000][1][safepoint    ] Leaving safepoint region
[2019-12-08T12:12:15.748+0000][1][safepoint    ] Total time for which application threads were stopped: 0.0000811 seconds, Stopping threads took: 0.0000188 seconds
[2019-12-08T12:12:16.748+0000][1][safepoint    ] Application time: 1.0000885 seconds
[2019-12-08T12:12:16.748+0000][1][safepoint    ] Entering safepoint region: Cleanup
[2019-12-08T12:12:16.748+0000][1][safepoint    ] Leaving safepoint region
[2019-12-08T12:12:16.748+0000][1][safepoint    ] Total time for which application threads were stopped: 0.0000813 seconds, Stopping threads took: 0.0000202 seconds
[2019-12-08T12:12:17.748+0000][1][safepoint    ] Application time: 1.0000856 seconds
[2019-12-08T12:12:17.748+0000][1][safepoint    ] Entering safepoint region: Cleanup
[2019-12-08T12:12:17.748+0000][1][safepoint    ] Leaving safepoint region
[2019-12-08T12:12:17.748+0000][1][safepoint    ] Total time for which application threads were stopped: 0.0000802 seconds, Stopping threads took: 0.0000195 seconds
[2019-12-08T12:12:18.748+0000][1][safepoint    ] Application time: 1.0000843 seconds
[2019-12-08T12:12:18.748+0000][1][safepoint    ] Entering safepoint region: Cleanup
[2019-12-08T12:12:18.748+0000][1][safepoint    ] Leaving safepoint region
[2019-12-08T12:12:18.748+0000][1][safepoint    ] Total time for which application threads were stopped: 0.0000821 seconds, Stopping threads took: 0.0000204 seconds
[2019-12-08T12:12:19.748+0000][1][safepoint    ] Application time: 1.0000833 seconds
[2019-12-08T12:12:19.748+0000][1][safepoint    ] Entering safepoint region: Cleanup
[2019-12-08T12:12:19.748+0000][1][safepoint    ] Leaving safepoint region
[2019-12-08T12:12:19.748+0000][1][safepoint    ] Total time for which application threads were stopped: 0.0000911 seconds, Stopping threads took: 0.0000292 seconds
[2019-12-08T12:12:20.749+0000][1][safepoint    ] Application time: 1.0000857 seconds
[2019-12-08T12:12:20.749+0000][1][safepoint    ] Entering safepoint region: Cleanup
[2019-12-08T12:12:20.749+0000][1][safepoint    ] Leaving safepoint region
[2019-12-08T12:12:20.749+0000][1][safepoint    ] Total time for which application threads were stopped: 0.0000812 seconds, Stopping threads took: 0.0000194 seconds
[2019-12-08T12:12:21.749+0000][1][safepoint    ] Application time: 1.0000831 seconds
[2019-12-08T12:12:21.749+0000][1][safepoint    ] Entering safepoint region: Cleanup
[2019-12-08T12:12:21.749+0000][1][safepoint    ] Leaving safepoint region
[2019-12-08T12:12:21.749+0000][1][safepoint    ] Total time for which application threads were stopped: 0.0000799 seconds, Stopping threads took: 0.0000200 seconds
[2019-12-08T12:12:22.749+0000][1][safepoint    ] Application time: 1.0000787 seconds
[2019-12-08T12:12:22.749+0000][1][safepoint    ] Entering safepoint region: Cleanup
[2019-12-08T12:12:22.749+0000][1][safepoint    ] Leaving safepoint region
[2019-12-08T12:12:22.749+0000][1][safepoint    ] Total time for which application threads were stopped: 0.0000786 seconds, Stopping threads took: 0.0000188 seconds
[2019-12-08T12:12:23.749+0000][1][safepoint    ] Application time: 1.0000823 seconds
[2019-12-08T12:12:23.749+0000][1][safepoint    ] Entering safepoint region: Cleanup
[2019-12-08T12:12:23.749+0000][1][safepoint    ] Leaving safepoint region
[2019-12-08T12:12:23.749+0000][1][safepoint    ] Total time for which application threads were stopped: 0.0000831 seconds, Stopping threads took: 0.0000199 seconds
[2019-12-08T12:12:24.749+0000][1][safepoint    ] Application time: 1.0000759 seconds
[2019-12-08T12:12:24.749+0000][1][safepoint    ] Entering safepoint region: Cleanup
[2019-12-08T12:12:24.749+0000][1][safepoint    ] Leaving safepoint region
[2019-12-08T12:12:24.749+0000][1][safepoint    ] Total time for which application threads were stopped: 0.0000789 seconds, Stopping threads took: 0.0000189 seconds
[2019-12-08T12:12:25.750+0000][1][safepoint    ] Application time: 1.0000746 seconds
[2019-12-08T12:12:25.750+0000][1][safepoint    ] Entering safepoint region: Cleanup
[2019-12-08T12:12:25.750+0000][1][safepoint    ] Leaving safepoint region
[2019-12-08T12:12:25.750+0000][1][safepoint    ] Total time for which application threads were stopped: 0.0000795 seconds, Stopping threads took: 0.0000186 seconds
[2019-12-08T12:12:26.750+0000][1][safepoint    ] Application time: 1.0000872 seconds
[2019-12-08T12:12:26.750+0000][1][safepoint    ] Entering safepoint region: Cleanup
[2019-12-08T12:12:26.750+0000][1][safepoint    ] Leaving safepoint region
[2019-12-08T12:12:26.750+0000][1][safepoint    ] Total time for which application threads were stopped: 0.0000776 seconds, Stopping threads took: 0.0000188 seconds
[2019-12-08T12:12:27.750+0000][1][safepoint    ] Application time: 1.0000838 seconds
[2019-12-08T12:12:27.750+0000][1][safepoint    ] Entering safepoint region: Cleanup
[2019-12-08T12:12:27.750+0000][1][safepoint    ] Leaving safepoint region
[2019-12-08T12:12:27.750+0000][1][safepoint    ] Total time for which application threads were stopped: 0.0000812 seconds, Stopping threads took: 0.0000202 seconds
[2019-12-08T12:12:28.750+0000][1][safepoint    ] Application time: 1.0000797 seconds
[2019-12-08T12:12:28.750+0000][1][safepoint    ] Entering safepoint region: Cleanup
[2019-12-08T12:12:28.750+0000][1][safepoint    ] Leaving safepoint region
[2019-12-08T12:12:28.750+0000][1][safepoint    ] Total time for which application threads were stopped: 0.0000790 seconds, Stopping threads took: 0.0000192 seconds
[2019-12-08T12:12:30.701+0000][1][safepoint    ] Application time: 1.9511541 seconds
[2019-12-08T12:12:30.702+0000][1][safepoint    ] Entering safepoint region: Cleanup
[2019-12-08T12:12:30.702+0000][1][safepoint    ] Leaving safepoint region
[2019-12-08T12:12:30.702+0000][1][safepoint    ] Total time for which application threads were stopped: 0.0000851 seconds, Stopping threads took: 0.0000256 seconds
[2019-12-08T12:12:31.702+0000][1][safepoint    ] Application time: 1.0000791 seconds
[2019-12-08T12:12:31.702+0000][1][safepoint    ] Entering safepoint region: Cleanup
[2019-12-08T12:12:31.702+0000][1][safepoint    ] Leaving safepoint region
[2019-12-08T12:12:31.702+0000][1][safepoint    ] Total time for which application threads were stopped: 0.0000784 seconds, Stopping threads took: 0.0000192 seconds
[2019-12-08T12:12:32.702+0000][1][safepoint    ] Application time: 1.0000801 seconds
[2019-12-08T12:12:32.702+0000][1][safepoint    ] Entering safepoint region: Cleanup
[2019-12-08T12:12:32.702+0000][1][safepoint    ] Leaving safepoint region
[2019-12-08T12:12:32.702+0000][1][safepoint    ] Total time for which application threads were stopped: 0.0000798 seconds, Stopping threads took: 0.0000193 seconds
[2019-12-08T12:12:33.702+0000][1][safepoint    ] Application time: 1.0000815 seconds
[2019-12-08T12:12:33.702+0000][1][safepoint    ] Entering safepoint region: Cleanup
[2019-12-08T12:12:33.702+0000][1][safepoint    ] Leaving safepoint region
[2019-12-08T12:12:33.702+0000][1][safepoint    ] Total time for which application threads were stopped: 0.0000932 seconds, Stopping threads took: 0.0000328 seconds
[2019-12-08T12:12:34.702+0000][1][safepoint    ] Application time: 1.0000765 seconds
[2019-12-08T12:12:34.702+0000][1][safepoint    ] Entering safepoint region: Cleanup
[2019-12-08T12:12:34.702+0000][1][safepoint    ] Leaving safepoint region
[2019-12-08T12:12:34.702+0000][1][safepoint    ] Total time for which application threads were stopped: 0.0000789 seconds, Stopping threads took: 0.0000186 seconds
[2019-12-08T12:12:35.702+0000][1][safepoint    ] Application time: 1.0000774 seconds
[2019-12-08T12:12:35.703+0000][1][safepoint    ] Entering safepoint region: Cleanup
[2019-12-08T12:12:35.703+0000][1][safepoint    ] Leaving safepoint region
[2019-12-08T12:12:35.703+0000][1][safepoint    ] Total time for which application threads were stopped: 0.0000765 seconds, Stopping threads took: 0.0000184 seconds
[2019-12-08T12:12:36.703+0000][1][safepoint    ] Application time: 1.0000864 seconds
[2019-12-08T12:12:36.703+0000][1][safepoint    ] Entering safepoint region: Cleanup
[2019-12-08T12:12:36.703+0000][1][safepoint    ] Leaving safepoint region
[2019-12-08T12:12:36.703+0000][1][safepoint    ] Total time for which application threads were stopped: 0.0000759 seconds, Stopping threads took: 0.0000181 seconds
[2019-12-08T12:12:37.703+0000][1][safepoint    ] Application time: 1.0000742 seconds
[2019-12-08T12:12:37.703+0000][1][safepoint    ] Entering safepoint region: Cleanup
[2019-12-08T12:12:37.703+0000][1][safepoint    ] Leaving safepoint region
[2019-12-08T12:12:37.703+0000][1][safepoint    ] Total time for which application threads were stopped: 0.0000757 seconds, Stopping threads took: 0.0000183 seconds
[2019-12-08T12:12:38.703+0000][1][safepoint    ] Application time: 1.0000759 seconds
[2019-12-08T12:12:38.703+0000][1][safepoint    ] Entering safepoint region: Cleanup
[2019-12-08T12:12:38.703+0000][1][safepoint    ] Leaving safepoint region
[2019-12-08T12:12:38.703+0000][1][safepoint    ] Total time for which application threads were stopped: 0.0000764 seconds, Stopping threads took: 0.0000174 seconds
[2019-12-08T12:12:39.703+0000][1][safepoint    ] Application time: 1.0000758 seconds
[2019-12-08T12:12:39.703+0000][1][safepoint    ] Entering safepoint region: Cleanup
[2019-12-08T12:12:39.703+0000][1][safepoint    ] Leaving safepoint region
[2019-12-08T12:12:39.703+0000][1][safepoint    ] Total time for which application threads were stopped: 0.0000778 seconds, Stopping threads took: 0.0000193 seconds
[2019-12-08T12:12:40.703+0000][1][safepoint    ] Application time: 1.0000807 seconds
[2019-12-08T12:12:40.704+0000][1][safepoint    ] Entering safepoint region: Cleanup
[2019-12-08T12:12:40.704+0000][1][safepoint    ] Leaving safepoint region
[2019-12-08T12:12:40.704+0000][1][safepoint    ] Total time for which application threads were stopped: 0.0000941 seconds, Stopping threads took: 0.0000275 seconds
[2019-12-08T12:12:41.704+0000][1][safepoint    ] Application time: 1.0000887 seconds
[2019-12-08T12:12:41.704+0000][1][safepoint    ] Entering safepoint region: Cleanup
[2019-12-08T12:12:41.704+0000][1][safepoint    ] Leaving safepoint region
[2019-12-08T12:12:41.704+0000][1][safepoint    ] Total time for which application threads were stopped: 0.0000791 seconds, Stopping threads took: 0.0000188 seconds
[2019-12-08T12:12:42.704+0000][1][safepoint    ] Application time: 1.0000812 seconds
[2019-12-08T12:12:42.704+0000][1][safepoint    ] Entering safepoint region: Cleanup
[2019-12-08T12:12:42.704+0000][1][safepoint    ] Leaving safepoint region
[2019-12-08T12:12:42.704+0000][1][safepoint    ] Total time for which application threads were stopped: 0.0000784 seconds, Stopping threads took: 0.0000186 seconds
[2019-12-08T12:12:43.704+0000][1][safepoint    ] Application time: 1.0000816 seconds
[2019-12-08T12:12:43.704+0000][1][safepoint    ] Entering safepoint region: Cleanup
[2019-12-08T12:12:43.704+0000][1][safepoint    ] Leaving safepoint region
[2019-12-08T12:12:43.704+0000][1][safepoint    ] Total time for which application threads were stopped: 0.0000798 seconds, Stopping threads took: 0.0000193 seconds
[2019-12-08T12:12:44.704+0000][1][safepoint    ] Application time: 1.0000797 seconds
[2019-12-08T12:12:44.704+0000][1][safepoint    ] Entering safepoint region: Cleanup
[2019-12-08T12:12:44.704+0000][1][safepoint    ] Leaving safepoint region
[2019-12-08T12:12:44.704+0000][1][safepoint    ] Total time for which application threads were stopped: 0.0000787 seconds, Stopping threads took: 0.0000190 seconds
[2019-12-08T12:12:45.705+0000][1][safepoint    ] Application time: 1.0000795 seconds
[2019-12-08T12:12:45.705+0000][1][safepoint    ] Entering safepoint region: Cleanup
[2019-12-08T12:12:45.705+0000][1][safepoint    ] Leaving safepoint region
[2019-12-08T12:12:45.705+0000][1][safepoint    ] Total time for which application threads were stopped: 0.0000786 seconds, Stopping threads took: 0.0000203 seconds
[2019-12-08T12:12:46.705+0000][1][safepoint    ] Application time: 1.0000843 seconds
[2019-12-08T12:12:46.705+0000][1][safepoint    ] Entering safepoint region: Cleanup
[2019-12-08T12:12:46.705+0000][1][safepoint    ] Leaving safepoint region
[2019-12-08T12:12:46.705+0000][1][safepoint    ] Total time for which application threads were stopped: 0.0000786 seconds, Stopping threads took: 0.0000186 seconds
[2019-12-08T12:12:47.705+0000][1][safepoint    ] Application time: 1.0000788 seconds
[2019-12-08T12:12:47.705+0000][1][safepoint    ] Entering safepoint region: Cleanup
[2019-12-08T12:12:47.705+0000][1][safepoint    ] Leaving safepoint region
[2019-12-08T12:12:47.705+0000][1][safepoint    ] Total time for which application threads were stopped: 0.0000785 seconds, Stopping threads took: 0.0000198 seconds
[2019-12-08T12:12:48.705+0000][1][safepoint    ] Application time: 1.0000859 seconds
[2019-12-08T12:12:48.705+0000][1][safepoint    ] Entering safepoint region: Cleanup
[2019-12-08T12:12:48.705+0000][1][safepoint    ] Leaving safepoint region
[2019-12-08T12:12:48.705+0000][1][safepoint    ] Total time for which application threads were stopped: 0.0000769 seconds, Stopping threads took: 0.0000187 seconds
[2019-12-08T12:12:49.705+0000][1][safepoint    ] Application time: 1.0000809 seconds
[2019-12-08T12:12:49.705+0000][1][safepoint    ] Entering safepoint region: Cleanup
[2019-12-08T12:12:49.705+0000][1][safepoint    ] Leaving safepoint region
[2019-12-08T12:12:49.705+0000][1][safepoint    ] Total time for which application threads were stopped: 0.0000789 seconds, Stopping threads took: 0.0000190 seconds
[2019-12-08T12:12:50.706+0000][1][safepoint    ] Application time: 1.0000787 seconds
[2019-12-08T12:12:50.706+0000][1][safepoint    ] Entering safepoint region: Cleanup
[2019-12-08T12:12:50.706+0000][1][safepoint    ] Leaving safepoint region
[2019-12-08T12:12:50.706+0000][1][safepoint    ] Total time for which application threads were stopped: 0.0000867 seconds, Stopping threads took: 0.0000202 seconds
[2019-12-08T12:12:51.706+0000][1][safepoint    ] Application time: 1.0000795 seconds
[2019-12-08T12:12:51.706+0000][1][safepoint    ] Entering safepoint region: Cleanup
[2019-12-08T12:12:51.706+0000][1][safepoint    ] Leaving safepoint region
[2019-12-08T12:12:51.706+0000][1][safepoint    ] Total time for which application threads were stopped: 0.0000799 seconds, Stopping threads took: 0.0000197 seconds
[2019-12-08T12:12:52.706+0000][1][safepoint    ] Application time: 1.0000797 seconds
[2019-12-08T12:12:52.706+0000][1][safepoint    ] Entering safepoint region: Cleanup
[2019-12-08T12:12:52.706+0000][1][safepoint    ] Leaving safepoint region
[2019-12-08T12:12:52.706+0000][1][safepoint    ] Total time for which application threads were stopped: 0.0000785 seconds, Stopping threads took: 0.0000195 seconds
[2019-12-08T12:12:53.706+0000][1][safepoint    ] Application time: 1.0000791 seconds
[2019-12-08T12:12:53.706+0000][1][safepoint    ] Entering safepoint region: Cleanup
[2019-12-08T12:12:53.706+0000][1][safepoint    ] Leaving safepoint region
[2019-12-08T12:12:53.706+0000][1][safepoint    ] Total time for which application threads were stopped: 0.0000816 seconds, Stopping threads took: 0.0000195 seconds
[2019-12-08T12:12:54.706+0000][1][safepoint    ] Application time: 1.0000822 seconds
[2019-12-08T12:12:54.706+0000][1][safepoint    ] Entering safepoint region: Cleanup
[2019-12-08T12:12:54.706+0000][1][safepoint    ] Leaving safepoint region
[2019-12-08T12:12:54.706+0000][1][safepoint    ] Total time for which application threads were stopped: 0.0000779 seconds, Stopping threads took: 0.0000178 seconds
[2019-12-08T12:12:55.707+0000][1][safepoint    ] Application time: 1.0000781 seconds
[2019-12-08T12:12:55.707+0000][1][safepoint    ] Entering safepoint region: Cleanup
[2019-12-08T12:12:55.707+0000][1][safepoint    ] Leaving safepoint region
[2019-12-08T12:12:55.707+0000][1][safepoint    ] Total time for which application threads were stopped: 0.0000780 seconds, Stopping threads took: 0.0000182 seconds
[2019-12-08T12:12:56.707+0000][1][safepoint    ] Application time: 1.0000909 seconds
[2019-12-08T12:12:56.707+0000][1][safepoint    ] Entering safepoint region: Cleanup
[2019-12-08T12:12:56.707+0000][1][safepoint    ] Leaving safepoint region
[2019-12-08T12:12:56.707+0000][1][safepoint    ] Total time for which application threads were stopped: 0.0000799 seconds, Stopping threads took: 0.0000199 seconds
[2019-12-08T12:12:57.707+0000][1][safepoint    ] Application time: 1.0000852 seconds
[2019-12-08T12:12:57.707+0000][1][safepoint    ] Entering safepoint region: Cleanup
[2019-12-08T12:12:57.707+0000][1][safepoint    ] Leaving safepoint region
[2019-12-08T12:12:57.707+0000][1][safepoint    ] Total time for which application threads were stopped: 0.0000829 seconds, Stopping threads took: 0.0000208 seconds
[2019-12-08T12:12:58.707+0000][1][safepoint    ] Application time: 1.0000750 seconds
[2019-12-08T12:12:58.707+0000][1][safepoint    ] Entering safepoint region: Cleanup
[2019-12-08T12:12:58.707+0000][1][safepoint    ] Leaving safepoint region
[2019-12-08T12:12:58.707+0000][1][safepoint    ] Total time for which application threads were stopped: 0.0001322 seconds, Stopping threads took: 0.0000563 seconds
[2019-12-08T12:12:59.827+0000][1][safepoint    ] Application time: 1.1197944 seconds
[2019-12-08T12:12:59.827+0000][1][safepoint    ] Entering safepoint region: Cleanup
[2019-12-08T12:12:59.827+0000][1][safepoint    ] Leaving safepoint region
[2019-12-08T12:12:59.827+0000][1][safepoint    ] Total time for which application threads were stopped: 0.0000851 seconds, Stopping threads took: 0.0000165 seconds
[2019-12-08T12:13:00.827+0000][1][safepoint    ] Application time: 1.0000775 seconds
[2019-12-08T12:13:00.827+0000][1][safepoint    ] Entering safepoint region: Cleanup
[2019-12-08T12:13:00.827+0000][1][safepoint    ] Leaving safepoint region
[2019-12-08T12:13:00.827+0000][1][safepoint    ] Total time for which application threads were stopped: 0.0000843 seconds, Stopping threads took: 0.0000180 seconds
[2019-12-08T12:13:01.828+0000][1][safepoint    ] Application time: 1.0000767 seconds
[2019-12-08T12:13:01.828+0000][1][safepoint    ] Entering safepoint region: Cleanup
[2019-12-08T12:13:01.828+0000][1][safepoint    ] Leaving safepoint region
[2019-12-08T12:13:01.828+0000][1][safepoint    ] Total time for which application threads were stopped: 0.0000777 seconds, Stopping threads took: 0.0000221 seconds
[2019-12-08T12:13:02.828+0000][1][safepoint    ] Application time: 1.0000761 seconds
[2019-12-08T12:13:02.828+0000][1][safepoint    ] Entering safepoint region: Cleanup
[2019-12-08T12:13:02.828+0000][1][safepoint    ] Leaving safepoint region
[2019-12-08T12:13:02.828+0000][1][safepoint    ] Total time for which application threads were stopped: 0.0000735 seconds, Stopping threads took: 0.0000164 seconds
[2019-12-08T12:13:03.828+0000][1][safepoint    ] Application time: 1.0000804 seconds
[2019-12-08T12:13:03.828+0000][1][safepoint    ] Entering safepoint region: Cleanup
[2019-12-08T12:13:03.828+0000][1][safepoint    ] Leaving safepoint region
[2019-12-08T12:13:03.828+0000][1][safepoint    ] Total time for which application threads were stopped: 0.0000743 seconds, Stopping threads took: 0.0000177 seconds
[2019-12-08T12:13:04.828+0000][1][safepoint    ] Application time: 1.0000793 seconds
[2019-12-08T12:13:04.828+0000][1][safepoint    ] Entering safepoint region: Cleanup
[2019-12-08T12:13:04.828+0000][1][safepoint    ] Leaving safepoint region
[2019-12-08T12:13:04.828+0000][1][safepoint    ] Total time for which application threads were stopped: 0.0000764 seconds, Stopping threads took: 0.0000191 seconds
[2019-12-08T12:13:05.828+0000][1][safepoint    ] Application time: 1.0000809 seconds
[2019-12-08T12:13:05.828+0000][1][safepoint    ] Entering safepoint region: Cleanup
[2019-12-08T12:13:05.828+0000][1][safepoint    ] Leaving safepoint region
[2019-12-08T12:13:05.828+0000][1][safepoint    ] Total time for which application threads were stopped: 0.0000753 seconds, Stopping threads took: 0.0000173 seconds
[2019-12-08T12:13:06.829+0000][1][safepoint    ] Application time: 1.0000758 seconds
[2019-12-08T12:13:06.829+0000][1][safepoint    ] Entering safepoint region: Cleanup
[2019-12-08T12:13:06.829+0000][1][safepoint    ] Leaving safepoint region
[2019-12-08T12:13:06.829+0000][1][safepoint    ] Total time for which application threads were stopped: 0.0000766 seconds, Stopping threads took: 0.0000169 seconds
[2019-12-08T12:13:07.829+0000][1][safepoint    ] Application time: 1.0000746 seconds
[2019-12-08T12:13:07.829+0000][1][safepoint    ] Entering safepoint region: Cleanup
[2019-12-08T12:13:07.829+0000][1][safepoint    ] Leaving safepoint region
[2019-12-08T12:13:07.829+0000][1][safepoint    ] Total time for which application threads were stopped: 0.0000748 seconds, Stopping threads took: 0.0000174 seconds
[2019-12-08T12:13:08.829+0000][1][safepoint    ] Application time: 1.0000767 seconds
[2019-12-08T12:13:08.829+0000][1][safepoint    ] Entering safepoint region: Cleanup
[2019-12-08T12:13:08.829+0000][1][safepoint    ] Leaving safepoint region
[2019-12-08T12:13:08.829+0000][1][safepoint    ] Total time for which application threads were stopped: 0.0001100 seconds, Stopping threads took: 0.0000454 seconds
[2019-12-08T12:13:09.829+0000][1][safepoint    ] Application time: 1.0000843 seconds
[2019-12-08T12:13:09.829+0000][1][safepoint    ] Entering safepoint region: Cleanup
[2019-12-08T12:13:09.829+0000][1][safepoint    ] Leaving safepoint region
[2019-12-08T12:13:09.829+0000][1][safepoint    ] Total time for which application threads were stopped: 0.0000811 seconds, Stopping threads took: 0.0000194 seconds
[2019-12-08T12:13:10.829+0000][1][safepoint    ] Application time: 1.0000817 seconds
[2019-12-08T12:13:10.829+0000][1][safepoint    ] Entering safepoint region: Cleanup
[2019-12-08T12:13:10.830+0000][1][safepoint    ] Leaving safepoint region
[2019-12-08T12:13:10.830+0000][1][safepoint    ] Total time for which application threads were stopped: 0.0001077 seconds, Stopping threads took: 0.0000259 seconds
[2019-12-08T12:13:11.830+0000][1][safepoint    ] Application time: 1.0000777 seconds
[2019-12-08T12:13:11.830+0000][1][safepoint    ] Entering safepoint region: Cleanup
[2019-12-08T12:13:11.830+0000][1][safepoint    ] Leaving safepoint region
[2019-12-08T12:13:11.830+0000][1][safepoint    ] Total time for which application threads were stopped: 0.0001012 seconds, Stopping threads took: 0.0000397 seconds
[2019-12-08T12:13:12.830+0000][1][safepoint    ] Application time: 1.0000771 seconds
[2019-12-08T12:13:12.830+0000][1][safepoint    ] Entering safepoint region: Cleanup
[2019-12-08T12:13:12.830+0000][1][safepoint    ] Leaving safepoint region
[2019-12-08T12:13:12.830+0000][1][safepoint    ] Total time for which application threads were stopped: 0.0000806 seconds, Stopping threads took: 0.0000210 seconds
[2019-12-08T12:13:13.830+0000][1][safepoint    ] Application time: 1.0000762 seconds
[2019-12-08T12:13:13.830+0000][1][safepoint    ] Entering safepoint region: Cleanup
[2019-12-08T12:13:13.830+0000][1][safepoint    ] Leaving safepoint region
[2019-12-08T12:13:13.830+0000][1][safepoint    ] Total time for which application threads were stopped: 0.0001114 seconds, Stopping threads took: 0.0000473 seconds
[2019-12-08T12:13:14.830+0000][1][safepoint    ] Application time: 1.0000827 seconds
[2019-12-08T12:13:14.830+0000][1][safepoint    ] Entering safepoint region: Cleanup
[2019-12-08T12:13:14.830+0000][1][safepoint    ] Leaving safepoint region
[2019-12-08T12:13:14.830+0000][1][safepoint    ] Total time for which application threads were stopped: 0.0000772 seconds, Stopping threads took: 0.0000191 seconds
[2019-12-08T12:13:15.830+0000][1][safepoint    ] Application time: 1.0000746 seconds
[2019-12-08T12:13:15.831+0000][1][safepoint    ] Entering safepoint region: Cleanup
[2019-12-08T12:13:15.831+0000][1][safepoint    ] Leaving safepoint region
[2019-12-08T12:13:15.831+0000][1][safepoint    ] Total time for which application threads were stopped: 0.0000809 seconds, Stopping threads took: 0.0000212 seconds
[2019-12-08T12:13:16.831+0000][1][safepoint    ] Application time: 1.0000873 seconds
[2019-12-08T12:13:16.831+0000][1][safepoint    ] Entering safepoint region: Cleanup
[2019-12-08T12:13:16.831+0000][1][safepoint    ] Leaving safepoint region
[2019-12-08T12:13:16.831+0000][1][safepoint    ] Total time for which application threads were stopped: 0.0000791 seconds, Stopping threads took: 0.0000184 seconds
[2019-12-08T12:13:17.831+0000][1][safepoint    ] Application time: 1.0000746 seconds
[2019-12-08T12:13:17.831+0000][1][safepoint    ] Entering safepoint region: Cleanup
[2019-12-08T12:13:17.831+0000][1][safepoint    ] Leaving safepoint region
[2019-12-08T12:13:17.831+0000][1][safepoint    ] Total time for which application threads were stopped: 0.0001023 seconds, Stopping threads took: 0.0000209 seconds
[2019-12-08T12:13:18.831+0000][1][safepoint    ] Application time: 1.0000768 seconds
[2019-12-08T12:13:18.831+0000][1][safepoint    ] Entering safepoint region: Cleanup
[2019-12-08T12:13:18.831+0000][1][safepoint    ] Leaving safepoint region
[2019-12-08T12:13:18.831+0000][1][safepoint    ] Total time for which application threads were stopped: 0.0001165 seconds, Stopping threads took: 0.0000488 seconds
[2019-12-08T12:13:19.831+0000][1][safepoint    ] Application time: 1.0000842 seconds
[2019-12-08T12:13:19.831+0000][1][safepoint    ] Entering safepoint region: Cleanup
[2019-12-08T12:13:19.831+0000][1][safepoint    ] Leaving safepoint region
[2019-12-08T12:13:19.831+0000][1][safepoint    ] Total time for which application threads were stopped: 0.0000781 seconds, Stopping threads took: 0.0000189 seconds
[2019-12-08T12:13:20.832+0000][1][safepoint    ] Application time: 1.0000746 seconds
[2019-12-08T12:13:20.832+0000][1][safepoint    ] Entering safepoint region: Cleanup
[2019-12-08T12:13:20.832+0000][1][safepoint    ] Leaving safepoint region
[2019-12-08T12:13:20.832+0000][1][safepoint    ] Total time for which application threads were stopped: 0.0000809 seconds, Stopping threads took: 0.0000198 seconds
[2019-12-08T12:13:21.832+0000][1][safepoint    ] Application time: 1.0000784 seconds
[2019-12-08T12:13:21.832+0000][1][safepoint    ] Entering safepoint region: Cleanup
[2019-12-08T12:13:21.832+0000][1][safepoint    ] Leaving safepoint region
[2019-12-08T12:13:21.832+0000][1][safepoint    ] Total time for which application threads were stopped: 0.0000788 seconds, Stopping threads took: 0.0000185 seconds
[2019-12-08T12:13:22.832+0000][1][safepoint    ] Application time: 1.0000832 seconds
[2019-12-08T12:13:22.832+0000][1][safepoint    ] Entering safepoint region: Cleanup
[2019-12-08T12:13:22.832+0000][1][safepoint    ] Leaving safepoint region
[2019-12-08T12:13:22.832+0000][1][safepoint    ] Total time for which application threads were stopped: 0.0000841 seconds, Stopping threads took: 0.0000213 seconds
[2019-12-08T12:13:23.832+0000][1][safepoint    ] Application time: 1.0001044 seconds
[2019-12-08T12:13:23.832+0000][1][safepoint    ] Entering safepoint region: Cleanup
[2019-12-08T12:13:23.832+0000][1][safepoint    ] Leaving safepoint region
[2019-12-08T12:13:23.832+0000][1][safepoint    ] Total time for which application threads were stopped: 0.0000831 seconds, Stopping threads took: 0.0000196 seconds
[2019-12-08T12:13:24.832+0000][1][safepoint    ] Application time: 1.0000800 seconds
[2019-12-08T12:13:24.832+0000][1][safepoint    ] Entering safepoint region: Cleanup
[2019-12-08T12:13:24.833+0000][1][safepoint    ] Leaving safepoint region
[2019-12-08T12:13:24.833+0000][1][safepoint    ] Total time for which application threads were stopped: 0.0000813 seconds, Stopping threads took: 0.0000205 seconds
[2019-12-08T12:13:25.833+0000][1][safepoint    ] Application time: 1.0000875 seconds
[2019-12-08T12:13:25.833+0000][1][safepoint    ] Entering safepoint region: Cleanup
[2019-12-08T12:13:25.833+0000][1][safepoint    ] Leaving safepoint region
[2019-12-08T12:13:25.833+0000][1][safepoint    ] Total time for which application threads were stopped: 0.0000972 seconds, Stopping threads took: 0.0000334 seconds
[2019-12-08T12:13:26.833+0000][1][safepoint    ] Application time: 1.0000837 seconds
[2019-12-08T12:13:26.833+0000][1][safepoint    ] Entering safepoint region: Cleanup
[2019-12-08T12:13:26.833+0000][1][safepoint    ] Leaving safepoint region
[2019-12-08T12:13:26.833+0000][1][safepoint    ] Total time for which application threads were stopped: 0.0000802 seconds, Stopping threads took: 0.0000195 seconds
[2019-12-08T12:13:27.833+0000][1][safepoint    ] Application time: 1.0000804 seconds
[2019-12-08T12:13:27.833+0000][1][safepoint    ] Entering safepoint region: Cleanup
[2019-12-08T12:13:27.833+0000][1][safepoint    ] Leaving safepoint region
[2019-12-08T12:13:27.833+0000][1][safepoint    ] Total time for which application threads were stopped: 0.0000806 seconds, Stopping threads took: 0.0000203 seconds
[2019-12-08T12:13:28.833+0000][1][safepoint    ] Application time: 1.0000783 seconds
[2019-12-08T12:13:28.833+0000][1][safepoint    ] Entering safepoint region: Cleanup
[2019-12-08T12:13:28.833+0000][1][safepoint    ] Leaving safepoint region
[2019-12-08T12:13:28.833+0000][1][safepoint    ] Total time for which application threads were stopped: 0.0000824 seconds, Stopping threads took: 0.0000195 seconds
[2019-12-08T12:13:29.833+0000][1][safepoint    ] Application time: 1.0000816 seconds
[2019-12-08T12:13:29.834+0000][1][safepoint    ] Entering safepoint region: Cleanup
[2019-12-08T12:13:29.834+0000][1][safepoint    ] Leaving safepoint region
[2019-12-08T12:13:29.834+0000][1][safepoint    ] Total time for which application threads were stopped: 0.0000826 seconds, Stopping threads took: 0.0000186 seconds
[2019-12-08T12:13:30.834+0000][1][safepoint    ] Application time: 1.0000849 seconds
[2019-12-08T12:13:30.834+0000][1][safepoint    ] Entering safepoint region: Cleanup
[2019-12-08T12:13:30.834+0000][1][safepoint    ] Leaving safepoint region
[2019-12-08T12:13:30.834+0000][1][safepoint    ] Total time for which application threads were stopped: 0.0000833 seconds, Stopping threads took: 0.0000192 seconds
[2019-12-08T12:13:31.834+0000][1][safepoint    ] Application time: 1.0000866 seconds
[2019-12-08T12:13:31.834+0000][1][safepoint    ] Entering safepoint region: Cleanup
[2019-12-08T12:13:31.834+0000][1][safepoint    ] Leaving safepoint region
[2019-12-08T12:13:31.834+0000][1][safepoint    ] Total time for which application threads were stopped: 0.0000809 seconds, Stopping threads took: 0.0000192 seconds
[2019-12-08T12:13:32.834+0000][1][safepoint    ] Application time: 1.0000796 seconds
[2019-12-08T12:13:32.834+0000][1][safepoint    ] Entering safepoint region: Cleanup
[2019-12-08T12:13:32.834+0000][1][safepoint    ] Leaving safepoint region
[2019-12-08T12:13:32.834+0000][1][safepoint    ] Total time for which application threads were stopped: 0.0000786 seconds, Stopping threads took: 0.0000195 seconds
[2019-12-08T12:13:33.834+0000][1][safepoint    ] Application time: 1.0000777 seconds
[2019-12-08T12:13:33.834+0000][1][safepoint    ] Entering safepoint region: Cleanup
[2019-12-08T12:13:33.834+0000][1][safepoint    ] Leaving safepoint region
[2019-12-08T12:13:33.834+0000][1][safepoint    ] Total time for which application threads were stopped: 0.0000804 seconds, Stopping threads took: 0.0000183 seconds
[2019-12-08T12:13:34.835+0000][1][safepoint    ] Application time: 1.0000796 seconds
[2019-12-08T12:13:34.835+0000][1][safepoint    ] Entering safepoint region: Cleanup
[2019-12-08T12:13:34.835+0000][1][safepoint    ] Leaving safepoint region
[2019-12-08T12:13:34.835+0000][1][safepoint    ] Total time for which application threads were stopped: 0.0000800 seconds, Stopping threads took: 0.0000195 seconds
[2019-12-08T12:13:35.835+0000][1][safepoint    ] Application time: 1.0000815 seconds
[2019-12-08T12:13:35.835+0000][1][safepoint    ] Entering safepoint region: Cleanup
[2019-12-08T12:13:35.835+0000][1][safepoint    ] Leaving safepoint region
[2019-12-08T12:13:35.835+0000][1][safepoint    ] Total time for which application threads were stopped: 0.0000818 seconds, Stopping threads took: 0.0000187 seconds
[2019-12-08T12:13:36.835+0000][1][safepoint    ] Application time: 1.0000761 seconds
[2019-12-08T12:13:36.835+0000][1][safepoint    ] Entering safepoint region: Cleanup
[2019-12-08T12:13:36.835+0000][1][safepoint    ] Leaving safepoint region
[2019-12-08T12:13:36.835+0000][1][safepoint    ] Total time for which application threads were stopped: 0.0000784 seconds, Stopping threads took: 0.0000179 seconds
[2019-12-08T12:13:37.835+0000][1][safepoint    ] Application time: 1.0000780 seconds
[2019-12-08T12:13:37.835+0000][1][safepoint    ] Entering safepoint region: Cleanup
[2019-12-08T12:13:37.835+0000][1][safepoint    ] Leaving safepoint region
[2019-12-08T12:13:37.835+0000][1][safepoint    ] Total time for which application threads were stopped: 0.0000822 seconds, Stopping threads took: 0.0000209 seconds
[2019-12-08T12:13:38.835+0000][1][safepoint    ] Application time: 1.0000756 seconds
[2019-12-08T12:13:38.835+0000][1][safepoint    ] Entering safepoint region: Cleanup
[2019-12-08T12:13:38.835+0000][1][safepoint    ] Leaving safepoint region
[2019-12-08T12:13:38.835+0000][1][safepoint    ] Total time for which application threads were stopped: 0.0000800 seconds, Stopping threads took: 0.0000202 seconds
[2019-12-08T12:13:39.836+0000][1][safepoint    ] Application time: 1.0000795 seconds
[2019-12-08T12:13:39.836+0000][1][safepoint    ] Entering safepoint region: Cleanup
[2019-12-08T12:13:39.836+0000][1][safepoint    ] Leaving safepoint region
[2019-12-08T12:13:39.836+0000][1][safepoint    ] Total time for which application threads were stopped: 0.0000768 seconds, Stopping threads took: 0.0000183 seconds
[2019-12-08T12:13:40.836+0000][1][safepoint    ] Application time: 1.0000830 seconds
[2019-12-08T12:13:40.836+0000][1][safepoint    ] Entering safepoint region: Cleanup
[2019-12-08T12:13:40.836+0000][1][safepoint    ] Leaving safepoint region
[2019-12-08T12:13:40.836+0000][1][safepoint    ] Total time for which application threads were stopped: 0.0000829 seconds, Stopping threads took: 0.0000210 seconds
[2019-12-08T12:13:41.836+0000][1][safepoint    ] Application time: 1.0000785 seconds
[2019-12-08T12:13:41.836+0000][1][safepoint    ] Entering safepoint region: Cleanup
[2019-12-08T12:13:41.836+0000][1][safepoint    ] Leaving safepoint region
[2019-12-08T12:13:41.836+0000][1][safepoint    ] Total time for which application threads were stopped: 0.0000795 seconds, Stopping threads took: 0.0000204 seconds
[2019-12-08T12:13:42.836+0000][1][safepoint    ] Application time: 1.0000776 seconds
[2019-12-08T12:13:42.836+0000][1][safepoint    ] Entering safepoint region: Cleanup
[2019-12-08T12:13:42.836+0000][1][safepoint    ] Leaving safepoint region
[2019-12-08T12:13:42.836+0000][1][safepoint    ] Total time for which application threads were stopped: 0.0000768 seconds, Stopping threads took: 0.0000180 seconds
[2019-12-08T12:13:43.836+0000][1][safepoint    ] Application time: 1.0000785 seconds
[2019-12-08T12:13:43.836+0000][1][safepoint    ] Entering safepoint region: Cleanup
[2019-12-08T12:13:43.836+0000][1][safepoint    ] Leaving safepoint region
[2019-12-08T12:13:43.836+0000][1][safepoint    ] Total time for which application threads were stopped: 0.0000810 seconds, Stopping threads took: 0.0000201 seconds
[2019-12-08T12:13:45.735+0000][1][safepoint    ] Application time: 1.8984467 seconds
[2019-12-08T12:13:45.735+0000][1][safepoint    ] Entering safepoint region: Cleanup
[2019-12-08T12:13:45.735+0000][1][safepoint    ] Leaving safepoint region
[2019-12-08T12:13:45.735+0000][1][safepoint    ] Total time for which application threads were stopped: 0.0000789 seconds, Stopping threads took: 0.0000200 seconds
[2019-12-08T12:13:46.735+0000][1][safepoint    ] Application time: 1.0000796 seconds
[2019-12-08T12:13:46.735+0000][1][safepoint    ] Entering safepoint region: Cleanup
[2019-12-08T12:13:46.735+0000][1][safepoint    ] Leaving safepoint region
[2019-12-08T12:13:46.735+0000][1][safepoint    ] Total time for which application threads were stopped: 0.0001090 seconds, Stopping threads took: 0.0000490 seconds
[2019-12-08T12:13:47.735+0000][1][safepoint    ] Application time: 1.0000854 seconds
[2019-12-08T12:13:47.735+0000][1][safepoint    ] Entering safepoint region: Cleanup
[2019-12-08T12:13:47.735+0000][1][safepoint    ] Leaving safepoint region
[2019-12-08T12:13:47.735+0000][1][safepoint    ] Total time for which application threads were stopped: 0.0000886 seconds, Stopping threads took: 0.0000285 seconds
[2019-12-08T12:13:48.736+0000][1][safepoint    ] Application time: 1.0000790 seconds
[2019-12-08T12:13:48.736+0000][1][safepoint    ] Entering safepoint region: Cleanup
[2019-12-08T12:13:48.736+0000][1][safepoint    ] Leaving safepoint region
[2019-12-08T12:13:48.736+0000][1][safepoint    ] Total time for which application threads were stopped: 0.0000760 seconds, Stopping threads took: 0.0000180 seconds
[2019-12-08T12:13:49.736+0000][1][safepoint    ] Application time: 1.0000919 seconds
[2019-12-08T12:13:49.736+0000][1][safepoint    ] Entering safepoint region: Cleanup
[2019-12-08T12:13:49.736+0000][1][safepoint    ] Leaving safepoint region
[2019-12-08T12:13:49.736+0000][1][safepoint    ] Total time for which application threads were stopped: 0.0000782 seconds, Stopping threads took: 0.0000184 seconds
[2019-12-08T12:13:50.736+0000][1][safepoint    ] Application time: 1.0000793 seconds
[2019-12-08T12:13:50.736+0000][1][safepoint    ] Entering safepoint region: Cleanup
[2019-12-08T12:13:50.736+0000][1][safepoint    ] Leaving safepoint region
[2019-12-08T12:13:50.736+0000][1][safepoint    ] Total time for which application threads were stopped: 0.0000796 seconds, Stopping threads took: 0.0000204 seconds
[2019-12-08T12:13:51.736+0000][1][safepoint    ] Application time: 1.0000800 seconds
[2019-12-08T12:13:51.736+0000][1][safepoint    ] Entering safepoint region: Cleanup
[2019-12-08T12:13:51.736+0000][1][safepoint    ] Leaving safepoint region
[2019-12-08T12:13:51.736+0000][1][safepoint    ] Total time for which application threads were stopped: 0.0000763 seconds, Stopping threads took: 0.0000187 seconds
[2019-12-08T12:13:52.736+0000][1][safepoint    ] Application time: 1.0000795 seconds
[2019-12-08T12:13:52.736+0000][1][safepoint    ] Entering safepoint region: Cleanup
[2019-12-08T12:13:52.736+0000][1][safepoint    ] Leaving safepoint region
[2019-12-08T12:13:52.737+0000][1][safepoint    ] Total time for which application threads were stopped: 0.0000838 seconds, Stopping threads took: 0.0000206 seconds
[2019-12-08T12:13:53.737+0000][1][safepoint    ] Application time: 1.0001924 seconds
[2019-12-08T12:13:53.737+0000][1][safepoint    ] Entering safepoint region: Cleanup
[2019-12-08T12:13:53.737+0000][1][safepoint    ] Leaving safepoint region
[2019-12-08T12:13:53.737+0000][1][safepoint    ] Total time for which application threads were stopped: 0.0001054 seconds, Stopping threads took: 0.0000251 seconds
[2019-12-08T12:13:54.737+0000][1][safepoint    ] Application time: 1.0000865 seconds
[2019-12-08T12:13:54.737+0000][1][safepoint    ] Entering safepoint region: Cleanup
[2019-12-08T12:13:54.737+0000][1][safepoint    ] Leaving safepoint region
[2019-12-08T12:13:54.737+0000][1][safepoint    ] Total time for which application threads were stopped: 0.0001694 seconds, Stopping threads took: 0.0000614 seconds
[2019-12-08T12:13:55.737+0000][1][safepoint    ] Application time: 1.0000971 seconds
[2019-12-08T12:13:55.737+0000][1][safepoint    ] Entering safepoint region: Cleanup
[2019-12-08T12:13:55.737+0000][1][safepoint    ] Leaving safepoint region
[2019-12-08T12:13:55.737+0000][1][safepoint    ] Total time for which application threads were stopped: 0.0000863 seconds, Stopping threads took: 0.0000219 seconds
[2019-12-08T12:13:56.737+0000][1][safepoint    ] Application time: 1.0000908 seconds
[2019-12-08T12:13:56.738+0000][1][safepoint    ] Entering safepoint region: Cleanup
[2019-12-08T12:13:56.738+0000][1][safepoint    ] Leaving safepoint region
[2019-12-08T12:13:56.738+0000][1][safepoint    ] Total time for which application threads were stopped: 0.0000823 seconds, Stopping threads took: 0.0000204 seconds
[2019-12-08T12:13:57.738+0000][1][safepoint    ] Application time: 1.0000861 seconds
[2019-12-08T12:13:57.738+0000][1][safepoint    ] Entering safepoint region: Cleanup
[2019-12-08T12:13:57.738+0000][1][safepoint    ] Leaving safepoint region
[2019-12-08T12:13:57.738+0000][1][safepoint    ] Total time for which application threads were stopped: 0.0000845 seconds, Stopping threads took: 0.0000205 seconds
[2019-12-08T12:13:58.738+0000][1][safepoint    ] Application time: 1.0000812 seconds
[2019-12-08T12:13:58.738+0000][1][safepoint    ] Entering safepoint region: Cleanup
[2019-12-08T12:13:58.738+0000][1][safepoint    ] Leaving safepoint region
[2019-12-08T12:13:58.738+0000][1][safepoint    ] Total time for which application threads were stopped: 0.0000811 seconds, Stopping threads took: 0.0000201 seconds
[2019-12-08T12:13:59.738+0000][1][safepoint    ] Application time: 1.0000823 seconds
[2019-12-08T12:13:59.738+0000][1][safepoint    ] Entering safepoint region: Cleanup
[2019-12-08T12:13:59.738+0000][1][safepoint    ] Leaving safepoint region
[2019-12-08T12:13:59.738+0000][1][safepoint    ] Total time for which application threads were stopped: 0.0000853 seconds, Stopping threads took: 0.0000206 seconds
[2019-12-08T12:14:00.738+0000][1][safepoint    ] Application time: 1.0000816 seconds
[2019-12-08T12:14:00.738+0000][1][safepoint    ] Entering safepoint region: Cleanup
[2019-12-08T12:14:00.738+0000][1][safepoint    ] Leaving safepoint region
[2019-12-08T12:14:00.738+0000][1][safepoint    ] Total time for which application threads were stopped: 0.0000840 seconds, Stopping threads took: 0.0000205 seconds
[2019-12-08T12:14:01.739+0000][1][safepoint    ] Application time: 1.0000866 seconds
[2019-12-08T12:14:01.739+0000][1][safepoint    ] Entering safepoint region: Cleanup
[2019-12-08T12:14:01.739+0000][1][safepoint    ] Leaving safepoint region
[2019-12-08T12:14:01.739+0000][1][safepoint    ] Total time for which application threads were stopped: 0.0001080 seconds, Stopping threads took: 0.0000274 seconds
[2019-12-08T12:14:02.739+0000][1][safepoint    ] Application time: 1.0000838 seconds
[2019-12-08T12:14:02.739+0000][1][safepoint    ] Entering safepoint region: Cleanup
[2019-12-08T12:14:02.739+0000][1][safepoint    ] Leaving safepoint region
[2019-12-08T12:14:02.739+0000][1][safepoint    ] Total time for which application threads were stopped: 0.0000863 seconds, Stopping threads took: 0.0000191 seconds
[2019-12-08T12:14:03.739+0000][1][safepoint    ] Application time: 1.0000869 seconds
[2019-12-08T12:14:03.739+0000][1][safepoint    ] Entering safepoint region: Cleanup
[2019-12-08T12:14:03.739+0000][1][safepoint    ] Leaving safepoint region
[2019-12-08T12:14:03.739+0000][1][safepoint    ] Total time for which application threads were stopped: 0.0000811 seconds, Stopping threads took: 0.0000200 seconds
[2019-12-08T12:14:04.739+0000][1][safepoint    ] Application time: 1.0000839 seconds
[2019-12-08T12:14:04.739+0000][1][safepoint    ] Entering safepoint region: Cleanup
[2019-12-08T12:14:04.739+0000][1][safepoint    ] Leaving safepoint region
[2019-12-08T12:14:04.739+0000][1][safepoint    ] Total time for which application threads were stopped: 0.0000845 seconds, Stopping threads took: 0.0000215 seconds
[2019-12-08T12:14:05.739+0000][1][safepoint    ] Application time: 1.0000847 seconds
[2019-12-08T12:14:05.739+0000][1][safepoint    ] Entering safepoint region: Cleanup
[2019-12-08T12:14:05.740+0000][1][safepoint    ] Leaving safepoint region
[2019-12-08T12:14:05.740+0000][1][safepoint    ] Total time for which application threads were stopped: 0.0000842 seconds, Stopping threads took: 0.0000198 seconds
[2019-12-08T12:14:06.740+0000][1][safepoint    ] Application time: 1.0000818 seconds
[2019-12-08T12:14:06.740+0000][1][safepoint    ] Entering safepoint region: Cleanup
[2019-12-08T12:14:06.740+0000][1][safepoint    ] Leaving safepoint region
[2019-12-08T12:14:06.740+0000][1][safepoint    ] Total time for which application threads were stopped: 0.0000848 seconds, Stopping threads took: 0.0000230 seconds
[2019-12-08T12:14:07.740+0000][1][safepoint    ] Application time: 1.0000839 seconds
[2019-12-08T12:14:07.740+0000][1][safepoint    ] Entering safepoint region: Cleanup
[2019-12-08T12:14:07.740+0000][1][safepoint    ] Leaving safepoint region
[2019-12-08T12:14:07.740+0000][1][safepoint    ] Total time for which application threads were stopped: 0.0000844 seconds, Stopping threads took: 0.0000194 seconds
[2019-12-08T12:14:08.740+0000][1][safepoint    ] Application time: 1.0000856 seconds
[2019-12-08T12:14:08.740+0000][1][safepoint    ] Entering safepoint region: Cleanup
[2019-12-08T12:14:08.740+0000][1][safepoint    ] Leaving safepoint region
[2019-12-08T12:14:08.740+0000][1][safepoint    ] Total time for which application threads were stopped: 0.0000811 seconds, Stopping threads took: 0.0000194 seconds
[2019-12-08T12:14:08.850+0000][1][safepoint    ] Application time: 0.1096929 seconds
[2019-12-08T12:14:08.850+0000][1][safepoint    ] Entering safepoint region: GenCollectForAllocation
[2019-12-08T12:14:08.850+0000][1][gc,start     ] GC(42) Pause Young (Allocation Failure)
[2019-12-08T12:14:08.850+0000][1][gc,task      ] GC(42) Using 4 workers of 4 for evacuation
[2019-12-08T12:14:08.851+0000][1][gc,age       ] GC(42) Desired survivor size 4456448 bytes, new threshold 6 (max threshold 6)
[2019-12-08T12:14:08.851+0000][1][gc,age       ] GC(42) Age table with threshold 6 (max threshold 6)
[2019-12-08T12:14:08.851+0000][1][gc,age       ] GC(42) - age   1:       4968 bytes,       4968 total
[2019-12-08T12:14:08.851+0000][1][gc,age       ] GC(42) - age   2:        280 bytes,       5248 total
[2019-12-08T12:14:08.851+0000][1][gc,age       ] GC(42) - age   3:         64 bytes,       5312 total
[2019-12-08T12:14:08.851+0000][1][gc,age       ] GC(42) - age   4:         96 bytes,       5408 total
[2019-12-08T12:14:08.851+0000][1][gc,age       ] GC(42) - age   6:       2176 bytes,       7584 total
[2019-12-08T12:14:08.851+0000][1][gc,heap      ] GC(42) ParNew: 69960K->10K(78656K)
[2019-12-08T12:14:08.851+0000][1][gc,heap      ] GC(42) CMS: 70156K->70156K(174784K)
[2019-12-08T12:14:08.851+0000][1][gc,metaspace ] GC(42) Metaspace: 69028K->69028K(1112064K)
[2019-12-08T12:14:08.851+0000][1][gc           ] GC(42) Pause Young (Allocation Failure) 136M->68M(247M) 1.352ms
[2019-12-08T12:14:08.851+0000][1][gc,cpu       ] GC(42) User=0.00s Sys=0.00s Real=0.01s
[2019-12-08T12:14:08.851+0000][1][safepoint    ] Leaving safepoint region
[2019-12-08T12:14:08.851+0000][1][safepoint    ] Total time for which application threads were stopped: 0.0015337 seconds, Stopping threads took: 0.0000187 seconds
[2019-12-08T12:14:09.852+0000][1][safepoint    ] Application time: 1.0001008 seconds
[2019-12-08T12:14:09.852+0000][1][safepoint    ] Entering safepoint region: Cleanup
[2019-12-08T12:14:09.852+0000][1][safepoint    ] Leaving safepoint region
[2019-12-08T12:14:09.852+0000][1][safepoint    ] Total time for which application threads were stopped: 0.0000998 seconds, Stopping threads took: 0.0000194 seconds
[2019-12-08T12:14:10.852+0000][1][safepoint    ] Application time: 1.0000878 seconds
[2019-12-08T12:14:10.852+0000][1][safepoint    ] Entering safepoint region: Cleanup
[2019-12-08T12:14:10.852+0000][1][safepoint    ] Leaving safepoint region
[2019-12-08T12:14:10.852+0000][1][safepoint    ] Total time for which application threads were stopped: 0.0000789 seconds, Stopping threads took: 0.0000184 seconds
[2019-12-08T12:14:11.852+0000][1][safepoint    ] Application time: 1.0000823 seconds
[2019-12-08T12:14:11.852+0000][1][safepoint    ] Entering safepoint region: Cleanup
[2019-12-08T12:14:11.852+0000][1][safepoint    ] Leaving safepoint region
[2019-12-08T12:14:11.852+0000][1][safepoint    ] Total time for which application threads were stopped: 0.0000879 seconds, Stopping threads took: 0.0000261 seconds
[2019-12-08T12:14:12.852+0000][1][safepoint    ] Application time: 1.0001025 seconds
[2019-12-08T12:14:12.852+0000][1][safepoint    ] Entering safepoint region: Cleanup
[2019-12-08T12:14:12.852+0000][1][safepoint    ] Leaving safepoint region
[2019-12-08T12:14:12.852+0000][1][safepoint    ] Total time for which application threads were stopped: 0.0000824 seconds, Stopping threads took: 0.0000205 seconds
[2019-12-08T12:14:13.852+0000][1][safepoint    ] Application time: 1.0000913 seconds
[2019-12-08T12:14:13.853+0000][1][safepoint    ] Entering safepoint region: Cleanup
[2019-12-08T12:14:13.853+0000][1][safepoint    ] Leaving safepoint region
[2019-12-08T12:14:13.853+0000][1][safepoint    ] Total time for which application threads were stopped: 0.0001203 seconds, Stopping threads took: 0.0000254 seconds
[2019-12-08T12:14:14.853+0000][1][safepoint    ] Application time: 1.0000962 seconds
[2019-12-08T12:14:14.853+0000][1][safepoint    ] Entering safepoint region: Cleanup
[2019-12-08T12:14:14.853+0000][1][safepoint    ] Leaving safepoint region
[2019-12-08T12:14:14.853+0000][1][safepoint    ] Total time for which application threads were stopped: 0.0000800 seconds, Stopping threads took: 0.0000193 seconds
[2019-12-08T12:14:15.853+0000][1][safepoint    ] Application time: 1.0000792 seconds
[2019-12-08T12:14:15.853+0000][1][safepoint    ] Entering safepoint region: Cleanup
[2019-12-08T12:14:15.853+0000][1][safepoint    ] Leaving safepoint region
[2019-12-08T12:14:15.853+0000][1][safepoint    ] Total time for which application threads were stopped: 0.0000790 seconds, Stopping threads took: 0.0000194 seconds
[2019-12-08T12:14:16.853+0000][1][safepoint    ] Application time: 1.0000885 seconds
[2019-12-08T12:14:16.853+0000][1][safepoint    ] Entering safepoint region: Cleanup
[2019-12-08T12:14:16.853+0000][1][safepoint    ] Leaving safepoint region
[2019-12-08T12:14:16.853+0000][1][safepoint    ] Total time for which application threads were stopped: 0.0000806 seconds, Stopping threads took: 0.0000195 seconds
[2019-12-08T12:14:17.853+0000][1][safepoint    ] Application time: 1.0000757 seconds
[2019-12-08T12:14:17.853+0000][1][safepoint    ] Entering safepoint region: Cleanup
[2019-12-08T12:14:17.853+0000][1][safepoint    ] Leaving safepoint region
[2019-12-08T12:14:17.853+0000][1][safepoint    ] Total time for which application threads were stopped: 0.0000818 seconds, Stopping threads took: 0.0000213 seconds
[2019-12-08T12:14:18.854+0000][1][safepoint    ] Application time: 1.0000791 seconds
[2019-12-08T12:14:18.854+0000][1][safepoint    ] Entering safepoint region: Cleanup
[2019-12-08T12:14:18.854+0000][1][safepoint    ] Leaving safepoint region
[2019-12-08T12:14:18.854+0000][1][safepoint    ] Total time for which application threads were stopped: 0.0000939 seconds, Stopping threads took: 0.0000192 seconds
[2019-12-08T12:14:19.854+0000][1][safepoint    ] Application time: 1.0000778 seconds
[2019-12-08T12:14:19.854+0000][1][safepoint    ] Entering safepoint region: Cleanup
[2019-12-08T12:14:19.854+0000][1][safepoint    ] Leaving safepoint region
[2019-12-08T12:14:19.854+0000][1][safepoint    ] Total time for which application threads were stopped: 0.0000796 seconds, Stopping threads took: 0.0000190 seconds
[2019-12-08T12:14:20.854+0000][1][safepoint    ] Application time: 1.0000779 seconds
[2019-12-08T12:14:20.854+0000][1][safepoint    ] Entering safepoint region: Cleanup
[2019-12-08T12:14:20.854+0000][1][safepoint    ] Leaving safepoint region
[2019-12-08T12:14:20.854+0000][1][safepoint    ] Total time for which application threads were stopped: 0.0000795 seconds, Stopping threads took: 0.0000200 seconds
[2019-12-08T12:14:21.854+0000][1][safepoint    ] Application time: 1.0000791 seconds
[2019-12-08T12:14:21.854+0000][1][safepoint    ] Entering safepoint region: Cleanup
[2019-12-08T12:14:21.854+0000][1][safepoint    ] Leaving safepoint region
[2019-12-08T12:14:21.854+0000][1][safepoint    ] Total time for which application threads were stopped: 0.0000776 seconds, Stopping threads took: 0.0000184 seconds
[2019-12-08T12:14:22.854+0000][1][safepoint    ] Application time: 1.0000771 seconds
[2019-12-08T12:14:22.854+0000][1][safepoint    ] Entering safepoint region: Cleanup
[2019-12-08T12:14:22.854+0000][1][safepoint    ] Leaving safepoint region
[2019-12-08T12:14:22.854+0000][1][safepoint    ] Total time for which application threads were stopped: 0.0000781 seconds, Stopping threads took: 0.0000186 seconds
[2019-12-08T12:14:23.855+0000][1][safepoint    ] Application time: 1.0000796 seconds
[2019-12-08T12:14:23.855+0000][1][safepoint    ] Entering safepoint region: Cleanup
[2019-12-08T12:14:23.855+0000][1][safepoint    ] Leaving safepoint region
[2019-12-08T12:14:23.855+0000][1][safepoint    ] Total time for which application threads were stopped: 0.0000916 seconds, Stopping threads took: 0.0000192 seconds
[2019-12-08T12:14:24.855+0000][1][safepoint    ] Application time: 1.0000762 seconds
[2019-12-08T12:14:24.855+0000][1][safepoint    ] Entering safepoint region: Cleanup
[2019-12-08T12:14:24.855+0000][1][safepoint    ] Leaving safepoint region
[2019-12-08T12:14:24.855+0000][1][safepoint    ] Total time for which application threads were stopped: 0.0000776 seconds, Stopping threads took: 0.0000185 seconds
[2019-12-08T12:14:25.855+0000][1][safepoint    ] Application time: 1.0000831 seconds
[2019-12-08T12:14:25.855+0000][1][safepoint    ] Entering safepoint region: Cleanup
[2019-12-08T12:14:25.855+0000][1][safepoint    ] Leaving safepoint region
[2019-12-08T12:14:25.855+0000][1][safepoint    ] Total time for which application threads were stopped: 0.0000833 seconds, Stopping threads took: 0.0000207 seconds
[2019-12-08T12:14:26.855+0000][1][safepoint    ] Application time: 1.0000783 seconds
[2019-12-08T12:14:26.855+0000][1][safepoint    ] Entering safepoint region: Cleanup
[2019-12-08T12:14:26.855+0000][1][safepoint    ] Leaving safepoint region
[2019-12-08T12:14:26.855+0000][1][safepoint    ] Total time for which application threads were stopped: 0.0000832 seconds, Stopping threads took: 0.0000246 seconds
[2019-12-08T12:14:27.855+0000][1][safepoint    ] Application time: 1.0000775 seconds
[2019-12-08T12:14:27.855+0000][1][safepoint    ] Entering safepoint region: Cleanup
[2019-12-08T12:14:27.855+0000][1][safepoint    ] Leaving safepoint region
[2019-12-08T12:14:27.856+0000][1][safepoint    ] Total time for which application threads were stopped: 0.0000766 seconds, Stopping threads took: 0.0000178 seconds
[2019-12-08T12:14:28.856+0000][1][safepoint    ] Application time: 1.0000752 seconds
[2019-12-08T12:14:28.856+0000][1][safepoint    ] Entering safepoint region: Cleanup
[2019-12-08T12:14:28.856+0000][1][safepoint    ] Leaving safepoint region
[2019-12-08T12:14:28.856+0000][1][safepoint    ] Total time for which application threads were stopped: 0.0000910 seconds, Stopping threads took: 0.0000208 seconds
[2019-12-08T12:14:29.856+0000][1][safepoint    ] Application time: 1.0000785 seconds
[2019-12-08T12:14:29.856+0000][1][safepoint    ] Entering safepoint region: Cleanup
[2019-12-08T12:14:29.856+0000][1][safepoint    ] Leaving safepoint region
[2019-12-08T12:14:29.856+0000][1][safepoint    ] Total time for which application threads were stopped: 0.0000765 seconds, Stopping threads took: 0.0000169 seconds
[2019-12-08T12:14:30.856+0000][1][safepoint    ] Application time: 1.0000751 seconds
[2019-12-08T12:14:30.856+0000][1][safepoint    ] Entering safepoint region: Cleanup
[2019-12-08T12:14:30.856+0000][1][safepoint    ] Leaving safepoint region
[2019-12-08T12:14:30.856+0000][1][safepoint    ] Total time for which application threads were stopped: 0.0000787 seconds, Stopping threads took: 0.0000181 seconds
[2019-12-08T12:14:31.856+0000][1][safepoint    ] Application time: 1.0000765 seconds
[2019-12-08T12:14:31.856+0000][1][safepoint    ] Entering safepoint region: Cleanup
[2019-12-08T12:14:31.856+0000][1][safepoint    ] Leaving safepoint region
[2019-12-08T12:14:31.856+0000][1][safepoint    ] Total time for which application threads were stopped: 0.0000763 seconds, Stopping threads took: 0.0000173 seconds
[2019-12-08T12:14:32.856+0000][1][safepoint    ] Application time: 1.0000795 seconds
[2019-12-08T12:14:32.856+0000][1][safepoint    ] Entering safepoint region: Cleanup
[2019-12-08T12:14:32.856+0000][1][safepoint    ] Leaving safepoint region
[2019-12-08T12:14:32.856+0000][1][safepoint    ] Total time for which application threads were stopped: 0.0000808 seconds, Stopping threads took: 0.0000185 seconds
[2019-12-08T12:14:33.857+0000][1][safepoint    ] Application time: 1.0000820 seconds
[2019-12-08T12:14:33.857+0000][1][safepoint    ] Entering safepoint region: Cleanup
[2019-12-08T12:14:33.857+0000][1][safepoint    ] Leaving safepoint region
[2019-12-08T12:14:33.857+0000][1][safepoint    ] Total time for which application threads were stopped: 0.0000915 seconds, Stopping threads took: 0.0000208 seconds
[2019-12-08T12:14:34.857+0000][1][safepoint    ] Application time: 1.0000791 seconds
[2019-12-08T12:14:34.857+0000][1][safepoint    ] Entering safepoint region: Cleanup
[2019-12-08T12:14:34.857+0000][1][safepoint    ] Leaving safepoint region
[2019-12-08T12:14:34.857+0000][1][safepoint    ] Total time for which application threads were stopped: 0.0000761 seconds, Stopping threads took: 0.0000183 seconds
[2019-12-08T12:14:35.857+0000][1][safepoint    ] Application time: 1.0000765 seconds
[2019-12-08T12:14:35.857+0000][1][safepoint    ] Entering safepoint region: Cleanup
[2019-12-08T12:14:35.857+0000][1][safepoint    ] Leaving safepoint region
[2019-12-08T12:14:35.857+0000][1][safepoint    ] Total time for which application threads were stopped: 0.0000758 seconds, Stopping threads took: 0.0000178 seconds
[2019-12-08T12:14:36.857+0000][1][safepoint    ] Application time: 1.0000753 seconds
[2019-12-08T12:14:36.857+0000][1][safepoint    ] Entering safepoint region: Cleanup
[2019-12-08T12:14:36.857+0000][1][safepoint    ] Leaving safepoint region
[2019-12-08T12:14:36.857+0000][1][safepoint    ] Total time for which application threads were stopped: 0.0000856 seconds, Stopping threads took: 0.0000262 seconds
[2019-12-08T12:14:37.857+0000][1][safepoint    ] Application time: 1.0000786 seconds
[2019-12-08T12:14:37.857+0000][1][safepoint    ] Entering safepoint region: Cleanup
[2019-12-08T12:14:37.857+0000][1][safepoint    ] Leaving safepoint region
[2019-12-08T12:14:37.857+0000][1][safepoint    ] Total time for which application threads were stopped: 0.0000817 seconds, Stopping threads took: 0.0000211 seconds
[2019-12-08T12:14:38.858+0000][1][safepoint    ] Application time: 1.0000793 seconds
[2019-12-08T12:14:38.858+0000][1][safepoint    ] Entering safepoint region: Cleanup
[2019-12-08T12:14:38.858+0000][1][safepoint    ] Leaving safepoint region
[2019-12-08T12:14:38.858+0000][1][safepoint    ] Total time for which application threads were stopped: 0.0000870 seconds, Stopping threads took: 0.0000172 seconds
[2019-12-08T12:14:39.858+0000][1][safepoint    ] Application time: 1.0000779 seconds
[2019-12-08T12:14:39.858+0000][1][safepoint    ] Entering safepoint region: Cleanup
[2019-12-08T12:14:39.858+0000][1][safepoint    ] Leaving safepoint region
[2019-12-08T12:14:39.858+0000][1][safepoint    ] Total time for which application threads were stopped: 0.0000738 seconds, Stopping threads took: 0.0000175 seconds
[2019-12-08T12:14:40.858+0000][1][safepoint    ] Application time: 1.0000761 seconds
[2019-12-08T12:14:40.858+0000][1][safepoint    ] Entering safepoint region: Cleanup
[2019-12-08T12:14:40.858+0000][1][safepoint    ] Leaving safepoint region
[2019-12-08T12:14:40.858+0000][1][safepoint    ] Total time for which application threads were stopped: 0.0000769 seconds, Stopping threads took: 0.0000179 seconds
[2019-12-08T12:14:41.858+0000][1][safepoint    ] Application time: 1.0000772 seconds
[2019-12-08T12:14:41.858+0000][1][safepoint    ] Entering safepoint region: Cleanup
[2019-12-08T12:14:41.858+0000][1][safepoint    ] Leaving safepoint region
[2019-12-08T12:14:41.858+0000][1][safepoint    ] Total time for which application threads were stopped: 0.0000785 seconds, Stopping threads took: 0.0000186 seconds
[2019-12-08T12:14:43.246+0000][1][safepoint    ] Application time: 1.3881268 seconds
[2019-12-08T12:14:43.246+0000][1][safepoint    ] Entering safepoint region: Cleanup
[2019-12-08T12:14:43.247+0000][1][safepoint    ] Leaving safepoint region
[2019-12-08T12:14:43.247+0000][1][safepoint    ] Total time for which application threads were stopped: 0.0000789 seconds, Stopping threads took: 0.0000194 seconds
[2019-12-08T12:14:44.247+0000][1][safepoint    ] Application time: 1.0000781 seconds
[2019-12-08T12:14:44.247+0000][1][safepoint    ] Entering safepoint region: Cleanup
[2019-12-08T12:14:44.247+0000][1][safepoint    ] Leaving safepoint region
[2019-12-08T12:14:44.247+0000][1][safepoint    ] Total time for which application threads were stopped: 0.0000914 seconds, Stopping threads took: 0.0000179 seconds
[2019-12-08T12:14:45.247+0000][1][safepoint    ] Application time: 1.0000870 seconds
[2019-12-08T12:14:45.247+0000][1][safepoint    ] Entering safepoint region: Cleanup
[2019-12-08T12:14:45.247+0000][1][safepoint    ] Leaving safepoint region
[2019-12-08T12:14:45.247+0000][1][safepoint    ] Total time for which application threads were stopped: 0.0000808 seconds, Stopping threads took: 0.0000205 seconds
[2019-12-08T12:14:46.247+0000][1][safepoint    ] Application time: 1.0000772 seconds
[2019-12-08T12:14:46.247+0000][1][safepoint    ] Entering safepoint region: Cleanup
[2019-12-08T12:14:46.247+0000][1][safepoint    ] Leaving safepoint region
[2019-12-08T12:14:46.247+0000][1][safepoint    ] Total time for which application threads were stopped: 0.0000785 seconds, Stopping threads took: 0.0000190 seconds
[2019-12-08T12:14:47.247+0000][1][safepoint    ] Application time: 1.0000774 seconds
[2019-12-08T12:14:47.247+0000][1][safepoint    ] Entering safepoint region: Cleanup
[2019-12-08T12:14:47.247+0000][1][safepoint    ] Leaving safepoint region
[2019-12-08T12:14:47.247+0000][1][safepoint    ] Total time for which application threads were stopped: 0.0000835 seconds, Stopping threads took: 0.0000249 seconds
[2019-12-08T12:14:48.247+0000][1][safepoint    ] Application time: 1.0000789 seconds
[2019-12-08T12:14:48.247+0000][1][safepoint    ] Entering safepoint region: Cleanup
[2019-12-08T12:14:48.248+0000][1][safepoint    ] Leaving safepoint region
[2019-12-08T12:14:48.248+0000][1][safepoint    ] Total time for which application threads were stopped: 0.0000876 seconds, Stopping threads took: 0.0000196 seconds
[2019-12-08T12:14:49.248+0000][1][safepoint    ] Application time: 1.0000758 seconds
[2019-12-08T12:14:49.248+0000][1][safepoint    ] Entering safepoint region: Cleanup
[2019-12-08T12:14:49.248+0000][1][safepoint    ] Leaving safepoint region
[2019-12-08T12:14:49.248+0000][1][safepoint    ] Total time for which application threads were stopped: 0.0000944 seconds, Stopping threads took: 0.0000346 seconds
[2019-12-08T12:14:50.248+0000][1][safepoint    ] Application time: 1.0000780 seconds
[2019-12-08T12:14:50.248+0000][1][safepoint    ] Entering safepoint region: Cleanup
[2019-12-08T12:14:50.248+0000][1][safepoint    ] Leaving safepoint region
[2019-12-08T12:14:50.248+0000][1][safepoint    ] Total time for which application threads were stopped: 0.0000799 seconds, Stopping threads took: 0.0000213 seconds
[2019-12-08T12:14:51.248+0000][1][safepoint    ] Application time: 1.0000807 seconds
[2019-12-08T12:14:51.248+0000][1][safepoint    ] Entering safepoint region: Cleanup
[2019-12-08T12:14:51.248+0000][1][safepoint    ] Leaving safepoint region
[2019-12-08T12:14:51.248+0000][1][safepoint    ] Total time for which application threads were stopped: 0.0000778 seconds, Stopping threads took: 0.0000190 seconds
[2019-12-08T12:14:52.248+0000][1][safepoint    ] Application time: 1.0000812 seconds
[2019-12-08T12:14:52.248+0000][1][safepoint    ] Entering safepoint region: Cleanup
[2019-12-08T12:14:52.248+0000][1][safepoint    ] Leaving safepoint region
[2019-12-08T12:14:52.248+0000][1][safepoint    ] Total time for which application threads were stopped: 0.0000913 seconds, Stopping threads took: 0.0000281 seconds
[2019-12-08T12:14:53.248+0000][1][safepoint    ] Application time: 1.0000810 seconds
[2019-12-08T12:14:53.249+0000][1][safepoint    ] Entering safepoint region: Cleanup
[2019-12-08T12:14:53.249+0000][1][safepoint    ] Leaving safepoint region
[2019-12-08T12:14:53.249+0000][1][safepoint    ] Total time for which application threads were stopped: 0.0000786 seconds, Stopping threads took: 0.0000191 seconds
[2019-12-08T12:14:54.249+0000][1][safepoint    ] Application time: 1.0000771 seconds
[2019-12-08T12:14:54.249+0000][1][safepoint    ] Entering safepoint region: Cleanup
[2019-12-08T12:14:54.249+0000][1][safepoint    ] Leaving safepoint region
[2019-12-08T12:14:54.249+0000][1][safepoint    ] Total time for which application threads were stopped: 0.0000809 seconds, Stopping threads took: 0.0000207 seconds
[2019-12-08T12:14:55.249+0000][1][safepoint    ] Application time: 1.0000766 seconds
[2019-12-08T12:14:55.249+0000][1][safepoint    ] Entering safepoint region: Cleanup
[2019-12-08T12:14:55.249+0000][1][safepoint    ] Leaving safepoint region
[2019-12-08T12:14:55.249+0000][1][safepoint    ] Total time for which application threads were stopped: 0.0000802 seconds, Stopping threads took: 0.0000204 seconds
[2019-12-08T12:14:56.249+0000][1][safepoint    ] Application time: 1.0000770 seconds
[2019-12-08T12:14:56.249+0000][1][safepoint    ] Entering safepoint region: Cleanup
[2019-12-08T12:14:56.249+0000][1][safepoint    ] Leaving safepoint region
[2019-12-08T12:14:56.249+0000][1][safepoint    ] Total time for which application threads were stopped: 0.0000784 seconds, Stopping threads took: 0.0000192 seconds
[2019-12-08T12:14:57.249+0000][1][safepoint    ] Application time: 1.0000772 seconds
[2019-12-08T12:14:57.249+0000][1][safepoint    ] Entering safepoint region: Cleanup
[2019-12-08T12:14:57.249+0000][1][safepoint    ] Leaving safepoint region
[2019-12-08T12:14:57.249+0000][1][safepoint    ] Total time for which application threads were stopped: 0.0000775 seconds, Stopping threads took: 0.0000189 seconds
[2019-12-08T12:14:58.249+0000][1][safepoint    ] Application time: 1.0000760 seconds
[2019-12-08T12:14:58.250+0000][1][safepoint    ] Entering safepoint region: Cleanup
[2019-12-08T12:14:58.250+0000][1][safepoint    ] Leaving safepoint region
[2019-12-08T12:14:58.250+0000][1][safepoint    ] Total time for which application threads were stopped: 0.0000791 seconds, Stopping threads took: 0.0000190 seconds
[2019-12-08T12:14:59.250+0000][1][safepoint    ] Application time: 1.0000812 seconds
[2019-12-08T12:14:59.250+0000][1][safepoint    ] Entering safepoint region: Cleanup
[2019-12-08T12:14:59.250+0000][1][safepoint    ] Leaving safepoint region
[2019-12-08T12:14:59.250+0000][1][safepoint    ] Total time for which application threads were stopped: 0.0000812 seconds, Stopping threads took: 0.0000198 seconds
[2019-12-08T12:15:00.250+0000][1][safepoint    ] Application time: 1.0000792 seconds
[2019-12-08T12:15:00.250+0000][1][safepoint    ] Entering safepoint region: Cleanup
[2019-12-08T12:15:00.250+0000][1][safepoint    ] Leaving safepoint region
[2019-12-08T12:15:00.250+0000][1][safepoint    ] Total time for which application threads were stopped: 0.0000794 seconds, Stopping threads took: 0.0000198 seconds
[2019-12-08T12:15:01.250+0000][1][safepoint    ] Application time: 1.0000800 seconds
[2019-12-08T12:15:01.250+0000][1][safepoint    ] Entering safepoint region: Cleanup
[2019-12-08T12:15:01.250+0000][1][safepoint    ] Leaving safepoint region
[2019-12-08T12:15:01.250+0000][1][safepoint    ] Total time for which application threads were stopped: 0.0000814 seconds, Stopping threads took: 0.0000203 seconds
[2019-12-08T12:15:02.250+0000][1][safepoint    ] Application time: 1.0000825 seconds
[2019-12-08T12:15:02.250+0000][1][safepoint    ] Entering safepoint region: Cleanup
[2019-12-08T12:15:02.250+0000][1][safepoint    ] Leaving safepoint region
[2019-12-08T12:15:02.250+0000][1][safepoint    ] Total time for which application threads were stopped: 0.0000931 seconds, Stopping threads took: 0.0000305 seconds
[2019-12-08T12:15:03.251+0000][1][safepoint    ] Application time: 1.0000886 seconds
[2019-12-08T12:15:03.251+0000][1][safepoint    ] Entering safepoint region: Cleanup
[2019-12-08T12:15:03.251+0000][1][safepoint    ] Leaving safepoint region
[2019-12-08T12:15:03.251+0000][1][safepoint    ] Total time for which application threads were stopped: 0.0000804 seconds, Stopping threads took: 0.0000193 seconds
[2019-12-08T12:15:04.251+0000][1][safepoint    ] Application time: 1.0000789 seconds
[2019-12-08T12:15:04.251+0000][1][safepoint    ] Entering safepoint region: Cleanup
[2019-12-08T12:15:04.251+0000][1][safepoint    ] Leaving safepoint region
[2019-12-08T12:15:04.251+0000][1][safepoint    ] Total time for which application threads were stopped: 0.0000823 seconds, Stopping threads took: 0.0000184 seconds
[2019-12-08T12:15:05.251+0000][1][safepoint    ] Application time: 1.0000806 seconds
[2019-12-08T12:15:05.251+0000][1][safepoint    ] Entering safepoint region: Cleanup
[2019-12-08T12:15:05.251+0000][1][safepoint    ] Leaving safepoint region
[2019-12-08T12:15:05.251+0000][1][safepoint    ] Total time for which application threads were stopped: 0.0000806 seconds, Stopping threads took: 0.0000208 seconds
[2019-12-08T12:15:06.251+0000][1][safepoint    ] Application time: 1.0000806 seconds
[2019-12-08T12:15:06.251+0000][1][safepoint    ] Entering safepoint region: Cleanup
[2019-12-08T12:15:06.251+0000][1][safepoint    ] Leaving safepoint region
[2019-12-08T12:15:06.251+0000][1][safepoint    ] Total time for which application threads were stopped: 0.0000820 seconds, Stopping threads took: 0.0000205 seconds
[2019-12-08T12:15:07.251+0000][1][safepoint    ] Application time: 1.0000778 seconds
[2019-12-08T12:15:07.251+0000][1][safepoint    ] Entering safepoint region: Cleanup
[2019-12-08T12:15:07.251+0000][1][safepoint    ] Leaving safepoint region
[2019-12-08T12:15:07.251+0000][1][safepoint    ] Total time for which application threads were stopped: 0.0000871 seconds, Stopping threads took: 0.0000200 seconds
[2019-12-08T12:15:08.252+0000][1][safepoint    ] Application time: 1.0000798 seconds
[2019-12-08T12:15:08.252+0000][1][safepoint    ] Entering safepoint region: Cleanup
[2019-12-08T12:15:08.252+0000][1][safepoint    ] Leaving safepoint region
[2019-12-08T12:15:08.252+0000][1][safepoint    ] Total time for which application threads were stopped: 0.0000974 seconds, Stopping threads took: 0.0000191 seconds
[2019-12-08T12:15:09.252+0000][1][safepoint    ] Application time: 1.0000849 seconds
[2019-12-08T12:15:09.252+0000][1][safepoint    ] Entering safepoint region: Cleanup
[2019-12-08T12:15:09.252+0000][1][safepoint    ] Leaving safepoint region
[2019-12-08T12:15:09.252+0000][1][safepoint    ] Total time for which application threads were stopped: 0.0000835 seconds, Stopping threads took: 0.0000195 seconds
[2019-12-08T12:15:10.252+0000][1][safepoint    ] Application time: 1.0000869 seconds
[2019-12-08T12:15:10.252+0000][1][safepoint    ] Entering safepoint region: Cleanup
[2019-12-08T12:15:10.252+0000][1][safepoint    ] Leaving safepoint region
[2019-12-08T12:15:10.252+0000][1][safepoint    ] Total time for which application threads were stopped: 0.0000889 seconds, Stopping threads took: 0.0000206 seconds
[2019-12-08T12:15:11.252+0000][1][safepoint    ] Application time: 1.0000840 seconds
[2019-12-08T12:15:11.252+0000][1][safepoint    ] Entering safepoint region: Cleanup
[2019-12-08T12:15:11.252+0000][1][safepoint    ] Leaving safepoint region
[2019-12-08T12:15:11.252+0000][1][safepoint    ] Total time for which application threads were stopped: 0.0000808 seconds, Stopping threads took: 0.0000191 seconds
[2019-12-08T12:15:12.252+0000][1][safepoint    ] Application time: 1.0000775 seconds
[2019-12-08T12:15:12.252+0000][1][safepoint    ] Entering safepoint region: Cleanup
[2019-12-08T12:15:12.253+0000][1][safepoint    ] Leaving safepoint region
[2019-12-08T12:15:12.253+0000][1][safepoint    ] Total time for which application threads were stopped: 0.0000809 seconds, Stopping threads took: 0.0000229 seconds
[2019-12-08T12:15:13.253+0000][1][safepoint    ] Application time: 1.0000918 seconds
[2019-12-08T12:15:13.253+0000][1][safepoint    ] Entering safepoint region: Cleanup
[2019-12-08T12:15:13.253+0000][1][safepoint    ] Leaving safepoint region
[2019-12-08T12:15:13.253+0000][1][safepoint    ] Total time for which application threads were stopped: 0.0000952 seconds, Stopping threads took: 0.0000195 seconds
[2019-12-08T12:15:14.253+0000][1][safepoint    ] Application time: 1.0000835 seconds
[2019-12-08T12:15:14.253+0000][1][safepoint    ] Entering safepoint region: Cleanup
[2019-12-08T12:15:14.253+0000][1][safepoint    ] Leaving safepoint region
[2019-12-08T12:15:14.253+0000][1][safepoint    ] Total time for which application threads were stopped: 0.0000850 seconds, Stopping threads took: 0.0000207 seconds
[2019-12-08T12:15:15.253+0000][1][safepoint    ] Application time: 1.0000874 seconds
[2019-12-08T12:15:15.253+0000][1][safepoint    ] Entering safepoint region: Cleanup
[2019-12-08T12:15:15.253+0000][1][safepoint    ] Leaving safepoint region
[2019-12-08T12:15:15.253+0000][1][safepoint    ] Total time for which application threads were stopped: 0.0000856 seconds, Stopping threads took: 0.0000222 seconds
[2019-12-08T12:15:16.253+0000][1][safepoint    ] Application time: 1.0000858 seconds
[2019-12-08T12:15:16.253+0000][1][safepoint    ] Entering safepoint region: Cleanup
[2019-12-08T12:15:16.253+0000][1][safepoint    ] Leaving safepoint region
[2019-12-08T12:15:16.253+0000][1][safepoint    ] Total time for which application threads were stopped: 0.0000825 seconds, Stopping threads took: 0.0000198 seconds
[2019-12-08T12:15:17.254+0000][1][safepoint    ] Application time: 1.0000804 seconds
[2019-12-08T12:15:17.254+0000][1][safepoint    ] Entering safepoint region: Cleanup
[2019-12-08T12:15:17.254+0000][1][safepoint    ] Leaving safepoint region
[2019-12-08T12:15:17.254+0000][1][safepoint    ] Total time for which application threads were stopped: 0.0000841 seconds, Stopping threads took: 0.0000209 seconds
[2019-12-08T12:15:18.254+0000][1][safepoint    ] Application time: 1.0000809 seconds
[2019-12-08T12:15:18.254+0000][1][safepoint    ] Entering safepoint region: Cleanup
[2019-12-08T12:15:18.254+0000][1][safepoint    ] Leaving safepoint region
[2019-12-08T12:15:18.254+0000][1][safepoint    ] Total time for which application threads were stopped: 0.0000878 seconds, Stopping threads took: 0.0000199 seconds
[2019-12-08T12:15:19.254+0000][1][safepoint    ] Application time: 1.0000798 seconds
[2019-12-08T12:15:19.254+0000][1][safepoint    ] Entering safepoint region: Cleanup
[2019-12-08T12:15:19.254+0000][1][safepoint    ] Leaving safepoint region
[2019-12-08T12:15:19.254+0000][1][safepoint    ] Total time for which application threads were stopped: 0.0000871 seconds, Stopping threads took: 0.0000200 seconds
[2019-12-08T12:15:20.254+0000][1][safepoint    ] Application time: 1.0000822 seconds
[2019-12-08T12:15:20.254+0000][1][safepoint    ] Entering safepoint region: Cleanup
[2019-12-08T12:15:20.254+0000][1][safepoint    ] Leaving safepoint region
[2019-12-08T12:15:20.254+0000][1][safepoint    ] Total time for which application threads were stopped: 0.0000846 seconds, Stopping threads took: 0.0000208 seconds
[2019-12-08T12:15:21.254+0000][1][safepoint    ] Application time: 1.0000887 seconds
[2019-12-08T12:15:21.254+0000][1][safepoint    ] Entering safepoint region: Cleanup
[2019-12-08T12:15:21.255+0000][1][safepoint    ] Leaving safepoint region
[2019-12-08T12:15:21.255+0000][1][safepoint    ] Total time for which application threads were stopped: 0.0000810 seconds, Stopping threads took: 0.0000190 seconds
[2019-12-08T12:15:22.255+0000][1][safepoint    ] Application time: 1.0000790 seconds
[2019-12-08T12:15:22.255+0000][1][safepoint    ] Entering safepoint region: Cleanup
[2019-12-08T12:15:22.255+0000][1][safepoint    ] Leaving safepoint region
[2019-12-08T12:15:22.255+0000][1][safepoint    ] Total time for which application threads were stopped: 0.0000930 seconds, Stopping threads took: 0.0000195 seconds
[2019-12-08T12:15:23.255+0000][1][safepoint    ] Application time: 1.0000844 seconds
[2019-12-08T12:15:23.255+0000][1][safepoint    ] Entering safepoint region: Cleanup
[2019-12-08T12:15:23.255+0000][1][safepoint    ] Leaving safepoint region
[2019-12-08T12:15:23.255+0000][1][safepoint    ] Total time for which application threads were stopped: 0.0001074 seconds, Stopping threads took: 0.0000237 seconds
[2019-12-08T12:15:24.255+0000][1][safepoint    ] Application time: 1.0000795 seconds
[2019-12-08T12:15:24.255+0000][1][safepoint    ] Entering safepoint region: Cleanup
[2019-12-08T12:15:24.255+0000][1][safepoint    ] Leaving safepoint region
[2019-12-08T12:15:24.255+0000][1][safepoint    ] Total time for which application threads were stopped: 0.0000820 seconds, Stopping threads took: 0.0000204 seconds
[2019-12-08T12:15:25.255+0000][1][safepoint    ] Application time: 1.0000794 seconds
[2019-12-08T12:15:25.255+0000][1][safepoint    ] Entering safepoint region: Cleanup
[2019-12-08T12:15:25.255+0000][1][safepoint    ] Leaving safepoint region
[2019-12-08T12:15:25.255+0000][1][safepoint    ] Total time for which application threads were stopped: 0.0000833 seconds, Stopping threads took: 0.0000200 seconds
[2019-12-08T12:15:26.255+0000][1][safepoint    ] Application time: 1.0000827 seconds
[2019-12-08T12:15:26.256+0000][1][safepoint    ] Entering safepoint region: Cleanup
[2019-12-08T12:15:26.256+0000][1][safepoint    ] Leaving safepoint region
[2019-12-08T12:15:26.256+0000][1][safepoint    ] Total time for which application threads were stopped: 0.0000836 seconds, Stopping threads took: 0.0000200 seconds
[2019-12-08T12:15:27.256+0000][1][safepoint    ] Application time: 1.0000929 seconds
[2019-12-08T12:15:27.256+0000][1][safepoint    ] Entering safepoint region: Cleanup
[2019-12-08T12:15:27.256+0000][1][safepoint    ] Leaving safepoint region
[2019-12-08T12:15:27.256+0000][1][safepoint    ] Total time for which application threads were stopped: 0.0000985 seconds, Stopping threads took: 0.0000199 seconds
[2019-12-08T12:15:28.256+0000][1][safepoint    ] Application time: 1.0000791 seconds
[2019-12-08T12:15:28.256+0000][1][safepoint    ] Entering safepoint region: Cleanup
[2019-12-08T12:15:28.256+0000][1][safepoint    ] Leaving safepoint region
[2019-12-08T12:15:28.256+0000][1][safepoint    ] Total time for which application threads were stopped: 0.0000786 seconds, Stopping threads took: 0.0000193 seconds
[2019-12-08T12:15:29.256+0000][1][safepoint    ] Application time: 1.0000784 seconds
[2019-12-08T12:15:29.256+0000][1][safepoint    ] Entering safepoint region: Cleanup
[2019-12-08T12:15:29.256+0000][1][safepoint    ] Leaving safepoint region
[2019-12-08T12:15:29.256+0000][1][safepoint    ] Total time for which application threads were stopped: 0.0000836 seconds, Stopping threads took: 0.0000202 seconds
[2019-12-08T12:15:30.256+0000][1][safepoint    ] Application time: 1.0000784 seconds
[2019-12-08T12:15:30.256+0000][1][safepoint    ] Entering safepoint region: Cleanup
[2019-12-08T12:15:30.256+0000][1][safepoint    ] Leaving safepoint region
[2019-12-08T12:15:30.256+0000][1][safepoint    ] Total time for which application threads were stopped: 0.0000816 seconds, Stopping threads took: 0.0000202 seconds
[2019-12-08T12:15:31.257+0000][1][safepoint    ] Application time: 1.0000800 seconds
[2019-12-08T12:15:31.257+0000][1][safepoint    ] Entering safepoint region: Cleanup
[2019-12-08T12:15:31.257+0000][1][safepoint    ] Leaving safepoint region
[2019-12-08T12:15:31.257+0000][1][safepoint    ] Total time for which application threads were stopped: 0.0000800 seconds, Stopping threads took: 0.0000244 seconds
[2019-12-08T12:15:32.257+0000][1][safepoint    ] Application time: 1.0000788 seconds
[2019-12-08T12:15:32.257+0000][1][safepoint    ] Entering safepoint region: Cleanup
[2019-12-08T12:15:32.257+0000][1][safepoint    ] Leaving safepoint region
[2019-12-08T12:15:32.257+0000][1][safepoint    ] Total time for which application threads were stopped: 0.0000739 seconds, Stopping threads took: 0.0000178 seconds
[2019-12-08T12:15:33.257+0000][1][safepoint    ] Application time: 1.0000787 seconds
[2019-12-08T12:15:33.257+0000][1][safepoint    ] Entering safepoint region: Cleanup
[2019-12-08T12:15:33.257+0000][1][safepoint    ] Leaving safepoint region
[2019-12-08T12:15:33.257+0000][1][safepoint    ] Total time for which application threads were stopped: 0.0000794 seconds, Stopping threads took: 0.0000186 seconds
[2019-12-08T12:15:34.792+0000][1][safepoint    ] Application time: 1.5353423 seconds
[2019-12-08T12:15:34.792+0000][1][safepoint    ] Entering safepoint region: Cleanup
[2019-12-08T12:15:34.792+0000][1][safepoint    ] Leaving safepoint region
[2019-12-08T12:15:34.792+0000][1][safepoint    ] Total time for which application threads were stopped: 0.0000848 seconds, Stopping threads took: 0.0000191 seconds
[2019-12-08T12:15:35.793+0000][1][safepoint    ] Application time: 1.0000796 seconds
[2019-12-08T12:15:35.793+0000][1][safepoint    ] Entering safepoint region: Cleanup
[2019-12-08T12:15:35.793+0000][1][safepoint    ] Leaving safepoint region
[2019-12-08T12:15:35.793+0000][1][safepoint    ] Total time for which application threads were stopped: 0.0000932 seconds, Stopping threads took: 0.0000202 seconds
[2019-12-08T12:15:36.793+0000][1][safepoint    ] Application time: 1.0000797 seconds
[2019-12-08T12:15:36.793+0000][1][safepoint    ] Entering safepoint region: Cleanup
[2019-12-08T12:15:36.793+0000][1][safepoint    ] Leaving safepoint region
[2019-12-08T12:15:36.793+0000][1][safepoint    ] Total time for which application threads were stopped: 0.0000781 seconds, Stopping threads took: 0.0000189 seconds
[2019-12-08T12:15:37.793+0000][1][safepoint    ] Application time: 1.0000836 seconds
[2019-12-08T12:15:37.793+0000][1][safepoint    ] Entering safepoint region: Cleanup
[2019-12-08T12:15:37.793+0000][1][safepoint    ] Leaving safepoint region
[2019-12-08T12:15:37.793+0000][1][safepoint    ] Total time for which application threads were stopped: 0.0000906 seconds, Stopping threads took: 0.0000200 seconds
[2019-12-08T12:15:38.793+0000][1][safepoint    ] Application time: 1.0000836 seconds
[2019-12-08T12:15:38.793+0000][1][safepoint    ] Entering safepoint region: Cleanup
[2019-12-08T12:15:38.793+0000][1][safepoint    ] Leaving safepoint region
[2019-12-08T12:15:38.793+0000][1][safepoint    ] Total time for which application threads were stopped: 0.0000837 seconds, Stopping threads took: 0.0000208 seconds
[2019-12-08T12:15:39.793+0000][1][safepoint    ] Application time: 1.0000889 seconds
[2019-12-08T12:15:39.794+0000][1][safepoint    ] Entering safepoint region: Cleanup
[2019-12-08T12:15:39.794+0000][1][safepoint    ] Leaving safepoint region
[2019-12-08T12:15:39.794+0000][1][safepoint    ] Total time for which application threads were stopped: 0.0001396 seconds, Stopping threads took: 0.0000510 seconds
[2019-12-08T12:15:40.794+0000][1][safepoint    ] Application time: 1.0000932 seconds
[2019-12-08T12:15:40.794+0000][1][safepoint    ] Entering safepoint region: Cleanup
[2019-12-08T12:15:40.794+0000][1][safepoint    ] Leaving safepoint region
[2019-12-08T12:15:40.794+0000][1][safepoint    ] Total time for which application threads were stopped: 0.0001176 seconds, Stopping threads took: 0.0000479 seconds
[2019-12-08T12:15:41.794+0000][1][safepoint    ] Application time: 1.0000874 seconds
[2019-12-08T12:15:41.794+0000][1][safepoint    ] Entering safepoint region: Cleanup
[2019-12-08T12:15:41.794+0000][1][safepoint    ] Leaving safepoint region
[2019-12-08T12:15:41.794+0000][1][safepoint    ] Total time for which application threads were stopped: 0.0000806 seconds, Stopping threads took: 0.0000192 seconds
[2019-12-08T12:15:42.794+0000][1][safepoint    ] Application time: 1.0000791 seconds
[2019-12-08T12:15:42.794+0000][1][safepoint    ] Entering safepoint region: Cleanup
[2019-12-08T12:15:42.794+0000][1][safepoint    ] Leaving safepoint region
[2019-12-08T12:15:42.794+0000][1][safepoint    ] Total time for which application threads were stopped: 0.0000858 seconds, Stopping threads took: 0.0000198 seconds
[2019-12-08T12:15:43.794+0000][1][safepoint    ] Application time: 1.0000831 seconds
[2019-12-08T12:15:43.794+0000][1][safepoint    ] Entering safepoint region: Cleanup
[2019-12-08T12:15:43.794+0000][1][safepoint    ] Leaving safepoint region
[2019-12-08T12:15:43.794+0000][1][safepoint    ] Total time for which application threads were stopped: 0.0000791 seconds, Stopping threads took: 0.0000192 seconds
[2019-12-08T12:15:44.795+0000][1][safepoint    ] Application time: 1.0000781 seconds
[2019-12-08T12:15:44.795+0000][1][safepoint    ] Entering safepoint region: Cleanup
[2019-12-08T12:15:44.795+0000][1][safepoint    ] Leaving safepoint region
[2019-12-08T12:15:44.795+0000][1][safepoint    ] Total time for which application threads were stopped: 0.0000992 seconds, Stopping threads took: 0.0000195 seconds
[2019-12-08T12:15:45.795+0000][1][safepoint    ] Application time: 1.0000796 seconds
[2019-12-08T12:15:45.795+0000][1][safepoint    ] Entering safepoint region: Cleanup
[2019-12-08T12:15:45.795+0000][1][safepoint    ] Leaving safepoint region
[2019-12-08T12:15:45.795+0000][1][safepoint    ] Total time for which application threads were stopped: 0.0000820 seconds, Stopping threads took: 0.0000192 seconds
[2019-12-08T12:15:46.795+0000][1][safepoint    ] Application time: 1.0000757 seconds
[2019-12-08T12:15:46.795+0000][1][safepoint    ] Entering safepoint region: Cleanup
[2019-12-08T12:15:46.795+0000][1][safepoint    ] Leaving safepoint region
[2019-12-08T12:15:46.795+0000][1][safepoint    ] Total time for which application threads were stopped: 0.0000808 seconds, Stopping threads took: 0.0000192 seconds
[2019-12-08T12:15:47.795+0000][1][safepoint    ] Application time: 1.0000884 seconds
[2019-12-08T12:15:47.795+0000][1][safepoint    ] Entering safepoint region: Cleanup
[2019-12-08T12:15:47.795+0000][1][safepoint    ] Leaving safepoint region
[2019-12-08T12:15:47.795+0000][1][safepoint    ] Total time for which application threads were stopped: 0.0000876 seconds, Stopping threads took: 0.0000202 seconds
[2019-12-08T12:15:48.795+0000][1][safepoint    ] Application time: 1.0000798 seconds
[2019-12-08T12:15:48.795+0000][1][safepoint    ] Entering safepoint region: Cleanup
[2019-12-08T12:15:48.796+0000][1][safepoint    ] Leaving safepoint region
[2019-12-08T12:15:48.796+0000][1][safepoint    ] Total time for which application threads were stopped: 0.0000805 seconds, Stopping threads took: 0.0000191 seconds
[2019-12-08T12:15:49.796+0000][1][safepoint    ] Application time: 1.0000836 seconds
[2019-12-08T12:15:49.796+0000][1][safepoint    ] Entering safepoint region: Cleanup
[2019-12-08T12:15:49.796+0000][1][safepoint    ] Leaving safepoint region
[2019-12-08T12:15:49.796+0000][1][safepoint    ] Total time for which application threads were stopped: 0.0000923 seconds, Stopping threads took: 0.0000291 seconds
[2019-12-08T12:15:50.796+0000][1][safepoint    ] Application time: 1.0000864 seconds
[2019-12-08T12:15:50.796+0000][1][safepoint    ] Entering safepoint region: Cleanup
[2019-12-08T12:15:50.796+0000][1][safepoint    ] Leaving safepoint region
[2019-12-08T12:15:50.796+0000][1][safepoint    ] Total time for which application threads were stopped: 0.0000805 seconds, Stopping threads took: 0.0000199 seconds
[2019-12-08T12:15:51.796+0000][1][safepoint    ] Application time: 1.0000788 seconds
[2019-12-08T12:15:51.796+0000][1][safepoint    ] Entering safepoint region: Cleanup
[2019-12-08T12:15:51.796+0000][1][safepoint    ] Leaving safepoint region
[2019-12-08T12:15:51.796+0000][1][safepoint    ] Total time for which application threads were stopped: 0.0000835 seconds, Stopping threads took: 0.0000224 seconds
[2019-12-08T12:15:52.796+0000][1][safepoint    ] Application time: 1.0000853 seconds
[2019-12-08T12:15:52.796+0000][1][safepoint    ] Entering safepoint region: Cleanup
[2019-12-08T12:15:52.796+0000][1][safepoint    ] Leaving safepoint region
[2019-12-08T12:15:52.796+0000][1][safepoint    ] Total time for which application threads were stopped: 0.0000844 seconds, Stopping threads took: 0.0000208 seconds
[2019-12-08T12:15:53.797+0000][1][safepoint    ] Application time: 1.0000820 seconds
[2019-12-08T12:15:53.797+0000][1][safepoint    ] Entering safepoint region: Cleanup
[2019-12-08T12:15:53.797+0000][1][safepoint    ] Leaving safepoint region
[2019-12-08T12:15:53.797+0000][1][safepoint    ] Total time for which application threads were stopped: 0.0000821 seconds, Stopping threads took: 0.0000210 seconds
[2019-12-08T12:15:54.797+0000][1][safepoint    ] Application time: 1.0000799 seconds
[2019-12-08T12:15:54.797+0000][1][safepoint    ] Entering safepoint region: Cleanup
[2019-12-08T12:15:54.797+0000][1][safepoint    ] Leaving safepoint region
[2019-12-08T12:15:54.797+0000][1][safepoint    ] Total time for which application threads were stopped: 0.0000850 seconds, Stopping threads took: 0.0000204 seconds
[2019-12-08T12:15:55.797+0000][1][safepoint    ] Application time: 1.0000833 seconds
[2019-12-08T12:15:55.797+0000][1][safepoint    ] Entering safepoint region: Cleanup
[2019-12-08T12:15:55.797+0000][1][safepoint    ] Leaving safepoint region
[2019-12-08T12:15:55.797+0000][1][safepoint    ] Total time for which application threads were stopped: 0.0000879 seconds, Stopping threads took: 0.0000194 seconds
[2019-12-08T12:15:56.797+0000][1][safepoint    ] Application time: 1.0000810 seconds
[2019-12-08T12:15:56.797+0000][1][safepoint    ] Entering safepoint region: Cleanup
[2019-12-08T12:15:56.797+0000][1][safepoint    ] Leaving safepoint region
[2019-12-08T12:15:56.797+0000][1][safepoint    ] Total time for which application threads were stopped: 0.0000822 seconds, Stopping threads took: 0.0000196 seconds
[2019-12-08T12:15:57.797+0000][1][safepoint    ] Application time: 1.0000812 seconds
[2019-12-08T12:15:57.797+0000][1][safepoint    ] Entering safepoint region: Cleanup
[2019-12-08T12:15:57.797+0000][1][safepoint    ] Leaving safepoint region
[2019-12-08T12:15:57.797+0000][1][safepoint    ] Total time for which application threads were stopped: 0.0000828 seconds, Stopping threads took: 0.0000188 seconds
[2019-12-08T12:15:58.798+0000][1][safepoint    ] Application time: 1.0000798 seconds
[2019-12-08T12:15:58.798+0000][1][safepoint    ] Entering safepoint region: Cleanup
[2019-12-08T12:15:58.798+0000][1][safepoint    ] Leaving safepoint region
[2019-12-08T12:15:58.798+0000][1][safepoint    ] Total time for which application threads were stopped: 0.0000964 seconds, Stopping threads took: 0.0000194 seconds
[2019-12-08T12:15:59.798+0000][1][safepoint    ] Application time: 1.0000794 seconds
[2019-12-08T12:15:59.798+0000][1][safepoint    ] Entering safepoint region: Cleanup
[2019-12-08T12:15:59.798+0000][1][safepoint    ] Leaving safepoint region
[2019-12-08T12:15:59.798+0000][1][safepoint    ] Total time for which application threads were stopped: 0.0000905 seconds, Stopping threads took: 0.0000277 seconds
[2019-12-08T12:16:00.798+0000][1][safepoint    ] Application time: 1.0000840 seconds
[2019-12-08T12:16:00.798+0000][1][safepoint    ] Entering safepoint region: Cleanup
[2019-12-08T12:16:00.798+0000][1][safepoint    ] Leaving safepoint region
[2019-12-08T12:16:00.798+0000][1][safepoint    ] Total time for which application threads were stopped: 0.0000860 seconds, Stopping threads took: 0.0000204 seconds
[2019-12-08T12:16:01.798+0000][1][safepoint    ] Application time: 1.0000803 seconds
[2019-12-08T12:16:01.798+0000][1][safepoint    ] Entering safepoint region: Cleanup
[2019-12-08T12:16:01.798+0000][1][safepoint    ] Leaving safepoint region
[2019-12-08T12:16:01.798+0000][1][safepoint    ] Total time for which application threads were stopped: 0.0000823 seconds, Stopping threads took: 0.0000191 seconds
[2019-12-08T12:16:02.798+0000][1][safepoint    ] Application time: 1.0000817 seconds
[2019-12-08T12:16:02.798+0000][1][safepoint    ] Entering safepoint region: Cleanup
[2019-12-08T12:16:02.799+0000][1][safepoint    ] Leaving safepoint region
[2019-12-08T12:16:02.799+0000][1][safepoint    ] Total time for which application threads were stopped: 0.0000911 seconds, Stopping threads took: 0.0000283 seconds
[2019-12-08T12:16:03.799+0000][1][safepoint    ] Application time: 1.0000786 seconds
[2019-12-08T12:16:03.799+0000][1][safepoint    ] Entering safepoint region: Cleanup
[2019-12-08T12:16:03.799+0000][1][safepoint    ] Leaving safepoint region
[2019-12-08T12:16:03.799+0000][1][safepoint    ] Total time for which application threads were stopped: 0.0001008 seconds, Stopping threads took: 0.0000383 seconds
[2019-12-08T12:16:04.799+0000][1][safepoint    ] Application time: 1.0000745 seconds
[2019-12-08T12:16:04.799+0000][1][safepoint    ] Entering safepoint region: Cleanup
[2019-12-08T12:16:04.799+0000][1][safepoint    ] Leaving safepoint region
[2019-12-08T12:16:04.799+0000][1][safepoint    ] Total time for which application threads were stopped: 0.0000826 seconds, Stopping threads took: 0.0000200 seconds
[2019-12-08T12:16:05.799+0000][1][safepoint    ] Application time: 1.0000437 seconds
[2019-12-08T12:16:05.799+0000][1][safepoint    ] Entering safepoint region: Cleanup
[2019-12-08T12:16:05.799+0000][1][safepoint    ] Leaving safepoint region
[2019-12-08T12:16:05.799+0000][1][safepoint    ] Total time for which application threads were stopped: 0.0000867 seconds, Stopping threads took: 0.0000191 seconds
[2019-12-08T12:16:06.799+0000][1][safepoint    ] Application time: 1.0000778 seconds
[2019-12-08T12:16:06.799+0000][1][safepoint    ] Entering safepoint region: Cleanup
[2019-12-08T12:16:06.799+0000][1][safepoint    ] Leaving safepoint region
[2019-12-08T12:16:06.799+0000][1][safepoint    ] Total time for which application threads were stopped: 0.0000836 seconds, Stopping threads took: 0.0000199 seconds
[2019-12-08T12:16:07.799+0000][1][safepoint    ] Application time: 1.0000823 seconds
[2019-12-08T12:16:07.800+0000][1][safepoint    ] Entering safepoint region: Cleanup
[2019-12-08T12:16:07.800+0000][1][safepoint    ] Leaving safepoint region
[2019-12-08T12:16:07.800+0000][1][safepoint    ] Total time for which application threads were stopped: 0.0000874 seconds, Stopping threads took: 0.0000204 seconds
[2019-12-08T12:16:08.800+0000][1][safepoint    ] Application time: 1.0000799 seconds
[2019-12-08T12:16:08.800+0000][1][safepoint    ] Entering safepoint region: Cleanup
[2019-12-08T12:16:08.800+0000][1][safepoint    ] Leaving safepoint region
[2019-12-08T12:16:08.800+0000][1][safepoint    ] Total time for which application threads were stopped: 0.0000855 seconds, Stopping threads took: 0.0000195 seconds
[2019-12-08T12:16:09.800+0000][1][safepoint    ] Application time: 1.0000841 seconds
[2019-12-08T12:16:09.800+0000][1][safepoint    ] Entering safepoint region: Cleanup
[2019-12-08T12:16:09.800+0000][1][safepoint    ] Leaving safepoint region
[2019-12-08T12:16:09.800+0000][1][safepoint    ] Total time for which application threads were stopped: 0.0000886 seconds, Stopping threads took: 0.0000260 seconds
[2019-12-08T12:16:10.800+0000][1][safepoint    ] Application time: 1.0000792 seconds
[2019-12-08T12:16:10.800+0000][1][safepoint    ] Entering safepoint region: Cleanup
[2019-12-08T12:16:10.800+0000][1][safepoint    ] Leaving safepoint region
[2019-12-08T12:16:10.800+0000][1][safepoint    ] Total time for which application threads were stopped: 0.0000799 seconds, Stopping threads took: 0.0000197 seconds
[2019-12-08T12:16:11.810+0000][1][safepoint    ] Application time: 1.0094706 seconds
[2019-12-08T12:16:11.810+0000][1][safepoint    ] Entering safepoint region: Cleanup
[2019-12-08T12:16:11.810+0000][1][safepoint    ] Leaving safepoint region
[2019-12-08T12:16:11.810+0000][1][safepoint    ] Total time for which application threads were stopped: 0.0001071 seconds, Stopping threads took: 0.0000245 seconds
[2019-12-08T12:16:12.810+0000][1][safepoint    ] Application time: 1.0000791 seconds
[2019-12-08T12:16:12.810+0000][1][safepoint    ] Entering safepoint region: Cleanup
[2019-12-08T12:16:12.810+0000][1][safepoint    ] Leaving safepoint region
[2019-12-08T12:16:12.810+0000][1][safepoint    ] Total time for which application threads were stopped: 0.0000890 seconds, Stopping threads took: 0.0000272 seconds
[2019-12-08T12:16:13.810+0000][1][safepoint    ] Application time: 1.0000804 seconds
[2019-12-08T12:16:13.810+0000][1][safepoint    ] Entering safepoint region: Cleanup
[2019-12-08T12:16:13.810+0000][1][safepoint    ] Leaving safepoint region
[2019-12-08T12:16:13.810+0000][1][safepoint    ] Total time for which application threads were stopped: 0.0000808 seconds, Stopping threads took: 0.0000212 seconds
[2019-12-08T12:16:13.894+0000][1][safepoint    ] Application time: 0.0840502 seconds
[2019-12-08T12:16:13.894+0000][1][safepoint    ] Entering safepoint region: GenCollectForAllocation
[2019-12-08T12:16:13.894+0000][1][gc,start     ] GC(43) Pause Young (Allocation Failure)
[2019-12-08T12:16:13.894+0000][1][gc,task      ] GC(43) Using 4 workers of 4 for evacuation
[2019-12-08T12:16:13.895+0000][1][gc,age       ] GC(43) Desired survivor size 4456448 bytes, new threshold 6 (max threshold 6)
[2019-12-08T12:16:13.895+0000][1][gc,age       ] GC(43) Age table with threshold 6 (max threshold 6)
[2019-12-08T12:16:13.895+0000][1][gc,age       ] GC(43) - age   1:       5232 bytes,       5232 total
[2019-12-08T12:16:13.895+0000][1][gc,age       ] GC(43) - age   2:        152 bytes,       5384 total
[2019-12-08T12:16:13.895+0000][1][gc,age       ] GC(43) - age   3:         32 bytes,       5416 total
[2019-12-08T12:16:13.895+0000][1][gc,age       ] GC(43) - age   5:         96 bytes,       5512 total
[2019-12-08T12:16:13.895+0000][1][gc,heap      ] GC(43) ParNew: 69962K->10K(78656K)
[2019-12-08T12:16:13.895+0000][1][gc,heap      ] GC(43) CMS: 70156K->70158K(174784K)
[2019-12-08T12:16:13.895+0000][1][gc,metaspace ] GC(43) Metaspace: 69048K->69048K(1112064K)
[2019-12-08T12:16:13.895+0000][1][gc           ] GC(43) Pause Young (Allocation Failure) 136M->68M(247M) 1.008ms
[2019-12-08T12:16:13.895+0000][1][gc,cpu       ] GC(43) User=0.01s Sys=0.00s Real=0.00s
[2019-12-08T12:16:13.895+0000][1][safepoint    ] Leaving safepoint region
[2019-12-08T12:16:13.896+0000][1][safepoint    ] Total time for which application threads were stopped: 0.0011466 seconds, Stopping threads took: 0.0000145 seconds
[2019-12-08T12:16:14.896+0000][1][safepoint    ] Application time: 1.0000848 seconds
[2019-12-08T12:16:14.896+0000][1][safepoint    ] Entering safepoint region: Cleanup
[2019-12-08T12:16:14.896+0000][1][safepoint    ] Leaving safepoint region
[2019-12-08T12:16:14.896+0000][1][safepoint    ] Total time for which application threads were stopped: 0.0000855 seconds, Stopping threads took: 0.0000163 seconds
[2019-12-08T12:16:15.896+0000][1][safepoint    ] Application time: 1.0000756 seconds
[2019-12-08T12:16:15.896+0000][1][safepoint    ] Entering safepoint region: Cleanup
[2019-12-08T12:16:15.896+0000][1][safepoint    ] Leaving safepoint region
[2019-12-08T12:16:15.896+0000][1][safepoint    ] Total time for which application threads were stopped: 0.0000782 seconds, Stopping threads took: 0.0000226 seconds
[2019-12-08T12:16:16.896+0000][1][safepoint    ] Application time: 1.0000749 seconds
[2019-12-08T12:16:16.896+0000][1][safepoint    ] Entering safepoint region: Cleanup
[2019-12-08T12:16:16.896+0000][1][safepoint    ] Leaving safepoint region
[2019-12-08T12:16:16.896+0000][1][safepoint    ] Total time for which application threads were stopped: 0.0000709 seconds, Stopping threads took: 0.0000155 seconds
[2019-12-08T12:16:17.896+0000][1][safepoint    ] Application time: 1.0000776 seconds
[2019-12-08T12:16:17.896+0000][1][safepoint    ] Entering safepoint region: Cleanup
[2019-12-08T12:16:17.896+0000][1][safepoint    ] Leaving safepoint region
[2019-12-08T12:16:17.896+0000][1][safepoint    ] Total time for which application threads were stopped: 0.0000751 seconds, Stopping threads took: 0.0000165 seconds
[2019-12-08T12:16:18.896+0000][1][safepoint    ] Application time: 1.0000820 seconds
[2019-12-08T12:16:18.896+0000][1][safepoint    ] Entering safepoint region: Cleanup
[2019-12-08T12:16:18.896+0000][1][safepoint    ] Leaving safepoint region
[2019-12-08T12:16:18.896+0000][1][safepoint    ] Total time for which application threads were stopped: 0.0000766 seconds, Stopping threads took: 0.0000174 seconds
[2019-12-08T12:16:19.897+0000][1][safepoint    ] Application time: 1.0000788 seconds
[2019-12-08T12:16:19.897+0000][1][safepoint    ] Entering safepoint region: Cleanup
[2019-12-08T12:16:19.897+0000][1][safepoint    ] Leaving safepoint region
[2019-12-08T12:16:19.897+0000][1][safepoint    ] Total time for which application threads were stopped: 0.0000904 seconds, Stopping threads took: 0.0000178 seconds
[2019-12-08T12:16:20.897+0000][1][safepoint    ] Application time: 1.0000791 seconds
[2019-12-08T12:16:20.897+0000][1][safepoint    ] Entering safepoint region: Cleanup
[2019-12-08T12:16:20.897+0000][1][safepoint    ] Leaving safepoint region
[2019-12-08T12:16:20.897+0000][1][safepoint    ] Total time for which application threads were stopped: 0.0000725 seconds, Stopping threads took: 0.0000160 seconds
[2019-12-08T12:16:21.897+0000][1][safepoint    ] Application time: 1.0000771 seconds
[2019-12-08T12:16:21.897+0000][1][safepoint    ] Entering safepoint region: Cleanup
[2019-12-08T12:16:21.897+0000][1][safepoint    ] Leaving safepoint region
[2019-12-08T12:16:21.897+0000][1][safepoint    ] Total time for which application threads were stopped: 0.0000784 seconds, Stopping threads took: 0.0000166 seconds
[2019-12-08T12:16:22.897+0000][1][safepoint    ] Application time: 1.0000764 seconds
[2019-12-08T12:16:22.897+0000][1][safepoint    ] Entering safepoint region: Cleanup
[2019-12-08T12:16:22.897+0000][1][safepoint    ] Leaving safepoint region
[2019-12-08T12:16:22.897+0000][1][safepoint    ] Total time for which application threads were stopped: 0.0000743 seconds, Stopping threads took: 0.0000169 seconds
[2019-12-08T12:16:23.897+0000][1][safepoint    ] Application time: 1.0000768 seconds
[2019-12-08T12:16:23.897+0000][1][safepoint    ] Entering safepoint region: Cleanup
[2019-12-08T12:16:23.897+0000][1][safepoint    ] Leaving safepoint region
[2019-12-08T12:16:23.898+0000][1][safepoint    ] Total time for which application threads were stopped: 0.0001101 seconds, Stopping threads took: 0.0000532 seconds
[2019-12-08T12:16:24.898+0000][1][safepoint    ] Application time: 1.0000843 seconds
[2019-12-08T12:16:24.898+0000][1][safepoint    ] Entering safepoint region: Cleanup
[2019-12-08T12:16:24.898+0000][1][safepoint    ] Leaving safepoint region
[2019-12-08T12:16:24.898+0000][1][safepoint    ] Total time for which application threads were stopped: 0.0000886 seconds, Stopping threads took: 0.0000190 seconds
[2019-12-08T12:16:25.898+0000][1][safepoint    ] Application time: 1.0000770 seconds
[2019-12-08T12:16:25.898+0000][1][safepoint    ] Entering safepoint region: Cleanup
[2019-12-08T12:16:25.898+0000][1][safepoint    ] Leaving safepoint region
[2019-12-08T12:16:25.898+0000][1][safepoint    ] Total time for which application threads were stopped: 0.0000823 seconds, Stopping threads took: 0.0000238 seconds
[2019-12-08T12:16:26.898+0000][1][safepoint    ] Application time: 1.0000761 seconds
[2019-12-08T12:16:26.898+0000][1][safepoint    ] Entering safepoint region: Cleanup
[2019-12-08T12:16:26.898+0000][1][safepoint    ] Leaving safepoint region
[2019-12-08T12:16:26.898+0000][1][safepoint    ] Total time for which application threads were stopped: 0.0000797 seconds, Stopping threads took: 0.0000174 seconds
[2019-12-08T12:16:27.898+0000][1][safepoint    ] Application time: 1.0000771 seconds
[2019-12-08T12:16:27.898+0000][1][safepoint    ] Entering safepoint region: Cleanup
[2019-12-08T12:16:27.898+0000][1][safepoint    ] Leaving safepoint region
[2019-12-08T12:16:27.898+0000][1][safepoint    ] Total time for which application threads were stopped: 0.0000759 seconds, Stopping threads took: 0.0000180 seconds
[2019-12-08T12:16:28.898+0000][1][safepoint    ] Application time: 1.0000802 seconds
[2019-12-08T12:16:28.898+0000][1][safepoint    ] Entering safepoint region: Cleanup
[2019-12-08T12:16:28.899+0000][1][safepoint    ] Leaving safepoint region
[2019-12-08T12:16:28.899+0000][1][safepoint    ] Total time for which application threads were stopped: 0.0001096 seconds, Stopping threads took: 0.0000468 seconds
[2019-12-08T12:16:29.899+0000][1][safepoint    ] Application time: 1.0000817 seconds
[2019-12-08T12:16:29.899+0000][1][safepoint    ] Entering safepoint region: Cleanup
[2019-12-08T12:16:29.899+0000][1][safepoint    ] Leaving safepoint region
[2019-12-08T12:16:29.899+0000][1][safepoint    ] Total time for which application threads were stopped: 0.0000823 seconds, Stopping threads took: 0.0000173 seconds
[2019-12-08T12:16:30.899+0000][1][safepoint    ] Application time: 1.0000771 seconds
[2019-12-08T12:16:30.899+0000][1][safepoint    ] Entering safepoint region: Cleanup
[2019-12-08T12:16:30.899+0000][1][safepoint    ] Leaving safepoint region
[2019-12-08T12:16:30.899+0000][1][safepoint    ] Total time for which application threads were stopped: 0.0000774 seconds, Stopping threads took: 0.0000182 seconds
[2019-12-08T12:16:31.899+0000][1][safepoint    ] Application time: 1.0000751 seconds
[2019-12-08T12:16:31.899+0000][1][safepoint    ] Entering safepoint region: Cleanup
[2019-12-08T12:16:31.899+0000][1][safepoint    ] Leaving safepoint region
[2019-12-08T12:16:31.899+0000][1][safepoint    ] Total time for which application threads were stopped: 0.0000745 seconds, Stopping threads took: 0.0000184 seconds
[2019-12-08T12:16:32.899+0000][1][safepoint    ] Application time: 1.0000769 seconds
[2019-12-08T12:16:32.899+0000][1][safepoint    ] Entering safepoint region: Cleanup
[2019-12-08T12:16:32.899+0000][1][safepoint    ] Leaving safepoint region
[2019-12-08T12:16:32.899+0000][1][safepoint    ] Total time for which application threads were stopped: 0.0000783 seconds, Stopping threads took: 0.0000179 seconds
[2019-12-08T12:16:33.899+0000][1][safepoint    ] Application time: 1.0000804 seconds
[2019-12-08T12:16:33.899+0000][1][safepoint    ] Entering safepoint region: Cleanup
[2019-12-08T12:16:33.900+0000][1][safepoint    ] Leaving safepoint region
[2019-12-08T12:16:33.900+0000][1][safepoint    ] Total time for which application threads were stopped: 0.0001206 seconds, Stopping threads took: 0.0000564 seconds
[2019-12-08T12:16:34.900+0000][1][safepoint    ] Application time: 1.0000843 seconds
[2019-12-08T12:16:34.900+0000][1][safepoint    ] Entering safepoint region: Cleanup
[2019-12-08T12:16:34.900+0000][1][safepoint    ] Leaving safepoint region
[2019-12-08T12:16:34.900+0000][1][safepoint    ] Total time for which application threads were stopped: 0.0000902 seconds, Stopping threads took: 0.0000185 seconds
[2019-12-08T12:16:35.900+0000][1][safepoint    ] Application time: 1.0000737 seconds
[2019-12-08T12:16:35.900+0000][1][safepoint    ] Entering safepoint region: Cleanup
[2019-12-08T12:16:35.900+0000][1][safepoint    ] Leaving safepoint region
[2019-12-08T12:16:35.900+0000][1][safepoint    ] Total time for which application threads were stopped: 0.0000788 seconds, Stopping threads took: 0.0000222 seconds
[2019-12-08T12:16:36.900+0000][1][safepoint    ] Application time: 1.0000766 seconds
[2019-12-08T12:16:36.900+0000][1][safepoint    ] Entering safepoint region: Cleanup
[2019-12-08T12:16:36.900+0000][1][safepoint    ] Leaving safepoint region
[2019-12-08T12:16:36.900+0000][1][safepoint    ] Total time for which application threads were stopped: 0.0000798 seconds, Stopping threads took: 0.0000176 seconds
[2019-12-08T12:16:37.900+0000][1][safepoint    ] Application time: 1.0000768 seconds
[2019-12-08T12:16:37.900+0000][1][safepoint    ] Entering safepoint region: Cleanup
[2019-12-08T12:16:37.900+0000][1][safepoint    ] Leaving safepoint region
[2019-12-08T12:16:37.900+0000][1][safepoint    ] Total time for which application threads were stopped: 0.0000739 seconds, Stopping threads took: 0.0000189 seconds
[2019-12-08T12:16:38.900+0000][1][safepoint    ] Application time: 1.0000804 seconds
[2019-12-08T12:16:38.900+0000][1][safepoint    ] Entering safepoint region: Cleanup
[2019-12-08T12:16:38.901+0000][1][safepoint    ] Leaving safepoint region
[2019-12-08T12:16:38.901+0000][1][safepoint    ] Total time for which application threads were stopped: 0.0000802 seconds, Stopping threads took: 0.0000211 seconds
[2019-12-08T12:16:39.901+0000][1][safepoint    ] Application time: 1.0000765 seconds
[2019-12-08T12:16:39.901+0000][1][safepoint    ] Entering safepoint region: Cleanup
[2019-12-08T12:16:39.901+0000][1][safepoint    ] Leaving safepoint region
[2019-12-08T12:16:39.901+0000][1][safepoint    ] Total time for which application threads were stopped: 0.0000828 seconds, Stopping threads took: 0.0000175 seconds
[2019-12-08T12:16:40.901+0000][1][safepoint    ] Application time: 1.0000761 seconds
[2019-12-08T12:16:40.901+0000][1][safepoint    ] Entering safepoint region: Cleanup
[2019-12-08T12:16:40.901+0000][1][safepoint    ] Leaving safepoint region
[2019-12-08T12:16:40.901+0000][1][safepoint    ] Total time for which application threads were stopped: 0.0000721 seconds, Stopping threads took: 0.0000160 seconds
[2019-12-08T12:16:41.901+0000][1][safepoint    ] Application time: 1.0000757 seconds
[2019-12-08T12:16:41.901+0000][1][safepoint    ] Entering safepoint region: Cleanup
[2019-12-08T12:16:41.901+0000][1][safepoint    ] Leaving safepoint region
[2019-12-08T12:16:41.901+0000][1][safepoint    ] Total time for which application threads were stopped: 0.0000791 seconds, Stopping threads took: 0.0000178 seconds
[2019-12-08T12:16:42.901+0000][1][safepoint    ] Application time: 1.0000793 seconds
[2019-12-08T12:16:42.901+0000][1][safepoint    ] Entering safepoint region: Cleanup
[2019-12-08T12:16:42.901+0000][1][safepoint    ] Leaving safepoint region
[2019-12-08T12:16:42.901+0000][1][safepoint    ] Total time for which application threads were stopped: 0.0000769 seconds, Stopping threads took: 0.0000188 seconds
[2019-12-08T12:16:43.901+0000][1][safepoint    ] Application time: 1.0000784 seconds
[2019-12-08T12:16:43.901+0000][1][safepoint    ] Entering safepoint region: Cleanup
[2019-12-08T12:16:43.901+0000][1][safepoint    ] Leaving safepoint region
[2019-12-08T12:16:43.901+0000][1][safepoint    ] Total time for which application threads were stopped: 0.0000752 seconds, Stopping threads took: 0.0000186 seconds
[2019-12-08T12:16:44.902+0000][1][safepoint    ] Application time: 1.0000747 seconds
[2019-12-08T12:16:44.902+0000][1][safepoint    ] Entering safepoint region: Cleanup
[2019-12-08T12:16:44.902+0000][1][safepoint    ] Leaving safepoint region
[2019-12-08T12:16:44.902+0000][1][safepoint    ] Total time for which application threads were stopped: 0.0000744 seconds, Stopping threads took: 0.0000173 seconds
[2019-12-08T12:16:45.902+0000][1][safepoint    ] Application time: 1.0000762 seconds
[2019-12-08T12:16:45.902+0000][1][safepoint    ] Entering safepoint region: Cleanup
[2019-12-08T12:16:45.902+0000][1][safepoint    ] Leaving safepoint region
[2019-12-08T12:16:45.902+0000][1][safepoint    ] Total time for which application threads were stopped: 0.0000842 seconds, Stopping threads took: 0.0000191 seconds
[2019-12-08T12:16:46.902+0000][1][safepoint    ] Application time: 1.0000760 seconds
[2019-12-08T12:16:46.902+0000][1][safepoint    ] Entering safepoint region: Cleanup
[2019-12-08T12:16:46.902+0000][1][safepoint    ] Leaving safepoint region
[2019-12-08T12:16:46.902+0000][1][safepoint    ] Total time for which application threads were stopped: 0.0000749 seconds, Stopping threads took: 0.0000178 seconds
[2019-12-08T12:16:47.902+0000][1][safepoint    ] Application time: 1.0000740 seconds
[2019-12-08T12:16:47.902+0000][1][safepoint    ] Entering safepoint region: Cleanup
[2019-12-08T12:16:47.902+0000][1][safepoint    ] Leaving safepoint region
[2019-12-08T12:16:47.902+0000][1][safepoint    ] Total time for which application threads were stopped: 0.0000809 seconds, Stopping threads took: 0.0000292 seconds
[2019-12-08T12:16:48.902+0000][1][safepoint    ] Application time: 1.0000756 seconds
[2019-12-08T12:16:48.902+0000][1][safepoint    ] Entering safepoint region: Cleanup
[2019-12-08T12:16:48.902+0000][1][safepoint    ] Leaving safepoint region
[2019-12-08T12:16:48.902+0000][1][safepoint    ] Total time for which application threads were stopped: 0.0000731 seconds, Stopping threads took: 0.0000164 seconds
[2019-12-08T12:16:49.902+0000][1][safepoint    ] Application time: 1.0000775 seconds
[2019-12-08T12:16:49.903+0000][1][safepoint    ] Entering safepoint region: Cleanup
[2019-12-08T12:16:49.903+0000][1][safepoint    ] Leaving safepoint region
[2019-12-08T12:16:49.903+0000][1][safepoint    ] Total time for which application threads were stopped: 0.0000737 seconds, Stopping threads took: 0.0000169 seconds
[2019-12-08T12:16:50.903+0000][1][safepoint    ] Application time: 1.0000748 seconds
[2019-12-08T12:16:50.903+0000][1][safepoint    ] Entering safepoint region: Cleanup
[2019-12-08T12:16:50.903+0000][1][safepoint    ] Leaving safepoint region
[2019-12-08T12:16:50.903+0000][1][safepoint    ] Total time for which application threads were stopped: 0.0000792 seconds, Stopping threads took: 0.0000192 seconds
[2019-12-08T12:16:51.903+0000][1][safepoint    ] Application time: 1.0000759 seconds
[2019-12-08T12:16:51.903+0000][1][safepoint    ] Entering safepoint region: Cleanup
[2019-12-08T12:16:51.903+0000][1][safepoint    ] Leaving safepoint region
[2019-12-08T12:16:51.903+0000][1][safepoint    ] Total time for which application threads were stopped: 0.0000950 seconds, Stopping threads took: 0.0000320 seconds
[2019-12-08T12:16:52.903+0000][1][safepoint    ] Application time: 1.0000834 seconds
[2019-12-08T12:16:52.903+0000][1][safepoint    ] Entering safepoint region: Cleanup
[2019-12-08T12:16:52.903+0000][1][safepoint    ] Leaving safepoint region
[2019-12-08T12:16:52.903+0000][1][safepoint    ] Total time for which application threads were stopped: 0.0000819 seconds, Stopping threads took: 0.0000247 seconds
[2019-12-08T12:16:53.903+0000][1][safepoint    ] Application time: 1.0000784 seconds
[2019-12-08T12:16:53.903+0000][1][safepoint    ] Entering safepoint region: Cleanup
[2019-12-08T12:16:53.903+0000][1][safepoint    ] Leaving safepoint region
[2019-12-08T12:16:53.903+0000][1][safepoint    ] Total time for which application threads were stopped: 0.0000766 seconds, Stopping threads took: 0.0000182 seconds
[2019-12-08T12:16:54.903+0000][1][safepoint    ] Application time: 1.0000760 seconds
[2019-12-08T12:16:54.903+0000][1][safepoint    ] Entering safepoint region: Cleanup
[2019-12-08T12:16:54.904+0000][1][safepoint    ] Leaving safepoint region
[2019-12-08T12:16:54.904+0000][1][safepoint    ] Total time for which application threads were stopped: 0.0000778 seconds, Stopping threads took: 0.0000192 seconds
[2019-12-08T12:16:55.904+0000][1][safepoint    ] Application time: 1.0000763 seconds
[2019-12-08T12:16:55.904+0000][1][safepoint    ] Entering safepoint region: Cleanup
[2019-12-08T12:16:55.904+0000][1][safepoint    ] Leaving safepoint region
[2019-12-08T12:16:55.904+0000][1][safepoint    ] Total time for which application threads were stopped: 0.0000905 seconds, Stopping threads took: 0.0000273 seconds
[2019-12-08T12:16:56.904+0000][1][safepoint    ] Application time: 1.0000763 seconds
[2019-12-08T12:16:56.904+0000][1][safepoint    ] Entering safepoint region: Cleanup
[2019-12-08T12:16:56.904+0000][1][safepoint    ] Leaving safepoint region
[2019-12-08T12:16:56.904+0000][1][safepoint    ] Total time for which application threads were stopped: 0.0000757 seconds, Stopping threads took: 0.0000183 seconds
[2019-12-08T12:16:57.904+0000][1][safepoint    ] Application time: 1.0000771 seconds
[2019-12-08T12:16:57.904+0000][1][safepoint    ] Entering safepoint region: Cleanup
[2019-12-08T12:16:57.904+0000][1][safepoint    ] Leaving safepoint region
[2019-12-08T12:16:57.904+0000][1][safepoint    ] Total time for which application threads were stopped: 0.0000760 seconds, Stopping threads took: 0.0000179 seconds
[2019-12-08T12:16:58.904+0000][1][safepoint    ] Application time: 1.0000794 seconds
[2019-12-08T12:16:58.904+0000][1][safepoint    ] Entering safepoint region: Cleanup
[2019-12-08T12:16:58.904+0000][1][safepoint    ] Leaving safepoint region
[2019-12-08T12:16:58.904+0000][1][safepoint    ] Total time for which application threads were stopped: 0.0000780 seconds, Stopping threads took: 0.0000182 seconds
[2019-12-08T12:16:59.904+0000][1][safepoint    ] Application time: 1.0000869 seconds
[2019-12-08T12:16:59.904+0000][1][safepoint    ] Entering safepoint region: Cleanup
[2019-12-08T12:16:59.905+0000][1][safepoint    ] Leaving safepoint region
[2019-12-08T12:16:59.905+0000][1][safepoint    ] Total time for which application threads were stopped: 0.0001138 seconds, Stopping threads took: 0.0000568 seconds
[2019-12-08T12:17:00.905+0000][1][safepoint    ] Application time: 1.0000832 seconds
[2019-12-08T12:17:00.905+0000][1][safepoint    ] Entering safepoint region: Cleanup
[2019-12-08T12:17:00.905+0000][1][safepoint    ] Leaving safepoint region
[2019-12-08T12:17:00.905+0000][1][safepoint    ] Total time for which application threads were stopped: 0.0000865 seconds, Stopping threads took: 0.0000294 seconds
[2019-12-08T12:17:01.905+0000][1][safepoint    ] Application time: 1.0000850 seconds
[2019-12-08T12:17:01.905+0000][1][safepoint    ] Entering safepoint region: Cleanup
[2019-12-08T12:17:01.905+0000][1][safepoint    ] Leaving safepoint region
[2019-12-08T12:17:01.905+0000][1][safepoint    ] Total time for which application threads were stopped: 0.0001247 seconds, Stopping threads took: 0.0000294 seconds
[2019-12-08T12:17:02.905+0000][1][safepoint    ] Application time: 1.0000832 seconds
[2019-12-08T12:17:02.905+0000][1][safepoint    ] Entering safepoint region: Cleanup
[2019-12-08T12:17:02.905+0000][1][safepoint    ] Leaving safepoint region
[2019-12-08T12:17:02.905+0000][1][safepoint    ] Total time for which application threads were stopped: 0.0000854 seconds, Stopping threads took: 0.0000242 seconds
[2019-12-08T12:17:03.905+0000][1][safepoint    ] Application time: 1.0000791 seconds
[2019-12-08T12:17:03.905+0000][1][safepoint    ] Entering safepoint region: Cleanup
[2019-12-08T12:17:03.905+0000][1][safepoint    ] Leaving safepoint region
[2019-12-08T12:17:03.905+0000][1][safepoint    ] Total time for which application threads were stopped: 0.0000794 seconds, Stopping threads took: 0.0000196 seconds
[2019-12-08T12:17:04.906+0000][1][safepoint    ] Application time: 1.0000763 seconds
[2019-12-08T12:17:04.906+0000][1][safepoint    ] Entering safepoint region: Cleanup
[2019-12-08T12:17:04.906+0000][1][safepoint    ] Leaving safepoint region
[2019-12-08T12:17:04.906+0000][1][safepoint    ] Total time for which application threads were stopped: 0.0000745 seconds, Stopping threads took: 0.0000166 seconds
[2019-12-08T12:17:05.906+0000][1][safepoint    ] Application time: 1.0000769 seconds
[2019-12-08T12:17:05.906+0000][1][safepoint    ] Entering safepoint region: Cleanup
[2019-12-08T12:17:05.906+0000][1][safepoint    ] Leaving safepoint region
[2019-12-08T12:17:05.906+0000][1][safepoint    ] Total time for which application threads were stopped: 0.0000829 seconds, Stopping threads took: 0.0000179 seconds
[2019-12-08T12:17:06.906+0000][1][safepoint    ] Application time: 1.0000765 seconds
[2019-12-08T12:17:06.906+0000][1][safepoint    ] Entering safepoint region: Cleanup
[2019-12-08T12:17:06.906+0000][1][safepoint    ] Leaving safepoint region
[2019-12-08T12:17:06.906+0000][1][safepoint    ] Total time for which application threads were stopped: 0.0000727 seconds, Stopping threads took: 0.0000162 seconds
[2019-12-08T12:17:07.906+0000][1][safepoint    ] Application time: 1.0000759 seconds
[2019-12-08T12:17:07.906+0000][1][safepoint    ] Entering safepoint region: Cleanup
[2019-12-08T12:17:07.906+0000][1][safepoint    ] Leaving safepoint region
[2019-12-08T12:17:07.906+0000][1][safepoint    ] Total time for which application threads were stopped: 0.0000809 seconds, Stopping threads took: 0.0000182 seconds
[2019-12-08T12:17:08.906+0000][1][safepoint    ] Application time: 1.0000782 seconds
[2019-12-08T12:17:08.906+0000][1][safepoint    ] Entering safepoint region: Cleanup
[2019-12-08T12:17:08.906+0000][1][safepoint    ] Leaving safepoint region
[2019-12-08T12:17:08.906+0000][1][safepoint    ] Total time for which application threads were stopped: 0.0000772 seconds, Stopping threads took: 0.0000177 seconds
[2019-12-08T12:17:09.906+0000][1][safepoint    ] Application time: 1.0000773 seconds
[2019-12-08T12:17:09.907+0000][1][safepoint    ] Entering safepoint region: Cleanup
[2019-12-08T12:17:09.907+0000][1][safepoint    ] Leaving safepoint region
[2019-12-08T12:17:09.907+0000][1][safepoint    ] Total time for which application threads were stopped: 0.0000847 seconds, Stopping threads took: 0.0000191 seconds
[2019-12-08T12:17:10.907+0000][1][safepoint    ] Application time: 1.0000790 seconds
[2019-12-08T12:17:10.907+0000][1][safepoint    ] Entering safepoint region: Cleanup
[2019-12-08T12:17:10.907+0000][1][safepoint    ] Leaving safepoint region
[2019-12-08T12:17:10.907+0000][1][safepoint    ] Total time for which application threads were stopped: 0.0000766 seconds, Stopping threads took: 0.0000182 seconds
[2019-12-08T12:17:11.907+0000][1][safepoint    ] Application time: 1.0000747 seconds
[2019-12-08T12:17:11.907+0000][1][safepoint    ] Entering safepoint region: Cleanup
[2019-12-08T12:17:11.907+0000][1][safepoint    ] Leaving safepoint region
[2019-12-08T12:17:11.907+0000][1][safepoint    ] Total time for which application threads were stopped: 0.0000829 seconds, Stopping threads took: 0.0000192 seconds
[2019-12-08T12:17:12.907+0000][1][safepoint    ] Application time: 1.0000788 seconds
[2019-12-08T12:17:12.907+0000][1][safepoint    ] Entering safepoint region: Cleanup
[2019-12-08T12:17:12.907+0000][1][safepoint    ] Leaving safepoint region
[2019-12-08T12:17:12.907+0000][1][safepoint    ] Total time for which application threads were stopped: 0.0000855 seconds, Stopping threads took: 0.0000243 seconds
[2019-12-08T12:17:13.907+0000][1][safepoint    ] Application time: 1.0000783 seconds
[2019-12-08T12:17:13.907+0000][1][safepoint    ] Entering safepoint region: Cleanup
[2019-12-08T12:17:13.907+0000][1][safepoint    ] Leaving safepoint region
[2019-12-08T12:17:13.907+0000][1][safepoint    ] Total time for which application threads were stopped: 0.0000789 seconds, Stopping threads took: 0.0000162 seconds
[2019-12-08T12:17:14.257+0000][1][safepoint    ] Application time: 0.3491837 seconds
[2019-12-08T12:17:14.257+0000][1][safepoint    ] Entering safepoint region: RevokeBias
[2019-12-08T12:17:14.257+0000][1][safepoint    ] Leaving safepoint region
[2019-12-08T12:17:14.257+0000][1][safepoint    ] Total time for which application threads were stopped: 0.0001236 seconds, Stopping threads took: 0.0000198 seconds
[2019-12-08T12:17:14.257+0000][1][safepoint    ] Application time: 0.0000933 seconds
[2019-12-08T12:17:14.257+0000][1][safepoint    ] Entering safepoint region: RevokeBias
[2019-12-08T12:17:14.257+0000][1][safepoint    ] Leaving safepoint region
[2019-12-08T12:17:14.257+0000][1][safepoint    ] Total time for which application threads were stopped: 0.0000598 seconds, Stopping threads took: 0.0000117 seconds
[2019-12-08T12:17:14.258+0000][1][safepoint    ] Application time: 0.0008497 seconds
[2019-12-08T12:17:14.263+0000][1][safepoint    ] Entering safepoint region: RevokeBias
[2019-12-08T12:17:14.263+0000][1][safepoint    ] Leaving safepoint region
[2019-12-08T12:17:14.263+0000][1][safepoint    ] Total time for which application threads were stopped: 0.0048657 seconds, Stopping threads took: 0.0047872 seconds
[2019-12-08T12:17:14.264+0000][1][safepoint    ] Application time: 0.0014694 seconds
[2019-12-08T12:17:14.264+0000][1][safepoint    ] Entering safepoint region: RevokeBias
[2019-12-08T12:17:14.264+0000][1][safepoint    ] Leaving safepoint region
[2019-12-08T12:17:14.264+0000][1][safepoint    ] Total time for which application threads were stopped: 0.0000850 seconds, Stopping threads took: 0.0000185 seconds
[2019-12-08T12:17:14.264+0000][1][safepoint    ] Application time: 0.0001080 seconds
[2019-12-08T12:17:14.264+0000][1][safepoint    ] Entering safepoint region: RevokeBias
[2019-12-08T12:17:14.264+0000][1][safepoint    ] Leaving safepoint region
[2019-12-08T12:17:14.264+0000][1][safepoint    ] Total time for which application threads were stopped: 0.0000521 seconds, Stopping threads took: 0.0000098 seconds
[2019-12-08T12:17:14.265+0000][1][safepoint    ] Application time: 0.0004118 seconds
[2019-12-08T12:17:14.265+0000][1][safepoint    ] Entering safepoint region: RevokeBias
[2019-12-08T12:17:14.265+0000][1][safepoint    ] Leaving safepoint region
[2019-12-08T12:17:14.265+0000][1][safepoint    ] Total time for which application threads were stopped: 0.0000715 seconds, Stopping threads took: 0.0000136 seconds
[2019-12-08T12:17:14.265+0000][1][safepoint    ] Application time: 0.0003465 seconds
[2019-12-08T12:17:14.265+0000][1][safepoint    ] Entering safepoint region: RevokeBias
[2019-12-08T12:17:14.265+0000][1][safepoint    ] Leaving safepoint region
[2019-12-08T12:17:14.265+0000][1][safepoint    ] Total time for which application threads were stopped: 0.0000797 seconds, Stopping threads took: 0.0000130 seconds
[2019-12-08T12:17:14.281+0000][1][safepoint    ] Application time: 0.0153785 seconds
[2019-12-08T12:17:14.281+0000][1][safepoint    ] Entering safepoint region: RevokeBias
[2019-12-08T12:17:14.281+0000][1][safepoint    ] Leaving safepoint region
[2019-12-08T12:17:14.281+0000][1][safepoint    ] Total time for which application threads were stopped: 0.0001604 seconds, Stopping threads took: 0.0000207 seconds
[2019-12-08T12:17:14.289+0000][1][safepoint    ] Application time: 0.0076123 seconds
[2019-12-08T12:17:14.292+0000][1][safepoint    ] Entering safepoint region: RevokeBias
[2019-12-08T12:17:14.292+0000][1][safepoint    ] Leaving safepoint region
[2019-12-08T12:17:14.292+0000][1][safepoint    ] Total time for which application threads were stopped: 0.0037634 seconds, Stopping threads took: 0.0036638 seconds
[2019-12-08T12:17:14.292+0000][1][safepoint    ] Application time: 0.0001608 seconds
[2019-12-08T12:17:14.293+0000][1][safepoint    ] Entering safepoint region: RevokeBias
[2019-12-08T12:17:14.293+0000][1][safepoint    ] Leaving safepoint region
[2019-12-08T12:17:14.293+0000][1][safepoint    ] Total time for which application threads were stopped: 0.0001023 seconds, Stopping threads took: 0.0000140 seconds
[2019-12-08T12:17:14.293+0000][1][safepoint    ] Application time: 0.0001202 seconds
[2019-12-08T12:17:14.293+0000][1][safepoint    ] Entering safepoint region: RevokeBias
[2019-12-08T12:17:14.293+0000][1][safepoint    ] Leaving safepoint region
[2019-12-08T12:17:14.293+0000][1][safepoint    ] Total time for which application threads were stopped: 0.0000615 seconds, Stopping threads took: 0.0000101 seconds
[2019-12-08T12:17:14.293+0000][1][safepoint    ] Application time: 0.0000993 seconds
[2019-12-08T12:17:14.293+0000][1][safepoint    ] Entering safepoint region: RevokeBias
[2019-12-08T12:17:14.293+0000][1][safepoint    ] Leaving safepoint region
[2019-12-08T12:17:14.293+0000][1][safepoint    ] Total time for which application threads were stopped: 0.0000659 seconds, Stopping threads took: 0.0000104 seconds
[2019-12-08T12:17:14.293+0000][1][safepoint    ] Application time: 0.0000881 seconds
[2019-12-08T12:17:14.293+0000][1][safepoint    ] Entering safepoint region: RevokeBias
[2019-12-08T12:17:14.293+0000][1][safepoint    ] Leaving safepoint region
[2019-12-08T12:17:14.293+0000][1][safepoint    ] Total time for which application threads were stopped: 0.0000612 seconds, Stopping threads took: 0.0000099 seconds
[2019-12-08T12:17:14.293+0000][1][safepoint    ] Application time: 0.0000870 seconds
[2019-12-08T12:17:14.293+0000][1][safepoint    ] Entering safepoint region: RevokeBias
[2019-12-08T12:17:14.293+0000][1][safepoint    ] Leaving safepoint region
[2019-12-08T12:17:14.293+0000][1][safepoint    ] Total time for which application threads were stopped: 0.0000662 seconds, Stopping threads took: 0.0000119 seconds
[2019-12-08T12:17:14.294+0000][1][safepoint    ] Application time: 0.0002019 seconds
[2019-12-08T12:17:14.294+0000][1][safepoint    ] Entering safepoint region: RevokeBias
[2019-12-08T12:17:14.294+0000][1][safepoint    ] Leaving safepoint region
[2019-12-08T12:17:14.294+0000][1][safepoint    ] Total time for which application threads were stopped: 0.0000704 seconds, Stopping threads took: 0.0000127 seconds
[2019-12-08T12:17:14.294+0000][1][safepoint    ] Application time: 0.0000995 seconds
[2019-12-08T12:17:14.294+0000][1][safepoint    ] Entering safepoint region: RevokeBias
[2019-12-08T12:17:14.294+0000][1][safepoint    ] Leaving safepoint region
[2019-12-08T12:17:14.294+0000][1][safepoint    ] Total time for which application threads were stopped: 0.0000641 seconds, Stopping threads took: 0.0000110 seconds
[2019-12-08T12:17:14.295+0000][1][safepoint    ] Application time: 0.0009395 seconds
[2019-12-08T12:17:14.295+0000][1][safepoint    ] Entering safepoint region: RevokeBias
[2019-12-08T12:17:14.295+0000][1][safepoint    ] Leaving safepoint region
[2019-12-08T12:17:14.295+0000][1][safepoint    ] Total time for which application threads were stopped: 0.0000655 seconds, Stopping threads took: 0.0000127 seconds
[2019-12-08T12:17:14.295+0000][1][safepoint    ] Application time: 0.0001434 seconds
[2019-12-08T12:17:14.295+0000][1][safepoint    ] Entering safepoint region: RevokeBias
[2019-12-08T12:17:14.295+0000][1][safepoint    ] Leaving safepoint region
[2019-12-08T12:17:14.295+0000][1][safepoint    ] Total time for which application threads were stopped: 0.0000508 seconds, Stopping threads took: 0.0000104 seconds
[2019-12-08T12:17:14.295+0000][1][safepoint    ] Application time: 0.0000574 seconds
[2019-12-08T12:17:14.295+0000][1][safepoint    ] Entering safepoint region: RevokeBias
[2019-12-08T12:17:14.295+0000][1][safepoint    ] Leaving safepoint region
[2019-12-08T12:17:14.295+0000][1][safepoint    ] Total time for which application threads were stopped: 0.0000449 seconds, Stopping threads took: 0.0000088 seconds
[2019-12-08T12:17:14.295+0000][1][safepoint    ] Application time: 0.0000955 seconds
[2019-12-08T12:17:14.295+0000][1][safepoint    ] Entering safepoint region: RevokeBias
[2019-12-08T12:17:14.295+0000][1][safepoint    ] Leaving safepoint region
[2019-12-08T12:17:14.295+0000][1][safepoint    ] Total time for which application threads were stopped: 0.0000444 seconds, Stopping threads took: 0.0000085 seconds
[2019-12-08T12:17:14.295+0000][1][safepoint    ] Application time: 0.0000513 seconds
[2019-12-08T12:17:14.295+0000][1][safepoint    ] Entering safepoint region: RevokeBias
[2019-12-08T12:17:14.295+0000][1][safepoint    ] Leaving safepoint region
[2019-12-08T12:17:14.295+0000][1][safepoint    ] Total time for which application threads were stopped: 0.0000438 seconds, Stopping threads took: 0.0000085 seconds
[2019-12-08T12:17:14.296+0000][1][safepoint    ] Application time: 0.0003093 seconds
[2019-12-08T12:17:14.296+0000][1][safepoint    ] Entering safepoint region: RevokeBias
[2019-12-08T12:17:14.296+0000][1][safepoint    ] Leaving safepoint region
[2019-12-08T12:17:14.296+0000][1][safepoint    ] Total time for which application threads were stopped: 0.0000682 seconds, Stopping threads took: 0.0000131 seconds
[2019-12-08T12:17:14.296+0000][1][safepoint    ] Application time: 0.0000691 seconds
[2019-12-08T12:17:14.296+0000][1][safepoint    ] Entering safepoint region: RevokeBias
[2019-12-08T12:17:14.296+0000][1][safepoint    ] Leaving safepoint region
[2019-12-08T12:17:14.296+0000][1][safepoint    ] Total time for which application threads were stopped: 0.0000506 seconds, Stopping threads took: 0.0000094 seconds
[2019-12-08T12:17:14.296+0000][1][safepoint    ] Application time: 0.0003905 seconds
[2019-12-08T12:17:14.296+0000][1][safepoint    ] Entering safepoint region: RevokeBias
[2019-12-08T12:17:14.296+0000][1][safepoint    ] Leaving safepoint region
[2019-12-08T12:17:14.296+0000][1][safepoint    ] Total time for which application threads were stopped: 0.0000708 seconds, Stopping threads took: 0.0000139 seconds
[2019-12-08T12:17:14.345+0000][1][safepoint    ] Application time: 0.0489531 seconds
[2019-12-08T12:17:14.345+0000][1][safepoint    ] Entering safepoint region: RevokeBias
[2019-12-08T12:17:14.346+0000][1][safepoint    ] Leaving safepoint region
[2019-12-08T12:17:14.346+0000][1][safepoint    ] Total time for which application threads were stopped: 0.0001593 seconds, Stopping threads took: 0.0000236 seconds
[2019-12-08T12:17:14.348+0000][1][safepoint    ] Application time: 0.0023278 seconds
[2019-12-08T12:17:14.348+0000][1][safepoint    ] Entering safepoint region: RevokeBias
[2019-12-08T12:17:14.348+0000][1][safepoint    ] Leaving safepoint region
[2019-12-08T12:17:14.348+0000][1][safepoint    ] Total time for which application threads were stopped: 0.0005329 seconds, Stopping threads took: 0.0000176 seconds
[2019-12-08T12:17:14.419+0000][1][safepoint    ] Application time: 0.0707501 seconds
[2019-12-08T12:17:14.419+0000][1][safepoint    ] Entering safepoint region: RevokeBias
[2019-12-08T12:17:14.419+0000][1][safepoint    ] Leaving safepoint region
[2019-12-08T12:17:14.419+0000][1][safepoint    ] Total time for which application threads were stopped: 0.0001113 seconds, Stopping threads took: 0.0000217 seconds
[2019-12-08T12:17:14.420+0000][1][safepoint    ] Application time: 0.0004264 seconds
[2019-12-08T12:17:14.420+0000][1][safepoint    ] Entering safepoint region: RevokeBias
[2019-12-08T12:17:14.420+0000][1][safepoint    ] Leaving safepoint region
[2019-12-08T12:17:14.420+0000][1][safepoint    ] Total time for which application threads were stopped: 0.0000788 seconds, Stopping threads took: 0.0000158 seconds
[2019-12-08T12:17:14.420+0000][1][safepoint    ] Application time: 0.0000528 seconds
[2019-12-08T12:17:14.420+0000][1][safepoint    ] Entering safepoint region: RevokeBias
[2019-12-08T12:17:14.420+0000][1][safepoint    ] Leaving safepoint region
[2019-12-08T12:17:14.420+0000][1][safepoint    ] Total time for which application threads were stopped: 0.0000358 seconds, Stopping threads took: 0.0000074 seconds
[2019-12-08T12:17:14.420+0000][1][safepoint    ] Application time: 0.0000439 seconds
[2019-12-08T12:17:14.420+0000][1][safepoint    ] Entering safepoint region: RevokeBias
[2019-12-08T12:17:14.420+0000][1][safepoint    ] Leaving safepoint region
[2019-12-08T12:17:14.420+0000][1][safepoint    ] Total time for which application threads were stopped: 0.0000353 seconds, Stopping threads took: 0.0000071 seconds
[2019-12-08T12:17:14.420+0000][1][safepoint    ] Application time: 0.0001268 seconds
[2019-12-08T12:17:14.420+0000][1][safepoint    ] Entering safepoint region: RevokeBias
[2019-12-08T12:17:14.420+0000][1][safepoint    ] Leaving safepoint region
[2019-12-08T12:17:14.420+0000][1][safepoint    ] Total time for which application threads were stopped: 0.0000484 seconds, Stopping threads took: 0.0000094 seconds
[2019-12-08T12:17:14.420+0000][1][safepoint    ] Application time: 0.0000527 seconds
[2019-12-08T12:17:14.420+0000][1][safepoint    ] Entering safepoint region: RevokeBias
[2019-12-08T12:17:14.420+0000][1][safepoint    ] Leaving safepoint region
[2019-12-08T12:17:14.420+0000][1][safepoint    ] Total time for which application threads were stopped: 0.0000496 seconds, Stopping threads took: 0.0000083 seconds
[2019-12-08T12:17:14.421+0000][1][safepoint    ] Application time: 0.0008703 seconds
[2019-12-08T12:17:14.421+0000][1][safepoint    ] Entering safepoint region: RevokeBias
[2019-12-08T12:17:14.421+0000][1][safepoint    ] Leaving safepoint region
[2019-12-08T12:17:14.421+0000][1][safepoint    ] Total time for which application threads were stopped: 0.0000679 seconds, Stopping threads took: 0.0000143 seconds
[2019-12-08T12:17:14.421+0000][1][safepoint    ] Application time: 0.0000628 seconds
[2019-12-08T12:17:14.421+0000][1][safepoint    ] Entering safepoint region: RevokeBias
[2019-12-08T12:17:14.422+0000][1][safepoint    ] Leaving safepoint region
[2019-12-08T12:17:14.422+0000][1][safepoint    ] Total time for which application threads were stopped: 0.0000520 seconds, Stopping threads took: 0.0000102 seconds
[2019-12-08T12:17:14.422+0000][1][safepoint    ] Application time: 0.0000560 seconds
[2019-12-08T12:17:14.422+0000][1][safepoint    ] Entering safepoint region: RevokeBias
[2019-12-08T12:17:14.422+0000][1][safepoint    ] Leaving safepoint region
[2019-12-08T12:17:14.422+0000][1][safepoint    ] Total time for which application threads were stopped: 0.0000508 seconds, Stopping threads took: 0.0000099 seconds
[2019-12-08T12:17:14.422+0000][1][safepoint    ] Application time: 0.0001006 seconds
[2019-12-08T12:17:14.422+0000][1][safepoint    ] Entering safepoint region: RevokeBias
[2019-12-08T12:17:14.422+0000][1][safepoint    ] Leaving safepoint region
[2019-12-08T12:17:14.422+0000][1][safepoint    ] Total time for which application threads were stopped: 0.0000640 seconds, Stopping threads took: 0.0000294 seconds
[2019-12-08T12:17:14.422+0000][1][safepoint    ] Application time: 0.0000794 seconds
[2019-12-08T12:17:14.422+0000][1][safepoint    ] Entering safepoint region: RevokeBias
[2019-12-08T12:17:14.422+0000][1][safepoint    ] Leaving safepoint region
[2019-12-08T12:17:14.422+0000][1][safepoint    ] Total time for which application threads were stopped: 0.0000443 seconds, Stopping threads took: 0.0000084 seconds
[2019-12-08T12:17:14.422+0000][1][safepoint    ] Application time: 0.0000834 seconds
[2019-12-08T12:17:14.422+0000][1][safepoint    ] Entering safepoint region: RevokeBias
[2019-12-08T12:17:14.422+0000][1][safepoint    ] Leaving safepoint region
[2019-12-08T12:17:14.422+0000][1][safepoint    ] Total time for which application threads were stopped: 0.0000438 seconds, Stopping threads took: 0.0000088 seconds
[2019-12-08T12:17:14.430+0000][1][safepoint    ] Application time: 0.0075626 seconds
[2019-12-08T12:17:14.445+0000][1][safepoint    ] Entering safepoint region: RevokeBias
[2019-12-08T12:17:14.445+0000][1][safepoint    ] Leaving safepoint region
[2019-12-08T12:17:14.445+0000][1][safepoint    ] Total time for which application threads were stopped: 0.0149917 seconds, Stopping threads took: 0.0148357 seconds
[2019-12-08T12:17:14.450+0000][1][safepoint    ] Application time: 0.0054843 seconds
[2019-12-08T12:17:14.450+0000][1][safepoint    ] Entering safepoint region: RevokeBias
[2019-12-08T12:17:14.451+0000][1][safepoint    ] Leaving safepoint region
[2019-12-08T12:17:14.451+0000][1][safepoint    ] Total time for which application threads were stopped: 0.0004659 seconds, Stopping threads took: 0.0000181 seconds
[2019-12-08T12:17:14.452+0000][1][safepoint    ] Application time: 0.0008614 seconds
[2019-12-08T12:17:14.452+0000][1][safepoint    ] Entering safepoint region: RevokeBias
[2019-12-08T12:17:14.452+0000][1][safepoint    ] Leaving safepoint region
[2019-12-08T12:17:14.452+0000][1][safepoint    ] Total time for which application threads were stopped: 0.0001039 seconds, Stopping threads took: 0.0000157 seconds
[2019-12-08T12:17:14.482+0000][1][safepoint    ] Application time: 0.0302682 seconds
[2019-12-08T12:17:14.482+0000][1][safepoint    ] Entering safepoint region: RevokeBias
[2019-12-08T12:17:14.482+0000][1][safepoint    ] Leaving safepoint region
[2019-12-08T12:17:14.482+0000][1][safepoint    ] Total time for which application threads were stopped: 0.0001317 seconds, Stopping threads took: 0.0000204 seconds
[2019-12-08T12:17:14.501+0000][1][safepoint    ] Application time: 0.0183808 seconds
[2019-12-08T12:17:14.508+0000][1][safepoint    ] Entering safepoint region: RevokeBias
[2019-12-08T12:17:14.508+0000][1][safepoint    ] Leaving safepoint region
[2019-12-08T12:17:14.508+0000][1][safepoint    ] Total time for which application threads were stopped: 0.0075372 seconds, Stopping threads took: 0.0074333 seconds
[2019-12-08T12:17:14.612+0000][1][safepoint    ] Application time: 0.1039214 seconds
[2019-12-08T12:17:14.644+0000][1][safepoint    ] Entering safepoint region: RevokeBias
[2019-12-08T12:17:14.644+0000][1][safepoint    ] Leaving safepoint region
[2019-12-08T12:17:14.644+0000][1][safepoint    ] Total time for which application threads were stopped: 0.0319321 seconds, Stopping threads took: 0.0318016 seconds
[2019-12-08T12:17:14.648+0000][1][safepoint    ] Application time: 0.0038265 seconds
[2019-12-08T12:17:14.648+0000][1][safepoint    ] Entering safepoint region: RevokeBias
[2019-12-08T12:17:14.648+0000][1][safepoint    ] Leaving safepoint region
[2019-12-08T12:17:14.648+0000][1][safepoint    ] Total time for which application threads were stopped: 0.0001914 seconds, Stopping threads took: 0.0001248 seconds
[2019-12-08T12:17:14.649+0000][1][safepoint    ] Application time: 0.0005524 seconds
[2019-12-08T12:17:14.649+0000][1][safepoint    ] Entering safepoint region: RevokeBias
[2019-12-08T12:17:14.649+0000][1][safepoint    ] Leaving safepoint region
[2019-12-08T12:17:14.649+0000][1][safepoint    ] Total time for which application threads were stopped: 0.0000724 seconds, Stopping threads took: 0.0000134 seconds
[2019-12-08T12:17:14.655+0000][1][safepoint    ] Application time: 0.0062407 seconds
[2019-12-08T12:17:14.655+0000][1][safepoint    ] Entering safepoint region: RevokeBias
[2019-12-08T12:17:14.655+0000][1][safepoint    ] Leaving safepoint region
[2019-12-08T12:17:14.655+0000][1][safepoint    ] Total time for which application threads were stopped: 0.0000704 seconds, Stopping threads took: 0.0000132 seconds
[2019-12-08T12:17:14.665+0000][1][safepoint    ] Application time: 0.0096505 seconds
[2019-12-08T12:17:14.665+0000][1][safepoint    ] Entering safepoint region: RevokeBias
[2019-12-08T12:17:14.665+0000][1][safepoint    ] Leaving safepoint region
[2019-12-08T12:17:14.665+0000][1][safepoint    ] Total time for which application threads were stopped: 0.0000422 seconds, Stopping threads took: 0.0000102 seconds
[2019-12-08T12:17:14.667+0000][1][safepoint    ] Application time: 0.0020954 seconds
[2019-12-08T12:17:14.667+0000][1][safepoint    ] Entering safepoint region: RevokeBias
[2019-12-08T12:17:14.667+0000][1][safepoint    ] Leaving safepoint region
[2019-12-08T12:17:14.667+0000][1][safepoint    ] Total time for which application threads were stopped: 0.0000365 seconds, Stopping threads took: 0.0000110 seconds
[2019-12-08T12:17:14.668+0000][1][safepoint    ] Application time: 0.0014330 seconds
[2019-12-08T12:17:14.668+0000][1][safepoint    ] Entering safepoint region: RevokeBias
[2019-12-08T12:17:14.668+0000][1][safepoint    ] Leaving safepoint region
[2019-12-08T12:17:14.668+0000][1][safepoint    ] Total time for which application threads were stopped: 0.0000551 seconds, Stopping threads took: 0.0000113 seconds
[2019-12-08T12:17:14.709+0000][1][gc,heap,exit ] Heap
[2019-12-08T12:17:14.709+0000][1][gc,heap,exit ]  par new generation   total 78656K, used 41687K [0x00000000f0000000, 0x00000000f5550000, 0x00000000f5550000)
[2019-12-08T12:17:14.709+0000][1][gc,heap,exit ]   eden space 69952K,  59% used [0x00000000f0000000, 0x00000000f28b3710, 0x00000000f4450000)
[2019-12-08T12:17:14.709+0000][1][gc,heap,exit ]   from space 8704K,   0% used [0x00000000f4450000, 0x00000000f4452850, 0x00000000f4cd0000)
[2019-12-08T12:17:14.709+0000][1][gc,heap,exit ]   to   space 8704K,   0% used [0x00000000f4cd0000, 0x00000000f4cd0000, 0x00000000f5550000)
[2019-12-08T12:17:14.709+0000][1][gc,heap,exit ]  concurrent mark-sweep generation total 174784K, used 70158K [0x00000000f5550000, 0x0000000100000000, 0x0000000100000000)
[2019-12-08T12:17:14.709+0000][1][gc,heap,exit ]  Metaspace       used 69223K, capacity 74365K, committed 74500K, reserved 1112064K
[2019-12-08T12:17:14.709+0000][1][gc,heap,exit ]   class space    used 9339K, capacity 11515K, committed 11560K, reserved 1048576K
[2019-12-08T12:17:14.710+0000][1][safepoint    ] Application time: 0.0411014 seconds
[2019-12-08T12:17:14.710+0000][1][safepoint    ] Entering safepoint region: Exit
